Labgrid Console Logfile for main
Logfile started at 2025-06-09 10:41:21.933234
=== Log starts here ===
reading args
spl_load_image_fat_os: error reading image args, err - -1
reading u-boot.img
reading u-boot.img


U-Boot 2014.04-00014-g47880f5 (Apr 22 2014 - 13:23:54)

I2C:   ready
DRAM:  512 MiB
NAND:  0 MiB
MMC:   OMAP SD/MMC: 0, OMAP SD/MMC: 1
*** Warning - readenv() failed, using default environment

Net:   <ethaddr> not set. Validating first E-fuse MAC
cpsw, usb_ether
Hit any key to stop autoboot:  1  0 
gpio: pin 53 (gpio 53) value is 1
mmc0 is current device
gpio: pin 54 (gpio 54) value is 1
SD/MMC found on device 0
reading uEnv.txt
569 bytes read in 3 ms (184.6 KiB/s)
gpio: pin 55 (gpio 55) value is 1
Loaded environment from uEnv.txt
Importing environment from mmc ...
Checking if uenvcmd is set ...
gpio: pin 56 (gpio 56) value is 1
Running uenvcmd ...
cpsw Waiting for PHY auto negotiation to complete. done
link up on port 0, speed 100, full duplex
Using cpsw device
TFTP from server 192.168.255.126; our IP address is 192.168.255.1
Filename 'zImage'.
Load address: 0x81000000
Loading: *#################################################################
	 #################################################################
	 #################################################################
	 #################################################################
	 #################################################################
	 ##########################################################
	 2.4 MiB/s
done
Bytes transferred = 5618088 (55b9a8 hex)
link up on port 0, speed 100, full duplex
Using cpsw device
TFTP from server 192.168.255.126; our IP address is 192.168.255.1
Filename 'am335x-boneblack.dtb'.
Load address: 0x82000000
Loading: *#######
	 2.3 MiB/s
done
Bytes transferred = 98244 (17fc4 hex)
Kernel image @ 0x81000000 [ 0x000000 - 0x55b9a8 ]
## Flattened Device Tree blob at 82000000
   Booting using the fdt blob at 0x82000000
   Using Device Tree in place at 82000000, end 8201afc3

Starting kernel ...

[    0.000000] Booting Linux on physical CPU 0x0
[    0.000000] Linux version 6.16.0-rc1 (user01@drvtest01) (arm-none-eabi-gcc (Arm GNU Toolchain 14.2.Rel1 (Build arm-14.52)) 14.2.1 20241119, GNU ld (Arm GNU Toolchain 14.2.Rel1 (Build arm-14.52)) 2.43.1.20241119) #1 SMP Mon Jun  9 10:36:22 EEST 2025
[    0.000000] CPU: ARMv7 Processor [413fc082] revision 2 (ARMv7), cr=10c5387d
[    0.000000] CPU: PIPT / VIPT nonaliasing data cache, VIPT aliasing instruction cache
[    0.000000] OF: fdt: Machine model: TI AM335x BeagleBone Black
[    0.000000] Memory policy: Data cache writeback
[    0.000000] cma: Reserved 16 MiB at 0x9e800000
[    0.000000] Zone ranges:
[    0.000000]   Normal   [mem 0x0000000080000000-0x000000009fdfffff]
[    0.000000]   HighMem  empty
[    0.000000] Movable zone start for each node
[    0.000000] Early memory node ranges
[    0.000000]   node   0: [mem 0x0000000080000000-0x000000009fdfffff]
[    0.000000] Initmem setup node 0 [mem 0x0000000080000000-0x000000009fdfffff]
[    0.000000] On node 0, zone Normal: 512 pages in unavailable ranges
[    0.000000] OF: reserved mem: Reserved memory: No reserved-memory node in the DT
[    0.000000] CPU: All CPU(s) started in SVC mode.
[    0.000000] AM335X ES2.1 (sgx neon)
[    0.000000] percpu: Embedded 17 pages/cpu s39820 r8192 d21620 u69632
[    0.000000] Kernel command line: console=ttyO0,115200n8 root=/dev/nfs rw nfsroot=192.168.255.126:/home/user01/nfs,nfsvers=3 ip=192.168.255.1:192.168.255.126::255.255.255.0:bbb1:eth0 nfsrootdebug
[    0.000000] Unknown kernel command line parameters "nfsrootdebug", will be passed to user space.
[    0.000000] printk: log buffer data + meta data: 65536 + 204800 = 270336 bytes
[    0.000000] Dentry cache hash table entries: 65536 (order: 6, 262144 bytes, linear)
[    0.000000] Inode-cache hash table entries: 32768 (order: 5, 131072 bytes, linear)
[    0.000000] Built 1 zonelists, mobility grouping on.  Total pages: 130560
[    0.000000] mem auto-init: stack:off, heap alloc:off, heap free:off
[    0.000000] SLUB: HWalign=16, Order=0-3, MinObjects=0, CPUs=1, Nodes=1
[    0.000000] rcu: Hierarchical RCU implementation.
[    0.000000] rcu: 	RCU event tracing is enabled.
[    0.000000] rcu: 	RCU restricting CPUs from NR_CPUS=2 to nr_cpu_ids=1.
[    0.000000] 	Tracing variant of Tasks RCU enabled.
[    0.000000] rcu: RCU calculated value of scheduler-enlistment delay is 10 jiffies.
[    0.000000] rcu: Adjusting geometry for rcu_fanout_leaf=16, nr_cpu_ids=1
[    0.000000] RCU Tasks Trace: Setting shift to 0 and lim to 1 rcu_task_cb_adjust=1 rcu_task_cpu_ids=1.
[    0.000000] NR_IRQS: 16, nr_irqs: 16, preallocated irqs: 16
[    0.000000] IRQ: Found an INTC at 0x(ptrval) (revision 5.0) with 128 interrupts
[    0.000000] rcu: srcu_init: Setting srcu_struct sizes based on contention.
[    0.000000] TI gptimer clocksource: always-on /ocp/interconnect@44c00000/segment@200000/target-module@31000
[    0.000003] sched_clock: 32 bits at 24MHz, resolution 41ns, wraps every 89478484971ns
[    0.000026] clocksource: dmtimer: mask: 0xffffffff max_cycles: 0xffffffff, max_idle_ns: 79635851949 ns
[    0.000503] TI gptimer clockevent: 24000000 Hz at /ocp/interconnect@48000000/segment@0/target-module@40000
[    0.002126] Console: colour dummy device 80x30
[    0.002193] WARNING: Your 'console=ttyO0' has been replaced by 'ttyS0'
[    0.002201] This ensures that you still see kernel messages. Please
[    0.002205] update your kernel commandline.
[    0.002248] Calibrating delay loop... 996.14 BogoMIPS (lpj=4980736)
[    0.090549] CPU: Testing write buffer coherency: ok
[    0.090660] CPU0: Spectre v2: using BPIALL workaround
[    0.090670] pid_max: default: 32768 minimum: 301
[    0.090825] LSM: initializing lsm=capability
[    0.091002] Mount-cache hash table entries: 1024 (order: 0, 4096 bytes, linear)
[    0.091023] Mountpoint-cache hash table entries: 1024 (order: 0, 4096 bytes, linear)
[    0.092652] CPU0: thread -1, cpu 0, socket -1, mpidr 0
[    0.092710] cacheinfo: Unable to detect cache hierarchy for CPU 0
[    0.094781] Setting up static identity map for 0x80100000 - 0x80100078
[    0.095126] rcu: Hierarchical SRCU implementation.
[    0.095136] rcu: 	Max phase no-delay instances is 1000.
[    0.096883] smp: Bringing up secondary CPUs ...
[    0.096933] smp: Brought up 1 node, 1 CPU
[    0.096946] SMP: Total of 1 processors activated (996.14 BogoMIPS).
[    0.096958] CPU: All CPU(s) started in SVC mode.
[    0.097145] Memory: 480820K/522240K available (11264K kernel code, 1220K rwdata, 2924K rodata, 1024K init, 288K bss, 23388K reserved, 16384K cma-reserved, 0K highmem)
[    0.097979] devtmpfs: initialized
[    0.115231] VFP support v0.3: implementor 41 architecture 3 part 30 variant c rev 3
[    0.115878] clocksource: jiffies: mask: 0xffffffff max_cycles: 0xffffffff, max_idle_ns: 19112604462750000 ns
[    0.115933] posixtimers hash table entries: 512 (order: 0, 4096 bytes, linear)
[    0.115960] futex hash table entries: 256 (16384 bytes on 1 NUMA nodes, total 16 KiB, linear).
[    0.117084] pinctrl core: initialized pinctrl subsystem
[    0.119143] NET: Registered PF_NETLINK/PF_ROUTE protocol family
[    0.122271] DMA: preallocated 256 KiB pool for atomic coherent allocations
[    0.123223] audit: initializing netlink subsys (disabled)
[    0.124594] thermal_sys: Registered thermal governor 'fair_share'
[    0.124610] thermal_sys: Registered thermal governor 'step_wise'
[    0.124619] thermal_sys: Registered thermal governor 'user_space'
[    0.124729] audit: type=2000 audit(0.120:1): state=initialized audit_enabled=0 res=1
[    0.124801] cpuidle: using governor menu
[    0.142763] /ocp/interconnect@44c00000/segment@200000/target-module@b000/i2c@0/tda19988@70: Fixed dependency cycle(s) with /ocp/interconnect@48000000/segment@300000/target-module@e000/lcdc@0
[    0.143877] /ocp/interconnect@48000000/segment@300000/target-module@e000/lcdc@0: Fixed dependency cycle(s) with /ocp/interconnect@44c00000/segment@200000/target-module@b000/i2c@0/tda19988@70
[    0.146069] No ATAGs?
[    0.146110] hw-breakpoint: debug architecture 0x4 unsupported.
[    0.148824] kprobes: kprobe jump-optimization is enabled. All kprobes are optimized if possible.
[    0.154142] iommu: Default domain type: Translated
[    0.154164] iommu: DMA domain TLB invalidation policy: strict mode
[    0.161518] SCSI subsystem initialized
[    0.162388] pps_core: LinuxPPS API ver. 1 registered
[    0.162398] pps_core: Software ver. 5.3.6 - Copyright 2005-2007 Rodolfo Giometti <giometti@linux.it>
[    0.162430] PTP clock support registered
[    0.171078] vgaarb: loaded
[    0.171453] clocksource: Switched to clocksource dmtimer
[    0.172123] VFS: Disk quotas dquot_6.6.0
[    0.172174] VFS: Dquot-cache hash table entries: 1024 (order 0, 4096 bytes)
[    0.197004] NET: Registered PF_INET protocol family
[    0.197359] IP idents hash table entries: 8192 (order: 4, 65536 bytes, linear)
[    0.198798] tcp_listen_portaddr_hash hash table entries: 512 (order: 0, 4096 bytes, linear)
[    0.198836] Table-perturb hash table entries: 65536 (order: 6, 262144 bytes, linear)
[    0.198854] TCP established hash table entries: 4096 (order: 2, 16384 bytes, linear)
[    0.198899] TCP bind hash table entries: 4096 (order: 4, 65536 bytes, linear)
[    0.198997] TCP: Hash tables configured (established 4096 bind 4096)
[    0.199117] UDP hash table entries: 256 (order: 1, 14336 bytes, linear)
[    0.199154] UDP-Lite hash table entries: 256 (order: 1, 14336 bytes, linear)
[    0.199345] NET: Registered PF_UNIX/PF_LOCAL protocol family
[    0.212329] RPC: Registered named UNIX socket transport module.
[    0.212352] RPC: Registered udp transport module.
[    0.212357] RPC: Registered tcp transport module.
[    0.212362] RPC: Registered tcp-with-tls transport module.
[    0.212367] RPC: Registered tcp NFSv4.1 backchannel transport module.
[    0.212391] PCI: CLS 0 bytes, default 64
[    0.213762] Initialise system trusted keyrings
[    0.214558] workingset: timestamp_bits=14 max_order=17 bucket_order=3
[    0.216257] NFS: Registering the id_resolver key type
[    0.216330] Key type id_resolver registered
[    0.216337] Key type id_legacy registered
[    0.216449] jffs2: version 2.2. (NAND) (SUMMARY)  Â© 2001-2006 Red Hat, Inc.
[    0.216928] Key type asymmetric registered
[    0.216942] Asymmetric key parser 'x509' registered
[    0.217018] io scheduler mq-deadline registered
[    0.217028] io scheduler kyber registered
[    0.217099] io scheduler bfq registered
[    0.218979] target-module@4b000000:target-module@140000:pmu@0:fck: device ID is greater than 24
[    0.225165] l3-aon-clkctrl:0000:0: failed to disable
[    0.231826] ledtrig-cpu: registered to indicate activity on CPUs
[    0.234698] Serial: 8250/16550 driver, 6 ports, IRQ sharing enabled
[    0.278811] brd: module loaded
[    0.299157] loop: module loaded
[    0.300103] mtdoops: mtd device (mtddev=name/number) must be supplied
[    0.303393] i2c_dev: i2c /dev entries driver
[    0.304407] cpuidle: enable-method property 'ti,am3352' found operations
 [    0.304856] sdhci: Secure Digital Host Controller Interface driver
[    0.304865] sdhci: Copyright(c) Pierre Ossman
[    0.305051] sdhci-pltfm: SDHCI platform and OF driver helper
[    0.313061] hw perfevents: enabled with armv7_cortex_a8 PMU driver, 5 (8000000f) counters available
[    0.313585] Initializing XFRM netlink socket
[    0.313770] NET: Registered PF_INET6 protocol family
[    0.319439] l3-aon-clkctrl:0000:0: failed to disable
[    0.320906] Segment Routing with IPv6
[    0.320989]  In-situ OAM (IOAM) with IPv6
[    0.321089] sit: IPv6, IPv4 and MPLS over IPv4 tunneling driver
[    0.322264] NET: Registered PF_PACKET protocol family
[    0.322294] NET: Registered PF_KEY protocol family
[    0.322407] Key type dns_resolver registered
[    0.322634] ThumbEE CPU extension supported.
[    0.322654] Registering SWP/SWPB emulation handler
[    0.323187] omap_voltage_late_init: Voltage driver support not added
[    0.323851] SmartReflex Class3 initialized
[    0.361762] Loading compiled-in X.509 certificates
[    0.403490] /ocp/interconnect@44c00000/segment@200000/target-module@b000/i2c@0/tda19988@70: Fixed dependency cycle(s) with /ocp/interconnect@48000000/segment@300000/target-module@e000/lcdc@0
[    0.409876] /ocp/interconnect@44c00000/segment@200000/target-module@b000/i2c@0/tda19988@70: Fixed dependency cycle(s) with /ocp/interconnect@48000000/segment@300000/target-module@e000/lcdc@0
[    0.439476] /ocp/interconnect@44c00000/segment@200000/target-module@b000/i2c@0/tda19988@70: Fixed dependency cycle(s) with /ocp/interconnect@48000000/segment@300000/target-module@e000/lcdc@0
[    0.440359] /ocp/interconnect@44c00000/segment@200000/target-module@b000/i2c@0/tda19988@70: Fixed dependency cycle(s) with /ocp/interconnect@48000000/segment@300000/target-module@e000/lcdc@0
[    0.444166] /ocp/interconnect@44c00000/segment@200000/target-module@10000/scm@0/pinmux@800: Fixed dependency cycle(s) with /ocp/interconnect@44c00000/segment@200000/target-module@10000/scm@0/pinmux@800/clkout2-pins
  0.556813] omap_i2c 4819c000.i2c: bus 2 rev0.11 at 100 kHz
[    0.586840] 48000000.interconnect:segment@200000:target-module@0:mpu@0:fck: device ID is greater than 24
[    0.587741] /ocp/interconnect@48000000/segment@300000/target-module@e000/lcdc@0: Fixed dependency cycle(s) with /ocp/interconnect@44c00000/segment@200000/target-module@b000/i2c@0/tda19988@70
[    0.590564] /ocp/interconnect@48000000/segment@300000/target-module@e000/lcdc@0: Fixed dependency cycle(s) with /ocp/interconnect@44c00000/segment@200000/target-module@b000/i2c@0/tda19988@70
[    0.591273] /ocp/interconnect@44c00000/segment@200000/target-module@b000/i2c@0/tda19988@70: Fixed dependency cycle(s) with /ocp/interconnect@48000000/segment@300000/target-module@e000/lcdc@0
[    0.591630] /ocp/interconnect@48000000/segment@300000/target-module@e000/lcdc@0: Fixed dependency cycle(s) with /ocp/interconnect@44c00000/segment@200000/target-module@b000/i2c@0/tda19988@70
[    0.602901] sdhci-omap 481d8000.mmc: supply pbias not found, using dummy regulator
[    0.603391] sdhci-omap 481d8000.mmc: supply vqmmc not found, using dummy regulator
[    0.651566] davinci_mdio 4a101000.mdio: davinci mdio revision 1.6, bus freq 1000000
[    0.809722] davinci_mdio 4a101000.mdio: phy[0]: device 4a101000.mdio:00, driver SMSC LAN8710/LAN8720
[    0.810487] cpsw-switch 4a100000.switch: initialized cpsw ale version 1.4
[    0.810509] cpsw-switch 4a100000.switch: ALE Table size 1024, Policers 0
[    0.810668] cpsw-switch 4a100000.switch: cpts: overflow check period 500 (jiffies)
[    0.810684] cpsw-switch 4a100000.switch: CPTS: ref_clk_freq:250000000 calc_mult:2147483648 calc_shift:29 error:0 nsec/sec
[    0.810802] cpsw-switch 4a100000.switch: Detected MACID = 6c:ec:eb:68:de:78
[    0.812853] cpsw-switch 4a100000.switch: initialized (regs 0x4a100000, pool size 256) hw_ver:0019010C 1.12 (0)
[    0.823804] debugfs: Directory '49000000.dma' with parent 'dmaengine' already present!
[    0.823846] edma 49000000.dma: TI ED MA DMA engine driver
[    0.878649] 44e09000.serial: ttyS0 at MMIO 0x44e09000 (irq = 34, base_baud = 3000000) is a 8250
[    0.878744] printk: legacy console [ttyS0] enabled
[    2.372465] tps65217-pmic: Failed to locate of_node [id: -1]
[    2.378528] tps65217-bl: Failed to locate of_node [id: -1]
[    2.384583] platform tps65217-charger: DMA mask not set
[    2.390631] platform tps65217-pwrbutton: DMA mask not set
[    2.397991] tps65217 0-0024: TPS65217 ID 0xe version 1.2
[    2.404131] /ocp/in terconnect@48000000/segment@300000/target-module@e000/lcdc@0: Fixed dependency cycle(s) with /ocp/interconnect@44c00000/segment@200000/target-module@b000/i2c@0/tda19988@70
[    2.421557] /ocp/interconnect@44c00000/segment@200000/target-module@b000/i2c@0/tda19988@70: Fixed dependency cycle(s) with /ocp/interconnect@48000000/segment@300000/target-module@e000/lcdc@0
[    2.438895] omap_i2c 44e0b000.i2c: bus 0 rev0.11 at 400 kHz
[    2.446778] omap_gpio 44e07000.gpio: Could not set line 6 debounce to 200000 microseconds (-22)
[    2.455714] sdhci-omap 48060000.mmc: Got CD GPIO
[    2.460726] sdhci-omap 48060000.mmc: supply pbias not found, using dummy regulator
[    2.470698] sdhci-omap 48060000.mmc: supply vqmmc not found, using dummy regulator
[    2.479953] sdhci-omap 481d8000.mmc: supply pbias not found, using dummy regulator
[    2.489698] sdhci-omap 481d8000.mmc: supply vqmmc not found, using dummy regulator
[    2.525411] mmc0: SDHCI controller on 48060000.mmc [48060000.mmc] using External DMA
[    2.533734] mmc1: SDHCI controller on 481d8000.mmc [481d8000.mmc] using External DMA
[    2.542501] cpsw-switch 4a100000.switch: starting ndev. mode: dual_mac
[    2.590610] mmc0: new high speed SDHC card at address 5048
[    2.597656] mmcblk0: mmc0:5048 SD16G 14.4 GiB
[    2.605940]  mmcblk0: p1 p2
[    2.609331] mmcblk0: p2 size 31221760 extends beyond EOD, truncated
[    2.622759] SMSC LAN8710/LAN8720 4a101000.mdio:00: attached PHY driver (mii_bus:phy_addr=4a101000.mdio:00, irq=POLL)
[    2.633744]:0001 MMC04G 128 KiB, chardev (249:0)
[    5.762235] cpsw-switch 4a100000.switch eth0: Link is Up - 100Mbps/Full - flow control off
[    5.801711] IP-Config: Complete:
[    5.804986]      device=eth0, hwaddr=6c:ec:eb:68:de:78, ipaddr=192.168.255.1, mask=255.255.255.0, gw=255.255.255.255
[    5.815644]      host=bbb1, domain=, nis-domain=(none)
[    5.820813]      bootserver=192.168.255.126, rootserver=192.168.255.126, rootpath=
[    5.821251] clk: Disabling unused clocks
[    5.833092] PM: genpd: Disabling unused power domains
[    5.838208] KTAP version 1
[    5.840929] 1..0
[    5.865650] VFS: Mounted root (nfs filesystem) on device 0:17.
[    5.872747] devtmpfs: mounted
[    5.877251] Freeing unused kernel image (initmem) memory: 1024K
[    5.884158] Run /sbin/init as init process
[    6.572330] systemd[1]: System time before build time, advancing clock.
[    8.021475] random: crng init done
[    8.034085] systemd[1]: systemd 232 running in system mode. (+PAM +AUDIT +SELINUX +IMA +APPARMOR +SMACK +SYSVINIT +UTMP +LIBCRYPTSETUP +GCRYPT +GNUTLS +ACL +XZ +LZ4 +SECCOMP +BLKID +ELFUTILS +KMOD +IDN)
[    8.053177] systemd[1]: Detected architecture arm.

Welcome to [1mDebian GNU/Linux 9 (stretch)[0m!

[    8.084676] systemd[1]: Set hostname to <arm>.
[    9.165749] systemd[1]: Set up automount Arbitrary Executable File Formats File System Automount Point.
[[0;32m  OK  [0m] Set up automount Arbitrary Executabâ€¦rmats File System Automount Point.
[    9.202625] systemd[1]: Started Dispatch Password Requests to Console Directory Watch.
[[0;32m  OK  [0m] Started Dispatch Password Requests to Console Directory Watch.
[    9.233121] systemd[1]: Created slice System Slice.
[[0;32m  OK  [0m] Created slice System Slice.
[    9.261944] systemd[1]: dev-hugepages.mount: Couldn't determine result for ConditionVirtualization=!private-users, assuming failed: No such file or directory
[    9.277575] systemd[1]: Created slice system-serial\x2dgetty.slice.
[[0;32m  OK  [0m] Created slice system-serial\x2dgetty.slice.
[    9.302900] systemd[1]: Created slice system-getty.slice.
[[0;32m  OK  [0m] Created slice system-getty.slice.
[    9.332331] systemd[1]: Started Forward Password Requests to Wall Directory Watch.
[[0;32m  OK  [0m] Started Forward Password Requests to Wall Directory Watch.
[[0;32m  OK  [0m] Reached target Encrypted Volumes.
[[0;32m  OK  [0m] Listening on Journal Audit Socket.
[[0;32m  OK  [0m] Reached target Swap.
[[0;32m  OK  [0m] Listening on Journal Socket (/dev/log).
[[0;32m  OK  [0m] Listening on Journal Socket.
         Starting Create list of required stâ€¦ce nodes for the current kernel...
         Starting Load Kernel Modules...
[[0;32m  OK  [0m] Listening on udev Control Socket.
[[0;32m  OK  [0m] Listening on udev Kernel Socket.
         Mounting Debug File System...
[[0;32m  OK  [0m] Listening on /dev/initctl Compatibility Named Pipe.
[[0;32m  OK  [0m] Reached target Remote File Systems.
         Starting Remount Root and Kernel File Systems...
[[0;32m  OK  [0m] Created slice User and Session Slice.
[[0;32m  OK  [0m] Reached target Slices.
         Mounting POSIX Message Queue File System...
[[0;32m  OK  [0m] Listening on Syslog Socket.
         Starting Journal Service...
[[0;32m  OK  [0m] Reached target Paths.
[[0;32m  OK  [0m] Mounted Debug File System.
[[0;32m  OK  [0m] Started Create list of required staâ€¦vice nodes for the current kernel.
[[0;32m  OK  [0m] Started Load Kernel Modules.
[[0;32m  OK  [0m] Mounted POSIX Message Queue File System.
[[0;32m  OK  [0m] Started Remount Root and Kernel File Systems.
         Starting udev Coldplug all Devices...
         Starting Load/Save Random Seed...
         Mounting Configuration File System...
         Starting Apply Kernel Variables...
         Starting Create Static Device Nodes in /dev...
[[0;32m  OK  [0m] Mounted Configuration File System.
[[0;32m  OK  [0m] Started Load/Save Random Seed.
[[0;32m  OK  [0m] Started Apply Kernel Variables.
[[0;32m  OK  [0m] Started Create Static Device Nodes in /dev.
[[0;32m  OK  [0m] Reached target Local File Systems (Pre).
[[0;32m  OK  [0m] Reached target Local File Systems.
         Starting Raise network interfaces...
         Starting udev Kernel Device Manager...
[[0;32m  OK  [0m] Started Journal Service.
         Starting Flush Journal to Persistent Storage...
[   11.649932] systemd-journald[87]: Received request to flush runtime journal from PID 1
[[0;32m  OK  [0m] Started Flush Journal to Persistent Storage.
         Starting Create Volatile Files and Directories...
[[0;32m  OK  [0m] Started udev Kernel Device Manager.
[[0;32m  OK  [0m] Started Create Volatile Files and Directories.
         Starting Network Time Synchronization...
         Starting Update UTMP about System Boot/Shutdown...
[[0;32m  OK  [0m] Started udev Coldplug all Devices.
[[0;32m  OK  [0m] Started Update UTMP about System Boot/Shutdown.
[   14.454333] remoteproc remoteproc0: wkup_m3 is available
[   14.703918] omap_wdt: OMAP Watchdog Timer Rev 0x01: initial timeout 60 sec
[   14.757509] at24 2-0054: supply vcc not found, using dummy regulator
[   14.860394] at24 2-0055: supply vcc not found, using dummy regulator
[   14.880912] am335x-phy-driver 47401300.usb-phy: dummy supplies not allowed for exclusive requests (id=vbus)
[   14.990914] at24 2-0056: supply vcc not found, using dummy regulator
[   15.075430] am335x-phy-driver 47401b00.usb-phy: dummy supplies not allowed for exclusive requests (id=vbus)
[   15.099153] at24 2-0057: supply vcc not found, using dummy regulator
[   15.189340] input: tps65217_pwrbutton as /devices/platform/ocp/44c00000.interconnect/44c00000.interconnect:segment@200000/44e0b000.target-module/44e0b000.i2c/i2c-0/0-0024/tps65217-pwrbutton/input/input0
[[0;32m  OK  [0m] Found device /dev/ttyS0.
[   15.228734] at24 0-0050: 32768 byte 24c256 EEPROM, writable, 1 bytes/write
[   15.442502] omap_rtc 44e3e000.rtc: registered as rtc0
[   15.447725] omap_rtc 44e3e000.rtc: setting system clock to 2000-01-01T00:00:00 UTC (946684800)
[[0;32m  OK  [0m] Started Network Time Synchronization.
[[0;32m  OK  [0m] Reached target System Time Synchronized.
[[0;32m  OK  [0m] Reached target System Initialization.
[   16.190847] usbcore: registered new interface driver usbfs
[   16.196748] usbcore: registered new interface driver hub
[   16.202318] usbcore: registered new device driver usb
[[0;32m  OK  [0m] Started Daily apt download activities.
[[0;32m  OK  [0m] Listening on Avahi mDNS/DNS-SD Stack Activation Socket.
[[0;32m  OK  [0m] Started Daily apt upgrade and clean activities.
[[0;32m  OK  [0m] Listening on D-Bus System Message Bus Socket.
[[0;32m  OK  [0m] Reached target Sockets.
[[0;32m  OK  [0m] Reached target Basic System.
         Starting Generic Board Startup...
         Starting System Logging Service...
[   16.944928] omap-mailbox 480c8000.mailbox: omap mailbox rev 0x400
[[0;32m  OK  [0m] Started Regular background program processin[   17.028083] remoteproc remoteproc0: powering up wkup_m3
g daemon.
[   17.137762] musb-hdrc musb-hdrc.1: MUSB HDRC host driver
[   17.143589] musb-hdrc musb-hdrc.1: new USB bus registered, assigned bus number 1
[   17.285193] usb usb1: New USB device found, idVendor=1d6b, idProduct=0002, bcdDevice= 6.16
[   17.295000] usb usb1: New USB device strings: Mfr=3, Product=2, SerialNumber=1
[   17.302428] usb usb1: Product: MUSB HDRC host driver
[   17.307425] usb usb1: Manufacturer: Linux 6.16.0-rc1 musb-hcd
[   17.313263] usb usb1: SerialNumber: musb-hdrc.1
[   17.321922] remoteproc remoteproc0: Direct firmware load for am335x-pm-firmware.elf failed with error -2
[   17.331744] remoteproc remoteproc0: request_firmware failed: -2
[   17.337710] wkup_m3_ipc 44e11324.wkup_m3_ipc: rproc_boot failed
         Starting LSB: Start busybox udhcpd at boot time...
         Starting Cape Manager Service...
         Starting DUN service...
[   17.763916] tda998x 0-0070: found TDA19988
         Starting Avahi mDNS/DNS-SD Stack...
         Starting Login Service...
[   17.910300] hub 1-0:1.0: USB hub found
[   17.986425] hub 1-0:1.0: 1 port detected
[[0;32m  OK  [0m] Started D-Bus System Message Bus.
[   19.362662] omap_rng 48310000.rng: Random Number Generator ver. 20
[   19.625523] tilcdc 4830e000.lcdc: bound 0-0070 (ops tda998x_audio_codec_init [tda998x])
[   19.785793] [drm] Initialized tilcdc 1.0.0 for 4830e000.lcdc on minor 0
[   19.900121] tilcdc 4830e000.lcdc: [drm] Cannot find any crtc or sizes
[   19.908829] tilcdc 4830e000.lcdc: [drm] Cannot find any crtc or sizes
[   21.237483] omap-sham 53100000.sham: hw accel on OMAP rev 4.3
[   21.256778] PM: Cannot get wkup_m3_ipc handle
[   21.355306] omap-sham 53100000.sham: will run requests pump with realtime priority
[   21.365825] PM: Cannot get wkup_m3_ipc handle
[   21.414883] omap-aes 53500000.aes: OMAP AES hw accel rev: 3.2
[   21.551924] omap-aes 53500000.aes: will run requests pump with realtime priority
[   21.560340] PM: Cannot get wkup_m3_ipc handle
[[0;32m  OK  [0m] Started Avahi mDNS/DNS-SD Stack.
[[0;32m  OK  [0m] Started DUN service.
         Starting Connection service...
         Starting LSB: Load kernel modules needed to enable cpufreq scaling...
         Starting Telephony service...
[[0;32m  OK  [0m] Started Daily Cleanup of Temporary Directories.
[[0;32m  OK  [0m] Reached target Timers.
[[0;32m  OK  [0m] Started System Logging Service.
[[0;32m  OK  [0m] Started Cape Manager Service.
[   24.975776] Bluetooth: Core ver 2.22
[   24.979605] NET: Registered PF_BLUETOOTH protocol family
[   24.985197] Bluetooth: HCI device and connection manager initialized
[   24.991691] Bluetooth: HCI socket layer initialized
[   24.996606] Bluetooth: L2CAP socket layer initialized
[   25.001755] Bluetooth: SCO socket layer initialized
[   25.114987] PM: Cannot get wkup_m3_ipc handle
[   25.194210] gpio-537 (nxp,calib): gpiod_direction_output_nonotify: tried to set a GPIO tied to an IRQ as output
[   25.225102] PM: Cannot get wkup_m3_ipc handle
[   25.439164] tda9950 0-0034: TDA9950 CEC interface, hardware version 3.3
[   25.503499] PM: Cannot get wkup_m3_ipc handle
[[0;32m  OK  [0m] Started LSB: Start busybox udhcpd at boot time.
[[0;32m  OK  [0m] Started Raise network interfaces.
[   27.975615] configfs-gadget.g_multi gadget.0: HOST MAC 1c:ba:8c:a2:ed:6c
[   27.982627] configfs-gadget.g_multi gadget.0: MAC 1c:ba:8c:a2:ed:70
[   27.989938] configfs-gadget.g_multi gadget.0: HOST MAC 1c:ba:8c:a2:ed:6c
[   27.996800] configfs-gadget.g_multi gadget.0: MAC 1c:ba:8c:a2:ed:6d
[   28.008951] PM: Cannot get wkup_m3_ipc handle
[[0;32m  OK  [0m] Started LSB: Load kernel modules needed to enable cpufreq scaling.
[[0;32m  OK  [0m] Started Telephony service.
[[0;32m  OK  [0m] Started Connection service.
[[0;32m  OK  [0m] Started Login Service.
[[0;32m  OK  [0m] Reached target Sound Card.
         Starting LSB: set CPUFreq kernel parameters...
[[0;32m  OK  [0m] Reached target Network.
         Starting The Apache HTTP Server...
         Starting OpenBSD Secure Shell server...
         Starting Permit User Sessions...
[[0;32m  OK  [0m] Reached target Network is Online.
         Starting LSB: Advanced IEEE 802.11 management daemon...
[[0;32m  OK  [0m] Started LSB: Advanced IEEE 802.11 management daemon.
[[0;32m  OK  [0m] Started Permit User Sessions.
         Starting Hostname Service...
         Starting WPA supplicant...
[[0;32m  OK  [0m] Started Getty on tty1.
[[0;32m  OK  [0m] Started Serial Getty on ttyS0.
[[0;32m  OK  [0m] Reached target Login Prompts.
[[0;32m  OK  [0m] Started LSB: set CPUFreq kernel parameters.
[[0;32m  OK  [0m] Started WPA supplicant.
[[0;32m  OK  [0m] Started Hostname Service.
         Stopping LSB: Start busybox udhcpd at boot time...
[[0;32m  OK  [0m] Started OpenBSD Secure Shell server.
[[0;32m  OK  [0m] Stopped LSB: Start busybox udhcpd at boot time.
         Starting dnsmasq - A lightweight DHCP and caching DNS server...
[[0;32m  OK  [0m] Started The Apache HTTP Server.
[[0;32m  OK  [0m] Started dnsmasq - A lightweight DHCP and caching DNS server.
[[0;32m  OK  [0m] Reached target Host and Network Name Lookups.
[[0;32m  OK  [0m] Started Serial Getty on ttyGS0.
[[0;32m  OK  [0m] Started Generic Board Startup.
[[0;32m  OK  [0m] Reached target Multi-User System.
[[0;32m  OK  [0m] Reached target Graphical Interface.
         Starting Update UTMP about System Runlevel Changes...
[[0;32m  OK  [0m] Started Update UTMP about System Runlevel Changes.

Debian GNU/Linux 9 arm ttyS0

default username:password is [debian:temppwd]

arm login: root
Password: 
Last login: Sat Dec  9 19:10:30 UTC 2017 on ttyS0
root
Linux arm 6.16.0-rc1 #1 SMP Mon Jun  9 10:36:22 EEST 2025 armv7l

The programs included with the Debian GNU/Linux system are free software;
the exact distribution terms for each program are described in the
individual files in /usr/share/doc/*/copyright.

Debian GNU/Linux comes with ABSOLUTELY NO WARRANTY, to the extent
permitted by applicable law.
root@arm:~# root
dmesg -n 1
-bash: root: command not found
root@arm:~# dmesg -n 1
root@arm:~# echo 'KTTU''BAVWNJ'
KTTUBAVWNJ
root@arm:~# run() { echo -n "$MARKER"; sh -c "$@"; echo "$MARKER $?"; }
root@arm:~# echo 'BWBM''GKSSWQ'
BWBMGKSSWQ
root@arm:~# MARKER='BCQV''BMXCZM' run 'cat /proc/version'
BCQVBMXCZMLinux version 6.16.0-rc1 (user01@drvtest01) (arm-none-eabi-gcc (Arm GNU Toolchain 14.2.Rel1 (Build arm-14.52)) 14.2.1 20241119, GNU ld (Arm GNU Toolchain 14.2.Rel1 (Build arm-14.52)) 2.43.1.20241119) #1 SMP Mon Jun  9 10:36:22 EEST 2025
BCQVBMXCZM 0
root@arm:~# echo 'BPPL''LLAFOF'
BPPLLLAFOF
root@arm:~# MARKER='QANT''OVKJYU' run false
QANTOVKJYUQANTOVKJYU 1
root@arm:~# Labgrid Console Logfile for main
Logfile started at 2025-06-09 10:42:24.025503
=== Log starts here ===

root@arm:~# run() { echo -n "$MARKER"; sh -c "$@"; echo "$MARKER $?"; }
root@arm:~# echo 'WGWH''VULQPZ'
WGWHVULQPZ
root@arm:~# MARKER='NMOL''OCTWME' run 'ls /iio_generic_buffer; echo $?'
NMOLOCTWME/iio_generic_buffer
0
NMOLOCTWME 0
root@arm:~# Labgrid Console Logfile for main
Logfile started at 2025-06-09 10:42:27.502349
=== Log starts here ===

root@arm:~# run() { echo -n "$MARKER"; sh -c "$@"; echo "$MARKER $?"; }
root@arm:~# echo 'ATNO''CHELGX'
ATNOCHELGX
root@arm:~# MARKER='PJEQ''VZWKLL' run dmesg
PJEQVZWKLL[    0.000000] Booting Linux on physical CPU 0x0
[    0.000000] Linux version 6.16.0-rc1 (user01@drvtest01) (arm-none-eabi-gcc (Arm GNU Toolchain 14.2.Rel1 (Build arm-14.52)) 14.2.1 20241119, GNU ld (Arm GNU Toolchain 14.2.Rel1 (Build arm-14.52)) 2.43.1.20241119) #1 SMP Mon Jun  9 10:36:22 EEST 2025
[    0.000000] CPU: ARMv7 Processor [413fc082] revision 2 (ARMv7), cr=10c5387d
[    0.000000] CPU: PIPT / VIPT nonaliasing data cache, VIPT aliasing instruction cache
[    0.000000] OF: fdt: Machine model: TI AM335x BeagleBone Black
[    0.000000] Memory policy: Data cache writeback
[    0.000000] cma: Reserved 16 MiB at 0x9e800000
[    0.000000] Zone ranges:
[    0.000000]   Normal   [mem 0x0000000080000000-0x000000009fdfffff]
[    0.000000]   HighMem  empty
[    0.000000] Movable zone start for each node
[    0.000000] Early memory node ranges
[    0.000000]   node   0: [mem 0x0000000080000000-0x000000009fdfffff]
[    0.000000] Initmem setup node 0 [mem 0x0000000080000000-0x000000009fdfffff]
[    0.000000] On node 0, zone Normal: 512 pages in unavailable ranges
[    0.000000] OF: reserved mem: Reserved memory: No reserved-memory node in the DT
[    0.000000] CPU: All CPU(s) started in SVC mode.
[    0.000000] AM335X ES2.1 (sgx neon)
[    0.000000] percpu: Embedded 17 pages/cpu s39820 r8192 d21620 u69632
[    0.000000] pcpu-alloc: s39820 r8192 d21620 u69632 alloc=17*4096
[    0.000000] pcpu-alloc: [0] 0 
[    0.000000] Kernel command line: console=ttyO0,115200n8 root=/dev/nfs rw nfsroot=192.168.255.126:/home/user01/nfs,nfsvers=3 ip=192.168.255.1:192.168.255.126::255.255.255.0:bbb1:eth0 nfsrootdebug
[    0.000000] Unknown kernel command line parameters "nfsrootdebug", will be passed to user space.
[    0.000000] printk: log buffer data + meta data: 65536 + 204800 = 270336 bytes
[    0.000000] Dentry cache hash table entries: 65536 (order: 6, 262144 bytes, linear)
[    0.000000] Inode-cache hash table entries: 32768 (order: 5, 131072 bytes, linear)
[    0.000000] Built 1 zonelists, mobility grouping on.  Total pages: 130560
[    0.000000] mem auto-init: stack:off, heap alloc:off, heap free:off
[    0.000000] SLUB: HWalign=16, Order=0-3, MinObjects=0, CPUs=1, Nodes=1
[    0.000000] rcu: Hierarchical RCU implementation.
[    0.000000] rcu: 	RCU event tracing is enabled.
[    0.000000] rcu: 	RCU restricting CPUs from NR_CPUS=2 to nr_cpu_ids=1.
[    0.000000] 	Tracing variant of Tasks RCU enabled.
[    0.000000] rcu: RCU calculated value of scheduler-enlistment delay is 10 jiffies.
[    0.000000] rcu: Adjusting geometry for rcu_fanout_leaf=16, nr_cpu_ids=1
[    0.000000] RCU Tasks Trace: Setting shift to 0 and lim to 1 rcu_task_cb_adjust=1 rcu_task_cpu_ids=1.
[    0.000000] NR_IRQS: 16, nr_irqs: 16, preallocated irqs: 16
[    0.000000] IRQ: Found an INTC at 0x(ptrval) (revision 5.0) with 128 interrupts
[    0.000000] rcu: srcu_init: Setting srcu_struct sizes based on contention.
[    0.000000] TI gptimer clocksource: always-on /ocp/interconnect@44c00000/segment@200000/target-module@31000
[    0.000003] sched_clock: 32 bits at 24MHz, resolution 41ns, wraps every 89478484971ns
[    0.000026] clocksource: dmtimer: mask: 0xffffffff max_cycles: 0xffffffff, max_idle_ns: 79635851949 ns
[    0.000503] TI gptimer clockevent: 24000000 Hz at /ocp/interconnect@48000000/segment@0/target-module@40000
[    0.002126] Console: colour dummy device 80x30
[    0.002193] WARNING: Your 'console=ttyO0' has been replaced by 'ttyS0'
[    0.002201] This ensures that you still see kernel messages. Please
[    0.002205] update your kernel commandline.
[    0.002248] Calibrating delay loop... 996.14 BogoMIPS (lpj=4980736)
[    0.090549] CPU: Testing write buffer coherency: ok
[    0.090660] CPU0: Spectre v2: using BPIALL workaround
[    0.090670] pid_max: default: 32768 minimum: 301
[    0.090825] LSM: initializing lsm=capability
[    0.091002] Mount-cache hash table entries: 1024 (order: 0, 4096 bytes, linear)
[    0.091023] Mountpoint-cache hash table entries: 1024 (order: 0, 4096 bytes, linear)
[    0.092652] CPU0: thread -1, cpu 0, socket -1, mpidr 0
[    0.092710] cacheinfo: Unable to detect cache hierarchy for CPU 0
[    0.094781] Setting up static identity map for 0x80100000 - 0x80100078
[    0.095126] rcu: Hierarchical SRCU implementation.
[    0.095136] rcu: 	Max phase no-delay instances is 1000.
[    0.096883] smp: Bringing up secondary CPUs ...
[    0.096933] smp: Brought up 1 node, 1 CPU
[    0.096946] SMP: Total of 1 processors activated (996.14 BogoMIPS).
[    0.096958] CPU: All CPU(s) started in SVC mode.
[    0.097145] Memory: 480820K/522240K available (11264K kernel code, 1220K rwdata, 2924K rodata, 1024K init, 288K bss, 23388K reserved, 16384K cma-reserved, 0K highmem)
[    0.097979] devtmpfs: initialized
[    0.115231] VFP support v0.3: implementor 41 architecture 3 part 30 variant c rev 3
[    0.115878] clocksource: jiffies: mask: 0xffffffff max_cycles: 0xffffffff, max_idle_ns: 19112604462750000 ns
[    0.115933] posixtimers hash table entries: 512 (order: 0, 4096 bytes, linear)
[    0.115960] futex hash table entries: 256 (16384 bytes on 1 NUMA nodes, total 16 KiB, linear).
[    0.117084] pinctrl core: initialized pinctrl subsystem
[    0.119143] NET: Registered PF_NETLINK/PF_ROUTE protocol family
[    0.122271] DMA: preallocated 256 KiB pool for atomic coherent allocations
[    0.123223] audit: initializing netlink subsys (disabled)
[    0.124594] thermal_sys: Registered thermal governor 'fair_share'
[    0.124610] thermal_sys: Registered thermal governor 'step_wise'
[    0.124619] thermal_sys: Registered thermal governor 'user_space'
[    0.124729] audit: type=2000 audit(0.120:1): state=initialized audit_enabled=0 res=1
[    0.124801] cpuidle: using governor menu
[    0.142763] /ocp/interconnect@44c00000/segment@200000/target-module@b000/i2c@0/tda19988@70: Fixed dependency cycle(s) with /ocp/interconnect@48000000/segment@300000/target-module@e000/lcdc@0
[    0.143877] /ocp/interconnect@48000000/segment@300000/target-module@e000/lcdc@0: Fixed dependency cycle(s) with /ocp/interconnect@44c00000/segment@200000/target-module@b000/i2c@0/tda19988@70
[    0.146069] No ATAGs?
[    0.146110] hw-breakpoint: debug architecture 0x4 unsupported.
[    0.148824] kprobes: kprobe jump-optimization is enabled. All kprobes are optimized if possible.
[    0.154142] iommu: Default domain type: Translated
[    0.154164] iommu: DMA domain TLB invalidation policy: strict mode
[    0.155742] reg-fixed-voltage fixedregulator0: using DT '/fixedregulator0' for '(default)' GPIO lookup
[    0.155796] of_get_named_gpiod_flags: can't parse 'gpios' property of node '/fixedregulator0[0]'
[    0.155823] of_get_named_gpiod_flags: can't parse 'gpio' property of node '/fixedregulator0[0]'
[    0.155841] reg-fixed-voltage fixedregulator0: using lookup tables for GPIO lookup
[    0.155850] reg-fixed-voltage fixedregulator0: No GPIO consumer (default) found
[    0.161518] SCSI subsystem initialized
[    0.162022] libata version 3.00 loaded.
[    0.162388] pps_core: LinuxPPS API ver. 1 registered
[    0.162398] pps_core: Software ver. 5.3.6 - Copyright 2005-2007 Rodolfo Giometti <giometti@linux.it>
[    0.162430] PTP clock support registered
[    0.171078] vgaarb: loaded
[    0.171453] clocksource: Switched to clocksource dmtimer
[    0.172123] VFS: Disk quotas dquot_6.6.0
[    0.172174] VFS: Dquot-cache hash table entries: 1024 (order 0, 4096 bytes)
[    0.197004] NET: Registered PF_INET protocol family
[    0.197359] IP idents hash table entries: 8192 (order: 4, 65536 bytes, linear)
[    0.198798] tcp_listen_portaddr_hash hash table entries: 512 (order: 0, 4096 bytes, linear)
[    0.198836] Table-perturb hash table entries: 65536 (order: 6, 262144 bytes, linear)
[    0.198854] TCP established hash table entries: 4096 (order: 2, 16384 bytes, linear)
[    0.198899] TCP bind hash table entries: 4096 (order: 4, 65536 bytes, linear)
[    0.198997] TCP: Hash tables configured (established 4096 bind 4096)
[    0.199117] UDP hash table entries: 256 (order: 1, 14336 bytes, linear)
[    0.199154] UDP-Lite hash table entries: 256 (order: 1, 14336 bytes, linear)
[    0.199345] NET: Registered PF_UNIX/PF_LOCAL protocol family
[    0.212329] RPC: Registered named UNIX socket transport module.
[    0.212352] RPC: Registered udp transport module.
[    0.212357] RPC: Registered tcp transport module.
[    0.212362] RPC: Registered tcp-with-tls transport module.
[    0.212367] RPC: Registered tcp NFSv4.1 backchannel transport module.
[    0.212391] PCI: CLS 0 bytes, default 64
[    0.213762] Initialise system trusted keyrings
[    0.214558] workingset: timestamp_bits=14 max_order=17 bucket_order=3
[    0.216257] NFS: Registering the id_resolver key type
[    0.216330] Key type id_resolver registered
[    0.216337] Key type id_legacy registered
[    0.216449] jffs2: version 2.2. (NAND) (SUMMARY)  Â© 2001-2006 Red Hat, Inc.
[    0.216928] Key type asymmetric registered
[    0.216942] Asymmetric key parser 'x509' registered
[    0.217018] io scheduler mq-deadline registered
[    0.217028] io scheduler kyber registered
[    0.217099] io scheduler bfq registered
[    0.218979] target-module@4b000000:target-module@140000:pmu@0:fck: device ID is greater than 24
[    0.225165] l3-aon-clkctrl:0000:0: failed to disable
[    0.231826] ledtrig-cpu: registered to indicate activity on CPUs
[    0.234698] Serial: 8250/16550 driver, 6 ports, IRQ sharing enabled
[    0.278811] brd: module loaded
[    0.299157] loop: module loaded
[    0.300103] mtdoops: mtd device (mtddev=name/number) must be supplied
[    0.301979] mdio_bus fixed-0: using lookup tables for GPIO lookup
[    0.302004] mdio_bus fixed-0: No GPIO consumer reset found
[    0.303393] i2c_dev: i2c /dev entries driver
[    0.304407] cpuidle: enable-method property 'ti,am3352' found operations
[    0.304856] sdhci: Secure Digital Host Controller Interface driver
[    0.304865] sdhci: Copyright(c) Pierre Ossman
[    0.305051] sdhci-pltfm: SDHCI platform and OF driver helper
[    0.313061] hw perfevents: enabled with armv7_cortex_a8 PMU driver, 5 (8000000f) counters available
[    0.313585] Initializing XFRM netlink socket
[    0.313770] NET: Registered PF_INET6 protocol family
[    0.319439] l3-aon-clkctrl:0000:0: failed to disable
[    0.320906] Segment Routing with IPv6
[    0.320989] In-situ OAM (IOAM) with IPv6
[    0.321089] sit: IPv6, IPv4 and MPLS over IPv4 tunneling driver
[    0.322264] NET: Registered PF_PACKET protocol family
[    0.322294] NET: Registered PF_KEY protocol family
[    0.322407] Key type dns_resolver registered
[    0.322634] ThumbEE CPU extension supported.
[    0.322654] Registering SWP/SWPB emulation handler
[    0.323187] omap_voltage_late_init: Voltage driver support not added
[    0.323851] SmartReflex Class3 initialized
[    0.361762] Loading compiled-in X.509 certificates
[    0.403490] /ocp/interconnect@44c00000/segment@200000/target-module@b000/i2c@0/tda19988@70: Fixed dependency cycle(s) with /ocp/interconnect@48000000/segment@300000/target-module@e000/lcdc@0
[    0.409876] /ocp/interconnect@44c00000/segment@200000/target-module@b000/i2c@0/tda19988@70: Fixed dependency cycle(s) with /ocp/interconnect@48000000/segment@300000/target-module@e000/lcdc@0
[    0.415618] gpiochip_find_base_unlocked: found new base at 512
[    0.439476] /ocp/interconnect@44c00000/segment@200000/target-module@b000/i2c@0/tda19988@70: Fixed dependency cycle(s) with /ocp/interconnect@48000000/segment@300000/target-module@e000/lcdc@0
[    0.440359] /ocp/interconnect@44c00000/segment@200000/target-module@b000/i2c@0/tda19988@70: Fixed dependency cycle(s) with /ocp/interconnect@48000000/segment@300000/target-module@e000/lcdc@0
[    0.444166] /ocp/interconnect@44c00000/segment@200000/target-module@10000/scm@0/pinmux@800: Fixed dependency cycle(s) with /ocp/interconnect@44c00000/segment@200000/target-module@10000/scm@0/pinmux@800/clkout2-pins
[    0.444778] pinctrl-single 44e10800.pinmux: 142 pins, size 568
[    0.450069] ti-sysc 44e31000.target-module: probe with driver ti-sysc failed with error -16
[    0.475979] /ocp/interconnect@48000000/segment@300000/target-module@e000/lcdc@0: Fixed dependency cycle(s) with /ocp/interconnect@44c00000/segment@200000/target-module@b000/i2c@0/tda19988@70
[    0.484361] ti-sysc 48040000.target-module: probe with driver ti-sysc failed with error -16
[    0.495956] gpiochip_find_base_unlocked: found new base at 512
[    0.496060] gpio gpiochip0: (gpio-0-31): created GPIO range 0->7 ==> 44e10800.pinmux PIN 0->7
[    0.496081] gpio gpiochip0: (gpio-0-31): created GPIO range 8->11 ==> 44e10800.pinmux PIN 90->93
[    0.496096] gpio gpiochip0: (gpio-0-31): created GPIO range 12->27 ==> 44e10800.pinmux PIN 12->27
[    0.496111] gpio gpiochip0: (gpio-0-31): created GPIO range 28->31 ==> 44e10800.pinmux PIN 30->33
[    0.521607] gpio gpiochip0: (gpio-0-31): added GPIO chardev (254:0)
[    0.521758] gpio gpiochip0: registered GPIOs 512 to 543 on gpio-0-31
[    0.521846] OMAP GPIO hardware version 0.1
[    0.555819] i2c i2c-2: using DT '/ocp/interconnect@48000000/segment@100000/target-module@9c000/i2c@0' for 'scl' GPIO lookup
[    0.555893] of_get_named_gpiod_flags: can't parse 'scl-gpios' property of node '/ocp/interconnect@48000000/segment@100000/target-module@9c000/i2c@0[0]'
[    0.555934] of_get_named_gpiod_flags: can't parse 'scl-gpio' property of node '/ocp/interconnect@48000000/segment@100000/target-module@9c000/i2c@0[0]'
[    0.555970] i2c i2c-2: using lookup tables for GPIO lookup
[    0.555979] i2c i2c-2: No GPIO consumer scl found
[    0.556000] i2c i2c-2: using DT '/ocp/interconnect@48000000/segment@100000/target-module@9c000/i2c@0' for 'sda' GPIO lookup
[    0.556034] of_get_named_gpiod_flags: can't parse 'sda-gpios' property of node '/ocp/interconnect@48000000/segment@100000/target-module@9c000/i2c@0[0]'
[    0.556070] of_get_named_gpiod_flags: can't parse 'sda-gpio' property of node '/ocp/interconnect@48000000/segment@100000/target-module@9c000/i2c@0[0]'
[    0.556101] i2c i2c-2: using lookup tables for GPIO lookup
[    0.556108] i2c i2c-2: No GPIO consumer sda found
[    0.556813] omap_i2c 4819c000.i2c: bus 2 rev0.11 at 100 kHz
[    0.562633] gpiochip_find_base_unlocked: found new base at 544
[    0.562738] gpio gpiochip1: (gpio-32-63): created GPIO range 0->17 ==> 44e10800.pinmux PIN 34->51
[    0.562758] gpio gpiochip1: (gpio-32-63): created GPIO range 18->21 ==> 44e10800.pinmux PIN 77->80
[    0.562774] gpio gpiochip1: (gpio-32-63): created GPIO range 22->31 ==> 44e10800.pinmux PIN 56->65
[    0.577570] gpio gpiochip1: (gpio-32-63): added GPIO chardev (254:1)
[    0.577723] gpio gpiochip1: registered GPIOs 544 to 575 on gpio-32-63
[    0.580011] gpiochip_find_base_unlocked: found new base at 576
[    0.580111] gpio gpiochip2: (gpio-64-95): created GPIO range 0->4 ==> 44e10800.pinmux PIN 66->70
[    0.580131] gpio gpiochip2: (gpio-64-95): created GPIO range 5->6 ==> 44e10800.pinmux PIN 98->99
[    0.580146] gpio gpiochip2: (gpio-64-95): created GPIO range 7->8 ==> 44e10800.pinmux PIN 75->76
[    0.580162] gpio gpiochip2: (gpio-64-95): created GPIO range 13->13 ==> 44e10800.pinmux PIN 141->141
[    0.580178] gpio gpiochip2: (gpio-64-95): created GPIO range 14->21 ==> 44e10800.pinmux PIN 100->107
[    0.580815] gpio gpiochip2: (gpio-64-95): added GPIO chardev (254:2)
[    0.580954] gpio gpiochip2: registered GPIOs 576 to 607 on gpio-64-95
[    0.586840] 48000000.interconnect:segment@200000:target-module@0:mpu@0:fck: device ID is greater than 24
[    0.587741] /ocp/interconnect@48000000/segment@300000/target-module@e000/lcdc@0: Fixed dependency cycle(s) with /ocp/interconnect@44c00000/segment@200000/target-module@b000/i2c@0/tda19988@70
[    0.590564] /ocp/interconnect@48000000/segment@300000/target-module@e000/lcdc@0: Fixed dependency cycle(s) with /ocp/interconnect@44c00000/segment@200000/target-module@b000/i2c@0/tda19988@70
[    0.591273] /ocp/interconnect@44c00000/segment@200000/target-module@b000/i2c@0/tda19988@70: Fixed dependency cycle(s) with /ocp/interconnect@48000000/segment@300000/target-module@e000/lcdc@0
[    0.591630] /ocp/interconnect@48000000/segment@300000/target-module@e000/lcdc@0: Fixed dependency cycle(s) with /ocp/interconnect@44c00000/segment@200000/target-module@b000/i2c@0/tda19988@70
[    0.601266] mdio_bus 4a101000.mdio: using DT '/ocp/interconnect@4a000000/segment@0/target-module@100000/switch@0/mdio@1000' for 'reset' GPIO lookup
[    0.601342] of_get_named_gpiod_flags: can't parse 'reset-gpios' property of node '/ocp/interconnect@4a000000/segment@0/target-module@100000/switch@0/mdio@1000[0]'
[    0.601389] of_get_named_gpiod_flags: can't parse 'reset-gpio' property of node '/ocp/interconnect@4a000000/segment@0/target-module@100000/switch@0/mdio@1000[0]'
[    0.601578] mdio_bus 4a101000.mdio: using lookup tables for GPIO lookup
[    0.601591] mdio_bus 4a101000.mdio: No GPIO consumer reset found
[    0.602562] sdhci-omap 481d8000.mmc: using DT '/ocp/interconnect@48000000/segment@100000/target-module@d8000/mmc@0' for 'wp' GPIO lookup
[    0.602623] of_get_named_gpiod_flags: can't parse 'wp-gpios' property of node '/ocp/interconnect@48000000/segment@100000/target-module@d8000/mmc@0[0]'
[    0.602663] of_get_named_gpiod_flags: can't parse 'wp-gpio' property of node '/ocp/interconnect@48000000/segment@100000/target-module@d8000/mmc@0[0]'
[    0.602696] sdhci-omap 481d8000.mmc: using lookup tables for GPIO lookup
[    0.602705] sdhci-omap 481d8000.mmc: No GPIO consumer wp found
[    0.602901] sdhci-omap 481d8000.mmc: supply pbias not found, using dummy regulator
[    0.603391] sdhci-omap 481d8000.mmc: supply vqmmc not found, using dummy regulator
[    0.651566] davinci_mdio 4a101000.mdio: davinci mdio revision 1.6, bus freq 1000000
[    0.679751] mdio_bus 4a101000.mdio:00: using DT '/ocp/interconnect@4a000000/segment@0/target-module@100000/switch@0/mdio@1000/ethernet-phy@0' for 'reset' GPIO lookup
[    0.679854] of_get_named_gpiod_flags: parsed 'reset-gpios' property of node '/ocp/interconnect@4a000000/segment@0/target-module@100000/switch@0/mdio@1000/ethernet-phy@0[0]' - status (0)
[    0.680015] gpio gpiochip0: Persistence not supported for GPIO 8
[    0.809722] davinci_mdio 4a101000.mdio: phy[0]: device 4a101000.mdio:00, driver SMSC LAN8710/LAN8720
[    0.810487] cpsw-switch 4a100000.switch: initialized cpsw ale version 1.4
[    0.810509] cpsw-switch 4a100000.switch: ALE Table size 1024, Policers 0
[    0.810668] cpsw-switch 4a100000.switch: cpts: overflow check period 500 (jiffies)
[    0.810684] cpsw-switch 4a100000.switch: CPTS: ref_clk_freq:250000000 calc_mult:2147483648 calc_shift:29 error:0 nsec/sec
[    0.810802] cpsw-switch 4a100000.switch: Detected MACID = 6c:ec:eb:68:de:78
[    0.812853] cpsw-switch 4a100000.switch: initialized (regs 0x4a100000, pool size 256) hw_ver:0019010C 1.12 (0)
[    0.823804] debugfs: Directory '49000000.dma' with parent 'dmaengine' already present!
[    0.823846] edma 49000000.dma: TI EDMA DMA engine driver
[    0.860319] gpio-clk clk_mcasp0: using DT '/clk_mcasp0' for 'enable' GPIO lookup
[    0.860395] of_get_named_gpiod_flags: parsed 'enable-gpios' property of node '/clk_mcasp0[0]' - status (0)
[    0.860438] gpio gpiochip0: Persistence not supported for GPIO 27
[    0.861305] gpiochip_find_base_unlocked: found new base at 608
[    0.861650] gpio gpiochip3: (gpio-96-127): created GPIO range 0->7 ==> 44e10800.pinmux PIN 82->89
[    0.861681] gpio gpiochip3: (gpio-96-127): created GPIO range 8->11 ==> 44e10800.pinmux PIN 52->55
[    0.861697] gpio gpiochip3: (gpio-96-127): created GPIO range 12->15 ==> 44e10800.pinmux PIN 94->97
[    0.861713] gpio gpiochip3: (gpio-96-127): created GPIO range 16->17 ==> 44e10800.pinmux PIN 71->72
[    0.861728] gpio gpiochip3: (gpio-96-127): created GPIO range 18->18 ==> 44e10800.pinmux PIN 135->135
[    0.861745] gpio gpiochip3: (gpio-96-127): created GPIO range 19->20 ==> 44e10800.pinmux PIN 108->109
[    0.861761] gpio gpiochip3: (gpio-96-127): created GPIO range 21->21 ==> 44e10800.pinmux PIN 73->73
[    0.861779] gpio gpiochip3: (gpio-96-127): created GPIO range 22->23 ==> 44e10800.pinmux PIN 8->9
[    0.861797] gpio gpiochip3: (gpio-96-127): created GPIO range 26->27 ==> 44e10800.pinmux PIN 10->11
[    0.861816] gpio gpiochip3: (gpio-96-127): created GPIO range 28->28 ==> 44e10800.pinmux PIN 74->74
[    0.861834] gpio gpiochip3: (gpio-96-127): created GPIO range 29->29 ==> 44e10800.pinmux PIN 81->81
[    0.861852] gpio gpiochip3: (gpio-96-127): created GPIO range 30->31 ==> 44e10800.pinmux PIN 28->29
[    0.875957] gpio gpiochip3: (gpio-96-127): added GPIO chardev (254:3)
[    0.876115] gpio gpiochip3: registered GPIOs 608 to 639 on gpio-96-127
[    0.878002] omap8250 44e09000.serial: using DT '/ocp/interconnect@44c00000/segment@200000/target-module@9000/serial@0' for 'rs485-term' GPIO lookup
[    0.878073] of_get_named_gpiod_flags: can't parse 'rs485-term-gpios' property of node '/ocp/interconnect@44c00000/segment@200000/target-module@9000/serial@0[0]'
[    0.878115] of_get_named_gpiod_flags: can't parse 'rs485-term-gpio' property of node '/ocp/interconnect@44c00000/segment@200000/target-module@9000/serial@0[0]'
[    0.878151] omap8250 44e09000.serial: using lookup tables for GPIO lookup
[    0.878160] omap8250 44e09000.serial: No GPIO consumer rs485-term found
[    0.878169] omap8250 44e09000.serial: using DT '/ocp/interconnect@44c00000/segment@200000/target-module@9000/serial@0' for 'rs485-rx-during-tx' GPIO lookup
[    0.878204] of_get_named_gpiod_flags: can't parse 'rs485-rx-during-tx-gpios' property of node '/ocp/interconnect@44c00000/segment@200000/target-module@9000/serial@0[0]'
[    0.878241] of_get_named_gpiod_flags: can't parse 'rs485-rx-during-tx-gpio' property of node '/ocp/interconnect@44c00000/segment@200000/target-module@9000/serial@0[0]'
[    0.878271] omap8250 44e09000.serial: using lookup tables for GPIO lookup
[    0.878279] omap8250 44e09000.serial: No GPIO consumer rs485-rx-during-tx found
[    0.878649] 44e09000.serial: ttyS0 at MMIO 0x44e09000 (irq = 34, base_baud = 3000000) is a 8250
[    0.878744] printk: legacy console [ttyS0] enabled
[    2.359533] i2c i2c-0: using DT '/ocp/interconnect@44c00000/segment@200000/target-module@b000/i2c@0' for 'scl' GPIO lookup
[    2.359623] of_get_named_gpiod_flags: can't parse 'scl-gpios' property of node '/ocp/interconnect@44c00000/segment@200000/target-module@b000/i2c@0[0]'
[    2.359668] of_get_named_gpiod_flags: can't parse 'scl-gpio' property of node '/ocp/interconnect@44c00000/segment@200000/target-module@b000/i2c@0[0]'
[    2.359708] i2c i2c-0: using lookup tables for GPIO lookup
[    2.359721] i2c i2c-0: No GPIO consumer scl found
[    2.359745] i2c i2c-0: using DT '/ocp/interconnect@44c00000/segment@200000/target-module@b000/i2c@0' for 'sda' GPIO lookup
[    2.359784] of_get_named_gpiod_flags: can't parse 'sda-gpios' property of node '/ocp/interconnect@44c00000/segment@200000/target-module@b000/i2c@0[0]'
[    2.359824] of_get_named_gpiod_flags: can't parse 'sda-gpio' property of node '/ocp/interconnect@44c00000/segment@200000/target-module@b000/i2c@0[0]'
[    2.359859] i2c i2c-0: using lookup tables for GPIO lookup
[    2.359869] i2c i2c-0: No GPIO consumer sda found
[    2.372465] tps65217-pmic: Failed to locate of_node [id: -1]
[    2.378528] tps65217-bl: Failed to locate of_node [id: -1]
[    2.384583] platform tps65217-charger: DMA mask not set
[    2.390631] platform tps65217-pwrbutton: DMA mask not set
[    2.397991] tps65217 0-0024: TPS65217 ID 0xe version 1.2
[    2.404131] /ocp/interconnect@48000000/segment@300000/target-module@e000/lcdc@0: Fixed dependency cycle(s) with /ocp/interconnect@44c00000/segment@200000/target-module@b000/i2c@0/tda19988@70
[    2.421557] /ocp/interconnect@44c00000/segment@200000/target-module@b000/i2c@0/tda19988@70: Fixed dependency cycle(s) with /ocp/interconnect@48000000/segment@300000/target-module@e000/lcdc@0
[    2.438895] omap_i2c 44e0b000.i2c: bus 0 rev0.11 at 400 kHz
[    2.446579] sdhci-omap 48060000.mmc: using DT '/ocp/interconnect@48000000/segment@0/target-module@60000/mmc@0' for 'cd' GPIO lookup
[    2.446686] of_get_named_gpiod_flags: parsed 'cd-gpios' property of node '/ocp/interconnect@48000000/segment@0/target-module@60000/mmc@0[0]' - status (0)
[    2.446752] gpio gpiochip3: Persistence not supported for GPIO 6
[    2.446778] omap_gpio 44e07000.gpio: Could not set line 6 debounce to 200000 microseconds (-22)
[    2.455714] sdhci-omap 48060000.mmc: Got CD GPIO
[    2.460369] sdhci-omap 48060000.mmc: using DT '/ocp/interconnect@48000000/segment@0/target-module@60000/mmc@0' for 'wp' GPIO lookup
[    2.460419] of_get_named_gpiod_flags: can't parse 'wp-gpios' property of node '/ocp/interconnect@48000000/segment@0/target-module@60000/mmc@0[0]'
[    2.460464] of_get_named_gpiod_flags: can't parse 'wp-gpio' property of node '/ocp/interconnect@48000000/segment@0/target-module@60000/mmc@0[0]'
[    2.460502] sdhci-omap 48060000.mmc: using lookup tables for GPIO lookup
[    2.460515] sdhci-omap 48060000.mmc: No GPIO consumer wp found
[    2.460726] sdhci-omap 48060000.mmc: supply pbias not found, using dummy regulator
[    2.469516] sdhci-omap 481d8000.mmc: using DT '/ocp/interconnect@48000000/segment@100000/target-module@d8000/mmc@0' for 'wp' GPIO lookup
[    2.469591] of_get_named_gpiod_flags: can't parse 'wp-gpios' property of node '/ocp/interconnect@48000000/segment@100000/target-module@d8000/mmc@0[0]'
[    2.469640] of_get_named_gpiod_flags: can't parse 'wp-gpio' property of node '/ocp/interconnect@48000000/segment@100000/target-module@d8000/mmc@0[0]'
[    2.469679] sdhci-omap 481d8000.mmc: using lookup tables for GPIO lookup
[    2.469692] sdhci-omap 481d8000.mmc: No GPIO consumer wp found
[    2.470698] sdhci-omap 48060000.mmc: supply vqmmc not found, using dummy regulator
[    2.479953] sdhci-omap 481d8000.mmc: supply pbias not found, using dummy regulator
[    2.489698] sdhci-omap 481d8000.mmc: supply vqmmc not found, using dummy regulator
[    2.525411] mmc0: SDHCI controller on 48060000.mmc [48060000.mmc] using External DMA
[    2.533734] mmc1: SDHCI controller on 481d8000.mmc [481d8000.mmc] using External DMA
[    2.542501] cpsw-switch 4a100000.switch: starting ndev. mode: dual_mac
[    2.590610] mmc0: new high speed SDHC card at address 5048
[    2.597656] mmcblk0: mmc0:5048 SD16G 14.4 GiB
[    2.605940]  mmcblk0: p1 p2
[    2.609331] mmcblk0: p2 size 31221760 extends beyond EOD, truncated
[    2.622759] SMSC LAN8710/LAN8720 4a101000.mdio:00: attached PHY driver (mii_bus:phy_addr=4a101000.mdio:00, irq=POLL)
[    2.633744] mmc1: new high speed MMC card at address 0001
[    2.646443] mmcblk1: mmc1:0001 MMC04G 3.60 GiB
[    2.654089]  mmcblk1: p1 p2
[    2.658348] mmcblk1boot0: mmc1:0001 MMC04G 2.00 MiB
[    2.667112] mmcblk1boot1: mmc1:0001 MMC04G 2.00 MiB
[    2.676500] mmcblk1rpmb: mmc1:0001 MMC04G 128 KiB, chardev (249:0)
[    5.762235] cpsw-switch 4a100000.switch eth0: Link is Up - 100Mbps/Full - flow control off
[    5.801711] IP-Config: Complete:
[    5.804986]      device=eth0, hwaddr=6c:ec:eb:68:de:78, ipaddr=192.168.255.1, mask=255.255.255.0, gw=255.255.255.255
[    5.815644]      host=bbb1, domain=, nis-domain=(none)
[    5.820813]      bootserver=192.168.255.126, rootserver=192.168.255.126, rootpath=
[    5.821251] clk: Disabling unused clocks
[    5.833092] PM: genpd: Disabling unused power domains
[    5.838208] KTAP version 1
[    5.840929] 1..0
[    5.865650] VFS: Mounted root (nfs filesystem) on device 0:17.
[    5.872747] devtmpfs: mounted
[    5.877251] Freeing unused kernel image (initmem) memory: 1024K
[    5.884158] Run /sbin/init as init process
[    5.888291]   with arguments:
[    5.888303]     /sbin/init
[    5.888312]     nfsrootdebug
[    5.888321]   with environment:
[    5.888329]     HOME=/
[    5.888338]     TERM=linux
[    6.572330] systemd[1]: System time before build time, advancing clock.
[    8.021475] random: crng init done
[    8.034085] systemd[1]: systemd 232 running in system mode. (+PAM +AUDIT +SELINUX +IMA +APPARMOR +SMACK +SYSVINIT +UTMP +LIBCRYPTSETUP +GCRYPT +GNUTLS +ACL +XZ +LZ4 +SECCOMP +BLKID +ELFUTILS +KMOD +IDN)
[    8.053177] systemd[1]: Detected architecture arm.
[    8.084676] systemd[1]: Set hostname to <arm>.
[    9.165749] systemd[1]: Set up automount Arbitrary Executable File Formats File System Automount Point.
[    9.202625] systemd[1]: Started Dispatch Password Requests to Console Directory Watch.
[    9.233121] systemd[1]: Created slice System Slice.
[    9.261944] systemd[1]: dev-hugepages.mount: Couldn't determine result for ConditionVirtualization=!private-users, assuming failed: No such file or directory
[    9.277575] systemd[1]: Created slice system-serial\x2dgetty.slice.
[    9.302900] systemd[1]: Created slice system-getty.slice.
[    9.332331] systemd[1]: Started Forward Password Requests to Wall Directory Watch.
[   11.649932] systemd-journald[87]: Received request to flush runtime journal from PID 1
[   14.090334] leds-gpio leds: using DT '/leds/led2' for '(default)' GPIO lookup
[   14.090439] of_get_named_gpiod_flags: parsed 'gpios' property of node '/leds/led2[0]' - status (0)
[   14.090495] gpio gpiochip0: Persistence not supported for GPIO 21
[   14.090511] gpio-533 (?): no flags found for GPIO (default)
[   14.221747] leds-gpio leds: using DT '/leds/led3' for '(default)' GPIO lookup
[   14.221862] of_get_named_gpiod_flags: parsed 'gpios' property of node '/leds/led3[0]' - status (0)
[   14.221921] gpio gpiochip0: Persistence not supported for GPIO 22
[   14.221937] gpio-534 (?): no flags found for GPIO (default)
[   14.241971] leds-gpio leds: using DT '/leds/led4' for '(default)' GPIO lookup
[   14.242073] of_get_named_gpiod_flags: parsed 'gpios' property of node '/leds/led4[0]' - status (0)
[   14.242123] gpio gpiochip0: Persistence not supported for GPIO 23
[   14.242138] gpio-535 (?): no flags found for GPIO (default)
[   14.311852] leds-gpio leds: using DT '/leds/led5' for '(default)' GPIO lookup
[   14.311952] of_get_named_gpiod_flags: parsed 'gpios' property of node '/leds/led5[0]' - status (0)
[   14.312002] gpio gpiochip0: Persistence not supported for GPIO 24
[   14.312018] gpio-536 (?): no flags found for GPIO (default)
[   14.454333] remoteproc remoteproc0: wkup_m3 is available
[   14.703918] omap_wdt: OMAP Watchdog Timer Rev 0x01: initial timeout 60 sec
[   14.757509] at24 2-0054: supply vcc not found, using dummy regulator
[   14.860394] at24 2-0055: supply vcc not found, using dummy regulator
[   14.880461] am335x-phy-driver 47401300.usb-phy: using DT '/ocp/target-module@47400000/usb-phy@1300' for 'reset' GPIO lookup
[   14.880555] of_get_named_gpiod_flags: can't parse 'reset-gpios' property of node '/ocp/target-module@47400000/usb-phy@1300[0]'
[   14.880600] of_get_named_gpiod_flags: can't parse 'reset-gpio' property of node '/ocp/target-module@47400000/usb-phy@1300[0]'
[   14.880638] am335x-phy-driver 47401300.usb-phy: using lookup tables for GPIO lookup
[   14.880652] am335x-phy-driver 47401300.usb-phy: No GPIO consumer reset found
[   14.880666] am335x-phy-driver 47401300.usb-phy: using DT '/ocp/target-module@47400000/usb-phy@1300' for 'vbus-detect' GPIO lookup
[   14.880696] of_get_named_gpiod_flags: can't parse 'vbus-detect-gpios' property of node '/ocp/target-module@47400000/usb-phy@1300[0]'
[   14.880727] of_get_named_gpiod_flags: can't parse 'vbus-detect-gpio' property of node '/ocp/target-module@47400000/usb-phy@1300[0]'
[   14.880753] am335x-phy-driver 47401300.usb-phy: using lookup tables for GPIO lookup
[   14.880765] am335x-phy-driver 47401300.usb-phy: No GPIO consumer vbus-detect found
[   14.880912] am335x-phy-driver 47401300.usb-phy: dummy supplies not allowed for exclusive requests (id=vbus)
[   14.990914] at24 2-0056: supply vcc not found, using dummy regulator
[   15.074979] am335x-phy-driver 47401b00.usb-phy: using DT '/ocp/target-module@47400000/usb-phy@1b00' for 'reset' GPIO lookup
[   15.075074] of_get_named_gpiod_flags: can't parse 'reset-gpios' property of node '/ocp/target-module@47400000/usb-phy@1b00[0]'
[   15.075116] of_get_named_gpiod_flags: can't parse 'reset-gpio' property of node '/ocp/target-module@47400000/usb-phy@1b00[0]'
[   15.075153] am335x-phy-driver 47401b00.usb-phy: using lookup tables for GPIO lookup
[   15.075168] am335x-phy-driver 47401b00.usb-phy: No GPIO consumer reset found
[   15.075181] am335x-phy-driver 47401b00.usb-phy: using DT '/ocp/target-module@47400000/usb-phy@1b00' for 'vbus-detect' GPIO lookup
[   15.075212] of_get_named_gpiod_flags: can't parse 'vbus-detect-gpios' property of node '/ocp/target-module@47400000/usb-phy@1b00[0]'
[   15.075244] of_get_named_gpiod_flags: can't parse 'vbus-detect-gpio' property of node '/ocp/target-module@47400000/usb-phy@1b00[0]'
[   15.075270] am335x-phy-driver 47401b00.usb-phy: using lookup tables for GPIO lookup
[   15.075282] am335x-phy-driver 47401b00.usb-phy: No GPIO consumer vbus-detect found
[   15.075430] am335x-phy-driver 47401b00.usb-phy: dummy supplies not allowed for exclusive requests (id=vbus)
[   15.099153] at24 2-0057: supply vcc not found, using dummy regulator
[   15.189340] input: tps65217_pwrbutton as /devices/platform/ocp/44c00000.interconnect/44c00000.interconnect:segment@200000/44e0b000.target-module/44e0b000.i2c/i2c-0/0-0024/tps65217-pwrbutton/input/input0
[   15.228146] at24 0-0050: using DT '/ocp/interconnect@44c00000/segment@200000/target-module@b000/i2c@0/eeprom@50' for 'wp' GPIO lookup
[   15.228266] of_get_named_gpiod_flags: can't parse 'wp-gpios' property of node '/ocp/interconnect@44c00000/segment@200000/target-module@b000/i2c@0/eeprom@50[0]'
[   15.228326] of_get_named_gpiod_flags: can't parse 'wp-gpio' property of node '/ocp/interconnect@44c00000/segment@200000/target-module@b000/i2c@0/eeprom@50[0]'
[   15.228371] at24 0-0050: using lookup tables for GPIO lookup
[   15.228386] at24 0-0050: No GPIO consumer wp found
[   15.228734] at24 0-0050: 32768 byte 24c256 EEPROM, writable, 1 bytes/write
[   15.442502] omap_rtc 44e3e000.rtc: registered as rtc0
[   15.447725] omap_rtc 44e3e000.rtc: setting system clock to 2000-01-01T00:00:00 UTC (946684800)
[   15.456556] omap_rtc 44e3e000.rtc: using DT '/ocp/interconnect@44c00000/segment@200000/target-module@3e000/rtc@0' for 'wp' GPIO lookup
[   15.456631] of_get_named_gpiod_flags: can't parse 'wp-gpios' property of node '/ocp/interconnect@44c00000/segment@200000/target-module@3e000/rtc@0[0]'
[   15.456680] of_get_named_gpiod_flags: can't parse 'wp-gpio' property of node '/ocp/interconnect@44c00000/segment@200000/target-module@3e000/rtc@0[0]'
[   15.456720] omap_rtc 44e3e000.rtc: using lookup tables for GPIO lookup
[   15.456734] omap_rtc 44e3e000.rtc: No GPIO consumer wp found
[   16.190847] usbcore: registered new interface driver usbfs
[   16.196748] usbcore: registered new interface driver hub
[   16.202318] usbcore: registered new device driver usb
[   16.944928] omap-mailbox 480c8000.mailbox: omap mailbox rev 0x400
[   17.028083] remoteproc remoteproc0: powering up wkup_m3
[   17.137762] musb-hdrc musb-hdrc.1: MUSB HDRC host driver
[   17.143589] musb-hdrc musb-hdrc.1: new USB bus registered, assigned bus number 1
[   17.285193] usb usb1: New USB device found, idVendor=1d6b, idProduct=0002, bcdDevice= 6.16
[   17.295000] usb usb1: New USB device strings: Mfr=3, Product=2, SerialNumber=1
[   17.302428] usb usb1: Product: MUSB HDRC host driver
[   17.307425] usb usb1: Manufacturer: Linux 6.16.0-rc1 musb-hcd
[   17.313263] usb usb1: SerialNumber: musb-hdrc.1
[   17.321922] remoteproc remoteproc0: Direct firmware load for am335x-pm-firmware.elf failed with error -2
[   17.331744] remoteproc remoteproc0: request_firmware failed: -2
[   17.337710] wkup_m3_ipc 44e11324.wkup_m3_ipc: rproc_boot failed
[   17.763916] tda998x 0-0070: found TDA19988
[   17.910300] hub 1-0:1.0: USB hub found
[   17.986425] hub 1-0:1.0: 1 port detected
[   19.362662] omap_rng 48310000.rng: Random Number Generator ver. 20
[   19.625523] tilcdc 4830e000.lcdc: bound 0-0070 (ops tda998x_audio_codec_init [tda998x])
[   19.785793] [drm] Initialized tilcdc 1.0.0 for 4830e000.lcdc on minor 0
[   19.900121] tilcdc 4830e000.lcdc: [drm] Cannot find any crtc or sizes
[   19.908829] tilcdc 4830e000.lcdc: [drm] Cannot find any crtc or sizes
[   21.237483] omap-sham 53100000.sham: hw accel on OMAP rev 4.3
[   21.256778] PM: Cannot get wkup_m3_ipc handle
[   21.355306] omap-sham 53100000.sham: will run requests pump with realtime priority
[   21.365825] PM: Cannot get wkup_m3_ipc handle
[   21.414883] omap-aes 53500000.aes: OMAP AES hw accel rev: 3.2
[   21.551924] omap-aes 53500000.aes: will run requests pump with realtime priority
[   21.560340] PM: Cannot get wkup_m3_ipc handle
[   24.975776] Bluetooth: Core ver 2.22
[   24.979605] NET: Registered PF_BLUETOOTH protocol family
[   24.985197] Bluetooth: HCI device and connection manager initialized
[   24.991691] Bluetooth: HCI socket layer initialized
[   24.996606] Bluetooth: L2CAP socket layer initialized
[   25.001755] Bluetooth: SCO socket layer initialized
[   25.114987] PM: Cannot get wkup_m3_ipc handle
[   25.120777] asoc-simple-card sound: using DT '/sound' for 'simple-audio-card,hp-det' GPIO lookup
[   25.120856] of_get_named_gpiod_flags: can't parse 'simple-audio-card,hp-det-gpios' property of node '/sound[0]'
[   25.120893] of_get_named_gpiod_flags: can't parse 'simple-audio-card,hp-det-gpio' property of node '/sound[0]'
[   25.120918] asoc-simple-card sound: using lookup tables for GPIO lookup
[   25.120931] asoc-simple-card sound: No GPIO consumer simple-audio-card,hp-det found
[   25.120946] asoc-simple-card sound: using DT '/sound' for 'simple-audio-card,mic-det' GPIO lookup
[   25.120973] of_get_named_gpiod_flags: can't parse 'simple-audio-card,mic-det-gpios' property of node '/sound[0]'
[   25.121000] of_get_named_gpiod_flags: can't parse 'simple-audio-card,mic-det-gpio' property of node '/sound[0]'
[   25.121020] asoc-simple-card sound: using lookup tables for GPIO lookup
[   25.121031] asoc-simple-card sound: No GPIO consumer simple-audio-card,mic-det found
[   25.175522] tda998x 0-0070: using DT '/ocp/interconnect@44c00000/segment@200000/target-module@b000/i2c@0/tda19988@70' for 'nxp,calib' GPIO lookup
[   25.175664] of_get_named_gpiod_flags: parsed 'nxp,calib-gpios' property of node '/ocp/interconnect@44c00000/segment@200000/target-module@b000/i2c@0/tda19988@70[0]' - status (0)
[   25.175748] gpio gpiochip0: Persistence not supported for GPIO 25
[   25.175763] gpio-537 (nxp,calib): no flags found for GPIO nxp,calib
[   25.194210] gpio-537 (nxp,calib): gpiod_direction_output_nonotify: tried to set a GPIO tied to an IRQ as output
[   25.225102] PM: Cannot get wkup_m3_ipc handle
[   25.439164] tda9950 0-0034: TDA9950 CEC interface, hardware version 3.3
[   25.503499] PM: Cannot get wkup_m3_ipc handle
[   27.654748] userial_init: registered 8 ttyGS* devices
[   27.878432] rndis_register: configNr = 0
[   27.974345] udc musb-hdrc.0: binding gadget driver [g_multi]
[   27.974450] configfs-gadget.g_multi gadget.0: adding 'rndis'/377af15f to config 'c'/225704ab
[   27.975615] configfs-gadget.g_multi gadget.0: HOST MAC 1c:ba:8c:a2:ed:6c
[   27.982627] configfs-gadget.g_multi gadget.0: MAC 1c:ba:8c:a2:ed:70
[   27.988981] rndis_set_param_medium: 0 0
[   27.988999] configfs-gadget.g_multi gadget.0: RNDIS: IN/ep1in OUT/ep1out NOTIFY/ep2in
[   27.989016] configfs-gadget.g_multi gadget.0: adding 'cdc_ethernet'/e8ecd271 to config 'c'/225704ab
[   27.989938] configfs-gadget.g_multi gadget.0: HOST MAC 1c:ba:8c:a2:ed:6c
[   27.996800] configfs-gadget.g_multi gadget.0: MAC 1c:ba:8c:a2:ed:6d
[   28.003207] configfs-gadget.g_multi gadget.0: CDC Ethernet: IN/ep3in OUT/ep2out NOTIFY/ep4in
[   28.003227] configfs-gadget.g_multi gadget.0: adding 'acm'/6142d677 to config 'c'/225704ab
[   28.003262] configfs-gadget.g_multi gadget.0: acm ttyGS0: IN/ep5in OUT/ep3out NOTIFY/ep6in
[   28.008951] PM: Cannot get wkup_m3_ipc handle
[   29.445135] configfs-gadget.g_multi gadget.0: eth_open
[   30.279074] configfs-gadget.g_multi gadget.0: stop stats: rx/tx 0/0, errs 0/0
[   34.814623] gs_open: ttyGS0 (0e98ec50,59c63b46)
[   34.814779] gs_close: ttyGS0 (0e98ec50,59c63b46) ...
[   34.814801] gs_close: ttyGS0 (0e98ec50,59c63b46) done!
[   34.833908] gs_open: ttyGS0 (0e98ec50,59c63b46)
[   34.834026] gs_close: ttyGS0 (0e98ec50,59c63b46) ...
[   34.834047] gs_close: ttyGS0 (0e98ec50,59c63b46) done!
[   34.950469] gs_open: ttyGS0 (4b565d46,4b702b19)
[   34.953132] gs_close: ttyGS0 (4b565d46,4b702b19) ...
[   34.953194] gs_close: ttyGS0 (4b565d46,4b702b19) done!
[   34.953536] gs_open: ttyGS0 (b39e73b0,aa4b4a99)
PJEQVZWKLL 0
root@arm:~# echo 'OGFF''XGXBOP'
OGFFXGXBOP
root@arm:~# MARKER='GWGL''LJVVGW' run 'modprobe test_linear_ranges'
GWGLLJVVGWGWGLLJVVGW 0
root@arm:~# echo 'KZOA''ASWUPW'
KZOAASWUPW
root@arm:~# MARKER='CPEO''NZQNXK' run dmesg
CPEONZQNXK[    0.000000] Booting Linux on physical CPU 0x0
[    0.000000] Linux version 6.16.0-rc1 (user01@drvtest01) (arm-none-eabi-gcc (Arm GNU Toolchain 14.2.Rel1 (Build arm-14.52)) 14.2.1 20241119, GNU ld (Arm GNU Toolchain 14.2.Rel1 (Build arm-14.52)) 2.43.1.20241119) #1 SMP Mon Jun  9 10:36:22 EEST 2025
[    0.000000] CPU: ARMv7 Processor [413fc082] revision 2 (ARMv7), cr=10c5387d
[    0.000000] CPU: PIPT / VIPT nonaliasing data cache, VIPT aliasing instruction cache
[    0.000000] OF: fdt: Machine model: TI AM335x BeagleBone Black
[    0.000000] Memory policy: Data cache writeback
[    0.000000] cma: Reserved 16 MiB at 0x9e800000
[    0.000000] Zone ranges:
[    0.000000]   Normal   [mem 0x0000000080000000-0x000000009fdfffff]
[    0.000000]   HighMem  empty
[    0.000000] Movable zone start for each node
[    0.000000] Early memory node ranges
[    0.000000]   node   0: [mem 0x0000000080000000-0x000000009fdfffff]
[    0.000000] Initmem setup node 0 [mem 0x0000000080000000-0x000000009fdfffff]
[    0.000000] On node 0, zone Normal: 512 pages in unavailable ranges
[    0.000000] OF: reserved mem: Reserved memory: No reserved-memory node in the DT
[    0.000000] CPU: All CPU(s) started in SVC mode.
[    0.000000] AM335X ES2.1 (sgx neon)
[    0.000000] percpu: Embedded 17 pages/cpu s39820 r8192 d21620 u69632
[    0.000000] pcpu-alloc: s39820 r8192 d21620 u69632 alloc=17*4096
[    0.000000] pcpu-alloc: [0] 0 
[    0.000000] Kernel command line: console=ttyO0,115200n8 root=/dev/nfs rw nfsroot=192.168.255.126:/home/user01/nfs,nfsvers=3 ip=192.168.255.1:192.168.255.126::255.255.255.0:bbb1:eth0 nfsrootdebug
[    0.000000] Unknown kernel command line parameters "nfsrootdebug", will be passed to user space.
[    0.000000] printk: log buffer data + meta data: 65536 + 204800 = 270336 bytes
[    0.000000] Dentry cache hash table entries: 65536 (order: 6, 262144 bytes, linear)
[    0.000000] Inode-cache hash table entries: 32768 (order: 5, 131072 bytes, linear)
[    0.000000] Built 1 zonelists, mobility grouping on.  Total pages: 130560
[    0.000000] mem auto-init: stack:off, heap alloc:off, heap free:off
[    0.000000] SLUB: HWalign=16, Order=0-3, MinObjects=0, CPUs=1, Nodes=1
[    0.000000] rcu: Hierarchical RCU implementation.
[    0.000000] rcu: 	RCU event tracing is enabled.
[    0.000000] rcu: 	RCU restricting CPUs from NR_CPUS=2 to nr_cpu_ids=1.
[    0.000000] 	Tracing variant of Tasks RCU enabled.
[    0.000000] rcu: RCU calculated value of scheduler-enlistment delay is 10 jiffies.
[    0.000000] rcu: Adjusting geometry for rcu_fanout_leaf=16, nr_cpu_ids=1
[    0.000000] RCU Tasks Trace: Setting shift to 0 and lim to 1 rcu_task_cb_adjust=1 rcu_task_cpu_ids=1.
[    0.000000] NR_IRQS: 16, nr_irqs: 16, preallocated irqs: 16
[    0.000000] IRQ: Found an INTC at 0x(ptrval) (revision 5.0) with 128 interrupts
[    0.000000] rcu: srcu_init: Setting srcu_struct sizes based on contention.
[    0.000000] TI gptimer clocksource: always-on /ocp/interconnect@44c00000/segment@200000/target-module@31000
[    0.000003] sched_clock: 32 bits at 24MHz, resolution 41ns, wraps every 89478484971ns
[    0.000026] clocksource: dmtimer: mask: 0xffffffff max_cycles: 0xffffffff, max_idle_ns: 79635851949 ns
[    0.000503] TI gptimer clockevent: 24000000 Hz at /ocp/interconnect@48000000/segment@0/target-module@40000
[    0.002126] Console: colour dummy device 80x30
[    0.002193] WARNING: Your 'console=ttyO0' has been replaced by 'ttyS0'
[    0.002201] This ensures that you still see kernel messages. Please
[    0.002205] update your kernel commandline.
[    0.002248] Calibrating delay loop... 996.14 BogoMIPS (lpj=4980736)
[    0.090549] CPU: Testing write buffer coherency: ok
[    0.090660] CPU0: Spectre v2: using BPIALL workaround
[    0.090670] pid_max: default: 32768 minimum: 301
[    0.090825] LSM: initializing lsm=capability
[    0.091002] Mount-cache hash table entries: 1024 (order: 0, 4096 bytes, linear)
[    0.091023] Mountpoint-cache hash table entries: 1024 (order: 0, 4096 bytes, linear)
[    0.092652] CPU0: thread -1, cpu 0, socket -1, mpidr 0
[    0.092710] cacheinfo: Unable to detect cache hierarchy for CPU 0
[    0.094781] Setting up static identity map for 0x80100000 - 0x80100078
[    0.095126] rcu: Hierarchical SRCU implementation.
[    0.095136] rcu: 	Max phase no-delay instances is 1000.
[    0.096883] smp: Bringing up secondary CPUs ...
[    0.096933] smp: Brought up 1 node, 1 CPU
[    0.096946] SMP: Total of 1 processors activated (996.14 BogoMIPS).
[    0.096958] CPU: All CPU(s) started in SVC mode.
[    0.097145] Memory: 480820K/522240K available (11264K kernel code, 1220K rwdata, 2924K rodata, 1024K init, 288K bss, 23388K reserved, 16384K cma-reserved, 0K highmem)
[    0.097979] devtmpfs: initialized
[    0.115231] VFP support v0.3: implementor 41 architecture 3 part 30 variant c rev 3
[    0.115878] clocksource: jiffies: mask: 0xffffffff max_cycles: 0xffffffff, max_idle_ns: 19112604462750000 ns
[    0.115933] posixtimers hash table entries: 512 (order: 0, 4096 bytes, linear)
[    0.115960] futex hash table entries: 256 (16384 bytes on 1 NUMA nodes, total 16 KiB, linear).
[    0.117084] pinctrl core: initialized pinctrl subsystem
[    0.119143] NET: Registered PF_NETLINK/PF_ROUTE protocol family
[    0.122271] DMA: preallocated 256 KiB pool for atomic coherent allocations
[    0.123223] audit: initializing netlink subsys (disabled)
[    0.124594] thermal_sys: Registered thermal governor 'fair_share'
[    0.124610] thermal_sys: Registered thermal governor 'step_wise'
[    0.124619] thermal_sys: Registered thermal governor 'user_space'
[    0.124729] audit: type=2000 audit(0.120:1): state=initialized audit_enabled=0 res=1
[    0.124801] cpuidle: using governor menu
[    0.142763] /ocp/interconnect@44c00000/segment@200000/target-module@b000/i2c@0/tda19988@70: Fixed dependency cycle(s) with /ocp/interconnect@48000000/segment@300000/target-module@e000/lcdc@0
[    0.143877] /ocp/interconnect@48000000/segment@300000/target-module@e000/lcdc@0: Fixed dependency cycle(s) with /ocp/interconnect@44c00000/segment@200000/target-module@b000/i2c@0/tda19988@70
[    0.146069] No ATAGs?
[    0.146110] hw-breakpoint: debug architecture 0x4 unsupported.
[    0.148824] kprobes: kprobe jump-optimization is enabled. All kprobes are optimized if possible.
[    0.154142] iommu: Default domain type: Translated
[    0.154164] iommu: DMA domain TLB invalidation policy: strict mode
[    0.155742] reg-fixed-voltage fixedregulator0: using DT '/fixedregulator0' for '(default)' GPIO lookup
[    0.155796] of_get_named_gpiod_flags: can't parse 'gpios' property of node '/fixedregulator0[0]'
[    0.155823] of_get_named_gpiod_flags: can't parse 'gpio' property of node '/fixedregulator0[0]'
[    0.155841] reg-fixed-voltage fixedregulator0: using lookup tables for GPIO lookup
[    0.155850] reg-fixed-voltage fixedregulator0: No GPIO consumer (default) found
[    0.161518] SCSI subsystem initialized
[    0.162022] libata version 3.00 loaded.
[    0.162388] pps_core: LinuxPPS API ver. 1 registered
[    0.162398] pps_core: Software ver. 5.3.6 - Copyright 2005-2007 Rodolfo Giometti <giometti@linux.it>
[    0.162430] PTP clock support registered
[    0.171078] vgaarb: loaded
[    0.171453] clocksource: Switched to clocksource dmtimer
[    0.172123] VFS: Disk quotas dquot_6.6.0
[    0.172174] VFS: Dquot-cache hash table entries: 1024 (order 0, 4096 bytes)
[    0.197004] NET: Registered PF_INET protocol family
[    0.197359] IP idents hash table entries: 8192 (order: 4, 65536 bytes, linear)
[    0.198798] tcp_listen_portaddr_hash hash table entries: 512 (order: 0, 4096 bytes, linear)
[    0.198836] Table-perturb hash table entries: 65536 (order: 6, 262144 bytes, linear)
[    0.198854] TCP established hash table entries: 4096 (order: 2, 16384 bytes, linear)
[    0.198899] TCP bind hash table entries: 4096 (order: 4, 65536 bytes, linear)
[    0.198997] TCP: Hash tables configured (established 4096 bind 4096)
[    0.199117] UDP hash table entries: 256 (order: 1, 14336 bytes, linear)
[    0.199154] UDP-Lite hash table entries: 256 (order: 1, 14336 bytes, linear)
[    0.199345] NET: Registered PF_UNIX/PF_LOCAL protocol family
[    0.212329] RPC: Registered named UNIX socket transport module.
[    0.212352] RPC: Registered udp transport module.
[    0.212357] RPC: Registered tcp transport module.
[    0.212362] RPC: Registered tcp-with-tls transport module.
[    0.212367] RPC: Registered tcp NFSv4.1 backchannel transport module.
[    0.212391] PCI: CLS 0 bytes, default 64
[    0.213762] Initialise system trusted keyrings
[    0.214558] workingset: timestamp_bits=14 max_order=17 bucket_order=3
[    0.216257] NFS: Registering the id_resolver key type
[    0.216330] Key type id_resolver registered
[    0.216337] Key type id_legacy registered
[    0.216449] jffs2: version 2.2. (NAND) (SUMMARY)  Â© 2001-2006 Red Hat, Inc.
[    0.216928] Key type asymmetric registered
[    0.216942] Asymmetric key parser 'x509' registered
[    0.217018] io scheduler mq-deadline registered
[    0.217028] io scheduler kyber registered
[    0.217099] io scheduler bfq registered
[    0.218979] target-module@4b000000:target-module@140000:pmu@0:fck: device ID is greater than 24
[    0.225165] l3-aon-clkctrl:0000:0: failed to disable
[    0.231826] ledtrig-cpu: registered to indicate activity on CPUs
[    0.234698] Serial: 8250/16550 driver, 6 ports, IRQ sharing enabled
[    0.278811] brd: module loaded
[    0.299157] loop: module loaded
[    0.300103] mtdoops: mtd device (mtddev=name/number) must be supplied
[    0.301979] mdio_bus fixed-0: using lookup tables for GPIO lookup
[    0.302004] mdio_bus fixed-0: No GPIO consumer reset found
[    0.303393] i2c_dev: i2c /dev entries driver
[    0.304407] cpuidle: enable-method property 'ti,am3352' found operations
[    0.304856] sdhci: Secure Digital Host Controller Interface driver
[    0.304865] sdhci: Copyright(c) Pierre Ossman
[    0.305051] sdhci-pltfm: SDHCI platform and OF driver helper
[    0.313061] hw perfevents: enabled with armv7_cortex_a8 PMU driver, 5 (8000000f) counters available
[    0.313585] Initializing XFRM netlink socket
[    0.313770] NET: Registered PF_INET6 protocol family
[    0.319439] l3-aon-clkctrl:0000:0: failed to disable
[    0.320906] Segment Routing with IPv6
[    0.320989] In-situ OAM (IOAM) with IPv6
[    0.321089] sit: IPv6, IPv4 and MPLS over IPv4 tunneling driver
[    0.322264] NET: Registered PF_PACKET protocol family
[    0.322294] NET: Registered PF_KEY protocol family
[    0.322407] Key type dns_resolver registered
[    0.322634] ThumbEE CPU extension supported.
[    0.322654] Registering SWP/SWPB emulation handler
[    0.323187] omap_voltage_late_init: Voltage driver support not added
[    0.323851] SmartReflex Class3 initialized
[    0.361762] Loading compiled-in X.509 certificates
[    0.403490] /ocp/interconnect@44c00000/segment@200000/target-module@b000/i2c@0/tda19988@70: Fixed dependency cycle(s) with /ocp/interconnect@48000000/segment@300000/target-module@e000/lcdc@0
[    0.409876] /ocp/interconnect@44c00000/segment@200000/target-module@b000/i2c@0/tda19988@70: Fixed dependency cycle(s) with /ocp/interconnect@48000000/segment@300000/target-module@e000/lcdc@0
[    0.415618] gpiochip_find_base_unlocked: found new base at 512
[    0.439476] /ocp/interconnect@44c00000/segment@200000/target-module@b000/i2c@0/tda19988@70: Fixed dependency cycle(s) with /ocp/interconnect@48000000/segment@300000/target-module@e000/lcdc@0
[    0.440359] /ocp/interconnect@44c00000/segment@200000/target-module@b000/i2c@0/tda19988@70: Fixed dependency cycle(s) with /ocp/interconnect@48000000/segment@300000/target-module@e000/lcdc@0
[    0.444166] /ocp/interconnect@44c00000/segment@200000/target-module@10000/scm@0/pinmux@800: Fixed dependency cycle(s) with /ocp/interconnect@44c00000/segment@200000/target-module@10000/scm@0/pinmux@800/clkout2-pins
[    0.444778] pinctrl-single 44e10800.pinmux: 142 pins, size 568
[    0.450069] ti-sysc 44e31000.target-module: probe with driver ti-sysc failed with error -16
[    0.475979] /ocp/interconnect@48000000/segment@300000/target-module@e000/lcdc@0: Fixed dependency cycle(s) with /ocp/interconnect@44c00000/segment@200000/target-module@b000/i2c@0/tda19988@70
[    0.484361] ti-sysc 48040000.target-module: probe with driver ti-sysc failed with error -16
[    0.495956] gpiochip_find_base_unlocked: found new base at 512
[    0.496060] gpio gpiochip0: (gpio-0-31): created GPIO range 0->7 ==> 44e10800.pinmux PIN 0->7
[    0.496081] gpio gpiochip0: (gpio-0-31): created GPIO range 8->11 ==> 44e10800.pinmux PIN 90->93
[    0.496096] gpio gpiochip0: (gpio-0-31): created GPIO range 12->27 ==> 44e10800.pinmux PIN 12->27
[    0.496111] gpio gpiochip0: (gpio-0-31): created GPIO range 28->31 ==> 44e10800.pinmux PIN 30->33
[    0.521607] gpio gpiochip0: (gpio-0-31): added GPIO chardev (254:0)
[    0.521758] gpio gpiochip0: registered GPIOs 512 to 543 on gpio-0-31
[    0.521846] OMAP GPIO hardware version 0.1
[    0.555819] i2c i2c-2: using DT '/ocp/interconnect@48000000/segment@100000/target-module@9c000/i2c@0' for 'scl' GPIO lookup
[    0.555893] of_get_named_gpiod_flags: can't parse 'scl-gpios' property of node '/ocp/interconnect@48000000/segment@100000/target-module@9c000/i2c@0[0]'
[    0.555934] of_get_named_gpiod_flags: can't parse 'scl-gpio' property of node '/ocp/interconnect@48000000/segment@100000/target-module@9c000/i2c@0[0]'
[    0.555970] i2c i2c-2: using lookup tables for GPIO lookup
[    0.555979] i2c i2c-2: No GPIO consumer scl found
[    0.556000] i2c i2c-2: using DT '/ocp/interconnect@48000000/segment@100000/target-module@9c000/i2c@0' for 'sda' GPIO lookup
[    0.556034] of_get_named_gpiod_flags: can't parse 'sda-gpios' property of node '/ocp/interconnect@48000000/segment@100000/target-module@9c000/i2c@0[0]'
[    0.556070] of_get_named_gpiod_flags: can't parse 'sda-gpio' property of node '/ocp/interconnect@48000000/segment@100000/target-module@9c000/i2c@0[0]'
[    0.556101] i2c i2c-2: using lookup tables for GPIO lookup
[    0.556108] i2c i2c-2: No GPIO consumer sda found
[    0.556813] omap_i2c 4819c000.i2c: bus 2 rev0.11 at 100 kHz
[    0.562633] gpiochip_find_base_unlocked: found new base at 544
[    0.562738] gpio gpiochip1: (gpio-32-63): created GPIO range 0->17 ==> 44e10800.pinmux PIN 34->51
[    0.562758] gpio gpiochip1: (gpio-32-63): created GPIO range 18->21 ==> 44e10800.pinmux PIN 77->80
[    0.562774] gpio gpiochip1: (gpio-32-63): created GPIO range 22->31 ==> 44e10800.pinmux PIN 56->65
[    0.577570] gpio gpiochip1: (gpio-32-63): added GPIO chardev (254:1)
[    0.577723] gpio gpiochip1: registered GPIOs 544 to 575 on gpio-32-63
[    0.580011] gpiochip_find_base_unlocked: found new base at 576
[    0.580111] gpio gpiochip2: (gpio-64-95): created GPIO range 0->4 ==> 44e10800.pinmux PIN 66->70
[    0.580131] gpio gpiochip2: (gpio-64-95): created GPIO range 5->6 ==> 44e10800.pinmux PIN 98->99
[    0.580146] gpio gpiochip2: (gpio-64-95): created GPIO range 7->8 ==> 44e10800.pinmux PIN 75->76
[    0.580162] gpio gpiochip2: (gpio-64-95): created GPIO range 13->13 ==> 44e10800.pinmux PIN 141->141
[    0.580178] gpio gpiochip2: (gpio-64-95): created GPIO range 14->21 ==> 44e10800.pinmux PIN 100->107
[    0.580815] gpio gpiochip2: (gpio-64-95): added GPIO chardev (254:2)
[    0.580954] gpio gpiochip2: registered GPIOs 576 to 607 on gpio-64-95
[    0.586840] 48000000.interconnect:segment@200000:target-module@0:mpu@0:fck: device ID is greater than 24
[    0.587741] /ocp/interconnect@48000000/segment@300000/target-module@e000/lcdc@0: Fixed dependency cycle(s) with /ocp/interconnect@44c00000/segment@200000/target-module@b000/i2c@0/tda19988@70
[    0.590564] /ocp/interconnect@48000000/segment@300000/target-module@e000/lcdc@0: Fixed dependency cycle(s) with /ocp/interconnect@44c00000/segment@200000/target-module@b000/i2c@0/tda19988@70
[    0.591273] /ocp/interconnect@44c00000/segment@200000/target-module@b000/i2c@0/tda19988@70: Fixed dependency cycle(s) with /ocp/interconnect@48000000/segment@300000/target-module@e000/lcdc@0
[    0.591630] /ocp/interconnect@48000000/segment@300000/target-module@e000/lcdc@0: Fixed dependency cycle(s) with /ocp/interconnect@44c00000/segment@200000/target-module@b000/i2c@0/tda19988@70
[    0.601266] mdio_bus 4a101000.mdio: using DT '/ocp/interconnect@4a000000/segment@0/target-module@100000/switch@0/mdio@1000' for 'reset' GPIO lookup
[    0.601342] of_get_named_gpiod_flags: can't parse 'reset-gpios' property of node '/ocp/interconnect@4a000000/segment@0/target-module@100000/switch@0/mdio@1000[0]'
[    0.601389] of_get_named_gpiod_flags: can't parse 'reset-gpio' property of node '/ocp/interconnect@4a000000/segment@0/target-module@100000/switch@0/mdio@1000[0]'
[    0.601578] mdio_bus 4a101000.mdio: using lookup tables for GPIO lookup
[    0.601591] mdio_bus 4a101000.mdio: No GPIO consumer reset found
[    0.602562] sdhci-omap 481d8000.mmc: using DT '/ocp/interconnect@48000000/segment@100000/target-module@d8000/mmc@0' for 'wp' GPIO lookup
[    0.602623] of_get_named_gpiod_flags: can't parse 'wp-gpios' property of node '/ocp/interconnect@48000000/segment@100000/target-module@d8000/mmc@0[0]'
[    0.602663] of_get_named_gpiod_flags: can't parse 'wp-gpio' property of node '/ocp/interconnect@48000000/segment@100000/target-module@d8000/mmc@0[0]'
[    0.602696] sdhci-omap 481d8000.mmc: using lookup tables for GPIO lookup
[    0.602705] sdhci-omap 481d8000.mmc: No GPIO consumer wp found
[    0.602901] sdhci-omap 481d8000.mmc: supply pbias not found, using dummy regulator
[    0.603391] sdhci-omap 481d8000.mmc: supply vqmmc not found, using dummy regulator
[    0.651566] davinci_mdio 4a101000.mdio: davinci mdio revision 1.6, bus freq 1000000
[    0.679751] mdio_bus 4a101000.mdio:00: using DT '/ocp/interconnect@4a000000/segment@0/target-module@100000/switch@0/mdio@1000/ethernet-phy@0' for 'reset' GPIO lookup
[    0.679854] of_get_named_gpiod_flags: parsed 'reset-gpios' property of node '/ocp/interconnect@4a000000/segment@0/target-module@100000/switch@0/mdio@1000/ethernet-phy@0[0]' - status (0)
[    0.680015] gpio gpiochip0: Persistence not supported for GPIO 8
[    0.809722] davinci_mdio 4a101000.mdio: phy[0]: device 4a101000.mdio:00, driver SMSC LAN8710/LAN8720
[    0.810487] cpsw-switch 4a100000.switch: initialized cpsw ale version 1.4
[    0.810509] cpsw-switch 4a100000.switch: ALE Table size 1024, Policers 0
[    0.810668] cpsw-switch 4a100000.switch: cpts: overflow check period 500 (jiffies)
[    0.810684] cpsw-switch 4a100000.switch: CPTS: ref_clk_freq:250000000 calc_mult:2147483648 calc_shift:29 error:0 nsec/sec
[    0.810802] cpsw-switch 4a100000.switch: Detected MACID = 6c:ec:eb:68:de:78
[    0.812853] cpsw-switch 4a100000.switch: initialized (regs 0x4a100000, pool size 256) hw_ver:0019010C 1.12 (0)
[    0.823804] debugfs: Directory '49000000.dma' with parent 'dmaengine' already present!
[    0.823846] edma 49000000.dma: TI EDMA DMA engine driver
[    0.860319] gpio-clk clk_mcasp0: using DT '/clk_mcasp0' for 'enable' GPIO lookup
[    0.860395] of_get_named_gpiod_flags: parsed 'enable-gpios' property of node '/clk_mcasp0[0]' - status (0)
[    0.860438] gpio gpiochip0: Persistence not supported for GPIO 27
[    0.861305] gpiochip_find_base_unlocked: found new base at 608
[    0.861650] gpio gpiochip3: (gpio-96-127): created GPIO range 0->7 ==> 44e10800.pinmux PIN 82->89
[    0.861681] gpio gpiochip3: (gpio-96-127): created GPIO range 8->11 ==> 44e10800.pinmux PIN 52->55
[    0.861697] gpio gpiochip3: (gpio-96-127): created GPIO range 12->15 ==> 44e10800.pinmux PIN 94->97
[    0.861713] gpio gpiochip3: (gpio-96-127): created GPIO range 16->17 ==> 44e10800.pinmux PIN 71->72
[    0.861728] gpio gpiochip3: (gpio-96-127): created GPIO range 18->18 ==> 44e10800.pinmux PIN 135->135
[    0.861745] gpio gpiochip3: (gpio-96-127): created GPIO range 19->20 ==> 44e10800.pinmux PIN 108->109
[    0.861761] gpio gpiochip3: (gpio-96-127): created GPIO range 21->21 ==> 44e10800.pinmux PIN 73->73
[    0.861779] gpio gpiochip3: (gpio-96-127): created GPIO range 22->23 ==> 44e10800.pinmux PIN 8->9
[    0.861797] gpio gpiochip3: (gpio-96-127): created GPIO range 26->27 ==> 44e10800.pinmux PIN 10->11
[    0.861816] gpio gpiochip3: (gpio-96-127): created GPIO range 28->28 ==> 44e10800.pinmux PIN 74->74
[    0.861834] gpio gpiochip3: (gpio-96-127): created GPIO range 29->29 ==> 44e10800.pinmux PIN 81->81
[    0.861852] gpio gpiochip3: (gpio-96-127): created GPIO range 30->31 ==> 44e10800.pinmux PIN 28->29
[    0.875957] gpio gpiochip3: (gpio-96-127): added GPIO chardev (254:3)
[    0.876115] gpio gpiochip3: registered GPIOs 608 to 639 on gpio-96-127
[    0.878002] omap8250 44e09000.serial: using DT '/ocp/interconnect@44c00000/segment@200000/target-module@9000/serial@0' for 'rs485-term' GPIO lookup
[    0.878073] of_get_named_gpiod_flags: can't parse 'rs485-term-gpios' property of node '/ocp/interconnect@44c00000/segment@200000/target-module@9000/serial@0[0]'
[    0.878115] of_get_named_gpiod_flags: can't parse 'rs485-term-gpio' property of node '/ocp/interconnect@44c00000/segment@200000/target-module@9000/serial@0[0]'
[    0.878151] omap8250 44e09000.serial: using lookup tables for GPIO lookup
[    0.878160] omap8250 44e09000.serial: No GPIO consumer rs485-term found
[    0.878169] omap8250 44e09000.serial: using DT '/ocp/interconnect@44c00000/segment@200000/target-module@9000/serial@0' for 'rs485-rx-during-tx' GPIO lookup
[    0.878204] of_get_named_gpiod_flags: can't parse 'rs485-rx-during-tx-gpios' property of node '/ocp/interconnect@44c00000/segment@200000/target-module@9000/serial@0[0]'
[    0.878241] of_get_named_gpiod_flags: can't parse 'rs485-rx-during-tx-gpio' property of node '/ocp/interconnect@44c00000/segment@200000/target-module@9000/serial@0[0]'
[    0.878271] omap8250 44e09000.serial: using lookup tables for GPIO lookup
[    0.878279] omap8250 44e09000.serial: No GPIO consumer rs485-rx-during-tx found
[    0.878649] 44e09000.serial: ttyS0 at MMIO 0x44e09000 (irq = 34, base_baud = 3000000) is a 8250
[    0.878744] printk: legacy console [ttyS0] enabled
[    2.359533] i2c i2c-0: using DT '/ocp/interconnect@44c00000/segment@200000/target-module@b000/i2c@0' for 'scl' GPIO lookup
[    2.359623] of_get_named_gpiod_flags: can't parse 'scl-gpios' property of node '/ocp/interconnect@44c00000/segment@200000/target-module@b000/i2c@0[0]'
[    2.359668] of_get_named_gpiod_flags: can't parse 'scl-gpio' property of node '/ocp/interconnect@44c00000/segment@200000/target-module@b000/i2c@0[0]'
[    2.359708] i2c i2c-0: using lookup tables for GPIO lookup
[    2.359721] i2c i2c-0: No GPIO consumer scl found
[    2.359745] i2c i2c-0: using DT '/ocp/interconnect@44c00000/segment@200000/target-module@b000/i2c@0' for 'sda' GPIO lookup
[    2.359784] of_get_named_gpiod_flags: can't parse 'sda-gpios' property of node '/ocp/interconnect@44c00000/segment@200000/target-module@b000/i2c@0[0]'
[    2.359824] of_get_named_gpiod_flags: can't parse 'sda-gpio' property of node '/ocp/interconnect@44c00000/segment@200000/target-module@b000/i2c@0[0]'
[    2.359859] i2c i2c-0: using lookup tables for GPIO lookup
[    2.359869] i2c i2c-0: No GPIO consumer sda found
[    2.372465] tps65217-pmic: Failed to locate of_node [id: -1]
[    2.378528] tps65217-bl: Failed to locate of_node [id: -1]
[    2.384583] platform tps65217-charger: DMA mask not set
[    2.390631] platform tps65217-pwrbutton: DMA mask not set
[    2.397991] tps65217 0-0024: TPS65217 ID 0xe version 1.2
[    2.404131] /ocp/interconnect@48000000/segment@300000/target-module@e000/lcdc@0: Fixed dependency cycle(s) with /ocp/interconnect@44c00000/segment@200000/target-module@b000/i2c@0/tda19988@70
[    2.421557] /ocp/interconnect@44c00000/segment@200000/target-module@b000/i2c@0/tda19988@70: Fixed dependency cycle(s) with /ocp/interconnect@48000000/segment@300000/target-module@e000/lcdc@0
[    2.438895] omap_i2c 44e0b000.i2c: bus 0 rev0.11 at 400 kHz
[    2.446579] sdhci-omap 48060000.mmc: using DT '/ocp/interconnect@48000000/segment@0/target-module@60000/mmc@0' for 'cd' GPIO lookup
[    2.446686] of_get_named_gpiod_flags: parsed 'cd-gpios' property of node '/ocp/interconnect@48000000/segment@0/target-module@60000/mmc@0[0]' - status (0)
[    2.446752] gpio gpiochip3: Persistence not supported for GPIO 6
[    2.446778] omap_gpio 44e07000.gpio: Could not set line 6 debounce to 200000 microseconds (-22)
[    2.455714] sdhci-omap 48060000.mmc: Got CD GPIO
[    2.460369] sdhci-omap 48060000.mmc: using DT '/ocp/interconnect@48000000/segment@0/target-module@60000/mmc@0' for 'wp' GPIO lookup
[    2.460419] of_get_named_gpiod_flags: can't parse 'wp-gpios' property of node '/ocp/interconnect@48000000/segment@0/target-module@60000/mmc@0[0]'
[    2.460464] of_get_named_gpiod_flags: can't parse 'wp-gpio' property of node '/ocp/interconnect@48000000/segment@0/target-module@60000/mmc@0[0]'
[    2.460502] sdhci-omap 48060000.mmc: using lookup tables for GPIO lookup
[    2.460515] sdhci-omap 48060000.mmc: No GPIO consumer wp found
[    2.460726] sdhci-omap 48060000.mmc: supply pbias not found, using dummy regulator
[    2.469516] sdhci-omap 481d8000.mmc: using DT '/ocp/interconnect@48000000/segment@100000/target-module@d8000/mmc@0' for 'wp' GPIO lookup
[    2.469591] of_get_named_gpiod_flags: can't parse 'wp-gpios' property of node '/ocp/interconnect@48000000/segment@100000/target-module@d8000/mmc@0[0]'
[    2.469640] of_get_named_gpiod_flags: can't parse 'wp-gpio' property of node '/ocp/interconnect@48000000/segment@100000/target-module@d8000/mmc@0[0]'
[    2.469679] sdhci-omap 481d8000.mmc: using lookup tables for GPIO lookup
[    2.469692] sdhci-omap 481d8000.mmc: No GPIO consumer wp found
[    2.470698] sdhci-omap 48060000.mmc: supply vqmmc not found, using dummy regulator
[    2.479953] sdhci-omap 481d8000.mmc: supply pbias not found, using dummy regulator
[    2.489698] sdhci-omap 481d8000.mmc: supply vqmmc not found, using dummy regulator
