Labgrid Console Logfile for main
Logfile started at 2025-03-06 12:06:37.824730
=== Log starts here ===

U-Boot SPL 2014.04-00014-g47880f5 (Apr 22 2014 - 13:23:54)
reading args
spl_load_image_fat_os: error reading image args, err - -1
reading u-boot.img
reading u-boot.img


U-Boot 2014.04-00014-g47880f5 (Apr 22 2014 - 13:23:54)

I2C:   ready
DRAM:  512 MiB
NAND:  0 MiB
MMC:   OMAP SD/MMC: 0, OMAP SD/MMC: 1
*** Warning - readenv() failed, using default environment

Net:   <ethaddr> not set. Validating first E-fuse MAC
cpsw, usb_ether
Hit any key to stop autoboot:  1  0 
gpio: pin 53 (gpio 53) value is 1
mmc0 is current device
gpio: pin 54 (gpio 54) value is 1
SD/MMC found on device 0
reading uEnv.txt
569 bytes read in 3 ms (184.6 KiB/s)
gpio: pin 55 (gpio 55) value is 1
Loaded environment from uEnv.txt
Importing environment from mmc ...
Checking if uenvcmd is set ...
gpio: pin 56 (gpio 56) value is 1
Running uenvcmd ...
cpsw Waiting for PHY auto negotiation to complete. done
link up on port 0, speed 100, full duplex
Using cpsw device
TFTP from server 192.168.255.126; our IP address is 192.168.255.1
Filename 'zImage'.
Load address: 0x81000000
Loading: *#################################################################
	 #################################################################
	 #################################################################
	 #################################################################
	 #################################################################
	 ######################################################
	 2.4 MiB/s
done
Bytes transferred = 5558592 (54d140 hex)
link up on port 0, speed 100, full duplex
Using cpsw device
TFTP from server 192.168.255.126; our IP address is 192.168.255.1
Filename 'am335x-boneblack.dtb'.
Load address: 0x82000000
Loading: *#######
	 1.4 MiB/s
done
Bytes transferred = 98244 (17fc4 hex)
Kernel image @ 0x81000000 [ 0x000000 - 0x54d140 ]
## Flattened Device Tree blob at 82000000
   Booting using the fdt blob at 0x82000000
   Using Device Tree in place at 82000000, end 8201afc3

Starting kernel ...

[    0.000000] Booting Linux on physical CPU 0x0
[    0.000000] Linux version 6.14.0-rc5-next-20250306 (user01@drvtest01) (arm-none-eabi-gcc (Arm GNU Toolchain 14.2.Rel1 (Build arm-14.52)) 14.2.1 20241119, GNU ld (Arm GNU Toolchain 14.2.Rel1 (Build arm-14.52)) 2.43.1.20241119) #1 SMP Thu Mar  6 12:05:20 EET 2025
[    0.000000] CPU: ARMv7 Processor [413fc082] revision 2 (ARMv7), cr=10c5387d
[    0.000000] CPU: PIPT / VIPT nonaliasing data cache, VIPT aliasing instruction cache
[    0.000000] OF: fdt: Machine model: TI AM335x BeagleBone Black
[    0.000000] Memory policy: Data cache writeback
[    0.000000] cma: Reserved 16 MiB at 0x00000000
[    0.000000] Zone ranges:
[    0.000000]   Normal   [mem 0x0000000080000000-0x000000009fdfffff]
[    0.000000]   HighMem  empty
[    0.000000] Movable zone start for each node
[    0.000000] Early memory node ranges
[    0.000000]   node   0: [mem 0x0000000080000000-0x000000009fdfffff]
[    0.000000] Initmem setup node 0 [mem 0x0000000080000000-0x000000009fdfffff]
[    0.000000] OF: reserved mem: Reserved memory: No reserved-memory node in the DT
[    0.000000] CPU: All CPU(s) started in SVC mode.
[    0.000000] AM335X ES2.1 (sgx neon)
[    0.000000] percpu: Embedded 17 pages/cpu s39692 r8192 d21748 u69632
[    0.000000] Kernel command line: console=ttyO0,115200n8 root=/dev/nfs rw nfsroot=192.168.255.126:/home/user01/nfs,nfsvers=3 ip=192.168.255.1:192.168.255.126::255.255.255.0:bbb1:eth0 nfsrootdebug
[    0.000000] Unknown kernel command line parameters "nfsrootdebug", will be passed to user space.
[    0.000000] printk: log buffer data + meta data: 65536 + 204800 = 270336 bytes
[    0.000000] Dentry cache hash table entries: 65536 (order: 6, 262144 bytes, linear)
[    0.000000] Inode-cache hash table entries: 32768 (order: 5, 131072 bytes, linear)
[    0.000000] Built 1 zonelists, mobility grouping on.  Total pages: 130560
[    0.000000] mem auto-init: stack:off, heap alloc:off, heap free:off
[    0.000000] SLUB: HWalign=16, Order=0-3, MinObjects=0, CPUs=1, Nodes=1
[    0.000000] rcu: Hierarchical RCU implementation.
[    0.000000] rcu: 	RCU event tracing is enabled.
[    0.000000] rcu: 	RCU restricting CPUs from NR_CPUS=2 to nr_cpu_ids=1.
[    0.000000] 	Tracing variant of Tasks RCU enabled.
[    0.000000] rcu: RCU calculated value of scheduler-enlistment delay is 10 jiffies.
[    0.000000] rcu: Adjusting geometry for rcu_fanout_leaf=16, nr_cpu_ids=1
[    0.000000] RCU Tasks Trace: Setting shift to 0 and lim to 1 rcu_task_cb_adjust=1 rcu_task_cpu_ids=1.
[    0.000000] NR_IRQS: 16, nr_irqs: 16, preallocated irqs: 16
[    0.000000] IRQ: Found an INTC at 0x(ptrval) (revision 5.0) with 128 interrupts
[    0.000000] rcu: srcu_init: Setting srcu_struct sizes based on contention.
[    0.000000] TI gptimer clocksource: always-on /ocp/interconnect@44c00000/segment@200000/target-module@31000
[    0.000003] sched_clock: 32 bits at 24MHz, resolution 41ns, wraps every 89478484971ns
[    0.000027] clocksource: dmtimer: mask: 0xffffffff max_cycles: 0xffffffff, max_idle_ns: 79635851949 ns
[    0.000503] TI gptimer clockevent: 24000000 Hz at /ocp/interconnect@48000000/segment@0/target-module@40000
[    0.002124] Console: colour dummy device 80x30
[    0.002189] WARNING: Your 'console=ttyO0' has been replaced by 'ttyS0'
[    0.002197] This ensures that you still see kernel messages. Please
[    0.002201] update your kernel commandline.
[    0.002245] Calibrating delay loop... 996.14 BogoMIPS (lpj=4980736)
[    0.090554] CPU: Testing write buffer coherency: ok
[    0.090653] CPU0: Spectre v2: using BPIALL workaround
[    0.090663] pid_max: default: 32768 minimum: 301
[    0.090820] LSM: initializing lsm=capability
[    0.091003] Mount-cache hash table entries: 1024 (order: 0, 4096 bytes, linear)
[    0.091022] Mountpoint-cache hash table entries: 1024 (order: 0, 4096 bytes, linear)
[    0.092602] CPU0: thread -1, cpu 0, socket -1, mpidr 0
[    0.092658] cacheinfo: Unable to detect cache hierarchy for CPU 0
[    0.150745] Setting up static identity map for 0x80100000 - 0x80100078
[    0.160701] rcu: Hierarchical SRCU implementation.
[    0.160712] rcu: 	Max phase no-delay instances is 1000.
[    0.162449] smp: Bringing up secondary CPUs ...
[    0.162505] smp: Brought up 1 node, 1 CPU
[    0.162516] SMP: Total of 1 processors activated (996.14 BogoMIPS).
[    0.162527] CPU: All CPU(s) started in SVC mode.
[    0.162708] Memory: 480824K/522240K available (11264K kernel code, 1216K rwdata, 2900K rodata, 1024K init, 289K bss, 23384K reserved, 16384K cma-reserved, 0K highmem)
[    0.163529] devtmpfs: initialized
[    0.180915] VFP support v0.3: implementor 41 architecture 3 part 30 variant c rev 3
[    0.181598] clocksource: jiffies: mask: 0xffffffff max_cycles: 0xffffffff, max_idle_ns: 19112604462750000 ns
[    0.181641] futex hash table entries: 256 (order: 2, 16384 bytes, linear)
[    0.182778] pinctrl core: initialized pinctrl subsystem
[    0.185444] NET: Registered PF_NETLINK/PF_ROUTE protocol family
[    0.188245] DMA: preallocated 256 KiB pool for atomic coherent allocations
[    0.189167] audit: initializing netlink subsys (disabled)
[    0.190530] thermal_sys: Registered thermal governor 'fair_share'
[    0.190543] thermal_sys: Registered thermal governor 'step_wise'
[    0.190551] thermal_sys: Registered thermal governor 'user_space'
[    0.190791] audit: type=2000 audit(0.000:1): state=initialized audit_enabled=0 res=1
[    0.190869] cpuidle: using governor menu
[    0.208768] /ocp/interconnect@44c00000/segment@200000/target-module@b000/i2c@0/tda19988@70: Fixed dependency cycle(s) with /ocp/interconnect@48000000/segment@300000/target-module@e000/lcdc@0
[    0.209872] /ocp/interconnect@48000000/segment@300000/target-module@e000/lcdc@0: Fixed dependency cycle(s) with /ocp/interconnect@44c00000/segment@200000/target-module@b000/i2c@0/tda19988@70
[    0.212219] No ATAGs?
[    0.212264] hw-breakpoint: debug architecture 0x4 unsupported.
[    0.214975] kprobes: kprobe jump-optimization is enabled. All kprobes are optimized if possible.
[    0.224093] iommu: Default domain type: Translated
[    0.224114] iommu: DMA domain TLB invalidation policy: strict mode
[    0.231702] SCSI subsystem initialized
[    0.232553] pps_core: LinuxPPS API ver. 1 registered
[    0.232562] pps_core: Software ver. 5.3.6 - Copyright 2005-2007 Rodolfo Giometti <giometti@linux.it>
[    0.232586] PTP clock support registered
[    0.240917] vgaarb: loaded
[    0.241272] clocksource: Switched to clocksource dmtimer
[    0.241940] VFS: Disk quotas dquot_6.6.0
[    0.241993] VFS: Dquot-cache hash table entries: 1024 (order 0, 4096 bytes)
[    0.266202] NET: Registered PF_INET protocol family
[    0.266538] IP idents hash table entries: 8192 (order: 4, 65536 bytes, linear)
[    0.267978] tcp_listen_portaddr_hash hash table entries: 512 (order: 0, 4096 bytes, linear)
[    0.268016] Table-perturb hash table entries: 65536 (order: 6, 262144 bytes, linear)
[    0.268034] TCP established hash table entries: 4096 (order: 2, 16384 bytes, linear)
[    0.268079] TCP bind hash table entries: 4096 (order: 4, 65536 bytes, linear)
[    0.268178] TCP: Hash tables configured (established 4096 bind 4096)
[    0.268295] UDP hash table entries: 256 (order: 1, 14336 bytes, linear)
[    0.268332] UDP-Lite hash table entries: 256 (order: 1, 14336 bytes, linear)
[    0.268516] NET: Registered PF_UNIX/PF_LOCAL protocol family
[    0.272083] RPC: Registered named UNIX socket transport module.
[    0.272105] RPC: Registered udp transport module.
[    0.272110] RPC: Registered tcp transport module.
[    0.272115] RPC: Registered tcp-with-tls transport module.
[    0.272120] RPC: Registered tcp NFSv4.1 backchannel transport module.
[    0.272145] PCI: CLS 0 bytes, default 64
[    0.273553] Initialise system trusted keyrings
[    0.282090] workingset: timestamp_bits=14 max_order=17 bucket_order=3
[    0.283449] NFS: Registering the id_resolver key type
[    0.283557] Key type id_resolver registered
[    0.283565] Key type id_legacy registered
[    0.283672] jffs2: version 2.2. (NAND) (SUMMARY)  Â© 2001-2006 Red Hat, Inc.
[    0.284088] Key type asymmetric registered
[    0.284102] Asymmetric key parser 'x509' registered
[    0.284164] io scheduler mq-deadline registered
[    0.284173] io scheduler kyber registered
[    0.284247] io scheduler bfq registered
[    0.285817] ledtrig-cpu: registered to indicate activity on CPUs
[    0.292139] Serial: 8250/16550 driver, 6 ports, IRQ sharing enabled
[    0.332188] brd: module loaded
[    0.349283] loop: module loaded
[    0.350191] mtdoops: mtd device (mtddev=name/number) must be supplied
[    0.354042] i2c_dev: i2c /dev entries driver
[    0.355012] cpuidle: enable-method property 'ti,am3352' found operations
[    0.355463] sdhci: Secure Digital Host Controller Interface driver
[    0.355472] sdhci: Copyright(c) Pierre Ossman
[    0.355648] sdhci-pltfm: SDHCI platform and OF driver helper
[    0.356651] Initializing XFRM netlink socket
[    0.356818] NET: Registered PF_INET6 protocol family
[    0.369290] Segment Routing with IPv6
[    0.369386] In-situ OAM (IOAM) with IPv6
[    0.369487] sit: IPv6, IPv4 and MPLS over IPv4 tunneling driver
[    0.370441] NET: Registered PF_PACKET protocol family
[    0.370474] NET: Registered PF_KEY protocol family
[    0.370592] Key type dns_resolver registered
[    0.370814] ThumbEE CPU extension supported.
[    0.370834] Registering SWP/SWPB emulation handler
[    0.371532] omap_voltage_late_init: Voltage driver support not added
[    0.371888] SmartReflex Class3 initialized
[    0.394834] Loading compiled-in X.509 certificates
[    0.433735] /ocp/interconnect@44c00000/segment@200000/target-module@b000/i2c@0/tda19988@70: Fixed dependency cycle(s) with /ocp/interconnect@48000000/segment@300000/target-module@e000/lcdc@0
[    0.440099] /ocp/interconnect@44c00000/segment@200000/target-module@b000/i2c@0/tda19988@70: Fixed dependency cycle(s) with /ocp/interconnect@48000000/segment@300000/target-module@e000/lcdc@0
[    0.466292] /ocp/interconnect@44c00000/segment@200000/target-module@b000/i2c@0/tda19988@70: Fixed dependency cycle(s) with /ocp/interconnect@48000000/segment@300000/target-module@e000/lcdc@0
[    0.467150] /ocp/interconnect@44c00000/segment@200000/target-module@b000/i2c@0/tda19988@70: Fixed dependency cycle(s) with /ocp/interconnect@48000000/segment@300000/target-module@e000/lcdc@0
[    0.470498] /ocp/interconnect@44c00000/segment@200000/target-module@10000/scm@0/pinmux@800: Fixed dependency cycle(s) with /ocp/interconnect@44c00000/segment@200000/target-module@10000/scm@0/pinmux@800/clkout2-pins
[    0.471096] pinctrl-single 44e10800.pinmux: 142 pins, size 568
[    0.476610] ti-sysc 44e31000.target-module: probe with driver ti-sysc failed with error -16
[    0.522672] /ocp/interconnect@48000000/segment@300000/target-module@e000/lcdc@0: Fixed dependency cycle(s) with /ocp/interconnect@44c00000/segment@200000/target-module@b000/i2c@0/tda19988@70
[    0.530495] ti-sysc 48040000.target-module: probe with driver ti-sysc failed with error -16
[    0.578283] OMAP GPIO hardware version 0.1
[    0.592733] omap_i2c 4819c000.i2c: bus 2 rev0.11 at 100 kHz
[    0.643345] 48000000.interconnect:segment@200000:target-module@0:mpu@0:fck: device ID is greater than 24
[    0.644222] /ocp/interconnect@48000000/segment@300000/target-module@e000/lcdc@0: Fixed dependency cycle(s) with /ocp/interconnect@44c00000/segment@200000/target-module@b000/i2c@0/tda19988@70
[    0.646946] /ocp/interconnect@48000000/segment@300000/target-module@e000/lcdc@0: Fixed dependency cycle(s) with /ocp/interconnect@44c00000/segment@200000/target-module@b000/i2c@0/tda19988@70
[    0.647638] /ocp/interconnect@44c00000/segment@200000/target-module@b000/i2c@0/tda19988@70: Fixed dependency cycle(s) with /ocp/interconnect@48000000/segment@300000/target-module@e000/lcdc@0
[    0.647796] /ocp/interconnect@48000000/segment@300000/target-module@e000/lcdc@0: Fixed dependency cycle(s) with /ocp/interconnect@44c00000/segment@200000/target-module@b000/i2c@0/tda19988@70
[    0.658978] sdhci-omap 481d8000.mmc: supply pbias not found, using dummy regulator
[    0.659477] sdhci-omap 481d8000.mmc: supply vqmmc not found, u sing dummy regulator
[    0.701895] davinci_mdio 4a101000.mdi o: davinci mdio revision 1.6, bus freq 1000000
[    0.853996] davinci_mdio 4a101000.mdio: phy[0]: device 4a101000.mdio:00, driver SMSC LAN8710/LAN8720
[    0.854763] cpsw-switch 4a100000.switcID = 6c:ec:eb:68:de:78
[    0.856909] cpsw-switch 4a100000.switch: initialized (regs 0x4a100000, pool size 256) hw_ver:0019010C 1.12 (0)
[    0.867909] debugfs: Directory '49000000.dma' with parent 'dmaengine' already present!
[    0.867951] edma 49000000.dma: TI EDMA DMA engine driver
[    0.915619] target-module@4b000000:target-module@140000:pmu@0:fck: device ID is greater than 24
[    0.926332] hw perfevents: enabled with armv7_cortex_a8 PMU driver, 5 (8000000f) counters available
[    0.934073] l3-aon-clkctrl:0000:0: failed to disable
[    0.950367] 44e09000.serial: ttyS0 at MMIO 0x44e09000 (irq = 34, base_baud = 3000000) is a 8250
[    0.950453] printk: legacy console [ttyS0] enabled
[    2.432247] tps65217-pmic: Failed to locate of_node [id: -1]
[    2.438305] tps65217-bl: Failed to locate of_node [id: -1]
[    2.449605] tps65217 0-0024: TPS65217 ID 0xe version 1.2
[    2.455749] /ocp/interconnect@48000000/segment@300000/target-module@e000/lcdc@0: Fixed dependency cycle(s) with /ocp/interconnect@44c00000/segment@200000/target-module@b000/i2c@0/tda19988@70
[    2.473112] /ocp/interconnect@44c00000/segment@200000/target-module@b000/i2c@0/tda19988@70: Fixed dependency cycle(s) with /ocp/interconnect@48000000/segment@300000/target-module@e000/lcdc@0
[    2.490484] omap_i2c 44e0b000.i2c: bus 0 rev0.11 at 400 kHz
[    2.498465] omap_gpio 44e07000.gpio: Could not set line 6 debounce to 200000 microseconds (-22)
[    2.507342] sdhci-omap 48060000.mmc: Got CD GPIO
[    2.512375] sdhci-omap 48060000.mmc: supply pbias not found, using dummy regulator
[    2.522645] sdhci-omap 48060000.mmc: supply vqmmc not found, using dummy regulator
[    2.531603] sdhci-omap 481d8000.mmc: supply pbias not found, using dummy regulator
[    2.539594] sdhci-omap 481d8000.mmc: supply vqmmc not found, using dummy regulator
[    2.578609] mmc1: SDHCI controller on 481d8000.mmc [481d8000.mmc] using External DMA
[    2.587110] mmc0: SDHCI controller on 48060000.mmc [48060000.mmc] using External DMA
[    2.595980] cpsw-switch 4a100000.switch: starting ndev. mode: dual_mac
[    2.640435] mmc0: new high speed SDHC card at address 5048
[    2.647486] mmcblk0: mmc0:5048 SD16G 14.4 GiB
[    2.655479]  mmcblk0: p1 p2
[    2.658851] mmcblk0: p2 size 31221760 extends beyond EOD, truncated
[    2.672573] SMSC LAN8710/LAN8720 4a101000.mdio:00: attached PHY driver (mii_bus:phy_addr=4a101000.mdio:00, irq=POLL)
[    2.685086] mmc1: new high speed MMC card at address 0001
[    2.692044] mmcblk1: mmc1:0001 MMC04G 3.60 GiB
[    2.703585]  mmcblk1: p1 p2
[    2.707831] mmcblk1boot0: mmc1:0001 MMC04G 2.00 MiB
[    2.715190] mmcblk1boot1: mmc1:0001 MMC04G 2.00 MiB
[    2.722577] mmcblk1rpmb: mmc1:0001 MMC04G 128 KiB, chardev (250:0)
[    5.842048] cpsw-switch 4a100000.switch eth0: Link is Up - 100Mbps/Full - flow control off
[    5.871290] IP-Config: Complete:
[    5.874564]      device=eth0, hwaddr=6c:ec:eb:68:de:78, ipaddr=192.168.255.1, mask=255.255.255.0, gw=255.255.255.255
[    5.885209]      host=bbb1, domain=, nis-domain=(none)
[    5.890378]      bootserver=192.168.255.126, rootserver=192.168.255.126, rootpath=
[    5.890793] clk: Disabling unused clocks
[    5.902653] PM: genpd: Disabling unused power domains
[    5.907769] KTAP version 1
[    5.910489] 1..0
[    5.939458] VFS: Mounted root (nfs filesystem) on device 0:17.
[    5.946588] devtmpfs: mounted
[    5.951044] Freeing unused kernel image (initmem) memory: 1024K
[    5.957908] Run /sbin/init as init process
[    6.652291] systemd[1]: System time before build time, advancing clock.
[    8.131309] random: crng init done
[    8.172527] systemd[1]: systemd 232 running in system mode. (+PAM +AUDIT +SELINUX +IMA +APPARMOR +SMACK +SYSVINIT +UTMP +LIBCRYPTSETUP +GCRYPT +GNUTLS +ACL +XZ +LZ4 +SECCOMP +BLKID +ELFUTILS +KMOD +IDN)
[    8.191758] systemd[1]: Detected architecture arm.

Welcome to [1mDebian GNU/Linux 9 (stretch)[0m!

[    8.224422] systemd[1]: Set hostname to <arm>.
[    9.312380] systemd[1]: Started Forward Password Requests to Wall Directory Watch.
[[0;32m  OK  [0m] Started Forward Password Requests to Wall Directory Watch.
[    9.343170] systemd[1]: Listening on Syslog Socket.
[[0;32m  OK  [0m] Listening on Syslog Socket.
[    9.372205] systemd[1]: Started Dispatch Password Requests to Console Directory Watch.
[[0;32m  OK  [0m] Started Dispatch Password Requests to Console Directory Watch.
[    9.402387] systemd[1]: Listening on Journal Audit Socket.
[[0;32m  OK  [0m] Listening on Journal Audit Socket.
[    9.433085] systemd[1]: Set up automount Arbitrary Executable File Formats File System Automount Point.
[[0;32m  OK  [0m] Set up automount Arbitrary Executabâ€¦rmats File System Automount Point.
[    9.462067] systemd[1]: Listening on Journal Socket (/dev/log).
[[0;32m  OK  [0m] Listening on Journal Socket (/dev/log).
[    9.493333] systemd[1]: Listening on /dev/initctl Compatibility Named Pipe.
[[0;32m  OK  [0m] Listening on /dev/initctl Compatibility Named Pipe.
[[0;32m  OK  [0m] Reached target Swap.
[[0;32m  OK  [0m] Listening on Journal Socket.
[[0;32m  OK  [0m] Listening on udev Kernel Socket.
[[0;32m  OK  [0m] Created slice User and Session Slice.
[[0;32m  OK  [0m] Reached target Remote File Systems.
[[0;32m  OK  [0m] Created slice System Slice.
         Starting Create list of required stâ€¦ce nodes for the current kernel...
[[0;32m  OK  [0m] Created slice system-getty.slice.
         Mounting POSIX Message Queue File System...
         Mounting Debug File System...
[[0;32m  OK  [0m] Listening on udev Control Socket.
         Starting Load Kernel Modules...
         Starting Remount Root and Kernel File Systems...
[[0;32m  OK  [0m] Reached target Paths.
[[0;32m  OK  [0m] Reached target Slices.
[[0;32m  OK  [0m] Reached target Encrypted Volumes.
[[0;32m  OK  [0m] Created slice system-serial\x2dgetty.slice.
         Starting Journal Service...
[[0;32m  OK  [0m] Mounted POSIX Message Queue File System.
[[0;32m  OK  [0m] Mounted Debug File System.
[[0;32m  OK  [0m] Started Create list of required staâ€¦vice nodes for the current kernel.
         Starting Create Static Device Nodes in /dev...
[[0;32m  OK  [0m] Started Remount Root and Kernel File Systems.
[[0;32m  OK  [0m] Started Load Kernel Modules.
         Mounting Configuration File System...
         Starting Apply Kernel Variables...
         Starting Load/Save Random Seed...
         Starting udev Coldplug all Devices...
[[0;32m  OK  [0m] Mounted Configuration File System.
[[0;32m  OK  [0m] Started Apply Kernel Variables.
[[0;32m  OK  [0m] Started Load/Save Random Seed.
[[0;32m  OK  [0m] Started Create Static Device Nodes in /dev.
         Starting udev Kernel Device Manager...
[[0;32m  OK  [0m] Reached target Local File Systems (Pre).
[[0;32m  OK  [0m] Reached target Local File Systems.
         Starting Raise network interfaces...
[[0;32m  OK  [0m] Started Journal Service.
         Starting Flush Journal to Persistent Storage...
[   11.778931] systemd-journald[94]: Received request to flush runtime journal from PID 1
[[0;32m  OK  [0m] Started Flush Journal to Persistent Storage.
         Starting Create Volatile Files and Directories...
[[0;32m  OK  [0m] Started udev Kernel Device Manager.
[[0;32m  OK  [0m] Started Create Volatile Files and Directories.
         Starting Network Time Synchronization...
         Starting Update UTMP about System Boot/Shutdown...
[[0;32m  OK  [0m] Started udev Coldplug all Devices.
[   14.643450] remoteproc remoteproc0: wkup_m3 is available
[   14.927448] at24 2-0054: supply vcc not found, using dummy regulator
[[0;32m  OK  [0m] Started Update UTMP about System Boot/Shutdown.
[   15.066611] at24 2-0055: supply vcc not found, using dummy regulator
[   15.209566] at24 2-0056: supply vcc not found, using dummy regulator
[   15.297456] tps6521x_pwrbutton tps65217-pwrbutton: DMA mask not set
[   15.359932] at24 2-0057: supply vcc not found, using dummy regulator
[   15.437296] input: tps65217_pwrbutton as /devices/platform/ocp/44c00000.interconnect/44c00000.interconnect:segment@200000/44e0b000.target-module/44e0b000.i2c/i2c-0/0-0024/tps65217-pwrbutton/input/input0
[[0;32m  OK  [0m] Found device /dev/ttyS0.
[   15.502114] at24 0-0050: 32768 byte 24c256 EEPROM, writable, 1 bytes/write
[   15.681160] wkup_m3_ipc 44e11324.wkup_m3_ipc: IPC Request for A8->M3 Channel failed! -517
[   15.782070] omap_rtc 44e3e000.rtc: registered as rtc0
[   15.787281] omap_rtc 44e3e000.rtc: setting system clock to 2000-01-01T00:00:00 UTC (946684800)
[   15.804400] wkup_m3_ipc 44e11324.wkup_m3_ipc: IPC Request for A8->M3 Channel failed! -517
[   15.972730] wkup_m3_ipc 44e11324.wkup_m3_ipc: IPC Request for A8->M3 Channel failed! -517
[   16.089670] omap_wdt: OMAP Watchdog Timer Rev 0x01: initial timeout 60 sec
[   16.101838] wkup_m3_ipc 44e11324.wkup_m3_ipc: IPC Request for A8->M3 Channel failed! -517
[[0;32m  OK  [0m] Started Network Time Synchronization.
[[0;32m  OK  [0m] Reached target System Initialization.
[[0;32m  OK  [0m] Started Daily Cleanup of Temporary Directories.
[   16.322987] am335x-phy-driver 47401300.usb-phy: dummy supplies not allowed for exclusive requests (id=vbus)
[[0;32m  OK  [0m] Listening on D-Bus System Message Bus Socket.
[[0;32m  OK  [0m] Listening on Avahi mDNS/DNS-SD Stack Activation Socket.
[[0;32m  OK  [0m] Reached target Sockets.
[[0;32m  OK  [0m] Reached target Basic System.
[   16.580483] usbcore: registered new interface driver usbfs
[   16.586284] usbcore: registered new interface driver hub
[   16.591808] usbcore: registered new device driver usb
         Starting Generic Board Startup...
[   16.754878] am335x-phy-driver 47401b00.usb-phy: dummy supplies not allowed for exclusive requests (id=vbus)
[   16.766036] wkup_m3_ipc 44e11324.wkup_m3_ipc: IPC Request for A8->M3 Channel failed! -517
         Starting Telephony service...
[   16.958660] wkup_m3_ipc 44e11324.wkup_m3_ipc: IPC Request for A8->M3 Channel failed! -517
         Starting System Logging Service...
[   17.026193] tda998x 0-0070: found TDA19988
[   17.157195] wkup_m3_ipc 44e11324.wkup_m3_ipc: IPC Request for A8->M3 Channel failed! -517
         Starting LSB: Load kernel modules needed to enable cpufreq scaling...
[   17.353025] wkup_m3_ipc 44e11324.wkup_m3_ipc: IPC Request for A8->M3 Channel failed! -517
[[0;32m  OK  [0m] Started Regular background program processing daemon.
[   17.522941] musb-hdrc musb-hdrc.1: MUSB HDRC host driver
[   17.528361] musb-hdrc musb-hdrc.1: new USB bus registered, assigned bus number 1
[   17.550388] wkup_m3_ipc 44e11324.wkup_m3_ipc: IPC Request for A8->M3 Channel failed! -517
         Starting Avahi mDNS/DNS-SD Stack...
[   17.822278] usb usb1: New USB device found, idVendor=1d6b, idProduct=0002, bcdDevice= 6.14
[   17.830644] usb usb1: New USB device strings: Mfr=3, Product=2, SerialNumber=1
[   17.837967] usb usb1: Product: MUSB HDRC host driver
[   17.843030] usb usb1: Manufacturer: Linux 6.14.0-rc5-next-20250306 musb-hcd
[   17.850029] usb usb1: SerialNumber: musb-hdrc.1
         Starting DUN service...
[   17.958391] omap-mailbox 480c8000.mailbox: omap mailbox rev 0x400
         Starting LSB: Start busybox udhcpd at boot time...
[   18.059726] remoteproc remoteproc0: powering up wkup_m3
[[0;32m  OK  [0m] Started D-Bus System Message Bus.
[   18.286179] remoteproc remoteproc0: Direct firmware load for am335x-pm-firmware.elf failed with error -2
[   18.296488] remoteproc remoteproc0: request_firmware failed: -2
[   18.302579] wkup_m3_ipc 44e11324.wkup_m3_ipc: rproc_boot failed
[   18.358360] hub 1-0:1.0: USB hub found
[   18.448566] hub 1-0:1.0: 1 port detected
[   20.610781] tilcdc 4830e000.lcdc: bound 0-0070 (ops tda998x_audio_codec_init [tda998x])
[   20.690661] omap_rng 48310000.rng: Random Number Generator ver. 20
[   20.717084] [drm] Initialized tilcdc 1.0.0 for 4830e000.lcdc on minor 0
[   20.807616] tilcdc 4830e000.lcdc: [drm] Cannot find any crtc or sizes
[   20.889470] tilcdc 4830e000.lcdc: [drm] Cannot find any crtc or sizes
[   21.449138] omap-sham 53100000.sham: hw accel on OMAP rev 4.3
[   21.577272] omap-sham 53100000.sham: will run requests pump with realtime priority
[   21.610262] PM: Cannot get wkup_m3_ipc handle
[   21.798967] omap-aes 53500000.aes: OMAP AES hw accel rev: 3.2
[   21.893011] omap-aes 53500000.aes: will run requests pump with realtime priority
[   21.906302] PM: Cannot get wkup_m3_ipc handle
[[0;32m  OK  [0m] Started Avahi mDNS/DNS-SD Stack.
[[0;32m  OK  [0m] Started Telephony service.
[[0;32m  OK  [0m] Started DUN service.
         Starting Connection service...
         Starting Login Service...
         Starting Cape Manager Service...
[[0;32m  OK  [0m] Reached target System Time Synchronized.
[[0;32m  OK  [0m] Started Daily apt download activities.
[[0;32m  OK  [0m] Started Daily apt upgrade and clean activities.
[[0;32m  OK  [0m] Reached target Timers.
[[0;32m  OK  [0m] Started System Logging Service.
[   23.985144] Bluetooth: Core ver 2.22
[   23.988943] NET: Registered PF_BLUETOOTH protocol family
[   23.994492] Bluetooth: HCI device and connection manager initialized
[   24.000910] Bluetooth: HCI socket layer initialized
[   24.005870] Bluetooth: L2CAP socket layer initialized
[   24.010985] Bluetooth: SCO socket layer initialized
[[0;32m  OK  [0m] Started Cape Manager Service.
[   25.552436] gpio-537 (nxp,calib): gpiod_direction_output_nonotify: tried to set a GPIO tied to an IRQ as output
[   25.572140] PM: Cannot get wkup_m3_ipc handle
[   25.694479] PM: Cannot get wkup_m3_ipc handle
[   25.861992] tda9950 0-0034: TDA9950 CEC interface, hardware version 3.3
[   25.960065] PM: Cannot get wkup_m3_ipc handle
[[0;32m  OK  [0m] Started Raise network interfaces.
[[0;32m  OK  [0m] Started LSB: Start busybox udhcpd at boot time.
[[0;32m  OK  [0m] Started LSB: Load kernel modules needed to enable cpufreq scaling.
[   28.582118] configfs-gadget.g_multi gadget.0: HOST MAC 1c:ba:8c:a2:ed:6c
[   28.588896] configfs-gadget.g_multi gadget.0: MAC 1c:ba:8c:a2:ed:70
[   28.596266] configfs-gadget.g_multi gadget.0: HOST MAC 1c:ba:8c:a2:ed:6c
[   28.603146] configfs-gadget.g_multi gadget.0: MAC 1c:ba:8c:a2:ed:6d
[   28.610663] PM: Cannot get wkup_m3_ipc handle
[[0;32m  OK  [0m] Started Connection service.
[[0;32m  OK  [0m] Started Login Service.
[[0;32m  OK  [0m] Reached target Sound Card.
         Starting LSB: set CPUFreq kernel parameters...
[[0;32m  OK  [0m] Reached target Network.
         Starting Permit User Sessions...
         Starting OpenBSD Secure Shell server...
[[0;32m  OK  [0m] Reached target Network is Online.
         Starting LSB: Advanced IEEE 802.11 management daemon...
         Starting The Apache HTTP Server...
[[0;32m  OK  [0m] Started Permit User Sessions.
[[0;32m  OK  [0m] Started LSB: Advanced IEEE 802.11 management daemon.
         Starting Hostname Service...
         Starting WPA supplicant...
[[0;32m  OK  [0m] Started Getty on tty1.
[[0;32m  OK  [0m] Started Serial Getty on ttyS0.
[[0;32m  OK  [0m] Reached target Login Prompts.
[[0;32m  OK  [0m] Started LSB: set CPUFreq kernel parameters.
[[0;32m  OK  [0m] Started Hostname Service.
[[0;32m  OK  [0m] Started WPA supplicant.
         Stopping LSB: Start busybox udhcpd at boot time...
[[0;32m  OK  [0m] Started OpenBSD Secure Shell server.
[[0;32m  OK  [0m] Stopped LSB: Start busybox udhcpd at boot time.
         Starting dnsmasq - A lightweight DHCP and caching DNS server...
[[0;32m  OK  [0m] Started The Apache HTTP Server.
[[0;32m  OK  [0m] Started dnsmasq - A lightweight DHCP and caching DNS server.
[[0;32m  OK  [0m] Reached target Host and Network Name Lookups.
[[0;32m  OK  [0m] Started Serial Getty on ttyGS0.
[[0;32m  OK  [0m] Started Generic Board Startup.
[[0;32m  OK  [0m] Reached target Multi-User System.
[[0;32m  OK  [0m] Reached target Graphical Interface.
         Starting Update UTMP about System Runlevel Changes...
[[0;32m  OK  [0m] Started Update UTMP about System Runlevel Changes.

Debian GNU/Linux 9 arm ttyS0

default username:password is [debian:temppwd]

arm login: root
Password: 
Last login: Sat Jan  1 00:00:32 UTC 2000 on ttyS0
root
Linux arm 6.14.0-rc5-next-20250306 #1 SMP Thu Mar  6 12:05:20 EET 2025 armv7l

The programs included with the Debian GNU/Linux system are free software;
the exact distribution terms for each program are described in the
individual files in /usr/share/doc/*/copyright.

Debian GNU/Linux comes with ABSOLUTELY NO WARRANTY, to the extent
permitted by applicable law.
root@arm:~# root
-bash: root: command not found
root@arm:~# dmesg -n 1
echo 'PYCQ''ZAHOCX'
root@arm:~# echo 'PYCQ''ZAHOCX'
PYCQZAHOCX
root@arm:~# run() { echo -n "$MARKER"; sh -c "$@"; echo "$MARKER $?"; }
root@arm:~# echo 'LCHQ''WSCMSU'
LCHQWSCMSU
root@arm:~# MARKER='LHKN''OYZHLN' run 'cat /proc/version'
LHKNOYZHLNLinux version 6.14.0-rc5-next-20250306 (user01@drvtest01) (arm-none-eabi-gcc (Arm GNU Toolchain 14.2.Rel1 (Build arm-14.52)) 14.2.1 20241119, GNU ld (Arm GNU Toolchain 14.2.Rel1 (Build arm-14.52)) 2.43.1.20241119) #1 SMP Thu Mar  6 12:05:20 EET 2025
LHKNOYZHLN 0
root@arm:~# echo 'PCGP''ZTOFCH'
PCGPZTOFCH
root@arm:~# MARKER='MKMA''AZXZCC' run false
MKMAAZXZCCMKMAAZXZCC 1
root@arm:~# Labgrid Console Logfile for main
Logfile started at 2025-03-06 12:07:35.932197
=== Log starts here ===

root@arm:~# run() { echo -n "$MARKER"; sh -c "$@"; echo "$MARKER $?"; }
root@arm:~# echo 'TAAK''HKPKXW'
TAAKHKPKXW
root@arm:~# MARKER='PVOM''CFCWBA' run 'ls /iio_generic_buffer; echo $?'
PVOMCFCWBA/iio_generic_buffer
0
PVOMCFCWBA 0
root@arm:~# Labgrid Console Logfile for main
Logfile started at 2025-03-06 12:07:39.531563
=== Log starts here ===

root@arm:~# run() { echo -n "$MARKER"; sh -c "$@"; echo "$MARKER $?"; }
root@arm:~# echo 'ZMYL''UKVUWZ'
ZMYLUKVUWZ
root@arm:~# MARKER='GSBX''XXLYLC' run dmesg
GSBXXXLYLC[    0.000000] Booting Linux on physical CPU 0x0
[    0.000000] Linux version 6.14.0-rc5-next-20250306 (user01@drvtest01) (arm-none-eabi-gcc (Arm GNU Toolchain 14.2.Rel1 (Build arm-14.52)) 14.2.1 20241119, GNU ld (Arm GNU Toolchain 14.2.Rel1 (Build arm-14.52)) 2.43.1.20241119) #1 SMP Thu Mar  6 12:05:20 EET 2025
[    0.000000] CPU: ARMv7 Processor [413fc082] revision 2 (ARMv7), cr=10c5387d
[    0.000000] CPU: PIPT / VIPT nonaliasing data cache, VIPT aliasing instruction cache
[    0.000000] OF: fdt: Machine model: TI AM335x BeagleBone Black
[    0.000000] Memory policy: Data cache writeback
[    0.000000] cma: Reserved 16 MiB at 0x00000000
[    0.000000] Zone ranges:
[    0.000000]   Normal   [mem 0x0000000080000000-0x000000009fdfffff]
[    0.000000]   HighMem  empty
[    0.000000] Movable zone start for each node
[    0.000000] Early memory node ranges
[    0.000000]   node   0: [mem 0x0000000080000000-0x000000009fdfffff]
[    0.000000] Initmem setup node 0 [mem 0x0000000080000000-0x000000009fdfffff]
[    0.000000] OF: reserved mem: Reserved memory: No reserved-memory node in the DT
[    0.000000] CPU: All CPU(s) started in SVC mode.
[    0.000000] AM335X ES2.1 (sgx neon)
[    0.000000] percpu: Embedded 17 pages/cpu s39692 r8192 d21748 u69632
[    0.000000] pcpu-alloc: s39692 r8192 d21748 u69632 alloc=17*4096
[    0.000000] pcpu-alloc: [0] 0 
[    0.000000] Kernel command line: console=ttyO0,115200n8 root=/dev/nfs rw nfsroot=192.168.255.126:/home/user01/nfs,nfsvers=3 ip=192.168.255.1:192.168.255.126::255.255.255.0:bbb1:eth0 nfsrootdebug
[    0.000000] Unknown kernel command line parameters "nfsrootdebug", will be passed to user space.
[    0.000000] printk: log buffer data + meta data: 65536 + 204800 = 270336 bytes
[    0.000000] Dentry cache hash table entries: 65536 (order: 6, 262144 bytes, linear)
[    0.000000] Inode-cache hash table entries: 32768 (order: 5, 131072 bytes, linear)
[    0.000000] Built 1 zonelists, mobility grouping on.  Total pages: 130560
[    0.000000] mem auto-init: stack:off, heap alloc:off, heap free:off
[    0.000000] SLUB: HWalign=16, Order=0-3, MinObjects=0, CPUs=1, Nodes=1
[    0.000000] rcu: Hierarchical RCU implementation.
[    0.000000] rcu: 	RCU event tracing is enabled.
[    0.000000] rcu: 	RCU restricting CPUs from NR_CPUS=2 to nr_cpu_ids=1.
[    0.000000] 	Tracing variant of Tasks RCU enabled.
[    0.000000] rcu: RCU calculated value of scheduler-enlistment delay is 10 jiffies.
[    0.000000] rcu: Adjusting geometry for rcu_fanout_leaf=16, nr_cpu_ids=1
[    0.000000] RCU Tasks Trace: Setting shift to 0 and lim to 1 rcu_task_cb_adjust=1 rcu_task_cpu_ids=1.
[    0.000000] NR_IRQS: 16, nr_irqs: 16, preallocated irqs: 16
[    0.000000] IRQ: Found an INTC at 0x(ptrval) (revision 5.0) with 128 interrupts
[    0.000000] rcu: srcu_init: Setting srcu_struct sizes based on contention.
[    0.000000] TI gptimer clocksource: always-on /ocp/interconnect@44c00000/segment@200000/target-module@31000
[    0.000003] sched_clock: 32 bits at 24MHz, resolution 41ns, wraps every 89478484971ns
[    0.000027] clocksource: dmtimer: mask: 0xffffffff max_cycles: 0xffffffff, max_idle_ns: 79635851949 ns
[    0.000503] TI gptimer clockevent: 24000000 Hz at /ocp/interconnect@48000000/segment@0/target-module@40000
[    0.002124] Console: colour dummy device 80x30
[    0.002189] WARNING: Your 'console=ttyO0' has been replaced by 'ttyS0'
[    0.002197] This ensures that you still see kernel messages. Please
[    0.002201] update your kernel commandline.
[    0.002245] Calibrating delay loop... 996.14 BogoMIPS (lpj=4980736)
[    0.090554] CPU: Testing write buffer coherency: ok
[    0.090653] CPU0: Spectre v2: using BPIALL workaround
[    0.090663] pid_max: default: 32768 minimum: 301
[    0.090820] LSM: initializing lsm=capability
[    0.091003] Mount-cache hash table entries: 1024 (order: 0, 4096 bytes, linear)
[    0.091022] Mountpoint-cache hash table entries: 1024 (order: 0, 4096 bytes, linear)
[    0.092602] CPU0: thread -1, cpu 0, socket -1, mpidr 0
[    0.092658] cacheinfo: Unable to detect cache hierarchy for CPU 0
[    0.150745] Setting up static identity map for 0x80100000 - 0x80100078
[    0.160701] rcu: Hierarchical SRCU implementation.
[    0.160712] rcu: 	Max phase no-delay instances is 1000.
[    0.162449] smp: Bringing up secondary CPUs ...
[    0.162505] smp: Brought up 1 node, 1 CPU
[    0.162516] SMP: Total of 1 processors activated (996.14 BogoMIPS).
[    0.162527] CPU: All CPU(s) started in SVC mode.
[    0.162708] Memory: 480824K/522240K available (11264K kernel code, 1216K rwdata, 2900K rodata, 1024K init, 289K bss, 23384K reserved, 16384K cma-reserved, 0K highmem)
[    0.163529] devtmpfs: initialized
[    0.180915] VFP support v0.3: implementor 41 architecture 3 part 30 variant c rev 3
[    0.181598] clocksource: jiffies: mask: 0xffffffff max_cycles: 0xffffffff, max_idle_ns: 19112604462750000 ns
[    0.181641] futex hash table entries: 256 (order: 2, 16384 bytes, linear)
[    0.182778] pinctrl core: initialized pinctrl subsystem
[    0.185444] NET: Registered PF_NETLINK/PF_ROUTE protocol family
[    0.188245] DMA: preallocated 256 KiB pool for atomic coherent allocations
[    0.189167] audit: initializing netlink subsys (disabled)
[    0.190530] thermal_sys: Registered thermal governor 'fair_share'
[    0.190543] thermal_sys: Registered thermal governor 'step_wise'
[    0.190551] thermal_sys: Registered thermal governor 'user_space'
[    0.190791] audit: type=2000 audit(0.000:1): state=initialized audit_enabled=0 res=1
[    0.190869] cpuidle: using governor menu
[    0.208768] /ocp/interconnect@44c00000/segment@200000/target-module@b000/i2c@0/tda19988@70: Fixed dependency cycle(s) with /ocp/interconnect@48000000/segment@300000/target-module@e000/lcdc@0
[    0.209872] /ocp/interconnect@48000000/segment@300000/target-module@e000/lcdc@0: Fixed dependency cycle(s) with /ocp/interconnect@44c00000/segment@200000/target-module@b000/i2c@0/tda19988@70
[    0.212219] No ATAGs?
[    0.212264] hw-breakpoint: debug architecture 0x4 unsupported.
[    0.214975] kprobes: kprobe jump-optimization is enabled. All kprobes are optimized if possible.
[    0.224093] iommu: Default domain type: Translated
[    0.224114] iommu: DMA domain TLB invalidation policy: strict mode
[    0.225678] reg-fixed-voltage fixedregulator0: using DT '/fixedregulator0' for '(default)' GPIO lookup
[    0.225732] of_get_named_gpiod_flags: can't parse 'gpios' property of node '/fixedregulator0[0]'
[    0.225759] of_get_named_gpiod_flags: can't parse 'gpio' property of node '/fixedregulator0[0]'
[    0.225777] reg-fixed-voltage fixedregulator0: using lookup tables for GPIO lookup
[    0.225788] reg-fixed-voltage fixedregulator0: No GPIO consumer (default) found
[    0.231702] SCSI subsystem initialized
[    0.232184] libata version 3.00 loaded.
[    0.232553] pps_core: LinuxPPS API ver. 1 registered
[    0.232562] pps_core: Software ver. 5.3.6 - Copyright 2005-2007 Rodolfo Giometti <giometti@linux.it>
[    0.232586] PTP clock support registered
[    0.240917] vgaarb: loaded
[    0.241272] clocksource: Switched to clocksource dmtimer
[    0.241940] VFS: Disk quotas dquot_6.6.0
[    0.241993] VFS: Dquot-cache hash table entries: 1024 (order 0, 4096 bytes)
[    0.266202] NET: Registered PF_INET protocol family
[    0.266538] IP idents hash table entries: 8192 (order: 4, 65536 bytes, linear)
[    0.267978] tcp_listen_portaddr_hash hash table entries: 512 (order: 0, 4096 bytes, linear)
[    0.268016] Table-perturb hash table entries: 65536 (order: 6, 262144 bytes, linear)
[    0.268034] TCP established hash table entries: 4096 (order: 2, 16384 bytes, linear)
[    0.268079] TCP bind hash table entries: 4096 (order: 4, 65536 bytes, linear)
[    0.268178] TCP: Hash tables configured (established 4096 bind 4096)
[    0.268295] UDP hash table entries: 256 (order: 1, 14336 bytes, linear)
[    0.268332] UDP-Lite hash table entries: 256 (order: 1, 14336 bytes, linear)
[    0.268516] NET: Registered PF_UNIX/PF_LOCAL protocol family
[    0.272083] RPC: Registered named UNIX socket transport module.
[    0.272105] RPC: Registered udp transport module.
[    0.272110] RPC: Registered tcp transport module.
[    0.272115] RPC: Registered tcp-with-tls transport module.
[    0.272120] RPC: Registered tcp NFSv4.1 backchannel transport module.
[    0.272145] PCI: CLS 0 bytes, default 64
[    0.273553] Initialise system trusted keyrings
[    0.282090] workingset: timestamp_bits=14 max_order=17 bucket_order=3
[    0.283449] NFS: Registering the id_resolver key type
[    0.283557] Key type id_resolver registered
[    0.283565] Key type id_legacy registered
[    0.283672] jffs2: version 2.2. (NAND) (SUMMARY)  Â© 2001-2006 Red Hat, Inc.
[    0.284088] Key type asymmetric registered
[    0.284102] Asymmetric key parser 'x509' registered
[    0.284164] io scheduler mq-deadline registered
[    0.284173] io scheduler kyber registered
[    0.284247] io scheduler bfq registered
[    0.285817] ledtrig-cpu: registered to indicate activity on CPUs
[    0.292139] Serial: 8250/16550 driver, 6 ports, IRQ sharing enabled
[    0.332188] brd: module loaded
[    0.349283] loop: module loaded
[    0.350191] mtdoops: mtd device (mtddev=name/number) must be supplied
[    0.352670] mdio_bus fixed-0: using lookup tables for GPIO lookup
[    0.352694] mdio_bus fixed-0: No GPIO consumer reset found
[    0.354042] i2c_dev: i2c /dev entries driver
[    0.355012] cpuidle: enable-method property 'ti,am3352' found operations
[    0.355463] sdhci: Secure Digital Host Controller Interface driver
[    0.355472] sdhci: Copyright(c) Pierre Ossman
[    0.355648] sdhci-pltfm: SDHCI platform and OF driver helper
[    0.356651] Initializing XFRM netlink socket
[    0.356818] NET: Registered PF_INET6 protocol family
[    0.369290] Segment Routing with IPv6
[    0.369386] In-situ OAM (IOAM) with IPv6
[    0.369487] sit: IPv6, IPv4 and MPLS over IPv4 tunneling driver
[    0.370441] NET: Registered PF_PACKET protocol family
[    0.370474] NET: Registered PF_KEY protocol family
[    0.370592] Key type dns_resolver registered
[    0.370814] ThumbEE CPU extension supported.
[    0.370834] Registering SWP/SWPB emulation handler
[    0.371532] omap_voltage_late_init: Voltage driver support not added
[    0.371888] SmartReflex Class3 initialized
[    0.394834] Loading compiled-in X.509 certificates
[    0.433735] /ocp/interconnect@44c00000/segment@200000/target-module@b000/i2c@0/tda19988@70: Fixed dependency cycle(s) with /ocp/interconnect@48000000/segment@300000/target-module@e000/lcdc@0
[    0.440099] /ocp/interconnect@44c00000/segment@200000/target-module@b000/i2c@0/tda19988@70: Fixed dependency cycle(s) with /ocp/interconnect@48000000/segment@300000/target-module@e000/lcdc@0
[    0.445814] gpiochip_find_base_unlocked: found new base at 512
[    0.466292] /ocp/interconnect@44c00000/segment@200000/target-module@b000/i2c@0/tda19988@70: Fixed dependency cycle(s) with /ocp/interconnect@48000000/segment@300000/target-module@e000/lcdc@0
[    0.467150] /ocp/interconnect@44c00000/segment@200000/target-module@b000/i2c@0/tda19988@70: Fixed dependency cycle(s) with /ocp/interconnect@48000000/segment@300000/target-module@e000/lcdc@0
[    0.470498] /ocp/interconnect@44c00000/segment@200000/target-module@10000/scm@0/pinmux@800: Fixed dependency cycle(s) with /ocp/interconnect@44c00000/segment@200000/target-module@10000/scm@0/pinmux@800/clkout2-pins
[    0.471096] pinctrl-single 44e10800.pinmux: 142 pins, size 568
[    0.476610] ti-sysc 44e31000.target-module: probe with driver ti-sysc failed with error -16
[    0.522672] /ocp/interconnect@48000000/segment@300000/target-module@e000/lcdc@0: Fixed dependency cycle(s) with /ocp/interconnect@44c00000/segment@200000/target-module@b000/i2c@0/tda19988@70
[    0.530495] ti-sysc 48040000.target-module: probe with driver ti-sysc failed with error -16
[    0.541867] gpiochip_find_base_unlocked: found new base at 512
[    0.541970] gpio gpiochip0: (gpio-0-31): created GPIO range 0->7 ==> 44e10800.pinmux PIN 0->7
[    0.541991] gpio gpiochip0: (gpio-0-31): created GPIO range 8->11 ==> 44e10800.pinmux PIN 90->93
[    0.542006] gpio gpiochip0: (gpio-0-31): created GPIO range 12->27 ==> 44e10800.pinmux PIN 12->27
[    0.542022] gpio gpiochip0: (gpio-0-31): created GPIO range 28->31 ==> 44e10800.pinmux PIN 30->33
[    0.578048] gpio gpiochip0: (gpio-0-31): added GPIO chardev (254:0)
[    0.578199] gpio gpiochip0: registered GPIOs 512 to 543 on gpio-0-31
[    0.578283] OMAP GPIO hardware version 0.1
[    0.591672] i2c i2c-2: using DT '/ocp/interconnect@48000000/segment@100000/target-module@9c000/i2c@0' for 'scl' GPIO lookup
[    0.591744] of_get_named_gpiod_flags: can't parse 'scl-gpios' property of node '/ocp/interconnect@48000000/segment@100000/target-module@9c000/i2c@0[0]'
[    0.591785] of_get_named_gpiod_flags: can't parse 'scl-gpio' property of node '/ocp/interconnect@48000000/segment@100000/target-module@9c000/i2c@0[0]'
[    0.591820] i2c i2c-2: using lookup tables for GPIO lookup
[    0.591830] i2c i2c-2: No GPIO consumer scl found
[    0.591851] i2c i2c-2: using DT '/ocp/interconnect@48000000/segment@100000/target-module@9c000/i2c@0' for 'sda' GPIO lookup
[    0.591885] of_get_named_gpiod_flags: can't parse 'sda-gpios' property of node '/ocp/interconnect@48000000/segment@100000/target-module@9c000/i2c@0[0]'
[    0.591921] of_get_named_gpiod_flags: can't parse 'sda-gpio' property of node '/ocp/interconnect@48000000/segment@100000/target-module@9c000/i2c@0[0]'
[    0.591952] i2c i2c-2: using lookup tables for GPIO lookup
[    0.591959] i2c i2c-2: No GPIO consumer sda found
[    0.592733] omap_i2c 4819c000.i2c: bus 2 rev0.11 at 100 kHz
[    0.598147] gpiochip_find_base_unlocked: found new base at 544
[    0.598248] gpio gpiochip1: (gpio-32-63): created GPIO range 0->17 ==> 44e10800.pinmux PIN 34->51
[    0.598268] gpio gpiochip1: (gpio-32-63): created GPIO range 18->21 ==> 44e10800.pinmux PIN 77->80
[    0.598283] gpio gpiochip1: (gpio-32-63): created GPIO range 22->31 ==> 44e10800.pinmux PIN 56->65
[    0.621789] gpio gpiochip1: (gpio-32-63): added GPIO chardev (254:1)
[    0.621949] gpio gpiochip1: registered GPIOs 544 to 575 on gpio-32-63
[    0.624213] gpiochip_find_base_unlocked: found new base at 576
[    0.624305] gpio gpiochip2: (gpio-64-95): created GPIO range 0->4 ==> 44e10800.pinmux PIN 66->70
[    0.624325] gpio gpiochip2: (gpio-64-95): created GPIO range 5->6 ==> 44e10800.pinmux PIN 98->99
[    0.624341] gpio gpiochip2: (gpio-64-95): created GPIO range 7->8 ==> 44e10800.pinmux PIN 75->76
[    0.624356] gpio gpiochip2: (gpio-64-95): created GPIO range 13->13 ==> 44e10800.pinmux PIN 141->141
[    0.624372] gpio gpiochip2: (gpio-64-95): created GPIO range 14->21 ==> 44e10800.pinmux PIN 100->107
[    0.637532] gpio gpiochip2: (gpio-64-95): added GPIO chardev (254:2)
[    0.637674] gpio gpiochip2: registered GPIOs 576 to 607 on gpio-64-95
[    0.643345] 48000000.interconnect:segment@200000:target-module@0:mpu@0:fck: device ID is greater than 24
[    0.644222] /ocp/interconnect@48000000/segment@300000/target-module@e000/lcdc@0: Fixed dependency cycle(s) with /ocp/interconnect@44c00000/segment@200000/target-module@b000/i2c@0/tda19988@70
[    0.646946] /ocp/interconnect@48000000/segment@300000/target-module@e000/lcdc@0: Fixed dependency cycle(s) with /ocp/interconnect@44c00000/segment@200000/target-module@b000/i2c@0/tda19988@70
[    0.647638] /ocp/interconnect@44c00000/segment@200000/target-module@b000/i2c@0/tda19988@70: Fixed dependency cycle(s) with /ocp/interconnect@48000000/segment@300000/target-module@e000/lcdc@0
[    0.647796] /ocp/interconnect@48000000/segment@300000/target-module@e000/lcdc@0: Fixed dependency cycle(s) with /ocp/interconnect@44c00000/segment@200000/target-module@b000/i2c@0/tda19988@70
[    0.657327] mdio_bus 4a101000.mdio: using DT '/ocp/interconnect@4a000000/segment@0/target-module@100000/switch@0/mdio@1000' for 'reset' GPIO lookup
[    0.657399] of_get_named_gpiod_flags: can't parse 'reset-gpios' property of node '/ocp/interconnect@4a000000/segment@0/target-module@100000/switch@0/mdio@1000[0]'
[    0.657446] of_get_named_gpiod_flags: can't parse 'reset-gpio' property of node '/ocp/interconnect@4a000000/segment@0/target-module@100000/switch@0/mdio@1000[0]'
[    0.657492] mdio_bus 4a101000.mdio: using lookup tables for GPIO lookup
[    0.657502] mdio_bus 4a101000.mdio: No GPIO consumer reset found
[    0.658639] sdhci-omap 481d8000.mmc: using DT '/ocp/interconnect@48000000/segment@100000/target-module@d8000/mmc@0' for 'wp' GPIO lookup
[    0.658703] of_get_named_gpiod_flags: can't parse 'wp-gpios' property of node '/ocp/interconnect@48000000/segment@100000/target-module@d8000/mmc@0[0]'
[    0.658745] of_get_named_gpiod_flags: can't parse 'wp-gpio' property of node '/ocp/interconnect@48000000/segment@100000/target-module@d8000/mmc@0[0]'
[    0.658778] sdhci-omap 481d8000.mmc: using lookup tables for GPIO lookup
[    0.658788] sdhci-omap 481d8000.mmc: No GPIO consumer wp found
[    0.658978] sdhci-omap 481d8000.mmc: supply pbias not found, using dummy regulator
[    0.659477] sdhci-omap 481d8000.mmc: supply vqmmc not found, using dummy regulator
[    0.701895] davinci_mdio 4a101000.mdio: davinci mdio revision 1.6, bus freq 1000000
[    0.726930] mdio_bus 4a101000.mdio:00: using DT '/ocp/interconnect@4a000000/segment@0/target-module@100000/switch@0/mdio@1000/ethernet-phy@0' for 'reset' GPIO lookup
[    0.727030] of_get_named_gpiod_flags: parsed 'reset-gpios' property of node '/ocp/interconnect@4a000000/segment@0/target-module@100000/switch@0/mdio@1000/ethernet-phy@0[0]' - status (0)
[    0.727191] gpio gpiochip0: Persistence not supported for GPIO 8
[    0.853996] davinci_mdio 4a101000.mdio: phy[0]: device 4a101000.mdio:00, driver SMSC LAN8710/LAN8720
[    0.854763] cpsw-switch 4a100000.switch: initialized cpsw ale version 1.4
[    0.854785] cpsw-switch 4a100000.switch: ALE Table size 1024, Policers 0
[    0.854935] cpsw-switch 4a100000.switch: cpts: overflow check period 500 (jiffies)
[    0.854952] cpsw-switch 4a100000.switch: CPTS: ref_clk_freq:250000000 calc_mult:2147483648 calc_shift:29 error:0 nsec/sec
[    0.855064] cpsw-switch 4a100000.switch: Detected MACID = 6c:ec:eb:68:de:78
[    0.856909] cpsw-switch 4a100000.switch: initialized (regs 0x4a100000, pool size 256) hw_ver:0019010C 1.12 (0)
[    0.867909] debugfs: Directory '49000000.dma' with parent 'dmaengine' already present!
[    0.867951] edma 49000000.dma: TI EDMA DMA engine driver
[    0.915619] target-module@4b000000:target-module@140000:pmu@0:fck: device ID is greater than 24
[    0.926332] hw perfevents: enabled with armv7_cortex_a8 PMU driver, 5 (8000000f) counters available
[    0.927263] gpio-clk clk_mcasp0: using DT '/clk_mcasp0' for 'enable' GPIO lookup
[    0.927337] of_get_named_gpiod_flags: parsed 'enable-gpios' property of node '/clk_mcasp0[0]' - status (0)
[    0.927380] gpio gpiochip0: Persistence not supported for GPIO 27
[    0.928191] gpiochip_find_base_unlocked: found new base at 608
[    0.928298] gpio gpiochip3: (gpio-96-127): created GPIO range 0->7 ==> 44e10800.pinmux PIN 82->89
[    0.928319] gpio gpiochip3: (gpio-96-127): created GPIO range 8->11 ==> 44e10800.pinmux PIN 52->55
[    0.928355] gpio gpiochip3: (gpio-96-127): created GPIO range 12->15 ==> 44e10800.pinmux PIN 94->97
[    0.928371] gpio gpiochip3: (gpio-96-127): created GPIO range 16->17 ==> 44e10800.pinmux PIN 71->72
[    0.928387] gpio gpiochip3: (gpio-96-127): created GPIO range 18->18 ==> 44e10800.pinmux PIN 135->135
[    0.928403] gpio gpiochip3: (gpio-96-127): created GPIO range 19->20 ==> 44e10800.pinmux PIN 108->109
[    0.928420] gpio gpiochip3: (gpio-96-127): created GPIO range 21->21 ==> 44e10800.pinmux PIN 73->73
[    0.928437] gpio gpiochip3: (gpio-96-127): created GPIO range 22->23 ==> 44e10800.pinmux PIN 8->9
[    0.928454] gpio gpiochip3: (gpio-96-127): created GPIO range 26->27 ==> 44e10800.pinmux PIN 10->11
[    0.928471] gpio gpiochip3: (gpio-96-127): created GPIO range 28->28 ==> 44e10800.pinmux PIN 74->74
[    0.928489] gpio gpiochip3: (gpio-96-127): created GPIO range 29->29 ==> 44e10800.pinmux PIN 81->81
[    0.928507] gpio gpiochip3: (gpio-96-127): created GPIO range 30->31 ==> 44e10800.pinmux PIN 28->29
[    0.934073] l3-aon-clkctrl:0000:0: failed to disable
[    0.947695] gpio gpiochip3: (gpio-96-127): added GPIO chardev (254:3)
[    0.947835] gpio gpiochip3: registered GPIOs 608 to 639 on gpio-96-127
[    0.949706] omap8250 44e09000.serial: using DT '/ocp/interconnect@44c00000/segment@200000/target-module@9000/serial@0' for 'rs485-term' GPIO lookup
[    0.949776] of_get_named_gpiod_flags: can't parse 'rs485-term-gpios' property of node '/ocp/interconnect@44c00000/segment@200000/target-module@9000/serial@0[0]'
[    0.949818] of_get_named_gpiod_flags: can't parse 'rs485-term-gpio' property of node '/ocp/interconnect@44c00000/segment@200000/target-module@9000/serial@0[0]'
[    0.949854] omap8250 44e09000.serial: using lookup tables for GPIO lookup
[    0.949864] omap8250 44e09000.serial: No GPIO consumer rs485-term found
[    0.949874] omap8250 44e09000.serial: using DT '/ocp/interconnect@44c00000/segment@200000/target-module@9000/serial@0' for 'rs485-rx-during-tx' GPIO lookup
[    0.949909] of_get_named_gpiod_flags: can't parse 'rs485-rx-during-tx-gpios' property of node '/ocp/interconnect@44c00000/segment@200000/target-module@9000/serial@0[0]'
[    0.949945] of_get_named_gpiod_flags: can't parse 'rs485-rx-during-tx-gpio' property of node '/ocp/interconnect@44c00000/segment@200000/target-module@9000/serial@0[0]'
[    0.949977] omap8250 44e09000.serial: using lookup tables for GPIO lookup
[    0.949985] omap8250 44e09000.serial: No GPIO consumer rs485-rx-during-tx found
[    0.950367] 44e09000.serial: ttyS0 at MMIO 0x44e09000 (irq = 34, base_baud = 3000000) is a 8250
[    0.950453] printk: legacy console [ttyS0] enabled
[    2.419625] i2c i2c-0: using DT '/ocp/interconnect@44c00000/segment@200000/target-module@b000/i2c@0' for 'scl' GPIO lookup
[    2.419712] of_get_named_gpiod_flags: can't parse 'scl-gpios' property of node '/ocp/interconnect@44c00000/segment@200000/target-module@b000/i2c@0[0]'
[    2.419758] of_get_named_gpiod_flags: can't parse 'scl-gpio' property of node '/ocp/interconnect@44c00000/segment@200000/target-module@b000/i2c@0[0]'
[    2.419797] i2c i2c-0: using lookup tables for GPIO lookup
[    2.419810] i2c i2c-0: No GPIO consumer scl found
[    2.419835] i2c i2c-0: using DT '/ocp/interconnect@44c00000/segment@200000/target-module@b000/i2c@0' for 'sda' GPIO lookup
[    2.419874] of_get_named_gpiod_flags: can't parse 'sda-gpios' property of node '/ocp/interconnect@44c00000/segment@200000/target-module@b000/i2c@0[0]'
[    2.419915] of_get_named_gpiod_flags: can't parse 'sda-gpio' property of node '/ocp/interconnect@44c00000/segment@200000/target-module@b000/i2c@0[0]'
[    2.419950] i2c i2c-0: using lookup tables for GPIO lookup
[    2.419961] i2c i2c-0: No GPIO consumer sda found
[    2.432247] tps65217-pmic: Failed to locate of_node [id: -1]
[    2.438305] tps65217-bl: Failed to locate of_node [id: -1]
[    2.449605] tps65217 0-0024: TPS65217 ID 0xe version 1.2
[    2.455749] /ocp/interconnect@48000000/segment@300000/target-module@e000/lcdc@0: Fixed dependency cycle(s) with /ocp/interconnect@44c00000/segment@200000/target-module@b000/i2c@0/tda19988@70
[    2.473112] /ocp/interconnect@44c00000/segment@200000/target-module@b000/i2c@0/tda19988@70: Fixed dependency cycle(s) with /ocp/interconnect@48000000/segment@300000/target-module@e000/lcdc@0
[    2.490484] omap_i2c 44e0b000.i2c: bus 0 rev0.11 at 400 kHz
[    2.498266] sdhci-omap 48060000.mmc: using DT '/ocp/interconnect@48000000/segment@0/target-module@60000/mmc@0' for 'cd' GPIO lookup
[    2.498373] of_get_named_gpiod_flags: parsed 'cd-gpios' property of node '/ocp/interconnect@48000000/segment@0/target-module@60000/mmc@0[0]' - status (0)
[    2.498439] gpio gpiochip3: Persistence not supported for GPIO 6
[    2.498465] omap_gpio 44e07000.gpio: Could not set line 6 debounce to 200000 microseconds (-22)
[    2.507342] sdhci-omap 48060000.mmc: Got CD GPIO
[    2.512024] sdhci-omap 48060000.mmc: using DT '/ocp/interconnect@48000000/segment@0/target-module@60000/mmc@0' for 'wp' GPIO lookup
[    2.512072] of_get_named_gpiod_flags: can't parse 'wp-gpios' property of node '/ocp/interconnect@48000000/segment@0/target-module@60000/mmc@0[0]'
[    2.512116] of_get_named_gpiod_flags: can't parse 'wp-gpio' property of node '/ocp/interconnect@48000000/segment@0/target-module@60000/mmc@0[0]'
[    2.512154] sdhci-omap 48060000.mmc: using lookup tables for GPIO lookup
[    2.512167] sdhci-omap 48060000.mmc: No GPIO consumer wp found
[    2.512375] sdhci-omap 48060000.mmc: supply pbias not found, using dummy regulator
[    2.521081] sdhci-omap 481d8000.mmc: using DT '/ocp/interconnect@48000000/segment@100000/target-module@d8000/mmc@0' for 'wp' GPIO lookup
[    2.521153] of_get_named_gpiod_flags: can't parse 'wp-gpios' property of node '/ocp/interconnect@48000000/segment@100000/target-module@d8000/mmc@0[0]'
[    2.521200] of_get_named_gpiod_flags: can't parse 'wp-gpio' property of node '/ocp/interconnect@48000000/segment@100000/target-module@d8000/mmc@0[0]'
[    2.521343] sdhci-omap 481d8000.mmc: using lookup tables for GPIO lookup
[    2.521359] sdhci-omap 481d8000.mmc: No GPIO consumer wp found
[    2.522645] sdhci-omap 48060000.mmc: supply vqmmc not found, using dummy regulator
[    2.531603] sdhci-omap 481d8000.mmc: supply pbias not found, using dummy regulator
[    2.539594] sdhci-omap 481d8000.mmc: supply vqmmc not found, using dummy regulator
[    2.578609] mmc1: SDHCI controller on 481d8000.mmc [481d8000.mmc] using External DMA
[    2.587110] mmc0: SDHCI controller on 48060000.mmc [48060000.mmc] using External DMA
[    2.595980] cpsw-switch 4a100000.switch: starting ndev. mode: dual_mac
[    2.640435] mmc0: new high speed SDHC card at address 5048
[    2.647486] mmcblk0: mmc0:5048 SD16G 14.4 GiB
[    2.655479]  mmcblk0: p1 p2
[    2.658851] mmcblk0: p2 size 31221760 extends beyond EOD, truncated
[    2.672573] SMSC LAN8710/LAN8720 4a101000.mdio:00: attached PHY driver (mii_bus:phy_addr=4a101000.mdio:00, irq=POLL)
[    2.685086] mmc1: new high speed MMC card at address 0001
[    2.692044] mmcblk1: mmc1:0001 MMC04G 3.60 GiB
[    2.703585]  mmcblk1: p1 p2
[    2.707831] mmcblk1boot0: mmc1:0001 MMC04G 2.00 MiB
[    2.715190] mmcblk1boot1: mmc1:0001 MMC04G 2.00 MiB
[    2.722577] mmcblk1rpmb: mmc1:0001 MMC04G 128 KiB, chardev (250:0)
[    5.842048] cpsw-switch 4a100000.switch eth0: Link is Up - 100Mbps/Full - flow control off
[    5.871290] IP-Config: Complete:
[    5.874564]      device=eth0, hwaddr=6c:ec:eb:68:de:78, ipaddr=192.168.255.1, mask=255.255.255.0, gw=255.255.255.255
[    5.885209]      host=bbb1, domain=, nis-domain=(none)
[    5.890378]      bootserver=192.168.255.126, rootserver=192.168.255.126, rootpath=
[    5.890793] clk: Disabling unused clocks
[    5.902653] PM: genpd: Disabling unused power domains
[    5.907769] KTAP version 1
[    5.910489] 1..0
[    5.939458] VFS: Mounted root (nfs filesystem) on device 0:17.
[    5.946588] devtmpfs: mounted
[    5.951044] Freeing unused kernel image (initmem) memory: 1024K
[    5.957908] Run /sbin/init as init process
[    5.962122]   with arguments:
[    5.962139]     /sbin/init
[    5.962149]     nfsrootdebug
[    5.962158]   with environment:
[    5.962167]     HOME=/
[    5.962175]     TERM=linux
[    6.652291] systemd[1]: System time before build time, advancing clock.
[    8.131309] random: crng init done
[    8.172527] systemd[1]: systemd 232 running in system mode. (+PAM +AUDIT +SELINUX +IMA +APPARMOR +SMACK +SYSVINIT +UTMP +LIBCRYPTSETUP +GCRYPT +GNUTLS +ACL +XZ +LZ4 +SECCOMP +BLKID +ELFUTILS +KMOD +IDN)
[    8.191758] systemd[1]: Detected architecture arm.
[    8.224422] systemd[1]: Set hostname to <arm>.
[    9.312380] systemd[1]: Started Forward Password Requests to Wall Directory Watch.
[    9.343170] systemd[1]: Listening on Syslog Socket.
[    9.372205] systemd[1]: Started Dispatch Password Requests to Console Directory Watch.
[    9.402387] systemd[1]: Listening on Journal Audit Socket.
[    9.433085] systemd[1]: Set up automount Arbitrary Executable File Formats File System Automount Point.
[    9.462067] systemd[1]: Listening on Journal Socket (/dev/log).
[    9.493333] systemd[1]: Listening on /dev/initctl Compatibility Named Pipe.
[   11.778931] systemd-journald[94]: Received request to flush runtime journal from PID 1
[   14.444859] leds-gpio leds: using DT '/leds/led2' for '(default)' GPIO lookup
[   14.444962] of_get_named_gpiod_flags: parsed 'gpios' property of node '/leds/led2[0]' - status (0)
[   14.445021] gpio gpiochip0: Persistence not supported for GPIO 21
[   14.445037] gpio-533 (?): no flags found for GPIO (default)
[   14.539379] leds-gpio leds: using DT '/leds/led3' for '(default)' GPIO lookup
[   14.539487] of_get_named_gpiod_flags: parsed 'gpios' property of node '/leds/led3[0]' - status (0)
[   14.539544] gpio gpiochip0: Persistence not supported for GPIO 22
[   14.539559] gpio-534 (?): no flags found for GPIO (default)
[   14.572079] leds-gpio leds: using DT '/leds/led4' for '(default)' GPIO lookup
[   14.572175] of_get_named_gpiod_flags: parsed 'gpios' property of node '/leds/led4[0]' - status (0)
[   14.572228] gpio gpiochip0: Persistence not supported for GPIO 23
[   14.572244] gpio-535 (?): no flags found for GPIO (default)
[   14.591764] leds-gpio leds: using DT '/leds/led5' for '(default)' GPIO lookup
[   14.591861] of_get_named_gpiod_flags: parsed 'gpios' property of node '/leds/led5[0]' - status (0)
[   14.591913] gpio gpiochip0: Persistence not supported for GPIO 24
[   14.591927] gpio-536 (?): no flags found for GPIO (default)
[   14.643450] remoteproc remoteproc0: wkup_m3 is available
[   14.927448] at24 2-0054: supply vcc not found, using dummy regulator
[   15.066611] at24 2-0055: supply vcc not found, using dummy regulator
[   15.209566] at24 2-0056: supply vcc not found, using dummy regulator
[   15.297456] tps6521x_pwrbutton tps65217-pwrbutton: DMA mask not set
[   15.359932] at24 2-0057: supply vcc not found, using dummy regulator
[   15.437296] input: tps65217_pwrbutton as /devices/platform/ocp/44c00000.interconnect/44c00000.interconnect:segment@200000/44e0b000.target-module/44e0b000.i2c/i2c-0/0-0024/tps65217-pwrbutton/input/input0
[   15.501568] at24 0-0050: using DT '/ocp/interconnect@44c00000/segment@200000/target-module@b000/i2c@0/eeprom@50' for 'wp' GPIO lookup
[   15.501682] of_get_named_gpiod_flags: can't parse 'wp-gpios' property of node '/ocp/interconnect@44c00000/segment@200000/target-module@b000/i2c@0/eeprom@50[0]'
[   15.501741] of_get_named_gpiod_flags: can't parse 'wp-gpio' property of node '/ocp/interconnect@44c00000/segment@200000/target-module@b000/i2c@0/eeprom@50[0]'
[   15.501786] at24 0-0050: using lookup tables for GPIO lookup
[   15.501800] at24 0-0050: No GPIO consumer wp found
[   15.502114] at24 0-0050: 32768 byte 24c256 EEPROM, writable, 1 bytes/write
[   15.681160] wkup_m3_ipc 44e11324.wkup_m3_ipc: IPC Request for A8->M3 Channel failed! -517
[   15.782070] omap_rtc 44e3e000.rtc: registered as rtc0
[   15.787281] omap_rtc 44e3e000.rtc: setting system clock to 2000-01-01T00:00:00 UTC (946684800)
[   15.796039] omap_rtc 44e3e000.rtc: using DT '/ocp/interconnect@44c00000/segment@200000/target-module@3e000/rtc@0' for 'wp' GPIO lookup
[   15.796122] of_get_named_gpiod_flags: can't parse 'wp-gpios' property of node '/ocp/interconnect@44c00000/segment@200000/target-module@3e000/rtc@0[0]'
[   15.796173] of_get_named_gpiod_flags: can't parse 'wp-gpio' property of node '/ocp/interconnect@44c00000/segment@200000/target-module@3e000/rtc@0[0]'
[   15.796213] omap_rtc 44e3e000.rtc: using lookup tables for GPIO lookup
[   15.796227] omap_rtc 44e3e000.rtc: No GPIO consumer wp found
[   15.804400] wkup_m3_ipc 44e11324.wkup_m3_ipc: IPC Request for A8->M3 Channel failed! -517
[   15.972730] wkup_m3_ipc 44e11324.wkup_m3_ipc: IPC Request for A8->M3 Channel failed! -517
[   16.089670] omap_wdt: OMAP Watchdog Timer Rev 0x01: initial timeout 60 sec
[   16.101838] wkup_m3_ipc 44e11324.wkup_m3_ipc: IPC Request for A8->M3 Channel failed! -517
[   16.322058] am335x-phy-driver 47401300.usb-phy: using DT '/ocp/target-module@47400000/usb-phy@1300' for 'reset' GPIO lookup
[   16.322272] of_get_named_gpiod_flags: can't parse 'reset-gpios' property of node '/ocp/target-module@47400000/usb-phy@1300[0]'
[   16.322381] of_get_named_gpiod_flags: can't parse 'reset-gpio' property of node '/ocp/target-module@47400000/usb-phy@1300[0]'
[   16.322482] am335x-phy-driver 47401300.usb-phy: using lookup tables for GPIO lookup
[   16.322500] am335x-phy-driver 47401300.usb-phy: No GPIO consumer reset found
[   16.322516] am335x-phy-driver 47401300.usb-phy: using DT '/ocp/target-module@47400000/usb-phy@1300' for 'vbus-detect' GPIO lookup
[   16.322600] of_get_named_gpiod_flags: can't parse 'vbus-detect-gpios' property of node '/ocp/target-module@47400000/usb-phy@1300[0]'
[   16.322639] of_get_named_gpiod_flags: can't parse 'vbus-detect-gpio' property of node '/ocp/target-module@47400000/usb-phy@1300[0]'
[   16.322711] am335x-phy-driver 47401300.usb-phy: using lookup tables for GPIO lookup
[   16.322725] am335x-phy-driver 47401300.usb-phy: No GPIO consumer vbus-detect found
[   16.322987] am335x-phy-driver 47401300.usb-phy: dummy supplies not allowed for exclusive requests (id=vbus)
[   16.580483] usbcore: registered new interface driver usbfs
[   16.586284] usbcore: registered new interface driver hub
[   16.591808] usbcore: registered new device driver usb
[   16.754430] am335x-phy-driver 47401b00.usb-phy: using DT '/ocp/target-module@47400000/usb-phy@1b00' for 'reset' GPIO lookup
[   16.754520] of_get_named_gpiod_flags: can't parse 'reset-gpios' property of node '/ocp/target-module@47400000/usb-phy@1b00[0]'
[   16.754564] of_get_named_gpiod_flags: can't parse 'reset-gpio' property of node '/ocp/target-module@47400000/usb-phy@1b00[0]'
[   16.754601] am335x-phy-driver 47401b00.usb-phy: using lookup tables for GPIO lookup
[   16.754617] am335x-phy-driver 47401b00.usb-phy: No GPIO consumer reset found
[   16.754631] am335x-phy-driver 47401b00.usb-phy: using DT '/ocp/target-module@47400000/usb-phy@1b00' for 'vbus-detect' GPIO lookup
[   16.754662] of_get_named_gpiod_flags: can't parse 'vbus-detect-gpios' property of node '/ocp/target-module@47400000/usb-phy@1b00[0]'
[   16.754693] of_get_named_gpiod_flags: can't parse 'vbus-detect-gpio' property of node '/ocp/target-module@47400000/usb-phy@1b00[0]'
[   16.754719] am335x-phy-driver 47401b00.usb-phy: using lookup tables for GPIO lookup
[   16.754731] am335x-phy-driver 47401b00.usb-phy: No GPIO consumer vbus-detect found
[   16.754878] am335x-phy-driver 47401b00.usb-phy: dummy supplies not allowed for exclusive requests (id=vbus)
[   16.766036] wkup_m3_ipc 44e11324.wkup_m3_ipc: IPC Request for A8->M3 Channel failed! -517
[   16.958660] wkup_m3_ipc 44e11324.wkup_m3_ipc: IPC Request for A8->M3 Channel failed! -517
[   17.026193] tda998x 0-0070: found TDA19988
[   17.157195] wkup_m3_ipc 44e11324.wkup_m3_ipc: IPC Request for A8->M3 Channel failed! -517
[   17.353025] wkup_m3_ipc 44e11324.wkup_m3_ipc: IPC Request for A8->M3 Channel failed! -517
[   17.522941] musb-hdrc musb-hdrc.1: MUSB HDRC host driver
[   17.528361] musb-hdrc musb-hdrc.1: new USB bus registered, assigned bus number 1
[   17.550388] wkup_m3_ipc 44e11324.wkup_m3_ipc: IPC Request for A8->M3 Channel failed! -517
[   17.822278] usb usb1: New USB device found, idVendor=1d6b, idProduct=0002, bcdDevice= 6.14
[   17.830644] usb usb1: New USB device strings: Mfr=3, Product=2, SerialNumber=1
[   17.837967] usb usb1: Product: MUSB HDRC host driver
[   17.843030] usb usb1: Manufacturer: Linux 6.14.0-rc5-next-20250306 musb-hcd
[   17.850029] usb usb1: SerialNumber: musb-hdrc.1
[   17.958391] omap-mailbox 480c8000.mailbox: omap mailbox rev 0x400
[   18.059726] remoteproc remoteproc0: powering up wkup_m3
[   18.286179] remoteproc remoteproc0: Direct firmware load for am335x-pm-firmware.elf failed with error -2
[   18.296488] remoteproc remoteproc0: request_firmware failed: -2
[   18.302579] wkup_m3_ipc 44e11324.wkup_m3_ipc: rproc_boot failed
[   18.358360] hub 1-0:1.0: USB hub found
[   18.448566] hub 1-0:1.0: 1 port detected
[   20.610781] tilcdc 4830e000.lcdc: bound 0-0070 (ops tda998x_audio_codec_init [tda998x])
[   20.690661] omap_rng 48310000.rng: Random Number Generator ver. 20
[   20.717084] [drm] Initialized tilcdc 1.0.0 for 4830e000.lcdc on minor 0
[   20.807616] tilcdc 4830e000.lcdc: [drm] Cannot find any crtc or sizes
[   20.889470] tilcdc 4830e000.lcdc: [drm] Cannot find any crtc or sizes
[   21.449138] omap-sham 53100000.sham: hw accel on OMAP rev 4.3
[   21.577272] omap-sham 53100000.sham: will run requests pump with realtime priority
[   21.610262] PM: Cannot get wkup_m3_ipc handle
[   21.798967] omap-aes 53500000.aes: OMAP AES hw accel rev: 3.2
[   21.893011] omap-aes 53500000.aes: will run requests pump with realtime priority
[   21.906302] PM: Cannot get wkup_m3_ipc handle
[   23.985144] Bluetooth: Core ver 2.22
[   23.988943] NET: Registered PF_BLUETOOTH protocol family
[   23.994492] Bluetooth: HCI device and connection manager initialized
[   24.000910] Bluetooth: HCI socket layer initialized
[   24.005870] Bluetooth: L2CAP socket layer initialized
[   24.010985] Bluetooth: SCO socket layer initialized
[   25.543079] tda998x 0-0070: using DT '/ocp/interconnect@44c00000/segment@200000/target-module@b000/i2c@0/tda19988@70' for 'nxp,calib' GPIO lookup
[   25.543222] of_get_named_gpiod_flags: parsed 'nxp,calib-gpios' property of node '/ocp/interconnect@44c00000/segment@200000/target-module@b000/i2c@0/tda19988@70[0]' - status (0)
[   25.543304] gpio gpiochip0: Persistence not supported for GPIO 25
[   25.543320] gpio-537 (nxp,calib): no flags found for GPIO nxp,calib
[   25.552436] gpio-537 (nxp,calib): gpiod_direction_output_nonotify: tried to set a GPIO tied to an IRQ as output
[   25.572140] PM: Cannot get wkup_m3_ipc handle
[   25.577911] asoc-simple-card sound: using DT '/sound' for 'simple-audio-card,hp-det' GPIO lookup
[   25.577980] of_get_named_gpiod_flags: can't parse 'simple-audio-card,hp-det-gpios' property of node '/sound[0]'
[   25.578014] of_get_named_gpiod_flags: can't parse 'simple-audio-card,hp-det-gpio' property of node '/sound[0]'
[   25.578039] asoc-simple-card sound: using lookup tables for GPIO lookup
[   25.578053] asoc-simple-card sound: No GPIO consumer simple-audio-card,hp-det found
[   25.578067] asoc-simple-card sound: using DT '/sound' for 'simple-audio-card,mic-det' GPIO lookup
[   25.578092] of_get_named_gpiod_flags: can't parse 'simple-audio-card,mic-det-gpios' property of node '/sound[0]'
[   25.578117] of_get_named_gpiod_flags: can't parse 'simple-audio-card,mic-det-gpio' property of node '/sound[0]'
[   25.578136] asoc-simple-card sound: using lookup tables for GPIO lookup
[   25.578148] asoc-simple-card sound: No GPIO consumer simple-audio-card,mic-det found
[   25.694479] PM: Cannot get wkup_m3_ipc handle
[   25.861992] tda9950 0-0034: TDA9950 CEC interface, hardware version 3.3
[   25.960065] PM: Cannot get wkup_m3_ipc handle
[   28.249805] userial_init: registered 8 ttyGS* devices
[   28.490310] rndis_register: configNr = 0
[   28.580552] udc musb-hdrc.0: binding gadget driver [g_multi]
[   28.580660] configfs-gadget.g_multi gadget.0: adding 'rndis'/aff3db8d to config 'c'/d984249b
[   28.582118] configfs-gadget.g_multi gadget.0: HOST MAC 1c:ba:8c:a2:ed:6c
[   28.588896] configfs-gadget.g_multi gadget.0: MAC 1c:ba:8c:a2:ed:70
[   28.595333] rndis_set_param_medium: 0 0
[   28.595357] configfs-gadget.g_multi gadget.0: RNDIS: IN/ep1in OUT/ep1out NOTIFY/ep2in
[   28.595374] configfs-gadget.g_multi gadget.0: adding 'cdc_ethernet'/425af628 to config 'c'/d984249b
[   28.596266] configfs-gadget.g_multi gadget.0: HOST MAC 1c:ba:8c:a2:ed:6c
[   28.603146] configfs-gadget.g_multi gadget.0: MAC 1c:ba:8c:a2:ed:6d
[   28.609479] configfs-gadget.g_multi gadget.0: CDC Ethernet: IN/ep3in OUT/ep2out NOTIFY/ep4in
[   28.609497] configfs-gadget.g_multi gadget.0: adding 'acm'/fc85c477 to config 'c'/d984249b
[   28.609530] configfs-gadget.g_multi gadget.0: acm ttyGS0: IN/ep5in OUT/ep3out NOTIFY/ep6in
[   28.610663] PM: Cannot get wkup_m3_ipc handle
[   29.757290] configfs-gadget.g_multi gadget.0: eth_open
[   31.086769] configfs-gadget.g_multi gadget.0: stop stats: rx/tx 0/0, errs 0/0
[   35.205066] gs_open: ttyGS0 (5d867efb,4fffbb1f)
[   35.205222] gs_close: ttyGS0 (5d867efb,4fffbb1f) ...
[   35.205243] gs_close: ttyGS0 (5d867efb,4fffbb1f) done!
[   35.216871] gs_open: ttyGS0 (669a595e,0c617699)
[   35.216984] gs_close: ttyGS0 (669a595e,0c617699) ...
[   35.217005] gs_close: ttyGS0 (669a595e,0c617699) done!
[   35.386925] gs_open: ttyGS0 (669a595e,a1d42ad7)
[   35.387156] gs_close: ttyGS0 (669a595e,a1d42ad7) ...
[   35.387184] gs_close: ttyGS0 (669a595e,a1d42ad7) done!
[   35.388290] gs_open: ttyGS0 (669a595e,0c617699)
GSBXXXLYLC 0
root@arm:~# echo 'MPMH''SVYXTV'
MPMHSVYXTV
root@arm:~# MARKER='VTVG''SJYKYT' run 'modprobe test_linear_ranges'
VTVGSJYKYTVTVGSJYKYT 0
root@arm:~# echo 'FUNM''VKZQNC'
FUNMVKZQNC
root@arm:~# MARKER='MQOY''CEGBWU' run dmesg
MQOYCEGBWU[    0.000000] Booting Linux on physical CPU 0x0
[    0.000000] Linux version 6.14.0-rc5-next-20250306 (user01@drvtest01) (arm-none-eabi-gcc (Arm GNU Toolchain 14.2.Rel1 (Build arm-14.52)) 14.2.1 20241119, GNU ld (Arm GNU Toolchain 14.2.Rel1 (Build arm-14.52)) 2.43.1.20241119) #1 SMP Thu Mar  6 12:05:20 EET 2025
[    0.000000] CPU: ARMv7 Processor [413fc082] revision 2 (ARMv7), cr=10c5387d
[    0.000000] CPU: PIPT / VIPT nonaliasing data cache, VIPT aliasing instruction cache
[    0.000000] OF: fdt: Machine model: TI AM335x BeagleBone Black
[    0.000000] Memory policy: Data cache writeback
[    0.000000] cma: Reserved 16 MiB at 0x00000000
[    0.000000] Zone ranges:
[    0.000000]   Normal   [mem 0x0000000080000000-0x000000009fdfffff]
[    0.000000]   HighMem  empty
[    0.000000] Movable zone start for each node
[    0.000000] Early memory node ranges
[    0.000000]   node   0: [mem 0x0000000080000000-0x000000009fdfffff]
[    0.000000] Initmem setup node 0 [mem 0x0000000080000000-0x000000009fdfffff]
[    0.000000] OF: reserved mem: Reserved memory: No reserved-memory node in the DT
[    0.000000] CPU: All CPU(s) started in SVC mode.
[    0.000000] AM335X ES2.1 (sgx neon)
[    0.000000] percpu: Embedded 17 pages/cpu s39692 r8192 d21748 u69632
[    0.000000] pcpu-alloc: s39692 r8192 d21748 u69632 alloc=17*4096
[    0.000000] pcpu-alloc: [0] 0 
[    0.000000] Kernel command line: console=ttyO0,115200n8 root=/dev/nfs rw nfsroot=192.168.255.126:/home/user01/nfs,nfsvers=3 ip=192.168.255.1:192.168.255.126::255.255.255.0:bbb1:eth0 nfsrootdebug
[    0.000000] Unknown kernel command line parameters "nfsrootdebug", will be passed to user space.
[    0.000000] printk: log buffer data + meta data: 65536 + 204800 = 270336 bytes
[    0.000000] Dentry cache hash table entries: 65536 (order: 6, 262144 bytes, linear)
[    0.000000] Inode-cache hash table entries: 32768 (order: 5, 131072 bytes, linear)
[    0.000000] Built 1 zonelists, mobility grouping on.  Total pages: 130560
[    0.000000] mem auto-init: stack:off, heap alloc:off, heap free:off
[    0.000000] SLUB: HWalign=16, Order=0-3, MinObjects=0, CPUs=1, Nodes=1
[    0.000000] rcu: Hierarchical RCU implementation.
[    0.000000] rcu: 	RCU event tracing is enabled.
[    0.000000] rcu: 	RCU restricting CPUs from NR_CPUS=2 to nr_cpu_ids=1.
[    0.000000] 	Tracing variant of Tasks RCU enabled.
[    0.000000] rcu: RCU calculated value of scheduler-enlistment delay is 10 jiffies.
[    0.000000] rcu: Adjusting geometry for rcu_fanout_leaf=16, nr_cpu_ids=1
[    0.000000] RCU Tasks Trace: Setting shift to 0 and lim to 1 rcu_task_cb_adjust=1 rcu_task_cpu_ids=1.
[    0.000000] NR_IRQS: 16, nr_irqs: 16, preallocated irqs: 16
[    0.000000] IRQ: Found an INTC at 0x(ptrval) (revision 5.0) with 128 interrupts
[    0.000000] rcu: srcu_init: Setting srcu_struct sizes based on contention.
[    0.000000] TI gptimer clocksource: always-on /ocp/interconnect@44c00000/segment@200000/target-module@31000
[    0.000003] sched_clock: 32 bits at 24MHz, resolution 41ns, wraps every 89478484971ns
[    0.000027] clocksource: dmtimer: mask: 0xffffffff max_cycles: 0xffffffff, max_idle_ns: 79635851949 ns
[    0.000503] TI gptimer clockevent: 24000000 Hz at /ocp/interconnect@48000000/segment@0/target-module@40000
[    0.002124] Console: colour dummy device 80x30
[    0.002189] WARNING: Your 'console=ttyO0' has been replaced by 'ttyS0'
[    0.002197] This ensures that you still see kernel messages. Please
[    0.002201] update your kernel commandline.
[    0.002245] Calibrating delay loop... 996.14 BogoMIPS (lpj=4980736)
[    0.090554] CPU: Testing write buffer coherency: ok
[    0.090653] CPU0: Spectre v2: using BPIALL workaround
[    0.090663] pid_max: default: 32768 minimum: 301
[    0.090820] LSM: initializing lsm=capability
[    0.091003] Mount-cache hash table entries: 1024 (order: 0, 4096 bytes, linear)
[    0.091022] Mountpoint-cache hash table entries: 1024 (order: 0, 4096 bytes, linear)
[    0.092602] CPU0: thread -1, cpu 0, socket -1, mpidr 0
[    0.092658] cacheinfo: Unable to detect cache hierarchy for CPU 0
[    0.150745] Setting up static identity map for 0x80100000 - 0x80100078
[    0.160701] rcu: Hierarchical SRCU implementation.
[    0.160712] rcu: 	Max phase no-delay instances is 1000.
[    0.162449] smp: Bringing up secondary CPUs ...
[    0.162505] smp: Brought up 1 node, 1 CPU
[    0.162516] SMP: Total of 1 processors activated (996.14 BogoMIPS).
[    0.162527] CPU: All CPU(s) started in SVC mode.
[    0.162708] Memory: 480824K/522240K available (11264K kernel code, 1216K rwdata, 2900K rodata, 1024K init, 289K bss, 23384K reserved, 16384K cma-reserved, 0K highmem)
[    0.163529] devtmpfs: initialized
[    0.180915] VFP support v0.3: implementor 41 architecture 3 part 30 variant c rev 3
[    0.181598] clocksource: jiffies: mask: 0xffffffff max_cycles: 0xffffffff, max_idle_ns: 19112604462750000 ns
[    0.181641] futex hash table entries: 256 (order: 2, 16384 bytes, linear)
[    0.182778] pinctrl core: initialized pinctrl subsystem
[    0.185444] NET: Registered PF_NETLINK/PF_ROUTE protocol family
[    0.188245] DMA: preallocated 256 KiB pool for atomic coherent allocations
[    0.189167] audit: initializing netlink subsys (disabled)
[    0.190530] thermal_sys: Registered thermal governor 'fair_share'
[    0.190543] thermal_sys: Registered thermal governor 'step_wise'
[    0.190551] thermal_sys: Registered thermal governor 'user_space'
[    0.190791] audit: type=2000 audit(0.000:1): state=initialized audit_enabled=0 res=1
[    0.190869] cpuidle: using governor menu
[    0.208768] /ocp/interconnect@44c00000/segment@200000/target-module@b000/i2c@0/tda19988@70: Fixed dependency cycle(s) with /ocp/interconnect@48000000/segment@300000/target-module@e000/lcdc@0
[    0.209872] /ocp/interconnect@48000000/segment@300000/target-module@e000/lcdc@0: Fixed dependency cycle(s) with /ocp/interconnect@44c00000/segment@200000/target-module@b000/i2c@0/tda19988@70
[    0.212219] No ATAGs?
[    0.212264] hw-breakpoint: debug architecture 0x4 unsupported.
[    0.214975] kprobes: kprobe jump-optimization is enabled. All kprobes are optimized if possible.
[    0.224093] iommu: Default domain type: Translated
[    0.224114] iommu: DMA domain TLB invalidation policy: strict mode
[    0.225678] reg-fixed-voltage fixedregulator0: using DT '/fixedregulator0' for '(default)' GPIO lookup
[    0.225732] of_get_named_gpiod_flags: can't parse 'gpios' property of node '/fixedregulator0[0]'
[    0.225759] of_get_named_gpiod_flags: can't parse 'gpio' property of node '/fixedregulator0[0]'
[    0.225777] reg-fixed-voltage fixedregulator0: using lookup tables for GPIO lookup
[    0.225788] reg-fixed-voltage fixedregulator0: No GPIO consumer (default) found
[    0.231702] SCSI subsystem initialized
[    0.232184] libata version 3.00 loaded.
[    0.232553] pps_core: LinuxPPS API ver. 1 registered
[    0.232562] pps_core: Software ver. 5.3.6 - Copyright 2005-2007 Rodolfo Giometti <giometti@linux.it>
[    0.232586] PTP clock support registered
[    0.240917] vgaarb: loaded
[    0.241272] clocksource: Switched to clocksource dmtimer
[    0.241940] VFS: Disk quotas dquot_6.6.0
[    0.241993] VFS: Dquot-cache hash table entries: 1024 (order 0, 4096 bytes)
[    0.266202] NET: Registered PF_INET protocol family
[    0.266538] IP idents hash table entries: 8192 (order: 4, 65536 bytes, linear)
[    0.267978] tcp_listen_portaddr_hash hash table entries: 512 (order: 0, 4096 bytes, linear)
[    0.268016] Table-perturb hash table entries: 65536 (order: 6, 262144 bytes, linear)
[    0.268034] TCP established hash table entries: 4096 (order: 2, 16384 bytes, linear)
[    0.268079] TCP bind hash table entries: 4096 (order: 4, 65536 bytes, linear)
[    0.268178] TCP: Hash tables configured (established 4096 bind 4096)
[    0.268295] UDP hash table entries: 256 (order: 1, 14336 bytes, linear)
[    0.268332] UDP-Lite hash table entries: 256 (order: 1, 14336 bytes, linear)
[    0.268516] NET: Registered PF_UNIX/PF_LOCAL protocol family
[    0.272083] RPC: Registered named UNIX socket transport module.
[    0.272105] RPC: Registered udp transport module.
[    0.272110] RPC: Registered tcp transport module.
[    0.272115] RPC: Registered tcp-with-tls transport module.
[    0.272120] RPC: Registered tcp NFSv4.1 backchannel transport module.
[    0.272145] PCI: CLS 0 bytes, default 64
[    0.273553] Initialise system trusted keyrings
[    0.282090] workingset: timestamp_bits=14 max_order=17 bucket_order=3
[    0.283449] NFS: Registering the id_resolver key type
[    0.283557] Key type id_resolver registered
[    0.283565] Key type id_legacy registered
[    0.283672] jffs2: version 2.2. (NAND) (SUMMARY)  Â© 2001-2006 Red Hat, Inc.
[    0.284088] Key type asymmetric registered
[    0.284102] Asymmetric key parser 'x509' registered
[    0.284164] io scheduler mq-deadline registered
[    0.284173] io scheduler kyber registered
[    0.284247] io scheduler bfq registered
[    0.285817] ledtrig-cpu: registered to indicate activity on CPUs
[    0.292139] Serial: 8250/16550 driver, 6 ports, IRQ sharing enabled
[    0.332188] brd: module loaded
[    0.349283] loop: module loaded
[    0.350191] mtdoops: mtd device (mtddev=name/number) must be supplied
[    0.352670] mdio_bus fixed-0: using lookup tables for GPIO lookup
[    0.352694] mdio_bus fixed-0: No GPIO consumer reset found
[    0.354042] i2c_dev: i2c /dev entries driver
[    0.355012] cpuidle: enable-method property 'ti,am3352' found operations
[    0.355463] sdhci: Secure Digital Host Controller Interface driver
[    0.355472] sdhci: Copyright(c) Pierre Ossman
[    0.355648] sdhci-pltfm: SDHCI platform and OF driver helper
[    0.356651] Initializing XFRM netlink socket
[    0.356818] NET: Registered PF_INET6 protocol family
[    0.369290] Segment Routing with IPv6
[    0.369386] In-situ OAM (IOAM) with IPv6
[    0.369487] sit: IPv6, IPv4 and MPLS over IPv4 tunneling driver
[    0.370441] NET: Registered PF_PACKET protocol family
[    0.370474] NET: Registered PF_KEY protocol family
[    0.370592] Key type dns_resolver registered
[    0.370814] ThumbEE CPU extension supported.
[    0.370834] Registering SWP/SWPB emulation handler
[    0.371532] omap_voltage_late_init: Voltage driver support not added
[    0.371888] SmartReflex Class3 initialized
[    0.394834] Loading compiled-in X.509 certificates
[    0.433735] /ocp/interconnect@44c00000/segment@200000/target-module@b000/i2c@0/tda19988@70: Fixed dependency cycle(s) with /ocp/interconnect@48000000/segment@300000/target-module@e000/lcdc@0
[    0.440099] /ocp/interconnect@44c00000/segment@200000/target-module@b000/i2c@0/tda19988@70: Fixed dependency cycle(s) with /ocp/interconnect@48000000/segment@300000/target-module@e000/lcdc@0
[    0.445814] gpiochip_find_base_unlocked: found new base at 512
[    0.466292] /ocp/interconnect@44c00000/segment@200000/target-module@b000/i2c@0/tda19988@70: Fixed dependency cycle(s) with /ocp/interconnect@48000000/segment@300000/target-module@e000/lcdc@0
[    0.467150] /ocp/interconnect@44c00000/segment@200000/target-module@b000/i2c@0/tda19988@70: Fixed dependency cycle(s) with /ocp/interconnect@48000000/segment@300000/target-module@e000/lcdc@0
[    0.470498] /ocp/interconnect@44c00000/segment@200000/target-module@10000/scm@0/pinmux@800: Fixed dependency cycle(s) with /ocp/interconnect@44c00000/segment@200000/target-module@10000/scm@0/pinmux@800/clkout2-pins
[    0.471096] pinctrl-single 44e10800.pinmux: 142 pins, size 568
[    0.476610] ti-sysc 44e31000.target-module: probe with driver ti-sysc failed with error -16
[    0.522672] /ocp/interconnect@48000000/segment@300000/target-module@e000/lcdc@0: Fixed dependency cycle(s) with /ocp/interconnect@44c00000/segment@200000/target-module@b000/i2c@0/tda19988@70
[    0.530495] ti-sysc 48040000.target-module: probe with driver ti-sysc failed with error -16
[    0.541867] gpiochip_find_base_unlocked: found new base at 512
[    0.541970] gpio gpiochip0: (gpio-0-31): created GPIO range 0->7 ==> 44e10800.pinmux PIN 0->7
[    0.541991] gpio gpiochip0: (gpio-0-31): created GPIO range 8->11 ==> 44e10800.pinmux PIN 90->93
[    0.542006] gpio gpiochip0: (gpio-0-31): created GPIO range 12->27 ==> 44e10800.pinmux PIN 12->27
[    0.542022] gpio gpiochip0: (gpio-0-31): created GPIO range 28->31 ==> 44e10800.pinmux PIN 30->33
[    0.578048] gpio gpiochip0: (gpio-0-31): added GPIO chardev (254:0)
[    0.578199] gpio gpiochip0: registered GPIOs 512 to 543 on gpio-0-31
[    0.578283] OMAP GPIO hardware version 0.1
[    0.591672] i2c i2c-2: using DT '/ocp/interconnect@48000000/segment@100000/target-module@9c000/i2c@0' for 'scl' GPIO lookup
[    0.591744] of_get_named_gpiod_flags: can't parse 'scl-gpios' property of node '/ocp/interconnect@48000000/segment@100000/target-module@9c000/i2c@0[0]'
[    0.591785] of_get_named_gpiod_flags: can't parse 'scl-gpio' property of node '/ocp/interconnect@48000000/segment@100000/target-module@9c000/i2c@0[0]'
[    0.591820] i2c i2c-2: using lookup tables for GPIO lookup
[    0.591830] i2c i2c-2: No GPIO consumer scl found
[    0.591851] i2c i2c-2: using DT '/ocp/interconnect@48000000/segment@100000/target-module@9c000/i2c@0' for 'sda' GPIO lookup
[    0.591885] of_get_named_gpiod_flags: can't parse 'sda-gpios' property of node '/ocp/interconnect@48000000/segment@100000/target-module@9c000/i2c@0[0]'
[    0.591921] of_get_named_gpiod_flags: can't parse 'sda-gpio' property of node '/ocp/interconnect@48000000/segment@100000/target-module@9c000/i2c@0[0]'
[    0.591952] i2c i2c-2: using lookup tables for GPIO lookup
[    0.591959] i2c i2c-2: No GPIO consumer sda found
[    0.592733] omap_i2c 4819c000.i2c: bus 2 rev0.11 at 100 kHz
[    0.598147] gpiochip_find_base_unlocked: found new base at 544
[    0.598248] gpio gpiochip1: (gpio-32-63): created GPIO range 0->17 ==> 44e10800.pinmux PIN 34->51
[    0.598268] gpio gpiochip1: (gpio-32-63): created GPIO range 18->21 ==> 44e10800.pinmux PIN 77->80
[    0.598283] gpio gpiochip1: (gpio-32-63): created GPIO range 22->31 ==> 44e10800.pinmux PIN 56->65
[    0.621789] gpio gpiochip1: (gpio-32-63): added GPIO chardev (254:1)
[    0.621949] gpio gpiochip1: registered GPIOs 544 to 575 on gpio-32-63
[    0.624213] gpiochip_find_base_unlocked: found new base at 576
[    0.624305] gpio gpiochip2: (gpio-64-95): created GPIO range 0->4 ==> 44e10800.pinmux PIN 66->70
[    0.624325] gpio gpiochip2: (gpio-64-95): created GPIO range 5->6 ==> 44e10800.pinmux PIN 98->99
[    0.624341] gpio gpiochip2: (gpio-64-95): created GPIO range 7->8 ==> 44e10800.pinmux PIN 75->76
[    0.624356] gpio gpiochip2: (gpio-64-95): created GPIO range 13->13 ==> 44e10800.pinmux PIN 141->141
[    0.624372] gpio gpiochip2: (gpio-64-95): created GPIO range 14->21 ==> 44e10800.pinmux PIN 100->107
[    0.637532] gpio gpiochip2: (gpio-64-95): added GPIO chardev (254:2)
[    0.637674] gpio gpiochip2: registered GPIOs 576 to 607 on gpio-64-95
[    0.643345] 48000000.interconnect:segment@200000:target-module@0:mpu@0:fck: device ID is greater than 24
[    0.644222] /ocp/interconnect@48000000/segment@300000/target-module@e000/lcdc@0: Fixed dependency cycle(s) with /ocp/interconnect@44c00000/segment@200000/target-module@b000/i2c@0/tda19988@70
[    0.646946] /ocp/interconnect@48000000/segment@300000/target-module@e000/lcdc@0: Fixed dependency cycle(s) with /ocp/interconnect@44c00000/segment@200000/target-module@b000/i2c@0/tda19988@70
[    0.647638] /ocp/interconnect@44c00000/segment@200000/target-module@b000/i2c@0/tda19988@70: Fixed dependency cycle(s) with /ocp/interconnect@48000000/segment@300000/target-module@e000/lcdc@0
[    0.647796] /ocp/interconnect@48000000/segment@300000/target-module@e000/lcdc@0: Fixed dependency cycle(s) with /ocp/interconnect@44c00000/segment@200000/target-module@b000/i2c@0/tda19988@70
[    0.657327] mdio_bus 4a101000.mdio: using DT '/ocp/interconnect@4a000000/segment@0/target-module@100000/switch@0/mdio@1000' for 'reset' GPIO lookup
[    0.657399] of_get_named_gpiod_flags: can't parse 'reset-gpios' property of node '/ocp/interconnect@4a000000/segment@0/target-module@100000/switch@0/mdio@1000[0]'
[    0.657446] of_get_named_gpiod_flags: can't parse 'reset-gpio' property of node '/ocp/interconnect@4a000000/segment@0/target-module@100000/switch@0/mdio@1000[0]'
[    0.657492] mdio_bus 4a101000.mdio: using lookup tables for GPIO lookup
[    0.657502] mdio_bus 4a101000.mdio: No GPIO consumer reset found
[    0.658639] sdhci-omap 481d8000.mmc: using DT '/ocp/interconnect@48000000/segment@100000/target-module@d8000/mmc@0' for 'wp' GPIO lookup
[    0.658703] of_get_named_gpiod_flags: can't parse 'wp-gpios' property of node '/ocp/interconnect@48000000/segment@100000/target-module@d8000/mmc@0[0]'
[    0.658745] of_get_named_gpiod_flags: can't parse 'wp-gpio' property of node '/ocp/interconnect@48000000/segment@100000/target-module@d8000/mmc@0[0]'
[    0.658778] sdhci-omap 481d8000.mmc: using lookup tables for GPIO lookup
[    0.658788] sdhci-omap 481d8000.mmc: No GPIO consumer wp found
[    0.658978] sdhci-omap 481d8000.mmc: supply pbias not found, using dummy regulator
[    0.659477] sdhci-omap 481d8000.mmc: supply vqmmc not found, using dummy regulator
[    0.701895] davinci_mdio 4a101000.mdio: davinci mdio revision 1.6, bus freq 1000000
[    0.726930] mdio_bus 4a101000.mdio:00: using DT '/ocp/interconnect@4a000000/segment@0/target-module@100000/switch@0/mdio@1000/ethernet-phy@0' for 'reset' GPIO lookup
[    0.727030] of_get_named_gpiod_flags: parsed 'reset-gpios' property of node '/ocp/interconnect@4a000000/segment@0/target-module@100000/switch@0/mdio@1000/ethernet-phy@0[0]' - status (0)
[    0.727191] gpio gpiochip0: Persistence not supported for GPIO 8
[    0.853996] davinci_mdio 4a101000.mdio: phy[0]: device 4a101000.mdio:00, driver SMSC LAN8710/LAN8720
[    0.854763] cpsw-switch 4a100000.switch: initialized cpsw ale version 1.4
[    0.854785] cpsw-switch 4a100000.switch: ALE Table size 1024, Policers 0
[    0.854935] cpsw-switch 4a100000.switch: cpts: overflow check period 500 (jiffies)
[    0.854952] cpsw-switch 4a100000.switch: CPTS: ref_clk_freq:250000000 calc_mult:2147483648 calc_shift:29 error:0 nsec/sec
[    0.855064] cpsw-switch 4a100000.switch: Detected MACID = 6c:ec:eb:68:de:78
[    0.856909] cpsw-switch 4a100000.switch: initialized (regs 0x4a100000, pool size 256) hw_ver:0019010C 1.12 (0)
[    0.867909] debugfs: Directory '49000000.dma' with parent 'dmaengine' already present!
[    0.867951] edma 49000000.dma: TI EDMA DMA engine driver
[    0.915619] target-module@4b000000:target-module@140000:pmu@0:fck: device ID is greater than 24
[    0.926332] hw perfevents: enabled with armv7_cortex_a8 PMU driver, 5 (8000000f) counters available
[    0.927263] gpio-clk clk_mcasp0: using DT '/clk_mcasp0' for 'enable' GPIO lookup
[    0.927337] of_get_named_gpiod_flags: parsed 'enable-gpios' property of node '/clk_mcasp0[0]' - status (0)
[    0.927380] gpio gpiochip0: Persistence not supported for GPIO 27
[    0.928191] gpiochip_find_base_unlocked: found new base at 608
[    0.928298] gpio gpiochip3: (gpio-96-127): created GPIO range 0->7 ==> 44e10800.pinmux PIN 82->89
[    0.928319] gpio gpiochip3: (gpio-96-127): created GPIO range 8->11 ==> 44e10800.pinmux PIN 52->55
[    0.928355] gpio gpiochip3: (gpio-96-127): created GPIO range 12->15 ==> 44e10800.pinmux PIN 94->97
[    0.928371] gpio gpiochip3: (gpio-96-127): created GPIO range 16->17 ==> 44e10800.pinmux PIN 71->72
[    0.928387] gpio gpiochip3: (gpio-96-127): created GPIO range 18->18 ==> 44e10800.pinmux PIN 135->135
[    0.928403] gpio gpiochip3: (gpio-96-127): created GPIO range 19->20 ==> 44e10800.pinmux PIN 108->109
[    0.928420] gpio gpiochip3: (gpio-96-127): created GPIO range 21->21 ==> 44e10800.pinmux PIN 73->73
[    0.928437] gpio gpiochip3: (gpio-96-127): created GPIO range 22->23 ==> 44e10800.pinmux PIN 8->9
[    0.928454] gpio gpiochip3: (gpio-96-127): created GPIO range 26->27 ==> 44e10800.pinmux PIN 10->11
[    0.928471] gpio gpiochip3: (gpio-96-127): created GPIO range 28->28 ==> 44e10800.pinmux PIN 74->74
[    0.928489] gpio gpiochip3: (gpio-96-127): created GPIO range 29->29 ==> 44e10800.pinmux PIN 81->81
[    0.928507] gpio gpiochip3: (gpio-96-127): created GPIO range 30->31 ==> 44e10800.pinmux PIN 28->29
[    0.934073] l3-aon-clkctrl:0000:0: failed to disable
[    0.947695] gpio gpiochip3: (gpio-96-127): added GPIO chardev (254:3)
[    0.947835] gpio gpiochip3: registered GPIOs 608 to 639 on gpio-96-127
[    0.949706] omap8250 44e09000.serial: using DT '/ocp/interconnect@44c00000/segment@200000/target-module@9000/serial@0' for 'rs485-term' GPIO lookup
[    0.949776] of_get_named_gpiod_flags: can't parse 'rs485-term-gpios' property of node '/ocp/interconnect@44c00000/segment@200000/target-module@9000/serial@0[0]'
[    0.949818] of_get_named_gpiod_flags: can't parse 'rs485-term-gpio' property of node '/ocp/interconnect@44c00000/segment@200000/target-module@9000/serial@0[0]'
[    0.949854] omap8250 44e09000.serial: using lookup tables for GPIO lookup
[    0.949864] omap8250 44e09000.serial: No GPIO consumer rs485-term found
[    0.949874] omap8250 44e09000.serial: using DT '/ocp/interconnect@44c00000/segment@200000/target-module@9000/serial@0' for 'rs485-rx-during-tx' GPIO lookup
[    0.949909] of_get_named_gpiod_flags: can't parse 'rs485-rx-during-tx-gpios' property of node '/ocp/interconnect@44c00000/segment@200000/target-module@9000/serial@0[0]'
[    0.949945] of_get_named_gpiod_flags: can't parse 'rs485-rx-during-tx-gpio' property of node '/ocp/interconnect@44c00000/segment@200000/target-module@9000/serial@0[0]'
[    0.949977] omap8250 44e09000.serial: using lookup tables for GPIO lookup
[    0.949985] omap8250 44e09000.serial: No GPIO consumer rs485-rx-during-tx found
[    0.950367] 44e09000.serial: ttyS0 at MMIO 0x44e09000 (irq = 34, base_baud = 3000000) is a 8250
[    0.950453] printk: legacy console [ttyS0] enabled
[    2.419625] i2c i2c-0: using DT '/ocp/interconnect@44c00000/segment@200000/target-module@b000/i2c@0' for 'scl' GPIO lookup
[    2.419712] of_get_named_gpiod_flags: can't parse 'scl-gpios' property of node '/ocp/interconnect@44c00000/segment@200000/target-module@b000/i2c@0[0]'
[    2.419758] of_get_named_gpiod_flags: can't parse 'scl-gpio' property of node '/ocp/interconnect@44c00000/segment@200000/target-module@b000/i2c@0[0]'
[    2.419797] i2c i2c-0: using lookup tables for GPIO lookup
[    2.419810] i2c i2c-0: No GPIO consumer scl found
[    2.419835] i2c i2c-0: using DT '/ocp/interconnect@44c00000/segment@200000/target-module@b000/i2c@0' for 'sda' GPIO lookup
[    2.419874] of_get_named_gpiod_flags: can't parse 'sda-gpios' property of node '/ocp/interconnect@44c00000/segment@200000/target-module@b000/i2c@0[0]'
[    2.419915] of_get_named_gpiod_flags: can't parse 'sda-gpio' property of node '/ocp/interconnect@44c00000/segment@200000/target-module@b000/i2c@0[0]'
[    2.419950] i2c i2c-0: using lookup tables for GPIO lookup
[    2.419961] i2c i2c-0: No GPIO consumer sda found
[    2.432247] tps65217-pmic: Failed to locate of_node [id: -1]
[    2.438305] tps65217-bl: Failed to locate of_node [id: -1]
[    2.449605] tps65217 0-0024: TPS65217 ID 0xe version 1.2
[    2.455749] /ocp/interconnect@48000000/segment@300000/target-module@e000/lcdc@0: Fixed dependency cycle(s) with /ocp/interconnect@44c00000/segment@200000/target-module@b000/i2c@0/tda19988@70
[    2.473112] /ocp/interconnect@44c00000/segment@200000/target-module@b000/i2c@0/tda19988@70: Fixed dependency cycle(s) with /ocp/interconnect@48000000/segment@300000/target-module@e000/lcdc@0
[    2.490484] omap_i2c 44e0b000.i2c: bus 0 rev0.11 at 400 kHz
[    2.498266] sdhci-omap 48060000.mmc: using DT '/ocp/interconnect@48000000/segment@0/target-module@60000/mmc@0' for 'cd' GPIO lookup
[    2.498373] of_get_named_gpiod_flags: parsed 'cd-gpios' property of node '/ocp/interconnect@48000000/segment@0/target-module@60000/mmc@0[0]' - status (0)
[    2.498439] gpio gpiochip3: Persistence not supported for GPIO 6
[    2.498465] omap_gpio 44e07000.gpio: Could not set line 6 debounce to 200000 microseconds (-22)
[    2.507342] sdhci-omap 48060000.mmc: Got CD GPIO
[    2.512024] sdhci-omap 48060000.mmc: using DT '/ocp/interconnect@48000000/segment@0/target-module@60000/mmc@0' for 'wp' GPIO lookup
[    2.512072] of_get_named_gpiod_flags: can't parse 'wp-gpios' property of node '/ocp/interconnect@48000000/segment@0/target-module@60000/mmc@0[0]'
[    2.512116] of_get_named_gpiod_flags: can't parse 'wp-gpio' property of node '/ocp/interconnect@48000000/segment@0/target-module@60000/mmc@0[0]'
