Labgrid Console Logfile for main
Logfile started at 2025-10-12 14:34:44.337463
=== Log starts here ===
reading args
spl_load_image_fat_os: error reading image args, err - -1
reading u-boot.img
reading u-boot.img


U-Boot 2014.04-00014-g47880f5 (Apr 22 2014 - 13:23:54)

I2C:   ready
DRAM:  512 MiB
NAND:  0 MiB
MMC:   OMAP SD/MMC: 0, OMAP SD/MMC: 1
*** Warning - readenv() failed, using default environment

Net:   <ethaddr> not set. Validating first E-fuse MAC
cpsw, usb_ether
Hit any key to stop autoboot:  1  0 
gpio: pin 53 (gpio 53) value is 1
mmc0 is current device
gpio: pin 54 (gpio 54) value is 1
SD/MMC found on device 0
reading uEnv.txt
569 bytes read in 4 ms (138.7 KiB/s)
gpio: pin 55 (gpio 55) value is 1
Loaded environment from uEnv.txt
Importing environment from mmc ...
Checking if uenvcmd is set ...
gpio: pin 56 (gpio 56) value is 1
Running uenvcmd ...
cpsw Waiting for PHY auto negotiation to complete. done
link up on port 0, speed 100, full duplex
Using cpsw device
TFTP from server 192.168.255.126; our IP address is 192.168.255.1
Filename 'zImage'.
Load address: 0x81000000
Loading: *#################################################################
	 #################################################################
	 #################################################################
	 #################################################################
	 #################################################################
	 ####################################################
	 2.4 MiB/s
done
Bytes transferred = 5527984 (5459b0 hex)
link up on port 0, speed 100, full duplex
Using cpsw device
TFTP from server 192.168.255.126; our IP address is 192.168.255.1
Filename 'am335x-boneblack.dtb'.
Load address: 0x82000000
Loading: *#######
	 2.3 MiB/s
done
Bytes transferred = 98336 (18020 hex)
Kernel image @ 0x81000000 [ 0x000000 - 0x5459b0 ]
## Flattened Device Tree blob at 82000000
   Booting using the fdt blob at 0x82000000
   Using Device Tree in place at 82000000, end 8201b01f

Starting kernel ...

[    0.000000] Booting Linux on physical CPU 0x0
[    0.000000] Linux version 6.12.52 (user01@drvtest01) (arm-none-eabi-gcc (Arm GNU Toolchain 14.2.Rel1 (Build arm-14.52)) 14.2.1 20241119, GNU ld (Arm GNU Toolchain 14.2.Rel1 (Build arm-14.52)) 2.43.1.20241119) #1 SMP Sun Oct 12 14:33:04 EEST 2025
[    0.000000] CPU: ARMv7 Processor [413fc082] revision 2 (ARMv7), cr=10c5387d
[    0.000000] CPU: PIPT / VIPT nonaliasing data cache, VIPT aliasing instruction cache
[    0.000000] OF: fdt: Machine model: TI AM335x BeagleBone Black
[    0.000000] Memory policy: Data cache writeback
[    0.000000] cma: Reserved 16 MiB at 0x9e800000 on node -1
[    0.000000] Zone ranges:
[    0.000000]   Normal   [mem 0x0000000080000000-0x000000009fdfffff]
[    0.000000]   HighMem  empty
[    0.000000] Movable zone start for each node
[    0.000000] Early memory node ranges
[    0.000000]   node   0: [mem 0x0000000080000000-0x000000009fdfffff]
[    0.000000] Initmem setup node 0 [mem 0x0000000080000000-0x000000009fdfffff]
[    0.000000] OF: reserved mem: Reserved memory: No reserved-memory node in the DT
[    0.000000] CPU: All CPU(s) started in SVC mode.
[    0.000000] AM335X ES2.1 (sgx neon)
[    0.000000] percpu: Embedded 17 pages/cpu s40396 r8192 d21044 u69632
[    0.000000] Kernel command line: console=ttyO0,115200n8 root=/dev/nfs rw nfsroot=192.168.255.126:/home/user01/nfs,nfsvers=3 ip=192.168.255.1:192.168.255.126::255.255.255.0:bbb1:eth0 nfsrootdebug
[    0.000000] Unknown kernel command line parameters "nfsrootdebug", will be passed to user space.
[    0.000000] Dentry cache hash table entries: 65536 (order: 6, 262144 bytes, linear)
[    0.000000] Inode-cache hash table entries: 32768 (order: 5, 131072 bytes, linear)
[    0.000000] Built 1 zonelists, mobility grouping on.  Total pages: 130560
[    0.000000] mem auto-init: stack:off, heap alloc:off, heap free:off
[    0.000000] SLUB: HWalign=64, Order=0-3, MinObjects=0, CPUs=1, Nodes=1
[    0.000000] rcu: Hierarchical RCU implementation.
[    0.000000] rcu: 	RCU event tracing is enabled.
[    0.000000] rcu: 	RCU restricting CPUs from NR_CPUS=2 to nr_cpu_ids=1.
[    0.000000] rcu: RCU calculated value of scheduler-enlistment delay is 10 jiffies.
[    0.000000] rcu: Adjusting geometry for rcu_fanout_leaf=16, nr_cpu_ids=1
[    0.000000] NR_IRQS: 16, nr_irqs: 16, preallocated irqs: 16
[    0.000000] IRQ: Found an INTC at 0x(ptrval) (revision 5.0) with 128 interrupts
[    0.000000] rcu: srcu_init: Setting srcu_struct sizes based on contention.
[    0.000000] TI gptimer clocksource: always-on /ocp/interconnect@44c00000/segment@200000/target-module@31000
[    0.000002] sched_clock: 32 bits at 24MHz, resolution 41ns, wraps every 89478484971ns
[    0.000027] clocksource: dmtimer: mask: 0xffffffff max_cycles: 0xffffffff, max_idle_ns: 79635851949 ns
[    0.000490] TI gptimer clockevent: 24000000 Hz at /ocp/interconnect@48000000/segment@0/target-module@40000
[    0.002086] Console: colour dummy device 80x30
[    0.002151] WARNING: Your 'console=ttyO0' has been replaced by 'ttyS0'
[    0.002159] This ensures that you still see kernel messages. Please
[    0.002164] update your kernel commandline.
[    0.002208] Calibrating delay loop... 996.14 BogoMIPS (lpj=4980736)
[    0.090600] CPU: Testing write buffer coherency: ok
[    0.090682] CPU0: Spectre v2: using BPIALL workaround
[    0.090691] pid_max: default: 32768 minimum: 301
[    0.090815] LSM: initializing lsm=capability
[    0.090991] Mount-cache hash table entries: 1024 (order: 0, 4096 bytes, linear)
[    0.091012] Mountpoint-cache hash table entries: 1024 (order: 0, 4096 bytes, linear)
[    0.092595] CPU0: thread -1, cpu 0, socket -1, mpidr 0
[    0.094698] Setting up static identity map for 0x80100000 - 0x80100078
[    0.095045] rcu: Hierarchical SRCU implementation.
[    0.095055] rcu: 	Max phase no-delay instances is 1000.
[    0.096825] smp: Bringing up secondary CPUs ...
[    0.096878] smp: Brought up 1 node, 1 CPU
[    0.096892] SMP: Total of 1 processors activated (996.14 BogoMIPS).
[    0.096903] CPU: All CPU(s) started in SVC mode.
[    0.097092] Memory: 480856K/522240K available (11264K kernel code, 1220K rwdata, 2880K rodata, 1024K init, 298K bss, 23372K reserved, 16384K cma-reserved, 0K highmem)
[    0.097913] devtmpfs: initialized
[    0.114435] VFP support v0.3: implementor 41 architecture 3 part 30 variant c rev 3
[    0.114776] clocksource: jiffies: mask: 0xffffffff max_cycles: 0xffffffff, max_idle_ns: 19112604462750000 ns
[    0.114811] futex hash table entries: 256 (order: 2, 16384 bytes, linear)
[    0.116200] pinctrl core: initialized pinctrl subsystem
[    0.118327] NET: Registered PF_NETLINK/PF_ROUTE protocol family
[    0.121449] DMA: preallocated 256 KiB pool for atomic coherent allocations
[    0.122366] audit: initializing netlink subsys (disabled)
[    0.123725] thermal_sys: Registered thermal governor 'fair_share'
[    0.123742] thermal_sys: Registered thermal governor 'step_wise'
[    0.123752] thermal_sys: Registered thermal governor 'user_space'
[    0.123865] audit: type=2000 audit(0.120:1): state=initialized audit_enabled=0 res=1
[    0.123940] cpuidle: using governor menu
[    0.141464] /ocp/interconnect@44c00000/segment@200000/target-module@b000/i2c@0/tda19988@70: Fixed dependency cycle(s) with /ocp/interconnect@48000000/segment@300000/target-module@e000/lcdc@0
[    0.142596] /ocp/interconnect@48000000/segment@300000/target-module@e000/lcdc@0: Fixed dependency cycle(s) with /ocp/interconnect@44c00000/segment@200000/target-module@b000/i2c@0/tda19988@70
[    0.144759] No ATAGs?
[    0.144777] hw-breakpoint: debug architecture 0x4 unsupported.
[    0.147406] kprobes: kprobe jump-optimization is enabled. All kprobes are optimized if possible.
[    0.154072] iommu: Default domain type: Translated
[    0.154095] iommu: DMA domain TLB invalidation policy: strict mode
[    0.161329] SCSI subsystem initialized
[    0.162178] pps_core: LinuxPPS API ver. 1 registered
[    0.162188] pps_core: Software ver. 5.3.6 - Copyright 2005-2007 Rodolfo Giometti <giometti@linux.it>
[    0.162213] PTP clock support registered
[    0.171274] vgaarb: loaded
[    0.171631] clocksource: Switched to clocksource dmtimer
[    0.172287] VFS: Disk quotas dquot_6.6.0
[    0.172328] VFS: Dquot-cache hash table entries: 1024 (order 0, 4096 bytes)
[    0.197721] NET: Registered PF_INET protocol family
[    0.198088] IP idents hash table entries: 8192 (order: 4, 65536 bytes, linear)
[    0.199462] tcp_listen_portaddr_hash hash table entries: 512 (order: 0, 4096 bytes, linear)
[    0.199500] Table-perturb hash table entries: 65536 (order: 6, 262144 bytes, linear)
[    0.199517] TCP established hash table entries: 4096 (order: 2, 16384 bytes, linear)
[    0.199564] TCP bind hash table entries: 4096 (order: 4, 65536 bytes, linear)
[    0.199664] TCP: Hash tables configured (established 4096 bind 4096)
[    0.199781] UDP hash table entries: 256 (order: 1, 8192 bytes, linear)
[    0.199808] UDP-Lite hash table entries: 256 (order: 1, 8192 bytes, linear)
[    0.199981] NET: Registered PF_UNIX/PF_LOCAL protocol family
[    0.202570] RPC: Registered named UNIX socket transport module.
[    0.202591] RPC: Registered udp transport module.
[    0.202597] RPC: Registered tcp transport module.
[    0.202602] RPC: Registered tcp-with-tls transport module.
[    0.202606] RPC: Registered tcp NFSv4.1 backchannel transport module.
[    0.202632] PCI: CLS 0 bytes, default 64
[    0.204023] Initialise system trusted keyrings
[    0.212335] workingset: timestamp_bits=14 max_order=17 bucket_order=3
[    0.213607] NFS: Registering the id_resolver key type
[    0.213692] Key type id_resolver registered
[    0.213699] Key type id_legacy registered
[    0.213746] jffs2: version 2.2. (NAND) (SUMMARY)  Â© 2001-2006 Red Hat, Inc.
[    0.214156] Key type asymmetric registered
[    0.214172] Asymmetric key parser 'x509' registered
[    0.214240] io scheduler mq-deadline registered
[    0.214250] io scheduler kyber registered
[    0.214316] io scheduler bfq registered
[    0.216180] target-module@4b000000:target-module@140000:pmu@0:fck: device ID is greater than 24
[    0.222345] l3-aon-clkctrl:0000:0: failed to disable
[    0.232210] ledtrig-cpu: registered to indicate activity on CPUs
[    0.235008] Serial: 8250/16550 driver, 6 ports, IRQ sharing enabled
[    0.274206] brd: module loaded
[    0.296434] loop: module loaded
[    0.297379] mtdoops: mtd device (mtddev=name/number) must be supplied
[    0.300523] i2c_dev: i2c /dev entries driver
[    0.301499] cpuidle: enable-method property 'ti,am3352' found operations
[    0.302140] sdhci: Secure Digital Host Controller Interface driver
[    0.302152] sdhci: Copyright(c) Pierre Ossman
[    0.302327] sdhci-pltfm: SDHCI platform and OF driver helper
[    0.303802] hw perfevents: enabled with armv7_cortex_a8 PMU driver, 5 (8000000f) counters available
[    0.304304] Initializing XFRM netlink socket
[    0.304438] NET: Registered PF_INET6 protocol family
[    0.310090] l3-aon-clkctrl:0000:0: failed to disable
[    0.311433] Segment Routing with IPv6
[    0.311514] In-situ OAM (IOAM) with IPv6
[    0.311775] sit: IPv6, IPv4 and MPLS over IPv4 tunneling driver
[    0.312727] NET: Registered PF_PACKET protocol family
[    0.312754] NET: Registered PF_KEY protocol family
[    0.312868] Key type dns_resolver registered
[    0.313091] ThumbEE CPU extension supported.
[    0.313111] Registering SWP/SWPB emulation handler
[    0.313628] omap_voltage_late_init: Voltage driver support not added
[    0.314306] SmartReflex Class3 initialized
[    0.344193] Loading compiled-in X.509 certificates
[    0.388522] /ocp/interconnect@44c00000/segment@200000/target-module@b000/i2c@0/tda19988@70: Fixed dependency cycle(s) with /ocp/interconnect@48000000/segment@300000/target-module@e000/lcdc@0
[    0.394930] /ocp/interconnect@44c00000/segment@200000/target-module@b000/i2c@0/tda19988@70: Fixed dependency cycle(s) with /ocp/interconnect@48000000/segment@300000/target-module@e000/lcdc@0
[    0.434334] /ocp/interconnect@44c00000/segment@200000/target-module@b000/i2c@0/tda19988@70: Fixed dependency cycle(s) with /ocp/interconnect@48000000/segment@300000/target-module@e000/lcdc@0
[    0.435156] /ocp/interconnect@44c00000/segment@200000/target-module@b000/i2c@0/tda19988@70: Fixed dependency cycle(s) with /ocp/interconnect@48000000/segment@300000/target-module@e000/lcdc@0
[    0.438400] /ocp/interconnect@44c00000/segment@200000/target-module@10000/scm@0/pinmux@800: Fixed dependency cycle(s) with /ocp/interconnect@44c00000/segment@200000/target-module@10000/scm@0/pinmux@800/clkout2-pins
[    0.438984] pinctrl-single 44e10800.pinmux: 142 pins, size 568
[    0.444250] ti-sysc 44e31000.target-module: probe with driver ti-sysc failed with error -16
[    0.470145] /ocp/interconnect@48000000/segment@300000/target-module@e000/lcdc@0: Fixed dependency cycle(s) with /ocp/interconnect@44c00000/segment@200000/target-module@b000/i2c@0/tda19988@70
[    0.477965] ti-sysc 48040000.target-module: probe with driver ti-sysc failed with error -16
[    0.522891] OMAP GPIO hardware version 0.1
[    0.563282] omap_i2c 4819c000.i2c: bus 2 rev0.11 at 100 kHz
[    0.609537] 48000000.interconnect:segment@200000:target-module@0:mpu@0:fck: device ID is greater than 24
[    0.610400] /ocp/interconnect@48000000/segment@300000/target-module@e000/lcdc@0: Fixed dependency cycle(s) with /ocp/interconnect@44c00000/segment@200000/target-module@b000/i2c@0/tda19988@70
[    0.613276] /ocp/interconnect@48000000/segment@300000/target-module@e000/lcdc@0: Fixed dependency cycle(s) with /ocp/interconnect@44c00000/segment@200000/target-module@b000/i2c@0/tda19988@70
[    0.613961] /ocp/interconnect@44c00000/segment@200000/target-module@b000/i2c@0/tda19988@70: Fixed dependency cycle(s) with /ocp/interconnect@48000000/segment@300000/target-module@e000/lcdc@0
[    0.614123] /ocp/interconnect@48000000/segment@300000/target-module@e000/lcdc@0: Fixed dependency cycle(s) with /ocp/interconnect@44c00000/segment@200000/target-module@b000/i2c@0/tda19988@70
[    0.624890] sdhci-omap 481d8000.mmc: supply pbias not found, using dummy regulator
[    0.625376] sdhci-omap 481d8000.mmc: supply vqmmc not found, using dummy regulator
[    0.688052] davinci_mdio 4a101000.mdio: davinci mdio revision 1.6, bus freq 1000000
[    0.805015] davinci_mdio 4a101000.mdio: phy[0]: device 4a101000.mdio:00, driver SMSC LAN8710/LAN8720
[    0.805787] cpsw-switch 4a100000.switch: initialized cpsw ale version 1.4
[    0.805811] cpsw-switch 4a100000.switch: ALE Table size 1024, Policers 0
[    0.805962] cpsw-switch 4a100000.switch: cpts: overflow check period 500 (jiffies)
[    0.805979] cpsw-switch 4a100000.switch: CPTS: ref_clk_freq:250000000 calc_mult:2147483648 calc_shift:29 error:0 nsec/sec
[    0.806084] cpsw-switch 4a100000.switch: Detected MACID = 6c:ec:eb:68:de:78
[    0.807925] cpsw-switch 4a100000.switch: initialized (regs 0x4a100000, pool size 256) hw_ver:0019010C 1.12 (0)
[    0.818602] debugfs: Directory '49000000.dma' with parent 'dmaengine' already present!
[    0.818643] edma 49000000.dma: TI EDMA DMA engine driver
[    0.894941] 44e09000.serial: ttyS0 at MMIO 0x44e09000 (irq = 34, base_baud = 3000000) is a 8250
[    0.895030] printk: legacy console [ttyS0] enabled
[    2.332586] tps65217-pmic: Failed to locate of_node [id: -1]
[    2.338656] tps65217-bl: Failed to locate of_node [id: -1]
[    2.349923] tps65217 0-0024: TPS65217 ID 0xe version 1.2
[    2.356038] /ocp/interconnect@48000000/segment@300000/target-module@e000/lcdc@0: Fixed dependency cycle(s) with /ocp/interconnect@44c00000/segment@200000/target-module@b000/i2c@0/tda19988@70
[    2.373398] /ocp/interconnect@44c00000/segment@200000/target-module@b000/i2c@0/tda19988@70: Fixed dependency cycle(s) with /ocp/interconnect@48000000/segment@300000/target-module@e000/lcdc@0
[    2.390758] omap_i2c 44e0b000.i2c: bus 0 rev0.11 at 400 kHz
[    2.398728] omap_gpio 44e07000.gpio: Could not set line 6 debounce to 200000 microseconds (-22)
[    2.407625] sdhci-omap 48060000.mmc: Got CD GPIO
[    2.412671] sdhci-omap 48060000.mmc: supply pbias not found, using dummy regulator
[    2.422652] sdhci-omap 48060000.mmc: supply vqmmc not found, using dummy regulator
[    2.431485] sdhci-omap 481d8000.mmc: supply pbias not found, using dummy regulator
[    2.441153] sdhci-omap 481d8000.mmc: supply vqmmc not found, using dummy regulator
[    2.478975] mmc1: SDHCI controller on 481d8000.mmc [481d8000.mmc] using External DMA
[    2.488027] mmc0: SDHCI controller on 48060000.mmc [48060000.mmc] using External DMA
[    2.496938] cpsw-switch 4a100000.switch: starting ndev. mode: dual_mac
[    2.562014] mmc1: new high speed MMC card at address 0001
[    2.568816] mmcblk1: mmc1:0001 MMC04G 3.60 GiB
[    2.576492]  mmcblk1: p1 p2
[    2.580286] SMSC LAN8710/LAN8720 4a101000.mdio:00: attached PHY driver (mii_bus:phy_addr=4a101000.mdio:00, irq=POLL)
[    2.591796] mmcblk1boot0: mmc1:0001 MMC04G 2.00 MiB
[    2.605000] mmcblk1boot1: mmc1:0001 MMC04G 2.00 MiB
[    2.612131] mmcblk1rpmb: mmc1:0001 MMC04G 128 KiB, chardev (250:0)
[    2.665224] mmc0: new high speed SDHC card at address aaaa
[    2.672146] mmcblk0: mmc0:aaaa SE32G 29.7 GiB
[    2.681157]  mmcblk0: p1 p2
[    5.762416] cpsw-switch 4a100000.switch eth0: Link is Up - 100Mbps/Full - flow control off
[    5.801871] IP-Config: Complete:
[    5.805145]      device=eth0, hwaddr=6c:ec:eb:68:de:78, ipaddr=192.168.255.1, mask=255.255.255.0, gw=255.255.255.255
[    5.815809]      host=bbb1, domain=, nis-domain=(none)
[    5.820976]      bootserver=192.168.255.126, rootserver=192.168.255.126, rootpath=
[    5.821428] clk: Disabling unused clocks
[    5.833285] PM: genpd: Disabling unused power domains
[    5.838404] KTAP version 1
[    5.841124] 1..0
[    5.876483] VFS: Mounted root (nfs filesystem) on device 0:17.
[    5.883675] devtmpfs: mounted
[    5.888095] Freeing unused kernel image (initmem) memory: 1024K
[    5.894914] Run /sbin/init as init process
[    6.585971] systemd[1]: System time before build time, advancing clock.
[    8.071648] random: crng init done
[    8.112521] systemd[1]: systemd 232 running in system mode. (+PAM +AUDIT +SELINUX +IMA +APPARMOR +SMACK +SYSVINIT +UTMP +LIBCRYPTSETUP +GCRYPT +GNUTLS +ACL +XZ +LZ4 +SECCOMP +BLKID +ELFUTILS +KMOD +IDN)
[    8.131510] systemd[1]: Detected architecture arm.

Welcome to [1mDebian GNU/Linux 9 (stretch)[0m!

[    8.164605] systemd[1]: Set hostname to <arm>.
[    9.288026] systemd[1]: Listening on /dev/initctl Compatibility Named Pipe.
[[0;32m  OK  [0m] Listening on /dev/initctl Compatibility Named Pipe.
[    9.322704] systemd[1]: Listening on Journal Audit Socket.
[[0;32m  OK  [0m] Listening on Journal Audit Socket.
[    9.353641] systemd[1]: Listening on udev Control Socket.
[[0;32m  OK  [0m] Listening on udev Control Socket.
[    9.382553] systemd[1]: Started Forward Password Requests to Wall Directory Watch.
[[0;32m  OK  [0m] Started Forward Password Requests to Wall Directory Watch.
[    9.413751] systemd[1]: Listening on Journal Socket.
[[0;32m  OK  [0m] Listening on Journal Socket.
[    9.442694] systemd[1]: Started Dispatch Password Requests to Console Directory Watch.
[[0;32m  OK  [0m] Started Dispatch Password Requests to Console Directory Watch.
[    9.471996] systemd[1]: Reached target Encrypted Volumes.
[[0;32m  OK  [0m] Reached target Encrypted Volumes.
[[0;32m  OK  [0m] Reached target Paths.
[[0;32m  OK  [0m] Created slice User and Session Slice.
[[0;32m  OK  [0m] Set up automount Arbitrary Executabâ€¦rmats File System Automount Point.
[[0;32m  OK  [0m] Listening on Journal Socket (/dev/log).
[[0;32m  OK  [0m] Reached target Swap.
[[0;32m  OK  [0m] Reached target Remote File Systems.
[[0;32m  OK  [0m] Created slice System Slice.
[[0;32m  OK  [0m] Created slice system-serial\x2dgetty.slice.
         Starting Load Kernel Modules...
         Starting Create list of required stâ€¦ce nodes for the current kernel...
[[0;32m  OK  [0m] Created slice system-getty.slice.
         Mounting POSIX Message Queue File System...
         Mounting Debug File System...
[[0;32m  OK  [0m] Reached target Slices.
         Starting Remount Root and Kernel File Systems...
[[0;32m  OK  [0m] Listening on udev Kernel Socket.
[[0;32m  OK  [0m] Listening on Syslog Socket.
         Starting Journal Service...
[[0;32m  OK  [0m] Mounted POSIX Message Queue File System.
[[0;32m  OK  [0m] Mounted Debug File System.
[[0;32m  OK  [0m] Started Load Kernel Modules.
[[0;32m  OK  [0m] Started Create list of required staâ€¦vice nodes for the current kernel.
         Starting Create Static Device Nodes in /dev...
         Mounting Configuration File System...
         Starting Apply Kernel Variables...
[[0;32m  OK  [0m] Started Remount Root and Kernel File Systems.
         Starting udev Coldplug all Devices...
         Starting Load/Save Random Seed...
[[0;32m  OK  [0m] Mounted Configuration File System.
[[0;32m  OK  [0m] Started Apply Kernel Variables.
[[0;32m  OK  [0m] Started Load/Save Random Seed.
[[0;32m  OK  [0m] Started Create Static Device Nodes in /dev.
[[0;32m  OK  [0m] Reached target Local File Systems (Pre).
[[0;32m  OK  [0m] Reached target Local File Systems.
         Starting Raise network interfaces...
         Starting udev Kernel Device Manager...
[[0;32m  OK  [0m] Started Journal Service.
         Starting Flush Journal to Persistent Storage...
[   11.755099] systemd-journald[86]: Received request to flush runtime journal from PID 1
[[0;32m  OK  [0m] Started Flush Journal to Persistent Storage.
         Starting Create Volatile Files and Directories...
[[0;32m  OK  [0m] Started udev Kernel Device Manager.
[[0;32m  OK  [0m] Started Create Volatile Files and Directories.
         Starting Network Time Synchronization...
         Starting Update UTMP about System Boot/Shutdown...
[[0;32m  OK  [0m] Started Update UTMP about System Boot/Shutdown.
[[0;32m  OK  [0m] Started udev Coldplug all Devices.
[   14.674522] remoteproc remoteproc0: wkup_m3 is available
[   14.947446] at24 2-0054: supply vcc not found, using dummy regulator
[   15.075196] at24 2-0055: supply vcc not found, using dummy regulator
[   15.192557] at24 2-0056: supply vcc not found, using dummy regulator
[   15.293741] at24 2-0057: supply vcc not found, using dummy regulator
[   15.402223] at24 0-0050: 32768 byte 24c256 EEPROM, writable, 1 bytes/write
[   15.520160] tps6521x_pwrbutton tps65217-pwrbutton: DMA mask not set
[   15.629243] omap_rtc 44e3e000.rtc: registered as rtc0
[   15.634530] omap_rtc 44e3e000.rtc: setting system clock to 2000-01-01T00:00:00 UTC (946684800)
[   15.653604] input: tps65217_pwrbutton as /devices/platform/ocp/44c00000.interconnect/44c00000.interconnect:segment@200000/44e0b000.target-module/44e0b000.i2c/i2c-0/0-0024/tps65217-pwrbutton/input/input0
[   15.710086] omap_wdt: OMAP Watchdog Timer Rev 0x01: initial timeout 60 sec
[[0;32m  OK  [0m] Found device /dev/ttyS0.
[[0;32m  OK  [0m] Started Network Time Synchronization.
[   15.887384] am335x-phy-driver 47401300.usb-phy: dummy supplies not allowed for exclusive requests (id=vbus)
[   16.108910] wkup_m3_ipc 44e11324.wkup_m3_ipc: IPC Request for A8->M3 Channel failed! -517
[[0;32m  OK  [0m] Reached target System Initialization.
[   16.235721] am335x-phy-driver 47401b00.usb-phy: dummy supplies not allowed for exclusive requests (id=vbus)
[   16.246868] wkup_m3_ipc 44e11324.wkup_m3_ipc: IPC Request for A8->M3 Channel failed! -517
[[0;32m  OK  [0m] Listening on D-Bus System Message Bus Socket.
[[0;32m  OK  [0m] Started Daily Cleanup of Temporary Directories.
[   16.408641] tda998x 0-0070: found TDA19988
[   16.518260] wkup_m3_ipc 44e11324.wkup_m3_ipc: IPC Request for A8->M3 Channel failed! -517
[[0;32m  OK  [0m] Listening on Avahi mDNS/DNS-SD Stack Activation Socket.
[[0;32m  OK  [0m] Reached target Sockets.
[[0;32m  OK  [0m] Reached target Basic System.
[[0;32m  OK  [0m] Started D-Bus System Message Bus.[   16.686114] usbcore: registered new interface driver usbfs

[   16.695784] usbcore: registered new interface driver hub
[   16.701227] usbcore: registered new device driver usb
[   16.794970] wkup_m3_ipc 44e11324.wkup_m3_ipc: IPC Request for A8->M3 Channel failed! -517
[   17.253611] wkup_m3_ipc 44e11324.wkup_m3_ipc: IPC Request for A8->M3 Channel failed! -517
[   17.350334] musb-hdrc musb-hdrc.1: MUSB HDRC host driver
[   17.356009] musb-hdrc musb-hdrc.1: new USB bus registered, assigned bus number 1
[   17.392611] wkup_m3_ipc 44e11324.wkup_m3_ipc: IPC Request for A8->M3 Channel failed! -517
[   17.562608] usb usb1: New USB device found, idVendor=1d6b, idProduct=0002, bcdDevice= 6.12
[   17.570969] usb usb1: New USB device strings: Mfr=3, Product=2, SerialNumber=1
[   17.578312] usb usb1: Product: MUSB HDRC host driver
[   17.583512] usb usb1: Manufacturer: Linux 6.12.52 musb-hcd
[   17.589033] usb usb1: SerialNumber: musb-hdrc.1
[   17.605577] omap-mailbox 480c8000.mailbox: omap mailbox rev 0x400
[   17.687671] remoteproc remoteproc0: powering up wkup_m3
[   17.774583] remoteproc remoteproc0: Direct firmware load for am335x-pm-firmware.elf failed with error -2
[   17.784411] remoteproc remoteproc0: request_firmware failed: -2
[   17.790377] wkup_m3_ipc 44e11324.wkup_m3_ipc: rproc_boot failed
[   17.952773] hub 1-0:1.0: USB hub found
[   18.024019] hub 1-0:1.0: 1 port detected
[   19.652292] omap_rng 48310000.rng: Random Number Generator ver. 20
[   19.768230] tilcdc 4830e000.lcdc: bound 0-0070 (ops tda998x_audio_codec_init [tda998x])
[   19.828922] [drm] Initialized tilcdc 1.0.0 for 4830e000.lcdc on minor 0
[   19.868852] tilcdc 4830e000.lcdc: [drm] Cannot find any crtc or sizes
[   19.877183] tilcdc 4830e000.lcdc: [drm] Cannot find any crtc or sizes
         Starting Connection service...
         Starting DUN service...
[[0;32m  OK  [0m] Started Regular background program processing daemon.
         Starting System Logging Service...[   20.365086] PM: Cannot get wkup_m3_ipc handle

         Starting Generic Board Startup...
[   20.550339] omap-sham 53100000.sham: hw accel on OMAP rev 4.3
[   20.692312] omap-sham 53100000.sham: will run requests pump with realtime priority
[   20.701138] PM: Cannot get wkup_m3_ipc handle
         Starting Avahi mDNS/DNS-SD Stack...
         Starting LSB: Start busybox udhcpd at boot time...
[   20.985266] omap-aes 53500000.aes: OMAP AES hw accel rev: 3.2
         Starting Login Service...
[   21.133414] omap-aes 53500000.aes: will run requests pump with realtime priority
[   21.146917] PM: Cannot get wkup_m3_ipc handle
         Starting Telephony service...
         Starting Cape Manager Service...
         Starting LSB: Load kernel modules needed to enable cpufreq scaling...
[[0;32m  OK  [0m] Reached target System Time Synchronized.
[[0;32m  OK  [0m] Started Daily apt download activities.
[[0;32m  OK  [0m] Started Daily apt upgrade and clean activities.
[[0;32m  OK  [0m] Reached target Timers.
[[0;32m  OK  [0m] Started System Logging Service.
[[0;32m  OK  [0m] Started Cape Manager Service.
[   24.368089] Bluetooth: Core ver 2.22
[   24.372092] NET: Registered PF_BLUETOOTH protocol family
[   24.377442] Bluetooth: HCI device and connection manager initialized
[   24.383986] Bluetooth: HCI socket layer initialized
[   24.388903] Bluetooth: L2CAP socket layer initialized
[   24.394050] Bluetooth: SCO socket layer initialized
[   24.858545] PM: Cannot get wkup_m3_ipc handle
[   24.994429] PM: Cannot get wkup_m3_ipc handle
[[0;32m  OK  [0m] Started Raise network interfaces.
[[0;32m  OK  [0m] Started LSB: Start busybox udhcpd at boot time.
[[0;32m  OK  [0m] Started LSB: Load kernel modules needed to enable cpufreq scaling.
[   28.877909] configfs-gadget.g_multi gadget.0: HOST MAC 1c:ba:8c:a2:ed:6c
[   28.884916] configfs-gadget.g_multi gadget.0: MAC 1c:ba:8c:a2:ed:70
[   28.892364] configfs-gadget.g_multi gadget.0: HOST MAC 1c:ba:8c:a2:ed:6c
[   28.899134] configfs-gadget.g_multi gadget.0: MAC 1c:ba:8c:a2:ed:6d
[   28.907316] PM: Cannot get wkup_m3_ipc handle
[[0;32m  OK  [0m] Started DUN service.
[[0;32m  OK  [0m] Started Telephony service.
[[0;32m  OK  [0m] Started Connection service.
[[0;32m  OK  [0m] Started Avahi mDNS/DNS-SD Stack.
[[0;32m  OK  [0m] Reached target Sound Card.
         Starting LSB: set CPUFreq kernel parameters...
[[0;32m  OK  [0m] Reached target Network.
         Starting The Apache HTTP Server...
         Starting OpenBSD Secure Shell server...
         Starting Permit User Sessions...
[[0;32m  OK  [0m] Reached target Network is Online.
         Starting LSB: Advanced IEEE 802.11 management daemon...
[[0;32m  OK  [0m] Started Login Service.
[[0;32m  OK  [0m] Started LSB: Advanced IEEE 802.11 management daemon.
[[0;32m  OK  [0m] Started Permit User Sessions.
         Starting Hostname Service...
[[0;32m  OK  [0m] Started Serial Getty on ttyS0.
[[0;32m  OK  [0m] Started Getty on tty1.
[[0;32m  OK  [0m] Reached target Login Prompts.
         Starting WPA supplicant...
[[0;32m  OK  [0m] Started LSB: set CPUFreq kernel parameters.
[[0;32m  OK  [0m] Started Hostname Service.
[[0;32m  OK  [0m] Started WPA supplicant.
[[0;32m  OK  [0m] Started OpenBSD Secure Shell server.
         Stopping LSB: Start busybox udhcpd at boot time...
[[0;32m  OK  [0m] Stopped LSB: Start busybox udhcpd at boot time.
[[0;32m  OK  [0m] Started The Apache HTTP Server.
         Starting dnsmasq - A lightweight DHCP and caching DNS server...
[[0;32m  OK  [0m] Started dnsmasq - A lightweight DHCP and caching DNS server.
[[0;32m  OK  [0m] Reached target Host and Network Name Lookups.
[[0;32m  OK  [0m] Started Serial Getty on ttyGS0.
[[0;32m  OK  [0m] Started Generic Board Startup.
[[0;32m  OK  [0m] Reached target Multi-User System.
[[0;32m  OK  [0m] Reached target Graphical Interface.
         Starting Update UTMP about System Runlevel Changes...
[[0;32m  OK  [0m] Started Update UTMP about System Runlevel Changes.

Debian GNU/Linux 9 arm ttyS0

default username:password is [debian:temppwd]

arm login: root
Password: 
Last login: Sat Jan  1 00:00:48 UTC 2000 on ttyS0
root
Linux arm 6.12.52 #1 SMP Sun Oct 12 14:33:04 EEST 2025 armv7l

The programs included with the Debian GNU/Linux system are free software;
the exact distribution terms for each program are described in the
individual files in /usr/share/doc/*/copyright.

Debian GNU/Linux comes with ABSOLUTELY NO WARRANTY, to the extent
permitted by applicable law.
root@arm:~# root
-bash: root: command not found
root@arm:~# dmesg -n 1
echo 'YHUF''VFOZXJ'
root@arm:~# echo 'YHUF''VFOZXJ'
YHUFVFOZXJ
root@arm:~# run() { echo -n "$MARKER"; sh -c "$@"; echo "$MARKER $?"; }
root@arm:~# echo 'XTHY''EQJMLW'
XTHYEQJMLW
root@arm:~# MARKER='VOXB''OWMXHN' run 'cat /proc/version'
VOXBOWMXHNLinux version 6.12.52 (user01@drvtest01) (arm-none-eabi-gcc (Arm GNU Toolchain 14.2.Rel1 (Build arm-14.52)) 14.2.1 20241119, GNU ld (Arm GNU Toolchain 14.2.Rel1 (Build arm-14.52)) 2.43.1.20241119) #1 SMP Sun Oct 12 14:33:04 EEST 2025
VOXBOWMXHN 0
root@arm:~# echo 'JYBS''CHLWTG'
JYBSCHLWTG
root@arm:~# MARKER='WUTP''GMKGHK' run false
WUTPGMKGHKWUTPGMKGHK 1
root@arm:~# Labgrid Console Logfile for main
Logfile started at 2025-10-12 14:35:47.797184
=== Log starts here ===

root@arm:~# run() { echo -n "$MARKER"; sh -c "$@"; echo "$MARKER $?"; }
root@arm:~# echo 'TVXY''TKKFAN'
TVXYTKKFAN
root@arm:~# MARKER='QLTN''ZLBEYV' run 'ls /iio_generic_buffer; echo $?'
QLTNZLBEYV/iio_generic_buffer
0
QLTNZLBEYV 0
root@arm:~# Labgrid Console Logfile for main
Logfile started at 2025-10-12 14:35:51.143938
=== Log starts here ===

root@arm:~# run() { echo -n "$MARKER"; sh -c "$@"; echo "$MARKER $?"; }
root@arm:~# echo 'HSCV''BHCHKW'
HSCVBHCHKW
root@arm:~# MARKER='PMLH''JZLMNQ' run dmesg
PMLHJZLMNQ[    0.000000] Booting Linux on physical CPU 0x0
[    0.000000] Linux version 6.12.52 (user01@drvtest01) (arm-none-eabi-gcc (Arm GNU Toolchain 14.2.Rel1 (Build arm-14.52)) 14.2.1 20241119, GNU ld (Arm GNU Toolchain 14.2.Rel1 (Build arm-14.52)) 2.43.1.20241119) #1 SMP Sun Oct 12 14:33:04 EEST 2025
[    0.000000] CPU: ARMv7 Processor [413fc082] revision 2 (ARMv7), cr=10c5387d
[    0.000000] CPU: PIPT / VIPT nonaliasing data cache, VIPT aliasing instruction cache
[    0.000000] OF: fdt: Machine model: TI AM335x BeagleBone Black
[    0.000000] Memory policy: Data cache writeback
[    0.000000] cma: Reserved 16 MiB at 0x9e800000 on node -1
[    0.000000] Zone ranges:
[    0.000000]   Normal   [mem 0x0000000080000000-0x000000009fdfffff]
[    0.000000]   HighMem  empty
[    0.000000] Movable zone start for each node
[    0.000000] Early memory node ranges
[    0.000000]   node   0: [mem 0x0000000080000000-0x000000009fdfffff]
[    0.000000] Initmem setup node 0 [mem 0x0000000080000000-0x000000009fdfffff]
[    0.000000] OF: reserved mem: Reserved memory: No reserved-memory node in the DT
[    0.000000] CPU: All CPU(s) started in SVC mode.
[    0.000000] AM335X ES2.1 (sgx neon)
[    0.000000] percpu: Embedded 17 pages/cpu s40396 r8192 d21044 u69632
[    0.000000] pcpu-alloc: s40396 r8192 d21044 u69632 alloc=17*4096
[    0.000000] pcpu-alloc: [0] 0 
[    0.000000] Kernel command line: console=ttyO0,115200n8 root=/dev/nfs rw nfsroot=192.168.255.126:/home/user01/nfs,nfsvers=3 ip=192.168.255.1:192.168.255.126::255.255.255.0:bbb1:eth0 nfsrootdebug
[    0.000000] Unknown kernel command line parameters "nfsrootdebug", will be passed to user space.
[    0.000000] Dentry cache hash table entries: 65536 (order: 6, 262144 bytes, linear)
[    0.000000] Inode-cache hash table entries: 32768 (order: 5, 131072 bytes, linear)
[    0.000000] Built 1 zonelists, mobility grouping on.  Total pages: 130560
[    0.000000] mem auto-init: stack:off, heap alloc:off, heap free:off
[    0.000000] SLUB: HWalign=64, Order=0-3, MinObjects=0, CPUs=1, Nodes=1
[    0.000000] rcu: Hierarchical RCU implementation.
[    0.000000] rcu: 	RCU event tracing is enabled.
[    0.000000] rcu: 	RCU restricting CPUs from NR_CPUS=2 to nr_cpu_ids=1.
[    0.000000] rcu: RCU calculated value of scheduler-enlistment delay is 10 jiffies.
[    0.000000] rcu: Adjusting geometry for rcu_fanout_leaf=16, nr_cpu_ids=1
[    0.000000] NR_IRQS: 16, nr_irqs: 16, preallocated irqs: 16
[    0.000000] IRQ: Found an INTC at 0x(ptrval) (revision 5.0) with 128 interrupts
[    0.000000] rcu: srcu_init: Setting srcu_struct sizes based on contention.
[    0.000000] TI gptimer clocksource: always-on /ocp/interconnect@44c00000/segment@200000/target-module@31000
[    0.000002] sched_clock: 32 bits at 24MHz, resolution 41ns, wraps every 89478484971ns
[    0.000027] clocksource: dmtimer: mask: 0xffffffff max_cycles: 0xffffffff, max_idle_ns: 79635851949 ns
[    0.000490] TI gptimer clockevent: 24000000 Hz at /ocp/interconnect@48000000/segment@0/target-module@40000
[    0.002086] Console: colour dummy device 80x30
[    0.002151] WARNING: Your 'console=ttyO0' has been replaced by 'ttyS0'
[    0.002159] This ensures that you still see kernel messages. Please
[    0.002164] update your kernel commandline.
[    0.002208] Calibrating delay loop... 996.14 BogoMIPS (lpj=4980736)
[    0.090600] CPU: Testing write buffer coherency: ok
[    0.090682] CPU0: Spectre v2: using BPIALL workaround
[    0.090691] pid_max: default: 32768 minimum: 301
[    0.090815] LSM: initializing lsm=capability
[    0.090991] Mount-cache hash table entries: 1024 (order: 0, 4096 bytes, linear)
[    0.091012] Mountpoint-cache hash table entries: 1024 (order: 0, 4096 bytes, linear)
[    0.092595] CPU0: thread -1, cpu 0, socket -1, mpidr 0
[    0.094698] Setting up static identity map for 0x80100000 - 0x80100078
[    0.095045] rcu: Hierarchical SRCU implementation.
[    0.095055] rcu: 	Max phase no-delay instances is 1000.
[    0.096825] smp: Bringing up secondary CPUs ...
[    0.096878] smp: Brought up 1 node, 1 CPU
[    0.096892] SMP: Total of 1 processors activated (996.14 BogoMIPS).
[    0.096903] CPU: All CPU(s) started in SVC mode.
[    0.097092] Memory: 480856K/522240K available (11264K kernel code, 1220K rwdata, 2880K rodata, 1024K init, 298K bss, 23372K reserved, 16384K cma-reserved, 0K highmem)
[    0.097913] devtmpfs: initialized
[    0.114435] VFP support v0.3: implementor 41 architecture 3 part 30 variant c rev 3
[    0.114776] clocksource: jiffies: mask: 0xffffffff max_cycles: 0xffffffff, max_idle_ns: 19112604462750000 ns
[    0.114811] futex hash table entries: 256 (order: 2, 16384 bytes, linear)
[    0.116200] pinctrl core: initialized pinctrl subsystem
[    0.118327] NET: Registered PF_NETLINK/PF_ROUTE protocol family
[    0.121449] DMA: preallocated 256 KiB pool for atomic coherent allocations
[    0.122366] audit: initializing netlink subsys (disabled)
[    0.123725] thermal_sys: Registered thermal governor 'fair_share'
[    0.123742] thermal_sys: Registered thermal governor 'step_wise'
[    0.123752] thermal_sys: Registered thermal governor 'user_space'
[    0.123865] audit: type=2000 audit(0.120:1): state=initialized audit_enabled=0 res=1
[    0.123940] cpuidle: using governor menu
[    0.141464] /ocp/interconnect@44c00000/segment@200000/target-module@b000/i2c@0/tda19988@70: Fixed dependency cycle(s) with /ocp/interconnect@48000000/segment@300000/target-module@e000/lcdc@0
[    0.142596] /ocp/interconnect@48000000/segment@300000/target-module@e000/lcdc@0: Fixed dependency cycle(s) with /ocp/interconnect@44c00000/segment@200000/target-module@b000/i2c@0/tda19988@70
[    0.144759] No ATAGs?
[    0.144777] hw-breakpoint: debug architecture 0x4 unsupported.
[    0.147406] kprobes: kprobe jump-optimization is enabled. All kprobes are optimized if possible.
[    0.154072] iommu: Default domain type: Translated
[    0.154095] iommu: DMA domain TLB invalidation policy: strict mode
[    0.155666] reg-fixed-voltage fixedregulator0: using DT '/fixedregulator0' for '(default)' GPIO lookup
[    0.155722] of_get_named_gpiod_flags: can't parse 'gpios' property of node '/fixedregulator0[0]'
[    0.155751] of_get_named_gpiod_flags: can't parse 'gpio' property of node '/fixedregulator0[0]'
[    0.155770] reg-fixed-voltage fixedregulator0: using lookup tables for GPIO lookup
[    0.155783] reg-fixed-voltage fixedregulator0: No GPIO consumer (default) found
[    0.161329] SCSI subsystem initialized
[    0.161819] libata version 3.00 loaded.
[    0.162178] pps_core: LinuxPPS API ver. 1 registered
[    0.162188] pps_core: Software ver. 5.3.6 - Copyright 2005-2007 Rodolfo Giometti <giometti@linux.it>
[    0.162213] PTP clock support registered
[    0.171274] vgaarb: loaded
[    0.171631] clocksource: Switched to clocksource dmtimer
[    0.172287] VFS: Disk quotas dquot_6.6.0
[    0.172328] VFS: Dquot-cache hash table entries: 1024 (order 0, 4096 bytes)
[    0.197721] NET: Registered PF_INET protocol family
[    0.198088] IP idents hash table entries: 8192 (order: 4, 65536 bytes, linear)
[    0.199462] tcp_listen_portaddr_hash hash table entries: 512 (order: 0, 4096 bytes, linear)
[    0.199500] Table-perturb hash table entries: 65536 (order: 6, 262144 bytes, linear)
[    0.199517] TCP established hash table entries: 4096 (order: 2, 16384 bytes, linear)
[    0.199564] TCP bind hash table entries: 4096 (order: 4, 65536 bytes, linear)
[    0.199664] TCP: Hash tables configured (established 4096 bind 4096)
[    0.199781] UDP hash table entries: 256 (order: 1, 8192 bytes, linear)
[    0.199808] UDP-Lite hash table entries: 256 (order: 1, 8192 bytes, linear)
[    0.199981] NET: Registered PF_UNIX/PF_LOCAL protocol family
[    0.202570] RPC: Registered named UNIX socket transport module.
[    0.202591] RPC: Registered udp transport module.
[    0.202597] RPC: Registered tcp transport module.
[    0.202602] RPC: Registered tcp-with-tls transport module.
[    0.202606] RPC: Registered tcp NFSv4.1 backchannel transport module.
[    0.202632] PCI: CLS 0 bytes, default 64
[    0.204023] Initialise system trusted keyrings
[    0.212335] workingset: timestamp_bits=14 max_order=17 bucket_order=3
[    0.213607] NFS: Registering the id_resolver key type
[    0.213692] Key type id_resolver registered
[    0.213699] Key type id_legacy registered
[    0.213746] jffs2: version 2.2. (NAND) (SUMMARY)  Â© 2001-2006 Red Hat, Inc.
[    0.214156] Key type asymmetric registered
[    0.214172] Asymmetric key parser 'x509' registered
[    0.214240] io scheduler mq-deadline registered
[    0.214250] io scheduler kyber registered
[    0.214316] io scheduler bfq registered
[    0.216180] target-module@4b000000:target-module@140000:pmu@0:fck: device ID is greater than 24
[    0.222345] l3-aon-clkctrl:0000:0: failed to disable
[    0.232210] ledtrig-cpu: registered to indicate activity on CPUs
[    0.235008] Serial: 8250/16550 driver, 6 ports, IRQ sharing enabled
[    0.274206] brd: module loaded
[    0.296434] loop: module loaded
[    0.297379] mtdoops: mtd device (mtddev=name/number) must be supplied
[    0.299128] mdio_bus fixed-0: using lookup tables for GPIO lookup
[    0.299151] mdio_bus fixed-0: No GPIO consumer reset found
[    0.300523] i2c_dev: i2c /dev entries driver
[    0.301499] cpuidle: enable-method property 'ti,am3352' found operations
[    0.302140] sdhci: Secure Digital Host Controller Interface driver
[    0.302152] sdhci: Copyright(c) Pierre Ossman
[    0.302327] sdhci-pltfm: SDHCI platform and OF driver helper
[    0.303802] hw perfevents: enabled with armv7_cortex_a8 PMU driver, 5 (8000000f) counters available
[    0.304304] Initializing XFRM netlink socket
[    0.304438] NET: Registered PF_INET6 protocol family
[    0.310090] l3-aon-clkctrl:0000:0: failed to disable
[    0.311433] Segment Routing with IPv6
[    0.311514] In-situ OAM (IOAM) with IPv6
[    0.311775] sit: IPv6, IPv4 and MPLS over IPv4 tunneling driver
[    0.312727] NET: Registered PF_PACKET protocol family
[    0.312754] NET: Registered PF_KEY protocol family
[    0.312868] Key type dns_resolver registered
[    0.313091] ThumbEE CPU extension supported.
[    0.313111] Registering SWP/SWPB emulation handler
[    0.313628] omap_voltage_late_init: Voltage driver support not added
[    0.314306] SmartReflex Class3 initialized
[    0.344193] Loading compiled-in X.509 certificates
[    0.388522] /ocp/interconnect@44c00000/segment@200000/target-module@b000/i2c@0/tda19988@70: Fixed dependency cycle(s) with /ocp/interconnect@48000000/segment@300000/target-module@e000/lcdc@0
[    0.394930] /ocp/interconnect@44c00000/segment@200000/target-module@b000/i2c@0/tda19988@70: Fixed dependency cycle(s) with /ocp/interconnect@48000000/segment@300000/target-module@e000/lcdc@0
[    0.400202] gpiochip_find_base_unlocked: found new base at 512
[    0.434334] /ocp/interconnect@44c00000/segment@200000/target-module@b000/i2c@0/tda19988@70: Fixed dependency cycle(s) with /ocp/interconnect@48000000/segment@300000/target-module@e000/lcdc@0
[    0.435156] /ocp/interconnect@44c00000/segment@200000/target-module@b000/i2c@0/tda19988@70: Fixed dependency cycle(s) with /ocp/interconnect@48000000/segment@300000/target-module@e000/lcdc@0
[    0.438400] /ocp/interconnect@44c00000/segment@200000/target-module@10000/scm@0/pinmux@800: Fixed dependency cycle(s) with /ocp/interconnect@44c00000/segment@200000/target-module@10000/scm@0/pinmux@800/clkout2-pins
[    0.438984] pinctrl-single 44e10800.pinmux: 142 pins, size 568
[    0.444250] ti-sysc 44e31000.target-module: probe with driver ti-sysc failed with error -16
[    0.470145] /ocp/interconnect@48000000/segment@300000/target-module@e000/lcdc@0: Fixed dependency cycle(s) with /ocp/interconnect@44c00000/segment@200000/target-module@b000/i2c@0/tda19988@70
[    0.477965] ti-sysc 48040000.target-module: probe with driver ti-sysc failed with error -16
[    0.488813] gpiochip_find_base_unlocked: found new base at 512
[    0.488911] gpio gpiochip0: (gpio-0-31): created GPIO range 0->7 ==> 44e10800.pinmux PIN 0->7
[    0.488931] gpio gpiochip0: (gpio-0-31): created GPIO range 8->11 ==> 44e10800.pinmux PIN 90->93
[    0.488946] gpio gpiochip0: (gpio-0-31): created GPIO range 12->27 ==> 44e10800.pinmux PIN 12->27
[    0.488961] gpio gpiochip0: (gpio-0-31): created GPIO range 28->31 ==> 44e10800.pinmux PIN 30->33
[    0.522629] gpio gpiochip0: (gpio-0-31): added GPIO chardev (254:0)
[    0.522798] gpio gpiochip0: registered GPIOs 512 to 543 on gpio-0-31
[    0.522891] OMAP GPIO hardware version 0.1
[    0.562279] i2c i2c-2: using DT '/ocp/interconnect@48000000/segment@100000/target-module@9c000/i2c@0' for 'scl' GPIO lookup
[    0.562356] of_get_named_gpiod_flags: can't parse 'scl-gpios' property of node '/ocp/interconnect@48000000/segment@100000/target-module@9c000/i2c@0[0]'
[    0.562399] of_get_named_gpiod_flags: can't parse 'scl-gpio' property of node '/ocp/interconnect@48000000/segment@100000/target-module@9c000/i2c@0[0]'
[    0.562435] i2c i2c-2: using lookup tables for GPIO lookup
[    0.562445] i2c i2c-2: No GPIO consumer scl found
[    0.562468] i2c i2c-2: using DT '/ocp/interconnect@48000000/segment@100000/target-module@9c000/i2c@0' for 'sda' GPIO lookup
[    0.562503] of_get_named_gpiod_flags: can't parse 'sda-gpios' property of node '/ocp/interconnect@48000000/segment@100000/target-module@9c000/i2c@0[0]'
[    0.562541] of_get_named_gpiod_flags: can't parse 'sda-gpio' property of node '/ocp/interconnect@48000000/segment@100000/target-module@9c000/i2c@0[0]'
[    0.562572] i2c i2c-2: using lookup tables for GPIO lookup
[    0.562580] i2c i2c-2: No GPIO consumer sda found
[    0.563282] omap_i2c 4819c000.i2c: bus 2 rev0.11 at 100 kHz
[    0.568499] gpiochip_find_base_unlocked: found new base at 544
[    0.568599] gpio gpiochip1: (gpio-32-63): created GPIO range 0->17 ==> 44e10800.pinmux PIN 34->51
[    0.568618] gpio gpiochip1: (gpio-32-63): created GPIO range 18->21 ==> 44e10800.pinmux PIN 77->80
[    0.568632] gpio gpiochip1: (gpio-32-63): created GPIO range 22->31 ==> 44e10800.pinmux PIN 56->65
[    0.586787] gpio gpiochip1: (gpio-32-63): added GPIO chardev (254:1)
[    0.586957] gpio gpiochip1: registered GPIOs 544 to 575 on gpio-32-63
[    0.589104] gpiochip_find_base_unlocked: found new base at 576
[    0.589192] gpio gpiochip2: (gpio-64-95): created GPIO range 0->4 ==> 44e10800.pinmux PIN 66->70
[    0.589210] gpio gpiochip2: (gpio-64-95): created GPIO range 5->6 ==> 44e10800.pinmux PIN 98->99
[    0.589225] gpio gpiochip2: (gpio-64-95): created GPIO range 7->8 ==> 44e10800.pinmux PIN 75->76
[    0.589240] gpio gpiochip2: (gpio-64-95): created GPIO range 13->13 ==> 44e10800.pinmux PIN 141->141
[    0.589256] gpio gpiochip2: (gpio-64-95): created GPIO range 14->21 ==> 44e10800.pinmux PIN 100->107
[    0.604023] gpio gpiochip2: (gpio-64-95): added GPIO chardev (254:2)
[    0.604168] gpio gpiochip2: registered GPIOs 576 to 607 on gpio-64-95
[    0.609537] 48000000.interconnect:segment@200000:target-module@0:mpu@0:fck: device ID is greater than 24
[    0.610400] /ocp/interconnect@48000000/segment@300000/target-module@e000/lcdc@0: Fixed dependency cycle(s) with /ocp/interconnect@44c00000/segment@200000/target-module@b000/i2c@0/tda19988@70
[    0.613276] /ocp/interconnect@48000000/segment@300000/target-module@e000/lcdc@0: Fixed dependency cycle(s) with /ocp/interconnect@44c00000/segment@200000/target-module@b000/i2c@0/tda19988@70
[    0.613961] /ocp/interconnect@44c00000/segment@200000/target-module@b000/i2c@0/tda19988@70: Fixed dependency cycle(s) with /ocp/interconnect@48000000/segment@300000/target-module@e000/lcdc@0
[    0.614123] /ocp/interconnect@48000000/segment@300000/target-module@e000/lcdc@0: Fixed dependency cycle(s) with /ocp/interconnect@44c00000/segment@200000/target-module@b000/i2c@0/tda19988@70
[    0.623449] mdio_bus 4a101000.mdio: using DT '/ocp/interconnect@4a000000/segment@0/target-module@100000/switch@0/mdio@1000' for 'reset' GPIO lookup
[    0.623523] of_get_named_gpiod_flags: can't parse 'reset-gpios' property of node '/ocp/interconnect@4a000000/segment@0/target-module@100000/switch@0/mdio@1000[0]'
[    0.623570] of_get_named_gpiod_flags: can't parse 'reset-gpio' property of node '/ocp/interconnect@4a000000/segment@0/target-module@100000/switch@0/mdio@1000[0]'
[    0.623618] mdio_bus 4a101000.mdio: using lookup tables for GPIO lookup
[    0.623628] mdio_bus 4a101000.mdio: No GPIO consumer reset found
[    0.624557] sdhci-omap 481d8000.mmc: using DT '/ocp/interconnect@48000000/segment@100000/target-module@d8000/mmc@0' for 'wp' GPIO lookup
[    0.624614] of_get_named_gpiod_flags: can't parse 'wp-gpios' property of node '/ocp/interconnect@48000000/segment@100000/target-module@d8000/mmc@0[0]'
[    0.624657] of_get_named_gpiod_flags: can't parse 'wp-gpio' property of node '/ocp/interconnect@48000000/segment@100000/target-module@d8000/mmc@0[0]'
[    0.624691] sdhci-omap 481d8000.mmc: using lookup tables for GPIO lookup
[    0.624699] sdhci-omap 481d8000.mmc: No GPIO consumer wp found
[    0.624890] sdhci-omap 481d8000.mmc: supply pbias not found, using dummy regulator
[    0.625376] sdhci-omap 481d8000.mmc: supply vqmmc not found, using dummy regulator
[    0.688052] davinci_mdio 4a101000.mdio: davinci mdio revision 1.6, bus freq 1000000
[    0.702838] mdio_bus 4a101000.mdio:00: using DT '/ocp/interconnect@4a000000/segment@0/target-module@100000/switch@0/mdio@1000/ethernet-phy@0' for 'reset' GPIO lookup
[    0.702942] of_get_named_gpiod_flags: parsed 'reset-gpios' property of node '/ocp/interconnect@4a000000/segment@0/target-module@100000/switch@0/mdio@1000/ethernet-phy@0[0]' - status (0)
[    0.703107] gpio gpiochip0: Persistence not supported for GPIO 8
[    0.805015] davinci_mdio 4a101000.mdio: phy[0]: device 4a101000.mdio:00, driver SMSC LAN8710/LAN8720
[    0.805787] cpsw-switch 4a100000.switch: initialized cpsw ale version 1.4
[    0.805811] cpsw-switch 4a100000.switch: ALE Table size 1024, Policers 0
[    0.805962] cpsw-switch 4a100000.switch: cpts: overflow check period 500 (jiffies)
[    0.805979] cpsw-switch 4a100000.switch: CPTS: ref_clk_freq:250000000 calc_mult:2147483648 calc_shift:29 error:0 nsec/sec
[    0.806084] cpsw-switch 4a100000.switch: Detected MACID = 6c:ec:eb:68:de:78
[    0.807925] cpsw-switch 4a100000.switch: initialized (regs 0x4a100000, pool size 256) hw_ver:0019010C 1.12 (0)
[    0.818602] debugfs: Directory '49000000.dma' with parent 'dmaengine' already present!
[    0.818643] edma 49000000.dma: TI EDMA DMA engine driver
[    0.854387] gpio-clk clk_mcasp0: using DT '/clk_mcasp0' for 'enable' GPIO lookup
[    0.854461] of_get_named_gpiod_flags: parsed 'enable-gpios' property of node '/clk_mcasp0[0]' - status (0)
[    0.854507] gpio gpiochip0: Persistence not supported for GPIO 27
[    0.855379] gpiochip_find_base_unlocked: found new base at 608
[    0.855490] gpio gpiochip3: (gpio-96-127): created GPIO range 0->7 ==> 44e10800.pinmux PIN 82->89
[    0.855510] gpio gpiochip3: (gpio-96-127): created GPIO range 8->11 ==> 44e10800.pinmux PIN 52->55
[    0.855525] gpio gpiochip3: (gpio-96-127): created GPIO range 12->15 ==> 44e10800.pinmux PIN 94->97
[    0.855540] gpio gpiochip3: (gpio-96-127): created GPIO range 16->17 ==> 44e10800.pinmux PIN 71->72
[    0.855555] gpio gpiochip3: (gpio-96-127): created GPIO range 18->18 ==> 44e10800.pinmux PIN 135->135
[    0.855572] gpio gpiochip3: (gpio-96-127): created GPIO range 19->20 ==> 44e10800.pinmux PIN 108->109
[    0.855589] gpio gpiochip3: (gpio-96-127): created GPIO range 21->21 ==> 44e10800.pinmux PIN 73->73
[    0.855606] gpio gpiochip3: (gpio-96-127): created GPIO range 22->23 ==> 44e10800.pinmux PIN 8->9
[    0.855622] gpio gpiochip3: (gpio-96-127): created GPIO range 26->27 ==> 44e10800.pinmux PIN 10->11
[    0.855644] gpio gpiochip3: (gpio-96-127): created GPIO range 28->28 ==> 44e10800.pinmux PIN 74->74
[    0.855662] gpio gpiochip3: (gpio-96-127): created GPIO range 29->29 ==> 44e10800.pinmux PIN 81->81
[    0.855680] gpio gpiochip3: (gpio-96-127): created GPIO range 30->31 ==> 44e10800.pinmux PIN 28->29
[    0.881235] gpio gpiochip3: (gpio-96-127): added GPIO chardev (254:3)
[    0.881400] gpio gpiochip3: registered GPIOs 608 to 639 on gpio-96-127
[    0.894203] omap8250 44e09000.serial: using DT '/ocp/interconnect@44c00000/segment@200000/target-module@9000/serial@0' for 'rs485-term' GPIO lookup
[    0.894281] of_get_named_gpiod_flags: can't parse 'rs485-term-gpios' property of node '/ocp/interconnect@44c00000/segment@200000/target-module@9000/serial@0[0]'
[    0.894326] of_get_named_gpiod_flags: can't parse 'rs485-term-gpio' property of node '/ocp/interconnect@44c00000/segment@200000/target-module@9000/serial@0[0]'
[    0.894362] omap8250 44e09000.serial: using lookup tables for GPIO lookup
[    0.894372] omap8250 44e09000.serial: No GPIO consumer rs485-term found
[    0.894383] omap8250 44e09000.serial: using DT '/ocp/interconnect@44c00000/segment@200000/target-module@9000/serial@0' for 'rs485-rx-during-tx' GPIO lookup
[    0.894419] of_get_named_gpiod_flags: can't parse 'rs485-rx-during-tx-gpios' property of node '/ocp/interconnect@44c00000/segment@200000/target-module@9000/serial@0[0]'
[    0.894457] of_get_named_gpiod_flags: can't parse 'rs485-rx-during-tx-gpio' property of node '/ocp/interconnect@44c00000/segment@200000/target-module@9000/serial@0[0]'
[    0.894489] omap8250 44e09000.serial: using lookup tables for GPIO lookup
[    0.894497] omap8250 44e09000.serial: No GPIO consumer rs485-rx-during-tx found
[    0.894941] 44e09000.serial: ttyS0 at MMIO 0x44e09000 (irq = 34, base_baud = 3000000) is a 8250
[    0.895030] printk: legacy console [ttyS0] enabled
[    2.311290] i2c i2c-0: using DT '/ocp/interconnect@44c00000/segment@200000/target-module@b000/i2c@0' for 'scl' GPIO lookup
[    2.311378] of_get_named_gpiod_flags: can't parse 'scl-gpios' property of node '/ocp/interconnect@44c00000/segment@200000/target-module@b000/i2c@0[0]'
[    2.311426] of_get_named_gpiod_flags: can't parse 'scl-gpio' property of node '/ocp/interconnect@44c00000/segment@200000/target-module@b000/i2c@0[0]'
[    2.311468] i2c i2c-0: using lookup tables for GPIO lookup
[    2.311482] i2c i2c-0: No GPIO consumer scl found
[    2.311507] i2c i2c-0: using DT '/ocp/interconnect@44c00000/segment@200000/target-module@b000/i2c@0' for 'sda' GPIO lookup
[    2.311547] of_get_named_gpiod_flags: can't parse 'sda-gpios' property of node '/ocp/interconnect@44c00000/segment@200000/target-module@b000/i2c@0[0]'
[    2.311781] of_get_named_gpiod_flags: can't parse 'sda-gpio' property of node '/ocp/interconnect@44c00000/segment@200000/target-module@b000/i2c@0[0]'
[    2.311833] i2c i2c-0: using lookup tables for GPIO lookup
[    2.311846] i2c i2c-0: No GPIO consumer sda found
[    2.332586] tps65217-pmic: Failed to locate of_node [id: -1]
[    2.338656] tps65217-bl: Failed to locate of_node [id: -1]
[    2.349923] tps65217 0-0024: TPS65217 ID 0xe version 1.2
[    2.356038] /ocp/interconnect@48000000/segment@300000/target-module@e000/lcdc@0: Fixed dependency cycle(s) with /ocp/interconnect@44c00000/segment@200000/target-module@b000/i2c@0/tda19988@70
[    2.373398] /ocp/interconnect@44c00000/segment@200000/target-module@b000/i2c@0/tda19988@70: Fixed dependency cycle(s) with /ocp/interconnect@48000000/segment@300000/target-module@e000/lcdc@0
[    2.390758] omap_i2c 44e0b000.i2c: bus 0 rev0.11 at 400 kHz
[    2.398525] sdhci-omap 48060000.mmc: using DT '/ocp/interconnect@48000000/segment@0/target-module@60000/mmc@0' for 'cd' GPIO lookup
[    2.398632] of_get_named_gpiod_flags: parsed 'cd-gpios' property of node '/ocp/interconnect@48000000/segment@0/target-module@60000/mmc@0[0]' - status (0)
[    2.398699] gpio gpiochip3: Persistence not supported for GPIO 6
[    2.398728] omap_gpio 44e07000.gpio: Could not set line 6 debounce to 200000 microseconds (-22)
[    2.407625] sdhci-omap 48060000.mmc: Got CD GPIO
[    2.412306] sdhci-omap 48060000.mmc: using DT '/ocp/interconnect@48000000/segment@0/target-module@60000/mmc@0' for 'wp' GPIO lookup
[    2.412357] of_get_named_gpiod_flags: can't parse 'wp-gpios' property of node '/ocp/interconnect@48000000/segment@0/target-module@60000/mmc@0[0]'
[    2.412403] of_get_named_gpiod_flags: can't parse 'wp-gpio' property of node '/ocp/interconnect@48000000/segment@0/target-module@60000/mmc@0[0]'
[    2.412442] sdhci-omap 48060000.mmc: using lookup tables for GPIO lookup
[    2.412456] sdhci-omap 48060000.mmc: No GPIO consumer wp found
[    2.412671] sdhci-omap 48060000.mmc: supply pbias not found, using dummy regulator
[    2.421336] sdhci-omap 481d8000.mmc: using DT '/ocp/interconnect@48000000/segment@100000/target-module@d8000/mmc@0' for 'wp' GPIO lookup
[    2.421409] of_get_named_gpiod_flags: can't parse 'wp-gpios' property of node '/ocp/interconnect@48000000/segment@100000/target-module@d8000/mmc@0[0]'
[    2.421458] of_get_named_gpiod_flags: can't parse 'wp-gpio' property of node '/ocp/interconnect@48000000/segment@100000/target-module@d8000/mmc@0[0]'
[    2.421497] sdhci-omap 481d8000.mmc: using lookup tables for GPIO lookup
[    2.421511] sdhci-omap 481d8000.mmc: No GPIO consumer wp found
[    2.422652] sdhci-omap 48060000.mmc: supply vqmmc not found, using dummy regulator
[    2.431485] sdhci-omap 481d8000.mmc: supply pbias not found, using dummy regulator
[    2.441153] sdhci-omap 481d8000.mmc: supply vqmmc not found, using dummy regulator
[    2.478975] mmc1: SDHCI controller on 481d8000.mmc [481d8000.mmc] using External DMA
[    2.488027] mmc0: SDHCI controller on 48060000.mmc [48060000.mmc] using External DMA
[    2.496938] cpsw-switch 4a100000.switch: starting ndev. mode: dual_mac
[    2.562014] mmc1: new high speed MMC card at address 0001
[    2.568816] mmcblk1: mmc1:0001 MMC04G 3.60 GiB
[    2.576492]  mmcblk1: p1 p2
[    2.580286] SMSC LAN8710/LAN8720 4a101000.mdio:00: attached PHY driver (mii_bus:phy_addr=4a101000.mdio:00, irq=POLL)
[    2.591796] mmcblk1boot0: mmc1:0001 MMC04G 2.00 MiB
[    2.605000] mmcblk1boot1: mmc1:0001 MMC04G 2.00 MiB
[    2.612131] mmcblk1rpmb: mmc1:0001 MMC04G 128 KiB, chardev (250:0)
[    2.665224] mmc0: new high speed SDHC card at address aaaa
[    2.672146] mmcblk0: mmc0:aaaa SE32G 29.7 GiB
[    2.681157]  mmcblk0: p1 p2
[    5.762416] cpsw-switch 4a100000.switch eth0: Link is Up - 100Mbps/Full - flow control off
[    5.801871] IP-Config: Complete:
[    5.805145]      device=eth0, hwaddr=6c:ec:eb:68:de:78, ipaddr=192.168.255.1, mask=255.255.255.0, gw=255.255.255.255
[    5.815809]      host=bbb1, domain=, nis-domain=(none)
[    5.820976]      bootserver=192.168.255.126, rootserver=192.168.255.126, rootpath=
[    5.821428] clk: Disabling unused clocks
[    5.833285] PM: genpd: Disabling unused power domains
[    5.838404] KTAP version 1
[    5.841124] 1..0
[    5.876483] VFS: Mounted root (nfs filesystem) on device 0:17.
[    5.883675] devtmpfs: mounted
[    5.888095] Freeing unused kernel image (initmem) memory: 1024K
[    5.894914] Run /sbin/init as init process
[    5.899046]   with arguments:
[    5.899059]     /sbin/init
[    5.899068]     nfsrootdebug
[    5.899077]   with environment:
[    5.899086]     HOME=/
[    5.899094]     TERM=linux
[    6.585971] systemd[1]: System time before build time, advancing clock.
[    8.071648] random: crng init done
[    8.112521] systemd[1]: systemd 232 running in system mode. (+PAM +AUDIT +SELINUX +IMA +APPARMOR +SMACK +SYSVINIT +UTMP +LIBCRYPTSETUP +GCRYPT +GNUTLS +ACL +XZ +LZ4 +SECCOMP +BLKID +ELFUTILS +KMOD +IDN)
[    8.131510] systemd[1]: Detected architecture arm.
[    8.164605] systemd[1]: Set hostname to <arm>.
[    9.288026] systemd[1]: Listening on /dev/initctl Compatibility Named Pipe.
[    9.322704] systemd[1]: Listening on Journal Audit Socket.
[    9.353641] systemd[1]: Listening on udev Control Socket.
[    9.382553] systemd[1]: Started Forward Password Requests to Wall Directory Watch.
[    9.413751] systemd[1]: Listening on Journal Socket.
[    9.442694] systemd[1]: Started Dispatch Password Requests to Console Directory Watch.
[    9.471996] systemd[1]: Reached target Encrypted Volumes.
[   11.755099] systemd-journald[86]: Received request to flush runtime journal from PID 1
[   14.285648] leds-gpio leds: using DT '/leds/led2' for '(default)' GPIO lookup
[   14.285750] of_get_named_gpiod_flags: parsed 'gpios' property of node '/leds/led2[0]' - status (0)
[   14.285808] gpio gpiochip0: Persistence not supported for GPIO 21
[   14.285824] gpio-533 (?): no flags found for GPIO (default)
[   14.361557] leds-gpio leds: using DT '/leds/led3' for '(default)' GPIO lookup
[   14.361944] of_get_named_gpiod_flags: parsed 'gpios' property of node '/leds/led3[0]' - status (0)
[   14.362012] gpio gpiochip0: Persistence not supported for GPIO 22
[   14.362028] gpio-534 (?): no flags found for GPIO (default)
[   14.378409] leds-gpio leds: using DT '/leds/led4' for '(default)' GPIO lookup
[   14.378504] of_get_named_gpiod_flags: parsed 'gpios' property of node '/leds/led4[0]' - status (0)
[   14.378736] gpio gpiochip0: Persistence not supported for GPIO 23
[   14.378754] gpio-535 (?): no flags found for GPIO (default)
[   14.423061] leds-gpio leds: using DT '/leds/led5' for '(default)' GPIO lookup
[   14.423158] of_get_named_gpiod_flags: parsed 'gpios' property of node '/leds/led5[0]' - status (0)
[   14.423210] gpio gpiochip0: Persistence not supported for GPIO 24
[   14.423225] gpio-536 (?): no flags found for GPIO (default)
[   14.674522] remoteproc remoteproc0: wkup_m3 is available
[   14.947446] at24 2-0054: supply vcc not found, using dummy regulator
[   15.075196] at24 2-0055: supply vcc not found, using dummy regulator
[   15.192557] at24 2-0056: supply vcc not found, using dummy regulator
[   15.293741] at24 2-0057: supply vcc not found, using dummy regulator
[   15.401220] at24 0-0050: using DT '/ocp/interconnect@44c00000/segment@200000/target-module@b000/i2c@0/baseboard_eeprom@50' for 'wp' GPIO lookup
[   15.401455] of_get_named_gpiod_flags: can't parse 'wp-gpios' property of node '/ocp/interconnect@44c00000/segment@200000/target-module@b000/i2c@0/baseboard_eeprom@50[0]'
[   15.401584] of_get_named_gpiod_flags: can't parse 'wp-gpio' property of node '/ocp/interconnect@44c00000/segment@200000/target-module@b000/i2c@0/baseboard_eeprom@50[0]'
[   15.401844] at24 0-0050: using lookup tables for GPIO lookup
[   15.401863] at24 0-0050: No GPIO consumer wp found
[   15.402223] at24 0-0050: 32768 byte 24c256 EEPROM, writable, 1 bytes/write
[   15.520160] tps6521x_pwrbutton tps65217-pwrbutton: DMA mask not set
[   15.629243] omap_rtc 44e3e000.rtc: registered as rtc0
[   15.634530] omap_rtc 44e3e000.rtc: setting system clock to 2000-01-01T00:00:00 UTC (946684800)
[   15.643285] omap_rtc 44e3e000.rtc: using DT '/ocp/interconnect@44c00000/segment@200000/target-module@3e000/rtc@0' for 'wp' GPIO lookup
[   15.643359] of_get_named_gpiod_flags: can't parse 'wp-gpios' property of node '/ocp/interconnect@44c00000/segment@200000/target-module@3e000/rtc@0[0]'
[   15.643410] of_get_named_gpiod_flags: can't parse 'wp-gpio' property of node '/ocp/interconnect@44c00000/segment@200000/target-module@3e000/rtc@0[0]'
[   15.643453] omap_rtc 44e3e000.rtc: using lookup tables for GPIO lookup
[   15.643467] omap_rtc 44e3e000.rtc: No GPIO consumer wp found
[   15.653604] input: tps65217_pwrbutton as /devices/platform/ocp/44c00000.interconnect/44c00000.interconnect:segment@200000/44e0b000.target-module/44e0b000.i2c/i2c-0/0-0024/tps65217-pwrbutton/input/input0
[   15.710086] omap_wdt: OMAP Watchdog Timer Rev 0x01: initial timeout 60 sec
[   15.886397] am335x-phy-driver 47401300.usb-phy: using DT '/ocp/target-module@47400000/usb-phy@1300' for 'reset' GPIO lookup
[   15.886542] of_get_named_gpiod_flags: can't parse 'reset-gpios' property of node '/ocp/target-module@47400000/usb-phy@1300[0]'
[   15.886648] of_get_named_gpiod_flags: can't parse 'reset-gpio' property of node '/ocp/target-module@47400000/usb-phy@1300[0]'
[   15.886868] am335x-phy-driver 47401300.usb-phy: using lookup tables for GPIO lookup
[   15.886890] am335x-phy-driver 47401300.usb-phy: No GPIO consumer reset found
[   15.886906] am335x-phy-driver 47401300.usb-phy: using DT '/ocp/target-module@47400000/usb-phy@1300' for 'vbus-detect' GPIO lookup
[   15.887005] of_get_named_gpiod_flags: can't parse 'vbus-detect-gpios' property of node '/ocp/target-module@47400000/usb-phy@1300[0]'
[   15.887044] of_get_named_gpiod_flags: can't parse 'vbus-detect-gpio' property of node '/ocp/target-module@47400000/usb-phy@1300[0]'
[   15.887117] am335x-phy-driver 47401300.usb-phy: using lookup tables for GPIO lookup
[   15.887132] am335x-phy-driver 47401300.usb-phy: No GPIO consumer vbus-detect found
[   15.887384] am335x-phy-driver 47401300.usb-phy: dummy supplies not allowed for exclusive requests (id=vbus)
[   16.108910] wkup_m3_ipc 44e11324.wkup_m3_ipc: IPC Request for A8->M3 Channel failed! -517
[   16.235266] am335x-phy-driver 47401b00.usb-phy: using DT '/ocp/target-module@47400000/usb-phy@1b00' for 'reset' GPIO lookup
[   16.235359] of_get_named_gpiod_flags: can't parse 'reset-gpios' property of node '/ocp/target-module@47400000/usb-phy@1b00[0]'
[   16.235402] of_get_named_gpiod_flags: can't parse 'reset-gpio' property of node '/ocp/target-module@47400000/usb-phy@1b00[0]'
[   16.235441] am335x-phy-driver 47401b00.usb-phy: using lookup tables for GPIO lookup
[   16.235455] am335x-phy-driver 47401b00.usb-phy: No GPIO consumer reset found
[   16.235470] am335x-phy-driver 47401b00.usb-phy: using DT '/ocp/target-module@47400000/usb-phy@1b00' for 'vbus-detect' GPIO lookup
[   16.235501] of_get_named_gpiod_flags: can't parse 'vbus-detect-gpios' property of node '/ocp/target-module@47400000/usb-phy@1b00[0]'
[   16.235534] of_get_named_gpiod_flags: can't parse 'vbus-detect-gpio' property of node '/ocp/target-module@47400000/usb-phy@1b00[0]'
[   16.235561] am335x-phy-driver 47401b00.usb-phy: using lookup tables for GPIO lookup
[   16.235573] am335x-phy-driver 47401b00.usb-phy: No GPIO consumer vbus-detect found
[   16.235721] am335x-phy-driver 47401b00.usb-phy: dummy supplies not allowed for exclusive requests (id=vbus)
[   16.246868] wkup_m3_ipc 44e11324.wkup_m3_ipc: IPC Request for A8->M3 Channel failed! -517
[   16.408641] tda998x 0-0070: found TDA19988
[   16.518260] wkup_m3_ipc 44e11324.wkup_m3_ipc: IPC Request for A8->M3 Channel failed! -517
[   16.686114] usbcore: registered new interface driver usbfs
[   16.695784] usbcore: registered new interface driver hub
[   16.701227] usbcore: registered new device driver usb
[   16.794970] wkup_m3_ipc 44e11324.wkup_m3_ipc: IPC Request for A8->M3 Channel failed! -517
[   17.253611] wkup_m3_ipc 44e11324.wkup_m3_ipc: IPC Request for A8->M3 Channel failed! -517
[   17.350334] musb-hdrc musb-hdrc.1: MUSB HDRC host driver
[   17.356009] musb-hdrc musb-hdrc.1: new USB bus registered, assigned bus number 1
[   17.392611] wkup_m3_ipc 44e11324.wkup_m3_ipc: IPC Request for A8->M3 Channel failed! -517
[   17.562608] usb usb1: New USB device found, idVendor=1d6b, idProduct=0002, bcdDevice= 6.12
[   17.570969] usb usb1: New USB device strings: Mfr=3, Product=2, SerialNumber=1
[   17.578312] usb usb1: Product: MUSB HDRC host driver
[   17.583512] usb usb1: Manufacturer: Linux 6.12.52 musb-hcd
[   17.589033] usb usb1: SerialNumber: musb-hdrc.1
[   17.605577] omap-mailbox 480c8000.mailbox: omap mailbox rev 0x400
[   17.687671] remoteproc remoteproc0: powering up wkup_m3
[   17.774583] remoteproc remoteproc0: Direct firmware load for am335x-pm-firmware.elf failed with error -2
[   17.784411] remoteproc remoteproc0: request_firmware failed: -2
[   17.790377] wkup_m3_ipc 44e11324.wkup_m3_ipc: rproc_boot failed
[   17.952773] hub 1-0:1.0: USB hub found
[   18.024019] hub 1-0:1.0: 1 port detected
[   19.652292] omap_rng 48310000.rng: Random Number Generator ver. 20
[   19.768230] tilcdc 4830e000.lcdc: bound 0-0070 (ops tda998x_audio_codec_init [tda998x])
[   19.828922] [drm] Initialized tilcdc 1.0.0 for 4830e000.lcdc on minor 0
[   19.868852] tilcdc 4830e000.lcdc: [drm] Cannot find any crtc or sizes
[   19.877183] tilcdc 4830e000.lcdc: [drm] Cannot find any crtc or sizes
[   20.365086] PM: Cannot get wkup_m3_ipc handle
[   20.550339] omap-sham 53100000.sham: hw accel on OMAP rev 4.3
[   20.692312] omap-sham 53100000.sham: will run requests pump with realtime priority
[   20.701138] PM: Cannot get wkup_m3_ipc handle
[   20.985266] omap-aes 53500000.aes: OMAP AES hw accel rev: 3.2
[   21.133414] omap-aes 53500000.aes: will run requests pump with realtime priority
[   21.146917] PM: Cannot get wkup_m3_ipc handle
[   24.368089] Bluetooth: Core ver 2.22
[   24.372092] NET: Registered PF_BLUETOOTH protocol family
[   24.377442] Bluetooth: HCI device and connection manager initialized
[   24.383986] Bluetooth: HCI socket layer initialized
[   24.388903] Bluetooth: L2CAP socket layer initialized
[   24.394050] Bluetooth: SCO socket layer initialized
[   24.858545] PM: Cannot get wkup_m3_ipc handle
[   24.864559] asoc-simple-card sound: using DT '/sound' for 'simple-audio-card,hp-det' GPIO lookup
[   24.864633] of_get_named_gpiod_flags: can't parse 'simple-audio-card,hp-det-gpios' property of node '/sound[0]'
[   24.864671] of_get_named_gpiod_flags: can't parse 'simple-audio-card,hp-det-gpio' property of node '/sound[0]'
[   24.864697] asoc-simple-card sound: using lookup tables for GPIO lookup
[   24.864710] asoc-simple-card sound: No GPIO consumer simple-audio-card,hp-det found
[   24.864725] asoc-simple-card sound: using DT '/sound' for 'simple-audio-card,mic-det' GPIO lookup
[   24.864749] of_get_named_gpiod_flags: can't parse 'simple-audio-card,mic-det-gpios' property of node '/sound[0]'
[   24.864774] of_get_named_gpiod_flags: can't parse 'simple-audio-card,mic-det-gpio' property of node '/sound[0]'
[   24.864794] asoc-simple-card sound: using lookup tables for GPIO lookup
[   24.864805] asoc-simple-card sound: No GPIO consumer simple-audio-card,mic-det found
[   24.994429] PM: Cannot get wkup_m3_ipc handle
[   28.639569] userial_init: registered 8 ttyGS* devices
[   28.815873] rndis_register: configNr = 0
[   28.876692] udc musb-hdrc.0: binding gadget driver [g_multi]
[   28.876786] configfs-gadget.g_multi gadget.0: adding 'rndis'/6d2d3eb4 to config 'c'/942d9cc0
[   28.877909] configfs-gadget.g_multi gadget.0: HOST MAC 1c:ba:8c:a2:ed:6c
[   28.884916] configfs-gadget.g_multi gadget.0: MAC 1c:ba:8c:a2:ed:70
[   28.891278] rndis_set_param_medium: 0 0
[   28.891296] configfs-gadget.g_multi gadget.0: RNDIS: IN/ep1in OUT/ep1out NOTIFY/ep2in
[   28.891312] configfs-gadget.g_multi gadget.0: adding 'cdc_ethernet'/db5f4f21 to config 'c'/942d9cc0
[   28.892364] configfs-gadget.g_multi gadget.0: HOST MAC 1c:ba:8c:a2:ed:6c
[   28.899134] configfs-gadget.g_multi gadget.0: MAC 1c:ba:8c:a2:ed:6d
[   28.905560] configfs-gadget.g_multi gadget.0: CDC Ethernet: IN/ep3in OUT/ep2out NOTIFY/ep4in
[   28.905580] configfs-gadget.g_multi gadget.0: adding 'acm'/e6ccafbf to config 'c'/942d9cc0
[   28.905624] configfs-gadget.g_multi gadget.0: acm ttyGS0: IN/ep5in OUT/ep3out NOTIFY/ep6in
[   28.907316] PM: Cannot get wkup_m3_ipc handle
[   30.990123] configfs-gadget.g_multi gadget.0: eth_open
[   35.070625] gs_open: ttyGS0 (d18e8b05,4ad97500)
[   35.070781] gs_close: ttyGS0 (d18e8b05,4ad97500) ...
[   35.070804] gs_close: ttyGS0 (d18e8b05,4ad97500) done!
[   35.087557] gs_open: ttyGS0 (d18e8b05,4f10917b)
[   35.087683] gs_close: ttyGS0 (d18e8b05,4f10917b) ...
[   35.087704] gs_close: ttyGS0 (d18e8b05,4f10917b) done!
[   35.245597] gs_open: ttyGS0 (cb9fb10b,8b83c616)
[   35.245833] gs_close: ttyGS0 (cb9fb10b,8b83c616) ...
[   35.245861] gs_close: ttyGS0 (cb9fb10b,8b83c616) done!
[   35.246769] gs_open: ttyGS0 (cb9fb10b,8b83c616)
PMLHJZLMNQ 0
root@arm:~# echo 'JFQN''XBUNAX'
JFQNXBUNAX
root@arm:~# MARKER='ACNO''EEWGTP' run 'modprobe test_linear_ranges'
ACNOEEWGTPACNOEEWGTP 0
root@arm:~# echo 'CVMN''QLFPJE'
CVMNQLFPJE
root@arm:~# MARKER='UNEO''GYGNAS' run dmesg
UNEOGYGNAS[    0.000000] Booting Linux on physical CPU 0x0
[    0.000000] Linux version 6.12.52 (user01@drvtest01) (arm-none-eabi-gcc (Arm GNU Toolchain 14.2.Rel1 (Build arm-14.52)) 14.2.1 20241119, GNU ld (Arm GNU Toolchain 14.2.Rel1 (Build arm-14.52)) 2.43.1.20241119) #1 SMP Sun Oct 12 14:33:04 EEST 2025
[    0.000000] CPU: ARMv7 Processor [413fc082] revision 2 (ARMv7), cr=10c5387d
[    0.000000] CPU: PIPT / VIPT nonaliasing data cache, VIPT aliasing instruction cache
[    0.000000] OF: fdt: Machine model: TI AM335x BeagleBone Black
[    0.000000] Memory policy: Data cache writeback
[    0.000000] cma: Reserved 16 MiB at 0x9e800000 on node -1
[    0.000000] Zone ranges:
[    0.000000]   Normal   [mem 0x0000000080000000-0x000000009fdfffff]
[    0.000000]   HighMem  empty
[    0.000000] Movable zone start for each node
[    0.000000] Early memory node ranges
[    0.000000]   node   0: [mem 0x0000000080000000-0x000000009fdfffff]
[    0.000000] Initmem setup node 0 [mem 0x0000000080000000-0x000000009fdfffff]
[    0.000000] OF: reserved mem: Reserved memory: No reserved-memory node in the DT
[    0.000000] CPU: All CPU(s) started in SVC mode.
[    0.000000] AM335X ES2.1 (sgx neon)
[    0.000000] percpu: Embedded 17 pages/cpu s40396 r8192 d21044 u69632
[    0.000000] pcpu-alloc: s40396 r8192 d21044 u69632 alloc=17*4096
[    0.000000] pcpu-alloc: [0] 0 
[    0.000000] Kernel command line: console=ttyO0,115200n8 root=/dev/nfs rw nfsroot=192.168.255.126:/home/user01/nfs,nfsvers=3 ip=192.168.255.1:192.168.255.126::255.255.255.0:bbb1:eth0 nfsrootdebug
[    0.000000] Unknown kernel command line parameters "nfsrootdebug", will be passed to user space.
[    0.000000] Dentry cache hash table entries: 65536 (order: 6, 262144 bytes, linear)
[    0.000000] Inode-cache hash table entries: 32768 (order: 5, 131072 bytes, linear)
[    0.000000] Built 1 zonelists, mobility grouping on.  Total pages: 130560
[    0.000000] mem auto-init: stack:off, heap alloc:off, heap free:off
[    0.000000] SLUB: HWalign=64, Order=0-3, MinObjects=0, CPUs=1, Nodes=1
[    0.000000] rcu: Hierarchical RCU implementation.
[    0.000000] rcu: 	RCU event tracing is enabled.
[    0.000000] rcu: 	RCU restricting CPUs from NR_CPUS=2 to nr_cpu_ids=1.
[    0.000000] rcu: RCU calculated value of scheduler-enlistment delay is 10 jiffies.
[    0.000000] rcu: Adjusting geometry for rcu_fanout_leaf=16, nr_cpu_ids=1
[    0.000000] NR_IRQS: 16, nr_irqs: 16, preallocated irqs: 16
[    0.000000] IRQ: Found an INTC at 0x(ptrval) (revision 5.0) with 128 interrupts
[    0.000000] rcu: srcu_init: Setting srcu_struct sizes based on contention.
[    0.000000] TI gptimer clocksource: always-on /ocp/interconnect@44c00000/segment@200000/target-module@31000
[    0.000002] sched_clock: 32 bits at 24MHz, resolution 41ns, wraps every 89478484971ns
[    0.000027] clocksource: dmtimer: mask: 0xffffffff max_cycles: 0xffffffff, max_idle_ns: 79635851949 ns
[    0.000490] TI gptimer clockevent: 24000000 Hz at /ocp/interconnect@48000000/segment@0/target-module@40000
[    0.002086] Console: colour dummy device 80x30
[    0.002151] WARNING: Your 'console=ttyO0' has been replaced by 'ttyS0'
[    0.002159] This ensures that you still see kernel messages. Please
[    0.002164] update your kernel commandline.
[    0.002208] Calibrating delay loop... 996.14 BogoMIPS (lpj=4980736)
[    0.090600] CPU: Testing write buffer coherency: ok
[    0.090682] CPU0: Spectre v2: using BPIALL workaround
[    0.090691] pid_max: default: 32768 minimum: 301
[    0.090815] LSM: initializing lsm=capability
[    0.090991] Mount-cache hash table entries: 1024 (order: 0, 4096 bytes, linear)
[    0.091012] Mountpoint-cache hash table entries: 1024 (order: 0, 4096 bytes, linear)
[    0.092595] CPU0: thread -1, cpu 0, socket -1, mpidr 0
[    0.094698] Setting up static identity map for 0x80100000 - 0x80100078
[    0.095045] rcu: Hierarchical SRCU implementation.
[    0.095055] rcu: 	Max phase no-delay instances is 1000.
[    0.096825] smp: Bringing up secondary CPUs ...
[    0.096878] smp: Brought up 1 node, 1 CPU
[    0.096892] SMP: Total of 1 processors activated (996.14 BogoMIPS).
[    0.096903] CPU: All CPU(s) started in SVC mode.
[    0.097092] Memory: 480856K/522240K available (11264K kernel code, 1220K rwdata, 2880K rodata, 1024K init, 298K bss, 23372K reserved, 16384K cma-reserved, 0K highmem)
[    0.097913] devtmpfs: initialized
[    0.114435] VFP support v0.3: implementor 41 architecture 3 part 30 variant c rev 3
[    0.114776] clocksource: jiffies: mask: 0xffffffff max_cycles: 0xffffffff, max_idle_ns: 19112604462750000 ns
[    0.114811] futex hash table entries: 256 (order: 2, 16384 bytes, linear)
[    0.116200] pinctrl core: initialized pinctrl subsystem
[    0.118327] NET: Registered PF_NETLINK/PF_ROUTE protocol family
[    0.121449] DMA: preallocated 256 KiB pool for atomic coherent allocations
[    0.122366] audit: initializing netlink subsys (disabled)
[    0.123725] thermal_sys: Registered thermal governor 'fair_share'
[    0.123742] thermal_sys: Registered thermal governor 'step_wise'
[    0.123752] thermal_sys: Registered thermal governor 'user_space'
[    0.123865] audit: type=2000 audit(0.120:1): state=initialized audit_enabled=0 res=1
[    0.123940] cpuidle: using governor menu
[    0.141464] /ocp/interconnect@44c00000/segment@200000/target-module@b000/i2c@0/tda19988@70: Fixed dependency cycle(s) with /ocp/interconnect@48000000/segment@300000/target-module@e000/lcdc@0
[    0.142596] /ocp/interconnect@48000000/segment@300000/target-module@e000/lcdc@0: Fixed dependency cycle(s) with /ocp/interconnect@44c00000/segment@200000/target-module@b000/i2c@0/tda19988@70
[    0.144759] No ATAGs?
[    0.144777] hw-breakpoint: debug architecture 0x4 unsupported.
[    0.147406] kprobes: kprobe jump-optimization is enabled. All kprobes are optimized if possible.
[    0.154072] iommu: Default domain type: Translated
[    0.154095] iommu: DMA domain TLB invalidation policy: strict mode
[    0.155666] reg-fixed-voltage fixedregulator0: using DT '/fixedregulator0' for '(default)' GPIO lookup
[    0.155722] of_get_named_gpiod_flags: can't parse 'gpios' property of node '/fixedregulator0[0]'
[    0.155751] of_get_named_gpiod_flags: can't parse 'gpio' property of node '/fixedregulator0[0]'
[    0.155770] reg-fixed-voltage fixedregulator0: using lookup tables for GPIO lookup
[    0.155783] reg-fixed-voltage fixedregulator0: No GPIO consumer (default) found
[    0.161329] SCSI subsystem initialized
[    0.161819] libata version 3.00 loaded.
[    0.162178] pps_core: LinuxPPS API ver. 1 registered
[    0.162188] pps_core: Software ver. 5.3.6 - Copyright 2005-2007 Rodolfo Giometti <giometti@linux.it>
[    0.162213] PTP clock support registered
[    0.171274] vgaarb: loaded
[    0.171631] clocksource: Switched to clocksource dmtimer
[    0.172287] VFS: Disk quotas dquot_6.6.0
[    0.172328] VFS: Dquot-cache hash table entries: 1024 (order 0, 4096 bytes)
[    0.197721] NET: Registered PF_INET protocol family
[    0.198088] IP idents hash table entries: 8192 (order: 4, 65536 bytes, linear)
[    0.199462] tcp_listen_portaddr_hash hash table entries: 512 (order: 0, 4096 bytes, linear)
[    0.199500] Table-perturb hash table entries: 65536 (order: 6, 262144 bytes, linear)
[    0.199517] TCP established hash table entries: 4096 (order: 2, 16384 bytes, linear)
[    0.199564] TCP bind hash table entries: 4096 (order: 4, 65536 bytes, linear)
[    0.199664] TCP: Hash tables configured (established 4096 bind 4096)
[    0.199781] UDP hash table entries: 256 (order: 1, 8192 bytes, linear)
[    0.199808] UDP-Lite hash table entries: 256 (order: 1, 8192 bytes, linear)
[    0.199981] NET: Registered PF_UNIX/PF_LOCAL protocol family
[    0.202570] RPC: Registered named UNIX socket transport module.
[    0.202591] RPC: Registered udp transport module.
[    0.202597] RPC: Registered tcp transport module.
[    0.202602] RPC: Registered tcp-with-tls transport module.
[    0.202606] RPC: Registered tcp NFSv4.1 backchannel transport module.
[    0.202632] PCI: CLS 0 bytes, default 64
[    0.204023] Initialise system trusted keyrings
[    0.212335] workingset: timestamp_bits=14 max_order=17 bucket_order=3
[    0.213607] NFS: Registering the id_resolver key type
[    0.213692] Key type id_resolver registered
[    0.213699] Key type id_legacy registered
[    0.213746] jffs2: version 2.2. (NAND) (SUMMARY)  Â© 2001-2006 Red Hat, Inc.
[    0.214156] Key type asymmetric registered
[    0.214172] Asymmetric key parser 'x509' registered
[    0.214240] io scheduler mq-deadline registered
[    0.214250] io scheduler kyber registered
[    0.214316] io scheduler bfq registered
[    0.216180] target-module@4b000000:target-module@140000:pmu@0:fck: device ID is greater than 24
[    0.222345] l3-aon-clkctrl:0000:0: failed to disable
[    0.232210] ledtrig-cpu: registered to indicate activity on CPUs
[    0.235008] Serial: 8250/16550 driver, 6 ports, IRQ sharing enabled
[    0.274206] brd: module loaded
[    0.296434] loop: module loaded
[    0.297379] mtdoops: mtd device (mtddev=name/number) must be supplied
[    0.299128] mdio_bus fixed-0: using lookup tables for GPIO lookup
[    0.299151] mdio_bus fixed-0: No GPIO consumer reset found
[    0.300523] i2c_dev: i2c /dev entries driver
[    0.301499] cpuidle: enable-method property 'ti,am3352' found operations
[    0.302140] sdhci: Secure Digital Host Controller Interface driver
[    0.302152] sdhci: Copyright(c) Pierre Ossman
[    0.302327] sdhci-pltfm: SDHCI platform and OF driver helper
[    0.303802] hw perfevents: enabled with armv7_cortex_a8 PMU driver, 5 (8000000f) counters available
[    0.304304] Initializing XFRM netlink socket
[    0.304438] NET: Registered PF_INET6 protocol family
[    0.310090] l3-aon-clkctrl:0000:0: failed to disable
[    0.311433] Segment Routing with IPv6
[    0.311514] In-situ OAM (IOAM) with IPv6
[    0.311775] sit: IPv6, IPv4 and MPLS over IPv4 tunneling driver
[    0.312727] NET: Registered PF_PACKET protocol family
[    0.312754] NET: Registered PF_KEY protocol family
[    0.312868] Key type dns_resolver registered
[    0.313091] ThumbEE CPU extension supported.
[    0.313111] Registering SWP/SWPB emulation handler
[    0.313628] omap_voltage_late_init: Voltage driver support not added
[    0.314306] SmartReflex Class3 initialized
[    0.344193] Loading compiled-in X.509 certificates
[    0.388522] /ocp/interconnect@44c00000/segment@200000/target-module@b000/i2c@0/tda19988@70: Fixed dependency cycle(s) with /ocp/interconnect@48000000/segment@300000/target-module@e000/lcdc@0
[    0.394930] /ocp/interconnect@44c00000/segment@200000/target-module@b000/i2c@0/tda19988@70: Fixed dependency cycle(s) with /ocp/interconnect@48000000/segment@300000/target-module@e000/lcdc@0
[    0.400202] gpiochip_find_base_unlocked: found new base at 512
[    0.434334] /ocp/interconnect@44c00000/segment@200000/target-module@b000/i2c@0/tda19988@70: Fixed dependency cycle(s) with /ocp/interconnect@48000000/segment@300000/target-module@e000/lcdc@0
[    0.435156] /ocp/interconnect@44c00000/segment@200000/target-module@b000/i2c@0/tda19988@70: Fixed dependency cycle(s) with /ocp/interconnect@48000000/segment@300000/target-module@e000/lcdc@0
[    0.438400] /ocp/interconnect@44c00000/segment@200000/target-module@10000/scm@0/pinmux@800: Fixed dependency cycle(s) with /ocp/interconnect@44c00000/segment@200000/target-module@10000/scm@0/pinmux@800/clkout2-pins
[    0.438984] pinctrl-single 44e10800.pinmux: 142 pins, size 568
[    0.444250] ti-sysc 44e31000.target-module: probe with driver ti-sysc failed with error -16
[    0.470145] /ocp/interconnect@48000000/segment@300000/target-module@e000/lcdc@0: Fixed dependency cycle(s) with /ocp/interconnect@44c00000/segment@200000/target-module@b000/i2c@0/tda19988@70
[    0.477965] ti-sysc 48040000.target-module: probe with driver ti-sysc failed with error -16
[    0.488813] gpiochip_find_base_unlocked: found new base at 512
[    0.488911] gpio gpiochip0: (gpio-0-31): created GPIO range 0->7 ==> 44e10800.pinmux PIN 0->7
[    0.488931] gpio gpiochip0: (gpio-0-31): created GPIO range 8->11 ==> 44e10800.pinmux PIN 90->93
[    0.488946] gpio gpiochip0: (gpio-0-31): created GPIO range 12->27 ==> 44e10800.pinmux PIN 12->27
[    0.488961] gpio gpiochip0: (gpio-0-31): created GPIO range 28->31 ==> 44e10800.pinmux PIN 30->33
[    0.522629] gpio gpiochip0: (gpio-0-31): added GPIO chardev (254:0)
[    0.522798] gpio gpiochip0: registered GPIOs 512 to 543 on gpio-0-31
[    0.522891] OMAP GPIO hardware version 0.1
[    0.562279] i2c i2c-2: using DT '/ocp/interconnect@48000000/segment@100000/target-module@9c000/i2c@0' for 'scl' GPIO lookup
[    0.562356] of_get_named_gpiod_flags: can't parse 'scl-gpios' property of node '/ocp/interconnect@48000000/segment@100000/target-module@9c000/i2c@0[0]'
[    0.562399] of_get_named_gpiod_flags: can't parse 'scl-gpio' property of node '/ocp/interconnect@48000000/segment@100000/target-module@9c000/i2c@0[0]'
[    0.562435] i2c i2c-2: using lookup tables for GPIO lookup
[    0.562445] i2c i2c-2: No GPIO consumer scl found
[    0.562468] i2c i2c-2: using DT '/ocp/interconnect@48000000/segment@100000/target-module@9c000/i2c@0' for 'sda' GPIO lookup
[    0.562503] of_get_named_gpiod_flags: can't parse 'sda-gpios' property of node '/ocp/interconnect@48000000/segment@100000/target-module@9c000/i2c@0[0]'
[    0.562541] of_get_named_gpiod_flags: can't parse 'sda-gpio' property of node '/ocp/interconnect@48000000/segment@100000/target-module@9c000/i2c@0[0]'
[    0.562572] i2c i2c-2: using lookup tables for GPIO lookup
[    0.562580] i2c i2c-2: No GPIO consumer sda found
[    0.563282] omap_i2c 4819c000.i2c: bus 2 rev0.11 at 100 kHz
[    0.568499] gpiochip_find_base_unlocked: found new base at 544
[    0.568599] gpio gpiochip1: (gpio-32-63): created GPIO range 0->17 ==> 44e10800.pinmux PIN 34->51
[    0.568618] gpio gpiochip1: (gpio-32-63): created GPIO range 18->21 ==> 44e10800.pinmux PIN 77->80
[    0.568632] gpio gpiochip1: (gpio-32-63): created GPIO range 22->31 ==> 44e10800.pinmux PIN 56->65
[    0.586787] gpio gpiochip1: (gpio-32-63): added GPIO chardev (254:1)
[    0.586957] gpio gpiochip1: registered GPIOs 544 to 575 on gpio-32-63
[    0.589104] gpiochip_find_base_unlocked: found new base at 576
[    0.589192] gpio gpiochip2: (gpio-64-95): created GPIO range 0->4 ==> 44e10800.pinmux PIN 66->70
[    0.589210] gpio gpiochip2: (gpio-64-95): created GPIO range 5->6 ==> 44e10800.pinmux PIN 98->99
[    0.589225] gpio gpiochip2: (gpio-64-95): created GPIO range 7->8 ==> 44e10800.pinmux PIN 75->76
[    0.589240] gpio gpiochip2: (gpio-64-95): created GPIO range 13->13 ==> 44e10800.pinmux PIN 141->141
[    0.589256] gpio gpiochip2: (gpio-64-95): created GPIO range 14->21 ==> 44e10800.pinmux PIN 100->107
[    0.604023] gpio gpiochip2: (gpio-64-95): added GPIO chardev (254:2)
[    0.604168] gpio gpiochip2: registered GPIOs 576 to 607 on gpio-64-95
[    0.609537] 48000000.interconnect:segment@200000:target-module@0:mpu@0:fck: device ID is greater than 24
[    0.610400] /ocp/interconnect@48000000/segment@300000/target-module@e000/lcdc@0: Fixed dependency cycle(s) with /ocp/interconnect@44c00000/segment@200000/target-module@b000/i2c@0/tda19988@70
[    0.613276] /ocp/interconnect@48000000/segment@300000/target-module@e000/lcdc@0: Fixed dependency cycle(s) with /ocp/interconnect@44c00000/segment@200000/target-module@b000/i2c@0/tda19988@70
[    0.613961] /ocp/interconnect@44c00000/segment@200000/target-module@b000/i2c@0/tda19988@70: Fixed dependency cycle(s) with /ocp/interconnect@48000000/segment@300000/target-module@e000/lcdc@0
[    0.614123] /ocp/interconnect@48000000/segment@300000/target-module@e000/lcdc@0: Fixed dependency cycle(s) with /ocp/interconnect@44c00000/segment@200000/target-module@b000/i2c@0/tda19988@70
[    0.623449] mdio_bus 4a101000.mdio: using DT '/ocp/interconnect@4a000000/segment@0/target-module@100000/switch@0/mdio@1000' for 'reset' GPIO lookup
[    0.623523] of_get_named_gpiod_flags: can't parse 'reset-gpios' property of node '/ocp/interconnect@4a000000/segment@0/target-module@100000/switch@0/mdio@1000[0]'
[    0.623570] of_get_named_gpiod_flags: can't parse 'reset-gpio' property of node '/ocp/interconnect@4a000000/segment@0/target-module@100000/switch@0/mdio@1000[0]'
[    0.623618] mdio_bus 4a101000.mdio: using lookup tables for GPIO lookup
[    0.623628] mdio_bus 4a101000.mdio: No GPIO consumer reset found
[    0.624557] sdhci-omap 481d8000.mmc: using DT '/ocp/interconnect@48000000/segment@100000/target-module@d8000/mmc@0' for 'wp' GPIO lookup
[    0.624614] of_get_named_gpiod_flags: can't parse 'wp-gpios' property of node '/ocp/interconnect@48000000/segment@100000/target-module@d8000/mmc@0[0]'
[    0.624657] of_get_named_gpiod_flags: can't parse 'wp-gpio' property of node '/ocp/interconnect@48000000/segment@100000/target-module@d8000/mmc@0[0]'
[    0.624691] sdhci-omap 481d8000.mmc: using lookup tables for GPIO lookup
[    0.624699] sdhci-omap 481d8000.mmc: No GPIO consumer wp found
[    0.624890] sdhci-omap 481d8000.mmc: supply pbias not found, using dummy regulator
[    0.625376] sdhci-omap 481d8000.mmc: supply vqmmc not found, using dummy regulator
[    0.688052] davinci_mdio 4a101000.mdio: davinci mdio revision 1.6, bus freq 1000000
[    0.702838] mdio_bus 4a101000.mdio:00: using DT '/ocp/interconnect@4a000000/segment@0/target-module@100000/switch@0/mdio@1000/ethernet-phy@0' for 'reset' GPIO lookup
[    0.702942] of_get_named_gpiod_flags: parsed 'reset-gpios' property of node '/ocp/interconnect@4a000000/segment@0/target-module@100000/switch@0/mdio@1000/ethernet-phy@0[0]' - status (0)
[    0.703107] gpio gpiochip0: Persistence not supported for GPIO 8
[    0.805015] davinci_mdio 4a101000.mdio: phy[0]: device 4a101000.mdio:00, driver SMSC LAN8710/LAN8720
[    0.805787] cpsw-switch 4a100000.switch: initialized cpsw ale version 1.4
[    0.805811] cpsw-switch 4a100000.switch: ALE Table size 1024, Policers 0
[    0.805962] cpsw-switch 4a100000.switch: cpts: overflow check period 500 (jiffies)
[    0.805979] cpsw-switch 4a100000.switch: CPTS: ref_clk_freq:250000000 calc_mult:2147483648 calc_shift:29 error:0 nsec/sec
[    0.806084] cpsw-switch 4a100000.switch: Detected MACID = 6c:ec:eb:68:de:78
[    0.807925] cpsw-switch 4a100000.switch: initialized (regs 0x4a100000, pool size 256) hw_ver:0019010C 1.12 (0)
[    0.818602] debugfs: Directory '49000000.dma' with parent 'dmaengine' already present!
[    0.818643] edma 49000000.dma: TI EDMA DMA engine driver
[    0.854387] gpio-clk clk_mcasp0: using DT '/clk_mcasp0' for 'enable' GPIO lookup
[    0.854461] of_get_named_gpiod_flags: parsed 'enable-gpios' property of node '/clk_mcasp0[0]' - status (0)
[    0.854507] gpio gpiochip0: Persistence not supported for GPIO 27
[    0.855379] gpiochip_find_base_unlocked: found new base at 608
[    0.855490] gpio gpiochip3: (gpio-96-127): created GPIO range 0->7 ==> 44e10800.pinmux PIN 82->89
[    0.855510] gpio gpiochip3: (gpio-96-127): created GPIO range 8->11 ==> 44e10800.pinmux PIN 52->55
[    0.855525] gpio gpiochip3: (gpio-96-127): created GPIO range 12->15 ==> 44e10800.pinmux PIN 94->97
[    0.855540] gpio gpiochip3: (gpio-96-127): created GPIO range 16->17 ==> 44e10800.pinmux PIN 71->72
[    0.855555] gpio gpiochip3: (gpio-96-127): created GPIO range 18->18 ==> 44e10800.pinmux PIN 135->135
[    0.855572] gpio gpiochip3: (gpio-96-127): created GPIO range 19->20 ==> 44e10800.pinmux PIN 108->109
[    0.855589] gpio gpiochip3: (gpio-96-127): created GPIO range 21->21 ==> 44e10800.pinmux PIN 73->73
[    0.855606] gpio gpiochip3: (gpio-96-127): created GPIO range 22->23 ==> 44e10800.pinmux PIN 8->9
[    0.855622] gpio gpiochip3: (gpio-96-127): created GPIO range 26->27 ==> 44e10800.pinmux PIN 10->11
[    0.855644] gpio gpiochip3: (gpio-96-127): created GPIO range 28->28 ==> 44e10800.pinmux PIN 74->74
[    0.855662] gpio gpiochip3: (gpio-96-127): created GPIO range 29->29 ==> 44e10800.pinmux PIN 81->81
[    0.855680] gpio gpiochip3: (gpio-96-127): created GPIO range 30->31 ==> 44e10800.pinmux PIN 28->29
[    0.881235] gpio gpiochip3: (gpio-96-127): added GPIO chardev (254:3)
[    0.881400] gpio gpiochip3: registered GPIOs 608 to 639 on gpio-96-127
[    0.894203] omap8250 44e09000.serial: using DT '/ocp/interconnect@44c00000/segment@200000/target-module@9000/serial@0' for 'rs485-term' GPIO lookup
[    0.894281] of_get_named_gpiod_flags: can't parse 'rs485-term-gpios' property of node '/ocp/interconnect@44c00000/segment@200000/target-module@9000/serial@0[0]'
[    0.894326] of_get_named_gpiod_flags: can't parse 'rs485-term-gpio' property of node '/ocp/interconnect@44c00000/segment@200000/target-module@9000/serial@0[0]'
[    0.894362] omap8250 44e09000.serial: using lookup tables for GPIO lookup
[    0.894372] omap8250 44e09000.serial: No GPIO consumer rs485-term found
[    0.894383] omap8250 44e09000.serial: using DT '/ocp/interconnect@44c00000/segment@200000/target-module@9000/serial@0' for 'rs485-rx-during-tx' GPIO lookup
[    0.894419] of_get_named_gpiod_flags: can't parse 'rs485-rx-during-tx-gpios' property of node '/ocp/interconnect@44c00000/segment@200000/target-module@9000/serial@0[0]'
[    0.894457] of_get_named_gpiod_flags: can't parse 'rs485-rx-during-tx-gpio' property of node '/ocp/interconnect@44c00000/segment@200000/target-module@9000/serial@0[0]'
[    0.894489] omap8250 44e09000.serial: using lookup tables for GPIO lookup
[    0.894497] omap8250 44e09000.serial: No GPIO consumer rs485-rx-during-tx found
[    0.894941] 44e09000.serial: ttyS0 at MMIO 0x44e09000 (irq = 34, base_baud = 3000000) is a 8250
[    0.895030] printk: legacy console [ttyS0] enabled
[    2.311290] i2c i2c-0: using DT '/ocp/interconnect@44c00000/segment@200000/target-module@b000/i2c@0' for 'scl' GPIO lookup
[    2.311378] of_get_named_gpiod_flags: can't parse 'scl-gpios' property of node '/ocp/interconnect@44c00000/segment@200000/target-module@b000/i2c@0[0]'
[    2.311426] of_get_named_gpiod_flags: can't parse 'scl-gpio' property of node '/ocp/interconnect@44c00000/segment@200000/target-module@b000/i2c@0[0]'
[    2.311468] i2c i2c-0: using lookup tables for GPIO lookup
[    2.311482] i2c i2c-0: No GPIO consumer scl found
[    2.311507] i2c i2c-0: using DT '/ocp/interconnect@44c00000/segment@200000/target-module@b000/i2c@0' for 'sda' GPIO lookup
[    2.311547] of_get_named_gpiod_flags: can't parse 'sda-gpios' property of node '/ocp/interconnect@44c00000/segment@200000/target-module@b000/i2c@0[0]'
[    2.311781] of_get_named_gpiod_flags: can't parse 'sda-gpio' property of node '/ocp/interconnect@44c00000/segment@200000/target-module@b000/i2c@0[0]'
[    2.311833] i2c i2c-0: using lookup tables for GPIO lookup
[    2.311846] i2c i2c-0: No GPIO consumer sda found
[    2.332586] tps65217-pmic: Failed to locate of_node [id: -1]
[    2.338656] tps65217-bl: Failed to locate of_node [id: -1]
[    2.349923] tps65217 0-0024: TPS65217 ID 0xe version 1.2
[    2.356038] /ocp/interconnect@48000000/segment@300000/target-module@e000/lcdc@0: Fixed dependency cycle(s) with /ocp/interconnect@44c00000/segment@200000/target-module@b000/i2c@0/tda19988@70
[    2.373398] /ocp/interconnect@44c00000/segment@200000/target-module@b000/i2c@0/tda19988@70: Fixed dependency cycle(s) with /ocp/interconnect@48000000/segment@300000/target-module@e000/lcdc@0
[    2.390758] omap_i2c 44e0b000.i2c: bus 0 rev0.11 at 400 kHz
[    2.398525] sdhci-omap 48060000.mmc: using DT '/ocp/interconnect@48000000/segment@0/target-module@60000/mmc@0' for 'cd' GPIO lookup
[    2.398632] of_get_named_gpiod_flags: parsed 'cd-gpios' property of node '/ocp/interconnect@48000000/segment@0/target-module@60000/mmc@0[0]' - status (0)
[    2.398699] gpio gpiochip3: Persistence not supported for GPIO 6
[    2.398728] omap_gpio 44e07000.gpio: Could not set line 6 debounce to 200000 microseconds (-22)
[    2.407625] sdhci-omap 48060000.mmc: Got CD GPIO
[    2.412306] sdhci-omap 48060000.mmc: using DT '/ocp/interconnect@48000000/segment@0/target-module@60000/mmc@0' for 'wp' GPIO lookup
[    2.412357] of_get_named_gpiod_flags: can't parse 'wp-gpios' property of node '/ocp/interconnect@48000000/segment@0/target-module@60000/mmc@0[0]'
[    2.412403] of_get_named_gpiod_flags: can't parse 'wp-gpio' property of node '/ocp/interconnect@48000000/segment@0/target-module@60000/mmc@0[0]'
[    2.412442] sdhci-omap 48060000.mmc: using lookup tables for GPIO lookup
[    2.412456] sdhci-omap 48060000.mmc: No GPIO consumer wp found
[    2.412671] sdhci-omap 48060000.mmc: supply pbias not found, using dummy regulator
[    2.421336] sdhci-omap 481d8000.mmc: using DT '/ocp/interconnect@48000000/segment@100000/target-module@d8000/mmc@0' for 'wp' GPIO lookup
[    2.421409] of_get_named_gpiod_flags: can't parse 'wp-gpios' property of node '/ocp/interconnect@48000000/segment@100000/target-module@d8000/mmc@0[0]'
[    2.421458] of_get_named_gpiod_flags: can't parse 'wp-gpio' property of node '/ocp/interconnect@48000000/segment@100000/target-module@d8000/mmc@0[0]'
[    2.421497] sdhci-omap 481d8000.mmc: using lookup tables for GPIO lookup
[    2.421511] sdhci-omap 481d8000.mmc: No GPIO consumer wp found
[    2.422652] sdhci-omap 48060000.mmc: supply vqmmc not found, using dummy regulator
[    2.431485] sdhci-omap 481d8000.mmc: supply pbias not found, using dummy regulator
[    2.441153] sdhci-omap 481d8000.mmc: supply vqmmc not found, using dummy regulator
[    2.478975] mmc1: SDHCI controller on 481d8000.mmc [481d8000.mmc] using External DMA
[    2.488027] mmc0: SDHCI controller on 48060000.mmc [48060000.mmc] using External DMA
[    2.496938] cpsw-switch 4a100000.switch: starting ndev. mode: dual_mac
[    2.562014] mmc1: new high speed MMC card at address 0001
[    2.568816] mmcblk1: mmc1:0001 MMC04G 3.60 GiB
[    2.576492]  mmcblk1: p1 p2
[    2.580286] SMSC LAN8710/LAN8720 4a101000.mdio:00: attached PHY driver (mii_bus:phy_addr=4a101000.mdio:00, irq=POLL)
[    2.591796] mmcblk1boot0: mmc1:0001 MMC04G 2.00 MiB
[    2.605000] mmcblk1boot1: mmc1:0001 MMC04G 2.00 MiB
[    2.612131] mmcblk1rpmb: mmc1:0001 MMC04G 128 KiB, chardev (250:0)
[    2.665224] mmc0: new high speed SDHC card at address aaaa
[    2.672146] mmcblk0: mmc0:aaaa SE32G 29.7 GiB
[    2.681157]  mmcblk0: p1 p2
[    5.762416] cpsw-switch 4a100000.switch eth0: Link is Up - 100Mbps/Full - flow control off
[    5.801871] IP-Config: Complete:
[    5.805145]      device=eth0, hwaddr=6c:ec:eb:68:de:78, ipaddr=192.168.255.1, mask=255.255.255.0, gw=255.255.255.255
[    5.815809]      host=bbb1, domain=, nis-domain=(none)
