Labgrid Console Logfile for main
Logfile started at 2025-02-11 11:16:43.619051
=== Log starts here ===

U-Boot SPL 2014.04-00014-g47880f5 (Apr 22 2014 - 13:23:54)
reading args
spl_load_image_fat_os: error reading image args, err - -1
reading u-boot.img
reading u-boot.img


U-Boot 2014.04-00014-g47880f5 (Apr 22 2014 - 13:23:54)

I2C:   ready
DRAM:  512 MiB
NAND:  0 MiB
MMC:   OMAP SD/MMC: 0, OMAP SD/MMC: 1
*** Warning - readenv() failed, using default environment

Net:   <ethaddr> not set. Validating first E-fuse MAC
cpsw, usb_ether
Hit any key to stop autoboot:  1  0 
gpio: pin 53 (gpio 53) value is 1
mmc0 is current device
gpio: pin 54 (gpio 54) value is 1
SD/MMC found on device 0
reading uEnv.txt
569 bytes read in 4 ms (138.7 KiB/s)
gpio: pin 55 (gpio 55) value is 1
Loaded environment from uEnv.txt
Importing environment from mmc ...
Checking if uenvcmd is set ...
gpio: pin 56 (gpio 56) value is 1
Running uenvcmd ...
cpsw Waiting for PHY auto negotiation to complete. done
link up on port 0, speed 100, full duplex
Using cpsw device
TFTP from server 192.168.255.126; our IP address is 192.168.255.1
Filename 'zImage'.
Load address: 0x81000000
Loading: *#################################################################
	 #################################################################
	 #################################################################
	 #################################################################
	 #################################################################
	 #######################################
	 2.4 MiB/s
done
Bytes transferred = 5338032 (5173b0 hex)
link up on port 0, speed 100, full duplex
Using cpsw device
TFTP from server 192.168.255.126; our IP address is 192.168.255.1
Filename 'am335x-boneblack.dtb'.
Load address: 0x82000000
Loading: *#######
	 2.2 MiB/s
done
Bytes transferred = 97772 (17dec hex)
Kernel image @ 0x81000000 [ 0x000000 - 0x5173b0 ]
## Flattened Device Tree blob at 82000000
   Booting using the fdt blob at 0x82000000
   Using Device Tree in place at 82000000, end 8201adeb

Starting kernel ...

[    0.000000] Booting Linux on physical CPU 0x0
[    0.000000] Linux version 6.6.77 (user01@drvtest01) (arm-none-eabi-gcc (Arm GNU Toolchain 14.2.Rel1 (Build arm-14.52)) 14.2.1 20241119, GNU ld (Arm GNU Toolchain 14.2.Rel1 (Build arm-14.52)) 2.43.1.20241119) #1 SMP Tue Feb 11 11:15:10 EET 2025
[    0.000000] CPU: ARMv7 Processor [413fc082] revision 2 (ARMv7), cr=10c5387d
[    0.000000] CPU: PIPT / VIPT nonaliasing data cache, VIPT aliasing instruction cache
[    0.000000] OF: fdt: Machine model: TI AM335x BeagleBone Black
[    0.000000] Memory policy: Data cache writeback
[    0.000000] cma: Reserved 16 MiB at 0x9e800000 on node -1
[    0.000000] Zone ranges:
[    0.000000]   Normal   [mem 0x0000000080000000-0x000000009fdfffff]
[    0.000000]   HighMem  empty
[    0.000000] Movable zone start for each node
[    0.000000] Early memory node ranges
[    0.000000]   node   0: [mem 0x0000000080000000-0x000000009fdfffff]
[    0.000000] Initmem setup node 0 [mem 0x0000000080000000-0x000000009fdfffff]
[    0.000000] CPU: All CPU(s) started in SVC mode.
[    0.000000] AM335X ES2.1 (sgx neon)
[    0.000000] percpu: Embedded 16 pages/cpu s36052 r8192 d21292 u65536
[    0.000000] Kernel command line: console=ttyO0,115200n8 root=/dev/nfs rw nfsroot=192.168.255.126:/home/user01/nfs,nfsvers=3 ip=192.168.255.1:192.168.255.126::255.255.255.0:bbb1:eth0 nfsrootdebug
[    0.000000] Unknown kernel command line parameters "nfsrootdebug", will be passed to user space.
[    0.000000] Dentry cache hash table entries: 65536 (order: 6, 262144 bytes, linear)
[    0.000000] Inode-cache hash table entries: 32768 (order: 5, 131072 bytes, linear)
[    0.000000] Built 1 zonelists, mobility grouping on.  Total pages: 129412
[    0.000000] mem auto-init: stack:off, heap alloc:off, heap free:off
[    0.000000] Memory: 483604K/522240K available (11264K kernel code, 1164K rwdata, 2700K rodata, 1024K init, 283K bss, 22252K reserved, 16384K cma-reserved, 0K highmem)
[    0.000000] SLUB: HWalign=64, Order=0-3, MinObjects=0, CPUs=1, Nodes=1
[    0.000000] rcu: Hierarchical RCU implementation.
[    0.000000] rcu: 	RCU event tracing is enabled.
[    0.000000] rcu: 	RCU restricting CPUs from NR_CPUS=2 to nr_cpu_ids=1.
[    0.000000] rcu: RCU calculated value of scheduler-enlistment delay is 10 jiffies.
[    0.000000] rcu: Adjusting geometry for rcu_fanout_leaf=16, nr_cpu_ids=1
[    0.000000] NR_IRQS: 16, nr_irqs: 16, preallocated irqs: 16
[    0.000000] IRQ: Found an INTC at 0x(ptrval) (revision 5.0) with 128 interrupts
[    0.000000] rcu: srcu_init: Setting srcu_struct sizes based on contention.
[    0.000000] TI gptimer clocksource: always-on /ocp/interconnect@44c00000/segment@200000/target-module@31000
[    0.000003] sched_clock: 32 bits at 24MHz, resolution 41ns, wraps every 89478484971ns
[    0.000030] clocksource: dmtimer: mask: 0xffffffff max_cycles: 0xffffffff, max_idle_ns: 79635851949 ns
[    0.000507] TI gptimer clockevent: 24000000 Hz at /ocp/interconnect@48000000/segment@0/target-module@40000
[    0.002058] Console: colour dummy device 80x30
[    0.002107] WARNING: Your 'console=ttyO0' has been replaced by 'ttyS0'
[    0.002114] This ensures that you still see kernel messages. Please
[    0.002119] update your kernel commandline.
[    0.002159] Calibrating delay loop... 996.14 BogoMIPS (lpj=4980736)
[    0.090558] CPU: Testing write buffer coherency: ok
[    0.090662] CPU0: Spectre v2: using BPIALL workaround
[    0.090672] pid_max: default: 32768 minimum: 301
[    0.090788] LSM: initializing lsm=capability,integrity
[    0.090957] Mount-cache hash table entries: 1024 (order: 0, 4096 bytes, linear)
[    0.090977] Mountpoint-cache hash table entries: 1024 (order: 0, 4096 bytes, linear)
[    0.092427] CPU0: thread -1, cpu 0, socket -1, mpidr 0
[    0.094013] Setting up static identity map for 0x80100000 - 0x80100078
[    0.094293] rcu: Hierarchical SRCU implementation.
[    0.094304] rcu: 	Max phase no-delay instances is 1000.
[    0.095675] smp: Bringing up secondary CPUs ...
[    0.095729] smp: Brought up 1 node, 1 CPU
[    0.095743] SMP: Total of 1 processors activated (996.14 BogoMIPS).
[    0.095754] CPU: All CPU(s) started in SVC mode.
[    0.096622] devtmpfs: initialized
[    0.112990] VFP support v0.3: implementor 41 architecture 3 part 30 variant c rev 3
[    0.113329] clocksource: jiffies: mask: 0xffffffff max_cycles: 0xffffffff, max_idle_ns: 19112604462750000 ns
[    0.113361] futex hash table entries: 256 (order: 2, 16384 bytes, linear)
[    0.114670] pinctrl core: initialized pinctrl subsystem
[    0.117268] NET: Registered PF_NETLINK/PF_ROUTE protocol family
[    0.119794] DMA: preallocated 256 KiB pool for atomic coherent allocations
[    0.120397] audit: initializing netlink subsys (disabled)
[    0.121898] thermal_sys: Registered thermal governor 'fair_share'
[    0.121919] thermal_sys: Registered thermal governor 'step_wise'
[    0.121924] thermal_sys: Registered thermal governor 'user_space'
[    0.122029] audit: type=2000 audit(0.120:1): state=initialized audit_enabled=0 res=1
[    0.122108] cpuidle: using governor menu
[    0.138487] /ocp/interconnect@44c00000/segment@200000/target-module@b000/i2c@0/tda19988@70: Fixed dependency cycle(s) with /ocp/interconnect@48000000/segment@300000/target-module@e000/lcdc@0
[    0.139556] /ocp/interconnect@48000000/segment@300000/target-module@e000/lcdc@0: Fixed dependency cycle(s) with /ocp/interconnect@44c00000/segment@200000/target-module@b000/i2c@0/tda19988@70
[    0.141799] No ATAGs?
[    0.141817] hw-breakpoint: debug architecture 0x4 unsupported.
[    0.144814] kprobes: kprobe jump-optimization is enabled. All kprobes are optimized if possible.
[    0.154147] iommu: Default domain type: Translated
[    0.154165] iommu: DMA domain TLB invalidation policy: strict mode
[    0.155605] SCSI subsystem initialized
[    0.162166] pps_core: LinuxPPS API ver. 1 registered
[    0.162177] pps_core: Software ver. 5.3.6 - Copyright 2005-2007 Rodolfo Giometti <giometti@linux.it>
[    0.162201] PTP clock support registered
[    0.170841] vgaarb: loaded
[    0.171169] clocksource: Switched to clocksource dmtimer
[    0.171788] VFS: Disk quotas dquot_6.6.0
[    0.171847] VFS: Dquot-cache hash table entries: 1024 (order 0, 4096 bytes)
[    0.193307] NET: Registered PF_INET protocol family
[    0.193641] IP idents hash table entries: 8192 (order: 4, 65536 bytes, linear)
[    0.194977] tcp_listen_portaddr_hash hash table entries: 512 (order: 0, 4096 bytes, linear)
[    0.195013] Table-perturb hash table entries: 65536 (order: 6, 262144 bytes, linear)
[    0.195030] TCP established hash table entries: 4096 (order: 2, 16384 bytes, linear)
[    0.195072] TCP bind hash table entries: 4096 (order: 4, 65536 bytes, linear)
[    0.195171] TCP: Hash tables configured (established 4096 bind 4096)
[    0.195300] UDP hash table entries: 256 (order: 1, 8192 bytes, linear)
[    0.195328] UDP-Lite hash table entries: 256 (order: 1, 8192 bytes, linear)
[    0.195504] NET: Registered PF_UNIX/PF_LOCAL protocol family
[    0.202236] RPC: Registered named UNIX socket transport module.
[    0.202260] RPC: Registered udp transport module.
[    0.202266] RPC: Registered tcp transport module.
[    0.202271] RPC: Registered tcp-with-tls transport module.
[    0.202276] RPC: Registered tcp NFSv4.1 backchannel transport module.
[    0.202304] PCI: CLS 0 bytes, default 64
[    0.203858] Initialise system trusted keyrings
[    0.212050] workingset: timestamp_bits=14 max_order=17 bucket_order=3
[    0.213267] NFS: Registering the id_resolver key type
[    0.213350] Key type id_resolver registered
[    0.213358] Key type id_legacy registered
[    0.213411] jffs2: version 2.2. (NAND) (SUMMARY)  Â© 2001-2006 Red Hat, Inc.
[    0.213807] Key type asymmetric registered
[    0.213823] Asymmetric key parser 'x509' registered
[    0.213894] io scheduler mq-deadline registered
[    0.213905] io scheduler kyber registered
[    0.213973] io scheduler bfq registered
[    0.234103] Serial: 8250/16550 driver, 6 ports, IRQ sharing enabled
[    0.279131] brd: module loaded
[    0.307246] loop: module loaded
[    0.308156] mtdoops: mtd device (mtddev=name/number) must be supplied
[    0.310833] i2c_dev: i2c /dev entries driver
[    0.311942] cpuidle: enable-method property 'ti,am3352' found operations
[    0.312390] sdhci: Secure Digital Host Controller Interface driver
[    0.312401] sdhci: Copyright(c) Pierre Ossman
[    0.312574] sdhci-pltfm: SDHCI platform and OF driver helper
[    0.312819] ledtrig-cpu: registered to indicate activity on CPUs
[    0.313564] Initializing XFRM netlink socket
[    0.313713] NET: Registered PF_INET6 protocol family
[    0.315370] Segment Routing with IPv6
[    0.315441] In-situ OAM (IOAM) with IPv6
[    0.315541] sit: IPv6, IPv4 and MPLS over IPv4 tunneling driver
[    0.316488] NET: Registered PF_PACKET protocol family
[    0.316523] NET: Registered PF_KEY protocol family
[    0.316644] Key type dns_resolver registered
[    0.316865] ThumbEE CPU extension supported.
[    0.316884] Registering SWP/SWPB emulation handler
[    0.317393] omap_voltage_late_init: Voltage driver support not added
[    0.317731] SmartReflex Class3 initialized
[    0.341736] Loading compiled-in X.509 certificates
[    0.400793] /ocp/interconnect@44c00000/segment@200000/target-module@b000/i2c@0/tda19988@70: Fixed dependency cycle(s) with /ocp/interconnect@48000000/segment@300000/target-module@e000/lcdc@0
[    0.407051] /ocp/interconnect@44c00000/segment@200000/target-module@b000/i2c@0/tda19988@70: Fixed dependency cycle(s) with /ocp/interconnect@48000000/segment@300000/target-module@e000/lcdc@0
[    0.415074] /ocp/interconnect@44c00000/segment@200000/target-module@b000/i2c@0/tda19988@70: Fixed dependency cycle(s) with /ocp/interconnect@48000000/segment@300000/target-module@e000/lcdc@0
[    0.415890] /ocp/interconnect@44c00000/segment@200000/target-module@b000/i2c@0/tda19988@70: Fixed dependency cycle(s) with /ocp/interconnect@48000000/segment@300000/target-module@e000/lcdc@0
[    0.419135] /ocp/interconnect@44c00000/segment@200000/target-module@10000/scm@0/pinmux@800: Fixed dependency cycle(s) with /ocp/interconnect@44c00000/segment@200000/target-module@10000/scm@0/pinmux@800/clkout2-pins
[    0.419718] pinctrl-single 44e10800.pinmux: 142 pins, size 568
[    0.424943] ti-sysc: probe of 44e31000.target-module failed with error -16
[    0.462683] /ocp/interconnect@48000000/segment@300000/target-module@e000/lcdc@0: Fixed dependency cycle(s) with /ocp/interconnect@44c00000/segment@200000/target-module@b000/i2c@0/tda19988@70
[    0.470258] ti-sysc: probe of 48040000.target-module failed with error -16
[    0.516613] OMAP GPIO hardware version 0.1
[    0.556749] omap_i2c 4819c000.i2c: bus 2 rev0.11 at 100 kHz
[    0.578957] /ocp/interconnect@48000000/segment@300000/target-module@e000/lcdc@0: Fixed dependency cycle(s) with /ocp/interconnect@44c00000/segment@200000/target-module@b000/i2c@0/tda19988@70
[    0.581905] /ocp/interconnect@48000000/segment@300000/target-module@e000/lcdc@0: Fixed dependency cycle(s) with /ocp/interconnect@44c00000/segment@200000/target-module@b000/i2c@0/tda19988@70
[    0.582647] /ocp/interconnect@44c00000/segment@200000/target-module@b000/i2c@0/tda19988@70: Fixed dependency cycle(s) with /ocp/interconnect@48000000/segment@300000/target-module@e000/lcdc@0
[    0.582807] /ocp/interconnect@48000000/segment@300000/target-module@e000/lcdc@0: Fixed dependency cycle(s) with /ocp/interconnect@44c00000/segment@200000/target-module@b000/i2c@0/tda19988@70
[    0.594466] sdhci-omap 481d8000.mmc: supply pbias not found, using dummy regulator
[    0.594932] sdhci-omap 481d8000.mmc: supply vqmmc not found, using dummy regulator
[    0.674471] davinci_mdio 4a101000.mdio: davinci mdio revision 1.6, bus freq 1000000
[    0.794768] davinci_mdio 4a101000.mdio: phy[0]: device 4a101000.mdio:00, driver SMSC LAN8710/LAN8720
[    0.795403] cpsw-switch 4a100000.switch: initialized cpsw ale version 1.4
[    0.795423] cpsw-switch 4a100000.switch: ALE Table size 1024
[    0.795564] cpsw-switch 4a100000.switch: cpts: overflow check period 500 (jiffies)
[    0.795579] cpsw-switch 4a100000.switch: CPTS: ref_clk_freq:250000000 calc_mult:2147483648 calc_shift:29 error:0 nsec/sec
[    0.795685] cpsw-switch 4a100000.switch: Detected MACID = 6c:ec:eb:68:de:78
[    0.797442] cpsw-switch 4a100000.switch: initialized (regs 0x4a100000, pool size 256) hw_ver:0019010C 1.12 (0)
[    0.808137] debugfs: Directory '49000000.dma' with parent 'dmaengine' already present!
[    0.808179] edma 49000000.dma: TI EDMA DMA engine driver
[    0.862199] hw perfevents: enabled with armv7_cortex_a8 PMU driver, 5 counters available
[    0.869748] l3-aon-clkctrl:0000:0: failed to disable
[    0.882425] 44e09000.serial: ttyS0 at MMIO 0x44e09000 (irq = 34, base_baud = 3000000) is a 8250
[    0.882511] printk: console [ttyS0] enabled
 [    2.172044] tps65217-pmic: Failed to locate of_node [id: -1 ]
[    2.178100] tps65217-bl: Failed to locate of_node [id: - 1]
[    2.189084] tps65217 0-0024: TPS65217 ID 0xe version 1. 2
[    2.195193] /ocp/interconnect@48000000/segment@300000/target-mod
[    2.386634] mmcblk0: mmc0:5048 SD16G 14.4 GiB
[    2.394426]  mmcblk0: p1 p2
[    2.397658] mmcblk0: p2 size 31221760 extends beyond EOD, truncated
[    2.412234] mmc1: new high speed MMC card at address 0001
[    2.418885] mmcblk1: mmc1:0001 MMC04G 3.60 GiB
[    2.425978]  mmcblk1: p1 p2
[    2.430140] mmcblk1boot0: mmc1:0001 MMC04G 2.00 MiB
[    2.437455] mmcblk1boot1: mmc1:0001 MMC04G 2.00 MiB
[    2.444436] mmcblk1rpmb: mmc1:0001 MMC04G 128 KiB, chardev (250:0)
[    2.451191] SMSC LAN8710/LAN8720 4a101000.mdio:00: attached PHY driver (mii_bus:phy_addr=4a101000.mdio:00, irq=POLL)
[    5.601900] cpsw-switch 4a100000.switch eth0: Link is Up - 100Mbps/Full - flow control off
[    5.641182] IP-Config: Complete:
[    5.644447]      device=eth0, hwaddr=6c:ec:eb:68:de:78, ipaddr=192.168.255.1, mask=255.255.255.0, gw=255.255.255.255
[    5.655058]      host=bbb1, domain=, nis-domain=(none)
[    5.660222]      bootserver=192.168.255.126, rootserver=192.168.255.126, rootpath=
[    5.660630] clk: Disabling unused clocks
[    5.672509] KTAP version 1
[    5.675235] 1..0
[    5.698777] VFS: Mounted root (nfs filesystem) on device 0:16.
[    5.705800] devtmpfs: mounted
[    5.710194] Freeing unused kernel image (initmem) memory: 1024K
[    5.716960] Run /sbin/init as init process
[    6.386211] systemd[1]: System time before build time, advancing clock.
[    7.851187] random: crng init done
[    7.913098] systemd[1]: systemd 232 running in system mode. (+PAM +AUDIT +SELINUX +IMA +APPARMOR +SMACK +SYSVINIT +UTMP +LIBCRYPTSETUP +GCRYPT +GNUTLS +ACL +XZ +LZ4 +SECCOMP +BLKID +ELFUTILS +KMOD +IDN)
[    7.932101] systemd[1]: Detected architecture arm.

Welcome to [1mDebian GNU/Linux 9 (stretch)[0m!

[    7.974064] systemd[1]: Set hostname to <arm>.
[    9.031854] systemd[1]: Listening on Journal Socket (/dev/log).
[[0;32m  OK  [0m] Listening on Journal Socket (/dev/log).
[    9.071679] systemd[1]: Reached target Swap.
[[0;32m  OK  [0m] Reached target Swap.
[    9.102144] systemd[1]: Listening on Journal Audit Socket.
[[0;32m  OK  [0m] Listening on Journal Audit Socket.
[    9.142078] systemd[1]: Started Dispatch Password Requests to Console Directory Watch.
[[0;32m  OK  [0m] Started Dispatch Password Requests to Console Directory Watch.
[    9.181928] systemd[1]: Listening on Journal Socket.
[[0;32m  OK  [0m] Listening on Journal Socket.
[    9.222701] systemd[1]: Created slice User and Session Slice.
[[0;32m  OK  [0m] Created slice User and Session Slice.
[    9.261768] systemd[1]: Listening on udev Kernel Socket.
[[0;32m  OK  [0m] Listening on udev Kernel Socket.
[[0;32m  OK  [0m] Listening on udev Control Socket.
[[0;32m  OK  [0m] Reached target Remote File Systems.
[[0;32m  OK  [0m] Started Forward Password Requests to Wall Directory Watch.
[[0;32m  OK  [0m] Reached target Paths.
[[0;32m  OK  [0m] Listening on /dev/initctl Compatibility Named Pipe.
[[0;32m  OK  [0m] Created slice System Slice.
[[0;32m  OK  [0m] Created slice system-serial\x2dgetty.slice.
         Starting Load Kernel Modules...
[[0;32m  OK  [0m] Reached target Slices.
         Starting Create list of required stâ€¦ce nodes for the current kernel...
         Mounting Debug File System...
         Mounting POSIX Message Queue File System...
[[0;32m  OK  [0m] Reached target Encrypted Volumes.
[[0;32m  OK  [0m] Created slice system-getty.slice.
[[0;32m  OK  [0m] Set up automount Arbitrary Executabâ€¦rmats File System Automount Point.
         Starting Remount Root and Kernel File Systems...
[[0;32m  OK  [0m] Listening on Syslog Socket.
         Starting Journal Service...
[[0;32m  OK  [0m] Mounted POSIX Message Queue File System.
[[0;32m  OK  [0m] Mounted Debug File System.
[[0;32m  OK  [0m] Started Load Kernel Modules.
[[0;32m  OK  [0m] Started Create list of required staâ€¦vice nodes for the current kernel.
[[0;32m  OK  [0m] Started Remount Root and Kernel File Systems.
         Starting Load/Save Random Seed...
         Starting udev Coldplug all Devices...
         Starting Create Static Device Nodes in /dev...
         Mounting Configuration File System...
         Starting Apply Kernel Variables...
[[0;32m  OK  [0m] Started Load/Save Random Seed.
[[0;32m  OK  [0m] Mounted Configuration File System.
[[0;32m  OK  [0m] Started Apply Kernel Variables.
[[0;32m  OK  [0m] Started Create Static Device Nodes in /dev.
[[0;32m  OK  [0m] Started Journal Service.
         Starting Flush Journal to Persistent Storage...
[[0;32m  OK  [0m] Reached target Local File Systems (Pre).
[[0;32m  OK  [0m] Reached target Local File Systems.
         Starting Raise network interfaces...
         Starting udev Kernel Device Manager...
[   11.399999] systemd-journald[84]: Received request to flush runtime journal from PID 1
[[0;32m  OK  [0m] Started Flush Journal to Persistent Storage.
         Starting Create Volatile Files and Directories...
[[0;32m  OK  [0m] Started udev Kernel Device Manager.
[[0;32m  OK  [0m] Started Create Volatile Files and Directories.
         Starting Update UTMP about System Boot/Shutdown...
         Starting Network Time Synchronization...
[[0;32m  OK  [0m] Started Update UTMP about System Boot/Shutdown.
[[0;32m  OK  [0m] Started udev Coldplug all Devices.
[   14.612667] remoteproc remoteproc0: wkup_m3 is available
[[0;32m  OK  [0m] Found device /dev/ttyS0.
[[0;32m  OK  [0m] Started Network Time Synchronization.
[[0;32m  OK  [0m] Reached target System Time Synchronized.[   14.866806] wkup_m3_ipc 44e11324.wkup_m3_ipc: IPC Request for A8->M3 Channel failed! -517

[   14.903106] omap_rtc 44e3e000.rtc: registered as rtc0
[   14.908281] omap_rtc 44e3e000.rtc: setting system clock to 2000-01-01T00:00:00 UTC (946684800)
[   14.927861] wkup_m3_ipc 44e11324.wkup_m3_ipc: IPC Request for A8->M3 Channel failed! -517
[[0;32m  OK  [0m] Reached target System Initialization.
[   14.978855] at24 2-0054: supply vcc not found, using dummy regulator
[[0;32m  OK  [0m] Started Daily apt download activities.
[[0;32m  OK  [0m] Started Daily Cleanup of Temporary Directories.
[[0;32m  OK  [0m] Listening on Avahi mDNS/DNS-SD Stack Activation Socket.
[   15.111620] omap_wdt: OMAP Watchdog Timer Rev 0x01: initial timeout 60 sec
[   15.148867] wkup_m3_ipc 44e11324.wkup_m3_ipc: IPC Request for A8->M3 Channel failed! -517
[   15.172613] at24 2-0055: supply vcc not found, using dummy regulator
[[0;32m  OK  [0m] Listening on D-Bus System Message Bus Socket.
[[0;32m  OK  [0m] Reached target Sockets.
[[0;32m  OK  [0m] Reached target Basic System.
[   15.340897] at24 2-0056: supply vcc not found, using dummy regulator
[   15.440715] at24 2-0057: supply vcc not found, using dummy regulator
         Starting Generic Board Startup...
[   15.541958] at24 0-0050: 32768 byte 24c256 EEPROM, writable, 1 bytes/write
[   15.570948] wkup_m3_ipc 44e11324.wkup_m3_ipc: IPC Request for A8->M3 Channel failed! -517
[   15.651720] tps6521x_pwrbutton tps65217-pwrbutton: DMA mask not set
[   15.743855] input: tps65217_pwrbutton as /devices/platform/ocp/44c00000.interconnect/44c00000.interconnect:segment@200000/44e0b000.target-module/44e0b000.i2c/i2c-0/0-0024/tps65217-pwrbutton/input/input0
[   15.764042] wkup_m3_ipc 44e11324.wkup_m3_ipc: IPC Request for A8->M3 Channel failed! -517
[   15.853010] am335x-phy-driver 47401300.usb-phy: dummy supplies not allowed for exclusive requests
[   15.892625] wkup_m3_ipc 44e11324.wkup_m3_ipc: IPC Request for A8->M3 Channel failed! -517
[[0;32m  OK  [0m] Started Regular background program processing daemon.
[   16.017148] am335x-phy-driver 47401b00.usb-phy: dummy supplies not allowed for exclusive requests
[   16.029018] wkup_m3_ipc 44e11324.wkup_m3_ipc: IPC Request for A8->M3 Channel failed! -517
[[0;32m  OK  [0m] Started D-Bus System Message Bus.
[   16.182248] wkup_m3_ipc 44e11324.wkup_m3_ipc: IPC Request for A8->M3 Channel failed! -517
[   16.406824] usbcore: registered new interface driver usbfs
[   16.412685] usbcore: registered new interface driver hub
[   16.418122] usbcore: registered new device driver usb
[   16.816246] tda998x 0-0070: found TDA19988
[   16.904749] wkup_m3_ipc 44e11324.wkup_m3_ipc: IPC Request for A8->M3 Channel failed! -517
[   16.986054] musb-hdrc musb-hdrc.1: MUSB HDRC host driver
[   16.991745] musb-hdrc musb-hdrc.1: new USB bus registered, assigned bus number 1
[   17.025391] wkup_m3_ipc 44e11324.wkup_m3_ipc: IPC Request for A8->M3 Channel failed! -517
[   17.142609] usb usb1: New USB device found, idVendor=1d6b, idProduct=0002, bcdDevice= 6.06
[   17.151239] usb usb1: New USB device strings: Mfr=3, Product=2, SerialNumber=1
[   17.158511] usb usb1: Product: MUSB HDRC host driver
[   17.163592] usb usb1: Manufacturer: Linux 6.6.77 musb-hcd
[   17.169022] usb usb1: SerialNumber: musb-hdrc.1
[   17.311888] hub 1-0:1.0: USB hub found
[   17.337883] hub 1-0:1.0: 1 port detected
 [   17.387354] wkup_m3_ipc 44e11324.wkup_m3_ipc: IPC Request f or A8->M3 Channel failed! -517
[   17.483979] wkup_m3_ipc 44e 11324.wkup_m3_ipc: IPC Request for A8->M3 Channel failed! -517 
[   17.631517] omap-mailbox 480c8000.mailbox: omap mailbox r ev 0x400
[   19.322644] omap_rng 48310000.rng: Random Number Generator ver. 20
[   19.331344] tilcdc 4830e000.lcdc: bound 0-0070 (ops tda998x_audio_codec_init [tda998x])
[   19.449207] [drm] Initialized tilcdc 1.0.0 20121205 for 4830e000.lcdc on minor 0
[   19.526439] tilcdc 4830e000.lcdc: [drm] Cannot find any crtc or sizes
[   19.534397] tilcdc 4830e000.lcdc: [drm] Cannot find any crtc or sizes
         Starting Connection service...
         Starting DUN service...
         Starting System Logging Service...
         Starting Telephony service...
         Starting LSB: Load kernel modules needed to enable cpufreq scaling...
         Starting LSB: Start busybox udhcpd at boot time...
         Starting Cape Manager Service...
[[0;32m  OK  [0m] Started Daily apt upgrade and clean activities.
[[0;32m  OK  [0m] Reached target Timers.
[   20.727021] omap-sham 53100000.sham: hw accel on OMAP rev 4.3
[   20.793011] PM: Cannot get wkup_m3_ipc handle
         Starting Avahi mDNS/DNS-SD Stack...
[   20.871899] omap-sham 53100000.sham: will run requests pump with realtime priority
[   20.882550] PM: Cannot get wkup_m3_ipc handle
         Starting Login Service...
[   21.074465] omap-aes 53500000.aes: OMAP AES hw accel rev: 3.2
[   21.272510] omap-aes 53500000.aes: will run requests pump with realtime priority
[   21.289290] PM: Cannot get wkup_m3_ipc handle
[   23.829956] Bluetooth: Core ver 2.22
[   23.833989] NET: Registered PF_BLUETOOTH protocol family
[   23.839337] Bluetooth: HCI device and connection manager initialized
[   23.845850] Bluetooth: HCI socket layer initialized
[   23.850763] Bluetooth: L2CAP socket layer initialized
[   23.855931] Bluetooth: SCO socket layer initialized
[[0;32m  OK  [0m] Started System Logging Service.
[[0;32m  OK  [0m] Started Cape Manager Service.
[   25.540962] PM: Cannot get wkup_m3_ipc handle
[   25.636385] PM: Cannot get wkup_m3_ipc handle
[[0;32m  OK  [0m] Started LSB: Start busybox udhcpd at boot time.
[   27.828291] configfs-gadget.g_multi gadget.0: HOST MAC 1c:ba:8c:a2:ed:6c
[   27.835276] configfs-gadget.g_multi gadget.0: MAC 1c:ba:8c:a2:ed:70
[   27.842630] configfs-gadget.g_multi gadget.0: HOST MAC 1c:ba:8c:a2:ed:6c
[   27.849392] configfs-gadget.g_multi gadget.0: MAC 1c:ba:8c:a2:ed:6d
[   27.858715] PM: Cannot get wkup_m3_ipc handle
[[0;32m  OK  [0m] Started Raise network interfaces.
[[0;32m  OK  [0m] Started LSB: Load kernel modules needed to enable cpufreq scaling.
[[0;32m  OK  [0m] Started DUN service.
[[0;32m  OK  [0m] Started Telephony service.
[[0;32m  OK  [0m] Started Connection service.
[[0;32m  OK  [0m] Started Avahi mDNS/DNS-SD Stack.
[[0;32m  OK  [0m] Started Login Service.
         Starting Hostname Service...
         Starting WPA supplicant...
[[0;32m  OK  [0m] Reached target Sound Card.
         Starting LSB: set CPUFreq kernel parameters...
[[0;32m  OK  [0m] Started Hostname Service.
[[0;32m  OK  [0m] Started WPA supplicant.
[[0;32m  OK  [0m] Reached target Network.
[[0;32m  OK  [0m] Reached target Network is Online.
         Starting LSB: Advanced IEEE 802.11 management daemon...
         Starting OpenBSD Secure Shell server...
         Starting Permit User Sessions...
         Starting The Apache HTTP Server...
[[0;32m  OK  [0m] Started LSB: Advanced IEEE 802.11 management daemon.
[[0;32m  OK  [0m] Started LSB: set CPUFreq kernel parameters.
[[0;32m  OK  [0m] Started Permit User Sessions.
[[0;32m  OK  [0m] Started Getty on tty1.
[[0;32m  OK  [0m] Started Serial Getty on ttyS0.
[[0;32m  OK  [0m] Reached target Login Prompts.
         Stopping LSB: Start busybox udhcpd at boot time...
[[0;32m  OK  [0m] Stopped LSB: Start busybox udhcpd at boot time.
[[0;32m  OK  [0m] Started OpenBSD Secure Shell server.
         Starting dnsmasq - A lightweight DHCP and caching DNS server...
[[0;32m  OK  [0m] Started The Apache HTTP Server.
[[0;32m  OK  [0m] Started dnsmasq - A lightweight DHCP and caching DNS server.
[[0;32m  OK  [0m] Reached target Host and Network Name Lookups.
[[0;32m  OK  [0m] Started Serial Getty on ttyGS0.
[[0;32m  OK  [0m] Started Generic Board Startup.
[[0;32m  OK  [0m] Reached target Multi-User System.
[[0;32m  OK  [0m] Reached target Graphical Interface.
         Starting Update UTMP about System Runlevel Changes...
[[0;32m  OK  [0m] Started Update UTMP about System Runlevel Changes.

Debian GNU/Linux 9 arm ttyS0

default username:password is [debian:temppwd]

arm login: root
Password: 
Last login: Sat Dec  9 19:10:28 UTC 2017 on ttyS0
root
Linux arm 6.6.77 #1 SMP Tue Feb 11 11:15:10 EET 2025 armv7l

The programs included with the Debian GNU/Linux system are free software;
the exact distribution terms for each program are described in the
individual files in /usr/share/doc/*/copyright.

Debian GNU/Linux comes with ABSOLUTELY NO WARRANTY, to the extent
permitted by applicable law.
root@arm:~# root
-bash: root: command not found
root@arm:~# dmesg -n 1
root@arm:~# echo 'BGCZ''YESPNS'
BGCZYESPNS
root@arm:~# run() { echo -n "$MARKER"; sh -c "$@"; echo "$MARKER $?"; }
root@arm:~# echo 'TZSZ''JTWHHM'
TZSZJTWHHM
root@arm:~# MARKER='VZTE''JGAMOU' run 'cat /proc/version'
VZTEJGAMOULinux version 6.6.77 (user01@drvtest01) (arm-none-eabi-gcc (Arm GNU Toolchain 14.2.Rel1 (Build arm-14.52)) 14.2.1 20241119, GNU ld (Arm GNU Toolchain 14.2.Rel1 (Build arm-14.52)) 2.43.1.20241119) #1 SMP Tue Feb 11 11:15:10 EET 2025
VZTEJGAMOU 0
root@arm:~# echo 'PXPE''AJKAVZ'
PXPEAJKAVZ
root@arm:~# MARKER='WFHH''KWYVFJ' run false
WFHHKWYVFJWFHHKWYVFJ 1
root@arm:~# Labgrid Console Logfile for main
Logfile started at 2025-02-11 11:17:49.846114
=== Log starts here ===

root@arm:~# run() { echo -n "$MARKER"; sh -c "$@"; echo "$MARKER $?"; }
root@arm:~# echo 'UHYJ''JMGLGA'
UHYJJMGLGA
root@arm:~# MARKER='FVZK''QCEOQP' run 'ls /iio_generic_buffer; echo $?'
FVZKQCEOQP/iio_generic_buffer
0
FVZKQCEOQP 0
root@arm:~# Labgrid Console Logfile for main
Logfile started at 2025-02-11 11:17:53.284958
=== Log starts here ===

root@arm:~# run() { echo -n "$MARKER"; sh -c "$@"; echo "$MARKER $?"; }
root@arm:~# echo 'JANB''FOXTWF'
JANBFOXTWF
root@arm:~# MARKER='KJFY''YYVAZA' run dmesg
KJFYYYVAZA[    0.000000] Booting Linux on physical CPU 0x0
[    0.000000] Linux version 6.6.77 (user01@drvtest01) (arm-none-eabi-gcc (Arm GNU Toolchain 14.2.Rel1 (Build arm-14.52)) 14.2.1 20241119, GNU ld (Arm GNU Toolchain 14.2.Rel1 (Build arm-14.52)) 2.43.1.20241119) #1 SMP Tue Feb 11 11:15:10 EET 2025
[    0.000000] CPU: ARMv7 Processor [413fc082] revision 2 (ARMv7), cr=10c5387d
[    0.000000] CPU: PIPT / VIPT nonaliasing data cache, VIPT aliasing instruction cache
[    0.000000] OF: fdt: Machine model: TI AM335x BeagleBone Black
[    0.000000] Memory policy: Data cache writeback
[    0.000000] cma: Reserved 16 MiB at 0x9e800000 on node -1
[    0.000000] Zone ranges:
[    0.000000]   Normal   [mem 0x0000000080000000-0x000000009fdfffff]
[    0.000000]   HighMem  empty
[    0.000000] Movable zone start for each node
[    0.000000] Early memory node ranges
[    0.000000]   node   0: [mem 0x0000000080000000-0x000000009fdfffff]
[    0.000000] Initmem setup node 0 [mem 0x0000000080000000-0x000000009fdfffff]
[    0.000000] CPU: All CPU(s) started in SVC mode.
[    0.000000] AM335X ES2.1 (sgx neon)
[    0.000000] percpu: Embedded 16 pages/cpu s36052 r8192 d21292 u65536
[    0.000000] pcpu-alloc: s36052 r8192 d21292 u65536 alloc=16*4096
[    0.000000] pcpu-alloc: [0] 0 
[    0.000000] Kernel command line: console=ttyO0,115200n8 root=/dev/nfs rw nfsroot=192.168.255.126:/home/user01/nfs,nfsvers=3 ip=192.168.255.1:192.168.255.126::255.255.255.0:bbb1:eth0 nfsrootdebug
[    0.000000] Unknown kernel command line parameters "nfsrootdebug", will be passed to user space.
[    0.000000] Dentry cache hash table entries: 65536 (order: 6, 262144 bytes, linear)
[    0.000000] Inode-cache hash table entries: 32768 (order: 5, 131072 bytes, linear)
[    0.000000] Built 1 zonelists, mobility grouping on.  Total pages: 129412
[    0.000000] mem auto-init: stack:off, heap alloc:off, heap free:off
[    0.000000] Memory: 483604K/522240K available (11264K kernel code, 1164K rwdata, 2700K rodata, 1024K init, 283K bss, 22252K reserved, 16384K cma-reserved, 0K highmem)
[    0.000000] SLUB: HWalign=64, Order=0-3, MinObjects=0, CPUs=1, Nodes=1
[    0.000000] rcu: Hierarchical RCU implementation.
[    0.000000] rcu: 	RCU event tracing is enabled.
[    0.000000] rcu: 	RCU restricting CPUs from NR_CPUS=2 to nr_cpu_ids=1.
[    0.000000] rcu: RCU calculated value of scheduler-enlistment delay is 10 jiffies.
[    0.000000] rcu: Adjusting geometry for rcu_fanout_leaf=16, nr_cpu_ids=1
[    0.000000] NR_IRQS: 16, nr_irqs: 16, preallocated irqs: 16
[    0.000000] IRQ: Found an INTC at 0x(ptrval) (revision 5.0) with 128 interrupts
[    0.000000] rcu: srcu_init: Setting srcu_struct sizes based on contention.
[    0.000000] TI gptimer clocksource: always-on /ocp/interconnect@44c00000/segment@200000/target-module@31000
[    0.000003] sched_clock: 32 bits at 24MHz, resolution 41ns, wraps every 89478484971ns
[    0.000030] clocksource: dmtimer: mask: 0xffffffff max_cycles: 0xffffffff, max_idle_ns: 79635851949 ns
[    0.000507] TI gptimer clockevent: 24000000 Hz at /ocp/interconnect@48000000/segment@0/target-module@40000
[    0.002058] Console: colour dummy device 80x30
[    0.002107] WARNING: Your 'console=ttyO0' has been replaced by 'ttyS0'
[    0.002114] This ensures that you still see kernel messages. Please
[    0.002119] update your kernel commandline.
[    0.002159] Calibrating delay loop... 996.14 BogoMIPS (lpj=4980736)
[    0.090558] CPU: Testing write buffer coherency: ok
[    0.090662] CPU0: Spectre v2: using BPIALL workaround
[    0.090672] pid_max: default: 32768 minimum: 301
[    0.090788] LSM: initializing lsm=capability,integrity
[    0.090957] Mount-cache hash table entries: 1024 (order: 0, 4096 bytes, linear)
[    0.090977] Mountpoint-cache hash table entries: 1024 (order: 0, 4096 bytes, linear)
[    0.092427] CPU0: thread -1, cpu 0, socket -1, mpidr 0
[    0.094013] Setting up static identity map for 0x80100000 - 0x80100078
[    0.094293] rcu: Hierarchical SRCU implementation.
[    0.094304] rcu: 	Max phase no-delay instances is 1000.
[    0.095675] smp: Bringing up secondary CPUs ...
[    0.095729] smp: Brought up 1 node, 1 CPU
[    0.095743] SMP: Total of 1 processors activated (996.14 BogoMIPS).
[    0.095754] CPU: All CPU(s) started in SVC mode.
[    0.096622] devtmpfs: initialized
[    0.112990] VFP support v0.3: implementor 41 architecture 3 part 30 variant c rev 3
[    0.113329] clocksource: jiffies: mask: 0xffffffff max_cycles: 0xffffffff, max_idle_ns: 19112604462750000 ns
[    0.113361] futex hash table entries: 256 (order: 2, 16384 bytes, linear)
[    0.114670] pinctrl core: initialized pinctrl subsystem
[    0.117268] NET: Registered PF_NETLINK/PF_ROUTE protocol family
[    0.119794] DMA: preallocated 256 KiB pool for atomic coherent allocations
[    0.120397] audit: initializing netlink subsys (disabled)
[    0.121898] thermal_sys: Registered thermal governor 'fair_share'
[    0.121919] thermal_sys: Registered thermal governor 'step_wise'
[    0.121924] thermal_sys: Registered thermal governor 'user_space'
[    0.122029] audit: type=2000 audit(0.120:1): state=initialized audit_enabled=0 res=1
[    0.122108] cpuidle: using governor menu
[    0.138487] /ocp/interconnect@44c00000/segment@200000/target-module@b000/i2c@0/tda19988@70: Fixed dependency cycle(s) with /ocp/interconnect@48000000/segment@300000/target-module@e000/lcdc@0
[    0.139556] /ocp/interconnect@48000000/segment@300000/target-module@e000/lcdc@0: Fixed dependency cycle(s) with /ocp/interconnect@44c00000/segment@200000/target-module@b000/i2c@0/tda19988@70
[    0.141799] No ATAGs?
[    0.141817] hw-breakpoint: debug architecture 0x4 unsupported.
[    0.144814] kprobes: kprobe jump-optimization is enabled. All kprobes are optimized if possible.
[    0.154147] iommu: Default domain type: Translated
[    0.154165] iommu: DMA domain TLB invalidation policy: strict mode
[    0.155605] SCSI subsystem initialized
[    0.161149] reg-fixed-voltage fixedregulator0: using DT '/fixedregulator0' for '(null)' GPIO lookup
[    0.161204] of_get_named_gpiod_flags: can't parse 'gpios' property of node '/fixedregulator0[0]'
[    0.161234] of_get_named_gpiod_flags: can't parse 'gpio' property of node '/fixedregulator0[0]'
[    0.161250] reg-fixed-voltage fixedregulator0: using lookup tables for GPIO lookup
[    0.161261] reg-fixed-voltage fixedregulator0: No GPIO consumer (null) found
[    0.161801] libata version 3.00 loaded.
[    0.162166] pps_core: LinuxPPS API ver. 1 registered
[    0.162177] pps_core: Software ver. 5.3.6 - Copyright 2005-2007 Rodolfo Giometti <giometti@linux.it>
[    0.162201] PTP clock support registered
[    0.170841] vgaarb: loaded
[    0.171169] clocksource: Switched to clocksource dmtimer
[    0.171788] VFS: Disk quotas dquot_6.6.0
[    0.171847] VFS: Dquot-cache hash table entries: 1024 (order 0, 4096 bytes)
[    0.193307] NET: Registered PF_INET protocol family
[    0.193641] IP idents hash table entries: 8192 (order: 4, 65536 bytes, linear)
[    0.194977] tcp_listen_portaddr_hash hash table entries: 512 (order: 0, 4096 bytes, linear)
[    0.195013] Table-perturb hash table entries: 65536 (order: 6, 262144 bytes, linear)
[    0.195030] TCP established hash table entries: 4096 (order: 2, 16384 bytes, linear)
[    0.195072] TCP bind hash table entries: 4096 (order: 4, 65536 bytes, linear)
[    0.195171] TCP: Hash tables configured (established 4096 bind 4096)
[    0.195300] UDP hash table entries: 256 (order: 1, 8192 bytes, linear)
[    0.195328] UDP-Lite hash table entries: 256 (order: 1, 8192 bytes, linear)
[    0.195504] NET: Registered PF_UNIX/PF_LOCAL protocol family
[    0.202236] RPC: Registered named UNIX socket transport module.
[    0.202260] RPC: Registered udp transport module.
[    0.202266] RPC: Registered tcp transport module.
[    0.202271] RPC: Registered tcp-with-tls transport module.
[    0.202276] RPC: Registered tcp NFSv4.1 backchannel transport module.
[    0.202304] PCI: CLS 0 bytes, default 64
[    0.203858] Initialise system trusted keyrings
[    0.212050] workingset: timestamp_bits=14 max_order=17 bucket_order=3
[    0.213267] NFS: Registering the id_resolver key type
[    0.213350] Key type id_resolver registered
[    0.213358] Key type id_legacy registered
[    0.213411] jffs2: version 2.2. (NAND) (SUMMARY)  Â© 2001-2006 Red Hat, Inc.
[    0.213807] Key type asymmetric registered
[    0.213823] Asymmetric key parser 'x509' registered
[    0.213894] io scheduler mq-deadline registered
[    0.213905] io scheduler kyber registered
[    0.213973] io scheduler bfq registered
[    0.234103] Serial: 8250/16550 driver, 6 ports, IRQ sharing enabled
[    0.279131] brd: module loaded
[    0.307246] loop: module loaded
[    0.308156] mtdoops: mtd device (mtddev=name/number) must be supplied
[    0.309608] mdio_bus fixed-0: using lookup tables for GPIO lookup
[    0.309632] mdio_bus fixed-0: No GPIO consumer reset found
[    0.310833] i2c_dev: i2c /dev entries driver
[    0.311942] cpuidle: enable-method property 'ti,am3352' found operations
[    0.312390] sdhci: Secure Digital Host Controller Interface driver
[    0.312401] sdhci: Copyright(c) Pierre Ossman
[    0.312574] sdhci-pltfm: SDHCI platform and OF driver helper
[    0.312819] ledtrig-cpu: registered to indicate activity on CPUs
[    0.313564] Initializing XFRM netlink socket
[    0.313713] NET: Registered PF_INET6 protocol family
[    0.315370] Segment Routing with IPv6
[    0.315441] In-situ OAM (IOAM) with IPv6
[    0.315541] sit: IPv6, IPv4 and MPLS over IPv4 tunneling driver
[    0.316488] NET: Registered PF_PACKET protocol family
[    0.316523] NET: Registered PF_KEY protocol family
[    0.316644] Key type dns_resolver registered
[    0.316865] ThumbEE CPU extension supported.
[    0.316884] Registering SWP/SWPB emulation handler
[    0.317393] omap_voltage_late_init: Voltage driver support not added
[    0.317731] SmartReflex Class3 initialized
[    0.341736] Loading compiled-in X.509 certificates
[    0.400793] /ocp/interconnect@44c00000/segment@200000/target-module@b000/i2c@0/tda19988@70: Fixed dependency cycle(s) with /ocp/interconnect@48000000/segment@300000/target-module@e000/lcdc@0
[    0.407051] /ocp/interconnect@44c00000/segment@200000/target-module@b000/i2c@0/tda19988@70: Fixed dependency cycle(s) with /ocp/interconnect@48000000/segment@300000/target-module@e000/lcdc@0
[    0.412598] gpiochip_find_base: found new base at 512
[    0.415074] /ocp/interconnect@44c00000/segment@200000/target-module@b000/i2c@0/tda19988@70: Fixed dependency cycle(s) with /ocp/interconnect@48000000/segment@300000/target-module@e000/lcdc@0
[    0.415890] /ocp/interconnect@44c00000/segment@200000/target-module@b000/i2c@0/tda19988@70: Fixed dependency cycle(s) with /ocp/interconnect@48000000/segment@300000/target-module@e000/lcdc@0
[    0.419135] /ocp/interconnect@44c00000/segment@200000/target-module@10000/scm@0/pinmux@800: Fixed dependency cycle(s) with /ocp/interconnect@44c00000/segment@200000/target-module@10000/scm@0/pinmux@800/clkout2-pins
[    0.419718] pinctrl-single 44e10800.pinmux: 142 pins, size 568
[    0.424943] ti-sysc: probe of 44e31000.target-module failed with error -16
[    0.462683] /ocp/interconnect@48000000/segment@300000/target-module@e000/lcdc@0: Fixed dependency cycle(s) with /ocp/interconnect@44c00000/segment@200000/target-module@b000/i2c@0/tda19988@70
[    0.470258] ti-sysc: probe of 48040000.target-module failed with error -16
[    0.481374] gpiochip_find_base: found new base at 512
[    0.481441] gpio gpiochip0: (gpio-0-31): created GPIO range 0->7 ==> 44e10800.pinmux PIN 0->7
[    0.481459] gpio gpiochip0: (gpio-0-31): created GPIO range 8->11 ==> 44e10800.pinmux PIN 90->93
[    0.481475] gpio gpiochip0: (gpio-0-31): created GPIO range 12->27 ==> 44e10800.pinmux PIN 12->27
[    0.481490] gpio gpiochip0: (gpio-0-31): created GPIO range 28->31 ==> 44e10800.pinmux PIN 30->33
[    0.516344] gpio gpiochip0: (gpio-0-31): added GPIO chardev (254:0)
[    0.516526] gpio gpiochip0: registered GPIOs 512 to 543 on gpio-0-31
[    0.516613] OMAP GPIO hardware version 0.1
[    0.555752] i2c i2c-2: using DT '/ocp/interconnect@48000000/segment@100000/target-module@9c000/i2c@0' for 'scl' GPIO lookup
[    0.555825] of_get_named_gpiod_flags: can't parse 'scl-gpios' property of node '/ocp/interconnect@48000000/segment@100000/target-module@9c000/i2c@0[0]'
[    0.555869] of_get_named_gpiod_flags: can't parse 'scl-gpio' property of node '/ocp/interconnect@48000000/segment@100000/target-module@9c000/i2c@0[0]'
[    0.555905] i2c i2c-2: using lookup tables for GPIO lookup
[    0.555915] i2c i2c-2: No GPIO consumer scl found
[    0.555935] i2c i2c-2: using DT '/ocp/interconnect@48000000/segment@100000/target-module@9c000/i2c@0' for 'sda' GPIO lookup
[    0.555971] of_get_named_gpiod_flags: can't parse 'sda-gpios' property of node '/ocp/interconnect@48000000/segment@100000/target-module@9c000/i2c@0[0]'
[    0.556008] of_get_named_gpiod_flags: can't parse 'sda-gpio' property of node '/ocp/interconnect@48000000/segment@100000/target-module@9c000/i2c@0[0]'
[    0.556039] i2c i2c-2: using lookup tables for GPIO lookup
[    0.556047] i2c i2c-2: No GPIO consumer sda found
[    0.556749] omap_i2c 4819c000.i2c: bus 2 rev0.11 at 100 kHz
[    0.562239] gpiochip_find_base: found new base at 544
[    0.562298] gpio gpiochip1: (gpio-32-63): created GPIO range 0->17 ==> 44e10800.pinmux PIN 34->51
[    0.562315] gpio gpiochip1: (gpio-32-63): created GPIO range 18->21 ==> 44e10800.pinmux PIN 77->80
[    0.562330] gpio gpiochip1: (gpio-32-63): created GPIO range 22->31 ==> 44e10800.pinmux PIN 56->65
[    0.563049] gpio gpiochip1: (gpio-32-63): added GPIO chardev (254:1)
[    0.563182] gpio gpiochip1: registered GPIOs 544 to 575 on gpio-32-63
[    0.565300] gpiochip_find_base: found new base at 576
[    0.565353] gpio gpiochip2: (gpio-64-95): created GPIO range 0->4 ==> 44e10800.pinmux PIN 66->70
[    0.565372] gpio gpiochip2: (gpio-64-95): created GPIO range 5->6 ==> 44e10800.pinmux PIN 98->99
[    0.565387] gpio gpiochip2: (gpio-64-95): created GPIO range 7->8 ==> 44e10800.pinmux PIN 75->76
[    0.565401] gpio gpiochip2: (gpio-64-95): created GPIO range 13->13 ==> 44e10800.pinmux PIN 141->141
[    0.565418] gpio gpiochip2: (gpio-64-95): created GPIO range 14->21 ==> 44e10800.pinmux PIN 100->107
[    0.572666] gpio gpiochip2: (gpio-64-95): added GPIO chardev (254:2)
[    0.572808] gpio gpiochip2: registered GPIOs 576 to 607 on gpio-64-95
[    0.578957] /ocp/interconnect@48000000/segment@300000/target-module@e000/lcdc@0: Fixed dependency cycle(s) with /ocp/interconnect@44c00000/segment@200000/target-module@b000/i2c@0/tda19988@70
[    0.581905] /ocp/interconnect@48000000/segment@300000/target-module@e000/lcdc@0: Fixed dependency cycle(s) with /ocp/interconnect@44c00000/segment@200000/target-module@b000/i2c@0/tda19988@70
[    0.582647] /ocp/interconnect@44c00000/segment@200000/target-module@b000/i2c@0/tda19988@70: Fixed dependency cycle(s) with /ocp/interconnect@48000000/segment@300000/target-module@e000/lcdc@0
[    0.582807] /ocp/interconnect@48000000/segment@300000/target-module@e000/lcdc@0: Fixed dependency cycle(s) with /ocp/interconnect@44c00000/segment@200000/target-module@b000/i2c@0/tda19988@70
[    0.592142] mdio_bus 4a101000.mdio: using DT '/ocp/interconnect@4a000000/segment@0/target-module@100000/switch@0/mdio@1000' for 'reset' GPIO lookup
[    0.592214] of_get_named_gpiod_flags: can't parse 'reset-gpios' property of node '/ocp/interconnect@4a000000/segment@0/target-module@100000/switch@0/mdio@1000[0]'
[    0.592262] of_get_named_gpiod_flags: can't parse 'reset-gpio' property of node '/ocp/interconnect@4a000000/segment@0/target-module@100000/switch@0/mdio@1000[0]'
[    0.592309] mdio_bus 4a101000.mdio: using lookup tables for GPIO lookup
[    0.592319] mdio_bus 4a101000.mdio: No GPIO consumer reset found
[    0.594119] sdhci-omap 481d8000.mmc: using DT '/ocp/interconnect@48000000/segment@100000/target-module@d8000/mmc@0' for 'wp' GPIO lookup
[    0.594189] of_get_named_gpiod_flags: can't parse 'wp-gpios' property of node '/ocp/interconnect@48000000/segment@100000/target-module@d8000/mmc@0[0]'
[    0.594234] of_get_named_gpiod_flags: can't parse 'wp-gpio' property of node '/ocp/interconnect@48000000/segment@100000/target-module@d8000/mmc@0[0]'
[    0.594269] sdhci-omap 481d8000.mmc: using lookup tables for GPIO lookup
[    0.594279] sdhci-omap 481d8000.mmc: No GPIO consumer wp found
[    0.594466] sdhci-omap 481d8000.mmc: supply pbias not found, using dummy regulator
[    0.594932] sdhci-omap 481d8000.mmc: supply vqmmc not found, using dummy regulator
[    0.674471] davinci_mdio 4a101000.mdio: davinci mdio revision 1.6, bus freq 1000000
[    0.695283] mdio_bus 4a101000.mdio:00: using DT '/ocp/interconnect@4a000000/segment@0/target-module@100000/switch@0/mdio@1000/ethernet-phy@0' for 'reset' GPIO lookup
[    0.695386] of_get_named_gpiod_flags: parsed 'reset-gpios' property of node '/ocp/interconnect@4a000000/segment@0/target-module@100000/switch@0/mdio@1000/ethernet-phy@0[0]' - status (0)
[    0.695546] gpio gpiochip0: Persistence not supported for GPIO 8
[    0.794768] davinci_mdio 4a101000.mdio: phy[0]: device 4a101000.mdio:00, driver SMSC LAN8710/LAN8720
[    0.795403] cpsw-switch 4a100000.switch: initialized cpsw ale version 1.4
[    0.795423] cpsw-switch 4a100000.switch: ALE Table size 1024
[    0.795564] cpsw-switch 4a100000.switch: cpts: overflow check period 500 (jiffies)
[    0.795579] cpsw-switch 4a100000.switch: CPTS: ref_clk_freq:250000000 calc_mult:2147483648 calc_shift:29 error:0 nsec/sec
[    0.795685] cpsw-switch 4a100000.switch: Detected MACID = 6c:ec:eb:68:de:78
[    0.797442] cpsw-switch 4a100000.switch: initialized (regs 0x4a100000, pool size 256) hw_ver:0019010C 1.12 (0)
[    0.808137] debugfs: Directory '49000000.dma' with parent 'dmaengine' already present!
[    0.808179] edma 49000000.dma: TI EDMA DMA engine driver
[    0.862199] hw perfevents: enabled with armv7_cortex_a8 PMU driver, 5 counters available
[    0.863076] gpio-clk clk_mcasp0: using DT '/clk_mcasp0' for 'enable' GPIO lookup
[    0.863154] of_get_named_gpiod_flags: parsed 'enable-gpios' property of node '/clk_mcasp0[0]' - status (0)
[    0.863196] gpio gpiochip0: Persistence not supported for GPIO 27
[    0.863998] gpiochip_find_base: found new base at 608
[    0.864056] gpio gpiochip3: (gpio-96-127): created GPIO range 0->7 ==> 44e10800.pinmux PIN 82->89
[    0.864075] gpio gpiochip3: (gpio-96-127): created GPIO range 8->11 ==> 44e10800.pinmux PIN 52->55
[    0.864091] gpio gpiochip3: (gpio-96-127): created GPIO range 12->15 ==> 44e10800.pinmux PIN 94->97
[    0.864106] gpio gpiochip3: (gpio-96-127): created GPIO range 16->17 ==> 44e10800.pinmux PIN 71->72
[    0.864122] gpio gpiochip3: (gpio-96-127): created GPIO range 18->18 ==> 44e10800.pinmux PIN 135->135
[    0.864138] gpio gpiochip3: (gpio-96-127): created GPIO range 19->20 ==> 44e10800.pinmux PIN 108->109
[    0.864154] gpio gpiochip3: (gpio-96-127): created GPIO range 21->21 ==> 44e10800.pinmux PIN 73->73
[    0.864171] gpio gpiochip3: (gpio-96-127): created GPIO range 22->23 ==> 44e10800.pinmux PIN 8->9
[    0.864188] gpio gpiochip3: (gpio-96-127): created GPIO range 26->27 ==> 44e10800.pinmux PIN 10->11
[    0.864206] gpio gpiochip3: (gpio-96-127): created GPIO range 28->28 ==> 44e10800.pinmux PIN 74->74
[    0.864223] gpio gpiochip3: (gpio-96-127): created GPIO range 29->29 ==> 44e10800.pinmux PIN 81->81
[    0.864241] gpio gpiochip3: (gpio-96-127): created GPIO range 30->31 ==> 44e10800.pinmux PIN 28->29
[    0.869748] l3-aon-clkctrl:0000:0: failed to disable
[    0.874677] gpio gpiochip3: (gpio-96-127): added GPIO chardev (254:3)
[    0.874822] gpio gpiochip3: registered GPIOs 608 to 639 on gpio-96-127
[    0.881773] omap8250 44e09000.serial: using DT '/ocp/interconnect@44c00000/segment@200000/target-module@9000/serial@0' for 'rs485-term' GPIO lookup
[    0.881845] of_get_named_gpiod_flags: can't parse 'rs485-term-gpios' property of node '/ocp/interconnect@44c00000/segment@200000/target-module@9000/serial@0[0]'
[    0.881892] of_get_named_gpiod_flags: can't parse 'rs485-term-gpio' property of node '/ocp/interconnect@44c00000/segment@200000/target-module@9000/serial@0[0]'
[    0.881928] omap8250 44e09000.serial: using lookup tables for GPIO lookup
[    0.881938] omap8250 44e09000.serial: No GPIO consumer rs485-term found
[    0.881947] omap8250 44e09000.serial: using DT '/ocp/interconnect@44c00000/segment@200000/target-module@9000/serial@0' for 'rs485-rx-during-tx' GPIO lookup
[    0.881983] of_get_named_gpiod_flags: can't parse 'rs485-rx-during-tx-gpios' property of node '/ocp/interconnect@44c00000/segment@200000/target-module@9000/serial@0[0]'
[    0.882022] of_get_named_gpiod_flags: can't parse 'rs485-rx-during-tx-gpio' property of node '/ocp/interconnect@44c00000/segment@200000/target-module@9000/serial@0[0]'
[    0.882054] omap8250 44e09000.serial: using lookup tables for GPIO lookup
[    0.882062] omap8250 44e09000.serial: No GPIO consumer rs485-rx-during-tx found
[    0.882425] 44e09000.serial: ttyS0 at MMIO 0x44e09000 (irq = 34, base_baud = 3000000) is a 8250
[    0.882511] printk: console [ttyS0] enabled
[    2.147319] i2c i2c-0: using DT '/ocp/interconnect@44c00000/segment@200000/target-module@b000/i2c@0' for 'scl' GPIO lookup
[    2.147403] of_get_named_gpiod_flags: can't parse 'scl-gpios' property of node '/ocp/interconnect@44c00000/segment@200000/target-module@b000/i2c@0[0]'
[    2.147449] of_get_named_gpiod_flags: can't parse 'scl-gpio' property of node '/ocp/interconnect@44c00000/segment@200000/target-module@b000/i2c@0[0]'
[    2.147486] i2c i2c-0: using lookup tables for GPIO lookup
[    2.147498] i2c i2c-0: No GPIO consumer scl found
[    2.147521] i2c i2c-0: using DT '/ocp/interconnect@44c00000/segment@200000/target-module@b000/i2c@0' for 'sda' GPIO lookup
[    2.147559] of_get_named_gpiod_flags: can't parse 'sda-gpios' property of node '/ocp/interconnect@44c00000/segment@200000/target-module@b000/i2c@0[0]'
[    2.147598] of_get_named_gpiod_flags: can't parse 'sda-gpio' property of node '/ocp/interconnect@44c00000/segment@200000/target-module@b000/i2c@0[0]'
[    2.147633] i2c i2c-0: using lookup tables for GPIO lookup
[    2.147642] i2c i2c-0: No GPIO consumer sda found
[    2.172044] tps65217-pmic: Failed to locate of_node [id: -1]
[    2.178100] tps65217-bl: Failed to locate of_node [id: -1]
[    2.189084] tps65217 0-0024: TPS65217 ID 0xe version 1.2
[    2.195193] /ocp/interconnect@48000000/segment@300000/target-module@e000/lcdc@0: Fixed dependency cycle(s) with /ocp/interconnect@44c00000/segment@200000/target-module@b000/i2c@0/tda19988@70
[    2.212541] /ocp/interconnect@44c00000/segment@200000/target-module@b000/i2c@0/tda19988@70: Fixed dependency cycle(s) with /ocp/interconnect@48000000/segment@300000/target-module@e000/lcdc@0
[    2.229884] omap_i2c 44e0b000.i2c: bus 0 rev0.11 at 400 kHz
[    2.237579] sdhci-omap 48060000.mmc: using DT '/ocp/interconnect@48000000/segment@0/target-module@60000/mmc@0' for 'cd' GPIO lookup
[    2.237675] of_get_named_gpiod_flags: parsed 'cd-gpios' property of node '/ocp/interconnect@48000000/segment@0/target-module@60000/mmc@0[0]' - status (0)
[    2.237795] gpio gpiochip3: Persistence not supported for GPIO 6
[    2.237823] omap_gpio 44e07000.gpio: Could not set line 6 debounce to 200000 microseconds (-22)
[    2.246695] sdhci-omap 48060000.mmc: Got CD GPIO
[    2.251369] sdhci-omap 48060000.mmc: using DT '/ocp/interconnect@48000000/segment@0/target-module@60000/mmc@0' for 'wp' GPIO lookup
[    2.251418] of_get_named_gpiod_flags: can't parse 'wp-gpios' property of node '/ocp/interconnect@48000000/segment@0/target-module@60000/mmc@0[0]'
[    2.251465] of_get_named_gpiod_flags: can't parse 'wp-gpio' property of node '/ocp/interconnect@48000000/segment@0/target-module@60000/mmc@0[0]'
[    2.251505] sdhci-omap 48060000.mmc: using lookup tables for GPIO lookup
[    2.251517] sdhci-omap 48060000.mmc: No GPIO consumer wp found
[    2.251706] sdhci-omap 48060000.mmc: supply pbias not found, using dummy regulator
[    2.260669] sdhci-omap 481d8000.mmc: using DT '/ocp/interconnect@48000000/segment@100000/target-module@d8000/mmc@0' for 'wp' GPIO lookup
[    2.260744] of_get_named_gpiod_flags: can't parse 'wp-gpios' property of node '/ocp/interconnect@48000000/segment@100000/target-module@d8000/mmc@0[0]'
[    2.260792] of_get_named_gpiod_flags: can't parse 'wp-gpio' property of node '/ocp/interconnect@48000000/segment@100000/target-module@d8000/mmc@0[0]'
[    2.260829] sdhci-omap 481d8000.mmc: using lookup tables for GPIO lookup
[    2.260841] sdhci-omap 481d8000.mmc: No GPIO consumer wp found
[    2.261827] sdhci-omap 48060000.mmc: supply vqmmc not found, using dummy regulator
[    2.270551] sdhci-omap 481d8000.mmc: supply pbias not found, using dummy regulator
[    2.279456] sdhci-omap 481d8000.mmc: supply vqmmc not found, using dummy regulator
[    2.318613] mmc1: SDHCI controller on 481d8000.mmc [481d8000.mmc] using External DMA
[    2.327755] mmc0: SDHCI controller on 48060000.mmc [48060000.mmc] using External DMA
[    2.336428] cpsw-switch 4a100000.switch: starting ndev. mode: dual_mac
[    2.379690] mmc0: new high speed SDHC card at address 5048
[    2.386634] mmcblk0: mmc0:5048 SD16G 14.4 GiB
[    2.394426]  mmcblk0: p1 p2
[    2.397658] mmcblk0: p2 size 31221760 extends beyond EOD, truncated
[    2.412234] mmc1: new high speed MMC card at address 0001
[    2.418885] mmcblk1: mmc1:0001 MMC04G 3.60 GiB
[    2.425978]  mmcblk1: p1 p2
[    2.430140] mmcblk1boot0: mmc1:0001 MMC04G 2.00 MiB
[    2.437455] mmcblk1boot1: mmc1:0001 MMC04G 2.00 MiB
[    2.444436] mmcblk1rpmb: mmc1:0001 MMC04G 128 KiB, chardev (250:0)
[    2.451191] SMSC LAN8710/LAN8720 4a101000.mdio:00: attached PHY driver (mii_bus:phy_addr=4a101000.mdio:00, irq=POLL)
[    5.601900] cpsw-switch 4a100000.switch eth0: Link is Up - 100Mbps/Full - flow control off
[    5.641182] IP-Config: Complete:
[    5.644447]      device=eth0, hwaddr=6c:ec:eb:68:de:78, ipaddr=192.168.255.1, mask=255.255.255.0, gw=255.255.255.255
[    5.655058]      host=bbb1, domain=, nis-domain=(none)
[    5.660222]      bootserver=192.168.255.126, rootserver=192.168.255.126, rootpath=
[    5.660630] clk: Disabling unused clocks
[    5.672509] KTAP version 1
[    5.675235] 1..0
[    5.698777] VFS: Mounted root (nfs filesystem) on device 0:16.
[    5.705800] devtmpfs: mounted
[    5.710194] Freeing unused kernel image (initmem) memory: 1024K
[    5.716960] Run /sbin/init as init process
[    5.721089]   with arguments:
[    5.721100]     /sbin/init
[    5.721108]     nfsrootdebug
[    5.721116]   with environment:
[    5.721123]     HOME=/
[    5.721130]     TERM=linux
[    6.386211] systemd[1]: System time before build time, advancing clock.
[    7.851187] random: crng init done
[    7.913098] systemd[1]: systemd 232 running in system mode. (+PAM +AUDIT +SELINUX +IMA +APPARMOR +SMACK +SYSVINIT +UTMP +LIBCRYPTSETUP +GCRYPT +GNUTLS +ACL +XZ +LZ4 +SECCOMP +BLKID +ELFUTILS +KMOD +IDN)
[    7.932101] systemd[1]: Detected architecture arm.
[    7.974064] systemd[1]: Set hostname to <arm>.
[    9.031854] systemd[1]: Listening on Journal Socket (/dev/log).
[    9.071679] systemd[1]: Reached target Swap.
[    9.102144] systemd[1]: Listening on Journal Audit Socket.
[    9.142078] systemd[1]: Started Dispatch Password Requests to Console Directory Watch.
[    9.181928] systemd[1]: Listening on Journal Socket.
[    9.222701] systemd[1]: Created slice User and Session Slice.
[    9.261768] systemd[1]: Listening on udev Kernel Socket.
[   11.399999] systemd-journald[84]: Received request to flush runtime journal from PID 1
[   14.205232] leds-gpio leds: using DT '/leds/led2' for '(null)' GPIO lookup
[   14.205329] of_get_named_gpiod_flags: parsed 'gpios' property of node '/leds/led2[0]' - status (0)
[   14.205381] gpio gpiochip0: Persistence not supported for GPIO 21
[   14.205395] gpio-533 (?): no flags found for (null)
[   14.205694] leds-gpio leds: using DT '/leds/led3' for '(null)' GPIO lookup
[   14.205749] of_get_named_gpiod_flags: parsed 'gpios' property of node '/leds/led3[0]' - status (0)
[   14.205784] gpio gpiochip0: Persistence not supported for GPIO 22
[   14.205795] gpio-534 (?): no flags found for (null)
[   14.321548] leds-gpio leds: using DT '/leds/led4' for '(null)' GPIO lookup
[   14.321643] of_get_named_gpiod_flags: parsed 'gpios' property of node '/leds/led4[0]' - status (0)
[   14.321689] gpio gpiochip0: Persistence not supported for GPIO 23
[   14.321702] gpio-535 (?): no flags found for (null)
[   14.342085] leds-gpio leds: using DT '/leds/led5' for '(null)' GPIO lookup
[   14.342333] of_get_named_gpiod_flags: parsed 'gpios' property of node '/leds/led5[0]' - status (0)
[   14.342392] gpio gpiochip0: Persistence not supported for GPIO 24
[   14.342405] gpio-536 (?): no flags found for (null)
[   14.612667] remoteproc remoteproc0: wkup_m3 is available
[   14.866806] wkup_m3_ipc 44e11324.wkup_m3_ipc: IPC Request for A8->M3 Channel failed! -517
[   14.903106] omap_rtc 44e3e000.rtc: registered as rtc0
[   14.908281] omap_rtc 44e3e000.rtc: setting system clock to 2000-01-01T00:00:00 UTC (946684800)
[   14.917170] omap_rtc 44e3e000.rtc: using DT '/ocp/interconnect@44c00000/segment@200000/target-module@3e000/rtc@0' for 'wp' GPIO lookup
[   14.917244] of_get_named_gpiod_flags: can't parse 'wp-gpios' property of node '/ocp/interconnect@44c00000/segment@200000/target-module@3e000/rtc@0[0]'
[   14.917294] of_get_named_gpiod_flags: can't parse 'wp-gpio' property of node '/ocp/interconnect@44c00000/segment@200000/target-module@3e000/rtc@0[0]'
[   14.917332] omap_rtc 44e3e000.rtc: using lookup tables for GPIO lookup
[   14.917346] omap_rtc 44e3e000.rtc: No GPIO consumer wp found
[   14.927861] wkup_m3_ipc 44e11324.wkup_m3_ipc: IPC Request for A8->M3 Channel failed! -517
[   14.978855] at24 2-0054: supply vcc not found, using dummy regulator
[   15.111620] omap_wdt: OMAP Watchdog Timer Rev 0x01: initial timeout 60 sec
[   15.148867] wkup_m3_ipc 44e11324.wkup_m3_ipc: IPC Request for A8->M3 Channel failed! -517
[   15.172613] at24 2-0055: supply vcc not found, using dummy regulator
[   15.340897] at24 2-0056: supply vcc not found, using dummy regulator
[   15.440715] at24 2-0057: supply vcc not found, using dummy regulator
[   15.541441] at24 0-0050: using DT '/ocp/interconnect@44c00000/segment@200000/target-module@b000/i2c@0/baseboard_eeprom@50' for 'wp' GPIO lookup
[   15.541557] of_get_named_gpiod_flags: can't parse 'wp-gpios' property of node '/ocp/interconnect@44c00000/segment@200000/target-module@b000/i2c@0/baseboard_eeprom@50[0]'
[   15.541618] of_get_named_gpiod_flags: can't parse 'wp-gpio' property of node '/ocp/interconnect@44c00000/segment@200000/target-module@b000/i2c@0/baseboard_eeprom@50[0]'
[   15.541663] at24 0-0050: using lookup tables for GPIO lookup
[   15.541676] at24 0-0050: No GPIO consumer wp found
[   15.541958] at24 0-0050: 32768 byte 24c256 EEPROM, writable, 1 bytes/write
[   15.570948] wkup_m3_ipc 44e11324.wkup_m3_ipc: IPC Request for A8->M3 Channel failed! -517
[   15.651720] tps6521x_pwrbutton tps65217-pwrbutton: DMA mask not set
[   15.743855] input: tps65217_pwrbutton as /devices/platform/ocp/44c00000.interconnect/44c00000.interconnect:segment@200000/44e0b000.target-module/44e0b000.i2c/i2c-0/0-0024/tps65217-pwrbutton/input/input0
[   15.764042] wkup_m3_ipc 44e11324.wkup_m3_ipc: IPC Request for A8->M3 Channel failed! -517
[   15.852572] am335x-phy-driver 47401300.usb-phy: using DT '/ocp/target-module@47400000/usb-phy@1300' for 'reset' GPIO lookup
[   15.852663] of_get_named_gpiod_flags: can't parse 'reset-gpios' property of node '/ocp/target-module@47400000/usb-phy@1300[0]'
[   15.852709] of_get_named_gpiod_flags: can't parse 'reset-gpio' property of node '/ocp/target-module@47400000/usb-phy@1300[0]'
[   15.852746] am335x-phy-driver 47401300.usb-phy: using lookup tables for GPIO lookup
[   15.852758] am335x-phy-driver 47401300.usb-phy: No GPIO consumer reset found
[   15.852770] am335x-phy-driver 47401300.usb-phy: using DT '/ocp/target-module@47400000/usb-phy@1300' for 'vbus-detect' GPIO lookup
[   15.852801] of_get_named_gpiod_flags: can't parse 'vbus-detect-gpios' property of node '/ocp/target-module@47400000/usb-phy@1300[0]'
[   15.852832] of_get_named_gpiod_flags: can't parse 'vbus-detect-gpio' property of node '/ocp/target-module@47400000/usb-phy@1300[0]'
[   15.852857] am335x-phy-driver 47401300.usb-phy: using lookup tables for GPIO lookup
[   15.852867] am335x-phy-driver 47401300.usb-phy: No GPIO consumer vbus-detect found
[   15.853010] am335x-phy-driver 47401300.usb-phy: dummy supplies not allowed for exclusive requests
[   15.892625] wkup_m3_ipc 44e11324.wkup_m3_ipc: IPC Request for A8->M3 Channel failed! -517
[   16.016719] am335x-phy-driver 47401b00.usb-phy: using DT '/ocp/target-module@47400000/usb-phy@1b00' for 'reset' GPIO lookup
[   16.016806] of_get_named_gpiod_flags: can't parse 'reset-gpios' property of node '/ocp/target-module@47400000/usb-phy@1b00[0]'
[   16.016848] of_get_named_gpiod_flags: can't parse 'reset-gpio' property of node '/ocp/target-module@47400000/usb-phy@1b00[0]'
[   16.016884] am335x-phy-driver 47401b00.usb-phy: using lookup tables for GPIO lookup
[   16.016897] am335x-phy-driver 47401b00.usb-phy: No GPIO consumer reset found
[   16.016909] am335x-phy-driver 47401b00.usb-phy: using DT '/ocp/target-module@47400000/usb-phy@1b00' for 'vbus-detect' GPIO lookup
[   16.016939] of_get_named_gpiod_flags: can't parse 'vbus-detect-gpios' property of node '/ocp/target-module@47400000/usb-phy@1b00[0]'
[   16.016970] of_get_named_gpiod_flags: can't parse 'vbus-detect-gpio' property of node '/ocp/target-module@47400000/usb-phy@1b00[0]'
[   16.016994] am335x-phy-driver 47401b00.usb-phy: using lookup tables for GPIO lookup
[   16.017005] am335x-phy-driver 47401b00.usb-phy: No GPIO consumer vbus-detect found
[   16.017148] am335x-phy-driver 47401b00.usb-phy: dummy supplies not allowed for exclusive requests
[   16.029018] wkup_m3_ipc 44e11324.wkup_m3_ipc: IPC Request for A8->M3 Channel failed! -517
[   16.182248] wkup_m3_ipc 44e11324.wkup_m3_ipc: IPC Request for A8->M3 Channel failed! -517
[   16.406824] usbcore: registered new interface driver usbfs
[   16.412685] usbcore: registered new interface driver hub
[   16.418122] usbcore: registered new device driver usb
[   16.816246] tda998x 0-0070: found TDA19988
[   16.904749] wkup_m3_ipc 44e11324.wkup_m3_ipc: IPC Request for A8->M3 Channel failed! -517
[   16.986054] musb-hdrc musb-hdrc.1: MUSB HDRC host driver
[   16.991745] musb-hdrc musb-hdrc.1: new USB bus registered, assigned bus number 1
[   17.025391] wkup_m3_ipc 44e11324.wkup_m3_ipc: IPC Request for A8->M3 Channel failed! -517
[   17.142609] usb usb1: New USB device found, idVendor=1d6b, idProduct=0002, bcdDevice= 6.06
[   17.151239] usb usb1: New USB device strings: Mfr=3, Product=2, SerialNumber=1
[   17.158511] usb usb1: Product: MUSB HDRC host driver
[   17.163592] usb usb1: Manufacturer: Linux 6.6.77 musb-hcd
[   17.169022] usb usb1: SerialNumber: musb-hdrc.1
[   17.311888] hub 1-0:1.0: USB hub found
[   17.337883] hub 1-0:1.0: 1 port detected
[   17.387354] wkup_m3_ipc 44e11324.wkup_m3_ipc: IPC Request for A8->M3 Channel failed! -517
[   17.483979] wkup_m3_ipc 44e11324.wkup_m3_ipc: IPC Request for A8->M3 Channel failed! -517
[   17.631517] omap-mailbox 480c8000.mailbox: omap mailbox rev 0x400
[   17.680706] remoteproc remoteproc0: powering up wkup_m3
[   17.855664] remoteproc remoteproc0: Direct firmware load for am335x-pm-firmware.elf failed with error -2
[   17.865449] remoteproc remoteproc0: request_firmware failed: -2
[   17.871490] wkup_m3_ipc 44e11324.wkup_m3_ipc: rproc_boot failed
[   19.322644] omap_rng 48310000.rng: Random Number Generator ver. 20
[   19.331344] tilcdc 4830e000.lcdc: bound 0-0070 (ops tda998x_audio_codec_init [tda998x])
[   19.449207] [drm] Initialized tilcdc 1.0.0 20121205 for 4830e000.lcdc on minor 0
[   19.526439] tilcdc 4830e000.lcdc: [drm] Cannot find any crtc or sizes
[   19.534397] tilcdc 4830e000.lcdc: [drm] Cannot find any crtc or sizes
[   20.727021] omap-sham 53100000.sham: hw accel on OMAP rev 4.3
[   20.793011] PM: Cannot get wkup_m3_ipc handle
[   20.871899] omap-sham 53100000.sham: will run requests pump with realtime priority
[   20.882550] PM: Cannot get wkup_m3_ipc handle
[   21.074465] omap-aes 53500000.aes: OMAP AES hw accel rev: 3.2
[   21.272510] omap-aes 53500000.aes: will run requests pump with realtime priority
[   21.289290] PM: Cannot get wkup_m3_ipc handle
[   23.829956] Bluetooth: Core ver 2.22
[   23.833989] NET: Registered PF_BLUETOOTH protocol family
[   23.839337] Bluetooth: HCI device and connection manager initialized
[   23.845850] Bluetooth: HCI socket layer initialized
[   23.850763] Bluetooth: L2CAP socket layer initialized
[   23.855931] Bluetooth: SCO socket layer initialized
[   25.540962] PM: Cannot get wkup_m3_ipc handle
[   25.546976] asoc-simple-card sound: using DT '/sound' for 'simple-audio-card,hp-det' GPIO lookup
[   25.547058] of_get_named_gpiod_flags: can't parse 'simple-audio-card,hp-det-gpios' property of node '/sound[0]'
[   25.547093] of_get_named_gpiod_flags: can't parse 'simple-audio-card,hp-det-gpio' property of node '/sound[0]'
[   25.547115] asoc-simple-card sound: using lookup tables for GPIO lookup
[   25.547127] asoc-simple-card sound: No GPIO consumer simple-audio-card,hp-det found
[   25.547140] asoc-simple-card sound: using DT '/sound' for 'simple-audio-card,mic-det' GPIO lookup
[   25.547162] of_get_named_gpiod_flags: can't parse 'simple-audio-card,mic-det-gpios' property of node '/sound[0]'
[   25.547187] of_get_named_gpiod_flags: can't parse 'simple-audio-card,mic-det-gpio' property of node '/sound[0]'
[   25.547205] asoc-simple-card sound: using lookup tables for GPIO lookup
[   25.547215] asoc-simple-card sound: No GPIO consumer simple-audio-card,mic-det found
[   25.636385] PM: Cannot get wkup_m3_ipc handle
[   27.384021] userial_init: registered 8 ttyGS* devices
[   27.695526] rndis_register: configNr = 0
[   27.827060] udc musb-hdrc.0: binding gadget driver [g_multi]
[   27.827152] configfs-gadget.g_multi gadget.0: adding 'rndis'/7ec229dc to config 'c'/945565c1
[   27.828291] configfs-gadget.g_multi gadget.0: HOST MAC 1c:ba:8c:a2:ed:6c
[   27.835276] configfs-gadget.g_multi gadget.0: MAC 1c:ba:8c:a2:ed:70
[   27.841687] rndis_set_param_medium: 0 0
[   27.841706] configfs-gadget.g_multi gadget.0: RNDIS: IN/ep1in OUT/ep1out NOTIFY/ep2in
[   27.841722] configfs-gadget.g_multi gadget.0: adding 'cdc_ethernet'/55e75e5d to config 'c'/945565c1
[   27.842630] configfs-gadget.g_multi gadget.0: HOST MAC 1c:ba:8c:a2:ed:6c
[   27.849392] configfs-gadget.g_multi gadget.0: MAC 1c:ba:8c:a2:ed:6d
[   27.855839] configfs-gadget.g_multi gadget.0: CDC Ethernet: IN/ep3in OUT/ep2out NOTIFY/ep4in
[   27.855858] configfs-gadget.g_multi gadget.0: adding 'acm'/a54ec783 to config 'c'/945565c1
[   27.855893] configfs-gadget.g_multi gadget.0: acm ttyGS0: IN/ep5in OUT/ep3out NOTIFY/ep6in
[   27.858715] PM: Cannot get wkup_m3_ipc handle
[   29.184980] configfs-gadget.g_multi gadget.0: eth_open
[   29.581944] configfs-gadget.g_multi gadget.0: stop stats: rx/tx 0/0, errs 0/0
[   34.545901] gs_open: ttyGS0 (7c0aab67,b3272b88)
[   34.546034] gs_close: ttyGS0 (7c0aab67,b3272b88) ...
[   34.546055] gs_close: ttyGS0 (7c0aab67,b3272b88) done!
[   34.561728] gs_open: ttyGS0 (7c0aab67,e8f17b9e)
[   34.561871] gs_close: ttyGS0 (7c0aab67,e8f17b9e) ...
[   34.561893] gs_close: ttyGS0 (7c0aab67,e8f17b9e) done!
[   34.743761] gs_open: ttyGS0 (2dd6b2a4,2ebcd961)
[   34.744086] gs_close: ttyGS0 (2dd6b2a4,2ebcd961) ...
[   34.744117] gs_close: ttyGS0 (2dd6b2a4,2ebcd961) done!
[   34.746569] gs_open: ttyGS0 (2dd6b2a4,c64a6897)
KJFYYYVAZA 0
root@arm:~# echo 'AOXG''MUAYZF'
AOXGMUAYZF
root@arm:~# MARKER='YHLE''MAJGOB' run 'modprobe test_linear_ranges'
YHLEMAJGOBYHLEMAJGOB 0
root@arm:~# echo 'JAYY''YHTYAN'
JAYYYHTYAN
root@arm:~# MARKER='YFAS''XBXKJY' run dmesg
YFASXBXKJY[    0.000000] Booting Linux on physical CPU 0x0
[    0.000000] Linux version 6.6.77 (user01@drvtest01) (arm-none-eabi-gcc (Arm GNU Toolchain 14.2.Rel1 (Build arm-14.52)) 14.2.1 20241119, GNU ld (Arm GNU Toolchain 14.2.Rel1 (Build arm-14.52)) 2.43.1.20241119) #1 SMP Tue Feb 11 11:15:10 EET 2025
[    0.000000] CPU: ARMv7 Processor [413fc082] revision 2 (ARMv7), cr=10c5387d
[    0.000000] CPU: PIPT / VIPT nonaliasing data cache, VIPT aliasing instruction cache
[    0.000000] OF: fdt: Machine model: TI AM335x BeagleBone Black
[    0.000000] Memory policy: Data cache writeback
[    0.000000] cma: Reserved 16 MiB at 0x9e800000 on node -1
[    0.000000] Zone ranges:
[    0.000000]   Normal   [mem 0x0000000080000000-0x000000009fdfffff]
[    0.000000]   HighMem  empty
[    0.000000] Movable zone start for each node
[    0.000000] Early memory node ranges
[    0.000000]   node   0: [mem 0x0000000080000000-0x000000009fdfffff]
[    0.000000] Initmem setup node 0 [mem 0x0000000080000000-0x000000009fdfffff]
[    0.000000] CPU: All CPU(s) started in SVC mode.
[    0.000000] AM335X ES2.1 (sgx neon)
[    0.000000] percpu: Embedded 16 pages/cpu s36052 r8192 d21292 u65536
[    0.000000] pcpu-alloc: s36052 r8192 d21292 u65536 alloc=16*4096
[    0.000000] pcpu-alloc: [0] 0 
[    0.000000] Kernel command line: console=ttyO0,115200n8 root=/dev/nfs rw nfsroot=192.168.255.126:/home/user01/nfs,nfsvers=3 ip=192.168.255.1:192.168.255.126::255.255.255.0:bbb1:eth0 nfsrootdebug
[    0.000000] Unknown kernel command line parameters "nfsrootdebug", will be passed to user space.
[    0.000000] Dentry cache hash table entries: 65536 (order: 6, 262144 bytes, linear)
[    0.000000] Inode-cache hash table entries: 32768 (order: 5, 131072 bytes, linear)
[    0.000000] Built 1 zonelists, mobility grouping on.  Total pages: 129412
[    0.000000] mem auto-init: stack:off, heap alloc:off, heap free:off
[    0.000000] Memory: 483604K/522240K available (11264K kernel code, 1164K rwdata, 2700K rodata, 1024K init, 283K bss, 22252K reserved, 16384K cma-reserved, 0K highmem)
[    0.000000] SLUB: HWalign=64, Order=0-3, MinObjects=0, CPUs=1, Nodes=1
[    0.000000] rcu: Hierarchical RCU implementation.
[    0.000000] rcu: 	RCU event tracing is enabled.
[    0.000000] rcu: 	RCU restricting CPUs from NR_CPUS=2 to nr_cpu_ids=1.
[    0.000000] rcu: RCU calculated value of scheduler-enlistment delay is 10 jiffies.
[    0.000000] rcu: Adjusting geometry for rcu_fanout_leaf=16, nr_cpu_ids=1
[    0.000000] NR_IRQS: 16, nr_irqs: 16, preallocated irqs: 16
[    0.000000] IRQ: Found an INTC at 0x(ptrval) (revision 5.0) with 128 interrupts
[    0.000000] rcu: srcu_init: Setting srcu_struct sizes based on contention.
[    0.000000] TI gptimer clocksource: always-on /ocp/interconnect@44c00000/segment@200000/target-module@31000
[    0.000003] sched_clock: 32 bits at 24MHz, resolution 41ns, wraps every 89478484971ns
[    0.000030] clocksource: dmtimer: mask: 0xffffffff max_cycles: 0xffffffff, max_idle_ns: 79635851949 ns
[    0.000507] TI gptimer clockevent: 24000000 Hz at /ocp/interconnect@48000000/segment@0/target-module@40000
[    0.002058] Console: colour dummy device 80x30
[    0.002107] WARNING: Your 'console=ttyO0' has been replaced by 'ttyS0'
[    0.002114] This ensures that you still see kernel messages. Please
[    0.002119] update your kernel commandline.
[    0.002159] Calibrating delay loop... 996.14 BogoMIPS (lpj=4980736)
[    0.090558] CPU: Testing write buffer coherency: ok
[    0.090662] CPU0: Spectre v2: using BPIALL workaround
[    0.090672] pid_max: default: 32768 minimum: 301
[    0.090788] LSM: initializing lsm=capability,integrity
[    0.090957] Mount-cache hash table entries: 1024 (order: 0, 4096 bytes, linear)
[    0.090977] Mountpoint-cache hash table entries: 1024 (order: 0, 4096 bytes, linear)
[    0.092427] CPU0: thread -1, cpu 0, socket -1, mpidr 0
[    0.094013] Setting up static identity map for 0x80100000 - 0x80100078
[    0.094293] rcu: Hierarchical SRCU implementation.
[    0.094304] rcu: 	Max phase no-delay instances is 1000.
[    0.095675] smp: Bringing up secondary CPUs ...
[    0.095729] smp: Brought up 1 node, 1 CPU
[    0.095743] SMP: Total of 1 processors activated (996.14 BogoMIPS).
[    0.095754] CPU: All CPU(s) started in SVC mode.
[    0.096622] devtmpfs: initialized
[    0.112990] VFP support v0.3: implementor 41 architecture 3 part 30 variant c rev 3
[    0.113329] clocksource: jiffies: mask: 0xffffffff max_cycles: 0xffffffff, max_idle_ns: 19112604462750000 ns
[    0.113361] futex hash table entries: 256 (order: 2, 16384 bytes, linear)
[    0.114670] pinctrl core: initialized pinctrl subsystem
[    0.117268] NET: Registered PF_NETLINK/PF_ROUTE protocol family
[    0.119794] DMA: preallocated 256 KiB pool for atomic coherent allocations
[    0.120397] audit: initializing netlink subsys (disabled)
[    0.121898] thermal_sys: Registered thermal governor 'fair_share'
[    0.121919] thermal_sys: Registered thermal governor 'step_wise'
[    0.121924] thermal_sys: Registered thermal governor 'user_space'
[    0.122029] audit: type=2000 audit(0.120:1): state=initialized audit_enabled=0 res=1
[    0.122108] cpuidle: using governor menu
[    0.138487] /ocp/interconnect@44c00000/segment@200000/target-module@b000/i2c@0/tda19988@70: Fixed dependency cycle(s) with /ocp/interconnect@48000000/segment@300000/target-module@e000/lcdc@0
[    0.139556] /ocp/interconnect@48000000/segment@300000/target-module@e000/lcdc@0: Fixed dependency cycle(s) with /ocp/interconnect@44c00000/segment@200000/target-module@b000/i2c@0/tda19988@70
[    0.141799] No ATAGs?
[    0.141817] hw-breakpoint: debug architecture 0x4 unsupported.
[    0.144814] kprobes: kprobe jump-optimization is enabled. All kprobes are optimized if possible.
[    0.154147] iommu: Default domain type: Translated
[    0.154165] iommu: DMA domain TLB invalidation policy: strict mode
[    0.155605] SCSI subsystem initialized
[    0.161149] reg-fixed-voltage fixedregulator0: using DT '/fixedregulator0' for '(null)' GPIO lookup
[    0.161204] of_get_named_gpiod_flags: can't parse 'gpios' property of node '/fixedregulator0[0]'
[    0.161234] of_get_named_gpiod_flags: can't parse 'gpio' property of node '/fixedregulator0[0]'
[    0.161250] reg-fixed-voltage fixedregulator0: using lookup tables for GPIO lookup
[    0.161261] reg-fixed-voltage fixedregulator0: No GPIO consumer (null) found
[    0.161801] libata version 3.00 loaded.
[    0.162166] pps_core: LinuxPPS API ver. 1 registered
[    0.162177] pps_core: Software ver. 5.3.6 - Copyright 2005-2007 Rodolfo Giometti <giometti@linux.it>
[    0.162201] PTP clock support registered
[    0.170841] vgaarb: loaded
[    0.171169] clocksource: Switched to clocksource dmtimer
[    0.171788] VFS: Disk quotas dquot_6.6.0
[    0.171847] VFS: Dquot-cache hash table entries: 1024 (order 0, 4096 bytes)
[    0.193307] NET: Registered PF_INET protocol family
[    0.193641] IP idents hash table entries: 8192 (order: 4, 65536 bytes, linear)
[    0.194977] tcp_listen_portaddr_hash hash table entries: 512 (order: 0, 4096 bytes, linear)
[    0.195013] Table-perturb hash table entries: 65536 (order: 6, 262144 bytes, linear)
[    0.195030] TCP established hash table entries: 4096 (order: 2, 16384 bytes, linear)
[    0.195072] TCP bind hash table entries: 4096 (order: 4, 65536 bytes, linear)
[    0.195171] TCP: Hash tables configured (established 4096 bind 4096)
[    0.195300] UDP hash table entries: 256 (order: 1, 8192 bytes, linear)
[    0.195328] UDP-Lite hash table entries: 256 (order: 1, 8192 bytes, linear)
[    0.195504] NET: Registered PF_UNIX/PF_LOCAL protocol family
[    0.202236] RPC: Registered named UNIX socket transport module.
[    0.202260] RPC: Registered udp transport module.
[    0.202266] RPC: Registered tcp transport module.
[    0.202271] RPC: Registered tcp-with-tls transport module.
[    0.202276] RPC: Registered tcp NFSv4.1 backchannel transport module.
[    0.202304] PCI: CLS 0 bytes, default 64
[    0.203858] Initialise system trusted keyrings
[    0.212050] workingset: timestamp_bits=14 max_order=17 bucket_order=3
[    0.213267] NFS: Registering the id_resolver key type
[    0.213350] Key type id_resolver registered
[    0.213358] Key type id_legacy registered
[    0.213411] jffs2: version 2.2. (NAND) (SUMMARY)  Â© 2001-2006 Red Hat, Inc.
[    0.213807] Key type asymmetric registered
[    0.213823] Asymmetric key parser 'x509' registered
[    0.213894] io scheduler mq-deadline registered
[    0.213905] io scheduler kyber registered
[    0.213973] io scheduler bfq registered
[    0.234103] Serial: 8250/16550 driver, 6 ports, IRQ sharing enabled
[    0.279131] brd: module loaded
[    0.307246] loop: module loaded
[    0.308156] mtdoops: mtd device (mtddev=name/number) must be supplied
[    0.309608] mdio_bus fixed-0: using lookup tables for GPIO lookup
[    0.309632] mdio_bus fixed-0: No GPIO consumer reset found
[    0.310833] i2c_dev: i2c /dev entries driver
[    0.311942] cpuidle: enable-method property 'ti,am3352' found operations
[    0.312390] sdhci: Secure Digital Host Controller Interface driver
[    0.312401] sdhci: Copyright(c) Pierre Ossman
[    0.312574] sdhci-pltfm: SDHCI platform and OF driver helper
[    0.312819] ledtrig-cpu: registered to indicate activity on CPUs
[    0.313564] Initializing XFRM netlink socket
[    0.313713] NET: Registered PF_INET6 protocol family
[    0.315370] Segment Routing with IPv6
[    0.315441] In-situ OAM (IOAM) with IPv6
[    0.315541] sit: IPv6, IPv4 and MPLS over IPv4 tunneling driver
[    0.316488] NET: Registered PF_PACKET protocol family
[    0.316523] NET: Registered PF_KEY protocol family
[    0.316644] Key type dns_resolver registered
[    0.316865] ThumbEE CPU extension supported.
[    0.316884] Registering SWP/SWPB emulation handler
[    0.317393] omap_voltage_late_init: Voltage driver support not added
[    0.317731] SmartReflex Class3 initialized
[    0.341736] Loading compiled-in X.509 certificates
[    0.400793] /ocp/interconnect@44c00000/segment@200000/target-module@b000/i2c@0/tda19988@70: Fixed dependency cycle(s) with /ocp/interconnect@48000000/segment@300000/target-module@e000/lcdc@0
[    0.407051] /ocp/interconnect@44c00000/segment@200000/target-module@b000/i2c@0/tda19988@70: Fixed dependency cycle(s) with /ocp/interconnect@48000000/segment@300000/target-module@e000/lcdc@0
[    0.412598] gpiochip_find_base: found new base at 512
[    0.415074] /ocp/interconnect@44c00000/segment@200000/target-module@b000/i2c@0/tda19988@70: Fixed dependency cycle(s) with /ocp/interconnect@48000000/segment@300000/target-module@e000/lcdc@0
[    0.415890] /ocp/interconnect@44c00000/segment@200000/target-module@b000/i2c@0/tda19988@70: Fixed dependency cycle(s) with /ocp/interconnect@48000000/segment@300000/target-module@e000/lcdc@0
[    0.419135] /ocp/interconnect@44c00000/segment@200000/target-module@10000/scm@0/pinmux@800: Fixed dependency cycle(s) with /ocp/interconnect@44c00000/segment@200000/target-module@10000/scm@0/pinmux@800/clkout2-pins
[    0.419718] pinctrl-single 44e10800.pinmux: 142 pins, size 568
[    0.424943] ti-sysc: probe of 44e31000.target-module failed with error -16
[    0.462683] /ocp/interconnect@48000000/segment@300000/target-module@e000/lcdc@0: Fixed dependency cycle(s) with /ocp/interconnect@44c00000/segment@200000/target-module@b000/i2c@0/tda19988@70
[    0.470258] ti-sysc: probe of 48040000.target-module failed with error -16
[    0.481374] gpiochip_find_base: found new base at 512
[    0.481441] gpio gpiochip0: (gpio-0-31): created GPIO range 0->7 ==> 44e10800.pinmux PIN 0->7
[    0.481459] gpio gpiochip0: (gpio-0-31): created GPIO range 8->11 ==> 44e10800.pinmux PIN 90->93
[    0.481475] gpio gpiochip0: (gpio-0-31): created GPIO range 12->27 ==> 44e10800.pinmux PIN 12->27
[    0.481490] gpio gpiochip0: (gpio-0-31): created GPIO range 28->31 ==> 44e10800.pinmux PIN 30->33
[    0.516344] gpio gpiochip0: (gpio-0-31): added GPIO chardev (254:0)
[    0.516526] gpio gpiochip0: registered GPIOs 512 to 543 on gpio-0-31
[    0.516613] OMAP GPIO hardware version 0.1
[    0.555752] i2c i2c-2: using DT '/ocp/interconnect@48000000/segment@100000/target-module@9c000/i2c@0' for 'scl' GPIO lookup
[    0.555825] of_get_named_gpiod_flags: can't parse 'scl-gpios' property of node '/ocp/interconnect@48000000/segment@100000/target-module@9c000/i2c@0[0]'
[    0.555869] of_get_named_gpiod_flags: can't parse 'scl-gpio' property of node '/ocp/interconnect@48000000/segment@100000/target-module@9c000/i2c@0[0]'
[    0.555905] i2c i2c-2: using lookup tables for GPIO lookup
[    0.555915] i2c i2c-2: No GPIO consumer scl found
[    0.555935] i2c i2c-2: using DT '/ocp/interconnect@48000000/segment@100000/target-module@9c000/i2c@0' for 'sda' GPIO lookup
[    0.555971] of_get_named_gpiod_flags: can't parse 'sda-gpios' property of node '/ocp/interconnect@48000000/segment@100000/target-module@9c000/i2c@0[0]'
[    0.556008] of_get_named_gpiod_flags: can't parse 'sda-gpio' property of node '/ocp/interconnect@48000000/segment@100000/target-module@9c000/i2c@0[0]'
[    0.556039] i2c i2c-2: using lookup tables for GPIO lookup
[    0.556047] i2c i2c-2: No GPIO consumer sda found
[    0.556749] omap_i2c 4819c000.i2c: bus 2 rev0.11 at 100 kHz
[    0.562239] gpiochip_find_base: found new base at 544
[    0.562298] gpio gpiochip1: (gpio-32-63): created GPIO range 0->17 ==> 44e10800.pinmux PIN 34->51
[    0.562315] gpio gpiochip1: (gpio-32-63): created GPIO range 18->21 ==> 44e10800.pinmux PIN 77->80
[    0.562330] gpio gpiochip1: (gpio-32-63): created GPIO range 22->31 ==> 44e10800.pinmux PIN 56->65
[    0.563049] gpio gpiochip1: (gpio-32-63): added GPIO chardev (254:1)
[    0.563182] gpio gpiochip1: registered GPIOs 544 to 575 on gpio-32-63
[    0.565300] gpiochip_find_base: found new base at 576
[    0.565353] gpio gpiochip2: (gpio-64-95): created GPIO range 0->4 ==> 44e10800.pinmux PIN 66->70
[    0.565372] gpio gpiochip2: (gpio-64-95): created GPIO range 5->6 ==> 44e10800.pinmux PIN 98->99
[    0.565387] gpio gpiochip2: (gpio-64-95): created GPIO range 7->8 ==> 44e10800.pinmux PIN 75->76
[    0.565401] gpio gpiochip2: (gpio-64-95): created GPIO range 13->13 ==> 44e10800.pinmux PIN 141->141
[    0.565418] gpio gpiochip2: (gpio-64-95): created GPIO range 14->21 ==> 44e10800.pinmux PIN 100->107
[    0.572666] gpio gpiochip2: (gpio-64-95): added GPIO chardev (254:2)
[    0.572808] gpio gpiochip2: registered GPIOs 576 to 607 on gpio-64-95
[    0.578957] /ocp/interconnect@48000000/segment@300000/target-module@e000/lcdc@0: Fixed dependency cycle(s) with /ocp/interconnect@44c00000/segment@200000/target-module@b000/i2c@0/tda19988@70
[    0.581905] /ocp/interconnect@48000000/segment@300000/target-module@e000/lcdc@0: Fixed dependency cycle(s) with /ocp/interconnect@44c00000/segment@200000/target-module@b000/i2c@0/tda19988@70
[    0.582647] /ocp/interconnect@44c00000/segment@200000/target-module@b000/i2c@0/tda19988@70: Fixed dependency cycle(s) with /ocp/interconnect@48000000/segment@300000/target-module@e000/lcdc@0
[    0.582807] /ocp/interconnect@48000000/segment@300000/target-module@e000/lcdc@0: Fixed dependency cycle(s) with /ocp/interconnect@44c00000/segment@200000/target-module@b000/i2c@0/tda19988@70
[    0.592142] mdio_bus 4a101000.mdio: using DT '/ocp/interconnect@4a000000/segment@0/target-module@100000/switch@0/mdio@1000' for 'reset' GPIO lookup
[    0.592214] of_get_named_gpiod_flags: can't parse 'reset-gpios' property of node '/ocp/interconnect@4a000000/segment@0/target-module@100000/switch@0/mdio@1000[0]'
[    0.592262] of_get_named_gpiod_flags: can't parse 'reset-gpio' property of node '/ocp/interconnect@4a000000/segment@0/target-module@100000/switch@0/mdio@1000[0]'
[    0.592309] mdio_bus 4a101000.mdio: using lookup tables for GPIO lookup
[    0.592319] mdio_bus 4a101000.mdio: No GPIO consumer reset found
[    0.594119] sdhci-omap 481d8000.mmc: using DT '/ocp/interconnect@48000000/segment@100000/target-module@d8000/mmc@0' for 'wp' GPIO lookup
[    0.594189] of_get_named_gpiod_flags: can't parse 'wp-gpios' property of node '/ocp/interconnect@48000000/segment@100000/target-module@d8000/mmc@0[0]'
[    0.594234] of_get_named_gpiod_flags: can't parse 'wp-gpio' property of node '/ocp/interconnect@48000000/segment@100000/target-module@d8000/mmc@0[0]'
[    0.594269] sdhci-omap 481d8000.mmc: using lookup tables for GPIO lookup
[    0.594279] sdhci-omap 481d8000.mmc: No GPIO consumer wp found
[    0.594466] sdhci-omap 481d8000.mmc: supply pbias not found, using dummy regulator
[    0.594932] sdhci-omap 481d8000.mmc: supply vqmmc not found, using dummy regulator
[    0.674471] davinci_mdio 4a101000.mdio: davinci mdio revision 1.6, bus freq 1000000
[    0.695283] mdio_bus 4a101000.mdio:00: using DT '/ocp/interconnect@4a000000/segment@0/target-module@100000/switch@0/mdio@1000/ethernet-phy@0' for 'reset' GPIO lookup
[    0.695386] of_get_named_gpiod_flags: parsed 'reset-gpios' property of node '/ocp/interconnect@4a000000/segment@0/target-module@100000/switch@0/mdio@1000/ethernet-phy@0[0]' - status (0)
[    0.695546] gpio gpiochip0: Persistence not supported for GPIO 8
[    0.794768] davinci_mdio 4a101000.mdio: phy[0]: device 4a101000.mdio:00, driver SMSC LAN8710/LAN8720
[    0.795403] cpsw-switch 4a100000.switch: initialized cpsw ale version 1.4
[    0.795423] cpsw-switch 4a100000.switch: ALE Table size 1024
[    0.795564] cpsw-switch 4a100000.switch: cpts: overflow check period 500 (jiffies)
[    0.795579] cpsw-switch 4a100000.switch: CPTS: ref_clk_freq:250000000 calc_mult:2147483648 calc_shift:29 error:0 nsec/sec
[    0.795685] cpsw-switch 4a100000.switch: Detected MACID = 6c:ec:eb:68:de:78
[    0.797442] cpsw-switch 4a100000.switch: initialized (regs 0x4a100000, pool size 256) hw_ver:0019010C 1.12 (0)
[    0.808137] debugfs: Directory '49000000.dma' with parent 'dmaengine' already present!
[    0.808179] edma 49000000.dma: TI EDMA DMA engine driver
[    0.862199] hw perfevents: enabled with armv7_cortex_a8 PMU driver, 5 counters available
[    0.863076] gpio-clk clk_mcasp0: using DT '/clk_mcasp0' for 'enable' GPIO lookup
[    0.863154] of_get_named_gpiod_flags: parsed 'enable-gpios' property of node '/clk_mcasp0[0]' - status (0)
[    0.863196] gpio gpiochip0: Persistence not supported for GPIO 27
[    0.863998] gpiochip_find_base: found new base at 608
[    0.864056] gpio gpiochip3: (gpio-96-127): created GPIO range 0->7 ==> 44e10800.pinmux PIN 82->89
[    0.864075] gpio gpiochip3: (gpio-96-127): created GPIO range 8->11 ==> 44e10800.pinmux PIN 52->55
[    0.864091] gpio gpiochip3: (gpio-96-127): created GPIO range 12->15 ==> 44e10800.pinmux PIN 94->97
[    0.864106] gpio gpiochip3: (gpio-96-127): created GPIO range 16->17 ==> 44e10800.pinmux PIN 71->72
[    0.864122] gpio gpiochip3: (gpio-96-127): created GPIO range 18->18 ==> 44e10800.pinmux PIN 135->135
[    0.864138] gpio gpiochip3: (gpio-96-127): created GPIO range 19->20 ==> 44e10800.pinmux PIN 108->109
[    0.864154] gpio gpiochip3: (gpio-96-127): created GPIO range 21->21 ==> 44e10800.pinmux PIN 73->73
[    0.864171] gpio gpiochip3: (gpio-96-127): created GPIO range 22->23 ==> 44e10800.pinmux PIN 8->9
[    0.864188] gpio gpiochip3: (gpio-96-127): created GPIO range 26->27 ==> 44e10800.pinmux PIN 10->11
[    0.864206] gpio gpiochip3: (gpio-96-127): created GPIO range 28->28 ==> 44e10800.pinmux PIN 74->74
[    0.864223] gpio gpiochip3: (gpio-96-127): created GPIO range 29->29 ==> 44e10800.pinmux PIN 81->81
[    0.864241] gpio gpiochip3: (gpio-96-127): created GPIO range 30->31 ==> 44e10800.pinmux PIN 28->29
[    0.869748] l3-aon-clkctrl:0000:0: failed to disable
[    0.874677] gpio gpiochip3: (gpio-96-127): added GPIO chardev (254:3)
[    0.874822] gpio gpiochip3: registered GPIOs 608 to 639 on gpio-96-127
[    0.881773] omap8250 44e09000.serial: using DT '/ocp/interconnect@44c00000/segment@200000/target-module@9000/serial@0' for 'rs485-term' GPIO lookup
[    0.881845] of_get_named_gpiod_flags: can't parse 'rs485-term-gpios' property of node '/ocp/interconnect@44c00000/segment@200000/target-module@9000/serial@0[0]'
[    0.881892] of_get_named_gpiod_flags: can't parse 'rs485-term-gpio' property of node '/ocp/interconnect@44c00000/segment@200000/target-module@9000/serial@0[0]'
[    0.881928] omap8250 44e09000.serial: using lookup tables for GPIO lookup
[    0.881938] omap8250 44e09000.serial: No GPIO consumer rs485-term found
[    0.881947] omap8250 44e09000.serial: using DT '/ocp/interconnect@44c00000/segment@200000/target-module@9000/serial@0' for 'rs485-rx-during-tx' GPIO lookup
[    0.881983] of_get_named_gpiod_flags: can't parse 'rs485-rx-during-tx-gpios' property of node '/ocp/interconnect@44c00000/segment@200000/target-module@9000/serial@0[0]'
[    0.882022] of_get_named_gpiod_flags: can't parse 'rs485-rx-during-tx-gpio' property of node '/ocp/interconnect@44c00000/segment@200000/target-module@9000/serial@0[0]'
[    0.882054] omap8250 44e09000.serial: using lookup tables for GPIO lookup
[    0.882062] omap8250 44e09000.serial: No GPIO consumer rs485-rx-during-tx found
[    0.882425] 44e09000.serial: ttyS0 at MMIO 0x44e09000 (irq = 34, base_baud = 3000000) is a 8250
[    0.882511] printk: console [ttyS0] enabled
[    2.147319] i2c i2c-0: using DT '/ocp/interconnect@44c00000/segment@200000/target-module@b000/i2c@0' for 'scl' GPIO lookup
[    2.147403] of_get_named_gpiod_flags: can't parse 'scl-gpios' property of node '/ocp/interconnect@44c00000/segment@200000/target-module@b000/i2c@0[0]'
[    2.147449] of_get_named_gpiod_flags: can't parse 'scl-gpio' property of node '/ocp/interconnect@44c00000/segment@200000/target-module@b000/i2c@0[0]'
[    2.147486] i2c i2c-0: using lookup tables for GPIO lookup
[    2.147498] i2c i2c-0: No GPIO consumer scl found
[    2.147521] i2c i2c-0: using DT '/ocp/interconnect@44c00000/segment@200000/target-module@b000/i2c@0' for 'sda' GPIO lookup
[    2.147559] of_get_named_gpiod_flags: can't parse 'sda-gpios' property of node '/ocp/interconnect@44c00000/segment@200000/target-module@b000/i2c@0[0]'
[    2.147598] of_get_named_gpiod_flags: can't parse 'sda-gpio' property of node '/ocp/interconnect@44c00000/segment@200000/target-module@b000/i2c@0[0]'
[    2.147633] i2c i2c-0: using lookup tables for GPIO lookup
[    2.147642] i2c i2c-0: No GPIO consumer sda found
[    2.172044] tps65217-pmic: Failed to locate of_node [id: -1]
[    2.178100] tps65217-bl: Failed to locate of_node [id: -1]
[    2.189084] tps65217 0-0024: TPS65217 ID 0xe version 1.2
[    2.195193] /ocp/interconnect@48000000/segment@300000/target-module@e000/lcdc@0: Fixed dependency cycle(s) with /ocp/interconnect@44c00000/segment@200000/target-module@b000/i2c@0/tda19988@70
[    2.212541] /ocp/interconnect@44c00000/segment@200000/target-module@b000/i2c@0/tda19988@70: Fixed dependency cycle(s) with /ocp/interconnect@48000000/segment@300000/target-module@e000/lcdc@0
[    2.229884] omap_i2c 44e0b000.i2c: bus 0 rev0.11 at 400 kHz
[    2.237579] sdhci-omap 48060000.mmc: using DT '/ocp/interconnect@48000000/segment@0/target-module@60000/mmc@0' for 'cd' GPIO lookup
[    2.237675] of_get_named_gpiod_flags: parsed 'cd-gpios' property of node '/ocp/interconnect@48000000/segment@0/target-module@60000/mmc@0[0]' - status (0)
[    2.237795] gpio gpiochip3: Persistence not supported for GPIO 6
[    2.237823] omap_gpio 44e07000.gpio: Could not set line 6 debounce to 200000 microseconds (-22)
[    2.246695] sdhci-omap 48060000.mmc: Got CD GPIO
[    2.251369] sdhci-omap 48060000.mmc: using DT '/ocp/interconnect@48000000/segment@0/target-module@60000/mmc@0' for 'wp' GPIO lookup
[    2.251418] of_get_named_gpiod_flags: can't parse 'wp-gpios' property of node '/ocp/interconnect@48000000/segment@0/target-module@60000/mmc@0[0]'
[    2.251465] of_get_named_gpiod_flags: can't parse 'wp-gpio' property of node '/ocp/interconnect@48000000/segment@0/target-module@60000/mmc@0[0]'
[    2.251505] sdhci-omap 48060000.mmc: using lookup tables for GPIO lookup
[    2.251517] sdhci-omap 48060000.mmc: No GPIO consumer wp found
[    2.251706] sdhci-omap 48060000.mmc: supply pbias not found, using dummy regulator
[    2.260669] sdhci-omap 481d8000.mmc: using DT '/ocp/interconnect@48000000/segment@100000/target-module@d8000/mmc@0' for 'wp' GPIO lookup
[    2.260744] of_get_named_gpiod_flags: can't parse 'wp-gpios' property of node '/ocp/interconnect@48000000/segment@100000/target-module@d8000/mmc@0[0]'
[    2.260792] of_get_named_gpiod_flags: can't parse 'wp-gpio' property of node '/ocp/interconnect@48000000/segment@100000/target-module@d8000/mmc@0[0]'
[    2.260829] sdhci-omap 481d8000.mmc: using lookup tables for GPIO lookup
[    2.260841] sdhci-omap 481d8000.mmc: No GPIO consumer wp found
[    2.261827] sdhci-omap 48060000.mmc: supply vqmmc not found, using dummy regulator
[    2.270551] sdhci-omap 481d8000.mmc: supply pbias not found, using dummy regulator
[    2.279456] sdhci-omap 481d8000.mmc: supply vqmmc not found, using dummy regulator
[    2.318613] mmc1: SDHCI controller on 481d8000.mmc [481d8000.mmc] using External DMA
[    2.327755] mmc0: SDHCI controller on 48060000.mmc [48060000.mmc] using External DMA
[    2.336428] cpsw-switch 4a100000.switch: starting ndev. mode: dual_mac
[    2.379690] mmc0: new high speed SDHC card at address 5048
[    2.386634] mmcblk0: mmc0:5048 SD16G 14.4 GiB
[    2.394426]  mmcblk0: p1 p2
[    2.397658] mmcblk0: p2 size 31221760 extends beyond EOD, truncated
[    2.412234] mmc1: new high speed MMC card at address 0001
[    2.418885] mmcblk1: mmc1:0001 MMC04G 3.60 GiB
[    2.425978]  mmcblk1: p1 p2
[    2.430140] mmcblk1boot0: mmc1:0001 MMC04G 2.00 MiB
[    2.437455] mmcblk1boot1: mmc1:0001 MMC04G 2.00 MiB
[    2.444436] mmcblk1rpmb: mmc1:0001 MMC04G 128 KiB, chardev (250:0)
[    2.451191] SMSC LAN8710/LAN8720 4a101000.mdio:00: attached PHY driver (mii_bus:phy_addr=4a101000.mdio:00, irq=POLL)
[    5.601900] cpsw-switch 4a100000.switch eth0: Link is Up - 100Mbps/Full - flow control off
[    5.641182] IP-Config: Complete:
[    5.644447]      device=eth0, hwaddr=6c:ec:eb:68:de:78, ipaddr=192.168.255.1, mask=255.255.255.0, gw=255.255.255.255
[    5.655058]      host=bbb1, domain=, nis-domain=(none)
[    5.660222]      bootserver=192.168.255.126, rootserver=192.168.255.126, rootpath=
[    5.660630] clk: Disabling unused clocks
[    5.672509] KTAP version 1
[    5.675235] 1..0
[    5.698777] VFS: Mounted root (nfs filesystem) on device 0:16.
[    5.705800] devtmpfs: mounted
[    5.710194] Freeing unused kernel image (initmem) memory: 1024K
[    5.716960] Run /sbin/init as init process
[    5.721089]   with arguments:
[    5.721100]     /sbin/init
[    5.721108]     nfsrootdebug
[    5.721116]   with environment:
[    5.721123]     HOME=/
[    5.721130]     TERM=linux
[    6.386211] systemd[1]: System time before build time, advancing clock.
[    7.851187] random: crng init done
[    7.913098] systemd[1]: systemd 232 running in system mode. (+PAM +AUDIT +SELINUX +IMA +APPARMOR +SMACK +SYSVINIT +UTMP +LIBCRYPTSETUP +GCRYPT +GNUTLS +ACL +XZ +LZ4 +SECCOMP +BLKID +ELFUTILS +KMOD +IDN)
[    7.932101] systemd[1]: Detected architecture arm.
[    7.974064] systemd[1]: Set hostname to <arm>.
[    9.031854] systemd[1]: Listening on Journal Socket (/dev/log).
[    9.071679] systemd[1]: Reached target Swap.
[    9.102144] systemd[1]: Listening on Journal Audit Socket.
[    9.142078] systemd[1]: Started Dispatch Password Requests to Console Directory Watch.
[    9.181928] systemd[1]: Listening on Journal Socket.
[    9.222701] systemd[1]: Created slice User and Session Slice.
[    9.261768] systemd[1]: Listening on udev Kernel Socket.
[   11.399999] systemd-journald[84]: Received request to flush runtime journal from PID 1
[   14.205232] leds-gpio leds: using DT '/leds/led2' for '(null)' GPIO lookup
