Labgrid Console Logfile for main
Logfile started at 2025-11-24 14:20:54.770782
=== Log starts here ===
reading args
spl_load_image_fat_os: error reading image args, err - -1
reading u-boot.img
reading u-boot.img


U-Boot 2014.04-00014-g47880f5 (Apr 22 2014 - 13:23:54)

I2C:   ready
DRAM:  512 MiB
NAND:  0 MiB
MMC:   OMAP SD/MMC: 0, OMAP SD/MMC: 1
*** Warning - readenv() failed, using default environment

Net:   <ethaddr> not set. Validating first E-fuse MAC
cpsw, usb_ether
Hit any key to stop autoboot:  1  0 
gpio: pin 53 (gpio 53) value is 1
mmc0 is current device
gpio: pin 54 (gpio 54) value is 1
SD/MMC found on device 0
reading uEnv.txt
569 bytes read in 4 ms (138.7 KiB/s)
gpio: pin 55 (gpio 55) value is 1
Loaded environment from uEnv.txt
Importing environment from mmc ...
Checking if uenvcmd is set ...
gpio: pin 56 (gpio 56) value is 1
Running uenvcmd ...
cpsw Waiting for PHY auto negotiation to complete. done
link up on port 0, speed 100, full duplex
Using cpsw device
TFTP from server 192.168.255.126; our IP address is 192.168.255.1
Filename 'zImage'.
Load address: 0x81000000
Loading: *#################################################################
	 #################################################################
	 #################################################################
	 #################################################################
	 #################################################################
	 ########################################
	 2.4 MiB/s
done
Bytes transferred = 5355040 (51b620 hex)
link up on port 0, speed 100, full duplex
Using cpsw device
TFTP from server 192.168.255.126; our IP address is 192.168.255.1
Filename 'am335x-boneblack.dtb'.
Load address: 0x82000000
Loading: *#######
	 2.4 MiB/s
done
Bytes transferred = 97772 (17dec hex)
Kernel image @ 0x81000000 [ 0x000000 - 0x51b620 ]
## Flattened Device Tree blob at 82000000
   Booting using the fdt blob at 0x82000000
   Using Device Tree in place at 82000000, end 8201adeb

Starting kernel ...

[    0.000000] Booting Linux on physical CPU 0x0
[    0.000000] Linux version 6.6.117 (user01@drvtest01) (arm-none-eabi-gcc (Arm GNU Toolchain 14.2.Rel1 (Build arm-14.52)) 14.2.1 20241119, GNU ld (Arm GNU Toolchain 14.2.Rel1 (Build arm-14.52)) 2.43.1.20241119) #1 SMP Mon Nov 24 14:19:03 EET 2025
[    0.000000] CPU: ARMv7 Processor [413fc082] revision 2 (ARMv7), cr=10c5387d
[    0.000000] CPU: PIPT / VIPT nonaliasing data cache, VIPT aliasing instruction cache
[    0.000000] OF: fdt: Machine model: TI AM335x BeagleBone Black
[    0.000000] Memory policy: Data cache writeback
[    0.000000] cma: Reserved 16 MiB at 0x9e800000 on node -1
[    0.000000] Zone ranges:
[    0.000000]   Normal   [mem 0x0000000080000000-0x000000009fdfffff]
[    0.000000]   HighMem  empty
[    0.000000] Movable zone start for each node
[    0.000000] Early memory node ranges
[    0.000000]   node   0: [mem 0x0000000080000000-0x000000009fdfffff]
[    0.000000] Initmem setup node 0 [mem 0x0000000080000000-0x000000009fdfffff]
[    0.000000] CPU: All CPU(s) started in SVC mode.
[    0.000000] AM335X ES2.1 (sgx neon)
[    0.000000] percpu: Embedded 16 pages/cpu s36116 r8192 d21228 u65536
[    0.000000] Kernel command line: console=ttyO0,115200n8 root=/dev/nfs rw nfsroot=192.168.255.126:/home/user01/nfs,nfsvers=3 ip=192.168.255.1:192.168.255.126::255.255.255.0:bbb1:eth0 nfsrootdebug
[    0.000000] Unknown kernel command line parameters "nfsrootdebug", will be passed to user space.
[    0.000000] Dentry cache hash table entries: 65536 (order: 6, 262144 bytes, linear)
[    0.000000] Inode-cache hash table entries: 32768 (order: 5, 131072 bytes, linear)
[    0.000000] Built 1 zonelists, mobility grouping on.  Total pages: 129412
[    0.000000] mem auto-init: stack:off, heap alloc:off, heap free:off
[    0.000000] Memory: 483604K/522240K available (11264K kernel code, 1165K rwdata, 2704K rodata, 1024K init, 281K bss, 22252K reserved, 16384K cma-reserved, 0K highmem)
[    0.000000] SLUB: HWalign=64, Order=0-3, MinObjects=0, CPUs=1, Nodes=1
[    0.000000] rcu: Hierarchical RCU implementation.
[    0.000000] rcu: 	RCU event tracing is enabled.
[    0.000000] rcu: 	RCU restricting CPUs from NR_CPUS=2 to nr_cpu_ids=1.
[    0.000000] rcu: RCU calculated value of scheduler-enlistment delay is 10 jiffies.
[    0.000000] rcu: Adjusting geometry for rcu_fanout_leaf=16, nr_cpu_ids=1
[    0.000000] NR_IRQS: 16, nr_irqs: 16, preallocated irqs: 16
[    0.000000] IRQ: Found an INTC at 0x(ptrval) (revision 5.0) with 128 interrupts
[    0.000000] rcu: srcu_init: Setting srcu_struct sizes based on contention.
[    0.000000] TI gptimer clocksource: always-on /ocp/interconnect@44c00000/segment@200000/target-module@31000
[    0.000003] sched_clock: 32 bits at 24MHz, resolution 41ns, wraps every 89478484971ns
[    0.000028] clocksource: dmtimer: mask: 0xffffffff max_cycles: 0xffffffff, max_idle_ns: 79635851949 ns
[    0.000509] TI gptimer clockevent: 24000000 Hz at /ocp/interconnect@48000000/segment@0/target-module@40000
[    0.002084] Console: colour dummy device 80x30
[    0.002135] WARNING: Your 'console=ttyO0' has been replaced by 'ttyS0'
[    0.002142] This ensures that you still see kernel messages. Please
[    0.002147] update your kernel commandline.
[    0.002185] Calibrating delay loop... 996.14 BogoMIPS (lpj=4980736)
[    0.090563] CPU: Testing write buffer coherency: ok
[    0.090662] CPU0: Spectre v2: using BPIALL workaround
[    0.090673] pid_max: default: 32768 minimum: 301
[    0.090785] LSM: initializing lsm=capability,integrity
[    0.090953] Mount-cache hash table entries: 1024 (order: 0, 4096 bytes, linear)
[    0.090972] Mountpoint-cache hash table entries: 1024 (order: 0, 4096 bytes, linear)
[    0.092439] CPU0: thread -1, cpu 0, socket -1, mpidr 0
[    0.094061] Setting up static identity map for 0x80100000 - 0x80100078
[    0.094344] rcu: Hierarchical SRCU implementation.
[    0.094353] rcu: 	Max phase no-delay instances is 1000.
[    0.095722] smp: Bringing up secondary CPUs ...
[    0.095777] smp: Brought up 1 node, 1 CPU
[    0.095791] SMP: Total of 1 processors activated (996.14 BogoMIPS).
[    0.095802] CPU: All CPU(s) started in SVC mode.
[    0.096675] devtmpfs: initialized
[    0.113256] VFP support v0.3: implementor 41 architecture 3 part 30 variant c rev 3
[    0.113602] clocksource: jiffies: mask: 0xffffffff max_cycles: 0xffffffff, max_idle_ns: 19112604462750000 ns
[    0.113636] futex hash table entries: 256 (order: 2, 16384 bytes, linear)
[    0.114930] pinctrl core: initialized pinctrl subsystem
[    0.117066] NET: Registered PF_NETLINK/PF_ROUTE protocol family
[    0.119599] DMA: preallocated 256 KiB pool for atomic coherent allocations
[    0.120201] audit: initializing netlink subsys (disabled)
[    0.121742] thermal_sys: Registered thermal governor 'fair_share'
[    0.121762] thermal_sys: Registered thermal governor 'step_wise'
[    0.121768] thermal_sys: Registered thermal governor 'user_space'
[    0.121902] cpuidle: using governor menu
[    0.138253] /ocp/interconnect@44c00000/segment@200000/target-module@b000/i2c@0/tda19988@70: Fixed dependency cycle(s) with /ocp/interconnect@48000000/segment@300000/target-module@e000/lcdc@0
[    0.139300] /ocp/interconnect@48000000/segment@300000/target-module@e000/lcdc@0: Fixed dependency cycle(s) with /ocp/interconnect@44c00000/segment@200000/target-module@b000/i2c@0/tda19988@70
[    0.141523] No ATAGs?
[    0.141542] hw-breakpoint: debug architecture 0x4 unsupported.
[    0.144321] audit: type=2000 audit(0.120:1): state=initialized audit_enabled=0 res=1
[    0.144623] kprobes: kprobe jump-optimization is enabled. All kprobes are optimized if possible.
[    0.163285] iommu: Default domain type: Translated
[    0.163305] iommu: DMA domain TLB invalidation policy: strict mode
[    0.164755] SCSI subsystem initialized
[    0.166576] pps_core: LinuxPPS API ver. 1 registered
[    0.166588] pps_core: Software ver. 5.3.6 - Copyright 2005-2007 Rodolfo Giometti <giometti@linux.it>
[    0.166612] PTP clock support registered
[    0.170971] vgaarb: loaded
[    0.171304] clocksource: Switched to clocksource dmtimer
[    0.171911] VFS: Disk quotas dquot_6.6.0
[    0.171971] VFS: Dquot-cache hash table entries: 1024 (order 0, 4096 bytes)
[    0.205100] NET: Registered PF_INET protocol family
[    0.205439] IP idents hash table entries: 8192 (order: 4, 65536 bytes, linear)
[    0.206797] tcp_listen_portaddr_hash hash table entries: 512 (order: 0, 4096 bytes, linear)
[    0.206835] Table-perturb hash table entries: 65536 (order: 6, 262144 bytes, linear)
[    0.206852] TCP established hash table entries: 4096 (order: 2, 16384 bytes, linear)
[    0.206899] TCP bind hash table entries: 4096 (order: 4, 65536 bytes, linear)
[    0.206999] TCP: Hash tables configured (established 4096 bind 4096)
[    0.207134] UDP hash table entries: 256 (order: 1, 8192 bytes, linear)
[    0.207162] UDP-Lite hash table entries: 256 (order: 1, 8192 bytes, linear)
[    0.207335] NET: Registered PF_UNIX/PF_LOCAL protocol family
[    0.212110] RPC: Registered named UNIX socket transport module.
[    0.212134] RPC: Registered udp transport module.
[    0.212140] RPC: Registered tcp transport module.
[    0.212145] RPC: Registered tcp-with-tls transport module.
[    0.212150] RPC: Registered tcp NFSv4.1 backchannel transport module.
[    0.212175] PCI: CLS 0 bytes, default 64
[    0.213751] Initialise system trusted keyrings
[    0.221915] workingset: timestamp_bits=14 max_order=17 bucket_order=3
[    0.223149] NFS: Registering the id_resolver key type
[    0.223223] Key type id_resolver registered
[    0.223231] Key type id_legacy registered
[    0.223286] jffs2: version 2.2. (NAND) (SUMMARY)  Â© 2001-2006 Red Hat, Inc.
[    0.223678] Key type asymmetric registered
[    0.223693] Asymmetric key parser 'x509' registered
[    0.223782] io scheduler mq-deadline registered
[    0.223793] io scheduler kyber registered
[    0.223858] io scheduler bfq registered
[    0.233939] hw perfevents: enabled with armv7_cortex_a8 PMU driver, 5 counters available
[    0.249454] Serial: 8250/16550 driver, 6 ports, IRQ sharing enabled
[    0.287209] brd: module loaded
[    0.309186] loop: module loaded
[    0.310125] mtdoops: mtd device (mtddev=name/number) must be supplied
[    0.313022] i2c_dev: i2c /dev entries driver
[    0.313990] cpuidle: enable-method property 'ti,am3352' found operations
[    0.314436] sdhci: Secure Digital Host Controller Interface driver
[    0.314446] sdhci: Copyright(c) Pierre Ossman
[    0.314636] sdhci-pltfm: SDHCI platform and OF driver helper
[    0.314912] ledtrig-cpu: registered to indicate activity on CPUs
[    0.315664] Initializing XFRM netlink socket
[    0.315806] NET: Registered PF_INET6 protocol family
[    0.326909] Segment Routing with IPv6
[    0.326985] In-situ OAM (IOAM) with IPv6
[    0.327091] sit: IPv6, IPv4 and MPLS over IPv4 tunneling driver
[    0.328060] NET: Registered PF_PACKET protocol family
[    0.328092] NET: Registered PF_KEY protocol family
[    0.328215] Key type dns_resolver registered
[    0.328434] ThumbEE CPU extension supported.
[    0.328455] Registering SWP/SWPB emulation handler
[    0.328965] omap_voltage_late_init: Voltage driver support not added
[    0.329603] SmartReflex Class3 initialized
[    0.355993] Loading compiled-in X.509 certificates
[    0.413816] /ocp/interconnect@44c00000/segment@200000/target-module@b000/i2c@0/tda19988@70: Fixed dependency cycle(s) with /ocp/interconnect@48000000/segment@300000/target-module@e000/lcdc@0
[    0.419902] /ocp/interconnect@44c00000/segment@200000/target-module@b000/i2c@0/tda19988@70: Fixed dependency cycle(s) with /ocp/interconnect@48000000/segment@300000/target-module@e000/lcdc@0
[    0.427901] /ocp/interconnect@44c00000/segment@200000/target-module@b000/i2c@0/tda19988@70: Fixed dependency cycle(s) with /ocp/interconnect@48000000/segment@300000/target-module@e000/lcdc@0
[    0.428732] /ocp/interconnect@44c00000/segment@200000/target-module@b000/i2c@0/tda19988@70: Fixed dependency cycle(s) with /ocp/interconnect@48000000/segment@300000/target-module@e000/lcdc@0
[    0.432119] /ocp/interconnect@44c00000/segment@200000/target-module@10000/scm@0/pinmux@800: Fixed dependency cycle(s) with /ocp/interconnect@44c00000/segment@200000/target-module@10000/scm@0/pinmux@800/clkout2-pins
[    0.432722] pinctrl-single 44e10800.pinmux: 142 pins, size 568
[    0.437773] ti-sysc: probe of 44e31000.target-module failed with error -16
[    0.476211] /ocp/interconnect@48000000/segment@300000/target-module@e000/lcdc@0: Fixed dependency cycle(s) with /ocp/interconnect@44c0000 0/segment@200000/target-module@b000/i2c@0/tda19988@70
[    0.484157] ti-sysc: probe of 48040000.target-module failed with error -16
[    0.517613] OMAP GPIO hardware version 0.1
[    0.556860] omap_i2c 4819c000.i2c: bus 2 rev0.11 at 100 kHz
[    0.585476] /ocp/interconnect@48000000/segment@300000/target-module@e000/lcdc@0: Fixed dependency cycle(s) with /ocp/interconnect@44c00000/segment@200000/target-module@b000/i2c@0/tda19988@70
[    0.588165] /ocp/interconnect@48000000/segment@300000/target-module @e000/lcdc@0: Fixed dependency cycle(s) with /ocp/interconnect@44c00000/segment@200000/target-module@b000/i2c@0/tda19988@70
[    0.588840] /ocp/interconnect@44c00000/segment@200000/target-module@b000/i2c@0/tda19988@70: Fixed dependency cycle(s) with /ocp/interconnect@48000000/segment@300000/target-module@e000/lcdc@0
[    0.588998] /ocp/interconnect@48000000/segment@300000/target-module@e000/lcdc@0: Fixed dependency cycle(s) with /ocp/interconnect@44c00000/segment@200000/target-module@b000/i2c@0/tda19988@70
[    0.600741] sdhci-omap 481d8000.mmc: supply pbias not found, using dummy regulator
[    0.601221] sdhci-omap 481d8000.mmc: supply vqmmc not found, using dummy regulator
[    0.685747] davinci_mdio 4a101000.mdio: davinci mdio revision 1.6, bus freq 1000000
[    0.864432] davinci_mdio 4a101000.mdio: phy[0]: device 4a101000.mdio:00, driver SMSC LAN8710/LAN8720
[    0.865050] cpsw-switch 4a100000.switch: initialized cpsw ale version 1.4
[    0.865072] cpsw-switch 4a100000.switch: ALE Table size 1024
[    0.865368] cpsw-switch 4a100000.switch: cpts: overflow check period 500 (jiffies)
[    0.865390] cpsw-switch 4a100000.switch: CPTS: ref_clk_freq:250000000 calc_mult:2147483648 calc_shift:29 error:0 nsec/sec
[    0.865490] cpsw-switch 4a100000.switch: Detected MACID = 6c:ec:eb:68:de:78
[    0.867315] cpsw-switch 4a100000.switch: initialized (regs 0x4a100000, pool size 256) hw_ver:0019010C 1.12 (0)
[    0.878104] debugfs: Directory '49000000.dma' with parent 'dmaengine' already present!
[    0.878145]
[    2.492588] SMSC LAN8710/LAN8720 4a101000.mdio:00: attached PHY driver (mii_bus:phy_addr=4a101000.mdio:00, irq=POLL)
[    5.602049] cpsw-switch 4a100000.switch eth0: Link is Up - 100Mbps/Full - flow control off
[    5.651355] IP-Config: Complete:
[    5.654623]      device=eth0, hwaddr=6c:ec:eb:68:de:78, ipaddr=192.168.255.1, mask=255.255.255.0, gw=255.255.255.255
[    5.665239]      host=bbb1, domain=, nis-domain=(none)
[    5.670403]      bootserver=192.168.255.126, rootserver=192.168.255.126, rootpath=
[    5.670826] clk: Disabling unused clocks
[    5.682693] KTAP version 1
[    5.685423] 1..0
[    5.709281] VFS: Mounted root (nfs filesystem) on device 0:16.
[    5.716325] devtmpfs: mounted
[    5.720961] Freeing unused kernel image (initmem) memory: 1024K
[    5.727984] Run /sbin/init as init process
[    6.403498] systemd[1]: System time before build time, advancing clock.
[    7.861324] random: crng init done
[    7.931806] systemd[1]: systemd 232 running in system mode. (+PAM +AUDIT +SELINUX +IMA +APPARMOR +SMACK +SYSVINIT +UTMP +LIBCRYPTSETUP +GCRYPT +GNUTLS +ACL +XZ +LZ4 +SECCOMP +BLKID +ELFUTILS +KMOD +IDN)
[    7.950814] systemd[1]: Detected architecture arm.

Welcome to [1mDebian GNU/Linux 9 (stretch)[0m!

[    7.994272] systemd[1]: Set hostname to <arm>.
[    9.054416] systemd[1]: Started Forward Password Requests to Wall Directory Watch.
[[0;32m  OK  [0m] Started Forward Password Requests to Wall Directory Watch.
[    9.091835] systemd[1]: Reached target Remote File Systems.
[[0;32m  OK  [0m] Reached target Remote File Systems.
[    9.131873] systemd[1]: Listening on udev Kernel Socket.
[[0;32m  OK  [0m] Listening on udev Kernel Socket.
[    9.173160] systemd[1]: Listening on Syslog Socket.
[[0;32m  OK  [0m] Listening on Syslog Socket.
[    9.213165] systemd[1]: Listening on udev Control Socket.
[[0;32m  OK  [0m] Listening on udev Control Socket.
[    9.252251] systemd[1]: Started Dispatch Password Requests to Console Directory Watch.
[[0;32m  OK  [0m] Started Dispatch Password Requests to Console Directory Watch.
[    9.291605] systemd[1]: Reached target Encrypted Volumes.
[[0;32m  OK  [0m] Reached target Encrypted Volumes.
[[0;32m  OK  [0m] Listening on Journal Audit Socket.
[[0;32m  OK  [0m] Set up automount Arbitrary Executabâ€¦rmats File System Automount Point.
[[0;32m  OK  [0m] Created slice System Slice.
[[0;32m  OK  [0m] Created slice system-getty.slice.
         Mounting Debug File System...
[[0;32m  OK  [0m] Created slice system-serial\x2dgetty.slice.
[[0;32m  OK  [0m] Listening on Journal Socket.
         Starting Create list of required stâ€¦ce nodes for the current kernel...
         Starting Load Kernel Modules...
[[0;32m  OK  [0m] Listening on /dev/initctl Compatibility Named Pipe.
[[0;32m  OK  [0m] Reached target Paths.
[[0;32m  OK  [0m] Listening on Journal Socket (/dev/log).
         Mounting POSIX Message Queue File System...
[[0;32m  OK  [0m] Reached target Swap.
         Starting Journal Service...
         Starting Remount Root and Kernel File Systems...
[[0;32m  OK  [0m] Created slice User and Session Slice.
[[0;32m  OK  [0m] Reached target Slices.
[[0;32m  OK  [0m] Mounted POSIX Message Queue File System.
[[0;32m  OK  [0m] Mounted Debug File System.
[[0;32m  OK  [0m] Started Create list of required staâ€¦vice nodes for the current kernel.
[[0;32m  OK  [0m] Started Load Kernel Modules.
         Mounting Configuration File System...
         Starting Apply Kernel Variables...
         Starting Create Static Device Nodes in /dev...
[[0;32m  OK  [0m] Mounted Configuration File System.
[[0;32m  OK  [0m] Started Remount Root and Kernel File Systems.
         Starting udev Coldplug all Devices...
         Starting Load/Save Random Seed...
[[0;32m  OK  [0m] Started Apply Kernel Variables.
[[0;32m  OK  [0m] Started Load/Save Random Seed.
[[0;32m  OK  [0m] Started Create Static Device Nodes in /dev.
         Starting udev Kernel Device Manager...
[[0;32m  OK  [0m] Reached target Local File Systems (Pre).
[[0;32m  OK  [0m] Reached target Local File Systems.
         Starting Raise network interfaces...
[[0;32m  OK  [0m] Started Journal Service.
         Starting Flush Journal to Persistent Storage...
[   11.582515] systemd-journald[84]: Received request to flush runtime journal from PID 1
[[0;32m  OK  [0m] Started Flush Journal to Persistent Storage.
         Starting Create Volatile Files and Directories...
[[0;32m  OK  [0m] Started udev Kernel Device Manager.
[[0;32m  OK  [0m] Started Create Volatile Files and Directories.
         Starting Update UTMP about System Boot/Shutdown...
         Starting Network Time Synchronization...
[[0;32m  OK  [0m] Started Update UTMP about System Boot/Shutdown.
[[0;32m  OK  [0m] Started udev Coldplug all Devices.
[[0;32m  OK  [0m] Started Network Time Synchronization.
[[0;32m  OK  [0m] Reached target System Time Synchronized.
[   14.685939] remoteproc remoteproc0: wkup_m3 is available
[[0;32m  OK  [0m] Reached target System Initialization.
[[0;32m  OK  [0m] Listening on Avahi mDNS/DNS-SD Stack Activation Socket.
[[0;32m  OK  [0m] Started Daily apt download activities.
[[0;32m  OK  [0m] Listening on D-Bus System Message Bus Socket.
[[0;32m  OK  [0m] Reached target Sockets.
[[0;32m  OK  [0m] Reached target Basic System.
[   14.933095] omap_rtc 44e3e000.rtc: registered as rtc0
[   14.938291] omap_rtc 44e3e000.rtc: setting system clock to 2000-01-01T00:00:00 UTC (946684800)
[[0;32m  OK  [0m] Started Regular background program processing daemon.
         Starting Generic Board Startup...
[   15.241011] omap_wdt: OMAP Watchdog Timer Rev 0x01: initial timeout 60 sec
         Starting LSB: Load kernel modules needed to enable cpufreq scaling...
         Starting Login Service...
[   15.529874] am335x-phy-driver 47401300.usb-phy: dummy supplies not allowed for exclusive requests
[   15.541502] at24 2-0054: supply vcc not found, using dummy regulator
[   15.666792] usbcore: registered new interface driver usbfs
[   15.672632] usbcore: registered new interface driver hub
[   15.678073] usbcore: registered new device driver usb
[   15.773349] at24 2-0055: supply vcc not found, using dummy regulator
         Starting LSB: Start busybox udhcpd at boot time...
[   15.891726] at24 2-0056: supply vcc not found, using dummy regulator
         Starting DUN service...
[   16.017400] at24 2-0057: supply vcc not found, using dummy regulator
[[0;32m  OK  [0m] Started D-Bus System Message Bus.
[   16.055207] am335x-phy-driver 47401b00.usb-phy: dummy supplies not allowed for exclusive requests
[   16.212617] at24 0-0050: 32768 byte 24c256 EEPROM, writable, 1 bytes/write
[   16.293513] tps6521x_pwrbutton tps65217-pwrbutton: DMA mask not set
[   16.361746] input: tps65217_pwrbutton as /devices/platform/ocp/44c00000.interconnect/44c00000.interconnect:segment@200000/44e0b000.target-module/44e0b000.i2c/i2c-0/0-0024/tps65217-pwrbutton/input/input0
[   16.589238] wkup_m3_ipc 44e11324.wkup_m3_ipc: IPC Request for A8->M3 Channel failed! -517
[   16.829939] wkup_m3_ipc 44e11324.wkup_m3_ipc: IPC Request for A8->M3 Channel failed! -517
[   16.956933] musb-hdrc musb-hdrc.1: MUSB HDRC host driver
[   16.962560] musb-hdrc musb-hdrc.1: new USB bus registered, assigned bus number 1
[   16.989925] wkup_m3_ipc 44e11324.wkup_m3_ipc: IPC Request for A8->M3 Channel failed! -517
[   17.113693] usb usb1: New USB device found, idVendor=1d6b, idProduct=0002, bcdDevice= 6.06
[   17.123554] usb usb1: New USB device strings: Mfr=3, Product=2, SerialNumber=1
[   17.130832] usb usb1: Product: MUSB HDRC host driver
[   17.135949] usb usb1: Manufacturer: Linux 6.6.117 musb-hcd
[   17.141535] usb usb1: SerialNumber: musb-hdrc.1
[   17.332199] hub 1-0:1.0: USB hub found
[   17.407723] hub 1-0:1.0: 1 port detected
[   17.478000] wkup_m3_ipc 44e11324.wkup_m3_ipc: IPC Request for A8->M3 Channel failed! -517
[   17.615460] wkup_m3_ipc 44e11324.wkup_m3_ipc: IPC Request for A8->M3 Channel failed! -517
[   17.675688] tda998x 0-0070: found TDA19988
[   17.835242] wkup_m3_ipc 44e11324.wkup_m3_ipc: IPC Request for A8->M3 Channel failed! -517
[   18.159589] omap-mailbox 480c8000.mailbox: omap mailbox rev 0x400
[   18.191694] remoteproc remoteproc0: powering up wkup_m3
[   18.352549] remoteproc remoteproc0: Direct firmware load for am335x-pm-firmware.elf failed with error -2
[   18.362311] remoteproc remoteproc0: request_firmware failed: -2
[   18.368272] wkup_m3_ipc 44e11324.wkup_m3_ipc: rproc_boot failed
[   20.268931] omap_rng 48310000.rng: Random Number Generator ver. 20
[[0;32m  OK  [0m] Started DUN service.[   20.350154] tilcdc 4830e000.lcdc: bound 0-0070 (ops tda998x_audio_codec_init [tda998x])

         Starting Connection service...
[   20.473614] [drm] Initialized tilcdc 1.0.0 20121205 for 4830e000.lcdc on minor 0
         Starting Avahi mDNS/DNS-SD Stack...
[   20.561853] tilcdc 4830e000.lcdc: [drm] Cannot find any crtc or sizes
[   20.578302] tilcdc 4830e000.lcdc: [drm] Cannot find any crtc or sizes
         Starting Telephony service...
         Starting System Logging Service...
[[0;32m  OK  [0m] Started Daily Cleanup of Temporary Directories.
[[0;32m  OK  [0m] Started Daily apt upgrade and clean activities.
[[0;32m  OK  [0m] Reached target Timers.
         Starting Cape Manager Service...
[   21.543256] PM: Cannot get wkup_m3_ipc handle
[[0;32m  OK  [0m] Found device /dev/ttyS0.
[   21.920318] omap-sham 53100000.sham: hw accel on OMAP rev 4.3
[   22.068960] omap-aes 53500000.aes: OMAP AES hw accel rev: 3.2
[   22.094045] omap-sham 53100000.sham: will run requests pump with realtime priority
[   22.109444] PM: Cannot get wkup_m3_ipc handle
[   22.197839] omap-aes 53500000.aes: will run requests pump with realtime priority
[   22.208992] PM: Cannot get wkup_m3_ipc handle
[[0;32m  OK  [0m] Started System Logging Service.
[[0;32m  OK  [0m] Started Cape Manager Service.
[   24.050274] Bluetooth: Core ver 2.22
[   24.054275] NET: Registered PF_BLUETOOTH protocol family
[   24.059625] Bluetooth: HCI device and connection manager initialized
[   24.066149] Bluetooth: HCI socket layer initialized
[   24.071063] Bluetooth: L2CAP socket layer initialized
[   24.076240] Bluetooth: SCO socket layer initialized
[   25.847637] PM: Cannot get wkup_m3_ipc handle
[   26.077986] PM: Cannot get wkup_m3_ipc handle
[[0;32m  OK  [0m] Started LSB: Start busybox udhcpd at boot time.
[[0;32m  OK  [0m] Started Raise network interfaces.
[[0;32m  OK  [0m] Started LSB: Load kernel modules needed to enable cpufreq scaling.
[   28.084851] configfs-gadget.g_multi gadget.0: HOST MAC 1c:ba:8c:a2:ed:6c
[   28.091848] configfs-gadget.g_multi gadget.0: MAC 1c:ba:8c:a2:ed:70
[   28.099219] configfs-gadget.g_multi gadget.0: HOST MAC 1c:ba:8c:a2:ed:6c
[   28.106069] configfs-gadget.g_multi gadget.0: MAC 1c:ba:8c:a2:ed:6d
[   28.113197] PM: Cannot get wkup_m3_ipc handle
[[0;32m  OK  [0m] Started Telephony service.
[[0;32m  OK  [0m] Started Avahi mDNS/DNS-SD Stack.
[[0;32m  OK  [0m] Started Connection service.
[[0;32m  OK  [0m] Started Login Service.
         Starting Hostname Service...
         Starting WPA supplicant...
[[0;32m  OK  [0m] Reached target Sound Card.
         Starting LSB: set CPUFreq kernel parameters...
[[0;32m  OK  [0m] Started WPA supplicant.
[[0;32m  OK  [0m] Started Hostname Service.
         Stopping LSB: Start busybox udhcpd at boot time...
[[0;32m  OK  [0m] Reached target Network.
         Starting Permit User Sessions...
         Starting OpenBSD Secure Shell server...
         Starting The Apache HTTP Server...
[[0;32m  OK  [0m] Reached target Network is Online.
         Starting LSB: Advanced IEEE 802.11 management daemon...
[[0;32m  OK  [0m] Started LSB: set CPUFreq kernel parameters.
[[0;32m  OK  [0m] Started Permit User Sessions.
[[0;32m  OK  [0m] Started LSB: Advanced IEEE 802.11 management daemon.
[[0;32m  OK  [0m] Started Serial Getty on ttyS0.
[[0;32m  OK  [0m] Started Getty on tty1.
[[0;32m  OK  [0m] Reached target Login Prompts.
[[0;32m  OK  [0m] Stopped LSB: Start busybox udhcpd at boot time.
[[0;32m  OK  [0m] Started OpenBSD Secure Shell server.
         Starting dnsmasq - A lightweight DHCP and caching DNS server...
[[0;32m  OK  [0m] Started The Apache HTTP Server.
[[0;32m  OK  [0m] Started dnsmasq - A lightweight DHCP and caching DNS server.
[[0;32m  OK  [0m] Reached target Host and Network Name Lookups.
[[0;32m  OK  [0m] Started Serial Getty on ttyGS0.
[[0;32m  OK  [0m] Started Generic Board Startup.
[[0;32m  OK  [0m] Reached target Multi-User System.
[[0;32m  OK  [0m] Reached target Graphical Interface.
         Starting Update UTMP about System Runlevel Changes...
[[0;32m  OK  [0m] Started Update UTMP about System Runlevel Changes.

Debian GNU/Linux 9 arm ttyS0

default username:password is [debian:temppwd]

arm login: root
Password: 
Last login: Sat Jan  1 00:00:40 UTC 2000 on ttyS0
root
Linux arm 6.6.117 #1 SMP Mon Nov 24 14:19:03 EET 2025 armv7l

The programs included with the Debian GNU/Linux system are free software;
the exact distribution terms for each program are described in the
individual files in /usr/share/doc/*/copyright.

Debian GNU/Linux comes with ABSOLUTELY NO WARRANTY, to the extent
permitted by applicable law.
root@arm:~# root
-bash: root: command not found
root@arm:~# dmesg -n 1
root@arm:~# echo 'HMNO''ZGVBUG'
HMNOZGVBUG
root@arm:~# run() { echo -n "$MARKER"; sh -c "$@"; echo "$MARKER $?"; }
root@arm:~# echo 'YNUP''ZVCOTW'
YNUPZVCOTW
root@arm:~# MARKER='YKXB''LMKGPN' run 'cat /proc/version'
YKXBLMKGPNLinux version 6.6.117 (user01@drvtest01) (arm-none-eabi-gcc (Arm GNU Toolchain 14.2.Rel1 (Build arm-14.52)) 14.2.1 20241119, GNU ld (Arm GNU Toolchain 14.2.Rel1 (Build arm-14.52)) 2.43.1.20241119) #1 SMP Mon Nov 24 14:19:03 EET 2025
YKXBLMKGPN 0
root@arm:~# echo 'HNYU''FBXOBH'
HNYUFBXOBH
root@arm:~# MARKER='FBKE''HKGAMX' run false
FBKEHKGAMXFBKEHKGAMX 1
root@arm:~# Labgrid Console Logfile for main
Logfile started at 2025-11-24 14:21:51.743068
=== Log starts here ===

root@arm:~# run() { echo -n "$MARKER"; sh -c "$@"; echo "$MARKER $?"; }
root@arm:~# echo 'ZWAF''YFTECT'
ZWAFYFTECT
root@arm:~# MARKER='TXHX''WNZQXQ' run 'ls /iio_generic_buffer; echo $?'
TXHXWNZQXQ/iio_generic_buffer
0
TXHXWNZQXQ 0
root@arm:~# Labgrid Console Logfile for main
Logfile started at 2025-11-24 14:21:55.118916
=== Log starts here ===

root@arm:~# run() { echo -n "$MARKER"; sh -c "$@"; echo "$MARKER $?"; }
root@arm:~# echo 'JLUC''CUPNJU'
JLUCCUPNJU
root@arm:~# MARKER='XONS''MMACWZ' run dmesg
XONSMMACWZ[    0.000000] Booting Linux on physical CPU 0x0
[    0.000000] Linux version 6.6.117 (user01@drvtest01) (arm-none-eabi-gcc (Arm GNU Toolchain 14.2.Rel1 (Build arm-14.52)) 14.2.1 20241119, GNU ld (Arm GNU Toolchain 14.2.Rel1 (Build arm-14.52)) 2.43.1.20241119) #1 SMP Mon Nov 24 14:19:03 EET 2025
[    0.000000] CPU: ARMv7 Processor [413fc082] revision 2 (ARMv7), cr=10c5387d
[    0.000000] CPU: PIPT / VIPT nonaliasing data cache, VIPT aliasing instruction cache
[    0.000000] OF: fdt: Machine model: TI AM335x BeagleBone Black
[    0.000000] Memory policy: Data cache writeback
[    0.000000] cma: Reserved 16 MiB at 0x9e800000 on node -1
[    0.000000] Zone ranges:
[    0.000000]   Normal   [mem 0x0000000080000000-0x000000009fdfffff]
[    0.000000]   HighMem  empty
[    0.000000] Movable zone start for each node
[    0.000000] Early memory node ranges
[    0.000000]   node   0: [mem 0x0000000080000000-0x000000009fdfffff]
[    0.000000] Initmem setup node 0 [mem 0x0000000080000000-0x000000009fdfffff]
[    0.000000] CPU: All CPU(s) started in SVC mode.
[    0.000000] AM335X ES2.1 (sgx neon)
[    0.000000] percpu: Embedded 16 pages/cpu s36116 r8192 d21228 u65536
[    0.000000] pcpu-alloc: s36116 r8192 d21228 u65536 alloc=16*4096
[    0.000000] pcpu-alloc: [0] 0 
[    0.000000] Kernel command line: console=ttyO0,115200n8 root=/dev/nfs rw nfsroot=192.168.255.126:/home/user01/nfs,nfsvers=3 ip=192.168.255.1:192.168.255.126::255.255.255.0:bbb1:eth0 nfsrootdebug
[    0.000000] Unknown kernel command line parameters "nfsrootdebug", will be passed to user space.
[    0.000000] Dentry cache hash table entries: 65536 (order: 6, 262144 bytes, linear)
[    0.000000] Inode-cache hash table entries: 32768 (order: 5, 131072 bytes, linear)
[    0.000000] Built 1 zonelists, mobility grouping on.  Total pages: 129412
[    0.000000] mem auto-init: stack:off, heap alloc:off, heap free:off
[    0.000000] Memory: 483604K/522240K available (11264K kernel code, 1165K rwdata, 2704K rodata, 1024K init, 281K bss, 22252K reserved, 16384K cma-reserved, 0K highmem)
[    0.000000] SLUB: HWalign=64, Order=0-3, MinObjects=0, CPUs=1, Nodes=1
[    0.000000] rcu: Hierarchical RCU implementation.
[    0.000000] rcu: 	RCU event tracing is enabled.
[    0.000000] rcu: 	RCU restricting CPUs from NR_CPUS=2 to nr_cpu_ids=1.
[    0.000000] rcu: RCU calculated value of scheduler-enlistment delay is 10 jiffies.
[    0.000000] rcu: Adjusting geometry for rcu_fanout_leaf=16, nr_cpu_ids=1
[    0.000000] NR_IRQS: 16, nr_irqs: 16, preallocated irqs: 16
[    0.000000] IRQ: Found an INTC at 0x(ptrval) (revision 5.0) with 128 interrupts
[    0.000000] rcu: srcu_init: Setting srcu_struct sizes based on contention.
[    0.000000] TI gptimer clocksource: always-on /ocp/interconnect@44c00000/segment@200000/target-module@31000
[    0.000003] sched_clock: 32 bits at 24MHz, resolution 41ns, wraps every 89478484971ns
[    0.000028] clocksource: dmtimer: mask: 0xffffffff max_cycles: 0xffffffff, max_idle_ns: 79635851949 ns
[    0.000509] TI gptimer clockevent: 24000000 Hz at /ocp/interconnect@48000000/segment@0/target-module@40000
[    0.002084] Console: colour dummy device 80x30
[    0.002135] WARNING: Your 'console=ttyO0' has been replaced by 'ttyS0'
[    0.002142] This ensures that you still see kernel messages. Please
[    0.002147] update your kernel commandline.
[    0.002185] Calibrating delay loop... 996.14 BogoMIPS (lpj=4980736)
[    0.090563] CPU: Testing write buffer coherency: ok
[    0.090662] CPU0: Spectre v2: using BPIALL workaround
[    0.090673] pid_max: default: 32768 minimum: 301
[    0.090785] LSM: initializing lsm=capability,integrity
[    0.090953] Mount-cache hash table entries: 1024 (order: 0, 4096 bytes, linear)
[    0.090972] Mountpoint-cache hash table entries: 1024 (order: 0, 4096 bytes, linear)
[    0.092439] CPU0: thread -1, cpu 0, socket -1, mpidr 0
[    0.094061] Setting up static identity map for 0x80100000 - 0x80100078
[    0.094344] rcu: Hierarchical SRCU implementation.
[    0.094353] rcu: 	Max phase no-delay instances is 1000.
[    0.095722] smp: Bringing up secondary CPUs ...
[    0.095777] smp: Brought up 1 node, 1 CPU
[    0.095791] SMP: Total of 1 processors activated (996.14 BogoMIPS).
[    0.095802] CPU: All CPU(s) started in SVC mode.
[    0.096675] devtmpfs: initialized
[    0.113256] VFP support v0.3: implementor 41 architecture 3 part 30 variant c rev 3
[    0.113602] clocksource: jiffies: mask: 0xffffffff max_cycles: 0xffffffff, max_idle_ns: 19112604462750000 ns
[    0.113636] futex hash table entries: 256 (order: 2, 16384 bytes, linear)
[    0.114930] pinctrl core: initialized pinctrl subsystem
[    0.117066] NET: Registered PF_NETLINK/PF_ROUTE protocol family
[    0.119599] DMA: preallocated 256 KiB pool for atomic coherent allocations
[    0.120201] audit: initializing netlink subsys (disabled)
[    0.121742] thermal_sys: Registered thermal governor 'fair_share'
[    0.121762] thermal_sys: Registered thermal governor 'step_wise'
[    0.121768] thermal_sys: Registered thermal governor 'user_space'
[    0.121902] cpuidle: using governor menu
[    0.138253] /ocp/interconnect@44c00000/segment@200000/target-module@b000/i2c@0/tda19988@70: Fixed dependency cycle(s) with /ocp/interconnect@48000000/segment@300000/target-module@e000/lcdc@0
[    0.139300] /ocp/interconnect@48000000/segment@300000/target-module@e000/lcdc@0: Fixed dependency cycle(s) with /ocp/interconnect@44c00000/segment@200000/target-module@b000/i2c@0/tda19988@70
[    0.141523] No ATAGs?
[    0.141542] hw-breakpoint: debug architecture 0x4 unsupported.
[    0.144321] audit: type=2000 audit(0.120:1): state=initialized audit_enabled=0 res=1
[    0.144623] kprobes: kprobe jump-optimization is enabled. All kprobes are optimized if possible.
[    0.163285] iommu: Default domain type: Translated
[    0.163305] iommu: DMA domain TLB invalidation policy: strict mode
[    0.164755] SCSI subsystem initialized
[    0.165588] reg-fixed-voltage fixedregulator0: using DT '/fixedregulator0' for '(null)' GPIO lookup
[    0.165640] of_get_named_gpiod_flags: can't parse 'gpios' property of node '/fixedregulator0[0]'
[    0.165670] of_get_named_gpiod_flags: can't parse 'gpio' property of node '/fixedregulator0[0]'
[    0.165688] reg-fixed-voltage fixedregulator0: using lookup tables for GPIO lookup
[    0.165699] reg-fixed-voltage fixedregulator0: No GPIO consumer (null) found
[    0.166223] libata version 3.00 loaded.
[    0.166576] pps_core: LinuxPPS API ver. 1 registered
[    0.166588] pps_core: Software ver. 5.3.6 - Copyright 2005-2007 Rodolfo Giometti <giometti@linux.it>
[    0.166612] PTP clock support registered
[    0.170971] vgaarb: loaded
[    0.171304] clocksource: Switched to clocksource dmtimer
[    0.171911] VFS: Disk quotas dquot_6.6.0
[    0.171971] VFS: Dquot-cache hash table entries: 1024 (order 0, 4096 bytes)
[    0.205100] NET: Registered PF_INET protocol family
[    0.205439] IP idents hash table entries: 8192 (order: 4, 65536 bytes, linear)
[    0.206797] tcp_listen_portaddr_hash hash table entries: 512 (order: 0, 4096 bytes, linear)
[    0.206835] Table-perturb hash table entries: 65536 (order: 6, 262144 bytes, linear)
[    0.206852] TCP established hash table entries: 4096 (order: 2, 16384 bytes, linear)
[    0.206899] TCP bind hash table entries: 4096 (order: 4, 65536 bytes, linear)
[    0.206999] TCP: Hash tables configured (established 4096 bind 4096)
[    0.207134] UDP hash table entries: 256 (order: 1, 8192 bytes, linear)
[    0.207162] UDP-Lite hash table entries: 256 (order: 1, 8192 bytes, linear)
[    0.207335] NET: Registered PF_UNIX/PF_LOCAL protocol family
[    0.212110] RPC: Registered named UNIX socket transport module.
[    0.212134] RPC: Registered udp transport module.
[    0.212140] RPC: Registered tcp transport module.
[    0.212145] RPC: Registered tcp-with-tls transport module.
[    0.212150] RPC: Registered tcp NFSv4.1 backchannel transport module.
[    0.212175] PCI: CLS 0 bytes, default 64
[    0.213751] Initialise system trusted keyrings
[    0.221915] workingset: timestamp_bits=14 max_order=17 bucket_order=3
[    0.223149] NFS: Registering the id_resolver key type
[    0.223223] Key type id_resolver registered
[    0.223231] Key type id_legacy registered
[    0.223286] jffs2: version 2.2. (NAND) (SUMMARY)  Â© 2001-2006 Red Hat, Inc.
[    0.223678] Key type asymmetric registered
[    0.223693] Asymmetric key parser 'x509' registered
[    0.223782] io scheduler mq-deadline registered
[    0.223793] io scheduler kyber registered
[    0.223858] io scheduler bfq registered
[    0.233939] hw perfevents: enabled with armv7_cortex_a8 PMU driver, 5 counters available
[    0.249454] Serial: 8250/16550 driver, 6 ports, IRQ sharing enabled
[    0.287209] brd: module loaded
[    0.309186] loop: module loaded
[    0.310125] mtdoops: mtd device (mtddev=name/number) must be supplied
[    0.311754] mdio_bus fixed-0: using lookup tables for GPIO lookup
[    0.311778] mdio_bus fixed-0: No GPIO consumer reset found
[    0.313022] i2c_dev: i2c /dev entries driver
[    0.313990] cpuidle: enable-method property 'ti,am3352' found operations
[    0.314436] sdhci: Secure Digital Host Controller Interface driver
[    0.314446] sdhci: Copyright(c) Pierre Ossman
[    0.314636] sdhci-pltfm: SDHCI platform and OF driver helper
[    0.314912] ledtrig-cpu: registered to indicate activity on CPUs
[    0.315664] Initializing XFRM netlink socket
[    0.315806] NET: Registered PF_INET6 protocol family
[    0.326909] Segment Routing with IPv6
[    0.326985] In-situ OAM (IOAM) with IPv6
[    0.327091] sit: IPv6, IPv4 and MPLS over IPv4 tunneling driver
[    0.328060] NET: Registered PF_PACKET protocol family
[    0.328092] NET: Registered PF_KEY protocol family
[    0.328215] Key type dns_resolver registered
[    0.328434] ThumbEE CPU extension supported.
[    0.328455] Registering SWP/SWPB emulation handler
[    0.328965] omap_voltage_late_init: Voltage driver support not added
[    0.329603] SmartReflex Class3 initialized
[    0.355993] Loading compiled-in X.509 certificates
[    0.413816] /ocp/interconnect@44c00000/segment@200000/target-module@b000/i2c@0/tda19988@70: Fixed dependency cycle(s) with /ocp/interconnect@48000000/segment@300000/target-module@e000/lcdc@0
[    0.419902] /ocp/interconnect@44c00000/segment@200000/target-module@b000/i2c@0/tda19988@70: Fixed dependency cycle(s) with /ocp/interconnect@48000000/segment@300000/target-module@e000/lcdc@0
[    0.425459] gpiochip_find_base: found new base at 512
[    0.427901] /ocp/interconnect@44c00000/segment@200000/target-module@b000/i2c@0/tda19988@70: Fixed dependency cycle(s) with /ocp/interconnect@48000000/segment@300000/target-module@e000/lcdc@0
[    0.428732] /ocp/interconnect@44c00000/segment@200000/target-module@b000/i2c@0/tda19988@70: Fixed dependency cycle(s) with /ocp/interconnect@48000000/segment@300000/target-module@e000/lcdc@0
[    0.432119] /ocp/interconnect@44c00000/segment@200000/target-module@10000/scm@0/pinmux@800: Fixed dependency cycle(s) with /ocp/interconnect@44c00000/segment@200000/target-module@10000/scm@0/pinmux@800/clkout2-pins
[    0.432722] pinctrl-single 44e10800.pinmux: 142 pins, size 568
[    0.437773] ti-sysc: probe of 44e31000.target-module failed with error -16
[    0.476211] /ocp/interconnect@48000000/segment@300000/target-module@e000/lcdc@0: Fixed dependency cycle(s) with /ocp/interconnect@44c00000/segment@200000/target-module@b000/i2c@0/tda19988@70
[    0.484157] ti-sysc: probe of 48040000.target-module failed with error -16
[    0.495215] gpiochip_find_base: found new base at 512
[    0.495284] gpio gpiochip0: (gpio-0-31): created GPIO range 0->7 ==> 44e10800.pinmux PIN 0->7
[    0.495304] gpio gpiochip0: (gpio-0-31): created GPIO range 8->11 ==> 44e10800.pinmux PIN 90->93
[    0.495321] gpio gpiochip0: (gpio-0-31): created GPIO range 12->27 ==> 44e10800.pinmux PIN 12->27
[    0.495337] gpio gpiochip0: (gpio-0-31): created GPIO range 28->31 ==> 44e10800.pinmux PIN 30->33
[    0.517364] gpio gpiochip0: (gpio-0-31): added GPIO chardev (254:0)
[    0.517529] gpio gpiochip0: registered GPIOs 512 to 543 on gpio-0-31
[    0.517613] OMAP GPIO hardware version 0.1
[    0.555882] i2c i2c-2: using DT '/ocp/interconnect@48000000/segment@100000/target-module@9c000/i2c@0' for 'scl' GPIO lookup
[    0.555954] of_get_named_gpiod_flags: can't parse 'scl-gpios' property of node '/ocp/interconnect@48000000/segment@100000/target-module@9c000/i2c@0[0]'
[    0.555996] of_get_named_gpiod_flags: can't parse 'scl-gpio' property of node '/ocp/interconnect@48000000/segment@100000/target-module@9c000/i2c@0[0]'
[    0.556031] i2c i2c-2: using lookup tables for GPIO lookup
[    0.556041] i2c i2c-2: No GPIO consumer scl found
[    0.556063] i2c i2c-2: using DT '/ocp/interconnect@48000000/segment@100000/target-module@9c000/i2c@0' for 'sda' GPIO lookup
[    0.556097] of_get_named_gpiod_flags: can't parse 'sda-gpios' property of node '/ocp/interconnect@48000000/segment@100000/target-module@9c000/i2c@0[0]'
[    0.556134] of_get_named_gpiod_flags: can't parse 'sda-gpio' property of node '/ocp/interconnect@48000000/segment@100000/target-module@9c000/i2c@0[0]'
[    0.556165] i2c i2c-2: using lookup tables for GPIO lookup
[    0.556173] i2c i2c-2: No GPIO consumer sda found
[    0.556860] omap_i2c 4819c000.i2c: bus 2 rev0.11 at 100 kHz
[    0.562389] gpiochip_find_base: found new base at 544
[    0.562456] gpio gpiochip1: (gpio-32-63): created GPIO range 0->17 ==> 44e10800.pinmux PIN 34->51
[    0.562475] gpio gpiochip1: (gpio-32-63): created GPIO range 18->21 ==> 44e10800.pinmux PIN 77->80
[    0.562491] gpio gpiochip1: (gpio-32-63): created GPIO range 22->31 ==> 44e10800.pinmux PIN 56->65
[    0.575931] gpio gpiochip1: (gpio-32-63): added GPIO chardev (254:1)
[    0.576093] gpio gpiochip1: registered GPIOs 544 to 575 on gpio-32-63
[    0.578245] gpiochip_find_base: found new base at 576
[    0.578303] gpio gpiochip2: (gpio-64-95): created GPIO range 0->4 ==> 44e10800.pinmux PIN 66->70
[    0.578321] gpio gpiochip2: (gpio-64-95): created GPIO range 5->6 ==> 44e10800.pinmux PIN 98->99
[    0.578336] gpio gpiochip2: (gpio-64-95): created GPIO range 7->8 ==> 44e10800.pinmux PIN 75->76
[    0.578351] gpio gpiochip2: (gpio-64-95): created GPIO range 13->13 ==> 44e10800.pinmux PIN 141->141
[    0.578367] gpio gpiochip2: (gpio-64-95): created GPIO range 14->21 ==> 44e10800.pinmux PIN 100->107
[    0.578937] gpio gpiochip2: (gpio-64-95): added GPIO chardev (254:2)
[    0.579059] gpio gpiochip2: registered GPIOs 576 to 607 on gpio-64-95
[    0.585476] /ocp/interconnect@48000000/segment@300000/target-module@e000/lcdc@0: Fixed dependency cycle(s) with /ocp/interconnect@44c00000/segment@200000/target-module@b000/i2c@0/tda19988@70
[    0.588165] /ocp/interconnect@48000000/segment@300000/target-module@e000/lcdc@0: Fixed dependency cycle(s) with /ocp/interconnect@44c00000/segment@200000/target-module@b000/i2c@0/tda19988@70
[    0.588840] /ocp/interconnect@44c00000/segment@200000/target-module@b000/i2c@0/tda19988@70: Fixed dependency cycle(s) with /ocp/interconnect@48000000/segment@300000/target-module@e000/lcdc@0
[    0.588998] /ocp/interconnect@48000000/segment@300000/target-module@e000/lcdc@0: Fixed dependency cycle(s) with /ocp/interconnect@44c00000/segment@200000/target-module@b000/i2c@0/tda19988@70
[    0.598372] mdio_bus 4a101000.mdio: using DT '/ocp/interconnect@4a000000/segment@0/target-module@100000/switch@0/mdio@1000' for 'reset' GPIO lookup
[    0.598445] of_get_named_gpiod_flags: can't parse 'reset-gpios' property of node '/ocp/interconnect@4a000000/segment@0/target-module@100000/switch@0/mdio@1000[0]'
[    0.598491] of_get_named_gpiod_flags: can't parse 'reset-gpio' property of node '/ocp/interconnect@4a000000/segment@0/target-module@100000/switch@0/mdio@1000[0]'
[    0.598538] mdio_bus 4a101000.mdio: using lookup tables for GPIO lookup
[    0.598548] mdio_bus 4a101000.mdio: No GPIO consumer reset found
[    0.600378] sdhci-omap 481d8000.mmc: using DT '/ocp/interconnect@48000000/segment@100000/target-module@d8000/mmc@0' for 'wp' GPIO lookup
[    0.600446] of_get_named_gpiod_flags: can't parse 'wp-gpios' property of node '/ocp/interconnect@48000000/segment@100000/target-module@d8000/mmc@0[0]'
[    0.600489] of_get_named_gpiod_flags: can't parse 'wp-gpio' property of node '/ocp/interconnect@48000000/segment@100000/target-module@d8000/mmc@0[0]'
[    0.600525] sdhci-omap 481d8000.mmc: using lookup tables for GPIO lookup
[    0.600535] sdhci-omap 481d8000.mmc: No GPIO consumer wp found
[    0.600741] sdhci-omap 481d8000.mmc: supply pbias not found, using dummy regulator
[    0.601221] sdhci-omap 481d8000.mmc: supply vqmmc not found, using dummy regulator
[    0.685747] davinci_mdio 4a101000.mdio: davinci mdio revision 1.6, bus freq 1000000
[    0.703533] mdio_bus 4a101000.mdio:00: using DT '/ocp/interconnect@4a000000/segment@0/target-module@100000/switch@0/mdio@1000/ethernet-phy@0' for 'reset' GPIO lookup
[    0.703639] of_get_named_gpiod_flags: parsed 'reset-gpios' property of node '/ocp/interconnect@4a000000/segment@0/target-module@100000/switch@0/mdio@1000/ethernet-phy@0[0]' - status (0)
[    0.703800] gpio gpiochip0: Persistence not supported for GPIO 8
[    0.864432] davinci_mdio 4a101000.mdio: phy[0]: device 4a101000.mdio:00, driver SMSC LAN8710/LAN8720
[    0.865050] cpsw-switch 4a100000.switch: initialized cpsw ale version 1.4
[    0.865072] cpsw-switch 4a100000.switch: ALE Table size 1024
[    0.865368] cpsw-switch 4a100000.switch: cpts: overflow check period 500 (jiffies)
[    0.865390] cpsw-switch 4a100000.switch: CPTS: ref_clk_freq:250000000 calc_mult:2147483648 calc_shift:29 error:0 nsec/sec
[    0.865490] cpsw-switch 4a100000.switch: Detected MACID = 6c:ec:eb:68:de:78
[    0.867315] cpsw-switch 4a100000.switch: initialized (regs 0x4a100000, pool size 256) hw_ver:0019010C 1.12 (0)
[    0.878104] debugfs: Directory '49000000.dma' with parent 'dmaengine' already present!
[    0.878145] edma 49000000.dma: TI EDMA DMA engine driver
[    0.918887] gpio-clk clk_mcasp0: using DT '/clk_mcasp0' for 'enable' GPIO lookup
[    0.918962] of_get_named_gpiod_flags: parsed 'enable-gpios' property of node '/clk_mcasp0[0]' - status (0)
[    0.919002] gpio gpiochip0: Persistence not supported for GPIO 27
[    0.919854] gpiochip_find_base: found new base at 608
[    0.919920] gpio gpiochip3: (gpio-96-127): created GPIO range 0->7 ==> 44e10800.pinmux PIN 82->89
[    0.919940] gpio gpiochip3: (gpio-96-127): created GPIO range 8->11 ==> 44e10800.pinmux PIN 52->55
[    0.919956] gpio gpiochip3: (gpio-96-127): created GPIO range 12->15 ==> 44e10800.pinmux PIN 94->97
[    0.919972] gpio gpiochip3: (gpio-96-127): created GPIO range 16->17 ==> 44e10800.pinmux PIN 71->72
[    0.919988] gpio gpiochip3: (gpio-96-127): created GPIO range 18->18 ==> 44e10800.pinmux PIN 135->135
[    0.920004] gpio gpiochip3: (gpio-96-127): created GPIO range 19->20 ==> 44e10800.pinmux PIN 108->109
[    0.920020] gpio gpiochip3: (gpio-96-127): created GPIO range 21->21 ==> 44e10800.pinmux PIN 73->73
[    0.920036] gpio gpiochip3: (gpio-96-127): created GPIO range 22->23 ==> 44e10800.pinmux PIN 8->9
[    0.920053] gpio gpiochip3: (gpio-96-127): created GPIO range 26->27 ==> 44e10800.pinmux PIN 10->11
[    0.920070] gpio gpiochip3: (gpio-96-127): created GPIO range 28->28 ==> 44e10800.pinmux PIN 74->74
[    0.920088] gpio gpiochip3: (gpio-96-127): created GPIO range 29->29 ==> 44e10800.pinmux PIN 81->81
[    0.920106] gpio gpiochip3: (gpio-96-127): created GPIO range 30->31 ==> 44e10800.pinmux PIN 28->29
[    0.931933] gpio gpiochip3: (gpio-96-127): added GPIO chardev (254:3)
[    0.932082] gpio gpiochip3: registered GPIOs 608 to 639 on gpio-96-127
[    0.934027] omap8250 44e09000.serial: using DT '/ocp/interconnect@44c00000/segment@200000/target-module@9000/serial@0' for 'rs485-term' GPIO lookup
[    0.934098] of_get_named_gpiod_flags: can't parse 'rs485-term-gpios' property of node '/ocp/interconnect@44c00000/segment@200000/target-module@9000/serial@0[0]'
[    0.934142] of_get_named_gpiod_flags: can't parse 'rs485-term-gpio' property of node '/ocp/interconnect@44c00000/segment@200000/target-module@9000/serial@0[0]'
[    0.934177] omap8250 44e09000.serial: using lookup tables for GPIO lookup
[    0.934187] omap8250 44e09000.serial: No GPIO consumer rs485-term found
[    0.934197] omap8250 44e09000.serial: using DT '/ocp/interconnect@44c00000/segment@200000/target-module@9000/serial@0' for 'rs485-rx-during-tx' GPIO lookup
[    0.934233] of_get_named_gpiod_flags: can't parse 'rs485-rx-during-tx-gpios' property of node '/ocp/interconnect@44c00000/segment@200000/target-module@9000/serial@0[0]'
[    0.934270] of_get_named_gpiod_flags: can't parse 'rs485-rx-during-tx-gpio' property of node '/ocp/interconnect@44c00000/segment@200000/target-module@9000/serial@0[0]'
[    0.934302] omap8250 44e09000.serial: using lookup tables for GPIO lookup
[    0.934310] omap8250 44e09000.serial: No GPIO consumer rs485-rx-during-tx found
[    0.934681] 44e09000.serial: ttyS0 at MMIO 0x44e09000 (irq = 34, base_baud = 3000000) is a 8250
[    0.934764] printk: console [ttyS0] enabled
[    2.125866] i2c i2c-0: using DT '/ocp/interconnect@44c00000/segment@200000/target-module@b000/i2c@0' for 'scl' GPIO lookup
[    2.125963] of_get_named_gpiod_flags: can't parse 'scl-gpios' property of node '/ocp/interconnect@44c00000/segment@200000/target-module@b000/i2c@0[0]'
[    2.126008] of_get_named_gpiod_flags: can't parse 'scl-gpio' property of node '/ocp/interconnect@44c00000/segment@200000/target-module@b000/i2c@0[0]'
[    2.126047] i2c i2c-0: using lookup tables for GPIO lookup
[    2.126059] i2c i2c-0: No GPIO consumer scl found
[    2.126082] i2c i2c-0: using DT '/ocp/interconnect@44c00000/segment@200000/target-module@b000/i2c@0' for 'sda' GPIO lookup
[    2.126119] of_get_named_gpiod_flags: can't parse 'sda-gpios' property of node '/ocp/interconnect@44c00000/segment@200000/target-module@b000/i2c@0[0]'
[    2.126158] of_get_named_gpiod_flags: can't parse 'sda-gpio' property of node '/ocp/interconnect@44c00000/segment@200000/target-module@b000/i2c@0[0]'
[    2.126191] i2c i2c-0: using lookup tables for GPIO lookup
[    2.126200] i2c i2c-0: No GPIO consumer sda found
[    2.152195] tps65217-pmic: Failed to locate of_node [id: -1]
[    2.158233] tps65217-bl: Failed to locate of_node [id: -1]
[    2.169326] tps65217 0-0024: TPS65217 ID 0xe version 1.2
[    2.175450] /ocp/interconnect@48000000/segment@300000/target-module@e000/lcdc@0: Fixed dependency cycle(s) with /ocp/interconnect@44c00000/segment@200000/target-module@b000/i2c@0/tda19988@70
[    2.192792] /ocp/interconnect@44c00000/segment@200000/target-module@b000/i2c@0/tda19988@70: Fixed dependency cycle(s) with /ocp/interconnect@48000000/segment@300000/target-module@e000/lcdc@0
[    2.210137] omap_i2c 44e0b000.i2c: bus 0 rev0.11 at 400 kHz
[    2.217826] sdhci-omap 48060000.mmc: using DT '/ocp/interconnect@48000000/segment@0/target-module@60000/mmc@0' for 'cd' GPIO lookup
[    2.217927] of_get_named_gpiod_flags: parsed 'cd-gpios' property of node '/ocp/interconnect@48000000/segment@0/target-module@60000/mmc@0[0]' - status (0)
[    2.218046] gpio gpiochip3: Persistence not supported for GPIO 6
[    2.218072] omap_gpio 44e07000.gpio: Could not set line 6 debounce to 200000 microseconds (-22)
[    2.226945] sdhci-omap 48060000.mmc: Got CD GPIO
[    2.231618] sdhci-omap 48060000.mmc: using DT '/ocp/interconnect@48000000/segment@0/target-module@60000/mmc@0' for 'wp' GPIO lookup
[    2.231666] of_get_named_gpiod_flags: can't parse 'wp-gpios' property of node '/ocp/interconnect@48000000/segment@0/target-module@60000/mmc@0[0]'
[    2.231710] of_get_named_gpiod_flags: can't parse 'wp-gpio' property of node '/ocp/interconnect@48000000/segment@0/target-module@60000/mmc@0[0]'
[    2.231747] sdhci-omap 48060000.mmc: using lookup tables for GPIO lookup
[    2.231759] sdhci-omap 48060000.mmc: No GPIO consumer wp found
[    2.231951] sdhci-omap 48060000.mmc: supply pbias not found, using dummy regulator
[    2.240945] sdhci-omap 481d8000.mmc: using DT '/ocp/interconnect@48000000/segment@100000/target-module@d8000/mmc@0' for 'wp' GPIO lookup
[    2.241042] of_get_named_gpiod_flags: can't parse 'wp-gpios' property of node '/ocp/interconnect@48000000/segment@100000/target-module@d8000/mmc@0[0]'
[    2.241089] of_get_named_gpiod_flags: can't parse 'wp-gpio' property of node '/ocp/interconnect@48000000/segment@100000/target-module@d8000/mmc@0[0]'
[    2.241126] sdhci-omap 481d8000.mmc: using lookup tables for GPIO lookup
[    2.241137] sdhci-omap 481d8000.mmc: No GPIO consumer wp found
[    2.242183] sdhci-omap 48060000.mmc: supply vqmmc not found, using dummy regulator
[    2.250867] sdhci-omap 481d8000.mmc: supply pbias not found, using dummy regulator
[    2.260096] sdhci-omap 481d8000.mmc: supply vqmmc not found, using dummy regulator
[    2.299446] mmc1: SDHCI controller on 481d8000.mmc [481d8000.mmc] using External DMA
[    2.307903] mmc0: SDHCI controller on 48060000.mmc [48060000.mmc] using External DMA
[    2.316598] cpsw-switch 4a100000.switch: starting ndev. mode: dual_mac
[    2.381610] mmc1: new high speed MMC card at address 0001
[    2.388499] mmcblk1: mmc1:0001 MMC04G 3.60 GiB
[    2.395914]  mmcblk1: p1 p2
[    2.399433] mmc0: new high speed SDHC card at address aaaa
[    2.406451] mmcblk1boot0: mmc1:0001 MMC04G 2.00 MiB
[    2.413114] mmcblk0: mmc0:aaaa SE32G 29.7 GiB
[    2.419597] mmcblk1boot1: mmc1:0001 MMC04G 2.00 MiB
[    2.427879] mmcblk1rpmb: mmc1:0001 MMC04G 128 KiB, chardev (250:0)
[    2.434621]  mmcblk0: p1 p2
[    2.492588] SMSC LAN8710/LAN8720 4a101000.mdio:00: attached PHY driver (mii_bus:phy_addr=4a101000.mdio:00, irq=POLL)
[    5.602049] cpsw-switch 4a100000.switch eth0: Link is Up - 100Mbps/Full - flow control off
[    5.651355] IP-Config: Complete:
[    5.654623]      device=eth0, hwaddr=6c:ec:eb:68:de:78, ipaddr=192.168.255.1, mask=255.255.255.0, gw=255.255.255.255
[    5.665239]      host=bbb1, domain=, nis-domain=(none)
[    5.670403]      bootserver=192.168.255.126, rootserver=192.168.255.126, rootpath=
[    5.670826] clk: Disabling unused clocks
[    5.682693] KTAP version 1
[    5.685423] 1..0
[    5.709281] VFS: Mounted root (nfs filesystem) on device 0:16.
[    5.716325] devtmpfs: mounted
[    5.720961] Freeing unused kernel image (initmem) memory: 1024K
[    5.727984] Run /sbin/init as init process
[    5.732216]   with arguments:
[    5.732230]     /sbin/init
[    5.732238]     nfsrootdebug
[    5.732246]   with environment:
[    5.732253]     HOME=/
[    5.732260]     TERM=linux
[    6.403498] systemd[1]: System time before build time, advancing clock.
[    7.861324] random: crng init done
[    7.931806] systemd[1]: systemd 232 running in system mode. (+PAM +AUDIT +SELINUX +IMA +APPARMOR +SMACK +SYSVINIT +UTMP +LIBCRYPTSETUP +GCRYPT +GNUTLS +ACL +XZ +LZ4 +SECCOMP +BLKID +ELFUTILS +KMOD +IDN)
[    7.950814] systemd[1]: Detected architecture arm.
[    7.994272] systemd[1]: Set hostname to <arm>.
[    9.054416] systemd[1]: Started Forward Password Requests to Wall Directory Watch.
[    9.091835] systemd[1]: Reached target Remote File Systems.
[    9.131873] systemd[1]: Listening on udev Kernel Socket.
[    9.173160] systemd[1]: Listening on Syslog Socket.
[    9.213165] systemd[1]: Listening on udev Control Socket.
[    9.252251] systemd[1]: Started Dispatch Password Requests to Console Directory Watch.
[    9.291605] systemd[1]: Reached target Encrypted Volumes.
[   11.582515] systemd-journald[84]: Received request to flush runtime journal from PID 1
[   14.354874] leds-gpio leds: using DT '/leds/led2' for '(null)' GPIO lookup
[   14.354976] of_get_named_gpiod_flags: parsed 'gpios' property of node '/leds/led2[0]' - status (0)
[   14.355028] gpio gpiochip0: Persistence not supported for GPIO 21
[   14.355041] gpio-533 (?): no flags found for (null)
[   14.355338] leds-gpio leds: using DT '/leds/led3' for '(null)' GPIO lookup
[   14.355392] of_get_named_gpiod_flags: parsed 'gpios' property of node '/leds/led3[0]' - status (0)
[   14.355427] gpio gpiochip0: Persistence not supported for GPIO 22
[   14.355438] gpio-534 (?): no flags found for (null)
[   14.383822] leds-gpio leds: using DT '/leds/led4' for '(null)' GPIO lookup
[   14.383912] of_get_named_gpiod_flags: parsed 'gpios' property of node '/leds/led4[0]' - status (0)
[   14.383957] gpio gpiochip0: Persistence not supported for GPIO 23
[   14.383970] gpio-535 (?): no flags found for (null)
[   14.420520] leds-gpio leds: using DT '/leds/led5' for '(null)' GPIO lookup
[   14.420638] of_get_named_gpiod_flags: parsed 'gpios' property of node '/leds/led5[0]' - status (0)
[   14.420683] gpio gpiochip0: Persistence not supported for GPIO 24
[   14.420697] gpio-536 (?): no flags found for (null)
[   14.685939] remoteproc remoteproc0: wkup_m3 is available
[   14.933095] omap_rtc 44e3e000.rtc: registered as rtc0
[   14.938291] omap_rtc 44e3e000.rtc: setting system clock to 2000-01-01T00:00:00 UTC (946684800)
[   14.947106] omap_rtc 44e3e000.rtc: using DT '/ocp/interconnect@44c00000/segment@200000/target-module@3e000/rtc@0' for 'wp' GPIO lookup
[   14.947181] of_get_named_gpiod_flags: can't parse 'wp-gpios' property of node '/ocp/interconnect@44c00000/segment@200000/target-module@3e000/rtc@0[0]'
[   14.947230] of_get_named_gpiod_flags: can't parse 'wp-gpio' property of node '/ocp/interconnect@44c00000/segment@200000/target-module@3e000/rtc@0[0]'
[   14.947268] omap_rtc 44e3e000.rtc: using lookup tables for GPIO lookup
[   14.947280] omap_rtc 44e3e000.rtc: No GPIO consumer wp found
[   15.241011] omap_wdt: OMAP Watchdog Timer Rev 0x01: initial timeout 60 sec
[   15.529439] am335x-phy-driver 47401300.usb-phy: using DT '/ocp/target-module@47400000/usb-phy@1300' for 'reset' GPIO lookup
[   15.529532] of_get_named_gpiod_flags: can't parse 'reset-gpios' property of node '/ocp/target-module@47400000/usb-phy@1300[0]'
[   15.529575] of_get_named_gpiod_flags: can't parse 'reset-gpio' property of node '/ocp/target-module@47400000/usb-phy@1300[0]'
[   15.529611] am335x-phy-driver 47401300.usb-phy: using lookup tables for GPIO lookup
[   15.529624] am335x-phy-driver 47401300.usb-phy: No GPIO consumer reset found
[   15.529637] am335x-phy-driver 47401300.usb-phy: using DT '/ocp/target-module@47400000/usb-phy@1300' for 'vbus-detect' GPIO lookup
[   15.529666] of_get_named_gpiod_flags: can't parse 'vbus-detect-gpios' property of node '/ocp/target-module@47400000/usb-phy@1300[0]'
[   15.529696] of_get_named_gpiod_flags: can't parse 'vbus-detect-gpio' property of node '/ocp/target-module@47400000/usb-phy@1300[0]'
[   15.529720] am335x-phy-driver 47401300.usb-phy: using lookup tables for GPIO lookup
[   15.529730] am335x-phy-driver 47401300.usb-phy: No GPIO consumer vbus-detect found
[   15.529874] am335x-phy-driver 47401300.usb-phy: dummy supplies not allowed for exclusive requests
[   15.541502] at24 2-0054: supply vcc not found, using dummy regulator
[   15.666792] usbcore: registered new interface driver usbfs
[   15.672632] usbcore: registered new interface driver hub
[   15.678073] usbcore: registered new device driver usb
[   15.773349] at24 2-0055: supply vcc not found, using dummy regulator
[   15.891726] at24 2-0056: supply vcc not found, using dummy regulator
[   16.017400] at24 2-0057: supply vcc not found, using dummy regulator
[   16.054381] am335x-phy-driver 47401b00.usb-phy: using DT '/ocp/target-module@47400000/usb-phy@1b00' for 'reset' GPIO lookup
[   16.054542] of_get_named_gpiod_flags: can't parse 'reset-gpios' property of node '/ocp/target-module@47400000/usb-phy@1b00[0]'
[   16.054657] of_get_named_gpiod_flags: can't parse 'reset-gpio' property of node '/ocp/target-module@47400000/usb-phy@1b00[0]'
[   16.054740] am335x-phy-driver 47401b00.usb-phy: using lookup tables for GPIO lookup
[   16.054754] am335x-phy-driver 47401b00.usb-phy: No GPIO consumer reset found
[   16.054767] am335x-phy-driver 47401b00.usb-phy: using DT '/ocp/target-module@47400000/usb-phy@1b00' for 'vbus-detect' GPIO lookup
[   16.054850] of_get_named_gpiod_flags: can't parse 'vbus-detect-gpios' property of node '/ocp/target-module@47400000/usb-phy@1b00[0]'
[   16.054886] of_get_named_gpiod_flags: can't parse 'vbus-detect-gpio' property of node '/ocp/target-module@47400000/usb-phy@1b00[0]'
[   16.054911] am335x-phy-driver 47401b00.usb-phy: using lookup tables for GPIO lookup
[   16.054962] am335x-phy-driver 47401b00.usb-phy: No GPIO consumer vbus-detect found
[   16.055207] am335x-phy-driver 47401b00.usb-phy: dummy supplies not allowed for exclusive requests
[   16.211747] at24 0-0050: using DT '/ocp/interconnect@44c00000/segment@200000/target-module@b000/i2c@0/baseboard_eeprom@50' for 'wp' GPIO lookup
[   16.211920] of_get_named_gpiod_flags: can't parse 'wp-gpios' property of node '/ocp/interconnect@44c00000/segment@200000/target-module@b000/i2c@0/baseboard_eeprom@50[0]'
[   16.212042] of_get_named_gpiod_flags: can't parse 'wp-gpio' property of node '/ocp/interconnect@44c00000/segment@200000/target-module@b000/i2c@0/baseboard_eeprom@50[0]'
[   16.212135] at24 0-0050: using lookup tables for GPIO lookup
[   16.212149] at24 0-0050: No GPIO consumer wp found
[   16.212617] at24 0-0050: 32768 byte 24c256 EEPROM, writable, 1 bytes/write
[   16.293513] tps6521x_pwrbutton tps65217-pwrbutton: DMA mask not set
[   16.361746] input: tps65217_pwrbutton as /devices/platform/ocp/44c00000.interconnect/44c00000.interconnect:segment@200000/44e0b000.target-module/44e0b000.i2c/i2c-0/0-0024/tps65217-pwrbutton/input/input0
[   16.589238] wkup_m3_ipc 44e11324.wkup_m3_ipc: IPC Request for A8->M3 Channel failed! -517
[   16.829939] wkup_m3_ipc 44e11324.wkup_m3_ipc: IPC Request for A8->M3 Channel failed! -517
[   16.956933] musb-hdrc musb-hdrc.1: MUSB HDRC host driver
[   16.962560] musb-hdrc musb-hdrc.1: new USB bus registered, assigned bus number 1
[   16.989925] wkup_m3_ipc 44e11324.wkup_m3_ipc: IPC Request for A8->M3 Channel failed! -517
[   17.113693] usb usb1: New USB device found, idVendor=1d6b, idProduct=0002, bcdDevice= 6.06
[   17.123554] usb usb1: New USB device strings: Mfr=3, Product=2, SerialNumber=1
[   17.130832] usb usb1: Product: MUSB HDRC host driver
[   17.135949] usb usb1: Manufacturer: Linux 6.6.117 musb-hcd
[   17.141535] usb usb1: SerialNumber: musb-hdrc.1
[   17.332199] hub 1-0:1.0: USB hub found
[   17.407723] hub 1-0:1.0: 1 port detected
[   17.478000] wkup_m3_ipc 44e11324.wkup_m3_ipc: IPC Request for A8->M3 Channel failed! -517
[   17.615460] wkup_m3_ipc 44e11324.wkup_m3_ipc: IPC Request for A8->M3 Channel failed! -517
[   17.675688] tda998x 0-0070: found TDA19988
[   17.835242] wkup_m3_ipc 44e11324.wkup_m3_ipc: IPC Request for A8->M3 Channel failed! -517
[   18.159589] omap-mailbox 480c8000.mailbox: omap mailbox rev 0x400
[   18.191694] remoteproc remoteproc0: powering up wkup_m3
[   18.352549] remoteproc remoteproc0: Direct firmware load for am335x-pm-firmware.elf failed with error -2
[   18.362311] remoteproc remoteproc0: request_firmware failed: -2
[   18.368272] wkup_m3_ipc 44e11324.wkup_m3_ipc: rproc_boot failed
[   20.268931] omap_rng 48310000.rng: Random Number Generator ver. 20
[   20.350154] tilcdc 4830e000.lcdc: bound 0-0070 (ops tda998x_audio_codec_init [tda998x])
[   20.473614] [drm] Initialized tilcdc 1.0.0 20121205 for 4830e000.lcdc on minor 0
[   20.561853] tilcdc 4830e000.lcdc: [drm] Cannot find any crtc or sizes
[   20.578302] tilcdc 4830e000.lcdc: [drm] Cannot find any crtc or sizes
[   21.543256] PM: Cannot get wkup_m3_ipc handle
[   21.920318] omap-sham 53100000.sham: hw accel on OMAP rev 4.3
[   22.068960] omap-aes 53500000.aes: OMAP AES hw accel rev: 3.2
[   22.094045] omap-sham 53100000.sham: will run requests pump with realtime priority
[   22.109444] PM: Cannot get wkup_m3_ipc handle
[   22.197839] omap-aes 53500000.aes: will run requests pump with realtime priority
[   22.208992] PM: Cannot get wkup_m3_ipc handle
[   24.050274] Bluetooth: Core ver 2.22
[   24.054275] NET: Registered PF_BLUETOOTH protocol family
[   24.059625] Bluetooth: HCI device and connection manager initialized
[   24.066149] Bluetooth: HCI socket layer initialized
[   24.071063] Bluetooth: L2CAP socket layer initialized
[   24.076240] Bluetooth: SCO socket layer initialized
[   25.847637] PM: Cannot get wkup_m3_ipc handle
[   25.853639] asoc-simple-card sound: using DT '/sound' for 'simple-audio-card,hp-det' GPIO lookup
[   25.853712] of_get_named_gpiod_flags: can't parse 'simple-audio-card,hp-det-gpios' property of node '/sound[0]'
[   25.853747] of_get_named_gpiod_flags: can't parse 'simple-audio-card,hp-det-gpio' property of node '/sound[0]'
[   25.853771] asoc-simple-card sound: using lookup tables for GPIO lookup
[   25.853783] asoc-simple-card sound: No GPIO consumer simple-audio-card,hp-det found
[   25.853796] asoc-simple-card sound: using DT '/sound' for 'simple-audio-card,mic-det' GPIO lookup
[   25.853818] of_get_named_gpiod_flags: can't parse 'simple-audio-card,mic-det-gpios' property of node '/sound[0]'
[   25.853841] of_get_named_gpiod_flags: can't parse 'simple-audio-card,mic-det-gpio' property of node '/sound[0]'
[   25.853858] asoc-simple-card sound: using lookup tables for GPIO lookup
[   25.853869] asoc-simple-card sound: No GPIO consumer simple-audio-card,mic-det found
[   26.077986] PM: Cannot get wkup_m3_ipc handle
[   27.753428] userial_init: registered 8 ttyGS* devices
[   27.984734] rndis_register: configNr = 0
[   28.083630] udc musb-hdrc.0: binding gadget driver [g_multi]
[   28.083723] configfs-gadget.g_multi gadget.0: adding 'rndis'/49c5e569 to config 'c'/a8a81a58
[   28.084851] configfs-gadget.g_multi gadget.0: HOST MAC 1c:ba:8c:a2:ed:6c
[   28.091848] configfs-gadget.g_multi gadget.0: MAC 1c:ba:8c:a2:ed:70
[   28.098210] rndis_set_param_medium: 0 0
[   28.098228] configfs-gadget.g_multi gadget.0: RNDIS: IN/ep1in OUT/ep1out NOTIFY/ep2in
[   28.098244] configfs-gadget.g_multi gadget.0: adding 'cdc_ethernet'/47d92847 to config 'c'/a8a81a58
[   28.099219] configfs-gadget.g_multi gadget.0: HOST MAC 1c:ba:8c:a2:ed:6c
[   28.106069] configfs-gadget.g_multi gadget.0: MAC 1c:ba:8c:a2:ed:6d
[   28.112433] configfs-gadget.g_multi gadget.0: CDC Ethernet: IN/ep3in OUT/ep2out NOTIFY/ep4in
[   28.112450] configfs-gadget.g_multi gadget.0: adding 'acm'/1884d01b to config 'c'/a8a81a58
[   28.112482] configfs-gadget.g_multi gadget.0: acm ttyGS0: IN/ep5in OUT/ep3out NOTIFY/ep6in
[   28.113197] PM: Cannot get wkup_m3_ipc handle
[   29.303654] configfs-gadget.g_multi gadget.0: eth_open
[   29.964406] configfs-gadget.g_multi gadget.0: stop stats: rx/tx 0/0, errs 0/0
[   34.739743] gs_open: ttyGS0 (015f17fc,6b76dea5)
[   34.739895] gs_close: ttyGS0 (015f17fc,6b76dea5) ...
[   34.739916] gs_close: ttyGS0 (015f17fc,6b76dea5) done!
[   34.752591] gs_open: ttyGS0 (ab1d88aa,64aa25aa)
[   34.752728] gs_close: ttyGS0 (ab1d88aa,64aa25aa) ...
[   34.752749] gs_close: ttyGS0 (ab1d88aa,64aa25aa) done!
[   34.913399] gs_open: ttyGS0 (853b9448,bb4d8130)
[   34.913666] gs_close: ttyGS0 (853b9448,bb4d8130) ...
[   34.913697] gs_close: ttyGS0 (853b9448,bb4d8130) done!
[   34.917626] gs_open: ttyGS0 (853b9448,26867f4c)
XONSMMACWZ 0
root@arm:~# echo 'ABPY''BWCWVZ'
ABPYBWCWVZ
root@arm:~# MARKER='JOLX''YOYTHT' run 'modprobe test_linear_ranges'
JOLXYOYTHTJOLXYOYTHT 0
root@arm:~# echo 'YAKC''VFFCSE'
YAKCVFFCSE
root@arm:~# MARKER='YTOK''AUZVEU' run dmesg
YTOKAUZVEU[    0.000000] Booting Linux on physical CPU 0x0
[    0.000000] Linux version 6.6.117 (user01@drvtest01) (arm-none-eabi-gcc (Arm GNU Toolchain 14.2.Rel1 (Build arm-14.52)) 14.2.1 20241119, GNU ld (Arm GNU Toolchain 14.2.Rel1 (Build arm-14.52)) 2.43.1.20241119) #1 SMP Mon Nov 24 14:19:03 EET 2025
[    0.000000] CPU: ARMv7 Processor [413fc082] revision 2 (ARMv7), cr=10c5387d
[    0.000000] CPU: PIPT / VIPT nonaliasing data cache, VIPT aliasing instruction cache
[    0.000000] OF: fdt: Machine model: TI AM335x BeagleBone Black
[    0.000000] Memory policy: Data cache writeback
[    0.000000] cma: Reserved 16 MiB at 0x9e800000 on node -1
[    0.000000] Zone ranges:
[    0.000000]   Normal   [mem 0x0000000080000000-0x000000009fdfffff]
[    0.000000]   HighMem  empty
[    0.000000] Movable zone start for each node
[    0.000000] Early memory node ranges
[    0.000000]   node   0: [mem 0x0000000080000000-0x000000009fdfffff]
[    0.000000] Initmem setup node 0 [mem 0x0000000080000000-0x000000009fdfffff]
[    0.000000] CPU: All CPU(s) started in SVC mode.
[    0.000000] AM335X ES2.1 (sgx neon)
[    0.000000] percpu: Embedded 16 pages/cpu s36116 r8192 d21228 u65536
[    0.000000] pcpu-alloc: s36116 r8192 d21228 u65536 alloc=16*4096
[    0.000000] pcpu-alloc: [0] 0 
[    0.000000] Kernel command line: console=ttyO0,115200n8 root=/dev/nfs rw nfsroot=192.168.255.126:/home/user01/nfs,nfsvers=3 ip=192.168.255.1:192.168.255.126::255.255.255.0:bbb1:eth0 nfsrootdebug
[    0.000000] Unknown kernel command line parameters "nfsrootdebug", will be passed to user space.
[    0.000000] Dentry cache hash table entries: 65536 (order: 6, 262144 bytes, linear)
[    0.000000] Inode-cache hash table entries: 32768 (order: 5, 131072 bytes, linear)
[    0.000000] Built 1 zonelists, mobility grouping on.  Total pages: 129412
[    0.000000] mem auto-init: stack:off, heap alloc:off, heap free:off
[    0.000000] Memory: 483604K/522240K available (11264K kernel code, 1165K rwdata, 2704K rodata, 1024K init, 281K bss, 22252K reserved, 16384K cma-reserved, 0K highmem)
[    0.000000] SLUB: HWalign=64, Order=0-3, MinObjects=0, CPUs=1, Nodes=1
[    0.000000] rcu: Hierarchical RCU implementation.
[    0.000000] rcu: 	RCU event tracing is enabled.
[    0.000000] rcu: 	RCU restricting CPUs from NR_CPUS=2 to nr_cpu_ids=1.
[    0.000000] rcu: RCU calculated value of scheduler-enlistment delay is 10 jiffies.
[    0.000000] rcu: Adjusting geometry for rcu_fanout_leaf=16, nr_cpu_ids=1
[    0.000000] NR_IRQS: 16, nr_irqs: 16, preallocated irqs: 16
[    0.000000] IRQ: Found an INTC at 0x(ptrval) (revision 5.0) with 128 interrupts
[    0.000000] rcu: srcu_init: Setting srcu_struct sizes based on contention.
[    0.000000] TI gptimer clocksource: always-on /ocp/interconnect@44c00000/segment@200000/target-module@31000
[    0.000003] sched_clock: 32 bits at 24MHz, resolution 41ns, wraps every 89478484971ns
[    0.000028] clocksource: dmtimer: mask: 0xffffffff max_cycles: 0xffffffff, max_idle_ns: 79635851949 ns
[    0.000509] TI gptimer clockevent: 24000000 Hz at /ocp/interconnect@48000000/segment@0/target-module@40000
[    0.002084] Console: colour dummy device 80x30
[    0.002135] WARNING: Your 'console=ttyO0' has been replaced by 'ttyS0'
[    0.002142] This ensures that you still see kernel messages. Please
[    0.002147] update your kernel commandline.
[    0.002185] Calibrating delay loop... 996.14 BogoMIPS (lpj=4980736)
[    0.090563] CPU: Testing write buffer coherency: ok
[    0.090662] CPU0: Spectre v2: using BPIALL workaround
[    0.090673] pid_max: default: 32768 minimum: 301
[    0.090785] LSM: initializing lsm=capability,integrity
[    0.090953] Mount-cache hash table entries: 1024 (order: 0, 4096 bytes, linear)
[    0.090972] Mountpoint-cache hash table entries: 1024 (order: 0, 4096 bytes, linear)
[    0.092439] CPU0: thread -1, cpu 0, socket -1, mpidr 0
[    0.094061] Setting up static identity map for 0x80100000 - 0x80100078
[    0.094344] rcu: Hierarchical SRCU implementation.
[    0.094353] rcu: 	Max phase no-delay instances is 1000.
[    0.095722] smp: Bringing up secondary CPUs ...
[    0.095777] smp: Brought up 1 node, 1 CPU
[    0.095791] SMP: Total of 1 processors activated (996.14 BogoMIPS).
[    0.095802] CPU: All CPU(s) started in SVC mode.
[    0.096675] devtmpfs: initialized
[    0.113256] VFP support v0.3: implementor 41 architecture 3 part 30 variant c rev 3
[    0.113602] clocksource: jiffies: mask: 0xffffffff max_cycles: 0xffffffff, max_idle_ns: 19112604462750000 ns
[    0.113636] futex hash table entries: 256 (order: 2, 16384 bytes, linear)
[    0.114930] pinctrl core: initialized pinctrl subsystem
[    0.117066] NET: Registered PF_NETLINK/PF_ROUTE protocol family
[    0.119599] DMA: preallocated 256 KiB pool for atomic coherent allocations
[    0.120201] audit: initializing netlink subsys (disabled)
[    0.121742] thermal_sys: Registered thermal governor 'fair_share'
[    0.121762] thermal_sys: Registered thermal governor 'step_wise'
[    0.121768] thermal_sys: Registered thermal governor 'user_space'
[    0.121902] cpuidle: using governor menu
[    0.138253] /ocp/interconnect@44c00000/segment@200000/target-module@b000/i2c@0/tda19988@70: Fixed dependency cycle(s) with /ocp/interconnect@48000000/segment@300000/target-module@e000/lcdc@0
[    0.139300] /ocp/interconnect@48000000/segment@300000/target-module@e000/lcdc@0: Fixed dependency cycle(s) with /ocp/interconnect@44c00000/segment@200000/target-module@b000/i2c@0/tda19988@70
[    0.141523] No ATAGs?
[    0.141542] hw-breakpoint: debug architecture 0x4 unsupported.
[    0.144321] audit: type=2000 audit(0.120:1): state=initialized audit_enabled=0 res=1
[    0.144623] kprobes: kprobe jump-optimization is enabled. All kprobes are optimized if possible.
[    0.163285] iommu: Default domain type: Translated
[    0.163305] iommu: DMA domain TLB invalidation policy: strict mode
[    0.164755] SCSI subsystem initialized
[    0.165588] reg-fixed-voltage fixedregulator0: using DT '/fixedregulator0' for '(null)' GPIO lookup
[    0.165640] of_get_named_gpiod_flags: can't parse 'gpios' property of node '/fixedregulator0[0]'
[    0.165670] of_get_named_gpiod_flags: can't parse 'gpio' property of node '/fixedregulator0[0]'
[    0.165688] reg-fixed-voltage fixedregulator0: using lookup tables for GPIO lookup
[    0.165699] reg-fixed-voltage fixedregulator0: No GPIO consumer (null) found
[    0.166223] libata version 3.00 loaded.
[    0.166576] pps_core: LinuxPPS API ver. 1 registered
[    0.166588] pps_core: Software ver. 5.3.6 - Copyright 2005-2007 Rodolfo Giometti <giometti@linux.it>
[    0.166612] PTP clock support registered
[    0.170971] vgaarb: loaded
[    0.171304] clocksource: Switched to clocksource dmtimer
[    0.171911] VFS: Disk quotas dquot_6.6.0
[    0.171971] VFS: Dquot-cache hash table entries: 1024 (order 0, 4096 bytes)
[    0.205100] NET: Registered PF_INET protocol family
[    0.205439] IP idents hash table entries: 8192 (order: 4, 65536 bytes, linear)
[    0.206797] tcp_listen_portaddr_hash hash table entries: 512 (order: 0, 4096 bytes, linear)
[    0.206835] Table-perturb hash table entries: 65536 (order: 6, 262144 bytes, linear)
[    0.206852] TCP established hash table entries: 4096 (order: 2, 16384 bytes, linear)
[    0.206899] TCP bind hash table entries: 4096 (order: 4, 65536 bytes, linear)
[    0.206999] TCP: Hash tables configured (established 4096 bind 4096)
[    0.207134] UDP hash table entries: 256 (order: 1, 8192 bytes, linear)
[    0.207162] UDP-Lite hash table entries: 256 (order: 1, 8192 bytes, linear)
[    0.207335] NET: Registered PF_UNIX/PF_LOCAL protocol family
[    0.212110] RPC: Registered named UNIX socket transport module.
[    0.212134] RPC: Registered udp transport module.
[    0.212140] RPC: Registered tcp transport module.
[    0.212145] RPC: Registered tcp-with-tls transport module.
[    0.212150] RPC: Registered tcp NFSv4.1 backchannel transport module.
[    0.212175] PCI: CLS 0 bytes, default 64
[    0.213751] Initialise system trusted keyrings
[    0.221915] workingset: timestamp_bits=14 max_order=17 bucket_order=3
[    0.223149] NFS: Registering the id_resolver key type
[    0.223223] Key type id_resolver registered
[    0.223231] Key type id_legacy registered
[    0.223286] jffs2: version 2.2. (NAND) (SUMMARY)  Â© 2001-2006 Red Hat, Inc.
[    0.223678] Key type asymmetric registered
[    0.223693] Asymmetric key parser 'x509' registered
[    0.223782] io scheduler mq-deadline registered
[    0.223793] io scheduler kyber registered
[    0.223858] io scheduler bfq registered
[    0.233939] hw perfevents: enabled with armv7_cortex_a8 PMU driver, 5 counters available
[    0.249454] Serial: 8250/16550 driver, 6 ports, IRQ sharing enabled
[    0.287209] brd: module loaded
[    0.309186] loop: module loaded
[    0.310125] mtdoops: mtd device (mtddev=name/number) must be supplied
[    0.311754] mdio_bus fixed-0: using lookup tables for GPIO lookup
[    0.311778] mdio_bus fixed-0: No GPIO consumer reset found
[    0.313022] i2c_dev: i2c /dev entries driver
[    0.313990] cpuidle: enable-method property 'ti,am3352' found operations
[    0.314436] sdhci: Secure Digital Host Controller Interface driver
[    0.314446] sdhci: Copyright(c) Pierre Ossman
[    0.314636] sdhci-pltfm: SDHCI platform and OF driver helper
[    0.314912] ledtrig-cpu: registered to indicate activity on CPUs
[    0.315664] Initializing XFRM netlink socket
[    0.315806] NET: Registered PF_INET6 protocol family
[    0.326909] Segment Routing with IPv6
[    0.326985] In-situ OAM (IOAM) with IPv6
[    0.327091] sit: IPv6, IPv4 and MPLS over IPv4 tunneling driver
[    0.328060] NET: Registered PF_PACKET protocol family
[    0.328092] NET: Registered PF_KEY protocol family
[    0.328215] Key type dns_resolver registered
[    0.328434] ThumbEE CPU extension supported.
[    0.328455] Registering SWP/SWPB emulation handler
[    0.328965] omap_voltage_late_init: Voltage driver support not added
[    0.329603] SmartReflex Class3 initialized
[    0.355993] Loading compiled-in X.509 certificates
[    0.413816] /ocp/interconnect@44c00000/segment@200000/target-module@b000/i2c@0/tda19988@70: Fixed dependency cycle(s) with /ocp/interconnect@48000000/segment@300000/target-module@e000/lcdc@0
[    0.419902] /ocp/interconnect@44c00000/segment@200000/target-module@b000/i2c@0/tda19988@70: Fixed dependency cycle(s) with /ocp/interconnect@48000000/segment@300000/target-module@e000/lcdc@0
[    0.425459] gpiochip_find_base: found new base at 512
[    0.427901] /ocp/interconnect@44c00000/segment@200000/target-module@b000/i2c@0/tda19988@70: Fixed dependency cycle(s) with /ocp/interconnect@48000000/segment@300000/target-module@e000/lcdc@0
[    0.428732] /ocp/interconnect@44c00000/segment@200000/target-module@b000/i2c@0/tda19988@70: Fixed dependency cycle(s) with /ocp/interconnect@48000000/segment@300000/target-module@e000/lcdc@0
[    0.432119] /ocp/interconnect@44c00000/segment@200000/target-module@10000/scm@0/pinmux@800: Fixed dependency cycle(s) with /ocp/interconnect@44c00000/segment@200000/target-module@10000/scm@0/pinmux@800/clkout2-pins
[    0.432722] pinctrl-single 44e10800.pinmux: 142 pins, size 568
[    0.437773] ti-sysc: probe of 44e31000.target-module failed with error -16
[    0.476211] /ocp/interconnect@48000000/segment@300000/target-module@e000/lcdc@0: Fixed dependency cycle(s) with /ocp/interconnect@44c00000/segment@200000/target-module@b000/i2c@0/tda19988@70
[    0.484157] ti-sysc: probe of 48040000.target-module failed with error -16
[    0.495215] gpiochip_find_base: found new base at 512
[    0.495284] gpio gpiochip0: (gpio-0-31): created GPIO range 0->7 ==> 44e10800.pinmux PIN 0->7
[    0.495304] gpio gpiochip0: (gpio-0-31): created GPIO range 8->11 ==> 44e10800.pinmux PIN 90->93
[    0.495321] gpio gpiochip0: (gpio-0-31): created GPIO range 12->27 ==> 44e10800.pinmux PIN 12->27
[    0.495337] gpio gpiochip0: (gpio-0-31): created GPIO range 28->31 ==> 44e10800.pinmux PIN 30->33
[    0.517364] gpio gpiochip0: (gpio-0-31): added GPIO chardev (254:0)
[    0.517529] gpio gpiochip0: registered GPIOs 512 to 543 on gpio-0-31
[    0.517613] OMAP GPIO hardware version 0.1
[    0.555882] i2c i2c-2: using DT '/ocp/interconnect@48000000/segment@100000/target-module@9c000/i2c@0' for 'scl' GPIO lookup
[    0.555954] of_get_named_gpiod_flags: can't parse 'scl-gpios' property of node '/ocp/interconnect@48000000/segment@100000/target-module@9c000/i2c@0[0]'
[    0.555996] of_get_named_gpiod_flags: can't parse 'scl-gpio' property of node '/ocp/interconnect@48000000/segment@100000/target-module@9c000/i2c@0[0]'
[    0.556031] i2c i2c-2: using lookup tables for GPIO lookup
[    0.556041] i2c i2c-2: No GPIO consumer scl found
[    0.556063] i2c i2c-2: using DT '/ocp/interconnect@48000000/segment@100000/target-module@9c000/i2c@0' for 'sda' GPIO lookup
[    0.556097] of_get_named_gpiod_flags: can't parse 'sda-gpios' property of node '/ocp/interconnect@48000000/segment@100000/target-module@9c000/i2c@0[0]'
[    0.556134] of_get_named_gpiod_flags: can't parse 'sda-gpio' property of node '/ocp/interconnect@48000000/segment@100000/target-module@9c000/i2c@0[0]'
[    0.556165] i2c i2c-2: using lookup tables for GPIO lookup
[    0.556173] i2c i2c-2: No GPIO consumer sda found
[    0.556860] omap_i2c 4819c000.i2c: bus 2 rev0.11 at 100 kHz
[    0.562389] gpiochip_find_base: found new base at 544
[    0.562456] gpio gpiochip1: (gpio-32-63): created GPIO range 0->17 ==> 44e10800.pinmux PIN 34->51
[    0.562475] gpio gpiochip1: (gpio-32-63): created GPIO range 18->21 ==> 44e10800.pinmux PIN 77->80
[    0.562491] gpio gpiochip1: (gpio-32-63): created GPIO range 22->31 ==> 44e10800.pinmux PIN 56->65
[    0.575931] gpio gpiochip1: (gpio-32-63): added GPIO chardev (254:1)
[    0.576093] gpio gpiochip1: registered GPIOs 544 to 575 on gpio-32-63
[    0.578245] gpiochip_find_base: found new base at 576
[    0.578303] gpio gpiochip2: (gpio-64-95): created GPIO range 0->4 ==> 44e10800.pinmux PIN 66->70
[    0.578321] gpio gpiochip2: (gpio-64-95): created GPIO range 5->6 ==> 44e10800.pinmux PIN 98->99
[    0.578336] gpio gpiochip2: (gpio-64-95): created GPIO range 7->8 ==> 44e10800.pinmux PIN 75->76
[    0.578351] gpio gpiochip2: (gpio-64-95): created GPIO range 13->13 ==> 44e10800.pinmux PIN 141->141
[    0.578367] gpio gpiochip2: (gpio-64-95): created GPIO range 14->21 ==> 44e10800.pinmux PIN 100->107
[    0.578937] gpio gpiochip2: (gpio-64-95): added GPIO chardev (254:2)
[    0.579059] gpio gpiochip2: registered GPIOs 576 to 607 on gpio-64-95
[    0.585476] /ocp/interconnect@48000000/segment@300000/target-module@e000/lcdc@0: Fixed dependency cycle(s) with /ocp/interconnect@44c00000/segment@200000/target-module@b000/i2c@0/tda19988@70
[    0.588165] /ocp/interconnect@48000000/segment@300000/target-module@e000/lcdc@0: Fixed dependency cycle(s) with /ocp/interconnect@44c00000/segment@200000/target-module@b000/i2c@0/tda19988@70
[    0.588840] /ocp/interconnect@44c00000/segment@200000/target-module@b000/i2c@0/tda19988@70: Fixed dependency cycle(s) with /ocp/interconnect@48000000/segment@300000/target-module@e000/lcdc@0
[    0.588998] /ocp/interconnect@48000000/segment@300000/target-module@e000/lcdc@0: Fixed dependency cycle(s) with /ocp/interconnect@44c00000/segment@200000/target-module@b000/i2c@0/tda19988@70
[    0.598372] mdio_bus 4a101000.mdio: using DT '/ocp/interconnect@4a000000/segment@0/target-module@100000/switch@0/mdio@1000' for 'reset' GPIO lookup
[    0.598445] of_get_named_gpiod_flags: can't parse 'reset-gpios' property of node '/ocp/interconnect@4a000000/segment@0/target-module@100000/switch@0/mdio@1000[0]'
[    0.598491] of_get_named_gpiod_flags: can't parse 'reset-gpio' property of node '/ocp/interconnect@4a000000/segment@0/target-module@100000/switch@0/mdio@1000[0]'
[    0.598538] mdio_bus 4a101000.mdio: using lookup tables for GPIO lookup
[    0.598548] mdio_bus 4a101000.mdio: No GPIO consumer reset found
[    0.600378] sdhci-omap 481d8000.mmc: using DT '/ocp/interconnect@48000000/segment@100000/target-module@d8000/mmc@0' for 'wp' GPIO lookup
[    0.600446] of_get_named_gpiod_flags: can't parse 'wp-gpios' property of node '/ocp/interconnect@48000000/segment@100000/target-module@d8000/mmc@0[0]'
[    0.600489] of_get_named_gpiod_flags: can't parse 'wp-gpio' property of node '/ocp/interconnect@48000000/segment@100000/target-module@d8000/mmc@0[0]'
[    0.600525] sdhci-omap 481d8000.mmc: using lookup tables for GPIO lookup
[    0.600535] sdhci-omap 481d8000.mmc: No GPIO consumer wp found
[    0.600741] sdhci-omap 481d8000.mmc: supply pbias not found, using dummy regulator
[    0.601221] sdhci-omap 481d8000.mmc: supply vqmmc not found, using dummy regulator
[    0.685747] davinci_mdio 4a101000.mdio: davinci mdio revision 1.6, bus freq 1000000
[    0.703533] mdio_bus 4a101000.mdio:00: using DT '/ocp/interconnect@4a000000/segment@0/target-module@100000/switch@0/mdio@1000/ethernet-phy@0' for 'reset' GPIO lookup
[    0.703639] of_get_named_gpiod_flags: parsed 'reset-gpios' property of node '/ocp/interconnect@4a000000/segment@0/target-module@100000/switch@0/mdio@1000/ethernet-phy@0[0]' - status (0)
[    0.703800] gpio gpiochip0: Persistence not supported for GPIO 8
[    0.864432] davinci_mdio 4a101000.mdio: phy[0]: device 4a101000.mdio:00, driver SMSC LAN8710/LAN8720
[    0.865050] cpsw-switch 4a100000.switch: initialized cpsw ale version 1.4
[    0.865072] cpsw-switch 4a100000.switch: ALE Table size 1024
[    0.865368] cpsw-switch 4a100000.switch: cpts: overflow check period 500 (jiffies)
[    0.865390] cpsw-switch 4a100000.switch: CPTS: ref_clk_freq:250000000 calc_mult:2147483648 calc_shift:29 error:0 nsec/sec
[    0.865490] cpsw-switch 4a100000.switch: Detected MACID = 6c:ec:eb:68:de:78
[    0.867315] cpsw-switch 4a100000.switch: initialized (regs 0x4a100000, pool size 256) hw_ver:0019010C 1.12 (0)
[    0.878104] debugfs: Directory '49000000.dma' with parent 'dmaengine' already present!
[    0.878145] edma 49000000.dma: TI EDMA DMA engine driver
[    0.918887] gpio-clk clk_mcasp0: using DT '/clk_mcasp0' for 'enable' GPIO lookup
[    0.918962] of_get_named_gpiod_flags: parsed 'enable-gpios' property of node '/clk_mcasp0[0]' - status (0)
[    0.919002] gpio gpiochip0: Persistence not supported for GPIO 27
[    0.919854] gpiochip_find_base: found new base at 608
[    0.919920] gpio gpiochip3: (gpio-96-127): created GPIO range 0->7 ==> 44e10800.pinmux PIN 82->89
[    0.919940] gpio gpiochip3: (gpio-96-127): created GPIO range 8->11 ==> 44e10800.pinmux PIN 52->55
[    0.919956] gpio gpiochip3: (gpio-96-127): created GPIO range 12->15 ==> 44e10800.pinmux PIN 94->97
[    0.919972] gpio gpiochip3: (gpio-96-127): created GPIO range 16->17 ==> 44e10800.pinmux PIN 71->72
[    0.919988] gpio gpiochip3: (gpio-96-127): created GPIO range 18->18 ==> 44e10800.pinmux PIN 135->135
[    0.920004] gpio gpiochip3: (gpio-96-127): created GPIO range 19->20 ==> 44e10800.pinmux PIN 108->109
[    0.920020] gpio gpiochip3: (gpio-96-127): created GPIO range 21->21 ==> 44e10800.pinmux PIN 73->73
[    0.920036] gpio gpiochip3: (gpio-96-127): created GPIO range 22->23 ==> 44e10800.pinmux PIN 8->9
[    0.920053] gpio gpiochip3: (gpio-96-127): created GPIO range 26->27 ==> 44e10800.pinmux PIN 10->11
[    0.920070] gpio gpiochip3: (gpio-96-127): created GPIO range 28->28 ==> 44e10800.pinmux PIN 74->74
[    0.920088] gpio gpiochip3: (gpio-96-127): created GPIO range 29->29 ==> 44e10800.pinmux PIN 81->81
[    0.920106] gpio gpiochip3: (gpio-96-127): created GPIO range 30->31 ==> 44e10800.pinmux PIN 28->29
[    0.931933] gpio gpiochip3: (gpio-96-127): added GPIO chardev (254:3)
[    0.932082] gpio gpiochip3: registered GPIOs 608 to 639 on gpio-96-127
[    0.934027] omap8250 44e09000.serial: using DT '/ocp/interconnect@44c00000/segment@200000/target-module@9000/serial@0' for 'rs485-term' GPIO lookup
[    0.934098] of_get_named_gpiod_flags: can't parse 'rs485-term-gpios' property of node '/ocp/interconnect@44c00000/segment@200000/target-module@9000/serial@0[0]'
[    0.934142] of_get_named_gpiod_flags: can't parse 'rs485-term-gpio' property of node '/ocp/interconnect@44c00000/segment@200000/target-module@9000/serial@0[0]'
[    0.934177] omap8250 44e09000.serial: using lookup tables for GPIO lookup
[    0.934187] omap8250 44e09000.serial: No GPIO consumer rs485-term found
[    0.934197] omap8250 44e09000.serial: using DT '/ocp/interconnect@44c00000/segment@200000/target-module@9000/serial@0' for 'rs485-rx-during-tx' GPIO lookup
[    0.934233] of_get_named_gpiod_flags: can't parse 'rs485-rx-during-tx-gpios' property of node '/ocp/interconnect@44c00000/segment@200000/target-module@9000/serial@0[0]'
[    0.934270] of_get_named_gpiod_flags: can't parse 'rs485-rx-during-tx-gpio' property of node '/ocp/interconnect@44c00000/segment@200000/target-module@9000/serial@0[0]'
[    0.934302] omap8250 44e09000.serial: using lookup tables for GPIO lookup
[    0.934310] omap8250 44e09000.serial: No GPIO consumer rs485-rx-during-tx found
[    0.934681] 44e09000.serial: ttyS0 at MMIO 0x44e09000 (irq = 34, base_baud = 3000000) is a 8250
[    0.934764] printk: console [ttyS0] enabled
[    2.125866] i2c i2c-0: using DT '/ocp/interconnect@44c00000/segment@200000/target-module@b000/i2c@0' for 'scl' GPIO lookup
[    2.125963] of_get_named_gpiod_flags: can't parse 'scl-gpios' property of node '/ocp/interconnect@44c00000/segment@200000/target-module@b000/i2c@0[0]'
[    2.126008] of_get_named_gpiod_flags: can't parse 'scl-gpio' property of node '/ocp/interconnect@44c00000/segment@200000/target-module@b000/i2c@0[0]'
[    2.126047] i2c i2c-0: using lookup tables for GPIO lookup
[    2.126059] i2c i2c-0: No GPIO consumer scl found
[    2.126082] i2c i2c-0: using DT '/ocp/interconnect@44c00000/segment@200000/target-module@b000/i2c@0' for 'sda' GPIO lookup
[    2.126119] of_get_named_gpiod_flags: can't parse 'sda-gpios' property of node '/ocp/interconnect@44c00000/segment@200000/target-module@b000/i2c@0[0]'
[    2.126158] of_get_named_gpiod_flags: can't parse 'sda-gpio' property of node '/ocp/interconnect@44c00000/segment@200000/target-module@b000/i2c@0[0]'
[    2.126191] i2c i2c-0: using lookup tables for GPIO lookup
[    2.126200] i2c i2c-0: No GPIO consumer sda found
[    2.152195] tps65217-pmic: Failed to locate of_node [id: -1]
[    2.158233] tps65217-bl: Failed to locate of_node [id: -1]
[    2.169326] tps65217 0-0024: TPS65217 ID 0xe version 1.2
[    2.175450] /ocp/interconnect@48000000/segment@300000/target-module@e000/lcdc@0: Fixed dependency cycle(s) with /ocp/interconnect@44c00000/segment@200000/target-module@b000/i2c@0/tda19988@70
[    2.192792] /ocp/interconnect@44c00000/segment@200000/target-module@b000/i2c@0/tda19988@70: Fixed dependency cycle(s) with /ocp/interconnect@48000000/segment@300000/target-module@e000/lcdc@0
[    2.210137] omap_i2c 44e0b000.i2c: bus 0 rev0.11 at 400 kHz
[    2.217826] sdhci-omap 48060000.mmc: using DT '/ocp/interconnect@48000000/segment@0/target-module@60000/mmc@0' for 'cd' GPIO lookup
[    2.217927] of_get_named_gpiod_flags: parsed 'cd-gpios' property of node '/ocp/interconnect@48000000/segment@0/target-module@60000/mmc@0[0]' - status (0)
[    2.218046] gpio gpiochip3: Persistence not supported for GPIO 6
[    2.218072] omap_gpio 44e07000.gpio: Could not set line 6 debounce to 200000 microseconds (-22)
[    2.226945] sdhci-omap 48060000.mmc: Got CD GPIO
[    2.231618] sdhci-omap 48060000.mmc: using DT '/ocp/interconnect@48000000/segment@0/target-module@60000/mmc@0' for 'wp' GPIO lookup
[    2.231666] of_get_named_gpiod_flags: can't parse 'wp-gpios' property of node '/ocp/interconnect@48000000/segment@0/target-module@60000/mmc@0[0]'
[    2.231710] of_get_named_gpiod_flags: can't parse 'wp-gpio' property of node '/ocp/interconnect@48000000/segment@0/target-module@60000/mmc@0[0]'
[    2.231747] sdhci-omap 48060000.mmc: using lookup tables for GPIO lookup
[    2.231759] sdhci-omap 48060000.mmc: No GPIO consumer wp found
[    2.231951] sdhci-omap 48060000.mmc: supply pbias not found, using dummy regulator
[    2.240945] sdhci-omap 481d8000.mmc: using DT '/ocp/interconnect@48000000/segment@100000/target-module@d8000/mmc@0' for 'wp' GPIO lookup
[    2.241042] of_get_named_gpiod_flags: can't parse 'wp-gpios' property of node '/ocp/interconnect@48000000/segment@100000/target-module@d8000/mmc@0[0]'
[    2.241089] of_get_named_gpiod_flags: can't parse 'wp-gpio' property of node '/ocp/interconnect@48000000/segment@100000/target-module@d8000/mmc@0[0]'
[    2.241126] sdhci-omap 481d8000.mmc: using lookup tables for GPIO lookup
[    2.241137] sdhci-omap 481d8000.mmc: No GPIO consumer wp found
[    2.242183] sdhci-omap 48060000.mmc: supply vqmmc not found, using dummy regulator
[    2.250867] sdhci-omap 481d8000.mmc: supply pbias not found, using dummy regulator
[    2.260096] sdhci-omap 481d8000.mmc: supply vqmmc not found, using dummy regulator
[    2.299446] mmc1: SDHCI controller on 481d8000.mmc [481d8000.mmc] using External DMA
[    2.307903] mmc0: SDHCI controller on 48060000.mmc [48060000.mmc] using External DMA
[    2.316598] cpsw-switch 4a100000.switch: starting ndev. mode: dual_mac
[    2.381610] mmc1: new high speed MMC card at address 0001
[    2.388499] mmcblk1: mmc1:0001 MMC04G 3.60 GiB
[    2.395914]  mmcblk1: p1 p2
[    2.399433] mmc0: new high speed SDHC card at address aaaa
[    2.406451] mmcblk1boot0: mmc1:0001 MMC04G 2.00 MiB
[    2.413114] mmcblk0: mmc0:aaaa SE32G 29.7 GiB
[    2.419597] mmcblk1boot1: mmc1:0001 MMC04G 2.00 MiB
[    2.427879] mmcblk1rpmb: mmc1:0001 MMC04G 128 KiB, chardev (250:0)
[    2.434621]  mmcblk0: p1 p2
[    2.492588] SMSC LAN8710/LAN8720 4a101000.mdio:00: attached PHY driver (mii_bus:phy_addr=4a101000.mdio:00, irq=POLL)
[    5.602049] cpsw-switch 4a100000.switch eth0: Link is Up - 100Mbps/Full - flow control off
[    5.651355] IP-Config: Complete:
[    5.654623]      device=eth0, hwaddr=6c:ec:eb:68:de:78, ipaddr=192.168.255.1, mask=255.255.255.0, gw=255.255.255.255
[    5.665239]      host=bbb1, domain=, nis-domain=(none)
[    5.670403]      bootserver=192.168.255.126, rootserver=192.168.255.126, rootpath=
[    5.670826] clk: Disabling unused clocks
[    5.682693] KTAP version 1
[    5.685423] 1..0
[    5.709281] VFS: Mounted root (nfs filesystem) on device 0:16.
[    5.716325] devtmpfs: mounted
[    5.720961] Freeing unused kernel image (initmem) memory: 1024K
[    5.727984] Run /sbin/init as init process
[    5.732216]   with arguments:
[    5.732230]     /sbin/init
[    5.732238]     nfsrootdebug
[    5.732246]   with environment:
[    5.732253]     HOME=/
[    5.732260]     TERM=linux
[    6.403498] systemd[1]: System time before build time, advancing clock.
[    7.861324] random: crng init done
[    7.931806] systemd[1]: systemd 232 running in system mode. (+PAM +AUDIT +SELINUX +IMA +APPARMOR +SMACK +SYSVINIT +UTMP +LIBCRYPTSETUP +GCRYPT +GNUTLS +ACL +XZ +LZ4 +SECCOMP +BLKID +ELFUTILS +KMOD +IDN)
[    7.950814] systemd[1]: Detected architecture arm.
[    7.994272] systemd[1]: Set hostname to <arm>.
[    9.054416] systemd[1]: Started Forward Password Requests to Wall Directory Watch.
[    9.091835] systemd[1]: Reached target Remote File Systems.
[    9.131873] systemd[1]: Listening on udev Kernel Socket.
[    9.173160] systemd[1]: Listening on Syslog Socket.
[    9.213165] systemd[1]: Listening on udev Control Socket.
[    9.252251] systemd[1]: Started Dispatch Password Requests to Console Directory Watch.
[    9.291605] systemd[1]: Reached target Encrypted Volumes.
[   11.582515] systemd-journald[84]: Received request to flush runtime journal from PID 1
[   14.354874] leds-gpio leds: using DT '/leds/led2' for '(null)' GPIO lookup
[   14.354976] of_get_named_gpiod_flags: parsed 'gpios' property of node '/leds/led2[0]' - status (0)
[   14.355028] gpio gpiochip0: Persistence not supported for GPIO 21
[   14.355041] gpio-533 (?): no flags found for (null)
[   14.355338] leds-gpio leds: using DT '/leds/led3' for '(null)' GPIO lookup
[   14.355392] of_get_named_gpiod_flags: parsed 'gpios' property of node '/leds/led3[0]' - status (0)
[   14.355427] gpio gpiochip0: Persistence not supported for GPIO 22
[   14.355438] gpio-534 (?): no flags found for (null)
[   14.383822] leds-gpio leds: using DT '/leds/led4' for '(null)' GPIO lookup
[   14.383912] of_get_named_gpiod_flags: parsed 'gpios' property of node '/leds/led4[0]' - status (0)
[   14.383957] gpio gpiochip0: Persistence not supported for GPIO 23
[   14.383970] gpio-535 (?): no flags found for (null)
[   14.420520] leds-gpio leds: using DT '/leds/led5' for '(null)' GPIO lookup
[   14.420638] of_get_named_gpiod_flags: parsed 'gpios' property of node '/leds/led5[0]' - status (0)
[   14.420683] gpio gpiochip0: Persistence not supported for GPIO 24
[   14.420697] gpio-536 (?): no flags found for (null)
[   14.685939] remoteproc remoteproc0: wkup_m3 is available
[   14.933095] omap_rtc 44e3e000.rtc: registered as rtc0
[   14.938291] omap_rtc 44e3e000.rtc: setting system clock to 2000-01-01T00:00:00 UTC (946684800)
[   14.947106] omap_rtc 44e3e000.rtc: using DT '/ocp/interconnect@44c00000/segment@200000/target-module@3e000/rtc@0' for 'wp' GPIO lookup
[   14.947181] of_get_named_gpiod_flags: can't parse 'wp-gpios' property of node '/ocp/interconnect@44c00000/segment@200000/target-module@3e000/rtc@0[0]'
[   14.947230] of_get_named_gpiod_flags: can't parse 'wp-gpio' property of node '/ocp/interconnect@44c00000/segment@200000/target-module@3e000/rtc@0[0]'
[   14.947268] omap_rtc 44e3e000.rtc: using lookup tables for GPIO lookup
[   14.947280] omap_rtc 44e3e000.rtc: No GPIO consumer wp found
[   15.241011] omap_wdt: OMAP Watchdog Timer Rev 0x01: initial timeout 60 sec
