Labgrid Console Logfile for main
Logfile started at 2025-07-07 00:43:32.688538
=== Log starts here ===
reading args
spl_load_image_fat_os: error reading image args, err - -1
reading u-boot.img
reading u-boot.img


U-Boot 2014.04-00014-g47880f5 (Apr 22 2014 - 13:23:54)

I2C:   ready
DRAM:  512 MiB
NAND:  0 MiB
MMC:   OMAP SD/MMC: 0, OMAP SD/MMC: 1
*** Warning - readenv() failed, using default environment

Net:   <ethaddr> not set. Validating first E-fuse MAC
cpsw, usb_ether
Hit any key to stop autoboot:  1  0 
gpio: pin 53 (gpio 53) value is 1
mmc0 is current device
gpio: pin 54 (gpio 54) value is 1
SD/MMC found on device 0
reading uEnv.txt
569 bytes read in 4 ms (138.7 KiB/s)
gpio: pin 55 (gpio 55) value is 1
Loaded environment from uEnv.txt
Importing environment from mmc ...
Checking if uenvcmd is set ...
gpio: pin 56 (gpio 56) value is 1
Running uenvcmd ...
cpsw Waiting for PHY auto negotiation to complete. done
link up on port 0, speed 100, full duplex
Using cpsw device
TFTP from server 192.168.255.126; our IP address is 192.168.255.1
Filename 'zImage'.
Load address: 0x81000000
Loading: *#################################################################
	 #################################################################
	 #################################################################
	 #################################################################
	 #################################################################
	 ##########################################################
	 2.4 MiB/s
done
Bytes transferred = 5615184 (55ae50 hex)
link up on port 0, speed 100, full duplex
Using cpsw device
TFTP from server 192.168.255.126; our IP address is 192.168.255.1
Filename 'am335x-boneblack.dtb'.
Load address: 0x82000000
Loading: *#######
	 1.2 MiB/s
done
Bytes transferred = 98244 (17fc4 hex)
Kernel image @ 0x81000000 [ 0x000000 - 0x55ae50 ]
## Flattened Device Tree blob at 82000000
   Booting using the fdt blob at 0x82000000
   Using Device Tree in place at 82000000, end 8201afc3

Starting kernel ...

[    0.000000] Booting Linux on physical CPU 0x0
[    0.000000] Linux version 6.16.0-rc5 (user01@drvtest01) (arm-none-eabi-gcc (Arm GNU Toolchain 14.2.Rel1 (Build arm-14.52)) 14.2.1 20241119, GNU ld (Arm GNU Toolchain 14.2.Rel1 (Build arm-14.52)) 2.43.1.20241119) #1 SMP Mon Jul  7 00:40:25 EEST 2025
[    0.000000] CPU: ARMv7 Processor [413fc082] revision 2 (ARMv7), cr=10c5387d
[    0.000000] CPU: PIPT / VIPT nonaliasing data cache, VIPT aliasing instruction cache
[    0.000000] OF: fdt: Machine model: TI AM335x BeagleBone Black
[    0.000000] Memory policy: Data cache writeback
[    0.000000] cma: Reserved 16 MiB at 0x9e800000
[    0.000000] Zone ranges:
[    0.000000]   Normal   [mem 0x0000000080000000-0x000000009fdfffff]
[    0.000000]   HighMem  empty
[    0.000000] Movable zone start for each node
[    0.000000] Early memory node ranges
[    0.000000]   node   0: [mem 0x0000000080000000-0x000000009fdfffff]
[    0.000000] Initmem setup node 0 [mem 0x0000000080000000-0x000000009fdfffff]
[    0.000000] On node 0, zone Normal: 512 pages in unavailable ranges
[    0.000000] OF: reserved mem: Reserved memory: No reserved-memory node in the DT
[    0.000000] CPU: All CPU(s) started in SVC mode.
[    0.000000] AM335X ES2.1 (sgx neon)
[    0.000000] percpu: Embedded 17 pages/cpu s39820 r8192 d21620 u69632
[    0.000000] Kernel command line: console=ttyO0,115200n8 root=/dev/nfs rw nfsroot=192.168.255.126:/home/user01/nfs,nfsvers=3 ip=192.168.255.1:192.168.255.126::255.255.255.0:bbb1:eth0 nfsrootdebug
[    0.000000] Unknown kernel command line parameters "nfsrootdebug", will be passed to user space.
[    0.000000] printk: log buffer data + meta data: 65536 + 204800 = 270336 bytes
[    0.000000] Dentry cache hash table entries: 65536 (order: 6, 262144 bytes, linear)
[    0.000000] Inode-cache hash table entries: 32768 (order: 5, 131072 bytes, linear)
[    0.000000] Built 1 zonelists, mobility grouping on.  Total pages: 130560
[    0.000000] mem auto-init: stack:off, heap alloc:off, heap free:off
[    0.000000] SLUB: HWalign=16, Order=0-3, MinObjects=0, CPUs=1, Nodes=1
[    0.000000] rcu: Hierarchical RCU implementation.
[    0.000000] rcu: 	RCU event tracing is enabled.
[    0.000000] rcu: 	RCU restricting CPUs from NR_CPUS=2 to nr_cpu_ids=1.
[    0.000000] 	Tracing variant of Tasks RCU enabled.
[    0.000000] rcu: RCU calculated value of scheduler-enlistment delay is 10 jiffies.
[    0.000000] rcu: Adjusting geometry for rcu_fanout_leaf=16, nr_cpu_ids=1
[    0.000000] RCU Tasks Trace: Setting shift to 0 and lim to 1 rcu_task_cb_adjust=1 rcu_task_cpu_ids=1.
[    0.000000] NR_IRQS: 16, nr_irqs: 16, preallocated irqs: 16
[    0.000000] IRQ: Found an INTC at 0x(ptrval) (revision 5.0) with 128 interrupts
[    0.000000] rcu: srcu_init: Setting srcu_struct sizes based on contention.
[    0.000000] TI gptimer clocksource: always-on /ocp/interconnect@44c00000/segment@200000/target-module@31000
[    0.000003] sched_clock: 32 bits at 24MHz, resolution 41ns, wraps every 89478484971ns
[    0.000026] clocksource: dmtimer: mask: 0xffffffff max_cycles: 0xffffffff, max_idle_ns: 79635851949 ns
[    0.000507] TI gptimer clockevent: 24000000 Hz at /ocp/interconnect@48000000/segment@0/target-module@40000
[    0.002130] Console: colour dummy device 80x30
[    0.002197] WARNING: Your 'console=ttyO0' has been replaced by 'ttyS0'
[    0.002205] This ensures that you still see kernel messages. Please
[    0.002209] update your kernel commandline.
[    0.002252] Calibrating delay loop... 996.14 BogoMIPS (lpj=4980736)
[    0.090552] CPU: Testing write buffer coherency: ok
[    0.090665] CPU0: Spectre v2: using BPIALL workaround
[    0.090675] pid_max: default: 32768 minimum: 301
[    0.090839] LSM: initializing lsm=capability
[    0.091021] Mount-cache hash table entries: 1024 (order: 0, 4096 bytes, linear)
[    0.091039] Mountpoint-cache hash table entries: 1024 (order: 0, 4096 bytes, linear)
[    0.092674] CPU0: thread -1, cpu 0, socket -1, mpidr 0
[    0.092733] cacheinfo: Unable to detect cache hierarchy for CPU 0
[    0.094774] Setting up static identity map for 0x80100000 - 0x80100078
[    0.095092] rcu: Hierarchical SRCU implementation.
[    0.095102] rcu: 	Max phase no-delay instances is 1000.
[    0.096839] smp: Bringing up secondary CPUs ...
[    0.096891] smp: Brought up 1 node, 1 CPU
[    0.096902] SMP: Total of 1 processors activated (996.14 BogoMIPS).
[    0.096914] CPU: All CPU(s) started in SVC mode.
[    0.097104] Memory: 480820K/522240K available (11264K kernel code, 1220K rwdata, 2924K rodata, 1024K init, 288K bss, 23388K reserved, 16384K cma-reserved, 0K highmem)
[    0.097920] devtmpfs: initialized
[    0.114890] VFP support v0.3: implementor 41 architecture 3 part 30 variant c rev 3
[    0.115528] clocksource: jiffies: mask: 0xffffffff max_cycles: 0xffffffff, max_idle_ns: 19112604462750000 ns
[    0.115583] posixtimers hash table entries: 512 (order: 0, 4096 bytes, linear)
[    0.115606] futex hash table entries: 256 (16384 bytes on 1 NUMA nodes, total 16 KiB, linear).
[    0.116741] pinctrl core: initialized pinctrl subsystem
[    0.118797] NET: Registered PF_NETLINK/PF_ROUTE protocol family
[    0.121910] DMA: preallocated 256 KiB pool for atomic coherent allocations
[    0.122864] audit: initializing netlink subsys (disabled)
[    0.124219] thermal_sys: Registered thermal governor 'fair_share'
[    0.124235] thermal_sys: Registered thermal governor 'step_wise'
[    0.124244] thermal_sys: Registered thermal governor 'user_space'
[    0.124356] audit: type=2000 audit(0.120:1): state=initialized audit_enabled=0 res=1
[    0.124425] cpuidle: using governor menu
[    0.142580] /ocp/interconnect@44c00000/segment@200000/target-module@b000/i2c@0/tda19988@70: Fixed dependency cycle(s) with /ocp/interconnect@48000000/segment@300000/target-module@e000/lcdc@0
[    0.143727] /ocp/interconnect@48000000/segment@300000/target-module@e000/lcdc@0: Fixed dependency cycle(s) with /ocp/interconnect@44c00000/segment@200000/target-module@b000/i2c@0/tda19988@70
[    0.145946] No ATAGs?
[    0.145988] hw-breakpoint: debug architecture 0x4 unsupported.
[    0.148690] kprobes: kprobe jump-optimization is enabled. All kprobes are optimized if possible.
[    0.154013] iommu: Default domain type: Translated
[    0.154034] iommu: DMA domain TLB invalidation policy: strict mode
[    0.161365] SCSI subsystem initialized
[    0.162221] pps_core: LinuxPPS API ver. 1 registered
[    0.162232] pps_core: Software ver. 5.3.6 - Copyright 2005-2007 Rodolfo Giometti <giometti@linux.it>
[    0.162256] PTP clock support registered
[    0.170979] vgaarb: loaded
[    0.171353] clocksource: Switched to clocksource dmtimer
[    0.172028] VFS: Disk quotas dquot_6.6.0
[    0.172083] VFS: Dquot-cache hash table entries: 1024 (order 0, 4096 bytes)
[    0.196875] NET: Registered PF_INET protocol family
[    0.197221] IP idents hash table entries: 8192 (order: 4, 65536 bytes, linear)
[    0.198650] tcp_listen_portaddr_hash hash table entries: 512 (order: 0, 4096 bytes, linear)
[    0.198688] Table-perturb hash table entries: 65536 (order: 6, 262144 bytes, linear)
[    0.198708] TCP established hash table entries: 4096 (order: 2, 16384 bytes, linear)
[    0.198752] TCP bind hash table entries: 4096 (order: 4, 65536 bytes, linear)
[    0.198851] TCP: Hash tables configured (established 4096 bind 4096)
[    0.198969] UDP hash table entries: 256 (order: 1, 14336 bytes, linear)
[    0.199005] UDP-Lite hash table entries: 256 (order: 1, 14336 bytes, linear)
[    0.199192] NET: Registered PF_UNIX/PF_LOCAL protocol family
[    0.200505] RPC: Registered named UNIX socket transport module.
[    0.200525] RPC: Registered udp transport module.
[    0.200530] RPC: Registered tcp transport module.
[    0.200534] RPC: Registered tcp-with-tls transport module.
[    0.200540] RPC: Registered tcp NFSv4.1 backchannel transport module.
[    0.200562] PCI: CLS 0 bytes, default 64
[    0.202098] Initialise system trusted keyrings
[    0.212288] workingset: timestamp_bits=14 max_order=17 bucket_order=3
[    0.213663] NFS: Registering the id_resolver key type
[    0.213730] Key type id_resolver registered
[    0.213736] Key type id_legacy registered
[    0.213843] jffs2: version 2.2. (NAND) (SUMMARY)  Â© 2001-2006 Red Hat, Inc.
[    0.214312] Key type asymmetric registered
[    0.214326] Asymmetric key parser 'x509' registered
[    0.214397] io scheduler mq-deadline registered
[    0.214407] io scheduler kyber registered
[    0.214476] io scheduler bfq registered
[    0.216333] target-module@4b000000:target-module@140000:pmu@0:fck: device ID is greater than 24
[    0.222504] l3-aon-clkctrl:0000:0: failed to disable
[    0.231773] ledtrig-cpu: registered to indicate activity on CPUs
[    0.234596] Serial: 8250/16550 driver, 6 ports, IRQ sharing enabled
[    0.274876] brd: module loaded
[    0.298778] loop: module loaded
[    0.299704] mtdoops: mtd device (mtddev=name/number) must be supplied
[    0.302969] i2c_dev: i2c /dev entries driver
[    0.303977] cpuidle: enable-method property 'ti,am3352' found operations
[    0.304427] sdhci: Secure Digital Host Controller Interface driver
[    0.304436] sdhci: Copyright(c) Pierre Ossman
[    0.304611] sdhci-pltfm: SDHCI platform and OF driver helper
[    0.312625] hw perfevents: enabled with armv7_cortex_a8 PMU driver, 5 (8000000f) counters available
[    0.313148] Initializing XFRM netlink socket
[    0.313331] NET: Registered PF_INET6 protocol family
[    0.318999] l3-aon-clkctrl:0000:0: failed to disable
[    0.320473] Segment Routing with IPv6
[    0.320560] In-situ OAM (IOAM) with IPv6
[    0.320656] sit: IPv6, IPv4 and MPLS over IPv4 tunneling driver
[    0.321836] NET: Registered PF_PACKET protocol family
[    0.321865] NET: Registered PF_KEY protocol family
[    0.321978] Key type dns_resolver registered
[    0.322206] ThumbEE CPU extension supported.
[    0.322226] Registering SWP/SWPB emulation handler
[    0.322761] omap_voltage_late_init: Voltage driver support not added
[    0.323457] SmartReflex Class3 initialized
[    0.361692] Loading compiled-in X.509 certificates
[    0.402671] /ocp/interconnect@44c00000/segment@200000/target-module@b000/i2c@0/tda19988@70: Fixed dependency cycle(s) with /ocp/interconnect@48000000/segment@300000/target-module@e000/lcdc@0
[    0.409092] /ocp/interconnect@44c00000/segment@200000/target-module@b000/i2c@0/tda19988@70: Fixed dependency cycle(s) with /ocp/interconnect@48000000/segment@300000/target-module@e000/lcdc@0
[    0.438686] /ocp/interconnect@44c00000/segment@200000/target-module@b000/i2c@0/tda19988@70: Fixed dependency cycle(s) with /ocp/interconnect@48000000/segment@300000/target-module@e000/lcdc@0
[    0.439576] /ocp/interconnect@44c00000/segment@200000/target-module@b000/i2c@0/tda19988@70: Fixed dependency cycle(s) with /ocp/interconnect@48000000/segment@300000/target-module@e000/lcdc@0
[    0.443388] /ocp/interconnect@44c00000/segment@200000/target-module@10000/scm@0/pinmux@800: Fixed dependency cycle(s) with /ocp/interconnect@44c00000/segment@200000/target-module@10000/scm@0/pinmux@800/clkout2-pins
[    0.443995] pinctrl-single 44e10800.pinmux: 142 pins, size 568
[    0.449239] ti-sysc 44e31000.target-module: probe with driver ti-sysc failed with error -16
[    0.475198] /ocp/interconnect@48000000/segment@300000/target-module@e000/lcdc@0: Fixed dependency cycle(s) with /ocp/interconnect@44c00000/segment@200000/target-module@b000/i2c@0/tda19988@70
[    0.483481] ti-sysc 48040000.target-module: probe with driver ti-sysc failed with error -16
[    0.520547] OMAP GPIO hardware version 0.1
[    0.554908] omap_i2c 4819c000.i2c: bus 2 rev0.11 at 100 kHz
[    0.571902] 48000000.interconnect:segment@200000:target-module@0:mpu@0:fck: device ID is greater than 24
[    0.572869] /ocp/interconnect@48000000/segment@300000/target-module@e000/lcdc@0: Fixed dependency cycle(s) with /ocp/interconnect@44c00000/segment@200000/ta rget-module@b000/i2c@0/tda19988@70
[    0.575704] /ocp/interconnect@48000000/segment@300000/target-module@e000/lcdc@0: Fixed dependency cycle(s) with /ocp/interconnect@44c00000/segment@200000/target-module@b000/i2c@0/tda19988@70
[    0.576412] /ocp/interconnect@44c00000/segment@200000/target-module@b000/i2c@0/tda19988@70: Fixed dependency cycle(s) with /ocp/interconnect@48000000/segment@300000/target-module@e000/lcdc@0
[    0.576586] /ocp/interconnect@48000000/segment@300000/target-module@e000/lcdc@0:  Fixed dependency cycle(s) with /ocp/interconnect@44c00000/segment@200000/target-module@b000/i2c@0/tda19988@70
[    0.588076] sdhci-omap 481d8000.mmc: supply pbias not found, using dummy regulator
[    0.588567] sdhci-omap 481d8000.mmc: supply vqmmc not found, using dummy regulator
[    0.636820] davinci_mdio 4a101000.mdio: davinci mdio revision 1.6, bus freq 1000000
[    0.791638] davinci_mdio 4a101000.mdio: phy[0]: device 4a101000.mdio:00, driver SMSC LAN8710/LAN8720
[    0.792409] cpsw-switch 4a100000.switch: initialized cpsw ale version 1.4
[    0.792431] cpsw-switch 4a100000.switch: ALE Table size 1024, Policers 0
[    0.792576] cpsw-switch 4a100000.switch: cpts: overflow check period 500 (jiffies)
[    0.792592] cpsw-switch 4a100000.switch: CPTS: ref_clk_freq:250000000 calc_mult:2147483648 calc_shift:29 error:0 nsec/sec
[    0.792705] cpsw-switch 4a100000.switch: Detected MACID = 6c:ec:eb:68:de:78
[    0.794520] cpsw-switch 4a100000.switch: initialized (regs 0x4a100000, pool size 256) hw_ver:0019010C 1.12 (0)
[    0.805469] debugfs: Directory '49000000.dma' with parent 'dmaengine' already present!
[    0.805507] edma 49000000.dma: TI EDMA DMA engine driver
[    0.865050] 44e09000.serial: ttyS0 at MMIO 0x44e09000 (irq = 34, base_baud = 3000000) is a 8250
[    0.865143] printk: legacy console [ttyS0] enabled
[    2.372348] tps65217-pmic: Failed to locate of_node [id: -1]
[    2.378402] tps65217-bl: Failed to locate of_node [id: -1]
[    2.384461] platform tps65217-charger: DMA mask not set
[ 
[    5.762143] cpsw-switch 4a100000.switch eth0: Link is Up - 100Mbps/Full - flow control off
[    5.801369] IP-Config: Complete:
[    5.804637]      device=eth0, hwaddr=6c:ec:eb:68:de:78, ipaddr=192.168.255.1, mask=255.255.255.0, gw=255.255.255.255
[    5.815255]      host=bbb1, domain=, nis-domain=(none)
[    5.820420]      bootserver=192.168.255.126, rootserver=192.168.255.126, rootpath=
[    5.820849] clk: Disabling unused clocks
[    5.832723] PM: genpd: Disabling unused power domains
[    5.837840] KTAP version 1
[    5.840561] 1..0
[    5.865497] VFS: Mounted root (nfs filesystem) on device 0:17.
[    5.872553] devtmpfs: mounted
[    5.877050] Freeing unused kernel image (initmem) memory: 1024K
[    5.884176] Run /sbin/init as init process
[    6.579356] systemd[1]: System time before build time, advancing clock.
[    8.051376] random: crng init done
[    8.064104] systemd[1]: systemd 232 running in system mode. (+PAM +AUDIT +SELINUX +IMA +APPARMOR +SMACK +SYSVINIT +UTMP +LIBCRYPTSETUP +GCRYPT +GNUTLS +ACL +XZ +LZ4 +SECCOMP +BLKID +ELFUTILS +KMOD +IDN)
[    8.083292] systemd[1]: Detected architecture arm.

Welcome to [1mDebian GNU/Linux 9 (stretch)[0m!

[    8.114449] systemd[1]: Set hostname to <arm>.
[    9.214278] systemd[1]: Started Forward Password Requests to Wall Directory Watch.
[[0;32m  OK  [0m] Started Forward Password Requests to Wall Directory Watch.
[    9.243183] systemd[1]: syslog.socket: SO_PASSSEC failed: Operation not supported
[    9.250913] systemd[1]: Listening on Syslog Socket.
[[0;32m  OK  [0m] Listening on Syslog Socket.
[    9.272034] systemd[1]: systemd-journald.socket: SO_PASSSEC failed: Operation not supported
[    9.280669] systemd[1]: systemd-journald.socket: SO_PASSSEC failed: Operation not supported
[    9.289330] systemd[1]: Listening on Journal Socket.
[[0;32m  OK  [0m] Listening on Journal Socket.
[    9.313478] systemd[1]: Listening on /dev/initctl Compatibility Named Pipe.
[[0;32m  OK  [0m] Listening on /dev/initctl Compatibility Named Pipe.
[[0;32m  OK  [0m] Listening on Journal Socket (/dev/log).
[[0;32m  OK  [0m] Reached target Remote File Systems.
[[0;32m  OK  [0m] Created slice System Slice.
         Mounting Debug File System...
         Mounting POSIX Message Queue File System...
         Starting Remount Root and Kernel File Systems...
         Starting Create list of required stâ€¦ce nodes for the current kernel...
[[0;32m  OK  [0m] Listening on udev Kernel Socket.
         Starting Load Kernel Modules...
[[0;32m  OK  [0m] Set up automount Arbitrary Executabâ€¦rmats File System Automount Point.
[[0;32m  OK  [0m] Started Dispatch Password Requests to Console Directory Watch.
[[0;32m  OK  [0m] Reached target Paths.
[[0;32m  OK  [0m] Reached target Encrypted Volumes.
[[0;32m  OK  [0m] Listening on udev Control Socket.
[[0;32m  OK  [0m] Reached target Swap.
[[0;32m  OK  [0m] Listening on Journal Audit Socket.
         Starting Journal Service...
[[0;32m  OK  [0m] Created slice system-serial\x2dgetty.slice.
[[0;32m  OK  [0m] Created slice User and Session Slice.
[[0;32m  OK  [0m] Reached target Slices.
[[0;32m  OK  [0m] Created slice system-getty.slice.
[[0;32m  OK  [0m] Mounted POSIX Message Queue File System.
[[0;32m  OK  [0m] Mounted Debug File System.
[[0;32m  OK  [0m] Started Remount Root and Kernel File Systems.
[[0;32m  OK  [0m] Started Create list of required staâ€¦vice nodes for the current kernel.
[[0;32m  OK  [0m] Started Load Kernel Modules.
         Starting Apply Kernel Variables...
         Mounting Configuration File System...
         Starting Create Static Device Nodes in /dev...
         Starting udev Coldplug all Devices...
         Starting Load/Save Random Seed...
[[0;32m  OK  [0m] Mounted Configuration File System.
[[0;32m  OK  [0m] Started Apply Kernel Variables.
[[0;32m  OK  [0m] Started Load/Save Random Seed.
[[0;32m  OK  [0m] Started Create Static Device Nodes in /dev.
[[0;32m  OK  [0m] Reached target Local File Systems (Pre).
[[0;32m  OK  [0m] Reached target Local File Systems.
         Starting Raise network interfaces...
         Starting udev Kernel Device Manager...
[[0;32m  OK  [0m] Started Journal Service.
         Starting Flush Journal to Persistent Storage...
[   11.514344] systemd-journald[89]: Received request to flush runtime journal from PID 1
[[0;32m  OK  [0m] Started Flush Journal to Persistent Storage.
         Starting Create Volatile Files and Directories...
[[0;32m  OK  [0m] Started udev Kernel Device Manager.
[[0;32m  OK  [0m] Started Create Volatile Files and Directories.
         Starting Network Time Synchronization...
         Starting Update UTMP about System Boot/Shutdown...
[[0;32m  OK  [0m] Started Update UTMP about System Boot/Shutdown.
[[0;32m  OK  [0m] Started udev Coldplug all Devices.
[   14.653930] remoteproc remoteproc0: wkup_m3 is available
[[0;32m  OK  [0m] Started Network Time Synchronization.
[[0;32m  OK  [0m] Reached target System Time Synchronized.
[[0;32m  OK  [0m] Reached target System Initialization.
[[0;32m  OK  [0m] Started Daily apt download activities.[   14.963746] omap_rtc 44e3e000.rtc: registered as rtc0

[   14.973315] omap_rtc 44e3e000.rtc: setting system clock to 2000-01-01T00:00:00 UTC (946684800)
[[0;32m  OK  [0m] Started Daily apt upgrade and clean activities.
[[0;32m  OK  [0m] Listening on D-Bus System Message Bus Socket.
[[0;32m  OK  [0m] Listening on Avahi mDNS/DNS-SD Stack Activation Socket.
[   15.095422] at24 2-0054: supply vcc not found, using dummy regulator
[   15.105661] am335x-phy-driver 47401300.usb-phy: dummy supplies not allowed for exclusive requests (id=vbus)
[[0;32m  OK  [0m] Reached target Sockets.
[[0;32m  OK  [0m] Reached target Basic System.
[   15.179305] omap_wdt: OMAP Watchdog Timer Rev 0x01: initial timeout 60 sec
[   15.224824] at24 2-0055: supply vcc not found, using dummy regulator
         Starting LSB: Load kernel modules needed to enable cpufreq scaling...
[   15.332397] at24 2-0056: supply vcc not found, using dummy regulator
         Starting Generic Board Startup...
[   15.435323] am335x-phy-driver 47401b00.usb-phy: dummy supplies not allowed for exclusive requests (id=vbus)
[   15.452373] at24 2-0057: supply vcc not found, using dummy regulator
         Starting LSB: Start busybox udhcpd at boot time...
[   15.587576] at24 0-0050: 32768 byte 24c256 EEPROM, writable, 1 bytes/write
         Starting Avahi mDNS/DNS-SD Stack...
         Starting System Logging Service...
         Starting Login Service...
         Starting Cape Manager Service...
[   16.061153] input: tps65217_pwrbutton as /devices/platform/ocp/44c00000.interconnect/44c00000.interconnect:segment@200000/44e0b000.target-module/44e0b000.i2c/i2c-0/0-0024/tps65217-pwrbutton/input/input0
[[0;32m  OK  [0m] Started Regular background program processing daemon.
[[0;32m  OK  [0m] Started D-Bus System Message Bus.
[   17.073143] usbcore: registered new interface driver usbfs
[   17.078778] usbcore: registered new interface driver hub
[   17.084412] usbcore: registered new device driver usb
[   17.662257] tda998x 0-0070: found TDA19988
[   17.702521] omap-mailbox 480c8000.mailbox: omap mailbox rev 0x400
[   17.793956] remoteproc remoteproc0: powering up wkup_m3
[   17.948973] remoteproc remoteproc0: Direct firmware load for am335x-pm-firmware.elf failed with error -2
[   17.958755] remoteproc remoteproc0: request_firmware failed: -2
[   17.964931] wkup_m3_ipc 44e11324.wkup_m3_ipc: rproc_boot failed
[   18.068308] musb-hdrc musb-hdrc.1: MUSB HDRC host driver
[   18.073881] musb-hdrc musb-hdrc.1: new USB bus registered, assigned bus number 1
[   18.372327] usb usb1: New USB device found, idVendor=1d6b, idProduct=0002, bcdDevice= 6.16
[   18.380794] usb usb1: New USB device strings: Mfr=3, Product=2, SerialNumber=1
[   18.388210] usb usb1: Product: MUSB HDRC host driver
[   18.393243] usb usb1: Manufacturer: Linux 6.16.0-rc5 musb-hcd
[   18.399020] usb usb1: SerialNumber: musb-hdrc.1
[   18.843481] hub 1-0:1.0: USB hub found
[   18.923353] hub 1-0:1.0: 1 port detected
[   20.008931] omap_rng 48310000.rng: Random Number Generator ver. 20
[   20.343669] tilcdc 4830e000.lcdc: bound 0-0070 (ops tda998x_audio_codec_init [tda998x])
[   20.462363] [drm] Initialized tilcdc 1.0.0 for 4830e000.lcdc on minor 0
[   20.538956] tilcdc 4830e000.lcdc: [drm] Cannot find any crtc or sizes
[   20.547169] tilcdc 4830e000.lcdc: [drm] Cannot find any crtc or sizes
[[0;32m  OK  [0m] Started Avahi mDNS/DNS-SD Stack.
         Starting Connection service...
         Starting Telephony service...
         Starting DUN service...
[[0;32m  OK  [0m] Started Daily Cleanup of Temporary Directories.
[[0;32m  OK  [0m] Reached target Timers.
[[0;32m  OK  [0m] Started System Logging Service.
[   21.508989] PM: Cannot get wkup_m3_ipc handle
[[0;32m  OK  [0m] Started Cape Manager Service.
[   21.830461] omap-sham 53100000.sham: hw accel on OMAP rev 4.3
[   21.989633] omap-sham 53100000.sham: will run requests pump with realtime priority
[   22.000217] PM: Cannot get wkup_m3_ipc handle
[   22.014944] omap-aes 53500000.aes: OMAP AES hw accel rev: 3.2
[   22.172078] omap-aes 53500000.aes: will run requests pump with realtime priority
[   22.183161] PM: Cannot get wkup_m3_ipc handle
[[0;32m  OK  [0m] Found device /dev/ttyS0.
[   24.562201] Bluetooth: Core ver 2.22
[   24.566052] NET: Registered PF_BLUETOOTH protocol family
[   24.571590] Bluetooth: HCI device and connection manager initialized
[   24.578007] Bluetooth: HCI socket layer initialized
[   24.583026] Bluetooth: L2CAP socket layer initialized
[   24.588149] Bluetooth: SCO socket layer initialized
[   25.224576] gpio-537 (nxp,calib): gpiod_direction_output_nonotify: tried to set a GPIO tied to an IRQ as output
[   25.371847] PM: Cannot get wkup_m3_ipc handle
[   25.514584] PM: Cannot get wkup_m3_ipc handle
[   25.519333] tda9950 0-0034: TDA9950 CEC interface, hardware version 3.3
[   25.663208] PM: Cannot get wkup_m3_ipc handle
[[0;32m  OK  [0m] Started LSB: Start busybox udhcpd at boot time.
[[0;32m  OK  [0m] Started LSB: Load kernel modules needed to enable cpufreq scaling.
[[0;32m  OK  [0m] Started Raise network interfaces.
[   28.370367] configfs-gadget.g_multi gadget.0: HOST MAC 1c:ba:8c:a2:ed:6c
[   28.377385] configfs-gadget.g_multi gadget.0: MAC 1c:ba:8c:a2:ed:70
[   28.384706] configfs-gadget.g_multi gadget.0: HOST MAC 1c:ba:8c:a2:ed:6c
[   28.391544] configfs-gadget.g_multi gadget.0: MAC 1c:ba:8c:a2:ed:6d
[   28.399405] PM: Cannot get wkup_m3_ipc handle
[[0;32m  OK  [0m] Started DUN service.
[[0;32m  OK  [0m] Started Telephony service.
[[0;32m  OK  [0m] Started Connection service.
[[0;32m  OK  [0m] Started Login Service.
[[0;32m  OK  [0m] Reached target Sound Card.
[[0;32m  OK  [0m] Reached target Network.
[[0;32m  OK  [0m] Reached target Network is Online.
         Starting LSB: Advanced IEEE 802.11 management daemon...
         Starting The Apache HTTP Server...
         Starting OpenBSD Secure Shell server...
         Starting Permit User Sessions...
         Starting LSB: set CPUFreq kernel parameters...
[[0;32m  OK  [0m] Started LSB: Advanced IEEE 802.11 management daemon.
[[0;32m  OK  [0m] Started Permit User Sessions.
         Starting Hostname Service...
         Starting WPA supplicant...
[[0;32m  OK  [0m] Started Getty on tty1.
[[0;32m  OK  [0m] Started Serial Getty on ttyS0.
[[0;32m  OK  [0m] Reached target Login Prompts.
[[0;32m  OK  [0m] Started LSB: set CPUFreq kernel parameters.
[[0;32m  OK  [0m] Started WPA supplicant.
[[0;32m  OK  [0m] Started Hostname Service.
         Stopping LSB: Start busybox udhcpd at boot time...
[[0;32m  OK  [0m] Started OpenBSD Secure Shell server.
[[0;32m  OK  [0m] Stopped LSB: Start busybox udhcpd at boot time.
         Starting dnsmasq - A lightweight DHCP and caching DNS server...
[[0;32m  OK  [0m] Started The Apache HTTP Server.
[[0;32m  OK  [0m] Started dnsmasq - A lightweight DHCP and caching DNS server.
[[0;32m  OK  [0m] Reached target Host and Network Name Lookups.
[[0;32m  OK  [0m] Started Serial Getty on ttyGS0.
[[0;32m  OK  [0m] Started Generic Board Startup.
[[0;32m  OK  [0m] Reached target Multi-User System.
[[0;32m  OK  [0m] Reached target Graphical Interface.
         Starting Update UTMP about System Runlevel Changes...
[[0;32m  OK  [0m] Started Update UTMP about System Runlevel Changes.

Debian GNU/Linux 9 arm ttyS0

default username:password is [debian:temppwd]

arm login: root
Password: 
Last login: Sat Jan  1 00:00:31 UTC 2000 on ttyS0
root
Linux arm 6.16.0-rc5 #1 SMP Mon Jul  7 00:40:25 EEST 2025 armv7l

The programs included with the Debian GNU/Linux system are free software;
the exact distribution terms for each program are described in the
individual files in /usr/share/doc/*/copyright.

Debian GNU/Linux comes with ABSOLUTELY NO WARRANTY, to the extent
permitted by applicable law.
root@arm:~# root
-bash: root: command not found
root@arm:~# dmesg -n 1
root@arm:~# echo 'KVGU''SAYFGA'
KVGUSAYFGA
root@arm:~# run() { echo -n "$MARKER"; sh -c "$@"; echo "$MARKER $?"; }
root@arm:~# echo 'JOPZ''YLTCNV'
JOPZYLTCNV
root@arm:~# MARKER='KNXM''QOCVOU' run 'cat /proc/version'
KNXMQOCVOULinux version 6.16.0-rc5 (user01@drvtest01) (arm-none-eabi-gcc (Arm GNU Toolchain 14.2.Rel1 (Build arm-14.52)) 14.2.1 20241119, GNU ld (Arm GNU Toolchain 14.2.Rel1 (Build arm-14.52)) 2.43.1.20241119) #1 SMP Mon Jul  7 00:40:25 EEST 2025
KNXMQOCVOU 0
root@arm:~# echo 'VCKF''YKBZKP'
VCKFYKBZKP
root@arm:~# MARKER='ZAUS''MTPGQP' run false
ZAUSMTPGQPZAUSMTPGQP 1
root@arm:~# Labgrid Console Logfile for main
Logfile started at 2025-07-07 00:44:33.538898
=== Log starts here ===

root@arm:~# run() { echo -n "$MARKER"; sh -c "$@"; echo "$MARKER $?"; }
root@arm:~# echo 'ZZCF''NMKNTU'
ZZCFNMKNTU
root@arm:~# MARKER='FVKB''MFFHPV' run 'ls /iio_generic_buffer; echo $?'
FVKBMFFHPV/iio_generic_buffer
0
FVKBMFFHPV 0
root@arm:~# Labgrid Console Logfile for main
Logfile started at 2025-07-07 00:44:36.886718
=== Log starts here ===

root@arm:~# run() { echo -n "$MARKER"; sh -c "$@"; echo "$MARKER $?"; }
root@arm:~# echo 'BZJM''MQZVWK'
BZJMMQZVWK
root@arm:~# MARKER='KACW''BBLLFG' run dmesg
KACWBBLLFG[    0.000000] Booting Linux on physical CPU 0x0
[    0.000000] Linux version 6.16.0-rc5 (user01@drvtest01) (arm-none-eabi-gcc (Arm GNU Toolchain 14.2.Rel1 (Build arm-14.52)) 14.2.1 20241119, GNU ld (Arm GNU Toolchain 14.2.Rel1 (Build arm-14.52)) 2.43.1.20241119) #1 SMP Mon Jul  7 00:40:25 EEST 2025
[    0.000000] CPU: ARMv7 Processor [413fc082] revision 2 (ARMv7), cr=10c5387d
[    0.000000] CPU: PIPT / VIPT nonaliasing data cache, VIPT aliasing instruction cache
[    0.000000] OF: fdt: Machine model: TI AM335x BeagleBone Black
[    0.000000] Memory policy: Data cache writeback
[    0.000000] cma: Reserved 16 MiB at 0x9e800000
[    0.000000] Zone ranges:
[    0.000000]   Normal   [mem 0x0000000080000000-0x000000009fdfffff]
[    0.000000]   HighMem  empty
[    0.000000] Movable zone start for each node
[    0.000000] Early memory node ranges
[    0.000000]   node   0: [mem 0x0000000080000000-0x000000009fdfffff]
[    0.000000] Initmem setup node 0 [mem 0x0000000080000000-0x000000009fdfffff]
[    0.000000] On node 0, zone Normal: 512 pages in unavailable ranges
[    0.000000] OF: reserved mem: Reserved memory: No reserved-memory node in the DT
[    0.000000] CPU: All CPU(s) started in SVC mode.
[    0.000000] AM335X ES2.1 (sgx neon)
[    0.000000] percpu: Embedded 17 pages/cpu s39820 r8192 d21620 u69632
[    0.000000] pcpu-alloc: s39820 r8192 d21620 u69632 alloc=17*4096
[    0.000000] pcpu-alloc: [0] 0 
[    0.000000] Kernel command line: console=ttyO0,115200n8 root=/dev/nfs rw nfsroot=192.168.255.126:/home/user01/nfs,nfsvers=3 ip=192.168.255.1:192.168.255.126::255.255.255.0:bbb1:eth0 nfsrootdebug
[    0.000000] Unknown kernel command line parameters "nfsrootdebug", will be passed to user space.
[    0.000000] printk: log buffer data + meta data: 65536 + 204800 = 270336 bytes
[    0.000000] Dentry cache hash table entries: 65536 (order: 6, 262144 bytes, linear)
[    0.000000] Inode-cache hash table entries: 32768 (order: 5, 131072 bytes, linear)
[    0.000000] Built 1 zonelists, mobility grouping on.  Total pages: 130560
[    0.000000] mem auto-init: stack:off, heap alloc:off, heap free:off
[    0.000000] SLUB: HWalign=16, Order=0-3, MinObjects=0, CPUs=1, Nodes=1
[    0.000000] rcu: Hierarchical RCU implementation.
[    0.000000] rcu: 	RCU event tracing is enabled.
[    0.000000] rcu: 	RCU restricting CPUs from NR_CPUS=2 to nr_cpu_ids=1.
[    0.000000] 	Tracing variant of Tasks RCU enabled.
[    0.000000] rcu: RCU calculated value of scheduler-enlistment delay is 10 jiffies.
[    0.000000] rcu: Adjusting geometry for rcu_fanout_leaf=16, nr_cpu_ids=1
[    0.000000] RCU Tasks Trace: Setting shift to 0 and lim to 1 rcu_task_cb_adjust=1 rcu_task_cpu_ids=1.
[    0.000000] NR_IRQS: 16, nr_irqs: 16, preallocated irqs: 16
[    0.000000] IRQ: Found an INTC at 0x(ptrval) (revision 5.0) with 128 interrupts
[    0.000000] rcu: srcu_init: Setting srcu_struct sizes based on contention.
[    0.000000] TI gptimer clocksource: always-on /ocp/interconnect@44c00000/segment@200000/target-module@31000
[    0.000003] sched_clock: 32 bits at 24MHz, resolution 41ns, wraps every 89478484971ns
[    0.000026] clocksource: dmtimer: mask: 0xffffffff max_cycles: 0xffffffff, max_idle_ns: 79635851949 ns
[    0.000507] TI gptimer clockevent: 24000000 Hz at /ocp/interconnect@48000000/segment@0/target-module@40000
[    0.002130] Console: colour dummy device 80x30
[    0.002197] WARNING: Your 'console=ttyO0' has been replaced by 'ttyS0'
[    0.002205] This ensures that you still see kernel messages. Please
[    0.002209] update your kernel commandline.
[    0.002252] Calibrating delay loop... 996.14 BogoMIPS (lpj=4980736)
[    0.090552] CPU: Testing write buffer coherency: ok
[    0.090665] CPU0: Spectre v2: using BPIALL workaround
[    0.090675] pid_max: default: 32768 minimum: 301
[    0.090839] LSM: initializing lsm=capability
[    0.091021] Mount-cache hash table entries: 1024 (order: 0, 4096 bytes, linear)
[    0.091039] Mountpoint-cache hash table entries: 1024 (order: 0, 4096 bytes, linear)
[    0.092674] CPU0: thread -1, cpu 0, socket -1, mpidr 0
[    0.092733] cacheinfo: Unable to detect cache hierarchy for CPU 0
[    0.094774] Setting up static identity map for 0x80100000 - 0x80100078
[    0.095092] rcu: Hierarchical SRCU implementation.
[    0.095102] rcu: 	Max phase no-delay instances is 1000.
[    0.096839] smp: Bringing up secondary CPUs ...
[    0.096891] smp: Brought up 1 node, 1 CPU
[    0.096902] SMP: Total of 1 processors activated (996.14 BogoMIPS).
[    0.096914] CPU: All CPU(s) started in SVC mode.
[    0.097104] Memory: 480820K/522240K available (11264K kernel code, 1220K rwdata, 2924K rodata, 1024K init, 288K bss, 23388K reserved, 16384K cma-reserved, 0K highmem)
[    0.097920] devtmpfs: initialized
[    0.114890] VFP support v0.3: implementor 41 architecture 3 part 30 variant c rev 3
[    0.115528] clocksource: jiffies: mask: 0xffffffff max_cycles: 0xffffffff, max_idle_ns: 19112604462750000 ns
[    0.115583] posixtimers hash table entries: 512 (order: 0, 4096 bytes, linear)
[    0.115606] futex hash table entries: 256 (16384 bytes on 1 NUMA nodes, total 16 KiB, linear).
[    0.116741] pinctrl core: initialized pinctrl subsystem
[    0.118797] NET: Registered PF_NETLINK/PF_ROUTE protocol family
[    0.121910] DMA: preallocated 256 KiB pool for atomic coherent allocations
[    0.122864] audit: initializing netlink subsys (disabled)
[    0.124219] thermal_sys: Registered thermal governor 'fair_share'
[    0.124235] thermal_sys: Registered thermal governor 'step_wise'
[    0.124244] thermal_sys: Registered thermal governor 'user_space'
[    0.124356] audit: type=2000 audit(0.120:1): state=initialized audit_enabled=0 res=1
[    0.124425] cpuidle: using governor menu
[    0.142580] /ocp/interconnect@44c00000/segment@200000/target-module@b000/i2c@0/tda19988@70: Fixed dependency cycle(s) with /ocp/interconnect@48000000/segment@300000/target-module@e000/lcdc@0
[    0.143727] /ocp/interconnect@48000000/segment@300000/target-module@e000/lcdc@0: Fixed dependency cycle(s) with /ocp/interconnect@44c00000/segment@200000/target-module@b000/i2c@0/tda19988@70
[    0.145946] No ATAGs?
[    0.145988] hw-breakpoint: debug architecture 0x4 unsupported.
[    0.148690] kprobes: kprobe jump-optimization is enabled. All kprobes are optimized if possible.
[    0.154013] iommu: Default domain type: Translated
[    0.154034] iommu: DMA domain TLB invalidation policy: strict mode
[    0.155593] reg-fixed-voltage fixedregulator0: using DT '/fixedregulator0' for '(default)' GPIO lookup
[    0.155646] of_get_named_gpiod_flags: can't parse 'gpios' property of node '/fixedregulator0[0]'
[    0.155674] of_get_named_gpiod_flags: can't parse 'gpio' property of node '/fixedregulator0[0]'
[    0.155691] reg-fixed-voltage fixedregulator0: using lookup tables for GPIO lookup
[    0.155701] reg-fixed-voltage fixedregulator0: No GPIO consumer (default) found
[    0.161365] SCSI subsystem initialized
[    0.161853] libata version 3.00 loaded.
[    0.162221] pps_core: LinuxPPS API ver. 1 registered
[    0.162232] pps_core: Software ver. 5.3.6 - Copyright 2005-2007 Rodolfo Giometti <giometti@linux.it>
[    0.162256] PTP clock support registered
[    0.170979] vgaarb: loaded
[    0.171353] clocksource: Switched to clocksource dmtimer
[    0.172028] VFS: Disk quotas dquot_6.6.0
[    0.172083] VFS: Dquot-cache hash table entries: 1024 (order 0, 4096 bytes)
[    0.196875] NET: Registered PF_INET protocol family
[    0.197221] IP idents hash table entries: 8192 (order: 4, 65536 bytes, linear)
[    0.198650] tcp_listen_portaddr_hash hash table entries: 512 (order: 0, 4096 bytes, linear)
[    0.198688] Table-perturb hash table entries: 65536 (order: 6, 262144 bytes, linear)
[    0.198708] TCP established hash table entries: 4096 (order: 2, 16384 bytes, linear)
[    0.198752] TCP bind hash table entries: 4096 (order: 4, 65536 bytes, linear)
[    0.198851] TCP: Hash tables configured (established 4096 bind 4096)
[    0.198969] UDP hash table entries: 256 (order: 1, 14336 bytes, linear)
[    0.199005] UDP-Lite hash table entries: 256 (order: 1, 14336 bytes, linear)
[    0.199192] NET: Registered PF_UNIX/PF_LOCAL protocol family
[    0.200505] RPC: Registered named UNIX socket transport module.
[    0.200525] RPC: Registered udp transport module.
[    0.200530] RPC: Registered tcp transport module.
[    0.200534] RPC: Registered tcp-with-tls transport module.
[    0.200540] RPC: Registered tcp NFSv4.1 backchannel transport module.
[    0.200562] PCI: CLS 0 bytes, default 64
[    0.202098] Initialise system trusted keyrings
[    0.212288] workingset: timestamp_bits=14 max_order=17 bucket_order=3
[    0.213663] NFS: Registering the id_resolver key type
[    0.213730] Key type id_resolver registered
[    0.213736] Key type id_legacy registered
[    0.213843] jffs2: version 2.2. (NAND) (SUMMARY)  Â© 2001-2006 Red Hat, Inc.
[    0.214312] Key type asymmetric registered
[    0.214326] Asymmetric key parser 'x509' registered
[    0.214397] io scheduler mq-deadline registered
[    0.214407] io scheduler kyber registered
[    0.214476] io scheduler bfq registered
[    0.216333] target-module@4b000000:target-module@140000:pmu@0:fck: device ID is greater than 24
[    0.222504] l3-aon-clkctrl:0000:0: failed to disable
[    0.231773] ledtrig-cpu: registered to indicate activity on CPUs
[    0.234596] Serial: 8250/16550 driver, 6 ports, IRQ sharing enabled
[    0.274876] brd: module loaded
[    0.298778] loop: module loaded
[    0.299704] mtdoops: mtd device (mtddev=name/number) must be supplied
[    0.301582] mdio_bus fixed-0: using lookup tables for GPIO lookup
[    0.301606] mdio_bus fixed-0: No GPIO consumer reset found
[    0.302969] i2c_dev: i2c /dev entries driver
[    0.303977] cpuidle: enable-method property 'ti,am3352' found operations
[    0.304427] sdhci: Secure Digital Host Controller Interface driver
[    0.304436] sdhci: Copyright(c) Pierre Ossman
[    0.304611] sdhci-pltfm: SDHCI platform and OF driver helper
[    0.312625] hw perfevents: enabled with armv7_cortex_a8 PMU driver, 5 (8000000f) counters available
[    0.313148] Initializing XFRM netlink socket
[    0.313331] NET: Registered PF_INET6 protocol family
[    0.318999] l3-aon-clkctrl:0000:0: failed to disable
[    0.320473] Segment Routing with IPv6
[    0.320560] In-situ OAM (IOAM) with IPv6
[    0.320656] sit: IPv6, IPv4 and MPLS over IPv4 tunneling driver
[    0.321836] NET: Registered PF_PACKET protocol family
[    0.321865] NET: Registered PF_KEY protocol family
[    0.321978] Key type dns_resolver registered
[    0.322206] ThumbEE CPU extension supported.
[    0.322226] Registering SWP/SWPB emulation handler
[    0.322761] omap_voltage_late_init: Voltage driver support not added
[    0.323457] SmartReflex Class3 initialized
[    0.361692] Loading compiled-in X.509 certificates
[    0.402671] /ocp/interconnect@44c00000/segment@200000/target-module@b000/i2c@0/tda19988@70: Fixed dependency cycle(s) with /ocp/interconnect@48000000/segment@300000/target-module@e000/lcdc@0
[    0.409092] /ocp/interconnect@44c00000/segment@200000/target-module@b000/i2c@0/tda19988@70: Fixed dependency cycle(s) with /ocp/interconnect@48000000/segment@300000/target-module@e000/lcdc@0
[    0.414832] gpiochip_find_base_unlocked: found new base at 512
[    0.438686] /ocp/interconnect@44c00000/segment@200000/target-module@b000/i2c@0/tda19988@70: Fixed dependency cycle(s) with /ocp/interconnect@48000000/segment@300000/target-module@e000/lcdc@0
[    0.439576] /ocp/interconnect@44c00000/segment@200000/target-module@b000/i2c@0/tda19988@70: Fixed dependency cycle(s) with /ocp/interconnect@48000000/segment@300000/target-module@e000/lcdc@0
[    0.443388] /ocp/interconnect@44c00000/segment@200000/target-module@10000/scm@0/pinmux@800: Fixed dependency cycle(s) with /ocp/interconnect@44c00000/segment@200000/target-module@10000/scm@0/pinmux@800/clkout2-pins
[    0.443995] pinctrl-single 44e10800.pinmux: 142 pins, size 568
[    0.449239] ti-sysc 44e31000.target-module: probe with driver ti-sysc failed with error -16
[    0.475198] /ocp/interconnect@48000000/segment@300000/target-module@e000/lcdc@0: Fixed dependency cycle(s) with /ocp/interconnect@44c00000/segment@200000/target-module@b000/i2c@0/tda19988@70
[    0.483481] ti-sysc 48040000.target-module: probe with driver ti-sysc failed with error -16
[    0.494940] gpiochip_find_base_unlocked: found new base at 512
[    0.495037] gpio gpiochip0: (gpio-0-31): created GPIO range 0->7 ==> 44e10800.pinmux PIN 0->7
[    0.495054] gpio gpiochip0: (gpio-0-31): created GPIO range 8->11 ==> 44e10800.pinmux PIN 90->93
[    0.495069] gpio gpiochip0: (gpio-0-31): created GPIO range 12->27 ==> 44e10800.pinmux PIN 12->27
[    0.495084] gpio gpiochip0: (gpio-0-31): created GPIO range 28->31 ==> 44e10800.pinmux PIN 30->33
[    0.520309] gpio gpiochip0: (gpio-0-31): added GPIO chardev (254:0)
[    0.520453] gpio gpiochip0: registered GPIOs 512 to 543 on gpio-0-31
[    0.520547] OMAP GPIO hardware version 0.1
[    0.553893] i2c i2c-2: using DT '/ocp/interconnect@48000000/segment@100000/target-module@9c000/i2c@0' for 'scl' GPIO lookup
[    0.553967] of_get_named_gpiod_flags: can't parse 'scl-gpios' property of node '/ocp/interconnect@48000000/segment@100000/target-module@9c000/i2c@0[0]'
[    0.554007] of_get_named_gpiod_flags: can't parse 'scl-gpio' property of node '/ocp/interconnect@48000000/segment@100000/target-module@9c000/i2c@0[0]'
[    0.554042] i2c i2c-2: using lookup tables for GPIO lookup
[    0.554051] i2c i2c-2: No GPIO consumer scl found
[    0.554073] i2c i2c-2: using DT '/ocp/interconnect@48000000/segment@100000/target-module@9c000/i2c@0' for 'sda' GPIO lookup
[    0.554107] of_get_named_gpiod_flags: can't parse 'sda-gpios' property of node '/ocp/interconnect@48000000/segment@100000/target-module@9c000/i2c@0[0]'
[    0.554143] of_get_named_gpiod_flags: can't parse 'sda-gpio' property of node '/ocp/interconnect@48000000/segment@100000/target-module@9c000/i2c@0[0]'
[    0.554173] i2c i2c-2: using lookup tables for GPIO lookup
[    0.554181] i2c i2c-2: No GPIO consumer sda found
[    0.554908] omap_i2c 4819c000.i2c: bus 2 rev0.11 at 100 kHz
[    0.560397] gpiochip_find_base_unlocked: found new base at 544
[    0.560496] gpio gpiochip1: (gpio-32-63): created GPIO range 0->17 ==> 44e10800.pinmux PIN 34->51
[    0.560514] gpio gpiochip1: (gpio-32-63): created GPIO range 18->21 ==> 44e10800.pinmux PIN 77->80
[    0.560530] gpio gpiochip1: (gpio-32-63): created GPIO range 22->31 ==> 44e10800.pinmux PIN 56->65
[    0.562376] gpio gpiochip1: (gpio-32-63): added GPIO chardev (254:1)
[    0.562536] gpio gpiochip1: registered GPIOs 544 to 575 on gpio-32-63
[    0.564852] gpiochip_find_base_unlocked: found new base at 576
[    0.565135] gpio gpiochip2: (gpio-64-95): created GPIO range 0->4 ==> 44e10800.pinmux PIN 66->70
[    0.565156] gpio gpiochip2: (gpio-64-95): created GPIO range 5->6 ==> 44e10800.pinmux PIN 98->99
[    0.565171] gpio gpiochip2: (gpio-64-95): created GPIO range 7->8 ==> 44e10800.pinmux PIN 75->76
[    0.565186] gpio gpiochip2: (gpio-64-95): created GPIO range 13->13 ==> 44e10800.pinmux PIN 141->141
[    0.565202] gpio gpiochip2: (gpio-64-95): created GPIO range 14->21 ==> 44e10800.pinmux PIN 100->107
[    0.565889] gpio gpiochip2: (gpio-64-95): added GPIO chardev (254:2)
[    0.566035] gpio gpiochip2: registered GPIOs 576 to 607 on gpio-64-95
[    0.571902] 48000000.interconnect:segment@200000:target-module@0:mpu@0:fck: device ID is greater than 24
[    0.572869] /ocp/interconnect@48000000/segment@300000/target-module@e000/lcdc@0: Fixed dependency cycle(s) with /ocp/interconnect@44c00000/segment@200000/target-module@b000/i2c@0/tda19988@70
[    0.575704] /ocp/interconnect@48000000/segment@300000/target-module@e000/lcdc@0: Fixed dependency cycle(s) with /ocp/interconnect@44c00000/segment@200000/target-module@b000/i2c@0/tda19988@70
[    0.576412] /ocp/interconnect@44c00000/segment@200000/target-module@b000/i2c@0/tda19988@70: Fixed dependency cycle(s) with /ocp/interconnect@48000000/segment@300000/target-module@e000/lcdc@0
[    0.576586] /ocp/interconnect@48000000/segment@300000/target-module@e000/lcdc@0: Fixed dependency cycle(s) with /ocp/interconnect@44c00000/segment@200000/target-module@b000/i2c@0/tda19988@70
[    0.586314] mdio_bus 4a101000.mdio: using DT '/ocp/interconnect@4a000000/segment@0/target-module@100000/switch@0/mdio@1000' for 'reset' GPIO lookup
[    0.586385] of_get_named_gpiod_flags: can't parse 'reset-gpios' property of node '/ocp/interconnect@4a000000/segment@0/target-module@100000/switch@0/mdio@1000[0]'
[    0.586431] of_get_named_gpiod_flags: can't parse 'reset-gpio' property of node '/ocp/interconnect@4a000000/segment@0/target-module@100000/switch@0/mdio@1000[0]'
[    0.586478] mdio_bus 4a101000.mdio: using lookup tables for GPIO lookup
[    0.586487] mdio_bus 4a101000.mdio: No GPIO consumer reset found
[    0.587730] sdhci-omap 481d8000.mmc: using DT '/ocp/interconnect@48000000/segment@100000/target-module@d8000/mmc@0' for 'wp' GPIO lookup
[    0.587793] of_get_named_gpiod_flags: can't parse 'wp-gpios' property of node '/ocp/interconnect@48000000/segment@100000/target-module@d8000/mmc@0[0]'
[    0.587835] of_get_named_gpiod_flags: can't parse 'wp-gpio' property of node '/ocp/interconnect@48000000/segment@100000/target-module@d8000/mmc@0[0]'
[    0.587869] sdhci-omap 481d8000.mmc: using lookup tables for GPIO lookup
[    0.587878] sdhci-omap 481d8000.mmc: No GPIO consumer wp found
[    0.588076] sdhci-omap 481d8000.mmc: supply pbias not found, using dummy regulator
[    0.588567] sdhci-omap 481d8000.mmc: supply vqmmc not found, using dummy regulator
[    0.636820] davinci_mdio 4a101000.mdio: davinci mdio revision 1.6, bus freq 1000000
[    0.668141] mdio_bus 4a101000.mdio:00: using DT '/ocp/interconnect@4a000000/segment@0/target-module@100000/switch@0/mdio@1000/ethernet-phy@0' for 'reset' GPIO lookup
[    0.668244] of_get_named_gpiod_flags: parsed 'reset-gpios' property of node '/ocp/interconnect@4a000000/segment@0/target-module@100000/switch@0/mdio@1000/ethernet-phy@0[0]' - status (0)
[    0.668402] gpio gpiochip0: Persistence not supported for GPIO 8
[    0.791638] davinci_mdio 4a101000.mdio: phy[0]: device 4a101000.mdio:00, driver SMSC LAN8710/LAN8720
[    0.792409] cpsw-switch 4a100000.switch: initialized cpsw ale version 1.4
[    0.792431] cpsw-switch 4a100000.switch: ALE Table size 1024, Policers 0
[    0.792576] cpsw-switch 4a100000.switch: cpts: overflow check period 500 (jiffies)
[    0.792592] cpsw-switch 4a100000.switch: CPTS: ref_clk_freq:250000000 calc_mult:2147483648 calc_shift:29 error:0 nsec/sec
[    0.792705] cpsw-switch 4a100000.switch: Detected MACID = 6c:ec:eb:68:de:78
[    0.794520] cpsw-switch 4a100000.switch: initialized (regs 0x4a100000, pool size 256) hw_ver:0019010C 1.12 (0)
[    0.805469] debugfs: Directory '49000000.dma' with parent 'dmaengine' already present!
[    0.805507] edma 49000000.dma: TI EDMA DMA engine driver
[    0.853154] gpio-clk clk_mcasp0: using DT '/clk_mcasp0' for 'enable' GPIO lookup
[    0.853231] of_get_named_gpiod_flags: parsed 'enable-gpios' property of node '/clk_mcasp0[0]' - status (0)
[    0.853272] gpio gpiochip0: Persistence not supported for GPIO 27
[    0.854149] gpiochip_find_base_unlocked: found new base at 608
[    0.854258] gpio gpiochip3: (gpio-96-127): created GPIO range 0->7 ==> 44e10800.pinmux PIN 82->89
[    0.854278] gpio gpiochip3: (gpio-96-127): created GPIO range 8->11 ==> 44e10800.pinmux PIN 52->55
[    0.854293] gpio gpiochip3: (gpio-96-127): created GPIO range 12->15 ==> 44e10800.pinmux PIN 94->97
[    0.854309] gpio gpiochip3: (gpio-96-127): created GPIO range 16->17 ==> 44e10800.pinmux PIN 71->72
[    0.854325] gpio gpiochip3: (gpio-96-127): created GPIO range 18->18 ==> 44e10800.pinmux PIN 135->135
[    0.854341] gpio gpiochip3: (gpio-96-127): created GPIO range 19->20 ==> 44e10800.pinmux PIN 108->109
[    0.854357] gpio gpiochip3: (gpio-96-127): created GPIO range 21->21 ==> 44e10800.pinmux PIN 73->73
[    0.854374] gpio gpiochip3: (gpio-96-127): created GPIO range 22->23 ==> 44e10800.pinmux PIN 8->9
[    0.854391] gpio gpiochip3: (gpio-96-127): created GPIO range 26->27 ==> 44e10800.pinmux PIN 10->11
[    0.854408] gpio gpiochip3: (gpio-96-127): created GPIO range 28->28 ==> 44e10800.pinmux PIN 74->74
[    0.854426] gpio gpiochip3: (gpio-96-127): created GPIO range 29->29 ==> 44e10800.pinmux PIN 81->81
[    0.854443] gpio gpiochip3: (gpio-96-127): created GPIO range 30->31 ==> 44e10800.pinmux PIN 28->29
[    0.862279] gpio gpiochip3: (gpio-96-127): added GPIO chardev (254:3)
[    0.862441] gpio gpiochip3: registered GPIOs 608 to 639 on gpio-96-127
[    0.864350] omap8250 44e09000.serial: using DT '/ocp/interconnect@44c00000/segment@200000/target-module@9000/serial@0' for 'rs485-term' GPIO lookup
[    0.864417] of_get_named_gpiod_flags: can't parse 'rs485-term-gpios' property of node '/ocp/interconnect@44c00000/segment@200000/target-module@9000/serial@0[0]'
[    0.864459] of_get_named_gpiod_flags: can't parse 'rs485-term-gpio' property of node '/ocp/interconnect@44c00000/segment@200000/target-module@9000/serial@0[0]'
[    0.864494] omap8250 44e09000.serial: using lookup tables for GPIO lookup
[    0.864504] omap8250 44e09000.serial: No GPIO consumer rs485-term found
[    0.864513] omap8250 44e09000.serial: using DT '/ocp/interconnect@44c00000/segment@200000/target-module@9000/serial@0' for 'rs485-rx-during-tx' GPIO lookup
[    0.864548] of_get_named_gpiod_flags: can't parse 'rs485-rx-during-tx-gpios' property of node '/ocp/interconnect@44c00000/segment@200000/target-module@9000/serial@0[0]'
[    0.864584] of_get_named_gpiod_flags: can't parse 'rs485-rx-during-tx-gpio' property of node '/ocp/interconnect@44c00000/segment@200000/target-module@9000/serial@0[0]'
[    0.864615] omap8250 44e09000.serial: using lookup tables for GPIO lookup
[    0.864622] omap8250 44e09000.serial: No GPIO consumer rs485-rx-during-tx found
[    0.865050] 44e09000.serial: ttyS0 at MMIO 0x44e09000 (irq = 34, base_baud = 3000000) is a 8250
[    0.865143] printk: legacy console [ttyS0] enabled
[    2.360022] i2c i2c-0: using DT '/ocp/interconnect@44c00000/segment@200000/target-module@b000/i2c@0' for 'scl' GPIO lookup
[    2.360111] of_get_named_gpiod_flags: can't parse 'scl-gpios' property of node '/ocp/interconnect@44c00000/segment@200000/target-module@b000/i2c@0[0]'
[    2.360158] of_get_named_gpiod_flags: can't parse 'scl-gpio' property of node '/ocp/interconnect@44c00000/segment@200000/target-module@b000/i2c@0[0]'
[    2.360197] i2c i2c-0: using lookup tables for GPIO lookup
[    2.360211] i2c i2c-0: No GPIO consumer scl found
[    2.360234] i2c i2c-0: using DT '/ocp/interconnect@44c00000/segment@200000/target-module@b000/i2c@0' for 'sda' GPIO lookup
[    2.360273] of_get_named_gpiod_flags: can't parse 'sda-gpios' property of node '/ocp/interconnect@44c00000/segment@200000/target-module@b000/i2c@0[0]'
[    2.360313] of_get_named_gpiod_flags: can't parse 'sda-gpio' property of node '/ocp/interconnect@44c00000/segment@200000/target-module@b000/i2c@0[0]'
[    2.360347] i2c i2c-0: using lookup tables for GPIO lookup
[    2.360358] i2c i2c-0: No GPIO consumer sda found
[    2.372348] tps65217-pmic: Failed to locate of_node [id: -1]
[    2.378402] tps65217-bl: Failed to locate of_node [id: -1]
[    2.384461] platform tps65217-charger: DMA mask not set
[    2.390500] platform tps65217-pwrbutton: DMA mask not set
[    2.397850] tps65217 0-0024: TPS65217 ID 0xe version 1.2
[    2.404006] /ocp/interconnect@48000000/segment@300000/target-module@e000/lcdc@0: Fixed dependency cycle(s) with /ocp/interconnect@44c00000/segment@200000/target-module@b000/i2c@0/tda19988@70
[    2.421425] /ocp/interconnect@44c00000/segment@200000/target-module@b000/i2c@0/tda19988@70: Fixed dependency cycle(s) with /ocp/interconnect@48000000/segment@300000/target-module@e000/lcdc@0
[    2.438773] omap_i2c 44e0b000.i2c: bus 0 rev0.11 at 400 kHz
[    2.446424] sdhci-omap 48060000.mmc: using DT '/ocp/interconnect@48000000/segment@0/target-module@60000/mmc@0' for 'cd' GPIO lookup
[    2.446531] of_get_named_gpiod_flags: parsed 'cd-gpios' property of node '/ocp/interconnect@48000000/segment@0/target-module@60000/mmc@0[0]' - status (0)
[    2.446595] gpio gpiochip3: Persistence not supported for GPIO 6
[    2.446622] omap_gpio 44e07000.gpio: Could not set line 6 debounce to 200000 microseconds (-22)
[    2.455549] sdhci-omap 48060000.mmc: Got CD GPIO
[    2.460199] sdhci-omap 48060000.mmc: using DT '/ocp/interconnect@48000000/segment@0/target-module@60000/mmc@0' for 'wp' GPIO lookup
[    2.460246] of_get_named_gpiod_flags: can't parse 'wp-gpios' property of node '/ocp/interconnect@48000000/segment@0/target-module@60000/mmc@0[0]'
[    2.460288] of_get_named_gpiod_flags: can't parse 'wp-gpio' property of node '/ocp/interconnect@48000000/segment@0/target-module@60000/mmc@0[0]'
[    2.460326] sdhci-omap 48060000.mmc: using lookup tables for GPIO lookup
[    2.460339] sdhci-omap 48060000.mmc: No GPIO consumer wp found
[    2.460546] sdhci-omap 48060000.mmc: supply pbias not found, using dummy regulator
[    2.469330] sdhci-omap 481d8000.mmc: using DT '/ocp/interconnect@48000000/segment@100000/target-module@d8000/mmc@0' for 'wp' GPIO lookup
[    2.469405] of_get_named_gpiod_flags: can't parse 'wp-gpios' property of node '/ocp/interconnect@48000000/segment@100000/target-module@d8000/mmc@0[0]'
[    2.469452] of_get_named_gpiod_flags: can't parse 'wp-gpio' property of node '/ocp/interconnect@48000000/segment@100000/target-module@d8000/mmc@0[0]'
[    2.469490] sdhci-omap 481d8000.mmc: using lookup tables for GPIO lookup
[    2.469503] sdhci-omap 481d8000.mmc: No GPIO consumer wp found
[    2.470471] sdhci-omap 48060000.mmc: supply vqmmc not found, using dummy regulator
[    2.479580] sdhci-omap 481d8000.mmc: supply pbias not found, using dummy regulator
[    2.489267] sdhci-omap 481d8000.mmc: supply vqmmc not found, using dummy regulator
[    2.525367] mmc0: SDHCI controller on 48060000.mmc [48060000.mmc] using External DMA
[    2.533678] mmc1: SDHCI controller on 481d8000.mmc [481d8000.mmc] using External DMA
[    2.542443] cpsw-switch 4a100000.switch: starting ndev. mode: dual_mac
[    2.590510] mmc0: new high speed SDHC card at address 5048
[    2.597554] mmcblk0: mmc0:5048 SD16G 14.4 GiB
[    2.605841]  mmcblk0: p1 p2
[    2.609225] mmcblk0: p2 size 31221760 extends beyond EOD, truncated
[    2.622653] SMSC LAN8710/LAN8720 4a101000.mdio:00: attached PHY driver (mii_bus:phy_addr=4a101000.mdio:00, irq=POLL)
[    2.633638] mmc1: new high speed MMC card at address 0001
[    2.646220] mmcblk1: mmc1:0001 MMC04G 3.60 GiB
[    2.653878]  mmcblk1: p1 p2
[    2.658106] mmcblk1boot0: mmc1:0001 MMC04G 2.00 MiB
[    2.666831] mmcblk1boot1: mmc1:0001 MMC04G 2.00 MiB
[    2.676077] mmcblk1rpmb: mmc1:0001 MMC04G 128 KiB, chardev (250:0)
[    5.762143] cpsw-switch 4a100000.switch eth0: Link is Up - 100Mbps/Full - flow control off
[    5.801369] IP-Config: Complete:
[    5.804637]      device=eth0, hwaddr=6c:ec:eb:68:de:78, ipaddr=192.168.255.1, mask=255.255.255.0, gw=255.255.255.255
[    5.815255]      host=bbb1, domain=, nis-domain=(none)
[    5.820420]      bootserver=192.168.255.126, rootserver=192.168.255.126, rootpath=
[    5.820849] clk: Disabling unused clocks
[    5.832723] PM: genpd: Disabling unused power domains
[    5.837840] KTAP version 1
[    5.840561] 1..0
[    5.865497] VFS: Mounted root (nfs filesystem) on device 0:17.
[    5.872553] devtmpfs: mounted
[    5.877050] Freeing unused kernel image (initmem) memory: 1024K
[    5.884176] Run /sbin/init as init process
[    5.888322]   with arguments:
[    5.888335]     /sbin/init
[    5.888344]     nfsrootdebug
[    5.888353]   with environment:
[    5.888362]     HOME=/
[    5.888370]     TERM=linux
[    6.579356] systemd[1]: System time before build time, advancing clock.
[    8.051376] random: crng init done
[    8.064104] systemd[1]: systemd 232 running in system mode. (+PAM +AUDIT +SELINUX +IMA +APPARMOR +SMACK +SYSVINIT +UTMP +LIBCRYPTSETUP +GCRYPT +GNUTLS +ACL +XZ +LZ4 +SECCOMP +BLKID +ELFUTILS +KMOD +IDN)
[    8.083292] systemd[1]: Detected architecture arm.
[    8.114449] systemd[1]: Set hostname to <arm>.
[    9.214278] systemd[1]: Started Forward Password Requests to Wall Directory Watch.
[    9.243183] systemd[1]: syslog.socket: SO_PASSSEC failed: Operation not supported
[    9.250913] systemd[1]: Listening on Syslog Socket.
[    9.272034] systemd[1]: systemd-journald.socket: SO_PASSSEC failed: Operation not supported
[    9.280669] systemd[1]: systemd-journald.socket: SO_PASSSEC failed: Operation not supported
[    9.289330] systemd[1]: Listening on Journal Socket.
[    9.313478] systemd[1]: Listening on /dev/initctl Compatibility Named Pipe.
[   11.514344] systemd-journald[89]: Received request to flush runtime journal from PID 1
[   14.245576] leds-gpio leds: using DT '/leds/led2' for '(default)' GPIO lookup
[   14.245683] of_get_named_gpiod_flags: parsed 'gpios' property of node '/leds/led2[0]' - status (0)
[   14.245740] gpio gpiochip0: Persistence not supported for GPIO 21
[   14.245755] gpio-533 (?): no flags found for GPIO (default)
[   14.315541] leds-gpio leds: using DT '/leds/led3' for '(default)' GPIO lookup
[   14.315807] of_get_named_gpiod_flags: parsed 'gpios' property of node '/leds/led3[0]' - status (0)
[   14.315868] gpio gpiochip0: Persistence not supported for GPIO 22
[   14.315884] gpio-534 (?): no flags found for GPIO (default)
[   14.332028] leds-gpio leds: using DT '/leds/led4' for '(default)' GPIO lookup
[   14.332127] of_get_named_gpiod_flags: parsed 'gpios' property of node '/leds/led4[0]' - status (0)
[   14.332178] gpio gpiochip0: Persistence not supported for GPIO 23
[   14.332192] gpio-535 (?): no flags found for GPIO (default)
[   14.358300] leds-gpio leds: using DT '/leds/led5' for '(default)' GPIO lookup
[   14.358395] of_get_named_gpiod_flags: parsed 'gpios' property of node '/leds/led5[0]' - status (0)
[   14.358447] gpio gpiochip0: Persistence not supported for GPIO 24
[   14.358462] gpio-536 (?): no flags found for GPIO (default)
[   14.653930] remoteproc remoteproc0: wkup_m3 is available
[   14.963746] omap_rtc 44e3e000.rtc: registered as rtc0
[   14.973315] omap_rtc 44e3e000.rtc: setting system clock to 2000-01-01T00:00:00 UTC (946684800)
[   14.982099] omap_rtc 44e3e000.rtc: using DT '/ocp/interconnect@44c00000/segment@200000/target-module@3e000/rtc@0' for 'wp' GPIO lookup
[   14.982171] of_get_named_gpiod_flags: can't parse 'wp-gpios' property of node '/ocp/interconnect@44c00000/segment@200000/target-module@3e000/rtc@0[0]'
[   14.982222] of_get_named_gpiod_flags: can't parse 'wp-gpio' property of node '/ocp/interconnect@44c00000/segment@200000/target-module@3e000/rtc@0[0]'
[   14.982262] omap_rtc 44e3e000.rtc: using lookup tables for GPIO lookup
[   14.982276] omap_rtc 44e3e000.rtc: No GPIO consumer wp found
[   15.095422] at24 2-0054: supply vcc not found, using dummy regulator
[   15.105215] am335x-phy-driver 47401300.usb-phy: using DT '/ocp/target-module@47400000/usb-phy@1300' for 'reset' GPIO lookup
[   15.105306] of_get_named_gpiod_flags: can't parse 'reset-gpios' property of node '/ocp/target-module@47400000/usb-phy@1300[0]'
[   15.105350] of_get_named_gpiod_flags: can't parse 'reset-gpio' property of node '/ocp/target-module@47400000/usb-phy@1300[0]'
[   15.105388] am335x-phy-driver 47401300.usb-phy: using lookup tables for GPIO lookup
[   15.105403] am335x-phy-driver 47401300.usb-phy: No GPIO consumer reset found
[   15.105415] am335x-phy-driver 47401300.usb-phy: using DT '/ocp/target-module@47400000/usb-phy@1300' for 'vbus-detect' GPIO lookup
[   15.105446] of_get_named_gpiod_flags: can't parse 'vbus-detect-gpios' property of node '/ocp/target-module@47400000/usb-phy@1300[0]'
[   15.105477] of_get_named_gpiod_flags: can't parse 'vbus-detect-gpio' property of node '/ocp/target-module@47400000/usb-phy@1300[0]'
[   15.105503] am335x-phy-driver 47401300.usb-phy: using lookup tables for GPIO lookup
[   15.105515] am335x-phy-driver 47401300.usb-phy: No GPIO consumer vbus-detect found
[   15.105661] am335x-phy-driver 47401300.usb-phy: dummy supplies not allowed for exclusive requests (id=vbus)
[   15.179305] omap_wdt: OMAP Watchdog Timer Rev 0x01: initial timeout 60 sec
[   15.224824] at24 2-0055: supply vcc not found, using dummy regulator
[   15.332397] at24 2-0056: supply vcc not found, using dummy regulator
[   15.434872] am335x-phy-driver 47401b00.usb-phy: using DT '/ocp/target-module@47400000/usb-phy@1b00' for 'reset' GPIO lookup
[   15.434966] of_get_named_gpiod_flags: can't parse 'reset-gpios' property of node '/ocp/target-module@47400000/usb-phy@1b00[0]'
[   15.435009] of_get_named_gpiod_flags: can't parse 'reset-gpio' property of node '/ocp/target-module@47400000/usb-phy@1b00[0]'
[   15.435046] am335x-phy-driver 47401b00.usb-phy: using lookup tables for GPIO lookup
[   15.435059] am335x-phy-driver 47401b00.usb-phy: No GPIO consumer reset found
[   15.435073] am335x-phy-driver 47401b00.usb-phy: using DT '/ocp/target-module@47400000/usb-phy@1b00' for 'vbus-detect' GPIO lookup
[   15.435103] of_get_named_gpiod_flags: can't parse 'vbus-detect-gpios' property of node '/ocp/target-module@47400000/usb-phy@1b00[0]'
[   15.435135] of_get_named_gpiod_flags: can't parse 'vbus-detect-gpio' property of node '/ocp/target-module@47400000/usb-phy@1b00[0]'
[   15.435161] am335x-phy-driver 47401b00.usb-phy: using lookup tables for GPIO lookup
[   15.435173] am335x-phy-driver 47401b00.usb-phy: No GPIO consumer vbus-detect found
[   15.435323] am335x-phy-driver 47401b00.usb-phy: dummy supplies not allowed for exclusive requests (id=vbus)
[   15.452373] at24 2-0057: supply vcc not found, using dummy regulator
[   15.586501] at24 0-0050: using DT '/ocp/interconnect@44c00000/segment@200000/target-module@b000/i2c@0/eeprom@50' for 'wp' GPIO lookup
[   15.586734] of_get_named_gpiod_flags: can't parse 'wp-gpios' property of node '/ocp/interconnect@44c00000/segment@200000/target-module@b000/i2c@0/eeprom@50[0]'
[   15.586852] of_get_named_gpiod_flags: can't parse 'wp-gpio' property of node '/ocp/interconnect@44c00000/segment@200000/target-module@b000/i2c@0/eeprom@50[0]'
[   15.586950] at24 0-0050: using lookup tables for GPIO lookup
[   15.586966] at24 0-0050: No GPIO consumer wp found
[   15.587576] at24 0-0050: 32768 byte 24c256 EEPROM, writable, 1 bytes/write
[   16.061153] input: tps65217_pwrbutton as /devices/platform/ocp/44c00000.interconnect/44c00000.interconnect:segment@200000/44e0b000.target-module/44e0b000.i2c/i2c-0/0-0024/tps65217-pwrbutton/input/input0
[   17.073143] usbcore: registered new interface driver usbfs
[   17.078778] usbcore: registered new interface driver hub
[   17.084412] usbcore: registered new device driver usb
[   17.662257] tda998x 0-0070: found TDA19988
[   17.702521] omap-mailbox 480c8000.mailbox: omap mailbox rev 0x400
[   17.793956] remoteproc remoteproc0: powering up wkup_m3
[   17.948973] remoteproc remoteproc0: Direct firmware load for am335x-pm-firmware.elf failed with error -2
[   17.958755] remoteproc remoteproc0: request_firmware failed: -2
[   17.964931] wkup_m3_ipc 44e11324.wkup_m3_ipc: rproc_boot failed
[   18.068308] musb-hdrc musb-hdrc.1: MUSB HDRC host driver
[   18.073881] musb-hdrc musb-hdrc.1: new USB bus registered, assigned bus number 1
[   18.372327] usb usb1: New USB device found, idVendor=1d6b, idProduct=0002, bcdDevice= 6.16
[   18.380794] usb usb1: New USB device strings: Mfr=3, Product=2, SerialNumber=1
[   18.388210] usb usb1: Product: MUSB HDRC host driver
[   18.393243] usb usb1: Manufacturer: Linux 6.16.0-rc5 musb-hcd
[   18.399020] usb usb1: SerialNumber: musb-hdrc.1
[   18.843481] hub 1-0:1.0: USB hub found
[   18.923353] hub 1-0:1.0: 1 port detected
[   20.008931] omap_rng 48310000.rng: Random Number Generator ver. 20
[   20.343669] tilcdc 4830e000.lcdc: bound 0-0070 (ops tda998x_audio_codec_init [tda998x])
[   20.462363] [drm] Initialized tilcdc 1.0.0 for 4830e000.lcdc on minor 0
[   20.538956] tilcdc 4830e000.lcdc: [drm] Cannot find any crtc or sizes
[   20.547169] tilcdc 4830e000.lcdc: [drm] Cannot find any crtc or sizes
[   21.508989] PM: Cannot get wkup_m3_ipc handle
[   21.830461] omap-sham 53100000.sham: hw accel on OMAP rev 4.3
[   21.989633] omap-sham 53100000.sham: will run requests pump with realtime priority
[   22.000217] PM: Cannot get wkup_m3_ipc handle
[   22.014944] omap-aes 53500000.aes: OMAP AES hw accel rev: 3.2
[   22.172078] omap-aes 53500000.aes: will run requests pump with realtime priority
[   22.183161] PM: Cannot get wkup_m3_ipc handle
[   24.562201] Bluetooth: Core ver 2.22
[   24.566052] NET: Registered PF_BLUETOOTH protocol family
[   24.571590] Bluetooth: HCI device and connection manager initialized
[   24.578007] Bluetooth: HCI socket layer initialized
[   24.583026] Bluetooth: L2CAP socket layer initialized
[   24.588149] Bluetooth: SCO socket layer initialized
[   25.205266] tda998x 0-0070: using DT '/ocp/interconnect@44c00000/segment@200000/target-module@b000/i2c@0/tda19988@70' for 'nxp,calib' GPIO lookup
[   25.205496] of_get_named_gpiod_flags: parsed 'nxp,calib-gpios' property of node '/ocp/interconnect@44c00000/segment@200000/target-module@b000/i2c@0/tda19988@70[0]' - status (0)
[   25.205631] gpio gpiochip0: Persistence not supported for GPIO 25
[   25.205648] gpio-537 (nxp,calib): no flags found for GPIO nxp,calib
[   25.224576] gpio-537 (nxp,calib): gpiod_direction_output_nonotify: tried to set a GPIO tied to an IRQ as output
[   25.371847] PM: Cannot get wkup_m3_ipc handle
[   25.377604] asoc-simple-card sound: using DT '/sound' for 'simple-audio-card,hp-det' GPIO lookup
[   25.377689] of_get_named_gpiod_flags: can't parse 'simple-audio-card,hp-det-gpios' property of node '/sound[0]'
[   25.377726] of_get_named_gpiod_flags: can't parse 'simple-audio-card,hp-det-gpio' property of node '/sound[0]'
[   25.377751] asoc-simple-card sound: using lookup tables for GPIO lookup
[   25.377765] asoc-simple-card sound: No GPIO consumer simple-audio-card,hp-det found
[   25.377780] asoc-simple-card sound: using DT '/sound' for 'simple-audio-card,mic-det' GPIO lookup
[   25.377804] of_get_named_gpiod_flags: can't parse 'simple-audio-card,mic-det-gpios' property of node '/sound[0]'
[   25.377829] of_get_named_gpiod_flags: can't parse 'simple-audio-card,mic-det-gpio' property of node '/sound[0]'
[   25.377848] asoc-simple-card sound: using lookup tables for GPIO lookup
[   25.377859] asoc-simple-card sound: No GPIO consumer simple-audio-card,mic-det found
[   25.514584] PM: Cannot get wkup_m3_ipc handle
[   25.519333] tda9950 0-0034: TDA9950 CEC interface, hardware version 3.3
[   25.663208] PM: Cannot get wkup_m3_ipc handle
[   27.973749] userial_init: registered 8 ttyGS* devices
[   28.255999] rndis_register: configNr = 0
[   28.369079] udc musb-hdrc.0: binding gadget driver [g_multi]
[   28.369185] configfs-gadget.g_multi gadget.0: adding 'rndis'/ee758430 to config 'c'/a8c3eb12
[   28.370367] configfs-gadget.g_multi gadget.0: HOST MAC 1c:ba:8c:a2:ed:6c
[   28.377385] configfs-gadget.g_multi gadget.0: MAC 1c:ba:8c:a2:ed:70
[   28.383784] rndis_set_param_medium: 0 0
[   28.383805] configfs-gadget.g_multi gadget.0: RNDIS: IN/ep1in OUT/ep1out NOTIFY/ep2in
[   28.383822] configfs-gadget.g_multi gadget.0: adding 'cdc_ethernet'/b8f47c9f to config 'c'/a8c3eb12
[   28.384706] configfs-gadget.g_multi gadget.0: HOST MAC 1c:ba:8c:a2:ed:6c
[   28.391544] configfs-gadget.g_multi gadget.0: MAC 1c:ba:8c:a2:ed:6d
[   28.397888] configfs-gadget.g_multi gadget.0: CDC Ethernet: IN/ep3in OUT/ep2out NOTIFY/ep4in
[   28.397906] configfs-gadget.g_multi gadget.0: adding 'acm'/e7a94626 to config 'c'/a8c3eb12
[   28.397941] configfs-gadget.g_multi gadget.0: acm ttyGS0: IN/ep5in OUT/ep3out NOTIFY/ep6in
[   28.399405] PM: Cannot get wkup_m3_ipc handle
[   29.540450] configfs-gadget.g_multi gadget.0: eth_open
[   30.601511] configfs-gadget.g_multi gadget.0: stop stats: rx/tx 0/0, errs 0/0
[   34.918788] gs_open: ttyGS0 (62ef547e,3b7270a6)
[   34.918981] gs_close: ttyGS0 (62ef547e,3b7270a6) ...
[   34.919015] gs_close: ttyGS0 (62ef547e,3b7270a6) done!
[   34.949942] gs_open: ttyGS0 (21750e31,f24b01f9)
[   34.950092] gs_close: ttyGS0 (21750e31,f24b01f9) ...
[   34.950114] gs_close: ttyGS0 (21750e31,f24b01f9) done!
[   35.095603] gs_open: ttyGS0 (db65b43d,495b4235)
[   35.095844] gs_close: ttyGS0 (db65b43d,495b4235) ...
[   35.095868] gs_close: ttyGS0 (db65b43d,495b4235) done!
[   35.103807] gs_open: ttyGS0 (db65b43d,9846537f)
KACWBBLLFG 0
root@arm:~# echo 'YLQS''THOZEZ'
YLQSTHOZEZ
root@arm:~# MARKER='SCLA''UBHHAE' run 'modprobe test_linear_ranges'
SCLAUBHHAESCLAUBHHAE 0
root@arm:~# echo 'NQZV''NBHKTV'
NQZVNBHKTV
root@arm:~# MARKER='JKLH''PGYECJ' run dmesg
JKLHPGYECJ[    0.000000] Booting Linux on physical CPU 0x0
[    0.000000] Linux version 6.16.0-rc5 (user01@drvtest01) (arm-none-eabi-gcc (Arm GNU Toolchain 14.2.Rel1 (Build arm-14.52)) 14.2.1 20241119, GNU ld (Arm GNU Toolchain 14.2.Rel1 (Build arm-14.52)) 2.43.1.20241119) #1 SMP Mon Jul  7 00:40:25 EEST 2025
[    0.000000] CPU: ARMv7 Processor [413fc082] revision 2 (ARMv7), cr=10c5387d
[    0.000000] CPU: PIPT / VIPT nonaliasing data cache, VIPT aliasing instruction cache
[    0.000000] OF: fdt: Machine model: TI AM335x BeagleBone Black
[    0.000000] Memory policy: Data cache writeback
[    0.000000] cma: Reserved 16 MiB at 0x9e800000
[    0.000000] Zone ranges:
[    0.000000]   Normal   [mem 0x0000000080000000-0x000000009fdfffff]
[    0.000000]   HighMem  empty
[    0.000000] Movable zone start for each node
[    0.000000] Early memory node ranges
[    0.000000]   node   0: [mem 0x0000000080000000-0x000000009fdfffff]
[    0.000000] Initmem setup node 0 [mem 0x0000000080000000-0x000000009fdfffff]
[    0.000000] On node 0, zone Normal: 512 pages in unavailable ranges
[    0.000000] OF: reserved mem: Reserved memory: No reserved-memory node in the DT
[    0.000000] CPU: All CPU(s) started in SVC mode.
[    0.000000] AM335X ES2.1 (sgx neon)
[    0.000000] percpu: Embedded 17 pages/cpu s39820 r8192 d21620 u69632
[    0.000000] pcpu-alloc: s39820 r8192 d21620 u69632 alloc=17*4096
[    0.000000] pcpu-alloc: [0] 0 
[    0.000000] Kernel command line: console=ttyO0,115200n8 root=/dev/nfs rw nfsroot=192.168.255.126:/home/user01/nfs,nfsvers=3 ip=192.168.255.1:192.168.255.126::255.255.255.0:bbb1:eth0 nfsrootdebug
[    0.000000] Unknown kernel command line parameters "nfsrootdebug", will be passed to user space.
[    0.000000] printk: log buffer data + meta data: 65536 + 204800 = 270336 bytes
[    0.000000] Dentry cache hash table entries: 65536 (order: 6, 262144 bytes, linear)
[    0.000000] Inode-cache hash table entries: 32768 (order: 5, 131072 bytes, linear)
[    0.000000] Built 1 zonelists, mobility grouping on.  Total pages: 130560
[    0.000000] mem auto-init: stack:off, heap alloc:off, heap free:off
[    0.000000] SLUB: HWalign=16, Order=0-3, MinObjects=0, CPUs=1, Nodes=1
[    0.000000] rcu: Hierarchical RCU implementation.
[    0.000000] rcu: 	RCU event tracing is enabled.
[    0.000000] rcu: 	RCU restricting CPUs from NR_CPUS=2 to nr_cpu_ids=1.
[    0.000000] 	Tracing variant of Tasks RCU enabled.
[    0.000000] rcu: RCU calculated value of scheduler-enlistment delay is 10 jiffies.
[    0.000000] rcu: Adjusting geometry for rcu_fanout_leaf=16, nr_cpu_ids=1
[    0.000000] RCU Tasks Trace: Setting shift to 0 and lim to 1 rcu_task_cb_adjust=1 rcu_task_cpu_ids=1.
[    0.000000] NR_IRQS: 16, nr_irqs: 16, preallocated irqs: 16
[    0.000000] IRQ: Found an INTC at 0x(ptrval) (revision 5.0) with 128 interrupts
[    0.000000] rcu: srcu_init: Setting srcu_struct sizes based on contention.
[    0.000000] TI gptimer clocksource: always-on /ocp/interconnect@44c00000/segment@200000/target-module@31000
[    0.000003] sched_clock: 32 bits at 24MHz, resolution 41ns, wraps every 89478484971ns
[    0.000026] clocksource: dmtimer: mask: 0xffffffff max_cycles: 0xffffffff, max_idle_ns: 79635851949 ns
[    0.000507] TI gptimer clockevent: 24000000 Hz at /ocp/interconnect@48000000/segment@0/target-module@40000
[    0.002130] Console: colour dummy device 80x30
[    0.002197] WARNING: Your 'console=ttyO0' has been replaced by 'ttyS0'
[    0.002205] This ensures that you still see kernel messages. Please
[    0.002209] update your kernel commandline.
[    0.002252] Calibrating delay loop... 996.14 BogoMIPS (lpj=4980736)
[    0.090552] CPU: Testing write buffer coherency: ok
[    0.090665] CPU0: Spectre v2: using BPIALL workaround
[    0.090675] pid_max: default: 32768 minimum: 301
[    0.090839] LSM: initializing lsm=capability
[    0.091021] Mount-cache hash table entries: 1024 (order: 0, 4096 bytes, linear)
[    0.091039] Mountpoint-cache hash table entries: 1024 (order: 0, 4096 bytes, linear)
[    0.092674] CPU0: thread -1, cpu 0, socket -1, mpidr 0
[    0.092733] cacheinfo: Unable to detect cache hierarchy for CPU 0
[    0.094774] Setting up static identity map for 0x80100000 - 0x80100078
[    0.095092] rcu: Hierarchical SRCU implementation.
[    0.095102] rcu: 	Max phase no-delay instances is 1000.
[    0.096839] smp: Bringing up secondary CPUs ...
[    0.096891] smp: Brought up 1 node, 1 CPU
[    0.096902] SMP: Total of 1 processors activated (996.14 BogoMIPS).
[    0.096914] CPU: All CPU(s) started in SVC mode.
[    0.097104] Memory: 480820K/522240K available (11264K kernel code, 1220K rwdata, 2924K rodata, 1024K init, 288K bss, 23388K reserved, 16384K cma-reserved, 0K highmem)
[    0.097920] devtmpfs: initialized
[    0.114890] VFP support v0.3: implementor 41 architecture 3 part 30 variant c rev 3
[    0.115528] clocksource: jiffies: mask: 0xffffffff max_cycles: 0xffffffff, max_idle_ns: 19112604462750000 ns
[    0.115583] posixtimers hash table entries: 512 (order: 0, 4096 bytes, linear)
[    0.115606] futex hash table entries: 256 (16384 bytes on 1 NUMA nodes, total 16 KiB, linear).
[    0.116741] pinctrl core: initialized pinctrl subsystem
[    0.118797] NET: Registered PF_NETLINK/PF_ROUTE protocol family
[    0.121910] DMA: preallocated 256 KiB pool for atomic coherent allocations
[    0.122864] audit: initializing netlink subsys (disabled)
[    0.124219] thermal_sys: Registered thermal governor 'fair_share'
[    0.124235] thermal_sys: Registered thermal governor 'step_wise'
[    0.124244] thermal_sys: Registered thermal governor 'user_space'
[    0.124356] audit: type=2000 audit(0.120:1): state=initialized audit_enabled=0 res=1
[    0.124425] cpuidle: using governor menu
[    0.142580] /ocp/interconnect@44c00000/segment@200000/target-module@b000/i2c@0/tda19988@70: Fixed dependency cycle(s) with /ocp/interconnect@48000000/segment@300000/target-module@e000/lcdc@0
[    0.143727] /ocp/interconnect@48000000/segment@300000/target-module@e000/lcdc@0: Fixed dependency cycle(s) with /ocp/interconnect@44c00000/segment@200000/target-module@b000/i2c@0/tda19988@70
[    0.145946] No ATAGs?
[    0.145988] hw-breakpoint: debug architecture 0x4 unsupported.
[    0.148690] kprobes: kprobe jump-optimization is enabled. All kprobes are optimized if possible.
[    0.154013] iommu: Default domain type: Translated
[    0.154034] iommu: DMA domain TLB invalidation policy: strict mode
[    0.155593] reg-fixed-voltage fixedregulator0: using DT '/fixedregulator0' for '(default)' GPIO lookup
[    0.155646] of_get_named_gpiod_flags: can't parse 'gpios' property of node '/fixedregulator0[0]'
[    0.155674] of_get_named_gpiod_flags: can't parse 'gpio' property of node '/fixedregulator0[0]'
[    0.155691] reg-fixed-voltage fixedregulator0: using lookup tables for GPIO lookup
[    0.155701] reg-fixed-voltage fixedregulator0: No GPIO consumer (default) found
[    0.161365] SCSI subsystem initialized
[    0.161853] libata version 3.00 loaded.
[    0.162221] pps_core: LinuxPPS API ver. 1 registered
[    0.162232] pps_core: Software ver. 5.3.6 - Copyright 2005-2007 Rodolfo Giometti <giometti@linux.it>
[    0.162256] PTP clock support registered
[    0.170979] vgaarb: loaded
[    0.171353] clocksource: Switched to clocksource dmtimer
[    0.172028] VFS: Disk quotas dquot_6.6.0
[    0.172083] VFS: Dquot-cache hash table entries: 1024 (order 0, 4096 bytes)
[    0.196875] NET: Registered PF_INET protocol family
[    0.197221] IP idents hash table entries: 8192 (order: 4, 65536 bytes, linear)
[    0.198650] tcp_listen_portaddr_hash hash table entries: 512 (order: 0, 4096 bytes, linear)
[    0.198688] Table-perturb hash table entries: 65536 (order: 6, 262144 bytes, linear)
[    0.198708] TCP established hash table entries: 4096 (order: 2, 16384 bytes, linear)
[    0.198752] TCP bind hash table entries: 4096 (order: 4, 65536 bytes, linear)
[    0.198851] TCP: Hash tables configured (established 4096 bind 4096)
[    0.198969] UDP hash table entries: 256 (order: 1, 14336 bytes, linear)
[    0.199005] UDP-Lite hash table entries: 256 (order: 1, 14336 bytes, linear)
[    0.199192] NET: Registered PF_UNIX/PF_LOCAL protocol family
[    0.200505] RPC: Registered named UNIX socket transport module.
[    0.200525] RPC: Registered udp transport module.
[    0.200530] RPC: Registered tcp transport module.
[    0.200534] RPC: Registered tcp-with-tls transport module.
[    0.200540] RPC: Registered tcp NFSv4.1 backchannel transport module.
[    0.200562] PCI: CLS 0 bytes, default 64
[    0.202098] Initialise system trusted keyrings
[    0.212288] workingset: timestamp_bits=14 max_order=17 bucket_order=3
[    0.213663] NFS: Registering the id_resolver key type
[    0.213730] Key type id_resolver registered
[    0.213736] Key type id_legacy registered
[    0.213843] jffs2: version 2.2. (NAND) (SUMMARY)  Â© 2001-2006 Red Hat, Inc.
[    0.214312] Key type asymmetric registered
[    0.214326] Asymmetric key parser 'x509' registered
[    0.214397] io scheduler mq-deadline registered
[    0.214407] io scheduler kyber registered
[    0.214476] io scheduler bfq registered
[    0.216333] target-module@4b000000:target-module@140000:pmu@0:fck: device ID is greater than 24
[    0.222504] l3-aon-clkctrl:0000:0: failed to disable
[    0.231773] ledtrig-cpu: registered to indicate activity on CPUs
[    0.234596] Serial: 8250/16550 driver, 6 ports, IRQ sharing enabled
[    0.274876] brd: module loaded
[    0.298778] loop: module loaded
[    0.299704] mtdoops: mtd device (mtddev=name/number) must be supplied
[    0.301582] mdio_bus fixed-0: using lookup tables for GPIO lookup
[    0.301606] mdio_bus fixed-0: No GPIO consumer reset found
[    0.302969] i2c_dev: i2c /dev entries driver
[    0.303977] cpuidle: enable-method property 'ti,am3352' found operations
[    0.304427] sdhci: Secure Digital Host Controller Interface driver
[    0.304436] sdhci: Copyright(c) Pierre Ossman
[    0.304611] sdhci-pltfm: SDHCI platform and OF driver helper
[    0.312625] hw perfevents: enabled with armv7_cortex_a8 PMU driver, 5 (8000000f) counters available
[    0.313148] Initializing XFRM netlink socket
[    0.313331] NET: Registered PF_INET6 protocol family
[    0.318999] l3-aon-clkctrl:0000:0: failed to disable
[    0.320473] Segment Routing with IPv6
[    0.320560] In-situ OAM (IOAM) with IPv6
[    0.320656] sit: IPv6, IPv4 and MPLS over IPv4 tunneling driver
[    0.321836] NET: Registered PF_PACKET protocol family
[    0.321865] NET: Registered PF_KEY protocol family
[    0.321978] Key type dns_resolver registered
[    0.322206] ThumbEE CPU extension supported.
[    0.322226] Registering SWP/SWPB emulation handler
[    0.322761] omap_voltage_late_init: Voltage driver support not added
[    0.323457] SmartReflex Class3 initialized
[    0.361692] Loading compiled-in X.509 certificates
[    0.402671] /ocp/interconnect@44c00000/segment@200000/target-module@b000/i2c@0/tda19988@70: Fixed dependency cycle(s) with /ocp/interconnect@48000000/segment@300000/target-module@e000/lcdc@0
[    0.409092] /ocp/interconnect@44c00000/segment@200000/target-module@b000/i2c@0/tda19988@70: Fixed dependency cycle(s) with /ocp/interconnect@48000000/segment@300000/target-module@e000/lcdc@0
[    0.414832] gpiochip_find_base_unlocked: found new base at 512
[    0.438686] /ocp/interconnect@44c00000/segment@200000/target-module@b000/i2c@0/tda19988@70: Fixed dependency cycle(s) with /ocp/interconnect@48000000/segment@300000/target-module@e000/lcdc@0
[    0.439576] /ocp/interconnect@44c00000/segment@200000/target-module@b000/i2c@0/tda19988@70: Fixed dependency cycle(s) with /ocp/interconnect@48000000/segment@300000/target-module@e000/lcdc@0
[    0.443388] /ocp/interconnect@44c00000/segment@200000/target-module@10000/scm@0/pinmux@800: Fixed dependency cycle(s) with /ocp/interconnect@44c00000/segment@200000/target-module@10000/scm@0/pinmux@800/clkout2-pins
[    0.443995] pinctrl-single 44e10800.pinmux: 142 pins, size 568
[    0.449239] ti-sysc 44e31000.target-module: probe with driver ti-sysc failed with error -16
[    0.475198] /ocp/interconnect@48000000/segment@300000/target-module@e000/lcdc@0: Fixed dependency cycle(s) with /ocp/interconnect@44c00000/segment@200000/target-module@b000/i2c@0/tda19988@70
[    0.483481] ti-sysc 48040000.target-module: probe with driver ti-sysc failed with error -16
[    0.494940] gpiochip_find_base_unlocked: found new base at 512
[    0.495037] gpio gpiochip0: (gpio-0-31): created GPIO range 0->7 ==> 44e10800.pinmux PIN 0->7
[    0.495054] gpio gpiochip0: (gpio-0-31): created GPIO range 8->11 ==> 44e10800.pinmux PIN 90->93
[    0.495069] gpio gpiochip0: (gpio-0-31): created GPIO range 12->27 ==> 44e10800.pinmux PIN 12->27
[    0.495084] gpio gpiochip0: (gpio-0-31): created GPIO range 28->31 ==> 44e10800.pinmux PIN 30->33
[    0.520309] gpio gpiochip0: (gpio-0-31): added GPIO chardev (254:0)
[    0.520453] gpio gpiochip0: registered GPIOs 512 to 543 on gpio-0-31
[    0.520547] OMAP GPIO hardware version 0.1
[    0.553893] i2c i2c-2: using DT '/ocp/interconnect@48000000/segment@100000/target-module@9c000/i2c@0' for 'scl' GPIO lookup
[    0.553967] of_get_named_gpiod_flags: can't parse 'scl-gpios' property of node '/ocp/interconnect@48000000/segment@100000/target-module@9c000/i2c@0[0]'
[    0.554007] of_get_named_gpiod_flags: can't parse 'scl-gpio' property of node '/ocp/interconnect@48000000/segment@100000/target-module@9c000/i2c@0[0]'
[    0.554042] i2c i2c-2: using lookup tables for GPIO lookup
[    0.554051] i2c i2c-2: No GPIO consumer scl found
[    0.554073] i2c i2c-2: using DT '/ocp/interconnect@48000000/segment@100000/target-module@9c000/i2c@0' for 'sda' GPIO lookup
[    0.554107] of_get_named_gpiod_flags: can't parse 'sda-gpios' property of node '/ocp/interconnect@48000000/segment@100000/target-module@9c000/i2c@0[0]'
[    0.554143] of_get_named_gpiod_flags: can't parse 'sda-gpio' property of node '/ocp/interconnect@48000000/segment@100000/target-module@9c000/i2c@0[0]'
[    0.554173] i2c i2c-2: using lookup tables for GPIO lookup
[    0.554181] i2c i2c-2: No GPIO consumer sda found
[    0.554908] omap_i2c 4819c000.i2c: bus 2 rev0.11 at 100 kHz
[    0.560397] gpiochip_find_base_unlocked: found new base at 544
[    0.560496] gpio gpiochip1: (gpio-32-63): created GPIO range 0->17 ==> 44e10800.pinmux PIN 34->51
[    0.560514] gpio gpiochip1: (gpio-32-63): created GPIO range 18->21 ==> 44e10800.pinmux PIN 77->80
[    0.560530] gpio gpiochip1: (gpio-32-63): created GPIO range 22->31 ==> 44e10800.pinmux PIN 56->65
[    0.562376] gpio gpiochip1: (gpio-32-63): added GPIO chardev (254:1)
[    0.562536] gpio gpiochip1: registered GPIOs 544 to 575 on gpio-32-63
[    0.564852] gpiochip_find_base_unlocked: found new base at 576
[    0.565135] gpio gpiochip2: (gpio-64-95): created GPIO range 0->4 ==> 44e10800.pinmux PIN 66->70
[    0.565156] gpio gpiochip2: (gpio-64-95): created GPIO range 5->6 ==> 44e10800.pinmux PIN 98->99
[    0.565171] gpio gpiochip2: (gpio-64-95): created GPIO range 7->8 ==> 44e10800.pinmux PIN 75->76
[    0.565186] gpio gpiochip2: (gpio-64-95): created GPIO range 13->13 ==> 44e10800.pinmux PIN 141->141
[    0.565202] gpio gpiochip2: (gpio-64-95): created GPIO range 14->21 ==> 44e10800.pinmux PIN 100->107
[    0.565889] gpio gpiochip2: (gpio-64-95): added GPIO chardev (254:2)
[    0.566035] gpio gpiochip2: registered GPIOs 576 to 607 on gpio-64-95
[    0.571902] 48000000.interconnect:segment@200000:target-module@0:mpu@0:fck: device ID is greater than 24
[    0.572869] /ocp/interconnect@48000000/segment@300000/target-module@e000/lcdc@0: Fixed dependency cycle(s) with /ocp/interconnect@44c00000/segment@200000/target-module@b000/i2c@0/tda19988@70
[    0.575704] /ocp/interconnect@48000000/segment@300000/target-module@e000/lcdc@0: Fixed dependency cycle(s) with /ocp/interconnect@44c00000/segment@200000/target-module@b000/i2c@0/tda19988@70
[    0.576412] /ocp/interconnect@44c00000/segment@200000/target-module@b000/i2c@0/tda19988@70: Fixed dependency cycle(s) with /ocp/interconnect@48000000/segment@300000/target-module@e000/lcdc@0
[    0.576586] /ocp/interconnect@48000000/segment@300000/target-module@e000/lcdc@0: Fixed dependency cycle(s) with /ocp/interconnect@44c00000/segment@200000/target-module@b000/i2c@0/tda19988@70
[    0.586314] mdio_bus 4a101000.mdio: using DT '/ocp/interconnect@4a000000/segment@0/target-module@100000/switch@0/mdio@1000' for 'reset' GPIO lookup
[    0.586385] of_get_named_gpiod_flags: can't parse 'reset-gpios' property of node '/ocp/interconnect@4a000000/segment@0/target-module@100000/switch@0/mdio@1000[0]'
[    0.586431] of_get_named_gpiod_flags: can't parse 'reset-gpio' property of node '/ocp/interconnect@4a000000/segment@0/target-module@100000/switch@0/mdio@1000[0]'
[    0.586478] mdio_bus 4a101000.mdio: using lookup tables for GPIO lookup
[    0.586487] mdio_bus 4a101000.mdio: No GPIO consumer reset found
[    0.587730] sdhci-omap 481d8000.mmc: using DT '/ocp/interconnect@48000000/segment@100000/target-module@d8000/mmc@0' for 'wp' GPIO lookup
[    0.587793] of_get_named_gpiod_flags: can't parse 'wp-gpios' property of node '/ocp/interconnect@48000000/segment@100000/target-module@d8000/mmc@0[0]'
[    0.587835] of_get_named_gpiod_flags: can't parse 'wp-gpio' property of node '/ocp/interconnect@48000000/segment@100000/target-module@d8000/mmc@0[0]'
[    0.587869] sdhci-omap 481d8000.mmc: using lookup tables for GPIO lookup
[    0.587878] sdhci-omap 481d8000.mmc: No GPIO consumer wp found
[    0.588076] sdhci-omap 481d8000.mmc: supply pbias not found, using dummy regulator
[    0.588567] sdhci-omap 481d8000.mmc: supply vqmmc not found, using dummy regulator
[    0.636820] davinci_mdio 4a101000.mdio: davinci mdio revision 1.6, bus freq 1000000
[    0.668141] mdio_bus 4a101000.mdio:00: using DT '/ocp/interconnect@4a000000/segment@0/target-module@100000/switch@0/mdio@1000/ethernet-phy@0' for 'reset' GPIO lookup
[    0.668244] of_get_named_gpiod_flags: parsed 'reset-gpios' property of node '/ocp/interconnect@4a000000/segment@0/target-module@100000/switch@0/mdio@1000/ethernet-phy@0[0]' - status (0)
[    0.668402] gpio gpiochip0: Persistence not supported for GPIO 8
[    0.791638] davinci_mdio 4a101000.mdio: phy[0]: device 4a101000.mdio:00, driver SMSC LAN8710/LAN8720
[    0.792409] cpsw-switch 4a100000.switch: initialized cpsw ale version 1.4
[    0.792431] cpsw-switch 4a100000.switch: ALE Table size 1024, Policers 0
[    0.792576] cpsw-switch 4a100000.switch: cpts: overflow check period 500 (jiffies)
[    0.792592] cpsw-switch 4a100000.switch: CPTS: ref_clk_freq:250000000 calc_mult:2147483648 calc_shift:29 error:0 nsec/sec
[    0.792705] cpsw-switch 4a100000.switch: Detected MACID = 6c:ec:eb:68:de:78
[    0.794520] cpsw-switch 4a100000.switch: initialized (regs 0x4a100000, pool size 256) hw_ver:0019010C 1.12 (0)
[    0.805469] debugfs: Directory '49000000.dma' with parent 'dmaengine' already present!
[    0.805507] edma 49000000.dma: TI EDMA DMA engine driver
[    0.853154] gpio-clk clk_mcasp0: using DT '/clk_mcasp0' for 'enable' GPIO lookup
[    0.853231] of_get_named_gpiod_flags: parsed 'enable-gpios' property of node '/clk_mcasp0[0]' - status (0)
[    0.853272] gpio gpiochip0: Persistence not supported for GPIO 27
[    0.854149] gpiochip_find_base_unlocked: found new base at 608
[    0.854258] gpio gpiochip3: (gpio-96-127): created GPIO range 0->7 ==> 44e10800.pinmux PIN 82->89
[    0.854278] gpio gpiochip3: (gpio-96-127): created GPIO range 8->11 ==> 44e10800.pinmux PIN 52->55
[    0.854293] gpio gpiochip3: (gpio-96-127): created GPIO range 12->15 ==> 44e10800.pinmux PIN 94->97
[    0.854309] gpio gpiochip3: (gpio-96-127): created GPIO range 16->17 ==> 44e10800.pinmux PIN 71->72
[    0.854325] gpio gpiochip3: (gpio-96-127): created GPIO range 18->18 ==> 44e10800.pinmux PIN 135->135
[    0.854341] gpio gpiochip3: (gpio-96-127): created GPIO range 19->20 ==> 44e10800.pinmux PIN 108->109
[    0.854357] gpio gpiochip3: (gpio-96-127): created GPIO range 21->21 ==> 44e10800.pinmux PIN 73->73
[    0.854374] gpio gpiochip3: (gpio-96-127): created GPIO range 22->23 ==> 44e10800.pinmux PIN 8->9
[    0.854391] gpio gpiochip3: (gpio-96-127): created GPIO range 26->27 ==> 44e10800.pinmux PIN 10->11
[    0.854408] gpio gpiochip3: (gpio-96-127): created GPIO range 28->28 ==> 44e10800.pinmux PIN 74->74
[    0.854426] gpio gpiochip3: (gpio-96-127): created GPIO range 29->29 ==> 44e10800.pinmux PIN 81->81
[    0.854443] gpio gpiochip3: (gpio-96-127): created GPIO range 30->31 ==> 44e10800.pinmux PIN 28->29
[    0.862279] gpio gpiochip3: (gpio-96-127): added GPIO chardev (254:3)
[    0.862441] gpio gpiochip3: registered GPIOs 608 to 639 on gpio-96-127
[    0.864350] omap8250 44e09000.serial: using DT '/ocp/interconnect@44c00000/segment@200000/target-module@9000/serial@0' for 'rs485-term' GPIO lookup
[    0.864417] of_get_named_gpiod_flags: can't parse 'rs485-term-gpios' property of node '/ocp/interconnect@44c00000/segment@200000/target-module@9000/serial@0[0]'
[    0.864459] of_get_named_gpiod_flags: can't parse 'rs485-term-gpio' property of node '/ocp/interconnect@44c00000/segment@200000/target-module@9000/serial@0[0]'
[    0.864494] omap8250 44e09000.serial: using lookup tables for GPIO lookup
[    0.864504] omap8250 44e09000.serial: No GPIO consumer rs485-term found
[    0.864513] omap8250 44e09000.serial: using DT '/ocp/interconnect@44c00000/segment@200000/target-module@9000/serial@0' for 'rs485-rx-during-tx' GPIO lookup
[    0.864548] of_get_named_gpiod_flags: can't parse 'rs485-rx-during-tx-gpios' property of node '/ocp/interconnect@44c00000/segment@200000/target-module@9000/serial@0[0]'
[    0.864584] of_get_named_gpiod_flags: can't parse 'rs485-rx-during-tx-gpio' property of node '/ocp/interconnect@44c00000/segment@200000/target-module@9000/serial@0[0]'
[    0.864615] omap8250 44e09000.serial: using lookup tables for GPIO lookup
[    0.864622] omap8250 44e09000.serial: No GPIO consumer rs485-rx-during-tx found
[    0.865050] 44e09000.serial: ttyS0 at MMIO 0x44e09000 (irq = 34, base_baud = 3000000) is a 8250
[    0.865143] printk: legacy console [ttyS0] enabled
[    2.360022] i2c i2c-0: using DT '/ocp/interconnect@44c00000/segment@200000/target-module@b000/i2c@0' for 'scl' GPIO lookup
[    2.360111] of_get_named_gpiod_flags: can't parse 'scl-gpios' property of node '/ocp/interconnect@44c00000/segment@200000/target-module@b000/i2c@0[0]'
[    2.360158] of_get_named_gpiod_flags: can't parse 'scl-gpio' property of node '/ocp/interconnect@44c00000/segment@200000/target-module@b000/i2c@0[0]'
[    2.360197] i2c i2c-0: using lookup tables for GPIO lookup
[    2.360211] i2c i2c-0: No GPIO consumer scl found
[    2.360234] i2c i2c-0: using DT '/ocp/interconnect@44c00000/segment@200000/target-module@b000/i2c@0' for 'sda' GPIO lookup
[    2.360273] of_get_named_gpiod_flags: can't parse 'sda-gpios' property of node '/ocp/interconnect@44c00000/segment@200000/target-module@b000/i2c@0[0]'
[    2.360313] of_get_named_gpiod_flags: can't parse 'sda-gpio' property of node '/ocp/interconnect@44c00000/segment@200000/target-module@b000/i2c@0[0]'
[    2.360347] i2c i2c-0: using lookup tables for GPIO lookup
[    2.360358] i2c i2c-0: No GPIO consumer sda found
[    2.372348] tps65217-pmic: Failed to locate of_node [id: -1]
[    2.378402] tps65217-bl: Failed to locate of_node [id: -1]
[    2.384461] platform tps65217-charger: DMA mask not set
[    2.390500] platform tps65217-pwrbutton: DMA mask not set
[    2.397850] tps65217 0-0024: TPS65217 ID 0xe version 1.2
[    2.404006] /ocp/interconnect@48000000/segment@300000/target-module@e000/lcdc@0: Fixed dependency cycle(s) with /ocp/interconnect@44c00000/segment@200000/target-module@b000/i2c@0/tda19988@70
[    2.421425] /ocp/interconnect@44c00000/segment@200000/target-module@b000/i2c@0/tda19988@70: Fixed dependency cycle(s) with /ocp/interconnect@48000000/segment@300000/target-module@e000/lcdc@0
[    2.438773] omap_i2c 44e0b000.i2c: bus 0 rev0.11 at 400 kHz
[    2.446424] sdhci-omap 48060000.mmc: using DT '/ocp/interconnect@48000000/segment@0/target-module@60000/mmc@0' for 'cd' GPIO lookup
[    2.446531] of_get_named_gpiod_flags: parsed 'cd-gpios' property of node '/ocp/interconnect@48000000/segment@0/target-module@60000/mmc@0[0]' - status (0)
[    2.446595] gpio gpiochip3: Persistence not supported for GPIO 6
[    2.446622] omap_gpio 44e07000.gpio: Could not set line 6 debounce to 200000 microseconds (-22)
[    2.455549] sdhci-omap 48060000.mmc: Got CD GPIO
[    2.460199] sdhci-omap 48060000.mmc: using DT '/ocp/interconnect@48000000/segment@0/target-module@60000/mmc@0' for 'wp' GPIO lookup
[    2.460246] of_get_named_gpiod_flags: can't parse 'wp-gpios' property of node '/ocp/interconnect@48000000/segment@0/target-module@60000/mmc@0[0]'
[    2.460288] of_get_named_gpiod_flags: can't parse 'wp-gpio' property of node '/ocp/interconnect@48000000/segment@0/target-module@60000/mmc@0[0]'
[    2.460326] sdhci-omap 48060000.mmc: using lookup tables for GPIO lookup
[    2.460339] sdhci-omap 48060000.mmc: No GPIO consumer wp found
[    2.460546] sdhci-omap 48060000.mmc: supply pbias not found, using dummy regulator
[    2.469330] sdhci-omap 481d8000.mmc: using DT '/ocp/interconnect@48000000/segment@100000/target-module@d8000/mmc@0' for 'wp' GPIO lookup
[    2.469405] of_get_named_gpiod_flags: can't parse 'wp-gpios' property of node '/ocp/interconnect@48000000/segment@100000/target-module@d8000/mmc@0[0]'
[    2.469452] of_get_named_gpiod_flags: can't parse 'wp-gpio' property of node '/ocp/interconnect@48000000/segment@100000/target-module@d8000/mmc@0[0]'
[    2.469490] sdhci-omap 481d8000.mmc: using lookup tables for GPIO lookup
[    2.469503] sdhci-omap 481d8000.mmc: No GPIO consumer wp found
[    2.470471] sdhci-omap 48060000.mmc: supply vqmmc not found, using dummy regulator
[    2.479580] sdhci-omap 481d8000.mmc: supply pbias not found, using dummy regulator
[    2.489267] sdhci-omap 481d8000.mmc: supply vqmmc not found, using dummy regulator
[    2.525367] mmc0: SDHCI controller on 48060000.mmc [48060000.mmc] using External DMA
[    2.533678] mmc1: SDHCI controller on 481d8000.mmc [481d8000.mmc] using External DMA
[    2.542443] cpsw-switch 4a100000.switch: starting ndev. mode: dual_mac
[    2.590510] mmc0: new high speed SDHC card at address 5048
[    2.597554] mmcblk0: mmc0:5048 SD16G 14.4 GiB
[    2.605841]  mmcblk0: p1 p2
[    2.609225] mmcblk0: p2 size 31221760 extends beyond EOD, truncated
[    2.622653] SMSC LAN8710/LAN8720 4a101000.mdio:00: attached PHY driver (mii_bus:phy_addr=4a101000.mdio:00, irq=POLL)
[    2.633638] mmc1: new high speed MMC card at address 0001
[    2.646220] mmcblk1: mmc1:0001 MMC04G 3.60 GiB
[    2.653878]  mmcblk1: p1 p2
[    2.658106] mmcblk1boot0: mmc1:0001 MMC04G 2.00 MiB
[    2.666831] mmcblk1boot1: mmc1:0001 MMC04G 2.00 MiB
[    2.676077] mmcblk1rpmb: mmc1:0001 MMC04G 128 KiB, chardev (250:0)
[    5.762143] cpsw-switch 4a100000.switch eth0: Link is Up - 100Mbps/Full - flow control off
[    5.801369] IP-Config: Complete:
[    5.804637]      device=eth0, hwaddr=6c:ec:eb:68:de:78, ipaddr=192.168.255.1, mask=255.255.255.0, gw=255.255.255.255
[    5.815255]      host=bbb1, domain=, nis-domain=(none)
[    5.820420]      bootserver=192.168.255.126, rootserver=192.168.255.126, rootpath=
[    5.820849] clk: Disabling unused clocks
