Labgrid Console Logfile for main
Logfile started at 2025-11-04 12:06:53.564380
=== Log starts here ===
reading args
spl_load_image_fat_os: error reading image args, err - -1
reading u-boot.img
reading u-boot.img


U-Boot 2014.04-00014-g47880f5 (Apr 22 2014 - 13:23:54)

I2C:   ready
DRAM:  512 MiB
NAND:  0 MiB
MMC:   OMAP SD/MMC: 0, OMAP SD/MMC: 1
*** Warning - readenv() failed, using default environment

Net:   <ethaddr> not set. Validating first E-fuse MAC
cpsw, usb_ether
Hit any key to stop autoboot:  1  0 
gpio: pin 53 (gpio 53) value is 1
mmc0 is current device
gpio: pin 54 (gpio 54) value is 1
SD/MMC found on device 0
reading uEnv.txt
569 bytes read in 4 ms (138.7 KiB/s)
gpio: pin 55 (gpio 55) value is 1
Loaded environment from uEnv.txt
Importing environment from mmc ...
Checking if uenvcmd is set ...
gpio: pin 56 (gpio 56) value is 1
Running uenvcmd ...
cpsw Waiting for PHY auto negotiation to complete. done
link up on port 0, speed 100, full duplex
Using cpsw device
TFTP from server 192.168.255.126; our IP address is 192.168.255.1
Filename 'zImage'.
Load address: 0x81000000
Loading: *#################################################################
	 #################################################################
	 #################################################################
	 #################################################################
	 #################################################################
	 ################################################################
	 2.4 MiB/s
done
Bytes transferred = 5706856 (571468 hex)
link up on port 0, speed 100, full duplex
Using cpsw device
TFTP from server 192.168.255.126; our IP address is 192.168.255.1
Filename 'am335x-boneblack.dtb'.
Load address: 0x82000000
Loading: *#######
	 2.3 MiB/s
done
Bytes transferred = 98148 (17f64 hex)
Kernel image @ 0x81000000 [ 0x000000 - 0x571468 ]
## Flattened Device Tree blob at 82000000
   Booting using the fdt blob at 0x82000000
   Using Device Tree in place at 82000000, end 8201af63

Starting kernel ...

[    0.000000] Booting Linux on physical CPU 0x0
[    0.000000] Linux version 6.18.0-rc4-next-20251104 (user01@drvtest01) (arm-none-eabi-gcc (Arm GNU Toolchain 14.2.Rel1 (Build arm-14.52)) 14.2.1 20241119, GNU ld (Arm GNU Toolchain 14.2.Rel1 (Build arm-14.52)) 2.43.1.20241119) #1 SMP Tue Nov  4 12:05:07 EET 2025
[    0.000000] CPU: ARMv7 Processor [413fc082] revision 2 (ARMv7), cr=10c5387d
[    0.000000] CPU: PIPT / VIPT nonaliasing data cache, VIPT aliasing instruction cache
[    0.000000] OF: fdt: Machine model: TI AM335x BeagleBone Black
[    0.000000] Memory policy: Data cache writeback
[    0.000000] cma: Reserved 16 MiB at 0x9e800000
[    0.000000] Zone ranges:
[    0.000000]   Normal   [mem 0x0000000080000000-0x000000009fdfffff]
[    0.000000]   HighMem  empty
[    0.000000] Movable zone start for each node
[    0.000000] Early memory node ranges
[    0.000000]   node   0: [mem 0x0000000080000000-0x000000009fdfffff]
[    0.000000] Initmem setup node 0 [mem 0x0000000080000000-0x000000009fdfffff]
[    0.000000] On node 0, zone Normal: 512 pages in unavailable ranges
[    0.000000] OF: reserved mem: Reserved memory: No reserved-memory node in the DT
[    0.000000] CPU: All CPU(s) started in SVC mode.
[    0.000000] AM335X ES2.1 (sgx neon)
[    0.000000] percpu: Embedded 17 pages/cpu s39948 r8192 d21492 u69632
[    0.000000] Kernel command line: console=ttyO0,115200n8 root=/dev/nfs rw nfsroot=192.168.255.126:/home/user01/nfs,nfsvers=3 ip=192.168.255.1:192.168.255.126::255.255.255.0:bbb1:eth0 nfsrootdebug
[    0.000000] Unknown kernel command line parameters "nfsrootdebug", will be passed to user space.
[    0.000000] printk: log buffer data + meta data: 65536 + 204800 = 270336 bytes
[    0.000000] Dentry cache hash table entries: 65536 (order: 6, 262144 bytes, linear)
[    0.000000] Inode-cache hash table entries: 32768 (order: 5, 131072 bytes, linear)
[    0.000000] Built 1 zonelists, mobility grouping on.  Total pages: 130560
[    0.000000] mem auto-init: stack:off, heap alloc:off, heap free:off
[    0.000000] SLUB: HWalign=16, Order=0-3, MinObjects=0, CPUs=1, Nodes=1
[    0.000000] rcu: Hierarchical RCU implementation.
[    0.000000] rcu: 	RCU event tracing is enabled.
[    0.000000] rcu: 	RCU restricting CPUs from NR_CPUS=2 to nr_cpu_ids=1.
[    0.000000] 	Tracing variant of Tasks RCU enabled.
[    0.000000] rcu: RCU calculated value of scheduler-enlistment delay is 10 jiffies.
[    0.000000] rcu: Adjusting geometry for rcu_fanout_leaf=16, nr_cpu_ids=1
[    0.000000] RCU Tasks Trace: Setting shift to 0 and lim to 1 rcu_task_cb_adjust=1 rcu_task_cpu_ids=1.
[    0.000000] NR_IRQS: 16, nr_irqs: 16, preallocated irqs: 16
[    0.000000] IRQ: Found an INTC at 0x(ptrval) (revision 5.0) with 128 interrupts
[    0.000000] rcu: srcu_init: Setting srcu_struct sizes based on contention.
[    0.000000] TI gptimer clocksource: always-on /ocp/interconnect@44c00000/segment@200000/target-module@31000
[    0.000003] sched_clock: 32 bits at 24MHz, resolution 41ns, wraps every 89478484971ns
[    0.000027] clocksource: dmtimer: mask: 0xffffffff max_cycles: 0xffffffff, max_idle_ns: 79635851949 ns
[    0.000497] TI gptimer clockevent: 24000000 Hz at /ocp/interconnect@48000000/segment@0/target-module@40000
[    0.002055] Console: colour dummy device 80x30
[    0.002121] WARNING: Your 'console=ttyO0' has been replaced by 'ttyS0'
[    0.002130] This ensures that you still see kernel messages. Please
[    0.002134] update your kernel commandline.
[    0.002175] Calibrating delay loop... 996.14 BogoMIPS (lpj=4980736)
[    0.090608] CPU: Testing write buffer coherency: ok
[    0.090693] CPU0: Spectre v2: using BPIALL workaround
[    0.090702] pid_max: default: 32768 minimum: 301
[    0.091009] Mount-cache hash table entries: 1024 (order: 0, 4096 bytes, linear)
[    0.091030] Mountpoint-cache hash table entries: 1024 (order: 0, 4096 bytes, linear)
[    0.092622] CPU0: thread -1, cpu 0, socket -1, mpidr 0
[    0.092680] cacheinfo: Unable to detect cache hierarchy for CPU 0
[    0.094666] Setting up static identity map for 0x80100000 - 0x80100078
[    0.094983] rcu: Hierarchical SRCU implementation.
[    0.094992] rcu: 	Max phase no-delay instances is 1000.
[    0.096704] smp: Bringing up secondary CPUs ...
[    0.096757] smp: Brought up 1 node, 1 CPU
[    0.096769] SMP: Total of 1 processors activated (996.14 BogoMIPS).
[    0.096781] CPU: All CPU(s) started in SVC mode.
[    0.096988] Memory: 479952K/522240K available (12288K kernel code, 1224K rwdata, 2956K rodata, 1024K init, 258K bss, 24360K reserved, 16384K cma-reserved, 0K highmem)
[    0.097804] devtmpfs: initialized
[    0.115106] VFP support v0.3: implementor 41 architecture 3 part 30 variant c rev 3
[    0.115777] clocksource: jiffies: mask: 0xffffffff max_cycles: 0xffffffff, max_idle_ns: 19112604462750000 ns
[    0.115831] posixtimers hash table entries: 512 (order: 0, 4096 bytes, linear)
[    0.115856] futex hash table entries: 256 (16384 bytes on 1 NUMA nodes, total 16 KiB, linear).
[    0.119058] NET: Registered PF_NETLINK/PF_ROUTE protocol family
[    0.122221] DMA: preallocated 256 KiB pool for atomic coherent allocations
[    0.122819] audit: initializing netlink subsys (disabled)
[    0.124146] thermal_sys: Registered thermal governor 'fair_share'
[    0.124162] thermal_sys: Registered thermal governor 'step_wise'
[    0.124171] thermal_sys: Registered thermal governor 'user_space'
[    0.124285] audit: type=2000 audit(0.120:1): state=initialized audit_enabled=0 res=1
[    0.124357] cpuidle: using governor menu
[    0.142536] /ocp/interconnect@44c00000/segment@200000/target-module@b000/i2c@0/tda19988@70: Fixed dependency cycle(s) with /ocp/interconnect@48000000/segment@300000/target-module@e000/lcdc@0
[    0.143634] /ocp/interconnect@48000000/segment@300000/target-module@e000/lcdc@0: Fixed dependency cycle(s) with /ocp/interconnect@44c00000/segment@200000/target-module@b000/i2c@0/tda19988@70
[    0.145840] No ATAGs?
[    0.145876] hw-breakpoint: debug architecture 0x4 unsupported.
[    0.148932] kprobes: kprobe jump-optimization is enabled. All kprobes are optimized if possible.
[    0.153950] iommu: Default domain type: Translated
[    0.153974] iommu: DMA domain TLB invalidation policy: strict mode
[    0.161393] SCSI subsystem initialized
[    0.162258] pps_core: LinuxPPS API ver. 1 registered
[    0.162269] pps_core: Software ver. 5.3.6 - Copyright 2005-2007 Rodolfo Giometti <giometti@linux.it>
[    0.162294] PTP clock support registered
[    0.171337] vgaarb: loaded
[    0.171724] clocksource: Switched to clocksource dmtimer
[    0.172338] VFS: Disk quotas dquot_6.6.0
[    0.172396] VFS: Dquot-cache hash table entries: 1024 (order 0, 4096 bytes)
[    0.197042] NET: Registered PF_INET protocol family
[    0.197380] IP idents hash table entries: 8192 (order: 4, 65536 bytes, linear)
[    0.198792] tcp_listen_portaddr_hash hash table entries: 512 (order: 0, 4096 bytes, linear)
[    0.198825] Table-perturb hash table entries: 65536 (order: 6, 262144 bytes, linear)
[    0.198844] TCP established hash table entries: 4096 (order: 2, 16384 bytes, linear)
[    0.198890] TCP bind hash table entries: 4096 (order: 4, 65536 bytes, linear)
[    0.198991] TCP: Hash tables configured (established 4096 bind 4096)
[    0.199112] UDP hash table entries: 256 (order: 2, 14336 bytes, linear)
[    0.199146] UDP-Lite hash table entries: 256 (order: 2, 14336 bytes, linear)
[    0.199353] NET: Registered PF_UNIX/PF_LOCAL protocol family
[    0.203110] RPC: Registered named UNIX socket transport module.
[    0.203131] RPC: Registered udp transport module.
[    0.203137] RPC: Registered tcp transport module.
[    0.203142] RPC: Registered tcp-with-tls transport module.
[    0.203146] RPC: Registered tcp NFSv4.1 backchannel transport module.
[    0.203172] PCI: CLS 0 bytes, default 64
[    0.204590] Initialise system trusted keyrings
[    0.212406] workingset: timestamp_bits=14 max_order=17 bucket_order=3
[    0.213829] NFS: Registering the id_resolver key type
[    0.213885] Key type id_resolver registered
[    0.213892] Key type id_legacy registered
[    0.214005] jffs2: version 2.2. (NAND) (SUMMARY)  Â© 2001-2006 Red Hat, Inc.
[    0.214472] Key type asymmetric registered
[    0.214488] Asymmetric key parser 'x509' registered
[    0.214561] io scheduler mq-deadline registered
[    0.214571] io scheduler kyber registered
[    0.214656] io scheduler bfq registered
[    0.216521] target-module@4b000000:target-module@140000:pmu@0:fck: device ID is greater than 24
[    0.222509] ledtrig-cpu: registered to indicate activity on CPUs
[    0.232383] Serial: 8250/16550 driver, 6 ports, IRQ sharing enabled
[    0.265283] brd: module loaded
[    0.286124] loop: module loaded
[    0.287051] mtdoops: mtd device (mtddev=name/number) must be supplied
[    0.290025] i2c_dev: i2c /dev entries driver
[    0.291049] cpuidle: enable-method property 'ti,am3352' found operations
[    0.291494] sdhci: Secure Digital Host Controller Interface driver
[    0.291505] sdhci: Copyright(c) Pierre Ossman
[    0.291822] sdhci-pltfm: SDHCI platform and OF driver helper
[    0.302092] hw perfevents: enabled with armv7_cortex_a8 PMU driver, 5 (8000000f) counters available
[    0.302655] Initializing XFRM netlink socket
[    0.302830] NET: Registered PF_INET6 protocol family
[    0.304844] Segment Routing with IPv6
[    0.304923] In-situ OAM (IOAM) with IPv6
[    0.305021] sit: IPv6, IPv4 and MPLS over IPv4 tunneling driver
[    0.305985] NET: Registered PF_PACKET protocol family
[    0.306003] PFKEY is deprecated and scheduled to be removed in 2027, please contact the netdev mailing list
[    0.306019] NET: Registered PF_KEY protocol family
[    0.306139] Key type dns_resolver registered
[    0.306372] ThumbEE CPU extension supported.
[    0.306392] Registering SWP/SWPB emulation handler
[    0.306919] omap_voltage_late_init: Voltage driver support not added
[    0.307595] SmartReflex Class3 initialized
[    0.348601] Loading compiled-in X.509 certificates
[    0.394746] /ocp/interconnect@44c00000/segment@200000/target-module@b000/i2c@0/tda19988@70: Fixed dependency cycle(s) with /ocp/interconnect@48000000/segment@300000/target-module@e000/lcdc@0
[    0.401117] /ocp/interconnect@44c00000/segment@200000/target-module@b000/i2c@0/tda19988@70: Fixed dependency cycle(s) with /ocp/interconnect@48000000/segment@300000/target-module@e000/lcdc@0
[    0.428706] /ocp/interconnect@44c00000/segment@200000/target-module@b000/i2c@0/tda19988@70: Fixed dependency cycle(s) with /ocp/interconnect@48000000/segment@300000/target-module@e000/lcdc@0
[    0.429599] /ocp/interconnect@44c00000/segment@200000/target-module@b000/i2c@0/tda19988@70: Fixed dependency cycle(s) with /ocp/interconnect@48000000/segment@300000/target-module@e000/lcdc@0
[    0.433443] /ocp/interconnect@44c00000/segment@200000/target-module@10000/scm@0/pinmux@800: Fixed dependency cycle(s) with /ocp/interconnect@44c00000/segment@200000/target-module@10000/scm@0/pinmux@800/clkout2-pins
[    0.434041] pinctrl-single 44e10800.pinmux: 142 pins, size 568
[    0.439422] ti-sysc 44e31000.target-module: probe with driver ti-sysc failed with error -16
[    0.469547] /ocp/interconnect@48000000/segment@300000/target-module@e000/lcdc@0: Fixed dependency cycle(s) with /ocp/interconnect@44c00000/segment@200000/target-module@b000/i2c@0/tda19988@70
[    0.477949] ti-sysc 48040000.target-module: probe with driver ti-sysc failed with error -16
[    0.514664] OMAP GPIO hardware version 0.1
[    0.562373] omap_i2c 4819c000.i2c: bus 2 rev0.11 at 100 kHz
[    0.596477] 48000000.interconnect:segment@200000:target-module@0:mpu@0:fck: device ID is greater than 24
[    0.597369] /ocp/interconnect@48000000/segment@300000/target-module@e000/lcdc@0: Fixed dependency cycle(s) with /ocp/interconnect@44c00000/segment@200000/target-module@b000/i2c@0/tda19988@70
[    0.600186] /ocp/interconnect@48000000/segment@300000/target-module@e000/lcdc@0: Fixed dependency cycle(s) with /ocp/interconnect@44c00000/segment@200000/target-module@b000/i2c@0/tda19988@70
[    0.600919] /ocp/interconnect@44c00000/segment@200000/target-module@b000/i2c@0/tda19988@70: Fixed dependency cycle(s) with /ocp/interconnect@48000000/segment@300000/target-module@e000/lcdc@0
[    0.601090] /ocp/interconnect@48000000/segment@300000/target-module@e000/lcdc@0: Fixed dependency cycle(s) with /ocp/interconnect@44c00000/segment@200000/target-module@b000/i2c@0/tda19988@70
[    0.608933] sdhci-omap 481d8000.mmc: supply pbias not found, using dummy regulator
[    0.609417] sdhci-omap 481d8000.mmc: supply vqmmc not found, using dummy regulator
[    0.717892] davinci_mdio 4a101000.mdio: davinci mdio revision 1.6, bus freq 1000000
[    0.859538] davinci_mdio 4a101000.mdio: phy[0]: device 4a101000.mdio:00, driver SMSC LAN8710/LAN8720
[    0.860302] cpsw-switch 4a100000.switch: initialized cpsw ale version 1.4
[    0.860325] cpsw-switch 4a100000.switch: ALE Table size 1024, Policers 0
[    0.877363] cpsw-switch 4a100000.switch: cpts: overflow check period 500 (jiffies)
[    0.877386] cpsw-switch 4a100000.switch: CPTS: ref_clk_freq:250000000 calc_mult:2147483648 calc_shift:29 error:0 nsec/sec
[    0.877493] cpsw-switch 4a100000.switch: Detected MACID = 6c:ec:eb:68:de:78
[    0.879338] cpsw-switch 4a100000.switch: initialized (regs 0x4a100000, pool size 256) hw_ver:0019010C 1.12 (0)
[    0.916579] debugfs: '49000000.dma' already exists in 'dmaengine'
[    0.916621] edma 49000000.dma: TI EDMA DMA engine driver
[    0.962893] 44e09000.serial: ttyS0 at MMIO 0x44e09000 (irq = 34, base_baud = 3000000) is a 8250
[    0.963012] printk: legacy console [ttyS0] enabled
[    2.462716] tps65217-pmic: Failed to locate of_node [id: -1]
[    2.468780] tps65217-bl: Failed to locate of_node [id: -1]
[    2.476246] platform tps65217-charger: DMA mask not set
[    2.483255] platform tps65217-pwrbutton: DMA mask not set
[    2.491056] tps65217 0-0024: TPS65217 ID 0xe version 1.2
[    2.497155] /ocp/interconnect@48000000/segment@300000/target-module@e000/lcdc@0: Fixed dependency cycle(s) with /ocp/interconnect@44c00000/segment@200000/target-module@b000/i2c@0/tda19988@70
[    2.514586] /ocp/interconnect@44c00000/segment@200000/target-module@b000/i2c@0/tda19988@70: Fixed dependency cycle(s) with /ocp/interconnect@48000000/segment@300000/target-module@e000/lcdc@0
[    2.531984] omap_i2c 44e0b000.i2c: bus 0 rev0.11 at 400 kHz
[    2.539999] omap_gpio 44e07000.gpio: Could not set line 6 debounce to 200000 microseconds (-22)
[    2.548880] sdhci-omap 48060000.mmc: Got CD GPIO
[    2.553925] sdhci-omap 48060000.mmc: supply pbias not found, using dummy regulator
[    2.564391] sdhci-omap 48060000.mmc: supply vqmmc not found, using dummy regulator
[    2.573400] sdhci-omap 481d8000.mmc: supply pbias not found, using dummy regulator
[    2.581380] sdhci-omap 481d8000.mmc: supply vqmmc not found, using dummy regulator
[    2.671755] mmc1: SDHCI controller on 481d8000.mmc [481d8000.mmc] using External DMA
[    2.680726] mmc0: SDHCI controller on 48060000.mmc [48060000.mmc] using External DMA
[    2.689658] cpsw-switch 4a100000.switch: starting ndev. mode: dual_mac
[    2.752141] mmc1: new high speed MMC card at address 0001
[    2.758952] mmcblk1: mmc1:0001 MMC04G 3.60 GiB
[    2.766642]  mmcblk1: p1 p2
[    2.770372] SMSC LAN8710/LAN8720 4a101000.mdio:00: attached PHY driver (mii_bus:phy_addr=4a101000.mdio:00, irq=POLL)
[    2.781886] mmcblk1boot0: mmc1:0001 MMC04G 2.00 MiB
[    2.796017] mmcblk1boot1: mmc1:0001 MMC04G 2.00 MiB
[    2.804884] mmcblk1rpmb: mmc1:0001 MMC04G 128 KiB, chardev (249:0)
[    2.835244] mmc0: new high speed SDHC card at address aaaa
[    2.842188] mmcblk0: mmc0:aaaa SE32G 29.7 GiB
[    2.851242]  mmcblk0: p1 p2
[    5.922485] cpsw-switch 4a100000.switch eth0: Link is Up - 100Mbps/Full - flow control off
[    5.951737] IP-Config: Complete:
[    5.955010]      device=eth0, hwaddr=6c:ec:eb:68:de:78, ipaddr=192.168.255.1, mask=255.255.255.0, gw=255.255.255.255
[    5.965659]      host=bbb1, domain=, nis-domain=(none)
[    5.970828]      bootserver=192.168.255.126, rootserver=192.168.255.126, rootpath=
[    5.971257] clk: Disabling unused clocks
[    5.983113] PM: genpd: Disabling unused power domains
[    5.988279] KTAP version 1
[    5.991005] 1..0
[    5.993785] check access for rdinit=/init failed: -2, ignoring
[    6.021268] VFS: Mounted root (nfs filesystem) on device 0:17.
[    6.028339] devtmpfs: mounted
[    6.032961] Freeing unused kernel image (initmem) memory: 1024K
[    6.039616] Run /sbin/init as init process
[    6.722378] systemd[1]: System time before build time, advancing clock.
[    8.251742] random: crng init done
[    8.284534] systemd[1]: systemd 232 running in system mode. (+PAM +AUDIT +SELINUX +IMA +APPARMOR +SMACK +SYSVINIT +UTMP +LIBCRYPTSETUP +GCRYPT +GNUTLS +ACL +XZ +LZ4 +SECCOMP +BLKID +ELFUTILS +KMOD +IDN)
[    8.303656] systemd[1]: Detected architecture arm.

Welcome to [1mDebian GNU/Linux 9 (stretch)[0m!

[    8.335116] systemd[1]: Set hostname to <arm>.
[    9.428225] systemd[1]: Reached target Swap.
[[0;32m  OK  [0m] Reached target Swap.
[    9.455693] systemd[1]: systemd-journald.socket: SO_PASSSEC failed: Operation not supported
[    9.464612] systemd[1]: systemd-journald.socket: SO_PASSSEC failed: Operation not supported
[    9.473349] systemd[1]: Listening on Journal Socket.
[[0;32m  OK  [0m] Listening on Journal Socket.
[    9.502887] systemd[1]: Started Dispatch Password Requests to Console Directory Watch.
[[0;32m  OK  [0m] Started Dispatch Password Requests to Console Directory Watch.
[    9.532579] systemd[1]: Started Forward Password Requests to Wall Directory Watch.
[[0;32m  OK  [0m] Started Forward Password Requests to Wall Directory Watch.
[    9.562076] systemd[1]: Reached target Encrypted Volumes.
[[0;32m  OK  [0m] Reached target Encrypted Volumes.
[[0;32m  OK  [0m] Reached target Remote File Systems.
[[0;32m  OK  [0m] Listening on udev Control Socket.
[[0;32m  OK  [0m] Listening on Journal Socket (/dev/log).
[[0;32m  OK  [0m] Listening on Journal Audit Socket.
[[0;32m  OK  [0m] Listening on udev Kernel Socket.
[[0;32m  OK  [0m] Set up automount Arbitrary Executabâ€¦rmats File System Automount Point.
[[0;32m  OK  [0m] Created slice User and Session Slice.
[[0;32m  OK  [0m] Created slice System Slice.
[[0;32m  OK  [0m] Created slice system-serial\x2dgetty.slice.
[[0;32m  OK  [0m] Created slice system-getty.slice.
         Mounting Debug File System...
         Starting Create list of required stâ€¦ce nodes for the current kernel...
         Starting Load Kernel Modules...
[[0;32m  OK  [0m] Listening on /dev/initctl Compatibility Named Pipe.
[[0;32m  OK  [0m] Reached target Slices.
[[0;32m  OK  [0m] Reached target Paths.
         Mounting POSIX Message Queue File System...
[[0;32m  OK  [0m] Listening on Syslog Socket.
         Starting Journal Service...
         Starting Remount Root and Kernel File Systems...
[[0;32m  OK  [0m] Mounted Debug File System.
[[0;32m  OK  [0m] Mounted POSIX Message Queue File System.
[[0;32m  OK  [0m] Started Create list of required staâ€¦vice nodes for the current kernel.
         Starting Create Static Device Nodes in /dev...
[[0;32m  OK  [0m] Started Load Kernel Modules.
[[0;32m  OK  [0m] Started Remount Root and Kernel File Systems.
         Starting Load/Save Random Seed...
         Starting udev Coldplug all Devices...
         Starting Apply Kernel Variables...
         Mounting Configuration File System...
[[0;32m  OK  [0m] Started Load/Save Random Seed.
[[0;32m  OK  [0m] Mounted Configuration File System.
[[0;32m  OK  [0m] Started Apply Kernel Variables.
[[0;32m  OK  [0m] Started Create Static Device Nodes in /dev.
[[0;32m  OK  [0m] Reached target Local File Systems (Pre).
[[0;32m  OK  [0m] Reached target Local File Systems.
         Starting Raise network interfaces...
         Starting udev Kernel Device Manager...
[[0;32m  OK  [0m] Started Journal Service.
         Starting Flush Journal to Persistent Storage...
[   11.898251] systemd-journald[85]: Received request to flush runtime journal from PID 1
[[0;32m  OK  [0m] Started Flush Journal to Persistent Storage.
         Starting Create Volatile Files and Directories...
[[0;32m  OK  [0m] Started udev Kernel Device Manager.
[   12.642625] omap_prm 44e00d00.prm: sync_state() pending due to 44d00000.cpu
[[0;32m  OK  [0m] Started Create Volatile Files and Directories.
         Starting Network Time Synchronization...
         Starting Update UTMP about System Boot/Shutdown...
[[0;32m  OK  [0m] Started Update UTMP about System Boot/Shutdown.
[[0;32m  OK  [0m] Started udev Coldplug all Devices.
[[0;32m  OK  [0m] Started Network Time Synchronization.
[   15.238142] remoteproc remoteproc0: wkup_m3 is available
[   15.304545] omap_rtc 44e3e000.rtc: registered as rtc0
[   15.309731] omap_rtc 44e3e000.rtc: setting system clock to 2000-01-01T00:00:00 UTC (946684800)
[   15.362456] omap_wdt: OMAP Watchdog Timer Rev 0x01: initial timeout 60 sec
[   15.394679] at24 2-0054: supply vcc not found, using dummy regulator
[   15.522692] at24 2-0055: supply vcc not found, using dummy regulator
[[0;32m  OK  [0m] Found device /dev/ttyS0.
[   15.635249] at24 2-0056: supply vcc not found, using dummy regulator
[   15.761612] at24 2-0057: supply vcc not found, using dummy regulator
[   15.904060] at24 0-0050: 32768 byte 24c256 EEPROM, writable, 1 bytes/write
[[0;32m  OK  [0m] Reached target System Initialization.
[[0;32m  OK  [0m] Started Daily Cleanup of Temporary Directories.
[[0;32m  OK  [0m] Listening on D-Bus System Message Bus Socket.
[[0;32m  OK  [0m] Listening on Avahi mDNS/DNS-SD Stack Activation Socket.
[[0;32m  OK  [0m] Reached target Sockets.
[[0;32m  OK  [0m] Reached target Basic System.
[   16.233973] input: tps65217_pwrbutton as /devices/platform/ocp/44c00000.interconnect/44c00000.interconnect:segment@200000/44e0b000.target-module/44e0b000.i2c/i2c-0/0-0024/tps65217-pwrbutton/input/input0
[[0;32m  OK  [0m] Started Regular background program processing daemon.
[[0;32m  OK  [0m] Started D-Bus System Message Bus.
[   16.508183] am335x-phy-driver 47401300.usb-phy: dummy supplies not allowed for exclusive requests (id=vbus)
[   16.657122] am335x-phy-driver 47401b00.usb-phy: dummy supplies not allowed for exclusive requests (id=vbus)
[   17.234127] usbcore: registered new interface driver usbfs
[   17.239766] usbcore: registered new interface driver hub
[   17.245439] usbcore: registered new device driver usb
[   17.373980] tda998x 0-0070: found TDA19988
[   17.899077] musb-hdrc musb-hdrc.1: MUSB HDRC host driver
[   17.904894] musb-hdrc musb-hdrc.1: new USB bus registered, assigned bus number 1
[   18.054088] omap-mailbox 480c8000.mailbox: omap mailbox rev 0x400
[   18.167278] remoteproc remoteproc0: powering up wkup_m3
[   18.173377] usb usb1: New USB device found, idVendor=1d6b, idProduct=0002, bcdDevice= 6.18
[   18.181848] usb usb1: New USB device strings: Mfr=3, Product=2, SerialNumber=1
[   18.189118] usb usb1: Product: MUSB HDRC host driver
[   18.194151] usb usb1: Manufacturer: Linux 6.18.0-rc4-next-20251104 musb-hcd
[   18.201151] usb usb1: SerialNumber: musb-hdrc.1
[   18.389328] remoteproc remoteproc0: Direct firmware load for am335x-pm-firmware.elf failed with error -2
[   18.399133] remoteproc remoteproc0: request_firmware failed: -2
[   18.405315] wkup_m3_ipc 44e11324.wkup_m3_ipc: rproc_boot failed
[   18.605911] hub 1-0:1.0: USB hub found
[   18.611023] hub 1-0:1.0: 1 port detected
         Starting Connection service...
         Starting LSB: Load kernel modules needed to enable cpufreq scaling...
[   20.655620] omap_rng 48310000.rng: Random Number Generator ver. 20
         Starting LSB: Start busybox udhcpd at boot time...
         Starting Cape Manager Service...[   20.846126] tilcdc 4830e000.lcdc: bound 0-0070 (ops 0xbf0610f8)

[   20.973578] [drm] Initialized tilcdc 1.0.0 for 4830e000.lcdc on minor 0
         Starting Login Service...
[   21.077689] tilcdc 4830e000.lcdc: [drm] Cannot find any crtc or sizes
[   21.086039] tilcdc 4830e000.lcdc: [drm] Cannot find any crtc or sizes
         Starting Telephony service...
         Starting Generic Board Startup...
         Starting System Logging Service...
         Starting DUN service...
         Starting Avahi mDNS/DNS-SD Stack...
[[0;32m  OK  [0m] Reached target System Time Synchronized.
[[0;32m  OK  [0m] Started Daily apt download activities.
[[0;32m  OK  [0m] Started Daily apt upgrade and clean activities.
[[0;32m  OK  [0m] Reached target Timers.
[   23.045134] omap-sham 53100000.sham: hw accel on OMAP rev 4.3
[   23.113158] PM: Cannot get wkup_m3_ipc handle
[   23.231977] omap-sham 53100000.sham: will run requests pump with realtime priority
[   23.243129] PM: Cannot get wkup_m3_ipc handle
[   23.254281] omap-aes 53500000.aes: OMAP AES hw accel rev: 3.2
[[0;32m  OK  [0m] Started Cape Manager Service.
[   23.411317] omap-aes 53500000.aes: will run requests pump with realtime priority
[   23.422086] PM: Cannot get wkup_m3_ipc handle
[[0;32m  OK  [0m] Started System Logging Service.
[   24.775274] ------------[ cut here ]------------
[   24.779976] WARNING: net/8021q/vlan_core.c:236 at vlan_for_each+0x114/0x134, CPU#0: avahi-daemon/301
[   24.789343] RTNL: assertion failed at net/8021q/vlan_core.c (236)
[   24.795536] Modules linked in: ecdh_generic ecc snd_soc_simple_card omap_aes_driver snd_soc_simple_card_utils pm33xx omap_sham omap_crypto libaes crypto_engine ti_emif_sram tilcdc omap_rng drm_dma_helper rng_core drm_client_lib snd_soc_davinci_mcasp snd_soc_ti_udma snd_soc_ti_edma snd_soc_ti_sdma snd_soc_core snd_pcm_dmaengine snd_pcm snd_timer omap_mailbox snd musb_dsps soundcore musb_hdrc udc_core tda998x usbcore cec drm_kms_helper phy_am335x phy_generic wkup_m3_ipc cppi41 usb_common drm tps65218_pwrbutton phy_am335x_control drm_panel_orientation_quirks at24 omap_wdt rtc_omap wkup_m3_rproc watchdog leds_gpio led_class cpufreq_dt autofs4
[   24.852718] CPU: 0 UID: 107 PID: 301 Comm: avahi-daemon Not tainted 6.18.0-rc4-next-20251104 #1 NONE 
[   24.852736] Hardware name: Generic AM33XX (Flattened Device Tree)
[   24.852745] Call trace: 
[   24.852762]  unwind_backtrace from show_stack+0x10/0x14
[   24.852799]  show_stack from dump_stack_lvl+0x50/0x64
[   24.852824]  dump_stack_lvl from __warn+0x88/0x148
[   24.852842]  __warn from warn_slowpath_fmt+0x19c/0x1b0
[   24.852856]  warn_slowpath_fmt from vlan_for_each+0x114/0x134
[   24.852877]  vlan_for_each from cpsw_add_mc_addr+0x40/0xa4
[   24.852908]  cpsw_add_mc_addr from __hw_addr_ref_sync_dev+0x108/0x140
[   24.852927]  __hw_addr_ref_sync_dev from __dev_mc_add+0x7c/0x80
[   24.852941]  __dev_mc_add from igmp6_group_added+0xc8/0xe0
[   24.852970]  igmp6_group_added from __ipv6_dev_mc_inc+0x218/0x364
[   24.852992]  __ipv6_dev_mc_inc from __ipv6_sock_mc_join+0x11c/0x1c0
[   24.853013]  __ipv6_sock_mc_join from do_ipv6_setsockopt+0x1214/0x1310
[   24.853032]  do_ipv6_setsockopt from ipv6_setsockopt+0x60/0xcc
[   24.853045]  ipv6_setsockopt from udpv6_setsockopt+0x2c/0x6c
[   24.853060]  udpv6_setsockopt from sock_common_setsockopt+0x30/0x40
[   24.853080]  sock_common_setsockopt from do_sock_setsockopt+0x50/0x9c
[   24.853105]  do_sock_setsockopt from __sys_setsockopt+0x70/0xbc
[   24.853131]  __sys_setsockopt from ret_fast_syscall+0x0/0x58
[   24.853150] Exception stack(0xe02ddfa8 to 0xe02ddff0)
[   24.853165] dfa0:                   00000014 b6fa6ce8 0000000d 00000029 00000014 beca59ec
[   24.853177] dfc0: 00000014 b6fa6ce8 00000014 00000126 0000000d b6f4fff4 0052e988 00516558
[   24.853186] dfe0: b6f65088 beca59d8 b6f42309 b6e1941a
[   24.853193] ---[ end trace 0000000000000000 ]---
[   25.183069] Bluetooth: Core ver 2.22
[   25.186920] NET: Registered PF_BLUETOOTH protocol family
[   25.192404] Bluetooth: HCI device and connection manager initialized
[   25.198821] Bluetooth: HCI socket layer initialized
[   25.203768] Bluetooth: L2CAP socket layer initialized
[   25.208880] Bluetooth: SCO socket layer initialized
[[0;32m  OK  [0m] Started Raise network interfaces.
[   27.513513] gpio-537 (nxp,calib): gpiod_direction_output_nonotify: tried to set a GPIO tied to an IRQ as output
[   27.628373] PM: Cannot get wkup_m3_ipc handle
[   27.801381] PM: Cannot get wkup_m3_ipc handle
[   27.862189] tda9950 0-0034: TDA9950 CEC interface, hardware version 3.3
[   27.985362] PM: Cannot get wkup_m3_ipc handle
[[0;32m  OK  [0m] Started LSB: Start busybox udhcpd at boot time.
[[0;32m  OK  [0m] Started LSB: Load kernel modules needed to enable cpufreq scaling.
[[0;32m  OK  [0m] Started Telephony service.
[[0;32m  OK  [0m] Started DUN service.
[[0;32m  OK  [0m] Started Connection service.
[[0;32m  OK  [0m] Started Avahi mDNS/DNS-SD Stack.
[   30.820920] configfs-gadget.g_multi gadget.0: HOST MAC 1c:ba:8c:a2:ed:6c
[   30.827969] configfs-gadget.g_multi gadget.0: MAC 1c:ba:8c:a2:ed:70
[   30.835391] configfs-gadget.g_multi gadget.0: HOST MAC 1c:ba:8c:a2:ed:6c
[   30.842246] configfs-gadget.g_multi gadget.0: MAC 1c:ba:8c:a2:ed:6d
[   30.850276] PM: Cannot get wkup_m3_ipc handle
[[0;32m  OK  [0m] Started Login Service.
         Starting Hostname Service...
         Starting WPA supplicant...
[[0;32m  OK  [0m] Reached target Sound Card.
         Starting LSB: set CPUFreq kernel parameters...
[[0;32m  OK  [0m] Started WPA supplicant.
[[0;32m  OK  [0m] Started Hostname Service.
[[0;32m  OK  [0m] Reached target Network.
         Starting The Apache HTTP Server...
[[0;32m  OK  [0m] Reached target Network is Online.
         Starting LSB: Advanced IEEE 802.11 management daemon...
         Starting Permit User Sessions...
         Starting OpenBSD Secure Shell server...
[[0;32m  OK  [0m] Started LSB: Advanced IEEE 802.11 management daemon.
[[0;32m  OK  [0m] Started LSB: set CPUFreq kernel parameters.
[[0;32m  OK  [0m] Started Permit User Sessions.
[[0;32m  OK  [0m] Started Serial Getty on ttyS0.
[[0;32m  OK  [0m] Started Getty on tty1.
[[0;32m  OK  [0m] Reached target Login Prompts.
[[0;32m  OK  [0m] Started OpenBSD Secure Shell server.
         Stopping LSB: Start busybox udhcpd at boot time...
[[0;32m  OK  [0m] Stopped LSB: Start busybox udhcpd at boot time.
[[0;32m  OK  [0m] Started The Apache HTTP Server.
         Starting dnsmasq - A lightweight DHCP and caching DNS server...
[[0;32m  OK  [0m] Started dnsmasq - A lightweight DHCP and caching DNS server.
[[0;32m  OK  [0m] Reached target Host and Network Name Lookups.
[[0;32m  OK  [0m] Started Serial Getty on ttyGS0.
[[0;32m  OK  [0m] Started Generic Board Startup.
[[0;32m  OK  [0m] Reached target Multi-User System.
[[0;32m  OK  [0m] Reached target Graphical Interface.
         Starting Update UTMP about System Runlevel Changes...
[[0;32m  OK  [0m] Started Update UTMP about System Runlevel Changes.

Debian GNU/Linux 9 arm ttyS0

default username:password is [debian:temppwd]

arm login: root
Password: 
Last login: Sat Jan  1 00:00:38 UTC 2000 on ttyS0
root
Linux arm 6.18.0-rc4-next-20251104 #1 SMP Tue Nov  4 12:05:07 EET 2025 armv7l

The programs included with the Debian GNU/Linux system are free software;
the exact distribution terms for each program are described in the
individual files in /usr/share/doc/*/copyright.

Debian GNU/Linux comes with ABSOLUTELY NO WARRANTY, to the extent
permitted by applicable law.
root@arm:~# root
dmesg -n 1
-bash: root: command not found
root@arm:~# dmesg -n 1
root@arm:~# echo 'XYMB''WLHFHN'
XYMBWLHFHN
root@arm:~# run() { echo -n "$MARKER"; sh -c "$@"; echo "$MARKER $?"; }
root@arm:~# echo 'KLJX''UPQHMA'
KLJXUPQHMA
root@arm:~# MARKER='OEXW''QQEAZO' run 'cat /proc/version'
OEXWQQEAZOLinux version 6.18.0-rc4-next-20251104 (user01@drvtest01) (arm-none-eabi-gcc (Arm GNU Toolchain 14.2.Rel1 (Build arm-14.52)) 14.2.1 20241119, GNU ld (Arm GNU Toolchain 14.2.Rel1 (Build arm-14.52)) 2.43.1.20241119) #1 SMP Tue Nov  4 12:05:07 EET 2025
OEXWQQEAZO 0
root@arm:~# echo 'MGCF''YZOQZE'
MGCFYZOQZE
root@arm:~# MARKER='GETY''ZXWATF' run false
GETYZXWATFGETYZXWATF 1
root@arm:~# Labgrid Console Logfile for main
Logfile started at 2025-11-04 12:08:01.182353
=== Log starts here ===

root@arm:~# run() { echo -n "$MARKER"; sh -c "$@"; echo "$MARKER $?"; }
root@arm:~# echo 'HLAC''YVWVOJ'
HLACYVWVOJ
root@arm:~# MARKER='BYOL''JCPANX' run 'ls /iio_generic_buffer; echo $?'
BYOLJCPANX/iio_generic_buffer
0
BYOLJCPANX 0
root@arm:~# Labgrid Console Logfile for main
Logfile started at 2025-11-04 12:08:04.538194
=== Log starts here ===

root@arm:~# run() { echo -n "$MARKER"; sh -c "$@"; echo "$MARKER $?"; }
root@arm:~# echo 'FVXH''MTCBNT'
FVXHMTCBNT
root@arm:~# MARKER='KMSH''YAVMXF' run dmesg
KMSHYAVMXF[    0.000000] Booting Linux on physical CPU 0x0
[    0.000000] Linux version 6.18.0-rc4-next-20251104 (user01@drvtest01) (arm-none-eabi-gcc (Arm GNU Toolchain 14.2.Rel1 (Build arm-14.52)) 14.2.1 20241119, GNU ld (Arm GNU Toolchain 14.2.Rel1 (Build arm-14.52)) 2.43.1.20241119) #1 SMP Tue Nov  4 12:05:07 EET 2025
[    0.000000] CPU: ARMv7 Processor [413fc082] revision 2 (ARMv7), cr=10c5387d
[    0.000000] CPU: PIPT / VIPT nonaliasing data cache, VIPT aliasing instruction cache
[    0.000000] OF: fdt: Machine model: TI AM335x BeagleBone Black
[    0.000000] Memory policy: Data cache writeback
[    0.000000] cma: Reserved 16 MiB at 0x9e800000
[    0.000000] Zone ranges:
[    0.000000]   Normal   [mem 0x0000000080000000-0x000000009fdfffff]
[    0.000000]   HighMem  empty
[    0.000000] Movable zone start for each node
[    0.000000] Early memory node ranges
[    0.000000]   node   0: [mem 0x0000000080000000-0x000000009fdfffff]
[    0.000000] Initmem setup node 0 [mem 0x0000000080000000-0x000000009fdfffff]
[    0.000000] On node 0, zone Normal: 512 pages in unavailable ranges
[    0.000000] OF: reserved mem: Reserved memory: No reserved-memory node in the DT
[    0.000000] CPU: All CPU(s) started in SVC mode.
[    0.000000] AM335X ES2.1 (sgx neon)
[    0.000000] percpu: Embedded 17 pages/cpu s39948 r8192 d21492 u69632
[    0.000000] pcpu-alloc: s39948 r8192 d21492 u69632 alloc=17*4096
[    0.000000] pcpu-alloc: [0] 0 
[    0.000000] Kernel command line: console=ttyO0,115200n8 root=/dev/nfs rw nfsroot=192.168.255.126:/home/user01/nfs,nfsvers=3 ip=192.168.255.1:192.168.255.126::255.255.255.0:bbb1:eth0 nfsrootdebug
[    0.000000] Unknown kernel command line parameters "nfsrootdebug", will be passed to user space.
[    0.000000] printk: log buffer data + meta data: 65536 + 204800 = 270336 bytes
[    0.000000] Dentry cache hash table entries: 65536 (order: 6, 262144 bytes, linear)
[    0.000000] Inode-cache hash table entries: 32768 (order: 5, 131072 bytes, linear)
[    0.000000] Built 1 zonelists, mobility grouping on.  Total pages: 130560
[    0.000000] mem auto-init: stack:off, heap alloc:off, heap free:off
[    0.000000] SLUB: HWalign=16, Order=0-3, MinObjects=0, CPUs=1, Nodes=1
[    0.000000] rcu: Hierarchical RCU implementation.
[    0.000000] rcu: 	RCU event tracing is enabled.
[    0.000000] rcu: 	RCU restricting CPUs from NR_CPUS=2 to nr_cpu_ids=1.
[    0.000000] 	Tracing variant of Tasks RCU enabled.
[    0.000000] rcu: RCU calculated value of scheduler-enlistment delay is 10 jiffies.
[    0.000000] rcu: Adjusting geometry for rcu_fanout_leaf=16, nr_cpu_ids=1
[    0.000000] RCU Tasks Trace: Setting shift to 0 and lim to 1 rcu_task_cb_adjust=1 rcu_task_cpu_ids=1.
[    0.000000] NR_IRQS: 16, nr_irqs: 16, preallocated irqs: 16
[    0.000000] IRQ: Found an INTC at 0x(ptrval) (revision 5.0) with 128 interrupts
[    0.000000] rcu: srcu_init: Setting srcu_struct sizes based on contention.
[    0.000000] TI gptimer clocksource: always-on /ocp/interconnect@44c00000/segment@200000/target-module@31000
[    0.000003] sched_clock: 32 bits at 24MHz, resolution 41ns, wraps every 89478484971ns
[    0.000027] clocksource: dmtimer: mask: 0xffffffff max_cycles: 0xffffffff, max_idle_ns: 79635851949 ns
[    0.000497] TI gptimer clockevent: 24000000 Hz at /ocp/interconnect@48000000/segment@0/target-module@40000
[    0.002055] Console: colour dummy device 80x30
[    0.002121] WARNING: Your 'console=ttyO0' has been replaced by 'ttyS0'
[    0.002130] This ensures that you still see kernel messages. Please
[    0.002134] update your kernel commandline.
[    0.002175] Calibrating delay loop... 996.14 BogoMIPS (lpj=4980736)
[    0.090608] CPU: Testing write buffer coherency: ok
[    0.090693] CPU0: Spectre v2: using BPIALL workaround
[    0.090702] pid_max: default: 32768 minimum: 301
[    0.091009] Mount-cache hash table entries: 1024 (order: 0, 4096 bytes, linear)
[    0.091030] Mountpoint-cache hash table entries: 1024 (order: 0, 4096 bytes, linear)
[    0.092622] CPU0: thread -1, cpu 0, socket -1, mpidr 0
[    0.092680] cacheinfo: Unable to detect cache hierarchy for CPU 0
[    0.094666] Setting up static identity map for 0x80100000 - 0x80100078
[    0.094983] rcu: Hierarchical SRCU implementation.
[    0.094992] rcu: 	Max phase no-delay instances is 1000.
[    0.096704] smp: Bringing up secondary CPUs ...
[    0.096757] smp: Brought up 1 node, 1 CPU
[    0.096769] SMP: Total of 1 processors activated (996.14 BogoMIPS).
[    0.096781] CPU: All CPU(s) started in SVC mode.
[    0.096988] Memory: 479952K/522240K available (12288K kernel code, 1224K rwdata, 2956K rodata, 1024K init, 258K bss, 24360K reserved, 16384K cma-reserved, 0K highmem)
[    0.097804] devtmpfs: initialized
[    0.115106] VFP support v0.3: implementor 41 architecture 3 part 30 variant c rev 3
[    0.115777] clocksource: jiffies: mask: 0xffffffff max_cycles: 0xffffffff, max_idle_ns: 19112604462750000 ns
[    0.115831] posixtimers hash table entries: 512 (order: 0, 4096 bytes, linear)
[    0.115856] futex hash table entries: 256 (16384 bytes on 1 NUMA nodes, total 16 KiB, linear).
[    0.119058] NET: Registered PF_NETLINK/PF_ROUTE protocol family
[    0.122221] DMA: preallocated 256 KiB pool for atomic coherent allocations
[    0.122819] audit: initializing netlink subsys (disabled)
[    0.124146] thermal_sys: Registered thermal governor 'fair_share'
[    0.124162] thermal_sys: Registered thermal governor 'step_wise'
[    0.124171] thermal_sys: Registered thermal governor 'user_space'
[    0.124285] audit: type=2000 audit(0.120:1): state=initialized audit_enabled=0 res=1
[    0.124357] cpuidle: using governor menu
[    0.142536] /ocp/interconnect@44c00000/segment@200000/target-module@b000/i2c@0/tda19988@70: Fixed dependency cycle(s) with /ocp/interconnect@48000000/segment@300000/target-module@e000/lcdc@0
[    0.143634] /ocp/interconnect@48000000/segment@300000/target-module@e000/lcdc@0: Fixed dependency cycle(s) with /ocp/interconnect@44c00000/segment@200000/target-module@b000/i2c@0/tda19988@70
[    0.145840] No ATAGs?
[    0.145876] hw-breakpoint: debug architecture 0x4 unsupported.
[    0.148932] kprobes: kprobe jump-optimization is enabled. All kprobes are optimized if possible.
[    0.153950] iommu: Default domain type: Translated
[    0.153974] iommu: DMA domain TLB invalidation policy: strict mode
[    0.155540] reg-fixed-voltage fixedregulator0: using DT '/fixedregulator0' for '(default)' GPIO lookup
[    0.155593] of_get_named_gpiod_flags: can't parse 'gpios' property of node '/fixedregulator0[0]'
[    0.155621] of_get_named_gpiod_flags: can't parse 'gpio' property of node '/fixedregulator0[0]'
[    0.155640] reg-fixed-voltage fixedregulator0: using lookup tables for GPIO lookup
[    0.155651] reg-fixed-voltage fixedregulator0: No GPIO consumer (default) found
[    0.161393] SCSI subsystem initialized
[    0.161873] libata version 3.00 loaded.
[    0.162258] pps_core: LinuxPPS API ver. 1 registered
[    0.162269] pps_core: Software ver. 5.3.6 - Copyright 2005-2007 Rodolfo Giometti <giometti@linux.it>
[    0.162294] PTP clock support registered
[    0.171337] vgaarb: loaded
[    0.171724] clocksource: Switched to clocksource dmtimer
[    0.172338] VFS: Disk quotas dquot_6.6.0
[    0.172396] VFS: Dquot-cache hash table entries: 1024 (order 0, 4096 bytes)
[    0.197042] NET: Registered PF_INET protocol family
[    0.197380] IP idents hash table entries: 8192 (order: 4, 65536 bytes, linear)
[    0.198792] tcp_listen_portaddr_hash hash table entries: 512 (order: 0, 4096 bytes, linear)
[    0.198825] Table-perturb hash table entries: 65536 (order: 6, 262144 bytes, linear)
[    0.198844] TCP established hash table entries: 4096 (order: 2, 16384 bytes, linear)
[    0.198890] TCP bind hash table entries: 4096 (order: 4, 65536 bytes, linear)
[    0.198991] TCP: Hash tables configured (established 4096 bind 4096)
[    0.199112] UDP hash table entries: 256 (order: 2, 14336 bytes, linear)
[    0.199146] UDP-Lite hash table entries: 256 (order: 2, 14336 bytes, linear)
[    0.199353] NET: Registered PF_UNIX/PF_LOCAL protocol family
[    0.203110] RPC: Registered named UNIX socket transport module.
[    0.203131] RPC: Registered udp transport module.
[    0.203137] RPC: Registered tcp transport module.
[    0.203142] RPC: Registered tcp-with-tls transport module.
[    0.203146] RPC: Registered tcp NFSv4.1 backchannel transport module.
[    0.203172] PCI: CLS 0 bytes, default 64
[    0.204590] Initialise system trusted keyrings
[    0.212406] workingset: timestamp_bits=14 max_order=17 bucket_order=3
[    0.213829] NFS: Registering the id_resolver key type
[    0.213885] Key type id_resolver registered
[    0.213892] Key type id_legacy registered
[    0.214005] jffs2: version 2.2. (NAND) (SUMMARY)  Â© 2001-2006 Red Hat, Inc.
[    0.214472] Key type asymmetric registered
[    0.214488] Asymmetric key parser 'x509' registered
[    0.214561] io scheduler mq-deadline registered
[    0.214571] io scheduler kyber registered
[    0.214656] io scheduler bfq registered
[    0.216521] target-module@4b000000:target-module@140000:pmu@0:fck: device ID is greater than 24
[    0.222509] ledtrig-cpu: registered to indicate activity on CPUs
[    0.232383] Serial: 8250/16550 driver, 6 ports, IRQ sharing enabled
[    0.265283] brd: module loaded
[    0.286124] loop: module loaded
[    0.287051] mtdoops: mtd device (mtddev=name/number) must be supplied
[    0.288588] mdio_bus fixed-0: using lookup tables for GPIO lookup
[    0.288609] mdio_bus fixed-0: No GPIO consumer reset found
[    0.290025] i2c_dev: i2c /dev entries driver
[    0.291049] cpuidle: enable-method property 'ti,am3352' found operations
[    0.291494] sdhci: Secure Digital Host Controller Interface driver
[    0.291505] sdhci: Copyright(c) Pierre Ossman
[    0.291822] sdhci-pltfm: SDHCI platform and OF driver helper
[    0.302092] hw perfevents: enabled with armv7_cortex_a8 PMU driver, 5 (8000000f) counters available
[    0.302655] Initializing XFRM netlink socket
[    0.302830] NET: Registered PF_INET6 protocol family
[    0.304844] Segment Routing with IPv6
[    0.304923] In-situ OAM (IOAM) with IPv6
[    0.305021] sit: IPv6, IPv4 and MPLS over IPv4 tunneling driver
[    0.305985] NET: Registered PF_PACKET protocol family
[    0.306003] PFKEY is deprecated and scheduled to be removed in 2027, please contact the netdev mailing list
[    0.306019] NET: Registered PF_KEY protocol family
[    0.306139] Key type dns_resolver registered
[    0.306372] ThumbEE CPU extension supported.
[    0.306392] Registering SWP/SWPB emulation handler
[    0.306919] omap_voltage_late_init: Voltage driver support not added
[    0.307595] SmartReflex Class3 initialized
[    0.348601] Loading compiled-in X.509 certificates
[    0.394746] /ocp/interconnect@44c00000/segment@200000/target-module@b000/i2c@0/tda19988@70: Fixed dependency cycle(s) with /ocp/interconnect@48000000/segment@300000/target-module@e000/lcdc@0
[    0.401117] /ocp/interconnect@44c00000/segment@200000/target-module@b000/i2c@0/tda19988@70: Fixed dependency cycle(s) with /ocp/interconnect@48000000/segment@300000/target-module@e000/lcdc@0
[    0.406819] gpiochip_find_base_unlocked: found new base at 512
[    0.428706] /ocp/interconnect@44c00000/segment@200000/target-module@b000/i2c@0/tda19988@70: Fixed dependency cycle(s) with /ocp/interconnect@48000000/segment@300000/target-module@e000/lcdc@0
[    0.429599] /ocp/interconnect@44c00000/segment@200000/target-module@b000/i2c@0/tda19988@70: Fixed dependency cycle(s) with /ocp/interconnect@48000000/segment@300000/target-module@e000/lcdc@0
[    0.433443] /ocp/interconnect@44c00000/segment@200000/target-module@10000/scm@0/pinmux@800: Fixed dependency cycle(s) with /ocp/interconnect@44c00000/segment@200000/target-module@10000/scm@0/pinmux@800/clkout2-pins
[    0.434041] pinctrl-single 44e10800.pinmux: 142 pins, size 568
[    0.439422] ti-sysc 44e31000.target-module: probe with driver ti-sysc failed with error -16
[    0.469547] /ocp/interconnect@48000000/segment@300000/target-module@e000/lcdc@0: Fixed dependency cycle(s) with /ocp/interconnect@44c00000/segment@200000/target-module@b000/i2c@0/tda19988@70
[    0.477949] ti-sysc 48040000.target-module: probe with driver ti-sysc failed with error -16
[    0.489596] gpiochip_find_base_unlocked: found new base at 512
[    0.489697] gpio gpiochip0: (gpio-0-31): created GPIO range 0->7 ==> 44e10800.pinmux PIN 0->7
[    0.489716] gpio gpiochip0: (gpio-0-31): created GPIO range 8->11 ==> 44e10800.pinmux PIN 90->93
[    0.489732] gpio gpiochip0: (gpio-0-31): created GPIO range 12->27 ==> 44e10800.pinmux PIN 12->27
[    0.489748] gpio gpiochip0: (gpio-0-31): created GPIO range 28->31 ==> 44e10800.pinmux PIN 30->33
[    0.514340] gpio gpiochip0: (gpio-0-31): added GPIO chardev (254:0)
[    0.514574] gpio gpiochip0: registered GPIOs 512 to 543 on gpio-0-31
[    0.514664] OMAP GPIO hardware version 0.1
[    0.561241] i2c i2c-2: using DT '/ocp/interconnect@48000000/segment@100000/target-module@9c000/i2c@0' for 'scl' GPIO lookup
[    0.561313] of_get_named_gpiod_flags: can't parse 'scl-gpios' property of node '/ocp/interconnect@48000000/segment@100000/target-module@9c000/i2c@0[0]'
[    0.561355] of_get_named_gpiod_flags: can't parse 'scl-gpio' property of node '/ocp/interconnect@48000000/segment@100000/target-module@9c000/i2c@0[0]'
[    0.561392] i2c i2c-2: using lookup tables for GPIO lookup
[    0.561403] i2c i2c-2: No GPIO consumer scl found
[    0.561424] i2c i2c-2: using DT '/ocp/interconnect@48000000/segment@100000/target-module@9c000/i2c@0' for 'sda' GPIO lookup
[    0.561460] of_get_named_gpiod_flags: can't parse 'sda-gpios' property of node '/ocp/interconnect@48000000/segment@100000/target-module@9c000/i2c@0[0]'
[    0.561496] of_get_named_gpiod_flags: can't parse 'sda-gpio' property of node '/ocp/interconnect@48000000/segment@100000/target-module@9c000/i2c@0[0]'
[    0.561527] i2c i2c-2: using lookup tables for GPIO lookup
[    0.561535] i2c i2c-2: No GPIO consumer sda found
[    0.562373] omap_i2c 4819c000.i2c: bus 2 rev0.11 at 100 kHz
[    0.568065] gpiochip_find_base_unlocked: found new base at 544
[    0.568182] gpio gpiochip1: (gpio-32-63): created GPIO range 0->17 ==> 44e10800.pinmux PIN 34->51
[    0.568203] gpio gpiochip1: (gpio-32-63): created GPIO range 18->21 ==> 44e10800.pinmux PIN 77->80
[    0.568219] gpio gpiochip1: (gpio-32-63): created GPIO range 22->31 ==> 44e10800.pinmux PIN 56->65
[    0.586896] gpio gpiochip1: (gpio-32-63): added GPIO chardev (254:1)
[    0.587120] gpio gpiochip1: registered GPIOs 544 to 575 on gpio-32-63
[    0.589438] gpiochip_find_base_unlocked: found new base at 576
[    0.589532] gpio gpiochip2: (gpio-64-95): created GPIO range 0->4 ==> 44e10800.pinmux PIN 66->70
[    0.589551] gpio gpiochip2: (gpio-64-95): created GPIO range 5->6 ==> 44e10800.pinmux PIN 98->99
[    0.589567] gpio gpiochip2: (gpio-64-95): created GPIO range 7->8 ==> 44e10800.pinmux PIN 75->76
[    0.589582] gpio gpiochip2: (gpio-64-95): created GPIO range 13->13 ==> 44e10800.pinmux PIN 141->141
[    0.589597] gpio gpiochip2: (gpio-64-95): created GPIO range 14->21 ==> 44e10800.pinmux PIN 100->107
[    0.590261] gpio gpiochip2: (gpio-64-95): added GPIO chardev (254:2)
[    0.590479] gpio gpiochip2: registered GPIOs 576 to 607 on gpio-64-95
[    0.596477] 48000000.interconnect:segment@200000:target-module@0:mpu@0:fck: device ID is greater than 24
[    0.597369] /ocp/interconnect@48000000/segment@300000/target-module@e000/lcdc@0: Fixed dependency cycle(s) with /ocp/interconnect@44c00000/segment@200000/target-module@b000/i2c@0/tda19988@70
[    0.600186] /ocp/interconnect@48000000/segment@300000/target-module@e000/lcdc@0: Fixed dependency cycle(s) with /ocp/interconnect@44c00000/segment@200000/target-module@b000/i2c@0/tda19988@70
[    0.600919] /ocp/interconnect@44c00000/segment@200000/target-module@b000/i2c@0/tda19988@70: Fixed dependency cycle(s) with /ocp/interconnect@48000000/segment@300000/target-module@e000/lcdc@0
[    0.601090] /ocp/interconnect@48000000/segment@300000/target-module@e000/lcdc@0: Fixed dependency cycle(s) with /ocp/interconnect@44c00000/segment@200000/target-module@b000/i2c@0/tda19988@70
[    0.608572] sdhci-omap 481d8000.mmc: using DT '/ocp/interconnect@48000000/segment@100000/target-module@d8000/mmc@0' for 'wp' GPIO lookup
[    0.608643] of_get_named_gpiod_flags: can't parse 'wp-gpios' property of node '/ocp/interconnect@48000000/segment@100000/target-module@d8000/mmc@0[0]'
[    0.608687] of_get_named_gpiod_flags: can't parse 'wp-gpio' property of node '/ocp/interconnect@48000000/segment@100000/target-module@d8000/mmc@0[0]'
[    0.608724] sdhci-omap 481d8000.mmc: using lookup tables for GPIO lookup
[    0.608735] sdhci-omap 481d8000.mmc: No GPIO consumer wp found
[    0.608933] sdhci-omap 481d8000.mmc: supply pbias not found, using dummy regulator
[    0.609417] sdhci-omap 481d8000.mmc: supply vqmmc not found, using dummy regulator
[    0.658561] mdio_bus 4a101000.mdio: using DT '/ocp/interconnect@4a000000/segment@0/target-module@100000/switch@0/mdio@1000' for 'reset' GPIO lookup
[    0.658633] of_get_named_gpiod_flags: can't parse 'reset-gpios' property of node '/ocp/interconnect@4a000000/segment@0/target-module@100000/switch@0/mdio@1000[0]'
[    0.658680] of_get_named_gpiod_flags: can't parse 'reset-gpio' property of node '/ocp/interconnect@4a000000/segment@0/target-module@100000/switch@0/mdio@1000[0]'
[    0.658728] mdio_bus 4a101000.mdio: using lookup tables for GPIO lookup
[    0.658739] mdio_bus 4a101000.mdio: No GPIO consumer reset found
[    0.717892] davinci_mdio 4a101000.mdio: davinci mdio revision 1.6, bus freq 1000000
[    0.735903] mdio_bus 4a101000.mdio:00: using DT '/ocp/interconnect@4a000000/segment@0/target-module@100000/switch@0/mdio@1000/ethernet-phy@0' for 'reset' GPIO lookup
[    0.736003] of_get_named_gpiod_flags: parsed 'reset-gpios' property of node '/ocp/interconnect@4a000000/segment@0/target-module@100000/switch@0/mdio@1000/ethernet-phy@0[0]' - status (0)
[    0.736169] gpio gpiochip0: Persistence not supported for GPIO 8
[    0.859538] davinci_mdio 4a101000.mdio: phy[0]: device 4a101000.mdio:00, driver SMSC LAN8710/LAN8720
[    0.860302] cpsw-switch 4a100000.switch: initialized cpsw ale version 1.4
[    0.860325] cpsw-switch 4a100000.switch: ALE Table size 1024, Policers 0
[    0.877363] cpsw-switch 4a100000.switch: cpts: overflow check period 500 (jiffies)
[    0.877386] cpsw-switch 4a100000.switch: CPTS: ref_clk_freq:250000000 calc_mult:2147483648 calc_shift:29 error:0 nsec/sec
[    0.877493] cpsw-switch 4a100000.switch: Detected MACID = 6c:ec:eb:68:de:78
[    0.879338] cpsw-switch 4a100000.switch: initialized (regs 0x4a100000, pool size 256) hw_ver:0019010C 1.12 (0)
[    0.916579] debugfs: '49000000.dma' already exists in 'dmaengine'
[    0.916621] edma 49000000.dma: TI EDMA DMA engine driver
[    0.957612] gpio-clk clk_mcasp0: using DT '/clk_mcasp0' for 'enable' GPIO lookup
[    0.957695] of_get_named_gpiod_flags: parsed 'enable-gpios' property of node '/clk_mcasp0[0]' - status (0)
[    0.957742] gpio gpiochip0: Persistence not supported for GPIO 27
[    0.958509] gpiochip_find_base_unlocked: found new base at 608
[    0.958624] gpio gpiochip3: (gpio-96-127): created GPIO range 0->7 ==> 44e10800.pinmux PIN 82->89
[    0.958644] gpio gpiochip3: (gpio-96-127): created GPIO range 8->11 ==> 44e10800.pinmux PIN 52->55
[    0.958660] gpio gpiochip3: (gpio-96-127): created GPIO range 12->15 ==> 44e10800.pinmux PIN 94->97
[    0.958676] gpio gpiochip3: (gpio-96-127): created GPIO range 16->17 ==> 44e10800.pinmux PIN 71->72
[    0.958691] gpio gpiochip3: (gpio-96-127): created GPIO range 18->18 ==> 44e10800.pinmux PIN 135->135
[    0.958709] gpio gpiochip3: (gpio-96-127): created GPIO range 19->20 ==> 44e10800.pinmux PIN 108->109
[    0.958734] gpio gpiochip3: (gpio-96-127): created GPIO range 21->21 ==> 44e10800.pinmux PIN 73->73
[    0.958752] gpio gpiochip3: (gpio-96-127): created GPIO range 22->23 ==> 44e10800.pinmux PIN 8->9
[    0.958769] gpio gpiochip3: (gpio-96-127): created GPIO range 26->27 ==> 44e10800.pinmux PIN 10->11
[    0.958786] gpio gpiochip3: (gpio-96-127): created GPIO range 28->28 ==> 44e10800.pinmux PIN 74->74
[    0.958804] gpio gpiochip3: (gpio-96-127): created GPIO range 29->29 ==> 44e10800.pinmux PIN 81->81
[    0.958822] gpio gpiochip3: (gpio-96-127): created GPIO range 30->31 ==> 44e10800.pinmux PIN 28->29
[    0.959826] gpio gpiochip3: (gpio-96-127): added GPIO chardev (254:3)
[    0.960056] gpio gpiochip3: registered GPIOs 608 to 639 on gpio-96-127
[    0.962164] omap8250 44e09000.serial: using DT '/ocp/interconnect@44c00000/segment@200000/target-module@9000/serial@0' for 'rs485-term' GPIO lookup
[    0.962238] of_get_named_gpiod_flags: can't parse 'rs485-term-gpios' property of node '/ocp/interconnect@44c00000/segment@200000/target-module@9000/serial@0[0]'
[    0.962281] of_get_named_gpiod_flags: can't parse 'rs485-term-gpio' property of node '/ocp/interconnect@44c00000/segment@200000/target-module@9000/serial@0[0]'
[    0.962317] omap8250 44e09000.serial: using lookup tables for GPIO lookup
[    0.962327] omap8250 44e09000.serial: No GPIO consumer rs485-term found
[    0.962338] omap8250 44e09000.serial: using DT '/ocp/interconnect@44c00000/segment@200000/target-module@9000/serial@0' for 'rs485-rx-during-tx' GPIO lookup
[    0.962373] of_get_named_gpiod_flags: can't parse 'rs485-rx-during-tx-gpios' property of node '/ocp/interconnect@44c00000/segment@200000/target-module@9000/serial@0[0]'
[    0.962410] of_get_named_gpiod_flags: can't parse 'rs485-rx-during-tx-gpio' property of node '/ocp/interconnect@44c00000/segment@200000/target-module@9000/serial@0[0]'
[    0.962441] omap8250 44e09000.serial: using lookup tables for GPIO lookup
[    0.962449] omap8250 44e09000.serial: No GPIO consumer rs485-rx-during-tx found
[    0.962893] 44e09000.serial: ttyS0 at MMIO 0x44e09000 (irq = 34, base_baud = 3000000) is a 8250
[    0.963012] printk: legacy console [ttyS0] enabled
[    2.446959] i2c i2c-0: using DT '/ocp/interconnect@44c00000/segment@200000/target-module@b000/i2c@0' for 'scl' GPIO lookup
[    2.447047] of_get_named_gpiod_flags: can't parse 'scl-gpios' property of node '/ocp/interconnect@44c00000/segment@200000/target-module@b000/i2c@0[0]'
[    2.447095] of_get_named_gpiod_flags: can't parse 'scl-gpio' property of node '/ocp/interconnect@44c00000/segment@200000/target-module@b000/i2c@0[0]'
[    2.447136] i2c i2c-0: using lookup tables for GPIO lookup
[    2.447151] i2c i2c-0: No GPIO consumer scl found
[    2.447175] i2c i2c-0: using DT '/ocp/interconnect@44c00000/segment@200000/target-module@b000/i2c@0' for 'sda' GPIO lookup
[    2.447216] of_get_named_gpiod_flags: can't parse 'sda-gpios' property of node '/ocp/interconnect@44c00000/segment@200000/target-module@b000/i2c@0[0]'
[    2.447257] of_get_named_gpiod_flags: can't parse 'sda-gpio' property of node '/ocp/interconnect@44c00000/segment@200000/target-module@b000/i2c@0[0]'
[    2.447292] i2c i2c-0: using lookup tables for GPIO lookup
[    2.447303] i2c i2c-0: No GPIO consumer sda found
[    2.462716] tps65217-pmic: Failed to locate of_node [id: -1]
[    2.468780] tps65217-bl: Failed to locate of_node [id: -1]
[    2.476246] platform tps65217-charger: DMA mask not set
[    2.483255] platform tps65217-pwrbutton: DMA mask not set
[    2.491056] tps65217 0-0024: TPS65217 ID 0xe version 1.2
[    2.497155] /ocp/interconnect@48000000/segment@300000/target-module@e000/lcdc@0: Fixed dependency cycle(s) with /ocp/interconnect@44c00000/segment@200000/target-module@b000/i2c@0/tda19988@70
[    2.514586] /ocp/interconnect@44c00000/segment@200000/target-module@b000/i2c@0/tda19988@70: Fixed dependency cycle(s) with /ocp/interconnect@48000000/segment@300000/target-module@e000/lcdc@0
[    2.531984] omap_i2c 44e0b000.i2c: bus 0 rev0.11 at 400 kHz
[    2.539797] sdhci-omap 48060000.mmc: using DT '/ocp/interconnect@48000000/segment@0/target-module@60000/mmc@0' for 'cd' GPIO lookup
[    2.539903] of_get_named_gpiod_flags: parsed 'cd-gpios' property of node '/ocp/interconnect@48000000/segment@0/target-module@60000/mmc@0[0]' - status (0)
[    2.539970] gpio gpiochip3: Persistence not supported for GPIO 6
[    2.539999] omap_gpio 44e07000.gpio: Could not set line 6 debounce to 200000 microseconds (-22)
[    2.548880] sdhci-omap 48060000.mmc: Got CD GPIO
[    2.553561] sdhci-omap 48060000.mmc: using DT '/ocp/interconnect@48000000/segment@0/target-module@60000/mmc@0' for 'wp' GPIO lookup
[    2.553612] of_get_named_gpiod_flags: can't parse 'wp-gpios' property of node '/ocp/interconnect@48000000/segment@0/target-module@60000/mmc@0[0]'
[    2.553657] of_get_named_gpiod_flags: can't parse 'wp-gpio' property of node '/ocp/interconnect@48000000/segment@0/target-module@60000/mmc@0[0]'
[    2.553697] sdhci-omap 48060000.mmc: using lookup tables for GPIO lookup
[    2.553712] sdhci-omap 48060000.mmc: No GPIO consumer wp found
[    2.553925] sdhci-omap 48060000.mmc: supply pbias not found, using dummy regulator
[    2.562888] sdhci-omap 481d8000.mmc: using DT '/ocp/interconnect@48000000/segment@100000/target-module@d8000/mmc@0' for 'wp' GPIO lookup
[    2.562967] of_get_named_gpiod_flags: can't parse 'wp-gpios' property of node '/ocp/interconnect@48000000/segment@100000/target-module@d8000/mmc@0[0]'
[    2.563015] of_get_named_gpiod_flags: can't parse 'wp-gpio' property of node '/ocp/interconnect@48000000/segment@100000/target-module@d8000/mmc@0[0]'
[    2.563055] sdhci-omap 481d8000.mmc: using lookup tables for GPIO lookup
[    2.563069] sdhci-omap 481d8000.mmc: No GPIO consumer wp found
[    2.564391] sdhci-omap 48060000.mmc: supply vqmmc not found, using dummy regulator
[    2.573400] sdhci-omap 481d8000.mmc: supply pbias not found, using dummy regulator
[    2.581380] sdhci-omap 481d8000.mmc: supply vqmmc not found, using dummy regulator
[    2.671755] mmc1: SDHCI controller on 481d8000.mmc [481d8000.mmc] using External DMA
[    2.680726] mmc0: SDHCI controller on 48060000.mmc [48060000.mmc] using External DMA
[    2.689658] cpsw-switch 4a100000.switch: starting ndev. mode: dual_mac
[    2.752141] mmc1: new high speed MMC card at address 0001
[    2.758952] mmcblk1: mmc1:0001 MMC04G 3.60 GiB
[    2.766642]  mmcblk1: p1 p2
[    2.770372] SMSC LAN8710/LAN8720 4a101000.mdio:00: attached PHY driver (mii_bus:phy_addr=4a101000.mdio:00, irq=POLL)
[    2.781886] mmcblk1boot0: mmc1:0001 MMC04G 2.00 MiB
[    2.796017] mmcblk1boot1: mmc1:0001 MMC04G 2.00 MiB
[    2.804884] mmcblk1rpmb: mmc1:0001 MMC04G 128 KiB, chardev (249:0)
[    2.835244] mmc0: new high speed SDHC card at address aaaa
[    2.842188] mmcblk0: mmc0:aaaa SE32G 29.7 GiB
[    2.851242]  mmcblk0: p1 p2
[    5.922485] cpsw-switch 4a100000.switch eth0: Link is Up - 100Mbps/Full - flow control off
[    5.951737] IP-Config: Complete:
[    5.955010]      device=eth0, hwaddr=6c:ec:eb:68:de:78, ipaddr=192.168.255.1, mask=255.255.255.0, gw=255.255.255.255
[    5.965659]      host=bbb1, domain=, nis-domain=(none)
[    5.970828]      bootserver=192.168.255.126, rootserver=192.168.255.126, rootpath=
[    5.971257] clk: Disabling unused clocks
[    5.983113] PM: genpd: Disabling unused power domains
[    5.988279] KTAP version 1
[    5.991005] 1..0
[    5.993785] check access for rdinit=/init failed: -2, ignoring
[    6.021268] VFS: Mounted root (nfs filesystem) on device 0:17.
[    6.028339] devtmpfs: mounted
[    6.032961] Freeing unused kernel image (initmem) memory: 1024K
[    6.039616] Run /sbin/init as init process
[    6.043858]   with arguments:
[    6.043873]     /sbin/init
[    6.043882]     nfsrootdebug
[    6.043892]   with environment:
[    6.043900]     HOME=/
[    6.043909]     TERM=linux
[    6.722378] systemd[1]: System time before build time, advancing clock.
[    8.251742] random: crng init done
[    8.284534] systemd[1]: systemd 232 running in system mode. (+PAM +AUDIT +SELINUX +IMA +APPARMOR +SMACK +SYSVINIT +UTMP +LIBCRYPTSETUP +GCRYPT +GNUTLS +ACL +XZ +LZ4 +SECCOMP +BLKID +ELFUTILS +KMOD +IDN)
[    8.303656] systemd[1]: Detected architecture arm.
[    8.335116] systemd[1]: Set hostname to <arm>.
[    9.428225] systemd[1]: Reached target Swap.
[    9.455693] systemd[1]: systemd-journald.socket: SO_PASSSEC failed: Operation not supported
[    9.464612] systemd[1]: systemd-journald.socket: SO_PASSSEC failed: Operation not supported
[    9.473349] systemd[1]: Listening on Journal Socket.
[    9.502887] systemd[1]: Started Dispatch Password Requests to Console Directory Watch.
[    9.532579] systemd[1]: Started Forward Password Requests to Wall Directory Watch.
[    9.562076] systemd[1]: Reached target Encrypted Volumes.
[   11.898251] systemd-journald[85]: Received request to flush runtime journal from PID 1
[   12.642625] omap_prm 44e00d00.prm: sync_state() pending due to 44d00000.cpu
[   14.643531] leds-gpio leds: using DT '/leds/led2' for '(default)' GPIO lookup
[   14.643637] of_get_named_gpiod_flags: parsed 'gpios' property of node '/leds/led2[0]' - status (0)
[   14.643697] gpio gpiochip0: Persistence not supported for GPIO 21
[   14.643714] gpio-533 (?): no flags found for GPIO (default)
[   14.701497] leds-gpio leds: using DT '/leds/led3' for '(default)' GPIO lookup
[   14.701603] of_get_named_gpiod_flags: parsed 'gpios' property of node '/leds/led3[0]' - status (0)
[   14.701661] gpio gpiochip0: Persistence not supported for GPIO 22
[   14.701675] gpio-534 (?): no flags found for GPIO (default)
[   14.718163] leds-gpio leds: using DT '/leds/led4' for '(default)' GPIO lookup
[   14.718265] of_get_named_gpiod_flags: parsed 'gpios' property of node '/leds/led4[0]' - status (0)
[   14.718319] gpio gpiochip0: Persistence not supported for GPIO 23
[   14.718334] gpio-535 (?): no flags found for GPIO (default)
[   14.732304] leds-gpio leds: using DT '/leds/led5' for '(default)' GPIO lookup
[   14.732410] of_get_named_gpiod_flags: parsed 'gpios' property of node '/leds/led5[0]' - status (0)
[   14.732462] gpio gpiochip0: Persistence not supported for GPIO 24
[   14.732476] gpio-536 (?): no flags found for GPIO (default)
[   15.238142] remoteproc remoteproc0: wkup_m3 is available
[   15.304545] omap_rtc 44e3e000.rtc: registered as rtc0
[   15.309731] omap_rtc 44e3e000.rtc: setting system clock to 2000-01-01T00:00:00 UTC (946684800)
[   15.318639] omap_rtc 44e3e000.rtc: using DT '/ocp/interconnect@44c00000/segment@200000/target-module@3e000/rtc@0' for 'wp' GPIO lookup
[   15.318714] of_get_named_gpiod_flags: can't parse 'wp-gpios' property of node '/ocp/interconnect@44c00000/segment@200000/target-module@3e000/rtc@0[0]'
[   15.318763] of_get_named_gpiod_flags: can't parse 'wp-gpio' property of node '/ocp/interconnect@44c00000/segment@200000/target-module@3e000/rtc@0[0]'
[   15.318805] omap_rtc 44e3e000.rtc: using lookup tables for GPIO lookup
[   15.318820] omap_rtc 44e3e000.rtc: No GPIO consumer wp found
[   15.362456] omap_wdt: OMAP Watchdog Timer Rev 0x01: initial timeout 60 sec
[   15.394679] at24 2-0054: supply vcc not found, using dummy regulator
[   15.522692] at24 2-0055: supply vcc not found, using dummy regulator
[   15.635249] at24 2-0056: supply vcc not found, using dummy regulator
[   15.761612] at24 2-0057: supply vcc not found, using dummy regulator
[   15.903469] at24 0-0050: using DT '/ocp/interconnect@44c00000/segment@200000/target-module@b000/i2c@0/eeprom@50' for 'wp' GPIO lookup
[   15.903597] of_get_named_gpiod_flags: can't parse 'wp-gpios' property of node '/ocp/interconnect@44c00000/segment@200000/target-module@b000/i2c@0/eeprom@50[0]'
[   15.903657] of_get_named_gpiod_flags: can't parse 'wp-gpio' property of node '/ocp/interconnect@44c00000/segment@200000/target-module@b000/i2c@0/eeprom@50[0]'
[   15.903705] at24 0-0050: using lookup tables for GPIO lookup
[   15.903721] at24 0-0050: No GPIO consumer wp found
[   15.904060] at24 0-0050: 32768 byte 24c256 EEPROM, writable, 1 bytes/write
[   16.233973] input: tps65217_pwrbutton as /devices/platform/ocp/44c00000.interconnect/44c00000.interconnect:segment@200000/44e0b000.target-module/44e0b000.i2c/i2c-0/0-0024/tps65217-pwrbutton/input/input0
[   16.507722] am335x-phy-driver 47401300.usb-phy: using DT '/ocp/target-module@47400000/usb-phy@1300' for 'reset' GPIO lookup
[   16.507818] of_get_named_gpiod_flags: can't parse 'reset-gpios' property of node '/ocp/target-module@47400000/usb-phy@1300[0]'
[   16.507863] of_get_named_gpiod_flags: can't parse 'reset-gpio' property of node '/ocp/target-module@47400000/usb-phy@1300[0]'
[   16.507901] am335x-phy-driver 47401300.usb-phy: using lookup tables for GPIO lookup
[   16.507916] am335x-phy-driver 47401300.usb-phy: No GPIO consumer reset found
[   16.507932] am335x-phy-driver 47401300.usb-phy: using DT '/ocp/target-module@47400000/usb-phy@1300' for 'vbus-detect' GPIO lookup
[   16.507963] of_get_named_gpiod_flags: can't parse 'vbus-detect-gpios' property of node '/ocp/target-module@47400000/usb-phy@1300[0]'
[   16.507995] of_get_named_gpiod_flags: can't parse 'vbus-detect-gpio' property of node '/ocp/target-module@47400000/usb-phy@1300[0]'
[   16.508022] am335x-phy-driver 47401300.usb-phy: using lookup tables for GPIO lookup
[   16.508034] am335x-phy-driver 47401300.usb-phy: No GPIO consumer vbus-detect found
[   16.508183] am335x-phy-driver 47401300.usb-phy: dummy supplies not allowed for exclusive requests (id=vbus)
[   16.656654] am335x-phy-driver 47401b00.usb-phy: using DT '/ocp/target-module@47400000/usb-phy@1b00' for 'reset' GPIO lookup
[   16.656752] of_get_named_gpiod_flags: can't parse 'reset-gpios' property of node '/ocp/target-module@47400000/usb-phy@1b00[0]'
[   16.656798] of_get_named_gpiod_flags: can't parse 'reset-gpio' property of node '/ocp/target-module@47400000/usb-phy@1b00[0]'
[   16.656837] am335x-phy-driver 47401b00.usb-phy: using lookup tables for GPIO lookup
[   16.656853] am335x-phy-driver 47401b00.usb-phy: No GPIO consumer reset found
[   16.656868] am335x-phy-driver 47401b00.usb-phy: using DT '/ocp/target-module@47400000/usb-phy@1b00' for 'vbus-detect' GPIO lookup
[   16.656902] of_get_named_gpiod_flags: can't parse 'vbus-detect-gpios' property of node '/ocp/target-module@47400000/usb-phy@1b00[0]'
[   16.656935] of_get_named_gpiod_flags: can't parse 'vbus-detect-gpio' property of node '/ocp/target-module@47400000/usb-phy@1b00[0]'
[   16.656962] am335x-phy-driver 47401b00.usb-phy: using lookup tables for GPIO lookup
[   16.656974] am335x-phy-driver 47401b00.usb-phy: No GPIO consumer vbus-detect found
[   16.657122] am335x-phy-driver 47401b00.usb-phy: dummy supplies not allowed for exclusive requests (id=vbus)
[   17.234127] usbcore: registered new interface driver usbfs
[   17.239766] usbcore: registered new interface driver hub
[   17.245439] usbcore: registered new device driver usb
[   17.373980] tda998x 0-0070: found TDA19988
[   17.899077] musb-hdrc musb-hdrc.1: MUSB HDRC host driver
[   17.904894] musb-hdrc musb-hdrc.1: new USB bus registered, assigned bus number 1
[   18.054088] omap-mailbox 480c8000.mailbox: omap mailbox rev 0x400
[   18.167278] remoteproc remoteproc0: powering up wkup_m3
[   18.173377] usb usb1: New USB device found, idVendor=1d6b, idProduct=0002, bcdDevice= 6.18
[   18.181848] usb usb1: New USB device strings: Mfr=3, Product=2, SerialNumber=1
[   18.189118] usb usb1: Product: MUSB HDRC host driver
[   18.194151] usb usb1: Manufacturer: Linux 6.18.0-rc4-next-20251104 musb-hcd
[   18.201151] usb usb1: SerialNumber: musb-hdrc.1
[   18.389328] remoteproc remoteproc0: Direct firmware load for am335x-pm-firmware.elf failed with error -2
[   18.399133] remoteproc remoteproc0: request_firmware failed: -2
[   18.405315] wkup_m3_ipc 44e11324.wkup_m3_ipc: rproc_boot failed
[   18.605911] hub 1-0:1.0: USB hub found
[   18.611023] hub 1-0:1.0: 1 port detected
[   20.655620] omap_rng 48310000.rng: Random Number Generator ver. 20
[   20.846126] tilcdc 4830e000.lcdc: bound 0-0070 (ops 0xbf0610f8)
[   20.973578] [drm] Initialized tilcdc 1.0.0 for 4830e000.lcdc on minor 0
[   21.077689] tilcdc 4830e000.lcdc: [drm] Cannot find any crtc or sizes
[   21.086039] tilcdc 4830e000.lcdc: [drm] Cannot find any crtc or sizes
[   23.045134] omap-sham 53100000.sham: hw accel on OMAP rev 4.3
[   23.113158] PM: Cannot get wkup_m3_ipc handle
[   23.231977] omap-sham 53100000.sham: will run requests pump with realtime priority
[   23.243129] PM: Cannot get wkup_m3_ipc handle
[   23.254281] omap-aes 53500000.aes: OMAP AES hw accel rev: 3.2
[   23.411317] omap-aes 53500000.aes: will run requests pump with realtime priority
[   23.422086] PM: Cannot get wkup_m3_ipc handle
[   24.775274] ------------[ cut here ]------------
[   24.779976] WARNING: net/8021q/vlan_core.c:236 at vlan_for_each+0x114/0x134, CPU#0: avahi-daemon/301
[   24.789343] RTNL: assertion failed at net/8021q/vlan_core.c (236)
[   24.795536] Modules linked in: ecdh_generic ecc snd_soc_simple_card omap_aes_driver snd_soc_simple_card_utils pm33xx omap_sham omap_crypto libaes crypto_engine ti_emif_sram tilcdc omap_rng drm_dma_helper rng_core drm_client_lib snd_soc_davinci_mcasp snd_soc_ti_udma snd_soc_ti_edma snd_soc_ti_sdma snd_soc_core snd_pcm_dmaengine snd_pcm snd_timer omap_mailbox snd musb_dsps soundcore musb_hdrc udc_core tda998x usbcore cec drm_kms_helper phy_am335x phy_generic wkup_m3_ipc cppi41 usb_common drm tps65218_pwrbutton phy_am335x_control drm_panel_orientation_quirks at24 omap_wdt rtc_omap wkup_m3_rproc watchdog leds_gpio led_class cpufreq_dt autofs4
[   24.852718] CPU: 0 UID: 107 PID: 301 Comm: avahi-daemon Not tainted 6.18.0-rc4-next-20251104 #1 NONE 
[   24.852736] Hardware name: Generic AM33XX (Flattened Device Tree)
[   24.852745] Call trace: 
[   24.852762]  unwind_backtrace from show_stack+0x10/0x14
[   24.852799]  show_stack from dump_stack_lvl+0x50/0x64
[   24.852824]  dump_stack_lvl from __warn+0x88/0x148
[   24.852842]  __warn from warn_slowpath_fmt+0x19c/0x1b0
[   24.852856]  warn_slowpath_fmt from vlan_for_each+0x114/0x134
[   24.852877]  vlan_for_each from cpsw_add_mc_addr+0x40/0xa4
[   24.852908]  cpsw_add_mc_addr from __hw_addr_ref_sync_dev+0x108/0x140
[   24.852927]  __hw_addr_ref_sync_dev from __dev_mc_add+0x7c/0x80
[   24.852941]  __dev_mc_add from igmp6_group_added+0xc8/0xe0
[   24.852970]  igmp6_group_added from __ipv6_dev_mc_inc+0x218/0x364
[   24.852992]  __ipv6_dev_mc_inc from __ipv6_sock_mc_join+0x11c/0x1c0
[   24.853013]  __ipv6_sock_mc_join from do_ipv6_setsockopt+0x1214/0x1310
[   24.853032]  do_ipv6_setsockopt from ipv6_setsockopt+0x60/0xcc
[   24.853045]  ipv6_setsockopt from udpv6_setsockopt+0x2c/0x6c
[   24.853060]  udpv6_setsockopt from sock_common_setsockopt+0x30/0x40
[   24.853080]  sock_common_setsockopt from do_sock_setsockopt+0x50/0x9c
[   24.853105]  do_sock_setsockopt from __sys_setsockopt+0x70/0xbc
[   24.853131]  __sys_setsockopt from ret_fast_syscall+0x0/0x58
[   24.853150] Exception stack(0xe02ddfa8 to 0xe02ddff0)
[   24.853165] dfa0:                   00000014 b6fa6ce8 0000000d 00000029 00000014 beca59ec
[   24.853177] dfc0: 00000014 b6fa6ce8 00000014 00000126 0000000d b6f4fff4 0052e988 00516558
[   24.853186] dfe0: b6f65088 beca59d8 b6f42309 b6e1941a
[   24.853193] ---[ end trace 0000000000000000 ]---
[   25.183069] Bluetooth: Core ver 2.22
[   25.186920] NET: Registered PF_BLUETOOTH protocol family
[   25.192404] Bluetooth: HCI device and connection manager initialized
[   25.198821] Bluetooth: HCI socket layer initialized
[   25.203768] Bluetooth: L2CAP socket layer initialized
[   25.208880] Bluetooth: SCO socket layer initialized
[   27.488673] tda998x 0-0070: using DT '/ocp/interconnect@44c00000/segment@200000/target-module@b000/i2c@0/tda19988@70' for 'nxp,calib' GPIO lookup
[   27.488837] of_get_named_gpiod_flags: parsed 'nxp,calib-gpios' property of node '/ocp/interconnect@44c00000/segment@200000/target-module@b000/i2c@0/tda19988@70[0]' - status (0)
[   27.488926] gpio gpiochip0: Persistence not supported for GPIO 25
[   27.488942] gpio-537 (nxp,calib): no flags found for GPIO nxp,calib
[   27.513513] gpio-537 (nxp,calib): gpiod_direction_output_nonotify: tried to set a GPIO tied to an IRQ as output
[   27.628373] PM: Cannot get wkup_m3_ipc handle
[   27.634431] asoc-simple-card sound: using DT '/sound' for 'simple-audio-card,hp-det' GPIO lookup
[   27.634504] of_get_named_gpiod_flags: can't parse 'simple-audio-card,hp-det-gpios' property of node '/sound[0]'
[   27.634540] of_get_named_gpiod_flags: can't parse 'simple-audio-card,hp-det-gpio' property of node '/sound[0]'
[   27.634566] asoc-simple-card sound: using lookup tables for GPIO lookup
[   27.634581] asoc-simple-card sound: No GPIO consumer simple-audio-card,hp-det found
[   27.634595] asoc-simple-card sound: using DT '/sound' for 'simple-audio-card,mic-det' GPIO lookup
[   27.634620] of_get_named_gpiod_flags: can't parse 'simple-audio-card,mic-det-gpios' property of node '/sound[0]'
[   27.634647] of_get_named_gpiod_flags: can't parse 'simple-audio-card,mic-det-gpio' property of node '/sound[0]'
[   27.634666] asoc-simple-card sound: using lookup tables for GPIO lookup
[   27.634678] asoc-simple-card sound: No GPIO consumer simple-audio-card,mic-det found
[   27.801381] PM: Cannot get wkup_m3_ipc handle
[   27.862189] tda9950 0-0034: TDA9950 CEC interface, hardware version 3.3
[   27.985362] PM: Cannot get wkup_m3_ipc handle
[   30.395697] userial_init: registered 8 ttyGS* devices
[   30.762740] rndis_register: configNr = 0
[   30.819644] udc musb-hdrc.0: binding gadget driver [g_multi]
[   30.819751] configfs-gadget.g_multi gadget.0: adding 'rndis'/31fe8a76 to config 'c'/dc565241
[   30.820920] configfs-gadget.g_multi gadget.0: HOST MAC 1c:ba:8c:a2:ed:6c
[   30.827969] configfs-gadget.g_multi gadget.0: MAC 1c:ba:8c:a2:ed:70
[   30.834417] rndis_set_param_medium: 0 0
[   30.834440] configfs-gadget.g_multi gadget.0: RNDIS: IN/ep1in OUT/ep1out NOTIFY/ep2in
[   30.834459] configfs-gadget.g_multi gadget.0: adding 'cdc_ethernet'/d84388c4 to config 'c'/dc565241
[   30.835391] configfs-gadget.g_multi gadget.0: HOST MAC 1c:ba:8c:a2:ed:6c
[   30.842246] configfs-gadget.g_multi gadget.0: MAC 1c:ba:8c:a2:ed:6d
[   30.848592] configfs-gadget.g_multi gadget.0: CDC Ethernet: IN/ep3in OUT/ep2out NOTIFY/ep4in
[   30.848611] configfs-gadget.g_multi gadget.0: adding 'acm'/6f2a80a2 to config 'c'/dc565241
[   30.848647] configfs-gadget.g_multi gadget.0: acm ttyGS0: IN/ep5in OUT/ep3out NOTIFY/ep6in
[   30.850276] PM: Cannot get wkup_m3_ipc handle
[   32.677149] configfs-gadget.g_multi gadget.0: eth_open
[   36.355942] gs_open: ttyGS0 (03e2e93c,7f11c403)
[   36.356097] gs_close: ttyGS0 (03e2e93c,7f11c403) ...
[   36.356121] gs_close: ttyGS0 (03e2e93c,7f11c403) done!
[   36.356293] gs_open: ttyGS0 (4b11b1ff,7f11c403)
[   36.356362] gs_close: ttyGS0 (4b11b1ff,7f11c403) ...
[   36.356380] gs_close: ttyGS0 (4b11b1ff,7f11c403) done!
[   36.546872] gs_open: ttyGS0 (e30043fe,ff885f62)
[   36.547109] gs_close: ttyGS0 (e30043fe,ff885f62) ...
[   36.547138] gs_close: ttyGS0 (e30043fe,ff885f62) done!
[   36.548511] gs_open: ttyGS0 (e30043fe,ff885f62)
KMSHYAVMXF 0
root@arm:~# echo 'XUAB''MYHHQY'
XUABMYHHQY
root@arm:~# MARKER='BETK''QLQUTG' run 'modprobe test_linear_ranges'
BETKQLQUTGBETKQLQUTG 0
root@arm:~# echo 'KBAW''OBXMBX'
KBAWOBXMBX
root@arm:~# MARKER='AXAC''BQQUOF' run dmesg
AXACBQQUOF[    0.000000] Booting Linux on physical CPU 0x0
[    0.000000] Linux version 6.18.0-rc4-next-20251104 (user01@drvtest01) (arm-none-eabi-gcc (Arm GNU Toolchain 14.2.Rel1 (Build arm-14.52)) 14.2.1 20241119, GNU ld (Arm GNU Toolchain 14.2.Rel1 (Build arm-14.52)) 2.43.1.20241119) #1 SMP Tue Nov  4 12:05:07 EET 2025
[    0.000000] CPU: ARMv7 Processor [413fc082] revision 2 (ARMv7), cr=10c5387d
[    0.000000] CPU: PIPT / VIPT nonaliasing data cache, VIPT aliasing instruction cache
[    0.000000] OF: fdt: Machine model: TI AM335x BeagleBone Black
[    0.000000] Memory policy: Data cache writeback
[    0.000000] cma: Reserved 16 MiB at 0x9e800000
[    0.000000] Zone ranges:
[    0.000000]   Normal   [mem 0x0000000080000000-0x000000009fdfffff]
[    0.000000]   HighMem  empty
[    0.000000] Movable zone start for each node
[    0.000000] Early memory node ranges
[    0.000000]   node   0: [mem 0x0000000080000000-0x000000009fdfffff]
[    0.000000] Initmem setup node 0 [mem 0x0000000080000000-0x000000009fdfffff]
[    0.000000] On node 0, zone Normal: 512 pages in unavailable ranges
[    0.000000] OF: reserved mem: Reserved memory: No reserved-memory node in the DT
[    0.000000] CPU: All CPU(s) started in SVC mode.
[    0.000000] AM335X ES2.1 (sgx neon)
[    0.000000] percpu: Embedded 17 pages/cpu s39948 r8192 d21492 u69632
[    0.000000] pcpu-alloc: s39948 r8192 d21492 u69632 alloc=17*4096
[    0.000000] pcpu-alloc: [0] 0 
[    0.000000] Kernel command line: console=ttyO0,115200n8 root=/dev/nfs rw nfsroot=192.168.255.126:/home/user01/nfs,nfsvers=3 ip=192.168.255.1:192.168.255.126::255.255.255.0:bbb1:eth0 nfsrootdebug
[    0.000000] Unknown kernel command line parameters "nfsrootdebug", will be passed to user space.
[    0.000000] printk: log buffer data + meta data: 65536 + 204800 = 270336 bytes
[    0.000000] Dentry cache hash table entries: 65536 (order: 6, 262144 bytes, linear)
[    0.000000] Inode-cache hash table entries: 32768 (order: 5, 131072 bytes, linear)
[    0.000000] Built 1 zonelists, mobility grouping on.  Total pages: 130560
[    0.000000] mem auto-init: stack:off, heap alloc:off, heap free:off
[    0.000000] SLUB: HWalign=16, Order=0-3, MinObjects=0, CPUs=1, Nodes=1
[    0.000000] rcu: Hierarchical RCU implementation.
[    0.000000] rcu: 	RCU event tracing is enabled.
[    0.000000] rcu: 	RCU restricting CPUs from NR_CPUS=2 to nr_cpu_ids=1.
[    0.000000] 	Tracing variant of Tasks RCU enabled.
[    0.000000] rcu: RCU calculated value of scheduler-enlistment delay is 10 jiffies.
[    0.000000] rcu: Adjusting geometry for rcu_fanout_leaf=16, nr_cpu_ids=1
[    0.000000] RCU Tasks Trace: Setting shift to 0 and lim to 1 rcu_task_cb_adjust=1 rcu_task_cpu_ids=1.
[    0.000000] NR_IRQS: 16, nr_irqs: 16, preallocated irqs: 16
[    0.000000] IRQ: Found an INTC at 0x(ptrval) (revision 5.0) with 128 interrupts
[    0.000000] rcu: srcu_init: Setting srcu_struct sizes based on contention.
[    0.000000] TI gptimer clocksource: always-on /ocp/interconnect@44c00000/segment@200000/target-module@31000
[    0.000003] sched_clock: 32 bits at 24MHz, resolution 41ns, wraps every 89478484971ns
[    0.000027] clocksource: dmtimer: mask: 0xffffffff max_cycles: 0xffffffff, max_idle_ns: 79635851949 ns
[    0.000497] TI gptimer clockevent: 24000000 Hz at /ocp/interconnect@48000000/segment@0/target-module@40000
[    0.002055] Console: colour dummy device 80x30
[    0.002121] WARNING: Your 'console=ttyO0' has been replaced by 'ttyS0'
[    0.002130] This ensures that you still see kernel messages. Please
[    0.002134] update your kernel commandline.
[    0.002175] Calibrating delay loop... 996.14 BogoMIPS (lpj=4980736)
[    0.090608] CPU: Testing write buffer coherency: ok
[    0.090693] CPU0: Spectre v2: using BPIALL workaround
[    0.090702] pid_max: default: 32768 minimum: 301
[    0.091009] Mount-cache hash table entries: 1024 (order: 0, 4096 bytes, linear)
[    0.091030] Mountpoint-cache hash table entries: 1024 (order: 0, 4096 bytes, linear)
[    0.092622] CPU0: thread -1, cpu 0, socket -1, mpidr 0
[    0.092680] cacheinfo: Unable to detect cache hierarchy for CPU 0
[    0.094666] Setting up static identity map for 0x80100000 - 0x80100078
[    0.094983] rcu: Hierarchical SRCU implementation.
[    0.094992] rcu: 	Max phase no-delay instances is 1000.
[    0.096704] smp: Bringing up secondary CPUs ...
[    0.096757] smp: Brought up 1 node, 1 CPU
[    0.096769] SMP: Total of 1 processors activated (996.14 BogoMIPS).
[    0.096781] CPU: All CPU(s) started in SVC mode.
[    0.096988] Memory: 479952K/522240K available (12288K kernel code, 1224K rwdata, 2956K rodata, 1024K init, 258K bss, 24360K reserved, 16384K cma-reserved, 0K highmem)
[    0.097804] devtmpfs: initialized
[    0.115106] VFP support v0.3: implementor 41 architecture 3 part 30 variant c rev 3
[    0.115777] clocksource: jiffies: mask: 0xffffffff max_cycles: 0xffffffff, max_idle_ns: 19112604462750000 ns
[    0.115831] posixtimers hash table entries: 512 (order: 0, 4096 bytes, linear)
[    0.115856] futex hash table entries: 256 (16384 bytes on 1 NUMA nodes, total 16 KiB, linear).
[    0.119058] NET: Registered PF_NETLINK/PF_ROUTE protocol family
[    0.122221] DMA: preallocated 256 KiB pool for atomic coherent allocations
[    0.122819] audit: initializing netlink subsys (disabled)
[    0.124146] thermal_sys: Registered thermal governor 'fair_share'
[    0.124162] thermal_sys: Registered thermal governor 'step_wise'
[    0.124171] thermal_sys: Registered thermal governor 'user_space'
[    0.124285] audit: type=2000 audit(0.120:1): state=initialized audit_enabled=0 res=1
[    0.124357] cpuidle: using governor menu
[    0.142536] /ocp/interconnect@44c00000/segment@200000/target-module@b000/i2c@0/tda19988@70: Fixed dependency cycle(s) with /ocp/interconnect@48000000/segment@300000/target-module@e000/lcdc@0
[    0.143634] /ocp/interconnect@48000000/segment@300000/target-module@e000/lcdc@0: Fixed dependency cycle(s) with /ocp/interconnect@44c00000/segment@200000/target-module@b000/i2c@0/tda19988@70
[    0.145840] No ATAGs?
[    0.145876] hw-breakpoint: debug architecture 0x4 unsupported.
[    0.148932] kprobes: kprobe jump-optimization is enabled. All kprobes are optimized if possible.
[    0.153950] iommu: Default domain type: Translated
[    0.153974] iommu: DMA domain TLB invalidation policy: strict mode
[    0.155540] reg-fixed-voltage fixedregulator0: using DT '/fixedregulator0' for '(default)' GPIO lookup
[    0.155593] of_get_named_gpiod_flags: can't parse 'gpios' property of node '/fixedregulator0[0]'
[    0.155621] of_get_named_gpiod_flags: can't parse 'gpio' property of node '/fixedregulator0[0]'
[    0.155640] reg-fixed-voltage fixedregulator0: using lookup tables for GPIO lookup
[    0.155651] reg-fixed-voltage fixedregulator0: No GPIO consumer (default) found
[    0.161393] SCSI subsystem initialized
[    0.161873] libata version 3.00 loaded.
[    0.162258] pps_core: LinuxPPS API ver. 1 registered
[    0.162269] pps_core: Software ver. 5.3.6 - Copyright 2005-2007 Rodolfo Giometti <giometti@linux.it>
[    0.162294] PTP clock support registered
[    0.171337] vgaarb: loaded
[    0.171724] clocksource: Switched to clocksource dmtimer
[    0.172338] VFS: Disk quotas dquot_6.6.0
[    0.172396] VFS: Dquot-cache hash table entries: 1024 (order 0, 4096 bytes)
[    0.197042] NET: Registered PF_INET protocol family
[    0.197380] IP idents hash table entries: 8192 (order: 4, 65536 bytes, linear)
[    0.198792] tcp_listen_portaddr_hash hash table entries: 512 (order: 0, 4096 bytes, linear)
[    0.198825] Table-perturb hash table entries: 65536 (order: 6, 262144 bytes, linear)
[    0.198844] TCP established hash table entries: 4096 (order: 2, 16384 bytes, linear)
[    0.198890] TCP bind hash table entries: 4096 (order: 4, 65536 bytes, linear)
[    0.198991] TCP: Hash tables configured (established 4096 bind 4096)
[    0.199112] UDP hash table entries: 256 (order: 2, 14336 bytes, linear)
[    0.199146] UDP-Lite hash table entries: 256 (order: 2, 14336 bytes, linear)
[    0.199353] NET: Registered PF_UNIX/PF_LOCAL protocol family
[    0.203110] RPC: Registered named UNIX socket transport module.
[    0.203131] RPC: Registered udp transport module.
[    0.203137] RPC: Registered tcp transport module.
[    0.203142] RPC: Registered tcp-with-tls transport module.
[    0.203146] RPC: Registered tcp NFSv4.1 backchannel transport module.
[    0.203172] PCI: CLS 0 bytes, default 64
[    0.204590] Initialise system trusted keyrings
[    0.212406] workingset: timestamp_bits=14 max_order=17 bucket_order=3
[    0.213829] NFS: Registering the id_resolver key type
[    0.213885] Key type id_resolver registered
[    0.213892] Key type id_legacy registered
[    0.214005] jffs2: version 2.2. (NAND) (SUMMARY)  Â© 2001-2006 Red Hat, Inc.
[    0.214472] Key type asymmetric registered
[    0.214488] Asymmetric key parser 'x509' registered
[    0.214561] io scheduler mq-deadline registered
[    0.214571] io scheduler kyber registered
[    0.214656] io scheduler bfq registered
[    0.216521] target-module@4b000000:target-module@140000:pmu@0:fck: device ID is greater than 24
[    0.222509] ledtrig-cpu: registered to indicate activity on CPUs
[    0.232383] Serial: 8250/16550 driver, 6 ports, IRQ sharing enabled
[    0.265283] brd: module loaded
[    0.286124] loop: module loaded
[    0.287051] mtdoops: mtd device (mtddev=name/number) must be supplied
[    0.288588] mdio_bus fixed-0: using lookup tables for GPIO lookup
[    0.288609] mdio_bus fixed-0: No GPIO consumer reset found
[    0.290025] i2c_dev: i2c /dev entries driver
[    0.291049] cpuidle: enable-method property 'ti,am3352' found operations
[    0.291494] sdhci: Secure Digital Host Controller Interface driver
[    0.291505] sdhci: Copyright(c) Pierre Ossman
[    0.291822] sdhci-pltfm: SDHCI platform and OF driver helper
[    0.302092] hw perfevents: enabled with armv7_cortex_a8 PMU driver, 5 (8000000f) counters available
[    0.302655] Initializing XFRM netlink socket
[    0.302830] NET: Registered PF_INET6 protocol family
[    0.304844] Segment Routing with IPv6
[    0.304923] In-situ OAM (IOAM) with IPv6
[    0.305021] sit: IPv6, IPv4 and MPLS over IPv4 tunneling driver
[    0.305985] NET: Registered PF_PACKET protocol family
[    0.306003] PFKEY is deprecated and scheduled to be removed in 2027, please contact the netdev mailing list
[    0.306019] NET: Registered PF_KEY protocol family
[    0.306139] Key type dns_resolver registered
[    0.306372] ThumbEE CPU extension supported.
[    0.306392] Registering SWP/SWPB emulation handler
[    0.306919] omap_voltage_late_init: Voltage driver support not added
[    0.307595] SmartReflex Class3 initialized
[    0.348601] Loading compiled-in X.509 certificates
[    0.394746] /ocp/interconnect@44c00000/segment@200000/target-module@b000/i2c@0/tda19988@70: Fixed dependency cycle(s) with /ocp/interconnect@48000000/segment@300000/target-module@e000/lcdc@0
[    0.401117] /ocp/interconnect@44c00000/segment@200000/target-module@b000/i2c@0/tda19988@70: Fixed dependency cycle(s) with /ocp/interconnect@48000000/segment@300000/target-module@e000/lcdc@0
[    0.406819] gpiochip_find_base_unlocked: found new base at 512
[    0.428706] /ocp/interconnect@44c00000/segment@200000/target-module@b000/i2c@0/tda19988@70: Fixed dependency cycle(s) with /ocp/interconnect@48000000/segment@300000/target-module@e000/lcdc@0
[    0.429599] /ocp/interconnect@44c00000/segment@200000/target-module@b000/i2c@0/tda19988@70: Fixed dependency cycle(s) with /ocp/interconnect@48000000/segment@300000/target-module@e000/lcdc@0
[    0.433443] /ocp/interconnect@44c00000/segment@200000/target-module@10000/scm@0/pinmux@800: Fixed dependency cycle(s) with /ocp/interconnect@44c00000/segment@200000/target-module@10000/scm@0/pinmux@800/clkout2-pins
[    0.434041] pinctrl-single 44e10800.pinmux: 142 pins, size 568
[    0.439422] ti-sysc 44e31000.target-module: probe with driver ti-sysc failed with error -16
[    0.469547] /ocp/interconnect@48000000/segment@300000/target-module@e000/lcdc@0: Fixed dependency cycle(s) with /ocp/interconnect@44c00000/segment@200000/target-module@b000/i2c@0/tda19988@70
[    0.477949] ti-sysc 48040000.target-module: probe with driver ti-sysc failed with error -16
[    0.489596] gpiochip_find_base_unlocked: found new base at 512
[    0.489697] gpio gpiochip0: (gpio-0-31): created GPIO range 0->7 ==> 44e10800.pinmux PIN 0->7
[    0.489716] gpio gpiochip0: (gpio-0-31): created GPIO range 8->11 ==> 44e10800.pinmux PIN 90->93
[    0.489732] gpio gpiochip0: (gpio-0-31): created GPIO range 12->27 ==> 44e10800.pinmux PIN 12->27
[    0.489748] gpio gpiochip0: (gpio-0-31): created GPIO range 28->31 ==> 44e10800.pinmux PIN 30->33
[    0.514340] gpio gpiochip0: (gpio-0-31): added GPIO chardev (254:0)
[    0.514574] gpio gpiochip0: registered GPIOs 512 to 543 on gpio-0-31
[    0.514664] OMAP GPIO hardware version 0.1
[    0.561241] i2c i2c-2: using DT '/ocp/interconnect@48000000/segment@100000/target-module@9c000/i2c@0' for 'scl' GPIO lookup
[    0.561313] of_get_named_gpiod_flags: can't parse 'scl-gpios' property of node '/ocp/interconnect@48000000/segment@100000/target-module@9c000/i2c@0[0]'
[    0.561355] of_get_named_gpiod_flags: can't parse 'scl-gpio' property of node '/ocp/interconnect@48000000/segment@100000/target-module@9c000/i2c@0[0]'
[    0.561392] i2c i2c-2: using lookup tables for GPIO lookup
[    0.561403] i2c i2c-2: No GPIO consumer scl found
[    0.561424] i2c i2c-2: using DT '/ocp/interconnect@48000000/segment@100000/target-module@9c000/i2c@0' for 'sda' GPIO lookup
[    0.561460] of_get_named_gpiod_flags: can't parse 'sda-gpios' property of node '/ocp/interconnect@48000000/segment@100000/target-module@9c000/i2c@0[0]'
[    0.561496] of_get_named_gpiod_flags: can't parse 'sda-gpio' property of node '/ocp/interconnect@48000000/segment@100000/target-module@9c000/i2c@0[0]'
[    0.561527] i2c i2c-2: using lookup tables for GPIO lookup
[    0.561535] i2c i2c-2: No GPIO consumer sda found
[    0.562373] omap_i2c 4819c000.i2c: bus 2 rev0.11 at 100 kHz
[    0.568065] gpiochip_find_base_unlocked: found new base at 544
[    0.568182] gpio gpiochip1: (gpio-32-63): created GPIO range 0->17 ==> 44e10800.pinmux PIN 34->51
[    0.568203] gpio gpiochip1: (gpio-32-63): created GPIO range 18->21 ==> 44e10800.pinmux PIN 77->80
[    0.568219] gpio gpiochip1: (gpio-32-63): created GPIO range 22->31 ==> 44e10800.pinmux PIN 56->65
[    0.586896] gpio gpiochip1: (gpio-32-63): added GPIO chardev (254:1)
[    0.587120] gpio gpiochip1: registered GPIOs 544 to 575 on gpio-32-63
[    0.589438] gpiochip_find_base_unlocked: found new base at 576
[    0.589532] gpio gpiochip2: (gpio-64-95): created GPIO range 0->4 ==> 44e10800.pinmux PIN 66->70
[    0.589551] gpio gpiochip2: (gpio-64-95): created GPIO range 5->6 ==> 44e10800.pinmux PIN 98->99
[    0.589567] gpio gpiochip2: (gpio-64-95): created GPIO range 7->8 ==> 44e10800.pinmux PIN 75->76
[    0.589582] gpio gpiochip2: (gpio-64-95): created GPIO range 13->13 ==> 44e10800.pinmux PIN 141->141
[    0.589597] gpio gpiochip2: (gpio-64-95): created GPIO range 14->21 ==> 44e10800.pinmux PIN 100->107
[    0.590261] gpio gpiochip2: (gpio-64-95): added GPIO chardev (254:2)
[    0.590479] gpio gpiochip2: registered GPIOs 576 to 607 on gpio-64-95
[    0.596477] 48000000.interconnect:segment@200000:target-module@0:mpu@0:fck: device ID is greater than 24
[    0.597369] /ocp/interconnect@48000000/segment@300000/target-module@e000/lcdc@0: Fixed dependency cycle(s) with /ocp/interconnect@44c00000/segment@200000/target-module@b000/i2c@0/tda19988@70
[    0.600186] /ocp/interconnect@48000000/segment@300000/target-module@e000/lcdc@0: Fixed dependency cycle(s) with /ocp/interconnect@44c00000/segment@200000/target-module@b000/i2c@0/tda19988@70
[    0.600919] /ocp/interconnect@44c00000/segment@200000/target-module@b000/i2c@0/tda19988@70: Fixed dependency cycle(s) with /ocp/interconnect@48000000/segment@300000/target-module@e000/lcdc@0
[    0.601090] /ocp/interconnect@48000000/segment@300000/target-module@e000/lcdc@0: Fixed dependency cycle(s) with /ocp/interconnect@44c00000/segment@200000/target-module@b000/i2c@0/tda19988@70
[    0.608572] sdhci-omap 481d8000.mmc: using DT '/ocp/interconnect@48000000/segment@100000/target-module@d8000/mmc@0' for 'wp' GPIO lookup
[    0.608643] of_get_named_gpiod_flags: can't parse 'wp-gpios' property of node '/ocp/interconnect@48000000/segment@100000/target-module@d8000/mmc@0[0]'
[    0.608687] of_get_named_gpiod_flags: can't parse 'wp-gpio' property of node '/ocp/interconnect@48000000/segment@100000/target-module@d8000/mmc@0[0]'
[    0.608724] sdhci-omap 481d8000.mmc: using lookup tables for GPIO lookup
[    0.608735] sdhci-omap 481d8000.mmc: No GPIO consumer wp found
[    0.608933] sdhci-omap 481d8000.mmc: supply pbias not found, using dummy regulator
[    0.609417] sdhci-omap 481d8000.mmc: supply vqmmc not found, using dummy regulator
[    0.658561] mdio_bus 4a101000.mdio: using DT '/ocp/interconnect@4a000000/segment@0/target-module@100000/switch@0/mdio@1000' for 'reset' GPIO lookup
[    0.658633] of_get_named_gpiod_flags: can't parse 'reset-gpios' property of node '/ocp/interconnect@4a000000/segment@0/target-module@100000/switch@0/mdio@1000[0]'
[    0.658680] of_get_named_gpiod_flags: can't parse 'reset-gpio' property of node '/ocp/interconnect@4a000000/segment@0/target-module@100000/switch@0/mdio@1000[0]'
[    0.658728] mdio_bus 4a101000.mdio: using lookup tables for GPIO lookup
[    0.658739] mdio_bus 4a101000.mdio: No GPIO consumer reset found
[    0.717892] davinci_mdio 4a101000.mdio: davinci mdio revision 1.6, bus freq 1000000
[    0.735903] mdio_bus 4a101000.mdio:00: using DT '/ocp/interconnect@4a000000/segment@0/target-module@100000/switch@0/mdio@1000/ethernet-phy@0' for 'reset' GPIO lookup
[    0.736003] of_get_named_gpiod_flags: parsed 'reset-gpios' property of node '/ocp/interconnect@4a000000/segment@0/target-module@100000/switch@0/mdio@1000/ethernet-phy@0[0]' - status (0)
[    0.736169] gpio gpiochip0: Persistence not supported for GPIO 8
[    0.859538] davinci_mdio 4a101000.mdio: phy[0]: device 4a101000.mdio:00, driver SMSC LAN8710/LAN8720
[    0.860302] cpsw-switch 4a100000.switch: initialized cpsw ale version 1.4
[    0.860325] cpsw-switch 4a100000.switch: ALE Table size 1024, Policers 0
[    0.877363] cpsw-switch 4a100000.switch: cpts: overflow check period 500 (jiffies)
[    0.877386] cpsw-switch 4a100000.switch: CPTS: ref_clk_freq:250000000 calc_mult:2147483648 calc_shift:29 error:0 nsec/sec
[    0.877493] cpsw-switch 4a100000.switch: Detected MACID = 6c:ec:eb:68:de:78
[    0.879338] cpsw-switch 4a100000.switch: initialized (regs 0x4a100000, pool size 256) hw_ver:0019010C 1.12 (0)
[    0.916579] debugfs: '49000000.dma' already exists in 'dmaengine'
[    0.916621] edma 49000000.dma: TI EDMA DMA engine driver
[    0.957612] gpio-clk clk_mcasp0: using DT '/clk_mcasp0' for 'enable' GPIO lookup
[    0.957695] of_get_named_gpiod_flags: parsed 'enable-gpios' property of node '/clk_mcasp0[0]' - status (0)
[    0.957742] gpio gpiochip0: Persistence not supported for GPIO 27
[    0.958509] gpiochip_find_base_unlocked: found new base at 608
[    0.958624] gpio gpiochip3: (gpio-96-127): created GPIO range 0->7 ==> 44e10800.pinmux PIN 82->89
[    0.958644] gpio gpiochip3: (gpio-96-127): created GPIO range 8->11 ==> 44e10800.pinmux PIN 52->55
[    0.958660] gpio gpiochip3: (gpio-96-127): created GPIO range 12->15 ==> 44e10800.pinmux PIN 94->97
[    0.958676] gpio gpiochip3: (gpio-96-127): created GPIO range 16->17 ==> 44e10800.pinmux PIN 71->72
[    0.958691] gpio gpiochip3: (gpio-96-127): created GPIO range 18->18 ==> 44e10800.pinmux PIN 135->135
[    0.958709] gpio gpiochip3: (gpio-96-127): created GPIO range 19->20 ==> 44e10800.pinmux PIN 108->109
[    0.958734] gpio gpiochip3: (gpio-96-127): created GPIO range 21->21 ==> 44e10800.pinmux PIN 73->73
[    0.958752] gpio gpiochip3: (gpio-96-127): created GPIO range 22->23 ==> 44e10800.pinmux PIN 8->9
[    0.958769] gpio gpiochip3: (gpio-96-127): created GPIO range 26->27 ==> 44e10800.pinmux PIN 10->11
[    0.958786] gpio gpiochip3: (gpio-96-127): created GPIO range 28->28 ==> 44e10800.pinmux PIN 74->74
[    0.958804] gpio gpiochip3: (gpio-96-127): created GPIO range 29->29 ==> 44e10800.pinmux PIN 81->81
