Labgrid Console Logfile for main
Logfile started at 2025-06-04 18:38:48.457201
=== Log starts here ===
reading args
spl_load_image_fat_os: error reading image args, err - -1
reading u-boot.img
reading u-boot.img


U-Boot 2014.04-00014-g47880f5 (Apr 22 2014 - 13:23:54)

I2C:   ready
DRAM:  512 MiB
NAND:  0 MiB
MMC:   OMAP SD/MMC: 0, OMAP SD/MMC: 1
*** Warning - readenv() failed, using default environment

Net:   <ethaddr> not set. Validating first E-fuse MAC
cpsw, usb_ether
Hit any key to stop autoboot:  1  0 
gpio: pin 53 (gpio 53) value is 1
mmc0 is current device
gpio: pin 54 (gpio 54) value is 1
SD/MMC found on device 0
reading uEnv.txt
569 bytes read in 4 ms (138.7 KiB/s)
gpio: pin 55 (gpio 55) value is 1
Loaded environment from uEnv.txt
Importing environment from mmc ...
Checking if uenvcmd is set ...
gpio: pin 56 (gpio 56) value is 1
Running uenvcmd ...
cpsw Waiting for PHY auto negotiation to complete. done
link up on port 0, speed 100, full duplex
Using cpsw device
TFTP from server 192.168.255.126; our IP address is 192.168.255.1
Filename 'zImage'.
Load address: 0x81000000
Loading: *#################################################################
	 #################################################################
	 #################################################################
	 #################################################################
	 #################################################################
	 ####################################################
	 2.4 MiB/s
done
Bytes transferred = 5522888 (5445c8 hex)
link up on port 0, speed 100, full duplex
Using cpsw device
TFTP from server 192.168.255.126; our IP address is 192.168.255.1
Filename 'am335x-boneblack.dtb'.
Load address: 0x82000000
Loading: *#######
	 2.3 MiB/s
done
Bytes transferred = 98336 (18020 hex)
Kernel image @ 0x81000000 [ 0x000000 - 0x5445c8 ]
## Flattened Device Tree blob at 82000000
   Booting using the fdt blob at 0x82000000
   Using Device Tree in place at 82000000, end 8201b01f

Starting kernel ...

[    0.000000] Booting Linux on physical CPU 0x0
[    0.000000] Linux version 6.12.32 (user01@drvtest01) (arm-none-eabi-gcc (Arm GNU Toolchain 14.2.Rel1 (Build arm-14.52)) 14.2.1 20241119, GNU ld (Arm GNU Toolchain 14.2.Rel1 (Build arm-14.52)) 2.43.1.20241119) #1 SMP Wed Jun  4 18:35:24 EEST 2025
[    0.000000] CPU: ARMv7 Processor [413fc082] revision 2 (ARMv7), cr=10c5387d
[    0.000000] CPU: PIPT / VIPT nonaliasing data cache, VIPT aliasing instruction cache
[    0.000000] OF: fdt: Machine model: TI AM335x BeagleBone Black
[    0.000000] Memory policy: Data cache writeback
[    0.000000] cma: Reserved 16 MiB at 0x9e800000 on node -1
[    0.000000] Zone ranges:
[    0.000000]   Normal   [mem 0x0000000080000000-0x000000009fdfffff]
[    0.000000]   HighMem  empty
[    0.000000] Movable zone start for each node
[    0.000000] Early memory node ranges
[    0.000000]   node   0: [mem 0x0000000080000000-0x000000009fdfffff]
[    0.000000] Initmem setup node 0 [mem 0x0000000080000000-0x000000009fdfffff]
[    0.000000] OF: reserved mem: Reserved memory: No reserved-memory node in the DT
[    0.000000] CPU: All CPU(s) started in SVC mode.
[    0.000000] AM335X ES2.1 (sgx neon)
[    0.000000] percpu: Embedded 17 pages/cpu s40396 r8192 d21044 u69632
[    0.000000] Kernel command line: console=ttyO0,115200n8 root=/dev/nfs rw nfsroot=192.168.255.126:/home/user01/nfs,nfsvers=3 ip=192.168.255.1:192.168.255.126::255.255.255.0:bbb1:eth0 nfsrootdebug
[    0.000000] Unknown kernel command line parameters "nfsrootdebug", will be passed to user space.
[    0.000000] Dentry cache hash table entries: 65536 (order: 6, 262144 bytes, linear)
[    0.000000] Inode-cache hash table entries: 32768 (order: 5, 131072 bytes, linear)
[    0.000000] Built 1 zonelists, mobility grouping on.  Total pages: 130560
[    0.000000] mem auto-init: stack:off, heap alloc:off, heap free:off
[    0.000000] SLUB: HWalign=64, Order=0-3, MinObjects=0, CPUs=1, Nodes=1
[    0.000000] rcu: Hierarchical RCU implementation.
[    0.000000] rcu: 	RCU event tracing is enabled.
[    0.000000] rcu: 	RCU restricting CPUs from NR_CPUS=2 to nr_cpu_ids=1.
[    0.000000] rcu: RCU calculated value of scheduler-enlistment delay is 10 jiffies.
[    0.000000] rcu: Adjusting geometry for rcu_fanout_leaf=16, nr_cpu_ids=1
[    0.000000] NR_IRQS: 16, nr_irqs: 16, preallocated irqs: 16
[    0.000000] IRQ: Found an INTC at 0x(ptrval) (revision 5.0) with 128 interrupts
[    0.000000] rcu: srcu_init: Setting srcu_struct sizes based on contention.
[    0.000000] TI gptimer clocksource: always-on /ocp/interconnect@44c00000/segment@200000/target-module@31000
[    0.000002] sched_clock: 32 bits at 24MHz, resolution 41ns, wraps every 89478484971ns
[    0.000026] clocksource: dmtimer: mask: 0xffffffff max_cycles: 0xffffffff, max_idle_ns: 79635851949 ns
[    0.000493] TI gptimer clockevent: 24000000 Hz at /ocp/interconnect@48000000/segment@0/target-module@40000
[    0.002099] Console: colour dummy device 80x30
[    0.002161] WARNING: Your 'console=ttyO0' has been replaced by 'ttyS0'
[    0.002169] This ensures that you still see kernel messages. Please
[    0.002174] update your kernel commandline.
[    0.002217] Calibrating delay loop... 996.14 BogoMIPS (lpj=4980736)
[    0.090602] CPU: Testing write buffer coherency: ok
[    0.090683] CPU0: Spectre v2: using BPIALL workaround
[    0.090694] pid_max: default: 32768 minimum: 301
[    0.090821] LSM: initializing lsm=capability
[    0.090988] Mount-cache hash table entries: 1024 (order: 0, 4096 bytes, linear)
[    0.091008] Mountpoint-cache hash table entries: 1024 (order: 0, 4096 bytes, linear)
[    0.092561] CPU0: thread -1, cpu 0, socket -1, mpidr 0
[    0.170703] Setting up static identity map for 0x80100000 - 0x80100078
[    0.180677] rcu: Hierarchical SRCU implementation.
[    0.180688] rcu: 	Max phase no-delay instances is 1000.
[    0.200747] smp: Bringing up secondary CPUs ...
[    0.200803] smp: Brought up 1 node, 1 CPU
[    0.200817] SMP: Total of 1 processors activated (996.14 BogoMIPS).
[    0.200830] CPU: All CPU(s) started in SVC mode.
[    0.201023] Memory: 480868K/522240K available (11264K kernel code, 1211K rwdata, 2876K rodata, 1024K init, 295K bss, 23360K reserved, 16384K cma-reserved, 0K highmem)
[    0.201842] devtmpfs: initialized
[    0.217969] VFP support v0.3: implementor 41 architecture 3 part 30 variant c rev 3
[    0.218304] clocksource: jiffies: mask: 0xffffffff max_cycles: 0xffffffff, max_idle_ns: 19112604462750000 ns
[    0.218340] futex hash table entries: 256 (order: 2, 16384 bytes, linear)
[    0.219635] pinctrl core: initialized pinctrl subsystem
[    0.221960] NET: Registered PF_NETLINK/PF_ROUTE protocol family
[    0.224700] DMA: preallocated 256 KiB pool for atomic coherent allocations
[    0.225600] audit: initializing netlink subsys (disabled)
[    0.226960] thermal_sys: Registered thermal governor 'fair_share'
[    0.226976] thermal_sys: Registered thermal governor 'step_wise'
[    0.226984] thermal_sys: Registered thermal governor 'user_space'
[    0.227129] audit: type=2000 audit(0.220:1): state=initialized audit_enabled=0 res=1
[    0.227166] cpuidle: using governor menu
[    0.245068] /ocp/interconnect@44c00000/segment@200000/target-module@b000/i2c@0/tda19988@70: Fixed dependency cycle(s) with /ocp/interconnect@48000000/segment@300000/target-module@e000/lcdc@0
[    0.246163] /ocp/interconnect@48000000/segment@300000/target-module@e000/lcdc@0: Fixed dependency cycle(s) with /ocp/interconnect@44c00000/segment@200000/target-module@b000/i2c@0/tda19988@70
[    0.248325] No ATAGs?
[    0.248343] hw-breakpoint: debug architecture 0x4 unsupported.
[    0.251087] kprobes: kprobe jump-optimization is enabled. All kprobes are optimized if possible.
[    0.264269] iommu: Default domain type: Translated
[    0.264290] iommu: DMA domain TLB invalidation policy: strict mode
[    0.266981] SCSI subsystem initialized
[    0.271225] pps_core: LinuxPPS API ver. 1 registered
[    0.271236] pps_core: Software ver. 5.3.6 - Copyright 2005-2007 Rodolfo Giometti <giometti@linux.it>
[    0.271259] PTP clock support registered
[    0.273139] vgaarb: loaded
[    0.273478] clocksource: Switched to clocksource dmtimer
[    0.274117] VFS: Disk quotas dquot_6.6.0
[    0.274159] VFS: Dquot-cache hash table entries: 1024 (order 0, 4096 bytes)
[    0.299309] NET: Registered PF_INET protocol family
[    0.299647] IP idents hash table entries: 8192 (order: 4, 65536 bytes, linear)
[    0.301002] tcp_listen_portaddr_hash hash table entries: 512 (order: 0, 4096 bytes, linear)
[    0.301036] Table-perturb hash table entries: 65536 (order: 6, 262144 bytes, linear)
[    0.301054] TCP established hash table entries: 4096 (order: 2, 16384 bytes, linear)
[    0.301100] TCP bind hash table entries: 4096 (order: 4, 65536 bytes, linear)
[    0.301200] TCP: Hash tables configured (established 4096 bind 4096)
[    0.301322] UDP hash table entries: 256 (order: 1, 8192 bytes, linear)
[    0.301349] UDP-Lite hash table entries: 256 (order: 1, 8192 bytes, linear)
[    0.301515] NET: Registered PF_UNIX/PF_LOCAL protocol family
[    0.304638] RPC: Registered named UNIX socket transport module.
[    0.304658] RPC: Registered udp transport module.
[    0.304664] RPC: Registered tcp transport module.
[    0.304669] RPC: Registered tcp-with-tls transport module.
[    0.304674] RPC: Registered tcp NFSv4.1 backchannel transport module.
[    0.304700] PCI: CLS 0 bytes, default 64
[    0.306078] Initialise system trusted keyrings
[    0.314348] workingset: timestamp_bits=14 max_order=17 bucket_order=3
[    0.315596] NFS: Registering the id_resolver key type
[    0.315695] Key type id_resolver registered
[    0.315702] Key type id_legacy registered
[    0.315753] jffs2: version 2.2. (NAND) (SUMMARY)  Â© 2001-2006 Red Hat, Inc.
[    0.316156] Key type asymmetric registered
[    0.316171] Asymmetric key parser 'x509' registered
[    0.316241] io scheduler mq-deadline registered
[    0.316251] io scheduler kyber registered
[    0.316314] io scheduler bfq registered
[    0.317886] ledtrig-cpu: registered to indicate activity on CPUs
[    0.324188] Serial: 8250/16550 driver, 6 ports, IRQ sharing enabled
[    0.361531] brd: module loaded
[    0.380132] loop: module loaded
[    0.381036] mtdoops: mtd device (mtddev=name/number) must be supplied
[    0.384209] i2c_dev: i2c /dev entries driver
[    0.385185] cpuidle: enable-method property 'ti,am3352' found operations
[    0.385610] sdhci: Secure Digital Host Controller Interface driver
[    0.385618] sdhci: Copyright(c) Pierre Ossman
[    0.385789] sdhci-pltfm: SDHCI platform and OF driver helper
[    0.386779] Initializing XFRM netlink socket
[    0.386914] NET: Registered PF_INET6 protocol family
[    0.398725] Segment Routing with IPv6
[    0.398810] In-situ OAM (IOAM) with IPv6
[    0.398907] sit: IPv6, IPv4 and MPLS over IPv4 tunneling driver
[    0.399822] NET: Registered PF_PACKET protocol family
[    0.399858] NET: Registered PF_KEY protocol family
[    0.399994] Key type dns_resolver registered
[    0.400217] ThumbEE CPU extension supported.
[    0.400238] Registering SWP/SWPB emulation handler
[    0.400760] omap_voltage_late_init: Voltage driver support not added
[    0.401100] SmartReflex Class3 initialized
[    0.430448] Loading compiled-in X.509 certificates
[    0.475277] /ocp/interconnect@44c00000/segment@200000/target-module@b000/i2c@0/tda19988@70: Fixed dependency cycle(s) with /ocp/interconnect@48000000/segment@300000/target-module@e000/lcdc@0
[    0.481542] /ocp/interconnect@44c00000/segment@200000/target-module@b000/i2c@0/tda19988@70: Fixed dependency cycle(s) with /ocp/interconnect@48000000/segment@300000/target-module@e000/lcdc@0
[    0.501438] /ocp/interconnect@44c00000/segment@200000/target-module@b000/i2c@0/tda19988@70: Fixed dependency cycle(s) with /ocp/interconnect@48000000/segment@300000/target-module@e000/lcdc@0
[    0.502296] /ocp/interconnect@44c00000/segment@200000/target-module@b000/i2c@0/tda19988@70: Fixed dependency cycle(s) with /ocp/interconnect@48000000/segment@300000/target-module@e000/lcdc@0
[    0.505882] /ocp/interconnect@44c00000/segment@200000/target-module@10000/scm@0/pinmux@800: Fixed dependency cycle(s) with /ocp/interconnect@44c00000/segment@200000/target-module@10000/scm@0/pinmux@800/clkout2-pins
[    0.506471] pinctrl-single 44e10800.pinmux: 142 pins, size 568
[    0.511471] ti-sysc 44e31000.target-module: probe with driver ti-sysc failed with error -16
[    0.537652] /ocp/interconnect@48000000/segment@300000/target-module@e000/lcdc@0: Fixed dependency cycle(s) with /ocp/interconnect@44c00000/segment@200000/target-module@b000/i2c@0/tda19988@70
[    0.545380] ti-sysc 48040000.target-module: probe with driver ti-sysc failed with error -16
[    0.577533] OMAP GPIO hardware version 0.1
[    0.615480] omap_i2c 4819c000.i2c: bus 2 rev0.11 at 100 kHz
[    0.650978] 48000000.interconnect:segment@200000:target-module@0:mpu@0:fck: device ID is greater than 24
[    0.651860] /ocp/interconnect@48000000/segment@300000/target-module@e000/lcdc@0: Fixed dependency cycle(s) with /ocp/interconnect@44c00000/segment@200000/target-module@b000/i2c@0/tda19988@70
[    0.654806] /ocp/interconnect@48000000/segment@300000/target-module@e000/lcdc@0: Fixed dependency cycle(s) with /ocp/interconnect@44c00000/segment@200000/target-module@b000/i2c@0/tda19988@70
[    0.655506] /ocp/interconnect@44c00000/segment@200000/target-module@b000/i2c@0/tda19988@70: Fixed dependency cycle(s) with /ocp/interconnect@48000000/segment@300000/target-module@e000/lcdc@0
[    0.655674] /ocp/interconnect@48000000/segment@300000/target-module@e000/lcdc@0: Fixed dependency cycle(s) with /ocp/interconnect@44c00000/segment@200000/target-module@b000/i2c@0/tda19988@70
[    0.666720] sdhci-omap 481d8000.mmc: supply pbias not found, using dummy regulator
[    0.667218] sdhci-omap 481d8000.mmc: supply vqmmc not found, using dummy regulator
[    0.729630] davinci_mdio 4a101000.mdio: davinci mdio revision 1.6, bus freq 1000000
[    0.847367] davinci_mdio 4a101000.mdio: phy[0]: device 4a101000.mdio:00, driver SMSC LAN8710/LAN8720
[    0.848121] cpsw-switch 4a100000.switch: initialized cpsw ale version 1.4
[    0.848142] cpsw-switch 4a100000.switch: ALE Table size 1024, Policers 0
[    0.848287] cpsw-switch 4a100000.switch: cpts: overflow check period 500 (jiffies)
[    0.848302] cpsw-switch 4a100000.switch: CPTS: ref_clk_freq:250000000 calc_mult:2147483648 calc_shift:29 error:0 nsec/sec
[    0.848406] cpsw-switch 4a100000.switch: Detected MACID = 6c:ec:eb:68:de:78
[    0.850205] cpsw-switch 4a100000.switch: initialized (regs 0x4a100000, pool size 256) hw_ver:0019010C 1.12 (0)
[    0.860999] debugfs: Directory '49000000.dma' with parent 'dmaengine' already present!
[    0.861040] edma 49000000.dma: TI EDMA DMA engine driver
[    0.907867] target-module@4b000000:target-module@140000:pmu@0:fck: device ID is greater than 24
[    0.909693] hw perfevents: enabled with armv7_cortex_a8 PMU driver, 5 (8000000f) counters available
[    0.917233] l3-aon-clkctrl:0000:0: failed to disable
[    0.930970] 44e09000.serial: ttyS0 at MMIO 0x44e09000 (irq = 34, base_baud = 3000000) is a 8250
[    0.931060] printk: legacy console [ttyS0] enabled
[    2.404437] tps65217-pmic: Failed to locate of_node [id: -1]
[    2.410485] tps65217-bl: Failed to locate of_node [id: -1]
[    2.421771] tps65217 0-0024: TPS65217 ID 0xe version 1.2
[    2.427888] /ocp/interconnect@48000000/segment@300000/target-module@e000/lcdc@0: Fixed dependency cycle(s) with /ocp/interconnect@44c00000/segment@200000/target-module@b000/i2c@0/tda19988@70
[    2.445230] /ocp/interconnect@44c00000/segment@200000/target-module@b000/i2c@0/tda19988@70: Fixed dependency cycle(s) with /ocp/interconnect@48000000/segment@300000/target-module@e000/lcdc@0
[    2.462591] omap_i2c 44e0b000.i2c: bus 0 rev0.11 at 400 kHz
[    2.470578] omap_gpio 44e07000.gpio: Could not set line 6 debounce to 200000 microseconds (-22)
[    2.479456] sdhci-omap 48060000.mmc: Got CD GPIO
[    2.484491] sdhci-omap 48060000.mmc: supply pbias not found, using dummy regulator
[    2.494343] sdhci-omap 48060000.mmc: supply vqmmc not found, using dummy regulator
[    2.502888] sdhci-omap 481d8000.mmc: supply pbias not found, using dummy regulator
[    2.511496] sdhci-omap 481d8000.mmc: supply vqmmc not found, using dummy regulator
[    2.550060] mmc1: SDHCI controller on 481d8000.mmc [481d8000.mmc] using External DMA
[    2.559082] mmc0: SDHCI controller on 48060000.mmc [48060000.mmc] using External DMA
[    2.567963] cpsw-switch 4a100000.switch: starting ndev. mode: dual_mac
[    2.612722] mmc0: new high speed SDHC card at address 5048
[    2.619790] mmcblk0: mmc0:5048 SD16G 14.4 GiB
[    2.627799]  mmcblk0: p1 p2
[    2.631176] mmcblk0: p2 size 31221760 extends beyond EOD, truncated
[    2.644725] SMSC LAN8710/LAN8720 4a101000.mdio:00: attached PHY driver (mii_bus:phy_addr=4a101000.mdio:00, irq=POLL)
[    2.656870] mmc1: new high speed MMC card at address 0001
[    2.663764] mmcblk1: mmc1:0001 MMC04G 3.60 GiB
[    2.675514]  mmcblk1: p1 p2
[    2.679759] mmcblk1boot0: mmc1:0001 MMC04G 2.00 MiB
[    2.686897] mmcblk1boot1: mmc1:0001 MMC04G 2.00 MiB
[    2.694149] mmcblk1rpmb: mmc1:0001 MMC04G 128 KiB, chardev (250:0)
[    5.844258] cpsw-switch 4a100000.switch eth0: Link is Up - 100Mbps/Full - flow control off
[    5.883709] IP-Config: Complete:
[    5.886982]      device=eth0, hwaddr=6c:ec:eb:68:de:78, ipaddr=192.168.255.1, mask=255.255.255.0, gw=255.255.255.255
[    5.897646]      host=bbb1, domain=, nis-domain=(none)
[    5.902814]      bootserver=192.168.255.126, rootserver=192.168.255.126, rootpath=
[    5.903250] clk: Disabling unused clocks
[    5.915107] PM: genpd: Disabling unused power domains
[    5.920225] KTAP version 1
[    5.922946] 1..0
[    5.946477] VFS: Mounted root (nfs filesystem) on device 0:17.
[    5.953242] devtmpfs: mounted
[    5.957966] Freeing unused kernel image (initmem) memory: 1024K
[    5.964724] Run /sbin/init as init process
[    6.651576] systemd[1]: System time before build time, advancing clock.
[    8.133497] random: crng init done
[    8.175212] systemd[1]: systemd 232 running in system mode. (+PAM +AUDIT +SELINUX +IMA +APPARMOR +SMACK +SYSVINIT +UTMP +LIBCRYPTSETUP +GCRYPT +GNUTLS +ACL +XZ +LZ4 +SECCOMP +BLKID +ELFUTILS +KMOD +IDN)
[    8.194339] systemd[1]: Detected architecture arm.

Welcome to [1mDebian GNU/Linux 9 (stretch)[0m!

[    8.226430] systemd[1]: Set hostname to <arm>.
[    9.286521] systemd[1]: Reached target Swap.
[[0;32m  OK  [0m] Reached target Swap.
[    9.305416] systemd[1]: Listening on /dev/initctl Compatibility Named Pipe.
[[0;32m  OK  [0m] Listening on /dev/initctl Compatibility Named Pipe.
[    9.335109] systemd[1]: Created slice System Slice.
[[0;32m  OK  [0m] Created slice System Slice.
[    9.364028] systemd[1]: dev-hugepages.mount: Couldn't determine result for ConditionVirtualization=!private-users, assuming failed: No such file or directory
[    9.380236] systemd[1]: Listening on Journal Socket (/dev/log).
[[0;32m  OK  [0m] Listening on Journal Socket (/dev/log).
[    9.404526] systemd[1]: Listening on Journal Audit Socket.
[[0;32m  OK  [0m] Listening on Journal Audit Socket.
[    9.434421] systemd[1]: Started Dispatch Password Requests to Console Directory Watch.
[[0;32m  OK  [0m] Started Dispatch Password Requests to Console Directory Watch.
[[0;32m  OK  [0m] Started Forward Password Requests to Wall Directory Watch.
[[0;32m  OK  [0m] Reached target Paths.
[[0;32m  OK  [0m] Created slice system-getty.slice.
[[0;32m  OK  [0m] Listening on udev Kernel Socket.
[[0;32m  OK  [0m] Listening on udev Control Socket.
[[0;32m  OK  [0m] Reached target Remote File Systems.
[[0;32m  OK  [0m] Set up automount Arbitrary Executabâ€¦rmats File System Automount Point.
[[0;32m  OK  [0m] Created slice User and Session Slice.
         Mounting POSIX Message Queue File System...
[[0;32m  OK  [0m] Reached target Slices.
[[0;32m  OK  [0m] Created slice system-serial\x2dgetty.slice.
[[0;32m  OK  [0m] Listening on Journal Socket.
         Starting Create list of required stâ€¦ce nodes for the current kernel...
         Starting Remount Root and Kernel File Systems...
         Mounting Debug File System...
[[0;32m  OK  [0m] Reached target Encrypted Volumes.
[[0;32m  OK  [0m] Listening on Syslog Socket.
         Starting Journal Service...
         Starting Load Kernel Modules...
[[0;32m  OK  [0m] Mounted POSIX Message Queue File System.
[[0;32m  OK  [0m] Mounted Debug File System.
[[0;32m  OK  [0m] Started Create list of required staâ€¦vice nodes for the current kernel.
[[0;32m  OK  [0m] Started Remount Root and Kernel File Systems.
         Starting udev Coldplug all Devices...
         Starting Load/Save Random Seed...
         Starting Create Static Device Nodes in /dev...
[[0;32m  OK  [0m] Started Load Kernel Modules.
         Starting Apply Kernel Variables...
         Mounting Configuration File System...
[[0;32m  OK  [0m] Started Load/Save Random Seed.
[[0;32m  OK  [0m] Mounted Configuration File System.
[[0;32m  OK  [0m] Started Apply Kernel Variables.
[[0;32m  OK  [0m] Started Create Static Device Nodes in /dev.
         Starting udev Kernel Device Manager...
[[0;32m  OK  [0m] Reached target Local File Systems (Pre).
[[0;32m  OK  [0m] Reached target Local File Systems.
         Starting Raise network interfaces...
[[0;32m  OK  [0m] Started Journal Service.
         Starting Flush Journal to Persistent Storage...
[   11.789846] systemd-journald[86]: Received request to flush runtime journal from PID 1
[[0;32m  OK  [0m] Started Flush Journal to Persistent Storage.
         Starting Create Volatile Files and Directories...
[[0;32m  OK  [0m] Started udev Kernel Device Manager.
[[0;32m  OK  [0m] Started Create Volatile Files and Directories.
         Starting Network Time Synchronization...
         Starting Update UTMP about System Boot/Shutdown...
[[0;32m  OK  [0m] Started udev Coldplug all Devices.
[   14.521798] remoteproc remoteproc0: wkup_m3 is available
[[0;32m  OK  [0m] Started Update UTMP about System Boot/Shutdown.
[   14.702227] omap_rtc 44e3e000.rtc: registered as rtc0
[   14.707659] omap_rtc 44e3e000.rtc: setting system clock to 2000-01-01T00:00:00 UTC (946684800)
[   14.800162] omap_wdt: OMAP Watchdog Timer Rev 0x01: initial timeout 60 sec
[   15.310455] tps6521x_pwrbutton tps65217-pwrbutton: DMA mask not set
[   15.327154] at24 2-0054: supply vcc not found, using dummy regulator
[   15.346836] usbcore: registered new interface driver usbfs
[   15.352484] usbcore: registered new interface driver hub
[   15.358144] usbcore: registered new device driver usb
[   15.370040] am335x-phy-driver 47401300.usb-phy: dummy supplies not allowed for exclusive requests (id=vbus)
[   15.495916] input: tps65217_pwrbutton as /devices/platform/ocp/44c00000.interconnect/44c00000.interconnect:segment@200000/44e0b000.target-module/44e0b000.i2c/i2c-0/0-0024/tps65217-pwrbutton/input/input0
[   15.515195] at24 2-0055: supply vcc not found, using dummy regulator
[   15.539403] am335x-phy-driver 47401b00.usb-phy: dummy supplies not allowed for exclusive requests (id=vbus)
[   15.589230] at24 2-0056: supply vcc not found, using dummy regulator
[[0;32m  OK  [0m] Found device /dev/ttyS0.
[   15.685466] at24 2-0057: supply vcc not found, using dummy regulator
[   15.812508] at24 0-0050: 32768 byte 24c256 EEPROM, writable, 1 bytes/write
[   15.949106] wkup_m3_ipc 44e11324.wkup_m3_ipc: IPC Request for A8->M3 Channel failed! -517
[   16.348154] wkup_m3_ipc 44e11324.wkup_m3_ipc: IPC Request for A8->M3 Channel failed! -517
[   16.458320] musb-hdrc musb-hdrc.1: MUSB HDRC host driver
[   16.463981] musb-hdrc musb-hdrc.1: new USB bus registered, assigned bus number 1
[[0;32m  OK  [0m] Started Network Time Synchronization.
[   16.491817] wkup_m3_ipc 44e11324.wkup_m3_ipc: IPC Request for A8->M3 Channel failed! -517
[[0;32m  OK  [0m] Reached target System Time Synchronized.
[[0;32m  OK  [0m] Reached target System Initialization.
[   16.627998] usb usb1: New USB device found, idVendor=1d6b, idProduct=0002, bcdDevice= 6.12
[   16.638016] usb usb1: New USB device strings: Mfr=3, Product=2, SerialNumber=1
[   16.646839] usb usb1: Product: MUSB HDRC host driver
[   16.651847] usb usb1: Manufacturer: Linux 6.12.32 musb-hcd
[   16.657443] usb usb1: SerialNumber: musb-hdrc.1
[[0;32m  OK  [0m] Started Daily apt download activities.
[[0;32m  OK  [0m] Started Daily apt upgrade and clean activities.
[[0;32m  OK  [0m] Started Daily Cleanup of Temporary Directories.
[[0;32m  OK  [0m] Reached target Timers.
[[0;32m  OK  [0m] Listening on Avahi mDNS/DNS-SD Stack Activation Socket.
[[0;32m  OK  [0m] Listening on D-Bus System Message Bus Socket.
[[0;32m  OK  [0m] Reached target Sockets.
[[0;32m  OK  [0m] Reached target Basic System.
[   17.041180] omap-mailbox 480c8000.mailbox: omap mailbox rev 0x400
         Starting Generic Board Startup...
[   17.089192] hub 1-0:1.0: USB hub found
[   17.122336] remoteproc remoteproc0: powering up wkup_m3
[   17.139623] hub 1-0:1.0: 1 port detected
[   17.271440] remoteproc remoteproc0: Direct firmware load for am335x-pm-firmware.elf failed with error -2
[   17.281280] remoteproc remoteproc0: request_firmware failed: -2
[   17.287383] wkup_m3_ipc 44e11324.wkup_m3_ipc: rproc_boot failed
[   17.326026] tda998x 0-0070: found TDA19988
[[0;32m  OK  [0m] Started Regular background program processing daemon.
         Starting LSB: Load kernel modules needed to enable cpufreq scaling...
         Starting Telephony service...
[[0;32m  OK  [0m] Started D-Bus System Message Bus.
[   19.287972] omap_rng 48310000.rng: Random Number Generator ver. 20
[   19.429687] tilcdc 4830e000.lcdc: bound 0-0070 (ops tda998x_audio_codec_init [tda998x])
[   19.554244] [drm] Initialized tilcdc 1.0.0 for 4830e000.lcdc on minor 0
[   19.643376] tilcdc 4830e000.lcdc: [drm] Cannot find any crtc or sizes
[   19.653876] tilcdc 4830e000.lcdc: [drm] Cannot find any crtc or sizes
[   20.465762] PM: Cannot get wkup_m3_ipc handle
[   20.563057] omap-sham 53100000.sham: hw accel on OMAP rev 4.3
[   20.653762] omap-sham 53100000.sham: will run requests pump with realtime priority
[   20.662428] PM: Cannot get wkup_m3_ipc handle
[   20.766116] omap-aes 53500000.aes: OMAP AES hw accel rev: 3.2
[   20.895359] omap-aes 53500000.aes: will run requests pump with realtime priority
[   20.903966] PM: Cannot get wkup_m3_ipc handle
[[0;32m  OK  [0m] Started Telephony service.
         Starting Connection service...
         Starting Avahi mDNS/DNS-SD Stack...
         Starting LSB: Start busybox udhcpd at boot time...
         Starting DUN service...
         Starting Cape Manager Service...
         Starting Login Service...
         Starting System Logging Service...
[   23.048012] Bluetooth: Core ver 2.22
[   23.052739] NET: Registered PF_BLUETOOTH protocol family
[   23.059407] Bluetooth: HCI device and connection manager initialized
[   23.065959] Bluetooth: HCI socket layer initialized
[   23.070909] Bluetooth: L2CAP socket layer initialized
[   23.076105] Bluetooth: SCO socket layer initialized
[[0;32m  OK  [0m] Started System Logging Service.
[[0;32m  OK  [0m] Started Cape Manager Service.
[   24.894090] PM: Cannot get wkup_m3_ipc handle
[   25.030877] PM: Cannot get wkup_m3_ipc handle
[[0;32m  OK  [0m] Started LSB: Start busybox udhcpd at boot time.
[[0;32m  OK  [0m] Started LSB: Load kernel modules needed to enable cpufreq scaling.
[   28.058652] configfs-gadget.g_multi gadget.0: HOST MAC 1c:ba:8c:a2:ed:6c
[   28.065655] configfs-gadget.g_multi gadget.0: MAC 1c:ba:8c:a2:ed:70
[   28.073268] configfs-gadget.g_multi gadget.0: HOST MAC 1c:ba:8c:a2:ed:6c
[   28.080181] configfs-gadget.g_multi gadget.0: MAC 1c:ba:8c:a2:ed:6d
[   28.087410] PM: Cannot get wkup_m3_ipc handle
[[0;32m  OK  [0m] Started Raise network interfaces.
[[0;32m  OK  [0m] Started DUN service.
[[0;32m  OK  [0m] Started Avahi mDNS/DNS-SD Stack.
[[0;32m  OK  [0m] Started Connection service.
[[0;32m  OK  [0m] Started Login Service.
[[0;32m  OK  [0m] Reached target Sound Card.
[[0;32m  OK  [0m] Reached target Network.
         Starting Permit User Sessions...
         Starting The Apache HTTP Server...
         Starting OpenBSD Secure Shell server...
[[0;32m  OK  [0m] Reached target Network is Online.
         Starting LSB: Advanced IEEE 802.11 management daemon...
         Starting LSB: set CPUFreq kernel parameters...
[[0;32m  OK  [0m] Started Permit User Sessions.
[[0;32m  OK  [0m] Started LSB: Advanced IEEE 802.11 management daemon.
         Starting Hostname Service...
         Starting WPA supplicant...
[[0;32m  OK  [0m] Started Serial Getty on ttyS0.
[[0;32m  OK  [0m] Started Getty on tty1.
[[0;32m  OK  [0m] Reached target Login Prompts.
[[0;32m  OK  [0m] Started Hostname Service.
[[0;32m  OK  [0m] Started WPA supplicant.
[[0;32m  OK  [0m] Started LSB: set CPUFreq kernel parameters.
         Stopping LSB: Start busybox udhcpd at boot time...
[[0;32m  OK  [0m] Started OpenBSD Secure Shell server.
[[0;32m  OK  [0m] Stopped LSB: Start busybox udhcpd at boot time.
         Starting dnsmasq - A lightweight DHCP and caching DNS server...
[[0;32m  OK  [0m] Started The Apache HTTP Server.
[[0;32m  OK  [0m] Started dnsmasq - A lightweight DHCP and caching DNS server.
[[0;32m  OK  [0m] Reached target Host and Network Name Lookups.
[[0;32m  OK  [0m] Started Serial Getty on ttyGS0.
[[0;32m  OK  [0m] Started Generic Board Startup.
[[0;32m  OK  [0m] Reached target Multi-User System.
[[0;32m  OK  [0m] Reached target Graphical Interface.
         Starting Update UTMP about System Runlevel Changes...
[[0;32m  OK  [0m] Started Update UTMP about System Runlevel Changes.

Debian GNU/Linux 9 arm ttyS0

default username:password is [debian:temppwd]

arm login: root
Password: 
Last login: Sat Jan  1 00:00:29 UTC 2000 on ttyS0
root
Linux arm 6.12.32 #1 SMP Wed Jun  4 18:35:24 EEST 2025 armv7l

The programs included with the Debian GNU/Linux system are free software;
the exact distribution terms for each program are described in the
individual files in /usr/share/doc/*/copyright.

Debian GNU/Linux comes with ABSOLUTELY NO WARRANTY, to the extent
permitted by applicable law.
root@arm:~# root
dmesg -n 1
-bash: root: command not found
root@arm:~# dmesg -n 1
root@arm:~# echo 'PZGS''PVMKME'
PZGSPVMKME
root@arm:~# run() { echo -n "$MARKER"; sh -c "$@"; echo "$MARKER $?"; }
root@arm:~# echo 'BKKU''AGOBOO'
BKKUAGOBOO
root@arm:~# MARKER='MFHN''JLKYWL' run 'cat /proc/version'
MFHNJLKYWLLinux version 6.12.32 (user01@drvtest01) (arm-none-eabi-gcc (Arm GNU Toolchain 14.2.Rel1 (Build arm-14.52)) 14.2.1 20241119, GNU ld (Arm GNU Toolchain 14.2.Rel1 (Build arm-14.52)) 2.43.1.20241119) #1 SMP Wed Jun  4 18:35:24 EEST 2025
MFHNJLKYWL 0
root@arm:~# echo 'QWCE''LHALHT'
QWCELHALHT
root@arm:~# MARKER='NJNY''FXJGFF' run false
NJNYFXJGFFNJNYFXJGFF 1
root@arm:~# Labgrid Console Logfile for main
Logfile started at 2025-06-04 18:39:47.701238
=== Log starts here ===

root@arm:~# run() { echo -n "$MARKER"; sh -c "$@"; echo "$MARKER $?"; }
root@arm:~# echo 'HEWY''KONUCG'
HEWYKONUCG
root@arm:~# MARKER='JWVO''HBJFVX' run 'ls /iio_generic_buffer; echo $?'
JWVOHBJFVX/iio_generic_buffer
0
JWVOHBJFVX 0
root@arm:~# Labgrid Console Logfile for main
Logfile started at 2025-06-04 18:39:51.043056
=== Log starts here ===

root@arm:~# run() { echo -n "$MARKER"; sh -c "$@"; echo "$MARKER $?"; }
root@arm:~# echo 'TOBC''ZUTMCU'
TOBCZUTMCU
root@arm:~# MARKER='FLAG''VMTPXF' run dmesg
FLAGVMTPXF[    0.000000] Booting Linux on physical CPU 0x0
[    0.000000] Linux version 6.12.32 (user01@drvtest01) (arm-none-eabi-gcc (Arm GNU Toolchain 14.2.Rel1 (Build arm-14.52)) 14.2.1 20241119, GNU ld (Arm GNU Toolchain 14.2.Rel1 (Build arm-14.52)) 2.43.1.20241119) #1 SMP Wed Jun  4 18:35:24 EEST 2025
[    0.000000] CPU: ARMv7 Processor [413fc082] revision 2 (ARMv7), cr=10c5387d
[    0.000000] CPU: PIPT / VIPT nonaliasing data cache, VIPT aliasing instruction cache
[    0.000000] OF: fdt: Machine model: TI AM335x BeagleBone Black
[    0.000000] Memory policy: Data cache writeback
[    0.000000] cma: Reserved 16 MiB at 0x9e800000 on node -1
[    0.000000] Zone ranges:
[    0.000000]   Normal   [mem 0x0000000080000000-0x000000009fdfffff]
[    0.000000]   HighMem  empty
[    0.000000] Movable zone start for each node
[    0.000000] Early memory node ranges
[    0.000000]   node   0: [mem 0x0000000080000000-0x000000009fdfffff]
[    0.000000] Initmem setup node 0 [mem 0x0000000080000000-0x000000009fdfffff]
[    0.000000] OF: reserved mem: Reserved memory: No reserved-memory node in the DT
[    0.000000] CPU: All CPU(s) started in SVC mode.
[    0.000000] AM335X ES2.1 (sgx neon)
[    0.000000] percpu: Embedded 17 pages/cpu s40396 r8192 d21044 u69632
[    0.000000] pcpu-alloc: s40396 r8192 d21044 u69632 alloc=17*4096
[    0.000000] pcpu-alloc: [0] 0 
[    0.000000] Kernel command line: console=ttyO0,115200n8 root=/dev/nfs rw nfsroot=192.168.255.126:/home/user01/nfs,nfsvers=3 ip=192.168.255.1:192.168.255.126::255.255.255.0:bbb1:eth0 nfsrootdebug
[    0.000000] Unknown kernel command line parameters "nfsrootdebug", will be passed to user space.
[    0.000000] Dentry cache hash table entries: 65536 (order: 6, 262144 bytes, linear)
[    0.000000] Inode-cache hash table entries: 32768 (order: 5, 131072 bytes, linear)
[    0.000000] Built 1 zonelists, mobility grouping on.  Total pages: 130560
[    0.000000] mem auto-init: stack:off, heap alloc:off, heap free:off
[    0.000000] SLUB: HWalign=64, Order=0-3, MinObjects=0, CPUs=1, Nodes=1
[    0.000000] rcu: Hierarchical RCU implementation.
[    0.000000] rcu: 	RCU event tracing is enabled.
[    0.000000] rcu: 	RCU restricting CPUs from NR_CPUS=2 to nr_cpu_ids=1.
[    0.000000] rcu: RCU calculated value of scheduler-enlistment delay is 10 jiffies.
[    0.000000] rcu: Adjusting geometry for rcu_fanout_leaf=16, nr_cpu_ids=1
[    0.000000] NR_IRQS: 16, nr_irqs: 16, preallocated irqs: 16
[    0.000000] IRQ: Found an INTC at 0x(ptrval) (revision 5.0) with 128 interrupts
[    0.000000] rcu: srcu_init: Setting srcu_struct sizes based on contention.
[    0.000000] TI gptimer clocksource: always-on /ocp/interconnect@44c00000/segment@200000/target-module@31000
[    0.000002] sched_clock: 32 bits at 24MHz, resolution 41ns, wraps every 89478484971ns
[    0.000026] clocksource: dmtimer: mask: 0xffffffff max_cycles: 0xffffffff, max_idle_ns: 79635851949 ns
[    0.000493] TI gptimer clockevent: 24000000 Hz at /ocp/interconnect@48000000/segment@0/target-module@40000
[    0.002099] Console: colour dummy device 80x30
[    0.002161] WARNING: Your 'console=ttyO0' has been replaced by 'ttyS0'
[    0.002169] This ensures that you still see kernel messages. Please
[    0.002174] update your kernel commandline.
[    0.002217] Calibrating delay loop... 996.14 BogoMIPS (lpj=4980736)
[    0.090602] CPU: Testing write buffer coherency: ok
[    0.090683] CPU0: Spectre v2: using BPIALL workaround
[    0.090694] pid_max: default: 32768 minimum: 301
[    0.090821] LSM: initializing lsm=capability
[    0.090988] Mount-cache hash table entries: 1024 (order: 0, 4096 bytes, linear)
[    0.091008] Mountpoint-cache hash table entries: 1024 (order: 0, 4096 bytes, linear)
[    0.092561] CPU0: thread -1, cpu 0, socket -1, mpidr 0
[    0.170703] Setting up static identity map for 0x80100000 - 0x80100078
[    0.180677] rcu: Hierarchical SRCU implementation.
[    0.180688] rcu: 	Max phase no-delay instances is 1000.
[    0.200747] smp: Bringing up secondary CPUs ...
[    0.200803] smp: Brought up 1 node, 1 CPU
[    0.200817] SMP: Total of 1 processors activated (996.14 BogoMIPS).
[    0.200830] CPU: All CPU(s) started in SVC mode.
[    0.201023] Memory: 480868K/522240K available (11264K kernel code, 1211K rwdata, 2876K rodata, 1024K init, 295K bss, 23360K reserved, 16384K cma-reserved, 0K highmem)
[    0.201842] devtmpfs: initialized
[    0.217969] VFP support v0.3: implementor 41 architecture 3 part 30 variant c rev 3
[    0.218304] clocksource: jiffies: mask: 0xffffffff max_cycles: 0xffffffff, max_idle_ns: 19112604462750000 ns
[    0.218340] futex hash table entries: 256 (order: 2, 16384 bytes, linear)
[    0.219635] pinctrl core: initialized pinctrl subsystem
[    0.221960] NET: Registered PF_NETLINK/PF_ROUTE protocol family
[    0.224700] DMA: preallocated 256 KiB pool for atomic coherent allocations
[    0.225600] audit: initializing netlink subsys (disabled)
[    0.226960] thermal_sys: Registered thermal governor 'fair_share'
[    0.226976] thermal_sys: Registered thermal governor 'step_wise'
[    0.226984] thermal_sys: Registered thermal governor 'user_space'
[    0.227129] audit: type=2000 audit(0.220:1): state=initialized audit_enabled=0 res=1
[    0.227166] cpuidle: using governor menu
[    0.245068] /ocp/interconnect@44c00000/segment@200000/target-module@b000/i2c@0/tda19988@70: Fixed dependency cycle(s) with /ocp/interconnect@48000000/segment@300000/target-module@e000/lcdc@0
[    0.246163] /ocp/interconnect@48000000/segment@300000/target-module@e000/lcdc@0: Fixed dependency cycle(s) with /ocp/interconnect@44c00000/segment@200000/target-module@b000/i2c@0/tda19988@70
[    0.248325] No ATAGs?
[    0.248343] hw-breakpoint: debug architecture 0x4 unsupported.
[    0.251087] kprobes: kprobe jump-optimization is enabled. All kprobes are optimized if possible.
[    0.264269] iommu: Default domain type: Translated
[    0.264290] iommu: DMA domain TLB invalidation policy: strict mode
[    0.265882] reg-fixed-voltage fixedregulator0: using DT '/fixedregulator0' for '(default)' GPIO lookup
[    0.265935] of_get_named_gpiod_flags: can't parse 'gpios' property of node '/fixedregulator0[0]'
[    0.265964] of_get_named_gpiod_flags: can't parse 'gpio' property of node '/fixedregulator0[0]'
[    0.265982] reg-fixed-voltage fixedregulator0: using lookup tables for GPIO lookup
[    0.265991] reg-fixed-voltage fixedregulator0: No GPIO consumer (default) found
[    0.266981] SCSI subsystem initialized
[    0.270867] libata version 3.00 loaded.
[    0.271225] pps_core: LinuxPPS API ver. 1 registered
[    0.271236] pps_core: Software ver. 5.3.6 - Copyright 2005-2007 Rodolfo Giometti <giometti@linux.it>
[    0.271259] PTP clock support registered
[    0.273139] vgaarb: loaded
[    0.273478] clocksource: Switched to clocksource dmtimer
[    0.274117] VFS: Disk quotas dquot_6.6.0
[    0.274159] VFS: Dquot-cache hash table entries: 1024 (order 0, 4096 bytes)
[    0.299309] NET: Registered PF_INET protocol family
[    0.299647] IP idents hash table entries: 8192 (order: 4, 65536 bytes, linear)
[    0.301002] tcp_listen_portaddr_hash hash table entries: 512 (order: 0, 4096 bytes, linear)
[    0.301036] Table-perturb hash table entries: 65536 (order: 6, 262144 bytes, linear)
[    0.301054] TCP established hash table entries: 4096 (order: 2, 16384 bytes, linear)
[    0.301100] TCP bind hash table entries: 4096 (order: 4, 65536 bytes, linear)
[    0.301200] TCP: Hash tables configured (established 4096 bind 4096)
[    0.301322] UDP hash table entries: 256 (order: 1, 8192 bytes, linear)
[    0.301349] UDP-Lite hash table entries: 256 (order: 1, 8192 bytes, linear)
[    0.301515] NET: Registered PF_UNIX/PF_LOCAL protocol family
[    0.304638] RPC: Registered named UNIX socket transport module.
[    0.304658] RPC: Registered udp transport module.
[    0.304664] RPC: Registered tcp transport module.
[    0.304669] RPC: Registered tcp-with-tls transport module.
[    0.304674] RPC: Registered tcp NFSv4.1 backchannel transport module.
[    0.304700] PCI: CLS 0 bytes, default 64
[    0.306078] Initialise system trusted keyrings
[    0.314348] workingset: timestamp_bits=14 max_order=17 bucket_order=3
[    0.315596] NFS: Registering the id_resolver key type
[    0.315695] Key type id_resolver registered
[    0.315702] Key type id_legacy registered
[    0.315753] jffs2: version 2.2. (NAND) (SUMMARY)  Â© 2001-2006 Red Hat, Inc.
[    0.316156] Key type asymmetric registered
[    0.316171] Asymmetric key parser 'x509' registered
[    0.316241] io scheduler mq-deadline registered
[    0.316251] io scheduler kyber registered
[    0.316314] io scheduler bfq registered
[    0.317886] ledtrig-cpu: registered to indicate activity on CPUs
[    0.324188] Serial: 8250/16550 driver, 6 ports, IRQ sharing enabled
[    0.361531] brd: module loaded
[    0.380132] loop: module loaded
[    0.381036] mtdoops: mtd device (mtddev=name/number) must be supplied
[    0.382683] mdio_bus fixed-0: using lookup tables for GPIO lookup
[    0.382705] mdio_bus fixed-0: No GPIO consumer reset found
[    0.384209] i2c_dev: i2c /dev entries driver
[    0.385185] cpuidle: enable-method property 'ti,am3352' found operations
[    0.385610] sdhci: Secure Digital Host Controller Interface driver
[    0.385618] sdhci: Copyright(c) Pierre Ossman
[    0.385789] sdhci-pltfm: SDHCI platform and OF driver helper
[    0.386779] Initializing XFRM netlink socket
[    0.386914] NET: Registered PF_INET6 protocol family
[    0.398725] Segment Routing with IPv6
[    0.398810] In-situ OAM (IOAM) with IPv6
[    0.398907] sit: IPv6, IPv4 and MPLS over IPv4 tunneling driver
[    0.399822] NET: Registered PF_PACKET protocol family
[    0.399858] NET: Registered PF_KEY protocol family
[    0.399994] Key type dns_resolver registered
[    0.400217] ThumbEE CPU extension supported.
[    0.400238] Registering SWP/SWPB emulation handler
[    0.400760] omap_voltage_late_init: Voltage driver support not added
[    0.401100] SmartReflex Class3 initialized
[    0.430448] Loading compiled-in X.509 certificates
[    0.475277] /ocp/interconnect@44c00000/segment@200000/target-module@b000/i2c@0/tda19988@70: Fixed dependency cycle(s) with /ocp/interconnect@48000000/segment@300000/target-module@e000/lcdc@0
[    0.481542] /ocp/interconnect@44c00000/segment@200000/target-module@b000/i2c@0/tda19988@70: Fixed dependency cycle(s) with /ocp/interconnect@48000000/segment@300000/target-module@e000/lcdc@0
[    0.487020] gpiochip_find_base_unlocked: found new base at 512
[    0.501438] /ocp/interconnect@44c00000/segment@200000/target-module@b000/i2c@0/tda19988@70: Fixed dependency cycle(s) with /ocp/interconnect@48000000/segment@300000/target-module@e000/lcdc@0
[    0.502296] /ocp/interconnect@44c00000/segment@200000/target-module@b000/i2c@0/tda19988@70: Fixed dependency cycle(s) with /ocp/interconnect@48000000/segment@300000/target-module@e000/lcdc@0
[    0.505882] /ocp/interconnect@44c00000/segment@200000/target-module@10000/scm@0/pinmux@800: Fixed dependency cycle(s) with /ocp/interconnect@44c00000/segment@200000/target-module@10000/scm@0/pinmux@800/clkout2-pins
[    0.506471] pinctrl-single 44e10800.pinmux: 142 pins, size 568
[    0.511471] ti-sysc 44e31000.target-module: probe with driver ti-sysc failed with error -16
[    0.537652] /ocp/interconnect@48000000/segment@300000/target-module@e000/lcdc@0: Fixed dependency cycle(s) with /ocp/interconnect@44c00000/segment@200000/target-module@b000/i2c@0/tda19988@70
[    0.545380] ti-sysc 48040000.target-module: probe with driver ti-sysc failed with error -16
[    0.556308] gpiochip_find_base_unlocked: found new base at 512
[    0.556402] gpio gpiochip0: (gpio-0-31): created GPIO range 0->7 ==> 44e10800.pinmux PIN 0->7
[    0.556421] gpio gpiochip0: (gpio-0-31): created GPIO range 8->11 ==> 44e10800.pinmux PIN 90->93
[    0.556437] gpio gpiochip0: (gpio-0-31): created GPIO range 12->27 ==> 44e10800.pinmux PIN 12->27
[    0.556452] gpio gpiochip0: (gpio-0-31): created GPIO range 28->31 ==> 44e10800.pinmux PIN 30->33
[    0.577271] gpio gpiochip0: (gpio-0-31): added GPIO chardev (254:0)
[    0.577450] gpio gpiochip0: registered GPIOs 512 to 543 on gpio-0-31
[    0.577533] OMAP GPIO hardware version 0.1
[    0.614467] i2c i2c-2: using DT '/ocp/interconnect@48000000/segment@100000/target-module@9c000/i2c@0' for 'scl' GPIO lookup
[    0.614540] of_get_named_gpiod_flags: can't parse 'scl-gpios' property of node '/ocp/interconnect@48000000/segment@100000/target-module@9c000/i2c@0[0]'
[    0.614582] of_get_named_gpiod_flags: can't parse 'scl-gpio' property of node '/ocp/interconnect@48000000/segment@100000/target-module@9c000/i2c@0[0]'
[    0.614618] i2c i2c-2: using lookup tables for GPIO lookup
[    0.614626] i2c i2c-2: No GPIO consumer scl found
[    0.614648] i2c i2c-2: using DT '/ocp/interconnect@48000000/segment@100000/target-module@9c000/i2c@0' for 'sda' GPIO lookup
[    0.614683] of_get_named_gpiod_flags: can't parse 'sda-gpios' property of node '/ocp/interconnect@48000000/segment@100000/target-module@9c000/i2c@0[0]'
[    0.614719] of_get_named_gpiod_flags: can't parse 'sda-gpio' property of node '/ocp/interconnect@48000000/segment@100000/target-module@9c000/i2c@0[0]'
[    0.614750] i2c i2c-2: using lookup tables for GPIO lookup
[    0.614757] i2c i2c-2: No GPIO consumer sda found
[    0.615480] omap_i2c 4819c000.i2c: bus 2 rev0.11 at 100 kHz
[    0.620711] gpiochip_find_base_unlocked: found new base at 544
[    0.620808] gpio gpiochip1: (gpio-32-63): created GPIO range 0->17 ==> 44e10800.pinmux PIN 34->51
[    0.620827] gpio gpiochip1: (gpio-32-63): created GPIO range 18->21 ==> 44e10800.pinmux PIN 77->80
[    0.620843] gpio gpiochip1: (gpio-32-63): created GPIO range 22->31 ==> 44e10800.pinmux PIN 56->65
[    0.621621] gpio gpiochip1: (gpio-32-63): added GPIO chardev (254:1)
[    0.621752] gpio gpiochip1: registered GPIOs 544 to 575 on gpio-32-63
[    0.624145] gpiochip_find_base_unlocked: found new base at 576
[    0.624233] gpio gpiochip2: (gpio-64-95): created GPIO range 0->4 ==> 44e10800.pinmux PIN 66->70
[    0.624252] gpio gpiochip2: (gpio-64-95): created GPIO range 5->6 ==> 44e10800.pinmux PIN 98->99
[    0.624267] gpio gpiochip2: (gpio-64-95): created GPIO range 7->8 ==> 44e10800.pinmux PIN 75->76
[    0.624282] gpio gpiochip2: (gpio-64-95): created GPIO range 13->13 ==> 44e10800.pinmux PIN 141->141
[    0.624298] gpio gpiochip2: (gpio-64-95): created GPIO range 14->21 ==> 44e10800.pinmux PIN 100->107
[    0.645442] gpio gpiochip2: (gpio-64-95): added GPIO chardev (254:2)
[    0.645599] gpio gpiochip2: registered GPIOs 576 to 607 on gpio-64-95
[    0.650978] 48000000.interconnect:segment@200000:target-module@0:mpu@0:fck: device ID is greater than 24
[    0.651860] /ocp/interconnect@48000000/segment@300000/target-module@e000/lcdc@0: Fixed dependency cycle(s) with /ocp/interconnect@44c00000/segment@200000/target-module@b000/i2c@0/tda19988@70
[    0.654806] /ocp/interconnect@48000000/segment@300000/target-module@e000/lcdc@0: Fixed dependency cycle(s) with /ocp/interconnect@44c00000/segment@200000/target-module@b000/i2c@0/tda19988@70
[    0.655506] /ocp/interconnect@44c00000/segment@200000/target-module@b000/i2c@0/tda19988@70: Fixed dependency cycle(s) with /ocp/interconnect@48000000/segment@300000/target-module@e000/lcdc@0
[    0.655674] /ocp/interconnect@48000000/segment@300000/target-module@e000/lcdc@0: Fixed dependency cycle(s) with /ocp/interconnect@44c00000/segment@200000/target-module@b000/i2c@0/tda19988@70
[    0.664986] mdio_bus 4a101000.mdio: using DT '/ocp/interconnect@4a000000/segment@0/target-module@100000/switch@0/mdio@1000' for 'reset' GPIO lookup
[    0.665057] of_get_named_gpiod_flags: can't parse 'reset-gpios' property of node '/ocp/interconnect@4a000000/segment@0/target-module@100000/switch@0/mdio@1000[0]'
[    0.665106] of_get_named_gpiod_flags: can't parse 'reset-gpio' property of node '/ocp/interconnect@4a000000/segment@0/target-module@100000/switch@0/mdio@1000[0]'
[    0.665153] mdio_bus 4a101000.mdio: using lookup tables for GPIO lookup
[    0.665162] mdio_bus 4a101000.mdio: No GPIO consumer reset found
[    0.666382] sdhci-omap 481d8000.mmc: using DT '/ocp/interconnect@48000000/segment@100000/target-module@d8000/mmc@0' for 'wp' GPIO lookup
[    0.666442] of_get_named_gpiod_flags: can't parse 'wp-gpios' property of node '/ocp/interconnect@48000000/segment@100000/target-module@d8000/mmc@0[0]'
[    0.666484] of_get_named_gpiod_flags: can't parse 'wp-gpio' property of node '/ocp/interconnect@48000000/segment@100000/target-module@d8000/mmc@0[0]'
[    0.666518] sdhci-omap 481d8000.mmc: using lookup tables for GPIO lookup
[    0.666527] sdhci-omap 481d8000.mmc: No GPIO consumer wp found
[    0.666720] sdhci-omap 481d8000.mmc: supply pbias not found, using dummy regulator
[    0.667218] sdhci-omap 481d8000.mmc: supply vqmmc not found, using dummy regulator
[    0.729630] davinci_mdio 4a101000.mdio: davinci mdio revision 1.6, bus freq 1000000
[    0.747440] mdio_bus 4a101000.mdio:00: using DT '/ocp/interconnect@4a000000/segment@0/target-module@100000/switch@0/mdio@1000/ethernet-phy@0' for 'reset' GPIO lookup
[    0.747539] of_get_named_gpiod_flags: parsed 'reset-gpios' property of node '/ocp/interconnect@4a000000/segment@0/target-module@100000/switch@0/mdio@1000/ethernet-phy@0[0]' - status (0)
[    0.747699] gpio gpiochip0: Persistence not supported for GPIO 8
[    0.847367] davinci_mdio 4a101000.mdio: phy[0]: device 4a101000.mdio:00, driver SMSC LAN8710/LAN8720
[    0.848121] cpsw-switch 4a100000.switch: initialized cpsw ale version 1.4
[    0.848142] cpsw-switch 4a100000.switch: ALE Table size 1024, Policers 0
[    0.848287] cpsw-switch 4a100000.switch: cpts: overflow check period 500 (jiffies)
[    0.848302] cpsw-switch 4a100000.switch: CPTS: ref_clk_freq:250000000 calc_mult:2147483648 calc_shift:29 error:0 nsec/sec
[    0.848406] cpsw-switch 4a100000.switch: Detected MACID = 6c:ec:eb:68:de:78
[    0.850205] cpsw-switch 4a100000.switch: initialized (regs 0x4a100000, pool size 256) hw_ver:0019010C 1.12 (0)
[    0.860999] debugfs: Directory '49000000.dma' with parent 'dmaengine' already present!
[    0.861040] edma 49000000.dma: TI EDMA DMA engine driver
[    0.907867] target-module@4b000000:target-module@140000:pmu@0:fck: device ID is greater than 24
[    0.909693] hw perfevents: enabled with armv7_cortex_a8 PMU driver, 5 (8000000f) counters available
[    0.910528] gpio-clk clk_mcasp0: using DT '/clk_mcasp0' for 'enable' GPIO lookup
[    0.910593] of_get_named_gpiod_flags: parsed 'enable-gpios' property of node '/clk_mcasp0[0]' - status (0)
[    0.910636] gpio gpiochip0: Persistence not supported for GPIO 27
[    0.911420] gpiochip_find_base_unlocked: found new base at 608
[    0.911542] gpio gpiochip3: (gpio-96-127): created GPIO range 0->7 ==> 44e10800.pinmux PIN 82->89
[    0.911563] gpio gpiochip3: (gpio-96-127): created GPIO range 8->11 ==> 44e10800.pinmux PIN 52->55
[    0.911584] gpio gpiochip3: (gpio-96-127): created GPIO range 12->15 ==> 44e10800.pinmux PIN 94->97
[    0.911601] gpio gpiochip3: (gpio-96-127): created GPIO range 16->17 ==> 44e10800.pinmux PIN 71->72
[    0.911616] gpio gpiochip3: (gpio-96-127): created GPIO range 18->18 ==> 44e10800.pinmux PIN 135->135
[    0.911633] gpio gpiochip3: (gpio-96-127): created GPIO range 19->20 ==> 44e10800.pinmux PIN 108->109
[    0.911649] gpio gpiochip3: (gpio-96-127): created GPIO range 21->21 ==> 44e10800.pinmux PIN 73->73
[    0.911666] gpio gpiochip3: (gpio-96-127): created GPIO range 22->23 ==> 44e10800.pinmux PIN 8->9
[    0.911682] gpio gpiochip3: (gpio-96-127): created GPIO range 26->27 ==> 44e10800.pinmux PIN 10->11
[    0.911700] gpio gpiochip3: (gpio-96-127): created GPIO range 28->28 ==> 44e10800.pinmux PIN 74->74
[    0.911717] gpio gpiochip3: (gpio-96-127): created GPIO range 29->29 ==> 44e10800.pinmux PIN 81->81
[    0.911736] gpio gpiochip3: (gpio-96-127): created GPIO range 30->31 ==> 44e10800.pinmux PIN 28->29
[    0.917233] l3-aon-clkctrl:0000:0: failed to disable
[    0.928291] gpio gpiochip3: (gpio-96-127): added GPIO chardev (254:3)
[    0.928444] gpio gpiochip3: registered GPIOs 608 to 639 on gpio-96-127
[    0.930280] omap8250 44e09000.serial: using DT '/ocp/interconnect@44c00000/segment@200000/target-module@9000/serial@0' for 'rs485-term' GPIO lookup
[    0.930351] of_get_named_gpiod_flags: can't parse 'rs485-term-gpios' property of node '/ocp/interconnect@44c00000/segment@200000/target-module@9000/serial@0[0]'
[    0.930395] of_get_named_gpiod_flags: can't parse 'rs485-term-gpio' property of node '/ocp/interconnect@44c00000/segment@200000/target-module@9000/serial@0[0]'
[    0.930430] omap8250 44e09000.serial: using lookup tables for GPIO lookup
[    0.930439] omap8250 44e09000.serial: No GPIO consumer rs485-term found
[    0.930449] omap8250 44e09000.serial: using DT '/ocp/interconnect@44c00000/segment@200000/target-module@9000/serial@0' for 'rs485-rx-during-tx' GPIO lookup
[    0.930484] of_get_named_gpiod_flags: can't parse 'rs485-rx-during-tx-gpios' property of node '/ocp/interconnect@44c00000/segment@200000/target-module@9000/serial@0[0]'
[    0.930520] of_get_named_gpiod_flags: can't parse 'rs485-rx-during-tx-gpio' property of node '/ocp/interconnect@44c00000/segment@200000/target-module@9000/serial@0[0]'
[    0.930551] omap8250 44e09000.serial: using lookup tables for GPIO lookup
[    0.930559] omap8250 44e09000.serial: No GPIO consumer rs485-rx-during-tx found
[    0.930970] 44e09000.serial: ttyS0 at MMIO 0x44e09000 (irq = 34, base_baud = 3000000) is a 8250
[    0.931060] printk: legacy console [ttyS0] enabled
[    2.386606] i2c i2c-0: using DT '/ocp/interconnect@44c00000/segment@200000/target-module@b000/i2c@0' for 'scl' GPIO lookup
[    2.386690] of_get_named_gpiod_flags: can't parse 'scl-gpios' property of node '/ocp/interconnect@44c00000/segment@200000/target-module@b000/i2c@0[0]'
[    2.386738] of_get_named_gpiod_flags: can't parse 'scl-gpio' property of node '/ocp/interconnect@44c00000/segment@200000/target-module@b000/i2c@0[0]'
[    2.386777] i2c i2c-0: using lookup tables for GPIO lookup
[    2.386790] i2c i2c-0: No GPIO consumer scl found
[    2.386815] i2c i2c-0: using DT '/ocp/interconnect@44c00000/segment@200000/target-module@b000/i2c@0' for 'sda' GPIO lookup
[    2.386854] of_get_named_gpiod_flags: can't parse 'sda-gpios' property of node '/ocp/interconnect@44c00000/segment@200000/target-module@b000/i2c@0[0]'
[    2.386896] of_get_named_gpiod_flags: can't parse 'sda-gpio' property of node '/ocp/interconnect@44c00000/segment@200000/target-module@b000/i2c@0[0]'
[    2.386930] i2c i2c-0: using lookup tables for GPIO lookup
[    2.386941] i2c i2c-0: No GPIO consumer sda found
[    2.404437] tps65217-pmic: Failed to locate of_node [id: -1]
[    2.410485] tps65217-bl: Failed to locate of_node [id: -1]
[    2.421771] tps65217 0-0024: TPS65217 ID 0xe version 1.2
[    2.427888] /ocp/interconnect@48000000/segment@300000/target-module@e000/lcdc@0: Fixed dependency cycle(s) with /ocp/interconnect@44c00000/segment@200000/target-module@b000/i2c@0/tda19988@70
[    2.445230] /ocp/interconnect@44c00000/segment@200000/target-module@b000/i2c@0/tda19988@70: Fixed dependency cycle(s) with /ocp/interconnect@48000000/segment@300000/target-module@e000/lcdc@0
[    2.462591] omap_i2c 44e0b000.i2c: bus 0 rev0.11 at 400 kHz
[    2.470383] sdhci-omap 48060000.mmc: using DT '/ocp/interconnect@48000000/segment@0/target-module@60000/mmc@0' for 'cd' GPIO lookup
[    2.470487] of_get_named_gpiod_flags: parsed 'cd-gpios' property of node '/ocp/interconnect@48000000/segment@0/target-module@60000/mmc@0[0]' - status (0)
[    2.470555] gpio gpiochip3: Persistence not supported for GPIO 6
[    2.470578] omap_gpio 44e07000.gpio: Could not set line 6 debounce to 200000 microseconds (-22)
[    2.479456] sdhci-omap 48060000.mmc: Got CD GPIO
[    2.484136] sdhci-omap 48060000.mmc: using DT '/ocp/interconnect@48000000/segment@0/target-module@60000/mmc@0' for 'wp' GPIO lookup
[    2.484186] of_get_named_gpiod_flags: can't parse 'wp-gpios' property of node '/ocp/interconnect@48000000/segment@0/target-module@60000/mmc@0[0]'
[    2.484230] of_get_named_gpiod_flags: can't parse 'wp-gpio' property of node '/ocp/interconnect@48000000/segment@0/target-module@60000/mmc@0[0]'
[    2.484268] sdhci-omap 48060000.mmc: using lookup tables for GPIO lookup
[    2.484281] sdhci-omap 48060000.mmc: No GPIO consumer wp found
[    2.484491] sdhci-omap 48060000.mmc: supply pbias not found, using dummy regulator
[    2.493122] sdhci-omap 481d8000.mmc: using DT '/ocp/interconnect@48000000/segment@100000/target-module@d8000/mmc@0' for 'wp' GPIO lookup
[    2.493196] of_get_named_gpiod_flags: can't parse 'wp-gpios' property of node '/ocp/interconnect@48000000/segment@100000/target-module@d8000/mmc@0[0]'
[    2.493244] of_get_named_gpiod_flags: can't parse 'wp-gpio' property of node '/ocp/interconnect@48000000/segment@100000/target-module@d8000/mmc@0[0]'
[    2.493282] sdhci-omap 481d8000.mmc: using lookup tables for GPIO lookup
[    2.493295] sdhci-omap 481d8000.mmc: No GPIO consumer wp found
[    2.494343] sdhci-omap 48060000.mmc: supply vqmmc not found, using dummy regulator
[    2.502888] sdhci-omap 481d8000.mmc: supply pbias not found, using dummy regulator
[    2.511496] sdhci-omap 481d8000.mmc: supply vqmmc not found, using dummy regulator
[    2.550060] mmc1: SDHCI controller on 481d8000.mmc [481d8000.mmc] using External DMA
[    2.559082] mmc0: SDHCI controller on 48060000.mmc [48060000.mmc] using External DMA
[    2.567963] cpsw-switch 4a100000.switch: starting ndev. mode: dual_mac
[    2.612722] mmc0: new high speed SDHC card at address 5048
[    2.619790] mmcblk0: mmc0:5048 SD16G 14.4 GiB
[    2.627799]  mmcblk0: p1 p2
[    2.631176] mmcblk0: p2 size 31221760 extends beyond EOD, truncated
[    2.644725] SMSC LAN8710/LAN8720 4a101000.mdio:00: attached PHY driver (mii_bus:phy_addr=4a101000.mdio:00, irq=POLL)
[    2.656870] mmc1: new high speed MMC card at address 0001
[    2.663764] mmcblk1: mmc1:0001 MMC04G 3.60 GiB
[    2.675514]  mmcblk1: p1 p2
[    2.679759] mmcblk1boot0: mmc1:0001 MMC04G 2.00 MiB
[    2.686897] mmcblk1boot1: mmc1:0001 MMC04G 2.00 MiB
[    2.694149] mmcblk1rpmb: mmc1:0001 MMC04G 128 KiB, chardev (250:0)
[    5.844258] cpsw-switch 4a100000.switch eth0: Link is Up - 100Mbps/Full - flow control off
[    5.883709] IP-Config: Complete:
[    5.886982]      device=eth0, hwaddr=6c:ec:eb:68:de:78, ipaddr=192.168.255.1, mask=255.255.255.0, gw=255.255.255.255
[    5.897646]      host=bbb1, domain=, nis-domain=(none)
[    5.902814]      bootserver=192.168.255.126, rootserver=192.168.255.126, rootpath=
[    5.903250] clk: Disabling unused clocks
[    5.915107] PM: genpd: Disabling unused power domains
[    5.920225] KTAP version 1
[    5.922946] 1..0
[    5.946477] VFS: Mounted root (nfs filesystem) on device 0:17.
[    5.953242] devtmpfs: mounted
[    5.957966] Freeing unused kernel image (initmem) memory: 1024K
[    5.964724] Run /sbin/init as init process
[    5.968853]   with arguments:
[    5.968865]     /sbin/init
[    5.968874]     nfsrootdebug
[    5.968883]   with environment:
[    5.968892]     HOME=/
[    5.968901]     TERM=linux
[    6.651576] systemd[1]: System time before build time, advancing clock.
[    8.133497] random: crng init done
[    8.175212] systemd[1]: systemd 232 running in system mode. (+PAM +AUDIT +SELINUX +IMA +APPARMOR +SMACK +SYSVINIT +UTMP +LIBCRYPTSETUP +GCRYPT +GNUTLS +ACL +XZ +LZ4 +SECCOMP +BLKID +ELFUTILS +KMOD +IDN)
[    8.194339] systemd[1]: Detected architecture arm.
[    8.226430] systemd[1]: Set hostname to <arm>.
[    9.286521] systemd[1]: Reached target Swap.
[    9.305416] systemd[1]: Listening on /dev/initctl Compatibility Named Pipe.
[    9.335109] systemd[1]: Created slice System Slice.
[    9.364028] systemd[1]: dev-hugepages.mount: Couldn't determine result for ConditionVirtualization=!private-users, assuming failed: No such file or directory
[    9.380236] systemd[1]: Listening on Journal Socket (/dev/log).
[    9.404526] systemd[1]: Listening on Journal Audit Socket.
[    9.434421] systemd[1]: Started Dispatch Password Requests to Console Directory Watch.
[   11.789846] systemd-journald[86]: Received request to flush runtime journal from PID 1
[   14.142555] leds-gpio leds: using DT '/leds/led2' for '(default)' GPIO lookup
[   14.142658] of_get_named_gpiod_flags: parsed 'gpios' property of node '/leds/led2[0]' - status (0)
[   14.142718] gpio gpiochip0: Persistence not supported for GPIO 21
[   14.142734] gpio-533 (?): no flags found for GPIO (default)
[   14.243832] leds-gpio leds: using DT '/leds/led3' for '(default)' GPIO lookup
[   14.243935] of_get_named_gpiod_flags: parsed 'gpios' property of node '/leds/led3[0]' - status (0)
[   14.243993] gpio gpiochip0: Persistence not supported for GPIO 22
[   14.244007] gpio-534 (?): no flags found for GPIO (default)
[   14.296679] leds-gpio leds: using DT '/leds/led4' for '(default)' GPIO lookup
[   14.296770] of_get_named_gpiod_flags: parsed 'gpios' property of node '/leds/led4[0]' - status (0)
[   14.296822] gpio gpiochip0: Persistence not supported for GPIO 23
[   14.296837] gpio-535 (?): no flags found for GPIO (default)
[   14.313882] leds-gpio leds: using DT '/leds/led5' for '(default)' GPIO lookup
[   14.313981] of_get_named_gpiod_flags: parsed 'gpios' property of node '/leds/led5[0]' - status (0)
[   14.314031] gpio gpiochip0: Persistence not supported for GPIO 24
[   14.314046] gpio-536 (?): no flags found for GPIO (default)
[   14.521798] remoteproc remoteproc0: wkup_m3 is available
[   14.702227] omap_rtc 44e3e000.rtc: registered as rtc0
[   14.707659] omap_rtc 44e3e000.rtc: setting system clock to 2000-01-01T00:00:00 UTC (946684800)
[   14.716440] omap_rtc 44e3e000.rtc: using DT '/ocp/interconnect@44c00000/segment@200000/target-module@3e000/rtc@0' for 'wp' GPIO lookup
[   14.716514] of_get_named_gpiod_flags: can't parse 'wp-gpios' property of node '/ocp/interconnect@44c00000/segment@200000/target-module@3e000/rtc@0[0]'
[   14.716566] of_get_named_gpiod_flags: can't parse 'wp-gpio' property of node '/ocp/interconnect@44c00000/segment@200000/target-module@3e000/rtc@0[0]'
[   14.716606] omap_rtc 44e3e000.rtc: using lookup tables for GPIO lookup
[   14.716619] omap_rtc 44e3e000.rtc: No GPIO consumer wp found
[   14.800162] omap_wdt: OMAP Watchdog Timer Rev 0x01: initial timeout 60 sec
[   15.310455] tps6521x_pwrbutton tps65217-pwrbutton: DMA mask not set
[   15.327154] at24 2-0054: supply vcc not found, using dummy regulator
[   15.346836] usbcore: registered new interface driver usbfs
[   15.352484] usbcore: registered new interface driver hub
[   15.358144] usbcore: registered new device driver usb
[   15.369582] am335x-phy-driver 47401300.usb-phy: using DT '/ocp/target-module@47400000/usb-phy@1300' for 'reset' GPIO lookup
[   15.369676] of_get_named_gpiod_flags: can't parse 'reset-gpios' property of node '/ocp/target-module@47400000/usb-phy@1300[0]'
[   15.369722] of_get_named_gpiod_flags: can't parse 'reset-gpio' property of node '/ocp/target-module@47400000/usb-phy@1300[0]'
[   15.369761] am335x-phy-driver 47401300.usb-phy: using lookup tables for GPIO lookup
[   15.369775] am335x-phy-driver 47401300.usb-phy: No GPIO consumer reset found
[   15.369789] am335x-phy-driver 47401300.usb-phy: using DT '/ocp/target-module@47400000/usb-phy@1300' for 'vbus-detect' GPIO lookup
[   15.369820] of_get_named_gpiod_flags: can't parse 'vbus-detect-gpios' property of node '/ocp/target-module@47400000/usb-phy@1300[0]'
[   15.369852] of_get_named_gpiod_flags: can't parse 'vbus-detect-gpio' property of node '/ocp/target-module@47400000/usb-phy@1300[0]'
[   15.369879] am335x-phy-driver 47401300.usb-phy: using lookup tables for GPIO lookup
[   15.369891] am335x-phy-driver 47401300.usb-phy: No GPIO consumer vbus-detect found
[   15.370040] am335x-phy-driver 47401300.usb-phy: dummy supplies not allowed for exclusive requests (id=vbus)
[   15.495916] input: tps65217_pwrbutton as /devices/platform/ocp/44c00000.interconnect/44c00000.interconnect:segment@200000/44e0b000.target-module/44e0b000.i2c/i2c-0/0-0024/tps65217-pwrbutton/input/input0
[   15.515195] at24 2-0055: supply vcc not found, using dummy regulator
[   15.538952] am335x-phy-driver 47401b00.usb-phy: using DT '/ocp/target-module@47400000/usb-phy@1b00' for 'reset' GPIO lookup
[   15.539042] of_get_named_gpiod_flags: can't parse 'reset-gpios' property of node '/ocp/target-module@47400000/usb-phy@1b00[0]'
[   15.539087] of_get_named_gpiod_flags: can't parse 'reset-gpio' property of node '/ocp/target-module@47400000/usb-phy@1b00[0]'
[   15.539124] am335x-phy-driver 47401b00.usb-phy: using lookup tables for GPIO lookup
[   15.539138] am335x-phy-driver 47401b00.usb-phy: No GPIO consumer reset found
[   15.539153] am335x-phy-driver 47401b00.usb-phy: using DT '/ocp/target-module@47400000/usb-phy@1b00' for 'vbus-detect' GPIO lookup
[   15.539184] of_get_named_gpiod_flags: can't parse 'vbus-detect-gpios' property of node '/ocp/target-module@47400000/usb-phy@1b00[0]'
[   15.539217] of_get_named_gpiod_flags: can't parse 'vbus-detect-gpio' property of node '/ocp/target-module@47400000/usb-phy@1b00[0]'
[   15.539243] am335x-phy-driver 47401b00.usb-phy: using lookup tables for GPIO lookup
[   15.539256] am335x-phy-driver 47401b00.usb-phy: No GPIO consumer vbus-detect found
[   15.539403] am335x-phy-driver 47401b00.usb-phy: dummy supplies not allowed for exclusive requests (id=vbus)
[   15.589230] at24 2-0056: supply vcc not found, using dummy regulator
[   15.685466] at24 2-0057: supply vcc not found, using dummy regulator
[   15.811798] at24 0-0050: using DT '/ocp/interconnect@44c00000/segment@200000/target-module@b000/i2c@0/baseboard_eeprom@50' for 'wp' GPIO lookup
[   15.811915] of_get_named_gpiod_flags: can't parse 'wp-gpios' property of node '/ocp/interconnect@44c00000/segment@200000/target-module@b000/i2c@0/baseboard_eeprom@50[0]'
[   15.812095] of_get_named_gpiod_flags: can't parse 'wp-gpio' property of node '/ocp/interconnect@44c00000/segment@200000/target-module@b000/i2c@0/baseboard_eeprom@50[0]'
[   15.812149] at24 0-0050: using lookup tables for GPIO lookup
[   15.812164] at24 0-0050: No GPIO consumer wp found
[   15.812508] at24 0-0050: 32768 byte 24c256 EEPROM, writable, 1 bytes/write
[   15.949106] wkup_m3_ipc 44e11324.wkup_m3_ipc: IPC Request for A8->M3 Channel failed! -517
[   16.348154] wkup_m3_ipc 44e11324.wkup_m3_ipc: IPC Request for A8->M3 Channel failed! -517
[   16.458320] musb-hdrc musb-hdrc.1: MUSB HDRC host driver
[   16.463981] musb-hdrc musb-hdrc.1: new USB bus registered, assigned bus number 1
[   16.491817] wkup_m3_ipc 44e11324.wkup_m3_ipc: IPC Request for A8->M3 Channel failed! -517
[   16.627998] usb usb1: New USB device found, idVendor=1d6b, idProduct=0002, bcdDevice= 6.12
[   16.638016] usb usb1: New USB device strings: Mfr=3, Product=2, SerialNumber=1
[   16.646839] usb usb1: Product: MUSB HDRC host driver
[   16.651847] usb usb1: Manufacturer: Linux 6.12.32 musb-hcd
[   16.657443] usb usb1: SerialNumber: musb-hdrc.1
[   17.041180] omap-mailbox 480c8000.mailbox: omap mailbox rev 0x400
[   17.089192] hub 1-0:1.0: USB hub found
[   17.122336] remoteproc remoteproc0: powering up wkup_m3
[   17.139623] hub 1-0:1.0: 1 port detected
[   17.271440] remoteproc remoteproc0: Direct firmware load for am335x-pm-firmware.elf failed with error -2
[   17.281280] remoteproc remoteproc0: request_firmware failed: -2
[   17.287383] wkup_m3_ipc 44e11324.wkup_m3_ipc: rproc_boot failed
[   17.326026] tda998x 0-0070: found TDA19988
[   19.287972] omap_rng 48310000.rng: Random Number Generator ver. 20
[   19.429687] tilcdc 4830e000.lcdc: bound 0-0070 (ops tda998x_audio_codec_init [tda998x])
[   19.554244] [drm] Initialized tilcdc 1.0.0 for 4830e000.lcdc on minor 0
[   19.643376] tilcdc 4830e000.lcdc: [drm] Cannot find any crtc or sizes
[   19.653876] tilcdc 4830e000.lcdc: [drm] Cannot find any crtc or sizes
[   20.465762] PM: Cannot get wkup_m3_ipc handle
[   20.563057] omap-sham 53100000.sham: hw accel on OMAP rev 4.3
[   20.653762] omap-sham 53100000.sham: will run requests pump with realtime priority
[   20.662428] PM: Cannot get wkup_m3_ipc handle
[   20.766116] omap-aes 53500000.aes: OMAP AES hw accel rev: 3.2
[   20.895359] omap-aes 53500000.aes: will run requests pump with realtime priority
[   20.903966] PM: Cannot get wkup_m3_ipc handle
[   23.048012] Bluetooth: Core ver 2.22
[   23.052739] NET: Registered PF_BLUETOOTH protocol family
[   23.059407] Bluetooth: HCI device and connection manager initialized
[   23.065959] Bluetooth: HCI socket layer initialized
[   23.070909] Bluetooth: L2CAP socket layer initialized
[   23.076105] Bluetooth: SCO socket layer initialized
[   24.894090] PM: Cannot get wkup_m3_ipc handle
[   24.899842] asoc-simple-card sound: using DT '/sound' for 'simple-audio-card,hp-det' GPIO lookup
[   24.899911] of_get_named_gpiod_flags: can't parse 'simple-audio-card,hp-det-gpios' property of node '/sound[0]'
[   24.899947] of_get_named_gpiod_flags: can't parse 'simple-audio-card,hp-det-gpio' property of node '/sound[0]'
[   24.899972] asoc-simple-card sound: using lookup tables for GPIO lookup
[   24.899985] asoc-simple-card sound: No GPIO consumer simple-audio-card,hp-det found
[   24.900002] asoc-simple-card sound: using DT '/sound' for 'simple-audio-card,mic-det' GPIO lookup
[   24.900026] of_get_named_gpiod_flags: can't parse 'simple-audio-card,mic-det-gpios' property of node '/sound[0]'
[   24.900051] of_get_named_gpiod_flags: can't parse 'simple-audio-card,mic-det-gpio' property of node '/sound[0]'
[   24.900070] asoc-simple-card sound: using lookup tables for GPIO lookup
[   24.900082] asoc-simple-card sound: No GPIO consumer simple-audio-card,mic-det found
[   25.030877] PM: Cannot get wkup_m3_ipc handle
[   27.665338] userial_init: registered 8 ttyGS* devices
[   27.941727] rndis_register: configNr = 0
[   28.057434] udc musb-hdrc.0: binding gadget driver [g_multi]
[   28.057539] configfs-gadget.g_multi gadget.0: adding 'rndis'/1deecd42 to config 'c'/6a63a651
[   28.058652] configfs-gadget.g_multi gadget.0: HOST MAC 1c:ba:8c:a2:ed:6c
[   28.065655] configfs-gadget.g_multi gadget.0: MAC 1c:ba:8c:a2:ed:70
[   28.072014] rndis_set_param_medium: 0 0
[   28.072034] configfs-gadget.g_multi gadget.0: RNDIS: IN/ep1in OUT/ep1out NOTIFY/ep2in
[   28.072052] configfs-gadget.g_multi gadget.0: adding 'cdc_ethernet'/ed5c3892 to config 'c'/6a63a651
[   28.073268] configfs-gadget.g_multi gadget.0: HOST MAC 1c:ba:8c:a2:ed:6c
[   28.080181] configfs-gadget.g_multi gadget.0: MAC 1c:ba:8c:a2:ed:6d
[   28.086573] configfs-gadget.g_multi gadget.0: CDC Ethernet: IN/ep3in OUT/ep2out NOTIFY/ep4in
[   28.086593] configfs-gadget.g_multi gadget.0: adding 'acm'/0c1bbfac to config 'c'/6a63a651
[   28.086630] configfs-gadget.g_multi gadget.0: acm ttyGS0: IN/ep5in OUT/ep3out NOTIFY/ep6in
[   28.087410] PM: Cannot get wkup_m3_ipc handle
[   29.266030] configfs-gadget.g_multi gadget.0: eth_open
[   29.983778] configfs-gadget.g_multi gadget.0: stop stats: rx/tx 0/0, errs 0/0
[   34.528594] gs_open: ttyGS0 (872aa5ca,511e8dde)
[   34.528746] gs_close: ttyGS0 (872aa5ca,511e8dde) ...
[   34.528769] gs_close: ttyGS0 (872aa5ca,511e8dde) done!
[   34.544320] gs_open: ttyGS0 (872aa5ca,c19c982d)
[   34.544446] gs_close: ttyGS0 (872aa5ca,c19c982d) ...
[   34.544468] gs_close: ttyGS0 (872aa5ca,c19c982d) done!
[   34.727969] gs_open: ttyGS0 (3f191826,f031a212)
[   34.728210] gs_close: ttyGS0 (3f191826,f031a212) ...
[   34.728236] gs_close: ttyGS0 (3f191826,f031a212) done!
[   34.729777] gs_open: ttyGS0 (3f191826,c19c982d)
FLAGVMTPXF 0
root@arm:~# echo 'MMVJ''BWFVZH'
MMVJBWFVZH
root@arm:~# MARKER='CWKL''GLZHUM' run 'modprobe test_linear_ranges'
CWKLGLZHUMCWKLGLZHUM 0
root@arm:~# echo 'XWJX''KXAYTV'
XWJXKXAYTV
root@arm:~# MARKER='CWWA''YLCPEM' run dmesg
CWWAYLCPEM[    0.000000] Booting Linux on physical CPU 0x0
[    0.000000] Linux version 6.12.32 (user01@drvtest01) (arm-none-eabi-gcc (Arm GNU Toolchain 14.2.Rel1 (Build arm-14.52)) 14.2.1 20241119, GNU ld (Arm GNU Toolchain 14.2.Rel1 (Build arm-14.52)) 2.43.1.20241119) #1 SMP Wed Jun  4 18:35:24 EEST 2025
[    0.000000] CPU: ARMv7 Processor [413fc082] revision 2 (ARMv7), cr=10c5387d
[    0.000000] CPU: PIPT / VIPT nonaliasing data cache, VIPT aliasing instruction cache
[    0.000000] OF: fdt: Machine model: TI AM335x BeagleBone Black
[    0.000000] Memory policy: Data cache writeback
[    0.000000] cma: Reserved 16 MiB at 0x9e800000 on node -1
[    0.000000] Zone ranges:
[    0.000000]   Normal   [mem 0x0000000080000000-0x000000009fdfffff]
[    0.000000]   HighMem  empty
[    0.000000] Movable zone start for each node
[    0.000000] Early memory node ranges
[    0.000000]   node   0: [mem 0x0000000080000000-0x000000009fdfffff]
[    0.000000] Initmem setup node 0 [mem 0x0000000080000000-0x000000009fdfffff]
[    0.000000] OF: reserved mem: Reserved memory: No reserved-memory node in the DT
[    0.000000] CPU: All CPU(s) started in SVC mode.
[    0.000000] AM335X ES2.1 (sgx neon)
[    0.000000] percpu: Embedded 17 pages/cpu s40396 r8192 d21044 u69632
[    0.000000] pcpu-alloc: s40396 r8192 d21044 u69632 alloc=17*4096
[    0.000000] pcpu-alloc: [0] 0 
[    0.000000] Kernel command line: console=ttyO0,115200n8 root=/dev/nfs rw nfsroot=192.168.255.126:/home/user01/nfs,nfsvers=3 ip=192.168.255.1:192.168.255.126::255.255.255.0:bbb1:eth0 nfsrootdebug
[    0.000000] Unknown kernel command line parameters "nfsrootdebug", will be passed to user space.
[    0.000000] Dentry cache hash table entries: 65536 (order: 6, 262144 bytes, linear)
[    0.000000] Inode-cache hash table entries: 32768 (order: 5, 131072 bytes, linear)
[    0.000000] Built 1 zonelists, mobility grouping on.  Total pages: 130560
[    0.000000] mem auto-init: stack:off, heap alloc:off, heap free:off
[    0.000000] SLUB: HWalign=64, Order=0-3, MinObjects=0, CPUs=1, Nodes=1
[    0.000000] rcu: Hierarchical RCU implementation.
[    0.000000] rcu: 	RCU event tracing is enabled.
[    0.000000] rcu: 	RCU restricting CPUs from NR_CPUS=2 to nr_cpu_ids=1.
[    0.000000] rcu: RCU calculated value of scheduler-enlistment delay is 10 jiffies.
[    0.000000] rcu: Adjusting geometry for rcu_fanout_leaf=16, nr_cpu_ids=1
[    0.000000] NR_IRQS: 16, nr_irqs: 16, preallocated irqs: 16
[    0.000000] IRQ: Found an INTC at 0x(ptrval) (revision 5.0) with 128 interrupts
[    0.000000] rcu: srcu_init: Setting srcu_struct sizes based on contention.
[    0.000000] TI gptimer clocksource: always-on /ocp/interconnect@44c00000/segment@200000/target-module@31000
[    0.000002] sched_clock: 32 bits at 24MHz, resolution 41ns, wraps every 89478484971ns
[    0.000026] clocksource: dmtimer: mask: 0xffffffff max_cycles: 0xffffffff, max_idle_ns: 79635851949 ns
[    0.000493] TI gptimer clockevent: 24000000 Hz at /ocp/interconnect@48000000/segment@0/target-module@40000
[    0.002099] Console: colour dummy device 80x30
[    0.002161] WARNING: Your 'console=ttyO0' has been replaced by 'ttyS0'
[    0.002169] This ensures that you still see kernel messages. Please
[    0.002174] update your kernel commandline.
[    0.002217] Calibrating delay loop... 996.14 BogoMIPS (lpj=4980736)
[    0.090602] CPU: Testing write buffer coherency: ok
[    0.090683] CPU0: Spectre v2: using BPIALL workaround
[    0.090694] pid_max: default: 32768 minimum: 301
[    0.090821] LSM: initializing lsm=capability
[    0.090988] Mount-cache hash table entries: 1024 (order: 0, 4096 bytes, linear)
[    0.091008] Mountpoint-cache hash table entries: 1024 (order: 0, 4096 bytes, linear)
[    0.092561] CPU0: thread -1, cpu 0, socket -1, mpidr 0
[    0.170703] Setting up static identity map for 0x80100000 - 0x80100078
[    0.180677] rcu: Hierarchical SRCU implementation.
[    0.180688] rcu: 	Max phase no-delay instances is 1000.
[    0.200747] smp: Bringing up secondary CPUs ...
[    0.200803] smp: Brought up 1 node, 1 CPU
[    0.200817] SMP: Total of 1 processors activated (996.14 BogoMIPS).
[    0.200830] CPU: All CPU(s) started in SVC mode.
[    0.201023] Memory: 480868K/522240K available (11264K kernel code, 1211K rwdata, 2876K rodata, 1024K init, 295K bss, 23360K reserved, 16384K cma-reserved, 0K highmem)
[    0.201842] devtmpfs: initialized
[    0.217969] VFP support v0.3: implementor 41 architecture 3 part 30 variant c rev 3
[    0.218304] clocksource: jiffies: mask: 0xffffffff max_cycles: 0xffffffff, max_idle_ns: 19112604462750000 ns
[    0.218340] futex hash table entries: 256 (order: 2, 16384 bytes, linear)
[    0.219635] pinctrl core: initialized pinctrl subsystem
[    0.221960] NET: Registered PF_NETLINK/PF_ROUTE protocol family
[    0.224700] DMA: preallocated 256 KiB pool for atomic coherent allocations
[    0.225600] audit: initializing netlink subsys (disabled)
[    0.226960] thermal_sys: Registered thermal governor 'fair_share'
[    0.226976] thermal_sys: Registered thermal governor 'step_wise'
[    0.226984] thermal_sys: Registered thermal governor 'user_space'
[    0.227129] audit: type=2000 audit(0.220:1): state=initialized audit_enabled=0 res=1
[    0.227166] cpuidle: using governor menu
[    0.245068] /ocp/interconnect@44c00000/segment@200000/target-module@b000/i2c@0/tda19988@70: Fixed dependency cycle(s) with /ocp/interconnect@48000000/segment@300000/target-module@e000/lcdc@0
[    0.246163] /ocp/interconnect@48000000/segment@300000/target-module@e000/lcdc@0: Fixed dependency cycle(s) with /ocp/interconnect@44c00000/segment@200000/target-module@b000/i2c@0/tda19988@70
[    0.248325] No ATAGs?
[    0.248343] hw-breakpoint: debug architecture 0x4 unsupported.
[    0.251087] kprobes: kprobe jump-optimization is enabled. All kprobes are optimized if possible.
[    0.264269] iommu: Default domain type: Translated
[    0.264290] iommu: DMA domain TLB invalidation policy: strict mode
[    0.265882] reg-fixed-voltage fixedregulator0: using DT '/fixedregulator0' for '(default)' GPIO lookup
[    0.265935] of_get_named_gpiod_flags: can't parse 'gpios' property of node '/fixedregulator0[0]'
[    0.265964] of_get_named_gpiod_flags: can't parse 'gpio' property of node '/fixedregulator0[0]'
[    0.265982] reg-fixed-voltage fixedregulator0: using lookup tables for GPIO lookup
[    0.265991] reg-fixed-voltage fixedregulator0: No GPIO consumer (default) found
[    0.266981] SCSI subsystem initialized
[    0.270867] libata version 3.00 loaded.
[    0.271225] pps_core: LinuxPPS API ver. 1 registered
[    0.271236] pps_core: Software ver. 5.3.6 - Copyright 2005-2007 Rodolfo Giometti <giometti@linux.it>
[    0.271259] PTP clock support registered
[    0.273139] vgaarb: loaded
[    0.273478] clocksource: Switched to clocksource dmtimer
[    0.274117] VFS: Disk quotas dquot_6.6.0
[    0.274159] VFS: Dquot-cache hash table entries: 1024 (order 0, 4096 bytes)
[    0.299309] NET: Registered PF_INET protocol family
[    0.299647] IP idents hash table entries: 8192 (order: 4, 65536 bytes, linear)
[    0.301002] tcp_listen_portaddr_hash hash table entries: 512 (order: 0, 4096 bytes, linear)
[    0.301036] Table-perturb hash table entries: 65536 (order: 6, 262144 bytes, linear)
[    0.301054] TCP established hash table entries: 4096 (order: 2, 16384 bytes, linear)
[    0.301100] TCP bind hash table entries: 4096 (order: 4, 65536 bytes, linear)
[    0.301200] TCP: Hash tables configured (established 4096 bind 4096)
[    0.301322] UDP hash table entries: 256 (order: 1, 8192 bytes, linear)
[    0.301349] UDP-Lite hash table entries: 256 (order: 1, 8192 bytes, linear)
[    0.301515] NET: Registered PF_UNIX/PF_LOCAL protocol family
[    0.304638] RPC: Registered named UNIX socket transport module.
[    0.304658] RPC: Registered udp transport module.
[    0.304664] RPC: Registered tcp transport module.
[    0.304669] RPC: Registered tcp-with-tls transport module.
[    0.304674] RPC: Registered tcp NFSv4.1 backchannel transport module.
[    0.304700] PCI: CLS 0 bytes, default 64
[    0.306078] Initialise system trusted keyrings
[    0.314348] workingset: timestamp_bits=14 max_order=17 bucket_order=3
[    0.315596] NFS: Registering the id_resolver key type
[    0.315695] Key type id_resolver registered
[    0.315702] Key type id_legacy registered
[    0.315753] jffs2: version 2.2. (NAND) (SUMMARY)  Â© 2001-2006 Red Hat, Inc.
[    0.316156] Key type asymmetric registered
[    0.316171] Asymmetric key parser 'x509' registered
[    0.316241] io scheduler mq-deadline registered
[    0.316251] io scheduler kyber registered
[    0.316314] io scheduler bfq registered
[    0.317886] ledtrig-cpu: registered to indicate activity on CPUs
[    0.324188] Serial: 8250/16550 driver, 6 ports, IRQ sharing enabled
[    0.361531] brd: module loaded
[    0.380132] loop: module loaded
[    0.381036] mtdoops: mtd device (mtddev=name/number) must be supplied
[    0.382683] mdio_bus fixed-0: using lookup tables for GPIO lookup
[    0.382705] mdio_bus fixed-0: No GPIO consumer reset found
[    0.384209] i2c_dev: i2c /dev entries driver
[    0.385185] cpuidle: enable-method property 'ti,am3352' found operations
[    0.385610] sdhci: Secure Digital Host Controller Interface driver
[    0.385618] sdhci: Copyright(c) Pierre Ossman
[    0.385789] sdhci-pltfm: SDHCI platform and OF driver helper
[    0.386779] Initializing XFRM netlink socket
[    0.386914] NET: Registered PF_INET6 protocol family
[    0.398725] Segment Routing with IPv6
[    0.398810] In-situ OAM (IOAM) with IPv6
[    0.398907] sit: IPv6, IPv4 and MPLS over IPv4 tunneling driver
[    0.399822] NET: Registered PF_PACKET protocol family
[    0.399858] NET: Registered PF_KEY protocol family
[    0.399994] Key type dns_resolver registered
[    0.400217] ThumbEE CPU extension supported.
[    0.400238] Registering SWP/SWPB emulation handler
[    0.400760] omap_voltage_late_init: Voltage driver support not added
[    0.401100] SmartReflex Class3 initialized
[    0.430448] Loading compiled-in X.509 certificates
[    0.475277] /ocp/interconnect@44c00000/segment@200000/target-module@b000/i2c@0/tda19988@70: Fixed dependency cycle(s) with /ocp/interconnect@48000000/segment@300000/target-module@e000/lcdc@0
[    0.481542] /ocp/interconnect@44c00000/segment@200000/target-module@b000/i2c@0/tda19988@70: Fixed dependency cycle(s) with /ocp/interconnect@48000000/segment@300000/target-module@e000/lcdc@0
[    0.487020] gpiochip_find_base_unlocked: found new base at 512
[    0.501438] /ocp/interconnect@44c00000/segment@200000/target-module@b000/i2c@0/tda19988@70: Fixed dependency cycle(s) with /ocp/interconnect@48000000/segment@300000/target-module@e000/lcdc@0
[    0.502296] /ocp/interconnect@44c00000/segment@200000/target-module@b000/i2c@0/tda19988@70: Fixed dependency cycle(s) with /ocp/interconnect@48000000/segment@300000/target-module@e000/lcdc@0
[    0.505882] /ocp/interconnect@44c00000/segment@200000/target-module@10000/scm@0/pinmux@800: Fixed dependency cycle(s) with /ocp/interconnect@44c00000/segment@200000/target-module@10000/scm@0/pinmux@800/clkout2-pins
[    0.506471] pinctrl-single 44e10800.pinmux: 142 pins, size 568
[    0.511471] ti-sysc 44e31000.target-module: probe with driver ti-sysc failed with error -16
[    0.537652] /ocp/interconnect@48000000/segment@300000/target-module@e000/lcdc@0: Fixed dependency cycle(s) with /ocp/interconnect@44c00000/segment@200000/target-module@b000/i2c@0/tda19988@70
[    0.545380] ti-sysc 48040000.target-module: probe with driver ti-sysc failed with error -16
[    0.556308] gpiochip_find_base_unlocked: found new base at 512
[    0.556402] gpio gpiochip0: (gpio-0-31): created GPIO range 0->7 ==> 44e10800.pinmux PIN 0->7
[    0.556421] gpio gpiochip0: (gpio-0-31): created GPIO range 8->11 ==> 44e10800.pinmux PIN 90->93
[    0.556437] gpio gpiochip0: (gpio-0-31): created GPIO range 12->27 ==> 44e10800.pinmux PIN 12->27
[    0.556452] gpio gpiochip0: (gpio-0-31): created GPIO range 28->31 ==> 44e10800.pinmux PIN 30->33
[    0.577271] gpio gpiochip0: (gpio-0-31): added GPIO chardev (254:0)
[    0.577450] gpio gpiochip0: registered GPIOs 512 to 543 on gpio-0-31
[    0.577533] OMAP GPIO hardware version 0.1
[    0.614467] i2c i2c-2: using DT '/ocp/interconnect@48000000/segment@100000/target-module@9c000/i2c@0' for 'scl' GPIO lookup
[    0.614540] of_get_named_gpiod_flags: can't parse 'scl-gpios' property of node '/ocp/interconnect@48000000/segment@100000/target-module@9c000/i2c@0[0]'
[    0.614582] of_get_named_gpiod_flags: can't parse 'scl-gpio' property of node '/ocp/interconnect@48000000/segment@100000/target-module@9c000/i2c@0[0]'
[    0.614618] i2c i2c-2: using lookup tables for GPIO lookup
[    0.614626] i2c i2c-2: No GPIO consumer scl found
[    0.614648] i2c i2c-2: using DT '/ocp/interconnect@48000000/segment@100000/target-module@9c000/i2c@0' for 'sda' GPIO lookup
[    0.614683] of_get_named_gpiod_flags: can't parse 'sda-gpios' property of node '/ocp/interconnect@48000000/segment@100000/target-module@9c000/i2c@0[0]'
[    0.614719] of_get_named_gpiod_flags: can't parse 'sda-gpio' property of node '/ocp/interconnect@48000000/segment@100000/target-module@9c000/i2c@0[0]'
[    0.614750] i2c i2c-2: using lookup tables for GPIO lookup
[    0.614757] i2c i2c-2: No GPIO consumer sda found
[    0.615480] omap_i2c 4819c000.i2c: bus 2 rev0.11 at 100 kHz
[    0.620711] gpiochip_find_base_unlocked: found new base at 544
[    0.620808] gpio gpiochip1: (gpio-32-63): created GPIO range 0->17 ==> 44e10800.pinmux PIN 34->51
[    0.620827] gpio gpiochip1: (gpio-32-63): created GPIO range 18->21 ==> 44e10800.pinmux PIN 77->80
[    0.620843] gpio gpiochip1: (gpio-32-63): created GPIO range 22->31 ==> 44e10800.pinmux PIN 56->65
[    0.621621] gpio gpiochip1: (gpio-32-63): added GPIO chardev (254:1)
[    0.621752] gpio gpiochip1: registered GPIOs 544 to 575 on gpio-32-63
[    0.624145] gpiochip_find_base_unlocked: found new base at 576
[    0.624233] gpio gpiochip2: (gpio-64-95): created GPIO range 0->4 ==> 44e10800.pinmux PIN 66->70
[    0.624252] gpio gpiochip2: (gpio-64-95): created GPIO range 5->6 ==> 44e10800.pinmux PIN 98->99
[    0.624267] gpio gpiochip2: (gpio-64-95): created GPIO range 7->8 ==> 44e10800.pinmux PIN 75->76
[    0.624282] gpio gpiochip2: (gpio-64-95): created GPIO range 13->13 ==> 44e10800.pinmux PIN 141->141
[    0.624298] gpio gpiochip2: (gpio-64-95): created GPIO range 14->21 ==> 44e10800.pinmux PIN 100->107
[    0.645442] gpio gpiochip2: (gpio-64-95): added GPIO chardev (254:2)
[    0.645599] gpio gpiochip2: registered GPIOs 576 to 607 on gpio-64-95
[    0.650978] 48000000.interconnect:segment@200000:target-module@0:mpu@0:fck: device ID is greater than 24
[    0.651860] /ocp/interconnect@48000000/segment@300000/target-module@e000/lcdc@0: Fixed dependency cycle(s) with /ocp/interconnect@44c00000/segment@200000/target-module@b000/i2c@0/tda19988@70
[    0.654806] /ocp/interconnect@48000000/segment@300000/target-module@e000/lcdc@0: Fixed dependency cycle(s) with /ocp/interconnect@44c00000/segment@200000/target-module@b000/i2c@0/tda19988@70
[    0.655506] /ocp/interconnect@44c00000/segment@200000/target-module@b000/i2c@0/tda19988@70: Fixed dependency cycle(s) with /ocp/interconnect@48000000/segment@300000/target-module@e000/lcdc@0
[    0.655674] /ocp/interconnect@48000000/segment@300000/target-module@e000/lcdc@0: Fixed dependency cycle(s) with /ocp/interconnect@44c00000/segment@200000/target-module@b000/i2c@0/tda19988@70
[    0.664986] mdio_bus 4a101000.mdio: using DT '/ocp/interconnect@4a000000/segment@0/target-module@100000/switch@0/mdio@1000' for 'reset' GPIO lookup
[    0.665057] of_get_named_gpiod_flags: can't parse 'reset-gpios' property of node '/ocp/interconnect@4a000000/segment@0/target-module@100000/switch@0/mdio@1000[0]'
[    0.665106] of_get_named_gpiod_flags: can't parse 'reset-gpio' property of node '/ocp/interconnect@4a000000/segment@0/target-module@100000/switch@0/mdio@1000[0]'
[    0.665153] mdio_bus 4a101000.mdio: using lookup tables for GPIO lookup
[    0.665162] mdio_bus 4a101000.mdio: No GPIO consumer reset found
[    0.666382] sdhci-omap 481d8000.mmc: using DT '/ocp/interconnect@48000000/segment@100000/target-module@d8000/mmc@0' for 'wp' GPIO lookup
[    0.666442] of_get_named_gpiod_flags: can't parse 'wp-gpios' property of node '/ocp/interconnect@48000000/segment@100000/target-module@d8000/mmc@0[0]'
[    0.666484] of_get_named_gpiod_flags: can't parse 'wp-gpio' property of node '/ocp/interconnect@48000000/segment@100000/target-module@d8000/mmc@0[0]'
[    0.666518] sdhci-omap 481d8000.mmc: using lookup tables for GPIO lookup
[    0.666527] sdhci-omap 481d8000.mmc: No GPIO consumer wp found
[    0.666720] sdhci-omap 481d8000.mmc: supply pbias not found, using dummy regulator
[    0.667218] sdhci-omap 481d8000.mmc: supply vqmmc not found, using dummy regulator
[    0.729630] davinci_mdio 4a101000.mdio: davinci mdio revision 1.6, bus freq 1000000
[    0.747440] mdio_bus 4a101000.mdio:00: using DT '/ocp/interconnect@4a000000/segment@0/target-module@100000/switch@0/mdio@1000/ethernet-phy@0' for 'reset' GPIO lookup
[    0.747539] of_get_named_gpiod_flags: parsed 'reset-gpios' property of node '/ocp/interconnect@4a000000/segment@0/target-module@100000/switch@0/mdio@1000/ethernet-phy@0[0]' - status (0)
[    0.747699] gpio gpiochip0: Persistence not supported for GPIO 8
[    0.847367] davinci_mdio 4a101000.mdio: phy[0]: device 4a101000.mdio:00, driver SMSC LAN8710/LAN8720
[    0.848121] cpsw-switch 4a100000.switch: initialized cpsw ale version 1.4
[    0.848142] cpsw-switch 4a100000.switch: ALE Table size 1024, Policers 0
[    0.848287] cpsw-switch 4a100000.switch: cpts: overflow check period 500 (jiffies)
[    0.848302] cpsw-switch 4a100000.switch: CPTS: ref_clk_freq:250000000 calc_mult:2147483648 calc_shift:29 error:0 nsec/sec
[    0.848406] cpsw-switch 4a100000.switch: Detected MACID = 6c:ec:eb:68:de:78
[    0.850205] cpsw-switch 4a100000.switch: initialized (regs 0x4a100000, pool size 256) hw_ver:0019010C 1.12 (0)
[    0.860999] debugfs: Directory '49000000.dma' with parent 'dmaengine' already present!
[    0.861040] edma 49000000.dma: TI EDMA DMA engine driver
[    0.907867] target-module@4b000000:target-module@140000:pmu@0:fck: device ID is greater than 24
[    0.909693] hw perfevents: enabled with armv7_cortex_a8 PMU driver, 5 (8000000f) counters available
[    0.910528] gpio-clk clk_mcasp0: using DT '/clk_mcasp0' for 'enable' GPIO lookup
[    0.910593] of_get_named_gpiod_flags: parsed 'enable-gpios' property of node '/clk_mcasp0[0]' - status (0)
[    0.910636] gpio gpiochip0: Persistence not supported for GPIO 27
[    0.911420] gpiochip_find_base_unlocked: found new base at 608
[    0.911542] gpio gpiochip3: (gpio-96-127): created GPIO range 0->7 ==> 44e10800.pinmux PIN 82->89
[    0.911563] gpio gpiochip3: (gpio-96-127): created GPIO range 8->11 ==> 44e10800.pinmux PIN 52->55
[    0.911584] gpio gpiochip3: (gpio-96-127): created GPIO range 12->15 ==> 44e10800.pinmux PIN 94->97
[    0.911601] gpio gpiochip3: (gpio-96-127): created GPIO range 16->17 ==> 44e10800.pinmux PIN 71->72
[    0.911616] gpio gpiochip3: (gpio-96-127): created GPIO range 18->18 ==> 44e10800.pinmux PIN 135->135
[    0.911633] gpio gpiochip3: (gpio-96-127): created GPIO range 19->20 ==> 44e10800.pinmux PIN 108->109
[    0.911649] gpio gpiochip3: (gpio-96-127): created GPIO range 21->21 ==> 44e10800.pinmux PIN 73->73
[    0.911666] gpio gpiochip3: (gpio-96-127): created GPIO range 22->23 ==> 44e10800.pinmux PIN 8->9
[    0.911682] gpio gpiochip3: (gpio-96-127): created GPIO range 26->27 ==> 44e10800.pinmux PIN 10->11
[    0.911700] gpio gpiochip3: (gpio-96-127): created GPIO range 28->28 ==> 44e10800.pinmux PIN 74->74
[    0.911717] gpio gpiochip3: (gpio-96-127): created GPIO range 29->29 ==> 44e10800.pinmux PIN 81->81
[    0.911736] gpio gpiochip3: (gpio-96-127): created GPIO range 30->31 ==> 44e10800.pinmux PIN 28->29
[    0.917233] l3-aon-clkctrl:0000:0: failed to disable
[    0.928291] gpio gpiochip3: (gpio-96-127): added GPIO chardev (254:3)
[    0.928444] gpio gpiochip3: registered GPIOs 608 to 639 on gpio-96-127
[    0.930280] omap8250 44e09000.serial: using DT '/ocp/interconnect@44c00000/segment@200000/target-module@9000/serial@0' for 'rs485-term' GPIO lookup
[    0.930351] of_get_named_gpiod_flags: can't parse 'rs485-term-gpios' property of node '/ocp/interconnect@44c00000/segment@200000/target-module@9000/serial@0[0]'
[    0.930395] of_get_named_gpiod_flags: can't parse 'rs485-term-gpio' property of node '/ocp/interconnect@44c00000/segment@200000/target-module@9000/serial@0[0]'
[    0.930430] omap8250 44e09000.serial: using lookup tables for GPIO lookup
[    0.930439] omap8250 44e09000.serial: No GPIO consumer rs485-term found
[    0.930449] omap8250 44e09000.serial: using DT '/ocp/interconnect@44c00000/segment@200000/target-module@9000/serial@0' for 'rs485-rx-during-tx' GPIO lookup
[    0.930484] of_get_named_gpiod_flags: can't parse 'rs485-rx-during-tx-gpios' property of node '/ocp/interconnect@44c00000/segment@200000/target-module@9000/serial@0[0]'
[    0.930520] of_get_named_gpiod_flags: can't parse 'rs485-rx-during-tx-gpio' property of node '/ocp/interconnect@44c00000/segment@200000/target-module@9000/serial@0[0]'
[    0.930551] omap8250 44e09000.serial: using lookup tables for GPIO lookup
[    0.930559] omap8250 44e09000.serial: No GPIO consumer rs485-rx-during-tx found
[    0.930970] 44e09000.serial: ttyS0 at MMIO 0x44e09000 (irq = 34, base_baud = 3000000) is a 8250
[    0.931060] printk: legacy console [ttyS0] enabled
[    2.386606] i2c i2c-0: using DT '/ocp/interconnect@44c00000/segment@200000/target-module@b000/i2c@0' for 'scl' GPIO lookup
[    2.386690] of_get_named_gpiod_flags: can't parse 'scl-gpios' property of node '/ocp/interconnect@44c00000/segment@200000/target-module@b000/i2c@0[0]'
[    2.386738] of_get_named_gpiod_flags: can't parse 'scl-gpio' property of node '/ocp/interconnect@44c00000/segment@200000/target-module@b000/i2c@0[0]'
[    2.386777] i2c i2c-0: using lookup tables for GPIO lookup
[    2.386790] i2c i2c-0: No GPIO consumer scl found
[    2.386815] i2c i2c-0: using DT '/ocp/interconnect@44c00000/segment@200000/target-module@b000/i2c@0' for 'sda' GPIO lookup
[    2.386854] of_get_named_gpiod_flags: can't parse 'sda-gpios' property of node '/ocp/interconnect@44c00000/segment@200000/target-module@b000/i2c@0[0]'
[    2.386896] of_get_named_gpiod_flags: can't parse 'sda-gpio' property of node '/ocp/interconnect@44c00000/segment@200000/target-module@b000/i2c@0[0]'
[    2.386930] i2c i2c-0: using lookup tables for GPIO lookup
[    2.386941] i2c i2c-0: No GPIO consumer sda found
[    2.404437] tps65217-pmic: Failed to locate of_node [id: -1]
[    2.410485] tps65217-bl: Failed to locate of_node [id: -1]
[    2.421771] tps65217 0-0024: TPS65217 ID 0xe version 1.2
[    2.427888] /ocp/interconnect@48000000/segment@300000/target-module@e000/lcdc@0: Fixed dependency cycle(s) with /ocp/interconnect@44c00000/segment@200000/target-module@b000/i2c@0/tda19988@70
[    2.445230] /ocp/interconnect@44c00000/segment@200000/target-module@b000/i2c@0/tda19988@70: Fixed dependency cycle(s) with /ocp/interconnect@48000000/segment@300000/target-module@e000/lcdc@0
[    2.462591] omap_i2c 44e0b000.i2c: bus 0 rev0.11 at 400 kHz
[    2.470383] sdhci-omap 48060000.mmc: using DT '/ocp/interconnect@48000000/segment@0/target-module@60000/mmc@0' for 'cd' GPIO lookup
[    2.470487] of_get_named_gpiod_flags: parsed 'cd-gpios' property of node '/ocp/interconnect@48000000/segment@0/target-module@60000/mmc@0[0]' - status (0)
[    2.470555] gpio gpiochip3: Persistence not supported for GPIO 6
[    2.470578] omap_gpio 44e07000.gpio: Could not set line 6 debounce to 200000 microseconds (-22)
[    2.479456] sdhci-omap 48060000.mmc: Got CD GPIO
[    2.484136] sdhci-omap 48060000.mmc: using DT '/ocp/interconnect@48000000/segment@0/target-module@60000/mmc@0' for 'wp' GPIO lookup
[    2.484186] of_get_named_gpiod_flags: can't parse 'wp-gpios' property of node '/ocp/interconnect@48000000/segment@0/target-module@60000/mmc@0[0]'
[    2.484230] of_get_named_gpiod_flags: can't parse 'wp-gpio' property of node '/ocp/interconnect@48000000/segment@0/target-module@60000/mmc@0[0]'
[    2.484268] sdhci-omap 48060000.mmc: using lookup tables for GPIO lookup
[    2.484281] sdhci-omap 48060000.mmc: No GPIO consumer wp found
[    2.484491] sdhci-omap 48060000.mmc: supply pbias not found, using dummy regulator
[    2.493122] sdhci-omap 481d8000.mmc: using DT '/ocp/interconnect@48000000/segment@100000/target-module@d8000/mmc@0' for 'wp' GPIO lookup
[    2.493196] of_get_named_gpiod_flags: can't parse 'wp-gpios' property of node '/ocp/interconnect@48000000/segment@100000/target-module@d8000/mmc@0[0]'
[    2.493244] of_get_named_gpiod_flags: can't parse 'wp-gpio' property of node '/ocp/interconnect@48000000/segment@100000/target-module@d8000/mmc@0[0]'
[    2.493282] sdhci-omap 481d8000.mmc: using lookup tables for GPIO lookup
[    2.493295] sdhci-omap 481d8000.mmc: No GPIO consumer wp found
[    2.494343] sdhci-omap 48060000.mmc: supply vqmmc not found, using dummy regulator
[    2.502888] sdhci-omap 481d8000.mmc: supply pbias not found, using dummy regulator
[    2.511496] sdhci-omap 481d8000.mmc: supply vqmmc not found, using dummy regulator
[    2.550060] mmc1: SDHCI controller on 481d8000.mmc [481d8000.mmc] using External DMA
[    2.559082] mmc0: SDHCI controller on 48060000.mmc [48060000.mmc] using External DMA
[    2.567963] cpsw-switch 4a100000.switch: starting ndev. mode: dual_mac
[    2.612722] mmc0: new high speed SDHC card at address 5048
[    2.619790] mmcblk0: mmc0:5048 SD16G 14.4 GiB
[    2.627799]  mmcblk0: p1 p2
[    2.631176] mmcblk0: p2 size 31221760 extends beyond EOD, truncated
[    2.644725] SMSC LAN8710/LAN8720 4a101000.mdio:00: attached PHY driver (mii_bus:phy_addr=4a101000.mdio:00, irq=POLL)
[    2.656870] mmc1: new high speed MMC card at address 0001
[    2.663764] mmcblk1: mmc1:0001 MMC04G 3.60 GiB
[    2.675514]  mmcblk1: p1 p2
[    2.679759] mmcblk1boot0: mmc1:0001 MMC04G 2.00 MiB
[    2.686897] mmcblk1boot1: mmc1:0001 MMC04G 2.00 MiB
[    2.694149] mmcblk1rpmb: mmc1:0001 MMC04G 128 KiB, chardev (250:0)
[    5.844258] cpsw-switch 4a100000.switch eth0: Link is Up - 100Mbps/Full - flow control off
[    5.883709] IP-Config: Complete:
[    5.886982]      device=eth0, hwaddr=6c:ec:eb:68:de:78, ipaddr=192.168.255.1, mask=255.255.255.0, gw=255.255.255.255
[    5.897646]      host=bbb1, domain=, nis-domain=(none)
[    5.902814]      bootserver=192.168.255.126, rootserver=192.168.255.126, rootpath=
[    5.903250] clk: Disabling unused clocks
[    5.915107] PM: genpd: Disabling unused power domains
[    5.920225] KTAP version 1
[    5.922946] 1..0
[    5.946477] VFS: Mounted root (nfs filesystem) on device 0:17.
[    5.953242] devtmpfs: mounted
