Labgrid Console Logfile for main
Logfile started at 2025-10-02 15:18:14.331662
=== Log starts here ===
reading args
spl_load_image_fat_os: error reading image args, err - -1
reading u-boot.img
reading u-boot.img


U-Boot 2014.04-00014-g47880f5 (Apr 22 2014 - 13:23:54)

I2C:   ready
DRAM:  512 MiB
NAND:  0 MiB
MMC:   OMAP SD/MMC: 0, OMAP SD/MMC: 1
*** Warning - readenv() failed, using default environment

Net:   <ethaddr> not set. Validating first E-fuse MAC
cpsw, usb_ether
Hit any key to stop autoboot:  1  0 
gpio: pin 53 (gpio 53) value is 1
mmc0 is current device
gpio: pin 54 (gpio 54) value is 1
SD/MMC found on device 0
reading uEnv.txt
569 bytes read in 4 ms (138.7 KiB/s)
gpio: pin 55 (gpio 55) value is 1
Loaded environment from uEnv.txt
Importing environment from mmc ...
Checking if uenvcmd is set ...
gpio: pin 56 (gpio 56) value is 1
Running uenvcmd ...
cpsw Waiting for PHY auto negotiation to complete. done
link up on port 0, speed 100, full duplex
Using cpsw device
TFTP from server 192.168.255.126; our IP address is 192.168.255.1
Filename 'zImage'.
Load address: 0x81000000
Loading: *T #################################################################
	 #################################################################
	 #################################################################
	 #################################################################
	 #################################################################
	 #######
	 685.5 KiB/s
done
Bytes transferred = 4872728 (4a5a18 hex)
link up on port 0, speed 100, full duplex
Using cpsw device
TFTP from server 192.168.255.126; our IP address is 192.168.255.1
Filename 'am335x-boneblack.dtb'.
Load address: 0x82000000
Loading: *#######
	 2.4 MiB/s
done
Bytes transferred = 94874 (1729a hex)
Kernel image @ 0x81000000 [ 0x000000 - 0x4a5a18 ]
## Flattened Device Tree blob at 82000000
   Booting using the fdt blob at 0x82000000
   Using Device Tree in place at 82000000, end 8201a299

Starting kernel ...

[    0.000000] Booting Linux on physical CPU 0x0
[    0.000000] Linux version 5.15.194 (user01@drvtest01) (arm-none-eabi-gcc (Arm GNU Toolchain 14.2.Rel1 (Build arm-14.52)) 14.2.1 20241119, GNU ld (Arm GNU Toolchain 14.2.Rel1 (Build arm-14.52)) 2.43.1.20241119) #1 SMP Thu Oct 2 15:07:27 EEST 2025
[    0.000000] CPU: ARMv7 Processor [413fc082] revision 2 (ARMv7), cr=10c5387d
[    0.000000] CPU: PIPT / VIPT nonaliasing data cache, VIPT aliasing instruction cache
[    0.000000] OF: fdt: Machine model: TI AM335x BeagleBone Black
[    0.000000] Memory policy: Data cache writeback
[    0.000000] cma: Reserved 16 MiB at 0x9e800000
[    0.000000] Zone ranges:
[    0.000000]   Normal   [mem 0x0000000080000000-0x000000009fdfffff]
[    0.000000]   HighMem  empty
[    0.000000] Movable zone start for each node
[    0.000000] Early memory node ranges
[    0.000000]   node   0: [mem 0x0000000080000000-0x000000009fdfffff]
[    0.000000] Initmem setup node 0 [mem 0x0000000080000000-0x000000009fdfffff]
[    0.000000] CPU: All CPU(s) started in SVC mode.
[    0.000000] AM335X ES2.1 (sgx neon)
[    0.000000] percpu: Embedded 16 pages/cpu s33804 r8192 d23540 u65536
[    0.000000] Built 1 zonelists, mobility grouping on.  Total pages: 129412
[    0.000000] Kernel command line: console=ttyO0,115200n8 root=/dev/nfs rw nfsroot=192.168.255.126:/home/user01/nfs,nfsvers=3 ip=192.168.255.1:192.168.255.126::255.255.255.0:bbb1:eth0 nfsrootdebug
[    0.000000] Unknown kernel command line parameters "nfsrootdebug", will be passed to user space.
[    0.000000] Dentry cache hash table entries: 65536 (order: 6, 262144 bytes, linear)
[    0.000000] Inode-cache hash table entries: 32768 (order: 5, 131072 bytes, linear)
[    0.000000] mem auto-init: stack:off, heap alloc:off, heap free:off
[    0.000000] Memory: 484756K/522240K available (10240K kernel code, 1079K rwdata, 2396K rodata, 1024K init, 242K bss, 21100K reserved, 16384K cma-reserved, 0K highmem)
[    0.000000] trace event string verifier disabled
[    0.000000] rcu: Hierarchical RCU implementation.
[    0.000000] rcu: 	RCU event tracing is enabled.
[    0.000000] rcu: 	RCU restricting CPUs from NR_CPUS=2 to nr_cpu_ids=1.
[    0.000000] rcu: RCU calculated value of scheduler-enlistment delay is 10 jiffies.
[    0.000000] rcu: Adjusting geometry for rcu_fanout_leaf=16, nr_cpu_ids=1
[    0.000000] NR_IRQS: 16, nr_irqs: 16, preallocated irqs: 16
[    0.000000] IRQ: Found an INTC at 0x(ptrval) (revision 5.0) with 128 interrupts
[    0.000000] TI gptimer clocksource: always-on /ocp/interconnect@44c00000/segment@200000/target-module@31000
[    0.000002] sched_clock: 32 bits at 24MHz, resolution 41ns, wraps every 89478484971ns
[    0.000028] clocksource: dmtimer: mask: 0xffffffff max_cycles: 0xffffffff, max_idle_ns: 79635851949 ns
[    0.000451] TI gptimer clockevent: 24000000 Hz at /ocp/interconnect@48000000/segment@0/target-module@40000
[    0.002305] Console: colour dummy device 80x30
[    0.002364] WARNING: Your 'console=ttyO0' has been replaced by 'ttyS0'
[    0.002376] This ensures that you still see kernel messages. Please
[    0.002384] update your kernel commandline.
[    0.002432] Calibrating delay loop... 996.14 BogoMIPS (lpj=4980736)
[    0.090569] CPU: Testing write buffer coherency: ok
[    0.090660] CPU0: Spectre v2: using BPIALL workaround
[    0.090674] pid_max: default: 32768 minimum: 301
[    0.090814] LSM: Security Framework initializing
[    0.090997] Mount-cache hash table entries: 1024 (order: 0, 4096 bytes, linear)
[    0.091023] Mountpoint-cache hash table entries: 1024 (order: 0, 4096 bytes, linear)
[    0.092607] CPU0: thread -1, cpu 0, socket -1, mpidr 0
[    0.093659] Setting up static identity map for 0x80100000 - 0x80100078
[    0.093887] rcu: Hierarchical SRCU implementation.
[    0.095094] smp: Bringing up secondary CPUs ...
[    0.095123] smp: Brought up 1 node, 1 CPU
[    0.095138] SMP: Total of 1 processors activated (996.14 BogoMIPS).
[    0.095151] CPU: All CPU(s) started in SVC mode.
[    0.095933] devtmpfs: initialized
[    0.110235] VFP support v0.3: implementor 41 architecture 3 part 30 variant c rev 3
[    0.110652] clocksource: jiffies: mask: 0xffffffff max_cycles: 0xffffffff, max_idle_ns: 19112604462750000 ns
[    0.110691] futex hash table entries: 256 (order: 2, 16384 bytes, linear)
[    0.112079] pinctrl core: initialized pinctrl subsystem
[    0.114005] NET: Registered PF_NETLINK/PF_ROUTE protocol family
[    0.116778] DMA: preallocated 256 KiB pool for atomic coherent allocations
[    0.117336] audit: initializing netlink subsys (disabled)
[    0.118538] thermal_sys: Registered thermal governor 'fair_share'
[    0.118559] thermal_sys: Registered thermal governor 'step_wise'
[    0.118574] thermal_sys: Registered thermal governor 'user_space'
[    0.118930] cpuidle: using governor menu
[    0.135205] No ATAGs?
[    0.135244] hw-breakpoint: debug architecture 0x4 unsupported.
[    0.143303] kprobes: kprobe jump-optimization is enabled. All kprobes are optimized if possible.
[    0.143639] audit: type=2000 audit(0.110:1): state=initialized audit_enabled=0 res=1
[    0.149749] iommu: Default domain type: Translated 
[    0.149771] iommu: DMA domain TLB invalidation policy: strict mode 
[    0.151172] vgaarb: loaded
[    0.151706] SCSI subsystem initialized
[    0.152437] pps_core: LinuxPPS API ver. 1 registered
[    0.152454] pps_core: Software ver. 5.3.6 - Copyright 2005-2007 Rodolfo Giometti <giometti@linux.it>
[    0.152482] PTP clock support registered
[    0.153815] clocksource: Switched to clocksource dmtimer
[    0.199374] VFS: Disk quotas dquot_6.6.0
[    0.199492] VFS: Dquot-cache hash table entries: 1024 (order 0, 4096 bytes)
[    0.267515] NET: Registered PF_INET protocol family
[    0.267844] IP idents hash table entries: 8192 (order: 4, 65536 bytes, linear)
[    0.268805] tcp_listen_portaddr_hash hash table entries: 512 (order: 0, 4096 bytes, linear)
[    0.268859] Table-perturb hash table entries: 65536 (order: 6, 262144 bytes, linear)
[    0.268889] TCP established hash table entries: 4096 (order: 2, 16384 bytes, linear)
[    0.268938] TCP bind hash table entries: 4096 (order: 3, 32768 bytes, linear)
[    0.269002] TCP: Hash tables configured (established 4096 bind 4096)
[    0.269140] UDP hash table entries: 256 (order: 1, 8192 bytes, linear)
[    0.269171] UDP-Lite hash table entries: 256 (order: 1, 8192 bytes, linear)
[    0.269358] NET: Registered PF_UNIX/PF_LOCAL protocol family
[    0.270476] RPC: Registered named UNIX socket transport module.
[    0.270507] RPC: Registered udp transport module.
[    0.270516] RPC: Registered tcp transport module.
[    0.270525] RPC: Registered tcp NFSv4.1 backchannel transport module.
[    0.270548] PCI: CLS 0 bytes, default 64
[    0.271916] Initialise system trusted keyrings
[    0.286543] workingset: timestamp_bits=14 max_order=17 bucket_order=3
[    0.287801] NFS: Registering the id_resolver key type
[    0.287888] Key type id_resolver registered
[    0.287899] Key type id_legacy registered
[    0.287953] jffs2: version 2.2. (NAND) (SUMMARY)  Â© 2001-2006 Red Hat, Inc.
[    0.288327] Key type asymmetric registered
[    0.288351] Asymmetric key parser 'x509' registered
[    0.288413] io scheduler mq-deadline registered
[    0.288429] io scheduler kyber registered
[    0.291015] hw perfevents: enabled with armv7_cortex_a8 PMU driver, 5 counters available
[    0.299123] l3-aon-clkctrl:0000:0: failed to disable
[    0.299432] Serial: 8250/16550 driver, 6 ports, IRQ sharing enabled
[    0.323199] brd: module loaded
[    0.356719] loop: module loaded
[    0.357639] mtdoops: mtd device (mtddev=name/number) must be supplied
[    0.359957] i2c_dev: i2c /dev entries driver
[    0.360864] cpuidle: enable-method property 'ti,am3352' found operations
[    0.361255] sdhci: Secure Digital Host Controller Interface driver
[    0.361272] sdhci: Copyright(c) Pierre Ossman
[    0.361445] sdhci-pltfm: SDHCI platform and OF driver helper
[    0.361673] ledtrig-cpu: registered to indicate activity on CPUs
[    0.362217] Initializing XFRM netlink socket
[    0.362432] NET: Registered PF_INET6 protocol family
[    0.364068] Segment Routing with IPv6
[    0.364158] In-situ OAM (IOAM) with IPv6
[    0.364259] sit: IPv6, IPv4 and MPLS over IPv4 tunneling driver
[    0.365093] NET: Registered PF_PACKET protocol family
[    0.365142] NET: Registered PF_KEY protocol family
[    0.365295] Key type dns_resolver registered
[    0.365397] ThumbEE CPU extension supported.
[    0.365418] Registering SWP/SWPB emulation handler
[    0.365922] omap_voltage_late_init: Voltage driver support not added
[    0.366547] SmartReflex Class3 initialized
[    0.367367] Loading compiled-in X.509 certificates
[    0.399856] pinctrl-single 44e10800.pinmux: 142 pins, size 568
[    0.404281] ti-sysc: probe of 44e31000.target-module failed with error -16
[    0.448447] ti-sysc: probe of 48040000.target-module failed with error -16
[    0.478848] OMAP GPIO hardware version 0.1
[    0.504159] omap_i2c 4819c000.i2c: bus 2 rev0.11 at 100 kHz
[    0.541096] sdhci-omap 481d8000.mmc: supply vqmmc not found, using dummy regulator
[    0.600381] davinci_mdio 4a101000.mdio: davinci mdio revision 1.6, bus freq 1000000
[    0.777156] davinci_mdio 4a101000.mdio: phy[0]: device 4a101000.mdio:00, driver SMSC LAN8710/LAN8720
[    0.777745] cpsw-switch 4a100000.switch: initialized cpsw ale version 1.4
[    0.777774] cpsw-switch 4a100000.switch: ALE Table size 1024
[    0.777895] cpsw-switch 4a100000.switch: cpts: overflow check period 500 (jiffies)
[    0.777913] cpsw-switch 4a100000.switch: CPTS: ref_clk_freq:250000000 calc_mult:2147483648 calc_shift:29 error:0 nsec/sec
[    0.778026] cpsw-switch 4a100000.switch: Detected MACID = 6c:ec:eb:68:de:78
[    0.779582] cpsw-switch 4a100000.switch: initialized (regs 0x4a100000, pool size 256) hw_ver:0019010C 1.12 (0)
[    0.788991] debugfs: Directory '49000000.dma' with parent 'dmaengine' already present!
[    0.789046] edma 49000000.dma: TI EDMA DMA engine driver
[    0.846837] 44e09000.serial: ttyS0 at MMIO 0x44e09000 (irq = 19, base_baud = 3000000) is a 8250
[    1.833122] printk: console [ttyS0] enabled
[    1.864556] tps65217-pmic: Failed to locate of_node [id: -1]
[    1.879724] tps65217-bl: Failed to locate of_node [id: -1]
[    1.888198] tps65217 0-0024: TPS65217 ID 0xe version 1.2
[    1.894196] i2c 0-0070: Fixing up cyclic dependency with 4830e000.lcdc
[    1.901052] omap_i2c 44e0b000.i2c: bus 0 rev0.11 at 400 kHz
[    1.908508] omap_gpio 44e07000.gpio: Could not set line 6 debounce to 200000 microseconds (-22)
[    1.917365] sdhci-omap 48060000.mmc: Got CD GPIO
[    1.922322] sdhci-omap 48060000.mmc: supply vqmmc not found, using dummy regulator
[    1.934592] sdhci-omap 481d8000.mmc: supply vqmmc not found, using dummy regulator
[    1.969533] mmc1: SDHCI controller on 481d8000.mmc [481d8000.mmc] using External DMA
[    1.977820] mmc0: SDHCI controller on 48060000.mmc [48060000.mmc] using External DMA
[    1.986449] cpsw-switch 4a100000.switch: starting ndev. mode: dual_mac
[    2.060283] mmc0: new high speed SDHC card at address aaaa
[    2.067236] mmcblk0: mmc0:aaaa SE32G 29.7 GiB 
[    2.076500]  mmcblk0: p1 p2
[    2.081362] mmc1: new high speed MMC card at address 0001
[    2.088027] mmcblk1: mmc1:0001 MMC04G 3.60 GiB 
[    2.095229]  mmcblk1: p1 p2
[    2.099219] mmcblk1boot0: mmc1:0001 MMC04G 2.00 MiB 
[    2.106350] mmcblk1boot1: mmc1:0001 MMC04G 2.00 MiB 
[    2.113111] mmcblk1rpmb: mmc1:0001 MMC04G 128 KiB, chardev (250:0)
[    2.145631] SMSC LAN8710/LAN8720 4a101000.mdio:00: attached PHY driver (mii_bus:phy_addr=4a101000.mdio:00, irq=POLL)
[    5.284544] cpsw-switch 4a100000.switch eth0: Link is Up - 100Mbps/Full - flow control off
[    5.303865] IPv6: ADDRCONF(NETDEV_CHANGE): eth0: link becomes ready
[    5.333817] IP-Config: Complete:
[    5.337080]      device=eth0, hwaddr=6c:ec:eb:68:de:78, ipaddr=192.168.255.1, mask=255.255.255.0, gw=255.255.255.255
[    5.347692]      host=bbb1, domain=, nis-domain=(none)
[    5.352854]      bootserver=192.168.255.126, rootserver=192.168.255.126, rootpath=
[    5.353222] clk: Disabling unused clocks
[    5.365072] TAP version 14
[    5.367796] 1..0
[    5.391123] VFS: Mounted root (nfs filesystem) on device 0:16.
[    5.398026] devtmpfs: mounted
[    5.402316] Freeing unused kernel image (initmem) memory: 1024K
[    5.409032] Run /sbin/init as init process
[    6.105220] systemd[1]: System time before build time, advancing clock.
[    6.304820] random: systemd: uninitialized urandom read (16 bytes read)
[    6.316685] random: systemd: uninitialized urandom read (16 bytes read)
[    6.327556] systemd[1]: systemd 232 running in system mode. (+PAM +AUDIT +SELINUX +IMA +APPARMOR +SMACK +SYSVINIT +UTMP +LIBCRYPTSETUP +GCRYPT +GNUTLS +ACL +XZ +LZ4 +SECCOMP +BLKID +ELFUTILS +KMOD +IDN)
[    6.346753] systemd[1]: Detected architecture arm.

Welcome to [1mDebian GNU/Linux 9 (stretch)[0m!

[    6.386755] systemd[1]: Set hostname to <arm>.
[    6.758557] random: systemd-cryptse: uninitialized urandom read (16 bytes read)
[    7.337263] random: systemd: uninitialized urandom read (16 bytes read)
[    7.344487] random: systemd: uninitialized urandom read (16 bytes read)
[    7.351545] random: systemd: uninitialized urandom read (16 bytes read)
[    7.365541] systemd[1]: Created slice System Slice.
[[0;32m  OK  [0m] Created slice System Slice.
[    7.405641] systemd[1]: Listening on Syslog Socket.
[[0;32m  OK  [0m] Listening on Syslog Socket.
[    7.445657] systemd[1]: Listening on udev Control Socket.
[[0;32m  OK  [0m] Listening on udev Control Socket.
[    7.484784] systemd[1]: Started Dispatch Password Requests to Console Directory Watch.
[[0;32m  OK  [0m] Started Dispatch Password Requests to Console Directory Watch.
[    7.524219] systemd[1]: Reached target Swap.
[[0;32m  OK  [0m] Reached target Swap.
[    7.555338] systemd[1]: Created slice system-getty.slice.
[[0;32m  OK  [0m] Created slice system-getty.slice.
[    7.595617] systemd[1]: Listening on /dev/initctl Compatibility Named Pipe.
[[0;32m  OK  [0m] Listening on /dev/initctl Compatibility Named Pipe.
[[0;32m  OK  [0m] Created slice User and Session Slice.
[[0;32m  OK  [0m] Listening on Journal Socket.
         Starting Create list of required stâ€¦ce nodes for the current kernel...
         Starting Remount Root and Kernel File Systems...
         Mounting Debug File System...
[[0;32m  OK  [0m] Listening on udev Kernel Socket.
         Mounting POSIX Message Queue File System...
[[0;32m  OK  [0m] Created slice system-serial\x2dgetty.slice.
         Starting Load Kernel Modules...
[[0;32m  OK  [0m] Reached target Remote File Systems.
[[0;32m  OK  [0m] Reached target Slices.
[[0;32m  OK  [0m] Set up automount Arbitrary Executabâ€¦rmats File System Automount Point.
[[0;32m  OK  [0m] Listening on Journal Audit Socket.
[[0;32m  OK  [0m] Listening on Journal Socket (/dev/log).
         Starting Journal Service...
[[0;32m  OK  [0m] Started Forward Password Requests to Wall Directory Watch.
[[0;32m  OK  [0m] Reached target Paths.
[[0;32m  OK  [0m] Reached target Encrypted Volumes.
[[0;32m  OK  [0m] Mounted POSIX Message Queue File System.
[[0;32m  OK  [0m] Mounted Debug File System.
[[0;32m  OK  [0m] Started Create list of required staâ€¦vice nodes for the current kernel.
[[0;32m  OK  [0m] Started Remount Root and Kernel File Systems.
[[0;32m  OK  [0m] Started Load Kernel Modules.
         Mounting Configuration File System...
         Starting Apply Kernel Variables...
[    8.344399] random: systemd: uninitialized urandom read (16 bytes read)
[    8.356121] random: systemd-journal: uninitialized urandom read (16 bytes read)
         Starting Load/Save Random Seed...
[    8.396406] random: systemd-journal: uninitialized urandom read (16 bytes read)
         Starting udev Coldplug all Devices...
         Starting Create Static Device Nodes in /dev...
[[0;32m  OK  [0m] Mounted Configuration File System.
[[0;32m  OK  [0m] Started Apply Kernel Variables.
[[0;32m  OK  [0m] Started Load/Save Random Seed.
[[0;32m  OK  [0m] Started Create Static Device Nodes in /dev.
         Starting udev Kernel Device Manager...
[[0;32m  OK  [0m] Reached target Local File Systems (Pre).
[[0;32m  OK  [0m] Reached target Local File Systems.
         Starting Raise network interfaces...
[[0;32m  OK  [0m] Started Journal Service.
         Starting Flush Journal to Persistent Storage...
[    9.384963] random: systemd-udevd: uninitialized urandom read (16 bytes read)
[    9.623147] systemd-journald[100]: Received request to flush runtime journal from PID 1
[[0;32m  OK  [0m] Started Flush Journal to Persistent Storage.
         Starting Create Volatile Files and Directories...
[[0;32m  OK  [0m] Started udev Kernel Device Manager.
[[0;32m  OK  [0m] Started Create Volatile Files and Directories.
         Starting Update UTMP about System Boot/Shutdown...
         Starting Network Time Synchronization...
[[0;32m  OK  [0m] Started Update UTMP about System Boot/Shutdown.
[[0;32m  OK  [0m] Started Network Time Synchronization.
[   11.943976] random: crng init done
[   11.947440] random: 510 urandom warning(s) missed due to ratelimiting
[[0;32m  OK  [0m] Reached target System Time Synchronized.
[[0;32m  OK  [0m] Started udev Coldplug all Devices.
[[0;32m  OK  [0m] Reached target System Initialization.
[[0;32m  OK  [0m] Started Daily Cleanup of Temporary Directories.
[[0;32m  OK  [0m] Listening on Avahi mDNS/DNS-SD Stack Activation Socket.
[[0;32m  OK  [0m] Listening on D-Bus System Message Bus Socket.
[[0;32m  OK  [0m] Reached target Sockets.
[[0;32m  OK  [0m] Started Daily apt download activities.
[[0;32m  OK  [0m] Reached target Basic System.
         Starting LSB: Load kernel modules needed to enable cpufreq scaling...
         Starting DUN service...
[   12.669069] remoteproc remoteproc0: wkup_m3 is available
[   12.735968] at24 2-0054: supply vcc not found, using dummy regulator
         Starting Avahi mDNS/DNS-SD Stack...
[   12.809516] omap_wdt: OMAP Watchdog Timer Rev 0x01: initial timeout 60 sec
         Starting Cape Manager Service...
[   12.952014] at24 2-0055: supply vcc not found, using dummy regulator
         Starting Telephony service...
[   13.160961] at24 2-0056: supply vcc not found, using dummy regulator
         Starting System Logging Service...
[[0;32m  OK  [0m] Started D-Bus System Message Bus.
[   13.269622] at24 2-0057: supply vcc not found, using dummy regulator
[   13.395936] at24 0-0050: supply vcc not found, using dummy regulator
[   13.412794] tps6521x_pwrbutton tps65217-pwrbutton: DMA mask not set
[   13.454596] at24 0-0050: 32768 byte 24c256 EEPROM, writable, 1 bytes/write
[   13.498524] input: tps65217_pwrbutton as /devices/platform/ocp/44c00000.interconnect/44c00000.interconnect:segment@200000/44e0b000.target-module/44e0b000.i2c/i2c-0/0-0024/tps65217-pwrbutton/input/input0
[   13.690055] omap_rtc 44e3e000.rtc: registered as rtc0
[   13.695350] omap_rtc 44e3e000.rtc: setting system clock to 2000-01-01T00:00:00 UTC (946684800)
[   13.953456] am335x-phy-driver 47401300.usb-phy: supply vcc not found, using dummy regulator
[   14.235763] am335x-phy-driver 47401b00.usb-phy: supply vcc not found, using dummy regulator
[   14.443174] usbcore: registered new interface driver usbfs
[   14.448933] usbcore: registered new interface driver hub
[   14.454405] usbcore: registered new device driver usb
[   15.122496] musb-hdrc musb-hdrc.1: MUSB HDRC host driver
[   15.128013] musb-hdrc musb-hdrc.1: new USB bus registered, assigned bus number 1
[   15.294807] tda998x 0-0070: found TDA19988
[   15.440841] omap-mailbox 480c8000.mailbox: omap mailbox rev 0x400
[   15.460684] usb usb1: New USB device found, idVendor=1d6b, idProduct=0002, bcdDevice= 5.15
[   15.469132] usb usb1: New USB device strings: Mfr=3, Product=2, SerialNumber=1
[   15.476438] usb usb1: Product: MUSB HDRC host driver
[   15.481428] usb usb1: Manufacturer: Linux 5.15.194 musb-hcd
[   15.487048] usb usb1: SerialNumber: musb-hdrc.1
[   15.500896] remoteproc remoteproc0: powering up wkup_m3
[   15.592321] remoteproc remoteproc0: Direct firmware load for am335x-pm-firmware.elf failed with error -2
[   15.602133] remoteproc remoteproc0: request_firmware failed: -2
[   15.608148] wkup_m3_ipc 44e11324.wkup_m3_ipc: rproc_boot failed
[   15.967517] hub 1-0:1.0: USB hub found
[   16.048267] hub 1-0:1.0: 1 port detected
[[0;32m  OK  [0m] Started Telephony service.
[[0;32m  OK  [0m] Started Avahi mDNS/DNS-SD Stack.
[[0;32m  OK  [0m] Started DUN service.
         Starting Connection service...
         Starting LSB: Start busybox udhcpd at boot time...
[[0;32m  OK  [0m] Started Daily apt upgrade and clean activities.
[[0;32m  OK  [0m] Reached target Timers.
[[0;32m  OK  [0m] Started Regular background program processing daemon.
         Starting Generic Board Startup...
         Starting Login Service...
[[0;32m  OK  [0m] Started System Logging Service.
[[0;32m  OK  [0m] Started Cape Manager Service.
[   17.444460] tilcdc 4830e000.lcdc: bound 0-0070 (ops tda998x_driver_exit [tda998x])
[   17.503701] omap_rng 48310000.rng: Random Number Generator ver. 20
[   17.660420] [drm] Initialized tilcdc 1.0.0 20121205 for 4830e000.lcdc on minor 0
[   17.716342] Bluetooth: Core ver 2.22
[   17.720152] NET: Registered PF_BLUETOOTH protocol family
[   17.725602] Bluetooth: HCI device and connection manager initialized
[   17.732012] Bluetooth: HCI socket layer initialized
[   17.736951] Bluetooth: L2CAP socket layer initialized
[   17.742058] Bluetooth: SCO socket layer initialized
[   17.857286] tilcdc 4830e000.lcdc: [drm] Cannot find any crtc or sizes
[   17.874969] tilcdc 4830e000.lcdc: [drm] Cannot find any crtc or sizes
[[0;32m  OK  [0m] Found device /dev/ttyS0.
[   18.785634] PM: Cannot get wkup_m3_ipc handle
[   18.855060] omap-sham 53100000.sham: hw accel on OMAP rev 4.3
[   18.932631] omap-aes 53500000.aes: OMAP AES hw accel rev: 3.2
[   19.034078] omap-sham 53100000.sham: will run requests pump with realtime priority
[   19.118757] omap-aes 53500000.aes: will run requests pump with realtime priority
[   19.273554] PM: Cannot get wkup_m3_ipc handle
[   19.324475] PM: Cannot get wkup_m3_ipc handle
[[0;32m  OK  [0m] Started Raise network interfaces.
[[0;32m  OK  [0m] Started LSB: Start busybox udhcpd at boot time.
[   22.539880] PM: Cannot get wkup_m3_ipc handle
[   22.666106] PM: Cannot get wkup_m3_ipc handle
[[0;32m  OK  [0m] Started LSB: Load kernel modules needed to enable cpufreq scaling.
[   23.873912] using random self ethernet address
[   23.878421] using random host ethernet address
[   24.015042] using random self ethernet address
[   24.019552] using random host ethernet address
[   24.472164] usb0: HOST MAC 1c:ba:8c:a2:ed:6c
[   24.476666] usb0: MAC 1c:ba:8c:a2:ed:70
[   24.481379] usb1: HOST MAC 1c:ba:8c:a2:ed:6c
[   24.485794] usb1: MAC 1c:ba:8c:a2:ed:6d
[[0;32m  OK  [0m] Started Connection service.
[[0;32m  OK  [0m] Started Login Service.
         Starting Hostname Service...
         Starting WPA supplicant...
[[0;32m  OK  [0m] Reached target Sound Card.
         Starting LSB: set CPUFreq kernel parameters...
[[0;32m  OK  [0m] Started WPA supplicant.
[[0;32m  OK  [0m] Reached target Network.
         Starting OpenBSD Secure Shell server...
[[0;32m  OK  [0m] Reached target Network is Online.
         Starting LSB: Advanced IEEE 802.11 management daemon...
         Starting Permit User Sessions...
         Starting The Apache HTTP Server...
[[0;32m  OK  [0m] Started LSB: set CPUFreq kernel parameters.
[[0;32m  OK  [0m] Started LSB: Advanced IEEE 802.11 management daemon.
[[0;32m  OK  [0m] Started Permit User Sessions.
[[0;32m  OK  [0m] Started Hostname Service.
[[0;32m  OK  [0m] Started Getty on tty1.
[[0;32m  OK  [0m] Started Serial Getty on ttyS0.
[[0;32m  OK  [0m] Reached target Login Prompts.
[[0;32m  OK  [0m] Started OpenBSD Secure Shell server.
         Stopping LSB: Start busybox udhcpd at boot time...
[[0;32m  OK  [0m] Stopped LSB: Start busybox udhcpd at boot time.
[[0;32m  OK  [0m] Started The Apache HTTP Server.
         Starting dnsmasq - A lightweight DHCP and caching DNS server...
[[0;32m  OK  [0m] Started dnsmasq - A lightweight DHCP and caching DNS server.
[[0;32m  OK  [0m] Reached target Host and Network Name Lookups.
[[0;32m  OK  [0m] Started Serial Getty on ttyGS0.
[[0;32m  OK  [0m] Started Generic Board Startup.
[[0;32m  OK  [0m] Reached target Multi-User System.
[[0;32m  OK  [0m] Reached target Graphical Interface.
         Starting Update UTMP about System Runlevel Changes...
[[0;32m  OK  [0m] Started Update UTMP about System Runlevel Changes.

Debian GNU/Linux 9 arm ttyS0

default username:password is [debian:temppwd]

arm login: rooÿ
Password: 
Last login: Sat Jan  1 00:00:35 UTC 2000 on ttyS0
root
Linux arm 5.15.194 #1 SMP Thu Oct 2 15:07:27 EEST 2025 armv7l

The programs included with the Debian GNU/Linux system are free software;
the exact distribution terms for each program are described in the
individual files in /usr/share/doc/*/copyright.

Debian GNU/Linux comes with ABSOLUTELY NO WARRANTY, to the extent
permitted by applicable law.
root@arm:~# root
-bash: root: command not found
root@arm:~# dmesg -n 1
root@arm:~# echo 'YUHZ''SYPTWX'
YUHZSYPTWX
root@arm:~# run() { echo -n "$MARKER"; sh -c "$@"; echo "$MARKER $?"; }
root@arm:~# echo 'SAMF''UBXJYV'
SAMFUBXJYV
root@arm:~# MARKER='WESQ''PMHVWA' run 'cat /proc/version'
WESQPMHVWALinux version 5.15.194 (user01@drvtest01) (arm-none-eabi-gcc (Arm GNU Toolchain 14.2.Rel1 (Build arm-14.52)) 14.2.1 20241119, GNU ld (Arm GNU Toolchain 14.2.Rel1 (Build arm-14.52)) 2.43.1.20241119) #1 SMP Thu Oct 2 15:07:27 EEST 2025
WESQPMHVWA 0
root@arm:~# echo 'HAWG''BUTJEX'
HAWGBUTJEX
root@arm:~# MARKER='CEOZ''CZEFNJ' run false
CEOZCZEFNJCEOZCZEFNJ 1
root@arm:~# Labgrid Console Logfile for main
Logfile started at 2025-10-02 15:19:15.295496
=== Log starts here ===

root@arm:~# run() { echo -n "$MARKER"; sh -c "$@"; echo "$MARKER $?"; }
root@arm:~# echo 'BMMH''QVLOKG'
BMMHQVLOKG
root@arm:~# MARKER='TPXM''NUBZJL' run 'ls /iio_generic_buffer; echo $?'
TPXMNUBZJL/iio_generic_buffer
0
TPXMNUBZJL 0
root@arm:~# Labgrid Console Logfile for main
Logfile started at 2025-10-02 15:19:18.712692
=== Log starts here ===

root@arm:~# run() { echo -n "$MARKER"; sh -c "$@"; echo "$MARKER $?"; }
root@arm:~# echo 'LNUS''XGVZFQ'
LNUSXGVZFQ
root@arm:~# MARKER='ZFXS''LVTOLV' run dmesg
ZFXSLVTOLV[    0.000000] Booting Linux on physical CPU 0x0
[    0.000000] Linux version 5.15.194 (user01@drvtest01) (arm-none-eabi-gcc (Arm GNU Toolchain 14.2.Rel1 (Build arm-14.52)) 14.2.1 20241119, GNU ld (Arm GNU Toolchain 14.2.Rel1 (Build arm-14.52)) 2.43.1.20241119) #1 SMP Thu Oct 2 15:07:27 EEST 2025
[    0.000000] CPU: ARMv7 Processor [413fc082] revision 2 (ARMv7), cr=10c5387d
[    0.000000] CPU: PIPT / VIPT nonaliasing data cache, VIPT aliasing instruction cache
[    0.000000] OF: fdt: Machine model: TI AM335x BeagleBone Black
[    0.000000] Memory policy: Data cache writeback
[    0.000000] cma: Reserved 16 MiB at 0x9e800000
[    0.000000] Zone ranges:
[    0.000000]   Normal   [mem 0x0000000080000000-0x000000009fdfffff]
[    0.000000]   HighMem  empty
[    0.000000] Movable zone start for each node
[    0.000000] Early memory node ranges
[    0.000000]   node   0: [mem 0x0000000080000000-0x000000009fdfffff]
[    0.000000] Initmem setup node 0 [mem 0x0000000080000000-0x000000009fdfffff]
[    0.000000] CPU: All CPU(s) started in SVC mode.
[    0.000000] AM335X ES2.1 (sgx neon)
[    0.000000] percpu: Embedded 16 pages/cpu s33804 r8192 d23540 u65536
[    0.000000] pcpu-alloc: s33804 r8192 d23540 u65536 alloc=16*4096
[    0.000000] pcpu-alloc: [0] 0 
[    0.000000] Built 1 zonelists, mobility grouping on.  Total pages: 129412
[    0.000000] Kernel command line: console=ttyO0,115200n8 root=/dev/nfs rw nfsroot=192.168.255.126:/home/user01/nfs,nfsvers=3 ip=192.168.255.1:192.168.255.126::255.255.255.0:bbb1:eth0 nfsrootdebug
[    0.000000] Unknown kernel command line parameters "nfsrootdebug", will be passed to user space.
[    0.000000] Dentry cache hash table entries: 65536 (order: 6, 262144 bytes, linear)
[    0.000000] Inode-cache hash table entries: 32768 (order: 5, 131072 bytes, linear)
[    0.000000] mem auto-init: stack:off, heap alloc:off, heap free:off
[    0.000000] Memory: 484756K/522240K available (10240K kernel code, 1079K rwdata, 2396K rodata, 1024K init, 242K bss, 21100K reserved, 16384K cma-reserved, 0K highmem)
[    0.000000] trace event string verifier disabled
[    0.000000] rcu: Hierarchical RCU implementation.
[    0.000000] rcu: 	RCU event tracing is enabled.
[    0.000000] rcu: 	RCU restricting CPUs from NR_CPUS=2 to nr_cpu_ids=1.
[    0.000000] rcu: RCU calculated value of scheduler-enlistment delay is 10 jiffies.
[    0.000000] rcu: Adjusting geometry for rcu_fanout_leaf=16, nr_cpu_ids=1
[    0.000000] NR_IRQS: 16, nr_irqs: 16, preallocated irqs: 16
[    0.000000] IRQ: Found an INTC at 0x(ptrval) (revision 5.0) with 128 interrupts
[    0.000000] TI gptimer clocksource: always-on /ocp/interconnect@44c00000/segment@200000/target-module@31000
[    0.000002] sched_clock: 32 bits at 24MHz, resolution 41ns, wraps every 89478484971ns
[    0.000028] clocksource: dmtimer: mask: 0xffffffff max_cycles: 0xffffffff, max_idle_ns: 79635851949 ns
[    0.000451] TI gptimer clockevent: 24000000 Hz at /ocp/interconnect@48000000/segment@0/target-module@40000
[    0.002305] Console: colour dummy device 80x30
[    0.002364] WARNING: Your 'console=ttyO0' has been replaced by 'ttyS0'
[    0.002376] This ensures that you still see kernel messages. Please
[    0.002384] update your kernel commandline.
[    0.002432] Calibrating delay loop... 996.14 BogoMIPS (lpj=4980736)
[    0.090569] CPU: Testing write buffer coherency: ok
[    0.090660] CPU0: Spectre v2: using BPIALL workaround
[    0.090674] pid_max: default: 32768 minimum: 301
[    0.090814] LSM: Security Framework initializing
[    0.090997] Mount-cache hash table entries: 1024 (order: 0, 4096 bytes, linear)
[    0.091023] Mountpoint-cache hash table entries: 1024 (order: 0, 4096 bytes, linear)
[    0.092607] CPU0: thread -1, cpu 0, socket -1, mpidr 0
[    0.093659] Setting up static identity map for 0x80100000 - 0x80100078
[    0.093887] rcu: Hierarchical SRCU implementation.
[    0.095094] smp: Bringing up secondary CPUs ...
[    0.095123] smp: Brought up 1 node, 1 CPU
[    0.095138] SMP: Total of 1 processors activated (996.14 BogoMIPS).
[    0.095151] CPU: All CPU(s) started in SVC mode.
[    0.095933] devtmpfs: initialized
[    0.110235] VFP support v0.3: implementor 41 architecture 3 part 30 variant c rev 3
[    0.110652] clocksource: jiffies: mask: 0xffffffff max_cycles: 0xffffffff, max_idle_ns: 19112604462750000 ns
[    0.110691] futex hash table entries: 256 (order: 2, 16384 bytes, linear)
[    0.112079] pinctrl core: initialized pinctrl subsystem
[    0.114005] NET: Registered PF_NETLINK/PF_ROUTE protocol family
[    0.116778] DMA: preallocated 256 KiB pool for atomic coherent allocations
[    0.117336] audit: initializing netlink subsys (disabled)
[    0.118538] thermal_sys: Registered thermal governor 'fair_share'
[    0.118559] thermal_sys: Registered thermal governor 'step_wise'
[    0.118574] thermal_sys: Registered thermal governor 'user_space'
[    0.118930] cpuidle: using governor menu
[    0.135205] No ATAGs?
[    0.135244] hw-breakpoint: debug architecture 0x4 unsupported.
[    0.143303] kprobes: kprobe jump-optimization is enabled. All kprobes are optimized if possible.
[    0.143639] audit: type=2000 audit(0.110:1): state=initialized audit_enabled=0 res=1
[    0.148499] reg-fixed-voltage fixedregulator0: GPIO lookup for consumer (null)
[    0.148527] reg-fixed-voltage fixedregulator0: using device tree for GPIO lookup
[    0.148548] of_get_named_gpiod_flags: can't parse 'gpios' property of node '/fixedregulator0[0]'
[    0.148585] of_get_named_gpiod_flags: can't parse 'gpio' property of node '/fixedregulator0[0]'
[    0.148607] reg-fixed-voltage fixedregulator0: using lookup tables for GPIO lookup
[    0.148618] reg-fixed-voltage fixedregulator0: No GPIO consumer (null) found
[    0.149749] iommu: Default domain type: Translated 
[    0.149771] iommu: DMA domain TLB invalidation policy: strict mode 
[    0.151172] vgaarb: loaded
[    0.151706] SCSI subsystem initialized
[    0.152113] libata version 3.00 loaded.
[    0.152437] pps_core: LinuxPPS API ver. 1 registered
[    0.152454] pps_core: Software ver. 5.3.6 - Copyright 2005-2007 Rodolfo Giometti <giometti@linux.it>
[    0.152482] PTP clock support registered
[    0.153815] clocksource: Switched to clocksource dmtimer
[    0.199374] VFS: Disk quotas dquot_6.6.0
[    0.199492] VFS: Dquot-cache hash table entries: 1024 (order 0, 4096 bytes)
[    0.267515] NET: Registered PF_INET protocol family
[    0.267844] IP idents hash table entries: 8192 (order: 4, 65536 bytes, linear)
[    0.268805] tcp_listen_portaddr_hash hash table entries: 512 (order: 0, 4096 bytes, linear)
[    0.268859] Table-perturb hash table entries: 65536 (order: 6, 262144 bytes, linear)
[    0.268889] TCP established hash table entries: 4096 (order: 2, 16384 bytes, linear)
[    0.268938] TCP bind hash table entries: 4096 (order: 3, 32768 bytes, linear)
[    0.269002] TCP: Hash tables configured (established 4096 bind 4096)
[    0.269140] UDP hash table entries: 256 (order: 1, 8192 bytes, linear)
[    0.269171] UDP-Lite hash table entries: 256 (order: 1, 8192 bytes, linear)
[    0.269358] NET: Registered PF_UNIX/PF_LOCAL protocol family
[    0.270476] RPC: Registered named UNIX socket transport module.
[    0.270507] RPC: Registered udp transport module.
[    0.270516] RPC: Registered tcp transport module.
[    0.270525] RPC: Registered tcp NFSv4.1 backchannel transport module.
[    0.270548] PCI: CLS 0 bytes, default 64
[    0.271916] Initialise system trusted keyrings
[    0.286543] workingset: timestamp_bits=14 max_order=17 bucket_order=3
[    0.287801] NFS: Registering the id_resolver key type
[    0.287888] Key type id_resolver registered
[    0.287899] Key type id_legacy registered
[    0.287953] jffs2: version 2.2. (NAND) (SUMMARY)  Â© 2001-2006 Red Hat, Inc.
[    0.288327] Key type asymmetric registered
[    0.288351] Asymmetric key parser 'x509' registered
[    0.288413] io scheduler mq-deadline registered
[    0.288429] io scheduler kyber registered
[    0.291015] hw perfevents: enabled with armv7_cortex_a8 PMU driver, 5 counters available
[    0.299123] l3-aon-clkctrl:0000:0: failed to disable
[    0.299432] Serial: 8250/16550 driver, 6 ports, IRQ sharing enabled
[    0.323199] brd: module loaded
[    0.356719] loop: module loaded
[    0.357639] mtdoops: mtd device (mtddev=name/number) must be supplied
[    0.358884] mdio_bus fixed-0: GPIO lookup for consumer reset
[    0.358910] mdio_bus fixed-0: using lookup tables for GPIO lookup
[    0.358922] mdio_bus fixed-0: No GPIO consumer reset found
[    0.359957] i2c_dev: i2c /dev entries driver
[    0.360864] cpuidle: enable-method property 'ti,am3352' found operations
[    0.361255] sdhci: Secure Digital Host Controller Interface driver
[    0.361272] sdhci: Copyright(c) Pierre Ossman
[    0.361445] sdhci-pltfm: SDHCI platform and OF driver helper
[    0.361673] ledtrig-cpu: registered to indicate activity on CPUs
[    0.362217] Initializing XFRM netlink socket
[    0.362432] NET: Registered PF_INET6 protocol family
[    0.364068] Segment Routing with IPv6
[    0.364158] In-situ OAM (IOAM) with IPv6
[    0.364259] sit: IPv6, IPv4 and MPLS over IPv4 tunneling driver
[    0.365093] NET: Registered PF_PACKET protocol family
[    0.365142] NET: Registered PF_KEY protocol family
[    0.365295] Key type dns_resolver registered
[    0.365397] ThumbEE CPU extension supported.
[    0.365418] Registering SWP/SWPB emulation handler
[    0.365922] omap_voltage_late_init: Voltage driver support not added
[    0.366547] SmartReflex Class3 initialized
[    0.367367] Loading compiled-in X.509 certificates
[    0.399856] pinctrl-single 44e10800.pinmux: 142 pins, size 568
[    0.404281] ti-sysc: probe of 44e31000.target-module failed with error -16
[    0.448447] ti-sysc: probe of 48040000.target-module failed with error -16
[    0.458582] gpio gpiochip0: (gpio-0-31): created GPIO range 0->7 ==> 44e10800.pinmux PIN 0->7
[    0.458624] gpio gpiochip0: (gpio-0-31): created GPIO range 8->11 ==> 44e10800.pinmux PIN 90->93
[    0.458642] gpio gpiochip0: (gpio-0-31): created GPIO range 12->27 ==> 44e10800.pinmux PIN 12->27
[    0.458659] gpio gpiochip0: (gpio-0-31): created GPIO range 28->31 ==> 44e10800.pinmux PIN 30->33
[    0.478590] gpio gpiochip0: (gpio-0-31): added GPIO chardev (254:0)
[    0.478758] gpio gpiochip0: registered GPIOs 0 to 31 on gpio-0-31
[    0.478848] OMAP GPIO hardware version 0.1
[    0.503112] i2c i2c-2: GPIO lookup for consumer scl
[    0.503148] i2c i2c-2: using device tree for GPIO lookup
[    0.503173] of_get_named_gpiod_flags: can't parse 'scl-gpios' property of node '/ocp/interconnect@48000000/segment@100000/target-module@9c000/i2c@0[0]'
[    0.503221] of_get_named_gpiod_flags: can't parse 'scl-gpio' property of node '/ocp/interconnect@48000000/segment@100000/target-module@9c000/i2c@0[0]'
[    0.503262] i2c i2c-2: using lookup tables for GPIO lookup
[    0.503273] i2c i2c-2: No GPIO consumer scl found
[    0.503295] i2c i2c-2: GPIO lookup for consumer sda
[    0.503303] i2c i2c-2: using device tree for GPIO lookup
[    0.503317] of_get_named_gpiod_flags: can't parse 'sda-gpios' property of node '/ocp/interconnect@48000000/segment@100000/target-module@9c000/i2c@0[0]'
[    0.503356] of_get_named_gpiod_flags: can't parse 'sda-gpio' property of node '/ocp/interconnect@48000000/segment@100000/target-module@9c000/i2c@0[0]'
[    0.503392] i2c i2c-2: using lookup tables for GPIO lookup
[    0.503400] i2c i2c-2: No GPIO consumer sda found
[    0.504159] omap_i2c 4819c000.i2c: bus 2 rev0.11 at 100 kHz
[    0.509318] gpio gpiochip1: (gpio-32-63): created GPIO range 0->17 ==> 44e10800.pinmux PIN 34->51
[    0.509358] gpio gpiochip1: (gpio-32-63): created GPIO range 18->21 ==> 44e10800.pinmux PIN 77->80
[    0.509376] gpio gpiochip1: (gpio-32-63): created GPIO range 22->31 ==> 44e10800.pinmux PIN 56->65
[    0.519254] gpio gpiochip1: (gpio-32-63): added GPIO chardev (254:1)
[    0.519400] gpio gpiochip1: registered GPIOs 32 to 63 on gpio-32-63
[    0.521498] gpio gpiochip2: (gpio-64-95): created GPIO range 0->4 ==> 44e10800.pinmux PIN 66->70
[    0.521534] gpio gpiochip2: (gpio-64-95): created GPIO range 5->6 ==> 44e10800.pinmux PIN 98->99
[    0.521550] gpio gpiochip2: (gpio-64-95): created GPIO range 7->8 ==> 44e10800.pinmux PIN 75->76
[    0.521566] gpio gpiochip2: (gpio-64-95): created GPIO range 13->13 ==> 44e10800.pinmux PIN 141->141
[    0.521583] gpio gpiochip2: (gpio-64-95): created GPIO range 14->21 ==> 44e10800.pinmux PIN 100->107
[    0.521992] gpio gpiochip2: (gpio-64-95): added GPIO chardev (254:2)
[    0.522118] gpio gpiochip2: registered GPIOs 64 to 95 on gpio-64-95
[    0.539628] mdio_bus 4a101000.mdio: GPIO lookup for consumer reset
[    0.539665] mdio_bus 4a101000.mdio: using device tree for GPIO lookup
[    0.539692] of_get_named_gpiod_flags: can't parse 'reset-gpios' property of node '/ocp/interconnect@4a000000/segment@0/target-module@100000/switch@0/mdio@1000[0]'
[    0.539744] of_get_named_gpiod_flags: can't parse 'reset-gpio' property of node '/ocp/interconnect@4a000000/segment@0/target-module@100000/switch@0/mdio@1000[0]'
[    0.539790] mdio_bus 4a101000.mdio: using lookup tables for GPIO lookup
[    0.539801] mdio_bus 4a101000.mdio: No GPIO consumer reset found
[    0.540777] sdhci-omap 481d8000.mmc: GPIO lookup for consumer wp
[    0.540801] sdhci-omap 481d8000.mmc: using device tree for GPIO lookup
[    0.540822] of_get_named_gpiod_flags: can't parse 'wp-gpios' property of node '/ocp/interconnect@48000000/segment@100000/target-module@d8000/mmc@0[0]'
[    0.540874] of_get_named_gpiod_flags: can't parse 'wp-gpio' property of node '/ocp/interconnect@48000000/segment@100000/target-module@d8000/mmc@0[0]'
[    0.540913] sdhci-omap 481d8000.mmc: using lookup tables for GPIO lookup
[    0.540924] sdhci-omap 481d8000.mmc: No GPIO consumer wp found
[    0.541096] sdhci-omap 481d8000.mmc: supply vqmmc not found, using dummy regulator
[    0.600381] davinci_mdio 4a101000.mdio: davinci mdio revision 1.6, bus freq 1000000
[    0.616791] mdio_bus 4a101000.mdio:00: GPIO lookup for consumer reset
[    0.616820] mdio_bus 4a101000.mdio:00: using device tree for GPIO lookup
[    0.616861] of_get_named_gpiod_flags: parsed 'reset-gpios' property of node '/ocp/interconnect@4a000000/segment@0/target-module@100000/switch@0/mdio@1000/ethernet-phy@0[0]' - status (0)
[    0.617025] gpio gpiochip0: Persistence not supported for GPIO 8
[    0.777156] davinci_mdio 4a101000.mdio: phy[0]: device 4a101000.mdio:00, driver SMSC LAN8710/LAN8720
[    0.777745] cpsw-switch 4a100000.switch: initialized cpsw ale version 1.4
[    0.777774] cpsw-switch 4a100000.switch: ALE Table size 1024
[    0.777895] cpsw-switch 4a100000.switch: cpts: overflow check period 500 (jiffies)
[    0.777913] cpsw-switch 4a100000.switch: CPTS: ref_clk_freq:250000000 calc_mult:2147483648 calc_shift:29 error:0 nsec/sec
[    0.778026] cpsw-switch 4a100000.switch: Detected MACID = 6c:ec:eb:68:de:78
[    0.779582] cpsw-switch 4a100000.switch: initialized (regs 0x4a100000, pool size 256) hw_ver:0019010C 1.12 (0)
[    0.788991] debugfs: Directory '49000000.dma' with parent 'dmaengine' already present!
[    0.789046] edma 49000000.dma: TI EDMA DMA engine driver
[    0.834151] gpio-clk clk_mcasp0: GPIO lookup for consumer enable
[    0.834188] gpio-clk clk_mcasp0: using device tree for GPIO lookup
[    0.834228] of_get_named_gpiod_flags: parsed 'enable-gpios' property of node '/clk_mcasp0[0]' - status (0)
[    0.834272] gpio gpiochip0: Persistence not supported for GPIO 27
[    0.835018] gpio gpiochip3: (gpio-96-127): created GPIO range 0->7 ==> 44e10800.pinmux PIN 82->89
[    0.835050] gpio gpiochip3: (gpio-96-127): created GPIO range 8->11 ==> 44e10800.pinmux PIN 52->55
[    0.835067] gpio gpiochip3: (gpio-96-127): created GPIO range 12->15 ==> 44e10800.pinmux PIN 94->97
[    0.835083] gpio gpiochip3: (gpio-96-127): created GPIO range 16->17 ==> 44e10800.pinmux PIN 71->72
[    0.835100] gpio gpiochip3: (gpio-96-127): created GPIO range 18->18 ==> 44e10800.pinmux PIN 135->135
[    0.835117] gpio gpiochip3: (gpio-96-127): created GPIO range 19->20 ==> 44e10800.pinmux PIN 108->109
[    0.835134] gpio gpiochip3: (gpio-96-127): created GPIO range 21->21 ==> 44e10800.pinmux PIN 73->73
[    0.835152] gpio gpiochip3: (gpio-96-127): created GPIO range 22->23 ==> 44e10800.pinmux PIN 8->9
[    0.835170] gpio gpiochip3: (gpio-96-127): created GPIO range 26->27 ==> 44e10800.pinmux PIN 10->11
[    0.835189] gpio gpiochip3: (gpio-96-127): created GPIO range 28->28 ==> 44e10800.pinmux PIN 74->74
[    0.835207] gpio gpiochip3: (gpio-96-127): created GPIO range 29->29 ==> 44e10800.pinmux PIN 81->81
[    0.835227] gpio gpiochip3: (gpio-96-127): created GPIO range 30->31 ==> 44e10800.pinmux PIN 28->29
[    0.836013] gpio gpiochip3: (gpio-96-127): added GPIO chardev (254:3)
[    0.836143] gpio gpiochip3: registered GPIOs 96 to 127 on gpio-96-127
[    0.846625] omap8250 44e09000.serial: GPIO lookup for consumer rs485-term
[    0.846658] omap8250 44e09000.serial: using device tree for GPIO lookup
[    0.846682] of_get_named_gpiod_flags: can't parse 'rs485-term-gpios' property of node '/ocp/interconnect@44c00000/segment@200000/target-module@9000/serial@0[0]'
[    0.846734] of_get_named_gpiod_flags: can't parse 'rs485-term-gpio' property of node '/ocp/interconnect@44c00000/segment@200000/target-module@9000/serial@0[0]'
[    0.846777] omap8250 44e09000.serial: using lookup tables for GPIO lookup
[    0.846788] omap8250 44e09000.serial: No GPIO consumer rs485-term found
[    0.846837] 44e09000.serial: ttyS0 at MMIO 0x44e09000 (irq = 19, base_baud = 3000000) is a 8250
[    1.833122] printk: console [ttyS0] enabled
[    1.839581] i2c i2c-0: GPIO lookup for consumer scl
[    1.839614] i2c i2c-0: using device tree for GPIO lookup
[    1.839639] of_get_named_gpiod_flags: can't parse 'scl-gpios' property of node '/ocp/interconnect@44c00000/segment@200000/target-module@b000/i2c@0[0]'
[    1.839685] of_get_named_gpiod_flags: can't parse 'scl-gpio' property of node '/ocp/interconnect@44c00000/segment@200000/target-module@b000/i2c@0[0]'
[    1.839726] i2c i2c-0: using lookup tables for GPIO lookup
[    1.839738] i2c i2c-0: No GPIO consumer scl found
[    1.839759] i2c i2c-0: GPIO lookup for consumer sda
[    1.839767] i2c i2c-0: using device tree for GPIO lookup
[    1.839782] of_get_named_gpiod_flags: can't parse 'sda-gpios' property of node '/ocp/interconnect@44c00000/segment@200000/target-module@b000/i2c@0[0]'
[    1.839821] of_get_named_gpiod_flags: can't parse 'sda-gpio' property of node '/ocp/interconnect@44c00000/segment@200000/target-module@b000/i2c@0[0]'
[    1.839856] i2c i2c-0: using lookup tables for GPIO lookup
[    1.839865] i2c i2c-0: No GPIO consumer sda found
[    1.864556] tps65217-pmic: Failed to locate of_node [id: -1]
[    1.879724] tps65217-bl: Failed to locate of_node [id: -1]
[    1.888198] tps65217 0-0024: TPS65217 ID 0xe version 1.2
[    1.894196] i2c 0-0070: Fixing up cyclic dependency with 4830e000.lcdc
[    1.901052] omap_i2c 44e0b000.i2c: bus 0 rev0.11 at 400 kHz
[    1.908300] sdhci-omap 48060000.mmc: GPIO lookup for consumer cd
[    1.908326] sdhci-omap 48060000.mmc: using device tree for GPIO lookup
[    1.908368] of_get_named_gpiod_flags: parsed 'cd-gpios' property of node '/ocp/interconnect@48000000/segment@0/target-module@60000/mmc@0[0]' - status (0)
[    1.908486] gpio gpiochip3: Persistence not supported for GPIO 6
[    1.908508] omap_gpio 44e07000.gpio: Could not set line 6 debounce to 200000 microseconds (-22)
[    1.917365] sdhci-omap 48060000.mmc: Got CD GPIO
[    1.922010] sdhci-omap 48060000.mmc: GPIO lookup for consumer wp
[    1.922020] sdhci-omap 48060000.mmc: using device tree for GPIO lookup
[    1.922038] of_get_named_gpiod_flags: can't parse 'wp-gpios' property of node '/ocp/interconnect@48000000/segment@0/target-module@60000/mmc@0[0]'
[    1.922083] of_get_named_gpiod_flags: can't parse 'wp-gpio' property of node '/ocp/interconnect@48000000/segment@0/target-module@60000/mmc@0[0]'
[    1.922123] sdhci-omap 48060000.mmc: using lookup tables for GPIO lookup
[    1.922135] sdhci-omap 48060000.mmc: No GPIO consumer wp found
[    1.922322] sdhci-omap 48060000.mmc: supply vqmmc not found, using dummy regulator
[    1.931013] sdhci-omap 481d8000.mmc: GPIO lookup for consumer wp
[    1.931040] sdhci-omap 481d8000.mmc: using device tree for GPIO lookup
[    1.931061] of_get_named_gpiod_flags: can't parse 'wp-gpios' property of node '/ocp/interconnect@48000000/segment@100000/target-module@d8000/mmc@0[0]'
[    1.931114] of_get_named_gpiod_flags: can't parse 'wp-gpio' property of node '/ocp/interconnect@48000000/segment@100000/target-module@d8000/mmc@0[0]'
[    1.931153] sdhci-omap 481d8000.mmc: using lookup tables for GPIO lookup
[    1.931163] sdhci-omap 481d8000.mmc: No GPIO consumer wp found
[    1.934592] sdhci-omap 481d8000.mmc: supply vqmmc not found, using dummy regulator
[    1.969533] mmc1: SDHCI controller on 481d8000.mmc [481d8000.mmc] using External DMA
[    1.977820] mmc0: SDHCI controller on 48060000.mmc [48060000.mmc] using External DMA
[    1.986449] cpsw-switch 4a100000.switch: starting ndev. mode: dual_mac
[    2.060283] mmc0: new high speed SDHC card at address aaaa
[    2.067236] mmcblk0: mmc0:aaaa SE32G 29.7 GiB 
[    2.076500]  mmcblk0: p1 p2
[    2.081362] mmc1: new high speed MMC card at address 0001
[    2.088027] mmcblk1: mmc1:0001 MMC04G 3.60 GiB 
[    2.095229]  mmcblk1: p1 p2
[    2.099219] mmcblk1boot0: mmc1:0001 MMC04G 2.00 MiB 
[    2.106350] mmcblk1boot1: mmc1:0001 MMC04G 2.00 MiB 
[    2.113111] mmcblk1rpmb: mmc1:0001 MMC04G 128 KiB, chardev (250:0)
[    2.145631] SMSC LAN8710/LAN8720 4a101000.mdio:00: attached PHY driver (mii_bus:phy_addr=4a101000.mdio:00, irq=POLL)
[    5.284544] cpsw-switch 4a100000.switch eth0: Link is Up - 100Mbps/Full - flow control off
[    5.303865] IPv6: ADDRCONF(NETDEV_CHANGE): eth0: link becomes ready
[    5.333817] IP-Config: Complete:
[    5.337080]      device=eth0, hwaddr=6c:ec:eb:68:de:78, ipaddr=192.168.255.1, mask=255.255.255.0, gw=255.255.255.255
[    5.347692]      host=bbb1, domain=, nis-domain=(none)
[    5.352854]      bootserver=192.168.255.126, rootserver=192.168.255.126, rootpath=
[    5.353222] clk: Disabling unused clocks
[    5.365072] TAP version 14
[    5.367796] 1..0
[    5.391123] VFS: Mounted root (nfs filesystem) on device 0:16.
[    5.398026] devtmpfs: mounted
[    5.402316] Freeing unused kernel image (initmem) memory: 1024K
[    5.409032] Run /sbin/init as init process
[    5.413159]   with arguments:
[    5.413168]     /sbin/init
[    5.413175]     nfsrootdebug
[    5.413181]   with environment:
[    5.413187]     HOME=/
[    5.413194]     TERM=linux
[    6.105220] systemd[1]: System time before build time, advancing clock.
[    6.304820] random: systemd: uninitialized urandom read (16 bytes read)
[    6.316685] random: systemd: uninitialized urandom read (16 bytes read)
[    6.327556] systemd[1]: systemd 232 running in system mode. (+PAM +AUDIT +SELINUX +IMA +APPARMOR +SMACK +SYSVINIT +UTMP +LIBCRYPTSETUP +GCRYPT +GNUTLS +ACL +XZ +LZ4 +SECCOMP +BLKID +ELFUTILS +KMOD +IDN)
[    6.346753] systemd[1]: Detected architecture arm.
[    6.386755] systemd[1]: Set hostname to <arm>.
[    6.758557] random: systemd-cryptse: uninitialized urandom read (16 bytes read)
[    7.337263] random: systemd: uninitialized urandom read (16 bytes read)
[    7.344487] random: systemd: uninitialized urandom read (16 bytes read)
[    7.351545] random: systemd: uninitialized urandom read (16 bytes read)
[    7.365541] systemd[1]: Created slice System Slice.
[    7.405641] systemd[1]: Listening on Syslog Socket.
[    7.445657] systemd[1]: Listening on udev Control Socket.
[    7.484784] systemd[1]: Started Dispatch Password Requests to Console Directory Watch.
[    7.524219] systemd[1]: Reached target Swap.
[    7.555338] systemd[1]: Created slice system-getty.slice.
[    7.595617] systemd[1]: Listening on /dev/initctl Compatibility Named Pipe.
[    8.344399] random: systemd: uninitialized urandom read (16 bytes read)
[    8.356121] random: systemd-journal: uninitialized urandom read (16 bytes read)
[    8.396406] random: systemd-journal: uninitialized urandom read (16 bytes read)
[    9.384963] random: systemd-udevd: uninitialized urandom read (16 bytes read)
[    9.623147] systemd-journald[100]: Received request to flush runtime journal from PID 1
[   11.943976] random: crng init done
[   11.947440] random: 510 urandom warning(s) missed due to ratelimiting
[   12.257870] of_get_named_gpiod_flags: parsed 'gpios' property of node '/leds/led2[0]' - status (0)
[   12.257958] gpio gpiochip0: Persistence not supported for GPIO 21
[   12.257972] gpio-21 (?): no flags found for gpios
[   12.258220] of_get_named_gpiod_flags: parsed 'gpios' property of node '/leds/led3[0]' - status (0)
[   12.258259] gpio gpiochip0: Persistence not supported for GPIO 22
[   12.258270] gpio-22 (?): no flags found for gpios
[   12.258459] of_get_named_gpiod_flags: parsed 'gpios' property of node '/leds/led4[0]' - status (0)
[   12.258492] gpio gpiochip0: Persistence not supported for GPIO 23
[   12.258501] gpio-23 (?): no flags found for gpios
[   12.258662] of_get_named_gpiod_flags: parsed 'gpios' property of node '/leds/led5[0]' - status (0)
[   12.258693] gpio gpiochip0: Persistence not supported for GPIO 24
[   12.258703] gpio-24 (?): no flags found for gpios
[   12.669069] remoteproc remoteproc0: wkup_m3 is available
[   12.735968] at24 2-0054: supply vcc not found, using dummy regulator
[   12.809516] omap_wdt: OMAP Watchdog Timer Rev 0x01: initial timeout 60 sec
[   12.952014] at24 2-0055: supply vcc not found, using dummy regulator
[   13.160961] at24 2-0056: supply vcc not found, using dummy regulator
[   13.269622] at24 2-0057: supply vcc not found, using dummy regulator
[   13.395936] at24 0-0050: supply vcc not found, using dummy regulator
[   13.412794] tps6521x_pwrbutton tps65217-pwrbutton: DMA mask not set
[   13.454120] at24 0-0050: GPIO lookup for consumer wp
[   13.454163] at24 0-0050: using device tree for GPIO lookup
[   13.454194] of_get_named_gpiod_flags: can't parse 'wp-gpios' property of node '/ocp/interconnect@44c00000/segment@200000/target-module@b000/i2c@0/baseboard_eeprom@50[0]'
[   13.454271] of_get_named_gpiod_flags: can't parse 'wp-gpio' property of node '/ocp/interconnect@44c00000/segment@200000/target-module@b000/i2c@0/baseboard_eeprom@50[0]'
[   13.454322] at24 0-0050: using lookup tables for GPIO lookup
[   13.454334] at24 0-0050: No GPIO consumer wp found
[   13.454596] at24 0-0050: 32768 byte 24c256 EEPROM, writable, 1 bytes/write
[   13.498524] input: tps65217_pwrbutton as /devices/platform/ocp/44c00000.interconnect/44c00000.interconnect:segment@200000/44e0b000.target-module/44e0b000.i2c/i2c-0/0-0024/tps65217-pwrbutton/input/input0
[   13.690055] omap_rtc 44e3e000.rtc: registered as rtc0
[   13.695350] omap_rtc 44e3e000.rtc: setting system clock to 2000-01-01T00:00:00 UTC (946684800)
[   13.704075] omap_rtc 44e3e000.rtc: GPIO lookup for consumer wp
[   13.704089] omap_rtc 44e3e000.rtc: using device tree for GPIO lookup
[   13.704119] of_get_named_gpiod_flags: can't parse 'wp-gpios' property of node '/ocp/interconnect@44c00000/segment@200000/target-module@3e000/rtc@0[0]'
[   13.704178] of_get_named_gpiod_flags: can't parse 'wp-gpio' property of node '/ocp/interconnect@44c00000/segment@200000/target-module@3e000/rtc@0[0]'
[   13.704222] omap_rtc 44e3e000.rtc: using lookup tables for GPIO lookup
[   13.704233] omap_rtc 44e3e000.rtc: No GPIO consumer wp found
[   13.953066] am335x-phy-driver 47401300.usb-phy: GPIO lookup for consumer reset
[   13.953109] am335x-phy-driver 47401300.usb-phy: using device tree for GPIO lookup
[   13.953138] of_get_named_gpiod_flags: can't parse 'reset-gpios' property of node '/ocp/target-module@47400000/usb-phy@1300[0]'
[   13.953190] of_get_named_gpiod_flags: can't parse 'reset-gpio' property of node '/ocp/target-module@47400000/usb-phy@1300[0]'
[   13.953222] am335x-phy-driver 47401300.usb-phy: using lookup tables for GPIO lookup
[   13.953234] am335x-phy-driver 47401300.usb-phy: No GPIO consumer reset found
[   13.953245] am335x-phy-driver 47401300.usb-phy: GPIO lookup for consumer vbus-detect
[   13.953255] am335x-phy-driver 47401300.usb-phy: using device tree for GPIO lookup
[   13.953270] of_get_named_gpiod_flags: can't parse 'vbus-detect-gpios' property of node '/ocp/target-module@47400000/usb-phy@1300[0]'
[   13.953299] of_get_named_gpiod_flags: can't parse 'vbus-detect-gpio' property of node '/ocp/target-module@47400000/usb-phy@1300[0]'
[   13.953325] am335x-phy-driver 47401300.usb-phy: using lookup tables for GPIO lookup
[   13.953335] am335x-phy-driver 47401300.usb-phy: No GPIO consumer vbus-detect found
[   13.953456] am335x-phy-driver 47401300.usb-phy: supply vcc not found, using dummy regulator
[   14.235377] am335x-phy-driver 47401b00.usb-phy: GPIO lookup for consumer reset
[   14.235419] am335x-phy-driver 47401b00.usb-phy: using device tree for GPIO lookup
[   14.235447] of_get_named_gpiod_flags: can't parse 'reset-gpios' property of node '/ocp/target-module@47400000/usb-phy@1b00[0]'
[   14.235495] of_get_named_gpiod_flags: can't parse 'reset-gpio' property of node '/ocp/target-module@47400000/usb-phy@1b00[0]'
[   14.235527] am335x-phy-driver 47401b00.usb-phy: using lookup tables for GPIO lookup
[   14.235539] am335x-phy-driver 47401b00.usb-phy: No GPIO consumer reset found
[   14.235550] am335x-phy-driver 47401b00.usb-phy: GPIO lookup for consumer vbus-detect
[   14.235559] am335x-phy-driver 47401b00.usb-phy: using device tree for GPIO lookup
[   14.235575] of_get_named_gpiod_flags: can't parse 'vbus-detect-gpios' property of node '/ocp/target-module@47400000/usb-phy@1b00[0]'
[   14.235606] of_get_named_gpiod_flags: can't parse 'vbus-detect-gpio' property of node '/ocp/target-module@47400000/usb-phy@1b00[0]'
[   14.235633] am335x-phy-driver 47401b00.usb-phy: using lookup tables for GPIO lookup
[   14.235642] am335x-phy-driver 47401b00.usb-phy: No GPIO consumer vbus-detect found
[   14.235763] am335x-phy-driver 47401b00.usb-phy: supply vcc not found, using dummy regulator
[   14.443174] usbcore: registered new interface driver usbfs
[   14.448933] usbcore: registered new interface driver hub
[   14.454405] usbcore: registered new device driver usb
[   15.122496] musb-hdrc musb-hdrc.1: MUSB HDRC host driver
[   15.128013] musb-hdrc musb-hdrc.1: new USB bus registered, assigned bus number 1
[   15.294807] tda998x 0-0070: found TDA19988
[   15.440841] omap-mailbox 480c8000.mailbox: omap mailbox rev 0x400
[   15.460684] usb usb1: New USB device found, idVendor=1d6b, idProduct=0002, bcdDevice= 5.15
[   15.469132] usb usb1: New USB device strings: Mfr=3, Product=2, SerialNumber=1
[   15.476438] usb usb1: Product: MUSB HDRC host driver
[   15.481428] usb usb1: Manufacturer: Linux 5.15.194 musb-hcd
[   15.487048] usb usb1: SerialNumber: musb-hdrc.1
[   15.500896] remoteproc remoteproc0: powering up wkup_m3
[   15.592321] remoteproc remoteproc0: Direct firmware load for am335x-pm-firmware.elf failed with error -2
[   15.602133] remoteproc remoteproc0: request_firmware failed: -2
[   15.608148] wkup_m3_ipc 44e11324.wkup_m3_ipc: rproc_boot failed
[   15.967517] hub 1-0:1.0: USB hub found
[   16.048267] hub 1-0:1.0: 1 port detected
[   17.444460] tilcdc 4830e000.lcdc: bound 0-0070 (ops tda998x_driver_exit [tda998x])
[   17.503701] omap_rng 48310000.rng: Random Number Generator ver. 20
[   17.660420] [drm] Initialized tilcdc 1.0.0 20121205 for 4830e000.lcdc on minor 0
[   17.716342] Bluetooth: Core ver 2.22
[   17.720152] NET: Registered PF_BLUETOOTH protocol family
[   17.725602] Bluetooth: HCI device and connection manager initialized
[   17.732012] Bluetooth: HCI socket layer initialized
[   17.736951] Bluetooth: L2CAP socket layer initialized
[   17.742058] Bluetooth: SCO socket layer initialized
[   17.857286] tilcdc 4830e000.lcdc: [drm] Cannot find any crtc or sizes
[   17.874969] tilcdc 4830e000.lcdc: [drm] Cannot find any crtc or sizes
[   18.785634] PM: Cannot get wkup_m3_ipc handle
[   18.855060] omap-sham 53100000.sham: hw accel on OMAP rev 4.3
[   18.932631] omap-aes 53500000.aes: OMAP AES hw accel rev: 3.2
[   19.034078] omap-sham 53100000.sham: will run requests pump with realtime priority
[   19.118757] omap-aes 53500000.aes: will run requests pump with realtime priority
[   19.273554] PM: Cannot get wkup_m3_ipc handle
[   19.324475] PM: Cannot get wkup_m3_ipc handle
[   22.539880] PM: Cannot get wkup_m3_ipc handle
[   22.545607] of_get_named_gpiod_flags: can't parse 'simple-audio-card,hp-det-gpio' property of node '/sound[0]'
[   22.545664] of_get_named_gpiod_flags: can't parse 'simple-audio-card,mic-det-gpio' property of node '/sound[0]'
[   22.666106] PM: Cannot get wkup_m3_ipc handle
[   23.873912] using random self ethernet address
[   23.878421] using random host ethernet address
[   24.015042] using random self ethernet address
[   24.019552] using random host ethernet address
[   24.209288] userial_init: registered 8 ttyGS* devices
[   24.405344] rndis_register: configNr = 0
[   24.471037] udc musb-hdrc.0: registering UDC driver [g_multi]
[   24.471133] configfs-gadget gadget: adding 'rndis'/2e392e35 to config 'c'/c51c5d72
[   24.472164] usb0: HOST MAC 1c:ba:8c:a2:ed:6c
[   24.476666] usb0: MAC 1c:ba:8c:a2:ed:70
[   24.480576] rndis_set_param_medium: 0 0
[   24.480592] configfs-gadget gadget: RNDIS: dual speed IN/ep1in OUT/ep1out NOTIFY/ep2in
[   24.480607] configfs-gadget gadget: adding 'cdc_ethernet'/5fe879fe to config 'c'/c51c5d72
[   24.481379] usb1: HOST MAC 1c:ba:8c:a2:ed:6c
[   24.485794] usb1: MAC 1c:ba:8c:a2:ed:6d
[   24.489675] configfs-gadget gadget: CDC Ethernet: dual speed IN/ep3in OUT/ep2out NOTIFY/ep4in
[   24.489690] configfs-gadget gadget: adding 'acm'/89dad881 to config 'c'/c51c5d72
[   24.489716] configfs-gadget gadget: acm ttyGS0: dual speed IN/ep5in OUT/ep3out NOTIFY/ep6in
[   25.698665] usb1: eth_open
[   29.742885] gs_open: ttyGS0 (5c8a5537,a88e4e4f)
[   29.743036] gs_close: ttyGS0 (5c8a5537,a88e4e4f) ...
[   29.743057] gs_close: ttyGS0 (5c8a5537,a88e4e4f) done!
[   29.756338] gs_open: ttyGS0 (54b5ea2f,100e66d0)
[   29.757413] gs_close: ttyGS0 (54b5ea2f,100e66d0) ...
[   29.757445] gs_close: ttyGS0 (54b5ea2f,100e66d0) done!
[   29.897662] gs_open: ttyGS0 (91243d25,793e46d3)
[   29.897891] gs_close: ttyGS0 (91243d25,793e46d3) ...
[   29.897917] gs_close: ttyGS0 (91243d25,793e46d3) done!
[   29.901353] gs_open: ttyGS0 (91243d25,ae45e93a)
ZFXSLVTOLV 0
root@arm:~# echo 'TAQE''TPKJQH'
TAQETPKJQH
root@arm:~# MARKER='VPLL''UEBAMW' run 'modprobe test_linear_ranges'
VPLLUEBAMWVPLLUEBAMW 0
root@arm:~# echo 'QUTO''QWGOGK'
QUTOQWGOGK
root@arm:~# MARKER='CTSG''UJWACU' run dmesg
CTSGUJWACU[    0.000000] Booting Linux on physical CPU 0x0
[    0.000000] Linux version 5.15.194 (user01@drvtest01) (arm-none-eabi-gcc (Arm GNU Toolchain 14.2.Rel1 (Build arm-14.52)) 14.2.1 20241119, GNU ld (Arm GNU Toolchain 14.2.Rel1 (Build arm-14.52)) 2.43.1.20241119) #1 SMP Thu Oct 2 15:07:27 EEST 2025
[    0.000000] CPU: ARMv7 Processor [413fc082] revision 2 (ARMv7), cr=10c5387d
[    0.000000] CPU: PIPT / VIPT nonaliasing data cache, VIPT aliasing instruction cache
[    0.000000] OF: fdt: Machine model: TI AM335x BeagleBone Black
[    0.000000] Memory policy: Data cache writeback
[    0.000000] cma: Reserved 16 MiB at 0x9e800000
[    0.000000] Zone ranges:
[    0.000000]   Normal   [mem 0x0000000080000000-0x000000009fdfffff]
[    0.000000]   HighMem  empty
[    0.000000] Movable zone start for each node
[    0.000000] Early memory node ranges
[    0.000000]   node   0: [mem 0x0000000080000000-0x000000009fdfffff]
[    0.000000] Initmem setup node 0 [mem 0x0000000080000000-0x000000009fdfffff]
[    0.000000] CPU: All CPU(s) started in SVC mode.
[    0.000000] AM335X ES2.1 (sgx neon)
[    0.000000] percpu: Embedded 16 pages/cpu s33804 r8192 d23540 u65536
[    0.000000] pcpu-alloc: s33804 r8192 d23540 u65536 alloc=16*4096
[    0.000000] pcpu-alloc: [0] 0 
[    0.000000] Built 1 zonelists, mobility grouping on.  Total pages: 129412
[    0.000000] Kernel command line: console=ttyO0,115200n8 root=/dev/nfs rw nfsroot=192.168.255.126:/home/user01/nfs,nfsvers=3 ip=192.168.255.1:192.168.255.126::255.255.255.0:bbb1:eth0 nfsrootdebug
[    0.000000] Unknown kernel command line parameters "nfsrootdebug", will be passed to user space.
[    0.000000] Dentry cache hash table entries: 65536 (order: 6, 262144 bytes, linear)
[    0.000000] Inode-cache hash table entries: 32768 (order: 5, 131072 bytes, linear)
[    0.000000] mem auto-init: stack:off, heap alloc:off, heap free:off
[    0.000000] Memory: 484756K/522240K available (10240K kernel code, 1079K rwdata, 2396K rodata, 1024K init, 242K bss, 21100K reserved, 16384K cma-reserved, 0K highmem)
[    0.000000] trace event string verifier disabled
[    0.000000] rcu: Hierarchical RCU implementation.
[    0.000000] rcu: 	RCU event tracing is enabled.
[    0.000000] rcu: 	RCU restricting CPUs from NR_CPUS=2 to nr_cpu_ids=1.
[    0.000000] rcu: RCU calculated value of scheduler-enlistment delay is 10 jiffies.
[    0.000000] rcu: Adjusting geometry for rcu_fanout_leaf=16, nr_cpu_ids=1
[    0.000000] NR_IRQS: 16, nr_irqs: 16, preallocated irqs: 16
[    0.000000] IRQ: Found an INTC at 0x(ptrval) (revision 5.0) with 128 interrupts
[    0.000000] TI gptimer clocksource: always-on /ocp/interconnect@44c00000/segment@200000/target-module@31000
[    0.000002] sched_clock: 32 bits at 24MHz, resolution 41ns, wraps every 89478484971ns
[    0.000028] clocksource: dmtimer: mask: 0xffffffff max_cycles: 0xffffffff, max_idle_ns: 79635851949 ns
[    0.000451] TI gptimer clockevent: 24000000 Hz at /ocp/interconnect@48000000/segment@0/target-module@40000
[    0.002305] Console: colour dummy device 80x30
[    0.002364] WARNING: Your 'console=ttyO0' has been replaced by 'ttyS0'
[    0.002376] This ensures that you still see kernel messages. Please
[    0.002384] update your kernel commandline.
[    0.002432] Calibrating delay loop... 996.14 BogoMIPS (lpj=4980736)
[    0.090569] CPU: Testing write buffer coherency: ok
[    0.090660] CPU0: Spectre v2: using BPIALL workaround
[    0.090674] pid_max: default: 32768 minimum: 301
[    0.090814] LSM: Security Framework initializing
[    0.090997] Mount-cache hash table entries: 1024 (order: 0, 4096 bytes, linear)
[    0.091023] Mountpoint-cache hash table entries: 1024 (order: 0, 4096 bytes, linear)
[    0.092607] CPU0: thread -1, cpu 0, socket -1, mpidr 0
[    0.093659] Setting up static identity map for 0x80100000 - 0x80100078
[    0.093887] rcu: Hierarchical SRCU implementation.
[    0.095094] smp: Bringing up secondary CPUs ...
[    0.095123] smp: Brought up 1 node, 1 CPU
[    0.095138] SMP: Total of 1 processors activated (996.14 BogoMIPS).
[    0.095151] CPU: All CPU(s) started in SVC mode.
[    0.095933] devtmpfs: initialized
[    0.110235] VFP support v0.3: implementor 41 architecture 3 part 30 variant c rev 3
[    0.110652] clocksource: jiffies: mask: 0xffffffff max_cycles: 0xffffffff, max_idle_ns: 19112604462750000 ns
[    0.110691] futex hash table entries: 256 (order: 2, 16384 bytes, linear)
[    0.112079] pinctrl core: initialized pinctrl subsystem
[    0.114005] NET: Registered PF_NETLINK/PF_ROUTE protocol family
[    0.116778] DMA: preallocated 256 KiB pool for atomic coherent allocations
[    0.117336] audit: initializing netlink subsys (disabled)
[    0.118538] thermal_sys: Registered thermal governor 'fair_share'
[    0.118559] thermal_sys: Registered thermal governor 'step_wise'
[    0.118574] thermal_sys: Registered thermal governor 'user_space'
[    0.118930] cpuidle: using governor menu
[    0.135205] No ATAGs?
[    0.135244] hw-breakpoint: debug architecture 0x4 unsupported.
[    0.143303] kprobes: kprobe jump-optimization is enabled. All kprobes are optimized if possible.
[    0.143639] audit: type=2000 audit(0.110:1): state=initialized audit_enabled=0 res=1
[    0.148499] reg-fixed-voltage fixedregulator0: GPIO lookup for consumer (null)
[    0.148527] reg-fixed-voltage fixedregulator0: using device tree for GPIO lookup
[    0.148548] of_get_named_gpiod_flags: can't parse 'gpios' property of node '/fixedregulator0[0]'
[    0.148585] of_get_named_gpiod_flags: can't parse 'gpio' property of node '/fixedregulator0[0]'
[    0.148607] reg-fixed-voltage fixedregulator0: using lookup tables for GPIO lookup
[    0.148618] reg-fixed-voltage fixedregulator0: No GPIO consumer (null) found
[    0.149749] iommu: Default domain type: Translated 
[    0.149771] iommu: DMA domain TLB invalidation policy: strict mode 
[    0.151172] vgaarb: loaded
[    0.151706] SCSI subsystem initialized
[    0.152113] libata version 3.00 loaded.
[    0.152437] pps_core: LinuxPPS API ver. 1 registered
[    0.152454] pps_core: Software ver. 5.3.6 - Copyright 2005-2007 Rodolfo Giometti <giometti@linux.it>
[    0.152482] PTP clock support registered
[    0.153815] clocksource: Switched to clocksource dmtimer
[    0.199374] VFS: Disk quotas dquot_6.6.0
[    0.199492] VFS: Dquot-cache hash table entries: 1024 (order 0, 4096 bytes)
[    0.267515] NET: Registered PF_INET protocol family
[    0.267844] IP idents hash table entries: 8192 (order: 4, 65536 bytes, linear)
[    0.268805] tcp_listen_portaddr_hash hash table entries: 512 (order: 0, 4096 bytes, linear)
[    0.268859] Table-perturb hash table entries: 65536 (order: 6, 262144 bytes, linear)
[    0.268889] TCP established hash table entries: 4096 (order: 2, 16384 bytes, linear)
[    0.268938] TCP bind hash table entries: 4096 (order: 3, 32768 bytes, linear)
[    0.269002] TCP: Hash tables configured (established 4096 bind 4096)
[    0.269140] UDP hash table entries: 256 (order: 1, 8192 bytes, linear)
[    0.269171] UDP-Lite hash table entries: 256 (order: 1, 8192 bytes, linear)
[    0.269358] NET: Registered PF_UNIX/PF_LOCAL protocol family
[    0.270476] RPC: Registered named UNIX socket transport module.
[    0.270507] RPC: Registered udp transport module.
[    0.270516] RPC: Registered tcp transport module.
[    0.270525] RPC: Registered tcp NFSv4.1 backchannel transport module.
[    0.270548] PCI: CLS 0 bytes, default 64
[    0.271916] Initialise system trusted keyrings
[    0.286543] workingset: timestamp_bits=14 max_order=17 bucket_order=3
[    0.287801] NFS: Registering the id_resolver key type
[    0.287888] Key type id_resolver registered
[    0.287899] Key type id_legacy registered
[    0.287953] jffs2: version 2.2. (NAND) (SUMMARY)  Â© 2001-2006 Red Hat, Inc.
[    0.288327] Key type asymmetric registered
[    0.288351] Asymmetric key parser 'x509' registered
[    0.288413] io scheduler mq-deadline registered
[    0.288429] io scheduler kyber registered
[    0.291015] hw perfevents: enabled with armv7_cortex_a8 PMU driver, 5 counters available
[    0.299123] l3-aon-clkctrl:0000:0: failed to disable
[    0.299432] Serial: 8250/16550 driver, 6 ports, IRQ sharing enabled
[    0.323199] brd: module loaded
[    0.356719] loop: module loaded
[    0.357639] mtdoops: mtd device (mtddev=name/number) must be supplied
[    0.358884] mdio_bus fixed-0: GPIO lookup for consumer reset
[    0.358910] mdio_bus fixed-0: using lookup tables for GPIO lookup
[    0.358922] mdio_bus fixed-0: No GPIO consumer reset found
[    0.359957] i2c_dev: i2c /dev entries driver
[    0.360864] cpuidle: enable-method property 'ti,am3352' found operations
[    0.361255] sdhci: Secure Digital Host Controller Interface driver
[    0.361272] sdhci: Copyright(c) Pierre Ossman
[    0.361445] sdhci-pltfm: SDHCI platform and OF driver helper
[    0.361673] ledtrig-cpu: registered to indicate activity on CPUs
[    0.362217] Initializing XFRM netlink socket
[    0.362432] NET: Registered PF_INET6 protocol family
[    0.364068] Segment Routing with IPv6
[    0.364158] In-situ OAM (IOAM) with IPv6
[    0.364259] sit: IPv6, IPv4 and MPLS over IPv4 tunneling driver
[    0.365093] NET: Registered PF_PACKET protocol family
[    0.365142] NET: Registered PF_KEY protocol family
[    0.365295] Key type dns_resolver registered
[    0.365397] ThumbEE CPU extension supported.
[    0.365418] Registering SWP/SWPB emulation handler
[    0.365922] omap_voltage_late_init: Voltage driver support not added
[    0.366547] SmartReflex Class3 initialized
[    0.367367] Loading compiled-in X.509 certificates
[    0.399856] pinctrl-single 44e10800.pinmux: 142 pins, size 568
[    0.404281] ti-sysc: probe of 44e31000.target-module failed with error -16
[    0.448447] ti-sysc: probe of 48040000.target-module failed with error -16
[    0.458582] gpio gpiochip0: (gpio-0-31): created GPIO range 0->7 ==> 44e10800.pinmux PIN 0->7
[    0.458624] gpio gpiochip0: (gpio-0-31): created GPIO range 8->11 ==> 44e10800.pinmux PIN 90->93
[    0.458642] gpio gpiochip0: (gpio-0-31): created GPIO range 12->27 ==> 44e10800.pinmux PIN 12->27
[    0.458659] gpio gpiochip0: (gpio-0-31): created GPIO range 28->31 ==> 44e10800.pinmux PIN 30->33
[    0.478590] gpio gpiochip0: (gpio-0-31): added GPIO chardev (254:0)
[    0.478758] gpio gpiochip0: registered GPIOs 0 to 31 on gpio-0-31
[    0.478848] OMAP GPIO hardware version 0.1
[    0.503112] i2c i2c-2: GPIO lookup for consumer scl
[    0.503148] i2c i2c-2: using device tree for GPIO lookup
[    0.503173] of_get_named_gpiod_flags: can't parse 'scl-gpios' property of node '/ocp/interconnect@48000000/segment@100000/target-module@9c000/i2c@0[0]'
[    0.503221] of_get_named_gpiod_flags: can't parse 'scl-gpio' property of node '/ocp/interconnect@48000000/segment@100000/target-module@9c000/i2c@0[0]'
[    0.503262] i2c i2c-2: using lookup tables for GPIO lookup
[    0.503273] i2c i2c-2: No GPIO consumer scl found
[    0.503295] i2c i2c-2: GPIO lookup for consumer sda
[    0.503303] i2c i2c-2: using device tree for GPIO lookup
[    0.503317] of_get_named_gpiod_flags: can't parse 'sda-gpios' property of node '/ocp/interconnect@48000000/segment@100000/target-module@9c000/i2c@0[0]'
[    0.503356] of_get_named_gpiod_flags: can't parse 'sda-gpio' property of node '/ocp/interconnect@48000000/segment@100000/target-module@9c000/i2c@0[0]'
[    0.503392] i2c i2c-2: using lookup tables for GPIO lookup
[    0.503400] i2c i2c-2: No GPIO consumer sda found
[    0.504159] omap_i2c 4819c000.i2c: bus 2 rev0.11 at 100 kHz
[    0.509318] gpio gpiochip1: (gpio-32-63): created GPIO range 0->17 ==> 44e10800.pinmux PIN 34->51
[    0.509358] gpio gpiochip1: (gpio-32-63): created GPIO range 18->21 ==> 44e10800.pinmux PIN 77->80
[    0.509376] gpio gpiochip1: (gpio-32-63): created GPIO range 22->31 ==> 44e10800.pinmux PIN 56->65
[    0.519254] gpio gpiochip1: (gpio-32-63): added GPIO chardev (254:1)
[    0.519400] gpio gpiochip1: registered GPIOs 32 to 63 on gpio-32-63
[    0.521498] gpio gpiochip2: (gpio-64-95): created GPIO range 0->4 ==> 44e10800.pinmux PIN 66->70
[    0.521534] gpio gpiochip2: (gpio-64-95): created GPIO range 5->6 ==> 44e10800.pinmux PIN 98->99
[    0.521550] gpio gpiochip2: (gpio-64-95): created GPIO range 7->8 ==> 44e10800.pinmux PIN 75->76
[    0.521566] gpio gpiochip2: (gpio-64-95): created GPIO range 13->13 ==> 44e10800.pinmux PIN 141->141
[    0.521583] gpio gpiochip2: (gpio-64-95): created GPIO range 14->21 ==> 44e10800.pinmux PIN 100->107
[    0.521992] gpio gpiochip2: (gpio-64-95): added GPIO chardev (254:2)
[    0.522118] gpio gpiochip2: registered GPIOs 64 to 95 on gpio-64-95
[    0.539628] mdio_bus 4a101000.mdio: GPIO lookup for consumer reset
[    0.539665] mdio_bus 4a101000.mdio: using device tree for GPIO lookup
[    0.539692] of_get_named_gpiod_flags: can't parse 'reset-gpios' property of node '/ocp/interconnect@4a000000/segment@0/target-module@100000/switch@0/mdio@1000[0]'
[    0.539744] of_get_named_gpiod_flags: can't parse 'reset-gpio' property of node '/ocp/interconnect@4a000000/segment@0/target-module@100000/switch@0/mdio@1000[0]'
[    0.539790] mdio_bus 4a101000.mdio: using lookup tables for GPIO lookup
[    0.539801] mdio_bus 4a101000.mdio: No GPIO consumer reset found
[    0.540777] sdhci-omap 481d8000.mmc: GPIO lookup for consumer wp
[    0.540801] sdhci-omap 481d8000.mmc: using device tree for GPIO lookup
[    0.540822] of_get_named_gpiod_flags: can't parse 'wp-gpios' property of node '/ocp/interconnect@48000000/segment@100000/target-module@d8000/mmc@0[0]'
[    0.540874] of_get_named_gpiod_flags: can't parse 'wp-gpio' property of node '/ocp/interconnect@48000000/segment@100000/target-module@d8000/mmc@0[0]'
[    0.540913] sdhci-omap 481d8000.mmc: using lookup tables for GPIO lookup
[    0.540924] sdhci-omap 481d8000.mmc: No GPIO consumer wp found
[    0.541096] sdhci-omap 481d8000.mmc: supply vqmmc not found, using dummy regulator
[    0.600381] davinci_mdio 4a101000.mdio: davinci mdio revision 1.6, bus freq 1000000
[    0.616791] mdio_bus 4a101000.mdio:00: GPIO lookup for consumer reset
[    0.616820] mdio_bus 4a101000.mdio:00: using device tree for GPIO lookup
[    0.616861] of_get_named_gpiod_flags: parsed 'reset-gpios' property of node '/ocp/interconnect@4a000000/segment@0/target-module@100000/switch@0/mdio@1000/ethernet-phy@0[0]' - status (0)
[    0.617025] gpio gpiochip0: Persistence not supported for GPIO 8
[    0.777156] davinci_mdio 4a101000.mdio: phy[0]: device 4a101000.mdio:00, driver SMSC LAN8710/LAN8720
[    0.777745] cpsw-switch 4a100000.switch: initialized cpsw ale version 1.4
[    0.777774] cpsw-switch 4a100000.switch: ALE Table size 1024
[    0.777895] cpsw-switch 4a100000.switch: cpts: overflow check period 500 (jiffies)
[    0.777913] cpsw-switch 4a100000.switch: CPTS: ref_clk_freq:250000000 calc_mult:2147483648 calc_shift:29 error:0 nsec/sec
[    0.778026] cpsw-switch 4a100000.switch: Detected MACID = 6c:ec:eb:68:de:78
[    0.779582] cpsw-switch 4a100000.switch: initialized (regs 0x4a100000, pool size 256) hw_ver:0019010C 1.12 (0)
[    0.788991] debugfs: Directory '49000000.dma' with parent 'dmaengine' already present!
[    0.789046] edma 49000000.dma: TI EDMA DMA engine driver
[    0.834151] gpio-clk clk_mcasp0: GPIO lookup for consumer enable
[    0.834188] gpio-clk clk_mcasp0: using device tree for GPIO lookup
[    0.834228] of_get_named_gpiod_flags: parsed 'enable-gpios' property of node '/clk_mcasp0[0]' - status (0)
[    0.834272] gpio gpiochip0: Persistence not supported for GPIO 27
[    0.835018] gpio gpiochip3: (gpio-96-127): created GPIO range 0->7 ==> 44e10800.pinmux PIN 82->89
[    0.835050] gpio gpiochip3: (gpio-96-127): created GPIO range 8->11 ==> 44e10800.pinmux PIN 52->55
[    0.835067] gpio gpiochip3: (gpio-96-127): created GPIO range 12->15 ==> 44e10800.pinmux PIN 94->97
[    0.835083] gpio gpiochip3: (gpio-96-127): created GPIO range 16->17 ==> 44e10800.pinmux PIN 71->72
[    0.835100] gpio gpiochip3: (gpio-96-127): created GPIO range 18->18 ==> 44e10800.pinmux PIN 135->135
[    0.835117] gpio gpiochip3: (gpio-96-127): created GPIO range 19->20 ==> 44e10800.pinmux PIN 108->109
[    0.835134] gpio gpiochip3: (gpio-96-127): created GPIO range 21->21 ==> 44e10800.pinmux PIN 73->73
[    0.835152] gpio gpiochip3: (gpio-96-127): created GPIO range 22->23 ==> 44e10800.pinmux PIN 8->9
[    0.835170] gpio gpiochip3: (gpio-96-127): created GPIO range 26->27 ==> 44e10800.pinmux PIN 10->11
[    0.835189] gpio gpiochip3: (gpio-96-127): created GPIO range 28->28 ==> 44e10800.pinmux PIN 74->74
[    0.835207] gpio gpiochip3: (gpio-96-127): created GPIO range 29->29 ==> 44e10800.pinmux PIN 81->81
[    0.835227] gpio gpiochip3: (gpio-96-127): created GPIO range 30->31 ==> 44e10800.pinmux PIN 28->29
[    0.836013] gpio gpiochip3: (gpio-96-127): added GPIO chardev (254:3)
[    0.836143] gpio gpiochip3: registered GPIOs 96 to 127 on gpio-96-127
[    0.846625] omap8250 44e09000.serial: GPIO lookup for consumer rs485-term
[    0.846658] omap8250 44e09000.serial: using device tree for GPIO lookup
[    0.846682] of_get_named_gpiod_flags: can't parse 'rs485-term-gpios' property of node '/ocp/interconnect@44c00000/segment@200000/target-module@9000/serial@0[0]'
[    0.846734] of_get_named_gpiod_flags: can't parse 'rs485-term-gpio' property of node '/ocp/interconnect@44c00000/segment@200000/target-module@9000/serial@0[0]'
[    0.846777] omap8250 44e09000.serial: using lookup tables for GPIO lookup
[    0.846788] omap8250 44e09000.serial: No GPIO consumer rs485-term found
[    0.846837] 44e09000.serial: ttyS0 at MMIO 0x44e09000 (irq = 19, base_baud = 3000000) is a 8250
[    1.833122] printk: console [ttyS0] enabled
[    1.839581] i2c i2c-0: GPIO lookup for consumer scl
[    1.839614] i2c i2c-0: using device tree for GPIO lookup
[    1.839639] of_get_named_gpiod_flags: can't parse 'scl-gpios' property of node '/ocp/interconnect@44c00000/segment@200000/target-module@b000/i2c@0[0]'
[    1.839685] of_get_named_gpiod_flags: can't parse 'scl-gpio' property of node '/ocp/interconnect@44c00000/segment@200000/target-module@b000/i2c@0[0]'
[    1.839726] i2c i2c-0: using lookup tables for GPIO lookup
[    1.839738] i2c i2c-0: No GPIO consumer scl found
[    1.839759] i2c i2c-0: GPIO lookup for consumer sda
[    1.839767] i2c i2c-0: using device tree for GPIO lookup
[    1.839782] of_get_named_gpiod_flags: can't parse 'sda-gpios' property of node '/ocp/interconnect@44c00000/segment@200000/target-module@b000/i2c@0[0]'
[    1.839821] of_get_named_gpiod_flags: can't parse 'sda-gpio' property of node '/ocp/interconnect@44c00000/segment@200000/target-module@b000/i2c@0[0]'
[    1.839856] i2c i2c-0: using lookup tables for GPIO lookup
[    1.839865] i2c i2c-0: No GPIO consumer sda found
[    1.864556] tps65217-pmic: Failed to locate of_node [id: -1]
[    1.879724] tps65217-bl: Failed to locate of_node [id: -1]
[    1.888198] tps65217 0-0024: TPS65217 ID 0xe version 1.2
[    1.894196] i2c 0-0070: Fixing up cyclic dependency with 4830e000.lcdc
[    1.901052] omap_i2c 44e0b000.i2c: bus 0 rev0.11 at 400 kHz
[    1.908300] sdhci-omap 48060000.mmc: GPIO lookup for consumer cd
[    1.908326] sdhci-omap 48060000.mmc: using device tree for GPIO lookup
[    1.908368] of_get_named_gpiod_flags: parsed 'cd-gpios' property of node '/ocp/interconnect@48000000/segment@0/target-module@60000/mmc@0[0]' - status (0)
[    1.908486] gpio gpiochip3: Persistence not supported for GPIO 6
[    1.908508] omap_gpio 44e07000.gpio: Could not set line 6 debounce to 200000 microseconds (-22)
[    1.917365] sdhci-omap 48060000.mmc: Got CD GPIO
[    1.922010] sdhci-omap 48060000.mmc: GPIO lookup for consumer wp
[    1.922020] sdhci-omap 48060000.mmc: using device tree for GPIO lookup
[    1.922038] of_get_named_gpiod_flags: can't parse 'wp-gpios' property of node '/ocp/interconnect@48000000/segment@0/target-module@60000/mmc@0[0]'
[    1.922083] of_get_named_gpiod_flags: can't parse 'wp-gpio' property of node '/ocp/interconnect@48000000/segment@0/target-module@60000/mmc@0[0]'
[    1.922123] sdhci-omap 48060000.mmc: using lookup tables for GPIO lookup
[    1.922135] sdhci-omap 48060000.mmc: No GPIO consumer wp found
[    1.922322] sdhci-omap 48060000.mmc: supply vqmmc not found, using dummy regulator
[    1.931013] sdhci-omap 481d8000.mmc: GPIO lookup for consumer wp
[    1.931040] sdhci-omap 481d8000.mmc: using device tree for GPIO lookup
[    1.931061] of_get_named_gpiod_flags: can't parse 'wp-gpios' property of node '/ocp/interconnect@48000000/segment@100000/target-module@d8000/mmc@0[0]'
[    1.931114] of_get_named_gpiod_flags: can't parse 'wp-gpio' property of node '/ocp/interconnect@48000000/segment@100000/target-module@d8000/mmc@0[0]'
[    1.931153] sdhci-omap 481d8000.mmc: using lookup tables for GPIO lookup
[    1.931163] sdhci-omap 481d8000.mmc: No GPIO consumer wp found
[    1.934592] sdhci-omap 481d8000.mmc: supply vqmmc not found, using dummy regulator
[    1.969533] mmc1: SDHCI controller on 481d8000.mmc [481d8000.mmc] using External DMA
[    1.977820] mmc0: SDHCI controller on 48060000.mmc [48060000.mmc] using External DMA
[    1.986449] cpsw-switch 4a100000.switch: starting ndev. mode: dual_mac
[    2.060283] mmc0: new high speed SDHC card at address aaaa
[    2.067236] mmcblk0: mmc0:aaaa SE32G 29.7 GiB 
[    2.076500]  mmcblk0: p1 p2
[    2.081362] mmc1: new high speed MMC card at address 0001
[    2.088027] mmcblk1: mmc1:0001 MMC04G 3.60 GiB 
[    2.095229]  mmcblk1: p1 p2
[    2.099219] mmcblk1boot0: mmc1:0001 MMC04G 2.00 MiB 
[    2.106350] mmcblk1boot1: mmc1:0001 MMC04G 2.00 MiB 
[    2.113111] mmcblk1rpmb: mmc1:0001 MMC04G 128 KiB, chardev (250:0)
[    2.145631] SMSC LAN8710/LAN8720 4a101000.mdio:00: attached PHY driver (mii_bus:phy_addr=4a101000.mdio:00, irq=POLL)
[    5.284544] cpsw-switch 4a100000.switch eth0: Link is Up - 100Mbps/Full - flow control off
[    5.303865] IPv6: ADDRCONF(NETDEV_CHANGE): eth0: link becomes ready
[    5.333817] IP-Config: Complete:
[    5.337080]      device=eth0, hwaddr=6c:ec:eb:68:de:78, ipaddr=192.168.255.1, mask=255.255.255.0, gw=255.255.255.255
[    5.347692]      host=bbb1, domain=, nis-domain=(none)
[    5.352854]      bootserver=192.168.255.126, rootserver=192.168.255.126, rootpath=
[    5.353222] clk: Disabling unused clocks
[    5.365072] TAP version 14
[    5.367796] 1..0
[    5.391123] VFS: Mounted root (nfs filesystem) on device 0:16.
[    5.398026] devtmpfs: mounted
[    5.402316] Freeing unused kernel image (initmem) memory: 1024K
[    5.409032] Run /sbin/init as init process
[    5.413159]   with arguments:
[    5.413168]     /sbin/init
[    5.413175]     nfsrootdebug
[    5.413181]   with environment:
[    5.413187]     HOME=/
[    5.413194]     TERM=linux
[    6.105220] systemd[1]: System time before build time, advancing clock.
[    6.304820] random: systemd: uninitialized urandom read (16 bytes read)
[    6.316685] random: systemd: uninitialized urandom read (16 bytes read)
[    6.327556] systemd[1]: systemd 232 running in system mode. (+PAM +AUDIT +SELINUX +IMA +APPARMOR +SMACK +SYSVINIT +UTMP +LIBCRYPTSETUP +GCRYPT +GNUTLS +ACL +XZ +LZ4 +SECCOMP +BLKID +ELFUTILS +KMOD +IDN)
[    6.346753] systemd[1]: Detected architecture arm.
[    6.386755] systemd[1]: Set hostname to <arm>.
[    6.758557] random: systemd-cryptse: uninitialized urandom read (16 bytes read)
[    7.337263] random: systemd: uninitialized urandom read (16 bytes read)
[    7.344487] random: systemd: uninitialized urandom read (16 bytes read)
[    7.351545] random: systemd: uninitialized urandom read (16 bytes read)
[    7.365541] systemd[1]: Created slice System Slice.
[    7.405641] systemd[1]: Listening on Syslog Socket.
[    7.445657] systemd[1]: Listening on udev Control Socket.
[    7.484784] systemd[1]: Started Dispatch Password Requests to Console Directory Watch.
[    7.524219] systemd[1]: Reached target Swap.
[    7.555338] systemd[1]: Created slice system-getty.slice.
[    7.595617] systemd[1]: Listening on /dev/initctl Compatibility Named Pipe.
[    8.344399] random: systemd: uninitialized urandom read (16 bytes read)
[    8.356121] random: systemd-journal: uninitialized urandom read (16 bytes read)
[    8.396406] random: systemd-journal: uninitialized urandom read (16 bytes read)
[    9.384963] random: systemd-udevd: uninitialized urandom read (16 bytes read)
[    9.623147] systemd-journald[100]: Received request to flush runtime journal from PID 1
[   11.943976] random: crng init done
[   11.947440] random: 510 urandom warning(s) missed due to ratelimiting
[   12.257870] of_get_named_gpiod_flags: parsed 'gpios' property of node '/leds/led2[0]' - status (0)
[   12.257958] gpio gpiochip0: Persistence not supported for GPIO 21
[   12.257972] gpio-21 (?): no flags found for gpios
[   12.258220] of_get_named_gpiod_flags: parsed 'gpios' property of node '/leds/led3[0]' - status (0)
[   12.258259] gpio gpiochip0: Persistence not supported for GPIO 22
[   12.258270] gpio-22 (?): no flags found for gpios
[   12.258459] of_get_named_gpiod_flags: parsed 'gpios' property of node '/leds/led4[0]' - status (0)
[   12.258492] gpio gpiochip0: Persistence not supported for GPIO 23
[   12.258501] gpio-23 (?): no flags found for gpios
[   12.258662] of_get_named_gpiod_flags: parsed 'gpios' property of node '/leds/led5[0]' - status (0)
[   12.258693] gpio gpiochip0: Persistence not supported for GPIO 24
[   12.258703] gpio-24 (?): no flags found for gpios
[   12.669069] remoteproc remoteproc0: wkup_m3 is available
[   12.735968] at24 2-0054: supply vcc not found, using dummy regulator
[   12.809516] omap_wdt: OMAP Watchdog Timer Rev 0x01: initial timeout 60 sec
[   12.952014] at24 2-0055: supply vcc not found, using dummy regulator
[   13.160961] at24 2-0056: supply vcc not found, using dummy regulator
[   13.269622] at24 2-0057: supply vcc not found, using dummy regulator
[   13.395936] at24 0-0050: supply vcc not found, using dummy regulator
[   13.412794] tps6521x_pwrbutton tps65217-pwrbutton: DMA mask not set
[   13.454120] at24 0-0050: GPIO lookup for consumer wp
[   13.454163] at24 0-0050: using device tree for GPIO lookup
[   13.454194] of_get_named_gpiod_flags: can't parse 'wp-gpios' property of node '/ocp/interconnect@44c00000/segment@200000/target-module@b000/i2c@0/baseboard_eeprom@50[0]'
[   13.454271] of_get_named_gpiod_flags: can't parse 'wp-gpio' property of node '/ocp/interconnect@44c00000/segment@200000/target-module@b000/i2c@0/baseboard_eeprom@50[0]'
[   13.454322] at24 0-0050: using lookup tables for GPIO lookup
[   13.454334] at24 0-0050: No GPIO consumer wp found
[   13.454596] at24 0-0050: 32768 byte 24c256 EEPROM, writable, 1 bytes/write
[   13.498524] input: tps65217_pwrbutton as /devices/platform/ocp/44c00000.interconnect/44c00000.interconnect:segment@200000/44e0b000.target-module/44e0b000.i2c/i2c-0/0-0024/tps65217-pwrbutton/input/input0
[   13.690055] omap_rtc 44e3e000.rtc: registered as rtc0
[   13.695350] omap_rtc 44e3e000.rtc: setting system clock to 2000-01-01T00:00:00 UTC (946684800)
[   13.704075] omap_rtc 44e3e000.rtc: GPIO lookup for consumer wp
[   13.704089] omap_rtc 44e3e000.rtc: using device tree for GPIO lookup
[   13.704119] of_get_named_gpiod_flags: can't parse 'wp-gpios' property of node '/ocp/interconnect@44c00000/segment@200000/target-module@3e000/rtc@0[0]'
[   13.704178] of_get_named_gpiod_flags: can't parse 'wp-gpio' property of node '/ocp/interconnect@44c00000/segment@200000/target-module@3e000/rtc@0[0]'
[   13.704222] omap_rtc 44e3e000.rtc: using lookup tables for GPIO lookup
[   13.704233] omap_rtc 44e3e000.rtc: No GPIO consumer wp found
[   13.953066] am335x-phy-driver 47401300.usb-phy: GPIO lookup for consumer reset
[   13.953109] am335x-phy-driver 47401300.usb-phy: using device tree for GPIO lookup
[   13.953138] of_get_named_gpiod_flags: can't parse 'reset-gpios' property of node '/ocp/target-module@47400000/usb-phy@1300[0]'
[   13.953190] of_get_named_gpiod_flags: can't parse 'reset-gpio' property of node '/ocp/target-module@47400000/usb-phy@1300[0]'
[   13.953222] am335x-phy-driver 47401300.usb-phy: using lookup tables for GPIO lookup
[   13.953234] am335x-phy-driver 47401300.usb-phy: No GPIO consumer reset found
[   13.953245] am335x-phy-driver 47401300.usb-phy: GPIO lookup for consumer vbus-detect
[   13.953255] am335x-phy-driver 47401300.usb-phy: using device tree for GPIO lookup
[   13.953270] of_get_named_gpiod_flags: can't parse 'vbus-detect-gpios' property of node '/ocp/target-module@47400000/usb-phy@1300[0]'
[   13.953299] of_get_named_gpiod_flags: can't parse 'vbus-detect-gpio' property of node '/ocp/target-module@47400000/usb-phy@1300[0]'
[   13.953325] am335x-phy-driver 47401300.usb-phy: using lookup tables for GPIO lookup
[   13.953335] am335x-phy-driver 47401300.usb-phy: No GPIO consumer vbus-detect found
[   13.953456] am335x-phy-driver 47401300.usb-phy: supply vcc not found, using dummy regulator
[   14.235377] am335x-phy-driver 47401b00.usb-phy: GPIO lookup for consumer reset
[   14.235419] am335x-phy-driver 47401b00.usb-phy: using device tree for GPIO lookup
[   14.235447] of_get_named_gpiod_flags: can't parse 'reset-gpios' property of node '/ocp/target-module@47400000/usb-phy@1b00[0]'
[   14.235495] of_get_named_gpiod_flags: can't parse 'reset-gpio' property of node '/ocp/target-module@47400000/usb-phy@1b00[0]'
[   14.235527] am335x-phy-driver 47401b00.usb-phy: using lookup tables for GPIO lookup
[   14.235539] am335x-phy-driver 47401b00.usb-phy: No GPIO consumer reset found
[   14.235550] am335x-phy-driver 47401b00.usb-phy: GPIO lookup for consumer vbus-detect
[   14.235559] am335x-phy-driver 47401b00.usb-phy: using device tree for GPIO lookup
[   14.235575] of_get_named_gpiod_flags: can't parse 'vbus-detect-gpios' property of node '/ocp/target-module@47400000/usb-phy@1b00[0]'
[   14.235606] of_get_named_gpiod_flags: can't parse 'vbus-detect-gpio' property of node '/ocp/target-module@47400000/usb-phy@1b00[0]'
[   14.235633] am335x-phy-driver 47401b00.usb-phy: using lookup tables for GPIO lookup
[   14.235642] am335x-phy-driver 47401b00.usb-phy: No GPIO consumer vbus-detect found
[   14.235763] am335x-phy-driver 47401b00.usb-phy: supply vcc not found, using dummy regulator
[   14.443174] usbcore: registered new interface driver usbfs
[   14.448933] usbcore: registered new interface driver hub
[   14.454405] usbcore: registered new device driver usb
[   15.122496] musb-hdrc musb-hdrc.1: MUSB HDRC host driver
[   15.128013] musb-hdrc musb-hdrc.1: new USB bus registered, assigned bus number 1
[   15.294807] tda998x 0-0070: found TDA19988
[   15.440841] omap-mailbox 480c8000.mailbox: omap mailbox rev 0x400
[   15.460684] usb usb1: New USB device found, idVendor=1d6b, idProduct=0002, bcdDevice= 5.15
[   15.469132] usb usb1: New USB device strings: Mfr=3, Product=2, SerialNumber=1
[   15.476438] usb usb1: Product: MUSB HDRC host driver
[   15.481428] usb usb1: Manufacturer: Linux 5.15.194 musb-hcd
[   15.487048] usb usb1: SerialNumber: musb-hdrc.1
[   15.500896] remoteproc remoteproc0: powering up wkup_m3
[   15.592321] remoteproc remoteproc0: Direct firmware load for am335x-pm-firmware.elf failed with error -2
[   15.602133] remoteproc remoteproc0: request_firmware failed: -2
[   15.608148] wkup_m3_ipc 44e11324.wkup_m3_ipc: rproc_boot failed
[   15.967517] hub 1-0:1.0: USB hub found
[   16.048267] hub 1-0:1.0: 1 port detected
[   17.444460] tilcdc 4830e000.lcdc: bound 0-0070 (ops tda998x_driver_exit [tda998x])
[   17.503701] omap_rng 48310000.rng: Random Number Generator ver. 20
[   17.660420] [drm] Initialized tilcdc 1.0.0 20121205 for 4830e000.lcdc on minor 0
[   17.716342] Bluetooth: Core ver 2.22
[   17.720152] NET: Registered PF_BLUETOOTH protocol family
[   17.725602] Bluetooth: HCI device and connection manager initialized
[   17.732012] Bluetooth: HCI socket layer initialized
[   17.736951] Bluetooth: L2CAP socket layer initialized
[   17.742058] Bluetooth: SCO socket layer initialized
[   17.857286] tilcdc 4830e000.lcdc: [drm] Cannot find any crtc or sizes
[   17.874969] tilcdc 4830e000.lcdc: [drm] Cannot find any crtc or sizes
[   18.785634] PM: Cannot get wkup_m3_ipc handle
[   18.855060] omap-sham 53100000.sham: hw accel on OMAP rev 4.3
[   18.932631] omap-aes 53500000.aes: OMAP AES hw accel rev: 3.2
[   19.034078] omap-sham 53100000.sham: will run requests pump with realtime priority
[   19.118757] omap-aes 53500000.aes: will run requests pump with realtime priority
[   19.273554] PM: Cannot get wkup_m3_ipc handle
[   19.324475] PM: Cannot get wkup_m3_ipc handle
[   22.539880] PM: Cannot get wkup_m3_ipc handle
[   22.545607] of_get_named_gpiod_flags: can't parse 'simple-audio-card,hp-det-gpio' property of node '/sound[0]'
[   22.545664] of_get_named_gpiod_flags: can't parse 'simple-audio-card,mic-det-gpio' property of node '/sound[0]'
[   22.666106] PM: Cannot get wkup_m3_ipc handle
[   23.873912] using random self ethernet address
[   23.878421] using random host ethernet address
[   24.015042] using random self ethernet address
[   24.019552] using random host ethernet address
[   24.209288] userial_init: registered 8 ttyGS* devices
[   24.405344] rndis_register: configNr = 0
[   24.471037] udc musb-hdrc.0: registering UDC driver [g_multi]
[   24.471133] configfs-gadget gadget: adding 'rndis'/2e392e35 to config 'c'/c51c5d72
[   24.472164] usb0: HOST MAC 1c:ba:8c:a2:ed:6c
[   24.476666] usb0: MAC 1c:ba:8c:a2:ed:70
[   24.480576] rndis_set_param_medium: 0 0
[   24.480592] configfs-gadget gadget: RNDIS: dual speed IN/ep1in OUT/ep1out NOTIFY/ep2in
[   24.480607] configfs-gadget gadget: adding 'cdc_ethernet'/5fe879fe to config 'c'/c51c5d72
[   24.481379] usb1: HOST MAC 1c:ba:8c:a2:ed:6c
[   24.485794] usb1: MAC 1c:ba:8c:a2:ed:6d
[   24.489675] configfs-gadget gadget: CDC Ethernet: dual speed IN/ep3in OUT/ep2out NOTIFY/ep4in
[   24.489690] configfs-gadget gadget: adding 'acm'/89dad881 to config 'c'/c51c5d72
[   24.489716] configfs-gadget gadget: acm ttyGS0: dual speed IN/ep5in OUT/ep3out NOTIFY/ep6in
[   25.698665] usb1: eth_open
[   29.742885] gs_open: ttyGS0 (5c8a5537,a88e4e4f)
[   29.743036] gs_close: ttyGS0 (5c8a5537,a88e4e4f) ...
[   29.743057] gs_close: ttyGS0 (5c8a5537,a88e4e4f) done!
[   29.756338] gs_open: ttyGS0 (54b5ea2f,100e66d0)
[   29.757413] gs_close: ttyGS0 (54b5ea2f,100e66d0) ...
[   29.757445] gs_close: ttyGS0 (54b5ea2f,100e66d0) done!
[   29.897662] gs_open: ttyGS0 (91243d25,793e46d3)
[   29.897891] gs_close: ttyGS0 (91243d25,793e46d3) ...
[   29.897917] gs_close: ttyGS0 (91243d25,793e46d3) done!
[   29.901353] gs_open: ttyGS0 (91243d25,ae45e93a)
[   55.412306]     # Subtest: linear-ranges-test
[   55.412348]     1..4
[   55.412832]     ok 1 - range_test_get_value_amount
[   55.413104]     ok 2 - range_test_get_selector_high
[   55.413340]     ok 3 - range_test_get_selector_low
[   55.413560]     ok 4 - range_test_get_value
[   55.413579] # linear-ranges-test: pass:4 fail:0 skip:0 total:4
