Labgrid Console Logfile for main
Logfile started at 2025-07-21 12:02:03.816020
=== Log starts here ===
reading args
spl_load_image_fat_os: error reading image args, err - -1
reading u-boot.img
reading u-boot.img


U-Boot 2014.04-00014-g47880f5 (Apr 22 2014 - 13:23:54)

I2C:   ready
DRAM:  512 MiB
NAND:  0 MiB
MMC:   OMAP SD/MMC: 0, OMAP SD/MMC: 1
*** Warning - readenv() failed, using default environment

Net:   <ethaddr> not set. Validating first E-fuse MAC
cpsw, usb_ether
Hit any key to stop autoboot:  1  0 
gpio: pin 53 (gpio 53) value is 1
mmc0 is current device
gpio: pin 54 (gpio 54) value is 1
SD/MMC found on device 0
reading uEnv.txt
569 bytes read in 4 ms (138.7 KiB/s)
gpio: pin 55 (gpio 55) value is 1
Loaded environment from uEnv.txt
Importing environment from mmc ...
Checking if uenvcmd is set ...
gpio: pin 56 (gpio 56) value is 1
Running uenvcmd ...
cpsw Waiting for PHY auto negotiation to complete. done
link up on port 0, speed 100, full duplex
Using cpsw device
TFTP from server 192.168.255.126; our IP address is 192.168.255.1
Filename 'zImage'.
Load address: 0x81000000
Loading: *#################################################################
	 #################################################################
	 #################################################################
	 #################################################################
	 #################################################################
	 ############################################################
	 2.4 MiB/s
done
Bytes transferred = 5643072 (561b40 hex)
link up on port 0, speed 100, full duplex
Using cpsw device
TFTP from server 192.168.255.126; our IP address is 192.168.255.1
Filename 'am335x-boneblack.dtb'.
Load address: 0x82000000
Loading: *#######
	 2.4 MiB/s
done
Bytes transferred = 98244 (17fc4 hex)
Kernel image @ 0x81000000 [ 0x000000 - 0x561b40 ]
## Flattened Device Tree blob at 82000000
   Booting using the fdt blob at 0x82000000
   Using Device Tree in place at 82000000, end 8201afc3

Starting kernel ...

[    0.000000] Booting Linux on physical CPU 0x0
[    0.000000] Linux version 6.16.0-rc7-next-20250721 (user01@drvtest01) (arm-none-eabi-gcc (Arm GNU Toolchain 14.2.Rel1 (Build arm-14.52)) 14.2.1 20241119, GNU ld (Arm GNU Toolchain 14.2.Rel1 (Build arm-14.52)) 2.43.1.20241119) #1 SMP Mon Jul 21 11:58:51 EEST 2025
[    0.000000] CPU: ARMv7 Processor [413fc082] revision 2 (ARMv7), cr=10c5387d
[    0.000000] CPU: PIPT / VIPT nonaliasing data cache, VIPT aliasing instruction cache
[    0.000000] OF: fdt: Machine model: TI AM335x BeagleBone Black
[    0.000000] Memory policy: Data cache writeback
[    0.000000] cma: Reserved 16 MiB at 0x9e800000
[    0.000000] Zone ranges:
[    0.000000]   Normal   [mem 0x0000000080000000-0x000000009fdfffff]
[    0.000000]   HighMem  empty
[    0.000000] Movable zone start for each node
[    0.000000] Early memory node ranges
[    0.000000]   node   0: [mem 0x0000000080000000-0x000000009fdfffff]
[    0.000000] Initmem setup node 0 [mem 0x0000000080000000-0x000000009fdfffff]
[    0.000000] On node 0, zone Normal: 512 pages in unavailable ranges
[    0.000000] OF: reserved mem: Reserved memory: No reserved-memory node in the DT
[    0.000000] CPU: All CPU(s) started in SVC mode.
[    0.000000] AM335X ES2.1 (sgx neon)
[    0.000000] percpu: Embedded 17 pages/cpu s39820 r8192 d21620 u69632
[    0.000000] Kernel command line: console=ttyO0,115200n8 root=/dev/nfs rw nfsroot=192.168.255.126:/home/user01/nfs,nfsvers=3 ip=192.168.255.1:192.168.255.126::255.255.255.0:bbb1:eth0 nfsrootdebug
[    0.000000] Unknown kernel command line parameters "nfsrootdebug", will be passed to user space.
[    0.000000] printk: log buffer data + meta data: 65536 + 204800 = 270336 bytes
[    0.000000] Dentry cache hash table entries: 65536 (order: 6, 262144 bytes, linear)
[    0.000000] Inode-cache hash table entries: 32768 (order: 5, 131072 bytes, linear)
[    0.000000] Built 1 zonelists, mobility grouping on.  Total pages: 130560
[    0.000000] mem auto-init: stack:off, heap alloc:off, heap free:off
[    0.000000] SLUB: HWalign=16, Order=0-3, MinObjects=0, CPUs=1, Nodes=1
[    0.000000] rcu: Hierarchical RCU implementation.
[    0.000000] rcu: 	RCU event tracing is enabled.
[    0.000000] rcu: 	RCU restricting CPUs from NR_CPUS=2 to nr_cpu_ids=1.
[    0.000000] 	Tracing variant of Tasks RCU enabled.
[    0.000000] rcu: RCU calculated value of scheduler-enlistment delay is 10 jiffies.
[    0.000000] rcu: Adjusting geometry for rcu_fanout_leaf=16, nr_cpu_ids=1
[    0.000000] RCU Tasks Trace: Setting shift to 0 and lim to 1 rcu_task_cb_adjust=1 rcu_task_cpu_ids=1.
[    0.000000] NR_IRQS: 16, nr_irqs: 16, preallocated irqs: 16
[    0.000000] IRQ: Found an INTC at 0x(ptrval) (revision 5.0) with 128 interrupts
[    0.000000] rcu: srcu_init: Setting srcu_struct sizes based on contention.
[    0.000000] TI gptimer clocksource: always-on /ocp/interconnect@44c00000/segment@200000/target-module@31000
[    0.000002] sched_clock: 32 bits at 24MHz, resolution 41ns, wraps every 89478484971ns
[    0.000026] clocksource: dmtimer: mask: 0xffffffff max_cycles: 0xffffffff, max_idle_ns: 79635851949 ns
[    0.000530] TI gptimer clockevent: 24000000 Hz at /ocp/interconnect@48000000/segment@0/target-module@40000
[    0.002163] Console: colour dummy device 80x30
[    0.002231] WARNING: Your 'console=ttyO0' has been replaced by 'ttyS0'
[    0.002238] This ensures that you still see kernel messages. Please
[    0.002243] update your kernel commandline.
[    0.002287] Calibrating delay loop... 996.14 BogoMIPS (lpj=4980736)
[    0.090580] CPU: Testing write buffer coherency: ok
[    0.090695] CPU0: Spectre v2: using BPIALL workaround
[    0.090704] pid_max: default: 32768 minimum: 301
[    0.090863] LSM: initializing lsm=capability
[    0.091028] Mount-cache hash table entries: 1024 (order: 0, 4096 bytes, linear)
[    0.091050] Mountpoint-cache hash table entries: 1024 (order: 0, 4096 bytes, linear)
[    0.092630] CPU0: thread -1, cpu 0, socket -1, mpidr 0
[    0.092685] cacheinfo: Unable to detect cache hierarchy for CPU 0
[    0.094712] Setting up static identity map for 0x80100000 - 0x80100078
[    0.095051] rcu: Hierarchical SRCU implementation.
[    0.095061] rcu: 	Max phase no-delay instances is 1000.
[    0.096784] smp: Bringing up secondary CPUs ...
[    0.096837] smp: Brought up 1 node, 1 CPU
[    0.096851] SMP: Total of 1 processors activated (996.14 BogoMIPS).
[    0.096863] CPU: All CPU(s) started in SVC mode.
[    0.097064] Memory: 480848K/522240K available (11264K kernel code, 1221K rwdata, 2936K rodata, 1024K init, 255K bss, 23356K reserved, 16384K cma-reserved, 0K highmem)
[    0.097912] devtmpfs: initialized
[    0.114714] VFP support v0.3: implementor 41 architecture 3 part 30 variant c rev 3
[    0.115353] clocksource: jiffies: mask: 0xffffffff max_cycles: 0xffffffff, max_idle_ns: 19112604462750000 ns
[    0.115411] posixtimers hash table entries: 512 (order: 0, 4096 bytes, linear)
[    0.115438] futex hash table entries: 256 (16384 bytes on 1 NUMA nodes, total 16 KiB, linear).
[    0.116557] pinctrl core: initialized pinctrl subsystem
[    0.118687] NET: Registered PF_NETLINK/PF_ROUTE protocol family
[    0.121820] DMA: preallocated 256 KiB pool for atomic coherent allocations
[    0.122432] audit: initializing netlink subsys (disabled)
[    0.123762] thermal_sys: Registered thermal governor 'fair_share'
[    0.123777] thermal_sys: Registered thermal governor 'step_wise'
[    0.123786] thermal_sys: Registered thermal governor 'user_space'
[    0.123898] audit: type=2000 audit(0.120:1): state=initialized audit_enabled=0 res=1
[    0.123967] cpuidle: using governor menu
[    0.142221] /ocp/interconnect@44c00000/segment@200000/target-module@b000/i2c@0/tda19988@70: Fixed dependency cycle(s) with /ocp/interconnect@48000000/segment@300000/target-module@e000/lcdc@0
[    0.143368] /ocp/interconnect@48000000/segment@300000/target-module@e000/lcdc@0: Fixed dependency cycle(s) with /ocp/interconnect@44c00000/segment@200000/target-module@b000/i2c@0/tda19988@70
[    0.145602] No ATAGs?
[    0.145646] hw-breakpoint: debug architecture 0x4 unsupported.
[    0.148769] kprobes: kprobe jump-optimization is enabled. All kprobes are optimized if possible.
[    0.154076] iommu: Default domain type: Translated
[    0.154099] iommu: DMA domain TLB invalidation policy: strict mode
[    0.161415] SCSI subsystem initialized
[    0.162281] pps_core: LinuxPPS API ver. 1 registered
[    0.162294] pps_core: Software ver. 5.3.6 - Copyright 2005-2007 Rodolfo Giometti <giometti@linux.it>
[    0.162318] PTP clock support registered
[    0.170903] vgaarb: loaded
[    0.171279] clocksource: Switched to clocksource dmtimer
[    0.171954] VFS: Disk quotas dquot_6.6.0
[    0.172012] VFS: Dquot-cache hash table entries: 1024 (order 0, 4096 bytes)
[    0.196221] NET: Registered PF_INET protocol family
[    0.196564] IP idents hash table entries: 8192 (order: 4, 65536 bytes, linear)
[    0.197985] tcp_listen_portaddr_hash hash table entries: 512 (order: 0, 4096 bytes, linear)
[    0.198022] Table-perturb hash table entries: 65536 (order: 6, 262144 bytes, linear)
[    0.198042] TCP established hash table entries: 4096 (order: 2, 16384 bytes, linear)
[    0.198087] TCP bind hash table entries: 4096 (order: 4, 65536 bytes, linear)
[    0.198186] TCP: Hash tables configured (established 4096 bind 4096)
[    0.198305] UDP hash table entries: 256 (order: 1, 14336 bytes, linear)
[    0.198340] UDP-Lite hash table entries: 256 (order: 1, 14336 bytes, linear)
[    0.198529] NET: Registered PF_UNIX/PF_LOCAL protocol family
[    0.199794] RPC: Registered named UNIX socket transport module.
[    0.199816] RPC: Registered udp transport module.
[    0.199822] RPC: Registered tcp transport module.
[    0.199827] RPC: Registered tcp-with-tls transport module.
[    0.199832] RPC: Registered tcp NFSv4.1 backchannel transport module.
[    0.199857] PCI: CLS 0 bytes, default 64
[    0.201237] Initialise system trusted keyrings
[    0.211911] workingset: timestamp_bits=14 max_order=17 bucket_order=3
[    0.213318] NFS: Registering the id_resolver key type
[    0.213400] Key type id_resolver registered
[    0.213407] Key type id_legacy registered
[    0.213515] jffs2: version 2.2. (NAND) (SUMMARY)  Â© 2001-2006 Red Hat, Inc.
[    0.213966] Key type asymmetric registered
[    0.213983] Asymmetric key parser 'x509' registered
[    0.214050] io scheduler mq-deadline registered
[    0.214061] io scheduler kyber registered
[    0.214136] io scheduler bfq registered
[    0.216013] target-module@4b000000:target-module@140000:pmu@0:fck: device ID is greater than 24
[    0.222209] l3-aon-clkctrl:0000:0: failed to disable
[    0.231478] ledtrig-cpu: registered to indicate activity on CPUs
[    0.235207] Serial: 8250/16550 driver, 6 ports, IRQ sharing enabled
[    0.277406] brd: module loaded
[    0.297692] loop: module loaded
[    0.298633] mtdoops: mtd device (mtddev=name/number) must be supplied
[    0.301936] i2c_dev: i2c /dev entries driver
[    0.302951] cpuidle: enable-method property 'ti,am3352' found operations
[    0.303385] sdhci: Secure Digital Host Controller Interface driver
[    0.303393] sdhci: Copyright(c) Pierre Ossman
[     0.303568] sdhci-pltfm: SDHCI platform and OF driver helper
[    0.317905] hw perfevents: enabled with armv7_cortex_a8 PMU driver, 5 (8000000f) counters available
[    0.318424] Initializing XFRM netlink socket
[    0.318607] NET: Registered PF_INET6 protocol family
[    0.324305] l3-aon-clkctrl:0000:0: failed to disable
[    0.332768] Segment Routing with IPv6
[    0.332855] In-situ OAM (IOAM) with IPv6
[    0.332952] sit: IPv6, IPv4 and MPLS over IPv4 tunneling driver
[    0.333903] NET: Regis tered PF_PACKET protocol family
[    0.333931] NET: Registered PF_KEY protocol family
[    0.334054] Key type dns_resolver registered
[    0.334278] ThumbEE CPU extension supported.
[    0.334299] Registering SWP/SWPB emulation handler
[    0.334839] omap_voltage_late_init: Voltage driver support not added
[    0.335489] SmartReflex Class3 initialized
[    0.377174] Loading compiled-in X.509 certificates
[    0.419539] /ocp/interconnect@44c00000/segment@200000/target-module@b000/i2c@0/tda19988@70: Fixed dependency cycle(s) with /ocp/interconnect@48000000/segment@300000/target-module@e000/lcdc@0
[    0.426220] /ocp/interconnect@44c00000/segment@200000/target-module@b000/i2c@0/tda19988@70: Fixed dependency cycle(s) with /ocp/interconnect@48000000/segment@300000/target-module@e000/lcdc@0
[    0.445601] /ocp/interconnect@44c00000/segment@200000/target-module@b000/i2c@0/tda19988@70: Fixed dependency cycle(s) with /ocp/interconnect@48000000/segment@300000/target-module@e000/lcdc@0
[    0.446488] /ocp/interconnect@44c00000/segment@200000/target-module@b000/i2c@0/tda19988@70: Fixed dependency cycle(s) with /ocp/interconnect@48000000/segment@300000/target-module@e000/lcdc@0
[    0.450014] /ocp/interconnect@44c00000/segment@200000/target-module@10000/scm@0/pinmux@800: Fixed dependency cycle(s) with /ocp/interconnect@44c00000/segment@200000/target-module@10000/scm@0/pinmux@800/clkout2-pins
[    0.450600] pinctrl-single 44e10800.pinmux: 142 pins, size 568
[    0.456223] ti-sysc 44e31000.target-module: probe witrget-module@b000/i2c@0/tda19988@70
[    0.628767] /ocp/interconnect@44c00000/segment@200000/target-module@b000/i2c@0/tda19988@70: Fixed dependency cycle(s) with /ocp/interconnect@48000000/segment@300000/target-module@e000/lcdc@0
[    0.628931] /ocp/interconnect@48000000/segment@300000/target-module@e000/lcdc@0: Fixed dependency cycle(s) with /ocp/interconnect@44c00000/segment@200000/target-module@b000/i2c@0/tda19988@70
[    0.640296] sdhci-omap 481d8000.mmc: supply pbias not found, using dummy regulator
[    0.640785] sdhci-omap 481d8000.mmc: supply vqmmc not found, using dummy regulator
[    0.695955] davinci_mdio 4a101000.mdio: davinci mdio revision 1.6, bus freq 1000000
[    0.825308] davinci_mdio 4a101000.mdio: phy[0]: device 4a101000.mdio:00, driver SMSC LAN8710/LAN8720
[    0.826111] cpsw-switch 4a100000.switch: initialized cpsw ale version 1.4
[    0.826132] cpsw-switch 4a100000.switch: ALE Table size 1024, Policers 0
[    0.826288] cpsw-switch 4a100000.switch: cpts: overflow check period 500 (jiffies)
[    0.826303] cpsw-switch 4a100000.switch: CPTS: ref_clk_freq:250000000 calc_mult:2147483648 calc_shift:29 error:0 nsec/sec
[    0.826410] cpsw-switch 4a100000.switch: Detected MACID = 6c:ec:eb:68:de:78
[    0.828255] cpsw-switch 4a100000.switch: initialized (regs 0x4a100000, pool size 256) hw_ver:0019010C 1.12 (0)
[    0.839292] debugfs: '49000000.dma' already exists in 'dmaengine'
[    0.839335] edma 49000000.dma: TI EDMA DMA engine driver
[    0.877640] 44e09000.serial: ttyS0 at MMIO 0x44e09000 (irq = 34, base_baud = 3000000) is a 8250
[    0.877732] printk: legacy console [ttyS0] enabled
 [    2.392239] tps65217-pmic: Failed to locate of_node [id: -1]
[    2.398302] tps65217-bl: Failed to locate of_node [id: -1]
[    2.404356] platform tps65217-charger: DMA mask not set
[    2.410407] platform tps65217-pwrbutton: DMA mask not set
[    2.417700] tps65217 0-0024: TPS65217 ID 0xe version 1.2
[    2.423843] /ocp/interconnect@48000000/segment@300000/target-module@e000/lcdc@0: Fixed dependency cycle(s) with /ocp/interconnect@44c00000/segment@200000/target-module@b000/i2c@0/tda19988@70
[     2.441319] /ocp/interconnect@44c00000/segment@200000/target-module@b000/i2c@0/tda19988@70: Fixed dependency cycle(s) with /ocp/interconnect@48000000/segment@300000/target-module@e000/lcdc@0
[    2.458675] omap_i2c 44e0b000.i2c: bus 0 rev0.11 at 400 kHz
[    2.466567] omap_gpio 44e07000.gpio: Could not set line 6 debounce to 200000 microseconds (-22)
[    2.475484] sdhci-omap 48060000.mmc: Got CD GPIO
[    2.480492] sdhci-omap 48060000.mmc: supply pbias not found, using dummy regulator
[    2.490498] sdhci-omap 48060000.mmc: supply vqmmc not found, using dummy regulator
[    2.499600] sdhci-omap 481d8000.mmc: supply pbias not found, using dummy regulator
[    2.509321] sdhci-omap 481d8000.mmc: supply vqmmc not found, using dummy regulator
[    2.544935] mmc0: SDHCI controller on 48060000.mmc [48060000.mmc] using External DMA
[    2.553242] mmc1: SDHCI controller on 481d8000.mmc [481d8000.mmc] using External DMA
[    2.562078] cpsw-switch 4a100000.switch: starting ndev. mode: dual_mac
[    2.610364] mmc0: new high speed SDHC card at address 5048
[    2.617405] mmcblk0: mmc0:5048 SD16G 14.4 GiB
[    2.625652]  mmcblk0: p1 p2
[    2.629014] mmcblk0: p2 size 31221760 extends beyond EOD, truncated
[    2.642520] SMSC LAN8710/LAN8720 4a101000.mdio:00: attached PHY driver (mii_bus:phy_addr=4a101000.mdio:00, irq=POLL)
[    2.653495] mmc1: new high speed MMC card at address 0001
[    2.666199] mmcblk1: mmc1:0001 MMC04G 3.60 GiB
[    2.673835]  mmcblk1: p1 p2
[    2.678053] mmcblk1boot0: mmc1:0001 MMC04G 
[    5.842057] cpsw-switch 4a100000.switch eth0: Link is Up - 100Mbps/Full - flow control off
[    5.881532] IP-Config: Complete:
[    5.884810]      device=eth0, hwaddr=6c:ec:eb:68:de:78, ipaddr=192.168.255.1, mask=255.255.255.0, gw=255.255.255.255
[    5.895487]      host=bbb1, domain=, nis-domain=(none)
[    5.900658]      bootserver=192.168.255.126, rootserver=192.168.255.126, rootpath=
[    5.901081] clk: Disabling unused clocks
[    5.912965] KTAP version 1
[    5.915699] 1..0
[    5.918138] check access for rdinit=/init failed: -2, ignoring
[    5.946558] VFS: Mounted root (nfs filesystem) on device 0:17.
[    5.953607] devtmpfs: mounted
[    5.958069] Freeing unused kernel image (initmem) memory: 1024K
[    5.965020] Run /sbin/init as init process
[    6.627871] systemd[1]: System time before build time, advancing clock.
[    8.171301] random: crng init done
[    8.183935] systemd[1]: systemd 232 running in system mode. (+PAM +AUDIT +SELINUX +IMA +APPARMOR +SMACK +SYSVINIT +UTMP +LIBCRYPTSETUP +GCRYPT +GNUTLS +ACL +XZ +LZ4 +SECCOMP +BLKID +ELFUTILS +KMOD +IDN)
[    8.203013] systemd[1]: Detected architecture arm.

Welcome to [1mDebian GNU/Linux 9 (stretch)[0m!

[    8.234402] systemd[1]: Set hostname to <arm>.
[    9.341196] systemd[1]: Listening on /dev/initctl Compatibility Named Pipe.
[[0;32m  OK  [0m] Listening on /dev/initctl Compatibility Named Pipe.
[    9.373024] systemd[1]: syslog.socket: SO_PASSSEC failed: Operation not supported
[    9.380753] systemd[1]: Listening on Syslog Socket.
[[0;32m  OK  [0m] Listening on Syslog Socket.
[    9.403037] systemd[1]: Set up automount Arbitrary Executable File Formats File System Automount Point.
[[0;32m  OK  [0m] Set up automount Arbitrary Executabâ€¦rmats File System Automount Point.
[    9.432818] systemd[1]: Created slice User and Session Slice.
[[0;32m  OK  [0m] Created slice User and Session Slice.
[    9.461938] systemd[1]: Listening on udev Kernel Socket.
[[0;32m  OK  [0m] Listening on udev Kernel Socket.
[    9.492274] systemd[1]: Listening on Journal Audit Socket.
[[0;32m  OK  [0m] Listening on Journal Audit Socket.
[[0;32m  OK  [0m] Reached target Remote File Systems.
[[0;32m  OK  [0m] Created slice System Slice.
         Mounting POSIX Message Queue File System...
[[0;32m  OK  [0m] Created slice system-getty.slice.
[[0;32m  OK  [0m] Started Dispatch Password Requests to Console Directory Watch.
[[0;32m  OK  [0m] Listening on Journal Socket.
         Starting Remount Root and Kernel File Systems...
         Starting Load Kernel Modules...
[[0;32m  OK  [0m] Created slice system-serial\x2dgetty.slice.
[[0;32m  OK  [0m] Listening on udev Control Socket.
[[0;32m  OK  [0m] Started Forward Password Requests to Wall Directory Watch.
[[0;32m  OK  [0m] Reached target Encrypted Volumes.
[[0;32m  OK  [0m] Reached target Paths.
[[0;32m  OK  [0m] Reached target Swap.
         Starting Create list of required stâ€¦ce nodes for the current kernel...
[[0;32m  OK  [0m] Listening on Journal Socket (/dev/log).
         Starting Journal Service...
         Mounting Debug File System...
[[0;32m  OK  [0m] Reached target Slices.
[[0;32m  OK  [0m] Mounted POSIX Message Queue File System.
[[0;32m  OK  [0m] Started Remount Root and Kernel File Systems.
[[0;32m  OK  [0m] Started Load Kernel Modules.
[[0;32m  OK  [0m] Started Create list of required staâ€¦vice nodes for the current kernel.
[[0;32m  OK  [0m] Mounted Debug File System.
         Starting Create Static Device Nodes in /dev...
         Starting Apply Kernel Variables...
         Mounting Configuration File System...
         Starting udev Coldplug all Devices...
         Starting Load/Save Random Seed...
[[0;32m  OK  [0m] Mounted Configuration File System.
[[0;32m  OK  [0m] Started Apply Kernel Variables.
[[0;32m  OK  [0m] Started Load/Save Random Seed.
[[0;32m  OK  [0m] Started Create Static Device Nodes in /dev.
         Starting udev Kernel Device Manager...
[[0;32m  OK  [0m] Reached target Local File Systems (Pre).
[[0;32m  OK  [0m] Reached target Local File Systems.
         Starting Raise network interfaces...
[[0;32m  OK  [0m] Started Journal Service.
         Starting Flush Journal to Persistent Storage...
[   11.683168] systemd-journald[88]: Received request to flush runtime journal from PID 1
[[0;32m  OK  [0m] Started Flush Journal to Persistent Storage.
         Starting Create Volatile Files and Directories...
[[0;32m  OK  [0m] Started udev Kernel Device Manager.
[   12.645239] omap_prm 44e00d00.prm: sync_state() pending due to 44d00000.cpu
[[0;32m  OK  [0m] Started Create Volatile Files and Directories.
         Starting Update UTMP about System Boot/Shutdown...
         Starting Network Time Synchronization...
[[0;32m  OK  [0m] Started Update UTMP about System Boot/Shutdown.
[[0;32m  OK  [0m] Started udev Coldplug all Devices.
[[0;32m  OK  [0m] Started Network Time Synchronization.[   14.919818] remoteproc remoteproc0: wkup_m3 is available

[[0;32m  OK  [0m] Reached target System Initialization.
[[0;32m  OK  [0m] Listening on Avahi mDNS/DNS-SD Stack Activation Socket.
[[0;32m  OK  [0m] Started Daily Cleanup of Temporary Directories.
[[0;32m  OK  [0m] Listening on D-Bus System Message Bus Socket.
[[0;32m  OK  [0m] Reached target Sockets.
[[0;32m  OK  [0m] Reached target Basic System.
[   15.295970] am335x-phy-driver 47401300.usb-phy: dummy supplies not allowed for exclusive requests (id=vbus)
[   15.360130] at24 2-0054: supply vcc not found, using dummy regulator
[   15.389991] usbcore: registered new interface driver usbfs
[   15.395895] usbcore: registered new interface driver hub
[   15.401416] usbcore: registered new device driver usb
         Starting LSB: Load kernel modules needed to enable cpufreq scaling...
[   15.492369] at24 2-0055: supply vcc not found, using dummy regulator
[   15.503505] am335x-phy-driver 47401b00.usb-phy: dummy supplies not allowed for exclusive requests (id=vbus)
[   15.594830] at24 2-0056: supply vcc not found, using dummy regulator
[[0;32m  OK  [0m] Started Regular background program processing daemon.
[   15.759296] at24 2-0057: supply vcc not found, using dummy regulator
         Starting Cape Manager Service...
[   15.928147] at24 0-0050: 32768 byte 24c256 EEPROM, writable, 1 bytes/write
[[0;32m  OK  [0m] Started D-Bus System Message Bus.
[   16.132203] musb-hdrc musb-hdrc.1: MUSB HDRC host driver
[   16.137630] musb-hdrc musb-hdrc.1: new USB bus registered, assigned bus number 1
[   16.243511] input: tps65217_pwrbutton as /devices/platform/ocp/44c00000.interconnect/44c00000.interconnect:segment@200000/44e0b000.target-module/44e0b000.i2c/i2c-0/0-0024/tps65217-pwrbutton/input/input0
[   16.439522] usb usb1: New USB device found, idVendor=1d6b, idProduct=0002, bcdDevice= 6.16
[   16.448080] usb usb1: New USB device strings: Mfr=3, Product=2, SerialNumber=1
[   16.455516] usb usb1: Product: MUSB HDRC host driver
[   16.460515] usb usb1: Manufacturer: Linux 6.16.0-rc7-next-20250721 musb-hcd
[   16.467556] usb usb1: SerialNumber: musb-hdrc.1
[   16.768752] hub 1-0:1.0: USB hub found
[   16.829969] hub 1-0:1.0: 1 port detected
[   16.841698] omap_wdt: OMAP Watchdog Timer Rev 0x01: initial timeout 60 sec
[   17.207555] omap_rtc 44e3e000.rtc: registered as rtc0
[   17.212889] omap_rtc 44e3e000.rtc: setting system clock to 2000-01-01T00:00:00 UTC (946684800)
[   18.219495] omap-mailbox 480c8000.mailbox: omap mailbox rev 0x400
[   18.290753] remoteproc remoteproc0: powering up wkup_m3
[   18.370754] tda998x 0-0070: found TDA19988
[   18.524866] remoteproc remoteproc0: Direct firmware load for am335x-pm-firmware.elf failed with error -2
[   18.535025] remoteproc remoteproc0: request_firmware failed: -2
[   18.540998] wkup_m3_ipc 44e11324.wkup_m3_ipc: rproc_boot failed
         Starting Connection service...
         Starting Login Service...
[   20.485245] omap_rng 48310000.rng: Random Number Generator ver. 20
         Starting System Logging Service...
         Starting Avahi mDNS/DNS-SD Stack...
         Starting LSB: Start busybox udhcpd at boot time...
[   20.828753] tilcdc 4830e000.lcdc: bound 0-0070 (ops tda998x_audio_codec_init [tda998x])
         Starting DUN service...
[   20.939608] [drm] Initialized tilcdc 1.0.0 for 4830e000.lcdc on minor 0
         Starting Telephony service...
[   21.069193] tilcdc 4830e000.lcdc: [drm] Cannot find any crtc or sizes
[   21.096502] tilcdc 4830e000.lcdc: [drm] Cannot find any crtc or sizes
         Starting Generic Board Startup...
[[0;32m  OK  [0m] Reached target System Time Synchronized.
[[0;32m  OK  [0m] Started Daily apt download activities.
[[0;32m  OK  [0m] Started Daily apt upgrade and clean activities.
[[0;32m  OK  [0m] Reached target Timers.
[[0;32m  OK  [0m] Started Cape Manager Service.
[[0;32m  OK  [0m] Found device /dev/ttyS0.
[   22.421674] omap-sham 53100000.sham: hw accel on OMAP rev 4.3
[   22.486138] PM: Cannot get wkup_m3_ipc handle
[   22.541936] omap-sham 53100000.sham: will run requests pump with realtime priority
[   22.576015] PM: Cannot get wkup_m3_ipc handle
[   22.775838] omap-aes 53500000.aes: OMAP AES hw accel rev: 3.2
[   22.924282] omap-aes 53500000.aes: will run requests pump with realtime priority
[   22.937311] PM: Cannot get wkup_m3_ipc handle
[[0;32m  OK  [0m] Started System Logging Service.
[   23.814465] ------------[ cut here ]------------
[   23.819167] WARNING: net/8021q/vlan_core.c:236 at vlan_for_each+0x114/0x134, CPU#0: avahi-daemon/299
[   23.828593] RTNL: assertion failed at net/8021q/vlan_core.c (236)
[   23.834763] Modules linked in: ecdh_generic ecc snd_soc_simple_card omap_aes_driver snd_soc_simple_card_utils omap_crypto pm33xx libaes omap_sham crypto_engine ti_emif_sram tilcdc drm_dma_helper omap_rng drm_client_lib rng_core snd_soc_davinci_mcasp snd_soc_ti_udma snd_soc_ti_edma snd_soc_ti_sdma snd_soc_core snd_pcm_dmaengine snd_pcm snd_timer snd omap_mailbox tda998x soundcore cec drm_kms_helper wkup_m3_ipc rtc_omap drm omap_wdt watchdog drm_panel_orientation_quirks tps65218_pwrbutton musb_dsps musb_hdrc udc_core usbcore at24 phy_am335x phy_am335x_control phy_generic wkup_m3_rproc usb_common cppi41 leds_gpio cpufreq_dt led_class ip_tables x_tables autofs4
[   23.893617] CPU: 0 UID: 107 PID: 299 Comm: avahi-daemon Not tainted 6.16.0-rc7-next-20250721 #1 NONE 
[   23.893637] Hardware name: Generic AM33XX (Flattened Device Tree)
[   23.893645] Call trace: 
[   23.893661]  unwind_backtrace from show_stack+0x10/0x14
[   23.893701]  show_stack from dump_stack_lvl+0x50/0x64
[   23.893726]  dump_stack_lvl from __warn+0x88/0x148
[   23.893744]  __warn from warn_slowpath_fmt+0x19c/0x1b0
[   23.893757]  warn_slowpath_fmt from vlan_for_each+0x114/0x134
[   23.893781]  vlan_for_each from cpsw_add_mc_addr+0x40/0xa4
[   23.893810]  cpsw_add_mc_addr from __hw_addr_ref_sync_dev+0x108/0x140
[   23.893843]  __hw_addr_ref_sync_dev from __dev_mc_add+0x7c/0x80
[   23.893867]  __dev_mc_add from igmp6_group_added+0xc8/0xe0
[   23.893895]  igmp6_group_added from __ipv6_dev_mc_inc+0x218/0x364
[   23.893914]  __ipv6_dev_mc_inc from __ipv6_sock_mc_join+0x11c/0x214
[   23.893932]  __ipv6_sock_mc_join from do_ipv6_setsockopt+0x1214/0x1310
[   23.893966]  do_ipv6_setsockopt from ipv6_setsockopt+0x60/0xcc
[   23.893988]  ipv6_setsockopt from udpv6_setsockopt+0x2c/0x6c
[   23.894007]  udpv6_setsockopt from sock_common_setsockopt+0x30/0x40
[   23.894024]  sock_common_setsockopt from do_sock_setsockopt+0x50/0x9c
[   23.894046]  do_sock_setsockopt from __sys_setsockopt+0x70/0xbc
[   23.894069]  __sys_setsockopt from ret_fast_syscall+0x0/0x58
[   23.894087] Exception stack(0xe0171fa8 to 0xe0171ff0)
[   23.894102] 1fa0:                   00000014 b6f2cce8 0000000d 00000029 00000014 beaa39ec
[   23.894114] 1fc0: 00000014 b6f2cce8 00000014 00000126 0000000d b6ed5ff4 0046e988 00456558
[   23.894123] 1fe0: b6eeb088 beaa39d8 b6ec8309 b6d9f41a
[   23.894131] ---[ end trace 0000000000000000 ]---
[   24.441188] Bluetooth: Core ver 2.22
[   24.445203] NET: Registered PF_BLUETOOTH protocol family
[   24.450554] Bluetooth: HCI device and connection manager initialized
[   24.457090] Bluetooth: HCI socket layer initialized
[   24.462055] Bluetooth: L2CAP socket layer initialized
[   24.467169] Bluetooth: SCO socket layer initialized
[   26.544911] PM: Cannot get wkup_m3_ipc handle
[   26.567578] gpio-537 (nxp,calib): gpiod_direction_output_nonotify: tried to set a GPIO tied to an IRQ as output
[   26.707030] PM: Cannot get wkup_m3_ipc handle
[   26.904911] tda9950 0-0034: TDA9950 CEC interface, hardware version 3.3
[   27.020728] PM: Cannot get wkup_m3_ipc handle
[[0;32m  OK  [0m] Started Raise network interfaces.
[[0;32m  OK  [0m] Started LSB: Start busybox udhcpd at boot time.
[[0;32m  OK  [0m] Started LSB: Load kernel modules needed to enable cpufreq scaling.
[[0;32m  OK  [0m] Started DUN service.
[[0;32m  OK  [0m] Started Telephony service.
[[0;32m  OK  [0m] Started Avahi mDNS/DNS-SD Stack.
[[0;32m  OK  [0m] Started Connection service.
[[0;32m  OK  [0m] Started Login Service.
[[0;32m  OK  [0m] Reached target Sound Card.
[   30.130805] configfs-gadget.g_multi gadget.0: HOST MAC 1c:ba:8c:a2:ed:6c
[   30.137807] configfs-gadget.g_multi gadget.0: MAC 1c:ba:8c:a2:ed:70
[   30.145150] configfs-gadget.g_multi gadget.0: HOST MAC 1c:ba:8c:a2:ed:6c
[   30.151993] configfs-gadget.g_multi gadget.0: MAC 1c:ba:8c:a2:ed:6d
[   30.162030] PM: Cannot get wkup_m3_ipc handle
         Starting LSB: set CPUFreq kernel parameters...
[[0;32m  OK  [0m] Reached target Network.
[[0;32m  OK  [0m] Reached target Network is Online.
         Starting LSB: Advanced IEEE 802.11 management daemon...
         Starting Permit User Sessions...
         Starting The Apache HTTP Server...
         Starting OpenBSD Secure Shell server...
[[0;32m  OK  [0m] Started LSB: Advanced IEEE 802.11 management daemon.
[[0;32m  OK  [0m] Started Permit User Sessions.
[[0;32m  OK  [0m] Started Getty on tty1.
[[0;32m  OK  [0m] Started Serial Getty on ttyS0.
[[0;32m  OK  [0m] Reached target Login Prompts.
         Starting Hostname Service...
         Starting WPA supplicant...
[[0;32m  OK  [0m] Started LSB: set CPUFreq kernel parameters.
[[0;32m  OK  [0m] Started WPA supplicant.
[[0;32m  OK  [0m] Started Hostname Service.
[[0;32m  OK  [0m] Started OpenBSD Secure Shell server.
         Stopping LSB: Start busybox udhcpd at boot time...
[[0;32m  OK  [0m] Stopped LSB: Start busybox udhcpd at boot time.
[[0;32m  OK  [0m] Started The Apache HTTP Server.
         Starting dnsmasq - A lightweight DHCP and caching DNS server...
[[0;32m  OK  [0m] Started dnsmasq - A lightweight DHCP and caching DNS server.
[[0;32m  OK  [0m] Reached target Host and Network Name Lookups.
[[0;32m  OK  [0m] Started Serial Getty on ttyGS0.
[[0;32m  OK  [0m] Started Generic Board Startup.
[[0;32m  OK  [0m] Reached target Multi-User System.
[[0;32m  OK  [0m] Reached target Graphical Interface.
         Starting Update UTMP about System Runlevel Changes...

Debian GNU/Linux 9 arm ttyS0

default username:password is [debian:temppwd]

arm login: root
Password: 
Last login: Sat Jan  1 00:00:30 UTC 2000 on ttyS0
root
Linux arm 6.16.0-rc7-next-20250721 #1 SMP Mon Jul 21 11:58:51 EEST 2025 armv7l

The programs included with the Debian GNU/Linux system are free software;
the exact distribution terms for each program are described in the
individual files in /usr/share/doc/*/copyright.

Debian GNU/Linux comes with ABSOLUTELY NO WARRANTY, to the extent
permitted by applicable law.
root@arm:~# root
-bash: root: command not found
root@arm:~# dmesg -n 1
echo 'BSKV''VWXLNY'
root@arm:~# echo 'BSKV''VWXLNY'
BSKVVWXLNY
root@arm:~# run() { echo -n "$MARKER"; sh -c "$@"; echo "$MARKER $?"; }
root@arm:~# echo 'HXBS''PMMNFY'
HXBSPMMNFY
root@arm:~# MARKER='TBNJ''ASJCLG' run 'cat /proc/version'
TBNJASJCLGLinux version 6.16.0-rc7-next-20250721 (user01@drvtest01) (arm-none-eabi-gcc (Arm GNU Toolchain 14.2.Rel1 (Build arm-14.52)) 14.2.1 20241119, GNU ld (Arm GNU Toolchain 14.2.Rel1 (Build arm-14.52)) 2.43.1.20241119) #1 SMP Mon Jul 21 11:58:51 EEST 2025
TBNJASJCLG 0
root@arm:~# echo 'ANBP''WLQTSQ'
ANBPWLQTSQ
root@arm:~# MARKER='WHVZ''ZNHTKX' run false
WHVZZNHTKXWHVZZNHTKX 1
root@arm:~# Labgrid Console Logfile for main
Logfile started at 2025-07-21 12:03:08.705547
=== Log starts here ===

root@arm:~# run() { echo -n "$MARKER"; sh -c "$@"; echo "$MARKER $?"; }
root@arm:~# echo 'CYME''OCNHNM'
CYMEOCNHNM
root@arm:~# MARKER='HXPJ''OHAGTS' run 'ls /iio_generic_buffer; echo $?'
HXPJOHAGTS/iio_generic_buffer
0
HXPJOHAGTS 0
root@arm:~# Labgrid Console Logfile for main
Logfile started at 2025-07-21 12:03:12.065674
=== Log starts here ===

root@arm:~# run() { echo -n "$MARKER"; sh -c "$@"; echo "$MARKER $?"; }
root@arm:~# echo 'UYXE''FNVLGF'
UYXEFNVLGF
root@arm:~# MARKER='HXYX''HQUVMS' run dmesg
HXYXHQUVMS[    0.000000] Booting Linux on physical CPU 0x0
[    0.000000] Linux version 6.16.0-rc7-next-20250721 (user01@drvtest01) (arm-none-eabi-gcc (Arm GNU Toolchain 14.2.Rel1 (Build arm-14.52)) 14.2.1 20241119, GNU ld (Arm GNU Toolchain 14.2.Rel1 (Build arm-14.52)) 2.43.1.20241119) #1 SMP Mon Jul 21 11:58:51 EEST 2025
[    0.000000] CPU: ARMv7 Processor [413fc082] revision 2 (ARMv7), cr=10c5387d
[    0.000000] CPU: PIPT / VIPT nonaliasing data cache, VIPT aliasing instruction cache
[    0.000000] OF: fdt: Machine model: TI AM335x BeagleBone Black
[    0.000000] Memory policy: Data cache writeback
[    0.000000] cma: Reserved 16 MiB at 0x9e800000
[    0.000000] Zone ranges:
[    0.000000]   Normal   [mem 0x0000000080000000-0x000000009fdfffff]
[    0.000000]   HighMem  empty
[    0.000000] Movable zone start for each node
[    0.000000] Early memory node ranges
[    0.000000]   node   0: [mem 0x0000000080000000-0x000000009fdfffff]
[    0.000000] Initmem setup node 0 [mem 0x0000000080000000-0x000000009fdfffff]
[    0.000000] On node 0, zone Normal: 512 pages in unavailable ranges
[    0.000000] OF: reserved mem: Reserved memory: No reserved-memory node in the DT
[    0.000000] CPU: All CPU(s) started in SVC mode.
[    0.000000] AM335X ES2.1 (sgx neon)
[    0.000000] percpu: Embedded 17 pages/cpu s39820 r8192 d21620 u69632
[    0.000000] pcpu-alloc: s39820 r8192 d21620 u69632 alloc=17*4096
[    0.000000] pcpu-alloc: [0] 0 
[    0.000000] Kernel command line: console=ttyO0,115200n8 root=/dev/nfs rw nfsroot=192.168.255.126:/home/user01/nfs,nfsvers=3 ip=192.168.255.1:192.168.255.126::255.255.255.0:bbb1:eth0 nfsrootdebug
[    0.000000] Unknown kernel command line parameters "nfsrootdebug", will be passed to user space.
[    0.000000] printk: log buffer data + meta data: 65536 + 204800 = 270336 bytes
[    0.000000] Dentry cache hash table entries: 65536 (order: 6, 262144 bytes, linear)
[    0.000000] Inode-cache hash table entries: 32768 (order: 5, 131072 bytes, linear)
[    0.000000] Built 1 zonelists, mobility grouping on.  Total pages: 130560
[    0.000000] mem auto-init: stack:off, heap alloc:off, heap free:off
[    0.000000] SLUB: HWalign=16, Order=0-3, MinObjects=0, CPUs=1, Nodes=1
[    0.000000] rcu: Hierarchical RCU implementation.
[    0.000000] rcu: 	RCU event tracing is enabled.
[    0.000000] rcu: 	RCU restricting CPUs from NR_CPUS=2 to nr_cpu_ids=1.
[    0.000000] 	Tracing variant of Tasks RCU enabled.
[    0.000000] rcu: RCU calculated value of scheduler-enlistment delay is 10 jiffies.
[    0.000000] rcu: Adjusting geometry for rcu_fanout_leaf=16, nr_cpu_ids=1
[    0.000000] RCU Tasks Trace: Setting shift to 0 and lim to 1 rcu_task_cb_adjust=1 rcu_task_cpu_ids=1.
[    0.000000] NR_IRQS: 16, nr_irqs: 16, preallocated irqs: 16
[    0.000000] IRQ: Found an INTC at 0x(ptrval) (revision 5.0) with 128 interrupts
[    0.000000] rcu: srcu_init: Setting srcu_struct sizes based on contention.
[    0.000000] TI gptimer clocksource: always-on /ocp/interconnect@44c00000/segment@200000/target-module@31000
[    0.000002] sched_clock: 32 bits at 24MHz, resolution 41ns, wraps every 89478484971ns
[    0.000026] clocksource: dmtimer: mask: 0xffffffff max_cycles: 0xffffffff, max_idle_ns: 79635851949 ns
[    0.000530] TI gptimer clockevent: 24000000 Hz at /ocp/interconnect@48000000/segment@0/target-module@40000
[    0.002163] Console: colour dummy device 80x30
[    0.002231] WARNING: Your 'console=ttyO0' has been replaced by 'ttyS0'
[    0.002238] This ensures that you still see kernel messages. Please
[    0.002243] update your kernel commandline.
[    0.002287] Calibrating delay loop... 996.14 BogoMIPS (lpj=4980736)
[    0.090580] CPU: Testing write buffer coherency: ok
[    0.090695] CPU0: Spectre v2: using BPIALL workaround
[    0.090704] pid_max: default: 32768 minimum: 301
[    0.090863] LSM: initializing lsm=capability
[    0.091028] Mount-cache hash table entries: 1024 (order: 0, 4096 bytes, linear)
[    0.091050] Mountpoint-cache hash table entries: 1024 (order: 0, 4096 bytes, linear)
[    0.092630] CPU0: thread -1, cpu 0, socket -1, mpidr 0
[    0.092685] cacheinfo: Unable to detect cache hierarchy for CPU 0
[    0.094712] Setting up static identity map for 0x80100000 - 0x80100078
[    0.095051] rcu: Hierarchical SRCU implementation.
[    0.095061] rcu: 	Max phase no-delay instances is 1000.
[    0.096784] smp: Bringing up secondary CPUs ...
[    0.096837] smp: Brought up 1 node, 1 CPU
[    0.096851] SMP: Total of 1 processors activated (996.14 BogoMIPS).
[    0.096863] CPU: All CPU(s) started in SVC mode.
[    0.097064] Memory: 480848K/522240K available (11264K kernel code, 1221K rwdata, 2936K rodata, 1024K init, 255K bss, 23356K reserved, 16384K cma-reserved, 0K highmem)
[    0.097912] devtmpfs: initialized
[    0.114714] VFP support v0.3: implementor 41 architecture 3 part 30 variant c rev 3
[    0.115353] clocksource: jiffies: mask: 0xffffffff max_cycles: 0xffffffff, max_idle_ns: 19112604462750000 ns
[    0.115411] posixtimers hash table entries: 512 (order: 0, 4096 bytes, linear)
[    0.115438] futex hash table entries: 256 (16384 bytes on 1 NUMA nodes, total 16 KiB, linear).
[    0.116557] pinctrl core: initialized pinctrl subsystem
[    0.118687] NET: Registered PF_NETLINK/PF_ROUTE protocol family
[    0.121820] DMA: preallocated 256 KiB pool for atomic coherent allocations
[    0.122432] audit: initializing netlink subsys (disabled)
[    0.123762] thermal_sys: Registered thermal governor 'fair_share'
[    0.123777] thermal_sys: Registered thermal governor 'step_wise'
[    0.123786] thermal_sys: Registered thermal governor 'user_space'
[    0.123898] audit: type=2000 audit(0.120:1): state=initialized audit_enabled=0 res=1
[    0.123967] cpuidle: using governor menu
[    0.142221] /ocp/interconnect@44c00000/segment@200000/target-module@b000/i2c@0/tda19988@70: Fixed dependency cycle(s) with /ocp/interconnect@48000000/segment@300000/target-module@e000/lcdc@0
[    0.143368] /ocp/interconnect@48000000/segment@300000/target-module@e000/lcdc@0: Fixed dependency cycle(s) with /ocp/interconnect@44c00000/segment@200000/target-module@b000/i2c@0/tda19988@70
[    0.145602] No ATAGs?
[    0.145646] hw-breakpoint: debug architecture 0x4 unsupported.
[    0.148769] kprobes: kprobe jump-optimization is enabled. All kprobes are optimized if possible.
[    0.154076] iommu: Default domain type: Translated
[    0.154099] iommu: DMA domain TLB invalidation policy: strict mode
[    0.155654] reg-fixed-voltage fixedregulator0: using DT '/fixedregulator0' for '(default)' GPIO lookup
[    0.155707] of_get_named_gpiod_flags: can't parse 'gpios' property of node '/fixedregulator0[0]'
[    0.155734] of_get_named_gpiod_flags: can't parse 'gpio' property of node '/fixedregulator0[0]'
[    0.155752] reg-fixed-voltage fixedregulator0: using lookup tables for GPIO lookup
[    0.155762] reg-fixed-voltage fixedregulator0: No GPIO consumer (default) found
[    0.161415] SCSI subsystem initialized
[    0.161893] libata version 3.00 loaded.
[    0.162281] pps_core: LinuxPPS API ver. 1 registered
[    0.162294] pps_core: Software ver. 5.3.6 - Copyright 2005-2007 Rodolfo Giometti <giometti@linux.it>
[    0.162318] PTP clock support registered
[    0.170903] vgaarb: loaded
[    0.171279] clocksource: Switched to clocksource dmtimer
[    0.171954] VFS: Disk quotas dquot_6.6.0
[    0.172012] VFS: Dquot-cache hash table entries: 1024 (order 0, 4096 bytes)
[    0.196221] NET: Registered PF_INET protocol family
[    0.196564] IP idents hash table entries: 8192 (order: 4, 65536 bytes, linear)
[    0.197985] tcp_listen_portaddr_hash hash table entries: 512 (order: 0, 4096 bytes, linear)
[    0.198022] Table-perturb hash table entries: 65536 (order: 6, 262144 bytes, linear)
[    0.198042] TCP established hash table entries: 4096 (order: 2, 16384 bytes, linear)
[    0.198087] TCP bind hash table entries: 4096 (order: 4, 65536 bytes, linear)
[    0.198186] TCP: Hash tables configured (established 4096 bind 4096)
[    0.198305] UDP hash table entries: 256 (order: 1, 14336 bytes, linear)
[    0.198340] UDP-Lite hash table entries: 256 (order: 1, 14336 bytes, linear)
[    0.198529] NET: Registered PF_UNIX/PF_LOCAL protocol family
[    0.199794] RPC: Registered named UNIX socket transport module.
[    0.199816] RPC: Registered udp transport module.
[    0.199822] RPC: Registered tcp transport module.
[    0.199827] RPC: Registered tcp-with-tls transport module.
[    0.199832] RPC: Registered tcp NFSv4.1 backchannel transport module.
[    0.199857] PCI: CLS 0 bytes, default 64
[    0.201237] Initialise system trusted keyrings
[    0.211911] workingset: timestamp_bits=14 max_order=17 bucket_order=3
[    0.213318] NFS: Registering the id_resolver key type
[    0.213400] Key type id_resolver registered
[    0.213407] Key type id_legacy registered
[    0.213515] jffs2: version 2.2. (NAND) (SUMMARY)  Â© 2001-2006 Red Hat, Inc.
[    0.213966] Key type asymmetric registered
[    0.213983] Asymmetric key parser 'x509' registered
[    0.214050] io scheduler mq-deadline registered
[    0.214061] io scheduler kyber registered
[    0.214136] io scheduler bfq registered
[    0.216013] target-module@4b000000:target-module@140000:pmu@0:fck: device ID is greater than 24
[    0.222209] l3-aon-clkctrl:0000:0: failed to disable
[    0.231478] ledtrig-cpu: registered to indicate activity on CPUs
[    0.235207] Serial: 8250/16550 driver, 6 ports, IRQ sharing enabled
[    0.277406] brd: module loaded
[    0.297692] loop: module loaded
[    0.298633] mtdoops: mtd device (mtddev=name/number) must be supplied
[    0.300319] mdio_bus fixed-0: using lookup tables for GPIO lookup
[    0.300345] mdio_bus fixed-0: No GPIO consumer reset found
[    0.301936] i2c_dev: i2c /dev entries driver
[    0.302951] cpuidle: enable-method property 'ti,am3352' found operations
[    0.303385] sdhci: Secure Digital Host Controller Interface driver
[    0.303393] sdhci: Copyright(c) Pierre Ossman
[    0.303568] sdhci-pltfm: SDHCI platform and OF driver helper
[    0.317905] hw perfevents: enabled with armv7_cortex_a8 PMU driver, 5 (8000000f) counters available
[    0.318424] Initializing XFRM netlink socket
[    0.318607] NET: Registered PF_INET6 protocol family
[    0.324305] l3-aon-clkctrl:0000:0: failed to disable
[    0.332768] Segment Routing with IPv6
[    0.332855] In-situ OAM (IOAM) with IPv6
[    0.332952] sit: IPv6, IPv4 and MPLS over IPv4 tunneling driver
[    0.333903] NET: Registered PF_PACKET protocol family
[    0.333931] NET: Registered PF_KEY protocol family
[    0.334054] Key type dns_resolver registered
[    0.334278] ThumbEE CPU extension supported.
[    0.334299] Registering SWP/SWPB emulation handler
[    0.334839] omap_voltage_late_init: Voltage driver support not added
[    0.335489] SmartReflex Class3 initialized
[    0.377174] Loading compiled-in X.509 certificates
[    0.419539] /ocp/interconnect@44c00000/segment@200000/target-module@b000/i2c@0/tda19988@70: Fixed dependency cycle(s) with /ocp/interconnect@48000000/segment@300000/target-module@e000/lcdc@0
[    0.426220] /ocp/interconnect@44c00000/segment@200000/target-module@b000/i2c@0/tda19988@70: Fixed dependency cycle(s) with /ocp/interconnect@48000000/segment@300000/target-module@e000/lcdc@0
[    0.431925] gpiochip_find_base_unlocked: found new base at 512
[    0.445601] /ocp/interconnect@44c00000/segment@200000/target-module@b000/i2c@0/tda19988@70: Fixed dependency cycle(s) with /ocp/interconnect@48000000/segment@300000/target-module@e000/lcdc@0
[    0.446488] /ocp/interconnect@44c00000/segment@200000/target-module@b000/i2c@0/tda19988@70: Fixed dependency cycle(s) with /ocp/interconnect@48000000/segment@300000/target-module@e000/lcdc@0
[    0.450014] /ocp/interconnect@44c00000/segment@200000/target-module@10000/scm@0/pinmux@800: Fixed dependency cycle(s) with /ocp/interconnect@44c00000/segment@200000/target-module@10000/scm@0/pinmux@800/clkout2-pins
[    0.450600] pinctrl-single 44e10800.pinmux: 142 pins, size 568
[    0.456223] ti-sysc 44e31000.target-module: probe with driver ti-sysc failed with error -16
[    0.503948] /ocp/interconnect@48000000/segment@300000/target-module@e000/lcdc@0: Fixed dependency cycle(s) with /ocp/interconnect@44c00000/segment@200000/target-module@b000/i2c@0/tda19988@70
[    0.512230] ti-sysc 48040000.target-module: probe with driver ti-sysc failed with error -16
[    0.523847] gpiochip_find_base_unlocked: found new base at 512
[    0.523950] gpio gpiochip0: (gpio-0-31): created GPIO range 0->7 ==> 44e10800.pinmux PIN 0->7
[    0.523969] gpio gpiochip0: (gpio-0-31): created GPIO range 8->11 ==> 44e10800.pinmux PIN 90->93
[    0.523985] gpio gpiochip0: (gpio-0-31): created GPIO range 12->27 ==> 44e10800.pinmux PIN 12->27
[    0.524000] gpio gpiochip0: (gpio-0-31): created GPIO range 28->31 ==> 44e10800.pinmux PIN 30->33
[    0.555589] gpio gpiochip0: (gpio-0-31): added GPIO chardev (254:0)
[    0.555805] gpio gpiochip0: registered GPIOs 512 to 543 on gpio-0-31
[    0.555888] OMAP GPIO hardware version 0.1
[    0.593536] i2c i2c-2: using DT '/ocp/interconnect@48000000/segment@100000/target-module@9c000/i2c@0' for 'scl' GPIO lookup
[    0.593614] of_get_named_gpiod_flags: can't parse 'scl-gpios' property of node '/ocp/interconnect@48000000/segment@100000/target-module@9c000/i2c@0[0]'
[    0.593658] of_get_named_gpiod_flags: can't parse 'scl-gpio' property of node '/ocp/interconnect@48000000/segment@100000/target-module@9c000/i2c@0[0]'
[    0.593694] i2c i2c-2: using lookup tables for GPIO lookup
[    0.593705] i2c i2c-2: No GPIO consumer scl found
[    0.593727] i2c i2c-2: using DT '/ocp/interconnect@48000000/segment@100000/target-module@9c000/i2c@0' for 'sda' GPIO lookup
[    0.593762] of_get_named_gpiod_flags: can't parse 'sda-gpios' property of node '/ocp/interconnect@48000000/segment@100000/target-module@9c000/i2c@0[0]'
[    0.593800] of_get_named_gpiod_flags: can't parse 'sda-gpio' property of node '/ocp/interconnect@48000000/segment@100000/target-module@9c000/i2c@0[0]'
[    0.593832] i2c i2c-2: using lookup tables for GPIO lookup
[    0.593839] i2c i2c-2: No GPIO consumer sda found
[    0.594557] omap_i2c 4819c000.i2c: bus 2 rev0.11 at 100 kHz
[    0.600152] gpiochip_find_base_unlocked: found new base at 544
[    0.600255] gpio gpiochip1: (gpio-32-63): created GPIO range 0->17 ==> 44e10800.pinmux PIN 34->51
[    0.600275] gpio gpiochip1: (gpio-32-63): created GPIO range 18->21 ==> 44e10800.pinmux PIN 77->80
[    0.600291] gpio gpiochip1: (gpio-32-63): created GPIO range 22->31 ==> 44e10800.pinmux PIN 56->65
[    0.614903] gpio gpiochip1: (gpio-32-63): added GPIO chardev (254:1)
[    0.615125] gpio gpiochip1: registered GPIOs 544 to 575 on gpio-32-63
[    0.617412] gpiochip_find_base_unlocked: found new base at 576
[    0.617503] gpio gpiochip2: (gpio-64-95): created GPIO range 0->4 ==> 44e10800.pinmux PIN 66->70
[    0.617532] gpio gpiochip2: (gpio-64-95): created GPIO range 5->6 ==> 44e10800.pinmux PIN 98->99
[    0.617549] gpio gpiochip2: (gpio-64-95): created GPIO range 7->8 ==> 44e10800.pinmux PIN 75->76
[    0.617564] gpio gpiochip2: (gpio-64-95): created GPIO range 13->13 ==> 44e10800.pinmux PIN 141->141
[    0.617580] gpio gpiochip2: (gpio-64-95): created GPIO range 14->21 ==> 44e10800.pinmux PIN 100->107
[    0.618225] gpio gpiochip2: (gpio-64-95): added GPIO chardev (254:2)
[    0.618434] gpio gpiochip2: registered GPIOs 576 to 607 on gpio-64-95
[    0.624291] 48000000.interconnect:segment@200000:target-module@0:mpu@0:fck: device ID is greater than 24
[    0.625190] /ocp/interconnect@48000000/segment@300000/target-module@e000/lcdc@0: Fixed dependency cycle(s) with /ocp/interconnect@44c00000/segment@200000/target-module@b000/i2c@0/tda19988@70
[    0.628063] /ocp/interconnect@48000000/segment@300000/target-module@e000/lcdc@0: Fixed dependency cycle(s) with /ocp/interconnect@44c00000/segment@200000/target-module@b000/i2c@0/tda19988@70
[    0.628767] /ocp/interconnect@44c00000/segment@200000/target-module@b000/i2c@0/tda19988@70: Fixed dependency cycle(s) with /ocp/interconnect@48000000/segment@300000/target-module@e000/lcdc@0
[    0.628931] /ocp/interconnect@48000000/segment@300000/target-module@e000/lcdc@0: Fixed dependency cycle(s) with /ocp/interconnect@44c00000/segment@200000/target-module@b000/i2c@0/tda19988@70
[    0.638740] mdio_bus 4a101000.mdio: using DT '/ocp/interconnect@4a000000/segment@0/target-module@100000/switch@0/mdio@1000' for 'reset' GPIO lookup
[    0.638814] of_get_named_gpiod_flags: can't parse 'reset-gpios' property of node '/ocp/interconnect@4a000000/segment@0/target-module@100000/switch@0/mdio@1000[0]'
[    0.638862] of_get_named_gpiod_flags: can't parse 'reset-gpio' property of node '/ocp/interconnect@4a000000/segment@0/target-module@100000/switch@0/mdio@1000[0]'
[    0.638908] mdio_bus 4a101000.mdio: using lookup tables for GPIO lookup
[    0.638919] mdio_bus 4a101000.mdio: No GPIO consumer reset found
[    0.639948] sdhci-omap 481d8000.mmc: using DT '/ocp/interconnect@48000000/segment@100000/target-module@d8000/mmc@0' for 'wp' GPIO lookup
[    0.640010] of_get_named_gpiod_flags: can't parse 'wp-gpios' property of node '/ocp/interconnect@48000000/segment@100000/target-module@d8000/mmc@0[0]'
[    0.640053] of_get_named_gpiod_flags: can't parse 'wp-gpio' property of node '/ocp/interconnect@48000000/segment@100000/target-module@d8000/mmc@0[0]'
[    0.640086] sdhci-omap 481d8000.mmc: using lookup tables for GPIO lookup
[    0.640095] sdhci-omap 481d8000.mmc: No GPIO consumer wp found
[    0.640296] sdhci-omap 481d8000.mmc: supply pbias not found, using dummy regulator
[    0.640785] sdhci-omap 481d8000.mmc: supply vqmmc not found, using dummy regulator
[    0.695955] davinci_mdio 4a101000.mdio: davinci mdio revision 1.6, bus freq 1000000
[    0.710254] mdio_bus 4a101000.mdio:00: using DT '/ocp/interconnect@4a000000/segment@0/target-module@100000/switch@0/mdio@1000/ethernet-phy@0' for 'reset' GPIO lookup
[    0.710356] of_get_named_gpiod_flags: parsed 'reset-gpios' property of node '/ocp/interconnect@4a000000/segment@0/target-module@100000/switch@0/mdio@1000/ethernet-phy@0[0]' - status (0)
[    0.710515] gpio gpiochip0: Persistence not supported for GPIO 8
[    0.825308] davinci_mdio 4a101000.mdio: phy[0]: device 4a101000.mdio:00, driver SMSC LAN8710/LAN8720
[    0.826111] cpsw-switch 4a100000.switch: initialized cpsw ale version 1.4
[    0.826132] cpsw-switch 4a100000.switch: ALE Table size 1024, Policers 0
[    0.826288] cpsw-switch 4a100000.switch: cpts: overflow check period 500 (jiffies)
[    0.826303] cpsw-switch 4a100000.switch: CPTS: ref_clk_freq:250000000 calc_mult:2147483648 calc_shift:29 error:0 nsec/sec
[    0.826410] cpsw-switch 4a100000.switch: Detected MACID = 6c:ec:eb:68:de:78
[    0.828255] cpsw-switch 4a100000.switch: initialized (regs 0x4a100000, pool size 256) hw_ver:0019010C 1.12 (0)
[    0.839292] debugfs: '49000000.dma' already exists in 'dmaengine'
[    0.839335] edma 49000000.dma: TI EDMA DMA engine driver
[    0.858880] gpio-clk clk_mcasp0: using DT '/clk_mcasp0' for 'enable' GPIO lookup
[    0.858957] of_get_named_gpiod_flags: parsed 'enable-gpios' property of node '/clk_mcasp0[0]' - status (0)
[    0.859001] gpio gpiochip0: Persistence not supported for GPIO 27
[    0.859846] gpiochip_find_base_unlocked: found new base at 608
[    0.859962] gpio gpiochip3: (gpio-96-127): created GPIO range 0->7 ==> 44e10800.pinmux PIN 82->89
[    0.859984] gpio gpiochip3: (gpio-96-127): created GPIO range 8->11 ==> 44e10800.pinmux PIN 52->55
[    0.860000] gpio gpiochip3: (gpio-96-127): created GPIO range 12->15 ==> 44e10800.pinmux PIN 94->97
[    0.860015] gpio gpiochip3: (gpio-96-127): created GPIO range 16->17 ==> 44e10800.pinmux PIN 71->72
[    0.860031] gpio gpiochip3: (gpio-96-127): created GPIO range 18->18 ==> 44e10800.pinmux PIN 135->135
[    0.860047] gpio gpiochip3: (gpio-96-127): created GPIO range 19->20 ==> 44e10800.pinmux PIN 108->109
[    0.860063] gpio gpiochip3: (gpio-96-127): created GPIO range 21->21 ==> 44e10800.pinmux PIN 73->73
[    0.860080] gpio gpiochip3: (gpio-96-127): created GPIO range 22->23 ==> 44e10800.pinmux PIN 8->9
[    0.860096] gpio gpiochip3: (gpio-96-127): created GPIO range 26->27 ==> 44e10800.pinmux PIN 10->11
[    0.860114] gpio gpiochip3: (gpio-96-127): created GPIO range 28->28 ==> 44e10800.pinmux PIN 74->74
[    0.860132] gpio gpiochip3: (gpio-96-127): created GPIO range 29->29 ==> 44e10800.pinmux PIN 81->81
[    0.860153] gpio gpiochip3: (gpio-96-127): created GPIO range 30->31 ==> 44e10800.pinmux PIN 28->29
[    0.874798] gpio gpiochip3: (gpio-96-127): added GPIO chardev (254:3)
[    0.875037] gpio gpiochip3: registered GPIOs 608 to 639 on gpio-96-127
[    0.876925] omap8250 44e09000.serial: using DT '/ocp/interconnect@44c00000/segment@200000/target-module@9000/serial@0' for 'rs485-term' GPIO lookup
[    0.876995] of_get_named_gpiod_flags: can't parse 'rs485-term-gpios' property of node '/ocp/interconnect@44c00000/segment@200000/target-module@9000/serial@0[0]'
[    0.877038] of_get_named_gpiod_flags: can't parse 'rs485-term-gpio' property of node '/ocp/interconnect@44c00000/segment@200000/target-module@9000/serial@0[0]'
[    0.877074] omap8250 44e09000.serial: using lookup tables for GPIO lookup
[    0.877084] omap8250 44e09000.serial: No GPIO consumer rs485-term found
[    0.877094] omap8250 44e09000.serial: using DT '/ocp/interconnect@44c00000/segment@200000/target-module@9000/serial@0' for 'rs485-rx-during-tx' GPIO lookup
[    0.877129] of_get_named_gpiod_flags: can't parse 'rs485-rx-during-tx-gpios' property of node '/ocp/interconnect@44c00000/segment@200000/target-module@9000/serial@0[0]'
[    0.877166] of_get_named_gpiod_flags: can't parse 'rs485-rx-during-tx-gpio' property of node '/ocp/interconnect@44c00000/segment@200000/target-module@9000/serial@0[0]'
[    0.877198] omap8250 44e09000.serial: using lookup tables for GPIO lookup
[    0.877206] omap8250 44e09000.serial: No GPIO consumer rs485-rx-during-tx found
[    0.877640] 44e09000.serial: ttyS0 at MMIO 0x44e09000 (irq = 34, base_baud = 3000000) is a 8250
[    0.877732] printk: legacy console [ttyS0] enabled
[    2.379854] i2c i2c-0: using DT '/ocp/interconnect@44c00000/segment@200000/target-module@b000/i2c@0' for 'scl' GPIO lookup
[    2.379941] of_get_named_gpiod_flags: can't parse 'scl-gpios' property of node '/ocp/interconnect@44c00000/segment@200000/target-module@b000/i2c@0[0]'
[    2.379989] of_get_named_gpiod_flags: can't parse 'scl-gpio' property of node '/ocp/interconnect@44c00000/segment@200000/target-module@b000/i2c@0[0]'
[    2.380030] i2c i2c-0: using lookup tables for GPIO lookup
[    2.380045] i2c i2c-0: No GPIO consumer scl found
[    2.380070] i2c i2c-0: using DT '/ocp/interconnect@44c00000/segment@200000/target-module@b000/i2c@0' for 'sda' GPIO lookup
[    2.380110] of_get_named_gpiod_flags: can't parse 'sda-gpios' property of node '/ocp/interconnect@44c00000/segment@200000/target-module@b000/i2c@0[0]'
[    2.380150] of_get_named_gpiod_flags: can't parse 'sda-gpio' property of node '/ocp/interconnect@44c00000/segment@200000/target-module@b000/i2c@0[0]'
[    2.380186] i2c i2c-0: using lookup tables for GPIO lookup
[    2.380198] i2c i2c-0: No GPIO consumer sda found
[    2.392239] tps65217-pmic: Failed to locate of_node [id: -1]
[    2.398302] tps65217-bl: Failed to locate of_node [id: -1]
[    2.404356] platform tps65217-charger: DMA mask not set
[    2.410407] platform tps65217-pwrbutton: DMA mask not set
[    2.417700] tps65217 0-0024: TPS65217 ID 0xe version 1.2
[    2.423843] /ocp/interconnect@48000000/segment@300000/target-module@e000/lcdc@0: Fixed dependency cycle(s) with /ocp/interconnect@44c00000/segment@200000/target-module@b000/i2c@0/tda19988@70
[    2.441319] /ocp/interconnect@44c00000/segment@200000/target-module@b000/i2c@0/tda19988@70: Fixed dependency cycle(s) with /ocp/interconnect@48000000/segment@300000/target-module@e000/lcdc@0
[    2.458675] omap_i2c 44e0b000.i2c: bus 0 rev0.11 at 400 kHz
[    2.466365] sdhci-omap 48060000.mmc: using DT '/ocp/interconnect@48000000/segment@0/target-module@60000/mmc@0' for 'cd' GPIO lookup
[    2.466473] of_get_named_gpiod_flags: parsed 'cd-gpios' property of node '/ocp/interconnect@48000000/segment@0/target-module@60000/mmc@0[0]' - status (0)
[    2.466543] gpio gpiochip3: Persistence not supported for GPIO 6
[    2.466567] omap_gpio 44e07000.gpio: Could not set line 6 debounce to 200000 microseconds (-22)
[    2.475484] sdhci-omap 48060000.mmc: Got CD GPIO
[    2.480138] sdhci-omap 48060000.mmc: using DT '/ocp/interconnect@48000000/segment@0/target-module@60000/mmc@0' for 'wp' GPIO lookup
[    2.480187] of_get_named_gpiod_flags: can't parse 'wp-gpios' property of node '/ocp/interconnect@48000000/segment@0/target-module@60000/mmc@0[0]'
[    2.480230] of_get_named_gpiod_flags: can't parse 'wp-gpio' property of node '/ocp/interconnect@48000000/segment@0/target-module@60000/mmc@0[0]'
[    2.480269] sdhci-omap 48060000.mmc: using lookup tables for GPIO lookup
[    2.480283] sdhci-omap 48060000.mmc: No GPIO consumer wp found
[    2.480492] sdhci-omap 48060000.mmc: supply pbias not found, using dummy regulator
[    2.489309] sdhci-omap 481d8000.mmc: using DT '/ocp/interconnect@48000000/segment@100000/target-module@d8000/mmc@0' for 'wp' GPIO lookup
[    2.489386] of_get_named_gpiod_flags: can't parse 'wp-gpios' property of node '/ocp/interconnect@48000000/segment@100000/target-module@d8000/mmc@0[0]'
[    2.489434] of_get_named_gpiod_flags: can't parse 'wp-gpio' property of node '/ocp/interconnect@48000000/segment@100000/target-module@d8000/mmc@0[0]'
[    2.489471] sdhci-omap 481d8000.mmc: using lookup tables for GPIO lookup
[    2.489485] sdhci-omap 481d8000.mmc: No GPIO consumer wp found
[    2.490498] sdhci-omap 48060000.mmc: supply vqmmc not found, using dummy regulator
[    2.499600] sdhci-omap 481d8000.mmc: supply pbias not found, using dummy regulator
[    2.509321] sdhci-omap 481d8000.mmc: supply vqmmc not found, using dummy regulator
[    2.544935] mmc0: SDHCI controller on 48060000.mmc [48060000.mmc] using External DMA
[    2.553242] mmc1: SDHCI controller on 481d8000.mmc [481d8000.mmc] using External DMA
[    2.562078] cpsw-switch 4a100000.switch: starting ndev. mode: dual_mac
[    2.610364] mmc0: new high speed SDHC card at address 5048
[    2.617405] mmcblk0: mmc0:5048 SD16G 14.4 GiB
[    2.625652]  mmcblk0: p1 p2
[    2.629014] mmcblk0: p2 size 31221760 extends beyond EOD, truncated
[    2.642520] SMSC LAN8710/LAN8720 4a101000.mdio:00: attached PHY driver (mii_bus:phy_addr=4a101000.mdio:00, irq=POLL)
[    2.653495] mmc1: new high speed MMC card at address 0001
[    2.666199] mmcblk1: mmc1:0001 MMC04G 3.60 GiB
[    2.673835]  mmcblk1: p1 p2
[    2.678053] mmcblk1boot0: mmc1:0001 MMC04G 2.00 MiB
[    2.686774] mmcblk1boot1: mmc1:0001 MMC04G 2.00 MiB
[    2.695969] mmcblk1rpmb: mmc1:0001 MMC04G 128 KiB, chardev (249:0)
[    5.842057] cpsw-switch 4a100000.switch eth0: Link is Up - 100Mbps/Full - flow control off
[    5.881532] IP-Config: Complete:
[    5.884810]      device=eth0, hwaddr=6c:ec:eb:68:de:78, ipaddr=192.168.255.1, mask=255.255.255.0, gw=255.255.255.255
[    5.895487]      host=bbb1, domain=, nis-domain=(none)
[    5.900658]      bootserver=192.168.255.126, rootserver=192.168.255.126, rootpath=
[    5.901081] clk: Disabling unused clocks
[    5.912965] KTAP version 1
[    5.915699] 1..0
[    5.918138] check access for rdinit=/init failed: -2, ignoring
[    5.946558] VFS: Mounted root (nfs filesystem) on device 0:17.
[    5.953607] devtmpfs: mounted
[    5.958069] Freeing unused kernel image (initmem) memory: 1024K
[    5.965020] Run /sbin/init as init process
[    5.969157]   with arguments:
[    5.969168]     /sbin/init
[    5.969178]     nfsrootdebug
[    5.969187]   with environment:
[    5.969196]     HOME=/
[    5.969205]     TERM=linux
[    6.627871] systemd[1]: System time before build time, advancing clock.
[    8.171301] random: crng init done
[    8.183935] systemd[1]: systemd 232 running in system mode. (+PAM +AUDIT +SELINUX +IMA +APPARMOR +SMACK +SYSVINIT +UTMP +LIBCRYPTSETUP +GCRYPT +GNUTLS +ACL +XZ +LZ4 +SECCOMP +BLKID +ELFUTILS +KMOD +IDN)
[    8.203013] systemd[1]: Detected architecture arm.
[    8.234402] systemd[1]: Set hostname to <arm>.
[    9.341196] systemd[1]: Listening on /dev/initctl Compatibility Named Pipe.
[    9.373024] systemd[1]: syslog.socket: SO_PASSSEC failed: Operation not supported
[    9.380753] systemd[1]: Listening on Syslog Socket.
[    9.403037] systemd[1]: Set up automount Arbitrary Executable File Formats File System Automount Point.
[    9.432818] systemd[1]: Created slice User and Session Slice.
[    9.461938] systemd[1]: Listening on udev Kernel Socket.
[    9.492274] systemd[1]: Listening on Journal Audit Socket.
[   11.683168] systemd-journald[88]: Received request to flush runtime journal from PID 1
[   12.645239] omap_prm 44e00d00.prm: sync_state() pending due to 44d00000.cpu
[   14.454903] leds-gpio leds: using DT '/leds/led2' for '(default)' GPIO lookup
[   14.455010] of_get_named_gpiod_flags: parsed 'gpios' property of node '/leds/led2[0]' - status (0)
[   14.455068] gpio gpiochip0: Persistence not supported for GPIO 21
[   14.455083] gpio-533 (?): no flags found for GPIO (default)
[   14.492049] leds-gpio leds: using DT '/leds/led3' for '(default)' GPIO lookup
[   14.492158] of_get_named_gpiod_flags: parsed 'gpios' property of node '/leds/led3[0]' - status (0)
[   14.492215] gpio gpiochip0: Persistence not supported for GPIO 22
[   14.492229] gpio-534 (?): no flags found for GPIO (default)
[   14.513044] leds-gpio leds: using DT '/leds/led4' for '(default)' GPIO lookup
[   14.513144] of_get_named_gpiod_flags: parsed 'gpios' property of node '/leds/led4[0]' - status (0)
[   14.513197] gpio gpiochip0: Persistence not supported for GPIO 23
[   14.513211] gpio-535 (?): no flags found for GPIO (default)
[   14.546679] leds-gpio leds: using DT '/leds/led5' for '(default)' GPIO lookup
[   14.546781] of_get_named_gpiod_flags: parsed 'gpios' property of node '/leds/led5[0]' - status (0)
[   14.546835] gpio gpiochip0: Persistence not supported for GPIO 24
[   14.546849] gpio-536 (?): no flags found for GPIO (default)
[   14.919818] remoteproc remoteproc0: wkup_m3 is available
[   15.295504] am335x-phy-driver 47401300.usb-phy: using DT '/ocp/target-module@47400000/usb-phy@1300' for 'reset' GPIO lookup
[   15.295601] of_get_named_gpiod_flags: can't parse 'reset-gpios' property of node '/ocp/target-module@47400000/usb-phy@1300[0]'
[   15.295650] of_get_named_gpiod_flags: can't parse 'reset-gpio' property of node '/ocp/target-module@47400000/usb-phy@1300[0]'
[   15.295688] am335x-phy-driver 47401300.usb-phy: using lookup tables for GPIO lookup
[   15.295704] am335x-phy-driver 47401300.usb-phy: No GPIO consumer reset found
[   15.295719] am335x-phy-driver 47401300.usb-phy: using DT '/ocp/target-module@47400000/usb-phy@1300' for 'vbus-detect' GPIO lookup
[   15.295751] of_get_named_gpiod_flags: can't parse 'vbus-detect-gpios' property of node '/ocp/target-module@47400000/usb-phy@1300[0]'
[   15.295782] of_get_named_gpiod_flags: can't parse 'vbus-detect-gpio' property of node '/ocp/target-module@47400000/usb-phy@1300[0]'
[   15.295809] am335x-phy-driver 47401300.usb-phy: using lookup tables for GPIO lookup
[   15.295821] am335x-phy-driver 47401300.usb-phy: No GPIO consumer vbus-detect found
[   15.295970] am335x-phy-driver 47401300.usb-phy: dummy supplies not allowed for exclusive requests (id=vbus)
[   15.360130] at24 2-0054: supply vcc not found, using dummy regulator
[   15.389991] usbcore: registered new interface driver usbfs
[   15.395895] usbcore: registered new interface driver hub
[   15.401416] usbcore: registered new device driver usb
[   15.492369] at24 2-0055: supply vcc not found, using dummy regulator
[   15.503053] am335x-phy-driver 47401b00.usb-phy: using DT '/ocp/target-module@47400000/usb-phy@1b00' for 'reset' GPIO lookup
[   15.503144] of_get_named_gpiod_flags: can't parse 'reset-gpios' property of node '/ocp/target-module@47400000/usb-phy@1b00[0]'
[   15.503188] of_get_named_gpiod_flags: can't parse 'reset-gpio' property of node '/ocp/target-module@47400000/usb-phy@1b00[0]'
[   15.503224] am335x-phy-driver 47401b00.usb-phy: using lookup tables for GPIO lookup
[   15.503239] am335x-phy-driver 47401b00.usb-phy: No GPIO consumer reset found
[   15.503254] am335x-phy-driver 47401b00.usb-phy: using DT '/ocp/target-module@47400000/usb-phy@1b00' for 'vbus-detect' GPIO lookup
[   15.503287] of_get_named_gpiod_flags: can't parse 'vbus-detect-gpios' property of node '/ocp/target-module@47400000/usb-phy@1b00[0]'
[   15.503318] of_get_named_gpiod_flags: can't parse 'vbus-detect-gpio' property of node '/ocp/target-module@47400000/usb-phy@1b00[0]'
[   15.503345] am335x-phy-driver 47401b00.usb-phy: using lookup tables for GPIO lookup
[   15.503357] am335x-phy-driver 47401b00.usb-phy: No GPIO consumer vbus-detect found
[   15.503505] am335x-phy-driver 47401b00.usb-phy: dummy supplies not allowed for exclusive requests (id=vbus)
[   15.594830] at24 2-0056: supply vcc not found, using dummy regulator
[   15.759296] at24 2-0057: supply vcc not found, using dummy regulator
[   15.927574] at24 0-0050: using DT '/ocp/interconnect@44c00000/segment@200000/target-module@b000/i2c@0/eeprom@50' for 'wp' GPIO lookup
[   15.927690] of_get_named_gpiod_flags: can't parse 'wp-gpios' property of node '/ocp/interconnect@44c00000/segment@200000/target-module@b000/i2c@0/eeprom@50[0]'
[   15.927752] of_get_named_gpiod_flags: can't parse 'wp-gpio' property of node '/ocp/interconnect@44c00000/segment@200000/target-module@b000/i2c@0/eeprom@50[0]'
[   15.927797] at24 0-0050: using lookup tables for GPIO lookup
[   15.927812] at24 0-0050: No GPIO consumer wp found
[   15.928147] at24 0-0050: 32768 byte 24c256 EEPROM, writable, 1 bytes/write
[   16.132203] musb-hdrc musb-hdrc.1: MUSB HDRC host driver
[   16.137630] musb-hdrc musb-hdrc.1: new USB bus registered, assigned bus number 1
[   16.243511] input: tps65217_pwrbutton as /devices/platform/ocp/44c00000.interconnect/44c00000.interconnect:segment@200000/44e0b000.target-module/44e0b000.i2c/i2c-0/0-0024/tps65217-pwrbutton/input/input0
[   16.439522] usb usb1: New USB device found, idVendor=1d6b, idProduct=0002, bcdDevice= 6.16
[   16.448080] usb usb1: New USB device strings: Mfr=3, Product=2, SerialNumber=1
[   16.455516] usb usb1: Product: MUSB HDRC host driver
[   16.460515] usb usb1: Manufacturer: Linux 6.16.0-rc7-next-20250721 musb-hcd
[   16.467556] usb usb1: SerialNumber: musb-hdrc.1
[   16.768752] hub 1-0:1.0: USB hub found
[   16.829969] hub 1-0:1.0: 1 port detected
[   16.841698] omap_wdt: OMAP Watchdog Timer Rev 0x01: initial timeout 60 sec
[   17.207555] omap_rtc 44e3e000.rtc: registered as rtc0
[   17.212889] omap_rtc 44e3e000.rtc: setting system clock to 2000-01-01T00:00:00 UTC (946684800)
[   17.221634] omap_rtc 44e3e000.rtc: using DT '/ocp/interconnect@44c00000/segment@200000/target-module@3e000/rtc@0' for 'wp' GPIO lookup
[   17.221706] of_get_named_gpiod_flags: can't parse 'wp-gpios' property of node '/ocp/interconnect@44c00000/segment@200000/target-module@3e000/rtc@0[0]'
[   17.221756] of_get_named_gpiod_flags: can't parse 'wp-gpio' property of node '/ocp/interconnect@44c00000/segment@200000/target-module@3e000/rtc@0[0]'
[   17.221796] omap_rtc 44e3e000.rtc: using lookup tables for GPIO lookup
[   17.221812] omap_rtc 44e3e000.rtc: No GPIO consumer wp found
[   18.219495] omap-mailbox 480c8000.mailbox: omap mailbox rev 0x400
[   18.290753] remoteproc remoteproc0: powering up wkup_m3
[   18.370754] tda998x 0-0070: found TDA19988
[   18.524866] remoteproc remoteproc0: Direct firmware load for am335x-pm-firmware.elf failed with error -2
[   18.535025] remoteproc remoteproc0: request_firmware failed: -2
[   18.540998] wkup_m3_ipc 44e11324.wkup_m3_ipc: rproc_boot failed
[   20.485245] omap_rng 48310000.rng: Random Number Generator ver. 20
[   20.828753] tilcdc 4830e000.lcdc: bound 0-0070 (ops tda998x_audio_codec_init [tda998x])
[   20.939608] [drm] Initialized tilcdc 1.0.0 for 4830e000.lcdc on minor 0
[   21.069193] tilcdc 4830e000.lcdc: [drm] Cannot find any crtc or sizes
[   21.096502] tilcdc 4830e000.lcdc: [drm] Cannot find any crtc or sizes
[   22.421674] omap-sham 53100000.sham: hw accel on OMAP rev 4.3
[   22.486138] PM: Cannot get wkup_m3_ipc handle
[   22.541936] omap-sham 53100000.sham: will run requests pump with realtime priority
[   22.576015] PM: Cannot get wkup_m3_ipc handle
[   22.775838] omap-aes 53500000.aes: OMAP AES hw accel rev: 3.2
[   22.924282] omap-aes 53500000.aes: will run requests pump with realtime priority
[   22.937311] PM: Cannot get wkup_m3_ipc handle
[   23.814465] ------------[ cut here ]------------
[   23.819167] WARNING: net/8021q/vlan_core.c:236 at vlan_for_each+0x114/0x134, CPU#0: avahi-daemon/299
[   23.828593] RTNL: assertion failed at net/8021q/vlan_core.c (236)
[   23.834763] Modules linked in: ecdh_generic ecc snd_soc_simple_card omap_aes_driver snd_soc_simple_card_utils omap_crypto pm33xx libaes omap_sham crypto_engine ti_emif_sram tilcdc drm_dma_helper omap_rng drm_client_lib rng_core snd_soc_davinci_mcasp snd_soc_ti_udma snd_soc_ti_edma snd_soc_ti_sdma snd_soc_core snd_pcm_dmaengine snd_pcm snd_timer snd omap_mailbox tda998x soundcore cec drm_kms_helper wkup_m3_ipc rtc_omap drm omap_wdt watchdog drm_panel_orientation_quirks tps65218_pwrbutton musb_dsps musb_hdrc udc_core usbcore at24 phy_am335x phy_am335x_control phy_generic wkup_m3_rproc usb_common cppi41 leds_gpio cpufreq_dt led_class ip_tables x_tables autofs4
[   23.893617] CPU: 0 UID: 107 PID: 299 Comm: avahi-daemon Not tainted 6.16.0-rc7-next-20250721 #1 NONE 
[   23.893637] Hardware name: Generic AM33XX (Flattened Device Tree)
[   23.893645] Call trace: 
[   23.893661]  unwind_backtrace from show_stack+0x10/0x14
[   23.893701]  show_stack from dump_stack_lvl+0x50/0x64
[   23.893726]  dump_stack_lvl from __warn+0x88/0x148
[   23.893744]  __warn from warn_slowpath_fmt+0x19c/0x1b0
[   23.893757]  warn_slowpath_fmt from vlan_for_each+0x114/0x134
[   23.893781]  vlan_for_each from cpsw_add_mc_addr+0x40/0xa4
[   23.893810]  cpsw_add_mc_addr from __hw_addr_ref_sync_dev+0x108/0x140
[   23.893843]  __hw_addr_ref_sync_dev from __dev_mc_add+0x7c/0x80
[   23.893867]  __dev_mc_add from igmp6_group_added+0xc8/0xe0
[   23.893895]  igmp6_group_added from __ipv6_dev_mc_inc+0x218/0x364
[   23.893914]  __ipv6_dev_mc_inc from __ipv6_sock_mc_join+0x11c/0x214
[   23.893932]  __ipv6_sock_mc_join from do_ipv6_setsockopt+0x1214/0x1310
[   23.893966]  do_ipv6_setsockopt from ipv6_setsockopt+0x60/0xcc
[   23.893988]  ipv6_setsockopt from udpv6_setsockopt+0x2c/0x6c
[   23.894007]  udpv6_setsockopt from sock_common_setsockopt+0x30/0x40
[   23.894024]  sock_common_setsockopt from do_sock_setsockopt+0x50/0x9c
[   23.894046]  do_sock_setsockopt from __sys_setsockopt+0x70/0xbc
[   23.894069]  __sys_setsockopt from ret_fast_syscall+0x0/0x58
[   23.894087] Exception stack(0xe0171fa8 to 0xe0171ff0)
[   23.894102] 1fa0:                   00000014 b6f2cce8 0000000d 00000029 00000014 beaa39ec
[   23.894114] 1fc0: 00000014 b6f2cce8 00000014 00000126 0000000d b6ed5ff4 0046e988 00456558
[   23.894123] 1fe0: b6eeb088 beaa39d8 b6ec8309 b6d9f41a
[   23.894131] ---[ end trace 0000000000000000 ]---
[   24.441188] Bluetooth: Core ver 2.22
[   24.445203] NET: Registered PF_BLUETOOTH protocol family
[   24.450554] Bluetooth: HCI device and connection manager initialized
[   24.457090] Bluetooth: HCI socket layer initialized
[   24.462055] Bluetooth: L2CAP socket layer initialized
[   24.467169] Bluetooth: SCO socket layer initialized
[   26.532669] tda998x 0-0070: using DT '/ocp/interconnect@44c00000/segment@200000/target-module@b000/i2c@0/tda19988@70' for 'nxp,calib' GPIO lookup
[   26.532817] of_get_named_gpiod_flags: parsed 'nxp,calib-gpios' property of node '/ocp/interconnect@44c00000/segment@200000/target-module@b000/i2c@0/tda19988@70[0]' - status (0)
[   26.532902] gpio gpiochip0: Persistence not supported for GPIO 25
[   26.532918] gpio-537 (nxp,calib): no flags found for GPIO nxp,calib
[   26.544911] PM: Cannot get wkup_m3_ipc handle
[   26.550689] asoc-simple-card sound: using DT '/sound' for 'simple-audio-card,hp-det' GPIO lookup
[   26.550767] of_get_named_gpiod_flags: can't parse 'simple-audio-card,hp-det-gpios' property of node '/sound[0]'
[   26.550805] of_get_named_gpiod_flags: can't parse 'simple-audio-card,hp-det-gpio' property of node '/sound[0]'
[   26.550830] asoc-simple-card sound: using lookup tables for GPIO lookup
[   26.550845] asoc-simple-card sound: No GPIO consumer simple-audio-card,hp-det found
[   26.550861] asoc-simple-card sound: using DT '/sound' for 'simple-audio-card,mic-det' GPIO lookup
[   26.550888] of_get_named_gpiod_flags: can't parse 'simple-audio-card,mic-det-gpios' property of node '/sound[0]'
[   26.550915] of_get_named_gpiod_flags: can't parse 'simple-audio-card,mic-det-gpio' property of node '/sound[0]'
[   26.550935] asoc-simple-card sound: using lookup tables for GPIO lookup
[   26.550947] asoc-simple-card sound: No GPIO consumer simple-audio-card,mic-det found
[   26.567578] gpio-537 (nxp,calib): gpiod_direction_output_nonotify: tried to set a GPIO tied to an IRQ as output
[   26.707030] PM: Cannot get wkup_m3_ipc handle
[   26.904911] tda9950 0-0034: TDA9950 CEC interface, hardware version 3.3
[   27.020728] PM: Cannot get wkup_m3_ipc handle
[   29.715039] userial_init: registered 8 ttyGS* devices
[   29.937473] rndis_register: configNr = 0
[   30.129568] udc musb-hdrc.0: binding gadget driver [g_multi]
[   30.129666] configfs-gadget.g_multi gadget.0: adding 'rndis'/4091e344 to config 'c'/b3233c81
[   30.130805] configfs-gadget.g_multi gadget.0: HOST MAC 1c:ba:8c:a2:ed:6c
[   30.137807] configfs-gadget.g_multi gadget.0: MAC 1c:ba:8c:a2:ed:70
[   30.144222] rndis_set_param_medium: 0 0
[   30.144244] configfs-gadget.g_multi gadget.0: RNDIS: IN/ep1in OUT/ep1out NOTIFY/ep2in
[   30.144261] configfs-gadget.g_multi gadget.0: adding 'cdc_ethernet'/fa9e90c0 to config 'c'/b3233c81
[   30.145150] configfs-gadget.g_multi gadget.0: HOST MAC 1c:ba:8c:a2:ed:6c
[   30.151993] configfs-gadget.g_multi gadget.0: MAC 1c:ba:8c:a2:ed:6d
[   30.158326] configfs-gadget.g_multi gadget.0: CDC Ethernet: IN/ep3in OUT/ep2out NOTIFY/ep4in
[   30.158344] configfs-gadget.g_multi gadget.0: adding 'acm'/6e3d2a83 to config 'c'/b3233c81
[   30.158378] configfs-gadget.g_multi gadget.0: acm ttyGS0: IN/ep5in OUT/ep3out NOTIFY/ep6in
[   30.162030] PM: Cannot get wkup_m3_ipc handle
[   32.522542] configfs-gadget.g_multi gadget.0: eth_open
[   35.983326] gs_open: ttyGS0 (0dfe739a,1dbca248)
[   35.983481] gs_close: ttyGS0 (0dfe739a,1dbca248) ...
[   35.983505] gs_close: ttyGS0 (0dfe739a,1dbca248) done!
[   35.997052] gs_open: ttyGS0 (6fa66ceb,f8d188a0)
[   35.997176] gs_close: ttyGS0 (6fa66ceb,f8d188a0) ...
[   35.997197] gs_close: ttyGS0 (6fa66ceb,f8d188a0) done!
[   36.160132] gs_open: ttyGS0 (798201a0,b45c09b4)
[   36.160375] gs_close: ttyGS0 (798201a0,b45c09b4) ...
[   36.160404] gs_close: ttyGS0 (798201a0,b45c09b4) done!
[   36.168805] gs_open: ttyGS0 (798201a0,8cd99800)
HXYXHQUVMS 0
root@arm:~# echo 'SWQF''FEMOCG'
SWQFFEMOCG
root@arm:~# MARKER='KAOP''BXNBAF' run 'modprobe test_linear_ranges'
KAOPBXNBAFKAOPBXNBAF 0
root@arm:~# echo 'UGPU''PZJZBX'
UGPUPZJZBX
root@arm:~# MARKER='SNCM''BHNFKC' run dmesg
SNCMBHNFKC[    0.000000] Booting Linux on physical CPU 0x0
[    0.000000] Linux version 6.16.0-rc7-next-20250721 (user01@drvtest01) (arm-none-eabi-gcc (Arm GNU Toolchain 14.2.Rel1 (Build arm-14.52)) 14.2.1 20241119, GNU ld (Arm GNU Toolchain 14.2.Rel1 (Build arm-14.52)) 2.43.1.20241119) #1 SMP Mon Jul 21 11:58:51 EEST 2025
[    0.000000] CPU: ARMv7 Processor [413fc082] revision 2 (ARMv7), cr=10c5387d
[    0.000000] CPU: PIPT / VIPT nonaliasing data cache, VIPT aliasing instruction cache
[    0.000000] OF: fdt: Machine model: TI AM335x BeagleBone Black
[    0.000000] Memory policy: Data cache writeback
[    0.000000] cma: Reserved 16 MiB at 0x9e800000
[    0.000000] Zone ranges:
[    0.000000]   Normal   [mem 0x0000000080000000-0x000000009fdfffff]
[    0.000000]   HighMem  empty
[    0.000000] Movable zone start for each node
[    0.000000] Early memory node ranges
[    0.000000]   node   0: [mem 0x0000000080000000-0x000000009fdfffff]
[    0.000000] Initmem setup node 0 [mem 0x0000000080000000-0x000000009fdfffff]
[    0.000000] On node 0, zone Normal: 512 pages in unavailable ranges
[    0.000000] OF: reserved mem: Reserved memory: No reserved-memory node in the DT
[    0.000000] CPU: All CPU(s) started in SVC mode.
[    0.000000] AM335X ES2.1 (sgx neon)
[    0.000000] percpu: Embedded 17 pages/cpu s39820 r8192 d21620 u69632
[    0.000000] pcpu-alloc: s39820 r8192 d21620 u69632 alloc=17*4096
[    0.000000] pcpu-alloc: [0] 0 
[    0.000000] Kernel command line: console=ttyO0,115200n8 root=/dev/nfs rw nfsroot=192.168.255.126:/home/user01/nfs,nfsvers=3 ip=192.168.255.1:192.168.255.126::255.255.255.0:bbb1:eth0 nfsrootdebug
[    0.000000] Unknown kernel command line parameters "nfsrootdebug", will be passed to user space.
[    0.000000] printk: log buffer data + meta data: 65536 + 204800 = 270336 bytes
[    0.000000] Dentry cache hash table entries: 65536 (order: 6, 262144 bytes, linear)
[    0.000000] Inode-cache hash table entries: 32768 (order: 5, 131072 bytes, linear)
[    0.000000] Built 1 zonelists, mobility grouping on.  Total pages: 130560
[    0.000000] mem auto-init: stack:off, heap alloc:off, heap free:off
[    0.000000] SLUB: HWalign=16, Order=0-3, MinObjects=0, CPUs=1, Nodes=1
[    0.000000] rcu: Hierarchical RCU implementation.
[    0.000000] rcu: 	RCU event tracing is enabled.
[    0.000000] rcu: 	RCU restricting CPUs from NR_CPUS=2 to nr_cpu_ids=1.
[    0.000000] 	Tracing variant of Tasks RCU enabled.
[    0.000000] rcu: RCU calculated value of scheduler-enlistment delay is 10 jiffies.
[    0.000000] rcu: Adjusting geometry for rcu_fanout_leaf=16, nr_cpu_ids=1
[    0.000000] RCU Tasks Trace: Setting shift to 0 and lim to 1 rcu_task_cb_adjust=1 rcu_task_cpu_ids=1.
[    0.000000] NR_IRQS: 16, nr_irqs: 16, preallocated irqs: 16
[    0.000000] IRQ: Found an INTC at 0x(ptrval) (revision 5.0) with 128 interrupts
[    0.000000] rcu: srcu_init: Setting srcu_struct sizes based on contention.
[    0.000000] TI gptimer clocksource: always-on /ocp/interconnect@44c00000/segment@200000/target-module@31000
[    0.000002] sched_clock: 32 bits at 24MHz, resolution 41ns, wraps every 89478484971ns
[    0.000026] clocksource: dmtimer: mask: 0xffffffff max_cycles: 0xffffffff, max_idle_ns: 79635851949 ns
[    0.000530] TI gptimer clockevent: 24000000 Hz at /ocp/interconnect@48000000/segment@0/target-module@40000
[    0.002163] Console: colour dummy device 80x30
[    0.002231] WARNING: Your 'console=ttyO0' has been replaced by 'ttyS0'
[    0.002238] This ensures that you still see kernel messages. Please
[    0.002243] update your kernel commandline.
[    0.002287] Calibrating delay loop... 996.14 BogoMIPS (lpj=4980736)
[    0.090580] CPU: Testing write buffer coherency: ok
[    0.090695] CPU0: Spectre v2: using BPIALL workaround
[    0.090704] pid_max: default: 32768 minimum: 301
[    0.090863] LSM: initializing lsm=capability
[    0.091028] Mount-cache hash table entries: 1024 (order: 0, 4096 bytes, linear)
[    0.091050] Mountpoint-cache hash table entries: 1024 (order: 0, 4096 bytes, linear)
[    0.092630] CPU0: thread -1, cpu 0, socket -1, mpidr 0
[    0.092685] cacheinfo: Unable to detect cache hierarchy for CPU 0
[    0.094712] Setting up static identity map for 0x80100000 - 0x80100078
[    0.095051] rcu: Hierarchical SRCU implementation.
[    0.095061] rcu: 	Max phase no-delay instances is 1000.
[    0.096784] smp: Bringing up secondary CPUs ...
[    0.096837] smp: Brought up 1 node, 1 CPU
[    0.096851] SMP: Total of 1 processors activated (996.14 BogoMIPS).
[    0.096863] CPU: All CPU(s) started in SVC mode.
[    0.097064] Memory: 480848K/522240K available (11264K kernel code, 1221K rwdata, 2936K rodata, 1024K init, 255K bss, 23356K reserved, 16384K cma-reserved, 0K highmem)
[    0.097912] devtmpfs: initialized
[    0.114714] VFP support v0.3: implementor 41 architecture 3 part 30 variant c rev 3
[    0.115353] clocksource: jiffies: mask: 0xffffffff max_cycles: 0xffffffff, max_idle_ns: 19112604462750000 ns
[    0.115411] posixtimers hash table entries: 512 (order: 0, 4096 bytes, linear)
[    0.115438] futex hash table entries: 256 (16384 bytes on 1 NUMA nodes, total 16 KiB, linear).
[    0.116557] pinctrl core: initialized pinctrl subsystem
[    0.118687] NET: Registered PF_NETLINK/PF_ROUTE protocol family
[    0.121820] DMA: preallocated 256 KiB pool for atomic coherent allocations
[    0.122432] audit: initializing netlink subsys (disabled)
[    0.123762] thermal_sys: Registered thermal governor 'fair_share'
[    0.123777] thermal_sys: Registered thermal governor 'step_wise'
[    0.123786] thermal_sys: Registered thermal governor 'user_space'
[    0.123898] audit: type=2000 audit(0.120:1): state=initialized audit_enabled=0 res=1
[    0.123967] cpuidle: using governor menu
[    0.142221] /ocp/interconnect@44c00000/segment@200000/target-module@b000/i2c@0/tda19988@70: Fixed dependency cycle(s) with /ocp/interconnect@48000000/segment@300000/target-module@e000/lcdc@0
[    0.143368] /ocp/interconnect@48000000/segment@300000/target-module@e000/lcdc@0: Fixed dependency cycle(s) with /ocp/interconnect@44c00000/segment@200000/target-module@b000/i2c@0/tda19988@70
[    0.145602] No ATAGs?
[    0.145646] hw-breakpoint: debug architecture 0x4 unsupported.
[    0.148769] kprobes: kprobe jump-optimization is enabled. All kprobes are optimized if possible.
[    0.154076] iommu: Default domain type: Translated
[    0.154099] iommu: DMA domain TLB invalidation policy: strict mode
[    0.155654] reg-fixed-voltage fixedregulator0: using DT '/fixedregulator0' for '(default)' GPIO lookup
[    0.155707] of_get_named_gpiod_flags: can't parse 'gpios' property of node '/fixedregulator0[0]'
[    0.155734] of_get_named_gpiod_flags: can't parse 'gpio' property of node '/fixedregulator0[0]'
[    0.155752] reg-fixed-voltage fixedregulator0: using lookup tables for GPIO lookup
[    0.155762] reg-fixed-voltage fixedregulator0: No GPIO consumer (default) found
[    0.161415] SCSI subsystem initialized
[    0.161893] libata version 3.00 loaded.
[    0.162281] pps_core: LinuxPPS API ver. 1 registered
[    0.162294] pps_core: Software ver. 5.3.6 - Copyright 2005-2007 Rodolfo Giometti <giometti@linux.it>
[    0.162318] PTP clock support registered
[    0.170903] vgaarb: loaded
[    0.171279] clocksource: Switched to clocksource dmtimer
[    0.171954] VFS: Disk quotas dquot_6.6.0
[    0.172012] VFS: Dquot-cache hash table entries: 1024 (order 0, 4096 bytes)
[    0.196221] NET: Registered PF_INET protocol family
[    0.196564] IP idents hash table entries: 8192 (order: 4, 65536 bytes, linear)
[    0.197985] tcp_listen_portaddr_hash hash table entries: 512 (order: 0, 4096 bytes, linear)
[    0.198022] Table-perturb hash table entries: 65536 (order: 6, 262144 bytes, linear)
[    0.198042] TCP established hash table entries: 4096 (order: 2, 16384 bytes, linear)
[    0.198087] TCP bind hash table entries: 4096 (order: 4, 65536 bytes, linear)
[    0.198186] TCP: Hash tables configured (established 4096 bind 4096)
[    0.198305] UDP hash table entries: 256 (order: 1, 14336 bytes, linear)
[    0.198340] UDP-Lite hash table entries: 256 (order: 1, 14336 bytes, linear)
[    0.198529] NET: Registered PF_UNIX/PF_LOCAL protocol family
[    0.199794] RPC: Registered named UNIX socket transport module.
[    0.199816] RPC: Registered udp transport module.
[    0.199822] RPC: Registered tcp transport module.
[    0.199827] RPC: Registered tcp-with-tls transport module.
[    0.199832] RPC: Registered tcp NFSv4.1 backchannel transport module.
[    0.199857] PCI: CLS 0 bytes, default 64
[    0.201237] Initialise system trusted keyrings
[    0.211911] workingset: timestamp_bits=14 max_order=17 bucket_order=3
[    0.213318] NFS: Registering the id_resolver key type
[    0.213400] Key type id_resolver registered
[    0.213407] Key type id_legacy registered
[    0.213515] jffs2: version 2.2. (NAND) (SUMMARY)  Â© 2001-2006 Red Hat, Inc.
[    0.213966] Key type asymmetric registered
[    0.213983] Asymmetric key parser 'x509' registered
[    0.214050] io scheduler mq-deadline registered
[    0.214061] io scheduler kyber registered
[    0.214136] io scheduler bfq registered
[    0.216013] target-module@4b000000:target-module@140000:pmu@0:fck: device ID is greater than 24
[    0.222209] l3-aon-clkctrl:0000:0: failed to disable
[    0.231478] ledtrig-cpu: registered to indicate activity on CPUs
[    0.235207] Serial: 8250/16550 driver, 6 ports, IRQ sharing enabled
[    0.277406] brd: module loaded
[    0.297692] loop: module loaded
[    0.298633] mtdoops: mtd device (mtddev=name/number) must be supplied
[    0.300319] mdio_bus fixed-0: using lookup tables for GPIO lookup
[    0.300345] mdio_bus fixed-0: No GPIO consumer reset found
[    0.301936] i2c_dev: i2c /dev entries driver
[    0.302951] cpuidle: enable-method property 'ti,am3352' found operations
[    0.303385] sdhci: Secure Digital Host Controller Interface driver
[    0.303393] sdhci: Copyright(c) Pierre Ossman
[    0.303568] sdhci-pltfm: SDHCI platform and OF driver helper
[    0.317905] hw perfevents: enabled with armv7_cortex_a8 PMU driver, 5 (8000000f) counters available
[    0.318424] Initializing XFRM netlink socket
[    0.318607] NET: Registered PF_INET6 protocol family
[    0.324305] l3-aon-clkctrl:0000:0: failed to disable
[    0.332768] Segment Routing with IPv6
[    0.332855] In-situ OAM (IOAM) with IPv6
[    0.332952] sit: IPv6, IPv4 and MPLS over IPv4 tunneling driver
[    0.333903] NET: Registered PF_PACKET protocol family
[    0.333931] NET: Registered PF_KEY protocol family
[    0.334054] Key type dns_resolver registered
[    0.334278] ThumbEE CPU extension supported.
[    0.334299] Registering SWP/SWPB emulation handler
[    0.334839] omap_voltage_late_init: Voltage driver support not added
[    0.335489] SmartReflex Class3 initialized
[    0.377174] Loading compiled-in X.509 certificates
[    0.419539] /ocp/interconnect@44c00000/segment@200000/target-module@b000/i2c@0/tda19988@70: Fixed dependency cycle(s) with /ocp/interconnect@48000000/segment@300000/target-module@e000/lcdc@0
[    0.426220] /ocp/interconnect@44c00000/segment@200000/target-module@b000/i2c@0/tda19988@70: Fixed dependency cycle(s) with /ocp/interconnect@48000000/segment@300000/target-module@e000/lcdc@0
[    0.431925] gpiochip_find_base_unlocked: found new base at 512
[    0.445601] /ocp/interconnect@44c00000/segment@200000/target-module@b000/i2c@0/tda19988@70: Fixed dependency cycle(s) with /ocp/interconnect@48000000/segment@300000/target-module@e000/lcdc@0
[    0.446488] /ocp/interconnect@44c00000/segment@200000/target-module@b000/i2c@0/tda19988@70: Fixed dependency cycle(s) with /ocp/interconnect@48000000/segment@300000/target-module@e000/lcdc@0
[    0.450014] /ocp/interconnect@44c00000/segment@200000/target-module@10000/scm@0/pinmux@800: Fixed dependency cycle(s) with /ocp/interconnect@44c00000/segment@200000/target-module@10000/scm@0/pinmux@800/clkout2-pins
[    0.450600] pinctrl-single 44e10800.pinmux: 142 pins, size 568
[    0.456223] ti-sysc 44e31000.target-module: probe with driver ti-sysc failed with error -16
[    0.503948] /ocp/interconnect@48000000/segment@300000/target-module@e000/lcdc@0: Fixed dependency cycle(s) with /ocp/interconnect@44c00000/segment@200000/target-module@b000/i2c@0/tda19988@70
[    0.512230] ti-sysc 48040000.target-module: probe with driver ti-sysc failed with error -16
[    0.523847] gpiochip_find_base_unlocked: found new base at 512
[    0.523950] gpio gpiochip0: (gpio-0-31): created GPIO range 0->7 ==> 44e10800.pinmux PIN 0->7
[    0.523969] gpio gpiochip0: (gpio-0-31): created GPIO range 8->11 ==> 44e10800.pinmux PIN 90->93
[    0.523985] gpio gpiochip0: (gpio-0-31): created GPIO range 12->27 ==> 44e10800.pinmux PIN 12->27
[    0.524000] gpio gpiochip0: (gpio-0-31): created GPIO range 28->31 ==> 44e10800.pinmux PIN 30->33
[    0.555589] gpio gpiochip0: (gpio-0-31): added GPIO chardev (254:0)
[    0.555805] gpio gpiochip0: registered GPIOs 512 to 543 on gpio-0-31
[    0.555888] OMAP GPIO hardware version 0.1
[    0.593536] i2c i2c-2: using DT '/ocp/interconnect@48000000/segment@100000/target-module@9c000/i2c@0' for 'scl' GPIO lookup
[    0.593614] of_get_named_gpiod_flags: can't parse 'scl-gpios' property of node '/ocp/interconnect@48000000/segment@100000/target-module@9c000/i2c@0[0]'
[    0.593658] of_get_named_gpiod_flags: can't parse 'scl-gpio' property of node '/ocp/interconnect@48000000/segment@100000/target-module@9c000/i2c@0[0]'
[    0.593694] i2c i2c-2: using lookup tables for GPIO lookup
[    0.593705] i2c i2c-2: No GPIO consumer scl found
[    0.593727] i2c i2c-2: using DT '/ocp/interconnect@48000000/segment@100000/target-module@9c000/i2c@0' for 'sda' GPIO lookup
[    0.593762] of_get_named_gpiod_flags: can't parse 'sda-gpios' property of node '/ocp/interconnect@48000000/segment@100000/target-module@9c000/i2c@0[0]'
[    0.593800] of_get_named_gpiod_flags: can't parse 'sda-gpio' property of node '/ocp/interconnect@48000000/segment@100000/target-module@9c000/i2c@0[0]'
[    0.593832] i2c i2c-2: using lookup tables for GPIO lookup
[    0.593839] i2c i2c-2: No GPIO consumer sda found
[    0.594557] omap_i2c 4819c000.i2c: bus 2 rev0.11 at 100 kHz
[    0.600152] gpiochip_find_base_unlocked: found new base at 544
[    0.600255] gpio gpiochip1: (gpio-32-63): created GPIO range 0->17 ==> 44e10800.pinmux PIN 34->51
[    0.600275] gpio gpiochip1: (gpio-32-63): created GPIO range 18->21 ==> 44e10800.pinmux PIN 77->80
[    0.600291] gpio gpiochip1: (gpio-32-63): created GPIO range 22->31 ==> 44e10800.pinmux PIN 56->65
[    0.614903] gpio gpiochip1: (gpio-32-63): added GPIO chardev (254:1)
[    0.615125] gpio gpiochip1: registered GPIOs 544 to 575 on gpio-32-63
[    0.617412] gpiochip_find_base_unlocked: found new base at 576
[    0.617503] gpio gpiochip2: (gpio-64-95): created GPIO range 0->4 ==> 44e10800.pinmux PIN 66->70
[    0.617532] gpio gpiochip2: (gpio-64-95): created GPIO range 5->6 ==> 44e10800.pinmux PIN 98->99
[    0.617549] gpio gpiochip2: (gpio-64-95): created GPIO range 7->8 ==> 44e10800.pinmux PIN 75->76
[    0.617564] gpio gpiochip2: (gpio-64-95): created GPIO range 13->13 ==> 44e10800.pinmux PIN 141->141
[    0.617580] gpio gpiochip2: (gpio-64-95): created GPIO range 14->21 ==> 44e10800.pinmux PIN 100->107
[    0.618225] gpio gpiochip2: (gpio-64-95): added GPIO chardev (254:2)
[    0.618434] gpio gpiochip2: registered GPIOs 576 to 607 on gpio-64-95
[    0.624291] 48000000.interconnect:segment@200000:target-module@0:mpu@0:fck: device ID is greater than 24
[    0.625190] /ocp/interconnect@48000000/segment@300000/target-module@e000/lcdc@0: Fixed dependency cycle(s) with /ocp/interconnect@44c00000/segment@200000/target-module@b000/i2c@0/tda19988@70
[    0.628063] /ocp/interconnect@48000000/segment@300000/target-module@e000/lcdc@0: Fixed dependency cycle(s) with /ocp/interconnect@44c00000/segment@200000/target-module@b000/i2c@0/tda19988@70
[    0.628767] /ocp/interconnect@44c00000/segment@200000/target-module@b000/i2c@0/tda19988@70: Fixed dependency cycle(s) with /ocp/interconnect@48000000/segment@300000/target-module@e000/lcdc@0
[    0.628931] /ocp/interconnect@48000000/segment@300000/target-module@e000/lcdc@0: Fixed dependency cycle(s) with /ocp/interconnect@44c00000/segment@200000/target-module@b000/i2c@0/tda19988@70
[    0.638740] mdio_bus 4a101000.mdio: using DT '/ocp/interconnect@4a000000/segment@0/target-module@100000/switch@0/mdio@1000' for 'reset' GPIO lookup
[    0.638814] of_get_named_gpiod_flags: can't parse 'reset-gpios' property of node '/ocp/interconnect@4a000000/segment@0/target-module@100000/switch@0/mdio@1000[0]'
[    0.638862] of_get_named_gpiod_flags: can't parse 'reset-gpio' property of node '/ocp/interconnect@4a000000/segment@0/target-module@100000/switch@0/mdio@1000[0]'
[    0.638908] mdio_bus 4a101000.mdio: using lookup tables for GPIO lookup
[    0.638919] mdio_bus 4a101000.mdio: No GPIO consumer reset found
[    0.639948] sdhci-omap 481d8000.mmc: using DT '/ocp/interconnect@48000000/segment@100000/target-module@d8000/mmc@0' for 'wp' GPIO lookup
[    0.640010] of_get_named_gpiod_flags: can't parse 'wp-gpios' property of node '/ocp/interconnect@48000000/segment@100000/target-module@d8000/mmc@0[0]'
[    0.640053] of_get_named_gpiod_flags: can't parse 'wp-gpio' property of node '/ocp/interconnect@48000000/segment@100000/target-module@d8000/mmc@0[0]'
[    0.640086] sdhci-omap 481d8000.mmc: using lookup tables for GPIO lookup
[    0.640095] sdhci-omap 481d8000.mmc: No GPIO consumer wp found
[    0.640296] sdhci-omap 481d8000.mmc: supply pbias not found, using dummy regulator
[    0.640785] sdhci-omap 481d8000.mmc: supply vqmmc not found, using dummy regulator
[    0.695955] davinci_mdio 4a101000.mdio: davinci mdio revision 1.6, bus freq 1000000
[    0.710254] mdio_bus 4a101000.mdio:00: using DT '/ocp/interconnect@4a000000/segment@0/target-module@100000/switch@0/mdio@1000/ethernet-phy@0' for 'reset' GPIO lookup
[    0.710356] of_get_named_gpiod_flags: parsed 'reset-gpios' property of node '/ocp/interconnect@4a000000/segment@0/target-module@100000/switch@0/mdio@1000/ethernet-phy@0[0]' - status (0)
[    0.710515] gpio gpiochip0: Persistence not supported for GPIO 8
[    0.825308] davinci_mdio 4a101000.mdio: phy[0]: device 4a101000.mdio:00, driver SMSC LAN8710/LAN8720
[    0.826111] cpsw-switch 4a100000.switch: initialized cpsw ale version 1.4
[    0.826132] cpsw-switch 4a100000.switch: ALE Table size 1024, Policers 0
[    0.826288] cpsw-switch 4a100000.switch: cpts: overflow check period 500 (jiffies)
[    0.826303] cpsw-switch 4a100000.switch: CPTS: ref_clk_freq:250000000 calc_mult:2147483648 calc_shift:29 error:0 nsec/sec
[    0.826410] cpsw-switch 4a100000.switch: Detected MACID = 6c:ec:eb:68:de:78
[    0.828255] cpsw-switch 4a100000.switch: initialized (regs 0x4a100000, pool size 256) hw_ver:0019010C 1.12 (0)
[    0.839292] debugfs: '49000000.dma' already exists in 'dmaengine'
[    0.839335] edma 49000000.dma: TI EDMA DMA engine driver
[    0.858880] gpio-clk clk_mcasp0: using DT '/clk_mcasp0' for 'enable' GPIO lookup
[    0.858957] of_get_named_gpiod_flags: parsed 'enable-gpios' property of node '/clk_mcasp0[0]' - status (0)
[    0.859001] gpio gpiochip0: Persistence not supported for GPIO 27
[    0.859846] gpiochip_find_base_unlocked: found new base at 608
[    0.859962] gpio gpiochip3: (gpio-96-127): created GPIO range 0->7 ==> 44e10800.pinmux PIN 82->89
[    0.859984] gpio gpiochip3: (gpio-96-127): created GPIO range 8->11 ==> 44e10800.pinmux PIN 52->55
[    0.860000] gpio gpiochip3: (gpio-96-127): created GPIO range 12->15 ==> 44e10800.pinmux PIN 94->97
[    0.860015] gpio gpiochip3: (gpio-96-127): created GPIO range 16->17 ==> 44e10800.pinmux PIN 71->72
[    0.860031] gpio gpiochip3: (gpio-96-127): created GPIO range 18->18 ==> 44e10800.pinmux PIN 135->135
[    0.860047] gpio gpiochip3: (gpio-96-127): created GPIO range 19->20 ==> 44e10800.pinmux PIN 108->109
[    0.860063] gpio gpiochip3: (gpio-96-127): created GPIO range 21->21 ==> 44e10800.pinmux PIN 73->73
[    0.860080] gpio gpiochip3: (gpio-96-127): created GPIO range 22->23 ==> 44e10800.pinmux PIN 8->9
[    0.860096] gpio gpiochip3: (gpio-96-127): created GPIO range 26->27 ==> 44e10800.pinmux PIN 10->11
[    0.860114] gpio gpiochip3: (gpio-96-127): created GPIO range 28->28 ==> 44e10800.pinmux PIN 74->74
[    0.860132] gpio gpiochip3: (gpio-96-127): created GPIO range 29->29 ==> 44e10800.pinmux PIN 81->81
[    0.860153] gpio gpiochip3: (gpio-96-127): created GPIO range 30->31 ==> 44e10800.pinmux PIN 28->29
[    0.874798] gpio gpiochip3: (gpio-96-127): added GPIO chardev (254:3)
[    0.875037] gpio gpiochip3: registered GPIOs 608 to 639 on gpio-96-127
[    0.876925] omap8250 44e09000.serial: using DT '/ocp/interconnect@44c00000/segment@200000/target-module@9000/serial@0' for 'rs485-term' GPIO lookup
[    0.876995] of_get_named_gpiod_flags: can't parse 'rs485-term-gpios' property of node '/ocp/interconnect@44c00000/segment@200000/target-module@9000/serial@0[0]'
[    0.877038] of_get_named_gpiod_flags: can't parse 'rs485-term-gpio' property of node '/ocp/interconnect@44c00000/segment@200000/target-module@9000/serial@0[0]'
