Labgrid Console Logfile for main
Logfile started at 2025-09-11 19:47:55.705746
=== Log starts here ===
reading args
spl_load_image_fat_os: error reading image args, err - -1
reading u-boot.img
reading u-boot.img


U-Boot 2014.04-00014-g47880f5 (Apr 22 2014 - 13:23:54)

I2C:   ready
DRAM:  512 MiB
NAND:  0 MiB
MMC:   OMAP SD/MMC: 0, OMAP SD/MMC: 1
*** Warning - readenv() failed, using default environment

Net:   <ethaddr> not set. Validating first E-fuse MAC
cpsw, usb_ether
Hit any key to stop autoboot:  1  0 
gpio: pin 53 (gpio 53) value is 1
mmc0 is current device
gpio: pin 54 (gpio 54) value is 1
SD/MMC found on device 0
reading uEnv.txt
569 bytes read in 4 ms (138.7 KiB/s)
gpio: pin 55 (gpio 55) value is 1
Loaded environment from uEnv.txt
Importing environment from mmc ...
Checking if uenvcmd is set ...
gpio: pin 56 (gpio 56) value is 1
Running uenvcmd ...
cpsw Waiting for PHY auto negotiation to complete. done
link up on port 0, speed 100, full duplex
Using cpsw device
TFTP from server 192.168.255.126; our IP address is 192.168.255.1
Filename 'zImage'.
Load address: 0x81000000
Loading: *#################################################################
	 #################################################################
	 #################################################################
	 #################################################################
	 #################################################################
	 ####################################################
	 2.4 MiB/s
done
Bytes transferred = 5528776 (545cc8 hex)
link up on port 0, speed 100, full duplex
Using cpsw device
TFTP from server 192.168.255.126; our IP address is 192.168.255.1
Filename 'am335x-boneblack.dtb'.
Load address: 0x82000000
Loading: *#######
	 2.4 MiB/s
done
Bytes transferred = 98336 (18020 hex)
Kernel image @ 0x81000000 [ 0x000000 - 0x545cc8 ]
## Flattened Device Tree blob at 82000000
   Booting using the fdt blob at 0x82000000
   Using Device Tree in place at 82000000, end 8201b01f

Starting kernel ...

[    0.000000] Booting Linux on physical CPU 0x0
[    0.000000] Linux version 6.12.47 (user01@drvtest01) (arm-none-eabi-gcc (Arm GNU Toolchain 14.2.Rel1 (Build arm-14.52)) 14.2.1 20241119, GNU ld (Arm GNU Toolchain 14.2.Rel1 (Build arm-14.52)) 2.43.1.20241119) #1 SMP Thu Sep 11 19:46:06 EEST 2025
[    0.000000] CPU: ARMv7 Processor [413fc082] revision 2 (ARMv7), cr=10c5387d
[    0.000000] CPU: PIPT / VIPT nonaliasing data cache, VIPT aliasing instruction cache
[    0.000000] OF: fdt: Machine model: TI AM335x BeagleBone Black
[    0.000000] Memory policy: Data cache writeback
[    0.000000] cma: Reserved 16 MiB at 0x9e800000 on node -1
[    0.000000] Zone ranges:
[    0.000000]   Normal   [mem 0x0000000080000000-0x000000009fdfffff]
[    0.000000]   HighMem  empty
[    0.000000] Movable zone start for each node
[    0.000000] Early memory node ranges
[    0.000000]   node   0: [mem 0x0000000080000000-0x000000009fdfffff]
[    0.000000] Initmem setup node 0 [mem 0x0000000080000000-0x000000009fdfffff]
[    0.000000] OF: reserved mem: Reserved memory: No reserved-memory node in the DT
[    0.000000] CPU: All CPU(s) started in SVC mode.
[    0.000000] AM335X ES2.1 (sgx neon)
[    0.000000] percpu: Embedded 17 pages/cpu s40396 r8192 d21044 u69632
[    0.000000] Kernel command line: console=ttyO0,115200n8 root=/dev/nfs rw nfsroot=192.168.255.126:/home/user01/nfs,nfsvers=3 ip=192.168.255.1:192.168.255.126::255.255.255.0:bbb1:eth0 nfsrootdebug
[    0.000000] Unknown kernel command line parameters "nfsrootdebug", will be passed to user space.
[    0.000000] Dentry cache hash table entries: 65536 (order: 6, 262144 bytes, linear)
[    0.000000] Inode-cache hash table entries: 32768 (order: 5, 131072 bytes, linear)
[    0.000000] Built 1 zonelists, mobility grouping on.  Total pages: 130560
[    0.000000] mem auto-init: stack:off, heap alloc:off, heap free:off
[    0.000000] SLUB: HWalign=64, Order=0-3, MinObjects=0, CPUs=1, Nodes=1
[    0.000000] rcu: Hierarchical RCU implementation.
[    0.000000] rcu: 	RCU event tracing is enabled.
[    0.000000] rcu: 	RCU restricting CPUs from NR_CPUS=2 to nr_cpu_ids=1.
[    0.000000] rcu: RCU calculated value of scheduler-enlistment delay is 10 jiffies.
[    0.000000] rcu: Adjusting geometry for rcu_fanout_leaf=16, nr_cpu_ids=1
[    0.000000] NR_IRQS: 16, nr_irqs: 16, preallocated irqs: 16
[    0.000000] IRQ: Found an INTC at 0x(ptrval) (revision 5.0) with 128 interrupts
[    0.000000] rcu: srcu_init: Setting srcu_struct sizes based on contention.
[    0.000000] TI gptimer clocksource: always-on /ocp/interconnect@44c00000/segment@200000/target-module@31000
[    0.000003] sched_clock: 32 bits at 24MHz, resolution 41ns, wraps every 89478484971ns
[    0.000027] clocksource: dmtimer: mask: 0xffffffff max_cycles: 0xffffffff, max_idle_ns: 79635851949 ns
[    0.000485] TI gptimer clockevent: 24000000 Hz at /ocp/interconnect@48000000/segment@0/target-module@40000
[    0.002079] Console: colour dummy device 80x30
[    0.002143] WARNING: Your 'console=ttyO0' has been replaced by 'ttyS0'
[    0.002151] This ensures that you still see kernel messages. Please
[    0.002156] update your kernel commandline.
[    0.002200] Calibrating delay loop... 996.14 BogoMIPS (lpj=4980736)
[    0.090530] CPU: Testing write buffer coherency: ok
[    0.090644] CPU0: Spectre v2: using BPIALL workaround
[    0.090656] pid_max: default: 32768 minimum: 301
[    0.090788] LSM: initializing lsm=capability
[    0.090960] Mount-cache hash table entries: 1024 (order: 0, 4096 bytes, linear)
[    0.090982] Mountpoint-cache hash table entries: 1024 (order: 0, 4096 bytes, linear)
[    0.092548] CPU0: thread -1, cpu 0, socket -1, mpidr 0
[    0.094595] Setting up static identity map for 0x80100000 - 0x80100078
[    0.094899] rcu: Hierarchical SRCU implementation.
[    0.094909] rcu: 	Max phase no-delay instances is 1000.
[    0.096660] smp: Bringing up secondary CPUs ...
[    0.096714] smp: Brought up 1 node, 1 CPU
[    0.096728] SMP: Total of 1 processors activated (996.14 BogoMIPS).
[    0.096740] CPU: All CPU(s) started in SVC mode.
[    0.096925] Memory: 480864K/522240K available (11264K kernel code, 1212K rwdata, 2880K rodata, 1024K init, 299K bss, 23364K reserved, 16384K cma-reserved, 0K highmem)
[    0.097724] devtmpfs: initialized
[    0.114309] VFP support v0.3: implementor 41 architecture 3 part 30 variant c rev 3
[    0.114655] clocksource: jiffies: mask: 0xffffffff max_cycles: 0xffffffff, max_idle_ns: 19112604462750000 ns
[    0.114690] futex hash table entries: 256 (order: 2, 16384 bytes, linear)
[    0.116138] pinctrl core: initialized pinctrl subsystem
[    0.118262] NET: Registered PF_NETLINK/PF_ROUTE protocol family
[    0.121290] DMA: preallocated 256 KiB pool for atomic coherent allocations
[    0.122211] audit: initializing netlink subsys (disabled)
[    0.123557] thermal_sys: Registered thermal governor 'fair_share'
[    0.123573] thermal_sys: Registered thermal governor 'step_wise'
[    0.123583] thermal_sys: Registered thermal governor 'user_space'
[    0.123697] audit: type=2000 audit(0.120:1): state=initialized audit_enabled=0 res=1
[    0.123772] cpuidle: using governor menu
[    0.141358] /ocp/interconnect@44c00000/segment@200000/target-module@b000/i2c@0/tda19988@70: Fixed dependency cycle(s) with /ocp/interconnect@48000000/segment@300000/target-module@e000/lcdc@0
[    0.142489] /ocp/interconnect@48000000/segment@300000/target-module@e000/lcdc@0: Fixed dependency cycle(s) with /ocp/interconnect@44c00000/segment@200000/target-module@b000/i2c@0/tda19988@70
[    0.144636] No ATAGs?
[    0.144651] hw-breakpoint: debug architecture 0x4 unsupported.
[    0.147273] kprobes: kprobe jump-optimization is enabled. All kprobes are optimized if possible.
[    0.153935] iommu: Default domain type: Translated
[    0.153957] iommu: DMA domain TLB invalidation policy: strict mode
[    0.161377] SCSI subsystem initialized
[    0.162234] pps_core: LinuxPPS API ver. 1 registered
[    0.162246] pps_core: Software ver. 5.3.6 - Copyright 2005-2007 Rodolfo Giometti <giometti@linux.it>
[    0.162270] PTP clock support registered
[    0.171050] vgaarb: loaded
[    0.171402] clocksource: Switched to clocksource dmtimer
[    0.172062] VFS: Disk quotas dquot_6.6.0
[    0.172104] VFS: Dquot-cache hash table entries: 1024 (order 0, 4096 bytes)
[    0.195991] NET: Registered PF_INET protocol family
[    0.196335] IP idents hash table entries: 8192 (order: 4, 65536 bytes, linear)
[    0.197712] tcp_listen_portaddr_hash hash table entries: 512 (order: 0, 4096 bytes, linear)
[    0.197747] Table-perturb hash table entries: 65536 (order: 6, 262144 bytes, linear)
[    0.197766] TCP established hash table entries: 4096 (order: 2, 16384 bytes, linear)
[    0.197813] TCP bind hash table entries: 4096 (order: 4, 65536 bytes, linear)
[    0.197914] TCP: Hash tables configured (established 4096 bind 4096)
[    0.198037] UDP hash table entries: 256 (order: 1, 8192 bytes, linear)
[    0.198063] UDP-Lite hash table entries: 256 (order: 1, 8192 bytes, linear)
[    0.198235] NET: Registered PF_UNIX/PF_LOCAL protocol family
[    0.202030] RPC: Registered named UNIX socket transport module.
[    0.202052] RPC: Registered udp transport module.
[    0.202059] RPC: Registered tcp transport module.
[    0.202064] RPC: Registered tcp-with-tls transport module.
[    0.202069] RPC: Registered tcp NFSv4.1 backchannel transport module.
[    0.202093] PCI: CLS 0 bytes, default 64
[    0.203481] Initialise system trusted keyrings
[    0.211886] workingset: timestamp_bits=14 max_order=17 bucket_order=3
[    0.213127] NFS: Registering the id_resolver key type
[    0.213207] Key type id_resolver registered
[    0.213214] Key type id_legacy registered
[    0.213266] jffs2: version 2.2. (NAND) (SUMMARY)  Â© 2001-2006 Red Hat, Inc.
[    0.213674] Key type asymmetric registered
[    0.213687] Asymmetric key parser 'x509' registered
[    0.213755] io scheduler mq-deadline registered
[    0.213766] io scheduler kyber registered
[    0.213828] io scheduler bfq registered
[    0.215757] target-module@4b000000:target-module@140000:pmu@0:fck: device ID is greater than 24
[    0.221921] l3-aon-clkctrl:0000:0: failed to disable
[    0.222180] ledtrig-cpu: registered to indicate activity on CPUs
[    0.231703] Serial: 8250/16550 driver, 6 ports, IRQ sharing enabled
[    0.266487] brd: module loaded
[    0.284108] loop: module loaded
[    0.285029] mtdoops: mtd device (mtddev=name/number) must be supplied
[    0.288123] i2c_dev: i2c /dev entries driver
[    0.289098] cpuidle: enable-method property 'ti,am3352' found operations
[    0.289549] sdhci: Secure Digital Host Controller Interface driver
[    0.289560] sdhci: Copyright(c) Pierre Ossman
[    0.289739] sdhci-pltfm: SDHCI platform and OF driver helper
[    0.302657] hw perfevents: enabled with armv7_cortex_a8  PMU driver, 5 (8000000f) counters available
[    0.303183] Initializing XFRM netlink socket
[    0.303324] NET: Registered PF_INET6 protocol family
[    0.308963] l3-aon-clkctrl:0000:0: failed to disable
[    0.310296] Segment Routing with IPv6
[    0.310378] In-situ OAM (IOAM) with IPv6
[    0.310472] sit: IPv6, IPv4 and MPLS over IPv4 tunneling driver
[    0.311577] NET: Registered PF_PACKET protocol family
[    0.311610] NET: Registered PF_KEY protocol family
[    0.311726] Key type dns_resolv er registered
[    0.311959] ThumbEE CPU extension supported.
[    0.311982] Registering SWP/SWPB emulation handler
[    0.312502] omap_voltage_late_init: Voltage driver support not added
[    0.313199] SmartReflex Class3 initialized
[    0.342154] Loading compiled-in X.509 certificates
[    0.387279] /ocp/interconnect@44c00000/segment@200000/target-module@b000/i2c@0/tda19988@70: Fixed dependency cycle(s) with /ocp/interconnect@48000000/segment@300000/target-module@e000/lcdc@0
[    0.393647] /ocp/interconnect@44c00000/segment@200000/target-module@b000/i2c@0/tda19988@70: Fixed dependency cycle(s) with /ocp/interconnect@48000000/segment@300000/target-module@e000/lcdc@0
[    0.433578] /ocp/interconnect@44c00000/segment@200000/target-module@b000/i2c@0/tda19988@70: Fixed dependency cycle(s) with /ocp/interconnect@48000000/segment@300000/target-module@e000/lcdc@0
[    0.434411] /ocp/interconnect@44c00000/segment@200000/target-module@b000/i2c@0/tda19988@70: Fixed dependency cycle(s) with /ocp/interconnect@48000000/segment@300000/target-module@e000/lcdc@0
[    0.437636] /ocp/interconnect@44c00000/segment@200000/target-module@10000/scm@0/pinmux@800: Fixed dependency cycle(s) with /ocp/interconnect@44c00000/segment@200000/target-module@10000/scm@0/pinmux@800/clkout2-pins
[    0.438231] pinctrl-single 44e10800.pinmux: 142 pins, size 568
[    0.443422] ti-sysc 44e31000.target-module: probe with driver ti-sysc failed with error -16
[    0.469450] /ocp/interconnect@48000000/segment@300000/target-module@e000/lcdc@0y cycle(s) with /ocp/interconnect@44c00000/segment@200000/target-module@b000/i2c@0/tda19988@70
[    0.477160] ti-sysc 48040000.target-module: probe with driver ti-sysc failed with error -16
[    0.534132] OMAP GPIO hardware version 0.1
[    0.548151] omap_i2c 4819c000.i2c: bus 2 rev0.11 at 100 kHz
[    0.589751] 48000000.interconnect:segment@200000:target-module@0:mpu@0:fck: device ID is greater than 24
[    0.590631] /ocp/interconnect@48000000/segment@300000/target-module@e000/lcdc@0: Fixed dependency cycle(s) with /ocp/interconnect@44c00000/segment@200000/target-module@b000/i2c@0/tda19988@70
[    0.593531] /ocp/interconnect@48000000/segment@300000/target-module@e000/lcdc@0: Fixed dependency cycle(s) with /ocp/interconnect@44c00000/segment@200000/target-module@b000/i2c@0/tda19988@70
[    0.594229] /ocp/interconnect@44c00000/segment@200000/target-module@b000/i2c@0/tda19988@70: Fixed dependency cycle(s) with /ocp/interconnect@48000000/segment@300000/target-module@e000/lcdc@0
[    0.594391] /ocp/interconnect@48000000/segment@300000/target-module@e000/lcdc@0: Fixed dependency cycle(s) with /ocp/interconnect@44c00000/segment@200000/target-module@b000/i2c@0/tda19988@70
[    0.605169] sdhci-omap 481d8000.mmc: supply pbias not found, using dummy regulator
[    0.605655] sdhci-omap 481d8000.mmc: supply vqmmc not found, using dummy regulator
[    0.671729] davinci_mdio 4a101000.mdio: davinci mdio revision 1.6, bus freq 1000000
[    0.788928] davinci_mdio 4a101000.mdio: phy[0]: device 4a101000.mdio:00, driver SMSC LAN8710/LAN8720
[    0.789683] cpsw-switch 4a100000.switch: initialized cpsw ale version 1.4
[    0.789705] cpsw-switch 4a100000.switch: ALE Table size 1024, Policers 0
[    0.789848] cpsw-switch 4a100000.switch: cpts: overflow check period 500 (jiffies)
[    0.789865] cpsw-switch 4a100000.switch: CPTS: ref_clk_freq:250000000 calc_mult:2147483648 calc_shift:29 error:0 nsec/sec
[    0.789984] cpsw-switch 4a100000.switch: Detected MACID = 6c:ec:eb:68:de:78
[    0.792009] cpsw-switch 4a100000.switch: initialized (regs 0x4a100000, pool size 256) hw_ver:0019010C 1.12 (0)
[    0.802599] debugfs: Directory '49000000.dma' with parent 'dmaengine' already present!
[    0.802639] edma 49000000.dma: TI EDMA DMA engine driver
[    0.855068] 44e09000.serial: ttyS0 at MMIO 0x44e09000 (irq = 34, base_baud = 3000000) is a 8250
[    0.855159] printk: legacy console [ttyS0] enabled
[    2.312399] tps65217-pmic: Failed to locate of_node [id: -1]
[    2.318456] tps65217-bl: Failed to locate of_node [id: -1]
[    2.329767] tps65217 0-0024: TPS65217 ID 0xe version 1.2
[    2.335880] /ocp/interconnect@48000000/segment@300000/target-module@e000/lcdc@0: Fixed dependency cycle(s) with /ocp/interconnect@44c00000/segment@200000/target-module@b000/i2c@0/tda19988@70
[    2.353220] /ocp/interconnect@44c00000/segment@200000/target-module@b000/i2c@0/tda19988@70: Fixed dependency cycle(s) with /ocp/interconnect@48000000/segment@300000/target-module@e000/lcdc@0
[    2.370580] omap_i2c 44e0b000.i2c: bus 0 rev0.11 at 400 kHz
[    2.378560] omap_gpio 44e07000.gpio: Could not set line 6 debounce to 200000 microseconds (-22)
[    2.387444] sdhci-omap 48060000.mmc: Got CD GPIO
[    2.392480] sdhci-omap 48060000.mmc: supply pbias not found, using dummy regulator
[    2.402470] sdhci-omap 48060000.mmc: supply vqmmc not found, using dummy regulator
[    2.411299] sdhci-omap 481d8000.mmc: supply pbias not found, using dummy regulator
[    2.420730] sdhci-omap 481d8000.mmc: supply vqmmc not found, using dummy regulator
[    2.458349] mmc1: SDHCI controller on 481d8000.mmc [481d8000.mmc] using External DMA
[    2.467402] mmc0: SDHCI controller on 48060000.mmc [48060000.mmc] using External DMA
[    2.476119] cpsw-switch 4a100000.switch: starting ndev. mode: dual_mac
[    2.541781] mmc1: new high speed MMC card at address 0001
[    2.548624] mmcblk1: mmc1:0001 MMC04G 3.60 GiB
[    2.556323]  mmcblk1: p1 p2
[    2.560124] SMSC LAN8710/LAN8720 4a101000.mdio:00: attached PHY driver (mii_bus:phy_addr=4a101000.mdio:00, irq=POLL)
[    2.572707] mmcblk1boot0: mmc1:0001 MMC04G 2.00 MiB
[    2.584848] mmcblk1boot1: mmc1:0001 MMC04G 2.00 MiB
[    2.592007] mmcblk1rpmb: mmc1:0001 MMC04G 128 KiB, chardev (250:0)
[    2.644540] mmc0: new high speed SDHC card at address aaaa
[    2.651358] mmcblk0: mmc0:aaaa SE32G 29.7 GiB
[    2.660482]  mmcblk0: p1 p2
[    5.762189] cpsw-switch 4a100000.switch eth0: Link is Up - 100Mbps/Full - flow control off
[    5.801417] IP-Config: Complete:
[    5.804690]      device=eth0, hwaddr=6c:ec:eb:68:de:78, ipaddr=192.168.255.1, mask=255.255.255.0, gw=255.255.255.255
[    5.815332]      host=bbb1, domain=, nis-domain=(none)
[    5.820498]      bootserver=192.168.255.126, rootserver=192.168.255.126, rootpath=
[    5.820934] clk: Disabling unused clocks
[    5.832789] PM: genpd: Disabling unused power domains
[    5.837908] KTAP version 1
[    5.840629] 1..0
[    5.865722] VFS: Mounted root (nfs filesystem) on device 0:17.
[    5.872788] devtmpfs: mounted
[    5.877192] Freeing unused kernel image (initmem) memory: 1024K
[    5.884122] Run /sbin/init as init process
[    6.574669] systemd[1]: System time before build time, advancing clock.
[    8.061426] random: crng init done
[    8.093961] systemd[1]: systemd 232 running in system mode. (+PAM +AUDIT +SELINUX +IMA +APPARMOR +SMACK +SYSVINIT +UTMP +LIBCRYPTSETUP +GCRYPT +GNUTLS +ACL +XZ +LZ4 +SECCOMP +BLKID +ELFUTILS +KMOD +IDN)
[    8.113080] systemd[1]: Detected architecture arm.

Welcome to [1mDebian GNU/Linux 9 (stretch)[0m!

[    8.144507] systemd[1]: Set hostname to <arm>.
[    9.237637] systemd[1]: Reached target Swap.
[[0;32m  OK  [0m] Reached target Swap.
[    9.263339] systemd[1]: Listening on /dev/initctl Compatibility Named Pipe.
[[0;32m  OK  [0m] Listening on /dev/initctl Compatibility Named Pipe.
[    9.291802] systemd[1]: Reached target Remote File Systems.
[[0;32m  OK  [0m] Reached target Remote File Systems.
[    9.323516] systemd[1]: Listening on Journal Socket (/dev/log).
[[0;32m  OK  [0m] Listening on Journal Socket (/dev/log).
[    9.352300] systemd[1]: Listening on Journal Socket.
[[0;32m  OK  [0m] Listening on Journal Socket.
[    9.383434] systemd[1]: Listening on udev Control Socket.
[[0;32m  OK  [0m] Listening on udev Control Socket.
[    9.412374] systemd[1]: Started Dispatch Password Requests to Console Directory Watch.
[[0;32m  OK  [0m] Started Dispatch Password Requests to Console Directory Watch.
[[0;32m  OK  [0m] Listening on Syslog Socket.
[[0;32m  OK  [0m] Started Forward Password Requests to Wall Directory Watch.
[[0;32m  OK  [0m] Reached target Paths.
[[0;32m  OK  [0m] Reached target Encrypted Volumes.
[[0;32m  OK  [0m] Created slice System Slice.
         Starting Create list of required stâ€¦ce nodes for the current kernel...
         Mounting POSIX Message Queue File System...
[[0;32m  OK  [0m] Created slice system-serial\x2dgetty.slice.
[[0;32m  OK  [0m] Created slice system-getty.slice.
         Mounting Debug File System...
         Starting Remount Root and Kernel File Systems...
[[0;32m  OK  [0m] Listening on udev Kernel Socket.
         Starting Load Kernel Modules...
[[0;32m  OK  [0m] Listening on Journal Audit Socket.
         Starting Journal Service...
[[0;32m  OK  [0m] Created slice User and Session Slice.
[[0;32m  OK  [0m] Reached target Slices.
[[0;32m  OK  [0m] Set up automount Arbitrary Executabâ€¦rmats File System Automount Point.
[[0;32m  OK  [0m] Mounted POSIX Message Queue File System.
[[0;32m  OK  [0m] Mounted Debug File System.
[[0;32m  OK  [0m] Started Create list of required staâ€¦vice nodes for the current kernel.
[[0;32m  OK  [0m] Started Remount Root and Kernel File Systems.
         Starting udev Coldplug all Devices...
         Starting Load/Save Random Seed...
         Starting Create Static Device Nodes in /dev...
[[0;32m  OK  [0m] Started Load Kernel Modules.
         Mounting Configuration File System...
         Starting Apply Kernel Variables...
[[0;32m  OK  [0m] Mounted Configuration File System.
[[0;32m  OK  [0m] Started Load/Save Random Seed.
[[0;32m  OK  [0m] Started Apply Kernel Variables.
[[0;32m  OK  [0m] Started Create Static Device Nodes in /dev.
[[0;32m  OK  [0m] Reached target Local File Systems (Pre).
[[0;32m  OK  [0m] Reached target Local File Systems.
         Starting Raise network interfaces...
         Starting udev Kernel Device Manager...
[[0;32m  OK  [0m] Started Journal Service.
         Starting Flush Journal to Persistent Storage...
[   11.690064] systemd-journald[87]: Received request to flush runtime journal from PID 1
[[0;32m  OK  [0m] Started Flush Journal to Persistent Storage.
         Starting Create Volatile Files and Directories...
[[0;32m  OK  [0m] Started udev Kernel Device Manager.
[[0;32m  OK  [0m] Started Create Volatile Files and Directories.
         Starting Network Time Synchronization...
         Starting Update UTMP about System Boot/Shutdown...
[[0;32m  OK  [0m] Started udev Coldplug all Devices.
[[0;32m  OK  [0m] Started Update UTMP about System Boot/Shutdown.
[   14.524274] remoteproc remoteproc0: wkup_m3 is available
[   14.783704] wkup_m3_ipc 44e11324.wkup_m3_ipc: IPC Request for A8->M3 Channel failed! -517
[[0;32m  OK  [0m] Found device /dev/ttyS0.
[   14.998289] tps6521x_pwrbutton tps65217-pwrbutton: DMA mask not set
[   15.053578] at24 2-0054: supply vcc not found, using dummy regulator
[   15.154414] input: tps65217_pwrbutton as /devices/platform/ocp/44c00000.interconnect/44c00000.interconnect:segment@200000/44e0b000.target-module/44e0b000.i2c/i2c-0/0-0024/tps65217-pwrbutton/input/input0
[   15.178765] wkup_m3_ipc 44e11324.wkup_m3_ipc: IPC Request for A8->M3 Channel failed! -517
[   15.206176] at24 2-0055: supply vcc not found, using dummy regulator
[   15.285849] omap_rtc 44e3e000.rtc: registered as rtc0
[   15.291928] omap_rtc 44e3e000.rtc: setting system clock to 2000-01-01T00:00:00 UTC (946684800)
[   15.332287] at24 2-0056: supply vcc not found, using dummy regulator
[   15.340143] wkup_m3_ipc 44e11324.wkup_m3_ipc: IPC Request for A8->M3 Channel failed! -517
[   15.423659] at24 2-0057: supply vcc not found, using dummy regulator
[   15.502079] wkup_m3_ipc 44e11324.wkup_m3_ipc: IPC Request for A8->M3 Channel failed! -517
[   15.520902] omap_wdt: OMAP Watchdog Timer Rev 0x01: initial timeout 60 sec
[   15.534931] wkup_m3_ipc 44e11324.wkup_m3_ipc: IPC Request for A8->M3 Channel failed! -517
[   15.555181] at24 0-0050: 32768 byte 24c256 EEPROM, writable, 1 bytes/write
[   15.644255] wkup_m3_ipc 44e11324.wkup_m3_ipc: IPC Request for A8->M3 Channel failed! -517
[[0;32m  OK  [0m] Started Network Time Synchronization.
[[0;32m  OK  [0m] Reached target System Initialization.
[[0;32m  OK  [0m] Started Daily Cleanup of Temporary Directories.
[[0;32m  OK  [0m] Listening on D-Bus System Message Bus Socket.
[   16.086857] am335x-phy-driver 47401300.usb-phy: dummy supplies not allowed for exclusive requests (id=vbus)
[[0;32m  OK  [0m] Listening on Avahi mDNS/DNS-SD Stack Activation Socket.
[[0;32m  OK  [0m] Reached target Sockets.
[[0;32m  OK  [0m] Reached target Basic System.
[   16.196821] usbcore: registered new interface driver usbfs
[   16.202690] usbcore: registered new interface driver hub
[   16.208132] usbcore: registered new device driver usb
[   16.245539] am335x-phy-driver 47401b00.usb-phy: dummy supplies not allowed for exclusive requests (id=vbus)
[   16.258125] wkup_m3_ipc 44e11324.wkup_m3_ipc: IPC Request for A8->M3 Channel failed! -517
         Starting LSB: Start busybox udhcpd at boot time...
         Starting Generic Board Startup...
[   16.447693] wkup_m3_ipc 44e11324.wkup_m3_ipc: IPC Request for A8->M3 Channel failed! -517
         Starting Telephony service...
[   16.877072] wkup_m3_ipc 44e11324.wkup_m3_ipc: IPC Request for A8->M3 Channel failed! -517
[[0;32m  OK  [0m] Started Regular background program processing daemon.
[   17.033711] musb-hdrc musb-hdrc.1: MUSB HDRC host driver
[   17.039128] musb-hdrc musb-hdrc.1: new USB bus registered, assigned bus number 1
         Starting Cape Manager Service...
[   17.072568] wkup_m3_ipc 44e11324.wkup_m3_ipc: IPC Request for A8->M3 Channel failed! -517
[   17.133640] tda998x 0-0070: found TDA19988
         Starting Login Service...
[   17.226023] wkup_m3_ipc 44e11324.wkup_m3_ipc: IPC Request for A8->M3 Channel failed! -517
[   17.310887] usb usb1: New USB device found, idVendor=1d6b, idProduct=0002, bcdDevice= 6.12
[   17.319465] usb usb1: New USB device strings: Mfr=3, Product=2, SerialNumber=1
[   17.326810] usb usb1: Product: MUSB HDRC host driver
[   17.331847] usb usb1: Manufacturer: Linux 6.12.47 musb-hcd
[   17.337362] usb usb1: SerialNumber: musb-hdrc.1
         Starting DUN service...
         Starting Avahi mDNS/DNS-SD Stack...
[   17.615498] omap-mailbox 480c8000.mailbox: omap mailbox rev 0x400
         Starting LSB: Load kernel modules needed to enable cpufreq scaling...
[   17.711309] remoteproc remoteproc0: powering up wkup_m3
[[0;32m  OK  [0m] Started D-Bus System Message Bus.
[   17.794764] hub 1-0:1.0: USB hub found
[   17.817352] hub 1-0:1.0: 1 port detected
[   17.893871] remoteproc remoteproc0: Direct firmware load for am335x-pm-firmware.elf failed with error -2
[   17.903707] remoteproc remoteproc0: request_firmware failed: -2
[   17.909673] wkup_m3_ipc 44e11324.wkup_m3_ipc: rproc_boot failed
[   20.373601] omap_rng 48310000.rng: Random Number Generator ver. 20
[   20.489778] tilcdc 4830e000.lcdc: bound 0-0070 (ops tda998x_audio_codec_init [tda998x])
[   20.591223] [drm] Initialized tilcdc 1.0.0 for 4830e000.lcdc on minor 0
[   20.643939] tilcdc 4830e000.lcdc: [drm] Cannot find any crtc or sizes
[   20.717483] tilcdc 4830e000.lcdc: [drm] Cannot find any crtc or sizes
[   21.233388] PM: Cannot get wkup_m3_ipc handle
[   21.335947] omap-sham 53100000.sham: hw accel on OMAP rev 4.3
[[0;32m  OK  [0m] Started DUN service.
[   21.463813] omap-sham 53100000.sham: will run requests pump with realtime priority
[[0;32m  OK  [0m] Started Avahi mDNS/DNS-SD Stack.
[   21.479605] PM: Cannot get wkup_m3_ipc handle
[[0;32m  OK  [0m] Started Telephony service.
[   21.556453] omap-aes 53500000.aes: OMAP AES hw accel rev: 3.2
         Starting Connection service...
[   21.694483] omap-aes 53500000.aes: will run requests pump with realtime priority
[   21.703850] PM: Cannot get wkup_m3_ipc handle
         Starting System Logging Service...
[[0;32m  OK  [0m] Reached target System Time Synchronized.
[[0;32m  OK  [0m] Started Daily apt download activities.
[[0;32m  OK  [0m] Started Daily apt upgrade and clean activities.
[[0;32m  OK  [0m] Reached target Timers.
[[0;32m  OK  [0m] Started Cape Manager Service.
[   23.295280] Bluetooth: Core ver 2.22
[   23.299129] NET: Registered PF_BLUETOOTH protocol family
[   23.304672] Bluetooth: HCI device and connection manager initialized
[   23.311087] Bluetooth: HCI socket layer initialized
[   23.316085] Bluetooth: L2CAP socket layer initialized
[   23.321202] Bluetooth: SCO socket layer initialized
[[0;32m  OK  [0m] Started System Logging Service.
[   25.373271] PM: Cannot get wkup_m3_ipc handle
[   25.541828] PM: Cannot get wkup_m3_ipc handle
[[0;32m  OK  [0m] Started LSB: Start busybox udhcpd at boot time.
[[0;32m  OK  [0m] Started Raise network interfaces.
[   28.161670] configfs-gadget.g_multi gadget.0: HOST MAC 1c:ba:8c:a2:ed:6c
[   28.168453] configfs-gadget.g_multi gadget.0: MAC 1c:ba:8c:a2:ed:70
[   28.175808] configfs-gadget.g_multi gadget.0: HOST MAC 1c:ba:8c:a2:ed:6c
[   28.182657] configfs-gadget.g_multi gadget.0: MAC 1c:ba:8c:a2:ed:6d
[   28.192047] PM: Cannot get wkup_m3_ipc handle
[[0;32m  OK  [0m] Started LSB: Load kernel modules needed to enable cpufreq scaling.
[[0;32m  OK  [0m] Started Connection service.
[[0;32m  OK  [0m] Started Login Service.
[[0;32m  OK  [0m] Reached target Sound Card.
         Starting LSB: set CPUFreq kernel parameters...
[[0;32m  OK  [0m] Reached target Network.
         Starting OpenBSD Secure Shell server...
         Starting Permit User Sessions...
         Starting The Apache HTTP Server...
[[0;32m  OK  [0m] Reached target Network is Online.
         Starting LSB: Advanced IEEE 802.11 management daemon...
[[0;32m  OK  [0m] Started Permit User Sessions.
[[0;32m  OK  [0m] Started LSB: Advanced IEEE 802.11 management daemon.
         Starting Hostname Service...
         Starting WPA supplicant...
[[0;32m  OK  [0m] Started Serial Getty on ttyS0.
[[0;32m  OK  [0m] Started Getty on tty1.
[[0;32m  OK  [0m] Reached target Login Prompts.
[[0;32m  OK  [0m] Started LSB: set CPUFreq kernel parameters.
[[0;32m  OK  [0m] Started WPA supplicant.
[[0;32m  OK  [0m] Started Hostname Service.
         Stopping LSB: Start busybox udhcpd at boot time...
[[0;32m  OK  [0m] Started OpenBSD Secure Shell server.
[[0;32m  OK  [0m] Stopped LSB: Start busybox udhcpd at boot time.
[[0;32m  OK  [0m] Started The Apache HTTP Server.
         Starting dnsmasq - A lightweight DHCP and caching DNS server...
[[0;32m  OK  [0m] Started dnsmasq - A lightweight DHCP and caching DNS server.
[[0;32m  OK  [0m] Reached target Host and Network Name Lookups.
[[0;32m  OK  [0m] Started Serial Getty on ttyGS0.
[[0;32m  OK  [0m] Started Generic Board Startup.
[[0;32m  OK  [0m] Reached target Multi-User System.
[[0;32m  OK  [0m] Reached target Graphical Interface.
         Starting Update UTMP about System Runlevel Changes...
[[0;32m  OK  [0m] Started Update UTMP about System Runlevel Changes.

Debian GNU/Linux 9 arm ttyS0

default username:password is [debian:temppwd]

arm login: root
Password: 
Last login: Sat Jan  1 00:00:31 UTC 2000 on ttyS0
root
Linux arm 6.12.47 #1 SMP Thu Sep 11 19:46:06 EEST 2025 armv7l

The programs included with the Debian GNU/Linux system are free software;
the exact distribution terms for each program are described in the
individual files in /usr/share/doc/*/copyright.

Debian GNU/Linux comes with ABSOLUTELY NO WARRANTY, to the extent
permitted by applicable law.
root@arm:~# root
-bash: root: command not found
root@arm:~# dmesg -n 1
echo 'BAZP''MVBHPA'
root@arm:~# echo 'BAZP''MVBHPA'
BAZPMVBHPA
root@arm:~# run() { echo -n "$MARKER"; sh -c "$@"; echo "$MARKER $?"; }
root@arm:~# echo 'UZKG''KMYWZP'
UZKGKMYWZP
root@arm:~# MARKER='NVSL''SJVGWN' run 'cat /proc/version'
NVSLSJVGWNLinux version 6.12.47 (user01@drvtest01) (arm-none-eabi-gcc (Arm GNU Toolchain 14.2.Rel1 (Build arm-14.52)) 14.2.1 20241119, GNU ld (Arm GNU Toolchain 14.2.Rel1 (Build arm-14.52)) 2.43.1.20241119) #1 SMP Thu Sep 11 19:46:06 EEST 2025
NVSLSJVGWN 0
root@arm:~# echo 'VQHE''OUOHLQ'
VQHEOUOHLQ
root@arm:~# MARKER='PJNH''XKHNGX' run false
PJNHXKHNGXPJNHXKHNGX 1
root@arm:~# Labgrid Console Logfile for main
Logfile started at 2025-09-11 19:48:56.839938
=== Log starts here ===

root@arm:~# run() { echo -n "$MARKER"; sh -c "$@"; echo "$MARKER $?"; }
root@arm:~# echo 'WVJO''XAHJTJ'
WVJOXAHJTJ
root@arm:~# MARKER='UTGZ''BJZXPB' run 'ls /iio_generic_buffer; echo $?'
UTGZBJZXPB/iio_generic_buffer
0
UTGZBJZXPB 0
root@arm:~# Labgrid Console Logfile for main
Logfile started at 2025-09-11 19:49:00.200721
=== Log starts here ===

root@arm:~# run() { echo -n "$MARKER"; sh -c "$@"; echo "$MARKER $?"; }
root@arm:~# echo 'OCZS''HJACYW'
OCZSHJACYW
root@arm:~# MARKER='EWOY''HKBOTA' run dmesg
EWOYHKBOTA[    0.000000] Booting Linux on physical CPU 0x0
[    0.000000] Linux version 6.12.47 (user01@drvtest01) (arm-none-eabi-gcc (Arm GNU Toolchain 14.2.Rel1 (Build arm-14.52)) 14.2.1 20241119, GNU ld (Arm GNU Toolchain 14.2.Rel1 (Build arm-14.52)) 2.43.1.20241119) #1 SMP Thu Sep 11 19:46:06 EEST 2025
[    0.000000] CPU: ARMv7 Processor [413fc082] revision 2 (ARMv7), cr=10c5387d
[    0.000000] CPU: PIPT / VIPT nonaliasing data cache, VIPT aliasing instruction cache
[    0.000000] OF: fdt: Machine model: TI AM335x BeagleBone Black
[    0.000000] Memory policy: Data cache writeback
[    0.000000] cma: Reserved 16 MiB at 0x9e800000 on node -1
[    0.000000] Zone ranges:
[    0.000000]   Normal   [mem 0x0000000080000000-0x000000009fdfffff]
[    0.000000]   HighMem  empty
[    0.000000] Movable zone start for each node
[    0.000000] Early memory node ranges
[    0.000000]   node   0: [mem 0x0000000080000000-0x000000009fdfffff]
[    0.000000] Initmem setup node 0 [mem 0x0000000080000000-0x000000009fdfffff]
[    0.000000] OF: reserved mem: Reserved memory: No reserved-memory node in the DT
[    0.000000] CPU: All CPU(s) started in SVC mode.
[    0.000000] AM335X ES2.1 (sgx neon)
[    0.000000] percpu: Embedded 17 pages/cpu s40396 r8192 d21044 u69632
[    0.000000] pcpu-alloc: s40396 r8192 d21044 u69632 alloc=17*4096
[    0.000000] pcpu-alloc: [0] 0 
[    0.000000] Kernel command line: console=ttyO0,115200n8 root=/dev/nfs rw nfsroot=192.168.255.126:/home/user01/nfs,nfsvers=3 ip=192.168.255.1:192.168.255.126::255.255.255.0:bbb1:eth0 nfsrootdebug
[    0.000000] Unknown kernel command line parameters "nfsrootdebug", will be passed to user space.
[    0.000000] Dentry cache hash table entries: 65536 (order: 6, 262144 bytes, linear)
[    0.000000] Inode-cache hash table entries: 32768 (order: 5, 131072 bytes, linear)
[    0.000000] Built 1 zonelists, mobility grouping on.  Total pages: 130560
[    0.000000] mem auto-init: stack:off, heap alloc:off, heap free:off
[    0.000000] SLUB: HWalign=64, Order=0-3, MinObjects=0, CPUs=1, Nodes=1
[    0.000000] rcu: Hierarchical RCU implementation.
[    0.000000] rcu: 	RCU event tracing is enabled.
[    0.000000] rcu: 	RCU restricting CPUs from NR_CPUS=2 to nr_cpu_ids=1.
[    0.000000] rcu: RCU calculated value of scheduler-enlistment delay is 10 jiffies.
[    0.000000] rcu: Adjusting geometry for rcu_fanout_leaf=16, nr_cpu_ids=1
[    0.000000] NR_IRQS: 16, nr_irqs: 16, preallocated irqs: 16
[    0.000000] IRQ: Found an INTC at 0x(ptrval) (revision 5.0) with 128 interrupts
[    0.000000] rcu: srcu_init: Setting srcu_struct sizes based on contention.
[    0.000000] TI gptimer clocksource: always-on /ocp/interconnect@44c00000/segment@200000/target-module@31000
[    0.000003] sched_clock: 32 bits at 24MHz, resolution 41ns, wraps every 89478484971ns
[    0.000027] clocksource: dmtimer: mask: 0xffffffff max_cycles: 0xffffffff, max_idle_ns: 79635851949 ns
[    0.000485] TI gptimer clockevent: 24000000 Hz at /ocp/interconnect@48000000/segment@0/target-module@40000
[    0.002079] Console: colour dummy device 80x30
[    0.002143] WARNING: Your 'console=ttyO0' has been replaced by 'ttyS0'
[    0.002151] This ensures that you still see kernel messages. Please
[    0.002156] update your kernel commandline.
[    0.002200] Calibrating delay loop... 996.14 BogoMIPS (lpj=4980736)
[    0.090530] CPU: Testing write buffer coherency: ok
[    0.090644] CPU0: Spectre v2: using BPIALL workaround
[    0.090656] pid_max: default: 32768 minimum: 301
[    0.090788] LSM: initializing lsm=capability
[    0.090960] Mount-cache hash table entries: 1024 (order: 0, 4096 bytes, linear)
[    0.090982] Mountpoint-cache hash table entries: 1024 (order: 0, 4096 bytes, linear)
[    0.092548] CPU0: thread -1, cpu 0, socket -1, mpidr 0
[    0.094595] Setting up static identity map for 0x80100000 - 0x80100078
[    0.094899] rcu: Hierarchical SRCU implementation.
[    0.094909] rcu: 	Max phase no-delay instances is 1000.
[    0.096660] smp: Bringing up secondary CPUs ...
[    0.096714] smp: Brought up 1 node, 1 CPU
[    0.096728] SMP: Total of 1 processors activated (996.14 BogoMIPS).
[    0.096740] CPU: All CPU(s) started in SVC mode.
[    0.096925] Memory: 480864K/522240K available (11264K kernel code, 1212K rwdata, 2880K rodata, 1024K init, 299K bss, 23364K reserved, 16384K cma-reserved, 0K highmem)
[    0.097724] devtmpfs: initialized
[    0.114309] VFP support v0.3: implementor 41 architecture 3 part 30 variant c rev 3
[    0.114655] clocksource: jiffies: mask: 0xffffffff max_cycles: 0xffffffff, max_idle_ns: 19112604462750000 ns
[    0.114690] futex hash table entries: 256 (order: 2, 16384 bytes, linear)
[    0.116138] pinctrl core: initialized pinctrl subsystem
[    0.118262] NET: Registered PF_NETLINK/PF_ROUTE protocol family
[    0.121290] DMA: preallocated 256 KiB pool for atomic coherent allocations
[    0.122211] audit: initializing netlink subsys (disabled)
[    0.123557] thermal_sys: Registered thermal governor 'fair_share'
[    0.123573] thermal_sys: Registered thermal governor 'step_wise'
[    0.123583] thermal_sys: Registered thermal governor 'user_space'
[    0.123697] audit: type=2000 audit(0.120:1): state=initialized audit_enabled=0 res=1
[    0.123772] cpuidle: using governor menu
[    0.141358] /ocp/interconnect@44c00000/segment@200000/target-module@b000/i2c@0/tda19988@70: Fixed dependency cycle(s) with /ocp/interconnect@48000000/segment@300000/target-module@e000/lcdc@0
[    0.142489] /ocp/interconnect@48000000/segment@300000/target-module@e000/lcdc@0: Fixed dependency cycle(s) with /ocp/interconnect@44c00000/segment@200000/target-module@b000/i2c@0/tda19988@70
[    0.144636] No ATAGs?
[    0.144651] hw-breakpoint: debug architecture 0x4 unsupported.
[    0.147273] kprobes: kprobe jump-optimization is enabled. All kprobes are optimized if possible.
[    0.153935] iommu: Default domain type: Translated
[    0.153957] iommu: DMA domain TLB invalidation policy: strict mode
[    0.155526] reg-fixed-voltage fixedregulator0: using DT '/fixedregulator0' for '(default)' GPIO lookup
[    0.155584] of_get_named_gpiod_flags: can't parse 'gpios' property of node '/fixedregulator0[0]'
[    0.155611] of_get_named_gpiod_flags: can't parse 'gpio' property of node '/fixedregulator0[0]'
[    0.155630] reg-fixed-voltage fixedregulator0: using lookup tables for GPIO lookup
[    0.155639] reg-fixed-voltage fixedregulator0: No GPIO consumer (default) found
[    0.161377] SCSI subsystem initialized
[    0.161863] libata version 3.00 loaded.
[    0.162234] pps_core: LinuxPPS API ver. 1 registered
[    0.162246] pps_core: Software ver. 5.3.6 - Copyright 2005-2007 Rodolfo Giometti <giometti@linux.it>
[    0.162270] PTP clock support registered
[    0.171050] vgaarb: loaded
[    0.171402] clocksource: Switched to clocksource dmtimer
[    0.172062] VFS: Disk quotas dquot_6.6.0
[    0.172104] VFS: Dquot-cache hash table entries: 1024 (order 0, 4096 bytes)
[    0.195991] NET: Registered PF_INET protocol family
[    0.196335] IP idents hash table entries: 8192 (order: 4, 65536 bytes, linear)
[    0.197712] tcp_listen_portaddr_hash hash table entries: 512 (order: 0, 4096 bytes, linear)
[    0.197747] Table-perturb hash table entries: 65536 (order: 6, 262144 bytes, linear)
[    0.197766] TCP established hash table entries: 4096 (order: 2, 16384 bytes, linear)
[    0.197813] TCP bind hash table entries: 4096 (order: 4, 65536 bytes, linear)
[    0.197914] TCP: Hash tables configured (established 4096 bind 4096)
[    0.198037] UDP hash table entries: 256 (order: 1, 8192 bytes, linear)
[    0.198063] UDP-Lite hash table entries: 256 (order: 1, 8192 bytes, linear)
[    0.198235] NET: Registered PF_UNIX/PF_LOCAL protocol family
[    0.202030] RPC: Registered named UNIX socket transport module.
[    0.202052] RPC: Registered udp transport module.
[    0.202059] RPC: Registered tcp transport module.
[    0.202064] RPC: Registered tcp-with-tls transport module.
[    0.202069] RPC: Registered tcp NFSv4.1 backchannel transport module.
[    0.202093] PCI: CLS 0 bytes, default 64
[    0.203481] Initialise system trusted keyrings
[    0.211886] workingset: timestamp_bits=14 max_order=17 bucket_order=3
[    0.213127] NFS: Registering the id_resolver key type
[    0.213207] Key type id_resolver registered
[    0.213214] Key type id_legacy registered
[    0.213266] jffs2: version 2.2. (NAND) (SUMMARY)  Â© 2001-2006 Red Hat, Inc.
[    0.213674] Key type asymmetric registered
[    0.213687] Asymmetric key parser 'x509' registered
[    0.213755] io scheduler mq-deadline registered
[    0.213766] io scheduler kyber registered
[    0.213828] io scheduler bfq registered
[    0.215757] target-module@4b000000:target-module@140000:pmu@0:fck: device ID is greater than 24
[    0.221921] l3-aon-clkctrl:0000:0: failed to disable
[    0.222180] ledtrig-cpu: registered to indicate activity on CPUs
[    0.231703] Serial: 8250/16550 driver, 6 ports, IRQ sharing enabled
[    0.266487] brd: module loaded
[    0.284108] loop: module loaded
[    0.285029] mtdoops: mtd device (mtddev=name/number) must be supplied
[    0.286736] mdio_bus fixed-0: using lookup tables for GPIO lookup
[    0.286760] mdio_bus fixed-0: No GPIO consumer reset found
[    0.288123] i2c_dev: i2c /dev entries driver
[    0.289098] cpuidle: enable-method property 'ti,am3352' found operations
[    0.289549] sdhci: Secure Digital Host Controller Interface driver
[    0.289560] sdhci: Copyright(c) Pierre Ossman
[    0.289739] sdhci-pltfm: SDHCI platform and OF driver helper
[    0.302657] hw perfevents: enabled with armv7_cortex_a8 PMU driver, 5 (8000000f) counters available
[    0.303183] Initializing XFRM netlink socket
[    0.303324] NET: Registered PF_INET6 protocol family
[    0.308963] l3-aon-clkctrl:0000:0: failed to disable
[    0.310296] Segment Routing with IPv6
[    0.310378] In-situ OAM (IOAM) with IPv6
[    0.310472] sit: IPv6, IPv4 and MPLS over IPv4 tunneling driver
[    0.311577] NET: Registered PF_PACKET protocol family
[    0.311610] NET: Registered PF_KEY protocol family
[    0.311726] Key type dns_resolver registered
[    0.311959] ThumbEE CPU extension supported.
[    0.311982] Registering SWP/SWPB emulation handler
[    0.312502] omap_voltage_late_init: Voltage driver support not added
[    0.313199] SmartReflex Class3 initialized
[    0.342154] Loading compiled-in X.509 certificates
[    0.387279] /ocp/interconnect@44c00000/segment@200000/target-module@b000/i2c@0/tda19988@70: Fixed dependency cycle(s) with /ocp/interconnect@48000000/segment@300000/target-module@e000/lcdc@0
[    0.393647] /ocp/interconnect@44c00000/segment@200000/target-module@b000/i2c@0/tda19988@70: Fixed dependency cycle(s) with /ocp/interconnect@48000000/segment@300000/target-module@e000/lcdc@0
[    0.398975] gpiochip_find_base_unlocked: found new base at 512
[    0.433578] /ocp/interconnect@44c00000/segment@200000/target-module@b000/i2c@0/tda19988@70: Fixed dependency cycle(s) with /ocp/interconnect@48000000/segment@300000/target-module@e000/lcdc@0
[    0.434411] /ocp/interconnect@44c00000/segment@200000/target-module@b000/i2c@0/tda19988@70: Fixed dependency cycle(s) with /ocp/interconnect@48000000/segment@300000/target-module@e000/lcdc@0
[    0.437636] /ocp/interconnect@44c00000/segment@200000/target-module@10000/scm@0/pinmux@800: Fixed dependency cycle(s) with /ocp/interconnect@44c00000/segment@200000/target-module@10000/scm@0/pinmux@800/clkout2-pins
[    0.438231] pinctrl-single 44e10800.pinmux: 142 pins, size 568
[    0.443422] ti-sysc 44e31000.target-module: probe with driver ti-sysc failed with error -16
[    0.469450] /ocp/interconnect@48000000/segment@300000/target-module@e000/lcdc@0: Fixed dependency cycle(s) with /ocp/interconnect@44c00000/segment@200000/target-module@b000/i2c@0/tda19988@70
[    0.477160] ti-sysc 48040000.target-module: probe with driver ti-sysc failed with error -16
[    0.488048] gpiochip_find_base_unlocked: found new base at 512
[    0.488147] gpio gpiochip0: (gpio-0-31): created GPIO range 0->7 ==> 44e10800.pinmux PIN 0->7
[    0.488167] gpio gpiochip0: (gpio-0-31): created GPIO range 8->11 ==> 44e10800.pinmux PIN 90->93
[    0.488182] gpio gpiochip0: (gpio-0-31): created GPIO range 12->27 ==> 44e10800.pinmux PIN 12->27
[    0.488197] gpio gpiochip0: (gpio-0-31): created GPIO range 28->31 ==> 44e10800.pinmux PIN 30->33
[    0.533882] gpio gpiochip0: (gpio-0-31): added GPIO chardev (254:0)
[    0.534042] gpio gpiochip0: registered GPIOs 512 to 543 on gpio-0-31
[    0.534132] OMAP GPIO hardware version 0.1
[    0.547126] i2c i2c-2: using DT '/ocp/interconnect@48000000/segment@100000/target-module@9c000/i2c@0' for 'scl' GPIO lookup
[    0.547213] of_get_named_gpiod_flags: can't parse 'scl-gpios' property of node '/ocp/interconnect@48000000/segment@100000/target-module@9c000/i2c@0[0]'
[    0.547261] of_get_named_gpiod_flags: can't parse 'scl-gpio' property of node '/ocp/interconnect@48000000/segment@100000/target-module@9c000/i2c@0[0]'
[    0.547298] i2c i2c-2: using lookup tables for GPIO lookup
[    0.547307] i2c i2c-2: No GPIO consumer scl found
[    0.547329] i2c i2c-2: using DT '/ocp/interconnect@48000000/segment@100000/target-module@9c000/i2c@0' for 'sda' GPIO lookup
[    0.547368] of_get_named_gpiod_flags: can't parse 'sda-gpios' property of node '/ocp/interconnect@48000000/segment@100000/target-module@9c000/i2c@0[0]'
[    0.547409] of_get_named_gpiod_flags: can't parse 'sda-gpio' property of node '/ocp/interconnect@48000000/segment@100000/target-module@9c000/i2c@0[0]'
[    0.547440] i2c i2c-2: using lookup tables for GPIO lookup
[    0.547447] i2c i2c-2: No GPIO consumer sda found
[    0.548151] omap_i2c 4819c000.i2c: bus 2 rev0.11 at 100 kHz
[    0.553556] gpiochip_find_base_unlocked: found new base at 544
[    0.553653] gpio gpiochip1: (gpio-32-63): created GPIO range 0->17 ==> 44e10800.pinmux PIN 34->51
[    0.553673] gpio gpiochip1: (gpio-32-63): created GPIO range 18->21 ==> 44e10800.pinmux PIN 77->80
[    0.553688] gpio gpiochip1: (gpio-32-63): created GPIO range 22->31 ==> 44e10800.pinmux PIN 56->65
[    0.570203] gpio gpiochip1: (gpio-32-63): added GPIO chardev (254:1)
[    0.570384] gpio gpiochip1: registered GPIOs 544 to 575 on gpio-32-63
[    0.572828] gpiochip_find_base_unlocked: found new base at 576
[    0.572927] gpio gpiochip2: (gpio-64-95): created GPIO range 0->4 ==> 44e10800.pinmux PIN 66->70
[    0.572948] gpio gpiochip2: (gpio-64-95): created GPIO range 5->6 ==> 44e10800.pinmux PIN 98->99
[    0.572963] gpio gpiochip2: (gpio-64-95): created GPIO range 7->8 ==> 44e10800.pinmux PIN 75->76
[    0.572995] gpio gpiochip2: (gpio-64-95): created GPIO range 13->13 ==> 44e10800.pinmux PIN 141->141
[    0.573013] gpio gpiochip2: (gpio-64-95): created GPIO range 14->21 ==> 44e10800.pinmux PIN 100->107
[    0.584180] gpio gpiochip2: (gpio-64-95): added GPIO chardev (254:2)
[    0.584328] gpio gpiochip2: registered GPIOs 576 to 607 on gpio-64-95
[    0.589751] 48000000.interconnect:segment@200000:target-module@0:mpu@0:fck: device ID is greater than 24
[    0.590631] /ocp/interconnect@48000000/segment@300000/target-module@e000/lcdc@0: Fixed dependency cycle(s) with /ocp/interconnect@44c00000/segment@200000/target-module@b000/i2c@0/tda19988@70
[    0.593531] /ocp/interconnect@48000000/segment@300000/target-module@e000/lcdc@0: Fixed dependency cycle(s) with /ocp/interconnect@44c00000/segment@200000/target-module@b000/i2c@0/tda19988@70
[    0.594229] /ocp/interconnect@44c00000/segment@200000/target-module@b000/i2c@0/tda19988@70: Fixed dependency cycle(s) with /ocp/interconnect@48000000/segment@300000/target-module@e000/lcdc@0
[    0.594391] /ocp/interconnect@48000000/segment@300000/target-module@e000/lcdc@0: Fixed dependency cycle(s) with /ocp/interconnect@44c00000/segment@200000/target-module@b000/i2c@0/tda19988@70
[    0.603657] mdio_bus 4a101000.mdio: using DT '/ocp/interconnect@4a000000/segment@0/target-module@100000/switch@0/mdio@1000' for 'reset' GPIO lookup
[    0.603729] of_get_named_gpiod_flags: can't parse 'reset-gpios' property of node '/ocp/interconnect@4a000000/segment@0/target-module@100000/switch@0/mdio@1000[0]'
[    0.603776] of_get_named_gpiod_flags: can't parse 'reset-gpio' property of node '/ocp/interconnect@4a000000/segment@0/target-module@100000/switch@0/mdio@1000[0]'
[    0.603823] mdio_bus 4a101000.mdio: using lookup tables for GPIO lookup
[    0.603832] mdio_bus 4a101000.mdio: No GPIO consumer reset found
[    0.604824] sdhci-omap 481d8000.mmc: using DT '/ocp/interconnect@48000000/segment@100000/target-module@d8000/mmc@0' for 'wp' GPIO lookup
[    0.604885] of_get_named_gpiod_flags: can't parse 'wp-gpios' property of node '/ocp/interconnect@48000000/segment@100000/target-module@d8000/mmc@0[0]'
[    0.604928] of_get_named_gpiod_flags: can't parse 'wp-gpio' property of node '/ocp/interconnect@48000000/segment@100000/target-module@d8000/mmc@0[0]'
[    0.604962] sdhci-omap 481d8000.mmc: using lookup tables for GPIO lookup
[    0.604971] sdhci-omap 481d8000.mmc: No GPIO consumer wp found
[    0.605169] sdhci-omap 481d8000.mmc: supply pbias not found, using dummy regulator
[    0.605655] sdhci-omap 481d8000.mmc: supply vqmmc not found, using dummy regulator
[    0.671729] davinci_mdio 4a101000.mdio: davinci mdio revision 1.6, bus freq 1000000
[    0.689821] mdio_bus 4a101000.mdio:00: using DT '/ocp/interconnect@4a000000/segment@0/target-module@100000/switch@0/mdio@1000/ethernet-phy@0' for 'reset' GPIO lookup
[    0.689927] of_get_named_gpiod_flags: parsed 'reset-gpios' property of node '/ocp/interconnect@4a000000/segment@0/target-module@100000/switch@0/mdio@1000/ethernet-phy@0[0]' - status (0)
[    0.690091] gpio gpiochip0: Persistence not supported for GPIO 8
[    0.788928] davinci_mdio 4a101000.mdio: phy[0]: device 4a101000.mdio:00, driver SMSC LAN8710/LAN8720
[    0.789683] cpsw-switch 4a100000.switch: initialized cpsw ale version 1.4
[    0.789705] cpsw-switch 4a100000.switch: ALE Table size 1024, Policers 0
[    0.789848] cpsw-switch 4a100000.switch: cpts: overflow check period 500 (jiffies)
[    0.789865] cpsw-switch 4a100000.switch: CPTS: ref_clk_freq:250000000 calc_mult:2147483648 calc_shift:29 error:0 nsec/sec
[    0.789984] cpsw-switch 4a100000.switch: Detected MACID = 6c:ec:eb:68:de:78
[    0.792009] cpsw-switch 4a100000.switch: initialized (regs 0x4a100000, pool size 256) hw_ver:0019010C 1.12 (0)
[    0.802599] debugfs: Directory '49000000.dma' with parent 'dmaengine' already present!
[    0.802639] edma 49000000.dma: TI EDMA DMA engine driver
[    0.832148] gpio-clk clk_mcasp0: using DT '/clk_mcasp0' for 'enable' GPIO lookup
[    0.832226] of_get_named_gpiod_flags: parsed 'enable-gpios' property of node '/clk_mcasp0[0]' - status (0)
[    0.832270] gpio gpiochip0: Persistence not supported for GPIO 27
[    0.833135] gpiochip_find_base_unlocked: found new base at 608
[    0.833246] gpio gpiochip3: (gpio-96-127): created GPIO range 0->7 ==> 44e10800.pinmux PIN 82->89
[    0.833268] gpio gpiochip3: (gpio-96-127): created GPIO range 8->11 ==> 44e10800.pinmux PIN 52->55
[    0.833286] gpio gpiochip3: (gpio-96-127): created GPIO range 12->15 ==> 44e10800.pinmux PIN 94->97
[    0.833303] gpio gpiochip3: (gpio-96-127): created GPIO range 16->17 ==> 44e10800.pinmux PIN 71->72
[    0.833324] gpio gpiochip3: (gpio-96-127): created GPIO range 18->18 ==> 44e10800.pinmux PIN 135->135
[    0.833341] gpio gpiochip3: (gpio-96-127): created GPIO range 19->20 ==> 44e10800.pinmux PIN 108->109
[    0.833357] gpio gpiochip3: (gpio-96-127): created GPIO range 21->21 ==> 44e10800.pinmux PIN 73->73
[    0.833374] gpio gpiochip3: (gpio-96-127): created GPIO range 22->23 ==> 44e10800.pinmux PIN 8->9
[    0.833391] gpio gpiochip3: (gpio-96-127): created GPIO range 26->27 ==> 44e10800.pinmux PIN 10->11
[    0.833408] gpio gpiochip3: (gpio-96-127): created GPIO range 28->28 ==> 44e10800.pinmux PIN 74->74
[    0.833426] gpio gpiochip3: (gpio-96-127): created GPIO range 29->29 ==> 44e10800.pinmux PIN 81->81
[    0.833444] gpio gpiochip3: (gpio-96-127): created GPIO range 30->31 ==> 44e10800.pinmux PIN 28->29
[    0.852296] gpio gpiochip3: (gpio-96-127): added GPIO chardev (254:3)
[    0.852458] gpio gpiochip3: registered GPIOs 608 to 639 on gpio-96-127
[    0.854347] omap8250 44e09000.serial: using DT '/ocp/interconnect@44c00000/segment@200000/target-module@9000/serial@0' for 'rs485-term' GPIO lookup
[    0.854419] of_get_named_gpiod_flags: can't parse 'rs485-term-gpios' property of node '/ocp/interconnect@44c00000/segment@200000/target-module@9000/serial@0[0]'
[    0.854461] of_get_named_gpiod_flags: can't parse 'rs485-term-gpio' property of node '/ocp/interconnect@44c00000/segment@200000/target-module@9000/serial@0[0]'
[    0.854498] omap8250 44e09000.serial: using lookup tables for GPIO lookup
[    0.854507] omap8250 44e09000.serial: No GPIO consumer rs485-term found
[    0.854516] omap8250 44e09000.serial: using DT '/ocp/interconnect@44c00000/segment@200000/target-module@9000/serial@0' for 'rs485-rx-during-tx' GPIO lookup
[    0.854552] of_get_named_gpiod_flags: can't parse 'rs485-rx-during-tx-gpios' property of node '/ocp/interconnect@44c00000/segment@200000/target-module@9000/serial@0[0]'
[    0.854588] of_get_named_gpiod_flags: can't parse 'rs485-rx-during-tx-gpio' property of node '/ocp/interconnect@44c00000/segment@200000/target-module@9000/serial@0[0]'
[    0.854619] omap8250 44e09000.serial: using lookup tables for GPIO lookup
[    0.854627] omap8250 44e09000.serial: No GPIO consumer rs485-rx-during-tx found
[    0.855068] 44e09000.serial: ttyS0 at MMIO 0x44e09000 (irq = 34, base_baud = 3000000) is a 8250
[    0.855159] printk: legacy console [ttyS0] enabled
[    2.300178] i2c i2c-0: using DT '/ocp/interconnect@44c00000/segment@200000/target-module@b000/i2c@0' for 'scl' GPIO lookup
[    2.300265] of_get_named_gpiod_flags: can't parse 'scl-gpios' property of node '/ocp/interconnect@44c00000/segment@200000/target-module@b000/i2c@0[0]'
[    2.300312] of_get_named_gpiod_flags: can't parse 'scl-gpio' property of node '/ocp/interconnect@44c00000/segment@200000/target-module@b000/i2c@0[0]'
[    2.300352] i2c i2c-0: using lookup tables for GPIO lookup
[    2.300365] i2c i2c-0: No GPIO consumer scl found
[    2.300389] i2c i2c-0: using DT '/ocp/interconnect@44c00000/segment@200000/target-module@b000/i2c@0' for 'sda' GPIO lookup
[    2.300429] of_get_named_gpiod_flags: can't parse 'sda-gpios' property of node '/ocp/interconnect@44c00000/segment@200000/target-module@b000/i2c@0[0]'
[    2.300469] of_get_named_gpiod_flags: can't parse 'sda-gpio' property of node '/ocp/interconnect@44c00000/segment@200000/target-module@b000/i2c@0[0]'
[    2.300504] i2c i2c-0: using lookup tables for GPIO lookup
[    2.300515] i2c i2c-0: No GPIO consumer sda found
[    2.312399] tps65217-pmic: Failed to locate of_node [id: -1]
[    2.318456] tps65217-bl: Failed to locate of_node [id: -1]
[    2.329767] tps65217 0-0024: TPS65217 ID 0xe version 1.2
[    2.335880] /ocp/interconnect@48000000/segment@300000/target-module@e000/lcdc@0: Fixed dependency cycle(s) with /ocp/interconnect@44c00000/segment@200000/target-module@b000/i2c@0/tda19988@70
[    2.353220] /ocp/interconnect@44c00000/segment@200000/target-module@b000/i2c@0/tda19988@70: Fixed dependency cycle(s) with /ocp/interconnect@48000000/segment@300000/target-module@e000/lcdc@0
[    2.370580] omap_i2c 44e0b000.i2c: bus 0 rev0.11 at 400 kHz
[    2.378361] sdhci-omap 48060000.mmc: using DT '/ocp/interconnect@48000000/segment@0/target-module@60000/mmc@0' for 'cd' GPIO lookup
[    2.378463] of_get_named_gpiod_flags: parsed 'cd-gpios' property of node '/ocp/interconnect@48000000/segment@0/target-module@60000/mmc@0[0]' - status (0)
[    2.378533] gpio gpiochip3: Persistence not supported for GPIO 6
[    2.378560] omap_gpio 44e07000.gpio: Could not set line 6 debounce to 200000 microseconds (-22)
[    2.387444] sdhci-omap 48060000.mmc: Got CD GPIO
[    2.392121] sdhci-omap 48060000.mmc: using DT '/ocp/interconnect@48000000/segment@0/target-module@60000/mmc@0' for 'wp' GPIO lookup
[    2.392172] of_get_named_gpiod_flags: can't parse 'wp-gpios' property of node '/ocp/interconnect@48000000/segment@0/target-module@60000/mmc@0[0]'
[    2.392214] of_get_named_gpiod_flags: can't parse 'wp-gpio' property of node '/ocp/interconnect@48000000/segment@0/target-module@60000/mmc@0[0]'
[    2.392253] sdhci-omap 48060000.mmc: using lookup tables for GPIO lookup
[    2.392266] sdhci-omap 48060000.mmc: No GPIO consumer wp found
[    2.392480] sdhci-omap 48060000.mmc: supply pbias not found, using dummy regulator
[    2.401137] sdhci-omap 481d8000.mmc: using DT '/ocp/interconnect@48000000/segment@100000/target-module@d8000/mmc@0' for 'wp' GPIO lookup
[    2.401210] of_get_named_gpiod_flags: can't parse 'wp-gpios' property of node '/ocp/interconnect@48000000/segment@100000/target-module@d8000/mmc@0[0]'
[    2.401259] of_get_named_gpiod_flags: can't parse 'wp-gpio' property of node '/ocp/interconnect@48000000/segment@100000/target-module@d8000/mmc@0[0]'
[    2.401296] sdhci-omap 481d8000.mmc: using lookup tables for GPIO lookup
[    2.401309] sdhci-omap 481d8000.mmc: No GPIO consumer wp found
[    2.402470] sdhci-omap 48060000.mmc: supply vqmmc not found, using dummy regulator
[    2.411299] sdhci-omap 481d8000.mmc: supply pbias not found, using dummy regulator
[    2.420730] sdhci-omap 481d8000.mmc: supply vqmmc not found, using dummy regulator
[    2.458349] mmc1: SDHCI controller on 481d8000.mmc [481d8000.mmc] using External DMA
[    2.467402] mmc0: SDHCI controller on 48060000.mmc [48060000.mmc] using External DMA
[    2.476119] cpsw-switch 4a100000.switch: starting ndev. mode: dual_mac
[    2.541781] mmc1: new high speed MMC card at address 0001
[    2.548624] mmcblk1: mmc1:0001 MMC04G 3.60 GiB
[    2.556323]  mmcblk1: p1 p2
[    2.560124] SMSC LAN8710/LAN8720 4a101000.mdio:00: attached PHY driver (mii_bus:phy_addr=4a101000.mdio:00, irq=POLL)
[    2.572707] mmcblk1boot0: mmc1:0001 MMC04G 2.00 MiB
[    2.584848] mmcblk1boot1: mmc1:0001 MMC04G 2.00 MiB
[    2.592007] mmcblk1rpmb: mmc1:0001 MMC04G 128 KiB, chardev (250:0)
[    2.644540] mmc0: new high speed SDHC card at address aaaa
[    2.651358] mmcblk0: mmc0:aaaa SE32G 29.7 GiB
[    2.660482]  mmcblk0: p1 p2
[    5.762189] cpsw-switch 4a100000.switch eth0: Link is Up - 100Mbps/Full - flow control off
[    5.801417] IP-Config: Complete:
[    5.804690]      device=eth0, hwaddr=6c:ec:eb:68:de:78, ipaddr=192.168.255.1, mask=255.255.255.0, gw=255.255.255.255
[    5.815332]      host=bbb1, domain=, nis-domain=(none)
[    5.820498]      bootserver=192.168.255.126, rootserver=192.168.255.126, rootpath=
[    5.820934] clk: Disabling unused clocks
[    5.832789] PM: genpd: Disabling unused power domains
[    5.837908] KTAP version 1
[    5.840629] 1..0
[    5.865722] VFS: Mounted root (nfs filesystem) on device 0:17.
[    5.872788] devtmpfs: mounted
[    5.877192] Freeing unused kernel image (initmem) memory: 1024K
[    5.884122] Run /sbin/init as init process
[    5.888256]   with arguments:
[    5.888269]     /sbin/init
[    5.888278]     nfsrootdebug
[    5.888287]   with environment:
[    5.888295]     HOME=/
[    5.888304]     TERM=linux
[    6.574669] systemd[1]: System time before build time, advancing clock.
[    8.061426] random: crng init done
[    8.093961] systemd[1]: systemd 232 running in system mode. (+PAM +AUDIT +SELINUX +IMA +APPARMOR +SMACK +SYSVINIT +UTMP +LIBCRYPTSETUP +GCRYPT +GNUTLS +ACL +XZ +LZ4 +SECCOMP +BLKID +ELFUTILS +KMOD +IDN)
[    8.113080] systemd[1]: Detected architecture arm.
[    8.144507] systemd[1]: Set hostname to <arm>.
[    9.237637] systemd[1]: Reached target Swap.
[    9.263339] systemd[1]: Listening on /dev/initctl Compatibility Named Pipe.
[    9.291802] systemd[1]: Reached target Remote File Systems.
[    9.323516] systemd[1]: Listening on Journal Socket (/dev/log).
[    9.352300] systemd[1]: Listening on Journal Socket.
[    9.383434] systemd[1]: Listening on udev Control Socket.
[    9.412374] systemd[1]: Started Dispatch Password Requests to Console Directory Watch.
[   11.690064] systemd-journald[87]: Received request to flush runtime journal from PID 1
[   14.137175] leds-gpio leds: using DT '/leds/led2' for '(default)' GPIO lookup
[   14.137277] of_get_named_gpiod_flags: parsed 'gpios' property of node '/leds/led2[0]' - status (0)
[   14.137336] gpio gpiochip0: Persistence not supported for GPIO 21
[   14.137353] gpio-533 (?): no flags found for GPIO (default)
[   14.185559] leds-gpio leds: using DT '/leds/led3' for '(default)' GPIO lookup
[   14.185673] of_get_named_gpiod_flags: parsed 'gpios' property of node '/leds/led3[0]' - status (0)
[   14.185733] gpio gpiochip0: Persistence not supported for GPIO 22
[   14.185749] gpio-534 (?): no flags found for GPIO (default)
[   14.212155] leds-gpio leds: using DT '/leds/led4' for '(default)' GPIO lookup
[   14.212251] of_get_named_gpiod_flags: parsed 'gpios' property of node '/leds/led4[0]' - status (0)
[   14.212300] gpio gpiochip0: Persistence not supported for GPIO 23
[   14.212315] gpio-535 (?): no flags found for GPIO (default)
[   14.253976] leds-gpio leds: using DT '/leds/led5' for '(default)' GPIO lookup
[   14.254065] of_get_named_gpiod_flags: parsed 'gpios' property of node '/leds/led5[0]' - status (0)
[   14.254113] gpio gpiochip0: Persistence not supported for GPIO 24
[   14.254128] gpio-536 (?): no flags found for GPIO (default)
[   14.524274] remoteproc remoteproc0: wkup_m3 is available
[   14.783704] wkup_m3_ipc 44e11324.wkup_m3_ipc: IPC Request for A8->M3 Channel failed! -517
[   14.998289] tps6521x_pwrbutton tps65217-pwrbutton: DMA mask not set
[   15.053578] at24 2-0054: supply vcc not found, using dummy regulator
[   15.154414] input: tps65217_pwrbutton as /devices/platform/ocp/44c00000.interconnect/44c00000.interconnect:segment@200000/44e0b000.target-module/44e0b000.i2c/i2c-0/0-0024/tps65217-pwrbutton/input/input0
[   15.178765] wkup_m3_ipc 44e11324.wkup_m3_ipc: IPC Request for A8->M3 Channel failed! -517
[   15.206176] at24 2-0055: supply vcc not found, using dummy regulator
[   15.285849] omap_rtc 44e3e000.rtc: registered as rtc0
[   15.291928] omap_rtc 44e3e000.rtc: setting system clock to 2000-01-01T00:00:00 UTC (946684800)
[   15.300635] omap_rtc 44e3e000.rtc: using DT '/ocp/interconnect@44c00000/segment@200000/target-module@3e000/rtc@0' for 'wp' GPIO lookup
[   15.300718] of_get_named_gpiod_flags: can't parse 'wp-gpios' property of node '/ocp/interconnect@44c00000/segment@200000/target-module@3e000/rtc@0[0]'
[   15.300768] of_get_named_gpiod_flags: can't parse 'wp-gpio' property of node '/ocp/interconnect@44c00000/segment@200000/target-module@3e000/rtc@0[0]'
[   15.300809] omap_rtc 44e3e000.rtc: using lookup tables for GPIO lookup
[   15.300823] omap_rtc 44e3e000.rtc: No GPIO consumer wp found
[   15.332287] at24 2-0056: supply vcc not found, using dummy regulator
[   15.340143] wkup_m3_ipc 44e11324.wkup_m3_ipc: IPC Request for A8->M3 Channel failed! -517
[   15.423659] at24 2-0057: supply vcc not found, using dummy regulator
[   15.502079] wkup_m3_ipc 44e11324.wkup_m3_ipc: IPC Request for A8->M3 Channel failed! -517
[   15.520902] omap_wdt: OMAP Watchdog Timer Rev 0x01: initial timeout 60 sec
[   15.534931] wkup_m3_ipc 44e11324.wkup_m3_ipc: IPC Request for A8->M3 Channel failed! -517
[   15.554605] at24 0-0050: using DT '/ocp/interconnect@44c00000/segment@200000/target-module@b000/i2c@0/baseboard_eeprom@50' for 'wp' GPIO lookup
[   15.554723] of_get_named_gpiod_flags: can't parse 'wp-gpios' property of node '/ocp/interconnect@44c00000/segment@200000/target-module@b000/i2c@0/baseboard_eeprom@50[0]'
[   15.554785] of_get_named_gpiod_flags: can't parse 'wp-gpio' property of node '/ocp/interconnect@44c00000/segment@200000/target-module@b000/i2c@0/baseboard_eeprom@50[0]'
[   15.554833] at24 0-0050: using lookup tables for GPIO lookup
[   15.554848] at24 0-0050: No GPIO consumer wp found
[   15.555181] at24 0-0050: 32768 byte 24c256 EEPROM, writable, 1 bytes/write
[   15.644255] wkup_m3_ipc 44e11324.wkup_m3_ipc: IPC Request for A8->M3 Channel failed! -517
[   16.086374] am335x-phy-driver 47401300.usb-phy: using DT '/ocp/target-module@47400000/usb-phy@1300' for 'reset' GPIO lookup
[   16.086496] of_get_named_gpiod_flags: can't parse 'reset-gpios' property of node '/ocp/target-module@47400000/usb-phy@1300[0]'
[   16.086544] of_get_named_gpiod_flags: can't parse 'reset-gpio' property of node '/ocp/target-module@47400000/usb-phy@1300[0]'
[   16.086582] am335x-phy-driver 47401300.usb-phy: using lookup tables for GPIO lookup
[   16.086596] am335x-phy-driver 47401300.usb-phy: No GPIO consumer reset found
[   16.086609] am335x-phy-driver 47401300.usb-phy: using DT '/ocp/target-module@47400000/usb-phy@1300' for 'vbus-detect' GPIO lookup
[   16.086640] of_get_named_gpiod_flags: can't parse 'vbus-detect-gpios' property of node '/ocp/target-module@47400000/usb-phy@1300[0]'
[   16.086671] of_get_named_gpiod_flags: can't parse 'vbus-detect-gpio' property of node '/ocp/target-module@47400000/usb-phy@1300[0]'
[   16.086697] am335x-phy-driver 47401300.usb-phy: using lookup tables for GPIO lookup
[   16.086709] am335x-phy-driver 47401300.usb-phy: No GPIO consumer vbus-detect found
[   16.086857] am335x-phy-driver 47401300.usb-phy: dummy supplies not allowed for exclusive requests (id=vbus)
[   16.196821] usbcore: registered new interface driver usbfs
[   16.202690] usbcore: registered new interface driver hub
[   16.208132] usbcore: registered new device driver usb
[   16.244803] am335x-phy-driver 47401b00.usb-phy: using DT '/ocp/target-module@47400000/usb-phy@1b00' for 'reset' GPIO lookup
[   16.244954] of_get_named_gpiod_flags: can't parse 'reset-gpios' property of node '/ocp/target-module@47400000/usb-phy@1b00[0]'
[   16.245046] of_get_named_gpiod_flags: can't parse 'reset-gpio' property of node '/ocp/target-module@47400000/usb-phy@1b00[0]'
[   16.245090] am335x-phy-driver 47401b00.usb-phy: using lookup tables for GPIO lookup
[   16.245105] am335x-phy-driver 47401b00.usb-phy: No GPIO consumer reset found
[   16.245161] am335x-phy-driver 47401b00.usb-phy: using DT '/ocp/target-module@47400000/usb-phy@1b00' for 'vbus-detect' GPIO lookup
[   16.245194] of_get_named_gpiod_flags: can't parse 'vbus-detect-gpios' property of node '/ocp/target-module@47400000/usb-phy@1b00[0]'
[   16.245263] of_get_named_gpiod_flags: can't parse 'vbus-detect-gpio' property of node '/ocp/target-module@47400000/usb-phy@1b00[0]'
[   16.245293] am335x-phy-driver 47401b00.usb-phy: using lookup tables for GPIO lookup
[   16.245306] am335x-phy-driver 47401b00.usb-phy: No GPIO consumer vbus-detect found
[   16.245539] am335x-phy-driver 47401b00.usb-phy: dummy supplies not allowed for exclusive requests (id=vbus)
[   16.258125] wkup_m3_ipc 44e11324.wkup_m3_ipc: IPC Request for A8->M3 Channel failed! -517
[   16.447693] wkup_m3_ipc 44e11324.wkup_m3_ipc: IPC Request for A8->M3 Channel failed! -517
[   16.877072] wkup_m3_ipc 44e11324.wkup_m3_ipc: IPC Request for A8->M3 Channel failed! -517
[   17.033711] musb-hdrc musb-hdrc.1: MUSB HDRC host driver
[   17.039128] musb-hdrc musb-hdrc.1: new USB bus registered, assigned bus number 1
[   17.072568] wkup_m3_ipc 44e11324.wkup_m3_ipc: IPC Request for A8->M3 Channel failed! -517
[   17.133640] tda998x 0-0070: found TDA19988
[   17.226023] wkup_m3_ipc 44e11324.wkup_m3_ipc: IPC Request for A8->M3 Channel failed! -517
[   17.310887] usb usb1: New USB device found, idVendor=1d6b, idProduct=0002, bcdDevice= 6.12
[   17.319465] usb usb1: New USB device strings: Mfr=3, Product=2, SerialNumber=1
[   17.326810] usb usb1: Product: MUSB HDRC host driver
[   17.331847] usb usb1: Manufacturer: Linux 6.12.47 musb-hcd
[   17.337362] usb usb1: SerialNumber: musb-hdrc.1
[   17.615498] omap-mailbox 480c8000.mailbox: omap mailbox rev 0x400
[   17.711309] remoteproc remoteproc0: powering up wkup_m3
[   17.794764] hub 1-0:1.0: USB hub found
[   17.817352] hub 1-0:1.0: 1 port detected
[   17.893871] remoteproc remoteproc0: Direct firmware load for am335x-pm-firmware.elf failed with error -2
[   17.903707] remoteproc remoteproc0: request_firmware failed: -2
[   17.909673] wkup_m3_ipc 44e11324.wkup_m3_ipc: rproc_boot failed
[   20.373601] omap_rng 48310000.rng: Random Number Generator ver. 20
[   20.489778] tilcdc 4830e000.lcdc: bound 0-0070 (ops tda998x_audio_codec_init [tda998x])
[   20.591223] [drm] Initialized tilcdc 1.0.0 for 4830e000.lcdc on minor 0
[   20.643939] tilcdc 4830e000.lcdc: [drm] Cannot find any crtc or sizes
[   20.717483] tilcdc 4830e000.lcdc: [drm] Cannot find any crtc or sizes
[   21.233388] PM: Cannot get wkup_m3_ipc handle
[   21.335947] omap-sham 53100000.sham: hw accel on OMAP rev 4.3
[   21.463813] omap-sham 53100000.sham: will run requests pump with realtime priority
[   21.479605] PM: Cannot get wkup_m3_ipc handle
[   21.556453] omap-aes 53500000.aes: OMAP AES hw accel rev: 3.2
[   21.694483] omap-aes 53500000.aes: will run requests pump with realtime priority
[   21.703850] PM: Cannot get wkup_m3_ipc handle
[   23.295280] Bluetooth: Core ver 2.22
[   23.299129] NET: Registered PF_BLUETOOTH protocol family
[   23.304672] Bluetooth: HCI device and connection manager initialized
[   23.311087] Bluetooth: HCI socket layer initialized
[   23.316085] Bluetooth: L2CAP socket layer initialized
[   23.321202] Bluetooth: SCO socket layer initialized
[   25.373271] PM: Cannot get wkup_m3_ipc handle
[   25.380039] asoc-simple-card sound: using DT '/sound' for 'simple-audio-card,hp-det' GPIO lookup
[   25.380114] of_get_named_gpiod_flags: can't parse 'simple-audio-card,hp-det-gpios' property of node '/sound[0]'
[   25.380150] of_get_named_gpiod_flags: can't parse 'simple-audio-card,hp-det-gpio' property of node '/sound[0]'
[   25.380175] asoc-simple-card sound: using lookup tables for GPIO lookup
[   25.380188] asoc-simple-card sound: No GPIO consumer simple-audio-card,hp-det found
[   25.380202] asoc-simple-card sound: using DT '/sound' for 'simple-audio-card,mic-det' GPIO lookup
[   25.380227] of_get_named_gpiod_flags: can't parse 'simple-audio-card,mic-det-gpios' property of node '/sound[0]'
[   25.380252] of_get_named_gpiod_flags: can't parse 'simple-audio-card,mic-det-gpio' property of node '/sound[0]'
[   25.380271] asoc-simple-card sound: using lookup tables for GPIO lookup
[   25.380282] asoc-simple-card sound: No GPIO consumer simple-audio-card,mic-det found
[   25.541828] PM: Cannot get wkup_m3_ipc handle
[   27.694620] userial_init: registered 8 ttyGS* devices
[   28.045853] rndis_register: configNr = 0
[   28.160208] udc musb-hdrc.0: binding gadget driver [g_multi]
[   28.160305] configfs-gadget.g_multi gadget.0: adding 'rndis'/8beed0ce to config 'c'/af9cc949
[   28.161670] configfs-gadget.g_multi gadget.0: HOST MAC 1c:ba:8c:a2:ed:6c
[   28.168453] configfs-gadget.g_multi gadget.0: MAC 1c:ba:8c:a2:ed:70
[   28.174877] rndis_set_param_medium: 0 0
[   28.174901] configfs-gadget.g_multi gadget.0: RNDIS: IN/ep1in OUT/ep1out NOTIFY/ep2in
[   28.174920] configfs-gadget.g_multi gadget.0: adding 'cdc_ethernet'/6b9c9f71 to config 'c'/af9cc949
[   28.175808] configfs-gadget.g_multi gadget.0: HOST MAC 1c:ba:8c:a2:ed:6c
[   28.182657] configfs-gadget.g_multi gadget.0: MAC 1c:ba:8c:a2:ed:6d
[   28.188994] configfs-gadget.g_multi gadget.0: CDC Ethernet: IN/ep3in OUT/ep2out NOTIFY/ep4in
[   28.189012] configfs-gadget.g_multi gadget.0: adding 'acm'/9e14b414 to config 'c'/af9cc949
[   28.189055] configfs-gadget.g_multi gadget.0: acm ttyGS0: IN/ep5in OUT/ep3out NOTIFY/ep6in
[   28.192047] PM: Cannot get wkup_m3_ipc handle
[   29.436454] configfs-gadget.g_multi gadget.0: eth_open
[   30.664931] configfs-gadget.g_multi gadget.0: stop stats: rx/tx 0/0, errs 0/0
[   34.895215] gs_open: ttyGS0 (4f51ffd7,2ea6e096)
[   34.895365] gs_close: ttyGS0 (4f51ffd7,2ea6e096) ...
[   34.895385] gs_close: ttyGS0 (4f51ffd7,2ea6e096) done!
[   34.912934] gs_open: ttyGS0 (4f51ffd7,b5e03751)
[   34.913054] gs_close: ttyGS0 (4f51ffd7,b5e03751) ...
[   34.913074] gs_close: ttyGS0 (4f51ffd7,b5e03751) done!
[   35.099469] gs_open: ttyGS0 (c16c57dc,7f445725)
[   35.099711] gs_close: ttyGS0 (c16c57dc,7f445725) ...
[   35.099739] gs_close: ttyGS0 (c16c57dc,7f445725) done!
[   35.100152] gs_open: ttyGS0 (c16c57dc,7f445725)
EWOYHKBOTA 0
root@arm:~# echo 'JAUB''THUONG'
JAUBTHUONG
root@arm:~# MARKER='CJFJ''VCZSZT' run 'modprobe test_linear_ranges'
CJFJVCZSZTCJFJVCZSZT 0
root@arm:~# echo 'PJFZ''NBUSBV'
PJFZNBUSBV
root@arm:~# MARKER='LLLP''MOTSMP' run dmesg
LLLPMOTSMP[    0.000000] Booting Linux on physical CPU 0x0
[    0.000000] Linux version 6.12.47 (user01@drvtest01) (arm-none-eabi-gcc (Arm GNU Toolchain 14.2.Rel1 (Build arm-14.52)) 14.2.1 20241119, GNU ld (Arm GNU Toolchain 14.2.Rel1 (Build arm-14.52)) 2.43.1.20241119) #1 SMP Thu Sep 11 19:46:06 EEST 2025
[    0.000000] CPU: ARMv7 Processor [413fc082] revision 2 (ARMv7), cr=10c5387d
[    0.000000] CPU: PIPT / VIPT nonaliasing data cache, VIPT aliasing instruction cache
[    0.000000] OF: fdt: Machine model: TI AM335x BeagleBone Black
[    0.000000] Memory policy: Data cache writeback
[    0.000000] cma: Reserved 16 MiB at 0x9e800000 on node -1
[    0.000000] Zone ranges:
[    0.000000]   Normal   [mem 0x0000000080000000-0x000000009fdfffff]
[    0.000000]   HighMem  empty
[    0.000000] Movable zone start for each node
[    0.000000] Early memory node ranges
[    0.000000]   node   0: [mem 0x0000000080000000-0x000000009fdfffff]
[    0.000000] Initmem setup node 0 [mem 0x0000000080000000-0x000000009fdfffff]
[    0.000000] OF: reserved mem: Reserved memory: No reserved-memory node in the DT
[    0.000000] CPU: All CPU(s) started in SVC mode.
[    0.000000] AM335X ES2.1 (sgx neon)
[    0.000000] percpu: Embedded 17 pages/cpu s40396 r8192 d21044 u69632
[    0.000000] pcpu-alloc: s40396 r8192 d21044 u69632 alloc=17*4096
[    0.000000] pcpu-alloc: [0] 0 
[    0.000000] Kernel command line: console=ttyO0,115200n8 root=/dev/nfs rw nfsroot=192.168.255.126:/home/user01/nfs,nfsvers=3 ip=192.168.255.1:192.168.255.126::255.255.255.0:bbb1:eth0 nfsrootdebug
[    0.000000] Unknown kernel command line parameters "nfsrootdebug", will be passed to user space.
[    0.000000] Dentry cache hash table entries: 65536 (order: 6, 262144 bytes, linear)
[    0.000000] Inode-cache hash table entries: 32768 (order: 5, 131072 bytes, linear)
[    0.000000] Built 1 zonelists, mobility grouping on.  Total pages: 130560
[    0.000000] mem auto-init: stack:off, heap alloc:off, heap free:off
[    0.000000] SLUB: HWalign=64, Order=0-3, MinObjects=0, CPUs=1, Nodes=1
[    0.000000] rcu: Hierarchical RCU implementation.
[    0.000000] rcu: 	RCU event tracing is enabled.
[    0.000000] rcu: 	RCU restricting CPUs from NR_CPUS=2 to nr_cpu_ids=1.
[    0.000000] rcu: RCU calculated value of scheduler-enlistment delay is 10 jiffies.
[    0.000000] rcu: Adjusting geometry for rcu_fanout_leaf=16, nr_cpu_ids=1
[    0.000000] NR_IRQS: 16, nr_irqs: 16, preallocated irqs: 16
[    0.000000] IRQ: Found an INTC at 0x(ptrval) (revision 5.0) with 128 interrupts
[    0.000000] rcu: srcu_init: Setting srcu_struct sizes based on contention.
[    0.000000] TI gptimer clocksource: always-on /ocp/interconnect@44c00000/segment@200000/target-module@31000
[    0.000003] sched_clock: 32 bits at 24MHz, resolution 41ns, wraps every 89478484971ns
[    0.000027] clocksource: dmtimer: mask: 0xffffffff max_cycles: 0xffffffff, max_idle_ns: 79635851949 ns
[    0.000485] TI gptimer clockevent: 24000000 Hz at /ocp/interconnect@48000000/segment@0/target-module@40000
[    0.002079] Console: colour dummy device 80x30
[    0.002143] WARNING: Your 'console=ttyO0' has been replaced by 'ttyS0'
[    0.002151] This ensures that you still see kernel messages. Please
[    0.002156] update your kernel commandline.
[    0.002200] Calibrating delay loop... 996.14 BogoMIPS (lpj=4980736)
[    0.090530] CPU: Testing write buffer coherency: ok
[    0.090644] CPU0: Spectre v2: using BPIALL workaround
[    0.090656] pid_max: default: 32768 minimum: 301
[    0.090788] LSM: initializing lsm=capability
[    0.090960] Mount-cache hash table entries: 1024 (order: 0, 4096 bytes, linear)
[    0.090982] Mountpoint-cache hash table entries: 1024 (order: 0, 4096 bytes, linear)
[    0.092548] CPU0: thread -1, cpu 0, socket -1, mpidr 0
[    0.094595] Setting up static identity map for 0x80100000 - 0x80100078
[    0.094899] rcu: Hierarchical SRCU implementation.
[    0.094909] rcu: 	Max phase no-delay instances is 1000.
[    0.096660] smp: Bringing up secondary CPUs ...
[    0.096714] smp: Brought up 1 node, 1 CPU
[    0.096728] SMP: Total of 1 processors activated (996.14 BogoMIPS).
[    0.096740] CPU: All CPU(s) started in SVC mode.
[    0.096925] Memory: 480864K/522240K available (11264K kernel code, 1212K rwdata, 2880K rodata, 1024K init, 299K bss, 23364K reserved, 16384K cma-reserved, 0K highmem)
[    0.097724] devtmpfs: initialized
[    0.114309] VFP support v0.3: implementor 41 architecture 3 part 30 variant c rev 3
[    0.114655] clocksource: jiffies: mask: 0xffffffff max_cycles: 0xffffffff, max_idle_ns: 19112604462750000 ns
[    0.114690] futex hash table entries: 256 (order: 2, 16384 bytes, linear)
[    0.116138] pinctrl core: initialized pinctrl subsystem
[    0.118262] NET: Registered PF_NETLINK/PF_ROUTE protocol family
[    0.121290] DMA: preallocated 256 KiB pool for atomic coherent allocations
[    0.122211] audit: initializing netlink subsys (disabled)
[    0.123557] thermal_sys: Registered thermal governor 'fair_share'
[    0.123573] thermal_sys: Registered thermal governor 'step_wise'
[    0.123583] thermal_sys: Registered thermal governor 'user_space'
[    0.123697] audit: type=2000 audit(0.120:1): state=initialized audit_enabled=0 res=1
[    0.123772] cpuidle: using governor menu
[    0.141358] /ocp/interconnect@44c00000/segment@200000/target-module@b000/i2c@0/tda19988@70: Fixed dependency cycle(s) with /ocp/interconnect@48000000/segment@300000/target-module@e000/lcdc@0
[    0.142489] /ocp/interconnect@48000000/segment@300000/target-module@e000/lcdc@0: Fixed dependency cycle(s) with /ocp/interconnect@44c00000/segment@200000/target-module@b000/i2c@0/tda19988@70
[    0.144636] No ATAGs?
[    0.144651] hw-breakpoint: debug architecture 0x4 unsupported.
[    0.147273] kprobes: kprobe jump-optimization is enabled. All kprobes are optimized if possible.
[    0.153935] iommu: Default domain type: Translated
[    0.153957] iommu: DMA domain TLB invalidation policy: strict mode
[    0.155526] reg-fixed-voltage fixedregulator0: using DT '/fixedregulator0' for '(default)' GPIO lookup
[    0.155584] of_get_named_gpiod_flags: can't parse 'gpios' property of node '/fixedregulator0[0]'
[    0.155611] of_get_named_gpiod_flags: can't parse 'gpio' property of node '/fixedregulator0[0]'
[    0.155630] reg-fixed-voltage fixedregulator0: using lookup tables for GPIO lookup
[    0.155639] reg-fixed-voltage fixedregulator0: No GPIO consumer (default) found
[    0.161377] SCSI subsystem initialized
[    0.161863] libata version 3.00 loaded.
[    0.162234] pps_core: LinuxPPS API ver. 1 registered
[    0.162246] pps_core: Software ver. 5.3.6 - Copyright 2005-2007 Rodolfo Giometti <giometti@linux.it>
[    0.162270] PTP clock support registered
[    0.171050] vgaarb: loaded
[    0.171402] clocksource: Switched to clocksource dmtimer
[    0.172062] VFS: Disk quotas dquot_6.6.0
[    0.172104] VFS: Dquot-cache hash table entries: 1024 (order 0, 4096 bytes)
[    0.195991] NET: Registered PF_INET protocol family
[    0.196335] IP idents hash table entries: 8192 (order: 4, 65536 bytes, linear)
[    0.197712] tcp_listen_portaddr_hash hash table entries: 512 (order: 0, 4096 bytes, linear)
[    0.197747] Table-perturb hash table entries: 65536 (order: 6, 262144 bytes, linear)
[    0.197766] TCP established hash table entries: 4096 (order: 2, 16384 bytes, linear)
[    0.197813] TCP bind hash table entries: 4096 (order: 4, 65536 bytes, linear)
[    0.197914] TCP: Hash tables configured (established 4096 bind 4096)
[    0.198037] UDP hash table entries: 256 (order: 1, 8192 bytes, linear)
[    0.198063] UDP-Lite hash table entries: 256 (order: 1, 8192 bytes, linear)
[    0.198235] NET: Registered PF_UNIX/PF_LOCAL protocol family
[    0.202030] RPC: Registered named UNIX socket transport module.
[    0.202052] RPC: Registered udp transport module.
[    0.202059] RPC: Registered tcp transport module.
[    0.202064] RPC: Registered tcp-with-tls transport module.
[    0.202069] RPC: Registered tcp NFSv4.1 backchannel transport module.
[    0.202093] PCI: CLS 0 bytes, default 64
[    0.203481] Initialise system trusted keyrings
[    0.211886] workingset: timestamp_bits=14 max_order=17 bucket_order=3
[    0.213127] NFS: Registering the id_resolver key type
[    0.213207] Key type id_resolver registered
[    0.213214] Key type id_legacy registered
[    0.213266] jffs2: version 2.2. (NAND) (SUMMARY)  Â© 2001-2006 Red Hat, Inc.
[    0.213674] Key type asymmetric registered
[    0.213687] Asymmetric key parser 'x509' registered
[    0.213755] io scheduler mq-deadline registered
[    0.213766] io scheduler kyber registered
[    0.213828] io scheduler bfq registered
[    0.215757] target-module@4b000000:target-module@140000:pmu@0:fck: device ID is greater than 24
[    0.221921] l3-aon-clkctrl:0000:0: failed to disable
[    0.222180] ledtrig-cpu: registered to indicate activity on CPUs
[    0.231703] Serial: 8250/16550 driver, 6 ports, IRQ sharing enabled
[    0.266487] brd: module loaded
[    0.284108] loop: module loaded
[    0.285029] mtdoops: mtd device (mtddev=name/number) must be supplied
[    0.286736] mdio_bus fixed-0: using lookup tables for GPIO lookup
[    0.286760] mdio_bus fixed-0: No GPIO consumer reset found
[    0.288123] i2c_dev: i2c /dev entries driver
[    0.289098] cpuidle: enable-method property 'ti,am3352' found operations
[    0.289549] sdhci: Secure Digital Host Controller Interface driver
[    0.289560] sdhci: Copyright(c) Pierre Ossman
[    0.289739] sdhci-pltfm: SDHCI platform and OF driver helper
[    0.302657] hw perfevents: enabled with armv7_cortex_a8 PMU driver, 5 (8000000f) counters available
[    0.303183] Initializing XFRM netlink socket
[    0.303324] NET: Registered PF_INET6 protocol family
[    0.308963] l3-aon-clkctrl:0000:0: failed to disable
[    0.310296] Segment Routing with IPv6
[    0.310378] In-situ OAM (IOAM) with IPv6
[    0.310472] sit: IPv6, IPv4 and MPLS over IPv4 tunneling driver
[    0.311577] NET: Registered PF_PACKET protocol family
[    0.311610] NET: Registered PF_KEY protocol family
[    0.311726] Key type dns_resolver registered
[    0.311959] ThumbEE CPU extension supported.
[    0.311982] Registering SWP/SWPB emulation handler
[    0.312502] omap_voltage_late_init: Voltage driver support not added
[    0.313199] SmartReflex Class3 initialized
[    0.342154] Loading compiled-in X.509 certificates
[    0.387279] /ocp/interconnect@44c00000/segment@200000/target-module@b000/i2c@0/tda19988@70: Fixed dependency cycle(s) with /ocp/interconnect@48000000/segment@300000/target-module@e000/lcdc@0
[    0.393647] /ocp/interconnect@44c00000/segment@200000/target-module@b000/i2c@0/tda19988@70: Fixed dependency cycle(s) with /ocp/interconnect@48000000/segment@300000/target-module@e000/lcdc@0
[    0.398975] gpiochip_find_base_unlocked: found new base at 512
[    0.433578] /ocp/interconnect@44c00000/segment@200000/target-module@b000/i2c@0/tda19988@70: Fixed dependency cycle(s) with /ocp/interconnect@48000000/segment@300000/target-module@e000/lcdc@0
[    0.434411] /ocp/interconnect@44c00000/segment@200000/target-module@b000/i2c@0/tda19988@70: Fixed dependency cycle(s) with /ocp/interconnect@48000000/segment@300000/target-module@e000/lcdc@0
[    0.437636] /ocp/interconnect@44c00000/segment@200000/target-module@10000/scm@0/pinmux@800: Fixed dependency cycle(s) with /ocp/interconnect@44c00000/segment@200000/target-module@10000/scm@0/pinmux@800/clkout2-pins
[    0.438231] pinctrl-single 44e10800.pinmux: 142 pins, size 568
[    0.443422] ti-sysc 44e31000.target-module: probe with driver ti-sysc failed with error -16
[    0.469450] /ocp/interconnect@48000000/segment@300000/target-module@e000/lcdc@0: Fixed dependency cycle(s) with /ocp/interconnect@44c00000/segment@200000/target-module@b000/i2c@0/tda19988@70
[    0.477160] ti-sysc 48040000.target-module: probe with driver ti-sysc failed with error -16
[    0.488048] gpiochip_find_base_unlocked: found new base at 512
[    0.488147] gpio gpiochip0: (gpio-0-31): created GPIO range 0->7 ==> 44e10800.pinmux PIN 0->7
[    0.488167] gpio gpiochip0: (gpio-0-31): created GPIO range 8->11 ==> 44e10800.pinmux PIN 90->93
[    0.488182] gpio gpiochip0: (gpio-0-31): created GPIO range 12->27 ==> 44e10800.pinmux PIN 12->27
[    0.488197] gpio gpiochip0: (gpio-0-31): created GPIO range 28->31 ==> 44e10800.pinmux PIN 30->33
[    0.533882] gpio gpiochip0: (gpio-0-31): added GPIO chardev (254:0)
[    0.534042] gpio gpiochip0: registered GPIOs 512 to 543 on gpio-0-31
[    0.534132] OMAP GPIO hardware version 0.1
[    0.547126] i2c i2c-2: using DT '/ocp/interconnect@48000000/segment@100000/target-module@9c000/i2c@0' for 'scl' GPIO lookup
[    0.547213] of_get_named_gpiod_flags: can't parse 'scl-gpios' property of node '/ocp/interconnect@48000000/segment@100000/target-module@9c000/i2c@0[0]'
[    0.547261] of_get_named_gpiod_flags: can't parse 'scl-gpio' property of node '/ocp/interconnect@48000000/segment@100000/target-module@9c000/i2c@0[0]'
[    0.547298] i2c i2c-2: using lookup tables for GPIO lookup
[    0.547307] i2c i2c-2: No GPIO consumer scl found
[    0.547329] i2c i2c-2: using DT '/ocp/interconnect@48000000/segment@100000/target-module@9c000/i2c@0' for 'sda' GPIO lookup
[    0.547368] of_get_named_gpiod_flags: can't parse 'sda-gpios' property of node '/ocp/interconnect@48000000/segment@100000/target-module@9c000/i2c@0[0]'
[    0.547409] of_get_named_gpiod_flags: can't parse 'sda-gpio' property of node '/ocp/interconnect@48000000/segment@100000/target-module@9c000/i2c@0[0]'
[    0.547440] i2c i2c-2: using lookup tables for GPIO lookup
[    0.547447] i2c i2c-2: No GPIO consumer sda found
[    0.548151] omap_i2c 4819c000.i2c: bus 2 rev0.11 at 100 kHz
[    0.553556] gpiochip_find_base_unlocked: found new base at 544
[    0.553653] gpio gpiochip1: (gpio-32-63): created GPIO range 0->17 ==> 44e10800.pinmux PIN 34->51
[    0.553673] gpio gpiochip1: (gpio-32-63): created GPIO range 18->21 ==> 44e10800.pinmux PIN 77->80
[    0.553688] gpio gpiochip1: (gpio-32-63): created GPIO range 22->31 ==> 44e10800.pinmux PIN 56->65
[    0.570203] gpio gpiochip1: (gpio-32-63): added GPIO chardev (254:1)
[    0.570384] gpio gpiochip1: registered GPIOs 544 to 575 on gpio-32-63
[    0.572828] gpiochip_find_base_unlocked: found new base at 576
[    0.572927] gpio gpiochip2: (gpio-64-95): created GPIO range 0->4 ==> 44e10800.pinmux PIN 66->70
[    0.572948] gpio gpiochip2: (gpio-64-95): created GPIO range 5->6 ==> 44e10800.pinmux PIN 98->99
[    0.572963] gpio gpiochip2: (gpio-64-95): created GPIO range 7->8 ==> 44e10800.pinmux PIN 75->76
[    0.572995] gpio gpiochip2: (gpio-64-95): created GPIO range 13->13 ==> 44e10800.pinmux PIN 141->141
[    0.573013] gpio gpiochip2: (gpio-64-95): created GPIO range 14->21 ==> 44e10800.pinmux PIN 100->107
[    0.584180] gpio gpiochip2: (gpio-64-95): added GPIO chardev (254:2)
[    0.584328] gpio gpiochip2: registered GPIOs 576 to 607 on gpio-64-95
[    0.589751] 48000000.interconnect:segment@200000:target-module@0:mpu@0:fck: device ID is greater than 24
[    0.590631] /ocp/interconnect@48000000/segment@300000/target-module@e000/lcdc@0: Fixed dependency cycle(s) with /ocp/interconnect@44c00000/segment@200000/target-module@b000/i2c@0/tda19988@70
[    0.593531] /ocp/interconnect@48000000/segment@300000/target-module@e000/lcdc@0: Fixed dependency cycle(s) with /ocp/interconnect@44c00000/segment@200000/target-module@b000/i2c@0/tda19988@70
[    0.594229] /ocp/interconnect@44c00000/segment@200000/target-module@b000/i2c@0/tda19988@70: Fixed dependency cycle(s) with /ocp/interconnect@48000000/segment@300000/target-module@e000/lcdc@0
[    0.594391] /ocp/interconnect@48000000/segment@300000/target-module@e000/lcdc@0: Fixed dependency cycle(s) with /ocp/interconnect@44c00000/segment@200000/target-module@b000/i2c@0/tda19988@70
[    0.603657] mdio_bus 4a101000.mdio: using DT '/ocp/interconnect@4a000000/segment@0/target-module@100000/switch@0/mdio@1000' for 'reset' GPIO lookup
[    0.603729] of_get_named_gpiod_flags: can't parse 'reset-gpios' property of node '/ocp/interconnect@4a000000/segment@0/target-module@100000/switch@0/mdio@1000[0]'
[    0.603776] of_get_named_gpiod_flags: can't parse 'reset-gpio' property of node '/ocp/interconnect@4a000000/segment@0/target-module@100000/switch@0/mdio@1000[0]'
[    0.603823] mdio_bus 4a101000.mdio: using lookup tables for GPIO lookup
[    0.603832] mdio_bus 4a101000.mdio: No GPIO consumer reset found
[    0.604824] sdhci-omap 481d8000.mmc: using DT '/ocp/interconnect@48000000/segment@100000/target-module@d8000/mmc@0' for 'wp' GPIO lookup
[    0.604885] of_get_named_gpiod_flags: can't parse 'wp-gpios' property of node '/ocp/interconnect@48000000/segment@100000/target-module@d8000/mmc@0[0]'
[    0.604928] of_get_named_gpiod_flags: can't parse 'wp-gpio' property of node '/ocp/interconnect@48000000/segment@100000/target-module@d8000/mmc@0[0]'
[    0.604962] sdhci-omap 481d8000.mmc: using lookup tables for GPIO lookup
[    0.604971] sdhci-omap 481d8000.mmc: No GPIO consumer wp found
[    0.605169] sdhci-omap 481d8000.mmc: supply pbias not found, using dummy regulator
[    0.605655] sdhci-omap 481d8000.mmc: supply vqmmc not found, using dummy regulator
[    0.671729] davinci_mdio 4a101000.mdio: davinci mdio revision 1.6, bus freq 1000000
[    0.689821] mdio_bus 4a101000.mdio:00: using DT '/ocp/interconnect@4a000000/segment@0/target-module@100000/switch@0/mdio@1000/ethernet-phy@0' for 'reset' GPIO lookup
[    0.689927] of_get_named_gpiod_flags: parsed 'reset-gpios' property of node '/ocp/interconnect@4a000000/segment@0/target-module@100000/switch@0/mdio@1000/ethernet-phy@0[0]' - status (0)
[    0.690091] gpio gpiochip0: Persistence not supported for GPIO 8
[    0.788928] davinci_mdio 4a101000.mdio: phy[0]: device 4a101000.mdio:00, driver SMSC LAN8710/LAN8720
[    0.789683] cpsw-switch 4a100000.switch: initialized cpsw ale version 1.4
[    0.789705] cpsw-switch 4a100000.switch: ALE Table size 1024, Policers 0
[    0.789848] cpsw-switch 4a100000.switch: cpts: overflow check period 500 (jiffies)
[    0.789865] cpsw-switch 4a100000.switch: CPTS: ref_clk_freq:250000000 calc_mult:2147483648 calc_shift:29 error:0 nsec/sec
[    0.789984] cpsw-switch 4a100000.switch: Detected MACID = 6c:ec:eb:68:de:78
[    0.792009] cpsw-switch 4a100000.switch: initialized (regs 0x4a100000, pool size 256) hw_ver:0019010C 1.12 (0)
[    0.802599] debugfs: Directory '49000000.dma' with parent 'dmaengine' already present!
[    0.802639] edma 49000000.dma: TI EDMA DMA engine driver
[    0.832148] gpio-clk clk_mcasp0: using DT '/clk_mcasp0' for 'enable' GPIO lookup
[    0.832226] of_get_named_gpiod_flags: parsed 'enable-gpios' property of node '/clk_mcasp0[0]' - status (0)
[    0.832270] gpio gpiochip0: Persistence not supported for GPIO 27
[    0.833135] gpiochip_find_base_unlocked: found new base at 608
[    0.833246] gpio gpiochip3: (gpio-96-127): created GPIO range 0->7 ==> 44e10800.pinmux PIN 82->89
[    0.833268] gpio gpiochip3: (gpio-96-127): created GPIO range 8->11 ==> 44e10800.pinmux PIN 52->55
[    0.833286] gpio gpiochip3: (gpio-96-127): created GPIO range 12->15 ==> 44e10800.pinmux PIN 94->97
[    0.833303] gpio gpiochip3: (gpio-96-127): created GPIO range 16->17 ==> 44e10800.pinmux PIN 71->72
[    0.833324] gpio gpiochip3: (gpio-96-127): created GPIO range 18->18 ==> 44e10800.pinmux PIN 135->135
[    0.833341] gpio gpiochip3: (gpio-96-127): created GPIO range 19->20 ==> 44e10800.pinmux PIN 108->109
[    0.833357] gpio gpiochip3: (gpio-96-127): created GPIO range 21->21 ==> 44e10800.pinmux PIN 73->73
[    0.833374] gpio gpiochip3: (gpio-96-127): created GPIO range 22->23 ==> 44e10800.pinmux PIN 8->9
[    0.833391] gpio gpiochip3: (gpio-96-127): created GPIO range 26->27 ==> 44e10800.pinmux PIN 10->11
[    0.833408] gpio gpiochip3: (gpio-96-127): created GPIO range 28->28 ==> 44e10800.pinmux PIN 74->74
[    0.833426] gpio gpiochip3: (gpio-96-127): created GPIO range 29->29 ==> 44e10800.pinmux PIN 81->81
[    0.833444] gpio gpiochip3: (gpio-96-127): created GPIO range 30->31 ==> 44e10800.pinmux PIN 28->29
[    0.852296] gpio gpiochip3: (gpio-96-127): added GPIO chardev (254:3)
[    0.852458] gpio gpiochip3: registered GPIOs 608 to 639 on gpio-96-127
[    0.854347] omap8250 44e09000.serial: using DT '/ocp/interconnect@44c00000/segment@200000/target-module@9000/serial@0' for 'rs485-term' GPIO lookup
[    0.854419] of_get_named_gpiod_flags: can't parse 'rs485-term-gpios' property of node '/ocp/interconnect@44c00000/segment@200000/target-module@9000/serial@0[0]'
[    0.854461] of_get_named_gpiod_flags: can't parse 'rs485-term-gpio' property of node '/ocp/interconnect@44c00000/segment@200000/target-module@9000/serial@0[0]'
[    0.854498] omap8250 44e09000.serial: using lookup tables for GPIO lookup
[    0.854507] omap8250 44e09000.serial: No GPIO consumer rs485-term found
[    0.854516] omap8250 44e09000.serial: using DT '/ocp/interconnect@44c00000/segment@200000/target-module@9000/serial@0' for 'rs485-rx-during-tx' GPIO lookup
[    0.854552] of_get_named_gpiod_flags: can't parse 'rs485-rx-during-tx-gpios' property of node '/ocp/interconnect@44c00000/segment@200000/target-module@9000/serial@0[0]'
[    0.854588] of_get_named_gpiod_flags: can't parse 'rs485-rx-during-tx-gpio' property of node '/ocp/interconnect@44c00000/segment@200000/target-module@9000/serial@0[0]'
[    0.854619] omap8250 44e09000.serial: using lookup tables for GPIO lookup
[    0.854627] omap8250 44e09000.serial: No GPIO consumer rs485-rx-during-tx found
[    0.855068] 44e09000.serial: ttyS0 at MMIO 0x44e09000 (irq = 34, base_baud = 3000000) is a 8250
[    0.855159] printk: legacy console [ttyS0] enabled
[    2.300178] i2c i2c-0: using DT '/ocp/interconnect@44c00000/segment@200000/target-module@b000/i2c@0' for 'scl' GPIO lookup
[    2.300265] of_get_named_gpiod_flags: can't parse 'scl-gpios' property of node '/ocp/interconnect@44c00000/segment@200000/target-module@b000/i2c@0[0]'
[    2.300312] of_get_named_gpiod_flags: can't parse 'scl-gpio' property of node '/ocp/interconnect@44c00000/segment@200000/target-module@b000/i2c@0[0]'
[    2.300352] i2c i2c-0: using lookup tables for GPIO lookup
[    2.300365] i2c i2c-0: No GPIO consumer scl found
[    2.300389] i2c i2c-0: using DT '/ocp/interconnect@44c00000/segment@200000/target-module@b000/i2c@0' for 'sda' GPIO lookup
[    2.300429] of_get_named_gpiod_flags: can't parse 'sda-gpios' property of node '/ocp/interconnect@44c00000/segment@200000/target-module@b000/i2c@0[0]'
[    2.300469] of_get_named_gpiod_flags: can't parse 'sda-gpio' property of node '/ocp/interconnect@44c00000/segment@200000/target-module@b000/i2c@0[0]'
[    2.300504] i2c i2c-0: using lookup tables for GPIO lookup
[    2.300515] i2c i2c-0: No GPIO consumer sda found
[    2.312399] tps65217-pmic: Failed to locate of_node [id: -1]
[    2.318456] tps65217-bl: Failed to locate of_node [id: -1]
[    2.329767] tps65217 0-0024: TPS65217 ID 0xe version 1.2
[    2.335880] /ocp/interconnect@48000000/segment@300000/target-module@e000/lcdc@0: Fixed dependency cycle(s) with /ocp/interconnect@44c00000/segment@200000/target-module@b000/i2c@0/tda19988@70
[    2.353220] /ocp/interconnect@44c00000/segment@200000/target-module@b000/i2c@0/tda19988@70: Fixed dependency cycle(s) with /ocp/interconnect@48000000/segment@300000/target-module@e000/lcdc@0
[    2.370580] omap_i2c 44e0b000.i2c: bus 0 rev0.11 at 400 kHz
[    2.378361] sdhci-omap 48060000.mmc: using DT '/ocp/interconnect@48000000/segment@0/target-module@60000/mmc@0' for 'cd' GPIO lookup
[    2.378463] of_get_named_gpiod_flags: parsed 'cd-gpios' property of node '/ocp/interconnect@48000000/segment@0/target-module@60000/mmc@0[0]' - status (0)
[    2.378533] gpio gpiochip3: Persistence not supported for GPIO 6
[    2.378560] omap_gpio 44e07000.gpio: Could not set line 6 debounce to 200000 microseconds (-22)
[    2.387444] sdhci-omap 48060000.mmc: Got CD GPIO
[    2.392121] sdhci-omap 48060000.mmc: using DT '/ocp/interconnect@48000000/segment@0/target-module@60000/mmc@0' for 'wp' GPIO lookup
[    2.392172] of_get_named_gpiod_flags: can't parse 'wp-gpios' property of node '/ocp/interconnect@48000000/segment@0/target-module@60000/mmc@0[0]'
[    2.392214] of_get_named_gpiod_flags: can't parse 'wp-gpio' property of node '/ocp/interconnect@48000000/segment@0/target-module@60000/mmc@0[0]'
[    2.392253] sdhci-omap 48060000.mmc: using lookup tables for GPIO lookup
[    2.392266] sdhci-omap 48060000.mmc: No GPIO consumer wp found
[    2.392480] sdhci-omap 48060000.mmc: supply pbias not found, using dummy regulator
[    2.401137] sdhci-omap 481d8000.mmc: using DT '/ocp/interconnect@48000000/segment@100000/target-module@d8000/mmc@0' for 'wp' GPIO lookup
[    2.401210] of_get_named_gpiod_flags: can't parse 'wp-gpios' property of node '/ocp/interconnect@48000000/segment@100000/target-module@d8000/mmc@0[0]'
[    2.401259] of_get_named_gpiod_flags: can't parse 'wp-gpio' property of node '/ocp/interconnect@48000000/segment@100000/target-module@d8000/mmc@0[0]'
[    2.401296] sdhci-omap 481d8000.mmc: using lookup tables for GPIO lookup
[    2.401309] sdhci-omap 481d8000.mmc: No GPIO consumer wp found
[    2.402470] sdhci-omap 48060000.mmc: supply vqmmc not found, using dummy regulator
[    2.411299] sdhci-omap 481d8000.mmc: supply pbias not found, using dummy regulator
[    2.420730] sdhci-omap 481d8000.mmc: supply vqmmc not found, using dummy regulator
[    2.458349] mmc1: SDHCI controller on 481d8000.mmc [481d8000.mmc] using External DMA
[    2.467402] mmc0: SDHCI controller on 48060000.mmc [48060000.mmc] using External DMA
[    2.476119] cpsw-switch 4a100000.switch: starting ndev. mode: dual_mac
