Labgrid Console Logfile for main
Logfile started at 2024-10-15 09:36:37.428015
=== Log starts here ===

U-Boot SPL 2014.04-00014-g47880f5 (Apr 22 2014 - 13:23:54)
reading args
spl_load_image_fat_os: error reading image args, err - -1
reading u-boot.img
reading u-boot.img


U-Boot 2014.04-00014-g47880f5 (Apr 22 2014 - 13:23:54)

I2C:   ready
DRAM:  512 MiB
NAND:  0 MiB
MMC:   OMAP SD/MMC: 0, OMAP SD/MMC: 1
*** Warning - readenv() failed, using default environment

Net:   <ethaddr> not set. Validating first E-fuse MAC
cpsw, usb_ether
Hit any key to stop autoboot:  1  0 
gpio: pin 53 (gpio 53) value is 1
mmc0 is current device
gpio: pin 54 (gpio 54) value is 1
SD/MMC found on device 0
reading uEnv.txt
569 bytes read in 3 ms (184.6 KiB/s)
gpio: pin 55 (gpio 55) value is 1
Loaded environment from uEnv.txt
Importing environment from mmc ...
Checking if uenvcmd is set ...
gpio: pin 56 (gpio 56) value is 1
Running uenvcmd ...
cpsw Waiting for PHY auto negotiation to complete. done
link up on port 0, speed 100, full duplex
Using cpsw device
TFTP from server 192.168.255.126; our IP address is 192.168.255.1
Filename 'zImage'.
Load address: 0x81000000
Loading: *#################################################################
	 #################################################################
	 #################################################################
	 #################################################################
	 #################################################################
	 ###################################################
	 2.4 MiB/s
done
Bytes transferred = 5512024 (541b58 hex)
link up on port 0, speed 100, full duplex
Using cpsw device
TFTP from server 192.168.255.126; our IP address is 192.168.255.1
Filename 'am335x-boneblack.dtb'.
Load address: 0x82000000
Loading: *#######
	 2.3 MiB/s
done
Bytes transferred = 98244 (17fc4 hex)
Kernel image @ 0x81000000 [ 0x000000 - 0x541b58 ]
## Flattened Device Tree blob at 82000000
   Booting using the fdt blob at 0x82000000
   Using Device Tree in place at 82000000, end 8201afc3

Starting kernel ...

[    0.000000] Booting Linux on physical CPU 0x0
[    0.000000] Linux version 6.12.0-rc3-next-20241015 (user01@drvtest01) (arm-linux-gnueabihf-gcc (Linaro GCC 6.4-2017.11) 6.4.1 20171012, GNU ld (Linaro_Binutils-2017.11) 2.27.0.20161229) #115 SMP Tue Oct 15 09:35:47 EEST 2024
[    0.000000] CPU: ARMv7 Processor [413fc082] revision 2 (ARMv7), cr=10c5387d
[    0.000000] CPU: PIPT / VIPT nonaliasing data cache, VIPT aliasing instruction cache
[    0.000000] OF: fdt: Machine model: TI AM335x BeagleBone Black
[    0.000000] Memory policy: Data cache writeback
[    0.000000] cma: Reserved 16 MiB at 0x9e800000 on node -1
[    0.000000] Zone ranges:
[    0.000000]   Normal   [mem 0x0000000080000000-0x000000009fdfffff]
[    0.000000]   HighMem  empty
[    0.000000] Movable zone start for each node
[    0.000000] Early memory node ranges
[    0.000000]   node   0: [mem 0x0000000080000000-0x000000009fdfffff]
[    0.000000] Initmem setup node 0 [mem 0x0000000080000000-0x000000009fdfffff]
[    0.000000] CPU: All CPU(s) started in SVC mode.
[    0.000000] AM335X ES2.1 (sgx neon)
[    0.000000] percpu: Embedded 17 pages/cpu s39756 r8192 d21684 u69632
[    0.000000] Kernel command line: console=ttyO0,115200n8 root=/dev/nfs rw nfsroot=192.168.255.126:/home/user01/nfs,nfsvers=3 ip=192.168.255.1:192.168.255.126::255.255.255.0:bbb1:eth0 nfsrootdebug
[    0.000000] Unknown kernel command line parameters "nfsrootdebug", will be passed to user space.
[    0.000000] Dentry cache hash table entries: 65536 (order: 6, 262144 bytes, linear)
[    0.000000] Inode-cache hash table entries: 32768 (order: 5, 131072 bytes, linear)
[    0.000000] Built 1 zonelists, mobility grouping on.  Total pages: 130560
[    0.000000] mem auto-init: stack:off, heap alloc:off, heap free:off
[    0.000000] SLUB: HWalign=64, Order=0-3, MinObjects=0, CPUs=1, Nodes=1
[    0.000000] trace event string verifier disabled
[    0.000000] rcu: Hierarchical RCU implementation.
[    0.000000] rcu: 	RCU event tracing is enabled.
[    0.000000] rcu: 	RCU restricting CPUs from NR_CPUS=2 to nr_cpu_ids=1.
[    0.000000] 	Tracing variant of Tasks RCU enabled.
[    0.000000] rcu: RCU calculated value of scheduler-enlistment delay is 10 jiffies.
[    0.000000] rcu: Adjusting geometry for rcu_fanout_leaf=16, nr_cpu_ids=1
[    0.000000] RCU Tasks Trace: Setting shift to 0 and lim to 1 rcu_task_cb_adjust=1 rcu_task_cpu_ids=1.
[    0.000000] NR_IRQS: 16, nr_irqs: 16, preallocated irqs: 16
[    0.000000] IRQ: Found an INTC at 0x(ptrval) (revision 5.0) with 128 interrupts
[    0.000000] rcu: srcu_init: Setting srcu_struct sizes based on contention.
[    0.000000] TI gptimer clocksource: always-on /ocp/interconnect@44c00000/segment@200000/target-module@31000
[    0.000002] sched_clock: 32 bits at 24MHz, resolution 41ns, wraps every 89478484971ns
[    0.000025] clocksource: dmtimer: mask: 0xffffffff max_cycles: 0xffffffff, max_idle_ns: 79635851949 ns
[    0.000503] TI gptimer clockevent: 24000000 Hz at /ocp/interconnect@48000000/segment@0/target-module@40000
[    0.002155] Console: colour dummy device 80x30
[    0.002221] WARNING: Your 'console=ttyO0' has been replaced by 'ttyS0'
[    0.002229] This ensures that you still see kernel messages. Please
[    0.002234] update your kernel commandline.
[    0.002277] Calibrating delay loop... 996.14 BogoMIPS (lpj=4980736)
[    0.090557] CPU: Testing write buffer coherency: ok
[    0.090657] CPU0: Spectre v2: using BPIALL workaround
[    0.090669] pid_max: default: 32768 minimum: 301
[    0.090795] LSM: initializing lsm=capability
[    0.090974] Mount-cache hash table entries: 1024 (order: 0, 4096 bytes, linear)
[    0.090996] Mountpoint-cache hash table entries: 1024 (order: 0, 4096 bytes, linear)
[    0.092654] CPU0: thread -1, cpu 0, socket -1, mpidr 0
[    0.150961] Setting up static identity map for 0x80100000 - 0x80100078
[    0.160724] rcu: Hierarchical SRCU implementation.
[    0.160735] rcu: 	Max phase no-delay instances is 1000.
[    0.180769] smp: Bringing up secondary CPUs ...
[    0.180823] smp: Brought up 1 node, 1 CPU
[    0.180838] SMP: Total of 1 processors activated (996.14 BogoMIPS).
[    0.180850] CPU: All CPU(s) started in SVC mode.
[    0.181045] Memory: 480860K/522240K available (11264K kernel code, 1212K rwdata, 2884K rodata, 1024K init, 300K bss, 23368K reserved, 16384K cma-reserved, 0K highmem)
[    0.181923] devtmpfs: initialized
[    0.198740] VFP support v0.3: implementor 41 architecture 3 part 30 variant c rev 3
[    0.199092] clocksource: jiffies: mask: 0xffffffff max_cycles: 0xffffffff, max_idle_ns: 19112604462750000 ns
[    0.199125] futex hash table entries: 256 (order: 2, 16384 bytes, linear)
[    0.200441] pinctrl core: initialized pinctrl subsystem
[    0.203521] NET: Registered PF_NETLINK/PF_ROUTE protocol family
[    0.206338] DMA: preallocated 256 KiB pool for atomic coherent allocations
[    0.207237] audit: initializing netlink subsys (disabled)
[    0.208689] thermal_sys: Registered thermal governor 'fair_share'
[    0.208704] thermal_sys: Registered thermal governor 'step_wise'
[    0.208714] thermal_sys: Registered thermal governor 'user_space'
[    0.208875] audit: type=2000 audit(0.200:1): state=initialized audit_enabled=0 res=1
[    0.208912] cpuidle: using governor menu
[    0.228141] No ATAGs?
[    0.228166] hw-breakpoint: debug architecture 0x4 unsupported.
[    0.231032] kprobes: kprobe jump-optimization is enabled. All kprobes are optimized if possible.
[    0.244082] iommu: Default domain type: Translated
[    0.244107] iommu: DMA domain TLB invalidation policy: strict mode
[    0.251678] SCSI subsystem initialized
[    0.252554] pps_core: LinuxPPS API ver. 1 registered
[    0.252565] pps_core: Software ver. 5.3.6 - Copyright 2005-2007 Rodolfo Giometti <giometti@linux.it>
[    0.252589] PTP clock support registered
[    0.260804] vgaarb: loaded
[    0.261225] clocksource: Switched to clocksource dmtimer
[    0.261895] VFS: Disk quotas dquot_6.6.0
[    0.261941] VFS: Dquot-cache hash table entries: 1024 (order 0, 4096 bytes)
[    0.287197] NET: Registered PF_INET protocol family
[    0.287552] IP idents hash table entries: 8192 (order: 4, 65536 bytes, linear)
[    0.288953] tcp_listen_portaddr_hash hash table entries: 512 (order: 0, 4096 bytes, linear)
[    0.288991] Table-perturb hash table entries: 65536 (order: 6, 262144 bytes, linear)
[    0.289008] TCP established hash table entries: 4096 (order: 2, 16384 bytes, linear)
[    0.289051] TCP bind hash table entries: 4096 (order: 4, 65536 bytes, linear)
[    0.289151] TCP: Hash tables configured (established 4096 bind 4096)
[    0.289270] UDP hash table entries: 256 (order: 1, 8192 bytes, linear)
[    0.289301] UDP-Lite hash table entries: 256 (order: 1, 8192 bytes, linear)
[    0.289471] NET: Registered PF_UNIX/PF_LOCAL protocol family
[    0.291987] RPC: Registered named UNIX socket transport module.
[    0.292010] RPC: Registered udp transport module.
[    0.292016] RPC: Registered tcp transport module.
[    0.292021] RPC: Registered tcp-with-tls transport module.
[    0.292027] RPC: Registered tcp NFSv4.1 backchannel transport module.
[    0.292051] PCI: CLS 0 bytes, default 64
[    0.293527] Initialise system trusted keyrings
[    0.302166] workingset: timestamp_bits=14 max_order=17 bucket_order=3
[    0.303515] NFS: Registering the id_resolver key type
[    0.303602] Key type id_resolver registered
[    0.303610] Key type id_legacy registered
[    0.303663] jffs2: version 2.2. (NAND) (SUMMARY)  Â© 2001-2006 Red Hat, Inc.
[    0.304070] Key type asymmetric registered
[    0.304088] Asymmetric key parser 'x509' registered
[    0.304157] io scheduler mq-deadline registered
[    0.304167] io scheduler kyber registered
[    0.304237] io scheduler bfq registered
[    0.305881] ledtrig-cpu: registered to indicate activity on CPUs
[    0.311862] Serial: 8250/16550 driver, 6 ports, IRQ sharing enabled
[    0.374765] brd: module loaded
[    0.383789] loop: module loaded
[    0.384721] mtdoops: mtd device (mtddev=name/number) must be supplied
[    0.387887] i2c_dev: i2c /dev entries driver
[    0.388876] cpuidle: enable-method property 'ti,am3352' found operations
[    0.389313] sdhci: Secure Digital Host Controller Interface driver
[    0.389325] sdhci: Copyright(c) Pierre Ossman
[    0.389505] sdhci-pltfm: SDHCI platform and OF driver helper
[    0.390531] Initializing XFRM netlink socket
[    0.390683] NET: Registered PF_INET6 protocol family
[    0.392908] Segment Routing with IPv6
[    0.393000] In-situ OAM (IOAM) with IPv6
[    0.393100] sit: IPv6, IPv4 and MPLS over IPv4 tunneling driver
[    0.394057] NET: Registered PF_PACKET protocol family
[    0.394096] NET: Registered PF_KEY protocol family
[    0.394225] Key type dns_resolver registered
[    0.394502] ThumbEE CPU extension supported.
[    0.394524] Registering SWP/SWPB emulation handler
[    0.395053] omap_voltage_late_init: Voltage driver support not added
[    0.395402] SmartReflex Class3 initialized
[    0.422301] Loading compiled-in X.509 certificates
[    0.493179] platform 44e10800.pinmux: Fixed dependency cycle(s) with /ocp/interconnect@44c00000/segment@200000/target-module@10000/scm@0/pinmux@800/clkout2-pins
[    0.493745] pinctrl-single 44e10800.pinmux: 142 pins, size 568
[    0.499026] ti-sysc 44e31000.target-module: probe with driver ti-sysc failed with error -16
[    0.532993] ti-sysc 48040000.target-module: probe with driver ti-sysc failed with error -16
[    0.596240] OMAP GPIO hardware version 0.1
[    0.624264] omap_i2c 4819c000.i2c: bus 2 rev0.11 at 100 kHz
[    0.663128] 48000000.interconnect:segment@200000:target-module@0:mpu@0:fck: device ID is greater than 24
[    0.667272] platform 4830e000.lcdc: Fixed dependency cycle(s) with /ocp/interconnect@44c00000/segment@200000/target-module@b000/i2c@0/tda19988@70
[    0.678391] sdhci-omap 481d8000.mmc: supply pbias not found, using dummy regulator
[    0.678903] sdhci-omap 481d8000.mmc: supply vqmmc not found, using dummy regulator
[    0.734947] davinci_mdio 4a101000.mdio: davinci mdio revision 1.6, bus freq 1000000
[    0.849603] davinci_mdio 4a101000.mdio: phy[0]: device 4a101000.mdio:00, driver SMSC LAN8710/LAN8720
[    0.850421] cpsw-switch 4a100000.switch: initialized cpsw ale version 1.4
[    0.850444] cpsw-switch 4a100000.switch: ALE Table size 1024, Policers 0
[    0.875873] cpsw-switch 4a100000.switch: cpts: overflow check period 500 (jiffies)
[    0.875897] cpsw-switch 4a100000.switch: CPTS: ref_clk_freq:250000000 calc_mult:2147483648 calc_shift:29 error:0 nsec/sec
[    0.876004] cpsw-switch 4a100000.switch: Detected MACID = 6c:ec:eb:68:de:78
[    0.877856] cpsw-switch 4a100000.switch: initialized (regs 0x4a100000, pool size 256) hw_ver:0019010C 1.12 (0)
[    0.888887] debugfs: Directory '49000000.dma' with parent 'dmaengine' already present!
[    0.888928] edma 49000000.dma: TI EDMA DMA engine driver
[    0.920924] target-module@4b000000:target-module@140000:pmu@0:fck: device ID is greater than 24
[    0.934212] hw perfevents: enabled with armv7_cortex_a8 PMU driver, 5 (8000000f) counters available
[    0.942427] l3-aon-clkctrl:0000:0: failed to disable
[    0.945537] 44e09000.serial: ttyS0 at MMIO 0x44e09000 (irq = 34, base_baud = 3000000) is a 8250
[    0.945628] printk: legacy console [ttyS0] enabled
[    2.272255] tps65217-pmic: Failed to locate of_node [id: -1]
[    2.278333] tps65217-bl: Failed to locate of_node [id: -1]
[    2.289743] tps65217 0-0024: TPS65217 ID 0xe version 1.2
[    2.295914] platform 4830e000.lcdc: Fixed dependency cycle(s) with /ocp/interconnect@44c00000/segment@200000/target-module@b000/i2c@0/tda19988@70
[    2.309329] i2c 0-0070: Fixed dependency cycle(s) with /ocp/interconnect@48000000/segment@300000/target-module@e000/lcdc@0
[    2.320745] omap_i2c 44e0b000.i2c: bus 0 rev0.11 at 400 kHz
[    2.328566] omap_gpio 44e07000.gpio: Could not set line 6 debounce to 200000 microseconds (-22)
[    2.337449] sdhci-omap 48060000.mmc: Got CD GPIO
[    2.342493] sdhci-omap 48060000.mmc: supply pbias not found, using dummy regulator
[    2.352851] sdhci-omap 48060000.mmc: supply vqmmc not found, using dummy regulator
[    2.361941] sdhci-omap 481d8000.mmc: supply pbias not found, using dummy regulator
[    2.369933] sdhci-omap 481d8000.mmc: supply vqmmc not found, using dummy regulator
 [    2.408745] mmc1: SDHCI controller on 481d8000.mmc [481d800 0.mmc] using External DMA
[    2.417981] mmc0: SDHCI controll er on 48060000.mmc [48060000.mmc] using External DMA
[    2.4 26840] cpsw-switch 4a100000.switch: starting ndev. mode: dual_ mac
[  
[    5.681996] cpsw-switch 4a100000.switch eth0: Link is Up - 100Mbps/Full - flow control off
[    5.711258] IP-Config: Complete:
[    5.714543]      device=eth0, hwaddr=6c:ec:eb:68:de:78, ipaddr=192.168.255.1, mask=255.255.255.0, gw=255.255.255.255
[    5.725193]      host=bbb1, domain=, nis-domain=(none)
[    5.730363]      bootserver=192.168.255.126, rootserver=192.168.255.126, rootpath=
[    5.730801] clk: Disabling unused clocks
[    5.742637] PM: genpd: Disabling unused power domains
[    5.747755] KTAP version 1
[    5.750477] 1..0
[    5.780113] VFS: Mounted root (nfs filesystem) on device 0:17.
[    5.787197] devtmpfs: mounted
[    5.792092] Freeing unused kernel image (initmem) memory: 1024K
[    5.798771] Run /sbin/init as init process
[    6.520417] systemd[1]: System time before build time, advancing clock.
[    8.031252] random: crng init done
[    8.073884] systemd[1]: systemd 232 running in system mode. (+PAM +AUDIT +SELINUX +IMA +APPARMOR +SMACK +SYSVINIT +UTMP +LIBCRYPTSETUP +GCRYPT +GNUTLS +ACL +XZ +LZ4 +SECCOMP +BLKID +ELFUTILS +KMOD +IDN)
[    8.093130] systemd[1]: Detected architecture arm.

Welcome to [1mDebian GNU/Linux 9 (stretch)[0m!

[    8.124692] systemd[1]: Set hostname to <arm>.
[    9.249917] systemd[1]: Listening on Journal Socket (/dev/log).
[[0;32m  OK  [0m] Listening on Journal Socket (/dev/log).
[    9.271644] systemd[1]: Reached target Remote File Systems.
[[0;32m  OK  [0m] Reached target Remote File Systems.
[    9.302873] systemd[1]: Created slice User and Session Slice.
[[0;32m  OK  [0m] Created slice User and Session Slice.
[    9.333005] systemd[1]: Set up automount Arbitrary Executable File Formats File System Automount Point.
[[0;32m  OK  [0m] Set up automount Arbitrary Executabâ€¦rmats File System Automount Point.
[    9.362322] systemd[1]: Listening on Journal Audit Socket.
[[0;32m  OK  [0m] Listening on Journal Audit Socket.
[    9.393350] systemd[1]: Listening on udev Control Socket.
[[0;32m  OK  [0m] Listening on udev Control Socket.
[    9.421655] systemd[1]: Reached target Swap.
[[0;32m  OK  [0m] Reached target Swap.
[[0;32m  OK  [0m] Listening on /dev/initctl Compatibility Named Pipe.
[[0;32m  OK  [0m] Listening on udev Kernel Socket.
[[0;32m  OK  [0m] Created slice System Slice.
[[0;32m  OK  [0m] Reached target Slices.
         Mounting POSIX Message Queue File System...
         Mounting Debug File System...
[[0;32m  OK  [0m] Created slice system-getty.slice.
[[0;32m  OK  [0m] Started Forward Password Requests to Wall Directory Watch.
[[0;32m  OK  [0m] Listening on Journal Socket.
         Starting Load Kernel Modules...
         Starting Remount Root and Kernel File Systems...
         Starting Create list of required stâ€¦ce nodes for the current kernel...
[[0;32m  OK  [0m] Started Dispatch Password Requests to Console Directory Watch.
[[0;32m  OK  [0m] Reached target Paths.
[[0;32m  OK  [0m] Reached target Encrypted Volumes.
[[0;32m  OK  [0m] Listening on Syslog Socket.
         Starting Journal Service...
[[0;32m  OK  [0m] Created slice system-serial\x2dgetty.slice.
[[0;32m  OK  [0m] Mounted POSIX Message Queue File System.
[[0;32m  OK  [0m] Mounted Debug File System.
[[0;32m  OK  [0m] Started Load Kernel Modules.
[[0;32m  OK  [0m] Started Remount Root and Kernel File Systems.
[[0;32m  OK  [0m] Started Create list of required staâ€¦vice nodes for the current kernel.
         Starting Create Static Device Nodes in /dev...
         Starting Load/Save Random Seed...
         Starting udev Coldplug all Devices...
         Starting Apply Kernel Variables...
         Mounting Configuration File System...
[[0;32m  OK  [0m] Started Load/Save Random Seed.
[[0;32m  OK  [0m] Mounted Configuration File System.
[[0;32m  OK  [0m] Started Apply Kernel Variables.
[[0;32m  OK  [0m] Started Create Static Device Nodes in /dev.
         Starting udev Kernel Device Manager...
[[0;32m  OK  [0m] Reached target Local File Systems (Pre).
[[0;32m  OK  [0m] Reached target Local File Systems.
         Starting Raise network interfaces...
[[0;32m  OK  [0m] Started Journal Service.
         Starting Flush Journal to Persistent Storage...
[   11.698280] systemd-journald[92]: Received request to flush runtime journal from PID 1
[[0;32m  OK  [0m] Started Flush Journal to Persistent Storage.
         Starting Create Volatile Files and Directories...
[[0;32m  OK  [0m] Started udev Kernel Device Manager.
[[0;32m  OK  [0m] Started Create Volatile Files and Directories.
         Starting Network Time Synchronization...
         Starting Update UTMP about System Boot/Shutdown...
[[0;32m  OK  [0m] Started Update UTMP about System Boot/Shutdown.
[[0;32m  OK  [0m] Started udev Coldplug all Devices.
[   14.716831] remoteproc remoteproc0: wkup_m3 is available
[[0;32m  OK  [0m] Started Network Time Synchronization.
[[0;32m  OK  [0m] Reached target System Time Synchronized.
[[0;32m  OK  [0m] Reached target System Initialization.
[[0;32m  OK  [0m] Listening on D-Bus System Message Bus Socket.
[[0;32m  OK  [0m] Started Daily Cleanup of Temporary Directories.
[   15.066058] at24 2-0054: supply vcc not found, using dummy regulator
[[0;32m  OK  [0m] Listening on Avahi mDNS/DNS-SD Stack Activat[   15.095507] omap_rtc 44e3e000.rtc: registered as rtc0
ion Socket.
[   15.101175] omap_rtc 44e3e000.rtc: setting system clock to 2000-01-01T00:00:00 UTC (946684800)
[[0;32m  OK  [0m] Reached target Sockets.
[[0;32m  OK  [0m] Reached target Basic System.
[   15.203319] at24 2-0055: supply vcc not found, using dummy regulator
[   15.267421] am335x-phy-driver 47401300.usb-phy: dummy supplies not allowed for exclusive requests (id=vbus)
         Starting LSB: Load kernel modules needed to enable cpufreq scaling...
[   15.362127] at24 2-0056: supply vcc not found, using dummy regulator
[   15.462221] at24 2-0057: supply vcc not found, using dummy regulator
[   15.470859] am335x-phy-driver 47401b00.usb-phy: dummy supplies not allowed for exclusive requests (id=vbus)
[[0;32m  OK  [0m] Started Regular background program processing daemon.
[   15.632422] at24 0-0050: 32768 byte 24c256 EEPROM, writable, 1 bytes/write
         Starting DUN service...[   15.794776] tps6521x_pwrbutton tps65217-pwrbutton: DMA mask not set

[   15.906750] input: tps65217_pwrbutton as /devices/platform/ocp/44c00000.interconnect/44c00000.interconnect:segment@200000/44e0b000.target-module/44e0b000.i2c/i2c-0/0-0024/tps65217-pwrbutton/input/input0
         Starting Avahi mDNS/DNS-SD Stack...
         Starting Telephony service...
[   16.179780] wkup_m3_ipc 44e11324.wkup_m3_ipc: IPC Request for A8->M3 Channel failed! -517
[[0;32m  OK  [0m] Started D-Bus System Message Bus.
[   16.433355] omap_wdt: OMAP Watchdog Timer Rev 0x01: initial timeout 60 sec
[   16.444615] wkup_m3_ipc 44e11324.wkup_m3_ipc: IPC Request for A8->M3 Channel failed! -517
[   16.950916] usbcore: registered new interface driver usbfs
[   16.956822] usbcore: registered new interface driver hub
[   16.962377] usbcore: registered new device driver usb
[   17.086444] tda998x 0-0070: found TDA19988
[   17.233861] wkup_m3_ipc 44e11324.wkup_m3_ipc: IPC Request for A8->M3 Channel failed! -517
[   17.577267] omap-mailbox 480c8000.mailbox: omap mailbox rev 0x400
[   17.641383] remoteproc remoteproc0: powering up wkup_m3
[   17.862177] musb-hdrc musb-hdrc.1: MUSB HDRC host driver
[   17.867598] musb-hdrc musb-hdrc.1: new USB bus registered, assigned bus number 1
[   17.889301] remoteproc remoteproc0: Direct firmware load for am335x-pm-firmware.elf failed with error -2
[   17.899109] remoteproc remoteproc0: request_firmware failed: -2
[   17.905201] wkup_m3_ipc 44e11324.wkup_m3_ipc: rproc_boot failed
[   18.180352] usb usb1: New USB device found, idVendor=1d6b, idProduct=0002, bcdDevice= 6.12
[   18.189915] usb usb1: New USB device strings: Mfr=3, Product=2, SerialNumber=1
[   18.197364] usb usb1: Product: MUSB HDRC host driver
[   18.202413] usb usb1: Manufacturer: Linux 6.12.0-rc3-next-20241015 musb-hcd
[   18.209415] usb usb1: SerialNumber: musb-hdrc.1
[   18.572006] hub 1-0:1.0: USB hub found
[   18.617900] hub 1-0:1.0: 1 port detected
[   19.472677] omap_rng 48310000.rng: Random Number Generator ver. 20
[   19.616483] tilcdc 4830e000.lcdc: bound 0-0070 (ops tda998x_driver_exit [tda998x])
[   19.714472] [drm] Initialized tilcdc 1.0.0 for 4830e000.lcdc on minor 0
[   19.783983] tilcdc 4830e000.lcdc: [drm] Cannot find any crtc or sizes
[   19.792608] tilcdc 4830e000.lcdc: [drm] Cannot find any crtc or sizes
[[0;32m  OK  [0m] Started Telephony service.
[[0;32m  OK  [0m] Started DUN service.
[[0;32m  OK  [0m] Started Avahi mDNS/DNS-SD Stack.
         Starting Connection service...
         Starting System Logging Service...
         Starting Generic Board Startup...
[   20.844069] PM: Cannot get wkup_m3_ipc handle
         Starting Login Service...
         Starting LSB: Start busybox udhcpd at boot time...
[   21.078312] omap-sham 53100000.sham: hw accel on OMAP rev 4.3
         Starting Cape Manager Service...
[   21.205497] omap-sham 53100000.sham: will run requests pump with realtime priority
[   21.214756] PM: Cannot get wkup_m3_ipc handle
[[0;32m  OK  [0m] Started Daily apt download activities.
[[0;32m  OK  [0m] Started Daily apt upgrade and clean activities.
[   21.374537] omap-aes 53500000.aes: OMAP AES hw accel rev: 3.2
[[0;32m  OK  [0m] Reached target Timers.
[   21.547008] omap-aes 53500000.aes: will run requests pump with realtime priority
[   21.566675] PM: Cannot get wkup_m3_ipc handle
[   22.334445] Bluetooth: Core ver 2.22
[   22.338286] NET: Registered PF_BLUETOOTH protocol family
[   22.343968] Bluetooth: HCI device and connection manager initialized
[   22.350394] Bluetooth: HCI socket layer initialized
[   22.355464] Bluetooth: L2CAP socket layer initialized
[   22.360596] Bluetooth: SCO socket layer initialized
[[0;32m  OK  [0m] Found device /dev/ttyS0.
[[0;32m  OK  [0m] Started System Logging Service.
[[0;32m  OK  [0m] Started Cape Manager Service.
[   24.725570] PM: Cannot get wkup_m3_ipc handle
[   24.886185] PM: Cannot get wkup_m3_ipc handle
[[0;32m  OK  [0m] Started LSB: Start busybox udhcpd at boot time.
[[0;32m  OK  [0m] Started LSB: Load kernel modules needed to enable cpufreq scaling.
[[0;32m  OK  [0m] Started Raise network interfaces.
[   28.948680] configfs-gadget.g_multi gadget.0: HOST MAC 1c:ba:8c:a2:ed:6c
[   28.955916] configfs-gadget.g_multi gadget.0: MAC 1c:ba:8c:a2:ed:70
[   28.963423] configfs-gadget.g_multi gadget.0: HOST MAC 1c:ba:8c:a2:ed:6c
[   28.970189] configfs-gadget.g_multi gadget.0: MAC 1c:ba:8c:a2:ed:6d
[   28.977859] PM: Cannot get wkup_m3_ipc handle
[[0;32m  OK  [0m] Started Connection service.
[[0;32m  OK  [0m] Reached target Sound Card.
[[0;32m  OK  [0m] Reached target Network.
[[0;32m  OK  [0m] Reached target Network is Online.
         Starting LSB: Advanced IEEE 802.11 management daemon...
         Starting OpenBSD Secure Shell server...
         Starting Permit User Sessions...
         Starting The Apache HTTP Server...
         Starting LSB: set CPUFreq kernel parameters...
[[0;32m  OK  [0m] Started LSB: Advanced IEEE 802.11 management daemon.
[[0;32m  OK  [0m] Started Permit User Sessions.
[[0;32m  OK  [0m] Started Login Service.
         Starting Hostname Service...
         Starting WPA supplicant...
[[0;32m  OK  [0m] Started Serial Getty on ttyS0.
[[0;32m  OK  [0m] Started Getty on tty1.
[[0;32m  OK  [0m] Reached target Login Prompts.
[[0;32m  OK  [0m] Started LSB: set CPUFreq kernel parameters.
[[0;32m  OK  [0m] Started Hostname Service.
[[0;32m  OK  [0m] Started WPA supplicant.
[[0;32m  OK  [0m] Started OpenBSD Secure Shell server.
         Stopping LSB: Start busybox udhcpd at boot time...
[[0;32m  OK  [0m] Stopped LSB: Start busybox udhcpd at boot time.
[[0;32m  OK  [0m] Started The Apache HTTP Server.
         Starting dnsmasq - A lightweight DHCP and caching DNS server...
[[0;32m  OK  [0m] Started dnsmasq - A lightweight DHCP and caching DNS server.
[[0;32m  OK  [0m] Reached target Host and Network Name Lookups.
[[0;32m  OK  [0m] Started Serial Getty on ttyGS0.
[[0;32m  OK  [0m] Started Generic Board Startup.
[[0;32m  OK  [0m] Reached target Multi-User System.
[[0;32m  OK  [0m] Reached target Graphical Interface.
         Starting Update UTMP about System Runlevel Changes...
[[0;32m  OK  [0m] Started Update UTMP about System Runlevel Changes.

Debian GNU/Linux 9 arm ttyS0

default username:password is [debian:temppwd]

arm login: root
Password: 
Last login: Sat Jan  1 00:00:34 UTC 2000 on ttyS0
root
Linux arm 6.12.0-rc3-next-20241015 #115 SMP Tue Oct 15 09:35:47 EEST 2024 armv7l

The programs included with the Debian GNU/Linux system are free software;
the exact distribution terms for each program are described in the
individual files in /usr/share/doc/*/copyright.

Debian GNU/Linux comes with ABSOLUTELY NO WARRANTY, to the extent
permitted by applicable law.
root@arm:~# root
-bash: root: command not found
root@arm:~# dmesg -n 1
root@arm:~# echo 'GEXL''CZSUPO'
GEXLCZSUPO
root@arm:~# run() { echo -n "$MARKER"; sh -c "$@"; echo "$MARKER $?"; }
root@arm:~# echo 'CEFA''SAHPHG'
CEFASAHPHG
root@arm:~# MARKER='ZLWB''FXHPFL' run 'cat /proc/version'
ZLWBFXHPFLLinux version 6.12.0-rc3-next-20241015 (user01@drvtest01) (arm-linux-gnueabihf-gcc (Linaro GCC 6.4-2017.11) 6.4.1 20171012, GNU ld (Linaro_Binutils-2017.11) 2.27.0.20161229) #115 SMP Tue Oct 15 09:35:47 EEST 2024
ZLWBFXHPFL 0
root@arm:~# echo 'SKHO''CQFSAN'
SKHOCQFSAN
root@arm:~# MARKER='JYLA''TGTXFA' run false
JYLATGTXFAJYLATGTXFA 1
root@arm:~# Labgrid Console Logfile for main
Logfile started at 2024-10-15 09:37:37.225706
=== Log starts here ===

root@arm:~# run() { echo -n "$MARKER"; sh -c "$@"; echo "$MARKER $?"; }
root@arm:~# echo 'UTPL''GMJUYH'
UTPLGMJUYH
root@arm:~# MARKER='YYGN''QZYZNM' run dmesg
YYGNQZYZNM[    0.000000] Booting Linux on physical CPU 0x0
[    0.000000] Linux version 6.12.0-rc3-next-20241015 (user01@drvtest01) (arm-linux-gnueabihf-gcc (Linaro GCC 6.4-2017.11) 6.4.1 20171012, GNU ld (Linaro_Binutils-2017.11) 2.27.0.20161229) #115 SMP Tue Oct 15 09:35:47 EEST 2024
[    0.000000] CPU: ARMv7 Processor [413fc082] revision 2 (ARMv7), cr=10c5387d
[    0.000000] CPU: PIPT / VIPT nonaliasing data cache, VIPT aliasing instruction cache
[    0.000000] OF: fdt: Machine model: TI AM335x BeagleBone Black
[    0.000000] Memory policy: Data cache writeback
[    0.000000] cma: Reserved 16 MiB at 0x9e800000 on node -1
[    0.000000] Zone ranges:
[    0.000000]   Normal   [mem 0x0000000080000000-0x000000009fdfffff]
[    0.000000]   HighMem  empty
[    0.000000] Movable zone start for each node
[    0.000000] Early memory node ranges
[    0.000000]   node   0: [mem 0x0000000080000000-0x000000009fdfffff]
[    0.000000] Initmem setup node 0 [mem 0x0000000080000000-0x000000009fdfffff]
[    0.000000] CPU: All CPU(s) started in SVC mode.
[    0.000000] AM335X ES2.1 (sgx neon)
[    0.000000] percpu: Embedded 17 pages/cpu s39756 r8192 d21684 u69632
[    0.000000] pcpu-alloc: s39756 r8192 d21684 u69632 alloc=17*4096
[    0.000000] pcpu-alloc: [0] 0 
[    0.000000] Kernel command line: console=ttyO0,115200n8 root=/dev/nfs rw nfsroot=192.168.255.126:/home/user01/nfs,nfsvers=3 ip=192.168.255.1:192.168.255.126::255.255.255.0:bbb1:eth0 nfsrootdebug
[    0.000000] Unknown kernel command line parameters "nfsrootdebug", will be passed to user space.
[    0.000000] Dentry cache hash table entries: 65536 (order: 6, 262144 bytes, linear)
[    0.000000] Inode-cache hash table entries: 32768 (order: 5, 131072 bytes, linear)
[    0.000000] Built 1 zonelists, mobility grouping on.  Total pages: 130560
[    0.000000] mem auto-init: stack:off, heap alloc:off, heap free:off
[    0.000000] SLUB: HWalign=64, Order=0-3, MinObjects=0, CPUs=1, Nodes=1
[    0.000000] trace event string verifier disabled
[    0.000000] rcu: Hierarchical RCU implementation.
[    0.000000] rcu: 	RCU event tracing is enabled.
[    0.000000] rcu: 	RCU restricting CPUs from NR_CPUS=2 to nr_cpu_ids=1.
[    0.000000] 	Tracing variant of Tasks RCU enabled.
[    0.000000] rcu: RCU calculated value of scheduler-enlistment delay is 10 jiffies.
[    0.000000] rcu: Adjusting geometry for rcu_fanout_leaf=16, nr_cpu_ids=1
[    0.000000] RCU Tasks Trace: Setting shift to 0 and lim to 1 rcu_task_cb_adjust=1 rcu_task_cpu_ids=1.
[    0.000000] NR_IRQS: 16, nr_irqs: 16, preallocated irqs: 16
[    0.000000] IRQ: Found an INTC at 0x(ptrval) (revision 5.0) with 128 interrupts
[    0.000000] rcu: srcu_init: Setting srcu_struct sizes based on contention.
[    0.000000] TI gptimer clocksource: always-on /ocp/interconnect@44c00000/segment@200000/target-module@31000
[    0.000002] sched_clock: 32 bits at 24MHz, resolution 41ns, wraps every 89478484971ns
[    0.000025] clocksource: dmtimer: mask: 0xffffffff max_cycles: 0xffffffff, max_idle_ns: 79635851949 ns
[    0.000503] TI gptimer clockevent: 24000000 Hz at /ocp/interconnect@48000000/segment@0/target-module@40000
[    0.002155] Console: colour dummy device 80x30
[    0.002221] WARNING: Your 'console=ttyO0' has been replaced by 'ttyS0'
[    0.002229] This ensures that you still see kernel messages. Please
[    0.002234] update your kernel commandline.
[    0.002277] Calibrating delay loop... 996.14 BogoMIPS (lpj=4980736)
[    0.090557] CPU: Testing write buffer coherency: ok
[    0.090657] CPU0: Spectre v2: using BPIALL workaround
[    0.090669] pid_max: default: 32768 minimum: 301
[    0.090795] LSM: initializing lsm=capability
[    0.090974] Mount-cache hash table entries: 1024 (order: 0, 4096 bytes, linear)
[    0.090996] Mountpoint-cache hash table entries: 1024 (order: 0, 4096 bytes, linear)
[    0.092654] CPU0: thread -1, cpu 0, socket -1, mpidr 0
[    0.150961] Setting up static identity map for 0x80100000 - 0x80100078
[    0.160724] rcu: Hierarchical SRCU implementation.
[    0.160735] rcu: 	Max phase no-delay instances is 1000.
[    0.180769] smp: Bringing up secondary CPUs ...
[    0.180823] smp: Brought up 1 node, 1 CPU
[    0.180838] SMP: Total of 1 processors activated (996.14 BogoMIPS).
[    0.180850] CPU: All CPU(s) started in SVC mode.
[    0.181045] Memory: 480860K/522240K available (11264K kernel code, 1212K rwdata, 2884K rodata, 1024K init, 300K bss, 23368K reserved, 16384K cma-reserved, 0K highmem)
[    0.181923] devtmpfs: initialized
[    0.198740] VFP support v0.3: implementor 41 architecture 3 part 30 variant c rev 3
[    0.199092] clocksource: jiffies: mask: 0xffffffff max_cycles: 0xffffffff, max_idle_ns: 19112604462750000 ns
[    0.199125] futex hash table entries: 256 (order: 2, 16384 bytes, linear)
[    0.200441] pinctrl core: initialized pinctrl subsystem
[    0.203521] NET: Registered PF_NETLINK/PF_ROUTE protocol family
[    0.206338] DMA: preallocated 256 KiB pool for atomic coherent allocations
[    0.207237] audit: initializing netlink subsys (disabled)
[    0.208689] thermal_sys: Registered thermal governor 'fair_share'
[    0.208704] thermal_sys: Registered thermal governor 'step_wise'
[    0.208714] thermal_sys: Registered thermal governor 'user_space'
[    0.208875] audit: type=2000 audit(0.200:1): state=initialized audit_enabled=0 res=1
[    0.208912] cpuidle: using governor menu
[    0.228141] No ATAGs?
[    0.228166] hw-breakpoint: debug architecture 0x4 unsupported.
[    0.231032] kprobes: kprobe jump-optimization is enabled. All kprobes are optimized if possible.
[    0.244082] iommu: Default domain type: Translated
[    0.244107] iommu: DMA domain TLB invalidation policy: strict mode
[    0.245802] reg-fixed-voltage fixedregulator0: using DT '/fixedregulator0' for '(default)' GPIO lookup
[    0.245859] of_get_named_gpiod_flags: can't parse 'gpios' property of node '/fixedregulator0[0]'
[    0.245889] of_get_named_gpiod_flags: can't parse 'gpio' property of node '/fixedregulator0[0]'
[    0.245907] reg-fixed-voltage fixedregulator0: using lookup tables for GPIO lookup
[    0.245917] reg-fixed-voltage fixedregulator0: No GPIO consumer (default) found
[    0.251678] SCSI subsystem initialized
[    0.252190] libata version 3.00 loaded.
[    0.252554] pps_core: LinuxPPS API ver. 1 registered
[    0.252565] pps_core: Software ver. 5.3.6 - Copyright 2005-2007 Rodolfo Giometti <giometti@linux.it>
[    0.252589] PTP clock support registered
[    0.260804] vgaarb: loaded
[    0.261225] clocksource: Switched to clocksource dmtimer
[    0.261895] VFS: Disk quotas dquot_6.6.0
[    0.261941] VFS: Dquot-cache hash table entries: 1024 (order 0, 4096 bytes)
[    0.287197] NET: Registered PF_INET protocol family
[    0.287552] IP idents hash table entries: 8192 (order: 4, 65536 bytes, linear)
[    0.288953] tcp_listen_portaddr_hash hash table entries: 512 (order: 0, 4096 bytes, linear)
[    0.288991] Table-perturb hash table entries: 65536 (order: 6, 262144 bytes, linear)
[    0.289008] TCP established hash table entries: 4096 (order: 2, 16384 bytes, linear)
[    0.289051] TCP bind hash table entries: 4096 (order: 4, 65536 bytes, linear)
[    0.289151] TCP: Hash tables configured (established 4096 bind 4096)
[    0.289270] UDP hash table entries: 256 (order: 1, 8192 bytes, linear)
[    0.289301] UDP-Lite hash table entries: 256 (order: 1, 8192 bytes, linear)
[    0.289471] NET: Registered PF_UNIX/PF_LOCAL protocol family
[    0.291987] RPC: Registered named UNIX socket transport module.
[    0.292010] RPC: Registered udp transport module.
[    0.292016] RPC: Registered tcp transport module.
[    0.292021] RPC: Registered tcp-with-tls transport module.
[    0.292027] RPC: Registered tcp NFSv4.1 backchannel transport module.
[    0.292051] PCI: CLS 0 bytes, default 64
[    0.293527] Initialise system trusted keyrings
[    0.302166] workingset: timestamp_bits=14 max_order=17 bucket_order=3
[    0.303515] NFS: Registering the id_resolver key type
[    0.303602] Key type id_resolver registered
[    0.303610] Key type id_legacy registered
[    0.303663] jffs2: version 2.2. (NAND) (SUMMARY)  Â© 2001-2006 Red Hat, Inc.
[    0.304070] Key type asymmetric registered
[    0.304088] Asymmetric key parser 'x509' registered
[    0.304157] io scheduler mq-deadline registered
[    0.304167] io scheduler kyber registered
[    0.304237] io scheduler bfq registered
[    0.305881] ledtrig-cpu: registered to indicate activity on CPUs
[    0.311862] Serial: 8250/16550 driver, 6 ports, IRQ sharing enabled
[    0.374765] brd: module loaded
[    0.383789] loop: module loaded
[    0.384721] mtdoops: mtd device (mtddev=name/number) must be supplied
[    0.386468] mdio_bus fixed-0: using lookup tables for GPIO lookup
[    0.386494] mdio_bus fixed-0: No GPIO consumer reset found
[    0.387887] i2c_dev: i2c /dev entries driver
[    0.388876] cpuidle: enable-method property 'ti,am3352' found operations
[    0.389313] sdhci: Secure Digital Host Controller Interface driver
[    0.389325] sdhci: Copyright(c) Pierre Ossman
[    0.389505] sdhci-pltfm: SDHCI platform and OF driver helper
[    0.390531] Initializing XFRM netlink socket
[    0.390683] NET: Registered PF_INET6 protocol family
[    0.392908] Segment Routing with IPv6
[    0.393000] In-situ OAM (IOAM) with IPv6
[    0.393100] sit: IPv6, IPv4 and MPLS over IPv4 tunneling driver
[    0.394057] NET: Registered PF_PACKET protocol family
[    0.394096] NET: Registered PF_KEY protocol family
[    0.394225] Key type dns_resolver registered
[    0.394502] ThumbEE CPU extension supported.
[    0.394524] Registering SWP/SWPB emulation handler
[    0.395053] omap_voltage_late_init: Voltage driver support not added
[    0.395402] SmartReflex Class3 initialized
[    0.422301] Loading compiled-in X.509 certificates
[    0.470610] gpiochip_find_base_unlocked: found new base at 512
[    0.493179] platform 44e10800.pinmux: Fixed dependency cycle(s) with /ocp/interconnect@44c00000/segment@200000/target-module@10000/scm@0/pinmux@800/clkout2-pins
[    0.493745] pinctrl-single 44e10800.pinmux: 142 pins, size 568
[    0.499026] ti-sysc 44e31000.target-module: probe with driver ti-sysc failed with error -16
[    0.532993] ti-sysc 48040000.target-module: probe with driver ti-sysc failed with error -16
[    0.544042] gpiochip_find_base_unlocked: found new base at 512
[    0.544148] gpio gpiochip0: (gpio-0-31): created GPIO range 0->7 ==> 44e10800.pinmux PIN 0->7
[    0.544168] gpio gpiochip0: (gpio-0-31): created GPIO range 8->11 ==> 44e10800.pinmux PIN 90->93
[    0.544183] gpio gpiochip0: (gpio-0-31): created GPIO range 12->27 ==> 44e10800.pinmux PIN 12->27
[    0.544198] gpio gpiochip0: (gpio-0-31): created GPIO range 28->31 ==> 44e10800.pinmux PIN 30->33
[    0.595983] gpio gpiochip0: (gpio-0-31): added GPIO chardev (254:0)
[    0.596154] gpio gpiochip0: registered GPIOs 512 to 543 on gpio-0-31
[    0.596240] OMAP GPIO hardware version 0.1
[    0.623224] i2c i2c-2: using DT '/ocp/interconnect@48000000/segment@100000/target-module@9c000/i2c@0' for 'scl' GPIO lookup
[    0.623299] of_get_named_gpiod_flags: can't parse 'scl-gpios' property of node '/ocp/interconnect@48000000/segment@100000/target-module@9c000/i2c@0[0]'
[    0.623343] of_get_named_gpiod_flags: can't parse 'scl-gpio' property of node '/ocp/interconnect@48000000/segment@100000/target-module@9c000/i2c@0[0]'
[    0.623380] i2c i2c-2: using lookup tables for GPIO lookup
[    0.623390] i2c i2c-2: No GPIO consumer scl found
[    0.623412] i2c i2c-2: using DT '/ocp/interconnect@48000000/segment@100000/target-module@9c000/i2c@0' for 'sda' GPIO lookup
[    0.623449] of_get_named_gpiod_flags: can't parse 'sda-gpios' property of node '/ocp/interconnect@48000000/segment@100000/target-module@9c000/i2c@0[0]'
[    0.623487] of_get_named_gpiod_flags: can't parse 'sda-gpio' property of node '/ocp/interconnect@48000000/segment@100000/target-module@9c000/i2c@0[0]'
[    0.623520] i2c i2c-2: using lookup tables for GPIO lookup
[    0.623529] i2c i2c-2: No GPIO consumer sda found
[    0.624264] omap_i2c 4819c000.i2c: bus 2 rev0.11 at 100 kHz
[    0.629589] gpiochip_find_base_unlocked: found new base at 544
[    0.629692] gpio gpiochip1: (gpio-32-63): created GPIO range 0->17 ==> 44e10800.pinmux PIN 34->51
[    0.629711] gpio gpiochip1: (gpio-32-63): created GPIO range 18->21 ==> 44e10800.pinmux PIN 77->80
[    0.629727] gpio gpiochip1: (gpio-32-63): created GPIO range 22->31 ==> 44e10800.pinmux PIN 56->65
[    0.654187] gpio gpiochip1: (gpio-32-63): added GPIO chardev (254:1)
[    0.654347] gpio gpiochip1: registered GPIOs 544 to 575 on gpio-32-63
[    0.656569] gpiochip_find_base_unlocked: found new base at 576
[    0.656664] gpio gpiochip2: (gpio-64-95): created GPIO range 0->4 ==> 44e10800.pinmux PIN 66->70
[    0.656683] gpio gpiochip2: (gpio-64-95): created GPIO range 5->6 ==> 44e10800.pinmux PIN 98->99
[    0.656698] gpio gpiochip2: (gpio-64-95): created GPIO range 7->8 ==> 44e10800.pinmux PIN 75->76
[    0.656713] gpio gpiochip2: (gpio-64-95): created GPIO range 13->13 ==> 44e10800.pinmux PIN 141->141
[    0.656730] gpio gpiochip2: (gpio-64-95): created GPIO range 14->21 ==> 44e10800.pinmux PIN 100->107
[    0.657369] gpio gpiochip2: (gpio-64-95): added GPIO chardev (254:2)
[    0.657518] gpio gpiochip2: registered GPIOs 576 to 607 on gpio-64-95
[    0.663128] 48000000.interconnect:segment@200000:target-module@0:mpu@0:fck: device ID is greater than 24
[    0.667272] platform 4830e000.lcdc: Fixed dependency cycle(s) with /ocp/interconnect@44c00000/segment@200000/target-module@b000/i2c@0/tda19988@70
[    0.676613] mdio_bus 4a101000.mdio: using DT '/ocp/interconnect@4a000000/segment@0/target-module@100000/switch@0/mdio@1000' for 'reset' GPIO lookup
[    0.676688] of_get_named_gpiod_flags: can't parse 'reset-gpios' property of node '/ocp/interconnect@4a000000/segment@0/target-module@100000/switch@0/mdio@1000[0]'
[    0.676738] of_get_named_gpiod_flags: can't parse 'reset-gpio' property of node '/ocp/interconnect@4a000000/segment@0/target-module@100000/switch@0/mdio@1000[0]'
[    0.676788] mdio_bus 4a101000.mdio: using lookup tables for GPIO lookup
[    0.676798] mdio_bus 4a101000.mdio: No GPIO consumer reset found
[    0.678032] sdhci-omap 481d8000.mmc: using DT '/ocp/interconnect@48000000/segment@100000/target-module@d8000/mmc@0' for 'wp' GPIO lookup
[    0.678099] of_get_named_gpiod_flags: can't parse 'wp-gpios' property of node '/ocp/interconnect@48000000/segment@100000/target-module@d8000/mmc@0[0]'
[    0.678145] of_get_named_gpiod_flags: can't parse 'wp-gpio' property of node '/ocp/interconnect@48000000/segment@100000/target-module@d8000/mmc@0[0]'
[    0.678181] sdhci-omap 481d8000.mmc: using lookup tables for GPIO lookup
[    0.678191] sdhci-omap 481d8000.mmc: No GPIO consumer wp found
[    0.678391] sdhci-omap 481d8000.mmc: supply pbias not found, using dummy regulator
[    0.678903] sdhci-omap 481d8000.mmc: supply vqmmc not found, using dummy regulator
[    0.734947] davinci_mdio 4a101000.mdio: davinci mdio revision 1.6, bus freq 1000000
[    0.752262] mdio_bus 4a101000.mdio:00: using DT '/ocp/interconnect@4a000000/segment@0/target-module@100000/switch@0/mdio@1000/ethernet-phy@0' for 'reset' GPIO lookup
[    0.752368] of_get_named_gpiod_flags: parsed 'reset-gpios' property of node '/ocp/interconnect@4a000000/segment@0/target-module@100000/switch@0/mdio@1000/ethernet-phy@0[0]' - status (0)
[    0.752533] gpio gpiochip0: Persistence not supported for GPIO 8
[    0.849603] davinci_mdio 4a101000.mdio: phy[0]: device 4a101000.mdio:00, driver SMSC LAN8710/LAN8720
[    0.850421] cpsw-switch 4a100000.switch: initialized cpsw ale version 1.4
[    0.850444] cpsw-switch 4a100000.switch: ALE Table size 1024, Policers 0
[    0.875873] cpsw-switch 4a100000.switch: cpts: overflow check period 500 (jiffies)
[    0.875897] cpsw-switch 4a100000.switch: CPTS: ref_clk_freq:250000000 calc_mult:2147483648 calc_shift:29 error:0 nsec/sec
[    0.876004] cpsw-switch 4a100000.switch: Detected MACID = 6c:ec:eb:68:de:78
[    0.877856] cpsw-switch 4a100000.switch: initialized (regs 0x4a100000, pool size 256) hw_ver:0019010C 1.12 (0)
[    0.888887] debugfs: Directory '49000000.dma' with parent 'dmaengine' already present!
[    0.888928] edma 49000000.dma: TI EDMA DMA engine driver
[    0.920924] target-module@4b000000:target-module@140000:pmu@0:fck: device ID is greater than 24
[    0.934212] hw perfevents: enabled with armv7_cortex_a8 PMU driver, 5 (8000000f) counters available
[    0.935111] gpio-clk clk_mcasp0: using DT '/clk_mcasp0' for 'enable' GPIO lookup
[    0.935179] of_get_named_gpiod_flags: parsed 'enable-gpios' property of node '/clk_mcasp0[0]' - status (0)
[    0.935224] gpio gpiochip0: Persistence not supported for GPIO 27
[    0.936023] gpiochip_find_base_unlocked: found new base at 608
[    0.936150] gpio gpiochip3: (gpio-96-127): created GPIO range 0->7 ==> 44e10800.pinmux PIN 82->89
[    0.936179] gpio gpiochip3: (gpio-96-127): created GPIO range 8->11 ==> 44e10800.pinmux PIN 52->55
[    0.936196] gpio gpiochip3: (gpio-96-127): created GPIO range 12->15 ==> 44e10800.pinmux PIN 94->97
[    0.936212] gpio gpiochip3: (gpio-96-127): created GPIO range 16->17 ==> 44e10800.pinmux PIN 71->72
[    0.936228] gpio gpiochip3: (gpio-96-127): created GPIO range 18->18 ==> 44e10800.pinmux PIN 135->135
[    0.936244] gpio gpiochip3: (gpio-96-127): created GPIO range 19->20 ==> 44e10800.pinmux PIN 108->109
[    0.936260] gpio gpiochip3: (gpio-96-127): created GPIO range 21->21 ==> 44e10800.pinmux PIN 73->73
[    0.936277] gpio gpiochip3: (gpio-96-127): created GPIO range 22->23 ==> 44e10800.pinmux PIN 8->9
[    0.936293] gpio gpiochip3: (gpio-96-127): created GPIO range 26->27 ==> 44e10800.pinmux PIN 10->11
[    0.936311] gpio gpiochip3: (gpio-96-127): created GPIO range 28->28 ==> 44e10800.pinmux PIN 74->74
[    0.936329] gpio gpiochip3: (gpio-96-127): created GPIO range 29->29 ==> 44e10800.pinmux PIN 81->81
[    0.936350] gpio gpiochip3: (gpio-96-127): created GPIO range 30->31 ==> 44e10800.pinmux PIN 28->29
[    0.942427] l3-aon-clkctrl:0000:0: failed to disable
[    0.942950] gpio gpiochip3: (gpio-96-127): added GPIO chardev (254:3)
[    0.943104] gpio gpiochip3: registered GPIOs 608 to 639 on gpio-96-127
[    0.944870] omap8250 44e09000.serial: using DT '/ocp/interconnect@44c00000/segment@200000/target-module@9000/serial@0' for 'rs485-term' GPIO lookup
[    0.944946] of_get_named_gpiod_flags: can't parse 'rs485-term-gpios' property of node '/ocp/interconnect@44c00000/segment@200000/target-module@9000/serial@0[0]'
[    0.944992] of_get_named_gpiod_flags: can't parse 'rs485-term-gpio' property of node '/ocp/interconnect@44c00000/segment@200000/target-module@9000/serial@0[0]'
[    0.945030] omap8250 44e09000.serial: using lookup tables for GPIO lookup
[    0.945041] omap8250 44e09000.serial: No GPIO consumer rs485-term found
[    0.945051] omap8250 44e09000.serial: using DT '/ocp/interconnect@44c00000/segment@200000/target-module@9000/serial@0' for 'rs485-rx-during-tx' GPIO lookup
[    0.945088] of_get_named_gpiod_flags: can't parse 'rs485-rx-during-tx-gpios' property of node '/ocp/interconnect@44c00000/segment@200000/target-module@9000/serial@0[0]'
[    0.945127] of_get_named_gpiod_flags: can't parse 'rs485-rx-during-tx-gpio' property of node '/ocp/interconnect@44c00000/segment@200000/target-module@9000/serial@0[0]'
[    0.945160] omap8250 44e09000.serial: using lookup tables for GPIO lookup
[    0.945168] omap8250 44e09000.serial: No GPIO consumer rs485-rx-during-tx found
[    0.945537] 44e09000.serial: ttyS0 at MMIO 0x44e09000 (irq = 34, base_baud = 3000000) is a 8250
[    0.945628] printk: legacy console [ttyS0] enabled
[    2.259314] i2c i2c-0: using DT '/ocp/interconnect@44c00000/segment@200000/target-module@b000/i2c@0' for 'scl' GPIO lookup
[    2.259407] of_get_named_gpiod_flags: can't parse 'scl-gpios' property of node '/ocp/interconnect@44c00000/segment@200000/target-module@b000/i2c@0[0]'
[    2.259455] of_get_named_gpiod_flags: can't parse 'scl-gpio' property of node '/ocp/interconnect@44c00000/segment@200000/target-module@b000/i2c@0[0]'
[    2.259498] i2c i2c-0: using lookup tables for GPIO lookup
[    2.259512] i2c i2c-0: No GPIO consumer scl found
[    2.259538] i2c i2c-0: using DT '/ocp/interconnect@44c00000/segment@200000/target-module@b000/i2c@0' for 'sda' GPIO lookup
[    2.259581] of_get_named_gpiod_flags: can't parse 'sda-gpios' property of node '/ocp/interconnect@44c00000/segment@200000/target-module@b000/i2c@0[0]'
[    2.259624] of_get_named_gpiod_flags: can't parse 'sda-gpio' property of node '/ocp/interconnect@44c00000/segment@200000/target-module@b000/i2c@0[0]'
[    2.259662] i2c i2c-0: using lookup tables for GPIO lookup
[    2.259673] i2c i2c-0: No GPIO consumer sda found
[    2.272255] tps65217-pmic: Failed to locate of_node [id: -1]
[    2.278333] tps65217-bl: Failed to locate of_node [id: -1]
[    2.289743] tps65217 0-0024: TPS65217 ID 0xe version 1.2
[    2.295914] platform 4830e000.lcdc: Fixed dependency cycle(s) with /ocp/interconnect@44c00000/segment@200000/target-module@b000/i2c@0/tda19988@70
[    2.309329] i2c 0-0070: Fixed dependency cycle(s) with /ocp/interconnect@48000000/segment@300000/target-module@e000/lcdc@0
[    2.320745] omap_i2c 44e0b000.i2c: bus 0 rev0.11 at 400 kHz
[    2.328358] sdhci-omap 48060000.mmc: using DT '/ocp/interconnect@48000000/segment@0/target-module@60000/mmc@0' for 'cd' GPIO lookup
[    2.328472] of_get_named_gpiod_flags: parsed 'cd-gpios' property of node '/ocp/interconnect@48000000/segment@0/target-module@60000/mmc@0[0]' - status (0)
[    2.328540] gpio gpiochip3: Persistence not supported for GPIO 6
[    2.328566] omap_gpio 44e07000.gpio: Could not set line 6 debounce to 200000 microseconds (-22)
[    2.337449] sdhci-omap 48060000.mmc: Got CD GPIO
[    2.342128] sdhci-omap 48060000.mmc: using DT '/ocp/interconnect@48000000/segment@0/target-module@60000/mmc@0' for 'wp' GPIO lookup
[    2.342179] of_get_named_gpiod_flags: can't parse 'wp-gpios' property of node '/ocp/interconnect@48000000/segment@0/target-module@60000/mmc@0[0]'
[    2.342225] of_get_named_gpiod_flags: can't parse 'wp-gpio' property of node '/ocp/interconnect@48000000/segment@0/target-module@60000/mmc@0[0]'
[    2.342266] sdhci-omap 48060000.mmc: using lookup tables for GPIO lookup
[    2.342281] sdhci-omap 48060000.mmc: No GPIO consumer wp found
[    2.342493] sdhci-omap 48060000.mmc: supply pbias not found, using dummy regulator
[    2.351278] sdhci-omap 481d8000.mmc: using DT '/ocp/interconnect@48000000/segment@100000/target-module@d8000/mmc@0' for 'wp' GPIO lookup
[    2.351382] of_get_named_gpiod_flags: can't parse 'wp-gpios' property of node '/ocp/interconnect@48000000/segment@100000/target-module@d8000/mmc@0[0]'
[    2.351434] of_get_named_gpiod_flags: can't parse 'wp-gpio' property of node '/ocp/interconnect@48000000/segment@100000/target-module@d8000/mmc@0[0]'
[    2.351477] sdhci-omap 481d8000.mmc: using lookup tables for GPIO lookup
[    2.351491] sdhci-omap 481d8000.mmc: No GPIO consumer wp found
[    2.352851] sdhci-omap 48060000.mmc: supply vqmmc not found, using dummy regulator
[    2.361941] sdhci-omap 481d8000.mmc: supply pbias not found, using dummy regulator
[    2.369933] sdhci-omap 481d8000.mmc: supply vqmmc not found, using dummy regulator
[    2.408745] mmc1: SDHCI controller on 481d8000.mmc [481d8000.mmc] using External DMA
[    2.417981] mmc0: SDHCI controller on 48060000.mmc [48060000.mmc] using External DMA
[    2.426840] cpsw-switch 4a100000.switch: starting ndev. mode: dual_mac
[    2.470427] mmc0: new high speed SDHC card at address 5048
[    2.477503] mmcblk0: mmc0:5048 SD16G 14.4 GiB
[    2.485636]  mmcblk0: p1 p2
[    2.489012] mmcblk0: p2 size 31221760 extends beyond EOD, truncated
[    2.502502] SMSC LAN8710/LAN8720 4a101000.mdio:00: attached PHY driver (mii_bus:phy_addr=4a101000.mdio:00, irq=POLL)
[    2.514744] mmc1: new high speed MMC card at address 0001
[    2.521616] mmcblk1: mmc1:0001 MMC04G 3.60 GiB
[    2.533824]  mmcblk1: p1 p2
[    2.538121] mmcblk1boot0: mmc1:0001 MMC04G 2.00 MiB
[    2.545504] mmcblk1boot1: mmc1:0001 MMC04G 2.00 MiB
[    2.553077] mmcblk1rpmb: mmc1:0001 MMC04G 128 KiB, chardev (250:0)
[    5.681996] cpsw-switch 4a100000.switch eth0: Link is Up - 100Mbps/Full - flow control off
[    5.711258] IP-Config: Complete:
[    5.714543]      device=eth0, hwaddr=6c:ec:eb:68:de:78, ipaddr=192.168.255.1, mask=255.255.255.0, gw=255.255.255.255
[    5.725193]      host=bbb1, domain=, nis-domain=(none)
[    5.730363]      bootserver=192.168.255.126, rootserver=192.168.255.126, rootpath=
[    5.730801] clk: Disabling unused clocks
[    5.742637] PM: genpd: Disabling unused power domains
[    5.747755] KTAP version 1
[    5.750477] 1..0
[    5.780113] VFS: Mounted root (nfs filesystem) on device 0:17.
[    5.787197] devtmpfs: mounted
[    5.792092] Freeing unused kernel image (initmem) memory: 1024K
[    5.798771] Run /sbin/init as init process
[    5.803025]   with arguments:
[    5.803042]     /sbin/init
[    5.803053]     nfsrootdebug
[    5.803062]   with environment:
[    5.803072]     HOME=/
[    5.803081]     TERM=linux
[    6.520417] systemd[1]: System time before build time, advancing clock.
[    8.031252] random: crng init done
[    8.073884] systemd[1]: systemd 232 running in system mode. (+PAM +AUDIT +SELINUX +IMA +APPARMOR +SMACK +SYSVINIT +UTMP +LIBCRYPTSETUP +GCRYPT +GNUTLS +ACL +XZ +LZ4 +SECCOMP +BLKID +ELFUTILS +KMOD +IDN)
[    8.093130] systemd[1]: Detected architecture arm.
[    8.124692] systemd[1]: Set hostname to <arm>.
[    9.249917] systemd[1]: Listening on Journal Socket (/dev/log).
[    9.271644] systemd[1]: Reached target Remote File Systems.
[    9.302873] systemd[1]: Created slice User and Session Slice.
[    9.333005] systemd[1]: Set up automount Arbitrary Executable File Formats File System Automount Point.
[    9.362322] systemd[1]: Listening on Journal Audit Socket.
[    9.393350] systemd[1]: Listening on udev Control Socket.
[    9.421655] systemd[1]: Reached target Swap.
[   11.698280] systemd-journald[92]: Received request to flush runtime journal from PID 1
[   14.320967] leds-gpio leds: using DT '/leds/led2' for '(default)' GPIO lookup
[   14.321074] of_get_named_gpiod_flags: parsed 'gpios' property of node '/leds/led2[0]' - status (0)
[   14.321135] gpio gpiochip0: Persistence not supported for GPIO 21
[   14.321153] gpio-533 (?): no flags found for GPIO (default)
[   14.335245] leds-gpio leds: using DT '/leds/led3' for '(default)' GPIO lookup
[   14.335366] of_get_named_gpiod_flags: parsed 'gpios' property of node '/leds/led3[0]' - status (0)
[   14.335616] gpio gpiochip0: Persistence not supported for GPIO 22
[   14.335636] gpio-534 (?): no flags found for GPIO (default)
[   14.382534] leds-gpio leds: using DT '/leds/led4' for '(default)' GPIO lookup
[   14.382845] of_get_named_gpiod_flags: parsed 'gpios' property of node '/leds/led4[0]' - status (0)
[   14.382909] gpio gpiochip0: Persistence not supported for GPIO 23
[   14.382924] gpio-535 (?): no flags found for GPIO (default)
[   14.418996] leds-gpio leds: using DT '/leds/led5' for '(default)' GPIO lookup
[   14.419094] of_get_named_gpiod_flags: parsed 'gpios' property of node '/leds/led5[0]' - status (0)
[   14.419146] gpio gpiochip0: Persistence not supported for GPIO 24
[   14.419162] gpio-536 (?): no flags found for GPIO (default)
[   14.716831] remoteproc remoteproc0: wkup_m3 is available
[   15.066058] at24 2-0054: supply vcc not found, using dummy regulator
[   15.095507] omap_rtc 44e3e000.rtc: registered as rtc0
[   15.101175] omap_rtc 44e3e000.rtc: setting system clock to 2000-01-01T00:00:00 UTC (946684800)
[   15.110877] omap_rtc 44e3e000.rtc: using DT '/ocp/interconnect@44c00000/segment@200000/target-module@3e000/rtc@0' for 'wp' GPIO lookup
[   15.110948] of_get_named_gpiod_flags: can't parse 'wp-gpios' property of node '/ocp/interconnect@44c00000/segment@200000/target-module@3e000/rtc@0[0]'
[   15.111000] of_get_named_gpiod_flags: can't parse 'wp-gpio' property of node '/ocp/interconnect@44c00000/segment@200000/target-module@3e000/rtc@0[0]'
[   15.111042] omap_rtc 44e3e000.rtc: using lookup tables for GPIO lookup
[   15.111057] omap_rtc 44e3e000.rtc: No GPIO consumer wp found
[   15.203319] at24 2-0055: supply vcc not found, using dummy regulator
[   15.266943] am335x-phy-driver 47401300.usb-phy: using DT '/ocp/target-module@47400000/usb-phy@1300' for 'reset' GPIO lookup
[   15.267041] of_get_named_gpiod_flags: can't parse 'reset-gpios' property of node '/ocp/target-module@47400000/usb-phy@1300[0]'
[   15.267091] of_get_named_gpiod_flags: can't parse 'reset-gpio' property of node '/ocp/target-module@47400000/usb-phy@1300[0]'
[   15.267131] am335x-phy-driver 47401300.usb-phy: using lookup tables for GPIO lookup
[   15.267145] am335x-phy-driver 47401300.usb-phy: No GPIO consumer reset found
[   15.267162] am335x-phy-driver 47401300.usb-phy: using DT '/ocp/target-module@47400000/usb-phy@1300' for 'vbus-detect' GPIO lookup
[   15.267196] of_get_named_gpiod_flags: can't parse 'vbus-detect-gpios' property of node '/ocp/target-module@47400000/usb-phy@1300[0]'
[   15.267229] of_get_named_gpiod_flags: can't parse 'vbus-detect-gpio' property of node '/ocp/target-module@47400000/usb-phy@1300[0]'
[   15.267257] am335x-phy-driver 47401300.usb-phy: using lookup tables for GPIO lookup
[   15.267270] am335x-phy-driver 47401300.usb-phy: No GPIO consumer vbus-detect found
[   15.267421] am335x-phy-driver 47401300.usb-phy: dummy supplies not allowed for exclusive requests (id=vbus)
[   15.362127] at24 2-0056: supply vcc not found, using dummy regulator
[   15.462221] at24 2-0057: supply vcc not found, using dummy regulator
[   15.470402] am335x-phy-driver 47401b00.usb-phy: using DT '/ocp/target-module@47400000/usb-phy@1b00' for 'reset' GPIO lookup
[   15.470493] of_get_named_gpiod_flags: can't parse 'reset-gpios' property of node '/ocp/target-module@47400000/usb-phy@1b00[0]'
[   15.470537] of_get_named_gpiod_flags: can't parse 'reset-gpio' property of node '/ocp/target-module@47400000/usb-phy@1b00[0]'
[   15.470576] am335x-phy-driver 47401b00.usb-phy: using lookup tables for GPIO lookup
[   15.470591] am335x-phy-driver 47401b00.usb-phy: No GPIO consumer reset found
[   15.470607] am335x-phy-driver 47401b00.usb-phy: using DT '/ocp/target-module@47400000/usb-phy@1b00' for 'vbus-detect' GPIO lookup
[   15.470640] of_get_named_gpiod_flags: can't parse 'vbus-detect-gpios' property of node '/ocp/target-module@47400000/usb-phy@1b00[0]'
[   15.470674] of_get_named_gpiod_flags: can't parse 'vbus-detect-gpio' property of node '/ocp/target-module@47400000/usb-phy@1b00[0]'
[   15.470702] am335x-phy-driver 47401b00.usb-phy: using lookup tables for GPIO lookup
[   15.470714] am335x-phy-driver 47401b00.usb-phy: No GPIO consumer vbus-detect found
[   15.470859] am335x-phy-driver 47401b00.usb-phy: dummy supplies not allowed for exclusive requests (id=vbus)
[   15.631825] at24 0-0050: using DT '/ocp/interconnect@44c00000/segment@200000/target-module@b000/i2c@0/eeprom@50' for 'wp' GPIO lookup
[   15.631946] of_get_named_gpiod_flags: can't parse 'wp-gpios' property of node '/ocp/interconnect@44c00000/segment@200000/target-module@b000/i2c@0/eeprom@50[0]'
[   15.632011] of_get_named_gpiod_flags: can't parse 'wp-gpio' property of node '/ocp/interconnect@44c00000/segment@200000/target-module@b000/i2c@0/eeprom@50[0]'
[   15.632060] at24 0-0050: using lookup tables for GPIO lookup
[   15.632075] at24 0-0050: No GPIO consumer wp found
[   15.632422] at24 0-0050: 32768 byte 24c256 EEPROM, writable, 1 bytes/write
[   15.794776] tps6521x_pwrbutton tps65217-pwrbutton: DMA mask not set
[   15.906750] input: tps65217_pwrbutton as /devices/platform/ocp/44c00000.interconnect/44c00000.interconnect:segment@200000/44e0b000.target-module/44e0b000.i2c/i2c-0/0-0024/tps65217-pwrbutton/input/input0
[   16.179780] wkup_m3_ipc 44e11324.wkup_m3_ipc: IPC Request for A8->M3 Channel failed! -517
[   16.433355] omap_wdt: OMAP Watchdog Timer Rev 0x01: initial timeout 60 sec
[   16.444615] wkup_m3_ipc 44e11324.wkup_m3_ipc: IPC Request for A8->M3 Channel failed! -517
[   16.950916] usbcore: registered new interface driver usbfs
[   16.956822] usbcore: registered new interface driver hub
[   16.962377] usbcore: registered new device driver usb
[   17.086444] tda998x 0-0070: found TDA19988
[   17.233861] wkup_m3_ipc 44e11324.wkup_m3_ipc: IPC Request for A8->M3 Channel failed! -517
[   17.577267] omap-mailbox 480c8000.mailbox: omap mailbox rev 0x400
[   17.641383] remoteproc remoteproc0: powering up wkup_m3
[   17.862177] musb-hdrc musb-hdrc.1: MUSB HDRC host driver
[   17.867598] musb-hdrc musb-hdrc.1: new USB bus registered, assigned bus number 1
[   17.889301] remoteproc remoteproc0: Direct firmware load for am335x-pm-firmware.elf failed with error -2
[   17.899109] remoteproc remoteproc0: request_firmware failed: -2
[   17.905201] wkup_m3_ipc 44e11324.wkup_m3_ipc: rproc_boot failed
[   18.180352] usb usb1: New USB device found, idVendor=1d6b, idProduct=0002, bcdDevice= 6.12
[   18.189915] usb usb1: New USB device strings: Mfr=3, Product=2, SerialNumber=1
[   18.197364] usb usb1: Product: MUSB HDRC host driver
[   18.202413] usb usb1: Manufacturer: Linux 6.12.0-rc3-next-20241015 musb-hcd
[   18.209415] usb usb1: SerialNumber: musb-hdrc.1
[   18.572006] hub 1-0:1.0: USB hub found
[   18.617900] hub 1-0:1.0: 1 port detected
[   19.472677] omap_rng 48310000.rng: Random Number Generator ver. 20
[   19.616483] tilcdc 4830e000.lcdc: bound 0-0070 (ops tda998x_driver_exit [tda998x])
[   19.714472] [drm] Initialized tilcdc 1.0.0 for 4830e000.lcdc on minor 0
[   19.783983] tilcdc 4830e000.lcdc: [drm] Cannot find any crtc or sizes
[   19.792608] tilcdc 4830e000.lcdc: [drm] Cannot find any crtc or sizes
[   20.844069] PM: Cannot get wkup_m3_ipc handle
[   21.078312] omap-sham 53100000.sham: hw accel on OMAP rev 4.3
[   21.205497] omap-sham 53100000.sham: will run requests pump with realtime priority
[   21.214756] PM: Cannot get wkup_m3_ipc handle
[   21.374537] omap-aes 53500000.aes: OMAP AES hw accel rev: 3.2
[   21.547008] omap-aes 53500000.aes: will run requests pump with realtime priority
[   21.566675] PM: Cannot get wkup_m3_ipc handle
[   22.334445] Bluetooth: Core ver 2.22
[   22.338286] NET: Registered PF_BLUETOOTH protocol family
[   22.343968] Bluetooth: HCI device and connection manager initialized
[   22.350394] Bluetooth: HCI socket layer initialized
[   22.355464] Bluetooth: L2CAP socket layer initialized
[   22.360596] Bluetooth: SCO socket layer initialized
[   24.725570] PM: Cannot get wkup_m3_ipc handle
[   24.731646] asoc-simple-card sound: using DT '/sound' for 'simple-audio-card,hp-det' GPIO lookup
[   24.731728] of_get_named_gpiod_flags: can't parse 'simple-audio-card,hp-det-gpios' property of node '/sound[0]'
[   24.731765] of_get_named_gpiod_flags: can't parse 'simple-audio-card,hp-det-gpio' property of node '/sound[0]'
[   24.731792] asoc-simple-card sound: using lookup tables for GPIO lookup
[   24.731808] asoc-simple-card sound: No GPIO consumer simple-audio-card,hp-det found
[   24.731824] asoc-simple-card sound: using DT '/sound' for 'simple-audio-card,mic-det' GPIO lookup
[   24.731848] of_get_named_gpiod_flags: can't parse 'simple-audio-card,mic-det-gpios' property of node '/sound[0]'
[   24.731875] of_get_named_gpiod_flags: can't parse 'simple-audio-card,mic-det-gpio' property of node '/sound[0]'
[   24.731895] asoc-simple-card sound: using lookup tables for GPIO lookup
[   24.731908] asoc-simple-card sound: No GPIO consumer simple-audio-card,mic-det found
[   24.886185] PM: Cannot get wkup_m3_ipc handle
[   28.704684] userial_init: registered 8 ttyGS* devices
[   28.885719] rndis_register: configNr = 0
[   28.947398] udc musb-hdrc.0: binding gadget driver [g_multi]
[   28.947498] configfs-gadget.g_multi gadget.0: adding 'rndis'/7782d4a4 to config 'c'/296915d6
[   28.948680] configfs-gadget.g_multi gadget.0: HOST MAC 1c:ba:8c:a2:ed:6c
[   28.955916] configfs-gadget.g_multi gadget.0: MAC 1c:ba:8c:a2:ed:70
[   28.962396] rndis_set_param_medium: 0 0
[   28.962421] configfs-gadget.g_multi gadget.0: RNDIS: IN/ep1in OUT/ep1out NOTIFY/ep2in
[   28.962440] configfs-gadget.g_multi gadget.0: adding 'cdc_ethernet'/587361df to config 'c'/296915d6
[   28.963423] configfs-gadget.g_multi gadget.0: HOST MAC 1c:ba:8c:a2:ed:6c
[   28.970189] configfs-gadget.g_multi gadget.0: MAC 1c:ba:8c:a2:ed:6d
[   28.976618] configfs-gadget.g_multi gadget.0: CDC Ethernet: IN/ep3in OUT/ep2out NOTIFY/ep4in
[   28.976640] configfs-gadget.g_multi gadget.0: adding 'acm'/1eb0fdcc to config 'c'/296915d6
[   28.976677] configfs-gadget.g_multi gadget.0: acm ttyGS0: IN/ep5in OUT/ep3out NOTIFY/ep6in
[   28.977859] PM: Cannot get wkup_m3_ipc handle
[   31.125577] configfs-gadget.g_multi gadget.0: eth_open
[   35.285732] gs_open: ttyGS0 (cf970691,4b2649d8)
[   35.285896] gs_close: ttyGS0 (cf970691,4b2649d8) ...
[   35.285922] gs_close: ttyGS0 (cf970691,4b2649d8) done!
[   35.307730] gs_open: ttyGS0 (dbc1cc7e,4b2649d8)
[   35.307882] gs_close: ttyGS0 (dbc1cc7e,4b2649d8) ...
[   35.307906] gs_close: ttyGS0 (dbc1cc7e,4b2649d8) done!
[   35.470874] gs_open: ttyGS0 (84b35853,0f56048c)
[   35.471128] gs_close: ttyGS0 (84b35853,0f56048c) ...
[   35.471162] gs_close: ttyGS0 (84b35853,0f56048c) done!
[   35.476758] gs_open: ttyGS0 (84b35853,0f56048c)
YYGNQZYZNM 0
root@arm:~# echo 'JWMG''CHQOWA'
JWMGCHQOWA
root@arm:~# MARKER='GWCP''FNVLNK' run 'modprobe test_linear_ranges'
GWCPFNVLNKGWCPFNVLNK 0
root@arm:~# echo 'FBYU''AOZLSC'
FBYUAOZLSC
root@arm:~# MARKER='LZQZ''FBGGEV' run dmesg
LZQZFBGGEV[    0.000000] Booting Linux on physical CPU 0x0
[    0.000000] Linux version 6.12.0-rc3-next-20241015 (user01@drvtest01) (arm-linux-gnueabihf-gcc (Linaro GCC 6.4-2017.11) 6.4.1 20171012, GNU ld (Linaro_Binutils-2017.11) 2.27.0.20161229) #115 SMP Tue Oct 15 09:35:47 EEST 2024
[    0.000000] CPU: ARMv7 Processor [413fc082] revision 2 (ARMv7), cr=10c5387d
[    0.000000] CPU: PIPT / VIPT nonaliasing data cache, VIPT aliasing instruction cache
[    0.000000] OF: fdt: Machine model: TI AM335x BeagleBone Black
[    0.000000] Memory policy: Data cache writeback
[    0.000000] cma: Reserved 16 MiB at 0x9e800000 on node -1
[    0.000000] Zone ranges:
[    0.000000]   Normal   [mem 0x0000000080000000-0x000000009fdfffff]
[    0.000000]   HighMem  empty
[    0.000000] Movable zone start for each node
[    0.000000] Early memory node ranges
[    0.000000]   node   0: [mem 0x0000000080000000-0x000000009fdfffff]
[    0.000000] Initmem setup node 0 [mem 0x0000000080000000-0x000000009fdfffff]
[    0.000000] CPU: All CPU(s) started in SVC mode.
[    0.000000] AM335X ES2.1 (sgx neon)
[    0.000000] percpu: Embedded 17 pages/cpu s39756 r8192 d21684 u69632
[    0.000000] pcpu-alloc: s39756 r8192 d21684 u69632 alloc=17*4096
[    0.000000] pcpu-alloc: [0] 0 
[    0.000000] Kernel command line: console=ttyO0,115200n8 root=/dev/nfs rw nfsroot=192.168.255.126:/home/user01/nfs,nfsvers=3 ip=192.168.255.1:192.168.255.126::255.255.255.0:bbb1:eth0 nfsrootdebug
[    0.000000] Unknown kernel command line parameters "nfsrootdebug", will be passed to user space.
[    0.000000] Dentry cache hash table entries: 65536 (order: 6, 262144 bytes, linear)
[    0.000000] Inode-cache hash table entries: 32768 (order: 5, 131072 bytes, linear)
[    0.000000] Built 1 zonelists, mobility grouping on.  Total pages: 130560
[    0.000000] mem auto-init: stack:off, heap alloc:off, heap free:off
[    0.000000] SLUB: HWalign=64, Order=0-3, MinObjects=0, CPUs=1, Nodes=1
[    0.000000] trace event string verifier disabled
[    0.000000] rcu: Hierarchical RCU implementation.
[    0.000000] rcu: 	RCU event tracing is enabled.
[    0.000000] rcu: 	RCU restricting CPUs from NR_CPUS=2 to nr_cpu_ids=1.
[    0.000000] 	Tracing variant of Tasks RCU enabled.
[    0.000000] rcu: RCU calculated value of scheduler-enlistment delay is 10 jiffies.
[    0.000000] rcu: Adjusting geometry for rcu_fanout_leaf=16, nr_cpu_ids=1
[    0.000000] RCU Tasks Trace: Setting shift to 0 and lim to 1 rcu_task_cb_adjust=1 rcu_task_cpu_ids=1.
[    0.000000] NR_IRQS: 16, nr_irqs: 16, preallocated irqs: 16
[    0.000000] IRQ: Found an INTC at 0x(ptrval) (revision 5.0) with 128 interrupts
[    0.000000] rcu: srcu_init: Setting srcu_struct sizes based on contention.
[    0.000000] TI gptimer clocksource: always-on /ocp/interconnect@44c00000/segment@200000/target-module@31000
[    0.000002] sched_clock: 32 bits at 24MHz, resolution 41ns, wraps every 89478484971ns
[    0.000025] clocksource: dmtimer: mask: 0xffffffff max_cycles: 0xffffffff, max_idle_ns: 79635851949 ns
[    0.000503] TI gptimer clockevent: 24000000 Hz at /ocp/interconnect@48000000/segment@0/target-module@40000
[    0.002155] Console: colour dummy device 80x30
[    0.002221] WARNING: Your 'console=ttyO0' has been replaced by 'ttyS0'
[    0.002229] This ensures that you still see kernel messages. Please
[    0.002234] update your kernel commandline.
[    0.002277] Calibrating delay loop... 996.14 BogoMIPS (lpj=4980736)
[    0.090557] CPU: Testing write buffer coherency: ok
[    0.090657] CPU0: Spectre v2: using BPIALL workaround
[    0.090669] pid_max: default: 32768 minimum: 301
[    0.090795] LSM: initializing lsm=capability
[    0.090974] Mount-cache hash table entries: 1024 (order: 0, 4096 bytes, linear)
[    0.090996] Mountpoint-cache hash table entries: 1024 (order: 0, 4096 bytes, linear)
[    0.092654] CPU0: thread -1, cpu 0, socket -1, mpidr 0
[    0.150961] Setting up static identity map for 0x80100000 - 0x80100078
[    0.160724] rcu: Hierarchical SRCU implementation.
[    0.160735] rcu: 	Max phase no-delay instances is 1000.
[    0.180769] smp: Bringing up secondary CPUs ...
[    0.180823] smp: Brought up 1 node, 1 CPU
[    0.180838] SMP: Total of 1 processors activated (996.14 BogoMIPS).
[    0.180850] CPU: All CPU(s) started in SVC mode.
[    0.181045] Memory: 480860K/522240K available (11264K kernel code, 1212K rwdata, 2884K rodata, 1024K init, 300K bss, 23368K reserved, 16384K cma-reserved, 0K highmem)
[    0.181923] devtmpfs: initialized
[    0.198740] VFP support v0.3: implementor 41 architecture 3 part 30 variant c rev 3
[    0.199092] clocksource: jiffies: mask: 0xffffffff max_cycles: 0xffffffff, max_idle_ns: 19112604462750000 ns
[    0.199125] futex hash table entries: 256 (order: 2, 16384 bytes, linear)
[    0.200441] pinctrl core: initialized pinctrl subsystem
[    0.203521] NET: Registered PF_NETLINK/PF_ROUTE protocol family
[    0.206338] DMA: preallocated 256 KiB pool for atomic coherent allocations
[    0.207237] audit: initializing netlink subsys (disabled)
[    0.208689] thermal_sys: Registered thermal governor 'fair_share'
[    0.208704] thermal_sys: Registered thermal governor 'step_wise'
[    0.208714] thermal_sys: Registered thermal governor 'user_space'
[    0.208875] audit: type=2000 audit(0.200:1): state=initialized audit_enabled=0 res=1
[    0.208912] cpuidle: using governor menu
[    0.228141] No ATAGs?
[    0.228166] hw-breakpoint: debug architecture 0x4 unsupported.
[    0.231032] kprobes: kprobe jump-optimization is enabled. All kprobes are optimized if possible.
[    0.244082] iommu: Default domain type: Translated
[    0.244107] iommu: DMA domain TLB invalidation policy: strict mode
[    0.245802] reg-fixed-voltage fixedregulator0: using DT '/fixedregulator0' for '(default)' GPIO lookup
[    0.245859] of_get_named_gpiod_flags: can't parse 'gpios' property of node '/fixedregulator0[0]'
[    0.245889] of_get_named_gpiod_flags: can't parse 'gpio' property of node '/fixedregulator0[0]'
[    0.245907] reg-fixed-voltage fixedregulator0: using lookup tables for GPIO lookup
[    0.245917] reg-fixed-voltage fixedregulator0: No GPIO consumer (default) found
[    0.251678] SCSI subsystem initialized
[    0.252190] libata version 3.00 loaded.
[    0.252554] pps_core: LinuxPPS API ver. 1 registered
[    0.252565] pps_core: Software ver. 5.3.6 - Copyright 2005-2007 Rodolfo Giometti <giometti@linux.it>
[    0.252589] PTP clock support registered
[    0.260804] vgaarb: loaded
[    0.261225] clocksource: Switched to clocksource dmtimer
[    0.261895] VFS: Disk quotas dquot_6.6.0
[    0.261941] VFS: Dquot-cache hash table entries: 1024 (order 0, 4096 bytes)
[    0.287197] NET: Registered PF_INET protocol family
[    0.287552] IP idents hash table entries: 8192 (order: 4, 65536 bytes, linear)
[    0.288953] tcp_listen_portaddr_hash hash table entries: 512 (order: 0, 4096 bytes, linear)
[    0.288991] Table-perturb hash table entries: 65536 (order: 6, 262144 bytes, linear)
[    0.289008] TCP established hash table entries: 4096 (order: 2, 16384 bytes, linear)
[    0.289051] TCP bind hash table entries: 4096 (order: 4, 65536 bytes, linear)
[    0.289151] TCP: Hash tables configured (established 4096 bind 4096)
[    0.289270] UDP hash table entries: 256 (order: 1, 8192 bytes, linear)
[    0.289301] UDP-Lite hash table entries: 256 (order: 1, 8192 bytes, linear)
[    0.289471] NET: Registered PF_UNIX/PF_LOCAL protocol family
[    0.291987] RPC: Registered named UNIX socket transport module.
[    0.292010] RPC: Registered udp transport module.
[    0.292016] RPC: Registered tcp transport module.
[    0.292021] RPC: Registered tcp-with-tls transport module.
[    0.292027] RPC: Registered tcp NFSv4.1 backchannel transport module.
[    0.292051] PCI: CLS 0 bytes, default 64
[    0.293527] Initialise system trusted keyrings
[    0.302166] workingset: timestamp_bits=14 max_order=17 bucket_order=3
[    0.303515] NFS: Registering the id_resolver key type
[    0.303602] Key type id_resolver registered
[    0.303610] Key type id_legacy registered
[    0.303663] jffs2: version 2.2. (NAND) (SUMMARY)  Â© 2001-2006 Red Hat, Inc.
[    0.304070] Key type asymmetric registered
[    0.304088] Asymmetric key parser 'x509' registered
[    0.304157] io scheduler mq-deadline registered
[    0.304167] io scheduler kyber registered
[    0.304237] io scheduler bfq registered
[    0.305881] ledtrig-cpu: registered to indicate activity on CPUs
[    0.311862] Serial: 8250/16550 driver, 6 ports, IRQ sharing enabled
[    0.374765] brd: module loaded
[    0.383789] loop: module loaded
[    0.384721] mtdoops: mtd device (mtddev=name/number) must be supplied
[    0.386468] mdio_bus fixed-0: using lookup tables for GPIO lookup
[    0.386494] mdio_bus fixed-0: No GPIO consumer reset found
[    0.387887] i2c_dev: i2c /dev entries driver
[    0.388876] cpuidle: enable-method property 'ti,am3352' found operations
[    0.389313] sdhci: Secure Digital Host Controller Interface driver
[    0.389325] sdhci: Copyright(c) Pierre Ossman
[    0.389505] sdhci-pltfm: SDHCI platform and OF driver helper
[    0.390531] Initializing XFRM netlink socket
[    0.390683] NET: Registered PF_INET6 protocol family
[    0.392908] Segment Routing with IPv6
[    0.393000] In-situ OAM (IOAM) with IPv6
[    0.393100] sit: IPv6, IPv4 and MPLS over IPv4 tunneling driver
[    0.394057] NET: Registered PF_PACKET protocol family
[    0.394096] NET: Registered PF_KEY protocol family
[    0.394225] Key type dns_resolver registered
[    0.394502] ThumbEE CPU extension supported.
[    0.394524] Registering SWP/SWPB emulation handler
[    0.395053] omap_voltage_late_init: Voltage driver support not added
[    0.395402] SmartReflex Class3 initialized
[    0.422301] Loading compiled-in X.509 certificates
[    0.470610] gpiochip_find_base_unlocked: found new base at 512
[    0.493179] platform 44e10800.pinmux: Fixed dependency cycle(s) with /ocp/interconnect@44c00000/segment@200000/target-module@10000/scm@0/pinmux@800/clkout2-pins
[    0.493745] pinctrl-single 44e10800.pinmux: 142 pins, size 568
[    0.499026] ti-sysc 44e31000.target-module: probe with driver ti-sysc failed with error -16
[    0.532993] ti-sysc 48040000.target-module: probe with driver ti-sysc failed with error -16
[    0.544042] gpiochip_find_base_unlocked: found new base at 512
[    0.544148] gpio gpiochip0: (gpio-0-31): created GPIO range 0->7 ==> 44e10800.pinmux PIN 0->7
[    0.544168] gpio gpiochip0: (gpio-0-31): created GPIO range 8->11 ==> 44e10800.pinmux PIN 90->93
[    0.544183] gpio gpiochip0: (gpio-0-31): created GPIO range 12->27 ==> 44e10800.pinmux PIN 12->27
[    0.544198] gpio gpiochip0: (gpio-0-31): created GPIO range 28->31 ==> 44e10800.pinmux PIN 30->33
[    0.595983] gpio gpiochip0: (gpio-0-31): added GPIO chardev (254:0)
[    0.596154] gpio gpiochip0: registered GPIOs 512 to 543 on gpio-0-31
[    0.596240] OMAP GPIO hardware version 0.1
[    0.623224] i2c i2c-2: using DT '/ocp/interconnect@48000000/segment@100000/target-module@9c000/i2c@0' for 'scl' GPIO lookup
[    0.623299] of_get_named_gpiod_flags: can't parse 'scl-gpios' property of node '/ocp/interconnect@48000000/segment@100000/target-module@9c000/i2c@0[0]'
[    0.623343] of_get_named_gpiod_flags: can't parse 'scl-gpio' property of node '/ocp/interconnect@48000000/segment@100000/target-module@9c000/i2c@0[0]'
[    0.623380] i2c i2c-2: using lookup tables for GPIO lookup
[    0.623390] i2c i2c-2: No GPIO consumer scl found
[    0.623412] i2c i2c-2: using DT '/ocp/interconnect@48000000/segment@100000/target-module@9c000/i2c@0' for 'sda' GPIO lookup
[    0.623449] of_get_named_gpiod_flags: can't parse 'sda-gpios' property of node '/ocp/interconnect@48000000/segment@100000/target-module@9c000/i2c@0[0]'
[    0.623487] of_get_named_gpiod_flags: can't parse 'sda-gpio' property of node '/ocp/interconnect@48000000/segment@100000/target-module@9c000/i2c@0[0]'
[    0.623520] i2c i2c-2: using lookup tables for GPIO lookup
[    0.623529] i2c i2c-2: No GPIO consumer sda found
[    0.624264] omap_i2c 4819c000.i2c: bus 2 rev0.11 at 100 kHz
[    0.629589] gpiochip_find_base_unlocked: found new base at 544
[    0.629692] gpio gpiochip1: (gpio-32-63): created GPIO range 0->17 ==> 44e10800.pinmux PIN 34->51
[    0.629711] gpio gpiochip1: (gpio-32-63): created GPIO range 18->21 ==> 44e10800.pinmux PIN 77->80
[    0.629727] gpio gpiochip1: (gpio-32-63): created GPIO range 22->31 ==> 44e10800.pinmux PIN 56->65
[    0.654187] gpio gpiochip1: (gpio-32-63): added GPIO chardev (254:1)
[    0.654347] gpio gpiochip1: registered GPIOs 544 to 575 on gpio-32-63
[    0.656569] gpiochip_find_base_unlocked: found new base at 576
[    0.656664] gpio gpiochip2: (gpio-64-95): created GPIO range 0->4 ==> 44e10800.pinmux PIN 66->70
[    0.656683] gpio gpiochip2: (gpio-64-95): created GPIO range 5->6 ==> 44e10800.pinmux PIN 98->99
[    0.656698] gpio gpiochip2: (gpio-64-95): created GPIO range 7->8 ==> 44e10800.pinmux PIN 75->76
[    0.656713] gpio gpiochip2: (gpio-64-95): created GPIO range 13->13 ==> 44e10800.pinmux PIN 141->141
[    0.656730] gpio gpiochip2: (gpio-64-95): created GPIO range 14->21 ==> 44e10800.pinmux PIN 100->107
[    0.657369] gpio gpiochip2: (gpio-64-95): added GPIO chardev (254:2)
[    0.657518] gpio gpiochip2: registered GPIOs 576 to 607 on gpio-64-95
[    0.663128] 48000000.interconnect:segment@200000:target-module@0:mpu@0:fck: device ID is greater than 24
[    0.667272] platform 4830e000.lcdc: Fixed dependency cycle(s) with /ocp/interconnect@44c00000/segment@200000/target-module@b000/i2c@0/tda19988@70
[    0.676613] mdio_bus 4a101000.mdio: using DT '/ocp/interconnect@4a000000/segment@0/target-module@100000/switch@0/mdio@1000' for 'reset' GPIO lookup
[    0.676688] of_get_named_gpiod_flags: can't parse 'reset-gpios' property of node '/ocp/interconnect@4a000000/segment@0/target-module@100000/switch@0/mdio@1000[0]'
[    0.676738] of_get_named_gpiod_flags: can't parse 'reset-gpio' property of node '/ocp/interconnect@4a000000/segment@0/target-module@100000/switch@0/mdio@1000[0]'
[    0.676788] mdio_bus 4a101000.mdio: using lookup tables for GPIO lookup
[    0.676798] mdio_bus 4a101000.mdio: No GPIO consumer reset found
[    0.678032] sdhci-omap 481d8000.mmc: using DT '/ocp/interconnect@48000000/segment@100000/target-module@d8000/mmc@0' for 'wp' GPIO lookup
[    0.678099] of_get_named_gpiod_flags: can't parse 'wp-gpios' property of node '/ocp/interconnect@48000000/segment@100000/target-module@d8000/mmc@0[0]'
[    0.678145] of_get_named_gpiod_flags: can't parse 'wp-gpio' property of node '/ocp/interconnect@48000000/segment@100000/target-module@d8000/mmc@0[0]'
[    0.678181] sdhci-omap 481d8000.mmc: using lookup tables for GPIO lookup
[    0.678191] sdhci-omap 481d8000.mmc: No GPIO consumer wp found
[    0.678391] sdhci-omap 481d8000.mmc: supply pbias not found, using dummy regulator
[    0.678903] sdhci-omap 481d8000.mmc: supply vqmmc not found, using dummy regulator
[    0.734947] davinci_mdio 4a101000.mdio: davinci mdio revision 1.6, bus freq 1000000
[    0.752262] mdio_bus 4a101000.mdio:00: using DT '/ocp/interconnect@4a000000/segment@0/target-module@100000/switch@0/mdio@1000/ethernet-phy@0' for 'reset' GPIO lookup
[    0.752368] of_get_named_gpiod_flags: parsed 'reset-gpios' property of node '/ocp/interconnect@4a000000/segment@0/target-module@100000/switch@0/mdio@1000/ethernet-phy@0[0]' - status (0)
[    0.752533] gpio gpiochip0: Persistence not supported for GPIO 8
[    0.849603] davinci_mdio 4a101000.mdio: phy[0]: device 4a101000.mdio:00, driver SMSC LAN8710/LAN8720
[    0.850421] cpsw-switch 4a100000.switch: initialized cpsw ale version 1.4
[    0.850444] cpsw-switch 4a100000.switch: ALE Table size 1024, Policers 0
[    0.875873] cpsw-switch 4a100000.switch: cpts: overflow check period 500 (jiffies)
[    0.875897] cpsw-switch 4a100000.switch: CPTS: ref_clk_freq:250000000 calc_mult:2147483648 calc_shift:29 error:0 nsec/sec
[    0.876004] cpsw-switch 4a100000.switch: Detected MACID = 6c:ec:eb:68:de:78
[    0.877856] cpsw-switch 4a100000.switch: initialized (regs 0x4a100000, pool size 256) hw_ver:0019010C 1.12 (0)
[    0.888887] debugfs: Directory '49000000.dma' with parent 'dmaengine' already present!
[    0.888928] edma 49000000.dma: TI EDMA DMA engine driver
[    0.920924] target-module@4b000000:target-module@140000:pmu@0:fck: device ID is greater than 24
[    0.934212] hw perfevents: enabled with armv7_cortex_a8 PMU driver, 5 (8000000f) counters available
[    0.935111] gpio-clk clk_mcasp0: using DT '/clk_mcasp0' for 'enable' GPIO lookup
[    0.935179] of_get_named_gpiod_flags: parsed 'enable-gpios' property of node '/clk_mcasp0[0]' - status (0)
[    0.935224] gpio gpiochip0: Persistence not supported for GPIO 27
[    0.936023] gpiochip_find_base_unlocked: found new base at 608
[    0.936150] gpio gpiochip3: (gpio-96-127): created GPIO range 0->7 ==> 44e10800.pinmux PIN 82->89
[    0.936179] gpio gpiochip3: (gpio-96-127): created GPIO range 8->11 ==> 44e10800.pinmux PIN 52->55
[    0.936196] gpio gpiochip3: (gpio-96-127): created GPIO range 12->15 ==> 44e10800.pinmux PIN 94->97
[    0.936212] gpio gpiochip3: (gpio-96-127): created GPIO range 16->17 ==> 44e10800.pinmux PIN 71->72
[    0.936228] gpio gpiochip3: (gpio-96-127): created GPIO range 18->18 ==> 44e10800.pinmux PIN 135->135
[    0.936244] gpio gpiochip3: (gpio-96-127): created GPIO range 19->20 ==> 44e10800.pinmux PIN 108->109
[    0.936260] gpio gpiochip3: (gpio-96-127): created GPIO range 21->21 ==> 44e10800.pinmux PIN 73->73
[    0.936277] gpio gpiochip3: (gpio-96-127): created GPIO range 22->23 ==> 44e10800.pinmux PIN 8->9
[    0.936293] gpio gpiochip3: (gpio-96-127): created GPIO range 26->27 ==> 44e10800.pinmux PIN 10->11
[    0.936311] gpio gpiochip3: (gpio-96-127): created GPIO range 28->28 ==> 44e10800.pinmux PIN 74->74
[    0.936329] gpio gpiochip3: (gpio-96-127): created GPIO range 29->29 ==> 44e10800.pinmux PIN 81->81
[    0.936350] gpio gpiochip3: (gpio-96-127): created GPIO range 30->31 ==> 44e10800.pinmux PIN 28->29
[    0.942427] l3-aon-clkctrl:0000:0: failed to disable
[    0.942950] gpio gpiochip3: (gpio-96-127): added GPIO chardev (254:3)
[    0.943104] gpio gpiochip3: registered GPIOs 608 to 639 on gpio-96-127
[    0.944870] omap8250 44e09000.serial: using DT '/ocp/interconnect@44c00000/segment@200000/target-module@9000/serial@0' for 'rs485-term' GPIO lookup
[    0.944946] of_get_named_gpiod_flags: can't parse 'rs485-term-gpios' property of node '/ocp/interconnect@44c00000/segment@200000/target-module@9000/serial@0[0]'
[    0.944992] of_get_named_gpiod_flags: can't parse 'rs485-term-gpio' property of node '/ocp/interconnect@44c00000/segment@200000/target-module@9000/serial@0[0]'
[    0.945030] omap8250 44e09000.serial: using lookup tables for GPIO lookup
[    0.945041] omap8250 44e09000.serial: No GPIO consumer rs485-term found
[    0.945051] omap8250 44e09000.serial: using DT '/ocp/interconnect@44c00000/segment@200000/target-module@9000/serial@0' for 'rs485-rx-during-tx' GPIO lookup
[    0.945088] of_get_named_gpiod_flags: can't parse 'rs485-rx-during-tx-gpios' property of node '/ocp/interconnect@44c00000/segment@200000/target-module@9000/serial@0[0]'
[    0.945127] of_get_named_gpiod_flags: can't parse 'rs485-rx-during-tx-gpio' property of node '/ocp/interconnect@44c00000/segment@200000/target-module@9000/serial@0[0]'
[    0.945160] omap8250 44e09000.serial: using lookup tables for GPIO lookup
[    0.945168] omap8250 44e09000.serial: No GPIO consumer rs485-rx-during-tx found
[    0.945537] 44e09000.serial: ttyS0 at MMIO 0x44e09000 (irq = 34, base_baud = 3000000) is a 8250
[    0.945628] printk: legacy console [ttyS0] enabled
[    2.259314] i2c i2c-0: using DT '/ocp/interconnect@44c00000/segment@200000/target-module@b000/i2c@0' for 'scl' GPIO lookup
[    2.259407] of_get_named_gpiod_flags: can't parse 'scl-gpios' property of node '/ocp/interconnect@44c00000/segment@200000/target-module@b000/i2c@0[0]'
[    2.259455] of_get_named_gpiod_flags: can't parse 'scl-gpio' property of node '/ocp/interconnect@44c00000/segment@200000/target-module@b000/i2c@0[0]'
[    2.259498] i2c i2c-0: using lookup tables for GPIO lookup
[    2.259512] i2c i2c-0: No GPIO consumer scl found
[    2.259538] i2c i2c-0: using DT '/ocp/interconnect@44c00000/segment@200000/target-module@b000/i2c@0' for 'sda' GPIO lookup
[    2.259581] of_get_named_gpiod_flags: can't parse 'sda-gpios' property of node '/ocp/interconnect@44c00000/segment@200000/target-module@b000/i2c@0[0]'
[    2.259624] of_get_named_gpiod_flags: can't parse 'sda-gpio' property of node '/ocp/interconnect@44c00000/segment@200000/target-module@b000/i2c@0[0]'
[    2.259662] i2c i2c-0: using lookup tables for GPIO lookup
[    2.259673] i2c i2c-0: No GPIO consumer sda found
[    2.272255] tps65217-pmic: Failed to locate of_node [id: -1]
[    2.278333] tps65217-bl: Failed to locate of_node [id: -1]
[    2.289743] tps65217 0-0024: TPS65217 ID 0xe version 1.2
[    2.295914] platform 4830e000.lcdc: Fixed dependency cycle(s) with /ocp/interconnect@44c00000/segment@200000/target-module@b000/i2c@0/tda19988@70
[    2.309329] i2c 0-0070: Fixed dependency cycle(s) with /ocp/interconnect@48000000/segment@300000/target-module@e000/lcdc@0
[    2.320745] omap_i2c 44e0b000.i2c: bus 0 rev0.11 at 400 kHz
[    2.328358] sdhci-omap 48060000.mmc: using DT '/ocp/interconnect@48000000/segment@0/target-module@60000/mmc@0' for 'cd' GPIO lookup
[    2.328472] of_get_named_gpiod_flags: parsed 'cd-gpios' property of node '/ocp/interconnect@48000000/segment@0/target-module@60000/mmc@0[0]' - status (0)
[    2.328540] gpio gpiochip3: Persistence not supported for GPIO 6
[    2.328566] omap_gpio 44e07000.gpio: Could not set line 6 debounce to 200000 microseconds (-22)
[    2.337449] sdhci-omap 48060000.mmc: Got CD GPIO
[    2.342128] sdhci-omap 48060000.mmc: using DT '/ocp/interconnect@48000000/segment@0/target-module@60000/mmc@0' for 'wp' GPIO lookup
[    2.342179] of_get_named_gpiod_flags: can't parse 'wp-gpios' property of node '/ocp/interconnect@48000000/segment@0/target-module@60000/mmc@0[0]'
[    2.342225] of_get_named_gpiod_flags: can't parse 'wp-gpio' property of node '/ocp/interconnect@48000000/segment@0/target-module@60000/mmc@0[0]'
[    2.342266] sdhci-omap 48060000.mmc: using lookup tables for GPIO lookup
[    2.342281] sdhci-omap 48060000.mmc: No GPIO consumer wp found
[    2.342493] sdhci-omap 48060000.mmc: supply pbias not found, using dummy regulator
[    2.351278] sdhci-omap 481d8000.mmc: using DT '/ocp/interconnect@48000000/segment@100000/target-module@d8000/mmc@0' for 'wp' GPIO lookup
[    2.351382] of_get_named_gpiod_flags: can't parse 'wp-gpios' property of node '/ocp/interconnect@48000000/segment@100000/target-module@d8000/mmc@0[0]'
[    2.351434] of_get_named_gpiod_flags: can't parse 'wp-gpio' property of node '/ocp/interconnect@48000000/segment@100000/target-module@d8000/mmc@0[0]'
[    2.351477] sdhci-omap 481d8000.mmc: using lookup tables for GPIO lookup
[    2.351491] sdhci-omap 481d8000.mmc: No GPIO consumer wp found
[    2.352851] sdhci-omap 48060000.mmc: supply vqmmc not found, using dummy regulator
[    2.361941] sdhci-omap 481d8000.mmc: supply pbias not found, using dummy regulator
[    2.369933] sdhci-omap 481d8000.mmc: supply vqmmc not found, using dummy regulator
[    2.408745] mmc1: SDHCI controller on 481d8000.mmc [481d8000.mmc] using External DMA
[    2.417981] mmc0: SDHCI controller on 48060000.mmc [48060000.mmc] using External DMA
[    2.426840] cpsw-switch 4a100000.switch: starting ndev. mode: dual_mac
[    2.470427] mmc0: new high speed SDHC card at address 5048
[    2.477503] mmcblk0: mmc0:5048 SD16G 14.4 GiB
[    2.485636]  mmcblk0: p1 p2
[    2.489012] mmcblk0: p2 size 31221760 extends beyond EOD, truncated
[    2.502502] SMSC LAN8710/LAN8720 4a101000.mdio:00: attached PHY driver (mii_bus:phy_addr=4a101000.mdio:00, irq=POLL)
[    2.514744] mmc1: new high speed MMC card at address 0001
[    2.521616] mmcblk1: mmc1:0001 MMC04G 3.60 GiB
[    2.533824]  mmcblk1: p1 p2
[    2.538121] mmcblk1boot0: mmc1:0001 MMC04G 2.00 MiB
[    2.545504] mmcblk1boot1: mmc1:0001 MMC04G 2.00 MiB
[    2.553077] mmcblk1rpmb: mmc1:0001 MMC04G 128 KiB, chardev (250:0)
[    5.681996] cpsw-switch 4a100000.switch eth0: Link is Up - 100Mbps/Full - flow control off
[    5.711258] IP-Config: Complete:
[    5.714543]      device=eth0, hwaddr=6c:ec:eb:68:de:78, ipaddr=192.168.255.1, mask=255.255.255.0, gw=255.255.255.255
[    5.725193]      host=bbb1, domain=, nis-domain=(none)
[    5.730363]      bootserver=192.168.255.126, rootserver=192.168.255.126, rootpath=
[    5.730801] clk: Disabling unused clocks
[    5.742637] PM: genpd: Disabling unused power domains
[    5.747755] KTAP version 1
[    5.750477] 1..0
[    5.780113] VFS: Mounted root (nfs filesystem) on device 0:17.
[    5.787197] devtmpfs: mounted
[    5.792092] Freeing unused kernel image (initmem) memory: 1024K
[    5.798771] Run /sbin/init as init process
[    5.803025]   with arguments:
[    5.803042]     /sbin/init
[    5.803053]     nfsrootdebug
[    5.803062]   with environment:
[    5.803072]     HOME=/
[    5.803081]     TERM=linux
[    6.520417] systemd[1]: System time before build time, advancing clock.
[    8.031252] random: crng init done
[    8.073884] systemd[1]: systemd 232 running in system mode. (+PAM +AUDIT +SELINUX +IMA +APPARMOR +SMACK +SYSVINIT +UTMP +LIBCRYPTSETUP +GCRYPT +GNUTLS +ACL +XZ +LZ4 +SECCOMP +BLKID +ELFUTILS +KMOD +IDN)
[    8.093130] systemd[1]: Detected architecture arm.
[    8.124692] systemd[1]: Set hostname to <arm>.
[    9.249917] systemd[1]: Listening on Journal Socket (/dev/log).
[    9.271644] systemd[1]: Reached target Remote File Systems.
[    9.302873] systemd[1]: Created slice User and Session Slice.
[    9.333005] systemd[1]: Set up automount Arbitrary Executable File Formats File System Automount Point.
[    9.362322] systemd[1]: Listening on Journal Audit Socket.
[    9.393350] systemd[1]: Listening on udev Control Socket.
[    9.421655] systemd[1]: Reached target Swap.
[   11.698280] systemd-journald[92]: Received request to flush runtime journal from PID 1
[   14.320967] leds-gpio leds: using DT '/leds/led2' for '(default)' GPIO lookup
[   14.321074] of_get_named_gpiod_flags: parsed 'gpios' property of node '/leds/led2[0]' - status (0)
[   14.321135] gpio gpiochip0: Persistence not supported for GPIO 21
[   14.321153] gpio-533 (?): no flags found for GPIO (default)
[   14.335245] leds-gpio leds: using DT '/leds/led3' for '(default)' GPIO lookup
[   14.335366] of_get_named_gpiod_flags: parsed 'gpios' property of node '/leds/led3[0]' - status (0)
[   14.335616] gpio gpiochip0: Persistence not supported for GPIO 22
[   14.335636] gpio-534 (?): no flags found for GPIO (default)
[   14.382534] leds-gpio leds: using DT '/leds/led4' for '(default)' GPIO lookup
[   14.382845] of_get_named_gpiod_flags: parsed 'gpios' property of node '/leds/led4[0]' - status (0)
[   14.382909] gpio gpiochip0: Persistence not supported for GPIO 23
[   14.382924] gpio-535 (?): no flags found for GPIO (default)
[   14.418996] leds-gpio leds: using DT '/leds/led5' for '(default)' GPIO lookup
[   14.419094] of_get_named_gpiod_flags: parsed 'gpios' property of node '/leds/led5[0]' - status (0)
[   14.419146] gpio gpiochip0: Persistence not supported for GPIO 24
[   14.419162] gpio-536 (?): no flags found for GPIO (default)
[   14.716831] remoteproc remoteproc0: wkup_m3 is available
[   15.066058] at24 2-0054: supply vcc not found, using dummy regulator
[   15.095507] omap_rtc 44e3e000.rtc: registered as rtc0
[   15.101175] omap_rtc 44e3e000.rtc: setting system clock to 2000-01-01T00:00:00 UTC (946684800)
[   15.110877] omap_rtc 44e3e000.rtc: using DT '/ocp/interconnect@44c00000/segment@200000/target-module@3e000/rtc@0' for 'wp' GPIO lookup
[   15.110948] of_get_named_gpiod_flags: can't parse 'wp-gpios' property of node '/ocp/interconnect@44c00000/segment@200000/target-module@3e000/rtc@0[0]'
[   15.111000] of_get_named_gpiod_flags: can't parse 'wp-gpio' property of node '/ocp/interconnect@44c00000/segment@200000/target-module@3e000/rtc@0[0]'
[   15.111042] omap_rtc 44e3e000.rtc: using lookup tables for GPIO lookup
[   15.111057] omap_rtc 44e3e000.rtc: No GPIO consumer wp found
[   15.203319] at24 2-0055: supply vcc not found, using dummy regulator
[   15.266943] am335x-phy-driver 47401300.usb-phy: using DT '/ocp/target-module@47400000/usb-phy@1300' for 'reset' GPIO lookup
[   15.267041] of_get_named_gpiod_flags: can't parse 'reset-gpios' property of node '/ocp/target-module@47400000/usb-phy@1300[0]'
[   15.267091] of_get_named_gpiod_flags: can't parse 'reset-gpio' property of node '/ocp/target-module@47400000/usb-phy@1300[0]'
[   15.267131] am335x-phy-driver 47401300.usb-phy: using lookup tables for GPIO lookup
[   15.267145] am335x-phy-driver 47401300.usb-phy: No GPIO consumer reset found
[   15.267162] am335x-phy-driver 47401300.usb-phy: using DT '/ocp/target-module@47400000/usb-phy@1300' for 'vbus-detect' GPIO lookup
[   15.267196] of_get_named_gpiod_flags: can't parse 'vbus-detect-gpios' property of node '/ocp/target-module@47400000/usb-phy@1300[0]'
[   15.267229] of_get_named_gpiod_flags: can't parse 'vbus-detect-gpio' property of node '/ocp/target-module@47400000/usb-phy@1300[0]'
[   15.267257] am335x-phy-driver 47401300.usb-phy: using lookup tables for GPIO lookup
[   15.267270] am335x-phy-driver 47401300.usb-phy: No GPIO consumer vbus-detect found
[   15.267421] am335x-phy-driver 47401300.usb-phy: dummy supplies not allowed for exclusive requests (id=vbus)
[   15.362127] at24 2-0056: supply vcc not found, using dummy regulator
[   15.462221] at24 2-0057: supply vcc not found, using dummy regulator
[   15.470402] am335x-phy-driver 47401b00.usb-phy: using DT '/ocp/target-module@47400000/usb-phy@1b00' for 'reset' GPIO lookup
[   15.470493] of_get_named_gpiod_flags: can't parse 'reset-gpios' property of node '/ocp/target-module@47400000/usb-phy@1b00[0]'
[   15.470537] of_get_named_gpiod_flags: can't parse 'reset-gpio' property of node '/ocp/target-module@47400000/usb-phy@1b00[0]'
[   15.470576] am335x-phy-driver 47401b00.usb-phy: using lookup tables for GPIO lookup
[   15.470591] am335x-phy-driver 47401b00.usb-phy: No GPIO consumer reset found
[   15.470607] am335x-phy-driver 47401b00.usb-phy: using DT '/ocp/target-module@47400000/usb-phy@1b00' for 'vbus-detect' GPIO lookup
[   15.470640] of_get_named_gpiod_flags: can't parse 'vbus-detect-gpios' property of node '/ocp/target-module@47400000/usb-phy@1b00[0]'
[   15.470674] of_get_named_gpiod_flags: can't parse 'vbus-detect-gpio' property of node '/ocp/target-module@47400000/usb-phy@1b00[0]'
[   15.470702] am335x-phy-driver 47401b00.usb-phy: using lookup tables for GPIO lookup
[   15.470714] am335x-phy-driver 47401b00.usb-phy: No GPIO consumer vbus-detect found
[   15.470859] am335x-phy-driver 47401b00.usb-phy: dummy supplies not allowed for exclusive requests (id=vbus)
[   15.631825] at24 0-0050: using DT '/ocp/interconnect@44c00000/segment@200000/target-module@b000/i2c@0/eeprom@50' for 'wp' GPIO lookup
[   15.631946] of_get_named_gpiod_flags: can't parse 'wp-gpios' property of node '/ocp/interconnect@44c00000/segment@200000/target-module@b000/i2c@0/eeprom@50[0]'
[   15.632011] of_get_named_gpiod_flags: can't parse 'wp-gpio' property of node '/ocp/interconnect@44c00000/segment@200000/target-module@b000/i2c@0/eeprom@50[0]'
[   15.632060] at24 0-0050: using lookup tables for GPIO lookup
[   15.632075] at24 0-0050: No GPIO consumer wp found
[   15.632422] at24 0-0050: 32768 byte 24c256 EEPROM, writable, 1 bytes/write
[   15.794776] tps6521x_pwrbutton tps65217-pwrbutton: DMA mask not set
[   15.906750] input: tps65217_pwrbutton as /devices/platform/ocp/44c00000.interconnect/44c00000.interconnect:segment@200000/44e0b000.target-module/44e0b000.i2c/i2c-0/0-0024/tps65217-pwrbutton/input/input0
[   16.179780] wkup_m3_ipc 44e11324.wkup_m3_ipc: IPC Request for A8->M3 Channel failed! -517
[   16.433355] omap_wdt: OMAP Watchdog Timer Rev 0x01: initial timeout 60 sec
[   16.444615] wkup_m3_ipc 44e11324.wkup_m3_ipc: IPC Request for A8->M3 Channel failed! -517
