Labgrid Console Logfile for main
Logfile started at 2025-06-16 00:30:55.337048
=== Log starts here ===
reading args
spl_load_image_fat_os: error reading image args, err - -1
reading u-boot.img
reading u-boot.img


U-Boot 2014.04-00014-g47880f5 (Apr 22 2014 - 13:23:54)

I2C:   ready
DRAM:  512 MiB
NAND:  0 MiB
MMC:   OMAP SD/MMC: 0, OMAP SD/MMC: 1
*** Warning - readenv() failed, using default environment

Net:   <ethaddr> not set. Validating first E-fuse MAC
cpsw, usb_ether
Hit any key to stop autoboot:  1  0 
gpio: pin 53 (gpio 53) value is 1
mmc0 is current device
gpio: pin 54 (gpio 54) value is 1
SD/MMC found on device 0
reading uEnv.txt
569 bytes read in 4 ms (138.7 KiB/s)
gpio: pin 55 (gpio 55) value is 1
Loaded environment from uEnv.txt
Importing environment from mmc ...
Checking if uenvcmd is set ...
gpio: pin 56 (gpio 56) value is 1
Running uenvcmd ...
cpsw Waiting for PHY auto negotiation to complete. done
link up on port 0, speed 100, full duplex
Using cpsw device
TFTP from server 192.168.255.126; our IP address is 192.168.255.1
Filename 'zImage'.
Load address: 0x81000000
Loading: *#################################################################
	 #################################################################
	 #################################################################
	 #################################################################
	 #################################################################
	 ##########################################################
	 2.4 MiB/s
done
Bytes transferred = 5617496 (55b758 hex)
link up on port 0, speed 100, full duplex
Using cpsw device
TFTP from server 192.168.255.126; our IP address is 192.168.255.1
Filename 'am335x-boneblack.dtb'.
Load address: 0x82000000
Loading: *#######
	 1.2 MiB/s
done
Bytes transferred = 98244 (17fc4 hex)
Kernel image @ 0x81000000 [ 0x000000 - 0x55b758 ]
## Flattened Device Tree blob at 82000000
   Booting using the fdt blob at 0x82000000
   Using Device Tree in place at 82000000, end 8201afc3

Starting kernel ...

[    0.000000] Booting Linux on physical CPU 0x0
[    0.000000] Linux version 6.16.0-rc2 (user01@drvtest01) (arm-none-eabi-gcc (Arm GNU Toolchain 14.2.Rel1 (Build arm-14.52)) 14.2.1 20241119, GNU ld (Arm GNU Toolchain 14.2.Rel1 (Build arm-14.52)) 2.43.1.20241119) #1 SMP Mon Jun 16 00:27:10 EEST 2025
[    0.000000] CPU: ARMv7 Processor [413fc082] revision 2 (ARMv7), cr=10c5387d
[    0.000000] CPU: PIPT / VIPT nonaliasing data cache, VIPT aliasing instruction cache
[    0.000000] OF: fdt: Machine model: TI AM335x BeagleBone Black
[    0.000000] Memory policy: Data cache writeback
[    0.000000] cma: Reserved 16 MiB at 0x9e800000
[    0.000000] Zone ranges:
[    0.000000]   Normal   [mem 0x0000000080000000-0x000000009fdfffff]
[    0.000000]   HighMem  empty
[    0.000000] Movable zone start for each node
[    0.000000] Early memory node ranges
[    0.000000]   node   0: [mem 0x0000000080000000-0x000000009fdfffff]
[    0.000000] Initmem setup node 0 [mem 0x0000000080000000-0x000000009fdfffff]
[    0.000000] On node 0, zone Normal: 512 pages in unavailable ranges
[    0.000000] OF: reserved mem: Reserved memory: No reserved-memory node in the DT
[    0.000000] CPU: All CPU(s) started in SVC mode.
[    0.000000] AM335X ES2.1 (sgx neon)
[    0.000000] percpu: Embedded 17 pages/cpu s39820 r8192 d21620 u69632
[    0.000000] Kernel command line: console=ttyO0,115200n8 root=/dev/nfs rw nfsroot=192.168.255.126:/home/user01/nfs,nfsvers=3 ip=192.168.255.1:192.168.255.126::255.255.255.0:bbb1:eth0 nfsrootdebug
[    0.000000] Unknown kernel command line parameters "nfsrootdebug", will be passed to user space.
[    0.000000] printk: log buffer data + meta data: 65536 + 204800 = 270336 bytes
[    0.000000] Dentry cache hash table entries: 65536 (order: 6, 262144 bytes, linear)
[    0.000000] Inode-cache hash table entries: 32768 (order: 5, 131072 bytes, linear)
[    0.000000] Built 1 zonelists, mobility grouping on.  Total pages: 130560
[    0.000000] mem auto-init: stack:off, heap alloc:off, heap free:off
[    0.000000] SLUB: HWalign=16, Order=0-3, MinObjects=0, CPUs=1, Nodes=1
[    0.000000] rcu: Hierarchical RCU implementation.
[    0.000000] rcu: 	RCU event tracing is enabled.
[    0.000000] rcu: 	RCU restricting CPUs from NR_CPUS=2 to nr_cpu_ids=1.
[    0.000000] 	Tracing variant of Tasks RCU enabled.
[    0.000000] rcu: RCU calculated value of scheduler-enlistment delay is 10 jiffies.
[    0.000000] rcu: Adjusting geometry for rcu_fanout_leaf=16, nr_cpu_ids=1
[    0.000000] RCU Tasks Trace: Setting shift to 0 and lim to 1 rcu_task_cb_adjust=1 rcu_task_cpu_ids=1.
[    0.000000] NR_IRQS: 16, nr_irqs: 16, preallocated irqs: 16
[    0.000000] IRQ: Found an INTC at 0x(ptrval) (revision 5.0) with 128 interrupts
[    0.000000] rcu: srcu_init: Setting srcu_struct sizes based on contention.
[    0.000000] TI gptimer clocksource: always-on /ocp/interconnect@44c00000/segment@200000/target-module@31000
[    0.000003] sched_clock: 32 bits at 24MHz, resolution 41ns, wraps every 89478484971ns
[    0.000027] clocksource: dmtimer: mask: 0xffffffff max_cycles: 0xffffffff, max_idle_ns: 79635851949 ns
[    0.000506] TI gptimer clockevent: 24000000 Hz at /ocp/interconnect@48000000/segment@0/target-module@40000
[    0.002125] Console: colour dummy device 80x30
[    0.002194] WARNING: Your 'console=ttyO0' has been replaced by 'ttyS0'
[    0.002202] This ensures that you still see kernel messages. Please
[    0.002206] update your kernel commandline.
[    0.002248] Calibrating delay loop... 996.14 BogoMIPS (lpj=4980736)
[    0.090554] CPU: Testing write buffer coherency: ok
[    0.090663] CPU0: Spectre v2: using BPIALL workaround
[    0.090673] pid_max: default: 32768 minimum: 301
[    0.090827] LSM: initializing lsm=capability
[    0.091006] Mount-cache hash table entries: 1024 (order: 0, 4096 bytes, linear)
[    0.091026] Mountpoint-cache hash table entries: 1024 (order: 0, 4096 bytes, linear)
[    0.092665] CPU0: thread -1, cpu 0, socket -1, mpidr 0
[    0.092722] cacheinfo: Unable to detect cache hierarchy for CPU 0
[    0.094764] Setting up static identity map for 0x80100000 - 0x80100078
[    0.095092] rcu: Hierarchical SRCU implementation.
[    0.095104] rcu: 	Max phase no-delay instances is 1000.
[    0.096850] smp: Bringing up secondary CPUs ...
[    0.096907] smp: Brought up 1 node, 1 CPU
[    0.096919] SMP: Total of 1 processors activated (996.14 BogoMIPS).
[    0.096930] CPU: All CPU(s) started in SVC mode.
[    0.097123] Memory: 480820K/522240K available (11264K kernel code, 1220K rwdata, 2924K rodata, 1024K init, 288K bss, 23388K reserved, 16384K cma-reserved, 0K highmem)
[    0.097949] devtmpfs: initialized
[    0.115617] VFP support v0.3: implementor 41 architecture 3 part 30 variant c rev 3
[    0.116254] clocksource: jiffies: mask: 0xffffffff max_cycles: 0xffffffff, max_idle_ns: 19112604462750000 ns
[    0.116309] posixtimers hash table entries: 512 (order: 0, 4096 bytes, linear)
[    0.116335] futex hash table entries: 256 (16384 bytes on 1 NUMA nodes, total 16 KiB, linear).
[    0.117475] pinctrl core: initialized pinctrl subsystem
[    0.119509] NET: Registered PF_NETLINK/PF_ROUTE protocol family
[    0.122950] DMA: preallocated 256 KiB pool for atomic coherent allocations
[    0.123901] audit: initializing netlink subsys (disabled)
[    0.125256] thermal_sys: Registered thermal governor 'fair_share'
[    0.125273] thermal_sys: Registered thermal governor 'step_wise'
[    0.125280] thermal_sys: Registered thermal governor 'user_space'
[    0.125393] audit: type=2000 audit(0.120:1): state=initialized audit_enabled=0 res=1
[    0.125462] cpuidle: using governor menu
[    0.143387] /ocp/interconnect@44c00000/segment@200000/target-module@b000/i2c@0/tda19988@70: Fixed dependency cycle(s) with /ocp/interconnect@48000000/segment@300000/target-module@e000/lcdc@0
[    0.144513] /ocp/interconnect@48000000/segment@300000/target-module@e000/lcdc@0: Fixed dependency cycle(s) with /ocp/interconnect@44c00000/segment@200000/target-module@b000/i2c@0/tda19988@70
[    0.146674] No ATAGs?
[    0.146718] hw-breakpoint: debug architecture 0x4 unsupported.
[    0.149420] kprobes: kprobe jump-optimization is enabled. All kprobes are optimized if possible.
[    0.164261] iommu: Default domain type: Translated
[    0.164283] iommu: DMA domain TLB invalidation policy: strict mode
[    0.171825] SCSI subsystem initialized
[    0.172692] pps_core: LinuxPPS API ver. 1 registered
[    0.172705] pps_core: Software ver. 5.3.6 - Copyright 2005-2007 Rodolfo Giometti <giometti@linux.it>
[    0.172731] PTP clock support registered
[    0.174694] vgaarb: loaded
[    0.181114] clocksource: Switched to clocksource dmtimer
[    0.181816] VFS: Disk quotas dquot_6.6.0
[    0.181870] VFS: Dquot-cache hash table entries: 1024 (order 0, 4096 bytes)
[    0.208939] NET: Registered PF_INET protocol family
[    0.209283] IP idents hash table entries: 8192 (order: 4, 65536 bytes, linear)
[    0.210724] tcp_listen_portaddr_hash hash table entries: 512 (order: 0, 4096 bytes, linear)
[    0.210763] Table-perturb hash table entries: 65536 (order: 6, 262144 bytes, linear)
[    0.210782] TCP established hash table entries: 4096 (order: 2, 16384 bytes, linear)
[    0.210827] TCP bind hash table entries: 4096 (order: 4, 65536 bytes, linear)
[    0.210926] TCP: Hash tables configured (established 4096 bind 4096)
[    0.211045] UDP hash table entries: 256 (order: 1, 14336 bytes, linear)
[    0.211081] UDP-Lite hash table entries: 256 (order: 1, 14336 bytes, linear)
[    0.211263] NET: Registered PF_UNIX/PF_LOCAL protocol family
[    0.212578] RPC: Registered named UNIX socket transport module.
[    0.212598] RPC: Registered udp transport module.
[    0.212603] RPC: Registered tcp transport module.
[    0.212608] RPC: Registered tcp-with-tls transport module.
[    0.212613] RPC: Registered tcp NFSv4.1 backchannel transport module.
[    0.212636] PCI: CLS 0 bytes, default 64
[    0.214007] Initialise system trusted keyrings
[    0.215376] workingset: timestamp_bits=14 max_order=17 bucket_order=3
[    0.216744] NFS: Registering the id_resolver key type
[    0.216821] Key type id_resolver registered
[    0.216828] Key type id_legacy registered
[    0.216932] jffs2: version 2.2. (NAND) (SUMMARY)  Â© 2001-2006 Red Hat, Inc.
[    0.217470] Key type asymmetric registered
[    0.217487] Asymmetric key parser 'x509' registered
[    0.217561] io scheduler mq-deadline registered
[    0.217571] io scheduler kyber registered
[    0.217640] io scheduler bfq registered
[    0.227182] target-module@4b000000:target-module@140000:pmu@0:fck: device ID is greater than 24
[    0.233360] l3-aon-clkctrl:0000:0: failed to disable
[    0.233419] ledtrig-cpu: registered to indicate activity on CPUs
[    0.236454] Serial: 8250/16550 driver, 6 ports, IRQ sharing enabled
[    0.290823] brd: module loaded
[    0.299505] loop: module loaded
[    0.300432] mtdoops: mtd device (mtddev=name/number) must be supplied
[    0.310087] i2c_dev: i2c /dev entries driver
[    0.311077] cpuidle: enable-method property 'ti,am3352' found operations
[    0.311520] sdhci: Secure Digital Host Controller Interface driver
[    0.311531] sdhci: Copyright(c) Pierre Ossman
[    0.311700] sdhci-pltfm: SDHCI platform and OF driver helper
[    0.313149] hw perfevents: enabled with armv7_cortex_a8 PMU driver, 5 (8000000f) counters available
[    0.313666] Initializing XFRM netlink socket
[    0.313848] NET: Registered PF_INET6 protocol family
[    0.319505] l3-aon-clkctrl:0000:0: failed to disable
[    0.327753] Segment Routing with IPv6
[    0.327838] In-situ OAM (IOAM) with IPv6
[    0.327936] sit: IPv6, IPv4 and MPLS over IPv4 tunneling driver
[    0.328888] NET: Registered PF_PACKET protocol family
[    0.328916] NET: Registered PF_KEY protocol family
[    0.329031] Key type dns_resolver registered
[    0.329257] ThumbEE CPU extension supported.
[    0.329275] Registering SWP/SWPB emulation handler
[    0.329811] omap_voltage_late_init: Voltage driver support not added
[    0.330504] SmartReflex Class3 initialized
[    0.362089] Loading compiled-in X.509 certificates
[    0.403393] /ocp/interconnect@44c00000/segment@200000/target-module@b000/i2c@0/tda19988@70: Fixed dependency cycle(s) with /ocp/interconnect@48000000/segment@300000/target-module@e000/lcdc@0
[    0.409986] /ocp/interconnect@44c00000/segment@200000/target-module@b000/i2c@0/tda19988@70: Fixed dependency cycle(s) with /ocp/interconnect@48000000/segment@300000/target-module@e000/lcdc@0
[    0.439128] /ocp/interconnect@44c00000/segment@200000/target-module@b000/i2c@0/tda19988@70: Fixed dependency cycle(s) with /ocp/interconnect@48000000/segment@300000/target-module@e000/lcdc@0
[    0.439983] /ocp/interconnect@44c00000/segment@200000/target-module@b000/i2c@0/tda19988@70: Fixed dependency cycle(s) with /ocp/interconnect@48000000/segment@300000/target-module@e000/lcdc@0
[    0.443423] /ocp/interconnect@44c00000/segment@200000/target-module@10000/scm@0/pinmux@800: Fixed dependency cycle(s) with /ocp/interconnect@44c00000/segment@200000/target-module@10000/scm@0/pinmux@800/clkout2-pins
[    0.444013] pinctrl-single 44e10800.pinmux: 142 pins, size 568
[    0.449646] ti-sysc 44e31000.target-module: probe with driver ti-sysc failed with error -16
[    0.475709] /ocp/interconnect@48000000/segment@300000/target-module@e000/lcdc@0: Fixed dependency cycle(s) with /ocp/interconnect@44c00000/segment@200000/target-module@b000/i2c@0/tda19988@70
[    0.483786] ti-sysc 48040000.target-module: probe with driver ti-sysc failed with error -16
[    0.528969] OMAP GPIO hardware version 0.1
[    0.569635] omap_i2c 4819c000.i2c: bus 2 rev0.11 at 100 kHz
[    0.585728] 48000000.interconnect:segment@200000:target-module@0:mpu@0:fck: device ID is greater than 24
[    0.586684] /ocp/interconnect@48000000/segment@300000/target-module@e000/lcdc@0: Fixed dependency cycle(s) with /ocp/interconnect@44c00000/segment@200000/target-module@b000/i2c@0/tda19988@70
[    0.589497] /ocp/interconnect@48000000/segment@300000/target-module@e000/lcdc@0: Fixed dependency cycle(s) with /ocp/interconnect@44c00000/segment@200000/target-module@b000/i2c@0/tda19988@70
[    0.590201] /ocp/interconnect@44c00000/segment@200000/target-module@b000/i2c@0/tda19988@70: Fixed dependency cycle(s) with /ocp/interconnect@48000000/segment@300000/target-module@e000/lcdc@0
[    0.590361] /ocp/interconnect@480000 00/segment@300000/target-module@e000/lcdc@0: Fixed dependency cycle(s) with /ocp/interconnect@44c00000/segment@200000/target-module@b000/i2c@0/tda19988@70
[    0.601520] sdhci-omap 481d8000.mmc: supply pbias not found, using dummy regulator
[    0.602019] sdhci-omap 481d8000.mmc: supply vqmmc not found, using dummy regulator
[    0.650150] davinci_mdio 4a101000.mdio: davinci mdio revision 1.6, bus freq 1000000
[    0.801404] davinci_mdio 4a101000.mdio: phy[0]: device 4a101000.mdio:00, driver SMSC LAN8 710/LAN8720
[    0.802175] cpsw-switch 4a100000.switch: initialized cpsw ale version 1.4
[    0.802195] cpsw-switch 4a100000.switch: ALE Table size 1024, Policers 0
[    0.802349] cpsw-switch 4a100000.switch: cpts: overflow check period 500 (jiffies)
[    0.802365] cpsw-switch 4a100000.switch: CPTS: ref_clk_freq:250000000 calc_mult:2147483648 calc_shift:29 error:0 nsec/sec
[    0.802481] cpsw-switch 4a100000.switch: Detected MACID = 6c:ec:eb:68:de:78
[    0.804321] cpsw-switch 4a100000.switch: initialized (regs 0x4a100000, pool size 256) hw_ver:0019010C 1.12 (0)
[    0.815425] debugfs: Directory '49000000.dma' with parent 'dmaengine' already present!
[    0.815470] edma 49000000.dma: TI EDMA DMA engine driver
[    0.871780] 44e09000.serial: ttyS0 at MMIO 0x44e09000 (irq = 34, base_baud = 3000000) is a 8250
[    0.871871] printk: legacy console [ttyS0] enabled
[    2.376020] tps65217-pmic: Failed to locate of_node [id: -1]
[    2.382089] tps65217-bl: Failed to locate of_node [id: -1]
[    2.388162] platform tps65217-charger: DMA mask not set
[    2.394179] platform tps65217-pwrbutton: DMA mask not set
[    2.401565] tps65217 0-0024: TPS65217 ID 0xe version 1.2
[    2.407705] /ocp/interconnect@48000000/segment@300000/target-module@e000/lcdc@0: Fixed dependency cycle(s) with /ocp/interconnect@44c00000/segment@200000/target-module@b000/i2c@0/tda19988@70
[    2.425123] /ocp/interconnect@44c00000/segment@200000/target-module@b000/i2c@0/tda19988@70: Fixed dependency cycle(s) with /ocp/interconnect@48000
[    5.765826] cpsw-switch 4a100000.switch eth0: Link is Up - 100Mbps/Full - flow control off
[    5.805303] IP-Config: Complete:
[    5.808578]      device=eth0, hwaddr=6c:ec:eb:68:de:78, ipaddr=192.168.255.1, mask=255.255.255.0, gw=255.255.255.255
[    5.819250]      host=bbb1, domain=, nis-domain=(none)
[    5.824418]      bootserver=192.168.255.126, rootserver=192.168.255.126, rootpath=
[    5.824849] clk: Disabling unused clocks
[    5.836690] PM: genpd: Disabling unused power domains
[    5.841807] KTAP version 1
[    5.844526] 1..0
[    5.869461] VFS: Mounted root (nfs filesystem) on device 0:17.
[    5.876635] devtmpfs: mounted
[    5.881116] Freeing unused kernel image (initmem) memory: 1024K
[    5.888086] Run /sbin/init as init process
[    6.573716] systemd[1]: System time before build time, advancing clock.
[    8.045069] random: crng init done
[    8.057578] systemd[1]: systemd 232 running in system mode. (+PAM +AUDIT +SELINUX +IMA +APPARMOR +SMACK +SYSVINIT +UTMP +LIBCRYPTSETUP +GCRYPT +GNUTLS +ACL +XZ +LZ4 +SECCOMP +BLKID +ELFUTILS +KMOD +IDN)
[    8.076681] systemd[1]: Detected architecture arm.

Welcome to [1mDebian GNU/Linux 9 (stretch)[0m!

[    8.108183] systemd[1]: Set hostname to <arm>.
[    9.204621] systemd[1]: systemd-journald-dev-log.socket: SO_PASSSEC failed: Operation not supported
[    9.214386] systemd[1]: Listening on Journal Socket (/dev/log).
[[0;32m  OK  [0m] Listening on Journal Socket (/dev/log).
[    9.237099] systemd[1]: Listening on udev Control Socket.
[[0;32m  OK  [0m] Listening on udev Control Socket.
[    9.265771] systemd[1]: systemd-journald.socket: SO_PASSSEC failed: Operation not supported
[    9.274391] systemd[1]: systemd-journald.socket: SO_PASSSEC failed: Operation not supported
[    9.283057] systemd[1]: Listening on Journal Socket.
[[0;32m  OK  [0m] Listening on Journal Socket.
[    9.305517] systemd[1]: Reached target Remote File Systems.
[[0;32m  OK  [0m] Reached target Remote File Systems.
[[0;32m  OK  [0m] Listening on Syslog Socket.
[[0;32m  OK  [0m] Listening on Journal Audit Socket.
[[0;32m  OK  [0m] Started Dispatch Password Requests to Console Directory Watch.
[[0;32m  OK  [0m] Started Forward Password Requests to Wall Directory Watch.
[[0;32m  OK  [0m] Reached target Paths.
[[0;32m  OK  [0m] Reached target Swap.
[[0;32m  OK  [0m] Created slice User and Session Slice.
[[0;32m  OK  [0m] Created slice System Slice.
         Starting Load Kernel Modules...
         Mounting POSIX Message Queue File System...
[[0;32m  OK  [0m] Reached target Slices.
[[0;32m  OK  [0m] Created slice system-getty.slice.
[[0;32m  OK  [0m] Listening on udev Kernel Socket.
         Mounting Debug File System...
[[0;32m  OK  [0m] Reached target Encrypted Volumes.
[[0;32m  OK  [0m] Created slice system-serial\x2dgetty.slice.
         Starting Create list of required stâ€¦ce nodes for the current kernel...
         Starting Remount Root and Kernel File Systems...
[[0;32m  OK  [0m] Set up automount Arbitrary Executabâ€¦rmats File System Automount Point.
[[0;32m  OK  [0m] Listening on /dev/initctl Compatibility Named Pipe.
         Starting Journal Service...
[[0;32m  OK  [0m] Mounted POSIX Message Queue File System.
[[0;32m  OK  [0m] Mounted Debug File System.
[[0;32m  OK  [0m] Started Load Kernel Modules.
[[0;32m  OK  [0m] Started Create list of required staâ€¦vice nodes for the current kernel.
[[0;32m  OK  [0m] Started Remount Root and Kernel File Systems.
         Starting Load/Save Random Seed...
         Starting udev Coldplug all Devices...
         Starting Create Static Device Nodes in /dev...
         Starting Apply Kernel Variables...
         Mounting Configuration File System...
[[0;32m  OK  [0m] Started Load/Save Random Seed.
[[0;32m  OK  [0m] Mounted Configuration File System.
[[0;32m  OK  [0m] Started Apply Kernel Variables.
[[0;32m  OK  [0m] Started Create Static Device Nodes in /dev.
         Starting udev Kernel Device Manager...
[[0;32m  OK  [0m] Reached target Local File Systems (Pre).
[[0;32m  OK  [0m] Reached target Local File Systems.
         Starting Raise network interfaces...
[[0;32m  OK  [0m] Started Journal Service.
         Starting Flush Journal to Persistent Storage...
[   11.618562] systemd-journald[94]: Received request to flush runtime journal from PID 1
[[0;32m  OK  [0m] Started Flush Journal to Persistent Storage.
         Starting Create Volatile Files and Directories...
[[0;32m  OK  [0m] Started udev Kernel Device Manager.
[[0;32m  OK  [0m] Started Create Volatile Files and Directories.
         Starting Update UTMP about System Boot/Shutdown...
         Starting Network Time Synchronization...
[[0;32m  OK  [0m] Started Update UTMP about System Boot/Shutdown.
[[0;32m  OK  [0m] Started udev Coldplug all Devices.
[   14.610544] remoteproc remoteproc0: wkup_m3 is available
[   15.036653] omap_rtc 44e3e000.rtc: registered as rtc0
[   15.041855] omap_rtc 44e3e000.rtc: setting system clock to 2000-01-01T00:00:00 UTC (946684800)
[   15.087148] at24 2-0054: supply vcc not found, using dummy regulator
[   15.176559] omap_wdt: OMAP Watchdog Timer Rev 0x01: initial timeout 60 sec
[   15.220649] at24 2-0055: supply vcc not found, using dummy regulator
[[0;32m  OK  [0m] Found device /dev/ttyS0.
[[0;32m  OK  [0m] Started Network Time Synchronization.
[   15.347824] at24 2-0056: supply vcc not found, using dummy regulator
[   15.434319] at24 2-0057: supply vcc not found, using dummy regulator
[[0;32m  OK  [0m] Reached target System Initialization.
[   15.591333] input: tps65217_pwrbutton as /devices/platform/ocp/44c00000.interconnect/44c00000.interconnect:segment@200000/44e0b000.target-module/44e0b000.i2c/i2c-0/0-0024/tps65217-pwrbutton/input/input0
[[0;32m  OK  [0m] Started Daily Cleanup of Temporary Directories.
[   15.625332] at24 0-0050: 32768 byte 24c256 EEPROM, writable, 1 bytes/write
[[0;32m  OK  [0m] Listening on D-Bus System Message Bus Socket.
[[0;32m  OK  [0m] Listening on Avahi mDNS/DNS-SD Stack Activation Socket.
[[0;32m  OK  [0m] Reached target Sockets.
[[0;32m  OK  [0m] Reached target Basic System.
[   16.101076] am335x-phy-driver 47401300.usb-phy: dummy supplies not allowed for exclusive requests (id=vbus)
         Starting Generic Board Startup...
         Starting LSB: Start busybox udhcpd at boot time...
[   16.317008] am335x-phy-driver 47401b00.usb-phy: dummy supplies not allowed for exclusive requests (id=vbus)
[   16.338709] usbcore: registered new interface driver usbfs
[   16.344352] usbcore: registered new interface driver hub
[   16.350040] usbcore: registered new device driver usb
         Starting DUN service...
         Starting Telephony service...
         Starting Cape Manager Service...
[[0;32m  OK  [0m] Started D-Bus System Message Bus.
[   17.458738] musb-hdrc musb-hdrc.1: MUSB HDRC host driver
[   17.464158] musb-hdrc musb-hdrc.1: new USB bus registered, assigned bus number 1
[   17.498770] omap-mailbox 480c8000.mailbox: omap mailbox rev 0x400
[   17.612940] remoteproc remoteproc0: powering up wkup_m3
[   17.732900] usb usb1: New USB device found, idVendor=1d6b, idProduct=0002, bcdDevice= 6.16
[   17.741432] usb usb1: New USB device strings: Mfr=3, Product=2, SerialNumber=1
[   17.748778] usb usb1: Product: MUSB HDRC host driver
[   17.753772] usb usb1: Manufacturer: Linux 6.16.0-rc2 musb-hcd
[   17.759596] usb usb1: SerialNumber: musb-hdrc.1
[   17.793715] tda998x 0-0070: found TDA19988
[   17.853821] remoteproc remoteproc0: Direct firmware load for am335x-pm-firmware.elf failed with error -2
[   17.863715] remoteproc remoteproc0: request_firmware failed: -2
[   17.869747] wkup_m3_ipc 44e11324.wkup_m3_ipc: rproc_boot failed
[   18.195873] hub 1-0:1.0: USB hub found
[   18.253994] hub 1-0:1.0: 1 port detected
[   19.704007] omap_rng 48310000.rng: Random Number Generator ver. 20
[   20.126477] tilcdc 4830e000.lcdc: bound 0-0070 (ops tda998x_audio_codec_init [tda998x])
[   20.195906] [drm] Initialized tilcdc 1.0.0 for 4830e000.lcdc on minor 0
[   20.264723] tilcdc 4830e000.lcdc: [drm] Cannot find any crtc or sizes
[   20.272885] tilcdc 4830e000.lcdc: [drm] Cannot find any crtc or sizes
[[0;32m  OK  [0m] Started DUN service.
[[0;32m  OK  [0m] Started Telephony service.
         Starting Connection service...
         Starting LSB: Load kernel modules needed to enable cpufreq scaling...
[   21.040490] PM: Cannot get wkup_m3_ipc handle
[   21.111142] omap-sham 53100000.sham: hw accel on OMAP rev 4.3
[   21.243335] omap-aes 53500000.aes: OMAP AES hw accel rev: 3.2
[   21.249977] omap-sham 53100000.sham: will run requests pump with realtime priority
[   21.270423] PM: Cannot get wkup_m3_ipc handle
         Starting System Logging Service...
[   21.371079] omap-aes 53500000.aes: will run requests pump with realtime priority
[   21.383829] PM: Cannot get wkup_m3_ipc handle
         Starting Login Service...
         Starting Avahi mDNS/DNS-SD Stack...
[[0;32m  OK  [0m] Started Regular background program processing daemon.
[[0;32m  OK  [0m] Reached target System Time Synchronized.
[[0;32m  OK  [0m] Started Daily apt download activities.
[[0;32m  OK  [0m] Started Daily apt upgrade and clean activities.
[[0;32m  OK  [0m] Reached target Timers.
[[0;32m  OK  [0m] Started Cape Manager Service.
[   23.300010] Bluetooth: Core ver 2.22
[   23.303818] NET: Registered PF_BLUETOOTH protocol family
[   23.309428] Bluetooth: HCI device and connection manager initialized
[   23.315933] Bluetooth: HCI socket layer initialized
[   23.320848] Bluetooth: L2CAP socket layer initialized
[   23.326017] Bluetooth: SCO socket layer initialized
[[0;32m  OK  [0m] Started System Logging Service.
[   25.395287] gpio-537 (nxp,calib): gpiod_direction_output_nonotify: tried to set a GPIO tied to an IRQ as output
[   25.406360] PM: Cannot get wkup_m3_ipc handle
[   25.526190] PM: Cannot get wkup_m3_ipc handle
[   25.688368] tda9950 0-0034: TDA9950 CEC interface, hardware version 3.3
[   25.759175] PM: Cannot get wkup_m3_ipc handle
[[0;32m  OK  [0m] Started LSB: Start busybox udhcpd at boot time.
[[0;32m  OK  [0m] Started Raise network interfaces.
[   28.474921] configfs-gadget.g_multi gadget.0: HOST MAC 1c:ba:8c:a2:ed:6c
[   28.481937] configfs-gadget.g_multi gadget.0: MAC 1c:ba:8c:a2:ed:70
[   28.489351] configfs-gadget.g_multi gadget.0: HOST MAC 1c:ba:8c:a2:ed:6c
[   28.496210] configfs-gadget.g_multi gadget.0: MAC 1c:ba:8c:a2:ed:6d
[   28.504468] PM: Cannot get wkup_m3_ipc handle
[[0;32m  OK  [0m] Started LSB: Load kernel modules needed to enable cpufreq scaling.
[[0;32m  OK  [0m] Started Connection service.
[[0;32m  OK  [0m] Started Avahi mDNS/DNS-SD Stack.
[[0;32m  OK  [0m] Started Login Service.
[[0;32m  OK  [0m] Reached target Sound Card.
         Starting LSB: set CPUFreq kernel parameters...
[[0;32m  OK  [0m] Reached target Network.
[[0;32m  OK  [0m] Reached target Network is Online.
         Starting LSB: Advanced IEEE 802.11 management daemon...
         Starting Permit User Sessions...
         Starting OpenBSD Secure Shell server...
         Starting The Apache HTTP Server...
[[0;32m  OK  [0m] Started LSB: Advanced IEEE 802.11 management daemon.
[[0;32m  OK  [0m] Started Permit User Sessions.
         Starting Hostname Service...
         Starting WPA supplicant...
[[0;32m  OK  [0m] Started Serial Getty on ttyS0.
[[0;32m  OK  [0m] Started Getty on tty1.
[[0;32m  OK  [0m] Reached target Login Prompts.
[[0;32m  OK  [0m] Started LSB: set CPUFreq kernel parameters.
[[0;32m  OK  [0m] Started WPA supplicant.
[[0;32m  OK  [0m] Started Hostname Service.
[[0;32m  OK  [0m] Started OpenBSD Secure Shell server.
         Stopping LSB: Start busybox udhcpd at boot time...
[[0;32m  OK  [0m] Stopped LSB: Start busybox udhcpd at boot time.
[[0;32m  OK  [0m] Started The Apache HTTP Server.
         Starting dnsmasq - A lightweight DHCP and caching DNS server...
[[0;32m  OK  [0m] Started dnsmasq - A lightweight DHCP and caching DNS server.
[[0;32m  OK  [0m] Reached target Host and Network Name Lookups.
[[0;32m  OK  [0m] Started Serial Getty on ttyGS0.
[[0;32m  OK  [0m] Started Generic Board Startup.
[[0;32m  OK  [0m] Reached target Multi-User System.
[[0;32m  OK  [0m] Reached target Graphical Interface.
         Starting Update UTMP about System Runlevel Changes...
[[0;32m  OK  [0m] Started Update UTMP about System Runlevel Changes.

Debian GNU/Linux 9 arm ttyS0

default username:password is [debian:temppwd]

arm login: root
Password: 
Last login: Sat Jan  1 00:00:39 UTC 2000 on ttyS0
root
Linux arm 6.16.0-rc2 #1 SMP Mon Jun 16 00:27:10 EEST 2025 armv7l

The programs included with the Debian GNU/Linux system are free software;
the exact distribution terms for each program are described in the
individual files in /usr/share/doc/*/copyright.

Debian GNU/Linux comes with ABSOLUTELY NO WARRANTY, to the extent
permitted by applicable law.
root@arm:~# root
-bash: root: command not found
root@arm:~# dmesg -n 1
root@arm:~# echo 'HOBM''CXYGWP'
HOBMCXYGWP
root@arm:~# run() { echo -n "$MARKER"; sh -c "$@"; echo "$MARKER $?"; }
root@arm:~# echo 'TLLS''NFTLZS'
TLLSNFTLZS
root@arm:~# MARKER='ZXXL''ZGQYUY' run 'cat /proc/version'
ZXXLZGQYUYLinux version 6.16.0-rc2 (user01@drvtest01) (arm-none-eabi-gcc (Arm GNU Toolchain 14.2.Rel1 (Build arm-14.52)) 14.2.1 20241119, GNU ld (Arm GNU Toolchain 14.2.Rel1 (Build arm-14.52)) 2.43.1.20241119) #1 SMP Mon Jun 16 00:27:10 EEST 2025
ZXXLZGQYUY 0
root@arm:~# echo 'JFJL''GJFSKC'
JFJLGJFSKC
root@arm:~# MARKER='FWXP''EFOZWN' run false
FWXPEFOZWNFWXPEFOZWN 1
root@arm:~# Labgrid Console Logfile for main
Logfile started at 2025-06-16 00:31:58.231010
=== Log starts here ===

root@arm:~# run() { echo -n "$MARKER"; sh -c "$@"; echo "$MARKER $?"; }
root@arm:~# echo 'FVEG''EWGJLT'
FVEGEWGJLT
root@arm:~# MARKER='OQUX''VPOVBW' run 'ls /iio_generic_buffer; echo $?'
OQUXVPOVBW/iio_generic_buffer
0
OQUXVPOVBW 0
root@arm:Labgrid Console Logfile for main
Logfile started at 2025-06-16 00:32:01.646517
=== Log starts here ===

root@arm:~# run() { echo -n "$MARKER"; sh -c "$@"; echo "$MARKER $?"; }
root@arm:~# echo 'GMUV''GKABFM'
GMUVGKABFM
root@arm:~# MARKER='UYAL''WGQOXE' run dmesg
UYALWGQOXE[    0.000000] Booting Linux on physical CPU 0x0
[    0.000000] Linux version 6.16.0-rc2 (user01@drvtest01) (arm-none-eabi-gcc (Arm GNU Toolchain 14.2.Rel1 (Build arm-14.52)) 14.2.1 20241119, GNU ld (Arm GNU Toolchain 14.2.Rel1 (Build arm-14.52)) 2.43.1.20241119) #1 SMP Mon Jun 16 00:27:10 EEST 2025
[    0.000000] CPU: ARMv7 Processor [413fc082] revision 2 (ARMv7), cr=10c5387d
[    0.000000] CPU: PIPT / VIPT nonaliasing data cache, VIPT aliasing instruction cache
[    0.000000] OF: fdt: Machine model: TI AM335x BeagleBone Black
[    0.000000] Memory policy: Data cache writeback
[    0.000000] cma: Reserved 16 MiB at 0x9e800000
[    0.000000] Zone ranges:
[    0.000000]   Normal   [mem 0x0000000080000000-0x000000009fdfffff]
[    0.000000]   HighMem  empty
[    0.000000] Movable zone start for each node
[    0.000000] Early memory node ranges
[    0.000000]   node   0: [mem 0x0000000080000000-0x000000009fdfffff]
[    0.000000] Initmem setup node 0 [mem 0x0000000080000000-0x000000009fdfffff]
[    0.000000] On node 0, zone Normal: 512 pages in unavailable ranges
[    0.000000] OF: reserved mem: Reserved memory: No reserved-memory node in the DT
[    0.000000] CPU: All CPU(s) started in SVC mode.
[    0.000000] AM335X ES2.1 (sgx neon)
[    0.000000] percpu: Embedded 17 pages/cpu s39820 r8192 d21620 u69632
[    0.000000] pcpu-alloc: s39820 r8192 d21620 u69632 alloc=17*4096
[    0.000000] pcpu-alloc: [0] 0 
[    0.000000] Kernel command line: console=ttyO0,115200n8 root=/dev/nfs rw nfsroot=192.168.255.126:/home/user01/nfs,nfsvers=3 ip=192.168.255.1:192.168.255.126::255.255.255.0:bbb1:eth0 nfsrootdebug
[    0.000000] Unknown kernel command line parameters "nfsrootdebug", will be passed to user space.
[    0.000000] printk: log buffer data + meta data: 65536 + 204800 = 270336 bytes
[    0.000000] Dentry cache hash table entries: 65536 (order: 6, 262144 bytes, linear)
[    0.000000] Inode-cache hash table entries: 32768 (order: 5, 131072 bytes, linear)
[    0.000000] Built 1 zonelists, mobility grouping on.  Total pages: 130560
[    0.000000] mem auto-init: stack:off, heap alloc:off, heap free:off
[    0.000000] SLUB: HWalign=16, Order=0-3, MinObjects=0, CPUs=1, Nodes=1
[    0.000000] rcu: Hierarchical RCU implementation.
[    0.000000] rcu: 	RCU event tracing is enabled.
[    0.000000] rcu: 	RCU restricting CPUs from NR_CPUS=2 to nr_cpu_ids=1.
[    0.000000] 	Tracing variant of Tasks RCU enabled.
[    0.000000] rcu: RCU calculated value of scheduler-enlistment delay is 10 jiffies.
[    0.000000] rcu: Adjusting geometry for rcu_fanout_leaf=16, nr_cpu_ids=1
[    0.000000] RCU Tasks Trace: Setting shift to 0 and lim to 1 rcu_task_cb_adjust=1 rcu_task_cpu_ids=1.
[    0.000000] NR_IRQS: 16, nr_irqs: 16, preallocated irqs: 16
[    0.000000] IRQ: Found an INTC at 0x(ptrval) (revision 5.0) with 128 interrupts
[    0.000000] rcu: srcu_init: Setting srcu_struct sizes based on contention.
[    0.000000] TI gptimer clocksource: always-on /ocp/interconnect@44c00000/segment@200000/target-module@31000
[    0.000003] sched_clock: 32 bits at 24MHz, resolution 41ns, wraps every 89478484971ns
[    0.000027] clocksource: dmtimer: mask: 0xffffffff max_cycles: 0xffffffff, max_idle_ns: 79635851949 ns
[    0.000506] TI gptimer clockevent: 24000000 Hz at /ocp/interconnect@48000000/segment@0/target-module@40000
[    0.002125] Console: colour dummy device 80x30
[    0.002194] WARNING: Your 'console=ttyO0' has been replaced by 'ttyS0'
[    0.002202] This ensures that you still see kernel messages. Please
[    0.002206] update your kernel commandline.
[    0.002248] Calibrating delay loop... 996.14 BogoMIPS (lpj=4980736)
[    0.090554] CPU: Testing write buffer coherency: ok
[    0.090663] CPU0: Spectre v2: using BPIALL workaround
[    0.090673] pid_max: default: 32768 minimum: 301
[    0.090827] LSM: initializing lsm=capability
[    0.091006] Mount-cache hash table entries: 1024 (order: 0, 4096 bytes, linear)
[    0.091026] Mountpoint-cache hash table entries: 1024 (order: 0, 4096 bytes, linear)
[    0.092665] CPU0: thread -1, cpu 0, socket -1, mpidr 0
[    0.092722] cacheinfo: Unable to detect cache hierarchy for CPU 0
[    0.094764] Setting up static identity map for 0x80100000 - 0x80100078
[    0.095092] rcu: Hierarchical SRCU implementation.
[    0.095104] rcu: 	Max phase no-delay instances is 1000.
[    0.096850] smp: Bringing up secondary CPUs ...
[    0.096907] smp: Brought up 1 node, 1 CPU
[    0.096919] SMP: Total of 1 processors activated (996.14 BogoMIPS).
[    0.096930] CPU: All CPU(s) started in SVC mode.
[    0.097123] Memory: 480820K/522240K available (11264K kernel code, 1220K rwdata, 2924K rodata, 1024K init, 288K bss, 23388K reserved, 16384K cma-reserved, 0K highmem)
[    0.097949] devtmpfs: initialized
[    0.115617] VFP support v0.3: implementor 41 architecture 3 part 30 variant c rev 3
[    0.116254] clocksource: jiffies: mask: 0xffffffff max_cycles: 0xffffffff, max_idle_ns: 19112604462750000 ns
[    0.116309] posixtimers hash table entries: 512 (order: 0, 4096 bytes, linear)
[    0.116335] futex hash table entries: 256 (16384 bytes on 1 NUMA nodes, total 16 KiB, linear).
[    0.117475] pinctrl core: initialized pinctrl subsystem
[    0.119509] NET: Registered PF_NETLINK/PF_ROUTE protocol family
[    0.122950] DMA: preallocated 256 KiB pool for atomic coherent allocations
[    0.123901] audit: initializing netlink subsys (disabled)
[    0.125256] thermal_sys: Registered thermal governor 'fair_share'
[    0.125273] thermal_sys: Registered thermal governor 'step_wise'
[    0.125280] thermal_sys: Registered thermal governor 'user_space'
[    0.125393] audit: type=2000 audit(0.120:1): state=initialized audit_enabled=0 res=1
[    0.125462] cpuidle: using governor menu
[    0.143387] /ocp/interconnect@44c00000/segment@200000/target-module@b000/i2c@0/tda19988@70: Fixed dependency cycle(s) with /ocp/interconnect@48000000/segment@300000/target-module@e000/lcdc@0
[    0.144513] /ocp/interconnect@48000000/segment@300000/target-module@e000/lcdc@0: Fixed dependency cycle(s) with /ocp/interconnect@44c00000/segment@200000/target-module@b000/i2c@0/tda19988@70
[    0.146674] No ATAGs?
[    0.146718] hw-breakpoint: debug architecture 0x4 unsupported.
[    0.149420] kprobes: kprobe jump-optimization is enabled. All kprobes are optimized if possible.
[    0.164261] iommu: Default domain type: Translated
[    0.164283] iommu: DMA domain TLB invalidation policy: strict mode
[    0.165862] reg-fixed-voltage fixedregulator0: using DT '/fixedregulator0' for '(default)' GPIO lookup
[    0.165918] of_get_named_gpiod_flags: can't parse 'gpios' property of node '/fixedregulator0[0]'
[    0.165947] of_get_named_gpiod_flags: can't parse 'gpio' property of node '/fixedregulator0[0]'
[    0.165965] reg-fixed-voltage fixedregulator0: using lookup tables for GPIO lookup
[    0.165974] reg-fixed-voltage fixedregulator0: No GPIO consumer (default) found
[    0.171825] SCSI subsystem initialized
[    0.172324] libata version 3.00 loaded.
[    0.172692] pps_core: LinuxPPS API ver. 1 registered
[    0.172705] pps_core: Software ver. 5.3.6 - Copyright 2005-2007 Rodolfo Giometti <giometti@linux.it>
[    0.172731] PTP clock support registered
[    0.174694] vgaarb: loaded
[    0.181114] clocksource: Switched to clocksource dmtimer
[    0.181816] VFS: Disk quotas dquot_6.6.0
[    0.181870] VFS: Dquot-cache hash table entries: 1024 (order 0, 4096 bytes)
[    0.208939] NET: Registered PF_INET protocol family
[    0.209283] IP idents hash table entries: 8192 (order: 4, 65536 bytes, linear)
[    0.210724] tcp_listen_portaddr_hash hash table entries: 512 (order: 0, 4096 bytes, linear)
[    0.210763] Table-perturb hash table entries: 65536 (order: 6, 262144 bytes, linear)
[    0.210782] TCP established hash table entries: 4096 (order: 2, 16384 bytes, linear)
[    0.210827] TCP bind hash table entries: 4096 (order: 4, 65536 bytes, linear)
[    0.210926] TCP: Hash tables configured (established 4096 bind 4096)
[    0.211045] UDP hash table entries: 256 (order: 1, 14336 bytes, linear)
[    0.211081] UDP-Lite hash table entries: 256 (order: 1, 14336 bytes, linear)
[    0.211263] NET: Registered PF_UNIX/PF_LOCAL protocol family
[    0.212578] RPC: Registered named UNIX socket transport module.
[    0.212598] RPC: Registered udp transport module.
[    0.212603] RPC: Registered tcp transport module.
[    0.212608] RPC: Registered tcp-with-tls transport module.
[    0.212613] RPC: Registered tcp NFSv4.1 backchannel transport module.
[    0.212636] PCI: CLS 0 bytes, default 64
[    0.214007] Initialise system trusted keyrings
[    0.215376] workingset: timestamp_bits=14 max_order=17 bucket_order=3
[    0.216744] NFS: Registering the id_resolver key type
[    0.216821] Key type id_resolver registered
[    0.216828] Key type id_legacy registered
[    0.216932] jffs2: version 2.2. (NAND) (SUMMARY)  Â© 2001-2006 Red Hat, Inc.
[    0.217470] Key type asymmetric registered
[    0.217487] Asymmetric key parser 'x509' registered
[    0.217561] io scheduler mq-deadline registered
[    0.217571] io scheduler kyber registered
[    0.217640] io scheduler bfq registered
[    0.227182] target-module@4b000000:target-module@140000:pmu@0:fck: device ID is greater than 24
[    0.233360] l3-aon-clkctrl:0000:0: failed to disable
[    0.233419] ledtrig-cpu: registered to indicate activity on CPUs
[    0.236454] Serial: 8250/16550 driver, 6 ports, IRQ sharing enabled
[    0.290823] brd: module loaded
[    0.299505] loop: module loaded
[    0.300432] mtdoops: mtd device (mtddev=name/number) must be supplied
[    0.308715] mdio_bus fixed-0: using lookup tables for GPIO lookup
[    0.308740] mdio_bus fixed-0: No GPIO consumer reset found
[    0.310087] i2c_dev: i2c /dev entries driver
[    0.311077] cpuidle: enable-method property 'ti,am3352' found operations
[    0.311520] sdhci: Secure Digital Host Controller Interface driver
[    0.311531] sdhci: Copyright(c) Pierre Ossman
[    0.311700] sdhci-pltfm: SDHCI platform and OF driver helper
[    0.313149] hw perfevents: enabled with armv7_cortex_a8 PMU driver, 5 (8000000f) counters available
[    0.313666] Initializing XFRM netlink socket
[    0.313848] NET: Registered PF_INET6 protocol family
[    0.319505] l3-aon-clkctrl:0000:0: failed to disable
[    0.327753] Segment Routing with IPv6
[    0.327838] In-situ OAM (IOAM) with IPv6
[    0.327936] sit: IPv6, IPv4 and MPLS over IPv4 tunneling driver
[    0.328888] NET: Registered PF_PACKET protocol family
[    0.328916] NET: Registered PF_KEY protocol family
[    0.329031] Key type dns_resolver registered
[    0.329257] ThumbEE CPU extension supported.
[    0.329275] Registering SWP/SWPB emulation handler
[    0.329811] omap_voltage_late_init: Voltage driver support not added
[    0.330504] SmartReflex Class3 initialized
[    0.362089] Loading compiled-in X.509 certificates
[    0.403393] /ocp/interconnect@44c00000/segment@200000/target-module@b000/i2c@0/tda19988@70: Fixed dependency cycle(s) with /ocp/interconnect@48000000/segment@300000/target-module@e000/lcdc@0
[    0.409986] /ocp/interconnect@44c00000/segment@200000/target-module@b000/i2c@0/tda19988@70: Fixed dependency cycle(s) with /ocp/interconnect@48000000/segment@300000/target-module@e000/lcdc@0
[    0.415601] gpiochip_find_base_unlocked: found new base at 512
[    0.439128] /ocp/interconnect@44c00000/segment@200000/target-module@b000/i2c@0/tda19988@70: Fixed dependency cycle(s) with /ocp/interconnect@48000000/segment@300000/target-module@e000/lcdc@0
[    0.439983] /ocp/interconnect@44c00000/segment@200000/target-module@b000/i2c@0/tda19988@70: Fixed dependency cycle(s) with /ocp/interconnect@48000000/segment@300000/target-module@e000/lcdc@0
[    0.443423] /ocp/interconnect@44c00000/segment@200000/target-module@10000/scm@0/pinmux@800: Fixed dependency cycle(s) with /ocp/interconnect@44c00000/segment@200000/target-module@10000/scm@0/pinmux@800/clkout2-pins
[    0.444013] pinctrl-single 44e10800.pinmux: 142 pins, size 568
[    0.449646] ti-sysc 44e31000.target-module: probe with driver ti-sysc failed with error -16
[    0.475709] /ocp/interconnect@48000000/segment@300000/target-module@e000/lcdc@0: Fixed dependency cycle(s) with /ocp/interconnect@44c00000/segment@200000/target-module@b000/i2c@0/tda19988@70
[    0.483786] ti-sysc 48040000.target-module: probe with driver ti-sysc failed with error -16
[    0.495303] gpiochip_find_base_unlocked: found new base at 512
[    0.495410] gpio gpiochip0: (gpio-0-31): created GPIO range 0->7 ==> 44e10800.pinmux PIN 0->7
[    0.495429] gpio gpiochip0: (gpio-0-31): created GPIO range 8->11 ==> 44e10800.pinmux PIN 90->93
[    0.495445] gpio gpiochip0: (gpio-0-31): created GPIO range 12->27 ==> 44e10800.pinmux PIN 12->27
[    0.495460] gpio gpiochip0: (gpio-0-31): created GPIO range 28->31 ==> 44e10800.pinmux PIN 30->33
[    0.528736] gpio gpiochip0: (gpio-0-31): added GPIO chardev (254:0)
[    0.528883] gpio gpiochip0: registered GPIOs 512 to 543 on gpio-0-31
[    0.528969] OMAP GPIO hardware version 0.1
[    0.568637] i2c i2c-2: using DT '/ocp/interconnect@48000000/segment@100000/target-module@9c000/i2c@0' for 'scl' GPIO lookup
[    0.568711] of_get_named_gpiod_flags: can't parse 'scl-gpios' property of node '/ocp/interconnect@48000000/segment@100000/target-module@9c000/i2c@0[0]'
[    0.568751] of_get_named_gpiod_flags: can't parse 'scl-gpio' property of node '/ocp/interconnect@48000000/segment@100000/target-module@9c000/i2c@0[0]'
[    0.568787] i2c i2c-2: using lookup tables for GPIO lookup
[    0.568796] i2c i2c-2: No GPIO consumer scl found
[    0.568816] i2c i2c-2: using DT '/ocp/interconnect@48000000/segment@100000/target-module@9c000/i2c@0' for 'sda' GPIO lookup
[    0.568851] of_get_named_gpiod_flags: can't parse 'sda-gpios' property of node '/ocp/interconnect@48000000/segment@100000/target-module@9c000/i2c@0[0]'
[    0.568887] of_get_named_gpiod_flags: can't parse 'sda-gpio' property of node '/ocp/interconnect@48000000/segment@100000/target-module@9c000/i2c@0[0]'
[    0.568918] i2c i2c-2: using lookup tables for GPIO lookup
[    0.568925] i2c i2c-2: No GPIO consumer sda found
[    0.569635] omap_i2c 4819c000.i2c: bus 2 rev0.11 at 100 kHz
[    0.575459] gpiochip_find_base_unlocked: found new base at 544
[    0.575563] gpio gpiochip1: (gpio-32-63): created GPIO range 0->17 ==> 44e10800.pinmux PIN 34->51
[    0.575582] gpio gpiochip1: (gpio-32-63): created GPIO range 18->21 ==> 44e10800.pinmux PIN 77->80
[    0.575598] gpio gpiochip1: (gpio-32-63): created GPIO range 22->31 ==> 44e10800.pinmux PIN 56->65
[    0.576436] gpio gpiochip1: (gpio-32-63): added GPIO chardev (254:1)
[    0.576572] gpio gpiochip1: registered GPIOs 544 to 575 on gpio-32-63
[    0.578782] gpiochip_find_base_unlocked: found new base at 576
[    0.578883] gpio gpiochip2: (gpio-64-95): created GPIO range 0->4 ==> 44e10800.pinmux PIN 66->70
[    0.578904] gpio gpiochip2: (gpio-64-95): created GPIO range 5->6 ==> 44e10800.pinmux PIN 98->99
[    0.578919] gpio gpiochip2: (gpio-64-95): created GPIO range 7->8 ==> 44e10800.pinmux PIN 75->76
[    0.578935] gpio gpiochip2: (gpio-64-95): created GPIO range 13->13 ==> 44e10800.pinmux PIN 141->141
[    0.578950] gpio gpiochip2: (gpio-64-95): created GPIO range 14->21 ==> 44e10800.pinmux PIN 100->107
[    0.579580] gpio gpiochip2: (gpio-64-95): added GPIO chardev (254:2)
[    0.579716] gpio gpiochip2: registered GPIOs 576 to 607 on gpio-64-95
[    0.585728] 48000000.interconnect:segment@200000:target-module@0:mpu@0:fck: device ID is greater than 24
[    0.586684] /ocp/interconnect@48000000/segment@300000/target-module@e000/lcdc@0: Fixed dependency cycle(s) with /ocp/interconnect@44c00000/segment@200000/target-module@b000/i2c@0/tda19988@70
[    0.589497] /ocp/interconnect@48000000/segment@300000/target-module@e000/lcdc@0: Fixed dependency cycle(s) with /ocp/interconnect@44c00000/segment@200000/target-module@b000/i2c@0/tda19988@70
[    0.590201] /ocp/interconnect@44c00000/segment@200000/target-module@b000/i2c@0/tda19988@70: Fixed dependency cycle(s) with /ocp/interconnect@48000000/segment@300000/target-module@e000/lcdc@0
[    0.590361] /ocp/interconnect@48000000/segment@300000/target-module@e000/lcdc@0: Fixed dependency cycle(s) with /ocp/interconnect@44c00000/segment@200000/target-module@b000/i2c@0/tda19988@70
[    0.600060] mdio_bus 4a101000.mdio: using DT '/ocp/interconnect@4a000000/segment@0/target-module@100000/switch@0/mdio@1000' for 'reset' GPIO lookup
[    0.600140] of_get_named_gpiod_flags: can't parse 'reset-gpios' property of node '/ocp/interconnect@4a000000/segment@0/target-module@100000/switch@0/mdio@1000[0]'
[    0.600186] of_get_named_gpiod_flags: can't parse 'reset-gpio' property of node '/ocp/interconnect@4a000000/segment@0/target-module@100000/switch@0/mdio@1000[0]'
[    0.600232] mdio_bus 4a101000.mdio: using lookup tables for GPIO lookup
[    0.600241] mdio_bus 4a101000.mdio: No GPIO consumer reset found
[    0.601184] sdhci-omap 481d8000.mmc: using DT '/ocp/interconnect@48000000/segment@100000/target-module@d8000/mmc@0' for 'wp' GPIO lookup
[    0.601242] of_get_named_gpiod_flags: can't parse 'wp-gpios' property of node '/ocp/interconnect@48000000/segment@100000/target-module@d8000/mmc@0[0]'
[    0.601283] of_get_named_gpiod_flags: can't parse 'wp-gpio' property of node '/ocp/interconnect@48000000/segment@100000/target-module@d8000/mmc@0[0]'
[    0.601316] sdhci-omap 481d8000.mmc: using lookup tables for GPIO lookup
[    0.601326] sdhci-omap 481d8000.mmc: No GPIO consumer wp found
[    0.601520] sdhci-omap 481d8000.mmc: supply pbias not found, using dummy regulator
[    0.602019] sdhci-omap 481d8000.mmc: supply vqmmc not found, using dummy regulator
[    0.650150] davinci_mdio 4a101000.mdio: davinci mdio revision 1.6, bus freq 1000000
[    0.667793] mdio_bus 4a101000.mdio:00: using DT '/ocp/interconnect@4a000000/segment@0/target-module@100000/switch@0/mdio@1000/ethernet-phy@0' for 'reset' GPIO lookup
[    0.667892] of_get_named_gpiod_flags: parsed 'reset-gpios' property of node '/ocp/interconnect@4a000000/segment@0/target-module@100000/switch@0/mdio@1000/ethernet-phy@0[0]' - status (0)
[    0.668054] gpio gpiochip0: Persistence not supported for GPIO 8
[    0.801404] davinci_mdio 4a101000.mdio: phy[0]: device 4a101000.mdio:00, driver SMSC LAN8710/LAN8720
[    0.802175] cpsw-switch 4a100000.switch: initialized cpsw ale version 1.4
[    0.802195] cpsw-switch 4a100000.switch: ALE Table size 1024, Policers 0
[    0.802349] cpsw-switch 4a100000.switch: cpts: overflow check period 500 (jiffies)
[    0.802365] cpsw-switch 4a100000.switch: CPTS: ref_clk_freq:250000000 calc_mult:2147483648 calc_shift:29 error:0 nsec/sec
[    0.802481] cpsw-switch 4a100000.switch: Detected MACID = 6c:ec:eb:68:de:78
[    0.804321] cpsw-switch 4a100000.switch: initialized (regs 0x4a100000, pool size 256) hw_ver:0019010C 1.12 (0)
[    0.815425] debugfs: Directory '49000000.dma' with parent 'dmaengine' already present!
[    0.815470] edma 49000000.dma: TI EDMA DMA engine driver
[    0.851134] gpio-clk clk_mcasp0: using DT '/clk_mcasp0' for 'enable' GPIO lookup
[    0.851213] of_get_named_gpiod_flags: parsed 'enable-gpios' property of node '/clk_mcasp0[0]' - status (0)
[    0.851258] gpio gpiochip0: Persistence not supported for GPIO 27
[    0.852143] gpiochip_find_base_unlocked: found new base at 608
[    0.852257] gpio gpiochip3: (gpio-96-127): created GPIO range 0->7 ==> 44e10800.pinmux PIN 82->89
[    0.852276] gpio gpiochip3: (gpio-96-127): created GPIO range 8->11 ==> 44e10800.pinmux PIN 52->55
[    0.852292] gpio gpiochip3: (gpio-96-127): created GPIO range 12->15 ==> 44e10800.pinmux PIN 94->97
[    0.852308] gpio gpiochip3: (gpio-96-127): created GPIO range 16->17 ==> 44e10800.pinmux PIN 71->72
[    0.852324] gpio gpiochip3: (gpio-96-127): created GPIO range 18->18 ==> 44e10800.pinmux PIN 135->135
[    0.852340] gpio gpiochip3: (gpio-96-127): created GPIO range 19->20 ==> 44e10800.pinmux PIN 108->109
[    0.852357] gpio gpiochip3: (gpio-96-127): created GPIO range 21->21 ==> 44e10800.pinmux PIN 73->73
[    0.852374] gpio gpiochip3: (gpio-96-127): created GPIO range 22->23 ==> 44e10800.pinmux PIN 8->9
[    0.852391] gpio gpiochip3: (gpio-96-127): created GPIO range 26->27 ==> 44e10800.pinmux PIN 10->11
[    0.852408] gpio gpiochip3: (gpio-96-127): created GPIO range 28->28 ==> 44e10800.pinmux PIN 74->74
[    0.852426] gpio gpiochip3: (gpio-96-127): created GPIO range 29->29 ==> 44e10800.pinmux PIN 81->81
[    0.852444] gpio gpiochip3: (gpio-96-127): created GPIO range 30->31 ==> 44e10800.pinmux PIN 28->29
[    0.869113] gpio gpiochip3: (gpio-96-127): added GPIO chardev (254:3)
[    0.869287] gpio gpiochip3: registered GPIOs 608 to 639 on gpio-96-127
[    0.871122] omap8250 44e09000.serial: using DT '/ocp/interconnect@44c00000/segment@200000/target-module@9000/serial@0' for 'rs485-term' GPIO lookup
[    0.871196] of_get_named_gpiod_flags: can't parse 'rs485-term-gpios' property of node '/ocp/interconnect@44c00000/segment@200000/target-module@9000/serial@0[0]'
[    0.871240] of_get_named_gpiod_flags: can't parse 'rs485-term-gpio' property of node '/ocp/interconnect@44c00000/segment@200000/target-module@9000/serial@0[0]'
[    0.871275] omap8250 44e09000.serial: using lookup tables for GPIO lookup
[    0.871285] omap8250 44e09000.serial: No GPIO consumer rs485-term found
[    0.871294] omap8250 44e09000.serial: using DT '/ocp/interconnect@44c00000/segment@200000/target-module@9000/serial@0' for 'rs485-rx-during-tx' GPIO lookup
[    0.871331] of_get_named_gpiod_flags: can't parse 'rs485-rx-during-tx-gpios' property of node '/ocp/interconnect@44c00000/segment@200000/target-module@9000/serial@0[0]'
[    0.871368] of_get_named_gpiod_flags: can't parse 'rs485-rx-during-tx-gpio' property of node '/ocp/interconnect@44c00000/segment@200000/target-module@9000/serial@0[0]'
[    0.871399] omap8250 44e09000.serial: using lookup tables for GPIO lookup
[    0.871407] omap8250 44e09000.serial: No GPIO consumer rs485-rx-during-tx found
[    0.871780] 44e09000.serial: ttyS0 at MMIO 0x44e09000 (irq = 34, base_baud = 3000000) is a 8250
[    0.871871] printk: legacy console [ttyS0] enabled
[    2.359206] i2c i2c-0: using DT '/ocp/interconnect@44c00000/segment@200000/target-module@b000/i2c@0' for 'scl' GPIO lookup
[    2.359295] of_get_named_gpiod_flags: can't parse 'scl-gpios' property of node '/ocp/interconnect@44c00000/segment@200000/target-module@b000/i2c@0[0]'
[    2.359340] of_get_named_gpiod_flags: can't parse 'scl-gpio' property of node '/ocp/interconnect@44c00000/segment@200000/target-module@b000/i2c@0[0]'
[    2.359381] i2c i2c-0: using lookup tables for GPIO lookup
[    2.359394] i2c i2c-0: No GPIO consumer scl found
[    2.359418] i2c i2c-0: using DT '/ocp/interconnect@44c00000/segment@200000/target-module@b000/i2c@0' for 'sda' GPIO lookup
[    2.359457] of_get_named_gpiod_flags: can't parse 'sda-gpios' property of node '/ocp/interconnect@44c00000/segment@200000/target-module@b000/i2c@0[0]'
[    2.359497] of_get_named_gpiod_flags: can't parse 'sda-gpio' property of node '/ocp/interconnect@44c00000/segment@200000/target-module@b000/i2c@0[0]'
[    2.359532] i2c i2c-0: using lookup tables for GPIO lookup
[    2.359543] i2c i2c-0: No GPIO consumer sda found
[    2.376020] tps65217-pmic: Failed to locate of_node [id: -1]
[    2.382089] tps65217-bl: Failed to locate of_node [id: -1]
[    2.388162] platform tps65217-charger: DMA mask not set
[    2.394179] platform tps65217-pwrbutton: DMA mask not set
[    2.401565] tps65217 0-0024: TPS65217 ID 0xe version 1.2
[    2.407705] /ocp/interconnect@48000000/segment@300000/target-module@e000/lcdc@0: Fixed dependency cycle(s) with /ocp/interconnect@44c00000/segment@200000/target-module@b000/i2c@0/tda19988@70
[    2.425123] /ocp/interconnect@44c00000/segment@200000/target-module@b000/i2c@0/tda19988@70: Fixed dependency cycle(s) with /ocp/interconnect@48000000/segment@300000/target-module@e000/lcdc@0
[    2.442460] omap_i2c 44e0b000.i2c: bus 0 rev0.11 at 400 kHz
[    2.450126] sdhci-omap 48060000.mmc: using DT '/ocp/interconnect@48000000/segment@0/target-module@60000/mmc@0' for 'cd' GPIO lookup
[    2.450232] of_get_named_gpiod_flags: parsed 'cd-gpios' property of node '/ocp/interconnect@48000000/segment@0/target-module@60000/mmc@0[0]' - status (0)
[    2.450298] gpio gpiochip3: Persistence not supported for GPIO 6
[    2.450322] omap_gpio 44e07000.gpio: Could not set line 6 debounce to 200000 microseconds (-22)
[    2.459260] sdhci-omap 48060000.mmc: Got CD GPIO
[    2.463914] sdhci-omap 48060000.mmc: using DT '/ocp/interconnect@48000000/segment@0/target-module@60000/mmc@0' for 'wp' GPIO lookup
[    2.463965] of_get_named_gpiod_flags: can't parse 'wp-gpios' property of node '/ocp/interconnect@48000000/segment@0/target-module@60000/mmc@0[0]'
[    2.464007] of_get_named_gpiod_flags: can't parse 'wp-gpio' property of node '/ocp/interconnect@48000000/segment@0/target-module@60000/mmc@0[0]'
[    2.464046] sdhci-omap 48060000.mmc: using lookup tables for GPIO lookup
[    2.464059] sdhci-omap 48060000.mmc: No GPIO consumer wp found
[    2.464272] sdhci-omap 48060000.mmc: supply pbias not found, using dummy regulator
[    2.473129] sdhci-omap 481d8000.mmc: using DT '/ocp/interconnect@48000000/segment@100000/target-module@d8000/mmc@0' for 'wp' GPIO lookup
[    2.473207] of_get_named_gpiod_flags: can't parse 'wp-gpios' property of node '/ocp/interconnect@48000000/segment@100000/target-module@d8000/mmc@0[0]'
[    2.473253] of_get_named_gpiod_flags: can't parse 'wp-gpio' property of node '/ocp/interconnect@48000000/segment@100000/target-module@d8000/mmc@0[0]'
[    2.473291] sdhci-omap 481d8000.mmc: using lookup tables for GPIO lookup
[    2.473303] sdhci-omap 481d8000.mmc: No GPIO consumer wp found
[    2.474273] sdhci-omap 48060000.mmc: supply vqmmc not found, using dummy regulator
[    2.483324] sdhci-omap 481d8000.mmc: supply pbias not found, using dummy regulator
[    2.492762] sdhci-omap 481d8000.mmc: supply vqmmc not found, using dummy regulator
[    2.528961] mmc0: SDHCI controller on 48060000.mmc [48060000.mmc] using External DMA
[    2.537280] mmc1: SDHCI controller on 481d8000.mmc [481d8000.mmc] using External DMA
[    2.546045] cpsw-switch 4a100000.switch: starting ndev. mode: dual_mac
[    2.594210] mmc0: new high speed SDHC card at address 5048
[    2.601288] mmcblk0: mmc0:5048 SD16G 14.4 GiB
[    2.609592]  mmcblk0: p1 p2
[    2.612975] mmcblk0: p2 size 31221760 extends beyond EOD, truncated
[    2.626432] SMSC LAN8710/LAN8720 4a101000.mdio:00: attached PHY driver (mii_bus:phy_addr=4a101000.mdio:00, irq=POLL)
[    2.637408] mmc1: new high speed MMC card at address 0001
[    2.650056] mmcblk1: mmc1:0001 MMC04G 3.60 GiB
[    2.657715]  mmcblk1: p1 p2
[    2.661939] mmcblk1boot0: mmc1:0001 MMC04G 2.00 MiB
[    2.670904] mmcblk1boot1: mmc1:0001 MMC04G 2.00 MiB
[    2.679948] mmcblk1rpmb: mmc1:0001 MMC04G 128 KiB, chardev (249:0)
[    5.765826] cpsw-switch 4a100000.switch eth0: Link is Up - 100Mbps/Full - flow control off
[    5.805303] IP-Config: Complete:
[    5.808578]      device=eth0, hwaddr=6c:ec:eb:68:de:78, ipaddr=192.168.255.1, mask=255.255.255.0, gw=255.255.255.255
[    5.819250]      host=bbb1, domain=, nis-domain=(none)
[    5.824418]      bootserver=192.168.255.126, rootserver=192.168.255.126, rootpath=
[    5.824849] clk: Disabling unused clocks
[    5.836690] PM: genpd: Disabling unused power domains
[    5.841807] KTAP version 1
[    5.844526] 1..0
[    5.869461] VFS: Mounted root (nfs filesystem) on device 0:17.
[    5.876635] devtmpfs: mounted
[    5.881116] Freeing unused kernel image (initmem) memory: 1024K
[    5.888086] Run /sbin/init as init process
[    5.892224]   with arguments:
[    5.892237]     /sbin/init
[    5.892246]     nfsrootdebug
[    5.892256]   with environment:
[    5.892264]     HOME=/
[    5.892272]     TERM=linux
[    6.573716] systemd[1]: System time before build time, advancing clock.
[    8.045069] random: crng init done
[    8.057578] systemd[1]: systemd 232 running in system mode. (+PAM +AUDIT +SELINUX +IMA +APPARMOR +SMACK +SYSVINIT +UTMP +LIBCRYPTSETUP +GCRYPT +GNUTLS +ACL +XZ +LZ4 +SECCOMP +BLKID +ELFUTILS +KMOD +IDN)
[    8.076681] systemd[1]: Detected architecture arm.
[    8.108183] systemd[1]: Set hostname to <arm>.
[    9.204621] systemd[1]: systemd-journald-dev-log.socket: SO_PASSSEC failed: Operation not supported
[    9.214386] systemd[1]: Listening on Journal Socket (/dev/log).
[    9.237099] systemd[1]: Listening on udev Control Socket.
[    9.265771] systemd[1]: systemd-journald.socket: SO_PASSSEC failed: Operation not supported
[    9.274391] systemd[1]: systemd-journald.socket: SO_PASSSEC failed: Operation not supported
[    9.283057] systemd[1]: Listening on Journal Socket.
[    9.305517] systemd[1]: Reached target Remote File Systems.
[   11.618562] systemd-journald[94]: Received request to flush runtime journal from PID 1
[   14.316870] leds-gpio leds: using DT '/leds/led2' for '(default)' GPIO lookup
[   14.316977] of_get_named_gpiod_flags: parsed 'gpios' property of node '/leds/led2[0]' - status (0)
[   14.317036] gpio gpiochip0: Persistence not supported for GPIO 21
[   14.317050] gpio-533 (?): no flags found for GPIO (default)
[   14.394704] leds-gpio leds: using DT '/leds/led3' for '(default)' GPIO lookup
[   14.394819] of_get_named_gpiod_flags: parsed 'gpios' property of node '/leds/led3[0]' - status (0)
[   14.394875] gpio gpiochip0: Persistence not supported for GPIO 22
[   14.394891] gpio-534 (?): no flags found for GPIO (default)
[   14.425619] leds-gpio leds: using DT '/leds/led4' for '(default)' GPIO lookup
[   14.425718] of_get_named_gpiod_flags: parsed 'gpios' property of node '/leds/led4[0]' - status (0)
[   14.425769] gpio gpiochip0: Persistence not supported for GPIO 23
[   14.425785] gpio-535 (?): no flags found for GPIO (default)
[   14.450451] leds-gpio leds: using DT '/leds/led5' for '(default)' GPIO lookup
[   14.450555] of_get_named_gpiod_flags: parsed 'gpios' property of node '/leds/led5[0]' - status (0)
[   14.450606] gpio gpiochip0: Persistence not supported for GPIO 24
[   14.450620] gpio-536 (?): no flags found for GPIO (default)
[   14.610544] remoteproc remoteproc0: wkup_m3 is available
[   15.036653] omap_rtc 44e3e000.rtc: registered as rtc0
[   15.041855] omap_rtc 44e3e000.rtc: setting system clock to 2000-01-01T00:00:00 UTC (946684800)
[   15.050743] omap_rtc 44e3e000.rtc: using DT '/ocp/interconnect@44c00000/segment@200000/target-module@3e000/rtc@0' for 'wp' GPIO lookup
[   15.050817] of_get_named_gpiod_flags: can't parse 'wp-gpios' property of node '/ocp/interconnect@44c00000/segment@200000/target-module@3e000/rtc@0[0]'
[   15.050868] of_get_named_gpiod_flags: can't parse 'wp-gpio' property of node '/ocp/interconnect@44c00000/segment@200000/target-module@3e000/rtc@0[0]'
[   15.050907] omap_rtc 44e3e000.rtc: using lookup tables for GPIO lookup
[   15.050922] omap_rtc 44e3e000.rtc: No GPIO consumer wp found
[   15.087148] at24 2-0054: supply vcc not found, using dummy regulator
[   15.176559] omap_wdt: OMAP Watchdog Timer Rev 0x01: initial timeout 60 sec
[   15.220649] at24 2-0055: supply vcc not found, using dummy regulator
[   15.347824] at24 2-0056: supply vcc not found, using dummy regulator
[   15.434319] at24 2-0057: supply vcc not found, using dummy regulator
[   15.591333] input: tps65217_pwrbutton as /devices/platform/ocp/44c00000.interconnect/44c00000.interconnect:segment@200000/44e0b000.target-module/44e0b000.i2c/i2c-0/0-0024/tps65217-pwrbutton/input/input0
[   15.624532] at24 0-0050: using DT '/ocp/interconnect@44c00000/segment@200000/target-module@b000/i2c@0/eeprom@50' for 'wp' GPIO lookup
[   15.624648] of_get_named_gpiod_flags: can't parse 'wp-gpios' property of node '/ocp/interconnect@44c00000/segment@200000/target-module@b000/i2c@0/eeprom@50[0]'
[   15.624706] of_get_named_gpiod_flags: can't parse 'wp-gpio' property of node '/ocp/interconnect@44c00000/segment@200000/target-module@b000/i2c@0/eeprom@50[0]'
[   15.624752] at24 0-0050: using lookup tables for GPIO lookup
[   15.624766] at24 0-0050: No GPIO consumer wp found
[   15.625332] at24 0-0050: 32768 byte 24c256 EEPROM, writable, 1 bytes/write
[   16.100328] am335x-phy-driver 47401300.usb-phy: using DT '/ocp/target-module@47400000/usb-phy@1300' for 'reset' GPIO lookup
[   16.100477] of_get_named_gpiod_flags: can't parse 'reset-gpios' property of node '/ocp/target-module@47400000/usb-phy@1300[0]'
[   16.100579] of_get_named_gpiod_flags: can't parse 'reset-gpio' property of node '/ocp/target-module@47400000/usb-phy@1300[0]'
[   16.100658] am335x-phy-driver 47401300.usb-phy: using lookup tables for GPIO lookup
[   16.100675] am335x-phy-driver 47401300.usb-phy: No GPIO consumer reset found
[   16.100689] am335x-phy-driver 47401300.usb-phy: using DT '/ocp/target-module@47400000/usb-phy@1300' for 'vbus-detect' GPIO lookup
[   16.100722] of_get_named_gpiod_flags: can't parse 'vbus-detect-gpios' property of node '/ocp/target-module@47400000/usb-phy@1300[0]'
[   16.100795] of_get_named_gpiod_flags: can't parse 'vbus-detect-gpio' property of node '/ocp/target-module@47400000/usb-phy@1300[0]'
[   16.100825] am335x-phy-driver 47401300.usb-phy: using lookup tables for GPIO lookup
[   16.100837] am335x-phy-driver 47401300.usb-phy: No GPIO consumer vbus-detect found
[   16.101076] am335x-phy-driver 47401300.usb-phy: dummy supplies not allowed for exclusive requests (id=vbus)
[   16.316554] am335x-phy-driver 47401b00.usb-phy: using DT '/ocp/target-module@47400000/usb-phy@1b00' for 'reset' GPIO lookup
[   16.316650] of_get_named_gpiod_flags: can't parse 'reset-gpios' property of node '/ocp/target-module@47400000/usb-phy@1b00[0]'
[   16.316695] of_get_named_gpiod_flags: can't parse 'reset-gpio' property of node '/ocp/target-module@47400000/usb-phy@1b00[0]'
[   16.316732] am335x-phy-driver 47401b00.usb-phy: using lookup tables for GPIO lookup
[   16.316746] am335x-phy-driver 47401b00.usb-phy: No GPIO consumer reset found
[   16.316760] am335x-phy-driver 47401b00.usb-phy: using DT '/ocp/target-module@47400000/usb-phy@1b00' for 'vbus-detect' GPIO lookup
[   16.316790] of_get_named_gpiod_flags: can't parse 'vbus-detect-gpios' property of node '/ocp/target-module@47400000/usb-phy@1b00[0]'
[   16.316821] of_get_named_gpiod_flags: can't parse 'vbus-detect-gpio' property of node '/ocp/target-module@47400000/usb-phy@1b00[0]'
[   16.316847] am335x-phy-driver 47401b00.usb-phy: using lookup tables for GPIO lookup
[   16.316859] am335x-phy-driver 47401b00.usb-phy: No GPIO consumer vbus-detect found
[   16.317008] am335x-phy-driver 47401b00.usb-phy: dummy supplies not allowed for exclusive requests (id=vbus)
[   16.338709] usbcore: registered new interface driver usbfs
[   16.344352] usbcore: registered new interface driver hub
[   16.350040] usbcore: registered new device driver usb
[   17.458738] musb-hdrc musb-hdrc.1: MUSB HDRC host driver
[   17.464158] musb-hdrc musb-hdrc.1: new USB bus registered, assigned bus number 1
[   17.498770] omap-mailbox 480c8000.mailbox: omap mailbox rev 0x400
[   17.612940] remoteproc remoteproc0: powering up wkup_m3
[   17.732900] usb usb1: New USB device found, idVendor=1d6b, idProduct=0002, bcdDevice= 6.16
[   17.741432] usb usb1: New USB device strings: Mfr=3, Product=2, SerialNumber=1
[   17.748778] usb usb1: Product: MUSB HDRC host driver
[   17.753772] usb usb1: Manufacturer: Linux 6.16.0-rc2 musb-hcd
[   17.759596] usb usb1: SerialNumber: musb-hdrc.1
[   17.793715] tda998x 0-0070: found TDA19988
[   17.853821] remoteproc remoteproc0: Direct firmware load for am335x-pm-firmware.elf failed with error -2
[   17.863715] remoteproc remoteproc0: request_firmware failed: -2
[   17.869747] wkup_m3_ipc 44e11324.wkup_m3_ipc: rproc_boot failed
[   18.195873] hub 1-0:1.0: USB hub found
[   18.253994] hub 1-0:1.0: 1 port detected
[   19.704007] omap_rng 48310000.rng: Random Number Generator ver. 20
[   20.126477] tilcdc 4830e000.lcdc: bound 0-0070 (ops tda998x_audio_codec_init [tda998x])
[   20.195906] [drm] Initialized tilcdc 1.0.0 for 4830e000.lcdc on minor 0
[   20.264723] tilcdc 4830e000.lcdc: [drm] Cannot find any crtc or sizes
[   20.272885] tilcdc 4830e000.lcdc: [drm] Cannot find any crtc or sizes
[   21.040490] PM: Cannot get wkup_m3_ipc handle
[   21.111142] omap-sham 53100000.sham: hw accel on OMAP rev 4.3
[   21.243335] omap-aes 53500000.aes: OMAP AES hw accel rev: 3.2
[   21.249977] omap-sham 53100000.sham: will run requests pump with realtime priority
[   21.270423] PM: Cannot get wkup_m3_ipc handle
[   21.371079] omap-aes 53500000.aes: will run requests pump with realtime priority
[   21.383829] PM: Cannot get wkup_m3_ipc handle
[   23.300010] Bluetooth: Core ver 2.22
[   23.303818] NET: Registered PF_BLUETOOTH protocol family
[   23.309428] Bluetooth: HCI device and connection manager initialized
[   23.315933] Bluetooth: HCI socket layer initialized
[   23.320848] Bluetooth: L2CAP socket layer initialized
[   23.326017] Bluetooth: SCO socket layer initialized
[   25.387340] tda998x 0-0070: using DT '/ocp/interconnect@44c00000/segment@200000/target-module@b000/i2c@0/tda19988@70' for 'nxp,calib' GPIO lookup
[   25.387483] of_get_named_gpiod_flags: parsed 'nxp,calib-gpios' property of node '/ocp/interconnect@44c00000/segment@200000/target-module@b000/i2c@0/tda19988@70[0]' - status (0)
[   25.387565] gpio gpiochip0: Persistence not supported for GPIO 25
[   25.387581] gpio-537 (nxp,calib): no flags found for GPIO nxp,calib
[   25.395287] gpio-537 (nxp,calib): gpiod_direction_output_nonotify: tried to set a GPIO tied to an IRQ as output
[   25.406360] PM: Cannot get wkup_m3_ipc handle
[   25.412318] asoc-simple-card sound: using DT '/sound' for 'simple-audio-card,hp-det' GPIO lookup
[   25.412392] of_get_named_gpiod_flags: can't parse 'simple-audio-card,hp-det-gpios' property of node '/sound[0]'
[   25.412428] of_get_named_gpiod_flags: can't parse 'simple-audio-card,hp-det-gpio' property of node '/sound[0]'
[   25.412453] asoc-simple-card sound: using lookup tables for GPIO lookup
[   25.412467] asoc-simple-card sound: No GPIO consumer simple-audio-card,hp-det found
[   25.412482] asoc-simple-card sound: using DT '/sound' for 'simple-audio-card,mic-det' GPIO lookup
[   25.412505] of_get_named_gpiod_flags: can't parse 'simple-audio-card,mic-det-gpios' property of node '/sound[0]'
[   25.412530] of_get_named_gpiod_flags: can't parse 'simple-audio-card,mic-det-gpio' property of node '/sound[0]'
[   25.412549] asoc-simple-card sound: using lookup tables for GPIO lookup
[   25.412561] asoc-simple-card sound: No GPIO consumer simple-audio-card,mic-det found
[   25.526190] PM: Cannot get wkup_m3_ipc handle
[   25.688368] tda9950 0-0034: TDA9950 CEC interface, hardware version 3.3
[   25.759175] PM: Cannot get wkup_m3_ipc handle
[   28.057156] userial_init: registered 8 ttyGS* devices
[   28.366135] rndis_register: configNr = 0
[   28.473688] udc musb-hdrc.0: binding gadget driver [g_multi]
[   28.473785] configfs-gadget.g_multi gadget.0: adding 'rndis'/4655d35c to config 'c'/945609b3
[   28.474921] configfs-gadget.g_multi gadget.0: HOST MAC 1c:ba:8c:a2:ed:6c
[   28.481937] configfs-gadget.g_multi gadget.0: MAC 1c:ba:8c:a2:ed:70
[   28.488373] rndis_set_param_medium: 0 0
[   28.488395] configfs-gadget.g_multi gadget.0: RNDIS: IN/ep1in OUT/ep1out NOTIFY/ep2in
[   28.488412] configfs-gadget.g_multi gadget.0: adding 'cdc_ethernet'/d7653c0f to config 'c'/945609b3
[   28.489351] configfs-gadget.g_multi gadget.0: HOST MAC 1c:ba:8c:a2:ed:6c
[   28.496210] configfs-gadget.g_multi gadget.0: MAC 1c:ba:8c:a2:ed:6d
[   28.502544] configfs-gadget.g_multi gadget.0: CDC Ethernet: IN/ep3in OUT/ep2out NOTIFY/ep4in
[   28.502562] configfs-gadget.g_multi gadget.0: adding 'acm'/29964b81 to config 'c'/945609b3
[   28.502598] configfs-gadget.g_multi gadget.0: acm ttyGS0: IN/ep5in OUT/ep3out NOTIFY/ep6in
[   28.504468] PM: Cannot get wkup_m3_ipc handle
[   29.682179] configfs-gadget.g_multi gadget.0: eth_open
[   30.739891] configfs-gadget.g_multi gadget.0: stop stats: rx/tx 0/0, errs 0/0
[   35.044821] gs_open: ttyGS0 (4583d057,cad27c38)
[   35.044985] gs_close: ttyGS0 (4583d057,cad27c38) ...
[   35.045008] gs_close: ttyGS0 (4583d057,cad27c38) done!
[   35.056918] gs_open: ttyGS0 (313b20b6,00c6008e)
[   35.057063] gs_close: ttyGS0 (313b20b6,00c6008e) ...
[   35.057087] gs_close: ttyGS0 (313b20b6,00c6008e) done!
[   35.209068] gs_open: ttyGS0 (fffd756e,b8c97ba4)
[   35.209311] gs_close: ttyGS0 (fffd756e,b8c97ba4) ...
[   35.209340] gs_close: ttyGS0 (fffd756e,b8c97ba4) done!
[   35.213272] gs_open: ttyGS0 (fffd756e,728d1b6f)
UYALWGQOXE 0
root@arm:~# echo 'HGVG''JNVWQT'
HGVGJNVWQT
root@arm:~# MARKER='VEUM''WOOCHN' run 'modprobe test_linear_ranges'
VEUMWOOCHNVEUMWOOCHN 0
root@arm:~# echo 'JUSA''YBZJBF'
JUSAYBZJBF
root@arm:~# MARKER='GAYV''EOMAXZ' run dmesg
GAYVEOMAXZ[    0.000000] Booting Linux on physical CPU 0x0
[    0.000000] Linux version 6.16.0-rc2 (user01@drvtest01) (arm-none-eabi-gcc (Arm GNU Toolchain 14.2.Rel1 (Build arm-14.52)) 14.2.1 20241119, GNU ld (Arm GNU Toolchain 14.2.Rel1 (Build arm-14.52)) 2.43.1.20241119) #1 SMP Mon Jun 16 00:27:10 EEST 2025
[    0.000000] CPU: ARMv7 Processor [413fc082] revision 2 (ARMv7), cr=10c5387d
[    0.000000] CPU: PIPT / VIPT nonaliasing data cache, VIPT aliasing instruction cache
[    0.000000] OF: fdt: Machine model: TI AM335x BeagleBone Black
[    0.000000] Memory policy: Data cache writeback
[    0.000000] cma: Reserved 16 MiB at 0x9e800000
[    0.000000] Zone ranges:
[    0.000000]   Normal   [mem 0x0000000080000000-0x000000009fdfffff]
[    0.000000]   HighMem  empty
[    0.000000] Movable zone start for each node
[    0.000000] Early memory node ranges
[    0.000000]   node   0: [mem 0x0000000080000000-0x000000009fdfffff]
[    0.000000] Initmem setup node 0 [mem 0x0000000080000000-0x000000009fdfffff]
[    0.000000] On node 0, zone Normal: 512 pages in unavailable ranges
[    0.000000] OF: reserved mem: Reserved memory: No reserved-memory node in the DT
[    0.000000] CPU: All CPU(s) started in SVC mode.
[    0.000000] AM335X ES2.1 (sgx neon)
[    0.000000] percpu: Embedded 17 pages/cpu s39820 r8192 d21620 u69632
[    0.000000] pcpu-alloc: s39820 r8192 d21620 u69632 alloc=17*4096
[    0.000000] pcpu-alloc: [0] 0 
[    0.000000] Kernel command line: console=ttyO0,115200n8 root=/dev/nfs rw nfsroot=192.168.255.126:/home/user01/nfs,nfsvers=3 ip=192.168.255.1:192.168.255.126::255.255.255.0:bbb1:eth0 nfsrootdebug
[    0.000000] Unknown kernel command line parameters "nfsrootdebug", will be passed to user space.
[    0.000000] printk: log buffer data + meta data: 65536 + 204800 = 270336 bytes
[    0.000000] Dentry cache hash table entries: 65536 (order: 6, 262144 bytes, linear)
[    0.000000] Inode-cache hash table entries: 32768 (order: 5, 131072 bytes, linear)
[    0.000000] Built 1 zonelists, mobility grouping on.  Total pages: 130560
[    0.000000] mem auto-init: stack:off, heap alloc:off, heap free:off
[    0.000000] SLUB: HWalign=16, Order=0-3, MinObjects=0, CPUs=1, Nodes=1
[    0.000000] rcu: Hierarchical RCU implementation.
[    0.000000] rcu: 	RCU event tracing is enabled.
[    0.000000] rcu: 	RCU restricting CPUs from NR_CPUS=2 to nr_cpu_ids=1.
[    0.000000] 	Tracing variant of Tasks RCU enabled.
[    0.000000] rcu: RCU calculated value of scheduler-enlistment delay is 10 jiffies.
[    0.000000] rcu: Adjusting geometry for rcu_fanout_leaf=16, nr_cpu_ids=1
[    0.000000] RCU Tasks Trace: Setting shift to 0 and lim to 1 rcu_task_cb_adjust=1 rcu_task_cpu_ids=1.
[    0.000000] NR_IRQS: 16, nr_irqs: 16, preallocated irqs: 16
[    0.000000] IRQ: Found an INTC at 0x(ptrval) (revision 5.0) with 128 interrupts
[    0.000000] rcu: srcu_init: Setting srcu_struct sizes based on contention.
[    0.000000] TI gptimer clocksource: always-on /ocp/interconnect@44c00000/segment@200000/target-module@31000
[    0.000003] sched_clock: 32 bits at 24MHz, resolution 41ns, wraps every 89478484971ns
[    0.000027] clocksource: dmtimer: mask: 0xffffffff max_cycles: 0xffffffff, max_idle_ns: 79635851949 ns
[    0.000506] TI gptimer clockevent: 24000000 Hz at /ocp/interconnect@48000000/segment@0/target-module@40000
[    0.002125] Console: colour dummy device 80x30
[    0.002194] WARNING: Your 'console=ttyO0' has been replaced by 'ttyS0'
[    0.002202] This ensures that you still see kernel messages. Please
[    0.002206] update your kernel commandline.
[    0.002248] Calibrating delay loop... 996.14 BogoMIPS (lpj=4980736)
[    0.090554] CPU: Testing write buffer coherency: ok
[    0.090663] CPU0: Spectre v2: using BPIALL workaround
[    0.090673] pid_max: default: 32768 minimum: 301
[    0.090827] LSM: initializing lsm=capability
[    0.091006] Mount-cache hash table entries: 1024 (order: 0, 4096 bytes, linear)
[    0.091026] Mountpoint-cache hash table entries: 1024 (order: 0, 4096 bytes, linear)
[    0.092665] CPU0: thread -1, cpu 0, socket -1, mpidr 0
[    0.092722] cacheinfo: Unable to detect cache hierarchy for CPU 0
[    0.094764] Setting up static identity map for 0x80100000 - 0x80100078
[    0.095092] rcu: Hierarchical SRCU implementation.
[    0.095104] rcu: 	Max phase no-delay instances is 1000.
[    0.096850] smp: Bringing up secondary CPUs ...
[    0.096907] smp: Brought up 1 node, 1 CPU
[    0.096919] SMP: Total of 1 processors activated (996.14 BogoMIPS).
[    0.096930] CPU: All CPU(s) started in SVC mode.
[    0.097123] Memory: 480820K/522240K available (11264K kernel code, 1220K rwdata, 2924K rodata, 1024K init, 288K bss, 23388K reserved, 16384K cma-reserved, 0K highmem)
[    0.097949] devtmpfs: initialized
[    0.115617] VFP support v0.3: implementor 41 architecture 3 part 30 variant c rev 3
[    0.116254] clocksource: jiffies: mask: 0xffffffff max_cycles: 0xffffffff, max_idle_ns: 19112604462750000 ns
[    0.116309] posixtimers hash table entries: 512 (order: 0, 4096 bytes, linear)
[    0.116335] futex hash table entries: 256 (16384 bytes on 1 NUMA nodes, total 16 KiB, linear).
[    0.117475] pinctrl core: initialized pinctrl subsystem
[    0.119509] NET: Registered PF_NETLINK/PF_ROUTE protocol family
[    0.122950] DMA: preallocated 256 KiB pool for atomic coherent allocations
[    0.123901] audit: initializing netlink subsys (disabled)
[    0.125256] thermal_sys: Registered thermal governor 'fair_share'
[    0.125273] thermal_sys: Registered thermal governor 'step_wise'
[    0.125280] thermal_sys: Registered thermal governor 'user_space'
[    0.125393] audit: type=2000 audit(0.120:1): state=initialized audit_enabled=0 res=1
[    0.125462] cpuidle: using governor menu
[    0.143387] /ocp/interconnect@44c00000/segment@200000/target-module@b000/i2c@0/tda19988@70: Fixed dependency cycle(s) with /ocp/interconnect@48000000/segment@300000/target-module@e000/lcdc@0
[    0.144513] /ocp/interconnect@48000000/segment@300000/target-module@e000/lcdc@0: Fixed dependency cycle(s) with /ocp/interconnect@44c00000/segment@200000/target-module@b000/i2c@0/tda19988@70
[    0.146674] No ATAGs?
[    0.146718] hw-breakpoint: debug architecture 0x4 unsupported.
[    0.149420] kprobes: kprobe jump-optimization is enabled. All kprobes are optimized if possible.
[    0.164261] iommu: Default domain type: Translated
[    0.164283] iommu: DMA domain TLB invalidation policy: strict mode
[    0.165862] reg-fixed-voltage fixedregulator0: using DT '/fixedregulator0' for '(default)' GPIO lookup
[    0.165918] of_get_named_gpiod_flags: can't parse 'gpios' property of node '/fixedregulator0[0]'
[    0.165947] of_get_named_gpiod_flags: can't parse 'gpio' property of node '/fixedregulator0[0]'
[    0.165965] reg-fixed-voltage fixedregulator0: using lookup tables for GPIO lookup
[    0.165974] reg-fixed-voltage fixedregulator0: No GPIO consumer (default) found
[    0.171825] SCSI subsystem initialized
[    0.172324] libata version 3.00 loaded.
[    0.172692] pps_core: LinuxPPS API ver. 1 registered
[    0.172705] pps_core: Software ver. 5.3.6 - Copyright 2005-2007 Rodolfo Giometti <giometti@linux.it>
[    0.172731] PTP clock support registered
[    0.174694] vgaarb: loaded
[    0.181114] clocksource: Switched to clocksource dmtimer
[    0.181816] VFS: Disk quotas dquot_6.6.0
[    0.181870] VFS: Dquot-cache hash table entries: 1024 (order 0, 4096 bytes)
[    0.208939] NET: Registered PF_INET protocol family
[    0.209283] IP idents hash table entries: 8192 (order: 4, 65536 bytes, linear)
[    0.210724] tcp_listen_portaddr_hash hash table entries: 512 (order: 0, 4096 bytes, linear)
[    0.210763] Table-perturb hash table entries: 65536 (order: 6, 262144 bytes, linear)
[    0.210782] TCP established hash table entries: 4096 (order: 2, 16384 bytes, linear)
[    0.210827] TCP bind hash table entries: 4096 (order: 4, 65536 bytes, linear)
[    0.210926] TCP: Hash tables configured (established 4096 bind 4096)
[    0.211045] UDP hash table entries: 256 (order: 1, 14336 bytes, linear)
[    0.211081] UDP-Lite hash table entries: 256 (order: 1, 14336 bytes, linear)
[    0.211263] NET: Registered PF_UNIX/PF_LOCAL protocol family
[    0.212578] RPC: Registered named UNIX socket transport module.
[    0.212598] RPC: Registered udp transport module.
[    0.212603] RPC: Registered tcp transport module.
[    0.212608] RPC: Registered tcp-with-tls transport module.
[    0.212613] RPC: Registered tcp NFSv4.1 backchannel transport module.
[    0.212636] PCI: CLS 0 bytes, default 64
[    0.214007] Initialise system trusted keyrings
[    0.215376] workingset: timestamp_bits=14 max_order=17 bucket_order=3
[    0.216744] NFS: Registering the id_resolver key type
[    0.216821] Key type id_resolver registered
[    0.216828] Key type id_legacy registered
[    0.216932] jffs2: version 2.2. (NAND) (SUMMARY)  Â© 2001-2006 Red Hat, Inc.
[    0.217470] Key type asymmetric registered
[    0.217487] Asymmetric key parser 'x509' registered
[    0.217561] io scheduler mq-deadline registered
[    0.217571] io scheduler kyber registered
[    0.217640] io scheduler bfq registered
[    0.227182] target-module@4b000000:target-module@140000:pmu@0:fck: device ID is greater than 24
[    0.233360] l3-aon-clkctrl:0000:0: failed to disable
[    0.233419] ledtrig-cpu: registered to indicate activity on CPUs
[    0.236454] Serial: 8250/16550 driver, 6 ports, IRQ sharing enabled
[    0.290823] brd: module loaded
[    0.299505] loop: module loaded
[    0.300432] mtdoops: mtd device (mtddev=name/number) must be supplied
[    0.308715] mdio_bus fixed-0: using lookup tables for GPIO lookup
[    0.308740] mdio_bus fixed-0: No GPIO consumer reset found
[    0.310087] i2c_dev: i2c /dev entries driver
[    0.311077] cpuidle: enable-method property 'ti,am3352' found operations
[    0.311520] sdhci: Secure Digital Host Controller Interface driver
[    0.311531] sdhci: Copyright(c) Pierre Ossman
[    0.311700] sdhci-pltfm: SDHCI platform and OF driver helper
[    0.313149] hw perfevents: enabled with armv7_cortex_a8 PMU driver, 5 (8000000f) counters available
[    0.313666] Initializing XFRM netlink socket
[    0.313848] NET: Registered PF_INET6 protocol family
[    0.319505] l3-aon-clkctrl:0000:0: failed to disable
[    0.327753] Segment Routing with IPv6
[    0.327838] In-situ OAM (IOAM) with IPv6
[    0.327936] sit: IPv6, IPv4 and MPLS over IPv4 tunneling driver
[    0.328888] NET: Registered PF_PACKET protocol family
[    0.328916] NET: Registered PF_KEY protocol family
[    0.329031] Key type dns_resolver registered
[    0.329257] ThumbEE CPU extension supported.
[    0.329275] Registering SWP/SWPB emulation handler
[    0.329811] omap_voltage_late_init: Voltage driver support not added
[    0.330504] SmartReflex Class3 initialized
[    0.362089] Loading compiled-in X.509 certificates
[    0.403393] /ocp/interconnect@44c00000/segment@200000/target-module@b000/i2c@0/tda19988@70: Fixed dependency cycle(s) with /ocp/interconnect@48000000/segment@300000/target-module@e000/lcdc@0
[    0.409986] /ocp/interconnect@44c00000/segment@200000/target-module@b000/i2c@0/tda19988@70: Fixed dependency cycle(s) with /ocp/interconnect@48000000/segment@300000/target-module@e000/lcdc@0
[    0.415601] gpiochip_find_base_unlocked: found new base at 512
[    0.439128] /ocp/interconnect@44c00000/segment@200000/target-module@b000/i2c@0/tda19988@70: Fixed dependency cycle(s) with /ocp/interconnect@48000000/segment@300000/target-module@e000/lcdc@0
[    0.439983] /ocp/interconnect@44c00000/segment@200000/target-module@b000/i2c@0/tda19988@70: Fixed dependency cycle(s) with /ocp/interconnect@48000000/segment@300000/target-module@e000/lcdc@0
[    0.443423] /ocp/interconnect@44c00000/segment@200000/target-module@10000/scm@0/pinmux@800: Fixed dependency cycle(s) with /ocp/interconnect@44c00000/segment@200000/target-module@10000/scm@0/pinmux@800/clkout2-pins
[    0.444013] pinctrl-single 44e10800.pinmux: 142 pins, size 568
[    0.449646] ti-sysc 44e31000.target-module: probe with driver ti-sysc failed with error -16
[    0.475709] /ocp/interconnect@48000000/segment@300000/target-module@e000/lcdc@0: Fixed dependency cycle(s) with /ocp/interconnect@44c00000/segment@200000/target-module@b000/i2c@0/tda19988@70
[    0.483786] ti-sysc 48040000.target-module: probe with driver ti-sysc failed with error -16
[    0.495303] gpiochip_find_base_unlocked: found new base at 512
[    0.495410] gpio gpiochip0: (gpio-0-31): created GPIO range 0->7 ==> 44e10800.pinmux PIN 0->7
[    0.495429] gpio gpiochip0: (gpio-0-31): created GPIO range 8->11 ==> 44e10800.pinmux PIN 90->93
[    0.495445] gpio gpiochip0: (gpio-0-31): created GPIO range 12->27 ==> 44e10800.pinmux PIN 12->27
[    0.495460] gpio gpiochip0: (gpio-0-31): created GPIO range 28->31 ==> 44e10800.pinmux PIN 30->33
[    0.528736] gpio gpiochip0: (gpio-0-31): added GPIO chardev (254:0)
[    0.528883] gpio gpiochip0: registered GPIOs 512 to 543 on gpio-0-31
[    0.528969] OMAP GPIO hardware version 0.1
[    0.568637] i2c i2c-2: using DT '/ocp/interconnect@48000000/segment@100000/target-module@9c000/i2c@0' for 'scl' GPIO lookup
[    0.568711] of_get_named_gpiod_flags: can't parse 'scl-gpios' property of node '/ocp/interconnect@48000000/segment@100000/target-module@9c000/i2c@0[0]'
[    0.568751] of_get_named_gpiod_flags: can't parse 'scl-gpio' property of node '/ocp/interconnect@48000000/segment@100000/target-module@9c000/i2c@0[0]'
[    0.568787] i2c i2c-2: using lookup tables for GPIO lookup
[    0.568796] i2c i2c-2: No GPIO consumer scl found
[    0.568816] i2c i2c-2: using DT '/ocp/interconnect@48000000/segment@100000/target-module@9c000/i2c@0' for 'sda' GPIO lookup
[    0.568851] of_get_named_gpiod_flags: can't parse 'sda-gpios' property of node '/ocp/interconnect@48000000/segment@100000/target-module@9c000/i2c@0[0]'
[    0.568887] of_get_named_gpiod_flags: can't parse 'sda-gpio' property of node '/ocp/interconnect@48000000/segment@100000/target-module@9c000/i2c@0[0]'
[    0.568918] i2c i2c-2: using lookup tables for GPIO lookup
[    0.568925] i2c i2c-2: No GPIO consumer sda found
[    0.569635] omap_i2c 4819c000.i2c: bus 2 rev0.11 at 100 kHz
[    0.575459] gpiochip_find_base_unlocked: found new base at 544
[    0.575563] gpio gpiochip1: (gpio-32-63): created GPIO range 0->17 ==> 44e10800.pinmux PIN 34->51
[    0.575582] gpio gpiochip1: (gpio-32-63): created GPIO range 18->21 ==> 44e10800.pinmux PIN 77->80
[    0.575598] gpio gpiochip1: (gpio-32-63): created GPIO range 22->31 ==> 44e10800.pinmux PIN 56->65
[    0.576436] gpio gpiochip1: (gpio-32-63): added GPIO chardev (254:1)
[    0.576572] gpio gpiochip1: registered GPIOs 544 to 575 on gpio-32-63
[    0.578782] gpiochip_find_base_unlocked: found new base at 576
[    0.578883] gpio gpiochip2: (gpio-64-95): created GPIO range 0->4 ==> 44e10800.pinmux PIN 66->70
[    0.578904] gpio gpiochip2: (gpio-64-95): created GPIO range 5->6 ==> 44e10800.pinmux PIN 98->99
[    0.578919] gpio gpiochip2: (gpio-64-95): created GPIO range 7->8 ==> 44e10800.pinmux PIN 75->76
[    0.578935] gpio gpiochip2: (gpio-64-95): created GPIO range 13->13 ==> 44e10800.pinmux PIN 141->141
[    0.578950] gpio gpiochip2: (gpio-64-95): created GPIO range 14->21 ==> 44e10800.pinmux PIN 100->107
[    0.579580] gpio gpiochip2: (gpio-64-95): added GPIO chardev (254:2)
[    0.579716] gpio gpiochip2: registered GPIOs 576 to 607 on gpio-64-95
[    0.585728] 48000000.interconnect:segment@200000:target-module@0:mpu@0:fck: device ID is greater than 24
[    0.586684] /ocp/interconnect@48000000/segment@300000/target-module@e000/lcdc@0: Fixed dependency cycle(s) with /ocp/interconnect@44c00000/segment@200000/target-module@b000/i2c@0/tda19988@70
[    0.589497] /ocp/interconnect@48000000/segment@300000/target-module@e000/lcdc@0: Fixed dependency cycle(s) with /ocp/interconnect@44c00000/segment@200000/target-module@b000/i2c@0/tda19988@70
[    0.590201] /ocp/interconnect@44c00000/segment@200000/target-module@b000/i2c@0/tda19988@70: Fixed dependency cycle(s) with /ocp/interconnect@48000000/segment@300000/target-module@e000/lcdc@0
[    0.590361] /ocp/interconnect@48000000/segment@300000/target-module@e000/lcdc@0: Fixed dependency cycle(s) with /ocp/interconnect@44c00000/segment@200000/target-module@b000/i2c@0/tda19988@70
[    0.600060] mdio_bus 4a101000.mdio: using DT '/ocp/interconnect@4a000000/segment@0/target-module@100000/switch@0/mdio@1000' for 'reset' GPIO lookup
[    0.600140] of_get_named_gpiod_flags: can't parse 'reset-gpios' property of node '/ocp/interconnect@4a000000/segment@0/target-module@100000/switch@0/mdio@1000[0]'
[    0.600186] of_get_named_gpiod_flags: can't parse 'reset-gpio' property of node '/ocp/interconnect@4a000000/segment@0/target-module@100000/switch@0/mdio@1000[0]'
[    0.600232] mdio_bus 4a101000.mdio: using lookup tables for GPIO lookup
[    0.600241] mdio_bus 4a101000.mdio: No GPIO consumer reset found
[    0.601184] sdhci-omap 481d8000.mmc: using DT '/ocp/interconnect@48000000/segment@100000/target-module@d8000/mmc@0' for 'wp' GPIO lookup
[    0.601242] of_get_named_gpiod_flags: can't parse 'wp-gpios' property of node '/ocp/interconnect@48000000/segment@100000/target-module@d8000/mmc@0[0]'
[    0.601283] of_get_named_gpiod_flags: can't parse 'wp-gpio' property of node '/ocp/interconnect@48000000/segment@100000/target-module@d8000/mmc@0[0]'
[    0.601316] sdhci-omap 481d8000.mmc: using lookup tables for GPIO lookup
[    0.601326] sdhci-omap 481d8000.mmc: No GPIO consumer wp found
[    0.601520] sdhci-omap 481d8000.mmc: supply pbias not found, using dummy regulator
[    0.602019] sdhci-omap 481d8000.mmc: supply vqmmc not found, using dummy regulator
[    0.650150] davinci_mdio 4a101000.mdio: davinci mdio revision 1.6, bus freq 1000000
[    0.667793] mdio_bus 4a101000.mdio:00: using DT '/ocp/interconnect@4a000000/segment@0/target-module@100000/switch@0/mdio@1000/ethernet-phy@0' for 'reset' GPIO lookup
[    0.667892] of_get_named_gpiod_flags: parsed 'reset-gpios' property of node '/ocp/interconnect@4a000000/segment@0/target-module@100000/switch@0/mdio@1000/ethernet-phy@0[0]' - status (0)
[    0.668054] gpio gpiochip0: Persistence not supported for GPIO 8
[    0.801404] davinci_mdio 4a101000.mdio: phy[0]: device 4a101000.mdio:00, driver SMSC LAN8710/LAN8720
[    0.802175] cpsw-switch 4a100000.switch: initialized cpsw ale version 1.4
[    0.802195] cpsw-switch 4a100000.switch: ALE Table size 1024, Policers 0
[    0.802349] cpsw-switch 4a100000.switch: cpts: overflow check period 500 (jiffies)
[    0.802365] cpsw-switch 4a100000.switch: CPTS: ref_clk_freq:250000000 calc_mult:2147483648 calc_shift:29 error:0 nsec/sec
[    0.802481] cpsw-switch 4a100000.switch: Detected MACID = 6c:ec:eb:68:de:78
[    0.804321] cpsw-switch 4a100000.switch: initialized (regs 0x4a100000, pool size 256) hw_ver:0019010C 1.12 (0)
[    0.815425] debugfs: Directory '49000000.dma' with parent 'dmaengine' already present!
[    0.815470] edma 49000000.dma: TI EDMA DMA engine driver
[    0.851134] gpio-clk clk_mcasp0: using DT '/clk_mcasp0' for 'enable' GPIO lookup
[    0.851213] of_get_named_gpiod_flags: parsed 'enable-gpios' property of node '/clk_mcasp0[0]' - status (0)
[    0.851258] gpio gpiochip0: Persistence not supported for GPIO 27
[    0.852143] gpiochip_find_base_unlocked: found new base at 608
[    0.852257] gpio gpiochip3: (gpio-96-127): created GPIO range 0->7 ==> 44e10800.pinmux PIN 82->89
[    0.852276] gpio gpiochip3: (gpio-96-127): created GPIO range 8->11 ==> 44e10800.pinmux PIN 52->55
[    0.852292] gpio gpiochip3: (gpio-96-127): created GPIO range 12->15 ==> 44e10800.pinmux PIN 94->97
[    0.852308] gpio gpiochip3: (gpio-96-127): created GPIO range 16->17 ==> 44e10800.pinmux PIN 71->72
[    0.852324] gpio gpiochip3: (gpio-96-127): created GPIO range 18->18 ==> 44e10800.pinmux PIN 135->135
[    0.852340] gpio gpiochip3: (gpio-96-127): created GPIO range 19->20 ==> 44e10800.pinmux PIN 108->109
[    0.852357] gpio gpiochip3: (gpio-96-127): created GPIO range 21->21 ==> 44e10800.pinmux PIN 73->73
[    0.852374] gpio gpiochip3: (gpio-96-127): created GPIO range 22->23 ==> 44e10800.pinmux PIN 8->9
[    0.852391] gpio gpiochip3: (gpio-96-127): created GPIO range 26->27 ==> 44e10800.pinmux PIN 10->11
[    0.852408] gpio gpiochip3: (gpio-96-127): created GPIO range 28->28 ==> 44e10800.pinmux PIN 74->74
[    0.852426] gpio gpiochip3: (gpio-96-127): created GPIO range 29->29 ==> 44e10800.pinmux PIN 81->81
[    0.852444] gpio gpiochip3: (gpio-96-127): created GPIO range 30->31 ==> 44e10800.pinmux PIN 28->29
[    0.869113] gpio gpiochip3: (gpio-96-127): added GPIO chardev (254:3)
[    0.869287] gpio gpiochip3: registered GPIOs 608 to 639 on gpio-96-127
[    0.871122] omap8250 44e09000.serial: using DT '/ocp/interconnect@44c00000/segment@200000/target-module@9000/serial@0' for 'rs485-term' GPIO lookup
[    0.871196] of_get_named_gpiod_flags: can't parse 'rs485-term-gpios' property of node '/ocp/interconnect@44c00000/segment@200000/target-module@9000/serial@0[0]'
[    0.871240] of_get_named_gpiod_flags: can't parse 'rs485-term-gpio' property of node '/ocp/interconnect@44c00000/segment@200000/target-module@9000/serial@0[0]'
[    0.871275] omap8250 44e09000.serial: using lookup tables for GPIO lookup
[    0.871285] omap8250 44e09000.serial: No GPIO consumer rs485-term found
[    0.871294] omap8250 44e09000.serial: using DT '/ocp/interconnect@44c00000/segment@200000/target-module@9000/serial@0' for 'rs485-rx-during-tx' GPIO lookup
[    0.871331] of_get_named_gpiod_flags: can't parse 'rs485-rx-during-tx-gpios' property of node '/ocp/interconnect@44c00000/segment@200000/target-module@9000/serial@0[0]'
[    0.871368] of_get_named_gpiod_flags: can't parse 'rs485-rx-during-tx-gpio' property of node '/ocp/interconnect@44c00000/segment@200000/target-module@9000/serial@0[0]'
[    0.871399] omap8250 44e09000.serial: using lookup tables for GPIO lookup
[    0.871407] omap8250 44e09000.serial: No GPIO consumer rs485-rx-during-tx found
[    0.871780] 44e09000.serial: ttyS0 at MMIO 0x44e09000 (irq = 34, base_baud = 3000000) is a 8250
[    0.871871] printk: legacy console [ttyS0] enabled
[    2.359206] i2c i2c-0: using DT '/ocp/interconnect@44c00000/segment@200000/target-module@b000/i2c@0' for 'scl' GPIO lookup
[    2.359295] of_get_named_gpiod_flags: can't parse 'scl-gpios' property of node '/ocp/interconnect@44c00000/segment@200000/target-module@b000/i2c@0[0]'
[    2.359340] of_get_named_gpiod_flags: can't parse 'scl-gpio' property of node '/ocp/interconnect@44c00000/segment@200000/target-module@b000/i2c@0[0]'
[    2.359381] i2c i2c-0: using lookup tables for GPIO lookup
[    2.359394] i2c i2c-0: No GPIO consumer scl found
[    2.359418] i2c i2c-0: using DT '/ocp/interconnect@44c00000/segment@200000/target-module@b000/i2c@0' for 'sda' GPIO lookup
[    2.359457] of_get_named_gpiod_flags: can't parse 'sda-gpios' property of node '/ocp/interconnect@44c00000/segment@200000/target-module@b000/i2c@0[0]'
[    2.359497] of_get_named_gpiod_flags: can't parse 'sda-gpio' property of node '/ocp/interconnect@44c00000/segment@200000/target-module@b000/i2c@0[0]'
[    2.359532] i2c i2c-0: using lookup tables for GPIO lookup
[    2.359543] i2c i2c-0: No GPIO consumer sda found
[    2.376020] tps65217-pmic: Failed to locate of_node [id: -1]
[    2.382089] tps65217-bl: Failed to locate of_node [id: -1]
[    2.388162] platform tps65217-charger: DMA mask not set
[    2.394179] platform tps65217-pwrbutton: DMA mask not set
[    2.401565] tps65217 0-0024: TPS65217 ID 0xe version 1.2
[    2.407705] /ocp/interconnect@48000000/segment@300000/target-module@e000/lcdc@0: Fixed dependency cycle(s) with /ocp/interconnect@44c00000/segment@200000/target-module@b000/i2c@0/tda19988@70
[    2.425123] /ocp/interconnect@44c00000/segment@200000/target-module@b000/i2c@0/tda19988@70: Fixed dependency cycle(s) with /ocp/interconnect@48000000/segment@300000/target-module@e000/lcdc@0
[    2.442460] omap_i2c 44e0b000.i2c: bus 0 rev0.11 at 400 kHz
[    2.450126] sdhci-omap 48060000.mmc: using DT '/ocp/interconnect@48000000/segment@0/target-module@60000/mmc@0' for 'cd' GPIO lookup
[    2.450232] of_get_named_gpiod_flags: parsed 'cd-gpios' property of node '/ocp/interconnect@48000000/segment@0/target-module@60000/mmc@0[0]' - status (0)
[    2.450298] gpio gpiochip3: Persistence not supported for GPIO 6
[    2.450322] omap_gpio 44e07000.gpio: Could not set line 6 debounce to 200000 microseconds (-22)
[    2.459260] sdhci-omap 48060000.mmc: Got CD GPIO
[    2.463914] sdhci-omap 48060000.mmc: using DT '/ocp/interconnect@48000000/segment@0/target-module@60000/mmc@0' for 'wp' GPIO lookup
[    2.463965] of_get_named_gpiod_flags: can't parse 'wp-gpios' property of node '/ocp/interconnect@48000000/segment@0/target-module@60000/mmc@0[0]'
[    2.464007] of_get_named_gpiod_flags: can't parse 'wp-gpio' property of node '/ocp/interconnect@48000000/segment@0/target-module@60000/mmc@0[0]'
[    2.464046] sdhci-omap 48060000.mmc: using lookup tables for GPIO lookup
[    2.464059] sdhci-omap 48060000.mmc: No GPIO consumer wp found
[    2.464272] sdhci-omap 48060000.mmc: supply pbias not found, using dummy regulator
[    2.473129] sdhci-omap 481d8000.mmc: using DT '/ocp/interconnect@48000000/segment@100000/target-module@d8000/mmc@0' for 'wp' GPIO lookup
[    2.473207] of_get_named_gpiod_flags: can't parse 'wp-gpios' property of node '/ocp/interconnect@48000000/segment@100000/target-module@d8000/mmc@0[0]'
[    2.473253] of_get_named_gpiod_flags: can't parse 'wp-gpio' property of node '/ocp/interconnect@48000000/segment@100000/target-module@d8000/mmc@0[0]'
[    2.473291] sdhci-omap 481d8000.mmc: using lookup tables for GPIO lookup
[    2.473303] sdhci-omap 481d8000.mmc: No GPIO consumer wp found
[    2.474273] sdhci-omap 48060000.mmc: supply vqmmc not found, using dummy regulator
[    2.483324] sdhci-omap 481d8000.mmc: supply pbias not found, using dummy regulator
[    2.492762] sdhci-omap 481d8000.mmc: supply vqmmc not found, using dummy regulator
[    2.528961] mmc0: SDHCI controller on 48060000.mmc [48060000.mmc] using External DMA
[    2.537280] mmc1: SDHCI controller on 481d8000.mmc [481d8000.mmc] using External DMA
[    2.546045] cpsw-switch 4a100000.switch: starting ndev. mode: dual_mac
[    2.594210] mmc0: new high speed SDHC card at address 5048
[    2.601288] mmcblk0: mmc0:5048 SD16G 14.4 GiB
[    2.609592]  mmcblk0: p1 p2
[    2.612975] mmcblk0: p2 size 31221760 extends beyond EOD, truncated
[    2.626432] SMSC LAN8710/LAN8720 4a101000.mdio:00: attached PHY driver (mii_bus:phy_addr=4a101000.mdio:00, irq=POLL)
[    2.637408] mmc1: new high speed MMC card at address 0001
[    2.650056] mmcblk1: mmc1:0001 MMC04G 3.60 GiB
[    2.657715]  mmcblk1: p1 p2
[    2.661939] mmcblk1boot0: mmc1:0001 MMC04G 2.00 MiB
[    2.670904] mmcblk1boot1: mmc1:0001 MMC04G 2.00 MiB
[    2.679948] mmcblk1rpmb: mmc1:0001 MMC04G 128 KiB, chardev (249:0)
