Labgrid Console Logfile for main
Logfile started at 2025-11-26 05:39:31.185423
=== Log starts here ===
reading args
spl_load_image_fat_os: error reading image args, err - -1
reading u-boot.img
reading u-boot.img


U-Boot 2014.04-00014-g47880f5 (Apr 22 2014 - 13:23:54)

I2C:   ready
DRAM:  512 MiB
NAND:  0 MiB
MMC:   OMAP SD/MMC: 0, OMAP SD/MMC: 1
*** Warning - readenv() failed, using default environment

Net:   <ethaddr> not set. Validating first E-fuse MAC
cpsw, usb_ether
Hit any key to stop autoboot:  1  0 
gpio: pin 53 (gpio 53) value is 1
mmc0 is current device
gpio: pin 54 (gpio 54) value is 1
SD/MMC found on device 0
reading uEnv.txt
569 bytes read in 4 ms (138.7 KiB/s)
gpio: pin 55 (gpio 55) value is 1
Loaded environment from uEnv.txt
Importing environment from mmc ...
Checking if uenvcmd is set ...
gpio: pin 56 (gpio 56) value is 1
Running uenvcmd ...
cpsw Waiting for PHY auto negotiation to complete. done
link up on port 0, speed 100, full duplex
Using cpsw device
TFTP from server 192.168.255.126; our IP address is 192.168.255.1
Filename 'zImage'.
Load address: 0x81000000
Loading: *#################################################################
	 #################################################################
	 #################################################################
	 #################################################################
	 #################################################################
	 #################################################################
	 
	 2.4 MiB/s
done
Bytes transferred = 5724488 (575948 hex)
link up on port 0, speed 100, full duplex
Using cpsw device
TFTP from server 192.168.255.126; our IP address is 192.168.255.1
Filename 'am335x-boneblack.dtb'.
Load address: 0x82000000
Loading: *#######
	 2.3 MiB/s
done
Bytes transferred = 98077 (17f1d hex)
Kernel image @ 0x81000000 [ 0x000000 - 0x575948 ]
## Flattened Device Tree blob at 82000000
   Booting using the fdt blob at 0x82000000
   Using Device Tree in place at 82000000, end 8201af1c

Starting kernel ...

[    0.000000] Booting Linux on physical CPU 0x0
[    0.000000] Linux version 6.18.0-rc7-next-20251126 (user01@drvtest01) (arm-none-eabi-gcc (Arm GNU Toolchain 14.2.Rel1 (Build arm-14.52)) 14.2.1 20241119, GNU ld (Arm GNU Toolchain 14.2.Rel1 (Build arm-14.52)) 2.43.1.20241119) #1 SMP Wed Nov 26 05:37:55 EET 2025
[    0.000000] CPU: ARMv7 Processor [413fc082] revision 2 (ARMv7), cr=10c5387d
[    0.000000] CPU: PIPT / VIPT nonaliasing data cache, VIPT aliasing instruction cache
[    0.000000] OF: fdt: Machine model: TI AM335x BeagleBone Black
[    0.000000] Memory policy: Data cache writeback
[    0.000000] cma: Reserved 16 MiB at 0x9e800000
[    0.000000] Zone ranges:
[    0.000000]   Normal   [mem 0x0000000080000000-0x000000009fdfffff]
[    0.000000]   HighMem  empty
[    0.000000] Movable zone start for each node
[    0.000000] Early memory node ranges
[    0.000000]   node   0: [mem 0x0000000080000000-0x000000009fdfffff]
[    0.000000] Initmem setup node 0 [mem 0x0000000080000000-0x000000009fdfffff]
[    0.000000] On node 0, zone Normal: 512 pages in unavailable ranges
[    0.000000] OF: reserved mem: Reserved memory: No reserved-memory node in the DT
[    0.000000] CPU: All CPU(s) started in SVC mode.
[    0.000000] AM335X ES2.1 (sgx neon)
[    0.000000] percpu: Embedded 17 pages/cpu s40204 r8192 d21236 u69632
[    0.000000] Kernel command line: console=ttyO0,115200n8 root=/dev/nfs rw nfsroot=192.168.255.126:/home/user01/nfs,nfsvers=3 ip=192.168.255.1:192.168.255.126::255.255.255.0:bbb1:eth0 nfsrootdebug
[    0.000000] Unknown kernel command line parameters "nfsrootdebug", will be passed to user space.
[    0.000000] printk: log buffer data + meta data: 65536 + 204800 = 270336 bytes
[    0.000000] Dentry cache hash table entries: 65536 (order: 6, 262144 bytes, linear)
[    0.000000] Inode-cache hash table entries: 32768 (order: 5, 131072 bytes, linear)
[    0.000000] Built 1 zonelists, mobility grouping on.  Total pages: 130560
[    0.000000] mem auto-init: stack:off, heap alloc:off, heap free:off
[    0.000000] SLUB: HWalign=16, Order=0-3, MinObjects=0, CPUs=1, Nodes=1
[    0.000000] rcu: Hierarchical RCU implementation.
[    0.000000] rcu: 	RCU event tracing is enabled.
[    0.000000] rcu: 	RCU restricting CPUs from NR_CPUS=2 to nr_cpu_ids=1.
[    0.000000] 	Tracing variant of Tasks RCU enabled.
[    0.000000] rcu: RCU calculated value of scheduler-enlistment delay is 10 jiffies.
[    0.000000] rcu: Adjusting geometry for rcu_fanout_leaf=16, nr_cpu_ids=1
[    0.000000] RCU Tasks Trace: Setting shift to 0 and lim to 1 rcu_task_cb_adjust=1 rcu_task_cpu_ids=1.
[    0.000000] NR_IRQS: 16, nr_irqs: 16, preallocated irqs: 16
[    0.000000] IRQ: Found an INTC at 0x(ptrval) (revision 5.0) with 128 interrupts
[    0.000000] rcu: srcu_init: Setting srcu_struct sizes based on contention.
[    0.000000] TI gptimer clocksource: always-on /ocp/interconnect@44c00000/segment@200000/target-module@31000
[    0.000003] sched_clock: 32 bits at 24MHz, resolution 41ns, wraps every 89478484971ns
[    0.000027] clocksource: dmtimer: mask: 0xffffffff max_cycles: 0xffffffff, max_idle_ns: 79635851949 ns
[    0.000574] TI gptimer clockevent: 24000000 Hz at /ocp/interconnect@48000000/segment@0/target-module@40000
[    0.002164] Console: colour dummy device 80x30
[    0.002230] WARNING: Your 'console=ttyO0' has been replaced by 'ttyS0'
[    0.002239] This ensures that you still see kernel messages. Please
[    0.002243] update your kernel commandline.
[    0.002282] Calibrating delay loop... 996.14 BogoMIPS (lpj=4980736)
[    0.090688] CPU: Testing write buffer coherency: ok
[    0.090771] CPU0: Spectre v2: using BPIALL workaround
[    0.090780] pid_max: default: 32768 minimum: 301
[    0.091097] Mount-cache hash table entries: 1024 (order: 0, 4096 bytes, linear)
[    0.091118] Mountpoint-cache hash table entries: 1024 (order: 0, 4096 bytes, linear)
[    0.092710] CPU0: thread -1, cpu 0, socket -1, mpidr 0
[    0.092765] cacheinfo: Unable to detect cache hierarchy for CPU 0
[    0.094760] Setting up static identity map for 0x80100000 - 0x80100078
[    0.095087] rcu: Hierarchical SRCU implementation.
[    0.095098] rcu: 	Max phase no-delay instances is 1000.
[    0.096838] smp: Bringing up secondary CPUs ...
[    0.096889] smp: Brought up 1 node, 1 CPU
[    0.096901] SMP: Total of 1 processors activated (996.14 BogoMIPS).
[    0.096913] CPU: All CPU(s) started in SVC mode.
[    0.097156] Memory: 479964K/522240K available (12288K kernel code, 1231K rwdata, 2956K rodata, 1024K init, 255K bss, 24364K reserved, 16384K cma-reserved, 0K highmem)
[    0.098020] devtmpfs: initialized
[    0.115298] VFP support v0.3: implementor 41 architecture 3 part 30 variant c rev 3
[    0.115985] clocksource: jiffies: mask: 0xffffffff max_cycles: 0xffffffff, max_idle_ns: 19112604462750000 ns
[    0.116041] posixtimers hash table entries: 512 (order: 0, 4096 bytes, linear)
[    0.116066] futex hash table entries: 256 (16384 bytes on 1 NUMA nodes, total 16 KiB, linear).
[    0.119269] NET: Registered PF_NETLINK/PF_ROUTE protocol family
[    0.122389] DMA: preallocated 256 KiB pool for atomic coherent allocations
[    0.123364] audit: initializing netlink subsys (disabled)
[    0.124734] thermal_sys: Registered thermal governor 'fair_share'
[    0.124752] thermal_sys: Registered thermal governor 'step_wise'
[    0.124761] thermal_sys: Registered thermal governor 'user_space'
[    0.124871] audit: type=2000 audit(0.120:1): state=initialized audit_enabled=0 res=1
[    0.124941] cpuidle: using governor menu
[    0.142859] /ocp/interconnect@44c00000/segment@200000/target-module@b000/i2c@0/tda19988@70: Fixed dependency cycle(s) with /ocp/interconnect@48000000/segment@300000/target-module@e000/lcdc@0
[    0.143954] /ocp/interconnect@48000000/segment@300000/target-module@e000/lcdc@0: Fixed dependency cycle(s) with /ocp/interconnect@44c00000/segment@200000/target-module@b000/i2c@0/tda19988@70
[    0.146145] No ATAGs?
[    0.146184] hw-breakpoint: debug architecture 0x4 unsupported.
[    0.148894] kprobes: kprobe jump-optimization is enabled. All kprobes are optimized if possible.
[    0.153618] iommu: Default domain type: Translated
[    0.153643] iommu: DMA domain TLB invalidation policy: strict mode
[    0.161808] SCSI subsystem initialized
[    0.162677] pps_core: LinuxPPS API ver. 1 registered
[    0.162688] pps_core: Software ver. 5.3.6 - Copyright 2005-2007 Rodolfo Giometti <giometti@linux.it>
[    0.162712] PTP clock support registered
[    0.171236] vgaarb: loaded
[    0.171633] clocksource: Switched to clocksource dmtimer
[    0.172241] VFS: Disk quotas dquot_6.6.0
[    0.172302] VFS: Dquot-cache hash table entries: 1024 (order 0, 4096 bytes)
[    0.195769] NET: Registered PF_INET protocol family
[    0.196099] IP idents hash table entries: 8192 (order: 4, 65536 bytes, linear)
[    0.197532] tcp_listen_portaddr_hash hash table entries: 512 (order: 0, 4096 bytes, linear)
[    0.197569] Table-perturb hash table entries: 65536 (order: 6, 262144 bytes, linear)
[    0.197588] TCP established hash table entries: 4096 (order: 2, 16384 bytes, linear)
[    0.197635] TCP bind hash table entries: 4096 (order: 4, 65536 bytes, linear)
[    0.197736] TCP: Hash tables configured (established 4096 bind 4096)
[    0.197860] UDP hash table entries: 256 (order: 2, 14336 bytes, linear)
[    0.197892] UDP-Lite hash table entries: 256 (order: 2, 14336 bytes, linear)
[    0.198109] NET: Registered PF_UNIX/PF_LOCAL protocol family
[    0.202332] RPC: Registered named UNIX socket transport module.
[    0.202353] RPC: Registered udp transport module.
[    0.202358] RPC: Registered tcp transport module.
[    0.202363] RPC: Registered tcp-with-tls transport module.
[    0.202367] RPC: Registered tcp NFSv4.1 backchannel transport module.
[    0.202394] PCI: CLS 0 bytes, default 64
[    0.203834] Initialise system trusted keyrings
[    0.212199] workingset: timestamp_bits=14 max_order=17 bucket_order=3
[    0.213648] NFS: Registering the id_resolver key type
[    0.213745] Key type id_resolver registered
[    0.213751] Key type id_legacy registered
[    0.213861] jffs2: version 2.2. (NAND) (SUMMARY)  Â© 2001-2006 Red Hat, Inc.
[    0.214409] Key type asymmetric registered
[    0.214427] Asymmetric key parser 'x509' registered
[    0.214503] io scheduler mq-deadline registered
[    0.214514] io scheduler kyber registered
[    0.214603] io scheduler bfq registered
[    0.216415] target-module@4b000000:target-module@140000:pmu@0:fck: device ID is greater than 24
[    0.221885] ledtrig-cpu: registered to indicate activity on CPUs
[    0.225608] Serial: 8250/16550 driver, 6 ports, IRQ sharing enabled
[    0.265713] brd: module loaded
[    0.286604] loop: module loaded
[    0.287534] mtdoops: mtd device (mtddev=name/number) must be supplied
[    0.290544] i2c_dev: i2c /dev entries driver
[    0.291554] cpuidle: enable-method property 'ti,am3352' found operations
[    0.292166] sdhci: Secure Digital Host Controller Interface driver
[    0.292178] sdhci: Copyright(c) Pierre Ossman
[    0.292364] sdhci-pltfm: SDHCI platform and OF driver helper
[    0.302013] hw perfevents: enabled with armv7_cortex_a8 PMU driver, 5 (8000000f) counters available
[    0.302579] Initializing XFRM netlink socket
[    0.302760] NET: Registered PF_INET6 protocol family
[    0.304792] Segment Routing with IPv6
[    0.304883] In-situ OAM (IOAM) with IPv6
[    0.304982] sit: IPv6, IPv4 and MPLS over IPv4 tunneling driver
[    0.305937] NET: Registered PF_PACKET protocol family
[    0.305958] PFKEY is deprecated and scheduled to be removed in 2027, please contact the netdev mailing list
[    0.305972] NET: Registered PF_KEY protocol family
[    0.306089] Key type dns_resolver registered
[    0.306321] ThumbEE CPU extension supported.
[    0.306341] Registering SWP/SWPB emulation handler
[    0.306865] omap_voltage_late_init: Voltage driver support not added
[    0.307533] SmartReflex Class3 initialized
[    0.342265] Loading compiled-in X.509 certificates
[    0.370542] /ocp/interconnect@44c00000/segment@200000/target-module@b000/i2c@0/tda19988@70: Fixed dependency cycle(s) with /ocp/interconnect@48000000/segment@300000/target-module@e000/lcdc@0
[    0.377207] /ocp/interconnect@44c00000/segment@200000/target-module@b000/i2c@0/tda19988@70: Fixed dependency cycle(s) with /ocp/interconnect@48000000/segment@300000/target-module@e000/lcdc@0
[    0.410068] /ocp/interconnect@44c00000/segment@200000/target-module@b000/i2c@0/tda19988@70: Fixed dependency cycle(s) with /ocp/interconnect@48000000/segment@300000/target-module@e000/lcdc@0
[    0.410959] /ocp/interconnect@44c00000/segment@200000/target-module@b000/i2c@0/tda19988@70: Fixed dependency cycle(s) with /ocp/interconnect@48000000/segment@300000/target-module@e000/lcdc@0
[    0.414815] /ocp/interconnect@44c00000/segment@200000/target-module@10000/scm@0/pinmux@800: Fixed dependency cycle(s) with /ocp/interconnect@44c00000/segment@200000/target-module@10000/scm@0/pinmux@800/clkout2-pins
[    0.415433] pinctrl-single 44e10800.pinmux: 142 pins, size 568
[    0.468571] /ocp/interconnect@48000000/segment@300000/target-module@e000/lcdc@0: Fixed dependency cycle(s) with /ocp/interconnect@44c00000/segment@200000/target-module@b000/i2c@0/tda19988@70
[    0.514024] OMAP GPIO hardware version 0.1
[    0.540756] omap_i2c 4819c000.i2c: bus 2 rev0.11 at 100 kHz
[    0.596246] 48000000.interconnect:segment@200000:target-module@0:mpu@0:fck: device ID is greater than 24
[    0.597167] /ocp/interconnect@48000000/segment@300000/target-module@e000/lcdc@0: Fixed dependency cycle(s) with /ocp/interconnect@44c00000/segment@200000/target-module@b000/i2c@0/tda19988@70
[    0.599978] /ocp/interconnect@48000000/segment@ 300000/target-module@e000/lcdc@0: Fixed dependency cycle(s) with /ocp/interconnect@44c00000/segment@200000/target-module@b000/i2c@0/tda19988@70
[    0.600681] /ocp/interconnect@44c00000/segment@200000/target-module@b000/i2c@0/tda19988@70: Fixed dependency cycle(s) with /ocp/interconnect@48000000/segment@300000/target-module@e000/lcdc@0
[    0.600853] /ocp/interconnect@48000000/segment@300000/target-module@e000/lcdc@0: Fixed dependency cycle(s) with /ocp/interconnect@44c00000/segment@200000/target-module @b000/i2c@0/tda19988@70
[    0.609473] sdhci-omap 481d8000.mmc: supply pbias not found, using dummy regulator
[    0.610559] sdhci-omap 481d8000.mmc: supply vqmmc not found, using dummy regulator
[    0.692684] davinci_mdio 4a101000.mdio: davinci mdio revision 1.6, bus freq 1000000
[    0.834183] davinci_mdio 4a101000.mdio: phy[0]: device 4a101000.mdio:00, driver SMSC LAN8710/LAN8720
[    0.834951] cpsw-switch 4a100000.switch: initialized cpsw ale version 1.4
[    0.834973] cpsw-switch 4a100000.switch: ALE Table size 1024, Policers 0
[    0.835149] cpsw-switch 4a100000.switch: cpts: overflow check period 500 (jiffies)
[    0.835165] cpsw-switch 4a100000.switch: CPTS: ref_clk_freq:250000000 calc_mult:2147483648 calc_shift:29 error:0 nsec/sec
[    0.835261] cpsw-switch 4a100000.switch: Detected MACID = 6c:ec:eb:68:de:78
[    0.837135] cpsw-switch 4a100000.switch: initialized (regs 0x4a100000, pool size 256) hw_ver:0019010C 1.12 (0)
[    0.860762] debugfs: '49000000.dma' already exists in 'dmaengine'
[    0.860808] edma 49000000.dma: TI EDMA DMA engine driver
[    0.899738] ti-sysc 44e31000.target-module: Failed to create device link (0x180) with supplier ocp for /ocp/interconnect@44c00000/segment@200000/target-module@31000/timer@0
[    0.899804] ti-sysc 48040000.target-module: Failed to create device link (0x180) with supplier ocp for /ocp/interconnect@48000000/segment@0/target-module@40000/timer@0
[    0.917129] 44e09000.serial: ttyS0 at MMIO 0x44e09000 (irq = 34, base_baud = 3000000) is a 8250
[  
[    2.452607] tps65217-pmic: Failed to locate of_node [id: -1]
[    2.458668] tps65217-bl: Failed to locate of_node [id: -1]
[    2.466154] platform tps65217-charger: DMA mask not set
[    2.473167] platform tps65217-pwrbutton: DMA mask not set
[    2.480909] tps65217 0-0024: TPS65217 ID 0xe version 1.2
[    2.486992] /ocp/interconnect@48000000/segment@300000/target-module@e000/lcdc@0: Fixed dependency cycle(s) with /ocp/interconnect@44c00000/segment@200000/target-module@b000/i2c@0/tda19988@70
[    2.504426] /ocp/interconnect@44c00000/segment@200000/target-module@b000/i2c@0/tda19988@70: Fixed dependency cycle(s) with /ocp/interconnect@48000000/segment@300000/target-module@e000/lcdc@0
[    2.521816] omap_i2c 44e0b000.i2c: bus 0 rev0.11 at 400 kHz
[    2.529879] omap_gpio 44e07000.gpio: Could not set line 6 debounce to 200000 microseconds (-22)
[    2.538760] sdhci-omap 48060000.mmc: Got CD GPIO
[    2.543811] sdhci-omap 48060000.mmc: supply pbias not found, using dummy regulator
[    2.554010] sdhci-omap 48060000.mmc: supply vqmmc not found, using dummy regulator
[    2.563175] sdhci-omap 481d8000.mmc: supply pbias not found, using dummy regulator
[    2.571359] sdhci-omap 481d8000.mmc: supply vqmmc not found, using dummy regulator
[    2.610331] mmc1: SDHCI controller on 481d8000.mmc [481d8000.mmc] using External DMA
[    2.619404] mmc0: SDHCI controller on 48060000.mmc [48060000.mmc] using External DMA
[    2.628313] cpsw-switch 4a100000.switch: starting ndev. mode: dual_mac
[    2.691953] mmc1: new high speed MMC card at address 0001
[    2.698786] mmcblk1: mmc1:0001 MMC04G 3.60 GiB
[    2.706635]  mmcblk1: p1 p2
[    2.710981] mmcblk1boot0: mmc1:0001 MMC04G 2.00 MiB
[    2.717441] SMSC LAN8710/LAN8720 4a101000.mdio:00: attached PHY driver (mii_bus:phy_addr=4a101000.mdio:00, irq=POLL)
[    2.736323] mmcblk1boot1: mmc1:0001 MMC04G 2.00 MiB
[    2.745071] mmcblk1rpmb: mmc1:0001 MMC04G 128 KiB, chardev (249:0)
[    2.795177] mmc0: new high speed SDHC card at address aaaa
[    2.802078] mmcblk0: mmc0:aaaa SE32G 29.7 GiB
[    2.811091]  mmcblk0: p1 p2
[    5.842385] cpsw-switch 4a100000.switch eth0: Link is Up - 100Mbps/Full - flow control off
[    5.871644] IP-Config: Complete:
[    5.874915]      device=eth0, hwaddr=6c:ec:eb:68:de:78, ipaddr=192.168.255.1, mask=255.255.255.0, gw=255.255.255.255
[    5.885555]      host=bbb1, domain=, nis-domain=(none)
[    5.890722]      bootserver=192.168.255.126, rootserver=192.168.255.126, rootpath=
[    5.891129] clk: Disabling unused clocks
[    5.902981] PM: genpd: Disabling unused power domains
[    5.908150] KTAP version 1
[    5.910876] 1..0
[    5.913786] check access for rdinit=/init failed: -2, ignoring
[    5.951163] VFS: Mounted root (nfs filesystem) on device 0:17.
[    5.958506] devtmpfs: mounted
[    5.963355] Freeing unused kernel image (initmem) memory: 1024K
[    5.970004] Run /sbin/init as init process
[    6.697293] systemd[1]: System time before build time, advancing clock.
[    8.231648] random: crng init done
[    8.264247] systemd[1]: systemd 232 running in system mode. (+PAM +AUDIT +SELINUX +IMA +APPARMOR +SMACK +SYSVINIT +UTMP +LIBCRYPTSETUP +GCRYPT +GNUTLS +ACL +XZ +LZ4 +SECCOMP +BLKID +ELFUTILS +KMOD +IDN)
[    8.283376] systemd[1]: Detected architecture arm.

Welcome to [1mDebian GNU/Linux 9 (stretch)[0m!

[    8.315005] systemd[1]: Set hostname to <arm>.
[    9.433753] systemd[1]: syslog.socket: SO_PASSSEC failed: Operation not supported
[    9.441507] systemd[1]: Listening on Syslog Socket.
[[0;32m  OK  [0m] Listening on Syslog Socket.
[    9.463170] systemd[1]: Created slice System Slice.
[[0;32m  OK  [0m] Created slice System Slice.
[    9.493125] systemd[1]: Created slice system-getty.slice.
[[0;32m  OK  [0m] Created slice system-getty.slice.
[    9.522126] systemd[1]: dev-hugepages.mount: Couldn't determine result for ConditionVirtualization=!private-users, assuming failed: No such file or directory
[    9.537154] systemd[1]: Started Forward Password Requests to Wall Directory Watch.
[[0;32m  OK  [0m] Started Forward Password Requests to Wall Directory Watch.
[    9.562918] systemd[1]: Created slice User and Session Slice.
[[0;32m  OK  [0m] Created slice User and Session Slice.
[[0;32m  OK  [0m] Reached target Slices.
[[0;32m  OK  [0m] Reached target Swap.
[[0;32m  OK  [0m] Set up automount Arbitrary Executabâ€¦rmats File System Automount Point.
         Mounting Debug File System...
[[0;32m  OK  [0m] Listening on udev Kernel Socket.
[[0;32m  OK  [0m] Created slice system-serial\x2dgetty.slice.
[[0;32m  OK  [0m] Listening on Journal Audit Socket.
         Mounting POSIX Message Queue File System...
[[0;32m  OK  [0m] Listening on Journal Socket.
         Starting Create list of required stâ€¦ce nodes for the current kernel...
         Starting Load Kernel Modules...
         Starting Remount Root and Kernel File Systems...
[[0;32m  OK  [0m] Listening on Journal Socket (/dev/log).
         Starting Journal Service...
[[0;32m  OK  [0m] Listening on /dev/initctl Compatibility Named Pipe.
[[0;32m  OK  [0m] Listening on udev Control Socket.
[[0;32m  OK  [0m] Reached target Remote File Systems.
[[0;32m  OK  [0m] Started Dispatch Password Requests to Console Directory Watch.
[[0;32m  OK  [0m] Reached target Encrypted Volumes.
[[0;32m  OK  [0m] Reached target Paths.
[[0;32m  OK  [0m] Mounted POSIX Message Queue File System.
[[0;32m  OK  [0m] Mounted Debug File System.
[[0;32m  OK  [0m] Started Create list of required staâ€¦vice nodes for the current kernel.
[[0;32m  OK  [0m] Started Load Kernel Modules.
[[0;32m  OK  [0m] Started Remount Root and Kernel File Systems.
         Starting udev Coldplug all Devices...
         Starting Load/Save Random Seed...
         Mounting Configuration File System...
         Starting Apply Kernel Variables...
         Starting Create Static Device Nodes in /dev...
[[0;32m  OK  [0m] Mounted Configuration File System.
[[0;32m  OK  [0m] Started Load/Save Random Seed.
[[0;32m  OK  [0m] Started Journal Service.
         Starting Flush Journal to Persistent Storage...
[[0;32m  OK  [0m] Started Apply Kernel Variables.
[[0;32m  OK  [0m] Started Create Static Device Nodes in /dev.
[   11.390736] systemd-journald[111]: Received request to flush runtime journal from PID 1
         Starting udev Kernel Device Manager...
[[0;32m  OK  [0m] Reached target Local File Systems (Pre).
[[0;32m  OK  [0m] Reached target Local File Systems.
         Starting Raise network interfaces...
[[0;32m  OK  [0m] Started Flush Journal to Persistent Storage.
         Starting Create Volatile Files and Directories...
[[0;32m  OK  [0m] Started udev Kernel Device Manager.
[   12.642123] omap_prm 44e00d00.prm: sync_state() pending due to 44d00000.cpu
[[0;32m  OK  [0m] Started Create Volatile Files and Directories.
         Starting Network Time Synchronization...
         Starting Update UTMP about System Boot/Shutdown...
[[0;32m  OK  [0m] Started Update UTMP about System Boot/Shutdown.
[[0;32m  OK  [0m] Started Network Time Synchronization.
[[0;32m  OK  [0m] Started udev Coldplug all Devices.
[[0;32m  OK  [0m] Reached target System Initialization.
[[0;32m  OK  [0m] Started Daily Cleanup of Temporary Directories.
[[0;32m  OK  [0m] Listening on D-Bus System Message Bus Socket.
[[0;32m  OK  [0m] Listening on Avahi mDNS/DNS-SD Stack Activation Socket.
[[0;32m  OK  [0m] Reached target Sockets.
[[0;32m  OK  [0m] Reached target Basic System.
         Starting Telephony service...
[[0;32m  OK  [0m] Started D-Bus System Message Bus.
[   15.238048] remoteproc remoteproc0: wkup_m3 is available
[   15.450461] omap_rtc 44e3e000.rtc: registered as rtc0
[   15.455967] omap_rtc 44e3e000.rtc: setting system clock to 2000-01-01T00:00:00 UTC (946684800)
[   15.468663] omap_wdt: OMAP Watchdog Timer Rev 0x01: initial timeout 60 sec
[   15.953476] am335x-phy-driver 47401300.usb-phy: dummy supplies not allowed for exclusive requests (id=vbus)
[   16.030448] at24 2-0054: supply vcc not found, using dummy regulator
[   16.101275] am335x-phy-driver 47401b00.usb-phy: dummy supplies not allowed for exclusive requests (id=vbus)
[   16.122482] usbcore: registered new interface driver usbfs
[   16.128130] usbcore: registered new interface driver hub
[   16.133761] usbcore: registered new device driver usb
[   16.195140] at24 2-0055: supply vcc not found, using dummy regulator
[   16.321320] input: tps65217_pwrbutton as /devices/platform/ocp/44c00000.interconnect/44c00000.interconnect:segment@200000/44e0b000.target-module/44e0b000.i2c/i2c-0/0-0024/tps65217-pwrbutton/input/input0
[   16.343471] at24 2-0056: supply vcc not found, using dummy regulator
[   16.415147] at24 2-0057: supply vcc not found, using dummy regulator
[   16.559328] at24 0-0050: 4096 byte 24c32 EEPROM, writable, 1 bytes/write
[   17.248470] musb-hdrc musb-hdrc.1: MUSB HDRC host driver
[   17.254098] musb-hdrc musb-hdrc.1: new USB bus registered, assigned bus number 1
[   17.394084] usb usb1: New USB device found, idVendor=1d6b, idProduct=0002, bcdDevice= 6.18
[   17.402567] usb usb1: New USB device strings: Mfr=3, Product=2, SerialNumber=1
[   17.409837] usb usb1: Product: MUSB HDRC host driver
[   17.414923] usb usb1: Manufacturer: Linux 6.18.0-rc7-next-20251126 musb-hcd
[   17.421957] usb usb1: SerialNumber: musb-hdrc.1
[   17.802392] hub 1-0:1.0: USB hub found
[   17.807360] hub 1-0:1.0: 1 port detected
[   18.452773] omap-mailbox 480c8000.mailbox: omap mailbox rev 0x400
[   18.505543] remoteproc remoteproc0: powering up wkup_m3
[   18.630396] remoteproc remoteproc0: Direct firmware load for am335x-pm-firmware.elf failed with error -2
[   18.640206] remoteproc remoteproc0: request_firmware failed: -2
[   18.646246] wkup_m3_ipc 44e11324.wkup_m3_ipc: rproc_boot failed
[   18.751772] tda998x 0-0070: found TDA19988
[[0;32m  OK  [0m] Started Telephony service.
         Starting Connection service...
         Starting Cape Manager Service...
         Starting LSB: Load kernel modules needed to enable cpufreq scaling...
[[0;32m  OK  [0m] Started Regular background program processing daemon.
         Starting LSB: Start busybox udhcpd at boot time...
         Starting DUN service...
         Starting Login Service...
         Starting System Logging Service...
         Starting Avahi mDNS/DNS-SD Stack...
[   21.367272] omap_rng 48310000.rng: Random Number Generator ver. 20
         Starting Generic Board Startup...
[[0;32m  OK  [0m] Reached target System Time Synchronized.
[[0;32m  OK  [0m] Started Daily apt download activities.
[[0;32m  OK  [0m] Started Daily apt upgrade and clean activities.
[[0;32m  OK  [0m] Reached target Timers.
[   21.683843] tilcdc 4830e000.lcdc: bound 0-0070 (ops tda998x_driver_exit [tda998x])
[   21.842402] [drm] Initialized tilcdc 1.0.0 for 4830e000.lcdc on minor 0
[   21.996997] tilcdc 4830e000.lcdc: [drm] Cannot find any crtc or sizes
[   22.028698] tilcdc 4830e000.lcdc: [drm] Cannot find any crtc or sizes
[[0;32m  OK  [0m] Found device /dev/ttyS0.
[   23.111901] omap-sham 53100000.sham: hw accel on OMAP rev 4.3
[[0;32m  OK  [0m] Started Cape Manager Service.
[   23.207670] PM: Cannot get wkup_m3_ipc handle
[   23.255360] omap-sham 53100000.sham: will run requests pump with realtime priority
[   23.264943] PM: Cannot get wkup_m3_ipc handle
[   23.286600] omap-aes 53500000.aes: OMAP AES hw accel rev: 3.2
[   23.460531] omap-aes 53500000.aes: will run requests pump with realtime priority
[   23.471380] PM: Cannot get wkup_m3_ipc handle
[   23.535926] Bluetooth: Core ver 2.22
[   23.539750] NET: Registered PF_BLUETOOTH protocol family
[   23.545286] Bluetooth: HCI device and connection manager initialized
[   23.551754] Bluetooth: HCI socket layer initialized
[   23.556668] Bluetooth: L2CAP socket layer initialized
[   23.561828] Bluetooth: SCO socket layer initialized
[[0;32m  OK  [0m] Started System Logging Service.
[   24.835515] ------------[ cut here ]------------
[   24.840212] WARNING: net/8021q/vlan_core.c:236 at vlan_for_each+0x114/0x134, CPU#0: avahi-daemon/317
[   24.849585] RTNL: assertion failed at net/8021q/vlan_core.c (236)
[   24.855744] Modules linked in: snd_soc_simple_card bluetooth snd_soc_simple_card_utils omap_aes_driver pm33xx omap_sham omap_crypto ti_emif_sram crypto_engine ecdh_generic tilcdc ecc omap_rng drm_dma_helper libaes rng_core drm_client_lib snd_soc_davinci_mcasp snd_soc_ti_udma snd_soc_ti_edma snd_soc_ti_sdma snd_soc_core snd_pcm_dmaengine tda998x omap_mailbox snd_pcm cec snd_timer drm_kms_helper snd soundcore drm musb_dsps musb_hdrc wkup_m3_ipc drm_panel_orientation_quirks udc_core tps65218_pwrbutton usbcore at24 phy_am335x phy_am335x_control omap_wdt rtc_omap phy_generic cppi41 wkup_m3_rproc watchdog usb_common leds_gpio led_class cpufreq_dt autofs4
[   24.913843] CPU: 0 UID: 107 PID: 317 Comm: avahi-daemon Not tainted 6.18.0-rc7-next-20251126 #1 NONE 
[   24.913863] Hardware name: Generic AM33XX (Flattened Device Tree)
[   24.913872] Call trace: 
[   24.913888]  unwind_backtrace from show_stack+0x10/0x14
[   24.913926]  show_stack from dump_stack_lvl+0x50/0x64
[   24.913951]  dump_stack_lvl from __warn+0x88/0x148
[   24.913970]  __warn from warn_slowpath_fmt+0x19c/0x1b0
[   24.913984]  warn_slowpath_fmt from vlan_for_each+0x114/0x134
[   24.914002]  vlan_for_each from cpsw_add_mc_addr+0x40/0xa4
[   24.914036]  cpsw_add_mc_addr from __hw_addr_ref_sync_dev+0x108/0x140
[   24.914064]  __hw_addr_ref_sync_dev from __dev_mc_add+0x7c/0x80
[   24.914083]  __dev_mc_add from igmp6_group_added+0xc8/0xe0
[   24.914105]  igmp6_group_added from __ipv6_dev_mc_inc+0x218/0x364
[   24.914121]  __ipv6_dev_mc_inc from __ipv6_sock_mc_join+0x11c/0x1c0
[   24.914136]  __ipv6_sock_mc_join from do_ipv6_setsockopt+0x1214/0x1310
[   24.914161]  do_ipv6_setsockopt from ipv6_setsockopt+0x60/0xcc
[   24.914179]  ipv6_setsockopt from udpv6_setsockopt+0x2c/0x6c
[   24.914200]  udpv6_setsockopt from sock_common_setsockopt+0x30/0x40
[   24.914227]  sock_common_setsockopt from do_sock_setsockopt+0x50/0x9c
[   24.914244]  do_sock_setsockopt from __sys_setsockopt+0x70/0xbc
[   24.914259]  __sys_setsockopt from ret_fast_syscall+0x0/0x58
[   24.914274] Exception stack(0xe02e5fa8 to 0xe02e5ff0)
[   24.914288] 5fa0:                   00000014 b6fdece8 0000000d 00000029 00000014 beb6e9ec
[   24.914299] 5fc0: 00000014 b6fdece8 00000014 00000126 0000000d b6f87ff4 0052e988 00516558
[   24.914308] 5fe0: b6f9d088 beb6e9d8 b6f7a309 b6e5141a
[   24.914315] ---[ end trace 0000000000000000 ]---
[   26.793084] gpio-537 (nxp,calib): gpiod_direction_output_nonotify: tried to set a GPIO tied to an IRQ as output
[   26.832997] PM: Cannot get wkup_m3_ipc handle
[   26.943182] PM: Cannot get wkup_m3_ipc handle
[   27.061474] tda9950 0-0034: TDA9950 CEC interface, hardware version 3.3
[   27.123339] PM: Cannot get wkup_m3_ipc handle
[[0;32m  OK  [0m] Started LSB: Start busybox udhcpd at boot time.
[[0;32m  OK  [0m] Started Raise network interfaces.
[[0;32m  OK  [0m] Started LSB: Load kernel modules needed to enable cpufreq scaling.
[[0;32m  OK  [0m] Started DUN service.
[[0;32m  OK  [0m] Started Connection service.
[[0;32m  OK  [0m] Started Avahi mDNS/DNS-SD Stack.
[   30.577884] configfs-gadget.g_multi gadget.0: HOST MAC 1c:ba:8c:a2:ed:6c
[   30.584866] configfs-gadget.g_multi gadget.0: MAC 1c:ba:8c:a2:ed:70
[   30.592290] configfs-gadget.g_multi gadget.0: HOST MAC 1c:ba:8c:a2:ed:6c
[   30.599056] configfs-gadget.g_multi gadget.0: MAC 1c:ba:8c:a2:ed:6d
[   30.619000] PM: Cannot get wkup_m3_ipc handle
[[0;32m  OK  [0m] Started Login Service.
         Starting Hostname Service...
         Starting WPA supplicant...
[[0;32m  OK  [0m] Reached target Sound Card.
         Starting LSB: set CPUFreq kernel parameters...
[[0;32m  OK  [0m] Started Hostname Service.
[[0;32m  OK  [0m] Started WPA supplicant.
[[0;32m  OK  [0m] Reached target Network.
         Starting The Apache HTTP Server...
         Starting Permit User Sessions...
[[0;32m  OK  [0m] Reached target Network is Online.
         Starting LSB: Advanced IEEE 802.11 management daemon...
         Starting OpenBSD Secure Shell server...
[[0;32m  OK  [0m] Started LSB: Advanced IEEE 802.11 management daemon.
[[0;32m  OK  [0m] Started LSB: set CPUFreq kernel parameters.
[[0;32m  OK  [0m] Started Permit User Sessions.
[[0;32m  OK  [0m] Started Getty on tty1.
[[0;32m  OK  [0m] Started Serial Getty on ttyS0.
[[0;32m  OK  [0m] Reached target Login Prompts.
[[0;32m  OK  [0m] Started OpenBSD Secure Shell server.
         Stopping LSB: Start busybox udhcpd at boot time...
[[0;32m  OK  [0m] Stopped LSB: Start busybox udhcpd at boot time.
[[0;32m  OK  [0m] Started The Apache HTTP Server.
         Starting dnsmasq - A lightweight DHCP and caching DNS server...
[[0;32m  OK  [0m] Started dnsmasq - A lightweight DHCP and caching DNS server.
[[0;32m  OK  [0m] Reached target Host and Network Name Lookups.
[[0;32m  OK  [0m] Started Serial Getty on ttyGS0.
[[0;32m  OK  [0m] Started Generic Board Startup.
[[0;32m  OK  [0m] Reached target Multi-User System.
[[0;32m  OK  [0m] Reached target Graphical Interface.
         Starting Update UTMP about System Runlevel Changes...
[[0;32m  OK  [0m] Started Update UTMP about System Runlevel Changes.

Debian GNU/Linux 9 arm ttyS0

default username:password is [debian:temppwd]

arm login: root
Password: 
Last login: Sat Jan  1 00:00:38 UTC 2000 on ttyS0
root
Linux arm 6.18.0-rc7-next-20251126 #1 SMP Wed Nov 26 05:37:55 EET 2025 armv7l

The programs included with the Debian GNU/Linux system are free software;
the exact distribution terms for each program are described in the
individual files in /usr/share/doc/*/copyright.

Debian GNU/Linux comes with ABSOLUTELY NO WARRANTY, to the extent
permitted by applicable law.
root@arm:~# root
-bash: root: command not found
root@arm:~# dmesg -n 1
echo 'WHFG''OQATUT'
root@arm:~# echo 'WHFG''OQATUT'
WHFGOQATUT
root@arm:~# run() { echo -n "$MARKER"; sh -c "$@"; echo "$MARKER $?"; }
root@arm:~# echo 'VWLN''SVKAXX'
VWLNSVKAXX
root@arm:~# MARKER='UMYM''SXLABC' run 'cat /proc/version'
UMYMSXLABCLinux version 6.18.0-rc7-next-20251126 (user01@drvtest01) (arm-none-eabi-gcc (Arm GNU Toolchain 14.2.Rel1 (Build arm-14.52)) 14.2.1 20241119, GNU ld (Arm GNU Toolchain 14.2.Rel1 (Build arm-14.52)) 2.43.1.20241119) #1 SMP Wed Nov 26 05:37:55 EET 2025
UMYMSXLABC 0
root@arm:~# echo 'ZCLU''CYVTQL'
ZCLUCYVTQL
root@arm:~# MARKER='VJMV''BJNTON' run false
VJMVBJNTONVJMVBJNTON 1
root@arm:~# Labgrid Console Logfile for main
Logfile started at 2025-11-26 05:40:38.447965
=== Log starts here ===

root@arm:~# run() { echo -n "$MARKER"; sh -c "$@"; echo "$MARKER $?"; }
root@arm:~# echo 'OYMC''XTPJPU'
OYMCXTPJPU
root@arm:~# MARKER='FUQM''UHHOSX' run 'ls /iio_generic_buffer; echo $?'
FUQMUHHOSX/iio_generic_buffer
0
FUQMUHHOSX 0
root@arm:~# Labgrid Console Logfile for main
Logfile started at 2025-11-26 05:40:41.791226
=== Log starts here ===

root@arm:~# run() { echo -n "$MARKER"; sh -c "$@"; echo "$MARKER $?"; }
root@arm:~# echo 'CXXZ''KATOZH'
CXXZKATOZH
root@arm:~# MARKER='YYOY''OEAHVA' run dmesg
YYOYOEAHVA[    0.000000] Booting Linux on physical CPU 0x0
[    0.000000] Linux version 6.18.0-rc7-next-20251126 (user01@drvtest01) (arm-none-eabi-gcc (Arm GNU Toolchain 14.2.Rel1 (Build arm-14.52)) 14.2.1 20241119, GNU ld (Arm GNU Toolchain 14.2.Rel1 (Build arm-14.52)) 2.43.1.20241119) #1 SMP Wed Nov 26 05:37:55 EET 2025
[    0.000000] CPU: ARMv7 Processor [413fc082] revision 2 (ARMv7), cr=10c5387d
[    0.000000] CPU: PIPT / VIPT nonaliasing data cache, VIPT aliasing instruction cache
[    0.000000] OF: fdt: Machine model: TI AM335x BeagleBone Black
[    0.000000] Memory policy: Data cache writeback
[    0.000000] cma: Reserved 16 MiB at 0x9e800000
[    0.000000] Zone ranges:
[    0.000000]   Normal   [mem 0x0000000080000000-0x000000009fdfffff]
[    0.000000]   HighMem  empty
[    0.000000] Movable zone start for each node
[    0.000000] Early memory node ranges
[    0.000000]   node   0: [mem 0x0000000080000000-0x000000009fdfffff]
[    0.000000] Initmem setup node 0 [mem 0x0000000080000000-0x000000009fdfffff]
[    0.000000] On node 0, zone Normal: 512 pages in unavailable ranges
[    0.000000] OF: reserved mem: Reserved memory: No reserved-memory node in the DT
[    0.000000] CPU: All CPU(s) started in SVC mode.
[    0.000000] AM335X ES2.1 (sgx neon)
[    0.000000] percpu: Embedded 17 pages/cpu s40204 r8192 d21236 u69632
[    0.000000] pcpu-alloc: s40204 r8192 d21236 u69632 alloc=17*4096
[    0.000000] pcpu-alloc: [0] 0 
[    0.000000] Kernel command line: console=ttyO0,115200n8 root=/dev/nfs rw nfsroot=192.168.255.126:/home/user01/nfs,nfsvers=3 ip=192.168.255.1:192.168.255.126::255.255.255.0:bbb1:eth0 nfsrootdebug
[    0.000000] Unknown kernel command line parameters "nfsrootdebug", will be passed to user space.
[    0.000000] printk: log buffer data + meta data: 65536 + 204800 = 270336 bytes
[    0.000000] Dentry cache hash table entries: 65536 (order: 6, 262144 bytes, linear)
[    0.000000] Inode-cache hash table entries: 32768 (order: 5, 131072 bytes, linear)
[    0.000000] Built 1 zonelists, mobility grouping on.  Total pages: 130560
[    0.000000] mem auto-init: stack:off, heap alloc:off, heap free:off
[    0.000000] SLUB: HWalign=16, Order=0-3, MinObjects=0, CPUs=1, Nodes=1
[    0.000000] rcu: Hierarchical RCU implementation.
[    0.000000] rcu: 	RCU event tracing is enabled.
[    0.000000] rcu: 	RCU restricting CPUs from NR_CPUS=2 to nr_cpu_ids=1.
[    0.000000] 	Tracing variant of Tasks RCU enabled.
[    0.000000] rcu: RCU calculated value of scheduler-enlistment delay is 10 jiffies.
[    0.000000] rcu: Adjusting geometry for rcu_fanout_leaf=16, nr_cpu_ids=1
[    0.000000] RCU Tasks Trace: Setting shift to 0 and lim to 1 rcu_task_cb_adjust=1 rcu_task_cpu_ids=1.
[    0.000000] NR_IRQS: 16, nr_irqs: 16, preallocated irqs: 16
[    0.000000] IRQ: Found an INTC at 0x(ptrval) (revision 5.0) with 128 interrupts
[    0.000000] rcu: srcu_init: Setting srcu_struct sizes based on contention.
[    0.000000] TI gptimer clocksource: always-on /ocp/interconnect@44c00000/segment@200000/target-module@31000
[    0.000003] sched_clock: 32 bits at 24MHz, resolution 41ns, wraps every 89478484971ns
[    0.000027] clocksource: dmtimer: mask: 0xffffffff max_cycles: 0xffffffff, max_idle_ns: 79635851949 ns
[    0.000574] TI gptimer clockevent: 24000000 Hz at /ocp/interconnect@48000000/segment@0/target-module@40000
[    0.002164] Console: colour dummy device 80x30
[    0.002230] WARNING: Your 'console=ttyO0' has been replaced by 'ttyS0'
[    0.002239] This ensures that you still see kernel messages. Please
[    0.002243] update your kernel commandline.
[    0.002282] Calibrating delay loop... 996.14 BogoMIPS (lpj=4980736)
[    0.090688] CPU: Testing write buffer coherency: ok
[    0.090771] CPU0: Spectre v2: using BPIALL workaround
[    0.090780] pid_max: default: 32768 minimum: 301
[    0.091097] Mount-cache hash table entries: 1024 (order: 0, 4096 bytes, linear)
[    0.091118] Mountpoint-cache hash table entries: 1024 (order: 0, 4096 bytes, linear)
[    0.092710] CPU0: thread -1, cpu 0, socket -1, mpidr 0
[    0.092765] cacheinfo: Unable to detect cache hierarchy for CPU 0
[    0.094760] Setting up static identity map for 0x80100000 - 0x80100078
[    0.095087] rcu: Hierarchical SRCU implementation.
[    0.095098] rcu: 	Max phase no-delay instances is 1000.
[    0.096838] smp: Bringing up secondary CPUs ...
[    0.096889] smp: Brought up 1 node, 1 CPU
[    0.096901] SMP: Total of 1 processors activated (996.14 BogoMIPS).
[    0.096913] CPU: All CPU(s) started in SVC mode.
[    0.097156] Memory: 479964K/522240K available (12288K kernel code, 1231K rwdata, 2956K rodata, 1024K init, 255K bss, 24364K reserved, 16384K cma-reserved, 0K highmem)
[    0.098020] devtmpfs: initialized
[    0.115298] VFP support v0.3: implementor 41 architecture 3 part 30 variant c rev 3
[    0.115985] clocksource: jiffies: mask: 0xffffffff max_cycles: 0xffffffff, max_idle_ns: 19112604462750000 ns
[    0.116041] posixtimers hash table entries: 512 (order: 0, 4096 bytes, linear)
[    0.116066] futex hash table entries: 256 (16384 bytes on 1 NUMA nodes, total 16 KiB, linear).
[    0.119269] NET: Registered PF_NETLINK/PF_ROUTE protocol family
[    0.122389] DMA: preallocated 256 KiB pool for atomic coherent allocations
[    0.123364] audit: initializing netlink subsys (disabled)
[    0.124734] thermal_sys: Registered thermal governor 'fair_share'
[    0.124752] thermal_sys: Registered thermal governor 'step_wise'
[    0.124761] thermal_sys: Registered thermal governor 'user_space'
[    0.124871] audit: type=2000 audit(0.120:1): state=initialized audit_enabled=0 res=1
[    0.124941] cpuidle: using governor menu
[    0.142859] /ocp/interconnect@44c00000/segment@200000/target-module@b000/i2c@0/tda19988@70: Fixed dependency cycle(s) with /ocp/interconnect@48000000/segment@300000/target-module@e000/lcdc@0
[    0.143954] /ocp/interconnect@48000000/segment@300000/target-module@e000/lcdc@0: Fixed dependency cycle(s) with /ocp/interconnect@44c00000/segment@200000/target-module@b000/i2c@0/tda19988@70
[    0.146145] No ATAGs?
[    0.146184] hw-breakpoint: debug architecture 0x4 unsupported.
[    0.148894] kprobes: kprobe jump-optimization is enabled. All kprobes are optimized if possible.
[    0.153618] iommu: Default domain type: Translated
[    0.153643] iommu: DMA domain TLB invalidation policy: strict mode
[    0.155217] reg-fixed-voltage fixedregulator0: using DT '/fixedregulator0' for '(default)' GPIO lookup
[    0.155270] of_get_named_gpiod_flags: can't parse 'gpios' property of node '/fixedregulator0[0]'
[    0.155298] of_get_named_gpiod_flags: can't parse 'gpio' property of node '/fixedregulator0[0]'
[    0.155317] reg-fixed-voltage fixedregulator0: using lookup tables for GPIO lookup
[    0.155328] reg-fixed-voltage fixedregulator0: No GPIO consumer (default) found
[    0.161808] SCSI subsystem initialized
[    0.162291] libata version 3.00 loaded.
[    0.162677] pps_core: LinuxPPS API ver. 1 registered
[    0.162688] pps_core: Software ver. 5.3.6 - Copyright 2005-2007 Rodolfo Giometti <giometti@linux.it>
[    0.162712] PTP clock support registered
[    0.171236] vgaarb: loaded
[    0.171633] clocksource: Switched to clocksource dmtimer
[    0.172241] VFS: Disk quotas dquot_6.6.0
[    0.172302] VFS: Dquot-cache hash table entries: 1024 (order 0, 4096 bytes)
[    0.195769] NET: Registered PF_INET protocol family
[    0.196099] IP idents hash table entries: 8192 (order: 4, 65536 bytes, linear)
[    0.197532] tcp_listen_portaddr_hash hash table entries: 512 (order: 0, 4096 bytes, linear)
[    0.197569] Table-perturb hash table entries: 65536 (order: 6, 262144 bytes, linear)
[    0.197588] TCP established hash table entries: 4096 (order: 2, 16384 bytes, linear)
[    0.197635] TCP bind hash table entries: 4096 (order: 4, 65536 bytes, linear)
[    0.197736] TCP: Hash tables configured (established 4096 bind 4096)
[    0.197860] UDP hash table entries: 256 (order: 2, 14336 bytes, linear)
[    0.197892] UDP-Lite hash table entries: 256 (order: 2, 14336 bytes, linear)
[    0.198109] NET: Registered PF_UNIX/PF_LOCAL protocol family
[    0.202332] RPC: Registered named UNIX socket transport module.
[    0.202353] RPC: Registered udp transport module.
[    0.202358] RPC: Registered tcp transport module.
[    0.202363] RPC: Registered tcp-with-tls transport module.
[    0.202367] RPC: Registered tcp NFSv4.1 backchannel transport module.
[    0.202394] PCI: CLS 0 bytes, default 64
[    0.203834] Initialise system trusted keyrings
[    0.212199] workingset: timestamp_bits=14 max_order=17 bucket_order=3
[    0.213648] NFS: Registering the id_resolver key type
[    0.213745] Key type id_resolver registered
[    0.213751] Key type id_legacy registered
[    0.213861] jffs2: version 2.2. (NAND) (SUMMARY)  Â© 2001-2006 Red Hat, Inc.
[    0.214409] Key type asymmetric registered
[    0.214427] Asymmetric key parser 'x509' registered
[    0.214503] io scheduler mq-deadline registered
[    0.214514] io scheduler kyber registered
[    0.214603] io scheduler bfq registered
[    0.216415] target-module@4b000000:target-module@140000:pmu@0:fck: device ID is greater than 24
[    0.221885] ledtrig-cpu: registered to indicate activity on CPUs
[    0.225608] Serial: 8250/16550 driver, 6 ports, IRQ sharing enabled
[    0.265713] brd: module loaded
[    0.286604] loop: module loaded
[    0.287534] mtdoops: mtd device (mtddev=name/number) must be supplied
[    0.289076] mdio_bus fixed-0: using lookup tables for GPIO lookup
[    0.289099] mdio_bus fixed-0: No GPIO consumer reset found
[    0.290544] i2c_dev: i2c /dev entries driver
[    0.291554] cpuidle: enable-method property 'ti,am3352' found operations
[    0.292166] sdhci: Secure Digital Host Controller Interface driver
[    0.292178] sdhci: Copyright(c) Pierre Ossman
[    0.292364] sdhci-pltfm: SDHCI platform and OF driver helper
[    0.302013] hw perfevents: enabled with armv7_cortex_a8 PMU driver, 5 (8000000f) counters available
[    0.302579] Initializing XFRM netlink socket
[    0.302760] NET: Registered PF_INET6 protocol family
[    0.304792] Segment Routing with IPv6
[    0.304883] In-situ OAM (IOAM) with IPv6
[    0.304982] sit: IPv6, IPv4 and MPLS over IPv4 tunneling driver
[    0.305937] NET: Registered PF_PACKET protocol family
[    0.305958] PFKEY is deprecated and scheduled to be removed in 2027, please contact the netdev mailing list
[    0.305972] NET: Registered PF_KEY protocol family
[    0.306089] Key type dns_resolver registered
[    0.306321] ThumbEE CPU extension supported.
[    0.306341] Registering SWP/SWPB emulation handler
[    0.306865] omap_voltage_late_init: Voltage driver support not added
[    0.307533] SmartReflex Class3 initialized
[    0.342265] Loading compiled-in X.509 certificates
[    0.370542] /ocp/interconnect@44c00000/segment@200000/target-module@b000/i2c@0/tda19988@70: Fixed dependency cycle(s) with /ocp/interconnect@48000000/segment@300000/target-module@e000/lcdc@0
[    0.377207] /ocp/interconnect@44c00000/segment@200000/target-module@b000/i2c@0/tda19988@70: Fixed dependency cycle(s) with /ocp/interconnect@48000000/segment@300000/target-module@e000/lcdc@0
[    0.382889] gpiochip_find_base_unlocked: found new base at 512
[    0.410068] /ocp/interconnect@44c00000/segment@200000/target-module@b000/i2c@0/tda19988@70: Fixed dependency cycle(s) with /ocp/interconnect@48000000/segment@300000/target-module@e000/lcdc@0
[    0.410959] /ocp/interconnect@44c00000/segment@200000/target-module@b000/i2c@0/tda19988@70: Fixed dependency cycle(s) with /ocp/interconnect@48000000/segment@300000/target-module@e000/lcdc@0
[    0.414815] /ocp/interconnect@44c00000/segment@200000/target-module@10000/scm@0/pinmux@800: Fixed dependency cycle(s) with /ocp/interconnect@44c00000/segment@200000/target-module@10000/scm@0/pinmux@800/clkout2-pins
[    0.415433] pinctrl-single 44e10800.pinmux: 142 pins, size 568
[    0.468571] /ocp/interconnect@48000000/segment@300000/target-module@e000/lcdc@0: Fixed dependency cycle(s) with /ocp/interconnect@44c00000/segment@200000/target-module@b000/i2c@0/tda19988@70
[    0.488581] gpiochip_find_base_unlocked: found new base at 512
[    0.488694] gpio gpiochip0: (gpio-0-31): created GPIO range 0->7 ==> 44e10800.pinmux PIN 0->7
[    0.488714] gpio gpiochip0: (gpio-0-31): created GPIO range 8->11 ==> 44e10800.pinmux PIN 90->93
[    0.488731] gpio gpiochip0: (gpio-0-31): created GPIO range 12->27 ==> 44e10800.pinmux PIN 12->27
[    0.488747] gpio gpiochip0: (gpio-0-31): created GPIO range 28->31 ==> 44e10800.pinmux PIN 30->33
[    0.513694] gpio gpiochip0: (gpio-0-31): added GPIO chardev (254:0)
[    0.513938] gpio gpiochip0: registered GPIOs 512 to 543 on gpio-0-31
[    0.514024] OMAP GPIO hardware version 0.1
[    0.539732] i2c i2c-2: using DT '/ocp/interconnect@48000000/segment@100000/target-module@9c000/i2c@0' for 'scl' GPIO lookup
[    0.539807] of_get_named_gpiod_flags: can't parse 'scl-gpios' property of node '/ocp/interconnect@48000000/segment@100000/target-module@9c000/i2c@0[0]'
[    0.539848] of_get_named_gpiod_flags: can't parse 'scl-gpio' property of node '/ocp/interconnect@48000000/segment@100000/target-module@9c000/i2c@0[0]'
[    0.539885] i2c i2c-2: using lookup tables for GPIO lookup
[    0.539894] i2c i2c-2: No GPIO consumer scl found
[    0.539916] i2c i2c-2: using DT '/ocp/interconnect@48000000/segment@100000/target-module@9c000/i2c@0' for 'sda' GPIO lookup
[    0.539951] of_get_named_gpiod_flags: can't parse 'sda-gpios' property of node '/ocp/interconnect@48000000/segment@100000/target-module@9c000/i2c@0[0]'
[    0.539987] of_get_named_gpiod_flags: can't parse 'sda-gpio' property of node '/ocp/interconnect@48000000/segment@100000/target-module@9c000/i2c@0[0]'
[    0.540018] i2c i2c-2: using lookup tables for GPIO lookup
[    0.540026] i2c i2c-2: No GPIO consumer sda found
[    0.540756] omap_i2c 4819c000.i2c: bus 2 rev0.11 at 100 kHz
[    0.546634] gpiochip_find_base_unlocked: found new base at 544
[    0.546735] gpio gpiochip1: (gpio-32-63): created GPIO range 0->17 ==> 44e10800.pinmux PIN 34->51
[    0.546757] gpio gpiochip1: (gpio-32-63): created GPIO range 18->21 ==> 44e10800.pinmux PIN 77->80
[    0.546773] gpio gpiochip1: (gpio-32-63): created GPIO range 22->31 ==> 44e10800.pinmux PIN 56->65
[    0.568832] gpio gpiochip1: (gpio-32-63): added GPIO chardev (254:1)
[    0.569060] gpio gpiochip1: registered GPIOs 544 to 575 on gpio-32-63
[    0.571382] gpiochip_find_base_unlocked: found new base at 576
[    0.571477] gpio gpiochip2: (gpio-64-95): created GPIO range 0->4 ==> 44e10800.pinmux PIN 66->70
[    0.571497] gpio gpiochip2: (gpio-64-95): created GPIO range 5->6 ==> 44e10800.pinmux PIN 98->99
[    0.571512] gpio gpiochip2: (gpio-64-95): created GPIO range 7->8 ==> 44e10800.pinmux PIN 75->76
[    0.571528] gpio gpiochip2: (gpio-64-95): created GPIO range 13->13 ==> 44e10800.pinmux PIN 141->141
[    0.571544] gpio gpiochip2: (gpio-64-95): created GPIO range 14->21 ==> 44e10800.pinmux PIN 100->107
[    0.590120] gpio gpiochip2: (gpio-64-95): added GPIO chardev (254:2)
[    0.590341] gpio gpiochip2: registered GPIOs 576 to 607 on gpio-64-95
[    0.596246] 48000000.interconnect:segment@200000:target-module@0:mpu@0:fck: device ID is greater than 24
[    0.597167] /ocp/interconnect@48000000/segment@300000/target-module@e000/lcdc@0: Fixed dependency cycle(s) with /ocp/interconnect@44c00000/segment@200000/target-module@b000/i2c@0/tda19988@70
[    0.599978] /ocp/interconnect@48000000/segment@300000/target-module@e000/lcdc@0: Fixed dependency cycle(s) with /ocp/interconnect@44c00000/segment@200000/target-module@b000/i2c@0/tda19988@70
[    0.600681] /ocp/interconnect@44c00000/segment@200000/target-module@b000/i2c@0/tda19988@70: Fixed dependency cycle(s) with /ocp/interconnect@48000000/segment@300000/target-module@e000/lcdc@0
[    0.600853] /ocp/interconnect@48000000/segment@300000/target-module@e000/lcdc@0: Fixed dependency cycle(s) with /ocp/interconnect@44c00000/segment@200000/target-module@b000/i2c@0/tda19988@70
[    0.609106] sdhci-omap 481d8000.mmc: using DT '/ocp/interconnect@48000000/segment@100000/target-module@d8000/mmc@0' for 'wp' GPIO lookup
[    0.609180] of_get_named_gpiod_flags: can't parse 'wp-gpios' property of node '/ocp/interconnect@48000000/segment@100000/target-module@d8000/mmc@0[0]'
[    0.609225] of_get_named_gpiod_flags: can't parse 'wp-gpio' property of node '/ocp/interconnect@48000000/segment@100000/target-module@d8000/mmc@0[0]'
[    0.609261] sdhci-omap 481d8000.mmc: using lookup tables for GPIO lookup
[    0.609271] sdhci-omap 481d8000.mmc: No GPIO consumer wp found
[    0.609473] sdhci-omap 481d8000.mmc: supply pbias not found, using dummy regulator
[    0.610559] sdhci-omap 481d8000.mmc: supply vqmmc not found, using dummy regulator
[    0.642930] mdio_bus 4a101000.mdio: using DT '/ocp/interconnect@4a000000/segment@0/target-module@100000/switch@0/mdio@1000' for 'reset' GPIO lookup
[    0.643003] of_get_named_gpiod_flags: can't parse 'reset-gpios' property of node '/ocp/interconnect@4a000000/segment@0/target-module@100000/switch@0/mdio@1000[0]'
[    0.643048] of_get_named_gpiod_flags: can't parse 'reset-gpio' property of node '/ocp/interconnect@4a000000/segment@0/target-module@100000/switch@0/mdio@1000[0]'
[    0.643095] mdio_bus 4a101000.mdio: using lookup tables for GPIO lookup
[    0.643105] mdio_bus 4a101000.mdio: No GPIO consumer reset found
[    0.692684] davinci_mdio 4a101000.mdio: davinci mdio revision 1.6, bus freq 1000000
[    0.710762] mdio_bus 4a101000.mdio:00: using DT '/ocp/interconnect@4a000000/segment@0/target-module@100000/switch@0/mdio@1000/ethernet-phy@0' for 'reset' GPIO lookup
[    0.710860] of_get_named_gpiod_flags: parsed 'reset-gpios' property of node '/ocp/interconnect@4a000000/segment@0/target-module@100000/switch@0/mdio@1000/ethernet-phy@0[0]' - status (0)
[    0.711018] gpio gpiochip0: Persistence not supported for GPIO 8
[    0.834183] davinci_mdio 4a101000.mdio: phy[0]: device 4a101000.mdio:00, driver SMSC LAN8710/LAN8720
[    0.834951] cpsw-switch 4a100000.switch: initialized cpsw ale version 1.4
[    0.834973] cpsw-switch 4a100000.switch: ALE Table size 1024, Policers 0
[    0.835149] cpsw-switch 4a100000.switch: cpts: overflow check period 500 (jiffies)
[    0.835165] cpsw-switch 4a100000.switch: CPTS: ref_clk_freq:250000000 calc_mult:2147483648 calc_shift:29 error:0 nsec/sec
[    0.835261] cpsw-switch 4a100000.switch: Detected MACID = 6c:ec:eb:68:de:78
[    0.837135] cpsw-switch 4a100000.switch: initialized (regs 0x4a100000, pool size 256) hw_ver:0019010C 1.12 (0)
[    0.860762] debugfs: '49000000.dma' already exists in 'dmaengine'
[    0.860808] edma 49000000.dma: TI EDMA DMA engine driver
[    0.899738] ti-sysc 44e31000.target-module: Failed to create device link (0x180) with supplier ocp for /ocp/interconnect@44c00000/segment@200000/target-module@31000/timer@0
[    0.899804] ti-sysc 48040000.target-module: Failed to create device link (0x180) with supplier ocp for /ocp/interconnect@48000000/segment@0/target-module@40000/timer@0
[    0.900733] gpio-clk clk_mcasp0: using DT '/clk_mcasp0' for 'enable' GPIO lookup
[    0.900799] of_get_named_gpiod_flags: parsed 'enable-gpios' property of node '/clk_mcasp0[0]' - status (0)
[    0.900845] gpio gpiochip0: Persistence not supported for GPIO 27
[    0.901568] gpiochip_find_base_unlocked: found new base at 608
[    0.901874] gpio gpiochip3: (gpio-96-127): created GPIO range 0->7 ==> 44e10800.pinmux PIN 82->89
[    0.901904] gpio gpiochip3: (gpio-96-127): created GPIO range 8->11 ==> 44e10800.pinmux PIN 52->55
[    0.901921] gpio gpiochip3: (gpio-96-127): created GPIO range 12->15 ==> 44e10800.pinmux PIN 94->97
[    0.901937] gpio gpiochip3: (gpio-96-127): created GPIO range 16->17 ==> 44e10800.pinmux PIN 71->72
[    0.901952] gpio gpiochip3: (gpio-96-127): created GPIO range 18->18 ==> 44e10800.pinmux PIN 135->135
[    0.901968] gpio gpiochip3: (gpio-96-127): created GPIO range 19->20 ==> 44e10800.pinmux PIN 108->109
[    0.901985] gpio gpiochip3: (gpio-96-127): created GPIO range 21->21 ==> 44e10800.pinmux PIN 73->73
[    0.902002] gpio gpiochip3: (gpio-96-127): created GPIO range 22->23 ==> 44e10800.pinmux PIN 8->9
[    0.902019] gpio gpiochip3: (gpio-96-127): created GPIO range 26->27 ==> 44e10800.pinmux PIN 10->11
[    0.902036] gpio gpiochip3: (gpio-96-127): created GPIO range 28->28 ==> 44e10800.pinmux PIN 74->74
[    0.902054] gpio gpiochip3: (gpio-96-127): created GPIO range 29->29 ==> 44e10800.pinmux PIN 81->81
[    0.902073] gpio gpiochip3: (gpio-96-127): created GPIO range 30->31 ==> 44e10800.pinmux PIN 28->29
[    0.914161] gpio gpiochip3: (gpio-96-127): added GPIO chardev (254:3)
[    0.914417] gpio gpiochip3: registered GPIOs 608 to 639 on gpio-96-127
[    0.916389] omap8250 44e09000.serial: using DT '/ocp/interconnect@44c00000/segment@200000/target-module@9000/serial@0' for 'rs485-term' GPIO lookup
[    0.916462] of_get_named_gpiod_flags: can't parse 'rs485-term-gpios' property of node '/ocp/interconnect@44c00000/segment@200000/target-module@9000/serial@0[0]'
[    0.916506] of_get_named_gpiod_flags: can't parse 'rs485-term-gpio' property of node '/ocp/interconnect@44c00000/segment@200000/target-module@9000/serial@0[0]'
[    0.916544] omap8250 44e09000.serial: using lookup tables for GPIO lookup
[    0.916554] omap8250 44e09000.serial: No GPIO consumer rs485-term found
[    0.916564] omap8250 44e09000.serial: using DT '/ocp/interconnect@44c00000/segment@200000/target-module@9000/serial@0' for 'rs485-rx-during-tx' GPIO lookup
[    0.916599] of_get_named_gpiod_flags: can't parse 'rs485-rx-during-tx-gpios' property of node '/ocp/interconnect@44c00000/segment@200000/target-module@9000/serial@0[0]'
[    0.916636] of_get_named_gpiod_flags: can't parse 'rs485-rx-during-tx-gpio' property of node '/ocp/interconnect@44c00000/segment@200000/target-module@9000/serial@0[0]'
[    0.916667] omap8250 44e09000.serial: using lookup tables for GPIO lookup
[    0.916675] omap8250 44e09000.serial: No GPIO consumer rs485-rx-during-tx found
[    0.917129] 44e09000.serial: ttyS0 at MMIO 0x44e09000 (irq = 34, base_baud = 3000000) is a 8250
[    0.917248] printk: legacy console [ttyS0] enabled
[    2.437321] i2c i2c-0: using DT '/ocp/interconnect@44c00000/segment@200000/target-module@b000/i2c@0' for 'scl' GPIO lookup
[    2.437411] of_get_named_gpiod_flags: can't parse 'scl-gpios' property of node '/ocp/interconnect@44c00000/segment@200000/target-module@b000/i2c@0[0]'
[    2.437458] of_get_named_gpiod_flags: can't parse 'scl-gpio' property of node '/ocp/interconnect@44c00000/segment@200000/target-module@b000/i2c@0[0]'
[    2.437499] i2c i2c-0: using lookup tables for GPIO lookup
[    2.437512] i2c i2c-0: No GPIO consumer scl found
[    2.437538] i2c i2c-0: using DT '/ocp/interconnect@44c00000/segment@200000/target-module@b000/i2c@0' for 'sda' GPIO lookup
[    2.437577] of_get_named_gpiod_flags: can't parse 'sda-gpios' property of node '/ocp/interconnect@44c00000/segment@200000/target-module@b000/i2c@0[0]'
[    2.437618] of_get_named_gpiod_flags: can't parse 'sda-gpio' property of node '/ocp/interconnect@44c00000/segment@200000/target-module@b000/i2c@0[0]'
[    2.437654] i2c i2c-0: using lookup tables for GPIO lookup
[    2.437666] i2c i2c-0: No GPIO consumer sda found
[    2.452607] tps65217-pmic: Failed to locate of_node [id: -1]
[    2.458668] tps65217-bl: Failed to locate of_node [id: -1]
[    2.466154] platform tps65217-charger: DMA mask not set
[    2.473167] platform tps65217-pwrbutton: DMA mask not set
[    2.480909] tps65217 0-0024: TPS65217 ID 0xe version 1.2
[    2.486992] /ocp/interconnect@48000000/segment@300000/target-module@e000/lcdc@0: Fixed dependency cycle(s) with /ocp/interconnect@44c00000/segment@200000/target-module@b000/i2c@0/tda19988@70
[    2.504426] /ocp/interconnect@44c00000/segment@200000/target-module@b000/i2c@0/tda19988@70: Fixed dependency cycle(s) with /ocp/interconnect@48000000/segment@300000/target-module@e000/lcdc@0
[    2.521816] omap_i2c 44e0b000.i2c: bus 0 rev0.11 at 400 kHz
[    2.529662] sdhci-omap 48060000.mmc: using DT '/ocp/interconnect@48000000/segment@0/target-module@60000/mmc@0' for 'cd' GPIO lookup
[    2.529784] of_get_named_gpiod_flags: parsed 'cd-gpios' property of node '/ocp/interconnect@48000000/segment@0/target-module@60000/mmc@0[0]' - status (0)
[    2.529853] gpio gpiochip3: Persistence not supported for GPIO 6
[    2.529879] omap_gpio 44e07000.gpio: Could not set line 6 debounce to 200000 microseconds (-22)
[    2.538760] sdhci-omap 48060000.mmc: Got CD GPIO
[    2.543450] sdhci-omap 48060000.mmc: using DT '/ocp/interconnect@48000000/segment@0/target-module@60000/mmc@0' for 'wp' GPIO lookup
[    2.543499] of_get_named_gpiod_flags: can't parse 'wp-gpios' property of node '/ocp/interconnect@48000000/segment@0/target-module@60000/mmc@0[0]'
[    2.543543] of_get_named_gpiod_flags: can't parse 'wp-gpio' property of node '/ocp/interconnect@48000000/segment@0/target-module@60000/mmc@0[0]'
[    2.543583] sdhci-omap 48060000.mmc: using lookup tables for GPIO lookup
[    2.543597] sdhci-omap 48060000.mmc: No GPIO consumer wp found
[    2.543811] sdhci-omap 48060000.mmc: supply pbias not found, using dummy regulator
[    2.552711] sdhci-omap 481d8000.mmc: using DT '/ocp/interconnect@48000000/segment@100000/target-module@d8000/mmc@0' for 'wp' GPIO lookup
[    2.552790] of_get_named_gpiod_flags: can't parse 'wp-gpios' property of node '/ocp/interconnect@48000000/segment@100000/target-module@d8000/mmc@0[0]'
[    2.552838] of_get_named_gpiod_flags: can't parse 'wp-gpio' property of node '/ocp/interconnect@48000000/segment@100000/target-module@d8000/mmc@0[0]'
[    2.552877] sdhci-omap 481d8000.mmc: using lookup tables for GPIO lookup
[    2.552890] sdhci-omap 481d8000.mmc: No GPIO consumer wp found
[    2.554010] sdhci-omap 48060000.mmc: supply vqmmc not found, using dummy regulator
[    2.563175] sdhci-omap 481d8000.mmc: supply pbias not found, using dummy regulator
[    2.571359] sdhci-omap 481d8000.mmc: supply vqmmc not found, using dummy regulator
[    2.610331] mmc1: SDHCI controller on 481d8000.mmc [481d8000.mmc] using External DMA
[    2.619404] mmc0: SDHCI controller on 48060000.mmc [48060000.mmc] using External DMA
[    2.628313] cpsw-switch 4a100000.switch: starting ndev. mode: dual_mac
[    2.691953] mmc1: new high speed MMC card at address 0001
[    2.698786] mmcblk1: mmc1:0001 MMC04G 3.60 GiB
[    2.706635]  mmcblk1: p1 p2
[    2.710981] mmcblk1boot0: mmc1:0001 MMC04G 2.00 MiB
[    2.717441] SMSC LAN8710/LAN8720 4a101000.mdio:00: attached PHY driver (mii_bus:phy_addr=4a101000.mdio:00, irq=POLL)
[    2.736323] mmcblk1boot1: mmc1:0001 MMC04G 2.00 MiB
[    2.745071] mmcblk1rpmb: mmc1:0001 MMC04G 128 KiB, chardev (249:0)
[    2.795177] mmc0: new high speed SDHC card at address aaaa
[    2.802078] mmcblk0: mmc0:aaaa SE32G 29.7 GiB
[    2.811091]  mmcblk0: p1 p2
[    5.842385] cpsw-switch 4a100000.switch eth0: Link is Up - 100Mbps/Full - flow control off
[    5.871644] IP-Config: Complete:
[    5.874915]      device=eth0, hwaddr=6c:ec:eb:68:de:78, ipaddr=192.168.255.1, mask=255.255.255.0, gw=255.255.255.255
[    5.885555]      host=bbb1, domain=, nis-domain=(none)
[    5.890722]      bootserver=192.168.255.126, rootserver=192.168.255.126, rootpath=
[    5.891129] clk: Disabling unused clocks
[    5.902981] PM: genpd: Disabling unused power domains
[    5.908150] KTAP version 1
[    5.910876] 1..0
[    5.913786] check access for rdinit=/init failed: -2, ignoring
[    5.951163] VFS: Mounted root (nfs filesystem) on device 0:17.
[    5.958506] devtmpfs: mounted
[    5.963355] Freeing unused kernel image (initmem) memory: 1024K
[    5.970004] Run /sbin/init as init process
[    5.974222]   with arguments:
[    5.974237]     /sbin/init
[    5.974247]     nfsrootdebug
[    5.974257]   with environment:
[    5.974265]     HOME=/
[    5.974274]     TERM=linux
[    6.697293] systemd[1]: System time before build time, advancing clock.
[    8.231648] random: crng init done
[    8.264247] systemd[1]: systemd 232 running in system mode. (+PAM +AUDIT +SELINUX +IMA +APPARMOR +SMACK +SYSVINIT +UTMP +LIBCRYPTSETUP +GCRYPT +GNUTLS +ACL +XZ +LZ4 +SECCOMP +BLKID +ELFUTILS +KMOD +IDN)
[    8.283376] systemd[1]: Detected architecture arm.
[    8.315005] systemd[1]: Set hostname to <arm>.
[    9.433753] systemd[1]: syslog.socket: SO_PASSSEC failed: Operation not supported
[    9.441507] systemd[1]: Listening on Syslog Socket.
[    9.463170] systemd[1]: Created slice System Slice.
[    9.493125] systemd[1]: Created slice system-getty.slice.
[    9.522126] systemd[1]: dev-hugepages.mount: Couldn't determine result for ConditionVirtualization=!private-users, assuming failed: No such file or directory
[    9.537154] systemd[1]: Started Forward Password Requests to Wall Directory Watch.
[    9.562918] systemd[1]: Created slice User and Session Slice.
[   11.390736] systemd-journald[111]: Received request to flush runtime journal from PID 1
[   12.642123] omap_prm 44e00d00.prm: sync_state() pending due to 44d00000.cpu
[   14.584637] leds-gpio leds: using DT '/leds/led2' for '(default)' GPIO lookup
[   14.584748] of_get_named_gpiod_flags: parsed 'gpios' property of node '/leds/led2[0]' - status (0)
[   14.584809] gpio gpiochip0: Persistence not supported for GPIO 21
[   14.584825] gpio-533 (?): no flags found for GPIO (default)
[   14.649871] leds-gpio leds: using DT '/leds/led3' for '(default)' GPIO lookup
[   14.650152] of_get_named_gpiod_flags: parsed 'gpios' property of node '/leds/led3[0]' - status (0)
[   14.650218] gpio gpiochip0: Persistence not supported for GPIO 22
[   14.650233] gpio-534 (?): no flags found for GPIO (default)
[   14.664040] leds-gpio leds: using DT '/leds/led4' for '(default)' GPIO lookup
[   14.664144] of_get_named_gpiod_flags: parsed 'gpios' property of node '/leds/led4[0]' - status (0)
[   14.664198] gpio gpiochip0: Persistence not supported for GPIO 23
[   14.664213] gpio-535 (?): no flags found for GPIO (default)
[   14.684584] leds-gpio leds: using DT '/leds/led5' for '(default)' GPIO lookup
[   14.684687] of_get_named_gpiod_flags: parsed 'gpios' property of node '/leds/led5[0]' - status (0)
[   14.684746] gpio gpiochip0: Persistence not supported for GPIO 24
[   14.684762] gpio-536 (?): no flags found for GPIO (default)
[   15.238048] remoteproc remoteproc0: wkup_m3 is available
[   15.450461] omap_rtc 44e3e000.rtc: registered as rtc0
[   15.455967] omap_rtc 44e3e000.rtc: setting system clock to 2000-01-01T00:00:00 UTC (946684800)
[   15.464927] omap_rtc 44e3e000.rtc: using DT '/ocp/interconnect@44c00000/segment@200000/target-module@3e000/rtc@0' for 'wp' GPIO lookup
[   15.465003] of_get_named_gpiod_flags: can't parse 'wp-gpios' property of node '/ocp/interconnect@44c00000/segment@200000/target-module@3e000/rtc@0[0]'
[   15.465053] of_get_named_gpiod_flags: can't parse 'wp-gpio' property of node '/ocp/interconnect@44c00000/segment@200000/target-module@3e000/rtc@0[0]'
[   15.465093] omap_rtc 44e3e000.rtc: using lookup tables for GPIO lookup
[   15.465108] omap_rtc 44e3e000.rtc: No GPIO consumer wp found
[   15.468663] omap_wdt: OMAP Watchdog Timer Rev 0x01: initial timeout 60 sec
[   15.953015] am335x-phy-driver 47401300.usb-phy: using DT '/ocp/target-module@47400000/usb-phy@1300' for 'reset' GPIO lookup
[   15.953112] of_get_named_gpiod_flags: can't parse 'reset-gpios' property of node '/ocp/target-module@47400000/usb-phy@1300[0]'
[   15.953157] of_get_named_gpiod_flags: can't parse 'reset-gpio' property of node '/ocp/target-module@47400000/usb-phy@1300[0]'
[   15.953195] am335x-phy-driver 47401300.usb-phy: using lookup tables for GPIO lookup
[   15.953210] am335x-phy-driver 47401300.usb-phy: No GPIO consumer reset found
[   15.953224] am335x-phy-driver 47401300.usb-phy: using DT '/ocp/target-module@47400000/usb-phy@1300' for 'vbus-detect' GPIO lookup
[   15.953255] of_get_named_gpiod_flags: can't parse 'vbus-detect-gpios' property of node '/ocp/target-module@47400000/usb-phy@1300[0]'
[   15.953287] of_get_named_gpiod_flags: can't parse 'vbus-detect-gpio' property of node '/ocp/target-module@47400000/usb-phy@1300[0]'
[   15.953313] am335x-phy-driver 47401300.usb-phy: using lookup tables for GPIO lookup
[   15.953325] am335x-phy-driver 47401300.usb-phy: No GPIO consumer vbus-detect found
[   15.953476] am335x-phy-driver 47401300.usb-phy: dummy supplies not allowed for exclusive requests (id=vbus)
[   16.030448] at24 2-0054: supply vcc not found, using dummy regulator
[   16.100821] am335x-phy-driver 47401b00.usb-phy: using DT '/ocp/target-module@47400000/usb-phy@1b00' for 'reset' GPIO lookup
[   16.100913] of_get_named_gpiod_flags: can't parse 'reset-gpios' property of node '/ocp/target-module@47400000/usb-phy@1b00[0]'
[   16.100954] of_get_named_gpiod_flags: can't parse 'reset-gpio' property of node '/ocp/target-module@47400000/usb-phy@1b00[0]'
[   16.100991] am335x-phy-driver 47401b00.usb-phy: using lookup tables for GPIO lookup
[   16.101007] am335x-phy-driver 47401b00.usb-phy: No GPIO consumer reset found
[   16.101021] am335x-phy-driver 47401b00.usb-phy: using DT '/ocp/target-module@47400000/usb-phy@1b00' for 'vbus-detect' GPIO lookup
[   16.101052] of_get_named_gpiod_flags: can't parse 'vbus-detect-gpios' property of node '/ocp/target-module@47400000/usb-phy@1b00[0]'
[   16.101085] of_get_named_gpiod_flags: can't parse 'vbus-detect-gpio' property of node '/ocp/target-module@47400000/usb-phy@1b00[0]'
[   16.101111] am335x-phy-driver 47401b00.usb-phy: using lookup tables for GPIO lookup
[   16.101124] am335x-phy-driver 47401b00.usb-phy: No GPIO consumer vbus-detect found
[   16.101275] am335x-phy-driver 47401b00.usb-phy: dummy supplies not allowed for exclusive requests (id=vbus)
[   16.122482] usbcore: registered new interface driver usbfs
[   16.128130] usbcore: registered new interface driver hub
[   16.133761] usbcore: registered new device driver usb
[   16.195140] at24 2-0055: supply vcc not found, using dummy regulator
[   16.321320] input: tps65217_pwrbutton as /devices/platform/ocp/44c00000.interconnect/44c00000.interconnect:segment@200000/44e0b000.target-module/44e0b000.i2c/i2c-0/0-0024/tps65217-pwrbutton/input/input0
[   16.343471] at24 2-0056: supply vcc not found, using dummy regulator
[   16.415147] at24 2-0057: supply vcc not found, using dummy regulator
[   16.558618] at24 0-0050: using DT '/ocp/interconnect@44c00000/segment@200000/target-module@b000/i2c@0/eeprom@50' for 'wp' GPIO lookup
[   16.558831] of_get_named_gpiod_flags: can't parse 'wp-gpios' property of node '/ocp/interconnect@44c00000/segment@200000/target-module@b000/i2c@0/eeprom@50[0]'
[   16.558896] of_get_named_gpiod_flags: can't parse 'wp-gpio' property of node '/ocp/interconnect@44c00000/segment@200000/target-module@b000/i2c@0/eeprom@50[0]'
[   16.558943] at24 0-0050: using lookup tables for GPIO lookup
[   16.558959] at24 0-0050: No GPIO consumer wp found
[   16.559328] at24 0-0050: 4096 byte 24c32 EEPROM, writable, 1 bytes/write
[   17.248470] musb-hdrc musb-hdrc.1: MUSB HDRC host driver
[   17.254098] musb-hdrc musb-hdrc.1: new USB bus registered, assigned bus number 1
[   17.394084] usb usb1: New USB device found, idVendor=1d6b, idProduct=0002, bcdDevice= 6.18
[   17.402567] usb usb1: New USB device strings: Mfr=3, Product=2, SerialNumber=1
[   17.409837] usb usb1: Product: MUSB HDRC host driver
[   17.414923] usb usb1: Manufacturer: Linux 6.18.0-rc7-next-20251126 musb-hcd
[   17.421957] usb usb1: SerialNumber: musb-hdrc.1
[   17.802392] hub 1-0:1.0: USB hub found
[   17.807360] hub 1-0:1.0: 1 port detected
[   18.452773] omap-mailbox 480c8000.mailbox: omap mailbox rev 0x400
[   18.505543] remoteproc remoteproc0: powering up wkup_m3
[   18.630396] remoteproc remoteproc0: Direct firmware load for am335x-pm-firmware.elf failed with error -2
[   18.640206] remoteproc remoteproc0: request_firmware failed: -2
[   18.646246] wkup_m3_ipc 44e11324.wkup_m3_ipc: rproc_boot failed
[   18.751772] tda998x 0-0070: found TDA19988
[   21.367272] omap_rng 48310000.rng: Random Number Generator ver. 20
[   21.683843] tilcdc 4830e000.lcdc: bound 0-0070 (ops tda998x_driver_exit [tda998x])
[   21.842402] [drm] Initialized tilcdc 1.0.0 for 4830e000.lcdc on minor 0
[   21.996997] tilcdc 4830e000.lcdc: [drm] Cannot find any crtc or sizes
[   22.028698] tilcdc 4830e000.lcdc: [drm] Cannot find any crtc or sizes
[   23.111901] omap-sham 53100000.sham: hw accel on OMAP rev 4.3
[   23.207670] PM: Cannot get wkup_m3_ipc handle
[   23.255360] omap-sham 53100000.sham: will run requests pump with realtime priority
[   23.264943] PM: Cannot get wkup_m3_ipc handle
[   23.286600] omap-aes 53500000.aes: OMAP AES hw accel rev: 3.2
[   23.460531] omap-aes 53500000.aes: will run requests pump with realtime priority
[   23.471380] PM: Cannot get wkup_m3_ipc handle
[   23.535926] Bluetooth: Core ver 2.22
[   23.539750] NET: Registered PF_BLUETOOTH protocol family
[   23.545286] Bluetooth: HCI device and connection manager initialized
[   23.551754] Bluetooth: HCI socket layer initialized
[   23.556668] Bluetooth: L2CAP socket layer initialized
[   23.561828] Bluetooth: SCO socket layer initialized
[   24.835515] ------------[ cut here ]------------
[   24.840212] WARNING: net/8021q/vlan_core.c:236 at vlan_for_each+0x114/0x134, CPU#0: avahi-daemon/317
[   24.849585] RTNL: assertion failed at net/8021q/vlan_core.c (236)
[   24.855744] Modules linked in: snd_soc_simple_card bluetooth snd_soc_simple_card_utils omap_aes_driver pm33xx omap_sham omap_crypto ti_emif_sram crypto_engine ecdh_generic tilcdc ecc omap_rng drm_dma_helper libaes rng_core drm_client_lib snd_soc_davinci_mcasp snd_soc_ti_udma snd_soc_ti_edma snd_soc_ti_sdma snd_soc_core snd_pcm_dmaengine tda998x omap_mailbox snd_pcm cec snd_timer drm_kms_helper snd soundcore drm musb_dsps musb_hdrc wkup_m3_ipc drm_panel_orientation_quirks udc_core tps65218_pwrbutton usbcore at24 phy_am335x phy_am335x_control omap_wdt rtc_omap phy_generic cppi41 wkup_m3_rproc watchdog usb_common leds_gpio led_class cpufreq_dt autofs4
[   24.913843] CPU: 0 UID: 107 PID: 317 Comm: avahi-daemon Not tainted 6.18.0-rc7-next-20251126 #1 NONE 
[   24.913863] Hardware name: Generic AM33XX (Flattened Device Tree)
[   24.913872] Call trace: 
[   24.913888]  unwind_backtrace from show_stack+0x10/0x14
[   24.913926]  show_stack from dump_stack_lvl+0x50/0x64
[   24.913951]  dump_stack_lvl from __warn+0x88/0x148
[   24.913970]  __warn from warn_slowpath_fmt+0x19c/0x1b0
[   24.913984]  warn_slowpath_fmt from vlan_for_each+0x114/0x134
[   24.914002]  vlan_for_each from cpsw_add_mc_addr+0x40/0xa4
[   24.914036]  cpsw_add_mc_addr from __hw_addr_ref_sync_dev+0x108/0x140
[   24.914064]  __hw_addr_ref_sync_dev from __dev_mc_add+0x7c/0x80
[   24.914083]  __dev_mc_add from igmp6_group_added+0xc8/0xe0
[   24.914105]  igmp6_group_added from __ipv6_dev_mc_inc+0x218/0x364
[   24.914121]  __ipv6_dev_mc_inc from __ipv6_sock_mc_join+0x11c/0x1c0
[   24.914136]  __ipv6_sock_mc_join from do_ipv6_setsockopt+0x1214/0x1310
[   24.914161]  do_ipv6_setsockopt from ipv6_setsockopt+0x60/0xcc
[   24.914179]  ipv6_setsockopt from udpv6_setsockopt+0x2c/0x6c
[   24.914200]  udpv6_setsockopt from sock_common_setsockopt+0x30/0x40
[   24.914227]  sock_common_setsockopt from do_sock_setsockopt+0x50/0x9c
[   24.914244]  do_sock_setsockopt from __sys_setsockopt+0x70/0xbc
[   24.914259]  __sys_setsockopt from ret_fast_syscall+0x0/0x58
[   24.914274] Exception stack(0xe02e5fa8 to 0xe02e5ff0)
[   24.914288] 5fa0:                   00000014 b6fdece8 0000000d 00000029 00000014 beb6e9ec
[   24.914299] 5fc0: 00000014 b6fdece8 00000014 00000126 0000000d b6f87ff4 0052e988 00516558
[   24.914308] 5fe0: b6f9d088 beb6e9d8 b6f7a309 b6e5141a
[   24.914315] ---[ end trace 0000000000000000 ]---
[   26.745250] tda998x 0-0070: using DT '/ocp/interconnect@44c00000/segment@200000/target-module@b000/i2c@0/tda19988@70' for 'nxp,calib' GPIO lookup
[   26.745394] of_get_named_gpiod_flags: parsed 'nxp,calib-gpios' property of node '/ocp/interconnect@44c00000/segment@200000/target-module@b000/i2c@0/tda19988@70[0]' - status (0)
[   26.745478] gpio gpiochip0: Persistence not supported for GPIO 25
[   26.745494] gpio-537 (nxp,calib): no flags found for GPIO nxp,calib
[   26.793084] gpio-537 (nxp,calib): gpiod_direction_output_nonotify: tried to set a GPIO tied to an IRQ as output
[   26.832997] PM: Cannot get wkup_m3_ipc handle
[   26.838763] asoc-simple-card sound: using DT '/sound' for 'simple-audio-card,hp-det' GPIO lookup
[   26.838835] of_get_named_gpiod_flags: can't parse 'simple-audio-card,hp-det-gpios' property of node '/sound[0]'
[   26.838869] of_get_named_gpiod_flags: can't parse 'simple-audio-card,hp-det-gpio' property of node '/sound[0]'
[   26.838894] asoc-simple-card sound: using lookup tables for GPIO lookup
[   26.838908] asoc-simple-card sound: No GPIO consumer simple-audio-card,hp-det found
[   26.838923] asoc-simple-card sound: using DT '/sound' for 'simple-audio-card,mic-det' GPIO lookup
[   26.838948] of_get_named_gpiod_flags: can't parse 'simple-audio-card,mic-det-gpios' property of node '/sound[0]'
[   26.838974] of_get_named_gpiod_flags: can't parse 'simple-audio-card,mic-det-gpio' property of node '/sound[0]'
[   26.838993] asoc-simple-card sound: using lookup tables for GPIO lookup
[   26.839006] asoc-simple-card sound: No GPIO consumer simple-audio-card,mic-det found
[   26.943182] PM: Cannot get wkup_m3_ipc handle
[   27.061474] tda9950 0-0034: TDA9950 CEC interface, hardware version 3.3
[   27.123339] PM: Cannot get wkup_m3_ipc handle
[   30.160729] userial_init: registered 8 ttyGS* devices
[   30.487619] rndis_register: configNr = 0
[   30.576598] udc musb-hdrc.0: binding gadget driver [g_multi]
[   30.576705] configfs-gadget.g_multi gadget.0: adding 'rndis'/44aac287 to config 'c'/171a8cc6
[   30.577884] configfs-gadget.g_multi gadget.0: HOST MAC 1c:ba:8c:a2:ed:6c
[   30.584866] configfs-gadget.g_multi gadget.0: MAC 1c:ba:8c:a2:ed:70
[   30.591235] rndis_set_param_medium: 0 0
[   30.591256] configfs-gadget.g_multi gadget.0: RNDIS: IN/ep1in OUT/ep1out NOTIFY/ep2in
[   30.591273] configfs-gadget.g_multi gadget.0: adding 'cdc_ethernet'/207fafd0 to config 'c'/171a8cc6
[   30.592290] configfs-gadget.g_multi gadget.0: HOST MAC 1c:ba:8c:a2:ed:6c
[   30.599056] configfs-gadget.g_multi gadget.0: MAC 1c:ba:8c:a2:ed:6d
[   30.605488] configfs-gadget.g_multi gadget.0: CDC Ethernet: IN/ep3in OUT/ep2out NOTIFY/ep4in
[   30.605511] configfs-gadget.g_multi gadget.0: adding 'acm'/4c9cdaa3 to config 'c'/171a8cc6
[   30.605548] configfs-gadget.g_multi gadget.0: acm ttyGS0: IN/ep5in OUT/ep3out NOTIFY/ep6in
[   30.619000] PM: Cannot get wkup_m3_ipc handle
[   32.529484] configfs-gadget.g_multi gadget.0: eth_open
[   36.268146] gs_open: ttyGS0 (9bb1a24c,cedf6a16)
[   36.268303] gs_close: ttyGS0 (9bb1a24c,cedf6a16) ...
[   36.268327] gs_close: ttyGS0 (9bb1a24c,cedf6a16) done!
[   36.292561] gs_open: ttyGS0 (0afe0ae6,9bdb4174)
[   36.292703] gs_close: ttyGS0 (0afe0ae6,9bdb4174) ...
[   36.292726] gs_close: ttyGS0 (0afe0ae6,9bdb4174) done!
[   36.493903] gs_open: ttyGS0 (9bb1a24c,21b0ca74)
[   36.494131] gs_close: ttyGS0 (9bb1a24c,21b0ca74) ...
[   36.494160] gs_close: ttyGS0 (9bb1a24c,21b0ca74) done!
[   36.494475] gs_open: ttyGS0 (9bb1a24c,21b0ca74)
YYOYOEAHVA 0
root@arm:~# echo 'YHOF''KTSXKC'
YHOFKTSXKC
root@arm:~# MARKER='GGBL''GOXSJF' run 'modprobe test_linear_ranges'
GGBLGOXSJFGGBLGOXSJF 0
root@arm:~# echo 'GYJG''UCGFUK'
GYJGUCGFUK
root@arm:~# MARKER='UTCB''MSFOHM' run dmesg
UTCBMSFOHM[    0.000000] Booting Linux on physical CPU 0x0
[    0.000000] Linux version 6.18.0-rc7-next-20251126 (user01@drvtest01) (arm-none-eabi-gcc (Arm GNU Toolchain 14.2.Rel1 (Build arm-14.52)) 14.2.1 20241119, GNU ld (Arm GNU Toolchain 14.2.Rel1 (Build arm-14.52)) 2.43.1.20241119) #1 SMP Wed Nov 26 05:37:55 EET 2025
[    0.000000] CPU: ARMv7 Processor [413fc082] revision 2 (ARMv7), cr=10c5387d
[    0.000000] CPU: PIPT / VIPT nonaliasing data cache, VIPT aliasing instruction cache
[    0.000000] OF: fdt: Machine model: TI AM335x BeagleBone Black
[    0.000000] Memory policy: Data cache writeback
[    0.000000] cma: Reserved 16 MiB at 0x9e800000
[    0.000000] Zone ranges:
[    0.000000]   Normal   [mem 0x0000000080000000-0x000000009fdfffff]
[    0.000000]   HighMem  empty
[    0.000000] Movable zone start for each node
[    0.000000] Early memory node ranges
[    0.000000]   node   0: [mem 0x0000000080000000-0x000000009fdfffff]
[    0.000000] Initmem setup node 0 [mem 0x0000000080000000-0x000000009fdfffff]
[    0.000000] On node 0, zone Normal: 512 pages in unavailable ranges
[    0.000000] OF: reserved mem: Reserved memory: No reserved-memory node in the DT
[    0.000000] CPU: All CPU(s) started in SVC mode.
[    0.000000] AM335X ES2.1 (sgx neon)
[    0.000000] percpu: Embedded 17 pages/cpu s40204 r8192 d21236 u69632
[    0.000000] pcpu-alloc: s40204 r8192 d21236 u69632 alloc=17*4096
[    0.000000] pcpu-alloc: [0] 0 
[    0.000000] Kernel command line: console=ttyO0,115200n8 root=/dev/nfs rw nfsroot=192.168.255.126:/home/user01/nfs,nfsvers=3 ip=192.168.255.1:192.168.255.126::255.255.255.0:bbb1:eth0 nfsrootdebug
[    0.000000] Unknown kernel command line parameters "nfsrootdebug", will be passed to user space.
[    0.000000] printk: log buffer data + meta data: 65536 + 204800 = 270336 bytes
[    0.000000] Dentry cache hash table entries: 65536 (order: 6, 262144 bytes, linear)
[    0.000000] Inode-cache hash table entries: 32768 (order: 5, 131072 bytes, linear)
[    0.000000] Built 1 zonelists, mobility grouping on.  Total pages: 130560
[    0.000000] mem auto-init: stack:off, heap alloc:off, heap free:off
[    0.000000] SLUB: HWalign=16, Order=0-3, MinObjects=0, CPUs=1, Nodes=1
[    0.000000] rcu: Hierarchical RCU implementation.
[    0.000000] rcu: 	RCU event tracing is enabled.
[    0.000000] rcu: 	RCU restricting CPUs from NR_CPUS=2 to nr_cpu_ids=1.
[    0.000000] 	Tracing variant of Tasks RCU enabled.
[    0.000000] rcu: RCU calculated value of scheduler-enlistment delay is 10 jiffies.
[    0.000000] rcu: Adjusting geometry for rcu_fanout_leaf=16, nr_cpu_ids=1
[    0.000000] RCU Tasks Trace: Setting shift to 0 and lim to 1 rcu_task_cb_adjust=1 rcu_task_cpu_ids=1.
[    0.000000] NR_IRQS: 16, nr_irqs: 16, preallocated irqs: 16
[    0.000000] IRQ: Found an INTC at 0x(ptrval) (revision 5.0) with 128 interrupts
[    0.000000] rcu: srcu_init: Setting srcu_struct sizes based on contention.
[    0.000000] TI gptimer clocksource: always-on /ocp/interconnect@44c00000/segment@200000/target-module@31000
[    0.000003] sched_clock: 32 bits at 24MHz, resolution 41ns, wraps every 89478484971ns
[    0.000027] clocksource: dmtimer: mask: 0xffffffff max_cycles: 0xffffffff, max_idle_ns: 79635851949 ns
[    0.000574] TI gptimer clockevent: 24000000 Hz at /ocp/interconnect@48000000/segment@0/target-module@40000
[    0.002164] Console: colour dummy device 80x30
[    0.002230] WARNING: Your 'console=ttyO0' has been replaced by 'ttyS0'
[    0.002239] This ensures that you still see kernel messages. Please
[    0.002243] update your kernel commandline.
[    0.002282] Calibrating delay loop... 996.14 BogoMIPS (lpj=4980736)
[    0.090688] CPU: Testing write buffer coherency: ok
[    0.090771] CPU0: Spectre v2: using BPIALL workaround
[    0.090780] pid_max: default: 32768 minimum: 301
[    0.091097] Mount-cache hash table entries: 1024 (order: 0, 4096 bytes, linear)
[    0.091118] Mountpoint-cache hash table entries: 1024 (order: 0, 4096 bytes, linear)
[    0.092710] CPU0: thread -1, cpu 0, socket -1, mpidr 0
[    0.092765] cacheinfo: Unable to detect cache hierarchy for CPU 0
[    0.094760] Setting up static identity map for 0x80100000 - 0x80100078
[    0.095087] rcu: Hierarchical SRCU implementation.
[    0.095098] rcu: 	Max phase no-delay instances is 1000.
[    0.096838] smp: Bringing up secondary CPUs ...
[    0.096889] smp: Brought up 1 node, 1 CPU
[    0.096901] SMP: Total of 1 processors activated (996.14 BogoMIPS).
[    0.096913] CPU: All CPU(s) started in SVC mode.
[    0.097156] Memory: 479964K/522240K available (12288K kernel code, 1231K rwdata, 2956K rodata, 1024K init, 255K bss, 24364K reserved, 16384K cma-reserved, 0K highmem)
[    0.098020] devtmpfs: initialized
[    0.115298] VFP support v0.3: implementor 41 architecture 3 part 30 variant c rev 3
[    0.115985] clocksource: jiffies: mask: 0xffffffff max_cycles: 0xffffffff, max_idle_ns: 19112604462750000 ns
[    0.116041] posixtimers hash table entries: 512 (order: 0, 4096 bytes, linear)
[    0.116066] futex hash table entries: 256 (16384 bytes on 1 NUMA nodes, total 16 KiB, linear).
[    0.119269] NET: Registered PF_NETLINK/PF_ROUTE protocol family
[    0.122389] DMA: preallocated 256 KiB pool for atomic coherent allocations
[    0.123364] audit: initializing netlink subsys (disabled)
[    0.124734] thermal_sys: Registered thermal governor 'fair_share'
[    0.124752] thermal_sys: Registered thermal governor 'step_wise'
[    0.124761] thermal_sys: Registered thermal governor 'user_space'
[    0.124871] audit: type=2000 audit(0.120:1): state=initialized audit_enabled=0 res=1
[    0.124941] cpuidle: using governor menu
[    0.142859] /ocp/interconnect@44c00000/segment@200000/target-module@b000/i2c@0/tda19988@70: Fixed dependency cycle(s) with /ocp/interconnect@48000000/segment@300000/target-module@e000/lcdc@0
[    0.143954] /ocp/interconnect@48000000/segment@300000/target-module@e000/lcdc@0: Fixed dependency cycle(s) with /ocp/interconnect@44c00000/segment@200000/target-module@b000/i2c@0/tda19988@70
[    0.146145] No ATAGs?
[    0.146184] hw-breakpoint: debug architecture 0x4 unsupported.
[    0.148894] kprobes: kprobe jump-optimization is enabled. All kprobes are optimized if possible.
[    0.153618] iommu: Default domain type: Translated
[    0.153643] iommu: DMA domain TLB invalidation policy: strict mode
[    0.155217] reg-fixed-voltage fixedregulator0: using DT '/fixedregulator0' for '(default)' GPIO lookup
[    0.155270] of_get_named_gpiod_flags: can't parse 'gpios' property of node '/fixedregulator0[0]'
[    0.155298] of_get_named_gpiod_flags: can't parse 'gpio' property of node '/fixedregulator0[0]'
[    0.155317] reg-fixed-voltage fixedregulator0: using lookup tables for GPIO lookup
[    0.155328] reg-fixed-voltage fixedregulator0: No GPIO consumer (default) found
[    0.161808] SCSI subsystem initialized
[    0.162291] libata version 3.00 loaded.
[    0.162677] pps_core: LinuxPPS API ver. 1 registered
[    0.162688] pps_core: Software ver. 5.3.6 - Copyright 2005-2007 Rodolfo Giometti <giometti@linux.it>
[    0.162712] PTP clock support registered
[    0.171236] vgaarb: loaded
[    0.171633] clocksource: Switched to clocksource dmtimer
[    0.172241] VFS: Disk quotas dquot_6.6.0
[    0.172302] VFS: Dquot-cache hash table entries: 1024 (order 0, 4096 bytes)
[    0.195769] NET: Registered PF_INET protocol family
[    0.196099] IP idents hash table entries: 8192 (order: 4, 65536 bytes, linear)
[    0.197532] tcp_listen_portaddr_hash hash table entries: 512 (order: 0, 4096 bytes, linear)
[    0.197569] Table-perturb hash table entries: 65536 (order: 6, 262144 bytes, linear)
[    0.197588] TCP established hash table entries: 4096 (order: 2, 16384 bytes, linear)
[    0.197635] TCP bind hash table entries: 4096 (order: 4, 65536 bytes, linear)
[    0.197736] TCP: Hash tables configured (established 4096 bind 4096)
[    0.197860] UDP hash table entries: 256 (order: 2, 14336 bytes, linear)
[    0.197892] UDP-Lite hash table entries: 256 (order: 2, 14336 bytes, linear)
[    0.198109] NET: Registered PF_UNIX/PF_LOCAL protocol family
[    0.202332] RPC: Registered named UNIX socket transport module.
[    0.202353] RPC: Registered udp transport module.
[    0.202358] RPC: Registered tcp transport module.
[    0.202363] RPC: Registered tcp-with-tls transport module.
[    0.202367] RPC: Registered tcp NFSv4.1 backchannel transport module.
[    0.202394] PCI: CLS 0 bytes, default 64
[    0.203834] Initialise system trusted keyrings
[    0.212199] workingset: timestamp_bits=14 max_order=17 bucket_order=3
[    0.213648] NFS: Registering the id_resolver key type
[    0.213745] Key type id_resolver registered
[    0.213751] Key type id_legacy registered
[    0.213861] jffs2: version 2.2. (NAND) (SUMMARY)  Â© 2001-2006 Red Hat, Inc.
[    0.214409] Key type asymmetric registered
[    0.214427] Asymmetric key parser 'x509' registered
[    0.214503] io scheduler mq-deadline registered
[    0.214514] io scheduler kyber registered
[    0.214603] io scheduler bfq registered
[    0.216415] target-module@4b000000:target-module@140000:pmu@0:fck: device ID is greater than 24
[    0.221885] ledtrig-cpu: registered to indicate activity on CPUs
[    0.225608] Serial: 8250/16550 driver, 6 ports, IRQ sharing enabled
[    0.265713] brd: module loaded
[    0.286604] loop: module loaded
[    0.287534] mtdoops: mtd device (mtddev=name/number) must be supplied
[    0.289076] mdio_bus fixed-0: using lookup tables for GPIO lookup
[    0.289099] mdio_bus fixed-0: No GPIO consumer reset found
[    0.290544] i2c_dev: i2c /dev entries driver
[    0.291554] cpuidle: enable-method property 'ti,am3352' found operations
[    0.292166] sdhci: Secure Digital Host Controller Interface driver
[    0.292178] sdhci: Copyright(c) Pierre Ossman
[    0.292364] sdhci-pltfm: SDHCI platform and OF driver helper
[    0.302013] hw perfevents: enabled with armv7_cortex_a8 PMU driver, 5 (8000000f) counters available
[    0.302579] Initializing XFRM netlink socket
[    0.302760] NET: Registered PF_INET6 protocol family
[    0.304792] Segment Routing with IPv6
[    0.304883] In-situ OAM (IOAM) with IPv6
[    0.304982] sit: IPv6, IPv4 and MPLS over IPv4 tunneling driver
[    0.305937] NET: Registered PF_PACKET protocol family
[    0.305958] PFKEY is deprecated and scheduled to be removed in 2027, please contact the netdev mailing list
[    0.305972] NET: Registered PF_KEY protocol family
[    0.306089] Key type dns_resolver registered
[    0.306321] ThumbEE CPU extension supported.
[    0.306341] Registering SWP/SWPB emulation handler
[    0.306865] omap_voltage_late_init: Voltage driver support not added
[    0.307533] SmartReflex Class3 initialized
[    0.342265] Loading compiled-in X.509 certificates
[    0.370542] /ocp/interconnect@44c00000/segment@200000/target-module@b000/i2c@0/tda19988@70: Fixed dependency cycle(s) with /ocp/interconnect@48000000/segment@300000/target-module@e000/lcdc@0
[    0.377207] /ocp/interconnect@44c00000/segment@200000/target-module@b000/i2c@0/tda19988@70: Fixed dependency cycle(s) with /ocp/interconnect@48000000/segment@300000/target-module@e000/lcdc@0
[    0.382889] gpiochip_find_base_unlocked: found new base at 512
[    0.410068] /ocp/interconnect@44c00000/segment@200000/target-module@b000/i2c@0/tda19988@70: Fixed dependency cycle(s) with /ocp/interconnect@48000000/segment@300000/target-module@e000/lcdc@0
[    0.410959] /ocp/interconnect@44c00000/segment@200000/target-module@b000/i2c@0/tda19988@70: Fixed dependency cycle(s) with /ocp/interconnect@48000000/segment@300000/target-module@e000/lcdc@0
[    0.414815] /ocp/interconnect@44c00000/segment@200000/target-module@10000/scm@0/pinmux@800: Fixed dependency cycle(s) with /ocp/interconnect@44c00000/segment@200000/target-module@10000/scm@0/pinmux@800/clkout2-pins
[    0.415433] pinctrl-single 44e10800.pinmux: 142 pins, size 568
[    0.468571] /ocp/interconnect@48000000/segment@300000/target-module@e000/lcdc@0: Fixed dependency cycle(s) with /ocp/interconnect@44c00000/segment@200000/target-module@b000/i2c@0/tda19988@70
[    0.488581] gpiochip_find_base_unlocked: found new base at 512
[    0.488694] gpio gpiochip0: (gpio-0-31): created GPIO range 0->7 ==> 44e10800.pinmux PIN 0->7
[    0.488714] gpio gpiochip0: (gpio-0-31): created GPIO range 8->11 ==> 44e10800.pinmux PIN 90->93
[    0.488731] gpio gpiochip0: (gpio-0-31): created GPIO range 12->27 ==> 44e10800.pinmux PIN 12->27
[    0.488747] gpio gpiochip0: (gpio-0-31): created GPIO range 28->31 ==> 44e10800.pinmux PIN 30->33
[    0.513694] gpio gpiochip0: (gpio-0-31): added GPIO chardev (254:0)
[    0.513938] gpio gpiochip0: registered GPIOs 512 to 543 on gpio-0-31
[    0.514024] OMAP GPIO hardware version 0.1
[    0.539732] i2c i2c-2: using DT '/ocp/interconnect@48000000/segment@100000/target-module@9c000/i2c@0' for 'scl' GPIO lookup
[    0.539807] of_get_named_gpiod_flags: can't parse 'scl-gpios' property of node '/ocp/interconnect@48000000/segment@100000/target-module@9c000/i2c@0[0]'
[    0.539848] of_get_named_gpiod_flags: can't parse 'scl-gpio' property of node '/ocp/interconnect@48000000/segment@100000/target-module@9c000/i2c@0[0]'
[    0.539885] i2c i2c-2: using lookup tables for GPIO lookup
[    0.539894] i2c i2c-2: No GPIO consumer scl found
[    0.539916] i2c i2c-2: using DT '/ocp/interconnect@48000000/segment@100000/target-module@9c000/i2c@0' for 'sda' GPIO lookup
[    0.539951] of_get_named_gpiod_flags: can't parse 'sda-gpios' property of node '/ocp/interconnect@48000000/segment@100000/target-module@9c000/i2c@0[0]'
[    0.539987] of_get_named_gpiod_flags: can't parse 'sda-gpio' property of node '/ocp/interconnect@48000000/segment@100000/target-module@9c000/i2c@0[0]'
[    0.540018] i2c i2c-2: using lookup tables for GPIO lookup
[    0.540026] i2c i2c-2: No GPIO consumer sda found
[    0.540756] omap_i2c 4819c000.i2c: bus 2 rev0.11 at 100 kHz
[    0.546634] gpiochip_find_base_unlocked: found new base at 544
[    0.546735] gpio gpiochip1: (gpio-32-63): created GPIO range 0->17 ==> 44e10800.pinmux PIN 34->51
[    0.546757] gpio gpiochip1: (gpio-32-63): created GPIO range 18->21 ==> 44e10800.pinmux PIN 77->80
[    0.546773] gpio gpiochip1: (gpio-32-63): created GPIO range 22->31 ==> 44e10800.pinmux PIN 56->65
[    0.568832] gpio gpiochip1: (gpio-32-63): added GPIO chardev (254:1)
[    0.569060] gpio gpiochip1: registered GPIOs 544 to 575 on gpio-32-63
[    0.571382] gpiochip_find_base_unlocked: found new base at 576
[    0.571477] gpio gpiochip2: (gpio-64-95): created GPIO range 0->4 ==> 44e10800.pinmux PIN 66->70
[    0.571497] gpio gpiochip2: (gpio-64-95): created GPIO range 5->6 ==> 44e10800.pinmux PIN 98->99
[    0.571512] gpio gpiochip2: (gpio-64-95): created GPIO range 7->8 ==> 44e10800.pinmux PIN 75->76
[    0.571528] gpio gpiochip2: (gpio-64-95): created GPIO range 13->13 ==> 44e10800.pinmux PIN 141->141
[    0.571544] gpio gpiochip2: (gpio-64-95): created GPIO range 14->21 ==> 44e10800.pinmux PIN 100->107
[    0.590120] gpio gpiochip2: (gpio-64-95): added GPIO chardev (254:2)
[    0.590341] gpio gpiochip2: registered GPIOs 576 to 607 on gpio-64-95
[    0.596246] 48000000.interconnect:segment@200000:target-module@0:mpu@0:fck: device ID is greater than 24
[    0.597167] /ocp/interconnect@48000000/segment@300000/target-module@e000/lcdc@0: Fixed dependency cycle(s) with /ocp/interconnect@44c00000/segment@200000/target-module@b000/i2c@0/tda19988@70
[    0.599978] /ocp/interconnect@48000000/segment@300000/target-module@e000/lcdc@0: Fixed dependency cycle(s) with /ocp/interconnect@44c00000/segment@200000/target-module@b000/i2c@0/tda19988@70
[    0.600681] /ocp/interconnect@44c00000/segment@200000/target-module@b000/i2c@0/tda19988@70: Fixed dependency cycle(s) with /ocp/interconnect@48000000/segment@300000/target-module@e000/lcdc@0
[    0.600853] /ocp/interconnect@48000000/segment@300000/target-module@e000/lcdc@0: Fixed dependency cycle(s) with /ocp/interconnect@44c00000/segment@200000/target-module@b000/i2c@0/tda19988@70
[    0.609106] sdhci-omap 481d8000.mmc: using DT '/ocp/interconnect@48000000/segment@100000/target-module@d8000/mmc@0' for 'wp' GPIO lookup
[    0.609180] of_get_named_gpiod_flags: can't parse 'wp-gpios' property of node '/ocp/interconnect@48000000/segment@100000/target-module@d8000/mmc@0[0]'
[    0.609225] of_get_named_gpiod_flags: can't parse 'wp-gpio' property of node '/ocp/interconnect@48000000/segment@100000/target-module@d8000/mmc@0[0]'
[    0.609261] sdhci-omap 481d8000.mmc: using lookup tables for GPIO lookup
[    0.609271] sdhci-omap 481d8000.mmc: No GPIO consumer wp found
[    0.609473] sdhci-omap 481d8000.mmc: supply pbias not found, using dummy regulator
[    0.610559] sdhci-omap 481d8000.mmc: supply vqmmc not found, using dummy regulator
[    0.642930] mdio_bus 4a101000.mdio: using DT '/ocp/interconnect@4a000000/segment@0/target-module@100000/switch@0/mdio@1000' for 'reset' GPIO lookup
[    0.643003] of_get_named_gpiod_flags: can't parse 'reset-gpios' property of node '/ocp/interconnect@4a000000/segment@0/target-module@100000/switch@0/mdio@1000[0]'
[    0.643048] of_get_named_gpiod_flags: can't parse 'reset-gpio' property of node '/ocp/interconnect@4a000000/segment@0/target-module@100000/switch@0/mdio@1000[0]'
[    0.643095] mdio_bus 4a101000.mdio: using lookup tables for GPIO lookup
[    0.643105] mdio_bus 4a101000.mdio: No GPIO consumer reset found
[    0.692684] davinci_mdio 4a101000.mdio: davinci mdio revision 1.6, bus freq 1000000
[    0.710762] mdio_bus 4a101000.mdio:00: using DT '/ocp/interconnect@4a000000/segment@0/target-module@100000/switch@0/mdio@1000/ethernet-phy@0' for 'reset' GPIO lookup
[    0.710860] of_get_named_gpiod_flags: parsed 'reset-gpios' property of node '/ocp/interconnect@4a000000/segment@0/target-module@100000/switch@0/mdio@1000/ethernet-phy@0[0]' - status (0)
[    0.711018] gpio gpiochip0: Persistence not supported for GPIO 8
[    0.834183] davinci_mdio 4a101000.mdio: phy[0]: device 4a101000.mdio:00, driver SMSC LAN8710/LAN8720
[    0.834951] cpsw-switch 4a100000.switch: initialized cpsw ale version 1.4
[    0.834973] cpsw-switch 4a100000.switch: ALE Table size 1024, Policers 0
[    0.835149] cpsw-switch 4a100000.switch: cpts: overflow check period 500 (jiffies)
[    0.835165] cpsw-switch 4a100000.switch: CPTS: ref_clk_freq:250000000 calc_mult:2147483648 calc_shift:29 error:0 nsec/sec
[    0.835261] cpsw-switch 4a100000.switch: Detected MACID = 6c:ec:eb:68:de:78
[    0.837135] cpsw-switch 4a100000.switch: initialized (regs 0x4a100000, pool size 256) hw_ver:0019010C 1.12 (0)
[    0.860762] debugfs: '49000000.dma' already exists in 'dmaengine'
[    0.860808] edma 49000000.dma: TI EDMA DMA engine driver
[    0.899738] ti-sysc 44e31000.target-module: Failed to create device link (0x180) with supplier ocp for /ocp/interconnect@44c00000/segment@200000/target-module@31000/timer@0
[    0.899804] ti-sysc 48040000.target-module: Failed to create device link (0x180) with supplier ocp for /ocp/interconnect@48000000/segment@0/target-module@40000/timer@0
[    0.900733] gpio-clk clk_mcasp0: using DT '/clk_mcasp0' for 'enable' GPIO lookup
[    0.900799] of_get_named_gpiod_flags: parsed 'enable-gpios' property of node '/clk_mcasp0[0]' - status (0)
[    0.900845] gpio gpiochip0: Persistence not supported for GPIO 27
[    0.901568] gpiochip_find_base_unlocked: found new base at 608
[    0.901874] gpio gpiochip3: (gpio-96-127): created GPIO range 0->7 ==> 44e10800.pinmux PIN 82->89
[    0.901904] gpio gpiochip3: (gpio-96-127): created GPIO range 8->11 ==> 44e10800.pinmux PIN 52->55
[    0.901921] gpio gpiochip3: (gpio-96-127): created GPIO range 12->15 ==> 44e10800.pinmux PIN 94->97
[    0.901937] gpio gpiochip3: (gpio-96-127): created GPIO range 16->17 ==> 44e10800.pinmux PIN 71->72
[    0.901952] gpio gpiochip3: (gpio-96-127): created GPIO range 18->18 ==> 44e10800.pinmux PIN 135->135
[    0.901968] gpio gpiochip3: (gpio-96-127): created GPIO range 19->20 ==> 44e10800.pinmux PIN 108->109
