Labgrid Console Logfile for main
Logfile started at 2024-12-13 08:58:12.476829
=== Log starts here ===
ready
DRAM:  512 MiB
NAND:  0 MiB
MMC:   OMAP SD/MMC: 0, OMAP SD/MMC: 1
*** Warning - readenv() failed, using default environment

Net:   <ethaddr> not set. Validating first E-fuse MAC
cpsw, usb_ether
Hit any key to stop autoboot:  1  0 
gpio: pin 53 (gpio 53) value is 1
mmc0 is current device
gpio: pin 54 (gpio 54) value is 1
SD/MMC found on device 0
reading uEnv.txt
584 bytes read in 4 ms (142.6 KiB/s)
gpio: pin 55 (gpio 55) value is 1
Loaded environment from uEnv.txt
Importing environment from mmc ...
Checking if uenvcmd is set ...
gpio: pin 56 (gpio 56) value is 1
Running uenvcmd ...
cpsw Waiting for PHY auto negotiation to complete. done
link up on port 0, speed 100, full duplex
Using cpsw device
TFTP from server 192.168.255.126; our IP address is 192.168.255.1
Filename 'zImage'.
Load address: 0x81000000
Loading: *#################################################################
	 #################################################################
	 #################################################################
	 #################################################################
	 #################################################################
	 #####################################################
	 2.4 MiB/s
done
Bytes transferred = 5542168 (549118 hex)
link up on port 0, speed 100, full duplex
Using cpsw device
TFTP from server 192.168.255.126; our IP address is 192.168.255.1
Filename 'am335x-boneblack.dtb'.
Load address: 0x82000000
Loading: *#######
	 2.2 MiB/s
done
Bytes transferred = 98244 (17fc4 hex)
Kernel image @ 0x81000000 [ 0x000000 - 0x549118 ]
## Flattened Device Tree blob at 82000000
   Booting using the fdt blob at 0x82000000
   Using Device Tree in place at 82000000, end 8201afc3

Starting kernel ...

[    0.000000] Booting Linux on physical CPU 0x0
[    0.000000] Linux version 6.13.0-rc2-next-20241213 (user01@drvtest01) (arm-linux-gnueabihf-gcc (Linaro GCC 6.4-2017.11) 6.4.1 20171012, GNU ld (Linaro_Binutils-2017.11) 2.27.0.20161229) #156 SMP Fri Dec 13 07:18:58 EET 2024
[    0.000000] CPU: ARMv7 Processor [413fc082] revision 2 (ARMv7), cr=10c5387d
[    0.000000] CPU: PIPT / VIPT nonaliasing data cache, VIPT aliasing instruction cache
[    0.000000] OF: fdt: Machine model: TI AM335x BeagleBone Black
[    0.000000] earlycon: omap8250 at MMIO 0x44e09000 (options '')
[    0.000000] printk: legacy bootconsole [omap8250] enabled
[    0.000000] Memory policy: Data cache writeback
[    0.000000] cma: Reserved 16 MiB at 0x9e800000 on node -1
[    0.000000] Zone ranges:
[    0.000000]   Normal   [mem 0x0000000080000000-0x000000009fdfffff]
[    0.000000]   HighMem  empty
[    0.000000] Movable zone start for each node
[    0.000000] Early memory node ranges
[    0.000000]   node   0: [mem 0x0000000080000000-0x000000009fdfffff]
[    0.000000] Initmem setup node 0 [mem 0x0000000080000000-0x000000009fdfffff]
[    0.000000] OF: reserved mem: Reserved memory: No reserved-memory node in the DT
[    0.000000] CPU: All CPU(s) started in SVC mode.
[    0.000000] AM335X ES2.1 (sgx neon)
[    0.000000] percpu: Embedded 17 pages/cpu s39628 r8192 d21812 u69632
[    0.000000] pcpu-alloc: s39628 r8192 d21812 u69632 alloc=17*4096
[    0.000000] pcpu-alloc: [0] 0 
[    0.000000] Kernel command line: console=ttyO0,115200n8 debug earlycon root=/dev/nfs rw nfsroot=192.168.255.126:/home/user01/nfs,nfsvers=3 ip=192.168.255.1:192.168.255.126::255.255.255.0:bbb1:eth0 nfsrootdebug
[    0.000000] Unknown kernel command line parameters "nfsrootdebug", will be passed to user space.
[    0.000000] printk: log buffer data + meta data: 65536 + 204800 = 270336 bytes
[    0.000000] Dentry cache hash table entries: 65536 (order: 6, 262144 bytes, linear)
[    0.000000] Inode-cache hash table entries: 32768 (order: 5, 131072 bytes, linear)
[    0.000000] Built 1 zonelists, mobility grouping on.  Total pages: 130560
[    0.000000] mem auto-init: stack:off, heap alloc:off, heap free:off
[    0.000000] SLUB: HWalign=64, Order=0-3, MinObjects=0, CPUs=1, Nodes=1
[    0.000000] trace event string verifier disabled
[    0.000000] rcu: Hierarchical RCU implementation.
[    0.000000] rcu: 	RCU event tracing is enabled.
[    0.000000] rcu: 	RCU restricting CPUs from NR_CPUS=2 to nr_cpu_ids=1.
[    0.000000] 	Tracing variant of Tasks RCU enabled.
[    0.000000] rcu: RCU calculated value of scheduler-enlistment delay is 10 jiffies.
[    0.000000] rcu: Adjusting geometry for rcu_fanout_leaf=16, nr_cpu_ids=1
[    0.000000] RCU Tasks Trace: Setting shift to 0 and lim to 1 rcu_task_cb_adjust=1 rcu_task_cpu_ids=1.
[    0.000000] NR_IRQS: 16, nr_irqs: 16, preallocated irqs: 16
[    0.000000] IRQ: Found an INTC at 0x(ptrval) (revision 5.0) with 128 interrupts
[    0.000000] rcu: srcu_init: Setting srcu_struct sizes based on contention.
[    0.000000] TI gptimer clocksource: always-on /ocp/interconnect@44c00000/segment@200000/target-module@31000
[    0.000002] sched_clock: 32 bits at 24MHz, resolution 41ns, wraps every 89478484971ns
[    0.008077] clocksource: dmtimer: mask: 0xffffffff max_cycles: 0xffffffff, max_idle_ns: 79635851949 ns
[    0.018135] TI gptimer clockevent: 24000000 Hz at /ocp/interconnect@48000000/segment@0/target-module@40000
[    0.029727] Console: colour dummy device 80x30
[    0.034371] WARNING: Your 'console=ttyO0' has been replaced by 'ttyS0'
[    0.041180] This ensures that you still see kernel messages. Please
[    0.047631] update your kernel commandline.
[    0.051986] Calibrating delay loop... 996.14 BogoMIPS (lpj=4980736)
[    0.094625] CPU: Testing write buffer coherency: ok
[    0.099757] CPU0: Spectre v2: using BPIALL workaround
[    0.104961] pid_max: default: 32768 minimum: 301
[    0.109833] LSM: initializing lsm=capability
[    0.114409] Mount-cache hash table entries: 1024 (order: 0, 4096 bytes, linear)
[    0.121978] Mountpoint-cache hash table entries: 1024 (order: 0, 4096 bytes, linear)
[    0.131657] CPU0: thread -1, cpu 0, socket -1, mpidr 0
[    0.139337] Setting up static identity map for 0x80100000 - 0x80100078
[    0.146400] rcu: Hierarchical SRCU implementation.
[    0.151401] rcu: 	Max phase no-delay instances is 1000.
[    0.158732] smp: Bringing up secondary CPUs ...
[    0.163465] smp: Brought up 1 node, 1 CPU
[    0.167597] SMP: Total of 1 processors activated (996.14 BogoMIPS).
[    0.174154] CPU: All CPU(s) started in SVC mode.
[    0.179106] Memory: 480840K/522240K available (11264K kernel code, 1215K rwdata, 2904K rodata, 1024K init, 295K bss, 23388K reserved, 16384K cma-reserved, 0K highmem)
[    0.195409] devtmpfs: initialized
[    0.215613] VFP support v0.3: implementor 41 architecture 3 part 30 variant c rev 3
[    0.223991] clocksource: jiffies: mask: 0xffffffff max_cycles: 0xffffffff, max_idle_ns: 19112604462750000 ns
[    0.234201] futex hash table entries: 256 (order: 2, 16384 bytes, linear)
[    0.242503] pinctrl core: initialized pinctrl subsystem
[    0.250870] NET: Registered PF_NETLINK/PF_ROUTE protocol family
[    0.259917] DMA: preallocated 256 KiB pool for atomic coherent allocations
[    0.267918] audit: initializing netlink subsys (disabled)
[    0.275010] thermal_sys: Registered thermal governor 'fair_share'
[    0.275040] thermal_sys: Registered thermal governor 'step_wise'
[    0.281412] thermal_sys: Registered thermal governor 'user_space'
[    0.287726] audit: type=2000 audit(0.240:1): state=initialized audit_enabled=0 res=1
[    0.302113] cpuidle: using governor menu
[    0.324536] /ocp/interconnect@44c00000/segment@200000/target-module@b000/i2c@0/tda19988@70: Fixed dependency cycle(s) with /ocp/interconnect@48000000/segment@300000/target-module@e000/lcdc@0
[    0.343302] /ocp/interconnect@48000000/segment@300000/target-module@e000/lcdc@0: Fixed dependency cycle(s) with /ocp/interconnect@44c00000/segment@200000/target-module@b000/i2c@0/tda19988@70
[    0.363099] No ATAGs?
[    0.365468] hw-breakpoint: debug architecture 0x4 unsupported.
[    0.374427] kprobes: kprobe jump-optimization is enabled. All kprobes are optimized if possible.
[    0.401960] iommu: Default domain type: Translated
[    0.406922] iommu: DMA domain TLB invalidation policy: strict mode
[    0.415108] reg-fixed-voltage fixedregulator0: using DT '/fixedregulator0' for '(default)' GPIO lookup
[    0.424843] of_get_named_gpiod_flags: can't parse 'gpios' property of node '/fixedregulator0[0]'
[    0.433940] of_get_named_gpiod_flags: can't parse 'gpio' property of node '/fixedregulator0[0]'
[    0.442938] reg-fixed-voltage fixedregulator0: using lookup tables for GPIO lookup
[    0.450753] reg-fixed-voltage fixedregulator0: No GPIO consumer (default) found
[    0.478968] SCSI subsystem initialized
[    0.488856] libata version 3.00 loaded.
[    0.493190] pps_core: LinuxPPS API ver. 1 registered
[    0.498371] pps_core: Software ver. 5.3.6 - Copyright 2005-2007 Rodolfo Giometti <giometti@linux.it>
[    0.507801] PTP clock support registered
[    0.558533] vgaarb: loaded
[    0.561816] clocksource: Switched to clocksource dmtimer
[    0.567972] VFS: Disk quotas dquot_6.6.0
[    0.572211] VFS: Dquot-cache hash table entries: 1024 (order 0, 4096 bytes)
[    0.601287] NET: Registered PF_INET protocol family
[    0.606804] IP idents hash table entries: 8192 (order: 4, 65536 bytes, linear)
[    0.615717] tcp_listen_portaddr_hash hash table entries: 512 (order: 0, 4096 bytes, linear)
[    0.624416] Table-perturb hash table entries: 65536 (order: 6, 262144 bytes, linear)
[    0.632430] TCP established hash table entries: 4096 (order: 2, 16384 bytes, linear)
[    0.640438] TCP bind hash table entries: 4096 (order: 4, 65536 bytes, linear)
[    0.647903] TCP: Hash tables configured (established 4096 bind 4096)
[    0.654588] UDP hash table entries: 256 (order: 1, 14336 bytes, linear)
[    0.661428] UDP-Lite hash table entries: 256 (order: 1, 14336 bytes, linear)
[    0.668909] NET: Registered PF_UNIX/PF_LOCAL protocol family
[    0.753209] RPC: Registered named UNIX socket transport module.
[    0.759342] RPC: Registered udp transport module.
[    0.764254] RPC: Registered tcp transport module.
[    0.769096] RPC: Registered tcp-with-tls transport module.
[    0.774765] RPC: Registered tcp NFSv4.1 backchannel transport module.
[    0.781414] PCI: CLS 0 bytes, default 64
[    0.787020] Initialise system trusted keyrings
[    0.853897] workingset: timestamp_bits=14 max_order=17 bucket_order=3
[    0.862087] NFS: Registering the id_resolver key type
[    0.867372] Key type id_resolver registered
[    0.871680] Key type id_legacy registered
[    0.875917] jffs2: version 2.2. (NAND) (SUMMARY)  © 2001-2006 Red Hat, Inc.
[    0.910909] Key type asymmetric registered
[    0.915272] Asymmetric key parser 'x509' registered
[    0.920372] io scheduler mq-deadline registered
[    0.925079] io scheduler kyber registered
[    0.929286] io scheduler bfq registered
[    0.951380] ledtrig-cpu: registered to indicate activity on CPUs
[    0.985483] Serial: 8250/16550 driver, 6 ports, IRQ sharing enabled
[    1.031706] brd: module loaded
[    1.067965] loop: module loaded
[    1.072329] mtdoops: mtd device (mtddev=name/number) must be supplied
[    1.089112] mdio_bus fixed-0: using lookup tables for GPIO lookup
[    1.095512] mdio_bus fixed-0: No GPIO consumer reset found
[    1.102643] i2c_dev: i2c /dev entries driver
[    1.108045] cpuidle: enable-method property 'ti,am3352' found operations
[    1.115530] sdhci: Secure Digital Host Controller Interface driver
[    1.121959] sdhci: Copyright(c) Pierre Ossman
[    1.126641] sdhci-pltfm: SDHCI platform and OF driver helper
[    1.133584] Initializing XFRM netlink socket
[    1.138140] NET: Registered PF_INET6 protocol family
[    1.206722] Segment Routing with IPv6
[    1.210606] In-situ OAM (IOAM) with IPv6
[    1.214836] sit: IPv6, IPv4 and MPLS over IPv4 tunneling driver
[    1.222011] NET: Registered PF_PACKET protocol family
[    1.227257] NET: Registered PF_KEY protocol family
[    1.232376] Key type dns_resolver registered
[    1.237073] ThumbEE CPU extension supported.
[    1.241486] Registering SWP/SWPB emulation handler
[    1.247009] omap_voltage_late_init: Voltage driver support not added
[    1.254010] SmartReflex Class3 initialized
[    1.332533] Loading compiled-in X.509 certificates
[    1.387915] /ocp/interconnect@44c00000/segment@200000/target-module@b000/i2c@0/tda19988@70: Fixed dependency cycle(s) with /ocp/interconnect@48000000/segment@300000/target-module@e000/lcdc@0
[    1.412221] /ocp/interconnect@44c00000/segment@200000/target-module@b000/i2c@0/tda19988@70: Fixed dependency cycle(s) with /ocp/interconnect@48000000/segment@300000/target-module@e000/lcdc@0
[    1.435494] gpiochip_find_base_unlocked: found new base at 512
[    1.494063] /ocp/interconnect@44c00000/segment@200000/target-module@b000/i2c@0/tda19988@70: Fixed dependency cycle(s) with /ocp/interconnect@48000000/segment@300000/target-module@e000/lcdc@0
[    1.512661] /ocp/interconnect@44c00000/segment@200000/target-module@b000/i2c@0/tda19988@70: Fixed dependency cycle(s) with /ocp/interconnect@48000000/segment@300000/target-module@e000/lcdc@0
[    1.533929] /ocp/interconnect@44c00000/segment@200000/target-module@10000/scm@0/pinmux@800: Fixed dependency cycle(s) with /ocp/interconnect@44c00000/segment@200000/target-module@10000/scm@0/pinmux@800/clkout2-pins
[    1.554260] pinctrl-single 44e10800.pinmux: 142 pins, size 568
[    1.565731] ti-sysc 44e31000.target-module: probe with driver ti-sysc failed with error -16
[    1.669531] /ocp/interconnect@48000000/segment@300000/target-module@e000/lcdc@0: Fixed dependency cycle(s) with /ocp/interconnect@44c00000/segment@200000/target-module@b000/i2c@0/tda19988@70
[    1.695381] ti-sysc 48040000.target-module: probe with driver ti-sysc failed with error -16
[    1.715727] gpiochip_find_base_unlocked: found new base at 512
[    1.721990] gpio gpiochip0: (gpio-0-31): created GPIO range 0->7 ==> 44e10800.pinmux PIN 0->7
[    1.730788] gpio gpiochip0: (gpio-0-31): created GPIO range 8->11 ==> 44e10800.pinmux PIN 90->93
[    1.739899] gpio gpiochip0: (gpio-0-31): created GPIO range 12->27 ==> 44e10800.pinmux PIN 12->27
[    1.749072] gpio gpiochip0: (gpio-0-31): created GPIO range 28->31 ==> 44e10800.pinmux PIN 30->33
[    1.852790] gpio gpiochip0: (gpio-0-31): added GPIO chardev (254:0)
[    1.859414] gpio gpiochip0: registered GPIOs 512 to 543 on gpio-0-31
[    1.866128] OMAP GPIO hardware version 0.1
[    1.918426] i2c i2c-2: using DT '/ocp/interconnect@48000000/segment@100000/target-module@9c000/i2c@0' for 'scl' GPIO lookup
[    1.930117] of_get_named_gpiod_flags: can't parse 'scl-gpios' property of node '/ocp/interconnect@48000000/segment@100000/target-module@9c000/i2c@0[0]'
[    1.944187] of_get_named_gpiod_flags: can't parse 'scl-gpio' property of node '/ocp/interconnect@48000000/segment@100000/target-module@9c000/i2c@0[0]'
[    1.958155] i2c i2c-2: using lookup tables for GPIO lookup
[    1.963836] i2c i2c-2: No GPIO consumer scl found
[    1.968696] i2c i2c-2: using DT '/ocp/interconnect@48000000/segment@100000/target-module@9c000/i2c@0' for 'sda' GPIO lookup
[    1.980214] of_get_named_gpiod_flags: can't parse 'sda-gpios' property of node '/ocp/interconnect@48000000/segment@100000/target-module@9c000/i2c@0[0]'
[    1.994238] of_get_named_gpiod_flags: can't parse 'sda-gpio' property of node '/ocp/interconnect@48000000/segment@100000/target-module@9c000/i2c@0[0]'
[    2.008159] i2c i2c-2: using lookup tables for GPIO lookup
[    2.013829] i2c i2c-2: No GPIO consumer sda found
[    2.019464] omap_i2c 4819c000.i2c: bus 2 rev0.11 at 100 kHz
[    2.030801] gpiochip_find_base_unlocked: found new base at 544
[    2.037105] gpio gpiochip1: (gpio-32-63): created GPIO range 0->17 ==> 44e10800.pinmux PIN 34->51
[    2.046319] gpio gpiochip1: (gpio-32-63): created GPIO range 18->21 ==> 44e10800.pinmux PIN 77->80
[    2.055599] gpio gpiochip1: (gpio-32-63): created GPIO range 22->31 ==> 44e10800.pinmux PIN 56->65
[    2.065769] gpio gpiochip1: (gpio-32-63): added GPIO chardev (254:1)
[    2.072581] gpio gpiochip1: registered GPIOs 544 to 575 on gpio-32-63
[    2.081504] gpiochip_find_base_unlocked: found new base at 576
[    2.087743] gpio gpiochip2: (gpio-64-95): created GPIO range 0->4 ==> 44e10800.pinmux PIN 66->70
[    2.096857] gpio gpiochip2: (gpio-64-95): created GPIO range 5->6 ==> 44e10800.pinmux PIN 98->99
[    2.105936] gpio gpiochip2: (gpio-64-95): created GPIO range 7->8 ==> 44e10800.pinmux PIN 75->76
[    2.115013] gpio gpiochip2: (gpio-64-95): created GPIO range 13->13 ==> 44e10800.pinmux PIN 141->141
[    2.124445] gpio gpiochip2: (gpio-64-95): created GPIO range 14->21 ==> 44e10800.pinmux PIN 100->107
[    2.134640] gpio gpiochip2: (gpio-64-95): added GPIO chardev (254:2)
[    2.141336] gpio gpiochip2: registered GPIOs 576 to 607 on gpio-64-95
[    2.153918] 48000000.interconnect:segment@200000:tar get-module@0:mpu@0:fck: device ID is greater than 24
[    2.164773] /ocp/interconnect@48000000/segment@300000/target-module@e000/lcdc@0: Fixed dependency cycle(s) with /ocp/interconnect@44c00000/segment@200000/target-module@b000/i2c@0/tda19988@70
[    2.ad from ret_from_fork+0x14/0x20
[    3.007390] Exception stack(0xe0091fb0 to 0xe0091ff8)
[    3.012590] 1fa0:                                     00000000 00000000 00000000 00000000
[    3.021008] 1fc0: 00000000 00000000 00000000 00000000 00000000 00000000 00000000 00000000
[    3.029425] 1fe0: 00000000 00000000 00000000 00000000 00000013 00000000
[    3.036230] ---[ end trace 0000000000000000 ]---
[    3.041346] 8<--- cut here ---
[    3.044504] Unhandled fault: external abort on non-linefetch (0x1028) at 0xf9e07034
[    3.052387] [f9e07034] *pgd=44e11452(bad)
[    3.056534] Internal error: : 1028 [#1] SMP ARM
[    3.061199] Modules linked in:
[    3.064347] CPU: 0 UID: 0 PID: 34 Comm: kworker/u4:3 Tainted: G        W          6.13.0-rc2-next-20241213 #156
[    3.074737] Tainted: [W]=WARN
[    3.077787] Hardware name: Generic AM33XX (Flattened Device Tree)
[    3.084058] Workqueue: events_unbound deferred_probe_work_func
[    3.090076] PC is at omap_gpio_probe+0x14c/0x5c0
[    3.094835] LR is at 0x20
[    3.097531] pc : [<c06b92bc>]    lr : [<00000020>]    psr: 20000013
[    3.103979] sp : e0091db8  ip : 00000000  fp : c1219e40
[    3.109355] r10: c12292d8  r9 : df9429f4  r8 : c1d14400
[    3.114730] r7 : c1d14410  r6 : 00000000  r5 : 00000000  r4 : c3014a40
[    3.121446] r3 : ffffffff  r2 : c0c4a31c  r1 : f9e07000  r0 : f9e07034
[    3.128164] Flags: nzCv  IRQs on  FIQs on  Mode SVC_32  ISA ARM  Segment none
[    3.135510] Control: 10c5387d  Table: 80004019  DAC: 00000051
[    3.141420] Register r0 information: 0-page vmalloc region starting at 0xf9c00000 allocated at iotable_init+0x0/0xf4
[    3.152272] Register r1 information: 0-page vmalloc region starting at 0xf9c00000 allocated at iotable_init+0x0/0xf4
[    3.163112] Register r2 information: non-slab/vmalloc memory
[    3.168944] Register r3 information: non-paged memory
[    3.174145] Register r4 information: slab kmalloc-512 start c3014a00 pointer offset 64 size 512
[    3.183129] Register r5 information: NULL pointer
[    3.187973] Register r6 information: NULL pointer
[    3.192817] Register r7 information: slab kmalloc-1k start c1d14400 pointer offset 16 size 1024
[    3.201794] Register r8 information: slab kmalloc-1k start c1d14400 pointer offset 0 size 1024
[    3.210682] Register r9 information: non-slab/vmalloc memory
[    3.216510] Register r10 information: non-slab/vmalloc memory
[    3.222427] Register r11 information: non-slab/vmalloc memory
[    3.228344] Register r12 information: NULL pointer
[    3.233277] Process kworker/u4:3 (pid: 34, stack limit = 0x(ptrval))
[    3.239818] Stack: (0xe0091db8 to 0xe0092000)
[    3.244301] 1da0:                                                       00000000 559326c4
[    3.252721] 1dc0: c1fce000 c1d14410 00000000 c1d14410 00000000 c11ca754 00000000 c12292d8
[    3.261140] 1de0: c0e0d4f8 c079958c c1d14410 00000000 c11ca754 00000000 c12292d8 c07968a8
[    3.269558] 1e00: 00000000 0000005c c1d14410 c11ca754 c1d14410 0000005c c1105348 c0796b9c
[    3.277977] 1e20: c127480c c0c49fb8 60000013 c1272acc 00000001 c1d14410 0000005c c1105348
[    3.286396] 1e40: c0e0d4f8 c0796d50 c11ca754 00000001 e0091ea4 c1d14410 c1105348 c0796eac
[    3.294814] 1e60: 00000000 e0091ea4 c0796df8 c19fc000 c1105348 c0794898 c0e0d4f8 c19fc06c
[    3.303232] 1e80: c1a05538 559326c4 c1d14410 c1105348 c1d14454 c19fc000 00000001 c0796688
[    3.311651] 1ea0: c1d13810 c1d14410 00000001 559326c4 c1d14410 c11d8a64 c1d14410 c19fc000
[    3.320069] 1ec0: c12292d8 c079558c c1d14410 c11d8a64 c11d8a64 c11d8a78 c12292d8 c0795af0
[    3.328488] 1ee0: c1a43980 c11d8a9c c1806600 c180f400 c180f40d 00800000 c1c15c40 c015f118
[    3. 336906] 1f00: c0b820e8 00000402 c1108a50 00000000 c1105348 000 00004 c0c03804 c1a439d0
[    3.345325] 1f20: c1a439ac c1c15c4 0 c1c15c40 c1c15c40 c1c163b8 c1c15c40 c015f9c8 c1806600
[     3.353744] 1f40: c1a43980 c1c15c40 c015f9c8 c1806620 e0079eb4 c 1c15c40 
Labgrid Console Logfile for main
Logfile started at 2024-12-13 08:59:35.112011
=== Log starts here ===
reading args
spl_load_image_fat_os: error reading image args, err - -1
reading u-boot.img
reading u-boot.img


U-Boot 2014.04-00014-g47880f5 (Apr 22 2014 - 13:23:54)

I2C:   ready
DRAM:  512 MiB
NAND:  0 MiB
MMC:   OMAP SD/MMC: 0, OMAP SD/MMC: 1
*** Warning - readenv() failed, using default environment

Net:   <ethaddr> not set. Validating first E-fuse MAC
cpsw, usb_ether
Hit any key to stop autoboot:  1  0 
gpio: pin 53 (gpio 53) value is 1
mmc0 is current device
gpio: pin 54 (gpio 54) value is 1
SD/MMC found on device 0
reading uEnv.txt
584 bytes read in 4 ms (142.6 KiB/s)
gpio: pin 55 (gpio 55) value is 1
Loaded environment from uEnv.txt
Importing environment from mmc ...
Checking if uenvcmd is set ...
gpio: pin 56 (gpio 56) value is 1
Running uenvcmd ...
cpsw Waiting for PHY auto negotiation to complete. done
link up on port 0, speed 100, full duplex
Using cpsw device
TFTP from server 192.168.255.126; our IP address is 192.168.255.1
Filename 'zImage'.
Load address: 0x81000000
Loading: *#################################################################
	 #################################################################
	 #################################################################
	 #################################################################
	 #################################################################
	 #####################################################
	 2.4 MiB/s
done
Bytes transferred = 5542168 (549118 hex)
link up on port 0, speed 100, full duplex
Using cpsw device
TFTP from server 192.168.255.126; our IP address is 192.168.255.1
Filename 'am335x-boneblack.dtb'.
Load address: 0x82000000
Loading: *#######
	 2.2 MiB/s
done
Bytes transferred = 98244 (17fc4 hex)
Kernel image @ 0x81000000 [ 0x000000 - 0x549118 ]
## Flattened Device Tree blob at 82000000
   Booting using the fdt blob at 0x82000000
   Using Device Tree in place at 82000000, end 8201afc3

Starting kernel ...

[    0.000000] Booting Linux on physical CPU 0x0
[    0.000000] Linux version 6.13.0-rc2-next-20241213 (user01@drvtest01) (arm-linux-gnueabihf-gcc (Linaro GCC 6.4-2017.11) 6.4.1 20171012, GNU ld (Linaro_Binutils-2017.11) 2.27.0.20161229) #156 SMP Fri Dec 13 07:18:58 EET 2024
[    0.000000] CPU: ARMv7 Processor [413fc082] revision 2 (ARMv7), cr=10c5387d
[    0.000000] CPU: PIPT / VIPT nonaliasing data cache, VIPT aliasing instruction cache
[    0.000000] OF: fdt: Machine model: TI AM335x BeagleBone Black
[    0.000000] earlycon: omap8250 at MMIO 0x44e09000 (options '')
[    0.000000] printk: legacy bootconsole [omap8250] enabled
[    0.000000] Memory policy: Data cache writeback
[    0.000000] cma: Reserved 16 MiB at 0x9e800000 on node -1
[    0.000000] Zone ranges:
[    0.000000]   Normal   [mem 0x0000000080000000-0x000000009fdfffff]
[    0.000000]   HighMem  empty
[    0.000000] Movable zone start for each node
[    0.000000] Early memory node ranges
[    0.000000]   node   0: [mem 0x0000000080000000-0x000000009fdfffff]
[    0.000000] Initmem setup node 0 [mem 0x0000000080000000-0x000000009fdfffff]
[    0.000000] OF: reserved mem: Reserved memory: No reserved-memory node in the DT
[    0.000000] CPU: All CPU(s) started in SVC mode.
[    0.000000] AM335X ES2.1 (sgx neon)
[    0.000000] percpu: Embedded 17 pages/cpu s39628 r8192 d21812 u69632
[    0.000000] pcpu-alloc: s39628 r8192 d21812 u69632 alloc=17*4096
[    0.000000] pcpu-alloc: [0] 0 
[    0.000000] Kernel command line: console=ttyO0,115200n8 debug earlycon root=/dev/nfs rw nfsroot=192.168.255.126:/home/user01/nfs,nfsvers=3 ip=192.168.255.1:192.168.255.126::255.255.255.0:bbb1:eth0 nfsrootdebug
[    0.000000] Unknown kernel command line parameters "nfsrootdebug", will be passed to user space.
[    0.000000] printk: log buffer data + meta data: 65536 + 204800 = 270336 bytes
[    0.000000] Dentry cache hash table entries: 65536 (order: 6, 262144 bytes, linear)
[    0.000000] Inode-cache hash table entries: 32768 (order: 5, 131072 bytes, linear)
[    0.000000] Built 1 zonelists, mobility grouping on.  Total pages: 130560
[    0.000000] mem auto-init: stack:off, heap alloc:off, heap free:off
[    0.000000] SLUB: HWalign=64, Order=0-3, MinObjects=0, CPUs=1, Nodes=1
[    0.000000] trace event string verifier disabled
[    0.000000] rcu: Hierarchical RCU implementation.
[    0.000000] rcu: 	RCU event tracing is enabled.
[    0.000000] rcu: 	RCU restricting CPUs from NR_CPUS=2 to nr_cpu_ids=1.
[    0.000000] 	Tracing variant of Tasks RCU enabled.
[    0.000000] rcu: RCU calculated value of scheduler-enlistment delay is 10 jiffies.
[    0.000000] rcu: Adjusting geometry for rcu_fanout_leaf=16, nr_cpu_ids=1
[    0.000000] RCU Tasks Trace: Setting shift to 0 and lim to 1 rcu_task_cb_adjust=1 rcu_task_cpu_ids=1.
[    0.000000] NR_IRQS: 16, nr_irqs: 16, preallocated irqs: 16
[    0.000000] IRQ: Found an INTC at 0x(ptrval) (revision 5.0) with 128 interrupts
[    0.000000] rcu: srcu_init: Setting srcu_struct sizes based on contention.
[    0.000000] TI gptimer clocksource: always-on /ocp/interconnect@44c00000/segment@200000/target-module@31000
[    0.000003] sched_clock: 32 bits at 24MHz, resolution 41ns, wraps every 89478484971ns
[    0.008077] clocksource: dmtimer: mask: 0xffffffff max_cycles: 0xffffffff, max_idle_ns: 79635851949 ns
[    0.018136] TI gptimer clockevent: 24000000 Hz at /ocp/interconnect@48000000/segment@0/target-module@40000
[    0.029733] Console: colour dummy device 80x30
[    0.034378] WARNING: Your 'console=ttyO0' has been replaced by 'ttyS0'
[    0.041186] This ensures that you still see kernel messages. Please
[    0.047636] update your kernel commandline.
[    0.051996] Calibrating delay loop... 996.14 BogoMIPS (lpj=4980736)
[    0.094626] CPU: Testing write buffer coherency: ok
[    0.099757] CPU0: Spectre v2: using BPIALL workaround
[    0.104961] pid_max: default: 32768 minimum: 301
[    0.109837] LSM: initializing lsm=capability
[    0.114412] Mount-cache hash table entries: 1024 (order: 0, 4096 bytes, linear)
[    0.121980] Mountpoint-cache hash table entries: 1024 (order: 0, 4096 bytes, linear)
[    0.131667] CPU0: thread -1, cpu 0, socket -1, mpidr 0
[    0.139327] Setting up static identity map for 0x80100000 - 0x80100078
[    0.146383] rcu: Hierarchical SRCU implementation.
[    0.151386] rcu: 	Max phase no-delay instances is 1000.
[    0.158736] smp: Bringing up secondary CPUs ...
[    0.163467] smp: Brought up 1 node, 1 CPU
[    0.167599] SMP: Total of 1 processors activated (996.14 BogoMIPS).
[    0.174153] CPU: All CPU(s) started in SVC mode.
[    0.179103] Memory: 480840K/522240K available (11264K kernel code, 1215K rwdata, 2904K rodata, 1024K init, 295K bss, 23388K reserved, 16384K cma-reserved, 0K highmem)
[    0.195406] devtmpfs: initialized
[    0.215582] VFP support v0.3: implementor 41 architecture 3 part 30 variant c rev 3
[    0.223957] clocksource: jiffies: mask: 0xffffffff max_cycles: 0xffffffff, max_idle_ns: 19112604462750000 ns
[    0.234164] futex hash table entries: 256 (order: 2, 16384 bytes, linear)
[    0.242470] pinctrl core: initialized pinctrl subsystem
[    0.250815] NET: Registered PF_NETLINK/PF_ROUTE protocol family
[    0.259873] DMA: preallocated 256 KiB pool for atomic coherent allocations
[    0.267882] audit: initializing netlink subsys (disabled)
[    0.274983] thermal_sys: Registered thermal governor 'fair_share'
[    0.275013] thermal_sys: Registered thermal governor 'step_wise'
[    0.281388] thermal_sys: Registered thermal governor 'user_space'
[    0.287697] audit: type=2000 audit(0.240:1): state=initialized audit_enabled=0 res=1
[    0.302083] cpuidle: using governor menu
[    0.324511] /ocp/interconnect@44c00000/segment@200000/target-module@b000/i2c@0/tda19988@70: Fixed dependency cycle(s) with /ocp/interconnect@48000000/segment@300000/target-module@e000/lcdc@0
[    0.343289] /ocp/interconnect@48000000/segment@300000/target-module@e000/lcdc@0: Fixed dependency cycle(s) with /ocp/interconnect@44c00000/segment@200000/target-module@b000/i2c@0/tda19988@70
[    0.363102] No ATAGs?
[    0.365471] hw-breakpoint: debug architecture 0x4 unsupported.
[    0.374425] kprobes: kprobe jump-optimization is enabled. All kprobes are optimized if possible.
[    0.401945] iommu: Default domain type: Translated
[    0.406904] iommu: DMA domain TLB invalidation policy: strict mode
[    0.415077] reg-fixed-voltage fixedregulator0: using DT '/fixedregulator0' for '(default)' GPIO lookup
[    0.424809] of_get_named_gpiod_flags: can't parse 'gpios' property of node '/fixedregulator0[0]'
[    0.433903] of_get_named_gpiod_flags: can't parse 'gpio' property of node '/fixedregulator0[0]'
[    0.442904] reg-fixed-voltage fixedregulator0: using lookup tables for GPIO lookup
[    0.450720] reg-fixed-voltage fixedregulator0: No GPIO consumer (default) found
[    0.478948] SCSI subsystem initialized
[    0.488832] libata version 3.00 loaded.
[    0.493172] pps_core: LinuxPPS API ver. 1 registered
[    0.498355] pps_core: Software ver. 5.3.6 - Copyright 2005-2007 Rodolfo Giometti <giometti@linux.it>
[    0.507785] PTP clock support registered
[    0.538271] vgaarb: loaded
[    0.548219] clocksource: Switched to clocksource dmtimer
[    0.554418] VFS: Disk quotas dquot_6.6.0
[    0.558634] VFS: Dquot-cache hash table entries: 1024 (order 0, 4096 bytes)
[    0.601646] NET: Registered PF_INET protocol family
[    0.607038] IP idents hash table entries: 8192 (order: 4, 65536 bytes, linear)
[    0.615942] tcp_listen_portaddr_hash hash table entries: 512 (order: 0, 4096 bytes, linear)
[    0.624644] Table-perturb hash table entries: 65536 (order: 6, 262144 bytes, linear)
[    0.632655] TCP established hash table entries: 4096 (order: 2, 16384 bytes, linear)
[    0.640664] TCP bind hash table entries: 4096 (order: 4, 65536 bytes, linear)
[    0.648127] TCP: Hash tables configured (established 4096 bind 4096)
[    0.654810] UDP hash table entries: 256 (order: 1, 14336 bytes, linear)
[    0.661687] UDP-Lite hash table entries: 256 (order: 1, 14336 bytes, linear)
[    0.669129] NET: Registered PF_UNIX/PF_LOCAL protocol family
[    0.753406] RPC: Registered named UNIX socket transport module.
[    0.759536] RPC: Registered udp transport module.
[    0.764449] RPC: Registered tcp transport module.
[    0.769292] RPC: Registered tcp-with-tls transport module.
[    0.774960] RPC: Registered tcp NFSv4.1 backchannel transport module.
[    0.781644] PCI: CLS 0 bytes, default 64
[    0.787240] Initialise system trusted keyrings
[    0.854145] workingset: timestamp_bits=14 max_order=17 bucket_order=3
[    0.862347] NFS: Registering the id_resolver key type
[    0.867647] Key type id_resolver registered
[    0.872028] Key type id_legacy registered
[    0.876212] jffs2: version 2.2. (NAND) (SUMMARY)  © 2001-2006 Red Hat, Inc.
[    0.911204] Key type asymmetric registered
[    0.915566] Asymmetric key parser 'x509' registered
[    0.920663] io scheduler mq-deadline registered
[    0.925371] io scheduler kyber registered
[    0.929570] io scheduler bfq registered
[    0.959840] ledtrig-cpu: registered to indicate activity on CPUs
[    0.969064] Serial: 8250/16550 driver, 6 ports, IRQ sharing enabled
[    1.056322] brd: module loaded
[    1.076887] loop: module loaded
[    1.081089] mtdoops: mtd device (mtddev=name/number) must be supplied
[    1.098013] mdio_bus fixed-0: using lookup tables for GPIO lookup
[    1.104411] mdio_bus fixed-0: No GPIO consumer reset found
[    1.111453] i2c_dev: i2c /dev entries driver
[    1.116938] cpuidle: enable-method property 'ti,am3352' found operations
[    1.124409] sdhci: Secure Digital Host Controller Interface driver
[    1.130780] sdhci: Copyright(c) Pierre Ossman
[    1.135512] sdhci-pltfm: SDHCI platform and OF driver helper
[    1.142467] Initializing XFRM netlink socket
[    1.147027] NET: Registered PF_INET6 protocol family
[    1.228454] Segment Routing with IPv6
[    1.232442] In-situ OAM (IOAM) with IPv6
[    1.236584] sit: IPv6, IPv4 and MPLS over IPv4 tunneling driver
[    1.243714] NET: Registered PF_PACKET protocol family
[    1.248952] NET: Registered PF_KEY protocol family
[    1.254119] Key type dns_resolver registered
[    1.258815] ThumbEE CPU extension supported.
[    1.263302] Registering SWP/SWPB emulation handler
[    1.268770] omap_voltage_late_init: Voltage driver support not added
[    1.275789] SmartReflex Class3 initialized
[    1.352541] Loading compiled-in X.509 certificates
[    1.396341] /ocp/interconnect@44c00000/segment@200000/target-module@b000/i2c@0/tda19988@70: Fixed dependency cycle(s) with /ocp/interconnect@48000000/segment@300000/target-module@e000/lcdc@0
[    1.420451] /ocp/interconnect@44c00000/segment@200000/target-module@b000/i2c@0/tda19988@70: Fixed dependency cycle(s) with /ocp/interconnect@48000000/segment@300000/target-module@e000/lcdc@0
[    1.443872] gpiochip_find_base_unlocked: found new base at 512
[    1.506296] /ocp/interconnect@44c00000/segment@200000/target-module@b000/i2c@0/tda19988@70: Fixed dependency cycle(s) with /ocp/interconnect@48000000/segment@300000/target-module@e000/lcdc@0
[    1.524932] /ocp/interconnect@44c00000/segment@200000/target-module@b000/i2c@0/tda19988@70: Fixed dependency cycle(s) with /ocp/interconnect@48000000/segment@300000/target-module@e000/lcdc@0
[    1.546051] /ocp/interconnect@44c00000/segment@200000/target-module@10000/scm@0/pinmux@800: Fixed dependency cycle(s) with /ocp/interconnect@44c00000/segment@200000/target-module@10000/scm@0/pinmux@800/clkout2-pins
[    1.566394] pinctrl-single 44e10800.pinmux: 142 pins, size 568
[    1.577782] ti-sysc 44e31000.target-module: probe with driver ti-sysc failed with error -16
[    1.681065] /ocp/interconnect@48000000/segment@300000/target-module@e000/lcdc@0: Fixed dependency cycle(s) with /ocp/interconnect@44c00000/segment@200000/target-module@b000/i2c@0/tda19988@70
[    1.706956] ti-sysc 48040000.target-module: probe with driver ti-sysc failed with error -16
[    1.727376] gpiochip_find_base_unlocked: found new base at 512
[    1.733647] gpio gpiochip0: (gpio-0-31): created GPIO range 0->7 ==> 44e10800.pinmux PIN 0->7
[    1.742485] gpio gpiochip0: (gpio-0-31): created GPIO range 8->11 ==> 44e10800.pinmux PIN 90->93
[    1.751562] gpio gpiochip0: (gpio-0-31): created GPIO range 12->27 ==> 44e10800.pinmux PIN 12->27
[    1.760704] gpio gpiochip0: (gpio-0-31): created GPIO range 28->31 ==> 44e10800.pinmux PIN 30->33
[    1.872281] gpio gpiochip0: (gpio-0-31): added GPIO chardev (254:0)
[    1.878903] gpio gpiochip0: registered GPIOs 512 to 543 on gpio-0-31
[    1.885615] OMAP GPIO hardware version 0.1
[    1.918740] i2c i2c-2: using DT '/ocp/interconnect@48000000/segment@100000/target-module@9c000/i2c@0' for 'scl' GPIO lookup
[    1.930532] of_get_named_gpiod_flags: can't parse 'scl-gpios' property of node '/ocp/interconnect@48000000/segment@100000/target-module@9c000/i2c@0[0]'
[    1.944602] of_get_named_gpiod_flags: can't parse 'scl-gpio' property of node '/ocp/interconnect@48000000/segment@100000/target-module@9c000/i2c@0[0]'
[    1.958569] i2c i2c-2: using lookup tables for GPIO lookup
[    1.964248] i2c i2c-2: No GPIO consumer scl found
[    1.969107] i2c i2c-2: using DT '/ocp/interconnect@48000000/segment@100000/target-module@9c000/i2c@0' for 'sda' GPIO lookup
[    1.980631] of_get_named_gpiod_flags: can't parse 'sda-gpios' property of node '/ocp/interconnect@48000000/segment@100000/target-module@9c000/i2c@0[0]'
[    1.994650] of_get_named_gpiod_flags: can't parse 'sda-gpio' property of node '/ocp/interconnect@48000000/segment@100000/target-module@9c000/i2c@0[0]'
[    2.008570] i2c i2c-2: using lookup tables for GPIO lookup
[    2.014241] i2c i2c-2: No GPIO consumer sda found
[    2.019827] omap_i2c 4819c000.i2c: bus 2 rev0.11 at 100 kHz
[    2.031162] gpiochip_find_base_unlocked: found new base at 544
[    2.037475] gpio gpiochip1: (gpio-32-63): created GPIO range 0->17 ==> 44e10800.pinmux PIN 34->51
[    2.046675] gpio gpiochip1: (gpio-32-63): created GPIO range 18->21 ==> 44e10800.pinmux PIN 77->80
[    2.055955] gpio gpiochip1: (gpio-32-63): created GPIO range  22->31 ==> 44e10800.pinmux PIN 56->65
[    2.066092] gpio gpiochip1: (gpio-32-63): added GPIO chardev (254:1)
[    2.072909] gpio gpiochip1: registered GPIOs 544 to 575 on gpio-32-63
[    2.081954] gpiochip_find_base_unlocked: found new base at 576
[  nwind_backtrace from show_stack+0x10/0x14
[    2.689974]  show_stack from dump_stack_lvl+0x50/0x64
[    2.695182]  dump_stack_lvl from __warn+0xc0/0x130
[    2.700128]  __warn from warn_slowpath_fmt+0x80/0x1a0
[    2.705338]  warn_slowpath_fmt from clk_core_enable+0xb4/0x1b0
[    2.711356]  clk_core_enable from clk_core_enable_lock+0x18/0x2c
[    2.717550]  clk_core_enable_lock from sysc_enable_opt_clocks.part.9+0x28/0x84
[    2.724996]  sysc_enable_opt_clocks.part.9 from sysc_enable_module+0x254/0x2dc
[    2.732434]  sysc_enable_module from sysc_runtime_resume+0x17c/0x1c0
[    2.738977]  sysc_runtime_resume from __rpm_callback+0x4c/0x130
[    2.745080]  __rpm_callback from rpm_callback+0x50/0x54
[    2.750463]  rpm_callback from rpm_resume+0x614/0x660
[    2.755669]  rpm_resume from __pm_runtime_resume+0x4c/0x64
[    2.761319]  __pm_runtime_resume from __device_attach+0xd0/0x1b4
[    2.767511]  __device_attach from bus_probe_device+0x88/0x8c
[    2.773341]  bus_probe_device from deferred_probe_work_func+0x3c/0xdc
[    2.779975]  deferred_probe_work_func from process_scheduled_works+0xec/0x430
[    2.787328]  process_scheduled_works from worker_thread+0x130/0x2f8
[    2.793783]  worker_thread from kthread+0x188/0x24c
[    2.798823]  kthread from ret_from_fork+0x14/0x20
[    2.803674] Exception stack(0xe0091fb0 to 0xe0091ff8)
[    2.808875] 1fa0:                                     00000000 00000000 00000000 00000000
[    2.817293] 1fc0: 00000000 00000000 00000000 00000000 00000000 00000000 00000000 00000000
[    2.825709] 1fe0: 00000000 00000000 00000000 00000000 00000013 00000000
[    2.832516] ---[ end trace 0000000000000000 ]---
[    2.837415] ti-sysc 44e07000.target-module: Optional clocks failed for enable: -108
[    2.845344] ------------[ cut here ]------------
[    2.850097] WARNING: CPU: 0 PID: 34 at drivers/clk/clk.c:1194 clk_core_disable+0xdc/0x190
[    2.858526] l4-wkup-clkctrl:0008:0 already disabled
[    2.863543] Modules linked in:
[    2.866694] CPU: 0 UID: 0 PID: 34 Comm: kworker/u4:3 Tainted: G        W          6.13.0-rc2-next-20241213 #156
[    2.877082] Tainted: [W]=WARN
[    2.880131] Hardware name: Generic AM33XX (Flattened Device Tree)
[    2.886403] Workqueue: events_unbound deferred_probe_work_func
[    2.892415] Call trace: 
[    2.892425]  unwind_backtrace from show_stack+0x10/0x14
[    2.900415]  show_stack from dump_stack_lvl+0x50/0x64
[    2.905624]  dump_stack_lvl from __warn+0xc0/0x130
[    2.910564]  __warn from warn_slowpath_fmt+0x80/0x1a0
[    2.915772]  warn_slowpath_fmt from clk_core_disable+0xdc/0x190
[    2.921876]  clk_core_disable from clk_core_disable_lock+0x18/0x24
[    2.928247]  clk_core_disable_lock from sysc_disable_main_clocks+0x30/0x68
[    2.935346]  sysc_disable_main_clocks from sysc_runtime_resume+0x194/0x1c0
[    2.942432]  sysc_runtime_resume from __rpm_callback+0x4c/0x130
[    2.948531]  __rpm_callback from rpm_callback+0x50/0x54
[    2.953913]  rpm_callback from rpm_resume+0x614/0x660
[    2.959118]  rpm_resume from __pm_runtime_resume+0x4c/0x64
[    2.964770]  __pm_runtime_resume from __device_attach+0xd0/0x1b4
[    2.970959]  __device_attach from bus_probe_device+0x88/0x8c
[    2.976789]  bus_probe_device from deferred_probe_work_func+0x3c/0xdc
[    2.983423]  deferred_probe_work_func from process_scheduled_works+0xec/0x430
[    2.990775]  process_scheduled_works from worker_thread+0x130/0x2f8
[    2.997230]  worker_thread from kthread+0x188/0x24c
[    3.002259]  kthread from ret_from_fork+0x14/0x20
[    3.007109] Exception stack(0xe0091fb0 to 0xe0091ff8)
[    3.012308] 1fa0:                                     00000000 00000000 00000000 00000000
[    3.020727] 1fc0: 00000000 00000000 00000000 00000000 00000000 00000000 00000000 00000000
[    3.029144] 1fe0: 00000000 00000000 00000000 00000000 00000013 00000000
[    3.035949] ---[ end trace 0000000000000000 ]---
[    3.041071] 8<--- cut here ---
[    3.044227] Unhandled fault: external abort on non-linefetch (0x1028) at 0xf9e07034
[    3.052109] [f9e07034] *pgd=44e11452(bad)
[    3.056257] Internal error: : 1028 [#1] SMP ARM
[    3.060923] Modules linked in:
[     3.064071] CPU: 0 UID: 0 PID: 34 Comm: kworker/u4:3 Tainted : G        W          6.13.0-rc2-next-20241213 #156
[    3.07 4461] Tainted: [W]=WARN
[    3.077512] Hardware name: Generic  AM33XX (Flattened Device Tree)
[    3.083782] Workqueue: eve nts_unbo
Labgrid Console Logfile for main
Logfile started at 2024-12-13 09:00:56.550639
=== Log starts here ===
reading args
spl_load_image_fat_os: error reading image args, err - -1
reading u-boot.img
reading u-boot.img


U-Boot 2014.04-00014-g47880f5 (Apr 22 2014 - 13:23:54)

I2C:   ready
DRAM:  512 MiB
NAND:  0 MiB
MMC:   OMAP SD/MMC: 0, OMAP SD/MMC: 1
*** Warning - readenv() failed, using default environment

Net:   <ethaddr> not set. Validating first E-fuse MAC
cpsw, usb_ether
Hit any key to stop autoboot:  1  0 
gpio: pin 53 (gpio 53) value is 1
mmc0 is current device
gpio: pin 54 (gpio 54) value is 1
SD/MMC found on device 0
reading uEnv.txt
584 bytes read in 4 ms (142.6 KiB/s)
gpio: pin 55 (gpio 55) value is 1
Loaded environment from uEnv.txt
Importing environment from mmc ...
Checking if uenvcmd is set ...
gpio: pin 56 (gpio 56) value is 1
Running uenvcmd ...
cpsw Waiting for PHY auto negotiation to complete. done
link up on port 0, speed 100, full duplex
Using cpsw device
TFTP from server 192.168.255.126; our IP address is 192.168.255.1
Filename 'zImage'.
Load address: 0x81000000
Loading: *#################################################################
	 #################################################################
	 #################################################################
	 #################################################################
	 #################################################################
	 #####################################################
	 2.4 MiB/s
done
Bytes transferred = 5542168 (549118 hex)
link up on port 0, speed 100, full duplex
Using cpsw device
TFTP from server 192.168.255.126; our IP address is 192.168.255.1
Filename 'am335x-boneblack.dtb'.
Load address: 0x82000000
Loading: *#######
	 2.3 MiB/s
done
Bytes transferred = 98244 (17fc4 hex)
Kernel image @ 0x81000000 [ 0x000000 - 0x549118 ]
## Flattened Device Tree blob at 82000000
   Booting using the fdt blob at 0x82000000
   Using Device Tree in place at 82000000, end 8201afc3

Starting kernel ...

[    0.000000] Booting Linux on physical CPU 0x0
[    0.000000] Linux version 6.13.0-rc2-next-20241213 (user01@drvtest01) (arm-linux-gnueabihf-gcc (Linaro GCC 6.4-2017.11) 6.4.1 20171012, GNU ld (Linaro_Binutils-2017.11) 2.27.0.20161229) #156 SMP Fri Dec 13 07:18:58 EET 2024
[    0.000000] CPU: ARMv7 Processor [413fc082] revision 2 (ARMv7), cr=10c5387d
[    0.000000] CPU: PIPT / VIPT nonaliasing data cache, VIPT aliasing instruction cache
[    0.000000] OF: fdt: Machine model: TI AM335x BeagleBone Black
[    0.000000] earlycon: omap8250 at MMIO 0x44e09000 (options '')
[    0.000000] printk: legacy bootconsole [omap8250] enabled
[    0.000000] Memory policy: Data cache writeback
[    0.000000] cma: Reserved 16 MiB at 0x9e800000 on node -1
[    0.000000] Zone ranges:
[    0.000000]   Normal   [mem 0x0000000080000000-0x000000009fdfffff]
[    0.000000]   HighMem  empty
[    0.000000] Movable zone start for each node
[    0.000000] Early memory node ranges
[    0.000000]   node   0: [mem 0x0000000080000000-0x000000009fdfffff]
[    0.000000] Initmem setup node 0 [mem 0x0000000080000000-0x000000009fdfffff]
[    0.000000] OF: reserved mem: Reserved memory: No reserved-memory node in the DT
[    0.000000] CPU: All CPU(s) started in SVC mode.
[    0.000000] AM335X ES2.1 (sgx neon)
[    0.000000] percpu: Embedded 17 pages/cpu s39628 r8192 d21812 u69632
[    0.000000] pcpu-alloc: s39628 r8192 d21812 u69632 alloc=17*4096
[    0.000000] pcpu-alloc: [0] 0 
[    0.000000] Kernel command line: console=ttyO0,115200n8 debug earlycon root=/dev/nfs rw nfsroot=192.168.255.126:/home/user01/nfs,nfsvers=3 ip=192.168.255.1:192.168.255.126::255.255.255.0:bbb1:eth0 nfsrootdebug
[    0.000000] Unknown kernel command line parameters "nfsrootdebug", will be passed to user space.
[    0.000000] printk: log buffer data + meta data: 65536 + 204800 = 270336 bytes
[    0.000000] Dentry cache hash table entries: 65536 (order: 6, 262144 bytes, linear)
[    0.000000] Inode-cache hash table entries: 32768 (order: 5, 131072 bytes, linear)
[    0.000000] Built 1 zonelists, mobility grouping on.  Total pages: 130560
[    0.000000] mem auto-init: stack:off, heap alloc:off, heap free:off
[    0.000000] SLUB: HWalign=64, Order=0-3, MinObjects=0, CPUs=1, Nodes=1
[    0.000000] trace event string verifier disabled
[    0.000000] rcu: Hierarchical RCU implementation.
[    0.000000] rcu: 	RCU event tracing is enabled.
[    0.000000] rcu: 	RCU restricting CPUs from NR_CPUS=2 to nr_cpu_ids=1.
[    0.000000] 	Tracing variant of Tasks RCU enabled.
[    0.000000] rcu: RCU calculated value of scheduler-enlistment delay is 10 jiffies.
[    0.000000] rcu: Adjusting geometry for rcu_fanout_leaf=16, nr_cpu_ids=1
[    0.000000] RCU Tasks Trace: Setting shift to 0 and lim to 1 rcu_task_cb_adjust=1 rcu_task_cpu_ids=1.
[    0.000000] NR_IRQS: 16, nr_irqs: 16, preallocated irqs: 16
[    0.000000] IRQ: Found an INTC at 0x(ptrval) (revision 5.0) with 128 interrupts
[    0.000000] rcu: srcu_init: Setting srcu_struct sizes based on contention.
[    0.000000] TI gptimer clocksource: always-on /ocp/interconnect@44c00000/segment@200000/target-module@31000
[    0.000003] sched_clock: 32 bits at 24MHz, resolution 41ns, wraps every 89478484971ns
[    0.008076] clocksource: dmtimer: mask: 0xffffffff max_cycles: 0xffffffff, max_idle_ns: 79635851949 ns
[    0.018134] TI gptimer clockevent: 24000000 Hz at /ocp/interconnect@48000000/segment@0/target-module@40000
[    0.029728] Console: colour dummy device 80x30
[    0.034374] WARNING: Your 'console=ttyO0' has been replaced by 'ttyS0'
[    0.041181] This ensures that you still see kernel messages. Please
[    0.047633] update your kernel commandline.
[    0.051987] Calibrating delay loop... 996.14 BogoMIPS (lpj=4980736)
[    0.094627] CPU: Testing write buffer coherency: ok
[    0.099760] CPU0: Spectre v2: using BPIALL workaround
[    0.104964] pid_max: default: 32768 minimum: 301
[    0.109836] LSM: initializing lsm=capability
[    0.114411] Mount-cache hash table entries: 1024 (order: 0, 4096 bytes, linear)
[    0.121981] Mountpoint-cache hash table entries: 1024 (order: 0, 4096 bytes, linear)
[    0.131662] CPU0: thread -1, cpu 0, socket -1, mpidr 0
[    0.139318] Setting up static identity map for 0x80100000 - 0x80100078
[    0.146383] rcu: Hierarchical SRCU implementation.
[    0.151386] rcu: 	Max phase no-delay instances is 1000.
[    0.158748] smp: Bringing up secondary CPUs ...
[    0.163481] smp: Brought up 1 node, 1 CPU
[    0.167614] SMP: Total of 1 processors activated (996.14 BogoMIPS).
[    0.174170] CPU: All CPU(s) started in SVC mode.
[    0.179119] Memory: 480840K/522240K available (11264K kernel code, 1215K rwdata, 2904K rodata, 1024K init, 295K bss, 23388K reserved, 16384K cma-reserved, 0K highmem)
[    0.195431] devtmpfs: initialized
[    0.215655] VFP support v0.3: implementor 41 architecture 3 part 30 variant c rev 3
[    0.224034] clocksource: jiffies: mask: 0xffffffff max_cycles: 0xffffffff, max_idle_ns: 19112604462750000 ns
[    0.234241] futex hash table entries: 256 (order: 2, 16384 bytes, linear)
[    0.242540] pinctrl core: initialized pinctrl subsystem
[    0.250897] NET: Registered PF_NETLINK/PF_ROUTE protocol family
[    0.259940] DMA: preallocated 256 KiB pool for atomic coherent allocations
[    0.267945] audit: initializing netlink subsys (disabled)
[    0.275054] thermal_sys: Registered thermal governor 'fair_share'
[    0.275085] thermal_sys: Registered thermal governor 'step_wise'
[    0.281465] thermal_sys: Registered thermal governor 'user_space'
[    0.287771] audit: type=2000 audit(0.240:1): state=initialized audit_enabled=0 res=1
[    0.302154] cpuidle: using governor menu
[    0.324570] /ocp/interconnect@44c00000/segment@200000/target-module@b000/i2c@0/tda19988@70: Fixed dependency cycle(s) with /ocp/interconnect@48000000/segment@300000/target-module@e000/lcdc@0
[    0.343333] /ocp/interconnect@48000000/segment@300000/target-module@e000/lcdc@0: Fixed dependency cycle(s) with /ocp/interconnect@44c00000/segment@200000/target-module@b000/i2c@0/tda19988@70
[    0.363170] No ATAGs?
[    0.365536] hw-breakpoint: debug architecture 0x4 unsupported.
[    0.374501] kprobes: kprobe jump-optimization is enabled. All kprobes are optimized if possible.
[    0.402010] iommu: Default domain type: Translated
[    0.406969] iommu: DMA domain TLB invalidation policy: strict mode
[    0.415148] reg-fixed-voltage fixedregulator0: using DT '/fixedregulator0' for '(default)' GPIO lookup
[    0.424884] of_get_named_gpiod_flags: can't parse 'gpios' property of node '/fixedregulator0[0]'
[    0.433979] of_get_named_gpiod_flags: can't parse 'gpio' property of node '/fixedregulator0[0]'
[    0.442977] reg-fixed-voltage fixedregulator0: using lookup tables for GPIO lookup
[    0.450794] reg-fixed-voltage fixedregulator0: No GPIO consumer (default) found
[    0.479021] SCSI subsystem initialized
[    0.488890] libata version 3.00 loaded.
[    0.493223] pps_core: LinuxPPS API ver. 1 registered
[    0.498397] pps_core: Software ver. 5.3.6 - Copyright 2005-2007 Rodolfo Giometti <giometti@linux.it>
[    0.507827] PTP clock support registered
[    0.538266] vgaarb: loaded
[    0.548245] clocksource: Switched to clocksource dmtimer
[    0.554434] VFS: Disk quotas dquot_6.6.0
[    0.558652] VFS: Dquot-cache hash table entries: 1024 (order 0, 4096 bytes)
[    0.601728] NET: Registered PF_INET protocol family
[    0.607119] IP idents hash table entries: 8192 (order: 4, 65536 bytes, linear)
[    0.616030] tcp_listen_portaddr_hash hash table entries: 512 (order: 0, 4096 bytes, linear)
[    0.624736] Table-perturb hash table entries: 65536 (order: 6, 262144 bytes, linear)
[    0.632751] TCP established hash table entries: 4096 (order: 2, 16384 bytes, linear)
[    0.640760] TCP bind hash table entries: 4096 (order: 4, 65536 bytes, linear)
[    0.648221] TCP: Hash tables configured (established 4096 bind 4096)
[    0.654905] UDP hash table entries: 256 (order: 1, 14336 bytes, linear)
[    0.661784] UDP-Lite hash table entries: 256 (order: 1, 14336 bytes, linear)
[    0.669227] NET: Registered PF_UNIX/PF_LOCAL protocol family
[    0.753507] RPC: Registered named UNIX socket transport module.
[    0.759640] RPC: Registered udp transport module.
[    0.764550] RPC: Registered tcp transport module.
[    0.769393] RPC: Registered tcp-with-tls transport module.
[    0.775063] RPC: Registered tcp NFSv4.1 backchannel transport module.
[    0.781744] PCI: CLS 0 bytes, default 64
[    0.787327] Initialise system trusted keyrings
[    0.854176] workingset: timestamp_bits=14 max_order=17 bucket_order=3
[    0.878114] NFS: Registering the id_resolver key type
[    0.883482] Key type id_resolver registered
[    0.887793] Key type id_legacy registered
[    0.892012] jffs2: version 2.2. (NAND) (SUMMARY)  © 2001-2006 Red Hat, Inc.
[    0.919571] Key type asymmetric registered
[    0.923889] Asymmetric key parser 'x509' registered
[    0.928984] io scheduler mq-deadline registered
[    0.933684] io scheduler kyber registered
[    0.937886] io scheduler bfq registered
[    0.968075] ledtrig-cpu: registered to indicate activity on CPUs
[    0.993984] Serial: 8250/16550 driver, 6 ports, IRQ sharing enabled
[    1.044625] brd: module loaded
[    1.085027] loop: module loaded
[    1.089235] mtdoops: mtd device (mtddev=name/number) must be supplied
[    1.106164] mdio_bus fixed-0: using lookup tables for GPIO lookup
[    1.112565] mdio_bus fixed-0: No GPIO consumer reset found
[    1.119619] i2c_dev: i2c /dev entries driver
[    1.125115] cpuidle: enable-method property 'ti,am3352' found operations
[    1.132583] sdhci: Secure Digital Host Controller Interface driver
[    1.138955] sdhci: Copyright(c) Pierre Ossman
[    1.143685] sdhci-pltfm: SDHCI platform and OF driver helper
[    1.150583] Initializing XFRM netlink socket
[    1.155228] NET: Registered PF_INET6 protocol family
[    1.215669] Segment Routing with IPv6
[    1.219549] In-situ OAM (IOAM) with IPv6
[    1.223783] sit: IPv6, IPv4 and MPLS over IPv4 tunneling driver
[    1.230874] NET: Registered PF_PACKET protocol family
[    1.236207] NET: Registered PF_KEY protocol family
[    1.241264] Key type dns_resolver registered
[    1.246006] ThumbEE CPU extension supported.
[    1.250422] Registering SWP/SWPB emulation handler
[    1.255936] omap_voltage_late_init: Voltage driver support not added
[    1.262953] SmartReflex Class3 initialized
[    1.352514] Loading compiled-in X.509 certificates
[    1.388366] /ocp/interconnect@44c00000/segment@200000/target-module@b000/i2c@0/tda19988@70: Fixed dependency cycle(s) with /ocp/interconnect@48000000/segment@300000/target-module@e000/lcdc@0
[    1.412637] /ocp/interconnect@44c00000/segment@200000/target-module@b000/i2c@0/tda19988@70: Fixed dependency cycle(s) with /ocp/interconnect@48000000/segment@300000/target-module@e000/lcdc@0
[    1.435953] gpiochip_find_base_unlocked: found new base at 512
[    1.506135] /ocp/interconnect@44c00000/segment@200000/target-module@b000/i2c@0/tda19988@70: Fixed dependency cycle(s) with /ocp/interconnect@48000000/segment@300000/target-module@e000/lcdc@0
[    1.524757] /ocp/interconnect@44c00000/segment@200000/target-module@b000/i2c@0/tda19988@70: Fixed dependency cycle(s) with /ocp/interconnect@48000000/segment@300000/target-module@e000/lcdc@0
[    1.545895] /ocp/interconnect@44c00000/segment@200000/target-module@10000/scm@0/pinmux@800: Fixed dependency cycle(s) with /ocp/interconnect@44c00000/segment@200000/target-module@10000/scm@0/pinmux@800/clkout2-pins
[    1.566240] pinctrl-single 44e10800.pinmux: 142 pins, size 568
[    1.577612] ti-sysc 44e31000.target-module: probe with driver ti-sysc failed with error -16
[    1.680906] /ocp/interconnect@48000000/segment@300000/target-module@e000/lcdc@0: Fixed dependency cycle(s) with /ocp/interconnect@44c00000/segment@200000/target-module@b000/i2c@0/tda19988@70
[    1.706772] ti-sysc 48040000.target-module: probe with driver ti-sysc failed with error -16
[    1.727178] gpiochip_find_base_unlocked: found new base at 512
[    1.733449] gpio gpiochip0: (gpio-0-31): created GPIO range 0->7 ==> 44e10800.pinmux PIN 0->7
[    1.742287] gpio gpiochip0: (gpio-0-31): created GPIO range 8->11 ==> 44e10800.pinmux PIN 90->93
[    1.751340] gpio gpiochip0: (gpio-0-31): created GPIO range 12->27 ==> 44e10800.pinmux PIN 12->27
[    1.760507] gpio gpiochip0: (gpio-0-31): created GPIO range 28->31 ==> 44e10800.pinmux PIN 30->33
[    1.872228] gpio gpiochip0: (gpio-0-31): added GPIO chardev (254:0)
[    1.878856] gpio gpiochip0: registered GPIOs 512 to 543 on gpio-0-31
[    1.885573] OMAP GPIO hardware version 0.1
[    1.918306] i2c i2c-2: using DT '/ocp/interconnect@48000000/segment@100000/target-module@9c000/i2c@0' for 'scl' GPIO lookup
[    1.930105] of_get_named_gpiod_flags: can't parse 'scl-gpios' property of node '/ocp/interconnect@48000000/segment@100000/target-module@9c000/i2c@0[0]'
[    1.944176] of_get_named_gpiod_flags: can't parse 'scl-gpio' property of node '/ocp/interconnect@48000000/segment@100000/target-module@9c000/i2c@0[0]'
[    1.958112] i2c i2c-2: using lookup tables for GPIO lookup
[    1.963816] i2c i2c-2: No GPIO consumer scl found
[    1.968677] i2c i2c-2: using DT '/ocp/interconnect@48000000/segment@100000/target-module@9c000/i2c@0' for 'sda' GPIO lookup
[    1.980207] of_get_named_gpiod_flags: can't parse 'sda-gpios' property of node '/ocp/interconnect@48000000/segment@100000/target-module@9c000/i2c@0[0]'
[    1.994228] of_get_named_gpiod_flags: can't parse 'sda-gpio' property of node '/ocp/interconnect@48000000/segment@100000/target-module@9c000/i2c@0[0]'
[    2.008151] i2c i2c-2: using lookup tables for GPIO lookup
[    2.013819] i2c i2c-2: No GPIO consumer sda found
[    2.019406] omap_i2c 4819c000.i2c: bus 2 rev0.11 at 100 kHz
[    2.030762] gpiochip_find_base_unlocked: found new base at 544
[    2.037077] gpio gpiochip1: (gpio-32-63): created GPIO range 0->17 ==> 44e10800.pinmux PIN 34->51
[    2.046279] gpio gpiochip1: (gpio-32-63): created GPIO range 18->21 ==> 44e10800.pinmux PIN 77->80
[    2.055557] gpio gpiochip1: (gpio-32-63): created GPIO range 22->31 ==> 44e10800.pinmux PIN 56->65
[    2.065706] gpio gpiochip1: (gpio-32-63): added GPIO chardev (254:1)
[    2.072523] gpio gpiochip1: registered GPIOs 544 to 575 on gpio-32-63
[    2.081428] gpiochip_find_base_unlocked: found new base at 576
[    2.087684] gpio gpiochip2: (gpio-64-95): created GPIO range 0->4 ==> 44e10800.pinmux PIN 66->70
[    2.096792] gpio gpiochip2: (gpio-64-95): created GPIO range 5->6 ==> 44e10800.pinmux PIN 98->99
[    2.105873] gpio gpiochip2: (gpio-64-95): c reated GPIO range 7->8 ==> 44e10800.pinmux PIN 75->76
[    2.114949] gpio gpiochip2: (gpio-64-95): created GPIO range 13->13 ==> 44e10800.pinmux PIN 141->141
[    2.124385] gpio gpiochip2: (gpio-64-95): created GPIO range 14->21 ==> 44e10800.pinmux PIN 188/0x8c
[    2.773353]  bus_probe_device from deferred_probe_work_func+0x3c/0xdc
[    2.779987]  deferred_probe_work_func from process_scheduled_works+0xec/0x430
[    2.787341]  process_scheduled_works from worker_thread+0x130/0x2f8
[    2.793795]  worker_thread from kthread+0x188/0x24c
[    2.798834]  kthread from ret_from_fork+0x14/0x20
[    2.803686] Exception stack(0xe0091fb0 to 0xe0091ff8)
[    2.808886] 1fa0:                                     00000000 00000000 00000000 00000000
[    2.817305] 1fc0: 00000000 00000000 00000000 00000000 00000000 00000000 00000000 00000000
[    2.825721] 1fe0: 00000000 00000000 00000000 00000000 00000013 00000000
[    2.832528] ---[ end trace 0000000000000000 ]---
[    2.837427] ti-sysc 44e07000.target-module: Optional clocks failed for enable: -108
[    2.845355] ------------[ cut here ]------------
[    2.850107] WARNING: CPU: 0 PID: 34 at drivers/clk/clk.c:1194 clk_core_disable+0xdc/0x190
[    2.858536] l4-wkup-clkctrl:0008:0 already disabled
[    2.863553] Modules linked in:
[    2.866705] CPU: 0 UID: 0 PID: 34 Comm: kworker/u4:3 Tainted: G        W          6.13.0-rc2-next-20241213 #156
[    2.877095] Tainted: [W]=WARN
[    2.880144] Hardware name: Generic AM33XX (Flattened Device Tree)
[    2.886415] Workqueue: events_unbound deferred_probe_work_func
[    2.892427] Call trace: 
[    2.892437]  unwind_backtrace from show_stack+0x10/0x14
[    2.900427]  show_stack from dump_stack_lvl+0x50/0x64
[    2.905635]  dump_stack_lvl from __warn+0xc0/0x130
[    2.910577]  __warn from warn_slowpath_fmt+0x80/0x1a0
[    2.915785]  warn_slowpath_fmt from clk_core_disable+0xdc/0x190
[    2.921888]  clk_core_disable from clk_core_disable_lock+0x18/0x24
[    2.928259]  clk_core_disable_lock from sysc_disable_main_clocks+0x30/0x68
[    2.935357]  sysc_disable_main_clocks from sysc_runtime_resume+0x194/0x1c0
[    2.942444]  sysc_runtime_resume from __rpm_callback+0x4c/0x130
[    2.948543]  __rpm_callback from rpm_callback+0x50/0x54
[    2.953926]  rpm_callback from rpm_resume+0x614/0x660
[    2.959130]  rpm_resume from __pm_runtime_resume+0x4c/0x64
[    2.964781]  __pm_runtime_resume from __device_attach+0xd0/0x1b4
[    2.970970]  __device_attach from bus_probe_device+0x88/0x8c
[    2.976800]  bus_probe_device from deferred_probe_work_func+0x3c/0xdc
[    2.983433]  deferred_probe_work_func from process_scheduled_works+0xec/0x430
[    2.990783]  process_scheduled_works from worker_thread+0x130/0x2f8
[    2.997239]  worker_thread from kthread+0x188/0x24c
[    3.002270]  kthread from ret_from_fork+0x14/0x20
[    3.007119] Exception stack(0xe0091fb0 to 0xe0091ff8)
[    3.012319] 1fa0:                                     00000000 00000000 00000000 00000000
[    3.020737] 1fc0: 00000000 00000000 00000000 00000000 00000000 00000000 00000000 00000000
[    3.029153] 1fe0: 00000000 00000000 00000000 00000000 00000013 00000000
[    3.035959] ---[ end trace 0000000000000000 ]---
[    3.041081] 8<--- cut here ---
[    3.044238] Unhandled fault: external abort on non-linefetch (0x1028) at 0xf9e07034
[    3.052120] [f9e07034] *pgd=44e11452(bad)
[    3.056266] Internal error: : 1028 [#1] SMP ARM
[    3.060933] Modules linked in:
[    3.064080] CPU: 0 UID: 0 PID: 34 Comm: kworker/u4:3 Tainted: G        W          6.13.0-rc2-next-20241213 #156
[    3.074470] Tainted: [W]=WARN
[    3.077520] Hardware name: Generic AM33XX (Flattened Device Tree)
[    3.083791] Workqueue: events_unbound deferred_probe_work_func
[    3.089808] PC is at omap_gpio_probe+0x14c/0x5c0
[    3.094566] LR is at 0x20
[    3.097262] pc : [<c06b92bc>]    lr : [<00000020>]    psr: 20000013
[    3.103710] sp : e0091d b8  ip : 00000000  fp : c1219e40
[    3.109084] r10: c12292d8   r9 : df9429f4  r8 : c1d14400
[    3.114460] r7 : c1d14410   r6 : 00000000  r5 : 00000000  r4 : c3014a40
[    3.121176] r3  : ffffffff  r2 : c0c4a31c  r1 : f9e07000  r0 : f9e07034
[     3.12789
Labgrid Console Logfile for main
Logfile started at 2024-12-13 09:02:18.164525
=== Log starts here ===
reading args
spl_load_image_fat_os: error reading image args, err - -1
reading u-boot.img
reading u-boot.img


U-Boot 2014.04-00014-g47880f5 (Apr 22 2014 - 13:23:54)

I2C:   ready
DRAM:  512 MiB
NAND:  0 MiB
MMC:   OMAP SD/MMC: 0, OMAP SD/MMC: 1
*** Warning - readenv() failed, using default environment

Net:   <ethaddr> not set. Validating first E-fuse MAC
cpsw, usb_ether
Hit any key to stop autoboot:  1  0 
gpio: pin 53 (gpio 53) value is 1
mmc0 is current device
gpio: pin 54 (gpio 54) value is 1
SD/MMC found on device 0
reading uEnv.txt
584 bytes read in 4 ms (142.6 KiB/s)
gpio: pin 55 (gpio 55) value is 1
Loaded environment from uEnv.txt
Importing environment from mmc ...
Checking if uenvcmd is set ...
gpio: pin 56 (gpio 56) value is 1
Running uenvcmd ...
cpsw Waiting for PHY auto negotiation to complete. done
link up on port 0, speed 100, full duplex
Using cpsw device
TFTP from server 192.168.255.126; our IP address is 192.168.255.1
Filename 'zImage'.
Load address: 0x81000000
Loading: *T #################################################################
	 #################################################################
	 #################################################################
	 #################################################################
	 #################################################################
	 #####################################################
	 752.9 KiB/s
done
Bytes transferred = 5542168 (549118 hex)
link up on port 0, speed 100, full duplex
Using cpsw device
TFTP from server 192.168.255.126; our IP address is 192.168.255.1
Filename 'am335x-boneblack.dtb'.
Load address: 0x82000000
Loading: *#######
	 2.2 MiB/s
done
Bytes transferred = 98244 (17fc4 hex)
Kernel image @ 0x81000000 [ 0x000000 - 0x549118 ]
## Flattened Device Tree blob at 82000000
   Booting using the fdt blob at 0x82000000
   Using Device Tree in place at 82000000, end 8201afc3

Starting kernel ...

[    0.000000] Booting Linux on physical CPU 0x0
[    0.000000] Linux version 6.13.0-rc2-next-20241213 (user01@drvtest01) (arm-linux-gnueabihf-gcc (Linaro GCC 6.4-2017.11) 6.4.1 20171012, GNU ld (Linaro_Binutils-2017.11) 2.27.0.20161229) #156 SMP Fri Dec 13 07:18:58 EET 2024
[    0.000000] CPU: ARMv7 Processor [413fc082] revision 2 (ARMv7), cr=10c5387d
[    0.000000] CPU: PIPT / VIPT nonaliasing data cache, VIPT aliasing instruction cache
[    0.000000] OF: fdt: Machine model: TI AM335x BeagleBone Black
[    0.000000] earlycon: omap8250 at MMIO 0x44e09000 (options '')
[    0.000000] printk: legacy bootconsole [omap8250] enabled
[    0.000000] Memory policy: Data cache writeback
[    0.000000] cma: Reserved 16 MiB at 0x9e800000 on node -1
[    0.000000] Zone ranges:
[    0.000000]   Normal   [mem 0x0000000080000000-0x000000009fdfffff]
[    0.000000]   HighMem  empty
[    0.000000] Movable zone start for each node
[    0.000000] Early memory node ranges
[    0.000000]   node   0: [mem 0x0000000080000000-0x000000009fdfffff]
[    0.000000] Initmem setup node 0 [mem 0x0000000080000000-0x000000009fdfffff]
[    0.000000] OF: reserved mem: Reserved memory: No reserved-memory node in the DT
[    0.000000] CPU: All CPU(s) started in SVC mode.
[    0.000000] AM335X ES2.1 (sgx neon)
[    0.000000] percpu: Embedded 17 pages/cpu s39628 r8192 d21812 u69632
[    0.000000] pcpu-alloc: s39628 r8192 d21812 u69632 alloc=17*4096
[    0.000000] pcpu-alloc: [0] 0 
[    0.000000] Kernel command line: console=ttyO0,115200n8 debug earlycon root=/dev/nfs rw nfsroot=192.168.255.126:/home/user01/nfs,nfsvers=3 ip=192.168.255.1:192.168.255.126::255.255.255.0:bbb1:eth0 nfsrootdebug
[    0.000000] Unknown kernel command line parameters "nfsrootdebug", will be passed to user space.
[    0.000000] printk: log buffer data + meta data: 65536 + 204800 = 270336 bytes
[    0.000000] Dentry cache hash table entries: 65536 (order: 6, 262144 bytes, linear)
[    0.000000] Inode-cache hash table entries: 32768 (order: 5, 131072 bytes, linear)
[    0.000000] Built 1 zonelists, mobility grouping on.  Total pages: 130560
[    0.000000] mem auto-init: stack:off, heap alloc:off, heap free:off
[    0.000000] SLUB: HWalign=64, Order=0-3, MinObjects=0, CPUs=1, Nodes=1
[    0.000000] trace event string verifier disabled
[    0.000000] rcu: Hierarchical RCU implementation.
[    0.000000] rcu: 	RCU event tracing is enabled.
[    0.000000] rcu: 	RCU restricting CPUs from NR_CPUS=2 to nr_cpu_ids=1.
[    0.000000] 	Tracing variant of Tasks RCU enabled.
[    0.000000] rcu: RCU calculated value of scheduler-enlistment delay is 10 jiffies.
[    0.000000] rcu: Adjusting geometry for rcu_fanout_leaf=16, nr_cpu_ids=1
[    0.000000] RCU Tasks Trace: Setting shift to 0 and lim to 1 rcu_task_cb_adjust=1 rcu_task_cpu_ids=1.
[    0.000000] NR_IRQS: 16, nr_irqs: 16, preallocated irqs: 16
[    0.000000] IRQ: Found an INTC at 0x(ptrval) (revision 5.0) with 128 interrupts
[    0.000000] rcu: srcu_init: Setting srcu_struct sizes based on contention.
[    0.000000] TI gptimer clocksource: always-on /ocp/interconnect@44c00000/segment@200000/target-module@31000
[    0.000003] sched_clock: 32 bits at 24MHz, resolution 41ns, wraps every 89478484971ns
[    0.008078] clocksource: dmtimer: mask: 0xffffffff max_cycles: 0xffffffff, max_idle_ns: 79635851949 ns
[    0.018135] TI gptimer clockevent: 24000000 Hz at /ocp/interconnect@48000000/segment@0/target-module@40000
[    0.029731] Console: colour dummy device 80x30
[    0.034372] WARNING: Your 'console=ttyO0' has been replaced by 'ttyS0'
[    0.041178] This ensures that you still see kernel messages. Please
[    0.047628] update your kernel commandline.
[    0.051985] Calibrating delay loop... 996.14 BogoMIPS (lpj=4980736)
[    0.094625] CPU: Testing write buffer coherency: ok
[    0.099758] CPU0: Spectre v2: using BPIALL workaround
[    0.104961] pid_max: default: 32768 minimum: 301
[    0.109834] LSM: initializing lsm=capability
[    0.114403] Mount-cache hash table entries: 1024 (order: 0, 4096 bytes, linear)
[    0.121970] Mountpoint-cache hash table entries: 1024 (order: 0, 4096 bytes, linear)
[    0.131657] CPU0: thread -1, cpu 0, socket -1, mpidr 0
[    0.139322] Setting up static identity map for 0x80100000 - 0x80100078
[    0.146376] rcu: Hierarchical SRCU implementation.
[    0.151378] rcu: 	Max phase no-delay instances is 1000.
[    0.158716] smp: Bringing up secondary CPUs ...
[    0.163446] smp: Brought up 1 node, 1 CPU
[    0.167579] SMP: Total of 1 processors activated (996.14 BogoMIPS).
[    0.174133] CPU: All CPU(s) started in SVC mode.
[    0.179086] Memory: 480840K/522240K available (11264K kernel code, 1215K rwdata, 2904K rodata, 1024K init, 295K bss, 23388K reserved, 16384K cma-reserved, 0K highmem)
[    0.195391] devtmpfs: initialized
[    0.215581] VFP support v0.3: implementor 41 architecture 3 part 30 variant c rev 3
[    0.223960] clocksource: jiffies: mask: 0xffffffff max_cycles: 0xffffffff, max_idle_ns: 19112604462750000 ns
[    0.234173] futex hash table entries: 256 (order: 2, 16384 bytes, linear)
[    0.242465] pinctrl core: initialized pinctrl subsystem
[    0.250818] NET: Registered PF_NETLINK/PF_ROUTE protocol family
[    0.259865] DMA: preallocated 256 KiB pool for atomic coherent allocations
[    0.267871] audit: initializing netlink subsys (disabled)
[    0.274968] thermal_sys: Registered thermal governor 'fair_share'
[    0.274998] thermal_sys: Registered thermal governor 'step_wise'
[    0.281374] thermal_sys: Registered thermal governor 'user_space'
[    0.287681] audit: type=2000 audit(0.240:1): state=initialized audit_enabled=0 res=1
[    0.302064] cpuidle: using governor menu
[    0.324480] /ocp/interconnect@44c00000/segment@200000/target-module@b000/i2c@0/tda19988@70: Fixed dependency cycle(s) with /ocp/interconnect@48000000/segment@300000/target-module@e000/lcdc@0
[    0.343251] /ocp/interconnect@48000000/segment@300000/target-module@e000/lcdc@0: Fixed dependency cycle(s) with /ocp/interconnect@44c00000/segment@200000/target-module@b000/i2c@0/tda19988@70
[    0.363064] No ATAGs?
[    0.365431] hw-breakpoint: debug architecture 0x4 unsupported.
[    0.374392] kprobes: kprobe jump-optimization is enabled. All kprobes are optimized if possible.
[    0.401918] iommu: Default domain type: Translated
[    0.406880] iommu: DMA domain TLB invalidation policy: strict mode
[    0.415059] reg-fixed-voltage fixedregulator0: using DT '/fixedregulator0' for '(default)' GPIO lookup
[    0.424794] of_get_named_gpiod_flags: can't parse 'gpios' property of node '/fixedregulator0[0]'
[    0.433888] of_get_named_gpiod_flags: can't parse 'gpio' property of node '/fixedregulator0[0]'
[    0.442887] reg-fixed-voltage fixedregulator0: using lookup tables for GPIO lookup
[    0.450703] reg-fixed-voltage fixedregulator0: No GPIO consumer (default) found
[    0.478928] SCSI subsystem initialized
[    0.488801] libata version 3.00 loaded.
[    0.493138] pps_core: LinuxPPS API ver. 1 registered
[    0.498315] pps_core: Software ver. 5.3.6 - Copyright 2005-2007 Rodolfo Giometti <giometti@linux.it>
[    0.507745] PTP clock support registered
[    0.538263] vgaarb: loaded
[    0.548219] clocksource: Switched to clocksource dmtimer
[    0.554409] VFS: Disk quotas dquot_6.6.0
[    0.558622] VFS: Dquot-cache hash table entries: 1024 (order 0, 4096 bytes)
[    0.601457] NET: Registered PF_INET protocol family
[    0.606972] IP idents hash table entries: 8192 (order: 4, 65536 bytes, linear)
[    0.615882] tcp_listen_portaddr_hash hash table entries: 512 (order: 0, 4096 bytes, linear)
[    0.624582] Table-perturb hash table entries: 65536 (order: 6, 262144 bytes, linear)
[    0.632593] TCP established hash table entries: 4096 (order: 2, 16384 bytes, linear)
[    0.640602] TCP bind hash table entries: 4096 (order: 4, 65536 bytes, linear)
[    0.648063] TCP: Hash tables configured (established 4096 bind 4096)
[    0.654744] UDP hash table entries: 256 (order: 1, 14336 bytes, linear)
[    0.661621] UDP-Lite hash table entries: 256 (order: 1, 14336 bytes, linear)
[    0.669062] NET: Registered PF_UNIX/PF_LOCAL protocol family
[    0.753315] RPC: Registered named UNIX socket transport module.
[    0.759449] RPC: Registered udp transport module.
[    0.764360] RPC: Registered tcp transport module.
[    0.769204] RPC: Registered tcp-with-tls transport module.
[    0.774872] RPC: Registered tcp NFSv4.1 backchannel transport module.
[    0.781552] PCI: CLS 0 bytes, default 64
[    0.787137] Initialise system trusted keyrings
[    0.854001] workingset: timestamp_bits=14 max_order=17 bucket_order=3
[    0.862197] NFS: Registering the id_resolver key type
[    0.867483] Key type id_resolver registered
[    0.871861] Key type id_legacy registered
[    0.876040] jffs2: version 2.2. (NAND) (SUMMARY)  © 2001-2006 Red Hat, Inc.
[    0.911035] Key type asymmetric registered
[    0.915398] Asymmetric key parser 'x509' registered
[    0.920497] io scheduler mq-deadline registered
[    0.925207] io scheduler kyber registered
[    0.929411] io scheduler bfq registered
[    0.959668] ledtrig-cpu: registered to indicate activity on CPUs
[    0.968954] Serial: 8250/16550 driver, 6 ports, IRQ sharing enabled
[    1.032515] brd: module loaded
[    1.056826] loop: module loaded
[    1.061027] mtdoops: mtd device (mtddev=name/number) must be supplied
[    1.081136] mdio_bus fixed-0: using lookup tables for GPIO lookup
[    1.087536] mdio_bus fixed-0: No GPIO consumer reset found
[    1.094611] i2c_dev: i2c /dev entries driver
[    1.100014] cpuidle: enable-method property 'ti,am3352' found operations
[    1.107512] sdhci: Secure Digital Host Controller Interface driver
[    1.113944] sdhci: Copyright(c) Pierre Ossman
[    1.118624] sdhci-pltfm: SDHCI platform and OF driver helper
[    1.125566] Initializing XFRM netlink socket
[    1.130123] NET: Registered PF_INET6 protocol family
[    1.206878] Segment Routing with IPv6
[    1.210762] In-situ OAM (IOAM) with IPv6
[    1.215009] sit: IPv6, IPv4 and MPLS over IPv4 tunneling driver
[    1.222181] NET: Registered PF_PACKET protocol family
[    1.227424] NET: Registered PF_KEY protocol family
[    1.232567] Key type dns_resolver registered
[    1.237269] ThumbEE CPU extension supported.
[    1.241737] Registering SWP/SWPB emulation handler
[    1.247207] omap_voltage_late_init: Voltage driver support not added
[    1.254207] SmartReflex Class3 initialized
[    1.332675] Loading compiled-in X.509 certificates
[    1.388083] /ocp/interconnect@44c00000/segment@200000/target-module@b000/i2c@0/tda19988@70: Fixed dependency cycle(s) with /ocp/interconnect@48000000/segment@300000/target-module@e000/lcdc@0
[    1.412382] /ocp/interconnect@44c00000/segment@200000/target-module@b000/i2c@0/tda19988@70: Fixed dependency cycle(s) with /ocp/interconnect@48000000/segment@300000/target-module@e000/lcdc@0
[    1.435649] gpiochip_find_base_unlocked: found new base at 512
[    1.505883] /ocp/interconnect@44c00000/segment@200000/target-module@b000/i2c@0/tda19988@70: Fixed dependency cycle(s) with /ocp/interconnect@48000000/segment@300000/target-module@e000/lcdc@0
[    1.524519] /ocp/interconnect@44c00000/segment@200000/target-module@b000/i2c@0/tda19988@70: Fixed dependency cycle(s) with /ocp/interconnect@48000000/segment@300000/target-module@e000/lcdc@0
[    1.545643] /ocp/interconnect@44c00000/segment@200000/target-module@10000/scm@0/pinmux@800: Fixed dependency cycle(s) with /ocp/interconnect@44c00000/segment@200000/target-module@10000/scm@0/pinmux@800/clkout2-pins
[    1.565990] pinctrl-single 44e10800.pinmux: 142 pins, size 568
[    1.577363] ti-sysc 44e31000.target-module: probe with driver ti-sysc failed with error -16
[    1.680659] /ocp/interconnect@48000000/segment@300000/target-module@e000/lcdc@0: Fixed dependency cycle(s) with /ocp/interconnect@44c00000/segment@200000/target-module@b000/i2c@0/tda19988@70
[    1.706527] ti-sysc 48040000.target-module: probe with driver ti-sysc failed with error -16
[    1.726902] gpiochip_find_base_unlocked: found new base at 512
[    1.733170] gpio gpiochip0: (gpio-0-31): created GPIO range 0->7 ==> 44e10800.pinmux PIN 0->7
[    1.742004] gpio gpiochip0: (gpio-0-31): created GPIO range 8->11 ==> 44e10800.pinmux PIN 90->93
[    1.751058] gpio gpiochip0: (gpio-0-31): created GPIO range 12->27 ==> 44e10800.pinmux PIN 12->27
[    1.760224] gpio gpiochip0: (gpio-0-31): created GPIO range 28->31 ==> 44e10800.pinmux PIN 30->33
[    1.863671] gpio gpiochip0: (gpio-0-31): added GPIO chardev (254:0)
[    1.870296] gpio gpiochip0: registered GPIOs 512 to 543 on gpio-0-31
[    1.877019] OMAP GPIO hardware version 0.1
[    1.918226] i2c i2c-2: using DT '/ocp/interconnect@48000000/segment@100000/target-module@9c000/i2c@0' for 'scl' GPIO lookup
[    1.929899] of_get_named_gpiod_flags: can't parse 'scl-gpios' property of node '/ocp/interconnect@48000000/segment@100000/target-module@9c000/i2c@0[0]'
[    1.943964] of_get_named_gpiod_flags: can't parse 'scl-gpio' property of node '/ocp/interconnect@48000000/segment@100000/target-module@9c000/i2c@0[0]'
[    1.957924] i2c i2c-2: using lookup tables for GPIO lookup
[    1.963605] i2c i2c-2: No GPIO consumer scl found
[    1.968465] i2c i2c-2: using DT '/ocp/interconnect@48000000/segment@100000/target-module@9c000/i2c@0' for 'sda' GPIO lookup
[    1.979985] of_get_named_gpiod_flags: can't parse 'sda-gpios' property of node '/ocp/interconnect@48000000/segment@100000/target-module@9c000/i2c@0[0]'
[    1.994003] of_get_named_gpiod_flags: can't parse 'sda-gpio' property of node '/ocp/interconnect@48000000/segment@100000/target-module@9c000/i2c@0[0]'
[    2.007923] i2c i2c-2: using lookup tables for GPIO lookup
[    2.013593] i2c i2c-2: No GPIO consumer sda found
[    2.019198] omap_i2c 4819c000.i2c: bus 2 rev0.11 at 100 kHz
[    2.030534] gpiochip_find_base_unlocked: found new base at 544
[    2.036850] gpio gpiochip1: (gpio-32-63): created GPIO range 0->17 ==> 44e10800.pinmux PIN 34->51
[    2.046052] gpio gpiochip1: (gpio-32-63): created GPIO range 18->21 ==> 44e10800.pinmux PIN 77->80
[    2.055329] gpio gpiochip1: (gpio-32-63): created GPIO range 22->31 ==> 44e10800.pinmux PIN 56->65
[    2.065466] gpio gpiochip1: (gpio-32-63): added GPIO chardev (254:1)
[    2.072279] gpio gpiochip1: registered GPIOs 544 to 575 on gpio-32-63
[    2.081190] gpiochip_find_base_unlocked: found new base at 576
[    2.087444] gpio gpiochip2: (gpio-64-95): created GPIO range 0->4 ==> 44e10800.pinmux PIN 66->70
[    2.096549] gpio gpiochip2: (gpio-64-95): created GPIO range 5->6 ==> 44e10800.pinmux PIN 98->99
[    2.105629] gpio gpiochip2: (gpio-64-95): created GPIO range 7->8 ==> 44e10800.pinmux PIN 75->76
[    2.114706] gpio gpiochip2: (gpio-64-95): created GPIO range 13->13 ==> 44e10800.pinmux PIN 141->141
[    2.124141] gpio gpiochip2: (gpio-64-95): created GPIO range 14->21 ==> 44e10800.pinmux PIN 100->107
[    2.134340] gpio gpiochip2: (gpio-64-95): added GPIO chardev (254:2)
[    2.141039] gpio gpiochip2: registered GPIOs 576 to 607 on gpio-64-95
[    2.153629] 48000000.interconnect:segment@200000:target-module@0:mpu@0:fck: device ID is greater than 24
[    2.164483] /ocp/interconnect@48000000/segment@300000/target-module@e000/lcdc@0: Fixed dependency cycle(s) with /ocp/interconnect@44c00000/segment@200000/target-module@b000/i2c@0/tda19988@70
[    2.184898] /ocp/interconnect@48000000/segment@300000/target-module@e000/lcdc@0: Fixed dependency cycle(s) with /ocp/interconnect@44c00000/segment@200000/target-module@b000/i2c@0/tda19988@70
[    2.203217] /ocp/interconnect@44c00000/segment@200000/target-module@b000/i2c@0/tda19988@70: Fixed dependency cycle(s) with /ocp/interconnect@48000000/segment@300000/target-module@e000/lcdc@0
[    2.220959] /ocp/interconnect@48000000/segment@300000/target-module@e000/lcdc@0: Fixed dependency cycle(s) with /ocp/interconnect@44c00000/segment@200000/target-module@b000/i2c@0/tda19988@70
[    2.248240] mdio_bus 4a101000.mdio: using DT '/ocp/interconnect@4a000000/segment@0/target-module@100000/switch@0/mdio@1000' for 'reset' GPIO lookup
[    2.262086] of_get_named_gpiod_flags: can't parse 'reset-gpios' property of node '/ocp/interconnect@4a000000/segment@0/target-module@100000/switch@0/mdio@1000[0]'
[    2.277137] of_get_named_gpiod_flags: can't parse 'reset-gpio' property of node '/ocp/interconnect@4a000000/segment@0/target-module@100000/switch@0/mdio@1000[0]'
[    2.292066] mdio_bus 4a101000.mdio: using lookup tables for GPIO lookup
[    2.298878] mdio_bus 4a101000.mdio: No GPIO consumer reset found
[    2.306303] sdhci-oma p 481d8000.mmc: using DT '/ocp/interconnect@48000000/segment@1 00000/target-module@d8000/mmc@0' for 'wp' GPIO lookup
[    2.319109] of_get_named_gpiod_flags: can't parse 'wp-gpios' property of node '/ocp/interconnect@48000000/segment@100000/target-module@d] 1fc0: 00000000 00000000 00000000 00000000 00000000 00000000 00000000 00000000
[    2.825738] 1fe0: 00000000 00000000 00000000 00000000 00000013 00000000
[    2.832545] ---[ end trace 0000000000000000 ]---
[    2.837447] ti-sysc 44e07000.target-module: Optional clocks failed for enable: -108
[    2.845372] ------------[ cut here ]------------
[    2.850124] WARNING: CPU: 0 PID: 34 at drivers/clk/clk.c:1194 clk_core_disable+0xdc/0x190
[    2.858554] l4-wkup-clkctrl:0008:0 already disabled
[    2.863569] Modules linked in:
[    2.866723] CPU: 0 UID: 0 PID: 34 Comm: kworker/u4:3 Tainted: G        W          6.13.0-rc2-next-20241213 #156
[    2.877111] Tainted: [W]=WARN
[    2.880162] Hardware name: Generic AM33XX (Flattened Device Tree)
[    2.886431] Workqueue: events_unbound deferred_probe_work_func
[    2.892444] Call trace: 
[    2.892453]  unwind_backtrace from show_stack+0x10/0x14
[    2.900444]  show_stack from dump_stack_lvl+0x50/0x64
[    2.905652]  dump_stack_lvl from __warn+0xc0/0x130
[    2.910591]  __warn from warn_slowpath_fmt+0x80/0x1a0
[    2.915800]  warn_slowpath_fmt from clk_core_disable+0xdc/0x190
[    2.921903]  clk_core_disable from clk_core_disable_lock+0x18/0x24
[    2.928274]  clk_core_disable_lock from sysc_disable_main_clocks+0x30/0x68
[    2.935373]  sysc_disable_main_clocks from sysc_runtime_resume+0x194/0x1c0
[    2.942459]  sysc_runtime_resume from __rpm_callback+0x4c/0x130
[    2.948557]  __rpm_callback from rpm_callback+0x50/0x54
[    2.953940]  rpm_callback from rpm_resume+0x614/0x660
[    2.959145]  rpm_resume from __pm_runtime_resume+0x4c/0x64
[    2.964796]  __pm_runtime_resume from __device_attach+0xd0/0x1b4
[    2.970985]  __device_attach from bus_probe_device+0x88/0x8c
[    2.976815]  bus_probe_device from deferred_probe_work_func+0x3c/0xdc
[    2.983449]  deferred_probe_work_func from process_scheduled_works+0xec/0x430
[    2.990799]  process_scheduled_works from worker_thread+0x130/0x2f8
[    2.997254]  worker_thread from kthread+0x188/0x24c
[    3.002285]  kthread from ret_from_fork+0x14/0x20
[    3.007135] Exception stack(0xe0091fb0 to 0xe0091ff8)
[    3.012335] 1fa0:                                     00000000 00000000 00000000 00000000
[    3.020752] 1fc0: 00000000 00000000 00000000 00000000 00000000 00000000 00000000 00000000
[    3.029169] 1fe0: 00000000 00000000 00000000 00000000 00000013 00000000
[    3.035975] ---[ end trace 0000000000000000 ]---
[    3.041100] 8<--- cut here ---
[    3.044260] Unhandled fault: external abort on non-linefetch (0x1028) at 0xf9e07034
[    3.052143] [f9e07034] *pgd=44e11452(bad)
[    3.056290] Internal error: : 1028 [#1] SMP ARM
[    3.060957] Modules linked in:
[    3.064105] CPU: 0 UID: 0 PID: 34 Comm: kworker/u4:3 Tainted: G        W          6.13.0-rc2-next-20241213 #156
[    3.074495] Tainted: [W]=WARN
[    3.077544] Hardware name: Generic AM33XX (Flattened Device Tree)
[    3.083814] Workqueue: events_unbound deferred_probe_work_func
[    3.089831] PC is at omap_gpio_probe+0x14c/0x5c0
[    3.094589] LR is at 0x20
[    3.097285] pc : [<c06b92bc>]    lr : [<00000020>]    psr: 20000013
[    3.103734] sp : e0091db8  ip : 00000000  fp : c1219e40
[    3.109109] r10: c12292d8  r9 : df9429f4  r8 : c1d14400
[    3.114484] r7 : c1d14410  r6 : 00000000  r5 : 00000000  r4 : c3014a40
[    3.121201] r3 : ffffffff  r2 : c0c4a31c  r1 : f9e07000  r0 : f9e07034
[    3.127918] Flags: nzCv  IRQs on  FIQs on  Mode SVC_32  ISA ARM  Segment none
[    3.135264] Control: 10c5387d  Table: 80004019  DAC: 00000051
[    3.141175] Register r0 information: 0-page vmalloc region starting at 0xf9c00000 allocated at iotable_init+0x0/0xf4 
[    3.152027] Register r1 information: 0-page vmalloc region  starting at 0xf9c00000 allocated at iotable_init+0x0/0xf4
[     3.162867] Register r2 information: non-slab/vmalloc memory 
[    3.168699] Register r3 information: non-paged memory
[     3.1738
Labgrid Console Logfile for main
Logfile started at 2024-12-13 09:03:42.083210
=== Log starts here ===
reading args
spl_load_image_fat_os: error reading image args, err - -1
reading u-boot.img
reading u-boot.img


U-Boot 2014.04-00014-g47880f5 (Apr 22 2014 - 13:23:54)

I2C:   ready
DRAM:  512 MiB
NAND:  0 MiB
MMC:   OMAP SD/MMC: 0, OMAP SD/MMC: 1
*** Warning - readenv() failed, using default environment

Net:   <ethaddr> not set. Validating first E-fuse MAC
cpsw, usb_ether
Hit any key to stop autoboot:  1  0 
gpio: pin 53 (gpio 53) value is 1
mmc0 is current device
gpio: pin 54 (gpio 54) value is 1
SD/MMC found on device 0
reading uEnv.txt
584 bytes read in 4 ms (142.6 KiB/s)
gpio: pin 55 (gpio 55) value is 1
Loaded environment from uEnv.txt
Importing environment from mmc ...
Checking if uenvcmd is set ...
gpio: pin 56 (gpio 56) value is 1
Running uenvcmd ...
cpsw Waiting for PHY auto negotiation to complete. done
link up on port 0, speed 100, full duplex
Using cpsw device
TFTP from server 192.168.255.126; our IP address is 192.168.255.1
Filename 'zImage'.
Load address: 0x81000000
Loading: *#################################################################
	 #################################################################
	 #################################################################
	 #################################################################
	 #################################################################
	 #####################################################
	 2.4 MiB/s
done
Bytes transferred = 5542168 (549118 hex)
link up on port 0, speed 100, full duplex
Using cpsw device
TFTP from server 192.168.255.126; our IP address is 192.168.255.1
Filename 'am335x-boneblack.dtb'.
Load address: 0x82000000
Loading: *#######
	 2.2 MiB/s
done
Bytes transferred = 98244 (17fc4 hex)
Kernel image @ 0x81000000 [ 0x000000 - 0x549118 ]
## Flattened Device Tree blob at 82000000
   Booting using the fdt blob at 0x82000000
   Using Device Tree in place at 82000000, end 8201afc3

Starting kernel ...

[    0.000000] Booting Linux on physical CPU 0x0
[    0.000000] Linux version 6.13.0-rc2-next-20241213 (user01@drvtest01) (arm-linux-gnueabihf-gcc (Linaro GCC 6.4-2017.11) 6.4.1 20171012, GNU ld (Linaro_Binutils-2017.11) 2.27.0.20161229) #156 SMP Fri Dec 13 07:18:58 EET 2024
[    0.000000] CPU: ARMv7 Processor [413fc082] revision 2 (ARMv7), cr=10c5387d
[    0.000000] CPU: PIPT / VIPT nonaliasing data cache, VIPT aliasing instruction cache
[    0.000000] OF: fdt: Machine model: TI AM335x BeagleBone Black
[    0.000000] earlycon: omap8250 at MMIO 0x44e09000 (options '')
[    0.000000] printk: legacy bootconsole [omap8250] enabled
[    0.000000] Memory policy: Data cache writeback
[    0.000000] cma: Reserved 16 MiB at 0x9e800000 on node -1
[    0.000000] Zone ranges:
[    0.000000]   Normal   [mem 0x0000000080000000-0x000000009fdfffff]
[    0.000000]   HighMem  empty
[    0.000000] Movable zone start for each node
[    0.000000] Early memory node ranges
[    0.000000]   node   0: [mem 0x0000000080000000-0x000000009fdfffff]
[    0.000000] Initmem setup node 0 [mem 0x0000000080000000-0x000000009fdfffff]
[    0.000000] OF: reserved mem: Reserved memory: No reserved-memory node in the DT
[    0.000000] CPU: All CPU(s) started in SVC mode.
[    0.000000] AM335X ES2.1 (sgx neon)
[    0.000000] percpu: Embedded 17 pages/cpu s39628 r8192 d21812 u69632
[    0.000000] pcpu-alloc: s39628 r8192 d21812 u69632 alloc=17*4096
[    0.000000] pcpu-alloc: [0] 0 
[    0.000000] Kernel command line: console=ttyO0,115200n8 debug earlycon root=/dev/nfs rw nfsroot=192.168.255.126:/home/user01/nfs,nfsvers=3 ip=192.168.255.1:192.168.255.126::255.255.255.0:bbb1:eth0 nfsrootdebug
[    0.000000] Unknown kernel command line parameters "nfsrootdebug", will be passed to user space.
[    0.000000] printk: log buffer data + meta data: 65536 + 204800 = 270336 bytes
[    0.000000] Dentry cache hash table entries: 65536 (order: 6, 262144 bytes, linear)
[    0.000000] Inode-cache hash table entries: 32768 (order: 5, 131072 bytes, linear)
[    0.000000] Built 1 zonelists, mobility grouping on.  Total pages: 130560
[    0.000000] mem auto-init: stack:off, heap alloc:off, heap free:off
[    0.000000] SLUB: HWalign=64, Order=0-3, MinObjects=0, CPUs=1, Nodes=1
[    0.000000] trace event string verifier disabled
[    0.000000] rcu: Hierarchical RCU implementation.
[    0.000000] rcu: 	RCU event tracing is enabled.
[    0.000000] rcu: 	RCU restricting CPUs from NR_CPUS=2 to nr_cpu_ids=1.
[    0.000000] 	Tracing variant of Tasks RCU enabled.
[    0.000000] rcu: RCU calculated value of scheduler-enlistment delay is 10 jiffies.
[    0.000000] rcu: Adjusting geometry for rcu_fanout_leaf=16, nr_cpu_ids=1
[    0.000000] RCU Tasks Trace: Setting shift to 0 and lim to 1 rcu_task_cb_adjust=1 rcu_task_cpu_ids=1.
[    0.000000] NR_IRQS: 16, nr_irqs: 16, preallocated irqs: 16
[    0.000000] IRQ: Found an INTC at 0x(ptrval) (revision 5.0) with 128 interrupts
[    0.000000] rcu: srcu_init: Setting srcu_struct sizes based on contention.
[    0.000000] TI gptimer clocksource: always-on /ocp/interconnect@44c00000/segment@200000/target-module@31000
[    0.000002] sched_clock: 32 bits at 24MHz, resolution 41ns, wraps every 89478484971ns
[    0.008076] clocksource: dmtimer: mask: 0xffffffff max_cycles: 0xffffffff, max_idle_ns: 79635851949 ns
[    0.018135] TI gptimer clockevent: 24000000 Hz at /ocp/interconnect@48000000/segment@0/target-module@40000
[    0.029729] Console: colour dummy device 80x30
[    0.034371] WARNING: Your 'console=ttyO0' has been replaced by 'ttyS0'
[    0.041180] This ensures that you still see kernel messages. Please
[    0.047630] update your kernel commandline.
[    0.051988] Calibrating delay loop... 996.14 BogoMIPS (lpj=4980736)
[    0.094622] CPU: Testing write buffer coherency: ok
[    0.099755] CPU0: Spectre v2: using BPIALL workaround
[    0.104958] pid_max: default: 32768 minimum: 301
[    0.109829] LSM: initializing lsm=capability
[    0.114400] Mount-cache hash table entries: 1024 (order: 0, 4096 bytes, linear)
[    0.121969] Mountpoint-cache hash table entries: 1024 (order: 0, 4096 bytes, linear)
[    0.131642] CPU0: thread -1, cpu 0, socket -1, mpidr 0
[    0.139306] Setting up static identity map for 0x80100000 - 0x80100078
[    0.146365] rcu: Hierarchical SRCU implementation.
[    0.151363] rcu: 	Max phase no-delay instances is 1000.
[    0.158687] smp: Bringing up secondary CPUs ...
[    0.163417] smp: Brought up 1 node, 1 CPU
[    0.167549] SMP: Total of 1 processors activated (996.14 BogoMIPS).
[    0.174103] CPU: All CPU(s) started in SVC mode.
[    0.179051] Memory: 480840K/522240K available (11264K kernel code, 1215K rwdata, 2904K rodata, 1024K init, 295K bss, 23388K reserved, 16384K cma-reserved, 0K highmem)
[    0.195336] devtmpfs: initialized
[    0.215541] VFP support v0.3: implementor 41 architecture 3 part 30 variant c rev 3
[    0.223916] clocksource: jiffies: mask: 0xffffffff max_cycles: 0xffffffff, max_idle_ns: 19112604462750000 ns
[    0.234127] futex hash table entries: 256 (order: 2, 16384 bytes, linear)
[    0.242437] pinctrl core: initialized pinctrl subsystem
[    0.250798] NET: Registered PF_NETLINK/PF_ROUTE protocol family
[    0.259844] DMA: preallocated 256 KiB pool for atomic coherent allocations
[    0.267848] audit: initializing netlink subsys (disabled)
[    0.274946] thermal_sys: Registered thermal governor 'fair_share'
[    0.274975] thermal_sys: Registered thermal governor 'step_wise'
[    0.281348] thermal_sys: Registered thermal governor 'user_space'
[    0.287653] audit: type=2000 audit(0.240:1): state=initialized audit_enabled=0 res=1
[    0.302038] cpuidle: using governor menu
[    0.324486] /ocp/interconnect@44c00000/segment@200000/target-module@b000/i2c@0/tda19988@70: Fixed dependency cycle(s) with /ocp/interconnect@48000000/segment@300000/target-module@e000/lcdc@0
[    0.343251] /ocp/interconnect@48000000/segment@300000/target-module@e000/lcdc@0: Fixed dependency cycle(s) with /ocp/interconnect@44c00000/segment@200000/target-module@b000/i2c@0/tda19988@70
[    0.363067] No ATAGs?
[    0.365439] hw-breakpoint: debug architecture 0x4 unsupported.
[    0.374402] kprobes: kprobe jump-optimization is enabled. All kprobes are optimized if possible.
[    0.401934] iommu: Default domain type: Translated
[    0.406893] iommu: DMA domain TLB invalidation policy: strict mode
[    0.415071] reg-fixed-voltage fixedregulator0: using DT '/fixedregulator0' for '(default)' GPIO lookup
[    0.424809] of_get_named_gpiod_flags: can't parse 'gpios' property of node '/fixedregulator0[0]'
[    0.433908] of_get_named_gpiod_flags: can't parse 'gpio' property of node '/fixedregulator0[0]'
[    0.442906] reg-fixed-voltage fixedregulator0: using lookup tables for GPIO lookup
[    0.450720] reg-fixed-voltage fixedregulator0: No GPIO consumer (default) found
[    0.478949] SCSI subsystem initialized
[    0.488825] libata version 3.00 loaded.
[    0.493158] pps_core: LinuxPPS API ver. 1 registered
[    0.498330] pps_core: Software ver. 5.3.6 - Copyright 2005-2007 Rodolfo Giometti <giometti@linux.it>
[    0.507760] PTP clock support registered
[    0.538268] vgaarb: loaded
[    0.548208] clocksource: Switched to clocksource dmtimer
[    0.554384] VFS: Disk quotas dquot_6.6.0
[    0.558600] VFS: Dquot-cache hash table entries: 1024 (order 0, 4096 bytes)
[    0.601433] NET: Registered PF_INET protocol family
[    0.606950] IP idents hash table entries: 8192 (order: 4, 65536 bytes, linear)
[    0.615867] tcp_listen_portaddr_hash hash table entries: 512 (order: 0, 4096 bytes, linear)
[    0.624571] Table-perturb hash table entries: 65536 (order: 6, 262144 bytes, linear)
[    0.632586] TCP established hash table entries: 4096 (order: 2, 16384 bytes, linear)
[    0.640595] TCP bind hash table entries: 4096 (order: 4, 65536 bytes, linear)
[    0.648057] TCP: Hash tables configured (established 4096 bind 4096)
[    0.654743] UDP hash table entries: 256 (order: 1, 14336 bytes, linear)
[    0.661621] UDP-Lite hash table entries: 256 (order: 1, 14336 bytes, linear)
[    0.669071] NET: Registered PF_UNIX/PF_LOCAL protocol family
[    0.753333] RPC: Registered named UNIX socket transport module.
[    0.759466] RPC: Registered udp transport module.
[    0.764379] RPC: Registered tcp transport module.
[    0.769222] RPC: Registered tcp-with-tls transport module.
[    0.774890] RPC: Registered tcp NFSv4.1 backchannel transport module.
[    0.781570] PCI: CLS 0 bytes, default 64
[    0.787164] Initialise system trusted keyrings
[    0.854085] workingset: timestamp_bits=14 max_order=17 bucket_order=3
[    0.862260] NFS: Registering the id_resolver key type
[    0.867548] Key type id_resolver registered
[    0.871934] Key type id_legacy registered
[    0.876117] jffs2: version 2.2. (NAND) (SUMMARY)  © 2001-2006 Red Hat, Inc.
[    0.911118] Key type asymmetric registered
[    0.915473] Asymmetric key parser 'x509' registered
[    0.920574] io scheduler mq-deadline registered
[    0.925284] io scheduler kyber registered
[    0.929488] io scheduler bfq registered
[    0.959748] ledtrig-cpu: registered to indicate activity on CPUs
[    0.969041] Serial: 8250/16550 driver, 6 ports, IRQ sharing enabled
[    1.056380] brd: module loaded
[    1.076887] loop: module loaded
[    1.081084] mtdoops: mtd device (mtddev=name/number) must be supplied
[    1.097988] mdio_bus fixed-0: using lookup tables for GPIO lookup
[    1.104386] mdio_bus fixed-0: No GPIO consumer reset found
[    1.111437] i2c_dev: i2c /dev entries driver
[    1.116944] cpuidle: enable-method property 'ti,am3352' found operations
[    1.124420] sdhci: Secure Digital Host Controller Interface driver
[    1.130792] sdhci: Copyright(c) Pierre Ossman
[    1.135521] sdhci-pltfm: SDHCI platform and OF driver helper
[    1.142473] Initializing XFRM netlink socket
[    1.147028] NET: Registered PF_INET6 protocol family
[    1.228470] Segment Routing with IPv6
[    1.232456] In-situ OAM (IOAM) with IPv6
[    1.236599] sit: IPv6, IPv4 and MPLS over IPv4 tunneling driver
[    1.243723] NET: Registered PF_PACKET protocol family
[    1.248964] NET: Registered PF_KEY protocol family
[    1.254114] Key type dns_resolver registered
[    1.258812] ThumbEE CPU extension supported.
[    1.263298] Registering SWP/SWPB emulation handler
[    1.268768] omap_voltage_late_init: Voltage driver support not added
[    1.275795] SmartReflex Class3 initialized
[    1.352561] Loading compiled-in X.509 certificates
[    1.396361] /ocp/interconnect@44c00000/segment@200000/target-module@b000/i2c@0/tda19988@70: Fixed dependency cycle(s) with /ocp/interconnect@48000000/segment@300000/target-module@e000/lcdc@0
