Labgrid Console Logfile for main
Logfile started at 2025-10-13 14:59:49.049585
=== Log starts here ===
reading args
spl_load_image_fat_os: error reading image args, err - -1
reading u-boot.img
reading u-boot.img


U-Boot 2014.04-00014-g47880f5 (Apr 22 2014 - 13:23:54)

I2C:   ready
DRAM:  512 MiB
NAND:  0 MiB
MMC:   OMAP SD/MMC: 0, OMAP SD/MMC: 1
*** Warning - readenv() failed, using default environment

Net:   <ethaddr> not set. Validating first E-fuse MAC
cpsw, usb_ether
Hit any key to stop autoboot:  1  0 
gpio: pin 53 (gpio 53) value is 1
mmc0 is current device
gpio: pin 54 (gpio 54) value is 1
SD/MMC found on device 0
reading uEnv.txt
569 bytes read in 4 ms (138.7 KiB/s)
gpio: pin 55 (gpio 55) value is 1
Loaded environment from uEnv.txt
Importing environment from mmc ...
Checking if uenvcmd is set ...
gpio: pin 56 (gpio 56) value is 1
Running uenvcmd ...
cpsw Waiting for PHY auto negotiation to complete. done
link up on port 0, speed 100, full duplex
Using cpsw device
TFTP from server 192.168.255.126; our IP address is 192.168.255.1
Filename 'zImage'.
Load address: 0x81000000
Loading: *#################################################################
	 #################################################################
	 #################################################################
	 #################################################################
	 #################################################################
	 ###############################################################
	 2.4 MiB/s
done
Bytes transferred = 5683736 (56ba18 hex)
link up on port 0, speed 100, full duplex
Using cpsw device
TFTP from server 192.168.255.126; our IP address is 192.168.255.1
Filename 'am335x-boneblack.dtb'.
Load address: 0x82000000
Loading: *#######
	 2.4 MiB/s
done
Bytes transferred = 98148 (17f64 hex)
Kernel image @ 0x81000000 [ 0x000000 - 0x56ba18 ]
## Flattened Device Tree blob at 82000000
   Booting using the fdt blob at 0x82000000
   Using Device Tree in place at 82000000, end 8201af63

Starting kernel ...

[    0.000000] Booting Linux on physical CPU 0x0
[    0.000000] Linux version 6.18.0-rc1-next-20251013 (user01@drvtest01) (arm-none-eabi-gcc (Arm GNU Toolchain 14.2.Rel1 (Build arm-14.52)) 14.2.1 20241119, GNU ld (Arm GNU Toolchain 14.2.Rel1 (Build arm-14.52)) 2.43.1.20241119) #1 SMP Mon Oct 13 14:58:22 EEST 2025
[    0.000000] CPU: ARMv7 Processor [413fc082] revision 2 (ARMv7), cr=10c5387d
[    0.000000] CPU: PIPT / VIPT nonaliasing data cache, VIPT aliasing instruction cache
[    0.000000] OF: fdt: Machine model: TI AM335x BeagleBone Black
[    0.000000] Memory policy: Data cache writeback
[    0.000000] cma: Reserved 16 MiB at 0x9e800000
[    0.000000] Zone ranges:
[    0.000000]   Normal   [mem 0x0000000080000000-0x000000009fdfffff]
[    0.000000]   HighMem  empty
[    0.000000] Movable zone start for each node
[    0.000000] Early memory node ranges
[    0.000000]   node   0: [mem 0x0000000080000000-0x000000009fdfffff]
[    0.000000] Initmem setup node 0 [mem 0x0000000080000000-0x000000009fdfffff]
[    0.000000] On node 0, zone Normal: 512 pages in unavailable ranges
[    0.000000] OF: reserved mem: Reserved memory: No reserved-memory node in the DT
[    0.000000] CPU: All CPU(s) started in SVC mode.
[    0.000000] AM335X ES2.1 (sgx neon)
[    0.000000] percpu: Embedded 17 pages/cpu s39884 r8192 d21556 u69632
[    0.000000] Kernel command line: console=ttyO0,115200n8 root=/dev/nfs rw nfsroot=192.168.255.126:/home/user01/nfs,nfsvers=3 ip=192.168.255.1:192.168.255.126::255.255.255.0:bbb1:eth0 nfsrootdebug
[    0.000000] Unknown kernel command line parameters "nfsrootdebug", will be passed to user space.
[    0.000000] printk: log buffer data + meta data: 65536 + 204800 = 270336 bytes
[    0.000000] Dentry cache hash table entries: 65536 (order: 6, 262144 bytes, linear)
[    0.000000] Inode-cache hash table entries: 32768 (order: 5, 131072 bytes, linear)
[    0.000000] Built 1 zonelists, mobility grouping on.  Total pages: 130560
[    0.000000] mem auto-init: stack:off, heap alloc:off, heap free:off
[    0.000000] SLUB: HWalign=16, Order=0-3, MinObjects=0, CPUs=1, Nodes=1
[    0.000000] rcu: Hierarchical RCU implementation.
[    0.000000] rcu: 	RCU event tracing is enabled.
[    0.000000] rcu: 	RCU restricting CPUs from NR_CPUS=2 to nr_cpu_ids=1.
[    0.000000] 	Tracing variant of Tasks RCU enabled.
[    0.000000] rcu: RCU calculated value of scheduler-enlistment delay is 10 jiffies.
[    0.000000] rcu: Adjusting geometry for rcu_fanout_leaf=16, nr_cpu_ids=1
[    0.000000] RCU Tasks Trace: Setting shift to 0 and lim to 1 rcu_task_cb_adjust=1 rcu_task_cpu_ids=1.
[    0.000000] NR_IRQS: 16, nr_irqs: 16, preallocated irqs: 16
[    0.000000] IRQ: Found an INTC at 0x(ptrval) (revision 5.0) with 128 interrupts
[    0.000000] rcu: srcu_init: Setting srcu_struct sizes based on contention.
[    0.000000] TI gptimer clocksource: always-on /ocp/interconnect@44c00000/segment@200000/target-module@31000
[    0.000002] sched_clock: 32 bits at 24MHz, resolution 41ns, wraps every 89478484971ns
[    0.000025] clocksource: dmtimer: mask: 0xffffffff max_cycles: 0xffffffff, max_idle_ns: 79635851949 ns
[    0.000486] TI gptimer clockevent: 24000000 Hz at /ocp/interconnect@48000000/segment@0/target-module@40000
[    0.002052] Console: colour dummy device 80x30
[    0.002118] WARNING: Your 'console=ttyO0' has been replaced by 'ttyS0'
[    0.002126] This ensures that you still see kernel messages. Please
[    0.002130] update your kernel commandline.
[    0.002172] Calibrating delay loop... 996.14 BogoMIPS (lpj=4980736)
[    0.090537] CPU: Testing write buffer coherency: ok
[    0.090651] CPU0: Spectre v2: using BPIALL workaround
[    0.090661] pid_max: default: 32768 minimum: 301
[    0.090843] LSM: initializing lsm=capability
[    0.091008] Mount-cache hash table entries: 1024 (order: 0, 4096 bytes, linear)
[    0.091026] Mountpoint-cache hash table entries: 1024 (order: 0, 4096 bytes, linear)
[    0.092629] CPU0: thread -1, cpu 0, socket -1, mpidr 0
[    0.092688] cacheinfo: Unable to detect cache hierarchy for CPU 0
[    0.094688] Setting up static identity map for 0x80100000 - 0x80100078
[    0.095003] rcu: Hierarchical SRCU implementation.
[    0.095013] rcu: 	Max phase no-delay instances is 1000.
[    0.096689] smp: Bringing up secondary CPUs ...
[    0.096747] smp: Brought up 1 node, 1 CPU
[    0.096760] SMP: Total of 1 processors activated (996.14 BogoMIPS).
[    0.096771] CPU: All CPU(s) started in SVC mode.
[    0.096972] Memory: 480864K/522240K available (11264K kernel code, 1226K rwdata, 2952K rodata, 1024K init, 256K bss, 23336K reserved, 16384K cma-reserved, 0K highmem)
[    0.097790] devtmpfs: initialized
[    0.115163] VFP support v0.3: implementor 41 architecture 3 part 30 variant c rev 3
[    0.115816] clocksource: jiffies: mask: 0xffffffff max_cycles: 0xffffffff, max_idle_ns: 19112604462750000 ns
[    0.115872] posixtimers hash table entries: 512 (order: 0, 4096 bytes, linear)
[    0.115901] futex hash table entries: 256 (16384 bytes on 1 NUMA nodes, total 16 KiB, linear).
[    0.117037] pinctrl core: initialized pinctrl subsystem
[    0.119126] NET: Registered PF_NETLINK/PF_ROUTE protocol family
[    0.122203] DMA: preallocated 256 KiB pool for atomic coherent allocations
[    0.122798] audit: initializing netlink subsys (disabled)
[    0.124140] thermal_sys: Registered thermal governor 'fair_share'
[    0.124156] thermal_sys: Registered thermal governor 'step_wise'
[    0.124164] thermal_sys: Registered thermal governor 'user_space'
[    0.124271] audit: type=2000 audit(0.120:1): state=initialized audit_enabled=0 res=1
[    0.124338] cpuidle: using governor menu
[    0.142125] /ocp/interconnect@44c00000/segment@200000/target-module@b000/i2c@0/tda19988@70: Fixed dependency cycle(s) with /ocp/interconnect@48000000/segment@300000/target-module@e000/lcdc@0
[    0.143233] /ocp/interconnect@48000000/segment@300000/target-module@e000/lcdc@0: Fixed dependency cycle(s) with /ocp/interconnect@44c00000/segment@200000/target-module@b000/i2c@0/tda19988@70
[    0.145422] No ATAGs?
[    0.145460] hw-breakpoint: debug architecture 0x4 unsupported.
[    0.148537] kprobes: kprobe jump-optimization is enabled. All kprobes are optimized if possible.
[    0.154306] iommu: Default domain type: Translated
[    0.154330] iommu: DMA domain TLB invalidation policy: strict mode
[    0.161481] SCSI subsystem initialized
[    0.162339] pps_core: LinuxPPS API ver. 1 registered
[    0.162350] pps_core: Software ver. 5.3.6 - Copyright 2005-2007 Rodolfo Giometti <giometti@linux.it>
[    0.162374] PTP clock support registered
[    0.170868] vgaarb: loaded
[    0.171249] clocksource: Switched to clocksource dmtimer
[    0.171936] VFS: Disk quotas dquot_6.6.0
[    0.171997] VFS: Dquot-cache hash table entries: 1024 (order 0, 4096 bytes)
[    0.195487] NET: Registered PF_INET protocol family
[    0.195828] IP idents hash table entries: 8192 (order: 4, 65536 bytes, linear)
[    0.197268] tcp_listen_portaddr_hash hash table entries: 512 (order: 0, 4096 bytes, linear)
[    0.197304] Table-perturb hash table entries: 65536 (order: 6, 262144 bytes, linear)
[    0.197322] TCP established hash table entries: 4096 (order: 2, 16384 bytes, linear)
[    0.197366] TCP bind hash table entries: 4096 (order: 4, 65536 bytes, linear)
[    0.197466] TCP: Hash tables configured (established 4096 bind 4096)
[    0.197592] UDP hash table entries: 256 (order: 1, 14336 bytes, linear)
[    0.197625] UDP-Lite hash table entries: 256 (order: 1, 14336 bytes, linear)
[    0.197833] NET: Registered PF_UNIX/PF_LOCAL protocol family
[    0.202354] RPC: Registered named UNIX socket transport module.
[    0.202374] RPC: Registered udp transport module.
[    0.202379] RPC: Registered tcp transport module.
[    0.202384] RPC: Registered tcp-with-tls transport module.
[    0.202389] RPC: Registered tcp NFSv4.1 backchannel transport module.
[    0.202415] PCI: CLS 0 bytes, default 64
[    0.203821] Initialise system trusted keyrings
[    0.211846] workingset: timestamp_bits=14 max_order=17 bucket_order=3
[    0.213319] NFS: Registering the id_resolver key type
[    0.213378] Key type id_resolver registered
[    0.213384] Key type id_legacy registered
[    0.213501] jffs2: version 2.2. (NAND) (SUMMARY)  Â© 2001-2006 Red Hat, Inc.
[    0.213966] Key type asymmetric registered
[    0.213983] Asymmetric key parser 'x509' registered
[    0.214063] io scheduler mq-deadline registered
[    0.214073] io scheduler kyber registered
[    0.214160] io scheduler bfq registered
[    0.216019] target-module@4b000000:target-module@140000:pmu@0:fck: device ID is greater than 24
[    0.221561] ledtrig-cpu: registered to indicate activity on CPUs
[    0.231715] Serial: 8250/16550 driver, 6 ports, IRQ sharing enabled
[    0.266648] brd: module loaded
[    0.287037] loop: module loaded
[    0.287983] mtdoops: mtd device (mtddev=name/number) must be supplied
[    0.290989] i2c_dev: i2c /dev entries driver
[    0.292170] cpuidle: enable-method property 'ti,am3352' found operations
[    0.292621] sdhci: Secure Digital Host Controller Interface driver
[    0.292631] sdhci: Copyright(c) Pierre Ossman
[    0.292820] sdhci-pltfm: SDHCI platform and OF driver helper
[    0.301617] hw perfevents: enabled with armv7_cortex_a8 PMU driver, 5 (8000000f) counters available
[    0.302173] Initializing XFRM netlink socket
[    0.302346] NET: Registered PF_INET6 protocol family
[    0.304362] Segment Routing with IPv6
[    0.304441] In-situ OAM (IOAM) with IPv6
[    0.304536] sit: IPv6, IPv4 and MPLS over IPv4 tunneling driver
[    0.305505] NET: Registered PF_PACKET protocol family
[    0.305532] NET: Registered PF_KEY protocol family
[    0.305655] Key type dns_resolver registered
[    0.305888] ThumbEE CPU extension supported.
[    0.305909] Registering SWP/SWPB emulation handler
[    0.306434] omap_voltage_late_init: Voltage driver support not added
[    0.307094] SmartReflex Class3 initialized
[    0.343188] Loading compiled-in X.509 certificates
[    0.379614] /ocp/interconnect@44c00000/segment@200000/target-module@b000/i2c@0/tda19988@70: Fixed dependency cycle(s) with /ocp/interconnect@48000000/segment@300000/target-module@e000/lcdc@0
[    0.386201] /ocp/interconnect@44c00000/segment@200000/target-module@b000/i2c@0/tda19988@70: Fixed dependency cycle(s) with /ocp/interconnect@48000000/segment@300000/target-module@e000/lcdc@0
[    0.428925] /ocp/interconnect@44c00000/segment@200000/target-module@b000/i2c@0/tda19988@70: Fixed dependen cy cycle(s) with /ocp/interconnect@48000000/segment@300000/target-module@e000/lcdc@0
[    0.429809] /ocp/interconnect@44c00000/segment@200000/target-module@b000/i2c@0/tda19988@70: Fixed dependency cycle(s) with /ocp/interconnect@48000000/segment@300000/target-module@e000/lcdc@0
[    0.433616] /ocp/interconnect@44c00000/segment@200000/target-module@10000/scm@0/pinmux@800: Fixed dependency cycle(s) with /ocp/interconnect@44c00000/segment@200000/target-module@10000/scm@0/pinmux@800/clkout2-pins
[    0.434 203] pinctrl-single 44e10800.pinmux: 142 pins, size 568
[    0.439510] ti-sysc 44e31000.target-module: probe with driver ti-sysc failed with error -16
[    0.468937] /ocp/interconnect@48000000/segment@300000/target-module@e000/lcdc@0: Fixed dependency cycle(s) with /ocp/interconnect@44c00000/segment@200000/target-module@b000/i2c@0/tda19988@70
[    0.477282] ti-sysc 48040000.target-module: probe with driver ti-sysc failed with error -16
[    0.514003] OMAP GPIO hardware version 0.1
[    0.561856] omap_i2c 4819c000.i2c: bus 2 rev0.11 at 100 kHz
[    0.577919] 48000000.interconnect:segment@200000:target-module@0:mpu@0:fck: device ID is greater than 24
[    0.578810] /ocp/interconnect@48000000/segment@300000/target-module@e000/lcdc@0: Fixed dependency cycle(s) with /ocp/interconnect@44c00000/segment@200000/target-module@b000/i2c@0/tda19988@70
[    0.581976] /ocp/interconnect@48000000/segment@300000/target-module@e000/lcdc@0: Fixed dependency cycle(s) with /ocp/interconnect@44c00000/segment@200000/target-module@b000/i2c@0/tda19988@70
[    0.582765] /ocp/interconnect@44c00000/segment@200000/target-module@b000/i2c@0/tda19988@70: Fixed dependency cycle(s) with /ocp/interconnect@48000000/segment@300000/target-module@e000/lcdc@0
[    0.582957] /ocp/interconnect@48000000/segment@300000/target-module@e000/lcdc@0: Fixed dependency cycle(s) with /ocp/interconnect@44c00000/segment@200000/target-module@b000/i2c@0/tda19988@70
[    0.590635] sdhci-omap 481d8000.mmc: supply pbias not found, using dummy regulator
[    0.
[    2.442195] tps65217-pmic: Failed to locate of_node [id: -1]
[    2.448272] tps65217-bl: Failed to locate of_node [id: -1]
[    2.454302] platform tps65217-charger: DMA mask not set
[    2.460322] platform tps65217-pwrbutton: DMA mask not set
[    2.467612] tps65217 0-0024: TPS65217 ID 0xe version 1.2
[    2.473735] /ocp/interconnect@48000000/segment@300000/target-module@e000/lcdc@0: Fixed dependency cycle(s) with /ocp/interconnect@44c00000/segment@200000/target-module@b000/i2c@0/tda19988@70
[    2.491133] /ocp/interconnect@44c00000/segment@200000/target-module@b000/i2c@0/tda19988@70: Fixed dependency cycle(s) with /ocp/interconnect@48000000/segment@300000/target-module@e000/lcdc@0
[    2.508516] omap_i2c 44e0b000.i2c: bus 0 rev0.11 at 400 kHz
[    2.516523] omap_gpio 44e07000.gpio: Could not set line 6 debounce to 200000 microseconds (-22)
[    2.525401] sdhci-omap 48060000.mmc: Got CD GPIO
[    2.530411] sdhci-omap 48060000.mmc: supply pbias not found, using dummy regulator
[    2.540570] sdhci-omap 48060000.mmc: supply vqmmc not found, using dummy regulator
[    2.549394] sdhci-omap 481d8000.mmc: supply pbias not found, using dummy regulator
[    2.559282] sdhci-omap 481d8000.mmc: supply vqmmc not found, using dummy regulator
[    2.595005] mmc0: SDHCI controller on 48060000.mmc [48060000.mmc] using External DMA
[    2.603234] mmc1: SDHCI controller on 481d8000.mmc [481d8000.mmc] using External DMA
[    2.612061] cpsw-switch 4a100000.switch: starting ndev. mode: dual_mac
[    2.681543] mmc1: new high speed MMC card at address 0001
[    2.688341] mmcblk1: mmc1:0001 MMC04G 3.60 GiB
[    2.696214]  mmcblk1: p1 p2
[    2.699948] SMSC LAN8710/LAN8720 4a101000.mdio:00: attached PHY driver (mii_bus:phy_addr=4a101000.mdio:00, irq=POLL)
[    2.712626] mmcblk1boot0: mmc1:0001 MMC04G 2.00 MiB
[    2.726518] mmcblk1boot1: mmc1:0001 MMC04G 2.00 MiB
[    2.735477] mmcblk1rpmb: mmc1:0001 MMC04G 128 KiB, chardev (249:0)
[    2.784773] mmc0: new high speed SDHC card at address aaaa
[    2.791709] mmcblk0: mmc0:aaaa SE32G 29.7 GiB
[    2.800779]  mmcblk0: p1 p2
[    5.842028] cpsw-switch 4a100000.switch eth0: Link is Up - 100Mbps/Full - flow control off
[    5.881490] IP-Config: Complete:
[    5.884768]      device=eth0, hwaddr=6c:ec:eb:68:de:78, ipaddr=192.168.255.1, mask=255.255.255.0, gw=255.255.255.255
[    5.895442]      host=bbb1, domain=, nis-domain=(none)
[    5.900610]      bootserver=192.168.255.126, rootserver=192.168.255.126, rootpath=
[    5.901051] clk: Disabling unused clocks
[    5.912894] PM: genpd: Disabling unused power domains
[    5.918043] KTAP version 1
[    5.920764] 1..0
[    5.923258] check access for rdinit=/init failed: -2, ignoring
[    5.958399] VFS: Mounted root (nfs filesystem) on device 0:17.
[    5.965633] devtmpfs: mounted
[    5.970108] Freeing unused kernel image (initmem) memory: 1024K
[    5.976900] Run /sbin/init as init process
[    6.659890] systemd[1]: System time before build time, advancing clock.
[    8.181271] random: crng init done
[    8.214075] systemd[1]: systemd 232 running in system mode. (+PAM +AUDIT +SELINUX +IMA +APPARMOR +SMACK +SYSVINIT +UTMP +LIBCRYPTSETUP +GCRYPT +GNUTLS +ACL +XZ +LZ4 +SECCOMP +BLKID +ELFUTILS +KMOD +IDN)
[    8.233212] systemd[1]: Detected architecture arm.

Welcome to [1mDebian GNU/Linux 9 (stretch)[0m!

[    8.264575] systemd[1]: Set hostname to <arm>.
[    9.384925] systemd[1]: Listening on Journal Audit Socket.
[[0;32m  OK  [0m] Listening on Journal Audit Socket.
[    9.413072] systemd[1]: syslog.socket: SO_PASSSEC failed: Operation not supported
[    9.420810] systemd[1]: Listening on Syslog Socket.
[[0;32m  OK  [0m] Listening on Syslog Socket.
[    9.443302] systemd[1]: Listening on udev Control Socket.
[[0;32m  OK  [0m] Listening on udev Control Socket.
[    9.471688] systemd[1]: Reached target Swap.
[[0;32m  OK  [0m] Reached target Swap.
[    9.491770] systemd[1]: Reached target Remote File Systems.
[[0;32m  OK  [0m] Reached target Remote File Systems.
[    9.521861] systemd[1]: systemd-journald.socket: SO_PASSSEC failed: Operation not supported
[[0;32m  OK  [0m] Listening on Journal Socket.
[[0;32m  OK  [0m] Listening on /dev/initctl Compatibility Named Pipe.
[[0;32m  OK  [0m] Created slice System Slice.
         Starting Create list of required stâ€¦ce nodes for the current kernel...
[[0;32m  OK  [0m] Created slice system-serial\x2dgetty.slice.
         Mounting Debug File System...
[[0;32m  OK  [0m] Listening on Journal Socket (/dev/log).
[[0;32m  OK  [0m] Started Dispatch Password Requests to Console Directory Watch.
         Starting Journal Service...
         Starting Remount Root and Kernel File Systems...
[[0;32m  OK  [0m] Started Forward Password Requests to Wall Directory Watch.
[[0;32m  OK  [0m] Reached target Paths.
[[0;32m  OK  [0m] Created slice system-getty.slice.
         Mounting POSIX Message Queue File System...
[[0;32m  OK  [0m] Listening on udev Kernel Socket.
[[0;32m  OK  [0m] Created slice User and Session Slice.
[[0;32m  OK  [0m] Reached target Slices.
         Starting Load Kernel Modules...
[[0;32m  OK  [0m] Reached target Encrypted Volumes.
[[0;32m  OK  [0m] Set up automount Arbitrary Executabâ€¦rmats File System Automount Point.
[[0;32m  OK  [0m] Mounted POSIX Message Queue File System.
[[0;32m  OK  [0m] Mounted Debug File System.
[[0;32m  OK  [0m] Started Create list of required staâ€¦vice nodes for the current kernel.
[[0;32m  OK  [0m] Started Remount Root and Kernel File Systems.
         Starting Load/Save Random Seed...
         Starting udev Coldplug all Devices...
         Starting Create Static Device Nodes in /dev...
[[0;32m  OK  [0m] Started Load Kernel Modules.
         Mounting Configuration File System...
         Starting Apply Kernel Variables...
[[0;32m  OK  [0m] Started Load/Save Random Seed.
[[0;32m  OK  [0m] Mounted Configuration File System.
[[0;32m  OK  [0m] Started Apply Kernel Variables.
[[0;32m  OK  [0m] Started Journal Service.
         Starting Flush Journal to Persistent Storage...
[[0;32m  OK  [0m] Started Create Static Device Nodes in /dev.
         Starting udev Kernel Device Manager...
[[0;32m  OK  [0m] Reached target Local File Systems (Pre).
[[0;32m  OK  [0m] Reached target Local File Systems.
         Starting Raise network interfaces...
[   11.463466] systemd-journald[84]: Received request to flush runtime journal from PID 1
[[0;32m  OK  [0m] Started Flush Journal to Persistent Storage.
         Starting Create Volatile Files and Directories...
[[0;32m  OK  [0m] Started udev Kernel Device Manager.
[   12.641692] omap_prm 44e00d00.prm: sync_state() pending due to 44d00000.cpu
[[0;32m  OK  [0m] Started Create Volatile Files and Directories.
         Starting Network Time Synchronization...
         Starting Update UTMP about System Boot/Shutdown...
[[0;32m  OK  [0m] Started Update UTMP about System Boot/Shutdown.
[[0;32m  OK  [0m] Started Network Time Synchronization.
[[0;32m  OK  [0m] Reached target System Time Synchronized.
[[0;32m  OK  [0m] Started udev Coldplug all Devices.
[[0;32m  OK  [0m] Reached target System Initialization.
[[0;32m  OK  [0m] Started Daily Cleanup of Temporary Directories.
[[0;32m  OK  [0m] Started Daily apt download activities.
[[0;32m  OK  [0m] Started Daily apt upgrade and clean activities.
[[0;32m  OK  [0m] Reached target Timers.
[[0;32m  OK  [0m] Listening on D-Bus System Message Bus Socket.
[[0;32m  OK  [0m] Listening on Avahi mDNS/DNS-SD Stack Activation Socket.
[[0;32m  OK  [0m] Reached target Sockets.
[[0;32m  OK  [0m] Reached target Basic System.
         Starting Login Service...
         Starting Cape Manager Service...
[[0;32m  OK  [0m] Started D-Bus System Message Bus.[   15.278115] remoteproc remoteproc0: wkup_m3 is available

[   15.438919] am335x-phy-driver 47401300.usb-phy: dummy supplies not allowed for exclusive requests (id=vbus)
[   15.490696] at24 2-0054: supply vcc not found, using dummy regulator
[   15.574067] omap_wdt: OMAP Watchdog Timer Rev 0x01: initial timeout 60 sec
[   15.617531] at24 2-0055: supply vcc not found, using dummy regulator
[   15.718751] at24 2-0056: supply vcc not found, using dummy regulator
[   15.785381] am335x-phy-driver 47401b00.usb-phy: dummy supplies not allowed for exclusive requests (id=vbus)
[   15.838930] at24 2-0057: supply vcc not found, using dummy regulator
[   15.956155] input: tps65217_pwrbutton as /devices/platform/ocp/44c00000.interconnect/44c00000.interconnect:segment@200000/44e0b000.target-module/44e0b000.i2c/i2c-0/0-0024/tps65217-pwrbutton/input/input0
[   16.012233] at24 0-0050: 32768 byte 24c256 EEPROM, writable, 1 bytes/write
[   16.343683] omap_rtc 44e3e000.rtc: registered as rtc0
[   16.348866] omap_rtc 44e3e000.rtc: setting system clock to 2000-01-01T00:00:00 UTC (946684800)
[   17.237120] usbcore: registered new interface driver usbfs
[   17.243010] usbcore: registered new interface driver hub
[   17.248454] usbcore: registered new device driver usb
[   17.948498] omap-mailbox 480c8000.mailbox: omap mailbox rev 0x400
[   17.980386] musb-hdrc musb-hdrc.1: MUSB HDRC host driver
[   17.986036] musb-hdrc musb-hdrc.1: new USB bus registered, assigned bus number 1
[   18.053361] remoteproc remoteproc0: powering up wkup_m3
[   18.125003] tda998x 0-0070: found TDA19988
[   18.212636] remoteproc remoteproc0: Direct firmware load for am335x-pm-firmware.elf failed with error -2
[   18.222390] remoteproc remoteproc0: request_firmware failed: -2
[   18.228357] wkup_m3_ipc 44e11324.wkup_m3_ipc: rproc_boot failed
[   18.262176] usb usb1: New USB device found, idVendor=1d6b, idProduct=0002, bcdDevice= 6.18
[   18.270816] usb usb1: New USB device strings: Mfr=3, Product=2, SerialNumber=1
[   18.278189] usb usb1: Product: MUSB HDRC host driver
[   18.283218] usb usb1: Manufacturer: Linux 6.18.0-rc1-next-20251013 musb-hcd
[   18.290219] usb usb1: SerialNumber: musb-hdrc.1
[   18.586068] hub 1-0:1.0: USB hub found
[   18.596301] hub 1-0:1.0: 1 port detected
         Starting Connection service...
         Starting Telephony service...
         Starting DUN service...
         Starting System Logging Service...
         Starting LSB: Start busybox udhcpd at boot time...
[[0;32m  OK  [0m] Started Regular background program processing daemon.
         Starting Generic Board Startup...
         Starting Avahi mDNS/DNS-SD Stack...
[   20.799720] tilcdc 4830e000.lcdc: bound 0-0070 (ops tda998x_audio_codec_init [tda998x])
         Starting LSB: Load kernel modules needed to enable cpufreq scaling...
[   20.973200] [drm] Initialized tilcdc 1.0.0 for 4830e000.lcdc on minor 0
[   21.044451] omap_rng 48310000.rng: Random Number Generator ver. 20
[   21.085012] tilcdc 4830e000.lcdc: [drm] Cannot find any crtc or sizes
[[0;32m  OK  [0m] Started Cape Manager Service.
[   21.206370] tilcdc 4830e000.lcdc: [drm] Cannot find any crtc or sizes
[[0;32m  OK  [0m] Found device /dev/ttyS0.
[   22.335600] PM: Cannot get wkup_m3_ipc handle
[   22.395407] omap-sham 53100000.sham: hw accel on OMAP rev 4.3
[   22.551058] omap-sham 53100000.sham: will run requests pump with realtime priority
[   22.566613] PM: Cannot get wkup_m3_ipc handle
[[0;32m  OK  [0m] Started System Logging Service.
[   22.655794] omap-aes 53500000.aes: OMAP AES hw accel rev: 3.2
[   22.813099] omap-aes 53500000.aes: will run requests pump with realtime priority
[   22.823752] PM: Cannot get wkup_m3_ipc handle
[   23.932560] Bluetooth: Core ver 2.22
[   23.936386] NET: Registered PF_BLUETOOTH protocol family
[   23.941930] Bluetooth: HCI device and connection manager initialized
[   23.948351] Bluetooth: HCI socket layer initialized
[   23.953351] Bluetooth: L2CAP socket layer initialized
[   23.958468] Bluetooth: SCO socket layer initialized
[   24.166515] ------------[ cut here ]------------
[   24.171209] WARNING: net/8021q/vlan_core.c:236 at vlan_for_each+0x114/0x134, CPU#0: avahi-daemon/291
[   24.180589] RTNL: assertion failed at net/8021q/vlan_core.c (236)
[   24.186747] Modules linked in: bluetooth snd_soc_simple_card ecdh_generic omap_aes_driver snd_soc_simple_card_utils ecc omap_crypto omap_sham pm33xx libaes crypto_engine ti_emif_sram omap_rng rng_core tilcdc drm_dma_helper drm_client_lib snd_soc_davinci_mcasp snd_soc_ti_udma snd_soc_ti_edma snd_soc_ti_sdma snd_soc_core snd_pcm_dmaengine snd_pcm omap_mailbox snd_timer musb_dsps tda998x musb_hdrc snd cec udc_core soundcore drm_kms_helper usbcore drm wkup_m3_ipc rtc_omap drm_panel_orientation_quirks tps65218_pwrbutton omap_wdt at24 phy_am335x watchdog phy_am335x_control wkup_m3_rproc phy_generic usb_common cppi41 leds_gpio led_class cpufreq_dt autofs4
[   24.244815] CPU: 0 UID: 107 PID: 291 Comm: avahi-daemon Not tainted 6.18.0-rc1-next-20251013 #1 NONE 
[   24.244833] Hardware name: Generic AM33XX (Flattened Device Tree)
[   24.244842] Call trace: 
[   24.244857]  unwind_backtrace from show_stack+0x10/0x14
[   24.244895]  show_stack from dump_stack_lvl+0x50/0x64
[   24.244921]  dump_stack_lvl from __warn+0x88/0x148
[   24.244940]  __warn from warn_slowpath_fmt+0x19c/0x1b0
[   24.244954]  warn_slowpath_fmt from vlan_for_each+0x114/0x134
[   24.244975]  vlan_for_each from cpsw_add_mc_addr+0x40/0xa4
[   24.245001]  cpsw_add_mc_addr from __hw_addr_ref_sync_dev+0x108/0x140
[   24.245031]  __hw_addr_ref_sync_dev from __dev_mc_add+0x7c/0x80
[   24.245053]  __dev_mc_add from igmp6_group_added+0xc8/0xe0
[   24.245083]  igmp6_group_added from __ipv6_dev_mc_inc+0x218/0x364
[   24.245102]  __ipv6_dev_mc_inc from __ipv6_sock_mc_join+0x11c/0x1c0
[   24.245120]  __ipv6_sock_mc_join from do_ipv6_setsockopt+0x1214/0x1310
[   24.245153]  do_ipv6_setsockopt from ipv6_setsockopt+0x60/0xcc
[   24.245175]  ipv6_setsockopt from udpv6_setsockopt+0x2c/0x6c
[   24.245193]  udpv6_setsockopt from sock_common_setsockopt+0x30/0x40
[   24.245222]  sock_common_setsockopt from do_sock_setsockopt+0x50/0x9c
[   24.245243]  do_sock_setsockopt from __sys_setsockopt+0x70/0xbc
[   24.245263]  __sys_setsockopt from ret_fast_syscall+0x0/0x58
[   24.245280] Exception stack(0xe0199fa8 to 0xe0199ff0)
[   24.245294] 9fa0:                   00000014 b6f2fce8 0000000d 00000029 00000014 be9889ec
[   24.245306] 9fc0: 00000014 b6f2fce8 00000014 00000126 0000000d b6ed8ff4 004ae988 00496558
[   24.245315] 9fe0: b6eee088 be9889d8 b6ecb309 b6da241a
[   24.245322] ---[ end trace 0000000000000000 ]---
[   26.117980] gpio-537 (nxp,calib): gpiod_direction_output_nonotify: tried to set a GPIO tied to an IRQ as output
[   26.156345] PM: Cannot get wkup_m3_ipc handle
[   26.317895] PM: Cannot get wkup_m3_ipc handle
[   26.448046] tda9950 0-0034: TDA9950 CEC interface, hardware version 3.3
[   26.545636] PM: Cannot get wkup_m3_ipc handle
[[0;32m  OK  [0m] Started LSB: Start busybox udhcpd at boot time.
[[0;32m  OK  [0m] Started Raise network interfaces.
[[0;32m  OK  [0m] Started LSB: Load kernel modules needed to enable cpufreq scaling.
[[0;32m  OK  [0m] Started DUN service.
[   29.723113] configfs-gadget.g_multi gadget.0: HOST MAC 1c:ba:8c:a2:ed:6c
[   29.723139] configfs-gadget.g_multi gadget.0: MAC 1c:ba:8c:a2:ed:70
[   29.724068] configfs-gadget.g_multi gadget.0: HOST MAC 1c:ba:8c:a2:ed:6c
[   29.724088] configfs-gadget.g_multi gadget.0: MAC 1c:ba:8c:a2:ed:6d
[   29.725897] PM: Cannot get wkup_m3_ipc handle
[[0;32m  OK  [0m] Started Telephony service.
[[0;32m  OK  [0m] Started Connection service.
[[0;32m  OK  [0m] Started Avahi mDNS/DNS-SD Stack.
[[0;32m  OK  [0m] Started Login Service.
         Starting Hostname Service...
         Starting WPA supplicant...
[[0;32m  OK  [0m] Reached target Sound Card.
         Starting LSB: set CPUFreq kernel parameters...
[[0;32m  OK  [0m] Started WPA supplicant.
[[0;32m  OK  [0m] Started Hostname Service.
[[0;32m  OK  [0m] Reached target Network.
         Starting Permit User Sessions...
         Starting OpenBSD Secure Shell server...
[[0;32m  OK  [0m] Reached target Network is Online.
         Starting LSB: Advanced IEEE 802.11 management daemon...
         Starting The Apache HTTP Server...
[[0;32m  OK  [0m] Started Permit User Sessions.
[[0;32m  OK  [0m] Started LSB: set CPUFreq kernel parameters.
[[0;32m  OK  [0m] Started LSB: Advanced IEEE 802.11 management daemon.
[[0;32m  OK  [0m] Started Getty on tty1.
[[0;32m  OK  [0m] Started Serial Getty on ttyS0.
[[0;32m  OK  [0m] Reached target Login Prompts.
         Stopping LSB: Start busybox udhcpd at boot time...
[[0;32m  OK  [0m] Started OpenBSD Secure Shell server.
[[0;32m  OK  [0m] Stopped LSB: Start busybox udhcpd at boot time.
         Starting dnsmasq - A lightweight DHCP and caching DNS server...
[[0;32m  OK  [0m] Started The Apache HTTP Server.
[[0;32m  OK  [0m] Started dnsmasq - A lightweight DHCP and caching DNS server.
[[0;32m  OK  [0m] Reached target Host and Network Name Lookups.
[[0;32m  OK  [0m] Started Serial Getty on ttyGS0.
[[0;32m  OK  [0m] Started Generic Board Startup.
[[0;32m  OK  [0m] Reached target Multi-User System.
[[0;32m  OK  [0m] Reached target Graphical Interface.
         Starting Update UTMP about System Runlevel Changes...
[[0;32m  OK  [0m] Started Update UTMP about System Runlevel Changes.

Debian GNU/Linux 9 arm ttyS0

default username:password is [debian:temppwd]

arm login: root
Password: 
Last login: Sat Jan  1 00:00:39 UTC 2000 on ttyS0
root
Linux arm 6.18.0-rc1-next-20251013 #1 SMP Mon Oct 13 14:58:22 EEST 2025 armv7l

The programs included with the Debian GNU/Linux system are free software;
the exact distribution terms for each program are described in the
individual files in /usr/share/doc/*/copyright.

Debian GNU/Linux comes with ABSOLUTELY NO WARRANTY, to the extent
permitted by applicable law.
root@arm:~# root
dmesg -n 1
-bash: root: command not found
root@arm:~# dmesg -n 1
root@arm:~# echo 'GZUX''QCEXHG'
GZUXQCEXHG
root@arm:~# run() { echo -n "$MARKER"; sh -c "$@"; echo "$MARKER $?"; }
root@arm:~# echo 'XXYM''TBPMJO'
XXYMTBPMJO
root@arm:~# MARKER='UBGQ''ASBPPG' run 'cat /proc/version'
UBGQASBPPGLinux version 6.18.0-rc1-next-20251013 (user01@drvtest01) (arm-none-eabi-gcc (Arm GNU Toolchain 14.2.Rel1 (Build arm-14.52)) 14.2.1 20241119, GNU ld (Arm GNU Toolchain 14.2.Rel1 (Build arm-14.52)) 2.43.1.20241119) #1 SMP Mon Oct 13 14:58:22 EEST 2025
UBGQASBPPG 0
root@arm:~# echo 'TNXO''AEXOSB'
TNXOAEXOSB
root@arm:~# MARKER='HJSQ''XKVGEF' run false
HJSQXKVGEFHJSQXKVGEF 1
root@arm:~# Labgrid Console Logfile for main
Logfile started at 2025-10-13 15:01:01.756832
=== Log starts here ===

root@arm:~# run() { echo -n "$MARKER"; sh -c "$@"; echo "$MARKER $?"; }
root@arm:~# echo 'BXXG''OFXJXY'
BXXGOFXJXY
root@arm:~# MARKER='GQYQ''SFNVGG' run 'ls /iio_generic_buffer; echo $?'
GQYQSFNVGG/iio_generic_buffer
0
GQYQSFNVGG 0
root@arm:~# Labgrid Console Logfile for main
Logfile started at 2025-10-13 15:01:05.134370
=== Log starts here ===

root@arm:~# run() { echo -n "$MARKER"; sh -c "$@"; echo "$MARKER $?"; }
root@arm:~# echo 'FVBW''JVFMLE'
FVBWJVFMLE
root@arm:~# MARKER='AJXG''TMLXXB' run dmesg
AJXGTMLXXB[    0.000000] Booting Linux on physical CPU 0x0
[    0.000000] Linux version 6.18.0-rc1-next-20251013 (user01@drvtest01) (arm-none-eabi-gcc (Arm GNU Toolchain 14.2.Rel1 (Build arm-14.52)) 14.2.1 20241119, GNU ld (Arm GNU Toolchain 14.2.Rel1 (Build arm-14.52)) 2.43.1.20241119) #1 SMP Mon Oct 13 14:58:22 EEST 2025
[    0.000000] CPU: ARMv7 Processor [413fc082] revision 2 (ARMv7), cr=10c5387d
[    0.000000] CPU: PIPT / VIPT nonaliasing data cache, VIPT aliasing instruction cache
[    0.000000] OF: fdt: Machine model: TI AM335x BeagleBone Black
[    0.000000] Memory policy: Data cache writeback
[    0.000000] cma: Reserved 16 MiB at 0x9e800000
[    0.000000] Zone ranges:
[    0.000000]   Normal   [mem 0x0000000080000000-0x000000009fdfffff]
[    0.000000]   HighMem  empty
[    0.000000] Movable zone start for each node
[    0.000000] Early memory node ranges
[    0.000000]   node   0: [mem 0x0000000080000000-0x000000009fdfffff]
[    0.000000] Initmem setup node 0 [mem 0x0000000080000000-0x000000009fdfffff]
[    0.000000] On node 0, zone Normal: 512 pages in unavailable ranges
[    0.000000] OF: reserved mem: Reserved memory: No reserved-memory node in the DT
[    0.000000] CPU: All CPU(s) started in SVC mode.
[    0.000000] AM335X ES2.1 (sgx neon)
[    0.000000] percpu: Embedded 17 pages/cpu s39884 r8192 d21556 u69632
[    0.000000] pcpu-alloc: s39884 r8192 d21556 u69632 alloc=17*4096
[    0.000000] pcpu-alloc: [0] 0 
[    0.000000] Kernel command line: console=ttyO0,115200n8 root=/dev/nfs rw nfsroot=192.168.255.126:/home/user01/nfs,nfsvers=3 ip=192.168.255.1:192.168.255.126::255.255.255.0:bbb1:eth0 nfsrootdebug
[    0.000000] Unknown kernel command line parameters "nfsrootdebug", will be passed to user space.
[    0.000000] printk: log buffer data + meta data: 65536 + 204800 = 270336 bytes
[    0.000000] Dentry cache hash table entries: 65536 (order: 6, 262144 bytes, linear)
[    0.000000] Inode-cache hash table entries: 32768 (order: 5, 131072 bytes, linear)
[    0.000000] Built 1 zonelists, mobility grouping on.  Total pages: 130560
[    0.000000] mem auto-init: stack:off, heap alloc:off, heap free:off
[    0.000000] SLUB: HWalign=16, Order=0-3, MinObjects=0, CPUs=1, Nodes=1
[    0.000000] rcu: Hierarchical RCU implementation.
[    0.000000] rcu: 	RCU event tracing is enabled.
[    0.000000] rcu: 	RCU restricting CPUs from NR_CPUS=2 to nr_cpu_ids=1.
[    0.000000] 	Tracing variant of Tasks RCU enabled.
[    0.000000] rcu: RCU calculated value of scheduler-enlistment delay is 10 jiffies.
[    0.000000] rcu: Adjusting geometry for rcu_fanout_leaf=16, nr_cpu_ids=1
[    0.000000] RCU Tasks Trace: Setting shift to 0 and lim to 1 rcu_task_cb_adjust=1 rcu_task_cpu_ids=1.
[    0.000000] NR_IRQS: 16, nr_irqs: 16, preallocated irqs: 16
[    0.000000] IRQ: Found an INTC at 0x(ptrval) (revision 5.0) with 128 interrupts
[    0.000000] rcu: srcu_init: Setting srcu_struct sizes based on contention.
[    0.000000] TI gptimer clocksource: always-on /ocp/interconnect@44c00000/segment@200000/target-module@31000
[    0.000002] sched_clock: 32 bits at 24MHz, resolution 41ns, wraps every 89478484971ns
[    0.000025] clocksource: dmtimer: mask: 0xffffffff max_cycles: 0xffffffff, max_idle_ns: 79635851949 ns
[    0.000486] TI gptimer clockevent: 24000000 Hz at /ocp/interconnect@48000000/segment@0/target-module@40000
[    0.002052] Console: colour dummy device 80x30
[    0.002118] WARNING: Your 'console=ttyO0' has been replaced by 'ttyS0'
[    0.002126] This ensures that you still see kernel messages. Please
[    0.002130] update your kernel commandline.
[    0.002172] Calibrating delay loop... 996.14 BogoMIPS (lpj=4980736)
[    0.090537] CPU: Testing write buffer coherency: ok
[    0.090651] CPU0: Spectre v2: using BPIALL workaround
[    0.090661] pid_max: default: 32768 minimum: 301
[    0.090843] LSM: initializing lsm=capability
[    0.091008] Mount-cache hash table entries: 1024 (order: 0, 4096 bytes, linear)
[    0.091026] Mountpoint-cache hash table entries: 1024 (order: 0, 4096 bytes, linear)
[    0.092629] CPU0: thread -1, cpu 0, socket -1, mpidr 0
[    0.092688] cacheinfo: Unable to detect cache hierarchy for CPU 0
[    0.094688] Setting up static identity map for 0x80100000 - 0x80100078
[    0.095003] rcu: Hierarchical SRCU implementation.
[    0.095013] rcu: 	Max phase no-delay instances is 1000.
[    0.096689] smp: Bringing up secondary CPUs ...
[    0.096747] smp: Brought up 1 node, 1 CPU
[    0.096760] SMP: Total of 1 processors activated (996.14 BogoMIPS).
[    0.096771] CPU: All CPU(s) started in SVC mode.
[    0.096972] Memory: 480864K/522240K available (11264K kernel code, 1226K rwdata, 2952K rodata, 1024K init, 256K bss, 23336K reserved, 16384K cma-reserved, 0K highmem)
[    0.097790] devtmpfs: initialized
[    0.115163] VFP support v0.3: implementor 41 architecture 3 part 30 variant c rev 3
[    0.115816] clocksource: jiffies: mask: 0xffffffff max_cycles: 0xffffffff, max_idle_ns: 19112604462750000 ns
[    0.115872] posixtimers hash table entries: 512 (order: 0, 4096 bytes, linear)
[    0.115901] futex hash table entries: 256 (16384 bytes on 1 NUMA nodes, total 16 KiB, linear).
[    0.117037] pinctrl core: initialized pinctrl subsystem
[    0.119126] NET: Registered PF_NETLINK/PF_ROUTE protocol family
[    0.122203] DMA: preallocated 256 KiB pool for atomic coherent allocations
[    0.122798] audit: initializing netlink subsys (disabled)
[    0.124140] thermal_sys: Registered thermal governor 'fair_share'
[    0.124156] thermal_sys: Registered thermal governor 'step_wise'
[    0.124164] thermal_sys: Registered thermal governor 'user_space'
[    0.124271] audit: type=2000 audit(0.120:1): state=initialized audit_enabled=0 res=1
[    0.124338] cpuidle: using governor menu
[    0.142125] /ocp/interconnect@44c00000/segment@200000/target-module@b000/i2c@0/tda19988@70: Fixed dependency cycle(s) with /ocp/interconnect@48000000/segment@300000/target-module@e000/lcdc@0
[    0.143233] /ocp/interconnect@48000000/segment@300000/target-module@e000/lcdc@0: Fixed dependency cycle(s) with /ocp/interconnect@44c00000/segment@200000/target-module@b000/i2c@0/tda19988@70
[    0.145422] No ATAGs?
[    0.145460] hw-breakpoint: debug architecture 0x4 unsupported.
[    0.148537] kprobes: kprobe jump-optimization is enabled. All kprobes are optimized if possible.
[    0.154306] iommu: Default domain type: Translated
[    0.154330] iommu: DMA domain TLB invalidation policy: strict mode
[    0.155883] reg-fixed-voltage fixedregulator0: using DT '/fixedregulator0' for '(default)' GPIO lookup
[    0.155938] of_get_named_gpiod_flags: can't parse 'gpios' property of node '/fixedregulator0[0]'
[    0.155965] of_get_named_gpiod_flags: can't parse 'gpio' property of node '/fixedregulator0[0]'
[    0.155984] reg-fixed-voltage fixedregulator0: using lookup tables for GPIO lookup
[    0.155994] reg-fixed-voltage fixedregulator0: No GPIO consumer (default) found
[    0.161481] SCSI subsystem initialized
[    0.161953] libata version 3.00 loaded.
[    0.162339] pps_core: LinuxPPS API ver. 1 registered
[    0.162350] pps_core: Software ver. 5.3.6 - Copyright 2005-2007 Rodolfo Giometti <giometti@linux.it>
[    0.162374] PTP clock support registered
[    0.170868] vgaarb: loaded
[    0.171249] clocksource: Switched to clocksource dmtimer
[    0.171936] VFS: Disk quotas dquot_6.6.0
[    0.171997] VFS: Dquot-cache hash table entries: 1024 (order 0, 4096 bytes)
[    0.195487] NET: Registered PF_INET protocol family
[    0.195828] IP idents hash table entries: 8192 (order: 4, 65536 bytes, linear)
[    0.197268] tcp_listen_portaddr_hash hash table entries: 512 (order: 0, 4096 bytes, linear)
[    0.197304] Table-perturb hash table entries: 65536 (order: 6, 262144 bytes, linear)
[    0.197322] TCP established hash table entries: 4096 (order: 2, 16384 bytes, linear)
[    0.197366] TCP bind hash table entries: 4096 (order: 4, 65536 bytes, linear)
[    0.197466] TCP: Hash tables configured (established 4096 bind 4096)
[    0.197592] UDP hash table entries: 256 (order: 1, 14336 bytes, linear)
[    0.197625] UDP-Lite hash table entries: 256 (order: 1, 14336 bytes, linear)
[    0.197833] NET: Registered PF_UNIX/PF_LOCAL protocol family
[    0.202354] RPC: Registered named UNIX socket transport module.
[    0.202374] RPC: Registered udp transport module.
[    0.202379] RPC: Registered tcp transport module.
[    0.202384] RPC: Registered tcp-with-tls transport module.
[    0.202389] RPC: Registered tcp NFSv4.1 backchannel transport module.
[    0.202415] PCI: CLS 0 bytes, default 64
[    0.203821] Initialise system trusted keyrings
[    0.211846] workingset: timestamp_bits=14 max_order=17 bucket_order=3
[    0.213319] NFS: Registering the id_resolver key type
[    0.213378] Key type id_resolver registered
[    0.213384] Key type id_legacy registered
[    0.213501] jffs2: version 2.2. (NAND) (SUMMARY)  Â© 2001-2006 Red Hat, Inc.
[    0.213966] Key type asymmetric registered
[    0.213983] Asymmetric key parser 'x509' registered
[    0.214063] io scheduler mq-deadline registered
[    0.214073] io scheduler kyber registered
[    0.214160] io scheduler bfq registered
[    0.216019] target-module@4b000000:target-module@140000:pmu@0:fck: device ID is greater than 24
[    0.221561] ledtrig-cpu: registered to indicate activity on CPUs
[    0.231715] Serial: 8250/16550 driver, 6 ports, IRQ sharing enabled
[    0.266648] brd: module loaded
[    0.287037] loop: module loaded
[    0.287983] mtdoops: mtd device (mtddev=name/number) must be supplied
[    0.289544] mdio_bus fixed-0: using lookup tables for GPIO lookup
[    0.289569] mdio_bus fixed-0: No GPIO consumer reset found
[    0.290989] i2c_dev: i2c /dev entries driver
[    0.292170] cpuidle: enable-method property 'ti,am3352' found operations
[    0.292621] sdhci: Secure Digital Host Controller Interface driver
[    0.292631] sdhci: Copyright(c) Pierre Ossman
[    0.292820] sdhci-pltfm: SDHCI platform and OF driver helper
[    0.301617] hw perfevents: enabled with armv7_cortex_a8 PMU driver, 5 (8000000f) counters available
[    0.302173] Initializing XFRM netlink socket
[    0.302346] NET: Registered PF_INET6 protocol family
[    0.304362] Segment Routing with IPv6
[    0.304441] In-situ OAM (IOAM) with IPv6
[    0.304536] sit: IPv6, IPv4 and MPLS over IPv4 tunneling driver
[    0.305505] NET: Registered PF_PACKET protocol family
[    0.305532] NET: Registered PF_KEY protocol family
[    0.305655] Key type dns_resolver registered
[    0.305888] ThumbEE CPU extension supported.
[    0.305909] Registering SWP/SWPB emulation handler
[    0.306434] omap_voltage_late_init: Voltage driver support not added
[    0.307094] SmartReflex Class3 initialized
[    0.343188] Loading compiled-in X.509 certificates
[    0.379614] /ocp/interconnect@44c00000/segment@200000/target-module@b000/i2c@0/tda19988@70: Fixed dependency cycle(s) with /ocp/interconnect@48000000/segment@300000/target-module@e000/lcdc@0
[    0.386201] /ocp/interconnect@44c00000/segment@200000/target-module@b000/i2c@0/tda19988@70: Fixed dependency cycle(s) with /ocp/interconnect@48000000/segment@300000/target-module@e000/lcdc@0
[    0.391843] gpiochip_find_base_unlocked: found new base at 512
[    0.428925] /ocp/interconnect@44c00000/segment@200000/target-module@b000/i2c@0/tda19988@70: Fixed dependency cycle(s) with /ocp/interconnect@48000000/segment@300000/target-module@e000/lcdc@0
[    0.429809] /ocp/interconnect@44c00000/segment@200000/target-module@b000/i2c@0/tda19988@70: Fixed dependency cycle(s) with /ocp/interconnect@48000000/segment@300000/target-module@e000/lcdc@0
[    0.433616] /ocp/interconnect@44c00000/segment@200000/target-module@10000/scm@0/pinmux@800: Fixed dependency cycle(s) with /ocp/interconnect@44c00000/segment@200000/target-module@10000/scm@0/pinmux@800/clkout2-pins
[    0.434203] pinctrl-single 44e10800.pinmux: 142 pins, size 568
[    0.439510] ti-sysc 44e31000.target-module: probe with driver ti-sysc failed with error -16
[    0.468937] /ocp/interconnect@48000000/segment@300000/target-module@e000/lcdc@0: Fixed dependency cycle(s) with /ocp/interconnect@44c00000/segment@200000/target-module@b000/i2c@0/tda19988@70
[    0.477282] ti-sysc 48040000.target-module: probe with driver ti-sysc failed with error -16
[    0.488915] gpiochip_find_base_unlocked: found new base at 512
[    0.489018] gpio gpiochip0: (gpio-0-31): created GPIO range 0->7 ==> 44e10800.pinmux PIN 0->7
[    0.489037] gpio gpiochip0: (gpio-0-31): created GPIO range 8->11 ==> 44e10800.pinmux PIN 90->93
[    0.489053] gpio gpiochip0: (gpio-0-31): created GPIO range 12->27 ==> 44e10800.pinmux PIN 12->27
[    0.489068] gpio gpiochip0: (gpio-0-31): created GPIO range 28->31 ==> 44e10800.pinmux PIN 30->33
[    0.513673] gpio gpiochip0: (gpio-0-31): added GPIO chardev (254:0)
[    0.513912] gpio gpiochip0: registered GPIOs 512 to 543 on gpio-0-31
[    0.514003] OMAP GPIO hardware version 0.1
[    0.560656] i2c i2c-2: using DT '/ocp/interconnect@48000000/segment@100000/target-module@9c000/i2c@0' for 'scl' GPIO lookup
[    0.560728] of_get_named_gpiod_flags: can't parse 'scl-gpios' property of node '/ocp/interconnect@48000000/segment@100000/target-module@9c000/i2c@0[0]'
[    0.560770] of_get_named_gpiod_flags: can't parse 'scl-gpio' property of node '/ocp/interconnect@48000000/segment@100000/target-module@9c000/i2c@0[0]'
[    0.560806] i2c i2c-2: using lookup tables for GPIO lookup
[    0.560816] i2c i2c-2: No GPIO consumer scl found
[    0.560838] i2c i2c-2: using DT '/ocp/interconnect@48000000/segment@100000/target-module@9c000/i2c@0' for 'sda' GPIO lookup
[    0.560874] of_get_named_gpiod_flags: can't parse 'sda-gpios' property of node '/ocp/interconnect@48000000/segment@100000/target-module@9c000/i2c@0[0]'
[    0.560910] of_get_named_gpiod_flags: can't parse 'sda-gpio' property of node '/ocp/interconnect@48000000/segment@100000/target-module@9c000/i2c@0[0]'
[    0.560941] i2c i2c-2: using lookup tables for GPIO lookup
[    0.560948] i2c i2c-2: No GPIO consumer sda found
[    0.561856] omap_i2c 4819c000.i2c: bus 2 rev0.11 at 100 kHz
[    0.567452] gpiochip_find_base_unlocked: found new base at 544
[    0.567566] gpio gpiochip1: (gpio-32-63): created GPIO range 0->17 ==> 44e10800.pinmux PIN 34->51
[    0.567587] gpio gpiochip1: (gpio-32-63): created GPIO range 18->21 ==> 44e10800.pinmux PIN 77->80
[    0.567603] gpio gpiochip1: (gpio-32-63): created GPIO range 22->31 ==> 44e10800.pinmux PIN 56->65
[    0.568539] gpio gpiochip1: (gpio-32-63): added GPIO chardev (254:1)
[    0.568754] gpio gpiochip1: registered GPIOs 544 to 575 on gpio-32-63
[    0.571004] gpiochip_find_base_unlocked: found new base at 576
[    0.571099] gpio gpiochip2: (gpio-64-95): created GPIO range 0->4 ==> 44e10800.pinmux PIN 66->70
[    0.571119] gpio gpiochip2: (gpio-64-95): created GPIO range 5->6 ==> 44e10800.pinmux PIN 98->99
[    0.571134] gpio gpiochip2: (gpio-64-95): created GPIO range 7->8 ==> 44e10800.pinmux PIN 75->76
[    0.571150] gpio gpiochip2: (gpio-64-95): created GPIO range 13->13 ==> 44e10800.pinmux PIN 141->141
[    0.571166] gpio gpiochip2: (gpio-64-95): created GPIO range 14->21 ==> 44e10800.pinmux PIN 100->107
[    0.572024] gpio gpiochip2: (gpio-64-95): added GPIO chardev (254:2)
[    0.572240] gpio gpiochip2: registered GPIOs 576 to 607 on gpio-64-95
[    0.577919] 48000000.interconnect:segment@200000:target-module@0:mpu@0:fck: device ID is greater than 24
[    0.578810] /ocp/interconnect@48000000/segment@300000/target-module@e000/lcdc@0: Fixed dependency cycle(s) with /ocp/interconnect@44c00000/segment@200000/target-module@b000/i2c@0/tda19988@70
[    0.581976] /ocp/interconnect@48000000/segment@300000/target-module@e000/lcdc@0: Fixed dependency cycle(s) with /ocp/interconnect@44c00000/segment@200000/target-module@b000/i2c@0/tda19988@70
[    0.582765] /ocp/interconnect@44c00000/segment@200000/target-module@b000/i2c@0/tda19988@70: Fixed dependency cycle(s) with /ocp/interconnect@48000000/segment@300000/target-module@e000/lcdc@0
[    0.582957] /ocp/interconnect@48000000/segment@300000/target-module@e000/lcdc@0: Fixed dependency cycle(s) with /ocp/interconnect@44c00000/segment@200000/target-module@b000/i2c@0/tda19988@70
[    0.590279] sdhci-omap 481d8000.mmc: using DT '/ocp/interconnect@48000000/segment@100000/target-module@d8000/mmc@0' for 'wp' GPIO lookup
[    0.590351] of_get_named_gpiod_flags: can't parse 'wp-gpios' property of node '/ocp/interconnect@48000000/segment@100000/target-module@d8000/mmc@0[0]'
[    0.590394] of_get_named_gpiod_flags: can't parse 'wp-gpio' property of node '/ocp/interconnect@48000000/segment@100000/target-module@d8000/mmc@0[0]'
[    0.590431] sdhci-omap 481d8000.mmc: using lookup tables for GPIO lookup
[    0.590442] sdhci-omap 481d8000.mmc: No GPIO consumer wp found
[    0.590635] sdhci-omap 481d8000.mmc: supply pbias not found, using dummy regulator
[    0.591133] sdhci-omap 481d8000.mmc: supply vqmmc not found, using dummy regulator
[    0.627128] mdio_bus 4a101000.mdio: using DT '/ocp/interconnect@4a000000/segment@0/target-module@100000/switch@0/mdio@1000' for 'reset' GPIO lookup
[    0.627205] of_get_named_gpiod_flags: can't parse 'reset-gpios' property of node '/ocp/interconnect@4a000000/segment@0/target-module@100000/switch@0/mdio@1000[0]'
[    0.627251] of_get_named_gpiod_flags: can't parse 'reset-gpio' property of node '/ocp/interconnect@4a000000/segment@0/target-module@100000/switch@0/mdio@1000[0]'
[    0.627298] mdio_bus 4a101000.mdio: using lookup tables for GPIO lookup
[    0.627308] mdio_bus 4a101000.mdio: No GPIO consumer reset found
[    0.680426] davinci_mdio 4a101000.mdio: davinci mdio revision 1.6, bus freq 1000000
[    0.702332] mdio_bus 4a101000.mdio:00: using DT '/ocp/interconnect@4a000000/segment@0/target-module@100000/switch@0/mdio@1000/ethernet-phy@0' for 'reset' GPIO lookup
[    0.702429] of_get_named_gpiod_flags: parsed 'reset-gpios' property of node '/ocp/interconnect@4a000000/segment@0/target-module@100000/switch@0/mdio@1000/ethernet-phy@0[0]' - status (0)
[    0.702590] gpio gpiochip0: Persistence not supported for GPIO 8
[    0.828589] davinci_mdio 4a101000.mdio: phy[0]: device 4a101000.mdio:00, driver SMSC LAN8710/LAN8720
[    0.829360] cpsw-switch 4a100000.switch: initialized cpsw ale version 1.4
[    0.829381] cpsw-switch 4a100000.switch: ALE Table size 1024, Policers 0
[    0.844287] cpsw-switch 4a100000.switch: cpts: overflow check period 500 (jiffies)
[    0.844310] cpsw-switch 4a100000.switch: CPTS: ref_clk_freq:250000000 calc_mult:2147483648 calc_shift:29 error:0 nsec/sec
[    0.844417] cpsw-switch 4a100000.switch: Detected MACID = 6c:ec:eb:68:de:78
[    0.846293] cpsw-switch 4a100000.switch: initialized (regs 0x4a100000, pool size 256) hw_ver:0019010C 1.12 (0)
[    0.859471] debugfs: '49000000.dma' already exists in 'dmaengine'
[    0.859515] edma 49000000.dma: TI EDMA DMA engine driver
[    0.910179] gpio-clk clk_mcasp0: using DT '/clk_mcasp0' for 'enable' GPIO lookup
[    0.910263] of_get_named_gpiod_flags: parsed 'enable-gpios' property of node '/clk_mcasp0[0]' - status (0)
[    0.910308] gpio gpiochip0: Persistence not supported for GPIO 27
[    0.911055] gpiochip_find_base_unlocked: found new base at 608
[    0.911164] gpio gpiochip3: (gpio-96-127): created GPIO range 0->7 ==> 44e10800.pinmux PIN 82->89
[    0.911187] gpio gpiochip3: (gpio-96-127): created GPIO range 8->11 ==> 44e10800.pinmux PIN 52->55
[    0.911203] gpio gpiochip3: (gpio-96-127): created GPIO range 12->15 ==> 44e10800.pinmux PIN 94->97
[    0.911430] gpio gpiochip3: (gpio-96-127): created GPIO range 16->17 ==> 44e10800.pinmux PIN 71->72
[    0.911453] gpio gpiochip3: (gpio-96-127): created GPIO range 18->18 ==> 44e10800.pinmux PIN 135->135
[    0.911480] gpio gpiochip3: (gpio-96-127): created GPIO range 19->20 ==> 44e10800.pinmux PIN 108->109
[    0.911498] gpio gpiochip3: (gpio-96-127): created GPIO range 21->21 ==> 44e10800.pinmux PIN 73->73
[    0.911516] gpio gpiochip3: (gpio-96-127): created GPIO range 22->23 ==> 44e10800.pinmux PIN 8->9
[    0.911533] gpio gpiochip3: (gpio-96-127): created GPIO range 26->27 ==> 44e10800.pinmux PIN 10->11
[    0.911550] gpio gpiochip3: (gpio-96-127): created GPIO range 28->28 ==> 44e10800.pinmux PIN 74->74
[    0.911568] gpio gpiochip3: (gpio-96-127): created GPIO range 29->29 ==> 44e10800.pinmux PIN 81->81
[    0.911586] gpio gpiochip3: (gpio-96-127): created GPIO range 30->31 ==> 44e10800.pinmux PIN 28->29
[    0.912426] gpio gpiochip3: (gpio-96-127): added GPIO chardev (254:3)
[    0.912657] gpio gpiochip3: registered GPIOs 608 to 639 on gpio-96-127
[    0.914717] omap8250 44e09000.serial: using DT '/ocp/interconnect@44c00000/segment@200000/target-module@9000/serial@0' for 'rs485-term' GPIO lookup
[    0.914787] of_get_named_gpiod_flags: can't parse 'rs485-term-gpios' property of node '/ocp/interconnect@44c00000/segment@200000/target-module@9000/serial@0[0]'
[    0.914830] of_get_named_gpiod_flags: can't parse 'rs485-term-gpio' property of node '/ocp/interconnect@44c00000/segment@200000/target-module@9000/serial@0[0]'
[    0.914867] omap8250 44e09000.serial: using lookup tables for GPIO lookup
[    0.914878] omap8250 44e09000.serial: No GPIO consumer rs485-term found
[    0.914888] omap8250 44e09000.serial: using DT '/ocp/interconnect@44c00000/segment@200000/target-module@9000/serial@0' for 'rs485-rx-during-tx' GPIO lookup
[    0.914923] of_get_named_gpiod_flags: can't parse 'rs485-rx-during-tx-gpios' property of node '/ocp/interconnect@44c00000/segment@200000/target-module@9000/serial@0[0]'
[    0.914960] of_get_named_gpiod_flags: can't parse 'rs485-rx-during-tx-gpio' property of node '/ocp/interconnect@44c00000/segment@200000/target-module@9000/serial@0[0]'
[    0.914991] omap8250 44e09000.serial: using lookup tables for GPIO lookup
[    0.914999] omap8250 44e09000.serial: No GPIO consumer rs485-rx-during-tx found
[    0.915451] 44e09000.serial: ttyS0 at MMIO 0x44e09000 (irq = 34, base_baud = 3000000) is a 8250
[    0.915545] printk: legacy console [ttyS0] enabled
[    2.421086] i2c i2c-0: using DT '/ocp/interconnect@44c00000/segment@200000/target-module@b000/i2c@0' for 'scl' GPIO lookup
[    2.421171] of_get_named_gpiod_flags: can't parse 'scl-gpios' property of node '/ocp/interconnect@44c00000/segment@200000/target-module@b000/i2c@0[0]'
[    2.421414] of_get_named_gpiod_flags: can't parse 'scl-gpio' property of node '/ocp/interconnect@44c00000/segment@200000/target-module@b000/i2c@0[0]'
[    2.421470] i2c i2c-0: using lookup tables for GPIO lookup
[    2.421484] i2c i2c-0: No GPIO consumer scl found
[    2.421511] i2c i2c-0: using DT '/ocp/interconnect@44c00000/segment@200000/target-module@b000/i2c@0' for 'sda' GPIO lookup
[    2.421552] of_get_named_gpiod_flags: can't parse 'sda-gpios' property of node '/ocp/interconnect@44c00000/segment@200000/target-module@b000/i2c@0[0]'
[    2.421593] of_get_named_gpiod_flags: can't parse 'sda-gpio' property of node '/ocp/interconnect@44c00000/segment@200000/target-module@b000/i2c@0[0]'
[    2.421628] i2c i2c-0: using lookup tables for GPIO lookup
[    2.421639] i2c i2c-0: No GPIO consumer sda found
[    2.442195] tps65217-pmic: Failed to locate of_node [id: -1]
[    2.448272] tps65217-bl: Failed to locate of_node [id: -1]
[    2.454302] platform tps65217-charger: DMA mask not set
[    2.460322] platform tps65217-pwrbutton: DMA mask not set
[    2.467612] tps65217 0-0024: TPS65217 ID 0xe version 1.2
[    2.473735] /ocp/interconnect@48000000/segment@300000/target-module@e000/lcdc@0: Fixed dependency cycle(s) with /ocp/interconnect@44c00000/segment@200000/target-module@b000/i2c@0/tda19988@70
[    2.491133] /ocp/interconnect@44c00000/segment@200000/target-module@b000/i2c@0/tda19988@70: Fixed dependency cycle(s) with /ocp/interconnect@48000000/segment@300000/target-module@e000/lcdc@0
[    2.508516] omap_i2c 44e0b000.i2c: bus 0 rev0.11 at 400 kHz
[    2.516320] sdhci-omap 48060000.mmc: using DT '/ocp/interconnect@48000000/segment@0/target-module@60000/mmc@0' for 'cd' GPIO lookup
[    2.516427] of_get_named_gpiod_flags: parsed 'cd-gpios' property of node '/ocp/interconnect@48000000/segment@0/target-module@60000/mmc@0[0]' - status (0)
[    2.516496] gpio gpiochip3: Persistence not supported for GPIO 6
[    2.516523] omap_gpio 44e07000.gpio: Could not set line 6 debounce to 200000 microseconds (-22)
[    2.525401] sdhci-omap 48060000.mmc: Got CD GPIO
[    2.530055] sdhci-omap 48060000.mmc: using DT '/ocp/interconnect@48000000/segment@0/target-module@60000/mmc@0' for 'wp' GPIO lookup
[    2.530104] of_get_named_gpiod_flags: can't parse 'wp-gpios' property of node '/ocp/interconnect@48000000/segment@0/target-module@60000/mmc@0[0]'
[    2.530147] of_get_named_gpiod_flags: can't parse 'wp-gpio' property of node '/ocp/interconnect@48000000/segment@0/target-module@60000/mmc@0[0]'
[    2.530186] sdhci-omap 48060000.mmc: using lookup tables for GPIO lookup
[    2.530200] sdhci-omap 48060000.mmc: No GPIO consumer wp found
[    2.530411] sdhci-omap 48060000.mmc: supply pbias not found, using dummy regulator
[    2.539239] sdhci-omap 481d8000.mmc: using DT '/ocp/interconnect@48000000/segment@100000/target-module@d8000/mmc@0' for 'wp' GPIO lookup
[    2.539320] of_get_named_gpiod_flags: can't parse 'wp-gpios' property of node '/ocp/interconnect@48000000/segment@100000/target-module@d8000/mmc@0[0]'
[    2.539368] of_get_named_gpiod_flags: can't parse 'wp-gpio' property of node '/ocp/interconnect@48000000/segment@100000/target-module@d8000/mmc@0[0]'
[    2.539407] sdhci-omap 481d8000.mmc: using lookup tables for GPIO lookup
[    2.539421] sdhci-omap 481d8000.mmc: No GPIO consumer wp found
[    2.540570] sdhci-omap 48060000.mmc: supply vqmmc not found, using dummy regulator
[    2.549394] sdhci-omap 481d8000.mmc: supply pbias not found, using dummy regulator
[    2.559282] sdhci-omap 481d8000.mmc: supply vqmmc not found, using dummy regulator
[    2.595005] mmc0: SDHCI controller on 48060000.mmc [48060000.mmc] using External DMA
[    2.603234] mmc1: SDHCI controller on 481d8000.mmc [481d8000.mmc] using External DMA
[    2.612061] cpsw-switch 4a100000.switch: starting ndev. mode: dual_mac
[    2.681543] mmc1: new high speed MMC card at address 0001
[    2.688341] mmcblk1: mmc1:0001 MMC04G 3.60 GiB
[    2.696214]  mmcblk1: p1 p2
[    2.699948] SMSC LAN8710/LAN8720 4a101000.mdio:00: attached PHY driver (mii_bus:phy_addr=4a101000.mdio:00, irq=POLL)
[    2.712626] mmcblk1boot0: mmc1:0001 MMC04G 2.00 MiB
[    2.726518] mmcblk1boot1: mmc1:0001 MMC04G 2.00 MiB
[    2.735477] mmcblk1rpmb: mmc1:0001 MMC04G 128 KiB, chardev (249:0)
[    2.784773] mmc0: new high speed SDHC card at address aaaa
[    2.791709] mmcblk0: mmc0:aaaa SE32G 29.7 GiB
[    2.800779]  mmcblk0: p1 p2
[    5.842028] cpsw-switch 4a100000.switch eth0: Link is Up - 100Mbps/Full - flow control off
[    5.881490] IP-Config: Complete:
[    5.884768]      device=eth0, hwaddr=6c:ec:eb:68:de:78, ipaddr=192.168.255.1, mask=255.255.255.0, gw=255.255.255.255
[    5.895442]      host=bbb1, domain=, nis-domain=(none)
[    5.900610]      bootserver=192.168.255.126, rootserver=192.168.255.126, rootpath=
[    5.901051] clk: Disabling unused clocks
[    5.912894] PM: genpd: Disabling unused power domains
[    5.918043] KTAP version 1
[    5.920764] 1..0
[    5.923258] check access for rdinit=/init failed: -2, ignoring
[    5.958399] VFS: Mounted root (nfs filesystem) on device 0:17.
[    5.965633] devtmpfs: mounted
[    5.970108] Freeing unused kernel image (initmem) memory: 1024K
[    5.976900] Run /sbin/init as init process
[    5.981033]   with arguments:
[    5.981045]     /sbin/init
[    5.981054]     nfsrootdebug
[    5.981064]   with environment:
[    5.981072]     HOME=/
[    5.981081]     TERM=linux
[    6.659890] systemd[1]: System time before build time, advancing clock.
[    8.181271] random: crng init done
[    8.214075] systemd[1]: systemd 232 running in system mode. (+PAM +AUDIT +SELINUX +IMA +APPARMOR +SMACK +SYSVINIT +UTMP +LIBCRYPTSETUP +GCRYPT +GNUTLS +ACL +XZ +LZ4 +SECCOMP +BLKID +ELFUTILS +KMOD +IDN)
[    8.233212] systemd[1]: Detected architecture arm.
[    8.264575] systemd[1]: Set hostname to <arm>.
[    9.384925] systemd[1]: Listening on Journal Audit Socket.
[    9.413072] systemd[1]: syslog.socket: SO_PASSSEC failed: Operation not supported
[    9.420810] systemd[1]: Listening on Syslog Socket.
[    9.443302] systemd[1]: Listening on udev Control Socket.
[    9.471688] systemd[1]: Reached target Swap.
[    9.491770] systemd[1]: Reached target Remote File Systems.
[    9.521861] systemd[1]: systemd-journald.socket: SO_PASSSEC failed: Operation not supported
[   11.463466] systemd-journald[84]: Received request to flush runtime journal from PID 1
[   12.641692] omap_prm 44e00d00.prm: sync_state() pending due to 44d00000.cpu
[   14.501724] leds-gpio leds: using DT '/leds/led2' for '(default)' GPIO lookup
[   14.501827] of_get_named_gpiod_flags: parsed 'gpios' property of node '/leds/led2[0]' - status (0)
[   14.501888] gpio gpiochip0: Persistence not supported for GPIO 21
[   14.501904] gpio-533 (?): no flags found for GPIO (default)
[   14.538713] leds-gpio leds: using DT '/leds/led3' for '(default)' GPIO lookup
[   14.538822] of_get_named_gpiod_flags: parsed 'gpios' property of node '/leds/led3[0]' - status (0)
[   14.539056] gpio gpiochip0: Persistence not supported for GPIO 22
[   14.539077] gpio-534 (?): no flags found for GPIO (default)
[   14.544495] leds-gpio leds: using DT '/leds/led4' for '(default)' GPIO lookup
[   14.544594] of_get_named_gpiod_flags: parsed 'gpios' property of node '/leds/led4[0]' - status (0)
[   14.544648] gpio gpiochip0: Persistence not supported for GPIO 23
[   14.544663] gpio-535 (?): no flags found for GPIO (default)
[   14.583687] leds-gpio leds: using DT '/leds/led5' for '(default)' GPIO lookup
[   14.583794] of_get_named_gpiod_flags: parsed 'gpios' property of node '/leds/led5[0]' - status (0)
[   14.583849] gpio gpiochip0: Persistence not supported for GPIO 24
[   14.583865] gpio-536 (?): no flags found for GPIO (default)
[   15.278115] remoteproc remoteproc0: wkup_m3 is available
[   15.438458] am335x-phy-driver 47401300.usb-phy: using DT '/ocp/target-module@47400000/usb-phy@1300' for 'reset' GPIO lookup
[   15.438552] of_get_named_gpiod_flags: can't parse 'reset-gpios' property of node '/ocp/target-module@47400000/usb-phy@1300[0]'
[   15.438594] of_get_named_gpiod_flags: can't parse 'reset-gpio' property of node '/ocp/target-module@47400000/usb-phy@1300[0]'
[   15.438634] am335x-phy-driver 47401300.usb-phy: using lookup tables for GPIO lookup
[   15.438651] am335x-phy-driver 47401300.usb-phy: No GPIO consumer reset found
[   15.438667] am335x-phy-driver 47401300.usb-phy: using DT '/ocp/target-module@47400000/usb-phy@1300' for 'vbus-detect' GPIO lookup
[   15.438698] of_get_named_gpiod_flags: can't parse 'vbus-detect-gpios' property of node '/ocp/target-module@47400000/usb-phy@1300[0]'
[   15.438730] of_get_named_gpiod_flags: can't parse 'vbus-detect-gpio' property of node '/ocp/target-module@47400000/usb-phy@1300[0]'
[   15.438757] am335x-phy-driver 47401300.usb-phy: using lookup tables for GPIO lookup
[   15.438769] am335x-phy-driver 47401300.usb-phy: No GPIO consumer vbus-detect found
[   15.438919] am335x-phy-driver 47401300.usb-phy: dummy supplies not allowed for exclusive requests (id=vbus)
[   15.490696] at24 2-0054: supply vcc not found, using dummy regulator
[   15.574067] omap_wdt: OMAP Watchdog Timer Rev 0x01: initial timeout 60 sec
[   15.617531] at24 2-0055: supply vcc not found, using dummy regulator
[   15.718751] at24 2-0056: supply vcc not found, using dummy regulator
[   15.784926] am335x-phy-driver 47401b00.usb-phy: using DT '/ocp/target-module@47400000/usb-phy@1b00' for 'reset' GPIO lookup
[   15.785019] of_get_named_gpiod_flags: can't parse 'reset-gpios' property of node '/ocp/target-module@47400000/usb-phy@1b00[0]'
[   15.785063] of_get_named_gpiod_flags: can't parse 'reset-gpio' property of node '/ocp/target-module@47400000/usb-phy@1b00[0]'
[   15.785101] am335x-phy-driver 47401b00.usb-phy: using lookup tables for GPIO lookup
[   15.785116] am335x-phy-driver 47401b00.usb-phy: No GPIO consumer reset found
[   15.785131] am335x-phy-driver 47401b00.usb-phy: using DT '/ocp/target-module@47400000/usb-phy@1b00' for 'vbus-detect' GPIO lookup
[   15.785162] of_get_named_gpiod_flags: can't parse 'vbus-detect-gpios' property of node '/ocp/target-module@47400000/usb-phy@1b00[0]'
[   15.785194] of_get_named_gpiod_flags: can't parse 'vbus-detect-gpio' property of node '/ocp/target-module@47400000/usb-phy@1b00[0]'
[   15.785220] am335x-phy-driver 47401b00.usb-phy: using lookup tables for GPIO lookup
[   15.785232] am335x-phy-driver 47401b00.usb-phy: No GPIO consumer vbus-detect found
[   15.785381] am335x-phy-driver 47401b00.usb-phy: dummy supplies not allowed for exclusive requests (id=vbus)
[   15.838930] at24 2-0057: supply vcc not found, using dummy regulator
[   15.956155] input: tps65217_pwrbutton as /devices/platform/ocp/44c00000.interconnect/44c00000.interconnect:segment@200000/44e0b000.target-module/44e0b000.i2c/i2c-0/0-0024/tps65217-pwrbutton/input/input0
[   16.011614] at24 0-0050: using DT '/ocp/interconnect@44c00000/segment@200000/target-module@b000/i2c@0/eeprom@50' for 'wp' GPIO lookup
[   16.011730] of_get_named_gpiod_flags: can't parse 'wp-gpios' property of node '/ocp/interconnect@44c00000/segment@200000/target-module@b000/i2c@0/eeprom@50[0]'
[   16.011789] of_get_named_gpiod_flags: can't parse 'wp-gpio' property of node '/ocp/interconnect@44c00000/segment@200000/target-module@b000/i2c@0/eeprom@50[0]'
[   16.011835] at24 0-0050: using lookup tables for GPIO lookup
[   16.011851] at24 0-0050: No GPIO consumer wp found
[   16.012233] at24 0-0050: 32768 byte 24c256 EEPROM, writable, 1 bytes/write
[   16.343683] omap_rtc 44e3e000.rtc: registered as rtc0
[   16.348866] omap_rtc 44e3e000.rtc: setting system clock to 2000-01-01T00:00:00 UTC (946684800)
[   16.357767] omap_rtc 44e3e000.rtc: using DT '/ocp/interconnect@44c00000/segment@200000/target-module@3e000/rtc@0' for 'wp' GPIO lookup
[   16.357842] of_get_named_gpiod_flags: can't parse 'wp-gpios' property of node '/ocp/interconnect@44c00000/segment@200000/target-module@3e000/rtc@0[0]'
[   16.357893] of_get_named_gpiod_flags: can't parse 'wp-gpio' property of node '/ocp/interconnect@44c00000/segment@200000/target-module@3e000/rtc@0[0]'
[   16.357934] omap_rtc 44e3e000.rtc: using lookup tables for GPIO lookup
[   16.357948] omap_rtc 44e3e000.rtc: No GPIO consumer wp found
[   17.237120] usbcore: registered new interface driver usbfs
[   17.243010] usbcore: registered new interface driver hub
[   17.248454] usbcore: registered new device driver usb
[   17.948498] omap-mailbox 480c8000.mailbox: omap mailbox rev 0x400
[   17.980386] musb-hdrc musb-hdrc.1: MUSB HDRC host driver
[   17.986036] musb-hdrc musb-hdrc.1: new USB bus registered, assigned bus number 1
[   18.053361] remoteproc remoteproc0: powering up wkup_m3
[   18.125003] tda998x 0-0070: found TDA19988
[   18.212636] remoteproc remoteproc0: Direct firmware load for am335x-pm-firmware.elf failed with error -2
[   18.222390] remoteproc remoteproc0: request_firmware failed: -2
[   18.228357] wkup_m3_ipc 44e11324.wkup_m3_ipc: rproc_boot failed
[   18.262176] usb usb1: New USB device found, idVendor=1d6b, idProduct=0002, bcdDevice= 6.18
[   18.270816] usb usb1: New USB device strings: Mfr=3, Product=2, SerialNumber=1
[   18.278189] usb usb1: Product: MUSB HDRC host driver
[   18.283218] usb usb1: Manufacturer: Linux 6.18.0-rc1-next-20251013 musb-hcd
[   18.290219] usb usb1: SerialNumber: musb-hdrc.1
[   18.586068] hub 1-0:1.0: USB hub found
[   18.596301] hub 1-0:1.0: 1 port detected
[   20.799720] tilcdc 4830e000.lcdc: bound 0-0070 (ops tda998x_audio_codec_init [tda998x])
[   20.973200] [drm] Initialized tilcdc 1.0.0 for 4830e000.lcdc on minor 0
[   21.044451] omap_rng 48310000.rng: Random Number Generator ver. 20
[   21.085012] tilcdc 4830e000.lcdc: [drm] Cannot find any crtc or sizes
[   21.206370] tilcdc 4830e000.lcdc: [drm] Cannot find any crtc or sizes
[   22.335600] PM: Cannot get wkup_m3_ipc handle
[   22.395407] omap-sham 53100000.sham: hw accel on OMAP rev 4.3
[   22.551058] omap-sham 53100000.sham: will run requests pump with realtime priority
[   22.566613] PM: Cannot get wkup_m3_ipc handle
[   22.655794] omap-aes 53500000.aes: OMAP AES hw accel rev: 3.2
[   22.813099] omap-aes 53500000.aes: will run requests pump with realtime priority
[   22.823752] PM: Cannot get wkup_m3_ipc handle
[   23.932560] Bluetooth: Core ver 2.22
[   23.936386] NET: Registered PF_BLUETOOTH protocol family
[   23.941930] Bluetooth: HCI device and connection manager initialized
[   23.948351] Bluetooth: HCI socket layer initialized
[   23.953351] Bluetooth: L2CAP socket layer initialized
[   23.958468] Bluetooth: SCO socket layer initialized
[   24.166515] ------------[ cut here ]------------
[   24.171209] WARNING: net/8021q/vlan_core.c:236 at vlan_for_each+0x114/0x134, CPU#0: avahi-daemon/291
[   24.180589] RTNL: assertion failed at net/8021q/vlan_core.c (236)
[   24.186747] Modules linked in: bluetooth snd_soc_simple_card ecdh_generic omap_aes_driver snd_soc_simple_card_utils ecc omap_crypto omap_sham pm33xx libaes crypto_engine ti_emif_sram omap_rng rng_core tilcdc drm_dma_helper drm_client_lib snd_soc_davinci_mcasp snd_soc_ti_udma snd_soc_ti_edma snd_soc_ti_sdma snd_soc_core snd_pcm_dmaengine snd_pcm omap_mailbox snd_timer musb_dsps tda998x musb_hdrc snd cec udc_core soundcore drm_kms_helper usbcore drm wkup_m3_ipc rtc_omap drm_panel_orientation_quirks tps65218_pwrbutton omap_wdt at24 phy_am335x watchdog phy_am335x_control wkup_m3_rproc phy_generic usb_common cppi41 leds_gpio led_class cpufreq_dt autofs4
[   24.244815] CPU: 0 UID: 107 PID: 291 Comm: avahi-daemon Not tainted 6.18.0-rc1-next-20251013 #1 NONE 
[   24.244833] Hardware name: Generic AM33XX (Flattened Device Tree)
[   24.244842] Call trace: 
[   24.244857]  unwind_backtrace from show_stack+0x10/0x14
[   24.244895]  show_stack from dump_stack_lvl+0x50/0x64
[   24.244921]  dump_stack_lvl from __warn+0x88/0x148
[   24.244940]  __warn from warn_slowpath_fmt+0x19c/0x1b0
[   24.244954]  warn_slowpath_fmt from vlan_for_each+0x114/0x134
[   24.244975]  vlan_for_each from cpsw_add_mc_addr+0x40/0xa4
[   24.245001]  cpsw_add_mc_addr from __hw_addr_ref_sync_dev+0x108/0x140
[   24.245031]  __hw_addr_ref_sync_dev from __dev_mc_add+0x7c/0x80
[   24.245053]  __dev_mc_add from igmp6_group_added+0xc8/0xe0
[   24.245083]  igmp6_group_added from __ipv6_dev_mc_inc+0x218/0x364
[   24.245102]  __ipv6_dev_mc_inc from __ipv6_sock_mc_join+0x11c/0x1c0
[   24.245120]  __ipv6_sock_mc_join from do_ipv6_setsockopt+0x1214/0x1310
[   24.245153]  do_ipv6_setsockopt from ipv6_setsockopt+0x60/0xcc
[   24.245175]  ipv6_setsockopt from udpv6_setsockopt+0x2c/0x6c
[   24.245193]  udpv6_setsockopt from sock_common_setsockopt+0x30/0x40
[   24.245222]  sock_common_setsockopt from do_sock_setsockopt+0x50/0x9c
[   24.245243]  do_sock_setsockopt from __sys_setsockopt+0x70/0xbc
[   24.245263]  __sys_setsockopt from ret_fast_syscall+0x0/0x58
[   24.245280] Exception stack(0xe0199fa8 to 0xe0199ff0)
[   24.245294] 9fa0:                   00000014 b6f2fce8 0000000d 00000029 00000014 be9889ec
[   24.245306] 9fc0: 00000014 b6f2fce8 00000014 00000126 0000000d b6ed8ff4 004ae988 00496558
[   24.245315] 9fe0: b6eee088 be9889d8 b6ecb309 b6da241a
[   24.245322] ---[ end trace 0000000000000000 ]---
[   26.109620] tda998x 0-0070: using DT '/ocp/interconnect@44c00000/segment@200000/target-module@b000/i2c@0/tda19988@70' for 'nxp,calib' GPIO lookup
[   26.109760] of_get_named_gpiod_flags: parsed 'nxp,calib-gpios' property of node '/ocp/interconnect@44c00000/segment@200000/target-module@b000/i2c@0/tda19988@70[0]' - status (0)
[   26.109844] gpio gpiochip0: Persistence not supported for GPIO 25
[   26.109860] gpio-537 (nxp,calib): no flags found for GPIO nxp,calib
[   26.117980] gpio-537 (nxp,calib): gpiod_direction_output_nonotify: tried to set a GPIO tied to an IRQ as output
[   26.156345] PM: Cannot get wkup_m3_ipc handle
[   26.162410] asoc-simple-card sound: using DT '/sound' for 'simple-audio-card,hp-det' GPIO lookup
[   26.162483] of_get_named_gpiod_flags: can't parse 'simple-audio-card,hp-det-gpios' property of node '/sound[0]'
[   26.162519] of_get_named_gpiod_flags: can't parse 'simple-audio-card,hp-det-gpio' property of node '/sound[0]'
[   26.162546] asoc-simple-card sound: using lookup tables for GPIO lookup
[   26.162560] asoc-simple-card sound: No GPIO consumer simple-audio-card,hp-det found
[   26.162575] asoc-simple-card sound: using DT '/sound' for 'simple-audio-card,mic-det' GPIO lookup
[   26.162599] of_get_named_gpiod_flags: can't parse 'simple-audio-card,mic-det-gpios' property of node '/sound[0]'
[   26.162625] of_get_named_gpiod_flags: can't parse 'simple-audio-card,mic-det-gpio' property of node '/sound[0]'
[   26.162645] asoc-simple-card sound: using lookup tables for GPIO lookup
[   26.162657] asoc-simple-card sound: No GPIO consumer simple-audio-card,mic-det found
[   26.317895] PM: Cannot get wkup_m3_ipc handle
[   26.448046] tda9950 0-0034: TDA9950 CEC interface, hardware version 3.3
[   26.545636] PM: Cannot get wkup_m3_ipc handle
[   29.433643] userial_init: registered 8 ttyGS* devices
[   29.653154] rndis_register: configNr = 0
[   29.721937] udc musb-hdrc.0: binding gadget driver [g_multi]
[   29.722019] configfs-gadget.g_multi gadget.0: adding 'rndis'/c1ade528 to config 'c'/37c65f92
[   29.723113] configfs-gadget.g_multi gadget.0: HOST MAC 1c:ba:8c:a2:ed:6c
[   29.723139] configfs-gadget.g_multi gadget.0: MAC 1c:ba:8c:a2:ed:70
[   29.723204] rndis_set_param_medium: 0 0
[   29.723222] configfs-gadget.g_multi gadget.0: RNDIS: IN/ep1in OUT/ep1out NOTIFY/ep2in
[   29.723237] configfs-gadget.g_multi gadget.0: adding 'cdc_ethernet'/b6f28350 to config 'c'/37c65f92
[   29.724068] configfs-gadget.g_multi gadget.0: HOST MAC 1c:ba:8c:a2:ed:6c
[   29.724088] configfs-gadget.g_multi gadget.0: MAC 1c:ba:8c:a2:ed:6d
[   29.724125] configfs-gadget.g_multi gadget.0: CDC Ethernet: IN/ep3in OUT/ep2out NOTIFY/ep4in
[   29.724140] configfs-gadget.g_multi gadget.0: adding 'acm'/593fdca1 to config 'c'/37c65f92
[   29.724173] configfs-gadget.g_multi gadget.0: acm ttyGS0: IN/ep5in OUT/ep3out NOTIFY/ep6in
[   29.725897] PM: Cannot get wkup_m3_ipc handle
[   31.229011] configfs-gadget.g_multi gadget.0: eth_open
[   35.468843] gs_open: ttyGS0 (811f56c1,490b4fee)
[   35.468966] gs_close: ttyGS0 (811f56c1,490b4fee) ...
[   35.468987] gs_close: ttyGS0 (811f56c1,490b4fee) done!
[   35.472890] gs_open: ttyGS0 (811f56c1,e8c3e93e)
[   35.473034] gs_close: ttyGS0 (811f56c1,e8c3e93e) ...
[   35.473057] gs_close: ttyGS0 (811f56c1,e8c3e93e) done!
[   35.652143] gs_open: ttyGS0 (fc44caf1,b58aa2aa)
[   35.652380] gs_close: ttyGS0 (fc44caf1,b58aa2aa) ...
[   35.652407] gs_close: ttyGS0 (fc44caf1,b58aa2aa) done!
[   35.660098] gs_open: ttyGS0 (fc44caf1,b58aa2aa)
AJXGTMLXXB 0
root@arm:~# echo 'OGYZ''XOGJYF'
OGYZXOGJYF
root@arm:~# MARKER='KKBG''XSTSPV' run 'modprobe test_linear_ranges'
KKBGXSTSPVKKBGXSTSPV 0
root@arm:~# echo 'OOSZ''CSVWLZ'
OOSZCSVWLZ
root@arm:~# MARKER='HLJX''ZBHOOO' run dmesg
HLJXZBHOOO[    0.000000] Booting Linux on physical CPU 0x0
[    0.000000] Linux version 6.18.0-rc1-next-20251013 (user01@drvtest01) (arm-none-eabi-gcc (Arm GNU Toolchain 14.2.Rel1 (Build arm-14.52)) 14.2.1 20241119, GNU ld (Arm GNU Toolchain 14.2.Rel1 (Build arm-14.52)) 2.43.1.20241119) #1 SMP Mon Oct 13 14:58:22 EEST 2025
[    0.000000] CPU: ARMv7 Processor [413fc082] revision 2 (ARMv7), cr=10c5387d
[    0.000000] CPU: PIPT / VIPT nonaliasing data cache, VIPT aliasing instruction cache
[    0.000000] OF: fdt: Machine model: TI AM335x BeagleBone Black
[    0.000000] Memory policy: Data cache writeback
[    0.000000] cma: Reserved 16 MiB at 0x9e800000
[    0.000000] Zone ranges:
[    0.000000]   Normal   [mem 0x0000000080000000-0x000000009fdfffff]
[    0.000000]   HighMem  empty
[    0.000000] Movable zone start for each node
[    0.000000] Early memory node ranges
[    0.000000]   node   0: [mem 0x0000000080000000-0x000000009fdfffff]
[    0.000000] Initmem setup node 0 [mem 0x0000000080000000-0x000000009fdfffff]
[    0.000000] On node 0, zone Normal: 512 pages in unavailable ranges
[    0.000000] OF: reserved mem: Reserved memory: No reserved-memory node in the DT
[    0.000000] CPU: All CPU(s) started in SVC mode.
[    0.000000] AM335X ES2.1 (sgx neon)
[    0.000000] percpu: Embedded 17 pages/cpu s39884 r8192 d21556 u69632
[    0.000000] pcpu-alloc: s39884 r8192 d21556 u69632 alloc=17*4096
[    0.000000] pcpu-alloc: [0] 0 
[    0.000000] Kernel command line: console=ttyO0,115200n8 root=/dev/nfs rw nfsroot=192.168.255.126:/home/user01/nfs,nfsvers=3 ip=192.168.255.1:192.168.255.126::255.255.255.0:bbb1:eth0 nfsrootdebug
[    0.000000] Unknown kernel command line parameters "nfsrootdebug", will be passed to user space.
[    0.000000] printk: log buffer data + meta data: 65536 + 204800 = 270336 bytes
[    0.000000] Dentry cache hash table entries: 65536 (order: 6, 262144 bytes, linear)
[    0.000000] Inode-cache hash table entries: 32768 (order: 5, 131072 bytes, linear)
[    0.000000] Built 1 zonelists, mobility grouping on.  Total pages: 130560
[    0.000000] mem auto-init: stack:off, heap alloc:off, heap free:off
[    0.000000] SLUB: HWalign=16, Order=0-3, MinObjects=0, CPUs=1, Nodes=1
[    0.000000] rcu: Hierarchical RCU implementation.
[    0.000000] rcu: 	RCU event tracing is enabled.
[    0.000000] rcu: 	RCU restricting CPUs from NR_CPUS=2 to nr_cpu_ids=1.
[    0.000000] 	Tracing variant of Tasks RCU enabled.
[    0.000000] rcu: RCU calculated value of scheduler-enlistment delay is 10 jiffies.
[    0.000000] rcu: Adjusting geometry for rcu_fanout_leaf=16, nr_cpu_ids=1
[    0.000000] RCU Tasks Trace: Setting shift to 0 and lim to 1 rcu_task_cb_adjust=1 rcu_task_cpu_ids=1.
[    0.000000] NR_IRQS: 16, nr_irqs: 16, preallocated irqs: 16
[    0.000000] IRQ: Found an INTC at 0x(ptrval) (revision 5.0) with 128 interrupts
[    0.000000] rcu: srcu_init: Setting srcu_struct sizes based on contention.
[    0.000000] TI gptimer clocksource: always-on /ocp/interconnect@44c00000/segment@200000/target-module@31000
[    0.000002] sched_clock: 32 bits at 24MHz, resolution 41ns, wraps every 89478484971ns
[    0.000025] clocksource: dmtimer: mask: 0xffffffff max_cycles: 0xffffffff, max_idle_ns: 79635851949 ns
[    0.000486] TI gptimer clockevent: 24000000 Hz at /ocp/interconnect@48000000/segment@0/target-module@40000
[    0.002052] Console: colour dummy device 80x30
[    0.002118] WARNING: Your 'console=ttyO0' has been replaced by 'ttyS0'
[    0.002126] This ensures that you still see kernel messages. Please
[    0.002130] update your kernel commandline.
[    0.002172] Calibrating delay loop... 996.14 BogoMIPS (lpj=4980736)
[    0.090537] CPU: Testing write buffer coherency: ok
[    0.090651] CPU0: Spectre v2: using BPIALL workaround
[    0.090661] pid_max: default: 32768 minimum: 301
[    0.090843] LSM: initializing lsm=capability
[    0.091008] Mount-cache hash table entries: 1024 (order: 0, 4096 bytes, linear)
[    0.091026] Mountpoint-cache hash table entries: 1024 (order: 0, 4096 bytes, linear)
[    0.092629] CPU0: thread -1, cpu 0, socket -1, mpidr 0
[    0.092688] cacheinfo: Unable to detect cache hierarchy for CPU 0
[    0.094688] Setting up static identity map for 0x80100000 - 0x80100078
[    0.095003] rcu: Hierarchical SRCU implementation.
[    0.095013] rcu: 	Max phase no-delay instances is 1000.
[    0.096689] smp: Bringing up secondary CPUs ...
[    0.096747] smp: Brought up 1 node, 1 CPU
[    0.096760] SMP: Total of 1 processors activated (996.14 BogoMIPS).
[    0.096771] CPU: All CPU(s) started in SVC mode.
[    0.096972] Memory: 480864K/522240K available (11264K kernel code, 1226K rwdata, 2952K rodata, 1024K init, 256K bss, 23336K reserved, 16384K cma-reserved, 0K highmem)
[    0.097790] devtmpfs: initialized
[    0.115163] VFP support v0.3: implementor 41 architecture 3 part 30 variant c rev 3
[    0.115816] clocksource: jiffies: mask: 0xffffffff max_cycles: 0xffffffff, max_idle_ns: 19112604462750000 ns
[    0.115872] posixtimers hash table entries: 512 (order: 0, 4096 bytes, linear)
[    0.115901] futex hash table entries: 256 (16384 bytes on 1 NUMA nodes, total 16 KiB, linear).
[    0.117037] pinctrl core: initialized pinctrl subsystem
[    0.119126] NET: Registered PF_NETLINK/PF_ROUTE protocol family
[    0.122203] DMA: preallocated 256 KiB pool for atomic coherent allocations
[    0.122798] audit: initializing netlink subsys (disabled)
[    0.124140] thermal_sys: Registered thermal governor 'fair_share'
[    0.124156] thermal_sys: Registered thermal governor 'step_wise'
[    0.124164] thermal_sys: Registered thermal governor 'user_space'
[    0.124271] audit: type=2000 audit(0.120:1): state=initialized audit_enabled=0 res=1
[    0.124338] cpuidle: using governor menu
[    0.142125] /ocp/interconnect@44c00000/segment@200000/target-module@b000/i2c@0/tda19988@70: Fixed dependency cycle(s) with /ocp/interconnect@48000000/segment@300000/target-module@e000/lcdc@0
[    0.143233] /ocp/interconnect@48000000/segment@300000/target-module@e000/lcdc@0: Fixed dependency cycle(s) with /ocp/interconnect@44c00000/segment@200000/target-module@b000/i2c@0/tda19988@70
[    0.145422] No ATAGs?
[    0.145460] hw-breakpoint: debug architecture 0x4 unsupported.
[    0.148537] kprobes: kprobe jump-optimization is enabled. All kprobes are optimized if possible.
[    0.154306] iommu: Default domain type: Translated
[    0.154330] iommu: DMA domain TLB invalidation policy: strict mode
[    0.155883] reg-fixed-voltage fixedregulator0: using DT '/fixedregulator0' for '(default)' GPIO lookup
[    0.155938] of_get_named_gpiod_flags: can't parse 'gpios' property of node '/fixedregulator0[0]'
[    0.155965] of_get_named_gpiod_flags: can't parse 'gpio' property of node '/fixedregulator0[0]'
[    0.155984] reg-fixed-voltage fixedregulator0: using lookup tables for GPIO lookup
[    0.155994] reg-fixed-voltage fixedregulator0: No GPIO consumer (default) found
[    0.161481] SCSI subsystem initialized
[    0.161953] libata version 3.00 loaded.
[    0.162339] pps_core: LinuxPPS API ver. 1 registered
[    0.162350] pps_core: Software ver. 5.3.6 - Copyright 2005-2007 Rodolfo Giometti <giometti@linux.it>
[    0.162374] PTP clock support registered
[    0.170868] vgaarb: loaded
[    0.171249] clocksource: Switched to clocksource dmtimer
[    0.171936] VFS: Disk quotas dquot_6.6.0
[    0.171997] VFS: Dquot-cache hash table entries: 1024 (order 0, 4096 bytes)
[    0.195487] NET: Registered PF_INET protocol family
[    0.195828] IP idents hash table entries: 8192 (order: 4, 65536 bytes, linear)
[    0.197268] tcp_listen_portaddr_hash hash table entries: 512 (order: 0, 4096 bytes, linear)
[    0.197304] Table-perturb hash table entries: 65536 (order: 6, 262144 bytes, linear)
[    0.197322] TCP established hash table entries: 4096 (order: 2, 16384 bytes, linear)
[    0.197366] TCP bind hash table entries: 4096 (order: 4, 65536 bytes, linear)
[    0.197466] TCP: Hash tables configured (established 4096 bind 4096)
[    0.197592] UDP hash table entries: 256 (order: 1, 14336 bytes, linear)
[    0.197625] UDP-Lite hash table entries: 256 (order: 1, 14336 bytes, linear)
[    0.197833] NET: Registered PF_UNIX/PF_LOCAL protocol family
[    0.202354] RPC: Registered named UNIX socket transport module.
[    0.202374] RPC: Registered udp transport module.
[    0.202379] RPC: Registered tcp transport module.
[    0.202384] RPC: Registered tcp-with-tls transport module.
[    0.202389] RPC: Registered tcp NFSv4.1 backchannel transport module.
[    0.202415] PCI: CLS 0 bytes, default 64
[    0.203821] Initialise system trusted keyrings
[    0.211846] workingset: timestamp_bits=14 max_order=17 bucket_order=3
[    0.213319] NFS: Registering the id_resolver key type
[    0.213378] Key type id_resolver registered
[    0.213384] Key type id_legacy registered
[    0.213501] jffs2: version 2.2. (NAND) (SUMMARY)  Â© 2001-2006 Red Hat, Inc.
[    0.213966] Key type asymmetric registered
[    0.213983] Asymmetric key parser 'x509' registered
[    0.214063] io scheduler mq-deadline registered
[    0.214073] io scheduler kyber registered
[    0.214160] io scheduler bfq registered
[    0.216019] target-module@4b000000:target-module@140000:pmu@0:fck: device ID is greater than 24
[    0.221561] ledtrig-cpu: registered to indicate activity on CPUs
[    0.231715] Serial: 8250/16550 driver, 6 ports, IRQ sharing enabled
[    0.266648] brd: module loaded
[    0.287037] loop: module loaded
[    0.287983] mtdoops: mtd device (mtddev=name/number) must be supplied
[    0.289544] mdio_bus fixed-0: using lookup tables for GPIO lookup
[    0.289569] mdio_bus fixed-0: No GPIO consumer reset found
[    0.290989] i2c_dev: i2c /dev entries driver
[    0.292170] cpuidle: enable-method property 'ti,am3352' found operations
[    0.292621] sdhci: Secure Digital Host Controller Interface driver
[    0.292631] sdhci: Copyright(c) Pierre Ossman
[    0.292820] sdhci-pltfm: SDHCI platform and OF driver helper
[    0.301617] hw perfevents: enabled with armv7_cortex_a8 PMU driver, 5 (8000000f) counters available
[    0.302173] Initializing XFRM netlink socket
[    0.302346] NET: Registered PF_INET6 protocol family
[    0.304362] Segment Routing with IPv6
[    0.304441] In-situ OAM (IOAM) with IPv6
[    0.304536] sit: IPv6, IPv4 and MPLS over IPv4 tunneling driver
[    0.305505] NET: Registered PF_PACKET protocol family
[    0.305532] NET: Registered PF_KEY protocol family
[    0.305655] Key type dns_resolver registered
[    0.305888] ThumbEE CPU extension supported.
[    0.305909] Registering SWP/SWPB emulation handler
[    0.306434] omap_voltage_late_init: Voltage driver support not added
[    0.307094] SmartReflex Class3 initialized
[    0.343188] Loading compiled-in X.509 certificates
[    0.379614] /ocp/interconnect@44c00000/segment@200000/target-module@b000/i2c@0/tda19988@70: Fixed dependency cycle(s) with /ocp/interconnect@48000000/segment@300000/target-module@e000/lcdc@0
[    0.386201] /ocp/interconnect@44c00000/segment@200000/target-module@b000/i2c@0/tda19988@70: Fixed dependency cycle(s) with /ocp/interconnect@48000000/segment@300000/target-module@e000/lcdc@0
[    0.391843] gpiochip_find_base_unlocked: found new base at 512
[    0.428925] /ocp/interconnect@44c00000/segment@200000/target-module@b000/i2c@0/tda19988@70: Fixed dependency cycle(s) with /ocp/interconnect@48000000/segment@300000/target-module@e000/lcdc@0
[    0.429809] /ocp/interconnect@44c00000/segment@200000/target-module@b000/i2c@0/tda19988@70: Fixed dependency cycle(s) with /ocp/interconnect@48000000/segment@300000/target-module@e000/lcdc@0
[    0.433616] /ocp/interconnect@44c00000/segment@200000/target-module@10000/scm@0/pinmux@800: Fixed dependency cycle(s) with /ocp/interconnect@44c00000/segment@200000/target-module@10000/scm@0/pinmux@800/clkout2-pins
[    0.434203] pinctrl-single 44e10800.pinmux: 142 pins, size 568
[    0.439510] ti-sysc 44e31000.target-module: probe with driver ti-sysc failed with error -16
[    0.468937] /ocp/interconnect@48000000/segment@300000/target-module@e000/lcdc@0: Fixed dependency cycle(s) with /ocp/interconnect@44c00000/segment@200000/target-module@b000/i2c@0/tda19988@70
[    0.477282] ti-sysc 48040000.target-module: probe with driver ti-sysc failed with error -16
[    0.488915] gpiochip_find_base_unlocked: found new base at 512
[    0.489018] gpio gpiochip0: (gpio-0-31): created GPIO range 0->7 ==> 44e10800.pinmux PIN 0->7
[    0.489037] gpio gpiochip0: (gpio-0-31): created GPIO range 8->11 ==> 44e10800.pinmux PIN 90->93
[    0.489053] gpio gpiochip0: (gpio-0-31): created GPIO range 12->27 ==> 44e10800.pinmux PIN 12->27
[    0.489068] gpio gpiochip0: (gpio-0-31): created GPIO range 28->31 ==> 44e10800.pinmux PIN 30->33
[    0.513673] gpio gpiochip0: (gpio-0-31): added GPIO chardev (254:0)
[    0.513912] gpio gpiochip0: registered GPIOs 512 to 543 on gpio-0-31
[    0.514003] OMAP GPIO hardware version 0.1
[    0.560656] i2c i2c-2: using DT '/ocp/interconnect@48000000/segment@100000/target-module@9c000/i2c@0' for 'scl' GPIO lookup
[    0.560728] of_get_named_gpiod_flags: can't parse 'scl-gpios' property of node '/ocp/interconnect@48000000/segment@100000/target-module@9c000/i2c@0[0]'
[    0.560770] of_get_named_gpiod_flags: can't parse 'scl-gpio' property of node '/ocp/interconnect@48000000/segment@100000/target-module@9c000/i2c@0[0]'
[    0.560806] i2c i2c-2: using lookup tables for GPIO lookup
[    0.560816] i2c i2c-2: No GPIO consumer scl found
[    0.560838] i2c i2c-2: using DT '/ocp/interconnect@48000000/segment@100000/target-module@9c000/i2c@0' for 'sda' GPIO lookup
[    0.560874] of_get_named_gpiod_flags: can't parse 'sda-gpios' property of node '/ocp/interconnect@48000000/segment@100000/target-module@9c000/i2c@0[0]'
[    0.560910] of_get_named_gpiod_flags: can't parse 'sda-gpio' property of node '/ocp/interconnect@48000000/segment@100000/target-module@9c000/i2c@0[0]'
[    0.560941] i2c i2c-2: using lookup tables for GPIO lookup
[    0.560948] i2c i2c-2: No GPIO consumer sda found
[    0.561856] omap_i2c 4819c000.i2c: bus 2 rev0.11 at 100 kHz
[    0.567452] gpiochip_find_base_unlocked: found new base at 544
[    0.567566] gpio gpiochip1: (gpio-32-63): created GPIO range 0->17 ==> 44e10800.pinmux PIN 34->51
[    0.567587] gpio gpiochip1: (gpio-32-63): created GPIO range 18->21 ==> 44e10800.pinmux PIN 77->80
[    0.567603] gpio gpiochip1: (gpio-32-63): created GPIO range 22->31 ==> 44e10800.pinmux PIN 56->65
[    0.568539] gpio gpiochip1: (gpio-32-63): added GPIO chardev (254:1)
[    0.568754] gpio gpiochip1: registered GPIOs 544 to 575 on gpio-32-63
[    0.571004] gpiochip_find_base_unlocked: found new base at 576
[    0.571099] gpio gpiochip2: (gpio-64-95): created GPIO range 0->4 ==> 44e10800.pinmux PIN 66->70
[    0.571119] gpio gpiochip2: (gpio-64-95): created GPIO range 5->6 ==> 44e10800.pinmux PIN 98->99
[    0.571134] gpio gpiochip2: (gpio-64-95): created GPIO range 7->8 ==> 44e10800.pinmux PIN 75->76
[    0.571150] gpio gpiochip2: (gpio-64-95): created GPIO range 13->13 ==> 44e10800.pinmux PIN 141->141
[    0.571166] gpio gpiochip2: (gpio-64-95): created GPIO range 14->21 ==> 44e10800.pinmux PIN 100->107
[    0.572024] gpio gpiochip2: (gpio-64-95): added GPIO chardev (254:2)
[    0.572240] gpio gpiochip2: registered GPIOs 576 to 607 on gpio-64-95
[    0.577919] 48000000.interconnect:segment@200000:target-module@0:mpu@0:fck: device ID is greater than 24
[    0.578810] /ocp/interconnect@48000000/segment@300000/target-module@e000/lcdc@0: Fixed dependency cycle(s) with /ocp/interconnect@44c00000/segment@200000/target-module@b000/i2c@0/tda19988@70
[    0.581976] /ocp/interconnect@48000000/segment@300000/target-module@e000/lcdc@0: Fixed dependency cycle(s) with /ocp/interconnect@44c00000/segment@200000/target-module@b000/i2c@0/tda19988@70
[    0.582765] /ocp/interconnect@44c00000/segment@200000/target-module@b000/i2c@0/tda19988@70: Fixed dependency cycle(s) with /ocp/interconnect@48000000/segment@300000/target-module@e000/lcdc@0
[    0.582957] /ocp/interconnect@48000000/segment@300000/target-module@e000/lcdc@0: Fixed dependency cycle(s) with /ocp/interconnect@44c00000/segment@200000/target-module@b000/i2c@0/tda19988@70
[    0.590279] sdhci-omap 481d8000.mmc: using DT '/ocp/interconnect@48000000/segment@100000/target-module@d8000/mmc@0' for 'wp' GPIO lookup
[    0.590351] of_get_named_gpiod_flags: can't parse 'wp-gpios' property of node '/ocp/interconnect@48000000/segment@100000/target-module@d8000/mmc@0[0]'
[    0.590394] of_get_named_gpiod_flags: can't parse 'wp-gpio' property of node '/ocp/interconnect@48000000/segment@100000/target-module@d8000/mmc@0[0]'
[    0.590431] sdhci-omap 481d8000.mmc: using lookup tables for GPIO lookup
[    0.590442] sdhci-omap 481d8000.mmc: No GPIO consumer wp found
[    0.590635] sdhci-omap 481d8000.mmc: supply pbias not found, using dummy regulator
[    0.591133] sdhci-omap 481d8000.mmc: supply vqmmc not found, using dummy regulator
[    0.627128] mdio_bus 4a101000.mdio: using DT '/ocp/interconnect@4a000000/segment@0/target-module@100000/switch@0/mdio@1000' for 'reset' GPIO lookup
[    0.627205] of_get_named_gpiod_flags: can't parse 'reset-gpios' property of node '/ocp/interconnect@4a000000/segment@0/target-module@100000/switch@0/mdio@1000[0]'
[    0.627251] of_get_named_gpiod_flags: can't parse 'reset-gpio' property of node '/ocp/interconnect@4a000000/segment@0/target-module@100000/switch@0/mdio@1000[0]'
[    0.627298] mdio_bus 4a101000.mdio: using lookup tables for GPIO lookup
[    0.627308] mdio_bus 4a101000.mdio: No GPIO consumer reset found
[    0.680426] davinci_mdio 4a101000.mdio: davinci mdio revision 1.6, bus freq 1000000
[    0.702332] mdio_bus 4a101000.mdio:00: using DT '/ocp/interconnect@4a000000/segment@0/target-module@100000/switch@0/mdio@1000/ethernet-phy@0' for 'reset' GPIO lookup
[    0.702429] of_get_named_gpiod_flags: parsed 'reset-gpios' property of node '/ocp/interconnect@4a000000/segment@0/target-module@100000/switch@0/mdio@1000/ethernet-phy@0[0]' - status (0)
[    0.702590] gpio gpiochip0: Persistence not supported for GPIO 8
[    0.828589] davinci_mdio 4a101000.mdio: phy[0]: device 4a101000.mdio:00, driver SMSC LAN8710/LAN8720
[    0.829360] cpsw-switch 4a100000.switch: initialized cpsw ale version 1.4
[    0.829381] cpsw-switch 4a100000.switch: ALE Table size 1024, Policers 0
[    0.844287] cpsw-switch 4a100000.switch: cpts: overflow check period 500 (jiffies)
[    0.844310] cpsw-switch 4a100000.switch: CPTS: ref_clk_freq:250000000 calc_mult:2147483648 calc_shift:29 error:0 nsec/sec
[    0.844417] cpsw-switch 4a100000.switch: Detected MACID = 6c:ec:eb:68:de:78
[    0.846293] cpsw-switch 4a100000.switch: initialized (regs 0x4a100000, pool size 256) hw_ver:0019010C 1.12 (0)
[    0.859471] debugfs: '49000000.dma' already exists in 'dmaengine'
[    0.859515] edma 49000000.dma: TI EDMA DMA engine driver
[    0.910179] gpio-clk clk_mcasp0: using DT '/clk_mcasp0' for 'enable' GPIO lookup
[    0.910263] of_get_named_gpiod_flags: parsed 'enable-gpios' property of node '/clk_mcasp0[0]' - status (0)
[    0.910308] gpio gpiochip0: Persistence not supported for GPIO 27
[    0.911055] gpiochip_find_base_unlocked: found new base at 608
[    0.911164] gpio gpiochip3: (gpio-96-127): created GPIO range 0->7 ==> 44e10800.pinmux PIN 82->89
[    0.911187] gpio gpiochip3: (gpio-96-127): created GPIO range 8->11 ==> 44e10800.pinmux PIN 52->55
[    0.911203] gpio gpiochip3: (gpio-96-127): created GPIO range 12->15 ==> 44e10800.pinmux PIN 94->97
[    0.911430] gpio gpiochip3: (gpio-96-127): created GPIO range 16->17 ==> 44e10800.pinmux PIN 71->72
[    0.911453] gpio gpiochip3: (gpio-96-127): created GPIO range 18->18 ==> 44e10800.pinmux PIN 135->135
[    0.911480] gpio gpiochip3: (gpio-96-127): created GPIO range 19->20 ==> 44e10800.pinmux PIN 108->109
[    0.911498] gpio gpiochip3: (gpio-96-127): created GPIO range 21->21 ==> 44e10800.pinmux PIN 73->73
[    0.911516] gpio gpiochip3: (gpio-96-127): created GPIO range 22->23 ==> 44e10800.pinmux PIN 8->9
[    0.911533] gpio gpiochip3: (gpio-96-127): created GPIO range 26->27 ==> 44e10800.pinmux PIN 10->11
[    0.911550] gpio gpiochip3: (gpio-96-127): created GPIO range 28->28 ==> 44e10800.pinmux PIN 74->74
[    0.911568] gpio gpiochip3: (gpio-96-127): created GPIO range 29->29 ==> 44e10800.pinmux PIN 81->81
[    0.911586] gpio gpiochip3: (gpio-96-127): created GPIO range 30->31 ==> 44e10800.pinmux PIN 28->29
[    0.912426] gpio gpiochip3: (gpio-96-127): added GPIO chardev (254:3)
[    0.912657] gpio gpiochip3: registered GPIOs 608 to 639 on gpio-96-127
[    0.914717] omap8250 44e09000.serial: using DT '/ocp/interconnect@44c00000/segment@200000/target-module@9000/serial@0' for 'rs485-term' GPIO lookup
[    0.914787] of_get_named_gpiod_flags: can't parse 'rs485-term-gpios' property of node '/ocp/interconnect@44c00000/segment@200000/target-module@9000/serial@0[0]'
[    0.914830] of_get_named_gpiod_flags: can't parse 'rs485-term-gpio' property of node '/ocp/interconnect@44c00000/segment@200000/target-module@9000/serial@0[0]'
[    0.914867] omap8250 44e09000.serial: using lookup tables for GPIO lookup
[    0.914878] omap8250 44e09000.serial: No GPIO consumer rs485-term found
[    0.914888] omap8250 44e09000.serial: using DT '/ocp/interconnect@44c00000/segment@200000/target-module@9000/serial@0' for 'rs485-rx-during-tx' GPIO lookup
[    0.914923] of_get_named_gpiod_flags: can't parse 'rs485-rx-during-tx-gpios' property of node '/ocp/interconnect@44c00000/segment@200000/target-module@9000/serial@0[0]'
