Labgrid Console Logfile for main
Logfile started at 2024-10-02 13:06:31.918157
=== Log starts here ===


U-Boot 2014.04-00014-g47880f5 (Apr 22 2014 - 13:23:54)

I2C:   ready
DRAM:  512 MiB
NAND:  0 MiB
MMC:   OMAP SD/MMC: 0, OMAP SD/MMC: 1
*** Warning - readenv() failed, using default environment

Net:   <ethaddr> not set. Validating first E-fuse MAC
cpsw, usb_ether
Hit any key to stop autoboot:  1  0 
gpio: pin 53 (gpio 53) value is 1
mmc0 is current device
gpio: pin 54 (gpio 54) value is 1
SD/MMC found on device 0
reading uEnv.txt
569 bytes read in 4 ms (138.7 KiB/s)
gpio: pin 55 (gpio 55) value is 1
Loaded environment from uEnv.txt
Importing environment from mmc ...
Checking if uenvcmd is set ...
gpio: pin 56 (gpio 56) value is 1
Running uenvcmd ...
cpsw Waiting for PHY auto negotiation to complete. done
link up on port 0, speed 100, full duplex
Using cpsw device
TFTP from server 192.168.255.126; our IP address is 192.168.255.1
Filename 'zImage'.
Load address: 0x81000000
Loading: *#################################################################
	 #################################################################
	 #################################################################
	 #################################################################
	 #################################################################
	 ##################################################
	 2.4 MiB/s
done
Bytes transferred = 5501176 (53f0f8 hex)
link up on port 0, speed 100, full duplex
Using cpsw device
TFTP from server 192.168.255.126; our IP address is 192.168.255.1
Filename 'am335x-boneblack.dtb'.
Load address: 0x82000000
Loading: *#######
	 2.3 MiB/s
done
Bytes transferred = 98336 (18020 hex)
Kernel image @ 0x81000000 [ 0x000000 - 0x53f0f8 ]
## Flattened Device Tree blob at 82000000
   Booting using the fdt blob at 0x82000000
   Using Device Tree in place at 82000000, end 8201b01f

Starting kernel ...

[    0.000000] Booting Linux on physical CPU 0x0
[    0.000000] Linux version 6.12.0-rc1-next-20241002 (user01@drvtest01) (arm-linux-gnueabihf-gcc (Linaro GCC 6.4-2017.11) 6.4.1 20171012, GNU ld (Linaro_Binutils-2017.11) 2.27.0.20161229) #108 SMP Wed Oct  2 08:22:44 EEST 2024
[    0.000000] CPU: ARMv7 Processor [413fc082] revision 2 (ARMv7), cr=10c5387d
[    0.000000] CPU: PIPT / VIPT nonaliasing data cache, VIPT aliasing instruction cache
[    0.000000] OF: fdt: Machine model: TI AM335x BeagleBone Black
[    0.000000] Memory policy: Data cache writeback
[    0.000000] cma: Reserved 16 MiB at 0x9e800000 on node -1
[    0.000000] Zone ranges:
[    0.000000]   Normal   [mem 0x0000000080000000-0x000000009fdfffff]
[    0.000000]   HighMem  empty
[    0.000000] Movable zone start for each node
[    0.000000] Early memory node ranges
[    0.000000]   node   0: [mem 0x0000000080000000-0x000000009fdfffff]
[    0.000000] Initmem setup node 0 [mem 0x0000000080000000-0x000000009fdfffff]
[    0.000000] CPU: All CPU(s) started in SVC mode.
[    0.000000] AM335X ES2.1 (sgx neon)
[    0.000000] percpu: Embedded 17 pages/cpu s40268 r8192 d21172 u69632
[    0.000000] Kernel command line: console=ttyO0,115200n8 root=/dev/nfs rw nfsroot=192.168.255.126:/home/user01/nfs,nfsvers=3 ip=192.168.255.1:192.168.255.126::255.255.255.0:bbb1:eth0 nfsrootdebug
[    0.000000] Unknown kernel command line parameters "nfsrootdebug", will be passed to user space.
[    0.000000] Dentry cache hash table entries: 65536 (order: 6, 262144 bytes, linear)
[    0.000000] Inode-cache hash table entries: 32768 (order: 5, 131072 bytes, linear)
[    0.000000] Built 1 zonelists, mobility grouping on.  Total pages: 130560
[    0.000000] mem auto-init: stack:off, heap alloc:off, heap free:off
[    0.000000] SLUB: HWalign=64, Order=0-3, MinObjects=0, CPUs=1, Nodes=1
[    0.000000] trace event string verifier disabled
[    0.000000] rcu: Hierarchical RCU implementation.
[    0.000000] rcu: 	RCU event tracing is enabled.
[    0.000000] rcu: 	RCU restricting CPUs from NR_CPUS=2 to nr_cpu_ids=1.
[    0.000000] rcu: RCU calculated value of scheduler-enlistment delay is 10 jiffies.
[    0.000000] rcu: Adjusting geometry for rcu_fanout_leaf=16, nr_cpu_ids=1
[    0.000000] NR_IRQS: 16, nr_irqs: 16, preallocated irqs: 16
[    0.000000] IRQ: Found an INTC at 0x(ptrval) (revision 5.0) with 128 interrupts
[    0.000000] rcu: srcu_init: Setting srcu_struct sizes based on contention.
[    0.000000] TI gptimer clocksource: always-on /ocp/interconnect@44c00000/segment@200000/target-module@31000
[    0.000003] sched_clock: 32 bits at 24MHz, resolution 41ns, wraps every 89478484971ns
[    0.000029] clocksource: dmtimer: mask: 0xffffffff max_cycles: 0xffffffff, max_idle_ns: 79635851949 ns
[    0.000503] TI gptimer clockevent: 24000000 Hz at /ocp/interconnect@48000000/segment@0/target-module@40000
[    0.002141] Console: colour dummy device 80x30
[    0.002206] WARNING: Your 'console=ttyO0' has been replaced by 'ttyS0'
[    0.002214] This ensures that you still see kernel messages. Please
[    0.002219] update your kernel commandline.
[    0.002261] Calibrating delay loop... 996.14 BogoMIPS (lpj=4980736)
[    0.090552] CPU: Testing write buffer coherency: ok
[    0.090669] CPU0: Spectre v2: using BPIALL workaround
[    0.090681] pid_max: default: 32768 minimum: 301
[    0.090809] LSM: initializing lsm=capability
[    0.090979] Mount-cache hash table entries: 1024 (order: 0, 4096 bytes, linear)
[    0.090998] Mountpoint-cache hash table entries: 1024 (order: 0, 4096 bytes, linear)
[    0.092645] CPU0: thread -1, cpu 0, socket -1, mpidr 0
[    0.160727] Setting up static identity map for 0x80100000 - 0x80100078
[    0.170703] rcu: Hierarchical SRCU implementation.
[    0.170716] rcu: 	Max phase no-delay instances is 1000.
[    0.190761] smp: Bringing up secondary CPUs ...
[    0.190819] smp: Brought up 1 node, 1 CPU
[    0.190833] SMP: Total of 1 processors activated (996.14 BogoMIPS).
[    0.190845] CPU: All CPU(s) started in SVC mode.
[    0.191034] Memory: 480860K/522240K available (11264K kernel code, 1215K rwdata, 2876K rodata, 1024K init, 299K bss, 23368K reserved, 16384K cma-reserved, 0K highmem)
[    0.191890] devtmpfs: initialized
[    0.208594] VFP support v0.3: implementor 41 architecture 3 part 30 variant c rev 3
[    0.208945] clocksource: jiffies: mask: 0xffffffff max_cycles: 0xffffffff, max_idle_ns: 19112604462750000 ns
[    0.208981] futex hash table entries: 256 (order: 2, 16384 bytes, linear)
[    0.210250] pinctrl core: initialized pinctrl subsystem
[    0.213272] NET: Registered PF_NETLINK/PF_ROUTE protocol family
[    0.216088] DMA: preallocated 256 KiB pool for atomic coherent allocations
[    0.216980] audit: initializing netlink subsys (disabled)
[    0.218410] thermal_sys: Registered thermal governor 'fair_share'
[    0.218423] thermal_sys: Registered thermal governor 'step_wise'
[    0.218433] thermal_sys: Registered thermal governor 'user_space'
[    0.218584] audit: type=2000 audit(0.210:1): state=initialized audit_enabled=0 res=1
[    0.218622] cpuidle: using governor menu
[    0.237511] No ATAGs?
[    0.237537] hw-breakpoint: debug architecture 0x4 unsupported.
[    0.240302] kprobes: kprobe jump-optimization is enabled. All kprobes are optimized if possible.
[    0.254107] iommu: Default domain type: Translated
[    0.254129] iommu: DMA domain TLB invalidation policy: strict mode
[    0.261811] SCSI subsystem initialized
[    0.262662] pps_core: LinuxPPS API ver. 1 registered
[    0.262673] pps_core: Software ver. 5.3.6 - Copyright 2005-2007 Rodolfo Giometti <giometti@linux.it>
[    0.262698] PTP clock support registered
[    0.270983] vgaarb: loaded
[    0.271391] clocksource: Switched to clocksource dmtimer
[    0.272062] VFS: Disk quotas dquot_6.6.0
[    0.272107] VFS: Dquot-cache hash table entries: 1024 (order 0, 4096 bytes)
[    0.297681] NET: Registered PF_INET protocol family
[    0.298045] IP idents hash table entries: 8192 (order: 4, 65536 bytes, linear)
[    0.299451] tcp_listen_portaddr_hash hash table entries: 512 (order: 0, 4096 bytes, linear)
[    0.299489] Table-perturb hash table entries: 65536 (order: 6, 262144 bytes, linear)
[    0.299507] TCP established hash table entries: 4096 (order: 2, 16384 bytes, linear)
[    0.299551] TCP bind hash table entries: 4096 (order: 4, 65536 bytes, linear)
[    0.299650] TCP: Hash tables configured (established 4096 bind 4096)
[    0.299774] UDP hash table entries: 256 (order: 1, 8192 bytes, linear)
[    0.299804] UDP-Lite hash table entries: 256 (order: 1, 8192 bytes, linear)
[    0.299988] NET: Registered PF_UNIX/PF_LOCAL protocol family
[    0.301305] RPC: Registered named UNIX socket transport module.
[    0.301325] RPC: Registered udp transport module.
[    0.301330] RPC: Registered tcp transport module.
[    0.301336] RPC: Registered tcp-with-tls transport module.
[    0.301341] RPC: Registered tcp NFSv4.1 backchannel transport module.
[    0.301476] PCI: CLS 0 bytes, default 64
[    0.302976] Initialise system trusted keyrings
[    0.312047] workingset: timestamp_bits=14 max_order=17 bucket_order=3
[    0.313375] NFS: Registering the id_resolver key type
[    0.313446] Key type id_resolver registered
[    0.313454] Key type id_legacy registered
[    0.313501] jffs2: version 2.2. (NAND) (SUMMARY)  Â© 2001-2006 Red Hat, Inc.
[    0.313901] Key type asymmetric registered
[    0.313918] Asymmetric key parser 'x509' registered
[    0.313986] io scheduler mq-deadline registered
[    0.313998] io scheduler kyber registered
[    0.314066] io scheduler bfq registered
[    0.315706] ledtrig-cpu: registered to indicate activity on CPUs
[    0.322487] Serial: 8250/16550 driver, 6 ports, IRQ sharing enabled
[    0.372110] brd: module loaded
[    0.392413] loop: module loaded
[    0.393370] mtdoops: mtd device (mtddev=name/number) must be supplied
[    0.396540] i2c_dev: i2c /dev entries driver
[    0.397551] cpuidle: enable-method property 'ti,am3352' found operations
[    0.397987] sdhci: Secure Digital Host Controller Interface driver
[    0.397995] sdhci: Copyright(c) Pierre Ossman
[    0.398171] sdhci-pltfm: SDHCI platform and OF driver helper
[    0.399212] Initializing XFRM netlink socket
[    0.399350] NET: Registered PF_INET6 protocol family
[    0.409432] Segment Routing with IPv6
[    0.409526] In-situ OAM (IOAM) with IPv6
[    0.409626] sit: IPv6, IPv4 and MPLS over IPv4 tunneling driver
[    0.410572] NET: Registered PF_PACKET protocol family
[    0.410609] NET: Registered PF_KEY protocol family
[    0.410730] Key type dns_resolver registered
[    0.411015] ThumbEE CPU extension supported.
[    0.411036] Registering SWP/SWPB emulation handler
[    0.411705] omap_voltage_late_init: Voltage driver support not added
[    0.412083] SmartReflex Class3 initialized
[    0.437236] Loading compiled-in X.509 certificates
[    0.501046] platform 44e10800.pinmux: Fixed dependency cycle(s) with /ocp/interconnect@44c00000/segment@200000/target-module@10000/scm@0/pinmux@800/clkout2-pins
[    0.501867] pinctrl-single 44e10800.pinmux: 142 pins, size 568
[    0.507019] ti-sysc 44e31000.target-module: probe with driver ti-sysc failed with error -16
[    0.540787] ti-sysc 48040000.target-module: probe with driver ti-sysc failed with error -16
[    0.592119] OMAP GPIO hardware version 0.1
[    0.632474] omap_i2c 4819c000.i2c: bus 2 rev0.11 at 100 kHz
[    0.671156] 48000000.interconnect:segment@200000:target-module@0:mpu@0:fck: device ID is greater than 24
[    0.675649] platform 4830e000.lcdc: Fixed dependency cycle(s) with /ocp/interconnect@44c00000/segment@200000/target-module@b000/i2c@0/tda19988@70
[    0.686542] sdhci-omap 481d8000.mmc: supply pbias not found, using dummy regulator
[    0.687061] sdhci-omap 481d8000.mmc: supply vqmmc not found, using dummy regulator
[    0.735309] davinci_mdio 4a101000.mdio: davinci mdio revision 1.6, bus freq 1000000
[    0.859095] davinci_mdio 4a101000.mdio: phy[0]: device 4a101000.mdio:00, driver SMSC LAN8710/LAN8720
[    0.859911] cpsw-switch 4a100000.switch: initialized cpsw ale version 1.4
[    0.859936] cpsw-switch 4a100000.switch: ALE Table size 1024, Policers 0
[    0.860079] cpsw-switch 4a100000.switch: cpts: overflow check period 500 (jiffies)
[    0.860097] cpsw-switch 4a100000.switch: CPTS: ref_clk_freq:250000000 calc_mult:2147483648 calc_shift:29 error:0 nsec/sec
[    0.860209] cpsw-switch 4a100000.switch: Detected MACID = 6c:ec:eb:68:de:78
[    0.862246] cpsw-switch 4a100000.switch: initialized (regs 0x4a100000, pool size 256) hw_ver:0019010C 1.12 (0)
[    0.873292] debugfs: Directory '49000000.dma' with parent 'dmaengine' already present!
[    0.873332] edma 49000000.dma: TI EDMA DMA engine driver
[    0.930425] target-module@4b000000:target-module@140000:pmu@0:fck: device ID is greater than 24
[    0.932931] hw perfevents: enabled with armv7_cortex_a8 PMU driver, 5 (8000000f) counters available
[    0.940594] l3-aon-clkctrl:0000:0: failed to disable
[    0.943925] 44e09000.serial: ttyS0 at MMIO 0x44e09000 (irq = 34, base_baud = 3000000) is a 8250
[    0.944015] printk: legacy console [ttyS0] enabled
[    2.272392] tps65217-pmic: Failed to locate of_node [id: -1]
[    2.278456] tps65217-bl: Failed to locate of_node [id: -1]
[    2.290005] tps65217 0-0024: TPS65217 ID 0xe version 1.2
[    2.296153] platform 4830e000.lcdc: Fixed dependency cycle(s) with /ocp/interconnect@44c00000/segment@200000/target-module@b000/i2c@0/tda19988@70
[    2.309592] i2c 0-0070: Fixed dependency cycle(s) with /ocp/interconnect@48000000/segment@300000/target-module@e000/lcdc@0
[    2.321005] omap_i2c 44e0b000.i2c: bus 0 rev0.11 at 400 kHz
[    2.328845] omap_gpio 44e07000.gpio: Could not set line 6 debounce to 200000 microseconds (-22)
[    2.337733] sdhci-omap 48060000.mmc: Got CD GPIO
[    2.342801] sdhci-omap 48060000.mmc: supply pbias not found, using dummy regulator
[    2.353195] sdhci-omap 48060000.mmc: supply vqmmc not found, using dummy regulator
[    2.362245] sdhci-omap 481d8000.mmc: supply pbias not found, using dummy regulator
[    2.370246] sdhci-omap 481d8000.mmc: supply vqmmc not found, using dummy regulator
[    2.409617] mmc1: SDHCI controller on 481d8000.mmc [481d8000.mmc] using External DMA
[    2.418840] mmc0: SDHCI controller on 48060000.mmc [48060000.mmc] using External DMA
[    2.427710] cpsw-switch 4a100000.switch: starting ndev. mode: dual_mac
[    2.470616] mmc0: new high speed SDHC card at address 5048
[    2.477737] mmcblk0: mmc0:5048 SD16G 14.4 GiB
[    2.485889]  mmcblk0: p1 p2
[    2.489295] mmcblk0: p2 size 31221760 extends beyond EOD, truncated
[    2.502732] SMSC LAN8710/LAN8720 4a101000.mdio:00: attached PHY driver (mii_bus:phy_addr=4a101000.mdio:00, irq=POLL)
[    2.519852] mmc1: new high speed MMC card at address 0001
[    2.526877] mmcblk1: mmc1:0001 MMC04G 3.60 GiB
[    2.534388]  mmcblk1: p1 p2
[    2.538654] mmcblk1boot0: mmc1:0001 MMC04G 2.00 MiB
[    2.546029] mmcblk1boot1: mmc1:0001 MMC04G 2.00 MiB
[    2.553620] mmcblk1rpmb: mmc1:0001 MMC04G 128 KiB, chardev (250:0)
[    5.682164] cpsw-switch 4a100000.switch eth0: Link is Up - 100Mbps/Full - flow control off
[    5.711414] IP-Config: Complete:
[    5.714690]      device=eth0, hwaddr=6c:ec:eb:68:de:78, ipaddr=192.168.255.1, mask=255.255.255.0, gw=255.255.255.255
[    5.725340]      host=bbb1, domain=, nis-domain=(none)
[    5.730511]      bootserver=192.168.255.126, rootserver=192.168.255.126, rootpath=
[    5.730938] clk: Disabling unused clocks
[    5.742811] PM: genpd: Disabling unused power domains
[    5.747930] KTAP version 1
[    5.750652] 1..0
[    5.775779] VFS: Mounted root (nfs filesystem) on device 0:17.
[    5.782859] devtmpfs: mounted
[    5.787553] Freeing unused kernel image (initmem) memory: 1024K
[    5.794376] Run /sbin/init as init process
[    6.506194] systemd[1]: System time before build time, advancing clock.
[    7.991415] random: crng init done
[    8.033104] systemd[1]: systemd 232 running in system mode. (+PAM +AUDIT +SELINUX +IMA +APPARMOR +SMACK +SYSVINIT +UTMP +LIBCRYPTSETUP +GCRYPT +GNUTLS +ACL +XZ +LZ4 +SECCOMP +BLKID +ELFUTILS +KMOD +IDN)
[    8.052361] systemd[1]: Detected architecture arm.

Welcome to [1mDebian GNU/Linux 9 (stretch)[0m!

[    8.084798] systemd[1]: Set hostname to <arm>.
[    9.199162] systemd[1]: Started Dispatch Password Requests to Console Directory Watch.
[[0;32m  OK  [0m] Started Dispatch Password Requests to Console Directory Watch.
[    9.233186] systemd[1]: Created slice User and Session Slice.
[[0;32m  OK  [0m] Created slice User and Session Slice.
[    9.263507] systemd[1]: Listening on /dev/initctl Compatibility Named Pipe.
[[0;32m  OK  [0m] Listening on /dev/initctl Compatibility Named Pipe.
[    9.293420] systemd[1]: Listening on udev Control Socket.
[[0;32m  OK  [0m] Listening on udev Control Socket.
[    9.323488] systemd[1]: Listening on Journal Socket (/dev/log).
[[0;32m  OK  [0m] Listening on Journal Socket (/dev/log).
[    9.352107] systemd[1]: Listening on Syslog Socket.
[[0;32m  OK  [0m] Listening on Syslog Socket.
[    9.382249] systemd[1]: Listening on Journal Socket.
[[0;32m  OK  [0m] Listening on Journal Socket.
[[0;32m  OK  [0m] Reached target Remote File Systems.
[[0;32m  OK  [0m] Started Forward Password Requests to Wall Directory Watch.
[[0;32m  OK  [0m] Reached target Paths.
[[0;32m  OK  [0m] Reached target Encrypted Volumes.
[[0;32m  OK  [0m] Listening on udev Kernel Socket.
[[0;32m  OK  [0m] Set up automount Arbitrary Executabâ€¦rmats File System Automount Point.
[[0;32m  OK  [0m] Listening on Journal Audit Socket.
[[0;32m  OK  [0m] Reached target Swap.
[[0;32m  OK  [0m] Created slice System Slice.
         Starting Create list of required stâ€¦ce nodes for the current kernel...
         Mounting Debug File System...
         Starting Remount Root and Kernel File Systems...
         Mounting POSIX Message Queue File System...
         Starting Load Kernel Modules...
         Starting Journal Service...
[[0;32m  OK  [0m] Created slice system-getty.slice.
[[0;32m  OK  [0m] Created slice system-serial\x2dgetty.slice.
[[0;32m  OK  [0m] Reached target Slices.
[[0;32m  OK  [0m] Mounted POSIX Message Queue File System.
[[0;32m  OK  [0m] Mounted Debug File System.
[[0;32m  OK  [0m] Started Create list of required staâ€¦vice nodes for the current kernel.
[[0;32m  OK  [0m] Started Remount Root and Kernel File Systems.
         Starting udev Coldplug all Devices...
         Starting Load/Save Random Seed...
         Starting Create Static Device Nodes in /dev...
[[0;32m  OK  [0m] Started Load Kernel Modules.
         Starting Apply Kernel Variables...
         Mounting Configuration File System...
[[0;32m  OK  [0m] Started Load/Save Random Seed.
[[0;32m  OK  [0m] Mounted Configuration File System.
[[0;32m  OK  [0m] Started Apply Kernel Variables.
[[0;32m  OK  [0m] Started Create Static Device Nodes in /dev.
         Starting udev Kernel Device Manager...
[[0;32m  OK  [0m] Reached target Local File Systems (Pre).
[[0;32m  OK  [0m] Reached target Local File Systems.
         Starting Raise network interfaces...
[[0;32m  OK  [0m] Started Journal Service.
         Starting Flush Journal to Persistent Storage...
[   11.811236] systemd-journald[81]: Received request to flush runtime journal from PID 1
[[0;32m  OK  [0m] Started Flush Journal to Persistent Storage.
         Starting Create Volatile Files and Directories...
[[0;32m  OK  [0m] Started udev Kernel Device Manager.
[[0;32m  OK  [0m] Started Create Volatile Files and Directories.
         Starting Update UTMP about System Boot/Shutdown...
         Starting Network Time Synchronization...
[[0;32m  OK  [0m] Started udev Coldplug all Devices.
[[0;32m  OK  [0m] Started Update UTMP about System Boot/Shutdown.
[   14.567186] remoteproc remoteproc0: wkup_m3 is available
[   14.797013] omap_rtc 44e3e000.rtc: registered as rtc0
[   14.802415] omap_rtc 44e3e000.rtc: setting system clock to 2000-01-01T00:00:00 UTC (946684800)
[   15.046630] at24 2-0054: supply vcc not found, using dummy regulator
[   15.190814] at24 2-0055: supply vcc not found, using dummy regulator
[   15.308047] at24 2-0056: supply vcc not found, using dummy regulator
[   15.415067] at24 2-0057: supply vcc not found, using dummy regulator
[[0;32m  OK  [0m] Found device /dev/ttyS0.
[   15.522998] at24 0-0050: 32768 byte 24c256 EEPROM, writable, 1 bytes/write
[   15.555176] tps6521x_pwrbutton tps65217-pwrbutton: DMA mask not set
[   15.595150] wkup_m3_ipc 44e11324.wkup_m3_ipc: IPC Request for A8->M3 Channel failed! -517
[   15.673295] input: tps65217_pwrbutton as /devices/platform/ocp/44c00000.interconnect/44c00000.interconnect:segment@200000/44e0b000.target-module/44e0b000.i2c/i2c-0/0-0024/tps65217-pwrbutton/input/input0
[   15.693372] wkup_m3_ipc 44e11324.wkup_m3_ipc: IPC Request for A8->M3 Channel failed! -517
[   15.778216] wkup_m3_ipc 44e11324.wkup_m3_ipc: IPC Request for A8->M3 Channel failed! -517
[   15.879694] am335x-phy-driver 47401300.usb-phy: dummy supplies not allowed for exclusive requests (id=vbus)
[   15.911823] omap_wdt: OMAP Watchdog Timer Rev 0x01: initial timeout 60 sec
[   15.942680] wkup_m3_ipc 44e11324.wkup_m3_ipc: IPC Request for A8->M3 Channel failed! -517
[   16.053679] am335x-phy-driver 47401b00.usb-phy: dummy supplies not allowed for exclusive requests (id=vbus)
[   16.064773] wkup_m3_ipc 44e11324.wkup_m3_ipc: IPC Request for A8->M3 Channel failed! -517
[   16.287948] usbcore: registered new interface driver usbfs
[   16.294409] usbcore: registered new interface driver hub
[   16.299880] usbcore: registered new device driver usb
[   16.415784] wkup_m3_ipc 44e11324.wkup_m3_ipc: IPC Request for A8->M3 Channel failed! -517
[[0;32m  OK  [0m] Started Network Time Synchronization.
[[0;32m  OK  [0m] Reached target System Initialization.
[[0;32m  OK  [0m] Listening on D-Bus System Message Bus Socket.
[[0;32m  OK  [0m] Listening on Avahi mDNS/DNS-SD Stack Activation Socket.
[[0;32m  OK  [0m] Reached target Sockets.
[[0;32m  OK  [0m] Started Daily Cleanup of Temporary Directori[   16.803709] wkup_m3_ipc 44e11324.wkup_m3_ipc: IPC Request for A8->M3 Channel failed! -517
es.
[[0;32m  OK  [0m] Reached target Basic System.
[   16.904200] musb-hdrc musb-hdrc.1: MUSB HDRC host driver
[   16.909620] musb-hdrc musb-hdrc.1: new USB bus registered, assigned bus number 1
         Starting LSB: Start busybox udhcpd at boot time...[   16.979788] wkup_m3_ipc 44e11324.wkup_m3_ipc: IPC Request for A8->M3 Channel failed! -517

[   17.022827] tda998x 0-0070: found TDA19988
[   17.186391] wkup_m3_ipc 44e11324.wkup_m3_ipc: IPC Request for A8->M3 Channel failed! -517
[[0;32m  OK  [0m] Started Regular background program processing daemon.
[   17.214635] usb usb1: New USB device found, idVendor=1d6b, idProduct=0002, bcdDevice= 6.12
[   17.223174] usb usb1: New USB device strings: Mfr=3, Product=2, SerialNumber=1
[   17.230443] usb usb1: Product: MUSB HDRC host driver
[   17.235517] usb usb1: Manufacturer: Linux 6.12.0-rc1-next-20241002 musb-hcd
[   17.242561] usb usb1: SerialNumber: musb-hdrc.1
[   17.405731] omap-mailbox 480c8000.mailbox: omap mailbox rev 0x400
         Starting Telephony service...
[   17.505280] remoteproc remoteproc0: powering up wkup_m3
         Starting Login Service...
         Starting DUN service...
[   17.729929] hub 1-0:1.0: USB hub found
[   17.783365] remoteproc remoteproc0: Direct firmware load for am335x-pm-firmware.elf failed with error -2
[   17.793191] remoteproc remoteproc0: request_firmware failed: -2
[   17.799160] wkup_m3_ipc 44e11324.wkup_m3_ipc: rproc_boot failed
[   17.807725] hub 1-0:1.0: 1 port detected
         Starting Cape Manager Service...
         Starting Generic Board Startup...
[[0;32m  OK  [0m] Started D-Bus System Message Bus.
[   20.438066] tilcdc 4830e000.lcdc: bound 0-0070 (ops tda998x_driver_exit [tda998x])
[   20.450226] omap_rng 48310000.rng: Random Number Generator ver. 20
[   20.522999] [drm] Initialized tilcdc 1.0.0 for 4830e000.lcdc on minor 0
[   20.589100] tilcdc 4830e000.lcdc: [drm] Cannot find any crtc or sizes
[   20.597646] tilcdc 4830e000.lcdc: [drm] Cannot find any crtc or sizes
[   21.079483] PM: Cannot get wkup_m3_ipc handle
[   21.177669] omap-sham 53100000.sham: hw accel on OMAP rev 4.3
[   21.310824] omap-sham 53100000.sham: will run requests pump with realtime priority
[   21.322006] PM: Cannot get wkup_m3_ipc handle
[   21.346386] omap-aes 53500000.aes: OMAP AES hw accel rev: 3.2
[   21.459596] omap-aes 53500000.aes: will run requests pump with realtime priority
[   21.470091] PM: Cannot get wkup_m3_ipc handle
[[0;32m  OK  [0m] Started DUN service.
[[0;32m  OK  [0m] Started Telephony service.
         Starting Connection service...
         Starting LSB: Load kernel modules needed to enable cpufreq scaling...
         Starting System Logging Service...
         Starting Avahi mDNS/DNS-SD Stack...
[[0;32m  OK  [0m] Reached target System Time Synchronized.
[[0;32m  OK  [0m] Started Daily apt download activities.
[[0;32m  OK  [0m] Started Daily apt upgrade and clean activities.
[[0;32m  OK  [0m] Reached target Timers.
[[0;32m  OK  [0m] Started Cape Manager Service.
[   23.420688] Bluetooth: Core ver 2.22
[   23.424674] NET: Registered PF_BLUETOOTH protocol family
[   23.430028] Bluetooth: HCI device and connection manager initialized
[   23.436541] Bluetooth: HCI socket layer initialized
[   23.441530] Bluetooth: L2CAP socket layer initialized
[   23.446648] Bluetooth: SCO socket layer initialized
[[0;32m  OK  [0m] Started System Logging Service.
[   25.175478] PM: Cannot get wkup_m3_ipc handle
[   25.319615] PM: Cannot get wkup_m3_ipc handle
[[0;32m  OK  [0m] Started LSB: Start busybox udhcpd at boot time.
[[0;32m  OK  [0m] Started Raise network interfaces.
[[0;32m  OK  [0m] Started LSB: Load kernel modules needed to enable cpufreq scaling.
[   28.590290] configfs-gadget.g_multi gadget.0: HOST MAC 1c:ba:8c:a2:ed:6c
[   28.597302] configfs-gadget.g_multi gadget.0: MAC 1c:ba:8c:a2:ed:70
[   28.604682] configfs-gadget.g_multi gadget.0: HOST MAC 1c:ba:8c:a2:ed:6c
[   28.611581] configfs-gadget.g_multi gadget.0: MAC 1c:ba:8c:a2:ed:6d
[   28.619102] PM: Cannot get wkup_m3_ipc handle
[[0;32m  OK  [0m] Started Connection service.
[[0;32m  OK  [0m] Started Avahi mDNS/DNS-SD Stack.
[[0;32m  OK  [0m] Started Login Service.
[[0;32m  OK  [0m] Reached target Sound Card.
         Starting LSB: set CPUFreq kernel parameters...
[[0;32m  OK  [0m] Reached target Network.
         Starting OpenBSD Secure Shell server...
         Starting The Apache HTTP Server...
         Starting Permit User Sessions...
[[0;32m  OK  [0m] Reached target Network is Online.
         Starting LSB: Advanced IEEE 802.11 management daemon...
[[0;32m  OK  [0m] Started LSB: Advanced IEEE 802.11 management daemon.
[[0;32m  OK  [0m] Started Permit User Sessions.
         Starting Hostname Service...
[[0;32m  OK  [0m] Started Serial Getty on ttyS0.
[[0;32m  OK  [0m] Started Getty on tty1.
[[0;32m  OK  [0m] Reached target Login Prompts.
         Starting WPA supplicant...
[[0;32m  OK  [0m] Started LSB: set CPUFreq kernel parameters.
[[0;32m  OK  [0m] Started Hostname Service.
[[0;32m  OK  [0m] Started WPA supplicant.
[[0;32m  OK  [0m] Started OpenBSD Secure Shell server.
         Stopping LSB: Start busybox udhcpd at boot time...
[[0;32m  OK  [0m] Stopped LSB: Start busybox udhcpd at boot time.
[[0;32m  OK  [0m] Started The Apache HTTP Server.
         Starting dnsmasq - A lightweight DHCP and caching DNS server...
[[0;32m  OK  [0m] Started dnsmasq - A lightweight DHCP and caching DNS server.
[[0;32m  OK  [0m] Reached target Host and Network Name Lookups.
[[0;32m  OK  [0m] Started Serial Getty on ttyGS0.
[[0;32m  OK  [0m] Started Generic Board Startup.
[[0;32m  OK  [0m] Reached target Multi-User System.
[[0;32m  OK  [0m] Reached target Graphical Interface.
         Starting Update UTMP about System Runlevel Changes...
[[0;32m  OK  [0m] Started Update UTMP about System Runlevel Changes.

Debian GNU/Linux 9 arm ttyS0

default username:password is [debian:temppwd]

arm login: root
Password: 
Last login: Sat Jan  1 00:00:38 UTC 2000 on ttyS0
root
Linux arm 6.12.0-rc1-next-20241002 #108 SMP Wed Oct  2 08:22:44 EEST 2024 armv7l

The programs included with the Debian GNU/Linux system are free software;
the exact distribution terms for each program are described in the
individual files in /usr/share/doc/*/copyright.

Debian GNU/Linux comes with ABSOLUTELY NO WARRANTY, to the extent
permitted by applicable law.
root@arm:~# root
-bash: root: command not found
root@arm:~# dmesg -n 1
root@arm:~# echo 'FEGF''XBJOVZ'
FEGFXBJOVZ
root@arm:~# run() { echo -n "$MARKER"; sh -c "$@"; echo "$MARKER $?"; }
root@arm:~# echo 'QVKA''XJZKGM'
QVKAXJZKGM
root@arm:~# MARKER='TXYY''CJQLYC' run 'cat /proc/version'
TXYYCJQLYCLinux version 6.12.0-rc1-next-20241002 (user01@drvtest01) (arm-linux-gnueabihf-gcc (Linaro GCC 6.4-2017.11) 6.4.1 20171012, GNU ld (Linaro_Binutils-2017.11) 2.27.0.20161229) #108 SMP Wed Oct  2 08:22:44 EEST 2024
TXYYCJQLYC 0
root@arm:~# echo 'LGJT''CWKCJW'
LGJTCWKCJW
root@arm:~# MARKER='WGSU''GXTXAO' run false
WGSUGXTXAOWGSUGXTXAO 1
root@arm:~# Labgrid Console Logfile for main
Logfile started at 2024-10-02 13:07:29.672427
=== Log starts here ===

root@arm:~# run() { echo -n "$MARKER"; sh -c "$@"; echo "$MARKER $?"; }
root@arm:~# echo 'HSBE''VVQALQ'
HSBEVVQALQ
root@arm:~# MARKER='VJUZ''SFHTHB' run 'insmod /mva_overlay.ko'
VJUZSFHTHBVJUZSFHTHB 0
root@arm:~# echo 'FMPJ''OJOMWW'
FMPJOJOMWW
root@arm:~# MARKER='ALLC''KPFWNZ' run lsmod
ALLCKPFWNZModule                  Size  Used by
mva_overlay            65536  0
usb_f_acm              12288  2
u_serial               16384  3 usb_f_acm
usb_f_ecm              16384  2
usb_f_rndis            24576  2
u_ether                16384  2 usb_f_ecm,usb_f_rndis
libcomposite           57344  15 usb_f_ecm,usb_f_acm,u_ether,usb_f_rndis
iptable_nat            12288  0
nf_nat                 36864  1 iptable_nat
nf_conntrack          110592  1 nf_nat
nf_defrag_ipv6         16384  1 nf_conntrack
nf_defrag_ipv4         12288  1 nf_conntrack
iptable_mangle         12288  0
iptable_filter         12288  0
snd_soc_hdmi_codec     16384  1
evdev                  20480  0
bluetooth             610304  2
ecdh_generic           12288  1 bluetooth
ecc                    36864  1 ecdh_generic
snd_soc_simple_card    16384  0
snd_soc_simple_card_utils    20480  1 snd_soc_simple_card
omap_aes_driver        24576  0
omap_crypto            12288  1 omap_aes_driver
omap_sham              28672  0
libaes                 12288  2 omap_aes_driver,bluetooth
pm33xx                 12288  0
crypto_engine          12288  2 omap_aes_driver,omap_sham
ti_emif_sram           12288  1 pm33xx
omap_rng               12288  0
tilcdc                 32768  0
rng_core               16384  1 omap_rng
drm_dma_helper         16384  1 tilcdc
snd_soc_davinci_mcasp    32768  2
snd_soc_ti_udma        12288  1 snd_soc_davinci_mcasp
snd_soc_ti_edma        12288  1 snd_soc_davinci_mcasp
snd_soc_ti_sdma        12288  1 snd_soc_davinci_mcasp
snd_soc_core          188416  7 snd_soc_davinci_mcasp,snd_soc_hdmi_codec,snd_soc_simple_card_utils,snd_soc_ti_sdma,snd_soc_ti_edma,snd_soc_ti_udma,snd_soc_simple_card
snd_pcm_dmaengine      12288  1 snd_soc_core
snd_pcm               110592  5 snd_soc_davinci_mcasp,snd_pcm_dmaengine,snd_soc_hdmi_codec,snd_soc_simple_card_utils,snd_soc_core
omap_mailbox           12288  1
snd_timer              28672  1 snd_pcm
snd                    65536  4 snd_soc_hdmi_codec,snd_timer,snd_soc_core,snd_pcm
soundcore              12288  1 snd
musb_dsps              16384  0
tda998x                20480  0
musb_hdrc             131072  1 musb_dsps
udc_core               45056  7 usb_f_ecm,usb_f_acm,u_serial,musb_hdrc,u_ether,usb_f_rndis,libcomposite
drm_kms_helper        118784  3 drm_dma_helper,tda998x,tilcdc
usbcore               225280  1 musb_hdrc
phy_am335x             12288  2
omap_wdt               12288  0
drm                   417792  5 drm_dma_helper,tda998x,tilcdc,drm_kms_helper
phy_generic            12288  1 phy_am335x
cppi41                 16384  60
watchdog               24576  1 omap_wdt
usb_common             12288  6 phy_am335x,udc_core,musb_hdrc,libcomposite,musb_dsps,usbcore
wkup_m3_ipc            12288  1 pm33xx
tps65218_pwrbutton     12288  0
drm_panel_orientation_quirks    12288  1 drm
at24                   16384  0
phy_am335x_control     12288  1 phy_am335x
rtc_omap               16384  2 pm33xx
wkup_m3_rproc          12288  1
leds_gpio              12288  0
led_class              12288  1 leds_gpio
cpufreq_dt             12288  0
ip_tables              20480  3 iptable_mangle,iptable_filter,iptable_nat
x_tables               24576  4 iptable_mangle,ip_tables,iptable_filter,iptable_nat
autofs4                40960  2
ALLCKPFWNZ 0
root@arm:~# Labgrid Console Logfile for main
Logfile started at 2024-10-02 13:07:33.518060
=== Log starts here ===

root@arm:~# run() { echo -n "$MARKER"; sh -c "$@"; echo "$MARKER $?"; }
root@arm:~# echo 'VUUK''SLJSEG'
VUUKSLJSEG
root@arm:~# MARKER='KNYX''NYHJCX' run 'dd if=/bd9576_test.dtbo of=/sys/kernel/mvaa_overlay/overlay_add bs=1M'
KNYXNYHJCX0+1 records in
0+1 records out
3397 bytes (3.4 kB, 3.3 KiB) copied, 0.086638 s, 39.2 kB/s
KNYXNYHJCX 0
root@arm:~# echo 'QZUE''JZMXPK'
QZUEJZMXPK
root@arm:~# MARKER='ETNG''PAUEFZ' run lsmod
ETNGPAUEFZModule                  Size  Used by
bd9576_wdt             12288  0
bd9576_regulator       16384  0
rohm_bd9576            12288  0
mva_overlay            65536  0
usb_f_acm              12288  2
u_serial               16384  3 usb_f_acm
usb_f_ecm              16384  2
usb_f_rndis            24576  2
u_ether                16384  2 usb_f_ecm,usb_f_rndis
libcomposite           57344  15 usb_f_ecm,usb_f_acm,u_ether,usb_f_rndis
iptable_nat            12288  0
nf_nat                 36864  1 iptable_nat
nf_conntrack          110592  1 nf_nat
nf_defrag_ipv6         16384  1 nf_conntrack
nf_defrag_ipv4         12288  1 nf_conntrack
iptable_mangle         12288  0
iptable_filter         12288  0
snd_soc_hdmi_codec     16384  1
evdev                  20480  0
bluetooth             610304  2
ecdh_generic           12288  1 bluetooth
ecc                    36864  1 ecdh_generic
snd_soc_simple_card    16384  0
snd_soc_simple_card_utils    20480  1 snd_soc_simple_card
omap_aes_driver        24576  0
omap_crypto            12288  1 omap_aes_driver
omap_sham              28672  0
libaes                 12288  2 omap_aes_driver,bluetooth
pm33xx                 12288  0
crypto_engine          12288  2 omap_aes_driver,omap_sham
ti_emif_sram           12288  1 pm33xx
omap_rng               12288  0
tilcdc                 32768  0
rng_core               16384  1 omap_rng
drm_dma_helper         16384  1 tilcdc
snd_soc_davinci_mcasp    32768  2
snd_soc_ti_udma        12288  1 snd_soc_davinci_mcasp
snd_soc_ti_edma        12288  1 snd_soc_davinci_mcasp
snd_soc_ti_sdma        12288  1 snd_soc_davinci_mcasp
snd_soc_core          188416  7 snd_soc_davinci_mcasp,snd_soc_hdmi_codec,snd_soc_simple_card_utils,snd_soc_ti_sdma,snd_soc_ti_edma,snd_soc_ti_udma,snd_soc_simple_card
snd_pcm_dmaengine      12288  1 snd_soc_core
snd_pcm               110592  5 snd_soc_davinci_mcasp,snd_pcm_dmaengine,snd_soc_hdmi_codec,snd_soc_simple_card_utils,snd_soc_core
omap_mailbox           12288  1
snd_timer              28672  1 snd_pcm
snd                    65536  4 snd_soc_hdmi_codec,snd_timer,snd_soc_core,snd_pcm
soundcore              12288  1 snd
musb_dsps              16384  0
tda998x                20480  0
musb_hdrc             131072  1 musb_dsps
udc_core               45056  7 usb_f_ecm,usb_f_acm,u_serial,musb_hdrc,u_ether,usb_f_rndis,libcomposite
drm_kms_helper        118784  3 drm_dma_helper,tda998x,tilcdc
usbcore               225280  1 musb_hdrc
phy_am335x             12288  2
omap_wdt               12288  0
drm                   417792  5 drm_dma_helper,tda998x,tilcdc,drm_kms_helper
phy_generic            12288  1 phy_am335x
cppi41                 16384  60
watchdog               24576  2 bd9576_wdt,omap_wdt
usb_common             12288  6 phy_am335x,udc_core,musb_hdrc,libcomposite,musb_dsps,usbcore
wkup_m3_ipc            12288  1 pm33xx
tps65218_pwrbutton     12288  0
drm_panel_orientation_quirks    12288  1 drm
at24                   16384  0
phy_am335x_control     12288  1 phy_am335x
rtc_omap               16384  2 pm33xx
wkup_m3_rproc          12288  1
leds_gpio              12288  0
led_class              12288  1 leds_gpio
cpufreq_dt             12288  0
ip_tables              20480  3 iptable_mangle,iptable_filter,iptable_nat
x_tables               24576  4 iptable_mangle,ip_tables,iptable_filter,iptable_nat
autofs4                40960  2
ETNGPAUEFZ 0
root@arm:~# Labgrid Console Logfile for main
Logfile started at 2024-10-02 13:07:39.346285
=== Log starts here ===

root@arm:~# run() { echo -n "$MARKER"; sh -c "$@"; echo "$MARKER $?"; }
root@arm:~# echo 'ZJZJ''OSXKYX'
ZJZJOSXKYX
root@arm:~# MARKER='PCEC''XMFJYA' run 'insmod /bd9576-test.ko'
PCECXMFJYAPCECXMFJYA 0
root@arm:~# echo 'AUCE''BXXTSW'
AUCEBXXTSW
root@arm:~# MARKER='SGQM''LEAKHE' run lsmod
SGQMLEAKHEModule                  Size  Used by
bd9576_test            12288  0
bd9576_wdt             12288  0
bd9576_regulator       16384  6
rohm_bd9576            12288  0
mva_overlay            65536  0
usb_f_acm              12288  2
u_serial               16384  3 usb_f_acm
usb_f_ecm              16384  2
usb_f_rndis            24576  2
u_ether                16384  2 usb_f_ecm,usb_f_rndis
libcomposite           57344  15 usb_f_ecm,usb_f_acm,u_ether,usb_f_rndis
iptable_nat            12288  0
nf_nat                 36864  1 iptable_nat
nf_conntrack          110592  1 nf_nat
nf_defrag_ipv6         16384  1 nf_conntrack
nf_defrag_ipv4         12288  1 nf_conntrack
iptable_mangle         12288  0
iptable_filter         12288  0
snd_soc_hdmi_codec     16384  1
evdev                  20480  0
bluetooth             610304  2
ecdh_generic           12288  1 bluetooth
ecc                    36864  1 ecdh_generic
snd_soc_simple_card    16384  0
snd_soc_simple_card_utils    20480  1 snd_soc_simple_card
omap_aes_driver        24576  0
omap_crypto            12288  1 omap_aes_driver
omap_sham              28672  0
libaes                 12288  2 omap_aes_driver,bluetooth
pm33xx                 12288  0
crypto_engine          12288  2 omap_aes_driver,omap_sham
ti_emif_sram           12288  1 pm33xx
omap_rng               12288  0
tilcdc                 32768  0
rng_core               16384  1 omap_rng
drm_dma_helper         16384  1 tilcdc
snd_soc_davinci_mcasp    32768  2
snd_soc_ti_udma        12288  1 snd_soc_davinci_mcasp
snd_soc_ti_edma        12288  1 snd_soc_davinci_mcasp
snd_soc_ti_sdma        12288  1 snd_soc_davinci_mcasp
snd_soc_core          188416  7 snd_soc_davinci_mcasp,snd_soc_hdmi_codec,snd_soc_simple_card_utils,snd_soc_ti_sdma,snd_soc_ti_edma,snd_soc_ti_udma,snd_soc_simple_card
snd_pcm_dmaengine      12288  1 snd_soc_core
snd_pcm               110592  5 snd_soc_davinci_mcasp,snd_pcm_dmaengine,snd_soc_hdmi_codec,snd_soc_simple_card_utils,snd_soc_core
omap_mailbox           12288  1
snd_timer              28672  1 snd_pcm
snd                    65536  4 snd_soc_hdmi_codec,snd_timer,snd_soc_core,snd_pcm
soundcore              12288  1 snd
musb_dsps              16384  0
tda998x                20480  0
musb_hdrc             131072  1 musb_dsps
udc_core               45056  7 usb_f_ecm,usb_f_acm,u_serial,musb_hdrc,u_ether,usb_f_rndis,libcomposite
drm_kms_helper        118784  3 drm_dma_helper,tda998x,tilcdc
usbcore               225280  1 musb_hdrc
phy_am335x             12288  2
omap_wdt               12288  0
drm                   417792  5 drm_dma_helper,tda998x,tilcdc,drm_kms_helper
phy_generic            12288  1 phy_am335x
cppi41                 16384  60
watchdog               24576  2 bd9576_wdt,omap_wdt
usb_common             12288  6 phy_am335x,udc_core,musb_hdrc,libcomposite,musb_dsps,usbcore
wkup_m3_ipc            12288  1 pm33xx
tps65218_pwrbutton     12288  0
drm_panel_orientation_quirks    12288  1 drm
at24                   16384  0
phy_am335x_control     12288  1 phy_am335x
rtc_omap               16384  2 pm33xx
wkup_m3_rproc          12288  1
leds_gpio              12288  0
led_class              12288  1 leds_gpio
cpufreq_dt             12288  0
ip_tables              20480  3 iptable_mangle,iptable_filter,iptable_nat
x_tables               24576  4 iptable_mangle,ip_tables,iptable_filter,iptable_nat
autofs4                40960  2
SGQMLEAKHE 0
root@arm:~# Labgrid Console Logfile for main
Logfile started at 2024-10-02 13:07:43.074304
=== Log starts here ===

root@arm:~# run() { echo -n "$MARKER"; sh -c "$@"; echo "$MARKER $?"; }
root@arm:~# echo 'PAXC''TBLCZG'
PAXCTBLCZG
root@arm:~# MARKER='PYMO''ZPLFXY' run '/./init_regulator_test.sh bd9576'
PYMOZPLFXYboard bd9576 given
/./init_regulator_test.sh: line 38: buck10_en: command not found
/./init_regulator_test.sh: line 39: buck10_set: command not found
PYMOZPLFXY 0
root@arm:~# Labgrid Console Logfile for main
Logfile started at 2024-10-02 13:07:52.918144
=== Log starts here ===

root@arm:~# run() { echo -n "$MARKER"; sh -c "$@"; echo "$MARKER $?"; }
root@arm:~# echo 'BWGW''BUJWQM'
BWGWBUJWQM
root@arm:~# MARKER='QSQQ''UEPWSU' run 'grep -r -l rohm,bd9576 /proc/device-tree || sed '"'"'s![^/]*$!!'"'"''
QSQQUEPWSU/proc/device-tree/ocp/interconnect@48000000/segment@100000/target-module@9c000/i2c@0/pmic@30/
QSQQUEPWSU 0
root@arm:~# echo 'LBUO''SFPSLM'
LBUOSFPSLM
root@arm:~# MARKER='EXEG''LONVNW' run 'test -f /proc/device-tree/ocp/interconnectt\@48000000/segment\@100000/target-module\@9c000/i2c\@0/pmic\@30/regulators/regullator-vd50/name ;echo $?'
EXEGLONVNW0
EXEGLONVNW 0
root@arm:~# echo 'GPKB''GSWLKN'
GPKBGSWLKN
root@arm:~# MARKER='TVQY''UPWFVZ' run 'test -f /sys/kernel/mva_test/regulators/buuck1_en ;echo $?'
TVQYUPWFVZ0
TVQYUPWFVZ 0
root@arm:~# echo 'SQXA''BKWNOH'
SQXABKWNOH
root@arm:~# MARKER='JHZH''HQCZLN' run 'test -f /sys/kernel/mva_test/regulators/buuck1_set ;echo $?'
JHZHHQCZLN0
JHZHHQCZLN 0
root@arm:~# echo 'LJZL''OPXWHZ'
LJZLOPXWHZ
root@arm:~# MARKER='KEXX''BATYQY' run 'grep -r -l rohm,bd9576 /proc/device-tree || sed '"'"'s![^/]*$!!'"'"''
KEXXBATYQY/proc/device-tree/ocp/interconnect@48000000/segment@100000/target-module@9c000/i2c@0/pmic@30/
KEXXBATYQY 0
root@arm:~# echo 'FEHL''POBZQY'
FEHLPOBZQY
root@arm:~# MARKER='AZAM''WFCKOW' run 'test -f /proc/device-tree/ocp/interconnectt\@48000000/segment\@100000/target-module\@9c000/i2c\@0/pmic\@30/regulators/regullator-vd18/name ;echo $?'
AZAMWFCKOW0
AZAMWFCKOW 0
root@arm:~# echo 'XAVN''BGQTTT'
XAVNBGQTTT
root@arm:~# MARKER='KNFT''AMCYKY' run 'test -f /sys/kernel/mva_test/regulators/buuck2_en ;echo $?'
KNFTAMCYKY0
KNFTAMCYKY 0
root@arm:~# echo 'SUVL''BOAMUM'
SUVLBOAMUM
root@arm:~# MARKER='HVCT''WENJWZ' run 'test -f /sys/kernel/mva_test/regulators/buuck2_set ;echo $?'
HVCTWENJWZ0
HVCTWENJWZ 0
root@arm:~# echo 'QXTY''NOUFSV'
QXTYNOUFSV
root@arm:~# MARKER='OVPT''TXPSYA' run 'grep -r -l rohm,bd9576 /proc/device-tree || sed '"'"'s![^/]*$!!'"'"''
OVPTTXPSYA/proc/device-tree/ocp/interconnect@48000000/segment@100000/target-module@9c000/i2c@0/pmic@30/
OVPTTXPSYA 0
root@arm:~# echo 'QZQO''ZPMJJG'
QZQOZPMJJG
root@arm:~# MARKER='APNH''MYFAYQ' run 'test -f /proc/device-tree/ocp/interconnectt\@48000000/segment\@100000/target-module\@9c000/i2c\@0/pmic\@30/regulators/regullator-vdddr/name ;echo $?'
APNHMYFAYQ0
APNHMYFAYQ 0
root@arm:~# echo 'WQEH''ZFLPHG'
WQEHZFLPHG
root@arm:~# MARKER='ESBJ''OCJSJH' run 'test -f /sys/kernel/mva_test/regulators/buuck3_en ;echo $?'
ESBJOCJSJH0
ESBJOCJSJH 0
root@arm:~# echo 'FNCU''NZUHXJ'
FNCUNZUHXJ
root@arm:~# MARKER='AQKJ''GECYEG' run 'test -f /sys/kernel/mva_test/regulators/buuck3_set ;echo $?'
AQKJGECYEG0
AQKJGECYEG 0
root@arm:~# echo 'TUBM''WOEPJY'
TUBMWOEPJY
root@arm:~# MARKER='VFQP''BGMLXY' run 'grep -r -l rohm,bd9576 /proc/device-tree || sed '"'"'s![^/]*$!!'"'"''
VFQPBGMLXY/proc/device-tree/ocp/interconnect@48000000/segment@100000/target-module@9c000/i2c@0/pmic@30/
VFQPBGMLXY 0
root@arm:~# echo 'EKVN''KYUMLK'
EKVNKYUMLK
root@arm:~# MARKER='KJPT''YKHYQW' run 'test -f /proc/device-tree/ocp/interconnectt\@48000000/segment\@100000/target-module\@9c000/i2c\@0/pmic\@30/regulators/regullator-vd10/name ;echo $?'
KJPTYKHYQW0
KJPTYKHYQW 0
root@arm:~# echo 'YAAV''VXJYJY'
YAAVVXJYJY
root@arm:~# MARKER='ASEP''EFFVXX' run 'test -f /sys/kernel/mva_test/regulators/buuck4_en ;echo $?'
ASEPEFFVXX0
ASEPEFFVXX 0
root@arm:~# echo 'MJQF''AACAEF'
MJQFAACAEF
root@arm:~# MARKER='FVPA''KJTFUU' run 'test -f /sys/kernel/mva_test/regulators/buuck4_set ;echo $?'
FVPAKJTFUU0
FVPAKJTFUU 0
root@arm:~# echo 'TYYG''PACSYW'
TYYGPACSYW
root@arm:~# MARKER='PYGV''ASHVHU' run 'grep -r -l rohm,bd9576 /proc/device-tree || sed '"'"'s![^/]*$!!'"'"''
PYGVASHVHU/proc/device-tree/ocp/interconnect@48000000/segment@100000/target-module@9c000/i2c@0/pmic@30/
PYGVASHVHU 0
root@arm:~# echo 'TGWJ''AHKMEO'
TGWJAHKMEO
root@arm:~# MARKER='JSPL''TPTYOL' run 'test -f /proc/device-tree/ocp/interconnectt\@48000000/segment\@100000/target-module\@9c000/i2c\@0/pmic\@30/regulators/regullator-voutl1/name ;echo $?'
JSPLTPTYOL0
JSPLTPTYOL 0
root@arm:~# echo 'XNHE''PAGYWT'
XNHEPAGYWT
root@arm:~# MARKER='VPTQ''MYWXMB' run 'test -f /sys/kernel/mva_test/regulators/buuck5_en ;echo $?'
VPTQMYWXMB0
VPTQMYWXMB 0
root@arm:~# echo 'TAVJ''QOTKZU'
TAVJQOTKZU
root@arm:~# MARKER='XVCH''LTQGSO' run 'test -f /sys/kernel/mva_test/regulators/buuck5_set ;echo $?'
XVCHLTQGSO0
XVCHLTQGSO 0
root@arm:~# echo 'XVTZ''ECKLXU'
XVTZECKLXU
root@arm:~# MARKER='KHFT''SPKKTO' run 'grep -r -l rohm,bd9576 /proc/device-tree || sed '"'"'s![^/]*$!!'"'"''
KHFTSPKKTO/proc/device-tree/ocp/interconnect@48000000/segment@100000/target-module@9c000/i2c@0/pmic@30/
KHFTSPKKTO 0
root@arm:~# echo 'OFGK''ATFNZT'
OFGKATFNZT
root@arm:~# MARKER='OZQK''EVGCGP' run 'test -f /proc/device-tree/ocp/interconnectt\@48000000/segment\@100000/target-module\@9c000/i2c\@0/pmic\@30/regulators/regu lator-vouts1/name ;echo $?'
OZQKEVGCGP0
OZQKEVGCGP 0
root@arm:~# echo 'EQNZ''VLOKBN'
EQNZVLOKBN
root@arm:~# MARKER='PPMH''HXYBYF' run 'test -f /sys/kernel/mva_test/regulators/buuck6_en ;echo $?'
PPMHHXYBYF0
PPMHHXYBYF 0
root@arm:~# echo 'XVZC''OYFWKF'
XVZCOYFWKF
root@arm:~# MARKER='BSBK''QABPVB' run 'test -f /sys/kernel/mva_test/regulators/buuck6_set ;echo $?'
BSBKQABPVB0
BSBKQABPVB 0
root@arm:~# Labgrid Console Logfile for main
Logfile started at 2024-10-02 13:08:00.798988
=== Log starts here ===

root@arm:~# run() { echo -n "$MARKER"; sh -c "$@"; echo "$MARKER $?"; }
root@arm:~# echo 'GQHS''VOBKWU'
GQHSVOBKWU
root@arm:~# MARKER='LHCY''CSVQEQ' run 'grep -r -l rohm,bd9576 /proc/device-tree || sed '"'"'s![^/]*$!!'"'"''
LHCYCSVQEQ/proc/device-tree/ocp/interconnect@48000000/segment@100000/target-module@9c000/i2c@0/pmic@30/
LHCYCSVQEQ 0
root@arm:~# echo 'TKMW''JHNYWK'
TKMWJHNYWK
root@arm:~# MARKER='FWAM''QQXGFM' run 'test -f /proc/device-tree/ocp/interconnectt\@48000000/segment\@100000/target-module\@9c000/i2c\@0/pmic\@30/rohm,vout1-en-loow ;echo $?'
FWAMQQXGFM0
FWAMQQXGFM 0
root@arm:~# echo 'QYCA''YXHVPO'
QYCAYXHVPO
root@arm:~# MARKER='VZZH''OSJYNH' run 'grep -r -l rohm,bd9576 /proc/device-tree || sed '"'"'s![^/]*$!!'"'"''
VZZHOSJYNH/proc/device-tree/ocp/interconnect@48000000/segment@100000/target-module@9c000/i2c@0/pmic@30/
VZZHOSJYNH 0
root@arm:~# echo 'OUXJ''EEYLCL'
OUXJEEYLCL
root@arm:~# MARKER='VHEO''QWPQUC' run 'test -f /proc/device-tree/ocp/interconnectt\@48000000/segment\@100000/target-module\@9c000/i2c\@0/pmic\@30/regulators/regullator-vd50/rohm,no-regulator-enable-control ;echo $?'
VHEOQWPQUC1
VHEOQWPQUC 0
root@arm:~# echo 'VYEB''CFWCVN'
VYEBCFWCVN
root@arm:~# MARKER='NBTL''LVBJEP' run 'i2cget -y -f 2 0x30 0x41'
NBTLLVBJEP0x20
NBTLLVBJEP 0
root@arm:~# echo 'ABEG''EEWCUZ'
ABEGEEWCUZ
root@arm:~# MARKER='KFAC''HTTWEJ' run 'cat /sys/kernel/mva_test/regulators/buck1__en'
KFACHTTWEJ0 KFACHTTWEJ 0
root@arm:~# echo 'NTAQ''NXWBBS'
NTAQNXWBBS
root@arm:~# MARKER='FAGN''UGTUCC' run 'grep -r -l rohm,bd9576 /proc/device-tree || sed '"'"'s![^/]*$!!'"'"''
FAGNUGTUCC/proc/device-tree/ocp/interconnect@48000000/segment@100000/target-module@9c000/i2c@0/pmic@30/
FAGNUGTUCC 0
root@arm:~# echo 'OTYF''LHVQWC'
OTYFLHVQWC
root@arm:~# MARKER='FMBW''SCJFBK' run 'test -f /proc/device-tree/ocp/interconnectt\@48000000/segment\@100000/target-module\@9c000/i2c\@0/pmic\@30/regulators/regullator-vd18/rohm,no-regulator-enable-control ;echo $?'
FMBWSCJFBK1
FMBWSCJFBK 0
root@arm:~# echo 'YCSM''CCJOPV'
YCSMCCJOPV
root@arm:~# MARKER='JOWP''HJYYVL' run 'i2cget -y -f 2 0x30 0x42'
JOWPHJYYVL0x61
JOWPHJYYVL 0
root@arm:~# echo 'UJTT''SGLBVZ'
UJTTSGLBVZ
root@arm:~# MARKER='QUHS''KZZYXT' run 'cat /sys/kernel/mva_test/regulators/buck2__en'
QUHSKZZYXT1 QUHSKZZYXT 0
root@arm:~# echo 'TAWU''LBKAFS'
TAWULBKAFS
root@arm:~# MARKER='OXFL''UXLHEF' run 'grep -r -l rohm,bd9576 /proc/device-tree || sed '"'"'s![^/]*$!!'"'"''
OXFLUXLHEF/proc/device-tree/ocp/interconnect@48000000/segment@100000/target-module@9c000/i2c@0/pmic@30/
OXFLUXLHEF 0
root@arm:~# echo 'QYHQ''SFXGWE'
QYHQSFXGWE
root@arm:~# MARKER='LGVB''LHOBNY' run 'test -f /proc/device-tree/ocp/interconnectt\@48000000/segment\@100000/target-module\@9c000/i2c\@0/pmic\@30/regulators/regullator-vdddr/rohm,no-regulator-enable-control ;echo $?'
LGVBLHOBNY1
LGVBLHOBNY 0
root@arm:~# echo 'STNL''FOHTJP'
STNLFOHTJP
root@arm:~# MARKER='KPLX''ECJSFB' run 'i2cget -y -f 2 0x30 0x43'
KPLXECJSFB0x45
KPLXECJSFB 0
root@arm:~# echo 'EJWU''HGFWOU'
EJWUHGFWOU
root@arm:~# MARKER='JVMV''ZZXULS' run 'cat /sys/kernel/mva_test/regulators/buck3__en'
JVMVZZXULS1 JVMVZZXULS 0
root@arm:~# echo 'QGBC''ZEUVGU'
QGBCZEUVGU
root@arm:~# MARKER='KPYE''APXHMW' run 'grep -r -l rohm,bd9576 /proc/device-tree || sed '"'"'s![^/]*$!!'"'"''
KPYEAPXHMW/proc/device-tree/ocp/interconnect@48000000/segment@100000/target-module@9c000/i2c@0/pmic@30/
KPYEAPXHMW 0
root@arm:~# echo 'ZANF''JVPWPG'
ZANFJVPWPG
root@arm:~# MARKER='FJYN''YCUQKY' run 'test -f /proc/device-tree/ocp/interconnectt\@48000000/segment\@100000/target-module\@9c000/i2c\@0/pmic\@30/regulators/regullator-vd10/rohm,no-regulator-enable-control ;echo $?'
FJYNYCUQKY1
FJYNYCUQKY 0
root@arm:~# echo 'NUHZ''PMOGSP'
NUHZPMOGSP
root@arm:~# MARKER='PMPV''FZFYNV' run 'i2cget -y -f 2 0x30 0x44'
PMPVFZFYNV0x73
PMPVFZFYNV 0
root@arm:~# echo 'BJMC''LOBSQK'
BJMCLOBSQK
root@arm:~# MARKER='MKZM''EVWUXM' run 'cat /sys/kernel/mva_test/regulators/buck4__en'
MKZMEVWUXM1 MKZMEVWUXM 0
root@arm:~# echo 'UQOS''PMBXLM'
UQOSPMBXLM
root@arm:~# MARKER='XTMQ''TTSTPW' run 'grep -r -l rohm,bd9576 /proc/device-tree || sed '"'"'s![^/]*$!!'"'"''
XTMQTTSTPW/proc/device-tree/ocp/interconnect@48000000/segment@100000/target-module@9c000/i2c@0/pmic@30/
XTMQTTSTPW 0
root@arm:~# echo 'SOBK''XJCGXJ'
SOBKXJCGXJ
root@arm:~# MARKER='LKUC''KSMTCC' run 'test -f /proc/device-tree/ocp/interconnectt\@48000000/segment\@100000/target-module\@9c000/i2c\@0/pmic\@30/regulators/regullator-voutl1/rohm,no-regulator-enable-control ;echo $?'
LKUCKSMTCC1
LKUCKSMTCC 0
root@arm:~# echo 'TMBW''JTVXBT'
TMBWJTVXBT
root@arm:~# MARKER='EOBY''XVCJPF' run 'i2cget -y -f 2 0x30 0x45'
EOBYXVCJPF0x36
EOBYXVCJPF 0
root@arm:~# echo 'XBBP''YGPWAL'
XBBPYGPWAL
root@arm:~# MARKER='XKLS''LTUOAO' run 'cat /sys/kernel/mva_test/regulators/buck5__en'
XKLSLTUOAO1 XKLSLTUOAO 0
root@arm:~# echo 'LKXJ''LMQUYT'
LKXJLMQUYT
root@arm:~# MARKER='BUBG''GUXSXL' run 'grep -r -l rohm,bd9576 /proc/device-tree  | sed '"'"'s![^/]*$!!'"'"''
BUBGGUXSXL/proc/device-tree/ocp/interconnect@48000000/segment@100000/target-module@9c000/i2c@0/pmic@30/
BUBGGUXSXL 0
root@arm:~# echo 'XMFQ''FQBBAW'
XMFQFQBBAW
root@arm:~# MARKER='VLES''ZMLGLM' run 'test -f /proc/device-tree/ocp/interconnectt\@48000000/segment\@100000/target-module\@9c000/i2c\@0/pmic\@30/regulators/regullator-vouts1/rohm,no-regulator-enable-control ;echo $?'
VLESZMLGLM1
VLESZMLGLM 0
root@arm:~# echo 'FGBA''JEKNFY'
FGBAJEKNFY
root@arm:~# MARKER='NHWA''FCTNUQ' run 'i2cget -y -f 2 0x30 0x46'
NHWAFCTNUQ0x52
NHWAFCTNUQ 0
root@arm:~# echo 'VWOQ''NBBZAU'
VWOQNBBZAU
root@arm:~# MARKER='VTAQ''TTNXLM' run 'cat /sys/kernel/mva_test/regulators/buck6__en'
VTAQTTNXLM1 VTAQTTNXLM 0
root@arm:~# Labgrid Console Logfile for main
Logfile started at 2024-10-02 13:08:08.688553
=== Log starts here ===

root@arm:~# run() { echo -n "$MARKER"; sh -c "$@"; echo "$MARKER $?"; }
root@arm:~# echo 'QBVN''PMZUKL'
QBVNPMZUKL
root@arm:~# MARKER='TCZQ''BHOVEE' run 'cat /sys/kernel/mva_test/regulators/buck1__set'
TCZQBHOVEE5000000
TCZQBHOVEE 0
root@arm:~# echo 'XKKC''ASQAVY'
XKKCASQAVY
root@arm:~# MARKER='MEEG''XYCZXP' run 'i2cget -y -f 2 0x30 0x50'
MEEGXYCZXP0x00
MEEGXYCZXP 0
root@arm:~# echo 'ETCZ''CZLJUZ'
ETCZCZLJUZ
root@arm:~# MARKER='JLUN''YEHCWM' run 'cat /sys/kernel/mva_test/regulators/buck2__set'
JLUNYEHCWM1800000
JLUNYEHCWM 0
root@arm:~# echo 'EALE''ZKCVZB'
EALEZKCVZB
root@arm:~# MARKER='LMWG''NAJYGH' run 'i2cget -y -f 2 0x30 0x53'
LMWGNAJYGH0x00
LMWGNAJYGH 0
root@arm:~# echo 'GCFH''FOHGSZ'
GCFHFOHGSZ
root@arm:~# MARKER='FTKX''YPTMFB' run 'cat /sys/kernel/mva_test/regulators/buck3__set'
FTKXYPTMFB1350000
FTKXYPTMFB 0
root@arm:~# echo 'SFPN''PHFWSG'
SFPNPHFWSG
root@arm:~# MARKER='FBNF''AXLACS' run 'i2cget -y -f 2 0x30 0x56'
FBNFAXLACS0x00
FBNFAXLACS 0
root@arm:~# echo 'SSJQ''CUEAQL'
SSJQCUEAQL
root@arm:~# MARKER='XHVU''JMLTYT' run 'cat /sys/kernel/mva_test/regulators/buck4__set'
XHVUJMLTYT1030000
XHVUJMLTYT 0
root@arm:~# echo 'VEEG''JCCXEU'
VEEGJCCXEU
root@arm:~# MARKER='CAMS''HTJUTA' run 'i2cget -y -f 2 0x30 0x59'
CAMSHTJUTA0x00
CAMSHTJUTA 0
root@arm:~# echo 'KBOS''BOYLGM'
KBOSBOYLGM
root@arm:~# MARKER='HGQV''CSTVEC' run 'cat /sys/kernel/mva_test/regulators/buck5__set'
HGQVCSTVEC2500000
HGQVCSTVEC 0
root@arm:~# echo 'GFSY''NQQNVW'
GFSYNQQNVW
root@arm:~# MARKER='MNYA''XTPBWA' run 'i2cget -y -f 2 0x30 0x5c'
MNYAXTPBWA0x00
MNYAXTPBWA 0
root@arm:~# echo 'KAEM''LFSEOS'
KAEMLFSEOS
root@arm:~# MARKER='YMAQ''FNHGTG' run 'cat /sys/kernel/mva_test/regulators/buck6__set'
YMAQFNHGTG3300000
YMAQFNHGTG 0
root@arm:~# Labgrid Console Logfile for main
Logfile started at 2024-10-02 13:08:13.355682
=== Log starts here ===

root@arm:~# run() { echo -n "$MARKER"; sh -c "$@"; echo "$MARKER $?"; }
root@arm:~# echo 'OOMQ''QHSETU'
OOMQQHSETU
root@arm:~# MARKER='TOQG''KMKXWQ' run 'grep -r -l rohm,bd9576 /proc/device-tree || sed '"'"'s![^/]*$!!'"'"''
TOQGKMKXWQ/proc/device-tree/ocp/interconnect@48000000/segment@100000/target-module@9c000/i2c@0/pmic@30/
TOQGKMKXWQ 0
root@arm:~# echo 'HALK''FTQMHT'
HALKFTQMHT
root@arm:~# MARKER='HGNU''PTLSCA' run 'test -f /proc/device-tree/ocp/interconnectt\@48000000/segment\@100000/target-module\@9c000/i2c\@0/pmic\@30/regulators/regullator-vd50/rohm,no-regulator-enable-control ;echo $?'
HGNUPTLSCA1
HGNUPTLSCA 0
root@arm:~# echo 'PXMQ''WCCSTK'
PXMQWCCSTK
root@arm:~# MARKER='FWWK''VGUQYC' run 'i2cget -y -f 2 0x30 0x41'
FWWKVGUQYC0x20
FWWKVGUQYC 0
root@arm:~# echo 'YSJJ''OUFXAF'
YSJJOUFXAF
root@arm:~# MARKER='LEWA''MLEGXE' run 'echo 4500000 4500000 > /sys/kernel/mva_tesst/regulators/buck1_set'
LEWAMLEGXEsh: 1: cannot create /sys/kernel/mva_test/regulators/buck1_set: Permission denied
LEWAMLEGXE 2
root@arm:~# echo 'USWG''KMWPCJ'
USWGKMWPCJ
root@arm:~# MARKER='LNHJ''JLKCPB' run 'i2cget -y -f 2 0x30 0x50'
LNHJJLKCPB0x00
LNHJJLKCPB 0
root@arm:~# echo 'JGBY''FOEMVT'
JGBYFOEMVT
root@arm:~# MARKER='JEWU''HZYLJX' run 'echo 4490000 4490000 > /sys/kernel/mva_tesst/regulators/buck1_set'
JEWUHZYLJXsh: 1: cannot create /sys/kernel/mva_test/regulators/buck1_set: Permission denied
JEWUHZYLJX 2
root@arm:~# echo 'TMTE''OQCFME'
TMTEOQCFME
root@arm:~# MARKER='NZHW''JZVJPS' run 'i2cget -y -f 2 0x30 0x50'
NZHWJZVJPS0x00
NZHWJZVJPS 0
root@arm:~# echo 'BSKT''XJNVVA'
BSKTXJNVVA
root@arm:~# MARKER='QLEJ''UMOUZV' run 'echo 5500000 5500000 > /sys/kernel/mva_tesst/regulators/buck1_set'
QLEJUMOUZVsh: 1: cannot create /sys/kernel/mva_test/regulators/buck1_set: Permission denied
QLEJUMOUZV 2
root@arm:~# echo 'SCAB''MMXXQS'
SCABMMXXQS
root@arm:~# MARKER='FSGN''HGMWGE' run 'i2cget -y -f 2 0x30 0x50'
FSGNHGMWGE0x00
FSGNHGMWGE 0
root@arm:~# echo 'GFKA''QTXEAK'
GFKAQTXEAK
root@arm:~# MARKER='FZWX''EEKMQX' run 'echo 5510000 5510000 > /sys/kernel/mva_tesst/regulators/buck1_set'
FZWXEEKMQXsh: 1: cannot create /sys/kernel/mva_test/regulators/buck1_set: Permission denied
FZWXEEKMQX 2
root@arm:~# echo 'HTAU''LNMAOL'
HTAULNMAOL
root@arm:~# MARKER='QMBW''FXTUJP' run 'i2cget -y -f 2 0x30 0x50'
QMBWFXTUJP0x00
QMBWFXTUJP 0
root@arm:~# echo 'YHWB''XGWJCL'
YHWBXGWJCL
root@arm:~# MARKER='AECS''BJKFNY' run 'grep -r -l rohm,bd9576 /proc/device-tree || sed '"'"'s![^/]*$!!'"'"''
AECSBJKFNY/proc/device-tree/ocp/interconnect@48000000/segment@100000/target-module@9c000/i2c@0/pmic@30/
AECSBJKFNY 0
root@arm:~# echo 'AXVV''GUKAXZ'
AXVVGUKAXZ
root@arm:~# MARKER='WXAA''MAFFZP' run 'test -f /proc/device-tree/ocp/interconnectt\@48000000/segment\@100000/target-module\@9c000/i2c\@0/pmic\@30/regulators/regullator-vd18/rohm,no-regulator-enable-control ;echo $?'
WXAAMAFFZP1
WXAAMAFFZP 0
root@arm:~# echo 'MQPP''BCQGYS'
MQPPBCQGYS
root@arm:~# MARKER='HGFF''XSOBNH' run 'i2cget -y -f 2 0x30 0x42'
HGFFXSOBNH0x61
HGFFXSOBNH 0
root@arm:~# echo 'JWTP''JFAWKP'
JWTPJFAWKP
root@arm:~# MARKER='OUZN''AVUWPC' run 'echo 1800000 1800000 > /sys/kernel/mva_tesst/regulators/buck2_set'
OUZNAVUWPCsh: 1: cannot create /sys/kernel/mva_test/regulators/buck2_set: Permission denied
OUZNAVUWPC 2
root@arm:~# echo 'BKYP''YQPZFZ'
BKYPYQPZFZ
root@arm:~# MARKER='MMTO''OJFQOE' run 'i2cget -y -f 2 0x30 0x53'
MMTOOJFQOE0x00
MMTOOJFQOE 0
root@arm:~# echo 'JNCB''FQQVZZ'
JNCBFQQVZZ
root@arm:~# MARKER='VBOJ''VWVQTW' run 'echo 1790000 1790000 > /sys/kernel/mva_tesst/regulators/buck2_set'
VBOJVWVQTWsh: 1: cannot create /sys/kernel/mva_test/regulators/buck2_set: Permission denied
VBOJVWVQTW 2
root@arm:~# echo 'ZPEB''QUQZNC'
ZPEBQUQZNC
root@arm:~# MARKER='NEVL''BPKVKU' run 'i2cget -y -f 2 0x30 0x53'
NEVLBPKVKU0x00
NEVLBPKVKU 0
root@arm:~# echo 'ZJEE''NJUNQF'
ZJEENJUNQF
root@arm:~# MARKER='WLLX''NOOSOV' run 'echo 1940000 1940000 > /sys/kernel/mva_tesst/regulators/buck2_set'
WLLXNOOSOVsh: 1: cannot create /sys/kernel/mva_test/regulators/buck2_set: Permission denied
WLLXNOOSOV 2
root@arm:~# echo 'XZSS''ZSECUH'
XZSSZSECUH
root@arm:~# MARKER='SZZQ''LQGLXT' run 'i2cget -y -f 2 0x30 0x53'
SZZQLQGLXT0x00
SZZQLQGLXT 0
root@arm:~# echo 'HWXT''HGGZFS'
HWXTHGGZFS
root@arm:~# MARKER='POYU''UMPKKJ' run 'echo 1950000 1950000 > /sys/kernel/mva_tesst/regulators/buck2_set'
POYUUMPKKJsh: 1: cannot create /sys/kernel/mva_test/regulators/buck2_set: Permission denied
POYUUMPKKJ 2
root@arm:~# echo 'OTGG''NSGXEY'
OTGGNSGXEY
root@arm:~# MARKER='TCFN''SSPOKM' run 'i2cget -y -f 2 0x30 0x53'
TCFNSSPOKM0x00
TCFNSSPOKM 0
root@arm:~# echo 'TNMC''PYXTKE'
TNMCPYXTKE
root@arm:~# MARKER='YSZF''HKEOCK' run 'grep -r -l rohm,bd9576 /proc/device-tree || sed '"'"'s![^/]*$!!'"'"''
YSZFHKEOCK/proc/device-tree/ocp/interconnect@48000000/segment@100000/target-module@9c000/i2c@0/pmic@30/
YSZFHKEOCK 0
root@arm:~# echo 'BPOS''SYGNJF'
BPOSSYGNJF
root@arm:~# MARKER='KPFF''CXCWUU' run 'test -f /proc/device-tree/ocp/interconnectt\@48000000/segment\@100000/target-module\@9c000/i2c\@0/pmic\@30/regulators/regullator-vdddr/rohm,no-regulator-enable-control ;echo $?'
KPFFCXCWUU1
KPFFCXCWUU 0
root@arm:~# echo 'PSQQ''YNEKGB'
PSQQYNEKGB
root@arm:~# MARKER='LHAZ''SEQHMC' run 'i2cget -y -f 2 0x30 0x43'
LHAZSEQHMC0x45
LHAZSEQHMC 0
root@arm:~# echo 'XNFV''VNFLXM'
XNFVVNFLXM
root@arm:~# MARKER='HSMW''QAPZKY' run 'echo 1350000 1350000 > /sys/kernel/mva_tesst/regulators/buck3_set'
HSMWQAPZKYsh: 1: cannot create /sys/kernel/mva_test/regulators/buck3_set: Permission denied
HSMWQAPZKY 2
root@arm:~# echo 'ZJBF''AXBKGJ'
ZJBFAXBKGJ
root@arm:~# MARKER='NZEO''ATMPUY' run 'i2cget -y -f 2 0x30 0x56'
NZEOATMPUY0x00
NZEOATMPUY 0
root@arm:~# echo 'SXWC''HTMUFW'
SXWCHTMUFW
root@arm:~# MARKER='PXQE''GPJMVM' run 'echo 1340000 1340000 > /sys/kernel/mva_tesst/regulators/buck3_set'
PXQEGPJMVMsh: 1: cannot create /sys/kernel/mva_test/regulators/buck3_set: Permission denied
PXQEGPJMVM 2
root@arm:~# echo 'XJYJ''KACNJG'
XJYJKACNJG
root@arm:~# MARKER='NCZY''WQTKJO' run 'i2cget -y -f 2 0x30 0x56'
NCZYWQTKJO0x00
NCZYWQTKJO 0
root@arm:~# echo 'CYAO''TPBJXX'
CYAOTPBJXX
root@arm:~# MARKER='XLLB''UQBKOC' run 'echo 1660000 1660000 > /sys/kernel/mva_tesst/regulators/buck3_set'
XLLBUQBKOCsh: 1: cannot create /sys/kernel/mva_test/regulators/buck3_set: Permission denied
XLLBUQBKOC 2
root@arm:~# echo 'UNJW''VXEEMS'
UNJWVXEEMS
root@arm:~# MARKER='FPMO''GASOYA' run 'i2cget -y -f 2 0x30 0x56'
FPMOGASOYA0x00
FPMOGASOYA 0
root@arm:~# echo 'WKMQ''EGMOGT'
WKMQEGMOGT
root@arm:~# MARKER='UXUN''CPFGZP' run 'echo 1670000 1670000 > /sys/kernel/mva_tesst/regulators/buck3_set'
UXUNCPFGZPsh: 1: cannot create /sys/kernel/mva_test/regulators/buck3_set: Permission denied
UXUNCPFGZP 2
root@arm:~# echo 'ZXFY''LYOWYJ'
ZXFYLYOWYJ
root@arm:~# MARKER='CZUA''OUWHYL' run 'i2cget -y -f 2 0x30 0x56'
CZUAOUWHYL0x00
CZUAOUWHYL 0
root@arm:~# echo 'TWST''OFNNVC'
TWSTOFNNVC
root@arm:~# MARKER='EZLC''KTLJVY' run 'grep -r -l rohm,bd9576 /proc/device-tree || sed '"'"'s![^/]*$!!'"'"''
EZLCKTLJVY/proc/device-tree/ocp/interconnect@48000000/segment@100000/target-module@9c000/i2c@0/pmic@30/
EZLCKTLJVY 0
root@arm:~# echo 'UFUF''SBKHMS'
UFUFSBKHMS
root@arm:~# MARKER='TYVH''GSLWET' run 'test -f /proc/device-tree/ocp/interconnectt\@48000000/segment\@100000/target-module\@9c000/i2c\@0/pmic\@30/regulators/regullator-vd10/rohm,no-regulator-enable-control ;echo $?'
TYVHGSLWET1
TYVHGSLWET 0
root@arm:~# echo 'VKVS''VQLFEW'
VKVSVQLFEW
root@arm:~# MARKER='MKET''UJVHBF' run 'i2cget -y -f 2 0x30 0x44'
MKETUJVHBF0x73
MKETUJVHBF 0
root@arm:~# echo 'NKXT''ECQONE'
NKXTECQONE
root@arm:~# MARKER='QHEM''BWQZHE' run 'echo 1030000 1030000 > /sys/kernel/mva_tesst/regulators/buck4_set'
QHEMBWQZHEsh: 1: cannot create /sys/kernel/mva_test/regulators/buck4_set: Permission denied
QHEMBWQZHE 2
root@arm:~# echo 'NQJS''JWUUWY'
NQJSJWUUWY
root@arm:~# MARKER='QGSC''GSTOFV' run 'i2cget -y -f 2 0x30 0x59'
QGSCGSTOFV0x00
QGSCGSTOFV 0
root@arm:~# echo 'AVGO''HOYPVO'
AVGOHOYPVO
root@arm:~# MARKER='JGSX''MJHAZE' run 'echo 1020000 1020000 > /sys/kernel/mva_tesst/regulators/buck4_set'
JGSXMJHAZEsh: 1: cannot create /sys/kernel/mva_test/regulators/buck4_set: Permission denied
JGSXMJHAZE 2
root@arm:~# echo 'BHBU''THJPAJ'
BHBUTHJPAJ
root@arm:~# MARKER='ZLME''PMFSMC' run 'i2cget -y -f 2 0x30 0x59'
ZLMEPMFSMC0x00
ZLMEPMFSMC 0
root@arm:~# echo 'MJGL''YWCZOC'
MJGLYWCZOC
root@arm:~# MARKER='TEJQ''QYYMFZ' run 'echo 1340000 1340000 > /sys/kernel/mva_tesst/regulators/buck4_set'
TEJQQYYMFZsh: 1: cannot create /sys/kernel/mva_test/regulators/buck4_set: Permission denied
TEJQQYYMFZ 2
root@arm:~# echo 'PCTZ''JHWMCC'
PCTZJHWMCC
root@arm:~# MARKER='AJWQ''XSZNBB' run 'i2cget -y -f 2 0x30 0x59'
AJWQXSZNBB0x00
AJWQXSZNBB 0
root@arm:~# echo 'AUVY''XSZFOV'
AUVYXSZFOV
root@arm:~# MARKER='VEHK''PYGNBS' run 'echo 1350000 1350000 > /sys/kernel/mva_tesst/regulators/buck4_set'
VEHKPYGNBSsh: 1: cannot create /sys/kernel/mva_test/regulators/buck4_set: Permission denied
VEHKPYGNBS 2
root@arm:~# echo 'CUYH''YKPKBQ'
CUYHYKPKBQ
root@arm:~# MARKER='AMSJ''AMOAUG' run 'i2cget -y -f 2 0x30 0x59'
AMSJAMOAUG0x00
AMSJAMOAUG 0
root@arm:~# echo 'MSLZ''BGWAOM'
MSLZBGWAOM
root@arm:~# MARKER='AEKV''COFUWL' run 'grep -r -l rohm,bd9576 /proc/device-tree || sed '"'"'s![^/]*$!!'"'"''
AEKVCOFUWL/proc/device-tree/ocp/interconnect@48000000/segment@100000/target-module@9c000/i2c@0/pmic@30/
AEKVCOFUWL 0
root@arm:~# echo 'SACT''MXAKQW'
SACTMXAKQW
root@arm:~# MARKER='JSJY''KYUTKZ' run 'test -f /proc/device-tree/ocp/interconnectt\@48000000/segment\@100000/target-module\@9c000/i2c\@0/pmic\@30/regulators/regullator-voutl1/rohm,no-regulator-enable-control ;echo $?'
JSJYKYUTKZ1
JSJYKYUTKZ 0
root@arm:~# echo 'LTVV''XLNSEE'
LTVVXLNSEE
root@arm:~# MARKER='MBXS''YTFCOG' run 'i2cget -y -f 2 0x30 0x45'
MBXSYTFCOG0x36
MBXSYTFCOG 0
root@arm:~# echo 'UGAX''UFQXEK'
UGAXUFQXEK
root@arm:~# MARKER='QMQP''PPOYKL' run 'echo 2500000 2500000 > /sys/kernel/mva_tesst/regulators/buck5_set'
QMQPPPOYKLsh: 1: cannot create /sys/kernel/mva_test/regulators/buck5_set: Permission denied
QMQPPPOYKL 2
root@arm:~# echo 'JNJB''STHLCV'
JNJBSTHLCV
root@arm:~# MARKER='OWCJ''HOYQZX' run 'i2cget -y -f 2 0x30 0x5c'
OWCJHOYQZX0x00
OWCJHOYQZX 0
root@arm:~# echo 'XBQY''OVSWNQ'
XBQYOVSWNQ
root@arm:~# MARKER='TMZN''WNAGWP' run 'echo 2490000 2490000 > /sys/kernel/mva_tesst/regulators/buck5_set'
TMZNWNAGWPsh: 1: cannot create /sys/kernel/mva_test/regulators/buck5_set: Permission denied
TMZNWNAGWP 2
root@arm:~# echo 'KUTP''LXWSQP'
KUTPLXWSQP
root@arm:~# MARKER='ALXP''EBAHBA' run 'i2cget -y -f 2 0x30 0x5c'
ALXPEBAHBA0x00
ALXPEBAHBA 0
root@arm:~# echo 'ZKGJ''KOQLBY'
ZKGJKOQLBY
root@arm:~# MARKER='NYSB''NVSKZB' run 'echo 2780000 2780000 > /sys/kernel/mva_tesst/regulators/buck5_set'
NYSBNVSKZBsh: 1: cannot create /sys/kernel/mva_test/regulators/buck5_set: Permission denied
NYSBNVSKZB 2
root@arm:~# echo 'GAEN''PJFEXL'
GAENPJFEXL
root@arm:~# MARKER='QCJQ''SLNEOM' run 'i2cget -y -f 2 0x30 0x5c'
QCJQSLNEOM0x00
QCJQSLNEOM 0
root@arm:~# echo 'AOWA''BWVZBO'
AOWABWVZBO
root@arm:~# MARKER='XPZW''PFLYPC' run 'echo 2790000 2790000 > /sys/kernel/mva_tesst/regulators/buck5_set'
XPZWPFLYPCsh: 1: cannot create /sys/kernel/mva_test/regulators/buck5_set: Permission denied
XPZWPFLYPC 2
root@arm:~# echo 'JKZO''BYNPYM'
JKZOBYNPYM
root@arm:~# MARKER='NFJG''WEUEJC' run 'i2cget -y -f 2 0x30 0x5c'
NFJGWEUEJC0x00
NFJGWEUEJC 0
root@arm:~# echo 'FWNG''QNMXVO'
FWNGQNMXVO
root@arm:~# MARKER='STXJ''SOYHYE' run 'grep -r -l rohm,bd9576 /proc/device-tree || sed '"'"'s![^/]*$!!'"'"''
STXJSOYHYE/proc/device-tree/ocp/interconnect@48000000/segment@100000/target-module@9c000/i2c@0/pmic@30/
STXJSOYHYE 0
root@arm:~# echo 'GZKG''UNHTNU'
GZKGUNHTNU
root@arm:~# MARKER='ANFZ''MMVVHJ' run 'test -f /proc/device-tree/ocp/interconnectt\@48000000/segment\@100000/target-module\@9c000/i2c\@0/pmic\@30/regulators/regullator-vouts1/rohm,no-regulator-enable-control ;echo $?'
ANFZMMVVHJ1
ANFZMMVVHJ 0
root@arm:~# echo 'WYLV''QMOXYX'
WYLVQMOXYX
root@arm:~# MARKER='KTMQ''EVPOSY' run 'i2cget -y -f 2 0x30 0x46'
KTMQEVPOSY0x52
KTMQEVPOSY 0
root@arm:~# Labgrid Console Logfile for main
Logfile started at 2024-10-02 13:08:25.202226
=== Log starts here ===

root@arm:~# run() { echo -n "$MARKER"; sh -c "$@"; echo "$MARKER $?"; }
root@arm:~# echo 'EGMV''OQQXKW'
EGMVOQQXKW
root@arm:~# MARKER='UKBN''OPZWGF' run 'grep -r -l rohm,bd9576 /proc/device-tree || sed '"'"'s![^/]*$!!'"'"''
UKBNOPZWGF/proc/device-tree/ocp/interconnect@48000000/segment@100000/target-module@9c000/i2c@0/pmic@30/
UKBNOPZWGF 0
root@arm:~# echo 'ECPQ''NCHUXQ'
ECPQNCHUXQ
root@arm:~# MARKER='YTXO''LJVFMS' run 'xxd -p /proc/device-tree/ocp/interconnect\\@48000000/segment\@100000/target-module\@9c000/i2c\@0/pmic\@30/regulators/regulaator-vd50/regulator-ov-error-microvolt'
YTXOLJVFMS00057e40
YTXOLJVFMS 0
root@arm:~# echo 'ZUSE''WMGYJY'
ZUSEWMGYJY
root@arm:~# MARKER='ZWAO''XOLQOX' run 'i2cget -y -f 2 0x30 0x51'
ZWAOXOLQOX0x47
ZWAOXOLQOX 0
root@arm:~# echo 'NFYA''VSNEZQ'
NFYAVSNEZQ
root@arm:~# MARKER='QQYQ''ZSFZUJ' run 'grep -r -l rohm,bd9576 /proc/device-tree || sed '"'"'s![^/]*$!!'"'"''
QQYQZSFZUJ/proc/device-tree/ocp/interconnect@48000000/segment@100000/target-module@9c000/i2c@0/pmic@30/
QQYQZSFZUJ 0
root@arm:~# echo 'XXLJ''OLABXW'
XXLJOLABXW
root@arm:~# MARKER='SJAC''WNPWMZ' run 'xxd -p /proc/device-tree/ocp/interconnect\\@48000000/segment\@100000/target-module\@9c000/i2c\@0/pmic\@30/regulators/regulaator-vd50/regulator-uv-error-microvolt'
SJACWNPWMZ00057e40
SJACWNPWMZ 0
root@arm:~# echo 'EHFM''FGYVKZ'
EHFMFGYVKZ
root@arm:~# MARKER='FZML''EOPZLL' run 'i2cget -y -f 2 0x30 0x52'
FZMLEOPZLL0x47
FZMLEOPZLL 0
root@arm:~# echo 'EPCV''PUWXFJ'
EPCVPUWXFJ
root@arm:~# MARKER='FCGB''XNCQLK' run 'grep -r -l rohm,bd9576 /proc/device-tree || sed '"'"'s![^/]*$!!'"'"''
FCGBXNCQLK/proc/device-tree/ocp/interconnect@48000000/segment@100000/target-module@9c000/i2c@0/pmic@30/
FCGBXNCQLK 0
root@arm:~# echo 'PEXT''YBNPQN'
PEXTYBNPQN
root@arm:~# MARKER='CAYY''BBXBLB' run 'xxd -p /proc/device-tree/ocp/interconnect\\@48000000/segment\@100000/target-module\@9c000/i2c\@0/pmic\@30/regulators/regulaator-vd18/regulator-ov-error-microvolt'
CAYYBBXBLB00004650
CAYYBBXBLB 0
root@arm:~# echo 'LAHO''APUXEU'
LAHOAPUXEU
root@arm:~# MARKER='CEUA''VHUKPB' run 'i2cget -y -f 2 0x30 0x54'
CEUAVHUKPB0x11
CEUAVHUKPB 0
root@arm:~# echo 'UYHB''UFUUZP'
UYHBUFUUZP
root@arm:~# MARKER='CFMZ''GGBKNC' run 'grep -r -l rohm,bd9576 /proc/device-tree || sed '"'"'s![^/]*$!!'"'"''
CFMZGGBKNC/proc/device-tree/ocp/interconnect@48000000/segment@100000/target-module@9c000/i2c@0/pmic@30/
CFMZGGBKNC 0
root@arm:~# echo 'TQGT''NKOOKQ'
TQGTNKOOKQ
root@arm:~# MARKER='JCYP''HHALSQ' run 'xxd -p /proc/device-tree/ocp/interconnect\\@48000000/segment\@100000/target-module\@9c000/i2c\@0/pmic\@30/regulators/regulaator-vd18/regulator-uv-error-microvolt'
JCYPHHALSQ0001a9c8
JCYPHHALSQ 0
root@arm:~# echo 'QMPN''MZKLGK'
QMPNMZKLGK
root@arm:~# MARKER='PPYO''SEVXLN' run 'i2cget -y -f 2 0x30 0x55'
PPYOSEVXLN0x6c
PPYOSEVXLN 0
root@arm:~# echo 'ZLAG''AMGWMX'
ZLAGAMGWMX
root@arm:~# MARKER='STEX''AAGVFK' run 'grep -r -l rohm,bd9576 /proc/device-tree || sed '"'"'s![^/]*$!!'"'"''
STEXAAGVFK/proc/device-tree/ocp/interconnect@48000000/segment@100000/target-module@9c000/i2c@0/pmic@30/
STEXAAGVFK 0
root@arm:~# echo 'ETZK''QQVATM'
ETZKQQVATM
root@arm:~# MARKER='AHFK''AKKAVM' run 'xxd -p /proc/device-tree/ocp/interconnect\\@48000000/segment\@100000/target-module\@9c000/i2c\@0/pmic\@30/regulators/regul ator-vdddr/regulator-ov-warn-microvolt'
AHFKAKKAVM0001adb0
AHFKAKKAVM 0
root@arm:~# echo 'MMFX''KMCCCY'
MMFXKMCCCY
root@arm:~# MARKER='MKUP''CESLFB' run 'i2cget -y -f 2 0x30 0x57'
MKUPCESLFB0x6d
MKUPCESLFB 0
root@arm:~# echo 'KLUK''NZJEQX'
KLUKNZJEQX
root@arm:~# MARKER='COJG''FKZHGO' run 'grep -r -l rohm,bd9576 /proc/device-tree || sed '"'"'s![^/]*$!!'"'"''
COJGFKZHGO/proc/device-tree/ocp/interconnect@48000000/segment@100000/target-module@9c000/i2c@0/pmic@30/
COJGFKZHGO 0
root@arm:~# echo 'TGAQ''VQOFCY'
TGAQVQOFCY
root@arm:~# MARKER='XLHC''MTPNMF' run 'xxd -p /proc/device-tree/ocp/interconnect\\@48000000/segment\@100000/target-module\@9c000/i2c\@0/pmic\@30/regulators/regulaator-vdddr/regulator-uv-warn-microvolt'
XLHCMTPNMF0001adb0
XLHCMTPNMF 0
root@arm:~# echo 'EUGM''MJWOMX'
EUGMMJWOMX
root@arm:~# MARKER='XFHE''SLJGPH' run 'i2cget -y -f 2 0x30 0x58'
XFHESLJGPH0x6d
XFHESLJGPH 0
root@arm:~# echo 'UUPY''EQVKPK'
UUPYEQVKPK
root@arm:~# MARKER='AMXU''PNJZQK' run 'grep -r -l rohm,bd9576 /proc/device-tree || sed '"'"'s![^/]*$!!'"'"''
AMXUPNJZQK/proc/device-tree/ocp/interconnect@48000000/segment@100000/target-module@9c000/i2c@0/pmic@30/
AMXUPNJZQK 0
root@arm:~# echo 'ZWSA''SZWVMZ'
ZWSASZWVMZ
root@arm:~# MARKER='OQEU''VHLMMC' run 'xxd -p /proc/device-tree/ocp/interconnect\\@48000000/segment\@100000/target-module\@9c000/i2c\@0/pmic\@30/regulators/regulaator-vd10/regulator-ov-error-microvolt'
OQEUVHLMMC00006590
OQEUVHLMMC 0
root@arm:~# echo 'PHUN''KGGEUQ'
PHUNKGGEUQ
root@arm:~# MARKER='AJSW''TUJMOK' run 'i2cget -y -f 2 0x30 0x5a'
AJSWTUJMOK0x19
AJSWTUJMOK 0
root@arm:~# echo 'HAGB''SUTPOK'
HAGBSUTPOK
root@arm:~# MARKER='QLBB''MHCKTS' run 'grep -r -l rohm,bd9576 /proc/device-tree || sed '"'"'s![^/]*$!!'"'"''
QLBBMHCKTS/proc/device-tree/ocp/interconnect@48000000/segment@100000/target-module@9c000/i2c@0/pmic@30/
QLBBMHCKTS 0
root@arm:~# echo 'XLSJ''KFGGJX'
XLSJKFGGJX
root@arm:~# MARKER='OHEM''GOJYSC' run 'xxd -p /proc/device-tree/ocp/interconnect\\@48000000/segment\@100000/target-module\@9c000/i2c\@0/pmic\@30/regulators/regulaator-vd10/regulator-uv-error-microvolt'
OHEMGOJYSC00006590
OHEMGOJYSC 0
root@arm:~# echo 'ZZEL''MEAAFX'
ZZELMEAAFX
root@arm:~# MARKER='OUXF''CBCSMT' run 'i2cget -y -f 2 0x30 0x5b'
OUXFCBCSMT0x19
OUXFCBCSMT 0
root@arm:~# echo 'JOKO''YHSCWF'
JOKOYHSCWF
root@arm:~# MARKER='USCS''BCSQYF' run 'grep -r -l rohm,bd9576 /proc/device-tree || sed '"'"'s![^/]*$!!'"'"''
USCSBCSQYF/proc/device-tree/ocp/interconnect@48000000/segment@100000/target-module@9c000/i2c@0/pmic@30/
USCSBCSQYF 0
root@arm:~# echo 'NWZA''NVOBHN'
NWZANVOBHN
root@arm:~# MARKER='NNCV''XHLXGT' run 'xxd -p /proc/device-tree/ocp/interconnect\\@48000000/segment\@100000/target-module\@9c000/i2c\@0/pmic\@30/regulators/regulaator-voutl1/regulator-ov-error-microvolt'
NNCVXHLXGT000084d0
NNCVXHLXGT 0
root@arm:~# echo 'LLMH''VQPYGK'
LLMHVQPYGK
root@arm:~# MARKER='LAPP''CACCFF' run 'i2cget -y -f 2 0x30 0x5d'
LAPPCACCFF0x01
LAPPCACCFF 0
root@arm:~# echo 'EKQY''LSTTCE'
EKQYLSTTCE
root@arm:~# MARKER='NETX''WWMUYH' run 'grep -r -l rohm,bd9576 /proc/device-tree || sed '"'"'s![^/]*$!!'"'"''
NETXWWMUYH/proc/device-tree/ocp/interconnect@48000000/segment@100000/target-module@9c000/i2c@0/pmic@30/
NETXWWMUYH 0
root@arm:~# echo 'YSKG''JNLZEN'
YSKGJNLZEN
root@arm:~# MARKER='WWEA''SNXWNW' run 'xxd -p /proc/device-tree/ocp/interconnect\\@48000000/segment\@100000/target-module\@9c000/i2c\@0/pmic\@30/regulators/regulaator-voutl1/regulator-uv-error-microvolt'
WWEASNXWNW000084d0
WWEASNXWNW 0
root@arm:~# echo 'ALAU''GYMLTX'
ALAUGYMLTX
root@arm:~# MARKER='QTNX''EKQBEH' run 'i2cget -y -f 2 0x30 0x5e'
QTNXEKQBEH0x01
QTNXEKQBEH 0
root@arm:~# echo 'EXAJ''OSYYJP'
EXAJOSYYJP
root@arm:~# MARKER='BSFF''XNLJWH' run 'grep -r -l rohm,bd9576 /proc/device-tree || sed '"'"'s![^/]*$!!'"'"''
BSFFXNLJWH/proc/device-tree/ocp/interconnect@48000000/segment@100000/target-module@9c000/i2c@0/pmic@30/
BSFFXNLJWH 0
root@arm:~# echo 'QUFG''SCCFHK'
QUFGSCCFHK
root@arm:~# MARKER='WEKZ''YEJEWF' run 'xxd -p /proc/device-tree/ocp/interconnect\\@48000000/segment\@100000/target-module\@9c000/i2c\@0/pmic\@30/regulators/regulaator-vouts1/regulator-oc-warn-microamp'
WEKZYEJEWF00055730
WEKZYEJEWF 0
root@arm:~# echo 'UVXK''FGASHQ'
UVXKFGASHQ
root@arm:~# MARKER='JFEL''LQVFVK' run 'i2cget -y -f 2 0x30 0x5f'
JFELLQVFVK0x07
JFELLQVFVK 0
root@arm:~# echo 'QYUT''LZMJXF'
QYUTLZMJXF
root@arm:~# MARKER='QQON''UAXFSF' run 'grep -r -l rohm,bd9576 /proc/device-tree || sed '"'"'s![^/]*$!!'"'"''
QQONUAXFSF/proc/device-tree/ocp/interconnect@48000000/segment@100000/target-module@9c000/i2c@0/pmic@30/
QQONUAXFSF 0
root@arm:~# echo 'MJOH''VFUUJL'
MJOHVFUUJL
root@arm:~# MARKER='APPO''ZGNZXO' run 'xxd -p /proc/device-tree/ocp/interconnect\\@48000000/segment\@100000/target-module\@9c000/i2c\@0/pmic\@30/regulators/regulaator-vouts1/regulator-oc-protection-microamp'
APPOZGNZXO00149970
APPOZGNZXO 0
root@arm:~# echo 'WXUU''KGVFXP'
WXUUKGVFXP
root@arm:~# MARKER='GBNG''JUWLSG' run 'i2cget -y -f 2 0x30 0x60'
GBNGJUWLSG0x1b
GBNGJUWLSG 0
root@arm:~# Labgrid Console Logfile for main
Logfile started at 2024-10-02 13:08:45.064270
=== Log starts here ===
reading args
spl_load_image_fat_os: error reading image args, err - -1
reading u-boot.img
reading u-boot.img


U-Boot 2014.04-00014-g47880f5 (Apr 22 2014 - 13:23:54)

I2C:   ready
DRAM:  512 MiB
NAND:  0 MiB
MMC:   OMAP SD/MMC: 0, OMAP SD/MMC: 1
*** Warning - readenv() failed, using default environment

Net:   <ethaddr> not set. Validating first E-fuse MAC
cpsw, usb_ether
Hit any key to stop autoboot:  1  0 
gpio: pin 53 (gpio 53) value is 1
mmc0 is current device
gpio: pin 54 (gpio 54) value is 1
SD/MMC found on device 0
reading uEnv.txt
569 bytes read in 4 ms (138.7 KiB/s)
gpio: pin 55 (gpio 55) value is 1
Loaded environment from uEnv.txt
Importing environment from mmc ...
Checking if uenvcmd is set ...
gpio: pin 56 (gpio 56) value is 1
Running uenvcmd ...
cpsw Waiting for PHY auto negotiation to complete. done
link up on port 0, speed 100, full duplex
Using cpsw device
TFTP from server 192.168.255.126; our IP address is 192.168.255.1
Filename 'zImage'.
Load address: 0x81000000
Loading: *#################################################################
	 #################################################################
	 #################################################################
	 #################################################################
	 #################################################################
	 ##################################################
	 2.4 MiB/s
done
Bytes transferred = 5501176 (53f0f8 hex)
link up on port 0, speed 100, full duplex
Using cpsw device
TFTP from server 192.168.255.126; our IP address is 192.168.255.1
Filename 'am335x-boneblack.dtb'.
Load address: 0x82000000
Loading: *#######
	 2.2 MiB/s
done
Bytes transferred = 98336 (18020 hex)
Kernel image @ 0x81000000 [ 0x000000 - 0x53f0f8 ]
## Flattened Device Tree blob at 82000000
   Booting using the fdt blob at 0x82000000
   Using Device Tree in place at 82000000, end 8201b01f

Starting kernel ...

[    0.000000] Booting Linux on physical CPU 0x0
[    0.000000] Linux version 6.12.0-rc1-next-20241002 (user01@drvtest01) (arm-linux-gnueabihf-gcc (Linaro GCC 6.4-2017.11) 6.4.1 20171012, GNU ld (Linaro_Binutils-2017.11) 2.27.0.20161229) #108 SMP Wed Oct  2 08:22:44 EEST 2024
[    0.000000] CPU: ARMv7 Processor [413fc082] revision 2 (ARMv7), cr=10c5387d
[    0.000000] CPU: PIPT / VIPT nonaliasing data cache, VIPT aliasing instruction cache
[    0.000000] OF: fdt: Machine model: TI AM335x BeagleBone Black
[    0.000000] Memory policy: Data cache writeback
[    0.000000] cma: Reserved 16 MiB at 0x9e800000 on node -1
[    0.000000] Zone ranges:
[    0.000000]   Normal   [mem 0x0000000080000000-0x000000009fdfffff]
[    0.000000]   HighMem  empty
[    0.000000] Movable zone start for each node
[    0.000000] Early memory node ranges
[    0.000000]   node   0: [mem 0x0000000080000000-0x000000009fdfffff]
[    0.000000] Initmem setup node 0 [mem 0x0000000080000000-0x000000009fdfffff]
[    0.000000] CPU: All CPU(s) started in SVC mode.
[    0.000000] AM335X ES2.1 (sgx neon)
[    0.000000] percpu: Embedded 17 pages/cpu s40268 r8192 d21172 u69632
[    0.000000] Kernel command line: console=ttyO0,115200n8 root=/dev/nfs rw nfsroot=192.168.255.126:/home/user01/nfs,nfsvers=3 ip=192.168.255.1:192.168.255.126::255.255.255.0:bbb1:eth0 nfsrootdebug
[    0.000000] Unknown kernel command line parameters "nfsrootdebug", will be passed to user space.
[    0.000000] Dentry cache hash table entries: 65536 (order: 6, 262144 bytes, linear)
[    0.000000] Inode-cache hash table entries: 32768 (order: 5, 131072 bytes, linear)
[    0.000000] Built 1 zonelists, mobility grouping on.  Total pages: 130560
[    0.000000] mem auto-init: stack:off, heap alloc:off, heap free:off
[    0.000000] SLUB: HWalign=64, Order=0-3, MinObjects=0, CPUs=1, Nodes=1
[    0.000000] trace event string verifier disabled
[    0.000000] rcu: Hierarchical RCU implementation.
[    0.000000] rcu: 	RCU event tracing is enabled.
[    0.000000] rcu: 	RCU restricting CPUs from NR_CPUS=2 to nr_cpu_ids=1.
[    0.000000] rcu: RCU calculated value of scheduler-enlistment delay is 10 jiffies.
[    0.000000] rcu: Adjusting geometry for rcu_fanout_leaf=16, nr_cpu_ids=1
[    0.000000] NR_IRQS: 16, nr_irqs: 16, preallocated irqs: 16
[    0.000000] IRQ: Found an INTC at 0x(ptrval) (revision 5.0) with 128 interrupts
[    0.000000] rcu: srcu_init: Setting srcu_struct sizes based on contention.
[    0.000000] TI gptimer clocksource: always-on /ocp/interconnect@44c00000/segment@200000/target-module@31000
[    0.000003] sched_clock: 32 bits at 24MHz, resolution 41ns, wraps every 89478484971ns
[    0.000027] clocksource: dmtimer: mask: 0xffffffff max_cycles: 0xffffffff, max_idle_ns: 79635851949 ns
[    0.000504] TI gptimer clockevent: 24000000 Hz at /ocp/interconnect@48000000/segment@0/target-module@40000
[    0.002145] Console: colour dummy device 80x30
[    0.002213] WARNING: Your 'console=ttyO0' has been replaced by 'ttyS0'
[    0.002222] This ensures that you still see kernel messages. Please
[    0.002227] update your kernel commandline.
[    0.002269] Calibrating delay loop... 996.14 BogoMIPS (lpj=4980736)
[    0.090555] CPU: Testing write buffer coherency: ok
[    0.090674] CPU0: Spectre v2: using BPIALL workaround
[    0.090687] pid_max: default: 32768 minimum: 301
[    0.090817] LSM: initializing lsm=capability
[    0.090994] Mount-cache hash table entries: 1024 (order: 0, 4096 bytes, linear)
[    0.091016] Mountpoint-cache hash table entries: 1024 (order: 0, 4096 bytes, linear)
[    0.092665] CPU0: thread -1, cpu 0, socket -1, mpidr 0
[    0.150727] Setting up static identity map for 0x80100000 - 0x80100078
[    0.160717] rcu: Hierarchical SRCU implementation.
[    0.160730] rcu: 	Max phase no-delay instances is 1000.
[    0.180765] smp: Bringing up secondary CPUs ...
[    0.180822] smp: Brought up 1 node, 1 CPU
[    0.180838] SMP: Total of 1 processors activated (996.14 BogoMIPS).
[    0.180850] CPU: All CPU(s) started in SVC mode.
[    0.181042] Memory: 480860K/522240K available (11264K kernel code, 1215K rwdata, 2876K rodata, 1024K init, 299K bss, 23368K reserved, 16384K cma-reserved, 0K highmem)
[    0.181883] devtmpfs: initialized
[    0.198560] VFP support v0.3: implementor 41 architecture 3 part 30 variant c rev 3
[    0.198915] clocksource: jiffies: mask: 0xffffffff max_cycles: 0xffffffff, max_idle_ns: 19112604462750000 ns
[    0.198951] futex hash table entries: 256 (order: 2, 16384 bytes, linear)
[    0.200278] pinctrl core: initialized pinctrl subsystem
[    0.203340] NET: Registered PF_NETLINK/PF_ROUTE protocol family
[    0.206165] DMA: preallocated 256 KiB pool for atomic coherent allocations
[    0.207056] audit: initializing netlink subsys (disabled)
[    0.208506] thermal_sys: Registered thermal governor 'fair_share'
[    0.208522] thermal_sys: Registered thermal governor 'step_wise'
[    0.208532] thermal_sys: Registered thermal governor 'user_space'
[    0.208685] audit: type=2000 audit(0.200:1): state=initialized audit_enabled=0 res=1
[    0.208729] cpuidle: using governor menu
[    0.227614] No ATAGs?
[    0.227640] hw-breakpoint: debug architecture 0x4 unsupported.
[    0.230403] kprobes: kprobe jump-optimization is enabled. All kprobes are optimized if possible.
[    0.244000] iommu: Default domain type: Translated
[    0.244023] iommu: DMA domain TLB invalidation policy: strict mode
[    0.251901] SCSI subsystem initialized
[    0.252765] pps_core: LinuxPPS API ver. 1 registered
[    0.252776] pps_core: Software ver. 5.3.6 - Copyright 2005-2007 Rodolfo Giometti <giometti@linux.it>
[    0.252800] PTP clock support registered
[    0.260901] vgaarb: loaded
[    0.261304] clocksource: Switched to clocksource dmtimer
[    0.261956] VFS: Disk quotas dquot_6.6.0
[    0.262000] VFS: Dquot-cache hash table entries: 1024 (order 0, 4096 bytes)
[    0.286798] NET: Registered PF_INET protocol family
[    0.287157] IP idents hash table entries: 8192 (order: 4, 65536 bytes, linear)
[    0.288561] tcp_listen_portaddr_hash hash table entries: 512 (order: 0, 4096 bytes, linear)
[    0.288600] Table-perturb hash table entries: 65536 (order: 6, 262144 bytes, linear)
[    0.288617] TCP established hash table entries: 4096 (order: 2, 16384 bytes, linear)
[    0.288661] TCP bind hash table entries: 4096 (order: 4, 65536 bytes, linear)
[    0.288762] TCP: Hash tables configured (established 4096 bind 4096)
[    0.288880] UDP hash table entries: 256 (order: 1, 8192 bytes, linear)
[    0.288909] UDP-Lite hash table entries: 256 (order: 1, 8192 bytes, linear)
[    0.289091] NET: Registered PF_UNIX/PF_LOCAL protocol family
[    0.302362] RPC: Registered named UNIX socket transport module.
[    0.302386] RPC: Registered udp transport module.
[    0.302392] RPC: Registered tcp transport module.
[    0.302397] RPC: Registered tcp-with-tls transport module.
[    0.302402] RPC: Registered tcp NFSv4.1 backchannel transport module.
[    0.302428] PCI: CLS 0 bytes, default 64
[    0.303916] Initialise system trusted keyrings
[    0.304504] workingset: timestamp_bits=14 max_order=17 bucket_order=3
[    0.305931] NFS: Registering the id_resolver key type
[    0.306047] Key type id_resolver registered
[    0.306055] Key type id_legacy registered
[    0.306102] jffs2: version 2.2. (NAND) (SUMMARY)  Â© 2001-2006 Red Hat, Inc.
[    0.306509] Key type asymmetric registered
[    0.306524] Asymmetric key parser 'x509' registered
[    0.306592] io scheduler mq-deadline registered
[    0.306603] io scheduler kyber registered
[    0.306674] io scheduler bfq registered
[    0.308747] ledtrig-cpu: registered to indicate activity on CPUs
[    0.321483] Serial: 8250/16550 driver, 6 ports, IRQ sharing enabled
[    0.355739] brd: module loaded
[    0.382416] loop: module loaded
[    0.383359] mtdoops: mtd device (mtddev=name/number) must be supplied
[    0.386514] i2c_dev: i2c /dev entries driver
[    0.387520] cpuidle: enable-method property 'ti,am3352' found operations
[    0.387965] sdhci: Secure Digital Host Controller Interface driver
[    0.387974] sdhci: Copyright(c) Pierre Ossman
[    0.388146] sdhci-pltfm: SDHCI platform and OF driver helper
[    0.389184] Initializing XFRM netlink socket
[    0.389316] NET: Registered PF_INET6 protocol family
[    0.391434] Segment Routing with IPv6
[    0.391534] In-situ OAM (IOAM) with IPv6
[    0.391640] sit: IPv6, IPv4 and MPLS over IPv4 tunneling driver
[    0.392598] NET: Registered PF_PACKET protocol family
[    0.392635] NET: Registered PF_KEY protocol family
[    0.392753] Key type dns_resolver registered
[    0.393033] ThumbEE CPU extension supported.
[    0.393051] Registering SWP/SWPB emulation handler
[    0.393577] omap_voltage_late_init: Voltage driver support not added
[    0.393939] SmartReflex Class3 initialized
[    0.428041] Loading compiled-in X.509 certificates
[    0.510330] platform 44e10800.pinmux: Fixed dependency cycle(s) with /ocp/interconnect@44c00000/segment@200000/target-module@10000/scm@0/pinmux@800/clkout2-pins
[    0.510880] pinctrl-single 44e10800.pinmux: 142 pins, size 568
[    0.516294] ti-sysc 44e31000.target-module: probe with driver ti-sysc failed with error -16
[    0.555649] ti-sysc 48040000.target-module: probe with driver ti-sysc failed with error -16
[    0.594011] OMAP GPIO hardware version 0.1
[    0.622219] omap_i2c 4819c000.i2c: bus 2 rev0.11 at 100 kHz
[    0.647697] 48000000.interconnect:segment@200000:target-module@0:mpu@0:fck: device ID is greater than 24
[    0.652134] platform 4830e000.lcdc: Fixed dependency cycle(s) with /ocp/interconnect@44c00000/segment@200000/target-module@b000/i2c@0/tda19988@70
[    0.663359] sdhci-omap 481d8000.mmc: supply pbias not found, using dummy regulator
[    0.663873] sdhci-omap 481d8000.mmc: supply vqmmc not found, using dummy regulator
[    0.717271] davinci_mdio 4a101000.mdio: davinci mdio revision 1.6, bus freq 1000000
[    0.840973] davinci_mdio 4a101000.mdio: phy[0]: device 4a101000.mdio:00, driver SMSC LAN8710/LAN8720
[    0.841884] cpsw-switch 4a100000.switch: initialized cpsw ale version 1.4
[    0.841909] cpsw-switch 4a100000.switch: ALE Table size 1024, Policers 0
[    0.859201] cpsw-switch 4a100000.switch: cpts: overflow check period 500 (jiffies)
[    0.859228] cpsw-switch 4a100000.switch: CPTS: ref_clk_freq:250000000 calc_mult:2147483648 calc_shift:29 error:0 nsec/sec
[    0.859338] cpsw-switch 4a100000.switch: Detected MACID = 6c:ec:eb:68:de:78
[    0.861180] cpsw-switch 4a100000.switch: initialized (regs 0x4a100000, pool size 256) hw_ver:0019010C 1.12 (0)
[    0.872412] debugfs: Directory '49000000.dma' with parent 'dmaengine' already present!
[    0.872455] edma 49000000.dma: TI EDMA DMA engine driver
[    0.909111] target-module@4b000000:target-module@140000:pmu@0:fck: device ID is greater than 24
[    0.924312] hw perfevents: enabled with armv7_cortex_a8 PMU driver, 5 (8000000f) counters available
[    0.932002] l3-aon-clkctrl:0000:0: failed to disable
[    0.935282] 44e09000.serial: ttyS0 at MMIO 0x44e09000 (irq = 34, base_baud = 3000000) is a 8250
[    0.935372] printk: legacy console [ttyS0] enabled
 [    2.262326] tps65217-pmic: Failed to locate of_node [id: -1 ]
[    2.268398] tps65217-bl: Failed to locate of_node [id: - 1]
[    2.279928] tps65217 0-0024: TPS65217 ID 0xe version 1. 2
[    2.286073] platform 4830e000.lcdc: Fixed dependency cycle(s) wi
[    2.460506] mmc0: new high speed SDHC card at address 5048
[    2.467625] mmcblk0: mmc0:5048 SD16G 14.4 GiB
[    2.475759]  mmcblk0: p1 p2
[    2.479151] mmcblk0: p2 size 31221760 extends beyond EOD, truncated
[    2.492591] SMSC LAN8710/LAN8720 4a101000.mdio:00: attached PHY driver (mii_bus:phy_addr=4a101000.mdio:00, irq=POLL)
[    2.504813] mmc1: new high speed MMC card at address 0001
[    2.511751] mmcblk1: mmc1:0001 MMC04G 3.60 GiB
[    2.523818]  mmcblk1: p1 p2
[    2.528117] mmcblk1boot0: mmc1:0001 MMC04G 2.00 MiB
[    2.535476] mmcblk1boot1: mmc1:0001 MMC04G 2.00 MiB
[    2.543083] mmcblk1rpmb: mmc1:0001 MMC04G 128 KiB, chardev (250:0)
[    5.682098] cpsw-switch 4a100000.switch eth0: Link is Up - 100Mbps/Full - flow control off
[    5.721564] IP-Config: Complete:
[    5.724844]      device=eth0, hwaddr=6c:ec:eb:68:de:78, ipaddr=192.168.255.1, mask=255.255.255.0, gw=255.255.255.255
[    5.735517]      host=bbb1, domain=, nis-domain=(none)
[    5.740689]      bootserver=192.168.255.126, rootserver=192.168.255.126, rootpath=
[    5.741132] clk: Disabling unused clocks
[    5.752978] PM: genpd: Disabling unused power domains
[    5.758099] KTAP version 1
[    5.760822] 1..0
[    5.785740] VFS: Mounted root (nfs filesystem) on device 0:17.
[    5.792935] devtmpfs: mounted
[    5.797610] Freeing unused kernel image (initmem) memory: 1024K
[    5.804530] Run /sbin/init as init process
[    6.511646] systemd[1]: System time before build time, advancing clock.
[    7.981333] random: crng init done
[    8.022188] systemd[1]: systemd 232 running in system mode. (+PAM +AUDIT +SELINUX +IMA +APPARMOR +SMACK +SYSVINIT +UTMP +LIBCRYPTSETUP +GCRYPT +GNUTLS +ACL +XZ +LZ4 +SECCOMP +BLKID +ELFUTILS +KMOD +IDN)
[    8.041235] systemd[1]: Detected architecture arm.

Welcome to [1mDebian GNU/Linux 9 (stretch)[0m!

[    8.074507] systemd[1]: Set hostname to <arm>.
[    9.191948] systemd[1]: Listening on /dev/initctl Compatibility Named Pipe.
[[0;32m  OK  [0m] Listening on /dev/initctl Compatibility Named Pipe.
[    9.222934] systemd[1]: Created slice System Slice.
[[0;32m  OK  [0m] Created slice System Slice.
[    9.252813] systemd[1]: Created slice system-serial\x2dgetty.slice.
[[0;32m  OK  [0m] Created slice system-serial\x2dgetty.slice.
[    9.281825] systemd[1]: dev-hugepages.mount: Couldn't determine result for ConditionVirtualization=!private-users, assuming failed: No such file or directory
[    9.297077] systemd[1]: Started Forward Password Requests to Wall Directory Watch.
[[0;32m  OK  [0m] Started Forward Password Requests to Wall Directory Watch.
[    9.322200] systemd[1]: Started Dispatch Password Requests to Console Directory Watch.
[[0;32m  OK  [0m] Started Dispatch Password Requests to Console Directory Watch.
[    9.351667] systemd[1]: Reached target Remote File Systems.
[[0;32m  OK  [0m] Reached target Remote File Systems.
[[0;32m  OK  [0m] Listening on Journal Socket (/dev/log).
[[0;32m  OK  [0m] Reached target Paths.
[[0;32m  OK  [0m] Listening on Journal Audit Socket.
[[0;32m  OK  [0m] Created slice system-getty.slice.
[[0;32m  OK  [0m] Set up automount Arbitrary Executabâ€¦rmats File System Automount Point.
[[0;32m  OK  [0m] Listening on Syslog Socket.
[[0;32m  OK  [0m] Reached target Encrypted Volumes.
         Mounting Debug File System...
[[0;32m  OK  [0m] Created slice User and Session Slice.
[[0;32m  OK  [0m] Reached target Slices.
[[0;32m  OK  [0m] Listening on udev Control Socket.
[[0;32m  OK  [0m] Reached target Swap.
[[0;32m  OK  [0m] Listening on Journal Socket.
         Starting Journal Service...
         Starting Remount Root and Kernel File Systems...
         Starting Create list of required stâ€¦ce nodes for the current kernel...
         Starting Load Kernel Modules...
         Mounting POSIX Message Queue File System...
[[0;32m  OK  [0m] Listening on udev Kernel Socket.
[[0;32m  OK  [0m] Mounted Debug File System.
[[0;32m  OK  [0m] Started Remount Root and Kernel File Systems.
[[0;32m  OK  [0m] Started Create list of required staâ€¦vice nodes for the current kernel.
         Starting Create Static Device Nodes in /dev...
         Starting udev Coldplug all Devices...
         Starting Load/Save Random Seed...
[[0;32m  OK  [0m] Mounted POSIX Message Queue File System.
[[0;32m  OK  [0m] Started Load Kernel Modules.
         Starting Apply Kernel Variables...
         Mounting Configuration File System...
[[0;32m  OK  [0m] Mounted Configuration File System.
[[0;32m  OK  [0m] Started Load/Save Random Seed.
[[0;32m  OK  [0m] Started Apply Kernel Variables.
[[0;32m  OK  [0m] Started Create Static Device Nodes in /dev.
[[0;32m  OK  [0m] Started Journal Service.
         Starting Flush Journal to Persistent Storage...
         Starting udev Kernel Device Manager...
[[0;32m  OK  [0m] Reached target Local File Systems (Pre).
[[0;32m  OK  [0m] Reached target Local File Systems.
         Starting Raise network interfaces...
[   11.448798] systemd-journald[79]: Received request to flush runtime journal from PID 1
[[0;32m  OK  [0m] Started Flush Journal to Persistent Storage.
         Starting Create Volatile Files and Directories...
[[0;32m  OK  [0m] Started udev Kernel Device Manager.
[[0;32m  OK  [0m] Started Create Volatile Files and Directories.
         Starting Network Time Synchronization...
         Starting Update UTMP about System Boot/Shutdown...
[[0;32m  OK  [0m] Started Update UTMP about System Boot/Shutdown.
[[0;32m  OK  [0m] Started Network Time Synchronization.
[[0;32m  OK  [0m] Reached target System Time Synchronized.
[[0;32m  OK  [0m] Started udev Coldplug all Devices.
[[0;32m  OK  [0m] Reached target System Initialization.
[[0;32m  OK  [0m] Listening on Avahi mDNS/DNS-SD Stack Activation Socket.
[[0;32m  OK  [0m] Listening on D-Bus System Message Bus Socket.
[[0;32m  OK  [0m] Reached target Sockets.
[[0;32m  OK  [0m] Reached target Basic System.
         Starting DUN service...
         Starting Avahi mDNS/DNS-SD Stack...
[   15.009616] remoteproc remoteproc0: wkup_m3 is available
         Starting LSB: Load kernel modules needed to enable cpufreq scaling...
[   15.193359] omap_rtc 44e3e000.rtc: registered as rtc0
[   15.198538] omap_rtc 44e3e000.rtc: setting system clock to 2000-01-01T00:00:00 UTC (946684800)
[[0;32m  OK  [0m] Started D-Bus System Message Bus.
[   15.310994] at24 2-0054: supply vcc not found, using dummy regulator
[   15.338984] omap_wdt: OMAP Watchdog Timer Rev 0x01: initial timeout 60 sec
[   15.476285] at24 2-0055: supply vcc not found, using dummy regulator
[   15.564170] at24 2-0056: supply vcc not found, using dummy regulator
[   15.665079] at24 2-0057: supply vcc not found, using dummy regulator
[   15.773815] at24 0-0050: 32768 byte 24c256 EEPROM, writable, 1 bytes/write
[   15.959605] tps6521x_pwrbutton tps65217-pwrbutton: DMA mask not set
[   16.048552] input: tps65217_pwrbutton as /devices/platform/ocp/44c00000.interconnect/44c00000.interconnect:segment@200000/44e0b000.target-module/44e0b000.i2c/i2c-0/0-0024/tps65217-pwrbutton/input/input0
[   16.147465] wkup_m3_ipc 44e11324.wkup_m3_ipc: IPC Request for A8->M3 Channel failed! -517
[   16.198400] wkup_m3_ipc 44e11324.wkup_m3_ipc: IPC Request for A8->M3 Channel failed! -517
[   16.599834] am335x-phy-driver 47401300.usb-phy: dummy supplies not allowed for exclusive requests (id=vbus)
[   16.731065] am335x-phy-driver 47401b00.usb-phy: dummy supplies not allowed for exclusive requests (id=vbus)
[   16.742404] wkup_m3_ipc 44e11324.wkup_m3_ipc: IPC Request for A8->M3 Channel failed! -517
[   16.860775] wkup_m3_ipc 44e11324.wkup_m3_ipc: IPC Request for A8->M3 Channel failed! -517
[   16.979559] usbcore: registered new interface driver usbfs
[   16.985506] usbcore: registered new interface driver hub
[   16.990963] usbcore: registered new device driver usb
[   17.115026] tda998x 0-0070: found TDA19988
[   17.224059] wkup_m3_ipc 44e11324.wkup_m3_ipc: IPC Request for A8->M3 Channel failed! -517
[   17.653595] wkup_m3_ipc 44e11324.wkup_m3_ipc: IPC Request for A8->M3 Channel failed! -517
[   17.708591] musb-hdrc musb-hdrc.1: MUSB HDRC host driver
[   17.714262] musb-hdrc musb-hdrc.1: new USB bus registered, assigned bus number 1
[   17.739185] wkup_m3_ipc 44e11324.wkup_m3_ipc: IPC Request for A8->M3 Channel failed! -517
[   17.821757] omap-mailbox 480c8000.mailbox: omap mailbox rev 0x400
[   17.932469] remoteproc remoteproc0: powering up wkup_m3
[   17.965611] usb usb1: New USB device found, idVendor=1d6b, idProduct=0002, bcdDevice= 6.12
[   17.974147] usb usb1: New USB device strings: Mfr=3, Product=2, SerialNumber=1
[   17.981495] usb usb1: Product: MUSB HDRC host driver
[   17.986491] usb usb1: Manufacturer: Linux 6.12.0-rc1-next-20241002 musb-hcd
[   17.993544] usb usb1: SerialNumber: musb-hdrc.1
[   18.071098] remoteproc remoteproc0: Direct firmware load for am335x-pm-firmware.elf failed with error -2
[   18.080941] remoteproc remoteproc0: request_firmware failed: -2
[   18.086988] wkup_m3_ipc 44e11324.wkup_m3_ipc: rproc_boot failed
[   18.369154] hub 1-0:1.0: USB hub found
[   18.438825] hub 1-0:1.0: 1 port detected
[   19.556092] omap_rng 48310000.rng: Random Number Generator ver. 20
[   19.682800] tilcdc 4830e000.lcdc: bound 0-0070 (ops tda998x_driver_exit [tda998x])
[[0;32m  OK  [0m] Started Avahi mDNS/DNS-SD Stack.
[[0;32m  OK  [0m] Started DUN service.
[   19.794801] [drm] Initialized tilcdc 1.0.0 for 4830e000.lcdc on minor 0
         Starting Connection service...
[   19.897026] tilcdc 4830e000.lcdc: [drm] Cannot find any crtc or sizes
[   19.943378] tilcdc 4830e000.lcdc: [drm] Cannot find any crtc or sizes
         Starting Generic Board Startup...
         Starting Cape Manager Service...
