Labgrid Console Logfile for main
Logfile started at 2025-11-24 08:49:22.698939
=== Log starts here ===
reading args
spl_load_image_fat_os: error reading image args, err - -1
reading u-boot.img
reading u-boot.img


U-Boot 2014.04-00014-g47880f5 (Apr 22 2014 - 13:23:54)

I2C:   ready
DRAM:  512 MiB
NAND:  0 MiB
MMC:   OMAP SD/MMC: 0, OMAP SD/MMC: 1
*** Warning - readenv() failed, using default environment

Net:   <ethaddr> not set. Validating first E-fuse MAC
cpsw, usb_ether
Hit any key to stop autoboot:  1  0 
gpio: pin 53 (gpio 53) value is 1
mmc0 is current device
gpio: pin 54 (gpio 54) value is 1
SD/MMC found on device 0
reading uEnv.txt
569 bytes read in 3 ms (184.6 KiB/s)
gpio: pin 55 (gpio 55) value is 1
Loaded environment from uEnv.txt
Importing environment from mmc ...
Checking if uenvcmd is set ...
gpio: pin 56 (gpio 56) value is 1
Running uenvcmd ...
cpsw Waiting for PHY auto negotiation to complete. done
link up on port 0, speed 100, full duplex
Using cpsw device
TFTP from server 192.168.255.126; our IP address is 192.168.255.1
Filename 'zImage'.
Load address: 0x81000000
Loading: *#################################################################
	 #################################################################
	 #################################################################
	 #################################################################
	 #################################################################
	 #################################################################
	 2.4 MiB/s
done
Bytes transferred = 5720776 (574ac8 hex)
link up on port 0, speed 100, full duplex
Using cpsw device
TFTP from server 192.168.255.126; our IP address is 192.168.255.1
Filename 'am335x-boneblack.dtb'.
Load address: 0x82000000
Loading: *#######
	 2.4 MiB/s
done
Bytes transferred = 98077 (17f1d hex)
Kernel image @ 0x81000000 [ 0x000000 - 0x574ac8 ]
## Flattened Device Tree blob at 82000000
   Booting using the fdt blob at 0x82000000
   Using Device Tree in place at 82000000, end 8201af1c

Starting kernel ...

[    0.000000] Booting Linux on physical CPU 0x0
[    0.000000] Linux version 6.18.0-rc6-next-20251120-g88cbd8ac379c (user01@drvtest01) (arm-none-eabi-gcc (Arm GNU Toolchain 14.2.Rel1 (Build arm-14.52)) 14.2.1 20241119, GNU ld (Arm GNU Toolchain 14.2.Rel1 (Build arm-14.52)) 2.43.1.20241119) #1 SMP Mon Nov 24 08:47:40 EET 2025
[    0.000000] CPU: ARMv7 Processor [413fc082] revision 2 (ARMv7), cr=10c5387d
[    0.000000] CPU: PIPT / VIPT nonaliasing data cache, VIPT aliasing instruction cache
[    0.000000] OF: fdt: Machine model: TI AM335x BeagleBone Black
[    0.000000] Memory policy: Data cache writeback
[    0.000000] cma: Reserved 16 MiB at 0x9e800000
[    0.000000] Zone ranges:
[    0.000000]   Normal   [mem 0x0000000080000000-0x000000009fdfffff]
[    0.000000]   HighMem  empty
[    0.000000] Movable zone start for each node
[    0.000000] Early memory node ranges
[    0.000000]   node   0: [mem 0x0000000080000000-0x000000009fdfffff]
[    0.000000] Initmem setup node 0 [mem 0x0000000080000000-0x000000009fdfffff]
[    0.000000] On node 0, zone Normal: 512 pages in unavailable ranges
[    0.000000] OF: reserved mem: Reserved memory: No reserved-memory node in the DT
[    0.000000] CPU: All CPU(s) started in SVC mode.
[    0.000000] AM335X ES2.1 (sgx neon)
[    0.000000] percpu: Embedded 17 pages/cpu s39948 r8192 d21492 u69632
[    0.000000] Kernel command line: console=ttyO0,115200n8 root=/dev/nfs rw nfsroot=192.168.255.126:/home/user01/nfs,nfsvers=3 ip=192.168.255.1:192.168.255.126::255.255.255.0:bbb1:eth0 nfsrootdebug
[    0.000000] Unknown kernel command line parameters "nfsrootdebug", will be passed to user space.
[    0.000000] printk: log buffer data + meta data: 65536 + 204800 = 270336 bytes
[    0.000000] Dentry cache hash table entries: 65536 (order: 6, 262144 bytes, linear)
[    0.000000] Inode-cache hash table entries: 32768 (order: 5, 131072 bytes, linear)
[    0.000000] Built 1 zonelists, mobility grouping on.  Total pages: 130560
[    0.000000] mem auto-init: stack:off, heap alloc:off, heap free:off
[    0.000000] SLUB: HWalign=16, Order=0-3, MinObjects=0, CPUs=1, Nodes=1
[    0.000000] rcu: Hierarchical RCU implementation.
[    0.000000] rcu: 	RCU event tracing is enabled.
[    0.000000] rcu: 	RCU restricting CPUs from NR_CPUS=2 to nr_cpu_ids=1.
[    0.000000] 	Tracing variant of Tasks RCU enabled.
[    0.000000] rcu: RCU calculated value of scheduler-enlistment delay is 10 jiffies.
[    0.000000] rcu: Adjusting geometry for rcu_fanout_leaf=16, nr_cpu_ids=1
[    0.000000] RCU Tasks Trace: Setting shift to 0 and lim to 1 rcu_task_cb_adjust=1 rcu_task_cpu_ids=1.
[    0.000000] NR_IRQS: 16, nr_irqs: 16, preallocated irqs: 16
[    0.000000] IRQ: Found an INTC at 0x(ptrval) (revision 5.0) with 128 interrupts
[    0.000000] rcu: srcu_init: Setting srcu_struct sizes based on contention.
[    0.000000] TI gptimer clocksource: always-on /ocp/interconnect@44c00000/segment@200000/target-module@31000
[    0.000003] sched_clock: 32 bits at 24MHz, resolution 41ns, wraps every 89478484971ns
[    0.000027] clocksource: dmtimer: mask: 0xffffffff max_cycles: 0xffffffff, max_idle_ns: 79635851949 ns
[    0.000562] TI gptimer clockevent: 24000000 Hz at /ocp/interconnect@48000000/segment@0/target-module@40000
[    0.002132] Console: colour dummy device 80x30
[    0.002199] WARNING: Your 'console=ttyO0' has been replaced by 'ttyS0'
[    0.002206] This ensures that you still see kernel messages. Please
[    0.002211] update your kernel commandline.
[    0.002252] Calibrating delay loop... 996.14 BogoMIPS (lpj=4980736)
[    0.090610] CPU: Testing write buffer coherency: ok
[    0.090720] CPU0: Spectre v2: using BPIALL workaround
[    0.090731] pid_max: default: 32768 minimum: 301
[    0.091039] Mount-cache hash table entries: 1024 (order: 0, 4096 bytes, linear)
[    0.091060] Mountpoint-cache hash table entries: 1024 (order: 0, 4096 bytes, linear)
[    0.092662] CPU0: thread -1, cpu 0, socket -1, mpidr 0
[    0.092720] cacheinfo: Unable to detect cache hierarchy for CPU 0
[    0.094700] Setting up static identity map for 0x80100000 - 0x80100078
[    0.095021] rcu: Hierarchical SRCU implementation.
[    0.095030] rcu: 	Max phase no-delay instances is 1000.
[    0.096772] smp: Bringing up secondary CPUs ...
[    0.096828] smp: Brought up 1 node, 1 CPU
[    0.096839] SMP: Total of 1 processors activated (996.14 BogoMIPS).
[    0.096851] CPU: All CPU(s) started in SVC mode.
[    0.097097] Memory: 479964K/522240K available (12288K kernel code, 1231K rwdata, 2956K rodata, 1024K init, 256K bss, 24364K reserved, 16384K cma-reserved, 0K highmem)
[    0.097961] devtmpfs: initialized
[    0.115435] VFP support v0.3: implementor 41 architecture 3 part 30 variant c rev 3
[    0.116110] clocksource: jiffies: mask: 0xffffffff max_cycles: 0xffffffff, max_idle_ns: 19112604462750000 ns
[    0.116167] posixtimers hash table entries: 512 (order: 0, 4096 bytes, linear)
[    0.116193] futex hash table entries: 256 (16384 bytes on 1 NUMA nodes, total 16 KiB, linear).
[    0.119383] NET: Registered PF_NETLINK/PF_ROUTE protocol family
[    0.122496] DMA: preallocated 256 KiB pool for atomic coherent allocations
[    0.123482] audit: initializing netlink subsys (disabled)
[    0.124860] thermal_sys: Registered thermal governor 'fair_share'
[    0.124875] thermal_sys: Registered thermal governor 'step_wise'
[    0.124882] thermal_sys: Registered thermal governor 'user_space'
[    0.124995] audit: type=2000 audit(0.120:1): state=initialized audit_enabled=0 res=1
[    0.125071] cpuidle: using governor menu
[    0.143159] /ocp/interconnect@44c00000/segment@200000/target-module@b000/i2c@0/tda19988@70: Fixed dependency cycle(s) with /ocp/interconnect@48000000/segment@300000/target-module@e000/lcdc@0
[    0.144245] /ocp/interconnect@48000000/segment@300000/target-module@e000/lcdc@0: Fixed dependency cycle(s) with /ocp/interconnect@44c00000/segment@200000/target-module@b000/i2c@0/tda19988@70
[    0.146422] No ATAGs?
[    0.146459] hw-breakpoint: debug architecture 0x4 unsupported.
[    0.149091] kprobes: kprobe jump-optimization is enabled. All kprobes are optimized if possible.
[    0.163956] iommu: Default domain type: Translated
[    0.163980] iommu: DMA domain TLB invalidation policy: strict mode
[    0.166777] SCSI subsystem initialized
[    0.167621] pps_core: LinuxPPS API ver. 1 registered
[    0.167632] pps_core: Software ver. 5.3.6 - Copyright 2005-2007 Rodolfo Giometti <giometti@linux.it>
[    0.167656] PTP clock support registered
[    0.180855] vgaarb: loaded
[    0.181265] clocksource: Switched to clocksource dmtimer
[    0.181875] VFS: Disk quotas dquot_6.6.0
[    0.181938] VFS: Dquot-cache hash table entries: 1024 (order 0, 4096 bytes)
[    0.205835] NET: Registered PF_INET protocol family
[    0.206172] IP idents hash table entries: 8192 (order: 4, 65536 bytes, linear)
[    0.207610] tcp_listen_portaddr_hash hash table entries: 512 (order: 0, 4096 bytes, linear)
[    0.207647] Table-perturb hash table entries: 65536 (order: 6, 262144 bytes, linear)
[    0.207665] TCP established hash table entries: 4096 (order: 2, 16384 bytes, linear)
[    0.207710] TCP bind hash table entries: 4096 (order: 4, 65536 bytes, linear)
[    0.207810] TCP: Hash tables configured (established 4096 bind 4096)
[    0.207933] UDP hash table entries: 256 (order: 2, 14336 bytes, linear)
[    0.207966] UDP-Lite hash table entries: 256 (order: 2, 14336 bytes, linear)
[    0.208171] NET: Registered PF_UNIX/PF_LOCAL protocol family
[    0.209471] RPC: Registered named UNIX socket transport module.
[    0.209489] RPC: Registered udp transport module.
[    0.209495] RPC: Registered tcp transport module.
[    0.209499] RPC: Registered tcp-with-tls transport module.
[    0.209504] RPC: Registered tcp NFSv4.1 backchannel transport module.
[    0.209530] PCI: CLS 0 bytes, default 64
[    0.210978] Initialise system trusted keyrings
[    0.221778] workingset: timestamp_bits=14 max_order=17 bucket_order=3
[    0.223280] NFS: Registering the id_resolver key type
[    0.223342] Key type id_resolver registered
[    0.223350] Key type id_legacy registered
[    0.223463] jffs2: version 2.2. (NAND) (SUMMARY)  Â© 2001-2006 Red Hat, Inc.
[    0.224012] Key type asymmetric registered
[    0.224029] Asymmetric key parser 'x509' registered
[    0.224101] io scheduler mq-deadline registered
[    0.224112] io scheduler kyber registered
[    0.224194] io scheduler bfq registered
[    0.226010] target-module@4b000000:target-module@140000:pmu@0:fck: device ID is greater than 24
[    0.227163] ledtrig-cpu: registered to indicate activity on CPUs
[    0.242000] Serial: 8250/16550 driver, 6 ports, IRQ sharing enabled
[    0.296806] brd: module loaded
[    0.305273] loop: module loaded
[    0.306199] mtdoops: mtd device (mtddev=name/number) must be supplied
[    0.316112] i2c_dev: i2c /dev entries driver
[    0.317140] cpuidle: enable-method property 'ti,am3352' found operations
[    0.317607] sdhci: Secure Digital Host Controller Interface driver
[    0.317618] sdhci: Copyright(c) Pierre Ossman
[    0.317801] sdhci-pltfm: SDHCI platform and OF driver helper
[    0.319341] hw perfevents: enabled with armv7_cortex_a8 PMU driver, 5 (8000000f) counters available
[    0.319874] Initializing XFRM netlink socket
[    0.320045] NET: Registered PF_INET6 protocol family
[    0.335813] Segment Routing with IPv6
[    0.335898] In-situ OAM (IOAM) with IPv6
[    0.335998] sit: IPv6, IPv4 and MPLS over IPv4 tunneling driver
[    0.337025] NET: Registered PF_PACKET protocol family
[    0.337044] PFKEY is deprecated and scheduled to be removed in 2027, please contact the netdev mailing list
[    0.337059] NET: Registered PF_KEY protocol family
[    0.337199] Key type dns_resolver registered
[    0.337426] ThumbEE CPU extension supported.
[    0.337445] Registering SWP/SWPB emulation handler
[    0.337968] omap_voltage_late_init: Voltage driver support not added
[    0.338628] SmartReflex Class3 initialized
[    0.364989] Loading compiled-in X.509 certificates
[    0.404077] /ocp/interconnect@44c00000/segment@200000/target-module@b000/i2c@0/tda19988@70: Fixed dependency cycle(s) with /ocp/interconnect@48000000/segment@300000/target-module@e000/lcdc@0
[    0.410479] /ocp/interconnect@44c00000/segment@200000/target-module@b000/i2c@0/tda19988@70: Fixed dependency cycle(s) with /ocp/interconnect@48000000/segment@300000/target-module@e000/lcdc@0
[    0.441120] /ocp/interconnect@44c00000/segment@200000/target-module@b000/i2c@0/tda19988@70: Fixed dependency cycle(s) with /ocp/interconnect@48000000/segme nt@300000/target-module@e000/lcdc@0
[    0.442236] /ocp/interconnect@44c00000/segment@200000/target-module@b000/i2c@0/tda19988@70: Fixed dependency cycle(s) with /ocp/interconnect@48000000/segment@300000/target-module@e000/lcdc@0
[    0.445762] /ocp/interconnect@44c00000/segment@200000/target-module@10000/scm@0/pinmux@800: Fixed dependency cycle(s) with /ocp/interconnect@44c00000/segment@200000/target-module@10000/scm@0/pinmux@800/clkout2-pins
[    0.446389] pinctrl-single 44e10800.pinmux: 142 pins, si ze 568
[    0.479855] /ocp/interconnect@48000000/segment@300000/target-module@e000/lcdc@0: Fixed dependency cycle(s) with /ocp/interconnect@44c00000/segment@200000/target-module@b000/i2c@0/tda19988@70
[    0.535145] OMAP GPIO hardware version 0.1
[    0.579963] omap_i2c 4819c000.i2c: bus 2 rev0.11 at 100 kHz
[    0.606953] 48000000.interconnect:segment@200000:target-module@0:mpu@0:fck: device ID is greater than 24
[    0.607859] /ocp/interconnect@48000000/segment@300000/target-module@e000/lcdc@0: Fixed dependency cycle(s) with /ocp/interconnect@44c00000/segment@200000/target-module@b000/i2c@0/tda19988@70
[    0.610739] /ocp/interconnect@48000000/segment@300000/target-module@e000/lcdc@0: Fixed dependency cycle(s) with /ocp/interconnect@44c00000/segment@200000/target-module@b000/i2c@0/tda19988@70
[    0.611627] /ocp/interconnect@44c00000/segment@200000/target-module@b000/i2c@0/tda19988@70: Fixed dependency cycle(s) with /ocp/interconnect@48000000/segment@300000/target-module@e000/lcdc@0
[    0.611811] /ocp/interconnect@48000000/segment@300000/target-module@e000/lcdc@0: Fixed dependency cycle(s) with /ocp/interconnect@44c00000/segment@200000/target-module@b000/i2c@0/tda19988@70
[    0.620263] sdhci-omap 481d8000.mmc: supply pbias not found, using dummy regulator
[    0.621144] sdhci-omap 481d8000.mmc: supply vqmmc not found, using dummy regulator
[    0.693198] davinci_mdio 4a101000.mdio: davinci mdio revision 1.6, bus freq 1000000
[    0.832666] davinci_mdio 4a101000.mdio: phy[0]: device 4a101000.mdio:0
[    2.452228] tps65217-pmic: Failed to locate of_node [id: -1]
[    2.458293] tps65217-bl: Failed to locate of_node [id: -1]
[    2.465768] platform tps65217-charger: DMA mask not set
[    2.472825] platform tps65217-pwrbutton: DMA mask not set
[    2.480605] tps65217 0-0024: TPS65217 ID 0xe version 1.2
[    2.486681] /ocp/interconnect@48000000/segment@300000/target-module@e000/lcdc@0: Fixed dependency cycle(s) with /ocp/interconnect@44c00000/segment@200000/target-module@b000/i2c@0/tda19988@70
[    2.504113] /ocp/interconnect@44c00000/segment@200000/target-module@b000/i2c@0/tda19988@70: Fixed dependency cycle(s) with /ocp/interconnect@48000000/segment@300000/target-module@e000/lcdc@0
[    2.521504] omap_i2c 44e0b000.i2c: bus 0 rev0.11 at 400 kHz
[    2.529581] omap_gpio 44e07000.gpio: Could not set line 6 debounce to 200000 microseconds (-22)
[    2.538467] sdhci-omap 48060000.mmc: Got CD GPIO
[    2.543505] sdhci-omap 48060000.mmc: supply pbias not found, using dummy regulator
[    2.553935] sdhci-omap 48060000.mmc: supply vqmmc not found, using dummy regulator
[    2.563120] sdhci-omap 481d8000.mmc: supply pbias not found, using dummy regulator
[    2.571705] sdhci-omap 481d8000.mmc: supply vqmmc not found, using dummy regulator
[    2.609698] mmc1: SDHCI controller on 481d8000.mmc [481d8000.mmc] using External DMA
[    2.618772] mmc0: SDHCI controller on 48060000.mmc [48060000.mmc] using External DMA
[    2.627676] cpsw-switch 4a100000.switch: starting ndev. mode: dual_mac
[    2.691482] mmc1: new high speed MMC card at address 0001
[    2.698328] mmcblk1: mmc1:0001 MMC04G 3.60 GiB
[    2.706176]  mmcblk1: p1 p2
[    2.709951] SMSC LAN8710/LAN8720 4a101000.mdio:00: attached PHY driver (mii_bus:phy_addr=4a101000.mdio:00, irq=POLL)
[    2.722941] mmcblk1boot0: mmc1:0001 MMC04G 2.00 MiB
[    2.736352] mmcblk1boot1: mmc1:0001 MMC04G 2.00 MiB
[    2.745269] mmcblk1rpmb: mmc1:0001 MMC04G 128 KiB, chardev (249:0)
[    2.794762] mmc0: new high speed SDHC card at address aaaa
[    2.801684] mmcblk0: mmc0:aaaa SE32G 29.7 GiB
[    2.810686]  mmcblk0: p1 p2
[    5.841998] cpsw-switch 4a100000.switch eth0: Link is Up - 100Mbps/Full - flow control off
[    5.871251] IP-Config: Complete:
[    5.874521]      device=eth0, hwaddr=6c:ec:eb:68:de:78, ipaddr=192.168.255.1, mask=255.255.255.0, gw=255.255.255.255
[    5.885158]      host=bbb1, domain=, nis-domain=(none)
[    5.890326]      bootserver=192.168.255.126, rootserver=192.168.255.126, rootpath=
[    5.890757] clk: Disabling unused clocks
[    5.902617] PM: genpd: Disabling unused power domains
[    5.907784] KTAP version 1
[    5.910510] 1..0
[    5.913334] check access for rdinit=/init failed: -2, ignoring
[    5.946139] VFS: Mounted root (nfs filesystem) on device 0:17.
[    5.953290] devtmpfs: mounted
[    5.957802] Freeing unused kernel image (initmem) memory: 1024K
[    5.964729] Run /sbin/init as init process
[    6.689075] systemd[1]: System time before build time, advancing clock.
[    8.231260] random: crng init done
[    8.263933] systemd[1]: systemd 232 running in system mode. (+PAM +AUDIT +SELINUX +IMA +APPARMOR +SMACK +SYSVINIT +UTMP +LIBCRYPTSETUP +GCRYPT +GNUTLS +ACL +XZ +LZ4 +SECCOMP +BLKID +ELFUTILS +KMOD +IDN)
[    8.283069] systemd[1]: Detected architecture arm.

Welcome to [1mDebian GNU/Linux 9 (stretch)[0m!

[    8.314539] systemd[1]: Set hostname to <arm>.
[    9.463809] systemd[1]: Created slice User and Session Slice.
[[0;32m  OK  [0m] Created slice User and Session Slice.
[    9.483058] systemd[1]: Set up automount Arbitrary Executable File Formats File System Automount Point.
[[0;32m  OK  [0m] Set up automount Arbitrary Executabâ€¦rmats File System Automount Point.
[    9.515511] systemd[1]: Listening on /dev/initctl Compatibility Named Pipe.
[[0;32m  OK  [0m] Listening on /dev/initctl Compatibility Named Pipe.
[    9.542663] systemd[1]: Created slice System Slice.
[[0;32m  OK  [0m] Created slice System Slice.
[    9.581966] systemd[1]: Mounting Debug File System...
         Mounting Debug File System...
[    9.603072] systemd[1]: Listening on Journal Audit Socket.
[[0;32m  OK  [0m] Listening on Journal Audit Socket.
[    9.617129] systemd[1]: Listening on udev Kernel Socket.
[[0;32m  OK  [0m] Listening on udev Kernel Socket.
[[0;32m  OK  [0m] Listening on udev Control Socket.
[[0;32m  OK  [0m] Reached target Swap.
         Mounting POSIX Message Queue File System...
[[0;32m  OK  [0m] Reached target Remote File Systems.
[[0;32m  OK  [0m] Listening on Syslog Socket.
[[0;32m  OK  [0m] Created slice system-getty.slice.
[[0;32m  OK  [0m] Listening on Journal Socket.
         Starting Create list of required stâ€¦ce nodes for the current kernel...
         Starting Load Kernel Modules...
         Starting Remount Root and Kernel File Systems...
[[0;32m  OK  [0m] Started Forward Password Requests to Wall Directory Watch.
[[0;32m  OK  [0m] Created slice system-serial\x2dgetty.slice.
[[0;32m  OK  [0m] Reached target Slices.
[[0;32m  OK  [0m] Started Dispatch Password Requests to Console Directory Watch.
[[0;32m  OK  [0m] Reached target Paths.
[[0;32m  OK  [0m] Reached target Encrypted Volumes.
[[0;32m  OK  [0m] Listening on Journal Socket (/dev/log).
         Starting Journal Service...
[[0;32m  OK  [0m] Mounted POSIX Message Queue File System.
[[0;32m  OK  [0m] Mounted Debug File System.
[[0;32m  OK  [0m] Started Create list of required staâ€¦vice nodes for the current kernel.
[[0;32m  OK  [0m] Started Load Kernel Modules.
[[0;32m  OK  [0m] Started Remount Root and Kernel File Systems.
         Starting udev Coldplug all Devices...
         Starting Load/Save Random Seed...
         Mounting Configuration File System...
         Starting Apply Kernel Variables...
         Starting Create Static Device Nodes in /dev...
[[0;32m  OK  [0m] Mounted Configuration File System.
[[0;32m  OK  [0m] Started Load/Save Random Seed.
[[0;32m  OK  [0m] Started Apply Kernel Variables.
[[0;32m  OK  [0m] Started Create Static Device Nodes in /dev.
[[0;32m  OK  [0m] Reached target Local File Systems (Pre).
[[0;32m  OK  [0m] Reached target Local File Systems.
         Starting Raise network interfaces...
         Starting udev Kernel Device Manager...
[[0;32m  OK  [0m] Started Journal Service.
         Starting Flush Journal to Persistent Storage...
[   11.848437] systemd-journald[111]: Received request to flush runtime journal from PID 1
[[0;32m  OK  [0m] Started Flush Journal to Persistent Storage.
         Starting Create Volatile Files and Directories...
[[0;32m  OK  [0m] Started udev Kernel Device Manager.
[   12.641897] omap_prm 44e00d00.prm: sync_state() pending due to 44d00000.cpu
[[0;32m  OK  [0m] Started Create Volatile Files and Directories.
         Starting Network Time Synchronization...
         Starting Update UTMP about System Boot/Shutdown...
[[0;32m  OK  [0m] Started udev Coldplug all Devices.
[[0;32m  OK  [0m] Started Update UTMP about System Boot/Shutdown.
[   14.954542] remoteproc remoteproc0: wkup_m3 is available
[   15.041667] at24 2-0054: supply vcc not found, using dummy regulator
[   15.075758] at24 2-0055: supply vcc not found, using dummy regulator
[   15.176876] omap_rtc 44e3e000.rtc: registered as rtc0
[   15.182260] omap_rtc 44e3e000.rtc: setting system clock to 2000-01-01T00:00:00 UTC (946684800)
[   15.212345] at24 2-0056: supply vcc not found, using dummy regulator
[   15.221727] omap_wdt: OMAP Watchdog Timer Rev 0x01: initial timeout 60 sec
[   15.329416] at24 2-0057: supply vcc not found, using dummy regulator
[   15.439543] at24 0-0050: 4096 byte 24c32 EEPROM, writable, 1 bytes/write
[[0;32m  OK  [0m] Found device /dev/ttyS0.
[   15.997498] input: tps65217_pwrbutton as /devices/platform/ocp/44c00000.interconnect/44c00000.interconnect:segment@200000/44e0b000.target-module/44e0b000.i2c/i2c-0/0-0024/tps65217-pwrbutton/input/input0
[[0;32m  OK  [0m] Started Network Time Synchronization.
[[0;32m  OK  [0m] Reached target System Time Synchronized.
[[0;32m  OK  [0m] Reached target System Initialization.
[   16.403296] am335x-phy-driver 47401300.usb-phy: dummy supplies not allowed for exclusive requests (id=vbus)
[[0;32m  OK  [0m] Listening on D-Bus System Message Bus Socket.
[[0;32m  OK  [0m] Listening on Avahi mDNS/DNS-SD Stack Activation Socket.
[[0;32m  OK  [0m] Reached target Sockets.
[[0;32m  OK  [0m] Started Daily Cleanup of Temporary Directories.
[[0;32m  OK  [0m] Reached target Basic System.
[   16.665631] am335x-phy-driver 47401b00.usb-phy: dummy supplies not allowed for exclusive requests (id=vbus)
         Starting Login Service...
         Starting LSB: Load kernel modules needed to enable cpufreq scaling...
[   16.895562] usbcore: registered new interface driver usbfs
[   16.901417] usbcore: registered new interface driver hub
[   16.907135] usbcore: registered new device driver usb
[[0;32m  OK  [0m] Started Regular background program processing daemon.
         Starting Telephony service...
         Starting LSB: Start busybox udhcpd at boot time...
         Starting Avahi mDNS/DNS-SD Stack...
         Starting Generic Board Startup...
[   17.745200] tda998x 0-0070: found TDA19988
         Starting DUN service...
[   18.063134] musb-hdrc musb-hdrc.1: MUSB HDRC host driver
[   18.068815] musb-hdrc musb-hdrc.1: new USB bus registered, assigned bus number 1
         Starting Cape Manager Service...
[[0;32m  OK  [0m] Started D-Bus System Message Bus.
[   18.404619] usb usb1: New USB device found, idVendor=1d6b, idProduct=0002, bcdDevice= 6.18
[   18.413077] usb usb1: New USB device strings: Mfr=3, Product=2, SerialNumber=1
[   18.420343] usb usb1: Product: MUSB HDRC host driver
[   18.425393] usb usb1: Manufacturer: Linux 6.18.0-rc6-next-20251120-g88cbd8ac379c musb-hcd
[   18.433644] usb usb1: SerialNumber: musb-hdrc.1
[   18.727656] omap-mailbox 480c8000.mailbox: omap mailbox rev 0x400
[   18.823631] remoteproc remoteproc0: powering up wkup_m3
[   18.842554] hub 1-0:1.0: USB hub found
[   18.923203] hub 1-0:1.0: 1 port detected
[   19.065302] remoteproc remoteproc0: Direct firmware load for am335x-pm-firmware.elf failed with error -2
[   19.075237] remoteproc remoteproc0: request_firmware failed: -2
[   19.081347] wkup_m3_ipc 44e11324.wkup_m3_ipc: rproc_boot failed
[   21.896730] omap_rng 48310000.rng: Random Number Generator ver. 20
[   22.068590] tilcdc 4830e000.lcdc: bound 0-0070 (ops 0xbf1370f8)
[   22.106975] [drm] Initialized tilcdc 1.0.0 for 4830e000.lcdc on minor 0
[   22.181516] tilcdc 4830e000.lcdc: [drm] Cannot find any crtc or sizes
[   22.189730] tilcdc 4830e000.lcdc: [drm] Cannot find any crtc or sizes
[   22.314616] ------------[ cut here ]------------
[   22.319314] WARNING: net/8021q/vlan_core.c:236 at vlan_for_each+0x114/0x134, CPU#0: avahi-daemon/225
[   22.328657] RTNL: assertion failed at net/8021q/vlan_core.c (236)
[   22.334822] Modules linked in: tilcdc drm_dma_helper omap_rng drm_client_lib rng_core snd_soc_davinci_mcasp snd_soc_ti_udma snd_soc_ti_edma snd_soc_ti_sdma snd_soc_core snd_pcm_dmaengine snd_pcm snd_timer omap_mailbox snd soundcore musb_dsps musb_hdrc tda998x cec udc_core drm_kms_helper usbcore phy_am335x phy_generic drm usb_common phy_am335x_control wkup_m3_ipc tps65218_pwrbutton cppi41 drm_panel_orientation_quirks omap_wdt rtc_omap watchdog at24 wkup_m3_rproc leds_gpio led_class cpufreq_dt autofs4
[   22.379604] CPU: 0 UID: 107 PID: 225 Comm: avahi-daemon Not tainted 6.18.0-rc6-next-20251120-g88cbd8ac379c #1 NONE 
[   22.379623] Hardware name: Generic AM33XX (Flattened Device Tree)
[   22.379632] Call trace: 
[   22.379649]  unwind_backtrace from show_stack+0x10/0x14
[   22.379688]  show_stack from dump_stack_lvl+0x50/0x64
[   22.379713]  dump_stack_lvl from __warn+0x88/0x148
[   22.379731]  __warn from warn_slowpath_fmt+0x19c/0x1b0
[   22.379744]  warn_slowpath_fmt from vlan_for_each+0x114/0x134
[   22.379762]  vlan_for_each from cpsw_add_mc_addr+0x40/0xa4
[   22.379794]  cpsw_add_mc_addr from __hw_addr_ref_sync_dev+0x108/0x140
[   22.379822]  __hw_addr_ref_sync_dev from __dev_mc_add+0x7c/0x80
[   22.379840]  __dev_mc_add from igmp6_group_added+0xc8/0xe0
[   22.379860]  igmp6_group_added from __ipv6_dev_mc_inc+0x218/0x364
[   22.379874]  __ipv6_dev_mc_inc from __ipv6_sock_mc_join+0x11c/0x1c0
[   22.379889]  __ipv6_sock_mc_join from do_ipv6_setsockopt+0x1214/0x1310
[   22.379913]  do_ipv6_setsockopt from ipv6_setsockopt+0x60/0xcc
[   22.379930]  ipv6_setsockopt from udpv6_setsockopt+0x2c/0x6c
[   22.379951]  udpv6_setsockopt from sock_common_setsockopt+0x30/0x40
[   22.379976]  sock_common_setsockopt from do_sock_setsockopt+0x50/0x9c
[   22.379993]  do_sock_setsockopt from __sys_setsockopt+0x70/0xbc
[   22.380008]  __sys_setsockopt from ret_fast_syscall+0x0/0x58
[   22.380022] Exception stack(0xe0189fa8 to 0xe0189ff0)
[   22.380036] 9fa0:                   00000014 b6fa1ce8 0000000d 00000029 00000014 bed949ec
[   22.380048] 9fc0: 00000014 b6fa1ce8 00000014 00000126 0000000d b6f4aff4 0047e988 00466558
[   22.380057] 9fe0: b6f60088 bed949d8 b6f3d309 b6e1441a
[   22.380064] ---[ end trace 0000000000000000 ]---
[[0;32m  OK  [0m] Started Avahi mDNS/DNS-SD Stack.
[[0;32m  OK  [0m] Started DUN service.
[[0;32m  OK  [0m] Started Telephony service.
         Starting Connection service...
         Starting System Logging Service...
[[0;32m  OK  [0m] Started Daily apt download activities.
[[0;32m  OK  [0m] Started Daily apt upgrade and clean activities.
[   23.455106] PM: Cannot get wkup_m3_ipc handle
[[0;32m  OK  [0m] Reached target Timers.
[   23.598495] omap-sham 53100000.sham: hw accel on OMAP rev 4.3
[   23.782147] omap-aes 53500000.aes: OMAP AES hw accel rev: 3.2
[[0;32m  OK  [0m] Started Cape Manager Service.
[   23.801540] omap-sham 53100000.sham: will run requests pump with realtime priority
[   23.810238] PM: Cannot get wkup_m3_ipc handle
[   23.823934] omap-aes 53500000.aes: will run requests pump with realtime priority
[   23.851526] PM: Cannot get wkup_m3_ipc handle
[   25.339746] Bluetooth: Core ver 2.22
[   25.343789] NET: Registered PF_BLUETOOTH protocol family
[   25.349383] Bluetooth: HCI device and connection manager initialized
[   25.355926] Bluetooth: HCI socket layer initialized
[   25.360845] Bluetooth: L2CAP socket layer initialized
[   25.366026] Bluetooth: SCO socket layer initialized
[[0;32m  OK  [0m] Started System Logging Service.
[   27.478136] PM: Cannot get wkup_m3_ipc handle
[   27.497008] gpio-537 (nxp,calib): gpiod_direction_output_nonotify: tried to set a GPIO tied to an IRQ as output
[   27.617470] PM: Cannot get wkup_m3_ipc handle
[   27.798932] tda9950 0-0034: TDA9950 CEC interface, hardware version 3.3
[   27.888512] PM: Cannot get wkup_m3_ipc handle
[[0;32m  OK  [0m] Started LSB: Start busybox udhcpd at boot time.
[[0;32m  OK  [0m] Started Raise network interfaces.
[[0;32m  OK  [0m] Started LSB: Load kernel modules needed to enable cpufreq scaling.
[   30.105343] configfs-gadget.g_multi gadget.0: HOST MAC 1c:ba:8c:a2:ed:6c
[   30.112489] configfs-gadget.g_multi gadget.0: MAC 1c:ba:8c:a2:ed:70
[   30.119936] configfs-gadget.g_multi gadget.0: HOST MAC 1c:ba:8c:a2:ed:6c
[   30.126845] configfs-gadget.g_multi gadget.0: MAC 1c:ba:8c:a2:ed:6d
[   30.134399] PM: Cannot get wkup_m3_ipc handle
[[0;32m  OK  [0m] Started Connection service.
[[0;32m  OK  [0m] Started Login Service.
         Starting Hostname Service...
         Starting WPA supplicant...
[[0;32m  OK  [0m] Reached target Sound Card.
         Starting LSB: set CPUFreq kernel parameters...
[[0;32m  OK  [0m] Started Hostname Service.
[[0;32m  OK  [0m] Started WPA supplicant.
[[0;32m  OK  [0m] Reached target Network.
[[0;32m  OK  [0m] Reached target Network is Online.
         Starting LSB: Advanced IEEE 802.11 management daemon...
         Starting Permit User Sessions...
         Starting OpenBSD Secure Shell server...
         Starting The Apache HTTP Server...
[[0;32m  OK  [0m] Started LSB: set CPUFreq kernel parameters.
[[0;32m  OK  [0m] Started LSB: Advanced IEEE 802.11 management daemon.
[[0;32m  OK  [0m] Started Permit User Sessions.
[[0;32m  OK  [0m] Started Getty on tty1.
[[0;32m  OK  [0m] Started Serial Getty on ttyS0.
[[0;32m  OK  [0m] Reached target Login Prompts.
         Stopping LSB: Start busybox udhcpd at boot time...
[[0;32m  OK  [0m] Stopped LSB: Start busybox udhcpd at boot time.
[[0;32m  OK  [0m] Started OpenBSD Secure Shell server.
         Starting dnsmasq - A lightweight DHCP and caching DNS server...
[[0;32m  OK  [0m] Started The Apache HTTP Server.
[[0;32m  OK  [0m] Started dnsmasq - A lightweight DHCP and caching DNS server.
[[0;32m  OK  [0m] Reached target Host and Network Name Lookups.
[[0;32m  OK  [0m] Started Serial Getty on ttyGS0.
[[0;32m  OK  [0m] Started Generic Board Startup.
[[0;32m  OK  [0m] Reached target Multi-User System.
[[0;32m  OK  [0m] Reached target Graphical Interface.
         Starting Update UTMP about System Runlevel Changes...
[[0;32m  OK  [0m] Started Update UTMP about System Runlevel Changes.

Debian GNU/Linux 9 arm ttyS0

default username:password is [debian:temppwd]

arm login: root
Password: 
Last login: Sat Jan  1 00:00:32 UTC 2000 on ttyS0
root
Linux arm 6.18.0-rc6-next-20251120-g88cbd8ac379c #1 SMP Mon Nov 24 08:47:40 EET 2025 armv7l

The programs included with the Debian GNU/Linux system are free software;
the exact distribution terms for each program are described in the
individual files in /usr/share/doc/*/copyright.

Debian GNU/Linux comes with ABSOLUTELY NO WARRANTY, to the extent
permitted by applicable law.
root@arm:~# root
-bash: root: command not found
root@arm:~# dmesg -n 1
root@arm:~# echo 'FUCH''SYVBKB'
FUCHSYVBKB
root@arm:~# run() { echo -n "$MARKER"; sh -c "$@"; echo "$MARKER $?"; }
root@arm:~# echo 'XMHJ''UNAQPY'
XMHJUNAQPY
root@arm:~# MARKER='BULW''VULGTV' run 'cat /proc/version'
BULWVULGTVLinux version 6.18.0-rc6-next-20251120-g88cbd8ac379c (user01@drvtest01) (arm-none-eabi-gcc (Arm GNU Toolchain 14.2.Rel1 (Build arm-14.52)) 14.2.1 20241119, GNU ld (Arm GNU Toolchain 14.2.Rel1 (Build arm-14.52)) 2.43.1.20241119) #1 SMP Mon Nov 24 08:47:40 EET 2025
BULWVULGTV 0
root@arm:~# echo 'VMGZ''WJGVPA'
VMGZWJGVPA
root@arm:~# MARKER='QWBF''YUCOCJ' run false
QWBFYUCOCJQWBFYUCOCJ 1
root@arm:~# Labgrid Console Logfile for main
Logfile started at 2025-11-24 08:50:21.572057
=== Log starts here ===

root@arm:~# run() { echo -n "$MARKER"; sh -c "$@"; echo "$MARKER $?"; }
root@arm:~# echo 'SNYU''BNTTWS'
SNYUBNTTWS
root@arm:~# MARKER='GZLK''VUYOBQ' run 'ls /iio_generic_buffer; echo $?'
GZLKVUYOBQ/iio_generic_buffer
0
GZLKVUYOBQ 0
root@arm:~# Labgrid Console Logfile for main
Logfile started at 2025-11-24 08:50:24.943635
=== Log starts here ===

root@arm:~# run() { echo -n "$MARKER"; sh -c "$@"; echo "$MARKER $?"; }
root@arm:~# echo 'PTGS''YWOMGN'
PTGSYWOMGN
root@arm:~# MARKER='LFXG''LFVWWG' run dmesg
LFXGLFVWWG[    0.000000] Booting Linux on physical CPU 0x0
[    0.000000] Linux version 6.18.0-rc6-next-20251120-g88cbd8ac379c (user01@drvtest01) (arm-none-eabi-gcc (Arm GNU Toolchain 14.2.Rel1 (Build arm-14.52)) 14.2.1 20241119, GNU ld (Arm GNU Toolchain 14.2.Rel1 (Build arm-14.52)) 2.43.1.20241119) #1 SMP Mon Nov 24 08:47:40 EET 2025
[    0.000000] CPU: ARMv7 Processor [413fc082] revision 2 (ARMv7), cr=10c5387d
[    0.000000] CPU: PIPT / VIPT nonaliasing data cache, VIPT aliasing instruction cache
[    0.000000] OF: fdt: Machine model: TI AM335x BeagleBone Black
[    0.000000] Memory policy: Data cache writeback
[    0.000000] cma: Reserved 16 MiB at 0x9e800000
[    0.000000] Zone ranges:
[    0.000000]   Normal   [mem 0x0000000080000000-0x000000009fdfffff]
[    0.000000]   HighMem  empty
[    0.000000] Movable zone start for each node
[    0.000000] Early memory node ranges
[    0.000000]   node   0: [mem 0x0000000080000000-0x000000009fdfffff]
[    0.000000] Initmem setup node 0 [mem 0x0000000080000000-0x000000009fdfffff]
[    0.000000] On node 0, zone Normal: 512 pages in unavailable ranges
[    0.000000] OF: reserved mem: Reserved memory: No reserved-memory node in the DT
[    0.000000] CPU: All CPU(s) started in SVC mode.
[    0.000000] AM335X ES2.1 (sgx neon)
[    0.000000] percpu: Embedded 17 pages/cpu s39948 r8192 d21492 u69632
[    0.000000] pcpu-alloc: s39948 r8192 d21492 u69632 alloc=17*4096
[    0.000000] pcpu-alloc: [0] 0 
[    0.000000] Kernel command line: console=ttyO0,115200n8 root=/dev/nfs rw nfsroot=192.168.255.126:/home/user01/nfs,nfsvers=3 ip=192.168.255.1:192.168.255.126::255.255.255.0:bbb1:eth0 nfsrootdebug
[    0.000000] Unknown kernel command line parameters "nfsrootdebug", will be passed to user space.
[    0.000000] printk: log buffer data + meta data: 65536 + 204800 = 270336 bytes
[    0.000000] Dentry cache hash table entries: 65536 (order: 6, 262144 bytes, linear)
[    0.000000] Inode-cache hash table entries: 32768 (order: 5, 131072 bytes, linear)
[    0.000000] Built 1 zonelists, mobility grouping on.  Total pages: 130560
[    0.000000] mem auto-init: stack:off, heap alloc:off, heap free:off
[    0.000000] SLUB: HWalign=16, Order=0-3, MinObjects=0, CPUs=1, Nodes=1
[    0.000000] rcu: Hierarchical RCU implementation.
[    0.000000] rcu: 	RCU event tracing is enabled.
[    0.000000] rcu: 	RCU restricting CPUs from NR_CPUS=2 to nr_cpu_ids=1.
[    0.000000] 	Tracing variant of Tasks RCU enabled.
[    0.000000] rcu: RCU calculated value of scheduler-enlistment delay is 10 jiffies.
[    0.000000] rcu: Adjusting geometry for rcu_fanout_leaf=16, nr_cpu_ids=1
[    0.000000] RCU Tasks Trace: Setting shift to 0 and lim to 1 rcu_task_cb_adjust=1 rcu_task_cpu_ids=1.
[    0.000000] NR_IRQS: 16, nr_irqs: 16, preallocated irqs: 16
[    0.000000] IRQ: Found an INTC at 0x(ptrval) (revision 5.0) with 128 interrupts
[    0.000000] rcu: srcu_init: Setting srcu_struct sizes based on contention.
[    0.000000] TI gptimer clocksource: always-on /ocp/interconnect@44c00000/segment@200000/target-module@31000
[    0.000003] sched_clock: 32 bits at 24MHz, resolution 41ns, wraps every 89478484971ns
[    0.000027] clocksource: dmtimer: mask: 0xffffffff max_cycles: 0xffffffff, max_idle_ns: 79635851949 ns
[    0.000562] TI gptimer clockevent: 24000000 Hz at /ocp/interconnect@48000000/segment@0/target-module@40000
[    0.002132] Console: colour dummy device 80x30
[    0.002199] WARNING: Your 'console=ttyO0' has been replaced by 'ttyS0'
[    0.002206] This ensures that you still see kernel messages. Please
[    0.002211] update your kernel commandline.
[    0.002252] Calibrating delay loop... 996.14 BogoMIPS (lpj=4980736)
[    0.090610] CPU: Testing write buffer coherency: ok
[    0.090720] CPU0: Spectre v2: using BPIALL workaround
[    0.090731] pid_max: default: 32768 minimum: 301
[    0.091039] Mount-cache hash table entries: 1024 (order: 0, 4096 bytes, linear)
[    0.091060] Mountpoint-cache hash table entries: 1024 (order: 0, 4096 bytes, linear)
[    0.092662] CPU0: thread -1, cpu 0, socket -1, mpidr 0
[    0.092720] cacheinfo: Unable to detect cache hierarchy for CPU 0
[    0.094700] Setting up static identity map for 0x80100000 - 0x80100078
[    0.095021] rcu: Hierarchical SRCU implementation.
[    0.095030] rcu: 	Max phase no-delay instances is 1000.
[    0.096772] smp: Bringing up secondary CPUs ...
[    0.096828] smp: Brought up 1 node, 1 CPU
[    0.096839] SMP: Total of 1 processors activated (996.14 BogoMIPS).
[    0.096851] CPU: All CPU(s) started in SVC mode.
[    0.097097] Memory: 479964K/522240K available (12288K kernel code, 1231K rwdata, 2956K rodata, 1024K init, 256K bss, 24364K reserved, 16384K cma-reserved, 0K highmem)
[    0.097961] devtmpfs: initialized
[    0.115435] VFP support v0.3: implementor 41 architecture 3 part 30 variant c rev 3
[    0.116110] clocksource: jiffies: mask: 0xffffffff max_cycles: 0xffffffff, max_idle_ns: 19112604462750000 ns
[    0.116167] posixtimers hash table entries: 512 (order: 0, 4096 bytes, linear)
[    0.116193] futex hash table entries: 256 (16384 bytes on 1 NUMA nodes, total 16 KiB, linear).
[    0.119383] NET: Registered PF_NETLINK/PF_ROUTE protocol family
[    0.122496] DMA: preallocated 256 KiB pool for atomic coherent allocations
[    0.123482] audit: initializing netlink subsys (disabled)
[    0.124860] thermal_sys: Registered thermal governor 'fair_share'
[    0.124875] thermal_sys: Registered thermal governor 'step_wise'
[    0.124882] thermal_sys: Registered thermal governor 'user_space'
[    0.124995] audit: type=2000 audit(0.120:1): state=initialized audit_enabled=0 res=1
[    0.125071] cpuidle: using governor menu
[    0.143159] /ocp/interconnect@44c00000/segment@200000/target-module@b000/i2c@0/tda19988@70: Fixed dependency cycle(s) with /ocp/interconnect@48000000/segment@300000/target-module@e000/lcdc@0
[    0.144245] /ocp/interconnect@48000000/segment@300000/target-module@e000/lcdc@0: Fixed dependency cycle(s) with /ocp/interconnect@44c00000/segment@200000/target-module@b000/i2c@0/tda19988@70
[    0.146422] No ATAGs?
[    0.146459] hw-breakpoint: debug architecture 0x4 unsupported.
[    0.149091] kprobes: kprobe jump-optimization is enabled. All kprobes are optimized if possible.
[    0.163956] iommu: Default domain type: Translated
[    0.163980] iommu: DMA domain TLB invalidation policy: strict mode
[    0.165561] reg-fixed-voltage fixedregulator0: using DT '/fixedregulator0' for '(default)' GPIO lookup
[    0.165616] of_get_named_gpiod_flags: can't parse 'gpios' property of node '/fixedregulator0[0]'
[    0.165644] of_get_named_gpiod_flags: can't parse 'gpio' property of node '/fixedregulator0[0]'
[    0.165662] reg-fixed-voltage fixedregulator0: using lookup tables for GPIO lookup
[    0.165672] reg-fixed-voltage fixedregulator0: No GPIO consumer (default) found
[    0.166777] SCSI subsystem initialized
[    0.167239] libata version 3.00 loaded.
[    0.167621] pps_core: LinuxPPS API ver. 1 registered
[    0.167632] pps_core: Software ver. 5.3.6 - Copyright 2005-2007 Rodolfo Giometti <giometti@linux.it>
[    0.167656] PTP clock support registered
[    0.180855] vgaarb: loaded
[    0.181265] clocksource: Switched to clocksource dmtimer
[    0.181875] VFS: Disk quotas dquot_6.6.0
[    0.181938] VFS: Dquot-cache hash table entries: 1024 (order 0, 4096 bytes)
[    0.205835] NET: Registered PF_INET protocol family
[    0.206172] IP idents hash table entries: 8192 (order: 4, 65536 bytes, linear)
[    0.207610] tcp_listen_portaddr_hash hash table entries: 512 (order: 0, 4096 bytes, linear)
[    0.207647] Table-perturb hash table entries: 65536 (order: 6, 262144 bytes, linear)
[    0.207665] TCP established hash table entries: 4096 (order: 2, 16384 bytes, linear)
[    0.207710] TCP bind hash table entries: 4096 (order: 4, 65536 bytes, linear)
[    0.207810] TCP: Hash tables configured (established 4096 bind 4096)
[    0.207933] UDP hash table entries: 256 (order: 2, 14336 bytes, linear)
[    0.207966] UDP-Lite hash table entries: 256 (order: 2, 14336 bytes, linear)
[    0.208171] NET: Registered PF_UNIX/PF_LOCAL protocol family
[    0.209471] RPC: Registered named UNIX socket transport module.
[    0.209489] RPC: Registered udp transport module.
[    0.209495] RPC: Registered tcp transport module.
[    0.209499] RPC: Registered tcp-with-tls transport module.
[    0.209504] RPC: Registered tcp NFSv4.1 backchannel transport module.
[    0.209530] PCI: CLS 0 bytes, default 64
[    0.210978] Initialise system trusted keyrings
[    0.221778] workingset: timestamp_bits=14 max_order=17 bucket_order=3
[    0.223280] NFS: Registering the id_resolver key type
[    0.223342] Key type id_resolver registered
[    0.223350] Key type id_legacy registered
[    0.223463] jffs2: version 2.2. (NAND) (SUMMARY)  Â© 2001-2006 Red Hat, Inc.
[    0.224012] Key type asymmetric registered
[    0.224029] Asymmetric key parser 'x509' registered
[    0.224101] io scheduler mq-deadline registered
[    0.224112] io scheduler kyber registered
[    0.224194] io scheduler bfq registered
[    0.226010] target-module@4b000000:target-module@140000:pmu@0:fck: device ID is greater than 24
[    0.227163] ledtrig-cpu: registered to indicate activity on CPUs
[    0.242000] Serial: 8250/16550 driver, 6 ports, IRQ sharing enabled
[    0.296806] brd: module loaded
[    0.305273] loop: module loaded
[    0.306199] mtdoops: mtd device (mtddev=name/number) must be supplied
[    0.314650] mdio_bus fixed-0: using lookup tables for GPIO lookup
[    0.314675] mdio_bus fixed-0: No GPIO consumer reset found
[    0.316112] i2c_dev: i2c /dev entries driver
[    0.317140] cpuidle: enable-method property 'ti,am3352' found operations
[    0.317607] sdhci: Secure Digital Host Controller Interface driver
[    0.317618] sdhci: Copyright(c) Pierre Ossman
[    0.317801] sdhci-pltfm: SDHCI platform and OF driver helper
[    0.319341] hw perfevents: enabled with armv7_cortex_a8 PMU driver, 5 (8000000f) counters available
[    0.319874] Initializing XFRM netlink socket
[    0.320045] NET: Registered PF_INET6 protocol family
[    0.335813] Segment Routing with IPv6
[    0.335898] In-situ OAM (IOAM) with IPv6
[    0.335998] sit: IPv6, IPv4 and MPLS over IPv4 tunneling driver
[    0.337025] NET: Registered PF_PACKET protocol family
[    0.337044] PFKEY is deprecated and scheduled to be removed in 2027, please contact the netdev mailing list
[    0.337059] NET: Registered PF_KEY protocol family
[    0.337199] Key type dns_resolver registered
[    0.337426] ThumbEE CPU extension supported.
[    0.337445] Registering SWP/SWPB emulation handler
[    0.337968] omap_voltage_late_init: Voltage driver support not added
[    0.338628] SmartReflex Class3 initialized
[    0.364989] Loading compiled-in X.509 certificates
[    0.404077] /ocp/interconnect@44c00000/segment@200000/target-module@b000/i2c@0/tda19988@70: Fixed dependency cycle(s) with /ocp/interconnect@48000000/segment@300000/target-module@e000/lcdc@0
[    0.410479] /ocp/interconnect@44c00000/segment@200000/target-module@b000/i2c@0/tda19988@70: Fixed dependency cycle(s) with /ocp/interconnect@48000000/segment@300000/target-module@e000/lcdc@0
[    0.416251] gpiochip_find_base_unlocked: found new base at 512
[    0.441120] /ocp/interconnect@44c00000/segment@200000/target-module@b000/i2c@0/tda19988@70: Fixed dependency cycle(s) with /ocp/interconnect@48000000/segment@300000/target-module@e000/lcdc@0
[    0.442236] /ocp/interconnect@44c00000/segment@200000/target-module@b000/i2c@0/tda19988@70: Fixed dependency cycle(s) with /ocp/interconnect@48000000/segment@300000/target-module@e000/lcdc@0
[    0.445762] /ocp/interconnect@44c00000/segment@200000/target-module@10000/scm@0/pinmux@800: Fixed dependency cycle(s) with /ocp/interconnect@44c00000/segment@200000/target-module@10000/scm@0/pinmux@800/clkout2-pins
[    0.446389] pinctrl-single 44e10800.pinmux: 142 pins, size 568
[    0.479855] /ocp/interconnect@48000000/segment@300000/target-module@e000/lcdc@0: Fixed dependency cycle(s) with /ocp/interconnect@44c00000/segment@200000/target-module@b000/i2c@0/tda19988@70
[    0.499937] gpiochip_find_base_unlocked: found new base at 512
[    0.500039] gpio gpiochip0: (gpio-0-31): created GPIO range 0->7 ==> 44e10800.pinmux PIN 0->7
[    0.500059] gpio gpiochip0: (gpio-0-31): created GPIO range 8->11 ==> 44e10800.pinmux PIN 90->93
[    0.500076] gpio gpiochip0: (gpio-0-31): created GPIO range 12->27 ==> 44e10800.pinmux PIN 12->27
[    0.500091] gpio gpiochip0: (gpio-0-31): created GPIO range 28->31 ==> 44e10800.pinmux PIN 30->33
[    0.534811] gpio gpiochip0: (gpio-0-31): added GPIO chardev (254:0)
[    0.535053] gpio gpiochip0: registered GPIOs 512 to 543 on gpio-0-31
[    0.535145] OMAP GPIO hardware version 0.1
[    0.578917] i2c i2c-2: using DT '/ocp/interconnect@48000000/segment@100000/target-module@9c000/i2c@0' for 'scl' GPIO lookup
[    0.578990] of_get_named_gpiod_flags: can't parse 'scl-gpios' property of node '/ocp/interconnect@48000000/segment@100000/target-module@9c000/i2c@0[0]'
[    0.579031] of_get_named_gpiod_flags: can't parse 'scl-gpio' property of node '/ocp/interconnect@48000000/segment@100000/target-module@9c000/i2c@0[0]'
[    0.579067] i2c i2c-2: using lookup tables for GPIO lookup
[    0.579078] i2c i2c-2: No GPIO consumer scl found
[    0.579099] i2c i2c-2: using DT '/ocp/interconnect@48000000/segment@100000/target-module@9c000/i2c@0' for 'sda' GPIO lookup
[    0.579134] of_get_named_gpiod_flags: can't parse 'sda-gpios' property of node '/ocp/interconnect@48000000/segment@100000/target-module@9c000/i2c@0[0]'
[    0.579171] of_get_named_gpiod_flags: can't parse 'sda-gpio' property of node '/ocp/interconnect@48000000/segment@100000/target-module@9c000/i2c@0[0]'
[    0.579202] i2c i2c-2: using lookup tables for GPIO lookup
[    0.579209] i2c i2c-2: No GPIO consumer sda found
[    0.579963] omap_i2c 4819c000.i2c: bus 2 rev0.11 at 100 kHz
[    0.585864] gpiochip_find_base_unlocked: found new base at 544
[    0.585972] gpio gpiochip1: (gpio-32-63): created GPIO range 0->17 ==> 44e10800.pinmux PIN 34->51
[    0.585993] gpio gpiochip1: (gpio-32-63): created GPIO range 18->21 ==> 44e10800.pinmux PIN 77->80
[    0.586009] gpio gpiochip1: (gpio-32-63): created GPIO range 22->31 ==> 44e10800.pinmux PIN 56->65
[    0.587120] gpio gpiochip1: (gpio-32-63): added GPIO chardev (254:1)
[    0.587339] gpio gpiochip1: registered GPIOs 544 to 575 on gpio-32-63
[    0.589593] gpiochip_find_base_unlocked: found new base at 576
[    0.589682] gpio gpiochip2: (gpio-64-95): created GPIO range 0->4 ==> 44e10800.pinmux PIN 66->70
[    0.589702] gpio gpiochip2: (gpio-64-95): created GPIO range 5->6 ==> 44e10800.pinmux PIN 98->99
[    0.589717] gpio gpiochip2: (gpio-64-95): created GPIO range 7->8 ==> 44e10800.pinmux PIN 75->76
[    0.589733] gpio gpiochip2: (gpio-64-95): created GPIO range 13->13 ==> 44e10800.pinmux PIN 141->141
[    0.589749] gpio gpiochip2: (gpio-64-95): created GPIO range 14->21 ==> 44e10800.pinmux PIN 100->107
[    0.600873] gpio gpiochip2: (gpio-64-95): added GPIO chardev (254:2)
[    0.601121] gpio gpiochip2: registered GPIOs 576 to 607 on gpio-64-95
[    0.606953] 48000000.interconnect:segment@200000:target-module@0:mpu@0:fck: device ID is greater than 24
[    0.607859] /ocp/interconnect@48000000/segment@300000/target-module@e000/lcdc@0: Fixed dependency cycle(s) with /ocp/interconnect@44c00000/segment@200000/target-module@b000/i2c@0/tda19988@70
[    0.610739] /ocp/interconnect@48000000/segment@300000/target-module@e000/lcdc@0: Fixed dependency cycle(s) with /ocp/interconnect@44c00000/segment@200000/target-module@b000/i2c@0/tda19988@70
[    0.611627] /ocp/interconnect@44c00000/segment@200000/target-module@b000/i2c@0/tda19988@70: Fixed dependency cycle(s) with /ocp/interconnect@48000000/segment@300000/target-module@e000/lcdc@0
[    0.611811] /ocp/interconnect@48000000/segment@300000/target-module@e000/lcdc@0: Fixed dependency cycle(s) with /ocp/interconnect@44c00000/segment@200000/target-module@b000/i2c@0/tda19988@70
[    0.619900] sdhci-omap 481d8000.mmc: using DT '/ocp/interconnect@48000000/segment@100000/target-module@d8000/mmc@0' for 'wp' GPIO lookup
[    0.619974] of_get_named_gpiod_flags: can't parse 'wp-gpios' property of node '/ocp/interconnect@48000000/segment@100000/target-module@d8000/mmc@0[0]'
[    0.620017] of_get_named_gpiod_flags: can't parse 'wp-gpio' property of node '/ocp/interconnect@48000000/segment@100000/target-module@d8000/mmc@0[0]'
[    0.620054] sdhci-omap 481d8000.mmc: using lookup tables for GPIO lookup
[    0.620064] sdhci-omap 481d8000.mmc: No GPIO consumer wp found
[    0.620263] sdhci-omap 481d8000.mmc: supply pbias not found, using dummy regulator
[    0.621144] sdhci-omap 481d8000.mmc: supply vqmmc not found, using dummy regulator
[    0.643130] mdio_bus 4a101000.mdio: using DT '/ocp/interconnect@4a000000/segment@0/target-module@100000/switch@0/mdio@1000' for 'reset' GPIO lookup
[    0.643204] of_get_named_gpiod_flags: can't parse 'reset-gpios' property of node '/ocp/interconnect@4a000000/segment@0/target-module@100000/switch@0/mdio@1000[0]'
[    0.643251] of_get_named_gpiod_flags: can't parse 'reset-gpio' property of node '/ocp/interconnect@4a000000/segment@0/target-module@100000/switch@0/mdio@1000[0]'
[    0.643299] mdio_bus 4a101000.mdio: using lookup tables for GPIO lookup
[    0.643309] mdio_bus 4a101000.mdio: No GPIO consumer reset found
[    0.693198] davinci_mdio 4a101000.mdio: davinci mdio revision 1.6, bus freq 1000000
[    0.711353] mdio_bus 4a101000.mdio:00: using DT '/ocp/interconnect@4a000000/segment@0/target-module@100000/switch@0/mdio@1000/ethernet-phy@0' for 'reset' GPIO lookup
[    0.711455] of_get_named_gpiod_flags: parsed 'reset-gpios' property of node '/ocp/interconnect@4a000000/segment@0/target-module@100000/switch@0/mdio@1000/ethernet-phy@0[0]' - status (0)
[    0.711610] gpio gpiochip0: Persistence not supported for GPIO 8
[    0.832666] davinci_mdio 4a101000.mdio: phy[0]: device 4a101000.mdio:00, driver SMSC LAN8710/LAN8720
[    0.833430] cpsw-switch 4a100000.switch: initialized cpsw ale version 1.4
[    0.833454] cpsw-switch 4a100000.switch: ALE Table size 1024, Policers 0
[    0.833626] cpsw-switch 4a100000.switch: cpts: overflow check period 500 (jiffies)
[    0.833643] cpsw-switch 4a100000.switch: CPTS: ref_clk_freq:250000000 calc_mult:2147483648 calc_shift:29 error:0 nsec/sec
[    0.833740] cpsw-switch 4a100000.switch: Detected MACID = 6c:ec:eb:68:de:78
[    0.835637] cpsw-switch 4a100000.switch: initialized (regs 0x4a100000, pool size 256) hw_ver:0019010C 1.12 (0)
[    0.847113] debugfs: '49000000.dma' already exists in 'dmaengine'
[    0.847158] edma 49000000.dma: TI EDMA DMA engine driver
[    0.887273] ti-sysc 44e31000.target-module: Failed to create device link (0x180) with supplier ocp for /ocp/interconnect@44c00000/segment@200000/target-module@31000/timer@0
[    0.887333] ti-sysc 48040000.target-module: Failed to create device link (0x180) with supplier ocp for /ocp/interconnect@48000000/segment@0/target-module@40000/timer@0
[    0.888267] gpio-clk clk_mcasp0: using DT '/clk_mcasp0' for 'enable' GPIO lookup
[    0.888332] of_get_named_gpiod_flags: parsed 'enable-gpios' property of node '/clk_mcasp0[0]' - status (0)
[    0.888375] gpio gpiochip0: Persistence not supported for GPIO 27
[    0.889134] gpiochip_find_base_unlocked: found new base at 608
[    0.889248] gpio gpiochip3: (gpio-96-127): created GPIO range 0->7 ==> 44e10800.pinmux PIN 82->89
[    0.889269] gpio gpiochip3: (gpio-96-127): created GPIO range 8->11 ==> 44e10800.pinmux PIN 52->55
[    0.889285] gpio gpiochip3: (gpio-96-127): created GPIO range 12->15 ==> 44e10800.pinmux PIN 94->97
[    0.889300] gpio gpiochip3: (gpio-96-127): created GPIO range 16->17 ==> 44e10800.pinmux PIN 71->72
[    0.889316] gpio gpiochip3: (gpio-96-127): created GPIO range 18->18 ==> 44e10800.pinmux PIN 135->135
[    0.889332] gpio gpiochip3: (gpio-96-127): created GPIO range 19->20 ==> 44e10800.pinmux PIN 108->109
[    0.889348] gpio gpiochip3: (gpio-96-127): created GPIO range 21->21 ==> 44e10800.pinmux PIN 73->73
[    0.889365] gpio gpiochip3: (gpio-96-127): created GPIO range 22->23 ==> 44e10800.pinmux PIN 8->9
[    0.889382] gpio gpiochip3: (gpio-96-127): created GPIO range 26->27 ==> 44e10800.pinmux PIN 10->11
[    0.889400] gpio gpiochip3: (gpio-96-127): created GPIO range 28->28 ==> 44e10800.pinmux PIN 74->74
[    0.889417] gpio gpiochip3: (gpio-96-127): created GPIO range 29->29 ==> 44e10800.pinmux PIN 81->81
[    0.889436] gpio gpiochip3: (gpio-96-127): created GPIO range 30->31 ==> 44e10800.pinmux PIN 28->29
[    0.904219] gpio gpiochip3: (gpio-96-127): added GPIO chardev (254:3)
[    0.904472] gpio gpiochip3: registered GPIOs 608 to 639 on gpio-96-127
[    0.917431] omap8250 44e09000.serial: using DT '/ocp/interconnect@44c00000/segment@200000/target-module@9000/serial@0' for 'rs485-term' GPIO lookup
[    0.917507] of_get_named_gpiod_flags: can't parse 'rs485-term-gpios' property of node '/ocp/interconnect@44c00000/segment@200000/target-module@9000/serial@0[0]'
[    0.917551] of_get_named_gpiod_flags: can't parse 'rs485-term-gpio' property of node '/ocp/interconnect@44c00000/segment@200000/target-module@9000/serial@0[0]'
[    0.917587] omap8250 44e09000.serial: using lookup tables for GPIO lookup
[    0.917597] omap8250 44e09000.serial: No GPIO consumer rs485-term found
[    0.917608] omap8250 44e09000.serial: using DT '/ocp/interconnect@44c00000/segment@200000/target-module@9000/serial@0' for 'rs485-rx-during-tx' GPIO lookup
[    0.917644] of_get_named_gpiod_flags: can't parse 'rs485-rx-during-tx-gpios' property of node '/ocp/interconnect@44c00000/segment@200000/target-module@9000/serial@0[0]'
[    0.917681] of_get_named_gpiod_flags: can't parse 'rs485-rx-during-tx-gpio' property of node '/ocp/interconnect@44c00000/segment@200000/target-module@9000/serial@0[0]'
[    0.917712] omap8250 44e09000.serial: using lookup tables for GPIO lookup
[    0.917720] omap8250 44e09000.serial: No GPIO consumer rs485-rx-during-tx found
[    0.918187] 44e09000.serial: ttyS0 at MMIO 0x44e09000 (irq = 34, base_baud = 3000000) is a 8250
[    0.918306] printk: legacy console [ttyS0] enabled
[    2.439652] i2c i2c-0: using DT '/ocp/interconnect@44c00000/segment@200000/target-module@b000/i2c@0' for 'scl' GPIO lookup
[    2.439741] of_get_named_gpiod_flags: can't parse 'scl-gpios' property of node '/ocp/interconnect@44c00000/segment@200000/target-module@b000/i2c@0[0]'
[    2.439789] of_get_named_gpiod_flags: can't parse 'scl-gpio' property of node '/ocp/interconnect@44c00000/segment@200000/target-module@b000/i2c@0[0]'
[    2.439829] i2c i2c-0: using lookup tables for GPIO lookup
[    2.439842] i2c i2c-0: No GPIO consumer scl found
[    2.439867] i2c i2c-0: using DT '/ocp/interconnect@44c00000/segment@200000/target-module@b000/i2c@0' for 'sda' GPIO lookup
[    2.439908] of_get_named_gpiod_flags: can't parse 'sda-gpios' property of node '/ocp/interconnect@44c00000/segment@200000/target-module@b000/i2c@0[0]'
[    2.439948] of_get_named_gpiod_flags: can't parse 'sda-gpio' property of node '/ocp/interconnect@44c00000/segment@200000/target-module@b000/i2c@0[0]'
[    2.439983] i2c i2c-0: using lookup tables for GPIO lookup
[    2.439994] i2c i2c-0: No GPIO consumer sda found
[    2.452228] tps65217-pmic: Failed to locate of_node [id: -1]
[    2.458293] tps65217-bl: Failed to locate of_node [id: -1]
[    2.465768] platform tps65217-charger: DMA mask not set
[    2.472825] platform tps65217-pwrbutton: DMA mask not set
[    2.480605] tps65217 0-0024: TPS65217 ID 0xe version 1.2
[    2.486681] /ocp/interconnect@48000000/segment@300000/target-module@e000/lcdc@0: Fixed dependency cycle(s) with /ocp/interconnect@44c00000/segment@200000/target-module@b000/i2c@0/tda19988@70
[    2.504113] /ocp/interconnect@44c00000/segment@200000/target-module@b000/i2c@0/tda19988@70: Fixed dependency cycle(s) with /ocp/interconnect@48000000/segment@300000/target-module@e000/lcdc@0
[    2.521504] omap_i2c 44e0b000.i2c: bus 0 rev0.11 at 400 kHz
[    2.529380] sdhci-omap 48060000.mmc: using DT '/ocp/interconnect@48000000/segment@0/target-module@60000/mmc@0' for 'cd' GPIO lookup
[    2.529488] of_get_named_gpiod_flags: parsed 'cd-gpios' property of node '/ocp/interconnect@48000000/segment@0/target-module@60000/mmc@0[0]' - status (0)
[    2.529555] gpio gpiochip3: Persistence not supported for GPIO 6
[    2.529581] omap_gpio 44e07000.gpio: Could not set line 6 debounce to 200000 microseconds (-22)
[    2.538467] sdhci-omap 48060000.mmc: Got CD GPIO
[    2.543147] sdhci-omap 48060000.mmc: using DT '/ocp/interconnect@48000000/segment@0/target-module@60000/mmc@0' for 'wp' GPIO lookup
[    2.543199] of_get_named_gpiod_flags: can't parse 'wp-gpios' property of node '/ocp/interconnect@48000000/segment@0/target-module@60000/mmc@0[0]'
[    2.543242] of_get_named_gpiod_flags: can't parse 'wp-gpio' property of node '/ocp/interconnect@48000000/segment@0/target-module@60000/mmc@0[0]'
[    2.543281] sdhci-omap 48060000.mmc: using lookup tables for GPIO lookup
[    2.543294] sdhci-omap 48060000.mmc: No GPIO consumer wp found
[    2.543505] sdhci-omap 48060000.mmc: supply pbias not found, using dummy regulator
[    2.552401] sdhci-omap 481d8000.mmc: using DT '/ocp/interconnect@48000000/segment@100000/target-module@d8000/mmc@0' for 'wp' GPIO lookup
[    2.552477] of_get_named_gpiod_flags: can't parse 'wp-gpios' property of node '/ocp/interconnect@48000000/segment@100000/target-module@d8000/mmc@0[0]'
[    2.552523] of_get_named_gpiod_flags: can't parse 'wp-gpio' property of node '/ocp/interconnect@48000000/segment@100000/target-module@d8000/mmc@0[0]'
[    2.552562] sdhci-omap 481d8000.mmc: using lookup tables for GPIO lookup
[    2.552575] sdhci-omap 481d8000.mmc: No GPIO consumer wp found
[    2.553935] sdhci-omap 48060000.mmc: supply vqmmc not found, using dummy regulator
[    2.563120] sdhci-omap 481d8000.mmc: supply pbias not found, using dummy regulator
[    2.571705] sdhci-omap 481d8000.mmc: supply vqmmc not found, using dummy regulator
[    2.609698] mmc1: SDHCI controller on 481d8000.mmc [481d8000.mmc] using External DMA
[    2.618772] mmc0: SDHCI controller on 48060000.mmc [48060000.mmc] using External DMA
[    2.627676] cpsw-switch 4a100000.switch: starting ndev. mode: dual_mac
[    2.691482] mmc1: new high speed MMC card at address 0001
[    2.698328] mmcblk1: mmc1:0001 MMC04G 3.60 GiB
[    2.706176]  mmcblk1: p1 p2
[    2.709951] SMSC LAN8710/LAN8720 4a101000.mdio:00: attached PHY driver (mii_bus:phy_addr=4a101000.mdio:00, irq=POLL)
[    2.722941] mmcblk1boot0: mmc1:0001 MMC04G 2.00 MiB
[    2.736352] mmcblk1boot1: mmc1:0001 MMC04G 2.00 MiB
[    2.745269] mmcblk1rpmb: mmc1:0001 MMC04G 128 KiB, chardev (249:0)
[    2.794762] mmc0: new high speed SDHC card at address aaaa
[    2.801684] mmcblk0: mmc0:aaaa SE32G 29.7 GiB
[    2.810686]  mmcblk0: p1 p2
[    5.841998] cpsw-switch 4a100000.switch eth0: Link is Up - 100Mbps/Full - flow control off
[    5.871251] IP-Config: Complete:
[    5.874521]      device=eth0, hwaddr=6c:ec:eb:68:de:78, ipaddr=192.168.255.1, mask=255.255.255.0, gw=255.255.255.255
[    5.885158]      host=bbb1, domain=, nis-domain=(none)
[    5.890326]      bootserver=192.168.255.126, rootserver=192.168.255.126, rootpath=
[    5.890757] clk: Disabling unused clocks
[    5.902617] PM: genpd: Disabling unused power domains
[    5.907784] KTAP version 1
[    5.910510] 1..0
[    5.913334] check access for rdinit=/init failed: -2, ignoring
[    5.946139] VFS: Mounted root (nfs filesystem) on device 0:17.
[    5.953290] devtmpfs: mounted
[    5.957802] Freeing unused kernel image (initmem) memory: 1024K
[    5.964729] Run /sbin/init as init process
[    5.968867]   with arguments:
[    5.968880]     /sbin/init
[    5.968889]     nfsrootdebug
[    5.968899]   with environment:
[    5.968907]     HOME=/
[    5.968916]     TERM=linux
[    6.689075] systemd[1]: System time before build time, advancing clock.
[    8.231260] random: crng init done
[    8.263933] systemd[1]: systemd 232 running in system mode. (+PAM +AUDIT +SELINUX +IMA +APPARMOR +SMACK +SYSVINIT +UTMP +LIBCRYPTSETUP +GCRYPT +GNUTLS +ACL +XZ +LZ4 +SECCOMP +BLKID +ELFUTILS +KMOD +IDN)
[    8.283069] systemd[1]: Detected architecture arm.
[    8.314539] systemd[1]: Set hostname to <arm>.
[    9.463809] systemd[1]: Created slice User and Session Slice.
[    9.483058] systemd[1]: Set up automount Arbitrary Executable File Formats File System Automount Point.
[    9.515511] systemd[1]: Listening on /dev/initctl Compatibility Named Pipe.
[    9.542663] systemd[1]: Created slice System Slice.
[    9.581966] systemd[1]: Mounting Debug File System...
[    9.603072] systemd[1]: Listening on Journal Audit Socket.
[    9.617129] systemd[1]: Listening on udev Kernel Socket.
[   11.848437] systemd-journald[111]: Received request to flush runtime journal from PID 1
[   12.641897] omap_prm 44e00d00.prm: sync_state() pending due to 44d00000.cpu
[   14.573073] leds-gpio leds: using DT '/leds/led2' for '(default)' GPIO lookup
[   14.573177] of_get_named_gpiod_flags: parsed 'gpios' property of node '/leds/led2[0]' - status (0)
[   14.573234] gpio gpiochip0: Persistence not supported for GPIO 21
[   14.573249] gpio-533 (?): no flags found for GPIO (default)
[   14.650879] leds-gpio leds: using DT '/leds/led3' for '(default)' GPIO lookup
[   14.650996] of_get_named_gpiod_flags: parsed 'gpios' property of node '/leds/led3[0]' - status (0)
[   14.651054] gpio gpiochip0: Persistence not supported for GPIO 22
[   14.651070] gpio-534 (?): no flags found for GPIO (default)
[   14.661714] leds-gpio leds: using DT '/leds/led4' for '(default)' GPIO lookup
[   14.661812] of_get_named_gpiod_flags: parsed 'gpios' property of node '/leds/led4[0]' - status (0)
[   14.661862] gpio gpiochip0: Persistence not supported for GPIO 23
[   14.661878] gpio-535 (?): no flags found for GPIO (default)
[   14.716444] leds-gpio leds: using DT '/leds/led5' for '(default)' GPIO lookup
[   14.716544] of_get_named_gpiod_flags: parsed 'gpios' property of node '/leds/led5[0]' - status (0)
[   14.716594] gpio gpiochip0: Persistence not supported for GPIO 24
[   14.716610] gpio-536 (?): no flags found for GPIO (default)
[   14.954542] remoteproc remoteproc0: wkup_m3 is available
[   15.041667] at24 2-0054: supply vcc not found, using dummy regulator
[   15.075758] at24 2-0055: supply vcc not found, using dummy regulator
[   15.176876] omap_rtc 44e3e000.rtc: registered as rtc0
[   15.182260] omap_rtc 44e3e000.rtc: setting system clock to 2000-01-01T00:00:00 UTC (946684800)
[   15.190958] omap_rtc 44e3e000.rtc: using DT '/ocp/interconnect@44c00000/segment@200000/target-module@3e000/rtc@0' for 'wp' GPIO lookup
[   15.191035] of_get_named_gpiod_flags: can't parse 'wp-gpios' property of node '/ocp/interconnect@44c00000/segment@200000/target-module@3e000/rtc@0[0]'
[   15.191089] of_get_named_gpiod_flags: can't parse 'wp-gpio' property of node '/ocp/interconnect@44c00000/segment@200000/target-module@3e000/rtc@0[0]'
[   15.191129] omap_rtc 44e3e000.rtc: using lookup tables for GPIO lookup
[   15.191144] omap_rtc 44e3e000.rtc: No GPIO consumer wp found
[   15.212345] at24 2-0056: supply vcc not found, using dummy regulator
[   15.221727] omap_wdt: OMAP Watchdog Timer Rev 0x01: initial timeout 60 sec
[   15.329416] at24 2-0057: supply vcc not found, using dummy regulator
[   15.438947] at24 0-0050: using DT '/ocp/interconnect@44c00000/segment@200000/target-module@b000/i2c@0/eeprom@50' for 'wp' GPIO lookup
[   15.439069] of_get_named_gpiod_flags: can't parse 'wp-gpios' property of node '/ocp/interconnect@44c00000/segment@200000/target-module@b000/i2c@0/eeprom@50[0]'
[   15.439129] of_get_named_gpiod_flags: can't parse 'wp-gpio' property of node '/ocp/interconnect@44c00000/segment@200000/target-module@b000/i2c@0/eeprom@50[0]'
[   15.439175] at24 0-0050: using lookup tables for GPIO lookup
[   15.439189] at24 0-0050: No GPIO consumer wp found
[   15.439543] at24 0-0050: 4096 byte 24c32 EEPROM, writable, 1 bytes/write
[   15.997498] input: tps65217_pwrbutton as /devices/platform/ocp/44c00000.interconnect/44c00000.interconnect:segment@200000/44e0b000.target-module/44e0b000.i2c/i2c-0/0-0024/tps65217-pwrbutton/input/input0
[   16.402836] am335x-phy-driver 47401300.usb-phy: using DT '/ocp/target-module@47400000/usb-phy@1300' for 'reset' GPIO lookup
[   16.402933] of_get_named_gpiod_flags: can't parse 'reset-gpios' property of node '/ocp/target-module@47400000/usb-phy@1300[0]'
[   16.402979] of_get_named_gpiod_flags: can't parse 'reset-gpio' property of node '/ocp/target-module@47400000/usb-phy@1300[0]'
[   16.403016] am335x-phy-driver 47401300.usb-phy: using lookup tables for GPIO lookup
[   16.403031] am335x-phy-driver 47401300.usb-phy: No GPIO consumer reset found
[   16.403045] am335x-phy-driver 47401300.usb-phy: using DT '/ocp/target-module@47400000/usb-phy@1300' for 'vbus-detect' GPIO lookup
[   16.403076] of_get_named_gpiod_flags: can't parse 'vbus-detect-gpios' property of node '/ocp/target-module@47400000/usb-phy@1300[0]'
[   16.403108] of_get_named_gpiod_flags: can't parse 'vbus-detect-gpio' property of node '/ocp/target-module@47400000/usb-phy@1300[0]'
[   16.403134] am335x-phy-driver 47401300.usb-phy: using lookup tables for GPIO lookup
[   16.403146] am335x-phy-driver 47401300.usb-phy: No GPIO consumer vbus-detect found
[   16.403296] am335x-phy-driver 47401300.usb-phy: dummy supplies not allowed for exclusive requests (id=vbus)
[   16.664814] am335x-phy-driver 47401b00.usb-phy: using DT '/ocp/target-module@47400000/usb-phy@1b00' for 'reset' GPIO lookup
[   16.665011] of_get_named_gpiod_flags: can't parse 'reset-gpios' property of node '/ocp/target-module@47400000/usb-phy@1b00[0]'
[   16.665060] of_get_named_gpiod_flags: can't parse 'reset-gpio' property of node '/ocp/target-module@47400000/usb-phy@1b00[0]'
[   16.665147] am335x-phy-driver 47401b00.usb-phy: using lookup tables for GPIO lookup
[   16.665163] am335x-phy-driver 47401b00.usb-phy: No GPIO consumer reset found
[   16.665179] am335x-phy-driver 47401b00.usb-phy: using DT '/ocp/target-module@47400000/usb-phy@1b00' for 'vbus-detect' GPIO lookup
[   16.665264] of_get_named_gpiod_flags: can't parse 'vbus-detect-gpios' property of node '/ocp/target-module@47400000/usb-phy@1b00[0]'
[   16.665299] of_get_named_gpiod_flags: can't parse 'vbus-detect-gpio' property of node '/ocp/target-module@47400000/usb-phy@1b00[0]'
[   16.665368] am335x-phy-driver 47401b00.usb-phy: using lookup tables for GPIO lookup
[   16.665382] am335x-phy-driver 47401b00.usb-phy: No GPIO consumer vbus-detect found
[   16.665631] am335x-phy-driver 47401b00.usb-phy: dummy supplies not allowed for exclusive requests (id=vbus)
[   16.895562] usbcore: registered new interface driver usbfs
[   16.901417] usbcore: registered new interface driver hub
[   16.907135] usbcore: registered new device driver usb
[   17.745200] tda998x 0-0070: found TDA19988
[   18.063134] musb-hdrc musb-hdrc.1: MUSB HDRC host driver
[   18.068815] musb-hdrc musb-hdrc.1: new USB bus registered, assigned bus number 1
[   18.404619] usb usb1: New USB device found, idVendor=1d6b, idProduct=0002, bcdDevice= 6.18
[   18.413077] usb usb1: New USB device strings: Mfr=3, Product=2, SerialNumber=1
[   18.420343] usb usb1: Product: MUSB HDRC host driver
[   18.425393] usb usb1: Manufacturer: Linux 6.18.0-rc6-next-20251120-g88cbd8ac379c musb-hcd
[   18.433644] usb usb1: SerialNumber: musb-hdrc.1
[   18.727656] omap-mailbox 480c8000.mailbox: omap mailbox rev 0x400
[   18.823631] remoteproc remoteproc0: powering up wkup_m3
[   18.842554] hub 1-0:1.0: USB hub found
[   18.923203] hub 1-0:1.0: 1 port detected
[   19.065302] remoteproc remoteproc0: Direct firmware load for am335x-pm-firmware.elf failed with error -2
[   19.075237] remoteproc remoteproc0: request_firmware failed: -2
[   19.081347] wkup_m3_ipc 44e11324.wkup_m3_ipc: rproc_boot failed
[   21.896730] omap_rng 48310000.rng: Random Number Generator ver. 20
[   22.068590] tilcdc 4830e000.lcdc: bound 0-0070 (ops 0xbf1370f8)
[   22.106975] [drm] Initialized tilcdc 1.0.0 for 4830e000.lcdc on minor 0
[   22.181516] tilcdc 4830e000.lcdc: [drm] Cannot find any crtc or sizes
[   22.189730] tilcdc 4830e000.lcdc: [drm] Cannot find any crtc or sizes
[   22.314616] ------------[ cut here ]------------
[   22.319314] WARNING: net/8021q/vlan_core.c:236 at vlan_for_each+0x114/0x134, CPU#0: avahi-daemon/225
[   22.328657] RTNL: assertion failed at net/8021q/vlan_core.c (236)
[   22.334822] Modules linked in: tilcdc drm_dma_helper omap_rng drm_client_lib rng_core snd_soc_davinci_mcasp snd_soc_ti_udma snd_soc_ti_edma snd_soc_ti_sdma snd_soc_core snd_pcm_dmaengine snd_pcm snd_timer omap_mailbox snd soundcore musb_dsps musb_hdrc tda998x cec udc_core drm_kms_helper usbcore phy_am335x phy_generic drm usb_common phy_am335x_control wkup_m3_ipc tps65218_pwrbutton cppi41 drm_panel_orientation_quirks omap_wdt rtc_omap watchdog at24 wkup_m3_rproc leds_gpio led_class cpufreq_dt autofs4
[   22.379604] CPU: 0 UID: 107 PID: 225 Comm: avahi-daemon Not tainted 6.18.0-rc6-next-20251120-g88cbd8ac379c #1 NONE 
[   22.379623] Hardware name: Generic AM33XX (Flattened Device Tree)
[   22.379632] Call trace: 
[   22.379649]  unwind_backtrace from show_stack+0x10/0x14
[   22.379688]  show_stack from dump_stack_lvl+0x50/0x64
[   22.379713]  dump_stack_lvl from __warn+0x88/0x148
[   22.379731]  __warn from warn_slowpath_fmt+0x19c/0x1b0
[   22.379744]  warn_slowpath_fmt from vlan_for_each+0x114/0x134
[   22.379762]  vlan_for_each from cpsw_add_mc_addr+0x40/0xa4
[   22.379794]  cpsw_add_mc_addr from __hw_addr_ref_sync_dev+0x108/0x140
[   22.379822]  __hw_addr_ref_sync_dev from __dev_mc_add+0x7c/0x80
[   22.379840]  __dev_mc_add from igmp6_group_added+0xc8/0xe0
[   22.379860]  igmp6_group_added from __ipv6_dev_mc_inc+0x218/0x364
[   22.379874]  __ipv6_dev_mc_inc from __ipv6_sock_mc_join+0x11c/0x1c0
[   22.379889]  __ipv6_sock_mc_join from do_ipv6_setsockopt+0x1214/0x1310
[   22.379913]  do_ipv6_setsockopt from ipv6_setsockopt+0x60/0xcc
[   22.379930]  ipv6_setsockopt from udpv6_setsockopt+0x2c/0x6c
[   22.379951]  udpv6_setsockopt from sock_common_setsockopt+0x30/0x40
[   22.379976]  sock_common_setsockopt from do_sock_setsockopt+0x50/0x9c
[   22.379993]  do_sock_setsockopt from __sys_setsockopt+0x70/0xbc
[   22.380008]  __sys_setsockopt from ret_fast_syscall+0x0/0x58
[   22.380022] Exception stack(0xe0189fa8 to 0xe0189ff0)
[   22.380036] 9fa0:                   00000014 b6fa1ce8 0000000d 00000029 00000014 bed949ec
[   22.380048] 9fc0: 00000014 b6fa1ce8 00000014 00000126 0000000d b6f4aff4 0047e988 00466558
[   22.380057] 9fe0: b6f60088 bed949d8 b6f3d309 b6e1441a
[   22.380064] ---[ end trace 0000000000000000 ]---
[   23.455106] PM: Cannot get wkup_m3_ipc handle
[   23.598495] omap-sham 53100000.sham: hw accel on OMAP rev 4.3
[   23.782147] omap-aes 53500000.aes: OMAP AES hw accel rev: 3.2
[   23.801540] omap-sham 53100000.sham: will run requests pump with realtime priority
[   23.810238] PM: Cannot get wkup_m3_ipc handle
[   23.823934] omap-aes 53500000.aes: will run requests pump with realtime priority
[   23.851526] PM: Cannot get wkup_m3_ipc handle
[   25.339746] Bluetooth: Core ver 2.22
[   25.343789] NET: Registered PF_BLUETOOTH protocol family
[   25.349383] Bluetooth: HCI device and connection manager initialized
[   25.355926] Bluetooth: HCI socket layer initialized
[   25.360845] Bluetooth: L2CAP socket layer initialized
[   25.366026] Bluetooth: SCO socket layer initialized
[   27.453804] tda998x 0-0070: using DT '/ocp/interconnect@44c00000/segment@200000/target-module@b000/i2c@0/tda19988@70' for 'nxp,calib' GPIO lookup
[   27.453948] of_get_named_gpiod_flags: parsed 'nxp,calib-gpios' property of node '/ocp/interconnect@44c00000/segment@200000/target-module@b000/i2c@0/tda19988@70[0]' - status (0)
[   27.454030] gpio gpiochip0: Persistence not supported for GPIO 25
[   27.454046] gpio-537 (nxp,calib): no flags found for GPIO nxp,calib
[   27.478136] PM: Cannot get wkup_m3_ipc handle
[   27.484139] asoc-simple-card sound: using DT '/sound' for 'simple-audio-card,hp-det' GPIO lookup
[   27.484213] of_get_named_gpiod_flags: can't parse 'simple-audio-card,hp-det-gpios' property of node '/sound[0]'
[   27.484250] of_get_named_gpiod_flags: can't parse 'simple-audio-card,hp-det-gpio' property of node '/sound[0]'
[   27.484276] asoc-simple-card sound: using lookup tables for GPIO lookup
[   27.484289] asoc-simple-card sound: No GPIO consumer simple-audio-card,hp-det found
[   27.484304] asoc-simple-card sound: using DT '/sound' for 'simple-audio-card,mic-det' GPIO lookup
[   27.484329] of_get_named_gpiod_flags: can't parse 'simple-audio-card,mic-det-gpios' property of node '/sound[0]'
[   27.484354] of_get_named_gpiod_flags: can't parse 'simple-audio-card,mic-det-gpio' property of node '/sound[0]'
[   27.484374] asoc-simple-card sound: using lookup tables for GPIO lookup
[   27.484385] asoc-simple-card sound: No GPIO consumer simple-audio-card,mic-det found
[   27.497008] gpio-537 (nxp,calib): gpiod_direction_output_nonotify: tried to set a GPIO tied to an IRQ as output
[   27.617470] PM: Cannot get wkup_m3_ipc handle
[   27.798932] tda9950 0-0034: TDA9950 CEC interface, hardware version 3.3
[   27.888512] PM: Cannot get wkup_m3_ipc handle
[   29.816992] userial_init: registered 8 ttyGS* devices
[   30.037267] rndis_register: configNr = 0
[   30.104083] udc musb-hdrc.0: binding gadget driver [g_multi]
[   30.104189] configfs-gadget.g_multi gadget.0: adding 'rndis'/fb2465cf to config 'c'/9bc62b24
[   30.105343] configfs-gadget.g_multi gadget.0: HOST MAC 1c:ba:8c:a2:ed:6c
[   30.112489] configfs-gadget.g_multi gadget.0: MAC 1c:ba:8c:a2:ed:70
[   30.118849] rndis_set_param_medium: 0 0
[   30.118868] configfs-gadget.g_multi gadget.0: RNDIS: IN/ep1in OUT/ep1out NOTIFY/ep2in
[   30.118886] configfs-gadget.g_multi gadget.0: adding 'cdc_ethernet'/34583ae4 to config 'c'/9bc62b24
[   30.119936] configfs-gadget.g_multi gadget.0: HOST MAC 1c:ba:8c:a2:ed:6c
[   30.126845] configfs-gadget.g_multi gadget.0: MAC 1c:ba:8c:a2:ed:6d
[   30.133217] configfs-gadget.g_multi gadget.0: CDC Ethernet: IN/ep3in OUT/ep2out NOTIFY/ep4in
[   30.133236] configfs-gadget.g_multi gadget.0: adding 'acm'/867849a8 to config 'c'/9bc62b24
[   30.133276] configfs-gadget.g_multi gadget.0: acm ttyGS0: IN/ep5in OUT/ep3out NOTIFY/ep6in
[   30.134399] PM: Cannot get wkup_m3_ipc handle
[   31.550811] configfs-gadget.g_multi gadget.0: eth_open
[   36.445120] gs_open: ttyGS0 (79c6bd3f,715d6d6d)
[   36.445298] gs_close: ttyGS0 (79c6bd3f,715d6d6d) ...
[   36.445330] gs_close: ttyGS0 (79c6bd3f,715d6d6d) done!
[   36.449895] gs_open: ttyGS0 (88b08043,ac054741)
[   36.450054] gs_close: ttyGS0 (88b08043,ac054741) ...
[   36.450085] gs_close: ttyGS0 (88b08043,ac054741) done!
[   36.592924] gs_open: ttyGS0 (e72185e8,b1ef123e)
[   36.593173] gs_close: ttyGS0 (e72185e8,b1ef123e) ...
[   36.593201] gs_close: ttyGS0 (e72185e8,b1ef123e) done!
[   36.595415] gs_open: ttyGS0 (e72185e8,ac054741)
LFXGLFVWWG 0
root@arm:~# echo 'COVB''BMXMGX'
COVBBMXMGX
root@arm:~# MARKER='FGTX''NQKCCF' run 'modprobe test_linear_ranges'
FGTXNQKCCFFGTXNQKCCF 0
root@arm:~# echo 'ZVVS''PNWCTM'
ZVVSPNWCTM
root@arm:~# MARKER='WWGO''PGZGPV' run dmesg
WWGOPGZGPV[    0.000000] Booting Linux on physical CPU 0x0
[    0.000000] Linux version 6.18.0-rc6-next-20251120-g88cbd8ac379c (user01@drvtest01) (arm-none-eabi-gcc (Arm GNU Toolchain 14.2.Rel1 (Build arm-14.52)) 14.2.1 20241119, GNU ld (Arm GNU Toolchain 14.2.Rel1 (Build arm-14.52)) 2.43.1.20241119) #1 SMP Mon Nov 24 08:47:40 EET 2025
[    0.000000] CPU: ARMv7 Processor [413fc082] revision 2 (ARMv7), cr=10c5387d
[    0.000000] CPU: PIPT / VIPT nonaliasing data cache, VIPT aliasing instruction cache
[    0.000000] OF: fdt: Machine model: TI AM335x BeagleBone Black
[    0.000000] Memory policy: Data cache writeback
[    0.000000] cma: Reserved 16 MiB at 0x9e800000
[    0.000000] Zone ranges:
[    0.000000]   Normal   [mem 0x0000000080000000-0x000000009fdfffff]
[    0.000000]   HighMem  empty
[    0.000000] Movable zone start for each node
[    0.000000] Early memory node ranges
[    0.000000]   node   0: [mem 0x0000000080000000-0x000000009fdfffff]
[    0.000000] Initmem setup node 0 [mem 0x0000000080000000-0x000000009fdfffff]
[    0.000000] On node 0, zone Normal: 512 pages in unavailable ranges
[    0.000000] OF: reserved mem: Reserved memory: No reserved-memory node in the DT
[    0.000000] CPU: All CPU(s) started in SVC mode.
[    0.000000] AM335X ES2.1 (sgx neon)
[    0.000000] percpu: Embedded 17 pages/cpu s39948 r8192 d21492 u69632
[    0.000000] pcpu-alloc: s39948 r8192 d21492 u69632 alloc=17*4096
[    0.000000] pcpu-alloc: [0] 0 
[    0.000000] Kernel command line: console=ttyO0,115200n8 root=/dev/nfs rw nfsroot=192.168.255.126:/home/user01/nfs,nfsvers=3 ip=192.168.255.1:192.168.255.126::255.255.255.0:bbb1:eth0 nfsrootdebug
[    0.000000] Unknown kernel command line parameters "nfsrootdebug", will be passed to user space.
[    0.000000] printk: log buffer data + meta data: 65536 + 204800 = 270336 bytes
[    0.000000] Dentry cache hash table entries: 65536 (order: 6, 262144 bytes, linear)
[    0.000000] Inode-cache hash table entries: 32768 (order: 5, 131072 bytes, linear)
[    0.000000] Built 1 zonelists, mobility grouping on.  Total pages: 130560
[    0.000000] mem auto-init: stack:off, heap alloc:off, heap free:off
[    0.000000] SLUB: HWalign=16, Order=0-3, MinObjects=0, CPUs=1, Nodes=1
[    0.000000] rcu: Hierarchical RCU implementation.
[    0.000000] rcu: 	RCU event tracing is enabled.
[    0.000000] rcu: 	RCU restricting CPUs from NR_CPUS=2 to nr_cpu_ids=1.
[    0.000000] 	Tracing variant of Tasks RCU enabled.
[    0.000000] rcu: RCU calculated value of scheduler-enlistment delay is 10 jiffies.
[    0.000000] rcu: Adjusting geometry for rcu_fanout_leaf=16, nr_cpu_ids=1
[    0.000000] RCU Tasks Trace: Setting shift to 0 and lim to 1 rcu_task_cb_adjust=1 rcu_task_cpu_ids=1.
[    0.000000] NR_IRQS: 16, nr_irqs: 16, preallocated irqs: 16
[    0.000000] IRQ: Found an INTC at 0x(ptrval) (revision 5.0) with 128 interrupts
[    0.000000] rcu: srcu_init: Setting srcu_struct sizes based on contention.
[    0.000000] TI gptimer clocksource: always-on /ocp/interconnect@44c00000/segment@200000/target-module@31000
[    0.000003] sched_clock: 32 bits at 24MHz, resolution 41ns, wraps every 89478484971ns
[    0.000027] clocksource: dmtimer: mask: 0xffffffff max_cycles: 0xffffffff, max_idle_ns: 79635851949 ns
[    0.000562] TI gptimer clockevent: 24000000 Hz at /ocp/interconnect@48000000/segment@0/target-module@40000
[    0.002132] Console: colour dummy device 80x30
[    0.002199] WARNING: Your 'console=ttyO0' has been replaced by 'ttyS0'
[    0.002206] This ensures that you still see kernel messages. Please
[    0.002211] update your kernel commandline.
[    0.002252] Calibrating delay loop... 996.14 BogoMIPS (lpj=4980736)
[    0.090610] CPU: Testing write buffer coherency: ok
[    0.090720] CPU0: Spectre v2: using BPIALL workaround
[    0.090731] pid_max: default: 32768 minimum: 301
[    0.091039] Mount-cache hash table entries: 1024 (order: 0, 4096 bytes, linear)
[    0.091060] Mountpoint-cache hash table entries: 1024 (order: 0, 4096 bytes, linear)
[    0.092662] CPU0: thread -1, cpu 0, socket -1, mpidr 0
[    0.092720] cacheinfo: Unable to detect cache hierarchy for CPU 0
[    0.094700] Setting up static identity map for 0x80100000 - 0x80100078
[    0.095021] rcu: Hierarchical SRCU implementation.
[    0.095030] rcu: 	Max phase no-delay instances is 1000.
[    0.096772] smp: Bringing up secondary CPUs ...
[    0.096828] smp: Brought up 1 node, 1 CPU
[    0.096839] SMP: Total of 1 processors activated (996.14 BogoMIPS).
[    0.096851] CPU: All CPU(s) started in SVC mode.
[    0.097097] Memory: 479964K/522240K available (12288K kernel code, 1231K rwdata, 2956K rodata, 1024K init, 256K bss, 24364K reserved, 16384K cma-reserved, 0K highmem)
[    0.097961] devtmpfs: initialized
[    0.115435] VFP support v0.3: implementor 41 architecture 3 part 30 variant c rev 3
[    0.116110] clocksource: jiffies: mask: 0xffffffff max_cycles: 0xffffffff, max_idle_ns: 19112604462750000 ns
[    0.116167] posixtimers hash table entries: 512 (order: 0, 4096 bytes, linear)
[    0.116193] futex hash table entries: 256 (16384 bytes on 1 NUMA nodes, total 16 KiB, linear).
[    0.119383] NET: Registered PF_NETLINK/PF_ROUTE protocol family
[    0.122496] DMA: preallocated 256 KiB pool for atomic coherent allocations
[    0.123482] audit: initializing netlink subsys (disabled)
[    0.124860] thermal_sys: Registered thermal governor 'fair_share'
[    0.124875] thermal_sys: Registered thermal governor 'step_wise'
[    0.124882] thermal_sys: Registered thermal governor 'user_space'
[    0.124995] audit: type=2000 audit(0.120:1): state=initialized audit_enabled=0 res=1
[    0.125071] cpuidle: using governor menu
[    0.143159] /ocp/interconnect@44c00000/segment@200000/target-module@b000/i2c@0/tda19988@70: Fixed dependency cycle(s) with /ocp/interconnect@48000000/segment@300000/target-module@e000/lcdc@0
[    0.144245] /ocp/interconnect@48000000/segment@300000/target-module@e000/lcdc@0: Fixed dependency cycle(s) with /ocp/interconnect@44c00000/segment@200000/target-module@b000/i2c@0/tda19988@70
[    0.146422] No ATAGs?
[    0.146459] hw-breakpoint: debug architecture 0x4 unsupported.
[    0.149091] kprobes: kprobe jump-optimization is enabled. All kprobes are optimized if possible.
[    0.163956] iommu: Default domain type: Translated
[    0.163980] iommu: DMA domain TLB invalidation policy: strict mode
[    0.165561] reg-fixed-voltage fixedregulator0: using DT '/fixedregulator0' for '(default)' GPIO lookup
[    0.165616] of_get_named_gpiod_flags: can't parse 'gpios' property of node '/fixedregulator0[0]'
[    0.165644] of_get_named_gpiod_flags: can't parse 'gpio' property of node '/fixedregulator0[0]'
[    0.165662] reg-fixed-voltage fixedregulator0: using lookup tables for GPIO lookup
[    0.165672] reg-fixed-voltage fixedregulator0: No GPIO consumer (default) found
[    0.166777] SCSI subsystem initialized
[    0.167239] libata version 3.00 loaded.
[    0.167621] pps_core: LinuxPPS API ver. 1 registered
[    0.167632] pps_core: Software ver. 5.3.6 - Copyright 2005-2007 Rodolfo Giometti <giometti@linux.it>
[    0.167656] PTP clock support registered
[    0.180855] vgaarb: loaded
[    0.181265] clocksource: Switched to clocksource dmtimer
[    0.181875] VFS: Disk quotas dquot_6.6.0
[    0.181938] VFS: Dquot-cache hash table entries: 1024 (order 0, 4096 bytes)
[    0.205835] NET: Registered PF_INET protocol family
[    0.206172] IP idents hash table entries: 8192 (order: 4, 65536 bytes, linear)
[    0.207610] tcp_listen_portaddr_hash hash table entries: 512 (order: 0, 4096 bytes, linear)
[    0.207647] Table-perturb hash table entries: 65536 (order: 6, 262144 bytes, linear)
[    0.207665] TCP established hash table entries: 4096 (order: 2, 16384 bytes, linear)
[    0.207710] TCP bind hash table entries: 4096 (order: 4, 65536 bytes, linear)
[    0.207810] TCP: Hash tables configured (established 4096 bind 4096)
[    0.207933] UDP hash table entries: 256 (order: 2, 14336 bytes, linear)
[    0.207966] UDP-Lite hash table entries: 256 (order: 2, 14336 bytes, linear)
[    0.208171] NET: Registered PF_UNIX/PF_LOCAL protocol family
[    0.209471] RPC: Registered named UNIX socket transport module.
[    0.209489] RPC: Registered udp transport module.
[    0.209495] RPC: Registered tcp transport module.
[    0.209499] RPC: Registered tcp-with-tls transport module.
[    0.209504] RPC: Registered tcp NFSv4.1 backchannel transport module.
[    0.209530] PCI: CLS 0 bytes, default 64
[    0.210978] Initialise system trusted keyrings
[    0.221778] workingset: timestamp_bits=14 max_order=17 bucket_order=3
[    0.223280] NFS: Registering the id_resolver key type
[    0.223342] Key type id_resolver registered
[    0.223350] Key type id_legacy registered
[    0.223463] jffs2: version 2.2. (NAND) (SUMMARY)  Â© 2001-2006 Red Hat, Inc.
[    0.224012] Key type asymmetric registered
[    0.224029] Asymmetric key parser 'x509' registered
[    0.224101] io scheduler mq-deadline registered
[    0.224112] io scheduler kyber registered
[    0.224194] io scheduler bfq registered
[    0.226010] target-module@4b000000:target-module@140000:pmu@0:fck: device ID is greater than 24
[    0.227163] ledtrig-cpu: registered to indicate activity on CPUs
[    0.242000] Serial: 8250/16550 driver, 6 ports, IRQ sharing enabled
[    0.296806] brd: module loaded
[    0.305273] loop: module loaded
[    0.306199] mtdoops: mtd device (mtddev=name/number) must be supplied
[    0.314650] mdio_bus fixed-0: using lookup tables for GPIO lookup
[    0.314675] mdio_bus fixed-0: No GPIO consumer reset found
[    0.316112] i2c_dev: i2c /dev entries driver
[    0.317140] cpuidle: enable-method property 'ti,am3352' found operations
[    0.317607] sdhci: Secure Digital Host Controller Interface driver
[    0.317618] sdhci: Copyright(c) Pierre Ossman
[    0.317801] sdhci-pltfm: SDHCI platform and OF driver helper
[    0.319341] hw perfevents: enabled with armv7_cortex_a8 PMU driver, 5 (8000000f) counters available
[    0.319874] Initializing XFRM netlink socket
[    0.320045] NET: Registered PF_INET6 protocol family
[    0.335813] Segment Routing with IPv6
[    0.335898] In-situ OAM (IOAM) with IPv6
[    0.335998] sit: IPv6, IPv4 and MPLS over IPv4 tunneling driver
[    0.337025] NET: Registered PF_PACKET protocol family
[    0.337044] PFKEY is deprecated and scheduled to be removed in 2027, please contact the netdev mailing list
[    0.337059] NET: Registered PF_KEY protocol family
[    0.337199] Key type dns_resolver registered
[    0.337426] ThumbEE CPU extension supported.
[    0.337445] Registering SWP/SWPB emulation handler
[    0.337968] omap_voltage_late_init: Voltage driver support not added
[    0.338628] SmartReflex Class3 initialized
[    0.364989] Loading compiled-in X.509 certificates
[    0.404077] /ocp/interconnect@44c00000/segment@200000/target-module@b000/i2c@0/tda19988@70: Fixed dependency cycle(s) with /ocp/interconnect@48000000/segment@300000/target-module@e000/lcdc@0
[    0.410479] /ocp/interconnect@44c00000/segment@200000/target-module@b000/i2c@0/tda19988@70: Fixed dependency cycle(s) with /ocp/interconnect@48000000/segment@300000/target-module@e000/lcdc@0
[    0.416251] gpiochip_find_base_unlocked: found new base at 512
[    0.441120] /ocp/interconnect@44c00000/segment@200000/target-module@b000/i2c@0/tda19988@70: Fixed dependency cycle(s) with /ocp/interconnect@48000000/segment@300000/target-module@e000/lcdc@0
[    0.442236] /ocp/interconnect@44c00000/segment@200000/target-module@b000/i2c@0/tda19988@70: Fixed dependency cycle(s) with /ocp/interconnect@48000000/segment@300000/target-module@e000/lcdc@0
[    0.445762] /ocp/interconnect@44c00000/segment@200000/target-module@10000/scm@0/pinmux@800: Fixed dependency cycle(s) with /ocp/interconnect@44c00000/segment@200000/target-module@10000/scm@0/pinmux@800/clkout2-pins
[    0.446389] pinctrl-single 44e10800.pinmux: 142 pins, size 568
[    0.479855] /ocp/interconnect@48000000/segment@300000/target-module@e000/lcdc@0: Fixed dependency cycle(s) with /ocp/interconnect@44c00000/segment@200000/target-module@b000/i2c@0/tda19988@70
[    0.499937] gpiochip_find_base_unlocked: found new base at 512
[    0.500039] gpio gpiochip0: (gpio-0-31): created GPIO range 0->7 ==> 44e10800.pinmux PIN 0->7
[    0.500059] gpio gpiochip0: (gpio-0-31): created GPIO range 8->11 ==> 44e10800.pinmux PIN 90->93
[    0.500076] gpio gpiochip0: (gpio-0-31): created GPIO range 12->27 ==> 44e10800.pinmux PIN 12->27
[    0.500091] gpio gpiochip0: (gpio-0-31): created GPIO range 28->31 ==> 44e10800.pinmux PIN 30->33
[    0.534811] gpio gpiochip0: (gpio-0-31): added GPIO chardev (254:0)
[    0.535053] gpio gpiochip0: registered GPIOs 512 to 543 on gpio-0-31
[    0.535145] OMAP GPIO hardware version 0.1
[    0.578917] i2c i2c-2: using DT '/ocp/interconnect@48000000/segment@100000/target-module@9c000/i2c@0' for 'scl' GPIO lookup
[    0.578990] of_get_named_gpiod_flags: can't parse 'scl-gpios' property of node '/ocp/interconnect@48000000/segment@100000/target-module@9c000/i2c@0[0]'
[    0.579031] of_get_named_gpiod_flags: can't parse 'scl-gpio' property of node '/ocp/interconnect@48000000/segment@100000/target-module@9c000/i2c@0[0]'
[    0.579067] i2c i2c-2: using lookup tables for GPIO lookup
[    0.579078] i2c i2c-2: No GPIO consumer scl found
[    0.579099] i2c i2c-2: using DT '/ocp/interconnect@48000000/segment@100000/target-module@9c000/i2c@0' for 'sda' GPIO lookup
[    0.579134] of_get_named_gpiod_flags: can't parse 'sda-gpios' property of node '/ocp/interconnect@48000000/segment@100000/target-module@9c000/i2c@0[0]'
[    0.579171] of_get_named_gpiod_flags: can't parse 'sda-gpio' property of node '/ocp/interconnect@48000000/segment@100000/target-module@9c000/i2c@0[0]'
[    0.579202] i2c i2c-2: using lookup tables for GPIO lookup
[    0.579209] i2c i2c-2: No GPIO consumer sda found
[    0.579963] omap_i2c 4819c000.i2c: bus 2 rev0.11 at 100 kHz
[    0.585864] gpiochip_find_base_unlocked: found new base at 544
[    0.585972] gpio gpiochip1: (gpio-32-63): created GPIO range 0->17 ==> 44e10800.pinmux PIN 34->51
[    0.585993] gpio gpiochip1: (gpio-32-63): created GPIO range 18->21 ==> 44e10800.pinmux PIN 77->80
[    0.586009] gpio gpiochip1: (gpio-32-63): created GPIO range 22->31 ==> 44e10800.pinmux PIN 56->65
[    0.587120] gpio gpiochip1: (gpio-32-63): added GPIO chardev (254:1)
[    0.587339] gpio gpiochip1: registered GPIOs 544 to 575 on gpio-32-63
[    0.589593] gpiochip_find_base_unlocked: found new base at 576
[    0.589682] gpio gpiochip2: (gpio-64-95): created GPIO range 0->4 ==> 44e10800.pinmux PIN 66->70
[    0.589702] gpio gpiochip2: (gpio-64-95): created GPIO range 5->6 ==> 44e10800.pinmux PIN 98->99
[    0.589717] gpio gpiochip2: (gpio-64-95): created GPIO range 7->8 ==> 44e10800.pinmux PIN 75->76
[    0.589733] gpio gpiochip2: (gpio-64-95): created GPIO range 13->13 ==> 44e10800.pinmux PIN 141->141
[    0.589749] gpio gpiochip2: (gpio-64-95): created GPIO range 14->21 ==> 44e10800.pinmux PIN 100->107
[    0.600873] gpio gpiochip2: (gpio-64-95): added GPIO chardev (254:2)
[    0.601121] gpio gpiochip2: registered GPIOs 576 to 607 on gpio-64-95
[    0.606953] 48000000.interconnect:segment@200000:target-module@0:mpu@0:fck: device ID is greater than 24
[    0.607859] /ocp/interconnect@48000000/segment@300000/target-module@e000/lcdc@0: Fixed dependency cycle(s) with /ocp/interconnect@44c00000/segment@200000/target-module@b000/i2c@0/tda19988@70
[    0.610739] /ocp/interconnect@48000000/segment@300000/target-module@e000/lcdc@0: Fixed dependency cycle(s) with /ocp/interconnect@44c00000/segment@200000/target-module@b000/i2c@0/tda19988@70
[    0.611627] /ocp/interconnect@44c00000/segment@200000/target-module@b000/i2c@0/tda19988@70: Fixed dependency cycle(s) with /ocp/interconnect@48000000/segment@300000/target-module@e000/lcdc@0
[    0.611811] /ocp/interconnect@48000000/segment@300000/target-module@e000/lcdc@0: Fixed dependency cycle(s) with /ocp/interconnect@44c00000/segment@200000/target-module@b000/i2c@0/tda19988@70
[    0.619900] sdhci-omap 481d8000.mmc: using DT '/ocp/interconnect@48000000/segment@100000/target-module@d8000/mmc@0' for 'wp' GPIO lookup
[    0.619974] of_get_named_gpiod_flags: can't parse 'wp-gpios' property of node '/ocp/interconnect@48000000/segment@100000/target-module@d8000/mmc@0[0]'
[    0.620017] of_get_named_gpiod_flags: can't parse 'wp-gpio' property of node '/ocp/interconnect@48000000/segment@100000/target-module@d8000/mmc@0[0]'
[    0.620054] sdhci-omap 481d8000.mmc: using lookup tables for GPIO lookup
[    0.620064] sdhci-omap 481d8000.mmc: No GPIO consumer wp found
[    0.620263] sdhci-omap 481d8000.mmc: supply pbias not found, using dummy regulator
[    0.621144] sdhci-omap 481d8000.mmc: supply vqmmc not found, using dummy regulator
[    0.643130] mdio_bus 4a101000.mdio: using DT '/ocp/interconnect@4a000000/segment@0/target-module@100000/switch@0/mdio@1000' for 'reset' GPIO lookup
[    0.643204] of_get_named_gpiod_flags: can't parse 'reset-gpios' property of node '/ocp/interconnect@4a000000/segment@0/target-module@100000/switch@0/mdio@1000[0]'
[    0.643251] of_get_named_gpiod_flags: can't parse 'reset-gpio' property of node '/ocp/interconnect@4a000000/segment@0/target-module@100000/switch@0/mdio@1000[0]'
[    0.643299] mdio_bus 4a101000.mdio: using lookup tables for GPIO lookup
[    0.643309] mdio_bus 4a101000.mdio: No GPIO consumer reset found
[    0.693198] davinci_mdio 4a101000.mdio: davinci mdio revision 1.6, bus freq 1000000
[    0.711353] mdio_bus 4a101000.mdio:00: using DT '/ocp/interconnect@4a000000/segment@0/target-module@100000/switch@0/mdio@1000/ethernet-phy@0' for 'reset' GPIO lookup
[    0.711455] of_get_named_gpiod_flags: parsed 'reset-gpios' property of node '/ocp/interconnect@4a000000/segment@0/target-module@100000/switch@0/mdio@1000/ethernet-phy@0[0]' - status (0)
[    0.711610] gpio gpiochip0: Persistence not supported for GPIO 8
[    0.832666] davinci_mdio 4a101000.mdio: phy[0]: device 4a101000.mdio:00, driver SMSC LAN8710/LAN8720
[    0.833430] cpsw-switch 4a100000.switch: initialized cpsw ale version 1.4
[    0.833454] cpsw-switch 4a100000.switch: ALE Table size 1024, Policers 0
[    0.833626] cpsw-switch 4a100000.switch: cpts: overflow check period 500 (jiffies)
[    0.833643] cpsw-switch 4a100000.switch: CPTS: ref_clk_freq:250000000 calc_mult:2147483648 calc_shift:29 error:0 nsec/sec
[    0.833740] cpsw-switch 4a100000.switch: Detected MACID = 6c:ec:eb:68:de:78
[    0.835637] cpsw-switch 4a100000.switch: initialized (regs 0x4a100000, pool size 256) hw_ver:0019010C 1.12 (0)
[    0.847113] debugfs: '49000000.dma' already exists in 'dmaengine'
[    0.847158] edma 49000000.dma: TI EDMA DMA engine driver
[    0.887273] ti-sysc 44e31000.target-module: Failed to create device link (0x180) with supplier ocp for /ocp/interconnect@44c00000/segment@200000/target-module@31000/timer@0
[    0.887333] ti-sysc 48040000.target-module: Failed to create device link (0x180) with supplier ocp for /ocp/interconnect@48000000/segment@0/target-module@40000/timer@0
[    0.888267] gpio-clk clk_mcasp0: using DT '/clk_mcasp0' for 'enable' GPIO lookup
[    0.888332] of_get_named_gpiod_flags: parsed 'enable-gpios' property of node '/clk_mcasp0[0]' - status (0)
[    0.888375] gpio gpiochip0: Persistence not supported for GPIO 27
[    0.889134] gpiochip_find_base_unlocked: found new base at 608
[    0.889248] gpio gpiochip3: (gpio-96-127): created GPIO range 0->7 ==> 44e10800.pinmux PIN 82->89
[    0.889269] gpio gpiochip3: (gpio-96-127): created GPIO range 8->11 ==> 44e10800.pinmux PIN 52->55
[    0.889285] gpio gpiochip3: (gpio-96-127): created GPIO range 12->15 ==> 44e10800.pinmux PIN 94->97
[    0.889300] gpio gpiochip3: (gpio-96-127): created GPIO range 16->17 ==> 44e10800.pinmux PIN 71->72
[    0.889316] gpio gpiochip3: (gpio-96-127): created GPIO range 18->18 ==> 44e10800.pinmux PIN 135->135
[    0.889332] gpio gpiochip3: (gpio-96-127): created GPIO range 19->20 ==> 44e10800.pinmux PIN 108->109
[    0.889348] gpio gpiochip3: (gpio-96-127): created GPIO range 21->21 ==> 44e10800.pinmux PIN 73->73
[    0.889365] gpio gpiochip3: (gpio-96-127): created GPIO range 22->23 ==> 44e10800.pinmux PIN 8->9
[    0.889382] gpio gpiochip3: (gpio-96-127): created GPIO range 26->27 ==> 44e10800.pinmux PIN 10->11
[    0.889400] gpio gpiochip3: (gpio-96-127): created GPIO range 28->28 ==> 44e10800.pinmux PIN 74->74
[    0.889417] gpio gpiochip3: (gpio-96-127): created GPIO range 29->29 ==> 44e10800.pinmux PIN 81->81
[    0.889436] gpio gpiochip3: (gpio-96-127): created GPIO range 30->31 ==> 44e10800.pinmux PIN 28->29
[    0.904219] gpio gpiochip3: (gpio-96-127): added GPIO chardev (254:3)
[    0.904472] gpio gpiochip3: registered GPIOs 608 to 639 on gpio-96-127
[    0.917431] omap8250 44e09000.serial: using DT '/ocp/interconnect@44c00000/segment@200000/target-module@9000/serial@0' for 'rs485-term' GPIO lookup
[    0.917507] of_get_named_gpiod_flags: can't parse 'rs485-term-gpios' property of node '/ocp/interconnect@44c00000/segment@200000/target-module@9000/serial@0[0]'
[    0.917551] of_get_named_gpiod_flags: can't parse 'rs485-term-gpio' property of node '/ocp/interconnect@44c00000/segment@200000/target-module@9000/serial@0[0]'
[    0.917587] omap8250 44e09000.serial: using lookup tables for GPIO lookup
[    0.917597] omap8250 44e09000.serial: No GPIO consumer rs485-term found
[    0.917608] omap8250 44e09000.serial: using DT '/ocp/interconnect@44c00000/segment@200000/target-module@9000/serial@0' for 'rs485-rx-during-tx' GPIO lookup
