Labgrid Console Logfile for main
Logfile started at 2024-11-13 09:50:36.989216
=== Log starts here ===

U-Boot SPL 2014.04-00014-g47880f5 (Apr 22 2014 - 13:23:54)
reading args
spl_load_image_fat_os: error reading image args, err - -1
reading u-boot.img
reading u-boot.img


U-Boot 2014.04-00014-g47880f5 (Apr 22 2014 - 13:23:54)

I2C:   ready
DRAM:  512 MiB
NAND:  0 MiB
MMC:   OMAP SD/MMC: 0, OMAP SD/MMC: 1
*** Warning - readenv() failed, using default environment

Net:   <ethaddr> not set. Validating first E-fuse MAC
cpsw, usb_ether
Hit any key to stop autoboot:  1  0 
gpio: pin 53 (gpio 53) value is 1
mmc0 is current device
gpio: pin 54 (gpio 54) value is 1
SD/MMC found on device 0
reading uEnv.txt
569 bytes read in 4 ms (138.7 KiB/s)
gpio: pin 55 (gpio 55) value is 1
Loaded environment from uEnv.txt
Importing environment from mmc ...
Checking if uenvcmd is set ...
gpio: pin 56 (gpio 56) value is 1
Running uenvcmd ...
cpsw Waiting for PHY auto negotiation to complete. done
link up on port 0, speed 100, full duplex
Using cpsw device
TFTP from server 192.168.255.126; our IP address is 192.168.255.1
Filename 'zImage'.
Load address: 0x81000000
Loading: *#################################################################
	 #################################################################
	 #################################################################
	 #################################################################
	 #################################################################
	 #####################################################
	 2.4 MiB/s
done
Bytes transferred = 5536512 (547b00 hex)
link up on port 0, speed 100, full duplex
Using cpsw device
TFTP from server 192.168.255.126; our IP address is 192.168.255.1
Filename 'am335x-boneblack.dtb'.
Load address: 0x82000000
Loading: *#######
	 1.2 MiB/s
done
Bytes transferred = 98244 (17fc4 hex)
Kernel image @ 0x81000000 [ 0x000000 - 0x547b00 ]
## Flattened Device Tree blob at 82000000
   Booting using the fdt blob at 0x82000000
   Using Device Tree in place at 82000000, end 8201afc3

Starting kernel ...

[    0.000000] Booting Linux on physical CPU 0x0
[    0.000000] Linux version 6.12.0-rc7-next-20241113 (user01@drvtest01) (arm-linux-gnueabihf-gcc (Linaro GCC 6.4-2017.11) 6.4.1 20171012, GNU ld (Linaro_Binutils-2017.11) 2.27.0.20161229) #136 SMP Wed Nov 13 09:49:46 EET 2024
[    0.000000] CPU: ARMv7 Processor [413fc082] revision 2 (ARMv7), cr=10c5387d
[    0.000000] CPU: PIPT / VIPT nonaliasing data cache, VIPT aliasing instruction cache
[    0.000000] OF: fdt: Machine model: TI AM335x BeagleBone Black
[    0.000000] Memory policy: Data cache writeback
[    0.000000] cma: Reserved 16 MiB at 0x9e800000 on node -1
[    0.000000] Zone ranges:
[    0.000000]   Normal   [mem 0x0000000080000000-0x000000009fdfffff]
[    0.000000]   HighMem  empty
[    0.000000] Movable zone start for each node
[    0.000000] Early memory node ranges
[    0.000000]   node   0: [mem 0x0000000080000000-0x000000009fdfffff]
[    0.000000] Initmem setup node 0 [mem 0x0000000080000000-0x000000009fdfffff]
[    0.000000] OF: reserved mem: Reserved memory: No reserved-memory node in the DT
[    0.000000] CPU: All CPU(s) started in SVC mode.
[    0.000000] AM335X ES2.1 (sgx neon)
[    0.000000] percpu: Embedded 17 pages/cpu s39564 r8192 d21876 u69632
[    0.000000] Kernel command line: console=ttyO0,115200n8 root=/dev/nfs rw nfsroot=192.168.255.126:/home/user01/nfs,nfsvers=3 ip=192.168.255.1:192.168.255.126::255.255.255.0:bbb1:eth0 nfsrootdebug
[    0.000000] Unknown kernel command line parameters "nfsrootdebug", will be passed to user space.
[    0.000000] printk: log buffer data + meta data: 65536 + 204800 = 270336 bytes
[    0.000000] Dentry cache hash table entries: 65536 (order: 6, 262144 bytes, linear)
[    0.000000] Inode-cache hash table entries: 32768 (order: 5, 131072 bytes, linear)
[    0.000000] Built 1 zonelists, mobility grouping on.  Total pages: 130560
[    0.000000] mem auto-init: stack:off, heap alloc:off, heap free:off
[    0.000000] SLUB: HWalign=64, Order=0-3, MinObjects=0, CPUs=1, Nodes=1
[    0.000000] trace event string verifier disabled
[    0.000000] rcu: Hierarchical RCU implementation.
[    0.000000] rcu: 	RCU event tracing is enabled.
[    0.000000] rcu: 	RCU restricting CPUs from NR_CPUS=2 to nr_cpu_ids=1.
[    0.000000] 	Tracing variant of Tasks RCU enabled.
[    0.000000] rcu: RCU calculated value of scheduler-enlistment delay is 10 jiffies.
[    0.000000] rcu: Adjusting geometry for rcu_fanout_leaf=16, nr_cpu_ids=1
[    0.000000] RCU Tasks Trace: Setting shift to 0 and lim to 1 rcu_task_cb_adjust=1 rcu_task_cpu_ids=1.
[    0.000000] NR_IRQS: 16, nr_irqs: 16, preallocated irqs: 16
[    0.000000] IRQ: Found an INTC at 0x(ptrval) (revision 5.0) with 128 interrupts
[    0.000000] rcu: srcu_init: Setting srcu_struct sizes based on contention.
[    0.000000] TI gptimer clocksource: always-on /ocp/interconnect@44c00000/segment@200000/target-module@31000
[    0.000002] sched_clock: 32 bits at 24MHz, resolution 41ns, wraps every 89478484971ns
[    0.000027] clocksource: dmtimer: mask: 0xffffffff max_cycles: 0xffffffff, max_idle_ns: 79635851949 ns
[    0.000510] TI gptimer clockevent: 24000000 Hz at /ocp/interconnect@48000000/segment@0/target-module@40000
[    0.002165] Console: colour dummy device 80x30
[    0.002232] WARNING: Your 'console=ttyO0' has been replaced by 'ttyS0'
[    0.002240] This ensures that you still see kernel messages. Please
[    0.002245] update your kernel commandline.
[    0.002287] Calibrating delay loop... 996.14 BogoMIPS (lpj=4980736)
[    0.090559] CPU: Testing write buffer coherency: ok
[    0.090680] CPU0: Spectre v2: using BPIALL workaround
[    0.090691] pid_max: default: 32768 minimum: 301
[    0.090818] LSM: initializing lsm=capability
[    0.090990] Mount-cache hash table entries: 1024 (order: 0, 4096 bytes, linear)
[    0.091011] Mountpoint-cache hash table entries: 1024 (order: 0, 4096 bytes, linear)
[    0.092684] CPU0: thread -1, cpu 0, socket -1, mpidr 0
[    0.160926] Setting up static identity map for 0x80100000 - 0x80100078
[    0.170714] rcu: Hierarchical SRCU implementation.
[    0.170727] rcu: 	Max phase no-delay instances is 1000.
[    0.190782] smp: Bringing up secondary CPUs ...
[    0.190842] smp: Brought up 1 node, 1 CPU
[    0.190858] SMP: Total of 1 processors activated (996.14 BogoMIPS).
[    0.190870] CPU: All CPU(s) started in SVC mode.
[    0.191062] Memory: 480840K/522240K available (11264K kernel code, 1214K rwdata, 2896K rodata, 1024K init, 297K bss, 23388K reserved, 16384K cma-reserved, 0K highmem)
[    0.191944] devtmpfs: initialized
[    0.208880] VFP support v0.3: implementor 41 architecture 3 part 30 variant c rev 3
[    0.209225] clocksource: jiffies: mask: 0xffffffff max_cycles: 0xffffffff, max_idle_ns: 19112604462750000 ns
[    0.209261] futex hash table entries: 256 (order: 2, 16384 bytes, linear)
[    0.210524] pinctrl core: initialized pinctrl subsystem
[    0.213532] NET: Registered PF_NETLINK/PF_ROUTE protocol family
[    0.216371] DMA: preallocated 256 KiB pool for atomic coherent allocations
[    0.217287] audit: initializing netlink subsys (disabled)
[    0.218724] thermal_sys: Registered thermal governor 'fair_share'
[    0.218743] thermal_sys: Registered thermal governor 'step_wise'
[    0.218753] thermal_sys: Registered thermal governor 'user_space'
[    0.218910] audit: type=2000 audit(0.210:1): state=initialized audit_enabled=0 res=1
[    0.218951] cpuidle: using governor menu
[    0.237550] /ocp/interconnect@44c00000/segment@200000/target-module@b000/i2c@0/tda19988@70: Fixed dependency cycle(s) with /ocp/interconnect@48000000/segment@300000/target-module@e000/lcdc@0
[    0.238722] /ocp/interconnect@48000000/segment@300000/target-module@e000/lcdc@0: Fixed dependency cycle(s) with /ocp/interconnect@44c00000/segment@200000/target-module@b000/i2c@0/tda19988@70
[    0.241094] No ATAGs?
[    0.241118] hw-breakpoint: debug architecture 0x4 unsupported.
[    0.243912] kprobes: kprobe jump-optimization is enabled. All kprobes are optimized if possible.
[    0.253944] iommu: Default domain type: Translated
[    0.253968] iommu: DMA domain TLB invalidation policy: strict mode
[    0.261531] SCSI subsystem initialized
[    0.262394] pps_core: LinuxPPS API ver. 1 registered
[    0.262406] pps_core: Software ver. 5.3.6 - Copyright 2005-2007 Rodolfo Giometti <giometti@linux.it>
[    0.262432] PTP clock support registered
[    0.270814] vgaarb: loaded
[    0.271225] clocksource: Switched to clocksource dmtimer
[    0.271900] VFS: Disk quotas dquot_6.6.0
[    0.271945] VFS: Dquot-cache hash table entries: 1024 (order 0, 4096 bytes)
[    0.296144] NET: Registered PF_INET protocol family
[    0.296505] IP idents hash table entries: 8192 (order: 4, 65536 bytes, linear)
[    0.297924] tcp_listen_portaddr_hash hash table entries: 512 (order: 0, 4096 bytes, linear)
[    0.297964] Table-perturb hash table entries: 65536 (order: 6, 262144 bytes, linear)
[    0.297982] TCP established hash table entries: 4096 (order: 2, 16384 bytes, linear)
[    0.298026] TCP bind hash table entries: 4096 (order: 4, 65536 bytes, linear)
[    0.298126] TCP: Hash tables configured (established 4096 bind 4096)
[    0.298245] UDP hash table entries: 256 (order: 1, 8192 bytes, linear)
[    0.298273] UDP-Lite hash table entries: 256 (order: 1, 8192 bytes, linear)
[    0.298452] NET: Registered PF_UNIX/PF_LOCAL protocol family
[    0.299733] RPC: Registered named UNIX socket transport module.
[    0.299756] RPC: Registered udp transport module.
[    0.299762] RPC: Registered tcp transport module.
[    0.299767] RPC: Registered tcp-with-tls transport module.
[    0.299772] RPC: Registered tcp NFSv4.1 backchannel transport module.
[    0.299799] PCI: CLS 0 bytes, default 64
[    0.301434] Initialise system trusted keyrings
[    0.311904] workingset: timestamp_bits=14 max_order=17 bucket_order=3
[    0.313248] NFS: Registering the id_resolver key type
[    0.313324] Key type id_resolver registered
[    0.313332] Key type id_legacy registered
[    0.313386] jffs2: version 2.2. (NAND) (SUMMARY)  Â© 2001-2006 Red Hat, Inc.
[    0.313802] Key type asymmetric registered
[    0.313820] Asymmetric key parser 'x509' registered
[    0.313886] io scheduler mq-deadline registered
[    0.313897] io scheduler kyber registered
[    0.313965] io scheduler bfq registered
[    0.315605] ledtrig-cpu: registered to indicate activity on CPUs
[    0.322514] Serial: 8250/16550 driver, 6 ports, IRQ sharing enabled
[    0.361977] brd: module loaded
[    0.379288] loop: module loaded
[    0.380220] mtdoops: mtd device (mtddev=name/number) must be supplied
[    0.402146] i2c_dev: i2c /dev entries driver
[    0.403143] cpuidle: enable-method property 'ti,am3352' found operations
[    0.403594] sdhci: Secure Digital Host Controller Interface driver
[    0.403605] sdhci: Copyright(c) Pierre Ossman
[    0.403775] sdhci-pltfm: SDHCI platform and OF driver helper
[    0.404788] Initializing XFRM netlink socket
[    0.404939] NET: Registered PF_INET6 protocol family
[    0.406994] Segment Routing with IPv6
[    0.407089] In-situ OAM (IOAM) with IPv6
[    0.407189] sit: IPv6, IPv4 and MPLS over IPv4 tunneling driver
[    0.408146] NET: Registered PF_PACKET protocol family
[    0.408187] NET: Registered PF_KEY protocol family
[    0.408316] Key type dns_resolver registered
[    0.408593] ThumbEE CPU extension supported.
[    0.408617] Registering SWP/SWPB emulation handler
[    0.409161] omap_voltage_late_init: Voltage driver support not added
[    0.409508] SmartReflex Class3 initialized
[    0.443474] Loading compiled-in X.509 certificates
[    0.492084] /ocp/interconnect@44c00000/segment@200000/target-module@b000/i2c@0/tda19988@70: Fixed dependency cycle(s) with /ocp/interconnect@48000000/segment@300000/target-module@e000/lcdc@0
[    0.498552] /ocp/interconnect@44c00000/segment@200000/target-module@b000/i2c@0/tda19988@70: Fixed dependency cycle(s) with /ocp/interconnect@48000000/segment@300000/target-module@e000/lcdc@0
[    0.520334] /ocp/interconnect@44c00000/segment@200000/target-module@b000/i2c@0/tda19988@70: Fixed dependency cycle(s) with /ocp/interconnect@48000000/segment@300000/target-module@e000/lcdc@0
[    0.521452] /ocp/interconnect@44c00000/segment@200000/target-module@b000/i2c@0/tda19988@70: Fixed dependency cycle(s) with /ocp/interconnect@48000000/segment@300000/target-module@e000/lcdc@0
[    0.525072] /ocp/interconnect@44c00000/segment@200000/target-module@10000/scm@0/pinmux@800: Fixed dependency cycle(s) with /ocp/interconnect@44c00000/segment@200000/target-module@10000/scm@0/pinmux@800/clkout2-pins
[    0.525656] pinctrl-single 44e10800.pinmux: 142 pins, size 568
[    0.530924] ti-sysc 44e31000.target-module: probe with driver ti-sysc failed with error -16
[    0.570946] /ocp/interconnect@48000000/segment@300000/target-module@e000/lcdc@0: Fixed dependency cycle(s) with /ocp/interconnect@44c00000/segment@200000/target-module@b000/i2c@0/tda19988@70
[    0.579058] ti-sysc 48040000.target-module: probe with driver ti-sysc failed with error -16
[    0.617898] OMAP GPIO hardware version 0.1
[    0.645745] omap_i2c 4819c000.i2c: bus 2 rev0.11 at 100 kHz
[    0.671776] 48000000.interconnect:segment@200000:target-module@0:mpu@0:fck: device ID is greater than 24
[    0.672701] /ocp/interconnect@48000000/segment@300000/target-module@e000/lcdc@0: Fixed dependency cycle(s) with /ocp/interconnect@44c00000/segment@200000/target-module@b000/i2c@0/tda19988@70
[    0.675484] /ocp/interconnect@48000000/segment@300000/target-module@e000/lcdc@0: Fixed dependency cycle(s) with /ocp/interconnect@44c00000/segment@200000/target-module@b000/i2c@0/tda19988@70
[    0.676180] /ocp/interconnect@44c00000/segment@200000/target-module@b000/i2c@0/tda19988@70: Fixed dependency cycle(s) with /ocp/interconnect@48000000/segment@300000/target-module@e000/lcdc@0
[    0.676341] /ocp/interconnect@48000000/segment@300000/target-module@e000/lcdc@0: Fixed dependency cycle(s) with /ocp/interconnect@44c00000/segment@200000/target-module@b000/i2c@0/tda19988@70
[    0.687768] sdhci-omap 481d8000.mmc: supply pbias not found, using dummy regulator
[    0.688267] sdhci-omap 481d8000.mmc: supply vqmmc not found, using dummy regulator
[    0.749344] davinci_m dio 4a101000.mdio: davinci mdio revision 1.6, bus freq 1000000
[    0.897063] davinci_mdio 4a101000.mdio: phy[0]: device 4a101000.mdio:00, driver SMSC LAN8710/LAN8720
[    0.897848] cpsw-switch 4a100000.switch: initialized cpsw ale version 1.4
[    0.89h: Detected MACID = 6c:ec:eb:68:de:78
[    0.900150] cpsw-switch 4a100000.switch: initialized (regs 0x4a100000, pool size 256) hw_ver:0019010C 1.12 (0)
[    0.911181] debugfs: Directory '49000000.dma' with parent 'dmaengine' already present!
[    0.911395] edma 49000000.dma: TI EDMA DMA engine driver
[    0.954105] target-module@4b000000:target-module@140000:pmu@0:fck: device ID is greater than 24
[    0.965640] hw perfevents: enabled with armv7_cortex_a8 PMU driver, 5 (8000000f) counters available
[    0.973321] l3-aon-clkctrl:0000:0: failed to disable
[    0.988251] 44e09000.serial: ttyS0 at MMIO 0x44e09000 (irq = 34, base_baud = 3000000) is a 8250
[    0.988341] printk: legacy console [ttyS0] enabled
[    2.502240] tps65217-pmic: Failed to locate of_node [id: -1]
[    2.508299] tps65217-bl: Failed to locate of_node [id: -1]
[    2.519645] tps65217 0-0024: TPS65217 ID 0xe version 1.2
[    2.525794] /ocp/interconnect@48000000/segment@300000/target-module@e000/lcdc@0: Fixed dependency cycle(s) with /ocp/interconnect@44c00000/segment@200000/target-module@b000/i2c@0/tda19988@70
[    2.543166] /ocp/interconnect@44c00000/segment@200000/target-module@b000/i2c@0/tda19988@70: Fixed dependency cycle(s) with /ocp/interconnect@48000000/segment@300000/target-module@e000/lcdc@0
[    2.560518] omap_i2c 44e0b000.i2c: bus 0 rev0.11 at 400 kHz
[    2.568572] omap_gpio 44e07000.gpio: Could not set line 6 debounce to 200000 microseconds (-22)
[    2.577453] sdhci-omap 48060000.mmc: Got CD GPIO
[    2.582504] sdhci-omap 48060000.mmc: supply pbias not found, using dummy regulator
[    2.592571] sdhci-omap 48060000.mmc: supply vqmmc not found, using dummy regulator
[    2.601609] sdhci-omap 481d8000.mmc: supply pbias not found, using dummy regulator
[    2.609600] sdhci-omap 481d8000.mmc: supply vqmmc not found, using dummy regulator
[    2.644717] mmc0: SDHCI controller on 48060000.mmc [48060000.mmc] using External DMA
[    2.653045] mmc1: SDHCI controller on 481d8000.mmc [481d8000.mmc] using External DMA
[    2.661926] cpsw-switch 4a100000.switch: starting ndev. mode: dual_mac
[    2.713259] mmc0: new high speed SDHC card at address 5048
[    2.720287] mmcblk0: mmc0:5048 SD16G 14.4 GiB
[    2.728463]  mmcblk0: p1 p2
[    2.731978] mmcblk0: p2 size 31221760 extends beyond EOD, truncated
[    2.742471] SMSC LAN8710/LAN8720 4a101000.mdio:00: attached PHY driver (mii_bus:phy_addr=4a101000.mdio:00, irq=POLL)
[    2.762314] mmc1: new high speed MMC card at address 0001
[    2.769124] mmcblk1: mmc1:0001 MMC04G 3.60 GiB
[    2.776693]  mmcblk1: p1 p2
[    2.780998] mmcblk1boot0: mmc1:0001 MMC04G 2.00 MiB
[    2.788121] mmcblk1boot1: mmc1:0001 MMC04G 2.00 MiB
[    2.795453] mmcblk1rpmb: mmc1:0001 MMC04G 128 KiB, chardev (250:0)
[    5.922001] cpsw-switch 4a100000.switch eth0: Link is Up - 100Mbps/Full - flow control off
[    5.951245] IP-Config: Complete:
[    5.954520]      device=eth0, hwaddr=6c:ec:eb:68:de:78, ipaddr=192.168.255.1, mask=255.255.255.0, gw=255.255.255.255
[    5.965166]      host=bbb1, domain=, nis-domain=(none)
[    5.970334]      bootserver=192.168.255.126, rootserver=192.168.255.126, rootpath=
[    5.970754] clk: Disabling unused clocks
[    5.982621] PM: genpd: Disabling unused power domains
[    5.987740] KTAP version 1
[    5.990462] 1..0
[    6.023821] VFS: Mounted root (nfs filesystem) on device 0:17.
[    6.030665] devtmpfs: mounted
[    6.035610] Freeing unused kernel image (initmem) memory: 1024K
[    6.042409] Run /sbin/init as init process
[    6.767155] systemd[1]: System time before build time, advancing clock.
[    8.221248] random: crng init done
[    8.262165] systemd[1]: systemd 232 running in system mode. (+PAM +AUDIT +SELINUX +IMA +APPARMOR +SMACK +SYSVINIT +UTMP +LIBCRYPTSETUP +GCRYPT +GNUTLS +ACL +XZ +LZ4 +SECCOMP +BLKID +ELFUTILS +KMOD +IDN)
[    8.281274] systemd[1]: Detected architecture arm.

Welcome to [1mDebian GNU/Linux 9 (stretch)[0m!

[    8.314711] systemd[1]: Set hostname to <arm>.
[    9.446266] systemd[1]: Created slice System Slice.
[[0;32m  OK  [0m] Created slice System Slice.
[    9.473409] systemd[1]: Listening on Journal Socket.
[[0;32m  OK  [0m] Listening on Journal Socket.
[    9.501673] systemd[1]: Reached target Swap.
[[0;32m  OK  [0m] Reached target Swap.
[    9.551844] systemd[1]: Mounting POSIX Message Queue File System...
         Mounting POSIX Message Queue File System...
[    9.564744] systemd[1]: Listening on Journal Socket (/dev/log).
[[0;32m  OK  [0m] Listening on Journal Socket (/dev/log).
[    9.594110] systemd[1]: Listening on /dev/initctl Compatibility Named Pipe.
[[0;32m  OK  [0m] Listening on /dev/initctl Compatibility Named Pipe.
[    9.622673] systemd[1]: Listening on Syslog Socket.
[[0;32m  OK  [0m] Listening on Syslog Socket.
[[0;32m  OK  [0m] Listening on Journal Audit Socket.
[[0;32m  OK  [0m] Created slice User and Session Slice.
[[0;32m  OK  [0m] Reached target Slices.
[[0;32m  OK  [0m] Created slice system-serial\x2dgetty.slice.
         Starting Remount Root and Kernel File Systems...
         Starting Load Kernel Modules...
         Mounting Debug File System...
[[0;32m  OK  [0m] Reached target Remote File Systems.
[[0;32m  OK  [0m] Listening on udev Kernel Socket.
[[0;32m  OK  [0m] Started Forward Password Requests to Wall Directory Watch.
[[0;32m  OK  [0m] Created slice system-getty.slice.
         Starting Create list of required stâ€¦ce nodes for the current kernel...
[[0;32m  OK  [0m] Listening on udev Control Socket.
[[0;32m  OK  [0m] Set up automount Arbitrary Executabâ€¦rmats File System Automount Point.
[[0;32m  OK  [0m] Started Dispatch Password Requests to Console Directory Watch.
[[0;32m  OK  [0m] Reached target Paths.
[[0;32m  OK  [0m] Reached target Encrypted Volumes.
         Starting Journal Service...
[[0;32m  OK  [0m] Mounted POSIX Message Queue File System.
[[0;32m  OK  [0m] Mounted Debug File System.
[[0;32m  OK  [0m] Started Remount Root and Kernel File Systems.
[[0;32m  OK  [0m] Started Load Kernel Modules.
[[0;32m  OK  [0m] Started Create list of required staâ€¦vice nodes for the current kernel.
         Starting Create Static Device Nodes in /dev...
         Starting Apply Kernel Variables...
         Mounting Configuration File System...
         Starting udev Coldplug all Devices...
         Starting Load/Save Random Seed...
[[0;32m  OK  [0m] Mounted Configuration File System.
[[0;32m  OK  [0m] Started Apply Kernel Variables.
[[0;32m  OK  [0m] Started Load/Save Random Seed.
[[0;32m  OK  [0m] Started Journal Service.
         Starting Flush Journal to Persistent Storage...
[[0;32m  OK  [0m] Started Create Static Device Nodes in /dev.
         Starting udev Kernel Device Manager...
[[0;32m  OK  [0m] Reached target Local File Systems (Pre).
[[0;32m  OK  [0m] Reached target Local File Systems.
         Starting Raise network interfaces...
[   11.492360] systemd-journald[86]: Received request to flush runtime journal from PID 1
[[0;32m  OK  [0m] Started Flush Journal to Persistent Storage.
         Starting Create Volatile Files and Directories...
[[0;32m  OK  [0m] Started udev Kernel Device Manager.
[[0;32m  OK  [0m] Started Create Volatile Files and Directories.
         Starting Network Time Synchronization...
         Starting Update UTMP about System Boot/Shutdown...
[[0;32m  OK  [0m] Started Update UTMP about System Boot/Shutdown.
[[0;32m  OK  [0m] Started Network Time Synchronization.
[[0;32m  OK  [0m] Reached target System Time Synchronized.
[[0;32m  OK  [0m] Started udev Coldplug all Devices.
[[0;32m  OK  [0m] Reached target System Initialization.
[[0;32m  OK  [0m] Listening on Avahi mDNS/DNS-SD Stack Activation Socket.
[[0;32m  OK  [0m] Listening on D-Bus System Message Bus Socket.
[[0;32m  OK  [0m] Reached target Sockets.
[[0;32m  OK  [0m] Reached target Basic System.
         Starting Cape Manager Service...
[   14.983132] remoteproc remoteproc0: wkup_m3 is available
         Starting Generic Board Startup...
[   15.218039] omap_rtc 44e3e000.rtc: registered as rtc0
[   15.223451] omap_rtc 44e3e000.rtc: setting system clock to 2000-01-01T00:00:00 UTC (946684800)
[[0;32m  OK  [0m] Started Regular background program processing daemon.
         Starting LSB: Load kernel modules needed to enable cpufreq scaling...
         Starting LSB: Start busybox udhcpd at boot time...
[   15.568897] at24 2-0054: supply vcc not found, using dummy regulator
[   15.657829] at24 2-0055: supply vcc not found, using dummy regulator
         Starting Telephony service...
         Starting DUN service...
[   15.845481] at24 2-0056: supply vcc not found, using dummy regulator
[   15.929476] am335x-phy-driver 47401300.usb-phy: dummy supplies not allowed for exclusive requests (id=vbus)
[   15.943197] tps6521x_pwrbutton tps65217-pwrbutton: DMA mask not set
[   15.968605] usbcore: registered new interface driver usbfs
[   15.974533] usbcore: registered new interface driver hub
[   15.979981] usbcore: registered new device driver usb
         Starting Avahi mDNS/DNS-SD Stack...
[   16.013176] at24 2-0057: supply vcc not found, using dummy regulator
[[0;32m  OK  [0m] Started D-Bus System Message Bus.[   16.076719] input: tps65217_pwrbutton as /devices/platform/ocp/44c00000.interconnect/44c00000.interconnect:segment@200000/44e0b000.target-module/44e0b000.i2c/i2c-0/0-0024/tps65217-pwrbutton/input/input0

[   16.175034] am335x-phy-driver 47401b00.usb-phy: dummy supplies not allowed for exclusive requests (id=vbus)
[   16.218265] at24 0-0050: 32768 byte 24c256 EEPROM, writable, 1 bytes/write
[   16.726315] wkup_m3_ipc 44e11324.wkup_m3_ipc: IPC Request for A8->M3 Channel failed! -517
[   17.183876] wkup_m3_ipc 44e11324.wkup_m3_ipc: IPC Request for A8->M3 Channel failed! -517
[   17.199681] omap_wdt: OMAP Watchdog Timer Rev 0x01: initial timeout 60 sec
[   17.324311] musb-hdrc musb-hdrc.1: MUSB HDRC host driver
[   17.329964] musb-hdrc musb-hdrc.1: new USB bus registered, assigned bus number 1
[   17.353478] wkup_m3_ipc 44e11324.wkup_m3_ipc: IPC Request for A8->M3 Channel failed! -517
[   17.631556] usb usb1: New USB device found, idVendor=1d6b, idProduct=0002, bcdDevice= 6.12
[   17.639921] usb usb1: New USB device strings: Mfr=3, Product=2, SerialNumber=1
[   17.647255] usb usb1: Product: MUSB HDRC host driver
[   17.652297] usb usb1: Manufacturer: Linux 6.12.0-rc7-next-20241113 musb-hcd
[   17.659298] usb usb1: SerialNumber: musb-hdrc.1
[   18.040824] hub 1-0:1.0: USB hub found
[   18.072922] hub 1-0:1.0: 1 port detected
[   18.141633] wkup_m3_ipc 44e11324.wkup_m3_ipc: IPC Request for A8->M3 Channel failed! -517
[   18.162205] wkup_m3_ipc 44e11324.wkup_m3_ipc: IPC Request for A8->M3 Channel failed! -517
[   18.307769] omap-mailbox 480c8000.mailbox: omap mailbox rev 0x400
[   18.357870] tda998x 0-0070: found TDA19988
[   18.383188] remoteproc remoteproc0: powering up wkup_m3
[   18.644377] remoteproc remoteproc0: Direct firmware load for am335x-pm-firmware.elf failed with error -2
[   18.654167] remoteproc remoteproc0: request_firmware failed: -2
[   18.660198] wkup_m3_ipc 44e11324.wkup_m3_ipc: rproc_boot failed
[   20.529881] tilcdc 4830e000.lcdc: bound 0-0070 (ops tda998x_driver_exit [tda998x])
[   20.648041] omap_rng 48310000.rng: Random Number Generator ver. 20
[   20.657652] [drm] Initialized tilcdc 1.0.0 for 4830e000.lcdc on minor 0
[   20.721609] tilcdc 4830e000.lcdc: [drm] Cannot find any crtc or sizes
[   20.771574] tilcdc 4830e000.lcdc: [drm] Cannot find any crtc or sizes
[[0;32m  OK  [0m] Started Avahi mDNS/DNS-SD Stack.
[[0;32m  OK  [0m] Started Telephony service.
[[0;32m  OK  [0m] Started DUN service.
         Starting Connection service...
         Starting Login Service...
[[0;32m  OK  [0m] Started Daily Cleanup of Temporary Directories.
[[0;32m  OK  [0m] Started Daily apt download activities.
[[0;32m  OK  [0m] Started Daily apt upgrade and clean activities.
[[0;32m  OK  [0m] Reached target Timers.
[   21.831573] PM: Cannot get wkup_m3_ipc handle
         Starting System Logging Service...
[   21.850116] omap-sham 53100000.sham: hw accel on OMAP rev 4.3
[   22.011999] omap-sham 53100000.sham: will run requests pump with realtime priority
[   22.021754] PM: Cannot get wkup_m3_ipc handle
[   22.106619] omap-aes 53500000.aes: OMAP AES hw accel rev: 3.2
[[0;32m  OK  [0m] Started Cape Manager Service.
[   22.190357] omap-aes 53500000.aes: will run requests pump with realtime priority
[   22.200021] PM: Cannot get wkup_m3_ipc handle
[[0;32m  OK  [0m] Found device /dev/ttyS0.
[   23.318586] Bluetooth: Core ver 2.22
[   23.322644] NET: Registered PF_BLUETOOTH protocol family
[   23.327999] Bluetooth: HCI device and connection manager initialized
[   23.334508] Bluetooth: HCI socket layer initialized
[   23.339424] Bluetooth: L2CAP socket layer initialized
[   23.344575] Bluetooth: SCO socket layer initialized
[[0;32m  OK  [0m] Started System Logging Service.
[   25.766671] PM: Cannot get wkup_m3_ipc handle
[   25.885774] PM: Cannot get wkup_m3_ipc handle
[[0;32m  OK  [0m] Started LSB: Start busybox udhcpd at boot time.
[   28.301957] configfs-gadget.g_multi gadget.0: HOST MAC 1c:ba:8c:a2:ed:6c
[   28.308740] configfs-gadget.g_multi gadget.0: MAC 1c:ba:8c:a2:ed:70
[   28.316096] configfs-gadget.g_multi gadget.0: HOST MAC 1c:ba:8c:a2:ed:6c
[   28.322939] configfs-gadget.g_multi gadget.0: MAC 1c:ba:8c:a2:ed:6d
[   28.333090] PM: Cannot get wkup_m3_ipc handle
[[0;32m  OK  [0m] Started LSB: Load kernel modules needed to enable cpufreq scaling.
[[0;32m  OK  [0m] Started Raise network interfaces.
[[0;32m  OK  [0m] Started Connection service.
[[0;32m  OK  [0m] Reached target Sound Card.
[[0;32m  OK  [0m] Reached target Network.
[[0;32m  OK  [0m] Reached target Network is Online.
         Starting LSB: Advanced IEEE 802.11 management daemon...
         Starting The Apache HTTP Server...
         Starting OpenBSD Secure Shell server...
         Starting Permit User Sessions...
         Starting LSB: set CPUFreq kernel parameters...
[[0;32m  OK  [0m] Started LSB: Advanced IEEE 802.11 management daemon.
[[0;32m  OK  [0m] Started Login Service.
[[0;32m  OK  [0m] Started Permit User Sessions.
         Starting Hostname Service...
[[0;32m  OK  [0m] Started Serial Getty on ttyS0.
[[0;32m  OK  [0m] Started Getty on tty1.
[[0;32m  OK  [0m] Reached target Login Prompts.
         Starting WPA supplicant...
[[0;32m  OK  [0m] Started LSB: set CPUFreq kernel parameters.
[[0;32m  OK  [0m] Started Hostname Service.
         Stopping LSB: Start busybox udhcpd at boot time...
[[0;32m  OK  [0m] Started WPA supplicant.
[[0;32m  OK  [0m] Started OpenBSD Secure Shell server.
[[0;32m  OK  [0m] Stopped LSB: Start busybox udhcpd at boot time.
         Starting dnsmasq - A lightweight DHCP and caching DNS server...
[[0;32m  OK  [0m] Started The Apache HTTP Server.
[[0;32m  OK  [0m] Started dnsmasq - A lightweight DHCP and caching DNS server.
[[0;32m  OK  [0m] Reached target Host and Network Name Lookups.
[[0;32m  OK  [0m] Started Serial Getty on ttyGS0.
[[0;32m  OK  [0m] Started Generic Board Startup.
[[0;32m  OK  [0m] Reached target Multi-User System.
[[0;32m  OK  [0m] Reached target Graphical Interface.
         Starting Update UTMP about System Runlevel Changes...
[[0;32m  OK  [0m] Started Update UTMP about System Runlevel Changes.

Debian GNU/Linux 9 arm ttyS0

default username:password is [debian:temppwd]

arm login: root
Password: 
Last login: Sat Jan  1 00:00:34 UTC 2000 on ttyS0
root
Linux arm 6.12.0-rc7-next-20241113 #136 SMP Wed Nov 13 09:49:46 EET 2024 armv7l

The programs included with the Debian GNU/Linux system are free software;
the exact distribution terms for each program are described in the
individual files in /usr/share/doc/*/copyright.

Debian GNU/Linux comes with ABSOLUTELY NO WARRANTY, to the extent
permitted by applicable law.
root@arm:~# root
-bash: root: command not found
root@arm:~# dmesg -n 1
echo 'SCAT''OEZLMT'
root@arm:~# echo 'SCAT''OEZLMT'
SCATOEZLMT
root@arm:~# run() { echo -n "$MARKER"; sh -c "$@"; echo "$MARKER $?"; }
root@arm:~# echo 'HXOE''CVYWQS'
HXOECVYWQS
root@arm:~# MARKER='ZXMK''GHLJMV' run 'cat /proc/version'
ZXMKGHLJMVLinux version 6.12.0-rc7-next-20241113 (user01@drvtest01) (arm-linux-gnueabihf-gcc (Linaro GCC 6.4-2017.11) 6.4.1 20171012, GNU ld (Linaro_Binutils-2017.11) 2.27.0.20161229) #136 SMP Wed Nov 13 09:49:46 EET 2024
ZXMKGHLJMV 0
root@arm:~# echo 'YELX''VHJXTG'
YELXVHJXTG
root@arm:~# MARKER='EAMQ''FTGKVG' run false
EAMQFTGKVGEAMQFTGKVG 1
root@arm:~# Labgrid Console Logfile for main
Logfile started at 2024-11-13 09:51:45.150918
=== Log starts here ===

root@arm:~# run() { echo -n "$MARKER"; sh -c "$@"; echo "$MARKER $?"; }
root@arm:~# echo 'XKAU''ECSKOG'
XKAUECSKOG
root@arm:~# MARKER='JGUF''UZKGNM' run dmesg
JGUFUZKGNM[    0.000000] Booting Linux on physical CPU 0x0
[    0.000000] Linux version 6.12.0-rc7-next-20241113 (user01@drvtest01) (arm-linux-gnueabihf-gcc (Linaro GCC 6.4-2017.11) 6.4.1 20171012, GNU ld (Linaro_Binutils-2017.11) 2.27.0.20161229) #136 SMP Wed Nov 13 09:49:46 EET 2024
[    0.000000] CPU: ARMv7 Processor [413fc082] revision 2 (ARMv7), cr=10c5387d
[    0.000000] CPU: PIPT / VIPT nonaliasing data cache, VIPT aliasing instruction cache
[    0.000000] OF: fdt: Machine model: TI AM335x BeagleBone Black
[    0.000000] Memory policy: Data cache writeback
[    0.000000] cma: Reserved 16 MiB at 0x9e800000 on node -1
[    0.000000] Zone ranges:
[    0.000000]   Normal   [mem 0x0000000080000000-0x000000009fdfffff]
[    0.000000]   HighMem  empty
[    0.000000] Movable zone start for each node
[    0.000000] Early memory node ranges
[    0.000000]   node   0: [mem 0x0000000080000000-0x000000009fdfffff]
[    0.000000] Initmem setup node 0 [mem 0x0000000080000000-0x000000009fdfffff]
[    0.000000] OF: reserved mem: Reserved memory: No reserved-memory node in the DT
[    0.000000] CPU: All CPU(s) started in SVC mode.
[    0.000000] AM335X ES2.1 (sgx neon)
[    0.000000] percpu: Embedded 17 pages/cpu s39564 r8192 d21876 u69632
[    0.000000] pcpu-alloc: s39564 r8192 d21876 u69632 alloc=17*4096
[    0.000000] pcpu-alloc: [0] 0 
[    0.000000] Kernel command line: console=ttyO0,115200n8 root=/dev/nfs rw nfsroot=192.168.255.126:/home/user01/nfs,nfsvers=3 ip=192.168.255.1:192.168.255.126::255.255.255.0:bbb1:eth0 nfsrootdebug
[    0.000000] Unknown kernel command line parameters "nfsrootdebug", will be passed to user space.
[    0.000000] printk: log buffer data + meta data: 65536 + 204800 = 270336 bytes
[    0.000000] Dentry cache hash table entries: 65536 (order: 6, 262144 bytes, linear)
[    0.000000] Inode-cache hash table entries: 32768 (order: 5, 131072 bytes, linear)
[    0.000000] Built 1 zonelists, mobility grouping on.  Total pages: 130560
[    0.000000] mem auto-init: stack:off, heap alloc:off, heap free:off
[    0.000000] SLUB: HWalign=64, Order=0-3, MinObjects=0, CPUs=1, Nodes=1
[    0.000000] trace event string verifier disabled
[    0.000000] rcu: Hierarchical RCU implementation.
[    0.000000] rcu: 	RCU event tracing is enabled.
[    0.000000] rcu: 	RCU restricting CPUs from NR_CPUS=2 to nr_cpu_ids=1.
[    0.000000] 	Tracing variant of Tasks RCU enabled.
[    0.000000] rcu: RCU calculated value of scheduler-enlistment delay is 10 jiffies.
[    0.000000] rcu: Adjusting geometry for rcu_fanout_leaf=16, nr_cpu_ids=1
[    0.000000] RCU Tasks Trace: Setting shift to 0 and lim to 1 rcu_task_cb_adjust=1 rcu_task_cpu_ids=1.
[    0.000000] NR_IRQS: 16, nr_irqs: 16, preallocated irqs: 16
[    0.000000] IRQ: Found an INTC at 0x(ptrval) (revision 5.0) with 128 interrupts
[    0.000000] rcu: srcu_init: Setting srcu_struct sizes based on contention.
[    0.000000] TI gptimer clocksource: always-on /ocp/interconnect@44c00000/segment@200000/target-module@31000
[    0.000002] sched_clock: 32 bits at 24MHz, resolution 41ns, wraps every 89478484971ns
[    0.000027] clocksource: dmtimer: mask: 0xffffffff max_cycles: 0xffffffff, max_idle_ns: 79635851949 ns
[    0.000510] TI gptimer clockevent: 24000000 Hz at /ocp/interconnect@48000000/segment@0/target-module@40000
[    0.002165] Console: colour dummy device 80x30
[    0.002232] WARNING: Your 'console=ttyO0' has been replaced by 'ttyS0'
[    0.002240] This ensures that you still see kernel messages. Please
[    0.002245] update your kernel commandline.
[    0.002287] Calibrating delay loop... 996.14 BogoMIPS (lpj=4980736)
[    0.090559] CPU: Testing write buffer coherency: ok
[    0.090680] CPU0: Spectre v2: using BPIALL workaround
[    0.090691] pid_max: default: 32768 minimum: 301
[    0.090818] LSM: initializing lsm=capability
[    0.090990] Mount-cache hash table entries: 1024 (order: 0, 4096 bytes, linear)
[    0.091011] Mountpoint-cache hash table entries: 1024 (order: 0, 4096 bytes, linear)
[    0.092684] CPU0: thread -1, cpu 0, socket -1, mpidr 0
[    0.160926] Setting up static identity map for 0x80100000 - 0x80100078
[    0.170714] rcu: Hierarchical SRCU implementation.
[    0.170727] rcu: 	Max phase no-delay instances is 1000.
[    0.190782] smp: Bringing up secondary CPUs ...
[    0.190842] smp: Brought up 1 node, 1 CPU
[    0.190858] SMP: Total of 1 processors activated (996.14 BogoMIPS).
[    0.190870] CPU: All CPU(s) started in SVC mode.
[    0.191062] Memory: 480840K/522240K available (11264K kernel code, 1214K rwdata, 2896K rodata, 1024K init, 297K bss, 23388K reserved, 16384K cma-reserved, 0K highmem)
[    0.191944] devtmpfs: initialized
[    0.208880] VFP support v0.3: implementor 41 architecture 3 part 30 variant c rev 3
[    0.209225] clocksource: jiffies: mask: 0xffffffff max_cycles: 0xffffffff, max_idle_ns: 19112604462750000 ns
[    0.209261] futex hash table entries: 256 (order: 2, 16384 bytes, linear)
[    0.210524] pinctrl core: initialized pinctrl subsystem
[    0.213532] NET: Registered PF_NETLINK/PF_ROUTE protocol family
[    0.216371] DMA: preallocated 256 KiB pool for atomic coherent allocations
[    0.217287] audit: initializing netlink subsys (disabled)
[    0.218724] thermal_sys: Registered thermal governor 'fair_share'
[    0.218743] thermal_sys: Registered thermal governor 'step_wise'
[    0.218753] thermal_sys: Registered thermal governor 'user_space'
[    0.218910] audit: type=2000 audit(0.210:1): state=initialized audit_enabled=0 res=1
[    0.218951] cpuidle: using governor menu
[    0.237550] /ocp/interconnect@44c00000/segment@200000/target-module@b000/i2c@0/tda19988@70: Fixed dependency cycle(s) with /ocp/interconnect@48000000/segment@300000/target-module@e000/lcdc@0
[    0.238722] /ocp/interconnect@48000000/segment@300000/target-module@e000/lcdc@0: Fixed dependency cycle(s) with /ocp/interconnect@44c00000/segment@200000/target-module@b000/i2c@0/tda19988@70
[    0.241094] No ATAGs?
[    0.241118] hw-breakpoint: debug architecture 0x4 unsupported.
[    0.243912] kprobes: kprobe jump-optimization is enabled. All kprobes are optimized if possible.
[    0.253944] iommu: Default domain type: Translated
[    0.253968] iommu: DMA domain TLB invalidation policy: strict mode
[    0.255645] reg-fixed-voltage fixedregulator0: using DT '/fixedregulator0' for '(default)' GPIO lookup
[    0.255705] of_get_named_gpiod_flags: can't parse 'gpios' property of node '/fixedregulator0[0]'
[    0.255734] of_get_named_gpiod_flags: can't parse 'gpio' property of node '/fixedregulator0[0]'
[    0.255752] reg-fixed-voltage fixedregulator0: using lookup tables for GPIO lookup
[    0.255764] reg-fixed-voltage fixedregulator0: No GPIO consumer (default) found
[    0.261531] SCSI subsystem initialized
[    0.262024] libata version 3.00 loaded.
[    0.262394] pps_core: LinuxPPS API ver. 1 registered
[    0.262406] pps_core: Software ver. 5.3.6 - Copyright 2005-2007 Rodolfo Giometti <giometti@linux.it>
[    0.262432] PTP clock support registered
[    0.270814] vgaarb: loaded
[    0.271225] clocksource: Switched to clocksource dmtimer
[    0.271900] VFS: Disk quotas dquot_6.6.0
[    0.271945] VFS: Dquot-cache hash table entries: 1024 (order 0, 4096 bytes)
[    0.296144] NET: Registered PF_INET protocol family
[    0.296505] IP idents hash table entries: 8192 (order: 4, 65536 bytes, linear)
[    0.297924] tcp_listen_portaddr_hash hash table entries: 512 (order: 0, 4096 bytes, linear)
[    0.297964] Table-perturb hash table entries: 65536 (order: 6, 262144 bytes, linear)
[    0.297982] TCP established hash table entries: 4096 (order: 2, 16384 bytes, linear)
[    0.298026] TCP bind hash table entries: 4096 (order: 4, 65536 bytes, linear)
[    0.298126] TCP: Hash tables configured (established 4096 bind 4096)
[    0.298245] UDP hash table entries: 256 (order: 1, 8192 bytes, linear)
[    0.298273] UDP-Lite hash table entries: 256 (order: 1, 8192 bytes, linear)
[    0.298452] NET: Registered PF_UNIX/PF_LOCAL protocol family
[    0.299733] RPC: Registered named UNIX socket transport module.
[    0.299756] RPC: Registered udp transport module.
[    0.299762] RPC: Registered tcp transport module.
[    0.299767] RPC: Registered tcp-with-tls transport module.
[    0.299772] RPC: Registered tcp NFSv4.1 backchannel transport module.
[    0.299799] PCI: CLS 0 bytes, default 64
[    0.301434] Initialise system trusted keyrings
[    0.311904] workingset: timestamp_bits=14 max_order=17 bucket_order=3
[    0.313248] NFS: Registering the id_resolver key type
[    0.313324] Key type id_resolver registered
[    0.313332] Key type id_legacy registered
[    0.313386] jffs2: version 2.2. (NAND) (SUMMARY)  Â© 2001-2006 Red Hat, Inc.
[    0.313802] Key type asymmetric registered
[    0.313820] Asymmetric key parser 'x509' registered
[    0.313886] io scheduler mq-deadline registered
[    0.313897] io scheduler kyber registered
[    0.313965] io scheduler bfq registered
[    0.315605] ledtrig-cpu: registered to indicate activity on CPUs
[    0.322514] Serial: 8250/16550 driver, 6 ports, IRQ sharing enabled
[    0.361977] brd: module loaded
[    0.379288] loop: module loaded
[    0.380220] mtdoops: mtd device (mtddev=name/number) must be supplied
[    0.400569] mdio_bus fixed-0: using lookup tables for GPIO lookup
[    0.400599] mdio_bus fixed-0: No GPIO consumer reset found
[    0.402146] i2c_dev: i2c /dev entries driver
[    0.403143] cpuidle: enable-method property 'ti,am3352' found operations
[    0.403594] sdhci: Secure Digital Host Controller Interface driver
[    0.403605] sdhci: Copyright(c) Pierre Ossman
[    0.403775] sdhci-pltfm: SDHCI platform and OF driver helper
[    0.404788] Initializing XFRM netlink socket
[    0.404939] NET: Registered PF_INET6 protocol family
[    0.406994] Segment Routing with IPv6
[    0.407089] In-situ OAM (IOAM) with IPv6
[    0.407189] sit: IPv6, IPv4 and MPLS over IPv4 tunneling driver
[    0.408146] NET: Registered PF_PACKET protocol family
[    0.408187] NET: Registered PF_KEY protocol family
[    0.408316] Key type dns_resolver registered
[    0.408593] ThumbEE CPU extension supported.
[    0.408617] Registering SWP/SWPB emulation handler
[    0.409161] omap_voltage_late_init: Voltage driver support not added
[    0.409508] SmartReflex Class3 initialized
[    0.443474] Loading compiled-in X.509 certificates
[    0.492084] /ocp/interconnect@44c00000/segment@200000/target-module@b000/i2c@0/tda19988@70: Fixed dependency cycle(s) with /ocp/interconnect@48000000/segment@300000/target-module@e000/lcdc@0
[    0.498552] /ocp/interconnect@44c00000/segment@200000/target-module@b000/i2c@0/tda19988@70: Fixed dependency cycle(s) with /ocp/interconnect@48000000/segment@300000/target-module@e000/lcdc@0
[    0.504368] gpiochip_find_base_unlocked: found new base at 512
[    0.520334] /ocp/interconnect@44c00000/segment@200000/target-module@b000/i2c@0/tda19988@70: Fixed dependency cycle(s) with /ocp/interconnect@48000000/segment@300000/target-module@e000/lcdc@0
[    0.521452] /ocp/interconnect@44c00000/segment@200000/target-module@b000/i2c@0/tda19988@70: Fixed dependency cycle(s) with /ocp/interconnect@48000000/segment@300000/target-module@e000/lcdc@0
[    0.525072] /ocp/interconnect@44c00000/segment@200000/target-module@10000/scm@0/pinmux@800: Fixed dependency cycle(s) with /ocp/interconnect@44c00000/segment@200000/target-module@10000/scm@0/pinmux@800/clkout2-pins
[    0.525656] pinctrl-single 44e10800.pinmux: 142 pins, size 568
[    0.530924] ti-sysc 44e31000.target-module: probe with driver ti-sysc failed with error -16
[    0.570946] /ocp/interconnect@48000000/segment@300000/target-module@e000/lcdc@0: Fixed dependency cycle(s) with /ocp/interconnect@44c00000/segment@200000/target-module@b000/i2c@0/tda19988@70
[    0.579058] ti-sysc 48040000.target-module: probe with driver ti-sysc failed with error -16
[    0.590319] gpiochip_find_base_unlocked: found new base at 512
[    0.590421] gpio gpiochip0: (gpio-0-31): created GPIO range 0->7 ==> 44e10800.pinmux PIN 0->7
[    0.590442] gpio gpiochip0: (gpio-0-31): created GPIO range 8->11 ==> 44e10800.pinmux PIN 90->93
[    0.590459] gpio gpiochip0: (gpio-0-31): created GPIO range 12->27 ==> 44e10800.pinmux PIN 12->27
[    0.590474] gpio gpiochip0: (gpio-0-31): created GPIO range 28->31 ==> 44e10800.pinmux PIN 30->33
[    0.617658] gpio gpiochip0: (gpio-0-31): added GPIO chardev (254:0)
[    0.617814] gpio gpiochip0: registered GPIOs 512 to 543 on gpio-0-31
[    0.617898] OMAP GPIO hardware version 0.1
[    0.644700] i2c i2c-2: using DT '/ocp/interconnect@48000000/segment@100000/target-module@9c000/i2c@0' for 'scl' GPIO lookup
[    0.644778] of_get_named_gpiod_flags: can't parse 'scl-gpios' property of node '/ocp/interconnect@48000000/segment@100000/target-module@9c000/i2c@0[0]'
[    0.644824] of_get_named_gpiod_flags: can't parse 'scl-gpio' property of node '/ocp/interconnect@48000000/segment@100000/target-module@9c000/i2c@0[0]'
[    0.644862] i2c i2c-2: using lookup tables for GPIO lookup
[    0.644872] i2c i2c-2: No GPIO consumer scl found
[    0.644894] i2c i2c-2: using DT '/ocp/interconnect@48000000/segment@100000/target-module@9c000/i2c@0' for 'sda' GPIO lookup
[    0.644932] of_get_named_gpiod_flags: can't parse 'sda-gpios' property of node '/ocp/interconnect@48000000/segment@100000/target-module@9c000/i2c@0[0]'
[    0.644970] of_get_named_gpiod_flags: can't parse 'sda-gpio' property of node '/ocp/interconnect@48000000/segment@100000/target-module@9c000/i2c@0[0]'
[    0.645003] i2c i2c-2: using lookup tables for GPIO lookup
[    0.645011] i2c i2c-2: No GPIO consumer sda found
[    0.645745] omap_i2c 4819c000.i2c: bus 2 rev0.11 at 100 kHz
[    0.651182] gpiochip_find_base_unlocked: found new base at 544
[    0.651516] gpio gpiochip1: (gpio-32-63): created GPIO range 0->17 ==> 44e10800.pinmux PIN 34->51
[    0.651542] gpio gpiochip1: (gpio-32-63): created GPIO range 18->21 ==> 44e10800.pinmux PIN 77->80
[    0.651559] gpio gpiochip1: (gpio-32-63): created GPIO range 22->31 ==> 44e10800.pinmux PIN 56->65
[    0.652540] gpio gpiochip1: (gpio-32-63): added GPIO chardev (254:1)
[    0.652689] gpio gpiochip1: registered GPIOs 544 to 575 on gpio-32-63
[    0.654902] gpiochip_find_base_unlocked: found new base at 576
[    0.654996] gpio gpiochip2: (gpio-64-95): created GPIO range 0->4 ==> 44e10800.pinmux PIN 66->70
[    0.655016] gpio gpiochip2: (gpio-64-95): created GPIO range 5->6 ==> 44e10800.pinmux PIN 98->99
[    0.655031] gpio gpiochip2: (gpio-64-95): created GPIO range 7->8 ==> 44e10800.pinmux PIN 75->76
[    0.655047] gpio gpiochip2: (gpio-64-95): created GPIO range 13->13 ==> 44e10800.pinmux PIN 141->141
[    0.655064] gpio gpiochip2: (gpio-64-95): created GPIO range 14->21 ==> 44e10800.pinmux PIN 100->107
[    0.665861] gpio gpiochip2: (gpio-64-95): added GPIO chardev (254:2)
[    0.666010] gpio gpiochip2: registered GPIOs 576 to 607 on gpio-64-95
[    0.671776] 48000000.interconnect:segment@200000:target-module@0:mpu@0:fck: device ID is greater than 24
[    0.672701] /ocp/interconnect@48000000/segment@300000/target-module@e000/lcdc@0: Fixed dependency cycle(s) with /ocp/interconnect@44c00000/segment@200000/target-module@b000/i2c@0/tda19988@70
[    0.675484] /ocp/interconnect@48000000/segment@300000/target-module@e000/lcdc@0: Fixed dependency cycle(s) with /ocp/interconnect@44c00000/segment@200000/target-module@b000/i2c@0/tda19988@70
[    0.676180] /ocp/interconnect@44c00000/segment@200000/target-module@b000/i2c@0/tda19988@70: Fixed dependency cycle(s) with /ocp/interconnect@48000000/segment@300000/target-module@e000/lcdc@0
[    0.676341] /ocp/interconnect@48000000/segment@300000/target-module@e000/lcdc@0: Fixed dependency cycle(s) with /ocp/interconnect@44c00000/segment@200000/target-module@b000/i2c@0/tda19988@70
[    0.685989] mdio_bus 4a101000.mdio: using DT '/ocp/interconnect@4a000000/segment@0/target-module@100000/switch@0/mdio@1000' for 'reset' GPIO lookup
[    0.686067] of_get_named_gpiod_flags: can't parse 'reset-gpios' property of node '/ocp/interconnect@4a000000/segment@0/target-module@100000/switch@0/mdio@1000[0]'
[    0.686117] of_get_named_gpiod_flags: can't parse 'reset-gpio' property of node '/ocp/interconnect@4a000000/segment@0/target-module@100000/switch@0/mdio@1000[0]'
[    0.686165] mdio_bus 4a101000.mdio: using lookup tables for GPIO lookup
[    0.686176] mdio_bus 4a101000.mdio: No GPIO consumer reset found
[    0.687388] sdhci-omap 481d8000.mmc: using DT '/ocp/interconnect@48000000/segment@100000/target-module@d8000/mmc@0' for 'wp' GPIO lookup
[    0.687476] of_get_named_gpiod_flags: can't parse 'wp-gpios' property of node '/ocp/interconnect@48000000/segment@100000/target-module@d8000/mmc@0[0]'
[    0.687524] of_get_named_gpiod_flags: can't parse 'wp-gpio' property of node '/ocp/interconnect@48000000/segment@100000/target-module@d8000/mmc@0[0]'
[    0.687560] sdhci-omap 481d8000.mmc: using lookup tables for GPIO lookup
[    0.687572] sdhci-omap 481d8000.mmc: No GPIO consumer wp found
[    0.687768] sdhci-omap 481d8000.mmc: supply pbias not found, using dummy regulator
[    0.688267] sdhci-omap 481d8000.mmc: supply vqmmc not found, using dummy regulator
[    0.749344] davinci_mdio 4a101000.mdio: davinci mdio revision 1.6, bus freq 1000000
[    0.766654] mdio_bus 4a101000.mdio:00: using DT '/ocp/interconnect@4a000000/segment@0/target-module@100000/switch@0/mdio@1000/ethernet-phy@0' for 'reset' GPIO lookup
[    0.766760] of_get_named_gpiod_flags: parsed 'reset-gpios' property of node '/ocp/interconnect@4a000000/segment@0/target-module@100000/switch@0/mdio@1000/ethernet-phy@0[0]' - status (0)
[    0.766928] gpio gpiochip0: Persistence not supported for GPIO 8
[    0.897063] davinci_mdio 4a101000.mdio: phy[0]: device 4a101000.mdio:00, driver SMSC LAN8710/LAN8720
[    0.897848] cpsw-switch 4a100000.switch: initialized cpsw ale version 1.4
[    0.897870] cpsw-switch 4a100000.switch: ALE Table size 1024, Policers 0
[    0.898199] cpsw-switch 4a100000.switch: cpts: overflow check period 500 (jiffies)
[    0.898223] cpsw-switch 4a100000.switch: CPTS: ref_clk_freq:250000000 calc_mult:2147483648 calc_shift:29 error:0 nsec/sec
[    0.898334] cpsw-switch 4a100000.switch: Detected MACID = 6c:ec:eb:68:de:78
[    0.900150] cpsw-switch 4a100000.switch: initialized (regs 0x4a100000, pool size 256) hw_ver:0019010C 1.12 (0)
[    0.911181] debugfs: Directory '49000000.dma' with parent 'dmaengine' already present!
[    0.911395] edma 49000000.dma: TI EDMA DMA engine driver
[    0.954105] target-module@4b000000:target-module@140000:pmu@0:fck: device ID is greater than 24
[    0.965640] hw perfevents: enabled with armv7_cortex_a8 PMU driver, 5 (8000000f) counters available
[    0.966519] gpio-clk clk_mcasp0: using DT '/clk_mcasp0' for 'enable' GPIO lookup
[    0.966587] of_get_named_gpiod_flags: parsed 'enable-gpios' property of node '/clk_mcasp0[0]' - status (0)
[    0.966632] gpio gpiochip0: Persistence not supported for GPIO 27
[    0.967427] gpiochip_find_base_unlocked: found new base at 608
[    0.967537] gpio gpiochip3: (gpio-96-127): created GPIO range 0->7 ==> 44e10800.pinmux PIN 82->89
[    0.967577] gpio gpiochip3: (gpio-96-127): created GPIO range 8->11 ==> 44e10800.pinmux PIN 52->55
[    0.967594] gpio gpiochip3: (gpio-96-127): created GPIO range 12->15 ==> 44e10800.pinmux PIN 94->97
[    0.967610] gpio gpiochip3: (gpio-96-127): created GPIO range 16->17 ==> 44e10800.pinmux PIN 71->72
[    0.967625] gpio gpiochip3: (gpio-96-127): created GPIO range 18->18 ==> 44e10800.pinmux PIN 135->135
[    0.967642] gpio gpiochip3: (gpio-96-127): created GPIO range 19->20 ==> 44e10800.pinmux PIN 108->109
[    0.967658] gpio gpiochip3: (gpio-96-127): created GPIO range 21->21 ==> 44e10800.pinmux PIN 73->73
[    0.967675] gpio gpiochip3: (gpio-96-127): created GPIO range 22->23 ==> 44e10800.pinmux PIN 8->9
[    0.967692] gpio gpiochip3: (gpio-96-127): created GPIO range 26->27 ==> 44e10800.pinmux PIN 10->11
[    0.967709] gpio gpiochip3: (gpio-96-127): created GPIO range 28->28 ==> 44e10800.pinmux PIN 74->74
[    0.967727] gpio gpiochip3: (gpio-96-127): created GPIO range 29->29 ==> 44e10800.pinmux PIN 81->81
[    0.967745] gpio gpiochip3: (gpio-96-127): created GPIO range 30->31 ==> 44e10800.pinmux PIN 28->29
[    0.973321] l3-aon-clkctrl:0000:0: failed to disable
[    0.985491] gpio gpiochip3: (gpio-96-127): added GPIO chardev (254:3)
[    0.985639] gpio gpiochip3: registered GPIOs 608 to 639 on gpio-96-127
[    0.987568] omap8250 44e09000.serial: using DT '/ocp/interconnect@44c00000/segment@200000/target-module@9000/serial@0' for 'rs485-term' GPIO lookup
[    0.987643] of_get_named_gpiod_flags: can't parse 'rs485-term-gpios' property of node '/ocp/interconnect@44c00000/segment@200000/target-module@9000/serial@0[0]'
[    0.987691] of_get_named_gpiod_flags: can't parse 'rs485-term-gpio' property of node '/ocp/interconnect@44c00000/segment@200000/target-module@9000/serial@0[0]'
[    0.987729] omap8250 44e09000.serial: using lookup tables for GPIO lookup
[    0.987740] omap8250 44e09000.serial: No GPIO consumer rs485-term found
[    0.987751] omap8250 44e09000.serial: using DT '/ocp/interconnect@44c00000/segment@200000/target-module@9000/serial@0' for 'rs485-rx-during-tx' GPIO lookup
[    0.987789] of_get_named_gpiod_flags: can't parse 'rs485-rx-during-tx-gpios' property of node '/ocp/interconnect@44c00000/segment@200000/target-module@9000/serial@0[0]'
[    0.987829] of_get_named_gpiod_flags: can't parse 'rs485-rx-during-tx-gpio' property of node '/ocp/interconnect@44c00000/segment@200000/target-module@9000/serial@0[0]'
[    0.987862] omap8250 44e09000.serial: using lookup tables for GPIO lookup
[    0.987871] omap8250 44e09000.serial: No GPIO consumer rs485-rx-during-tx found
[    0.988251] 44e09000.serial: ttyS0 at MMIO 0x44e09000 (irq = 34, base_baud = 3000000) is a 8250
[    0.988341] printk: legacy console [ttyS0] enabled
[    2.481971] i2c i2c-0: using DT '/ocp/interconnect@44c00000/segment@200000/target-module@b000/i2c@0' for 'scl' GPIO lookup
[    2.482066] of_get_named_gpiod_flags: can't parse 'scl-gpios' property of node '/ocp/interconnect@44c00000/segment@200000/target-module@b000/i2c@0[0]'
[    2.482117] of_get_named_gpiod_flags: can't parse 'scl-gpio' property of node '/ocp/interconnect@44c00000/segment@200000/target-module@b000/i2c@0[0]'
[    2.482158] i2c i2c-0: using lookup tables for GPIO lookup
[    2.482173] i2c i2c-0: No GPIO consumer scl found
[    2.482199] i2c i2c-0: using DT '/ocp/interconnect@44c00000/segment@200000/target-module@b000/i2c@0' for 'sda' GPIO lookup
[    2.482241] of_get_named_gpiod_flags: can't parse 'sda-gpios' property of node '/ocp/interconnect@44c00000/segment@200000/target-module@b000/i2c@0[0]'
[    2.482284] of_get_named_gpiod_flags: can't parse 'sda-gpio' property of node '/ocp/interconnect@44c00000/segment@200000/target-module@b000/i2c@0[0]'
[    2.482322] i2c i2c-0: using lookup tables for GPIO lookup
[    2.482333] i2c i2c-0: No GPIO consumer sda found
[    2.502240] tps65217-pmic: Failed to locate of_node [id: -1]
[    2.508299] tps65217-bl: Failed to locate of_node [id: -1]
[    2.519645] tps65217 0-0024: TPS65217 ID 0xe version 1.2
[    2.525794] /ocp/interconnect@48000000/segment@300000/target-module@e000/lcdc@0: Fixed dependency cycle(s) with /ocp/interconnect@44c00000/segment@200000/target-module@b000/i2c@0/tda19988@70
[    2.543166] /ocp/interconnect@44c00000/segment@200000/target-module@b000/i2c@0/tda19988@70: Fixed dependency cycle(s) with /ocp/interconnect@48000000/segment@300000/target-module@e000/lcdc@0
[    2.560518] omap_i2c 44e0b000.i2c: bus 0 rev0.11 at 400 kHz
[    2.568361] sdhci-omap 48060000.mmc: using DT '/ocp/interconnect@48000000/segment@0/target-module@60000/mmc@0' for 'cd' GPIO lookup
[    2.568474] of_get_named_gpiod_flags: parsed 'cd-gpios' property of node '/ocp/interconnect@48000000/segment@0/target-module@60000/mmc@0[0]' - status (0)
[    2.568546] gpio gpiochip3: Persistence not supported for GPIO 6
[    2.568572] omap_gpio 44e07000.gpio: Could not set line 6 debounce to 200000 microseconds (-22)
[    2.577453] sdhci-omap 48060000.mmc: Got CD GPIO
[    2.582135] sdhci-omap 48060000.mmc: using DT '/ocp/interconnect@48000000/segment@0/target-module@60000/mmc@0' for 'wp' GPIO lookup
[    2.582188] of_get_named_gpiod_flags: can't parse 'wp-gpios' property of node '/ocp/interconnect@48000000/segment@0/target-module@60000/mmc@0[0]'
[    2.582235] of_get_named_gpiod_flags: can't parse 'wp-gpio' property of node '/ocp/interconnect@48000000/segment@0/target-module@60000/mmc@0[0]'
[    2.582276] sdhci-omap 48060000.mmc: using lookup tables for GPIO lookup
[    2.582292] sdhci-omap 48060000.mmc: No GPIO consumer wp found
[    2.582504] sdhci-omap 48060000.mmc: supply pbias not found, using dummy regulator
[    2.591182] sdhci-omap 481d8000.mmc: using DT '/ocp/interconnect@48000000/segment@100000/target-module@d8000/mmc@0' for 'wp' GPIO lookup
[    2.591388] of_get_named_gpiod_flags: can't parse 'wp-gpios' property of node '/ocp/interconnect@48000000/segment@100000/target-module@d8000/mmc@0[0]'
[    2.591443] of_get_named_gpiod_flags: can't parse 'wp-gpio' property of node '/ocp/interconnect@48000000/segment@100000/target-module@d8000/mmc@0[0]'
[    2.591485] sdhci-omap 481d8000.mmc: using lookup tables for GPIO lookup
[    2.591500] sdhci-omap 481d8000.mmc: No GPIO consumer wp found
[    2.592571] sdhci-omap 48060000.mmc: supply vqmmc not found, using dummy regulator
[    2.601609] sdhci-omap 481d8000.mmc: supply pbias not found, using dummy regulator
[    2.609600] sdhci-omap 481d8000.mmc: supply vqmmc not found, using dummy regulator
[    2.644717] mmc0: SDHCI controller on 48060000.mmc [48060000.mmc] using External DMA
[    2.653045] mmc1: SDHCI controller on 481d8000.mmc [481d8000.mmc] using External DMA
[    2.661926] cpsw-switch 4a100000.switch: starting ndev. mode: dual_mac
[    2.713259] mmc0: new high speed SDHC card at address 5048
[    2.720287] mmcblk0: mmc0:5048 SD16G 14.4 GiB
[    2.728463]  mmcblk0: p1 p2
[    2.731978] mmcblk0: p2 size 31221760 extends beyond EOD, truncated
[    2.742471] SMSC LAN8710/LAN8720 4a101000.mdio:00: attached PHY driver (mii_bus:phy_addr=4a101000.mdio:00, irq=POLL)
[    2.762314] mmc1: new high speed MMC card at address 0001
[    2.769124] mmcblk1: mmc1:0001 MMC04G 3.60 GiB
[    2.776693]  mmcblk1: p1 p2
[    2.780998] mmcblk1boot0: mmc1:0001 MMC04G 2.00 MiB
[    2.788121] mmcblk1boot1: mmc1:0001 MMC04G 2.00 MiB
[    2.795453] mmcblk1rpmb: mmc1:0001 MMC04G 128 KiB, chardev (250:0)
[    5.922001] cpsw-switch 4a100000.switch eth0: Link is Up - 100Mbps/Full - flow control off
[    5.951245] IP-Config: Complete:
[    5.954520]      device=eth0, hwaddr=6c:ec:eb:68:de:78, ipaddr=192.168.255.1, mask=255.255.255.0, gw=255.255.255.255
[    5.965166]      host=bbb1, domain=, nis-domain=(none)
[    5.970334]      bootserver=192.168.255.126, rootserver=192.168.255.126, rootpath=
[    5.970754] clk: Disabling unused clocks
[    5.982621] PM: genpd: Disabling unused power domains
[    5.987740] KTAP version 1
[    5.990462] 1..0
[    6.023821] VFS: Mounted root (nfs filesystem) on device 0:17.
[    6.030665] devtmpfs: mounted
[    6.035610] Freeing unused kernel image (initmem) memory: 1024K
[    6.042409] Run /sbin/init as init process
[    6.046541]   with arguments:
[    6.046554]     /sbin/init
[    6.046563]     nfsrootdebug
[    6.046573]   with environment:
[    6.046581]     HOME=/
[    6.046590]     TERM=linux
[    6.767155] systemd[1]: System time before build time, advancing clock.
[    8.221248] random: crng init done
[    8.262165] systemd[1]: systemd 232 running in system mode. (+PAM +AUDIT +SELINUX +IMA +APPARMOR +SMACK +SYSVINIT +UTMP +LIBCRYPTSETUP +GCRYPT +GNUTLS +ACL +XZ +LZ4 +SECCOMP +BLKID +ELFUTILS +KMOD +IDN)
[    8.281274] systemd[1]: Detected architecture arm.
[    8.314711] systemd[1]: Set hostname to <arm>.
[    9.446266] systemd[1]: Created slice System Slice.
[    9.473409] systemd[1]: Listening on Journal Socket.
[    9.501673] systemd[1]: Reached target Swap.
[    9.551844] systemd[1]: Mounting POSIX Message Queue File System...
[    9.564744] systemd[1]: Listening on Journal Socket (/dev/log).
[    9.594110] systemd[1]: Listening on /dev/initctl Compatibility Named Pipe.
[    9.622673] systemd[1]: Listening on Syslog Socket.
[   11.492360] systemd-journald[86]: Received request to flush runtime journal from PID 1
[   14.498168] leds-gpio leds: using DT '/leds/led2' for '(default)' GPIO lookup
[   14.498277] of_get_named_gpiod_flags: parsed 'gpios' property of node '/leds/led2[0]' - status (0)
[   14.498338] gpio gpiochip0: Persistence not supported for GPIO 21
[   14.498355] gpio-533 (?): no flags found for GPIO (default)
[   14.537733] leds-gpio leds: using DT '/leds/led3' for '(default)' GPIO lookup
[   14.537947] of_get_named_gpiod_flags: parsed 'gpios' property of node '/leds/led3[0]' - status (0)
[   14.538060] gpio gpiochip0: Persistence not supported for GPIO 22
[   14.538080] gpio-534 (?): no flags found for GPIO (default)
[   14.576841] leds-gpio leds: using DT '/leds/led4' for '(default)' GPIO lookup
[   14.577125] of_get_named_gpiod_flags: parsed 'gpios' property of node '/leds/led4[0]' - status (0)
[   14.577189] gpio gpiochip0: Persistence not supported for GPIO 23
[   14.577206] gpio-535 (?): no flags found for GPIO (default)
[   14.621346] leds-gpio leds: using DT '/leds/led5' for '(default)' GPIO lookup
[   14.621465] of_get_named_gpiod_flags: parsed 'gpios' property of node '/leds/led5[0]' - status (0)
[   14.621523] gpio gpiochip0: Persistence not supported for GPIO 24
[   14.621540] gpio-536 (?): no flags found for GPIO (default)
[   14.983132] remoteproc remoteproc0: wkup_m3 is available
[   15.218039] omap_rtc 44e3e000.rtc: registered as rtc0
[   15.223451] omap_rtc 44e3e000.rtc: setting system clock to 2000-01-01T00:00:00 UTC (946684800)
[   15.232445] omap_rtc 44e3e000.rtc: using DT '/ocp/interconnect@44c00000/segment@200000/target-module@3e000/rtc@0' for 'wp' GPIO lookup
[   15.232526] of_get_named_gpiod_flags: can't parse 'wp-gpios' property of node '/ocp/interconnect@44c00000/segment@200000/target-module@3e000/rtc@0[0]'
[   15.232579] of_get_named_gpiod_flags: can't parse 'wp-gpio' property of node '/ocp/interconnect@44c00000/segment@200000/target-module@3e000/rtc@0[0]'
[   15.232622] omap_rtc 44e3e000.rtc: using lookup tables for GPIO lookup
[   15.232637] omap_rtc 44e3e000.rtc: No GPIO consumer wp found
[   15.568897] at24 2-0054: supply vcc not found, using dummy regulator
[   15.657829] at24 2-0055: supply vcc not found, using dummy regulator
[   15.845481] at24 2-0056: supply vcc not found, using dummy regulator
[   15.928998] am335x-phy-driver 47401300.usb-phy: using DT '/ocp/target-module@47400000/usb-phy@1300' for 'reset' GPIO lookup
[   15.929096] of_get_named_gpiod_flags: can't parse 'reset-gpios' property of node '/ocp/target-module@47400000/usb-phy@1300[0]'
[   15.929145] of_get_named_gpiod_flags: can't parse 'reset-gpio' property of node '/ocp/target-module@47400000/usb-phy@1300[0]'
[   15.929185] am335x-phy-driver 47401300.usb-phy: using lookup tables for GPIO lookup
[   15.929201] am335x-phy-driver 47401300.usb-phy: No GPIO consumer reset found
[   15.929217] am335x-phy-driver 47401300.usb-phy: using DT '/ocp/target-module@47400000/usb-phy@1300' for 'vbus-detect' GPIO lookup
[   15.929250] of_get_named_gpiod_flags: can't parse 'vbus-detect-gpios' property of node '/ocp/target-module@47400000/usb-phy@1300[0]'
[   15.929284] of_get_named_gpiod_flags: can't parse 'vbus-detect-gpio' property of node '/ocp/target-module@47400000/usb-phy@1300[0]'
[   15.929311] am335x-phy-driver 47401300.usb-phy: using lookup tables for GPIO lookup
[   15.929324] am335x-phy-driver 47401300.usb-phy: No GPIO consumer vbus-detect found
[   15.929476] am335x-phy-driver 47401300.usb-phy: dummy supplies not allowed for exclusive requests (id=vbus)
[   15.943197] tps6521x_pwrbutton tps65217-pwrbutton: DMA mask not set
[   15.968605] usbcore: registered new interface driver usbfs
[   15.974533] usbcore: registered new interface driver hub
[   15.979981] usbcore: registered new device driver usb
[   16.013176] at24 2-0057: supply vcc not found, using dummy regulator
[   16.076719] input: tps65217_pwrbutton as /devices/platform/ocp/44c00000.interconnect/44c00000.interconnect:segment@200000/44e0b000.target-module/44e0b000.i2c/i2c-0/0-0024/tps65217-pwrbutton/input/input0
[   16.174329] am335x-phy-driver 47401b00.usb-phy: using DT '/ocp/target-module@47400000/usb-phy@1b00' for 'reset' GPIO lookup
[   16.174546] of_get_named_gpiod_flags: can't parse 'reset-gpios' property of node '/ocp/target-module@47400000/usb-phy@1b00[0]'
[   16.174648] of_get_named_gpiod_flags: can't parse 'reset-gpio' property of node '/ocp/target-module@47400000/usb-phy@1b00[0]'
[   16.174734] am335x-phy-driver 47401b00.usb-phy: using lookup tables for GPIO lookup
[   16.174755] am335x-phy-driver 47401b00.usb-phy: No GPIO consumer reset found
[   16.174771] am335x-phy-driver 47401b00.usb-phy: using DT '/ocp/target-module@47400000/usb-phy@1b00' for 'vbus-detect' GPIO lookup
[   16.174806] of_get_named_gpiod_flags: can't parse 'vbus-detect-gpios' property of node '/ocp/target-module@47400000/usb-phy@1b00[0]'
[   16.174841] of_get_named_gpiod_flags: can't parse 'vbus-detect-gpio' property of node '/ocp/target-module@47400000/usb-phy@1b00[0]'
[   16.174869] am335x-phy-driver 47401b00.usb-phy: using lookup tables for GPIO lookup
[   16.174882] am335x-phy-driver 47401b00.usb-phy: No GPIO consumer vbus-detect found
[   16.175034] am335x-phy-driver 47401b00.usb-phy: dummy supplies not allowed for exclusive requests (id=vbus)
[   16.217490] at24 0-0050: using DT '/ocp/interconnect@44c00000/segment@200000/target-module@b000/i2c@0/eeprom@50' for 'wp' GPIO lookup
[   16.217773] of_get_named_gpiod_flags: can't parse 'wp-gpios' property of node '/ocp/interconnect@44c00000/segment@200000/target-module@b000/i2c@0/eeprom@50[0]'
[   16.217847] of_get_named_gpiod_flags: can't parse 'wp-gpio' property of node '/ocp/interconnect@44c00000/segment@200000/target-module@b000/i2c@0/eeprom@50[0]'
[   16.217896] at24 0-0050: using lookup tables for GPIO lookup
[   16.217913] at24 0-0050: No GPIO consumer wp found
[   16.218265] at24 0-0050: 32768 byte 24c256 EEPROM, writable, 1 bytes/write
[   16.726315] wkup_m3_ipc 44e11324.wkup_m3_ipc: IPC Request for A8->M3 Channel failed! -517
[   17.183876] wkup_m3_ipc 44e11324.wkup_m3_ipc: IPC Request for A8->M3 Channel failed! -517
[   17.199681] omap_wdt: OMAP Watchdog Timer Rev 0x01: initial timeout 60 sec
[   17.324311] musb-hdrc musb-hdrc.1: MUSB HDRC host driver
[   17.329964] musb-hdrc musb-hdrc.1: new USB bus registered, assigned bus number 1
[   17.353478] wkup_m3_ipc 44e11324.wkup_m3_ipc: IPC Request for A8->M3 Channel failed! -517
[   17.631556] usb usb1: New USB device found, idVendor=1d6b, idProduct=0002, bcdDevice= 6.12
[   17.639921] usb usb1: New USB device strings: Mfr=3, Product=2, SerialNumber=1
[   17.647255] usb usb1: Product: MUSB HDRC host driver
[   17.652297] usb usb1: Manufacturer: Linux 6.12.0-rc7-next-20241113 musb-hcd
[   17.659298] usb usb1: SerialNumber: musb-hdrc.1
[   18.040824] hub 1-0:1.0: USB hub found
[   18.072922] hub 1-0:1.0: 1 port detected
[   18.141633] wkup_m3_ipc 44e11324.wkup_m3_ipc: IPC Request for A8->M3 Channel failed! -517
[   18.162205] wkup_m3_ipc 44e11324.wkup_m3_ipc: IPC Request for A8->M3 Channel failed! -517
[   18.307769] omap-mailbox 480c8000.mailbox: omap mailbox rev 0x400
[   18.357870] tda998x 0-0070: found TDA19988
[   18.383188] remoteproc remoteproc0: powering up wkup_m3
[   18.644377] remoteproc remoteproc0: Direct firmware load for am335x-pm-firmware.elf failed with error -2
[   18.654167] remoteproc remoteproc0: request_firmware failed: -2
[   18.660198] wkup_m3_ipc 44e11324.wkup_m3_ipc: rproc_boot failed
[   20.529881] tilcdc 4830e000.lcdc: bound 0-0070 (ops tda998x_driver_exit [tda998x])
[   20.648041] omap_rng 48310000.rng: Random Number Generator ver. 20
[   20.657652] [drm] Initialized tilcdc 1.0.0 for 4830e000.lcdc on minor 0
[   20.721609] tilcdc 4830e000.lcdc: [drm] Cannot find any crtc or sizes
[   20.771574] tilcdc 4830e000.lcdc: [drm] Cannot find any crtc or sizes
[   21.831573] PM: Cannot get wkup_m3_ipc handle
[   21.850116] omap-sham 53100000.sham: hw accel on OMAP rev 4.3
[   22.011999] omap-sham 53100000.sham: will run requests pump with realtime priority
[   22.021754] PM: Cannot get wkup_m3_ipc handle
[   22.106619] omap-aes 53500000.aes: OMAP AES hw accel rev: 3.2
[   22.190357] omap-aes 53500000.aes: will run requests pump with realtime priority
[   22.200021] PM: Cannot get wkup_m3_ipc handle
[   23.318586] Bluetooth: Core ver 2.22
[   23.322644] NET: Registered PF_BLUETOOTH protocol family
[   23.327999] Bluetooth: HCI device and connection manager initialized
[   23.334508] Bluetooth: HCI socket layer initialized
[   23.339424] Bluetooth: L2CAP socket layer initialized
[   23.344575] Bluetooth: SCO socket layer initialized
[   25.766671] PM: Cannot get wkup_m3_ipc handle
[   25.772722] asoc-simple-card sound: using DT '/sound' for 'simple-audio-card,hp-det' GPIO lookup
[   25.772800] of_get_named_gpiod_flags: can't parse 'simple-audio-card,hp-det-gpios' property of node '/sound[0]'
[   25.772837] of_get_named_gpiod_flags: can't parse 'simple-audio-card,hp-det-gpio' property of node '/sound[0]'
[   25.772863] asoc-simple-card sound: using lookup tables for GPIO lookup
[   25.772878] asoc-simple-card sound: No GPIO consumer simple-audio-card,hp-det found
[   25.772893] asoc-simple-card sound: using DT '/sound' for 'simple-audio-card,mic-det' GPIO lookup
[   25.772919] of_get_named_gpiod_flags: can't parse 'simple-audio-card,mic-det-gpios' property of node '/sound[0]'
[   25.772947] of_get_named_gpiod_flags: can't parse 'simple-audio-card,mic-det-gpio' property of node '/sound[0]'
[   25.772967] asoc-simple-card sound: using lookup tables for GPIO lookup
[   25.772979] asoc-simple-card sound: No GPIO consumer simple-audio-card,mic-det found
[   25.885774] PM: Cannot get wkup_m3_ipc handle
[   27.936330] userial_init: registered 8 ttyGS* devices
[   28.179309] rndis_register: configNr = 0
[   28.300418] udc musb-hdrc.0: binding gadget driver [g_multi]
[   28.300517] configfs-gadget.g_multi gadget.0: adding 'rndis'/9925cb6e to config 'c'/36841fd9
[   28.301957] configfs-gadget.g_multi gadget.0: HOST MAC 1c:ba:8c:a2:ed:6c
[   28.308740] configfs-gadget.g_multi gadget.0: MAC 1c:ba:8c:a2:ed:70
[   28.315164] rndis_set_param_medium: 0 0
[   28.315189] configfs-gadget.g_multi gadget.0: RNDIS: IN/ep1in OUT/ep1out NOTIFY/ep2in
[   28.315207] configfs-gadget.g_multi gadget.0: adding 'cdc_ethernet'/799a116d to config 'c'/36841fd9
[   28.316096] configfs-gadget.g_multi gadget.0: HOST MAC 1c:ba:8c:a2:ed:6c
[   28.322939] configfs-gadget.g_multi gadget.0: MAC 1c:ba:8c:a2:ed:6d
[   28.329273] configfs-gadget.g_multi gadget.0: CDC Ethernet: IN/ep3in OUT/ep2out NOTIFY/ep4in
[   28.329292] configfs-gadget.g_multi gadget.0: adding 'acm'/3c8c9eb1 to config 'c'/36841fd9
[   28.329328] configfs-gadget.g_multi gadget.0: acm ttyGS0: IN/ep5in OUT/ep3out NOTIFY/ep6in
[   28.333090] PM: Cannot get wkup_m3_ipc handle
[   29.615190] configfs-gadget.g_multi gadget.0: eth_open
[   30.819245] configfs-gadget.g_multi gadget.0: stop stats: rx/tx 0/0, errs 0/0
[   35.225555] gs_open: ttyGS0 (d9fa1b2d,334aee87)
[   35.225720] gs_close: ttyGS0 (d9fa1b2d,334aee87) ...
[   35.225746] gs_close: ttyGS0 (d9fa1b2d,334aee87) done!
[   35.248673] gs_open: ttyGS0 (ca7ceb26,e27bbfd7)
[   35.248825] gs_close: ttyGS0 (ca7ceb26,e27bbfd7) ...
[   35.248849] gs_close: ttyGS0 (ca7ceb26,e27bbfd7) done!
[   35.406385] gs_open: ttyGS0 (d9fa1b2d,9a5d9d95)
[   35.406634] gs_close: ttyGS0 (d9fa1b2d,9a5d9d95) ...
[   35.406665] gs_close: ttyGS0 (d9fa1b2d,9a5d9d95) done!
[   35.418866] gs_open: ttyGS0 (d9fa1b2d,4fd2eb6d)
JGUFUZKGNM 0
root@arm:~# echo 'TCBS''FNLJNY'
TCBSFNLJNY
root@arm:~# MARKER='LCTB''OTVPOQ' run 'modprobe test_linear_ranges'
LCTBOTVPOQLCTBOTVPOQ 0
root@arm:~# echo 'VFKY''UANLKG'
VFKYUANLKG
root@arm:~# MARKER='EYWN''JFUAJA' run dmesg
EYWNJFUAJA[    0.000000] Booting Linux on physical CPU 0x0
[    0.000000] Linux version 6.12.0-rc7-next-20241113 (user01@drvtest01) (arm-linux-gnueabihf-gcc (Linaro GCC 6.4-2017.11) 6.4.1 20171012, GNU ld (Linaro_Binutils-2017.11) 2.27.0.20161229) #136 SMP Wed Nov 13 09:49:46 EET 2024
[    0.000000] CPU: ARMv7 Processor [413fc082] revision 2 (ARMv7), cr=10c5387d
[    0.000000] CPU: PIPT / VIPT nonaliasing data cache, VIPT aliasing instruction cache
[    0.000000] OF: fdt: Machine model: TI AM335x BeagleBone Black
[    0.000000] Memory policy: Data cache writeback
[    0.000000] cma: Reserved 16 MiB at 0x9e800000 on node -1
[    0.000000] Zone ranges:
[    0.000000]   Normal   [mem 0x0000000080000000-0x000000009fdfffff]
[    0.000000]   HighMem  empty
[    0.000000] Movable zone start for each node
[    0.000000] Early memory node ranges
[    0.000000]   node   0: [mem 0x0000000080000000-0x000000009fdfffff]
[    0.000000] Initmem setup node 0 [mem 0x0000000080000000-0x000000009fdfffff]
[    0.000000] OF: reserved mem: Reserved memory: No reserved-memory node in the DT
[    0.000000] CPU: All CPU(s) started in SVC mode.
[    0.000000] AM335X ES2.1 (sgx neon)
[    0.000000] percpu: Embedded 17 pages/cpu s39564 r8192 d21876 u69632
[    0.000000] pcpu-alloc: s39564 r8192 d21876 u69632 alloc=17*4096
[    0.000000] pcpu-alloc: [0] 0 
[    0.000000] Kernel command line: console=ttyO0,115200n8 root=/dev/nfs rw nfsroot=192.168.255.126:/home/user01/nfs,nfsvers=3 ip=192.168.255.1:192.168.255.126::255.255.255.0:bbb1:eth0 nfsrootdebug
[    0.000000] Unknown kernel command line parameters "nfsrootdebug", will be passed to user space.
[    0.000000] printk: log buffer data + meta data: 65536 + 204800 = 270336 bytes
[    0.000000] Dentry cache hash table entries: 65536 (order: 6, 262144 bytes, linear)
[    0.000000] Inode-cache hash table entries: 32768 (order: 5, 131072 bytes, linear)
[    0.000000] Built 1 zonelists, mobility grouping on.  Total pages: 130560
[    0.000000] mem auto-init: stack:off, heap alloc:off, heap free:off
[    0.000000] SLUB: HWalign=64, Order=0-3, MinObjects=0, CPUs=1, Nodes=1
[    0.000000] trace event string verifier disabled
[    0.000000] rcu: Hierarchical RCU implementation.
[    0.000000] rcu: 	RCU event tracing is enabled.
[    0.000000] rcu: 	RCU restricting CPUs from NR_CPUS=2 to nr_cpu_ids=1.
[    0.000000] 	Tracing variant of Tasks RCU enabled.
[    0.000000] rcu: RCU calculated value of scheduler-enlistment delay is 10 jiffies.
[    0.000000] rcu: Adjusting geometry for rcu_fanout_leaf=16, nr_cpu_ids=1
[    0.000000] RCU Tasks Trace: Setting shift to 0 and lim to 1 rcu_task_cb_adjust=1 rcu_task_cpu_ids=1.
[    0.000000] NR_IRQS: 16, nr_irqs: 16, preallocated irqs: 16
[    0.000000] IRQ: Found an INTC at 0x(ptrval) (revision 5.0) with 128 interrupts
[    0.000000] rcu: srcu_init: Setting srcu_struct sizes based on contention.
[    0.000000] TI gptimer clocksource: always-on /ocp/interconnect@44c00000/segment@200000/target-module@31000
[    0.000002] sched_clock: 32 bits at 24MHz, resolution 41ns, wraps every 89478484971ns
[    0.000027] clocksource: dmtimer: mask: 0xffffffff max_cycles: 0xffffffff, max_idle_ns: 79635851949 ns
[    0.000510] TI gptimer clockevent: 24000000 Hz at /ocp/interconnect@48000000/segment@0/target-module@40000
[    0.002165] Console: colour dummy device 80x30
[    0.002232] WARNING: Your 'console=ttyO0' has been replaced by 'ttyS0'
[    0.002240] This ensures that you still see kernel messages. Please
[    0.002245] update your kernel commandline.
[    0.002287] Calibrating delay loop... 996.14 BogoMIPS (lpj=4980736)
[    0.090559] CPU: Testing write buffer coherency: ok
[    0.090680] CPU0: Spectre v2: using BPIALL workaround
[    0.090691] pid_max: default: 32768 minimum: 301
[    0.090818] LSM: initializing lsm=capability
[    0.090990] Mount-cache hash table entries: 1024 (order: 0, 4096 bytes, linear)
[    0.091011] Mountpoint-cache hash table entries: 1024 (order: 0, 4096 bytes, linear)
[    0.092684] CPU0: thread -1, cpu 0, socket -1, mpidr 0
[    0.160926] Setting up static identity map for 0x80100000 - 0x80100078
[    0.170714] rcu: Hierarchical SRCU implementation.
[    0.170727] rcu: 	Max phase no-delay instances is 1000.
[    0.190782] smp: Bringing up secondary CPUs ...
[    0.190842] smp: Brought up 1 node, 1 CPU
[    0.190858] SMP: Total of 1 processors activated (996.14 BogoMIPS).
[    0.190870] CPU: All CPU(s) started in SVC mode.
[    0.191062] Memory: 480840K/522240K available (11264K kernel code, 1214K rwdata, 2896K rodata, 1024K init, 297K bss, 23388K reserved, 16384K cma-reserved, 0K highmem)
[    0.191944] devtmpfs: initialized
[    0.208880] VFP support v0.3: implementor 41 architecture 3 part 30 variant c rev 3
[    0.209225] clocksource: jiffies: mask: 0xffffffff max_cycles: 0xffffffff, max_idle_ns: 19112604462750000 ns
[    0.209261] futex hash table entries: 256 (order: 2, 16384 bytes, linear)
[    0.210524] pinctrl core: initialized pinctrl subsystem
[    0.213532] NET: Registered PF_NETLINK/PF_ROUTE protocol family
[    0.216371] DMA: preallocated 256 KiB pool for atomic coherent allocations
[    0.217287] audit: initializing netlink subsys (disabled)
[    0.218724] thermal_sys: Registered thermal governor 'fair_share'
[    0.218743] thermal_sys: Registered thermal governor 'step_wise'
[    0.218753] thermal_sys: Registered thermal governor 'user_space'
[    0.218910] audit: type=2000 audit(0.210:1): state=initialized audit_enabled=0 res=1
[    0.218951] cpuidle: using governor menu
[    0.237550] /ocp/interconnect@44c00000/segment@200000/target-module@b000/i2c@0/tda19988@70: Fixed dependency cycle(s) with /ocp/interconnect@48000000/segment@300000/target-module@e000/lcdc@0
[    0.238722] /ocp/interconnect@48000000/segment@300000/target-module@e000/lcdc@0: Fixed dependency cycle(s) with /ocp/interconnect@44c00000/segment@200000/target-module@b000/i2c@0/tda19988@70
[    0.241094] No ATAGs?
[    0.241118] hw-breakpoint: debug architecture 0x4 unsupported.
[    0.243912] kprobes: kprobe jump-optimization is enabled. All kprobes are optimized if possible.
[    0.253944] iommu: Default domain type: Translated
[    0.253968] iommu: DMA domain TLB invalidation policy: strict mode
[    0.255645] reg-fixed-voltage fixedregulator0: using DT '/fixedregulator0' for '(default)' GPIO lookup
[    0.255705] of_get_named_gpiod_flags: can't parse 'gpios' property of node '/fixedregulator0[0]'
[    0.255734] of_get_named_gpiod_flags: can't parse 'gpio' property of node '/fixedregulator0[0]'
[    0.255752] reg-fixed-voltage fixedregulator0: using lookup tables for GPIO lookup
[    0.255764] reg-fixed-voltage fixedregulator0: No GPIO consumer (default) found
[    0.261531] SCSI subsystem initialized
[    0.262024] libata version 3.00 loaded.
[    0.262394] pps_core: LinuxPPS API ver. 1 registered
[    0.262406] pps_core: Software ver. 5.3.6 - Copyright 2005-2007 Rodolfo Giometti <giometti@linux.it>
[    0.262432] PTP clock support registered
[    0.270814] vgaarb: loaded
[    0.271225] clocksource: Switched to clocksource dmtimer
[    0.271900] VFS: Disk quotas dquot_6.6.0
[    0.271945] VFS: Dquot-cache hash table entries: 1024 (order 0, 4096 bytes)
[    0.296144] NET: Registered PF_INET protocol family
[    0.296505] IP idents hash table entries: 8192 (order: 4, 65536 bytes, linear)
[    0.297924] tcp_listen_portaddr_hash hash table entries: 512 (order: 0, 4096 bytes, linear)
[    0.297964] Table-perturb hash table entries: 65536 (order: 6, 262144 bytes, linear)
[    0.297982] TCP established hash table entries: 4096 (order: 2, 16384 bytes, linear)
[    0.298026] TCP bind hash table entries: 4096 (order: 4, 65536 bytes, linear)
[    0.298126] TCP: Hash tables configured (established 4096 bind 4096)
[    0.298245] UDP hash table entries: 256 (order: 1, 8192 bytes, linear)
[    0.298273] UDP-Lite hash table entries: 256 (order: 1, 8192 bytes, linear)
[    0.298452] NET: Registered PF_UNIX/PF_LOCAL protocol family
[    0.299733] RPC: Registered named UNIX socket transport module.
[    0.299756] RPC: Registered udp transport module.
[    0.299762] RPC: Registered tcp transport module.
[    0.299767] RPC: Registered tcp-with-tls transport module.
[    0.299772] RPC: Registered tcp NFSv4.1 backchannel transport module.
[    0.299799] PCI: CLS 0 bytes, default 64
[    0.301434] Initialise system trusted keyrings
[    0.311904] workingset: timestamp_bits=14 max_order=17 bucket_order=3
[    0.313248] NFS: Registering the id_resolver key type
[    0.313324] Key type id_resolver registered
[    0.313332] Key type id_legacy registered
[    0.313386] jffs2: version 2.2. (NAND) (SUMMARY)  Â© 2001-2006 Red Hat, Inc.
[    0.313802] Key type asymmetric registered
[    0.313820] Asymmetric key parser 'x509' registered
[    0.313886] io scheduler mq-deadline registered
[    0.313897] io scheduler kyber registered
[    0.313965] io scheduler bfq registered
[    0.315605] ledtrig-cpu: registered to indicate activity on CPUs
[    0.322514] Serial: 8250/16550 driver, 6 ports, IRQ sharing enabled
[    0.361977] brd: module loaded
[    0.379288] loop: module loaded
[    0.380220] mtdoops: mtd device (mtddev=name/number) must be supplied
[    0.400569] mdio_bus fixed-0: using lookup tables for GPIO lookup
[    0.400599] mdio_bus fixed-0: No GPIO consumer reset found
[    0.402146] i2c_dev: i2c /dev entries driver
[    0.403143] cpuidle: enable-method property 'ti,am3352' found operations
[    0.403594] sdhci: Secure Digital Host Controller Interface driver
[    0.403605] sdhci: Copyright(c) Pierre Ossman
[    0.403775] sdhci-pltfm: SDHCI platform and OF driver helper
[    0.404788] Initializing XFRM netlink socket
[    0.404939] NET: Registered PF_INET6 protocol family
[    0.406994] Segment Routing with IPv6
[    0.407089] In-situ OAM (IOAM) with IPv6
[    0.407189] sit: IPv6, IPv4 and MPLS over IPv4 tunneling driver
[    0.408146] NET: Registered PF_PACKET protocol family
[    0.408187] NET: Registered PF_KEY protocol family
[    0.408316] Key type dns_resolver registered
[    0.408593] ThumbEE CPU extension supported.
[    0.408617] Registering SWP/SWPB emulation handler
[    0.409161] omap_voltage_late_init: Voltage driver support not added
[    0.409508] SmartReflex Class3 initialized
[    0.443474] Loading compiled-in X.509 certificates
[    0.492084] /ocp/interconnect@44c00000/segment@200000/target-module@b000/i2c@0/tda19988@70: Fixed dependency cycle(s) with /ocp/interconnect@48000000/segment@300000/target-module@e000/lcdc@0
[    0.498552] /ocp/interconnect@44c00000/segment@200000/target-module@b000/i2c@0/tda19988@70: Fixed dependency cycle(s) with /ocp/interconnect@48000000/segment@300000/target-module@e000/lcdc@0
[    0.504368] gpiochip_find_base_unlocked: found new base at 512
[    0.520334] /ocp/interconnect@44c00000/segment@200000/target-module@b000/i2c@0/tda19988@70: Fixed dependency cycle(s) with /ocp/interconnect@48000000/segment@300000/target-module@e000/lcdc@0
[    0.521452] /ocp/interconnect@44c00000/segment@200000/target-module@b000/i2c@0/tda19988@70: Fixed dependency cycle(s) with /ocp/interconnect@48000000/segment@300000/target-module@e000/lcdc@0
[    0.525072] /ocp/interconnect@44c00000/segment@200000/target-module@10000/scm@0/pinmux@800: Fixed dependency cycle(s) with /ocp/interconnect@44c00000/segment@200000/target-module@10000/scm@0/pinmux@800/clkout2-pins
[    0.525656] pinctrl-single 44e10800.pinmux: 142 pins, size 568
[    0.530924] ti-sysc 44e31000.target-module: probe with driver ti-sysc failed with error -16
[    0.570946] /ocp/interconnect@48000000/segment@300000/target-module@e000/lcdc@0: Fixed dependency cycle(s) with /ocp/interconnect@44c00000/segment@200000/target-module@b000/i2c@0/tda19988@70
[    0.579058] ti-sysc 48040000.target-module: probe with driver ti-sysc failed with error -16
[    0.590319] gpiochip_find_base_unlocked: found new base at 512
[    0.590421] gpio gpiochip0: (gpio-0-31): created GPIO range 0->7 ==> 44e10800.pinmux PIN 0->7
[    0.590442] gpio gpiochip0: (gpio-0-31): created GPIO range 8->11 ==> 44e10800.pinmux PIN 90->93
[    0.590459] gpio gpiochip0: (gpio-0-31): created GPIO range 12->27 ==> 44e10800.pinmux PIN 12->27
[    0.590474] gpio gpiochip0: (gpio-0-31): created GPIO range 28->31 ==> 44e10800.pinmux PIN 30->33
[    0.617658] gpio gpiochip0: (gpio-0-31): added GPIO chardev (254:0)
[    0.617814] gpio gpiochip0: registered GPIOs 512 to 543 on gpio-0-31
[    0.617898] OMAP GPIO hardware version 0.1
[    0.644700] i2c i2c-2: using DT '/ocp/interconnect@48000000/segment@100000/target-module@9c000/i2c@0' for 'scl' GPIO lookup
[    0.644778] of_get_named_gpiod_flags: can't parse 'scl-gpios' property of node '/ocp/interconnect@48000000/segment@100000/target-module@9c000/i2c@0[0]'
[    0.644824] of_get_named_gpiod_flags: can't parse 'scl-gpio' property of node '/ocp/interconnect@48000000/segment@100000/target-module@9c000/i2c@0[0]'
[    0.644862] i2c i2c-2: using lookup tables for GPIO lookup
[    0.644872] i2c i2c-2: No GPIO consumer scl found
[    0.644894] i2c i2c-2: using DT '/ocp/interconnect@48000000/segment@100000/target-module@9c000/i2c@0' for 'sda' GPIO lookup
[    0.644932] of_get_named_gpiod_flags: can't parse 'sda-gpios' property of node '/ocp/interconnect@48000000/segment@100000/target-module@9c000/i2c@0[0]'
[    0.644970] of_get_named_gpiod_flags: can't parse 'sda-gpio' property of node '/ocp/interconnect@48000000/segment@100000/target-module@9c000/i2c@0[0]'
[    0.645003] i2c i2c-2: using lookup tables for GPIO lookup
[    0.645011] i2c i2c-2: No GPIO consumer sda found
[    0.645745] omap_i2c 4819c000.i2c: bus 2 rev0.11 at 100 kHz
[    0.651182] gpiochip_find_base_unlocked: found new base at 544
[    0.651516] gpio gpiochip1: (gpio-32-63): created GPIO range 0->17 ==> 44e10800.pinmux PIN 34->51
[    0.651542] gpio gpiochip1: (gpio-32-63): created GPIO range 18->21 ==> 44e10800.pinmux PIN 77->80
[    0.651559] gpio gpiochip1: (gpio-32-63): created GPIO range 22->31 ==> 44e10800.pinmux PIN 56->65
[    0.652540] gpio gpiochip1: (gpio-32-63): added GPIO chardev (254:1)
[    0.652689] gpio gpiochip1: registered GPIOs 544 to 575 on gpio-32-63
[    0.654902] gpiochip_find_base_unlocked: found new base at 576
[    0.654996] gpio gpiochip2: (gpio-64-95): created GPIO range 0->4 ==> 44e10800.pinmux PIN 66->70
[    0.655016] gpio gpiochip2: (gpio-64-95): created GPIO range 5->6 ==> 44e10800.pinmux PIN 98->99
[    0.655031] gpio gpiochip2: (gpio-64-95): created GPIO range 7->8 ==> 44e10800.pinmux PIN 75->76
[    0.655047] gpio gpiochip2: (gpio-64-95): created GPIO range 13->13 ==> 44e10800.pinmux PIN 141->141
[    0.655064] gpio gpiochip2: (gpio-64-95): created GPIO range 14->21 ==> 44e10800.pinmux PIN 100->107
[    0.665861] gpio gpiochip2: (gpio-64-95): added GPIO chardev (254:2)
[    0.666010] gpio gpiochip2: registered GPIOs 576 to 607 on gpio-64-95
[    0.671776] 48000000.interconnect:segment@200000:target-module@0:mpu@0:fck: device ID is greater than 24
[    0.672701] /ocp/interconnect@48000000/segment@300000/target-module@e000/lcdc@0: Fixed dependency cycle(s) with /ocp/interconnect@44c00000/segment@200000/target-module@b000/i2c@0/tda19988@70
[    0.675484] /ocp/interconnect@48000000/segment@300000/target-module@e000/lcdc@0: Fixed dependency cycle(s) with /ocp/interconnect@44c00000/segment@200000/target-module@b000/i2c@0/tda19988@70
[    0.676180] /ocp/interconnect@44c00000/segment@200000/target-module@b000/i2c@0/tda19988@70: Fixed dependency cycle(s) with /ocp/interconnect@48000000/segment@300000/target-module@e000/lcdc@0
[    0.676341] /ocp/interconnect@48000000/segment@300000/target-module@e000/lcdc@0: Fixed dependency cycle(s) with /ocp/interconnect@44c00000/segment@200000/target-module@b000/i2c@0/tda19988@70
[    0.685989] mdio_bus 4a101000.mdio: using DT '/ocp/interconnect@4a000000/segment@0/target-module@100000/switch@0/mdio@1000' for 'reset' GPIO lookup
[    0.686067] of_get_named_gpiod_flags: can't parse 'reset-gpios' property of node '/ocp/interconnect@4a000000/segment@0/target-module@100000/switch@0/mdio@1000[0]'
[    0.686117] of_get_named_gpiod_flags: can't parse 'reset-gpio' property of node '/ocp/interconnect@4a000000/segment@0/target-module@100000/switch@0/mdio@1000[0]'
[    0.686165] mdio_bus 4a101000.mdio: using lookup tables for GPIO lookup
[    0.686176] mdio_bus 4a101000.mdio: No GPIO consumer reset found
[    0.687388] sdhci-omap 481d8000.mmc: using DT '/ocp/interconnect@48000000/segment@100000/target-module@d8000/mmc@0' for 'wp' GPIO lookup
[    0.687476] of_get_named_gpiod_flags: can't parse 'wp-gpios' property of node '/ocp/interconnect@48000000/segment@100000/target-module@d8000/mmc@0[0]'
[    0.687524] of_get_named_gpiod_flags: can't parse 'wp-gpio' property of node '/ocp/interconnect@48000000/segment@100000/target-module@d8000/mmc@0[0]'
[    0.687560] sdhci-omap 481d8000.mmc: using lookup tables for GPIO lookup
[    0.687572] sdhci-omap 481d8000.mmc: No GPIO consumer wp found
[    0.687768] sdhci-omap 481d8000.mmc: supply pbias not found, using dummy regulator
[    0.688267] sdhci-omap 481d8000.mmc: supply vqmmc not found, using dummy regulator
[    0.749344] davinci_mdio 4a101000.mdio: davinci mdio revision 1.6, bus freq 1000000
[    0.766654] mdio_bus 4a101000.mdio:00: using DT '/ocp/interconnect@4a000000/segment@0/target-module@100000/switch@0/mdio@1000/ethernet-phy@0' for 'reset' GPIO lookup
[    0.766760] of_get_named_gpiod_flags: parsed 'reset-gpios' property of node '/ocp/interconnect@4a000000/segment@0/target-module@100000/switch@0/mdio@1000/ethernet-phy@0[0]' - status (0)
[    0.766928] gpio gpiochip0: Persistence not supported for GPIO 8
[    0.897063] davinci_mdio 4a101000.mdio: phy[0]: device 4a101000.mdio:00, driver SMSC LAN8710/LAN8720
[    0.897848] cpsw-switch 4a100000.switch: initialized cpsw ale version 1.4
[    0.897870] cpsw-switch 4a100000.switch: ALE Table size 1024, Policers 0
[    0.898199] cpsw-switch 4a100000.switch: cpts: overflow check period 500 (jiffies)
[    0.898223] cpsw-switch 4a100000.switch: CPTS: ref_clk_freq:250000000 calc_mult:2147483648 calc_shift:29 error:0 nsec/sec
[    0.898334] cpsw-switch 4a100000.switch: Detected MACID = 6c:ec:eb:68:de:78
[    0.900150] cpsw-switch 4a100000.switch: initialized (regs 0x4a100000, pool size 256) hw_ver:0019010C 1.12 (0)
[    0.911181] debugfs: Directory '49000000.dma' with parent 'dmaengine' already present!
[    0.911395] edma 49000000.dma: TI EDMA DMA engine driver
[    0.954105] target-module@4b000000:target-module@140000:pmu@0:fck: device ID is greater than 24
[    0.965640] hw perfevents: enabled with armv7_cortex_a8 PMU driver, 5 (8000000f) counters available
[    0.966519] gpio-clk clk_mcasp0: using DT '/clk_mcasp0' for 'enable' GPIO lookup
[    0.966587] of_get_named_gpiod_flags: parsed 'enable-gpios' property of node '/clk_mcasp0[0]' - status (0)
[    0.966632] gpio gpiochip0: Persistence not supported for GPIO 27
[    0.967427] gpiochip_find_base_unlocked: found new base at 608
[    0.967537] gpio gpiochip3: (gpio-96-127): created GPIO range 0->7 ==> 44e10800.pinmux PIN 82->89
[    0.967577] gpio gpiochip3: (gpio-96-127): created GPIO range 8->11 ==> 44e10800.pinmux PIN 52->55
[    0.967594] gpio gpiochip3: (gpio-96-127): created GPIO range 12->15 ==> 44e10800.pinmux PIN 94->97
[    0.967610] gpio gpiochip3: (gpio-96-127): created GPIO range 16->17 ==> 44e10800.pinmux PIN 71->72
[    0.967625] gpio gpiochip3: (gpio-96-127): created GPIO range 18->18 ==> 44e10800.pinmux PIN 135->135
[    0.967642] gpio gpiochip3: (gpio-96-127): created GPIO range 19->20 ==> 44e10800.pinmux PIN 108->109
[    0.967658] gpio gpiochip3: (gpio-96-127): created GPIO range 21->21 ==> 44e10800.pinmux PIN 73->73
[    0.967675] gpio gpiochip3: (gpio-96-127): created GPIO range 22->23 ==> 44e10800.pinmux PIN 8->9
[    0.967692] gpio gpiochip3: (gpio-96-127): created GPIO range 26->27 ==> 44e10800.pinmux PIN 10->11
[    0.967709] gpio gpiochip3: (gpio-96-127): created GPIO range 28->28 ==> 44e10800.pinmux PIN 74->74
[    0.967727] gpio gpiochip3: (gpio-96-127): created GPIO range 29->29 ==> 44e10800.pinmux PIN 81->81
[    0.967745] gpio gpiochip3: (gpio-96-127): created GPIO range 30->31 ==> 44e10800.pinmux PIN 28->29
[    0.973321] l3-aon-clkctrl:0000:0: failed to disable
[    0.985491] gpio gpiochip3: (gpio-96-127): added GPIO chardev (254:3)
[    0.985639] gpio gpiochip3: registered GPIOs 608 to 639 on gpio-96-127
[    0.987568] omap8250 44e09000.serial: using DT '/ocp/interconnect@44c00000/segment@200000/target-module@9000/serial@0' for 'rs485-term' GPIO lookup
[    0.987643] of_get_named_gpiod_flags: can't parse 'rs485-term-gpios' property of node '/ocp/interconnect@44c00000/segment@200000/target-module@9000/serial@0[0]'
[    0.987691] of_get_named_gpiod_flags: can't parse 'rs485-term-gpio' property of node '/ocp/interconnect@44c00000/segment@200000/target-module@9000/serial@0[0]'
[    0.987729] omap8250 44e09000.serial: using lookup tables for GPIO lookup
[    0.987740] omap8250 44e09000.serial: No GPIO consumer rs485-term found
[    0.987751] omap8250 44e09000.serial: using DT '/ocp/interconnect@44c00000/segment@200000/target-module@9000/serial@0' for 'rs485-rx-during-tx' GPIO lookup
[    0.987789] of_get_named_gpiod_flags: can't parse 'rs485-rx-during-tx-gpios' property of node '/ocp/interconnect@44c00000/segment@200000/target-module@9000/serial@0[0]'
[    0.987829] of_get_named_gpiod_flags: can't parse 'rs485-rx-during-tx-gpio' property of node '/ocp/interconnect@44c00000/segment@200000/target-module@9000/serial@0[0]'
[    0.987862] omap8250 44e09000.serial: using lookup tables for GPIO lookup
[    0.987871] omap8250 44e09000.serial: No GPIO consumer rs485-rx-during-tx found
[    0.988251] 44e09000.serial: ttyS0 at MMIO 0x44e09000 (irq = 34, base_baud = 3000000) is a 8250
[    0.988341] printk: legacy console [ttyS0] enabled
[    2.481971] i2c i2c-0: using DT '/ocp/interconnect@44c00000/segment@200000/target-module@b000/i2c@0' for 'scl' GPIO lookup
[    2.482066] of_get_named_gpiod_flags: can't parse 'scl-gpios' property of node '/ocp/interconnect@44c00000/segment@200000/target-module@b000/i2c@0[0]'
[    2.482117] of_get_named_gpiod_flags: can't parse 'scl-gpio' property of node '/ocp/interconnect@44c00000/segment@200000/target-module@b000/i2c@0[0]'
[    2.482158] i2c i2c-0: using lookup tables for GPIO lookup
[    2.482173] i2c i2c-0: No GPIO consumer scl found
[    2.482199] i2c i2c-0: using DT '/ocp/interconnect@44c00000/segment@200000/target-module@b000/i2c@0' for 'sda' GPIO lookup
[    2.482241] of_get_named_gpiod_flags: can't parse 'sda-gpios' property of node '/ocp/interconnect@44c00000/segment@200000/target-module@b000/i2c@0[0]'
[    2.482284] of_get_named_gpiod_flags: can't parse 'sda-gpio' property of node '/ocp/interconnect@44c00000/segment@200000/target-module@b000/i2c@0[0]'
[    2.482322] i2c i2c-0: using lookup tables for GPIO lookup
[    2.482333] i2c i2c-0: No GPIO consumer sda found
[    2.502240] tps65217-pmic: Failed to locate of_node [id: -1]
[    2.508299] tps65217-bl: Failed to locate of_node [id: -1]
[    2.519645] tps65217 0-0024: TPS65217 ID 0xe version 1.2
[    2.525794] /ocp/interconnect@48000000/segment@300000/target-module@e000/lcdc@0: Fixed dependency cycle(s) with /ocp/interconnect@44c00000/segment@200000/target-module@b000/i2c@0/tda19988@70
[    2.543166] /ocp/interconnect@44c00000/segment@200000/target-module@b000/i2c@0/tda19988@70: Fixed dependency cycle(s) with /ocp/interconnect@48000000/segment@300000/target-module@e000/lcdc@0
[    2.560518] omap_i2c 44e0b000.i2c: bus 0 rev0.11 at 400 kHz
[    2.568361] sdhci-omap 48060000.mmc: using DT '/ocp/interconnect@48000000/segment@0/target-module@60000/mmc@0' for 'cd' GPIO lookup
[    2.568474] of_get_named_gpiod_flags: parsed 'cd-gpios' property of node '/ocp/interconnect@48000000/segment@0/target-module@60000/mmc@0[0]' - status (0)
[    2.568546] gpio gpiochip3: Persistence not supported for GPIO 6
[    2.568572] omap_gpio 44e07000.gpio: Could not set line 6 debounce to 200000 microseconds (-22)
[    2.577453] sdhci-omap 48060000.mmc: Got CD GPIO
[    2.582135] sdhci-omap 48060000.mmc: using DT '/ocp/interconnect@48000000/segment@0/target-module@60000/mmc@0' for 'wp' GPIO lookup
[    2.582188] of_get_named_gpiod_flags: can't parse 'wp-gpios' property of node '/ocp/interconnect@48000000/segment@0/target-module@60000/mmc@0[0]'
[    2.582235] of_get_named_gpiod_flags: can't parse 'wp-gpio' property of node '/ocp/interconnect@48000000/segment@0/target-module@60000/mmc@0[0]'
[    2.582276] sdhci-omap 48060000.mmc: using lookup tables for GPIO lookup
[    2.582292] sdhci-omap 48060000.mmc: No GPIO consumer wp found
[    2.582504] sdhci-omap 48060000.mmc: supply pbias not found, using dummy regulator
[    2.591182] sdhci-omap 481d8000.mmc: using DT '/ocp/interconnect@48000000/segment@100000/target-module@d8000/mmc@0' for 'wp' GPIO lookup
[    2.591388] of_get_named_gpiod_flags: can't parse 'wp-gpios' property of node '/ocp/interconnect@48000000/segment@100000/target-module@d8000/mmc@0[0]'
[    2.591443] of_get_named_gpiod_flags: can't parse 'wp-gpio' property of node '/ocp/interconnect@48000000/segment@100000/target-module@d8000/mmc@0[0]'
[    2.591485] sdhci-omap 481d8000.mmc: using lookup tables for GPIO lookup
[    2.591500] sdhci-omap 481d8000.mmc: No GPIO consumer wp found
[    2.592571] sdhci-omap 48060000.mmc: supply vqmmc not found, using dummy regulator
[    2.601609] sdhci-omap 481d8000.mmc: supply pbias not found, using dummy regulator
[    2.609600] sdhci-omap 481d8000.mmc: supply vqmmc not found, using dummy regulator
[    2.644717] mmc0: SDHCI controller on 48060000.mmc [48060000.mmc] using External DMA
[    2.653045] mmc1: SDHCI controller on 481d8000.mmc [481d8000.mmc] using External DMA
[    2.661926] cpsw-switch 4a100000.switch: starting ndev. mode: dual_mac
[    2.713259] mmc0: new high speed SDHC card at address 5048
[    2.720287] mmcblk0: mmc0:5048 SD16G 14.4 GiB
[    2.728463]  mmcblk0: p1 p2
[    2.731978] mmcblk0: p2 size 31221760 extends beyond EOD, truncated
[    2.742471] SMSC LAN8710/LAN8720 4a101000.mdio:00: attached PHY driver (mii_bus:phy_addr=4a101000.mdio:00, irq=POLL)
[    2.762314] mmc1: new high speed MMC card at address 0001
[    2.769124] mmcblk1: mmc1:0001 MMC04G 3.60 GiB
[    2.776693]  mmcblk1: p1 p2
[    2.780998] mmcblk1boot0: mmc1:0001 MMC04G 2.00 MiB
[    2.788121] mmcblk1boot1: mmc1:0001 MMC04G 2.00 MiB
[    2.795453] mmcblk1rpmb: mmc1:0001 MMC04G 128 KiB, chardev (250:0)
[    5.922001] cpsw-switch 4a100000.switch eth0: Link is Up - 100Mbps/Full - flow control off
[    5.951245] IP-Config: Complete:
[    5.954520]      device=eth0, hwaddr=6c:ec:eb:68:de:78, ipaddr=192.168.255.1, mask=255.255.255.0, gw=255.255.255.255
[    5.965166]      host=bbb1, domain=, nis-domain=(none)
