Labgrid Console Logfile for main
Logfile started at 2024-12-12 15:19:32.298467
=== Log starts here ===
device ID is greater than 24
[    0.918457] hw perfevents: enabled with armv7_cortex_a8 PMU driver, 5 (8000000f) counters available
[    0.925845] l3-aon-clkctrl:0000:0: failed to disable
[    0.937987] 44e09000.serial: ttyS0 at MMIO 0x44e09000 (irq = 34, base_baud = 3000000) is a 8250
[    0.938078] printk: legacy console [ttyS0] enabled
[    2.292284] tps65217-pmic: Failed to locate of_node [id: -1]
[    2.298351] tps65217-bl: Failed to locate of_node [id: -1]
[    2.309780] tps65217 0-0024: TPS65217 ID 0xe version 1.2
[    2.315923] platform 4830e000.lcdc: Fixed dependency cycle(s) with /ocp/interconnect@44c00000/segment@200000/target-module@b000/i2c@0/tda19988@70
[    2.329348] i2c 0-0070: Fixed dependency cycle(s) with /ocp/interconnect@48000000/segment@300000/target-module@e000/lcdc@0
[    2.340756] omap_i2c 44e0b000.i2c: bus 0 rev0.11 at 400 kHz
[    2.348569] omap_gpio 44e07000.gpio: Could not set line 6 debounce to 200000 microseconds (-22)
[    2.357458] sdhci-omap 48060000.mmc: Got CD GPIO
[    2.362508] sdhci-omap 48060000.mmc: supply pbias not found, using dummy regulator
[    2.372805] sdhci-omap 48060000.mmc: supply vqmmc not found, using dummy regulator
[    2.381877] sdhci-omap 481d8000.mmc: supply pbias not found, using dummy regulator
[    2.389868] sdhci-omap 481d8000.mmc: supply vqmmc not found, using dummy regulator
[    2.507436] mmc1: SDHCI controller on 481d8000.mmc [481d8000.mmc] using External DMA
[    2.516522] mmc0: SDHCI controller on 48060000.mmc [48060000.mmc] using External DMA
[    2.525330] cpsw-switch 4a100000.switch: starting ndev. mode: dual_mac
[    2.578964] mmc1: new high speed MMC card at address 0001
[    2.585901] mmcblk1: mmc1:0001 MK2704 3.53 GiB
[    2.593637]  mmcblk1: p1
[    2.596826] SMSC LAN8710/LAN8720 4a101000.mdio:00: attached PHY driver (mii_bus:phy_addr=4a101000.mdio:00, irq=POLL)
[    2.608338] mmcblk1boot0: mmc1:0001 MK2704 2.00 MiB
[    2.615679] mmcblk1boot1: mmc1:0001 MK2704 2.00 MiB
[    2.629008] mmcblk1rpmb: mmc1:0001 MK2704 512 KiB, chardev (250:0)
[    2.643802] mmc0: new high speed SDHC card at address aaaa
[    2.650672] mmcblk0: mmc0:aaaa SE32G 29.7 GiB
[    2.659698]  mmcblk0: p1 p2
[    4.722083] cpsw-switch 4a100000.switch eth0: Link is Up - 100Mbps/Full - flow control off
[    4.761299] IP-Config: Complete:
[    4.764571]      device=eth0, hwaddr=18:2c:65:25:39:4f, ipaddr=192.168.255.5, mask=255.255.255.0, gw=255.255.255.255
[    4.775197]      host=bbb1, domain=, nis-domain=(none)
[    4.780364]      bootserver=192.168.255.126, rootserver=192.168.255.126, rootpath=
[    4.780794] clk: Disabling unused clocks
[    4.792659] PM: genpd: Disabling unused power domains
[    4.797782] KTAP version 1
[    4.800503] 1..0
[    5.854595] VFS: Mounted root (nfs filesystem) on device 0:17.
[    5.861426] devtmpfs: mounted
[    5.866177] Freeing unused kernel image (initmem) memory: 1024K
[    5.872946] Run /sbin/init as init process
[    6.601996] systemd[1]: System time before build time, advancing clock.
[    8.081310] random: crng init done
[    8.113956] systemd[1]: systemd 232 running in system mode. (+PAM +AUDIT +SELINUX +IMA +APPARMOR +SMACK +SYSVINIT +UTMP +LIBCRYPTSETUP +GCRYPT +GNUTLS +ACL +XZ +LZ4 +SECCOMP +BLKID +ELFUTILS +KMOD +IDN)
[    8.133135] systemd[1]: Detected architecture arm.

Welcome to [1mDebian GNU/Linux 9 (stretch)[0m!

[    8.164301] systemd[1]: Set hostname to <arm>.
[    9.233446] systemd[1]: Listening on Journal Socket (/dev/log).
[[0;32m  OK  [0m] Listening on Journal Socket (/dev/log).
[    9.253246] systemd[1]: Listening on /dev/initctl Compatibility Named Pipe.
[[0;32m  OK  [0m] Listening on /dev/initctl Compatibility Named Pipe.
[    9.282953] systemd[1]: Created slice System Slice.
[[0;32m  OK  [0m] Created slice System Slice.
[    9.341888] systemd[1]: Mounting POSIX Message Queue File System...
         Mounting POSIX Message Queue File System...
[    9.373269] systemd[1]: Created slice system-getty.slice.
[[0;32m  OK  [0m] Created slice system-getty.slice.
[    9.422733] systemd[1]: Mounting Debug File System...
         Mounting Debug File System...
[    9.446189] systemd[1]: Set up automount Arbitrary Executable File Formats File System Automount Point.
[[0;32m  OK  [0m] Set up automount Arbitrary Executabâ€¦rmats File System Automount Point.
[[0;32m  OK  [0m] Started Forward Password Requests to Wall Directory Watch.
[[0;32m  OK  [0m] Reached target Swap.
[[0;32m  OK  [0m] Reached target Remote File Systems.
[[0;32m  OK  [0m] Listening on udev Kernel Socket.
[[0;32m  OK  [0m] Created slice system-serial\x2dgetty.slice.
[[0;32m  OK  [0m] Started Dispatch Password Requests to Console Directory Watch.
[[0;32m  OK  [0m] Reached target Encrypted Volumes.
[[0;32m  OK  [0m] Reached target Paths.
[[0;32m  OK  [0m] Listening on Journal Audit Socket.
[[0;32m  OK  [0m] Created slice User and Session Slice.
[[0;32m  OK  [0m] Reached target Slices.
[[0;32m  OK  [0m] Listening on Syslog Socket.
[[0;32m  OK  [0m] Listening on udev Control Socket.
[[0;32m  OK  [0m] Listening on Journal Socket.
         Starting Remount Root and Kernel File Systems...
         Starting Load Kernel Modules...
         Starting Journal Service...
         Starting Create list of required stâ€¦ce nodes for the current kernel...
[[0;32m  OK  [0m] Mounted Debug File System.
[[0;32m  OK  [0m] Mounted POSIX Message Queue File System.
[[0;32m  OK  [0m] Started Remount Root and Kernel File Systems.
[[0;32m  OK  [0m] Started Create list of required staâ€¦vice nodes for the current kernel.
         Starting Create Static Device Nodes in /dev...
         Starting Load/Save Random Seed...
         Starting udev Coldplug all Devices...
[[0;32m  OK  [0m] Started Load Kernel Modules.
         Starting Apply Kernel Variables...
         Mounting Configuration File System...
[[0;32m  OK  [0m] Started Load/Save Random Seed.
[[0;32m  OK  [0m] Mounted Configuration File System.
[[0;32m  OK  [0m] Started Apply Kernel Variables.
[[0;32m  OK  [0m] Started Create Static Device Nodes in /dev.
         Starting udev Kernel Device Manager...
[[0;32m  OK  [0m] Reached target Local File Systems (Pre).
[[0;32m  OK  [0m] Reached target Local File Systems.
         Starting Raise network interfaces...
[[0;32m  OK  [0m] Started Journal Service.
         Starting Flush Journal to Persistent Storage...
[   11.657067] systemd-journald[84]: Received request to flush runtime journal from PID 1
[[0;32m  OK  [0m] Started Flush Journal to Persistent Storage.
         Starting Create Volatile Files and Directories...
[[0;32m  OK  [0m] Started udev Kernel Device Manager.
[[0;32m  OK  [0m] Started Create Volatile Files and Directories.
         Starting Network Time Synchronization...
         Starting Update UTMP about System Boot/Shutdown...
[[0;32m  OK  [0m] Started Update UTMP about System Boot/Shutdown.
[[0;32m  OK  [0m] Started udev Coldplug all Devices.
[[0;32m  OK  [0m] Started Network Time Synchronization.
[[0;32m  OK  [0m] Reached target System Initialization.
[[0;32m  OK  [0m] Listening on D-Bus System Message Bus Socket.
[   14.728434] remoteproc remoteproc0: wkup_m3 is available
[[0;32m  OK  [0m] Listening on Avahi mDNS/DNS-SD Stack Activation Socket.
[[0;32m  OK  [0m] Reached target Sockets.
[[0;32m  OK  [0m] Reached target Basic System.
         Starting Login Service...
[   15.024970] at24 2-0054: supply vcc not found, using dummy regulator
         Starting Telephony service...
[   15.205012] at24 2-0055: supply vcc not found, using dummy regulator
         Starting LSB: Start busybox udhcpd at boot time...
         Starting Cape Manager Service...[   15.327774] at24 2-0056: supply vcc not found, using dummy regulator

[   15.436650] at24 2-0057: supply vcc not found, using dummy regulator
         Starting System Logging Service...
[   15.560016] am335x-phy-driver 47401300.usb-phy: dummy supplies not allowed for exclusive requests (id=vbus)
[   15.593077] at24 0-0050: 32768 byte 24c256 EEPROM, writable, 1 bytes/write
         Starting LSB: Load kernel modules needed to enable cpufreq scaling...
[[0;32m  OK  [0m] Started Daily Cleanup of Temporary Directories.
[   15.695350] tps6521x_pwrbutton tps65217-pwrbutton: DMA mask not set
[   15.752912] am335x-phy-driver 47401b00.usb-phy: dummy supplies not allowed for exclusive requests (id=vbus)
         Starting DUN service...
[   15.844541] input: tps65217_pwrbutton as /devices/platform/ocp/44c00000.interconnect/44c00000.interconnect:segment@200000/44e0b000.target-module/44e0b000.i2c/i2c-0/0-0024/tps65217-pwrbutton/input/input0
[   15.987082] wkup_m3_ipc 44e11324.wkup_m3_ipc: IPC Request for A8->M3 Channel failed! -517
[   16.001008] omap_rtc 44e3e000.rtc: already running
         Starting Generic Board Startup...
[   16.149676] omap_rtc 44e3e000.rtc: registered as rtc0
[   16.155036] omap_rtc 44e3e000.rtc: setting system clock to 2000-01-01T01:37:25 UTC (946690645)
[   16.165690] wkup_m3_ipc 44e11324.wkup_m3_ipc: IPC Request for A8->M3 Channel failed! -517
[   16.250185] omap_wdt: OMAP Watchdog Timer Rev 0x01: initial timeout 60 sec
[[0;32m  OK  [0m] Started D-Bus System Message Bus.
[   16.360198] wkup_m3_ipc 44e11324.wkup_m3_ipc: IPC Request for A8->M3 Channel failed! -517
[   16.830178] usbcore: registered new interface driver usbfs
[   16.835997] usbcore: registered new interface driver hub
[   16.841508] usbcore: registered new device driver usb
[   17.488307] tda998x 0-0070: found TDA19988
[   17.615220] wkup_m3_ipc 44e11324.wkup_m3_ipc: IPC Request for A8->M3 Channel failed! -517
[   17.795295] wkup_m3_ipc 44e11324.wkup_m3_ipc: IPC Request for A8->M3 Channel failed! -517
[   17.864803] musb-hdrc musb-hdrc.1: MUSB HDRC host driver
[   17.870233] musb-hdrc musb-hdrc.1: new USB bus registered, assigned bus number 1
[   17.950304] wkup_m3_ipc 44e11324.wkup_m3_ipc: IPC Request for A8->M3 Channel failed! -517
[   17.996309] omap-mailbox 480c8000.mailbox: omap mailbox rev 0x400
[   18.116389] remoteproc remoteproc0: powering up wkup_m3
[   18.125780] usb usb1: New USB device found, idVendor=1d6b, idProduct=0002, bcdDevice= 6.12
[   18.134284] usb usb1: New USB device strings: Mfr=3, Product=2, SerialNumber=1
[   18.141603] usb usb1: Product: MUSB HDRC host driver
[   18.146599] usb usb1: Manufacturer: Linux 6.12.0-ga76caca857b0 musb-hcd
[   18.153282] usb usb1: SerialNumber: musb-hdrc.1
[   18.268845] remoteproc remoteproc0: Direct firmware load for am335x-pm-firmware.elf failed with error -2
[   18.279367] remoteproc remoteproc0: request_firmware failed: -2
[   18.285478] wkup_m3_ipc 44e11324.wkup_m3_ipc: rproc_boot failed
[   18.483336] hub 1-0:1.0: USB hub found
[   18.541644] hub 1-0:1.0: 1 port detected
[   20.358879] omap_rng 48310000.rng: Random Number Generator ver. 20
[   20.406535] tilcdc 4830e000.lcdc: bound 0-0070 (ops tda998x_driver_exit [tda998x])
[   20.519577] [drm] Initialized tilcdc 1.0.0 for 4830e000.lcdc on minor 0
[   20.592527] tilcdc 4830e000.lcdc: [drm] Cannot find any crtc or sizes
[   20.608005] tilcdc 4830e000.lcdc: [drm] Cannot find any crtc or sizes
[[0;32m  OK  [0m] Started DUN service.
[[0;32m  OK  [0m] Started Telephony service.
         Starting Connection service...
         Starting Avahi mDNS/DNS-SD Stack...
[[0;32m  OK  [0m] Started Regular background program processing daemon.
[[0;32m  OK  [0m] Reached target System Time Synchronized.
[[0;32m  OK  [0m] Started Daily apt download activities.
[[0;32m  OK  [0m] Started Daily apt upgrade and clean activities.
[[0;32m  OK  [0m] Reached target Timers.
[[0;32m  OK  [0m] Started System Logging Service.
[[0;32m  OK  [0m] Started Cape Manager Service.
[   22.004225] omap-sham 53100000.sham: hw accel on OMAP rev 4.3
[   22.085178] PM: Cannot get wkup_m3_ipc handle
[   22.145153] omap-sham 53100000.sham: will run requests pump with realtime priority
[   22.179210] PM: Cannot get wkup_m3_ipc handle
[   22.316747] omap-aes 53500000.aes: OMAP AES hw accel rev: 3.2
[   22.429066] omap-aes 53500000.aes: will run requests pump with realtime priority
[   22.440494] PM: Cannot get wkup_m3_ipc handle
[   22.767507] Bluetooth: Core ver 2.22
[   22.771523] NET: Registered PF_BLUETOOTH protocol family
[   22.776880] Bluetooth: HCI device and connection manager initialized
[   22.783353] Bluetooth: HCI socket layer initialized
[   22.788267] Bluetooth: L2CAP socket layer initialized
[   22.793415] Bluetooth: SCO socket layer initialized
[[0;32m  OK  [0m] Found device /dev/ttyS0.
[   25.891972] PM: Cannot get wkup_m3_ipc handle
[   26.007831] PM: Cannot get wkup_m3_ipc handle
[[0;32m  OK  [0m] Started LSB: Start busybox udhcpd at boot time.
[[0;32m  OK  [0m] Started Raise network interfaces.
[   28.727677] configfs-gadget.g_multi gadget.0: HOST MAC 1c:ba:8c:a2:ed:6c
[   28.734655] configfs-gadget.g_multi gadget.0: MAC 1c:ba:8c:a2:ed:70
[   28.742054] configfs-gadget.g_multi gadget.0: HOST MAC 1c:ba:8c:a2:ed:6c
[   28.748821] configfs-gadget.g_multi gadget.0: MAC 1c:ba:8c:a2:ed:6d
[   28.771841] PM: Cannot get wkup_m3_ipc handle
[[0;32m  OK  [0m] Started LSB: Load kernel modules needed to enable cpufreq scaling.
[[0;32m  OK  [0m] Started Avahi mDNS/DNS-SD Stack.
[[0;32m  OK  [0m] Started Connection service.
[[0;32m  OK  [0m] Started Login Service.
         Starting Hostname Service...
         Starting WPA supplicant...
[[0;32m  OK  [0m] Reached target Sound Card.
         Starting LSB: set CPUFreq kernel parameters...
[[0;32m  OK  [0m] Started WPA supplicant.
[[0;32m  OK  [0m] Started Hostname Service.
[[0;32m  OK  [0m] Reached target Network.
         Starting Permit User Sessions...
         Starting OpenBSD Secure Shell server...
[[0;32m  OK  [0m] Reached target Network is Online.
         Starting LSB: Advanced IEEE 802.11 management daemon...
         Starting The Apache HTTP Server...
[[0;32m  OK  [0m] Started LSB: set CPUFreq kernel parameters.
[[0;32m  OK  [0m] Started Permit User Sessions.
[[0;32m  OK  [0m] Started LSB: Advanced IEEE 802.11 management daemon.
         Stopping LSB: Start busybox udhcpd at boot time...
[[0;32m  OK  [0m] Started Getty on tty1.
[[0;32m  OK  [0m] Started Serial Getty on ttyS0.
[[0;32m  OK  [0m] Reached target Login Prompts.
[[0;32m  OK  [0m] Stopped LSB: Start busybox udhcpd at boot time.
[[0;32m  OK  [0m] Started OpenBSD Secure Shell server.
         Starting dnsmasq - A lightweight DHCP and caching DNS server...
[[0;32m  OK  [0m] Started The Apache HTTP Server.
[[0;32m  OK  [0m] Started dnsmasq - A lightweight DHCP and caching DNS server.
[[0;32m  OK  [0m] Reached target Host and Network Name Lookups.
[[0;32m  OK  [0m] Started Serial Getty on ttyGS0.
[[0;32m  OK  [0m] Started Generic Board Startup.
[[0;32m  OK  [0m] Reached target Multi-User System.
[[0;32m  OK  [0m] Reached target Graphical Interface.
         Starting Update UTMP about System Runlevel Changes...
[[0;32m  OK  [0m] Started Update UTMP about System Runlevel Changes.

Debian GNU/Linux 9 arm ttyS0

default username:password is [debian:temppwd]

arm login: root
Password: 
Last login: Sat Jan  1 01:26:53 UTC 2000 on ttyS0
root
Linux arm 6.12.0-ga76caca857b0 #41 SMP Mon Dec  9 12:14:15 EET 2024 armv7l

The programs included with the Debian GNU/Linux system are free software;
the exact distribution terms for each program are described in the
individual files in /usr/share/doc/*/copyright.

Debian GNU/Linux comes with ABSOLUTELY NO WARRANTY, to the extent
permitted by applicable law.
root@arm:~# root
dmesg -n 1
-bash: root: command not found
root@arm:~# dmesg -n 1
root@arm:~# echo 'QAGM''VXSQAL'
QAGMVXSQAL
root@arm:~# run() { echo -n "$MARKER"; sh -c "$@"; echo "$MARKER $?"; }
root@arm:~# echo 'XYBC''AVJPEX'
XYBCAVJPEX
root@arm:~# MARKER='PSYS''MZYEXP' run 'cat /proc/version'
PSYSMZYEXPLinux version 6.12.0-ga76caca857b0 (kale@latitude5580) (arm-linux-gnueabihf-gcc (Linaro GCC 6.4-2017.11) 6.4.1 20171012, GNU ld (Linaro_Binutils-2017.11) 2.27.0.20161229) #41 SMP Mon Dec  9 12:14:15 EET 2024
PSYSMZYEXP 0
root@arm:~# echo 'MMZY''YJNWBE'
MMZYYJNWBE
root@arm:~# MARKER='TOVE''YCEXSO' run false
TOVEYCEXSOTOVEYCEXSO 1
root@arm:~# Labgrid Console Logfile for main
Logfile started at 2024-12-12 15:20:31.647624
=== Log starts here ===

root@arm:~# run() { echo -n "$MARKER"; sh -c "$@"; echo "$MARKER $?"; }
root@arm:~# echo 'HQBJ''ETPHGN'
HQBJETPHGN
root@arm:~# MARKER='CXLB''GGTGGH' run 'ls /iio_generic_buffer; echo $?'
CXLBGGTGGH/iio_generic_buffer
0
CXLBGGTGGH 0
root@arm:~# Labgrid Console Logfile for main
Logfile started at 2024-12-12 15:20:37.500749
=== Log starts here ===

root@arm:~# run() { echo -n "$MARKER"; sh -c "$@"; echo "$MARKER $?"; }
root@arm:~# echo 'KKCO''WSZFJJ'
KKCOWSZFJJ
root@arm:~# MARKER='WLVJ''ZQFFYS' run dmesg
WLVJZQFFYS[    0.000000] Booting Linux on physical CPU 0x0
[    0.000000] Linux version 6.12.0-ga76caca857b0 (kale@latitude5580) (arm-linux-gnueabihf-gcc (Linaro GCC 6.4-2017.11) 6.4.1 20171012, GNU ld (Linaro_Binutils-2017.11) 2.27.0.20161229) #41 SMP Mon Dec  9 12:14:15 EET 2024
[    0.000000] CPU: ARMv7 Processor [413fc082] revision 2 (ARMv7), cr=10c5387d
[    0.000000] CPU: PIPT / VIPT nonaliasing data cache, VIPT aliasing instruction cache
[    0.000000] OF: fdt: Machine model: TI AM335x BeagleBone Black
[    0.000000] Memory policy: Data cache writeback
[    0.000000] cma: Reserved 16 MiB at 0x9e800000 on node -1
[    0.000000] Zone ranges:
[    0.000000]   Normal   [mem 0x0000000080000000-0x000000009fdfffff]
[    0.000000]   HighMem  empty
[    0.000000] Movable zone start for each node
[    0.000000] Early memory node ranges
[    0.000000]   node   0: [mem 0x0000000080000000-0x000000009fdfffff]
[    0.000000] Initmem setup node 0 [mem 0x0000000080000000-0x000000009fdfffff]
[    0.000000] CPU: All CPU(s) started in SVC mode.
[    0.000000] AM335X ES2.1 (sgx neon)
[    0.000000] percpu: Embedded 17 pages/cpu s40268 r8192 d21172 u69632
[    0.000000] pcpu-alloc: s40268 r8192 d21172 u69632 alloc=17*4096
[    0.000000] pcpu-alloc: [0] 0 
[    0.000000] Kernel command line: console=ttyO0,115200n8 root=/dev/nfs rw nfsroot=192.168.255.126:/home/kale/nfs,nfsvers=3 ip=192.168.255.5:192.168.255.126::255.255.255.0:bbb1:eth0 nfsrootdebug
[    0.000000] Unknown kernel command line parameters "nfsrootdebug", will be passed to user space.
[    0.000000] Dentry cache hash table entries: 65536 (order: 6, 262144 bytes, linear)
[    0.000000] Inode-cache hash table entries: 32768 (order: 5, 131072 bytes, linear)
[    0.000000] Built 1 zonelists, mobility grouping on.  Total pages: 130560
[    0.000000] mem auto-init: stack:off, heap alloc:off, heap free:off
[    0.000000] SLUB: HWalign=64, Order=0-3, MinObjects=0, CPUs=1, Nodes=1
[    0.000000] trace event string verifier disabled
[    0.000000] rcu: Hierarchical RCU implementation.
[    0.000000] rcu: 	RCU event tracing is enabled.
[    0.000000] rcu: 	RCU restricting CPUs from NR_CPUS=2 to nr_cpu_ids=1.
[    0.000000] rcu: RCU calculated value of scheduler-enlistment delay is 10 jiffies.
[    0.000000] rcu: Adjusting geometry for rcu_fanout_leaf=16, nr_cpu_ids=1
[    0.000000] NR_IRQS: 16, nr_irqs: 16, preallocated irqs: 16
[    0.000000] IRQ: Found an INTC at 0x(ptrval) (revision 5.0) with 128 interrupts
[    0.000000] rcu: srcu_init: Setting srcu_struct sizes based on contention.
[    0.000000] TI gptimer clocksource: always-on /ocp/interconnect@44c00000/segment@200000/target-module@31000
[    0.000003] sched_clock: 32 bits at 24MHz, resolution 41ns, wraps every 89478484971ns
[    0.000028] clocksource: dmtimer: mask: 0xffffffff max_cycles: 0xffffffff, max_idle_ns: 79635851949 ns
[    0.000508] TI gptimer clockevent: 24000000 Hz at /ocp/interconnect@48000000/segment@0/target-module@40000
[    0.002145] Console: colour dummy device 80x30
[    0.002211] WARNING: Your 'console=ttyO0' has been replaced by 'ttyS0'
[    0.002219] This ensures that you still see kernel messages. Please
[    0.002224] update your kernel commandline.
[    0.002268] Calibrating delay loop... 996.14 BogoMIPS (lpj=4980736)
[    0.090558] CPU: Testing write buffer coherency: ok
[    0.090659] CPU0: Spectre v2: using BPIALL workaround
[    0.090669] pid_max: default: 32768 minimum: 301
[    0.090791] LSM: initializing lsm=capability
[    0.090961] Mount-cache hash table entries: 1024 (order: 0, 4096 bytes, linear)
[    0.090982] Mountpoint-cache hash table entries: 1024 (order: 0, 4096 bytes, linear)
[    0.092618] CPU0: thread -1, cpu 0, socket -1, mpidr 0
[    0.160730] Setting up static identity map for 0x80100000 - 0x80100078
[    0.170706] rcu: Hierarchical SRCU implementation.
[    0.170719] rcu: 	Max phase no-delay instances is 1000.
[    0.190762] smp: Bringing up secondary CPUs ...
[    0.190821] smp: Brought up 1 node, 1 CPU
[    0.190836] SMP: Total of 1 processors activated (996.14 BogoMIPS).
[    0.190849] CPU: All CPU(s) started in SVC mode.
[    0.191039] Memory: 480864K/522240K available (11264K kernel code, 1211K rwdata, 2876K rodata, 1024K init, 299K bss, 23364K reserved, 16384K cma-reserved, 0K highmem)
[    0.191893] devtmpfs: initialized
[    0.208683] VFP support v0.3: implementor 41 architecture 3 part 30 variant c rev 3
[    0.209037] clocksource: jiffies: mask: 0xffffffff max_cycles: 0xffffffff, max_idle_ns: 19112604462750000 ns
[    0.209071] futex hash table entries: 256 (order: 2, 16384 bytes, linear)
[    0.210330] pinctrl core: initialized pinctrl subsystem
[    0.213309] NET: Registered PF_NETLINK/PF_ROUTE protocol family
[    0.216137] DMA: preallocated 256 KiB pool for atomic coherent allocations
[    0.217052] audit: initializing netlink subsys (disabled)
[    0.218447] thermal_sys: Registered thermal governor 'fair_share'
[    0.218461] thermal_sys: Registered thermal governor 'step_wise'
[    0.218472] thermal_sys: Registered thermal governor 'user_space'
[    0.218623] audit: type=2000 audit(0.210:1): state=initialized audit_enabled=0 res=1
[    0.218663] cpuidle: using governor menu
[    0.237917] No ATAGs?
[    0.237943] hw-breakpoint: debug architecture 0x4 unsupported.
[    0.240759] kprobes: kprobe jump-optimization is enabled. All kprobes are optimized if possible.
[    0.254073] iommu: Default domain type: Translated
[    0.254096] iommu: DMA domain TLB invalidation policy: strict mode
[    0.255775] reg-fixed-voltage fixedregulator0: using DT '/fixedregulator0' for '(default)' GPIO lookup
[    0.255827] of_get_named_gpiod_flags: can't parse 'gpios' property of node '/fixedregulator0[0]'
[    0.255857] of_get_named_gpiod_flags: can't parse 'gpio' property of node '/fixedregulator0[0]'
[    0.255875] reg-fixed-voltage fixedregulator0: using lookup tables for GPIO lookup
[    0.255886] reg-fixed-voltage fixedregulator0: No GPIO consumer (default) found
[    0.262132] SCSI subsystem initialized
[    0.262627] libata version 3.00 loaded.
[    0.262989] pps_core: LinuxPPS API ver. 1 registered
[    0.262999] pps_core: Software ver. 5.3.6 - Copyright 2005-2007 Rodolfo Giometti <giometti@linux.it>
[    0.263026] PTP clock support registered
[    0.270876] vgaarb: loaded
[    0.271281] clocksource: Switched to clocksource dmtimer
[    0.271934] VFS: Disk quotas dquot_6.6.0
[    0.271981] VFS: Dquot-cache hash table entries: 1024 (order 0, 4096 bytes)
[    0.296746] NET: Registered PF_INET protocol family
[    0.297104] IP idents hash table entries: 8192 (order: 4, 65536 bytes, linear)
[    0.298497] tcp_listen_portaddr_hash hash table entries: 512 (order: 0, 4096 bytes, linear)
[    0.298537] Table-perturb hash table entries: 65536 (order: 6, 262144 bytes, linear)
[    0.298556] TCP established hash table entries: 4096 (order: 2, 16384 bytes, linear)
[    0.298600] TCP bind hash table entries: 4096 (order: 4, 65536 bytes, linear)
[    0.298700] TCP: Hash tables configured (established 4096 bind 4096)
[    0.298819] UDP hash table entries: 256 (order: 1, 8192 bytes, linear)
[    0.298846] UDP-Lite hash table entries: 256 (order: 1, 8192 bytes, linear)
[    0.299026] NET: Registered PF_UNIX/PF_LOCAL protocol family
[    0.312616] RPC: Registered named UNIX socket transport module.
[    0.312638] RPC: Registered udp transport module.
[    0.312644] RPC: Registered tcp transport module.
[    0.312649] RPC: Registered tcp-with-tls transport module.
[    0.312655] RPC: Registered tcp NFSv4.1 backchannel transport module.
[    0.312681] PCI: CLS 0 bytes, default 64
[    0.314149] Initialise system trusted keyrings
[    0.314760] workingset: timestamp_bits=14 max_order=17 bucket_order=3
[    0.316180] NFS: Registering the id_resolver key type
[    0.316272] Key type id_resolver registered
[    0.316280] Key type id_legacy registered
[    0.316326] jffs2: version 2.2. (NAND) (SUMMARY)  Â© 2001-2006 Red Hat, Inc.
[    0.316716] Key type asymmetric registered
[    0.316731] Asymmetric key parser 'x509' registered
[    0.316797] io scheduler mq-deadline registered
[    0.316808] io scheduler kyber registered
[    0.316874] io scheduler bfq registered
[    0.318900] ledtrig-cpu: registered to indicate activity on CPUs
[    0.331562] Serial: 8250/16550 driver, 6 ports, IRQ sharing enabled
[    0.382524] brd: module loaded
[    0.391221] loop: module loaded
[    0.392303] mtdoops: mtd device (mtddev=name/number) must be supplied
[    0.394056] mdio_bus fixed-0: using lookup tables for GPIO lookup
[    0.394081] mdio_bus fixed-0: No GPIO consumer reset found
[    0.395477] i2c_dev: i2c /dev entries driver
[    0.396474] cpuidle: enable-method property 'ti,am3352' found operations
[    0.396914] sdhci: Secure Digital Host Controller Interface driver
[    0.396925] sdhci: Copyright(c) Pierre Ossman
[    0.397100] sdhci-pltfm: SDHCI platform and OF driver helper
[    0.398128] Initializing XFRM netlink socket
[    0.398254] NET: Registered PF_INET6 protocol family
[    0.400202] Segment Routing with IPv6
[    0.400292] In-situ OAM (IOAM) with IPv6
[    0.400387] sit: IPv6, IPv4 and MPLS over IPv4 tunneling driver
[    0.401490] NET: Registered PF_PACKET protocol family
[    0.401533] NET: Registered PF_KEY protocol family
[    0.401692] Key type dns_resolver registered
[    0.401967] ThumbEE CPU extension supported.
[    0.401988] Registering SWP/SWPB emulation handler
[    0.402514] omap_voltage_late_init: Voltage driver support not added
[    0.402884] SmartReflex Class3 initialized
[    0.436648] Loading compiled-in X.509 certificates
[    0.489854] gpiochip_find_base_unlocked: found new base at 512
[    0.509723] platform 44e10800.pinmux: Fixed dependency cycle(s) with /ocp/interconnect@44c00000/segment@200000/target-module@10000/scm@0/pinmux@800/clkout2-pins
[    0.510276] pinctrl-single 44e10800.pinmux: 142 pins, size 568
[    0.515695] ti-sysc 44e31000.target-module: probe with driver ti-sysc failed with error -16
[    0.563364] ti-sysc 48040000.target-module: probe with driver ti-sysc failed with error -16
[    0.574537] gpiochip_find_base_unlocked: found new base at 512
[    0.574639] gpio gpiochip0: (gpio-0-31): created GPIO range 0->7 ==> 44e10800.pinmux PIN 0->7
[    0.574657] gpio gpiochip0: (gpio-0-31): created GPIO range 8->11 ==> 44e10800.pinmux PIN 90->93
[    0.574674] gpio gpiochip0: (gpio-0-31): created GPIO range 12->27 ==> 44e10800.pinmux PIN 12->27
[    0.574689] gpio gpiochip0: (gpio-0-31): created GPIO range 28->31 ==> 44e10800.pinmux PIN 30->33
[    0.614808] gpio gpiochip0: (gpio-0-31): added GPIO chardev (254:0)
[    0.614973] gpio gpiochip0: registered GPIOs 512 to 543 on gpio-0-31
[    0.615057] OMAP GPIO hardware version 0.1
[    0.652317] i2c i2c-2: using DT '/ocp/interconnect@48000000/segment@100000/target-module@9c000/i2c@0' for 'scl' GPIO lookup
[    0.652392] of_get_named_gpiod_flags: can't parse 'scl-gpios' property of node '/ocp/interconnect@48000000/segment@100000/target-module@9c000/i2c@0[0]'
[    0.652435] of_get_named_gpiod_flags: can't parse 'scl-gpio' property of node '/ocp/interconnect@48000000/segment@100000/target-module@9c000/i2c@0[0]'
[    0.652472] i2c i2c-2: using lookup tables for GPIO lookup
[    0.652483] i2c i2c-2: No GPIO consumer scl found
[    0.652505] i2c i2c-2: using DT '/ocp/interconnect@48000000/segment@100000/target-module@9c000/i2c@0' for 'sda' GPIO lookup
[    0.652543] of_get_named_gpiod_flags: can't parse 'sda-gpios' property of node '/ocp/interconnect@48000000/segment@100000/target-module@9c000/i2c@0[0]'
[    0.652580] of_get_named_gpiod_flags: can't parse 'sda-gpio' property of node '/ocp/interconnect@48000000/segment@100000/target-module@9c000/i2c@0[0]'
[    0.652613] i2c i2c-2: using lookup tables for GPIO lookup
[    0.652621] i2c i2c-2: No GPIO consumer sda found
[    0.653379] omap_i2c 4819c000.i2c: bus 2 rev0.11 at 100 kHz
[    0.658759] gpiochip_find_base_unlocked: found new base at 544
[    0.658856] gpio gpiochip1: (gpio-32-63): created GPIO range 0->17 ==> 44e10800.pinmux PIN 34->51
[    0.658875] gpio gpiochip1: (gpio-32-63): created GPIO range 18->21 ==> 44e10800.pinmux PIN 77->80
[    0.658890] gpio gpiochip1: (gpio-32-63): created GPIO range 22->31 ==> 44e10800.pinmux PIN 56->65
[    0.659700] gpio gpiochip1: (gpio-32-63): added GPIO chardev (254:1)
[    0.659859] gpio gpiochip1: registered GPIOs 544 to 575 on gpio-32-63
[    0.662261] gpiochip_find_base_unlocked: found new base at 576
[    0.662353] gpio gpiochip2: (gpio-64-95): created GPIO range 0->4 ==> 44e10800.pinmux PIN 66->70
[    0.662372] gpio gpiochip2: (gpio-64-95): created GPIO range 5->6 ==> 44e10800.pinmux PIN 98->99
[    0.662387] gpio gpiochip2: (gpio-64-95): created GPIO range 7->8 ==> 44e10800.pinmux PIN 75->76
[    0.662403] gpio gpiochip2: (gpio-64-95): created GPIO range 13->13 ==> 44e10800.pinmux PIN 141->141
[    0.662419] gpio gpiochip2: (gpio-64-95): created GPIO range 14->21 ==> 44e10800.pinmux PIN 100->107
[    0.663216] gpio gpiochip2: (gpio-64-95): added GPIO chardev (254:2)
[    0.663350] gpio gpiochip2: registered GPIOs 576 to 607 on gpio-64-95
[    0.668825] 48000000.interconnect:segment@200000:target-module@0:mpu@0:fck: device ID is greater than 24
[    0.673315] platform 4830e000.lcdc: Fixed dependency cycle(s) with /ocp/interconnect@44c00000/segment@200000/target-module@b000/i2c@0/tda19988@70
[    0.682726] mdio_bus 4a101000.mdio: using DT '/ocp/interconnect@4a000000/segment@0/target-module@100000/switch@0/mdio@1000' for 'reset' GPIO lookup
[    0.682798] of_get_named_gpiod_flags: can't parse 'reset-gpios' property of node '/ocp/interconnect@4a000000/segment@0/target-module@100000/switch@0/mdio@1000[0]'
[    0.682847] of_get_named_gpiod_flags: can't parse 'reset-gpio' property of node '/ocp/interconnect@4a000000/segment@0/target-module@100000/switch@0/mdio@1000[0]'
[    0.682895] mdio_bus 4a101000.mdio: using lookup tables for GPIO lookup
[    0.682905] mdio_bus 4a101000.mdio: No GPIO consumer reset found
[    0.684095] sdhci-omap 481d8000.mmc: using DT '/ocp/interconnect@48000000/segment@100000/target-module@d8000/mmc@0' for 'wp' GPIO lookup
[    0.684159] of_get_named_gpiod_flags: can't parse 'wp-gpios' property of node '/ocp/interconnect@48000000/segment@100000/target-module@d8000/mmc@0[0]'
[    0.684203] of_get_named_gpiod_flags: can't parse 'wp-gpio' property of node '/ocp/interconnect@48000000/segment@100000/target-module@d8000/mmc@0[0]'
[    0.684239] sdhci-omap 481d8000.mmc: using lookup tables for GPIO lookup
[    0.684249] sdhci-omap 481d8000.mmc: No GPIO consumer wp found
[    0.684441] sdhci-omap 481d8000.mmc: supply pbias not found, using dummy regulator
[    0.684926] sdhci-omap 481d8000.mmc: supply vqmmc not found, using dummy regulator
[    0.741544] davinci_mdio 4a101000.mdio: davinci mdio revision 1.6, bus freq 1000000
[    0.758961] mdio_bus 4a101000.mdio:00: using DT '/ocp/interconnect@4a000000/segment@0/target-module@100000/switch@0/mdio@1000/ethernet-phy@0' for 'reset' GPIO lookup
[    0.759061] of_get_named_gpiod_flags: parsed 'reset-gpios' property of node '/ocp/interconnect@4a000000/segment@0/target-module@100000/switch@0/mdio@1000/ethernet-phy@0[0]' - status (0)
[    0.759225] gpio gpiochip0: Persistence not supported for GPIO 8
[    0.861886] davinci_mdio 4a101000.mdio: phy[0]: device 4a101000.mdio:00, driver SMSC LAN8710/LAN8720
[    0.862671] cpsw-switch 4a100000.switch: initialized cpsw ale version 1.4
[    0.862694] cpsw-switch 4a100000.switch: ALE Table size 1024, Policers 0
[    0.862853] cpsw-switch 4a100000.switch: cpts: overflow check period 500 (jiffies)
[    0.862871] cpsw-switch 4a100000.switch: CPTS: ref_clk_freq:250000000 calc_mult:2147483648 calc_shift:29 error:0 nsec/sec
[    0.862974] cpsw-switch 4a100000.switch: Detected MACID = 18:2c:65:25:39:4f
[    0.864801] cpsw-switch 4a100000.switch: initialized (regs 0x4a100000, pool size 256) hw_ver:0019010C 1.12 (0)
[    0.875786] debugfs: Directory '49000000.dma' with parent 'dmaengine' already present!
[    0.875825] edma 49000000.dma: TI EDMA DMA engine driver
[    0.907724] target-module@4b000000:target-module@140000:pmu@0:fck: device ID is greater than 24
[    0.918457] hw perfevents: enabled with armv7_cortex_a8 PMU driver, 5 (8000000f) counters available
[    0.919360] gpio-clk clk_mcasp0: using DT '/clk_mcasp0' for 'enable' GPIO lookup
[    0.919425] of_get_named_gpiod_flags: parsed 'enable-gpios' property of node '/clk_mcasp0[0]' - status (0)
[    0.919469] gpio gpiochip0: Persistence not supported for GPIO 27
[    0.920239] gpiochip_find_base_unlocked: found new base at 608
[    0.920370] gpio gpiochip3: (gpio-96-127): created GPIO range 0->7 ==> 44e10800.pinmux PIN 82->89
[    0.920392] gpio gpiochip3: (gpio-96-127): created GPIO range 8->11 ==> 44e10800.pinmux PIN 52->55
[    0.920407] gpio gpiochip3: (gpio-96-127): created GPIO range 12->15 ==> 44e10800.pinmux PIN 94->97
[    0.920423] gpio gpiochip3: (gpio-96-127): created GPIO range 16->17 ==> 44e10800.pinmux PIN 71->72
[    0.920438] gpio gpiochip3: (gpio-96-127): created GPIO range 18->18 ==> 44e10800.pinmux PIN 135->135
[    0.920454] gpio gpiochip3: (gpio-96-127): created GPIO range 19->20 ==> 44e10800.pinmux PIN 108->109
[    0.920471] gpio gpiochip3: (gpio-96-127): created GPIO range 21->21 ==> 44e10800.pinmux PIN 73->73
[    0.920488] gpio gpiochip3: (gpio-96-127): created GPIO range 22->23 ==> 44e10800.pinmux PIN 8->9
[    0.920505] gpio gpiochip3: (gpio-96-127): created GPIO range 26->27 ==> 44e10800.pinmux PIN 10->11
[    0.920522] gpio gpiochip3: (gpio-96-127): created GPIO range 28->28 ==> 44e10800.pinmux PIN 74->74
[    0.920540] gpio gpiochip3: (gpio-96-127): created GPIO range 29->29 ==> 44e10800.pinmux PIN 81->81
[    0.920558] gpio gpiochip3: (gpio-96-127): created GPIO range 30->31 ==> 44e10800.pinmux PIN 28->29
[    0.925845] l3-aon-clkctrl:0000:0: failed to disable
[    0.935276] gpio gpiochip3: (gpio-96-127): added GPIO chardev (254:3)
[    0.935437] gpio gpiochip3: registered GPIOs 608 to 639 on gpio-96-127
[    0.937294] omap8250 44e09000.serial: using DT '/ocp/interconnect@44c00000/segment@200000/target-module@9000/serial@0' for 'rs485-term' GPIO lookup
[    0.937364] of_get_named_gpiod_flags: can't parse 'rs485-term-gpios' property of node '/ocp/interconnect@44c00000/segment@200000/target-module@9000/serial@0[0]'
[    0.937410] of_get_named_gpiod_flags: can't parse 'rs485-term-gpio' property of node '/ocp/interconnect@44c00000/segment@200000/target-module@9000/serial@0[0]'
[    0.937448] omap8250 44e09000.serial: using lookup tables for GPIO lookup
[    0.937458] omap8250 44e09000.serial: No GPIO consumer rs485-term found
[    0.937468] omap8250 44e09000.serial: using DT '/ocp/interconnect@44c00000/segment@200000/target-module@9000/serial@0' for 'rs485-rx-during-tx' GPIO lookup
[    0.937505] of_get_named_gpiod_flags: can't parse 'rs485-rx-during-tx-gpios' property of node '/ocp/interconnect@44c00000/segment@200000/target-module@9000/serial@0[0]'
[    0.937543] of_get_named_gpiod_flags: can't parse 'rs485-rx-during-tx-gpio' property of node '/ocp/interconnect@44c00000/segment@200000/target-module@9000/serial@0[0]'
[    0.937576] omap8250 44e09000.serial: using lookup tables for GPIO lookup
[    0.937584] omap8250 44e09000.serial: No GPIO consumer rs485-rx-during-tx found
[    0.937987] 44e09000.serial: ttyS0 at MMIO 0x44e09000 (irq = 34, base_baud = 3000000) is a 8250
[    0.938078] printk: legacy console [ttyS0] enabled
[    2.276350] i2c i2c-0: using DT '/ocp/interconnect@44c00000/segment@200000/target-module@b000/i2c@0' for 'scl' GPIO lookup
[    2.276439] of_get_named_gpiod_flags: can't parse 'scl-gpios' property of node '/ocp/interconnect@44c00000/segment@200000/target-module@b000/i2c@0[0]'
[    2.276487] of_get_named_gpiod_flags: can't parse 'scl-gpio' property of node '/ocp/interconnect@44c00000/segment@200000/target-module@b000/i2c@0[0]'
[    2.276529] i2c i2c-0: using lookup tables for GPIO lookup
[    2.276544] i2c i2c-0: No GPIO consumer scl found
[    2.276570] i2c i2c-0: using DT '/ocp/interconnect@44c00000/segment@200000/target-module@b000/i2c@0' for 'sda' GPIO lookup
[    2.276611] of_get_named_gpiod_flags: can't parse 'sda-gpios' property of node '/ocp/interconnect@44c00000/segment@200000/target-module@b000/i2c@0[0]'
[    2.276653] of_get_named_gpiod_flags: can't parse 'sda-gpio' property of node '/ocp/interconnect@44c00000/segment@200000/target-module@b000/i2c@0[0]'
[    2.276690] i2c i2c-0: using lookup tables for GPIO lookup
[    2.276701] i2c i2c-0: No GPIO consumer sda found
[    2.292284] tps65217-pmic: Failed to locate of_node [id: -1]
[    2.298351] tps65217-bl: Failed to locate of_node [id: -1]
[    2.309780] tps65217 0-0024: TPS65217 ID 0xe version 1.2
[    2.315923] platform 4830e000.lcdc: Fixed dependency cycle(s) with /ocp/interconnect@44c00000/segment@200000/target-module@b000/i2c@0/tda19988@70
[    2.329348] i2c 0-0070: Fixed dependency cycle(s) with /ocp/interconnect@48000000/segment@300000/target-module@e000/lcdc@0
[    2.340756] omap_i2c 44e0b000.i2c: bus 0 rev0.11 at 400 kHz
[    2.348369] sdhci-omap 48060000.mmc: using DT '/ocp/interconnect@48000000/segment@0/target-module@60000/mmc@0' for 'cd' GPIO lookup
[    2.348475] of_get_named_gpiod_flags: parsed 'cd-gpios' property of node '/ocp/interconnect@48000000/segment@0/target-module@60000/mmc@0[0]' - status (0)
[    2.348544] gpio gpiochip3: Persistence not supported for GPIO 6
[    2.348569] omap_gpio 44e07000.gpio: Could not set line 6 debounce to 200000 microseconds (-22)
[    2.357458] sdhci-omap 48060000.mmc: Got CD GPIO
[    2.362142] sdhci-omap 48060000.mmc: using DT '/ocp/interconnect@48000000/segment@0/target-module@60000/mmc@0' for 'wp' GPIO lookup
[    2.362196] of_get_named_gpiod_flags: can't parse 'wp-gpios' property of node '/ocp/interconnect@48000000/segment@0/target-module@60000/mmc@0[0]'
[    2.362244] of_get_named_gpiod_flags: can't parse 'wp-gpio' property of node '/ocp/interconnect@48000000/segment@0/target-module@60000/mmc@0[0]'
[    2.362285] sdhci-omap 48060000.mmc: using lookup tables for GPIO lookup
[    2.362299] sdhci-omap 48060000.mmc: No GPIO consumer wp found
[    2.362508] sdhci-omap 48060000.mmc: supply pbias not found, using dummy regulator
[    2.371179] sdhci-omap 481d8000.mmc: using DT '/ocp/interconnect@48000000/segment@100000/target-module@d8000/mmc@0' for 'wp' GPIO lookup
[    2.371360] of_get_named_gpiod_flags: can't parse 'wp-gpios' property of node '/ocp/interconnect@48000000/segment@100000/target-module@d8000/mmc@0[0]'
[    2.371414] of_get_named_gpiod_flags: can't parse 'wp-gpio' property of node '/ocp/interconnect@48000000/segment@100000/target-module@d8000/mmc@0[0]'
[    2.371456] sdhci-omap 481d8000.mmc: using lookup tables for GPIO lookup
[    2.371470] sdhci-omap 481d8000.mmc: No GPIO consumer wp found
[    2.372805] sdhci-omap 48060000.mmc: supply vqmmc not found, using dummy regulator
[    2.381877] sdhci-omap 481d8000.mmc: supply pbias not found, using dummy regulator
[    2.389868] sdhci-omap 481d8000.mmc: supply vqmmc not found, using dummy regulator
[    2.507436] mmc1: SDHCI controller on 481d8000.mmc [481d8000.mmc] using External DMA
[    2.516522] mmc0: SDHCI controller on 48060000.mmc [48060000.mmc] using External DMA
[    2.525330] cpsw-switch 4a100000.switch: starting ndev. mode: dual_mac
[    2.578964] mmc1: new high speed MMC card at address 0001
[    2.585901] mmcblk1: mmc1:0001 MK2704 3.53 GiB
[    2.593637]  mmcblk1: p1
[    2.596826] SMSC LAN8710/LAN8720 4a101000.mdio:00: attached PHY driver (mii_bus:phy_addr=4a101000.mdio:00, irq=POLL)
[    2.608338] mmcblk1boot0: mmc1:0001 MK2704 2.00 MiB
[    2.615679] mmcblk1boot1: mmc1:0001 MK2704 2.00 MiB
[    2.629008] mmcblk1rpmb: mmc1:0001 MK2704 512 KiB, chardev (250:0)
[    2.643802] mmc0: new high speed SDHC card at address aaaa
[    2.650672] mmcblk0: mmc0:aaaa SE32G 29.7 GiB
[    2.659698]  mmcblk0: p1 p2
[    4.722083] cpsw-switch 4a100000.switch eth0: Link is Up - 100Mbps/Full - flow control off
[    4.761299] IP-Config: Complete:
[    4.764571]      device=eth0, hwaddr=18:2c:65:25:39:4f, ipaddr=192.168.255.5, mask=255.255.255.0, gw=255.255.255.255
[    4.775197]      host=bbb1, domain=, nis-domain=(none)
[    4.780364]      bootserver=192.168.255.126, rootserver=192.168.255.126, rootpath=
[    4.780794] clk: Disabling unused clocks
[    4.792659] PM: genpd: Disabling unused power domains
[    4.797782] KTAP version 1
[    4.800503] 1..0
[    5.854595] VFS: Mounted root (nfs filesystem) on device 0:17.
[    5.861426] devtmpfs: mounted
[    5.866177] Freeing unused kernel image (initmem) memory: 1024K
[    5.872946] Run /sbin/init as init process
[    5.877078]   with arguments:
[    5.877091]     /sbin/init
[    5.877101]     nfsrootdebug
[    5.877111]   with environment:
[    5.877120]     HOME=/
[    5.877130]     TERM=linux
[    6.601996] systemd[1]: System time before build time, advancing clock.
[    8.081310] random: crng init done
[    8.113956] systemd[1]: systemd 232 running in system mode. (+PAM +AUDIT +SELINUX +IMA +APPARMOR +SMACK +SYSVINIT +UTMP +LIBCRYPTSETUP +GCRYPT +GNUTLS +ACL +XZ +LZ4 +SECCOMP +BLKID +ELFUTILS +KMOD +IDN)
[    8.133135] systemd[1]: Detected architecture arm.
[    8.164301] systemd[1]: Set hostname to <arm>.
[    9.233446] systemd[1]: Listening on Journal Socket (/dev/log).
[    9.253246] systemd[1]: Listening on /dev/initctl Compatibility Named Pipe.
[    9.282953] systemd[1]: Created slice System Slice.
[    9.341888] systemd[1]: Mounting POSIX Message Queue File System...
[    9.373269] systemd[1]: Created slice system-getty.slice.
[    9.422733] systemd[1]: Mounting Debug File System...
[    9.446189] systemd[1]: Set up automount Arbitrary Executable File Formats File System Automount Point.
[   11.657067] systemd-journald[84]: Received request to flush runtime journal from PID 1
[   14.339897] leds-gpio leds: using DT '/leds/led2' for '(default)' GPIO lookup
[   14.340004] of_get_named_gpiod_flags: parsed 'gpios' property of node '/leds/led2[0]' - status (0)
[   14.340063] gpio gpiochip0: Persistence not supported for GPIO 21
[   14.340080] gpio-533 (?): no flags found for GPIO (default)
[   14.382650] leds-gpio leds: using DT '/leds/led3' for '(default)' GPIO lookup
[   14.382965] of_get_named_gpiod_flags: parsed 'gpios' property of node '/leds/led3[0]' - status (0)
[   14.383037] gpio gpiochip0: Persistence not supported for GPIO 22
[   14.383053] gpio-534 (?): no flags found for GPIO (default)
[   14.455543] leds-gpio leds: using DT '/leds/led4' for '(default)' GPIO lookup
[   14.455649] of_get_named_gpiod_flags: parsed 'gpios' property of node '/leds/led4[0]' - status (0)
[   14.455701] gpio gpiochip0: Persistence not supported for GPIO 23
[   14.455718] gpio-535 (?): no flags found for GPIO (default)
[   14.471967] leds-gpio leds: using DT '/leds/led5' for '(default)' GPIO lookup
[   14.472074] of_get_named_gpiod_flags: parsed 'gpios' property of node '/leds/led5[0]' - status (0)
[   14.472127] gpio gpiochip0: Persistence not supported for GPIO 24
[   14.472143] gpio-536 (?): no flags found for GPIO (default)
[   14.728434] remoteproc remoteproc0: wkup_m3 is available
[   15.024970] at24 2-0054: supply vcc not found, using dummy regulator
[   15.205012] at24 2-0055: supply vcc not found, using dummy regulator
[   15.327774] at24 2-0056: supply vcc not found, using dummy regulator
[   15.436650] at24 2-0057: supply vcc not found, using dummy regulator
[   15.559548] am335x-phy-driver 47401300.usb-phy: using DT '/ocp/target-module@47400000/usb-phy@1300' for 'reset' GPIO lookup
[   15.559645] of_get_named_gpiod_flags: can't parse 'reset-gpios' property of node '/ocp/target-module@47400000/usb-phy@1300[0]'
[   15.559691] of_get_named_gpiod_flags: can't parse 'reset-gpio' property of node '/ocp/target-module@47400000/usb-phy@1300[0]'
[   15.559730] am335x-phy-driver 47401300.usb-phy: using lookup tables for GPIO lookup
[   15.559746] am335x-phy-driver 47401300.usb-phy: No GPIO consumer reset found
[   15.559761] am335x-phy-driver 47401300.usb-phy: using DT '/ocp/target-module@47400000/usb-phy@1300' for 'vbus-detect' GPIO lookup
[   15.559795] of_get_named_gpiod_flags: can't parse 'vbus-detect-gpios' property of node '/ocp/target-module@47400000/usb-phy@1300[0]'
[   15.559828] of_get_named_gpiod_flags: can't parse 'vbus-detect-gpio' property of node '/ocp/target-module@47400000/usb-phy@1300[0]'
[   15.559855] am335x-phy-driver 47401300.usb-phy: using lookup tables for GPIO lookup
[   15.559868] am335x-phy-driver 47401300.usb-phy: No GPIO consumer vbus-detect found
[   15.560016] am335x-phy-driver 47401300.usb-phy: dummy supplies not allowed for exclusive requests (id=vbus)
[   15.592476] at24 0-0050: using DT '/ocp/interconnect@44c00000/segment@200000/target-module@b000/i2c@0/baseboard_eeprom@50' for 'wp' GPIO lookup
[   15.592602] of_get_named_gpiod_flags: can't parse 'wp-gpios' property of node '/ocp/interconnect@44c00000/segment@200000/target-module@b000/i2c@0/baseboard_eeprom@50[0]'
[   15.592664] of_get_named_gpiod_flags: can't parse 'wp-gpio' property of node '/ocp/interconnect@44c00000/segment@200000/target-module@b000/i2c@0/baseboard_eeprom@50[0]'
[   15.592713] at24 0-0050: using lookup tables for GPIO lookup
[   15.592728] at24 0-0050: No GPIO consumer wp found
[   15.593077] at24 0-0050: 32768 byte 24c256 EEPROM, writable, 1 bytes/write
[   15.695350] tps6521x_pwrbutton tps65217-pwrbutton: DMA mask not set
[   15.752443] am335x-phy-driver 47401b00.usb-phy: using DT '/ocp/target-module@47400000/usb-phy@1b00' for 'reset' GPIO lookup
[   15.752539] of_get_named_gpiod_flags: can't parse 'reset-gpios' property of node '/ocp/target-module@47400000/usb-phy@1b00[0]'
[   15.752585] of_get_named_gpiod_flags: can't parse 'reset-gpio' property of node '/ocp/target-module@47400000/usb-phy@1b00[0]'
[   15.752624] am335x-phy-driver 47401b00.usb-phy: using lookup tables for GPIO lookup
[   15.752641] am335x-phy-driver 47401b00.usb-phy: No GPIO consumer reset found
[   15.752655] am335x-phy-driver 47401b00.usb-phy: using DT '/ocp/target-module@47400000/usb-phy@1b00' for 'vbus-detect' GPIO lookup
[   15.752689] of_get_named_gpiod_flags: can't parse 'vbus-detect-gpios' property of node '/ocp/target-module@47400000/usb-phy@1b00[0]'
[   15.752723] of_get_named_gpiod_flags: can't parse 'vbus-detect-gpio' property of node '/ocp/target-module@47400000/usb-phy@1b00[0]'
[   15.752750] am335x-phy-driver 47401b00.usb-phy: using lookup tables for GPIO lookup
[   15.752764] am335x-phy-driver 47401b00.usb-phy: No GPIO consumer vbus-detect found
[   15.752912] am335x-phy-driver 47401b00.usb-phy: dummy supplies not allowed for exclusive requests (id=vbus)
[   15.844541] input: tps65217_pwrbutton as /devices/platform/ocp/44c00000.interconnect/44c00000.interconnect:segment@200000/44e0b000.target-module/44e0b000.i2c/i2c-0/0-0024/tps65217-pwrbutton/input/input0
[   15.987082] wkup_m3_ipc 44e11324.wkup_m3_ipc: IPC Request for A8->M3 Channel failed! -517
[   16.001008] omap_rtc 44e3e000.rtc: already running
[   16.149676] omap_rtc 44e3e000.rtc: registered as rtc0
[   16.155036] omap_rtc 44e3e000.rtc: setting system clock to 2000-01-01T01:37:25 UTC (946690645)
[   16.163824] omap_rtc 44e3e000.rtc: using DT '/ocp/interconnect@44c00000/segment@200000/target-module@3e000/rtc@0' for 'wp' GPIO lookup
[   16.163897] of_get_named_gpiod_flags: can't parse 'wp-gpios' property of node '/ocp/interconnect@44c00000/segment@200000/target-module@3e000/rtc@0[0]'
[   16.163949] of_get_named_gpiod_flags: can't parse 'wp-gpio' property of node '/ocp/interconnect@44c00000/segment@200000/target-module@3e000/rtc@0[0]'
[   16.163991] omap_rtc 44e3e000.rtc: using lookup tables for GPIO lookup
[   16.164007] omap_rtc 44e3e000.rtc: No GPIO consumer wp found
[   16.165690] wkup_m3_ipc 44e11324.wkup_m3_ipc: IPC Request for A8->M3 Channel failed! -517
[   16.250185] omap_wdt: OMAP Watchdog Timer Rev 0x01: initial timeout 60 sec
[   16.360198] wkup_m3_ipc 44e11324.wkup_m3_ipc: IPC Request for A8->M3 Channel failed! -517
[   16.830178] usbcore: registered new interface driver usbfs
[   16.835997] usbcore: registered new interface driver hub
[   16.841508] usbcore: registered new device driver usb
[   17.488307] tda998x 0-0070: found TDA19988
[   17.615220] wkup_m3_ipc 44e11324.wkup_m3_ipc: IPC Request for A8->M3 Channel failed! -517
[   17.795295] wkup_m3_ipc 44e11324.wkup_m3_ipc: IPC Request for A8->M3 Channel failed! -517
[   17.864803] musb-hdrc musb-hdrc.1: MUSB HDRC host driver
[   17.870233] musb-hdrc musb-hdrc.1: new USB bus registered, assigned bus number 1
[   17.950304] wkup_m3_ipc 44e11324.wkup_m3_ipc: IPC Request for A8->M3 Channel failed! -517
[   17.996309] omap-mailbox 480c8000.mailbox: omap mailbox rev 0x400
[   18.116389] remoteproc remoteproc0: powering up wkup_m3
[   18.125780] usb usb1: New USB device found, idVendor=1d6b, idProduct=0002, bcdDevice= 6.12
[   18.134284] usb usb1: New USB device strings: Mfr=3, Product=2, SerialNumber=1
[   18.141603] usb usb1: Product: MUSB HDRC host driver
[   18.146599] usb usb1: Manufacturer: Linux 6.12.0-ga76caca857b0 musb-hcd
[   18.153282] usb usb1: SerialNumber: musb-hdrc.1
[   18.268845] remoteproc remoteproc0: Direct firmware load for am335x-pm-firmware.elf failed with error -2
[   18.279367] remoteproc remoteproc0: request_firmware failed: -2
[   18.285478] wkup_m3_ipc 44e11324.wkup_m3_ipc: rproc_boot failed
[   18.483336] hub 1-0:1.0: USB hub found
[   18.541644] hub 1-0:1.0: 1 port detected
[   20.358879] omap_rng 48310000.rng: Random Number Generator ver. 20
[   20.406535] tilcdc 4830e000.lcdc: bound 0-0070 (ops tda998x_driver_exit [tda998x])
[   20.519577] [drm] Initialized tilcdc 1.0.0 for 4830e000.lcdc on minor 0
[   20.592527] tilcdc 4830e000.lcdc: [drm] Cannot find any crtc or sizes
[   20.608005] tilcdc 4830e000.lcdc: [drm] Cannot find any crtc or sizes
[   22.004225] omap-sham 53100000.sham: hw accel on OMAP rev 4.3
[   22.085178] PM: Cannot get wkup_m3_ipc handle
[   22.145153] omap-sham 53100000.sham: will run requests pump with realtime priority
[   22.179210] PM: Cannot get wkup_m3_ipc handle
[   22.316747] omap-aes 53500000.aes: OMAP AES hw accel rev: 3.2
[   22.429066] omap-aes 53500000.aes: will run requests pump with realtime priority
[   22.440494] PM: Cannot get wkup_m3_ipc handle
[   22.767507] Bluetooth: Core ver 2.22
[   22.771523] NET: Registered PF_BLUETOOTH protocol family
[   22.776880] Bluetooth: HCI device and connection manager initialized
[   22.783353] Bluetooth: HCI socket layer initialized
[   22.788267] Bluetooth: L2CAP socket layer initialized
[   22.793415] Bluetooth: SCO socket layer initialized
[   25.891972] PM: Cannot get wkup_m3_ipc handle
[   25.897743] asoc-simple-card sound: using DT '/sound' for 'simple-audio-card,hp-det' GPIO lookup
[   25.897815] of_get_named_gpiod_flags: can't parse 'simple-audio-card,hp-det-gpios' property of node '/sound[0]'
[   25.897852] of_get_named_gpiod_flags: can't parse 'simple-audio-card,hp-det-gpio' property of node '/sound[0]'
[   25.897878] asoc-simple-card sound: using lookup tables for GPIO lookup
[   25.897893] asoc-simple-card sound: No GPIO consumer simple-audio-card,hp-det found
[   25.897909] asoc-simple-card sound: using DT '/sound' for 'simple-audio-card,mic-det' GPIO lookup
[   25.897936] of_get_named_gpiod_flags: can't parse 'simple-audio-card,mic-det-gpios' property of node '/sound[0]'
[   25.897962] of_get_named_gpiod_flags: can't parse 'simple-audio-card,mic-det-gpio' property of node '/sound[0]'
[   25.897983] asoc-simple-card sound: using lookup tables for GPIO lookup
[   25.897996] asoc-simple-card sound: No GPIO consumer simple-audio-card,mic-det found
[   26.007831] PM: Cannot get wkup_m3_ipc handle
[   28.376173] userial_init: registered 8 ttyGS* devices
[   28.644012] rndis_register: configNr = 0
[   28.726405] udc musb-hdrc.0: binding gadget driver [g_multi]
[   28.726510] configfs-gadget.g_multi gadget.0: adding 'rndis'/09beb3d9 to config 'c'/d5a0c254
[   28.727677] configfs-gadget.g_multi gadget.0: HOST MAC 1c:ba:8c:a2:ed:6c
[   28.734655] configfs-gadget.g_multi gadget.0: MAC 1c:ba:8c:a2:ed:70
[   28.741037] rndis_set_param_medium: 0 0
[   28.741059] configfs-gadget.g_multi gadget.0: RNDIS: IN/ep1in OUT/ep1out NOTIFY/ep2in
[   28.741077] configfs-gadget.g_multi gadget.0: adding 'cdc_ethernet'/52ba6eb7 to config 'c'/d5a0c254
[   28.742054] configfs-gadget.g_multi gadget.0: HOST MAC 1c:ba:8c:a2:ed:6c
[   28.748821] configfs-gadget.g_multi gadget.0: MAC 1c:ba:8c:a2:ed:6d
[   28.755242] configfs-gadget.g_multi gadget.0: CDC Ethernet: IN/ep3in OUT/ep2out NOTIFY/ep4in
[   28.755264] configfs-gadget.g_multi gadget.0: adding 'acm'/40575270 to config 'c'/d5a0c254
[   28.755302] configfs-gadget.g_multi gadget.0: acm ttyGS0: IN/ep5in OUT/ep3out NOTIFY/ep6in
[   28.771841] PM: Cannot get wkup_m3_ipc handle
[   29.972562] configfs-gadget.g_multi gadget.0: eth_open
[   30.227379] configfs-gadget.g_multi gadget.0: stop stats: rx/tx 0/0, errs 0/0
[   35.112179] gs_open: ttyGS0 (9f6b548e,43e3e47f)
[   35.112331] gs_close: ttyGS0 (9f6b548e,43e3e47f) ...
[   35.112355] gs_close: ttyGS0 (9f6b548e,43e3e47f) done!
[   35.112520] gs_open: ttyGS0 (30f5fc73,43e3e47f)
[   35.112593] gs_close: ttyGS0 (30f5fc73,43e3e47f) ...
[   35.112612] gs_close: ttyGS0 (30f5fc73,43e3e47f) done!
[   35.234716] gs_open: ttyGS0 (2e93973f,333c5459)
[   35.234968] gs_close: ttyGS0 (2e93973f,333c5459) ...
[   35.234997] gs_close: ttyGS0 (2e93973f,333c5459) done!
[   35.236973] gs_open: ttyGS0 (2e93973f,b25dd368)
WLVJZQFFYS 0
root@arm:~# echo 'CYVP''NHABUM'
CYVPNHABUM
root@arm:~# MARKER='ZQWK''KFOEEH' run 'modprobe test_linear_ranges'
ZQWKKFOEEHZQWKKFOEEH 0
root@arm:~# echo 'QKHM''KBTVYY'
QKHMKBTVYY
root@arm:~# MARKER='EQJV''FBOATW' run dmesg
EQJVFBOATW[    0.000000] Booting Linux on physical CPU 0x0
[    0.000000] Linux version 6.12.0-ga76caca857b0 (kale@latitude5580) (arm-linux-gnueabihf-gcc (Linaro GCC 6.4-2017.11) 6.4.1 20171012, GNU ld (Linaro_Binutils-2017.11) 2.27.0.20161229) #41 SMP Mon Dec  9 12:14:15 EET 2024
[    0.000000] CPU: ARMv7 Processor [413fc082] revision 2 (ARMv7), cr=10c5387d
[    0.000000] CPU: PIPT / VIPT nonaliasing data cache, VIPT aliasing instruction cache
[    0.000000] OF: fdt: Machine model: TI AM335x BeagleBone Black
[    0.000000] Memory policy: Data cache writeback
[    0.000000] cma: Reserved 16 MiB at 0x9e800000 on node -1
[    0.000000] Zone ranges:
[    0.000000]   Normal   [mem 0x0000000080000000-0x000000009fdfffff]
[    0.000000]   HighMem  empty
[    0.000000] Movable zone start for each node
[    0.000000] Early memory node ranges
[    0.000000]   node   0: [mem 0x0000000080000000-0x000000009fdfffff]
[    0.000000] Initmem setup node 0 [mem 0x0000000080000000-0x000000009fdfffff]
[    0.000000] CPU: All CPU(s) started in SVC mode.
[    0.000000] AM335X ES2.1 (sgx neon)
[    0.000000] percpu: Embedded 17 pages/cpu s40268 r8192 d21172 u69632
[    0.000000] pcpu-alloc: s40268 r8192 d21172 u69632 alloc=17*4096
[    0.000000] pcpu-alloc: [0] 0 
[    0.000000] Kernel command line: console=ttyO0,115200n8 root=/dev/nfs rw nfsroot=192.168.255.126:/home/kale/nfs,nfsvers=3 ip=192.168.255.5:192.168.255.126::255.255.255.0:bbb1:eth0 nfsrootdebug
[    0.000000] Unknown kernel command line parameters "nfsrootdebug", will be passed to user space.
[    0.000000] Dentry cache hash table entries: 65536 (order: 6, 262144 bytes, linear)
[    0.000000] Inode-cache hash table entries: 32768 (order: 5, 131072 bytes, linear)
[    0.000000] Built 1 zonelists, mobility grouping on.  Total pages: 130560
[    0.000000] mem auto-init: stack:off, heap alloc:off, heap free:off
[    0.000000] SLUB: HWalign=64, Order=0-3, MinObjects=0, CPUs=1, Nodes=1
[    0.000000] trace event string verifier disabled
[    0.000000] rcu: Hierarchical RCU implementation.
[    0.000000] rcu: 	RCU event tracing is enabled.
[    0.000000] rcu: 	RCU restricting CPUs from NR_CPUS=2 to nr_cpu_ids=1.
[    0.000000] rcu: RCU calculated value of scheduler-enlistment delay is 10 jiffies.
[    0.000000] rcu: Adjusting geometry for rcu_fanout_leaf=16, nr_cpu_ids=1
[    0.000000] NR_IRQS: 16, nr_irqs: 16, preallocated irqs: 16
[    0.000000] IRQ: Found an INTC at 0x(ptrval) (revision 5.0) with 128 interrupts
[    0.000000] rcu: srcu_init: Setting srcu_struct sizes based on contention.
[    0.000000] TI gptimer clocksource: always-on /ocp/interconnect@44c00000/segment@200000/target-module@31000
[    0.000003] sched_clock: 32 bits at 24MHz, resolution 41ns, wraps every 89478484971ns
[    0.000028] clocksource: dmtimer: mask: 0xffffffff max_cycles: 0xffffffff, max_idle_ns: 79635851949 ns
[    0.000508] TI gptimer clockevent: 24000000 Hz at /ocp/interconnect@48000000/segment@0/target-module@40000
[    0.002145] Console: colour dummy device 80x30
[    0.002211] WARNING: Your 'console=ttyO0' has been replaced by 'ttyS0'
[    0.002219] This ensures that you still see kernel messages. Please
[    0.002224] update your kernel commandline.
[    0.002268] Calibrating delay loop... 996.14 BogoMIPS (lpj=4980736)
[    0.090558] CPU: Testing write buffer coherency: ok
[    0.090659] CPU0: Spectre v2: using BPIALL workaround
[    0.090669] pid_max: default: 32768 minimum: 301
[    0.090791] LSM: initializing lsm=capability
[    0.090961] Mount-cache hash table entries: 1024 (order: 0, 4096 bytes, linear)
[    0.090982] Mountpoint-cache hash table entries: 1024 (order: 0, 4096 bytes, linear)
[    0.092618] CPU0: thread -1, cpu 0, socket -1, mpidr 0
[    0.160730] Setting up static identity map for 0x80100000 - 0x80100078
[    0.170706] rcu: Hierarchical SRCU implementation.
[    0.170719] rcu: 	Max phase no-delay instances is 1000.
[    0.190762] smp: Bringing up secondary CPUs ...
[    0.190821] smp: Brought up 1 node, 1 CPU
[    0.190836] SMP: Total of 1 processors activated (996.14 BogoMIPS).
[    0.190849] CPU: All CPU(s) started in SVC mode.
[    0.191039] Memory: 480864K/522240K available (11264K kernel code, 1211K rwdata, 2876K rodata, 1024K init, 299K bss, 23364K reserved, 16384K cma-reserved, 0K highmem)
[    0.191893] devtmpfs: initialized
[    0.208683] VFP support v0.3: implementor 41 architecture 3 part 30 variant c rev 3
[    0.209037] clocksource: jiffies: mask: 0xffffffff max_cycles: 0xffffffff, max_idle_ns: 19112604462750000 ns
[    0.209071] futex hash table entries: 256 (order: 2, 16384 bytes, linear)
[    0.210330] pinctrl core: initialized pinctrl subsystem
[    0.213309] NET: Registered PF_NETLINK/PF_ROUTE protocol family
[    0.216137] DMA: preallocated 256 KiB pool for atomic coherent allocations
[    0.217052] audit: initializing netlink subsys (disabled)
[    0.218447] thermal_sys: Registered thermal governor 'fair_share'
[    0.218461] thermal_sys: Registered thermal governor 'step_wise'
[    0.218472] thermal_sys: Registered thermal governor 'user_space'
[    0.218623] audit: type=2000 audit(0.210:1): state=initialized audit_enabled=0 res=1
[    0.218663] cpuidle: using governor menu
[    0.237917] No ATAGs?
[    0.237943] hw-breakpoint: debug architecture 0x4 unsupported.
[    0.240759] kprobes: kprobe jump-optimization is enabled. All kprobes are optimized if possible.
[    0.254073] iommu: Default domain type: Translated
[    0.254096] iommu: DMA domain TLB invalidation policy: strict mode
[    0.255775] reg-fixed-voltage fixedregulator0: using DT '/fixedregulator0' for '(default)' GPIO lookup
[    0.255827] of_get_named_gpiod_flags: can't parse 'gpios' property of node '/fixedregulator0[0]'
[    0.255857] of_get_named_gpiod_flags: can't parse 'gpio' property of node '/fixedregulator0[0]'
[    0.255875] reg-fixed-voltage fixedregulator0: using lookup tables for GPIO lookup
[    0.255886] reg-fixed-voltage fixedregulator0: No GPIO consumer (default) found
[    0.262132] SCSI subsystem initialized
[    0.262627] libata version 3.00 loaded.
[    0.262989] pps_core: LinuxPPS API ver. 1 registered
[    0.262999] pps_core: Software ver. 5.3.6 - Copyright 2005-2007 Rodolfo Giometti <giometti@linux.it>
[    0.263026] PTP clock support registered
[    0.270876] vgaarb: loaded
[    0.271281] clocksource: Switched to clocksource dmtimer
[    0.271934] VFS: Disk quotas dquot_6.6.0
[    0.271981] VFS: Dquot-cache hash table entries: 1024 (order 0, 4096 bytes)
[    0.296746] NET: Registered PF_INET protocol family
[    0.297104] IP idents hash table entries: 8192 (order: 4, 65536 bytes, linear)
[    0.298497] tcp_listen_portaddr_hash hash table entries: 512 (order: 0, 4096 bytes, linear)
[    0.298537] Table-perturb hash table entries: 65536 (order: 6, 262144 bytes, linear)
[    0.298556] TCP established hash table entries: 4096 (order: 2, 16384 bytes, linear)
[    0.298600] TCP bind hash table entries: 4096 (order: 4, 65536 bytes, linear)
[    0.298700] TCP: Hash tables configured (established 4096 bind 4096)
[    0.298819] UDP hash table entries: 256 (order: 1, 8192 bytes, linear)
[    0.298846] UDP-Lite hash table entries: 256 (order: 1, 8192 bytes, linear)
[    0.299026] NET: Registered PF_UNIX/PF_LOCAL protocol family
[    0.312616] RPC: Registered named UNIX socket transport module.
[    0.312638] RPC: Registered udp transport module.
[    0.312644] RPC: Registered tcp transport module.
[    0.312649] RPC: Registered tcp-with-tls transport module.
[    0.312655] RPC: Registered tcp NFSv4.1 backchannel transport module.
[    0.312681] PCI: CLS 0 bytes, default 64
[    0.314149] Initialise system trusted keyrings
[    0.314760] workingset: timestamp_bits=14 max_order=17 bucket_order=3
[    0.316180] NFS: Registering the id_resolver key type
[    0.316272] Key type id_resolver registered
[    0.316280] Key type id_legacy registered
[    0.316326] jffs2: version 2.2. (NAND) (SUMMARY)  Â© 2001-2006 Red Hat, Inc.
[    0.316716] Key type asymmetric registered
[    0.316731] Asymmetric key parser 'x509' registered
[    0.316797] io scheduler mq-deadline registered
[    0.316808] io scheduler kyber registered
[    0.316874] io scheduler bfq registered
[    0.318900] ledtrig-cpu: registered to indicate activity on CPUs
[    0.331562] Serial: 8250/16550 driver, 6 ports, IRQ sharing enabled
[    0.382524] brd: module loaded
[    0.391221] loop: module loaded
[    0.392303] mtdoops: mtd device (mtddev=name/number) must be supplied
[    0.394056] mdio_bus fixed-0: using lookup tables for GPIO lookup
[    0.394081] mdio_bus fixed-0: No GPIO consumer reset found
[    0.395477] i2c_dev: i2c /dev entries driver
[    0.396474] cpuidle: enable-method property 'ti,am3352' found operations
[    0.396914] sdhci: Secure Digital Host Controller Interface driver
[    0.396925] sdhci: Copyright(c) Pierre Ossman
[    0.397100] sdhci-pltfm: SDHCI platform and OF driver helper
[    0.398128] Initializing XFRM netlink socket
[    0.398254] NET: Registered PF_INET6 protocol family
[    0.400202] Segment Routing with IPv6
[    0.400292] In-situ OAM (IOAM) with IPv6
[    0.400387] sit: IPv6, IPv4 and MPLS over IPv4 tunneling driver
[    0.401490] NET: Registered PF_PACKET protocol family
[    0.401533] NET: Registered PF_KEY protocol family
[    0.401692] Key type dns_resolver registered
[    0.401967] ThumbEE CPU extension supported.
[    0.401988] Registering SWP/SWPB emulation handler
[    0.402514] omap_voltage_late_init: Voltage driver support not added
[    0.402884] SmartReflex Class3 initialized
[    0.436648] Loading compiled-in X.509 certificates
[    0.489854] gpiochip_find_base_unlocked: found new base at 512
[    0.509723] platform 44e10800.pinmux: Fixed dependency cycle(s) with /ocp/interconnect@44c00000/segment@200000/target-module@10000/scm@0/pinmux@800/clkout2-pins
[    0.510276] pinctrl-single 44e10800.pinmux: 142 pins, size 568
[    0.515695] ti-sysc 44e31000.target-module: probe with driver ti-sysc failed with error -16
[    0.563364] ti-sysc 48040000.target-module: probe with driver ti-sysc failed with error -16
[    0.574537] gpiochip_find_base_unlocked: found new base at 512
[    0.574639] gpio gpiochip0: (gpio-0-31): created GPIO range 0->7 ==> 44e10800.pinmux PIN 0->7
[    0.574657] gpio gpiochip0: (gpio-0-31): created GPIO range 8->11 ==> 44e10800.pinmux PIN 90->93
[    0.574674] gpio gpiochip0: (gpio-0-31): created GPIO range 12->27 ==> 44e10800.pinmux PIN 12->27
[    0.574689] gpio gpiochip0: (gpio-0-31): created GPIO range 28->31 ==> 44e10800.pinmux PIN 30->33
[    0.614808] gpio gpiochip0: (gpio-0-31): added GPIO chardev (254:0)
[    0.614973] gpio gpiochip0: registered GPIOs 512 to 543 on gpio-0-31
[    0.615057] OMAP GPIO hardware version 0.1
[    0.652317] i2c i2c-2: using DT '/ocp/interconnect@48000000/segment@100000/target-module@9c000/i2c@0' for 'scl' GPIO lookup
[    0.652392] of_get_named_gpiod_flags: can't parse 'scl-gpios' property of node '/ocp/interconnect@48000000/segment@100000/target-module@9c000/i2c@0[0]'
[    0.652435] of_get_named_gpiod_flags: can't parse 'scl-gpio' property of node '/ocp/interconnect@48000000/segment@100000/target-module@9c000/i2c@0[0]'
[    0.652472] i2c i2c-2: using lookup tables for GPIO lookup
[    0.652483] i2c i2c-2: No GPIO consumer scl found
[    0.652505] i2c i2c-2: using DT '/ocp/interconnect@48000000/segment@100000/target-module@9c000/i2c@0' for 'sda' GPIO lookup
[    0.652543] of_get_named_gpiod_flags: can't parse 'sda-gpios' property of node '/ocp/interconnect@48000000/segment@100000/target-module@9c000/i2c@0[0]'
[    0.652580] of_get_named_gpiod_flags: can't parse 'sda-gpio' property of node '/ocp/interconnect@48000000/segment@100000/target-module@9c000/i2c@0[0]'
[    0.652613] i2c i2c-2: using lookup tables for GPIO lookup
[    0.652621] i2c i2c-2: No GPIO consumer sda found
[    0.653379] omap_i2c 4819c000.i2c: bus 2 rev0.11 at 100 kHz
[    0.658759] gpiochip_find_base_unlocked: found new base at 544
[    0.658856] gpio gpiochip1: (gpio-32-63): created GPIO range 0->17 ==> 44e10800.pinmux PIN 34->51
[    0.658875] gpio gpiochip1: (gpio-32-63): created GPIO range 18->21 ==> 44e10800.pinmux PIN 77->80
[    0.658890] gpio gpiochip1: (gpio-32-63): created GPIO range 22->31 ==> 44e10800.pinmux PIN 56->65
[    0.659700] gpio gpiochip1: (gpio-32-63): added GPIO chardev (254:1)
[    0.659859] gpio gpiochip1: registered GPIOs 544 to 575 on gpio-32-63
[    0.662261] gpiochip_find_base_unlocked: found new base at 576
[    0.662353] gpio gpiochip2: (gpio-64-95): created GPIO range 0->4 ==> 44e10800.pinmux PIN 66->70
[    0.662372] gpio gpiochip2: (gpio-64-95): created GPIO range 5->6 ==> 44e10800.pinmux PIN 98->99
[    0.662387] gpio gpiochip2: (gpio-64-95): created GPIO range 7->8 ==> 44e10800.pinmux PIN 75->76
[    0.662403] gpio gpiochip2: (gpio-64-95): created GPIO range 13->13 ==> 44e10800.pinmux PIN 141->141
[    0.662419] gpio gpiochip2: (gpio-64-95): created GPIO range 14->21 ==> 44e10800.pinmux PIN 100->107
[    0.663216] gpio gpiochip2: (gpio-64-95): added GPIO chardev (254:2)
[    0.663350] gpio gpiochip2: registered GPIOs 576 to 607 on gpio-64-95
[    0.668825] 48000000.interconnect:segment@200000:target-module@0:mpu@0:fck: device ID is greater than 24
[    0.673315] platform 4830e000.lcdc: Fixed dependency cycle(s) with /ocp/interconnect@44c00000/segment@200000/target-module@b000/i2c@0/tda19988@70
[    0.682726] mdio_bus 4a101000.mdio: using DT '/ocp/interconnect@4a000000/segment@0/target-module@100000/switch@0/mdio@1000' for 'reset' GPIO lookup
[    0.682798] of_get_named_gpiod_flags: can't parse 'reset-gpios' property of node '/ocp/interconnect@4a000000/segment@0/target-module@100000/switch@0/mdio@1000[0]'
[    0.682847] of_get_named_gpiod_flags: can't parse 'reset-gpio' property of node '/ocp/interconnect@4a000000/segment@0/target-module@100000/switch@0/mdio@1000[0]'
[    0.682895] mdio_bus 4a101000.mdio: using lookup tables for GPIO lookup
[    0.682905] mdio_bus 4a101000.mdio: No GPIO consumer reset found
[    0.684095] sdhci-omap 481d8000.mmc: using DT '/ocp/interconnect@48000000/segment@100000/target-module@d8000/mmc@0' for 'wp' GPIO lookup
[    0.684159] of_get_named_gpiod_flags: can't parse 'wp-gpios' property of node '/ocp/interconnect@48000000/segment@100000/target-module@d8000/mmc@0[0]'
[    0.684203] of_get_named_gpiod_flags: can't parse 'wp-gpio' property of node '/ocp/interconnect@48000000/segment@100000/target-module@d8000/mmc@0[0]'
[    0.684239] sdhci-omap 481d8000.mmc: using lookup tables for GPIO lookup
[    0.684249] sdhci-omap 481d8000.mmc: No GPIO consumer wp found
[    0.684441] sdhci-omap 481d8000.mmc: supply pbias not found, using dummy regulator
[    0.684926] sdhci-omap 481d8000.mmc: supply vqmmc not found, using dummy regulator
[    0.741544] davinci_mdio 4a101000.mdio: davinci mdio revision 1.6, bus freq 1000000
[    0.758961] mdio_bus 4a101000.mdio:00: using DT '/ocp/interconnect@4a000000/segment@0/target-module@100000/switch@0/mdio@1000/ethernet-phy@0' for 'reset' GPIO lookup
[    0.759061] of_get_named_gpiod_flags: parsed 'reset-gpios' property of node '/ocp/interconnect@4a000000/segment@0/target-module@100000/switch@0/mdio@1000/ethernet-phy@0[0]' - status (0)
[    0.759225] gpio gpiochip0: Persistence not supported for GPIO 8
[    0.861886] davinci_mdio 4a101000.mdio: phy[0]: device 4a101000.mdio:00, driver SMSC LAN8710/LAN8720
[    0.862671] cpsw-switch 4a100000.switch: initialized cpsw ale version 1.4
[    0.862694] cpsw-switch 4a100000.switch: ALE Table size 1024, Policers 0
[    0.862853] cpsw-switch 4a100000.switch: cpts: overflow check period 500 (jiffies)
[    0.862871] cpsw-switch 4a100000.switch: CPTS: ref_clk_freq:250000000 calc_mult:2147483648 calc_shift:29 error:0 nsec/sec
[    0.862974] cpsw-switch 4a100000.switch: Detected MACID = 18:2c:65:25:39:4f
[    0.864801] cpsw-switch 4a100000.switch: initialized (regs 0x4a100000, pool size 256) hw_ver:0019010C 1.12 (0)
[    0.875786] debugfs: Directory '49000000.dma' with parent 'dmaengine' already present!
[    0.875825] edma 49000000.dma: TI EDMA DMA engine driver
[    0.907724] target-module@4b000000:target-module@140000:pmu@0:fck: device ID is greater than 24
[    0.918457] hw perfevents: enabled with armv7_cortex_a8 PMU driver, 5 (8000000f) counters available
[    0.919360] gpio-clk clk_mcasp0: using DT '/clk_mcasp0' for 'enable' GPIO lookup
[    0.919425] of_get_named_gpiod_flags: parsed 'enable-gpios' property of node '/clk_mcasp0[0]' - status (0)
[    0.919469] gpio gpiochip0: Persistence not supported for GPIO 27
[    0.920239] gpiochip_find_base_unlocked: found new base at 608
[    0.920370] gpio gpiochip3: (gpio-96-127): created GPIO range 0->7 ==> 44e10800.pinmux PIN 82->89
[    0.920392] gpio gpiochip3: (gpio-96-127): created GPIO range 8->11 ==> 44e10800.pinmux PIN 52->55
[    0.920407] gpio gpiochip3: (gpio-96-127): created GPIO range 12->15 ==> 44e10800.pinmux PIN 94->97
[    0.920423] gpio gpiochip3: (gpio-96-127): created GPIO range 16->17 ==> 44e10800.pinmux PIN 71->72
[    0.920438] gpio gpiochip3: (gpio-96-127): created GPIO range 18->18 ==> 44e10800.pinmux PIN 135->135
[    0.920454] gpio gpiochip3: (gpio-96-127): created GPIO range 19->20 ==> 44e10800.pinmux PIN 108->109
[    0.920471] gpio gpiochip3: (gpio-96-127): created GPIO range 21->21 ==> 44e10800.pinmux PIN 73->73
[    0.920488] gpio gpiochip3: (gpio-96-127): created GPIO range 22->23 ==> 44e10800.pinmux PIN 8->9
[    0.920505] gpio gpiochip3: (gpio-96-127): created GPIO range 26->27 ==> 44e10800.pinmux PIN 10->11
[    0.920522] gpio gpiochip3: (gpio-96-127): created GPIO range 28->28 ==> 44e10800.pinmux PIN 74->74
[    0.920540] gpio gpiochip3: (gpio-96-127): created GPIO range 29->29 ==> 44e10800.pinmux PIN 81->81
[    0.920558] gpio gpiochip3: (gpio-96-127): created GPIO range 30->31 ==> 44e10800.pinmux PIN 28->29
[    0.925845] l3-aon-clkctrl:0000:0: failed to disable
[    0.935276] gpio gpiochip3: (gpio-96-127): added GPIO chardev (254:3)
[    0.935437] gpio gpiochip3: registered GPIOs 608 to 639 on gpio-96-127
[    0.937294] omap8250 44e09000.serial: using DT '/ocp/interconnect@44c00000/segment@200000/target-module@9000/serial@0' for 'rs485-term' GPIO lookup
[    0.937364] of_get_named_gpiod_flags: can't parse 'rs485-term-gpios' property of node '/ocp/interconnect@44c00000/segment@200000/target-module@9000/serial@0[0]'
[    0.937410] of_get_named_gpiod_flags: can't parse 'rs485-term-gpio' property of node '/ocp/interconnect@44c00000/segment@200000/target-module@9000/serial@0[0]'
[    0.937448] omap8250 44e09000.serial: using lookup tables for GPIO lookup
[    0.937458] omap8250 44e09000.serial: No GPIO consumer rs485-term found
[    0.937468] omap8250 44e09000.serial: using DT '/ocp/interconnect@44c00000/segment@200000/target-module@9000/serial@0' for 'rs485-rx-during-tx' GPIO lookup
[    0.937505] of_get_named_gpiod_flags: can't parse 'rs485-rx-during-tx-gpios' property of node '/ocp/interconnect@44c00000/segment@200000/target-module@9000/serial@0[0]'
[    0.937543] of_get_named_gpiod_flags: can't parse 'rs485-rx-during-tx-gpio' property of node '/ocp/interconnect@44c00000/segment@200000/target-module@9000/serial@0[0]'
[    0.937576] omap8250 44e09000.serial: using lookup tables for GPIO lookup
[    0.937584] omap8250 44e09000.serial: No GPIO consumer rs485-rx-during-tx found
[    0.937987] 44e09000.serial: ttyS0 at MMIO 0x44e09000 (irq = 34, base_baud = 3000000) is a 8250
[    0.938078] printk: legacy console [ttyS0] enabled
[    2.276350] i2c i2c-0: using DT '/ocp/interconnect@44c00000/segment@200000/target-module@b000/i2c@0' for 'scl' GPIO lookup
[    2.276439] of_get_named_gpiod_flags: can't parse 'scl-gpios' property of node '/ocp/interconnect@44c00000/segment@200000/target-module@b000/i2c@0[0]'
[    2.276487] of_get_named_gpiod_flags: can't parse 'scl-gpio' property of node '/ocp/interconnect@44c00000/segment@200000/target-module@b000/i2c@0[0]'
[    2.276529] i2c i2c-0: using lookup tables for GPIO lookup
[    2.276544] i2c i2c-0: No GPIO consumer scl found
[    2.276570] i2c i2c-0: using DT '/ocp/interconnect@44c00000/segment@200000/target-module@b000/i2c@0' for 'sda' GPIO lookup
[    2.276611] of_get_named_gpiod_flags: can't parse 'sda-gpios' property of node '/ocp/interconnect@44c00000/segment@200000/target-module@b000/i2c@0[0]'
[    2.276653] of_get_named_gpiod_flags: can't parse 'sda-gpio' property of node '/ocp/interconnect@44c00000/segment@200000/target-module@b000/i2c@0[0]'
[    2.276690] i2c i2c-0: using lookup tables for GPIO lookup
[    2.276701] i2c i2c-0: No GPIO consumer sda found
[    2.292284] tps65217-pmic: Failed to locate of_node [id: -1]
[    2.298351] tps65217-bl: Failed to locate of_node [id: -1]
[    2.309780] tps65217 0-0024: TPS65217 ID 0xe version 1.2
[    2.315923] platform 4830e000.lcdc: Fixed dependency cycle(s) with /ocp/interconnect@44c00000/segment@200000/target-module@b000/i2c@0/tda19988@70
[    2.329348] i2c 0-0070: Fixed dependency cycle(s) with /ocp/interconnect@48000000/segment@300000/target-module@e000/lcdc@0
[    2.340756] omap_i2c 44e0b000.i2c: bus 0 rev0.11 at 400 kHz
[    2.348369] sdhci-omap 48060000.mmc: using DT '/ocp/interconnect@48000000/segment@0/target-module@60000/mmc@0' for 'cd' GPIO lookup
[    2.348475] of_get_named_gpiod_flags: parsed 'cd-gpios' property of node '/ocp/interconnect@48000000/segment@0/target-module@60000/mmc@0[0]' - status (0)
[    2.348544] gpio gpiochip3: Persistence not supported for GPIO 6
[    2.348569] omap_gpio 44e07000.gpio: Could not set line 6 debounce to 200000 microseconds (-22)
[    2.357458] sdhci-omap 48060000.mmc: Got CD GPIO
[    2.362142] sdhci-omap 48060000.mmc: using DT '/ocp/interconnect@48000000/segment@0/target-module@60000/mmc@0' for 'wp' GPIO lookup
[    2.362196] of_get_named_gpiod_flags: can't parse 'wp-gpios' property of node '/ocp/interconnect@48000000/segment@0/target-module@60000/mmc@0[0]'
[    2.362244] of_get_named_gpiod_flags: can't parse 'wp-gpio' property of node '/ocp/interconnect@48000000/segment@0/target-module@60000/mmc@0[0]'
[    2.362285] sdhci-omap 48060000.mmc: using lookup tables for GPIO lookup
[    2.362299] sdhci-omap 48060000.mmc: No GPIO consumer wp found
[    2.362508] sdhci-omap 48060000.mmc: supply pbias not found, using dummy regulator
[    2.371179] sdhci-omap 481d8000.mmc: using DT '/ocp/interconnect@48000000/segment@100000/target-module@d8000/mmc@0' for 'wp' GPIO lookup
[    2.371360] of_get_named_gpiod_flags: can't parse 'wp-gpios' property of node '/ocp/interconnect@48000000/segment@100000/target-module@d8000/mmc@0[0]'
[    2.371414] of_get_named_gpiod_flags: can't parse 'wp-gpio' property of node '/ocp/interconnect@48000000/segment@100000/target-module@d8000/mmc@0[0]'
[    2.371456] sdhci-omap 481d8000.mmc: using lookup tables for GPIO lookup
[    2.371470] sdhci-omap 481d8000.mmc: No GPIO consumer wp found
[    2.372805] sdhci-omap 48060000.mmc: supply vqmmc not found, using dummy regulator
[    2.381877] sdhci-omap 481d8000.mmc: supply pbias not found, using dummy regulator
[    2.389868] sdhci-omap 481d8000.mmc: supply vqmmc not found, using dummy regulator
[    2.507436] mmc1: SDHCI controller on 481d8000.mmc [481d8000.mmc] using External DMA
[    2.516522] mmc0: SDHCI controller on 48060000.mmc [48060000.mmc] using External DMA
[    2.525330] cpsw-switch 4a100000.switch: starting ndev. mode: dual_mac
[    2.578964] mmc1: new high speed MMC card at address 0001
[    2.585901] mmcblk1: mmc1:0001 MK2704 3.53 GiB
[    2.593637]  mmcblk1: p1
[    2.596826] SMSC LAN8710/LAN8720 4a101000.mdio:00: attached PHY driver (mii_bus:phy_addr=4a101000.mdio:00, irq=POLL)
[    2.608338] mmcblk1boot0: mmc1:0001 MK2704 2.00 MiB
[    2.615679] mmcblk1boot1: mmc1:0001 MK2704 2.00 MiB
[    2.629008] mmcblk1rpmb: mmc1:0001 MK2704 512 KiB, chardev (250:0)
[    2.643802] mmc0: new high speed SDHC card at address aaaa
[    2.650672] mmcblk0: mmc0:aaaa SE32G 29.7 GiB
[    2.659698]  mmcblk0: p1 p2
[    4.722083] cpsw-switch 4a100000.switch eth0: Link is Up - 100Mbps/Full - flow control off
[    4.761299] IP-Config: Complete:
[    4.764571]      device=eth0, hwaddr=18:2c:65:25:39:4f, ipaddr=192.168.255.5, mask=255.255.255.0, gw=255.255.255.255
[    4.775197]      host=bbb1, domain=, nis-domain=(none)
[    4.780364]      bootserver=192.168.255.126, rootserver=192.168.255.126, rootpath=
[    4.780794] clk: Disabling unused clocks
[    4.792659] PM: genpd: Disabling unused power domains
[    4.797782] KTAP version 1
[    4.800503] 1..0
[    5.854595] VFS: Mounted root (nfs filesystem) on device 0:17.
[    5.861426] devtmpfs: mounted
[    5.866177] Freeing unused kernel image (initmem) memory: 1024K
[    5.872946] Run /sbin/init as init process
[    5.877078]   with arguments:
[    5.877091]     /sbin/init
[    5.877101]     nfsrootdebug
[    5.877111]   with environment:
[    5.877120]     HOME=/
[    5.877130]     TERM=linux
[    6.601996] systemd[1]: System time before build time, advancing clock.
[    8.081310] random: crng init done
[    8.113956] systemd[1]: systemd 232 running in system mode. (+PAM +AUDIT +SELINUX +IMA +APPARMOR +SMACK +SYSVINIT +UTMP +LIBCRYPTSETUP +GCRYPT +GNUTLS +ACL +XZ +LZ4 +SECCOMP +BLKID +ELFUTILS +KMOD +IDN)
[    8.133135] systemd[1]: Detected architecture arm.
[    8.164301] systemd[1]: Set hostname to <arm>.
[    9.233446] systemd[1]: Listening on Journal Socket (/dev/log).
[    9.253246] systemd[1]: Listening on /dev/initctl Compatibility Named Pipe.
[    9.282953] systemd[1]: Created slice System Slice.
[    9.341888] systemd[1]: Mounting POSIX Message Queue File System...
[    9.373269] systemd[1]: Created slice system-getty.slice.
[    9.422733] systemd[1]: Mounting Debug File System...
[    9.446189] systemd[1]: Set up automount Arbitrary Executable File Formats File System Automount Point.
[   11.657067] systemd-journald[84]: Received request to flush runtime journal from PID 1
[   14.339897] leds-gpio leds: using DT '/leds/led2' for '(default)' GPIO lookup
[   14.340004] of_get_named_gpiod_flags: parsed 'gpios' property of node '/leds/led2[0]' - status (0)
[   14.340063] gpio gpiochip0: Persistence not supported for GPIO 21
[   14.340080] gpio-533 (?): no flags found for GPIO (default)
[   14.382650] leds-gpio leds: using DT '/leds/led3' for '(default)' GPIO lookup
[   14.382965] of_get_named_gpiod_flags: parsed 'gpios' property of node '/leds/led3[0]' - status (0)
[   14.383037] gpio gpiochip0: Persistence not supported for GPIO 22
[   14.383053] gpio-534 (?): no flags found for GPIO (default)
[   14.455543] leds-gpio leds: using DT '/leds/led4' for '(default)' GPIO lookup
[   14.455649] of_get_named_gpiod_flags: parsed 'gpios' property of node '/leds/led4[0]' - status (0)
[   14.455701] gpio gpiochip0: Persistence not supported for GPIO 23
[   14.455718] gpio-535 (?): no flags found for GPIO (default)
[   14.471967] leds-gpio leds: using DT '/leds/led5' for '(default)' GPIO lookup
[   14.472074] of_get_named_gpiod_flags: parsed 'gpios' property of node '/leds/led5[0]' - status (0)
[   14.472127] gpio gpiochip0: Persistence not supported for GPIO 24
[   14.472143] gpio-536 (?): no flags found for GPIO (default)
[   14.728434] remoteproc remoteproc0: wkup_m3 is available
[   15.024970] at24 2-0054: supply vcc not found, using dummy regulator
[   15.205012] at24 2-0055: supply vcc not found, using dummy regulator
[   15.327774] at24 2-0056: supply vcc not found, using dummy regulator
[   15.436650] at24 2-0057: supply vcc not found, using dummy regulator
[   15.559548] am335x-phy-driver 47401300.usb-phy: using DT '/ocp/target-module@47400000/usb-phy@1300' for 'reset' GPIO lookup
[   15.559645] of_get_named_gpiod_flags: can't parse 'reset-gpios' property of node '/ocp/target-module@47400000/usb-phy@1300[0]'
[   15.559691] of_get_named_gpiod_flags: can't parse 'reset-gpio' property of node '/ocp/target-module@47400000/usb-phy@1300[0]'
[   15.559730] am335x-phy-driver 47401300.usb-phy: using lookup tables for GPIO lookup
[   15.559746] am335x-phy-driver 47401300.usb-phy: No GPIO consumer reset found
[   15.559761] am335x-phy-driver 47401300.usb-phy: using DT '/ocp/target-module@47400000/usb-phy@1300' for 'vbus-detect' GPIO lookup
[   15.559795] of_get_named_gpiod_flags: can't parse 'vbus-detect-gpios' property of node '/ocp/target-module@47400000/usb-phy@1300[0]'
[   15.559828] of_get_named_gpiod_flags: can't parse 'vbus-detect-gpio' property of node '/ocp/target-module@47400000/usb-phy@1300[0]'
[   15.559855] am335x-phy-driver 47401300.usb-phy: using lookup tables for GPIO lookup
[   15.559868] am335x-phy-driver 47401300.usb-phy: No GPIO consumer vbus-detect found
[   15.560016] am335x-phy-driver 47401300.usb-phy: dummy supplies not allowed for exclusive requests (id=vbus)
[   15.592476] at24 0-0050: using DT '/ocp/interconnect@44c00000/segment@200000/target-module@b000/i2c@0/baseboard_eeprom@50' for 'wp' GPIO lookup
[   15.592602] of_get_named_gpiod_flags: can't parse 'wp-gpios' property of node '/ocp/interconnect@44c00000/segment@200000/target-module@b000/i2c@0/baseboard_eeprom@50[0]'
[   15.592664] of_get_named_gpiod_flags: can't parse 'wp-gpio' property of node '/ocp/interconnect@44c00000/segment@200000/target-module@b000/i2c@0/baseboard_eeprom@50[0]'
[   15.592713] at24 0-0050: using lookup tables for GPIO lookup
[   15.592728] at24 0-0050: No GPIO consumer wp found
[   15.593077] at24 0-0050: 32768 byte 24c256 EEPROM, writable, 1 bytes/write
[   15.695350] tps6521x_pwrbutton tps65217-pwrbutton: DMA mask not set
[   15.752443] am335x-phy-driver 47401b00.usb-phy: using DT '/ocp/target-module@47400000/usb-phy@1b00' for 'reset' GPIO lookup
[   15.752539] of_get_named_gpiod_flags: can't parse 'reset-gpios' property of node '/ocp/target-module@47400000/usb-phy@1b00[0]'
[   15.752585] of_get_named_gpiod_flags: can't parse 'reset-gpio' property of node '/ocp/target-module@47400000/usb-phy@1b00[0]'
[   15.752624] am335x-phy-driver 47401b00.usb-phy: using lookup tables for GPIO lookup
[   15.752641] am335x-phy-driver 47401b00.usb-phy: No GPIO consumer reset found
[   15.752655] am335x-phy-driver 47401b00.usb-phy: using DT '/ocp/target-module@47400000/usb-phy@1b00' for 'vbus-detect' GPIO lookup
[   15.752689] of_get_named_gpiod_flags: can't parse 'vbus-detect-gpios' property of node '/ocp/target-module@47400000/usb-phy@1b00[0]'
[   15.752723] of_get_named_gpiod_flags: can't parse 'vbus-detect-gpio' property of node '/ocp/target-module@47400000/usb-phy@1b00[0]'
[   15.752750] am335x-phy-driver 47401b00.usb-phy: using lookup tables for GPIO lookup
[   15.752764] am335x-phy-driver 47401b00.usb-phy: No GPIO consumer vbus-detect found
[   15.752912] am335x-phy-driver 47401b00.usb-phy: dummy supplies not allowed for exclusive requests (id=vbus)
[   15.844541] input: tps65217_pwrbutton as /devices/platform/ocp/44c00000.interconnect/44c00000.interconnect:segment@200000/44e0b000.target-module/44e0b000.i2c/i2c-0/0-0024/tps65217-pwrbutton/input/input0
[   15.987082] wkup_m3_ipc 44e11324.wkup_m3_ipc: IPC Request for A8->M3 Channel failed! -517
[   16.001008] omap_rtc 44e3e000.rtc: already running
[   16.149676] omap_rtc 44e3e000.rtc: registered as rtc0
[   16.155036] omap_rtc 44e3e000.rtc: setting system clock to 2000-01-01T01:37:25 UTC (946690645)
[   16.163824] omap_rtc 44e3e000.rtc: using DT '/ocp/interconnect@44c00000/segment@200000/target-module@3e000/rtc@0' for 'wp' GPIO lookup
[   16.163897] of_get_named_gpiod_flags: can't parse 'wp-gpios' property of node '/ocp/interconnect@44c00000/segment@200000/target-module@3e000/rtc@0[0]'
[   16.163949] of_get_named_gpiod_flags: can't parse 'wp-gpio' property of node '/ocp/interconnect@44c00000/segment@200000/target-module@3e000/rtc@0[0]'
[   16.163991] omap_rtc 44e3e000.rtc: using lookup tables for GPIO lookup
[   16.164007] omap_rtc 44e3e000.rtc: No GPIO consumer wp found
[   16.165690] wkup_m3_ipc 44e11324.wkup_m3_ipc: IPC Request for A8->M3 Channel failed! -517
[   16.250185] omap_wdt: OMAP Watchdog Timer Rev 0x01: initial timeout 60 sec
[   16.360198] wkup_m3_ipc 44e11324.wkup_m3_ipc: IPC Request for A8->M3 Channel failed! -517
[   16.830178] usbcore: registered new interface driver usbfs
[   16.835997] usbcore: registered new interface driver hub
[   16.841508] usbcore: registered new device driver usb
[   17.488307] tda998x 0-0070: found TDA19988
[   17.615220] wkup_m3_ipc 44e11324.wkup_m3_ipc: IPC Request for A8->M3 Channel failed! -517
[   17.795295] wkup_m3_ipc 44e11324.wkup_m3_ipc: IPC Request for A8->M3 Channel failed! -517
[   17.864803] musb-hdrc musb-hdrc.1: MUSB HDRC host driver
[   17.870233] musb-hdrc musb-hdrc.1: new USB bus registered, assigned bus number 1
[   17.950304] wkup_m3_ipc 44e11324.wkup_m3_ipc: IPC Request for A8->M3 Channel failed! -517
[   17.996309] omap-mailbox 480c8000.mailbox: omap mailbox rev 0x400
[   18.116389] remoteproc remoteproc0: powering up wkup_m3
[   18.125780] usb usb1: New USB device found, idVendor=1d6b, idProduct=0002, bcdDevice= 6.12
[   18.134284] usb usb1: New USB device strings: Mfr=3, Product=2, SerialNumber=1
[   18.141603] usb usb1: Product: MUSB HDRC host driver
[   18.146599] usb usb1: Manufacturer: Linux 6.12.0-ga76caca857b0 musb-hcd
[   18.153282] usb usb1: SerialNumber: musb-hdrc.1
[   18.268845] remoteproc remoteproc0: Direct firmware load for am335x-pm-firmware.elf failed with error -2
[   18.279367] remoteproc remoteproc0: request_firmware failed: -2
[   18.285478] wkup_m3_ipc 44e11324.wkup_m3_ipc: rproc_boot failed
[   18.483336] hub 1-0:1.0: USB hub found
[   18.541644] hub 1-0:1.0: 1 port detected
[   20.358879] omap_rng 48310000.rng: Random Number Generator ver. 20
[   20.406535] tilcdc 4830e000.lcdc: bound 0-0070 (ops tda998x_driver_exit [tda998x])
[   20.519577] [drm] Initialized tilcdc 1.0.0 for 4830e000.lcdc on minor 0
[   20.592527] tilcdc 4830e000.lcdc: [drm] Cannot find any crtc or sizes
[   20.608005] tilcdc 4830e000.lcdc: [drm] Cannot find any crtc or sizes
[   22.004225] omap-sham 53100000.sham: hw accel on OMAP rev 4.3
[   22.085178] PM: Cannot get wkup_m3_ipc handle
[   22.145153] omap-sham 53100000.sham: will run requests pump with realtime priority
[   22.179210] PM: Cannot get wkup_m3_ipc handle
[   22.316747] omap-aes 53500000.aes: OMAP AES hw accel rev: 3.2
[   22.429066] omap-aes 53500000.aes: will run requests pump with realtime priority
[   22.440494] PM: Cannot get wkup_m3_ipc handle
[   22.767507] Bluetooth: Core ver 2.22
[   22.771523] NET: Registered PF_BLUETOOTH protocol family
[   22.776880] Bluetooth: HCI device and connection manager initialized
[   22.783353] Bluetooth: HCI socket layer initialized
[   22.788267] Bluetooth: L2CAP socket layer initialized
[   22.793415] Bluetooth: SCO socket layer initialized
[   25.891972] PM: Cannot get wkup_m3_ipc handle
[   25.897743] asoc-simple-card sound: using DT '/sound' for 'simple-audio-card,hp-det' GPIO lookup
[   25.897815] of_get_named_gpiod_flags: can't parse 'simple-audio-card,hp-det-gpios' property of node '/sound[0]'
[   25.897852] of_get_named_gpiod_flags: can't parse 'simple-audio-card,hp-det-gpio' property of node '/sound[0]'
[   25.897878] asoc-simple-card sound: using lookup tables for GPIO lookup
[   25.897893] asoc-simple-card sound: No GPIO consumer simple-audio-card,hp-det found
[   25.897909] asoc-simple-card sound: using DT '/sound' for 'simple-audio-card,mic-det' GPIO lookup
[   25.897936] of_get_named_gpiod_flags: can't parse 'simple-audio-card,mic-det-gpios' property of node '/sound[0]'
[   25.897962] of_get_named_gpiod_flags: can't parse 'simple-audio-card,mic-det-gpio' property of node '/sound[0]'
[   25.897983] asoc-simple-card sound: using lookup tables for GPIO lookup
[   25.897996] asoc-simple-card sound: No GPIO consumer simple-audio-card,mic-det found
[   26.007831] PM: Cannot get wkup_m3_ipc handle
[   28.376173] userial_init: registered 8 ttyGS* devices
[   28.644012] rndis_register: configNr = 0
[   28.726405] udc musb-hdrc.0: binding gadget driver [g_multi]
[   28.726510] configfs-gadget.g_multi gadget.0: adding 'rndis'/09beb3d9 to config 'c'/d5a0c254
[   28.727677] configfs-gadget.g_multi gadget.0: HOST MAC 1c:ba:8c:a2:ed:6c
[   28.734655] configfs-gadget.g_multi gadget.0: MAC 1c:ba:8c:a2:ed:70
[   28.741037] rndis_set_param_medium: 0 0
[   28.741059] configfs-gadget.g_multi gadget.0: RNDIS: IN/ep1in OUT/ep1out NOTIFY/ep2in
[   28.741077] configfs-gadget.g_multi gadget.0: adding 'cdc_ethernet'/52ba6eb7 to config 'c'/d5a0c254
[   28.742054] configfs-gadget.g_multi gadget.0: HOST MAC 1c:ba:8c:a2:ed:6c
[   28.748821] configfs-gadget.g_multi gadget.0: MAC 1c:ba:8c:a2:ed:6d
[   28.755242] configfs-gadget.g_multi gadget.0: CDC Ethernet: IN/ep3in OUT/ep2out NOTIFY/ep4in
[   28.755264] configfs-gadget.g_multi gadget.0: adding 'acm'/40575270 to config 'c'/d5a0c254
[   28.755302] configfs-gadget.g_multi gadget.0: acm ttyGS0: IN/ep5in OUT/ep3out NOTIFY/ep6in
[   28.771841] PM: Cannot get wkup_m3_ipc handle
[   29.972562] configfs-gadget.g_multi gadget.0: eth_open
[   30.227379] configfs-gadget.g_multi gadget.0: stop stats: rx/tx 0/0, errs 0/0
[   35.112179] gs_open: ttyGS0 (9f6b548e,43e3e47f)
[   35.112331] gs_close: ttyGS0 (9f6b548e,43e3e47f) ...
[   35.112355] gs_close: ttyGS0 (9f6b548e,43e3e47f) done!
[   35.112520] gs_open: ttyGS0 (30f5fc73,43e3e47f)
[   35.112593] gs_close: ttyGS0 (30f5fc73,43e3e47f) ...
[   35.112612] gs_close: ttyGS0 (30f5fc73,43e3e47f) done!
[   35.234716] gs_open: ttyGS0 (2e93973f,333c5459)
[   35.234968] gs_close: ttyGS0 (2e93973f,333c5459) ...
[   35.234997] gs_close: ttyGS0 (2e93973f,333c5459) done!
[   35.236973] gs_open: ttyGS0 (2e93973f,b25dd368)
[   70.835247] KTAP version 1
[   70.835299] 1..1
[   70.835323]     KTAP version 1
[   70.835336]     # Subtest: linear-ranges-test
[   70.835354]     # module: test_linear_ranges
[   70.835368]     1..4
[   70.836423]     ok 1 range_test_get_value_amount
[   70.836992]     ok 2 range_test_get_selector_high
[   70.837503]     ok 3 range_test_get_selector_low
[   70.837986]     ok 4 range_test_get_value
[   70.838012] # linear-ranges-test: pass:4 fail:0 skip:0 total:4
[   70.838029] # Totals: pass:4 fail:0 skip:0 total:4
[   70.838044] ok 1 linear-ranges-test
EQJVFBOATW 0
root@arm:~# 