Labgrid Console Logfile for main
Logfile started at 2024-10-18 09:30:18.507086
=== Log starts here ===


U-Boot 2014.04-00014-g47880f5 (Apr 22 2014 - 13:23:54)

I2C:   ready
DRAM:  512 MiB
NAND:  0 MiB
MMC:   OMAP SD/MMC: 0, OMAP SD/MMC: 1
*** Warning - readenv() failed, using default environment

Net:   <ethaddr> not set. Validating first E-fuse MAC
cpsw, usb_ether
Hit any key to stop autoboot:  1  0 
gpio: pin 53 (gpio 53) value is 1
mmc0 is current device
gpio: pin 54 (gpio 54) value is 1
SD/MMC found on device 0
reading uEnv.txt
569 bytes read in 3 ms (184.6 KiB/s)
gpio: pin 55 (gpio 55) value is 1
Loaded environment from uEnv.txt
Importing environment from mmc ...
Checking if uenvcmd is set ...
gpio: pin 56 (gpio 56) value is 1
Running uenvcmd ...
cpsw Waiting for PHY auto negotiation to complete. done
link up on port 0, speed 100, full duplex
Using cpsw device
TFTP from server 192.168.255.126; our IP address is 192.168.255.1
Filename 'zImage'.
Load address: 0x81000000
Loading: *#################################################################
	 #################################################################
	 #################################################################
	 #################################################################
	 #################################################################
	 ###################################################
	 2.4 MiB/s
done
Bytes transferred = 5511008 (541760 hex)
link up on port 0, speed 100, full duplex
Using cpsw device
TFTP from server 192.168.255.126; our IP address is 192.168.255.1
Filename 'am335x-boneblack.dtb'.
Load address: 0x82000000
Loading: *#######
	 2.3 MiB/s
done
Bytes transferred = 98244 (17fc4 hex)
Kernel image @ 0x81000000 [ 0x000000 - 0x541760 ]
## Flattened Device Tree blob at 82000000
   Booting using the fdt blob at 0x82000000
   Using Device Tree in place at 82000000, end 8201afc3

Starting kernel ...

[    0.000000] Booting Linux on physical CPU 0x0
[    0.000000] Linux version 6.12.0-rc3-next-20241018 (user01@drvtest01) (arm-linux-gnueabihf-gcc (Linaro GCC 6.4-2017.11) 6.4.1 20171012, GNU ld (Linaro_Binutils-2017.11) 2.27.0.20161229) #118 SMP Fri Oct 18 09:27:54 EEST 2024
[    0.000000] CPU: ARMv7 Processor [413fc082] revision 2 (ARMv7), cr=10c5387d
[    0.000000] CPU: PIPT / VIPT nonaliasing data cache, VIPT aliasing instruction cache
[    0.000000] OF: fdt: Machine model: TI AM335x BeagleBone Black
[    0.000000] Memory policy: Data cache writeback
[    0.000000] cma: Reserved 16 MiB at 0x9e800000 on node -1
[    0.000000] Zone ranges:
[    0.000000]   Normal   [mem 0x0000000080000000-0x000000009fdfffff]
[    0.000000]   HighMem  empty
[    0.000000] Movable zone start for each node
[    0.000000] Early memory node ranges
[    0.000000]   node   0: [mem 0x0000000080000000-0x000000009fdfffff]
[    0.000000] Initmem setup node 0 [mem 0x0000000080000000-0x000000009fdfffff]
[    0.000000] OF: reserved mem: Reserved memory: No reserved-memory node in the DT
[    0.000000] CPU: All CPU(s) started in SVC mode.
[    0.000000] AM335X ES2.1 (sgx neon)
[    0.000000] percpu: Embedded 17 pages/cpu s39756 r8192 d21684 u69632
[    0.000000] Kernel command line: console=ttyO0,115200n8 root=/dev/nfs rw nfsroot=192.168.255.126:/home/user01/nfs,nfsvers=3 ip=192.168.255.1:192.168.255.126::255.255.255.0:bbb1:eth0 nfsrootdebug
[    0.000000] Unknown kernel command line parameters "nfsrootdebug", will be passed to user space.
[    0.000000] printk: log buffer data + meta data: 65536 + 204800 = 270336 bytes
[    0.000000] Dentry cache hash table entries: 65536 (order: 6, 262144 bytes, linear)
[    0.000000] Inode-cache hash table entries: 32768 (order: 5, 131072 bytes, linear)
[    0.000000] Built 1 zonelists, mobility grouping on.  Total pages: 130560
[    0.000000] mem auto-init: stack:off, heap alloc:off, heap free:off
[    0.000000] SLUB: HWalign=64, Order=0-3, MinObjects=0, CPUs=1, Nodes=1
[    0.000000] trace event string verifier disabled
[    0.000000] rcu: Hierarchical RCU implementation.
[    0.000000] rcu: 	RCU event tracing is enabled.
[    0.000000] rcu: 	RCU restricting CPUs from NR_CPUS=2 to nr_cpu_ids=1.
[    0.000000] 	Tracing variant of Tasks RCU enabled.
[    0.000000] rcu: RCU calculated value of scheduler-enlistment delay is 10 jiffies.
[    0.000000] rcu: Adjusting geometry for rcu_fanout_leaf=16, nr_cpu_ids=1
[    0.000000] RCU Tasks Trace: Setting shift to 0 and lim to 1 rcu_task_cb_adjust=1 rcu_task_cpu_ids=1.
[    0.000000] NR_IRQS: 16, nr_irqs: 16, preallocated irqs: 16
[    0.000000] IRQ: Found an INTC at 0x(ptrval) (revision 5.0) with 128 interrupts
[    0.000000] rcu: srcu_init: Setting srcu_struct sizes based on contention.
[    0.000000] TI gptimer clocksource: always-on /ocp/interconnect@44c00000/segment@200000/target-module@31000
[    0.000003] sched_clock: 32 bits at 24MHz, resolution 41ns, wraps every 89478484971ns
[    0.000028] clocksource: dmtimer: mask: 0xffffffff max_cycles: 0xffffffff, max_idle_ns: 79635851949 ns
[    0.000502] TI gptimer clockevent: 24000000 Hz at /ocp/interconnect@48000000/segment@0/target-module@40000
[    0.002128] Console: colour dummy device 80x30
[    0.002193] WARNING: Your 'console=ttyO0' has been replaced by 'ttyS0'
[    0.002202] This ensures that you still see kernel messages. Please
[    0.002207] update your kernel commandline.
[    0.002252] Calibrating delay loop... 996.14 BogoMIPS (lpj=4980736)
[    0.090553] CPU: Testing write buffer coherency: ok
[    0.090671] CPU0: Spectre v2: using BPIALL workaround
[    0.090683] pid_max: default: 32768 minimum: 301
[    0.090814] LSM: initializing lsm=capability
[    0.090993] Mount-cache hash table entries: 1024 (order: 0, 4096 bytes, linear)
[    0.091014] Mountpoint-cache hash table entries: 1024 (order: 0, 4096 bytes, linear)
[    0.092663] CPU0: thread -1, cpu 0, socket -1, mpidr 0
[    0.160940] Setting up static identity map for 0x80100000 - 0x80100078
[    0.170713] rcu: Hierarchical SRCU implementation.
[    0.170724] rcu: 	Max phase no-delay instances is 1000.
[    0.190763] smp: Bringing up secondary CPUs ...
[    0.190820] smp: Brought up 1 node, 1 CPU
[    0.190835] SMP: Total of 1 processors activated (996.14 BogoMIPS).
[    0.190848] CPU: All CPU(s) started in SVC mode.
[    0.191047] Memory: 480868K/522240K available (11264K kernel code, 1208K rwdata, 2888K rodata, 1024K init, 298K bss, 23360K reserved, 16384K cma-reserved, 0K highmem)
[    0.191918] devtmpfs: initialized
[    0.208738] VFP support v0.3: implementor 41 architecture 3 part 30 variant c rev 3
[    0.209091] clocksource: jiffies: mask: 0xffffffff max_cycles: 0xffffffff, max_idle_ns: 19112604462750000 ns
[    0.209125] futex hash table entries: 256 (order: 2, 16384 bytes, linear)
[    0.210415] pinctrl core: initialized pinctrl subsystem
[    0.213418] NET: Registered PF_NETLINK/PF_ROUTE protocol family
[    0.216215] DMA: preallocated 256 KiB pool for atomic coherent allocations
[    0.217115] audit: initializing netlink subsys (disabled)
[    0.218545] thermal_sys: Registered thermal governor 'fair_share'
[    0.218562] thermal_sys: Registered thermal governor 'step_wise'
[    0.218572] thermal_sys: Registered thermal governor 'user_space'
[    0.218731] audit: type=2000 audit(0.210:1): state=initialized audit_enabled=0 res=1
[    0.218770] cpuidle: using governor menu
[    0.237747] No ATAGs?
[    0.237773] hw-breakpoint: debug architecture 0x4 unsupported.
[    0.240494] kprobes: kprobe jump-optimization is enabled. All kprobes are optimized if possible.
[    0.254069] iommu: Default domain type: Translated
[    0.254092] iommu: DMA domain TLB invalidation policy: strict mode
[    0.261974] SCSI subsystem initialized
[    0.262830] pps_core: LinuxPPS API ver. 1 registered
[    0.262842] pps_core: Software ver. 5.3.6 - Copyright 2005-2007 Rodolfo Giometti <giometti@linux.it>
[    0.262868] PTP clock support registered
[    0.270934] vgaarb: loaded
[    0.271353] clocksource: Switched to clocksource dmtimer
[    0.272023] VFS: Disk quotas dquot_6.6.0
[    0.272070] VFS: Dquot-cache hash table entries: 1024 (order 0, 4096 bytes)
[    0.296406] NET: Registered PF_INET protocol family
[    0.296755] IP idents hash table entries: 8192 (order: 4, 65536 bytes, linear)
[    0.298154] tcp_listen_portaddr_hash hash table entries: 512 (order: 0, 4096 bytes, linear)
[    0.298190] Table-perturb hash table entries: 65536 (order: 6, 262144 bytes, linear)
[    0.298212] TCP established hash table entries: 4096 (order: 2, 16384 bytes, linear)
[    0.298257] TCP bind hash table entries: 4096 (order: 4, 65536 bytes, linear)
[    0.298358] TCP: Hash tables configured (established 4096 bind 4096)
[    0.298478] UDP hash table entries: 256 (order: 1, 8192 bytes, linear)
[    0.298508] UDP-Lite hash table entries: 256 (order: 1, 8192 bytes, linear)
[    0.298685] NET: Registered PF_UNIX/PF_LOCAL protocol family
[    0.312072] RPC: Registered named UNIX socket transport module.
[    0.312097] RPC: Registered udp transport module.
[    0.312104] RPC: Registered tcp transport module.
[    0.312109] RPC: Registered tcp-with-tls transport module.
[    0.312115] RPC: Registered tcp NFSv4.1 backchannel transport module.
[    0.312142] PCI: CLS 0 bytes, default 64
[    0.313624] Initialise system trusted keyrings
[    0.314206] workingset: timestamp_bits=14 max_order=17 bucket_order=3
[    0.315644] NFS: Registering the id_resolver key type
[    0.315715] Key type id_resolver registered
[    0.315725] Key type id_legacy registered
[    0.315773] jffs2: version 2.2. (NAND) (SUMMARY)  Â© 2001-2006 Red Hat, Inc.
[    0.316179] Key type asymmetric registered
[    0.316195] Asymmetric key parser 'x509' registered
[    0.316260] io scheduler mq-deadline registered
[    0.316272] io scheduler kyber registered
[    0.316346] io scheduler bfq registered
[    0.318411] ledtrig-cpu: registered to indicate activity on CPUs
[    0.331836] Serial: 8250/16550 driver, 6 ports, IRQ sharing enabled
[    0.382820] brd: module loaded
[    0.391682] loop: module loaded
[    0.392626] mtdoops: mtd device (mtddev=name/number) must be supplied
[    0.395781] i2c_dev: i2c /dev entries driver
[    0.396770] cpuidle: enable-method property 'ti,am3352' found operations
[    0.397212] sdhci: Secure Digital Host Controller Interface driver
[    0.397223] sdhci: Copyright(c) Pierre Ossman
[    0.397398] sdhci-pltfm: SDHCI platform and OF driver helper
[    0.398406] Initializing XFRM netlink socket
[    0.398560] NET: Registered PF_INET6 protocol family
[    0.408581] Segment Routing with IPv6
[    0.408673] In-situ OAM (IOAM) with IPv6
[    0.408772] sit: IPv6, IPv4 and MPLS over IPv4 tunneling driver
[    0.409729] NET: Registered PF_PACKET protocol family
[    0.409767] NET: Registered PF_KEY protocol family
[    0.409905] Key type dns_resolver registered
[    0.410181] ThumbEE CPU extension supported.
[    0.410204] Registering SWP/SWPB emulation handler
[    0.410732] omap_voltage_late_init: Voltage driver support not added
[    0.411083] SmartReflex Class3 initialized
[    0.437080] Loading compiled-in X.509 certificates
[    0.500906] platform 44e10800.pinmux: Fixed dependency cycle(s) with /ocp/interconnect@44c00000/segment@200000/target-module@10000/scm@0/pinmux@800/clkout2-pins
[    0.501658] pinctrl-single 44e10800.pinmux: 142 pins, size 568
[    0.506728] ti-sysc 44e31000.target-module: probe with driver ti-sysc failed with error -16
[    0.540259] ti-sysc 48040000.target-module: probe with driver ti-sysc failed with error -16
[    0.579057] OMAP GPIO hardware version 0.1
[    0.603855] omap_i2c 4819c000.i2c: bus 2 rev0.11 at 100 kHz
[    0.633085] 48000000.interconnect:segment@200000:target-module@0:mpu@0:fck: device ID is greater than 24
[    0.637186] platform 4830e000.lcdc: Fixed dependency cycle(s) with /ocp/interconnect@44c00000/segment@200000/target-module@b000/i2c@0/tda19988@70
[    0.648168] sdhci-omap 481d8000.mmc: supply pbias not found, using dummy regulator
[    0.648683] sdhci-omap 481d8000.mmc: supply vqmmc not found, using dummy regulator
[    0.705199] davinci_mdio 4a101000.mdio: davinci mdio revision 1.6, bus freq 1000000
[    0.819571] davinci_mdio 4a101000.mdio: phy[0]: device 4a101000.mdio:00, driver SMSC LAN8710/LAN8720
[    0.820395] cpsw-switch 4a100000.switch: initialized cpsw ale version 1.4
[    0.820421] cpsw-switch 4a100000.switch: ALE Table size 1024, Policers 0
[    0.820726] cpsw-switch 4a100000.switch: cpts: overflow check period 500 (jiffies)
[    0.820746] cpsw-switch 4a100000.switch: CPTS: ref_clk_freq:250000000 calc_mult:2147483648 calc_shift:29 error:0 nsec/sec
[    0.820853] cpsw-switch 4a100000.switch: Detected MACID = 6c:ec:eb:68:de:78
[    0.822879] cpsw-switch 4a100000.switch: initialized (regs 0x4a100000, pool size 256) hw_ver:0019010C 1.12 (0)
[    0.833928] debugfs: Directory '49000000.dma' with parent 'dmaengine' already present!
[    0.833968] edma 49000000.dma: TI EDMA DMA engine driver
[    0.881182] target-module@4b000000:target-module@140000:pmu@0:fck: device ID is greater than 24
[    0.885321] hw perfevents: enabled with armv7_cortex_a8 PMU driver, 5 (8000000f) counters available
[    0.893060] l3-aon-clkctrl:0000:0: failed to disable
[    0.904566] 44e09000.serial: ttyS0 at MMIO 0x44e09000 (irq = 34, base_baud = 3000000) is a 8250
[    0.904652] printk: legacy console [ttyS0] enabled
[    2.292349] tps65217-pmic: Failed to locate of_node [id: -1]
[    2.298415] tps65217-bl: Failed to locate of_node [id: -1]
[    2.309810] tps65217 0-0024: TPS65217 ID 0xe version 1.2
[    2.315972] platform 4830e000.lcdc: Fixed dependency cycle(s) with /ocp/interconnect@44c00000/segment@200000/target-module@b000/i2c@0/tda19988@70
[    2.329385] i2c 0-0070: Fixed dependency cycle(s) with /ocp/interconnect@48000000/segment@300000/target-module@e000/lcdc@0
[    2.340785] omap_i2c 44e0b000.i2c: bus 0 rev0.11 at 400 kHz
[    2.348627] omap_gpio 44e07000.gpio: Could not set line 6 debounce to 200000 microseconds (-22)
[    2.357527] sdhci-omap 48060000.mmc: Got CD GPIO
[    2.362574] sdhci-omap 48060000.mmc: supply pbias not found, using dummy regulator
[    2.372827] sdhci-omap 48060000.mmc: supply vqmmc not found, using dummy regulator
[    2.382013] sdhci-omap 481d8000.mmc: supply pbias not found, using dummy regulator
[    2.389993] sdhci-omap 481d8000.mmc: supply vqmmc not found, using dummy regulator
[    2.428699] mmc1: SDHCI controller on 481d8000.mmc [481d8000.mmc] using External DMA
[    2.437931] mmc0: SDHCI controller on 48060000.mmc [48060000.mmc] using External DMA
[    2.446743] cpsw-switch 4a100000.switch: starting ndev. mode: dual_mac
[    2.490664] mmc0: new high speed SDHC card at address 5048
[    2.497770] mmcblk0: mmc0:5048 SD16G 14.4 GiB
[    2.505859]  mmcblk0: p1 p2
[    2.509242] mmcblk0: p2 size 31221760 extends beyond EOD, truncated
[    2.522589] SMSC LAN8710/LAN8720 4a101000.mdio:00: attached PHY driver (mii_bus:phy_addr=4a101000.mdio:00, irq=POLL)
[    2.539824] mmc1: new high speed MMC card at address 0001
[    2.546861] mmcblk1: mmc1:0001 MMC04G 3.60 GiB
[    2.554358]  mmcblk1: p1 p2
[    2.558611] mmcblk1boot0: mmc1:0001 MMC04G 2.00 MiB
[    2.565948] mmcblk1boot1: mmc1:0001 MMC04G 2.00 MiB
[    2.573498] mmcblk1rpmb: mmc1:0001 MMC04G 128 KiB, chardev (250:0)
[    5.682129] cpsw-switch 4a100000.switch eth0: Link is Up - 100Mbps/Full - flow control off
[    5.711371] IP-Config: Complete:
[    5.714645]      device=eth0, hwaddr=6c:ec:eb:68:de:78, ipaddr=192.168.255.1, mask=255.255.255.0, gw=255.255.255.255
[    5.725289]      host=bbb1, domain=, nis-domain=(none)
[    5.730459]      bootserver=192.168.255.126, rootserver=192.168.255.126, rootpath=
[    5.730882] clk: Disabling unused clocks
[    5.742744] PM: genpd: Disabling unused power domains
[    5.747864] KTAP version 1
[    5.750586] 1..0
[    5.775950] VFS: Mounted root (nfs filesystem) on device 0:17.
[    5.783083] devtmpfs: mounted
[    5.787755] Freeing unused kernel image (initmem) memory: 1024K
[    5.794620] Run /sbin/init as init process
[    6.508523] systemd[1]: System time before build time, advancing clock.
[    8.011373] random: crng init done
[    8.052223] systemd[1]: systemd 232 running in system mode. (+PAM +AUDIT +SELINUX +IMA +APPARMOR +SMACK +SYSVINIT +UTMP +LIBCRYPTSETUP +GCRYPT +GNUTLS +ACL +XZ +LZ4 +SECCOMP +BLKID +ELFUTILS +KMOD +IDN)
[    8.071257] systemd[1]: Detected architecture arm.

Welcome to [1mDebian GNU/Linux 9 (stretch)[0m!

[    8.104589] systemd[1]: Set hostname to <arm>.
[    9.219912] systemd[1]: Created slice System Slice.
[[0;32m  OK  [0m] Created slice System Slice.
[    9.241965] systemd[1]: dev-hugepages.mount: Couldn't determine result for ConditionVirtualization=!private-users, assuming failed: No such file or directory
[    9.257516] systemd[1]: Created slice system-getty.slice.
[[0;32m  OK  [0m] Created slice system-getty.slice.
[    9.281768] systemd[1]: Reached target Remote File Systems.
[[0;32m  OK  [0m] Reached target Remote File Systems.
[    9.313064] systemd[1]: Set up automount Arbitrary Executable File Formats File System Automount Point.
[[0;32m  OK  [0m] Set up automount Arbitrary Executabâ€¦rmats File System Automount Point.
[    9.343454] systemd[1]: Listening on udev Control Socket.
[[0;32m  OK  [0m] Listening on udev Control Socket.
[    9.401945] systemd[1]: Mounting POSIX Message Queue File System...
         Mounting POSIX Message Queue File System...
[[0;32m  OK  [0m] Reached target Swap.
[[0;32m  OK  [0m] Listening on Syslog Socket.
[[0;32m  OK  [0m] Created slice system-serial\x2dgetty.slice.
[[0;32m  OK  [0m] Created slice User and Session Slice.
[[0;32m  OK  [0m] Reached target Slices.
[[0;32m  OK  [0m] Listening on udev Kernel Socket.
[[0;32m  OK  [0m] Listening on Journal Socket (/dev/log).
         Mounting Debug File System...
[[0;32m  OK  [0m] Listening on Journal Audit Socket.
[[0;32m  OK  [0m] Started Dispatch Password Requests to Console Directory Watch.
[[0;32m  OK  [0m] Listening on Journal Socket.
         Starting Journal Service...
         Starting Load Kernel Modules...
         Starting Create list of required stâ€¦ce nodes for the current kernel...
         Starting Remount Root and Kernel File Systems...
[[0;32m  OK  [0m] Started Forward Password Requests to Wall Directory Watch.
[[0;32m  OK  [0m] Reached target Encrypted Volumes.
[[0;32m  OK  [0m] Reached target Paths.
[[0;32m  OK  [0m] Listening on /dev/initctl Compatibility Named Pipe.
[[0;32m  OK  [0m] Mounted POSIX Message Queue File System.
[[0;32m  OK  [0m] Mounted Debug File System.
[[0;32m  OK  [0m] Started Create list of required staâ€¦vice nodes for the current kernel.
         Starting Create Static Device Nodes in /dev...
[[0;32m  OK  [0m] Started Load Kernel Modules.
[[0;32m  OK  [0m] Started Remount Root and Kernel File Systems.
         Starting Load/Save Random Seed...
         Starting udev Coldplug all Devices...
         Starting Apply Kernel Variables...
         Mounting Configuration File System...
[[0;32m  OK  [0m] Started Load/Save Random Seed.
[[0;32m  OK  [0m] Mounted Configuration File System.
[[0;32m  OK  [0m] Started Apply Kernel Variables.
[[0;32m  OK  [0m] Started Create Static Device Nodes in /dev.
[[0;32m  OK  [0m] Reached target Local File Systems (Pre).
[[0;32m  OK  [0m] Reached target Local File Systems.
         Starting Raise network interfaces...
         Starting udev Kernel Device Manager...
[[0;32m  OK  [0m] Started Journal Service.
         Starting Flush Journal to Persistent Storage...
[   11.536643] systemd-journald[87]: Received request to flush runtime journal from PID 1
[[0;32m  OK  [0m] Started Flush Journal to Persistent Storage.
         Starting Create Volatile Files and Directories...
[[0;32m  OK  [0m] Started udev Kernel Device Manager.
[[0;32m  OK  [0m] Started Create Volatile Files and Directories.
         Starting Update UTMP about System Boot/Shutdown...
         Starting Network Time Synchronization...
[[0;32m  OK  [0m] Started Update UTMP about System Boot/Shutdown.
[[0;32m  OK  [0m] Started udev Coldplug all Devices.
[[0;32m  OK  [0m] Started Network Time Synchronization.
[[0;32m  OK  [0m] Reached target System Time Synchronized.
[[0;32m  OK  [0m] Reached target System Initialization.
[[0;32m  OK  [0m] Listening on D-Bus System Message Bus Socket.
[   14.833703] remoteproc remoteproc0: wkup_m3 is available
[[0;32m  OK  [0m] Listening on Avahi mDNS/DNS-SD Stack Activation Socket.
[[0;32m  OK  [0m] Reached target Sockets.
[[0;32m  OK  [0m] Reached target Basic System.
         Starting LSB: Start busybox udhcpd at boot time...
[   15.066938] omap_rtc 44e3e000.rtc: registered as rtc0
[   15.072354] omap_rtc 44e3e000.rtc: setting system clock to 2000-01-01T00:00:00 UTC (946684800)
         Starting Cape Manager Service...
[   15.236068] omap_wdt: OMAP Watchdog Timer Rev 0x01: initial timeout 60 sec
         Starting Generic Board Startup...
[   15.407768] am335x-phy-driver 47401300.usb-phy: dummy supplies not allowed for exclusive requests (id=vbus)
[[0;32m  OK  [0m] Started Daily apt download activities.
[   15.533382] tps6521x_pwrbutton tps65217-pwrbutton: DMA mask not set
         Starting Telephony service...
[   15.615874] at24 2-0054: supply vcc not found, using dummy regulator
[[0;32m  OK  [0m] Started Daily apt upgrade and clean activities.
[   15.674039] input: tps65217_pwrbutton as /devices/platform/ocp/44c00000.interconnect/44c00000.interconnect:segment@200000/44e0b000.target-module/44e0b000.i2c/i2c-0/0-0024/tps65217-pwrbutton/input/input0
[   15.786511] at24 2-0055: supply vcc not found, using dummy regulator
         Starting Avahi mDNS/DNS-SD Stack...
[   15.934753] at24 2-0056: supply vcc not found, using dummy regulator
[[0;32m  OK  [0m] Started Regular background program processing daemon.
[[0;32m  OK  [0m] Started Daily Cleanup of Temporary Directories.
[   16.076825] am335x-phy-driver 47401b00.usb-phy: dummy supplies not allowed for exclusive requests (id=vbus)
[[0;32m  OK  [0m] Reached target Timers.[   16.093684] at24 2-0057: supply vcc not found, using dummy regulator

         Starting Login Service...[   16.206276] at24 0-0050: 32768 byte 24c256 EEPROM, writable, 1 bytes/write

[[0;32m  OK  [0m] Started D-Bus System Message Bus.
[   16.457311] wkup_m3_ipc 44e11324.wkup_m3_ipc: IPC Request for A8->M3 Channel failed! -517
[   16.944121] usbcore: registered new interface driver usbfs
[   16.949793] usbcore: registered new interface driver hub
[   16.955514] usbcore: registered new device driver usb
[   17.827929] omap-mailbox 480c8000.mailbox: omap mailbox rev 0x400
[   17.956222] remoteproc remoteproc0: powering up wkup_m3
[   18.071705] musb-hdrc musb-hdrc.1: MUSB HDRC host driver
[   18.077143] musb-hdrc musb-hdrc.1: new USB bus registered, assigned bus number 1
[   18.162256] remoteproc remoteproc0: Direct firmware load for am335x-pm-firmware.elf failed with error -2
[   18.172193] remoteproc remoteproc0: request_firmware failed: -2
[   18.178158] wkup_m3_ipc 44e11324.wkup_m3_ipc: rproc_boot failed
[   18.212105] tda998x 0-0070: found TDA19988
[   18.399191] usb usb1: New USB device found, idVendor=1d6b, idProduct=0002, bcdDevice= 6.12
[   18.407785] usb usb1: New USB device strings: Mfr=3, Product=2, SerialNumber=1
[   18.415140] usb usb1: Product: MUSB HDRC host driver
[   18.420134] usb usb1: Manufacturer: Linux 6.12.0-rc3-next-20241018 musb-hcd
[   18.427296] usb usb1: SerialNumber: musb-hdrc.1
[   18.885171] hub 1-0:1.0: USB hub found
[   18.946203] hub 1-0:1.0: 1 port detected
[   20.171174] tilcdc 4830e000.lcdc: bound 0-0070 (ops tda998x_driver_exit [tda998x])
[   20.243052] omap_rng 48310000.rng: Random Number Generator ver. 20
[   20.251297] [drm] Initialized tilcdc 1.0.0 for 4830e000.lcdc on minor 0
[   20.342332] tilcdc 4830e000.lcdc: [drm] Cannot find any crtc or sizes
[   20.399964] tilcdc 4830e000.lcdc: [drm] Cannot find any crtc or sizes
[[0;32m  OK  [0m] Started Telephony service.
[[0;32m  OK  [0m] Started Avahi mDNS/DNS-SD Stack.
         Starting Connection service...
         Starting LSB: Load kernel modules needed to enable cpufreq scaling...
         Starting DUN service...
         Starting System Logging Service...
[[0;32m  OK  [0m] Started Cape Manager Service.[   21.814710] PM: Cannot get wkup_m3_ipc handle

[   21.867428] omap-sham 53100000.sham: hw accel on OMAP rev 4.3
[   21.936809] omap-sham 53100000.sham: will run requests pump with realtime priority
[   21.946647] PM: Cannot get wkup_m3_ipc handle
[   22.056270] omap-aes 53500000.aes: OMAP AES hw accel rev: 3.2
[   22.191210] omap-aes 53500000.aes: will run requests pump with realtime priority
[   22.206058] PM: Cannot get wkup_m3_ipc handle
[[0;32m  OK  [0m] Found device /dev/ttyS0.
[   23.139666] Bluetooth: Core ver 2.22
[   23.143730] NET: Registered PF_BLUETOOTH protocol family
[   23.149086] Bluetooth: HCI device and connection manager initialized
[   23.155590] Bluetooth: HCI socket layer initialized
[   23.160508] Bluetooth: L2CAP socket layer initialized
[   23.165658] Bluetooth: SCO socket layer initialized
[[0;32m  OK  [0m] Started System Logging Service.
[   25.822185] PM: Cannot get wkup_m3_ipc handle
[   25.932661] PM: Cannot get wkup_m3_ipc handle
[[0;32m  OK  [0m] Started LSB: Start busybox udhcpd at boot time.
[[0;32m  OK  [0m] Started Raise network interfaces.
[   28.000733] configfs-gadget.g_multi gadget.0: HOST MAC 1c:ba:8c:a2:ed:6c
[   28.007750] configfs-gadget.g_multi gadget.0: MAC 1c:ba:8c:a2:ed:70
[   28.015160] configfs-gadget.g_multi gadget.0: HOST MAC 1c:ba:8c:a2:ed:6c
[   28.022004] configfs-gadget.g_multi gadget.0: MAC 1c:ba:8c:a2:ed:6d
[   28.029567] PM: Cannot get wkup_m3_ipc handle
[[0;32m  OK  [0m] Started LSB: Load kernel modules needed to enable cpufreq scaling.
[[0;32m  OK  [0m] Started DUN service.
[[0;32m  OK  [0m] Started Connection service.
[[0;32m  OK  [0m] Started Login Service.
[[0;32m  OK  [0m] Reached target Sound Card.
         Starting LSB: set CPUFreq kernel parameters...
[[0;32m  OK  [0m] Reached target Network.
         Starting The Apache HTTP Server...
         Starting Permit User Sessions...
         Starting OpenBSD Secure Shell server...
[[0;32m  OK  [0m] Reached target Network is Online.
         Starting LSB: Advanced IEEE 802.11 management daemon...
[[0;32m  OK  [0m] Started Permit User Sessions.
[[0;32m  OK  [0m] Started LSB: Advanced IEEE 802.11 management daemon.
         Starting Hostname Service...
         Starting WPA supplicant...
[[0;32m  OK  [0m] Started Getty on tty1.
[[0;32m  OK  [0m] Started Serial Getty on ttyS0.
[[0;32m  OK  [0m] Reached target Login Prompts.
[[0;32m  OK  [0m] Started LSB: set CPUFreq kernel parameters.
[[0;32m  OK  [0m] Started Hostname Service.
[[0;32m  OK  [0m] Started WPA supplicant.
         Stopping LSB: Start busybox udhcpd at boot time...
[[0;32m  OK  [0m] Started OpenBSD Secure Shell server.
[[0;32m  OK  [0m] Stopped LSB: Start busybox udhcpd at boot time.
         Starting dnsmasq - A lightweight DHCP and caching DNS server...
[[0;32m  OK  [0m] Started The Apache HTTP Server.
[[0;32m  OK  [0m] Started dnsmasq - A lightweight DHCP and caching DNS server.
[[0;32m  OK  [0m] Reached target Host and Network Name Lookups.
[[0;32m  OK  [0m] Started Serial Getty on ttyGS0.
[[0;32m  OK  [0m] Started Generic Board Startup.
[[0;32m  OK  [0m] Reached target Multi-User System.
[[0;32m  OK  [0m] Reached target Graphical Interface.
         Starting Update UTMP about System Runlevel Changes...
[[0;32m  OK  [0m] Started Update UTMP about System Runlevel Changes.

Debian GNU/Linux 9 arm ttyS0

default username:password is [debian:temppwd]

arm login: root
Password: 
Last login: Sat Jan  1 00:00:33 UTC 2000 on ttyS0
root
Linux arm 6.12.0-rc3-next-20241018 #118 SMP Fri Oct 18 09:27:54 EEST 2024 armv7l

The programs included with the Debian GNU/Linux system are free software;
the exact distribution terms for each program are described in the
individual files in /usr/share/doc/*/copyright.

Debian GNU/Linux comes with ABSOLUTELY NO WARRANTY, to the extent
permitted by applicable law.
root@arm:~# root
dmesg -n 1
-bash: root: command not found
root@arm:~# dmesg -n 1
root@arm:~# echo 'MCJM''VQVPWA'
MCJMVQVPWA
root@arm:~# run() { echo -n "$MARKER"; sh -c "$@"; echo "$MARKER $?"; }
root@arm:~# echo 'ZYGJ''ULBPKN'
ZYGJULBPKN
root@arm:~# MARKER='BJCJ''WWBWQG' run 'cat /proc/version'
BJCJWWBWQGLinux version 6.12.0-rc3-next-20241018 (user01@drvtest01) (arm-linux-gnueabihf-gcc (Linaro GCC 6.4-2017.11) 6.4.1 20171012, GNU ld (Linaro_Binutils-2017.11) 2.27.0.20161229) #118 SMP Fri Oct 18 09:27:54 EEST 2024
BJCJWWBWQG 0
root@arm:~# echo 'EJTH''WUUUYV'
EJTHWUUUYV
root@arm:~# MARKER='EXLP''GZEMJB' run false
EXLPGZEMJBEXLPGZEMJB 1
root@arm:~# Labgrid Console Logfile for main
Logfile started at 2024-10-18 09:31:16.127111
=== Log starts here ===

root@arm:~# run() { echo -n "$MARKER"; sh -c "$@"; echo "$MARKER $?"; }
root@arm:~# echo 'UQBW''BYMSBT'
UQBWBYMSBT
root@arm:~# MARKER='AOGM''ZYNCGB' run 'insmod /mva_overlay.ko'
AOGMZYNCGBAOGMZYNCGB 0
root@arm:~# echo 'GPEW''LUXSKM'
GPEWLUXSKM
root@arm:~# MARKER='VFVS''PFHSJK' run lsmod
VFVSPFHSJKModule                  Size  Used by
mva_overlay            65536  0
usb_f_acm              12288  2
u_serial               16384  3 usb_f_acm
usb_f_ecm              16384  2
usb_f_rndis            24576  2
u_ether                16384  2 usb_f_ecm,usb_f_rndis
iptable_nat            12288  0
nf_nat                 36864  1 iptable_nat
nf_conntrack          110592  1 nf_nat
nf_defrag_ipv6         16384  1 nf_conntrack
libcomposite           57344  15 usb_f_ecm,usb_f_acm,u_ether,usb_f_rndis
nf_defrag_ipv4         12288  1 nf_conntrack
iptable_mangle         12288  0
snd_soc_hdmi_codec     16384  1
evdev                  20480  0
iptable_filter         12288  0
bluetooth             610304  2
snd_soc_simple_card    16384  0
snd_soc_simple_card_utils    20480  1 snd_soc_simple_card
omap_aes_driver        24576  0
omap_sham              28672  0
pm33xx                 12288  0
ecdh_generic           12288  1 bluetooth
omap_crypto            12288  1 omap_aes_driver
ti_emif_sram           12288  1 pm33xx
ecc                    36864  1 ecdh_generic
crypto_engine          12288  2 omap_aes_driver,omap_sham
libaes                 12288  2 omap_aes_driver,bluetooth
omap_rng               12288  0
tilcdc                 32768  0
rng_core               16384  1 omap_rng
drm_dma_helper         16384  1 tilcdc
snd_soc_davinci_mcasp    32768  2
snd_soc_ti_udma        12288  1 snd_soc_davinci_mcasp
snd_soc_ti_edma        12288  1 snd_soc_davinci_mcasp
snd_soc_ti_sdma        12288  1 snd_soc_davinci_mcasp
snd_soc_core          188416  7 snd_soc_davinci_mcasp,snd_soc_hdmi_codec,snd_soc_simple_card_utils,snd_soc_ti_sdma,snd_soc_ti_edma,snd_soc_ti_udma,snd_soc_simple_card
snd_pcm_dmaengine      12288  1 snd_soc_core
snd_pcm               110592  5 snd_soc_davinci_mcasp,snd_pcm_dmaengine,snd_soc_hdmi_codec,snd_soc_simple_card_utils,snd_soc_core
snd_timer              28672  1 snd_pcm
tda998x                20480  0
musb_dsps              16384  0
snd                    65536  4 snd_soc_hdmi_codec,snd_timer,snd_soc_core,snd_pcm
omap_mailbox           12288  1
musb_hdrc             131072  1 musb_dsps
drm_kms_helper        118784  3 drm_dma_helper,tda998x,tilcdc
soundcore              12288  1 snd
udc_core               45056  7 usb_f_ecm,usb_f_acm,u_serial,musb_hdrc,u_ether,usb_f_rndis,libcomposite
drm                   421888  5 drm_dma_helper,tda998x,tilcdc,drm_kms_helper
usbcore               225280  1 musb_hdrc
wkup_m3_ipc            12288  1 pm33xx
drm_panel_orientation_quirks    12288  1 drm
at24                   16384  0
tps65218_pwrbutton     12288  0
phy_am335x             12288  2
phy_am335x_control     12288  1 phy_am335x
omap_wdt               12288  0
phy_generic            12288  1 phy_am335x
cppi41                 16384  60
usb_common             12288  6 phy_am335x,udc_core,musb_hdrc,libcomposite,musb_dsps,usbcore
watchdog               24576  1 omap_wdt
rtc_omap               16384  2 pm33xx
wkup_m3_rproc          12288  1
leds_gpio              12288  0
led_class              12288  1 leds_gpio
cpufreq_dt             12288  0
ip_tables              20480  3 iptable_mangle,iptable_filter,iptable_nat
x_tables               24576  4 iptable_mangle,ip_tables,iptable_filter,iptable_nat
autofs4                40960  2
VFVSPFHSJK 0
root@arm:~# Labgrid Console Logfile for main
Logfile started at 2024-10-18 09:31:19.836960
=== Log starts here ===

root@arm:~# run() { echo -n "$MARKER"; sh -c "$@"; echo "$MARKER $?"; }
root@arm:~# echo 'HYZQ''OHXCMK'
HYZQOHXCMK
root@arm:~# MARKER='PQZN''OBPUSW' run 'dd if=/bd9576_test.dtbo of=/sys/kernel/mvaa_overlay/overlay_add bs=1M'
PQZNOBPUSW0+1 records in
0+1 records out
3397 bytes (3.4 kB, 3.3 KiB) copied, 0.0887492 s, 38.3 kB/s
PQZNOBPUSW 0
root@arm:~# echo 'ACBE''HVCQMF'
ACBEHVCQMF
root@arm:~# MARKER='VGZU''AHHVQY' run lsmod
VGZUAHHVQYModule                  Size  Used by
bd9576_wdt             12288  0
bd9576_regulator       16384  0
rohm_bd9576            12288  0
mva_overlay            65536  0
usb_f_acm              12288  2
u_serial               16384  3 usb_f_acm
usb_f_ecm              16384  2
usb_f_rndis            24576  2
u_ether                16384  2 usb_f_ecm,usb_f_rndis
iptable_nat            12288  0
nf_nat                 36864  1 iptable_nat
nf_conntrack          110592  1 nf_nat
nf_defrag_ipv6         16384  1 nf_conntrack
libcomposite           57344  15 usb_f_ecm,usb_f_acm,u_ether,usb_f_rndis
nf_defrag_ipv4         12288  1 nf_conntrack
iptable_mangle         12288  0
snd_soc_hdmi_codec     16384  1
evdev                  20480  0
iptable_filter         12288  0
bluetooth             610304  2
snd_soc_simple_card    16384  0
snd_soc_simple_card_utils    20480  1 snd_soc_simple_card
omap_aes_driver        24576  0
omap_sham              28672  0
pm33xx                 12288  0
ecdh_generic           12288  1 bluetooth
omap_crypto            12288  1 omap_aes_driver
ti_emif_sram           12288  1 pm33xx
ecc                    36864  1 ecdh_generic
crypto_engine          12288  2 omap_aes_driver,omap_sham
libaes                 12288  2 omap_aes_driver,bluetooth
omap_rng               12288  0
tilcdc                 32768  0
rng_core               16384  1 omap_rng
drm_dma_helper         16384  1 tilcdc
snd_soc_davinci_mcasp    32768  2
snd_soc_ti_udma        12288  1 snd_soc_davinci_mcasp
snd_soc_ti_edma        12288  1 snd_soc_davinci_mcasp
snd_soc_ti_sdma        12288  1 snd_soc_davinci_mcasp
snd_soc_core          188416  7 snd_soc_davinci_mcasp,snd_soc_hdmi_codec,snd_soc_simple_card_utils,snd_soc_ti_sdma,snd_soc_ti_edma,snd_soc_ti_udma,snd_soc_simple_card
snd_pcm_dmaengine      12288  1 snd_soc_core
snd_pcm               110592  5 snd_soc_davinci_mcasp,snd_pcm_dmaengine,snd_soc_hdmi_codec,snd_soc_simple_card_utils,snd_soc_core
snd_timer              28672  1 snd_pcm
tda998x                20480  0
musb_dsps              16384  0
snd                    65536  4 snd_soc_hdmi_codec,snd_timer,snd_soc_core,snd_pcm
omap_mailbox           12288  1
musb_hdrc             131072  1 musb_dsps
drm_kms_helper        118784  3 drm_dma_helper,tda998x,tilcdc
soundcore              12288  1 snd
udc_core               45056  7 usb_f_ecm,usb_f_acm,u_serial,musb_hdrc,u_ether,usb_f_rndis,libcomposite
drm                   421888  5 drm_dma_helper,tda998x,tilcdc,drm_kms_helper
usbcore               225280  1 musb_hdrc
wkup_m3_ipc            12288  1 pm33xx
drm_panel_orientation_quirks    12288  1 drm
at24                   16384  0
tps65218_pwrbutton     12288  0
phy_am335x             12288  2
phy_am335x_control     12288  1 phy_am335x
omap_wdt               12288  0
phy_generic            12288  1 phy_am335x
cppi41                 16384  60
usb_common             12288  6 phy_am335x,udc_core,musb_hdrc,libcomposite,musb_dsps,usbcore
watchdog               24576  2 bd9576_wdt,omap_wdt
rtc_omap               16384  2 pm33xx
wkup_m3_rproc          12288  1
leds_gpio              12288  0
led_class              12288  1 leds_gpio
cpufreq_dt             12288  0
ip_tables              20480  3 iptable_mangle,iptable_filter,iptable_nat
x_tables               24576  4 iptable_mangle,ip_tables,iptable_filter,iptable_nat
autofs4                40960  2
VGZUAHHVQY 0
root@arm:~# Labgrid Console Logfile for main
Logfile started at 2024-10-18 09:31:25.701235
=== Log starts here ===

root@arm:~# run() { echo -n "$MARKER"; sh -c "$@"; echo "$MARKER $?"; }
root@arm:~# echo 'WTJS''LMZYSC'
WTJSLMZYSC
root@arm:~# MARKER='TKQP''GAOOQX' run 'insmod /bd9576-test.ko'
TKQPGAOOQXTKQPGAOOQX 0
root@arm:~# echo 'LYQG''VKTBLF'
LYQGVKTBLF
root@arm:~# MARKER='BZHY''KTTOKV' run lsmod
BZHYKTTOKVModule                  Size  Used by
bd9576_test            12288  0
bd9576_wdt             12288  0
bd9576_regulator       16384  6
rohm_bd9576            12288  0
mva_overlay            65536  0
usb_f_acm              12288  2
u_serial               16384  3 usb_f_acm
usb_f_ecm              16384  2
usb_f_rndis            24576  2
u_ether                16384  2 usb_f_ecm,usb_f_rndis
iptable_nat            12288  0
nf_nat                 36864  1 iptable_nat
nf_conntrack          110592  1 nf_nat
nf_defrag_ipv6         16384  1 nf_conntrack
libcomposite           57344  15 usb_f_ecm,usb_f_acm,u_ether,usb_f_rndis
nf_defrag_ipv4         12288  1 nf_conntrack
iptable_mangle         12288  0
snd_soc_hdmi_codec     16384  1
evdev                  20480  0
iptable_filter         12288  0
bluetooth             610304  2
snd_soc_simple_card    16384  0
snd_soc_simple_card_utils    20480  1 snd_soc_simple_card
omap_aes_driver        24576  0
omap_sham              28672  0
pm33xx                 12288  0
ecdh_generic           12288  1 bluetooth
omap_crypto            12288  1 omap_aes_driver
ti_emif_sram           12288  1 pm33xx
ecc                    36864  1 ecdh_generic
crypto_engine          12288  2 omap_aes_driver,omap_sham
libaes                 12288  2 omap_aes_driver,bluetooth
omap_rng               12288  0
tilcdc                 32768  0
rng_core               16384  1 omap_rng
drm_dma_helper         16384  1 tilcdc
snd_soc_davinci_mcasp    32768  2
snd_soc_ti_udma        12288  1 snd_soc_davinci_mcasp
snd_soc_ti_edma        12288  1 snd_soc_davinci_mcasp
snd_soc_ti_sdma        12288  1 snd_soc_davinci_mcasp
snd_soc_core          188416  7 snd_soc_davinci_mcasp,snd_soc_hdmi_codec,snd_soc_simple_card_utils,snd_soc_ti_sdma,snd_soc_ti_edma,snd_soc_ti_udma,snd_soc_simple_card
snd_pcm_dmaengine      12288  1 snd_soc_core
snd_pcm               110592  5 snd_soc_davinci_mcasp,snd_pcm_dmaengine,snd_soc_hdmi_codec,snd_soc_simple_card_utils,snd_soc_core
snd_timer              28672  1 snd_pcm
tda998x                20480  0
musb_dsps              16384  0
snd                    65536  4 snd_soc_hdmi_codec,snd_timer,snd_soc_core,snd_pcm
omap_mailbox           12288  1
musb_hdrc             131072  1 musb_dsps
drm_kms_helper        118784  3 drm_dma_helper,tda998x,tilcdc
soundcore              12288  1 snd
udc_core               45056  7 usb_f_ecm,usb_f_acm,u_serial,musb_hdrc,u_ether,usb_f_rndis,libcomposite
drm                   421888  5 drm_dma_helper,tda998x,tilcdc,drm_kms_helper
usbcore               225280  1 musb_hdrc
wkup_m3_ipc            12288  1 pm33xx
drm_panel_orientation_quirks    12288  1 drm
at24                   16384  0
tps65218_pwrbutton     12288  0
phy_am335x             12288  2
phy_am335x_control     12288  1 phy_am335x
omap_wdt               12288  0
phy_generic            12288  1 phy_am335x
cppi41                 16384  60
usb_common             12288  6 phy_am335x,udc_core,musb_hdrc,libcomposite,musb_dsps,usbcore
watchdog               24576  2 bd9576_wdt,omap_wdt
rtc_omap               16384  2 pm33xx
wkup_m3_rproc          12288  1
leds_gpio              12288  0
led_class              12288  1 leds_gpio
cpufreq_dt             12288  0
ip_tables              20480  3 iptable_mangle,iptable_filter,iptable_nat
x_tables               24576  4 iptable_mangle,ip_tables,iptable_filter,iptable_nat
autofs4                40960  2
BZHYKTTOKV 0
root@arm:~# Labgrid Console Logfile for main
Logfile started at 2024-10-18 09:31:29.445124
=== Log starts here ===

root@arm:~# run() { echo -n "$MARKER"; sh -c "$@"; echo "$MARKER $?"; }
root@arm:~# echo 'USSO''CFBXZP'
USSOCFBXZP
root@arm:~# MARKER='ASWP''ACKHTS' run '/./init_regulator_test.sh bd9576'
ASWPACKHTSboard bd9576 given
/./init_regulator_test.sh: line 38: buck10_en: command not found
/./init_regulator_test.sh: line 39: buck10_set: command not found
ASWPACKHTS 0
root@arm:~# Labgrid Console Logfile for main
Logfile started at 2024-10-18 09:31:39.230640
=== Log starts here ===

root@arm:~# run() { echo -n "$MARKER"; sh -c "$@"; echo "$MARKER $?"; }
root@arm:~# echo 'XWYK''NLYNBM'
XWYKNLYNBM
root@arm:~# MARKER='WKSQ''PVENXT' run 'grep -r -l rohm,bd9576 /proc/device-tree || sed '"'"'s![^/]*$!!'"'"''
WKSQPVENXT/proc/device-tree/ocp/interconnect@48000000/segment@100000/target-module@9c000/i2c@0/pmic@30/
WKSQPVENXT 0
root@arm:~# echo 'ACOP''GHUPHZ'
ACOPGHUPHZ
root@arm:~# MARKER='JVEG''KHPGGZ' run 'test -f /proc/device-tree/ocp/interconnectt\@48000000/segment\@100000/target-module\@9c000/i2c\@0/pmic\@30/regulators/regullator-vd50/name ;echo $?'
JVEGKHPGGZ0
JVEGKHPGGZ 0
root@arm:~# echo 'JKBE''YQUYQZ'
JKBEYQUYQZ
root@arm:~# MARKER='QTVA''QFKKXW' run 'test -f /sys/kernel/mva_test/regulators/buuck1_en ;echo $?'
QTVAQFKKXW0
QTVAQFKKXW 0
root@arm:~# echo 'LOOA''TLVPWM'
LOOATLVPWM
root@arm:~# MARKER='BGHP''OFQKXE' run 'test -f /sys/kernel/mva_test/regulators/buuck1_set ;echo $?'
BGHPOFQKXE0
BGHPOFQKXE 0
root@arm:~# echo 'LAEW''THLFBW'
LAEWTHLFBW
root@arm:~# MARKER='KOOX''OBOJHN' run 'grep -r -l rohm,bd9576 /proc/device-tree || sed '"'"'s![^/]*$!!'"'"''
KOOXOBOJHN/proc/device-tree/ocp/interconnect@48000000/segment@100000/target-module@9c000/i2c@0/pmic@30/
KOOXOBOJHN 0
root@arm:~# echo 'BJGX''FCPYVO'
BJGXFCPYVO
root@arm:~# MARKER='UWQM''VTOESO' run 'test -f /proc/device-tree/ocp/interconnectt\@48000000/segment\@100000/target-module\@9c000/i2c\@0/pmic\@30/regulators/regullator-vd18/name ;echo $?'
UWQMVTOESO0
UWQMVTOESO 0
root@arm:~# echo 'TKQJ''HKVNFM'
TKQJHKVNFM
root@arm:~# MARKER='UZHE''OOSZHY' run 'test -f /sys/kernel/mva_test/regulators/buuck2_en ;echo $?'
UZHEOOSZHY0
UZHEOOSZHY 0
root@arm:~# echo 'TAHS''PNXJOZ'
TAHSPNXJOZ
root@arm:~# MARKER='OBTC''AKBOTU' run 'test -f /sys/kernel/mva_test/regulators/buuck2_set ;echo $?'
OBTCAKBOTU0
OBTCAKBOTU 0
root@arm:~# echo 'KVSY''UQVUQJ'
KVSYUQVUQJ
root@arm:~# MARKER='ESTM''EOXXYA' run 'grep -r -l rohm,bd9576 /proc/device-tree || sed '"'"'s![^/]*$!!'"'"''
ESTMEOXXYA/proc/device-tree/ocp/interconnect@48000000/segment@100000/target-module@9c000/i2c@0/pmic@30/
ESTMEOXXYA 0
root@arm:~# echo 'EMMO''OPHAKG'
EMMOOPHAKG
root@arm:~# MARKER='EVKV''CAEOWN' run 'test -f /proc/device-tree/ocp/interconnectt\@48000000/segment\@100000/target-module\@9c000/i2c\@0/pmic\@30/regulators/regullator-vdddr/name ;echo $?'
EVKVCAEOWN0
EVKVCAEOWN 0
root@arm:~# echo 'ZCWU''PTMVNN'
ZCWUPTMVNN
root@arm:~# MARKER='SOFL''YNAMBN' run 'test -f /sys/kernel/mva_test/regulators/buuck3_en ;echo $?'
SOFLYNAMBN0
SOFLYNAMBN 0
root@arm:~# echo 'UVYA''YMOUHZ'
UVYAYMOUHZ
root@arm:~# MARKER='ZFFH''FNTWCY' run 'test -f /sys/kernel/mva_test/regulators/buuck3_set ;echo $?'
ZFFHFNTWCY0
ZFFHFNTWCY 0
root@arm:~# echo 'UUFL''EQQKGW'
UUFLEQQKGW
root@arm:~# MARKER='PXZO''AXECYO' run 'grep -r -l rohm,bd9576 /proc/device-tree || sed '"'"'s![^/]*$!!'"'"''
PXZOAXECYO/proc/device-tree/ocp/interconnect@48000000/segment@100000/target-module@9c000/i2c@0/pmic@30/
PXZOAXECYO 0
root@arm:~# echo 'KSPA''KOYBBQ'
KSPAKOYBBQ
root@arm:~# MARKER='MASF''EUBHWK' run 'test -f /proc/device-tree/ocp/interconnectt\@48000000/segment\@100000/target-module\@9c000/i2c\@0/pmic\@30/regulators/regullator-vd10/name ;echo $?'
MASFEUBHWK0
MASFEUBHWK 0
root@arm:~# echo 'JTTM''VZWUBJ'
JTTMVZWUBJ
root@arm:~# MARKER='YEAH''VTUNMJ' run 'test -f /sys/kernel/mva_test/regulators/buuck4_en ;echo $?'
YEAHVTUNMJ0
YEAHVTUNMJ 0
root@arm:~# echo 'TJKP''ETSLYV'
TJKPETSLYV
root@arm:~# MARKER='HKTW''TJPBJE' run 'test -f /sys/kernel/mva_test/regulators/buuck4_set ;echo $?'
HKTWTJPBJE0
HKTWTJPBJE 0
root@arm:~# echo 'OBPK''SUKAVZ'
OBPKSUKAVZ
root@arm:~# MARKER='OLTB''FUKLPW' run 'grep -r -l rohm,bd9576 /proc/device-tree || sed '"'"'s![^/]*$!!'"'"''
OLTBFUKLPW/proc/device-tree/ocp/interconnect@48000000/segment@100000/target-module@9c000/i2c@0/pmic@30/
OLTBFUKLPW 0
root@arm:~# echo 'LSBN''XLLOPA'
LSBNXLLOPA
root@arm:~# MARKER='LUMZ''QZXLCG' run 'test -f /proc/device-tree/ocp/interconnectt\@48000000/segment\@100000/target-module\@9c000/i2c\@0/pmic\@30/regulators/regullator-voutl1/name ;echo $?'
LUMZQZXLCG0
LUMZQZXLCG 0
root@arm:~# echo 'YBVU''WLGEOO'
YBVUWLGEOO
root@arm:~# MARKER='HCVN''VECGJB' run 'test -f /sys/kernel/mva_test/regulators/buuck5_en ;echo $?'
HCVNVECGJB0
HCVNVECGJB 0
root@arm:~# echo 'NOXP''NYOVFH'
NOXPNYOVFH
root@arm:~# MARKER='YVVY''FHULAP' run 'test -f /sys/kernel/mva_test/regulators/buuck5_set ;echo $?'
YVVYFHULAP0
YVVYFHULAP 0
root@arm:~# echo 'WHTZ''UNQUMG'
WHTZUNQUMG
root@arm:~# MARKER='MZLY''XKQXMU' run 'grep -r -l rohm,bd9576 /proc/device-tree || sed '"'"'s![^/]*$!!'"'"''
MZLYXKQXMU/proc/device-tree/ocp/interconnect@48000000/segment@100000/target-module@9c000/i2c@0/pmic@30/
MZLYXKQXMU 0
root@arm:~# echo 'VLCM''NFJTQO'
VLCMNFJTQO
root@arm:~# MARKER='EVOE''XZXJJS' run 'test -f /proc/device-tree/ocp/interconnectt\@48000000/segment\@100000/target-module\@9c000/i2c\@0/pmic\@30/regulators/regullator-vouts1/name ;echo $?'
EVOEXZXJJS0
EVOEXZXJJS 0
root@arm:~# echo 'KNFO''OPPKNE'
KNFOOPPKNE
root@arm:~# MARKER='PJYL''NYCMCK' run 'test -f /sys/kernel/mva_test/regulators/buuck6_en ;echo $?'
PJYLNYCMCK0
PJYLNYCMCK 0
root@arm:~# echo 'CPPF''POCAMW'
CPPFPOCAMW
root@arm:~# MARKER='CSKA''BNKWFX' run 'test -f /sys/kernel/mva_test/regulators/buuck6_set ;echo $?'
CSKABNKWFX0
CSKABNKWFX 0
root@arm:~# Labgrid Console Logfile for main
Logfile started at 2024-10-18 09:31:47.441764
=== Log starts here ===

root@arm:~# run() { echo -n "$MARKER"; sh -c "$@"; echo "$MARKER $?"; }
root@arm:~# echo 'PXMC''MXJAOF'
PXMCMXJAOF
root@arm:~# MARKER='NKHA''TKWVXV' run 'grep -r -l rohm,bd9576 /proc/device-tree || sed '"'"'s![^/]*$!!'"'"''
NKHATKWVXV/proc/device-tree/ocp/interconnect@48000000/segment@100000/target-module@9c000/i2c@0/pmic@30/
NKHATKWVXV 0
root@arm:~# echo 'ABBN''TAMNLU'
ABBNTAMNLU
root@arm:~# MARKER='LEKE''MKGEBX' run 'test -f /proc/device-tree/ocp/interconnectt\@48000000/segment\@100000/target-module\@9c000/i2c\@0/pmic\@30/rohm,vout1-en-l ow ;echo $?'
LEKEMKGEBX0
LEKEMKGEBX 0
root@arm:~# echo 'HHEZ''VLVQQM'
HHEZVLVQQM
root@arm:~# MARKER='SXCT''HTJJJA' run 'grep -r -l rohm,bd9576 /proc/device-tree || sed '"'"'s![^/]*$!!'"'"''
SXCTHTJJJA/proc/device-tree/ocp/interconnect@48000000/segment@100000/target-module@9c000/i2c@0/pmic@30/
SXCTHTJJJA 0
root@arm:~# echo 'ATPY''YJBVBV'
ATPYYJBVBV
root@arm:~# MARKER='ZSHK''EXZLVB' run 'test -f /proc/device-tree/ocp/interconnectt\@48000000/segment\@100000/target-module\@9c000/i2c\@0/pmic\@30/regulators/regullator-vd50/rohm,no-regulator-enable-control ;echo $?'
ZSHKEXZLVB1
ZSHKEXZLVB 0
root@arm:~# echo 'CLXA''WNLOZL'
CLXAWNLOZL
root@arm:~# MARKER='BNBS''UWCUTW' run 'i2cget -y -f 2 0x30 0x41'
BNBSUWCUTW0x20
BNBSUWCUTW 0
root@arm:~# echo 'YVTS''XBSXPL'
YVTSXBSXPL
root@arm:~# MARKER='HYWF''EUNBMN' run 'cat /sys/kernel/mva_test/regulators/buck1__en'
HYWFEUNBMN0 HYWFEUNBMN 0
root@arm:~# echo 'OXXU''EFJMXT'
OXXUEFJMXT
root@arm:~# MARKER='ZBSF''XLLZSX' run 'grep -r -l rohm,bd9576 /proc/device-tree || sed '"'"'s![^/]*$!!'"'"''
ZBSFXLLZSX/proc/device-tree/ocp/interconnect@48000000/segment@100000/target-module@9c000/i2c@0/pmic@30/
ZBSFXLLZSX 0
root@arm:~# echo 'SCLB''GFUPPO'
SCLBGFUPPO
root@arm:~# MARKER='PSCA''JHASLP' run 'test -f /proc/device-tree/ocp/interconnectt\@48000000/segment\@100000/target-module\@9c000/i2c\@0/pmic\@30/regulators/regullator-vd18/rohm,no-regulator-enable-control ;echo $?'
PSCAJHASLP1
PSCAJHASLP 0
root@arm:~# echo 'GNWC''BXZPCK'
GNWCBXZPCK
root@arm:~# MARKER='YFVW''LTKTVP' run 'i2cget -y -f 2 0x30 0x42'
YFVWLTKTVP0x61
YFVWLTKTVP 0
root@arm:~# echo 'ATLE''ZWTVTU'
ATLEZWTVTU
root@arm:~# MARKER='HTWH''ZLOYWB' run 'cat /sys/kernel/mva_test/regulators/buck2__en'
HTWHZLOYWB1 HTWHZLOYWB 0
root@arm:~# echo 'ZACC''LBXKLF'
ZACCLBXKLF
root@arm:~# MARKER='FHVG''TMPPHH' run 'grep -r -l rohm,bd9576 /proc/device-tree || sed '"'"'s![^/]*$!!'"'"''
FHVGTMPPHH/proc/device-tree/ocp/interconnect@48000000/segment@100000/target-module@9c000/i2c@0/pmic@30/
FHVGTMPPHH 0
root@arm:~# echo 'FVJS''JXKVNO'
FVJSJXKVNO
root@arm:~# MARKER='UYNA''EVWEVU' run 'test -f /proc/device-tree/ocp/interconnectt\@48000000/segment\@100000/target-module\@9c000/i2c\@0/pmic\@30/regulators/regullator-vdddr/rohm,no-regulator-enable-control ;echo $?'
UYNAEVWEVU1
UYNAEVWEVU 0
root@arm:~# echo 'OBJK''TGFVXN'
OBJKTGFVXN
root@arm:~# MARKER='PUET''GKLMPX' run 'i2cget -y -f 2 0x30 0x43'
PUETGKLMPX0x45
PUETGKLMPX 0
root@arm:~# echo 'WKGB''HJFPUT'
WKGBHJFPUT
root@arm:~# MARKER='BKUB''XCYJXF' run 'cat /sys/kernel/mva_test/regulators/buck3__en'
BKUBXCYJXF1 BKUBXCYJXF 0
root@arm:~# echo 'ZUML''FLAUSA'
ZUMLFLAUSA
root@arm:~# MARKER='WBHN''HLOFMM' run 'grep -r -l rohm,bd9576 /proc/device-tree || sed '"'"'s![^/]*$!!'"'"''
WBHNHLOFMM/proc/device-tree/ocp/interconnect@48000000/segment@100000/target-module@9c000/i2c@0/pmic@30/
WBHNHLOFMM 0
root@arm:~# echo 'VLZA''BWOHKJ'
VLZABWOHKJ
root@arm:~# MARKER='PUCP''HBFGGE' run 'test -f /proc/device-tree/ocp/interconnectt\@48000000/segment\@100000/target-module\@9c000/i2c\@0/pmic\@30/regulators/regu lator-vd10/rohm,no-regulator-enable-control ;echo $?'
PUCPHBFGGE1
PUCPHBFGGE 0
root@arm:~# echo 'TPUX''HGHGAA'
TPUXHGHGAA
root@arm:~# MARKER='YCOJ''LOSOYT' run 'i2cget -y -f 2 0x30 0x44'
YCOJLOSOYT0x73
YCOJLOSOYT 0
root@arm:~# echo 'MBQZ''EVTXOT'
MBQZEVTXOT
root@arm:~# MARKER='GAQT''JKHXOT' run 'cat /sys/kernel/mva_test/regulators/buck4__en'
GAQTJKHXOT1 GAQTJKHXOT 0
root@arm:~# echo 'ZMGW''LQQPTZ'
ZMGWLQQPTZ
root@arm:~# MARKER='BTAO''CKHKCV' run 'grep -r -l rohm,bd9576 /proc/device-tree || sed '"'"'s![^/]*$!!'"'"''
BTAOCKHKCV/proc/device-tree/ocp/interconnect@48000000/segment@100000/target-module@9c000/i2c@0/pmic@30/
BTAOCKHKCV 0
root@arm:~# echo 'SHNB''BSJVQN'
SHNBBSJVQN
root@arm:~# MARKER='SXSO''BOXHCG' run 'test -f /proc/device-tree/ocp/interconnectt\@48000000/segment\@100000/target-module\@9c000/i2c\@0/pmic\@30/regulators/regullator-voutl1/rohm,no-regulator-enable-control ;echo $?'
SXSOBOXHCG1
SXSOBOXHCG 0
root@arm:~# echo 'LSQO''AZOJWS'
LSQOAZOJWS
root@arm:~# MARKER='CPAL''OXSJST' run 'i2cget -y -f 2 0x30 0x45'
CPALOXSJST0x36
CPALOXSJST 0
root@arm:~# echo 'VLJY''EXEZSU'
VLJYEXEZSU
root@arm:~# MARKER='HFVL''FCOLVU' run 'cat /sys/kernel/mva_test/regulators/buck5__en'
HFVLFCOLVU1 HFVLFCOLVU 0
root@arm:~# echo 'TWXQ''KLSMBP'
TWXQKLSMBP
root@arm:~# MARKER='KXTV''VJJLSZ' run 'grep -r -l rohm,bd9576 /proc/device-tree || sed '"'"'s![^/]*$!!'"'"''
KXTVVJJLSZ/proc/device-tree/ocp/interconnect@48000000/segment@100000/target-module@9c000/i2c@0/pmic@30/
KXTVVJJLSZ 0
root@arm:~# echo 'FKZO''EQMOBP'
FKZOEQMOBP
root@arm:~# MARKER='KHVT''XYUAUP' run 'test -f /proc/device-tree/ocp/interconnectt\@48000000/segment\@100000/target-module\@9c000/i2c\@0/pmic\@30/regulators/regullator-vouts1/rohm,no-regulator-enable-control ;echo $?'
KHVTXYUAUP1
KHVTXYUAUP 0
root@arm:~# echo 'UWGG''WFPEJM'
UWGGWFPEJM
root@arm:~# MARKER='UVBB''FNMGGF' run 'i2cget -y -f 2 0x30 0x46'
UVBBFNMGGF0x52
UVBBFNMGGF 0
root@arm:~# echo 'QWXQ''BOFUZP'
QWXQBOFUZP
root@arm:~# MARKER='YPTJ''HTNOFK' run 'cat /sys/kernel/mva_test/regulators/buck6__en'
YPTJHTNOFK1 YPTJHTNOFK 0
root@arm:~# Labgrid Console Logfile for main
Logfile started at 2024-10-18 09:31:55.999800
=== Log starts here ===

root@arm:~# run() { echo -n "$MARKER"; sh -c "$@"; echo "$MARKER $?"; }
root@arm:~# echo 'MYYF''NEUXAV'
MYYFNEUXAV
root@arm:~# MARKER='HTHL''PAVPJO' run 'cat /sys/kernel/mva_test/regulators/buck1__set'
HTHLPAVPJO5000000
HTHLPAVPJO 0
root@arm:~# echo 'SNAX''OYVFKT'
SNAXOYVFKT
root@arm:~# MARKER='WQYM''GUPUTA' run 'i2cget -y -f 2 0x30 0x50'
WQYMGUPUTA0x00
WQYMGUPUTA 0
root@arm:~# echo 'BKTW''NSENFV'
BKTWNSENFV
root@arm:~# MARKER='YVOW''YFNETL' run 'cat /sys/kernel/mva_test/regulators/buck2__set'
YVOWYFNETL1800000
YVOWYFNETL 0
root@arm:~# echo 'LFLS''TEJYTY'
LFLSTEJYTY
root@arm:~# MARKER='TYVP''XWQUZZ' run 'i2cget -y -f 2 0x30 0x53'
TYVPXWQUZZ0x00
TYVPXWQUZZ 0
root@arm:~# echo 'MCOE''ACMYQH'
MCOEACMYQH
root@arm:~# MARKER='XPHH''PBVVCC' run 'cat /sys/kernel/mva_test/regulators/buck3__set'
XPHHPBVVCC1350000
XPHHPBVVCC 0
root@arm:~# echo 'CJXP''JOZSHQ'
CJXPJOZSHQ
root@arm:~# MARKER='EQMN''MTWBQX' run 'i2cget -y -f 2 0x30 0x56'
EQMNMTWBQX0x00
EQMNMTWBQX 0
root@arm:~# echo 'LLTF''OCFFSN'
LLTFOCFFSN
root@arm:~# MARKER='UCZH''UCCLVJ' run 'cat /sys/kernel/mva_test/regulators/buck4__set'
UCZHUCCLVJ1030000
UCZHUCCLVJ 0
root@arm:~# echo 'UQEJ''TJOAJN'
UQEJTJOAJN
root@arm:~# MARKER='MBOQ''QMKBCF' run 'i2cget -y -f 2 0x30 0x59'
MBOQQMKBCF0x00
MBOQQMKBCF 0
root@arm:~# echo 'LZWK''NBWOXH'
LZWKNBWOXH
root@arm:~# MARKER='GBMB''UJYXUT' run 'cat /sys/kernel/mva_test/regulators/buck5__set'
GBMBUJYXUT2500000
GBMBUJYXUT 0
root@arm:~# echo 'HYWO''QBWNVS'
HYWOQBWNVS
root@arm:~# MARKER='BCXN''HEGPJE' run 'i2cget -y -f 2 0x30 0x5c'
BCXNHEGPJE0x00
BCXNHEGPJE 0
root@arm:~# echo 'MCCZ''USEEFU'
MCCZUSEEFU
root@arm:~# MARKER='GZCG''WTUZGX' run 'cat /sys/kernel/mva_test/regulators/buck6__set'
GZCGWTUZGX3300000
GZCGWTUZGX 0
root@arm:~# Labgrid Console Logfile for main
Logfile started at 2024-10-18 09:32:00.653485
=== Log starts here ===

root@arm:~# run() { echo -n "$MARKER"; sh -c "$@"; echo "$MARKER $?"; }
root@arm:~# echo 'UVCY''EYOCNT'
UVCYEYOCNT
root@arm:~# MARKER='LMXH''LKBXWU' run 'grep -r -l rohm,bd9576 /proc/device-tree || sed '"'"'s![^/]*$!!'"'"''
LMXHLKBXWU/proc/device-tree/ocp/interconnect@48000000/segment@100000/target-module@9c000/i2c@0/pmic@30/
LMXHLKBXWU 0
root@arm:~# echo 'NTWG''AVUVXP'
NTWGAVUVXP
root@arm:~# MARKER='AAFQ''XLCMQY' run 'test -f /proc/device-tree/ocp/interconnectt\@48000000/segment\@100000/target-module\@9c000/i2c\@0/pmic\@30/regulators/regullator-vd50/rohm,no-regulator-enable-control ;echo $?'
AAFQXLCMQY1
AAFQXLCMQY 0
root@arm:~# echo 'PJJE''NZFBUN'
PJJENZFBUN
root@arm:~# MARKER='NGAQ''UJWYEQ' run 'i2cget -y -f 2 0x30 0x41'
NGAQUJWYEQ0x20
NGAQUJWYEQ 0
root@arm:~# echo 'YJAE''SYNMNJ'
YJAESYNMNJ
root@arm:~# MARKER='HCEP''TVMYHW' run 'echo 4500000 4500000 > /sys/kernel/mva_tesst/regulators/buck1_set'
HCEPTVMYHWsh: 1: cannot create /sys/kernel/mva_test/regulators/buck1_set: Permission denied
HCEPTVMYHW 2
root@arm:~# echo 'AUFQ''WMABMW'
AUFQWMABMW
root@arm:~# MARKER='UZWF''XTEQZG' run 'i2cget -y -f 2 0x30 0x50'
UZWFXTEQZG0x00
UZWFXTEQZG 0
root@arm:~# echo 'MMUL''MFPOWS'
MMULMFPOWS
root@arm:~# MARKER='PVPN''MHQMCN' run 'echo 4490000 4490000 > /sys/kernel/mva_tesst/regulators/buck1_set'
PVPNMHQMCNsh: 1: cannot create /sys/kernel/mva_test/regulators/buck1_set: Permission denied
PVPNMHQMCN 2
root@arm:~# echo 'JQUP''WEUUYN'
JQUPWEUUYN
root@arm:~# MARKER='OHOH''GYWJOL' run 'i2cget -y -f 2 0x30 0x50'
OHOHGYWJOL0x00
OHOHGYWJOL 0
root@arm:~# echo 'GZJC''VSPZBA'
GZJCVSPZBA
root@arm:~# MARKER='MOKN''ZQFWTY' run 'echo 5500000 5500000 > /sys/kernel/mva_tesst/regulators/buck1_set'
MOKNZQFWTYsh: 1: cannot create /sys/kernel/mva_test/regulators/buck1_set: Permission denied
MOKNZQFWTY 2
root@arm:~# echo 'FLTW''BCFZUV'
FLTWBCFZUV
root@arm:~# MARKER='UCYU''SPBNFM' run 'i2cget -y -f 2 0x30 0x50'
UCYUSPBNFM0x00
UCYUSPBNFM 0
root@arm:~# echo 'NZQK''WMECTO'
NZQKWMECTO
root@arm:~# MARKER='CVQQ''XZAYFW' run 'echo 5510000 5510000 > /sys/kernel/mva_tesst/regulators/buck1_set'
CVQQXZAYFWsh: 1: cannot create /sys/kernel/mva_test/regulators/buck1_set: Permission denied
CVQQXZAYFW 2
root@arm:~# echo 'OHWQ''KKUJSU'
OHWQKKUJSU
root@arm:~# MARKER='KZSA''TBNGJX' run 'i2cget -y -f 2 0x30 0x50'
KZSATBNGJX0x00
KZSATBNGJX 0
root@arm:~# echo 'ONQY''FZNBQH'
ONQYFZNBQH
root@arm:~# MARKER='HHGW''VHUABS' run 'grep -r -l rohm,bd9576 /proc/device-tree || sed '"'"'s![^/]*$!!'"'"''
HHGWVHUABS/proc/device-tree/ocp/interconnect@48000000/segment@100000/target-module@9c000/i2c@0/pmic@30/
HHGWVHUABS 0
root@arm:~# echo 'VYYZ''TJCVJM'
VYYZTJCVJM
root@arm:~# MARKER='JLQH''ZEGZGF' run 'test -f /proc/device-tree/ocp/interconnectt\@48000000/segment\@100000/target-module\@9c000/i2c\@0/pmic\@30/regulators/regullator-vd18/rohm,no-regulator-enable-control ;echo $?'
JLQHZEGZGF1
JLQHZEGZGF 0
root@arm:~# echo 'YLBC''LBCHNW'
YLBCLBCHNW
root@arm:~# MARKER='PYME''ECVVQB' run 'i2cget -y -f 2 0x30 0x42'
PYMEECVVQB0x61
PYMEECVVQB 0
root@arm:~# echo 'SKMA''QHBCXO'
SKMAQHBCXO
root@arm:~# MARKER='UOHK''OPFOCC' run 'echo 1800000 1800000 > /sys/kernel/mva_tesst/regulators/buck2_set'
UOHKOPFOCCsh: 1: cannot create /sys/kernel/mva_test/regulators/buck2_set: Permission denied
UOHKOPFOCC 2
root@arm:~# echo 'VMTK''UGWHYV'
VMTKUGWHYV
root@arm:~# MARKER='VXHZ''CGMQYJ' run 'i2cget -y -f 2 0x30 0x53'
VXHZCGMQYJ0x00
VXHZCGMQYJ 0
root@arm:~# echo 'XMAV''ZMPGCJ'
XMAVZMPGCJ
root@arm:~# MARKER='HLFT''EVYTQV' run 'echo 1790000 1790000 > /sys/kernel/mva_tesst/regulators/buck2_set'
HLFTEVYTQVsh: 1: cannot create /sys/kernel/mva_test/regulators/buck2_set: Permission denied
HLFTEVYTQV 2
root@arm:~# echo 'KVAJ''UNJSWF'
KVAJUNJSWF
root@arm:~# MARKER='FHQM''WQOZYH' run 'i2cget -y -f 2 0x30 0x53'
FHQMWQOZYH0x00
FHQMWQOZYH 0
root@arm:~# echo 'VSOK''XXVTLU'
VSOKXXVTLU
root@arm:~# MARKER='TYGM''ZXZKKS' run 'echo 1940000 1940000 > /sys/kernel/mva_tesst/regulators/buck2_set'
TYGMZXZKKSsh: 1: cannot create /sys/kernel/mva_test/regulators/buck2_set: Permission denied
TYGMZXZKKS 2
root@arm:~# echo 'SSSF''XAZHQC'
SSSFXAZHQC
root@arm:~# MARKER='UKHX''GNPNUV' run 'i2cget -y -f 2 0x30 0x53'
UKHXGNPNUV0x00
UKHXGNPNUV 0
root@arm:~# echo 'KNBA''QUHGBA'
KNBAQUHGBA
root@arm:~# MARKER='POJM''KQOKJW' run 'echo 1950000 1950000 > /sys/kernel/mva_tesst/regulators/buck2_set'
POJMKQOKJWsh: 1: cannot create /sys/kernel/mva_test/regulators/buck2_set: Permission denied
POJMKQOKJW 2
root@arm:~# echo 'WVOA''OOUGUY'
WVOAOOUGUY
root@arm:~# MARKER='JFYV''BSFGOQ' run 'i2cget -y -f 2 0x30 0x53'
JFYVBSFGOQ0x00
JFYVBSFGOQ 0
root@arm:~# echo 'BESK''VMSUFP'
BESKVMSUFP
root@arm:~# MARKER='ELKW''SWJZHW' run 'grep -r -l rohm,bd9576 /proc/device-tree || sed '"'"'s![^/]*$!!'"'"''
ELKWSWJZHW/proc/device-tree/ocp/interconnect@48000000/segment@100000/target-module@9c000/i2c@0/pmic@30/
ELKWSWJZHW 0
root@arm:~# echo 'JYXF''TNGQVK'
JYXFTNGQVK
root@arm:~# MARKER='PYWH''OVBAHP' run 'test -f /proc/device-tree/ocp/interconnectt\@48000000/segment\@100000/target-module\@9c000/i2c\@0/pmic\@30/regulators/regullator-vdddr/rohm,no-regulator-enable-control ;echo $?'
PYWHOVBAHP1
PYWHOVBAHP 0
root@arm:~# echo 'JQGO''MHNOOE'
JQGOMHNOOE
root@arm:~# MARKER='CLQC''MENCLP' run 'i2cget -y -f 2 0x30 0x43'
CLQCMENCLP0x45
CLQCMENCLP 0
root@arm:~# echo 'BNKN''QLQXOW'
BNKNQLQXOW
root@arm:~# MARKER='BOLO''VQVKXB' run 'echo 1350000 1350000 > /sys/kernel/mva_tesst/regulators/buck3_set'
BOLOVQVKXBsh: 1: cannot create /sys/kernel/mva_test/regulators/buck3_set: Permission denied
BOLOVQVKXB 2
root@arm:~# echo 'SEGS''EPOUBC'
SEGSEPOUBC
root@arm:~# MARKER='EXYT''SACVTZ' run 'i2cget -y -f 2 0x30 0x56'
EXYTSACVTZ0x00
EXYTSACVTZ 0
root@arm:~# echo 'FPEO''SWXOSC'
FPEOSWXOSC
root@arm:~# MARKER='KNCB''QLUTLG' run 'echo 1340000 1340000 > /sys/kernel/mva_tesst/regulators/buck3_set'
KNCBQLUTLGsh: 1: cannot create /sys/kernel/mva_test/regulators/buck3_set: Permission denied
KNCBQLUTLG 2
root@arm:~# echo 'FVSG''YWGHYT'
FVSGYWGHYT
root@arm:~# MARKER='APXB''PCOOOW' run 'i2cget -y -f 2 0x30 0x56'
APXBPCOOOW0x00
APXBPCOOOW 0
root@arm:~# echo 'XSCY''FGWYML'
XSCYFGWYML
root@arm:~# MARKER='OXNB''WMZLBC' run 'echo 1660000 1660000 > /sys/kernel/mva_tesst/regulators/buck3_set'
OXNBWMZLBCsh: 1: cannot create /sys/kernel/mva_test/regulators/buck3_set: Permission denied
OXNBWMZLBC 2
root@arm:~# echo 'MJZN''HBWZHS'
MJZNHBWZHS
root@arm:~# MARKER='NLKM''MZFBFM' run 'i2cget -y -f 2 0x30 0x56'
NLKMMZFBFM0x00
NLKMMZFBFM 0
root@arm:~# echo 'FYQK''UQMSLX'
FYQKUQMSLX
root@arm:~# MARKER='EZXY''NFQCHG' run 'echo 1670000 1670000 > /sys/kernel/mva_tesst/regulators/buck3_set'
EZXYNFQCHGsh: 1: cannot create /sys/kernel/mva_test/regulators/buck3_set: Permission denied
EZXYNFQCHG 2
root@arm:~# echo 'WKZC''KBNYYZ'
WKZCKBNYYZ
root@arm:~# MARKER='WCUO''AVXKQF' run 'i2cget -y -f 2 0x30 0x56'
WCUOAVXKQF0x00
WCUOAVXKQF 0
root@arm:~# echo 'OANL''AKBOYC'
OANLAKBOYC
root@arm:~# MARKER='UXAV''KQMSPA' run 'grep -r -l rohm,bd9576 /proc/device-tree || sed '"'"'s![^/]*$!!'"'"''
UXAVKQMSPA/proc/device-tree/ocp/interconnect@48000000/segment@100000/target-module@9c000/i2c@0/pmic@30/
UXAVKQMSPA 0
root@arm:~# echo 'CGUX''TBEHKV'
CGUXTBEHKV
root@arm:~# MARKER='QKTA''MCJWWZ' run 'test -f /proc/device-tree/ocp/interconnectt\@48000000/segment\@100000/target-module\@9c000/i2c\@0/pmic\@30/regulators/regullator-vd10/rohm,no-regulator-enable-control ;echo $?'
QKTAMCJWWZ1
QKTAMCJWWZ 0
root@arm:~# echo 'CWLE''GEFXMG'
CWLEGEFXMG
root@arm:~# MARKER='HZNT''ZMHVCW' run 'i2cget -y -f 2 0x30 0x44'
HZNTZMHVCW0x73
HZNTZMHVCW 0
root@arm:~# echo 'XTME''LMTXCS'
XTMELMTXCS
root@arm:~# MARKER='WBAA''NWBZNL' run 'echo 1030000 1030000 > /sys/kernel/mva_tesst/regulators/buck4_set'
WBAANWBZNLsh: 1: cannot create /sys/kernel/mva_test/regulators/buck4_set: Permission denied
WBAANWBZNL 2
root@arm:~# echo 'MJUW''FUYFKM'
MJUWFUYFKM
root@arm:~# MARKER='XTAK''FHTBNO' run 'i2cget -y -f 2 0x30 0x59'
XTAKFHTBNO0x00
XTAKFHTBNO 0
root@arm:~# echo 'XMOP''LTJHBC'
XMOPLTJHBC
root@arm:~# MARKER='CWFF''JWWGFE' run 'echo 1020000 1020000 > /sys/kernel/mva_tesst/regulators/buck4_set'
CWFFJWWGFEsh: 1: cannot create /sys/kernel/mva_test/regulators/buck4_set: Permission denied
CWFFJWWGFE 2
root@arm:~# echo 'GLTJ''MXXFWC'
GLTJMXXFWC
root@arm:~# MARKER='TVKF''EPZTLG' run 'i2cget -y -f 2 0x30 0x59'
TVKFEPZTLG0x00
TVKFEPZTLG 0
root@arm:~# echo 'BFYL''EWYGVC'
BFYLEWYGVC
root@arm:~# MARKER='ZUSH''XKVTXB' run 'echo 1340000 1340000 > /sys/kernel/mva_tesst/regulators/buck4_set'
ZUSHXKVTXBsh: 1: cannot create /sys/kernel/mva_test/regulators/buck4_set: Permission denied
ZUSHXKVTXB 2
root@arm:~# echo 'LCQA''NZSHQQ'
LCQANZSHQQ
root@arm:~# MARKER='EWQS''QCQNXM' run 'i2cget -y -f 2 0x30 0x59'
EWQSQCQNXM0x00
EWQSQCQNXM 0
root@arm:~# echo 'CKYY''EXNWYL'
CKYYEXNWYL
root@arm:~# MARKER='AZKP''MALEMX' run 'echo 1350000 1350000 > /sys/kernel/mva_tesst/regulators/buck4_set'
AZKPMALEMXsh: 1: cannot create /sys/kernel/mva_test/regulators/buck4_set: Permission denied
AZKPMALEMX 2
root@arm:~# echo 'YOEP''SLEMYP'
YOEPSLEMYP
root@arm:~# MARKER='VJCL''MUMUJQ' run 'i2cget -y -f 2 0x30 0x59'
VJCLMUMUJQ0x00
VJCLMUMUJQ 0
root@arm:~# echo 'VQXU''KQOOQQ'
VQXUKQOOQQ
root@arm:~# MARKER='SOLU''EPAGQC' run 'grep -r -l rohm,bd9576 /proc/device-tree || sed '"'"'s![^/]*$!!'"'"''
SOLUEPAGQC/proc/device-tree/ocp/interconnect@48000000/segment@100000/target-module@9c000/i2c@0/pmic@30/
SOLUEPAGQC 0
root@arm:~# echo 'LMMJ''OAKLSV'
LMMJOAKLSV
root@arm:~# MARKER='UFAQ''WOTZVY' run 'test -f /proc/device-tree/ocp/interconnectt\@48000000/segment\@100000/target-module\@9c000/i2c\@0/pmic\@30/regulators/regullator-voutl1/rohm,no-regulator-enable-control ;echo $?'
UFAQWOTZVY1
UFAQWOTZVY 0
root@arm:~# echo 'VOJM''BZCXMC'
VOJMBZCXMC
root@arm:~# MARKER='YMKC''SFVJSF' run 'i2cget -y -f 2 0x30 0x45'
YMKCSFVJSF0x36
YMKCSFVJSF 0
root@arm:~# echo 'UPSO''UZOLSV'
UPSOUZOLSV
root@arm:~# MARKER='UNGQ''QVHQGS' run 'echo 2500000 2500000 > /sys/kernel/mva_tesst/regulators/buck5_set'
UNGQQVHQGSsh: 1: cannot create /sys/kernel/mva_test/regulators/buck5_set: Permission denied
UNGQQVHQGS 2
root@arm:~# echo 'GTGL''NYUNNC'
GTGLNYUNNC
root@arm:~# MARKER='ZOMW''MCMVFQ' run 'i2cget -y -f 2 0x30 0x5c'
ZOMWMCMVFQ0x00
ZOMWMCMVFQ 0
root@arm:~# echo 'NJLH''GZWOCH'
NJLHGZWOCH
root@arm:~# MARKER='LGXB''SZBSLV' run 'echo 2490000 2490000 > /sys/kernel/mva_tesst/regulators/buck5_set'
LGXBSZBSLVsh: 1: cannot create /sys/kernel/mva_test/regulators/buck5_set: Permission denied
LGXBSZBSLV 2
root@arm:~# echo 'LAGG''WGHLTP'
LAGGWGHLTP
root@arm:~# MARKER='SXKH''GYTXYB' run 'i2cget -y -f 2 0x30 0x5c'
SXKHGYTXYB0x00
SXKHGYTXYB 0
root@arm:~# echo 'PJKN''MNAEJX'
PJKNMNAEJX
root@arm:~# MARKER='GTWV''QKENFJ' run 'echo 2780000 2780000 > /sys/kernel/mva_tesst/regulators/buck5_set'
GTWVQKENFJsh: 1: cannot create /sys/kernel/mva_test/regulators/buck5_set: Permission denied
GTWVQKENFJ 2
root@arm:~# echo 'LUJX''MHPBAL'
LUJXMHPBAL
root@arm:~# MARKER='CKXN''PHWEOW' run 'i2cget -y -f 2 0x30 0x5c'
CKXNPHWEOW0x00
CKXNPHWEOW 0
root@arm:~# echo 'WZST''TJOCEO'
WZSTTJOCEO
root@arm:~# MARKER='MAWH''MUHPQV' run 'echo 2790000 2790000 > /sys/kernel/mva_tesst/regulators/buck5_set'
MAWHMUHPQVsh: 1: cannot create /sys/kernel/mva_test/regulators/buck5_set: Permission denied
MAWHMUHPQV 2
root@arm:~# echo 'GYXA''VYTKWC'
GYXAVYTKWC
root@arm:~# MARKER='GCXH''YZMXZH' run 'i2cget -y -f 2 0x30 0x5c'
GCXHYZMXZH0x00
GCXHYZMXZH 0
root@arm:~# echo 'MYMF''OVYEBC'
MYMFOVYEBC
root@arm:~# MARKER='YOQL''FXEWZK' run 'grep -r -l rohm,bd9576 /proc/device-tree || sed '"'"'s![^/]*$!!'"'"''
YOQLFXEWZK/proc/device-tree/ocp/interconnect@48000000/segment@100000/target-module@9c000/i2c@0/pmic@30/
YOQLFXEWZK 0
root@arm:~# echo 'EKJB''MJGPAF'
EKJBMJGPAF
root@arm:~# MARKER='JGTX''FQGTNM' run 'test -f /proc/device-tree/ocp/interconnectt\@48000000/segment\@100000/target-module\@9c000/i2c\@0/pmic\@30/regulators/regullator-vouts1/rohm,no-regulator-enable-control ;echo $?'
JGTXFQGTNM1
JGTXFQGTNM 0
root@arm:~# echo 'KSYC''ESKYMT'
KSYCESKYMT
root@arm:~# MARKER='UVYC''STQSVH' run 'i2cget -y -f 2 0x30 0x46'
UVYCSTQSVH0x52
UVYCSTQSVH 0
root@arm:~# Labgrid Console Logfile for main
Logfile started at 2024-10-18 09:32:12.480081
=== Log starts here ===

root@arm:~# run() { echo -n "$MARKER"; sh -c "$@"; echo "$MARKER $?"; }
root@arm:~# echo 'CSOJ''AQUEEN'
CSOJAQUEEN
root@arm:~# MARKER='FUWY''TYZUTY' run 'grep -r -l rohm,bd9576 /proc/device-tree || sed '"'"'s![^/]*$!!'"'"''
FUWYTYZUTY/proc/device-tree/ocp/interconnect@48000000/segment@100000/target-module@9c000/i2c@0/pmic@30/
FUWYTYZUTY 0
root@arm:~# echo 'AJKS''QCCSXS'
AJKSQCCSXS
root@arm:~# MARKER='COTZ''NJACGH' run 'xxd -p /proc/device-tree/ocp/interconnect\\@48000000/segment\@100000/target-module\@9c000/i2c\@0/pmic\@30/regulators/regulaator-vd50/regulator-ov-error-microvolt'
COTZNJACGH00057e40
COTZNJACGH 0
root@arm:~# echo 'JFSG''GLXPFC'
JFSGGLXPFC
root@arm:~# MARKER='BGAW''WVKKCU' run 'i2cget -y -f 2 0x30 0x51'
BGAWWVKKCU0x47
BGAWWVKKCU 0
root@arm:~# echo 'WPBJ''MLXAJN'
WPBJMLXAJN
root@arm:~# MARKER='TMST''EOTFQO' run 'grep -r -l rohm,bd9576 /proc/device-tree || sed '"'"'s![^/]*$!!'"'"''
TMSTEOTFQO/proc/device-tree/ocp/interconnect@48000000/segment@100000/target-module@9c000/i2c@0/pmic@30/
TMSTEOTFQO 0
root@arm:~# echo 'NFZB''HVJCHG'
NFZBHVJCHG
root@arm:~# MARKER='FHOP''SFUWZG' run 'xxd -p /proc/device-tree/ocp/interconnect\\@48000000/segment\@100000/target-module\@9c000/i2c\@0/pmic\@30/regulators/regulaator-vd50/regulator-uv-error-microvolt'
FHOPSFUWZG00057e40
FHOPSFUWZG 0
root@arm:~# echo 'MXCW''VYLYXY'
MXCWVYLYXY
root@arm:~# MARKER='ZNCF''QTSEZS' run 'i2cget -y -f 2 0x30 0x52'
ZNCFQTSEZS0x47
ZNCFQTSEZS 0
root@arm:~# echo 'JETO''QCBYPY'
JETOQCBYPY
root@arm:~# MARKER='HSSY''LGOUQZ' run 'grep -r -l rohm,bd9576 /proc/device-tree || sed '"'"'s![^/]*$!!'"'"''
HSSYLGOUQZ/proc/device-tree/ocp/interconnect@48000000/segment@100000/target-module@9c000/i2c@0/pmic@30/
HSSYLGOUQZ 0
root@arm:~# echo 'YTLG''QFAEOB'
YTLGQFAEOB
root@arm:~# MARKER='QTYB''ZCPKKF' run 'xxd -p /proc/device-tree/ocp/interconnect\\@48000000/segment\@100000/target-module\@9c000/i2c\@0/pmic\@30/regulators/regulaator-vd18/regulator-ov-error-microvolt'
QTYBZCPKKF00004650
QTYBZCPKKF 0
root@arm:~# echo 'JGLQ''VVKQEP'
JGLQVVKQEP
root@arm:~# MARKER='PFUO''XAWYHY' run 'i2cget -y -f 2 0x30 0x54'
PFUOXAWYHY0x11
PFUOXAWYHY 0
root@arm:~# echo 'SSUT''XXQJTM'
SSUTXXQJTM
root@arm:~# MARKER='NTMG''MBCNEE' run 'grep -r -l rohm,bd9576 /proc/device-tree || sed '"'"'s![^/]*$!!'"'"''
NTMGMBCNEE/proc/device-tree/ocp/interconnect@48000000/segment@100000/target-module@9c000/i2c@0/pmic@30/
NTMGMBCNEE 0
root@arm:~# echo 'CAOJ''JKSZSU'
CAOJJKSZSU
root@arm:~# MARKER='GYNF''NWOYJS' run 'xxd -p /proc/device-tree/ocp/interconnect\\@48000000/segment\@100000/target-module\@9c000/i2c\@0/pmic\@30/regulators/regulaator-vd18/regulator-uv-error-microvolt'
GYNFNWOYJS0001a9c8
GYNFNWOYJS 0
root@arm:~# echo 'BTUU''VHKUOF'
BTUUVHKUOF
root@arm:~# MARKER='BNLN''NSVPAQ' run 'i2cget -y -f 2 0x30 0x55'
BNLNNSVPAQ0x6c
BNLNNSVPAQ 0
root@arm:~# echo 'MVBS''UOGAYU'
MVBSUOGAYU
root@arm:~# MARKER='HSFJ''HGPZCM' run 'grep -r -l rohm,bd9576 /proc/device-tree || sed '"'"'s![^/]*$!!'"'"''
HSFJHGPZCM/proc/device-tree/ocp/interconnect@48000000/segment@100000/target-module@9c000/i2c@0/pmic@30/
HSFJHGPZCM 0
root@arm:~# echo 'KYSL''HTUXMJ'
KYSLHTUXMJ
root@arm:~# MARKER='SGPP''GYZTLY' run 'xxd -p /proc/device-tree/ocp/interconnect\\@48000000/segment\@100000/target-module\@9c000/i2c\@0/pmic\@30/regulators/regulaator-vdddr/regulator-ov-warn-microvolt'
SGPPGYZTLY0001adb0
SGPPGYZTLY 0
root@arm:~# echo 'XWGZ''YBLBEY'
XWGZYBLBEY
root@arm:~# MARKER='KVZG''YXUPOJ' run 'i2cget -y -f 2 0x30 0x57'
KVZGYXUPOJ0x6d
KVZGYXUPOJ 0
root@arm:~# echo 'XQLA''ENAGCY'
XQLAENAGCY
root@arm:~# MARKER='BVPZ''UZOHGM' run 'grep -r -l rohm,bd9576 /proc/device-tree || sed '"'"'s![^/]*$!!'"'"''
BVPZUZOHGM/proc/device-tree/ocp/interconnect@48000000/segment@100000/target-module@9c000/i2c@0/pmic@30/
BVPZUZOHGM 0
root@arm:~# echo 'KWKZ''CKZAKA'
KWKZCKZAKA
root@arm:~# MARKER='CLSM''EHYQXO' run 'xxd -p /proc/device-tree/ocp/interconnect\\@48000000/segment\@100000/target-module\@9c000/i2c\@0/pmic\@30/regulators/regulaator-vdddr/regulator-uv-warn-microvolt'
CLSMEHYQXO0001adb0
CLSMEHYQXO 0
root@arm:~# echo 'KZTG''BONVPF'
KZTGBONVPF
root@arm:~# MARKER='JNBF''ZQAKNJ' run 'i2cget -y -f 2 0x30 0x58'
JNBFZQAKNJ0x6d
JNBFZQAKNJ 0
root@arm:~# echo 'YOOY''LJQKFY'
YOOYLJQKFY
root@arm:~# MARKER='ETAT''CKXYHF' run 'grep -r -l rohm,bd9576 /proc/device-tree || sed '"'"'s![^/]*$!!'"'"''
ETATCKXYHF/proc/device-tree/ocp/interconnect@48000000/segment@100000/target-module@9c000/i2c@0/pmic@30/
ETATCKXYHF 0
root@arm:~# echo 'QLBB''FGWZBQ'
QLBBFGWZBQ
root@arm:~# MARKER='PJFA''HXZWBZ' run 'xxd -p /proc/device-tree/ocp/interconnect\\@48000000/segment\@100000/target-module\@9c000/i2c\@0/pmic\@30/regulators/regulaator-vd10/regulator-ov-error-microvolt'
PJFAHXZWBZ00006590
PJFAHXZWBZ 0
root@arm:~# echo 'SNEE''LXOHYX'
SNEELXOHYX
root@arm:~# MARKER='VTGP''YEHPUN' run 'i2cget -y -f 2 0x30 0x5a'
VTGPYEHPUN0x19
VTGPYEHPUN 0
root@arm:~# echo 'USVL''GBQVYO'
USVLGBQVYO
root@arm:~# MARKER='WEJS''SLFGWP' run 'grep -r -l rohm,bd9576 /proc/device-tree || sed '"'"'s![^/]*$!!'"'"''
WEJSSLFGWP/proc/device-tree/ocp/interconnect@48000000/segment@100000/target-module@9c000/i2c@0/pmic@30/
WEJSSLFGWP 0
root@arm:~# echo 'AGEP''VSCBFL'
AGEPVSCBFL
root@arm:~# MARKER='OTQA''UWPAOW' run 'xxd -p /proc/device-tree/ocp/interconnect\\@48000000/segment\@100000/target-module\@9c000/i2c\@0/pmic\@30/regulators/regulaator-vd10/regulator-uv-error-microvolt'
OTQAUWPAOW00006590
OTQAUWPAOW 0
root@arm:~# echo 'SJXQ''NQNPZS'
SJXQNQNPZS
root@arm:~# MARKER='ZHFM''YCWGQX' run 'i2cget -y -f 2 0x30 0x5b'
ZHFMYCWGQX0x19
ZHFMYCWGQX 0
root@arm:~# echo 'KMLT''MSABSX'
KMLTMSABSX
root@arm:~# MARKER='BMBJ''TSWXBF' run 'grep -r -l rohm,bd9576 /proc/device-tree || sed '"'"'s![^/]*$!!'"'"''
BMBJTSWXBF/proc/device-tree/ocp/interconnect@48000000/segment@100000/target-module@9c000/i2c@0/pmic@30/
BMBJTSWXBF 0
root@arm:~# echo 'EVPQ''LZJVVQ'
EVPQLZJVVQ
root@arm:~# MARKER='ULNB''JJFGXA' run 'xxd -p /proc/device-tree/ocp/interconnect\\@48000000/segment\@100000/target-module\@9c000/i2c\@0/pmic\@30/regulators/regulaator-voutl1/regulator-ov-error-microvolt'
ULNBJJFGXA000084d0
ULNBJJFGXA 0
root@arm:~# echo 'ENLX''HJQGHP'
ENLXHJQGHP
root@arm:~# MARKER='LSVA''QHYEHQ' run 'i2cget -y -f 2 0x30 0x5d'
LSVAQHYEHQ0x01
LSVAQHYEHQ 0
root@arm:~# echo 'KELB''MZMBOV'
KELBMZMBOV
root@arm:~# MARKER='VAQK''LVSKWM' run 'grep -r -l rohm,bd9576 /proc/device-tree || sed '"'"'s![^/]*$!!'"'"''
VAQKLVSKWM/proc/device-tree/ocp/interconnect@48000000/segment@100000/target-module@9c000/i2c@0/pmic@30/
VAQKLVSKWM 0
root@arm:~# echo 'YTBX''XWXNCZ'
YTBXXWXNCZ
root@arm:~# MARKER='JHLS''YAMTVL' run 'xxd -p /proc/device-tree/ocp/interconnect\\@48000000/segment\@100000/target-module\@9c000/i2c\@0/pmic\@30/regulators/regulaator-voutl1/regulator-uv-error-microvolt'
JHLSYAMTVL000084d0
JHLSYAMTVL 0
root@arm:~# echo 'NCES''ONQKTV'
NCESONQKTV
root@arm:~# MARKER='BJYF''SVZZKE' run 'i2cget -y -f 2 0x30 0x5e'
BJYFSVZZKE0x01
BJYFSVZZKE 0
root@arm:~# echo 'FLCH''XCHAJL'
FLCHXCHAJL
root@arm:~# MARKER='ZYPZ''JNYYCP' run 'grep -r -l rohm,bd9576 /proc/device-tree || sed '"'"'s![^/]*$!!'"'"''
ZYPZJNYYCP/proc/device-tree/ocp/interconnect@48000000/segment@100000/target-module@9c000/i2c@0/pmic@30/
ZYPZJNYYCP 0
root@arm:~# echo 'KTTJ''XXTXOF'
KTTJXXTXOF
root@arm:~# MARKER='MZNB''EHBCOA' run 'xxd -p /proc/device-tree/ocp/interconnect\\@48000000/segment\@100000/target-module\@9c000/i2c\@0/pmic\@30/regulators/regulaator-vouts1/regulator-oc-warn-microamp'
MZNBEHBCOA00055730
MZNBEHBCOA 0
root@arm:~# echo 'SWXZ''MLVTLB'
SWXZMLVTLB
root@arm:~# MARKER='VMCH''XUYGEM' run 'i2cget -y -f 2 0x30 0x5f'
VMCHXUYGEM0x07
VMCHXUYGEM 0
root@arm:~# echo 'WTCH''KTHXXJ'
WTCHKTHXXJ
root@arm:~# MARKER='PLBQ''TKMEJJ' run 'grep -r -l rohm,bd9576 /proc/device-tree || sed '"'"'s![^/]*$!!'"'"''
PLBQTKMEJJ/proc/device-tree/ocp/interconnect@48000000/segment@100000/target-module@9c000/i2c@0/pmic@30/
PLBQTKMEJJ 0
root@arm:~# echo 'OKPK''CNABZS'
OKPKCNABZS
root@arm:~# MARKER='UHUU''LMQGXP' run 'xxd -p /proc/device-tree/ocp/interconnect\\@48000000/segment\@100000/target-module\@9c000/i2c\@0/pmic\@30/regulators/regulaator-vouts1/regulator-oc-protection-microamp'
UHUULMQGXP00149970
UHUULMQGXP 0
root@arm:~# echo 'AVZJ''BOPFWY'
AVZJBOPFWY
root@arm:~# MARKER='CFJY''JJHUNC' run 'i2cget -y -f 2 0x30 0x60'
CFJYJJHUNC0x1b
CFJYJJHUNC 0
root@arm:~# Labgrid Console Logfile for main
Logfile started at 2024-10-18 09:32:32.907734
=== Log starts here ===
 image args, err - -1
reading u-boot.img
reading u-boot.img


U-Boot 2014.04-00014-g47880f5 (Apr 22 2014 - 13:23:54)

I2C:   ready
DRAM:  512 MiB
NAND:  0 MiB
MMC:   OMAP SD/MMC: 0, OMAP SD/MMC: 1
*** Warning - readenv() failed, using default environment

Net:   <ethaddr> not set. Validating first E-fuse MAC
cpsw, usb_ether
Hit any key to stop autoboot:  1  0 
gpio: pin 53 (gpio 53) value is 1
mmc0 is current device
gpio: pin 54 (gpio 54) value is 1
SD/MMC found on device 0
reading uEnv.txt
569 bytes read in 4 ms (138.7 KiB/s)
gpio: pin 55 (gpio 55) value is 1
Loaded environment from uEnv.txt
Importing environment from mmc ...
Checking if uenvcmd is set ...
gpio: pin 56 (gpio 56) value is 1
Running uenvcmd ...
cpsw Waiting for PHY auto negotiation to complete. done
link up on port 0, speed 100, full duplex
Using cpsw device
TFTP from server 192.168.255.126; our IP address is 192.168.255.1
Filename 'zImage'.
Load address: 0x81000000
Loading: *#################################################################
	 #################################################################
	 #################################################################
	 #################################################################
	 #################################################################
	 ###################################################
	 2.4 MiB/s
done
Bytes transferred = 5511008 (541760 hex)
link up on port 0, speed 100, full duplex
Using cpsw device
TFTP from server 192.168.255.126; our IP address is 192.168.255.1
Filename 'am335x-boneblack.dtb'.
Load address: 0x82000000
Loading: *#######
	 2.3 MiB/s
done
Bytes transferred = 98244 (17fc4 hex)
Kernel image @ 0x81000000 [ 0x000000 - 0x541760 ]
## Flattened Device Tree blob at 82000000
   Booting using the fdt blob at 0x82000000
   Using Device Tree in place at 82000000, end 8201afc3

Starting kernel ...

[    0.000000] Booting Linux on physical CPU 0x0
[    0.000000] Linux version 6.12.0-rc3-next-20241018 (user01@drvtest01) (arm-linux-gnueabihf-gcc (Linaro GCC 6.4-2017.11) 6.4.1 20171012, GNU ld (Linaro_Binutils-2017.11) 2.27.0.20161229) #118 SMP Fri Oct 18 09:27:54 EEST 2024
[    0.000000] CPU: ARMv7 Processor [413fc082] revision 2 (ARMv7), cr=10c5387d
[    0.000000] CPU: PIPT / VIPT nonaliasing data cache, VIPT aliasing instruction cache
[    0.000000] OF: fdt: Machine model: TI AM335x BeagleBone Black
[    0.000000] Memory policy: Data cache writeback
[    0.000000] cma: Reserved 16 MiB at 0x9e800000 on node -1
[    0.000000] Zone ranges:
[    0.000000]   Normal   [mem 0x0000000080000000-0x000000009fdfffff]
[    0.000000]   HighMem  empty
[    0.000000] Movable zone start for each node
[    0.000000] Early memory node ranges
[    0.000000]   node   0: [mem 0x0000000080000000-0x000000009fdfffff]
[    0.000000] Initmem setup node 0 [mem 0x0000000080000000-0x000000009fdfffff]
[    0.000000] OF: reserved mem: Reserved memory: No reserved-memory node in the DT
[    0.000000] CPU: All CPU(s) started in SVC mode.
[    0.000000] AM335X ES2.1 (sgx neon)
[    0.000000] percpu: Embedded 17 pages/cpu s39756 r8192 d21684 u69632
[    0.000000] Kernel command line: console=ttyO0,115200n8 root=/dev/nfs rw nfsroot=192.168.255.126:/home/user01/nfs,nfsvers=3 ip=192.168.255.1:192.168.255.126::255.255.255.0:bbb1:eth0 nfsrootdebug
[    0.000000] Unknown kernel command line parameters "nfsrootdebug", will be passed to user space.
[    0.000000] printk: log buffer data + meta data: 65536 + 204800 = 270336 bytes
[    0.000000] Dentry cache hash table entries: 65536 (order: 6, 262144 bytes, linear)
[    0.000000] Inode-cache hash table entries: 32768 (order: 5, 131072 bytes, linear)
[    0.000000] Built 1 zonelists, mobility grouping on.  Total pages: 130560
[    0.000000] mem auto-init: stack:off, heap alloc:off, heap free:off
[    0.000000] SLUB: HWalign=64, Order=0-3, MinObjects=0, CPUs=1, Nodes=1
[    0.000000] trace event string verifier disabled
[    0.000000] rcu: Hierarchical RCU implementation.
[    0.000000] rcu: 	RCU event tracing is enabled.
[    0.000000] rcu: 	RCU restricting CPUs from NR_CPUS=2 to nr_cpu_ids=1.
[    0.000000] 	Tracing variant of Tasks RCU enabled.
[    0.000000] rcu: RCU calculated value of scheduler-enlistment delay is 10 jiffies.
[    0.000000] rcu: Adjusting geometry for rcu_fanout_leaf=16, nr_cpu_ids=1
[    0.000000] RCU Tasks Trace: Setting shift to 0 and lim to 1 rcu_task_cb_adjust=1 rcu_task_cpu_ids=1.
[    0.000000] NR_IRQS: 16, nr_irqs: 16, preallocated irqs: 16
[    0.000000] IRQ: Found an INTC at 0x(ptrval) (revision 5.0) with 128 interrupts
[    0.000000] rcu: srcu_init: Setting srcu_struct sizes based on contention.
[    0.000000] TI gptimer clocksource: always-on /ocp/interconnect@44c00000/segment@200000/target-module@31000
[    0.000003] sched_clock: 32 bits at 24MHz, resolution 41ns, wraps every 89478484971ns
[    0.000029] clocksource: dmtimer: mask: 0xffffffff max_cycles: 0xffffffff, max_idle_ns: 79635851949 ns
[    0.000503] TI gptimer clockevent: 24000000 Hz at /ocp/interconnect@48000000/segment@0/target-module@40000
[    0.002132] Console: colour dummy device 80x30
[    0.002199] WARNING: Your 'console=ttyO0' has been replaced by 'ttyS0'
[    0.002208] This ensures that you still see kernel messages. Please
[    0.002213] update your kernel commandline.
[    0.002258] Calibrating delay loop... 996.14 BogoMIPS (lpj=4980736)
[    0.090559] CPU: Testing write buffer coherency: ok
[    0.090661] CPU0: Spectre v2: using BPIALL workaround
[    0.090673] pid_max: default: 32768 minimum: 301
[    0.090802] LSM: initializing lsm=capability
[    0.090983] Mount-cache hash table entries: 1024 (order: 0, 4096 bytes, linear)
[    0.091003] Mountpoint-cache hash table entries: 1024 (order: 0, 4096 bytes, linear)
[    0.092662] CPU0: thread -1, cpu 0, socket -1, mpidr 0
[    0.150949] Setting up static identity map for 0x80100000 - 0x80100078
[    0.160729] rcu: Hierarchical SRCU implementation.
[    0.160742] rcu: 	Max phase no-delay instances is 1000.
[    0.180771] smp: Bringing up secondary CPUs ...
[    0.180830] smp: Brought up 1 node, 1 CPU
[    0.180846] SMP: Total of 1 processors activated (996.14 BogoMIPS).
[    0.180859] CPU: All CPU(s) started in SVC mode.
[    0.181055] Memory: 480868K/522240K available (11264K kernel code, 1208K rwdata, 2888K rodata, 1024K init, 298K bss, 23360K reserved, 16384K cma-reserved, 0K highmem)
[    0.181918] devtmpfs: initialized
[    0.198692] VFP support v0.3: implementor 41 architecture 3 part 30 variant c rev 3
[    0.199045] clocksource: jiffies: mask: 0xffffffff max_cycles: 0xffffffff, max_idle_ns: 19112604462750000 ns
[    0.199079] futex hash table entries: 256 (order: 2, 16384 bytes, linear)
[    0.200382] pinctrl core: initialized pinctrl subsystem
[    0.203422] NET: Registered PF_NETLINK/PF_ROUTE protocol family
[    0.206210] DMA: preallocated 256 KiB pool for atomic coherent allocations
[    0.207107] audit: initializing netlink subsys (disabled)
[    0.208530] thermal_sys: Registered thermal governor 'fair_share'
[    0.208544] thermal_sys: Registered thermal governor 'step_wise'
[    0.208554] thermal_sys: Registered thermal governor 'user_space'
[    0.208705] audit: type=2000 audit(0.200:1): state=initialized audit_enabled=0 res=1
[    0.208744] cpuidle: using governor menu
[    0.227731] No ATAGs?
[    0.227756] hw-breakpoint: debug architecture 0x4 unsupported.
[    0.230469] kprobes: kprobe jump-optimization is enabled. All kprobes are optimized if possible.
[    0.244029] iommu: Default domain type: Translated
[    0.244052] iommu: DMA domain TLB invalidation policy: strict mode
[    0.251909] SCSI subsystem initialized
[    0.252775] pps_core: LinuxPPS API ver. 1 registered
[    0.252786] pps_core: Software ver. 5.3.6 - Copyright 2005-2007 Rodolfo Giometti <giometti@linux.it>
[    0.252813] PTP clock support registered
[    0.260873] vgaarb: loaded
[    0.261286] clocksource: Switched to clocksource dmtimer
[    0.261956] VFS: Disk quotas dquot_6.6.0
[    0.262001] VFS: Dquot-cache hash table entries: 1024 (order 0, 4096 bytes)
[    0.286437] NET: Registered PF_INET protocol family
[    0.286790] IP idents hash table entries: 8192 (order: 4, 65536 bytes, linear)
[    0.288191] tcp_listen_portaddr_hash hash table entries: 512 (order: 0, 4096 bytes, linear)
[    0.288228] Table-perturb hash table entries: 65536 (order: 6, 262144 bytes, linear)
[    0.288249] TCP established hash table entries: 4096 (order: 2, 16384 bytes, linear)
[    0.288292] TCP bind hash table entries: 4096 (order: 4, 65536 bytes, linear)
[    0.288394] TCP: Hash tables configured (established 4096 bind 4096)
[    0.288514] UDP hash table entries: 256 (order: 1, 8192 bytes, linear)
[    0.288543] UDP-Lite hash table entries: 256 (order: 1, 8192 bytes, linear)
[    0.288711] NET: Registered PF_UNIX/PF_LOCAL protocol family
[    0.290014] RPC: Registered named UNIX socket transport module.
[    0.290032] RPC: Registered udp transport module.
[    0.290039] RPC: Registered tcp transport module.
[    0.290044] RPC: Registered tcp-with-tls transport module.
[    0.290050] RPC: Registered tcp NFSv4.1 backchannel transport module.
[    0.290076] PCI: CLS 0 bytes, default 64
[    0.291691] Initialise system trusted keyrings
[    0.302577] workingset: timestamp_bits=14 max_order=17 bucket_order=3
[    0.303916] NFS: Registering the id_resolver key type
[    0.303989] Key type id_resolver registered
[    0.303998] Key type id_legacy registered
[    0.304050] jffs2: version 2.2. (NAND) (SUMMARY)  Â© 2001-2006 Red Hat, Inc.
[    0.304458] Key type asymmetric registered
[    0.304473] Asymmetric key parser 'x509' registered
[    0.304541] io scheduler mq-deadline registered
[    0.304553] io scheduler kyber registered
[    0.304623] io scheduler bfq registered
[    0.306269] ledtrig-cpu: registered to indicate activity on CPUs
[    0.312312] Serial: 8250/16550 driver, 6 ports, IRQ sharing enabled
[    0.361993] brd: module loaded
[    0.382185] loop: module loaded
[    0.383131] mtdoops: mtd device (mtddev=name/number) must be supplied
[    0.386296] i2c_dev: i2c /dev entries driver
[    0.387283] cpuidle: enable-method property 'ti,am3352' found operations
[    0.387728] sdhci: Secure Digital Host Controller Interface driver
[    0.387741] sdhci: Copyright(c) Pierre Ossman
[    0.387918] sdhci-pltfm: SDHCI platform and OF driver helper
[    0.388935] Initializing XFRM netlink socket
[    0.389088] NET: Registered PF_INET6 protocol family
[    0.399100] Segment Routing with IPv6
[    0.399193] In-situ OAM (IOAM) with IPv6
[    0.399294] sit: IPv6, IPv4 and MPLS over IPv4 tunneling driver
[    0.400250] NET: Registered PF_PACKET protocol family
[    0.400286] NET: Registered PF_KEY protocol family
[    0.400435] Key type dns_resolver registered
[    0.400714] ThumbEE CPU extension supported.
[    0.400737] Registering SWP/SWPB emulation handler
[    0.401412] omap_voltage_late_init: Voltage driver support not added
[    0.401773] SmartReflex Class3 initialized
[    0.427735] Loading compiled-in X.509 certificates
[    0.503008] platform 44e10800.pinmux: Fixed dependency cycle(s) with /ocp/interconnect@44c00000/segment@200000/target-module@10000/scm@0/pinmux@800/clkout2-pins
[    0.503562] pinctrl-single 44e10800.pinmux: 142 pins, size 568
[    0.508666] ti-sysc 44e31000.target-module: probe with driver ti-sysc failed with error -16
[    0.545305] ti-sysc 48040000.target-module: probe with driver ti-sysc failed with error -16
[    0.593742] OMAP GPIO hardware version 0.1
[    0.622493] omap_i2c 4819c000.i2c: bus 2 rev0.11 at 100 kHz
[    0.660806] 48000000.interconnect:segment@200000:target-module@0:mpu@0:fck: device ID is greater than 24
[    0.665184] platform 4830e000.lcdc: Fixed dependency cycle(s) with /ocp/interconnect@44c00000/segment@200000/target-module@b000/i2c@0/tda19988@70
[    0.675976] sdhci-omap 481d8000.mmc: supply pbias not found, using dummy regulator
[    0.676483] sdhci-omap 481d8000.mmc: supply vqmmc not found, using dummy regulator
[    0.731608] davinci_mdio 4a101000.mdio: davinci mdio revision 1.6, bus freq 1000000
[    0.871215] davinci_mdio 4a101000.mdio: phy[0]: device 4a101000.mdio:00, driver SMSC LAN8710/LAN8720
[    0.872081] cpsw-switch 4a100000.switch: initialized cpsw ale version 1.4
[    0.872103] cpsw-switch 4a100000.switch: ALE Table size 1024, Policers 0
[    0.872459] cpsw-switch 4a100000.switch: cpts: overflow check period 500 (jiffies)
[    0.872482] cpsw-switch 4a100000.switch: CPTS: ref_clk_freq:250000000 calc_mult:2147483648 calc_shift:29 error:0 nsec/sec
[    0.872589] cpsw-switch 4a100000.switch: Detected MACID = 6c:ec:eb:68:de:78
[    0.874396] cpsw-switch 4a100000.switch: initialized (regs 0x4a100000, pool size 256) hw_ver:0019010C 1.12 (0)
[    0.885431] debugfs: Directory '49000000.dma' with parent 'dmaengine' already present!
[    0.885472] edma 49000000.dma: TI EDMA DMA engine driver
[    0.937176] target-module@4b000000:target-module@140000:pmu@0:fck: device ID is greater than 24
[    0.963567] hw perfevents: enabled with armv7_cortex_a8 PMU driver, 5 (8000000f) counters available
[    0.969832] 44e09000.serial: ttyS0 at MMIO 0x44e09000 (irq = 34, base_baud = 3000000) is a 8250
[    0.969920] printk: legacy console [ttyS0] enabled
[    1.990705] l3-aon-clkctrl:0000:0: failed to disable
[    2.292282] tps65217-pmic: Failed to locate of_node [id: -1]
[    2.298351] tps65217-bl: Failed to locate of_node [id: -1]
[    2.309742] tps65217 0-0024: TPS65217 ID 0xe version 1.2
[    2.315899] platform 4830e000.lcdc: Fixed dependency cycle(s) with /ocp/interconnect@44c00000/segment@200000/target-module@b000/i2c@0/tda19988@70
[    2.329321] i2c 0-0070: Fixed dependency cycle(s) with /ocp/interconnect@48000000/segment@300000/target-module@e000/lcdc@0
[    2.340727] omap_i2c 44e0b000.i2c: bus 0 rev0.11 at 400 kHz
[    2.348565] omap_gpio 44e07000.gpio: Could not set line 6 debounce to 200000 microseconds (-22)
[    2.357447] sdhci-omap 48060000.mmc: Got CD GPIO
[    2.362490] sdhci-omap 48060000.mmc: supply pbias not found, using dummy regulator
[    2.372645] sdhci-omap 48060000.mmc: supply vqmmc not found, using dummy regulator
[    2.381991] sdhci-omap 481d8000.mmc: supply pbias not found, using dummy regulator
[    2.389982] sdhci-omap 481d8000.mmc: supply vqmmc not found, using dummy regulator
[    2.428794] mmc1: SDHCI controller on 481d8000.mmc [481d8000.mmc] using External DMA
[    2.438030] mmc0: SDHCI controller on 48060000.mmc [48060000.mmc] using External DMA
[    2.446874] cpsw-switch 4a100000.switch: starting ndev. mode: dual_mac
[    2.490488] mmc0: new high speed SDHC card at address 5048
[    2.497590] mmcblk0: mmc0:5048 SD16G 14.4 GiB
[    2.505689]  mmcblk0: p1 p2
[    2.509074] mmcblk0: p2 size 31221760 extends beyond EOD, truncated
[    2.522551] SMSC LAN8710/LAN8720 4a101000.mdio:00: attached PHY driver (mii_bus:phy_addr=4a101000.mdio:00, irq=POLL)
[    2.534790] mmc1: new high speed MMC card at address 0001
[    2.541643] mmcblk1: mmc1:0001 MMC04G 3.60 GiB
[    2.553863]  mmcblk1: p1 p2
[    2.558142] mmcblk1boot0: mmc1:0001 MMC04G 2.00 MiB
[    2.565487] mmcblk1boot1: mmc1:0001 MMC04G 2.00 MiB
[    2.572878] mmcblk1rpmb: mmc1:0001 MMC04G 128 KiB, chardev (250:0)
[    5.682064] cpsw-switch 4a100000.switch eth0: Link is Up - 100Mbps/Full - flow control off
[    5.711307] IP-Config: Complete:
[    5.714581]      device=eth0, hwaddr=6c:ec:eb:68:de:78, ipaddr=192.168.255.1, mask=255.255.255.0, gw=255.255.255.255
[    5.725224]      host=bbb1, domain=, nis-domain=(none)
[    5.730393]      bootserver=192.168.255.126, rootserver=192.168.255.126, rootpath=
[    5.730818] clk: Disabling unused clocks
[    5.742695] PM: genpd: Disabling unused power domains
[    5.747815] KTAP version 1
[    5.750537] 1..0
[    5.776340] VFS: Mounted root (nfs filesystem) on device 0:17.
[    5.783474] devtmpfs: mounted
[    5.788140] Freeing unused kernel image (initmem) memory: 1024K
[    5.795021] Run /sbin/init as init process
[    6.502762] systemd[1]: System time before build time, advancing clock.
[    7.971312] random: crng init done
[    8.003927] systemd[1]: systemd 232 running in system mode. (+PAM +AUDIT +SELINUX +IMA +APPARMOR +SMACK +SYSVINIT +UTMP +LIBCRYPTSETUP +GCRYPT +GNUTLS +ACL +XZ +LZ4 +SECCOMP +BLKID +ELFUTILS +KMOD +IDN)
[    8.022990] systemd[1]: Detected architecture arm.

Welcome to [1mDebian GNU/Linux 9 (stretch)[0m!

[    8.054549] systemd[1]: Set hostname to <arm>.
[    9.185856] systemd[1]: Listening on Journal Socket (/dev/log).
[[0;32m  OK  [0m] Listening on Journal Socket (/dev/log).
[    9.213307] systemd[1]: Listening on /dev/initctl Compatibility Named Pipe.
[[0;32m  OK  [0m] Listening on /dev/initctl Compatibility Named Pipe.
[    9.242185] systemd[1]: Listening on Journal Socket.
[[0;32m  OK  [0m] Listening on Journal Socket.
[    9.272977] systemd[1]: Created slice System Slice.
[[0;32m  OK  [0m] Created slice System Slice.
[    9.301758] systemd[1]: Reached target Swap.
[[0;32m  OK  [0m] Reached target Swap.
[    9.351904] systemd[1]: Mounting POSIX Message Queue File System...
         Mounting POSIX Message Queue File System...
[    9.365996] systemd[1]: Set up automount Arbitrary Executable File Formats File System Automount Point.
[[0;32m  OK  [0m] Set up automount Arbitrary Executabâ€¦rmats File System Automount Point.
[[0;32m  OK  [0m] Started Dispatch Password Requests to Console Directory Watch.
[[0;32m  OK  [0m] Created slice system-getty.slice.
         Starting Load Kernel Modules...
[[0;32m  OK  [0m] Created slice system-serial\x2dgetty.slice.
[[0;32m  OK  [0m] Listening on Journal Audit Socket.
         Mounting Debug File System...
[[0;32m  OK  [0m] Reached target Remote File Systems.
[[0;32m  OK  [0m] Listening on Syslog Socket.
         Starting Journal Service...
         Starting Create list of required stâ€¦ce nodes for the current kernel...
[[0;32m  OK  [0m] Listening on udev Control Socket.
         Starting Remount Root and Kernel File Systems...
[[0;32m  OK  [0m] Created slice User and Session Slice.
[[0;32m  OK  [0m] Reached target Slices.
[[0;32m  OK  [0m] Started Forward Password Requests to Wall Directory Watch.
[[0;32m  OK  [0m] Reached target Paths.
[[0;32m  OK  [0m] Reached target Encrypted Volumes.
[[0;32m  OK  [0m] Listening on udev Kernel Socket.
[[0;32m  OK  [0m] Mounted POSIX Message Queue File System.
[[0;32m  OK  [0m] Mounted Debug File System.
[[0;32m  OK  [0m] Started Load Kernel Modules.
[[0;32m  OK  [0m] Started Create list of required staâ€¦vice nodes for the current kernel.
         Starting Create Static Device Nodes in /dev...
         Mounting Configuration File System...
         Starting Apply Kernel Variables...
[[0;32m  OK  [0m] Started Remount Root and Kernel File Systems.
         Starting Load/Save Random Seed...
         Starting udev Coldplug all Devices...
[[0;32m  OK  [0m] Mounted Configuration File System.
[[0;32m  OK  [0m] Started Apply Kernel Variables.
[[0;32m  OK  [0m] Started Load/Save Random Seed.
[[0;32m  OK  [0m] Started Create Static Device Nodes in /dev.
         Starting udev Kernel Device Manager...
[[0;32m  OK  [0m] Reached target Local File Systems (Pre).
[[0;32m  OK  [0m] Reached target Local File Systems.
         Starting Raise network interfaces...
[[0;32m  OK  [0m] Started Journal Service.
         Starting Flush Journal to Persistent Storage...
[   11.531783] systemd-journald[88]: Received request to flush runtime journal from PID 1
[[0;32m  OK  [0m] Started Flush Journal to Persistent Storage.
         Starting Create Volatile Files and Directories...
[[0;32m  OK  [0m] Started udev Kernel Device Manager.
[[0;32m  OK  [0m] Started Create Volatile Files and Directories.
         Starting Update UTMP about System Boot/Shutdown...
         Starting Network Time Synchronization...
[[0;32m  OK  [0m] Started Update UTMP about System Boot/Shutdown.
[[0;32m  OK  [0m] Started udev Coldplug all Devices.
[   14.706099] remoteproc remoteproc0: wkup_m3 is available
[[0;32m  OK  [0m] Started Network Time Synchronization.
[   14.883113] omap_rtc 44e3e000.rtc: registered as rtc0
[   14.888323] omap_rtc 44e3e000.rtc: setting system clock to 2000-01-01T00:00:01 UTC (946684801)
[   15.084042] at24 2-0054: supply vcc not found, using dummy regulator
[   15.091001] omap_wdt: OMAP Watchdog Timer Rev 0x01: initial timeout 60 sec
[   15.236512] at24 2-0055: supply vcc not found, using dummy regulator
[   15.344555] at24 2-0056: supply vcc not found, using dummy regulator
[   15.365466] am335x-phy-driver 47401300.usb-phy: dummy supplies not allowed for exclusive requests (id=vbus)
[[0;32m  OK  [0m] Found device /dev/ttyS0.
[   15.468752] at24 2-0057: supply vcc not found, using dummy regulator
[   15.603155] at24 0-0050: 32768 byte 24c256 EEPROM, writable, 1 bytes/write
[[0;32m  OK  [0m] Reached target System Initialization.
[[0;32m  OK  [0m] Started Daily Cleanup of Temporary Directories.
[[0;32m  OK  [0m] Listening on Avahi mDNS/DNS-SD Stack Activation Socket.
[   15.820262] am335x-phy-driver 47401b00.usb-phy: dummy supplies not allowed for exclusive requests (id=vbus)
[[0;32m  OK  [0m] Listening on D-Bus System Message Bus Socket.
[[0;32m  OK  [0m] Reached target Sockets.[   15.877505] tps6521x_pwrbutton tps65217-pwrbutton: DMA mask not set

[[0;32m  OK  [0m] Reached target Basic System.
[   15.948169] wkup_m3_ipc 44e11324.wkup_m3_ipc: IPC Request for A8->M3 Channel failed! -517
[   15.971706] wkup_m3_ipc 44e11324.wkup_m3_ipc: IPC Request for A8->M3 Channel failed! -517
[   16.026342] input: tps65217_pwrbutton as /devices/platform/ocp/44c00000.interconnect/44c00000.interconnect:segment@200000/44e0b000.target-module/44e0b000.i2c/i2c-0/0-0024/tps65217-pwrbutton/input/input0
[   16.046002] wkup_m3_ipc 44e11324.wkup_m3_ipc: IPC Request for A8->M3 Channel failed! -517
         Starting Generic Board Startup...
[   16.406263] usbcore: registered new interface driver usbfs
[   16.412062] usbcore: registered new interface driver hub
[   16.417508] usbcore: registered new device driver usb
[[0;32m  OK  [0m] Started Regular background program processing daemon.
         Starting LSB: Start busybox udhcpd at boot time...
         Starting DUN service...
         Starting Cape Manager Service...
[   17.055543] wkup_m3_ipc 44e11324.wkup_m3_ipc: IPC Request for A8->M3 Channel failed! -517
         Starting Login Service...
[   17.198130] musb-hdrc musb-hdrc.1: MUSB HDRC host driver
[   17.203807] musb-hdrc musb-hdrc.1: new USB bus registered, assigned bus number 1
[   17.252939] wkup_m3_ipc 44e11324.wkup_m3_ipc: IPC Request for A8->M3 Channel failed! -517
         Starting LSB: Load kernel modules needed to enable cpuf[   17.280953] tda998x 0-0070: found TDA19988
req scaling...
         Starting System Logging Service...
[   17.480456] wkup_m3_ipc 44e11324.wkup_m3_ipc: IPC Request for A8->M3 Channel failed! -517
[   17.510899] omap-mailbox 480c8000.mailbox: omap mailbox rev 0x400
[   17.573624] usb usb1: New USB device found, idVendor=1d6b, idProduct=0002, bcdDevice= 6.12
[   17.582875] usb usb1: New USB device strings: Mfr=3, Product=2, SerialNumber=1
[   17.590153] usb usb1: Product: MUSB HDRC host driver
[   17.595282] usb usb1: Manufacturer: Linux 6.12.0-rc3-next-20241018 musb-hcd
[   17.602352] usb usb1: SerialNumber: musb-hdrc.1
