Labgrid Console Logfile for main
Logfile started at 2025-09-17 17:55:43.877339
=== Log starts here ===
reading args
spl_load_image_fat_os: error reading image args, err - -1
reading u-boot.img
reading u-boot.img


U-Boot 2014.04-00014-g47880f5 (Apr 22 2014 - 13:23:54)

I2C:   ready
DRAM:  512 MiB
NAND:  0 MiB
MMC:   OMAP SD/MMC: 0, OMAP SD/MMC: 1
*** Warning - readenv() failed, using default environment

Net:   <ethaddr> not set. Validating first E-fuse MAC
cpsw, usb_ether
Hit any key to stop autoboot:  1  0 
gpio: pin 53 (gpio 53) value is 1
mmc0 is current device
gpio: pin 54 (gpio 54) value is 1
SD/MMC found on device 0
reading uEnv.txt
569 bytes read in 4 ms (138.7 KiB/s)
gpio: pin 55 (gpio 55) value is 1
Loaded environment from uEnv.txt
Importing environment from mmc ...
Checking if uenvcmd is set ...
gpio: pin 56 (gpio 56) value is 1
Running uenvcmd ...
cpsw Waiting for PHY auto negotiation to complete. done
link up on port 0, speed 100, full duplex
Using cpsw device
TFTP from server 192.168.255.126; our IP address is 192.168.255.1
Filename 'zImage'.
Load address: 0x81000000
Loading: *T #################################################################
	 #################################################################
	 #################################################################
	 #################################################################
	 #################################################################
	 ##############################################################
	 765.6 KiB/s
done
Bytes transferred = 5672936 (568fe8 hex)
link up on port 0, speed 100, full duplex
Using cpsw device
TFTP from server 192.168.255.126; our IP address is 192.168.255.1
Filename 'am335x-boneblack.dtb'.
Load address: 0x82000000
Loading: *#######
	 1.2 MiB/s
done
Bytes transferred = 98148 (17f64 hex)
Kernel image @ 0x81000000 [ 0x000000 - 0x568fe8 ]
## Flattened Device Tree blob at 82000000
   Booting using the fdt blob at 0x82000000
   Using Device Tree in place at 82000000, end 8201af63

Starting kernel ...

[    0.000000] Booting Linux on physical CPU 0x0
[    0.000000] Linux version 6.17.0-rc6-next-20250917 (user01@drvtest01) (arm-none-eabi-gcc (Arm GNU Toolchain 14.2.Rel1 (Build arm-14.52)) 14.2.1 20241119, GNU ld (Arm GNU Toolchain 14.2.Rel1 (Build arm-14.52)) 2.43.1.20241119) #1 SMP Wed Sep 17 17:54:06 EEST 2025
[    0.000000] CPU: ARMv7 Processor [413fc082] revision 2 (ARMv7), cr=10c5387d
[    0.000000] CPU: PIPT / VIPT nonaliasing data cache, VIPT aliasing instruction cache
[    0.000000] OF: fdt: Machine model: TI AM335x BeagleBone Black
[    0.000000] Memory policy: Data cache writeback
[    0.000000] cma: Reserved 16 MiB at 0x9e800000
[    0.000000] Zone ranges:
[    0.000000]   Normal   [mem 0x0000000080000000-0x000000009fdfffff]
[    0.000000]   HighMem  empty
[    0.000000] Movable zone start for each node
[    0.000000] Early memory node ranges
[    0.000000]   node   0: [mem 0x0000000080000000-0x000000009fdfffff]
[    0.000000] Initmem setup node 0 [mem 0x0000000080000000-0x000000009fdfffff]
[    0.000000] On node 0, zone Normal: 512 pages in unavailable ranges
[    0.000000] OF: reserved mem: Reserved memory: No reserved-memory node in the DT
[    0.000000] CPU: All CPU(s) started in SVC mode.
[    0.000000] AM335X ES2.1 (sgx neon)
[    0.000000] percpu: Embedded 17 pages/cpu s39884 r8192 d21556 u69632
[    0.000000] Kernel command line: console=ttyO0,115200n8 root=/dev/nfs rw nfsroot=192.168.255.126:/home/user01/nfs,nfsvers=3 ip=192.168.255.1:192.168.255.126::255.255.255.0:bbb1:eth0 nfsrootdebug
[    0.000000] Unknown kernel command line parameters "nfsrootdebug", will be passed to user space.
[    0.000000] printk: log buffer data + meta data: 65536 + 204800 = 270336 bytes
[    0.000000] Dentry cache hash table entries: 65536 (order: 6, 262144 bytes, linear)
[    0.000000] Inode-cache hash table entries: 32768 (order: 5, 131072 bytes, linear)
[    0.000000] Built 1 zonelists, mobility grouping on.  Total pages: 130560
[    0.000000] mem auto-init: stack:off, heap alloc:off, heap free:off
[    0.000000] SLUB: HWalign=16, Order=0-3, MinObjects=0, CPUs=1, Nodes=1
[    0.000000] rcu: Hierarchical RCU implementation.
[    0.000000] rcu: 	RCU event tracing is enabled.
[    0.000000] rcu: 	RCU restricting CPUs from NR_CPUS=2 to nr_cpu_ids=1.
[    0.000000] 	Tracing variant of Tasks RCU enabled.
[    0.000000] rcu: RCU calculated value of scheduler-enlistment delay is 10 jiffies.
[    0.000000] rcu: Adjusting geometry for rcu_fanout_leaf=16, nr_cpu_ids=1
[    0.000000] RCU Tasks Trace: Setting shift to 0 and lim to 1 rcu_task_cb_adjust=1 rcu_task_cpu_ids=1.
[    0.000000] NR_IRQS: 16, nr_irqs: 16, preallocated irqs: 16
[    0.000000] IRQ: Found an INTC at 0x(ptrval) (revision 5.0) with 128 interrupts
[    0.000000] rcu: srcu_init: Setting srcu_struct sizes based on contention.
[    0.000000] TI gptimer clocksource: always-on /ocp/interconnect@44c00000/segment@200000/target-module@31000
[    0.000002] sched_clock: 32 bits at 24MHz, resolution 41ns, wraps every 89478484971ns
[    0.000026] clocksource: dmtimer: mask: 0xffffffff max_cycles: 0xffffffff, max_idle_ns: 79635851949 ns
[    0.000495] TI gptimer clockevent: 24000000 Hz at /ocp/interconnect@48000000/segment@0/target-module@40000
[    0.002045] Console: colour dummy device 80x30
[    0.002113] WARNING: Your 'console=ttyO0' has been replaced by 'ttyS0'
[    0.002121] This ensures that you still see kernel messages. Please
[    0.002125] update your kernel commandline.
[    0.002167] Calibrating delay loop... 996.14 BogoMIPS (lpj=4980736)
[    0.090542] CPU: Testing write buffer coherency: ok
[    0.090652] CPU0: Spectre v2: using BPIALL workaround
[    0.090662] pid_max: default: 32768 minimum: 301
[    0.090845] LSM: initializing lsm=capability
[    0.091011] Mount-cache hash table entries: 1024 (order: 0, 4096 bytes, linear)
[    0.091031] Mountpoint-cache hash table entries: 1024 (order: 0, 4096 bytes, linear)
[    0.092636] CPU0: thread -1, cpu 0, socket -1, mpidr 0
[    0.092693] cacheinfo: Unable to detect cache hierarchy for CPU 0
[    0.094711] Setting up static identity map for 0x80100000 - 0x80100078
[    0.095021] rcu: Hierarchical SRCU implementation.
[    0.095034] rcu: 	Max phase no-delay instances is 1000.
[    0.096718] smp: Bringing up secondary CPUs ...
[    0.096772] smp: Brought up 1 node, 1 CPU
[    0.096784] SMP: Total of 1 processors activated (996.14 BogoMIPS).
[    0.096795] CPU: All CPU(s) started in SVC mode.
[    0.096991] Memory: 480872K/522240K available (11264K kernel code, 1222K rwdata, 2948K rodata, 1024K init, 254K bss, 23332K reserved, 16384K cma-reserved, 0K highmem)
[    0.097814] devtmpfs: initialized
[    0.115751] VFP support v0.3: implementor 41 architecture 3 part 30 variant c rev 3
[    0.116377] clocksource: jiffies: mask: 0xffffffff max_cycles: 0xffffffff, max_idle_ns: 19112604462750000 ns
[    0.116433] posixtimers hash table entries: 512 (order: 0, 4096 bytes, linear)
[    0.116460] futex hash table entries: 256 (16384 bytes on 1 NUMA nodes, total 16 KiB, linear).
[    0.117598] pinctrl core: initialized pinctrl subsystem
[    0.119721] NET: Registered PF_NETLINK/PF_ROUTE protocol family
[    0.122794] DMA: preallocated 256 KiB pool for atomic coherent allocations
[    0.123413] audit: initializing netlink subsys (disabled)
[    0.124777] thermal_sys: Registered thermal governor 'fair_share'
[    0.124792] thermal_sys: Registered thermal governor 'step_wise'
[    0.124802] thermal_sys: Registered thermal governor 'user_space'
[    0.124908] audit: type=2000 audit(0.120:1): state=initialized audit_enabled=0 res=1
[    0.124978] cpuidle: using governor menu
[    0.143573] /ocp/interconnect@44c00000/segment@200000/target-module@b000/i2c@0/tda19988@70: Fixed dependency cycle(s) with /ocp/interconnect@48000000/segment@300000/target-module@e000/lcdc@0
[    0.144678] /ocp/interconnect@48000000/segment@300000/target-module@e000/lcdc@0: Fixed dependency cycle(s) with /ocp/interconnect@44c00000/segment@200000/target-module@b000/i2c@0/tda19988@70
[    0.146881] No ATAGs?
[    0.146918] hw-breakpoint: debug architecture 0x4 unsupported.
[    0.149983] kprobes: kprobe jump-optimization is enabled. All kprobes are optimized if possible.
[    0.163537] iommu: Default domain type: Translated
[    0.163561] iommu: DMA domain TLB invalidation policy: strict mode
[    0.166337] SCSI subsystem initialized
[    0.167189] pps_core: LinuxPPS API ver. 1 registered
[    0.167201] pps_core: Software ver. 5.3.6 - Copyright 2005-2007 Rodolfo Giometti <giometti@linux.it>
[    0.167225] PTP clock support registered
[    0.170810] vgaarb: loaded
[    0.180925] clocksource: Switched to clocksource dmtimer
[    0.181629] VFS: Disk quotas dquot_6.6.0
[    0.181690] VFS: Dquot-cache hash table entries: 1024 (order 0, 4096 bytes)
[    0.206395] NET: Registered PF_INET protocol family
[    0.206733] IP idents hash table entries: 8192 (order: 4, 65536 bytes, linear)
[    0.208157] tcp_listen_portaddr_hash hash table entries: 512 (order: 0, 4096 bytes, linear)
[    0.208196] Table-perturb hash table entries: 65536 (order: 6, 262144 bytes, linear)
[    0.208213] TCP established hash table entries: 4096 (order: 2, 16384 bytes, linear)
[    0.208259] TCP bind hash table entries: 4096 (order: 4, 65536 bytes, linear)
[    0.208359] TCP: Hash tables configured (established 4096 bind 4096)
[    0.208479] UDP hash table entries: 256 (order: 1, 14336 bytes, linear)
[    0.208516] UDP-Lite hash table entries: 256 (order: 1, 14336 bytes, linear)
[    0.208733] NET: Registered PF_UNIX/PF_LOCAL protocol family
[    0.209990] RPC: Registered named UNIX socket transport module.
[    0.210012] RPC: Registered udp transport module.
[    0.210017] RPC: Registered tcp transport module.
[    0.210022] RPC: Registered tcp-with-tls transport module.
[    0.210026] RPC: Registered tcp NFSv4.1 backchannel transport module.
[    0.210053] PCI: CLS 0 bytes, default 64
[    0.211608] Initialise system trusted keyrings
[    0.221748] workingset: timestamp_bits=14 max_order=17 bucket_order=3
[    0.223227] NFS: Registering the id_resolver key type
[    0.223290] Key type id_resolver registered
[    0.223298] Key type id_legacy registered
[    0.223408] jffs2: version 2.2. (NAND) (SUMMARY)  Â© 2001-2006 Red Hat, Inc.
[    0.223876] Key type asymmetric registered
[    0.223894] Asymmetric key parser 'x509' registered
[    0.223971] io scheduler mq-deadline registered
[    0.223982] io scheduler kyber registered
[    0.224066] io scheduler bfq registered
[    0.225958] target-module@4b000000:target-module@140000:pmu@0:fck: device ID is greater than 24
[    0.232149] l3-aon-clkctrl:0000:0: failed to disable
[    0.232418] ledtrig-cpu: registered to indicate activity on CPUs
[    0.242252] Serial: 8250/16550 driver, 6 ports, IRQ sharing enabled
[    0.291899] brd: module loaded
[    0.313440] loop: module loaded
[    0.314398] mtdoops: mtd device (mtddev=name/number) must be supplied
[    0.317490] i2c_dev: i2c /dev entries driver
[    0.318509] cpuidle: enable-method property 'ti,am3352' found operations
[    0.318968] sdhci: Secure Digital Host Controller Interface driver
[    0.318979] sdhci: Copyright(c) Pierre Ossman
[    0.319167] sdhci-pltfm: SDHCI platform and OF driver helper
[    0.320723] hw perfevents: enabled with armv7_cortex_a8 PMU driver, 5 (8000000f) counters available
[    0.321406] Initializing XFRM netlink socket
[    0.321606] NET: Registered PF_INET6 protocol family
[    0.327259] l3-aon-clkctrl:0000:0: failed to disable
[    0.328708] Segment Routing with IPv6
[    0.328789] In-situ OAM (IOAM) with IPv6
[    0.328886] sit: IPv6, IPv4 and MPLS over IPv4 tunneling driver
[    0.329872] NET: Registered PF_PACKET protocol family
[    0.329901] NET: Registered PF_KEY protocol family
[    0.330020] Key type dns_resolver registered
[    0.330252] ThumbEE CPU extension supported.
[    0.330273] Registering SWP/SWPB emulation handler
[    0.330798] omap_voltage_late_init: Voltage driver support not added
[    0.331719] SmartReflex Class3 initialized
[    0.362868] Loading compiled-in X.509 certificates
[    0.408647] /ocp/interconnect@44c00000/segment@200000/target-module@b000/i2c@0/tda19988@70: Fixed dependency cycle(s) with /ocp/interconnect@48000000/segment@300000/target-module@e000/lcdc@0
[    0.415361] /ocp/interconnect@44c00000/segment@200000/target-module@b000/i2c@0/tda19988@70: Fixed dependency cycle(s) with /ocp/interconnect@48000000/segment@300000/target-module@e000/lcdc@0
[    0.435605] /ocp/interconnect@44c00000/segment@200000/target-module@b000/i2c@0/tda19988@70: Fixed dependency cycle(s) with /ocp/interconnect@48000000/segment@300000/target-module@e000/lcdc@0
[    0.436512] /ocp/interconnect@44c00000/segment@200000/target-module@b000/i2c@0/tda19988@70: Fixed dependency cycle(s) with /ocp/interconnect@48000000/segment@300000/target-module@e000/lcdc@0
[    0.440037] /ocp/interconnect@44c00000/segment@200000/target-module@10000/scm@0/pinmux@800: Fixed dependency cycle(s) with /ocp/interconnect@44c00000/segment@200000/target-module@10000/scm@0/pinmux@800/clkout2-pins
[    0.440631] pinctrl-single 44e10800.pinmux: 142 pins, size 568
[    0.446311] ti-sysc 44e31000.target-module: probe with driver ti-sysc failed with error -16
[    0.482725] /ocp/interconnect@48000000/segment@300000/target-module@e000/lcdc@0: Fixed dependency cycle(s) with /ocp/interconnect@44c00000/segment@200000/target-module@b000/i2c@0/tda19988@70
[    0.490890] ti-sysc 48040000.target-module: probe with driver ti-sysc fa iled with error -16
[    0.539705] OMAP GPIO hardware version 0.1
[    0.575143] omap_i2c 4819c000.i2c: bus 2 rev0.11 at 100 kHz
[    0.591619] 48000000.interconnect:segment@200000:target-module@0:mpu@0:fck: device ID is greater than 24
[    0.592595] /ocp/interconnect@48000000/segment@300000/target-module@e000/lcdc@0: Fixed dependency cycle(s) with /ocp/interconnect@44c00000/segment@200000/target-module@b000/i2c@0/tda19988@70
[    0.595498] /ocp/interconnect@48000000/segment@300000/target-module@e00 0/lcdc@0: Fixed dependency cycle(s) with /ocp/interconnect@44c00000/segment@200000/target-module@b000/i2c@0/tda19988@70
[    0.596214] /ocp/interconnect@44c00000/segment@200000/target-module@b000/i2c@0/tda19988@70: Fixed dependency cycle(s) with /ocp/interconnect@48000000/segment@300000/target-module@e000/lcdc@0
[    0.596388] /ocp/interconnect@48000000/segment@300000/target-module@e000/lcdc@0: Fixed dependency cycle(s) with /ocp/interconnect@44c00000/segment@200000/target-module@b000/i2c@0/tda19988@70
[    0.607921] sdhci-omap 481d8000.mmc: supply pbias not found, using dummy regulator
[    0.608415] sdhci-omap 481d8000.mmc: supply vqmmc not found, using dummy regulator
[    0.654678] davinci_mdio 4a101000.mdio: davinci mdio revision 1.6, bus freq 1000000
[    0.804209] davinci_mdio 4a101000.mdio: phy[0]: device 4a101000.mdio:00, driver SMSC LAN8710/LAN8720
[    0.805002] cpsw-switch 4a100000.switch: initialized cpsw ale version 1.4
[    0.805027] cpsw-switch 4a100000.switch: ALE Table size 1024, Policers 0
[    0.805191] cpsw-switch 4a100000.switch: cpts: overflow check period 500 (jiffies)
[    0.805208] cpsw-switch 4a100000.switch: CPTS: ref_clk_freq:250000000 calc_mult:2147483648 calc_shift:29 error:0 nsec/sec
[    0.805314] cpsw-switch 4a100000.switch: Detected MACID = 6c:ec:eb:68:de:78
[    0.807236] cpsw-switch 4a100000.switch: initialized (regs 0x4a100000, pool size 256) hw_ver:0019010C 1.12 (0)
[    0.818525] debugfs: '49000000.dma' already exists in 'dmaengine'
[    0.818567] edma 4900000, base_baud = 3000000) is a 8250
[    0.895977] printk: legacy console [ttyS0] enabled
[    2.442171] tps65217-pmic: Failed to locate of_node [id: -1]
[    2.448245] tps65217-bl: Failed to locate of_node [id: -1]
[    2.454321] platform tps65217-charger: DMA mask not set
[    2.460355] platform tps65217-pwrbutton: DMA mask not set
[    2.467597] tps65217 0-0024: TPS65217 ID 0xe version 1.2
[    2.473718] /ocp/interconnect@48000000/segment@300000/target-module@e000/lcdc@0: Fixed dependency cycle(s) with /ocp/interconnect@44c00000/segment@200000/target-module@b000/i2c@0/tda19988@70
[    2.491171] /ocp/interconnect@44c00000/segment@200000/target-module@b000/i2c@0/tda19988@70: Fixed dependency cycle(s) with /ocp/interconnect@48000000/segment@300000/target-module@e000/lcdc@0
[    2.508541] omap_i2c 44e0b000.i2c: bus 0 rev0.11 at 400 kHz
[    2.516525] omap_gpio 44e07000.gpio: Could not set line 6 debounce to 200000 microseconds (-22)
[    2.525423] sdhci-omap 48060000.mmc: Got CD GPIO
[    2.530430] sdhci-omap 48060000.mmc: supply pbias not found, using dummy regulator
[    2.541049] sdhci-omap 48060000.mmc: supply vqmmc not found, using dummy regulator
[    2.549549] sdhci-omap 481d8000.mmc: supply pbias not found, using dummy regulator
[    2.558178] sdhci-omap 481d8000.mmc: supply vqmmc not found, using dummy regulator
[    2.596768] mmc1: SDHCI controller on 481d8000.mmc [481d8000.mmc] using External DMA
[    2.605813] mmc0: SDHCI controller on 48060000.mmc [48060000.mmc] using External DMA
[    2.614708] cpsw-switch 4a100000.switch: starting ndev. mode: dual_mac
[    2.681430] mmc1: new high speed MMC card at address 0001
[    2.688269] mmcblk1: mmc1:0001 MMC04G 3.60 GiB
[    2.696226]  mmcblk1: p1 p2
[    2.700571] mmcblk1boot0: mmc1:0001 MMC04G 2.00 MiB
[    2.707695] SMSC LAN8710/LAN8720 4a101000.mdio:00: attached PHY driver (mii_bus:phy_addr=4a101000.mdio:00, irq=POLL)
[    2.721703] mmcblk1boot1: mmc1:0001 MMC04G 2.00 MiB
[    2.734757] mmcblk1rpmb: mmc1:0001 MMC04G 128 KiB, chardev (249:0)
[    2.784213] mmc0: new high speed SDHC card at address aaaa
[    2.791048] mmcblk0: mmc0:aaaa SE32G 29.7 GiB
[    2.800426]  mmcblk0: p1 p2
[    5.841926] cpsw-switch 4a100000.switch eth0: Link is Up - 100Mbps/Full - flow control off
[    5.871182] IP-Config: Complete:
[    5.874455]      device=eth0, hwaddr=6c:ec:eb:68:de:78, ipaddr=192.168.255.1, mask=255.255.255.0, gw=255.255.255.255
[    5.885098]      host=bbb1, domain=, nis-domain=(none)
[    5.890266]      bootserver=192.168.255.126, rootserver=192.168.255.126, rootpath=
[    5.890700] clk: Disabling unused clocks
[    5.902561] PM: genpd: Disabling unused power domains
[    5.907708] KTAP version 1
[    5.910433] 1..0
[    5.913171] check access for rdinit=/init failed: -2, ignoring
[    5.945370] VFS: Mounted root (nfs filesystem) on device 0:17.
[    5.952390] devtmpfs: mounted
[    5.956856] Freeing unused kernel image (initmem) memory: 1024K
[    5.963843] Run /sbin/init as init process
[    6.634327] systemd[1]: System time before build time, advancing clock.
[    8.161188] random: crng init done
[    8.193771] systemd[1]: systemd 232 running in system mode. (+PAM +AUDIT +SELINUX +IMA +APPARMOR +SMACK +SYSVINIT +UTMP +LIBCRYPTSETUP +GCRYPT +GNUTLS +ACL +XZ +LZ4 +SECCOMP +BLKID +ELFUTILS +KMOD +IDN)
[    8.212878] systemd[1]: Detected architecture arm.

Welcome to [1mDebian GNU/Linux 9 (stretch)[0m!

[    8.244401] systemd[1]: Set hostname to <arm>.
[    9.377411] systemd[1]: systemd-journald.socket: SO_PASSSEC failed: Operation not supported
[    9.386379] systemd[1]: systemd-journald.socket: SO_PASSSEC failed: Operation not supported
[    9.395132] systemd[1]: Listening on Journal Socket.
[[0;32m  OK  [0m] Listening on Journal Socket.
[    9.422309] systemd[1]: Started Forward Password Requests to Wall Directory Watch.
[[0;32m  OK  [0m] Started Forward Password Requests to Wall Directory Watch.
[    9.452038] systemd[1]: Started Dispatch Password Requests to Console Directory Watch.
[[0;32m  OK  [0m] Started Dispatch Password Requests to Console Directory Watch.
[    9.481543] systemd[1]: Reached target Swap.
[[0;32m  OK  [0m] Reached target Swap.
[    9.501485] systemd[1]: Reached target Paths.
[[0;32m  OK  [0m] Reached target Paths.
[[0;32m  OK  [0m] Listening on Journal Socket (/dev/log).
[[0;32m  OK  [0m] Reached target Remote File Systems.
[[0;32m  OK  [0m] Listening on udev Kernel Socket.
[[0;32m  OK  [0m] Created slice System Slice.
         Starting Remount Root and Kernel File Systems...
[[0;32m  OK  [0m] Created slice system-getty.slice.
[[0;32m  OK  [0m] Created slice system-serial\x2dgetty.slice.
         Mounting POSIX Message Queue File System...
         Starting Load Kernel Modules...
[[0;32m  OK  [0m] Listening on Syslog Socket.
[[0;32m  OK  [0m] Reached target Encrypted Volumes.
[[0;32m  OK  [0m] Listening on Journal Audit Socket.
         Mounting Debug File System...
[[0;32m  OK  [0m] Listening on /dev/initctl Compatibility Named Pipe.
         Starting Journal Service...
[[0;32m  OK  [0m] Set up automount Arbitrary Executabâ€¦rmats File System Automount Point.
[[0;32m  OK  [0m] Listening on udev Control Socket.
         Starting Create list of required stâ€¦ce nodes for the current kernel...
[[0;32m  OK  [0m] Created slice User and Session Slice.
[[0;32m  OK  [0m] Reached target Slices.
[[0;32m  OK  [0m] Mounted POSIX Message Queue File System.
[[0;32m  OK  [0m] Mounted Debug File System.
[[0;32m  OK  [0m] Started Remount Root and Kernel File Systems.
[[0;32m  OK  [0m] Started Load Kernel Modules.
[[0;32m  OK  [0m] Started Create list of required staâ€¦vice nodes for the current kernel.
         Starting Create Static Device Nodes in /dev...
         Mounting Configuration File System...
         Starting Apply Kernel Variables...
         Starting udev Coldplug all Devices...
         Starting Load/Save Random Seed...
[[0;32m  OK  [0m] Mounted Configuration File System.
[[0;32m  OK  [0m] Started Apply Kernel Variables.
[[0;32m  OK  [0m] Started Load/Save Random Seed.
[[0;32m  OK  [0m] Started Create Static Device Nodes in /dev.
         Starting udev Kernel Device Manager...
[[0;32m  OK  [0m] Reached target Local File Systems (Pre).
[[0;32m  OK  [0m] Reached target Local File Systems.
         Starting Raise network interfaces...
[[0;32m  OK  [0m] Started Journal Service.
         Starting Flush Journal to Persistent Storage...
[   11.761438] systemd-journald[86]: Received request to flush runtime journal from PID 1
[[0;32m  OK  [0m] Started Flush Journal to Persistent Storage.
         Starting Create Volatile Files and Directories...
[[0;32m  OK  [0m] Started udev Kernel Device Manager.
[   12.641622] omap_prm 44e00d00.prm: sync_state() pending due to 44d00000.cpu
[[0;32m  OK  [0m] Started Create Volatile Files and Directories.
         Starting Update UTMP about System Boot/Shutdown...
         Starting Network Time Synchronization...
[[0;32m  OK  [0m] Started Update UTMP about System Boot/Shutdown.
[[0;32m  OK  [0m] Started udev Coldplug all Devices.
[   14.795328] remoteproc remoteproc0: wkup_m3 is available
[   15.168779] am335x-phy-driver 47401300.usb-phy: dummy supplies not allowed for exclusive requests (id=vbus)
[   15.196276] at24 2-0054: supply vcc not found, using dummy regulator
[   15.257692] omap_wdt: OMAP Watchdog Timer Rev 0x01: initial timeout 60 sec
[   15.334448] at24 2-0055: supply vcc not found, using dummy regulator
[   15.449130] at24 2-0056: supply vcc not found, using dummy regulator
[[0;32m  OK  [0m] Found device /dev/ttyS0.
[   15.494177] am335x-phy-driver 47401b00.usb-phy: dummy supplies not allowed for exclusive requests (id=vbus)
[   15.564179] at24 2-0057: supply vcc not found, using dummy regulator
[   15.693356] at24 0-0050: 32768 byte 24c256 EEPROM, writable, 1 bytes/write
[[0;32m  OK  [0m] Started Network Time Synchronization.
[   15.908323] input: tps65217_pwrbutton as /devices/platform/ocp/44c00000.interconnect/44c00000.interconnect:segment@200000/44e0b000.target-module/44e0b000.i2c/i2c-0/0-0024/tps65217-pwrbutton/input/input0
[[0;32m  OK  [0m] Reached target System Initialization.
[[0;32m  OK  [0m] Listening on Avahi mDNS/DNS-SD Stack Activation Socket.
[[0;32m  OK  [0m] Started Daily Cleanup of Temporary Directories.
[[0;32m  OK  [0m] Listening on D-Bus System Message Bus Socket.
[   16.127348] omap_rtc 44e3e000.rtc: registered as rtc0
[   16.132753] omap_rtc 44e3e000.rtc: setting system clock to 2000-01-01T00:00:00 UTC (946684800)
[[0;32m  OK  [0m] Reached target Sockets.
[[0;32m  OK  [0m] Reached target Basic System.
         Starting Login Service...
         Starting Cape Manager Service...
[   16.579822] usbcore: registered new interface driver usbfs
[   16.585690] usbcore: registered new interface driver hub
[   16.591233] usbcore: registered new device driver usb
[[0;32m  OK  [0m] Started D-Bus System Message Bus.
[   17.507384] musb-hdrc musb-hdrc.1: MUSB HDRC host driver
[   17.513051] musb-hdrc musb-hdrc.1: new USB bus registered, assigned bus number 1
[   17.640639] tda998x 0-0070: found TDA19988
[   17.747818] usb usb1: New USB device found, idVendor=1d6b, idProduct=0002, bcdDevice= 6.17
[   17.756305] usb usb1: New USB device strings: Mfr=3, Product=2, SerialNumber=1
[   17.763646] usb usb1: Product: MUSB HDRC host driver
[   17.768641] usb usb1: Manufacturer: Linux 6.17.0-rc6-next-20250917 musb-hcd
[   17.775670] usb usb1: SerialNumber: musb-hdrc.1
[   17.950853] omap-mailbox 480c8000.mailbox: omap mailbox rev 0x400
[   18.077911] remoteproc remoteproc0: powering up wkup_m3
[   18.179318] remoteproc remoteproc0: Direct firmware load for am335x-pm-firmware.elf failed with error -2
[   18.190607] remoteproc remoteproc0: request_firmware failed: -2
[   18.198345] wkup_m3_ipc 44e11324.wkup_m3_ipc: rproc_boot failed
[   18.217420] hub 1-0:1.0: USB hub found
[   18.291452] hub 1-0:1.0: 1 port detected
[   20.260145] omap_rng 48310000.rng: Random Number Generator ver. 20
[   20.377971] tilcdc 4830e000.lcdc: bound 0-0070 (ops tda998x_audio_codec_init [tda998x])
[   20.469597] [drm] Initialized tilcdc 1.0.0 for 4830e000.lcdc on minor 0
[   20.541060] tilcdc 4830e000.lcdc: [drm] Cannot find any crtc or sizes
         Starting Connection service...
[   20.552164] tilcdc 4830e000.lcdc: [drm] Cannot find any crtc or sizes
         Starting DUN service...
         Starting LSB: Start busybox udhcpd at boot time...
         Starting Generic Board Startup...
[[0;32m  OK  [0m] Started Regular background program processing daemon.
         Starting Telephony service...
         Starting LSB: Load kernel modules needed to enable cpufreq scaling...
         Starting Avahi mDNS/DNS-SD Stack...
         Starting System Logging Service...
[[0;32m  OK  [0m] Reached target System Time Synchronized.
[[0;32m  OK  [0m] Started Daily apt download activities.
[[0;32m  OK  [0m] Started Daily apt upgrade and clean activities.
[[0;32m  OK  [0m] Reached target Timers.
[   21.870507] PM: Cannot get wkup_m3_ipc handle
[[0;32m  OK  [0m] Started Cape Manager Service.
[   22.083820] omap-sham 53100000.sham: hw accel on OMAP rev 4.3
[   22.200679] omap-sham 53100000.sham: will run requests pump with realtime priority
[   22.215895] PM: Cannot get wkup_m3_ipc handle
[   22.227665] omap-aes 53500000.aes: OMAP AES hw accel rev: 3.2
[   22.324302] omap-aes 53500000.aes: will run requests pump with realtime priority
[   22.337125] PM: Cannot get wkup_m3_ipc handle
[   24.491875] Bluetooth: Core ver 2.22
[   24.495692] NET: Registered PF_BLUETOOTH protocol family
[   24.501038] Bluetooth: HCI device and connection manager initialized
[   24.507556] Bluetooth: HCI socket layer initialized
[   24.512502] Bluetooth: L2CAP socket layer initialized
[   24.517608] Bluetooth: SCO socket layer initialized
[[0;32m  OK  [0m] Started System Logging Service.
[   24.743172] ------------[ cut here ]------------
[   24.747873] WARNING: net/8021q/vlan_core.c:236 at vlan_for_each+0x114/0x134, CPU#0: avahi-daemon/305
[   24.757203] RTNL: assertion failed at net/8021q/vlan_core.c (236)
[   24.763382] Modules linked in: bluetooth ecdh_generic ecc snd_soc_simple_card snd_soc_simple_card_utils omap_aes_driver omap_sham omap_crypto pm33xx libaes crypto_engine ti_emif_sram tilcdc omap_rng drm_dma_helper rng_core drm_client_lib snd_soc_davinci_mcasp snd_soc_ti_udma snd_soc_ti_edma snd_soc_ti_sdma snd_soc_core snd_pcm_dmaengine snd_pcm omap_mailbox snd_timer snd soundcore musb_dsps tda998x musb_hdrc cec udc_core drm_kms_helper usbcore drm rtc_omap wkup_m3_ipc tps65218_pwrbutton drm_panel_orientation_quirks omap_wdt at24 phy_am335x watchdog phy_am335x_control phy_generic usb_common wkup_m3_rproc cppi41 leds_gpio cpufreq_dt led_class autofs4
[   24.821462] CPU: 0 UID: 107 PID: 305 Comm: avahi-daemon Not tainted 6.17.0-rc6-next-20250917 #1 NONE 
[   24.821481] Hardware name: Generic AM33XX (Flattened Device Tree)
[   24.821489] Call trace: 
[   24.821505]  unwind_backtrace from show_stack+0x10/0x14
[   24.821543]  show_stack from dump_stack_lvl+0x50/0x64
[   24.821568]  dump_stack_lvl from __warn+0x88/0x148
[   24.821586]  __warn from warn_slowpath_fmt+0x19c/0x1b0
[   24.821599]  warn_slowpath_fmt from vlan_for_each+0x114/0x134
[   24.821619]  vlan_for_each from cpsw_add_mc_addr+0x40/0xa4
[   24.821639]  cpsw_add_mc_addr from __hw_addr_ref_sync_dev+0x108/0x140
[   24.821664]  __hw_addr_ref_sync_dev from __dev_mc_add+0x7c/0x80
[   24.821683]  __dev_mc_add from igmp6_group_added+0xc8/0xe0
[   24.821705]  igmp6_group_added from __ipv6_dev_mc_inc+0x218/0x364
[   24.821720]  __ipv6_dev_mc_inc from __ipv6_sock_mc_join+0x11c/0x1c0
[   24.821734]  __ipv6_sock_mc_join from do_ipv6_setsockopt+0x1214/0x1310
[   24.821759]  do_ipv6_setsockopt from ipv6_setsockopt+0x60/0xcc
[   24.821777]  ipv6_setsockopt from udpv6_setsockopt+0x2c/0x6c
[   24.821798]  udpv6_setsockopt from sock_common_setsockopt+0x30/0x40
[   24.821826]  sock_common_setsockopt from do_sock_setsockopt+0x50/0x9c
[   24.821845]  do_sock_setsockopt from __sys_setsockopt+0x70/0xbc
[   24.821862]  __sys_setsockopt from ret_fast_syscall+0x0/0x58
[   24.821878] Exception stack(0xe02edfa8 to 0xe02edff0)
[   24.821892] dfa0:                   00000014 b6f6dce8 0000000d 00000029 00000014 beb619ec
[   24.821904] dfc0: 00000014 b6f6dce8 00000014 00000126 0000000d b6f16ff4 004ee990 004d6558
[   24.821913] dfe0: b6f2c088 beb619d8 b6f09309 b6de041a
[   24.821921] ---[ end trace 0000000000000000 ]---
[   25.696342] PM: Cannot get wkup_m3_ipc handle
[   25.782535] gpio-537 (nxp,calib): gpiod_direction_output_nonotify: tried to set a GPIO tied to an IRQ as output
[   25.920928] PM: Cannot get wkup_m3_ipc handle
[   26.112046] tda9950 0-0034: TDA9950 CEC interface, hardware version 3.3
[   26.250115] PM: Cannot get wkup_m3_ipc handle
[[0;32m  OK  [0m] Started LSB: Start busybox udhcpd at boot time.
[[0;32m  OK  [0m] Started Raise network interfaces.
[[0;32m  OK  [0m] Started LSB: Load kernel modules needed to enable cpufreq scaling.
[   29.539193] configfs-gadget.g_multi gadget.0: HOST MAC 1c:ba:8c:a2:ed:6c
[   29.546225] configfs-gadget.g_multi gadget.0: MAC 1c:ba:8c:a2:ed:70
[   29.553600] configfs-gadget.g_multi gadget.0: HOST MAC 1c:ba:8c:a2:ed:6c
[   29.560364] configfs-gadget.g_multi gadget.0: MAC 1c:ba:8c:a2:ed:6d
[   29.568397] PM: Cannot get wkup_m3_ipc handle
[[0;32m  OK  [0m] Started DUN service.
[[0;32m  OK  [0m] Started Telephony service.
[[0;32m  OK  [0m] Started Connection service.
[[0;32m  OK  [0m] Started Avahi mDNS/DNS-SD Stack.
[[0;32m  OK  [0m] Started Login Service.
         Starting Hostname Service...
         Starting WPA supplicant...
[[0;32m  OK  [0m] Reached target Sound Card.
         Starting LSB: set CPUFreq kernel parameters...
[[0;32m  OK  [0m] Started WPA supplicant.
[[0;32m  OK  [0m] Reached target Network.
         Starting OpenBSD Secure Shell server...
         Starting The Apache HTTP Server...
         Starting Permit User Sessions...
[[0;32m  OK  [0m] Reached target Network is Online.
         Starting LSB: Advanced IEEE 802.11 management daemon...
[[0;32m  OK  [0m] Started Hostname Service.
[[0;32m  OK  [0m] Started LSB: Advanced IEEE 802.11 management daemon.
[[0;32m  OK  [0m] Started LSB: set CPUFreq kernel parameters.
[[0;32m  OK  [0m] Started Permit User Sessions.
[[0;32m  OK  [0m] Started Getty on tty1.
[[0;32m  OK  [0m] Started Serial Getty on ttyS0.
[[0;32m  OK  [0m] Reached target Login Prompts.
[[0;32m  OK  [0m] Started OpenBSD Secure Shell server.
         Stopping LSB: Start busybox udhcpd at boot time...
[[0;32m  OK  [0m] Stopped LSB: Start busybox udhcpd at boot time.
         Starting dnsmasq - A lightweight DHCP and caching DNS server...
[[0;32m  OK  [0m] Started The Apache HTTP Server.
[[0;32m  OK  [0m] Started dnsmasq - A lightweight DHCP and caching DNS server.
[[0;32m  OK  [0m] Reached target Host and Network Name Lookups.
[[0;32m  OK  [0m] Started Serial Getty on ttyGS0.
[[0;32m  OK  [0m] Started Generic Board Startup.
[[0;32m  OK  [0m] Reached target Multi-User System.
[[0;32m  OK  [0m] Reached target Graphical Interface.
         Starting Update UTMP about System Runlevel Changes...
[[0;32m  OK  [0m] Started Update UTMP about System Runlevel Changes.

Debian GNU/Linux 9 arm ttyS0

default username:password is [debian:temppwd]

arm login: root
Password: 
Last login: Sat Jan  1 00:00:35 UTC 2000 on ttyS0
root
Linux arm 6.17.0-rc6-next-20250917 #1 SMP Wed Sep 17 17:54:06 EEST 2025 armv7l

The programs included with the Debian GNU/Linux system are free software;
the exact distribution terms for each program are described in the
individual files in /usr/share/doc/*/copyright.

Debian GNU/Linux comes with ABSOLUTELY NO WARRANTY, to the extent
permitted by applicable law.
root@arm:~# root
-bash: root: command not found
root@arm:~# dmesg -n 1
root@arm:~# echo 'JTCM''WUEVFB'
JTCMWUEVFB
root@arm:~# run() { echo -n "$MARKER"; sh -c "$@"; echo "$MARKER $?"; }
root@arm:~# echo 'NWTB''KUBLUB'
NWTBKUBLUB
root@arm:~# MARKER='LCOF''SGCLEZ' run 'cat /proc/version'
LCOFSGCLEZLinux version 6.17.0-rc6-next-20250917 (user01@drvtest01) (arm-none-eabi-gcc (Arm GNU Toolchain 14.2.Rel1 (Build arm-14.52)) 14.2.1 20241119, GNU ld (Arm GNU Toolchain 14.2.Rel1 (Build arm-14.52)) 2.43.1.20241119) #1 SMP Wed Sep 17 17:54:06 EEST 2025
LCOFSGCLEZ 0
root@arm:~# echo 'VTZE''JGBCFU'
VTZEJGBCFU
root@arm:~# MARKER='WVSJ''QPEGEB' run false
WVSJQPEGEBWVSJQPEGEB 1
root@arm:~# Labgrid Console Logfile for main
Logfile started at 2025-09-17 17:56:51.017383
=== Log starts here ===

root@arm:~# run() { echo -n "$MARKER"; sh -c "$@"; echo "$MARKER $?"; }
root@arm:~# echo 'YOKT''FOJNJH'
YOKTFOJNJH
root@arm:~# MARKER='ZTNF''YHCNHU' run 'ls /iio_generic_buffer; echo $?'
ZTNFYHCNHU/iio_generic_buffer
0
ZTNFYHCNHU 0
root@arm:~# Labgrid Console Logfile for main
Logfile started at 2025-09-17 17:56:54.372513
=== Log starts here ===

root@arm:~# run() { echo -n "$MARKER"; sh -c "$@"; echo "$MARKER $?"; }
root@arm:~# echo 'MJTN''AWMTCL'
MJTNAWMTCL
root@arm:~# MARKER='VJAY''SUEAKJ' run dmesg
VJAYSUEAKJ[    0.000000] Booting Linux on physical CPU 0x0
[    0.000000] Linux version 6.17.0-rc6-next-20250917 (user01@drvtest01) (arm-none-eabi-gcc (Arm GNU Toolchain 14.2.Rel1 (Build arm-14.52)) 14.2.1 20241119, GNU ld (Arm GNU Toolchain 14.2.Rel1 (Build arm-14.52)) 2.43.1.20241119) #1 SMP Wed Sep 17 17:54:06 EEST 2025
[    0.000000] CPU: ARMv7 Processor [413fc082] revision 2 (ARMv7), cr=10c5387d
[    0.000000] CPU: PIPT / VIPT nonaliasing data cache, VIPT aliasing instruction cache
[    0.000000] OF: fdt: Machine model: TI AM335x BeagleBone Black
[    0.000000] Memory policy: Data cache writeback
[    0.000000] cma: Reserved 16 MiB at 0x9e800000
[    0.000000] Zone ranges:
[    0.000000]   Normal   [mem 0x0000000080000000-0x000000009fdfffff]
[    0.000000]   HighMem  empty
[    0.000000] Movable zone start for each node
[    0.000000] Early memory node ranges
[    0.000000]   node   0: [mem 0x0000000080000000-0x000000009fdfffff]
[    0.000000] Initmem setup node 0 [mem 0x0000000080000000-0x000000009fdfffff]
[    0.000000] On node 0, zone Normal: 512 pages in unavailable ranges
[    0.000000] OF: reserved mem: Reserved memory: No reserved-memory node in the DT
[    0.000000] CPU: All CPU(s) started in SVC mode.
[    0.000000] AM335X ES2.1 (sgx neon)
[    0.000000] percpu: Embedded 17 pages/cpu s39884 r8192 d21556 u69632
[    0.000000] pcpu-alloc: s39884 r8192 d21556 u69632 alloc=17*4096
[    0.000000] pcpu-alloc: [0] 0 
[    0.000000] Kernel command line: console=ttyO0,115200n8 root=/dev/nfs rw nfsroot=192.168.255.126:/home/user01/nfs,nfsvers=3 ip=192.168.255.1:192.168.255.126::255.255.255.0:bbb1:eth0 nfsrootdebug
[    0.000000] Unknown kernel command line parameters "nfsrootdebug", will be passed to user space.
[    0.000000] printk: log buffer data + meta data: 65536 + 204800 = 270336 bytes
[    0.000000] Dentry cache hash table entries: 65536 (order: 6, 262144 bytes, linear)
[    0.000000] Inode-cache hash table entries: 32768 (order: 5, 131072 bytes, linear)
[    0.000000] Built 1 zonelists, mobility grouping on.  Total pages: 130560
[    0.000000] mem auto-init: stack:off, heap alloc:off, heap free:off
[    0.000000] SLUB: HWalign=16, Order=0-3, MinObjects=0, CPUs=1, Nodes=1
[    0.000000] rcu: Hierarchical RCU implementation.
[    0.000000] rcu: 	RCU event tracing is enabled.
[    0.000000] rcu: 	RCU restricting CPUs from NR_CPUS=2 to nr_cpu_ids=1.
[    0.000000] 	Tracing variant of Tasks RCU enabled.
[    0.000000] rcu: RCU calculated value of scheduler-enlistment delay is 10 jiffies.
[    0.000000] rcu: Adjusting geometry for rcu_fanout_leaf=16, nr_cpu_ids=1
[    0.000000] RCU Tasks Trace: Setting shift to 0 and lim to 1 rcu_task_cb_adjust=1 rcu_task_cpu_ids=1.
[    0.000000] NR_IRQS: 16, nr_irqs: 16, preallocated irqs: 16
[    0.000000] IRQ: Found an INTC at 0x(ptrval) (revision 5.0) with 128 interrupts
[    0.000000] rcu: srcu_init: Setting srcu_struct sizes based on contention.
[    0.000000] TI gptimer clocksource: always-on /ocp/interconnect@44c00000/segment@200000/target-module@31000
[    0.000002] sched_clock: 32 bits at 24MHz, resolution 41ns, wraps every 89478484971ns
[    0.000026] clocksource: dmtimer: mask: 0xffffffff max_cycles: 0xffffffff, max_idle_ns: 79635851949 ns
[    0.000495] TI gptimer clockevent: 24000000 Hz at /ocp/interconnect@48000000/segment@0/target-module@40000
[    0.002045] Console: colour dummy device 80x30
[    0.002113] WARNING: Your 'console=ttyO0' has been replaced by 'ttyS0'
[    0.002121] This ensures that you still see kernel messages. Please
[    0.002125] update your kernel commandline.
[    0.002167] Calibrating delay loop... 996.14 BogoMIPS (lpj=4980736)
[    0.090542] CPU: Testing write buffer coherency: ok
[    0.090652] CPU0: Spectre v2: using BPIALL workaround
[    0.090662] pid_max: default: 32768 minimum: 301
[    0.090845] LSM: initializing lsm=capability
[    0.091011] Mount-cache hash table entries: 1024 (order: 0, 4096 bytes, linear)
[    0.091031] Mountpoint-cache hash table entries: 1024 (order: 0, 4096 bytes, linear)
[    0.092636] CPU0: thread -1, cpu 0, socket -1, mpidr 0
[    0.092693] cacheinfo: Unable to detect cache hierarchy for CPU 0
[    0.094711] Setting up static identity map for 0x80100000 - 0x80100078
[    0.095021] rcu: Hierarchical SRCU implementation.
[    0.095034] rcu: 	Max phase no-delay instances is 1000.
[    0.096718] smp: Bringing up secondary CPUs ...
[    0.096772] smp: Brought up 1 node, 1 CPU
[    0.096784] SMP: Total of 1 processors activated (996.14 BogoMIPS).
[    0.096795] CPU: All CPU(s) started in SVC mode.
[    0.096991] Memory: 480872K/522240K available (11264K kernel code, 1222K rwdata, 2948K rodata, 1024K init, 254K bss, 23332K reserved, 16384K cma-reserved, 0K highmem)
[    0.097814] devtmpfs: initialized
[    0.115751] VFP support v0.3: implementor 41 architecture 3 part 30 variant c rev 3
[    0.116377] clocksource: jiffies: mask: 0xffffffff max_cycles: 0xffffffff, max_idle_ns: 19112604462750000 ns
[    0.116433] posixtimers hash table entries: 512 (order: 0, 4096 bytes, linear)
[    0.116460] futex hash table entries: 256 (16384 bytes on 1 NUMA nodes, total 16 KiB, linear).
[    0.117598] pinctrl core: initialized pinctrl subsystem
[    0.119721] NET: Registered PF_NETLINK/PF_ROUTE protocol family
[    0.122794] DMA: preallocated 256 KiB pool for atomic coherent allocations
[    0.123413] audit: initializing netlink subsys (disabled)
[    0.124777] thermal_sys: Registered thermal governor 'fair_share'
[    0.124792] thermal_sys: Registered thermal governor 'step_wise'
[    0.124802] thermal_sys: Registered thermal governor 'user_space'
[    0.124908] audit: type=2000 audit(0.120:1): state=initialized audit_enabled=0 res=1
[    0.124978] cpuidle: using governor menu
[    0.143573] /ocp/interconnect@44c00000/segment@200000/target-module@b000/i2c@0/tda19988@70: Fixed dependency cycle(s) with /ocp/interconnect@48000000/segment@300000/target-module@e000/lcdc@0
[    0.144678] /ocp/interconnect@48000000/segment@300000/target-module@e000/lcdc@0: Fixed dependency cycle(s) with /ocp/interconnect@44c00000/segment@200000/target-module@b000/i2c@0/tda19988@70
[    0.146881] No ATAGs?
[    0.146918] hw-breakpoint: debug architecture 0x4 unsupported.
[    0.149983] kprobes: kprobe jump-optimization is enabled. All kprobes are optimized if possible.
[    0.163537] iommu: Default domain type: Translated
[    0.163561] iommu: DMA domain TLB invalidation policy: strict mode
[    0.165163] reg-fixed-voltage fixedregulator0: using DT '/fixedregulator0' for '(default)' GPIO lookup
[    0.165221] of_get_named_gpiod_flags: can't parse 'gpios' property of node '/fixedregulator0[0]'
[    0.165249] of_get_named_gpiod_flags: can't parse 'gpio' property of node '/fixedregulator0[0]'
[    0.165266] reg-fixed-voltage fixedregulator0: using lookup tables for GPIO lookup
[    0.165277] reg-fixed-voltage fixedregulator0: No GPIO consumer (default) found
[    0.166337] SCSI subsystem initialized
[    0.166794] libata version 3.00 loaded.
[    0.167189] pps_core: LinuxPPS API ver. 1 registered
[    0.167201] pps_core: Software ver. 5.3.6 - Copyright 2005-2007 Rodolfo Giometti <giometti@linux.it>
[    0.167225] PTP clock support registered
[    0.170810] vgaarb: loaded
[    0.180925] clocksource: Switched to clocksource dmtimer
[    0.181629] VFS: Disk quotas dquot_6.6.0
[    0.181690] VFS: Dquot-cache hash table entries: 1024 (order 0, 4096 bytes)
[    0.206395] NET: Registered PF_INET protocol family
[    0.206733] IP idents hash table entries: 8192 (order: 4, 65536 bytes, linear)
[    0.208157] tcp_listen_portaddr_hash hash table entries: 512 (order: 0, 4096 bytes, linear)
[    0.208196] Table-perturb hash table entries: 65536 (order: 6, 262144 bytes, linear)
[    0.208213] TCP established hash table entries: 4096 (order: 2, 16384 bytes, linear)
[    0.208259] TCP bind hash table entries: 4096 (order: 4, 65536 bytes, linear)
[    0.208359] TCP: Hash tables configured (established 4096 bind 4096)
[    0.208479] UDP hash table entries: 256 (order: 1, 14336 bytes, linear)
[    0.208516] UDP-Lite hash table entries: 256 (order: 1, 14336 bytes, linear)
[    0.208733] NET: Registered PF_UNIX/PF_LOCAL protocol family
[    0.209990] RPC: Registered named UNIX socket transport module.
[    0.210012] RPC: Registered udp transport module.
[    0.210017] RPC: Registered tcp transport module.
[    0.210022] RPC: Registered tcp-with-tls transport module.
[    0.210026] RPC: Registered tcp NFSv4.1 backchannel transport module.
[    0.210053] PCI: CLS 0 bytes, default 64
[    0.211608] Initialise system trusted keyrings
[    0.221748] workingset: timestamp_bits=14 max_order=17 bucket_order=3
[    0.223227] NFS: Registering the id_resolver key type
[    0.223290] Key type id_resolver registered
[    0.223298] Key type id_legacy registered
[    0.223408] jffs2: version 2.2. (NAND) (SUMMARY)  Â© 2001-2006 Red Hat, Inc.
[    0.223876] Key type asymmetric registered
[    0.223894] Asymmetric key parser 'x509' registered
[    0.223971] io scheduler mq-deadline registered
[    0.223982] io scheduler kyber registered
[    0.224066] io scheduler bfq registered
[    0.225958] target-module@4b000000:target-module@140000:pmu@0:fck: device ID is greater than 24
[    0.232149] l3-aon-clkctrl:0000:0: failed to disable
[    0.232418] ledtrig-cpu: registered to indicate activity on CPUs
[    0.242252] Serial: 8250/16550 driver, 6 ports, IRQ sharing enabled
[    0.291899] brd: module loaded
[    0.313440] loop: module loaded
[    0.314398] mtdoops: mtd device (mtddev=name/number) must be supplied
[    0.315999] mdio_bus fixed-0: using lookup tables for GPIO lookup
[    0.316025] mdio_bus fixed-0: No GPIO consumer reset found
[    0.317490] i2c_dev: i2c /dev entries driver
[    0.318509] cpuidle: enable-method property 'ti,am3352' found operations
[    0.318968] sdhci: Secure Digital Host Controller Interface driver
[    0.318979] sdhci: Copyright(c) Pierre Ossman
[    0.319167] sdhci-pltfm: SDHCI platform and OF driver helper
[    0.320723] hw perfevents: enabled with armv7_cortex_a8 PMU driver, 5 (8000000f) counters available
[    0.321406] Initializing XFRM netlink socket
[    0.321606] NET: Registered PF_INET6 protocol family
[    0.327259] l3-aon-clkctrl:0000:0: failed to disable
[    0.328708] Segment Routing with IPv6
[    0.328789] In-situ OAM (IOAM) with IPv6
[    0.328886] sit: IPv6, IPv4 and MPLS over IPv4 tunneling driver
[    0.329872] NET: Registered PF_PACKET protocol family
[    0.329901] NET: Registered PF_KEY protocol family
[    0.330020] Key type dns_resolver registered
[    0.330252] ThumbEE CPU extension supported.
[    0.330273] Registering SWP/SWPB emulation handler
[    0.330798] omap_voltage_late_init: Voltage driver support not added
[    0.331719] SmartReflex Class3 initialized
[    0.362868] Loading compiled-in X.509 certificates
[    0.408647] /ocp/interconnect@44c00000/segment@200000/target-module@b000/i2c@0/tda19988@70: Fixed dependency cycle(s) with /ocp/interconnect@48000000/segment@300000/target-module@e000/lcdc@0
[    0.415361] /ocp/interconnect@44c00000/segment@200000/target-module@b000/i2c@0/tda19988@70: Fixed dependency cycle(s) with /ocp/interconnect@48000000/segment@300000/target-module@e000/lcdc@0
[    0.420905] gpiochip_find_base_unlocked: found new base at 512
[    0.435605] /ocp/interconnect@44c00000/segment@200000/target-module@b000/i2c@0/tda19988@70: Fixed dependency cycle(s) with /ocp/interconnect@48000000/segment@300000/target-module@e000/lcdc@0
[    0.436512] /ocp/interconnect@44c00000/segment@200000/target-module@b000/i2c@0/tda19988@70: Fixed dependency cycle(s) with /ocp/interconnect@48000000/segment@300000/target-module@e000/lcdc@0
[    0.440037] /ocp/interconnect@44c00000/segment@200000/target-module@10000/scm@0/pinmux@800: Fixed dependency cycle(s) with /ocp/interconnect@44c00000/segment@200000/target-module@10000/scm@0/pinmux@800/clkout2-pins
[    0.440631] pinctrl-single 44e10800.pinmux: 142 pins, size 568
[    0.446311] ti-sysc 44e31000.target-module: probe with driver ti-sysc failed with error -16
[    0.482725] /ocp/interconnect@48000000/segment@300000/target-module@e000/lcdc@0: Fixed dependency cycle(s) with /ocp/interconnect@44c00000/segment@200000/target-module@b000/i2c@0/tda19988@70
[    0.490890] ti-sysc 48040000.target-module: probe with driver ti-sysc failed with error -16
[    0.502893] gpiochip_find_base_unlocked: found new base at 512
[    0.502999] gpio gpiochip0: (gpio-0-31): created GPIO range 0->7 ==> 44e10800.pinmux PIN 0->7
[    0.503019] gpio gpiochip0: (gpio-0-31): created GPIO range 8->11 ==> 44e10800.pinmux PIN 90->93
[    0.503035] gpio gpiochip0: (gpio-0-31): created GPIO range 12->27 ==> 44e10800.pinmux PIN 12->27
[    0.503050] gpio gpiochip0: (gpio-0-31): created GPIO range 28->31 ==> 44e10800.pinmux PIN 30->33
[    0.539365] gpio gpiochip0: (gpio-0-31): added GPIO chardev (254:0)
[    0.539614] gpio gpiochip0: registered GPIOs 512 to 543 on gpio-0-31
[    0.539705] OMAP GPIO hardware version 0.1
[    0.574129] i2c i2c-2: using DT '/ocp/interconnect@48000000/segment@100000/target-module@9c000/i2c@0' for 'scl' GPIO lookup
[    0.574200] of_get_named_gpiod_flags: can't parse 'scl-gpios' property of node '/ocp/interconnect@48000000/segment@100000/target-module@9c000/i2c@0[0]'
[    0.574244] of_get_named_gpiod_flags: can't parse 'scl-gpio' property of node '/ocp/interconnect@48000000/segment@100000/target-module@9c000/i2c@0[0]'
[    0.574279] i2c i2c-2: using lookup tables for GPIO lookup
[    0.574289] i2c i2c-2: No GPIO consumer scl found
[    0.574310] i2c i2c-2: using DT '/ocp/interconnect@48000000/segment@100000/target-module@9c000/i2c@0' for 'sda' GPIO lookup
[    0.574345] of_get_named_gpiod_flags: can't parse 'sda-gpios' property of node '/ocp/interconnect@48000000/segment@100000/target-module@9c000/i2c@0[0]'
[    0.574382] of_get_named_gpiod_flags: can't parse 'sda-gpio' property of node '/ocp/interconnect@48000000/segment@100000/target-module@9c000/i2c@0[0]'
[    0.574413] i2c i2c-2: using lookup tables for GPIO lookup
[    0.574421] i2c i2c-2: No GPIO consumer sda found
[    0.575143] omap_i2c 4819c000.i2c: bus 2 rev0.11 at 100 kHz
[    0.580763] gpiochip_find_base_unlocked: found new base at 544
[    0.580877] gpio gpiochip1: (gpio-32-63): created GPIO range 0->17 ==> 44e10800.pinmux PIN 34->51
[    0.580900] gpio gpiochip1: (gpio-32-63): created GPIO range 18->21 ==> 44e10800.pinmux PIN 77->80
[    0.580917] gpio gpiochip1: (gpio-32-63): created GPIO range 22->31 ==> 44e10800.pinmux PIN 56->65
[    0.582117] gpio gpiochip1: (gpio-32-63): added GPIO chardev (254:1)
[    0.582336] gpio gpiochip1: registered GPIOs 544 to 575 on gpio-32-63
[    0.584637] gpiochip_find_base_unlocked: found new base at 576
[    0.584732] gpio gpiochip2: (gpio-64-95): created GPIO range 0->4 ==> 44e10800.pinmux PIN 66->70
[    0.584752] gpio gpiochip2: (gpio-64-95): created GPIO range 5->6 ==> 44e10800.pinmux PIN 98->99
[    0.584767] gpio gpiochip2: (gpio-64-95): created GPIO range 7->8 ==> 44e10800.pinmux PIN 75->76
[    0.584783] gpio gpiochip2: (gpio-64-95): created GPIO range 13->13 ==> 44e10800.pinmux PIN 141->141
[    0.584799] gpio gpiochip2: (gpio-64-95): created GPIO range 14->21 ==> 44e10800.pinmux PIN 100->107
[    0.585441] gpio gpiochip2: (gpio-64-95): added GPIO chardev (254:2)
[    0.585657] gpio gpiochip2: registered GPIOs 576 to 607 on gpio-64-95
[    0.591619] 48000000.interconnect:segment@200000:target-module@0:mpu@0:fck: device ID is greater than 24
[    0.592595] /ocp/interconnect@48000000/segment@300000/target-module@e000/lcdc@0: Fixed dependency cycle(s) with /ocp/interconnect@44c00000/segment@200000/target-module@b000/i2c@0/tda19988@70
[    0.595498] /ocp/interconnect@48000000/segment@300000/target-module@e000/lcdc@0: Fixed dependency cycle(s) with /ocp/interconnect@44c00000/segment@200000/target-module@b000/i2c@0/tda19988@70
[    0.596214] /ocp/interconnect@44c00000/segment@200000/target-module@b000/i2c@0/tda19988@70: Fixed dependency cycle(s) with /ocp/interconnect@48000000/segment@300000/target-module@e000/lcdc@0
[    0.596388] /ocp/interconnect@48000000/segment@300000/target-module@e000/lcdc@0: Fixed dependency cycle(s) with /ocp/interconnect@44c00000/segment@200000/target-module@b000/i2c@0/tda19988@70
[    0.606352] mdio_bus 4a101000.mdio: using DT '/ocp/interconnect@4a000000/segment@0/target-module@100000/switch@0/mdio@1000' for 'reset' GPIO lookup
[    0.606427] of_get_named_gpiod_flags: can't parse 'reset-gpios' property of node '/ocp/interconnect@4a000000/segment@0/target-module@100000/switch@0/mdio@1000[0]'
[    0.606473] of_get_named_gpiod_flags: can't parse 'reset-gpio' property of node '/ocp/interconnect@4a000000/segment@0/target-module@100000/switch@0/mdio@1000[0]'
[    0.606519] mdio_bus 4a101000.mdio: using lookup tables for GPIO lookup
[    0.606529] mdio_bus 4a101000.mdio: No GPIO consumer reset found
[    0.607582] sdhci-omap 481d8000.mmc: using DT '/ocp/interconnect@48000000/segment@100000/target-module@d8000/mmc@0' for 'wp' GPIO lookup
[    0.607644] of_get_named_gpiod_flags: can't parse 'wp-gpios' property of node '/ocp/interconnect@48000000/segment@100000/target-module@d8000/mmc@0[0]'
[    0.607686] of_get_named_gpiod_flags: can't parse 'wp-gpio' property of node '/ocp/interconnect@48000000/segment@100000/target-module@d8000/mmc@0[0]'
[    0.607720] sdhci-omap 481d8000.mmc: using lookup tables for GPIO lookup
[    0.607729] sdhci-omap 481d8000.mmc: No GPIO consumer wp found
[    0.607921] sdhci-omap 481d8000.mmc: supply pbias not found, using dummy regulator
[    0.608415] sdhci-omap 481d8000.mmc: supply vqmmc not found, using dummy regulator
[    0.654678] davinci_mdio 4a101000.mdio: davinci mdio revision 1.6, bus freq 1000000
[    0.677063] mdio_bus 4a101000.mdio:00: using DT '/ocp/interconnect@4a000000/segment@0/target-module@100000/switch@0/mdio@1000/ethernet-phy@0' for 'reset' GPIO lookup
[    0.677168] of_get_named_gpiod_flags: parsed 'reset-gpios' property of node '/ocp/interconnect@4a000000/segment@0/target-module@100000/switch@0/mdio@1000/ethernet-phy@0[0]' - status (0)
[    0.677334] gpio gpiochip0: Persistence not supported for GPIO 8
[    0.804209] davinci_mdio 4a101000.mdio: phy[0]: device 4a101000.mdio:00, driver SMSC LAN8710/LAN8720
[    0.805002] cpsw-switch 4a100000.switch: initialized cpsw ale version 1.4
[    0.805027] cpsw-switch 4a100000.switch: ALE Table size 1024, Policers 0
[    0.805191] cpsw-switch 4a100000.switch: cpts: overflow check period 500 (jiffies)
[    0.805208] cpsw-switch 4a100000.switch: CPTS: ref_clk_freq:250000000 calc_mult:2147483648 calc_shift:29 error:0 nsec/sec
[    0.805314] cpsw-switch 4a100000.switch: Detected MACID = 6c:ec:eb:68:de:78
[    0.807236] cpsw-switch 4a100000.switch: initialized (regs 0x4a100000, pool size 256) hw_ver:0019010C 1.12 (0)
[    0.818525] debugfs: '49000000.dma' already exists in 'dmaengine'
[    0.818567] edma 49000000.dma: TI EDMA DMA engine driver
[    0.868558] gpio-clk clk_mcasp0: using DT '/clk_mcasp0' for 'enable' GPIO lookup
[    0.868634] of_get_named_gpiod_flags: parsed 'enable-gpios' property of node '/clk_mcasp0[0]' - status (0)
[    0.868679] gpio gpiochip0: Persistence not supported for GPIO 27
[    0.869534] gpiochip_find_base_unlocked: found new base at 608
[    0.869646] gpio gpiochip3: (gpio-96-127): created GPIO range 0->7 ==> 44e10800.pinmux PIN 82->89
[    0.869665] gpio gpiochip3: (gpio-96-127): created GPIO range 8->11 ==> 44e10800.pinmux PIN 52->55
[    0.869683] gpio gpiochip3: (gpio-96-127): created GPIO range 12->15 ==> 44e10800.pinmux PIN 94->97
[    0.869699] gpio gpiochip3: (gpio-96-127): created GPIO range 16->17 ==> 44e10800.pinmux PIN 71->72
[    0.869714] gpio gpiochip3: (gpio-96-127): created GPIO range 18->18 ==> 44e10800.pinmux PIN 135->135
[    0.869730] gpio gpiochip3: (gpio-96-127): created GPIO range 19->20 ==> 44e10800.pinmux PIN 108->109
[    0.869764] gpio gpiochip3: (gpio-96-127): created GPIO range 21->21 ==> 44e10800.pinmux PIN 73->73
[    0.869783] gpio gpiochip3: (gpio-96-127): created GPIO range 22->23 ==> 44e10800.pinmux PIN 8->9
[    0.869800] gpio gpiochip3: (gpio-96-127): created GPIO range 26->27 ==> 44e10800.pinmux PIN 10->11
[    0.869818] gpio gpiochip3: (gpio-96-127): created GPIO range 28->28 ==> 44e10800.pinmux PIN 74->74
[    0.869836] gpio gpiochip3: (gpio-96-127): created GPIO range 29->29 ==> 44e10800.pinmux PIN 81->81
[    0.869855] gpio gpiochip3: (gpio-96-127): created GPIO range 30->31 ==> 44e10800.pinmux PIN 28->29
[    0.883029] gpio gpiochip3: (gpio-96-127): added GPIO chardev (254:3)
[    0.883295] gpio gpiochip3: registered GPIOs 608 to 639 on gpio-96-127
[    0.895159] omap8250 44e09000.serial: using DT '/ocp/interconnect@44c00000/segment@200000/target-module@9000/serial@0' for 'rs485-term' GPIO lookup
[    0.895233] of_get_named_gpiod_flags: can't parse 'rs485-term-gpios' property of node '/ocp/interconnect@44c00000/segment@200000/target-module@9000/serial@0[0]'
[    0.895276] of_get_named_gpiod_flags: can't parse 'rs485-term-gpio' property of node '/ocp/interconnect@44c00000/segment@200000/target-module@9000/serial@0[0]'
[    0.895313] omap8250 44e09000.serial: using lookup tables for GPIO lookup
[    0.895323] omap8250 44e09000.serial: No GPIO consumer rs485-term found
[    0.895333] omap8250 44e09000.serial: using DT '/ocp/interconnect@44c00000/segment@200000/target-module@9000/serial@0' for 'rs485-rx-during-tx' GPIO lookup
[    0.895368] of_get_named_gpiod_flags: can't parse 'rs485-rx-during-tx-gpios' property of node '/ocp/interconnect@44c00000/segment@200000/target-module@9000/serial@0[0]'
[    0.895405] of_get_named_gpiod_flags: can't parse 'rs485-rx-during-tx-gpio' property of node '/ocp/interconnect@44c00000/segment@200000/target-module@9000/serial@0[0]'
[    0.895436] omap8250 44e09000.serial: using lookup tables for GPIO lookup
[    0.895444] omap8250 44e09000.serial: No GPIO consumer rs485-rx-during-tx found
[    0.895881] 44e09000.serial: ttyS0 at MMIO 0x44e09000 (irq = 34, base_baud = 3000000) is a 8250
[    0.895977] printk: legacy console [ttyS0] enabled
[    2.428370] i2c i2c-0: using DT '/ocp/interconnect@44c00000/segment@200000/target-module@b000/i2c@0' for 'scl' GPIO lookup
[    2.428458] of_get_named_gpiod_flags: can't parse 'scl-gpios' property of node '/ocp/interconnect@44c00000/segment@200000/target-module@b000/i2c@0[0]'
[    2.428505] of_get_named_gpiod_flags: can't parse 'scl-gpio' property of node '/ocp/interconnect@44c00000/segment@200000/target-module@b000/i2c@0[0]'
[    2.428544] i2c i2c-0: using lookup tables for GPIO lookup
[    2.428558] i2c i2c-0: No GPIO consumer scl found
[    2.428583] i2c i2c-0: using DT '/ocp/interconnect@44c00000/segment@200000/target-module@b000/i2c@0' for 'sda' GPIO lookup
[    2.428622] of_get_named_gpiod_flags: can't parse 'sda-gpios' property of node '/ocp/interconnect@44c00000/segment@200000/target-module@b000/i2c@0[0]'
[    2.428663] of_get_named_gpiod_flags: can't parse 'sda-gpio' property of node '/ocp/interconnect@44c00000/segment@200000/target-module@b000/i2c@0[0]'
[    2.428699] i2c i2c-0: using lookup tables for GPIO lookup
[    2.428710] i2c i2c-0: No GPIO consumer sda found
[    2.442171] tps65217-pmic: Failed to locate of_node [id: -1]
[    2.448245] tps65217-bl: Failed to locate of_node [id: -1]
[    2.454321] platform tps65217-charger: DMA mask not set
[    2.460355] platform tps65217-pwrbutton: DMA mask not set
[    2.467597] tps65217 0-0024: TPS65217 ID 0xe version 1.2
[    2.473718] /ocp/interconnect@48000000/segment@300000/target-module@e000/lcdc@0: Fixed dependency cycle(s) with /ocp/interconnect@44c00000/segment@200000/target-module@b000/i2c@0/tda19988@70
[    2.491171] /ocp/interconnect@44c00000/segment@200000/target-module@b000/i2c@0/tda19988@70: Fixed dependency cycle(s) with /ocp/interconnect@48000000/segment@300000/target-module@e000/lcdc@0
[    2.508541] omap_i2c 44e0b000.i2c: bus 0 rev0.11 at 400 kHz
[    2.516318] sdhci-omap 48060000.mmc: using DT '/ocp/interconnect@48000000/segment@0/target-module@60000/mmc@0' for 'cd' GPIO lookup
[    2.516428] of_get_named_gpiod_flags: parsed 'cd-gpios' property of node '/ocp/interconnect@48000000/segment@0/target-module@60000/mmc@0[0]' - status (0)
[    2.516497] gpio gpiochip3: Persistence not supported for GPIO 6
[    2.516525] omap_gpio 44e07000.gpio: Could not set line 6 debounce to 200000 microseconds (-22)
[    2.525423] sdhci-omap 48060000.mmc: Got CD GPIO
[    2.530077] sdhci-omap 48060000.mmc: using DT '/ocp/interconnect@48000000/segment@0/target-module@60000/mmc@0' for 'wp' GPIO lookup
[    2.530126] of_get_named_gpiod_flags: can't parse 'wp-gpios' property of node '/ocp/interconnect@48000000/segment@0/target-module@60000/mmc@0[0]'
[    2.530169] of_get_named_gpiod_flags: can't parse 'wp-gpio' property of node '/ocp/interconnect@48000000/segment@0/target-module@60000/mmc@0[0]'
[    2.530207] sdhci-omap 48060000.mmc: using lookup tables for GPIO lookup
[    2.530222] sdhci-omap 48060000.mmc: No GPIO consumer wp found
[    2.530430] sdhci-omap 48060000.mmc: supply pbias not found, using dummy regulator
[    2.539273] sdhci-omap 481d8000.mmc: using DT '/ocp/interconnect@48000000/segment@100000/target-module@d8000/mmc@0' for 'wp' GPIO lookup
[    2.539350] of_get_named_gpiod_flags: can't parse 'wp-gpios' property of node '/ocp/interconnect@48000000/segment@100000/target-module@d8000/mmc@0[0]'
[    2.539398] of_get_named_gpiod_flags: can't parse 'wp-gpio' property of node '/ocp/interconnect@48000000/segment@100000/target-module@d8000/mmc@0[0]'
[    2.539437] sdhci-omap 481d8000.mmc: using lookup tables for GPIO lookup
[    2.539451] sdhci-omap 481d8000.mmc: No GPIO consumer wp found
[    2.541049] sdhci-omap 48060000.mmc: supply vqmmc not found, using dummy regulator
[    2.549549] sdhci-omap 481d8000.mmc: supply pbias not found, using dummy regulator
[    2.558178] sdhci-omap 481d8000.mmc: supply vqmmc not found, using dummy regulator
[    2.596768] mmc1: SDHCI controller on 481d8000.mmc [481d8000.mmc] using External DMA
[    2.605813] mmc0: SDHCI controller on 48060000.mmc [48060000.mmc] using External DMA
[    2.614708] cpsw-switch 4a100000.switch: starting ndev. mode: dual_mac
[    2.681430] mmc1: new high speed MMC card at address 0001
[    2.688269] mmcblk1: mmc1:0001 MMC04G 3.60 GiB
[    2.696226]  mmcblk1: p1 p2
[    2.700571] mmcblk1boot0: mmc1:0001 MMC04G 2.00 MiB
[    2.707695] SMSC LAN8710/LAN8720 4a101000.mdio:00: attached PHY driver (mii_bus:phy_addr=4a101000.mdio:00, irq=POLL)
[    2.721703] mmcblk1boot1: mmc1:0001 MMC04G 2.00 MiB
[    2.734757] mmcblk1rpmb: mmc1:0001 MMC04G 128 KiB, chardev (249:0)
[    2.784213] mmc0: new high speed SDHC card at address aaaa
[    2.791048] mmcblk0: mmc0:aaaa SE32G 29.7 GiB
[    2.800426]  mmcblk0: p1 p2
[    5.841926] cpsw-switch 4a100000.switch eth0: Link is Up - 100Mbps/Full - flow control off
[    5.871182] IP-Config: Complete:
[    5.874455]      device=eth0, hwaddr=6c:ec:eb:68:de:78, ipaddr=192.168.255.1, mask=255.255.255.0, gw=255.255.255.255
[    5.885098]      host=bbb1, domain=, nis-domain=(none)
[    5.890266]      bootserver=192.168.255.126, rootserver=192.168.255.126, rootpath=
[    5.890700] clk: Disabling unused clocks
[    5.902561] PM: genpd: Disabling unused power domains
[    5.907708] KTAP version 1
[    5.910433] 1..0
[    5.913171] check access for rdinit=/init failed: -2, ignoring
[    5.945370] VFS: Mounted root (nfs filesystem) on device 0:17.
[    5.952390] devtmpfs: mounted
[    5.956856] Freeing unused kernel image (initmem) memory: 1024K
[    5.963843] Run /sbin/init as init process
[    5.967977]   with arguments:
[    5.967990]     /sbin/init
[    5.968000]     nfsrootdebug
[    5.968009]   with environment:
[    5.968017]     HOME=/
[    5.968026]     TERM=linux
[    6.634327] systemd[1]: System time before build time, advancing clock.
[    8.161188] random: crng init done
[    8.193771] systemd[1]: systemd 232 running in system mode. (+PAM +AUDIT +SELINUX +IMA +APPARMOR +SMACK +SYSVINIT +UTMP +LIBCRYPTSETUP +GCRYPT +GNUTLS +ACL +XZ +LZ4 +SECCOMP +BLKID +ELFUTILS +KMOD +IDN)
[    8.212878] systemd[1]: Detected architecture arm.
[    8.244401] systemd[1]: Set hostname to <arm>.
[    9.377411] systemd[1]: systemd-journald.socket: SO_PASSSEC failed: Operation not supported
[    9.386379] systemd[1]: systemd-journald.socket: SO_PASSSEC failed: Operation not supported
[    9.395132] systemd[1]: Listening on Journal Socket.
[    9.422309] systemd[1]: Started Forward Password Requests to Wall Directory Watch.
[    9.452038] systemd[1]: Started Dispatch Password Requests to Console Directory Watch.
[    9.481543] systemd[1]: Reached target Swap.
[    9.501485] systemd[1]: Reached target Paths.
[   11.761438] systemd-journald[86]: Received request to flush runtime journal from PID 1
[   12.641622] omap_prm 44e00d00.prm: sync_state() pending due to 44d00000.cpu
[   14.349385] leds-gpio leds: using DT '/leds/led2' for '(default)' GPIO lookup
[   14.349492] of_get_named_gpiod_flags: parsed 'gpios' property of node '/leds/led2[0]' - status (0)
[   14.349551] gpio gpiochip0: Persistence not supported for GPIO 21
[   14.349566] gpio-533 (?): no flags found for GPIO (default)
[   14.375333] leds-gpio leds: using DT '/leds/led3' for '(default)' GPIO lookup
[   14.375606] of_get_named_gpiod_flags: parsed 'gpios' property of node '/leds/led3[0]' - status (0)
[   14.375670] gpio gpiochip0: Persistence not supported for GPIO 22
[   14.375686] gpio-534 (?): no flags found for GPIO (default)
[   14.421733] leds-gpio leds: using DT '/leds/led4' for '(default)' GPIO lookup
[   14.421851] of_get_named_gpiod_flags: parsed 'gpios' property of node '/leds/led4[0]' - status (0)
[   14.421905] gpio gpiochip0: Persistence not supported for GPIO 23
[   14.421919] gpio-535 (?): no flags found for GPIO (default)
[   14.475508] leds-gpio leds: using DT '/leds/led5' for '(default)' GPIO lookup
[   14.475603] of_get_named_gpiod_flags: parsed 'gpios' property of node '/leds/led5[0]' - status (0)
[   14.475655] gpio gpiochip0: Persistence not supported for GPIO 24
[   14.475670] gpio-536 (?): no flags found for GPIO (default)
[   14.795328] remoteproc remoteproc0: wkup_m3 is available
[   15.168323] am335x-phy-driver 47401300.usb-phy: using DT '/ocp/target-module@47400000/usb-phy@1300' for 'reset' GPIO lookup
[   15.168420] of_get_named_gpiod_flags: can't parse 'reset-gpios' property of node '/ocp/target-module@47400000/usb-phy@1300[0]'
[   15.168467] of_get_named_gpiod_flags: can't parse 'reset-gpio' property of node '/ocp/target-module@47400000/usb-phy@1300[0]'
[   15.168505] am335x-phy-driver 47401300.usb-phy: using lookup tables for GPIO lookup
[   15.168519] am335x-phy-driver 47401300.usb-phy: No GPIO consumer reset found
[   15.168533] am335x-phy-driver 47401300.usb-phy: using DT '/ocp/target-module@47400000/usb-phy@1300' for 'vbus-detect' GPIO lookup
[   15.168564] of_get_named_gpiod_flags: can't parse 'vbus-detect-gpios' property of node '/ocp/target-module@47400000/usb-phy@1300[0]'
[   15.168595] of_get_named_gpiod_flags: can't parse 'vbus-detect-gpio' property of node '/ocp/target-module@47400000/usb-phy@1300[0]'
[   15.168621] am335x-phy-driver 47401300.usb-phy: using lookup tables for GPIO lookup
[   15.168633] am335x-phy-driver 47401300.usb-phy: No GPIO consumer vbus-detect found
[   15.168779] am335x-phy-driver 47401300.usb-phy: dummy supplies not allowed for exclusive requests (id=vbus)
[   15.196276] at24 2-0054: supply vcc not found, using dummy regulator
[   15.257692] omap_wdt: OMAP Watchdog Timer Rev 0x01: initial timeout 60 sec
[   15.334448] at24 2-0055: supply vcc not found, using dummy regulator
[   15.449130] at24 2-0056: supply vcc not found, using dummy regulator
[   15.493727] am335x-phy-driver 47401b00.usb-phy: using DT '/ocp/target-module@47400000/usb-phy@1b00' for 'reset' GPIO lookup
[   15.493818] of_get_named_gpiod_flags: can't parse 'reset-gpios' property of node '/ocp/target-module@47400000/usb-phy@1b00[0]'
[   15.493860] of_get_named_gpiod_flags: can't parse 'reset-gpio' property of node '/ocp/target-module@47400000/usb-phy@1b00[0]'
[   15.493898] am335x-phy-driver 47401b00.usb-phy: using lookup tables for GPIO lookup
[   15.493913] am335x-phy-driver 47401b00.usb-phy: No GPIO consumer reset found
[   15.493926] am335x-phy-driver 47401b00.usb-phy: using DT '/ocp/target-module@47400000/usb-phy@1b00' for 'vbus-detect' GPIO lookup
[   15.493958] of_get_named_gpiod_flags: can't parse 'vbus-detect-gpios' property of node '/ocp/target-module@47400000/usb-phy@1b00[0]'
[   15.493989] of_get_named_gpiod_flags: can't parse 'vbus-detect-gpio' property of node '/ocp/target-module@47400000/usb-phy@1b00[0]'
[   15.494015] am335x-phy-driver 47401b00.usb-phy: using lookup tables for GPIO lookup
[   15.494028] am335x-phy-driver 47401b00.usb-phy: No GPIO consumer vbus-detect found
[   15.494177] am335x-phy-driver 47401b00.usb-phy: dummy supplies not allowed for exclusive requests (id=vbus)
[   15.564179] at24 2-0057: supply vcc not found, using dummy regulator
[   15.692325] at24 0-0050: using DT '/ocp/interconnect@44c00000/segment@200000/target-module@b000/i2c@0/eeprom@50' for 'wp' GPIO lookup
[   15.692531] of_get_named_gpiod_flags: can't parse 'wp-gpios' property of node '/ocp/interconnect@44c00000/segment@200000/target-module@b000/i2c@0/eeprom@50[0]'
[   15.692647] of_get_named_gpiod_flags: can't parse 'wp-gpio' property of node '/ocp/interconnect@44c00000/segment@200000/target-module@b000/i2c@0/eeprom@50[0]'
[   15.692746] at24 0-0050: using lookup tables for GPIO lookup
[   15.692762] at24 0-0050: No GPIO consumer wp found
[   15.693356] at24 0-0050: 32768 byte 24c256 EEPROM, writable, 1 bytes/write
[   15.908323] input: tps65217_pwrbutton as /devices/platform/ocp/44c00000.interconnect/44c00000.interconnect:segment@200000/44e0b000.target-module/44e0b000.i2c/i2c-0/0-0024/tps65217-pwrbutton/input/input0
[   16.127348] omap_rtc 44e3e000.rtc: registered as rtc0
[   16.132753] omap_rtc 44e3e000.rtc: setting system clock to 2000-01-01T00:00:00 UTC (946684800)
[   16.141510] omap_rtc 44e3e000.rtc: using DT '/ocp/interconnect@44c00000/segment@200000/target-module@3e000/rtc@0' for 'wp' GPIO lookup
[   16.141581] of_get_named_gpiod_flags: can't parse 'wp-gpios' property of node '/ocp/interconnect@44c00000/segment@200000/target-module@3e000/rtc@0[0]'
[   16.141631] of_get_named_gpiod_flags: can't parse 'wp-gpio' property of node '/ocp/interconnect@44c00000/segment@200000/target-module@3e000/rtc@0[0]'
[   16.141670] omap_rtc 44e3e000.rtc: using lookup tables for GPIO lookup
[   16.141685] omap_rtc 44e3e000.rtc: No GPIO consumer wp found
[   16.579822] usbcore: registered new interface driver usbfs
[   16.585690] usbcore: registered new interface driver hub
[   16.591233] usbcore: registered new device driver usb
[   17.507384] musb-hdrc musb-hdrc.1: MUSB HDRC host driver
[   17.513051] musb-hdrc musb-hdrc.1: new USB bus registered, assigned bus number 1
[   17.640639] tda998x 0-0070: found TDA19988
[   17.747818] usb usb1: New USB device found, idVendor=1d6b, idProduct=0002, bcdDevice= 6.17
[   17.756305] usb usb1: New USB device strings: Mfr=3, Product=2, SerialNumber=1
[   17.763646] usb usb1: Product: MUSB HDRC host driver
[   17.768641] usb usb1: Manufacturer: Linux 6.17.0-rc6-next-20250917 musb-hcd
[   17.775670] usb usb1: SerialNumber: musb-hdrc.1
[   17.950853] omap-mailbox 480c8000.mailbox: omap mailbox rev 0x400
[   18.077911] remoteproc remoteproc0: powering up wkup_m3
[   18.179318] remoteproc remoteproc0: Direct firmware load for am335x-pm-firmware.elf failed with error -2
[   18.190607] remoteproc remoteproc0: request_firmware failed: -2
[   18.198345] wkup_m3_ipc 44e11324.wkup_m3_ipc: rproc_boot failed
[   18.217420] hub 1-0:1.0: USB hub found
[   18.291452] hub 1-0:1.0: 1 port detected
[   20.260145] omap_rng 48310000.rng: Random Number Generator ver. 20
[   20.377971] tilcdc 4830e000.lcdc: bound 0-0070 (ops tda998x_audio_codec_init [tda998x])
[   20.469597] [drm] Initialized tilcdc 1.0.0 for 4830e000.lcdc on minor 0
[   20.541060] tilcdc 4830e000.lcdc: [drm] Cannot find any crtc or sizes
[   20.552164] tilcdc 4830e000.lcdc: [drm] Cannot find any crtc or sizes
[   21.870507] PM: Cannot get wkup_m3_ipc handle
[   22.083820] omap-sham 53100000.sham: hw accel on OMAP rev 4.3
[   22.200679] omap-sham 53100000.sham: will run requests pump with realtime priority
[   22.215895] PM: Cannot get wkup_m3_ipc handle
[   22.227665] omap-aes 53500000.aes: OMAP AES hw accel rev: 3.2
[   22.324302] omap-aes 53500000.aes: will run requests pump with realtime priority
[   22.337125] PM: Cannot get wkup_m3_ipc handle
[   24.491875] Bluetooth: Core ver 2.22
[   24.495692] NET: Registered PF_BLUETOOTH protocol family
[   24.501038] Bluetooth: HCI device and connection manager initialized
[   24.507556] Bluetooth: HCI socket layer initialized
[   24.512502] Bluetooth: L2CAP socket layer initialized
[   24.517608] Bluetooth: SCO socket layer initialized
[   24.743172] ------------[ cut here ]------------
[   24.747873] WARNING: net/8021q/vlan_core.c:236 at vlan_for_each+0x114/0x134, CPU#0: avahi-daemon/305
[   24.757203] RTNL: assertion failed at net/8021q/vlan_core.c (236)
[   24.763382] Modules linked in: bluetooth ecdh_generic ecc snd_soc_simple_card snd_soc_simple_card_utils omap_aes_driver omap_sham omap_crypto pm33xx libaes crypto_engine ti_emif_sram tilcdc omap_rng drm_dma_helper rng_core drm_client_lib snd_soc_davinci_mcasp snd_soc_ti_udma snd_soc_ti_edma snd_soc_ti_sdma snd_soc_core snd_pcm_dmaengine snd_pcm omap_mailbox snd_timer snd soundcore musb_dsps tda998x musb_hdrc cec udc_core drm_kms_helper usbcore drm rtc_omap wkup_m3_ipc tps65218_pwrbutton drm_panel_orientation_quirks omap_wdt at24 phy_am335x watchdog phy_am335x_control phy_generic usb_common wkup_m3_rproc cppi41 leds_gpio cpufreq_dt led_class autofs4
[   24.821462] CPU: 0 UID: 107 PID: 305 Comm: avahi-daemon Not tainted 6.17.0-rc6-next-20250917 #1 NONE 
[   24.821481] Hardware name: Generic AM33XX (Flattened Device Tree)
[   24.821489] Call trace: 
[   24.821505]  unwind_backtrace from show_stack+0x10/0x14
[   24.821543]  show_stack from dump_stack_lvl+0x50/0x64
[   24.821568]  dump_stack_lvl from __warn+0x88/0x148
[   24.821586]  __warn from warn_slowpath_fmt+0x19c/0x1b0
[   24.821599]  warn_slowpath_fmt from vlan_for_each+0x114/0x134
[   24.821619]  vlan_for_each from cpsw_add_mc_addr+0x40/0xa4
[   24.821639]  cpsw_add_mc_addr from __hw_addr_ref_sync_dev+0x108/0x140
[   24.821664]  __hw_addr_ref_sync_dev from __dev_mc_add+0x7c/0x80
[   24.821683]  __dev_mc_add from igmp6_group_added+0xc8/0xe0
[   24.821705]  igmp6_group_added from __ipv6_dev_mc_inc+0x218/0x364
[   24.821720]  __ipv6_dev_mc_inc from __ipv6_sock_mc_join+0x11c/0x1c0
[   24.821734]  __ipv6_sock_mc_join from do_ipv6_setsockopt+0x1214/0x1310
[   24.821759]  do_ipv6_setsockopt from ipv6_setsockopt+0x60/0xcc
[   24.821777]  ipv6_setsockopt from udpv6_setsockopt+0x2c/0x6c
[   24.821798]  udpv6_setsockopt from sock_common_setsockopt+0x30/0x40
[   24.821826]  sock_common_setsockopt from do_sock_setsockopt+0x50/0x9c
[   24.821845]  do_sock_setsockopt from __sys_setsockopt+0x70/0xbc
[   24.821862]  __sys_setsockopt from ret_fast_syscall+0x0/0x58
[   24.821878] Exception stack(0xe02edfa8 to 0xe02edff0)
[   24.821892] dfa0:                   00000014 b6f6dce8 0000000d 00000029 00000014 beb619ec
[   24.821904] dfc0: 00000014 b6f6dce8 00000014 00000126 0000000d b6f16ff4 004ee990 004d6558
[   24.821913] dfe0: b6f2c088 beb619d8 b6f09309 b6de041a
[   24.821921] ---[ end trace 0000000000000000 ]---
[   25.696342] PM: Cannot get wkup_m3_ipc handle
[   25.702336] asoc-simple-card sound: using DT '/sound' for 'simple-audio-card,hp-det' GPIO lookup
[   25.702420] of_get_named_gpiod_flags: can't parse 'simple-audio-card,hp-det-gpios' property of node '/sound[0]'
[   25.702460] of_get_named_gpiod_flags: can't parse 'simple-audio-card,hp-det-gpio' property of node '/sound[0]'
[   25.702484] asoc-simple-card sound: using lookup tables for GPIO lookup
[   25.702498] asoc-simple-card sound: No GPIO consumer simple-audio-card,hp-det found
[   25.702513] asoc-simple-card sound: using DT '/sound' for 'simple-audio-card,mic-det' GPIO lookup
[   25.702540] of_get_named_gpiod_flags: can't parse 'simple-audio-card,mic-det-gpios' property of node '/sound[0]'
[   25.702569] of_get_named_gpiod_flags: can't parse 'simple-audio-card,mic-det-gpio' property of node '/sound[0]'
[   25.702589] asoc-simple-card sound: using lookup tables for GPIO lookup
[   25.702601] asoc-simple-card sound: No GPIO consumer simple-audio-card,mic-det found
[   25.781639] tda998x 0-0070: using DT '/ocp/interconnect@44c00000/segment@200000/target-module@b000/i2c@0/tda19988@70' for 'nxp,calib' GPIO lookup
[   25.781784] of_get_named_gpiod_flags: parsed 'nxp,calib-gpios' property of node '/ocp/interconnect@44c00000/segment@200000/target-module@b000/i2c@0/tda19988@70[0]' - status (0)
[   25.781869] gpio gpiochip0: Persistence not supported for GPIO 25
[   25.781885] gpio-537 (nxp,calib): no flags found for GPIO nxp,calib
[   25.782535] gpio-537 (nxp,calib): gpiod_direction_output_nonotify: tried to set a GPIO tied to an IRQ as output
[   25.920928] PM: Cannot get wkup_m3_ipc handle
[   26.112046] tda9950 0-0034: TDA9950 CEC interface, hardware version 3.3
[   26.250115] PM: Cannot get wkup_m3_ipc handle
[   29.320643] userial_init: registered 8 ttyGS* devices
[   29.487848] rndis_register: configNr = 0
[   29.537900] udc musb-hdrc.0: binding gadget driver [g_multi]
[   29.537997] configfs-gadget.g_multi gadget.0: adding 'rndis'/24e4f5c6 to config 'c'/3b8e242e
[   29.539193] configfs-gadget.g_multi gadget.0: HOST MAC 1c:ba:8c:a2:ed:6c
[   29.546225] configfs-gadget.g_multi gadget.0: MAC 1c:ba:8c:a2:ed:70
[   29.552635] rndis_set_param_medium: 0 0
[   29.552657] configfs-gadget.g_multi gadget.0: RNDIS: IN/ep1in OUT/ep1out NOTIFY/ep2in
[   29.552675] configfs-gadget.g_multi gadget.0: adding 'cdc_ethernet'/9d97ad72 to config 'c'/3b8e242e
[   29.553600] configfs-gadget.g_multi gadget.0: HOST MAC 1c:ba:8c:a2:ed:6c
[   29.560364] configfs-gadget.g_multi gadget.0: MAC 1c:ba:8c:a2:ed:6d
[   29.566791] configfs-gadget.g_multi gadget.0: CDC Ethernet: IN/ep3in OUT/ep2out NOTIFY/ep4in
[   29.566811] configfs-gadget.g_multi gadget.0: adding 'acm'/5b087920 to config 'c'/3b8e242e
[   29.566849] configfs-gadget.g_multi gadget.0: acm ttyGS0: IN/ep5in OUT/ep3out NOTIFY/ep6in
[   29.568397] PM: Cannot get wkup_m3_ipc handle
[   31.473820] configfs-gadget.g_multi gadget.0: eth_open
[   35.218772] gs_open: ttyGS0 (0be81e7e,67c55052)
[   35.218926] gs_close: ttyGS0 (0be81e7e,67c55052) ...
[   35.218948] gs_close: ttyGS0 (0be81e7e,67c55052) done!
[   35.237302] gs_open: ttyGS0 (3b1c18cf,245553e4)
[   35.237451] gs_close: ttyGS0 (3b1c18cf,245553e4) ...
[   35.237474] gs_close: ttyGS0 (3b1c18cf,245553e4) done!
[   35.378598] gs_open: ttyGS0 (3b1c18cf,77231354)
[   35.378843] gs_close: ttyGS0 (3b1c18cf,77231354) ...
[   35.378871] gs_close: ttyGS0 (3b1c18cf,77231354) done!
[   35.381022] gs_open: ttyGS0 (3b1c18cf,77231354)
VJAYSUEAKJ 0
root@arm:~# echo 'SSVA''VZFBPY'
SSVAVZFBPY
root@arm:~# MARKER='GWWQ''NHUJUG' run 'modprobe test_linear_ranges'
GWWQNHUJUGGWWQNHUJUG 0
root@arm:~# echo 'ETVZ''BYACZY'
ETVZBYACZY
root@arm:~# MARKER='XSUJ''GGCTVL' run dmesg
XSUJGGCTVL[    0.000000] Booting Linux on physical CPU 0x0
[    0.000000] Linux version 6.17.0-rc6-next-20250917 (user01@drvtest01) (arm-none-eabi-gcc (Arm GNU Toolchain 14.2.Rel1 (Build arm-14.52)) 14.2.1 20241119, GNU ld (Arm GNU Toolchain 14.2.Rel1 (Build arm-14.52)) 2.43.1.20241119) #1 SMP Wed Sep 17 17:54:06 EEST 2025
[    0.000000] CPU: ARMv7 Processor [413fc082] revision 2 (ARMv7), cr=10c5387d
[    0.000000] CPU: PIPT / VIPT nonaliasing data cache, VIPT aliasing instruction cache
[    0.000000] OF: fdt: Machine model: TI AM335x BeagleBone Black
[    0.000000] Memory policy: Data cache writeback
[    0.000000] cma: Reserved 16 MiB at 0x9e800000
[    0.000000] Zone ranges:
[    0.000000]   Normal   [mem 0x0000000080000000-0x000000009fdfffff]
[    0.000000]   HighMem  empty
[    0.000000] Movable zone start for each node
[    0.000000] Early memory node ranges
[    0.000000]   node   0: [mem 0x0000000080000000-0x000000009fdfffff]
[    0.000000] Initmem setup node 0 [mem 0x0000000080000000-0x000000009fdfffff]
[    0.000000] On node 0, zone Normal: 512 pages in unavailable ranges
[    0.000000] OF: reserved mem: Reserved memory: No reserved-memory node in the DT
[    0.000000] CPU: All CPU(s) started in SVC mode.
[    0.000000] AM335X ES2.1 (sgx neon)
[    0.000000] percpu: Embedded 17 pages/cpu s39884 r8192 d21556 u69632
[    0.000000] pcpu-alloc: s39884 r8192 d21556 u69632 alloc=17*4096
[    0.000000] pcpu-alloc: [0] 0 
[    0.000000] Kernel command line: console=ttyO0,115200n8 root=/dev/nfs rw nfsroot=192.168.255.126:/home/user01/nfs,nfsvers=3 ip=192.168.255.1:192.168.255.126::255.255.255.0:bbb1:eth0 nfsrootdebug
[    0.000000] Unknown kernel command line parameters "nfsrootdebug", will be passed to user space.
[    0.000000] printk: log buffer data + meta data: 65536 + 204800 = 270336 bytes
[    0.000000] Dentry cache hash table entries: 65536 (order: 6, 262144 bytes, linear)
[    0.000000] Inode-cache hash table entries: 32768 (order: 5, 131072 bytes, linear)
[    0.000000] Built 1 zonelists, mobility grouping on.  Total pages: 130560
[    0.000000] mem auto-init: stack:off, heap alloc:off, heap free:off
[    0.000000] SLUB: HWalign=16, Order=0-3, MinObjects=0, CPUs=1, Nodes=1
[    0.000000] rcu: Hierarchical RCU implementation.
[    0.000000] rcu: 	RCU event tracing is enabled.
[    0.000000] rcu: 	RCU restricting CPUs from NR_CPUS=2 to nr_cpu_ids=1.
[    0.000000] 	Tracing variant of Tasks RCU enabled.
[    0.000000] rcu: RCU calculated value of scheduler-enlistment delay is 10 jiffies.
[    0.000000] rcu: Adjusting geometry for rcu_fanout_leaf=16, nr_cpu_ids=1
[    0.000000] RCU Tasks Trace: Setting shift to 0 and lim to 1 rcu_task_cb_adjust=1 rcu_task_cpu_ids=1.
[    0.000000] NR_IRQS: 16, nr_irqs: 16, preallocated irqs: 16
[    0.000000] IRQ: Found an INTC at 0x(ptrval) (revision 5.0) with 128 interrupts
[    0.000000] rcu: srcu_init: Setting srcu_struct sizes based on contention.
[    0.000000] TI gptimer clocksource: always-on /ocp/interconnect@44c00000/segment@200000/target-module@31000
[    0.000002] sched_clock: 32 bits at 24MHz, resolution 41ns, wraps every 89478484971ns
[    0.000026] clocksource: dmtimer: mask: 0xffffffff max_cycles: 0xffffffff, max_idle_ns: 79635851949 ns
[    0.000495] TI gptimer clockevent: 24000000 Hz at /ocp/interconnect@48000000/segment@0/target-module@40000
[    0.002045] Console: colour dummy device 80x30
[    0.002113] WARNING: Your 'console=ttyO0' has been replaced by 'ttyS0'
[    0.002121] This ensures that you still see kernel messages. Please
[    0.002125] update your kernel commandline.
[    0.002167] Calibrating delay loop... 996.14 BogoMIPS (lpj=4980736)
[    0.090542] CPU: Testing write buffer coherency: ok
[    0.090652] CPU0: Spectre v2: using BPIALL workaround
[    0.090662] pid_max: default: 32768 minimum: 301
[    0.090845] LSM: initializing lsm=capability
[    0.091011] Mount-cache hash table entries: 1024 (order: 0, 4096 bytes, linear)
[    0.091031] Mountpoint-cache hash table entries: 1024 (order: 0, 4096 bytes, linear)
[    0.092636] CPU0: thread -1, cpu 0, socket -1, mpidr 0
[    0.092693] cacheinfo: Unable to detect cache hierarchy for CPU 0
[    0.094711] Setting up static identity map for 0x80100000 - 0x80100078
[    0.095021] rcu: Hierarchical SRCU implementation.
[    0.095034] rcu: 	Max phase no-delay instances is 1000.
[    0.096718] smp: Bringing up secondary CPUs ...
[    0.096772] smp: Brought up 1 node, 1 CPU
[    0.096784] SMP: Total of 1 processors activated (996.14 BogoMIPS).
[    0.096795] CPU: All CPU(s) started in SVC mode.
[    0.096991] Memory: 480872K/522240K available (11264K kernel code, 1222K rwdata, 2948K rodata, 1024K init, 254K bss, 23332K reserved, 16384K cma-reserved, 0K highmem)
[    0.097814] devtmpfs: initialized
[    0.115751] VFP support v0.3: implementor 41 architecture 3 part 30 variant c rev 3
[    0.116377] clocksource: jiffies: mask: 0xffffffff max_cycles: 0xffffffff, max_idle_ns: 19112604462750000 ns
[    0.116433] posixtimers hash table entries: 512 (order: 0, 4096 bytes, linear)
[    0.116460] futex hash table entries: 256 (16384 bytes on 1 NUMA nodes, total 16 KiB, linear).
[    0.117598] pinctrl core: initialized pinctrl subsystem
[    0.119721] NET: Registered PF_NETLINK/PF_ROUTE protocol family
[    0.122794] DMA: preallocated 256 KiB pool for atomic coherent allocations
[    0.123413] audit: initializing netlink subsys (disabled)
[    0.124777] thermal_sys: Registered thermal governor 'fair_share'
[    0.124792] thermal_sys: Registered thermal governor 'step_wise'
[    0.124802] thermal_sys: Registered thermal governor 'user_space'
[    0.124908] audit: type=2000 audit(0.120:1): state=initialized audit_enabled=0 res=1
[    0.124978] cpuidle: using governor menu
[    0.143573] /ocp/interconnect@44c00000/segment@200000/target-module@b000/i2c@0/tda19988@70: Fixed dependency cycle(s) with /ocp/interconnect@48000000/segment@300000/target-module@e000/lcdc@0
[    0.144678] /ocp/interconnect@48000000/segment@300000/target-module@e000/lcdc@0: Fixed dependency cycle(s) with /ocp/interconnect@44c00000/segment@200000/target-module@b000/i2c@0/tda19988@70
[    0.146881] No ATAGs?
[    0.146918] hw-breakpoint: debug architecture 0x4 unsupported.
[    0.149983] kprobes: kprobe jump-optimization is enabled. All kprobes are optimized if possible.
[    0.163537] iommu: Default domain type: Translated
[    0.163561] iommu: DMA domain TLB invalidation policy: strict mode
[    0.165163] reg-fixed-voltage fixedregulator0: using DT '/fixedregulator0' for '(default)' GPIO lookup
[    0.165221] of_get_named_gpiod_flags: can't parse 'gpios' property of node '/fixedregulator0[0]'
[    0.165249] of_get_named_gpiod_flags: can't parse 'gpio' property of node '/fixedregulator0[0]'
[    0.165266] reg-fixed-voltage fixedregulator0: using lookup tables for GPIO lookup
[    0.165277] reg-fixed-voltage fixedregulator0: No GPIO consumer (default) found
[    0.166337] SCSI subsystem initialized
[    0.166794] libata version 3.00 loaded.
[    0.167189] pps_core: LinuxPPS API ver. 1 registered
[    0.167201] pps_core: Software ver. 5.3.6 - Copyright 2005-2007 Rodolfo Giometti <giometti@linux.it>
[    0.167225] PTP clock support registered
[    0.170810] vgaarb: loaded
[    0.180925] clocksource: Switched to clocksource dmtimer
[    0.181629] VFS: Disk quotas dquot_6.6.0
[    0.181690] VFS: Dquot-cache hash table entries: 1024 (order 0, 4096 bytes)
[    0.206395] NET: Registered PF_INET protocol family
[    0.206733] IP idents hash table entries: 8192 (order: 4, 65536 bytes, linear)
[    0.208157] tcp_listen_portaddr_hash hash table entries: 512 (order: 0, 4096 bytes, linear)
[    0.208196] Table-perturb hash table entries: 65536 (order: 6, 262144 bytes, linear)
[    0.208213] TCP established hash table entries: 4096 (order: 2, 16384 bytes, linear)
[    0.208259] TCP bind hash table entries: 4096 (order: 4, 65536 bytes, linear)
[    0.208359] TCP: Hash tables configured (established 4096 bind 4096)
[    0.208479] UDP hash table entries: 256 (order: 1, 14336 bytes, linear)
[    0.208516] UDP-Lite hash table entries: 256 (order: 1, 14336 bytes, linear)
[    0.208733] NET: Registered PF_UNIX/PF_LOCAL protocol family
[    0.209990] RPC: Registered named UNIX socket transport module.
[    0.210012] RPC: Registered udp transport module.
[    0.210017] RPC: Registered tcp transport module.
[    0.210022] RPC: Registered tcp-with-tls transport module.
[    0.210026] RPC: Registered tcp NFSv4.1 backchannel transport module.
[    0.210053] PCI: CLS 0 bytes, default 64
[    0.211608] Initialise system trusted keyrings
[    0.221748] workingset: timestamp_bits=14 max_order=17 bucket_order=3
[    0.223227] NFS: Registering the id_resolver key type
[    0.223290] Key type id_resolver registered
[    0.223298] Key type id_legacy registered
[    0.223408] jffs2: version 2.2. (NAND) (SUMMARY)  Â© 2001-2006 Red Hat, Inc.
[    0.223876] Key type asymmetric registered
[    0.223894] Asymmetric key parser 'x509' registered
[    0.223971] io scheduler mq-deadline registered
[    0.223982] io scheduler kyber registered
[    0.224066] io scheduler bfq registered
[    0.225958] target-module@4b000000:target-module@140000:pmu@0:fck: device ID is greater than 24
[    0.232149] l3-aon-clkctrl:0000:0: failed to disable
[    0.232418] ledtrig-cpu: registered to indicate activity on CPUs
[    0.242252] Serial: 8250/16550 driver, 6 ports, IRQ sharing enabled
[    0.291899] brd: module loaded
[    0.313440] loop: module loaded
[    0.314398] mtdoops: mtd device (mtddev=name/number) must be supplied
[    0.315999] mdio_bus fixed-0: using lookup tables for GPIO lookup
[    0.316025] mdio_bus fixed-0: No GPIO consumer reset found
[    0.317490] i2c_dev: i2c /dev entries driver
[    0.318509] cpuidle: enable-method property 'ti,am3352' found operations
[    0.318968] sdhci: Secure Digital Host Controller Interface driver
[    0.318979] sdhci: Copyright(c) Pierre Ossman
[    0.319167] sdhci-pltfm: SDHCI platform and OF driver helper
[    0.320723] hw perfevents: enabled with armv7_cortex_a8 PMU driver, 5 (8000000f) counters available
[    0.321406] Initializing XFRM netlink socket
[    0.321606] NET: Registered PF_INET6 protocol family
[    0.327259] l3-aon-clkctrl:0000:0: failed to disable
[    0.328708] Segment Routing with IPv6
[    0.328789] In-situ OAM (IOAM) with IPv6
[    0.328886] sit: IPv6, IPv4 and MPLS over IPv4 tunneling driver
[    0.329872] NET: Registered PF_PACKET protocol family
[    0.329901] NET: Registered PF_KEY protocol family
[    0.330020] Key type dns_resolver registered
[    0.330252] ThumbEE CPU extension supported.
[    0.330273] Registering SWP/SWPB emulation handler
[    0.330798] omap_voltage_late_init: Voltage driver support not added
[    0.331719] SmartReflex Class3 initialized
[    0.362868] Loading compiled-in X.509 certificates
[    0.408647] /ocp/interconnect@44c00000/segment@200000/target-module@b000/i2c@0/tda19988@70: Fixed dependency cycle(s) with /ocp/interconnect@48000000/segment@300000/target-module@e000/lcdc@0
[    0.415361] /ocp/interconnect@44c00000/segment@200000/target-module@b000/i2c@0/tda19988@70: Fixed dependency cycle(s) with /ocp/interconnect@48000000/segment@300000/target-module@e000/lcdc@0
[    0.420905] gpiochip_find_base_unlocked: found new base at 512
[    0.435605] /ocp/interconnect@44c00000/segment@200000/target-module@b000/i2c@0/tda19988@70: Fixed dependency cycle(s) with /ocp/interconnect@48000000/segment@300000/target-module@e000/lcdc@0
[    0.436512] /ocp/interconnect@44c00000/segment@200000/target-module@b000/i2c@0/tda19988@70: Fixed dependency cycle(s) with /ocp/interconnect@48000000/segment@300000/target-module@e000/lcdc@0
[    0.440037] /ocp/interconnect@44c00000/segment@200000/target-module@10000/scm@0/pinmux@800: Fixed dependency cycle(s) with /ocp/interconnect@44c00000/segment@200000/target-module@10000/scm@0/pinmux@800/clkout2-pins
[    0.440631] pinctrl-single 44e10800.pinmux: 142 pins, size 568
[    0.446311] ti-sysc 44e31000.target-module: probe with driver ti-sysc failed with error -16
[    0.482725] /ocp/interconnect@48000000/segment@300000/target-module@e000/lcdc@0: Fixed dependency cycle(s) with /ocp/interconnect@44c00000/segment@200000/target-module@b000/i2c@0/tda19988@70
[    0.490890] ti-sysc 48040000.target-module: probe with driver ti-sysc failed with error -16
[    0.502893] gpiochip_find_base_unlocked: found new base at 512
[    0.502999] gpio gpiochip0: (gpio-0-31): created GPIO range 0->7 ==> 44e10800.pinmux PIN 0->7
[    0.503019] gpio gpiochip0: (gpio-0-31): created GPIO range 8->11 ==> 44e10800.pinmux PIN 90->93
[    0.503035] gpio gpiochip0: (gpio-0-31): created GPIO range 12->27 ==> 44e10800.pinmux PIN 12->27
[    0.503050] gpio gpiochip0: (gpio-0-31): created GPIO range 28->31 ==> 44e10800.pinmux PIN 30->33
[    0.539365] gpio gpiochip0: (gpio-0-31): added GPIO chardev (254:0)
[    0.539614] gpio gpiochip0: registered GPIOs 512 to 543 on gpio-0-31
[    0.539705] OMAP GPIO hardware version 0.1
[    0.574129] i2c i2c-2: using DT '/ocp/interconnect@48000000/segment@100000/target-module@9c000/i2c@0' for 'scl' GPIO lookup
[    0.574200] of_get_named_gpiod_flags: can't parse 'scl-gpios' property of node '/ocp/interconnect@48000000/segment@100000/target-module@9c000/i2c@0[0]'
[    0.574244] of_get_named_gpiod_flags: can't parse 'scl-gpio' property of node '/ocp/interconnect@48000000/segment@100000/target-module@9c000/i2c@0[0]'
[    0.574279] i2c i2c-2: using lookup tables for GPIO lookup
[    0.574289] i2c i2c-2: No GPIO consumer scl found
[    0.574310] i2c i2c-2: using DT '/ocp/interconnect@48000000/segment@100000/target-module@9c000/i2c@0' for 'sda' GPIO lookup
[    0.574345] of_get_named_gpiod_flags: can't parse 'sda-gpios' property of node '/ocp/interconnect@48000000/segment@100000/target-module@9c000/i2c@0[0]'
[    0.574382] of_get_named_gpiod_flags: can't parse 'sda-gpio' property of node '/ocp/interconnect@48000000/segment@100000/target-module@9c000/i2c@0[0]'
[    0.574413] i2c i2c-2: using lookup tables for GPIO lookup
[    0.574421] i2c i2c-2: No GPIO consumer sda found
[    0.575143] omap_i2c 4819c000.i2c: bus 2 rev0.11 at 100 kHz
[    0.580763] gpiochip_find_base_unlocked: found new base at 544
[    0.580877] gpio gpiochip1: (gpio-32-63): created GPIO range 0->17 ==> 44e10800.pinmux PIN 34->51
[    0.580900] gpio gpiochip1: (gpio-32-63): created GPIO range 18->21 ==> 44e10800.pinmux PIN 77->80
[    0.580917] gpio gpiochip1: (gpio-32-63): created GPIO range 22->31 ==> 44e10800.pinmux PIN 56->65
[    0.582117] gpio gpiochip1: (gpio-32-63): added GPIO chardev (254:1)
[    0.582336] gpio gpiochip1: registered GPIOs 544 to 575 on gpio-32-63
[    0.584637] gpiochip_find_base_unlocked: found new base at 576
[    0.584732] gpio gpiochip2: (gpio-64-95): created GPIO range 0->4 ==> 44e10800.pinmux PIN 66->70
[    0.584752] gpio gpiochip2: (gpio-64-95): created GPIO range 5->6 ==> 44e10800.pinmux PIN 98->99
[    0.584767] gpio gpiochip2: (gpio-64-95): created GPIO range 7->8 ==> 44e10800.pinmux PIN 75->76
[    0.584783] gpio gpiochip2: (gpio-64-95): created GPIO range 13->13 ==> 44e10800.pinmux PIN 141->141
[    0.584799] gpio gpiochip2: (gpio-64-95): created GPIO range 14->21 ==> 44e10800.pinmux PIN 100->107
[    0.585441] gpio gpiochip2: (gpio-64-95): added GPIO chardev (254:2)
[    0.585657] gpio gpiochip2: registered GPIOs 576 to 607 on gpio-64-95
[    0.591619] 48000000.interconnect:segment@200000:target-module@0:mpu@0:fck: device ID is greater than 24
[    0.592595] /ocp/interconnect@48000000/segment@300000/target-module@e000/lcdc@0: Fixed dependency cycle(s) with /ocp/interconnect@44c00000/segment@200000/target-module@b000/i2c@0/tda19988@70
[    0.595498] /ocp/interconnect@48000000/segment@300000/target-module@e000/lcdc@0: Fixed dependency cycle(s) with /ocp/interconnect@44c00000/segment@200000/target-module@b000/i2c@0/tda19988@70
[    0.596214] /ocp/interconnect@44c00000/segment@200000/target-module@b000/i2c@0/tda19988@70: Fixed dependency cycle(s) with /ocp/interconnect@48000000/segment@300000/target-module@e000/lcdc@0
[    0.596388] /ocp/interconnect@48000000/segment@300000/target-module@e000/lcdc@0: Fixed dependency cycle(s) with /ocp/interconnect@44c00000/segment@200000/target-module@b000/i2c@0/tda19988@70
[    0.606352] mdio_bus 4a101000.mdio: using DT '/ocp/interconnect@4a000000/segment@0/target-module@100000/switch@0/mdio@1000' for 'reset' GPIO lookup
[    0.606427] of_get_named_gpiod_flags: can't parse 'reset-gpios' property of node '/ocp/interconnect@4a000000/segment@0/target-module@100000/switch@0/mdio@1000[0]'
[    0.606473] of_get_named_gpiod_flags: can't parse 'reset-gpio' property of node '/ocp/interconnect@4a000000/segment@0/target-module@100000/switch@0/mdio@1000[0]'
[    0.606519] mdio_bus 4a101000.mdio: using lookup tables for GPIO lookup
[    0.606529] mdio_bus 4a101000.mdio: No GPIO consumer reset found
[    0.607582] sdhci-omap 481d8000.mmc: using DT '/ocp/interconnect@48000000/segment@100000/target-module@d8000/mmc@0' for 'wp' GPIO lookup
[    0.607644] of_get_named_gpiod_flags: can't parse 'wp-gpios' property of node '/ocp/interconnect@48000000/segment@100000/target-module@d8000/mmc@0[0]'
[    0.607686] of_get_named_gpiod_flags: can't parse 'wp-gpio' property of node '/ocp/interconnect@48000000/segment@100000/target-module@d8000/mmc@0[0]'
[    0.607720] sdhci-omap 481d8000.mmc: using lookup tables for GPIO lookup
[    0.607729] sdhci-omap 481d8000.mmc: No GPIO consumer wp found
[    0.607921] sdhci-omap 481d8000.mmc: supply pbias not found, using dummy regulator
[    0.608415] sdhci-omap 481d8000.mmc: supply vqmmc not found, using dummy regulator
[    0.654678] davinci_mdio 4a101000.mdio: davinci mdio revision 1.6, bus freq 1000000
[    0.677063] mdio_bus 4a101000.mdio:00: using DT '/ocp/interconnect@4a000000/segment@0/target-module@100000/switch@0/mdio@1000/ethernet-phy@0' for 'reset' GPIO lookup
[    0.677168] of_get_named_gpiod_flags: parsed 'reset-gpios' property of node '/ocp/interconnect@4a000000/segment@0/target-module@100000/switch@0/mdio@1000/ethernet-phy@0[0]' - status (0)
[    0.677334] gpio gpiochip0: Persistence not supported for GPIO 8
[    0.804209] davinci_mdio 4a101000.mdio: phy[0]: device 4a101000.mdio:00, driver SMSC LAN8710/LAN8720
[    0.805002] cpsw-switch 4a100000.switch: initialized cpsw ale version 1.4
[    0.805027] cpsw-switch 4a100000.switch: ALE Table size 1024, Policers 0
[    0.805191] cpsw-switch 4a100000.switch: cpts: overflow check period 500 (jiffies)
[    0.805208] cpsw-switch 4a100000.switch: CPTS: ref_clk_freq:250000000 calc_mult:2147483648 calc_shift:29 error:0 nsec/sec
[    0.805314] cpsw-switch 4a100000.switch: Detected MACID = 6c:ec:eb:68:de:78
[    0.807236] cpsw-switch 4a100000.switch: initialized (regs 0x4a100000, pool size 256) hw_ver:0019010C 1.12 (0)
[    0.818525] debugfs: '49000000.dma' already exists in 'dmaengine'
[    0.818567] edma 49000000.dma: TI EDMA DMA engine driver
[    0.868558] gpio-clk clk_mcasp0: using DT '/clk_mcasp0' for 'enable' GPIO lookup
[    0.868634] of_get_named_gpiod_flags: parsed 'enable-gpios' property of node '/clk_mcasp0[0]' - status (0)
[    0.868679] gpio gpiochip0: Persistence not supported for GPIO 27
[    0.869534] gpiochip_find_base_unlocked: found new base at 608
[    0.869646] gpio gpiochip3: (gpio-96-127): created GPIO range 0->7 ==> 44e10800.pinmux PIN 82->89
[    0.869665] gpio gpiochip3: (gpio-96-127): created GPIO range 8->11 ==> 44e10800.pinmux PIN 52->55
[    0.869683] gpio gpiochip3: (gpio-96-127): created GPIO range 12->15 ==> 44e10800.pinmux PIN 94->97
[    0.869699] gpio gpiochip3: (gpio-96-127): created GPIO range 16->17 ==> 44e10800.pinmux PIN 71->72
[    0.869714] gpio gpiochip3: (gpio-96-127): created GPIO range 18->18 ==> 44e10800.pinmux PIN 135->135
[    0.869730] gpio gpiochip3: (gpio-96-127): created GPIO range 19->20 ==> 44e10800.pinmux PIN 108->109
[    0.869764] gpio gpiochip3: (gpio-96-127): created GPIO range 21->21 ==> 44e10800.pinmux PIN 73->73
[    0.869783] gpio gpiochip3: (gpio-96-127): created GPIO range 22->23 ==> 44e10800.pinmux PIN 8->9
[    0.869800] gpio gpiochip3: (gpio-96-127): created GPIO range 26->27 ==> 44e10800.pinmux PIN 10->11
