Labgrid Console Logfile for main
Logfile started at 2025-01-10 09:29:39.238927
=== Log starts here ===
reading args
spl_load_image_fat_os: error reading image args, err - -1
reading u-boot.img
reading u-boot.img


U-Boot 2014.04-00014-g47880f5 (Apr 22 2014 - 13:23:54)

I2C:   ready
DRAM:  512 MiB
NAND:  0 MiB
MMC:   OMAP SD/MMC: 0, OMAP SD/MMC: 1
*** Warning - readenv() failed, using default environment

Net:   <ethaddr> not set. Validating first E-fuse MAC
cpsw, usb_ether
Hit any key to stop autoboot:  1  0 
gpio: pin 53 (gpio 53) value is 1
mmc0 is current device
gpio: pin 54 (gpio 54) value is 1
SD/MMC found on device 0
reading uEnv.txt
569 bytes read in 3 ms (184.6 KiB/s)
gpio: pin 55 (gpio 55) value is 1
Loaded environment from uEnv.txt
Importing environment from mmc ...
Checking if uenvcmd is set ...
gpio: pin 56 (gpio 56) value is 1
Running uenvcmd ...
cpsw Waiting for PHY auto negotiation to complete. done
link up on port 0, speed 100, full duplex
Using cpsw device
TFTP from server 192.168.255.126; our IP address is 192.168.255.1
Filename 'zImage'.
Load address: 0x81000000
Loading: *#################################################################
	 #################################################################
	 #################################################################
	 #################################################################
	 #################################################################
	 ######################################################
	 2.4 MiB/s
done
Bytes transferred = 5551888 (54b710 hex)
link up on port 0, speed 100, full duplex
Using cpsw device
TFTP from server 192.168.255.126; our IP address is 192.168.255.1
Filename 'am335x-boneblack.dtb'.
Load address: 0x82000000
Loading: *#######
	 2 MiB/s
done
Bytes transferred = 98244 (17fc4 hex)
Kernel image @ 0x81000000 [ 0x000000 - 0x54b710 ]
## Flattened Device Tree blob at 82000000
   Booting using the fdt blob at 0x82000000
   Using Device Tree in place at 82000000, end 8201afc3

Starting kernel ...

[    0.000000] Booting Linux on physical CPU 0x0
[    0.000000] Linux version 6.13.0-rc6-next-20250110 (user01@drvtest01) (arm-linux-gnueabihf-gcc (Linaro GCC 6.4-2017.11) 6.4.1 20171012, GNU ld (Linaro_Binutils-2017.11) 2.27.0.20161229) #7 SMP Fri Jan 10 09:28:47 EET 2025
[    0.000000] CPU: ARMv7 Processor [413fc082] revision 2 (ARMv7), cr=10c5387d
[    0.000000] CPU: PIPT / VIPT nonaliasing data cache, VIPT aliasing instruction cache
[    0.000000] OF: fdt: Machine model: TI AM335x BeagleBone Black
[    0.000000] Memory policy: Data cache writeback
[    0.000000] cma: Reserved 16 MiB at 0x9e800000 on node -1
[    0.000000] Zone ranges:
[    0.000000]   Normal   [mem 0x0000000080000000-0x000000009fdfffff]
[    0.000000]   HighMem  empty
[    0.000000] Movable zone start for each node
[    0.000000] Early memory node ranges
[    0.000000]   node   0: [mem 0x0000000080000000-0x000000009fdfffff]
[    0.000000] Initmem setup node 0 [mem 0x0000000080000000-0x000000009fdfffff]
[    0.000000] OF: reserved mem: Reserved memory: No reserved-memory node in the DT
[    0.000000] CPU: All CPU(s) started in SVC mode.
[    0.000000] AM335X ES2.1 (sgx neon)
[    0.000000] percpu: Embedded 17 pages/cpu s39628 r8192 d21812 u69632
[    0.000000] Kernel command line: console=ttyO0,115200n8 root=/dev/nfs rw nfsroot=192.168.255.126:/home/user01/nfs,nfsvers=3 ip=192.168.255.1:192.168.255.126::255.255.255.0:bbb1:eth0 nfsrootdebug
[    0.000000] Unknown kernel command line parameters "nfsrootdebug", will be passed to user space.
[    0.000000] printk: log buffer data + meta data: 65536 + 204800 = 270336 bytes
[    0.000000] Dentry cache hash table entries: 65536 (order: 6, 262144 bytes, linear)
[    0.000000] Inode-cache hash table entries: 32768 (order: 5, 131072 bytes, linear)
[    0.000000] Built 1 zonelists, mobility grouping on.  Total pages: 130560
[    0.000000] mem auto-init: stack:off, heap alloc:off, heap free:off
[    0.000000] SLUB: HWalign=64, Order=0-3, MinObjects=0, CPUs=1, Nodes=1
[    0.000000] rcu: Hierarchical RCU implementation.
[    0.000000] rcu: 	RCU event tracing is enabled.
[    0.000000] rcu: 	RCU restricting CPUs from NR_CPUS=2 to nr_cpu_ids=1.
[    0.000000] 	Tracing variant of Tasks RCU enabled.
[    0.000000] rcu: RCU calculated value of scheduler-enlistment delay is 10 jiffies.
[    0.000000] rcu: Adjusting geometry for rcu_fanout_leaf=16, nr_cpu_ids=1
[    0.000000] RCU Tasks Trace: Setting shift to 0 and lim to 1 rcu_task_cb_adjust=1 rcu_task_cpu_ids=1.
[    0.000000] NR_IRQS: 16, nr_irqs: 16, preallocated irqs: 16
[    0.000000] IRQ: Found an INTC at 0x(ptrval) (revision 5.0) with 128 interrupts
[    0.000000] rcu: srcu_init: Setting srcu_struct sizes based on contention.
[    0.000000] TI gptimer clocksource: always-on /ocp/interconnect@44c00000/segment@200000/target-module@31000
[    0.000003] sched_clock: 32 bits at 24MHz, resolution 41ns, wraps every 89478484971ns
[    0.000026] clocksource: dmtimer: mask: 0xffffffff max_cycles: 0xffffffff, max_idle_ns: 79635851949 ns
[    0.000522] TI gptimer clockevent: 24000000 Hz at /ocp/interconnect@48000000/segment@0/target-module@40000
[    0.002201] Console: colour dummy device 80x30
[    0.002270] WARNING: Your 'console=ttyO0' has been replaced by 'ttyS0'
[    0.002279] This ensures that you still see kernel messages. Please
[    0.002283] update your kernel commandline.
[    0.002327] Calibrating delay loop... 996.14 BogoMIPS (lpj=4980736)
[    0.090571] CPU: Testing write buffer coherency: ok
[    0.090682] CPU0: Spectre v2: using BPIALL workaround
[    0.090692] pid_max: default: 32768 minimum: 301
[    0.090814] LSM: initializing lsm=capability
[    0.090986] Mount-cache hash table entries: 1024 (order: 0, 4096 bytes, linear)
[    0.091005] Mountpoint-cache hash table entries: 1024 (order: 0, 4096 bytes, linear)
[    0.092670] CPU0: thread -1, cpu 0, socket -1, mpidr 0
[    0.160954] Setting up static identity map for 0x80100000 - 0x80100078
[    0.170730] rcu: Hierarchical SRCU implementation.
[    0.170740] rcu: 	Max phase no-delay instances is 1000.
[    0.190773] smp: Bringing up secondary CPUs ...
[    0.190832] smp: Brought up 1 node, 1 CPU
[    0.190847] SMP: Total of 1 processors activated (996.14 BogoMIPS).
[    0.190858] CPU: All CPU(s) started in SVC mode.
[    0.191030] Memory: 480836K/522240K available (11264K kernel code, 1214K rwdata, 2908K rodata, 1024K init, 296K bss, 23388K reserved, 16384K cma-reserved, 0K highmem)
[    0.191926] devtmpfs: initialized
[    0.208646] VFP support v0.3: implementor 41 architecture 3 part 30 variant c rev 3
[    0.209002] clocksource: jiffies: mask: 0xffffffff max_cycles: 0xffffffff, max_idle_ns: 19112604462750000 ns
[    0.209038] futex hash table entries: 256 (order: 2, 16384 bytes, linear)
[    0.210299] pinctrl core: initialized pinctrl subsystem
[    0.213363] NET: Registered PF_NETLINK/PF_ROUTE protocol family
[    0.216158] DMA: preallocated 256 KiB pool for atomic coherent allocations
[    0.217060] audit: initializing netlink subsys (disabled)
[    0.218494] thermal_sys: Registered thermal governor 'fair_share'
[    0.218510] thermal_sys: Registered thermal governor 'step_wise'
[    0.218519] thermal_sys: Registered thermal governor 'user_space'
[    0.218683] audit: type=2000 audit(0.210:1): state=initialized audit_enabled=0 res=1
[    0.218719] cpuidle: using governor menu
[    0.237215] /ocp/interconnect@44c00000/segment@200000/target-module@b000/i2c@0/tda19988@70: Fixed dependency cycle(s) with /ocp/interconnect@48000000/segment@300000/target-module@e000/lcdc@0
[    0.238378] /ocp/interconnect@48000000/segment@300000/target-module@e000/lcdc@0: Fixed dependency cycle(s) with /ocp/interconnect@44c00000/segment@200000/target-module@b000/i2c@0/tda19988@70
[    0.240567] No ATAGs?
[    0.240704] hw-breakpoint: debug architecture 0x4 unsupported.
[    0.243550] kprobes: kprobe jump-optimization is enabled. All kprobes are optimized if possible.
[    0.254204] iommu: Default domain type: Translated
[    0.254228] iommu: DMA domain TLB invalidation policy: strict mode
[    0.261935] SCSI subsystem initialized
[    0.262805] pps_core: LinuxPPS API ver. 1 registered
[    0.262817] pps_core: Software ver. 5.3.6 - Copyright 2005-2007 Rodolfo Giometti <giometti@linux.it>
[    0.262841] PTP clock support registered
[    0.271230] vgaarb: loaded
[    0.271649] clocksource: Switched to clocksource dmtimer
[    0.272309] VFS: Disk quotas dquot_6.6.0
[    0.272352] VFS: Dquot-cache hash table entries: 1024 (order 0, 4096 bytes)
[    0.297277] NET: Registered PF_INET protocol family
[    0.297634] IP idents hash table entries: 8192 (order: 4, 65536 bytes, linear)
[    0.299068] tcp_listen_portaddr_hash hash table entries: 512 (order: 0, 4096 bytes, linear)
[    0.299105] Table-perturb hash table entries: 65536 (order: 6, 262144 bytes, linear)
[    0.299122] TCP established hash table entries: 4096 (order: 2, 16384 bytes, linear)
[    0.299166] TCP bind hash table entries: 4096 (order: 4, 65536 bytes, linear)
[    0.299266] TCP: Hash tables configured (established 4096 bind 4096)
[    0.299383] UDP hash table entries: 256 (order: 1, 14336 bytes, linear)
[    0.299419] UDP-Lite hash table entries: 256 (order: 1, 14336 bytes, linear)
[    0.299600] NET: Registered PF_UNIX/PF_LOCAL protocol family
[    0.300904] RPC: Registered named UNIX socket transport module.
[    0.300923] RPC: Registered udp transport module.
[    0.300929] RPC: Registered tcp transport module.
[    0.300934] RPC: Registered tcp-with-tls transport module.
[    0.300940] RPC: Registered tcp NFSv4.1 backchannel transport module.
[    0.300964] PCI: CLS 0 bytes, default 64
[    0.302597] Initialise system trusted keyrings
[    0.313076] workingset: timestamp_bits=14 max_order=17 bucket_order=3
[    0.314422] NFS: Registering the id_resolver key type
[    0.314501] Key type id_resolver registered
[    0.314509] Key type id_legacy registered
[    0.314560] jffs2: version 2.2. (NAND) (SUMMARY)  Â© 2001-2006 Red Hat, Inc.
[    0.314979] Key type asymmetric registered
[    0.314996] Asymmetric key parser 'x509' registered
[    0.315058] io scheduler mq-deadline registered
[    0.315069] io scheduler kyber registered
[    0.315137] io scheduler bfq registered
[    0.316766] ledtrig-cpu: registered to indicate activity on CPUs
[    0.322159] Serial: 8250/16550 driver, 6 ports, IRQ sharing enabled
[    0.375158] brd: module loaded
[    0.396901] loop: module loaded
[    0.397839] mtdoops: mtd device (mtddev=name/number) must be supplied
[    0.401004] i2c_dev: i2c /dev entries driver
[    0.402178] cpuidle: enable-method property 'ti,am3352' found operations
[    0.402646] sdhci: Secure Digital Host Controller Interface driver
[    0.402656] sdhci: Copyright(c) Pierre Ossman
[    0.402830] sdhci-pltfm: SDHCI platform and OF driver helper
[    0.403882] Initializing XFRM netlink socket
[    0.404035] NET: Registered PF_INET6 protocol family
[    0.414047] Segment Routing with IPv6
[    0.414140] In-situ OAM (IOAM) with IPv6
[    0.414238] sit: IPv6, IPv4 and MPLS over IPv4 tunneling driver
[    0.415210] NET: Registered PF_PACKET protocol family
[    0.415243] NET: Registered PF_KEY protocol family
[    0.415360] Key type dns_resolver registered
[    0.415638] ThumbEE CPU extension supported.
[    0.415660]  Registering SWP/SWPB emulation handler
[    0.416205] omap_vo ltage_late_init: Voltage driver support not added
[    0.416574] SmartReflex Class3 initialized
[    0.442794] Loading compiled-in X.509 certificates
[    0.490903] /ocp/interconnect@44c0000000/target-module@b000/i2c@0/tda19988@70: Fixed dependency cycle(s) with /ocp/interconnect@48000000/segment@300000/target-module@e000/lcdc@0
[    0.497489] /ocp/interconnect@44c00000/segment@200000/target-module@b000/i2c@0/tda19988@70: Fixed dependency cycle(s) with /ocp/interconnect@48000000/segment@300000/target-module@e000/lcdc@0
[    0.527341] /ocp/interconnect@44c00000/segment@200000/target-module@b000/i2c@0/tda19988@70: Fixed dependency cycle(s) with /ocp/interconnect@48000000/segment@300000/target-module@e000/lcdc@0
[    0.528210] /ocp/interconnect@44c00000/segment@200000/target-module@b000/i2c@0/tda19988@70: Fixed dependency cycle(s) with /ocp/interconnect@48000000/segment@300000/target-module@e000/lcdc@0
[    0.531873] /ocp/interconnect@44c00000/segment@200000/target-module@10000/scm@0/pinmux@800: Fixed dependency cycle(s) with /ocp/interconnect@44c00000/segment@200000/target-module@10000/scm@0/pinmux@800/clkout2-pins
[    0.532517] pinctrl-single 44e10800.pinmux: 142 pins, size 568
[    0.537775] ti-sysc 44e31000.target-module: probe with driver ti-sysc failed with error -16
[    0.569588] /ocp/interconnect@48000000/segment@300000/target-module@e000/lcdc@0: Fixed dependency cycle(s) with /ocp/interconnect@44c00000/segment@200000/target-module@b000/i2c@0/tda19988@70
[    0.577689] ti-sysc 48040000.target-module: probe with driver ti-sysc failed with error -16
[    0.616698] OMAP GPIO hardware version 0.1
[    0.644873] omap_i2c 4819c000.i2c: bus 2 rev0.11 at 100 kHz
[    0.684191] 48000000.interconnect:segment@200000:target-module@0:mpu@0:fck: device ID is greater than 24
[    0.685097] /ocp/interconnect@48000000/segment@300000/target-module@e000/lcdc@0: Fixed dependency cycle(s) with /ocp/interconnect@44c00000/segment@200000/target-module@b000/i2c@0/tda19988@70
[    0.687860] /ocp/interconnect@48000000/segment@300000/target-module@e000/lcdc@0: Fixed dependency cycle(s) with /ocp/interconnect@44c00000/segment@200000/target-module@b000/i2c@0/tda19988@70
[    0.688548] /ocp/interconnect@44c00000/segment@200000/target-module@b000/i2c@0/tda19988@70: Fixed dependency cycle(s) with /ocp/interconnect@48000000/segment@300000/target-module@e000/lcdc@0
[    0.688707] /ocp/interconnect@48000000/segment@300000/target-module@e000/lcdc@0: Fixed dependency cycle(s) with /ocp/interconnect@44c00000/segment@200000/target-module@b000/i2c@0/tda19988@70
[    0.699916] sdhci-omap 481d8000.mmc: supply pbias not found, using dummy regulator
[    0.700422] sdhci-omap 481d8000.mmc: supply vqmmc not found, using dummy regulator
[    0.756558] davinci_mdio 4a101000.mdio: davinci mdio revision 1.6, bus freq 1000000
[    0.908780] davinci_mdio 4a101000.mdio: phy[0]: device 4a101000.mdio:00, driver SMSC LAN8710/LAN8720
[    0.909565] cpsw-switch 4a100000.switch: initialized cpsw ale version 1.4
[    0.909587] cpsw-switch 4a100000.switch: ALE Table size 1024, Policers 0
[    0.919457] cpsw-switch 4a100000.switch: cpts: overflow check period 500 (jiffies)
[    0.919483] cpsw-switch 4a100000.switch: CPTS: ref_clk_freq:250000000 calc_mult:2147483648 calc_shift:29 error:0 nsec/sec
[    0.919598] cpsw-switch 4a100000.switch: Detected MACID = 6c:ec:eb:68:de:78
[    0.921427] cpsw-switch 4a100000.switch: initialized (regs 0x4a100000, pool size 256) hw_ver:0019010C 1.12 (0)
[    0.932665] debugfs: Directory '49000000.dma' with parent 'dmaengine' already present!
[    0.932706] edma 49000000.dma: TI EDMA DMA engine driver
[    0.986164] target-module@4b000000:target-module@140000:pmu@0:fck: device ID is greater than 24
[    0.996722] hw perfevents: enabled with armv7_cortex_a8 PMU driver, 5 (8000000f) counters available
[    1.004402] l3-aon-clkct rl:0000:0: failed to disable
[    1.018917] 44e09000.serial:  ttyS0 at MMIO 0x44e09000 (irq = 34, base_baud = 3000000) is a 8250
[    1.019006] printk: legacy console [ttyS0] enabled
[    2.492646] tps65217-pmic: Failed to locate of_node [id: -1]
[    2y cycle(s) with /ocp/interconnect@48000000/segment@300000/target-module@e000/lcdc@0
[    2.551053] omap_i2c 44e0b000.i2c: bus 0 rev0.11 at 400 kHz
[    2.559078] omap_gpio 44e07000.gpio: Could not set line 6 debounce to 200000 microseconds (-22)
[    2.567962] sdhci-omap 48060000.mmc: Got CD GPIO
[    2.573016] sdhci-omap 48060000.mmc: supply pbias not found, using dummy regulator
[    2.583560] sdhci-omap 48060000.mmc: supply vqmmc not found, using dummy regulator
[    2.592351] sdhci-omap 481d8000.mmc: supply pbias not found, using dummy regulator
[    2.600342] sdhci-omap 481d8000.mmc: supply vqmmc not found, using dummy regulator
[    2.639407] mmc1: SDHCI controller on 481d8000.mmc [481d8000.mmc] using External DMA
[    2.648687] mmc0: SDHCI controller on 48060000.mmc [48060000.mmc] using External DMA
[    2.657531] cpsw-switch 4a100000.switch: starting ndev. mode: dual_mac
[    2.700935] mmc0: new high speed SDHC card at address 5048
[    2.708043] mmcblk0: mmc0:5048 SD16G 14.4 GiB
[    2.716226]  mmcblk0: p1 p2
[    2.719618] mmcblk0: p2 size 31221760 extends beyond EOD, truncated
[    2.732889] SMSC LAN8710/LAN8720 4a101000.mdio:00: attached PHY driver (mii_bus:phy_addr=4a101000.mdio:00, irq=POLL)
[    2.745593] mmc1: new high speed MMC card at address 0001
[    2.752558] mmcblk1: mmc1:0001 MMC04G 3.60 GiB
[    2.764207]  mmcblk1: p1 p2
[    2.768468] mmcblk1boot0: mmc1:0001 MMC04G 2.00 MiB
[    2.775819] mmcblk1boot1: mmc1:0001 MMC04G 2.00 MiB
[    2.783195] mmcblk1rpmb: mmc1:0001 MMC04G 128 KiB, chardev (250:0)
[    5.922433] cpsw-switch 4a100000.switch eth0: Link is Up - 100Mbps/Full - flow control off
[    5.961893] IP-Config: Complete:
[    5.965174]      device=eth0, hwaddr=6c:ec:eb:68:de:78, ipaddr=192.168.255.1, mask=255.255.255.0, gw=255.255.255.255
[    5.975852]      host=bbb1, domain=, nis-domain=(none)
[    5.981023]      bootserver=192.168.255.126, rootserver=192.168.255.126, rootpath=
[    5.981475] clk: Disabling unused clocks
[    5.993327] PM: genpd: Disabling unused power domains
[    5.998446] KTAP version 1
[    6.001167] 1..0
[    6.053725] VFS: Mounted root (nfs filesystem) on device 0:17.
[    6.060584] devtmpfs: mounted
[    6.065467] Freeing unused kernel image (initmem) memory: 1024K
[    6.072224] Run /sbin/init as init process
[    6.783888] systemd[1]: System time before build time, advancing clock.
[    8.271669] random: crng init done
[    8.304302] systemd[1]: systemd 232 running in system mode. (+PAM +AUDIT +SELINUX +IMA +APPARMOR +SMACK +SYSVINIT +UTMP +LIBCRYPTSETUP +GCRYPT +GNUTLS +ACL +XZ +LZ4 +SECCOMP +BLKID +ELFUTILS +KMOD +IDN)
[    8.323336] systemd[1]: Detected architecture arm.

Welcome to [1mDebian GNU/Linux 9 (stretch)[0m!

[    8.354763] systemd[1]: Set hostname to <arm>.
[    9.473404] systemd[1]: Started Dispatch Password Requests to Console Directory Watch.
[[0;32m  OK  [0m] Started Dispatch Password Requests to Console Directory Watch.
[    9.503256] systemd[1]: Created slice System Slice.
[[0;32m  OK  [0m] Created slice System Slice.
[    9.562273] systemd[1]: Mounting POSIX Message Queue File System...
         Mounting POSIX Message Queue File System...
[    9.594600] systemd[1]: dev-hugepages.mount: Couldn't determine result for ConditionVirtualization=!private-users, assuming failed: No such file or directory
[    9.616797] systemd[1]: Created slice system-getty.slice.
[[0;32m  OK  [0m] Created slice system-getty.slice.
[    9.635954] systemd[1]: Set up automount Arbitrary Executable File Formats File System Automount Point.
[[0;32m  OK  [0m] Set up automount Arbitrary Executabâ€¦rmats File System Automount Point.
[    9.678532] systemd[1]: Listening on udev Kernel Socket.
[[0;32m  OK  [0m] Listening on udev Kernel Socket.
[[0;32m  OK  [0m] Listening on /dev/initctl Compatibility Named Pipe.
[[0;32m  OK  [0m] Created slice User and Session Slice.
[[0;32m  OK  [0m] Listening on Journal Socket (/dev/log).
[[0;32m  OK  [0m] Listening on Syslog Socket.
[[0;32m  OK  [0m] Started Forward Password Requests to Wall Directory Watch.
[[0;32m  OK  [0m] Listening on Journal Socket.
         Starting Create list of required stâ€¦ce nodes for the current kernel...
         Starting Load Kernel Modules...
[[0;32m  OK  [0m] Reached target Encrypted Volumes.
[[0;32m  OK  [0m] Reached target Remote File Systems.
[[0;32m  OK  [0m] Reached target Slices.
[[0;32m  OK  [0m] Listening on udev Control Socket.
[[0;32m  OK  [0m] Listening on Journal Audit Socket.
         Starting Remount Root and Kernel File Systems...
         Starting Journal Service...
[[0;32m  OK  [0m] Created slice system-serial\x2dgetty.slice.
[[0;32m  OK  [0m] Reached target Paths.
         Mounting Debug File System...
[[0;32m  OK  [0m] Reached target Swap.
[[0;32m  OK  [0m] Mounted POSIX Message Queue File System.
[[0;32m  OK  [0m] Started Create list of required staâ€¦vice nodes for the current kernel.
[[0;32m  OK  [0m] Started Load Kernel Modules.
         Mounting Configuration File System...
         Starting Apply Kernel Variables...
         Starting Create Static Device Nodes in /dev...
[[0;32m  OK  [0m] Mounted Debug File System.
[[0;32m  OK  [0m] Started Remount Root and Kernel File Systems.
[[0;32m  OK  [0m] Mounted Configuration File System.
         Starting Load/Save Random Seed...
         Starting udev Coldplug all Devices...
[[0;32m  OK  [0m] Started Apply Kernel Variables.
[[0;32m  OK  [0m] Started Load/Save Random Seed.
[[0;32m  OK  [0m] Started Create Static Device Nodes in /dev.
         Starting udev Kernel Device Manager...
[[0;32m  OK  [0m] Reached target Local File Systems (Pre).
[[0;32m  OK  [0m] Reached target Local File Systems.
         Starting Raise network interfaces...
[[0;32m  OK  [0m] Started Journal Service.
         Starting Flush Journal to Persistent Storage...
[   11.799952] systemd-journald[85]: Received request to flush runtime journal from PID 1
[[0;32m  OK  [0m] Started Flush Journal to Persistent Storage.
         Starting Create Volatile Files and Directories...
[[0;32m  OK  [0m] Started udev Kernel Device Manager.
[[0;32m  OK  [0m] Started Create Volatile Files and Directories.
         Starting Network Time Synchronization...
         Starting Update UTMP about System Boot/Shutdown...
[[0;32m  OK  [0m] Started udev Coldplug all Devices.
[[0;32m  OK  [0m] Started Update UTMP about System Boot/Shutdown.
[   14.953312] remoteproc remoteproc0: wkup_m3 is available
[   15.076486] omap_rtc 44e3e000.rtc: registered as rtc0
[   15.081861] omap_rtc 44e3e000.rtc: setting system clock to 2000-01-01T00:00:00 UTC (946684800)
[   15.174148] omap_wdt: OMAP Watchdog Timer Rev 0x01: initial timeout 60 sec
[   15.270440] at24 2-0054: supply vcc not found, using dummy regulator
[   15.401594] at24 2-0055: supply vcc not found, using dummy regulator
[   15.484984] am335x-phy-driver 47401300.usb-phy: dummy supplies not allowed for exclusive requests (id=vbus)
[   15.525599] at24 2-0056: supply vcc not found, using dummy regulator
[   15.624711] at24 2-0057: supply vcc not found, using dummy regulator
[[0;32m  OK  [0m] Found device /dev/ttyS0.
[   15.715270] am335x-phy-driver 47401b00.usb-phy: dummy supplies not allowed for exclusive requests (id=vbus)
[   15.778863] tps6521x_pwrbutton tps65217-pwrbutton: DMA mask not set
[   15.792081] at24 0-0050: 32768 byte 24c256 EEPROM, writable, 1 bytes/write
[   15.876758] input: tps65217_pwrbutton as /devices/platform/ocp/44c00000.interconnect/44c00000.interconnect:segment@200000/44e0b000.target-module/44e0b000.i2c/i2c-0/0-0024/tps65217-pwrbutton/input/input0
[[0;32m  OK  [0m] Started Network Time Synchronization.
[   16.045657] wkup_m3_ipc 44e11324.wkup_m3_ipc: IPC Request for A8->M3 Channel failed! -517
[[0;32m  OK  [0m] Reached target System Time Synchronized.
[[0;32m  OK  [0m] Reached target System Initialization.
[[0;32m  OK  [0m] Listening on Avahi mDNS/DNS-SD Stack Activation Socket.
[[0;32m  OK  [0m] Listening on D-Bus System Message Bus Socket.
[[0;32m  OK  [0m] Reached target Sockets.
[[0;32m  OK  [0m] Reached target Basic System.
[   16.551410] usbcore: registered new interface driver usbfs
[   16.557352] usbcore: registered new interface driver hub
[   16.562898] usbcore: registered new device driver usb
         Starting Cape Manager Service...
         Starting LSB: Load kernel modules needed to enable cpufreq scaling...
         Starting System Logging Service...
         Starting Telephony service...
[   17.154394] tda998x 0-0070: found TDA19988
[   17.173076] wkup_m3_ipc 44e11324.wkup_m3_ipc: IPC Request for A8->M3 Channel failed! -517
[   17.299177] musb-hdrc musb-hdrc.1: MUSB HDRC host driver
[   17.304844] musb-hdrc musb-hdrc.1: new USB bus registered, assigned bus number 1
[   17.313159] wkup_m3_ipc 44e11324.wkup_m3_ipc: IPC Request for A8->M3 Channel failed! -517
[[0;32m  OK  [0m] Started Regular background program processing daemon.
[   17.350402] wkup_m3_ipc 44e11324.wkup_m3_ipc: IPC Request for A8->M3 Channel failed! -517
         Starting Avahi mDNS/DNS-SD Stack...
[   17.550251] usb usb1: New USB device found, idVendor=1d6b, idProduct=0002, bcdDevice= 6.13
[   17.558861] usb usb1: New USB device strings: Mfr=3, Product=2, SerialNumber=1
[   17.566238] usb usb1: Product: MUSB HDRC host driver
[   17.571237] usb usb1: Manufacturer: Linux 6.13.0-rc6-next-20250110 musb-hcd
[   17.578275] usb usb1: SerialNumber: musb-hdrc.1
[[0;32m  OK  [0m] Started D-Bus System Message Bus.
[   17.602530] omap-mailbox 480c8000.mailbox: omap mailbox rev 0x400
[   17.736007] remoteproc remoteproc0: powering up wkup_m3
[   17.884110] remoteproc remoteproc0: Direct firmware load for am335x-pm-firmware.elf failed with error -2
[   17.893859] remoteproc remoteproc0: request_firmware failed: -2
[   17.899821] wkup_m3_ipc 44e11324.wkup_m3_ipc: rproc_boot failed
[   18.081574] hub 1-0:1.0: USB hub found
[   18.093668] hub 1-0:1.0: 1 port detected
[   20.254453] omap_rng 48310000.rng: Random Number Generator ver. 20
[   20.386752] tilcdc 4830e000.lcdc: bound 0-0070 (ops tda998x_driver_exit [tda998x])
[   20.450445] [drm] Initialized tilcdc 1.0.0 for 4830e000.lcdc on minor 0
[   20.498331] tilcdc 4830e000.lcdc: [drm] Cannot find any crtc or sizes
[   20.506696] tilcdc 4830e000.lcdc: [drm] Cannot find any crtc or sizes
[[0;32m  OK  [0m] Started Telephony service.
[[0;32m  OK  [0m] Started Avahi mDNS/DNS-SD Stack.
         Starting Connection service...
[   21.118298] PM: Cannot get wkup_m3_ipc handle
         Starting DUN service...
[[0;32m  OK  [0m] Started Daily Cleanup of Temporary Directories.
[   21.299715] omap-sham 53100000.sham: hw accel on OMAP rev 4.3
         Starting LSB: Start busybox udhcpd at boot time...
[   21.404034] omap-sham 53100000.sham: will run requests pump with realtime priority
[   21.416343] PM: Cannot get wkup_m3_ipc handle
         Starting Login Service...
         Starting Generic Board Startup...
[   21.617425] omap-aes 53500000.aes: OMAP AES hw accel rev: 3.2
[[0;32m  OK  [0m] Started Daily apt download activities.
[   21.740858] omap-aes 53500000.aes: will run requests pump with realtime priority
[   21.752537] PM: Cannot get wkup_m3_ipc handle
[[0;32m  OK  [0m] Started Daily apt upgrade and clean activities.
[[0;32m  OK  [0m] Reached target Timers.
[[0;32m  OK  [0m] Started System Logging Service.
[[0;32m  OK  [0m] Started Cape Manager Service.
[   23.012562] Bluetooth: Core ver 2.22
[   23.016464] NET: Registered PF_BLUETOOTH protocol family
[   23.021917] Bluetooth: HCI device and connection manager initialized
[   23.028331] Bluetooth: HCI socket layer initialized
[   23.033300] Bluetooth: L2CAP socket layer initialized
[   23.038418] Bluetooth: SCO socket layer initialized
[   25.143250] PM: Cannot get wkup_m3_ipc handle
[   25.233165] PM: Cannot get wkup_m3_ipc handle
[[0;32m  OK  [0m] Started LSB: Start busybox udhcpd at boot time.
[[0;32m  OK  [0m] Started LSB: Load kernel modules needed to enable cpufreq scaling.
[[0;32m  OK  [0m] Started Raise network interfaces.
[   28.980666] configfs-gadget.g_multi gadget.0: HOST MAC 1c:ba:8c:a2:ed:6c
[   28.987662] configfs-gadget.g_multi gadget.0: MAC 1c:ba:8c:a2:ed:70
[   28.995047] configfs-gadget.g_multi gadget.0: HOST MAC 1c:ba:8c:a2:ed:6c
[   29.001908] configfs-gadget.g_multi gadget.0: MAC 1c:ba:8c:a2:ed:6d
[   29.022267] PM: Cannot get wkup_m3_ipc handle
[[0;32m  OK  [0m] Started DUN service.
[[0;32m  OK  [0m] Started Connection service.
[[0;32m  OK  [0m] Started Login Service.
[[0;32m  OK  [0m] Reached target Sound Card.
[[0;32m  OK  [0m] Reached target Network.
         Starting OpenBSD Secure Shell server...
         Starting Permit User Sessions...
         Starting The Apache HTTP Server...
[[0;32m  OK  [0m] Reached target Network is Online.
         Starting LSB: Advanced IEEE 802.11 management daemon...
         Starting LSB: set CPUFreq kernel parameters...
[[0;32m  OK  [0m] Started Permit User Sessions.
[[0;32m  OK  [0m] Started LSB: Advanced IEEE 802.11 management daemon.
[[0;32m  OK  [0m] Started Serial Getty on ttyS0.
[[0;32m  OK  [0m] Started Getty on tty1.
[[0;32m  OK  [0m] Reached target Login Prompts.
         Starting Hostname Service...
         Starting WPA supplicant...
[[0;32m  OK  [0m] Started LSB: set CPUFreq kernel parameters.
[[0;32m  OK  [0m] Started WPA supplicant.
[[0;32m  OK  [0m] Started Hostname Service.
[[0;32m  OK  [0m] Started OpenBSD Secure Shell server.
         Stopping LSB: Start busybox udhcpd at boot time...
[[0;32m  OK  [0m] Stopped LSB: Start busybox udhcpd at boot time.
[[0;32m  OK  [0m] Started The Apache HTTP Server.
         Starting dnsmasq - A lightweight DHCP and caching DNS server...
[[0;32m  OK  [0m] Started dnsmasq - A lightweight DHCP and caching DNS server.
[[0;32m  OK  [0m] Reached target Host and Network Name Lookups.
[[0;32m  OK  [0m] Started Serial Getty on ttyGS0.
[[0;32m  OK  [0m] Started Generic Board Startup.
[[0;32m  OK  [0m] Reached target Multi-User System.
[[0;32m  OK  [0m] Reached target Graphical Interface.
         Starting Update UTMP about System Runlevel Changes...
[[0;32m  OK  [0m] Started Update UTMP about System Runlevel Changes.

Debian GNU/Linux 9 arm ttyS0

default username:password is [debian:temppwd]

arm login: root
Password: 
Last login: Sat Jan  1 00:00:28 UTC 2000 on ttyS0
root
Linux arm 6.13.0-rc6-next-20250110 #7 SMP Fri Jan 10 09:28:47 EET 2025 armv7l

The programs included with the Debian GNU/Linux system are free software;
the exact distribution terms for each program are described in the
individual files in /usr/share/doc/*/copyright.

Debian GNU/Linux comes with ABSOLUTELY NO WARRANTY, to the extent
permitted by applicable law.
root@arm:~# root
-bash: root: command not found
root@arm:~# dmesg -n 1
root@arm:~# echo 'HNHE''HTATGN'
HNHEHTATGN
root@arm:~# run() { echo -n "$MARKER"; sh -c "$@"; echo "$MARKER $?"; }
root@arm:~# echo 'QGTH''OPMGMP'
QGTHOPMGMP
root@arm:~# MARKER='WNMN''CQQNOQ' run 'cat /proc/version'
WNMNCQQNOQLinux version 6.13.0-rc6-next-20250110 (user01@drvtest01) (arm-linux-gnueabihf-gcc (Linaro GCC 6.4-2017.11) 6.4.1 20171012, GNU ld (Linaro_Binutils-2017.11) 2.27.0.20161229) #7 SMP Fri Jan 10 09:28:47 EET 2025
WNMNCQQNOQ 0
root@arm:~# echo 'QEBW''OBBJSO'
QEBWOBBJSO
root@arm:~# MARKER='JBHO''BLEEUF' run false
JBHOBLEEUFJBHOBLEEUF 1
root@arm:~# Labgrid Console Logfile for main
Logfile started at 2025-01-10 09:30:39.158121
=== Log starts here ===

root@arm:~# run() { echo -n "$MARKER"; sh -c "$@"; echo "$MARKER $?"; }
root@arm:~# echo 'QYOM''GMKUUS'
QYOMGMKUUS
root@arm:~# MARKER='LHKU''LLUEOU' run 'ls /iio_generic_buffer; echo $?'
LHKULLUEOU/iio_generic_buffer
0
LHKULLUEOU 0
root@arm:~# Labgrid Console Logfile for main
Logfile started at 2025-01-10 09:30:42.548663
=== Log starts here ===

root@arm:~# run() { echo -n "$MARKER"; sh -c "$@"; echo "$MARKER $?"; }
root@arm:~# echo 'EUTO''WBZBVX'
EUTOWBZBVX
root@arm:~# MARKER='XOZT''QEYGKH' run dmesg
XOZTQEYGKH[    0.000000] Booting Linux on physical CPU 0x0
[    0.000000] Linux version 6.13.0-rc6-next-20250110 (user01@drvtest01) (arm-linux-gnueabihf-gcc (Linaro GCC 6.4-2017.11) 6.4.1 20171012, GNU ld (Linaro_Binutils-2017.11) 2.27.0.20161229) #7 SMP Fri Jan 10 09:28:47 EET 2025
[    0.000000] CPU: ARMv7 Processor [413fc082] revision 2 (ARMv7), cr=10c5387d
[    0.000000] CPU: PIPT / VIPT nonaliasing data cache, VIPT aliasing instruction cache
[    0.000000] OF: fdt: Machine model: TI AM335x BeagleBone Black
[    0.000000] Memory policy: Data cache writeback
[    0.000000] cma: Reserved 16 MiB at 0x9e800000 on node -1
[    0.000000] Zone ranges:
[    0.000000]   Normal   [mem 0x0000000080000000-0x000000009fdfffff]
[    0.000000]   HighMem  empty
[    0.000000] Movable zone start for each node
[    0.000000] Early memory node ranges
[    0.000000]   node   0: [mem 0x0000000080000000-0x000000009fdfffff]
[    0.000000] Initmem setup node 0 [mem 0x0000000080000000-0x000000009fdfffff]
[    0.000000] OF: reserved mem: Reserved memory: No reserved-memory node in the DT
[    0.000000] CPU: All CPU(s) started in SVC mode.
[    0.000000] AM335X ES2.1 (sgx neon)
[    0.000000] percpu: Embedded 17 pages/cpu s39628 r8192 d21812 u69632
[    0.000000] pcpu-alloc: s39628 r8192 d21812 u69632 alloc=17*4096
[    0.000000] pcpu-alloc: [0] 0 
[    0.000000] Kernel command line: console=ttyO0,115200n8 root=/dev/nfs rw nfsroot=192.168.255.126:/home/user01/nfs,nfsvers=3 ip=192.168.255.1:192.168.255.126::255.255.255.0:bbb1:eth0 nfsrootdebug
[    0.000000] Unknown kernel command line parameters "nfsrootdebug", will be passed to user space.
[    0.000000] printk: log buffer data + meta data: 65536 + 204800 = 270336 bytes
[    0.000000] Dentry cache hash table entries: 65536 (order: 6, 262144 bytes, linear)
[    0.000000] Inode-cache hash table entries: 32768 (order: 5, 131072 bytes, linear)
[    0.000000] Built 1 zonelists, mobility grouping on.  Total pages: 130560
[    0.000000] mem auto-init: stack:off, heap alloc:off, heap free:off
[    0.000000] SLUB: HWalign=64, Order=0-3, MinObjects=0, CPUs=1, Nodes=1
[    0.000000] rcu: Hierarchical RCU implementation.
[    0.000000] rcu: 	RCU event tracing is enabled.
[    0.000000] rcu: 	RCU restricting CPUs from NR_CPUS=2 to nr_cpu_ids=1.
[    0.000000] 	Tracing variant of Tasks RCU enabled.
[    0.000000] rcu: RCU calculated value of scheduler-enlistment delay is 10 jiffies.
[    0.000000] rcu: Adjusting geometry for rcu_fanout_leaf=16, nr_cpu_ids=1
[    0.000000] RCU Tasks Trace: Setting shift to 0 and lim to 1 rcu_task_cb_adjust=1 rcu_task_cpu_ids=1.
[    0.000000] NR_IRQS: 16, nr_irqs: 16, preallocated irqs: 16
[    0.000000] IRQ: Found an INTC at 0x(ptrval) (revision 5.0) with 128 interrupts
[    0.000000] rcu: srcu_init: Setting srcu_struct sizes based on contention.
[    0.000000] TI gptimer clocksource: always-on /ocp/interconnect@44c00000/segment@200000/target-module@31000
[    0.000003] sched_clock: 32 bits at 24MHz, resolution 41ns, wraps every 89478484971ns
[    0.000026] clocksource: dmtimer: mask: 0xffffffff max_cycles: 0xffffffff, max_idle_ns: 79635851949 ns
[    0.000522] TI gptimer clockevent: 24000000 Hz at /ocp/interconnect@48000000/segment@0/target-module@40000
[    0.002201] Console: colour dummy device 80x30
[    0.002270] WARNING: Your 'console=ttyO0' has been replaced by 'ttyS0'
[    0.002279] This ensures that you still see kernel messages. Please
[    0.002283] update your kernel commandline.
[    0.002327] Calibrating delay loop... 996.14 BogoMIPS (lpj=4980736)
[    0.090571] CPU: Testing write buffer coherency: ok
[    0.090682] CPU0: Spectre v2: using BPIALL workaround
[    0.090692] pid_max: default: 32768 minimum: 301
[    0.090814] LSM: initializing lsm=capability
[    0.090986] Mount-cache hash table entries: 1024 (order: 0, 4096 bytes, linear)
[    0.091005] Mountpoint-cache hash table entries: 1024 (order: 0, 4096 bytes, linear)
[    0.092670] CPU0: thread -1, cpu 0, socket -1, mpidr 0
[    0.160954] Setting up static identity map for 0x80100000 - 0x80100078
[    0.170730] rcu: Hierarchical SRCU implementation.
[    0.170740] rcu: 	Max phase no-delay instances is 1000.
[    0.190773] smp: Bringing up secondary CPUs ...
[    0.190832] smp: Brought up 1 node, 1 CPU
[    0.190847] SMP: Total of 1 processors activated (996.14 BogoMIPS).
[    0.190858] CPU: All CPU(s) started in SVC mode.
[    0.191030] Memory: 480836K/522240K available (11264K kernel code, 1214K rwdata, 2908K rodata, 1024K init, 296K bss, 23388K reserved, 16384K cma-reserved, 0K highmem)
[    0.191926] devtmpfs: initialized
[    0.208646] VFP support v0.3: implementor 41 architecture 3 part 30 variant c rev 3
[    0.209002] clocksource: jiffies: mask: 0xffffffff max_cycles: 0xffffffff, max_idle_ns: 19112604462750000 ns
[    0.209038] futex hash table entries: 256 (order: 2, 16384 bytes, linear)
[    0.210299] pinctrl core: initialized pinctrl subsystem
[    0.213363] NET: Registered PF_NETLINK/PF_ROUTE protocol family
[    0.216158] DMA: preallocated 256 KiB pool for atomic coherent allocations
[    0.217060] audit: initializing netlink subsys (disabled)
[    0.218494] thermal_sys: Registered thermal governor 'fair_share'
[    0.218510] thermal_sys: Registered thermal governor 'step_wise'
[    0.218519] thermal_sys: Registered thermal governor 'user_space'
[    0.218683] audit: type=2000 audit(0.210:1): state=initialized audit_enabled=0 res=1
[    0.218719] cpuidle: using governor menu
[    0.237215] /ocp/interconnect@44c00000/segment@200000/target-module@b000/i2c@0/tda19988@70: Fixed dependency cycle(s) with /ocp/interconnect@48000000/segment@300000/target-module@e000/lcdc@0
[    0.238378] /ocp/interconnect@48000000/segment@300000/target-module@e000/lcdc@0: Fixed dependency cycle(s) with /ocp/interconnect@44c00000/segment@200000/target-module@b000/i2c@0/tda19988@70
[    0.240567] No ATAGs?
[    0.240704] hw-breakpoint: debug architecture 0x4 unsupported.
[    0.243550] kprobes: kprobe jump-optimization is enabled. All kprobes are optimized if possible.
[    0.254204] iommu: Default domain type: Translated
[    0.254228] iommu: DMA domain TLB invalidation policy: strict mode
[    0.255917] reg-fixed-voltage fixedregulator0: using DT '/fixedregulator0' for '(default)' GPIO lookup
[    0.255972] of_get_named_gpiod_flags: can't parse 'gpios' property of node '/fixedregulator0[0]'
[    0.256001] of_get_named_gpiod_flags: can't parse 'gpio' property of node '/fixedregulator0[0]'
[    0.256020] reg-fixed-voltage fixedregulator0: using lookup tables for GPIO lookup
[    0.256030] reg-fixed-voltage fixedregulator0: No GPIO consumer (default) found
[    0.261935] SCSI subsystem initialized
[    0.262433] libata version 3.00 loaded.
[    0.262805] pps_core: LinuxPPS API ver. 1 registered
[    0.262817] pps_core: Software ver. 5.3.6 - Copyright 2005-2007 Rodolfo Giometti <giometti@linux.it>
[    0.262841] PTP clock support registered
[    0.271230] vgaarb: loaded
[    0.271649] clocksource: Switched to clocksource dmtimer
[    0.272309] VFS: Disk quotas dquot_6.6.0
[    0.272352] VFS: Dquot-cache hash table entries: 1024 (order 0, 4096 bytes)
[    0.297277] NET: Registered PF_INET protocol family
[    0.297634] IP idents hash table entries: 8192 (order: 4, 65536 bytes, linear)
[    0.299068] tcp_listen_portaddr_hash hash table entries: 512 (order: 0, 4096 bytes, linear)
[    0.299105] Table-perturb hash table entries: 65536 (order: 6, 262144 bytes, linear)
[    0.299122] TCP established hash table entries: 4096 (order: 2, 16384 bytes, linear)
[    0.299166] TCP bind hash table entries: 4096 (order: 4, 65536 bytes, linear)
[    0.299266] TCP: Hash tables configured (established 4096 bind 4096)
[    0.299383] UDP hash table entries: 256 (order: 1, 14336 bytes, linear)
[    0.299419] UDP-Lite hash table entries: 256 (order: 1, 14336 bytes, linear)
[    0.299600] NET: Registered PF_UNIX/PF_LOCAL protocol family
[    0.300904] RPC: Registered named UNIX socket transport module.
[    0.300923] RPC: Registered udp transport module.
[    0.300929] RPC: Registered tcp transport module.
[    0.300934] RPC: Registered tcp-with-tls transport module.
[    0.300940] RPC: Registered tcp NFSv4.1 backchannel transport module.
[    0.300964] PCI: CLS 0 bytes, default 64
[    0.302597] Initialise system trusted keyrings
[    0.313076] workingset: timestamp_bits=14 max_order=17 bucket_order=3
[    0.314422] NFS: Registering the id_resolver key type
[    0.314501] Key type id_resolver registered
[    0.314509] Key type id_legacy registered
[    0.314560] jffs2: version 2.2. (NAND) (SUMMARY)  Â© 2001-2006 Red Hat, Inc.
[    0.314979] Key type asymmetric registered
[    0.314996] Asymmetric key parser 'x509' registered
[    0.315058] io scheduler mq-deadline registered
[    0.315069] io scheduler kyber registered
[    0.315137] io scheduler bfq registered
[    0.316766] ledtrig-cpu: registered to indicate activity on CPUs
[    0.322159] Serial: 8250/16550 driver, 6 ports, IRQ sharing enabled
[    0.375158] brd: module loaded
[    0.396901] loop: module loaded
[    0.397839] mtdoops: mtd device (mtddev=name/number) must be supplied
[    0.399594] mdio_bus fixed-0: using lookup tables for GPIO lookup
[    0.399616] mdio_bus fixed-0: No GPIO consumer reset found
[    0.401004] i2c_dev: i2c /dev entries driver
[    0.402178] cpuidle: enable-method property 'ti,am3352' found operations
[    0.402646] sdhci: Secure Digital Host Controller Interface driver
[    0.402656] sdhci: Copyright(c) Pierre Ossman
[    0.402830] sdhci-pltfm: SDHCI platform and OF driver helper
[    0.403882] Initializing XFRM netlink socket
[    0.404035] NET: Registered PF_INET6 protocol family
[    0.414047] Segment Routing with IPv6
[    0.414140] In-situ OAM (IOAM) with IPv6
[    0.414238] sit: IPv6, IPv4 and MPLS over IPv4 tunneling driver
[    0.415210] NET: Registered PF_PACKET protocol family
[    0.415243] NET: Registered PF_KEY protocol family
[    0.415360] Key type dns_resolver registered
[    0.415638] ThumbEE CPU extension supported.
[    0.415660] Registering SWP/SWPB emulation handler
[    0.416205] omap_voltage_late_init: Voltage driver support not added
[    0.416574] SmartReflex Class3 initialized
[    0.442794] Loading compiled-in X.509 certificates
[    0.490903] /ocp/interconnect@44c00000/segment@200000/target-module@b000/i2c@0/tda19988@70: Fixed dependency cycle(s) with /ocp/interconnect@48000000/segment@300000/target-module@e000/lcdc@0
[    0.497489] /ocp/interconnect@44c00000/segment@200000/target-module@b000/i2c@0/tda19988@70: Fixed dependency cycle(s) with /ocp/interconnect@48000000/segment@300000/target-module@e000/lcdc@0
[    0.503244] gpiochip_find_base_unlocked: found new base at 512
[    0.527341] /ocp/interconnect@44c00000/segment@200000/target-module@b000/i2c@0/tda19988@70: Fixed dependency cycle(s) with /ocp/interconnect@48000000/segment@300000/target-module@e000/lcdc@0
[    0.528210] /ocp/interconnect@44c00000/segment@200000/target-module@b000/i2c@0/tda19988@70: Fixed dependency cycle(s) with /ocp/interconnect@48000000/segment@300000/target-module@e000/lcdc@0
[    0.531873] /ocp/interconnect@44c00000/segment@200000/target-module@10000/scm@0/pinmux@800: Fixed dependency cycle(s) with /ocp/interconnect@44c00000/segment@200000/target-module@10000/scm@0/pinmux@800/clkout2-pins
[    0.532517] pinctrl-single 44e10800.pinmux: 142 pins, size 568
[    0.537775] ti-sysc 44e31000.target-module: probe with driver ti-sysc failed with error -16
[    0.569588] /ocp/interconnect@48000000/segment@300000/target-module@e000/lcdc@0: Fixed dependency cycle(s) with /ocp/interconnect@44c00000/segment@200000/target-module@b000/i2c@0/tda19988@70
[    0.577689] ti-sysc 48040000.target-module: probe with driver ti-sysc failed with error -16
[    0.589170] gpiochip_find_base_unlocked: found new base at 512
[    0.589272] gpio gpiochip0: (gpio-0-31): created GPIO range 0->7 ==> 44e10800.pinmux PIN 0->7
[    0.589292] gpio gpiochip0: (gpio-0-31): created GPIO range 8->11 ==> 44e10800.pinmux PIN 90->93
[    0.589309] gpio gpiochip0: (gpio-0-31): created GPIO range 12->27 ==> 44e10800.pinmux PIN 12->27
[    0.589324] gpio gpiochip0: (gpio-0-31): created GPIO range 28->31 ==> 44e10800.pinmux PIN 30->33
[    0.616457] gpio gpiochip0: (gpio-0-31): added GPIO chardev (254:0)
[    0.616605] gpio gpiochip0: registered GPIOs 512 to 543 on gpio-0-31
[    0.616698] OMAP GPIO hardware version 0.1
[    0.643863] i2c i2c-2: using DT '/ocp/interconnect@48000000/segment@100000/target-module@9c000/i2c@0' for 'scl' GPIO lookup
[    0.643938] of_get_named_gpiod_flags: can't parse 'scl-gpios' property of node '/ocp/interconnect@48000000/segment@100000/target-module@9c000/i2c@0[0]'
[    0.643983] of_get_named_gpiod_flags: can't parse 'scl-gpio' property of node '/ocp/interconnect@48000000/segment@100000/target-module@9c000/i2c@0[0]'
[    0.644021] i2c i2c-2: using lookup tables for GPIO lookup
[    0.644031] i2c i2c-2: No GPIO consumer scl found
[    0.644053] i2c i2c-2: using DT '/ocp/interconnect@48000000/segment@100000/target-module@9c000/i2c@0' for 'sda' GPIO lookup
[    0.644089] of_get_named_gpiod_flags: can't parse 'sda-gpios' property of node '/ocp/interconnect@48000000/segment@100000/target-module@9c000/i2c@0[0]'
[    0.644128] of_get_named_gpiod_flags: can't parse 'sda-gpio' property of node '/ocp/interconnect@48000000/segment@100000/target-module@9c000/i2c@0[0]'
[    0.644160] i2c i2c-2: using lookup tables for GPIO lookup
[    0.644168] i2c i2c-2: No GPIO consumer sda found
[    0.644873] omap_i2c 4819c000.i2c: bus 2 rev0.11 at 100 kHz
[    0.650313] gpiochip_find_base_unlocked: found new base at 544
[    0.650415] gpio gpiochip1: (gpio-32-63): created GPIO range 0->17 ==> 44e10800.pinmux PIN 34->51
[    0.650436] gpio gpiochip1: (gpio-32-63): created GPIO range 18->21 ==> 44e10800.pinmux PIN 77->80
[    0.650453] gpio gpiochip1: (gpio-32-63): created GPIO range 22->31 ==> 44e10800.pinmux PIN 56->65
[    0.675000] gpio gpiochip1: (gpio-32-63): added GPIO chardev (254:1)
[    0.675155] gpio gpiochip1: registered GPIOs 544 to 575 on gpio-32-63
[    0.677431] gpiochip_find_base_unlocked: found new base at 576
[    0.677527] gpio gpiochip2: (gpio-64-95): created GPIO range 0->4 ==> 44e10800.pinmux PIN 66->70
[    0.677553] gpio gpiochip2: (gpio-64-95): created GPIO range 5->6 ==> 44e10800.pinmux PIN 98->99
[    0.677571] gpio gpiochip2: (gpio-64-95): created GPIO range 7->8 ==> 44e10800.pinmux PIN 75->76
[    0.677587] gpio gpiochip2: (gpio-64-95): created GPIO range 13->13 ==> 44e10800.pinmux PIN 141->141
[    0.677605] gpio gpiochip2: (gpio-64-95): created GPIO range 14->21 ==> 44e10800.pinmux PIN 100->107
[    0.678283] gpio gpiochip2: (gpio-64-95): added GPIO chardev (254:2)
[    0.678421] gpio gpiochip2: registered GPIOs 576 to 607 on gpio-64-95
[    0.684191] 48000000.interconnect:segment@200000:target-module@0:mpu@0:fck: device ID is greater than 24
[    0.685097] /ocp/interconnect@48000000/segment@300000/target-module@e000/lcdc@0: Fixed dependency cycle(s) with /ocp/interconnect@44c00000/segment@200000/target-module@b000/i2c@0/tda19988@70
[    0.687860] /ocp/interconnect@48000000/segment@300000/target-module@e000/lcdc@0: Fixed dependency cycle(s) with /ocp/interconnect@44c00000/segment@200000/target-module@b000/i2c@0/tda19988@70
[    0.688548] /ocp/interconnect@44c00000/segment@200000/target-module@b000/i2c@0/tda19988@70: Fixed dependency cycle(s) with /ocp/interconnect@48000000/segment@300000/target-module@e000/lcdc@0
[    0.688707] /ocp/interconnect@48000000/segment@300000/target-module@e000/lcdc@0: Fixed dependency cycle(s) with /ocp/interconnect@44c00000/segment@200000/target-module@b000/i2c@0/tda19988@70
[    0.698365] mdio_bus 4a101000.mdio: using DT '/ocp/interconnect@4a000000/segment@0/target-module@100000/switch@0/mdio@1000' for 'reset' GPIO lookup
[    0.698447] of_get_named_gpiod_flags: can't parse 'reset-gpios' property of node '/ocp/interconnect@4a000000/segment@0/target-module@100000/switch@0/mdio@1000[0]'
[    0.698498] of_get_named_gpiod_flags: can't parse 'reset-gpio' property of node '/ocp/interconnect@4a000000/segment@0/target-module@100000/switch@0/mdio@1000[0]'
[    0.698546] mdio_bus 4a101000.mdio: using lookup tables for GPIO lookup
[    0.698556] mdio_bus 4a101000.mdio: No GPIO consumer reset found
[    0.699574] sdhci-omap 481d8000.mmc: using DT '/ocp/interconnect@48000000/segment@100000/target-module@d8000/mmc@0' for 'wp' GPIO lookup
[    0.699633] of_get_named_gpiod_flags: can't parse 'wp-gpios' property of node '/ocp/interconnect@48000000/segment@100000/target-module@d8000/mmc@0[0]'
[    0.699676] of_get_named_gpiod_flags: can't parse 'wp-gpio' property of node '/ocp/interconnect@48000000/segment@100000/target-module@d8000/mmc@0[0]'
[    0.699711] sdhci-omap 481d8000.mmc: using lookup tables for GPIO lookup
[    0.699721] sdhci-omap 481d8000.mmc: No GPIO consumer wp found
[    0.699916] sdhci-omap 481d8000.mmc: supply pbias not found, using dummy regulator
[    0.700422] sdhci-omap 481d8000.mmc: supply vqmmc not found, using dummy regulator
[    0.756558] davinci_mdio 4a101000.mdio: davinci mdio revision 1.6, bus freq 1000000
[    0.773861] mdio_bus 4a101000.mdio:00: using DT '/ocp/interconnect@4a000000/segment@0/target-module@100000/switch@0/mdio@1000/ethernet-phy@0' for 'reset' GPIO lookup
[    0.773964] of_get_named_gpiod_flags: parsed 'reset-gpios' property of node '/ocp/interconnect@4a000000/segment@0/target-module@100000/switch@0/mdio@1000/ethernet-phy@0[0]' - status (0)
[    0.774129] gpio gpiochip0: Persistence not supported for GPIO 8
[    0.908780] davinci_mdio 4a101000.mdio: phy[0]: device 4a101000.mdio:00, driver SMSC LAN8710/LAN8720
[    0.909565] cpsw-switch 4a100000.switch: initialized cpsw ale version 1.4
[    0.909587] cpsw-switch 4a100000.switch: ALE Table size 1024, Policers 0
[    0.919457] cpsw-switch 4a100000.switch: cpts: overflow check period 500 (jiffies)
[    0.919483] cpsw-switch 4a100000.switch: CPTS: ref_clk_freq:250000000 calc_mult:2147483648 calc_shift:29 error:0 nsec/sec
[    0.919598] cpsw-switch 4a100000.switch: Detected MACID = 6c:ec:eb:68:de:78
[    0.921427] cpsw-switch 4a100000.switch: initialized (regs 0x4a100000, pool size 256) hw_ver:0019010C 1.12 (0)
[    0.932665] debugfs: Directory '49000000.dma' with parent 'dmaengine' already present!
[    0.932706] edma 49000000.dma: TI EDMA DMA engine driver
[    0.986164] target-module@4b000000:target-module@140000:pmu@0:fck: device ID is greater than 24
[    0.996722] hw perfevents: enabled with armv7_cortex_a8 PMU driver, 5 (8000000f) counters available
[    0.997605] gpio-clk clk_mcasp0: using DT '/clk_mcasp0' for 'enable' GPIO lookup
[    0.997674] of_get_named_gpiod_flags: parsed 'enable-gpios' property of node '/clk_mcasp0[0]' - status (0)
[    0.997716] gpio gpiochip0: Persistence not supported for GPIO 27
[    0.998536] gpiochip_find_base_unlocked: found new base at 608
[    0.998644] gpio gpiochip3: (gpio-96-127): created GPIO range 0->7 ==> 44e10800.pinmux PIN 82->89
[    0.998665] gpio gpiochip3: (gpio-96-127): created GPIO range 8->11 ==> 44e10800.pinmux PIN 52->55
[    0.998681] gpio gpiochip3: (gpio-96-127): created GPIO range 12->15 ==> 44e10800.pinmux PIN 94->97
[    0.998697] gpio gpiochip3: (gpio-96-127): created GPIO range 16->17 ==> 44e10800.pinmux PIN 71->72
[    0.998713] gpio gpiochip3: (gpio-96-127): created GPIO range 18->18 ==> 44e10800.pinmux PIN 135->135
[    0.998730] gpio gpiochip3: (gpio-96-127): created GPIO range 19->20 ==> 44e10800.pinmux PIN 108->109
[    0.998747] gpio gpiochip3: (gpio-96-127): created GPIO range 21->21 ==> 44e10800.pinmux PIN 73->73
[    0.998764] gpio gpiochip3: (gpio-96-127): created GPIO range 22->23 ==> 44e10800.pinmux PIN 8->9
[    0.998782] gpio gpiochip3: (gpio-96-127): created GPIO range 26->27 ==> 44e10800.pinmux PIN 10->11
[    0.998800] gpio gpiochip3: (gpio-96-127): created GPIO range 28->28 ==> 44e10800.pinmux PIN 74->74
[    0.998818] gpio gpiochip3: (gpio-96-127): created GPIO range 29->29 ==> 44e10800.pinmux PIN 81->81
[    0.998837] gpio gpiochip3: (gpio-96-127): created GPIO range 30->31 ==> 44e10800.pinmux PIN 28->29
[    1.004402] l3-aon-clkctrl:0000:0: failed to disable
[    1.016143] gpio gpiochip3: (gpio-96-127): added GPIO chardev (254:3)
[    1.016300] gpio gpiochip3: registered GPIOs 608 to 639 on gpio-96-127
[    1.018262] omap8250 44e09000.serial: using DT '/ocp/interconnect@44c00000/segment@200000/target-module@9000/serial@0' for 'rs485-term' GPIO lookup
[    1.018335] of_get_named_gpiod_flags: can't parse 'rs485-term-gpios' property of node '/ocp/interconnect@44c00000/segment@200000/target-module@9000/serial@0[0]'
[    1.018379] of_get_named_gpiod_flags: can't parse 'rs485-term-gpio' property of node '/ocp/interconnect@44c00000/segment@200000/target-module@9000/serial@0[0]'
[    1.018417] omap8250 44e09000.serial: using lookup tables for GPIO lookup
[    1.018427] omap8250 44e09000.serial: No GPIO consumer rs485-term found
[    1.018438] omap8250 44e09000.serial: using DT '/ocp/interconnect@44c00000/segment@200000/target-module@9000/serial@0' for 'rs485-rx-during-tx' GPIO lookup
[    1.018474] of_get_named_gpiod_flags: can't parse 'rs485-rx-during-tx-gpios' property of node '/ocp/interconnect@44c00000/segment@200000/target-module@9000/serial@0[0]'
[    1.018512] of_get_named_gpiod_flags: can't parse 'rs485-rx-during-tx-gpio' property of node '/ocp/interconnect@44c00000/segment@200000/target-module@9000/serial@0[0]'
[    1.018546] omap8250 44e09000.serial: using lookup tables for GPIO lookup
[    1.018554] omap8250 44e09000.serial: No GPIO consumer rs485-rx-during-tx found
[    1.018917] 44e09000.serial: ttyS0 at MMIO 0x44e09000 (irq = 34, base_baud = 3000000) is a 8250
[    1.019006] printk: legacy console [ttyS0] enabled
[    2.476428] i2c i2c-0: using DT '/ocp/interconnect@44c00000/segment@200000/target-module@b000/i2c@0' for 'scl' GPIO lookup
[    2.476520] of_get_named_gpiod_flags: can't parse 'scl-gpios' property of node '/ocp/interconnect@44c00000/segment@200000/target-module@b000/i2c@0[0]'
[    2.476571] of_get_named_gpiod_flags: can't parse 'scl-gpio' property of node '/ocp/interconnect@44c00000/segment@200000/target-module@b000/i2c@0[0]'
[    2.476613] i2c i2c-0: using lookup tables for GPIO lookup
[    2.476627] i2c i2c-0: No GPIO consumer scl found
[    2.476653] i2c i2c-0: using DT '/ocp/interconnect@44c00000/segment@200000/target-module@b000/i2c@0' for 'sda' GPIO lookup
[    2.476695] of_get_named_gpiod_flags: can't parse 'sda-gpios' property of node '/ocp/interconnect@44c00000/segment@200000/target-module@b000/i2c@0[0]'
[    2.476738] of_get_named_gpiod_flags: can't parse 'sda-gpio' property of node '/ocp/interconnect@44c00000/segment@200000/target-module@b000/i2c@0[0]'
[    2.476776] i2c i2c-0: using lookup tables for GPIO lookup
[    2.476788] i2c i2c-0: No GPIO consumer sda found
[    2.492646] tps65217-pmic: Failed to locate of_node [id: -1]
[    2.498710] tps65217-bl: Failed to locate of_node [id: -1]
[    2.510168] tps65217 0-0024: TPS65217 ID 0xe version 1.2
[    2.516311] /ocp/interconnect@48000000/segment@300000/target-module@e000/lcdc@0: Fixed dependency cycle(s) with /ocp/interconnect@44c00000/segment@200000/target-module@b000/i2c@0/tda19988@70
[    2.533681] /ocp/interconnect@44c00000/segment@200000/target-module@b000/i2c@0/tda19988@70: Fixed dependency cycle(s) with /ocp/interconnect@48000000/segment@300000/target-module@e000/lcdc@0
[    2.551053] omap_i2c 44e0b000.i2c: bus 0 rev0.11 at 400 kHz
[    2.558872] sdhci-omap 48060000.mmc: using DT '/ocp/interconnect@48000000/segment@0/target-module@60000/mmc@0' for 'cd' GPIO lookup
[    2.558985] of_get_named_gpiod_flags: parsed 'cd-gpios' property of node '/ocp/interconnect@48000000/segment@0/target-module@60000/mmc@0[0]' - status (0)
[    2.559053] gpio gpiochip3: Persistence not supported for GPIO 6
[    2.559078] omap_gpio 44e07000.gpio: Could not set line 6 debounce to 200000 microseconds (-22)
[    2.567962] sdhci-omap 48060000.mmc: Got CD GPIO
[    2.572643] sdhci-omap 48060000.mmc: using DT '/ocp/interconnect@48000000/segment@0/target-module@60000/mmc@0' for 'wp' GPIO lookup
[    2.572701] of_get_named_gpiod_flags: can't parse 'wp-gpios' property of node '/ocp/interconnect@48000000/segment@0/target-module@60000/mmc@0[0]'
[    2.572748] of_get_named_gpiod_flags: can't parse 'wp-gpio' property of node '/ocp/interconnect@48000000/segment@0/target-module@60000/mmc@0[0]'
[    2.572788] sdhci-omap 48060000.mmc: using lookup tables for GPIO lookup
[    2.572802] sdhci-omap 48060000.mmc: No GPIO consumer wp found
[    2.573016] sdhci-omap 48060000.mmc: supply pbias not found, using dummy regulator
[    2.581850] sdhci-omap 481d8000.mmc: using DT '/ocp/interconnect@48000000/segment@100000/target-module@d8000/mmc@0' for 'wp' GPIO lookup
[    2.581926] of_get_named_gpiod_flags: can't parse 'wp-gpios' property of node '/ocp/interconnect@48000000/segment@100000/target-module@d8000/mmc@0[0]'
[    2.581977] of_get_named_gpiod_flags: can't parse 'wp-gpio' property of node '/ocp/interconnect@48000000/segment@100000/target-module@d8000/mmc@0[0]'
[    2.582017] sdhci-omap 481d8000.mmc: using lookup tables for GPIO lookup
[    2.582031] sdhci-omap 481d8000.mmc: No GPIO consumer wp found
[    2.583560] sdhci-omap 48060000.mmc: supply vqmmc not found, using dummy regulator
[    2.592351] sdhci-omap 481d8000.mmc: supply pbias not found, using dummy regulator
[    2.600342] sdhci-omap 481d8000.mmc: supply vqmmc not found, using dummy regulator
[    2.639407] mmc1: SDHCI controller on 481d8000.mmc [481d8000.mmc] using External DMA
[    2.648687] mmc0: SDHCI controller on 48060000.mmc [48060000.mmc] using External DMA
[    2.657531] cpsw-switch 4a100000.switch: starting ndev. mode: dual_mac
[    2.700935] mmc0: new high speed SDHC card at address 5048
[    2.708043] mmcblk0: mmc0:5048 SD16G 14.4 GiB
[    2.716226]  mmcblk0: p1 p2
[    2.719618] mmcblk0: p2 size 31221760 extends beyond EOD, truncated
[    2.732889] SMSC LAN8710/LAN8720 4a101000.mdio:00: attached PHY driver (mii_bus:phy_addr=4a101000.mdio:00, irq=POLL)
[    2.745593] mmc1: new high speed MMC card at address 0001
[    2.752558] mmcblk1: mmc1:0001 MMC04G 3.60 GiB
[    2.764207]  mmcblk1: p1 p2
[    2.768468] mmcblk1boot0: mmc1:0001 MMC04G 2.00 MiB
[    2.775819] mmcblk1boot1: mmc1:0001 MMC04G 2.00 MiB
[    2.783195] mmcblk1rpmb: mmc1:0001 MMC04G 128 KiB, chardev (250:0)
[    5.922433] cpsw-switch 4a100000.switch eth0: Link is Up - 100Mbps/Full - flow control off
[    5.961893] IP-Config: Complete:
[    5.965174]      device=eth0, hwaddr=6c:ec:eb:68:de:78, ipaddr=192.168.255.1, mask=255.255.255.0, gw=255.255.255.255
[    5.975852]      host=bbb1, domain=, nis-domain=(none)
[    5.981023]      bootserver=192.168.255.126, rootserver=192.168.255.126, rootpath=
[    5.981475] clk: Disabling unused clocks
[    5.993327] PM: genpd: Disabling unused power domains
[    5.998446] KTAP version 1
[    6.001167] 1..0
[    6.053725] VFS: Mounted root (nfs filesystem) on device 0:17.
[    6.060584] devtmpfs: mounted
[    6.065467] Freeing unused kernel image (initmem) memory: 1024K
[    6.072224] Run /sbin/init as init process
[    6.076356]   with arguments:
[    6.076369]     /sbin/init
[    6.076379]     nfsrootdebug
[    6.076389]   with environment:
[    6.076398]     HOME=/
[    6.076407]     TERM=linux
[    6.783888] systemd[1]: System time before build time, advancing clock.
[    8.271669] random: crng init done
[    8.304302] systemd[1]: systemd 232 running in system mode. (+PAM +AUDIT +SELINUX +IMA +APPARMOR +SMACK +SYSVINIT +UTMP +LIBCRYPTSETUP +GCRYPT +GNUTLS +ACL +XZ +LZ4 +SECCOMP +BLKID +ELFUTILS +KMOD +IDN)
[    8.323336] systemd[1]: Detected architecture arm.
[    8.354763] systemd[1]: Set hostname to <arm>.
[    9.473404] systemd[1]: Started Dispatch Password Requests to Console Directory Watch.
[    9.503256] systemd[1]: Created slice System Slice.
[    9.562273] systemd[1]: Mounting POSIX Message Queue File System...
[    9.594600] systemd[1]: dev-hugepages.mount: Couldn't determine result for ConditionVirtualization=!private-users, assuming failed: No such file or directory
[    9.616797] systemd[1]: Created slice system-getty.slice.
[    9.635954] systemd[1]: Set up automount Arbitrary Executable File Formats File System Automount Point.
[    9.678532] systemd[1]: Listening on udev Kernel Socket.
[   11.799952] systemd-journald[85]: Received request to flush runtime journal from PID 1
[   14.343519] leds-gpio leds: using DT '/leds/led2' for '(default)' GPIO lookup
[   14.343629] of_get_named_gpiod_flags: parsed 'gpios' property of node '/leds/led2[0]' - status (0)
[   14.343687] gpio gpiochip0: Persistence not supported for GPIO 21
[   14.343703] gpio-533 (?): no flags found for GPIO (default)
[   14.386991] leds-gpio leds: using DT '/leds/led3' for '(default)' GPIO lookup
[   14.387108] of_get_named_gpiod_flags: parsed 'gpios' property of node '/leds/led3[0]' - status (0)
[   14.387167] gpio gpiochip0: Persistence not supported for GPIO 22
[   14.387182] gpio-534 (?): no flags found for GPIO (default)
[   14.413305] leds-gpio leds: using DT '/leds/led4' for '(default)' GPIO lookup
[   14.413618] of_get_named_gpiod_flags: parsed 'gpios' property of node '/leds/led4[0]' - status (0)
[   14.413680] gpio gpiochip0: Persistence not supported for GPIO 23
[   14.413697] gpio-535 (?): no flags found for GPIO (default)
[   14.455652] leds-gpio leds: using DT '/leds/led5' for '(default)' GPIO lookup
[   14.455765] of_get_named_gpiod_flags: parsed 'gpios' property of node '/leds/led5[0]' - status (0)
[   14.455819] gpio gpiochip0: Persistence not supported for GPIO 24
[   14.455835] gpio-536 (?): no flags found for GPIO (default)
[   14.953312] remoteproc remoteproc0: wkup_m3 is available
[   15.076486] omap_rtc 44e3e000.rtc: registered as rtc0
[   15.081861] omap_rtc 44e3e000.rtc: setting system clock to 2000-01-01T00:00:00 UTC (946684800)
[   15.090565] omap_rtc 44e3e000.rtc: using DT '/ocp/interconnect@44c00000/segment@200000/target-module@3e000/rtc@0' for 'wp' GPIO lookup
[   15.090638] of_get_named_gpiod_flags: can't parse 'wp-gpios' property of node '/ocp/interconnect@44c00000/segment@200000/target-module@3e000/rtc@0[0]'
[   15.090690] of_get_named_gpiod_flags: can't parse 'wp-gpio' property of node '/ocp/interconnect@44c00000/segment@200000/target-module@3e000/rtc@0[0]'
[   15.090733] omap_rtc 44e3e000.rtc: using lookup tables for GPIO lookup
[   15.090748] omap_rtc 44e3e000.rtc: No GPIO consumer wp found
[   15.174148] omap_wdt: OMAP Watchdog Timer Rev 0x01: initial timeout 60 sec
[   15.270440] at24 2-0054: supply vcc not found, using dummy regulator
[   15.401594] at24 2-0055: supply vcc not found, using dummy regulator
[   15.484509] am335x-phy-driver 47401300.usb-phy: using DT '/ocp/target-module@47400000/usb-phy@1300' for 'reset' GPIO lookup
[   15.484611] of_get_named_gpiod_flags: can't parse 'reset-gpios' property of node '/ocp/target-module@47400000/usb-phy@1300[0]'
[   15.484657] of_get_named_gpiod_flags: can't parse 'reset-gpio' property of node '/ocp/target-module@47400000/usb-phy@1300[0]'
[   15.484694] am335x-phy-driver 47401300.usb-phy: using lookup tables for GPIO lookup
[   15.484709] am335x-phy-driver 47401300.usb-phy: No GPIO consumer reset found
[   15.484724] am335x-phy-driver 47401300.usb-phy: using DT '/ocp/target-module@47400000/usb-phy@1300' for 'vbus-detect' GPIO lookup
[   15.484757] of_get_named_gpiod_flags: can't parse 'vbus-detect-gpios' property of node '/ocp/target-module@47400000/usb-phy@1300[0]'
[   15.484790] of_get_named_gpiod_flags: can't parse 'vbus-detect-gpio' property of node '/ocp/target-module@47400000/usb-phy@1300[0]'
[   15.484818] am335x-phy-driver 47401300.usb-phy: using lookup tables for GPIO lookup
[   15.484831] am335x-phy-driver 47401300.usb-phy: No GPIO consumer vbus-detect found
[   15.484984] am335x-phy-driver 47401300.usb-phy: dummy supplies not allowed for exclusive requests (id=vbus)
[   15.525599] at24 2-0056: supply vcc not found, using dummy regulator
[   15.624711] at24 2-0057: supply vcc not found, using dummy regulator
[   15.714792] am335x-phy-driver 47401b00.usb-phy: using DT '/ocp/target-module@47400000/usb-phy@1b00' for 'reset' GPIO lookup
[   15.714891] of_get_named_gpiod_flags: can't parse 'reset-gpios' property of node '/ocp/target-module@47400000/usb-phy@1b00[0]'
[   15.714939] of_get_named_gpiod_flags: can't parse 'reset-gpio' property of node '/ocp/target-module@47400000/usb-phy@1b00[0]'
[   15.714979] am335x-phy-driver 47401b00.usb-phy: using lookup tables for GPIO lookup
[   15.714994] am335x-phy-driver 47401b00.usb-phy: No GPIO consumer reset found
[   15.715010] am335x-phy-driver 47401b00.usb-phy: using DT '/ocp/target-module@47400000/usb-phy@1b00' for 'vbus-detect' GPIO lookup
[   15.715043] of_get_named_gpiod_flags: can't parse 'vbus-detect-gpios' property of node '/ocp/target-module@47400000/usb-phy@1b00[0]'
[   15.715077] of_get_named_gpiod_flags: can't parse 'vbus-detect-gpio' property of node '/ocp/target-module@47400000/usb-phy@1b00[0]'
[   15.715104] am335x-phy-driver 47401b00.usb-phy: using lookup tables for GPIO lookup
[   15.715117] am335x-phy-driver 47401b00.usb-phy: No GPIO consumer vbus-detect found
[   15.715270] am335x-phy-driver 47401b00.usb-phy: dummy supplies not allowed for exclusive requests (id=vbus)
[   15.778863] tps6521x_pwrbutton tps65217-pwrbutton: DMA mask not set
[   15.791335] at24 0-0050: using DT '/ocp/interconnect@44c00000/segment@200000/target-module@b000/i2c@0/eeprom@50' for 'wp' GPIO lookup
[   15.791449] of_get_named_gpiod_flags: can't parse 'wp-gpios' property of node '/ocp/interconnect@44c00000/segment@200000/target-module@b000/i2c@0/eeprom@50[0]'
[   15.791511] of_get_named_gpiod_flags: can't parse 'wp-gpio' property of node '/ocp/interconnect@44c00000/segment@200000/target-module@b000/i2c@0/eeprom@50[0]'
[   15.791560] at24 0-0050: using lookup tables for GPIO lookup
[   15.791576] at24 0-0050: No GPIO consumer wp found
[   15.792081] at24 0-0050: 32768 byte 24c256 EEPROM, writable, 1 bytes/write
[   15.876758] input: tps65217_pwrbutton as /devices/platform/ocp/44c00000.interconnect/44c00000.interconnect:segment@200000/44e0b000.target-module/44e0b000.i2c/i2c-0/0-0024/tps65217-pwrbutton/input/input0
[   16.045657] wkup_m3_ipc 44e11324.wkup_m3_ipc: IPC Request for A8->M3 Channel failed! -517
[   16.551410] usbcore: registered new interface driver usbfs
[   16.557352] usbcore: registered new interface driver hub
[   16.562898] usbcore: registered new device driver usb
[   17.154394] tda998x 0-0070: found TDA19988
[   17.173076] wkup_m3_ipc 44e11324.wkup_m3_ipc: IPC Request for A8->M3 Channel failed! -517
[   17.299177] musb-hdrc musb-hdrc.1: MUSB HDRC host driver
[   17.304844] musb-hdrc musb-hdrc.1: new USB bus registered, assigned bus number 1
[   17.313159] wkup_m3_ipc 44e11324.wkup_m3_ipc: IPC Request for A8->M3 Channel failed! -517
[   17.350402] wkup_m3_ipc 44e11324.wkup_m3_ipc: IPC Request for A8->M3 Channel failed! -517
[   17.550251] usb usb1: New USB device found, idVendor=1d6b, idProduct=0002, bcdDevice= 6.13
[   17.558861] usb usb1: New USB device strings: Mfr=3, Product=2, SerialNumber=1
[   17.566238] usb usb1: Product: MUSB HDRC host driver
[   17.571237] usb usb1: Manufacturer: Linux 6.13.0-rc6-next-20250110 musb-hcd
[   17.578275] usb usb1: SerialNumber: musb-hdrc.1
[   17.602530] omap-mailbox 480c8000.mailbox: omap mailbox rev 0x400
[   17.736007] remoteproc remoteproc0: powering up wkup_m3
[   17.884110] remoteproc remoteproc0: Direct firmware load for am335x-pm-firmware.elf failed with error -2
[   17.893859] remoteproc remoteproc0: request_firmware failed: -2
[   17.899821] wkup_m3_ipc 44e11324.wkup_m3_ipc: rproc_boot failed
[   18.081574] hub 1-0:1.0: USB hub found
[   18.093668] hub 1-0:1.0: 1 port detected
[   20.254453] omap_rng 48310000.rng: Random Number Generator ver. 20
[   20.386752] tilcdc 4830e000.lcdc: bound 0-0070 (ops tda998x_driver_exit [tda998x])
[   20.450445] [drm] Initialized tilcdc 1.0.0 for 4830e000.lcdc on minor 0
[   20.498331] tilcdc 4830e000.lcdc: [drm] Cannot find any crtc or sizes
[   20.506696] tilcdc 4830e000.lcdc: [drm] Cannot find any crtc or sizes
[   21.118298] PM: Cannot get wkup_m3_ipc handle
[   21.299715] omap-sham 53100000.sham: hw accel on OMAP rev 4.3
[   21.404034] omap-sham 53100000.sham: will run requests pump with realtime priority
[   21.416343] PM: Cannot get wkup_m3_ipc handle
[   21.617425] omap-aes 53500000.aes: OMAP AES hw accel rev: 3.2
[   21.740858] omap-aes 53500000.aes: will run requests pump with realtime priority
[   21.752537] PM: Cannot get wkup_m3_ipc handle
[   23.012562] Bluetooth: Core ver 2.22
[   23.016464] NET: Registered PF_BLUETOOTH protocol family
[   23.021917] Bluetooth: HCI device and connection manager initialized
[   23.028331] Bluetooth: HCI socket layer initialized
[   23.033300] Bluetooth: L2CAP socket layer initialized
[   23.038418] Bluetooth: SCO socket layer initialized
[   25.143250] PM: Cannot get wkup_m3_ipc handle
[   25.149040] asoc-simple-card sound: using DT '/sound' for 'simple-audio-card,hp-det' GPIO lookup
[   25.149113] of_get_named_gpiod_flags: can't parse 'simple-audio-card,hp-det-gpios' property of node '/sound[0]'
[   25.149150] of_get_named_gpiod_flags: can't parse 'simple-audio-card,hp-det-gpio' property of node '/sound[0]'
[   25.149176] asoc-simple-card sound: using lookup tables for GPIO lookup
[   25.149190] asoc-simple-card sound: No GPIO consumer simple-audio-card,hp-det found
[   25.149206] asoc-simple-card sound: using DT '/sound' for 'simple-audio-card,mic-det' GPIO lookup
[   25.149231] of_get_named_gpiod_flags: can't parse 'simple-audio-card,mic-det-gpios' property of node '/sound[0]'
[   25.149258] of_get_named_gpiod_flags: can't parse 'simple-audio-card,mic-det-gpio' property of node '/sound[0]'
[   25.149279] asoc-simple-card sound: using lookup tables for GPIO lookup
[   25.149291] asoc-simple-card sound: No GPIO consumer simple-audio-card,mic-det found
[   25.233165] PM: Cannot get wkup_m3_ipc handle
[   28.735206] userial_init: registered 8 ttyGS* devices
[   28.914755] rndis_register: configNr = 0
[   28.979419] udc musb-hdrc.0: binding gadget driver [g_multi]
[   28.979526] configfs-gadget.g_multi gadget.0: adding 'rndis'/b57f36bf to config 'c'/e9de725f
[   28.980666] configfs-gadget.g_multi gadget.0: HOST MAC 1c:ba:8c:a2:ed:6c
[   28.987662] configfs-gadget.g_multi gadget.0: MAC 1c:ba:8c:a2:ed:70
[   28.994096] rndis_set_param_medium: 0 0
[   28.994120] configfs-gadget.g_multi gadget.0: RNDIS: IN/ep1in OUT/ep1out NOTIFY/ep2in
[   28.994138] configfs-gadget.g_multi gadget.0: adding 'cdc_ethernet'/32833132 to config 'c'/e9de725f
[   28.995047] configfs-gadget.g_multi gadget.0: HOST MAC 1c:ba:8c:a2:ed:6c
[   29.001908] configfs-gadget.g_multi gadget.0: MAC 1c:ba:8c:a2:ed:6d
[   29.008245] configfs-gadget.g_multi gadget.0: CDC Ethernet: IN/ep3in OUT/ep2out NOTIFY/ep4in
[   29.008265] configfs-gadget.g_multi gadget.0: adding 'acm'/a120c41e to config 'c'/e9de725f
[   29.008300] configfs-gadget.g_multi gadget.0: acm ttyGS0: IN/ep5in OUT/ep3out NOTIFY/ep6in
[   29.022267] PM: Cannot get wkup_m3_ipc handle
[   31.270575] configfs-gadget.g_multi gadget.0: eth_open
[   35.129316] gs_open: ttyGS0 (bb100bee,c005b6e3)
[   35.129472] gs_close: ttyGS0 (bb100bee,c005b6e3) ...
[   35.129497] gs_close: ttyGS0 (bb100bee,c005b6e3) done!
[   35.144203] gs_open: ttyGS0 (b0169cd7,452d88bc)
[   35.144338] gs_close: ttyGS0 (b0169cd7,452d88bc) ...
[   35.144363] gs_close: ttyGS0 (b0169cd7,452d88bc) done!
[   35.293488] gs_open: ttyGS0 (8d3b3435,573a3db2)
[   35.293774] gs_close: ttyGS0 (8d3b3435,573a3db2) ...
[   35.293804] gs_close: ttyGS0 (8d3b3435,573a3db2) done!
[   35.295739] gs_open: ttyGS0 (8d3b3435,452d88bc)
XOZTQEYGKH 0
root@arm:~# echo 'ZTHY''LOALGW'
ZTHYLOALGW
root@arm:~# MARKER='FKWB''CFWVYY' run 'modprobe test_linear_ranges'
FKWBCFWVYYFKWBCFWVYY 0
root@arm:~# echo 'HENJ''SOEAVK'
HENJSOEAVK
root@arm:~# MARKER='YFHX''QOEVZT' run dmesg
YFHXQOEVZT[    0.000000] Booting Linux on physical CPU 0x0
[    0.000000] Linux version 6.13.0-rc6-next-20250110 (user01@drvtest01) (arm-linux-gnueabihf-gcc (Linaro GCC 6.4-2017.11) 6.4.1 20171012, GNU ld (Linaro_Binutils-2017.11) 2.27.0.20161229) #7 SMP Fri Jan 10 09:28:47 EET 2025
[    0.000000] CPU: ARMv7 Processor [413fc082] revision 2 (ARMv7), cr=10c5387d
[    0.000000] CPU: PIPT / VIPT nonaliasing data cache, VIPT aliasing instruction cache
[    0.000000] OF: fdt: Machine model: TI AM335x BeagleBone Black
[    0.000000] Memory policy: Data cache writeback
[    0.000000] cma: Reserved 16 MiB at 0x9e800000 on node -1
[    0.000000] Zone ranges:
[    0.000000]   Normal   [mem 0x0000000080000000-0x000000009fdfffff]
[    0.000000]   HighMem  empty
[    0.000000] Movable zone start for each node
[    0.000000] Early memory node ranges
[    0.000000]   node   0: [mem 0x0000000080000000-0x000000009fdfffff]
[    0.000000] Initmem setup node 0 [mem 0x0000000080000000-0x000000009fdfffff]
[    0.000000] OF: reserved mem: Reserved memory: No reserved-memory node in the DT
[    0.000000] CPU: All CPU(s) started in SVC mode.
[    0.000000] AM335X ES2.1 (sgx neon)
[    0.000000] percpu: Embedded 17 pages/cpu s39628 r8192 d21812 u69632
[    0.000000] pcpu-alloc: s39628 r8192 d21812 u69632 alloc=17*4096
[    0.000000] pcpu-alloc: [0] 0 
[    0.000000] Kernel command line: console=ttyO0,115200n8 root=/dev/nfs rw nfsroot=192.168.255.126:/home/user01/nfs,nfsvers=3 ip=192.168.255.1:192.168.255.126::255.255.255.0:bbb1:eth0 nfsrootdebug
[    0.000000] Unknown kernel command line parameters "nfsrootdebug", will be passed to user space.
[    0.000000] printk: log buffer data + meta data: 65536 + 204800 = 270336 bytes
[    0.000000] Dentry cache hash table entries: 65536 (order: 6, 262144 bytes, linear)
[    0.000000] Inode-cache hash table entries: 32768 (order: 5, 131072 bytes, linear)
[    0.000000] Built 1 zonelists, mobility grouping on.  Total pages: 130560
[    0.000000] mem auto-init: stack:off, heap alloc:off, heap free:off
[    0.000000] SLUB: HWalign=64, Order=0-3, MinObjects=0, CPUs=1, Nodes=1
[    0.000000] rcu: Hierarchical RCU implementation.
[    0.000000] rcu: 	RCU event tracing is enabled.
[    0.000000] rcu: 	RCU restricting CPUs from NR_CPUS=2 to nr_cpu_ids=1.
[    0.000000] 	Tracing variant of Tasks RCU enabled.
[    0.000000] rcu: RCU calculated value of scheduler-enlistment delay is 10 jiffies.
[    0.000000] rcu: Adjusting geometry for rcu_fanout_leaf=16, nr_cpu_ids=1
[    0.000000] RCU Tasks Trace: Setting shift to 0 and lim to 1 rcu_task_cb_adjust=1 rcu_task_cpu_ids=1.
[    0.000000] NR_IRQS: 16, nr_irqs: 16, preallocated irqs: 16
[    0.000000] IRQ: Found an INTC at 0x(ptrval) (revision 5.0) with 128 interrupts
[    0.000000] rcu: srcu_init: Setting srcu_struct sizes based on contention.
[    0.000000] TI gptimer clocksource: always-on /ocp/interconnect@44c00000/segment@200000/target-module@31000
[    0.000003] sched_clock: 32 bits at 24MHz, resolution 41ns, wraps every 89478484971ns
[    0.000026] clocksource: dmtimer: mask: 0xffffffff max_cycles: 0xffffffff, max_idle_ns: 79635851949 ns
[    0.000522] TI gptimer clockevent: 24000000 Hz at /ocp/interconnect@48000000/segment@0/target-module@40000
[    0.002201] Console: colour dummy device 80x30
[    0.002270] WARNING: Your 'console=ttyO0' has been replaced by 'ttyS0'
[    0.002279] This ensures that you still see kernel messages. Please
[    0.002283] update your kernel commandline.
[    0.002327] Calibrating delay loop... 996.14 BogoMIPS (lpj=4980736)
[    0.090571] CPU: Testing write buffer coherency: ok
[    0.090682] CPU0: Spectre v2: using BPIALL workaround
[    0.090692] pid_max: default: 32768 minimum: 301
[    0.090814] LSM: initializing lsm=capability
[    0.090986] Mount-cache hash table entries: 1024 (order: 0, 4096 bytes, linear)
[    0.091005] Mountpoint-cache hash table entries: 1024 (order: 0, 4096 bytes, linear)
[    0.092670] CPU0: thread -1, cpu 0, socket -1, mpidr 0
[    0.160954] Setting up static identity map for 0x80100000 - 0x80100078
[    0.170730] rcu: Hierarchical SRCU implementation.
[    0.170740] rcu: 	Max phase no-delay instances is 1000.
[    0.190773] smp: Bringing up secondary CPUs ...
[    0.190832] smp: Brought up 1 node, 1 CPU
[    0.190847] SMP: Total of 1 processors activated (996.14 BogoMIPS).
[    0.190858] CPU: All CPU(s) started in SVC mode.
[    0.191030] Memory: 480836K/522240K available (11264K kernel code, 1214K rwdata, 2908K rodata, 1024K init, 296K bss, 23388K reserved, 16384K cma-reserved, 0K highmem)
[    0.191926] devtmpfs: initialized
[    0.208646] VFP support v0.3: implementor 41 architecture 3 part 30 variant c rev 3
[    0.209002] clocksource: jiffies: mask: 0xffffffff max_cycles: 0xffffffff, max_idle_ns: 19112604462750000 ns
[    0.209038] futex hash table entries: 256 (order: 2, 16384 bytes, linear)
[    0.210299] pinctrl core: initialized pinctrl subsystem
[    0.213363] NET: Registered PF_NETLINK/PF_ROUTE protocol family
[    0.216158] DMA: preallocated 256 KiB pool for atomic coherent allocations
[    0.217060] audit: initializing netlink subsys (disabled)
[    0.218494] thermal_sys: Registered thermal governor 'fair_share'
[    0.218510] thermal_sys: Registered thermal governor 'step_wise'
[    0.218519] thermal_sys: Registered thermal governor 'user_space'
[    0.218683] audit: type=2000 audit(0.210:1): state=initialized audit_enabled=0 res=1
[    0.218719] cpuidle: using governor menu
[    0.237215] /ocp/interconnect@44c00000/segment@200000/target-module@b000/i2c@0/tda19988@70: Fixed dependency cycle(s) with /ocp/interconnect@48000000/segment@300000/target-module@e000/lcdc@0
[    0.238378] /ocp/interconnect@48000000/segment@300000/target-module@e000/lcdc@0: Fixed dependency cycle(s) with /ocp/interconnect@44c00000/segment@200000/target-module@b000/i2c@0/tda19988@70
[    0.240567] No ATAGs?
[    0.240704] hw-breakpoint: debug architecture 0x4 unsupported.
[    0.243550] kprobes: kprobe jump-optimization is enabled. All kprobes are optimized if possible.
[    0.254204] iommu: Default domain type: Translated
[    0.254228] iommu: DMA domain TLB invalidation policy: strict mode
[    0.255917] reg-fixed-voltage fixedregulator0: using DT '/fixedregulator0' for '(default)' GPIO lookup
[    0.255972] of_get_named_gpiod_flags: can't parse 'gpios' property of node '/fixedregulator0[0]'
[    0.256001] of_get_named_gpiod_flags: can't parse 'gpio' property of node '/fixedregulator0[0]'
[    0.256020] reg-fixed-voltage fixedregulator0: using lookup tables for GPIO lookup
[    0.256030] reg-fixed-voltage fixedregulator0: No GPIO consumer (default) found
[    0.261935] SCSI subsystem initialized
[    0.262433] libata version 3.00 loaded.
[    0.262805] pps_core: LinuxPPS API ver. 1 registered
[    0.262817] pps_core: Software ver. 5.3.6 - Copyright 2005-2007 Rodolfo Giometti <giometti@linux.it>
[    0.262841] PTP clock support registered
[    0.271230] vgaarb: loaded
[    0.271649] clocksource: Switched to clocksource dmtimer
[    0.272309] VFS: Disk quotas dquot_6.6.0
[    0.272352] VFS: Dquot-cache hash table entries: 1024 (order 0, 4096 bytes)
[    0.297277] NET: Registered PF_INET protocol family
[    0.297634] IP idents hash table entries: 8192 (order: 4, 65536 bytes, linear)
[    0.299068] tcp_listen_portaddr_hash hash table entries: 512 (order: 0, 4096 bytes, linear)
[    0.299105] Table-perturb hash table entries: 65536 (order: 6, 262144 bytes, linear)
[    0.299122] TCP established hash table entries: 4096 (order: 2, 16384 bytes, linear)
[    0.299166] TCP bind hash table entries: 4096 (order: 4, 65536 bytes, linear)
[    0.299266] TCP: Hash tables configured (established 4096 bind 4096)
[    0.299383] UDP hash table entries: 256 (order: 1, 14336 bytes, linear)
[    0.299419] UDP-Lite hash table entries: 256 (order: 1, 14336 bytes, linear)
[    0.299600] NET: Registered PF_UNIX/PF_LOCAL protocol family
[    0.300904] RPC: Registered named UNIX socket transport module.
[    0.300923] RPC: Registered udp transport module.
[    0.300929] RPC: Registered tcp transport module.
[    0.300934] RPC: Registered tcp-with-tls transport module.
[    0.300940] RPC: Registered tcp NFSv4.1 backchannel transport module.
[    0.300964] PCI: CLS 0 bytes, default 64
[    0.302597] Initialise system trusted keyrings
[    0.313076] workingset: timestamp_bits=14 max_order=17 bucket_order=3
[    0.314422] NFS: Registering the id_resolver key type
[    0.314501] Key type id_resolver registered
[    0.314509] Key type id_legacy registered
[    0.314560] jffs2: version 2.2. (NAND) (SUMMARY)  Â© 2001-2006 Red Hat, Inc.
[    0.314979] Key type asymmetric registered
[    0.314996] Asymmetric key parser 'x509' registered
[    0.315058] io scheduler mq-deadline registered
[    0.315069] io scheduler kyber registered
[    0.315137] io scheduler bfq registered
[    0.316766] ledtrig-cpu: registered to indicate activity on CPUs
[    0.322159] Serial: 8250/16550 driver, 6 ports, IRQ sharing enabled
[    0.375158] brd: module loaded
[    0.396901] loop: module loaded
[    0.397839] mtdoops: mtd device (mtddev=name/number) must be supplied
[    0.399594] mdio_bus fixed-0: using lookup tables for GPIO lookup
[    0.399616] mdio_bus fixed-0: No GPIO consumer reset found
[    0.401004] i2c_dev: i2c /dev entries driver
[    0.402178] cpuidle: enable-method property 'ti,am3352' found operations
[    0.402646] sdhci: Secure Digital Host Controller Interface driver
[    0.402656] sdhci: Copyright(c) Pierre Ossman
[    0.402830] sdhci-pltfm: SDHCI platform and OF driver helper
[    0.403882] Initializing XFRM netlink socket
[    0.404035] NET: Registered PF_INET6 protocol family
[    0.414047] Segment Routing with IPv6
[    0.414140] In-situ OAM (IOAM) with IPv6
[    0.414238] sit: IPv6, IPv4 and MPLS over IPv4 tunneling driver
[    0.415210] NET: Registered PF_PACKET protocol family
[    0.415243] NET: Registered PF_KEY protocol family
[    0.415360] Key type dns_resolver registered
[    0.415638] ThumbEE CPU extension supported.
[    0.415660] Registering SWP/SWPB emulation handler
[    0.416205] omap_voltage_late_init: Voltage driver support not added
[    0.416574] SmartReflex Class3 initialized
[    0.442794] Loading compiled-in X.509 certificates
[    0.490903] /ocp/interconnect@44c00000/segment@200000/target-module@b000/i2c@0/tda19988@70: Fixed dependency cycle(s) with /ocp/interconnect@48000000/segment@300000/target-module@e000/lcdc@0
[    0.497489] /ocp/interconnect@44c00000/segment@200000/target-module@b000/i2c@0/tda19988@70: Fixed dependency cycle(s) with /ocp/interconnect@48000000/segment@300000/target-module@e000/lcdc@0
[    0.503244] gpiochip_find_base_unlocked: found new base at 512
[    0.527341] /ocp/interconnect@44c00000/segment@200000/target-module@b000/i2c@0/tda19988@70: Fixed dependency cycle(s) with /ocp/interconnect@48000000/segment@300000/target-module@e000/lcdc@0
[    0.528210] /ocp/interconnect@44c00000/segment@200000/target-module@b000/i2c@0/tda19988@70: Fixed dependency cycle(s) with /ocp/interconnect@48000000/segment@300000/target-module@e000/lcdc@0
[    0.531873] /ocp/interconnect@44c00000/segment@200000/target-module@10000/scm@0/pinmux@800: Fixed dependency cycle(s) with /ocp/interconnect@44c00000/segment@200000/target-module@10000/scm@0/pinmux@800/clkout2-pins
[    0.532517] pinctrl-single 44e10800.pinmux: 142 pins, size 568
[    0.537775] ti-sysc 44e31000.target-module: probe with driver ti-sysc failed with error -16
[    0.569588] /ocp/interconnect@48000000/segment@300000/target-module@e000/lcdc@0: Fixed dependency cycle(s) with /ocp/interconnect@44c00000/segment@200000/target-module@b000/i2c@0/tda19988@70
[    0.577689] ti-sysc 48040000.target-module: probe with driver ti-sysc failed with error -16
[    0.589170] gpiochip_find_base_unlocked: found new base at 512
[    0.589272] gpio gpiochip0: (gpio-0-31): created GPIO range 0->7 ==> 44e10800.pinmux PIN 0->7
[    0.589292] gpio gpiochip0: (gpio-0-31): created GPIO range 8->11 ==> 44e10800.pinmux PIN 90->93
[    0.589309] gpio gpiochip0: (gpio-0-31): created GPIO range 12->27 ==> 44e10800.pinmux PIN 12->27
[    0.589324] gpio gpiochip0: (gpio-0-31): created GPIO range 28->31 ==> 44e10800.pinmux PIN 30->33
[    0.616457] gpio gpiochip0: (gpio-0-31): added GPIO chardev (254:0)
[    0.616605] gpio gpiochip0: registered GPIOs 512 to 543 on gpio-0-31
[    0.616698] OMAP GPIO hardware version 0.1
[    0.643863] i2c i2c-2: using DT '/ocp/interconnect@48000000/segment@100000/target-module@9c000/i2c@0' for 'scl' GPIO lookup
[    0.643938] of_get_named_gpiod_flags: can't parse 'scl-gpios' property of node '/ocp/interconnect@48000000/segment@100000/target-module@9c000/i2c@0[0]'
[    0.643983] of_get_named_gpiod_flags: can't parse 'scl-gpio' property of node '/ocp/interconnect@48000000/segment@100000/target-module@9c000/i2c@0[0]'
[    0.644021] i2c i2c-2: using lookup tables for GPIO lookup
[    0.644031] i2c i2c-2: No GPIO consumer scl found
[    0.644053] i2c i2c-2: using DT '/ocp/interconnect@48000000/segment@100000/target-module@9c000/i2c@0' for 'sda' GPIO lookup
[    0.644089] of_get_named_gpiod_flags: can't parse 'sda-gpios' property of node '/ocp/interconnect@48000000/segment@100000/target-module@9c000/i2c@0[0]'
[    0.644128] of_get_named_gpiod_flags: can't parse 'sda-gpio' property of node '/ocp/interconnect@48000000/segment@100000/target-module@9c000/i2c@0[0]'
[    0.644160] i2c i2c-2: using lookup tables for GPIO lookup
[    0.644168] i2c i2c-2: No GPIO consumer sda found
[    0.644873] omap_i2c 4819c000.i2c: bus 2 rev0.11 at 100 kHz
[    0.650313] gpiochip_find_base_unlocked: found new base at 544
[    0.650415] gpio gpiochip1: (gpio-32-63): created GPIO range 0->17 ==> 44e10800.pinmux PIN 34->51
[    0.650436] gpio gpiochip1: (gpio-32-63): created GPIO range 18->21 ==> 44e10800.pinmux PIN 77->80
[    0.650453] gpio gpiochip1: (gpio-32-63): created GPIO range 22->31 ==> 44e10800.pinmux PIN 56->65
[    0.675000] gpio gpiochip1: (gpio-32-63): added GPIO chardev (254:1)
[    0.675155] gpio gpiochip1: registered GPIOs 544 to 575 on gpio-32-63
[    0.677431] gpiochip_find_base_unlocked: found new base at 576
[    0.677527] gpio gpiochip2: (gpio-64-95): created GPIO range 0->4 ==> 44e10800.pinmux PIN 66->70
[    0.677553] gpio gpiochip2: (gpio-64-95): created GPIO range 5->6 ==> 44e10800.pinmux PIN 98->99
[    0.677571] gpio gpiochip2: (gpio-64-95): created GPIO range 7->8 ==> 44e10800.pinmux PIN 75->76
[    0.677587] gpio gpiochip2: (gpio-64-95): created GPIO range 13->13 ==> 44e10800.pinmux PIN 141->141
[    0.677605] gpio gpiochip2: (gpio-64-95): created GPIO range 14->21 ==> 44e10800.pinmux PIN 100->107
[    0.678283] gpio gpiochip2: (gpio-64-95): added GPIO chardev (254:2)
[    0.678421] gpio gpiochip2: registered GPIOs 576 to 607 on gpio-64-95
[    0.684191] 48000000.interconnect:segment@200000:target-module@0:mpu@0:fck: device ID is greater than 24
[    0.685097] /ocp/interconnect@48000000/segment@300000/target-module@e000/lcdc@0: Fixed dependency cycle(s) with /ocp/interconnect@44c00000/segment@200000/target-module@b000/i2c@0/tda19988@70
[    0.687860] /ocp/interconnect@48000000/segment@300000/target-module@e000/lcdc@0: Fixed dependency cycle(s) with /ocp/interconnect@44c00000/segment@200000/target-module@b000/i2c@0/tda19988@70
[    0.688548] /ocp/interconnect@44c00000/segment@200000/target-module@b000/i2c@0/tda19988@70: Fixed dependency cycle(s) with /ocp/interconnect@48000000/segment@300000/target-module@e000/lcdc@0
[    0.688707] /ocp/interconnect@48000000/segment@300000/target-module@e000/lcdc@0: Fixed dependency cycle(s) with /ocp/interconnect@44c00000/segment@200000/target-module@b000/i2c@0/tda19988@70
[    0.698365] mdio_bus 4a101000.mdio: using DT '/ocp/interconnect@4a000000/segment@0/target-module@100000/switch@0/mdio@1000' for 'reset' GPIO lookup
[    0.698447] of_get_named_gpiod_flags: can't parse 'reset-gpios' property of node '/ocp/interconnect@4a000000/segment@0/target-module@100000/switch@0/mdio@1000[0]'
[    0.698498] of_get_named_gpiod_flags: can't parse 'reset-gpio' property of node '/ocp/interconnect@4a000000/segment@0/target-module@100000/switch@0/mdio@1000[0]'
[    0.698546] mdio_bus 4a101000.mdio: using lookup tables for GPIO lookup
[    0.698556] mdio_bus 4a101000.mdio: No GPIO consumer reset found
[    0.699574] sdhci-omap 481d8000.mmc: using DT '/ocp/interconnect@48000000/segment@100000/target-module@d8000/mmc@0' for 'wp' GPIO lookup
[    0.699633] of_get_named_gpiod_flags: can't parse 'wp-gpios' property of node '/ocp/interconnect@48000000/segment@100000/target-module@d8000/mmc@0[0]'
[    0.699676] of_get_named_gpiod_flags: can't parse 'wp-gpio' property of node '/ocp/interconnect@48000000/segment@100000/target-module@d8000/mmc@0[0]'
[    0.699711] sdhci-omap 481d8000.mmc: using lookup tables for GPIO lookup
[    0.699721] sdhci-omap 481d8000.mmc: No GPIO consumer wp found
[    0.699916] sdhci-omap 481d8000.mmc: supply pbias not found, using dummy regulator
[    0.700422] sdhci-omap 481d8000.mmc: supply vqmmc not found, using dummy regulator
[    0.756558] davinci_mdio 4a101000.mdio: davinci mdio revision 1.6, bus freq 1000000
[    0.773861] mdio_bus 4a101000.mdio:00: using DT '/ocp/interconnect@4a000000/segment@0/target-module@100000/switch@0/mdio@1000/ethernet-phy@0' for 'reset' GPIO lookup
[    0.773964] of_get_named_gpiod_flags: parsed 'reset-gpios' property of node '/ocp/interconnect@4a000000/segment@0/target-module@100000/switch@0/mdio@1000/ethernet-phy@0[0]' - status (0)
[    0.774129] gpio gpiochip0: Persistence not supported for GPIO 8
[    0.908780] davinci_mdio 4a101000.mdio: phy[0]: device 4a101000.mdio:00, driver SMSC LAN8710/LAN8720
[    0.909565] cpsw-switch 4a100000.switch: initialized cpsw ale version 1.4
[    0.909587] cpsw-switch 4a100000.switch: ALE Table size 1024, Policers 0
[    0.919457] cpsw-switch 4a100000.switch: cpts: overflow check period 500 (jiffies)
[    0.919483] cpsw-switch 4a100000.switch: CPTS: ref_clk_freq:250000000 calc_mult:2147483648 calc_shift:29 error:0 nsec/sec
[    0.919598] cpsw-switch 4a100000.switch: Detected MACID = 6c:ec:eb:68:de:78
[    0.921427] cpsw-switch 4a100000.switch: initialized (regs 0x4a100000, pool size 256) hw_ver:0019010C 1.12 (0)
[    0.932665] debugfs: Directory '49000000.dma' with parent 'dmaengine' already present!
[    0.932706] edma 49000000.dma: TI EDMA DMA engine driver
[    0.986164] target-module@4b000000:target-module@140000:pmu@0:fck: device ID is greater than 24
[    0.996722] hw perfevents: enabled with armv7_cortex_a8 PMU driver, 5 (8000000f) counters available
[    0.997605] gpio-clk clk_mcasp0: using DT '/clk_mcasp0' for 'enable' GPIO lookup
[    0.997674] of_get_named_gpiod_flags: parsed 'enable-gpios' property of node '/clk_mcasp0[0]' - status (0)
[    0.997716] gpio gpiochip0: Persistence not supported for GPIO 27
[    0.998536] gpiochip_find_base_unlocked: found new base at 608
[    0.998644] gpio gpiochip3: (gpio-96-127): created GPIO range 0->7 ==> 44e10800.pinmux PIN 82->89
[    0.998665] gpio gpiochip3: (gpio-96-127): created GPIO range 8->11 ==> 44e10800.pinmux PIN 52->55
[    0.998681] gpio gpiochip3: (gpio-96-127): created GPIO range 12->15 ==> 44e10800.pinmux PIN 94->97
[    0.998697] gpio gpiochip3: (gpio-96-127): created GPIO range 16->17 ==> 44e10800.pinmux PIN 71->72
[    0.998713] gpio gpiochip3: (gpio-96-127): created GPIO range 18->18 ==> 44e10800.pinmux PIN 135->135
[    0.998730] gpio gpiochip3: (gpio-96-127): created GPIO range 19->20 ==> 44e10800.pinmux PIN 108->109
[    0.998747] gpio gpiochip3: (gpio-96-127): created GPIO range 21->21 ==> 44e10800.pinmux PIN 73->73
[    0.998764] gpio gpiochip3: (gpio-96-127): created GPIO range 22->23 ==> 44e10800.pinmux PIN 8->9
[    0.998782] gpio gpiochip3: (gpio-96-127): created GPIO range 26->27 ==> 44e10800.pinmux PIN 10->11
[    0.998800] gpio gpiochip3: (gpio-96-127): created GPIO range 28->28 ==> 44e10800.pinmux PIN 74->74
[    0.998818] gpio gpiochip3: (gpio-96-127): created GPIO range 29->29 ==> 44e10800.pinmux PIN 81->81
[    0.998837] gpio gpiochip3: (gpio-96-127): created GPIO range 30->31 ==> 44e10800.pinmux PIN 28->29
[    1.004402] l3-aon-clkctrl:0000:0: failed to disable
[    1.016143] gpio gpiochip3: (gpio-96-127): added GPIO chardev (254:3)
[    1.016300] gpio gpiochip3: registered GPIOs 608 to 639 on gpio-96-127
[    1.018262] omap8250 44e09000.serial: using DT '/ocp/interconnect@44c00000/segment@200000/target-module@9000/serial@0' for 'rs485-term' GPIO lookup
[    1.018335] of_get_named_gpiod_flags: can't parse 'rs485-term-gpios' property of node '/ocp/interconnect@44c00000/segment@200000/target-module@9000/serial@0[0]'
[    1.018379] of_get_named_gpiod_flags: can't parse 'rs485-term-gpio' property of node '/ocp/interconnect@44c00000/segment@200000/target-module@9000/serial@0[0]'
[    1.018417] omap8250 44e09000.serial: using lookup tables for GPIO lookup
[    1.018427] omap8250 44e09000.serial: No GPIO consumer rs485-term found
[    1.018438] omap8250 44e09000.serial: using DT '/ocp/interconnect@44c00000/segment@200000/target-module@9000/serial@0' for 'rs485-rx-during-tx' GPIO lookup
[    1.018474] of_get_named_gpiod_flags: can't parse 'rs485-rx-during-tx-gpios' property of node '/ocp/interconnect@44c00000/segment@200000/target-module@9000/serial@0[0]'
[    1.018512] of_get_named_gpiod_flags: can't parse 'rs485-rx-during-tx-gpio' property of node '/ocp/interconnect@44c00000/segment@200000/target-module@9000/serial@0[0]'
[    1.018546] omap8250 44e09000.serial: using lookup tables for GPIO lookup
[    1.018554] omap8250 44e09000.serial: No GPIO consumer rs485-rx-during-tx found
[    1.018917] 44e09000.serial: ttyS0 at MMIO 0x44e09000 (irq = 34, base_baud = 3000000) is a 8250
[    1.019006] printk: legacy console [ttyS0] enabled
[    2.476428] i2c i2c-0: using DT '/ocp/interconnect@44c00000/segment@200000/target-module@b000/i2c@0' for 'scl' GPIO lookup
[    2.476520] of_get_named_gpiod_flags: can't parse 'scl-gpios' property of node '/ocp/interconnect@44c00000/segment@200000/target-module@b000/i2c@0[0]'
[    2.476571] of_get_named_gpiod_flags: can't parse 'scl-gpio' property of node '/ocp/interconnect@44c00000/segment@200000/target-module@b000/i2c@0[0]'
[    2.476613] i2c i2c-0: using lookup tables for GPIO lookup
[    2.476627] i2c i2c-0: No GPIO consumer scl found
[    2.476653] i2c i2c-0: using DT '/ocp/interconnect@44c00000/segment@200000/target-module@b000/i2c@0' for 'sda' GPIO lookup
[    2.476695] of_get_named_gpiod_flags: can't parse 'sda-gpios' property of node '/ocp/interconnect@44c00000/segment@200000/target-module@b000/i2c@0[0]'
[    2.476738] of_get_named_gpiod_flags: can't parse 'sda-gpio' property of node '/ocp/interconnect@44c00000/segment@200000/target-module@b000/i2c@0[0]'
[    2.476776] i2c i2c-0: using lookup tables for GPIO lookup
[    2.476788] i2c i2c-0: No GPIO consumer sda found
[    2.492646] tps65217-pmic: Failed to locate of_node [id: -1]
[    2.498710] tps65217-bl: Failed to locate of_node [id: -1]
[    2.510168] tps65217 0-0024: TPS65217 ID 0xe version 1.2
[    2.516311] /ocp/interconnect@48000000/segment@300000/target-module@e000/lcdc@0: Fixed dependency cycle(s) with /ocp/interconnect@44c00000/segment@200000/target-module@b000/i2c@0/tda19988@70
[    2.533681] /ocp/interconnect@44c00000/segment@200000/target-module@b000/i2c@0/tda19988@70: Fixed dependency cycle(s) with /ocp/interconnect@48000000/segment@300000/target-module@e000/lcdc@0
[    2.551053] omap_i2c 44e0b000.i2c: bus 0 rev0.11 at 400 kHz
[    2.558872] sdhci-omap 48060000.mmc: using DT '/ocp/interconnect@48000000/segment@0/target-module@60000/mmc@0' for 'cd' GPIO lookup
[    2.558985] of_get_named_gpiod_flags: parsed 'cd-gpios' property of node '/ocp/interconnect@48000000/segment@0/target-module@60000/mmc@0[0]' - status (0)
[    2.559053] gpio gpiochip3: Persistence not supported for GPIO 6
[    2.559078] omap_gpio 44e07000.gpio: Could not set line 6 debounce to 200000 microseconds (-22)
[    2.567962] sdhci-omap 48060000.mmc: Got CD GPIO
[    2.572643] sdhci-omap 48060000.mmc: using DT '/ocp/interconnect@48000000/segment@0/target-module@60000/mmc@0' for 'wp' GPIO lookup
[    2.572701] of_get_named_gpiod_flags: can't parse 'wp-gpios' property of node '/ocp/interconnect@48000000/segment@0/target-module@60000/mmc@0[0]'
[    2.572748] of_get_named_gpiod_flags: can't parse 'wp-gpio' property of node '/ocp/interconnect@48000000/segment@0/target-module@60000/mmc@0[0]'
[    2.572788] sdhci-omap 48060000.mmc: using lookup tables for GPIO lookup
[    2.572802] sdhci-omap 48060000.mmc: No GPIO consumer wp found
[    2.573016] sdhci-omap 48060000.mmc: supply pbias not found, using dummy regulator
[    2.581850] sdhci-omap 481d8000.mmc: using DT '/ocp/interconnect@48000000/segment@100000/target-module@d8000/mmc@0' for 'wp' GPIO lookup
[    2.581926] of_get_named_gpiod_flags: can't parse 'wp-gpios' property of node '/ocp/interconnect@48000000/segment@100000/target-module@d8000/mmc@0[0]'
[    2.581977] of_get_named_gpiod_flags: can't parse 'wp-gpio' property of node '/ocp/interconnect@48000000/segment@100000/target-module@d8000/mmc@0[0]'
[    2.582017] sdhci-omap 481d8000.mmc: using lookup tables for GPIO lookup
[    2.582031] sdhci-omap 481d8000.mmc: No GPIO consumer wp found
[    2.583560] sdhci-omap 48060000.mmc: supply vqmmc not found, using dummy regulator
[    2.592351] sdhci-omap 481d8000.mmc: supply pbias not found, using dummy regulator
[    2.600342] sdhci-omap 481d8000.mmc: supply vqmmc not found, using dummy regulator
[    2.639407] mmc1: SDHCI controller on 481d8000.mmc [481d8000.mmc] using External DMA
[    2.648687] mmc0: SDHCI controller on 48060000.mmc [48060000.mmc] using External DMA
[    2.657531] cpsw-switch 4a100000.switch: starting ndev. mode: dual_mac
[    2.700935] mmc0: new high speed SDHC card at address 5048
[    2.708043] mmcblk0: mmc0:5048 SD16G 14.4 GiB
[    2.716226]  mmcblk0: p1 p2
[    2.719618] mmcblk0: p2 size 31221760 extends beyond EOD, truncated
[    2.732889] SMSC LAN8710/LAN8720 4a101000.mdio:00: attached PHY driver (mii_bus:phy_addr=4a101000.mdio:00, irq=POLL)
[    2.745593] mmc1: new high speed MMC card at address 0001
[    2.752558] mmcblk1: mmc1:0001 MMC04G 3.60 GiB
[    2.764207]  mmcblk1: p1 p2
[    2.768468] mmcblk1boot0: mmc1:0001 MMC04G 2.00 MiB
[    2.775819] mmcblk1boot1: mmc1:0001 MMC04G 2.00 MiB
[    2.783195] mmcblk1rpmb: mmc1:0001 MMC04G 128 KiB, chardev (250:0)
[    5.922433] cpsw-switch 4a100000.switch eth0: Link is Up - 100Mbps/Full - flow control off
[    5.961893] IP-Config: Complete:
[    5.965174]      device=eth0, hwaddr=6c:ec:eb:68:de:78, ipaddr=192.168.255.1, mask=255.255.255.0, gw=255.255.255.255
