Labgrid Console Logfile for main
Logfile started at 2025-06-30 11:23:39.827197
=== Log starts here ===
reading args
spl_load_image_fat_os: error reading image args, err - -1
reading u-boot.img
reading u-boot.img


U-Boot 2014.04-00014-g47880f5 (Apr 22 2014 - 13:23:54)

I2C:   ready
DRAM:  512 MiB
NAND:  0 MiB
MMC:   OMAP SD/MMC: 0, OMAP SD/MMC: 1
*** Warning - readenv() failed, using default environment

Net:   <ethaddr> not set. Validating first E-fuse MAC
cpsw, usb_ether
Hit any key to stop autoboot:  1  0 
gpio: pin 53 (gpio 53) value is 1
mmc0 is current device
gpio: pin 54 (gpio 54) value is 1
SD/MMC found on device 0
reading uEnv.txt
569 bytes read in 4 ms (138.7 KiB/s)
gpio: pin 55 (gpio 55) value is 1
Loaded environment from uEnv.txt
Importing environment from mmc ...
Checking if uenvcmd is set ...
gpio: pin 56 (gpio 56) value is 1
Running uenvcmd ...
cpsw Waiting for PHY auto negotiation to complete. done
link up on port 0, speed 100, full duplex
Using cpsw device
TFTP from server 192.168.255.126; our IP address is 192.168.255.1
Filename 'zImage'.
Load address: 0x81000000
Loading: *#################################################################
	 #################################################################
	 #################################################################
	 #################################################################
	 #################################################################
	 ###########################################################
	 2.4 MiB/s
done
Bytes transferred = 5627256 (55dd78 hex)
link up on port 0, speed 100, full duplex
Using cpsw device
TFTP from server 192.168.255.126; our IP address is 192.168.255.1
Filename 'am335x-boneblack.dtb'.
Load address: 0x82000000
Loading: *#######
	 2.3 MiB/s
done
Bytes transferred = 98244 (17fc4 hex)
Kernel image @ 0x81000000 [ 0x000000 - 0x55dd78 ]
## Flattened Device Tree blob at 82000000
   Booting using the fdt blob at 0x82000000
   Using Device Tree in place at 82000000, end 8201afc3

Starting kernel ...

[    0.000000] Booting Linux on physical CPU 0x0
[    0.000000] Linux version 6.16.0-rc4-next-20250630 (user01@drvtest01) (arm-none-eabi-gcc (Arm GNU Toolchain 14.2.Rel1 (Build arm-14.52)) 14.2.1 20241119, GNU ld (Arm GNU Toolchain 14.2.Rel1 (Build arm-14.52)) 2.43.1.20241119) #1 SMP Mon Jun 30 11:20:21 EEST 2025
[    0.000000] CPU: ARMv7 Processor [413fc082] revision 2 (ARMv7), cr=10c5387d
[    0.000000] CPU: PIPT / VIPT nonaliasing data cache, VIPT aliasing instruction cache
[    0.000000] OF: fdt: Machine model: TI AM335x BeagleBone Black
[    0.000000] Memory policy: Data cache writeback
[    0.000000] cma: Reserved 16 MiB at 0x9e800000
[    0.000000] Zone ranges:
[    0.000000]   Normal   [mem 0x0000000080000000-0x000000009fdfffff]
[    0.000000]   HighMem  empty
[    0.000000] Movable zone start for each node
[    0.000000] Early memory node ranges
[    0.000000]   node   0: [mem 0x0000000080000000-0x000000009fdfffff]
[    0.000000] Initmem setup node 0 [mem 0x0000000080000000-0x000000009fdfffff]
[    0.000000] On node 0, zone Normal: 512 pages in unavailable ranges
[    0.000000] OF: reserved mem: Reserved memory: No reserved-memory node in the DT
[    0.000000] CPU: All CPU(s) started in SVC mode.
[    0.000000] AM335X ES2.1 (sgx neon)
[    0.000000] percpu: Embedded 17 pages/cpu s39820 r8192 d21620 u69632
[    0.000000] Kernel command line: console=ttyO0,115200n8 root=/dev/nfs rw nfsroot=192.168.255.126:/home/user01/nfs,nfsvers=3 ip=192.168.255.1:192.168.255.126::255.255.255.0:bbb1:eth0 nfsrootdebug
[    0.000000] Unknown kernel command line parameters "nfsrootdebug", will be passed to user space.
[    0.000000] printk: log buffer data + meta data: 65536 + 204800 = 270336 bytes
[    0.000000] Dentry cache hash table entries: 65536 (order: 6, 262144 bytes, linear)
[    0.000000] Inode-cache hash table entries: 32768 (order: 5, 131072 bytes, linear)
[    0.000000] Built 1 zonelists, mobility grouping on.  Total pages: 130560
[    0.000000] mem auto-init: stack:off, heap alloc:off, heap free:off
[    0.000000] SLUB: HWalign=16, Order=0-3, MinObjects=0, CPUs=1, Nodes=1
[    0.000000] rcu: Hierarchical RCU implementation.
[    0.000000] rcu: 	RCU event tracing is enabled.
[    0.000000] rcu: 	RCU restricting CPUs from NR_CPUS=2 to nr_cpu_ids=1.
[    0.000000] 	Tracing variant of Tasks RCU enabled.
[    0.000000] rcu: RCU calculated value of scheduler-enlistment delay is 10 jiffies.
[    0.000000] rcu: Adjusting geometry for rcu_fanout_leaf=16, nr_cpu_ids=1
[    0.000000] RCU Tasks Trace: Setting shift to 0 and lim to 1 rcu_task_cb_adjust=1 rcu_task_cpu_ids=1.
[    0.000000] NR_IRQS: 16, nr_irqs: 16, preallocated irqs: 16
[    0.000000] IRQ: Found an INTC at 0x(ptrval) (revision 5.0) with 128 interrupts
[    0.000000] rcu: srcu_init: Setting srcu_struct sizes based on contention.
[    0.000000] TI gptimer clocksource: always-on /ocp/interconnect@44c00000/segment@200000/target-module@31000
[    0.000003] sched_clock: 32 bits at 24MHz, resolution 41ns, wraps every 89478484971ns
[    0.000026] clocksource: dmtimer: mask: 0xffffffff max_cycles: 0xffffffff, max_idle_ns: 79635851949 ns
[    0.000535] TI gptimer clockevent: 24000000 Hz at /ocp/interconnect@48000000/segment@0/target-module@40000
[    0.002159] Console: colour dummy device 80x30
[    0.002222] WARNING: Your 'console=ttyO0' has been replaced by 'ttyS0'
[    0.002230] This ensures that you still see kernel messages. Please
[    0.002235] update your kernel commandline.
[    0.002278] Calibrating delay loop... 996.14 BogoMIPS (lpj=4980736)
[    0.090582] CPU: Testing write buffer coherency: ok
[    0.090690] CPU0: Spectre v2: using BPIALL workaround
[    0.090699] pid_max: default: 32768 minimum: 301
[    0.090859] LSM: initializing lsm=capability
[    0.091027] Mount-cache hash table entries: 1024 (order: 0, 4096 bytes, linear)
[    0.091048] Mountpoint-cache hash table entries: 1024 (order: 0, 4096 bytes, linear)
[    0.092687] CPU0: thread -1, cpu 0, socket -1, mpidr 0
[    0.092745] cacheinfo: Unable to detect cache hierarchy for CPU 0
[    0.094806] Setting up static identity map for 0x80100000 - 0x80100078
[    0.095119] rcu: Hierarchical SRCU implementation.
[    0.095129] rcu: 	Max phase no-delay instances is 1000.
[    0.096861] smp: Bringing up secondary CPUs ...
[    0.096913] smp: Brought up 1 node, 1 CPU
[    0.096926] SMP: Total of 1 processors activated (996.14 BogoMIPS).
[    0.096937] CPU: All CPU(s) started in SVC mode.
[    0.097132] Memory: 480828K/522240K available (11264K kernel code, 1215K rwdata, 2928K rodata, 1024K init, 284K bss, 23380K reserved, 16384K cma-reserved, 0K highmem)
[    0.097947] devtmpfs: initialized
[    0.115407] VFP support v0.3: implementor 41 architecture 3 part 30 variant c rev 3
[    0.116043] clocksource: jiffies: mask: 0xffffffff max_cycles: 0xffffffff, max_idle_ns: 19112604462750000 ns
[    0.116098] posixtimers hash table entries: 512 (order: 0, 4096 bytes, linear)
[    0.116124] futex hash table entries: 256 (16384 bytes on 1 NUMA nodes, total 16 KiB, linear).
[    0.117253] pinctrl core: initialized pinctrl subsystem
[    0.119338] NET: Registered PF_NETLINK/PF_ROUTE protocol family
[    0.122460] DMA: preallocated 256 KiB pool for atomic coherent allocations
[    0.123417] audit: initializing netlink subsys (disabled)
[    0.124791] thermal_sys: Registered thermal governor 'fair_share'
[    0.124806] thermal_sys: Registered thermal governor 'step_wise'
[    0.124816] thermal_sys: Registered thermal governor 'user_space'
[    0.124929] audit: type=2000 audit(0.120:1): state=initialized audit_enabled=0 res=1
[    0.124996] cpuidle: using governor menu
[    0.143019] /ocp/interconnect@44c00000/segment@200000/target-module@b000/i2c@0/tda19988@70: Fixed dependency cycle(s) with /ocp/interconnect@48000000/segment@300000/target-module@e000/lcdc@0
[    0.144149] /ocp/interconnect@48000000/segment@300000/target-module@e000/lcdc@0: Fixed dependency cycle(s) with /ocp/interconnect@44c00000/segment@200000/target-module@b000/i2c@0/tda19988@70
[    0.146329] No ATAGs?
[    0.146371] hw-breakpoint: debug architecture 0x4 unsupported.
[    0.148875] registering rtmutex
[    0.149148] kprobes: kprobe jump-optimization is enabled. All kprobes are optimized if possible.
[    0.164101] iommu: Default domain type: Translated
[    0.164120] iommu: DMA domain TLB invalidation policy: strict mode
[    0.166891] SCSI subsystem initialized
[    0.167730] pps_core: LinuxPPS API ver. 1 registered
[    0.167740] pps_core: Software ver. 5.3.6 - Copyright 2005-2007 Rodolfo Giometti <giometti@linux.it>
[    0.167764] PTP clock support registered
[    0.171239] vgaarb: loaded
[    0.171610] clocksource: Switched to clocksource dmtimer
[    0.172289] VFS: Disk quotas dquot_6.6.0
[    0.172347] VFS: Dquot-cache hash table entries: 1024 (order 0, 4096 bytes)
[    0.204485] NET: Registered PF_INET protocol family
[    0.204831] IP idents hash table entries: 8192 (order: 4, 65536 bytes, linear)
[    0.206242] tcp_listen_portaddr_hash hash table entries: 512 (order: 0, 4096 bytes, linear)
[    0.206279] Table-perturb hash table entries: 65536 (order: 6, 262144 bytes, linear)
[    0.206298] TCP established hash table entries: 4096 (order: 2, 16384 bytes, linear)
[    0.206344] TCP bind hash table entries: 4096 (order: 4, 65536 bytes, linear)
[    0.206444] TCP: Hash tables configured (established 4096 bind 4096)
[    0.206564] UDP hash table entries: 256 (order: 1, 14336 bytes, linear)
[    0.206599] UDP-Lite hash table entries: 256 (order: 1, 14336 bytes, linear)
[    0.206782] NET: Registered PF_UNIX/PF_LOCAL protocol family
[    0.208082] RPC: Registered named UNIX socket transport module.
[    0.208102] RPC: Registered udp transport module.
[    0.208106] RPC: Registered tcp transport module.
[    0.208111] RPC: Registered tcp-with-tls transport module.
[    0.208116] RPC: Registered tcp NFSv4.1 backchannel transport module.
[    0.208141] PCI: CLS 0 bytes, default 64
[    0.209556] Initialise system trusted keyrings
[    0.210749] workingset: timestamp_bits=14 max_order=17 bucket_order=3
[    0.222078] NFS: Registering the id_resolver key type
[    0.222172] Key type id_resolver registered
[    0.222179] Key type id_legacy registered
[    0.222287] jffs2: version 2.2. (NAND) (SUMMARY)  Â© 2001-2006 Red Hat, Inc.
[    0.222766] Key type asymmetric registered
[    0.222783] Asymmetric key parser 'x509' registered
[    0.222855] io scheduler mq-deadline registered
[    0.222866] io scheduler kyber registered
[    0.222939] io scheduler bfq registered
[    0.224855] target-module@4b000000:target-module@140000:pmu@0:fck: device ID is greater than 24
[    0.231054] l3-aon-clkctrl:0000:0: failed to disable
[    0.231115] ledtrig-cpu: registered to indicate activity on CPUs
[    0.234195] Serial: 8250/16550 driver, 6 ports, IRQ sharing enabled
[    0.274218] brd: module loaded
[    0.298708] loop: module loaded
[    0.299640] mtdoops: mtd device (mtddev=name/number) must be supplied
[    0.302997] i2c_dev: i2c /dev entries driver
[    0.304011] cpuidle: enable-method property 'ti,am3352' found operations
[    0.304472] sdhci: Secure Digital Host Controller Interface driver
[    0.304482] sdhci: Copyright(c) Pierre Ossman
[    0.304662] sdhci-pltfm: SDHCI platform and OF driver helper
[    0.306143] hw perfevents: enabled with armv7_cortex_a8 PMU driver, 5 (8000000f) counters available
[    0.306657] Initializing XFRM netlink socket
[    0.306842] NET: Registered PF_INET6 protocol family
[    0.312511] l3-aon-clkctrl:0000:0: failed to disable
[    0.327078] Segment Routing with IPv6
[    0.327160] In-situ OAM (IOAM) with IPv6
[    0.327257] sit: IPv6, IPv4 and MPLS over IPv4 tunneling driver
[    0.328205] NET: Registered PF_PACKET protocol family
[    0.328231] NET: Registered PF_KEY protocol family
[    0.328345] Key type dns_resolver registered
[    0.328573] ThumbEE CPU extension supported.
[    0.328592] Registering SWP/SWPB emulation handler
[    0.329129] omap_voltage_late_init: Voltage driver support not added
[    0.329789] SmartReflex Class3 initialized
[    0.361058] Loading compiled-in X.509 certificates
[    0.400554] /ocp/interconnect@44c00000/segment@200000/target-module@b000/i2c@0/tda19988@70: Fixed dependency cycle(s) with /ocp/interconnect@48000000/segment@300000/target-module@e000/lcdc@0
[    0.407161] /ocp/interconnect@44c00000/segment@200000/target-module@b000/i2c@0/tda19988@70: Fixed dependency cycle(s) with /ocp/interconnect@48000000/segment@300000/target-module@e000/lcdc@0
[    0.437088] /ocp/interconnect@44c00000/segment@200000/target-module@b000/i2c@0/tda19988@70: Fixed dependency cycle(s) with /ocp/interconnect@48000000/segment@300000/target-module@e000/lcdc@0
[    0.437967] /ocp/interconnect@44c00000/segment@200000/target-module@b000/i2c@0/tda19988@70: Fixed dependency cycle(s) with /ocp/interconnect@48000000/segment@300000/target-module@e000/lcdc@0
[    0.441427] /ocp/interconnect@44c00000/segment@200000/target-module@10000/scm@0/pinmux@800: Fixed dependency cycle(s) with /ocp/interconnect@44c00000/segment@200000/target-module@10000/scm@0/pinmux@800/clkout2-pins
[    0.442281] pinctrl-single 44e10800.pinmux: 142 pins, size 568
[    0.447576] ti-sysc 44e31000.target-module: probe with driver ti-sysc failed with error -16
[    0.473704] /ocp/interconnect@48000000/segment@300000/target-module@e000/lcdc@0: Fixed dependency cycle(s) with /ocp/interconnect@44c00000/segment@200000/target-module@b000/i2c@0/tda19988@70
[    0.481987] ti-sysc 48040000.target-module: probe with driver ti-sysc failed with error -16
[    0.538799] OMAP GPIO hardware version 0.1
[    0.567294] omap_i2c 4819c000.i2c: bus 2 rev0.11 at 100 kHz
[    0.593779] 48000000.interconnect:segment@200000:target-module@0:mpu@0:fck: device ID is greater than 24
[    0.594695] /ocp/interconnect@48000000/segment@300000/target-module@e000/lcdc@0: Fixed dependency cycle(s) with /ocp/interconnect@44c00000/s egment@200000/target-module@b000/i2c@0/tda19988@70
[    0.597556] /ocp/interconnect@48000000/segment@300000/target-module@e000/lcdc@0: Fixed dependency cycle(s) with /ocp/interconnect@44c00000/segment@200000/target-module@b000/i2c@0/tda19988@70
[    0.598271] /ocp/interconnect@44c00000/segment@200000/target-module@b000/i2c@0/tda19988@70: Fixed dependency cycle(s) with /ocp/interconnect@48000000/segment@300000/target-module@e000/lcdc@0
[    0.598425] /ocp/interconnect@48000000/segment@300000/target-modu le@e000/lcdc@0: Fixed dependency cycle(s) with /ocp/interconnect@44c00000/segment@200000/target-module@b000/i2c@0/tda19988@70
[    0.609718] sdhci-omap 481d8000.mmc: supply pbias not found, using dummy regulator
[    0.610201] sdhci-omap 481d8000.mmc: supply vqmmc not found, using dummy regulator
[    0.664880] davinci_mdio 4a101000.mdio: davinci mdio revision 1.6, bus freq 1000000
[    0.821729] davinci_mdio 4a101000.mdio: phy[0]: device 4a101000.mdio:00, driver SMSC LAN8710/LAN8720
[    0.822498] cpsw-switch 4a100000.switch: initialized cpsw ale version 1.4
[    0.822519] cpsw-switch 4a100000.switch: ALE Table size 1024, Policers 0
[    0.822907] cpsw-switch 4a100000.switch: cpts: overflow check period 500 (jiffies)
[    0.822929] cpsw-switch 4a100000.switch: CPTS: ref_clk_freq:250000000 calc_mult:2147483648 calc_shift:29 error:0 nsec/sec
[    0.823035] cpsw-switch 4a100000.switch: Detected MACID = 6c:ec:eb:68:de:78
[    0.824888] cpsw-switch 4a100000.switch: initialized (regs 0x4a100000, pool size 256) hw_ver:0019010C 1.12 (0)
[    0.836043] debugfs: Directory '49000000.dma' with parent 'dmaengine' already present!
[    0.836083] edma 49000000.dma: TI EDMA DMA engine driver
[    0.906104] 44e09000.serial: ttyS0 at MMIO 0x44e09000 (irq = 34, base_baud = 3000000) is a 8250
[    0.906195] printk: legacy console [ttyS0] enabled
[    2.372594] tps65217-pmic: Failed to locate of_node [id: -1]
[    2.378669] tps65217-bl: Failed to locate of_node [id: -1]
[    2.384761] platform tps65217-charger: DMA 
[    5.762405] cpsw-switch 4a100000.switch eth0: Link is Up - 100Mbps/Full - flow control off
[    5.801870] IP-Config: Complete:
[    5.805145]      device=eth0, hwaddr=6c:ec:eb:68:de:78, ipaddr=192.168.255.1, mask=255.255.255.0, gw=255.255.255.255
[    5.815814]      host=bbb1, domain=, nis-domain=(none)
[    5.820982]      bootserver=192.168.255.126, rootserver=192.168.255.126, rootpath=
[    5.821407] clk: Disabling unused clocks
[    5.833262] PM: genpd: Disabling unused power domains
[    5.838378] KTAP version 1
[    5.841098] 1..0
[    5.875394] VFS: Mounted root (nfs filesystem) on device 0:17.
[    5.882287] devtmpfs: mounted
[    5.886781] Freeing unused kernel image (initmem) memory: 1024K
[    5.893665] Run /sbin/init as init process
[    6.573351] systemd[1]: System time before build time, advancing clock.
[    8.111632] random: crng init done
[    8.124305] systemd[1]: systemd 232 running in system mode. (+PAM +AUDIT +SELINUX +IMA +APPARMOR +SMACK +SYSVINIT +UTMP +LIBCRYPTSETUP +GCRYPT +GNUTLS +ACL +XZ +LZ4 +SECCOMP +BLKID +ELFUTILS +KMOD +IDN)
[    8.143386] systemd[1]: Detected architecture arm.

Welcome to [1mDebian GNU/Linux 9 (stretch)[0m!

[    8.174825] systemd[1]: Set hostname to <arm>.
[    9.319979] systemd[1]: Listening on udev Control Socket.
[[0;32m  OK  [0m] Listening on udev Control Socket.
[    9.342361] systemd[1]: Listening on udev Kernel Socket.
[[0;32m  OK  [0m] Listening on udev Kernel Socket.
[    9.373452] systemd[1]: syslog.socket: SO_PASSSEC failed: Operation not supported
[    9.381179] systemd[1]: Listening on Syslog Socket.
[[0;32m  OK  [0m] Listening on Syslog Socket.
[    9.402538] systemd[1]: Started Forward Password Requests to Wall Directory Watch.
[[0;32m  OK  [0m] Started Forward Password Requests to Wall Directory Watch.
[    9.431963] systemd[1]: Reached target Remote File Systems.
[[0;32m  OK  [0m] Reached target Remote File Systems.
[    9.462211] systemd[1]: systemd-journald-dev-log.socket: SO_PASSSEC failed: Operation not supported
[[0;32m  OK  [0m] Listening on Journal Socket (/dev/log).
[[0;32m  OK  [0m] Created slice User and Session Slice.
[[0;32m  OK  [0m] Listening on Journal Audit Socket.
[[0;32m  OK  [0m] Reached target Swap.
[[0;32m  OK  [0m] Started Dispatch Password Requests to Console Directory Watch.
[[0;32m  OK  [0m] Reached target Paths.
[[0;32m  OK  [0m] Reached target Encrypted Volumes.
[[0;32m  OK  [0m] Set up automount Arbitrary Executabâ€¦rmats File System Automount Point.
[[0;32m  OK  [0m] Listening on /dev/initctl Compatibility Named Pipe.
[[0;32m  OK  [0m] Created slice System Slice.
[[0;32m  OK  [0m] Reached target Slices.
[[0;32m  OK  [0m] Created slice system-serial\x2dgetty.slice.
         Mounting POSIX Message Queue File System...
         Mounting Debug File System...
[[0;32m  OK  [0m] Created slice system-getty.slice.
[[0;32m  OK  [0m] Listening on Journal Socket.
         Starting Load Kernel Modules...
         Starting Journal Service...
         Starting Remount Root and Kernel File Systems...
         Starting Create list of required stâ€¦ce nodes for the current kernel...
[[0;32m  OK  [0m] Mounted POSIX Message Queue File System.
[[0;32m  OK  [0m] Mounted Debug File System.
[[0;32m  OK  [0m] Started Create list of required staâ€¦vice nodes for the current kernel.
         Starting Create Static Device Nodes in /dev...
[[0;32m  OK  [0m] Started Load Kernel Modules.
[[0;32m  OK  [0m] Started Remount Root and Kernel File Systems.
         Starting Load/Save Random Seed...
         Starting udev Coldplug all Devices...
         Starting Apply Kernel Variables...
         Mounting Configuration File System...
[[0;32m  OK  [0m] Started Load/Save Random Seed.
[[0;32m  OK  [0m] Mounted Configuration File System.
[[0;32m  OK  [0m] Started Apply Kernel Variables.
[[0;32m  OK  [0m] Started Create Static Device Nodes in /dev.
         Starting udev Kernel Device Manager...
[[0;32m  OK  [0m] Reached target Local File Systems (Pre).
[[0;32m  OK  [0m] Reached target Local File Systems.
         Starting Raise network interfaces...
[[0;32m  OK  [0m] Started Journal Service.
         Starting Flush Journal to Persistent Storage...
[   11.802914] systemd-journald[83]: Received request to flush runtime journal from PID 1
[[0;32m  OK  [0m] Started Flush Journal to Persistent Storage.
         Starting Create Volatile Files and Directories...
[[0;32m  OK  [0m] Started udev Kernel Device Manager.
[[0;32m  OK  [0m] Started Create Volatile Files and Directories.
         Starting Network Time Synchronization...
         Starting Update UTMP about System Boot/Shutdown...
[[0;32m  OK  [0m] Started Update UTMP about System Boot/Shutdown.
[[0;32m  OK  [0m] Started udev Coldplug all Devices.
[[0;32m  OK  [0m] Started Network Time Synchronization.
[[0;32m  OK  [0m] Reached target System Time Synchronized.
[[0;32m  OK  [0m] Reached target System Initialization.
[[0;32m  OK  [0m] Listening on D-Bus System Message Bus Socket.
[[0;32m  OK  [0m] Started Daily apt download activities.
[[0;32m  OK  [0m] Started Daily apt upgrade and clean activities.
[[0;32m  OK  [0m] Listening on Avahi mDNS/DNS-SD Stack Activation Socket.
[   15.070149] remoteproc remoteproc0: wkup_m3 is available
[[0;32m  OK  [0m] Reached target Sockets.
[[0;32m  OK  [0m] Started Daily Cleanup of Temporary Directories.
[[0;32m  OK  [0m] Reached target Timers.
[[0;32m  OK  [0m] Reached target Basic System.
[   15.197551] omap_rtc 44e3e000.rtc: registered as rtc0
[   15.202951] omap_rtc 44e3e000.rtc: setting system clock to 2000-01-01T00:00:00 UTC (946684800)
         Starting DUN service...
[   15.381103] omap_wdt: OMAP Watchdog Timer Rev 0x01: initial timeout 60 sec
         Starting LSB: Load kernel modules needed to enable cpufreq scaling...
         Starting Telephony service...
         Starting Avahi mDNS/DNS-SD Stack...
[   15.730932] am335x-phy-driver 47401300.usb-phy: dummy supplies not allowed for exclusive requests (id=vbus)
         Starting LSB: Start busybox udhcpd at boot time...
[   15.813577] input: tps65217_pwrbutton as /devices/platform/ocp/44c00000.interconnect/44c00000.interconnect:segment@200000/44e0b000.target-module/44e0b000.i2c/i2c-0/0-0024/tps65217-pwrbutton/input/input0
[   15.899415] at24 2-0054: supply vcc not found, using dummy regulator
         Starting Generic Board Startup...
[   15.974652] at24 2-0055: supply vcc not found, using dummy regulator
[   16.038134] am335x-phy-driver 47401b00.usb-phy: dummy supplies not allowed for exclusive requests (id=vbus)
[[0;32m  OK  [0m] Started D-Bus System Message Bus.
[   16.124268] at24 2-0056: supply vcc not found, using dummy regulator
[   16.252544] at24 2-0057: supply vcc not found, using dummy regulator
[   16.395960] at24 0-0050: 32768 byte 24c256 EEPROM, writable, 1 bytes/write
[   16.783148] usbcore: registered new interface driver usbfs
[   16.788788] usbcore: registered new interface driver hub
[   16.794411] usbcore: registered new device driver usb
[   17.526264] omap-mailbox 480c8000.mailbox: omap mailbox rev 0x400
[   17.575325] remoteproc remoteproc0: powering up wkup_m3
[   17.808319] musb-hdrc musb-hdrc.1: MUSB HDRC host driver
[   17.813978] musb-hdrc musb-hdrc.1: new USB bus registered, assigned bus number 1
[   17.875562] remoteproc remoteproc0: Direct firmware load for am335x-pm-firmware.elf failed with error -2
[   17.885478] remoteproc remoteproc0: request_firmware failed: -2
[   17.891443] wkup_m3_ipc 44e11324.wkup_m3_ipc: rproc_boot failed
[   18.070168] usb usb1: New USB device found, idVendor=1d6b, idProduct=0002, bcdDevice= 6.16
[   18.078751] usb usb1: New USB device strings: Mfr=3, Product=2, SerialNumber=1
[   18.086107] usb usb1: Product: MUSB HDRC host driver
[   18.091104] usb usb1: Manufacturer: Linux 6.16.0-rc4-next-20250630 musb-hcd
[   18.098136] usb usb1: SerialNumber: musb-hdrc.1
[   18.472917] hub 1-0:1.0: USB hub found
[   18.497205] hub 1-0:1.0: 1 port detected
[   18.863090] tda998x 0-0070: found TDA19988
[   19.986761] omap_rng 48310000.rng: Random Number Generator ver. 20
[   20.197753] tilcdc 4830e000.lcdc: bound 0-0070 (ops tda998x_audio_codec_init [tda998x])
[   20.322602] [drm] Initialized tilcdc 1.0.0 for 4830e000.lcdc on minor 0
[   20.436241] tilcdc 4830e000.lcdc: [drm] Cannot find any crtc or sizes
[   20.451326] tilcdc 4830e000.lcdc: [drm] Cannot find any crtc or sizes
[[0;32m  OK  [0m] Started DUN service.
[[0;32m  OK  [0m] Started Telephony service.
[[0;32m  OK  [0m] Started Avahi mDNS/DNS-SD Stack.
         Starting Connection service...
         Starting System Logging Service...
         Starting Cape Manager Service...
[[0;32m  OK  [0m] Started Regular background program processing daemon.
         Starting Login Service...
[   21.700729] omap-sham 53100000.sham: hw accel on OMAP rev 4.3
[   21.735876] PM: Cannot get wkup_m3_ipc handle
[   21.864859] omap-sham 53100000.sham: will run requests pump with realtime priority
[   21.873719] PM: Cannot get wkup_m3_ipc handle
[   22.030254] omap-aes 53500000.aes: OMAP AES hw accel rev: 3.2
[   22.140937] omap-aes 53500000.aes: will run requests pump with realtime priority
[   22.151297] PM: Cannot get wkup_m3_ipc handle
[[0;32m  OK  [0m] Found device /dev/ttyS0.
[   23.559161] Bluetooth: Core ver 2.22
[   23.563190] NET: Registered PF_BLUETOOTH protocol family
[   23.568543] Bluetooth: HCI device and connection manager initialized
[   23.575088] Bluetooth: HCI socket layer initialized
[   23.580004] Bluetooth: L2CAP socket layer initialized
[   23.585152] Bluetooth: SCO socket layer initialized
[[0;32m  OK  [0m] Started Cape Manager Service.
[[0;32m  OK  [0m] Started System Logging Service.
[   25.776246] gpio-537 (nxp,calib): gpiod_direction_output_nonotify: tried to set a GPIO tied to an IRQ as output
[   25.792718] PM: Cannot get wkup_m3_ipc handle
[   25.907950] PM: Cannot get wkup_m3_ipc handle
[   26.026292] tda9950 0-0034: TDA9950 CEC interface, hardware version 3.3
[   26.101114] PM: Cannot get wkup_m3_ipc handle
[[0;32m  OK  [0m] Started LSB: Start busybox udhcpd at boot time.
[[0;32m  OK  [0m] Started Raise network interfaces.
[   28.527696] configfs-gadget.g_multi gadget.0: HOST MAC 1c:ba:8c:a2:ed:6c
[   28.534701] configfs-gadget.g_multi gadget.0: MAC 1c:ba:8c:a2:ed:70
[   28.542092] configfs-gadget.g_multi gadget.0: HOST MAC 1c:ba:8c:a2:ed:6c
[   28.548854] configfs-gadget.g_multi gadget.0: MAC 1c:ba:8c:a2:ed:6d
[   28.556500] PM: Cannot get wkup_m3_ipc handle
[[0;32m  OK  [0m] Started LSB: Load kernel modules needed to enable cpufreq scaling.
[[0;32m  OK  [0m] Started Connection service.
[[0;32m  OK  [0m] Started Login Service.
[[0;32m  OK  [0m] Reached target Sound Card.
         Starting LSB: set CPUFreq kernel parameters...
[[0;32m  OK  [0m] Reached target Network.
         Starting OpenBSD Secure Shell server...
         Starting The Apache HTTP Server...
[[0;32m  OK  [0m] Reached target Network is Online.
         Starting LSB: Advanced IEEE 802.11 management daemon...
         Starting Permit User Sessions...
[[0;32m  OK  [0m] Started LSB: Advanced IEEE 802.11 management daemon.
[[0;32m  OK  [0m] Started Permit User Sessions.
         Starting Hostname Service...
[[0;32m  OK  [0m] Started Serial Getty on ttyS0.
[[0;32m  OK  [0m] Started Getty on tty1.
[[0;32m  OK  [0m] Reached target Login Prompts.
         Starting WPA supplicant...
[[0;32m  OK  [0m] Started LSB: set CPUFreq kernel parameters.
[[0;32m  OK  [0m] Started Hostname Service.
         Stopping LSB: Start busybox udhcpd at boot time...
[[0;32m  OK  [0m] Started WPA supplicant.
[[0;32m  OK  [0m] Started OpenBSD Secure Shell server.
[[0;32m  OK  [0m] Stopped LSB: Start busybox udhcpd at boot time.
         Starting dnsmasq - A lightweight DHCP and caching DNS server...
[[0;32m  OK  [0m] Started The Apache HTTP Server.
[[0;32m  OK  [0m] Started dnsmasq - A lightweight DHCP and caching DNS server.
[[0;32m  OK  [0m] Reached target Host and Network Name Lookups.
[[0;32m  OK  [0m] Started Serial Getty on ttyGS0.
[[0;32m  OK  [0m] Started Generic Board Startup.
[[0;32m  OK  [0m] Reached target Multi-User System.
[[0;32m  OK  [0m] Reached target Graphical Interface.
         Starting Update UTMP about System Runlevel Changes...
[[0;32m  OK  [0m] Started Update UTMP about System Runlevel Changes.

Debian GNU/Linux 9 arm ttyS0

default username:password is [debian:temppwd]

arm login: root
Password: 
Last login: Sat Jan  1 00:00:27 UTC 2000 on ttyS0
root
Linux arm 6.16.0-rc4-next-20250630 #1 SMP Mon Jun 30 11:20:21 EEST 2025 armv7l

The programs included with the Debian GNU/Linux system are free software;
the exact distribution terms for each program are described in the
individual files in /usr/share/doc/*/copyright.

Debian GNU/Linux comes with ABSOLUTELY NO WARRANTY, to the extent
permitted by applicable law.
root@arm:~# root
-bash: root: command not found
root@arm:~# dmesg -n 1
root@arm:~# echo 'PZEE''NJKWKZ'
PZEENJKWKZ
root@arm:~# run() { echo -n "$MARKER"; sh -c "$@"; echo "$MARKER $?"; }
root@arm:~# echo 'QZOQ''JMNWMY'
QZOQJMNWMY
root@arm:~# MARKER='PKCL''EHEWQU' run 'cat /proc/version'
PKCLEHEWQULinux version 6.16.0-rc4-next-20250630 (user01@drvtest01) (arm-none-eabi-gcc (Arm GNU Toolchain 14.2.Rel1 (Build arm-14.52)) 14.2.1 20241119, GNU ld (Arm GNU Toolchain 14.2.Rel1 (Build arm-14.52)) 2.43.1.20241119) #1 SMP Mon Jun 30 11:20:21 EEST 2025
PKCLEHEWQU 0
root@arm:~# echo 'SVNH''UQPCSJ'
SVNHUQPCSJ
root@arm:~# MARKER='MWKO''AGFQGF' run false
MWKOAGFQGFMWKOAGFQGF 1
root@arm:~# Labgrid Console Logfile for main
Logfile started at 2025-06-30 11:24:40.207332
=== Log starts here ===

root@arm:~# run() { echo -n "$MARKER"; sh -c "$@"; echo "$MARKER $?"; }
root@arm:~# echo 'GZNE''HZXAFM'
GZNEHZXAFM
root@arm:~# MARKER='AQWV''TCZGGS' run 'ls /iio_generic_buffer; echo $?'
AQWVTCZGGS/iio_generic_buffer
0
AQWVTCZGGS 0
root@arm:~# Labgrid Console Logfile for main
Logfile started at 2025-06-30 11:24:43.574856
=== Log starts here ===

root@arm:~# run() { echo -n "$MARKER"; sh -c "$@"; echo "$MARKER $?"; }
root@arm:~# echo 'LAUB''ZJQVJT'
LAUBZJQVJT
root@arm:~# MARKER='XXNW''BGQEXA' run dmesg
XXNWBGQEXA[    0.000000] Booting Linux on physical CPU 0x0
[    0.000000] Linux version 6.16.0-rc4-next-20250630 (user01@drvtest01) (arm-none-eabi-gcc (Arm GNU Toolchain 14.2.Rel1 (Build arm-14.52)) 14.2.1 20241119, GNU ld (Arm GNU Toolchain 14.2.Rel1 (Build arm-14.52)) 2.43.1.20241119) #1 SMP Mon Jun 30 11:20:21 EEST 2025
[    0.000000] CPU: ARMv7 Processor [413fc082] revision 2 (ARMv7), cr=10c5387d
[    0.000000] CPU: PIPT / VIPT nonaliasing data cache, VIPT aliasing instruction cache
[    0.000000] OF: fdt: Machine model: TI AM335x BeagleBone Black
[    0.000000] Memory policy: Data cache writeback
[    0.000000] cma: Reserved 16 MiB at 0x9e800000
[    0.000000] Zone ranges:
[    0.000000]   Normal   [mem 0x0000000080000000-0x000000009fdfffff]
[    0.000000]   HighMem  empty
[    0.000000] Movable zone start for each node
[    0.000000] Early memory node ranges
[    0.000000]   node   0: [mem 0x0000000080000000-0x000000009fdfffff]
[    0.000000] Initmem setup node 0 [mem 0x0000000080000000-0x000000009fdfffff]
[    0.000000] On node 0, zone Normal: 512 pages in unavailable ranges
[    0.000000] OF: reserved mem: Reserved memory: No reserved-memory node in the DT
[    0.000000] CPU: All CPU(s) started in SVC mode.
[    0.000000] AM335X ES2.1 (sgx neon)
[    0.000000] percpu: Embedded 17 pages/cpu s39820 r8192 d21620 u69632
[    0.000000] pcpu-alloc: s39820 r8192 d21620 u69632 alloc=17*4096
[    0.000000] pcpu-alloc: [0] 0 
[    0.000000] Kernel command line: console=ttyO0,115200n8 root=/dev/nfs rw nfsroot=192.168.255.126:/home/user01/nfs,nfsvers=3 ip=192.168.255.1:192.168.255.126::255.255.255.0:bbb1:eth0 nfsrootdebug
[    0.000000] Unknown kernel command line parameters "nfsrootdebug", will be passed to user space.
[    0.000000] printk: log buffer data + meta data: 65536 + 204800 = 270336 bytes
[    0.000000] Dentry cache hash table entries: 65536 (order: 6, 262144 bytes, linear)
[    0.000000] Inode-cache hash table entries: 32768 (order: 5, 131072 bytes, linear)
[    0.000000] Built 1 zonelists, mobility grouping on.  Total pages: 130560
[    0.000000] mem auto-init: stack:off, heap alloc:off, heap free:off
[    0.000000] SLUB: HWalign=16, Order=0-3, MinObjects=0, CPUs=1, Nodes=1
[    0.000000] rcu: Hierarchical RCU implementation.
[    0.000000] rcu: 	RCU event tracing is enabled.
[    0.000000] rcu: 	RCU restricting CPUs from NR_CPUS=2 to nr_cpu_ids=1.
[    0.000000] 	Tracing variant of Tasks RCU enabled.
[    0.000000] rcu: RCU calculated value of scheduler-enlistment delay is 10 jiffies.
[    0.000000] rcu: Adjusting geometry for rcu_fanout_leaf=16, nr_cpu_ids=1
[    0.000000] RCU Tasks Trace: Setting shift to 0 and lim to 1 rcu_task_cb_adjust=1 rcu_task_cpu_ids=1.
[    0.000000] NR_IRQS: 16, nr_irqs: 16, preallocated irqs: 16
[    0.000000] IRQ: Found an INTC at 0x(ptrval) (revision 5.0) with 128 interrupts
[    0.000000] rcu: srcu_init: Setting srcu_struct sizes based on contention.
[    0.000000] TI gptimer clocksource: always-on /ocp/interconnect@44c00000/segment@200000/target-module@31000
[    0.000003] sched_clock: 32 bits at 24MHz, resolution 41ns, wraps every 89478484971ns
[    0.000026] clocksource: dmtimer: mask: 0xffffffff max_cycles: 0xffffffff, max_idle_ns: 79635851949 ns
[    0.000535] TI gptimer clockevent: 24000000 Hz at /ocp/interconnect@48000000/segment@0/target-module@40000
[    0.002159] Console: colour dummy device 80x30
[    0.002222] WARNING: Your 'console=ttyO0' has been replaced by 'ttyS0'
[    0.002230] This ensures that you still see kernel messages. Please
[    0.002235] update your kernel commandline.
[    0.002278] Calibrating delay loop... 996.14 BogoMIPS (lpj=4980736)
[    0.090582] CPU: Testing write buffer coherency: ok
[    0.090690] CPU0: Spectre v2: using BPIALL workaround
[    0.090699] pid_max: default: 32768 minimum: 301
[    0.090859] LSM: initializing lsm=capability
[    0.091027] Mount-cache hash table entries: 1024 (order: 0, 4096 bytes, linear)
[    0.091048] Mountpoint-cache hash table entries: 1024 (order: 0, 4096 bytes, linear)
[    0.092687] CPU0: thread -1, cpu 0, socket -1, mpidr 0
[    0.092745] cacheinfo: Unable to detect cache hierarchy for CPU 0
[    0.094806] Setting up static identity map for 0x80100000 - 0x80100078
[    0.095119] rcu: Hierarchical SRCU implementation.
[    0.095129] rcu: 	Max phase no-delay instances is 1000.
[    0.096861] smp: Bringing up secondary CPUs ...
[    0.096913] smp: Brought up 1 node, 1 CPU
[    0.096926] SMP: Total of 1 processors activated (996.14 BogoMIPS).
[    0.096937] CPU: All CPU(s) started in SVC mode.
[    0.097132] Memory: 480828K/522240K available (11264K kernel code, 1215K rwdata, 2928K rodata, 1024K init, 284K bss, 23380K reserved, 16384K cma-reserved, 0K highmem)
[    0.097947] devtmpfs: initialized
[    0.115407] VFP support v0.3: implementor 41 architecture 3 part 30 variant c rev 3
[    0.116043] clocksource: jiffies: mask: 0xffffffff max_cycles: 0xffffffff, max_idle_ns: 19112604462750000 ns
[    0.116098] posixtimers hash table entries: 512 (order: 0, 4096 bytes, linear)
[    0.116124] futex hash table entries: 256 (16384 bytes on 1 NUMA nodes, total 16 KiB, linear).
[    0.117253] pinctrl core: initialized pinctrl subsystem
[    0.119338] NET: Registered PF_NETLINK/PF_ROUTE protocol family
[    0.122460] DMA: preallocated 256 KiB pool for atomic coherent allocations
[    0.123417] audit: initializing netlink subsys (disabled)
[    0.124791] thermal_sys: Registered thermal governor 'fair_share'
[    0.124806] thermal_sys: Registered thermal governor 'step_wise'
[    0.124816] thermal_sys: Registered thermal governor 'user_space'
[    0.124929] audit: type=2000 audit(0.120:1): state=initialized audit_enabled=0 res=1
[    0.124996] cpuidle: using governor menu
[    0.143019] /ocp/interconnect@44c00000/segment@200000/target-module@b000/i2c@0/tda19988@70: Fixed dependency cycle(s) with /ocp/interconnect@48000000/segment@300000/target-module@e000/lcdc@0
[    0.144149] /ocp/interconnect@48000000/segment@300000/target-module@e000/lcdc@0: Fixed dependency cycle(s) with /ocp/interconnect@44c00000/segment@200000/target-module@b000/i2c@0/tda19988@70
[    0.146329] No ATAGs?
[    0.146371] hw-breakpoint: debug architecture 0x4 unsupported.
[    0.148875] registering rtmutex
[    0.149148] kprobes: kprobe jump-optimization is enabled. All kprobes are optimized if possible.
[    0.164101] iommu: Default domain type: Translated
[    0.164120] iommu: DMA domain TLB invalidation policy: strict mode
[    0.165743] reg-fixed-voltage fixedregulator0: using DT '/fixedregulator0' for '(default)' GPIO lookup
[    0.165798] of_get_named_gpiod_flags: can't parse 'gpios' property of node '/fixedregulator0[0]'
[    0.165826] of_get_named_gpiod_flags: can't parse 'gpio' property of node '/fixedregulator0[0]'
[    0.165843] reg-fixed-voltage fixedregulator0: using lookup tables for GPIO lookup
[    0.165853] reg-fixed-voltage fixedregulator0: No GPIO consumer (default) found
[    0.166891] SCSI subsystem initialized
[    0.167358] libata version 3.00 loaded.
[    0.167730] pps_core: LinuxPPS API ver. 1 registered
[    0.167740] pps_core: Software ver. 5.3.6 - Copyright 2005-2007 Rodolfo Giometti <giometti@linux.it>
[    0.167764] PTP clock support registered
[    0.171239] vgaarb: loaded
[    0.171610] clocksource: Switched to clocksource dmtimer
[    0.172289] VFS: Disk quotas dquot_6.6.0
[    0.172347] VFS: Dquot-cache hash table entries: 1024 (order 0, 4096 bytes)
[    0.204485] NET: Registered PF_INET protocol family
[    0.204831] IP idents hash table entries: 8192 (order: 4, 65536 bytes, linear)
[    0.206242] tcp_listen_portaddr_hash hash table entries: 512 (order: 0, 4096 bytes, linear)
[    0.206279] Table-perturb hash table entries: 65536 (order: 6, 262144 bytes, linear)
[    0.206298] TCP established hash table entries: 4096 (order: 2, 16384 bytes, linear)
[    0.206344] TCP bind hash table entries: 4096 (order: 4, 65536 bytes, linear)
[    0.206444] TCP: Hash tables configured (established 4096 bind 4096)
[    0.206564] UDP hash table entries: 256 (order: 1, 14336 bytes, linear)
[    0.206599] UDP-Lite hash table entries: 256 (order: 1, 14336 bytes, linear)
[    0.206782] NET: Registered PF_UNIX/PF_LOCAL protocol family
[    0.208082] RPC: Registered named UNIX socket transport module.
[    0.208102] RPC: Registered udp transport module.
[    0.208106] RPC: Registered tcp transport module.
[    0.208111] RPC: Registered tcp-with-tls transport module.
[    0.208116] RPC: Registered tcp NFSv4.1 backchannel transport module.
[    0.208141] PCI: CLS 0 bytes, default 64
[    0.209556] Initialise system trusted keyrings
[    0.210749] workingset: timestamp_bits=14 max_order=17 bucket_order=3
[    0.222078] NFS: Registering the id_resolver key type
[    0.222172] Key type id_resolver registered
[    0.222179] Key type id_legacy registered
[    0.222287] jffs2: version 2.2. (NAND) (SUMMARY)  Â© 2001-2006 Red Hat, Inc.
[    0.222766] Key type asymmetric registered
[    0.222783] Asymmetric key parser 'x509' registered
[    0.222855] io scheduler mq-deadline registered
[    0.222866] io scheduler kyber registered
[    0.222939] io scheduler bfq registered
[    0.224855] target-module@4b000000:target-module@140000:pmu@0:fck: device ID is greater than 24
[    0.231054] l3-aon-clkctrl:0000:0: failed to disable
[    0.231115] ledtrig-cpu: registered to indicate activity on CPUs
[    0.234195] Serial: 8250/16550 driver, 6 ports, IRQ sharing enabled
[    0.274218] brd: module loaded
[    0.298708] loop: module loaded
[    0.299640] mtdoops: mtd device (mtddev=name/number) must be supplied
[    0.301372] mdio_bus fixed-0: using lookup tables for GPIO lookup
[    0.301395] mdio_bus fixed-0: No GPIO consumer reset found
[    0.302997] i2c_dev: i2c /dev entries driver
[    0.304011] cpuidle: enable-method property 'ti,am3352' found operations
[    0.304472] sdhci: Secure Digital Host Controller Interface driver
[    0.304482] sdhci: Copyright(c) Pierre Ossman
[    0.304662] sdhci-pltfm: SDHCI platform and OF driver helper
[    0.306143] hw perfevents: enabled with armv7_cortex_a8 PMU driver, 5 (8000000f) counters available
[    0.306657] Initializing XFRM netlink socket
[    0.306842] NET: Registered PF_INET6 protocol family
[    0.312511] l3-aon-clkctrl:0000:0: failed to disable
[    0.327078] Segment Routing with IPv6
[    0.327160] In-situ OAM (IOAM) with IPv6
[    0.327257] sit: IPv6, IPv4 and MPLS over IPv4 tunneling driver
[    0.328205] NET: Registered PF_PACKET protocol family
[    0.328231] NET: Registered PF_KEY protocol family
[    0.328345] Key type dns_resolver registered
[    0.328573] ThumbEE CPU extension supported.
[    0.328592] Registering SWP/SWPB emulation handler
[    0.329129] omap_voltage_late_init: Voltage driver support not added
[    0.329789] SmartReflex Class3 initialized
[    0.361058] Loading compiled-in X.509 certificates
[    0.400554] /ocp/interconnect@44c00000/segment@200000/target-module@b000/i2c@0/tda19988@70: Fixed dependency cycle(s) with /ocp/interconnect@48000000/segment@300000/target-module@e000/lcdc@0
[    0.407161] /ocp/interconnect@44c00000/segment@200000/target-module@b000/i2c@0/tda19988@70: Fixed dependency cycle(s) with /ocp/interconnect@48000000/segment@300000/target-module@e000/lcdc@0
[    0.412835] gpiochip_find_base_unlocked: found new base at 512
[    0.437088] /ocp/interconnect@44c00000/segment@200000/target-module@b000/i2c@0/tda19988@70: Fixed dependency cycle(s) with /ocp/interconnect@48000000/segment@300000/target-module@e000/lcdc@0
[    0.437967] /ocp/interconnect@44c00000/segment@200000/target-module@b000/i2c@0/tda19988@70: Fixed dependency cycle(s) with /ocp/interconnect@48000000/segment@300000/target-module@e000/lcdc@0
[    0.441427] /ocp/interconnect@44c00000/segment@200000/target-module@10000/scm@0/pinmux@800: Fixed dependency cycle(s) with /ocp/interconnect@44c00000/segment@200000/target-module@10000/scm@0/pinmux@800/clkout2-pins
[    0.442281] pinctrl-single 44e10800.pinmux: 142 pins, size 568
[    0.447576] ti-sysc 44e31000.target-module: probe with driver ti-sysc failed with error -16
[    0.473704] /ocp/interconnect@48000000/segment@300000/target-module@e000/lcdc@0: Fixed dependency cycle(s) with /ocp/interconnect@44c00000/segment@200000/target-module@b000/i2c@0/tda19988@70
[    0.481987] ti-sysc 48040000.target-module: probe with driver ti-sysc failed with error -16
[    0.493542] gpiochip_find_base_unlocked: found new base at 512
[    0.493640] gpio gpiochip0: (gpio-0-31): created GPIO range 0->7 ==> 44e10800.pinmux PIN 0->7
[    0.493659] gpio gpiochip0: (gpio-0-31): created GPIO range 8->11 ==> 44e10800.pinmux PIN 90->93
[    0.493674] gpio gpiochip0: (gpio-0-31): created GPIO range 12->27 ==> 44e10800.pinmux PIN 12->27
[    0.493689] gpio gpiochip0: (gpio-0-31): created GPIO range 28->31 ==> 44e10800.pinmux PIN 30->33
[    0.538561] gpio gpiochip0: (gpio-0-31): added GPIO chardev (254:0)
[    0.538711] gpio gpiochip0: registered GPIOs 512 to 543 on gpio-0-31
[    0.538799] OMAP GPIO hardware version 0.1
[    0.566270] i2c i2c-2: using DT '/ocp/interconnect@48000000/segment@100000/target-module@9c000/i2c@0' for 'scl' GPIO lookup
[    0.566341] of_get_named_gpiod_flags: can't parse 'scl-gpios' property of node '/ocp/interconnect@48000000/segment@100000/target-module@9c000/i2c@0[0]'
[    0.566383] of_get_named_gpiod_flags: can't parse 'scl-gpio' property of node '/ocp/interconnect@48000000/segment@100000/target-module@9c000/i2c@0[0]'
[    0.566418] i2c i2c-2: using lookup tables for GPIO lookup
[    0.566427] i2c i2c-2: No GPIO consumer scl found
[    0.566447] i2c i2c-2: using DT '/ocp/interconnect@48000000/segment@100000/target-module@9c000/i2c@0' for 'sda' GPIO lookup
[    0.566483] of_get_named_gpiod_flags: can't parse 'sda-gpios' property of node '/ocp/interconnect@48000000/segment@100000/target-module@9c000/i2c@0[0]'
[    0.566518] of_get_named_gpiod_flags: can't parse 'sda-gpio' property of node '/ocp/interconnect@48000000/segment@100000/target-module@9c000/i2c@0[0]'
[    0.566550] i2c i2c-2: using lookup tables for GPIO lookup
[    0.566558] i2c i2c-2: No GPIO consumer sda found
[    0.567294] omap_i2c 4819c000.i2c: bus 2 rev0.11 at 100 kHz
[    0.573218] gpiochip_find_base_unlocked: found new base at 544
[    0.573316] gpio gpiochip1: (gpio-32-63): created GPIO range 0->17 ==> 44e10800.pinmux PIN 34->51
[    0.573336] gpio gpiochip1: (gpio-32-63): created GPIO range 18->21 ==> 44e10800.pinmux PIN 77->80
[    0.573352] gpio gpiochip1: (gpio-32-63): created GPIO range 22->31 ==> 44e10800.pinmux PIN 56->65
[    0.584389] gpio gpiochip1: (gpio-32-63): added GPIO chardev (254:1)
[    0.584560] gpio gpiochip1: registered GPIOs 544 to 575 on gpio-32-63
[    0.586848] gpiochip_find_base_unlocked: found new base at 576
[    0.586933] gpio gpiochip2: (gpio-64-95): created GPIO range 0->4 ==> 44e10800.pinmux PIN 66->70
[    0.586954] gpio gpiochip2: (gpio-64-95): created GPIO range 5->6 ==> 44e10800.pinmux PIN 98->99
[    0.586969] gpio gpiochip2: (gpio-64-95): created GPIO range 7->8 ==> 44e10800.pinmux PIN 75->76
[    0.586984] gpio gpiochip2: (gpio-64-95): created GPIO range 13->13 ==> 44e10800.pinmux PIN 141->141
[    0.586999] gpio gpiochip2: (gpio-64-95): created GPIO range 14->21 ==> 44e10800.pinmux PIN 100->107
[    0.587644] gpio gpiochip2: (gpio-64-95): added GPIO chardev (254:2)
[    0.587801] gpio gpiochip2: registered GPIOs 576 to 607 on gpio-64-95
[    0.593779] 48000000.interconnect:segment@200000:target-module@0:mpu@0:fck: device ID is greater than 24
[    0.594695] /ocp/interconnect@48000000/segment@300000/target-module@e000/lcdc@0: Fixed dependency cycle(s) with /ocp/interconnect@44c00000/segment@200000/target-module@b000/i2c@0/tda19988@70
[    0.597556] /ocp/interconnect@48000000/segment@300000/target-module@e000/lcdc@0: Fixed dependency cycle(s) with /ocp/interconnect@44c00000/segment@200000/target-module@b000/i2c@0/tda19988@70
[    0.598271] /ocp/interconnect@44c00000/segment@200000/target-module@b000/i2c@0/tda19988@70: Fixed dependency cycle(s) with /ocp/interconnect@48000000/segment@300000/target-module@e000/lcdc@0
[    0.598425] /ocp/interconnect@48000000/segment@300000/target-module@e000/lcdc@0: Fixed dependency cycle(s) with /ocp/interconnect@44c00000/segment@200000/target-module@b000/i2c@0/tda19988@70
[    0.608258] mdio_bus 4a101000.mdio: using DT '/ocp/interconnect@4a000000/segment@0/target-module@100000/switch@0/mdio@1000' for 'reset' GPIO lookup
[    0.608330] of_get_named_gpiod_flags: can't parse 'reset-gpios' property of node '/ocp/interconnect@4a000000/segment@0/target-module@100000/switch@0/mdio@1000[0]'
[    0.608375] of_get_named_gpiod_flags: can't parse 'reset-gpio' property of node '/ocp/interconnect@4a000000/segment@0/target-module@100000/switch@0/mdio@1000[0]'
[    0.608421] mdio_bus 4a101000.mdio: using lookup tables for GPIO lookup
[    0.608431] mdio_bus 4a101000.mdio: No GPIO consumer reset found
[    0.609372] sdhci-omap 481d8000.mmc: using DT '/ocp/interconnect@48000000/segment@100000/target-module@d8000/mmc@0' for 'wp' GPIO lookup
[    0.609442] of_get_named_gpiod_flags: can't parse 'wp-gpios' property of node '/ocp/interconnect@48000000/segment@100000/target-module@d8000/mmc@0[0]'
[    0.609482] of_get_named_gpiod_flags: can't parse 'wp-gpio' property of node '/ocp/interconnect@48000000/segment@100000/target-module@d8000/mmc@0[0]'
[    0.609515] sdhci-omap 481d8000.mmc: using lookup tables for GPIO lookup
[    0.609524] sdhci-omap 481d8000.mmc: No GPIO consumer wp found
[    0.609718] sdhci-omap 481d8000.mmc: supply pbias not found, using dummy regulator
[    0.610201] sdhci-omap 481d8000.mmc: supply vqmmc not found, using dummy regulator
[    0.664880] davinci_mdio 4a101000.mdio: davinci mdio revision 1.6, bus freq 1000000
[    0.686120] mdio_bus 4a101000.mdio:00: using DT '/ocp/interconnect@4a000000/segment@0/target-module@100000/switch@0/mdio@1000/ethernet-phy@0' for 'reset' GPIO lookup
[    0.686223] of_get_named_gpiod_flags: parsed 'reset-gpios' property of node '/ocp/interconnect@4a000000/segment@0/target-module@100000/switch@0/mdio@1000/ethernet-phy@0[0]' - status (0)
[    0.686383] gpio gpiochip0: Persistence not supported for GPIO 8
[    0.821729] davinci_mdio 4a101000.mdio: phy[0]: device 4a101000.mdio:00, driver SMSC LAN8710/LAN8720
[    0.822498] cpsw-switch 4a100000.switch: initialized cpsw ale version 1.4
[    0.822519] cpsw-switch 4a100000.switch: ALE Table size 1024, Policers 0
[    0.822907] cpsw-switch 4a100000.switch: cpts: overflow check period 500 (jiffies)
[    0.822929] cpsw-switch 4a100000.switch: CPTS: ref_clk_freq:250000000 calc_mult:2147483648 calc_shift:29 error:0 nsec/sec
[    0.823035] cpsw-switch 4a100000.switch: Detected MACID = 6c:ec:eb:68:de:78
[    0.824888] cpsw-switch 4a100000.switch: initialized (regs 0x4a100000, pool size 256) hw_ver:0019010C 1.12 (0)
[    0.836043] debugfs: Directory '49000000.dma' with parent 'dmaengine' already present!
[    0.836083] edma 49000000.dma: TI EDMA DMA engine driver
[    0.879449] gpio-clk clk_mcasp0: using DT '/clk_mcasp0' for 'enable' GPIO lookup
[    0.879523] of_get_named_gpiod_flags: parsed 'enable-gpios' property of node '/clk_mcasp0[0]' - status (0)
[    0.879566] gpio gpiochip0: Persistence not supported for GPIO 27
[    0.880436] gpiochip_find_base_unlocked: found new base at 608
[    0.880545] gpio gpiochip3: (gpio-96-127): created GPIO range 0->7 ==> 44e10800.pinmux PIN 82->89
[    0.880565] gpio gpiochip3: (gpio-96-127): created GPIO range 8->11 ==> 44e10800.pinmux PIN 52->55
[    0.880581] gpio gpiochip3: (gpio-96-127): created GPIO range 12->15 ==> 44e10800.pinmux PIN 94->97
[    0.880596] gpio gpiochip3: (gpio-96-127): created GPIO range 16->17 ==> 44e10800.pinmux PIN 71->72
[    0.880612] gpio gpiochip3: (gpio-96-127): created GPIO range 18->18 ==> 44e10800.pinmux PIN 135->135
[    0.880628] gpio gpiochip3: (gpio-96-127): created GPIO range 19->20 ==> 44e10800.pinmux PIN 108->109
[    0.880644] gpio gpiochip3: (gpio-96-127): created GPIO range 21->21 ==> 44e10800.pinmux PIN 73->73
[    0.880661] gpio gpiochip3: (gpio-96-127): created GPIO range 22->23 ==> 44e10800.pinmux PIN 8->9
[    0.880678] gpio gpiochip3: (gpio-96-127): created GPIO range 26->27 ==> 44e10800.pinmux PIN 10->11
[    0.880695] gpio gpiochip3: (gpio-96-127): created GPIO range 28->28 ==> 44e10800.pinmux PIN 74->74
[    0.880712] gpio gpiochip3: (gpio-96-127): created GPIO range 29->29 ==> 44e10800.pinmux PIN 81->81
[    0.880731] gpio gpiochip3: (gpio-96-127): created GPIO range 30->31 ==> 44e10800.pinmux PIN 28->29
[    0.892749] gpio gpiochip3: (gpio-96-127): added GPIO chardev (254:3)
[    0.892916] gpio gpiochip3: registered GPIOs 608 to 639 on gpio-96-127
[    0.905362] omap8250 44e09000.serial: using DT '/ocp/interconnect@44c00000/segment@200000/target-module@9000/serial@0' for 'rs485-term' GPIO lookup
[    0.905438] of_get_named_gpiod_flags: can't parse 'rs485-term-gpios' property of node '/ocp/interconnect@44c00000/segment@200000/target-module@9000/serial@0[0]'
[    0.905482] of_get_named_gpiod_flags: can't parse 'rs485-term-gpio' property of node '/ocp/interconnect@44c00000/segment@200000/target-module@9000/serial@0[0]'
[    0.905517] omap8250 44e09000.serial: using lookup tables for GPIO lookup
[    0.905527] omap8250 44e09000.serial: No GPIO consumer rs485-term found
[    0.905536] omap8250 44e09000.serial: using DT '/ocp/interconnect@44c00000/segment@200000/target-module@9000/serial@0' for 'rs485-rx-during-tx' GPIO lookup
[    0.905571] of_get_named_gpiod_flags: can't parse 'rs485-rx-during-tx-gpios' property of node '/ocp/interconnect@44c00000/segment@200000/target-module@9000/serial@0[0]'
[    0.905608] of_get_named_gpiod_flags: can't parse 'rs485-rx-during-tx-gpio' property of node '/ocp/interconnect@44c00000/segment@200000/target-module@9000/serial@0[0]'
[    0.905639] omap8250 44e09000.serial: using lookup tables for GPIO lookup
[    0.905647] omap8250 44e09000.serial: No GPIO consumer rs485-rx-during-tx found
[    0.906104] 44e09000.serial: ttyS0 at MMIO 0x44e09000 (irq = 34, base_baud = 3000000) is a 8250
[    0.906195] printk: legacy console [ttyS0] enabled
[    2.360132] i2c i2c-0: using DT '/ocp/interconnect@44c00000/segment@200000/target-module@b000/i2c@0' for 'scl' GPIO lookup
[    2.360223] of_get_named_gpiod_flags: can't parse 'scl-gpios' property of node '/ocp/interconnect@44c00000/segment@200000/target-module@b000/i2c@0[0]'
[    2.360269] of_get_named_gpiod_flags: can't parse 'scl-gpio' property of node '/ocp/interconnect@44c00000/segment@200000/target-module@b000/i2c@0[0]'
[    2.360309] i2c i2c-0: using lookup tables for GPIO lookup
[    2.360322] i2c i2c-0: No GPIO consumer scl found
[    2.360346] i2c i2c-0: using DT '/ocp/interconnect@44c00000/segment@200000/target-module@b000/i2c@0' for 'sda' GPIO lookup
[    2.360384] of_get_named_gpiod_flags: can't parse 'sda-gpios' property of node '/ocp/interconnect@44c00000/segment@200000/target-module@b000/i2c@0[0]'
[    2.360425] of_get_named_gpiod_flags: can't parse 'sda-gpio' property of node '/ocp/interconnect@44c00000/segment@200000/target-module@b000/i2c@0[0]'
[    2.360460] i2c i2c-0: using lookup tables for GPIO lookup
[    2.360471] i2c i2c-0: No GPIO consumer sda found
[    2.372594] tps65217-pmic: Failed to locate of_node [id: -1]
[    2.378669] tps65217-bl: Failed to locate of_node [id: -1]
[    2.384761] platform tps65217-charger: DMA mask not set
[    2.390795] platform tps65217-pwrbutton: DMA mask not set
[    2.398170] tps65217 0-0024: TPS65217 ID 0xe version 1.2
[    2.404311] /ocp/interconnect@48000000/segment@300000/target-module@e000/lcdc@0: Fixed dependency cycle(s) with /ocp/interconnect@44c00000/segment@200000/target-module@b000/i2c@0/tda19988@70
[    2.421725] /ocp/interconnect@44c00000/segment@200000/target-module@b000/i2c@0/tda19988@70: Fixed dependency cycle(s) with /ocp/interconnect@48000000/segment@300000/target-module@e000/lcdc@0
[    2.439095] omap_i2c 44e0b000.i2c: bus 0 rev0.11 at 400 kHz
[    2.446759] sdhci-omap 48060000.mmc: using DT '/ocp/interconnect@48000000/segment@0/target-module@60000/mmc@0' for 'cd' GPIO lookup
[    2.446865] of_get_named_gpiod_flags: parsed 'cd-gpios' property of node '/ocp/interconnect@48000000/segment@0/target-module@60000/mmc@0[0]' - status (0)
[    2.446931] gpio gpiochip3: Persistence not supported for GPIO 6
[    2.446959] omap_gpio 44e07000.gpio: Could not set line 6 debounce to 200000 microseconds (-22)
[    2.455871] sdhci-omap 48060000.mmc: Got CD GPIO
[    2.460524] sdhci-omap 48060000.mmc: using DT '/ocp/interconnect@48000000/segment@0/target-module@60000/mmc@0' for 'wp' GPIO lookup
[    2.460572] of_get_named_gpiod_flags: can't parse 'wp-gpios' property of node '/ocp/interconnect@48000000/segment@0/target-module@60000/mmc@0[0]'
[    2.460615] of_get_named_gpiod_flags: can't parse 'wp-gpio' property of node '/ocp/interconnect@48000000/segment@0/target-module@60000/mmc@0[0]'
[    2.460653] sdhci-omap 48060000.mmc: using lookup tables for GPIO lookup
[    2.460666] sdhci-omap 48060000.mmc: No GPIO consumer wp found
[    2.460875] sdhci-omap 48060000.mmc: supply pbias not found, using dummy regulator
[    2.469679] sdhci-omap 481d8000.mmc: using DT '/ocp/interconnect@48000000/segment@100000/target-module@d8000/mmc@0' for 'wp' GPIO lookup
[    2.469758] of_get_named_gpiod_flags: can't parse 'wp-gpios' property of node '/ocp/interconnect@48000000/segment@100000/target-module@d8000/mmc@0[0]'
[    2.469806] of_get_named_gpiod_flags: can't parse 'wp-gpio' property of node '/ocp/interconnect@48000000/segment@100000/target-module@d8000/mmc@0[0]'
[    2.469844] sdhci-omap 481d8000.mmc: using lookup tables for GPIO lookup
[    2.469856] sdhci-omap 481d8000.mmc: No GPIO consumer wp found
[    2.470852] sdhci-omap 48060000.mmc: supply vqmmc not found, using dummy regulator
[    2.479973] sdhci-omap 481d8000.mmc: supply pbias not found, using dummy regulator
[    2.490410] sdhci-omap 481d8000.mmc: supply vqmmc not found, using dummy regulator
[    2.525350] mmc0: SDHCI controller on 48060000.mmc [48060000.mmc] using External DMA
[    2.533691] mmc1: SDHCI controller on 481d8000.mmc [481d8000.mmc] using External DMA
[    2.542458] cpsw-switch 4a100000.switch: starting ndev. mode: dual_mac
[    2.590776] mmc0: new high speed SDHC card at address 5048
[    2.597834] mmcblk0: mmc0:5048 SD16G 14.4 GiB
[    2.606129]  mmcblk0: p1 p2
[    2.609534] mmcblk0: p2 size 31221760 extends beyond EOD, truncated
[    2.622938] SMSC LAN8710/LAN8720 4a101000.mdio:00: attached PHY driver (mii_bus:phy_addr=4a101000.mdio:00, irq=POLL)
[    2.633926] mmc1: new high speed MMC card at address 0001
[    2.646577] mmcblk1: mmc1:0001 MMC04G 3.60 GiB
[    2.654225]  mmcblk1: p1 p2
[    2.658444] mmcblk1boot0: mmc1:0001 MMC04G 2.00 MiB
[    2.667209] mmcblk1boot1: mmc1:0001 MMC04G 2.00 MiB
[    2.676438] mmcblk1rpmb: mmc1:0001 MMC04G 128 KiB, chardev (249:0)
[    5.762405] cpsw-switch 4a100000.switch eth0: Link is Up - 100Mbps/Full - flow control off
[    5.801870] IP-Config: Complete:
[    5.805145]      device=eth0, hwaddr=6c:ec:eb:68:de:78, ipaddr=192.168.255.1, mask=255.255.255.0, gw=255.255.255.255
[    5.815814]      host=bbb1, domain=, nis-domain=(none)
[    5.820982]      bootserver=192.168.255.126, rootserver=192.168.255.126, rootpath=
[    5.821407] clk: Disabling unused clocks
[    5.833262] PM: genpd: Disabling unused power domains
[    5.838378] KTAP version 1
[    5.841098] 1..0
[    5.875394] VFS: Mounted root (nfs filesystem) on device 0:17.
[    5.882287] devtmpfs: mounted
[    5.886781] Freeing unused kernel image (initmem) memory: 1024K
[    5.893665] Run /sbin/init as init process
[    5.897798]   with arguments:
[    5.897811]     /sbin/init
[    5.897820]     nfsrootdebug
[    5.897830]   with environment:
[    5.897839]     HOME=/
[    5.897848]     TERM=linux
[    6.573351] systemd[1]: System time before build time, advancing clock.
[    8.111632] random: crng init done
[    8.124305] systemd[1]: systemd 232 running in system mode. (+PAM +AUDIT +SELINUX +IMA +APPARMOR +SMACK +SYSVINIT +UTMP +LIBCRYPTSETUP +GCRYPT +GNUTLS +ACL +XZ +LZ4 +SECCOMP +BLKID +ELFUTILS +KMOD +IDN)
[    8.143386] systemd[1]: Detected architecture arm.
[    8.174825] systemd[1]: Set hostname to <arm>.
[    9.319979] systemd[1]: Listening on udev Control Socket.
[    9.342361] systemd[1]: Listening on udev Kernel Socket.
[    9.373452] systemd[1]: syslog.socket: SO_PASSSEC failed: Operation not supported
[    9.381179] systemd[1]: Listening on Syslog Socket.
[    9.402538] systemd[1]: Started Forward Password Requests to Wall Directory Watch.
[    9.431963] systemd[1]: Reached target Remote File Systems.
[    9.462211] systemd[1]: systemd-journald-dev-log.socket: SO_PASSSEC failed: Operation not supported
[   11.802914] systemd-journald[83]: Received request to flush runtime journal from PID 1
[   14.604965] leds-gpio leds: using DT '/leds/led2' for '(default)' GPIO lookup
[   14.605070] of_get_named_gpiod_flags: parsed 'gpios' property of node '/leds/led2[0]' - status (0)
[   14.605128] gpio gpiochip0: Persistence not supported for GPIO 21
[   14.605143] gpio-533 (?): no flags found for GPIO (default)
[   14.652009] leds-gpio leds: using DT '/leds/led3' for '(default)' GPIO lookup
[   14.652124] of_get_named_gpiod_flags: parsed 'gpios' property of node '/leds/led3[0]' - status (0)
[   14.652180] gpio gpiochip0: Persistence not supported for GPIO 22
[   14.652196] gpio-534 (?): no flags found for GPIO (default)
[   14.690821] leds-gpio leds: using DT '/leds/led4' for '(default)' GPIO lookup
[   14.691137] of_get_named_gpiod_flags: parsed 'gpios' property of node '/leds/led4[0]' - status (0)
[   14.691196] gpio gpiochip0: Persistence not supported for GPIO 23
[   14.691212] gpio-535 (?): no flags found for GPIO (default)
[   14.722881] leds-gpio leds: using DT '/leds/led5' for '(default)' GPIO lookup
[   14.722984] of_get_named_gpiod_flags: parsed 'gpios' property of node '/leds/led5[0]' - status (0)
[   14.723036] gpio gpiochip0: Persistence not supported for GPIO 24
[   14.723051] gpio-536 (?): no flags found for GPIO (default)
[   15.070149] remoteproc remoteproc0: wkup_m3 is available
[   15.197551] omap_rtc 44e3e000.rtc: registered as rtc0
[   15.202951] omap_rtc 44e3e000.rtc: setting system clock to 2000-01-01T00:00:00 UTC (946684800)
[   15.211938] omap_rtc 44e3e000.rtc: using DT '/ocp/interconnect@44c00000/segment@200000/target-module@3e000/rtc@0' for 'wp' GPIO lookup
[   15.212015] of_get_named_gpiod_flags: can't parse 'wp-gpios' property of node '/ocp/interconnect@44c00000/segment@200000/target-module@3e000/rtc@0[0]'
[   15.212066] of_get_named_gpiod_flags: can't parse 'wp-gpio' property of node '/ocp/interconnect@44c00000/segment@200000/target-module@3e000/rtc@0[0]'
[   15.212106] omap_rtc 44e3e000.rtc: using lookup tables for GPIO lookup
[   15.212120] omap_rtc 44e3e000.rtc: No GPIO consumer wp found
[   15.381103] omap_wdt: OMAP Watchdog Timer Rev 0x01: initial timeout 60 sec
[   15.730472] am335x-phy-driver 47401300.usb-phy: using DT '/ocp/target-module@47400000/usb-phy@1300' for 'reset' GPIO lookup
[   15.730569] of_get_named_gpiod_flags: can't parse 'reset-gpios' property of node '/ocp/target-module@47400000/usb-phy@1300[0]'
[   15.730614] of_get_named_gpiod_flags: can't parse 'reset-gpio' property of node '/ocp/target-module@47400000/usb-phy@1300[0]'
[   15.730652] am335x-phy-driver 47401300.usb-phy: using lookup tables for GPIO lookup
[   15.730666] am335x-phy-driver 47401300.usb-phy: No GPIO consumer reset found
[   15.730681] am335x-phy-driver 47401300.usb-phy: using DT '/ocp/target-module@47400000/usb-phy@1300' for 'vbus-detect' GPIO lookup
[   15.730712] of_get_named_gpiod_flags: can't parse 'vbus-detect-gpios' property of node '/ocp/target-module@47400000/usb-phy@1300[0]'
[   15.730743] of_get_named_gpiod_flags: can't parse 'vbus-detect-gpio' property of node '/ocp/target-module@47400000/usb-phy@1300[0]'
[   15.730769] am335x-phy-driver 47401300.usb-phy: using lookup tables for GPIO lookup
[   15.730781] am335x-phy-driver 47401300.usb-phy: No GPIO consumer vbus-detect found
[   15.730932] am335x-phy-driver 47401300.usb-phy: dummy supplies not allowed for exclusive requests (id=vbus)
[   15.813577] input: tps65217_pwrbutton as /devices/platform/ocp/44c00000.interconnect/44c00000.interconnect:segment@200000/44e0b000.target-module/44e0b000.i2c/i2c-0/0-0024/tps65217-pwrbutton/input/input0
[   15.899415] at24 2-0054: supply vcc not found, using dummy regulator
[   15.974652] at24 2-0055: supply vcc not found, using dummy regulator
[   16.037682] am335x-phy-driver 47401b00.usb-phy: using DT '/ocp/target-module@47400000/usb-phy@1b00' for 'reset' GPIO lookup
[   16.037771] of_get_named_gpiod_flags: can't parse 'reset-gpios' property of node '/ocp/target-module@47400000/usb-phy@1b00[0]'
[   16.037816] of_get_named_gpiod_flags: can't parse 'reset-gpio' property of node '/ocp/target-module@47400000/usb-phy@1b00[0]'
[   16.037854] am335x-phy-driver 47401b00.usb-phy: using lookup tables for GPIO lookup
[   16.037868] am335x-phy-driver 47401b00.usb-phy: No GPIO consumer reset found
[   16.037882] am335x-phy-driver 47401b00.usb-phy: using DT '/ocp/target-module@47400000/usb-phy@1b00' for 'vbus-detect' GPIO lookup
[   16.037914] of_get_named_gpiod_flags: can't parse 'vbus-detect-gpios' property of node '/ocp/target-module@47400000/usb-phy@1b00[0]'
[   16.037946] of_get_named_gpiod_flags: can't parse 'vbus-detect-gpio' property of node '/ocp/target-module@47400000/usb-phy@1b00[0]'
[   16.037972] am335x-phy-driver 47401b00.usb-phy: using lookup tables for GPIO lookup
[   16.037985] am335x-phy-driver 47401b00.usb-phy: No GPIO consumer vbus-detect found
[   16.038134] am335x-phy-driver 47401b00.usb-phy: dummy supplies not allowed for exclusive requests (id=vbus)
[   16.124268] at24 2-0056: supply vcc not found, using dummy regulator
[   16.252544] at24 2-0057: supply vcc not found, using dummy regulator
[   16.395418] at24 0-0050: using DT '/ocp/interconnect@44c00000/segment@200000/target-module@b000/i2c@0/eeprom@50' for 'wp' GPIO lookup
[   16.395530] of_get_named_gpiod_flags: can't parse 'wp-gpios' property of node '/ocp/interconnect@44c00000/segment@200000/target-module@b000/i2c@0/eeprom@50[0]'
[   16.395589] of_get_named_gpiod_flags: can't parse 'wp-gpio' property of node '/ocp/interconnect@44c00000/segment@200000/target-module@b000/i2c@0/eeprom@50[0]'
[   16.395634] at24 0-0050: using lookup tables for GPIO lookup
[   16.395648] at24 0-0050: No GPIO consumer wp found
[   16.395960] at24 0-0050: 32768 byte 24c256 EEPROM, writable, 1 bytes/write
[   16.783148] usbcore: registered new interface driver usbfs
[   16.788788] usbcore: registered new interface driver hub
[   16.794411] usbcore: registered new device driver usb
[   17.526264] omap-mailbox 480c8000.mailbox: omap mailbox rev 0x400
[   17.575325] remoteproc remoteproc0: powering up wkup_m3
[   17.808319] musb-hdrc musb-hdrc.1: MUSB HDRC host driver
[   17.813978] musb-hdrc musb-hdrc.1: new USB bus registered, assigned bus number 1
[   17.875562] remoteproc remoteproc0: Direct firmware load for am335x-pm-firmware.elf failed with error -2
[   17.885478] remoteproc remoteproc0: request_firmware failed: -2
[   17.891443] wkup_m3_ipc 44e11324.wkup_m3_ipc: rproc_boot failed
[   18.070168] usb usb1: New USB device found, idVendor=1d6b, idProduct=0002, bcdDevice= 6.16
[   18.078751] usb usb1: New USB device strings: Mfr=3, Product=2, SerialNumber=1
[   18.086107] usb usb1: Product: MUSB HDRC host driver
[   18.091104] usb usb1: Manufacturer: Linux 6.16.0-rc4-next-20250630 musb-hcd
[   18.098136] usb usb1: SerialNumber: musb-hdrc.1
[   18.472917] hub 1-0:1.0: USB hub found
[   18.497205] hub 1-0:1.0: 1 port detected
[   18.863090] tda998x 0-0070: found TDA19988
[   19.986761] omap_rng 48310000.rng: Random Number Generator ver. 20
[   20.197753] tilcdc 4830e000.lcdc: bound 0-0070 (ops tda998x_audio_codec_init [tda998x])
[   20.322602] [drm] Initialized tilcdc 1.0.0 for 4830e000.lcdc on minor 0
[   20.436241] tilcdc 4830e000.lcdc: [drm] Cannot find any crtc or sizes
[   20.451326] tilcdc 4830e000.lcdc: [drm] Cannot find any crtc or sizes
[   21.700729] omap-sham 53100000.sham: hw accel on OMAP rev 4.3
[   21.735876] PM: Cannot get wkup_m3_ipc handle
[   21.864859] omap-sham 53100000.sham: will run requests pump with realtime priority
[   21.873719] PM: Cannot get wkup_m3_ipc handle
[   22.030254] omap-aes 53500000.aes: OMAP AES hw accel rev: 3.2
[   22.140937] omap-aes 53500000.aes: will run requests pump with realtime priority
[   22.151297] PM: Cannot get wkup_m3_ipc handle
[   23.559161] Bluetooth: Core ver 2.22
[   23.563190] NET: Registered PF_BLUETOOTH protocol family
[   23.568543] Bluetooth: HCI device and connection manager initialized
[   23.575088] Bluetooth: HCI socket layer initialized
[   23.580004] Bluetooth: L2CAP socket layer initialized
[   23.585152] Bluetooth: SCO socket layer initialized
[   25.748633] tda998x 0-0070: using DT '/ocp/interconnect@44c00000/segment@200000/target-module@b000/i2c@0/tda19988@70' for 'nxp,calib' GPIO lookup
[   25.748872] of_get_named_gpiod_flags: parsed 'nxp,calib-gpios' property of node '/ocp/interconnect@44c00000/segment@200000/target-module@b000/i2c@0/tda19988@70[0]' - status (0)
[   25.749057] gpio gpiochip0: Persistence not supported for GPIO 25
[   25.749076] gpio-537 (nxp,calib): no flags found for GPIO nxp,calib
[   25.776246] gpio-537 (nxp,calib): gpiod_direction_output_nonotify: tried to set a GPIO tied to an IRQ as output
[   25.792718] PM: Cannot get wkup_m3_ipc handle
[   25.798463] asoc-simple-card sound: using DT '/sound' for 'simple-audio-card,hp-det' GPIO lookup
[   25.798533] of_get_named_gpiod_flags: can't parse 'simple-audio-card,hp-det-gpios' property of node '/sound[0]'
[   25.798567] of_get_named_gpiod_flags: can't parse 'simple-audio-card,hp-det-gpio' property of node '/sound[0]'
[   25.798593] asoc-simple-card sound: using lookup tables for GPIO lookup
[   25.798606] asoc-simple-card sound: No GPIO consumer simple-audio-card,hp-det found
[   25.798620] asoc-simple-card sound: using DT '/sound' for 'simple-audio-card,mic-det' GPIO lookup
[   25.798644] of_get_named_gpiod_flags: can't parse 'simple-audio-card,mic-det-gpios' property of node '/sound[0]'
[   25.798669] of_get_named_gpiod_flags: can't parse 'simple-audio-card,mic-det-gpio' property of node '/sound[0]'
[   25.798689] asoc-simple-card sound: using lookup tables for GPIO lookup
[   25.798700] asoc-simple-card sound: No GPIO consumer simple-audio-card,mic-det found
[   25.907950] PM: Cannot get wkup_m3_ipc handle
[   26.026292] tda9950 0-0034: TDA9950 CEC interface, hardware version 3.3
[   26.101114] PM: Cannot get wkup_m3_ipc handle
[   28.063812] userial_init: registered 8 ttyGS* devices
[   28.382774] rndis_register: configNr = 0
[   28.526384] udc musb-hdrc.0: binding gadget driver [g_multi]
[   28.526492] configfs-gadget.g_multi gadget.0: adding 'rndis'/37984530 to config 'c'/5ccdd914
[   28.527696] configfs-gadget.g_multi gadget.0: HOST MAC 1c:ba:8c:a2:ed:6c
[   28.534701] configfs-gadget.g_multi gadget.0: MAC 1c:ba:8c:a2:ed:70
[   28.541058] rndis_set_param_medium: 0 0
[   28.541078] configfs-gadget.g_multi gadget.0: RNDIS: IN/ep1in OUT/ep1out NOTIFY/ep2in
[   28.541094] configfs-gadget.g_multi gadget.0: adding 'cdc_ethernet'/0300427e to config 'c'/5ccdd914
[   28.542092] configfs-gadget.g_multi gadget.0: HOST MAC 1c:ba:8c:a2:ed:6c
[   28.548854] configfs-gadget.g_multi gadget.0: MAC 1c:ba:8c:a2:ed:6d
[   28.555263] configfs-gadget.g_multi gadget.0: CDC Ethernet: IN/ep3in OUT/ep2out NOTIFY/ep4in
[   28.555284] configfs-gadget.g_multi gadget.0: adding 'acm'/69bab836 to config 'c'/5ccdd914
[   28.555329] configfs-gadget.g_multi gadget.0: acm ttyGS0: IN/ep5in OUT/ep3out NOTIFY/ep6in
[   28.556500] PM: Cannot get wkup_m3_ipc handle
[   29.821289] configfs-gadget.g_multi gadget.0: eth_open
[   30.852375] configfs-gadget.g_multi gadget.0: stop stats: rx/tx 0/0, errs 0/0
[   35.215302] gs_open: ttyGS0 (6286a236,91a85aac)
[   35.215438] gs_close: ttyGS0 (6286a236,91a85aac) ...
[   35.215460] gs_close: ttyGS0 (6286a236,91a85aac) done!
[   35.215616] gs_open: ttyGS0 (97444b55,91a85aac)
[   35.215686] gs_close: ttyGS0 (97444b55,91a85aac) ...
[   35.215706] gs_close: ttyGS0 (97444b55,91a85aac) done!
[   35.374062] gs_open: ttyGS0 (97444b55,819b2612)
[   35.374306] gs_close: ttyGS0 (97444b55,819b2612) ...
[   35.374334] gs_close: ttyGS0 (97444b55,819b2612) done!
[   35.377342] gs_open: ttyGS0 (97444b55,819b2612)
XXNWBGQEXA 0
root@arm:~# echo 'YQNC''MUZHWS'
YQNCMUZHWS
root@arm:~# MARKER='GLTH''TPCLQA' run 'modprobe test_linear_ranges'
GLTHTPCLQAGLTHTPCLQA 0
root@arm:~# echo 'NAWX''ATOTUL'
NAWXATOTUL
root@arm:~# MARKER='GNHM''BAMHHQ' run dmesg
GNHMBAMHHQ[    0.000000] Booting Linux on physical CPU 0x0
[    0.000000] Linux version 6.16.0-rc4-next-20250630 (user01@drvtest01) (arm-none-eabi-gcc (Arm GNU Toolchain 14.2.Rel1 (Build arm-14.52)) 14.2.1 20241119, GNU ld (Arm GNU Toolchain 14.2.Rel1 (Build arm-14.52)) 2.43.1.20241119) #1 SMP Mon Jun 30 11:20:21 EEST 2025
[    0.000000] CPU: ARMv7 Processor [413fc082] revision 2 (ARMv7), cr=10c5387d
[    0.000000] CPU: PIPT / VIPT nonaliasing data cache, VIPT aliasing instruction cache
[    0.000000] OF: fdt: Machine model: TI AM335x BeagleBone Black
[    0.000000] Memory policy: Data cache writeback
[    0.000000] cma: Reserved 16 MiB at 0x9e800000
[    0.000000] Zone ranges:
[    0.000000]   Normal   [mem 0x0000000080000000-0x000000009fdfffff]
[    0.000000]   HighMem  empty
[    0.000000] Movable zone start for each node
[    0.000000] Early memory node ranges
[    0.000000]   node   0: [mem 0x0000000080000000-0x000000009fdfffff]
[    0.000000] Initmem setup node 0 [mem 0x0000000080000000-0x000000009fdfffff]
[    0.000000] On node 0, zone Normal: 512 pages in unavailable ranges
[    0.000000] OF: reserved mem: Reserved memory: No reserved-memory node in the DT
[    0.000000] CPU: All CPU(s) started in SVC mode.
[    0.000000] AM335X ES2.1 (sgx neon)
[    0.000000] percpu: Embedded 17 pages/cpu s39820 r8192 d21620 u69632
[    0.000000] pcpu-alloc: s39820 r8192 d21620 u69632 alloc=17*4096
[    0.000000] pcpu-alloc: [0] 0 
[    0.000000] Kernel command line: console=ttyO0,115200n8 root=/dev/nfs rw nfsroot=192.168.255.126:/home/user01/nfs,nfsvers=3 ip=192.168.255.1:192.168.255.126::255.255.255.0:bbb1:eth0 nfsrootdebug
[    0.000000] Unknown kernel command line parameters "nfsrootdebug", will be passed to user space.
[    0.000000] printk: log buffer data + meta data: 65536 + 204800 = 270336 bytes
[    0.000000] Dentry cache hash table entries: 65536 (order: 6, 262144 bytes, linear)
[    0.000000] Inode-cache hash table entries: 32768 (order: 5, 131072 bytes, linear)
[    0.000000] Built 1 zonelists, mobility grouping on.  Total pages: 130560
[    0.000000] mem auto-init: stack:off, heap alloc:off, heap free:off
[    0.000000] SLUB: HWalign=16, Order=0-3, MinObjects=0, CPUs=1, Nodes=1
[    0.000000] rcu: Hierarchical RCU implementation.
[    0.000000] rcu: 	RCU event tracing is enabled.
[    0.000000] rcu: 	RCU restricting CPUs from NR_CPUS=2 to nr_cpu_ids=1.
[    0.000000] 	Tracing variant of Tasks RCU enabled.
[    0.000000] rcu: RCU calculated value of scheduler-enlistment delay is 10 jiffies.
[    0.000000] rcu: Adjusting geometry for rcu_fanout_leaf=16, nr_cpu_ids=1
[    0.000000] RCU Tasks Trace: Setting shift to 0 and lim to 1 rcu_task_cb_adjust=1 rcu_task_cpu_ids=1.
[    0.000000] NR_IRQS: 16, nr_irqs: 16, preallocated irqs: 16
[    0.000000] IRQ: Found an INTC at 0x(ptrval) (revision 5.0) with 128 interrupts
[    0.000000] rcu: srcu_init: Setting srcu_struct sizes based on contention.
[    0.000000] TI gptimer clocksource: always-on /ocp/interconnect@44c00000/segment@200000/target-module@31000
[    0.000003] sched_clock: 32 bits at 24MHz, resolution 41ns, wraps every 89478484971ns
[    0.000026] clocksource: dmtimer: mask: 0xffffffff max_cycles: 0xffffffff, max_idle_ns: 79635851949 ns
[    0.000535] TI gptimer clockevent: 24000000 Hz at /ocp/interconnect@48000000/segment@0/target-module@40000
[    0.002159] Console: colour dummy device 80x30
[    0.002222] WARNING: Your 'console=ttyO0' has been replaced by 'ttyS0'
[    0.002230] This ensures that you still see kernel messages. Please
[    0.002235] update your kernel commandline.
[    0.002278] Calibrating delay loop... 996.14 BogoMIPS (lpj=4980736)
[    0.090582] CPU: Testing write buffer coherency: ok
[    0.090690] CPU0: Spectre v2: using BPIALL workaround
[    0.090699] pid_max: default: 32768 minimum: 301
[    0.090859] LSM: initializing lsm=capability
[    0.091027] Mount-cache hash table entries: 1024 (order: 0, 4096 bytes, linear)
[    0.091048] Mountpoint-cache hash table entries: 1024 (order: 0, 4096 bytes, linear)
[    0.092687] CPU0: thread -1, cpu 0, socket -1, mpidr 0
[    0.092745] cacheinfo: Unable to detect cache hierarchy for CPU 0
[    0.094806] Setting up static identity map for 0x80100000 - 0x80100078
[    0.095119] rcu: Hierarchical SRCU implementation.
[    0.095129] rcu: 	Max phase no-delay instances is 1000.
[    0.096861] smp: Bringing up secondary CPUs ...
[    0.096913] smp: Brought up 1 node, 1 CPU
[    0.096926] SMP: Total of 1 processors activated (996.14 BogoMIPS).
[    0.096937] CPU: All CPU(s) started in SVC mode.
[    0.097132] Memory: 480828K/522240K available (11264K kernel code, 1215K rwdata, 2928K rodata, 1024K init, 284K bss, 23380K reserved, 16384K cma-reserved, 0K highmem)
[    0.097947] devtmpfs: initialized
[    0.115407] VFP support v0.3: implementor 41 architecture 3 part 30 variant c rev 3
[    0.116043] clocksource: jiffies: mask: 0xffffffff max_cycles: 0xffffffff, max_idle_ns: 19112604462750000 ns
[    0.116098] posixtimers hash table entries: 512 (order: 0, 4096 bytes, linear)
[    0.116124] futex hash table entries: 256 (16384 bytes on 1 NUMA nodes, total 16 KiB, linear).
[    0.117253] pinctrl core: initialized pinctrl subsystem
[    0.119338] NET: Registered PF_NETLINK/PF_ROUTE protocol family
[    0.122460] DMA: preallocated 256 KiB pool for atomic coherent allocations
[    0.123417] audit: initializing netlink subsys (disabled)
[    0.124791] thermal_sys: Registered thermal governor 'fair_share'
[    0.124806] thermal_sys: Registered thermal governor 'step_wise'
[    0.124816] thermal_sys: Registered thermal governor 'user_space'
[    0.124929] audit: type=2000 audit(0.120:1): state=initialized audit_enabled=0 res=1
[    0.124996] cpuidle: using governor menu
[    0.143019] /ocp/interconnect@44c00000/segment@200000/target-module@b000/i2c@0/tda19988@70: Fixed dependency cycle(s) with /ocp/interconnect@48000000/segment@300000/target-module@e000/lcdc@0
[    0.144149] /ocp/interconnect@48000000/segment@300000/target-module@e000/lcdc@0: Fixed dependency cycle(s) with /ocp/interconnect@44c00000/segment@200000/target-module@b000/i2c@0/tda19988@70
[    0.146329] No ATAGs?
[    0.146371] hw-breakpoint: debug architecture 0x4 unsupported.
[    0.148875] registering rtmutex
[    0.149148] kprobes: kprobe jump-optimization is enabled. All kprobes are optimized if possible.
[    0.164101] iommu: Default domain type: Translated
[    0.164120] iommu: DMA domain TLB invalidation policy: strict mode
[    0.165743] reg-fixed-voltage fixedregulator0: using DT '/fixedregulator0' for '(default)' GPIO lookup
[    0.165798] of_get_named_gpiod_flags: can't parse 'gpios' property of node '/fixedregulator0[0]'
[    0.165826] of_get_named_gpiod_flags: can't parse 'gpio' property of node '/fixedregulator0[0]'
[    0.165843] reg-fixed-voltage fixedregulator0: using lookup tables for GPIO lookup
[    0.165853] reg-fixed-voltage fixedregulator0: No GPIO consumer (default) found
[    0.166891] SCSI subsystem initialized
[    0.167358] libata version 3.00 loaded.
[    0.167730] pps_core: LinuxPPS API ver. 1 registered
[    0.167740] pps_core: Software ver. 5.3.6 - Copyright 2005-2007 Rodolfo Giometti <giometti@linux.it>
[    0.167764] PTP clock support registered
[    0.171239] vgaarb: loaded
[    0.171610] clocksource: Switched to clocksource dmtimer
[    0.172289] VFS: Disk quotas dquot_6.6.0
[    0.172347] VFS: Dquot-cache hash table entries: 1024 (order 0, 4096 bytes)
[    0.204485] NET: Registered PF_INET protocol family
[    0.204831] IP idents hash table entries: 8192 (order: 4, 65536 bytes, linear)
[    0.206242] tcp_listen_portaddr_hash hash table entries: 512 (order: 0, 4096 bytes, linear)
[    0.206279] Table-perturb hash table entries: 65536 (order: 6, 262144 bytes, linear)
[    0.206298] TCP established hash table entries: 4096 (order: 2, 16384 bytes, linear)
[    0.206344] TCP bind hash table entries: 4096 (order: 4, 65536 bytes, linear)
[    0.206444] TCP: Hash tables configured (established 4096 bind 4096)
[    0.206564] UDP hash table entries: 256 (order: 1, 14336 bytes, linear)
[    0.206599] UDP-Lite hash table entries: 256 (order: 1, 14336 bytes, linear)
[    0.206782] NET: Registered PF_UNIX/PF_LOCAL protocol family
[    0.208082] RPC: Registered named UNIX socket transport module.
[    0.208102] RPC: Registered udp transport module.
[    0.208106] RPC: Registered tcp transport module.
[    0.208111] RPC: Registered tcp-with-tls transport module.
[    0.208116] RPC: Registered tcp NFSv4.1 backchannel transport module.
[    0.208141] PCI: CLS 0 bytes, default 64
[    0.209556] Initialise system trusted keyrings
[    0.210749] workingset: timestamp_bits=14 max_order=17 bucket_order=3
[    0.222078] NFS: Registering the id_resolver key type
[    0.222172] Key type id_resolver registered
[    0.222179] Key type id_legacy registered
[    0.222287] jffs2: version 2.2. (NAND) (SUMMARY)  Â© 2001-2006 Red Hat, Inc.
[    0.222766] Key type asymmetric registered
[    0.222783] Asymmetric key parser 'x509' registered
[    0.222855] io scheduler mq-deadline registered
[    0.222866] io scheduler kyber registered
[    0.222939] io scheduler bfq registered
[    0.224855] target-module@4b000000:target-module@140000:pmu@0:fck: device ID is greater than 24
[    0.231054] l3-aon-clkctrl:0000:0: failed to disable
[    0.231115] ledtrig-cpu: registered to indicate activity on CPUs
[    0.234195] Serial: 8250/16550 driver, 6 ports, IRQ sharing enabled
[    0.274218] brd: module loaded
[    0.298708] loop: module loaded
[    0.299640] mtdoops: mtd device (mtddev=name/number) must be supplied
[    0.301372] mdio_bus fixed-0: using lookup tables for GPIO lookup
[    0.301395] mdio_bus fixed-0: No GPIO consumer reset found
[    0.302997] i2c_dev: i2c /dev entries driver
[    0.304011] cpuidle: enable-method property 'ti,am3352' found operations
[    0.304472] sdhci: Secure Digital Host Controller Interface driver
[    0.304482] sdhci: Copyright(c) Pierre Ossman
[    0.304662] sdhci-pltfm: SDHCI platform and OF driver helper
[    0.306143] hw perfevents: enabled with armv7_cortex_a8 PMU driver, 5 (8000000f) counters available
[    0.306657] Initializing XFRM netlink socket
[    0.306842] NET: Registered PF_INET6 protocol family
[    0.312511] l3-aon-clkctrl:0000:0: failed to disable
[    0.327078] Segment Routing with IPv6
[    0.327160] In-situ OAM (IOAM) with IPv6
[    0.327257] sit: IPv6, IPv4 and MPLS over IPv4 tunneling driver
[    0.328205] NET: Registered PF_PACKET protocol family
[    0.328231] NET: Registered PF_KEY protocol family
[    0.328345] Key type dns_resolver registered
[    0.328573] ThumbEE CPU extension supported.
[    0.328592] Registering SWP/SWPB emulation handler
[    0.329129] omap_voltage_late_init: Voltage driver support not added
[    0.329789] SmartReflex Class3 initialized
[    0.361058] Loading compiled-in X.509 certificates
[    0.400554] /ocp/interconnect@44c00000/segment@200000/target-module@b000/i2c@0/tda19988@70: Fixed dependency cycle(s) with /ocp/interconnect@48000000/segment@300000/target-module@e000/lcdc@0
[    0.407161] /ocp/interconnect@44c00000/segment@200000/target-module@b000/i2c@0/tda19988@70: Fixed dependency cycle(s) with /ocp/interconnect@48000000/segment@300000/target-module@e000/lcdc@0
[    0.412835] gpiochip_find_base_unlocked: found new base at 512
[    0.437088] /ocp/interconnect@44c00000/segment@200000/target-module@b000/i2c@0/tda19988@70: Fixed dependency cycle(s) with /ocp/interconnect@48000000/segment@300000/target-module@e000/lcdc@0
[    0.437967] /ocp/interconnect@44c00000/segment@200000/target-module@b000/i2c@0/tda19988@70: Fixed dependency cycle(s) with /ocp/interconnect@48000000/segment@300000/target-module@e000/lcdc@0
[    0.441427] /ocp/interconnect@44c00000/segment@200000/target-module@10000/scm@0/pinmux@800: Fixed dependency cycle(s) with /ocp/interconnect@44c00000/segment@200000/target-module@10000/scm@0/pinmux@800/clkout2-pins
[    0.442281] pinctrl-single 44e10800.pinmux: 142 pins, size 568
[    0.447576] ti-sysc 44e31000.target-module: probe with driver ti-sysc failed with error -16
[    0.473704] /ocp/interconnect@48000000/segment@300000/target-module@e000/lcdc@0: Fixed dependency cycle(s) with /ocp/interconnect@44c00000/segment@200000/target-module@b000/i2c@0/tda19988@70
[    0.481987] ti-sysc 48040000.target-module: probe with driver ti-sysc failed with error -16
[    0.493542] gpiochip_find_base_unlocked: found new base at 512
[    0.493640] gpio gpiochip0: (gpio-0-31): created GPIO range 0->7 ==> 44e10800.pinmux PIN 0->7
[    0.493659] gpio gpiochip0: (gpio-0-31): created GPIO range 8->11 ==> 44e10800.pinmux PIN 90->93
[    0.493674] gpio gpiochip0: (gpio-0-31): created GPIO range 12->27 ==> 44e10800.pinmux PIN 12->27
[    0.493689] gpio gpiochip0: (gpio-0-31): created GPIO range 28->31 ==> 44e10800.pinmux PIN 30->33
[    0.538561] gpio gpiochip0: (gpio-0-31): added GPIO chardev (254:0)
[    0.538711] gpio gpiochip0: registered GPIOs 512 to 543 on gpio-0-31
[    0.538799] OMAP GPIO hardware version 0.1
[    0.566270] i2c i2c-2: using DT '/ocp/interconnect@48000000/segment@100000/target-module@9c000/i2c@0' for 'scl' GPIO lookup
[    0.566341] of_get_named_gpiod_flags: can't parse 'scl-gpios' property of node '/ocp/interconnect@48000000/segment@100000/target-module@9c000/i2c@0[0]'
[    0.566383] of_get_named_gpiod_flags: can't parse 'scl-gpio' property of node '/ocp/interconnect@48000000/segment@100000/target-module@9c000/i2c@0[0]'
[    0.566418] i2c i2c-2: using lookup tables for GPIO lookup
[    0.566427] i2c i2c-2: No GPIO consumer scl found
[    0.566447] i2c i2c-2: using DT '/ocp/interconnect@48000000/segment@100000/target-module@9c000/i2c@0' for 'sda' GPIO lookup
[    0.566483] of_get_named_gpiod_flags: can't parse 'sda-gpios' property of node '/ocp/interconnect@48000000/segment@100000/target-module@9c000/i2c@0[0]'
[    0.566518] of_get_named_gpiod_flags: can't parse 'sda-gpio' property of node '/ocp/interconnect@48000000/segment@100000/target-module@9c000/i2c@0[0]'
[    0.566550] i2c i2c-2: using lookup tables for GPIO lookup
[    0.566558] i2c i2c-2: No GPIO consumer sda found
[    0.567294] omap_i2c 4819c000.i2c: bus 2 rev0.11 at 100 kHz
[    0.573218] gpiochip_find_base_unlocked: found new base at 544
[    0.573316] gpio gpiochip1: (gpio-32-63): created GPIO range 0->17 ==> 44e10800.pinmux PIN 34->51
[    0.573336] gpio gpiochip1: (gpio-32-63): created GPIO range 18->21 ==> 44e10800.pinmux PIN 77->80
[    0.573352] gpio gpiochip1: (gpio-32-63): created GPIO range 22->31 ==> 44e10800.pinmux PIN 56->65
[    0.584389] gpio gpiochip1: (gpio-32-63): added GPIO chardev (254:1)
[    0.584560] gpio gpiochip1: registered GPIOs 544 to 575 on gpio-32-63
[    0.586848] gpiochip_find_base_unlocked: found new base at 576
[    0.586933] gpio gpiochip2: (gpio-64-95): created GPIO range 0->4 ==> 44e10800.pinmux PIN 66->70
[    0.586954] gpio gpiochip2: (gpio-64-95): created GPIO range 5->6 ==> 44e10800.pinmux PIN 98->99
[    0.586969] gpio gpiochip2: (gpio-64-95): created GPIO range 7->8 ==> 44e10800.pinmux PIN 75->76
[    0.586984] gpio gpiochip2: (gpio-64-95): created GPIO range 13->13 ==> 44e10800.pinmux PIN 141->141
[    0.586999] gpio gpiochip2: (gpio-64-95): created GPIO range 14->21 ==> 44e10800.pinmux PIN 100->107
[    0.587644] gpio gpiochip2: (gpio-64-95): added GPIO chardev (254:2)
[    0.587801] gpio gpiochip2: registered GPIOs 576 to 607 on gpio-64-95
[    0.593779] 48000000.interconnect:segment@200000:target-module@0:mpu@0:fck: device ID is greater than 24
[    0.594695] /ocp/interconnect@48000000/segment@300000/target-module@e000/lcdc@0: Fixed dependency cycle(s) with /ocp/interconnect@44c00000/segment@200000/target-module@b000/i2c@0/tda19988@70
[    0.597556] /ocp/interconnect@48000000/segment@300000/target-module@e000/lcdc@0: Fixed dependency cycle(s) with /ocp/interconnect@44c00000/segment@200000/target-module@b000/i2c@0/tda19988@70
[    0.598271] /ocp/interconnect@44c00000/segment@200000/target-module@b000/i2c@0/tda19988@70: Fixed dependency cycle(s) with /ocp/interconnect@48000000/segment@300000/target-module@e000/lcdc@0
[    0.598425] /ocp/interconnect@48000000/segment@300000/target-module@e000/lcdc@0: Fixed dependency cycle(s) with /ocp/interconnect@44c00000/segment@200000/target-module@b000/i2c@0/tda19988@70
[    0.608258] mdio_bus 4a101000.mdio: using DT '/ocp/interconnect@4a000000/segment@0/target-module@100000/switch@0/mdio@1000' for 'reset' GPIO lookup
[    0.608330] of_get_named_gpiod_flags: can't parse 'reset-gpios' property of node '/ocp/interconnect@4a000000/segment@0/target-module@100000/switch@0/mdio@1000[0]'
[    0.608375] of_get_named_gpiod_flags: can't parse 'reset-gpio' property of node '/ocp/interconnect@4a000000/segment@0/target-module@100000/switch@0/mdio@1000[0]'
[    0.608421] mdio_bus 4a101000.mdio: using lookup tables for GPIO lookup
[    0.608431] mdio_bus 4a101000.mdio: No GPIO consumer reset found
[    0.609372] sdhci-omap 481d8000.mmc: using DT '/ocp/interconnect@48000000/segment@100000/target-module@d8000/mmc@0' for 'wp' GPIO lookup
[    0.609442] of_get_named_gpiod_flags: can't parse 'wp-gpios' property of node '/ocp/interconnect@48000000/segment@100000/target-module@d8000/mmc@0[0]'
[    0.609482] of_get_named_gpiod_flags: can't parse 'wp-gpio' property of node '/ocp/interconnect@48000000/segment@100000/target-module@d8000/mmc@0[0]'
[    0.609515] sdhci-omap 481d8000.mmc: using lookup tables for GPIO lookup
[    0.609524] sdhci-omap 481d8000.mmc: No GPIO consumer wp found
[    0.609718] sdhci-omap 481d8000.mmc: supply pbias not found, using dummy regulator
[    0.610201] sdhci-omap 481d8000.mmc: supply vqmmc not found, using dummy regulator
[    0.664880] davinci_mdio 4a101000.mdio: davinci mdio revision 1.6, bus freq 1000000
[    0.686120] mdio_bus 4a101000.mdio:00: using DT '/ocp/interconnect@4a000000/segment@0/target-module@100000/switch@0/mdio@1000/ethernet-phy@0' for 'reset' GPIO lookup
[    0.686223] of_get_named_gpiod_flags: parsed 'reset-gpios' property of node '/ocp/interconnect@4a000000/segment@0/target-module@100000/switch@0/mdio@1000/ethernet-phy@0[0]' - status (0)
[    0.686383] gpio gpiochip0: Persistence not supported for GPIO 8
[    0.821729] davinci_mdio 4a101000.mdio: phy[0]: device 4a101000.mdio:00, driver SMSC LAN8710/LAN8720
[    0.822498] cpsw-switch 4a100000.switch: initialized cpsw ale version 1.4
[    0.822519] cpsw-switch 4a100000.switch: ALE Table size 1024, Policers 0
[    0.822907] cpsw-switch 4a100000.switch: cpts: overflow check period 500 (jiffies)
[    0.822929] cpsw-switch 4a100000.switch: CPTS: ref_clk_freq:250000000 calc_mult:2147483648 calc_shift:29 error:0 nsec/sec
[    0.823035] cpsw-switch 4a100000.switch: Detected MACID = 6c:ec:eb:68:de:78
[    0.824888] cpsw-switch 4a100000.switch: initialized (regs 0x4a100000, pool size 256) hw_ver:0019010C 1.12 (0)
[    0.836043] debugfs: Directory '49000000.dma' with parent 'dmaengine' already present!
[    0.836083] edma 49000000.dma: TI EDMA DMA engine driver
[    0.879449] gpio-clk clk_mcasp0: using DT '/clk_mcasp0' for 'enable' GPIO lookup
[    0.879523] of_get_named_gpiod_flags: parsed 'enable-gpios' property of node '/clk_mcasp0[0]' - status (0)
[    0.879566] gpio gpiochip0: Persistence not supported for GPIO 27
[    0.880436] gpiochip_find_base_unlocked: found new base at 608
[    0.880545] gpio gpiochip3: (gpio-96-127): created GPIO range 0->7 ==> 44e10800.pinmux PIN 82->89
[    0.880565] gpio gpiochip3: (gpio-96-127): created GPIO range 8->11 ==> 44e10800.pinmux PIN 52->55
[    0.880581] gpio gpiochip3: (gpio-96-127): created GPIO range 12->15 ==> 44e10800.pinmux PIN 94->97
[    0.880596] gpio gpiochip3: (gpio-96-127): created GPIO range 16->17 ==> 44e10800.pinmux PIN 71->72
[    0.880612] gpio gpiochip3: (gpio-96-127): created GPIO range 18->18 ==> 44e10800.pinmux PIN 135->135
[    0.880628] gpio gpiochip3: (gpio-96-127): created GPIO range 19->20 ==> 44e10800.pinmux PIN 108->109
[    0.880644] gpio gpiochip3: (gpio-96-127): created GPIO range 21->21 ==> 44e10800.pinmux PIN 73->73
[    0.880661] gpio gpiochip3: (gpio-96-127): created GPIO range 22->23 ==> 44e10800.pinmux PIN 8->9
[    0.880678] gpio gpiochip3: (gpio-96-127): created GPIO range 26->27 ==> 44e10800.pinmux PIN 10->11
[    0.880695] gpio gpiochip3: (gpio-96-127): created GPIO range 28->28 ==> 44e10800.pinmux PIN 74->74
[    0.880712] gpio gpiochip3: (gpio-96-127): created GPIO range 29->29 ==> 44e10800.pinmux PIN 81->81
[    0.880731] gpio gpiochip3: (gpio-96-127): created GPIO range 30->31 ==> 44e10800.pinmux PIN 28->29
[    0.892749] gpio gpiochip3: (gpio-96-127): added GPIO chardev (254:3)
[    0.892916] gpio gpiochip3: registered GPIOs 608 to 639 on gpio-96-127
[    0.905362] omap8250 44e09000.serial: using DT '/ocp/interconnect@44c00000/segment@200000/target-module@9000/serial@0' for 'rs485-term' GPIO lookup
[    0.905438] of_get_named_gpiod_flags: can't parse 'rs485-term-gpios' property of node '/ocp/interconnect@44c00000/segment@200000/target-module@9000/serial@0[0]'
[    0.905482] of_get_named_gpiod_flags: can't parse 'rs485-term-gpio' property of node '/ocp/interconnect@44c00000/segment@200000/target-module@9000/serial@0[0]'
[    0.905517] omap8250 44e09000.serial: using lookup tables for GPIO lookup
[    0.905527] omap8250 44e09000.serial: No GPIO consumer rs485-term found
[    0.905536] omap8250 44e09000.serial: using DT '/ocp/interconnect@44c00000/segment@200000/target-module@9000/serial@0' for 'rs485-rx-during-tx' GPIO lookup
[    0.905571] of_get_named_gpiod_flags: can't parse 'rs485-rx-during-tx-gpios' property of node '/ocp/interconnect@44c00000/segment@200000/target-module@9000/serial@0[0]'
[    0.905608] of_get_named_gpiod_flags: can't parse 'rs485-rx-during-tx-gpio' property of node '/ocp/interconnect@44c00000/segment@200000/target-module@9000/serial@0[0]'
[    0.905639] omap8250 44e09000.serial: using lookup tables for GPIO lookup
[    0.905647] omap8250 44e09000.serial: No GPIO consumer rs485-rx-during-tx found
[    0.906104] 44e09000.serial: ttyS0 at MMIO 0x44e09000 (irq = 34, base_baud = 3000000) is a 8250
[    0.906195] printk: legacy console [ttyS0] enabled
[    2.360132] i2c i2c-0: using DT '/ocp/interconnect@44c00000/segment@200000/target-module@b000/i2c@0' for 'scl' GPIO lookup
[    2.360223] of_get_named_gpiod_flags: can't parse 'scl-gpios' property of node '/ocp/interconnect@44c00000/segment@200000/target-module@b000/i2c@0[0]'
[    2.360269] of_get_named_gpiod_flags: can't parse 'scl-gpio' property of node '/ocp/interconnect@44c00000/segment@200000/target-module@b000/i2c@0[0]'
[    2.360309] i2c i2c-0: using lookup tables for GPIO lookup
[    2.360322] i2c i2c-0: No GPIO consumer scl found
[    2.360346] i2c i2c-0: using DT '/ocp/interconnect@44c00000/segment@200000/target-module@b000/i2c@0' for 'sda' GPIO lookup
[    2.360384] of_get_named_gpiod_flags: can't parse 'sda-gpios' property of node '/ocp/interconnect@44c00000/segment@200000/target-module@b000/i2c@0[0]'
[    2.360425] of_get_named_gpiod_flags: can't parse 'sda-gpio' property of node '/ocp/interconnect@44c00000/segment@200000/target-module@b000/i2c@0[0]'
[    2.360460] i2c i2c-0: using lookup tables for GPIO lookup
[    2.360471] i2c i2c-0: No GPIO consumer sda found
[    2.372594] tps65217-pmic: Failed to locate of_node [id: -1]
[    2.378669] tps65217-bl: Failed to locate of_node [id: -1]
[    2.384761] platform tps65217-charger: DMA mask not set
[    2.390795] platform tps65217-pwrbutton: DMA mask not set
[    2.398170] tps65217 0-0024: TPS65217 ID 0xe version 1.2
[    2.404311] /ocp/interconnect@48000000/segment@300000/target-module@e000/lcdc@0: Fixed dependency cycle(s) with /ocp/interconnect@44c00000/segment@200000/target-module@b000/i2c@0/tda19988@70
[    2.421725] /ocp/interconnect@44c00000/segment@200000/target-module@b000/i2c@0/tda19988@70: Fixed dependency cycle(s) with /ocp/interconnect@48000000/segment@300000/target-module@e000/lcdc@0
[    2.439095] omap_i2c 44e0b000.i2c: bus 0 rev0.11 at 400 kHz
[    2.446759] sdhci-omap 48060000.mmc: using DT '/ocp/interconnect@48000000/segment@0/target-module@60000/mmc@0' for 'cd' GPIO lookup
[    2.446865] of_get_named_gpiod_flags: parsed 'cd-gpios' property of node '/ocp/interconnect@48000000/segment@0/target-module@60000/mmc@0[0]' - status (0)
[    2.446931] gpio gpiochip3: Persistence not supported for GPIO 6
[    2.446959] omap_gpio 44e07000.gpio: Could not set line 6 debounce to 200000 microseconds (-22)
[    2.455871] sdhci-omap 48060000.mmc: Got CD GPIO
[    2.460524] sdhci-omap 48060000.mmc: using DT '/ocp/interconnect@48000000/segment@0/target-module@60000/mmc@0' for 'wp' GPIO lookup
[    2.460572] of_get_named_gpiod_flags: can't parse 'wp-gpios' property of node '/ocp/interconnect@48000000/segment@0/target-module@60000/mmc@0[0]'
[    2.460615] of_get_named_gpiod_flags: can't parse 'wp-gpio' property of node '/ocp/interconnect@48000000/segment@0/target-module@60000/mmc@0[0]'
[    2.460653] sdhci-omap 48060000.mmc: using lookup tables for GPIO lookup
[    2.460666] sdhci-omap 48060000.mmc: No GPIO consumer wp found
[    2.460875] sdhci-omap 48060000.mmc: supply pbias not found, using dummy regulator
[    2.469679] sdhci-omap 481d8000.mmc: using DT '/ocp/interconnect@48000000/segment@100000/target-module@d8000/mmc@0' for 'wp' GPIO lookup
[    2.469758] of_get_named_gpiod_flags: can't parse 'wp-gpios' property of node '/ocp/interconnect@48000000/segment@100000/target-module@d8000/mmc@0[0]'
[    2.469806] of_get_named_gpiod_flags: can't parse 'wp-gpio' property of node '/ocp/interconnect@48000000/segment@100000/target-module@d8000/mmc@0[0]'
[    2.469844] sdhci-omap 481d8000.mmc: using lookup tables for GPIO lookup
[    2.469856] sdhci-omap 481d8000.mmc: No GPIO consumer wp found
[    2.470852] sdhci-omap 48060000.mmc: supply vqmmc not found, using dummy regulator
[    2.479973] sdhci-omap 481d8000.mmc: supply pbias not found, using dummy regulator
[    2.490410] sdhci-omap 481d8000.mmc: supply vqmmc not found, using dummy regulator
[    2.525350] mmc0: SDHCI controller on 48060000.mmc [48060000.mmc] using External DMA
[    2.533691] mmc1: SDHCI controller on 481d8000.mmc [481d8000.mmc] using External DMA
[    2.542458] cpsw-switch 4a100000.switch: starting ndev. mode: dual_mac
[    2.590776] mmc0: new high speed SDHC card at address 5048
[    2.597834] mmcblk0: mmc0:5048 SD16G 14.4 GiB
[    2.606129]  mmcblk0: p1 p2
[    2.609534] mmcblk0: p2 size 31221760 extends beyond EOD, truncated
[    2.622938] SMSC LAN8710/LAN8720 4a101000.mdio:00: attached PHY driver (mii_bus:phy_addr=4a101000.mdio:00, irq=POLL)
[    2.633926] mmc1: new high speed MMC card at address 0001
[    2.646577] mmcblk1: mmc1:0001 MMC04G 3.60 GiB
[    2.654225]  mmcblk1: p1 p2
[    2.658444] mmcblk1boot0: mmc1:0001 MMC04G 2.00 MiB
[    2.667209] mmcblk1boot1: mmc1:0001 MMC04G 2.00 MiB
[    2.676438] mmcblk1rpmb: mmc1:0001 MMC04G 128 KiB, chardev (249:0)
[    5.762405] cpsw-switch 4a100000.switch eth0: Link is Up - 100Mbps/Full - flow control off
[    5.801870] IP-Config: Complete:
[    5.805145]      device=eth0, hwaddr=6c:ec:eb:68:de:78, ipaddr=192.168.255.1, mask=255.255.255.0, gw=255.255.255.255
[    5.815814]      host=bbb1, domain=, nis-domain=(none)
