Labgrid Console Logfile for main
Logfile started at 2025-02-18 11:16:55.837832
=== Log starts here ===


U-Boot 2014.04-00014-g47880f5 (Apr 22 2014 - 13:23:54)

I2C:   ready
DRAM:  512 MiB
NAND:  0 MiB
MMC:   OMAP SD/MMC: 0, OMAP SD/MMC: 1
*** Warning - readenv() failed, using default environment

Net:   <ethaddr> not set. Validating first E-fuse MAC
cpsw, usb_ether
Hit any key to stop autoboot:  1  0 
gpio: pin 53 (gpio 53) value is 1
mmc0 is current device
gpio: pin 54 (gpio 54) value is 1
SD/MMC found on device 0
reading uEnv.txt
569 bytes read in 3 ms (184.6 KiB/s)
gpio: pin 55 (gpio 55) value is 1
Loaded environment from uEnv.txt
Importing environment from mmc ...
Checking if uenvcmd is set ...
gpio: pin 56 (gpio 56) value is 1
Running uenvcmd ...
cpsw Waiting for PHY auto negotiation to complete. done
link up on port 0, speed 100, full duplex
Using cpsw device
TFTP from server 192.168.255.126; our IP address is 192.168.255.1
Filename 'zImage'.
Load address: 0x81000000
Loading: *#################################################################
	 #################################################################
	 #################################################################
	 #################################################################
	 #################################################################
	 ###################################################
	 2.4 MiB/s
done
Bytes transferred = 5512744 (541e28 hex)
link up on port 0, speed 100, full duplex
Using cpsw device
TFTP from server 192.168.255.126; our IP address is 192.168.255.1
Filename 'am335x-boneblack.dtb'.
Load address: 0x82000000
Loading: *#######
	 2.2 MiB/s
done
Bytes transferred = 98336 (18020 hex)
Kernel image @ 0x81000000 [ 0x000000 - 0x541e28 ]
## Flattened Device Tree blob at 82000000
   Booting using the fdt blob at 0x82000000
   Using Device Tree in place at 82000000, end 8201b01f

Starting kernel ...

[    0.000000] Booting Linux on physical CPU 0x0
[    0.000000] Linux version 6.12.15 (user01@drvtest01) (arm-none-eabi-gcc (Arm GNU Toolchain 14.2.Rel1 (Build arm-14.52)) 14.2.1 20241119, GNU ld (Arm GNU Toolchain 14.2.Rel1 (Build arm-14.52)) 2.43.1.20241119) #1 SMP Tue Feb 18 11:15:38 EET 2025
[    0.000000] CPU: ARMv7 Processor [413fc082] revision 2 (ARMv7), cr=10c5387d
[    0.000000] CPU: PIPT / VIPT nonaliasing data cache, VIPT aliasing instruction cache
[    0.000000] OF: fdt: Machine model: TI AM335x BeagleBone Black
[    0.000000] Memory policy: Data cache writeback
[    0.000000] cma: Reserved 16 MiB at 0x9e800000 on node -1
[    0.000000] Zone ranges:
[    0.000000]   Normal   [mem 0x0000000080000000-0x000000009fdfffff]
[    0.000000]   HighMem  empty
[    0.000000] Movable zone start for each node
[    0.000000] Early memory node ranges
[    0.000000]   node   0: [mem 0x0000000080000000-0x000000009fdfffff]
[    0.000000] Initmem setup node 0 [mem 0x0000000080000000-0x000000009fdfffff]
[    0.000000] OF: reserved mem: Reserved memory: No reserved-memory node in the DT
[    0.000000] CPU: All CPU(s) started in SVC mode.
[    0.000000] AM335X ES2.1 (sgx neon)
[    0.000000] percpu: Embedded 17 pages/cpu s40396 r8192 d21044 u69632
[    0.000000] Kernel command line: console=ttyO0,115200n8 root=/dev/nfs rw nfsroot=192.168.255.126:/home/user01/nfs,nfsvers=3 ip=192.168.255.1:192.168.255.126::255.255.255.0:bbb1:eth0 nfsrootdebug
[    0.000000] Unknown kernel command line parameters "nfsrootdebug", will be passed to user space.
[    0.000000] Dentry cache hash table entries: 65536 (order: 6, 262144 bytes, linear)
[    0.000000] Inode-cache hash table entries: 32768 (order: 5, 131072 bytes, linear)
[    0.000000] Built 1 zonelists, mobility grouping on.  Total pages: 130560
[    0.000000] mem auto-init: stack:off, heap alloc:off, heap free:off
[    0.000000] SLUB: HWalign=64, Order=0-3, MinObjects=0, CPUs=1, Nodes=1
[    0.000000] rcu: Hierarchical RCU implementation.
[    0.000000] rcu: 	RCU event tracing is enabled.
[    0.000000] rcu: 	RCU restricting CPUs from NR_CPUS=2 to nr_cpu_ids=1.
[    0.000000] rcu: RCU calculated value of scheduler-enlistment delay is 10 jiffies.
[    0.000000] rcu: Adjusting geometry for rcu_fanout_leaf=16, nr_cpu_ids=1
[    0.000000] NR_IRQS: 16, nr_irqs: 16, preallocated irqs: 16
[    0.000000] IRQ: Found an INTC at 0x(ptrval) (revision 5.0) with 128 interrupts
[    0.000000] rcu: srcu_init: Setting srcu_struct sizes based on contention.
[    0.000000] TI gptimer clocksource: always-on /ocp/interconnect@44c00000/segment@200000/target-module@31000
[    0.000003] sched_clock: 32 bits at 24MHz, resolution 41ns, wraps every 89478484971ns
[    0.000027] clocksource: dmtimer: mask: 0xffffffff max_cycles: 0xffffffff, max_idle_ns: 79635851949 ns
[    0.000492] TI gptimer clockevent: 24000000 Hz at /ocp/interconnect@48000000/segment@0/target-module@40000
[    0.002083] Console: colour dummy device 80x30
[    0.002149] WARNING: Your 'console=ttyO0' has been replaced by 'ttyS0'
[    0.002158] This ensures that you still see kernel messages. Please
[    0.002162] update your kernel commandline.
[    0.002205] Calibrating delay loop... 996.14 BogoMIPS (lpj=4980736)
[    0.090539] CPU: Testing write buffer coherency: ok
[    0.090648] CPU0: Spectre v2: using BPIALL workaround
[    0.090658] pid_max: default: 32768 minimum: 301
[    0.090781] LSM: initializing lsm=capability
[    0.090944] Mount-cache hash table entries: 1024 (order: 0, 4096 bytes, linear)
[    0.090964] Mountpoint-cache hash table entries: 1024 (order: 0, 4096 bytes, linear)
[    0.092527] CPU0: thread -1, cpu 0, socket -1, mpidr 0
[    0.160709] Setting up static identity map for 0x80100000 - 0x80100078
[    0.170686] rcu: Hierarchical SRCU implementation.
[    0.170697] rcu: 	Max phase no-delay instances is 1000.
[    0.190740] smp: Bringing up secondary CPUs ...
[    0.190794] smp: Brought up 1 node, 1 CPU
[    0.190807] SMP: Total of 1 processors activated (996.14 BogoMIPS).
[    0.190819] CPU: All CPU(s) started in SVC mode.
[    0.191000] Memory: 480868K/522240K available (11264K kernel code, 1211K rwdata, 2876K rodata, 1024K init, 296K bss, 23360K reserved, 16384K cma-reserved, 0K highmem)
[    0.191825] devtmpfs: initialized
[    0.208072] VFP support v0.3: implementor 41 architecture 3 part 30 variant c rev 3
[    0.208414] clocksource: jiffies: mask: 0xffffffff max_cycles: 0xffffffff, max_idle_ns: 19112604462750000 ns
[    0.208447] futex hash table entries: 256 (order: 2, 16384 bytes, linear)
[    0.209863] pinctrl core: initialized pinctrl subsystem
[    0.212749] NET: Registered PF_NETLINK/PF_ROUTE protocol family
[    0.215511] DMA: preallocated 256 KiB pool for atomic coherent allocations
[    0.216403] audit: initializing netlink subsys (disabled)
[    0.217758] thermal_sys: Registered thermal governor 'fair_share'
[    0.217773] thermal_sys: Registered thermal governor 'step_wise'
[    0.217783] thermal_sys: Registered thermal governor 'user_space'
[    0.217934] audit: type=2000 audit(0.210:1): state=initialized audit_enabled=0 res=1
[    0.217968] cpuidle: using governor menu
[    0.235584] /ocp/interconnect@44c00000/segment@200000/target-module@b000/i2c@0/tda19988@70: Fixed dependency cycle(s) with /ocp/interconnect@48000000/segment@300000/target-module@e000/lcdc@0
[    0.236693] /ocp/interconnect@48000000/segment@300000/target-module@e000/lcdc@0: Fixed dependency cycle(s) with /ocp/interconnect@44c00000/segment@200000/target-module@b000/i2c@0/tda19988@70
[    0.238802] No ATAGs?
[    0.238818] hw-breakpoint: debug architecture 0x4 unsupported.
[    0.241556] kprobes: kprobe jump-optimization is enabled. All kprobes are optimized if possible.
[    0.253925] iommu: Default domain type: Translated
[    0.253946] iommu: DMA domain TLB invalidation policy: strict mode
[    0.261698] SCSI subsystem initialized
[    0.262533] pps_core: LinuxPPS API ver. 1 registered
[    0.262545] pps_core: Software ver. 5.3.6 - Copyright 2005-2007 Rodolfo Giometti <giometti@linux.it>
[    0.262568] PTP clock support registered
[    0.270962] vgaarb: loaded
[    0.271312] clocksource: Switched to clocksource dmtimer
[    0.271951] VFS: Disk quotas dquot_6.6.0
[    0.271994] VFS: Dquot-cache hash table entries: 1024 (order 0, 4096 bytes)
[    0.296501] NET: Registered PF_INET protocol family
[    0.296842] IP idents hash table entries: 8192 (order: 4, 65536 bytes, linear)
[    0.298205] tcp_listen_portaddr_hash hash table entries: 512 (order: 0, 4096 bytes, linear)
[    0.298239] Table-perturb hash table entries: 65536 (order: 6, 262144 bytes, linear)
[    0.298255] TCP established hash table entries: 4096 (order: 2, 16384 bytes, linear)
[    0.298298] TCP bind hash table entries: 4096 (order: 4, 65536 bytes, linear)
[    0.298398] TCP: Hash tables configured (established 4096 bind 4096)
[    0.298516] UDP hash table entries: 256 (order: 1, 8192 bytes, linear)
[    0.298543] UDP-Lite hash table entries: 256 (order: 1, 8192 bytes, linear)
[    0.298717] NET: Registered PF_UNIX/PF_LOCAL protocol family
[    0.299952] RPC: Registered named UNIX socket transport module.
[    0.299972] RPC: Registered udp transport module.
[    0.299977] RPC: Registered tcp transport module.
[    0.299982] RPC: Registered tcp-with-tls transport module.
[    0.299987] RPC: Registered tcp NFSv4.1 backchannel transport module.
[    0.300010] PCI: CLS 0 bytes, default 64
[    0.301547] Initialise system trusted keyrings
[    0.311587] workingset: timestamp_bits=14 max_order=17 bucket_order=3
[    0.312872] NFS: Registering the id_resolver key type
[    0.312935] Key type id_resolver registered
[    0.312942] Key type id_legacy registered
[    0.312991] jffs2: version 2.2. (NAND) (SUMMARY)  Â© 2001-2006 Red Hat, Inc.
[    0.313378] Key type asymmetric registered
[    0.313393] Asymmetric key parser 'x509' registered
[    0.313457] io scheduler mq-deadline registered
[    0.313467] io scheduler kyber registered
[    0.313535] io scheduler bfq registered
[    0.315100] ledtrig-cpu: registered to indicate activity on CPUs
[    0.317730] Serial: 8250/16550 driver, 6 ports, IRQ sharing enabled
[    0.363888] brd: module loaded
[    0.382985] loop: module loaded
[    0.383888] mtdoops: mtd device (mtddev=name/number) must be supplied
[    0.386928] i2c_dev: i2c /dev entries driver
[    0.387879] cpuidle: enable-method property 'ti,am3352' found operations
[    0.388309] sdhci: Secure Digital Host Controller Interface driver
[    0.388319] sdhci: Copyright(c) Pierre Ossman
[    0.388490] sdhci-pltfm: SDHCI platform and OF driver helper
[    0.389490] Initializing XFRM netlink socket
[    0.389612] NET: Registered PF_INET6 protocol family
[    0.391625] Segment Routing with IPv6
[    0.391709] In-situ OAM (IOAM) with IPv6
[    0.391809] sit: IPv6, IPv4 and MPLS over IPv4 tunneling driver
[    0.392726] NET: Registered PF_PACKET protocol family
[    0.392758] NET: Registered PF_KEY protocol family
[    0.392892] Key type dns_resolver registered
[    0.393121] ThumbEE CPU extension supported.
[    0.393144] Registering SWP/SWPB emulation handler
[    0.393665] omap_voltage_late_init: Voltage driver support not added
[    0.394022] SmartReflex Class3 initialized
[    0.423926] Loading compiled-in X.509 certificates
[    0.468564] /ocp/interconnect@44c00000/segment@200000/target-module@b000/i2c@0/tda19988@70: Fixed dependency cycle(s) with /ocp/interconnect@48000000/segment@300000/target-module@e000/lcdc@0
[    0.475001] /ocp/interconnect@44c00000/segment@200000/target-module@b000/i2c@0/tda19988@70: Fixed dependency cycle(s) with /ocp/interconnect@48000000/segment@300000/target-module@e000/lcdc@0
[    0.514636] /ocp/interconnect@44c00000/segment@200000/target-module@b000/i2c@0/tda19988@70: Fixed dependency cycle(s) with /ocp/interconnect@48000000/segment@300000/target-module@e000/lcdc@0
[    0.515481] /ocp/interconnect@44c00000/segment@200000/target-module@b000/i2c@0/tda19988@70: Fixed dependency cycle(s) with /ocp/interconnect@48000000/segment@300000/target-module@e000/lcdc@0
[    0.518738] /ocp/interconnect@44c00000/segment@200000/target-module@10000/scm@0/pinmux@800: Fixed dependency cycle(s) with /ocp/interconnect@44c00000/segment@200000/target-module@10000/scm@0/pinmux@800/clkout2-pins
[    0.519310] pinctrl-single 44e10800.pinmux: 142 pins, size 568
[    0.524656] ti-sysc 44e31000.target-module: probe with driver ti-sysc failed with error -16
[    0.562027] /ocp/interconnect@48000000/segment@300000/target-module@e000/lcdc@0: Fixed dependency cycle(s) with /ocp/interconnect@44c00000/segment@200000/target-module@b000/i2c@0/tda19988@70
[    0.569565] ti-sysc 48040000.target-module: probe with driver ti-sysc failed with error -16
[    0.603547] OMAP GPIO hardware version 0.1
[    0.644385] omap_i2c 4819c000.i2c: bus 2 rev0.11 at 100 kHz
[    0.659122] 48000000.interconnect:segment@200000:target-module@0:mpu@0:fck: device ID is greater than 24
[    0.659989] /ocp/interconnect@48000000/segment@300000/target-module@e000/lcdc@0: Fixed dependency cycle(s) with /ocp/interconnect@44c00000/segment@200000/target-module@b000/i2c@0/tda19988@70
[    0.662946] /ocp/interconnect@48000000/segment@300000/target-module@e000/lcdc@0: Fixed dependency cycle(s) with /ocp/interconnect@44c00000/segment@200000/target-module@b000/i2c@0/tda19988@70
[    0.663639] /ocp/interconnect@44c00000/segment@200000/target-module@b000/i2c@0/tda19988@70: Fixed dependency cycle(s) with /ocp/interconnect@48000000/segment@300000/target-module@e000/lcdc@0
[    0.663818] /ocp/interconnect@48000000/segment@300000/target-module@e000/lcdc@0: Fixed dependency cycle(s) with /ocp/interconnect@44c00000/segment@200000/target-module@b0 00/i2c@0/tda19988@70
[    0.674515] sdhci-omap 481d8000.mmc: supply pbias not found, using dummy regulator
[    0.674989] sdhci-omap 481d8000.mmc: supply vqmmc not found, using dummy regulator
[    0.724308] davinci_mdio 4a101000.mdio: davinci mdio revi3112] /ocp/interconnect@44c00000/segment@200000/target-module@b000/i2c@0/tda19988@70: Fixed dependency cycle(s) with /ocp/interconnect@48000000/segment@300000/target-module@e000/lcdc@0
[    2.460469] omap_i2c 44e0b000.i2c: bus 0 rev0.11 at 400 kHz
[    2.468459] omap_gpio 44e07000.gpio: Could not set line 6 debounce to 200000 microseconds (-22)
[    2.477340] sdhci-omap 48060000.mmc: Got CD GPIO
[    2.482380] sdhci-omap 48060000.mmc: supply pbias not found, using dummy regulator
[    2.492571] sdhci-omap 48060000.mmc: supply vqmmc not found, using dummy regulator
[    2.501532] sdhci-omap 481d8000.mmc: supply pbias not found, using dummy regulator
[    2.509514] sdhci-omap 481d8000.mmc: supply vqmmc not found, using dummy regulator
[    2.548598] mmc1: SDHCI controller on 481d8000.mmc [481d8000.mmc] using External DMA
[    2.557090] mmc0: SDHCI controller on 48060000.mmc [48060000.mmc] using External DMA
[    2.565917] cpsw-switch 4a100000.switch: starting ndev. mode: dual_mac
[    2.610504] mmc0: new high speed SDHC card at address 5048
[    2.617598] mmcblk0: mmc0:5048 SD16G 14.4 GiB
[    2.625619]  mmcblk0: p1 p2
[    2.628973] mmcblk0: p2 size 31221760 extends beyond EOD, truncated
[    2.642573] SMSC LAN8710/LAN8720 4a101000.mdio:00: attached PHY driver (mii_bus:phy_addr=4a101000.mdio:00, irq=POLL)
[    2.654709] mmc1: new high speed MMC card at address 0001
[    2.661611] mmcblk1: mmc1:0001 MMC04G 3.60 GiB
[    2.673389]  mmcblk1: p1 p2
[    2.677612] mmcblk1boot0: mmc1:0001 MMC04G 2.00 MiB
[    2.684823] mmcblk1boot1: mmc1:0001 MMC04G 2.00 MiB
[    2.692107] mmcblk1rpmb: mmc1:0001 MMC04G 128 KiB, chardev (250:0)
[    5.842086] cpsw-switch 4a100000.switch eth0: Link is Up - 100Mbps/Full - flow control off
[    5.881542] IP-Config: Complete:
[    5.884819]      device=eth0, hwaddr=6c:ec:eb:68:de:78, ipaddr=192.168.255.1, mask=255.255.255.0, gw=255.255.255.255
[    5.895480]      host=bbb1, domain=, nis-domain=(none)
[    5.900649]      bootserver=192.168.255.126, rootserver=192.168.255.126, rootpath=
[    5.901068] clk: Disabling unused clocks
[    5.912924] PM: genpd: Disabling unused power domains
[    5.918041] KTAP version 1
[    5.920762] 1..0
[    5.944972] VFS: Mounted root (nfs filesystem) on device 0:17.
[    5.951899] devtmpfs: mounted
[    5.956306] Freeing unused kernel image (initmem) memory: 1024K
[    5.963123] Run /sbin/init as init process
[    6.659270] systemd[1]: System time before build time, advancing clock.
[    8.101336] random: crng init done
[    8.142141] systemd[1]: systemd 232 running in system mode. (+PAM +AUDIT +SELINUX +IMA +APPARMOR +SMACK +SYSVINIT +UTMP +LIBCRYPTSETUP +GCRYPT +GNUTLS +ACL +XZ +LZ4 +SECCOMP +BLKID +ELFUTILS +KMOD +IDN)
[    8.161121] systemd[1]: Detected architecture arm.

Welcome to [1mDebian GNU/Linux 9 (stretch)[0m!

[    8.194322] systemd[1]: Set hostname to <arm>.
[    9.297640] systemd[1]: Started Forward Password Requests to Wall Directory Watch.
[[0;32m  OK  [0m] Started Forward Password Requests to Wall Directory Watch.
[    9.332185] systemd[1]: Listening on udev Kernel Socket.
[[0;32m  OK  [0m] Listening on udev Kernel Socket.
[    9.362938] systemd[1]: Created slice System Slice.
[[0;32m  OK  [0m] Created slice System Slice.
[    9.421871] systemd[1]: Mounting Debug File System...
         Mounting Debug File System...
[    9.433131] systemd[1]: Created slice system-getty.slice.
[[0;32m  OK  [0m] Created slice system-getty.slice.
[    9.446464] systemd[1]: Listening on /dev/initctl Compatibility Named Pipe.
[[0;32m  OK  [0m] Listening on /dev/initctl Compatibility Named Pipe.
[    9.484754] systemd[1]: Listening on Syslog Socket.
[[0;32m  OK  [0m] Listening on Syslog Socket.
[[0;32m  OK  [0m] Listening on udev Control Socket.
[[0;32m  OK  [0m] Reached target Remote File Systems.
[[0;32m  OK  [0m] Listening on Journal Audit Socket.
         Mounting POSIX Message Queue File System...
[[0;32m  OK  [0m] Listening on Journal Socket.
         Starting Remount Root and Kernel File Systems...
         Starting Create list of required stâ€¦ce nodes for the current kernel...
         Starting Load Kernel Modules...
[[0;32m  OK  [0m] Reached target Swap.
[[0;32m  OK  [0m] Started Dispatch Password Requests to Console Directory Watch.
[[0;32m  OK  [0m] Reached target Paths.
[[0;32m  OK  [0m] Set up automount Arbitrary Executabâ€¦rmats File System Automount Point.
[[0;32m  OK  [0m] Reached target Encrypted Volumes.
[[0;32m  OK  [0m] Created slice system-serial\x2dgetty.slice.
[[0;32m  OK  [0m] Listening on Journal Socket (/dev/log).
         Starting Journal Service...
[[0;32m  OK  [0m] Created slice User and Session Slice.
[[0;32m  OK  [0m] Reached target Slices.
[[0;32m  OK  [0m] Mounted POSIX Message Queue File System.
[[0;32m  OK  [0m] Mounted Debug File System.
[[0;32m  OK  [0m] Started Remount Root and Kernel File Systems.
[[0;32m  OK  [0m] Started Create list of required staâ€¦vice nodes for the current kernel.
[[0;32m  OK  [0m] Started Load Kernel Modules.
         Mounting Configuration File System...
         Starting Apply Kernel Variables...
         Starting Create Static Device Nodes in /dev...
         Starting Load/Save Random Seed...
         Starting udev Coldplug all Devices...
[[0;32m  OK  [0m] Mounted Configuration File System.
[[0;32m  OK  [0m] Started Apply Kernel Variables.
[[0;32m  OK  [0m] Started Load/Save Random Seed.
[[0;32m  OK  [0m] Started Create Static Device Nodes in /dev.
[[0;32m  OK  [0m] Started Journal Service.
         Starting Flush Journal to Persistent Storage...
[[0;32m  OK  [0m] Reached target Local File Systems (Pre).
[[0;32m  OK  [0m] Reached target Local File Systems.
         Starting Raise network interfaces...
         Starting udev Kernel Device Manager...
[   11.355228] systemd-journald[88]: Received request to flush runtime journal from PID 1
[[0;32m  OK  [0m] Started Flush Journal to Persistent Storage.
         Starting Create Volatile Files and Directories...
[[0;32m  OK  [0m] Started udev Kernel Device Manager.
[[0;32m  OK  [0m] Started Create Volatile Files and Directories.
         Starting Update UTMP about System Boot/Shutdown...
         Starting Network Time Synchronization...
[[0;32m  OK  [0m] Started Update UTMP about System Boot/Shutdown.
[[0;32m  OK  [0m] Started udev Coldplug all Devices.
[   14.623442] remoteproc remoteproc0: wkup_m3 is available
[   14.735399] omap_wdt: OMAP Watchdog Timer Rev 0x01: initial timeout 60 sec
[   14.763047] omap_rtc 44e3e000.rtc: registered as rtc0
[   14.769708] omap_rtc 44e3e000.rtc: setting system clock to 2000-01-01T00:00:00 UTC (946684800)
[   15.139127] am335x-phy-driver 47401300.usb-phy: dummy supplies not allowed for exclusive requests (id=vbus)
[   15.188688] at24 2-0054: supply vcc not found, using dummy regulator
[   15.215410] usbcore: registered new interface driver usbfs
[   15.221058] usbcore: registered new interface driver hub
[   15.226637] usbcore: registered new device driver usb
[   15.273833] tps6521x_pwrbutton tps65217-pwrbutton: DMA mask not set
[   15.316828] at24 2-0055: supply vcc not found, using dummy regulator
[   15.375619] input: tps65217_pwrbutton as /devices/platform/ocp/44c00000.interconnect/44c00000.interconnect:segment@200000/44e0b000.target-module/44e0b000.i2c/i2c-0/0-0024/tps65217-pwrbutton/input/input0
[   15.442866] at24 2-0056: supply vcc not found, using dummy regulator
[[0;32m  OK  [0m] Found device /dev/ttyS0.
[   15.529148] at24 2-0057: supply vcc not found, using dummy regulator
[   15.538129] am335x-phy-driver 47401b00.usb-phy: dummy supplies not allowed for exclusive requests (id=vbus)
[[0;32m  OK  [0m] Started Network Time Synchronization.
[   15.635888] at24 0-0050: 32768 byte 24c256 EEPROM, writable, 1 bytes/write
[   15.743478] wkup_m3_ipc 44e11324.wkup_m3_ipc: IPC Request for A8->M3 Channel failed! -517
[[0;32m  OK  [0m] Reached target System Time Synchronized.
[[0;32m  OK  [0m] Reached target System Initialization.
[[0;32m  OK  [0m] Listening on D-Bus System Message Bus Socket.
[[0;32m  OK  [0m] Started Daily apt download activities.
[[0;32m  OK  [0m] Started Daily apt upgrade and clean activities.
[[0;32m  OK  [0m] Listening on Avahi mDNS/DNS-SD Stack Activation Socket.
[   16.296046] wkup_m3_ipc 44e11324.wkup_m3_ipc: IPC Request for A8->M3 Channel failed! -517
[[0;32m  OK  [0m] Reached target Sockets.
[[0;32m  OK  [0m] Started Daily Cleanup of Temporary Directories.
[[0;32m  OK  [0m] Reached target Timers.
[[0;32m  OK  [0m] Reached target Basic System.
[   16.408473] musb-hdrc musb-hdrc.1: MUSB HDRC host driver
[   16.414150] musb-hdrc musb-hdrc.1: new USB bus registered, assigned bus number 1
[   16.432526] wkup_m3_ipc 44e11324.wkup_m3_ipc: IPC Request for A8->M3 Channel failed! -517
         Starting Avahi mDNS/DNS-SD Stack...
[   16.624215] usb usb1: New USB device found, idVendor=1d6b, idProduct=0002, bcdDevice= 6.12
[   16.632753] usb usb1: New USB device strings: Mfr=3, Product=2, SerialNumber=1
[   16.640024] usb usb1: Product: MUSB HDRC host driver
[   16.645077] usb usb1: Manufacturer: Linux 6.12.15 musb-hcd
[   16.650595] usb usb1: SerialNumber: musb-hdrc.1
         Starting System Logging Service...
[[0;32m  OK  [0m] Started Regular background program processing daemon.
[   17.006273] hub 1-0:1.0: USB hub found
[   17.026451] tda998x 0-0070: found TDA19988
         Starting LSB: Load kernel modules needed to enable cpufreq scaling...
[   17.082799] hub 1-0:1.0: 1 port detected
[   17.116855] wkup_m3_ipc 44e11324.wkup_m3_ipc: IPC Request for A8->M3 Channel failed! -517
[[0;32m  OK  [0m] Started D-Bus System Message Bus.
[   17.220183] wkup_m3_ipc 44e11324.wkup_m3_ipc: IPC Request for A8->M3 Channel failed! -517
[   17.239180] omap-mailbox 480c8000.mailbox: omap mailbox rev 0x400
[   17.515949] remoteproc remoteproc0: powering up wkup_m3
[   17.898209] remoteproc remoteproc0: Direct firmware load for am335x-pm-firmware.elf failed with error -2
[   17.908012] remoteproc remoteproc0: request_firmware failed: -2
[   17.914063] wkup_m3_ipc 44e11324.wkup_m3_ipc: rproc_boot failed
[   19.728354] omap_rng 48310000.rng: Random Number Generator ver. 20
[   19.810975] tilcdc 4830e000.lcdc: bound 0-0070 (ops 0xbf0600fc)
[   19.862396] [drm] Initialized tilcdc 1.0.0 for 4830e000.lcdc on minor 0
[   19.916018] tilcdc 4830e000.lcdc: [drm] Cannot find any crtc or sizes
[   19.924210] tilcdc 4830e000.lcdc: [drm] Cannot find any crtc or sizes
[   20.411556] PM: Cannot get wkup_m3_ipc handle
[[0;32m  OK  [0m] Started Avahi mDNS/DNS-SD Stack.
[   20.503938] omap-sham 53100000.sham: hw accel on OMAP rev 4.3
[   20.613874] omap-aes 53500000.aes: OMAP AES hw accel rev: 3.2
[   20.628447] omap-sham 53100000.sham: will run requests pump with realtime priority
[   20.637461] PM: Cannot get wkup_m3_ipc handle
         Starting Connection service...
[   20.698416] omap-aes 53500000.aes: will run requests pump with realtime priority
[   20.708828] PM: Cannot get wkup_m3_ipc handle
         Starting Login Service...
         Starting LSB: Start busybox udhcpd at boot time...
         Starting DUN service...
         Starting Cape Manager Service...
         Starting Telephony service...
         Starting Generic Board Startup...
[[0;32m  OK  [0m] Started System Logging Service.
[[0;32m  OK  [0m] Started Cape Manager Service.
[   24.066207] Bluetooth: Core ver 2.22
[   24.070012] NET: Registered PF_BLUETOOTH protocol family
[   24.075604] Bluetooth: HCI device and connection manager initialized
[   24.082140] Bluetooth: HCI socket layer initialized
[   24.087056] Bluetooth: L2CAP socket layer initialized
[   24.092211] Bluetooth: SCO socket layer initialized
[   24.541568] PM: Cannot get wkup_m3_ipc handle
[   24.646297] PM: Cannot get wkup_m3_ipc handle
[[0;32m  OK  [0m] Started Raise network interfaces.
[[0;32m  OK  [0m] Started LSB: Start busybox udhcpd at boot time.
[[0;32m  OK  [0m] Started LSB: Load kernel modules needed to enable cpufreq scaling.
[   28.418098] configfs-gadget.g_multi gadget.0: HOST MAC 1c:ba:8c:a2:ed:6c
[   28.425120] configfs-gadget.g_multi gadget.0: MAC 1c:ba:8c:a2:ed:70
[   28.432480] configfs-gadget.g_multi gadget.0: HOST MAC 1c:ba:8c:a2:ed:6c
[   28.439241] configfs-gadget.g_multi gadget.0: MAC 1c:ba:8c:a2:ed:6d
[   28.451881] PM: Cannot get wkup_m3_ipc handle
[[0;32m  OK  [0m] Started DUN service.
[[0;32m  OK  [0m] Started Telephony service.
[[0;32m  OK  [0m] Started Connection service.
[[0;32m  OK  [0m] Started Login Service.
[[0;32m  OK  [0m] Reached target Sound Card.
         Starting LSB: set CPUFreq kernel parameters...
[[0;32m  OK  [0m] Reached target Network.
[[0;32m  OK  [0m] Reached target Network is Online.
         Starting LSB: Advanced IEEE 802.11 management daemon...
         Starting OpenBSD Secure Shell server...
         Starting The Apache HTTP Server...
         Starting Permit User Sessions...
[[0;32m  OK  [0m] Started LSB: Advanced IEEE 802.11 management daemon.
[[0;32m  OK  [0m] Started Permit User Sessions.
         Starting Hostname Service...
         Starting WPA supplicant...
[[0;32m  OK  [0m] Started Getty on tty1.
[[0;32m  OK  [0m] Started Serial Getty on ttyS0.
[[0;32m  OK  [0m] Reached target Login Prompts.
[[0;32m  OK  [0m] Started LSB: set CPUFreq kernel parameters.
[[0;32m  OK  [0m] Started WPA supplicant.
[[0;32m  OK  [0m] Started Hostname Service.
[[0;32m  OK  [0m] Started OpenBSD Secure Shell server.
         Stopping LSB: Start busybox udhcpd at boot time...
[[0;32m  OK  [0m] Stopped LSB: Start busybox udhcpd at boot time.
[[0;32m  OK  [0m] Started The Apache HTTP Server.
         Starting dnsmasq - A lightweight DHCP and caching DNS server...
[[0;32m  OK  [0m] Started dnsmasq - A lightweight DHCP and caching DNS server.
[[0;32m  OK  [0m] Reached target Host and Network Name Lookups.
[[0;32m  OK  [0m] Started Serial Getty on ttyGS0.
[[0;32m  OK  [0m] Started Generic Board Startup.
[[0;32m  OK  [0m] Reached target Multi-User System.
[[0;32m  OK  [0m] Reached target Graphical Interface.
         Starting Update UTMP about System Runlevel Changes...
[[0;32m  OK  [0m] Started Update UTMP about System Runlevel Changes.

Debian GNU/Linux 9 arm ttyS0

default username:password is [debian:temppwd]

arm login: root
Password: 
Last login: Sat Dec  9 19:10:24 UTC 2017 on ttyS0
root
Linux arm 6.12.15 #1 SMP Tue Feb 18 11:15:38 EET 2025 armv7l

The programs included with the Debian GNU/Linux system are free software;
the exact distribution terms for each program are described in the
individual files in /usr/share/doc/*/copyright.

Debian GNU/Linux comes with ABSOLUTELY NO WARRANTY, to the extent
permitted by applicable law.
root@arm:~# root
dmesg -n 1
-bash: root: command not found
root@arm:~# dmesg -n 1
echo 'BYKO''JXKPPW'
root@arm:~# echo 'BYKO''JXKPPW'
BYKOJXKPPW
root@arm:~# run() { echo -n "$MARKER"; sh -c "$@"; echo "$MARKER $?"; }
root@arm:~# echo 'KHCT''GFGTZT'
KHCTGFGTZT
root@arm:~# MARKER='CZAV''ASQWAU' run 'cat /proc/version'
CZAVASQWAULinux version 6.12.15 (user01@drvtest01) (arm-none-eabi-gcc (Arm GNU Toolchain 14.2.Rel1 (Build arm-14.52)) 14.2.1 20241119, GNU ld (Arm GNU Toolchain 14.2.Rel1 (Build arm-14.52)) 2.43.1.20241119) #1 SMP Tue Feb 18 11:15:38 EET 2025
CZAVASQWAU 0
root@arm:~# echo 'KHPO''AHEENX'
KHPOAHEENX
root@arm:~# MARKER='JWOT''GOHQHY' run false
JWOTGOHQHYJWOTGOHQHY 1
root@arm:~# Labgrid Console Logfile for main
Logfile started at 2025-02-18 11:17:56.775171
=== Log starts here ===

root@arm:~# run() { echo -n "$MARKER"; sh -c "$@"; echo "$MARKER $?"; }
root@arm:~# echo 'JAOU''THKEKU'
JAOUTHKEKU
root@arm:~# MARKER='MHPU''EUXBSV' run 'ls /iio_generic_buffer; echo $?'
MHPUEUXBSV/iio_generic_buffer
0
MHPUEUXBSV 0
root@arm:~# Labgrid Console Logfile for main
Logfile started at 2025-02-18 11:18:00.149535
=== Log starts here ===

root@arm:~# run() { echo -n "$MARKER"; sh -c "$@"; echo "$MARKER $?"; }
root@arm:~# echo 'XTHT''PPTOEL'
XTHTPPTOEL
root@arm:~# MARKER='ONTY''XALEUS' run dmesg
ONTYXALEUS[    0.000000] Booting Linux on physical CPU 0x0
[    0.000000] Linux version 6.12.15 (user01@drvtest01) (arm-none-eabi-gcc (Arm GNU Toolchain 14.2.Rel1 (Build arm-14.52)) 14.2.1 20241119, GNU ld (Arm GNU Toolchain 14.2.Rel1 (Build arm-14.52)) 2.43.1.20241119) #1 SMP Tue Feb 18 11:15:38 EET 2025
[    0.000000] CPU: ARMv7 Processor [413fc082] revision 2 (ARMv7), cr=10c5387d
[    0.000000] CPU: PIPT / VIPT nonaliasing data cache, VIPT aliasing instruction cache
[    0.000000] OF: fdt: Machine model: TI AM335x BeagleBone Black
[    0.000000] Memory policy: Data cache writeback
[    0.000000] cma: Reserved 16 MiB at 0x9e800000 on node -1
[    0.000000] Zone ranges:
[    0.000000]   Normal   [mem 0x0000000080000000-0x000000009fdfffff]
[    0.000000]   HighMem  empty
[    0.000000] Movable zone start for each node
[    0.000000] Early memory node ranges
[    0.000000]   node   0: [mem 0x0000000080000000-0x000000009fdfffff]
[    0.000000] Initmem setup node 0 [mem 0x0000000080000000-0x000000009fdfffff]
[    0.000000] OF: reserved mem: Reserved memory: No reserved-memory node in the DT
[    0.000000] CPU: All CPU(s) started in SVC mode.
[    0.000000] AM335X ES2.1 (sgx neon)
[    0.000000] percpu: Embedded 17 pages/cpu s40396 r8192 d21044 u69632
[    0.000000] pcpu-alloc: s40396 r8192 d21044 u69632 alloc=17*4096
[    0.000000] pcpu-alloc: [0] 0 
[    0.000000] Kernel command line: console=ttyO0,115200n8 root=/dev/nfs rw nfsroot=192.168.255.126:/home/user01/nfs,nfsvers=3 ip=192.168.255.1:192.168.255.126::255.255.255.0:bbb1:eth0 nfsrootdebug
[    0.000000] Unknown kernel command line parameters "nfsrootdebug", will be passed to user space.
[    0.000000] Dentry cache hash table entries: 65536 (order: 6, 262144 bytes, linear)
[    0.000000] Inode-cache hash table entries: 32768 (order: 5, 131072 bytes, linear)
[    0.000000] Built 1 zonelists, mobility grouping on.  Total pages: 130560
[    0.000000] mem auto-init: stack:off, heap alloc:off, heap free:off
[    0.000000] SLUB: HWalign=64, Order=0-3, MinObjects=0, CPUs=1, Nodes=1
[    0.000000] rcu: Hierarchical RCU implementation.
[    0.000000] rcu: 	RCU event tracing is enabled.
[    0.000000] rcu: 	RCU restricting CPUs from NR_CPUS=2 to nr_cpu_ids=1.
[    0.000000] rcu: RCU calculated value of scheduler-enlistment delay is 10 jiffies.
[    0.000000] rcu: Adjusting geometry for rcu_fanout_leaf=16, nr_cpu_ids=1
[    0.000000] NR_IRQS: 16, nr_irqs: 16, preallocated irqs: 16
[    0.000000] IRQ: Found an INTC at 0x(ptrval) (revision 5.0) with 128 interrupts
[    0.000000] rcu: srcu_init: Setting srcu_struct sizes based on contention.
[    0.000000] TI gptimer clocksource: always-on /ocp/interconnect@44c00000/segment@200000/target-module@31000
[    0.000003] sched_clock: 32 bits at 24MHz, resolution 41ns, wraps every 89478484971ns
[    0.000027] clocksource: dmtimer: mask: 0xffffffff max_cycles: 0xffffffff, max_idle_ns: 79635851949 ns
[    0.000492] TI gptimer clockevent: 24000000 Hz at /ocp/interconnect@48000000/segment@0/target-module@40000
[    0.002083] Console: colour dummy device 80x30
[    0.002149] WARNING: Your 'console=ttyO0' has been replaced by 'ttyS0'
[    0.002158] This ensures that you still see kernel messages. Please
[    0.002162] update your kernel commandline.
[    0.002205] Calibrating delay loop... 996.14 BogoMIPS (lpj=4980736)
[    0.090539] CPU: Testing write buffer coherency: ok
[    0.090648] CPU0: Spectre v2: using BPIALL workaround
[    0.090658] pid_max: default: 32768 minimum: 301
[    0.090781] LSM: initializing lsm=capability
[    0.090944] Mount-cache hash table entries: 1024 (order: 0, 4096 bytes, linear)
[    0.090964] Mountpoint-cache hash table entries: 1024 (order: 0, 4096 bytes, linear)
[    0.092527] CPU0: thread -1, cpu 0, socket -1, mpidr 0
[    0.160709] Setting up static identity map for 0x80100000 - 0x80100078
[    0.170686] rcu: Hierarchical SRCU implementation.
[    0.170697] rcu: 	Max phase no-delay instances is 1000.
[    0.190740] smp: Bringing up secondary CPUs ...
[    0.190794] smp: Brought up 1 node, 1 CPU
[    0.190807] SMP: Total of 1 processors activated (996.14 BogoMIPS).
[    0.190819] CPU: All CPU(s) started in SVC mode.
[    0.191000] Memory: 480868K/522240K available (11264K kernel code, 1211K rwdata, 2876K rodata, 1024K init, 296K bss, 23360K reserved, 16384K cma-reserved, 0K highmem)
[    0.191825] devtmpfs: initialized
[    0.208072] VFP support v0.3: implementor 41 architecture 3 part 30 variant c rev 3
[    0.208414] clocksource: jiffies: mask: 0xffffffff max_cycles: 0xffffffff, max_idle_ns: 19112604462750000 ns
[    0.208447] futex hash table entries: 256 (order: 2, 16384 bytes, linear)
[    0.209863] pinctrl core: initialized pinctrl subsystem
[    0.212749] NET: Registered PF_NETLINK/PF_ROUTE protocol family
[    0.215511] DMA: preallocated 256 KiB pool for atomic coherent allocations
[    0.216403] audit: initializing netlink subsys (disabled)
[    0.217758] thermal_sys: Registered thermal governor 'fair_share'
[    0.217773] thermal_sys: Registered thermal governor 'step_wise'
[    0.217783] thermal_sys: Registered thermal governor 'user_space'
[    0.217934] audit: type=2000 audit(0.210:1): state=initialized audit_enabled=0 res=1
[    0.217968] cpuidle: using governor menu
[    0.235584] /ocp/interconnect@44c00000/segment@200000/target-module@b000/i2c@0/tda19988@70: Fixed dependency cycle(s) with /ocp/interconnect@48000000/segment@300000/target-module@e000/lcdc@0
[    0.236693] /ocp/interconnect@48000000/segment@300000/target-module@e000/lcdc@0: Fixed dependency cycle(s) with /ocp/interconnect@44c00000/segment@200000/target-module@b000/i2c@0/tda19988@70
[    0.238802] No ATAGs?
[    0.238818] hw-breakpoint: debug architecture 0x4 unsupported.
[    0.241556] kprobes: kprobe jump-optimization is enabled. All kprobes are optimized if possible.
[    0.253925] iommu: Default domain type: Translated
[    0.253946] iommu: DMA domain TLB invalidation policy: strict mode
[    0.255512] reg-fixed-voltage fixedregulator0: using DT '/fixedregulator0' for '(default)' GPIO lookup
[    0.255567] of_get_named_gpiod_flags: can't parse 'gpios' property of node '/fixedregulator0[0]'
[    0.255595] of_get_named_gpiod_flags: can't parse 'gpio' property of node '/fixedregulator0[0]'
[    0.255612] reg-fixed-voltage fixedregulator0: using lookup tables for GPIO lookup
[    0.255622] reg-fixed-voltage fixedregulator0: No GPIO consumer (default) found
[    0.261698] SCSI subsystem initialized
[    0.262177] libata version 3.00 loaded.
[    0.262533] pps_core: LinuxPPS API ver. 1 registered
[    0.262545] pps_core: Software ver. 5.3.6 - Copyright 2005-2007 Rodolfo Giometti <giometti@linux.it>
[    0.262568] PTP clock support registered
[    0.270962] vgaarb: loaded
[    0.271312] clocksource: Switched to clocksource dmtimer
[    0.271951] VFS: Disk quotas dquot_6.6.0
[    0.271994] VFS: Dquot-cache hash table entries: 1024 (order 0, 4096 bytes)
[    0.296501] NET: Registered PF_INET protocol family
[    0.296842] IP idents hash table entries: 8192 (order: 4, 65536 bytes, linear)
[    0.298205] tcp_listen_portaddr_hash hash table entries: 512 (order: 0, 4096 bytes, linear)
[    0.298239] Table-perturb hash table entries: 65536 (order: 6, 262144 bytes, linear)
[    0.298255] TCP established hash table entries: 4096 (order: 2, 16384 bytes, linear)
[    0.298298] TCP bind hash table entries: 4096 (order: 4, 65536 bytes, linear)
[    0.298398] TCP: Hash tables configured (established 4096 bind 4096)
[    0.298516] UDP hash table entries: 256 (order: 1, 8192 bytes, linear)
[    0.298543] UDP-Lite hash table entries: 256 (order: 1, 8192 bytes, linear)
[    0.298717] NET: Registered PF_UNIX/PF_LOCAL protocol family
[    0.299952] RPC: Registered named UNIX socket transport module.
[    0.299972] RPC: Registered udp transport module.
[    0.299977] RPC: Registered tcp transport module.
[    0.299982] RPC: Registered tcp-with-tls transport module.
[    0.299987] RPC: Registered tcp NFSv4.1 backchannel transport module.
[    0.300010] PCI: CLS 0 bytes, default 64
[    0.301547] Initialise system trusted keyrings
[    0.311587] workingset: timestamp_bits=14 max_order=17 bucket_order=3
[    0.312872] NFS: Registering the id_resolver key type
[    0.312935] Key type id_resolver registered
[    0.312942] Key type id_legacy registered
[    0.312991] jffs2: version 2.2. (NAND) (SUMMARY)  Â© 2001-2006 Red Hat, Inc.
[    0.313378] Key type asymmetric registered
[    0.313393] Asymmetric key parser 'x509' registered
[    0.313457] io scheduler mq-deadline registered
[    0.313467] io scheduler kyber registered
[    0.313535] io scheduler bfq registered
[    0.315100] ledtrig-cpu: registered to indicate activity on CPUs
[    0.317730] Serial: 8250/16550 driver, 6 ports, IRQ sharing enabled
[    0.363888] brd: module loaded
[    0.382985] loop: module loaded
[    0.383888] mtdoops: mtd device (mtddev=name/number) must be supplied
[    0.385552] mdio_bus fixed-0: using lookup tables for GPIO lookup
[    0.385577] mdio_bus fixed-0: No GPIO consumer reset found
[    0.386928] i2c_dev: i2c /dev entries driver
[    0.387879] cpuidle: enable-method property 'ti,am3352' found operations
[    0.388309] sdhci: Secure Digital Host Controller Interface driver
[    0.388319] sdhci: Copyright(c) Pierre Ossman
[    0.388490] sdhci-pltfm: SDHCI platform and OF driver helper
[    0.389490] Initializing XFRM netlink socket
[    0.389612] NET: Registered PF_INET6 protocol family
[    0.391625] Segment Routing with IPv6
[    0.391709] In-situ OAM (IOAM) with IPv6
[    0.391809] sit: IPv6, IPv4 and MPLS over IPv4 tunneling driver
[    0.392726] NET: Registered PF_PACKET protocol family
[    0.392758] NET: Registered PF_KEY protocol family
[    0.392892] Key type dns_resolver registered
[    0.393121] ThumbEE CPU extension supported.
[    0.393144] Registering SWP/SWPB emulation handler
[    0.393665] omap_voltage_late_init: Voltage driver support not added
[    0.394022] SmartReflex Class3 initialized
[    0.423926] Loading compiled-in X.509 certificates
[    0.468564] /ocp/interconnect@44c00000/segment@200000/target-module@b000/i2c@0/tda19988@70: Fixed dependency cycle(s) with /ocp/interconnect@48000000/segment@300000/target-module@e000/lcdc@0
[    0.475001] /ocp/interconnect@44c00000/segment@200000/target-module@b000/i2c@0/tda19988@70: Fixed dependency cycle(s) with /ocp/interconnect@48000000/segment@300000/target-module@e000/lcdc@0
[    0.480287] gpiochip_find_base_unlocked: found new base at 512
[    0.514636] /ocp/interconnect@44c00000/segment@200000/target-module@b000/i2c@0/tda19988@70: Fixed dependency cycle(s) with /ocp/interconnect@48000000/segment@300000/target-module@e000/lcdc@0
[    0.515481] /ocp/interconnect@44c00000/segment@200000/target-module@b000/i2c@0/tda19988@70: Fixed dependency cycle(s) with /ocp/interconnect@48000000/segment@300000/target-module@e000/lcdc@0
[    0.518738] /ocp/interconnect@44c00000/segment@200000/target-module@10000/scm@0/pinmux@800: Fixed dependency cycle(s) with /ocp/interconnect@44c00000/segment@200000/target-module@10000/scm@0/pinmux@800/clkout2-pins
[    0.519310] pinctrl-single 44e10800.pinmux: 142 pins, size 568
[    0.524656] ti-sysc 44e31000.target-module: probe with driver ti-sysc failed with error -16
[    0.562027] /ocp/interconnect@48000000/segment@300000/target-module@e000/lcdc@0: Fixed dependency cycle(s) with /ocp/interconnect@44c00000/segment@200000/target-module@b000/i2c@0/tda19988@70
[    0.569565] ti-sysc 48040000.target-module: probe with driver ti-sysc failed with error -16
[    0.580339] gpiochip_find_base_unlocked: found new base at 512
[    0.580439] gpio gpiochip0: (gpio-0-31): created GPIO range 0->7 ==> 44e10800.pinmux PIN 0->7
[    0.580459] gpio gpiochip0: (gpio-0-31): created GPIO range 8->11 ==> 44e10800.pinmux PIN 90->93
[    0.580475] gpio gpiochip0: (gpio-0-31): created GPIO range 12->27 ==> 44e10800.pinmux PIN 12->27
[    0.580490] gpio gpiochip0: (gpio-0-31): created GPIO range 28->31 ==> 44e10800.pinmux PIN 30->33
[    0.603302] gpio gpiochip0: (gpio-0-31): added GPIO chardev (254:0)
[    0.603464] gpio gpiochip0: registered GPIOs 512 to 543 on gpio-0-31
[    0.603547] OMAP GPIO hardware version 0.1
[    0.643400] i2c i2c-2: using DT '/ocp/interconnect@48000000/segment@100000/target-module@9c000/i2c@0' for 'scl' GPIO lookup
[    0.643475] of_get_named_gpiod_flags: can't parse 'scl-gpios' property of node '/ocp/interconnect@48000000/segment@100000/target-module@9c000/i2c@0[0]'
[    0.643516] of_get_named_gpiod_flags: can't parse 'scl-gpio' property of node '/ocp/interconnect@48000000/segment@100000/target-module@9c000/i2c@0[0]'
[    0.643550] i2c i2c-2: using lookup tables for GPIO lookup
[    0.643560] i2c i2c-2: No GPIO consumer scl found
[    0.643582] i2c i2c-2: using DT '/ocp/interconnect@48000000/segment@100000/target-module@9c000/i2c@0' for 'sda' GPIO lookup
[    0.643617] of_get_named_gpiod_flags: can't parse 'sda-gpios' property of node '/ocp/interconnect@48000000/segment@100000/target-module@9c000/i2c@0[0]'
[    0.643653] of_get_named_gpiod_flags: can't parse 'sda-gpio' property of node '/ocp/interconnect@48000000/segment@100000/target-module@9c000/i2c@0[0]'
[    0.643684] i2c i2c-2: using lookup tables for GPIO lookup
[    0.643691] i2c i2c-2: No GPIO consumer sda found
[    0.644385] omap_i2c 4819c000.i2c: bus 2 rev0.11 at 100 kHz
[    0.649613] gpiochip_find_base_unlocked: found new base at 544
[    0.649710] gpio gpiochip1: (gpio-32-63): created GPIO range 0->17 ==> 44e10800.pinmux PIN 34->51
[    0.649731] gpio gpiochip1: (gpio-32-63): created GPIO range 18->21 ==> 44e10800.pinmux PIN 77->80
[    0.649747] gpio gpiochip1: (gpio-32-63): created GPIO range 22->31 ==> 44e10800.pinmux PIN 56->65
[    0.650474] gpio gpiochip1: (gpio-32-63): added GPIO chardev (254:1)
[    0.650622] gpio gpiochip1: registered GPIOs 544 to 575 on gpio-32-63
[    0.652915] gpiochip_find_base_unlocked: found new base at 576
[    0.653008] gpio gpiochip2: (gpio-64-95): created GPIO range 0->4 ==> 44e10800.pinmux PIN 66->70
[    0.653027] gpio gpiochip2: (gpio-64-95): created GPIO range 5->6 ==> 44e10800.pinmux PIN 98->99
[    0.653042] gpio gpiochip2: (gpio-64-95): created GPIO range 7->8 ==> 44e10800.pinmux PIN 75->76
[    0.653057] gpio gpiochip2: (gpio-64-95): created GPIO range 13->13 ==> 44e10800.pinmux PIN 141->141
[    0.653074] gpio gpiochip2: (gpio-64-95): created GPIO range 14->21 ==> 44e10800.pinmux PIN 100->107
[    0.653714] gpio gpiochip2: (gpio-64-95): added GPIO chardev (254:2)
[    0.653840] gpio gpiochip2: registered GPIOs 576 to 607 on gpio-64-95
[    0.659122] 48000000.interconnect:segment@200000:target-module@0:mpu@0:fck: device ID is greater than 24
[    0.659989] /ocp/interconnect@48000000/segment@300000/target-module@e000/lcdc@0: Fixed dependency cycle(s) with /ocp/interconnect@44c00000/segment@200000/target-module@b000/i2c@0/tda19988@70
[    0.662946] /ocp/interconnect@48000000/segment@300000/target-module@e000/lcdc@0: Fixed dependency cycle(s) with /ocp/interconnect@44c00000/segment@200000/target-module@b000/i2c@0/tda19988@70
[    0.663639] /ocp/interconnect@44c00000/segment@200000/target-module@b000/i2c@0/tda19988@70: Fixed dependency cycle(s) with /ocp/interconnect@48000000/segment@300000/target-module@e000/lcdc@0
[    0.663818] /ocp/interconnect@48000000/segment@300000/target-module@e000/lcdc@0: Fixed dependency cycle(s) with /ocp/interconnect@44c00000/segment@200000/target-module@b000/i2c@0/tda19988@70
[    0.673121] mdio_bus 4a101000.mdio: using DT '/ocp/interconnect@4a000000/segment@0/target-module@100000/switch@0/mdio@1000' for 'reset' GPIO lookup
[    0.673194] of_get_named_gpiod_flags: can't parse 'reset-gpios' property of node '/ocp/interconnect@4a000000/segment@0/target-module@100000/switch@0/mdio@1000[0]'
[    0.673242] of_get_named_gpiod_flags: can't parse 'reset-gpio' property of node '/ocp/interconnect@4a000000/segment@0/target-module@100000/switch@0/mdio@1000[0]'
[    0.673289] mdio_bus 4a101000.mdio: using lookup tables for GPIO lookup
[    0.673299] mdio_bus 4a101000.mdio: No GPIO consumer reset found
[    0.674182] sdhci-omap 481d8000.mmc: using DT '/ocp/interconnect@48000000/segment@100000/target-module@d8000/mmc@0' for 'wp' GPIO lookup
[    0.674239] of_get_named_gpiod_flags: can't parse 'wp-gpios' property of node '/ocp/interconnect@48000000/segment@100000/target-module@d8000/mmc@0[0]'
[    0.674282] of_get_named_gpiod_flags: can't parse 'wp-gpio' property of node '/ocp/interconnect@48000000/segment@100000/target-module@d8000/mmc@0[0]'
[    0.674316] sdhci-omap 481d8000.mmc: using lookup tables for GPIO lookup
[    0.674325] sdhci-omap 481d8000.mmc: No GPIO consumer wp found
[    0.674515] sdhci-omap 481d8000.mmc: supply pbias not found, using dummy regulator
[    0.674989] sdhci-omap 481d8000.mmc: supply vqmmc not found, using dummy regulator
[    0.724308] davinci_mdio 4a101000.mdio: davinci mdio revision 1.6, bus freq 1000000
[    0.742448] mdio_bus 4a101000.mdio:00: using DT '/ocp/interconnect@4a000000/segment@0/target-module@100000/switch@0/mdio@1000/ethernet-phy@0' for 'reset' GPIO lookup
[    0.742550] of_get_named_gpiod_flags: parsed 'reset-gpios' property of node '/ocp/interconnect@4a000000/segment@0/target-module@100000/switch@0/mdio@1000/ethernet-phy@0[0]' - status (0)
[    0.742710] gpio gpiochip0: Persistence not supported for GPIO 8
[    0.831858] davinci_mdio 4a101000.mdio: phy[0]: device 4a101000.mdio:00, driver SMSC LAN8710/LAN8720
[    0.832615] cpsw-switch 4a100000.switch: initialized cpsw ale version 1.4
[    0.832638] cpsw-switch 4a100000.switch: ALE Table size 1024, Policers 0
[    0.832776] cpsw-switch 4a100000.switch: cpts: overflow check period 500 (jiffies)
[    0.832790] cpsw-switch 4a100000.switch: CPTS: ref_clk_freq:250000000 calc_mult:2147483648 calc_shift:29 error:0 nsec/sec
[    0.832892] cpsw-switch 4a100000.switch: Detected MACID = 6c:ec:eb:68:de:78
[    0.834639] cpsw-switch 4a100000.switch: initialized (regs 0x4a100000, pool size 256) hw_ver:0019010C 1.12 (0)
[    0.845383] debugfs: Directory '49000000.dma' with parent 'dmaengine' already present!
[    0.845423] edma 49000000.dma: TI EDMA DMA engine driver
[    0.893429] target-module@4b000000:target-module@140000:pmu@0:fck: device ID is greater than 24
[    0.905820] hw perfevents: enabled with armv7_cortex_a8 PMU driver, 5 (8000000f) counters available
[    0.906683] gpio-clk clk_mcasp0: using DT '/clk_mcasp0' for 'enable' GPIO lookup
[    0.906748] of_get_named_gpiod_flags: parsed 'enable-gpios' property of node '/clk_mcasp0[0]' - status (0)
[    0.906792] gpio gpiochip0: Persistence not supported for GPIO 27
[    0.907570] gpiochip_find_base_unlocked: found new base at 608
[    0.907701] gpio gpiochip3: (gpio-96-127): created GPIO range 0->7 ==> 44e10800.pinmux PIN 82->89
[    0.907720] gpio gpiochip3: (gpio-96-127): created GPIO range 8->11 ==> 44e10800.pinmux PIN 52->55
[    0.907735] gpio gpiochip3: (gpio-96-127): created GPIO range 12->15 ==> 44e10800.pinmux PIN 94->97
[    0.907751] gpio gpiochip3: (gpio-96-127): created GPIO range 16->17 ==> 44e10800.pinmux PIN 71->72
[    0.907766] gpio gpiochip3: (gpio-96-127): created GPIO range 18->18 ==> 44e10800.pinmux PIN 135->135
[    0.907782] gpio gpiochip3: (gpio-96-127): created GPIO range 19->20 ==> 44e10800.pinmux PIN 108->109
[    0.907797] gpio gpiochip3: (gpio-96-127): created GPIO range 21->21 ==> 44e10800.pinmux PIN 73->73
[    0.907814] gpio gpiochip3: (gpio-96-127): created GPIO range 22->23 ==> 44e10800.pinmux PIN 8->9
[    0.907831] gpio gpiochip3: (gpio-96-127): created GPIO range 26->27 ==> 44e10800.pinmux PIN 10->11
[    0.907848] gpio gpiochip3: (gpio-96-127): created GPIO range 28->28 ==> 44e10800.pinmux PIN 74->74
[    0.907865] gpio gpiochip3: (gpio-96-127): created GPIO range 29->29 ==> 44e10800.pinmux PIN 81->81
[    0.907884] gpio gpiochip3: (gpio-96-127): created GPIO range 30->31 ==> 44e10800.pinmux PIN 28->29
[    0.913179] l3-aon-clkctrl:0000:0: failed to disable
[    0.913920] gpio gpiochip3: (gpio-96-127): added GPIO chardev (254:3)
[    0.914078] gpio gpiochip3: registered GPIOs 608 to 639 on gpio-96-127
[    0.926676] omap8250 44e09000.serial: using DT '/ocp/interconnect@44c00000/segment@200000/target-module@9000/serial@0' for 'rs485-term' GPIO lookup
[    0.926751] of_get_named_gpiod_flags: can't parse 'rs485-term-gpios' property of node '/ocp/interconnect@44c00000/segment@200000/target-module@9000/serial@0[0]'
[    0.926794] of_get_named_gpiod_flags: can't parse 'rs485-term-gpio' property of node '/ocp/interconnect@44c00000/segment@200000/target-module@9000/serial@0[0]'
[    0.926829] omap8250 44e09000.serial: using lookup tables for GPIO lookup
[    0.926838] omap8250 44e09000.serial: No GPIO consumer rs485-term found
[    0.926848] omap8250 44e09000.serial: using DT '/ocp/interconnect@44c00000/segment@200000/target-module@9000/serial@0' for 'rs485-rx-during-tx' GPIO lookup
[    0.926883] of_get_named_gpiod_flags: can't parse 'rs485-rx-during-tx-gpios' property of node '/ocp/interconnect@44c00000/segment@200000/target-module@9000/serial@0[0]'
[    0.926919] of_get_named_gpiod_flags: can't parse 'rs485-rx-during-tx-gpio' property of node '/ocp/interconnect@44c00000/segment@200000/target-module@9000/serial@0[0]'
[    0.926950] omap8250 44e09000.serial: using lookup tables for GPIO lookup
[    0.926957] omap8250 44e09000.serial: No GPIO consumer rs485-rx-during-tx found
[    0.927356] 44e09000.serial: ttyS0 at MMIO 0x44e09000 (irq = 34, base_baud = 3000000) is a 8250
[    0.927444] printk: legacy console [ttyS0] enabled
[    2.385083] i2c i2c-0: using DT '/ocp/interconnect@44c00000/segment@200000/target-module@b000/i2c@0' for 'scl' GPIO lookup
[    2.385167] of_get_named_gpiod_flags: can't parse 'scl-gpios' property of node '/ocp/interconnect@44c00000/segment@200000/target-module@b000/i2c@0[0]'
[    2.385214] of_get_named_gpiod_flags: can't parse 'scl-gpio' property of node '/ocp/interconnect@44c00000/segment@200000/target-module@b000/i2c@0[0]'
[    2.385254] i2c i2c-0: using lookup tables for GPIO lookup
[    2.385266] i2c i2c-0: No GPIO consumer scl found
[    2.385292] i2c i2c-0: using DT '/ocp/interconnect@44c00000/segment@200000/target-module@b000/i2c@0' for 'sda' GPIO lookup
[    2.385330] of_get_named_gpiod_flags: can't parse 'sda-gpios' property of node '/ocp/interconnect@44c00000/segment@200000/target-module@b000/i2c@0[0]'
[    2.385371] of_get_named_gpiod_flags: can't parse 'sda-gpio' property of node '/ocp/interconnect@44c00000/segment@200000/target-module@b000/i2c@0[0]'
[    2.385406] i2c i2c-0: using lookup tables for GPIO lookup
[    2.385417] i2c i2c-0: No GPIO consumer sda found
[    2.402287] tps65217-pmic: Failed to locate of_node [id: -1]
[    2.408344] tps65217-bl: Failed to locate of_node [id: -1]
[    2.419646] tps65217 0-0024: TPS65217 ID 0xe version 1.2
[    2.425755] /ocp/interconnect@48000000/segment@300000/target-module@e000/lcdc@0: Fixed dependency cycle(s) with /ocp/interconnect@44c00000/segment@200000/target-module@b000/i2c@0/tda19988@70
[    2.443112] /ocp/interconnect@44c00000/segment@200000/target-module@b000/i2c@0/tda19988@70: Fixed dependency cycle(s) with /ocp/interconnect@48000000/segment@300000/target-module@e000/lcdc@0
[    2.460469] omap_i2c 44e0b000.i2c: bus 0 rev0.11 at 400 kHz
[    2.468259] sdhci-omap 48060000.mmc: using DT '/ocp/interconnect@48000000/segment@0/target-module@60000/mmc@0' for 'cd' GPIO lookup
[    2.468370] of_get_named_gpiod_flags: parsed 'cd-gpios' property of node '/ocp/interconnect@48000000/segment@0/target-module@60000/mmc@0[0]' - status (0)
[    2.468435] gpio gpiochip3: Persistence not supported for GPIO 6
[    2.468459] omap_gpio 44e07000.gpio: Could not set line 6 debounce to 200000 microseconds (-22)
[    2.477340] sdhci-omap 48060000.mmc: Got CD GPIO
[    2.482025] sdhci-omap 48060000.mmc: using DT '/ocp/interconnect@48000000/segment@0/target-module@60000/mmc@0' for 'wp' GPIO lookup
[    2.482075] of_get_named_gpiod_flags: can't parse 'wp-gpios' property of node '/ocp/interconnect@48000000/segment@0/target-module@60000/mmc@0[0]'
[    2.482121] of_get_named_gpiod_flags: can't parse 'wp-gpio' property of node '/ocp/interconnect@48000000/segment@0/target-module@60000/mmc@0[0]'
[    2.482159] sdhci-omap 48060000.mmc: using lookup tables for GPIO lookup
[    2.482173] sdhci-omap 48060000.mmc: No GPIO consumer wp found
[    2.482380] sdhci-omap 48060000.mmc: supply pbias not found, using dummy regulator
[    2.491030] sdhci-omap 481d8000.mmc: using DT '/ocp/interconnect@48000000/segment@100000/target-module@d8000/mmc@0' for 'wp' GPIO lookup
[    2.491107] of_get_named_gpiod_flags: can't parse 'wp-gpios' property of node '/ocp/interconnect@48000000/segment@100000/target-module@d8000/mmc@0[0]'
[    2.491154] of_get_named_gpiod_flags: can't parse 'wp-gpio' property of node '/ocp/interconnect@48000000/segment@100000/target-module@d8000/mmc@0[0]'
[    2.491192] sdhci-omap 481d8000.mmc: using lookup tables for GPIO lookup
[    2.491205] sdhci-omap 481d8000.mmc: No GPIO consumer wp found
[    2.492571] sdhci-omap 48060000.mmc: supply vqmmc not found, using dummy regulator
[    2.501532] sdhci-omap 481d8000.mmc: supply pbias not found, using dummy regulator
[    2.509514] sdhci-omap 481d8000.mmc: supply vqmmc not found, using dummy regulator
[    2.548598] mmc1: SDHCI controller on 481d8000.mmc [481d8000.mmc] using External DMA
[    2.557090] mmc0: SDHCI controller on 48060000.mmc [48060000.mmc] using External DMA
[    2.565917] cpsw-switch 4a100000.switch: starting ndev. mode: dual_mac
[    2.610504] mmc0: new high speed SDHC card at address 5048
[    2.617598] mmcblk0: mmc0:5048 SD16G 14.4 GiB
[    2.625619]  mmcblk0: p1 p2
[    2.628973] mmcblk0: p2 size 31221760 extends beyond EOD, truncated
[    2.642573] SMSC LAN8710/LAN8720 4a101000.mdio:00: attached PHY driver (mii_bus:phy_addr=4a101000.mdio:00, irq=POLL)
[    2.654709] mmc1: new high speed MMC card at address 0001
[    2.661611] mmcblk1: mmc1:0001 MMC04G 3.60 GiB
[    2.673389]  mmcblk1: p1 p2
[    2.677612] mmcblk1boot0: mmc1:0001 MMC04G 2.00 MiB
[    2.684823] mmcblk1boot1: mmc1:0001 MMC04G 2.00 MiB
[    2.692107] mmcblk1rpmb: mmc1:0001 MMC04G 128 KiB, chardev (250:0)
[    5.842086] cpsw-switch 4a100000.switch eth0: Link is Up - 100Mbps/Full - flow control off
[    5.881542] IP-Config: Complete:
[    5.884819]      device=eth0, hwaddr=6c:ec:eb:68:de:78, ipaddr=192.168.255.1, mask=255.255.255.0, gw=255.255.255.255
[    5.895480]      host=bbb1, domain=, nis-domain=(none)
[    5.900649]      bootserver=192.168.255.126, rootserver=192.168.255.126, rootpath=
[    5.901068] clk: Disabling unused clocks
[    5.912924] PM: genpd: Disabling unused power domains
[    5.918041] KTAP version 1
[    5.920762] 1..0
[    5.944972] VFS: Mounted root (nfs filesystem) on device 0:17.
[    5.951899] devtmpfs: mounted
[    5.956306] Freeing unused kernel image (initmem) memory: 1024K
[    5.963123] Run /sbin/init as init process
[    5.967255]   with arguments:
[    5.967268]     /sbin/init
[    5.967277]     nfsrootdebug
[    5.967286]   with environment:
[    5.967295]     HOME=/
[    5.967304]     TERM=linux
[    6.659270] systemd[1]: System time before build time, advancing clock.
[    8.101336] random: crng init done
[    8.142141] systemd[1]: systemd 232 running in system mode. (+PAM +AUDIT +SELINUX +IMA +APPARMOR +SMACK +SYSVINIT +UTMP +LIBCRYPTSETUP +GCRYPT +GNUTLS +ACL +XZ +LZ4 +SECCOMP +BLKID +ELFUTILS +KMOD +IDN)
[    8.161121] systemd[1]: Detected architecture arm.
[    8.194322] systemd[1]: Set hostname to <arm>.
[    9.297640] systemd[1]: Started Forward Password Requests to Wall Directory Watch.
[    9.332185] systemd[1]: Listening on udev Kernel Socket.
[    9.362938] systemd[1]: Created slice System Slice.
[    9.421871] systemd[1]: Mounting Debug File System...
[    9.433131] systemd[1]: Created slice system-getty.slice.
[    9.446464] systemd[1]: Listening on /dev/initctl Compatibility Named Pipe.
[    9.484754] systemd[1]: Listening on Syslog Socket.
[   11.355228] systemd-journald[88]: Received request to flush runtime journal from PID 1
[   14.147432] leds-gpio leds: using DT '/leds/led2' for '(default)' GPIO lookup
[   14.147534] of_get_named_gpiod_flags: parsed 'gpios' property of node '/leds/led2[0]' - status (0)
[   14.147590] gpio gpiochip0: Persistence not supported for GPIO 21
[   14.147605] gpio-533 (?): no flags found for GPIO (default)
[   14.164426] leds-gpio leds: using DT '/leds/led3' for '(default)' GPIO lookup
[   14.164537] of_get_named_gpiod_flags: parsed 'gpios' property of node '/leds/led3[0]' - status (0)
[   14.164593] gpio gpiochip0: Persistence not supported for GPIO 22
[   14.164607] gpio-534 (?): no flags found for GPIO (default)
[   14.215411] leds-gpio leds: using DT '/leds/led4' for '(default)' GPIO lookup
[   14.215512] of_get_named_gpiod_flags: parsed 'gpios' property of node '/leds/led4[0]' - status (0)
[   14.215565] gpio gpiochip0: Persistence not supported for GPIO 23
[   14.215580] gpio-535 (?): no flags found for GPIO (default)
[   14.241960] leds-gpio leds: using DT '/leds/led5' for '(default)' GPIO lookup
[   14.242059] of_get_named_gpiod_flags: parsed 'gpios' property of node '/leds/led5[0]' - status (0)
[   14.242110] gpio gpiochip0: Persistence not supported for GPIO 24
[   14.242126] gpio-536 (?): no flags found for GPIO (default)
[   14.623442] remoteproc remoteproc0: wkup_m3 is available
[   14.735399] omap_wdt: OMAP Watchdog Timer Rev 0x01: initial timeout 60 sec
[   14.763047] omap_rtc 44e3e000.rtc: registered as rtc0
[   14.769708] omap_rtc 44e3e000.rtc: setting system clock to 2000-01-01T00:00:00 UTC (946684800)
[   14.778721] omap_rtc 44e3e000.rtc: using DT '/ocp/interconnect@44c00000/segment@200000/target-module@3e000/rtc@0' for 'wp' GPIO lookup
[   14.778800] of_get_named_gpiod_flags: can't parse 'wp-gpios' property of node '/ocp/interconnect@44c00000/segment@200000/target-module@3e000/rtc@0[0]'
[   14.778850] of_get_named_gpiod_flags: can't parse 'wp-gpio' property of node '/ocp/interconnect@44c00000/segment@200000/target-module@3e000/rtc@0[0]'
[   14.778889] omap_rtc 44e3e000.rtc: using lookup tables for GPIO lookup
[   14.778903] omap_rtc 44e3e000.rtc: No GPIO consumer wp found
[   15.138663] am335x-phy-driver 47401300.usb-phy: using DT '/ocp/target-module@47400000/usb-phy@1300' for 'reset' GPIO lookup
[   15.138762] of_get_named_gpiod_flags: can't parse 'reset-gpios' property of node '/ocp/target-module@47400000/usb-phy@1300[0]'
[   15.138808] of_get_named_gpiod_flags: can't parse 'reset-gpio' property of node '/ocp/target-module@47400000/usb-phy@1300[0]'
[   15.138845] am335x-phy-driver 47401300.usb-phy: using lookup tables for GPIO lookup
[   15.138860] am335x-phy-driver 47401300.usb-phy: No GPIO consumer reset found
[   15.138874] am335x-phy-driver 47401300.usb-phy: using DT '/ocp/target-module@47400000/usb-phy@1300' for 'vbus-detect' GPIO lookup
[   15.138909] of_get_named_gpiod_flags: can't parse 'vbus-detect-gpios' property of node '/ocp/target-module@47400000/usb-phy@1300[0]'
[   15.138942] of_get_named_gpiod_flags: can't parse 'vbus-detect-gpio' property of node '/ocp/target-module@47400000/usb-phy@1300[0]'
[   15.138968] am335x-phy-driver 47401300.usb-phy: using lookup tables for GPIO lookup
[   15.138980] am335x-phy-driver 47401300.usb-phy: No GPIO consumer vbus-detect found
[   15.139127] am335x-phy-driver 47401300.usb-phy: dummy supplies not allowed for exclusive requests (id=vbus)
[   15.188688] at24 2-0054: supply vcc not found, using dummy regulator
[   15.215410] usbcore: registered new interface driver usbfs
[   15.221058] usbcore: registered new interface driver hub
[   15.226637] usbcore: registered new device driver usb
[   15.273833] tps6521x_pwrbutton tps65217-pwrbutton: DMA mask not set
[   15.316828] at24 2-0055: supply vcc not found, using dummy regulator
[   15.375619] input: tps65217_pwrbutton as /devices/platform/ocp/44c00000.interconnect/44c00000.interconnect:segment@200000/44e0b000.target-module/44e0b000.i2c/i2c-0/0-0024/tps65217-pwrbutton/input/input0
[   15.442866] at24 2-0056: supply vcc not found, using dummy regulator
[   15.529148] at24 2-0057: supply vcc not found, using dummy regulator
[   15.537697] am335x-phy-driver 47401b00.usb-phy: using DT '/ocp/target-module@47400000/usb-phy@1b00' for 'reset' GPIO lookup
[   15.537778] of_get_named_gpiod_flags: can't parse 'reset-gpios' property of node '/ocp/target-module@47400000/usb-phy@1b00[0]'
[   15.537821] of_get_named_gpiod_flags: can't parse 'reset-gpio' property of node '/ocp/target-module@47400000/usb-phy@1b00[0]'
[   15.537856] am335x-phy-driver 47401b00.usb-phy: using lookup tables for GPIO lookup
[   15.537871] am335x-phy-driver 47401b00.usb-phy: No GPIO consumer reset found
[   15.537886] am335x-phy-driver 47401b00.usb-phy: using DT '/ocp/target-module@47400000/usb-phy@1b00' for 'vbus-detect' GPIO lookup
[   15.537917] of_get_named_gpiod_flags: can't parse 'vbus-detect-gpios' property of node '/ocp/target-module@47400000/usb-phy@1b00[0]'
[   15.537948] of_get_named_gpiod_flags: can't parse 'vbus-detect-gpio' property of node '/ocp/target-module@47400000/usb-phy@1b00[0]'
[   15.537974] am335x-phy-driver 47401b00.usb-phy: using lookup tables for GPIO lookup
[   15.537986] am335x-phy-driver 47401b00.usb-phy: No GPIO consumer vbus-detect found
[   15.538129] am335x-phy-driver 47401b00.usb-phy: dummy supplies not allowed for exclusive requests (id=vbus)
[   15.634756] at24 0-0050: using DT '/ocp/interconnect@44c00000/segment@200000/target-module@b000/i2c@0/baseboard_eeprom@50' for 'wp' GPIO lookup
[   15.634921] of_get_named_gpiod_flags: can't parse 'wp-gpios' property of node '/ocp/interconnect@44c00000/segment@200000/target-module@b000/i2c@0/baseboard_eeprom@50[0]'
[   15.635040] of_get_named_gpiod_flags: can't parse 'wp-gpio' property of node '/ocp/interconnect@44c00000/segment@200000/target-module@b000/i2c@0/baseboard_eeprom@50[0]'
[   15.635128] at24 0-0050: using lookup tables for GPIO lookup
[   15.635144] at24 0-0050: No GPIO consumer wp found
[   15.635888] at24 0-0050: 32768 byte 24c256 EEPROM, writable, 1 bytes/write
[   15.743478] wkup_m3_ipc 44e11324.wkup_m3_ipc: IPC Request for A8->M3 Channel failed! -517
[   16.296046] wkup_m3_ipc 44e11324.wkup_m3_ipc: IPC Request for A8->M3 Channel failed! -517
[   16.408473] musb-hdrc musb-hdrc.1: MUSB HDRC host driver
[   16.414150] musb-hdrc musb-hdrc.1: new USB bus registered, assigned bus number 1
[   16.432526] wkup_m3_ipc 44e11324.wkup_m3_ipc: IPC Request for A8->M3 Channel failed! -517
[   16.624215] usb usb1: New USB device found, idVendor=1d6b, idProduct=0002, bcdDevice= 6.12
[   16.632753] usb usb1: New USB device strings: Mfr=3, Product=2, SerialNumber=1
[   16.640024] usb usb1: Product: MUSB HDRC host driver
[   16.645077] usb usb1: Manufacturer: Linux 6.12.15 musb-hcd
[   16.650595] usb usb1: SerialNumber: musb-hdrc.1
[   17.006273] hub 1-0:1.0: USB hub found
[   17.026451] tda998x 0-0070: found TDA19988
[   17.082799] hub 1-0:1.0: 1 port detected
[   17.116855] wkup_m3_ipc 44e11324.wkup_m3_ipc: IPC Request for A8->M3 Channel failed! -517
[   17.220183] wkup_m3_ipc 44e11324.wkup_m3_ipc: IPC Request for A8->M3 Channel failed! -517
[   17.239180] omap-mailbox 480c8000.mailbox: omap mailbox rev 0x400
[   17.515949] remoteproc remoteproc0: powering up wkup_m3
[   17.898209] remoteproc remoteproc0: Direct firmware load for am335x-pm-firmware.elf failed with error -2
[   17.908012] remoteproc remoteproc0: request_firmware failed: -2
[   17.914063] wkup_m3_ipc 44e11324.wkup_m3_ipc: rproc_boot failed
[   19.728354] omap_rng 48310000.rng: Random Number Generator ver. 20
[   19.810975] tilcdc 4830e000.lcdc: bound 0-0070 (ops 0xbf0600fc)
[   19.862396] [drm] Initialized tilcdc 1.0.0 for 4830e000.lcdc on minor 0
[   19.916018] tilcdc 4830e000.lcdc: [drm] Cannot find any crtc or sizes
[   19.924210] tilcdc 4830e000.lcdc: [drm] Cannot find any crtc or sizes
[   20.411556] PM: Cannot get wkup_m3_ipc handle
[   20.503938] omap-sham 53100000.sham: hw accel on OMAP rev 4.3
[   20.613874] omap-aes 53500000.aes: OMAP AES hw accel rev: 3.2
[   20.628447] omap-sham 53100000.sham: will run requests pump with realtime priority
[   20.637461] PM: Cannot get wkup_m3_ipc handle
[   20.698416] omap-aes 53500000.aes: will run requests pump with realtime priority
[   20.708828] PM: Cannot get wkup_m3_ipc handle
[   24.066207] Bluetooth: Core ver 2.22
[   24.070012] NET: Registered PF_BLUETOOTH protocol family
[   24.075604] Bluetooth: HCI device and connection manager initialized
[   24.082140] Bluetooth: HCI socket layer initialized
[   24.087056] Bluetooth: L2CAP socket layer initialized
[   24.092211] Bluetooth: SCO socket layer initialized
[   24.541568] PM: Cannot get wkup_m3_ipc handle
[   24.547336] asoc-simple-card sound: using DT '/sound' for 'simple-audio-card,hp-det' GPIO lookup
[   24.547406] of_get_named_gpiod_flags: can't parse 'simple-audio-card,hp-det-gpios' property of node '/sound[0]'
[   24.547442] of_get_named_gpiod_flags: can't parse 'simple-audio-card,hp-det-gpio' property of node '/sound[0]'
[   24.547467] asoc-simple-card sound: using lookup tables for GPIO lookup
[   24.547481] asoc-simple-card sound: No GPIO consumer simple-audio-card,hp-det found
[   24.547496] asoc-simple-card sound: using DT '/sound' for 'simple-audio-card,mic-det' GPIO lookup
[   24.547519] of_get_named_gpiod_flags: can't parse 'simple-audio-card,mic-det-gpios' property of node '/sound[0]'
[   24.547545] of_get_named_gpiod_flags: can't parse 'simple-audio-card,mic-det-gpio' property of node '/sound[0]'
[   24.547564] asoc-simple-card sound: using lookup tables for GPIO lookup
[   24.547576] asoc-simple-card sound: No GPIO consumer simple-audio-card,mic-det found
[   24.646297] PM: Cannot get wkup_m3_ipc handle
[   28.166090] userial_init: registered 8 ttyGS* devices
[   28.350296] rndis_register: configNr = 0
[   28.416886] udc musb-hdrc.0: binding gadget driver [g_multi]
[   28.416987] configfs-gadget.g_multi gadget.0: adding 'rndis'/4dbcca7e to config 'c'/4c496c5c
[   28.418098] configfs-gadget.g_multi gadget.0: HOST MAC 1c:ba:8c:a2:ed:6c
[   28.425120] configfs-gadget.g_multi gadget.0: MAC 1c:ba:8c:a2:ed:70
[   28.431551] rndis_set_param_medium: 0 0
[   28.431572] configfs-gadget.g_multi gadget.0: RNDIS: IN/ep1in OUT/ep1out NOTIFY/ep2in
[   28.431590] configfs-gadget.g_multi gadget.0: adding 'cdc_ethernet'/74216748 to config 'c'/4c496c5c
[   28.432480] configfs-gadget.g_multi gadget.0: HOST MAC 1c:ba:8c:a2:ed:6c
[   28.439241] configfs-gadget.g_multi gadget.0: MAC 1c:ba:8c:a2:ed:6d
[   28.445666] configfs-gadget.g_multi gadget.0: CDC Ethernet: IN/ep3in OUT/ep2out NOTIFY/ep4in
[   28.445688] configfs-gadget.g_multi gadget.0: adding 'acm'/c396158c to config 'c'/4c496c5c
[   28.445723] configfs-gadget.g_multi gadget.0: acm ttyGS0: IN/ep5in OUT/ep3out NOTIFY/ep6in
[   28.451881] PM: Cannot get wkup_m3_ipc handle
[   30.726576] configfs-gadget.g_multi gadget.0: eth_open
[   34.479257] gs_open: ttyGS0 (15dc7f05,89925351)
[   34.479415] gs_close: ttyGS0 (15dc7f05,89925351) ...
[   34.479438] gs_close: ttyGS0 (15dc7f05,89925351) done!
[   34.504831] gs_open: ttyGS0 (ef27aff2,6cf562b8)
[   34.504957] gs_close: ttyGS0 (ef27aff2,6cf562b8) ...
[   34.504980] gs_close: ttyGS0 (ef27aff2,6cf562b8) done!
[   34.643833] gs_open: ttyGS0 (19e0f606,cb02b429)
[   34.644090] gs_close: ttyGS0 (19e0f606,cb02b429) ...
[   34.644118] gs_close: ttyGS0 (19e0f606,cb02b429) done!
[   34.646512] gs_open: ttyGS0 (19e0f606,0a954417)
ONTYXALEUS 0
root@arm:~# echo 'CMYF''AXSNOV'
CMYFAXSNOV
root@arm:~# MARKER='WUOU''KABHKK' run 'modprobe test_linear_ranges'
WUOUKABHKKWUOUKABHKK 0
root@arm:~# echo 'VVFY''SCOVGK'
VVFYSCOVGK
root@arm:~# MARKER='VLQL''HBVHZE' run dmesg
VLQLHBVHZE[    0.000000] Booting Linux on physical CPU 0x0
[    0.000000] Linux version 6.12.15 (user01@drvtest01) (arm-none-eabi-gcc (Arm GNU Toolchain 14.2.Rel1 (Build arm-14.52)) 14.2.1 20241119, GNU ld (Arm GNU Toolchain 14.2.Rel1 (Build arm-14.52)) 2.43.1.20241119) #1 SMP Tue Feb 18 11:15:38 EET 2025
[    0.000000] CPU: ARMv7 Processor [413fc082] revision 2 (ARMv7), cr=10c5387d
[    0.000000] CPU: PIPT / VIPT nonaliasing data cache, VIPT aliasing instruction cache
[    0.000000] OF: fdt: Machine model: TI AM335x BeagleBone Black
[    0.000000] Memory policy: Data cache writeback
[    0.000000] cma: Reserved 16 MiB at 0x9e800000 on node -1
[    0.000000] Zone ranges:
[    0.000000]   Normal   [mem 0x0000000080000000-0x000000009fdfffff]
[    0.000000]   HighMem  empty
[    0.000000] Movable zone start for each node
[    0.000000] Early memory node ranges
[    0.000000]   node   0: [mem 0x0000000080000000-0x000000009fdfffff]
[    0.000000] Initmem setup node 0 [mem 0x0000000080000000-0x000000009fdfffff]
[    0.000000] OF: reserved mem: Reserved memory: No reserved-memory node in the DT
[    0.000000] CPU: All CPU(s) started in SVC mode.
[    0.000000] AM335X ES2.1 (sgx neon)
[    0.000000] percpu: Embedded 17 pages/cpu s40396 r8192 d21044 u69632
[    0.000000] pcpu-alloc: s40396 r8192 d21044 u69632 alloc=17*4096
[    0.000000] pcpu-alloc: [0] 0 
[    0.000000] Kernel command line: console=ttyO0,115200n8 root=/dev/nfs rw nfsroot=192.168.255.126:/home/user01/nfs,nfsvers=3 ip=192.168.255.1:192.168.255.126::255.255.255.0:bbb1:eth0 nfsrootdebug
[    0.000000] Unknown kernel command line parameters "nfsrootdebug", will be passed to user space.
[    0.000000] Dentry cache hash table entries: 65536 (order: 6, 262144 bytes, linear)
[    0.000000] Inode-cache hash table entries: 32768 (order: 5, 131072 bytes, linear)
[    0.000000] Built 1 zonelists, mobility grouping on.  Total pages: 130560
[    0.000000] mem auto-init: stack:off, heap alloc:off, heap free:off
[    0.000000] SLUB: HWalign=64, Order=0-3, MinObjects=0, CPUs=1, Nodes=1
[    0.000000] rcu: Hierarchical RCU implementation.
[    0.000000] rcu: 	RCU event tracing is enabled.
[    0.000000] rcu: 	RCU restricting CPUs from NR_CPUS=2 to nr_cpu_ids=1.
[    0.000000] rcu: RCU calculated value of scheduler-enlistment delay is 10 jiffies.
[    0.000000] rcu: Adjusting geometry for rcu_fanout_leaf=16, nr_cpu_ids=1
[    0.000000] NR_IRQS: 16, nr_irqs: 16, preallocated irqs: 16
[    0.000000] IRQ: Found an INTC at 0x(ptrval) (revision 5.0) with 128 interrupts
[    0.000000] rcu: srcu_init: Setting srcu_struct sizes based on contention.
[    0.000000] TI gptimer clocksource: always-on /ocp/interconnect@44c00000/segment@200000/target-module@31000
[    0.000003] sched_clock: 32 bits at 24MHz, resolution 41ns, wraps every 89478484971ns
[    0.000027] clocksource: dmtimer: mask: 0xffffffff max_cycles: 0xffffffff, max_idle_ns: 79635851949 ns
[    0.000492] TI gptimer clockevent: 24000000 Hz at /ocp/interconnect@48000000/segment@0/target-module@40000
[    0.002083] Console: colour dummy device 80x30
[    0.002149] WARNING: Your 'console=ttyO0' has been replaced by 'ttyS0'
[    0.002158] This ensures that you still see kernel messages. Please
[    0.002162] update your kernel commandline.
[    0.002205] Calibrating delay loop... 996.14 BogoMIPS (lpj=4980736)
[    0.090539] CPU: Testing write buffer coherency: ok
[    0.090648] CPU0: Spectre v2: using BPIALL workaround
[    0.090658] pid_max: default: 32768 minimum: 301
[    0.090781] LSM: initializing lsm=capability
[    0.090944] Mount-cache hash table entries: 1024 (order: 0, 4096 bytes, linear)
[    0.090964] Mountpoint-cache hash table entries: 1024 (order: 0, 4096 bytes, linear)
[    0.092527] CPU0: thread -1, cpu 0, socket -1, mpidr 0
[    0.160709] Setting up static identity map for 0x80100000 - 0x80100078
[    0.170686] rcu: Hierarchical SRCU implementation.
[    0.170697] rcu: 	Max phase no-delay instances is 1000.
[    0.190740] smp: Bringing up secondary CPUs ...
[    0.190794] smp: Brought up 1 node, 1 CPU
[    0.190807] SMP: Total of 1 processors activated (996.14 BogoMIPS).
[    0.190819] CPU: All CPU(s) started in SVC mode.
[    0.191000] Memory: 480868K/522240K available (11264K kernel code, 1211K rwdata, 2876K rodata, 1024K init, 296K bss, 23360K reserved, 16384K cma-reserved, 0K highmem)
[    0.191825] devtmpfs: initialized
[    0.208072] VFP support v0.3: implementor 41 architecture 3 part 30 variant c rev 3
[    0.208414] clocksource: jiffies: mask: 0xffffffff max_cycles: 0xffffffff, max_idle_ns: 19112604462750000 ns
[    0.208447] futex hash table entries: 256 (order: 2, 16384 bytes, linear)
[    0.209863] pinctrl core: initialized pinctrl subsystem
[    0.212749] NET: Registered PF_NETLINK/PF_ROUTE protocol family
[    0.215511] DMA: preallocated 256 KiB pool for atomic coherent allocations
[    0.216403] audit: initializing netlink subsys (disabled)
[    0.217758] thermal_sys: Registered thermal governor 'fair_share'
[    0.217773] thermal_sys: Registered thermal governor 'step_wise'
[    0.217783] thermal_sys: Registered thermal governor 'user_space'
[    0.217934] audit: type=2000 audit(0.210:1): state=initialized audit_enabled=0 res=1
[    0.217968] cpuidle: using governor menu
[    0.235584] /ocp/interconnect@44c00000/segment@200000/target-module@b000/i2c@0/tda19988@70: Fixed dependency cycle(s) with /ocp/interconnect@48000000/segment@300000/target-module@e000/lcdc@0
[    0.236693] /ocp/interconnect@48000000/segment@300000/target-module@e000/lcdc@0: Fixed dependency cycle(s) with /ocp/interconnect@44c00000/segment@200000/target-module@b000/i2c@0/tda19988@70
[    0.238802] No ATAGs?
[    0.238818] hw-breakpoint: debug architecture 0x4 unsupported.
[    0.241556] kprobes: kprobe jump-optimization is enabled. All kprobes are optimized if possible.
[    0.253925] iommu: Default domain type: Translated
[    0.253946] iommu: DMA domain TLB invalidation policy: strict mode
[    0.255512] reg-fixed-voltage fixedregulator0: using DT '/fixedregulator0' for '(default)' GPIO lookup
[    0.255567] of_get_named_gpiod_flags: can't parse 'gpios' property of node '/fixedregulator0[0]'
[    0.255595] of_get_named_gpiod_flags: can't parse 'gpio' property of node '/fixedregulator0[0]'
[    0.255612] reg-fixed-voltage fixedregulator0: using lookup tables for GPIO lookup
[    0.255622] reg-fixed-voltage fixedregulator0: No GPIO consumer (default) found
[    0.261698] SCSI subsystem initialized
[    0.262177] libata version 3.00 loaded.
[    0.262533] pps_core: LinuxPPS API ver. 1 registered
[    0.262545] pps_core: Software ver. 5.3.6 - Copyright 2005-2007 Rodolfo Giometti <giometti@linux.it>
[    0.262568] PTP clock support registered
[    0.270962] vgaarb: loaded
[    0.271312] clocksource: Switched to clocksource dmtimer
[    0.271951] VFS: Disk quotas dquot_6.6.0
[    0.271994] VFS: Dquot-cache hash table entries: 1024 (order 0, 4096 bytes)
[    0.296501] NET: Registered PF_INET protocol family
[    0.296842] IP idents hash table entries: 8192 (order: 4, 65536 bytes, linear)
[    0.298205] tcp_listen_portaddr_hash hash table entries: 512 (order: 0, 4096 bytes, linear)
[    0.298239] Table-perturb hash table entries: 65536 (order: 6, 262144 bytes, linear)
[    0.298255] TCP established hash table entries: 4096 (order: 2, 16384 bytes, linear)
[    0.298298] TCP bind hash table entries: 4096 (order: 4, 65536 bytes, linear)
[    0.298398] TCP: Hash tables configured (established 4096 bind 4096)
[    0.298516] UDP hash table entries: 256 (order: 1, 8192 bytes, linear)
[    0.298543] UDP-Lite hash table entries: 256 (order: 1, 8192 bytes, linear)
[    0.298717] NET: Registered PF_UNIX/PF_LOCAL protocol family
[    0.299952] RPC: Registered named UNIX socket transport module.
[    0.299972] RPC: Registered udp transport module.
[    0.299977] RPC: Registered tcp transport module.
[    0.299982] RPC: Registered tcp-with-tls transport module.
[    0.299987] RPC: Registered tcp NFSv4.1 backchannel transport module.
[    0.300010] PCI: CLS 0 bytes, default 64
[    0.301547] Initialise system trusted keyrings
[    0.311587] workingset: timestamp_bits=14 max_order=17 bucket_order=3
[    0.312872] NFS: Registering the id_resolver key type
[    0.312935] Key type id_resolver registered
[    0.312942] Key type id_legacy registered
[    0.312991] jffs2: version 2.2. (NAND) (SUMMARY)  Â© 2001-2006 Red Hat, Inc.
[    0.313378] Key type asymmetric registered
[    0.313393] Asymmetric key parser 'x509' registered
[    0.313457] io scheduler mq-deadline registered
[    0.313467] io scheduler kyber registered
[    0.313535] io scheduler bfq registered
[    0.315100] ledtrig-cpu: registered to indicate activity on CPUs
[    0.317730] Serial: 8250/16550 driver, 6 ports, IRQ sharing enabled
[    0.363888] brd: module loaded
[    0.382985] loop: module loaded
[    0.383888] mtdoops: mtd device (mtddev=name/number) must be supplied
[    0.385552] mdio_bus fixed-0: using lookup tables for GPIO lookup
[    0.385577] mdio_bus fixed-0: No GPIO consumer reset found
[    0.386928] i2c_dev: i2c /dev entries driver
[    0.387879] cpuidle: enable-method property 'ti,am3352' found operations
[    0.388309] sdhci: Secure Digital Host Controller Interface driver
[    0.388319] sdhci: Copyright(c) Pierre Ossman
[    0.388490] sdhci-pltfm: SDHCI platform and OF driver helper
[    0.389490] Initializing XFRM netlink socket
[    0.389612] NET: Registered PF_INET6 protocol family
[    0.391625] Segment Routing with IPv6
[    0.391709] In-situ OAM (IOAM) with IPv6
[    0.391809] sit: IPv6, IPv4 and MPLS over IPv4 tunneling driver
[    0.392726] NET: Registered PF_PACKET protocol family
[    0.392758] NET: Registered PF_KEY protocol family
[    0.392892] Key type dns_resolver registered
[    0.393121] ThumbEE CPU extension supported.
[    0.393144] Registering SWP/SWPB emulation handler
[    0.393665] omap_voltage_late_init: Voltage driver support not added
[    0.394022] SmartReflex Class3 initialized
[    0.423926] Loading compiled-in X.509 certificates
[    0.468564] /ocp/interconnect@44c00000/segment@200000/target-module@b000/i2c@0/tda19988@70: Fixed dependency cycle(s) with /ocp/interconnect@48000000/segment@300000/target-module@e000/lcdc@0
[    0.475001] /ocp/interconnect@44c00000/segment@200000/target-module@b000/i2c@0/tda19988@70: Fixed dependency cycle(s) with /ocp/interconnect@48000000/segment@300000/target-module@e000/lcdc@0
[    0.480287] gpiochip_find_base_unlocked: found new base at 512
[    0.514636] /ocp/interconnect@44c00000/segment@200000/target-module@b000/i2c@0/tda19988@70: Fixed dependency cycle(s) with /ocp/interconnect@48000000/segment@300000/target-module@e000/lcdc@0
[    0.515481] /ocp/interconnect@44c00000/segment@200000/target-module@b000/i2c@0/tda19988@70: Fixed dependency cycle(s) with /ocp/interconnect@48000000/segment@300000/target-module@e000/lcdc@0
[    0.518738] /ocp/interconnect@44c00000/segment@200000/target-module@10000/scm@0/pinmux@800: Fixed dependency cycle(s) with /ocp/interconnect@44c00000/segment@200000/target-module@10000/scm@0/pinmux@800/clkout2-pins
[    0.519310] pinctrl-single 44e10800.pinmux: 142 pins, size 568
[    0.524656] ti-sysc 44e31000.target-module: probe with driver ti-sysc failed with error -16
[    0.562027] /ocp/interconnect@48000000/segment@300000/target-module@e000/lcdc@0: Fixed dependency cycle(s) with /ocp/interconnect@44c00000/segment@200000/target-module@b000/i2c@0/tda19988@70
[    0.569565] ti-sysc 48040000.target-module: probe with driver ti-sysc failed with error -16
[    0.580339] gpiochip_find_base_unlocked: found new base at 512
[    0.580439] gpio gpiochip0: (gpio-0-31): created GPIO range 0->7 ==> 44e10800.pinmux PIN 0->7
[    0.580459] gpio gpiochip0: (gpio-0-31): created GPIO range 8->11 ==> 44e10800.pinmux PIN 90->93
[    0.580475] gpio gpiochip0: (gpio-0-31): created GPIO range 12->27 ==> 44e10800.pinmux PIN 12->27
[    0.580490] gpio gpiochip0: (gpio-0-31): created GPIO range 28->31 ==> 44e10800.pinmux PIN 30->33
[    0.603302] gpio gpiochip0: (gpio-0-31): added GPIO chardev (254:0)
[    0.603464] gpio gpiochip0: registered GPIOs 512 to 543 on gpio-0-31
[    0.603547] OMAP GPIO hardware version 0.1
[    0.643400] i2c i2c-2: using DT '/ocp/interconnect@48000000/segment@100000/target-module@9c000/i2c@0' for 'scl' GPIO lookup
[    0.643475] of_get_named_gpiod_flags: can't parse 'scl-gpios' property of node '/ocp/interconnect@48000000/segment@100000/target-module@9c000/i2c@0[0]'
[    0.643516] of_get_named_gpiod_flags: can't parse 'scl-gpio' property of node '/ocp/interconnect@48000000/segment@100000/target-module@9c000/i2c@0[0]'
[    0.643550] i2c i2c-2: using lookup tables for GPIO lookup
[    0.643560] i2c i2c-2: No GPIO consumer scl found
[    0.643582] i2c i2c-2: using DT '/ocp/interconnect@48000000/segment@100000/target-module@9c000/i2c@0' for 'sda' GPIO lookup
[    0.643617] of_get_named_gpiod_flags: can't parse 'sda-gpios' property of node '/ocp/interconnect@48000000/segment@100000/target-module@9c000/i2c@0[0]'
[    0.643653] of_get_named_gpiod_flags: can't parse 'sda-gpio' property of node '/ocp/interconnect@48000000/segment@100000/target-module@9c000/i2c@0[0]'
[    0.643684] i2c i2c-2: using lookup tables for GPIO lookup
[    0.643691] i2c i2c-2: No GPIO consumer sda found
[    0.644385] omap_i2c 4819c000.i2c: bus 2 rev0.11 at 100 kHz
[    0.649613] gpiochip_find_base_unlocked: found new base at 544
[    0.649710] gpio gpiochip1: (gpio-32-63): created GPIO range 0->17 ==> 44e10800.pinmux PIN 34->51
[    0.649731] gpio gpiochip1: (gpio-32-63): created GPIO range 18->21 ==> 44e10800.pinmux PIN 77->80
[    0.649747] gpio gpiochip1: (gpio-32-63): created GPIO range 22->31 ==> 44e10800.pinmux PIN 56->65
[    0.650474] gpio gpiochip1: (gpio-32-63): added GPIO chardev (254:1)
[    0.650622] gpio gpiochip1: registered GPIOs 544 to 575 on gpio-32-63
[    0.652915] gpiochip_find_base_unlocked: found new base at 576
[    0.653008] gpio gpiochip2: (gpio-64-95): created GPIO range 0->4 ==> 44e10800.pinmux PIN 66->70
[    0.653027] gpio gpiochip2: (gpio-64-95): created GPIO range 5->6 ==> 44e10800.pinmux PIN 98->99
[    0.653042] gpio gpiochip2: (gpio-64-95): created GPIO range 7->8 ==> 44e10800.pinmux PIN 75->76
[    0.653057] gpio gpiochip2: (gpio-64-95): created GPIO range 13->13 ==> 44e10800.pinmux PIN 141->141
[    0.653074] gpio gpiochip2: (gpio-64-95): created GPIO range 14->21 ==> 44e10800.pinmux PIN 100->107
[    0.653714] gpio gpiochip2: (gpio-64-95): added GPIO chardev (254:2)
[    0.653840] gpio gpiochip2: registered GPIOs 576 to 607 on gpio-64-95
[    0.659122] 48000000.interconnect:segment@200000:target-module@0:mpu@0:fck: device ID is greater than 24
[    0.659989] /ocp/interconnect@48000000/segment@300000/target-module@e000/lcdc@0: Fixed dependency cycle(s) with /ocp/interconnect@44c00000/segment@200000/target-module@b000/i2c@0/tda19988@70
[    0.662946] /ocp/interconnect@48000000/segment@300000/target-module@e000/lcdc@0: Fixed dependency cycle(s) with /ocp/interconnect@44c00000/segment@200000/target-module@b000/i2c@0/tda19988@70
[    0.663639] /ocp/interconnect@44c00000/segment@200000/target-module@b000/i2c@0/tda19988@70: Fixed dependency cycle(s) with /ocp/interconnect@48000000/segment@300000/target-module@e000/lcdc@0
[    0.663818] /ocp/interconnect@48000000/segment@300000/target-module@e000/lcdc@0: Fixed dependency cycle(s) with /ocp/interconnect@44c00000/segment@200000/target-module@b000/i2c@0/tda19988@70
[    0.673121] mdio_bus 4a101000.mdio: using DT '/ocp/interconnect@4a000000/segment@0/target-module@100000/switch@0/mdio@1000' for 'reset' GPIO lookup
[    0.673194] of_get_named_gpiod_flags: can't parse 'reset-gpios' property of node '/ocp/interconnect@4a000000/segment@0/target-module@100000/switch@0/mdio@1000[0]'
[    0.673242] of_get_named_gpiod_flags: can't parse 'reset-gpio' property of node '/ocp/interconnect@4a000000/segment@0/target-module@100000/switch@0/mdio@1000[0]'
[    0.673289] mdio_bus 4a101000.mdio: using lookup tables for GPIO lookup
[    0.673299] mdio_bus 4a101000.mdio: No GPIO consumer reset found
[    0.674182] sdhci-omap 481d8000.mmc: using DT '/ocp/interconnect@48000000/segment@100000/target-module@d8000/mmc@0' for 'wp' GPIO lookup
[    0.674239] of_get_named_gpiod_flags: can't parse 'wp-gpios' property of node '/ocp/interconnect@48000000/segment@100000/target-module@d8000/mmc@0[0]'
[    0.674282] of_get_named_gpiod_flags: can't parse 'wp-gpio' property of node '/ocp/interconnect@48000000/segment@100000/target-module@d8000/mmc@0[0]'
[    0.674316] sdhci-omap 481d8000.mmc: using lookup tables for GPIO lookup
[    0.674325] sdhci-omap 481d8000.mmc: No GPIO consumer wp found
[    0.674515] sdhci-omap 481d8000.mmc: supply pbias not found, using dummy regulator
[    0.674989] sdhci-omap 481d8000.mmc: supply vqmmc not found, using dummy regulator
[    0.724308] davinci_mdio 4a101000.mdio: davinci mdio revision 1.6, bus freq 1000000
[    0.742448] mdio_bus 4a101000.mdio:00: using DT '/ocp/interconnect@4a000000/segment@0/target-module@100000/switch@0/mdio@1000/ethernet-phy@0' for 'reset' GPIO lookup
[    0.742550] of_get_named_gpiod_flags: parsed 'reset-gpios' property of node '/ocp/interconnect@4a000000/segment@0/target-module@100000/switch@0/mdio@1000/ethernet-phy@0[0]' - status (0)
[    0.742710] gpio gpiochip0: Persistence not supported for GPIO 8
[    0.831858] davinci_mdio 4a101000.mdio: phy[0]: device 4a101000.mdio:00, driver SMSC LAN8710/LAN8720
[    0.832615] cpsw-switch 4a100000.switch: initialized cpsw ale version 1.4
[    0.832638] cpsw-switch 4a100000.switch: ALE Table size 1024, Policers 0
[    0.832776] cpsw-switch 4a100000.switch: cpts: overflow check period 500 (jiffies)
[    0.832790] cpsw-switch 4a100000.switch: CPTS: ref_clk_freq:250000000 calc_mult:2147483648 calc_shift:29 error:0 nsec/sec
[    0.832892] cpsw-switch 4a100000.switch: Detected MACID = 6c:ec:eb:68:de:78
[    0.834639] cpsw-switch 4a100000.switch: initialized (regs 0x4a100000, pool size 256) hw_ver:0019010C 1.12 (0)
[    0.845383] debugfs: Directory '49000000.dma' with parent 'dmaengine' already present!
[    0.845423] edma 49000000.dma: TI EDMA DMA engine driver
[    0.893429] target-module@4b000000:target-module@140000:pmu@0:fck: device ID is greater than 24
[    0.905820] hw perfevents: enabled with armv7_cortex_a8 PMU driver, 5 (8000000f) counters available
[    0.906683] gpio-clk clk_mcasp0: using DT '/clk_mcasp0' for 'enable' GPIO lookup
[    0.906748] of_get_named_gpiod_flags: parsed 'enable-gpios' property of node '/clk_mcasp0[0]' - status (0)
[    0.906792] gpio gpiochip0: Persistence not supported for GPIO 27
[    0.907570] gpiochip_find_base_unlocked: found new base at 608
[    0.907701] gpio gpiochip3: (gpio-96-127): created GPIO range 0->7 ==> 44e10800.pinmux PIN 82->89
[    0.907720] gpio gpiochip3: (gpio-96-127): created GPIO range 8->11 ==> 44e10800.pinmux PIN 52->55
[    0.907735] gpio gpiochip3: (gpio-96-127): created GPIO range 12->15 ==> 44e10800.pinmux PIN 94->97
[    0.907751] gpio gpiochip3: (gpio-96-127): created GPIO range 16->17 ==> 44e10800.pinmux PIN 71->72
[    0.907766] gpio gpiochip3: (gpio-96-127): created GPIO range 18->18 ==> 44e10800.pinmux PIN 135->135
[    0.907782] gpio gpiochip3: (gpio-96-127): created GPIO range 19->20 ==> 44e10800.pinmux PIN 108->109
[    0.907797] gpio gpiochip3: (gpio-96-127): created GPIO range 21->21 ==> 44e10800.pinmux PIN 73->73
[    0.907814] gpio gpiochip3: (gpio-96-127): created GPIO range 22->23 ==> 44e10800.pinmux PIN 8->9
[    0.907831] gpio gpiochip3: (gpio-96-127): created GPIO range 26->27 ==> 44e10800.pinmux PIN 10->11
[    0.907848] gpio gpiochip3: (gpio-96-127): created GPIO range 28->28 ==> 44e10800.pinmux PIN 74->74
[    0.907865] gpio gpiochip3: (gpio-96-127): created GPIO range 29->29 ==> 44e10800.pinmux PIN 81->81
[    0.907884] gpio gpiochip3: (gpio-96-127): created GPIO range 30->31 ==> 44e10800.pinmux PIN 28->29
[    0.913179] l3-aon-clkctrl:0000:0: failed to disable
[    0.913920] gpio gpiochip3: (gpio-96-127): added GPIO chardev (254:3)
[    0.914078] gpio gpiochip3: registered GPIOs 608 to 639 on gpio-96-127
[    0.926676] omap8250 44e09000.serial: using DT '/ocp/interconnect@44c00000/segment@200000/target-module@9000/serial@0' for 'rs485-term' GPIO lookup
[    0.926751] of_get_named_gpiod_flags: can't parse 'rs485-term-gpios' property of node '/ocp/interconnect@44c00000/segment@200000/target-module@9000/serial@0[0]'
[    0.926794] of_get_named_gpiod_flags: can't parse 'rs485-term-gpio' property of node '/ocp/interconnect@44c00000/segment@200000/target-module@9000/serial@0[0]'
[    0.926829] omap8250 44e09000.serial: using lookup tables for GPIO lookup
[    0.926838] omap8250 44e09000.serial: No GPIO consumer rs485-term found
[    0.926848] omap8250 44e09000.serial: using DT '/ocp/interconnect@44c00000/segment@200000/target-module@9000/serial@0' for 'rs485-rx-during-tx' GPIO lookup
[    0.926883] of_get_named_gpiod_flags: can't parse 'rs485-rx-during-tx-gpios' property of node '/ocp/interconnect@44c00000/segment@200000/target-module@9000/serial@0[0]'
[    0.926919] of_get_named_gpiod_flags: can't parse 'rs485-rx-during-tx-gpio' property of node '/ocp/interconnect@44c00000/segment@200000/target-module@9000/serial@0[0]'
[    0.926950] omap8250 44e09000.serial: using lookup tables for GPIO lookup
[    0.926957] omap8250 44e09000.serial: No GPIO consumer rs485-rx-during-tx found
[    0.927356] 44e09000.serial: ttyS0 at MMIO 0x44e09000 (irq = 34, base_baud = 3000000) is a 8250
[    0.927444] printk: legacy console [ttyS0] enabled
[    2.385083] i2c i2c-0: using DT '/ocp/interconnect@44c00000/segment@200000/target-module@b000/i2c@0' for 'scl' GPIO lookup
[    2.385167] of_get_named_gpiod_flags: can't parse 'scl-gpios' property of node '/ocp/interconnect@44c00000/segment@200000/target-module@b000/i2c@0[0]'
[    2.385214] of_get_named_gpiod_flags: can't parse 'scl-gpio' property of node '/ocp/interconnect@44c00000/segment@200000/target-module@b000/i2c@0[0]'
[    2.385254] i2c i2c-0: using lookup tables for GPIO lookup
[    2.385266] i2c i2c-0: No GPIO consumer scl found
[    2.385292] i2c i2c-0: using DT '/ocp/interconnect@44c00000/segment@200000/target-module@b000/i2c@0' for 'sda' GPIO lookup
[    2.385330] of_get_named_gpiod_flags: can't parse 'sda-gpios' property of node '/ocp/interconnect@44c00000/segment@200000/target-module@b000/i2c@0[0]'
[    2.385371] of_get_named_gpiod_flags: can't parse 'sda-gpio' property of node '/ocp/interconnect@44c00000/segment@200000/target-module@b000/i2c@0[0]'
[    2.385406] i2c i2c-0: using lookup tables for GPIO lookup
[    2.385417] i2c i2c-0: No GPIO consumer sda found
[    2.402287] tps65217-pmic: Failed to locate of_node [id: -1]
[    2.408344] tps65217-bl: Failed to locate of_node [id: -1]
[    2.419646] tps65217 0-0024: TPS65217 ID 0xe version 1.2
[    2.425755] /ocp/interconnect@48000000/segment@300000/target-module@e000/lcdc@0: Fixed dependency cycle(s) with /ocp/interconnect@44c00000/segment@200000/target-module@b000/i2c@0/tda19988@70
[    2.443112] /ocp/interconnect@44c00000/segment@200000/target-module@b000/i2c@0/tda19988@70: Fixed dependency cycle(s) with /ocp/interconnect@48000000/segment@300000/target-module@e000/lcdc@0
[    2.460469] omap_i2c 44e0b000.i2c: bus 0 rev0.11 at 400 kHz
[    2.468259] sdhci-omap 48060000.mmc: using DT '/ocp/interconnect@48000000/segment@0/target-module@60000/mmc@0' for 'cd' GPIO lookup
[    2.468370] of_get_named_gpiod_flags: parsed 'cd-gpios' property of node '/ocp/interconnect@48000000/segment@0/target-module@60000/mmc@0[0]' - status (0)
[    2.468435] gpio gpiochip3: Persistence not supported for GPIO 6
[    2.468459] omap_gpio 44e07000.gpio: Could not set line 6 debounce to 200000 microseconds (-22)
[    2.477340] sdhci-omap 48060000.mmc: Got CD GPIO
[    2.482025] sdhci-omap 48060000.mmc: using DT '/ocp/interconnect@48000000/segment@0/target-module@60000/mmc@0' for 'wp' GPIO lookup
[    2.482075] of_get_named_gpiod_flags: can't parse 'wp-gpios' property of node '/ocp/interconnect@48000000/segment@0/target-module@60000/mmc@0[0]'
[    2.482121] of_get_named_gpiod_flags: can't parse 'wp-gpio' property of node '/ocp/interconnect@48000000/segment@0/target-module@60000/mmc@0[0]'
[    2.482159] sdhci-omap 48060000.mmc: using lookup tables for GPIO lookup
[    2.482173] sdhci-omap 48060000.mmc: No GPIO consumer wp found
[    2.482380] sdhci-omap 48060000.mmc: supply pbias not found, using dummy regulator
[    2.491030] sdhci-omap 481d8000.mmc: using DT '/ocp/interconnect@48000000/segment@100000/target-module@d8000/mmc@0' for 'wp' GPIO lookup
[    2.491107] of_get_named_gpiod_flags: can't parse 'wp-gpios' property of node '/ocp/interconnect@48000000/segment@100000/target-module@d8000/mmc@0[0]'
[    2.491154] of_get_named_gpiod_flags: can't parse 'wp-gpio' property of node '/ocp/interconnect@48000000/segment@100000/target-module@d8000/mmc@0[0]'
[    2.491192] sdhci-omap 481d8000.mmc: using lookup tables for GPIO lookup
[    2.491205] sdhci-omap 481d8000.mmc: No GPIO consumer wp found
[    2.492571] sdhci-omap 48060000.mmc: supply vqmmc not found, using dummy regulator
[    2.501532] sdhci-omap 481d8000.mmc: supply pbias not found, using dummy regulator
[    2.509514] sdhci-omap 481d8000.mmc: supply vqmmc not found, using dummy regulator
[    2.548598] mmc1: SDHCI controller on 481d8000.mmc [481d8000.mmc] using External DMA
[    2.557090] mmc0: SDHCI controller on 48060000.mmc [48060000.mmc] using External DMA
[    2.565917] cpsw-switch 4a100000.switch: starting ndev. mode: dual_mac
[    2.610504] mmc0: new high speed SDHC card at address 5048
[    2.617598] mmcblk0: mmc0:5048 SD16G 14.4 GiB
[    2.625619]  mmcblk0: p1 p2
[    2.628973] mmcblk0: p2 size 31221760 extends beyond EOD, truncated
[    2.642573] SMSC LAN8710/LAN8720 4a101000.mdio:00: attached PHY driver (mii_bus:phy_addr=4a101000.mdio:00, irq=POLL)
[    2.654709] mmc1: new high speed MMC card at address 0001
[    2.661611] mmcblk1: mmc1:0001 MMC04G 3.60 GiB
[    2.673389]  mmcblk1: p1 p2
[    2.677612] mmcblk1boot0: mmc1:0001 MMC04G 2.00 MiB
[    2.684823] mmcblk1boot1: mmc1:0001 MMC04G 2.00 MiB
[    2.692107] mmcblk1rpmb: mmc1:0001 MMC04G 128 KiB, chardev (250:0)
[    5.842086] cpsw-switch 4a100000.switch eth0: Link is Up - 100Mbps/Full - flow control off
[    5.881542] IP-Config: Complete:
[    5.884819]      device=eth0, hwaddr=6c:ec:eb:68:de:78, ipaddr=192.168.255.1, mask=255.255.255.0, gw=255.255.255.255
[    5.895480]      host=bbb1, domain=, nis-domain=(none)
[    5.900649]      bootserver=192.168.255.126, rootserver=192.168.255.126, rootpath=
[    5.901068] clk: Disabling unused clocks
[    5.912924] PM: genpd: Disabling unused power domains
[    5.918041] KTAP version 1
[    5.920762] 1..0
[    5.944972] VFS: Mounted root (nfs filesystem) on device 0:17.
[    5.951899] devtmpfs: mounted
[    5.956306] Freeing unused kernel image (initmem) memory: 1024K
[    5.963123] Run /sbin/init as init process
[    5.967255]   with arguments:
[    5.967268]     /sbin/init
[    5.967277]     nfsrootdebug
[    5.967286]   with environment:
[    5.967295]     HOME=/
[    5.967304]     TERM=linux
[    6.659270] systemd[1]: System time before build time, advancing clock.
[    8.101336] random: crng init done
[    8.142141] systemd[1]: systemd 232 running in system mode. (+PAM +AUDIT +SELINUX +IMA +APPARMOR +SMACK +SYSVINIT +UTMP +LIBCRYPTSETUP +GCRYPT +GNUTLS +ACL +XZ +LZ4 +SECCOMP +BLKID +ELFUTILS +KMOD +IDN)
[    8.161121] systemd[1]: Detected architecture arm.
[    8.194322] systemd[1]: Set hostname to <arm>.
[    9.297640] systemd[1]: Started Forward Password Requests to Wall Directory Watch.
[    9.332185] systemd[1]: Listening on udev Kernel Socket.
[    9.362938] systemd[1]: Created slice System Slice.
[    9.421871] systemd[1]: Mounting Debug File System...
[    9.433131] systemd[1]: Created slice system-getty.slice.
[    9.446464] systemd[1]: Listening on /dev/initctl Compatibility Named Pipe.
[    9.484754] systemd[1]: Listening on Syslog Socket.
[   11.355228] systemd-journald[88]: Received request to flush runtime journal from PID 1
[   14.147432] leds-gpio leds: using DT '/leds/led2' for '(default)' GPIO lookup
[   14.147534] of_get_named_gpiod_flags: parsed 'gpios' property of node '/leds/led2[0]' - status (0)
[   14.147590] gpio gpiochip0: Persistence not supported for GPIO 21
[   14.147605] gpio-533 (?): no flags found for GPIO (default)
[   14.164426] leds-gpio leds: using DT '/leds/led3' for '(default)' GPIO lookup
