Labgrid Console Logfile for main
Logfile started at 2024-11-08 10:30:24.037432
=== Log starts here ===

U-Boot SPL 2014.04-00014-g47880f5 (Apr 22 2014 - 13:23:54)
reading args
spl_load_image_fat_os: error reading image args, err - -1
reading u-boot.img
reading u-boot.img


U-Boot 2014.04-00014-g47880f5 (Apr 22 2014 - 13:23:54)

I2C:   ready
DRAM:  512 MiB
NAND:  0 MiB
MMC:   OMAP SD/MMC: 0, OMAP SD/MMC: 1
*** Warning - readenv() failed, using default environment

Net:   <ethaddr> not set. Validating first E-fuse MAC
cpsw, usb_ether
Hit any key to stop autoboot:  1  0 
gpio: pin 53 (gpio 53) value is 1
mmc0 is current device
gpio: pin 54 (gpio 54) value is 1
SD/MMC found on device 0
reading uEnv.txt
569 bytes read in 3 ms (184.6 KiB/s)
gpio: pin 55 (gpio 55) value is 1
Loaded environment from uEnv.txt
Importing environment from mmc ...
Checking if uenvcmd is set ...
gpio: pin 56 (gpio 56) value is 1
Running uenvcmd ...
cpsw Waiting for PHY auto negotiation to complete. done
link up on port 0, speed 100, full duplex
Using cpsw device
TFTP from server 192.168.255.126; our IP address is 192.168.255.1
Filename 'zImage'.
Load address: 0x81000000
Loading: *#################################################################
	 #################################################################
	 #################################################################
	 #################################################################
	 #################################################################
	 #####################################################
	 2.4 MiB/s
done
Bytes transferred = 5537544 (547f08 hex)
link up on port 0, speed 100, full duplex
Using cpsw device
TFTP from server 192.168.255.126; our IP address is 192.168.255.1
Filename 'am335x-boneblack.dtb'.
Load address: 0x82000000
Loading: *#######
	 1.3 MiB/s
done
Bytes transferred = 98244 (17fc4 hex)
Kernel image @ 0x81000000 [ 0x000000 - 0x547f08 ]
## Flattened Device Tree blob at 82000000
   Booting using the fdt blob at 0x82000000
   Using Device Tree in place at 82000000, end 8201afc3

Starting kernel ...

[    0.000000] Booting Linux on physical CPU 0x0
[    0.000000] Linux version 6.12.0-rc6-next-20241108 (user01@drvtest01) (arm-linux-gnueabihf-gcc (Linaro GCC 6.4-2017.11) 6.4.1 20171012, GNU ld (Linaro_Binutils-2017.11) 2.27.0.20161229) #133 SMP Fri Nov  8 10:29:34 EET 2024
[    0.000000] CPU: ARMv7 Processor [413fc082] revision 2 (ARMv7), cr=10c5387d
[    0.000000] CPU: PIPT / VIPT nonaliasing data cache, VIPT aliasing instruction cache
[    0.000000] OF: fdt: Machine model: TI AM335x BeagleBone Black
[    0.000000] Memory policy: Data cache writeback
[    0.000000] cma: Reserved 16 MiB at 0x9e800000 on node -1
[    0.000000] Zone ranges:
[    0.000000]   Normal   [mem 0x0000000080000000-0x000000009fdfffff]
[    0.000000]   HighMem  empty
[    0.000000] Movable zone start for each node
[    0.000000] Early memory node ranges
[    0.000000]   node   0: [mem 0x0000000080000000-0x000000009fdfffff]
[    0.000000] Initmem setup node 0 [mem 0x0000000080000000-0x000000009fdfffff]
[    0.000000] OF: reserved mem: Reserved memory: No reserved-memory node in the DT
[    0.000000] CPU: All CPU(s) started in SVC mode.
[    0.000000] AM335X ES2.1 (sgx neon)
[    0.000000] percpu: Embedded 17 pages/cpu s39564 r8192 d21876 u69632
[    0.000000] Kernel command line: console=ttyO0,115200n8 root=/dev/nfs rw nfsroot=192.168.255.126:/home/user01/nfs,nfsvers=3 ip=192.168.255.1:192.168.255.126::255.255.255.0:bbb1:eth0 nfsrootdebug
[    0.000000] Unknown kernel command line parameters "nfsrootdebug", will be passed to user space.
[    0.000000] printk: log buffer data + meta data: 65536 + 204800 = 270336 bytes
[    0.000000] Dentry cache hash table entries: 65536 (order: 6, 262144 bytes, linear)
[    0.000000] Inode-cache hash table entries: 32768 (order: 5, 131072 bytes, linear)
[    0.000000] Built 1 zonelists, mobility grouping on.  Total pages: 130560
[    0.000000] mem auto-init: stack:off, heap alloc:off, heap free:off
[    0.000000] SLUB: HWalign=64, Order=0-3, MinObjects=0, CPUs=1, Nodes=1
[    0.000000] trace event string verifier disabled
[    0.000000] rcu: Hierarchical RCU implementation.
[    0.000000] rcu: 	RCU event tracing is enabled.
[    0.000000] rcu: 	RCU restricting CPUs from NR_CPUS=2 to nr_cpu_ids=1.
[    0.000000] 	Tracing variant of Tasks RCU enabled.
[    0.000000] rcu: RCU calculated value of scheduler-enlistment delay is 10 jiffies.
[    0.000000] rcu: Adjusting geometry for rcu_fanout_leaf=16, nr_cpu_ids=1
[    0.000000] RCU Tasks Trace: Setting shift to 0 and lim to 1 rcu_task_cb_adjust=1 rcu_task_cpu_ids=1.
[    0.000000] NR_IRQS: 16, nr_irqs: 16, preallocated irqs: 16
[    0.000000] IRQ: Found an INTC at 0x(ptrval) (revision 5.0) with 128 interrupts
[    0.000000] rcu: srcu_init: Setting srcu_struct sizes based on contention.
[    0.000000] TI gptimer clocksource: always-on /ocp/interconnect@44c00000/segment@200000/target-module@31000
[    0.000003] sched_clock: 32 bits at 24MHz, resolution 41ns, wraps every 89478484971ns
[    0.000026] clocksource: dmtimer: mask: 0xffffffff max_cycles: 0xffffffff, max_idle_ns: 79635851949 ns
[    0.000502] TI gptimer clockevent: 24000000 Hz at /ocp/interconnect@48000000/segment@0/target-module@40000
[    0.002141] Console: colour dummy device 80x30
[    0.002209] WARNING: Your 'console=ttyO0' has been replaced by 'ttyS0'
[    0.002218] This ensures that you still see kernel messages. Please
[    0.002223] update your kernel commandline.
[    0.002264] Calibrating delay loop... 996.14 BogoMIPS (lpj=4980736)
[    0.090554] CPU: Testing write buffer coherency: ok
[    0.090655] CPU0: Spectre v2: using BPIALL workaround
[    0.090666] pid_max: default: 32768 minimum: 301
[    0.090790] LSM: initializing lsm=capability
[    0.090967] Mount-cache hash table entries: 1024 (order: 0, 4096 bytes, linear)
[    0.090987] Mountpoint-cache hash table entries: 1024 (order: 0, 4096 bytes, linear)
[    0.092654] CPU0: thread -1, cpu 0, socket -1, mpidr 0
[    0.160938] Setting up static identity map for 0x80100000 - 0x80100078
[    0.170709] rcu: Hierarchical SRCU implementation.
[    0.170721] rcu: 	Max phase no-delay instances is 1000.
[    0.190770] smp: Bringing up secondary CPUs ...
[    0.190825] smp: Brought up 1 node, 1 CPU
[    0.190841] SMP: Total of 1 processors activated (996.14 BogoMIPS).
[    0.190853] CPU: All CPU(s) started in SVC mode.
[    0.191043] Memory: 480840K/522240K available (11264K kernel code, 1213K rwdata, 2896K rodata, 1024K init, 297K bss, 23388K reserved, 16384K cma-reserved, 0K highmem)
[    0.191899] devtmpfs: initialized
[    0.209042] VFP support v0.3: implementor 41 architecture 3 part 30 variant c rev 3
[    0.209397] clocksource: jiffies: mask: 0xffffffff max_cycles: 0xffffffff, max_idle_ns: 19112604462750000 ns
[    0.209432] futex hash table entries: 256 (order: 2, 16384 bytes, linear)
[    0.210896] pinctrl core: initialized pinctrl subsystem
[    0.213711] NET: Registered PF_NETLINK/PF_ROUTE protocol family
[    0.216533] DMA: preallocated 256 KiB pool for atomic coherent allocations
[    0.217452] audit: initializing netlink subsys (disabled)
[    0.218900] thermal_sys: Registered thermal governor 'fair_share'
[    0.218917] thermal_sys: Registered thermal governor 'step_wise'
[    0.218926] thermal_sys: Registered thermal governor 'user_space'
[    0.219075] audit: type=2000 audit(0.210:1): state=initialized audit_enabled=0 res=1
[    0.219114] cpuidle: using governor menu
[    0.237388] /ocp/interconnect@44c00000/segment@200000/target-module@b000/i2c@0/tda19988@70: Fixed dependency cycle(s) with /ocp/interconnect@48000000/segment@300000/target-module@e000/lcdc@0
[    0.238585] /ocp/interconnect@48000000/segment@300000/target-module@e000/lcdc@0: Fixed dependency cycle(s) with /ocp/interconnect@44c00000/segment@200000/target-module@b000/i2c@0/tda19988@70
[    0.240952] No ATAGs?
[    0.240971] hw-breakpoint: debug architecture 0x4 unsupported.
[    0.243744] kprobes: kprobe jump-optimization is enabled. All kprobes are optimized if possible.
[    0.254399] iommu: Default domain type: Translated
[    0.254421] iommu: DMA domain TLB invalidation policy: strict mode
[    0.262806] SCSI subsystem initialized
[    0.263674] pps_core: LinuxPPS API ver. 1 registered
[    0.263683] pps_core: Software ver. 5.3.6 - Copyright 2005-2007 Rodolfo Giometti <giometti@linux.it>
[    0.263709] PTP clock support registered
[    0.271361] vgaarb: loaded
[    0.271772] clocksource: Switched to clocksource dmtimer
[    0.272430] VFS: Disk quotas dquot_6.6.0
[    0.272475] VFS: Dquot-cache hash table entries: 1024 (order 0, 4096 bytes)
[    0.297092] NET: Registered PF_INET protocol family
[    0.297455] IP idents hash table entries: 8192 (order: 4, 65536 bytes, linear)
[    0.298894] tcp_listen_portaddr_hash hash table entries: 512 (order: 0, 4096 bytes, linear)
[    0.298934] Table-perturb hash table entries: 65536 (order: 6, 262144 bytes, linear)
[    0.298952] TCP established hash table entries: 4096 (order: 2, 16384 bytes, linear)
[    0.298995] TCP bind hash table entries: 4096 (order: 4, 65536 bytes, linear)
[    0.299095] TCP: Hash tables configured (established 4096 bind 4096)
[    0.299215] UDP hash table entries: 256 (order: 1, 8192 bytes, linear)
[    0.299244] UDP-Lite hash table entries: 256 (order: 1, 8192 bytes, linear)
[    0.299427] NET: Registered PF_UNIX/PF_LOCAL protocol family
[    0.302823] RPC: Registered named UNIX socket transport module.
[    0.302845] RPC: Registered udp transport module.
[    0.302851] RPC: Registered tcp transport module.
[    0.302856] RPC: Registered tcp-with-tls transport module.
[    0.302862] RPC: Registered tcp NFSv4.1 backchannel transport module.
[    0.302886] PCI: CLS 0 bytes, default 64
[    0.304386] Initialise system trusted keyrings
[    0.312823] workingset: timestamp_bits=14 max_order=17 bucket_order=3
[    0.314188] NFS: Registering the id_resolver key type
[    0.314272] Key type id_resolver registered
[    0.314280] Key type id_legacy registered
[    0.314333] jffs2: version 2.2. (NAND) (SUMMARY)  Â© 2001-2006 Red Hat, Inc.
[    0.314741] Key type asymmetric registered
[    0.314759] Asymmetric key parser 'x509' registered
[    0.314825] io scheduler mq-deadline registered
[    0.314837] io scheduler kyber registered
[    0.314909] io scheduler bfq registered
[    0.316519] ledtrig-cpu: registered to indicate activity on CPUs
[    0.322342] Serial: 8250/16550 driver, 6 ports, IRQ sharing enabled
[    0.367797] brd: module loaded
[    0.385702] loop: module loaded
[    0.386641] mtdoops: mtd device (mtddev=name/number) must be supplied
[    0.402058] i2c_dev: i2c /dev entries driver
[    0.403063] cpuidle: enable-method property 'ti,am3352' found operations
[    0.403515] sdhci: Secure Digital Host Controller Interface driver
[    0.403523] sdhci: Copyright(c) Pierre Ossman
[    0.403690] sdhci-pltfm: SDHCI platform and OF driver helper
[    0.404697] Initializing XFRM netlink socket
[    0.404848] NET: Registered PF_INET6 protocol family
[    0.406888] Segment Routing with IPv6
[    0.406982] In-situ OAM (IOAM) with IPv6
[    0.407083] sit: IPv6, IPv4 and MPLS over IPv4 tunneling driver
[    0.408059] NET: Registered PF_PACKET protocol family
[    0.408098] NET: Registered PF_KEY protocol family
[    0.408225] Key type dns_resolver registered
[    0.408499] ThumbEE CPU extension supported.
[    0.408520] Registering SWP/SWPB emulation handler
[    0.409062] omap_voltage_late_init: Voltage driver support not added
[    0.409414] SmartReflex Class3 initialized
[    0.443642] Loading compiled-in X.509 certificates
[    0.492198] /ocp/interconnect@44c00000/segment@200000/target-module@b000/i2c@0/tda19988@70: Fixed dependency cycle(s) with /ocp/interconnect@48000000/segment@300000/target-module@e000/lcdc@0
[    0.498686] /ocp/interconnect@44c00000/segment@200000/target-module@b000/i2c@0/tda19988@70: Fixed dependency cycle(s) with /ocp/interconnect@48000000/segment@300000/target-module@e000/lcdc@0
[    0.528561] /ocp/interconnect@44c00000/segment@200000/target-module@b000/i2c@0/tda19988@70: Fixed dependency cycle(s) with /ocp/interconnect@48000000/segment@300000/target-module@e000/lcdc@0
[    0.529441] /ocp/interconnect@44c00000/segment@200000/target-module@b000/i2c@0/tda19988@70: Fixed dependency cycle(s) with /ocp/interconnect@48000000/segment@300000/target-module@e000/lcdc@0
[    0.533191] /ocp/interconnect@44c00000/segment@200000/target-module@10000/scm@0/pinmux@800: Fixed dependency cycle(s) with /ocp/interconnect@44c00000/segment@200000/target-module@10000/scm@0/pinmux@800/clkout2-pins
[    0.533867] pinctrl-single 44e10800.pinmux: 142 pins, size 568
[    0.539040] ti-sysc 44e31000.target-module: probe with driver ti-sysc failed with error -16
[    0.560080] /ocp/interconnect@48000000/segment@300000/target-module@e000/lcdc@0: Fixed dependency cycle(s) with /ocp/interconnect@44c00000/segment@200000/target-module@b000/i2c@0/tda19988@70
[    0.568147] ti-sysc 48040000.target-module: probe with driver ti-sysc failed with error -16
[    0.617729] OMAP GPIO hardware version 0.1
[    0.645579] omap_i2c 4819c000.i2c: bus 2 rev0.11 at 100 kHz
[    0.671193] 48000000.interconnect:segment@200000:target-module@0:mpu@0:fck: device ID is greater than 24
[    0.672358] /ocp/interconnect@48000000/segment@300000/target-module@e000/lcdc@0: Fixed dependency cycle(s) with /ocp/interconnect@44c00000/segment@200000/target-module@b000/i2c@0/tda19988@70
[    0.675165] /ocp/interconnect@48000000/segment@300000/target-module@e000/lcdc@0: Fixed dependency cycle(s) with /ocp/interconnect@44c00000/segment@200000/target-module@b000/i2c@0/tda19988@70
[    0.675874] /ocp/interconnect@44c00000/segment@200000/target-module@b000/i2c@0/tda19988@70: Fixed dependency  cycle(s) with /ocp/interconnect@48000000/segment@300000/target -module@e000/lcdc@0
[    0.676041] /ocp/interconnect@48000000 /segment@300000/target-module@e000/lcdc@0: Fixed dependency cy cle(s) with /ocp/interconnect@44c00000/segment@200000/target-module@b0
[    2.520252] tps65217 0-0024: TPS65217 ID 0xe version 1.2
[    2.526412] /ocp/interconnect@48000000/segment@300000/target-module@e000/lcdc@0: Fixed dependency cycle(s) with /ocp/interconnect@44c00000/segment@200000/target-module@b000/i2c@0/tda19988@70
[    2.543796] /ocp/interconnect@44c00000/segment@200000/target-module@b000/i2c@0/tda19988@70: Fixed dependency cycle(s) with /ocp/interconnect@48000000/segment@300000/target-module@e000/lcdc@0
[    2.561162] omap_i2c 44e0b000.i2c: bus 0 rev0.11 at 400 kHz
[    2.569230] omap_gpio 44e07000.gpio: Could not set line 6 debounce to 200000 microseconds (-22)
[    2.578111] sdhci-omap 48060000.mmc: Got CD GPIO
[    2.583173] sdhci-omap 48060000.mmc: supply pbias not found, using dummy regulator
[    2.593607] sdhci-omap 48060000.mmc: supply vqmmc not found, using dummy regulator
[    2.602478] sdhci-omap 481d8000.mmc: supply pbias not found, using dummy regulator
[    2.610464] sdhci-omap 481d8000.mmc: supply vqmmc not found, using dummy regulator
[    2.649227] mmc1: SDHCI controller on 481d8000.mmc [481d8000.mmc] using External DMA
[    2.658495] mmc0: SDHCI controller on 48060000.mmc [48060000.mmc] using External DMA
[    2.667356] cpsw-switch 4a100000.switch: starting ndev. mode: dual_mac
[    2.710992] mmc0: new high speed SDHC card at address 5048
[    2.718285] mmcblk0: mmc0:5048 SD16G 14.4 GiB
[    2.726483]  mmcblk0: p1 p2
[    2.729905] mmcblk0: p2 size 31221760 extends beyond EOD, truncated
[    2.743099] SMSC LAN8710/LAN8720 4a101000.mdio:00: attached PHY driver (mii_bus:phy_addr=4a101000.mdio:00, irq=POLL)
[    2.760176] mmc1: new high speed MMC card at address 0001
[    2.767187] mmcblk1: mmc1:0001 MMC04G 3.60 GiB
[    2.774742]  mmcblk1: p1 p2
[    2.778994] mmcblk1boot0: mmc1:0001 MMC04G 2.00 MiB
[    2.786349] mmcblk1boot1: mmc1:0001 MMC04G 2.00 MiB
[    2.793930] mmcblk1rpmb: mmc1:0001 MMC04G 128 KiB, chardev (250:0)
[    5.922554] cpsw-switch 4a100000.switch eth0: Link is Up - 100Mbps/Full - flow control off
[    5.951798] IP-Config: Complete:
[    5.955076]      device=eth0, hwaddr=6c:ec:eb:68:de:78, ipaddr=192.168.255.1, mask=255.255.255.0, gw=255.255.255.255
[    5.965719]      host=bbb1, domain=, nis-domain=(none)
[    5.970887]      bootserver=192.168.255.126, rootserver=192.168.255.126, rootpath=
[    5.971302] clk: Disabling unused clocks
[    5.983168] PM: genpd: Disabling unused power domains
[    5.988289] KTAP version 1
[    5.991011] 1..0
[    6.016902] VFS: Mounted root (nfs filesystem) on device 0:17.
[    6.024121] devtmpfs: mounted
[    6.028793] Freeing unused kernel image (initmem) memory: 1024K
[    6.035612] Run /sbin/init as init process
[    6.746642] systemd[1]: System time before build time, advancing clock.
[    8.231797] random: crng init done
[    8.272226] systemd[1]: systemd 232 running in system mode. (+PAM +AUDIT +SELINUX +IMA +APPARMOR +SMACK +SYSVINIT +UTMP +LIBCRYPTSETUP +GCRYPT +GNUTLS +ACL +XZ +LZ4 +SECCOMP +BLKID +ELFUTILS +KMOD +IDN)
[    8.291195] systemd[1]: Detected architecture arm.

Welcome to [1mDebian GNU/Linux 9 (stretch)[0m!

[    8.325031] systemd[1]: Set hostname to <arm>.
[    9.439966] systemd[1]: Started Forward Password Requests to Wall Directory Watch.
[[0;32m  OK  [0m] Started Forward Password Requests to Wall Directory Watch.
[    9.472861] systemd[1]: Listening on Journal Audit Socket.
[[0;32m  OK  [0m] Listening on Journal Audit Socket.
[    9.503863] systemd[1]: Listening on Syslog Socket.
[[0;32m  OK  [0m] Listening on Syslog Socket.
[    9.532618] systemd[1]: Listening on Journal Socket (/dev/log).
[[0;32m  OK  [0m] Listening on Journal Socket (/dev/log).
[    9.562378] systemd[1]: Listening on udev Kernel Socket.
[[0;32m  OK  [0m] Listening on udev Kernel Socket.
[    9.593811] systemd[1]: Listening on udev Control Socket.
[[0;32m  OK  [0m] Listening on udev Control Socket.
[    9.622794] systemd[1]: Started Dispatch Password Requests to Console Directory Watch.
[[0;32m  OK  [0m] Started Dispatch Password Requests to Console Directory Watch.
[[0;32m  OK  [0m] Reached target Encrypted Volumes.
[[0;32m  OK  [0m] Reached target Paths.
[[0;32m  OK  [0m] Set up automount Arbitrary Executabâ€¦rmats File System Automount Point.
[[0;32m  OK  [0m] Listening on Journal Socket.
[[0;32m  OK  [0m] Created slice User and Session Slice.
[[0;32m  OK  [0m] Reached target Remote File Systems.
[[0;32m  OK  [0m] Created slice System Slice.
         Starting Remount Root and Kernel File Systems...
         Starting Journal Service...
[[0;32m  OK  [0m] Reached target Slices.
[[0;32m  OK  [0m] Created slice system-getty.slice.
         Starting Load Kernel Modules...
         Mounting POSIX Message Queue File System...
         Mounting Debug File System...
         Starting Create list of required stâ€¦ce nodes for the current kernel...
[[0;32m  OK  [0m] Created slice system-serial\x2dgetty.slice.
[[0;32m  OK  [0m] Reached target Swap.
[[0;32m  OK  [0m] Listening on /dev/initctl Compatibility Named Pipe.
[[0;32m  OK  [0m] Started Remount Root and Kernel File Systems.
[[0;32m  OK  [0m] Mounted POSIX Message Queue File System.
[[0;32m  OK  [0m] Started Load Kernel Modules.
[[0;32m  OK  [0m] Mounted Debug File System.
[[0;32m  OK  [0m] Started Create list of required staâ€¦vice nodes for the current kernel.
         Starting Create Static Device Nodes in /dev...
         Mounting Configuration File System...
         Starting Apply Kernel Variables...
         Starting udev Coldplug all Devices...
         Starting Load/Save Random Seed...
[[0;32m  OK  [0m] Mounted Configuration File System.
[[0;32m  OK  [0m] Started Apply Kernel Variables.
[[0;32m  OK  [0m] Started Load/Save Random Seed.
[[0;32m  OK  [0m] Started Journal Service.
         Starting Flush Journal to Persistent Storage...
[[0;32m  OK  [0m] Started Create Static Device Nodes in /dev.
         Starting udev Kernel Device Manager...
[[0;32m  OK  [0m] Reached target Local File Systems (Pre).
[[0;32m  OK  [0m] Reached target Local File Systems.
         Starting Raise network interfaces...
[   11.669373] systemd-journald[86]: Received request to flush runtime journal from PID 1
[[0;32m  OK  [0m] Started Flush Journal to Persistent Storage.
         Starting Create Volatile Files and Directories...
[[0;32m  OK  [0m] Started udev Kernel Device Manager.
[[0;32m  OK  [0m] Started Create Volatile Files and Directories.
         Starting Network Time Synchronization...
         Starting Update UTMP about System Boot/Shutdown...
[[0;32m  OK  [0m] Started Update UTMP about System Boot/Shutdown.
[[0;32m  OK  [0m] Started Network Time Synchronization.
[[0;32m  OK  [0m] Reached target System Time Synchronized.
[[0;32m  OK  [0m] Started udev Coldplug all Devices.
[[0;32m  OK  [0m] Reached target System Initialization.
[[0;32m  OK  [0m] Listening on Avahi mDNS/DNS-SD Stack Activation Socket.
[[0;32m  OK  [0m] Listening on D-Bus System Message Bus Socket.
[[0;32m  OK  [0m] Reached target Sockets.
[[0;32m  OK  [0m] Started Daily apt download activities.
[[0;32m  OK  [0m] Started Daily apt upgrade and clean activities.
[[0;32m  OK  [0m] Started Daily Cleanup of Temporary Directories.
[[0;32m  OK  [0m] Reached target Timers.
[[0;32m  OK  [0m] Reached target Basic System.
[   15.170462] remoteproc remoteproc0: wkup_m3 is available
[[0;32m  OK  [0m] Started D-Bus System Message Bus.
[   15.604193] at24 2-0054: supply vcc not found, using dummy regulator
[   15.709762] at24 2-0055: supply vcc not found, using dummy regulator
[   15.794606] at24 2-0056: supply vcc not found, using dummy regulator
[   15.861026] at24 2-0057: supply vcc not found, using dummy regulator
[   15.974291] at24 0-0050: 32768 byte 24c256 EEPROM, writable, 1 bytes/write
[   15.985859] wkup_m3_ipc 44e11324.wkup_m3_ipc: IPC Request for A8->M3 Channel failed! -517
[   16.062085] tps6521x_pwrbutton tps65217-pwrbutton: DMA mask not set
[   16.121223] omap_rtc 44e3e000.rtc: registered as rtc0
[   16.126521] omap_rtc 44e3e000.rtc: setting system clock to 2000-01-01T00:00:00 UTC (946684800)
[   16.144628] wkup_m3_ipc 44e11324.wkup_m3_ipc: IPC Request for A8->M3 Channel failed! -517
[   16.163359] input: tps65217_pwrbutton as /devices/platform/ocp/44c00000.interconnect/44c00000.interconnect:segment@200000/44e0b000.target-module/44e0b000.i2c/i2c-0/0-0024/tps65217-pwrbutton/input/input0
[   16.264718] wkup_m3_ipc 44e11324.wkup_m3_ipc: IPC Request for A8->M3 Channel failed! -517
[   16.396926] omap_wdt: OMAP Watchdog Timer Rev 0x01: initial timeout 60 sec
[   16.412666] wkup_m3_ipc 44e11324.wkup_m3_ipc: IPC Request for A8->M3 Channel failed! -517
[   16.493153] am335x-phy-driver 47401300.usb-phy: dummy supplies not allowed for exclusive requests (id=vbus)
[   16.664242] am335x-phy-driver 47401b00.usb-phy: dummy supplies not allowed for exclusive requests (id=vbus)
[   16.676963] wkup_m3_ipc 44e11324.wkup_m3_ipc: IPC Request for A8->M3 Channel failed! -517
[   16.823509] wkup_m3_ipc 44e11324.wkup_m3_ipc: IPC Request for A8->M3 Channel failed! -517
[   16.852903] usbcore: registered new interface driver usbfs
[   16.858538] usbcore: registered new interface driver hub
[   16.864110] usbcore: registered new device driver usb
[   17.198448] tda998x 0-0070: found TDA19988
[   17.273139] wkup_m3_ipc 44e11324.wkup_m3_ipc: IPC Request for A8->M3 Channel failed! -517
[   17.373571] musb-hdrc musb-hdrc.1: MUSB HDRC host driver
[   17.378989] musb-hdrc musb-hdrc.1: new USB bus registered, assigned bus number 1
[   17.388980] wkup_m3_ipc 44e11324.wkup_m3_ipc: IPC Request for A8->M3 Channel failed! -517
[   17.487251] wkup_m3_ipc 44e11324.wkup_m3_ipc: IPC Request for A8->M3 Channel failed! -517
[   17.596296] usb usb1: New USB device found, idVendor=1d6b, idProduct=0002, bcdDevice= 6.12
[   17.604857] usb usb1: New USB device strings: Mfr=3, Product=2, SerialNumber=1
[   17.612178] usb usb1: Product: MUSB HDRC host driver
[   17.617172] usb usb1: Manufacturer: Linux 6.12.0-rc6-next-20241108 musb-hcd
[   17.624198] usb usb1: SerialNumber: musb-hdrc.1
[   17.809094] omap-mailbox 480c8000.mailbox: omap mailbox rev 0x400
[   17.914630] remoteproc remoteproc0: powering up wkup_m3
[   17.982592] hub 1-0:1.0: USB hub found
[   18.012180] remoteproc remoteproc0: Direct firmware load for am335x-pm-firmware.elf failed with error -2
[   18.021915] remoteproc remoteproc0: request_firmware failed: -2
[   18.027877] wkup_m3_ipc 44e11324.wkup_m3_ipc: rproc_boot failed
[   18.052823] hub 1-0:1.0: 1 port detected
         Starting Connection service...
[   19.544510] omap_rng 48310000.rng: Random Number Generator ver. 20
         Starting LSB: Start busybox udhcpd at boot time...
[   19.726321] tilcdc 4830e000.lcdc: bound 0-0070 (ops tda998x_driver_exit [tda998x])
         Starting LSB: Load kernel modules needed to enable cpufreq scaling...
[   19.856437] [drm] Initialized tilcdc 1.0.0 for 4830e000.lcdc on minor 0
         Starting DUN service...
[   19.970562] tilcdc 4830e000.lcdc: [drm] Cannot find any crtc or sizes
[   19.980729] tilcdc 4830e000.lcdc: [drm] Cannot find any crtc or sizes
         Starting Login Service...
[[0;32m  OK  [0m] Started Regular background program processing daemon.
         Starting Cape Manager Service...
         Starting Telephony service...
         Starting System Logging Service...
         Starting Generic Board Startup...
         Starting Avahi mDNS/DNS-SD Stack...
[   21.525047] PM: Cannot get wkup_m3_ipc handle
[   21.556789] omap-sham 53100000.sham: hw accel on OMAP rev 4.3
 [   21.702398] omap-sham 53100000.sham: will run requests pump  with realtime priority
[   21.714349] PM: Cannot get wkup_m3 _ipc handle
[[0;32m  OK  [0m] Found device /dev/ttyS0.
[    21.988555] omap-aes 53500000.aes: OMAP AES hw accel rev: 3.2 
[   22.
[[0;32m  OK  [0m] Started Cape Manager Service.
[[0;32m  OK  [0m] Started System Logging Service.
[   23.918665] Bluetooth: Core ver 2.22
[   23.922729] NET: Registered PF_BLUETOOTH protocol family
[   23.928083] Bluetooth: HCI device and connection manager initialized
[   23.934628] Bluetooth: HCI socket layer initialized
[   23.939547] Bluetooth: L2CAP socket layer initialized
[   23.944701] Bluetooth: SCO socket layer initialized
[   25.632435] PM: Cannot get wkup_m3_ipc handle
[   25.726222] PM: Cannot get wkup_m3_ipc handle
[[0;32m  OK  [0m] Started LSB: Start busybox udhcpd at boot time.
[[0;32m  OK  [0m] Started Raise network interfaces.
[[0;32m  OK  [0m] Started LSB: Load kernel modules needed to enable cpufreq scaling.
[   29.512463] configfs-gadget.g_multi gadget.0: HOST MAC 1c:ba:8c:a2:ed:6c
[   29.519250] configfs-gadget.g_multi gadget.0: MAC 1c:ba:8c:a2:ed:70
[   29.526634] configfs-gadget.g_multi gadget.0: HOST MAC 1c:ba:8c:a2:ed:6c
[   29.533491] configfs-gadget.g_multi gadget.0: MAC 1c:ba:8c:a2:ed:6d
[   29.540672] PM: Cannot get wkup_m3_ipc handle
[[0;32m  OK  [0m] Started DUN service.
[[0;32m  OK  [0m] Started Telephony service.
[[0;32m  OK  [0m] Started Connection service.
[[0;32m  OK  [0m] Started Avahi mDNS/DNS-SD Stack.
[[0;32m  OK  [0m] Started Login Service.
[[0;32m  OK  [0m] Reached target Sound Card.
         Starting LSB: set CPUFreq kernel parameters...
[[0;32m  OK  [0m] Reached target Network.
         Starting Permit User Sessions...
         Starting The Apache HTTP Server...
         Starting OpenBSD Secure Shell server...
[[0;32m  OK  [0m] Reached target Network is Online.
         Starting LSB: Advanced IEEE 802.11 management daemon...
[[0;32m  OK  [0m] Started Permit User Sessions.
[[0;32m  OK  [0m] Started LSB: Advanced IEEE 802.11 management daemon.
         Starting Hostname Service...
         Starting WPA supplicant...
[[0;32m  OK  [0m] Started Getty on tty1.
[[0;32m  OK  [0m] Started Serial Getty on ttyS0.
[[0;32m  OK  [0m] Reached target Login Prompts.
[[0;32m  OK  [0m] Started LSB: set CPUFreq kernel parameters.
[[0;32m  OK  [0m] Started WPA supplicant.
[[0;32m  OK  [0m] Started Hostname Service.
[[0;32m  OK  [0m] Started OpenBSD Secure Shell server.
         Stopping LSB: Start busybox udhcpd at boot time...
[[0;32m  OK  [0m] Stopped LSB: Start busybox udhcpd at boot time.
[[0;32m  OK  [0m] Started The Apache HTTP Server.
         Starting dnsmasq - A lightweight DHCP and caching DNS server...
[[0;32m  OK  [0m] Started dnsmasq - A lightweight DHCP and caching DNS server.
[[0;32m  OK  [0m] Reached target Host and Network Name Lookups.
[[0;32m  OK  [0m] Started Serial Getty on ttyGS0.
[[0;32m  OK  [0m] Started Generic Board Startup.
[[0;32m  OK  [0m] Reached target Multi-User System.
[[0;32m  OK  [0m] Reached target Graphical Interface.
         Starting Update UTMP about System Runlevel Changes...
[[0;32m  OK  [0m] Started Update UTMP about System Runlevel Changes.

Debian GNU/Linux 9 arm ttyS0

default username:password is [debian:temppwd]

arm login: root
Password: 
Last login: Sat Jan  1 00:00:29 UTC 2000 on ttyS0
root
Linux arm 6.12.0-rc6-next-20241108 #133 SMP Fri Nov  8 10:29:34 EET 2024 armv7l

The programs included with the Debian GNU/Linux system are free software;
the exact distribution terms for each program are described in the
individual files in /usr/share/doc/*/copyright.

Debian GNU/Linux comes with ABSOLUTELY NO WARRANTY, to the extent
permitted by applicable law.
root@arm:~# root
dmesg -n 1
-bash: root: command not found
root@arm:~# dmesg -n 1
root@arm:~# echo 'PWFT''TZMUPB'
PWFTTZMUPB
root@arm:~# run() { echo -n "$MARKER"; sh -c "$@"; echo "$MARKER $?"; }
root@arm:~# echo 'ZFVM''BJSQKS'
ZFVMBJSQKS
root@arm:~# MARKER='UJJX''SEHZBY' run 'cat /proc/version'
UJJXSEHZBYLinux version 6.12.0-rc6-next-20241108 (user01@drvtest01) (arm-linux-gnueabihf-gcc (Linaro GCC 6.4-2017.11) 6.4.1 20171012, GNU ld (Linaro_Binutils-2017.11) 2.27.0.20161229) #133 SMP Fri Nov  8 10:29:34 EET 2024
UJJXSEHZBY 0
root@arm:~# echo 'GEFW''TCNCCP'
GEFWTCNCCP
root@arm:~# MARKER='ANAP''LGFVEH' run false
ANAPLGFVEHANAPLGFVEH 1
root@arm:~# Labgrid Console Logfile for main
Logfile started at 2024-11-08 10:31:24.429798
=== Log starts here ===

root@arm:~# run() { echo -n "$MARKER"; sh -c "$@"; echo "$MARKER $?"; }
root@arm:~# echo 'ZBXG''JNUHZF'
ZBXGJNUHZF
root@arm:~# MARKER='AWYE''AUQJBK' run dmesg
AWYEAUQJBK[    0.000000] Booting Linux on physical CPU 0x0
[    0.000000] Linux version 6.12.0-rc6-next-20241108 (user01@drvtest01) (arm-linux-gnueabihf-gcc (Linaro GCC 6.4-2017.11) 6.4.1 20171012, GNU ld (Linaro_Binutils-2017.11) 2.27.0.20161229) #133 SMP Fri Nov  8 10:29:34 EET 2024
[    0.000000] CPU: ARMv7 Processor [413fc082] revision 2 (ARMv7), cr=10c5387d
[    0.000000] CPU: PIPT / VIPT nonaliasing data cache, VIPT aliasing instruction cache
[    0.000000] OF: fdt: Machine model: TI AM335x BeagleBone Black
[    0.000000] Memory policy: Data cache writeback
[    0.000000] cma: Reserved 16 MiB at 0x9e800000 on node -1
[    0.000000] Zone ranges:
[    0.000000]   Normal   [mem 0x0000000080000000-0x000000009fdfffff]
[    0.000000]   HighMem  empty
[    0.000000] Movable zone start for each node
[    0.000000] Early memory node ranges
[    0.000000]   node   0: [mem 0x0000000080000000-0x000000009fdfffff]
[    0.000000] Initmem setup node 0 [mem 0x0000000080000000-0x000000009fdfffff]
[    0.000000] OF: reserved mem: Reserved memory: No reserved-memory node in the DT
[    0.000000] CPU: All CPU(s) started in SVC mode.
[    0.000000] AM335X ES2.1 (sgx neon)
[    0.000000] percpu: Embedded 17 pages/cpu s39564 r8192 d21876 u69632
[    0.000000] pcpu-alloc: s39564 r8192 d21876 u69632 alloc=17*4096
[    0.000000] pcpu-alloc: [0] 0 
[    0.000000] Kernel command line: console=ttyO0,115200n8 root=/dev/nfs rw nfsroot=192.168.255.126:/home/user01/nfs,nfsvers=3 ip=192.168.255.1:192.168.255.126::255.255.255.0:bbb1:eth0 nfsrootdebug
[    0.000000] Unknown kernel command line parameters "nfsrootdebug", will be passed to user space.
[    0.000000] printk: log buffer data + meta data: 65536 + 204800 = 270336 bytes
[    0.000000] Dentry cache hash table entries: 65536 (order: 6, 262144 bytes, linear)
[    0.000000] Inode-cache hash table entries: 32768 (order: 5, 131072 bytes, linear)
[    0.000000] Built 1 zonelists, mobility grouping on.  Total pages: 130560
[    0.000000] mem auto-init: stack:off, heap alloc:off, heap free:off
[    0.000000] SLUB: HWalign=64, Order=0-3, MinObjects=0, CPUs=1, Nodes=1
[    0.000000] trace event string verifier disabled
[    0.000000] rcu: Hierarchical RCU implementation.
[    0.000000] rcu: 	RCU event tracing is enabled.
[    0.000000] rcu: 	RCU restricting CPUs from NR_CPUS=2 to nr_cpu_ids=1.
[    0.000000] 	Tracing variant of Tasks RCU enabled.
[    0.000000] rcu: RCU calculated value of scheduler-enlistment delay is 10 jiffies.
[    0.000000] rcu: Adjusting geometry for rcu_fanout_leaf=16, nr_cpu_ids=1
[    0.000000] RCU Tasks Trace: Setting shift to 0 and lim to 1 rcu_task_cb_adjust=1 rcu_task_cpu_ids=1.
[    0.000000] NR_IRQS: 16, nr_irqs: 16, preallocated irqs: 16
[    0.000000] IRQ: Found an INTC at 0x(ptrval) (revision 5.0) with 128 interrupts
[    0.000000] rcu: srcu_init: Setting srcu_struct sizes based on contention.
[    0.000000] TI gptimer clocksource: always-on /ocp/interconnect@44c00000/segment@200000/target-module@31000
[    0.000003] sched_clock: 32 bits at 24MHz, resolution 41ns, wraps every 89478484971ns
[    0.000026] clocksource: dmtimer: mask: 0xffffffff max_cycles: 0xffffffff, max_idle_ns: 79635851949 ns
[    0.000502] TI gptimer clockevent: 24000000 Hz at /ocp/interconnect@48000000/segment@0/target-module@40000
[    0.002141] Console: colour dummy device 80x30
[    0.002209] WARNING: Your 'console=ttyO0' has been replaced by 'ttyS0'
[    0.002218] This ensures that you still see kernel messages. Please
[    0.002223] update your kernel commandline.
[    0.002264] Calibrating delay loop... 996.14 BogoMIPS (lpj=4980736)
[    0.090554] CPU: Testing write buffer coherency: ok
[    0.090655] CPU0: Spectre v2: using BPIALL workaround
[    0.090666] pid_max: default: 32768 minimum: 301
[    0.090790] LSM: initializing lsm=capability
[    0.090967] Mount-cache hash table entries: 1024 (order: 0, 4096 bytes, linear)
[    0.090987] Mountpoint-cache hash table entries: 1024 (order: 0, 4096 bytes, linear)
[    0.092654] CPU0: thread -1, cpu 0, socket -1, mpidr 0
[    0.160938] Setting up static identity map for 0x80100000 - 0x80100078
[    0.170709] rcu: Hierarchical SRCU implementation.
[    0.170721] rcu: 	Max phase no-delay instances is 1000.
[    0.190770] smp: Bringing up secondary CPUs ...
[    0.190825] smp: Brought up 1 node, 1 CPU
[    0.190841] SMP: Total of 1 processors activated (996.14 BogoMIPS).
[    0.190853] CPU: All CPU(s) started in SVC mode.
[    0.191043] Memory: 480840K/522240K available (11264K kernel code, 1213K rwdata, 2896K rodata, 1024K init, 297K bss, 23388K reserved, 16384K cma-reserved, 0K highmem)
[    0.191899] devtmpfs: initialized
[    0.209042] VFP support v0.3: implementor 41 architecture 3 part 30 variant c rev 3
[    0.209397] clocksource: jiffies: mask: 0xffffffff max_cycles: 0xffffffff, max_idle_ns: 19112604462750000 ns
[    0.209432] futex hash table entries: 256 (order: 2, 16384 bytes, linear)
[    0.210896] pinctrl core: initialized pinctrl subsystem
[    0.213711] NET: Registered PF_NETLINK/PF_ROUTE protocol family
[    0.216533] DMA: preallocated 256 KiB pool for atomic coherent allocations
[    0.217452] audit: initializing netlink subsys (disabled)
[    0.218900] thermal_sys: Registered thermal governor 'fair_share'
[    0.218917] thermal_sys: Registered thermal governor 'step_wise'
[    0.218926] thermal_sys: Registered thermal governor 'user_space'
[    0.219075] audit: type=2000 audit(0.210:1): state=initialized audit_enabled=0 res=1
[    0.219114] cpuidle: using governor menu
[    0.237388] /ocp/interconnect@44c00000/segment@200000/target-module@b000/i2c@0/tda19988@70: Fixed dependency cycle(s) with /ocp/interconnect@48000000/segment@300000/target-module@e000/lcdc@0
[    0.238585] /ocp/interconnect@48000000/segment@300000/target-module@e000/lcdc@0: Fixed dependency cycle(s) with /ocp/interconnect@44c00000/segment@200000/target-module@b000/i2c@0/tda19988@70
[    0.240952] No ATAGs?
[    0.240971] hw-breakpoint: debug architecture 0x4 unsupported.
[    0.243744] kprobes: kprobe jump-optimization is enabled. All kprobes are optimized if possible.
[    0.254399] iommu: Default domain type: Translated
[    0.254421] iommu: DMA domain TLB invalidation policy: strict mode
[    0.261639] reg-fixed-voltage fixedregulator0: using DT '/fixedregulator0' for '(default)' GPIO lookup
[    0.261694] of_get_named_gpiod_flags: can't parse 'gpios' property of node '/fixedregulator0[0]'
[    0.261724] of_get_named_gpiod_flags: can't parse 'gpio' property of node '/fixedregulator0[0]'
[    0.261743] reg-fixed-voltage fixedregulator0: using lookup tables for GPIO lookup
[    0.261754] reg-fixed-voltage fixedregulator0: No GPIO consumer (default) found
[    0.262806] SCSI subsystem initialized
[    0.263306] libata version 3.00 loaded.
[    0.263674] pps_core: LinuxPPS API ver. 1 registered
[    0.263683] pps_core: Software ver. 5.3.6 - Copyright 2005-2007 Rodolfo Giometti <giometti@linux.it>
[    0.263709] PTP clock support registered
[    0.271361] vgaarb: loaded
[    0.271772] clocksource: Switched to clocksource dmtimer
[    0.272430] VFS: Disk quotas dquot_6.6.0
[    0.272475] VFS: Dquot-cache hash table entries: 1024 (order 0, 4096 bytes)
[    0.297092] NET: Registered PF_INET protocol family
[    0.297455] IP idents hash table entries: 8192 (order: 4, 65536 bytes, linear)
[    0.298894] tcp_listen_portaddr_hash hash table entries: 512 (order: 0, 4096 bytes, linear)
[    0.298934] Table-perturb hash table entries: 65536 (order: 6, 262144 bytes, linear)
[    0.298952] TCP established hash table entries: 4096 (order: 2, 16384 bytes, linear)
[    0.298995] TCP bind hash table entries: 4096 (order: 4, 65536 bytes, linear)
[    0.299095] TCP: Hash tables configured (established 4096 bind 4096)
[    0.299215] UDP hash table entries: 256 (order: 1, 8192 bytes, linear)
[    0.299244] UDP-Lite hash table entries: 256 (order: 1, 8192 bytes, linear)
[    0.299427] NET: Registered PF_UNIX/PF_LOCAL protocol family
[    0.302823] RPC: Registered named UNIX socket transport module.
[    0.302845] RPC: Registered udp transport module.
[    0.302851] RPC: Registered tcp transport module.
[    0.302856] RPC: Registered tcp-with-tls transport module.
[    0.302862] RPC: Registered tcp NFSv4.1 backchannel transport module.
[    0.302886] PCI: CLS 0 bytes, default 64
[    0.304386] Initialise system trusted keyrings
[    0.312823] workingset: timestamp_bits=14 max_order=17 bucket_order=3
[    0.314188] NFS: Registering the id_resolver key type
[    0.314272] Key type id_resolver registered
[    0.314280] Key type id_legacy registered
[    0.314333] jffs2: version 2.2. (NAND) (SUMMARY)  Â© 2001-2006 Red Hat, Inc.
[    0.314741] Key type asymmetric registered
[    0.314759] Asymmetric key parser 'x509' registered
[    0.314825] io scheduler mq-deadline registered
[    0.314837] io scheduler kyber registered
[    0.314909] io scheduler bfq registered
[    0.316519] ledtrig-cpu: registered to indicate activity on CPUs
[    0.322342] Serial: 8250/16550 driver, 6 ports, IRQ sharing enabled
[    0.367797] brd: module loaded
[    0.385702] loop: module loaded
[    0.386641] mtdoops: mtd device (mtddev=name/number) must be supplied
[    0.400468] mdio_bus fixed-0: using lookup tables for GPIO lookup
[    0.400496] mdio_bus fixed-0: No GPIO consumer reset found
[    0.402058] i2c_dev: i2c /dev entries driver
[    0.403063] cpuidle: enable-method property 'ti,am3352' found operations
[    0.403515] sdhci: Secure Digital Host Controller Interface driver
[    0.403523] sdhci: Copyright(c) Pierre Ossman
[    0.403690] sdhci-pltfm: SDHCI platform and OF driver helper
[    0.404697] Initializing XFRM netlink socket
[    0.404848] NET: Registered PF_INET6 protocol family
[    0.406888] Segment Routing with IPv6
[    0.406982] In-situ OAM (IOAM) with IPv6
[    0.407083] sit: IPv6, IPv4 and MPLS over IPv4 tunneling driver
[    0.408059] NET: Registered PF_PACKET protocol family
[    0.408098] NET: Registered PF_KEY protocol family
[    0.408225] Key type dns_resolver registered
[    0.408499] ThumbEE CPU extension supported.
[    0.408520] Registering SWP/SWPB emulation handler
[    0.409062] omap_voltage_late_init: Voltage driver support not added
[    0.409414] SmartReflex Class3 initialized
[    0.443642] Loading compiled-in X.509 certificates
[    0.492198] /ocp/interconnect@44c00000/segment@200000/target-module@b000/i2c@0/tda19988@70: Fixed dependency cycle(s) with /ocp/interconnect@48000000/segment@300000/target-module@e000/lcdc@0
[    0.498686] /ocp/interconnect@44c00000/segment@200000/target-module@b000/i2c@0/tda19988@70: Fixed dependency cycle(s) with /ocp/interconnect@48000000/segment@300000/target-module@e000/lcdc@0
[    0.504534] gpiochip_find_base_unlocked: found new base at 512
[    0.528561] /ocp/interconnect@44c00000/segment@200000/target-module@b000/i2c@0/tda19988@70: Fixed dependency cycle(s) with /ocp/interconnect@48000000/segment@300000/target-module@e000/lcdc@0
[    0.529441] /ocp/interconnect@44c00000/segment@200000/target-module@b000/i2c@0/tda19988@70: Fixed dependency cycle(s) with /ocp/interconnect@48000000/segment@300000/target-module@e000/lcdc@0
[    0.533191] /ocp/interconnect@44c00000/segment@200000/target-module@10000/scm@0/pinmux@800: Fixed dependency cycle(s) with /ocp/interconnect@44c00000/segment@200000/target-module@10000/scm@0/pinmux@800/clkout2-pins
[    0.533867] pinctrl-single 44e10800.pinmux: 142 pins, size 568
[    0.539040] ti-sysc 44e31000.target-module: probe with driver ti-sysc failed with error -16
[    0.560080] /ocp/interconnect@48000000/segment@300000/target-module@e000/lcdc@0: Fixed dependency cycle(s) with /ocp/interconnect@44c00000/segment@200000/target-module@b000/i2c@0/tda19988@70
[    0.568147] ti-sysc 48040000.target-module: probe with driver ti-sysc failed with error -16
[    0.579459] gpiochip_find_base_unlocked: found new base at 512
[    0.579561] gpio gpiochip0: (gpio-0-31): created GPIO range 0->7 ==> 44e10800.pinmux PIN 0->7
[    0.579581] gpio gpiochip0: (gpio-0-31): created GPIO range 8->11 ==> 44e10800.pinmux PIN 90->93
[    0.579597] gpio gpiochip0: (gpio-0-31): created GPIO range 12->27 ==> 44e10800.pinmux PIN 12->27
[    0.579612] gpio gpiochip0: (gpio-0-31): created GPIO range 28->31 ==> 44e10800.pinmux PIN 30->33
[    0.617498] gpio gpiochip0: (gpio-0-31): added GPIO chardev (254:0)
[    0.617644] gpio gpiochip0: registered GPIOs 512 to 543 on gpio-0-31
[    0.617729] OMAP GPIO hardware version 0.1
[    0.644521] i2c i2c-2: using DT '/ocp/interconnect@48000000/segment@100000/target-module@9c000/i2c@0' for 'scl' GPIO lookup
[    0.644596] of_get_named_gpiod_flags: can't parse 'scl-gpios' property of node '/ocp/interconnect@48000000/segment@100000/target-module@9c000/i2c@0[0]'
[    0.644640] of_get_named_gpiod_flags: can't parse 'scl-gpio' property of node '/ocp/interconnect@48000000/segment@100000/target-module@9c000/i2c@0[0]'
[    0.644678] i2c i2c-2: using lookup tables for GPIO lookup
[    0.644689] i2c i2c-2: No GPIO consumer scl found
[    0.644710] i2c i2c-2: using DT '/ocp/interconnect@48000000/segment@100000/target-module@9c000/i2c@0' for 'sda' GPIO lookup
[    0.644746] of_get_named_gpiod_flags: can't parse 'sda-gpios' property of node '/ocp/interconnect@48000000/segment@100000/target-module@9c000/i2c@0[0]'
[    0.644785] of_get_named_gpiod_flags: can't parse 'sda-gpio' property of node '/ocp/interconnect@48000000/segment@100000/target-module@9c000/i2c@0[0]'
[    0.644818] i2c i2c-2: using lookup tables for GPIO lookup
[    0.644825] i2c i2c-2: No GPIO consumer sda found
[    0.645579] omap_i2c 4819c000.i2c: bus 2 rev0.11 at 100 kHz
[    0.650968] gpiochip_find_base_unlocked: found new base at 544
[    0.651074] gpio gpiochip1: (gpio-32-63): created GPIO range 0->17 ==> 44e10800.pinmux PIN 34->51
[    0.651092] gpio gpiochip1: (gpio-32-63): created GPIO range 18->21 ==> 44e10800.pinmux PIN 77->80
[    0.651108] gpio gpiochip1: (gpio-32-63): created GPIO range 22->31 ==> 44e10800.pinmux PIN 56->65
[    0.652207] gpio gpiochip1: (gpio-32-63): added GPIO chardev (254:1)
[    0.652365] gpio gpiochip1: registered GPIOs 544 to 575 on gpio-32-63
[    0.654581] gpiochip_find_base_unlocked: found new base at 576
[    0.654673] gpio gpiochip2: (gpio-64-95): created GPIO range 0->4 ==> 44e10800.pinmux PIN 66->70
[    0.654692] gpio gpiochip2: (gpio-64-95): created GPIO range 5->6 ==> 44e10800.pinmux PIN 98->99
[    0.654707] gpio gpiochip2: (gpio-64-95): created GPIO range 7->8 ==> 44e10800.pinmux PIN 75->76
[    0.654723] gpio gpiochip2: (gpio-64-95): created GPIO range 13->13 ==> 44e10800.pinmux PIN 141->141
[    0.654739] gpio gpiochip2: (gpio-64-95): created GPIO range 14->21 ==> 44e10800.pinmux PIN 100->107
[    0.665522] gpio gpiochip2: (gpio-64-95): added GPIO chardev (254:2)
[    0.665673] gpio gpiochip2: registered GPIOs 576 to 607 on gpio-64-95
[    0.671193] 48000000.interconnect:segment@200000:target-module@0:mpu@0:fck: device ID is greater than 24
[    0.672358] /ocp/interconnect@48000000/segment@300000/target-module@e000/lcdc@0: Fixed dependency cycle(s) with /ocp/interconnect@44c00000/segment@200000/target-module@b000/i2c@0/tda19988@70
[    0.675165] /ocp/interconnect@48000000/segment@300000/target-module@e000/lcdc@0: Fixed dependency cycle(s) with /ocp/interconnect@44c00000/segment@200000/target-module@b000/i2c@0/tda19988@70
[    0.675874] /ocp/interconnect@44c00000/segment@200000/target-module@b000/i2c@0/tda19988@70: Fixed dependency cycle(s) with /ocp/interconnect@48000000/segment@300000/target-module@e000/lcdc@0
[    0.676041] /ocp/interconnect@48000000/segment@300000/target-module@e000/lcdc@0: Fixed dependency cycle(s) with /ocp/interconnect@44c00000/segment@200000/target-module@b000/i2c@0/tda19988@70
[    0.685729] mdio_bus 4a101000.mdio: using DT '/ocp/interconnect@4a000000/segment@0/target-module@100000/switch@0/mdio@1000' for 'reset' GPIO lookup
[    0.685804] of_get_named_gpiod_flags: can't parse 'reset-gpios' property of node '/ocp/interconnect@4a000000/segment@0/target-module@100000/switch@0/mdio@1000[0]'
[    0.685854] of_get_named_gpiod_flags: can't parse 'reset-gpio' property of node '/ocp/interconnect@4a000000/segment@0/target-module@100000/switch@0/mdio@1000[0]'
[    0.685903] mdio_bus 4a101000.mdio: using lookup tables for GPIO lookup
[    0.685913] mdio_bus 4a101000.mdio: No GPIO consumer reset found
[    0.687171] sdhci-omap 481d8000.mmc: using DT '/ocp/interconnect@48000000/segment@100000/target-module@d8000/mmc@0' for 'wp' GPIO lookup
[    0.687254] of_get_named_gpiod_flags: can't parse 'wp-gpios' property of node '/ocp/interconnect@48000000/segment@100000/target-module@d8000/mmc@0[0]'
[    0.687298] of_get_named_gpiod_flags: can't parse 'wp-gpio' property of node '/ocp/interconnect@48000000/segment@100000/target-module@d8000/mmc@0[0]'
[    0.687335] sdhci-omap 481d8000.mmc: using lookup tables for GPIO lookup
[    0.687344] sdhci-omap 481d8000.mmc: No GPIO consumer wp found
[    0.687534] sdhci-omap 481d8000.mmc: supply pbias not found, using dummy regulator
[    0.688037] sdhci-omap 481d8000.mmc: supply vqmmc not found, using dummy regulator
[    0.732801] davinci_mdio 4a101000.mdio: davinci mdio revision 1.6, bus freq 1000000
[    0.766648] mdio_bus 4a101000.mdio:00: using DT '/ocp/interconnect@4a000000/segment@0/target-module@100000/switch@0/mdio@1000/ethernet-phy@0' for 'reset' GPIO lookup
[    0.766756] of_get_named_gpiod_flags: parsed 'reset-gpios' property of node '/ocp/interconnect@4a000000/segment@0/target-module@100000/switch@0/mdio@1000/ethernet-phy@0[0]' - status (0)
[    0.766925] gpio gpiochip0: Persistence not supported for GPIO 8
[    0.896823] davinci_mdio 4a101000.mdio: phy[0]: device 4a101000.mdio:00, driver SMSC LAN8710/LAN8720
[    0.897605] cpsw-switch 4a100000.switch: initialized cpsw ale version 1.4
[    0.897630] cpsw-switch 4a100000.switch: ALE Table size 1024, Policers 0
[    0.897957] cpsw-switch 4a100000.switch: cpts: overflow check period 500 (jiffies)
[    0.897980] cpsw-switch 4a100000.switch: CPTS: ref_clk_freq:250000000 calc_mult:2147483648 calc_shift:29 error:0 nsec/sec
[    0.898090] cpsw-switch 4a100000.switch: Detected MACID = 6c:ec:eb:68:de:78
[    0.899924] cpsw-switch 4a100000.switch: initialized (regs 0x4a100000, pool size 256) hw_ver:0019010C 1.12 (0)
[    0.911077] debugfs: Directory '49000000.dma' with parent 'dmaengine' already present!
[    0.911117] edma 49000000.dma: TI EDMA DMA engine driver
[    0.943940] target-module@4b000000:target-module@140000:pmu@0:fck: device ID is greater than 24
[    0.957604] hw perfevents: enabled with armv7_cortex_a8 PMU driver, 5 (8000000f) counters available
[    0.958569] gpio-clk clk_mcasp0: using DT '/clk_mcasp0' for 'enable' GPIO lookup
[    0.958647] of_get_named_gpiod_flags: parsed 'enable-gpios' property of node '/clk_mcasp0[0]' - status (0)
[    0.958694] gpio gpiochip0: Persistence not supported for GPIO 27
[    0.959520] gpiochip_find_base_unlocked: found new base at 608
[    0.959629] gpio gpiochip3: (gpio-96-127): created GPIO range 0->7 ==> 44e10800.pinmux PIN 82->89
[    0.959648] gpio gpiochip3: (gpio-96-127): created GPIO range 8->11 ==> 44e10800.pinmux PIN 52->55
[    0.959664] gpio gpiochip3: (gpio-96-127): created GPIO range 12->15 ==> 44e10800.pinmux PIN 94->97
[    0.959679] gpio gpiochip3: (gpio-96-127): created GPIO range 16->17 ==> 44e10800.pinmux PIN 71->72
[    0.959694] gpio gpiochip3: (gpio-96-127): created GPIO range 18->18 ==> 44e10800.pinmux PIN 135->135
[    0.959711] gpio gpiochip3: (gpio-96-127): created GPIO range 19->20 ==> 44e10800.pinmux PIN 108->109
[    0.959727] gpio gpiochip3: (gpio-96-127): created GPIO range 21->21 ==> 44e10800.pinmux PIN 73->73
[    0.959743] gpio gpiochip3: (gpio-96-127): created GPIO range 22->23 ==> 44e10800.pinmux PIN 8->9
[    0.959760] gpio gpiochip3: (gpio-96-127): created GPIO range 26->27 ==> 44e10800.pinmux PIN 10->11
[    0.959777] gpio gpiochip3: (gpio-96-127): created GPIO range 28->28 ==> 44e10800.pinmux PIN 74->74
[    0.959795] gpio gpiochip3: (gpio-96-127): created GPIO range 29->29 ==> 44e10800.pinmux PIN 81->81
[    0.959813] gpio gpiochip3: (gpio-96-127): created GPIO range 30->31 ==> 44e10800.pinmux PIN 28->29
[    0.965383] l3-aon-clkctrl:0000:0: failed to disable
[    0.975378] gpio gpiochip3: (gpio-96-127): added GPIO chardev (254:3)
[    0.975531] gpio gpiochip3: registered GPIOs 608 to 639 on gpio-96-127
[    0.977350] omap8250 44e09000.serial: using DT '/ocp/interconnect@44c00000/segment@200000/target-module@9000/serial@0' for 'rs485-term' GPIO lookup
[    0.977422] of_get_named_gpiod_flags: can't parse 'rs485-term-gpios' property of node '/ocp/interconnect@44c00000/segment@200000/target-module@9000/serial@0[0]'
[    0.977467] of_get_named_gpiod_flags: can't parse 'rs485-term-gpio' property of node '/ocp/interconnect@44c00000/segment@200000/target-module@9000/serial@0[0]'
[    0.977506] omap8250 44e09000.serial: using lookup tables for GPIO lookup
[    0.977516] omap8250 44e09000.serial: No GPIO consumer rs485-term found
[    0.977526] omap8250 44e09000.serial: using DT '/ocp/interconnect@44c00000/segment@200000/target-module@9000/serial@0' for 'rs485-rx-during-tx' GPIO lookup
[    0.977563] of_get_named_gpiod_flags: can't parse 'rs485-rx-during-tx-gpios' property of node '/ocp/interconnect@44c00000/segment@200000/target-module@9000/serial@0[0]'
[    0.977602] of_get_named_gpiod_flags: can't parse 'rs485-rx-during-tx-gpio' property of node '/ocp/interconnect@44c00000/segment@200000/target-module@9000/serial@0[0]'
[    0.977635] omap8250 44e09000.serial: using lookup tables for GPIO lookup
[    0.977643] omap8250 44e09000.serial: No GPIO consumer rs485-rx-during-tx found
[    0.978011] 44e09000.serial: ttyS0 at MMIO 0x44e09000 (irq = 34, base_baud = 3000000) is a 8250
[    0.978096] printk: legacy console [ttyS0] enabled
[    2.483033] i2c i2c-0: using DT '/ocp/interconnect@44c00000/segment@200000/target-module@b000/i2c@0' for 'scl' GPIO lookup
[    2.483126] of_get_named_gpiod_flags: can't parse 'scl-gpios' property of node '/ocp/interconnect@44c00000/segment@200000/target-module@b000/i2c@0[0]'
[    2.483177] of_get_named_gpiod_flags: can't parse 'scl-gpio' property of node '/ocp/interconnect@44c00000/segment@200000/target-module@b000/i2c@0[0]'
[    2.483220] i2c i2c-0: using lookup tables for GPIO lookup
[    2.483235] i2c i2c-0: No GPIO consumer scl found
[    2.483261] i2c i2c-0: using DT '/ocp/interconnect@44c00000/segment@200000/target-module@b000/i2c@0' for 'sda' GPIO lookup
[    2.483303] of_get_named_gpiod_flags: can't parse 'sda-gpios' property of node '/ocp/interconnect@44c00000/segment@200000/target-module@b000/i2c@0[0]'
[    2.483346] of_get_named_gpiod_flags: can't parse 'sda-gpio' property of node '/ocp/interconnect@44c00000/segment@200000/target-module@b000/i2c@0[0]'
[    2.483383] i2c i2c-0: using lookup tables for GPIO lookup
[    2.483395] i2c i2c-0: No GPIO consumer sda found
[    2.502772] tps65217-pmic: Failed to locate of_node [id: -1]
[    2.508836] tps65217-bl: Failed to locate of_node [id: -1]
[    2.520252] tps65217 0-0024: TPS65217 ID 0xe version 1.2
[    2.526412] /ocp/interconnect@48000000/segment@300000/target-module@e000/lcdc@0: Fixed dependency cycle(s) with /ocp/interconnect@44c00000/segment@200000/target-module@b000/i2c@0/tda19988@70
[    2.543796] /ocp/interconnect@44c00000/segment@200000/target-module@b000/i2c@0/tda19988@70: Fixed dependency cycle(s) with /ocp/interconnect@48000000/segment@300000/target-module@e000/lcdc@0
[    2.561162] omap_i2c 44e0b000.i2c: bus 0 rev0.11 at 400 kHz
[    2.569014] sdhci-omap 48060000.mmc: using DT '/ocp/interconnect@48000000/segment@0/target-module@60000/mmc@0' for 'cd' GPIO lookup
[    2.569130] of_get_named_gpiod_flags: parsed 'cd-gpios' property of node '/ocp/interconnect@48000000/segment@0/target-module@60000/mmc@0[0]' - status (0)
[    2.569204] gpio gpiochip3: Persistence not supported for GPIO 6
[    2.569230] omap_gpio 44e07000.gpio: Could not set line 6 debounce to 200000 microseconds (-22)
[    2.578111] sdhci-omap 48060000.mmc: Got CD GPIO
[    2.582793] sdhci-omap 48060000.mmc: using DT '/ocp/interconnect@48000000/segment@0/target-module@60000/mmc@0' for 'wp' GPIO lookup
[    2.582861] of_get_named_gpiod_flags: can't parse 'wp-gpios' property of node '/ocp/interconnect@48000000/segment@0/target-module@60000/mmc@0[0]'
[    2.582909] of_get_named_gpiod_flags: can't parse 'wp-gpio' property of node '/ocp/interconnect@48000000/segment@0/target-module@60000/mmc@0[0]'
[    2.582950] sdhci-omap 48060000.mmc: using lookup tables for GPIO lookup
[    2.582965] sdhci-omap 48060000.mmc: No GPIO consumer wp found
[    2.583173] sdhci-omap 48060000.mmc: supply pbias not found, using dummy regulator
[    2.591945] sdhci-omap 481d8000.mmc: using DT '/ocp/interconnect@48000000/segment@100000/target-module@d8000/mmc@0' for 'wp' GPIO lookup
[    2.592021] of_get_named_gpiod_flags: can't parse 'wp-gpios' property of node '/ocp/interconnect@48000000/segment@100000/target-module@d8000/mmc@0[0]'
[    2.592073] of_get_named_gpiod_flags: can't parse 'wp-gpio' property of node '/ocp/interconnect@48000000/segment@100000/target-module@d8000/mmc@0[0]'
[    2.592113] sdhci-omap 481d8000.mmc: using lookup tables for GPIO lookup
[    2.592127] sdhci-omap 481d8000.mmc: No GPIO consumer wp found
[    2.593607] sdhci-omap 48060000.mmc: supply vqmmc not found, using dummy regulator
[    2.602478] sdhci-omap 481d8000.mmc: supply pbias not found, using dummy regulator
[    2.610464] sdhci-omap 481d8000.mmc: supply vqmmc not found, using dummy regulator
[    2.649227] mmc1: SDHCI controller on 481d8000.mmc [481d8000.mmc] using External DMA
[    2.658495] mmc0: SDHCI controller on 48060000.mmc [48060000.mmc] using External DMA
[    2.667356] cpsw-switch 4a100000.switch: starting ndev. mode: dual_mac
[    2.710992] mmc0: new high speed SDHC card at address 5048
[    2.718285] mmcblk0: mmc0:5048 SD16G 14.4 GiB
[    2.726483]  mmcblk0: p1 p2
[    2.729905] mmcblk0: p2 size 31221760 extends beyond EOD, truncated
[    2.743099] SMSC LAN8710/LAN8720 4a101000.mdio:00: attached PHY driver (mii_bus:phy_addr=4a101000.mdio:00, irq=POLL)
[    2.760176] mmc1: new high speed MMC card at address 0001
[    2.767187] mmcblk1: mmc1:0001 MMC04G 3.60 GiB
[    2.774742]  mmcblk1: p1 p2
[    2.778994] mmcblk1boot0: mmc1:0001 MMC04G 2.00 MiB
[    2.786349] mmcblk1boot1: mmc1:0001 MMC04G 2.00 MiB
[    2.793930] mmcblk1rpmb: mmc1:0001 MMC04G 128 KiB, chardev (250:0)
[    5.922554] cpsw-switch 4a100000.switch eth0: Link is Up - 100Mbps/Full - flow control off
[    5.951798] IP-Config: Complete:
[    5.955076]      device=eth0, hwaddr=6c:ec:eb:68:de:78, ipaddr=192.168.255.1, mask=255.255.255.0, gw=255.255.255.255
[    5.965719]      host=bbb1, domain=, nis-domain=(none)
[    5.970887]      bootserver=192.168.255.126, rootserver=192.168.255.126, rootpath=
[    5.971302] clk: Disabling unused clocks
[    5.983168] PM: genpd: Disabling unused power domains
[    5.988289] KTAP version 1
[    5.991011] 1..0
[    6.016902] VFS: Mounted root (nfs filesystem) on device 0:17.
[    6.024121] devtmpfs: mounted
[    6.028793] Freeing unused kernel image (initmem) memory: 1024K
[    6.035612] Run /sbin/init as init process
[    6.039746]   with arguments:
[    6.039759]     /sbin/init
[    6.039769]     nfsrootdebug
[    6.039779]   with environment:
[    6.039788]     HOME=/
[    6.039797]     TERM=linux
[    6.746642] systemd[1]: System time before build time, advancing clock.
[    8.231797] random: crng init done
[    8.272226] systemd[1]: systemd 232 running in system mode. (+PAM +AUDIT +SELINUX +IMA +APPARMOR +SMACK +SYSVINIT +UTMP +LIBCRYPTSETUP +GCRYPT +GNUTLS +ACL +XZ +LZ4 +SECCOMP +BLKID +ELFUTILS +KMOD +IDN)
[    8.291195] systemd[1]: Detected architecture arm.
[    8.325031] systemd[1]: Set hostname to <arm>.
[    9.439966] systemd[1]: Started Forward Password Requests to Wall Directory Watch.
[    9.472861] systemd[1]: Listening on Journal Audit Socket.
[    9.503863] systemd[1]: Listening on Syslog Socket.
[    9.532618] systemd[1]: Listening on Journal Socket (/dev/log).
[    9.562378] systemd[1]: Listening on udev Kernel Socket.
[    9.593811] systemd[1]: Listening on udev Control Socket.
[    9.622794] systemd[1]: Started Dispatch Password Requests to Console Directory Watch.
[   11.669373] systemd-journald[86]: Received request to flush runtime journal from PID 1
[   14.800532] leds-gpio leds: using DT '/leds/led2' for '(default)' GPIO lookup
[   14.800639] of_get_named_gpiod_flags: parsed 'gpios' property of node '/leds/led2[0]' - status (0)
[   14.800701] gpio gpiochip0: Persistence not supported for GPIO 21
[   14.800716] gpio-533 (?): no flags found for GPIO (default)
[   14.903923] leds-gpio leds: using DT '/leds/led3' for '(default)' GPIO lookup
[   14.904051] of_get_named_gpiod_flags: parsed 'gpios' property of node '/leds/led3[0]' - status (0)
[   14.904252] gpio gpiochip0: Persistence not supported for GPIO 22
[   14.904274] gpio-534 (?): no flags found for GPIO (default)
[   14.928720] leds-gpio leds: using DT '/leds/led4' for '(default)' GPIO lookup
[   14.928818] of_get_named_gpiod_flags: parsed 'gpios' property of node '/leds/led4[0]' - status (0)
[   14.928871] gpio gpiochip0: Persistence not supported for GPIO 23
[   14.928887] gpio-535 (?): no flags found for GPIO (default)
[   14.952566] leds-gpio leds: using DT '/leds/led5' for '(default)' GPIO lookup
[   14.952665] of_get_named_gpiod_flags: parsed 'gpios' property of node '/leds/led5[0]' - status (0)
[   14.952720] gpio gpiochip0: Persistence not supported for GPIO 24
[   14.952736] gpio-536 (?): no flags found for GPIO (default)
[   15.170462] remoteproc remoteproc0: wkup_m3 is available
[   15.604193] at24 2-0054: supply vcc not found, using dummy regulator
[   15.709762] at24 2-0055: supply vcc not found, using dummy regulator
[   15.794606] at24 2-0056: supply vcc not found, using dummy regulator
[   15.861026] at24 2-0057: supply vcc not found, using dummy regulator
[   15.973696] at24 0-0050: using DT '/ocp/interconnect@44c00000/segment@200000/target-module@b000/i2c@0/eeprom@50' for 'wp' GPIO lookup
[   15.973818] of_get_named_gpiod_flags: can't parse 'wp-gpios' property of node '/ocp/interconnect@44c00000/segment@200000/target-module@b000/i2c@0/eeprom@50[0]'
[   15.973883] of_get_named_gpiod_flags: can't parse 'wp-gpio' property of node '/ocp/interconnect@44c00000/segment@200000/target-module@b000/i2c@0/eeprom@50[0]'
[   15.973933] at24 0-0050: using lookup tables for GPIO lookup
[   15.973949] at24 0-0050: No GPIO consumer wp found
[   15.974291] at24 0-0050: 32768 byte 24c256 EEPROM, writable, 1 bytes/write
[   15.985859] wkup_m3_ipc 44e11324.wkup_m3_ipc: IPC Request for A8->M3 Channel failed! -517
[   16.062085] tps6521x_pwrbutton tps65217-pwrbutton: DMA mask not set
[   16.121223] omap_rtc 44e3e000.rtc: registered as rtc0
[   16.126521] omap_rtc 44e3e000.rtc: setting system clock to 2000-01-01T00:00:00 UTC (946684800)
[   16.135277] omap_rtc 44e3e000.rtc: using DT '/ocp/interconnect@44c00000/segment@200000/target-module@3e000/rtc@0' for 'wp' GPIO lookup
[   16.135353] of_get_named_gpiod_flags: can't parse 'wp-gpios' property of node '/ocp/interconnect@44c00000/segment@200000/target-module@3e000/rtc@0[0]'
[   16.135412] of_get_named_gpiod_flags: can't parse 'wp-gpio' property of node '/ocp/interconnect@44c00000/segment@200000/target-module@3e000/rtc@0[0]'
[   16.135461] omap_rtc 44e3e000.rtc: using lookup tables for GPIO lookup
[   16.135477] omap_rtc 44e3e000.rtc: No GPIO consumer wp found
[   16.144628] wkup_m3_ipc 44e11324.wkup_m3_ipc: IPC Request for A8->M3 Channel failed! -517
[   16.163359] input: tps65217_pwrbutton as /devices/platform/ocp/44c00000.interconnect/44c00000.interconnect:segment@200000/44e0b000.target-module/44e0b000.i2c/i2c-0/0-0024/tps65217-pwrbutton/input/input0
[   16.264718] wkup_m3_ipc 44e11324.wkup_m3_ipc: IPC Request for A8->M3 Channel failed! -517
[   16.396926] omap_wdt: OMAP Watchdog Timer Rev 0x01: initial timeout 60 sec
[   16.412666] wkup_m3_ipc 44e11324.wkup_m3_ipc: IPC Request for A8->M3 Channel failed! -517
[   16.492676] am335x-phy-driver 47401300.usb-phy: using DT '/ocp/target-module@47400000/usb-phy@1300' for 'reset' GPIO lookup
[   16.492771] of_get_named_gpiod_flags: can't parse 'reset-gpios' property of node '/ocp/target-module@47400000/usb-phy@1300[0]'
[   16.492820] of_get_named_gpiod_flags: can't parse 'reset-gpio' property of node '/ocp/target-module@47400000/usb-phy@1300[0]'
[   16.492860] am335x-phy-driver 47401300.usb-phy: using lookup tables for GPIO lookup
[   16.492876] am335x-phy-driver 47401300.usb-phy: No GPIO consumer reset found
[   16.492892] am335x-phy-driver 47401300.usb-phy: using DT '/ocp/target-module@47400000/usb-phy@1300' for 'vbus-detect' GPIO lookup
[   16.492924] of_get_named_gpiod_flags: can't parse 'vbus-detect-gpios' property of node '/ocp/target-module@47400000/usb-phy@1300[0]'
[   16.492957] of_get_named_gpiod_flags: can't parse 'vbus-detect-gpio' property of node '/ocp/target-module@47400000/usb-phy@1300[0]'
[   16.492985] am335x-phy-driver 47401300.usb-phy: using lookup tables for GPIO lookup
[   16.492998] am335x-phy-driver 47401300.usb-phy: No GPIO consumer vbus-detect found
[   16.493153] am335x-phy-driver 47401300.usb-phy: dummy supplies not allowed for exclusive requests (id=vbus)
[   16.663756] am335x-phy-driver 47401b00.usb-phy: using DT '/ocp/target-module@47400000/usb-phy@1b00' for 'reset' GPIO lookup
[   16.663858] of_get_named_gpiod_flags: can't parse 'reset-gpios' property of node '/ocp/target-module@47400000/usb-phy@1b00[0]'
[   16.663907] of_get_named_gpiod_flags: can't parse 'reset-gpio' property of node '/ocp/target-module@47400000/usb-phy@1b00[0]'
[   16.663947] am335x-phy-driver 47401b00.usb-phy: using lookup tables for GPIO lookup
[   16.663964] am335x-phy-driver 47401b00.usb-phy: No GPIO consumer reset found
[   16.663980] am335x-phy-driver 47401b00.usb-phy: using DT '/ocp/target-module@47400000/usb-phy@1b00' for 'vbus-detect' GPIO lookup
[   16.664013] of_get_named_gpiod_flags: can't parse 'vbus-detect-gpios' property of node '/ocp/target-module@47400000/usb-phy@1b00[0]'
[   16.664048] of_get_named_gpiod_flags: can't parse 'vbus-detect-gpio' property of node '/ocp/target-module@47400000/usb-phy@1b00[0]'
[   16.664077] am335x-phy-driver 47401b00.usb-phy: using lookup tables for GPIO lookup
[   16.664090] am335x-phy-driver 47401b00.usb-phy: No GPIO consumer vbus-detect found
[   16.664242] am335x-phy-driver 47401b00.usb-phy: dummy supplies not allowed for exclusive requests (id=vbus)
[   16.676963] wkup_m3_ipc 44e11324.wkup_m3_ipc: IPC Request for A8->M3 Channel failed! -517
[   16.823509] wkup_m3_ipc 44e11324.wkup_m3_ipc: IPC Request for A8->M3 Channel failed! -517
[   16.852903] usbcore: registered new interface driver usbfs
[   16.858538] usbcore: registered new interface driver hub
[   16.864110] usbcore: registered new device driver usb
[   17.198448] tda998x 0-0070: found TDA19988
[   17.273139] wkup_m3_ipc 44e11324.wkup_m3_ipc: IPC Request for A8->M3 Channel failed! -517
[   17.373571] musb-hdrc musb-hdrc.1: MUSB HDRC host driver
[   17.378989] musb-hdrc musb-hdrc.1: new USB bus registered, assigned bus number 1
[   17.388980] wkup_m3_ipc 44e11324.wkup_m3_ipc: IPC Request for A8->M3 Channel failed! -517
[   17.487251] wkup_m3_ipc 44e11324.wkup_m3_ipc: IPC Request for A8->M3 Channel failed! -517
[   17.596296] usb usb1: New USB device found, idVendor=1d6b, idProduct=0002, bcdDevice= 6.12
[   17.604857] usb usb1: New USB device strings: Mfr=3, Product=2, SerialNumber=1
[   17.612178] usb usb1: Product: MUSB HDRC host driver
[   17.617172] usb usb1: Manufacturer: Linux 6.12.0-rc6-next-20241108 musb-hcd
[   17.624198] usb usb1: SerialNumber: musb-hdrc.1
[   17.809094] omap-mailbox 480c8000.mailbox: omap mailbox rev 0x400
[   17.914630] remoteproc remoteproc0: powering up wkup_m3
[   17.982592] hub 1-0:1.0: USB hub found
[   18.012180] remoteproc remoteproc0: Direct firmware load for am335x-pm-firmware.elf failed with error -2
[   18.021915] remoteproc remoteproc0: request_firmware failed: -2
[   18.027877] wkup_m3_ipc 44e11324.wkup_m3_ipc: rproc_boot failed
[   18.052823] hub 1-0:1.0: 1 port detected
[   19.544510] omap_rng 48310000.rng: Random Number Generator ver. 20
[   19.726321] tilcdc 4830e000.lcdc: bound 0-0070 (ops tda998x_driver_exit [tda998x])
[   19.856437] [drm] Initialized tilcdc 1.0.0 for 4830e000.lcdc on minor 0
[   19.970562] tilcdc 4830e000.lcdc: [drm] Cannot find any crtc or sizes
[   19.980729] tilcdc 4830e000.lcdc: [drm] Cannot find any crtc or sizes
[   21.525047] PM: Cannot get wkup_m3_ipc handle
[   21.556789] omap-sham 53100000.sham: hw accel on OMAP rev 4.3
[   21.702398] omap-sham 53100000.sham: will run requests pump with realtime priority
[   21.714349] PM: Cannot get wkup_m3_ipc handle
[   21.988555] omap-aes 53500000.aes: OMAP AES hw accel rev: 3.2
[   22.102100] omap-aes 53500000.aes: will run requests pump with realtime priority
[   22.110766] PM: Cannot get wkup_m3_ipc handle
[   23.918665] Bluetooth: Core ver 2.22
[   23.922729] NET: Registered PF_BLUETOOTH protocol family
[   23.928083] Bluetooth: HCI device and connection manager initialized
[   23.934628] Bluetooth: HCI socket layer initialized
[   23.939547] Bluetooth: L2CAP socket layer initialized
[   23.944701] Bluetooth: SCO socket layer initialized
[   25.632435] PM: Cannot get wkup_m3_ipc handle
[   25.638249] asoc-simple-card sound: using DT '/sound' for 'simple-audio-card,hp-det' GPIO lookup
[   25.638317] of_get_named_gpiod_flags: can't parse 'simple-audio-card,hp-det-gpios' property of node '/sound[0]'
[   25.638353] of_get_named_gpiod_flags: can't parse 'simple-audio-card,hp-det-gpio' property of node '/sound[0]'
[   25.638380] asoc-simple-card sound: using lookup tables for GPIO lookup
[   25.638395] asoc-simple-card sound: No GPIO consumer simple-audio-card,hp-det found
[   25.638411] asoc-simple-card sound: using DT '/sound' for 'simple-audio-card,mic-det' GPIO lookup
[   25.638436] of_get_named_gpiod_flags: can't parse 'simple-audio-card,mic-det-gpios' property of node '/sound[0]'
[   25.638462] of_get_named_gpiod_flags: can't parse 'simple-audio-card,mic-det-gpio' property of node '/sound[0]'
[   25.638483] asoc-simple-card sound: using lookup tables for GPIO lookup
[   25.638495] asoc-simple-card sound: No GPIO consumer simple-audio-card,mic-det found
[   25.726222] PM: Cannot get wkup_m3_ipc handle
[   29.236476] userial_init: registered 8 ttyGS* devices
[   29.429784] rndis_register: configNr = 0
[   29.510852] udc musb-hdrc.0: binding gadget driver [g_multi]
[   29.510951] configfs-gadget.g_multi gadget.0: adding 'rndis'/ae571a46 to config 'c'/f697ca2f
[   29.512463] configfs-gadget.g_multi gadget.0: HOST MAC 1c:ba:8c:a2:ed:6c
[   29.519250] configfs-gadget.g_multi gadget.0: MAC 1c:ba:8c:a2:ed:70
[   29.525672] rndis_set_param_medium: 0 0
[   29.525696] configfs-gadget.g_multi gadget.0: RNDIS: IN/ep1in OUT/ep1out NOTIFY/ep2in
[   29.525714] configfs-gadget.g_multi gadget.0: adding 'cdc_ethernet'/fb4ae2a0 to config 'c'/f697ca2f
[   29.526634] configfs-gadget.g_multi gadget.0: HOST MAC 1c:ba:8c:a2:ed:6c
[   29.533491] configfs-gadget.g_multi gadget.0: MAC 1c:ba:8c:a2:ed:6d
[   29.539825] configfs-gadget.g_multi gadget.0: CDC Ethernet: IN/ep3in OUT/ep2out NOTIFY/ep4in
[   29.539843] configfs-gadget.g_multi gadget.0: adding 'acm'/6a9d392b to config 'c'/f697ca2f
[   29.539880] configfs-gadget.g_multi gadget.0: acm ttyGS0: IN/ep5in OUT/ep3out NOTIFY/ep6in
[   29.540672] PM: Cannot get wkup_m3_ipc handle
[   31.665915] configfs-gadget.g_multi gadget.0: eth_open
[   35.596142] gs_open: ttyGS0 (777dcd9f,a6fad1be)
[   35.596299] gs_close: ttyGS0 (777dcd9f,a6fad1be) ...
[   35.596322] gs_close: ttyGS0 (777dcd9f,a6fad1be) done!
[   35.616448] gs_open: ttyGS0 (ef219c0a,3a0dccf7)
[   35.616590] gs_close: ttyGS0 (ef219c0a,3a0dccf7) ...
[   35.616615] gs_close: ttyGS0 (ef219c0a,3a0dccf7) done!
[   35.790997] gs_open: ttyGS0 (ef219c0a,fcc1b8b8)
[   35.791240] gs_close: ttyGS0 (ef219c0a,fcc1b8b8) ...
[   35.791270] gs_close: ttyGS0 (ef219c0a,fcc1b8b8) done!
[   35.795161] gs_open: ttyGS0 (ef219c0a,3a0dccf7)
AWYEAUQJBK 0
root@arm:~# echo 'TAKU''KESYUO'
TAKUKESYUO
root@arm:~# MARKER='OONT''WSHLMH' run 'modprobe test_linear_ranges'
OONTWSHLMHOONTWSHLMH 0
root@arm:~# echo 'UYQX''GZJHUN'
UYQXGZJHUN
root@arm:~# MARKER='WHLP''GZYHXJ' run dmesg
WHLPGZYHXJ[    0.000000] Booting Linux on physical CPU 0x0
[    0.000000] Linux version 6.12.0-rc6-next-20241108 (user01@drvtest01) (arm-linux-gnueabihf-gcc (Linaro GCC 6.4-2017.11) 6.4.1 20171012, GNU ld (Linaro_Binutils-2017.11) 2.27.0.20161229) #133 SMP Fri Nov  8 10:29:34 EET 2024
[    0.000000] CPU: ARMv7 Processor [413fc082] revision 2 (ARMv7), cr=10c5387d
[    0.000000] CPU: PIPT / VIPT nonaliasing data cache, VIPT aliasing instruction cache
[    0.000000] OF: fdt: Machine model: TI AM335x BeagleBone Black
[    0.000000] Memory policy: Data cache writeback
[    0.000000] cma: Reserved 16 MiB at 0x9e800000 on node -1
[    0.000000] Zone ranges:
[    0.000000]   Normal   [mem 0x0000000080000000-0x000000009fdfffff]
[    0.000000]   HighMem  empty
[    0.000000] Movable zone start for each node
[    0.000000] Early memory node ranges
[    0.000000]   node   0: [mem 0x0000000080000000-0x000000009fdfffff]
[    0.000000] Initmem setup node 0 [mem 0x0000000080000000-0x000000009fdfffff]
[    0.000000] OF: reserved mem: Reserved memory: No reserved-memory node in the DT
[    0.000000] CPU: All CPU(s) started in SVC mode.
[    0.000000] AM335X ES2.1 (sgx neon)
[    0.000000] percpu: Embedded 17 pages/cpu s39564 r8192 d21876 u69632
[    0.000000] pcpu-alloc: s39564 r8192 d21876 u69632 alloc=17*4096
[    0.000000] pcpu-alloc: [0] 0 
[    0.000000] Kernel command line: console=ttyO0,115200n8 root=/dev/nfs rw nfsroot=192.168.255.126:/home/user01/nfs,nfsvers=3 ip=192.168.255.1:192.168.255.126::255.255.255.0:bbb1:eth0 nfsrootdebug
[    0.000000] Unknown kernel command line parameters "nfsrootdebug", will be passed to user space.
[    0.000000] printk: log buffer data + meta data: 65536 + 204800 = 270336 bytes
[    0.000000] Dentry cache hash table entries: 65536 (order: 6, 262144 bytes, linear)
[    0.000000] Inode-cache hash table entries: 32768 (order: 5, 131072 bytes, linear)
[    0.000000] Built 1 zonelists, mobility grouping on.  Total pages: 130560
[    0.000000] mem auto-init: stack:off, heap alloc:off, heap free:off
[    0.000000] SLUB: HWalign=64, Order=0-3, MinObjects=0, CPUs=1, Nodes=1
[    0.000000] trace event string verifier disabled
[    0.000000] rcu: Hierarchical RCU implementation.
[    0.000000] rcu: 	RCU event tracing is enabled.
[    0.000000] rcu: 	RCU restricting CPUs from NR_CPUS=2 to nr_cpu_ids=1.
[    0.000000] 	Tracing variant of Tasks RCU enabled.
[    0.000000] rcu: RCU calculated value of scheduler-enlistment delay is 10 jiffies.
[    0.000000] rcu: Adjusting geometry for rcu_fanout_leaf=16, nr_cpu_ids=1
[    0.000000] RCU Tasks Trace: Setting shift to 0 and lim to 1 rcu_task_cb_adjust=1 rcu_task_cpu_ids=1.
[    0.000000] NR_IRQS: 16, nr_irqs: 16, preallocated irqs: 16
[    0.000000] IRQ: Found an INTC at 0x(ptrval) (revision 5.0) with 128 interrupts
[    0.000000] rcu: srcu_init: Setting srcu_struct sizes based on contention.
[    0.000000] TI gptimer clocksource: always-on /ocp/interconnect@44c00000/segment@200000/target-module@31000
[    0.000003] sched_clock: 32 bits at 24MHz, resolution 41ns, wraps every 89478484971ns
[    0.000026] clocksource: dmtimer: mask: 0xffffffff max_cycles: 0xffffffff, max_idle_ns: 79635851949 ns
[    0.000502] TI gptimer clockevent: 24000000 Hz at /ocp/interconnect@48000000/segment@0/target-module@40000
[    0.002141] Console: colour dummy device 80x30
[    0.002209] WARNING: Your 'console=ttyO0' has been replaced by 'ttyS0'
[    0.002218] This ensures that you still see kernel messages. Please
[    0.002223] update your kernel commandline.
[    0.002264] Calibrating delay loop... 996.14 BogoMIPS (lpj=4980736)
[    0.090554] CPU: Testing write buffer coherency: ok
[    0.090655] CPU0: Spectre v2: using BPIALL workaround
[    0.090666] pid_max: default: 32768 minimum: 301
[    0.090790] LSM: initializing lsm=capability
[    0.090967] Mount-cache hash table entries: 1024 (order: 0, 4096 bytes, linear)
[    0.090987] Mountpoint-cache hash table entries: 1024 (order: 0, 4096 bytes, linear)
[    0.092654] CPU0: thread -1, cpu 0, socket -1, mpidr 0
[    0.160938] Setting up static identity map for 0x80100000 - 0x80100078
[    0.170709] rcu: Hierarchical SRCU implementation.
[    0.170721] rcu: 	Max phase no-delay instances is 1000.
[    0.190770] smp: Bringing up secondary CPUs ...
[    0.190825] smp: Brought up 1 node, 1 CPU
[    0.190841] SMP: Total of 1 processors activated (996.14 BogoMIPS).
[    0.190853] CPU: All CPU(s) started in SVC mode.
[    0.191043] Memory: 480840K/522240K available (11264K kernel code, 1213K rwdata, 2896K rodata, 1024K init, 297K bss, 23388K reserved, 16384K cma-reserved, 0K highmem)
[    0.191899] devtmpfs: initialized
[    0.209042] VFP support v0.3: implementor 41 architecture 3 part 30 variant c rev 3
[    0.209397] clocksource: jiffies: mask: 0xffffffff max_cycles: 0xffffffff, max_idle_ns: 19112604462750000 ns
[    0.209432] futex hash table entries: 256 (order: 2, 16384 bytes, linear)
[    0.210896] pinctrl core: initialized pinctrl subsystem
[    0.213711] NET: Registered PF_NETLINK/PF_ROUTE protocol family
[    0.216533] DMA: preallocated 256 KiB pool for atomic coherent allocations
[    0.217452] audit: initializing netlink subsys (disabled)
[    0.218900] thermal_sys: Registered thermal governor 'fair_share'
[    0.218917] thermal_sys: Registered thermal governor 'step_wise'
[    0.218926] thermal_sys: Registered thermal governor 'user_space'
[    0.219075] audit: type=2000 audit(0.210:1): state=initialized audit_enabled=0 res=1
[    0.219114] cpuidle: using governor menu
[    0.237388] /ocp/interconnect@44c00000/segment@200000/target-module@b000/i2c@0/tda19988@70: Fixed dependency cycle(s) with /ocp/interconnect@48000000/segment@300000/target-module@e000/lcdc@0
[    0.238585] /ocp/interconnect@48000000/segment@300000/target-module@e000/lcdc@0: Fixed dependency cycle(s) with /ocp/interconnect@44c00000/segment@200000/target-module@b000/i2c@0/tda19988@70
[    0.240952] No ATAGs?
[    0.240971] hw-breakpoint: debug architecture 0x4 unsupported.
[    0.243744] kprobes: kprobe jump-optimization is enabled. All kprobes are optimized if possible.
[    0.254399] iommu: Default domain type: Translated
[    0.254421] iommu: DMA domain TLB invalidation policy: strict mode
[    0.261639] reg-fixed-voltage fixedregulator0: using DT '/fixedregulator0' for '(default)' GPIO lookup
[    0.261694] of_get_named_gpiod_flags: can't parse 'gpios' property of node '/fixedregulator0[0]'
[    0.261724] of_get_named_gpiod_flags: can't parse 'gpio' property of node '/fixedregulator0[0]'
[    0.261743] reg-fixed-voltage fixedregulator0: using lookup tables for GPIO lookup
[    0.261754] reg-fixed-voltage fixedregulator0: No GPIO consumer (default) found
[    0.262806] SCSI subsystem initialized
[    0.263306] libata version 3.00 loaded.
[    0.263674] pps_core: LinuxPPS API ver. 1 registered
[    0.263683] pps_core: Software ver. 5.3.6 - Copyright 2005-2007 Rodolfo Giometti <giometti@linux.it>
[    0.263709] PTP clock support registered
[    0.271361] vgaarb: loaded
[    0.271772] clocksource: Switched to clocksource dmtimer
[    0.272430] VFS: Disk quotas dquot_6.6.0
[    0.272475] VFS: Dquot-cache hash table entries: 1024 (order 0, 4096 bytes)
[    0.297092] NET: Registered PF_INET protocol family
[    0.297455] IP idents hash table entries: 8192 (order: 4, 65536 bytes, linear)
[    0.298894] tcp_listen_portaddr_hash hash table entries: 512 (order: 0, 4096 bytes, linear)
[    0.298934] Table-perturb hash table entries: 65536 (order: 6, 262144 bytes, linear)
[    0.298952] TCP established hash table entries: 4096 (order: 2, 16384 bytes, linear)
[    0.298995] TCP bind hash table entries: 4096 (order: 4, 65536 bytes, linear)
[    0.299095] TCP: Hash tables configured (established 4096 bind 4096)
[    0.299215] UDP hash table entries: 256 (order: 1, 8192 bytes, linear)
[    0.299244] UDP-Lite hash table entries: 256 (order: 1, 8192 bytes, linear)
[    0.299427] NET: Registered PF_UNIX/PF_LOCAL protocol family
[    0.302823] RPC: Registered named UNIX socket transport module.
[    0.302845] RPC: Registered udp transport module.
[    0.302851] RPC: Registered tcp transport module.
[    0.302856] RPC: Registered tcp-with-tls transport module.
[    0.302862] RPC: Registered tcp NFSv4.1 backchannel transport module.
[    0.302886] PCI: CLS 0 bytes, default 64
[    0.304386] Initialise system trusted keyrings
[    0.312823] workingset: timestamp_bits=14 max_order=17 bucket_order=3
[    0.314188] NFS: Registering the id_resolver key type
[    0.314272] Key type id_resolver registered
[    0.314280] Key type id_legacy registered
[    0.314333] jffs2: version 2.2. (NAND) (SUMMARY)  Â© 2001-2006 Red Hat, Inc.
[    0.314741] Key type asymmetric registered
[    0.314759] Asymmetric key parser 'x509' registered
[    0.314825] io scheduler mq-deadline registered
[    0.314837] io scheduler kyber registered
[    0.314909] io scheduler bfq registered
[    0.316519] ledtrig-cpu: registered to indicate activity on CPUs
[    0.322342] Serial: 8250/16550 driver, 6 ports, IRQ sharing enabled
[    0.367797] brd: module loaded
[    0.385702] loop: module loaded
[    0.386641] mtdoops: mtd device (mtddev=name/number) must be supplied
[    0.400468] mdio_bus fixed-0: using lookup tables for GPIO lookup
[    0.400496] mdio_bus fixed-0: No GPIO consumer reset found
[    0.402058] i2c_dev: i2c /dev entries driver
[    0.403063] cpuidle: enable-method property 'ti,am3352' found operations
[    0.403515] sdhci: Secure Digital Host Controller Interface driver
[    0.403523] sdhci: Copyright(c) Pierre Ossman
[    0.403690] sdhci-pltfm: SDHCI platform and OF driver helper
[    0.404697] Initializing XFRM netlink socket
[    0.404848] NET: Registered PF_INET6 protocol family
[    0.406888] Segment Routing with IPv6
[    0.406982] In-situ OAM (IOAM) with IPv6
[    0.407083] sit: IPv6, IPv4 and MPLS over IPv4 tunneling driver
[    0.408059] NET: Registered PF_PACKET protocol family
[    0.408098] NET: Registered PF_KEY protocol family
[    0.408225] Key type dns_resolver registered
[    0.408499] ThumbEE CPU extension supported.
[    0.408520] Registering SWP/SWPB emulation handler
[    0.409062] omap_voltage_late_init: Voltage driver support not added
[    0.409414] SmartReflex Class3 initialized
[    0.443642] Loading compiled-in X.509 certificates
[    0.492198] /ocp/interconnect@44c00000/segment@200000/target-module@b000/i2c@0/tda19988@70: Fixed dependency cycle(s) with /ocp/interconnect@48000000/segment@300000/target-module@e000/lcdc@0
[    0.498686] /ocp/interconnect@44c00000/segment@200000/target-module@b000/i2c@0/tda19988@70: Fixed dependency cycle(s) with /ocp/interconnect@48000000/segment@300000/target-module@e000/lcdc@0
[    0.504534] gpiochip_find_base_unlocked: found new base at 512
[    0.528561] /ocp/interconnect@44c00000/segment@200000/target-module@b000/i2c@0/tda19988@70: Fixed dependency cycle(s) with /ocp/interconnect@48000000/segment@300000/target-module@e000/lcdc@0
[    0.529441] /ocp/interconnect@44c00000/segment@200000/target-module@b000/i2c@0/tda19988@70: Fixed dependency cycle(s) with /ocp/interconnect@48000000/segment@300000/target-module@e000/lcdc@0
[    0.533191] /ocp/interconnect@44c00000/segment@200000/target-module@10000/scm@0/pinmux@800: Fixed dependency cycle(s) with /ocp/interconnect@44c00000/segment@200000/target-module@10000/scm@0/pinmux@800/clkout2-pins
[    0.533867] pinctrl-single 44e10800.pinmux: 142 pins, size 568
[    0.539040] ti-sysc 44e31000.target-module: probe with driver ti-sysc failed with error -16
[    0.560080] /ocp/interconnect@48000000/segment@300000/target-module@e000/lcdc@0: Fixed dependency cycle(s) with /ocp/interconnect@44c00000/segment@200000/target-module@b000/i2c@0/tda19988@70
[    0.568147] ti-sysc 48040000.target-module: probe with driver ti-sysc failed with error -16
[    0.579459] gpiochip_find_base_unlocked: found new base at 512
[    0.579561] gpio gpiochip0: (gpio-0-31): created GPIO range 0->7 ==> 44e10800.pinmux PIN 0->7
[    0.579581] gpio gpiochip0: (gpio-0-31): created GPIO range 8->11 ==> 44e10800.pinmux PIN 90->93
[    0.579597] gpio gpiochip0: (gpio-0-31): created GPIO range 12->27 ==> 44e10800.pinmux PIN 12->27
[    0.579612] gpio gpiochip0: (gpio-0-31): created GPIO range 28->31 ==> 44e10800.pinmux PIN 30->33
[    0.617498] gpio gpiochip0: (gpio-0-31): added GPIO chardev (254:0)
[    0.617644] gpio gpiochip0: registered GPIOs 512 to 543 on gpio-0-31
[    0.617729] OMAP GPIO hardware version 0.1
[    0.644521] i2c i2c-2: using DT '/ocp/interconnect@48000000/segment@100000/target-module@9c000/i2c@0' for 'scl' GPIO lookup
[    0.644596] of_get_named_gpiod_flags: can't parse 'scl-gpios' property of node '/ocp/interconnect@48000000/segment@100000/target-module@9c000/i2c@0[0]'
[    0.644640] of_get_named_gpiod_flags: can't parse 'scl-gpio' property of node '/ocp/interconnect@48000000/segment@100000/target-module@9c000/i2c@0[0]'
[    0.644678] i2c i2c-2: using lookup tables for GPIO lookup
[    0.644689] i2c i2c-2: No GPIO consumer scl found
[    0.644710] i2c i2c-2: using DT '/ocp/interconnect@48000000/segment@100000/target-module@9c000/i2c@0' for 'sda' GPIO lookup
[    0.644746] of_get_named_gpiod_flags: can't parse 'sda-gpios' property of node '/ocp/interconnect@48000000/segment@100000/target-module@9c000/i2c@0[0]'
[    0.644785] of_get_named_gpiod_flags: can't parse 'sda-gpio' property of node '/ocp/interconnect@48000000/segment@100000/target-module@9c000/i2c@0[0]'
[    0.644818] i2c i2c-2: using lookup tables for GPIO lookup
[    0.644825] i2c i2c-2: No GPIO consumer sda found
[    0.645579] omap_i2c 4819c000.i2c: bus 2 rev0.11 at 100 kHz
[    0.650968] gpiochip_find_base_unlocked: found new base at 544
[    0.651074] gpio gpiochip1: (gpio-32-63): created GPIO range 0->17 ==> 44e10800.pinmux PIN 34->51
[    0.651092] gpio gpiochip1: (gpio-32-63): created GPIO range 18->21 ==> 44e10800.pinmux PIN 77->80
[    0.651108] gpio gpiochip1: (gpio-32-63): created GPIO range 22->31 ==> 44e10800.pinmux PIN 56->65
[    0.652207] gpio gpiochip1: (gpio-32-63): added GPIO chardev (254:1)
[    0.652365] gpio gpiochip1: registered GPIOs 544 to 575 on gpio-32-63
[    0.654581] gpiochip_find_base_unlocked: found new base at 576
[    0.654673] gpio gpiochip2: (gpio-64-95): created GPIO range 0->4 ==> 44e10800.pinmux PIN 66->70
[    0.654692] gpio gpiochip2: (gpio-64-95): created GPIO range 5->6 ==> 44e10800.pinmux PIN 98->99
[    0.654707] gpio gpiochip2: (gpio-64-95): created GPIO range 7->8 ==> 44e10800.pinmux PIN 75->76
[    0.654723] gpio gpiochip2: (gpio-64-95): created GPIO range 13->13 ==> 44e10800.pinmux PIN 141->141
[    0.654739] gpio gpiochip2: (gpio-64-95): created GPIO range 14->21 ==> 44e10800.pinmux PIN 100->107
[    0.665522] gpio gpiochip2: (gpio-64-95): added GPIO chardev (254:2)
[    0.665673] gpio gpiochip2: registered GPIOs 576 to 607 on gpio-64-95
[    0.671193] 48000000.interconnect:segment@200000:target-module@0:mpu@0:fck: device ID is greater than 24
[    0.672358] /ocp/interconnect@48000000/segment@300000/target-module@e000/lcdc@0: Fixed dependency cycle(s) with /ocp/interconnect@44c00000/segment@200000/target-module@b000/i2c@0/tda19988@70
[    0.675165] /ocp/interconnect@48000000/segment@300000/target-module@e000/lcdc@0: Fixed dependency cycle(s) with /ocp/interconnect@44c00000/segment@200000/target-module@b000/i2c@0/tda19988@70
[    0.675874] /ocp/interconnect@44c00000/segment@200000/target-module@b000/i2c@0/tda19988@70: Fixed dependency cycle(s) with /ocp/interconnect@48000000/segment@300000/target-module@e000/lcdc@0
[    0.676041] /ocp/interconnect@48000000/segment@300000/target-module@e000/lcdc@0: Fixed dependency cycle(s) with /ocp/interconnect@44c00000/segment@200000/target-module@b000/i2c@0/tda19988@70
[    0.685729] mdio_bus 4a101000.mdio: using DT '/ocp/interconnect@4a000000/segment@0/target-module@100000/switch@0/mdio@1000' for 'reset' GPIO lookup
[    0.685804] of_get_named_gpiod_flags: can't parse 'reset-gpios' property of node '/ocp/interconnect@4a000000/segment@0/target-module@100000/switch@0/mdio@1000[0]'
[    0.685854] of_get_named_gpiod_flags: can't parse 'reset-gpio' property of node '/ocp/interconnect@4a000000/segment@0/target-module@100000/switch@0/mdio@1000[0]'
[    0.685903] mdio_bus 4a101000.mdio: using lookup tables for GPIO lookup
[    0.685913] mdio_bus 4a101000.mdio: No GPIO consumer reset found
[    0.687171] sdhci-omap 481d8000.mmc: using DT '/ocp/interconnect@48000000/segment@100000/target-module@d8000/mmc@0' for 'wp' GPIO lookup
[    0.687254] of_get_named_gpiod_flags: can't parse 'wp-gpios' property of node '/ocp/interconnect@48000000/segment@100000/target-module@d8000/mmc@0[0]'
[    0.687298] of_get_named_gpiod_flags: can't parse 'wp-gpio' property of node '/ocp/interconnect@48000000/segment@100000/target-module@d8000/mmc@0[0]'
[    0.687335] sdhci-omap 481d8000.mmc: using lookup tables for GPIO lookup
[    0.687344] sdhci-omap 481d8000.mmc: No GPIO consumer wp found
[    0.687534] sdhci-omap 481d8000.mmc: supply pbias not found, using dummy regulator
[    0.688037] sdhci-omap 481d8000.mmc: supply vqmmc not found, using dummy regulator
[    0.732801] davinci_mdio 4a101000.mdio: davinci mdio revision 1.6, bus freq 1000000
[    0.766648] mdio_bus 4a101000.mdio:00: using DT '/ocp/interconnect@4a000000/segment@0/target-module@100000/switch@0/mdio@1000/ethernet-phy@0' for 'reset' GPIO lookup
[    0.766756] of_get_named_gpiod_flags: parsed 'reset-gpios' property of node '/ocp/interconnect@4a000000/segment@0/target-module@100000/switch@0/mdio@1000/ethernet-phy@0[0]' - status (0)
[    0.766925] gpio gpiochip0: Persistence not supported for GPIO 8
[    0.896823] davinci_mdio 4a101000.mdio: phy[0]: device 4a101000.mdio:00, driver SMSC LAN8710/LAN8720
[    0.897605] cpsw-switch 4a100000.switch: initialized cpsw ale version 1.4
[    0.897630] cpsw-switch 4a100000.switch: ALE Table size 1024, Policers 0
[    0.897957] cpsw-switch 4a100000.switch: cpts: overflow check period 500 (jiffies)
[    0.897980] cpsw-switch 4a100000.switch: CPTS: ref_clk_freq:250000000 calc_mult:2147483648 calc_shift:29 error:0 nsec/sec
[    0.898090] cpsw-switch 4a100000.switch: Detected MACID = 6c:ec:eb:68:de:78
[    0.899924] cpsw-switch 4a100000.switch: initialized (regs 0x4a100000, pool size 256) hw_ver:0019010C 1.12 (0)
[    0.911077] debugfs: Directory '49000000.dma' with parent 'dmaengine' already present!
[    0.911117] edma 49000000.dma: TI EDMA DMA engine driver
[    0.943940] target-module@4b000000:target-module@140000:pmu@0:fck: device ID is greater than 24
[    0.957604] hw perfevents: enabled with armv7_cortex_a8 PMU driver, 5 (8000000f) counters available
[    0.958569] gpio-clk clk_mcasp0: using DT '/clk_mcasp0' for 'enable' GPIO lookup
[    0.958647] of_get_named_gpiod_flags: parsed 'enable-gpios' property of node '/clk_mcasp0[0]' - status (0)
[    0.958694] gpio gpiochip0: Persistence not supported for GPIO 27
[    0.959520] gpiochip_find_base_unlocked: found new base at 608
[    0.959629] gpio gpiochip3: (gpio-96-127): created GPIO range 0->7 ==> 44e10800.pinmux PIN 82->89
[    0.959648] gpio gpiochip3: (gpio-96-127): created GPIO range 8->11 ==> 44e10800.pinmux PIN 52->55
[    0.959664] gpio gpiochip3: (gpio-96-127): created GPIO range 12->15 ==> 44e10800.pinmux PIN 94->97
[    0.959679] gpio gpiochip3: (gpio-96-127): created GPIO range 16->17 ==> 44e10800.pinmux PIN 71->72
[    0.959694] gpio gpiochip3: (gpio-96-127): created GPIO range 18->18 ==> 44e10800.pinmux PIN 135->135
[    0.959711] gpio gpiochip3: (gpio-96-127): created GPIO range 19->20 ==> 44e10800.pinmux PIN 108->109
[    0.959727] gpio gpiochip3: (gpio-96-127): created GPIO range 21->21 ==> 44e10800.pinmux PIN 73->73
[    0.959743] gpio gpiochip3: (gpio-96-127): created GPIO range 22->23 ==> 44e10800.pinmux PIN 8->9
[    0.959760] gpio gpiochip3: (gpio-96-127): created GPIO range 26->27 ==> 44e10800.pinmux PIN 10->11
[    0.959777] gpio gpiochip3: (gpio-96-127): created GPIO range 28->28 ==> 44e10800.pinmux PIN 74->74
[    0.959795] gpio gpiochip3: (gpio-96-127): created GPIO range 29->29 ==> 44e10800.pinmux PIN 81->81
[    0.959813] gpio gpiochip3: (gpio-96-127): created GPIO range 30->31 ==> 44e10800.pinmux PIN 28->29
[    0.965383] l3-aon-clkctrl:0000:0: failed to disable
[    0.975378] gpio gpiochip3: (gpio-96-127): added GPIO chardev (254:3)
[    0.975531] gpio gpiochip3: registered GPIOs 608 to 639 on gpio-96-127
[    0.977350] omap8250 44e09000.serial: using DT '/ocp/interconnect@44c00000/segment@200000/target-module@9000/serial@0' for 'rs485-term' GPIO lookup
[    0.977422] of_get_named_gpiod_flags: can't parse 'rs485-term-gpios' property of node '/ocp/interconnect@44c00000/segment@200000/target-module@9000/serial@0[0]'
[    0.977467] of_get_named_gpiod_flags: can't parse 'rs485-term-gpio' property of node '/ocp/interconnect@44c00000/segment@200000/target-module@9000/serial@0[0]'
[    0.977506] omap8250 44e09000.serial: using lookup tables for GPIO lookup
[    0.977516] omap8250 44e09000.serial: No GPIO consumer rs485-term found
[    0.977526] omap8250 44e09000.serial: using DT '/ocp/interconnect@44c00000/segment@200000/target-module@9000/serial@0' for 'rs485-rx-during-tx' GPIO lookup
[    0.977563] of_get_named_gpiod_flags: can't parse 'rs485-rx-during-tx-gpios' property of node '/ocp/interconnect@44c00000/segment@200000/target-module@9000/serial@0[0]'
[    0.977602] of_get_named_gpiod_flags: can't parse 'rs485-rx-during-tx-gpio' property of node '/ocp/interconnect@44c00000/segment@200000/target-module@9000/serial@0[0]'
[    0.977635] omap8250 44e09000.serial: using lookup tables for GPIO lookup
[    0.977643] omap8250 44e09000.serial: No GPIO consumer rs485-rx-during-tx found
[    0.978011] 44e09000.serial: ttyS0 at MMIO 0x44e09000 (irq = 34, base_baud = 3000000) is a 8250
[    0.978096] printk: legacy console [ttyS0] enabled
[    2.483033] i2c i2c-0: using DT '/ocp/interconnect@44c00000/segment@200000/target-module@b000/i2c@0' for 'scl' GPIO lookup
[    2.483126] of_get_named_gpiod_flags: can't parse 'scl-gpios' property of node '/ocp/interconnect@44c00000/segment@200000/target-module@b000/i2c@0[0]'
[    2.483177] of_get_named_gpiod_flags: can't parse 'scl-gpio' property of node '/ocp/interconnect@44c00000/segment@200000/target-module@b000/i2c@0[0]'
[    2.483220] i2c i2c-0: using lookup tables for GPIO lookup
[    2.483235] i2c i2c-0: No GPIO consumer scl found
[    2.483261] i2c i2c-0: using DT '/ocp/interconnect@44c00000/segment@200000/target-module@b000/i2c@0' for 'sda' GPIO lookup
[    2.483303] of_get_named_gpiod_flags: can't parse 'sda-gpios' property of node '/ocp/interconnect@44c00000/segment@200000/target-module@b000/i2c@0[0]'
[    2.483346] of_get_named_gpiod_flags: can't parse 'sda-gpio' property of node '/ocp/interconnect@44c00000/segment@200000/target-module@b000/i2c@0[0]'
[    2.483383] i2c i2c-0: using lookup tables for GPIO lookup
[    2.483395] i2c i2c-0: No GPIO consumer sda found
[    2.502772] tps65217-pmic: Failed to locate of_node [id: -1]
[    2.508836] tps65217-bl: Failed to locate of_node [id: -1]
[    2.520252] tps65217 0-0024: TPS65217 ID 0xe version 1.2
[    2.526412] /ocp/interconnect@48000000/segment@300000/target-module@e000/lcdc@0: Fixed dependency cycle(s) with /ocp/interconnect@44c00000/segment@200000/target-module@b000/i2c@0/tda19988@70
[    2.543796] /ocp/interconnect@44c00000/segment@200000/target-module@b000/i2c@0/tda19988@70: Fixed dependency cycle(s) with /ocp/interconnect@48000000/segment@300000/target-module@e000/lcdc@0
[    2.561162] omap_i2c 44e0b000.i2c: bus 0 rev0.11 at 400 kHz
[    2.569014] sdhci-omap 48060000.mmc: using DT '/ocp/interconnect@48000000/segment@0/target-module@60000/mmc@0' for 'cd' GPIO lookup
[    2.569130] of_get_named_gpiod_flags: parsed 'cd-gpios' property of node '/ocp/interconnect@48000000/segment@0/target-module@60000/mmc@0[0]' - status (0)
[    2.569204] gpio gpiochip3: Persistence not supported for GPIO 6
[    2.569230] omap_gpio 44e07000.gpio: Could not set line 6 debounce to 200000 microseconds (-22)
[    2.578111] sdhci-omap 48060000.mmc: Got CD GPIO
[    2.582793] sdhci-omap 48060000.mmc: using DT '/ocp/interconnect@48000000/segment@0/target-module@60000/mmc@0' for 'wp' GPIO lookup
[    2.582861] of_get_named_gpiod_flags: can't parse 'wp-gpios' property of node '/ocp/interconnect@48000000/segment@0/target-module@60000/mmc@0[0]'
[    2.582909] of_get_named_gpiod_flags: can't parse 'wp-gpio' property of node '/ocp/interconnect@48000000/segment@0/target-module@60000/mmc@0[0]'
[    2.582950] sdhci-omap 48060000.mmc: using lookup tables for GPIO lookup
[    2.582965] sdhci-omap 48060000.mmc: No GPIO consumer wp found
[    2.583173] sdhci-omap 48060000.mmc: supply pbias not found, using dummy regulator
[    2.591945] sdhci-omap 481d8000.mmc: using DT '/ocp/interconnect@48000000/segment@100000/target-module@d8000/mmc@0' for 'wp' GPIO lookup
[    2.592021] of_get_named_gpiod_flags: can't parse 'wp-gpios' property of node '/ocp/interconnect@48000000/segment@100000/target-module@d8000/mmc@0[0]'
[    2.592073] of_get_named_gpiod_flags: can't parse 'wp-gpio' property of node '/ocp/interconnect@48000000/segment@100000/target-module@d8000/mmc@0[0]'
[    2.592113] sdhci-omap 481d8000.mmc: using lookup tables for GPIO lookup
[    2.592127] sdhci-omap 481d8000.mmc: No GPIO consumer wp found
[    2.593607] sdhci-omap 48060000.mmc: supply vqmmc not found, using dummy regulator
[    2.602478] sdhci-omap 481d8000.mmc: supply pbias not found, using dummy regulator
[    2.610464] sdhci-omap 481d8000.mmc: supply vqmmc not found, using dummy regulator
[    2.649227] mmc1: SDHCI controller on 481d8000.mmc [481d8000.mmc] using External DMA
[    2.658495] mmc0: SDHCI controller on 48060000.mmc [48060000.mmc] using External DMA
[    2.667356] cpsw-switch 4a100000.switch: starting ndev. mode: dual_mac
[    2.710992] mmc0: new high speed SDHC card at address 5048
[    2.718285] mmcblk0: mmc0:5048 SD16G 14.4 GiB
[    2.726483]  mmcblk0: p1 p2
[    2.729905] mmcblk0: p2 size 31221760 extends beyond EOD, truncated
[    2.743099] SMSC LAN8710/LAN8720 4a101000.mdio:00: attached PHY driver (mii_bus:phy_addr=4a101000.mdio:00, irq=POLL)
[    2.760176] mmc1: new high speed MMC card at address 0001
[    2.767187] mmcblk1: mmc1:0001 MMC04G 3.60 GiB
[    2.774742]  mmcblk1: p1 p2
[    2.778994] mmcblk1boot0: mmc1:0001 MMC04G 2.00 MiB
[    2.786349] mmcblk1boot1: mmc1:0001 MMC04G 2.00 MiB
[    2.793930] mmcblk1rpmb: mmc1:0001 MMC04G 128 KiB, chardev (250:0)
[    5.922554] cpsw-switch 4a100000.switch eth0: Link is Up - 100Mbps/Full - flow control off
[    5.951798] IP-Config: Complete:
[    5.955076]      device=eth0, hwaddr=6c:ec:eb:68:de:78, ipaddr=192.168.255.1, mask=255.255.255.0, gw=255.255.255.255
[    5.965719]      host=bbb1, domain=, nis-domain=(none)
[    5.970887]      bootserver=192.168.255.126, rootserver=192.168.255.126, rootpath=
[    5.971302] clk: Disabling unused clocks
[    5.983168] PM: genpd: Disabling unused power domains
[    5.988289] KTAP version 1
[    5.991011] 1..0
[    6.016902] VFS: Mounted root (nfs filesystem) on device 0:17.
[    6.024121] devtmpfs: mounted
[    6.028793] Freeing unused kernel image (initmem) memory: 1024K
[    6.035612] Run /sbin/init as init process
[    6.039746]   with arguments:
[    6.039759]     /sbin/init
[    6.039769]     nfsrootdebug
[    6.039779]   with environment:
[    6.039788]     HOME=/
[    6.039797]     TERM=linux
[    6.746642] systemd[1]: System time before build time, advancing clock.
