Labgrid Console Logfile for main
Logfile started at 2024-10-17 17:14:49.383367
=== Log starts here ===
reading args
spl_load_image_fat_os: error reading image args, err - -1
reading u-boot.img
reading u-boot.img


U-Boot 2014.04-00014-g47880f5 (Apr 22 2014 - 13:23:54)

I2C:   ready
DRAM:  512 MiB
NAND:  0 MiB
MMC:   OMAP SD/MMC: 0, OMAP SD/MMC: 1
*** Warning - readenv() failed, using default environment

Net:   <ethaddr> not set. Validating first E-fuse MAC
cpsw, usb_ether
Hit any key to stop autoboot:  1  0 
gpio: pin 53 (gpio 53) value is 1
mmc0 is current device
gpio: pin 54 (gpio 54) value is 1
SD/MMC found on device 0
reading uEnv.txt
569 bytes read in 4 ms (138.7 KiB/s)
gpio: pin 55 (gpio 55) value is 1
Loaded environment from uEnv.txt
Importing environment from mmc ...
Checking if uenvcmd is set ...
gpio: pin 56 (gpio 56) value is 1
Running uenvcmd ...
cpsw Waiting for PHY auto negotiation to complete. done
link up on port 0, speed 100, full duplex
Using cpsw device
TFTP from server 192.168.255.126; our IP address is 192.168.255.1
Filename 'zImage'.
Load address: 0x81000000
Loading: *#################################################################
	 #################################################################
	 #################################################################
	 #################################################################
	 #################################################################
	 ###############################################
	 2.4 MiB/s
done
Bytes transferred = 5449672 (5327c8 hex)
link up on port 0, speed 100, full duplex
Using cpsw device
TFTP from server 192.168.255.126; our IP address is 192.168.255.1
Filename 'am335x-boneblack.dtb'.
Load address: 0x82000000
Loading: *#######
	 2.2 MiB/s
done
Bytes transferred = 97996 (17ecc hex)
Kernel image @ 0x81000000 [ 0x000000 - 0x5327c8 ]
## Flattened Device Tree blob at 82000000
   Booting using the fdt blob at 0x82000000
   Using Device Tree in place at 82000000, end 8201aecb

Starting kernel ...

[    0.000000] Booting Linux on physical CPU 0x0
[    0.000000] Linux version 6.11.4 (user01@drvtest01) (arm-linux-gnueabihf-gcc (Linaro GCC 6.4-2017.11) 6.4.1 20171012, GNU ld (Linaro_Binutils-2017.11) 2.27.0.20161229) #1 SMP Thu Oct 17 17:11:04 EEST 2024
[    0.000000] CPU: ARMv7 Processor [413fc082] revision 2 (ARMv7), cr=10c5387d
[    0.000000] CPU: PIPT / VIPT nonaliasing data cache, VIPT aliasing instruction cache
[    0.000000] OF: fdt: Machine model: TI AM335x BeagleBone Black
[    0.000000] Memory policy: Data cache writeback
[    0.000000] cma: Reserved 16 MiB at 0x9e800000 on node -1
[    0.000000] Zone ranges:
[    0.000000]   Normal   [mem 0x0000000080000000-0x000000009fdfffff]
[    0.000000]   HighMem  empty
[    0.000000] Movable zone start for each node
[    0.000000] Early memory node ranges
[    0.000000]   node   0: [mem 0x0000000080000000-0x000000009fdfffff]
[    0.000000] Initmem setup node 0 [mem 0x0000000080000000-0x000000009fdfffff]
[    0.000000] CPU: All CPU(s) started in SVC mode.
[    0.000000] AM335X ES2.1 (sgx neon)
[    0.000000] percpu: Embedded 17 pages/cpu s39628 r8192 d21812 u69632
[    0.000000] Kernel command line: console=ttyO0,115200n8 root=/dev/nfs rw nfsroot=192.168.255.126:/home/user01/nfs,nfsvers=3 ip=192.168.255.1:192.168.255.126::255.255.255.0:bbb1:eth0 nfsrootdebug
[    0.000000] Unknown kernel command line parameters "nfsrootdebug", will be passed to user space.
[    0.000000] Dentry cache hash table entries: 65536 (order: 6, 262144 bytes, linear)
[    0.000000] Inode-cache hash table entries: 32768 (order: 5, 131072 bytes, linear)
[    0.000000] Built 1 zonelists, mobility grouping on.  Total pages: 130560
[    0.000000] mem auto-init: stack:off, heap alloc:off, heap free:off
[    0.000000] SLUB: HWalign=64, Order=0-3, MinObjects=0, CPUs=1, Nodes=1
[    0.000000] trace event string verifier disabled
[    0.000000] rcu: Hierarchical RCU implementation.
[    0.000000] rcu: 	RCU event tracing is enabled.
[    0.000000] rcu: 	RCU restricting CPUs from NR_CPUS=2 to nr_cpu_ids=1.
[    0.000000] rcu: RCU calculated value of scheduler-enlistment delay is 10 jiffies.
[    0.000000] rcu: Adjusting geometry for rcu_fanout_leaf=16, nr_cpu_ids=1
[    0.000000] NR_IRQS: 16, nr_irqs: 16, preallocated irqs: 16
[    0.000000] IRQ: Found an INTC at 0x(ptrval) (revision 5.0) with 128 interrupts
[    0.000000] rcu: srcu_init: Setting srcu_struct sizes based on contention.
[    0.000000] TI gptimer clocksource: always-on /ocp/interconnect@44c00000/segment@200000/target-module@31000
[    0.000002] sched_clock: 32 bits at 24MHz, resolution 41ns, wraps every 89478484971ns
[    0.000027] clocksource: dmtimer: mask: 0xffffffff max_cycles: 0xffffffff, max_idle_ns: 79635851949 ns
[    0.000512] TI gptimer clockevent: 24000000 Hz at /ocp/interconnect@48000000/segment@0/target-module@40000
[    0.002137] Console: colour dummy device 80x30
[    0.002208] WARNING: Your 'console=ttyO0' has been replaced by 'ttyS0'
[    0.002219] This ensures that you still see kernel messages. Please
[    0.002225] update your kernel commandline.
[    0.002268] Calibrating delay loop... 996.14 BogoMIPS (lpj=4980736)
[    0.090569] CPU: Testing write buffer coherency: ok
[    0.090674] CPU0: Spectre v2: using BPIALL workaround
[    0.090687] pid_max: default: 32768 minimum: 301
[    0.090815] LSM: initializing lsm=capability
[    0.090981] Mount-cache hash table entries: 1024 (order: 0, 4096 bytes, linear)
[    0.091006] Mountpoint-cache hash table entries: 1024 (order: 0, 4096 bytes, linear)
[    0.092545] CPU0: thread -1, cpu 0, socket -1, mpidr 0
[    0.094242] Setting up static identity map for 0x80100000 - 0x80100078
[    0.094552] rcu: Hierarchical SRCU implementation.
[    0.094564] rcu: 	Max phase no-delay instances is 1000.
[    0.096220] smp: Bringing up secondary CPUs ...
[    0.096280] smp: Brought up 1 node, 1 CPU
[    0.096295] SMP: Total of 1 processors activated (996.14 BogoMIPS).
[    0.096308] CPU: All CPU(s) started in SVC mode.
[    0.096499] Memory: 480876K/522240K available (11264K kernel code, 1197K rwdata, 2856K rodata, 1024K init, 297K bss, 23344K reserved, 16384K cma-reserved, 0K highmem)
[    0.097301] devtmpfs: initialized
[    0.113681] VFP support v0.3: implementor 41 architecture 3 part 30 variant c rev 3
[    0.114039] clocksource: jiffies: mask: 0xffffffff max_cycles: 0xffffffff, max_idle_ns: 19112604462750000 ns
[    0.114076] futex hash table entries: 256 (order: 2, 16384 bytes, linear)
[    0.115359] pinctrl core: initialized pinctrl subsystem
[    0.118109] NET: Registered PF_NETLINK/PF_ROUTE protocol family
[    0.121107] DMA: preallocated 256 KiB pool for atomic coherent allocations
[    0.122067] audit: initializing netlink subsys (disabled)
[    0.123436] thermal_sys: Registered thermal governor 'fair_share'
[    0.123458] thermal_sys: Registered thermal governor 'step_wise'
[    0.123469] thermal_sys: Registered thermal governor 'user_space'
[    0.123582] audit: type=2000 audit(0.120:1): state=initialized audit_enabled=0 res=1
[    0.123652] cpuidle: using governor menu
[    0.142549] No ATAGs?
[    0.142582] hw-breakpoint: debug architecture 0x4 unsupported.
[    0.145449] kprobes: kprobe jump-optimization is enabled. All kprobes are optimized if possible.
[    0.164381] iommu: Default domain type: Translated
[    0.164409] iommu: DMA domain TLB invalidation policy: strict mode
[    0.171484] SCSI subsystem initialized
[    0.181680] pps_core: LinuxPPS API ver. 1 registered
[    0.181695] pps_core: Software ver. 5.3.6 - Copyright 2005-2007 Rodolfo Giometti <giometti@linux.it>
[    0.181723] PTP clock support registered
[    0.183660] vgaarb: loaded
[    0.184064] clocksource: Switched to clocksource dmtimer
[    0.184662] VFS: Disk quotas dquot_6.6.0
[    0.184711] VFS: Dquot-cache hash table entries: 1024 (order 0, 4096 bytes)
[    0.209607] NET: Registered PF_INET protocol family
[    0.209965] IP idents hash table entries: 8192 (order: 4, 65536 bytes, linear)
[    0.211358] tcp_listen_portaddr_hash hash table entries: 512 (order: 0, 4096 bytes, linear)
[    0.211397] Table-perturb hash table entries: 65536 (order: 6, 262144 bytes, linear)
[    0.211415] TCP established hash table entries: 4096 (order: 2, 16384 bytes, linear)
[    0.211461] TCP bind hash table entries: 4096 (order: 4, 65536 bytes, linear)
[    0.211562] TCP: Hash tables configured (established 4096 bind 4096)
[    0.211689] UDP hash table entries: 256 (order: 1, 8192 bytes, linear)
[    0.211720] UDP-Lite hash table entries: 256 (order: 1, 8192 bytes, linear)
[    0.211891] NET: Registered PF_UNIX/PF_LOCAL protocol family
[    0.225188] RPC: Registered named UNIX socket transport module.
[    0.225218] RPC: Registered udp transport module.
[    0.225225] RPC: Registered tcp transport module.
[    0.225231] RPC: Registered tcp-with-tls transport module.
[    0.225238] RPC: Registered tcp NFSv4.1 backchannel transport module.
[    0.225264] PCI: CLS 0 bytes, default 64
[    0.226716] Initialise system trusted keyrings
[    0.227790] workingset: timestamp_bits=14 max_order=17 bucket_order=3
[    0.229043] NFS: Registering the id_resolver key type
[    0.229160] Key type id_resolver registered
[    0.229169] Key type id_legacy registered
[    0.229221] jffs2: version 2.2. (NAND) (SUMMARY)  Â© 2001-2006 Red Hat, Inc.
[    0.229681] Key type asymmetric registered
[    0.229702] Asymmetric key parser 'x509' registered
[    0.229767] io scheduler mq-deadline registered
[    0.229779] io scheduler kyber registered
[    0.229848] io scheduler bfq registered
[    0.244283] Serial: 8250/16550 driver, 6 ports, IRQ sharing enabled
[    0.306984] brd: module loaded
[    0.318146] loop: module loaded
[    0.319072] mtdoops: mtd device (mtddev=name/number) must be supplied
[    0.336453] i2c_dev: i2c /dev entries driver
[    0.337420] cpuidle: enable-method property 'ti,am3352' found operations
[    0.337865] sdhci: Secure Digital Host Controller Interface driver
[    0.337877] sdhci: Copyright(c) Pierre Ossman
[    0.338054] sdhci-pltfm: SDHCI platform and OF driver helper
[    0.338336] ledtrig-cpu: registered to indicate activity on CPUs
[    0.339276] Initializing XFRM netlink socket
[    0.339402] NET: Registered PF_INET6 protocol family
[    0.341276] Segment Routing with IPv6
[    0.341375] In-situ OAM (IOAM) with IPv6
[    0.341473] sit: IPv6, IPv4 and MPLS over IPv4 tunneling driver
[    0.342416] NET: Registered PF_PACKET protocol family
[    0.342458] NET: Registered PF_KEY protocol family
[    0.342577] Key type dns_resolver registered
[    0.342851] ThumbEE CPU extension supported.
[    0.342876] Registering SWP/SWPB emulation handler
[    0.343395] omap_voltage_late_init: Voltage driver support not added
[    0.343742] SmartReflex Class3 initialized
[    0.387063] Loading compiled-in X.509 certificates
[    0.442604] platform 44e10800.pinmux: Fixed dependency cycle(s) with /ocp/interconnect@44c00000/segment@200000/target-module@10000/scm@0/pinmux@800/clkout2-pins
[    0.443168] pinctrl-single 44e10800.pinmux: 142 pins, size 568
[    0.448598] ti-sysc 44e31000.target-module: probe with driver ti-sysc failed with error -16
[    0.474971] ti-sysc 48040000.target-module: probe with driver ti-sysc failed with error -16
[    0.514487] OMAP GPIO hardware version 0.1
[    0.538637] omap_i2c 4819c000.i2c: bus 2 rev0.11 at 100 kHz
[    0.567837] 48000000.interconnect:segment@200000:target-module@0:mpu@0:fck: device ID is greater than 24
[    0.572010] platform 4830e000.lcdc: Fixed dependency cycle(s) with /ocp/interconnect@44c00000/segment@200000/target-module@b000/i2c@0/tda19988@70
[    0.582984] sdhci-omap 481d8000.mmc: supply pbias not found, using dummy regulator
[    0.583454] sdhci-omap 481d8000.mmc: supply vqmmc not found, using dummy regulator
[    0.655843] davinci_mdio 4a101000.mdio: davinci mdio revision 1.6, bus freq 1000000
[    0.771580] davinci_mdio 4a101000.mdio: phy[0]: device 4a101000.mdio:00, driver SMSC LAN8710/LAN8720
[    0.772224] cpsw-switch 4a100000.switch: initialized cpsw ale version 1.4
[    0.772248] cpsw-switch 4a100000.switch: ALE Table size 1024
[    0.772564] cpsw-switch 4a100000.switch: cpts: overflow check period 500 (jiffies)
[    0.772588] cpsw-switch 4a100000.switch: CPTS: ref_clk_freq:250000000 calc_mult:2147483648 calc_shift:29 error:0 nsec/sec
[    0.772702] cpsw-switch 4a100000.switch: Detected MACID = 6c:ec:eb:68:de:78
[    0.774699] cpsw-switch 4a100000.switch: initialized (regs 0x4a100000, pool size 256) hw_ver:0019010C 1.12 (0)
[    0.785740] debugfs: Directory '49000000.dma' with parent 'dmaengine' already present!
[    0.785788] edma 49000000.dma: TI EDMA DMA engine driver
[    0.825819] target-module@4b000000:target-module@140000:pmu@0:fck: device ID is greater than 24
[    0.848514] hw perfevents: enabled with armv7_cortex_a8 PMU driver, 5 counters available
[    0.856879] l3-aon-clkctrl:0000:0: failed to disable
[    0.871725] 44e09000.serial: ttyS0 at MMIO 0x44e09000 (irq = 34, base_baud = 3000000) is a 8250
[    0.871811] printk: legacy console [ttyS0] enabled
[    2.097820] tps65217-pmic: Failed to locate of_node [id: -1]
[    2.103889] tps65217-bl: Failed to locate of_node [id: -1]
[    2.130340] tps65217 0-0024: TPS65217 ID 0xe version 1.2
[    2.136501] platform 4830e000.lcdc: Fixed dependency cycle(s) with /ocp/interconnect@44c00000/segment@200000/target-module@b000/i2c@0/tda19988@70
[    2.149917] i2c 0-0070: Fixed dependency cycle(s) with /ocp/interconnect@48000000/segment@300000/target-module@e000/lcdc@0
[    2.161311] omap_i2c 44e0b000.i2c: bus 0 rev0.11 at 400 kHz
[    2.201023] omap_gpio 44e07000.gpio: Could not set line 6 debounce to 200000 microseconds (-22)
[    2.209958] sdhci-omap 48060000.mmc: Got CD GPIO
[    2.215022] sdhci-omap 48060000.mmc: supply pbias not found, using dummy regulator
[    2.231669] sdhci-omap 48060000.mmc: supply vqmmc not found, using dummy regulator
[    2.240237] sdhci-omap 481d8000.mmc: supply pbias not found, using dummy regulator
[    2.248536] sdhci-omap 481d8000.mmc: supply vqmmc not found, using dummy regulator
[    2.284141] mmc1: SDHCI controller on 481d8000.mmc [481d8000.mmc] using External DMA
[    2.293342] mmc0: SDHCI controller on 48060000.mmc [48060000.mmc] using External DMA
[    2.302161] cpsw-switch 4a100000.switch: starting ndev. mode: dual_mac
[    2.343263] mmc0: new high speed SDHC card at address 5048
[    2.350369] mmcblk0: mmc0:5048 SD16G 14.4 GiB
[    2.358275]  mmcblk0: p1 p2
[    2.361643] mmcblk0: p2 size 31221760 extends beyond EOD, truncated
[    2.376131] mmc1: new high speed MMC card at address 0001
[    2.382870] mmcblk1: mmc1:0001 MMC04G 3.60 GiB
[    2.390258]  mmcblk1: p1 p2
[    2.394650] mmcblk1boot0: mmc1:0001 MMC04G 2.00 MiB
[    2.401800] mmcblk1boot1: mmc1:0001 MMC04G 2.00 MiB
[    2.409058] mmcblk1rpmb: mmc1:0001 MMC04G 128 KiB, chardev (250:0)
[    2.415591] SMSC LAN8710/LAN8720 4a101000.mdio:00: attached PHY driver (mii_bus:phy_addr=4a101000.mdio:00, irq=POLL)
[    5.604825] cpsw-switch 4a100000.switch eth0: Link is Up - 100Mbps/Full - flow control off
[    5.664079] IP-Config: Complete:
[    5.667354]      device=eth0, hwaddr=6c:ec:eb:68:de:78, ipaddr=192.168.255.1, mask=255.255.255.0, gw=255.255.255.255
[    5.677981]      host=bbb1, domain=, nis-domain=(none)
[    5.683148]      bootserver=192.168.255.126, rootserver=192.168.255.126, rootpath=
[    5.683576] clk: Disabling unused clocks
[    5.695407] PM: genpd: Disabling unused power domains
[    5.700526] KTAP version 1
[    5.703246] 1..0
[    5.728163] VFS: Mounted root (nfs filesystem) on device 0:17.
[    5.735379] devtmpfs: mounted
[    5.740030] Freeing unused kernel image (initmem) memory: 1024K
[    5.746756] Run /sbin/init as init process
[    6.435057] systemd[1]: System time before build time, advancing clock.
[    7.914076] random: crng init done
[    7.986635] systemd[1]: systemd 232 running in system mode. (+PAM +AUDIT +SELINUX +IMA +APPARMOR +SMACK +SYSVINIT +UTMP +LIBCRYPTSETUP +GCRYPT +GNUTLS +ACL +XZ +LZ4 +SECCOMP +BLKID +ELFUTILS +KMOD +IDN)
[    8.005615] systemd[1]: Detected architecture arm.

Welcome to [1mDebian GNU/Linux 9 (stretch)[0m!

[    8.047049] systemd[1]: Set hostname to <arm>.
[    9.127591] systemd[1]: Listening on udev Kernel Socket.
[[0;32m  OK  [0m] Listening on udev Kernel Socket.
[    9.165871] systemd[1]: Created slice User and Session Slice.
[[0;32m  OK  [0m] Created slice User and Session Slice.
[    9.205125] systemd[1]: Listening on Journal Audit Socket.
[[0;32m  OK  [0m] Listening on Journal Audit Socket.
[    9.245987] systemd[1]: Listening on Syslog Socket.
[[0;32m  OK  [0m] Listening on Syslog Socket.
[    9.284921] systemd[1]: Listening on Journal Socket.
[[0;32m  OK  [0m] Listening on Journal Socket.
[    9.325759] systemd[1]: Set up automount Arbitrary Executable File Formats File System Automount Point.
[[0;32m  OK  [0m] Set up automount Arbitrary Executabâ€¦rmats File System Automount Point.
[    9.364952] systemd[1]: Started Dispatch Password Requests to Console Directory Watch.
[[0;32m  OK  [0m] Started Dispatch Password Requests to Console Directory Watch.
[[0;32m  OK  [0m] Started Forward Password Requests to Wall Directory Watch.
[[0;32m  OK  [0m] Reached target Paths.
[[0;32m  OK  [0m] Created slice System Slice.
         Starting Create list of required stâ€¦ce nodes for the current kernel...
[[0;32m  OK  [0m] Created slice system-getty.slice.
[[0;32m  OK  [0m] Created slice system-serial\x2dgetty.slice.
         Starting Remount Root and Kernel File Systems...
         Mounting Debug File System...
[[0;32m  OK  [0m] Reached target Remote File Systems.
[[0;32m  OK  [0m] Listening on Journal Socket (/dev/log).
         Starting Journal Service...
[[0;32m  OK  [0m] Reached target Swap.
[[0;32m  OK  [0m] Listening on udev Control Socket.
         Mounting POSIX Message Queue File System...
[[0;32m  OK  [0m] Listening on /dev/initctl Compatibility Named Pipe.
[[0;32m  OK  [0m] Reached target Slices.
         Starting Load Kernel Modules...
[[0;32m  OK  [0m] Reached target Encrypted Volumes.
[[0;32m  OK  [0m] Mounted POSIX Message Queue File System.
[[0;32m  OK  [0m] Mounted Debug File System.
[[0;32m  OK  [0m] Started Create list of required staâ€¦vice nodes for the current kernel.
[[0;32m  OK  [0m] Started Remount Root and Kernel File Systems.
         Starting Load/Save Random Seed...
         Starting udev Coldplug all Devices...
         Starting Create Static Device Nodes in /dev...
[[0;32m  OK  [0m] Started Load Kernel Modules.
         Starting Apply Kernel Variables...
         Mounting Configuration File System...
[[0;32m  OK  [0m] Started Load/Save Random Seed.
[[0;32m  OK  [0m] Mounted Configuration File System.
[[0;32m  OK  [0m] Started Apply Kernel Variables.
[[0;32m  OK  [0m] Started Journal Service.
         Starting Flush Journal to Persistent Storage...
[[0;32m  OK  [0m] Started Create Static Device Nodes in /dev.
[[0;32m  OK  [0m] Reached target Local File Systems (Pre).
[[0;32m  OK  [0m] Reached target Local File Systems.
         Starting Raise network interfaces...
         Starting udev Kernel Device Manager...
[   11.377808] systemd-journald[88]: Received request to flush runtime journal from PID 1
[[0;32m  OK  [0m] Started Flush Journal to Persistent Storage.
         Starting Create Volatile Files and Directories...
[[0;32m  OK  [0m] Started udev Kernel Device Manager.
[[0;32m  OK  [0m] Started Create Volatile Files and Directories.
         Starting Network Time Synchronization...
         Starting Update UTMP about System Boot/Shutdown...
[[0;32m  OK  [0m] Started udev Coldplug all Devices.
[[0;32m  OK  [0m] Started Update UTMP about System Boot/Shutdown.
[   14.576018] remoteproc remoteproc0: wkup_m3 is available
[[0;32m  OK  [0m] Started Network Time Synchronization.
[[0;32m  OK  [0m] Reached target System Time Synchronized.
[   14.840547] omap_wdt: OMAP Watchdog Timer Rev 0x01: initial timeout 60 sec
[[0;32m  OK  [0m] Reached target System Initialization.[   14.861015] omap_rtc 44e3e000.rtc: registered as rtc0

[   14.868653] omap_rtc 44e3e000.rtc: setting system clock to 2000-01-01T00:00:00 UTC (946684800)
[[0;32m  OK  [0m] Started Daily apt download activities.
[[0;32m  OK  [0m] Started Daily Cleanup of Temporary Directories.
[[0;32m  OK  [0m] Listening on Avahi mDNS/DNS-SD Stack Activation Socket.
[   15.030357] at24 2-0054: supply vcc not found, using dummy regulator
[[0;32m  OK  [0m] Listening on D-Bus System Message Bus Socket.
[[0;32m  OK  [0m] Reached target Sockets.
[   15.223659] at24 2-0055: supply vcc not found, using dummy regulator
[[0;32m  OK  [0m] Started Daily apt upgrade and clean activities.
[[0;32m  OK  [0m] Reached target Timers.
[[0;32m  OK  [0m] Reached target Basic System.
[   15.314952] at24 2-0056: supply vcc not found, using dummy regulator
         Starting LSB: Start busybox udhcpd at boot time...[   15.414187] at24 2-0057: supply vcc not found, using dummy regulator

         Starting Login Service...
[   15.547961] at24 0-0050: 32768 byte 24c256 EEPROM, writable, 1 bytes/write
[[0;32m  OK  [0m] Started D-Bus System Message Bus.
[   15.716147] tps6521x_pwrbutton tps65217-pwrbutton: DMA mask not set
[   15.812549] input: tps65217_pwrbutton as /devices/platform/ocp/44c00000.interconnect/44c00000.interconnect:segment@200000/44e0b000.target-module/44e0b000.i2c/i2c-0/0-0024/tps65217-pwrbutton/input/input0
[   15.874885] wkup_m3_ipc 44e11324.wkup_m3_ipc: IPC Request for A8->M3 Channel failed! -517
[   16.166073] am335x-phy-driver 47401300.usb-phy: dummy supplies not allowed for exclusive requests (id=vbus)
[   16.348387] usbcore: registered new interface driver usbfs
[   16.354240] usbcore: registered new interface driver hub
[   16.359722] usbcore: registered new device driver usb
[   16.464788] am335x-phy-driver 47401b00.usb-phy: dummy supplies not allowed for exclusive requests (id=vbus)
[   16.477170] wkup_m3_ipc 44e11324.wkup_m3_ipc: IPC Request for A8->M3 Channel failed! -517
[   16.687559] wkup_m3_ipc 44e11324.wkup_m3_ipc: IPC Request for A8->M3 Channel failed! -517
[   16.906502] wkup_m3_ipc 44e11324.wkup_m3_ipc: IPC Request for A8->M3 Channel failed! -517
[   17.034201] musb-hdrc musb-hdrc.1: MUSB HDRC host driver
[   17.039632] musb-hdrc musb-hdrc.1: new USB bus registered, assigned bus number 1
[   17.084002] wkup_m3_ipc 44e11324.wkup_m3_ipc: IPC Request for A8->M3 Channel failed! -517
[   17.117788] tda998x 0-0070: found TDA19988
[   17.195481] wkup_m3_ipc 44e11324.wkup_m3_ipc: IPC Request for A8->M3 Channel failed! -517
[   17.213655] usb usb1: New USB device found, idVendor=1d6b, idProduct=0002, bcdDevice= 6.11
[   17.222247] usb usb1: New USB device strings: Mfr=3, Product=2, SerialNumber=1
[   17.229669] usb usb1: Product: MUSB HDRC host driver
[   17.234721] usb usb1: Manufacturer: Linux 6.11.4 musb-hcd
[   17.240150] usb usb1: SerialNumber: musb-hdrc.1
[   17.401330] hub 1-0:1.0: USB hub found
[   17.452461] hub 1-0:1.0: 1 port detected
[   17.500082] wkup_m3_ipc 44e11324.wkup_m3_ipc: IPC Request for A8->M3 Channel failed! -517
[   17.593971] omap-mailbox 480c8000.mailbox: omap mailbox rev 0x400
[   17.657372] remoteproc remoteproc0: powering up wkup_m3
[   17.795778] remoteproc remoteproc0: Direct firmware load for am335x-pm-firmware.elf failed with error -2
[   17.805559] remoteproc remoteproc0: request_firmware failed: -2
[   17.811521] wkup_m3_ipc 44e11324.wkup_m3_ipc: rproc_boot failed
[   19.328669] tilcdc 4830e000.lcdc: bound 0-0070 (ops tda998x_driver_exit [tda998x])
[   19.433559] [drm] Initialized tilcdc 1.0.0 for 4830e000.lcdc on minor 0
[   19.463931] omap_rng 48310000.rng: Random Number Generator ver. 20
[   19.522985] tilcdc 4830e000.lcdc: [drm] Cannot find any crtc or sizes
         Starting Connection service...
[   19.561007] tilcdc 4830e000.lcdc: [drm] Cannot find any crtc or sizes
         Starting Generic Board Startup...
         Starting Telephony service...
         Starting Avahi mDNS/DNS-SD Stack...
         Starting LSB: Load kernel modules needed to enable cpufreq scaling...
         Starting DUN service...
         Starting System Logging Service...
[[0;32m  OK  [0m] Started Regular background program processing daemon.
         Starting Cape Manager Service...
[   20.860754] PM: Cannot get wkup_m3_ipc handle
[   20.890653] omap-sham 53100000.sham: hw accel on OMAP rev 4.3
[   21.070275] omap-sham 53100000.sham: will run requests pump with realtime priority
[   21.079751] PM: Cannot get wkup_m3_ipc handle
[   21.379721] omap-aes 53500000.aes: OMAP AES hw accel rev: 3.2
[   21.509409] omap-aes 53500000.aes: will run requests pump with realtime priority
[   21.522128] PM: Cannot get wkup_m3_ipc handle
[[0;32m  OK  [0m] Found device /dev/ttyS0.
[[0;32m  OK  [0m] Started System Logging Service.
[[0;32m  OK  [0m] Started Cape Manager Service.
[   23.354672] Bluetooth: Core ver 2.22
[   23.358490] NET: Registered PF_BLUETOOTH protocol family
[   23.363837] Bluetooth: HCI device and connection manager initialized
[   23.370514] Bluetooth: HCI socket layer initialized
[   23.375509] Bluetooth: L2CAP socket layer initialized
[   23.380631] Bluetooth: SCO socket layer initialized
[   25.175521] PM: Cannot get wkup_m3_ipc handle
[   25.296494] PM: Cannot get wkup_m3_ipc handle
[[0;32m  OK  [0m] Started LSB: Start busybox udhcpd at boot time.
[[0;32m  OK  [0m] Started Raise network interfaces.
[[0;32m  OK  [0m] Started LSB: Load kernel modules needed to enable cpufreq scaling.
[   28.676410] configfs-gadget.g_multi gadget.0: HOST MAC 1c:ba:8c:a2:ed:6c
[   28.683185] configfs-gadget.g_multi gadget.0: MAC 1c:ba:8c:a2:ed:70
[   28.690709] configfs-gadget.g_multi gadget.0: HOST MAC 1c:ba:8c:a2:ed:6c
[   28.697593] configfs-gadget.g_multi gadget.0: MAC 1c:ba:8c:a2:ed:6d
[   28.705637] PM: Cannot get wkup_m3_ipc handle
[[0;32m  OK  [0m] Started DUN service.
[[0;32m  OK  [0m] Started Telephony service.
[[0;32m  OK  [0m] Started Avahi mDNS/DNS-SD Stack.
[[0;32m  OK  [0m] Started Connection service.
[[0;32m  OK  [0m] Started Login Service.
         Starting Hostname Service...
         Starting WPA supplicant...
[[0;32m  OK  [0m] Reached target Sound Card.
         Starting LSB: set CPUFreq kernel parameters...
[[0;32m  OK  [0m] Started Hostname Service.
[[0;32m  OK  [0m] Started WPA supplicant.
[[0;32m  OK  [0m] Reached target Network.
         Starting Permit User Sessions...
         Starting OpenBSD Secure Shell server...
[[0;32m  OK  [0m] Reached target Network is Online.
         Starting LSB: Advanced IEEE 802.11 management daemon...
         Starting The Apache HTTP Server...
[[0;32m  OK  [0m] Started LSB: set CPUFreq kernel parameters.
[[0;32m  OK  [0m] Started Permit User Sessions.
[[0;32m  OK  [0m] Started LSB: Advanced IEEE 802.11 management daemon.
[[0;32m  OK  [0m] Started Getty on tty1.
[[0;32m  OK  [0m] Started Serial Getty on ttyS0.
[[0;32m  OK  [0m] Reached target Login Prompts.
         Stopping LSB: Start busybox udhcpd at boot time...
[[0;32m  OK  [0m] Started OpenBSD Secure Shell server.
[[0;32m  OK  [0m] Stopped LSB: Start busybox udhcpd at boot time.
         Starting dnsmasq - A lightweight DHCP and caching DNS server...
[[0;32m  OK  [0m] Started The Apache HTTP Server.
[[0;32m  OK  [0m] Started dnsmasq - A lightweight DHCP and caching DNS server.
[[0;32m  OK  [0m] Reached target Host and Network Name Lookups.
[[0;32m  OK  [0m] Started Serial Getty on ttyGS0.
[[0;32m  OK  [0m] Started Generic Board Startup.
[[0;32m  OK  [0m] Reached target Multi-User System.
[[0;32m  OK  [0m] Reached target Graphical Interface.
         Starting Update UTMP about System Runlevel Changes...
[[0;32m  OK  [0m] Started Update UTMP about System Runlevel Changes.

Debian GNU/Linux 9 arm ttyS0

default username:password is [debian:temppwd]

arm login: root
Password: 
Last login: Sat Jan  1 00:00:25 UTC 2000 on ttyS0
root
Linux arm 6.11.4 #1 SMP Thu Oct 17 17:11:04 EEST 2024 armv7l

The programs included with the Debian GNU/Linux system are free software;
the exact distribution terms for each program are described in the
individual files in /usr/share/doc/*/copyright.

Debian GNU/Linux comes with ABSOLUTELY NO WARRANTY, to the extent
permitted by applicable law.
root@arm:~# root
-bash: root: command not found
root@arm:~# dmesg -n 1
root@arm:~# echo 'SFZX''OHEVOJ'
SFZXOHEVOJ
root@arm:~# run() { echo -n "$MARKER"; sh -c "$@"; echo "$MARKER $?"; }
root@arm:~# echo 'YMWM''LGCGSX'
YMWMLGCGSX
root@arm:~# MARKER='JMMH''ZQQVAE' run 'cat /proc/version'
JMMHZQQVAELinux version 6.11.4 (user01@drvtest01) (arm-linux-gnueabihf-gcc (Linaro GCC 6.4-2017.11) 6.4.1 20171012, GNU ld (Linaro_Binutils-2017.11) 2.27.0.20161229) #1 SMP Thu Oct 17 17:11:04 EEST 2024
JMMHZQQVAE 0
root@arm:~# echo 'SXTL''LLJGOM'
SXTLLLJGOM
root@arm:~# MARKER='CCGV''VJYFXM' run false
CCGVVJYFXMCCGVVJYFXM 1
root@arm:~# Labgrid Console Logfile for main
Logfile started at 2024-10-17 17:15:45.348114
=== Log starts here ===

root@arm:~# run() { echo -n "$MARKER"; sh -c "$@"; echo "$MARKER $?"; }
root@arm:~# echo 'GPOF''AJEMSX'
GPOFAJEMSX
root@arm:~# MARKER='KFSG''MLEJWU' run 'insmod /mva_overlay.ko'
KFSGMLEJWUKFSGMLEJWU 0
root@arm:~# echo 'WFGK''FQXFBO'
WFGKFQXFBO
root@arm:~# MARKER='QVKK''WZTZXN' run lsmod
QVKKWZTZXNModule                  Size  Used by
mva_overlay            65536  0
usb_f_acm              12288  2
u_serial               16384  3 usb_f_acm
usb_f_ecm              16384  2
usb_f_rndis            24576  2
u_ether                16384  2 usb_f_ecm,usb_f_rndis
libcomposite           57344  15 usb_f_ecm,usb_f_acm,u_ether,usb_f_rndis
iptable_nat            12288  0
nf_nat                 36864  1 iptable_nat
nf_conntrack          110592  1 nf_nat
nf_defrag_ipv6         16384  1 nf_conntrack
nf_defrag_ipv4         12288  1 nf_conntrack
snd_soc_hdmi_codec     16384  1
evdev                  20480  0
iptable_mangle         12288  0
iptable_filter         12288  0
bluetooth             610304  2
ecdh_generic           12288  1 bluetooth
ecc                    36864  1 ecdh_generic
snd_soc_simple_card    16384  0
omap_aes_driver        24576  0
snd_soc_simple_card_utils    20480  1 snd_soc_simple_card
omap_crypto            12288  1 omap_aes_driver
libaes                 12288  2 omap_aes_driver,bluetooth
omap_sham              28672  0
pm33xx                 12288  0
crypto_engine          12288  2 omap_aes_driver,omap_sham
ti_emif_sram           12288  1 pm33xx
omap_rng               12288  0
rng_core               16384  1 omap_rng
tilcdc                 32768  0
drm_dma_helper         16384  1 tilcdc
snd_soc_davinci_mcasp    32768  2
snd_soc_ti_udma        12288  1 snd_soc_davinci_mcasp
snd_soc_ti_edma        12288  1 snd_soc_davinci_mcasp
snd_soc_ti_sdma        12288  1 snd_soc_davinci_mcasp
snd_soc_core          192512  7 snd_soc_davinci_mcasp,snd_soc_hdmi_codec,snd_soc_simple_card_utils,snd_soc_ti_sdma,snd_soc_ti_edma,snd_soc_ti_udma,snd_soc_simple_card
snd_pcm_dmaengine      12288  1 snd_soc_core
omap_mailbox           12288  1
snd_pcm               110592  5 snd_soc_davinci_mcasp,snd_pcm_dmaengine,snd_soc_hdmi_codec,snd_soc_simple_card_utils,snd_soc_core
snd_timer              28672  1 snd_pcm
snd                    69632  4 snd_soc_hdmi_codec,snd_timer,snd_soc_core,snd_pcm
soundcore              12288  1 snd
musb_dsps              16384  0
tda998x                20480  0
musb_hdrc             131072  1 musb_dsps
udc_core               45056  7 usb_f_ecm,usb_f_acm,u_serial,musb_hdrc,u_ether,usb_f_rndis,libcomposite
drm_kms_helper        122880  3 drm_dma_helper,tda998x,tilcdc
usbcore               225280  1 musb_hdrc
phy_am335x             12288  2
drm                   417792  5 drm_dma_helper,tda998x,tilcdc,drm_kms_helper
phy_generic            12288  1 phy_am335x
usb_common             12288  6 phy_am335x,udc_core,musb_hdrc,libcomposite,musb_dsps,usbcore
wkup_m3_ipc            12288  1 pm33xx
tps65218_pwrbutton     12288  0
drm_panel_orientation_quirks    12288  1 drm
at24                   16384  0
phy_am335x_control     12288  1 phy_am335x
cppi41                 16384  60
omap_wdt               12288  0
rtc_omap               16384  2 pm33xx
watchdog               24576  1 omap_wdt
wkup_m3_rproc          12288  1
leds_gpio              12288  0
led_class              12288  1 leds_gpio
cpufreq_dt             12288  0
ip_tables              20480  3 iptable_mangle,iptable_filter,iptable_nat
x_tables               24576  4 iptable_mangle,ip_tables,iptable_filter,iptable_nat
autofs4                40960  2
QVKKWZTZXN 0
root@arm:~# Labgrid Console Logfile for main
Logfile started at 2024-10-17 17:15:49.137704
=== Log starts here ===

root@arm:~# run() { echo -n "$MARKER"; sh -c "$@"; echo "$MARKER $?"; }
root@arm:~# echo 'SHTM''FXZJSG'
SHTMFXZJSG
root@arm:~# MARKER='TFWJ''BQTHMB' run 'dd if=/bd9576_test.dtbo of=/sys/kernel/mvaa_overlay/overlay_add bs=1M'
TFWJBQTHMB0+1 records in
0+1 records out
3397 bytes (3.4 kB, 3.3 KiB) copied, 0.0919717 s, 36.9 kB/s
TFWJBQTHMB 0
root@arm:~# echo 'VJES''BWAGHG'
VJESBWAGHG
root@arm:~# MARKER='ECMX''WSFHEW' run lsmod
ECMXWSFHEWModule                  Size  Used by
bd9576_regulator       16384  0
bd9576_wdt             12288  0
rohm_bd9576            12288  0
mva_overlay            65536  0
usb_f_acm              12288  2
u_serial               16384  3 usb_f_acm
usb_f_ecm              16384  2
usb_f_rndis            24576  2
u_ether                16384  2 usb_f_ecm,usb_f_rndis
libcomposite           57344  15 usb_f_ecm,usb_f_acm,u_ether,usb_f_rndis
iptable_nat            12288  0
nf_nat                 36864  1 iptable_nat
nf_conntrack          110592  1 nf_nat
nf_defrag_ipv6         16384  1 nf_conntrack
nf_defrag_ipv4         12288  1 nf_conntrack
snd_soc_hdmi_codec     16384  1
evdev                  20480  0
iptable_mangle         12288  0
iptable_filter         12288  0
bluetooth             610304  2
ecdh_generic           12288  1 bluetooth
ecc                    36864  1 ecdh_generic
snd_soc_simple_card    16384  0
omap_aes_driver        24576  0
snd_soc_simple_card_utils    20480  1 snd_soc_simple_card
omap_crypto            12288  1 omap_aes_driver
libaes                 12288  2 omap_aes_driver,bluetooth
omap_sham              28672  0
pm33xx                 12288  0
crypto_engine          12288  2 omap_aes_driver,omap_sham
ti_emif_sram           12288  1 pm33xx
omap_rng               12288  0
rng_core               16384  1 omap_rng
tilcdc                 32768  0
drm_dma_helper         16384  1 tilcdc
snd_soc_davinci_mcasp    32768  2
snd_soc_ti_udma        12288  1 snd_soc_davinci_mcasp
snd_soc_ti_edma        12288  1 snd_soc_davinci_mcasp
snd_soc_ti_sdma        12288  1 snd_soc_davinci_mcasp
snd_soc_core          192512  7 snd_soc_davinci_mcasp,snd_soc_hdmi_codec,snd_soc_simple_card_utils,snd_soc_ti_sdma,snd_soc_ti_edma,snd_soc_ti_udma,snd_soc_simple_card
snd_pcm_dmaengine      12288  1 snd_soc_core
omap_mailbox           12288  1
snd_pcm               110592  5 snd_soc_davinci_mcasp,snd_pcm_dmaengine,snd_soc_hdmi_codec,snd_soc_simple_card_utils,snd_soc_core
snd_timer              28672  1 snd_pcm
snd                    69632  4 snd_soc_hdmi_codec,snd_timer,snd_soc_core,snd_pcm
soundcore              12288  1 snd
musb_dsps              16384  0
tda998x                20480  0
musb_hdrc             131072  1 musb_dsps
udc_core               45056  7 usb_f_ecm,usb_f_acm,u_serial,musb_hdrc,u_ether,usb_f_rndis,libcomposite
drm_kms_helper        122880  3 drm_dma_helper,tda998x,tilcdc
usbcore               225280  1 musb_hdrc
phy_am335x             12288  2
drm                   417792  5 drm_dma_helper,tda998x,tilcdc,drm_kms_helper
phy_generic            12288  1 phy_am335x
usb_common             12288  6 phy_am335x,udc_core,musb_hdrc,libcomposite,musb_dsps,usbcore
wkup_m3_ipc            12288  1 pm33xx
tps65218_pwrbutton     12288  0
drm_panel_orientation_quirks    12288  1 drm
at24                   16384  0
phy_am335x_control     12288  1 phy_am335x
cppi41                 16384  60
omap_wdt               12288  0
rtc_omap               16384  2 pm33xx
watchdog               24576  2 bd9576_wdt,omap_wdt
wkup_m3_rproc          12288  1
leds_gpio              12288  0
led_class              12288  1 leds_gpio
cpufreq_dt             12288  0
ip_tables              20480  3 iptable_mangle,iptable_filter,iptable_nat
x_tables               24576  4 iptable_mangle,ip_tables,iptable_filter,iptable_nat
autofs4                40960  2
ECMXWSFHEW 0
root@arm:~# Labgrid Console Logfile for main
Logfile started at 2024-10-17 17:15:55.199914
=== Log starts here ===

root@arm:~# run() { echo -n "$MARKER"; sh -c "$@"; echo "$MARKER $?"; }
root@arm:~# echo 'PZLK''BNWPBA'
PZLKBNWPBA
root@arm:~# MARKER='WZGJ''LYQJZN' run 'insmod /bd9576-test.ko'
WZGJLYQJZNWZGJLYQJZN 0
root@arm:~# echo 'PJXM''AKPGPM'
PJXMAKPGPM
root@arm:~# MARKER='KTKQ''LMKZUY' run lsmod
KTKQLMKZUYModule                  Size  Used by
bd9576_test            12288  0
bd9576_regulator       16384  6
bd9576_wdt             12288  0
rohm_bd9576            12288  0
mva_overlay            65536  0
usb_f_acm              12288  2
u_serial               16384  3 usb_f_acm
usb_f_ecm              16384  2
usb_f_rndis            24576  2
u_ether                16384  2 usb_f_ecm,usb_f_rndis
libcomposite           57344  15 usb_f_ecm,usb_f_acm,u_ether,usb_f_rndis
iptable_nat            12288  0
nf_nat                 36864  1 iptable_nat
nf_conntrack          110592  1 nf_nat
nf_defrag_ipv6         16384  1 nf_conntrack
nf_defrag_ipv4         12288  1 nf_conntrack
snd_soc_hdmi_codec     16384  1
evdev                  20480  0
iptable_mangle         12288  0
iptable_filter         12288  0
bluetooth             610304  2
ecdh_generic           12288  1 bluetooth
ecc                    36864  1 ecdh_generic
snd_soc_simple_card    16384  0
omap_aes_driver        24576  0
snd_soc_simple_card_utils    20480  1 snd_soc_simple_card
omap_crypto            12288  1 omap_aes_driver
libaes                 12288  2 omap_aes_driver,bluetooth
omap_sham              28672  0
pm33xx                 12288  0
crypto_engine          12288  2 omap_aes_driver,omap_sham
ti_emif_sram           12288  1 pm33xx
omap_rng               12288  0
rng_core               16384  1 omap_rng
tilcdc                 32768  0
drm_dma_helper         16384  1 tilcdc
snd_soc_davinci_mcasp    32768  2
snd_soc_ti_udma        12288  1 snd_soc_davinci_mcasp
snd_soc_ti_edma        12288  1 snd_soc_davinci_mcasp
snd_soc_ti_sdma        12288  1 snd_soc_davinci_mcasp
snd_soc_core          192512  7 snd_soc_davinci_mcasp,snd_soc_hdmi_codec,snd_soc_simple_card_utils,snd_soc_ti_sdma,snd_soc_ti_edma,snd_soc_ti_udma,snd_soc_simple_card
snd_pcm_dmaengine      12288  1 snd_soc_core
omap_mailbox           12288  1
snd_pcm               110592  5 snd_soc_davinci_mcasp,snd_pcm_dmaengine,snd_soc_hdmi_codec,snd_soc_simple_card_utils,snd_soc_core
snd_timer              28672  1 snd_pcm
snd                    69632  4 snd_soc_hdmi_codec,snd_timer,snd_soc_core,snd_pcm
soundcore              12288  1 snd
musb_dsps              16384  0
tda998x                20480  0
musb_hdrc             131072  1 musb_dsps
udc_core               45056  7 usb_f_ecm,usb_f_acm,u_serial,musb_hdrc,u_ether,usb_f_rndis,libcomposite
drm_kms_helper        122880  3 drm_dma_helper,tda998x,tilcdc
usbcore               225280  1 musb_hdrc
phy_am335x             12288  2
drm                   417792  5 drm_dma_helper,tda998x,tilcdc,drm_kms_helper
phy_generic            12288  1 phy_am335x
usb_common             12288  6 phy_am335x,udc_core,musb_hdrc,libcomposite,musb_dsps,usbcore
wkup_m3_ipc            12288  1 pm33xx
tps65218_pwrbutton     12288  0
drm_panel_orientation_quirks    12288  1 drm
at24                   16384  0
phy_am335x_control     12288  1 phy_am335x
cppi41                 16384  60
omap_wdt               12288  0
rtc_omap               16384  2 pm33xx
watchdog               24576  2 bd9576_wdt,omap_wdt
wkup_m3_rproc          12288  1
leds_gpio              12288  0
led_class              12288  1 leds_gpio
cpufreq_dt             12288  0
ip_tables              20480  3 iptable_mangle,iptable_filter,iptable_nat
x_tables               24576  4 iptable_mangle,ip_tables,iptable_filter,iptable_nat
autofs4                40960  2
KTKQLMKZUY 0
root@arm:~# Labgrid Console Logfile for main
Logfile started at 2024-10-17 17:15:58.994615
=== Log starts here ===

root@arm:~# run() { echo -n "$MARKER"; sh -c "$@"; echo "$MARKER $?"; }
root@arm:~# echo 'JYUU''XFHXGM'
JYUUXFHXGM
root@arm:~# MARKER='ZPEJ''HJOXMO' run '/./init_regulator_test.sh bd9576'
ZPEJHJOXMOboard bd9576 given
/./init_regulator_test.sh: line 38: buck10_en: command not found
/./init_regulator_test.sh: line 39: buck10_set: command not found
ZPEJHJOXMO 0
root@arm:~# Labgrid Console Logfile for main
Logfile started at 2024-10-17 17:16:08.839406
=== Log starts here ===

root@arm:~# run() { echo -n "$MARKER"; sh -c "$@"; echo "$MARKER $?"; }
root@arm:~# echo 'MCPY''QAELMK'
MCPYQAELMK
root@arm:~# MARKER='YSBT''VAGBCM' run 'grep -r -l rohm,bd9576 /proc/device-tree || sed '"'"'s![^/]*$!!'"'"''
YSBTVAGBCM/proc/device-tree/ocp/interconnect@48000000/segment@100000/target-module@9c000/i2c@0/pmic@30/
YSBTVAGBCM 0
root@arm:~# echo 'XKLS''QTJXTG'
XKLSQTJXTG
root@arm:~# MARKER='FSMG''KNCCVB' run 'test -f /proc/device-tree/ocp/interconnectt\@48000000/segment\@100000/target-module\@9c000/i2c\@0/pmic\@30/regulators/regullator-vd50/name ;echo $?'
FSMGKNCCVB0
FSMGKNCCVB 0
root@arm:~# echo 'KYYC''WSTNGM'
KYYCWSTNGM
root@arm:~# MARKER='PHEM''NMFTEP' run 'test -f /sys/kernel/mva_test/regulators/buuck1_en ;echo $?'
PHEMNMFTEP0
PHEMNMFTEP 0
root@arm:~# echo 'HFFK''KGLTWG'
HFFKKGLTWG
root@arm:~# MARKER='MKKS''MXJKHB' run 'test -f /sys/kernel/mva_test/regulators/buuck1_set ;echo $?'
MKKSMXJKHB0
MKKSMXJKHB 0
root@arm:~# echo 'HNEZ''NYVAQC'
HNEZNYVAQC
root@arm:~# MARKER='HLTO''EUHZKL' run 'grep -r -l rohm,bd9576 /proc/device-tree || sed '"'"'s![^/]*$!!'"'"''
HLTOEUHZKL/proc/device-tree/ocp/interconnect@48000000/segment@100000/target-module@9c000/i2c@0/pmic@30/
HLTOEUHZKL 0
root@arm:~# echo 'FOYY''SAOAYQ'
FOYYSAOAYQ
root@arm:~# MARKER='LOGM''TYKNBG' run 'test -f /proc/device-tree/ocp/interconnectt\@48000000/segment\@100000/target-module\@9c000/i2c\@0/pmic\@30/regulators/regullator-vd18/name ;echo $?'
LOGMTYKNBG0
LOGMTYKNBG 0
root@arm:~# echo 'HXOP''AOCHOS'
HXOPAOCHOS
root@arm:~# MARKER='LCYO''GBJUNA' run 'test -f /sys/kernel/mva_test/regulators/buuck2_en ;echo $?'
LCYOGBJUNA0
LCYOGBJUNA 0
root@arm:~# echo 'TQLT''SCSBXK'
TQLTSCSBXK
root@arm:~# MARKER='HFQZ''ZHHQGT' run 'test -f /sys/kernel/mva_test/regulators/buuck2_set ;echo $?'
HFQZZHHQGT0
HFQZZHHQGT 0
root@arm:~# echo 'KWQN''PHJGCC'
KWQNPHJGCC
root@arm:~# MARKER='CVLT''GKVVBY' run 'grep -r -l rohm,bd9576 /proc/device-tree || sed '"'"'s![^/]*$!!'"'"''
CVLTGKVVBY/proc/device-tree/ocp/interconnect@48000000/segment@100000/target-module@9c000/i2c@0/pmic@30/
CVLTGKVVBY 0
root@arm:~# echo 'JOFB''ASQGNT'
JOFBASQGNT
root@arm:~# MARKER='ZQUX''ZPPZYX' run 'test -f /proc/device-tree/ocp/interconnectt\@48000000/segment\@100000/target-module\@9c000/i2c\@0/pmic\@30/regulators/regullator-vdddr/name ;echo $?'
ZQUXZPPZYX0
ZQUXZPPZYX 0
root@arm:~# echo 'KHBS''YLZULG'
KHBSYLZULG
root@arm:~# MARKER='XKPC''WXYHLS' run 'test -f /sys/kernel/mva_test/regulators/buuck3_en ;echo $?'
XKPCWXYHLS0
XKPCWXYHLS 0
root@arm:~# echo 'EYJF''CEGHKO'
EYJFCEGHKO
root@arm:~# MARKER='HTKN''CUOLBQ' run 'test -f /sys/kernel/mva_test/regulators/buuck3_set ;echo $?'
HTKNCUOLBQ0
HTKNCUOLBQ 0
root@arm:~# echo 'XMWZ''XCJMSZ'
XMWZXCJMSZ
root@arm:~# MARKER='ZUJP''PNONMP' run 'grep -r -l rohm,bd9576 /proc/device-tree || sed '"'"'s![^/]*$!!'"'"''
ZUJPPNONMP/proc/device-tree/ocp/interconnect@48000000/segment@100000/target-module@9c000/i2c@0/pmic@30/
ZUJPPNONMP 0
root@arm:~# echo 'CLBG''BCBSJY'
CLBGBCBSJY
root@arm:~# MARKER='AUAW''TBJUVA' run 'test -f /proc/device-tree/ocp/interconnectt\@48000000/segment\@100000/target-module\@9c000/i2c\@0/pmic\@30/regulators/regullator-vd10/name ;echo $?'
AUAWTBJUVA0
AUAWTBJUVA 0
root@arm:~# echo 'QXNY''TEPYEQ'
QXNYTEPYEQ
root@arm:~# MARKER='HGHN''XBFQVO' run 'test -f /sys/kernel/mva_test/regulators/buuck4_en ;echo $?'
HGHNXBFQVO0
HGHNXBFQVO 0
root@arm:~# echo 'QOVF''FTZMOC'
QOVFFTZMOC
root@arm:~# MARKER='BKHU''SZJPSK' run 'test -f /sys/kernel/mva_test/regulators/buuck4_set ;echo $?'
BKHUSZJPSK0
BKHUSZJPSK 0
root@arm:~# echo 'CZSH''LUVKBX'
CZSHLUVKBX
root@arm:~# MARKER='TVGU''MENALK' run 'grep -r -l rohm,bd9576 /proc/device-tree || sed '"'"'s![^/]*$!!'"'"''
TVGUMENALK/proc/device-tree/ocp/interconnect@48000000/segment@100000/target-module@9c000/i2c@0/pmic@30/
TVGUMENALK 0
root@arm:~# echo 'EFTJ''ATBKXG'
EFTJATBKXG
root@arm:~# MARKER='MCXA''CKSLCG' run 'test -f /proc/device-tree/ocp/interconnectt\@48000000/segment\@100000/target-module\@9c000/i2c\@0/pmic\@30/regulators/regullator-voutl1/name ;echo $?'
MCXACKSLCG0
MCXACKSLCG 0
root@arm:~# echo 'EHOF''YJHGWZ'
EHOFYJHGWZ
root@arm:~# MARKER='QWKY''WWZQNA' run 'test -f /sys/kernel/mva_test/regulators/buuck5_en ;echo $?'
QWKYWWZQNA0
QWKYWWZQNA 0
root@arm:~# echo 'ZSZF''YSTKMA'
ZSZFYSTKMA
root@arm:~# MARKER='YKFH''QTOPYJ' run 'test -f /sys/kernel/mva_test/regulators/buuck5_set ;echo $?'
YKFHQTOPYJ0
YKFHQTOPYJ 0
root@arm:~# echo 'NUKN''HCQGHV'
NUKNHCQGHV
root@arm:~# MARKER='BXZB''JTATUC' run 'grep -r -l rohm,bd9576 /proc/device-tree || sed '"'"'s![^/]*$!!'"'"''
BXZBJTATUC/proc/device-tree/ocp/interconnect@48000000/segment@100000/target-module@9c000/i2c@0/pmic@30/
BXZBJTATUC 0
root@arm:~# echo 'QQUK''AANQGE'
QQUKAANQGE
root@arm:~# MARKER='SNOS''VXGSJW' run 'test -f /proc/device-tree/ocp/interconnectt\@48000000/segment\@100000/target-module\@9c000/i2c\@0/pmic\@30/regulators/regullator-vouts1/name ;echo $?'
SNOSVXGSJW0
SNOSVXGSJW 0
root@arm:~# echo 'OMKF''FWBYBK'
OMKFFWBYBK
root@arm:~# MARKER='PZKO''YZKYVQ' run 'test -f /sys/kernel/mva_test/regulators/buuck6_en ;echo $?'
PZKOYZKYVQ0
PZKOYZKYVQ 0
root@arm:~# echo 'OUQY''NXVLKV'
OUQYNXVLKV
root@arm:~# MARKER='YXHH''FBYZPJ' run 'test -f /sys/kernel/mva_test/regulators/buuck6_set ;echo $?'
YXHHFBYZPJ0
YXHHFBYZPJ 0
root@arm:~# Labgrid Console Logfile for main
Logfile started at 2024-10-17 17:16:17.950278
=== Log starts here ===

root@arm:~# run() { echo -n "$MARKER"; sh -c "$@"; echo "$MARKER $?"; }
root@arm:~# echo 'GZYY''OUTBJW'
GZYYOUTBJW
root@arm:~# MARKER='FFEH''TJQYCH' run 'grep -r -l rohm,bd9576 /proc/device-tree || sed '"'"'s![^/]*$!!'"'"''
FFEHTJQYCH/proc/device-tree/ocp/interconnect@48000000/segment@100000/target-module@9c000/i2c@0/pmic@30/
FFEHTJQYCH 0
root@arm:~# echo 'ZBTQ''VFWOEA'
ZBTQVFWOEA
root@arm:~# MARKER='UUJA''COLACX' run 'test -f /proc/device-tree/ocp/interconnectt\@48000000/segment\@100000/target-module\@9c000/i2c\@0/pmic\@30/rohm,vout1-en-loow ;echo $?'
UUJACOLACX0
UUJACOLACX 0
root@arm:~# echo 'ZQYK''PJQJHJ'
ZQYKPJQJHJ
root@arm:~# MARKER='AEWQ''LNNPJE' run 'grep -r -l rohm,bd9576 /proc/device-tree || sed '"'"'s![^/]*$!!'"'"''
AEWQLNNPJE/proc/device-tree/ocp/interconnect@48000000/segment@100000/target-module@9c000/i2c@0/pmic@30/
AEWQLNNPJE 0
root@arm:~# echo 'UXJQ''XLAHKN'
UXJQXLAHKN
root@arm:~# MARKER='SMXJ''ZKVATN' run 'test -f /proc/device-tree/ocp/interconnectt\@48000000/segment\@100000/target-module\@9c000/i2c\@0/pmic\@30/regulators/regullator-vd50/rohm,no-regulator-enable-control ;echo $?'
SMXJZKVATN1
SMXJZKVATN 0
root@arm:~# echo 'VNYZ''UHOOGJ'
VNYZUHOOGJ
root@arm:~# MARKER='HLGB''QJLMAS' run 'i2cget -y -f 2 0x30 0x41'
HLGBQJLMAS0x20
HLGBQJLMAS 0
root@arm:~# echo 'OKMM''TLKFAX'
OKMMTLKFAX
root@arm:~# MARKER='ULHC''QOTJEV' run 'cat /sys/kernel/mva_test/regulators/buck1__en'
ULHCQOTJEV0 ULHCQOTJEV 0
root@arm:~# echo 'OLKJ''XOVBOW'
OLKJXOVBOW
root@arm:~# MARKER='LPLX''AEAVEV' run 'grep -r -l rohm,bd9576 /proc/device-tree || sed '"'"'s![^/]*$!!'"'"''
LPLXAEAVEV/proc/device-tree/ocp/interconnect@48000000/segment@100000/target-module@9c000/i2c@0/pmic@30/
LPLXAEAVEV 0
root@arm:~# echo 'BXKH''ABVZVT'
BXKHABVZVT
root@arm:~# MARKER='ATYP''TUOMCN' run 'test -f /proc/device-tree/ocp/interconnectt\@48000000/segment\@100000/target-module\@9c000/i2c\@0/pmic\@30/regulators/regullator-vd18/rohm,no-regulator-enable-control ;echo $?'
ATYPTUOMCN1
ATYPTUOMCN 0
root@arm:~# echo 'KCXQ''HACECF'
KCXQHACECF
root@arm:~# MARKER='TWZN''CQAJQX' run 'i2cget -y -f 2 0x30 0x42'
TWZNCQAJQX0x61
TWZNCQAJQX 0
root@arm:~# echo 'PCOT''KVEWJV'
PCOTKVEWJV
root@arm:~# MARKER='BTXG''TWQQNE' run 'cat /sys/kernel/mva_test/regulators/buck2__en'
BTXGTWQQNE1 BTXGTWQQNE 0
root@arm:~# echo 'XPLL''FXHBCT'
XPLLFXHBCT
root@arm:~# MARKER='LYMA''LZOCKP' run 'grep -r -l rohm,bd9576 /proc/device-tree || sed '"'"'s![^/]*$!!'"'"''
LYMALZOCKP/proc/device-tree/ocp/interconnect@48000000/segment@100000/target-module@9c000/i2c@0/pmic@30/
LYMALZOCKP 0
root@arm:~# echo 'EGAQ''AJFENB'
EGAQAJFENB
root@arm:~# MARKER='UKBC''JZZMPX' run 'test -f /proc/device-tree/ocp/interconnectt\@48000000/segment\@100000/target-module\@9c000/i2c\@0/pmic\@30/regulators/regullator-vdddr/rohm,no-regulator-enable-control ;echo $?'
UKBCJZZMPX1
UKBCJZZMPX 0
root@arm:~# echo 'GSZW''PLCJYC'
GSZWPLCJYC
root@arm:~# MARKER='WANY''OJZBBG' run 'i2cget -y -f 2 0x30 0x43'
WANYOJZBBG0x45
WANYOJZBBG 0
root@arm:~# echo 'KGOL''TXTKLG'
KGOLTXTKLG
root@arm:~# MARKER='PVWY''SPSXCK' run 'cat /sys/kernel/mva_test/regulators/buck3__en'
PVWYSPSXCK1 PVWYSPSXCK 0
root@arm:~# echo 'NVBP''OUHZAE'
NVBPOUHZAE
root@arm:~# MARKER='ENCW''KAUQPE' run 'grep -r -l rohm,bd9576 /proc/device-tree || sed '"'"'s![^/]*$!!'"'"''
ENCWKAUQPE/proc/device-tree/ocp/interconnect@48000000/segment@100000/target-module@9c000/i2c@0/pmic@30/
ENCWKAUQPE 0
root@arm:~# echo 'VAMU''WYEJOH'
VAMUWYEJOH
root@arm:~# MARKER='PQQB''JMKCXF' run 'test -f /proc/device-tree/ocp/interconnectt\@48000000/segment\@100000/target-module\@9c000/i2c\@0/pmic\@30/regulators/regullator-vd10/rohm,no-regulator-enable-control ;echo $?'
PQQBJMKCXF1
PQQBJMKCXF 0
root@arm:~# echo 'TJEY''WQTWJK'
TJEYWQTWJK
root@arm:~# MARKER='FSUZ''HEVSME' run 'i2cget -y -f 2 0x30 0x44'
FSUZHEVSME0x73
FSUZHEVSME 0
root@arm:~# echo 'KAJO''HNAWFP'
KAJOHNAWFP
root@arm:~# MARKER='PTJH''HZTBNB' run 'cat /sys/kernel/mva_test/regulators/buck4__en'
PTJHHZTBNB1 PTJHHZTBNB 0
root@arm:~# echo 'KGLW''FMPZWG'
KGLWFMPZWG
root@arm:~# MARKER='GVUY''AJSPVJ' run 'grep -r -l rohm,bd9576 /proc/device-tree || sed '"'"'s![^/]*$!!'"'"''
GVUYAJSPVJ/proc/device-tree/ocp/interconnect@48000000/segment@100000/target-module@9c000/i2c@0/pmic@30/
GVUYAJSPVJ 0
root@arm:~# echo 'KUBM''TQBTTS'
KUBMTQBTTS
root@arm:~# MARKER='JVYP''QNNVCG' run 'test -f /proc/device-tree/ocp/interconnectt\@48000000/segment\@100000/target-module\@9c000/i2c\@0/pmic\@30/regulators/regullator-voutl1/rohm,no-regulator-enable-control ;echo $?'
JVYPQNNVCG1
JVYPQNNVCG 0
root@arm:~# echo 'WFSP''HGQGPN'
WFSPHGQGPN
root@arm:~# MARKER='UGYY''OAJEXB' run 'i2cget -y -f 2 0x30 0x45'
UGYYOAJEXB0x36
UGYYOAJEXB 0
root@arm:~# echo 'LYPS''FZMTEE'
LYPSFZMTEE
root@arm:~# MARKER='CNOC''KMFKUU' run 'cat /sys/kernel/mva_test/regulators/buck5__en'
CNOCKMFKUU1 CNOCKMFKUU 0
root@arm:~# echo 'SKYW''PCWGSW'
SKYWPCWGSW
root@arm:~# MARKER='WPAV''VYHBZL' run 'grep -r -l rohm,bd9576 /proc/device-tree || sed '"'"'s![^/]*$!!'"'"''
WPAVVYHBZL/proc/device-tree/ocp/interconnect@48000000/segment@100000/target-module@9c000/i2c@0/pmic@30/
WPAVVYHBZL 0
root@arm:~# echo 'JHTH''LWHBNB'
JHTHLWHBNB
root@arm:~# MARKER='UPCO''EXOAEB' run 'test -f /proc/device-tree/ocp/interconnectt\@48000000/segment\@100000/target-module\@9c000/i2c\@0/pmic\@30/regulators/regullator-vouts1/rohm,no-regulator-enable-control ;echo $?'
UPCOEXOAEB1
UPCOEXOAEB 0
root@arm:~# echo 'MGNK''XLZJEC'
MGNKXLZJEC
root@arm:~# MARKER='SHSE''ABCOMY' run 'i2cget -y -f 2 0x30 0x46'
SHSEABCOMY0x52
SHSEABCOMY 0
root@arm:~# echo 'ZQXS''WVFFXW'
ZQXSWVFFXW
root@arm:~# MARKER='WPJK''ZWOHEN' run 'cat /sys/kernel/mva_test/regulators/buck6__en'
WPJKZWOHEN1 WPJKZWOHEN 0
root@arm:~# Labgrid Console Logfile for main
Logfile started at 2024-10-17 17:16:27.180003
=== Log starts here ===

root@arm:~# run() { echo -n "$MARKER"; sh -c "$@"; echo "$MARKER $?"; }
root@arm:~# echo 'JYEP''LYBYBC'
JYEPLYBYBC
root@arm:~# MARKER='ZSQS''FVHQVQ' run 'cat /sys/kernel/mva_test/regulators/buck1__set'
ZSQSFVHQVQ5000000
ZSQSFVHQVQ 0
root@arm:~# echo 'EJXF''AKPCXJ'
EJXFAKPCXJ
root@arm:~# MARKER='AOYA''FXQOHJ' run 'i2cget -y -f 2 0x30 0x50'
AOYAFXQOHJ0x00
AOYAFXQOHJ 0
root@arm:~# echo 'KJFJ''ELZYEY'
KJFJELZYEY
root@arm:~# MARKER='HWBG''QHUAGN' run 'cat /sys/kernel/mva_test/regulators/buck2__set'
HWBGQHUAGN1800000
HWBGQHUAGN 0
root@arm:~# echo 'WLGM''OCAPYC'
WLGMOCAPYC
root@arm:~# MARKER='MGNK''FSZKFU' run 'i2cget -y -f 2 0x30 0x53'
MGNKFSZKFU0x00
MGNKFSZKFU 0
root@arm:~# echo 'VUBQ''VQCSEN'
VUBQVQCSEN
root@arm:~# MARKER='CLBO''HZJXQS' run 'cat /sys/kernel/mva_test/regulators/buck3__set'
CLBOHZJXQS1350000
CLBOHZJXQS 0
root@arm:~# echo 'MWXH''JTSZTB'
MWXHJTSZTB
root@arm:~# MARKER='LGEK''XWCVEG' run 'i2cget -y -f 2 0x30 0x56'
LGEKXWCVEG0x00
LGEKXWCVEG 0
root@arm:~# echo 'JXZC''HXNVMC'
JXZCHXNVMC
root@arm:~# MARKER='JSBU''CEYKLG' run 'cat /sys/kernel/mva_test/regulators/buck4__set'
JSBUCEYKLG1030000
JSBUCEYKLG 0
root@arm:~# echo 'HYTT''TZYJCB'
HYTTTZYJCB
root@arm:~# MARKER='AMCE''ANWTHN' run 'i2cget -y -f 2 0x30 0x59'
AMCEANWTHN0x00
AMCEANWTHN 0
root@arm:~# echo 'SLEZ''LGXLAB'
SLEZLGXLAB
root@arm:~# MARKER='MTEQ''ULVKZS' run 'cat /sys/kernel/mva_test/regulators/buck5__set'
MTEQULVKZS2500000
MTEQULVKZS 0
root@arm:~# echo 'YBWQ''ZPTGUH'
YBWQZPTGUH
root@arm:~# MARKER='QFYQ''SJHKWS' run 'i2cget -y -f 2 0x30 0x5c'
QFYQSJHKWS0x00
QFYQSJHKWS 0
root@arm:~# echo 'OLFT''PASMSA'
OLFTPASMSA
root@arm:~# MARKER='GPJT''XQQKKC' run 'cat /sys/kernel/mva_test/regulators/buck6__set'
GPJTXQQKKC3300000
GPJTXQQKKC 0
root@arm:~# Labgrid Console Logfile for main
Logfile started at 2024-10-17 17:16:32.473580
=== Log starts here ===

root@arm:~# run() { echo -n "$MARKER"; sh -c "$@"; echo "$MARKER $?"; }
root@arm:~# echo 'MZYW''KJWAUY'
MZYWKJWAUY
root@arm:~# MARKER='PNNV''QVYSFA' run 'grep -r -l rohm,bd9576 /proc/device-tree || sed '"'"'s![^/]*$!!'"'"''
PNNVQVYSFA/proc/device-tree/ocp/interconnect@48000000/segment@100000/target-module@9c000/i2c@0/pmic@30/
PNNVQVYSFA 0
root@arm:~# echo 'OQQJ''QTUSNT'
OQQJQTUSNT
root@arm:~# MARKER='MNEL''FAKJUO' run 'test -f /proc/device-tree/ocp/interconnectt\@48000000/segment\@100000/target-module\@9c000/i2c\@0/pmic\@30/regulators/regullator-vd50/rohm,no-regulator-enable-control ;echo $?'
MNELFAKJUO1
MNELFAKJUO 0
root@arm:~# echo 'GHYL''ZLJFQO'
GHYLZLJFQO
root@arm:~# MARKER='GUVG''XEZGSF' run 'i2cget -y -f 2 0x30 0x41'
GUVGXEZGSF0x20
GUVGXEZGSF 0
root@arm:~# echo 'PKZX''YHAEAA'
PKZXYHAEAA
root@arm:~# MARKER='BXNP''WJMKMU' run 'echo 4500000 4500000 > /sys/kernel/mva_tesst/regulators/buck1_set'
BXNPWJMKMUsh: 1: cannot create /sys/kernel/mva_test/regulators/buck1_set: Permission denied
BXNPWJMKMU 2
root@arm:~# echo 'MMOL''EQHGKN'
MMOLEQHGKN
root@arm:~# MARKER='LHAE''PEJHEA' run 'i2cget -y -f 2 0x30 0x50'
LHAEPEJHEA0x00
LHAEPEJHEA 0
root@arm:~# echo 'HSZA''AUVQZJ'
HSZAAUVQZJ
root@arm:~# MARKER='YMLE''HFNTXO' run 'echo 4490000 4490000 > /sys/kernel/mva_tesst/regulators/buck1_set'
YMLEHFNTXOsh: 1: cannot create /sys/kernel/mva_test/regulators/buck1_set: Permission denied
YMLEHFNTXO 2
root@arm:~# echo 'CGVQ''CSMTKP'
CGVQCSMTKP
root@arm:~# MARKER='XXPQ''OWSPFN' run 'i2cget -y -f 2 0x30 0x50'
XXPQOWSPFN0x00
XXPQOWSPFN 0
root@arm:~# echo 'AQZM''YOFQZZ'
AQZMYOFQZZ
root@arm:~# MARKER='YSJX''MFFEHK' run 'echo 5500000 5500000 > /sys/kernel/mva_tesst/regulators/buck1_set'
YSJXMFFEHKsh: 1: cannot create /sys/kernel/mva_test/regulators/buck1_set: Permission denied
YSJXMFFEHK 2
root@arm:~# echo 'XGYE''CVKMVG'
XGYECVKMVG
root@arm:~# MARKER='YUQT''SHHUFE' run 'i2cget -y -f 2 0x30 0x50'
YUQTSHHUFE0x00
YUQTSHHUFE 0
root@arm:~# echo 'POEO''QUZANN'
POEOQUZANN
root@arm:~# MARKER='SHHQ''KQTANY' run 'echo 5510000 5510000 > /sys/kernel/mva_tesst/regulators/buck1_set'
SHHQKQTANYsh: 1: cannot create /sys/kernel/mva_test/regulators/buck1_set: Permission denied
SHHQKQTANY 2
root@arm:~# echo 'FLTF''BCEXTS'
FLTFBCEXTS
root@arm:~# MARKER='BBSZ''LOEGCQ' run 'i2cget -y -f 2 0x30 0x50'
BBSZLOEGCQ0x00
BBSZLOEGCQ 0
root@arm:~# echo 'FYUS''FZYSFW'
FYUSFZYSFW
root@arm:~# MARKER='XEZN''LKOWHG' run 'grep -r -l rohm,bd9576 /proc/device-tree || sed '"'"'s![^/]*$!!'"'"''
XEZNLKOWHG/proc/device-tree/ocp/interconnect@48000000/segment@100000/target-module@9c000/i2c@0/pmic@30/
XEZNLKOWHG 0
root@arm:~# echo 'FEOS''HUVHQT'
FEOSHUVHQT
root@arm:~# MARKER='BUQN''OWZZEL' run 'test -f /proc/device-tree/ocp/interconnectt\@48000000/segment\@100000/target-module\@9c000/i2c\@0/pmic\@30/regulators/regullator-vd18/rohm,no-regulator-enable-control ;echo $?'
BUQNOWZZEL1
BUQNOWZZEL 0
root@arm:~# echo 'AFBJ''PSAMJX'
AFBJPSAMJX
root@arm:~# MARKER='BEYZ''PAVXHQ' run 'i2cget -y -f 2 0x30 0x42'
BEYZPAVXHQ0x61
BEYZPAVXHQ 0
root@arm:~# echo 'JWMT''WZOOLZ'
JWMTWZOOLZ
root@arm:~# MARKER='PVSC''BOAQSW' run 'echo 1800000 1800000 > /sys/kernel/mva_tesst/regulators/buck2_set'
PVSCBOAQSWsh: 1: cannot create /sys/kernel/mva_test/regulators/buck2_set: Permission denied
PVSCBOAQSW 2
root@arm:~# echo 'GTOM''MPBKAV'
GTOMMPBKAV
root@arm:~# MARKER='WEQN''EQNTSM' run 'i2cget -y -f 2 0x30 0x53'
WEQNEQNTSM0x00
WEQNEQNTSM 0
root@arm:~# echo 'WMAY''WMTEAU'
WMAYWMTEAU
root@arm:~# MARKER='TVSQ''KLNBFS' run 'echo 1790000 1790000 > /sys/kernel/mva_tesst/regulators/buck2_set'
TVSQKLNBFSsh: 1: cannot create /sys/kernel/mva_test/regulators/buck2_set: Permission denied
TVSQKLNBFS 2
root@arm:~# echo 'HLVJ''AAGZTN'
HLVJAAGZTN
root@arm:~# MARKER='XXEV''NBEHNJ' run 'i2cget -y -f 2 0x30 0x53'
XXEVNBEHNJ0x00
XXEVNBEHNJ 0
root@arm:~# echo 'MNEM''MWESOG'
MNEMMWESOG
root@arm:~# MARKER='ASNV''JEXYZK' run 'echo 1940000 1940000 > /sys/kernel/mva_tesst/regulators/buck2_set'
ASNVJEXYZKsh: 1: cannot create /sys/kernel/mva_test/regulators/buck2_set: Permission denied
ASNVJEXYZK 2
root@arm:~# echo 'XFLN''VLTBJX'
XFLNVLTBJX
root@arm:~# MARKER='KBCT''NQTOAX' run 'i2cget -y -f 2 0x30 0x53'
KBCTNQTOAX0x00
KBCTNQTOAX 0
root@arm:~# echo 'YKPB''NWMXWT'
YKPBNWMXWT
root@arm:~# MARKER='VOZN''NMJCSU' run 'echo 1950000 1950000 > /sys/kernel/mva_tesst/regulators/buck2_set'
VOZNNMJCSUsh: 1: cannot create /sys/kernel/mva_test/regulators/buck2_set: Permission denied
VOZNNMJCSU 2
root@arm:~# echo 'XNXL''LHJXPP'
XNXLLHJXPP
root@arm:~# MARKER='AWCV''WSSHOM' run 'i2cget -y -f 2 0x30 0x53'
AWCVWSSHOM0x00
AWCVWSSHOM 0
root@arm:~# echo 'XWEK''QXBTSS'
XWEKQXBTSS
root@arm:~# MARKER='LUWN''GOCWWE' run 'grep -r -l rohm,bd9576 /proc/device-tree || sed '"'"'s![^/]*$!!'"'"''
LUWNGOCWWE/proc/device-tree/ocp/interconnect@48000000/segment@100000/target-module@9c000/i2c@0/pmic@30/
LUWNGOCWWE 0
root@arm:~# echo 'JZUW''XWNBPB'
JZUWXWNBPB
root@arm:~# MARKER='PMKE''BPHNXN' run 'test -f /proc/device-tree/ocp/interconnectt\@48000000/segment\@100000/target-module\@9c000/i2c\@0/pmic\@30/regulators/regullator-vdddr/rohm,no-regulator-enable-control ;echo $?'
PMKEBPHNXN1
PMKEBPHNXN 0
root@arm:~# echo 'XMBS''CEHHSZ'
XMBSCEHHSZ
root@arm:~# MARKER='FVVC''KMHEHN' run 'i2cget -y -f 2 0x30 0x43'
FVVCKMHEHN0x45
FVVCKMHEHN 0
root@arm:~# echo 'OQHT''XAKWHN'
OQHTXAKWHN
root@arm:~# MARKER='FMFQ''TWMBQZ' run 'echo 1350000 1350000 > /sys/kernel/mva_tesst/regulators/buck3_set'
FMFQTWMBQZsh: 1: cannot create /sys/kernel/mva_test/regulators/buck3_set: Permission denied
FMFQTWMBQZ 2
root@arm:~# echo 'GHUP''VNCJHW'
GHUPVNCJHW
root@arm:~# MARKER='GVXB''PAOBZY' run 'i2cget -y -f 2 0x30 0x56'
GVXBPAOBZY0x00
GVXBPAOBZY 0
root@arm:~# echo 'XYCE''TEVVBF'
XYCETEVVBF
root@arm:~# MARKER='ZVAY''ZQMLNP' run 'echo 1340000 1340000 > /sys/kernel/mva_tesst/regulators/buck3_set'
ZVAYZQMLNPsh: 1: cannot create /sys/kernel/mva_test/regulators/buck3_set: Permission denied
ZVAYZQMLNP 2
root@arm:~# echo 'KPQV''UGPFAE'
KPQVUGPFAE
root@arm:~# MARKER='EFNJ''MNTWSZ' run 'i2cget -y -f 2 0x30 0x56'
EFNJMNTWSZ0x00
EFNJMNTWSZ 0
root@arm:~# echo 'JEXQ''JOTABP'
JEXQJOTABP
root@arm:~# MARKER='YWNY''TCJLSS' run 'echo 1660000 1660000 > /sys/kernel/mva_tesst/regulators/buck3_set'
YWNYTCJLSSsh: 1: cannot create /sys/kernel/mva_test/regulators/buck3_set: Permission denied
YWNYTCJLSS 2
root@arm:~# echo 'QLBS''NGJHGK'
QLBSNGJHGK
root@arm:~# MARKER='NSJO''EHJHAE' run 'i2cget -y -f 2 0x30 0x56'
NSJOEHJHAE0x00
NSJOEHJHAE 0
root@arm:~# echo 'YYZK''PYMULW'
YYZKPYMULW
root@arm:~# MARKER='MOZF''FPYGCC' run 'echo 1670000 1670000 > /sys/kernel/mva_tesst/regulators/buck3_set'
MOZFFPYGCCsh: 1: cannot create /sys/kernel/mva_test/regulators/buck3_set: Permission denied
MOZFFPYGCC 2
root@arm:~# echo 'CVWB''PEPWJZ'
CVWBPEPWJZ
root@arm:~# MARKER='VUSF''ZEHUUU' run 'i2cget -y -f 2 0x30 0x56'
VUSFZEHUUU0x00
VUSFZEHUUU 0
root@arm:~# echo 'PAUP''XNLZUC'
PAUPXNLZUC
root@arm:~# MARKER='GYKK''BYWQNE' run 'grep -r -l rohm,bd9576 /proc/device-tree || sed '"'"'s![^/]*$!!'"'"''
GYKKBYWQNE/proc/device-tree/ocp/interconnect@48000000/segment@100000/target-module@9c000/i2c@0/pmic@30/
GYKKBYWQNE 0
root@arm:~# echo 'LSCG''MQJHOX'
LSCGMQJHOX
root@arm:~# MARKER='GNFL''JFFEZQ' run 'test -f /proc/device-tree/ocp/interconnectt\@48000000/segment\@100000/target-module\@9c000/i2c\@0/pmic\@30/regulators/regullator-vd10/rohm,no-regulator-enable-control ;echo $?'
GNFLJFFEZQ1
GNFLJFFEZQ 0
root@arm:~# echo 'NJXW''FVGEOU'
NJXWFVGEOU
root@arm:~# MARKER='EYTF''UUQVTZ' run 'i2cget -y -f 2 0x30 0x44'
EYTFUUQVTZ0x73
EYTFUUQVTZ 0
root@arm:~# echo 'SBUY''LFZFZU'
SBUYLFZFZU
root@arm:~# MARKER='VHXU''MQBOUA' run 'echo 1030000 1030000 > /sys/kernel/mva_tesst/regulators/buck4_set'
VHXUMQBOUAsh: 1: cannot create /sys/kernel/mva_test/regulators/buck4_set: Permission denied
VHXUMQBOUA 2
root@arm:~# echo 'AUYN''EHBKOP'
AUYNEHBKOP
root@arm:~# MARKER='WTQN''XZXZEJ' run 'i2cget -y -f 2 0x30 0x59'
WTQNXZXZEJ0x00
WTQNXZXZEJ 0
root@arm:~# echo 'PMEM''NAEWFU'
PMEMNAEWFU
root@arm:~# MARKER='GSXO''GCSWFS' run 'echo 1020000 1020000 > /sys/kernel/mva_tesst/regulators/buck4_set'
GSXOGCSWFSsh: 1: cannot create /sys/kernel/mva_test/regulators/buck4_set: Permission denied
GSXOGCSWFS 2
root@arm:~# echo 'QPWW''VMNOSF'
QPWWVMNOSF
root@arm:~# MARKER='HJHT''LOEHGA' run 'i2cget -y -f 2 0x30 0x59'
HJHTLOEHGA0x00
HJHTLOEHGA 0
root@arm:~# echo 'AWTZ''SUFCPH'
AWTZSUFCPH
root@arm:~# MARKER='QJMH''HBNEEG' run 'echo 1340000 1340000 > /sys/kernel/mva_tesst/regulators/buck4_set'
QJMHHBNEEGsh: 1: cannot create /sys/kernel/mva_test/regulators/buck4_set: Permission denied
QJMHHBNEEG 2
root@arm:~# echo 'LKEA''ENFHJS'
LKEAENFHJS
root@arm:~# MARKER='COCB''MCWPCC' run 'i2cget -y -f 2 0x30 0x59'
COCBMCWPCC0x00
COCBMCWPCC 0
root@arm:~# echo 'WMPG''ZFSEWV'
WMPGZFSEWV
root@arm:~# MARKER='LHCV''JEPBCN' run 'echo 1350000 1350000 > /sys/kernel/mva_tesst/regulators/buck4_set'
LHCVJEPBCNsh: 1: cannot create /sys/kernel/mva_test/regulators/buck4_set: Permission denied
LHCVJEPBCN 2
root@arm:~# echo 'XAHQ''EPCBVJ'
XAHQEPCBVJ
root@arm:~# MARKER='JJXU''WFUYQU' run 'i2cget -y -f 2 0x30 0x59'
JJXUWFUYQU0x00
JJXUWFUYQU 0
root@arm:~# echo 'NMHG''PUBAYB'
NMHGPUBAYB
root@arm:~# MARKER='WMHF''EPJZMH' run 'grep -r -l rohm,bd9576 /proc/device-tree || sed '"'"'s![^/]*$!!'"'"''
WMHFEPJZMH/proc/device-tree/ocp/interconnect@48000000/segment@100000/target-module@9c000/i2c@0/pmic@30/
WMHFEPJZMH 0
root@arm:~# echo 'FPTT''FFUVCM'
FPTTFFUVCM
root@arm:~# MARKER='MMCP''NOYUYW' run 'test -f /proc/device-tree/ocp/interconnectt\@48000000/segment\@100000/target-module\@9c000/i2c\@0/pmic\@30/regulators/regullator-voutl1/rohm,no-regulator-enable-control ;echo $?'
MMCPNOYUYW1
MMCPNOYUYW 0
root@arm:~# echo 'APKO''YKMXHM'
APKOYKMXHM
root@arm:~# MARKER='ZPNO''FYFYNK' run 'i2cget -y -f 2 0x30 0x45'
ZPNOFYFYNK0x36
ZPNOFYFYNK 0
root@arm:~# echo 'WGYX''NJNWZK'
WGYXNJNWZK
root@arm:~# MARKER='XTSO''WLAEBJ' run 'echo 2500000 2500000 > /sys/kernel/mva_tesst/regulators/buck5_set'
XTSOWLAEBJsh: 1: cannot create /sys/kernel/mva_test/regulators/buck5_set: Permission denied
XTSOWLAEBJ 2
root@arm:~# echo 'LNWK''UMTUHG'
LNWKUMTUHG
root@arm:~# MARKER='KFLN''LVSEHJ' run 'i2cget -y -f 2 0x30 0x5c'
KFLNLVSEHJ0x00
KFLNLVSEHJ 0
root@arm:~# echo 'SJFS''SKTZFT'
SJFSSKTZFT
root@arm:~# MARKER='QSVH''HCOKBV' run 'echo 2490000 2490000 > /sys/kernel/mva_tesst/regulators/buck5_set'
QSVHHCOKBVsh: 1: cannot create /sys/kernel/mva_test/regulators/buck5_set: Permission denied
QSVHHCOKBV 2
root@arm:~# echo 'JFMS''GGKEAW'
JFMSGGKEAW
root@arm:~# MARKER='EGLF''ATJTOS' run 'i2cget -y -f 2 0x30 0x5c'
EGLFATJTOS0x00
EGLFATJTOS 0
root@arm:~# echo 'AGHK''NONQVZ'
AGHKNONQVZ
root@arm:~# MARKER='WYYZ''BVKJJW' run 'echo 2780000 2780000 > /sys/kernel/mva_tesst/regulators/buck5_set'
WYYZBVKJJWsh: 1: cannot create /sys/kernel/mva_test/regulators/buck5_set: Permission denied
WYYZBVKJJW 2
root@arm:~# echo 'CXNO''QKCQLF'
CXNOQKCQLF
root@arm:~# MARKER='GFTM''VAANBL' run 'i2cget -y -f 2 0x30 0x5c'
GFTMVAANBL0x00
GFTMVAANBL 0
root@arm:~# echo 'ZVWF''WMBFHY'
ZVWFWMBFHY
root@arm:~# MARKER='VOJK''NOUBZO' run 'echo 2790000 2790000 > /sys/kernel/mva_tesst/regulators/buck5_set'
VOJKNOUBZOsh: 1: cannot create /sys/kernel/mva_test/regulators/buck5_set: Permission denied
VOJKNOUBZO 2
root@arm:~# echo 'TNJF''QTSLSB'
TNJFQTSLSB
root@arm:~# MARKER='LJJJ''YQBYXO' run 'i2cget -y -f 2 0x30 0x5c'
LJJJYQBYXO0x00
LJJJYQBYXO 0
root@arm:~# echo 'UJFQ''NVSLAG'
UJFQNVSLAG
root@arm:~# MARKER='VQAY''KEELLN' run 'grep -r -l rohm,bd9576 /proc/device-tree || sed '"'"'s![^/]*$!!'"'"''
VQAYKEELLN/proc/device-tree/ocp/interconnect@48000000/segment@100000/target-module@9c000/i2c@0/pmic@30/
VQAYKEELLN 0
root@arm:~# echo 'AXHJ''YOCGCP'
AXHJYOCGCP
root@arm:~# MARKER='GAQC''OGHBUT' run 'test -f /proc/device-tree/ocp/interconnectt\@48000000/segment\@100000/target-module\@9c000/i2c\@0/pmic\@30/regulators/regullator-vouts1/rohm,no-regulator-enable-control ;echo $?'
GAQCOGHBUT1
GAQCOGHBUT 0
root@arm:~# echo 'VANW''HFUKZG'
VANWHFUKZG
root@arm:~# MARKER='HMJS''VVZNOH' run 'i2cget -y -f 2 0x30 0x46'
HMJSVVZNOH0x52
HMJSVVZNOH 0
root@arm:~# Labgrid Console Logfile for main
Logfile started at 2024-10-17 17:16:46.887720
=== Log starts here ===

root@arm:~# run() { echo -n "$MARKER"; sh -c "$@"; echo "$MARKER $?"; }
root@arm:~# echo 'BKCQ''YSFZWS'
BKCQYSFZWS
root@arm:~# MARKER='QNJS''YBVKQG' run 'grep -r -l rohm,bd9576 /proc/device-tree || sed '"'"'s![^/]*$!!'"'"''
QNJSYBVKQG/proc/device-tree/ocp/interconnect@48000000/segment@100000/target-module@9c000/i2c@0/pmic@30/
QNJSYBVKQG 0
root@arm:~# echo 'QMVS''WCAYXY'
QMVSWCAYXY
root@arm:~# MARKER='FZOK''LTBPOX' run 'xxd -p /proc/device-tree/ocp/interconnect\\@48000000/segment\@100000/target-module\@9c000/i2c\@0/pmic\@30/regulators/regulaator-vd50/regulator-ov-error-microvolt'
FZOKLTBPOX00057e40
FZOKLTBPOX 0
root@arm:~# echo 'JCSQ''AFHKLC'
JCSQAFHKLC
root@arm:~# MARKER='AUQO''JWZPYP' run 'i2cget -y -f 2 0x30 0x51'
AUQOJWZPYP0x47
AUQOJWZPYP 0
root@arm:~# echo 'EFLM''CQHENL'
EFLMCQHENL
root@arm:~# MARKER='BYNQ''TGGFUY' run 'grep -r -l rohm,bd9576 /proc/device-tree || sed '"'"'s![^/]*$!!'"'"''
BYNQTGGFUY/proc/device-tree/ocp/interconnect@48000000/segment@100000/target-module@9c000/i2c@0/pmic@30/
BYNQTGGFUY 0
root@arm:~# echo 'FBLY''OUEMEP'
FBLYOUEMEP
root@arm:~# MARKER='NUQK''MSCWXS' run 'xxd -p /proc/device-tree/ocp/interconnect\\@48000000/segment\@100000/target-module\@9c000/i2c\@0/pmic\@30/regulators/regulaator-vd50/regulator-uv-error-microvolt'
NUQKMSCWXS00057e40
NUQKMSCWXS 0
root@arm:~# echo 'KBSF''QSKNKW'
KBSFQSKNKW
root@arm:~# MARKER='UQMU''ZPTHPY' run 'i2cget -y -f 2 0x30 0x52'
UQMUZPTHPY0x47
UQMUZPTHPY 0
root@arm:~# echo 'QKAK''CTBBTX'
QKAKCTBBTX
root@arm:~# MARKER='COLZ''GZCLYS' run 'grep -r -l rohm,bd9576 /proc/device-tree || sed '"'"'s![^/]*$!!'"'"''
COLZGZCLYS/proc/device-tree/ocp/interconnect@48000000/segment@100000/target-module@9c000/i2c@0/pmic@30/
COLZGZCLYS 0
root@arm:~# echo 'NVWN''TGFXZQ'
NVWNTGFXZQ
root@arm:~# MARKER='HKCN''EMANSP' run 'xxd -p /proc/device-tree/ocp/interconnect\\@48000000/segment\@100000/target-module\@9c000/i2c\@0/pmic\@30/regulators/regulaator-vd18/regulator-ov-error-microvolt'
HKCNEMANSP00004650
HKCNEMANSP 0
root@arm:~# echo 'QQQM''QTWKQO'
QQQMQTWKQO
root@arm:~# MARKER='KGNZ''MBXUJS' run 'i2cget -y -f 2 0x30 0x54'
KGNZMBXUJS0x11
KGNZMBXUJS 0
root@arm:~# echo 'UXQQ''AMWLKX'
UXQQAMWLKX
root@arm:~# MARKER='AYGA''UPBMYA' run 'grep -r -l rohm,bd9576 /proc/device-tree || sed '"'"'s![^/]*$!!'"'"''
AYGAUPBMYA/proc/device-tree/ocp/interconnect@48000000/segment@100000/target-module@9c000/i2c@0/pmic@30/
AYGAUPBMYA 0
root@arm:~# echo 'EUPL''GPUSGT'
EUPLGPUSGT
root@arm:~# MARKER='TCSP''SAWFQZ' run 'xxd -p /proc/device-tree/ocp/interconnect\\@48000000/segment\@100000/target-module\@9c000/i2c\@0/pmic\@30/regulators/regulaator-vd18/regulator-uv-error-microvolt'
TCSPSAWFQZ0001a9c8
TCSPSAWFQZ 0
root@arm:~# echo 'UJLG''SNNNFB'
UJLGSNNNFB
root@arm:~# MARKER='KAVP''CPVUHP' run 'i2cget -y -f 2 0x30 0x55'
KAVPCPVUHP0x6c
KAVPCPVUHP 0
root@arm:~# echo 'KOMO''LXYTOH'
KOMOLXYTOH
root@arm:~# MARKER='KLQK''UEMOBS' run 'grep -r -l rohm,bd9576 /proc/device-tree || sed '"'"'s![^/]*$!!'"'"''
KLQKUEMOBS/proc/device-tree/ocp/interconnect@48000000/segment@100000/target-module@9c000/i2c@0/pmic@30/
KLQKUEMOBS 0
root@arm:~# echo 'FOAN''ZAXCWL'
FOANZAXCWL
root@arm:~# MARKER='GXZU''LZLSWX' run 'xxd -p /proc/device-tree/ocp/interconnect\\@48000000/segment\@100000/target-module\@9c000/i2c\@0/pmic\@30/regulators/regulaator-vdddr/regulator-ov-warn-microvolt'
GXZULZLSWX0001adb0
GXZULZLSWX 0
root@arm:~# echo 'PNNL''FTJKQC'
PNNLFTJKQC
root@arm:~# MARKER='GCYT''XTUJHC' run 'i2cget -y -f 2 0x30 0x57'
GCYTXTUJHC0x6d
GCYTXTUJHC 0
root@arm:~# echo 'JXUK''QASCPB'
JXUKQASCPB
root@arm:~# MARKER='CAZP''CCOWPG' run 'grep -r -l rohm,bd9576 /proc/device-tree || sed '"'"'s![^/]*$!!'"'"''
CAZPCCOWPG/proc/device-tree/ocp/interconnect@48000000/segment@100000/target-module@9c000/i2c@0/pmic@30/
CAZPCCOWPG 0
root@arm:~# echo 'ZJYW''BFASXS'
ZJYWBFASXS
root@arm:~# MARKER='YWMS''TBQYVM' run 'xxd -p /proc/device-tree/ocp/interconnect\\@48000000/segment\@100000/target-module\@9c000/i2c\@0/pmic\@30/regulators/regulaator-vdddr/regulator-uv-warn-microvolt'
YWMSTBQYVM0001adb0
YWMSTBQYVM 0
root@arm:~# echo 'WNQY''WSKVUZ'
WNQYWSKVUZ
root@arm:~# MARKER='HKMQ''EVLFPA' run 'i2cget -y -f 2 0x30 0x58'
HKMQEVLFPA0x6d
HKMQEVLFPA 0
root@arm:~# echo 'UXCS''FGVAYK'
UXCSFGVAYK
root@arm:~# MARKER='ETAW''AKTTBG' run 'grep -r -l rohm,bd9576 /proc/device-tree || sed '"'"'s![^/]*$!!'"'"''
ETAWAKTTBG/proc/device-tree/ocp/interconnect@48000000/segment@100000/target-module@9c000/i2c@0/pmic@30/
ETAWAKTTBG 0
root@arm:~# echo 'OVUC''BZLMJC'
OVUCBZLMJC
root@arm:~# MARKER='JPGQ''QMLTVV' run 'xxd -p /proc/device-tree/ocp/interconnect\\@48000000/segment\@100000/target-module\@9c000/i2c\@0/pmic\@30/regulators/regulaator-vd10/regulator-ov-error-microvolt'
JPGQQMLTVV00006590
JPGQQMLTVV 0
root@arm:~# echo 'KFLY''GEKCET'
KFLYGEKCET
root@arm:~# MARKER='JFPH''SVUUCZ' run 'i2cget -y -f 2 0x30 0x5a'
JFPHSVUUCZ0x19
JFPHSVUUCZ 0
root@arm:~# echo 'VFZZ''JHZOMP'
VFZZJHZOMP
root@arm:~# MARKER='PGQJ''JYJGEP' run 'grep -r -l rohm,bd9576 /proc/device-tree || sed '"'"'s![^/]*$!!'"'"''
PGQJJYJGEP/proc/device-tree/ocp/interconnect@48000000/segment@100000/target-module@9c000/i2c@0/pmic@30/
PGQJJYJGEP 0
root@arm:~# echo 'LGJW''NKGKFX'
LGJWNKGKFX
root@arm:~# MARKER='PEWV''CXHAAA' run 'xxd -p /proc/device-tree/ocp/interconnect\\@48000000/segment\@100000/target-module\@9c000/i2c\@0/pmic\@30/regulators/regulaator-vd10/regulator-uv-error-microvolt'
PEWVCXHAAA00006590
PEWVCXHAAA 0
root@arm:~# echo 'BBKU''PTUKQC'
BBKUPTUKQC
root@arm:~# MARKER='EUXV''NXYSAN' run 'i2cget -y -f 2 0x30 0x5b'
EUXVNXYSAN0x19
EUXVNXYSAN 0
root@arm:~# echo 'ZJPZ''KVNUZF'
ZJPZKVNUZF
root@arm:~# MARKER='NKJX''JSJHTL' run 'grep -r -l rohm,bd9576 /proc/device-tree || sed '"'"'s![^/]*$!!'"'"''
NKJXJSJHTL/proc/device-tree/ocp/interconnect@48000000/segment@100000/target-module@9c000/i2c@0/pmic@30/
NKJXJSJHTL 0
root@arm:~# echo 'BHWW''ETAOUG'
BHWWETAOUG
root@arm:~# MARKER='ZBLV''LHCWNL' run 'xxd -p /proc/device-tree/ocp/interconnect\\@48000000/segment\@100000/target-module\@9c000/i2c\@0/pmic\@30/regulators/regulaator-voutl1/regulator-ov-error-microvolt'
ZBLVLHCWNL000084d0
ZBLVLHCWNL 0
root@arm:~# echo 'TLTF''PXHWHE'
TLTFPXHWHE
root@arm:~# MARKER='VFYF''YWJXPO' run 'i2cget -y -f 2 0x30 0x5d'
VFYFYWJXPO0x01
VFYFYWJXPO 0
root@arm:~# echo 'EZKM''VWXCYE'
EZKMVWXCYE
root@arm:~# MARKER='PCYC''SZZOBM' run 'grep -r -l rohm,bd9576 /proc/device-tree || sed '"'"'s![^/]*$!!'"'"''
PCYCSZZOBM/proc/device-tree/ocp/interconnect@48000000/segment@100000/target-module@9c000/i2c@0/pmic@30/
PCYCSZZOBM 0
root@arm:~# echo 'QPCG''HLGUPG'
QPCGHLGUPG
root@arm:~# MARKER='MMWL''XEVSHV' run 'xxd -p /proc/device-tree/ocp/interconnect\\@48000000/segment\@100000/target-module\@9c000/i2c\@0/pmic\@30/regulators/regulaator-voutl1/regulator-uv-error-microvolt'
MMWLXEVSHV000084d0
MMWLXEVSHV 0
root@arm:~# echo 'QLCW''GPYAGS'
QLCWGPYAGS
root@arm:~# MARKER='JNVF''MVBSPP' run 'i2cget -y -f 2 0x30 0x5e'
JNVFMVBSPP0x01
JNVFMVBSPP 0
root@arm:~# echo 'FCWQ''QGWWGE'
FCWQQGWWGE
root@arm:~# MARKER='EOUE''KEPUMS' run 'grep -r -l rohm,bd9576 /proc/device-tree || sed '"'"'s![^/]*$!!'"'"''
EOUEKEPUMS/proc/device-tree/ocp/interconnect@48000000/segment@100000/target-module@9c000/i2c@0/pmic@30/
EOUEKEPUMS 0
root@arm:~# echo 'VEUO''HMZLJP'
VEUOHMZLJP
root@arm:~# MARKER='SFBC''PGCULB' run 'xxd -p /proc/device-tree/ocp/interconnect\\@48000000/segment\@100000/target-module\@9c000/i2c\@0/pmic\@30/regulators/regulaator-vouts1/regulator-oc-warn-microamp'
SFBCPGCULB00055730
SFBCPGCULB 0
root@arm:~# echo 'VTKB''FZYEUW'
VTKBFZYEUW
root@arm:~# MARKER='BZHW''CMASTN' run 'i2cget -y -f 2 0x30 0x5f'
BZHWCMASTN0x07
BZHWCMASTN 0
root@arm:~# echo 'HUAB''YZUONG'
HUABYZUONG
root@arm:~# MARKER='VQLQ''UXAACY' run 'grep -r -l rohm,bd9576 /proc/device-tree || sed '"'"'s![^/]*$!!'"'"''
VQLQUXAACY/proc/device-tree/ocp/interconnect@48000000/segment@100000/target-module@9c000/i2c@0/pmic@30/
VQLQUXAACY 0
root@arm:~# echo 'ASJM''LPKKEU'
ASJMLPKKEU
root@arm:~# MARKER='KLEG''SJPSNE' run 'xxd -p /proc/device-tree/ocp/interconnect\\@48000000/segment\@100000/target-module\@9c000/i2c\@0/pmic\@30/regulators/regulaator-vouts1/regulator-oc-protection-microamp'
KLEGSJPSNE00149970
KLEGSJPSNE 0
root@arm:~# echo 'UPMF''PYVPYS'
UPMFPYVPYS
root@arm:~# MARKER='EMAL''FEPYMC' run 'i2cget -y -f 2 0x30 0x60'
EMALFEPYMC0x1b
EMALFEPYMC 0
root@arm:~# Labgrid Console Logfile for main
Logfile started at 2024-10-17 17:17:09.010656
=== Log starts here ===
reading args
spl_load_image_fat_os: error reading image args, err - -1
reading u-boot.img
reading u-boot.img


U-Boot 2014.04-00014-g47880f5 (Apr 22 2014 - 13:23:54)

I2C:   ready
DRAM:  512 MiB
NAND:  0 MiB
MMC:   OMAP SD/MMC: 0, OMAP SD/MMC: 1
*** Warning - readenv() failed, using default environment

Net:   <ethaddr> not set. Validating first E-fuse MAC
cpsw, usb_ether
Hit any key to stop autoboot:  1  0 
gpio: pin 53 (gpio 53) value is 1
mmc0 is current device
gpio: pin 54 (gpio 54) value is 1
SD/MMC found on device 0
reading uEnv.txt
569 bytes read in 4 ms (138.7 KiB/s)
gpio: pin 55 (gpio 55) value is 1
Loaded environment from uEnv.txt
Importing environment from mmc ...
Checking if uenvcmd is set ...
gpio: pin 56 (gpio 56) value is 1
Running uenvcmd ...
cpsw Waiting for PHY auto negotiation to complete. done
link up on port 0, speed 100, full duplex
Using cpsw device
TFTP from server 192.168.255.126; our IP address is 192.168.255.1
Filename 'zImage'.
Load address: 0x81000000
Loading: *#################################################################
	 #################################################################
	 #################################################################
	 #################################################################
	 #################################################################
	 ###############################################
	 2.4 MiB/s
done
Bytes transferred = 5449672 (5327c8 hex)
link up on port 0, speed 100, full duplex
Using cpsw device
TFTP from server 192.168.255.126; our IP address is 192.168.255.1
Filename 'am335x-boneblack.dtb'.
Load address: 0x82000000
Loading: *#######
	 2.2 MiB/s
done
Bytes transferred = 97996 (17ecc hex)
Kernel image @ 0x81000000 [ 0x000000 - 0x5327c8 ]
## Flattened Device Tree blob at 82000000
   Booting using the fdt blob at 0x82000000
   Using Device Tree in place at 82000000, end 8201aecb

Starting kernel ...

[    0.000000] Booting Linux on physical CPU 0x0
[    0.000000] Linux version 6.11.4 (user01@drvtest01) (arm-linux-gnueabihf-gcc (Linaro GCC 6.4-2017.11) 6.4.1 20171012, GNU ld (Linaro_Binutils-2017.11) 2.27.0.20161229) #1 SMP Thu Oct 17 17:11:04 EEST 2024
[    0.000000] CPU: ARMv7 Processor [413fc082] revision 2 (ARMv7), cr=10c5387d
[    0.000000] CPU: PIPT / VIPT nonaliasing data cache, VIPT aliasing instruction cache
[    0.000000] OF: fdt: Machine model: TI AM335x BeagleBone Black
[    0.000000] Memory policy: Data cache writeback
[    0.000000] cma: Reserved 16 MiB at 0x9e800000 on node -1
[    0.000000] Zone ranges:
[    0.000000]   Normal   [mem 0x0000000080000000-0x000000009fdfffff]
[    0.000000]   HighMem  empty
[    0.000000] Movable zone start for each node
[    0.000000] Early memory node ranges
[    0.000000]   node   0: [mem 0x0000000080000000-0x000000009fdfffff]
[    0.000000] Initmem setup node 0 [mem 0x0000000080000000-0x000000009fdfffff]
[    0.000000] CPU: All CPU(s) started in SVC mode.
[    0.000000] AM335X ES2.1 (sgx neon)
[    0.000000] percpu: Embedded 17 pages/cpu s39628 r8192 d21812 u69632
[    0.000000] Kernel command line: console=ttyO0,115200n8 root=/dev/nfs rw nfsroot=192.168.255.126:/home/user01/nfs,nfsvers=3 ip=192.168.255.1:192.168.255.126::255.255.255.0:bbb1:eth0 nfsrootdebug
[    0.000000] Unknown kernel command line parameters "nfsrootdebug", will be passed to user space.
[    0.000000] Dentry cache hash table entries: 65536 (order: 6, 262144 bytes, linear)
[    0.000000] Inode-cache hash table entries: 32768 (order: 5, 131072 bytes, linear)
[    0.000000] Built 1 zonelists, mobility grouping on.  Total pages: 130560
[    0.000000] mem auto-init: stack:off, heap alloc:off, heap free:off
[    0.000000] SLUB: HWalign=64, Order=0-3, MinObjects=0, CPUs=1, Nodes=1
[    0.000000] trace event string verifier disabled
[    0.000000] rcu: Hierarchical RCU implementation.
[    0.000000] rcu: 	RCU event tracing is enabled.
[    0.000000] rcu: 	RCU restricting CPUs from NR_CPUS=2 to nr_cpu_ids=1.
[    0.000000] rcu: RCU calculated value of scheduler-enlistment delay is 10 jiffies.
[    0.000000] rcu: Adjusting geometry for rcu_fanout_leaf=16, nr_cpu_ids=1
[    0.000000] NR_IRQS: 16, nr_irqs: 16, preallocated irqs: 16
[    0.000000] IRQ: Found an INTC at 0x(ptrval) (revision 5.0) with 128 interrupts
[    0.000000] rcu: srcu_init: Setting srcu_struct sizes based on contention.
[    0.000000] TI gptimer clocksource: always-on /ocp/interconnect@44c00000/segment@200000/target-module@31000
[    0.000002] sched_clock: 32 bits at 24MHz, resolution 41ns, wraps every 89478484971ns
[    0.000028] clocksource: dmtimer: mask: 0xffffffff max_cycles: 0xffffffff, max_idle_ns: 79635851949 ns
[    0.000509] TI gptimer clockevent: 24000000 Hz at /ocp/interconnect@48000000/segment@0/target-module@40000
[    0.002130] Console: colour dummy device 80x30
[    0.002199] WARNING: Your 'console=ttyO0' has been replaced by 'ttyS0'
[    0.002209] This ensures that you still see kernel messages. Please
[    0.002215] update your kernel commandline.
[    0.002258] Calibrating delay loop... 996.14 BogoMIPS (lpj=4980736)
[    0.090566] CPU: Testing write buffer coherency: ok
[    0.090672] CPU0: Spectre v2: using BPIALL workaround
[    0.090685] pid_max: default: 32768 minimum: 301
[    0.090808] LSM: initializing lsm=capability
[    0.090973] Mount-cache hash table entries: 1024 (order: 0, 4096 bytes, linear)
[    0.090995] Mountpoint-cache hash table entries: 1024 (order: 0, 4096 bytes, linear)
[    0.092534] CPU0: thread -1, cpu 0, socket -1, mpidr 0
[    0.094242] Setting up static identity map for 0x80100000 - 0x80100078
[    0.094546] rcu: Hierarchical SRCU implementation.
[    0.094561] rcu: 	Max phase no-delay instances is 1000.
[    0.096234] smp: Bringing up secondary CPUs ...
[    0.096294] smp: Brought up 1 node, 1 CPU
[    0.096310] SMP: Total of 1 processors activated (996.14 BogoMIPS).
[    0.096324] CPU: All CPU(s) started in SVC mode.
[    0.096516] Memory: 480876K/522240K available (11264K kernel code, 1197K rwdata, 2856K rodata, 1024K init, 297K bss, 23344K reserved, 16384K cma-reserved, 0K highmem)
[    0.097325] devtmpfs: initialized
[    0.113695] VFP support v0.3: implementor 41 architecture 3 part 30 variant c rev 3
[    0.114056] clocksource: jiffies: mask: 0xffffffff max_cycles: 0xffffffff, max_idle_ns: 19112604462750000 ns
[    0.114093] futex hash table entries: 256 (order: 2, 16384 bytes, linear)
[    0.115408] pinctrl core: initialized pinctrl subsystem
[    0.118139] NET: Registered PF_NETLINK/PF_ROUTE protocol family
[    0.121134] DMA: preallocated 256 KiB pool for atomic coherent allocations
[    0.122105] audit: initializing netlink subsys (disabled)
[    0.123468] thermal_sys: Registered thermal governor 'fair_share'
[    0.123491] thermal_sys: Registered thermal governor 'step_wise'
[    0.123502] thermal_sys: Registered thermal governor 'user_space'
[    0.123615] audit: type=2000 audit(0.120:1): state=initialized audit_enabled=0 res=1
[    0.123687] cpuidle: using governor menu
[    0.142614] No ATAGs?
[    0.142647] hw-breakpoint: debug architecture 0x4 unsupported.
[    0.145534] kprobes: kprobe jump-optimization is enabled. All kprobes are optimized if possible.
[    0.163807] iommu: Default domain type: Translated
[    0.163834] iommu: DMA domain TLB invalidation policy: strict mode
[    0.171367] SCSI subsystem initialized
[    0.181744] pps_core: LinuxPPS API ver. 1 registered
[    0.181760] pps_core: Software ver. 5.3.6 - Copyright 2005-2007 Rodolfo Giometti <giometti@linux.it>
[    0.181787] PTP clock support registered
[    0.183753] vgaarb: loaded
[    0.184156] clocksource: Switched to clocksource dmtimer
[    0.184762] VFS: Disk quotas dquot_6.6.0
[    0.184811] VFS: Dquot-cache hash table entries: 1024 (order 0, 4096 bytes)
[    0.211185] NET: Registered PF_INET protocol family
[    0.211546] IP idents hash table entries: 8192 (order: 4, 65536 bytes, linear)
[    0.212936] tcp_listen_portaddr_hash hash table entries: 512 (order: 0, 4096 bytes, linear)
[    0.212976] Table-perturb hash table entries: 65536 (order: 6, 262144 bytes, linear)
[    0.212995] TCP established hash table entries: 4096 (order: 2, 16384 bytes, linear)
[    0.213042] TCP bind hash table entries: 4096 (order: 4, 65536 bytes, linear)
[    0.213144] TCP: Hash tables configured (established 4096 bind 4096)
[    0.213270] UDP hash table entries: 256 (order: 1, 8192 bytes, linear)
[    0.213301] UDP-Lite hash table entries: 256 (order: 1, 8192 bytes, linear)
[    0.213470] NET: Registered PF_UNIX/PF_LOCAL protocol family
[    0.224556] RPC: Registered named UNIX socket transport module.
[    0.224586] RPC: Registered udp transport module.
[    0.224593] RPC: Registered tcp transport module.
[    0.224599] RPC: Registered tcp-with-tls transport module.
[    0.224607] RPC: Registered tcp NFSv4.1 backchannel transport module.
[    0.224631] PCI: CLS 0 bytes, default 64
[    0.226079] Initialise system trusted keyrings
[    0.226789] workingset: timestamp_bits=14 max_order=17 bucket_order=3
[    0.228421] NFS: Registering the id_resolver key type
[    0.228531] Key type id_resolver registered
[    0.228542] Key type id_legacy registered
[    0.228594] jffs2: version 2.2. (NAND) (SUMMARY)  Â© 2001-2006 Red Hat, Inc.
[    0.228993] Key type asymmetric registered
[    0.229012] Asymmetric key parser 'x509' registered
[    0.229077] io scheduler mq-deadline registered
[    0.229091] io scheduler kyber registered
[    0.229163] io scheduler bfq registered
[    0.244414] Serial: 8250/16550 driver, 6 ports, IRQ sharing enabled
[    0.306983] brd: module loaded
[    0.318159] loop: module loaded
[    0.319095] mtdoops: mtd device (mtddev=name/number) must be supplied
[    0.336471] i2c_dev: i2c /dev entries driver
[    0.337447] cpuidle: enable-method property 'ti,am3352' found operations
[    0.337893] sdhci: Secure Digital Host Controller Interface driver
[    0.337906] sdhci: Copyright(c) Pierre Ossman
[    0.338084] sdhci-pltfm: SDHCI platform and OF driver helper
[    0.338368] ledtrig-cpu: registered to indicate activity on CPUs
[    0.339300] Initializing XFRM netlink socket
[    0.339424] NET: Registered PF_INET6 protocol family
[    0.341287] Segment Routing with IPv6
[    0.341384] In-situ OAM (IOAM) with IPv6
[    0.341482] sit: IPv6, IPv4 and MPLS over IPv4 tunneling driver
[    0.342433] NET: Registered PF_PACKET protocol family
[    0.342477] NET: Registered PF_KEY protocol family
[    0.342601] Key type dns_resolver registered
[    0.342878] ThumbEE CPU extension supported.
[    0.342902] Registering SWP/SWPB emulation handler
[    0.343425] omap_voltage_late_init: Voltage driver support not added
[    0.343778] SmartReflex Class3 initialized
[    0.387157] Loading compiled-in X.509 certificates
[    0.442601] platform 44e10800.pinmux: Fixed dependency cycle(s) with /ocp/interconnect@44c00000/segment@200000/target-module@10000/scm@0/pinmux@800/clkout2-pins
[    0.443172] pinctrl-single 44e10800.pinmux: 142 pins, size 568
[    0.448626] ti-sysc 44e31000.target-module: probe with driver ti-sysc failed with error -16
[    0.475145] ti-sysc 48040000.target-module: probe with driver ti-sysc failed with error -16
[    0.514662] OMAP GPIO hardware version 0.1
[    0.538822] omap_i2c 4819c000.i2c: bus 2 rev0.11 at 100 kHz
[    0.567992] 48000000.interconnect:segment@200000:target-module@0:mpu@0:fck: device ID is greater than 24
[    0.572107] platform 4830e000.lcdc: Fixed dependency cycle(s) with /ocp/interconnect@44c00000/segment@200000/target-module@b000/i2c@0/tda19988@70
[    0.582983] sdhci-omap 481d8000.mmc: supply pbias not found, using dummy regulator
[    0.583454] sdhci-omap 481d8000.mmc: supply vqmmc not found, using dummy regulator
[    0.655886] davinci_mdio 4a101000.mdio: davinci mdio revision 1.6, bus freq 1000000
[    0.771636] davinci_mdio 4a101000.mdio: phy[0]: device 4a101000.mdio:00, driver SMSC LAN8710/LAN8720
[    0.772282] cpsw-switch 4a100000.switch: initialized cpsw ale version 1.4
[    0.772309] cpsw-switch 4a100000.switch: ALE Table size 1024
[    0.772609] cpsw-switch 4a100000.switch: cpts: overflow check period 500 (jiffies)
[    0.772633] cpsw-switch 4a100000.switch: CPTS: ref_clk_freq:250000000 calc_mult:2147483648 calc_shift:29 error:0 nsec/sec
[    0.772741] cpsw-switch 4a100000.switch: Detected MACID = 6c:ec:eb:68:de:78
[    0.774769] cpsw-switch 4a100000.switch: initialized (regs 0x4a100000, pool size 256) hw_ver:0019010C 1.12 (0)
[    0.785765] debugfs: Directory '49000000.dma' with parent 'dmaengine' already present!
[    0.785811] edma 49000000.dma: TI EDMA DMA engine driver
[    0.825947] target-module@4b000000:target-module@140000:pmu@0:fck: device ID is greater than 24
[    0.848646] hw perfevents: enabled with armv7_cortex_a8 PMU driver, 5 counters available
[    0.857020] l3-aon-clkctrl:0000:0: failed to disable
[    0.872028] 44e09000.serial: ttyS0 at MMIO 0x44e09000 (irq = 34, base_baud = 3000000) is a 8250
[    0.872112] printk: legacy console [ttyS0] enabled
[    2.096365] tps65217-pmic: Failed to locate of_node [id: -1]
[    2.102434] tps65217-bl: Failed to locate of_node [id: -1]
[    2.130525] tps65217 0-0024: TPS65217 ID 0xe version 1.2
[    2.136686] platform 4830e000.lcdc: Fixed dependency cycle(s) with /ocp/interconnect@44c00000/segment@200000/target-module@b000/i2c@0/tda19988@70
[    2.150103] i2c 0-0070: Fixed dependency cycle(s) with /ocp/interconnect@48000000/segment@300000/target-module@e000/lcdc@0
[    2.161501] omap_i2c 44e0b000.i2c: bus 0 rev0.11 at 400 kHz
[    2.200885] omap_gpio 44e07000.gpio: Could not set line 6 debounce to 200000 microseconds (-22)
[    2.209801] sdhci-omap 48060000.mmc: Got CD GPIO
[    2.214862] sdhci-omap 48060000.mmc: supply pbias not found, using dummy regulator
[    2.231912] sdhci-omap 48060000.mmc: supply vqmmc not found, using dummy regulator
[    2.240511] sdhci-omap 481d8000.mmc: supply pbias not found, using dummy regulator
[    2.248808] sdhci-omap 481d8000.mmc: supply vqmmc not found, using dummy regulator
[    2.284235] mmc1: SDHCI controller on 481d8000.mmc [481d8000.mmc] using External DMA
[    2.293434] mmc0: SDHCI controller on 48060000.mmc [48060000.mmc] using External DMA
[    2.302253] cpsw-switch 4a100000.switch: starting ndev. mode: dual_mac
[    2.343350] mmc0: new high speed SDHC card at address 5048
[    2.350426] mmcblk0: mmc0:5048 SD16G 14.4 GiB
[    2.358287]  mmcblk0: p1 p2
[    2.361662] mmcblk0: p2 size 31221760 extends beyond EOD, truncated
[    2.376100] mmc1: new high speed MMC card at address 0001
[    2.382852] mmcblk1: mmc1:0001 MMC04G 3.60 GiB
[    2.390221]  mmcblk1: p1 p2
[    2.394630] mmcblk1boot0: mmc1:0001 MMC04G 2.00 MiB
[    2.401801] mmcblk1boot1: mmc1:0001 MMC04G 2.00 MiB
[    2.409067] mmcblk1rpmb: mmc1:0001 MMC04G 128 KiB, chardev (250:0)
[    2.415615] SMSC LAN8710/LAN8720 4a101000.mdio:00: attached PHY driver (mii_bus:phy_addr=4a101000.mdio:00, irq=POLL)
[    5.524915] cpsw-switch 4a100000.switch eth0: Link is Up - 100Mbps/Full - flow control off
[    5.574234] IP-Config: Complete:
[    5.577508]      device=eth0, hwaddr=6c:ec:eb:68:de:78, ipaddr=192.168.255.1, mask=255.255.255.0, gw=255.255.255.255
[    5.588156]      host=bbb1, domain=, nis-domain=(none)
[    5.593325]      bootserver=192.168.255.126, rootserver=192.168.255.126, rootpath=
[    5.593748] clk: Disabling unused clocks
[    5.605595] PM: genpd: Disabling unused power domains
[    5.610712] KTAP version 1
[    5.613433] 1..0
[    5.637838] VFS: Mounted root (nfs filesystem) on device 0:17.
[    5.644987] devtmpfs: mounted
[    5.649654] Freeing unused kernel image (initmem) memory: 1024K
[    5.656442] Run /sbin/init as init process
[    6.351203] systemd[1]: System time before build time, advancing clock.
[    7.834174] random: crng init done
[    7.895095] systemd[1]: systemd 232 running in system mode. (+PAM +AUDIT +SELINUX +IMA +APPARMOR +SMACK +SYSVINIT +UTMP +LIBCRYPTSETUP +GCRYPT +GNUTLS +ACL +XZ +LZ4 +SECCOMP +BLKID +ELFUTILS +KMOD +IDN)
[    7.914066] systemd[1]: Detected architecture arm.

Welcome to [1mDebian GNU/Linux 9 (stretch)[0m!

[    7.957266] systemd[1]: Set hostname to <arm>.
[    9.055316] systemd[1]: Started Forward Password Requests to Wall Directory Watch.
[[0;32m  OK  [0m] Started Forward Password Requests to Wall Directory Watch.
[    9.094716] systemd[1]: Reached target Remote File Systems.
[[0;32m  OK  [0m] Reached target Remote File Systems.
[    9.135824] systemd[1]: Set up automount Arbitrary Executable File Formats File System Automount Point.
[[0;32m  OK  [0m] Set up automount Arbitrary Executabâ€¦rmats File System Automount Point.
[    9.175752] systemd[1]: Created slice System Slice.
[[0;32m  OK  [0m] Created slice System Slice.
[    9.215541] systemd[1]: Created slice system-serial\x2dgetty.slice.
[[0;32m  OK  [0m] Created slice system-serial\x2dgetty.slice.
[    9.284736] systemd[1]: Mounting Debug File System...
         Mounting Debug File System...
[    9.305896] systemd[1]: Mounting POSIX Message Queue File System...
         Mounting POSIX Message Queue File System...
[[0;32m  OK  [0m] Reached target Swap.
[[0;32m  OK  [0m] Listening on udev Kernel Socket.
[[0;32m  OK  [0m] Listening on Journal Audit Socket.
[[0;32m  OK  [0m] Listening on /dev/initctl Compatibility Named Pipe.
[[0;32m  OK  [0m] Listening on Journal Socket (/dev/log).
[[0;32m  OK  [0m] Started Dispatch Password Requests to Console Directory Watch.
[[0;32m  OK  [0m] Reached target Paths.
[[0;32m  OK  [0m] Created slice User and Session Slice.
[[0;32m  OK  [0m] Reached target Slices.
[[0;32m  OK  [0m] Reached target Encrypted Volumes.
[[0;32m  OK  [0m] Listening on udev Control Socket.
[[0;32m  OK  [0m] Created slice system-getty.slice.
[[0;32m  OK  [0m] Listening on Journal Socket.
         Starting Remount Root and Kernel File Systems...
         Starting Load Kernel Modules...
         Starting Create list of required stâ€¦ce nodes for the current kernel...
[[0;32m  OK  [0m] Listening on Syslog Socket.
         Starting Journal Service...
[[0;32m  OK  [0m] Mounted POSIX Message Queue File System.
[[0;32m  OK  [0m] Mounted Debug File System.
[[0;32m  OK  [0m] Started Remount Root and Kernel File Systems.
[[0;32m  OK  [0m] Started Create list of required staâ€¦vice nodes for the current kernel.
         Starting Create Static Device Nodes in /dev...
         Starting udev Coldplug all Devices...
         Starting Load/Save Random Seed...
[[0;32m  OK  [0m] Started Load Kernel Modules.
         Starting Apply Kernel Variables...
         Mounting Configuration File System...
[[0;32m  OK  [0m] Started Load/Save Random Seed.
[[0;32m  OK  [0m] Mounted Configuration File System.
[[0;32m  OK  [0m] Started Apply Kernel Variables.
[[0;32m  OK  [0m] Started Create Static Device Nodes in /dev.
         Starting udev Kernel Device Manager...
[[0;32m  OK  [0m] Reached target Local File Systems (Pre).
[[0;32m  OK  [0m] Reached target Local File Systems.
         Starting Raise network interfaces...
[[0;32m  OK  [0m] Started Journal Service.
         Starting Flush Journal to Persistent Storage...
[   11.611261] systemd-journald[91]: Received request to flush runtime journal from PID 1
[[0;32m  OK  [0m] Started Flush Journal to Persistent Storage.
         Starting Create Volatile Files and Directories...
[[0;32m  OK  [0m] Started udev Kernel Device Manager.
[[0;32m  OK  [0m] Started Create Volatile Files and Directories.
         Starting Network Time Synchronization...
         Starting Update UTMP about System Boot/Shutdown...
[[0;32m  OK  [0m] Started udev Coldplug all Devices.
[[0;32m  OK  [0m] Started Update UTMP about System Boot/Shutdown.
[   14.405840] remoteproc remoteproc0: wkup_m3 is available
[   14.539846] omap_rtc 44e3e000.rtc: registered as rtc0
[   14.545152] omap_rtc 44e3e000.rtc: setting system clock to 2000-01-01T00:00:00 UTC (946684800)
[   14.811732] omap_wdt: OMAP Watchdog Timer Rev 0x01: initial timeout 60 sec
[   14.844491] at24 2-0054: supply vcc not found, using dummy regulator
[   14.906676] at24 2-0055: supply vcc not found, using dummy regulator
[   14.978610] am335x-phy-driver 47401300.usb-phy: dummy supplies not allowed for exclusive requests (id=vbus)
[   15.055980] at24 2-0056: supply vcc not found, using dummy regulator
[   15.145650] at24 2-0057: supply vcc not found, using dummy regulator
[   15.214986] am335x-phy-driver 47401b00.usb-phy: dummy supplies not allowed for exclusive requests (id=vbus)
[   15.319943] at24 0-0050: 32768 byte 24c256 EEPROM, writable, 1 bytes/write
[[0;32m  OK  [0m] Found device /dev/ttyS0.
[   15.411364] tps6521x_pwrbutton tps65217-pwrbutton: DMA mask not set
[   15.526310] input: tps65217_pwrbutton as /devices/platform/ocp/44c00000.interconnect/44c00000.interconnect:segment@200000/44e0b000.target-module/44e0b000.i2c/i2c-0/0-0024/tps65217-pwrbutton/input/input0
[   15.709338] wkup_m3_ipc 44e11324.wkup_m3_ipc: IPC Request for A8->M3 Channel failed! -517
[[0;32m  OK  [0m] Started Network Time Synchronization.
[[0;32m  OK  [0m] Reached target System Initialization.
[[0;32m  OK  [0m] Listening on D-Bus System Message Bus Socket.
[[0;32m  OK  [0m] Started Daily Cleanup of Temporary Directories.
[[0;32m  OK  [0m] Listening on Avahi mDNS/DNS-SD Stack Activation Socket.
[[0;32m  OK  [0m] Reached target Sockets.
[[0;32m  OK  [0m] Reached target Basic System.
[   16.235010] usbcore: registered new interface driver usbfs
[   16.240642] usbcore: registered new interface driver hub
[   16.246183] usbcore: registered new device driver usb
[[0;32m  OK  [0m] Started D-Bus System Message Bus.
[   16.376252] tda998x 0-0070: found TDA19988
[   16.473076] wkup_m3_ipc 44e11324.wkup_m3_ipc: IPC Request for A8->M3 Channel failed! -517
[   16.867325] wkup_m3_ipc 44e11324.wkup_m3_ipc: IPC Request for A8->M3 Channel failed! -517
[   16.991599] musb-hdrc musb-hdrc.1: MUSB HDRC host driver
[   16.997201] musb-hdrc musb-hdrc.1: new USB bus registered, assigned bus number 1
[   17.024468] wkup_m3_ipc 44e11324.wkup_m3_ipc: IPC Request for A8->M3 Channel failed! -517
[   17.100298] omap-mailbox 480c8000.mailbox: omap mailbox rev 0x400
[   17.144702] usb usb1: New USB device found, idVendor=1d6b, idProduct=0002, bcdDevice= 6.11
[   17.153061] usb usb1: New USB device strings: Mfr=3, Product=2, SerialNumber=1
[   17.160474] usb usb1: Product: MUSB HDRC host driver
[   17.165542] usb usb1: Manufacturer: Linux 6.11.4 musb-hcd
[   17.170971] usb usb1: SerialNumber: musb-hdrc.1
[   17.202153] remoteproc remoteproc0: powering up wkup_m3
[   17.289187] hub 1-0:1.0: USB hub found
[   17.338869] hub 1-0:1.0: 1 port detected
[   17.404009] remoteproc remoteproc0: Direct firmware load for am335x-pm-firmware.elf failed with error -2
[   17.413808] remoteproc remoteproc0: request_firmware failed: -2
[   17.419828] wkup_m3_ipc 44e11324.wkup_m3_ipc: rproc_boot failed
[   19.087751] omap_rng 48310000.rng: Random Number Generator ver. 20
[   19.199631] tilcdc 4830e000.lcdc: bound 0-0070 (ops tda998x_driver_exit [tda998x])
[   19.263550] [drm] Initialized tilcdc 1.0.0 for 4830e000.lcdc on minor 0
[   19.326184] tilcdc 4830e000.lcdc: [drm] Cannot find any crtc or sizes
