Labgrid Console Logfile for main
Logfile started at 2024-11-17 17:07:41.840782
=== Log starts here ===
reading args
spl_load_image_fat_os: error reading image args, err - -1
reading u-boot.img
reading u-boot.img


U-Boot 2014.04-00014-g47880f5 (Apr 22 2014 - 13:23:54)

I2C:   ready
DRAM:  512 MiB
NAND:  0 MiB
MMC:   OMAP SD/MMC: 0, OMAP SD/MMC: 1
*** Warning - readenv() failed, using default environment

Net:   <ethaddr> not set. Validating first E-fuse MAC
cpsw, usb_ether
Hit any key to stop autoboot:  1  0 
gpio: pin 53 (gpio 53) value is 1
mmc0 is current device
gpio: pin 54 (gpio 54) value is 1
SD/MMC found on device 0
reading uEnv.txt
569 bytes read in 4 ms (138.7 KiB/s)
gpio: pin 55 (gpio 55) value is 1
Loaded environment from uEnv.txt
Importing environment from mmc ...
Checking if uenvcmd is set ...
gpio: pin 56 (gpio 56) value is 1
Running uenvcmd ...
cpsw Waiting for PHY auto negotiation to complete. done
link up on port 0, speed 100, full duplex
Using cpsw device
TFTP from server 192.168.255.126; our IP address is 192.168.255.1
Filename 'zImage'.
Load address: 0x81000000
Loading: *#################################################################
	 #################################################################
	 #################################################################
	 #################################################################
	 #################################################################
	 ###########################
	 2.4 MiB/s
done
Bytes transferred = 5167272 (4ed8a8 hex)
link up on port 0, speed 100, full duplex
Using cpsw device
TFTP from server 192.168.255.126; our IP address is 192.168.255.1
Filename 'am335x-boneblack.dtb'.
Load address: 0x82000000
Loading: *#######
	 2.2 MiB/s
done
Bytes transferred = 97630 (17d5e hex)
Kernel image @ 0x81000000 [ 0x000000 - 0x4ed8a8 ]
## Flattened Device Tree blob at 82000000
   Booting using the fdt blob at 0x82000000
   Using Device Tree in place at 82000000, end 8201ad5d

Starting kernel ...

[    0.000000] Booting Linux on physical CPU 0x0
[    0.000000] Linux version 6.1.118 (user01@drvtest01) (arm-linux-gnueabihf-gcc (Linaro GCC 6.4-2017.11) 6.4.1 20171012, GNU ld (Linaro_Binutils-2017.11) 2.27.0.20161229) #9 SMP Sun Nov 17 17:05:31 EET 2024
[    0.000000] CPU: ARMv7 Processor [413fc082] revision 2 (ARMv7), cr=10c5387d
[    0.000000] CPU: PIPT / VIPT nonaliasing data cache, VIPT aliasing instruction cache
[    0.000000] OF: fdt: Machine model: TI AM335x BeagleBone Black
[    0.000000] Memory policy: Data cache writeback
[    0.000000] cma: Reserved 16 MiB at 0x9ec00000
[    0.000000] Zone ranges:
[    0.000000]   Normal   [mem 0x0000000080000000-0x000000009fdfffff]
[    0.000000]   HighMem  empty
[    0.000000] Movable zone start for each node
[    0.000000] Early memory node ranges
[    0.000000]   node   0: [mem 0x0000000080000000-0x000000009fdfffff]
[    0.000000] Initmem setup node 0 [mem 0x0000000080000000-0x000000009fdfffff]
[    0.000000] CPU: All CPU(s) started in SVC mode.
[    0.000000] AM335X ES2.1 (sgx neon)
[    0.000000] percpu: Embedded 16 pages/cpu s34196 r8192 d23148 u65536
[    0.000000] Built 1 zonelists, mobility grouping on.  Total pages: 129412
[    0.000000] Kernel command line: console=ttyO0,115200n8 root=/dev/nfs rw nfsroot=192.168.255.126:/home/user01/nfs,nfsvers=3 ip=192.168.255.1:192.168.255.126::255.255.255.0:bbb1:eth0 nfsrootdebug
[    0.000000] Unknown kernel command line parameters "nfsrootdebug", will be passed to user space.
[    0.000000] Dentry cache hash table entries: 65536 (order: 6, 262144 bytes, linear)
[    0.000000] Inode-cache hash table entries: 32768 (order: 5, 131072 bytes, linear)
[    0.000000] mem auto-init: stack:off, heap alloc:off, heap free:off
[    0.000000] Memory: 484644K/522240K available (10240K kernel code, 1143K rwdata, 2604K rodata, 1024K init, 287K bss, 21212K reserved, 16384K cma-reserved, 0K highmem)
[    0.000000] SLUB: HWalign=64, Order=0-3, MinObjects=0, CPUs=1, Nodes=1
[    0.000000] trace event string verifier disabled
[    0.000000] rcu: Hierarchical RCU implementation.
[    0.000000] rcu: 	RCU event tracing is enabled.
[    0.000000] rcu: 	RCU restricting CPUs from NR_CPUS=2 to nr_cpu_ids=1.
[    0.000000] rcu: RCU calculated value of scheduler-enlistment delay is 10 jiffies.
[    0.000000] rcu: Adjusting geometry for rcu_fanout_leaf=16, nr_cpu_ids=1
[    0.000000] NR_IRQS: 16, nr_irqs: 16, preallocated irqs: 16
[    0.000000] IRQ: Found an INTC at 0x(ptrval) (revision 5.0) with 128 interrupts
[    0.000000] rcu: srcu_init: Setting srcu_struct sizes based on contention.
[    0.000000] TI gptimer clocksource: always-on /ocp/interconnect@44c00000/segment@200000/target-module@31000
[    0.000002] sched_clock: 32 bits at 24MHz, resolution 41ns, wraps every 89478484971ns
[    0.000025] clocksource: dmtimer: mask: 0xffffffff max_cycles: 0xffffffff, max_idle_ns: 79635851949 ns
[    0.000445] TI gptimer clockevent: 24000000 Hz at /ocp/interconnect@48000000/segment@0/target-module@40000
[    0.002027] Console: colour dummy device 80x30
[    0.002078] WARNING: Your 'console=ttyO0' has been replaced by 'ttyS0'
[    0.002086] This ensures that you still see kernel messages. Please
[    0.002091] update your kernel commandline.
[    0.002132] Calibrating delay loop... 996.14 BogoMIPS (lpj=4980736)
[    0.090492] CPU: Testing write buffer coherency: ok
[    0.090591] CPU0: Spectre v2: using BPIALL workaround
[    0.090602] pid_max: default: 32768 minimum: 301
[    0.090736] LSM: Security Framework initializing
[    0.090918] Mount-cache hash table entries: 1024 (order: 0, 4096 bytes, linear)
[    0.090940] Mountpoint-cache hash table entries: 1024 (order: 0, 4096 bytes, linear)
[    0.092499] CPU0: thread -1, cpu 0, socket -1, mpidr 0
[    0.093799] Setting up static identity map for 0x80100000 - 0x80100078
[    0.094048] rcu: Hierarchical SRCU implementation.
[    0.094056] rcu: 	Max phase no-delay instances is 1000.
[    0.095385] smp: Bringing up secondary CPUs ...
[    0.095405] smp: Brought up 1 node, 1 CPU
[    0.095417] SMP: Total of 1 processors activated (996.14 BogoMIPS).
[    0.095429] CPU: All CPU(s) started in SVC mode.
[    0.096356] devtmpfs: initialized
[    0.112277] VFP support v0.3: implementor 41 architecture 3 part 30 variant c rev 3
[    0.112597] clocksource: jiffies: mask: 0xffffffff max_cycles: 0xffffffff, max_idle_ns: 19112604462750000 ns
[    0.112632] futex hash table entries: 256 (order: 2, 16384 bytes, linear)
[    0.113914] pinctrl core: initialized pinctrl subsystem
[    0.115938] NET: Registered PF_NETLINK/PF_ROUTE protocol family
[    0.117985] DMA: preallocated 256 KiB pool for atomic coherent allocations
[    0.118581] audit: initializing netlink subsys (disabled)
[    0.119857] thermal_sys: Registered thermal governor 'fair_share'
[    0.119873] thermal_sys: Registered thermal governor 'step_wise'
[    0.119879] thermal_sys: Registered thermal governor 'user_space'
[    0.119999] cpuidle: using governor menu
[    0.137221] No ATAGs?
[    0.137247] hw-breakpoint: debug architecture 0x4 unsupported.
[    0.146342] audit: type=2000 audit(0.110:1): state=initialized audit_enabled=0 res=1
[    0.146647] kprobes: kprobe jump-optimization is enabled. All kprobes are optimized if possible.
[    0.164786] iommu: Default domain type: Translated 
[    0.164800] iommu: DMA domain TLB invalidation policy: strict mode 
[    0.166286] SCSI subsystem initialized
[    0.167153] pps_core: LinuxPPS API ver. 1 registered
[    0.167162] pps_core: Software ver. 5.3.6 - Copyright 2005-2007 Rodolfo Giometti <giometti@linux.it>
[    0.167187] PTP clock support registered
[    0.168701] vgaarb: loaded
[    0.169044] clocksource: Switched to clocksource dmtimer
[    0.169670] VFS: Disk quotas dquot_6.6.0
[    0.169745] VFS: Dquot-cache hash table entries: 1024 (order 0, 4096 bytes)
[    0.190969] NET: Registered PF_INET protocol family
[    0.191320] IP idents hash table entries: 8192 (order: 4, 65536 bytes, linear)
[    0.192722] tcp_listen_portaddr_hash hash table entries: 512 (order: 0, 4096 bytes, linear)
[    0.192769] Table-perturb hash table entries: 65536 (order: 6, 262144 bytes, linear)
[    0.192789] TCP established hash table entries: 4096 (order: 2, 16384 bytes, linear)
[    0.192836] TCP bind hash table entries: 4096 (order: 4, 65536 bytes, linear)
[    0.192937] TCP: Hash tables configured (established 4096 bind 4096)
[    0.193054] UDP hash table entries: 256 (order: 1, 8192 bytes, linear)
[    0.193081] UDP-Lite hash table entries: 256 (order: 1, 8192 bytes, linear)
[    0.193272] NET: Registered PF_UNIX/PF_LOCAL protocol family
[    0.199954] RPC: Registered named UNIX socket transport module.
[    0.199976] RPC: Registered udp transport module.
[    0.199982] RPC: Registered tcp transport module.
[    0.199987] RPC: Registered tcp NFSv4.1 backchannel transport module.
[    0.200007] PCI: CLS 0 bytes, default 64
[    0.201568] Initialise system trusted keyrings
[    0.202612] workingset: timestamp_bits=14 max_order=17 bucket_order=3
[    0.221801] NFS: Registering the id_resolver key type
[    0.221888] Key type id_resolver registered
[    0.221897] Key type id_legacy registered
[    0.221956] jffs2: version 2.2. (NAND) (SUMMARY)  Â© 2001-2006 Red Hat, Inc.
[    0.222727] Key type asymmetric registered
[    0.222749] Asymmetric key parser 'x509' registered
[    0.222898] io scheduler mq-deadline registered
[    0.222911] io scheduler kyber registered
[    0.223159] io scheduler bfq registered
[    0.241725] Serial: 8250/16550 driver, 6 ports, IRQ sharing enabled
[    0.266128] brd: module loaded
[    0.304834] loop: module loaded
[    0.305745] mtdoops: mtd device (mtddev=name/number) must be supplied
[    0.308306] i2c_dev: i2c /dev entries driver
[    0.309430] cpuidle: enable-method property 'ti,am3352' found operations
[    0.309903] sdhci: Secure Digital Host Controller Interface driver
[    0.309915] sdhci: Copyright(c) Pierre Ossman
[    0.310091] sdhci-pltfm: SDHCI platform and OF driver helper
[    0.310346] ledtrig-cpu: registered to indicate activity on CPUs
[    0.311092] Initializing XFRM netlink socket
[    0.311677] NET: Registered PF_INET6 protocol family
[    0.313507] Segment Routing with IPv6
[    0.313581] In-situ OAM (IOAM) with IPv6
[    0.313688] sit: IPv6, IPv4 and MPLS over IPv4 tunneling driver
[    0.314574] NET: Registered PF_PACKET protocol family
[    0.314605] NET: Registered PF_KEY protocol family
[    0.314706] Key type dns_resolver registered
[    0.314861] ThumbEE CPU extension supported.
[    0.314904] Registering SWP/SWPB emulation handler
[    0.315417] omap_voltage_late_init: Voltage driver support not added
[    0.315754] SmartReflex Class3 initialized
[    0.316711] Loading compiled-in X.509 certificates
[    0.394743] platform 44e10800.pinmux: Fixed dependency cycle(s) with /ocp/interconnect@44c00000/segment@200000/target-module@10000/scm@0/pinmux@800/pinmux_clkout2_pin
[    0.395330] pinctrl-single 44e10800.pinmux: 142 pins, size 568
[    0.400158] ti-sysc: probe of 44e31000.target-module failed with error -16
[    0.471095] ti-sysc: probe of 48040000.target-module failed with error -16
[    0.481653] gpio gpiochip0: (gpio-0-31): not an immutable chip, please consider fixing it!
[    0.498236] OMAP GPIO hardware version 0.1
[    0.521622] omap_i2c 4819c000.i2c: bus 2 rev0.11 at 100 kHz
[    0.526834] gpio gpiochip1: (gpio-32-63): not an immutable chip, please consider fixing it!
[    0.529909] gpio gpiochip2: (gpio-64-95): not an immutable chip, please consider fixing it!
[    0.555064] platform 4830e000.lcdc: Fixed dependency cycle(s) with /ocp/interconnect@44c00000/segment@200000/target-module@b000/i2c@0/tda19988@70
[    0.564999] sdhci-omap 481d8000.mmc: supply pbias not found, using dummy regulator
[    0.565448] sdhci-omap 481d8000.mmc: supply vqmmc not found, using dummy regulator
[    0.620762] davinci_mdio 4a101000.mdio: davinci mdio revision 1.6, bus freq 1000000
[    0.682737] davinci_mdio 4a101000.mdio: phy[0]: device 4a101000.mdio:00, driver SMSC LAN8710/LAN8720
[    0.683245] cpsw-switch 4a100000.switch: initialized cpsw ale version 1.4
[    0.683268] cpsw-switch 4a100000.switch: ALE Table size 1024
[    0.683407] cpsw-switch 4a100000.switch: cpts: overflow check period 500 (jiffies)
[    0.683424] cpsw-switch 4a100000.switch: CPTS: ref_clk_freq:250000000 calc_mult:2147483648 calc_shift:29 error:0 nsec/sec
[    0.683517] cpsw-switch 4a100000.switch: Detected MACID = 6c:ec:eb:68:de:78
[    0.685223] cpsw-switch 4a100000.switch: initialized (regs 0x4a100000, pool size 256) hw_ver:0019010C 1.12 (0)
[    0.695378] debugfs: Directory '49000000.dma' with parent 'dmaengine' already present!
[    0.695419] edma 49000000.dma: TI EDMA DMA engine driver
[    0.749132] hw perfevents: enabled with armv7_cortex_a8 PMU driver, 5 counters available
[    0.751241] gpio gpiochip3: (gpio-96-127): not an immutable chip, please consider fixing it!
[    0.756450] l3-aon-clkctrl:0000:0: failed to disable
[    0.758825] 44e09000.serial: ttyS0 at MMIO 0x44e09000 (irq = 34, base_baud = 3000000) is a 8250
[    2.077576] printk: console [ttyS0] enabled
[    2.109947] tps65217-pmic: Failed to locate of_node [id: -1]
[    2.126085] tps65217-bl: Failed to locate of_node [id : -1]
[    2.134774] tps65217 0-0024: TPS65217 ID 0xe version  1.2
[    2.140809] platform 4830e000.lcdc: Fixed dependency  cycle(s) with /ocp/interconnect@44c00000/segment@200000/target -module@b000/i2c@0/tda19988@70
[    2.154177] i2c 0-0070: Fix ed depen
[    2.312696] mmc0: new high speed SDHC card at address 5048
[    2.319599] mmcblk0: mmc0:5048 SD16G 14.4 GiB 
[    2.327268]  mmcblk0: p1 p2
[    2.330709] mmcblk0: p2 size 31221760 extends beyond EOD, truncated
[    2.356770] mmc1: new high speed MMC card at address 0001
[    2.363563] mmcblk1: mmc1:0001 MMC04G 3.60 GiB 
[    2.370745] SMSC LAN8710/LAN8720 4a101000.mdio:00: attached PHY driver (mii_bus:phy_addr=4a101000.mdio:00, irq=POLL)
[    2.381562]  mmcblk1: p1 p2
[    2.385775] mmcblk1boot0: mmc1:0001 MMC04G 2.00 MiB 
[    2.394221] mmcblk1boot1: mmc1:0001 MMC04G 2.00 MiB 
[    2.405719] mmcblk1rpmb: mmc1:0001 MMC04G 128 KiB, chardev (250:0)
[    5.529804] cpsw-switch 4a100000.switch eth0: Link is Up - 100Mbps/Full - flow control off
[    5.538180] IPv6: ADDRCONF(NETDEV_CHANGE): eth0: link becomes ready
[    5.579113] IP-Config: Complete:
[    5.582380]      device=eth0, hwaddr=6c:ec:eb:68:de:78, ipaddr=192.168.255.1, mask=255.255.255.0, gw=255.255.255.255
[    5.593013]      host=bbb1, domain=, nis-domain=(none)
[    5.598179]      bootserver=192.168.255.126, rootserver=192.168.255.126, rootpath=
[    5.598608] clk: Disabling unused clocks
[    5.610478] KTAP version 1
[    5.613207] 1..0
[    5.637592] VFS: Mounted root (nfs filesystem) on device 0:16.
[    5.644643] devtmpfs: mounted
[    5.649373] Freeing unused kernel image (initmem) memory: 1024K
[    5.655968] Run /sbin/init as init process
[    6.327889] systemd[1]: System time before build time, advancing clock.
[    7.819050] random: crng init done
[    7.880320] systemd[1]: systemd 232 running in system mode. (+PAM +AUDIT +SELINUX +IMA +APPARMOR +SMACK +SYSVINIT +UTMP +LIBCRYPTSETUP +GCRYPT +GNUTLS +ACL +XZ +LZ4 +SECCOMP +BLKID +ELFUTILS +KMOD +IDN)
[    7.899566] systemd[1]: Detected architecture arm.

Welcome to [1mDebian GNU/Linux 9 (stretch)[0m!

[    7.941885] systemd[1]: Set hostname to <arm>.
[    9.014301] systemd[1]: Started Dispatch Password Requests to Console Directory Watch.
[[0;32m  OK  [0m] Started Dispatch Password Requests to Console Directory Watch.
[    9.050842] systemd[1]: Created slice User and Session Slice.
[[0;32m  OK  [0m] Created slice User and Session Slice.
[    9.090990] systemd[1]: Listening on udev Control Socket.
[[0;32m  OK  [0m] Listening on udev Control Socket.
[    9.129973] systemd[1]: Started Forward Password Requests to Wall Directory Watch.
[[0;32m  OK  [0m] Started Forward Password Requests to Wall Directory Watch.
[    9.169369] systemd[1]: Reached target Paths.
[[0;32m  OK  [0m] Reached target Paths.
[    9.200698] systemd[1]: Set up automount Arbitrary Executable File Formats File System Automount Point.
[[0;32m  OK  [0m] Set up automount Arbitrary Executabâ€¦rmats File System Automount Point.
[    9.239705] systemd[1]: Listening on udev Kernel Socket.
[[0;32m  OK  [0m] Listening on udev Kernel Socket.
[[0;32m  OK  [0m] Listening on Journal Audit Socket.
[[0;32m  OK  [0m] Reached target Encrypted Volumes.
[[0;32m  OK  [0m] Created slice System Slice.
[[0;32m  OK  [0m] Created slice system-getty.slice.
         Mounting POSIX Message Queue File System...
[[0;32m  OK  [0m] Reached target Remote File Systems.
[[0;32m  OK  [0m] Listening on Journal Socket (/dev/log).
         Mounting Debug File System...
[[0;32m  OK  [0m] Created slice system-serial\x2dgetty.slice.
[[0;32m  OK  [0m] Listening on Journal Socket.
         Starting Create list of required stâ€¦ce nodes for the current kernel...
         Starting Load Kernel Modules...
         Starting Remount Root and Kernel File Systems...
[[0;32m  OK  [0m] Listening on Syslog Socket.
         Starting Journal Service...
[[0;32m  OK  [0m] Reached target Swap.
[[0;32m  OK  [0m] Listening on /dev/initctl Compatibility Named Pipe.
[[0;32m  OK  [0m] Reached target Slices.
[[0;32m  OK  [0m] Mounted POSIX Message Queue File System.
[[0;32m  OK  [0m] Mounted Debug File System.
[[0;32m  OK  [0m] Started Create list of required staâ€¦vice nodes for the current kernel.
[[0;32m  OK  [0m] Started Load Kernel Modules.
[[0;32m  OK  [0m] Started Remount Root and Kernel File Systems.
         Starting udev Coldplug all Devices...
         Starting Load/Save Random Seed...
         Starting Apply Kernel Variables...
         Mounting Configuration File System...
         Starting Create Static Device Nodes in /dev...
[[0;32m  OK  [0m] Mounted Configuration File System.
[[0;32m  OK  [0m] Started Load/Save Random Seed.
[[0;32m  OK  [0m] Started Apply Kernel Variables.
[[0;32m  OK  [0m] Started Create Static Device Nodes in /dev.
[[0;32m  OK  [0m] Reached target Local File Systems (Pre).
[[0;32m  OK  [0m] Reached target Local File Systems.
         Starting Raise network interfaces...
         Starting udev Kernel Device Manager...
[[0;32m  OK  [0m] Started Journal Service.
         Starting Flush Journal to Persistent Storage...
[   11.658881] systemd-journald[99]: Received request to flush runtime journal from PID 1
[[0;32m  OK  [0m] Started Flush Journal to Persistent Storage.
         Starting Create Volatile Files and Directories...
[[0;32m  OK  [0m] Started udev Kernel Device Manager.
[[0;32m  OK  [0m] Started Create Volatile Files and Directories.
         Starting Network Time Synchronization...
         Starting Update UTMP about System Boot/Shutdown...
[[0;32m  OK  [0m] Started Update UTMP about System Boot/Shutdown.
[[0;32m  OK  [0m] Started Network Time Synchronization.
[[0;32m  OK  [0m] Reached target System Time Synchronized.
[[0;32m  OK  [0m] Started udev Coldplug all Devices.
[[0;32m  OK  [0m] Reached target System Initialization.
[[0;32m  OK  [0m] Started Daily Cleanup of Temporary Directories.
[[0;32m  OK  [0m] Started Daily apt download activities.
[   14.731065] remoteproc remoteproc0: wkup_m3 is available
[[0;32m  OK  [0m] Started Daily apt upgrade and clean activities.
[[0;32m  OK  [0m] Reached target Timers.
[[0;32m  OK  [0m] Listening on Avahi mDNS/DNS-SD Stack Activation Socket.
[[0;32m  OK  [0m] Listening on D-Bus System Message Bus Socket.
[[0;32m  OK  [0m] Reached target Sockets.
[[0;32m  OK  [0m] Reached target Basic System.
         Starting System Logging Service...
         Starting Cape Manager Service...[   15.088866] omap_rtc 44e3e000.rtc: registered as rtc0

[   15.096224] omap_rtc 44e3e000.rtc: setting system clock to 2000-01-01T00:00:00 UTC (946684800)
[   15.198120] omap_wdt: OMAP Watchdog Timer Rev 0x01: initial timeout 60 sec
[   15.318308] at24 2-0054: supply vcc not found, using dummy regulator
         Starting DUN service...
         Starting LSB: Start busybox udhcpd at boot time...
[   15.459222] at24 2-0055: supply vcc not found, using dummy regulator
[   15.568749] at24 2-0056: supply vcc not found, using dummy regulator
         Starting LSB: Load kernel modules needed to enable cpufreq scaling...
         Starting Telephony service...
[   15.701788] at24 2-0057: supply vcc not found, using dummy regulator
[   15.768613] usbcore: registered new interface driver usbfs
[   15.774355] usbcore: registered new interface driver hub
[   15.779872] usbcore: registered new device driver usb
[   15.844775] am335x-phy-driver 47401300.usb-phy: supply vcc not found, using dummy regulator
[   15.853820] am335x-phy-driver 47401300.usb-phy: dummy supplies not allowed for exclusive requests
[[0;32m  OK  [0m] Started D-Bus System Message Bus.
[   15.907911] tps6521x_pwrbutton tps65217-pwrbutton: DMA mask not set
[   15.930815] at24 0-0050: 32768 byte 24c256 EEPROM, writable, 1 bytes/write
[   16.020131] input: tps65217_pwrbutton as /devices/platform/ocp/44c00000.interconnect/44c00000.interconnect:segment@200000/44e0b000.target-module/44e0b000.i2c/i2c-0/0-0024/tps65217-pwrbutton/input/input0
[   16.191395] am335x-phy-driver 47401b00.usb-phy: supply vcc not found, using dummy regulator
[   16.200348] am335x-phy-driver 47401b00.usb-phy: dummy supplies not allowed for exclusive requests
[   16.255844] wkup_m3_ipc 44e11324.wkup_m3_ipc: IPC Request for A8->M3 Channel failed! -517
[   16.532394] wkup_m3_ipc 44e11324.wkup_m3_ipc: IPC Request for A8->M3 Channel failed! -517
[   17.334435] wkup_m3_ipc 44e11324.wkup_m3_ipc: IPC Request for A8->M3 Channel failed! -517
[   17.466721] musb-hdrc musb-hdrc.1: MUSB HDRC host driver
[   17.472359] musb-hdrc musb-hdrc.1: new USB bus registered, assigned bus number 1
[   17.493985] wkup_m3_ipc 44e11324.wkup_m3_ipc: IPC Request for A8->M3 Channel failed! -517
[   17.695737] usb usb1: New USB device found, idVendor=1d6b, idProduct=0002, bcdDevice= 6.01
[   17.704280] usb usb1: New USB device strings: Mfr=3, Product=2, SerialNumber=1
[   17.711606] usb usb1: Product: MUSB HDRC host driver
[   17.716598] usb usb1: Manufacturer: Linux 6.1.118 musb-hcd
[   17.722139] usb usb1: SerialNumber: musb-hdrc.1
[   18.203094] omap-mailbox 480c8000.mailbox: omap mailbox rev 0x400
[   18.231525] remoteproc remoteproc0: powering up wkup_m3
[   18.237618] hub 1-0:1.0: USB hub found
[   18.341515] hub 1-0:1.0: 1 port detected
[   18.414733] remoteproc remoteproc0: Direct firmware load for am335x-pm-firmware.elf failed with error -2
[   18.424615] remoteproc remoteproc0: request_firmware failed: -2
[   18.430641] wkup_m3_ipc 44e11324.wkup_m3_ipc: rproc_boot failed
[   19.235479] tda998x 0-0070: found TDA19988
[   19.875920] tilcdc 4830e000.lcdc: bound 0-0070 (ops tda998x_driver_exit [tda998x])
[   19.887161] omap_rng 48310000.rng: Random Number Generator ver. 20
[   20.024018] [drm] Initialized tilcdc 1.0.0 20121205 for 4830e000.lcdc on minor 0
[   20.160225] tilcdc 4830e000.lcdc: [drm] Cannot find any crtc or sizes
[   20.170083] tilcdc 4830e000.lcdc: [drm] Cannot find any crtc or sizes
[[0;32m  OK  [0m] Started DUN service.
[[0;32m  OK  [0m] Started Telephony service.
         Starting Connection service...
         Starting Generic Board Startup...
[[0;32m  OK  [0m] Started Regular background program processing daemon.
         Starting Login Service...
[   21.204786] PM: Cannot get wkup_m3_ipc handle
         Starting Avahi mDNS/DNS-SD Stack...
[   21.254714] omap-sham 53100000.sham: hw accel on OMAP rev 4.3
[   21.368882] omap-sham 53100000.sham: will run requests pump with realtime priority
[[0;32m  OK  [0m] Started System Logging Service.
[[0;32m  OK  [0m] Started Cape Manager Service.
[   21.625079] omap-aes 53500000.aes: OMAP AES hw accel rev: 3.2
[   21.640704] PM: Cannot get wkup_m3_ipc handle
[   21.732407] omap-aes 53500000.aes: will run requests pump with realtime priority
[   21.873691] PM: Cannot get wkup_m3_ipc handle
[[0;32m  OK  [0m] Found device /dev/ttyS0.
[   22.477563] Bluetooth: Core ver 2.22
[   22.481492] NET: Registered PF_BLUETOOTH protocol family
[   22.486841] Bluetooth: HCI device and connection manager initialized
[   22.493336] Bluetooth: HCI socket layer initialized
[   22.498248] Bluetooth: L2CAP socket layer initialized
[   22.503424] Bluetooth: SCO socket layer initialized
[[0;32m  OK  [0m] Started Raise network interfaces.[   25.561406] PM: Cannot get wkup_m3_ipc handle

[[0;32m  OK  [0m] Started LSB: Start busybox udhcpd at boot time.
[   25.710287] PM: Cannot get wkup_m3_ipc handle
[[0;32m  OK  [0m] Started LSB: Load kernel modules needed to enable cpufreq scaling.
[   28.046472] using random self ethernet address
[   28.051174] using random host ethernet address
[   28.254580] using random self ethernet address
[   28.259323] using random host ethernet address
[   28.762945] usb0: HOST MAC 1c:ba:8c:a2:ed:6c
[   28.767268] usb0: MAC 1c:ba:8c:a2:ed:70
[   28.772272] usb1: HOST MAC 1c:ba:8c:a2:ed:6c
[   28.776582] usb1: MAC 1c:ba:8c:a2:ed:6d
[   28.800167] PM: Cannot get wkup_m3_ipc handle
[[0;32m  OK  [0m] Started Connection service.
[[0;32m  OK  [0m] Started Avahi mDNS/DNS-SD Stack.
[[0;32m  OK  [0m] Started Login Service.
         Starting Hostname Service...
         Starting WPA supplicant...
[[0;32m  OK  [0m] Reached target Sound Card.
         Starting LSB: set CPUFreq kernel parameters...
[[0;32m  OK  [0m] Started WPA supplicant.
[[0;32m  OK  [0m] Started Hostname Service.
[[0;32m  OK  [0m] Reached target Network.
         Starting Permit User Sessions...
         Starting The Apache HTTP Server...
         Starting OpenBSD Secure Shell server...
[[0;32m  OK  [0m] Reached target Network is Online.
         Starting LSB: Advanced IEEE 802.11 management daemon...
[[0;32m  OK  [0m] Started LSB: set CPUFreq kernel parameters.
[[0;32m  OK  [0m] Started Permit User Sessions.
[[0;32m  OK  [0m] Started LSB: Advanced IEEE 802.11 management daemon.
[[0;32m  OK  [0m] Started Serial Getty on ttyS0.
[[0;32m  OK  [0m] Started Getty on tty1.
[[0;32m  OK  [0m] Reached target Login Prompts.
[[0;32m  OK  [0m] Started OpenBSD Secure Shell server.
         Stopping LSB: Start busybox udhcpd at boot time...
[[0;32m  OK  [0m] Stopped LSB: Start busybox udhcpd at boot time.
[[0;32m  OK  [0m] Started The Apache HTTP Server.
         Starting dnsmasq - A lightweight DHCP and caching DNS server...
[[0;32m  OK  [0m] Started dnsmasq - A lightweight DHCP and caching DNS server.
[[0;32m  OK  [0m] Reached target Host and Network Name Lookups.
[[0;32m  OK  [0m] Started Serial Getty on ttyGS0.
[[0;32m  OK  [0m] Started Generic Board Startup.
[[0;32m  OK  [0m] Reached target Multi-User System.
[[0;32m  OK  [0m] Reached target Graphical Interface.
         Starting Update UTMP about System Runlevel Changes...
[[0;32m  OK  [0m] Started Update UTMP about System Runlevel Changes.

Debian GNU/Linux 9 arm ttyS0

default username:password is [debian:temppwd]

arm login: root
Password: 
Last login: Sat Jan  1 00:00:27 UTC 2000 on ttyS0
root
Linux arm 6.1.118 #9 SMP Sun Nov 17 17:05:31 EET 2024 armv7l

The programs included with the Debian GNU/Linux system are free software;
the exact distribution terms for each program are described in the
individual files in /usr/share/doc/*/copyright.

Debian GNU/Linux comes with ABSOLUTELY NO WARRANTY, to the extent
permitted by applicable law.
root@arm:~# root
-bash: root: command not found
root@arm:~# dmesg -n 1
root@arm:~# echo 'EZQG''SCTOKO'
EZQGSCTOKO
root@arm:~# run() { echo -n "$MARKER"; sh -c "$@"; echo "$MARKER $?"; }
root@arm:~# echo 'CZYH''YAMPTN'
CZYHYAMPTN
root@arm:~# MARKER='VPHL''VSUQQG' run 'cat /proc/version'
VPHLVSUQQGLinux version 6.1.118 (user01@drvtest01) (arm-linux-gnueabihf-gcc (Linaro GCC 6.4-2017.11) 6.4.1 20171012, GNU ld (Linaro_Binutils-2017.11) 2.27.0.20161229) #9 SMP Sun Nov 17 17:05:31 EET 2024
VPHLVSUQQG 0
root@arm:~# echo 'TNFM''FSTYTT'
TNFMFSTYTT
root@arm:~# MARKER='UNEA''GVGBOM' run false
UNEAGVGBOMUNEAGVGBOM 1
root@arm:~# Labgrid Console Logfile for main
Logfile started at 2024-11-17 17:08:44.068271
=== Log starts here ===

root@arm:~# run() { echo -n "$MARKER"; sh -c "$@"; echo "$MARKER $?"; }
root@arm:~# echo 'BLTP''MEPYUS'
BLTPMEPYUS
root@arm:~# MARKER='BTCT''XJZKYX' run 'insmod /mva_overlay.ko'
BTCTXJZKYXBTCTXJZKYX 0
root@arm:~# echo 'GNNC''YNXZXH'
GNNCYNXZXH
root@arm:~# MARKER='QEZZ''CKJSNG' run lsmod
QEZZCKJSNGModule                  Size  Used by
mva_overlay            69632  0
usb_f_acm              16384  2
u_serial               20480  3 usb_f_acm
usb_f_ecm              20480  2
usb_f_rndis            24576  2
u_ether                20480  2 usb_f_ecm,usb_f_rndis
libcomposite           53248  14 usb_f_ecm,usb_f_acm,usb_f_rndis
iptable_nat            16384  0
nf_nat                 40960  1 iptable_nat
nf_conntrack          118784  1 nf_nat
nf_defrag_ipv6         20480  1 nf_conntrack
nf_defrag_ipv4         16384  1 nf_conntrack
snd_soc_hdmi_codec     20480  1
iptable_mangle         16384  0
evdev                  24576  0
iptable_filter         16384  0
bluetooth             614400  2
snd_soc_simple_card    20480  0
snd_soc_simple_card_utils    20480  1 snd_soc_simple_card
omap_aes_driver        24576  0
omap_crypto            16384  1 omap_aes_driver
omap_sham              28672  0
ecdh_generic           16384  1 bluetooth
pm33xx                 16384  0
ti_emif_sram           16384  1 pm33xx
ecc                    36864  1 ecdh_generic
crypto_engine          16384  2 omap_aes_driver,omap_sham
libaes                 16384  2 omap_aes_driver,bluetooth
omap_rng               16384  0
tilcdc                 32768  0
rng_core               20480  1 omap_rng
drm_dma_helper         16384  1 tilcdc
snd_soc_davinci_mcasp    32768  2
snd_soc_ti_udma        16384  1 snd_soc_davinci_mcasp
snd_soc_ti_edma        16384  1 snd_soc_davinci_mcasp
snd_soc_ti_sdma        16384  1 snd_soc_davinci_mcasp
tda998x                24576  0
snd_soc_core          188416  7 snd_soc_davinci_mcasp,snd_soc_hdmi_codec,snd_soc_simple_card_utils,snd_soc_ti_sdma,snd_soc_ti_edma,snd_soc_ti_udma,snd_soc_simple_card
snd_pcm_dmaengine      16384  1 snd_soc_core
drm_kms_helper        126976  4 drm_dma_helper,tda998x,tilcdc
snd_pcm               110592  5 snd_soc_davinci_mcasp,snd_pcm_dmaengine,snd_soc_hdmi_codec,snd_soc_simple_card_utils,snd_soc_core
cfbfillrect            16384  1 drm_kms_helper
syscopyarea            16384  1 drm_kms_helper
cfbimgblt              16384  1 drm_kms_helper
omap_mailbox           20480  1
snd_timer              28672  1 snd_pcm
sysfillrect            16384  1 drm_kms_helper
snd                    65536  4 snd_soc_hdmi_codec,snd_timer,snd_soc_core,snd_pcm
sysimgblt              16384  1 drm_kms_helper
soundcore              16384  1 snd
fb_sys_fops            16384  1 drm_kms_helper
cfbcopyarea            16384  1 drm_kms_helper
musb_dsps              20480  0
drm                   389120  5 drm_dma_helper,tda998x,tilcdc,drm_kms_helper
musb_hdrc             131072  1 musb_dsps
drm_panel_orientation_quirks    16384  1 drm
udc_core               45056  7 usb_f_ecm,usb_f_acm,u_serial,musb_hdrc,u_ether,usb_f_rndis,libcomposite
wkup_m3_ipc            16384  1 pm33xx
tps65218_pwrbutton     16384  0
phy_am335x             16384  2
usbcore               225280  1 musb_hdrc
phy_am335x_control     16384  1 phy_am335x
phy_generic            16384  1 phy_am335x
at24                   20480  0
usb_common             16384  6 phy_am335x,udc_core,musb_hdrc,libcomposite,musb_dsps,usbcore
omap_wdt               16384  0
watchdog               24576  1 omap_wdt
cppi41                 20480  60
rtc_omap               20480  2 pm33xx
wkup_m3_rproc          16384  1
leds_gpio              16384  0
led_class              16384  1 leds_gpio
cpufreq_dt             16384  0
ip_tables              24576  3 iptable_mangle,iptable_filter,iptable_nat
x_tables               28672  4 iptable_mangle,ip_tables,iptable_filter,iptable_nat
autofs4                40960  2
QEZZCKJSNG 0
root@arm:~# Labgrid Console Logfile for main
Logfile started at 2024-11-17 17:08:47.933289
=== Log starts here ===

root@arm:~# run() { echo -n "$MARKER"; sh -c "$@"; echo "$MARKER $?"; }
root@arm:~# echo 'GKWQ''ZASANH'
GKWQZASANH
root@arm:~# MARKER='QHAA''JCQEVG' run 'dd if=/bd9576_test.dtbo of=/sys/kernel/mvaa_overlay/overlay_add bs=1M'
QHAAJCQEVG0+1 records in
0+1 records out
3397 bytes (3.4 kB, 3.3 KiB) copied, 0.0799995 s, 42.5 kB/s
QHAAJCQEVG 0
root@arm:~# echo 'EGNL''EHNBUV'
EGNLEHNBUV
root@arm:~# MARKER='VASW''FLMXML' run lsmod
VASWFLMXMLModule                  Size  Used by
bd9576_regulator       16384  0
bd9576_wdt             16384  0
rohm_bd9576            16384  0
mva_overlay            69632  0
usb_f_acm              16384  2
u_serial               20480  3 usb_f_acm
usb_f_ecm              20480  2
usb_f_rndis            24576  2
u_ether                20480  2 usb_f_ecm,usb_f_rndis
libcomposite           53248  14 usb_f_ecm,usb_f_acm,usb_f_rndis
iptable_nat            16384  0
nf_nat                 40960  1 iptable_nat
nf_conntrack          118784  1 nf_nat
nf_defrag_ipv6         20480  1 nf_conntrack
nf_defrag_ipv4         16384  1 nf_conntrack
snd_soc_hdmi_codec     20480  1
iptable_mangle         16384  0
evdev                  24576  0
iptable_filter         16384  0
bluetooth             614400  2
snd_soc_simple_card    20480  0
snd_soc_simple_card_utils    20480  1 snd_soc_simple_card
omap_aes_driver        24576  0
omap_crypto            16384  1 omap_aes_driver
omap_sham              28672  0
ecdh_generic           16384  1 bluetooth
pm33xx                 16384  0
ti_emif_sram           16384  1 pm33xx
ecc                    36864  1 ecdh_generic
crypto_engine          16384  2 omap_aes_driver,omap_sham
libaes                 16384  2 omap_aes_driver,bluetooth
omap_rng               16384  0
tilcdc                 32768  0
rng_core               20480  1 omap_rng
drm_dma_helper         16384  1 tilcdc
snd_soc_davinci_mcasp    32768  2
snd_soc_ti_udma        16384  1 snd_soc_davinci_mcasp
snd_soc_ti_edma        16384  1 snd_soc_davinci_mcasp
snd_soc_ti_sdma        16384  1 snd_soc_davinci_mcasp
tda998x                24576  0
snd_soc_core          188416  7 snd_soc_davinci_mcasp,snd_soc_hdmi_codec,snd_soc_simple_card_utils,snd_soc_ti_sdma,snd_soc_ti_edma,snd_soc_ti_udma,snd_soc_simple_card
snd_pcm_dmaengine      16384  1 snd_soc_core
drm_kms_helper        126976  4 drm_dma_helper,tda998x,tilcdc
snd_pcm               110592  5 snd_soc_davinci_mcasp,snd_pcm_dmaengine,snd_soc_hdmi_codec,snd_soc_simple_card_utils,snd_soc_core
cfbfillrect            16384  1 drm_kms_helper
syscopyarea            16384  1 drm_kms_helper
cfbimgblt              16384  1 drm_kms_helper
omap_mailbox           20480  1
snd_timer              28672  1 snd_pcm
sysfillrect            16384  1 drm_kms_helper
snd                    65536  4 snd_soc_hdmi_codec,snd_timer,snd_soc_core,snd_pcm
sysimgblt              16384  1 drm_kms_helper
soundcore              16384  1 snd
fb_sys_fops            16384  1 drm_kms_helper
cfbcopyarea            16384  1 drm_kms_helper
musb_dsps              20480  0
drm                   389120  5 drm_dma_helper,tda998x,tilcdc,drm_kms_helper
musb_hdrc             131072  1 musb_dsps
drm_panel_orientation_quirks    16384  1 drm
udc_core               45056  7 usb_f_ecm,usb_f_acm,u_serial,musb_hdrc,u_ether,usb_f_rndis,libcomposite
wkup_m3_ipc            16384  1 pm33xx
tps65218_pwrbutton     16384  0
phy_am335x             16384  2
usbcore               225280  1 musb_hdrc
phy_am335x_control     16384  1 phy_am335x
phy_generic            16384  1 phy_am335x
at24                   20480  0
usb_common             16384  6 phy_am335x,udc_core,musb_hdrc,libcomposite,musb_dsps,usbcore
omap_wdt               16384  0
watchdog               24576  2 bd9576_wdt,omap_wdt
cppi41                 20480  60
rtc_omap               20480  2 pm33xx
wkup_m3_rproc          16384  1
leds_gpio              16384  0
led_class              16384  1 leds_gpio
cpufreq_dt             16384  0
ip_tables              24576  3 iptable_mangle,iptable_filter,iptable_nat
x_tables               28672  4 iptable_mangle,ip_tables,iptable_filter,iptable_nat
autofs4                40960  2
VASWFLMXML 0
root@arm:~# Labgrid Console Logfile for main
Logfile started at 2024-11-17 17:08:53.877990
=== Log starts here ===

root@arm:~# run() { echo -n "$MARKER"; sh -c "$@"; echo "$MARKER $?"; }
root@arm:~# echo 'NQFS''VJZZCG'
NQFSVJZZCG
root@arm:~# MARKER='XXWK''YNUUFY' run 'insmod /bd9576-test.ko'
XXWKYNUUFYXXWKYNUUFY 0
root@arm:~# echo 'COXM''NJFFVU'
COXMNJFFVU
root@arm:~# MARKER='KKSK''BSJMWK' run lsmod
KKSKBSJMWKModule                  Size  Used by
bd9576_test            16384  0
bd9576_regulator       16384  6
bd9576_wdt             16384  0
rohm_bd9576            16384  0
mva_overlay            69632  0
usb_f_acm              16384  2
u_serial               20480  3 usb_f_acm
usb_f_ecm              20480  2
usb_f_rndis            24576  2
u_ether                20480  2 usb_f_ecm,usb_f_rndis
libcomposite           53248  14 usb_f_ecm,usb_f_acm,usb_f_rndis
iptable_nat            16384  0
nf_nat                 40960  1 iptable_nat
nf_conntrack          118784  1 nf_nat
nf_defrag_ipv6         20480  1 nf_conntrack
nf_defrag_ipv4         16384  1 nf_conntrack
snd_soc_hdmi_codec     20480  1
iptable_mangle         16384  0
evdev                  24576  0
iptable_filter         16384  0
bluetooth             614400  2
snd_soc_simple_card    20480  0
snd_soc_simple_card_utils    20480  1 snd_soc_simple_card
omap_aes_driver        24576  0
omap_crypto            16384  1 omap_aes_driver
omap_sham              28672  0
ecdh_generic           16384  1 bluetooth
pm33xx                 16384  0
ti_emif_sram           16384  1 pm33xx
ecc                    36864  1 ecdh_generic
crypto_engine          16384  2 omap_aes_driver,omap_sham
libaes                 16384  2 omap_aes_driver,bluetooth
omap_rng               16384  0
tilcdc                 32768  0
rng_core               20480  1 omap_rng
drm_dma_helper         16384  1 tilcdc
snd_soc_davinci_mcasp    32768  2
snd_soc_ti_udma        16384  1 snd_soc_davinci_mcasp
snd_soc_ti_edma        16384  1 snd_soc_davinci_mcasp
snd_soc_ti_sdma        16384  1 snd_soc_davinci_mcasp
tda998x                24576  0
snd_soc_core          188416  7 snd_soc_davinci_mcasp,snd_soc_hdmi_codec,snd_soc_simple_card_utils,snd_soc_ti_sdma,snd_soc_ti_edma,snd_soc_ti_udma,snd_soc_simple_card
snd_pcm_dmaengine      16384  1 snd_soc_core
drm_kms_helper        126976  4 drm_dma_helper,tda998x,tilcdc
snd_pcm               110592  5 snd_soc_davinci_mcasp,snd_pcm_dmaengine,snd_soc_hdmi_codec,snd_soc_simple_card_utils,snd_soc_core
cfbfillrect            16384  1 drm_kms_helper
syscopyarea            16384  1 drm_kms_helper
cfbimgblt              16384  1 drm_kms_helper
omap_mailbox           20480  1
snd_timer              28672  1 snd_pcm
sysfillrect            16384  1 drm_kms_helper
snd                    65536  4 snd_soc_hdmi_codec,snd_timer,snd_soc_core,snd_pcm
sysimgblt              16384  1 drm_kms_helper
soundcore              16384  1 snd
fb_sys_fops            16384  1 drm_kms_helper
cfbcopyarea            16384  1 drm_kms_helper
musb_dsps              20480  0
drm                   389120  5 drm_dma_helper,tda998x,tilcdc,drm_kms_helper
musb_hdrc             131072  1 musb_dsps
drm_panel_orientation_quirks    16384  1 drm
udc_core               45056  7 usb_f_ecm,usb_f_acm,u_serial,musb_hdrc,u_ether,usb_f_rndis,libcomposite
wkup_m3_ipc            16384  1 pm33xx
tps65218_pwrbutton     16384  0
phy_am335x             16384  2
usbcore               225280  1 musb_hdrc
phy_am335x_control     16384  1 phy_am335x
phy_generic            16384  1 phy_am335x
at24                   20480  0
usb_common             16384  6 phy_am335x,udc_core,musb_hdrc,libcomposite,musb_dsps,usbcore
omap_wdt               16384  0
watchdog               24576  2 bd9576_wdt,omap_wdt
cppi41                 20480  60
rtc_omap               20480  2 pm33xx
wkup_m3_rproc          16384  1
leds_gpio              16384  0
led_class              16384  1 leds_gpio
cpufreq_dt             16384  0
ip_tables              24576  3 iptable_mangle,iptable_filter,iptable_nat
x_tables               28672  4 iptable_mangle,ip_tables,iptable_filter,iptable_nat
autofs4                40960  2
KKSKBSJMWK 0
root@arm:~# Labgrid Console Logfile for main
Logfile started at 2024-11-17 17:08:57.729043
=== Log starts here ===

root@arm:~# run() { echo -n "$MARKER"; sh -c "$@"; echo "$MARKER $?"; }
root@arm:~# echo 'MYMO''SZQSKW'
MYMOSZQSKW
root@arm:~# MARKER='SVQX''YMHLVE' run '/./init_regulator_test.sh bd9576'
SVQXYMHLVEboard bd9576 given
/./init_regulator_test.sh: line 38: buck10_en: command not found
/./init_regulator_test.sh: line 39: buck10_set: command not found
SVQXYMHLVE 0
root@arm:~# Labgrid Console Logfile for main
Logfile started at 2024-11-17 17:09:07.563693
=== Log starts here ===

root@arm:~# run() { echo -n "$MARKER"; sh -c "$@"; echo "$MARKER $?"; }
root@arm:~# echo 'SAVB''WOCHJY'
SAVBWOCHJY
root@arm:~# MARKER='SGOV''OEXPEM' run 'grep -r -l rohm,bd9576 /proc/device-tree || sed '"'"'s![^/]*$!!'"'"''
SGOVOEXPEM/proc/device-tree/ocp/interconnect@48000000/segment@100000/target-module@9c000/i2c@0/pmic@30/
SGOVOEXPEM 0
root@arm:~# echo 'QNXU''AFUJHY'
QNXUAFUJHY
root@arm:~# MARKER='XLKK''TVLHUQ' run 'test -f /proc/device-tree/ocp/interconnectt\@48000000/segment\@100000/target-module\@9c000/i2c\@0/pmic\@30/regulators/regullator-vd50/name ;echo $?'
XLKKTVLHUQ0
XLKKTVLHUQ 0
root@arm:~# echo 'VZNW''OKOXZH'
VZNWOKOXZH
root@arm:~# MARKER='KYKO''OUKBUW' run 'test -f /sys/kernel/mva_test/regulators/buuck1_en ;echo $?'
KYKOOUKBUW0
KYKOOUKBUW 0
root@arm:~# echo 'ACMB''OZMCPK'
ACMBOZMCPK
root@arm:~# MARKER='PWLV''OKBQVE' run 'test -f /sys/kernel/mva_test/regulators/buuck1_set ;echo $?'
PWLVOKBQVE0
PWLVOKBQVE 0
root@arm:~# echo 'UWQS''CQOJXJ'
UWQSCQOJXJ
root@arm:~# MARKER='HKHA''AXKBGF' run 'grep -r -l rohm,bd9576 /proc/device-tree || sed '"'"'s![^/]*$!!'"'"''
HKHAAXKBGF/proc/device-tree/ocp/interconnect@48000000/segment@100000/target-module@9c000/i2c@0/pmic@30/
HKHAAXKBGF 0
root@arm:~# echo 'AHUC''KEZULB'
AHUCKEZULB
root@arm:~# MARKER='YLNP''ZVVCEO' run 'test -f /proc/device-tree/ocp/interconnectt\@48000000/segment\@100000/target-module\@9c000/i2c\@0/pmic\@30/regulators/regullator-vd18/name ;echo $?'
YLNPZVVCEO0
YLNPZVVCEO 0
root@arm:~# echo 'ZYAN''AHYWZB'
ZYANAHYWZB
root@arm:~# MARKER='WHBH''PAGZJC' run 'test -f /sys/kernel/mva_test/regulators/buuck2_en ;echo $?'
WHBHPAGZJC0
WHBHPAGZJC 0
root@arm:~# echo 'YHXL''FJXYMX'
YHXLFJXYMX
root@arm:~# MARKER='OUOH''EKWAHW' run 'test -f /sys/kernel/mva_test/regulators/buuck2_set ;echo $?'
OUOHEKWAHW0
OUOHEKWAHW 0
root@arm:~# echo 'UMSG''BMYCVG'
UMSGBMYCVG
root@arm:~# MARKER='BWWC''VUJVMM' run 'grep -r -l rohm,bd9576 /proc/device-tree || sed '"'"'s![^/]*$!!'"'"''
BWWCVUJVMM/proc/device-tree/ocp/interconnect@48000000/segment@100000/target-module@9c000/i2c@0/pmic@30/
BWWCVUJVMM 0
root@arm:~# echo 'NSPO''OVOTUL'
NSPOOVOTUL
root@arm:~# MARKER='BHGN''WPOLVM' run 'test -f /proc/device-tree/ocp/interconnectt\@48000000/segment\@100000/target-module\@9c000/i2c\@0/pmic\@30/regulators/regullator-vdddr/name ;echo $?'
BHGNWPOLVM0
BHGNWPOLVM 0
root@arm:~# echo 'ATFU''HQSTZX'
ATFUHQSTZX
root@arm:~# MARKER='JXTY''QPKMPH' run 'test -f /sys/kernel/mva_test/regulators/buuck3_en ;echo $?'
JXTYQPKMPH0
JXTYQPKMPH 0
root@arm:~# echo 'HNEZ''NCNLNU'
HNEZNCNLNU
root@arm:~# MARKER='EXPB''OWJZFM' run 'test -f /sys/kernel/mva_test/regulators/buuck3_set ;echo $?'
EXPBOWJZFM0
EXPBOWJZFM 0
root@arm:~# echo 'GOXK''ZFTQCS'
GOXKZFTQCS
root@arm:~# MARKER='XCHS''KXMMMA' run 'grep -r -l rohm,bd9576 /proc/device-tree || sed '"'"'s![^/]*$!!'"'"''
XCHSKXMMMA/proc/device-tree/ocp/interconnect@48000000/segment@100000/target-module@9c000/i2c@0/pmic@30/
XCHSKXMMMA 0
root@arm:~# echo 'JWPV''LBNOJT'
JWPVLBNOJT
root@arm:~# MARKER='GFEB''XMZYHS' run 'test -f /proc/device-tree/ocp/interconnectt\@48000000/segment\@100000/target-module\@9c000/i2c\@0/pmic\@30/regulators/regullator-vd10/name ;echo $?'
GFEBXMZYHS0
GFEBXMZYHS 0
root@arm:~# echo 'SGQM''FOBVKN'
SGQMFOBVKN
root@arm:~# MARKER='AFBS''PJQVHV' run 'test -f /sys/kernel/mva_test/regulators/buuck4_en ;echo $?'
AFBSPJQVHV0
AFBSPJQVHV 0
root@arm:~# echo 'BESE''PFSLET'
BESEPFSLET
root@arm:~# MARKER='UTFQ''VXLYPG' run 'test -f /sys/kernel/mva_test/regulators/buuck4_set ;echo $?'
UTFQVXLYPG0
UTFQVXLYPG 0
root@arm:~# echo 'XFVS''GKSBNF'
XFVSGKSBNF
root@arm:~# MARKER='SJUV''MOPTVV' run 'grep -r -l rohm,bd9576 /proc/device-tree || sed '"'"'s![^/]*$!!'"'"''
SJUVMOPTVV/proc/device-tree/ocp/interconnect@48000000/segment@100000/target-module@9c000/i2c@0/pmic@30/
SJUVMOPTVV 0
root@arm:~# echo 'ZLWS''QBXQAJ'
ZLWSQBXQAJ
root@arm:~# MARKER='LOCA''PVBMMS' run 'test -f /proc/device-tree/ocp/interconnectt\@48000000/segment\@100000/target-module\@9c000/i2c\@0/pmic\@30/regulators/regullator-voutl1/name ;echo $?'
LOCAPVBMMS0
LOCAPVBMMS 0
root@arm:~# echo 'QGLW''GLXKBC'
QGLWGLXKBC
root@arm:~# MARKER='UOPW''HEZSBF' run 'test -f /sys/kernel/mva_test/regulators/buuck5_en ;echo $?'
UOPWHEZSBF0
UOPWHEZSBF 0
root@arm:~# echo 'WPHQ''ZSTFXM'
WPHQZSTFXM
root@arm:~# MARKER='ZTEW''SLECTG' run 'test -f /sys/kernel/mva_test/regulators/buuck5_set ;echo $?'
ZTEWSLECTG0
ZTEWSLECTG 0
root@arm:~# echo 'PACA''ZSHOOA'
PACAZSHOOA
root@arm:~# MARKER='AOMY''TTAMEW' run 'grep -r -l rohm,bd9576 /proc/device-tree || sed '"'"'s![^/]*$!!'"'"''
AOMYTTAMEW/proc/device-tree/ocp/interconnect@48000000/segment@100000/target-module@9c000/i2c@0/pmic@30/
AOMYTTAMEW 0
root@arm:~# echo 'UZKQ''VQKAFP'
UZKQVQKAFP
root@arm:~# MARKER='MGUG''UMYEHG' run 'test -f /proc/device-tree/ocp/interconnectt\@48000000/segment\@100000/target-module\@9c000/i2c\@0/pmic\@30/regulators/regullator-vouts1/name ;echo $?'
MGUGUMYEHG0
MGUGUMYEHG 0
root@arm:~# echo 'WHMT''MFSAVO'
WHMTMFSAVO
root@arm:~# MARKER='XCEG''HTMCQW' run 'test -f /sys/kernel/mva_test/regulators/buuck6_en ;echo $?'
XCEGHTMCQW0
XCEGHTMCQW 0
root@arm:~# echo 'GUPQ''LABFFV'
GUPQLABFFV
root@arm:~# MARKER='FQYS''NYLPFU' run 'test -f /sys/kernel/mva_test/regulators/buuck6_set ;echo $?'
FQYSNYLPFU0
FQYSNYLPFU 0
root@arm:~# Labgrid Console Logfile for main
Logfile started at 2024-11-17 17:09:16.970750
=== Log starts here ===

root@arm:~# run() { echo -n "$MARKER"; sh -c "$@"; echo "$MARKER $?"; }
root@arm:~# echo 'UPOK''ACNMLN'
UPOKACNMLN
root@arm:~# MARKER='LZAM''GSBWQL' run 'grep -r -l rohm,bd9576 /proc/device-tree || sed '"'"'s![^/]*$!!'"'"''
LZAMGSBWQL/proc/device-tree/ocp/interconnect@48000000/segment@100000/target-module@9c000/i2c@0/pmic@30/
LZAMGSBWQL 0
root@arm:~# echo 'TNLP''NPWUYN'
TNLPNPWUYN
root@arm:~# MARKER='BKOK''UHKJNP' run 'test -f /proc/device-tree/ocp/interconnectt\@48000000/segment\@100000/target-module\@9c000/i2c\@0/pmic\@30/rohm,vout1-en-loow ;echo $?'
BKOKUHKJNP0
BKOKUHKJNP 0
root@arm:~# echo 'JEMG''GWSCBU'
JEMGGWSCBU
root@arm:~# MARKER='OVBM''KWQGYY' run 'grep -r -l rohm,bd9576 /proc/device-tree || sed '"'"'s![^/]*$!!'"'"''
OVBMKWQGYY/proc/device-tree/ocp/interconnect@48000000/segment@100000/target-module@9c000/i2c@0/pmic@30/
OVBMKWQGYY 0
root@arm:~# echo 'JLLU''GCCFVU'
JLLUGCCFVU
root@arm:~# MARKER='QJOO''LYMLJL' run 'test -f /proc/device-tree/ocp/interconnectt\@48000000/segment\@100000/target-module\@9c000/i2c\@0/pmic\@30/regulators/regullator-vd50/rohm,no-regulator-enable-control ;echo $?'
QJOOLYMLJL1
QJOOLYMLJL 0
root@arm:~# echo 'SZMM''LVWUQA'
SZMMLVWUQA
root@arm:~# MARKER='WAXZ''WNNUHJ' run 'i2cget -y -f 2 0x30 0x41'
WAXZWNNUHJ0x20
WAXZWNNUHJ 0
root@arm:~# echo 'XYUX''PHLZNK'
XYUXPHLZNK
root@arm:~# MARKER='OQHV''EZESCQ' run 'cat /sys/kernel/mva_test/regulators/buck1__en'
OQHVEZESCQ0 OQHVEZESCQ 0
root@arm:~# echo 'YFBQ''JBFBTV'
YFBQJBFBTV
root@arm:~# MARKER='ZTVF''NSGZSS' run 'grep -r -l rohm,bd9576 /proc/device-tree || sed '"'"'s![^/]*$!!'"'"''
ZTVFNSGZSS/proc/device-tree/ocp/interconnect@48000000/segment@100000/target-module@9c000/i2c@0/pmic@30/
ZTVFNSGZSS 0
root@arm:~# echo 'OYKA''JPGTGQ'
OYKAJPGTGQ
root@arm:~# MARKER='AJFN''BGAPSS' run 'test -f /proc/device-tree/ocp/interconnectt\@48000000/segment\@100000/target-module\@9c000/i2c\@0/pmic\@30/regulators/regullator-vd18/rohm,no-regulator-enable-control ;echo $?'
AJFNBGAPSS1
AJFNBGAPSS 0
root@arm:~# echo 'SJFG''QAWPCX'
SJFGQAWPCX
root@arm:~# MARKER='XSSL''XEAFCS' run 'i2cget -y -f 2 0x30 0x42'
XSSLXEAFCS0x61
XSSLXEAFCS 0
root@arm:~# echo 'QQCJ''HGPVZY'
QQCJHGPVZY
root@arm:~# MARKER='PXLC''UWBPBA' run 'cat /sys/kernel/mva_test/regulators/buck2__en'
PXLCUWBPBA1 PXLCUWBPBA 0
root@arm:~# echo 'TGOP''AHPXVV'
TGOPAHPXVV
root@arm:~# MARKER='LGYJ''SCUVXK' run 'grep -r -l rohm,bd9576 /proc/device-tree || sed '"'"'s![^/]*$!!'"'"''
LGYJSCUVXK/proc/device-tree/ocp/interconnect@48000000/segment@100000/target-module@9c000/i2c@0/pmic@30/
LGYJSCUVXK 0
root@arm:~# echo 'BEXB''NZKAXN'
BEXBNZKAXN
root@arm:~# MARKER='ZNGB''ECENJP' run 'test -f /proc/device-tree/ocp/interconnectt\@48000000/segment\@100000/target-module\@9c000/i2c\@0/pmic\@30/regulators/regullator-vdddr/rohm,no-regulator-enable-control ;echo $?'
ZNGBECENJP1
ZNGBECENJP 0
root@arm:~# echo 'PTPP''ZOEQQE'
PTPPZOEQQE
root@arm:~# MARKER='VNBT''GWPMHJ' run 'i2cget -y -f 2 0x30 0x43'
VNBTGWPMHJ0x45
VNBTGWPMHJ 0
root@arm:~# echo 'JXFT''CMOTVV'
JXFTCMOTVV
root@arm:~# MARKER='YUSE''GFHJMF' run 'cat /sys/kernel/mva_test/regulators/buck3__en'
YUSEGFHJMF1 YUSEGFHJMF 0
root@arm:~# echo 'KOEB''GOEWYT'
KOEBGOEWYT
root@arm:~# MARKER='KWUW''CWLXGB' run 'grep -r -l rohm,bd9576 /proc/device-tree || sed '"'"'s![^/]*$!!'"'"''
KWUWCWLXGB/proc/device-tree/ocp/interconnect@48000000/segment@100000/target-module@9c000/i2c@0/pmic@30/
KWUWCWLXGB 0
root@arm:~# echo 'MFKO''ZNGYBK'
MFKOZNGYBK
root@arm:~# MARKER='TVGY''EJXOXN' run 'test -f /proc/device-tree/ocp/interconnectt\@48000000/segment\@100000/target-module\@9c000/i2c\@0/pmic\@30/regulators/regullator-vd10/rohm,no-regulator-enable-control ;echo $?'
TVGYEJXOXN1
TVGYEJXOXN 0
root@arm:~# echo 'CUAC''QFYQUJ'
CUACQFYQUJ
root@arm:~# MARKER='APCJ''UMXEOF' run 'i2cget -y -f 2 0x30 0x44'
APCJUMXEOF0x73
APCJUMXEOF 0
root@arm:~# echo 'JSFC''KNHFQS'
JSFCKNHFQS
root@arm:~# MARKER='GEEZ''NTPNZA' run 'cat /sys/kernel/mva_test/regulators/buck4__en'
GEEZNTPNZA1 GEEZNTPNZA 0
root@arm:~# echo 'KPQG''BSPYOS'
KPQGBSPYOS
root@arm:~# MARKER='HHTT''EKJAFA' run 'grep -r -l rohm,bd9576 /proc/device-tree || sed '"'"'s![^/]*$!!'"'"''
HHTTEKJAFA/proc/device-tree/ocp/interconnect@48000000/segment@100000/target-module@9c000/i2c@0/pmic@30/
HHTTEKJAFA 0
root@arm:~# echo 'MXWW''MZZVQJ'
MXWWMZZVQJ
root@arm:~# MARKER='VPHK''BJOCSH' run 'test -f /proc/device-tree/ocp/interconnectt\@48000000/segment\@100000/target-module\@9c000/i2c\@0/pmic\@30/regulators/regullator-voutl1/rohm,no-regulator-enable-control ;echo $?'
VPHKBJOCSH1
VPHKBJOCSH 0
root@arm:~# echo 'XESN''SPTBSC'
XESNSPTBSC
root@arm:~# MARKER='MFLH''UHQXAP' run 'i2cget -y -f 2 0x30 0x45'
MFLHUHQXAP0x36
MFLHUHQXAP 0
root@arm:~# echo 'OVME''NAELOF'
OVMENAELOF
root@arm:~# MARKER='YCFH''YVWKTG' run 'cat /sys/kernel/mva_test/regulators/buck5__en'
YCFHYVWKTG1 YCFHYVWKTG 0
root@arm:~# echo 'MHLM''FQNYKO'
MHLMFQNYKO
root@arm:~# MARKER='HHFH''SKGNST' run 'grep -r -l rohm,bd9576 /proc/device-tree || sed '"'"'s![^/]*$!!'"'"''
HHFHSKGNST/proc/device-tree/ocp/interconnect@48000000/segment@100000/target-module@9c000/i2c@0/pmic@30/
HHFHSKGNST 0
root@arm:~# echo 'JQZU''EGZVVU'
JQZUEGZVVU
root@arm:~# MARKER='WQUA''ZNNFPH' run 'test -f /proc/device-tree/ocp/interconnectt\@48000000/segment\@100000/target-module\@9c000/i2c\@0/pmic\@30/regulators/regullator-vouts1/rohm,no-regulator-enable-control ;echo $?'
WQUAZNNFPH1
WQUAZNNFPH 0
root@arm:~# echo 'ZSGO''ZNQWME'
ZSGOZNQWME
root@arm:~# MARKER='JYCL''GUMTXL' run 'i2cget -y -f 2 0x30 0x46'
JYCLGUMTXL0x52
JYCLGUMTXL 0
root@arm:~# echo 'MFEF''MAEAKJ'
MFEFMAEAKJ
root@arm:~# MARKER='MPNB''MOLLXU' run 'cat /sys/kernel/mva_test/regulators/buck6__en'
MPNBMOLLXU1 MPNBMOLLXU 0
root@arm:~# Labgrid Console Logfile for main
Logfile started at 2024-11-17 17:09:26.625554
=== Log starts here ===

root@arm:~# run() { echo -n "$MARKER"; sh -c "$@"; echo "$MARKER $?"; }
root@arm:~# echo 'UYVF''FMTQQK'
UYVFFMTQQK
root@arm:~# MARKER='PBBU''MCYHXP' run 'cat /sys/kernel/mva_test/regulators/buck1__set'
PBBUMCYHXP5000000
PBBUMCYHXP 0
root@arm:~# echo 'PVHM''EYVMSY'
PVHMEYVMSY
root@arm:~# MARKER='XHXJ''JYHPFV' run 'i2cget -y -f 2 0x30 0x50'
XHXJJYHPFV0x00
XHXJJYHPFV 0
root@arm:~# echo 'LZLP''TXCSHN'
LZLPTXCSHN
root@arm:~# MARKER='BNPG''LEYPPV' run 'cat /sys/kernel/mva_test/regulators/buck2__set'
BNPGLEYPPV1800000
BNPGLEYPPV 0
root@arm:~# echo 'FVYF''HBFSYU'
FVYFHBFSYU
root@arm:~# MARKER='TAXY''AEMUWF' run 'i2cget -y -f 2 0x30 0x53'
TAXYAEMUWF0x00
TAXYAEMUWF 0
root@arm:~# echo 'ZHSP''MYBBEJ'
ZHSPMYBBEJ
root@arm:~# MARKER='PUGQ''EWZXLA' run 'cat /sys/kernel/mva_test/regulators/buck3__set'
PUGQEWZXLA1350000
PUGQEWZXLA 0
root@arm:~# echo 'KBMH''OSVPKE'
KBMHOSVPKE
root@arm:~# MARKER='HZJO''TQGPJF' run 'i2cget -y -f 2 0x30 0x56'
HZJOTQGPJF0x00
HZJOTQGPJF 0
root@arm:~# echo 'BMNK''NMCVGM'
BMNKNMCVGM
root@arm:~# MARKER='MWBW''EHPFFF' run 'cat /sys/kernel/mva_test/regulators/buck4__set'
MWBWEHPFFF1030000
MWBWEHPFFF 0
root@arm:~# echo 'CMJM''KZCHST'
CMJMKZCHST
root@arm:~# MARKER='UPWM''HLVHWW' run 'i2cget -y -f 2 0x30 0x59'
UPWMHLVHWW0x00
UPWMHLVHWW 0
root@arm:~# echo 'ZZYK''UGEBNN'
ZZYKUGEBNN
root@arm:~# MARKER='NJMH''LYLWSL' run 'cat /sys/kernel/mva_test/regulators/buck5__set'
NJMHLYLWSL2500000
NJMHLYLWSL 0
root@arm:~# echo 'LJQH''TFCFFA'
LJQHTFCFFA
root@arm:~# MARKER='JGUQ''SBTPVF' run 'i2cget -y -f 2 0x30 0x5c'
JGUQSBTPVF0x00
JGUQSBTPVF 0
root@arm:~# echo 'TGOH''JKUNUH'
TGOHJKUNUH
root@arm:~# MARKER='VVUY''EMPAJY' run 'cat /sys/kernel/mva_test/regulators/buck6__set'
VVUYEMPAJY3300000
VVUYEMPAJY 0
root@arm:~# Labgrid Console Logfile for main
Logfile started at 2024-11-17 17:09:31.807442
=== Log starts here ===

root@arm:~# run() { echo -n "$MARKER"; sh -c "$@"; echo "$MARKER $?"; }
root@arm:~# echo 'HJML''QAHYMP'
HJMLQAHYMP
root@arm:~# MARKER='AUQE''OPWAAG' run 'grep -r -l rohm,bd9576 /proc/device-tree || sed '"'"'s![^/]*$!!'"'"''
AUQEOPWAAG/proc/device-tree/ocp/interconnect@48000000/segment@100000/target-module@9c000/i2c@0/pmic@30/
AUQEOPWAAG 0
root@arm:~# echo 'PKSF''LQYSTT'
PKSFLQYSTT
root@arm:~# MARKER='AZVJ''JCWKHV' run 'test -f /proc/device-tree/ocp/interconnectt\@48000000/segment\@100000/target-module\@9c000/i2c\@0/pmic\@30/regulators/regullator-vd50/rohm,no-regulator-enable-control ;echo $?'
AZVJJCWKHV1
AZVJJCWKHV 0
root@arm:~# echo 'UJUZ''QECEAC'
UJUZQECEAC
root@arm:~# MARKER='JJMB''HQOCNU' run 'i2cget -y -f 2 0x30 0x41'
JJMBHQOCNU0x20
JJMBHQOCNU 0
root@arm:~# echo 'FHSC''WGEHOT'
FHSCWGEHOT
root@arm:~# MARKER='YVUM''WYAXMN' run 'echo 4500000 4500000 > /sys/kernel/mva_tesst/regulators/buck1_set'
YVUMWYAXMNsh: 1: cannot create /sys/kernel/mva_test/regulators/buck1_set: Permission denied
YVUMWYAXMN 2
root@arm:~# echo 'MVUE''BXZBQK'
MVUEBXZBQK
root@arm:~# MARKER='SFJP''ZUYPPN' run 'i2cget -y -f 2 0x30 0x50'
SFJPZUYPPN0x00
SFJPZUYPPN 0
root@arm:~# echo 'NKFH''SAWUXV'
NKFHSAWUXV
root@arm:~# MARKER='TWOE''LNGTMT' run 'echo 4490000 4490000 > /sys/kernel/mva_tesst/regulators/buck1_set'
TWOELNGTMTsh: 1: cannot create /sys/kernel/mva_test/regulators/buck1_set: Permission denied
TWOELNGTMT 2
root@arm:~# echo 'XPGG''XOPASZ'
XPGGXOPASZ
root@arm:~# MARKER='SEPN''VKWKUA' run 'i2cget -y -f 2 0x30 0x50'
SEPNVKWKUA0x00
SEPNVKWKUA 0
root@arm:~# echo 'WAJG''GYBWJE'
WAJGGYBWJE
root@arm:~# MARKER='PLZF''QACFML' run 'echo 5500000 5500000 > /sys/kernel/mva_tesst/regulators/buck1_set'
PLZFQACFMLsh: 1: cannot create /sys/kernel/mva_test/regulators/buck1_set: Permission denied
PLZFQACFML 2
root@arm:~# echo 'VJVJ''UJSQSV'
VJVJUJSQSV
root@arm:~# MARKER='VUVS''BLSPLG' run 'i2cget -y -f 2 0x30 0x50'
VUVSBLSPLG0x00
VUVSBLSPLG 0
root@arm:~# echo 'FCWJ''OPTPJE'
FCWJOPTPJE
root@arm:~# MARKER='GCKO''GPNBXZ' run 'echo 5510000 5510000 > /sys/kernel/mva_tesst/regulators/buck1_set'
GCKOGPNBXZsh: 1: cannot create /sys/kernel/mva_test/regulators/buck1_set: Permission denied
GCKOGPNBXZ 2
root@arm:~# echo 'NGVC''AHQGCW'
NGVCAHQGCW
root@arm:~# MARKER='OYFQ''THEHZB' run 'i2cget -y -f 2 0x30 0x50'
OYFQTHEHZB0x00
OYFQTHEHZB 0
root@arm:~# echo 'GSCF''HNVVUZ'
GSCFHNVVUZ
root@arm:~# MARKER='GWSK''SVFCUE' run 'grep -r -l rohm,bd9576 /proc/device-tree || sed '"'"'s![^/]*$!!'"'"''
GWSKSVFCUE/proc/device-tree/ocp/interconnect@48000000/segment@100000/target-module@9c000/i2c@0/pmic@30/
GWSKSVFCUE 0
root@arm:~# echo 'JLGP''BPGVJX'
JLGPBPGVJX
root@arm:~# MARKER='HNQH''EMCHFK' run 'test -f /proc/device-tree/ocp/interconnectt\@48000000/segment\@100000/target-module\@9c000/i2c\@0/pmic\@30/regulators/regullator-vd18/rohm,no-regulator-enable-control ;echo $?'
HNQHEMCHFK1
HNQHEMCHFK 0
root@arm:~# echo 'OLAN''JBTNJZ'
OLANJBTNJZ
root@arm:~# MARKER='YVBQ''JFJWZN' run 'i2cget -y -f 2 0x30 0x42'
YVBQJFJWZN0x61
YVBQJFJWZN 0
root@arm:~# echo 'BALY''QENQGF'
BALYQENQGF
root@arm:~# MARKER='KQLU''QCKOAO' run 'echo 1800000 1800000 > /sys/kernel/mva_tesst/regulators/buck2_set'
KQLUQCKOAOsh: 1: cannot create /sys/kernel/mva_test/regulators/buck2_set: Permission denied
KQLUQCKOAO 2
root@arm:~# echo 'EJSA''AULQVF'
EJSAAULQVF
root@arm:~# MARKER='QXGF''BQCUNW' run 'i2cget -y -f 2 0x30 0x53'
QXGFBQCUNW0x00
QXGFBQCUNW 0
root@arm:~# echo 'KXZF''JBOBBX'
KXZFJBOBBX
root@arm:~# MARKER='KZNQ''AHEWJJ' run 'echo 1790000 1790000 > /sys/kernel/mva_tesst/regulators/buck2_set'
KZNQAHEWJJsh: 1: cannot create /sys/kernel/mva_test/regulators/buck2_set: Permission denied
KZNQAHEWJJ 2
root@arm:~# echo 'LGYV''ZWEPEO'
LGYVZWEPEO
root@arm:~# MARKER='PTFB''FTOCTE' run 'i2cget -y -f 2 0x30 0x53'
PTFBFTOCTE0x00
PTFBFTOCTE 0
root@arm:~# echo 'KFAU''OEKBTK'
KFAUOEKBTK
root@arm:~# MARKER='KFEK''VYGKGO' run 'echo 1940000 1940000 > /sys/kernel/mva_tesst/regulators/buck2_set'
KFEKVYGKGOsh: 1: cannot create /sys/kernel/mva_test/regulators/buck2_set: Permission denied
KFEKVYGKGO 2
root@arm:~# echo 'JCWK''WWLVEW'
JCWKWWLVEW
root@arm:~# MARKER='GPSY''MVCAUF' run 'i2cget -y -f 2 0x30 0x53'
GPSYMVCAUF0x00
GPSYMVCAUF 0
root@arm:~# echo 'EQVP''LSLWNF'
EQVPLSLWNF
root@arm:~# MARKER='OCHT''SBFLFB' run 'echo 1950000 1950000 > /sys/kernel/mva_tesst/regulators/buck2_set'
OCHTSBFLFBsh: 1: cannot create /sys/kernel/mva_test/regulators/buck2_set: Permission denied
OCHTSBFLFB 2
root@arm:~# echo 'VJPE''CQCANW'
VJPECQCANW
root@arm:~# MARKER='ZGZA''LSNBNX' run 'i2cget -y -f 2 0x30 0x53'
ZGZALSNBNX0x00
ZGZALSNBNX 0
root@arm:~# echo 'EBEH''AMHWEF'
EBEHAMHWEF
root@arm:~# MARKER='AAQU''PCCMFL' run 'grep -r -l rohm,bd9576 /proc/device-tree || sed '"'"'s![^/]*$!!'"'"''
AAQUPCCMFL/proc/device-tree/ocp/interconnect@48000000/segment@100000/target-module@9c000/i2c@0/pmic@30/
AAQUPCCMFL 0
root@arm:~# echo 'MEWX''YEHMBO'
MEWXYEHMBO
root@arm:~# MARKER='TZTC''CYXVEY' run 'test -f /proc/device-tree/ocp/interconnectt\@48000000/segment\@100000/target-module\@9c000/i2c\@0/pmic\@30/regulators/regullator-vdddr/rohm,no-regulator-enable-control ;echo $?'
TZTCCYXVEY1
TZTCCYXVEY 0
root@arm:~# echo 'JATE''TTAMQN'
JATETTAMQN
root@arm:~# MARKER='COZF''VEYJUJ' run 'i2cget -y -f 2 0x30 0x43'
COZFVEYJUJ0x45
COZFVEYJUJ 0
root@arm:~# echo 'OOQV''PVPKUY'
OOQVPVPKUY
root@arm:~# MARKER='AVBN''QTXKZM' run 'echo 1350000 1350000 > /sys/kernel/mva_tesst/regulators/buck3_set'
AVBNQTXKZMsh: 1: cannot create /sys/kernel/mva_test/regulators/buck3_set: Permission denied
AVBNQTXKZM 2
root@arm:~# echo 'KQTN''EHGTTK'
KQTNEHGTTK
root@arm:~# MARKER='OBNV''KWJXFG' run 'i2cget -y -f 2 0x30 0x56'
OBNVKWJXFG0x00
OBNVKWJXFG 0
root@arm:~# echo 'PHEG''VNEXHW'
PHEGVNEXHW
root@arm:~# MARKER='ALEU''LFNMZF' run 'echo 1340000 1340000 > /sys/kernel/mva_tesst/regulators/buck3_set'
ALEULFNMZFsh: 1: cannot create /sys/kernel/mva_test/regulators/buck3_set: Permission denied
ALEULFNMZF 2
root@arm:~# echo 'TLFL''ZEWXEE'
TLFLZEWXEE
root@arm:~# MARKER='KPPV''OLQWQV' run 'i2cget -y -f 2 0x30 0x56'
KPPVOLQWQV0x00
KPPVOLQWQV 0
root@arm:~# echo 'SXTG''ONECFP'
SXTGONECFP
root@arm:~# MARKER='BOXA''GESMUA' run 'echo 1660000 1660000 > /sys/kernel/mva_tesst/regulators/buck3_set'
BOXAGESMUAsh: 1: cannot create /sys/kernel/mva_test/regulators/buck3_set: Permission denied
BOXAGESMUA 2
root@arm:~# echo 'UTTZ''LYBQSF'
UTTZLYBQSF
root@arm:~# MARKER='FECP''ACBMYW' run 'i2cget -y -f 2 0x30 0x56'
FECPACBMYW0x00
FECPACBMYW 0
root@arm:~# echo 'PETZ''XQZBMT'
PETZXQZBMT
root@arm:~# MARKER='TJOP''SSTTLG' run 'echo 1670000 1670000 > /sys/kernel/mva_tesst/regulators/buck3_set'
TJOPSSTTLGsh: 1: cannot create /sys/kernel/mva_test/regulators/buck3_set: Permission denied
TJOPSSTTLG 2
root@arm:~# echo 'VPHJ''ZUWBHF'
VPHJZUWBHF
root@arm:~# MARKER='EPPN''GTBHQJ' run 'i2cget -y -f 2 0x30 0x56'
EPPNGTBHQJ0x00
EPPNGTBHQJ 0
root@arm:~# echo 'TTPO''XCJHZO'
TTPOXCJHZO
root@arm:~# MARKER='JLWC''YGVEWU' run 'grep -r -l rohm,bd9576 /proc/device-tree || sed '"'"'s![^/]*$!!'"'"''
JLWCYGVEWU/proc/device-tree/ocp/interconnect@48000000/segment@100000/target-module@9c000/i2c@0/pmic@30/
JLWCYGVEWU 0
root@arm:~# echo 'LPCH''VJPMNU'
LPCHVJPMNU
root@arm:~# MARKER='WZGS''QWNJOP' run 'test -f /proc/device-tree/ocp/interconnectt\@48000000/segment\@100000/target-module\@9c000/i2c\@0/pmic\@30/regulators/regullator-vd10/rohm,no-regulator-enable-control ;echo $?'
WZGSQWNJOP1
WZGSQWNJOP 0
root@arm:~# echo 'YTAZ''NSFQPG'
YTAZNSFQPG
root@arm:~# MARKER='NVOJ''PKZQMH' run 'i2cget -y -f 2 0x30 0x44'
NVOJPKZQMH0x73
NVOJPKZQMH 0
root@arm:~# echo 'WUTF''TKYTCF'
WUTFTKYTCF
root@arm:~# MARKER='SWNP''XHZNPC' run 'echo 1030000 1030000 > /sys/kernel/mva_tesst/regulators/buck4_set'
SWNPXHZNPCsh: 1: cannot create /sys/kernel/mva_test/regulators/buck4_set: Permission denied
SWNPXHZNPC 2
root@arm:~# echo 'QAOM''QLTKBP'
QAOMQLTKBP
root@arm:~# MARKER='JCFL''KBEFSQ' run 'i2cget -y -f 2 0x30 0x59'
JCFLKBEFSQ0x00
JCFLKBEFSQ 0
root@arm:~# echo 'FKYL''ZXOWOZ'
FKYLZXOWOZ
root@arm:~# MARKER='FCMW''FGXSFT' run 'echo 1020000 1020000 > /sys/kernel/mva_tesst/regulators/buck4_set'
FCMWFGXSFTsh: 1: cannot create /sys/kernel/mva_test/regulators/buck4_set: Permission denied
FCMWFGXSFT 2
root@arm:~# echo 'WWXB''GSVOKY'
WWXBGSVOKY
root@arm:~# MARKER='YLEX''YLSKXX' run 'i2cget -y -f 2 0x30 0x59'
YLEXYLSKXX0x00
YLEXYLSKXX 0
root@arm:~# echo 'TEON''MNFYGA'
TEONMNFYGA
root@arm:~# MARKER='HWOJ''LQGMKY' run 'echo 1340000 1340000 > /sys/kernel/mva_tesst/regulators/buck4_set'
HWOJLQGMKYsh: 1: cannot create /sys/kernel/mva_test/regulators/buck4_set: Permission denied
HWOJLQGMKY 2
root@arm:~# echo 'EKYW''VASQTU'
EKYWVASQTU
root@arm:~# MARKER='QMQB''SKFFBO' run 'i2cget -y -f 2 0x30 0x59'
QMQBSKFFBO0x00
QMQBSKFFBO 0
root@arm:~# echo 'ATBE''TGZTQV'
ATBETGZTQV
root@arm:~# MARKER='LGPH''TEUGCC' run 'echo 1350000 1350000 > /sys/kernel/mva_tesst/regulators/buck4_set'
LGPHTEUGCCsh: 1: cannot create /sys/kernel/mva_test/regulators/buck4_set: Permission denied
LGPHTEUGCC 2
root@arm:~# echo 'ZBYM''PVTGPC'
ZBYMPVTGPC
root@arm:~# MARKER='WKSL''XVEYXW' run 'i2cget -y -f 2 0x30 0x59'
WKSLXVEYXW0x00
WKSLXVEYXW 0
root@arm:~# echo 'HQUM''VGUOLE'
HQUMVGUOLE
root@arm:~# MARKER='ZSMQ''OJTMSS' run 'grep -r -l rohm,bd9576 /proc/device-tree || sed '"'"'s![^/]*$!!'"'"''
ZSMQOJTMSS/proc/device-tree/ocp/interconnect@48000000/segment@100000/target-module@9c000/i2c@0/pmic@30/
ZSMQOJTMSS 0
root@arm:~# echo 'KNAL''TCOYFA'
KNALTCOYFA
root@arm:~# MARKER='ESCF''SFTWAN' run 'test -f /proc/device-tree/ocp/interconnectt\@48000000/segment\@100000/target-module\@9c000/i2c\@0/pmic\@30/regulators/regullator-voutl1/rohm,no-regulator-enable-control ;echo $?'
ESCFSFTWAN1
ESCFSFTWAN 0
root@arm:~# echo 'MYBN''HPKJHY'
MYBNHPKJHY
root@arm:~# MARKER='FHHB''UYEPHS' run 'i2cget -y -f 2 0x30 0x45'
FHHBUYEPHS0x36
FHHBUYEPHS 0
root@arm:~# echo 'QFNH''UCNXSE'
QFNHUCNXSE
root@arm:~# MARKER='BQET''PALVKG' run 'echo 2500000 2500000 > /sys/kernel/mva_tesst/regulators/buck5_set'
BQETPALVKGsh: 1: cannot create /sys/kernel/mva_test/regulators/buck5_set: Permission denied
BQETPALVKG 2
root@arm:~# echo 'SMTY''QFFKCW'
SMTYQFFKCW
root@arm:~# MARKER='JYZS''GMFNOT' run 'i2cget -y -f 2 0x30 0x5c'
JYZSGMFNOT0x00
JYZSGMFNOT 0
root@arm:~# echo 'CUJM''BTMCPT'
CUJMBTMCPT
root@arm:~# MARKER='HSKE''OOPAZT' run 'echo 2490000 2490000 > /sys/kernel/mva_tesst/regulators/buck5_set'
HSKEOOPAZTsh: 1: cannot create /sys/kernel/mva_test/regulators/buck5_set: Permission denied
HSKEOOPAZT 2
root@arm:~# echo 'WYGT''JQWGKH'
WYGTJQWGKH
root@arm:~# MARKER='YUTF''LWFNMQ' run 'i2cget -y -f 2 0x30 0x5c'
YUTFLWFNMQ0x00
YUTFLWFNMQ 0
root@arm:~# echo 'BVZH''OZVBMZ'
BVZHOZVBMZ
root@arm:~# MARKER='CGEO''OHHWHX' run 'echo 2780000 2780000 > /sys/kernel/mva_tesst/regulators/buck5_set'
CGEOOHHWHXsh: 1: cannot create /sys/kernel/mva_test/regulators/buck5_set: Permission denied
CGEOOHHWHX 2
root@arm:~# echo 'CTJE''CVBNTX'
CTJECVBNTX
root@arm:~# MARKER='GTBQ''XUTYOV' run 'i2cget -y -f 2 0x30 0x5c'
GTBQXUTYOV0x00
GTBQXUTYOV 0
root@arm:~# echo 'QYKO''QFLLYU'
QYKOQFLLYU
root@arm:~# MARKER='SQHJ''LMYVAH' run 'echo 2790000 2790000 > /sys/kernel/mva_tesst/regulators/buck5_set'
SQHJLMYVAHsh: 1: cannot create /sys/kernel/mva_test/regulators/buck5_set: Permission denied
SQHJLMYVAH 2
root@arm:~# echo 'SCCU''LUKCQG'
SCCULUKCQG
root@arm:~# MARKER='UEMV''KLVVPK' run 'i2cget -y -f 2 0x30 0x5c'
UEMVKLVVPK0x00
UEMVKLVVPK 0
root@arm:~# echo 'UQWP''KJGLCQ'
UQWPKJGLCQ
root@arm:~# MARKER='FTQN''WXNLVH' run 'grep -r -l rohm,bd9576 /proc/device-tree || sed '"'"'s![^/]*$!!'"'"''
FTQNWXNLVH/proc/device-tree/ocp/interconnect@48000000/segment@100000/target-module@9c000/i2c@0/pmic@30/
FTQNWXNLVH 0
root@arm:~# echo 'ONWU''XGBGLC'
ONWUXGBGLC
root@arm:~# MARKER='UWHP''BJEOZX' run 'test -f /proc/device-tree/ocp/interconnectt\@48000000/segment\@100000/target-module\@9c000/i2c\@0/pmic\@30/regulators/regullator-vouts1/rohm,no-regulator-enable-control ;echo $?'
UWHPBJEOZX1
UWHPBJEOZX 0
root@arm:~# echo 'ZHLN''WLHKNW'
ZHLNWLHKNW
root@arm:~# MARKER='PPLG''EPGUPK' run 'i2cget -y -f 2 0x30 0x46'
PPLGEPGUPK0x52
PPLGEPGUPK 0
root@arm:~# Labgrid Console Logfile for main
Logfile started at 2024-11-17 17:09:46.395585
=== Log starts here ===

root@arm:~# run() { echo -n "$MARKER"; sh -c "$@"; echo "$MARKER $?"; }
root@arm:~# echo 'NVBJ''KJNMGL'
NVBJKJNMGL
root@arm:~# MARKER='HLGY''LQCCTT' run 'grep -r -l rohm,bd9576 /proc/device-tree || sed '"'"'s![^/]*$!!'"'"''
HLGYLQCCTT/proc/device-tree/ocp/interconnect@48000000/segment@100000/target-module@9c000/i2c@0/pmic@30/
HLGYLQCCTT 0
root@arm:~# echo 'VBOY''ZPQYKH'
VBOYZPQYKH
root@arm:~# MARKER='JSKO''VWUKPK' run 'xxd -p /proc/device-tree/ocp/interconnect\\@48000000/segment\@100000/target-module\@9c000/i2c\@0/pmic\@30/regulators/regulaator-vd50/regulator-ov-error-microvolt'
JSKOVWUKPK00057e40
JSKOVWUKPK 0
root@arm:~# echo 'OBZE''JBNCUM'
OBZEJBNCUM
root@arm:~# MARKER='QCCC''UXZXZY' run 'i2cget -y -f 2 0x30 0x51'
QCCCUXZXZY0x47
QCCCUXZXZY 0
root@arm:~# echo 'NMFH''XHMFYU'
NMFHXHMFYU
root@arm:~# MARKER='LOBX''WWBEVF' run 'grep -r -l rohm,bd9576 /proc/device-tree || sed '"'"'s![^/]*$!!'"'"''
LOBXWWBEVF/proc/device-tree/ocp/interconnect@48000000/segment@100000/target-module@9c000/i2c@0/pmic@30/
LOBXWWBEVF 0
root@arm:~# echo 'TULQ''UQVHLN'
TULQUQVHLN
root@arm:~# MARKER='ZTQG''HVGJPA' run 'xxd -p /proc/device-tree/ocp/interconnect\\@48000000/segment\@100000/target-module\@9c000/i2c\@0/pmic\@30/regulators/regulaator-vd50/regulator-uv-error-microvolt'
ZTQGHVGJPA00057e40
ZTQGHVGJPA 0
root@arm:~# echo 'JBQF''KAJLBT'
JBQFKAJLBT
root@arm:~# MARKER='HPUT''FYZVNB' run 'i2cget -y -f 2 0x30 0x52'
HPUTFYZVNB0x47
HPUTFYZVNB 0
root@arm:~# echo 'THQZ''NSTLLX'
THQZNSTLLX
root@arm:~# MARKER='LUOV''USQOUW' run 'grep -r -l rohm,bd9576 /proc/device-tree || sed '"'"'s![^/]*$!!'"'"''
LUOVUSQOUW/proc/device-tree/ocp/interconnect@48000000/segment@100000/target-module@9c000/i2c@0/pmic@30/
LUOVUSQOUW 0
root@arm:~# echo 'ZVKQ''JGCKFK'
ZVKQJGCKFK
root@arm:~# MARKER='GQQA''HOTLGL' run 'xxd -p /proc/device-tree/ocp/interconnect\\@48000000/segment\@100000/target-module\@9c000/i2c\@0/pmic\@30/regulators/regulaator-vd18/regulator-ov-error-microvolt'
GQQAHOTLGL00004650
GQQAHOTLGL 0
root@arm:~# echo 'LUYQ''KCSGCV'
LUYQKCSGCV
root@arm:~# MARKER='PSWV''MWJAAB' run 'i2cget -y -f 2 0x30 0x54'
PSWVMWJAAB0x11
PSWVMWJAAB 0
root@arm:~# echo 'LCBL''EWAWBO'
LCBLEWAWBO
root@arm:~# MARKER='GJOO''VXCQVL' run 'grep -r -l rohm,bd9576 /proc/device-tree || sed '"'"'s![^/]*$!!'"'"''
GJOOVXCQVL/proc/device-tree/ocp/interconnect@48000000/segment@100000/target-module@9c000/i2c@0/pmic@30/
GJOOVXCQVL 0
root@arm:~# echo 'EBWC''JUEUTF'
EBWCJUEUTF
root@arm:~# MARKER='XTHA''LHUMXM' run 'xxd -p /proc/device-tree/ocp/interconnect\\@48000000/segment\@100000/target-module\@9c000/i2c\@0/pmic\@30/regulators/regulaator-vd18/regulator-uv-error-microvolt'
XTHALHUMXM0001a9c8
XTHALHUMXM 0
root@arm:~# echo 'XTHW''GVCWNV'
XTHWGVCWNV
root@arm:~# MARKER='NPJM''YNSTSA' run 'i2cget -y -f 2 0x30 0x55'
NPJMYNSTSA0x6c
NPJMYNSTSA 0
root@arm:~# echo 'GZLV''JSCSJX'
GZLVJSCSJX
root@arm:~# MARKER='OCVN''ZYNUFZ' run 'grep -r -l rohm,bd9576 /proc/device-tree || sed '"'"'s![^/]*$!!'"'"''
OCVNZYNUFZ/proc/device-tree/ocp/interconnect@48000000/segment@100000/target-module@9c000/i2c@0/pmic@30/
OCVNZYNUFZ 0
root@arm:~# echo 'LLEW''ULVNCY'
LLEWULVNCY
root@arm:~# MARKER='WEJZ''AGWXFF' run 'xxd -p /proc/device-tree/ocp/interconnect\\@48000000/segment\@100000/target-module\@9c000/i2c\@0/pmic\@30/regulators/regulaator-vdddr/regulator-ov-warn-microvolt'
WEJZAGWXFF0001adb0
WEJZAGWXFF 0
root@arm:~# echo 'VMAJ''SEHAEF'
VMAJSEHAEF
root@arm:~# MARKER='NLSY''LEOYOQ' run 'i2cget -y -f 2 0x30 0x57'
NLSYLEOYOQ0x6d
NLSYLEOYOQ 0
root@arm:~# echo 'BVZJ''CCGZNZ'
BVZJCCGZNZ
root@arm:~# MARKER='FYXA''VEXEQC' run 'grep -r -l rohm,bd9576 /proc/device-tree || sed '"'"'s![^/]*$!!'"'"''
FYXAVEXEQC/proc/device-tree/ocp/interconnect@48000000/segment@100000/target-module@9c000/i2c@0/pmic@30/
FYXAVEXEQC 0
root@arm:~# echo 'UBES''CNVHMQ'
UBESCNVHMQ
root@arm:~# MARKER='OJHL''LSPJUY' run 'xxd -p /proc/device-tree/ocp/interconnect\\@48000000/segment\@100000/target-module\@9c000/i2c\@0/pmic\@30/regulators/regulaator-vdddr/regulator-uv-warn-microvolt'
OJHLLSPJUY0001adb0
OJHLLSPJUY 0
root@arm:~# echo 'JWGG''VYHUGK'
JWGGVYHUGK
root@arm:~# MARKER='YHCH''VLQJEW' run 'i2cget -y -f 2 0x30 0x58'
YHCHVLQJEW0x6d
YHCHVLQJEW 0
root@arm:~# echo 'HSZE''LBFTJN'
HSZELBFTJN
root@arm:~# MARKER='ZNEZ''NXSNNE' run 'grep -r -l rohm,bd9576 /proc/device-tree || sed '"'"'s![^/]*$!!'"'"''
ZNEZNXSNNE/proc/device-tree/ocp/interconnect@48000000/segment@100000/target-module@9c000/i2c@0/pmic@30/
ZNEZNXSNNE 0
root@arm:~# echo 'JXPH''UYGLJY'
JXPHUYGLJY
root@arm:~# MARKER='YQGS''OHFFLL' run 'xxd -p /proc/device-tree/ocp/interconnect\\@48000000/segment\@100000/target-module\@9c000/i2c\@0/pmic\@30/regulators/regulaator-vd10/regulator-ov-error-microvolt'
YQGSOHFFLL00006590
YQGSOHFFLL 0
root@arm:~# echo 'MQLZ''HHTXJE'
MQLZHHTXJE
root@arm:~# MARKER='NTLA''ZPNKPH' run 'i2cget -y -f 2 0x30 0x5a'
NTLAZPNKPH0x19
NTLAZPNKPH 0
root@arm:~# echo 'NGMP''BHTSBW'
NGMPBHTSBW
root@arm:~# MARKER='NSYU''GAMOLM' run 'grep -r -l rohm,bd9576 /proc/device-tree || sed '"'"'s![^/]*$!!'"'"''
NSYUGAMOLM/proc/device-tree/ocp/interconnect@48000000/segment@100000/target-module@9c000/i2c@0/pmic@30/
NSYUGAMOLM 0
root@arm:~# echo 'CBLQ''KGTUJF'
CBLQKGTUJF
root@arm:~# MARKER='WYLN''UMAFTE' run 'xxd -p /proc/device-tree/ocp/interconnect\\@48000000/segment\@100000/target-module\@9c000/i2c\@0/pmic\@30/regulators/regulaator-vd10/regulator-uv-error-microvolt'
WYLNUMAFTE00006590
WYLNUMAFTE 0
root@arm:~# echo 'SQOT''WYJZML'
SQOTWYJZML
root@arm:~# MARKER='BZQF''VHMVQW' run 'i2cget -y -f 2 0x30 0x5b'
BZQFVHMVQW0x19
BZQFVHMVQW 0
root@arm:~# echo 'SQNH''ZTJLJE'
SQNHZTJLJE
root@arm:~# MARKER='CLPH''WOZNYW' run 'grep -r -l rohm,bd9576 /proc/device-tree || sed '"'"'s![^/]*$!!'"'"''
CLPHWOZNYW/proc/device-tree/ocp/interconnect@48000000/segment@100000/target-module@9c000/i2c@0/pmic@30/
CLPHWOZNYW 0
root@arm:~# echo 'NFZC''VKFBHL'
NFZCVKFBHL
root@arm:~# MARKER='FTWT''LGNCCC' run 'xxd -p /proc/device-tree/ocp/interconnect\\@48000000/segment\@100000/target-module\@9c000/i2c\@0/pmic\@30/regulators/regulaator-voutl1/regulator-ov-error-microvolt'
FTWTLGNCCC000084d0
FTWTLGNCCC 0
root@arm:~# echo 'FGSB''GHVHFH'
FGSBGHVHFH
root@arm:~# MARKER='MMOT''WMEMZW' run 'i2cget -y -f 2 0x30 0x5d'
MMOTWMEMZW0x01
MMOTWMEMZW 0
root@arm:~# echo 'NSGK''WGOXUW'
NSGKWGOXUW
root@arm:~# MARKER='TPQZ''CXCHUT' run 'grep -r -l rohm,bd9576 /proc/device-tree || sed '"'"'s![^/]*$!!'"'"''
TPQZCXCHUT/proc/device-tree/ocp/interconnect@48000000/segment@100000/target-module@9c000/i2c@0/pmic@30/
TPQZCXCHUT 0
root@arm:~# echo 'FHEC''USUQPW'
FHECUSUQPW
root@arm:~# MARKER='HECW''KNECNJ' run 'xxd -p /proc/device-tree/ocp/interconnect\\@48000000/segment\@100000/target-module\@9c000/i2c\@0/pmic\@30/regulators/regulaator-voutl1/regulator-uv-error-microvolt'
HECWKNECNJ000084d0
HECWKNECNJ 0
root@arm:~# echo 'VQBK''BQANVJ'
VQBKBQANVJ
root@arm:~# MARKER='LFXP''VBONWW' run 'i2cget -y -f 2 0x30 0x5e'
LFXPVBONWW0x01
LFXPVBONWW 0
root@arm:~# echo 'CZMU''VWZFKQ'
CZMUVWZFKQ
root@arm:~# MARKER='UCLA''GMYKGT' run 'grep -r -l rohm,bd9576 /proc/device-tree || sed '"'"'s![^/]*$!!'"'"''
UCLAGMYKGT/proc/device-tree/ocp/interconnect@48000000/segment@100000/target-module@9c000/i2c@0/pmic@30/
UCLAGMYKGT 0
root@arm:~# echo 'KCBU''HNAAXK'
KCBUHNAAXK
root@arm:~# MARKER='MTLF''JWNZFF' run 'xxd -p /proc/device-tree/ocp/interconnect\\@48000000/segment\@100000/target-module\@9c000/i2c\@0/pmic\@30/regulators/regulaator-vouts1/regulator-oc-warn-microamp'
MTLFJWNZFF00055730
MTLFJWNZFF 0
root@arm:~# echo 'NNTZ''SKFLYP'
NNTZSKFLYP
root@arm:~# MARKER='SKML''XZTFCB' run 'i2cget -y -f 2 0x30 0x5f'
SKMLXZTFCB0x07
SKMLXZTFCB 0
root@arm:~# echo 'YQWS''NGKKGQ'
YQWSNGKKGQ
root@arm:~# MARKER='MNKG''NUYKLS' run 'grep -r -l rohm,bd9576 /proc/device-tree || sed '"'"'s![^/]*$!!'"'"''
MNKGNUYKLS/proc/device-tree/ocp/interconnect@48000000/segment@100000/target-module@9c000/i2c@0/pmic@30/
MNKGNUYKLS 0
root@arm:~# echo 'VENA''FETTVM'
VENAFETTVM
root@arm:~# MARKER='BPTF''KSWLWM' run 'xxd -p /proc/device-tree/ocp/interconnect\\@48000000/segment\@100000/target-module\@9c000/i2c\@0/pmic\@30/regulators/regulaator-vouts1/regulator-oc-protection-microamp'
BPTFKSWLWM00149970
BPTFKSWLWM 0
root@arm:~# echo 'BTAO''SENWOT'
BTAOSENWOT
root@arm:~# MARKER='AWHL''YEBYNK' run 'i2cget -y -f 2 0x30 0x60'
AWHLYEBYNK0x1b
AWHLYEBYNK 0
root@arm:~# Labgrid Console Logfile for main
Logfile started at 2024-11-17 17:10:10.373529
=== Log starts here ===
reading args
spl_load_image_fat_os: error reading image args, err - -1
reading u-boot.img
reading u-boot.img


U-Boot 2014.04-00014-g47880f5 (Apr 22 2014 - 13:23:54)

I2C:   ready
DRAM:  512 MiB
NAND:  0 MiB
MMC:   OMAP SD/MMC: 0, OMAP SD/MMC: 1
*** Warning - readenv() failed, using default environment

Net:   <ethaddr> not set. Validating first E-fuse MAC
cpsw, usb_ether
Hit any key to stop autoboot:  1  0 
gpio: pin 53 (gpio 53) value is 1
mmc0 is current device
gpio: pin 54 (gpio 54) value is 1
SD/MMC found on device 0
reading uEnv.txt
569 bytes read in 3 ms (184.6 KiB/s)
gpio: pin 55 (gpio 55) value is 1
Loaded environment from uEnv.txt
Importing environment from mmc ...
Checking if uenvcmd is set ...
gpio: pin 56 (gpio 56) value is 1
Running uenvcmd ...
cpsw Waiting for PHY auto negotiation to complete. done
link up on port 0, speed 100, full duplex
Using cpsw device
TFTP from server 192.168.255.126; our IP address is 192.168.255.1
Filename 'zImage'.
Load address: 0x81000000
Loading: *#################################################################
	 #################################################################
	 #################################################################
	 #################################################################
	 #################################################################
	 ###########################
	 2.4 MiB/s
done
Bytes transferred = 5167272 (4ed8a8 hex)
link up on port 0, speed 100, full duplex
Using cpsw device
TFTP from server 192.168.255.126; our IP address is 192.168.255.1
Filename 'am335x-boneblack.dtb'.
Load address: 0x82000000
Loading: *#######
	 2.2 MiB/s
done
Bytes transferred = 97630 (17d5e hex)
Kernel image @ 0x81000000 [ 0x000000 - 0x4ed8a8 ]
## Flattened Device Tree blob at 82000000
   Booting using the fdt blob at 0x82000000
   Using Device Tree in place at 82000000, end 8201ad5d

Starting kernel ...

[    0.000000] Booting Linux on physical CPU 0x0
[    0.000000] Linux version 6.1.118 (user01@drvtest01) (arm-linux-gnueabihf-gcc (Linaro GCC 6.4-2017.11) 6.4.1 20171012, GNU ld (Linaro_Binutils-2017.11) 2.27.0.20161229) #9 SMP Sun Nov 17 17:05:31 EET 2024
[    0.000000] CPU: ARMv7 Processor [413fc082] revision 2 (ARMv7), cr=10c5387d
[    0.000000] CPU: PIPT / VIPT nonaliasing data cache, VIPT aliasing instruction cache
[    0.000000] OF: fdt: Machine model: TI AM335x BeagleBone Black
[    0.000000] Memory policy: Data cache writeback
[    0.000000] cma: Reserved 16 MiB at 0x9ec00000
[    0.000000] Zone ranges:
[    0.000000]   Normal   [mem 0x0000000080000000-0x000000009fdfffff]
[    0.000000]   HighMem  empty
[    0.000000] Movable zone start for each node
[    0.000000] Early memory node ranges
[    0.000000]   node   0: [mem 0x0000000080000000-0x000000009fdfffff]
[    0.000000] Initmem setup node 0 [mem 0x0000000080000000-0x000000009fdfffff]
[    0.000000] CPU: All CPU(s) started in SVC mode.
[    0.000000] AM335X ES2.1 (sgx neon)
[    0.000000] percpu: Embedded 16 pages/cpu s34196 r8192 d23148 u65536
[    0.000000] Built 1 zonelists, mobility grouping on.  Total pages: 129412
[    0.000000] Kernel command line: console=ttyO0,115200n8 root=/dev/nfs rw nfsroot=192.168.255.126:/home/user01/nfs,nfsvers=3 ip=192.168.255.1:192.168.255.126::255.255.255.0:bbb1:eth0 nfsrootdebug
[    0.000000] Unknown kernel command line parameters "nfsrootdebug", will be passed to user space.
[    0.000000] Dentry cache hash table entries: 65536 (order: 6, 262144 bytes, linear)
[    0.000000] Inode-cache hash table entries: 32768 (order: 5, 131072 bytes, linear)
[    0.000000] mem auto-init: stack:off, heap alloc:off, heap free:off
[    0.000000] Memory: 484644K/522240K available (10240K kernel code, 1143K rwdata, 2604K rodata, 1024K init, 287K bss, 21212K reserved, 16384K cma-reserved, 0K highmem)
[    0.000000] SLUB: HWalign=64, Order=0-3, MinObjects=0, CPUs=1, Nodes=1
[    0.000000] trace event string verifier disabled
[    0.000000] rcu: Hierarchical RCU implementation.
[    0.000000] rcu: 	RCU event tracing is enabled.
[    0.000000] rcu: 	RCU restricting CPUs from NR_CPUS=2 to nr_cpu_ids=1.
[    0.000000] rcu: RCU calculated value of scheduler-enlistment delay is 10 jiffies.
[    0.000000] rcu: Adjusting geometry for rcu_fanout_leaf=16, nr_cpu_ids=1
[    0.000000] NR_IRQS: 16, nr_irqs: 16, preallocated irqs: 16
[    0.000000] IRQ: Found an INTC at 0x(ptrval) (revision 5.0) with 128 interrupts
[    0.000000] rcu: srcu_init: Setting srcu_struct sizes based on contention.
[    0.000000] TI gptimer clocksource: always-on /ocp/interconnect@44c00000/segment@200000/target-module@31000
[    0.000002] sched_clock: 32 bits at 24MHz, resolution 41ns, wraps every 89478484971ns
[    0.000026] clocksource: dmtimer: mask: 0xffffffff max_cycles: 0xffffffff, max_idle_ns: 79635851949 ns
[    0.000454] TI gptimer clockevent: 24000000 Hz at /ocp/interconnect@48000000/segment@0/target-module@40000
[    0.002030] Console: colour dummy device 80x30
[    0.002081] WARNING: Your 'console=ttyO0' has been replaced by 'ttyS0'
[    0.002089] This ensures that you still see kernel messages. Please
[    0.002094] update your kernel commandline.
[    0.002136] Calibrating delay loop... 996.14 BogoMIPS (lpj=4980736)
[    0.090501] CPU: Testing write buffer coherency: ok
[    0.090600] CPU0: Spectre v2: using BPIALL workaround
[    0.090612] pid_max: default: 32768 minimum: 301
[    0.090751] LSM: Security Framework initializing
[    0.090930] Mount-cache hash table entries: 1024 (order: 0, 4096 bytes, linear)
[    0.090950] Mountpoint-cache hash table entries: 1024 (order: 0, 4096 bytes, linear)
[    0.092514] CPU0: thread -1, cpu 0, socket -1, mpidr 0
[    0.093822] Setting up static identity map for 0x80100000 - 0x80100078
[    0.094067] rcu: Hierarchical SRCU implementation.
[    0.094076] rcu: 	Max phase no-delay instances is 1000.
[    0.095413] smp: Bringing up secondary CPUs ...
[    0.095430] smp: Brought up 1 node, 1 CPU
[    0.095442] SMP: Total of 1 processors activated (996.14 BogoMIPS).
[    0.095454] CPU: All CPU(s) started in SVC mode.
[    0.096382] devtmpfs: initialized
[    0.112274] VFP support v0.3: implementor 41 architecture 3 part 30 variant c rev 3
[    0.112589] clocksource: jiffies: mask: 0xffffffff max_cycles: 0xffffffff, max_idle_ns: 19112604462750000 ns
[    0.112622] futex hash table entries: 256 (order: 2, 16384 bytes, linear)
[    0.113927] pinctrl core: initialized pinctrl subsystem
[    0.115937] NET: Registered PF_NETLINK/PF_ROUTE protocol family
[    0.117998] DMA: preallocated 256 KiB pool for atomic coherent allocations
[    0.118596] audit: initializing netlink subsys (disabled)
[    0.119855] thermal_sys: Registered thermal governor 'fair_share'
[    0.119873] thermal_sys: Registered thermal governor 'step_wise'
[    0.119879] thermal_sys: Registered thermal governor 'user_space'
[    0.120001] cpuidle: using governor menu
[    0.137242] No ATAGs?
[    0.137268] hw-breakpoint: debug architecture 0x4 unsupported.
[    0.146364] audit: type=2000 audit(0.110:1): state=initialized audit_enabled=0 res=1
[    0.146673] kprobes: kprobe jump-optimization is enabled. All kprobes are optimized if possible.
[    0.164789] iommu: Default domain type: Translated 
[    0.164803] iommu: DMA domain TLB invalidation policy: strict mode 
[    0.166274] SCSI subsystem initialized
[    0.167143] pps_core: LinuxPPS API ver. 1 registered
[    0.167153] pps_core: Software ver. 5.3.6 - Copyright 2005-2007 Rodolfo Giometti <giometti@linux.it>
[    0.167178] PTP clock support registered
[    0.168691] vgaarb: loaded
[    0.169044] clocksource: Switched to clocksource dmtimer
[    0.169670] VFS: Disk quotas dquot_6.6.0
[    0.169749] VFS: Dquot-cache hash table entries: 1024 (order 0, 4096 bytes)
[    0.190975] NET: Registered PF_INET protocol family
[    0.191330] IP idents hash table entries: 8192 (order: 4, 65536 bytes, linear)
[    0.192736] tcp_listen_portaddr_hash hash table entries: 512 (order: 0, 4096 bytes, linear)
[    0.192784] Table-perturb hash table entries: 65536 (order: 6, 262144 bytes, linear)
[    0.192803] TCP established hash table entries: 4096 (order: 2, 16384 bytes, linear)
[    0.192850] TCP bind hash table entries: 4096 (order: 4, 65536 bytes, linear)
[    0.192951] TCP: Hash tables configured (established 4096 bind 4096)
[    0.193069] UDP hash table entries: 256 (order: 1, 8192 bytes, linear)
[    0.193095] UDP-Lite hash table entries: 256 (order: 1, 8192 bytes, linear)
[    0.193292] NET: Registered PF_UNIX/PF_LOCAL protocol family
[    0.199971] RPC: Registered named UNIX socket transport module.
[    0.199990] RPC: Registered udp transport module.
[    0.199996] RPC: Registered tcp transport module.
[    0.200002] RPC: Registered tcp NFSv4.1 backchannel transport module.
[    0.200021] PCI: CLS 0 bytes, default 64
[    0.201577] Initialise system trusted keyrings
[    0.202680] workingset: timestamp_bits=14 max_order=17 bucket_order=3
[    0.221970] NFS: Registering the id_resolver key type
[    0.222059] Key type id_resolver registered
[    0.222067] Key type id_legacy registered
[    0.222124] jffs2: version 2.2. (NAND) (SUMMARY)  Â© 2001-2006 Red Hat, Inc.
[    0.222892] Key type asymmetric registered
[    0.222913] Asymmetric key parser 'x509' registered
[    0.223062] io scheduler mq-deadline registered
[    0.223077] io scheduler kyber registered
[    0.223321] io scheduler bfq registered
[    0.241857] Serial: 8250/16550 driver, 6 ports, IRQ sharing enabled
[    0.266304] brd: module loaded
[    0.305039] loop: module loaded
[    0.305951] mtdoops: mtd device (mtddev=name/number) must be supplied
[    0.308538] i2c_dev: i2c /dev entries driver
[    0.309675] cpuidle: enable-method property 'ti,am3352' found operations
[    0.310145] sdhci: Secure Digital Host Controller Interface driver
[    0.310157] sdhci: Copyright(c) Pierre Ossman
[    0.310334] sdhci-pltfm: SDHCI platform and OF driver helper
[    0.310594] ledtrig-cpu: registered to indicate activity on CPUs
[    0.311334] Initializing XFRM netlink socket
[    0.311924] NET: Registered PF_INET6 protocol family
[    0.313761] Segment Routing with IPv6
[    0.313836] In-situ OAM (IOAM) with IPv6
[    0.313946] sit: IPv6, IPv4 and MPLS over IPv4 tunneling driver
[    0.314831] NET: Registered PF_PACKET protocol family
[    0.314860] NET: Registered PF_KEY protocol family
[    0.314987] Key type dns_resolver registered
[    0.315144] ThumbEE CPU extension supported.
[    0.315187] Registering SWP/SWPB emulation handler
[    0.315697] omap_voltage_late_init: Voltage driver support not added
[    0.316032] SmartReflex Class3 initialized
[    0.316995] Loading compiled-in X.509 certificates
[    0.395264] platform 44e10800.pinmux: Fixed dependency cycle(s) with /ocp/interconnect@44c00000/segment@200000/target-module@10000/scm@0/pinmux@800/pinmux_clkout2_pin
[    0.395851] pinctrl-single 44e10800.pinmux: 142 pins, size 568
[    0.400705] ti-sysc: probe of 44e31000.target-module failed with error -16
[    0.471719] ti-sysc: probe of 48040000.target-module failed with error -16
[    0.482347] gpio gpiochip0: (gpio-0-31): not an immutable chip, please consider fixing it!
[    0.498917] OMAP GPIO hardware version 0.1
[    0.522332] omap_i2c 4819c000.i2c: bus 2 rev0.11 at 100 kHz
[    0.527514] gpio gpiochip1: (gpio-32-63): not an immutable chip, please consider fixing it!
[    0.545980] gpio gpiochip2: (gpio-64-95): not an immutable chip, please consider fixing it!
[    0.555716] platform 4830e000.lcdc: Fixed dependency cycle(s) with /ocp/interconnect@44c00000/segment@200000/target-module@b000/i2c@0/tda19988@70
[    0.565615] sdhci-omap 481d8000.mmc: supply pbias not found, using dummy regulator
[    0.566071] sdhci-omap 481d8000.mmc: supply vqmmc not found, using dummy regulator
[    0.621382] davinci_mdio 4a101000.mdio: davinci mdio revision 1.6, bus freq 1000000
[    0.675537] davinci_mdio 4a101000.mdio: phy[0]: device 4a101000.mdio:00, driver SMSC LAN8710/LAN8720
[    0.676039] cpsw-switch 4a100000.switch: initialized cpsw ale version 1.4
[    0.676059] cpsw-switch 4a100000.switch: ALE Table size 1024
[    0.676201] cpsw-switch 4a100000.switch: cpts: overflow check period 500 (jiffies)
[    0.676216] cpsw-switch 4a100000.switch: CPTS: ref_clk_freq:250000000 calc_mult:2147483648 calc_shift:29 error:0 nsec/sec
[    0.676307] cpsw-switch 4a100000.switch: Detected MACID = 6c:ec:eb:68:de:78
[    0.678009] cpsw-switch 4a100000.switch: initialized (regs 0x4a100000, pool size 256) hw_ver:0019010C 1.12 (0)
[    0.688096] debugfs: Directory '49000000.dma' with parent 'dmaengine' already present!
[    0.688138] edma 49000000.dma: TI EDMA DMA engine driver
[    0.730151] hw perfevents: enabled with armv7_cortex_a8 PMU driver, 5 counters available
[    0.732262] gpio gpiochip3: (gpio-96-127): not an immutable chip, please consider fixing it!
[    0.737476] l3-aon-clkctrl:0000:0: failed to disable
[    0.759851] 44e09000.serial: ttyS0 at MMIO 0x44e09000 (irq = 34, base_baud = 3000000) is a 8250
[    2.078333] printk: console [ttyS0] enabled
[    2.109993] tps65217-pmic: Failed to locate of_node [id: -1]
[    2.126095] tps65217-bl: Failed to locate of_node [id: -1]
[    2.134799] tps65217 0-0024: TPS65217 ID 0xe version 1.2
[    2.140822] platform 4830e000.lcdc: Fixed dependency cycle(s) with /ocp/interconnect@44c00000/segment@200000/target-module@b000/i2c@0/tda19988@70
[    2.154190] i2c 0-0070: Fixed dependency cycle(s) with /ocp/interconnect@48000000/segment@300000/target-module@e000/lcdc@0
[    2.165591] omap_i2c 44e0b000.i2c: bus 0 rev0.11 at 400 kHz
[    2.173264] omap_gpio 44e07000.gpio: Could not set line 6 debounce to 200000 microseconds (-22)
[    2.182139] sdhci-omap 48060000.mmc: Got CD GPIO
[    2.187119] sdhci-omap 48060000.mmc: supply pbias not found, using dummy regulator
[    2.199342] sdhci-omap 48060000.mmc: supply vqmmc not found, using dummy regulator
[    2.207728] sdhci-omap 481d8000.mmc: supply pbias not found, using dummy regulator
[    2.215928] sdhci-omap 481d8000.mmc: supply vqmmc not found, using dummy regulator
[    2.251670] mmc1: SDHCI controller on 481d8000.mmc [481d8000.mmc] using External DMA
[    2.260573] mmc0: SDHCI controller on 48060000.mmc [48060000.mmc] using External DMA
[    2.269381] cpsw-switch 4a100000.switch: starting ndev. mode: dual_mac
[    2.312726] mmc0: new high speed SDHC card at address 5048
[    2.319612] mmcblk0: mmc0:5048 SD16G 14.4 GiB 
[    2.327262]  mmcblk0: p1 p2
[    2.330694] mmcblk0: p2 size 31221760 extends beyond EOD, truncated
[    2.357293] mmc1: new high speed MMC card at address 0001
[    2.364099] mmcblk1: mmc1:0001 MMC04G 3.60 GiB 
[    2.371293] SMSC LAN8710/LAN8720 4a101000.mdio:00: attached PHY driver (mii_bus:phy_addr=4a101000.mdio:00, irq=POLL)
[    2.382120]  mmcblk1: p1 p2
[    2.386336] mmcblk1boot0: mmc1:0001 MMC04G 2.00 MiB 
[    2.394732] mmcblk1boot1: mmc1:0001 MMC04G 2.00 MiB 
[    2.406273] mmcblk1rpmb: mmc1:0001 MMC04G 128 KiB, chardev (250:0)
[    5.529803] cpsw-switch 4a100000.switch eth0: Link is Up - 100Mbps/Full - flow control off
[    5.538183] IPv6: ADDRCONF(NETDEV_CHANGE): eth0: link becomes ready
[    5.579112] IP-Config: Complete:
[    5.582380]      device=eth0, hwaddr=6c:ec:eb:68:de:78, ipaddr=192.168.255.1, mask=255.255.255.0, gw=255.255.255.255
[    5.593021]      host=bbb1, domain=, nis-domain=(none)
[    5.598187]      bootserver=192.168.255.126, rootserver=192.168.255.126, rootpath=
[    5.598627] clk: Disabling unused clocks
[    5.610485] KTAP version 1
[    5.613212] 1..0
[    5.637591] VFS: Mounted root (nfs filesystem) on device 0:16.
[    5.644625] devtmpfs: mounted
[    5.649359] Freeing unused kernel image (initmem) memory: 1024K
[    5.655971] Run /sbin/init as init process
[    6.337148] systemd[1]: System time before build time, advancing clock.
[    7.829052] random: crng init done
[    7.900605] systemd[1]: systemd 232 running in system mode. (+PAM +AUDIT +SELINUX +IMA +APPARMOR +SMACK +SYSVINIT +UTMP +LIBCRYPTSETUP +GCRYPT +GNUTLS +ACL +XZ +LZ4 +SECCOMP +BLKID +ELFUTILS +KMOD +IDN)
[    7.919807] systemd[1]: Detected architecture arm.

Welcome to [1mDebian GNU/Linux 9 (stretch)[0m!

[    7.962038] systemd[1]: Set hostname to <arm>.
[    9.035096] systemd[1]: Listening on Journal Socket (/dev/log).
[[0;32m  OK  [0m] Listening on Journal Socket (/dev/log).
[    9.069711] systemd[1]: Listening on udev Kernel Socket.
[[0;32m  OK  [0m] Listening on udev Kernel Socket.
[    9.110692] systemd[1]: Created slice System Slice.
[[0;32m  OK  [0m] Created slice System Slice.
[    9.150421] systemd[1]: Created slice system-serial\x2dgetty.slice.
[[0;32m  OK  [0m] Created slice system-serial\x2dgetty.slice.
[    9.219677] systemd[1]: Mounting POSIX Message Queue File System...
         Mounting POSIX Message Queue File System...
[    9.260312] systemd[1]: Started Dispatch Password Requests to Console Directory Watch.
[[0;32m  OK  [0m] Started Dispatch Password Requests to Console Directory Watch.
[    9.301327] systemd[1]: Started Forward Password Requests to Wall Directory Watch.
[[0;32m  OK  [0m] Started Forward Password Requests to Wall Directory Watch.
[[0;32m  OK  [0m] Reached target Encrypted Volumes.
[[0;32m  OK  [0m] Listening on Journal Audit Socket.
[[0;32m  OK  [0m] Created slice system-getty.slice.
[[0;32m  OK  [0m] Listening on udev Control Socket.
[[0;32m  OK  [0m] Created slice User and Session Slice.
[[0;32m  OK  [0m] Reached target Slices.
[[0;32m  OK  [0m] Listening on Syslog Socket.
[[0;32m  OK  [0m] Reached target Swap.
[[0;32m  OK  [0m] Listening on /dev/initctl Compatibility Named Pipe.
[[0;32m  OK  [0m] Listening on Journal Socket.
         Starting Remount Root and Kernel File Systems...
         Starting Journal Service...
         Starting Load Kernel Modules...
         Starting Create list of required stâ€¦ce nodes for the current kernel...
[[0;32m  OK  [0m] Reached target Paths.
         Mounting Debug File System...
[[0;32m  OK  [0m] Set up automount Arbitrary Executabâ€¦rmats File System Automount Point.
[[0;32m  OK  [0m] Reached target Remote File Systems.
[[0;32m  OK  [0m] Mounted POSIX Message Queue File System.
[[0;32m  OK  [0m] Started Remount Root and Kernel File Systems.
[[0;32m  OK  [0m] Started Create list of required staâ€¦vice nodes for the current kernel.
[[0;32m  OK  [0m] Started Load Kernel Modules.
[[0;32m  OK  [0m] Mounted Debug File System.
         Mounting Configuration File System...
         Starting Apply Kernel Variables...
         Starting Create Static Device Nodes in /dev...
         Starting Load/Save Random Seed...
         Starting udev Coldplug all Devices...
[[0;32m  OK  [0m] Mounted Configuration File System.
[[0;32m  OK  [0m] Started Apply Kernel Variables.
[[0;32m  OK  [0m] Started Load/Save Random Seed.
[[0;32m  OK  [0m] Started Create Static Device Nodes in /dev.
[[0;32m  OK  [0m] Reached target Local File Systems (Pre).
[[0;32m  OK  [0m] Reached target Local File Systems.
         Starting Raise network interfaces...
         Starting udev Kernel Device Manager...
[[0;32m  OK  [0m] Started Journal Service.
         Starting Flush Journal to Persistent Storage...
[   11.649426] systemd-journald[95]: Received request to flush runtime journal from PID 1
[[0;32m  OK  [0m] Started Flush Journal to Persistent Storage.
         Starting Create Volatile Files and Directories...
[[0;32m  OK  [0m] Started udev Kernel Device Manager.
[[0;32m  OK  [0m] Started Create Volatile Files and Directories.
         Starting Network Time Synchronization...
         Starting Update UTMP about System Boot/Shutdown...
[[0;32m  OK  [0m] Started Update UTMP about System Boot/Shutdown.
[[0;32m  OK  [0m] Started Network Time Synchronization.
[[0;32m  OK  [0m] Reached target System Time Synchronized.
[[0;32m  OK  [0m] Started udev Coldplug all Devices.
[[0;32m  OK  [0m] Reached target System Initialization.
[[0;32m  OK  [0m] Listening on Avahi mDNS/DNS-SD Stack Activation Socket.
[[0;32m  OK  [0m] Started Daily Cleanup of Temporary Directories.
[[0;32m  OK  [0m] Listening on D-Bus System Message Bus Socket.
[[0;32m  OK  [0m] Reached target Sockets.
[[0;32m  OK  [0m] Reached target Basic System.
         Starting Cape Manager Service...
[   15.121764] remoteproc remoteproc0: wkup_m3 is available
         Starting Avahi mDNS/DNS-SD Stack...
[   15.257202] at24 2-0054: supply vcc not found, using dummy regulator
         Starting LSB: Load kernel modules needed to enable cpufreq scaling...
[   15.357614] omap_wdt: OMAP Watchdog Timer Rev 0x01: initial timeout 60 sec
         Starting Login Service...
[   15.425316] at24 2-0055: supply vcc not found, using dummy regulator
         Starting DUN service...
[   15.623007] at24 2-0056: supply vcc not found, using dummy regulator
         Starting System Logging Service...
[   15.754798] at24 2-0057: supply vcc not found, using dummy regulator
[[0;32m  OK  [0m] Started D-Bus System Message Bus.
[   15.921148] at24 0-0050: 32768 byte 24c256 EEPROM, writable, 1 bytes/write
[   16.165902] tps6521x_pwrbutton tps65217-pwrbutton: DMA mask not set
[   16.211920] input: tps65217_pwrbutton as /devices/platform/ocp/44c00000.interconnect/44c00000.interconnect:segment@200000/44e0b000.target-module/44e0b000.i2c/i2c-0/0-0024/tps65217-pwrbutton/input/input0
[   16.319491] omap_rtc 44e3e000.rtc: registered as rtc0
[   16.324670] omap_rtc 44e3e000.rtc: setting system clock to 2000-01-01T00:00:00 UTC (946684800)
[   16.361363] wkup_m3_ipc 44e11324.wkup_m3_ipc: IPC Request for A8->M3 Channel failed! -517
[   16.511195] wkup_m3_ipc 44e11324.wkup_m3_ipc: IPC Request for A8->M3 Channel failed! -517
[   16.672990] am335x-phy-driver 47401300.usb-phy: supply vcc not found, using dummy regulator
[   16.682062] am335x-phy-driver 47401300.usb-phy: dummy supplies not allowed for exclusive requests
[   16.930537] am335x-phy-driver 47401b00.usb-phy: supply vcc not found, using dummy regulator
[   16.939426] am335x-phy-driver 47401b00.usb-phy: dummy supplies not allowed for exclusive requests
[   16.959918] wkup_m3_ipc 44e11324.wkup_m3_ipc: IPC Request for A8->M3 Channel failed! -517
[   17.141675] wkup_m3_ipc 44e11324.wkup_m3_ipc: IPC Request for A8->M3 Channel failed! -517
[   17.243768] usbcore: registered new interface driver usbfs
[   17.249594] usbcore: registered new interface driver hub
[   17.255033] usbcore: registered new device driver usb
[   17.998637] wkup_m3_ipc 44e11324.wkup_m3_ipc: IPC Request for A8->M3 Channel failed! -517
[   18.105815] musb-hdrc musb-hdrc.1: MUSB HDRC host driver
[   18.111418] musb-hdrc musb-hdrc.1: new USB bus registered, assigned bus number 1
[   18.143340] wkup_m3_ipc 44e11324.wkup_m3_ipc: IPC Request for A8->M3 Channel failed! -517
[   18.334628] omap-mailbox 480c8000.mailbox: omap mailbox rev 0x400
[   18.364014] remoteproc remoteproc0: powering up wkup_m3
[   18.389602] usb usb1: New USB device found, idVendor=1d6b, idProduct=0002, bcdDevice= 6.01
