Labgrid Console Logfile for main
Logfile started at 2025-11-02 22:26:12.305602
=== Log starts here ===
reading args
spl_load_image_fat_os: error reading image args, err - -1
reading u-boot.img
reading u-boot.img


U-Boot 2014.04-00014-g47880f5 (Apr 22 2014 - 13:23:54)

I2C:   ready
DRAM:  512 MiB
NAND:  0 MiB
MMC:   OMAP SD/MMC: 0, OMAP SD/MMC: 1
*** Warning - readenv() failed, using default environment

Net:   <ethaddr> not set. Validating first E-fuse MAC
cpsw, usb_ether
Hit any key to stop autoboot:  1  0 
gpio: pin 53 (gpio 53) value is 1
mmc0 is current device
gpio: pin 54 (gpio 54) value is 1
SD/MMC found on device 0
reading uEnv.txt
569 bytes read in 4 ms (138.7 KiB/s)
gpio: pin 55 (gpio 55) value is 1
Loaded environment from uEnv.txt
Importing environment from mmc ...
Checking if uenvcmd is set ...
gpio: pin 56 (gpio 56) value is 1
Running uenvcmd ...
cpsw Waiting for PHY auto negotiation to complete. done
link up on port 0, speed 100, full duplex
Using cpsw device
TFTP from server 192.168.255.126; our IP address is 192.168.255.1
Filename 'zImage'.
Load address: 0x81000000
Loading: *T #################################################################
	 #################################################################
	 #################################################################
	 #################################################################
	 #################################################################
	 ###############################################################
	 764.6 KiB/s
done
Bytes transferred = 5684792 (56be38 hex)
link up on port 0, speed 100, full duplex
Using cpsw device
TFTP from server 192.168.255.126; our IP address is 192.168.255.1
Filename 'am335x-boneblack.dtb'.
Load address: 0x82000000
Loading: *#######
	 2.4 MiB/s
done
Bytes transferred = 98148 (17f64 hex)
Kernel image @ 0x81000000 [ 0x000000 - 0x56be38 ]
## Flattened Device Tree blob at 82000000
   Booting using the fdt blob at 0x82000000
   Using Device Tree in place at 82000000, end 8201af63

Starting kernel ...

[    0.000000] Booting Linux on physical CPU 0x0
[    0.000000] Linux version 6.18.0-rc4 (user01@drvtest01) (arm-none-eabi-gcc (Arm GNU Toolchain 14.2.Rel1 (Build arm-14.52)) 14.2.1 20241119, GNU ld (Arm GNU Toolchain 14.2.Rel1 (Build arm-14.52)) 2.43.1.20241119) #1 SMP Sun Nov  2 22:24:42 EET 2025
[    0.000000] CPU: ARMv7 Processor [413fc082] revision 2 (ARMv7), cr=10c5387d
[    0.000000] CPU: PIPT / VIPT nonaliasing data cache, VIPT aliasing instruction cache
[    0.000000] OF: fdt: Machine model: TI AM335x BeagleBone Black
[    0.000000] Memory policy: Data cache writeback
[    0.000000] cma: Reserved 16 MiB at 0x9e800000
[    0.000000] Zone ranges:
[    0.000000]   Normal   [mem 0x0000000080000000-0x000000009fdfffff]
[    0.000000]   HighMem  empty
[    0.000000] Movable zone start for each node
[    0.000000] Early memory node ranges
[    0.000000]   node   0: [mem 0x0000000080000000-0x000000009fdfffff]
[    0.000000] Initmem setup node 0 [mem 0x0000000080000000-0x000000009fdfffff]
[    0.000000] On node 0, zone Normal: 512 pages in unavailable ranges
[    0.000000] OF: reserved mem: Reserved memory: No reserved-memory node in the DT
[    0.000000] CPU: All CPU(s) started in SVC mode.
[    0.000000] AM335X ES2.1 (sgx neon)
[    0.000000] percpu: Embedded 17 pages/cpu s39884 r8192 d21556 u69632
[    0.000000] Kernel command line: console=ttyO0,115200n8 root=/dev/nfs rw nfsroot=192.168.255.126:/home/user01/nfs,nfsvers=3 ip=192.168.255.1:192.168.255.126::255.255.255.0:bbb1:eth0 nfsrootdebug
[    0.000000] Unknown kernel command line parameters "nfsrootdebug", will be passed to user space.
[    0.000000] printk: log buffer data + meta data: 65536 + 204800 = 270336 bytes
[    0.000000] Dentry cache hash table entries: 65536 (order: 6, 262144 bytes, linear)
[    0.000000] Inode-cache hash table entries: 32768 (order: 5, 131072 bytes, linear)
[    0.000000] Built 1 zonelists, mobility grouping on.  Total pages: 130560
[    0.000000] mem auto-init: stack:off, heap alloc:off, heap free:off
[    0.000000] SLUB: HWalign=16, Order=0-3, MinObjects=0, CPUs=1, Nodes=1
[    0.000000] rcu: Hierarchical RCU implementation.
[    0.000000] rcu: 	RCU event tracing is enabled.
[    0.000000] rcu: 	RCU restricting CPUs from NR_CPUS=2 to nr_cpu_ids=1.
[    0.000000] 	Tracing variant of Tasks RCU enabled.
[    0.000000] rcu: RCU calculated value of scheduler-enlistment delay is 10 jiffies.
[    0.000000] rcu: Adjusting geometry for rcu_fanout_leaf=16, nr_cpu_ids=1
[    0.000000] RCU Tasks Trace: Setting shift to 0 and lim to 1 rcu_task_cb_adjust=1 rcu_task_cpu_ids=1.
[    0.000000] NR_IRQS: 16, nr_irqs: 16, preallocated irqs: 16
[    0.000000] IRQ: Found an INTC at 0x(ptrval) (revision 5.0) with 128 interrupts
[    0.000000] rcu: srcu_init: Setting srcu_struct sizes based on contention.
[    0.000000] TI gptimer clocksource: always-on /ocp/interconnect@44c00000/segment@200000/target-module@31000
[    0.000003] sched_clock: 32 bits at 24MHz, resolution 41ns, wraps every 89478484971ns
[    0.000027] clocksource: dmtimer: mask: 0xffffffff max_cycles: 0xffffffff, max_idle_ns: 79635851949 ns
[    0.000494] TI gptimer clockevent: 24000000 Hz at /ocp/interconnect@48000000/segment@0/target-module@40000
[    0.002055] Console: colour dummy device 80x30
[    0.002120] WARNING: Your 'console=ttyO0' has been replaced by 'ttyS0'
[    0.002128] This ensures that you still see kernel messages. Please
[    0.002133] update your kernel commandline.
[    0.002176] Calibrating delay loop... 996.14 BogoMIPS (lpj=4980736)
[    0.090609] CPU: Testing write buffer coherency: ok
[    0.090693] CPU0: Spectre v2: using BPIALL workaround
[    0.090702] pid_max: default: 32768 minimum: 301
[    0.090884] LSM: initializing lsm=capability
[    0.091044] Mount-cache hash table entries: 1024 (order: 0, 4096 bytes, linear)
[    0.091063] Mountpoint-cache hash table entries: 1024 (order: 0, 4096 bytes, linear)
[    0.092653] CPU0: thread -1, cpu 0, socket -1, mpidr 0
[    0.092713] cacheinfo: Unable to detect cache hierarchy for CPU 0
[    0.094723] Setting up static identity map for 0x80100000 - 0x80100078
[    0.095038] rcu: Hierarchical SRCU implementation.
[    0.095047] rcu: 	Max phase no-delay instances is 1000.
[    0.096742] smp: Bringing up secondary CPUs ...
[    0.096797] smp: Brought up 1 node, 1 CPU
[    0.096809] SMP: Total of 1 processors activated (996.14 BogoMIPS).
[    0.096819] CPU: All CPU(s) started in SVC mode.
[    0.097025] Memory: 480864K/522240K available (11264K kernel code, 1226K rwdata, 2956K rodata, 1024K init, 256K bss, 23336K reserved, 16384K cma-reserved, 0K highmem)
[    0.097832] devtmpfs: initialized
[    0.115268] VFP support v0.3: implementor 41 architecture 3 part 30 variant c rev 3
[    0.115921] clocksource: jiffies: mask: 0xffffffff max_cycles: 0xffffffff, max_idle_ns: 19112604462750000 ns
[    0.115976] posixtimers hash table entries: 512 (order: 0, 4096 bytes, linear)
[    0.116004] futex hash table entries: 256 (16384 bytes on 1 NUMA nodes, total 16 KiB, linear).
[    0.117143] pinctrl core: initialized pinctrl subsystem
[    0.119218] NET: Registered PF_NETLINK/PF_ROUTE protocol family
[    0.122303] DMA: preallocated 256 KiB pool for atomic coherent allocations
[    0.122906] audit: initializing netlink subsys (disabled)
[    0.124223] thermal_sys: Registered thermal governor 'fair_share'
[    0.124237] thermal_sys: Registered thermal governor 'step_wise'
[    0.124246] thermal_sys: Registered thermal governor 'user_space'
[    0.124357] audit: type=2000 audit(0.120:1): state=initialized audit_enabled=0 res=1
[    0.124429] cpuidle: using governor menu
[    0.142445] /ocp/interconnect@44c00000/segment@200000/target-module@b000/i2c@0/tda19988@70: Fixed dependency cycle(s) with /ocp/interconnect@48000000/segment@300000/target-module@e000/lcdc@0
[    0.143557] /ocp/interconnect@48000000/segment@300000/target-module@e000/lcdc@0: Fixed dependency cycle(s) with /ocp/interconnect@44c00000/segment@200000/target-module@b000/i2c@0/tda19988@70
[    0.145776] No ATAGs?
[    0.145814] hw-breakpoint: debug architecture 0x4 unsupported.
[    0.148879] kprobes: kprobe jump-optimization is enabled. All kprobes are optimized if possible.
[    0.153939] iommu: Default domain type: Translated
[    0.153963] iommu: DMA domain TLB invalidation policy: strict mode
[    0.161380] SCSI subsystem initialized
[    0.162230] pps_core: LinuxPPS API ver. 1 registered
[    0.162240] pps_core: Software ver. 5.3.6 - Copyright 2005-2007 Rodolfo Giometti <giometti@linux.it>
[    0.162264] PTP clock support registered
[    0.171154] vgaarb: loaded
[    0.171523] clocksource: Switched to clocksource dmtimer
[    0.172198] VFS: Disk quotas dquot_6.6.0
[    0.172260] VFS: Dquot-cache hash table entries: 1024 (order 0, 4096 bytes)
[    0.196864] NET: Registered PF_INET protocol family
[    0.197203] IP idents hash table entries: 8192 (order: 4, 65536 bytes, linear)
[    0.198632] tcp_listen_portaddr_hash hash table entries: 512 (order: 0, 4096 bytes, linear)
[    0.198669] Table-perturb hash table entries: 65536 (order: 6, 262144 bytes, linear)
[    0.198687] TCP established hash table entries: 4096 (order: 2, 16384 bytes, linear)
[    0.198733] TCP bind hash table entries: 4096 (order: 4, 65536 bytes, linear)
[    0.198832] TCP: Hash tables configured (established 4096 bind 4096)
[    0.198956] UDP hash table entries: 256 (order: 1, 14336 bytes, linear)
[    0.198989] UDP-Lite hash table entries: 256 (order: 1, 14336 bytes, linear)
[    0.199192] NET: Registered PF_UNIX/PF_LOCAL protocol family
[    0.202743] RPC: Registered named UNIX socket transport module.
[    0.202767] RPC: Registered udp transport module.
[    0.202772] RPC: Registered tcp transport module.
[    0.202777] RPC: Registered tcp-with-tls transport module.
[    0.202782] RPC: Registered tcp NFSv4.1 backchannel transport module.
[    0.202809] PCI: CLS 0 bytes, default 64
[    0.204222] Initialise system trusted keyrings
[    0.212219] workingset: timestamp_bits=14 max_order=17 bucket_order=3
[    0.213675] NFS: Registering the id_resolver key type
[    0.213734] Key type id_resolver registered
[    0.213741] Key type id_legacy registered
[    0.213858] jffs2: version 2.2. (NAND) (SUMMARY)  Â© 2001-2006 Red Hat, Inc.
[    0.214326] Key type asymmetric registered
[    0.214343] Asymmetric key parser 'x509' registered
[    0.214419] io scheduler mq-deadline registered
[    0.214429] io scheduler kyber registered
[    0.214517] io scheduler bfq registered
[    0.216361] target-module@4b000000:target-module@140000:pmu@0:fck: device ID is greater than 24
[    0.221743] ledtrig-cpu: registered to indicate activity on CPUs
[    0.225504] Serial: 8250/16550 driver, 6 ports, IRQ sharing enabled
[    0.278614] brd: module loaded
[    0.287506] loop: module loaded
[    0.288428] mtdoops: mtd device (mtddev=name/number) must be supplied
[    0.291405] i2c_dev: i2c /dev entries driver
[    0.292584] cpuidle: enable-method property 'ti,am3352' found operations
[    0.293025] sdhci: Secure Digital Host Controller Interface driver
[    0.293035] sdhci: Copyright(c) Pierre Ossman
[    0.293218] sdhci-pltfm: SDHCI platform and OF driver helper
[    0.301892] hw perfevents: enabled with armv7_cortex_a8 PMU driver, 5 (8000000f) counters available
[    0.302449] Initializing XFRM netlink socket
[    0.302623] NET: Registered PF_INET6 protocol family
[    0.304624] Segment Routing with IPv6
[    0.304707] In-situ OAM (IOAM) with IPv6
[    0.304801] sit: IPv6, IPv4 and MPLS over IPv4 tunneling driver
[    0.305770] NET: Registered PF_PACKET protocol family
[    0.305798] NET: Registered PF_KEY protocol family
[    0.305924] Key type dns_resolver registered
[    0.306156] ThumbEE CPU extension supported.
[    0.306177] Registering SWP/SWPB emulation handler
[    0.306703] omap_voltage_late_init: Voltage driver support not added
[    0.307366] SmartReflex Class3 initialized
[    0.343438] Loading compiled-in X.509 certificates
[    0.380211] /ocp/interconnect@44c00000/segment@200000/target-module@b000/i2c@0/tda19988@70: Fixed dependency cycle(s) with /ocp/interconnect@48000000/segment@300000/target-module@e000/lcdc@0
[    0.386839] /ocp/interconnect@44c00000/segment@200000/target-module@b000/i2c@0/tda19988@70: Fixed dependency cycle(s) with /ocp/interconnect@48000000/segment@300000/target-module@e000/lcdc@0
[    0.430149] /ocp/interconnect@44c00000/segment@200000/target-module@b000/i2c@0/tda19988@70: Fixed dependency cycle(s) with /ocp/interconnect@48000000/segment@300000/target-module@e000/lcdc@0
[    0.431048] /ocp/interconnect@44c00000/segment@200000/target-module@b000/i2c@0/tda19988@70: Fixed dependency cycle(s) with /ocp/interconnect@48000000/segment@300000/target-module@e000/lcdc@0
[    0.434852] /ocp/interconnect@44c00000/segment@200000/target-module@10000/scm@0/pinmux@800: Fixed dependency cycle(s) with /ocp/interconnect@44c00000/segment@200000/target-module@10000/scm@0/pinmux@800/clkout2-pins
[    0.435449] pinctrl-single 44e10800.pinmux: 142 pins, size 568
[    0.440729] ti-sysc 44e31000.target-module: probe with driver ti-sysc failed with error -16
[    0.479803] /ocp/interconnect@48000000/segment@300000/target-module@e000/lcdc@0: Fixed dependency cycle(s) with /ocp/interconnect@44c00000/segment@200000/target-module@b000/i2c@0/tda19988@70
[    0.488095] ti-sysc 48040000.target-module: probe with driver ti-sysc failed with error -16
[    0.527570] OMAP GPIO hardware version 0.1
[    0.581109] omap_i2c 4819c000.i2c: bus 2 rev0.11 at 100 kHz
[    0.597102] 48000000.interconnect:segment@200000:target-module@0:mpu@0:fck: device ID is greater than 24
[    0.597992] /ocp/interconnect@48000000/segment@300000/target-module@e000/lcdc@0: Fixed dependency cycle(s) with /ocp/interconnect@44c00000/segment@200000/target-module@b000/i2c@0/tda19988@70
[    0.600808] /ocp/interconnect@48000000/segment@300000/target-module@e000/lcdc@0: Fixed dependency cycle(s) with /ocp/interconnect@44c00000/segment@200000/target-module@b000/i2c@0/tda19988@70
[    0.601691] /ocp/interconnect@44c00000/segment@200000/target-module@b000/i2c@0/tda19988@70: Fixed dependency cycle(s) with /ocp/interconnect@48000000/segment@300000/target-module@e000/lcdc@0
[    0.601884] /ocp/interconnect@48000000/segment@300000/target-module@e000/lcdc@0: Fixed dependency cycle(s) with /ocp/interconnect@44c00000/segment@200000/target-module@b000/i2c@0/tda19988@70
[    0.609678] sdhci-omap 481d8000.mmc: supply pbias not found, using dummy regulator
[    0.610170] sdhci-omap 481d8000.mmc: supply vqmmc not found, using dummy regulator
[    0.672201] davinci_mdio 4a101000.mdio: davinci mdio revision 1.6, bus freq 1000000
[    0.830666] davinci_mdio 4a101000.mdio: phy[0]: device 4a101000.mdio:00, driver SMSC LAN8710/LAN8720
[    0.831451] cpsw-switch 4a100000.switch: initialized cpsw ale version 1.4
[    0.831473] cpsw-switch 4a100000.switch: ALE Table size 1024, Policers 0
[    0.831841] cpsw-switch 4a100000.switch: cpts: overflow check period 500 (jiffies)
[    0.831863] cpsw-switch 4a100000.switch: CPTS: ref_clk_freq:250000000 calc_mult:2147483648 calc_shift:29 error:0 nsec/sec
[    0.831971] cpsw-switch 4a100000.switch: Detected MACID = 6c:ec:eb:68:de:78
[    0.833854] cpsw-switch 4a100000.switch: initialized (regs 0x4a100000, pool size 256) hw_ver:0019010C 1.12 (0)
[    0.845010] debugfs: '49000000.dma' already exists in 'dmaengine'
[    0.845055] edma 49000000.dma: TI EDMA DMA engine driver
[    0.899442] 44e09000.serial: ttyS0 at MMIO 0x44e09000 (irq = 34, base_baud = 3000000) is a 8250
[    0.899533] printk: legacy console [ttyS0] enabled
[    2.442503] tps65217-pmic: Failed to locate of_node [id: -1]
[    2.448564] tps65217-bl: Failed to locate of_node [id: -1]
[    2.455961] platform tps65217-charger: DMA mask not set
[    2.463006] platform tps65217-pwrbutton: DMA mask not set
[    2.470817] tps65217 0-0024: TPS65217 ID 0xe version 1.2
[    2.476911] /ocp/interconnect@48000000/segment@300000/target-module@e000/lcdc@0: Fixed dependency cycle(s) with /ocp/interconnect@44c00000/segment@200000/target-module@b000/i2c@0/tda19988@70
[    2.494328] /ocp/interconnect@44c00000/segment@200000/target-module@b000/i2c@0/tda19988@70: Fixed dependency cycle(s) with /ocp/interconnect@48000000/segment@300000/target-module@e000/lcdc@0
[    2.511740] omap_i2c 44e0b000.i2c: bus 0 rev0.11 at 400 kHz
[    2.519703] omap_gpio 44e07000.gpio: Could not set line 6 debounce to 200000 microseconds (-22)
[    2.528584] sdhci-omap 48060000.mmc: Got CD GPIO
[    2.533618] sdhci-omap 48060000.mmc: supply pbias not found, using dummy regulator
[    2.543573] sdhci-omap 48060000.mmc: supply vqmmc not found, using dummy regulator
[    2.552377] sdhci-omap 481d8000.mmc: supply pbias not found, using dummy regulator
[    2.560707] sdhci-omap 481d8000.mmc: supply vqmmc not found, using dummy regulator
[    2.598826] mmc1: SDHCI controller on 481d8000.mmc [481d8000.mmc] using External DMA
[    2.607865] mmc0: SDHCI controller on 48060000.mmc [48060000.mmc] using External DMA
[    2.616786] cpsw-switch 4a100000.switch: starting ndev. mode: dual_mac
[    2.681772] mmc1: new high speed MMC card at address 0001
[    2.688591] mmcblk1: mmc1:0001 MMC04G 3.60 GiB
[    2.696534]  mmcblk1: p1 p2
[    2.700875] mmcblk1boot0: mmc1:0001 MMC04G 2.00 MiB
[    2.707428] SMSC LAN8710/LAN8720 4a101000.mdio:00: attached PHY driver (mii_bus:phy_addr=4a101000.mdio:00, irq=POLL)
[    2.726072] mmcblk1boot1: mmc1:0001 MMC04G 2.00 MiB
[    2.735014] mmcblk1rpmb: mmc1:0001 MMC04G 128 KiB, chardev (249:0)
[    2.785034] mmc0: new high speed SDHC card at address aaaa
[    2.791971] mmcblk0: mmc0:aaaa SE32G 29.7 GiB
[    2.801050]  mmcblk0: p1 p2
[    5.842308] cpsw-switch 4a100000.switch eth0: Link is Up - 100Mbps/Full - flow control off
[    5.881759] IP-Config: Complete:
[    5.885035]      device=eth0, hwaddr=6c:ec:eb:68:de:78, ipaddr=192.168.255.1, mask=255.255.255.0, gw=255.255.255.255
[    5.895709]      host=bbb1, domain=, nis-domain=(none)
[    5.900877]      bootserver=192.168.255.126, rootserver=192.168.255.126, rootpath=
[    5.901322] clk: Disabling unused clocks
[    5.913171] PM: genpd: Disabling unused power domains
[    5.918322] KTAP version 1
[    5.921047] 1..0
[    5.923551] check access for rdinit=/init failed: -2, ignoring
[    5.951950] VFS: Mounted root (nfs filesystem) on device 0:17.
[    5.958759] devtmpfs: mounted
[    5.963553] Freeing unused kernel image (initmem) memory: 1024K
[    5.970154] Run /sbin/init as init process
[    6.646593] systemd[1]: System time before build time, advancing clock.
[    8.201548] random: crng init done
[    8.224294] systemd[1]: systemd 232 running in system mode. (+PAM +AUDIT +SELINUX +IMA +APPARMOR +SMACK +SYSVINIT +UTMP +LIBCRYPTSETUP +GCRYPT +GNUTLS +ACL +XZ +LZ4 +SECCOMP +BLKID +ELFUTILS +KMOD +IDN)
[    8.243390] systemd[1]: Detected architecture arm.

Welcome to [1mDebian GNU/Linux 9 (stretch)[0m!

[    8.274697] systemd[1]: Set hostname to <arm>.
[    9.374421] systemd[1]: syslog.socket: SO_PASSSEC failed: Operation not supported
[    9.382471] systemd[1]: Listening on Syslog Socket.
[[0;32m  OK  [0m] Listening on Syslog Socket.
[    9.403503] systemd[1]: Listening on udev Control Socket.
[[0;32m  OK  [0m] Listening on udev Control Socket.
[    9.432152] systemd[1]: systemd-journald-dev-log.socket: SO_PASSSEC failed: Operation not supported
[    9.441769] systemd[1]: Listening on Journal Socket (/dev/log).
[[0;32m  OK  [0m] Listening on Journal Socket (/dev/log).
[    9.473581] systemd[1]: Listening on /dev/initctl Compatibility Named Pipe.
[[0;32m  OK  [0m] Listening on /dev/initctl Compatibility Named Pipe.
[    9.501929] systemd[1]: Reached target Remote File Systems.
[[0;32m  OK  [0m] Reached target Remote File Systems.
[[0;32m  OK  [0m] Listening on Journal Audit Socket.
[[0;32m  OK  [0m] Started Dispatch Password Requests to Console Directory Watch.
[[0;32m  OK  [0m] Set up automount Arbitrary Executabâ€¦rmats File System Automount Point.
[[0;32m  OK  [0m] Started Forward Password Requests to Wall Directory Watch.
[[0;32m  OK  [0m] Reached target Encrypted Volumes.
[[0;32m  OK  [0m] Reached target Paths.
[[0;32m  OK  [0m] Reached target Swap.
[[0;32m  OK  [0m] Listening on udev Kernel Socket.
[[0;32m  OK  [0m] Created slice System Slice.
         Mounting Debug File System...
         Mounting POSIX Message Queue File System...
[[0;32m  OK  [0m] Created slice system-serial\x2dgetty.slice.
[[0;32m  OK  [0m] Created slice system-getty.slice.
[[0;32m  OK  [0m] Created slice User and Session Slice.
[[0;32m  OK  [0m] Reached target Slices.
[[0;32m  OK  [0m] Listening on Journal Socket.
         Starting Load Kernel Modules...
         Starting Create list of required stâ€¦ce nodes for the current kernel...
         Starting Remount Root and Kernel File Systems...
         Starting Journal Service...
[[0;32m  OK  [0m] Mounted POSIX Message Queue File System.
[[0;32m  OK  [0m] Mounted Debug File System.
[[0;32m  OK  [0m] Started Create list of required staâ€¦vice nodes for the current kernel.
[[0;32m  OK  [0m] Started Load Kernel Modules.
         Starting Apply Kernel Variables...
         Mounting Configuration File System...
         Starting Create Static Device Nodes in /dev...
[[0;32m  OK  [0m] Started Remount Root and Kernel File Systems.
         Starting Load/Save Random Seed...
         Starting udev Coldplug all Devices...
[[0;32m  OK  [0m] Mounted Configuration File System.
[[0;32m  OK  [0m] Started Apply Kernel Variables.
[[0;32m  OK  [0m] Started Load/Save Random Seed.
[[0;32m  OK  [0m] Started Create Static Device Nodes in /dev.
[[0;32m  OK  [0m] Reached target Local File Systems (Pre).
[[0;32m  OK  [0m] Reached target Local File Systems.
         Starting Raise network interfaces...
         Starting udev Kernel Device Manager...
[[0;32m  OK  [0m] Started Journal Service.
         Starting Flush Journal to Persistent Storage...
[   11.808475] systemd-journald[89]: Received request to flush runtime journal from PID 1
[[0;32m  OK  [0m] Started Flush Journal to Persistent Storage.
         Starting Create Volatile Files and Directories...
[[0;32m  OK  [0m] Started udev Kernel Device Manager.
[   12.646001] omap_prm 44e00d00.prm: sync_state() pending due to 44d00000.cpu
[[0;32m  OK  [0m] Started Create Volatile Files and Directories.
         Starting Network Time Synchronization...
         Starting Update UTMP about System Boot/Shutdown...
[[0;32m  OK  [0m] Started Update UTMP about System Boot/Shutdown.
[[0;32m  OK  [0m] Started udev Coldplug all Devices.
[[0;32m  OK  [0m] Started Network Time Synchronization.
[[0;32m  OK  [0m] Reached target System Time Synchronized.
[[0;32m  OK  [0m] Reached target System Initialization.
[   15.053530] remoteproc remoteproc0: wkup_m3 is available
[[0;32m  OK  [0m] Listening on D-Bus System Message Bus Socket.
[[0;32m  OK  [0m] Listening on Avahi mDNS/DNS-SD Stack Activation Socket.
[[0;32m  OK  [0m] Reached target Sockets.
[[0;32m  OK  [0m] Started Daily apt download activities.
[[0;32m  OK  [0m] Started Daily apt upgrade and clean activities.
[[0;32m  OK  [0m] Reached target Basic System.
         Starting Telephony service...[   15.439140] omap_rtc 44e3e000.rtc: registered as rtc0

[   15.444620] omap_rtc 44e3e000.rtc: setting system clock to 2000-01-01T00:00:00 UTC (946684800)
[   15.529195] at24 2-0054: supply vcc not found, using dummy regulator
[   15.548641] omap_wdt: OMAP Watchdog Timer Rev 0x01: initial timeout 60 sec
         Starting Generic Board Startup...
[   15.689446] am335x-phy-driver 47401300.usb-phy: dummy supplies not allowed for exclusive requests (id=vbus)
         Starting LSB: Start busybox udhcpd at boot time...
[   15.835664] at24 2-0055: supply vcc not found, using dummy regulator
         Starting Cape Manager Service...
[   15.903612] am335x-phy-driver 47401b00.usb-phy: dummy supplies not allowed for exclusive requests (id=vbus)
[   15.976586] at24 2-0056: supply vcc not found, using dummy regulator
         Starting LSB: Load kernel modules needed to enable cpufreq scaling...
[   16.129068] at24 2-0057: supply vcc not found, using dummy regulator
         Starting DUN service...
[   16.155285] input: tps65217_pwrbutton as /devices/platform/ocp/44c00000.interconnect/44c00000.interconnect:segment@200000/44e0b000.target-module/44e0b000.i2c/i2c-0/0-0024/tps65217-pwrbutton/input/input0
[   16.297840] at24 0-0050: 32768 byte 24c256 EEPROM, writable, 1 bytes/write
         Starting Login Service...
         Starting Avahi mDNS/DNS-SD Stack...
[[0;32m  OK  [0m] Started Regular background program processing daemon.
[[0;32m  OK  [0m] Started Daily Cleanup of Temporary Directories.
[[0;32m  OK  [0m] Reached target Timers.
[[0;32m  OK  [0m] Started D-Bus System Message Bus.
[   17.627379] usbcore: registered new interface driver usbfs
[   17.633204] usbcore: registered new interface driver hub
[   17.638652] usbcore: registered new device driver usb
[   18.697136] musb-hdrc musb-hdrc.1: MUSB HDRC host driver
[   18.702710] musb-hdrc musb-hdrc.1: new USB bus registered, assigned bus number 1
[   18.832450] tda998x 0-0070: found TDA19988
[   18.892872] usb usb1: New USB device found, idVendor=1d6b, idProduct=0002, bcdDevice= 6.18
[   18.901235] usb usb1: New USB device strings: Mfr=3, Product=2, SerialNumber=1
[   18.908650] usb usb1: Product: MUSB HDRC host driver
[   18.913700] usb usb1: Manufacturer: Linux 6.18.0-rc4 musb-hcd
[   18.919479] usb usb1: SerialNumber: musb-hdrc.1
[   19.001965] omap-mailbox 480c8000.mailbox: omap mailbox rev 0x400
[   19.108552] remoteproc remoteproc0: powering up wkup_m3
[   19.247312] remoteproc remoteproc0: Direct firmware load for am335x-pm-firmware.elf failed with error -2
[   19.257155] remoteproc remoteproc0: request_firmware failed: -2
[   19.263242] wkup_m3_ipc 44e11324.wkup_m3_ipc: rproc_boot failed
[   19.388075] hub 1-0:1.0: USB hub found
[   19.453695] hub 1-0:1.0: 1 port detected
[   20.903003] omap_rng 48310000.rng: Random Number Generator ver. 20
[   21.179867] tilcdc 4830e000.lcdc: bound 0-0070 (ops tda998x_audio_codec_init [tda998x])
[   21.329105] [drm] Initialized tilcdc 1.0.0 for 4830e000.lcdc on minor 0
[   21.422215] tilcdc 4830e000.lcdc: [drm] Cannot find any crtc or sizes
[   21.433621] tilcdc 4830e000.lcdc: [drm] Cannot find any crtc or sizes
[[0;32m  OK  [0m] Started Telephony service.
[   21.675319] ------------[ cut here ]------------
[   21.680015] WARNING: CPU: 0 PID: 203 at net/8021q/vlan_core.c:236 vlan_for_each+0x114/0x134
[   21.688569] RTNL: assertion failed at net/8021q/vlan_core.c (236)
[   21.694748] Modules linked in: tilcdc drm_dma_helper omap_rng drm_client_lib rng_core snd_soc_davinci_mcasp snd_soc_ti_udma snd_soc_ti_edma snd_soc_ti_sdma snd_soc_core snd_pcm_dmaengine snd_pcm omap_mailbox snd_timer tda998x snd musb_dsps cec soundcore musb_hdrc drm_kms_helper udc_core usbcore drm wkup_m3_ipc drm_panel_orientation_quirks tps65218_pwrbutton phy_am335x phy_am335x_control at24 omap_wdt phy_generic watchdog rtc_omap usb_common cppi41 wkup_m3_rproc leds_gpio led_class cpufreq_dt autofs4
[   21.739532] CPU: 0 UID: 107 PID: 203 Comm: avahi-daemon Not tainted 6.18.0-rc4 #1 NONE 
[   21.739551] Hardware name: Generic AM33XX (Flattened Device Tree)
[   21.739560] Call trace: 
[   21.739575]  unwind_backtrace from show_stack+0x10/0x14
[   21.739614]  show_stack from dump_stack_lvl+0x50/0x64
[   21.739640]  dump_stack_lvl from __warn+0x74/0x12c
[   21.739660]  __warn from warn_slowpath_fmt+0x19c/0x1b0
[   21.739673]  warn_slowpath_fmt from vlan_for_each+0x114/0x134
[   21.739695]  vlan_for_each from cpsw_add_mc_addr+0x40/0xa4
[   21.739722]  cpsw_add_mc_addr from __hw_addr_ref_sync_dev+0x108/0x140
[   21.739752]  __hw_addr_ref_sync_dev from __dev_mc_add+0x7c/0x80
[   21.739774]  __dev_mc_add from igmp6_group_added+0xc8/0xe0
[   21.739804]  igmp6_group_added from __ipv6_dev_mc_inc+0x218/0x364
[   21.739823]  __ipv6_dev_mc_inc from __ipv6_sock_mc_join+0x11c/0x1c0
[   21.739841]  __ipv6_sock_mc_join from do_ipv6_setsockopt+0x1214/0x1310
[   21.739874]  do_ipv6_setsockopt from ipv6_setsockopt+0x60/0xcc
[   21.739896]  ipv6_setsockopt from udpv6_setsockopt+0x2c/0x6c
[   21.739915]  udpv6_setsockopt from sock_common_setsockopt+0x30/0x40
[   21.739944]  sock_common_setsockopt from do_sock_setsockopt+0x50/0x9c
[   21.739966]  do_sock_setsockopt from __sys_setsockopt+0x70/0xbc
[   21.739986]  __sys_setsockopt from ret_fast_syscall+0x0/0x58
[   21.740003] Exception stack(0xe0165fa8 to 0xe0165ff0)
[   21.740017] 5fa0:                   00000014 b6fcdce8 0000000d 00000029 00000014 beb8b9ec
[   21.740028] 5fc0: 00000014 b6fcdce8 00000014 00000126 0000000d b6f76ff4 0052e988 00516558
[   21.740037] 5fe0: b6f8c088 beb8b9d8 b6f69309 b6e4041a
[   21.740045] ---[ end trace 0000000000000000 ]---
[[0;32m  OK  [0m] Started DUN service.
[[0;32m  OK  [0m] Started Avahi mDNS/DNS-SD Stack.
         Starting Connection service...
         Starting System Logging Service...
[[0;32m  OK  [0m] Started Cape Manager Service.
[[0;32m  OK  [0m] Found device /dev/ttyS0.
[   23.095976] omap-sham 53100000.sham: hw accel on OMAP rev 4.3
[   23.201947] omap-sham 53100000.sham: will run requests pump with realtime priority
[   23.287637] PM: Cannot get wkup_m3_ipc handle
[   23.507058] omap-aes 53500000.aes: OMAP AES hw accel rev: 3.2
[   23.593857] omap-aes 53500000.aes: will run requests pump with realtime priority
[   23.602552] PM: Cannot get wkup_m3_ipc handle
[   24.680016] Bluetooth: Core ver 2.22
[   24.684996] NET: Registered PF_BLUETOOTH protocol family
[   24.690535] Bluetooth: HCI device and connection manager initialized
[   24.697066] Bluetooth: HCI socket layer initialized
[   24.702016] Bluetooth: L2CAP socket layer initialized
[   24.707129] Bluetooth: SCO socket layer initialized
[[0;32m  OK  [0m] Started System Logging Service.
[   26.980880] gpio-537 (nxp,calib): gpiod_direction_output_nonotify: tried to set a GPIO tied to an IRQ as output
[   27.094805] PM: Cannot get wkup_m3_ipc handle
[   27.235307] PM: Cannot get wkup_m3_ipc handle
[   27.305902] tda9950 0-0034: TDA9950 CEC interface, hardware version 3.3
[   27.428984] PM: Cannot get wkup_m3_ipc handle
[[0;32m  OK  [0m] Started LSB: Start busybox udhcpd at boot time.
[[0;32m  OK  [0m] Started Raise network interfaces.
[   29.344566] configfs-gadget.g_multi gadget.0: HOST MAC 1c:ba:8c:a2:ed:6c
[   29.351346] configfs-gadget.g_multi gadget.0: MAC 1c:ba:8c:a2:ed:70
[   29.358857] configfs-gadget.g_multi gadget.0: HOST MAC 1c:ba:8c:a2:ed:6c
[   29.365756] configfs-gadget.g_multi gadget.0: MAC 1c:ba:8c:a2:ed:6d
[   29.378720] PM: Cannot get wkup_m3_ipc handle
[[0;32m  OK  [0m] Started LSB: Load kernel modules needed to enable cpufreq scaling.
[[0;32m  OK  [0m] Started Connection service.
[[0;32m  OK  [0m] Started Login Service.
         Starting Hostname Service...
         Starting WPA supplicant...
[[0;32m  OK  [0m] Reached target Sound Card.
         Starting LSB: set CPUFreq kernel parameters...
[[0;32m  OK  [0m] Started WPA supplicant.
[[0;32m  OK  [0m] Started Hostname Service.
[[0;32m  OK  [0m] Reached target Network.
         Starting OpenBSD Secure Shell server...
         Starting The Apache HTTP Server...
         Starting Permit User Sessions...
[[0;32m  OK  [0m] Reached target Network is Online.
         Starting LSB: Advanced IEEE 802.11 management daemon...
[[0;32m  OK  [0m] Started LSB: set CPUFreq kernel parameters.
[[0;32m  OK  [0m] Started LSB: Advanced IEEE 802.11 management daemon.
[[0;32m  OK  [0m] Started Permit User Sessions.
         Stopping LSB: Start busybox udhcpd at boot time...
[[0;32m  OK  [0m] Started Serial Getty on ttyS0.
[[0;32m  OK  [0m] Started Getty on tty1.
[[0;32m  OK  [0m] Reached target Login Prompts.
[[0;32m  OK  [0m] Stopped LSB: Start busybox udhcpd at boot time.
[[0;32m  OK  [0m] Started OpenBSD Secure Shell server.
         Starting dnsmasq - A lightweight DHCP and caching DNS server...
[[0;32m  OK  [0m] Started The Apache HTTP Server.
[[0;32m  OK  [0m] Started dnsmasq - A lightweight DHCP and caching DNS server.
[[0;32m  OK  [0m] Reached target Host and Network Name Lookups.
[[0;32m  OK  [0m] Started Serial Getty on ttyGS0.
[[0;32m  OK  [0m] Started Generic Board Startup.
[[0;32m  OK  [0m] Reached target Multi-User System.
[[0;32m  OK  [0m] Reached target Graphical Interface.
         Starting Update UTMP about System Runlevel Changes...
[[0;32m  OK  [0m] Started Update UTMP about System Runlevel Changes.

Debian GNU/Linux 9 arm ttyS0

default username:password is [debian:temppwd]

arm login: root
Password: 
Last login: Sat Jan  1 00:00:39 UTC 2000 on ttyS0
root
Linux arm 6.18.0-rc4 #1 SMP Sun Nov  2 22:24:42 EET 2025 armv7l

The programs included with the Debian GNU/Linux system are free software;
the exact distribution terms for each program are described in the
individual files in /usr/share/doc/*/copyright.

Debian GNU/Linux comes with ABSOLUTELY NO WARRANTY, to the extent
permitted by applicable law.
root@arm:~# root
-bash: root: command not found
root@arm:~# dmesg -n 1
echo 'XFEO''TPSPYE'
root@arm:~# echo 'XFEO''TPSPYE'
XFEOTPSPYE
root@arm:~# run() { echo -n "$MARKER"; sh -c "$@"; echo "$MARKER $?"; }
root@arm:~# echo 'XTFA''HPSLGZ'
XTFAHPSLGZ
root@arm:~# MARKER='TAWS''ZYGKYZ' run 'cat /proc/version'
TAWSZYGKYZLinux version 6.18.0-rc4 (user01@drvtest01) (arm-none-eabi-gcc (Arm GNU Toolchain 14.2.Rel1 (Build arm-14.52)) 14.2.1 20241119, GNU ld (Arm GNU Toolchain 14.2.Rel1 (Build arm-14.52)) 2.43.1.20241119) #1 SMP Sun Nov  2 22:24:42 EET 2025
TAWSZYGKYZ 0
root@arm:~# echo 'KCOF''QTLTGF'
KCOFQTLTGF
root@arm:~# MARKER='PTPE''LSJQZN' run false
PTPELSJQZNPTPELSJQZN 1
root@arm:~# Labgrid Console Logfile for main
Logfile started at 2025-11-02 22:27:28.415187
=== Log starts here ===

root@arm:~# run() { echo -n "$MARKER"; sh -c "$@"; echo "$MARKER $?"; }
root@arm:~# echo 'SFAS''MGLVPT'
SFASMGLVPT
root@arm:~# MARKER='QLSB''ZWVVOU' run 'ls /iio_generic_buffer; echo $?'
QLSBZWVVOU/iio_generic_buffer
0
QLSBZWVVOU 0
root@arm:~# Labgrid Console Logfile for main
Logfile started at 2025-11-02 22:27:32.064485
=== Log starts here ===

root@arm:~# run() { echo -n "$MARKER"; sh -c "$@"; echo "$MARKER $?"; }
root@arm:~# echo 'BXMA''MEWPPO'
BXMAMEWPPO
root@arm:~# MARKER='SZVQ''PBVZJF' run dmesg
SZVQPBVZJF[    0.000000] Booting Linux on physical CPU 0x0
[    0.000000] Linux version 6.18.0-rc4 (user01@drvtest01) (arm-none-eabi-gcc (Arm GNU Toolchain 14.2.Rel1 (Build arm-14.52)) 14.2.1 20241119, GNU ld (Arm GNU Toolchain 14.2.Rel1 (Build arm-14.52)) 2.43.1.20241119) #1 SMP Sun Nov  2 22:24:42 EET 2025
[    0.000000] CPU: ARMv7 Processor [413fc082] revision 2 (ARMv7), cr=10c5387d
[    0.000000] CPU: PIPT / VIPT nonaliasing data cache, VIPT aliasing instruction cache
[    0.000000] OF: fdt: Machine model: TI AM335x BeagleBone Black
[    0.000000] Memory policy: Data cache writeback
[    0.000000] cma: Reserved 16 MiB at 0x9e800000
[    0.000000] Zone ranges:
[    0.000000]   Normal   [mem 0x0000000080000000-0x000000009fdfffff]
[    0.000000]   HighMem  empty
[    0.000000] Movable zone start for each node
[    0.000000] Early memory node ranges
[    0.000000]   node   0: [mem 0x0000000080000000-0x000000009fdfffff]
[    0.000000] Initmem setup node 0 [mem 0x0000000080000000-0x000000009fdfffff]
[    0.000000] On node 0, zone Normal: 512 pages in unavailable ranges
[    0.000000] OF: reserved mem: Reserved memory: No reserved-memory node in the DT
[    0.000000] CPU: All CPU(s) started in SVC mode.
[    0.000000] AM335X ES2.1 (sgx neon)
[    0.000000] percpu: Embedded 17 pages/cpu s39884 r8192 d21556 u69632
[    0.000000] pcpu-alloc: s39884 r8192 d21556 u69632 alloc=17*4096
[    0.000000] pcpu-alloc: [0] 0 
[    0.000000] Kernel command line: console=ttyO0,115200n8 root=/dev/nfs rw nfsroot=192.168.255.126:/home/user01/nfs,nfsvers=3 ip=192.168.255.1:192.168.255.126::255.255.255.0:bbb1:eth0 nfsrootdebug
[    0.000000] Unknown kernel command line parameters "nfsrootdebug", will be passed to user space.
[    0.000000] printk: log buffer data + meta data: 65536 + 204800 = 270336 bytes
[    0.000000] Dentry cache hash table entries: 65536 (order: 6, 262144 bytes, linear)
[    0.000000] Inode-cache hash table entries: 32768 (order: 5, 131072 bytes, linear)
[    0.000000] Built 1 zonelists, mobility grouping on.  Total pages: 130560
[    0.000000] mem auto-init: stack:off, heap alloc:off, heap free:off
[    0.000000] SLUB: HWalign=16, Order=0-3, MinObjects=0, CPUs=1, Nodes=1
[    0.000000] rcu: Hierarchical RCU implementation.
[    0.000000] rcu: 	RCU event tracing is enabled.
[    0.000000] rcu: 	RCU restricting CPUs from NR_CPUS=2 to nr_cpu_ids=1.
[    0.000000] 	Tracing variant of Tasks RCU enabled.
[    0.000000] rcu: RCU calculated value of scheduler-enlistment delay is 10 jiffies.
[    0.000000] rcu: Adjusting geometry for rcu_fanout_leaf=16, nr_cpu_ids=1
[    0.000000] RCU Tasks Trace: Setting shift to 0 and lim to 1 rcu_task_cb_adjust=1 rcu_task_cpu_ids=1.
[    0.000000] NR_IRQS: 16, nr_irqs: 16, preallocated irqs: 16
[    0.000000] IRQ: Found an INTC at 0x(ptrval) (revision 5.0) with 128 interrupts
[    0.000000] rcu: srcu_init: Setting srcu_struct sizes based on contention.
[    0.000000] TI gptimer clocksource: always-on /ocp/interconnect@44c00000/segment@200000/target-module@31000
[    0.000003] sched_clock: 32 bits at 24MHz, resolution 41ns, wraps every 89478484971ns
[    0.000027] clocksource: dmtimer: mask: 0xffffffff max_cycles: 0xffffffff, max_idle_ns: 79635851949 ns
[    0.000494] TI gptimer clockevent: 24000000 Hz at /ocp/interconnect@48000000/segment@0/target-module@40000
[    0.002055] Console: colour dummy device 80x30
[    0.002120] WARNING: Your 'console=ttyO0' has been replaced by 'ttyS0'
[    0.002128] This ensures that you still see kernel messages. Please
[    0.002133] update your kernel commandline.
[    0.002176] Calibrating delay loop... 996.14 BogoMIPS (lpj=4980736)
[    0.090609] CPU: Testing write buffer coherency: ok
[    0.090693] CPU0: Spectre v2: using BPIALL workaround
[    0.090702] pid_max: default: 32768 minimum: 301
[    0.090884] LSM: initializing lsm=capability
[    0.091044] Mount-cache hash table entries: 1024 (order: 0, 4096 bytes, linear)
[    0.091063] Mountpoint-cache hash table entries: 1024 (order: 0, 4096 bytes, linear)
[    0.092653] CPU0: thread -1, cpu 0, socket -1, mpidr 0
[    0.092713] cacheinfo: Unable to detect cache hierarchy for CPU 0
[    0.094723] Setting up static identity map for 0x80100000 - 0x80100078
[    0.095038] rcu: Hierarchical SRCU implementation.
[    0.095047] rcu: 	Max phase no-delay instances is 1000.
[    0.096742] smp: Bringing up secondary CPUs ...
[    0.096797] smp: Brought up 1 node, 1 CPU
[    0.096809] SMP: Total of 1 processors activated (996.14 BogoMIPS).
[    0.096819] CPU: All CPU(s) started in SVC mode.
[    0.097025] Memory: 480864K/522240K available (11264K kernel code, 1226K rwdata, 2956K rodata, 1024K init, 256K bss, 23336K reserved, 16384K cma-reserved, 0K highmem)
[    0.097832] devtmpfs: initialized
[    0.115268] VFP support v0.3: implementor 41 architecture 3 part 30 variant c rev 3
[    0.115921] clocksource: jiffies: mask: 0xffffffff max_cycles: 0xffffffff, max_idle_ns: 19112604462750000 ns
[    0.115976] posixtimers hash table entries: 512 (order: 0, 4096 bytes, linear)
[    0.116004] futex hash table entries: 256 (16384 bytes on 1 NUMA nodes, total 16 KiB, linear).
[    0.117143] pinctrl core: initialized pinctrl subsystem
[    0.119218] NET: Registered PF_NETLINK/PF_ROUTE protocol family
[    0.122303] DMA: preallocated 256 KiB pool for atomic coherent allocations
[    0.122906] audit: initializing netlink subsys (disabled)
[    0.124223] thermal_sys: Registered thermal governor 'fair_share'
[    0.124237] thermal_sys: Registered thermal governor 'step_wise'
[    0.124246] thermal_sys: Registered thermal governor 'user_space'
[    0.124357] audit: type=2000 audit(0.120:1): state=initialized audit_enabled=0 res=1
[    0.124429] cpuidle: using governor menu
[    0.142445] /ocp/interconnect@44c00000/segment@200000/target-module@b000/i2c@0/tda19988@70: Fixed dependency cycle(s) with /ocp/interconnect@48000000/segment@300000/target-module@e000/lcdc@0
[    0.143557] /ocp/interconnect@48000000/segment@300000/target-module@e000/lcdc@0: Fixed dependency cycle(s) with /ocp/interconnect@44c00000/segment@200000/target-module@b000/i2c@0/tda19988@70
[    0.145776] No ATAGs?
[    0.145814] hw-breakpoint: debug architecture 0x4 unsupported.
[    0.148879] kprobes: kprobe jump-optimization is enabled. All kprobes are optimized if possible.
[    0.153939] iommu: Default domain type: Translated
[    0.153963] iommu: DMA domain TLB invalidation policy: strict mode
[    0.155496] reg-fixed-voltage fixedregulator0: using DT '/fixedregulator0' for '(default)' GPIO lookup
[    0.155550] of_get_named_gpiod_flags: can't parse 'gpios' property of node '/fixedregulator0[0]'
[    0.155578] of_get_named_gpiod_flags: can't parse 'gpio' property of node '/fixedregulator0[0]'
[    0.155596] reg-fixed-voltage fixedregulator0: using lookup tables for GPIO lookup
[    0.155607] reg-fixed-voltage fixedregulator0: No GPIO consumer (default) found
[    0.161380] SCSI subsystem initialized
[    0.161845] libata version 3.00 loaded.
[    0.162230] pps_core: LinuxPPS API ver. 1 registered
[    0.162240] pps_core: Software ver. 5.3.6 - Copyright 2005-2007 Rodolfo Giometti <giometti@linux.it>
[    0.162264] PTP clock support registered
[    0.171154] vgaarb: loaded
[    0.171523] clocksource: Switched to clocksource dmtimer
[    0.172198] VFS: Disk quotas dquot_6.6.0
[    0.172260] VFS: Dquot-cache hash table entries: 1024 (order 0, 4096 bytes)
[    0.196864] NET: Registered PF_INET protocol family
[    0.197203] IP idents hash table entries: 8192 (order: 4, 65536 bytes, linear)
[    0.198632] tcp_listen_portaddr_hash hash table entries: 512 (order: 0, 4096 bytes, linear)
[    0.198669] Table-perturb hash table entries: 65536 (order: 6, 262144 bytes, linear)
[    0.198687] TCP established hash table entries: 4096 (order: 2, 16384 bytes, linear)
[    0.198733] TCP bind hash table entries: 4096 (order: 4, 65536 bytes, linear)
[    0.198832] TCP: Hash tables configured (established 4096 bind 4096)
[    0.198956] UDP hash table entries: 256 (order: 1, 14336 bytes, linear)
[    0.198989] UDP-Lite hash table entries: 256 (order: 1, 14336 bytes, linear)
[    0.199192] NET: Registered PF_UNIX/PF_LOCAL protocol family
[    0.202743] RPC: Registered named UNIX socket transport module.
[    0.202767] RPC: Registered udp transport module.
[    0.202772] RPC: Registered tcp transport module.
[    0.202777] RPC: Registered tcp-with-tls transport module.
[    0.202782] RPC: Registered tcp NFSv4.1 backchannel transport module.
[    0.202809] PCI: CLS 0 bytes, default 64
[    0.204222] Initialise system trusted keyrings
[    0.212219] workingset: timestamp_bits=14 max_order=17 bucket_order=3
[    0.213675] NFS: Registering the id_resolver key type
[    0.213734] Key type id_resolver registered
[    0.213741] Key type id_legacy registered
[    0.213858] jffs2: version 2.2. (NAND) (SUMMARY)  Â© 2001-2006 Red Hat, Inc.
[    0.214326] Key type asymmetric registered
[    0.214343] Asymmetric key parser 'x509' registered
[    0.214419] io scheduler mq-deadline registered
[    0.214429] io scheduler kyber registered
[    0.214517] io scheduler bfq registered
[    0.216361] target-module@4b000000:target-module@140000:pmu@0:fck: device ID is greater than 24
[    0.221743] ledtrig-cpu: registered to indicate activity on CPUs
[    0.225504] Serial: 8250/16550 driver, 6 ports, IRQ sharing enabled
[    0.278614] brd: module loaded
[    0.287506] loop: module loaded
[    0.288428] mtdoops: mtd device (mtddev=name/number) must be supplied
[    0.289973] mdio_bus fixed-0: using lookup tables for GPIO lookup
[    0.289996] mdio_bus fixed-0: No GPIO consumer reset found
[    0.291405] i2c_dev: i2c /dev entries driver
[    0.292584] cpuidle: enable-method property 'ti,am3352' found operations
[    0.293025] sdhci: Secure Digital Host Controller Interface driver
[    0.293035] sdhci: Copyright(c) Pierre Ossman
[    0.293218] sdhci-pltfm: SDHCI platform and OF driver helper
[    0.301892] hw perfevents: enabled with armv7_cortex_a8 PMU driver, 5 (8000000f) counters available
[    0.302449] Initializing XFRM netlink socket
[    0.302623] NET: Registered PF_INET6 protocol family
[    0.304624] Segment Routing with IPv6
[    0.304707] In-situ OAM (IOAM) with IPv6
[    0.304801] sit: IPv6, IPv4 and MPLS over IPv4 tunneling driver
[    0.305770] NET: Registered PF_PACKET protocol family
[    0.305798] NET: Registered PF_KEY protocol family
[    0.305924] Key type dns_resolver registered
[    0.306156] ThumbEE CPU extension supported.
[    0.306177] Registering SWP/SWPB emulation handler
[    0.306703] omap_voltage_late_init: Voltage driver support not added
[    0.307366] SmartReflex Class3 initialized
[    0.343438] Loading compiled-in X.509 certificates
[    0.380211] /ocp/interconnect@44c00000/segment@200000/target-module@b000/i2c@0/tda19988@70: Fixed dependency cycle(s) with /ocp/interconnect@48000000/segment@300000/target-module@e000/lcdc@0
[    0.386839] /ocp/interconnect@44c00000/segment@200000/target-module@b000/i2c@0/tda19988@70: Fixed dependency cycle(s) with /ocp/interconnect@48000000/segment@300000/target-module@e000/lcdc@0
[    0.392522] gpiochip_find_base_unlocked: found new base at 512
[    0.430149] /ocp/interconnect@44c00000/segment@200000/target-module@b000/i2c@0/tda19988@70: Fixed dependency cycle(s) with /ocp/interconnect@48000000/segment@300000/target-module@e000/lcdc@0
[    0.431048] /ocp/interconnect@44c00000/segment@200000/target-module@b000/i2c@0/tda19988@70: Fixed dependency cycle(s) with /ocp/interconnect@48000000/segment@300000/target-module@e000/lcdc@0
[    0.434852] /ocp/interconnect@44c00000/segment@200000/target-module@10000/scm@0/pinmux@800: Fixed dependency cycle(s) with /ocp/interconnect@44c00000/segment@200000/target-module@10000/scm@0/pinmux@800/clkout2-pins
[    0.435449] pinctrl-single 44e10800.pinmux: 142 pins, size 568
[    0.440729] ti-sysc 44e31000.target-module: probe with driver ti-sysc failed with error -16
[    0.479803] /ocp/interconnect@48000000/segment@300000/target-module@e000/lcdc@0: Fixed dependency cycle(s) with /ocp/interconnect@44c00000/segment@200000/target-module@b000/i2c@0/tda19988@70
[    0.488095] ti-sysc 48040000.target-module: probe with driver ti-sysc failed with error -16
[    0.499694] gpiochip_find_base_unlocked: found new base at 512
[    0.499808] gpio gpiochip0: (gpio-0-31): created GPIO range 0->7 ==> 44e10800.pinmux PIN 0->7
[    0.499828] gpio gpiochip0: (gpio-0-31): created GPIO range 8->11 ==> 44e10800.pinmux PIN 90->93
[    0.499844] gpio gpiochip0: (gpio-0-31): created GPIO range 12->27 ==> 44e10800.pinmux PIN 12->27
[    0.499860] gpio gpiochip0: (gpio-0-31): created GPIO range 28->31 ==> 44e10800.pinmux PIN 30->33
[    0.527228] gpio gpiochip0: (gpio-0-31): added GPIO chardev (254:0)
[    0.527481] gpio gpiochip0: registered GPIOs 512 to 543 on gpio-0-31
[    0.527570] OMAP GPIO hardware version 0.1
[    0.580102] i2c i2c-2: using DT '/ocp/interconnect@48000000/segment@100000/target-module@9c000/i2c@0' for 'scl' GPIO lookup
[    0.580175] of_get_named_gpiod_flags: can't parse 'scl-gpios' property of node '/ocp/interconnect@48000000/segment@100000/target-module@9c000/i2c@0[0]'
[    0.580215] of_get_named_gpiod_flags: can't parse 'scl-gpio' property of node '/ocp/interconnect@48000000/segment@100000/target-module@9c000/i2c@0[0]'
[    0.580251] i2c i2c-2: using lookup tables for GPIO lookup
[    0.580262] i2c i2c-2: No GPIO consumer scl found
[    0.580283] i2c i2c-2: using DT '/ocp/interconnect@48000000/segment@100000/target-module@9c000/i2c@0' for 'sda' GPIO lookup
[    0.580318] of_get_named_gpiod_flags: can't parse 'sda-gpios' property of node '/ocp/interconnect@48000000/segment@100000/target-module@9c000/i2c@0[0]'
[    0.580355] of_get_named_gpiod_flags: can't parse 'sda-gpio' property of node '/ocp/interconnect@48000000/segment@100000/target-module@9c000/i2c@0[0]'
[    0.580385] i2c i2c-2: using lookup tables for GPIO lookup
[    0.580393] i2c i2c-2: No GPIO consumer sda found
[    0.581109] omap_i2c 4819c000.i2c: bus 2 rev0.11 at 100 kHz
[    0.586836] gpiochip_find_base_unlocked: found new base at 544
[    0.586945] gpio gpiochip1: (gpio-32-63): created GPIO range 0->17 ==> 44e10800.pinmux PIN 34->51
[    0.586965] gpio gpiochip1: (gpio-32-63): created GPIO range 18->21 ==> 44e10800.pinmux PIN 77->80
[    0.586981] gpio gpiochip1: (gpio-32-63): created GPIO range 22->31 ==> 44e10800.pinmux PIN 56->65
[    0.587851] gpio gpiochip1: (gpio-32-63): added GPIO chardev (254:1)
[    0.588077] gpio gpiochip1: registered GPIOs 544 to 575 on gpio-32-63
[    0.590300] gpiochip_find_base_unlocked: found new base at 576
[    0.590389] gpio gpiochip2: (gpio-64-95): created GPIO range 0->4 ==> 44e10800.pinmux PIN 66->70
[    0.590410] gpio gpiochip2: (gpio-64-95): created GPIO range 5->6 ==> 44e10800.pinmux PIN 98->99
[    0.590425] gpio gpiochip2: (gpio-64-95): created GPIO range 7->8 ==> 44e10800.pinmux PIN 75->76
[    0.590440] gpio gpiochip2: (gpio-64-95): created GPIO range 13->13 ==> 44e10800.pinmux PIN 141->141
[    0.590457] gpio gpiochip2: (gpio-64-95): created GPIO range 14->21 ==> 44e10800.pinmux PIN 100->107
[    0.591081] gpio gpiochip2: (gpio-64-95): added GPIO chardev (254:2)
[    0.591290] gpio gpiochip2: registered GPIOs 576 to 607 on gpio-64-95
[    0.597102] 48000000.interconnect:segment@200000:target-module@0:mpu@0:fck: device ID is greater than 24
[    0.597992] /ocp/interconnect@48000000/segment@300000/target-module@e000/lcdc@0: Fixed dependency cycle(s) with /ocp/interconnect@44c00000/segment@200000/target-module@b000/i2c@0/tda19988@70
[    0.600808] /ocp/interconnect@48000000/segment@300000/target-module@e000/lcdc@0: Fixed dependency cycle(s) with /ocp/interconnect@44c00000/segment@200000/target-module@b000/i2c@0/tda19988@70
[    0.601691] /ocp/interconnect@44c00000/segment@200000/target-module@b000/i2c@0/tda19988@70: Fixed dependency cycle(s) with /ocp/interconnect@48000000/segment@300000/target-module@e000/lcdc@0
[    0.601884] /ocp/interconnect@48000000/segment@300000/target-module@e000/lcdc@0: Fixed dependency cycle(s) with /ocp/interconnect@44c00000/segment@200000/target-module@b000/i2c@0/tda19988@70
[    0.609317] sdhci-omap 481d8000.mmc: using DT '/ocp/interconnect@48000000/segment@100000/target-module@d8000/mmc@0' for 'wp' GPIO lookup
[    0.609389] of_get_named_gpiod_flags: can't parse 'wp-gpios' property of node '/ocp/interconnect@48000000/segment@100000/target-module@d8000/mmc@0[0]'
[    0.609434] of_get_named_gpiod_flags: can't parse 'wp-gpio' property of node '/ocp/interconnect@48000000/segment@100000/target-module@d8000/mmc@0[0]'
[    0.609470] sdhci-omap 481d8000.mmc: using lookup tables for GPIO lookup
[    0.609481] sdhci-omap 481d8000.mmc: No GPIO consumer wp found
[    0.609678] sdhci-omap 481d8000.mmc: supply pbias not found, using dummy regulator
[    0.610170] sdhci-omap 481d8000.mmc: supply vqmmc not found, using dummy regulator
[    0.627576] mdio_bus 4a101000.mdio: using DT '/ocp/interconnect@4a000000/segment@0/target-module@100000/switch@0/mdio@1000' for 'reset' GPIO lookup
[    0.627647] of_get_named_gpiod_flags: can't parse 'reset-gpios' property of node '/ocp/interconnect@4a000000/segment@0/target-module@100000/switch@0/mdio@1000[0]'
[    0.627694] of_get_named_gpiod_flags: can't parse 'reset-gpio' property of node '/ocp/interconnect@4a000000/segment@0/target-module@100000/switch@0/mdio@1000[0]'
[    0.627742] mdio_bus 4a101000.mdio: using lookup tables for GPIO lookup
[    0.627752] mdio_bus 4a101000.mdio: No GPIO consumer reset found
[    0.672201] davinci_mdio 4a101000.mdio: davinci mdio revision 1.6, bus freq 1000000
[    0.694128] mdio_bus 4a101000.mdio:00: using DT '/ocp/interconnect@4a000000/segment@0/target-module@100000/switch@0/mdio@1000/ethernet-phy@0' for 'reset' GPIO lookup
[    0.694227] of_get_named_gpiod_flags: parsed 'reset-gpios' property of node '/ocp/interconnect@4a000000/segment@0/target-module@100000/switch@0/mdio@1000/ethernet-phy@0[0]' - status (0)
[    0.694389] gpio gpiochip0: Persistence not supported for GPIO 8
[    0.830666] davinci_mdio 4a101000.mdio: phy[0]: device 4a101000.mdio:00, driver SMSC LAN8710/LAN8720
[    0.831451] cpsw-switch 4a100000.switch: initialized cpsw ale version 1.4
[    0.831473] cpsw-switch 4a100000.switch: ALE Table size 1024, Policers 0
[    0.831841] cpsw-switch 4a100000.switch: cpts: overflow check period 500 (jiffies)
[    0.831863] cpsw-switch 4a100000.switch: CPTS: ref_clk_freq:250000000 calc_mult:2147483648 calc_shift:29 error:0 nsec/sec
[    0.831971] cpsw-switch 4a100000.switch: Detected MACID = 6c:ec:eb:68:de:78
[    0.833854] cpsw-switch 4a100000.switch: initialized (regs 0x4a100000, pool size 256) hw_ver:0019010C 1.12 (0)
[    0.845010] debugfs: '49000000.dma' already exists in 'dmaengine'
[    0.845055] edma 49000000.dma: TI EDMA DMA engine driver
[    0.880507] gpio-clk clk_mcasp0: using DT '/clk_mcasp0' for 'enable' GPIO lookup
[    0.880583] of_get_named_gpiod_flags: parsed 'enable-gpios' property of node '/clk_mcasp0[0]' - status (0)
[    0.880627] gpio gpiochip0: Persistence not supported for GPIO 27
[    0.881377] gpiochip_find_base_unlocked: found new base at 608
[    0.881676] gpio gpiochip3: (gpio-96-127): created GPIO range 0->7 ==> 44e10800.pinmux PIN 82->89
[    0.881718] gpio gpiochip3: (gpio-96-127): created GPIO range 8->11 ==> 44e10800.pinmux PIN 52->55
[    0.881736] gpio gpiochip3: (gpio-96-127): created GPIO range 12->15 ==> 44e10800.pinmux PIN 94->97
[    0.881752] gpio gpiochip3: (gpio-96-127): created GPIO range 16->17 ==> 44e10800.pinmux PIN 71->72
[    0.881768] gpio gpiochip3: (gpio-96-127): created GPIO range 18->18 ==> 44e10800.pinmux PIN 135->135
[    0.881784] gpio gpiochip3: (gpio-96-127): created GPIO range 19->20 ==> 44e10800.pinmux PIN 108->109
[    0.881801] gpio gpiochip3: (gpio-96-127): created GPIO range 21->21 ==> 44e10800.pinmux PIN 73->73
[    0.881818] gpio gpiochip3: (gpio-96-127): created GPIO range 22->23 ==> 44e10800.pinmux PIN 8->9
[    0.881836] gpio gpiochip3: (gpio-96-127): created GPIO range 26->27 ==> 44e10800.pinmux PIN 10->11
[    0.881853] gpio gpiochip3: (gpio-96-127): created GPIO range 28->28 ==> 44e10800.pinmux PIN 74->74
[    0.881871] gpio gpiochip3: (gpio-96-127): created GPIO range 29->29 ==> 44e10800.pinmux PIN 81->81
[    0.881890] gpio gpiochip3: (gpio-96-127): created GPIO range 30->31 ==> 44e10800.pinmux PIN 28->29
[    0.882905] gpio gpiochip3: (gpio-96-127): added GPIO chardev (254:3)
[    0.883137] gpio gpiochip3: registered GPIOs 608 to 639 on gpio-96-127
[    0.898690] omap8250 44e09000.serial: using DT '/ocp/interconnect@44c00000/segment@200000/target-module@9000/serial@0' for 'rs485-term' GPIO lookup
[    0.898765] of_get_named_gpiod_flags: can't parse 'rs485-term-gpios' property of node '/ocp/interconnect@44c00000/segment@200000/target-module@9000/serial@0[0]'
[    0.898808] of_get_named_gpiod_flags: can't parse 'rs485-term-gpio' property of node '/ocp/interconnect@44c00000/segment@200000/target-module@9000/serial@0[0]'
[    0.898844] omap8250 44e09000.serial: using lookup tables for GPIO lookup
[    0.898854] omap8250 44e09000.serial: No GPIO consumer rs485-term found
[    0.898865] omap8250 44e09000.serial: using DT '/ocp/interconnect@44c00000/segment@200000/target-module@9000/serial@0' for 'rs485-rx-during-tx' GPIO lookup
[    0.898900] of_get_named_gpiod_flags: can't parse 'rs485-rx-during-tx-gpios' property of node '/ocp/interconnect@44c00000/segment@200000/target-module@9000/serial@0[0]'
[    0.898936] of_get_named_gpiod_flags: can't parse 'rs485-rx-during-tx-gpio' property of node '/ocp/interconnect@44c00000/segment@200000/target-module@9000/serial@0[0]'
[    0.898967] omap8250 44e09000.serial: using lookup tables for GPIO lookup
[    0.898976] omap8250 44e09000.serial: No GPIO consumer rs485-rx-during-tx found
[    0.899442] 44e09000.serial: ttyS0 at MMIO 0x44e09000 (irq = 34, base_baud = 3000000) is a 8250
[    0.899533] printk: legacy console [ttyS0] enabled
[    2.422687] i2c i2c-0: using DT '/ocp/interconnect@44c00000/segment@200000/target-module@b000/i2c@0' for 'scl' GPIO lookup
[    2.422778] of_get_named_gpiod_flags: can't parse 'scl-gpios' property of node '/ocp/interconnect@44c00000/segment@200000/target-module@b000/i2c@0[0]'
[    2.422824] of_get_named_gpiod_flags: can't parse 'scl-gpio' property of node '/ocp/interconnect@44c00000/segment@200000/target-module@b000/i2c@0[0]'
[    2.422865] i2c i2c-0: using lookup tables for GPIO lookup
[    2.422879] i2c i2c-0: No GPIO consumer scl found
[    2.422904] i2c i2c-0: using DT '/ocp/interconnect@44c00000/segment@200000/target-module@b000/i2c@0' for 'sda' GPIO lookup
[    2.422944] of_get_named_gpiod_flags: can't parse 'sda-gpios' property of node '/ocp/interconnect@44c00000/segment@200000/target-module@b000/i2c@0[0]'
[    2.422984] of_get_named_gpiod_flags: can't parse 'sda-gpio' property of node '/ocp/interconnect@44c00000/segment@200000/target-module@b000/i2c@0[0]'
[    2.423019] i2c i2c-0: using lookup tables for GPIO lookup
[    2.423031] i2c i2c-0: No GPIO consumer sda found
[    2.442503] tps65217-pmic: Failed to locate of_node [id: -1]
[    2.448564] tps65217-bl: Failed to locate of_node [id: -1]
[    2.455961] platform tps65217-charger: DMA mask not set
[    2.463006] platform tps65217-pwrbutton: DMA mask not set
[    2.470817] tps65217 0-0024: TPS65217 ID 0xe version 1.2
[    2.476911] /ocp/interconnect@48000000/segment@300000/target-module@e000/lcdc@0: Fixed dependency cycle(s) with /ocp/interconnect@44c00000/segment@200000/target-module@b000/i2c@0/tda19988@70
[    2.494328] /ocp/interconnect@44c00000/segment@200000/target-module@b000/i2c@0/tda19988@70: Fixed dependency cycle(s) with /ocp/interconnect@48000000/segment@300000/target-module@e000/lcdc@0
[    2.511740] omap_i2c 44e0b000.i2c: bus 0 rev0.11 at 400 kHz
[    2.519505] sdhci-omap 48060000.mmc: using DT '/ocp/interconnect@48000000/segment@0/target-module@60000/mmc@0' for 'cd' GPIO lookup
[    2.519612] of_get_named_gpiod_flags: parsed 'cd-gpios' property of node '/ocp/interconnect@48000000/segment@0/target-module@60000/mmc@0[0]' - status (0)
[    2.519678] gpio gpiochip3: Persistence not supported for GPIO 6
[    2.519703] omap_gpio 44e07000.gpio: Could not set line 6 debounce to 200000 microseconds (-22)
[    2.528584] sdhci-omap 48060000.mmc: Got CD GPIO
[    2.533266] sdhci-omap 48060000.mmc: using DT '/ocp/interconnect@48000000/segment@0/target-module@60000/mmc@0' for 'wp' GPIO lookup
[    2.533315] of_get_named_gpiod_flags: can't parse 'wp-gpios' property of node '/ocp/interconnect@48000000/segment@0/target-module@60000/mmc@0[0]'
[    2.533358] of_get_named_gpiod_flags: can't parse 'wp-gpio' property of node '/ocp/interconnect@48000000/segment@0/target-module@60000/mmc@0[0]'
[    2.533397] sdhci-omap 48060000.mmc: using lookup tables for GPIO lookup
[    2.533411] sdhci-omap 48060000.mmc: No GPIO consumer wp found
[    2.533618] sdhci-omap 48060000.mmc: supply pbias not found, using dummy regulator
[    2.542393] sdhci-omap 481d8000.mmc: using DT '/ocp/interconnect@48000000/segment@100000/target-module@d8000/mmc@0' for 'wp' GPIO lookup
[    2.542466] of_get_named_gpiod_flags: can't parse 'wp-gpios' property of node '/ocp/interconnect@48000000/segment@100000/target-module@d8000/mmc@0[0]'
[    2.542514] of_get_named_gpiod_flags: can't parse 'wp-gpio' property of node '/ocp/interconnect@48000000/segment@100000/target-module@d8000/mmc@0[0]'
[    2.542553] sdhci-omap 481d8000.mmc: using lookup tables for GPIO lookup
[    2.542567] sdhci-omap 481d8000.mmc: No GPIO consumer wp found
[    2.543573] sdhci-omap 48060000.mmc: supply vqmmc not found, using dummy regulator
[    2.552377] sdhci-omap 481d8000.mmc: supply pbias not found, using dummy regulator
[    2.560707] sdhci-omap 481d8000.mmc: supply vqmmc not found, using dummy regulator
[    2.598826] mmc1: SDHCI controller on 481d8000.mmc [481d8000.mmc] using External DMA
[    2.607865] mmc0: SDHCI controller on 48060000.mmc [48060000.mmc] using External DMA
[    2.616786] cpsw-switch 4a100000.switch: starting ndev. mode: dual_mac
[    2.681772] mmc1: new high speed MMC card at address 0001
[    2.688591] mmcblk1: mmc1:0001 MMC04G 3.60 GiB
[    2.696534]  mmcblk1: p1 p2
[    2.700875] mmcblk1boot0: mmc1:0001 MMC04G 2.00 MiB
[    2.707428] SMSC LAN8710/LAN8720 4a101000.mdio:00: attached PHY driver (mii_bus:phy_addr=4a101000.mdio:00, irq=POLL)
[    2.726072] mmcblk1boot1: mmc1:0001 MMC04G 2.00 MiB
[    2.735014] mmcblk1rpmb: mmc1:0001 MMC04G 128 KiB, chardev (249:0)
[    2.785034] mmc0: new high speed SDHC card at address aaaa
[    2.791971] mmcblk0: mmc0:aaaa SE32G 29.7 GiB
[    2.801050]  mmcblk0: p1 p2
[    5.842308] cpsw-switch 4a100000.switch eth0: Link is Up - 100Mbps/Full - flow control off
[    5.881759] IP-Config: Complete:
[    5.885035]      device=eth0, hwaddr=6c:ec:eb:68:de:78, ipaddr=192.168.255.1, mask=255.255.255.0, gw=255.255.255.255
[    5.895709]      host=bbb1, domain=, nis-domain=(none)
[    5.900877]      bootserver=192.168.255.126, rootserver=192.168.255.126, rootpath=
[    5.901322] clk: Disabling unused clocks
[    5.913171] PM: genpd: Disabling unused power domains
[    5.918322] KTAP version 1
[    5.921047] 1..0
[    5.923551] check access for rdinit=/init failed: -2, ignoring
[    5.951950] VFS: Mounted root (nfs filesystem) on device 0:17.
[    5.958759] devtmpfs: mounted
[    5.963553] Freeing unused kernel image (initmem) memory: 1024K
[    5.970154] Run /sbin/init as init process
[    5.974387]   with arguments:
[    5.974403]     /sbin/init
[    5.974414]     nfsrootdebug
[    5.974423]   with environment:
[    5.974431]     HOME=/
[    5.974440]     TERM=linux
[    6.646593] systemd[1]: System time before build time, advancing clock.
[    8.201548] random: crng init done
[    8.224294] systemd[1]: systemd 232 running in system mode. (+PAM +AUDIT +SELINUX +IMA +APPARMOR +SMACK +SYSVINIT +UTMP +LIBCRYPTSETUP +GCRYPT +GNUTLS +ACL +XZ +LZ4 +SECCOMP +BLKID +ELFUTILS +KMOD +IDN)
[    8.243390] systemd[1]: Detected architecture arm.
[    8.274697] systemd[1]: Set hostname to <arm>.
[    9.374421] systemd[1]: syslog.socket: SO_PASSSEC failed: Operation not supported
[    9.382471] systemd[1]: Listening on Syslog Socket.
[    9.403503] systemd[1]: Listening on udev Control Socket.
[    9.432152] systemd[1]: systemd-journald-dev-log.socket: SO_PASSSEC failed: Operation not supported
[    9.441769] systemd[1]: Listening on Journal Socket (/dev/log).
[    9.473581] systemd[1]: Listening on /dev/initctl Compatibility Named Pipe.
[    9.501929] systemd[1]: Reached target Remote File Systems.
[   11.808475] systemd-journald[89]: Received request to flush runtime journal from PID 1
[   12.646001] omap_prm 44e00d00.prm: sync_state() pending due to 44d00000.cpu
[   14.703856] leds-gpio leds: using DT '/leds/led2' for '(default)' GPIO lookup
[   14.703961] of_get_named_gpiod_flags: parsed 'gpios' property of node '/leds/led2[0]' - status (0)
[   14.704020] gpio gpiochip0: Persistence not supported for GPIO 21
[   14.704036] gpio-533 (?): no flags found for GPIO (default)
[   14.751865] leds-gpio leds: using DT '/leds/led3' for '(default)' GPIO lookup
[   14.751969] of_get_named_gpiod_flags: parsed 'gpios' property of node '/leds/led3[0]' - status (0)
[   14.752026] gpio gpiochip0: Persistence not supported for GPIO 22
[   14.752041] gpio-534 (?): no flags found for GPIO (default)
[   14.772999] leds-gpio leds: using DT '/leds/led4' for '(default)' GPIO lookup
[   14.773110] of_get_named_gpiod_flags: parsed 'gpios' property of node '/leds/led4[0]' - status (0)
[   14.773165] gpio gpiochip0: Persistence not supported for GPIO 23
[   14.773180] gpio-535 (?): no flags found for GPIO (default)
[   14.842015] leds-gpio leds: using DT '/leds/led5' for '(default)' GPIO lookup
[   14.842110] of_get_named_gpiod_flags: parsed 'gpios' property of node '/leds/led5[0]' - status (0)
[   14.842164] gpio gpiochip0: Persistence not supported for GPIO 24
[   14.842178] gpio-536 (?): no flags found for GPIO (default)
[   15.053530] remoteproc remoteproc0: wkup_m3 is available
[   15.439140] omap_rtc 44e3e000.rtc: registered as rtc0
[   15.444620] omap_rtc 44e3e000.rtc: setting system clock to 2000-01-01T00:00:00 UTC (946684800)
[   15.453384] omap_rtc 44e3e000.rtc: using DT '/ocp/interconnect@44c00000/segment@200000/target-module@3e000/rtc@0' for 'wp' GPIO lookup
[   15.453456] of_get_named_gpiod_flags: can't parse 'wp-gpios' property of node '/ocp/interconnect@44c00000/segment@200000/target-module@3e000/rtc@0[0]'
[   15.453505] of_get_named_gpiod_flags: can't parse 'wp-gpio' property of node '/ocp/interconnect@44c00000/segment@200000/target-module@3e000/rtc@0[0]'
[   15.453545] omap_rtc 44e3e000.rtc: using lookup tables for GPIO lookup
[   15.453560] omap_rtc 44e3e000.rtc: No GPIO consumer wp found
[   15.529195] at24 2-0054: supply vcc not found, using dummy regulator
[   15.548641] omap_wdt: OMAP Watchdog Timer Rev 0x01: initial timeout 60 sec
[   15.688990] am335x-phy-driver 47401300.usb-phy: using DT '/ocp/target-module@47400000/usb-phy@1300' for 'reset' GPIO lookup
[   15.689086] of_get_named_gpiod_flags: can't parse 'reset-gpios' property of node '/ocp/target-module@47400000/usb-phy@1300[0]'
[   15.689128] of_get_named_gpiod_flags: can't parse 'reset-gpio' property of node '/ocp/target-module@47400000/usb-phy@1300[0]'
[   15.689167] am335x-phy-driver 47401300.usb-phy: using lookup tables for GPIO lookup
[   15.689183] am335x-phy-driver 47401300.usb-phy: No GPIO consumer reset found
[   15.689198] am335x-phy-driver 47401300.usb-phy: using DT '/ocp/target-module@47400000/usb-phy@1300' for 'vbus-detect' GPIO lookup
[   15.689229] of_get_named_gpiod_flags: can't parse 'vbus-detect-gpios' property of node '/ocp/target-module@47400000/usb-phy@1300[0]'
[   15.689260] of_get_named_gpiod_flags: can't parse 'vbus-detect-gpio' property of node '/ocp/target-module@47400000/usb-phy@1300[0]'
[   15.689286] am335x-phy-driver 47401300.usb-phy: using lookup tables for GPIO lookup
[   15.689298] am335x-phy-driver 47401300.usb-phy: No GPIO consumer vbus-detect found
[   15.689446] am335x-phy-driver 47401300.usb-phy: dummy supplies not allowed for exclusive requests (id=vbus)
[   15.835664] at24 2-0055: supply vcc not found, using dummy regulator
[   15.903159] am335x-phy-driver 47401b00.usb-phy: using DT '/ocp/target-module@47400000/usb-phy@1b00' for 'reset' GPIO lookup
[   15.903252] of_get_named_gpiod_flags: can't parse 'reset-gpios' property of node '/ocp/target-module@47400000/usb-phy@1b00[0]'
[   15.903293] of_get_named_gpiod_flags: can't parse 'reset-gpio' property of node '/ocp/target-module@47400000/usb-phy@1b00[0]'
[   15.903333] am335x-phy-driver 47401b00.usb-phy: using lookup tables for GPIO lookup
[   15.903348] am335x-phy-driver 47401b00.usb-phy: No GPIO consumer reset found
[   15.903362] am335x-phy-driver 47401b00.usb-phy: using DT '/ocp/target-module@47400000/usb-phy@1b00' for 'vbus-detect' GPIO lookup
[   15.903394] of_get_named_gpiod_flags: can't parse 'vbus-detect-gpios' property of node '/ocp/target-module@47400000/usb-phy@1b00[0]'
[   15.903425] of_get_named_gpiod_flags: can't parse 'vbus-detect-gpio' property of node '/ocp/target-module@47400000/usb-phy@1b00[0]'
[   15.903451] am335x-phy-driver 47401b00.usb-phy: using lookup tables for GPIO lookup
[   15.903463] am335x-phy-driver 47401b00.usb-phy: No GPIO consumer vbus-detect found
[   15.903612] am335x-phy-driver 47401b00.usb-phy: dummy supplies not allowed for exclusive requests (id=vbus)
[   15.976586] at24 2-0056: supply vcc not found, using dummy regulator
[   16.129068] at24 2-0057: supply vcc not found, using dummy regulator
[   16.155285] input: tps65217_pwrbutton as /devices/platform/ocp/44c00000.interconnect/44c00000.interconnect:segment@200000/44e0b000.target-module/44e0b000.i2c/i2c-0/0-0024/tps65217-pwrbutton/input/input0
[   16.297306] at24 0-0050: using DT '/ocp/interconnect@44c00000/segment@200000/target-module@b000/i2c@0/eeprom@50' for 'wp' GPIO lookup
[   16.297417] of_get_named_gpiod_flags: can't parse 'wp-gpios' property of node '/ocp/interconnect@44c00000/segment@200000/target-module@b000/i2c@0/eeprom@50[0]'
[   16.297473] of_get_named_gpiod_flags: can't parse 'wp-gpio' property of node '/ocp/interconnect@44c00000/segment@200000/target-module@b000/i2c@0/eeprom@50[0]'
[   16.297520] at24 0-0050: using lookup tables for GPIO lookup
[   16.297535] at24 0-0050: No GPIO consumer wp found
[   16.297840] at24 0-0050: 32768 byte 24c256 EEPROM, writable, 1 bytes/write
[   17.627379] usbcore: registered new interface driver usbfs
[   17.633204] usbcore: registered new interface driver hub
[   17.638652] usbcore: registered new device driver usb
[   18.697136] musb-hdrc musb-hdrc.1: MUSB HDRC host driver
[   18.702710] musb-hdrc musb-hdrc.1: new USB bus registered, assigned bus number 1
[   18.832450] tda998x 0-0070: found TDA19988
[   18.892872] usb usb1: New USB device found, idVendor=1d6b, idProduct=0002, bcdDevice= 6.18
[   18.901235] usb usb1: New USB device strings: Mfr=3, Product=2, SerialNumber=1
[   18.908650] usb usb1: Product: MUSB HDRC host driver
[   18.913700] usb usb1: Manufacturer: Linux 6.18.0-rc4 musb-hcd
[   18.919479] usb usb1: SerialNumber: musb-hdrc.1
[   19.001965] omap-mailbox 480c8000.mailbox: omap mailbox rev 0x400
[   19.108552] remoteproc remoteproc0: powering up wkup_m3
[   19.247312] remoteproc remoteproc0: Direct firmware load for am335x-pm-firmware.elf failed with error -2
[   19.257155] remoteproc remoteproc0: request_firmware failed: -2
[   19.263242] wkup_m3_ipc 44e11324.wkup_m3_ipc: rproc_boot failed
[   19.388075] hub 1-0:1.0: USB hub found
[   19.453695] hub 1-0:1.0: 1 port detected
[   20.903003] omap_rng 48310000.rng: Random Number Generator ver. 20
[   21.179867] tilcdc 4830e000.lcdc: bound 0-0070 (ops tda998x_audio_codec_init [tda998x])
[   21.329105] [drm] Initialized tilcdc 1.0.0 for 4830e000.lcdc on minor 0
[   21.422215] tilcdc 4830e000.lcdc: [drm] Cannot find any crtc or sizes
[   21.433621] tilcdc 4830e000.lcdc: [drm] Cannot find any crtc or sizes
[   21.675319] ------------[ cut here ]------------
[   21.680015] WARNING: CPU: 0 PID: 203 at net/8021q/vlan_core.c:236 vlan_for_each+0x114/0x134
[   21.688569] RTNL: assertion failed at net/8021q/vlan_core.c (236)
[   21.694748] Modules linked in: tilcdc drm_dma_helper omap_rng drm_client_lib rng_core snd_soc_davinci_mcasp snd_soc_ti_udma snd_soc_ti_edma snd_soc_ti_sdma snd_soc_core snd_pcm_dmaengine snd_pcm omap_mailbox snd_timer tda998x snd musb_dsps cec soundcore musb_hdrc drm_kms_helper udc_core usbcore drm wkup_m3_ipc drm_panel_orientation_quirks tps65218_pwrbutton phy_am335x phy_am335x_control at24 omap_wdt phy_generic watchdog rtc_omap usb_common cppi41 wkup_m3_rproc leds_gpio led_class cpufreq_dt autofs4
[   21.739532] CPU: 0 UID: 107 PID: 203 Comm: avahi-daemon Not tainted 6.18.0-rc4 #1 NONE 
[   21.739551] Hardware name: Generic AM33XX (Flattened Device Tree)
[   21.739560] Call trace: 
[   21.739575]  unwind_backtrace from show_stack+0x10/0x14
[   21.739614]  show_stack from dump_stack_lvl+0x50/0x64
[   21.739640]  dump_stack_lvl from __warn+0x74/0x12c
[   21.739660]  __warn from warn_slowpath_fmt+0x19c/0x1b0
[   21.739673]  warn_slowpath_fmt from vlan_for_each+0x114/0x134
[   21.739695]  vlan_for_each from cpsw_add_mc_addr+0x40/0xa4
[   21.739722]  cpsw_add_mc_addr from __hw_addr_ref_sync_dev+0x108/0x140
[   21.739752]  __hw_addr_ref_sync_dev from __dev_mc_add+0x7c/0x80
[   21.739774]  __dev_mc_add from igmp6_group_added+0xc8/0xe0
[   21.739804]  igmp6_group_added from __ipv6_dev_mc_inc+0x218/0x364
[   21.739823]  __ipv6_dev_mc_inc from __ipv6_sock_mc_join+0x11c/0x1c0
[   21.739841]  __ipv6_sock_mc_join from do_ipv6_setsockopt+0x1214/0x1310
[   21.739874]  do_ipv6_setsockopt from ipv6_setsockopt+0x60/0xcc
[   21.739896]  ipv6_setsockopt from udpv6_setsockopt+0x2c/0x6c
[   21.739915]  udpv6_setsockopt from sock_common_setsockopt+0x30/0x40
[   21.739944]  sock_common_setsockopt from do_sock_setsockopt+0x50/0x9c
[   21.739966]  do_sock_setsockopt from __sys_setsockopt+0x70/0xbc
[   21.739986]  __sys_setsockopt from ret_fast_syscall+0x0/0x58
[   21.740003] Exception stack(0xe0165fa8 to 0xe0165ff0)
[   21.740017] 5fa0:                   00000014 b6fcdce8 0000000d 00000029 00000014 beb8b9ec
[   21.740028] 5fc0: 00000014 b6fcdce8 00000014 00000126 0000000d b6f76ff4 0052e988 00516558
[   21.740037] 5fe0: b6f8c088 beb8b9d8 b6f69309 b6e4041a
[   21.740045] ---[ end trace 0000000000000000 ]---
[   23.095976] omap-sham 53100000.sham: hw accel on OMAP rev 4.3
[   23.201947] omap-sham 53100000.sham: will run requests pump with realtime priority
[   23.287637] PM: Cannot get wkup_m3_ipc handle
[   23.507058] omap-aes 53500000.aes: OMAP AES hw accel rev: 3.2
[   23.593857] omap-aes 53500000.aes: will run requests pump with realtime priority
[   23.602552] PM: Cannot get wkup_m3_ipc handle
[   24.680016] Bluetooth: Core ver 2.22
[   24.684996] NET: Registered PF_BLUETOOTH protocol family
[   24.690535] Bluetooth: HCI device and connection manager initialized
[   24.697066] Bluetooth: HCI socket layer initialized
[   24.702016] Bluetooth: L2CAP socket layer initialized
[   24.707129] Bluetooth: SCO socket layer initialized
[   26.964783] tda998x 0-0070: using DT '/ocp/interconnect@44c00000/segment@200000/target-module@b000/i2c@0/tda19988@70' for 'nxp,calib' GPIO lookup
[   26.964924] of_get_named_gpiod_flags: parsed 'nxp,calib-gpios' property of node '/ocp/interconnect@44c00000/segment@200000/target-module@b000/i2c@0/tda19988@70[0]' - status (0)
[   26.965137] gpio gpiochip0: Persistence not supported for GPIO 25
[   26.965155] gpio-537 (nxp,calib): no flags found for GPIO nxp,calib
[   26.980880] gpio-537 (nxp,calib): gpiod_direction_output_nonotify: tried to set a GPIO tied to an IRQ as output
[   27.094805] PM: Cannot get wkup_m3_ipc handle
[   27.100625] asoc-simple-card sound: using DT '/sound' for 'simple-audio-card,hp-det' GPIO lookup
[   27.100692] of_get_named_gpiod_flags: can't parse 'simple-audio-card,hp-det-gpios' property of node '/sound[0]'
[   27.100727] of_get_named_gpiod_flags: can't parse 'simple-audio-card,hp-det-gpio' property of node '/sound[0]'
[   27.100753] asoc-simple-card sound: using lookup tables for GPIO lookup
[   27.100767] asoc-simple-card sound: No GPIO consumer simple-audio-card,hp-det found
[   27.100783] asoc-simple-card sound: using DT '/sound' for 'simple-audio-card,mic-det' GPIO lookup
[   27.100807] of_get_named_gpiod_flags: can't parse 'simple-audio-card,mic-det-gpios' property of node '/sound[0]'
[   27.100832] of_get_named_gpiod_flags: can't parse 'simple-audio-card,mic-det-gpio' property of node '/sound[0]'
[   27.100852] asoc-simple-card sound: using lookup tables for GPIO lookup
[   27.100864] asoc-simple-card sound: No GPIO consumer simple-audio-card,mic-det found
[   27.235307] PM: Cannot get wkup_m3_ipc handle
[   27.305902] tda9950 0-0034: TDA9950 CEC interface, hardware version 3.3
[   27.428984] PM: Cannot get wkup_m3_ipc handle
[   28.929585] userial_init: registered 8 ttyGS* devices
[   29.220111] rndis_register: configNr = 0
[   29.343259] udc musb-hdrc.0: binding gadget driver [g_multi]
[   29.343355] configfs-gadget.g_multi gadget.0: adding 'rndis'/e3229e0e to config 'c'/8a9ba0b4
[   29.344566] configfs-gadget.g_multi gadget.0: HOST MAC 1c:ba:8c:a2:ed:6c
[   29.351346] configfs-gadget.g_multi gadget.0: MAC 1c:ba:8c:a2:ed:70
[   29.357915] rndis_set_param_medium: 0 0
[   29.357943] configfs-gadget.g_multi gadget.0: RNDIS: IN/ep1in OUT/ep1out NOTIFY/ep2in
[   29.357962] configfs-gadget.g_multi gadget.0: adding 'cdc_ethernet'/86e39482 to config 'c'/8a9ba0b4
[   29.358857] configfs-gadget.g_multi gadget.0: HOST MAC 1c:ba:8c:a2:ed:6c
[   29.365756] configfs-gadget.g_multi gadget.0: MAC 1c:ba:8c:a2:ed:6d
[   29.372155] configfs-gadget.g_multi gadget.0: CDC Ethernet: IN/ep3in OUT/ep2out NOTIFY/ep4in
[   29.372176] configfs-gadget.g_multi gadget.0: adding 'acm'/e7adb813 to config 'c'/8a9ba0b4
[   29.372222] configfs-gadget.g_multi gadget.0: acm ttyGS0: IN/ep5in OUT/ep3out NOTIFY/ep6in
[   29.378720] PM: Cannot get wkup_m3_ipc handle
[   30.609992] configfs-gadget.g_multi gadget.0: eth_open
[   35.594783] gs_open: ttyGS0 (9ce74a0e,a47d905d)
[   35.594917] gs_close: ttyGS0 (9ce74a0e,a47d905d) ...
[   35.594938] gs_close: ttyGS0 (9ce74a0e,a47d905d) done!
[   35.601750] gs_open: ttyGS0 (681762c9,7306a502)
[   35.602990] gs_close: ttyGS0 (681762c9,7306a502) ...
[   35.603037] gs_close: ttyGS0 (681762c9,7306a502) done!
[   35.777505] gs_open: ttyGS0 (681762c9,eef5136d)
[   35.777750] gs_close: ttyGS0 (681762c9,eef5136d) ...
[   35.777778] gs_close: ttyGS0 (681762c9,eef5136d) done!
[   35.778708] gs_open: ttyGS0 (681762c9,eef5136d)
SZVQPBVZJF 0
root@arm:~# echo 'JZAV''TYUKQT'
JZAVTYUKQT
root@arm:~# MARKER='BYKH''EJYZQP' run 'modprobe test_linear_ranges'
BYKHEJYZQPBYKHEJYZQP 0
root@arm:~# echo 'ZKMF''KHYESC'
ZKMFKHYESC
root@arm:~# MARKER='GJMH''SEENJB' run dmesg
GJMHSEENJB[    0.000000] Booting Linux on physical CPU 0x0
[    0.000000] Linux version 6.18.0-rc4 (user01@drvtest01) (arm-none-eabi-gcc (Arm GNU Toolchain 14.2.Rel1 (Build arm-14.52)) 14.2.1 20241119, GNU ld (Arm GNU Toolchain 14.2.Rel1 (Build arm-14.52)) 2.43.1.20241119) #1 SMP Sun Nov  2 22:24:42 EET 2025
[    0.000000] CPU: ARMv7 Processor [413fc082] revision 2 (ARMv7), cr=10c5387d
[    0.000000] CPU: PIPT / VIPT nonaliasing data cache, VIPT aliasing instruction cache
[    0.000000] OF: fdt: Machine model: TI AM335x BeagleBone Black
[    0.000000] Memory policy: Data cache writeback
[    0.000000] cma: Reserved 16 MiB at 0x9e800000
[    0.000000] Zone ranges:
[    0.000000]   Normal   [mem 0x0000000080000000-0x000000009fdfffff]
[    0.000000]   HighMem  empty
[    0.000000] Movable zone start for each node
[    0.000000] Early memory node ranges
[    0.000000]   node   0: [mem 0x0000000080000000-0x000000009fdfffff]
[    0.000000] Initmem setup node 0 [mem 0x0000000080000000-0x000000009fdfffff]
[    0.000000] On node 0, zone Normal: 512 pages in unavailable ranges
[    0.000000] OF: reserved mem: Reserved memory: No reserved-memory node in the DT
[    0.000000] CPU: All CPU(s) started in SVC mode.
[    0.000000] AM335X ES2.1 (sgx neon)
[    0.000000] percpu: Embedded 17 pages/cpu s39884 r8192 d21556 u69632
[    0.000000] pcpu-alloc: s39884 r8192 d21556 u69632 alloc=17*4096
[    0.000000] pcpu-alloc: [0] 0 
[    0.000000] Kernel command line: console=ttyO0,115200n8 root=/dev/nfs rw nfsroot=192.168.255.126:/home/user01/nfs,nfsvers=3 ip=192.168.255.1:192.168.255.126::255.255.255.0:bbb1:eth0 nfsrootdebug
[    0.000000] Unknown kernel command line parameters "nfsrootdebug", will be passed to user space.
[    0.000000] printk: log buffer data + meta data: 65536 + 204800 = 270336 bytes
[    0.000000] Dentry cache hash table entries: 65536 (order: 6, 262144 bytes, linear)
[    0.000000] Inode-cache hash table entries: 32768 (order: 5, 131072 bytes, linear)
[    0.000000] Built 1 zonelists, mobility grouping on.  Total pages: 130560
[    0.000000] mem auto-init: stack:off, heap alloc:off, heap free:off
[    0.000000] SLUB: HWalign=16, Order=0-3, MinObjects=0, CPUs=1, Nodes=1
[    0.000000] rcu: Hierarchical RCU implementation.
[    0.000000] rcu: 	RCU event tracing is enabled.
[    0.000000] rcu: 	RCU restricting CPUs from NR_CPUS=2 to nr_cpu_ids=1.
[    0.000000] 	Tracing variant of Tasks RCU enabled.
[    0.000000] rcu: RCU calculated value of scheduler-enlistment delay is 10 jiffies.
[    0.000000] rcu: Adjusting geometry for rcu_fanout_leaf=16, nr_cpu_ids=1
[    0.000000] RCU Tasks Trace: Setting shift to 0 and lim to 1 rcu_task_cb_adjust=1 rcu_task_cpu_ids=1.
[    0.000000] NR_IRQS: 16, nr_irqs: 16, preallocated irqs: 16
[    0.000000] IRQ: Found an INTC at 0x(ptrval) (revision 5.0) with 128 interrupts
[    0.000000] rcu: srcu_init: Setting srcu_struct sizes based on contention.
[    0.000000] TI gptimer clocksource: always-on /ocp/interconnect@44c00000/segment@200000/target-module@31000
[    0.000003] sched_clock: 32 bits at 24MHz, resolution 41ns, wraps every 89478484971ns
[    0.000027] clocksource: dmtimer: mask: 0xffffffff max_cycles: 0xffffffff, max_idle_ns: 79635851949 ns
[    0.000494] TI gptimer clockevent: 24000000 Hz at /ocp/interconnect@48000000/segment@0/target-module@40000
[    0.002055] Console: colour dummy device 80x30
[    0.002120] WARNING: Your 'console=ttyO0' has been replaced by 'ttyS0'
[    0.002128] This ensures that you still see kernel messages. Please
[    0.002133] update your kernel commandline.
[    0.002176] Calibrating delay loop... 996.14 BogoMIPS (lpj=4980736)
[    0.090609] CPU: Testing write buffer coherency: ok
[    0.090693] CPU0: Spectre v2: using BPIALL workaround
[    0.090702] pid_max: default: 32768 minimum: 301
[    0.090884] LSM: initializing lsm=capability
[    0.091044] Mount-cache hash table entries: 1024 (order: 0, 4096 bytes, linear)
[    0.091063] Mountpoint-cache hash table entries: 1024 (order: 0, 4096 bytes, linear)
[    0.092653] CPU0: thread -1, cpu 0, socket -1, mpidr 0
[    0.092713] cacheinfo: Unable to detect cache hierarchy for CPU 0
[    0.094723] Setting up static identity map for 0x80100000 - 0x80100078
[    0.095038] rcu: Hierarchical SRCU implementation.
[    0.095047] rcu: 	Max phase no-delay instances is 1000.
[    0.096742] smp: Bringing up secondary CPUs ...
[    0.096797] smp: Brought up 1 node, 1 CPU
[    0.096809] SMP: Total of 1 processors activated (996.14 BogoMIPS).
[    0.096819] CPU: All CPU(s) started in SVC mode.
[    0.097025] Memory: 480864K/522240K available (11264K kernel code, 1226K rwdata, 2956K rodata, 1024K init, 256K bss, 23336K reserved, 16384K cma-reserved, 0K highmem)
[    0.097832] devtmpfs: initialized
[    0.115268] VFP support v0.3: implementor 41 architecture 3 part 30 variant c rev 3
[    0.115921] clocksource: jiffies: mask: 0xffffffff max_cycles: 0xffffffff, max_idle_ns: 19112604462750000 ns
[    0.115976] posixtimers hash table entries: 512 (order: 0, 4096 bytes, linear)
[    0.116004] futex hash table entries: 256 (16384 bytes on 1 NUMA nodes, total 16 KiB, linear).
[    0.117143] pinctrl core: initialized pinctrl subsystem
[    0.119218] NET: Registered PF_NETLINK/PF_ROUTE protocol family
[    0.122303] DMA: preallocated 256 KiB pool for atomic coherent allocations
[    0.122906] audit: initializing netlink subsys (disabled)
[    0.124223] thermal_sys: Registered thermal governor 'fair_share'
[    0.124237] thermal_sys: Registered thermal governor 'step_wise'
[    0.124246] thermal_sys: Registered thermal governor 'user_space'
[    0.124357] audit: type=2000 audit(0.120:1): state=initialized audit_enabled=0 res=1
[    0.124429] cpuidle: using governor menu
[    0.142445] /ocp/interconnect@44c00000/segment@200000/target-module@b000/i2c@0/tda19988@70: Fixed dependency cycle(s) with /ocp/interconnect@48000000/segment@300000/target-module@e000/lcdc@0
[    0.143557] /ocp/interconnect@48000000/segment@300000/target-module@e000/lcdc@0: Fixed dependency cycle(s) with /ocp/interconnect@44c00000/segment@200000/target-module@b000/i2c@0/tda19988@70
[    0.145776] No ATAGs?
[    0.145814] hw-breakpoint: debug architecture 0x4 unsupported.
[    0.148879] kprobes: kprobe jump-optimization is enabled. All kprobes are optimized if possible.
[    0.153939] iommu: Default domain type: Translated
[    0.153963] iommu: DMA domain TLB invalidation policy: strict mode
[    0.155496] reg-fixed-voltage fixedregulator0: using DT '/fixedregulator0' for '(default)' GPIO lookup
[    0.155550] of_get_named_gpiod_flags: can't parse 'gpios' property of node '/fixedregulator0[0]'
[    0.155578] of_get_named_gpiod_flags: can't parse 'gpio' property of node '/fixedregulator0[0]'
[    0.155596] reg-fixed-voltage fixedregulator0: using lookup tables for GPIO lookup
[    0.155607] reg-fixed-voltage fixedregulator0: No GPIO consumer (default) found
[    0.161380] SCSI subsystem initialized
[    0.161845] libata version 3.00 loaded.
[    0.162230] pps_core: LinuxPPS API ver. 1 registered
[    0.162240] pps_core: Software ver. 5.3.6 - Copyright 2005-2007 Rodolfo Giometti <giometti@linux.it>
[    0.162264] PTP clock support registered
[    0.171154] vgaarb: loaded
[    0.171523] clocksource: Switched to clocksource dmtimer
[    0.172198] VFS: Disk quotas dquot_6.6.0
[    0.172260] VFS: Dquot-cache hash table entries: 1024 (order 0, 4096 bytes)
[    0.196864] NET: Registered PF_INET protocol family
[    0.197203] IP idents hash table entries: 8192 (order: 4, 65536 bytes, linear)
[    0.198632] tcp_listen_portaddr_hash hash table entries: 512 (order: 0, 4096 bytes, linear)
[    0.198669] Table-perturb hash table entries: 65536 (order: 6, 262144 bytes, linear)
[    0.198687] TCP established hash table entries: 4096 (order: 2, 16384 bytes, linear)
[    0.198733] TCP bind hash table entries: 4096 (order: 4, 65536 bytes, linear)
[    0.198832] TCP: Hash tables configured (established 4096 bind 4096)
[    0.198956] UDP hash table entries: 256 (order: 1, 14336 bytes, linear)
[    0.198989] UDP-Lite hash table entries: 256 (order: 1, 14336 bytes, linear)
[    0.199192] NET: Registered PF_UNIX/PF_LOCAL protocol family
[    0.202743] RPC: Registered named UNIX socket transport module.
[    0.202767] RPC: Registered udp transport module.
[    0.202772] RPC: Registered tcp transport module.
[    0.202777] RPC: Registered tcp-with-tls transport module.
[    0.202782] RPC: Registered tcp NFSv4.1 backchannel transport module.
[    0.202809] PCI: CLS 0 bytes, default 64
[    0.204222] Initialise system trusted keyrings
[    0.212219] workingset: timestamp_bits=14 max_order=17 bucket_order=3
[    0.213675] NFS: Registering the id_resolver key type
[    0.213734] Key type id_resolver registered
[    0.213741] Key type id_legacy registered
[    0.213858] jffs2: version 2.2. (NAND) (SUMMARY)  Â© 2001-2006 Red Hat, Inc.
[    0.214326] Key type asymmetric registered
[    0.214343] Asymmetric key parser 'x509' registered
[    0.214419] io scheduler mq-deadline registered
[    0.214429] io scheduler kyber registered
[    0.214517] io scheduler bfq registered
[    0.216361] target-module@4b000000:target-module@140000:pmu@0:fck: device ID is greater than 24
[    0.221743] ledtrig-cpu: registered to indicate activity on CPUs
[    0.225504] Serial: 8250/16550 driver, 6 ports, IRQ sharing enabled
[    0.278614] brd: module loaded
[    0.287506] loop: module loaded
[    0.288428] mtdoops: mtd device (mtddev=name/number) must be supplied
[    0.289973] mdio_bus fixed-0: using lookup tables for GPIO lookup
[    0.289996] mdio_bus fixed-0: No GPIO consumer reset found
[    0.291405] i2c_dev: i2c /dev entries driver
[    0.292584] cpuidle: enable-method property 'ti,am3352' found operations
[    0.293025] sdhci: Secure Digital Host Controller Interface driver
[    0.293035] sdhci: Copyright(c) Pierre Ossman
[    0.293218] sdhci-pltfm: SDHCI platform and OF driver helper
[    0.301892] hw perfevents: enabled with armv7_cortex_a8 PMU driver, 5 (8000000f) counters available
[    0.302449] Initializing XFRM netlink socket
[    0.302623] NET: Registered PF_INET6 protocol family
[    0.304624] Segment Routing with IPv6
[    0.304707] In-situ OAM (IOAM) with IPv6
[    0.304801] sit: IPv6, IPv4 and MPLS over IPv4 tunneling driver
[    0.305770] NET: Registered PF_PACKET protocol family
[    0.305798] NET: Registered PF_KEY protocol family
[    0.305924] Key type dns_resolver registered
[    0.306156] ThumbEE CPU extension supported.
[    0.306177] Registering SWP/SWPB emulation handler
[    0.306703] omap_voltage_late_init: Voltage driver support not added
[    0.307366] SmartReflex Class3 initialized
[    0.343438] Loading compiled-in X.509 certificates
[    0.380211] /ocp/interconnect@44c00000/segment@200000/target-module@b000/i2c@0/tda19988@70: Fixed dependency cycle(s) with /ocp/interconnect@48000000/segment@300000/target-module@e000/lcdc@0
[    0.386839] /ocp/interconnect@44c00000/segment@200000/target-module@b000/i2c@0/tda19988@70: Fixed dependency cycle(s) with /ocp/interconnect@48000000/segment@300000/target-module@e000/lcdc@0
[    0.392522] gpiochip_find_base_unlocked: found new base at 512
[    0.430149] /ocp/interconnect@44c00000/segment@200000/target-module@b000/i2c@0/tda19988@70: Fixed dependency cycle(s) with /ocp/interconnect@48000000/segment@300000/target-module@e000/lcdc@0
[    0.431048] /ocp/interconnect@44c00000/segment@200000/target-module@b000/i2c@0/tda19988@70: Fixed dependency cycle(s) with /ocp/interconnect@48000000/segment@300000/target-module@e000/lcdc@0
[    0.434852] /ocp/interconnect@44c00000/segment@200000/target-module@10000/scm@0/pinmux@800: Fixed dependency cycle(s) with /ocp/interconnect@44c00000/segment@200000/target-module@10000/scm@0/pinmux@800/clkout2-pins
[    0.435449] pinctrl-single 44e10800.pinmux: 142 pins, size 568
[    0.440729] ti-sysc 44e31000.target-module: probe with driver ti-sysc failed with error -16
[    0.479803] /ocp/interconnect@48000000/segment@300000/target-module@e000/lcdc@0: Fixed dependency cycle(s) with /ocp/interconnect@44c00000/segment@200000/target-module@b000/i2c@0/tda19988@70
[    0.488095] ti-sysc 48040000.target-module: probe with driver ti-sysc failed with error -16
[    0.499694] gpiochip_find_base_unlocked: found new base at 512
[    0.499808] gpio gpiochip0: (gpio-0-31): created GPIO range 0->7 ==> 44e10800.pinmux PIN 0->7
[    0.499828] gpio gpiochip0: (gpio-0-31): created GPIO range 8->11 ==> 44e10800.pinmux PIN 90->93
[    0.499844] gpio gpiochip0: (gpio-0-31): created GPIO range 12->27 ==> 44e10800.pinmux PIN 12->27
[    0.499860] gpio gpiochip0: (gpio-0-31): created GPIO range 28->31 ==> 44e10800.pinmux PIN 30->33
[    0.527228] gpio gpiochip0: (gpio-0-31): added GPIO chardev (254:0)
[    0.527481] gpio gpiochip0: registered GPIOs 512 to 543 on gpio-0-31
[    0.527570] OMAP GPIO hardware version 0.1
[    0.580102] i2c i2c-2: using DT '/ocp/interconnect@48000000/segment@100000/target-module@9c000/i2c@0' for 'scl' GPIO lookup
[    0.580175] of_get_named_gpiod_flags: can't parse 'scl-gpios' property of node '/ocp/interconnect@48000000/segment@100000/target-module@9c000/i2c@0[0]'
[    0.580215] of_get_named_gpiod_flags: can't parse 'scl-gpio' property of node '/ocp/interconnect@48000000/segment@100000/target-module@9c000/i2c@0[0]'
[    0.580251] i2c i2c-2: using lookup tables for GPIO lookup
[    0.580262] i2c i2c-2: No GPIO consumer scl found
[    0.580283] i2c i2c-2: using DT '/ocp/interconnect@48000000/segment@100000/target-module@9c000/i2c@0' for 'sda' GPIO lookup
[    0.580318] of_get_named_gpiod_flags: can't parse 'sda-gpios' property of node '/ocp/interconnect@48000000/segment@100000/target-module@9c000/i2c@0[0]'
[    0.580355] of_get_named_gpiod_flags: can't parse 'sda-gpio' property of node '/ocp/interconnect@48000000/segment@100000/target-module@9c000/i2c@0[0]'
[    0.580385] i2c i2c-2: using lookup tables for GPIO lookup
[    0.580393] i2c i2c-2: No GPIO consumer sda found
[    0.581109] omap_i2c 4819c000.i2c: bus 2 rev0.11 at 100 kHz
[    0.586836] gpiochip_find_base_unlocked: found new base at 544
[    0.586945] gpio gpiochip1: (gpio-32-63): created GPIO range 0->17 ==> 44e10800.pinmux PIN 34->51
[    0.586965] gpio gpiochip1: (gpio-32-63): created GPIO range 18->21 ==> 44e10800.pinmux PIN 77->80
[    0.586981] gpio gpiochip1: (gpio-32-63): created GPIO range 22->31 ==> 44e10800.pinmux PIN 56->65
[    0.587851] gpio gpiochip1: (gpio-32-63): added GPIO chardev (254:1)
[    0.588077] gpio gpiochip1: registered GPIOs 544 to 575 on gpio-32-63
[    0.590300] gpiochip_find_base_unlocked: found new base at 576
[    0.590389] gpio gpiochip2: (gpio-64-95): created GPIO range 0->4 ==> 44e10800.pinmux PIN 66->70
[    0.590410] gpio gpiochip2: (gpio-64-95): created GPIO range 5->6 ==> 44e10800.pinmux PIN 98->99
[    0.590425] gpio gpiochip2: (gpio-64-95): created GPIO range 7->8 ==> 44e10800.pinmux PIN 75->76
[    0.590440] gpio gpiochip2: (gpio-64-95): created GPIO range 13->13 ==> 44e10800.pinmux PIN 141->141
[    0.590457] gpio gpiochip2: (gpio-64-95): created GPIO range 14->21 ==> 44e10800.pinmux PIN 100->107
[    0.591081] gpio gpiochip2: (gpio-64-95): added GPIO chardev (254:2)
[    0.591290] gpio gpiochip2: registered GPIOs 576 to 607 on gpio-64-95
[    0.597102] 48000000.interconnect:segment@200000:target-module@0:mpu@0:fck: device ID is greater than 24
[    0.597992] /ocp/interconnect@48000000/segment@300000/target-module@e000/lcdc@0: Fixed dependency cycle(s) with /ocp/interconnect@44c00000/segment@200000/target-module@b000/i2c@0/tda19988@70
[    0.600808] /ocp/interconnect@48000000/segment@300000/target-module@e000/lcdc@0: Fixed dependency cycle(s) with /ocp/interconnect@44c00000/segment@200000/target-module@b000/i2c@0/tda19988@70
[    0.601691] /ocp/interconnect@44c00000/segment@200000/target-module@b000/i2c@0/tda19988@70: Fixed dependency cycle(s) with /ocp/interconnect@48000000/segment@300000/target-module@e000/lcdc@0
[    0.601884] /ocp/interconnect@48000000/segment@300000/target-module@e000/lcdc@0: Fixed dependency cycle(s) with /ocp/interconnect@44c00000/segment@200000/target-module@b000/i2c@0/tda19988@70
[    0.609317] sdhci-omap 481d8000.mmc: using DT '/ocp/interconnect@48000000/segment@100000/target-module@d8000/mmc@0' for 'wp' GPIO lookup
[    0.609389] of_get_named_gpiod_flags: can't parse 'wp-gpios' property of node '/ocp/interconnect@48000000/segment@100000/target-module@d8000/mmc@0[0]'
[    0.609434] of_get_named_gpiod_flags: can't parse 'wp-gpio' property of node '/ocp/interconnect@48000000/segment@100000/target-module@d8000/mmc@0[0]'
[    0.609470] sdhci-omap 481d8000.mmc: using lookup tables for GPIO lookup
[    0.609481] sdhci-omap 481d8000.mmc: No GPIO consumer wp found
[    0.609678] sdhci-omap 481d8000.mmc: supply pbias not found, using dummy regulator
[    0.610170] sdhci-omap 481d8000.mmc: supply vqmmc not found, using dummy regulator
[    0.627576] mdio_bus 4a101000.mdio: using DT '/ocp/interconnect@4a000000/segment@0/target-module@100000/switch@0/mdio@1000' for 'reset' GPIO lookup
[    0.627647] of_get_named_gpiod_flags: can't parse 'reset-gpios' property of node '/ocp/interconnect@4a000000/segment@0/target-module@100000/switch@0/mdio@1000[0]'
[    0.627694] of_get_named_gpiod_flags: can't parse 'reset-gpio' property of node '/ocp/interconnect@4a000000/segment@0/target-module@100000/switch@0/mdio@1000[0]'
[    0.627742] mdio_bus 4a101000.mdio: using lookup tables for GPIO lookup
[    0.627752] mdio_bus 4a101000.mdio: No GPIO consumer reset found
[    0.672201] davinci_mdio 4a101000.mdio: davinci mdio revision 1.6, bus freq 1000000
[    0.694128] mdio_bus 4a101000.mdio:00: using DT '/ocp/interconnect@4a000000/segment@0/target-module@100000/switch@0/mdio@1000/ethernet-phy@0' for 'reset' GPIO lookup
[    0.694227] of_get_named_gpiod_flags: parsed 'reset-gpios' property of node '/ocp/interconnect@4a000000/segment@0/target-module@100000/switch@0/mdio@1000/ethernet-phy@0[0]' - status (0)
[    0.694389] gpio gpiochip0: Persistence not supported for GPIO 8
[    0.830666] davinci_mdio 4a101000.mdio: phy[0]: device 4a101000.mdio:00, driver SMSC LAN8710/LAN8720
[    0.831451] cpsw-switch 4a100000.switch: initialized cpsw ale version 1.4
[    0.831473] cpsw-switch 4a100000.switch: ALE Table size 1024, Policers 0
[    0.831841] cpsw-switch 4a100000.switch: cpts: overflow check period 500 (jiffies)
[    0.831863] cpsw-switch 4a100000.switch: CPTS: ref_clk_freq:250000000 calc_mult:2147483648 calc_shift:29 error:0 nsec/sec
[    0.831971] cpsw-switch 4a100000.switch: Detected MACID = 6c:ec:eb:68:de:78
[    0.833854] cpsw-switch 4a100000.switch: initialized (regs 0x4a100000, pool size 256) hw_ver:0019010C 1.12 (0)
[    0.845010] debugfs: '49000000.dma' already exists in 'dmaengine'
[    0.845055] edma 49000000.dma: TI EDMA DMA engine driver
[    0.880507] gpio-clk clk_mcasp0: using DT '/clk_mcasp0' for 'enable' GPIO lookup
[    0.880583] of_get_named_gpiod_flags: parsed 'enable-gpios' property of node '/clk_mcasp0[0]' - status (0)
[    0.880627] gpio gpiochip0: Persistence not supported for GPIO 27
[    0.881377] gpiochip_find_base_unlocked: found new base at 608
[    0.881676] gpio gpiochip3: (gpio-96-127): created GPIO range 0->7 ==> 44e10800.pinmux PIN 82->89
[    0.881718] gpio gpiochip3: (gpio-96-127): created GPIO range 8->11 ==> 44e10800.pinmux PIN 52->55
[    0.881736] gpio gpiochip3: (gpio-96-127): created GPIO range 12->15 ==> 44e10800.pinmux PIN 94->97
[    0.881752] gpio gpiochip3: (gpio-96-127): created GPIO range 16->17 ==> 44e10800.pinmux PIN 71->72
[    0.881768] gpio gpiochip3: (gpio-96-127): created GPIO range 18->18 ==> 44e10800.pinmux PIN 135->135
[    0.881784] gpio gpiochip3: (gpio-96-127): created GPIO range 19->20 ==> 44e10800.pinmux PIN 108->109
[    0.881801] gpio gpiochip3: (gpio-96-127): created GPIO range 21->21 ==> 44e10800.pinmux PIN 73->73
[    0.881818] gpio gpiochip3: (gpio-96-127): created GPIO range 22->23 ==> 44e10800.pinmux PIN 8->9
[    0.881836] gpio gpiochip3: (gpio-96-127): created GPIO range 26->27 ==> 44e10800.pinmux PIN 10->11
[    0.881853] gpio gpiochip3: (gpio-96-127): created GPIO range 28->28 ==> 44e10800.pinmux PIN 74->74
[    0.881871] gpio gpiochip3: (gpio-96-127): created GPIO range 29->29 ==> 44e10800.pinmux PIN 81->81
[    0.881890] gpio gpiochip3: (gpio-96-127): created GPIO range 30->31 ==> 44e10800.pinmux PIN 28->29
[    0.882905] gpio gpiochip3: (gpio-96-127): added GPIO chardev (254:3)
[    0.883137] gpio gpiochip3: registered GPIOs 608 to 639 on gpio-96-127
[    0.898690] omap8250 44e09000.serial: using DT '/ocp/interconnect@44c00000/segment@200000/target-module@9000/serial@0' for 'rs485-term' GPIO lookup
[    0.898765] of_get_named_gpiod_flags: can't parse 'rs485-term-gpios' property of node '/ocp/interconnect@44c00000/segment@200000/target-module@9000/serial@0[0]'
