Labgrid Console Logfile for main
Logfile started at 2025-10-17 18:59:41.932919
=== Log starts here ===
reading args
spl_load_image_fat_os: error reading image args, err - -1
reading u-boot.img
reading u-boot.img


U-Boot 2014.04-00014-g47880f5 (Apr 22 2014 - 13:23:54)

I2C:   ready
DRAM:  512 MiB
NAND:  0 MiB
MMC:   OMAP SD/MMC: 0, OMAP SD/MMC: 1
*** Warning - readenv() failed, using default environment

Net:   <ethaddr> not set. Validating first E-fuse MAC
cpsw, usb_ether
Hit any key to stop autoboot:  1  0 
gpio: pin 53 (gpio 53) value is 1
mmc0 is current device
gpio: pin 54 (gpio 54) value is 1
SD/MMC found on device 0
reading uEnv.txt
569 bytes read in 3 ms (184.6 KiB/s)
gpio: pin 55 (gpio 55) value is 1
Loaded environment from uEnv.txt
Importing environment from mmc ...
Checking if uenvcmd is set ...
gpio: pin 56 (gpio 56) value is 1
Running uenvcmd ...
cpsw Waiting for PHY auto negotiation to complete. done
link up on port 0, speed 100, full duplex
Using cpsw device
TFTP from server 192.168.255.126; our IP address is 192.168.255.1
Filename 'zImage'.
Load address: 0x81000000
Loading: *#################################################################
	 #################################################################
	 #################################################################
	 #################################################################
	 #################################################################
	 ###############################################################
	 2.4 MiB/s
done
Bytes transferred = 5682056 (56b388 hex)
link up on port 0, speed 100, full duplex
Using cpsw device
TFTP from server 192.168.255.126; our IP address is 192.168.255.1
Filename 'am335x-boneblack.dtb'.
Load address: 0x82000000
Loading: *#######
	 2.4 MiB/s
done
Bytes transferred = 98148 (17f64 hex)
Kernel image @ 0x81000000 [ 0x000000 - 0x56b388 ]
## Flattened Device Tree blob at 82000000
   Booting using the fdt blob at 0x82000000
   Using Device Tree in place at 82000000, end 8201af63

Starting kernel ...

[    0.000000] Booting Linux on physical CPU 0x0
[    0.000000] Linux version 6.18.0-rc1-next-20251017 (user01@drvtest01) (arm-none-eabi-gcc (Arm GNU Toolchain 14.2.Rel1 (Build arm-14.52)) 14.2.1 20241119, GNU ld (Arm GNU Toolchain 14.2.Rel1 (Build arm-14.52)) 2.43.1.20241119) #1 SMP Fri Oct 17 18:57:54 EEST 2025
[    0.000000] CPU: ARMv7 Processor [413fc082] revision 2 (ARMv7), cr=10c5387d
[    0.000000] CPU: PIPT / VIPT nonaliasing data cache, VIPT aliasing instruction cache
[    0.000000] OF: fdt: Machine model: TI AM335x BeagleBone Black
[    0.000000] Memory policy: Data cache writeback
[    0.000000] cma: Reserved 16 MiB at 0x9e800000
[    0.000000] Zone ranges:
[    0.000000]   Normal   [mem 0x0000000080000000-0x000000009fdfffff]
[    0.000000]   HighMem  empty
[    0.000000] Movable zone start for each node
[    0.000000] Early memory node ranges
[    0.000000]   node   0: [mem 0x0000000080000000-0x000000009fdfffff]
[    0.000000] Initmem setup node 0 [mem 0x0000000080000000-0x000000009fdfffff]
[    0.000000] On node 0, zone Normal: 512 pages in unavailable ranges
[    0.000000] OF: reserved mem: Reserved memory: No reserved-memory node in the DT
[    0.000000] CPU: All CPU(s) started in SVC mode.
[    0.000000] AM335X ES2.1 (sgx neon)
[    0.000000] percpu: Embedded 17 pages/cpu s40012 r8192 d21428 u69632
[    0.000000] Kernel command line: console=ttyO0,115200n8 root=/dev/nfs rw nfsroot=192.168.255.126:/home/user01/nfs,nfsvers=3 ip=192.168.255.1:192.168.255.126::255.255.255.0:bbb1:eth0 nfsrootdebug
[    0.000000] Unknown kernel command line parameters "nfsrootdebug", will be passed to user space.
[    0.000000] printk: log buffer data + meta data: 65536 + 204800 = 270336 bytes
[    0.000000] Dentry cache hash table entries: 65536 (order: 6, 262144 bytes, linear)
[    0.000000] Inode-cache hash table entries: 32768 (order: 5, 131072 bytes, linear)
[    0.000000] Built 1 zonelists, mobility grouping on.  Total pages: 130560
[    0.000000] mem auto-init: stack:off, heap alloc:off, heap free:off
[    0.000000] SLUB: HWalign=16, Order=0-3, MinObjects=0, CPUs=1, Nodes=1
[    0.000000] rcu: Hierarchical RCU implementation.
[    0.000000] rcu: 	RCU event tracing is enabled.
[    0.000000] rcu: 	RCU restricting CPUs from NR_CPUS=2 to nr_cpu_ids=1.
[    0.000000] 	Tracing variant of Tasks RCU enabled.
[    0.000000] rcu: RCU calculated value of scheduler-enlistment delay is 10 jiffies.
[    0.000000] rcu: Adjusting geometry for rcu_fanout_leaf=16, nr_cpu_ids=1
[    0.000000] RCU Tasks Trace: Setting shift to 0 and lim to 1 rcu_task_cb_adjust=1 rcu_task_cpu_ids=1.
[    0.000000] NR_IRQS: 16, nr_irqs: 16, preallocated irqs: 16
[    0.000000] IRQ: Found an INTC at 0x(ptrval) (revision 5.0) with 128 interrupts
[    0.000000] rcu: srcu_init: Setting srcu_struct sizes based on contention.
[    0.000000] TI gptimer clocksource: always-on /ocp/interconnect@44c00000/segment@200000/target-module@31000
[    0.000002] sched_clock: 32 bits at 24MHz, resolution 41ns, wraps every 89478484971ns
[    0.000026] clocksource: dmtimer: mask: 0xffffffff max_cycles: 0xffffffff, max_idle_ns: 79635851949 ns
[    0.000494] TI gptimer clockevent: 24000000 Hz at /ocp/interconnect@48000000/segment@0/target-module@40000
[    0.002063] Console: colour dummy device 80x30
[    0.002132] WARNING: Your 'console=ttyO0' has been replaced by 'ttyS0'
[    0.002140] This ensures that you still see kernel messages. Please
[    0.002144] update your kernel commandline.
[    0.002186] Calibrating delay loop... 996.14 BogoMIPS (lpj=4980736)
[    0.090607] CPU: Testing write buffer coherency: ok
[    0.090688] CPU0: Spectre v2: using BPIALL workaround
[    0.090698] pid_max: default: 32768 minimum: 301
[    0.090877] LSM: initializing lsm=capability
[    0.091041] Mount-cache hash table entries: 1024 (order: 0, 4096 bytes, linear)
[    0.091061] Mountpoint-cache hash table entries: 1024 (order: 0, 4096 bytes, linear)
[    0.092652] CPU0: thread -1, cpu 0, socket -1, mpidr 0
[    0.092709] cacheinfo: Unable to detect cache hierarchy for CPU 0
[    0.094783] Setting up static identity map for 0x80100000 - 0x80100078
[    0.095113] rcu: Hierarchical SRCU implementation.
[    0.095125] rcu: 	Max phase no-delay instances is 1000.
[    0.096840] smp: Bringing up secondary CPUs ...
[    0.096896] smp: Brought up 1 node, 1 CPU
[    0.096908] SMP: Total of 1 processors activated (996.14 BogoMIPS).
[    0.096919] CPU: All CPU(s) started in SVC mode.
[    0.097117] Memory: 480864K/522240K available (11264K kernel code, 1226K rwdata, 2952K rodata, 1024K init, 256K bss, 23336K reserved, 16384K cma-reserved, 0K highmem)
[    0.097942] devtmpfs: initialized
[    0.115344] VFP support v0.3: implementor 41 architecture 3 part 30 variant c rev 3
[    0.116001] clocksource: jiffies: mask: 0xffffffff max_cycles: 0xffffffff, max_idle_ns: 19112604462750000 ns
[    0.116059] posixtimers hash table entries: 512 (order: 0, 4096 bytes, linear)
[    0.116085] futex hash table entries: 256 (16384 bytes on 1 NUMA nodes, total 16 KiB, linear).
[    0.119296] NET: Registered PF_NETLINK/PF_ROUTE protocol family
[    0.122425] DMA: preallocated 256 KiB pool for atomic coherent allocations
[    0.123029] audit: initializing netlink subsys (disabled)
[    0.124388] thermal_sys: Registered thermal governor 'fair_share'
[    0.124403] thermal_sys: Registered thermal governor 'step_wise'
[    0.124413] thermal_sys: Registered thermal governor 'user_space'
[    0.124526] audit: type=2000 audit(0.120:1): state=initialized audit_enabled=0 res=1
[    0.124596] cpuidle: using governor menu
[    0.142477] /ocp/interconnect@44c00000/segment@200000/target-module@b000/i2c@0/tda19988@70: Fixed dependency cycle(s) with /ocp/interconnect@48000000/segment@300000/target-module@e000/lcdc@0
[    0.143583] /ocp/interconnect@48000000/segment@300000/target-module@e000/lcdc@0: Fixed dependency cycle(s) with /ocp/interconnect@44c00000/segment@200000/target-module@b000/i2c@0/tda19988@70
[    0.145759] No ATAGs?
[    0.145797] hw-breakpoint: debug architecture 0x4 unsupported.
[    0.148879] kprobes: kprobe jump-optimization is enabled. All kprobes are optimized if possible.
[    0.153932] iommu: Default domain type: Translated
[    0.153957] iommu: DMA domain TLB invalidation policy: strict mode
[    0.161393] SCSI subsystem initialized
[    0.162263] pps_core: LinuxPPS API ver. 1 registered
[    0.162275] pps_core: Software ver. 5.3.6 - Copyright 2005-2007 Rodolfo Giometti <giometti@linux.it>
[    0.162301] PTP clock support registered
[    0.171203] vgaarb: loaded
[    0.171575] clocksource: Switched to clocksource dmtimer
[    0.172256] VFS: Disk quotas dquot_6.6.0
[    0.172320] VFS: Dquot-cache hash table entries: 1024 (order 0, 4096 bytes)
[    0.196681] NET: Registered PF_INET protocol family
[    0.197023] IP idents hash table entries: 8192 (order: 4, 65536 bytes, linear)
[    0.198463] tcp_listen_portaddr_hash hash table entries: 512 (order: 0, 4096 bytes, linear)
[    0.198500] Table-perturb hash table entries: 65536 (order: 6, 262144 bytes, linear)
[    0.198518] TCP established hash table entries: 4096 (order: 2, 16384 bytes, linear)
[    0.198563] TCP bind hash table entries: 4096 (order: 4, 65536 bytes, linear)
[    0.198664] TCP: Hash tables configured (established 4096 bind 4096)
[    0.198788] UDP hash table entries: 256 (order: 1, 14336 bytes, linear)
[    0.198821] UDP-Lite hash table entries: 256 (order: 1, 14336 bytes, linear)
[    0.199029] NET: Registered PF_UNIX/PF_LOCAL protocol family
[    0.202565] RPC: Registered named UNIX socket transport module.
[    0.202587] RPC: Registered udp transport module.
[    0.202592] RPC: Registered tcp transport module.
[    0.202597] RPC: Registered tcp-with-tls transport module.
[    0.202602] RPC: Registered tcp NFSv4.1 backchannel transport module.
[    0.202627] PCI: CLS 0 bytes, default 64
[    0.204034] Initialise system trusted keyrings
[    0.212278] workingset: timestamp_bits=14 max_order=17 bucket_order=3
[    0.213742] NFS: Registering the id_resolver key type
[    0.213810] Key type id_resolver registered
[    0.213818] Key type id_legacy registered
[    0.213934] jffs2: version 2.2. (NAND) (SUMMARY)  Â© 2001-2006 Red Hat, Inc.
[    0.214400] Key type asymmetric registered
[    0.214414] Asymmetric key parser 'x509' registered
[    0.214489] io scheduler mq-deadline registered
[    0.214499] io scheduler kyber registered
[    0.214582] io scheduler bfq registered
[    0.216430] target-module@4b000000:target-module@140000:pmu@0:fck: device ID is greater than 24
[    0.221975] ledtrig-cpu: registered to indicate activity on CPUs
[    0.225721] Serial: 8250/16550 driver, 6 ports, IRQ sharing enabled
[    0.278035] brd: module loaded
[    0.286974] loop: module loaded
[    0.287905] mtdoops: mtd device (mtddev=name/number) must be supplied
[    0.290895] i2c_dev: i2c /dev entries driver
[    0.292082] cpuidle: enable-method property 'ti,am3352' found operations
[    0.292546] sdhci: Secure Digital Host Controller Interface driver
[    0.292556] sdhci: Copyright(c) Pierre Ossman
[    0.292740] sdhci-pltfm: SDHCI platform and OF driver helper
[    0.302019] hw perfevents: enabled with armv7_cortex_a8 PMU driver, 5 (8000000f) counters available
[    0.302567] Initializing XFRM netlink socket
[    0.302740] NET: Registered PF_INET6 protocol family
[    0.304749] Segment Routing with IPv6
[    0.304829] In-situ OAM (IOAM) with IPv6
[    0.304925] sit: IPv6, IPv4 and MPLS over IPv4 tunneling driver
[    0.305881] NET: Registered PF_PACKET protocol family
[    0.305909] NET: Registered PF_KEY protocol family
[    0.306031] Key type dns_resolver registered
[    0.306258] ThumbEE CPU extension supported.
[    0.306279] Registering SWP/SWPB emulation handler
[    0.306800] omap_voltage_late_init: Voltage driver support not added
[    0.307456] SmartReflex Class3 initialized
[    0.342579] Loading compiled-in X.509 certificates
[    0.380278] /ocp/interconnect@44c00000/segment@200000/target-module@b000/i2c@0/tda19988@70: Fixed dependency cycle(s) with /ocp/interconnect@48000000/segment@300000/target-module@e000/lcdc@0
[    0.386758] /ocp/interconnect@44c00000/segment@200000/target-module@b000/i2c@0/tda19988@70: Fixed dependency cycle(s) with /ocp/interconnect@48000000/segment@300000/target-module@e000/lcdc@0
[    0.429151] /ocp/interconnect@44c00000/segment@200000/target-module@b000/i2c@0/tda19988@70: Fixed dependency cycle(s) with /ocp/interconnect@48000000/segm ent@300000/target-module@e000/lcdc@0
[    0.430026] /ocp/interconnect@44c00000/segment@200000/target-module@b000/i2c@0/tda19988@70: Fixed dependency cycle(s) with /ocp/interconnect@48000000/segment@300000/target-module@e000/lcdc@0
[    0.433801] /ocp/interconnect@44c00000/segment@200000/target-module@10000/scm@0/pinmux@800: Fixed dependency cycle(s) with /ocp/interconnect@44c00000/segment@200000/target-module@10000/scm@0/pinmux@800/clkout2-pins
[    0.434399] pinctrl-single 44e10800.pinmux: 142 pins, s ize 568
[    0.439632] ti-sysc 44e31000.target-module: probe with driver ti-sysc failed with error -16
[    0.459301] /ocp/interconnect@48000000/segment@300000/target-module@e000/lcdc@0: Fixed dependency cycle(s) with /ocp/interconnect@44c00000/segment@200000/target-module@b000/i2c@0/tda19988@70
[    0.467602] ti-sysc 48040000.target-module: probe with driver ti-sysc failed with error -16
[    0.513801] OMAP GPIO hardware version 0.1
[    0.540020] omap_i2c 4819c000.i2c: bus 2 rev0.11 at 100 kHz
[    0.565020] 48000000.interconnect:segment@200000:target-module@0:mpu@0:fck: device ID is greater than 24
[    0.565913] /ocp/interconnect@48000000/segment@300000/target-module@e000/lcdc@0: Fixed dependency cycle(s) with /ocp/interconnect@44c00000/segment@200000/target-module@b000/i2c@0/tda19988@70
[    0.568701] /ocp/interconnect@48000000/segment@300000/target-module@e000/lcdc@0: Fixed dependency cycle(s) with /ocp/interconnect@44c00000/segment@200000/target-module@b000/i2c@0/tda19988@70
[    0.569410] /ocp/interconnect@44c00000/segment@200000/target-module@b000/i2c@0/tda19988@70: Fixed dependency cycle(s) with /ocp/interconnect@48000000/segment@300000/target-module@e000/lcdc@0
[    0.569581] /ocp/interconnect@48000000/segment@300000/target-module@e000/lcdc@0: Fixed dependency cycle(s) with /ocp/interconnect@44c00000/segment@200000/target-module@b000/i2c@0/tda19988@70
[    0.577243] sdhci-omap 481d8000.mmc: supply pbias not found, using dummy regulator
[    0.577730] sdhci-omap 481d8000.mmc: supply vqmmc no
[    2.432508] tps65217-pmic: Failed to locate of_node [id: -1]
[    2.438575] tps65217-bl: Failed to locate of_node [id: -1]
[    2.444635] platform tps65217-charger: DMA mask not set
[    2.450656] platform tps65217-pwrbutton: DMA mask not set
[    2.457906] tps65217 0-0024: TPS65217 ID 0xe version 1.2
[    2.464009] /ocp/interconnect@48000000/segment@300000/target-module@e000/lcdc@0: Fixed dependency cycle(s) with /ocp/interconnect@44c00000/segment@200000/target-module@b000/i2c@0/tda19988@70
[    2.481433] /ocp/interconnect@44c00000/segment@200000/target-module@b000/i2c@0/tda19988@70: Fixed dependency cycle(s) with /ocp/interconnect@48000000/segment@300000/target-module@e000/lcdc@0
[    2.498870] omap_i2c 44e0b000.i2c: bus 0 rev0.11 at 400 kHz
[    2.506819] omap_gpio 44e07000.gpio: Could not set line 6 debounce to 200000 microseconds (-22)
[    2.515721] sdhci-omap 48060000.mmc: Got CD GPIO
[    2.520727] sdhci-omap 48060000.mmc: supply pbias not found, using dummy regulator
[    2.530853] sdhci-omap 48060000.mmc: supply vqmmc not found, using dummy regulator
[    2.539853] sdhci-omap 481d8000.mmc: supply pbias not found, using dummy regulator
[    2.548508] sdhci-omap 481d8000.mmc: supply vqmmc not found, using dummy regulator
[    2.585310] mmc0: SDHCI controller on 48060000.mmc [48060000.mmc] using External DMA
[    2.593550] mmc1: SDHCI controller on 481d8000.mmc [481d8000.mmc] using External DMA
[    2.602384] cpsw-switch 4a100000.switch: starting ndev. mode: dual_mac
[    2.671885] mmc1: new high speed MMC card at address 0001
[    2.678733] mmcblk1: mmc1:0001 MMC04G 3.60 GiB
[    2.686607]  mmcblk1: p1 p2
[    2.690343] SMSC LAN8710/LAN8720 4a101000.mdio:00: attached PHY driver (mii_bus:phy_addr=4a101000.mdio:00, irq=POLL)
[    2.703042] mmcblk1boot0: mmc1:0001 MMC04G 2.00 MiB
[    2.716935] mmcblk1boot1: mmc1:0001 MMC04G 2.00 MiB
[    2.725892] mmcblk1rpmb: mmc1:0001 MMC04G 128 KiB, chardev (249:0)
[    2.775121] mmc0: new high speed SDHC card at address aaaa
[    2.782065] mmcblk0: mmc0:aaaa SE32G 29.7 GiB
[    2.791149]  mmcblk0: p1 p2
[    5.842333] cpsw-switch 4a100000.switch eth0: Link is Up - 100Mbps/Full - flow control off
[    5.871587] IP-Config: Complete:
[    5.874858]      device=eth0, hwaddr=6c:ec:eb:68:de:78, ipaddr=192.168.255.1, mask=255.255.255.0, gw=255.255.255.255
[    5.885505]      host=bbb1, domain=, nis-domain=(none)
[    5.890674]      bootserver=192.168.255.126, rootserver=192.168.255.126, rootpath=
[    5.891096] clk: Disabling unused clocks
[    5.902954] PM: genpd: Disabling unused power domains
[    5.908104] KTAP version 1
[    5.910825] 1..0
[    5.913564] check access for rdinit=/init failed: -2, ignoring
[    5.951968] VFS: Mounted root (nfs filesystem) on device 0:17.
[    5.958769] devtmpfs: mounted
[    5.963469] Freeing unused kernel image (initmem) memory: 1024K
[    5.970051] Run /sbin/init as init process
[    6.647840] systemd[1]: System time before build time, advancing clock.
[    8.171597] random: crng init done
[    8.234281] systemd[1]: systemd 232 running in system mode. (+PAM +AUDIT +SELINUX +IMA +APPARMOR +SMACK +SYSVINIT +UTMP +LIBCRYPTSETUP +GCRYPT +GNUTLS +ACL +XZ +LZ4 +SECCOMP +BLKID +ELFUTILS +KMOD +IDN)
[    8.253385] systemd[1]: Detected architecture arm.

Welcome to [1mDebian GNU/Linux 9 (stretch)[0m!

[    8.284724] systemd[1]: Set hostname to <arm>.
[    9.387426] systemd[1]: Started Dispatch Password Requests to Console Directory Watch.
[[0;32m  OK  [0m] Started Dispatch Password Requests to Console Directory Watch.
[    9.422163] systemd[1]: Reached target Swap.
[[0;32m  OK  [0m] Reached target Swap.
[    9.443372] systemd[1]: Set up automount Arbitrary Executable File Formats File System Automount Point.
[[0;32m  OK  [0m] Set up automount Arbitrary Executabâ€¦rmats File System Automount Point.
[    9.472026] systemd[1]: Reached target Remote File Systems.
[[0;32m  OK  [0m] Reached target Remote File Systems.
[    9.505460] systemd[1]: syslog.socket: SO_PASSSEC failed: Operation not supported
[    9.513442] systemd[1]: Listening on Syslog Socket.
[[0;32m  OK  [0m] Listening on Syslog Socket.
[    9.543136] systemd[1]: Created slice System Slice.
[[0;32m  OK  [0m] Created slice System Slice.
         Mounting POSIX Message Queue File System...
[[0;32m  OK  [0m] Created slice system-serial\x2dgetty.slice.
         Mounting Debug File System...
[[0;32m  OK  [0m] Started Forward Password Requests to Wall Directory Watch.
[[0;32m  OK  [0m] Reached target Paths.
[[0;32m  OK  [0m] Created slice system-getty.slice.
[[0;32m  OK  [0m] Created slice User and Session Slice.
[[0;32m  OK  [0m] Reached target Slices.
[[0;32m  OK  [0m] Listening on Journal Socket.
         Starting Create list of required stâ€¦ce nodes for the current kernel...
         Starting Remount Root and Kernel File Systems...
         Starting Load Kernel Modules...
[[0;32m  OK  [0m] Listening on Journal Socket (/dev/log).
[[0;32m  OK  [0m] Listening on udev Kernel Socket.
[[0;32m  OK  [0m] Listening on udev Control Socket.
[[0;32m  OK  [0m] Listening on Journal Audit Socket.
         Starting Journal Service...
[[0;32m  OK  [0m] Listening on /dev/initctl Compatibility Named Pipe.
[[0;32m  OK  [0m] Reached target Encrypted Volumes.
[[0;32m  OK  [0m] Mounted POSIX Message Queue File System.
[[0;32m  OK  [0m] Mounted Debug File System.
[[0;32m  OK  [0m] Started Create list of required staâ€¦vice nodes for the current kernel.
[[0;32m  OK  [0m] Started Remount Root and Kernel File Systems.
[[0;32m  OK  [0m] Started Load Kernel Modules.
         Starting Apply Kernel Variables...
         Mounting Configuration File System...
         Starting Load/Save Random Seed...
         Starting udev Coldplug all Devices...
         Starting Create Static Device Nodes in /dev...
[[0;32m  OK  [0m] Mounted Configuration File System.
[[0;32m  OK  [0m] Started Apply Kernel Variables.
[[0;32m  OK  [0m] Started Load/Save Random Seed.
[[0;32m  OK  [0m] Started Journal Service.
         Starting Flush Journal to Persistent Storage...
[[0;32m  OK  [0m] Started Create Static Device Nodes in /dev.
[[0;32m  OK  [0m] Reached target Local File Systems (Pre).
[[0;32m  OK  [0m] Reached target Local File Systems.
         Starting Raise network interfaces...
         Starting udev Kernel Device Manager...
[   11.501719] systemd-journald[83]: Received request to flush runtime journal from PID 1
[[0;32m  OK  [0m] Started Flush Journal to Persistent Storage.
         Starting Create Volatile Files and Directories...
[[0;32m  OK  [0m] Started udev Kernel Device Manager.
[[0;32m  OK  [0m] Started Create Volatile Files and Directories.
[   12.647867] omap_prm 44e00d00.prm: sync_state() pending due to 44d00000.cpu
         Starting Network Time Synchronization...
         Starting Update UTMP about System Boot/Shutdown...
[[0;32m  OK  [0m] Started Update UTMP about System Boot/Shutdown.
[[0;32m  OK  [0m] Started udev Coldplug all Devices.
[[0;32m  OK  [0m] Started Network Time Synchronization.
[[0;32m  OK  [0m] Reached target System Initialization.
[[0;32m  OK  [0m] Started Daily Cleanup of Temporary Directories.
[[0;32m  OK  [0m] Listening on D-Bus System Message Bus Socket.
[[0;32m  OK  [0m] Listening on Avahi mDNS/DNS-SD Stack Activation Socket.
[[0;32m  OK  [0m] Reached target Sockets.
[[0;32m  OK  [0m] Reached target Basic System.
[[0;32m  OK  [0m] Started Regular background program processing daemon.
         Starting Generic Board Startup...
         Starting DUN service...
         Starting System Logging Service...
         Starting LSB: Start busybox udhcpd at boot time...
         Starting Cape Manager Service...
         Starting Login Service...
[[0;32m  OK  [0m] Started D-Bus System Message Bus.
[[0;32m  OK  [0m] Started DUN service.
         Starting Connection service...
         Starting Telephony service...
         Starting LSB: Load kernel modules needed to enable cpufreq scaling...
         Starting Avahi mDNS/DNS-SD Stack...
[[0;32m  OK  [0m] Reached target System Time Synchronized.
[   19.257588] omap_rtc 44e3e000.rtc: registered as rtc0
[   19.262945] omap_rtc 44e3e000.rtc: setting system clock to 2000-01-01T00:00:00 UTC (946684800)
[[0;32m  OK  [0m] Started Daily apt download activities.
[[0;32m  OK  [0m] Started Daily apt upgrade and clean activities.
[[0;32m  OK  [0m] Reached target Timers.
[[0;32m  OK  [0m] Started System Logging Service.
[   19.510015] PM: Cannot get wkup_m3_ipc handle
[[0;32m  OK  [0m] Started Cape Manager Service.
[[0;32m  OK  [0m] Found device /dev/ttyS0.
[   21.887860] ------------[ cut here ]------------
[   21.892697] WARNING: net/8021q/vlan_core.c:236 at vlan_for_each+0x114/0x134, CPU#0: avahi-daemon/293
[   21.902013] RTNL: assertion failed at net/8021q/vlan_core.c (236)
[   21.908142] Modules linked in: bluetooth(+) ecdh_generic ecc libaes pm33xx rtc_omap wkup_m3_ipc ti_emif_sram cpufreq_dt autofs4
[   21.919788] CPU: 0 UID: 107 PID: 293 Comm: avahi-daemon Not tainted 6.18.0-rc1-next-20251017 #1 NONE 
[   21.919806] Hardware name: Generic AM33XX (Flattened Device Tree)
[   21.919815] Call trace: 
[   21.919831]  unwind_backtrace from show_stack+0x10/0x14
[   21.919868]  show_stack from dump_stack_lvl+0x50/0x64
[   21.919893]  dump_stack_lvl from __warn+0x88/0x148
[   21.919912]  __warn from warn_slowpath_fmt+0x19c/0x1b0
[   21.919925]  warn_slowpath_fmt from vlan_for_each+0x114/0x134
[   21.919945]  vlan_for_each from cpsw_add_mc_addr+0x40/0xa4
[   21.919971]  cpsw_add_mc_addr from __hw_addr_ref_sync_dev+0x108/0x140
[   21.920000]  __hw_addr_ref_sync_dev from __dev_mc_add+0x7c/0x80
[   21.920022]  __dev_mc_add from igmp6_group_added+0xc8/0xe0
[   21.920049]  igmp6_group_added from __ipv6_dev_mc_inc+0x218/0x364
[   21.920067]  __ipv6_dev_mc_inc from __ipv6_sock_mc_join+0x11c/0x1c0
[   21.920086]  __ipv6_sock_mc_join from do_ipv6_setsockopt+0x1214/0x1310
[   21.920117]  do_ipv6_setsockopt from ipv6_setsockopt+0x60/0xcc
[   21.920138]  ipv6_setsockopt from udpv6_setsockopt+0x2c/0x6c
[   21.920163]  udpv6_setsockopt from sock_common_setsockopt+0x30/0x40
[   21.920196]  sock_common_setsockopt from do_sock_setsockopt+0x50/0x9c
[   21.920218]  do_sock_setsockopt from __sys_setsockopt+0x70/0xbc
[   21.920237]  __sys_setsockopt from ret_fast_syscall+0x0/0x58
[   21.920254] Exception stack(0xe011dfa8 to 0xe011dff0)
[   21.920268] dfa0:                   00000014 b6fafce8 0000000d 00000029 00000014 bebe59ec
[   21.920279] dfc0: 00000014 b6fafce8 00000014 00000126 0000000d b6f58ff4 004ee988 004d6558
[   21.920288] dfe0: b6f6e088 bebe59d8 b6f4b309 b6e2241a
[   21.920296] ---[ end trace 0000000000000000 ]---
[   22.085144] Bluetooth: Core ver 2.22
[   22.089038] NET: Registered PF_BLUETOOTH protocol family
[   22.094520] Bluetooth: HCI device and connection manager initialized
[   22.100937] Bluetooth: HCI socket layer initialized
[   22.105900] Bluetooth: L2CAP socket layer initialized
[   22.111011] Bluetooth: SCO socket layer initialized
[[0;32m  OK  [0m] Started LSB: Start busybox udhcpd at boot time.
[[0;32m  OK  [0m] Started Raise network interfaces.
[[0;32m  OK  [0m] Started LSB: Load kernel modules needed to enable cpufreq scaling.
[[0;32m  OK  [0m] Started Telephony service.
[[0;32m  OK  [0m] Started Connection service.
[[0;32m  OK  [0m] Started Avahi mDNS/DNS-SD Stack.
[[0;32m  OK  [0m] Started Login Service.
         Starting Hostname Service...
         Starting WPA supplicant...
         Starting LSB: set CPUFreq kernel parameters...
[[0;32m  OK  [0m] Started Hostname Service.
[[0;32m  OK  [0m] Started WPA supplicant.
[[0;32m  OK  [0m] Reached target Network.
         Starting OpenBSD Secure Shell server...
         Starting Permit User Sessions...
[[0;32m  OK  [0m] Reached target Network is Online.
         Starting LSB: Advanced IEEE 802.11 management daemon...
         Starting The Apache HTTP Server...
[[0;32m  OK  [0m] Started LSB: set CPUFreq kernel parameters.
[[0;32m  OK  [0m] Started LSB: Advanced IEEE 802.11 management daemon.
[[0;32m  OK  [0m] Started Permit User Sessions.
[[0;32m  OK  [0m] Started Getty on tty1.
[[0;32m  OK  [0m] Started Serial Getty on ttyS0.
[[0;32m  OK  [0m] Reached target Login Prompts.
[[0;32m  OK  [0m] Started OpenBSD Secure Shell server.
[[0;32m  OK  [0m] Started The Apache HTTP Server.

Debian GNU/Linux 9 arm ttyS0

default username:password is [debian:temppwd]

arm login: root
Password: 
Last login: Sat Jan  1 00:00:40 UTC 2000 on ttyS0
root
Linux arm 6.18.0-rc1-next-20251017 #1 SMP Fri Oct 17 18:57:54 EEST 2025 armv7l

The programs included with the Debian GNU/Linux system are free software;
the exact distribution terms for each program are described in the
individual files in /usr/share/doc/*/copyright.

Debian GNU/Linux comes with ABSOLUTELY NO WARRANTY, to the extent
permitted by applicable law.
root@arm:~# root
dmesg -n 1
-bash: root: command not found
root@arm:~# dmesg -n 1
root@arm:~# echo 'GAEC''UPGGOW'
GAECUPGGOW
root@arm:~# run() { echo -n "$MARKER"; sh -c "$@"; echo "$MARKER $?"; }
root@arm:~# echo 'LVKB''LEEEWK'
LVKBLEEEWK
root@arm:~# MARKER='EGXL''HVUXML' run 'cat /proc/version'
EGXLHVUXMLLinux version 6.18.0-rc1-next-20251017 (user01@drvtest01) (arm-none-eabi-gcc (Arm GNU Toolchain 14.2.Rel1 (Build arm-14.52)) 14.2.1 20241119, GNU ld (Arm GNU Toolchain 14.2.Rel1 (Build arm-14.52)) 2.43.1.20241119) #1 SMP Fri Oct 17 18:57:54 EEST 2025
EGXLHVUXML 0
root@arm:~# echo 'XXCZ''WSZXZF'
XXCZWSZXZF
root@arm:~# MARKER='VSNN''SUUOVM' run false
VSNNSUUOVMVSNNSUUOVM 1
root@arm:~# Labgrid Console Logfile for main
Logfile started at 2025-10-17 19:00:36.045960
=== Log starts here ===

root@arm:~# run() { echo -n "$MARKER"; sh -c "$@"; echo "$MARKER $?"; }
root@arm:~# echo 'MLAA''MMCMQC'
MLAAMMCMQC
root@arm:~# MARKER='OUVS''YYZOVH' run 'ls /iio_generic_buffer; echo $?'
OUVSYYZOVH/iio_generic_buffer
0
OUVSYYZOVH 0
root@arm:~# Labgrid Console Logfile for main
Logfile started at 2025-10-17 19:00:39.445715
=== Log starts here ===

root@arm:~# run() { echo -n "$MARKER"; sh -c "$@"; echo "$MARKER $?"; }
root@arm:~# echo 'HKGF''LJAHYG'
HKGFLJAHYG
root@arm:~# MARKER='CUBX''KAAVMN' run dmesg
CUBXKAAVMN[    0.000000] Booting Linux on physical CPU 0x0
[    0.000000] Linux version 6.18.0-rc1-next-20251017 (user01@drvtest01) (arm-none-eabi-gcc (Arm GNU Toolchain 14.2.Rel1 (Build arm-14.52)) 14.2.1 20241119, GNU ld (Arm GNU Toolchain 14.2.Rel1 (Build arm-14.52)) 2.43.1.20241119) #1 SMP Fri Oct 17 18:57:54 EEST 2025
[    0.000000] CPU: ARMv7 Processor [413fc082] revision 2 (ARMv7), cr=10c5387d
[    0.000000] CPU: PIPT / VIPT nonaliasing data cache, VIPT aliasing instruction cache
[    0.000000] OF: fdt: Machine model: TI AM335x BeagleBone Black
[    0.000000] Memory policy: Data cache writeback
[    0.000000] cma: Reserved 16 MiB at 0x9e800000
[    0.000000] Zone ranges:
[    0.000000]   Normal   [mem 0x0000000080000000-0x000000009fdfffff]
[    0.000000]   HighMem  empty
[    0.000000] Movable zone start for each node
[    0.000000] Early memory node ranges
[    0.000000]   node   0: [mem 0x0000000080000000-0x000000009fdfffff]
[    0.000000] Initmem setup node 0 [mem 0x0000000080000000-0x000000009fdfffff]
[    0.000000] On node 0, zone Normal: 512 pages in unavailable ranges
[    0.000000] OF: reserved mem: Reserved memory: No reserved-memory node in the DT
[    0.000000] CPU: All CPU(s) started in SVC mode.
[    0.000000] AM335X ES2.1 (sgx neon)
[    0.000000] percpu: Embedded 17 pages/cpu s40012 r8192 d21428 u69632
[    0.000000] pcpu-alloc: s40012 r8192 d21428 u69632 alloc=17*4096
[    0.000000] pcpu-alloc: [0] 0 
[    0.000000] Kernel command line: console=ttyO0,115200n8 root=/dev/nfs rw nfsroot=192.168.255.126:/home/user01/nfs,nfsvers=3 ip=192.168.255.1:192.168.255.126::255.255.255.0:bbb1:eth0 nfsrootdebug
[    0.000000] Unknown kernel command line parameters "nfsrootdebug", will be passed to user space.
[    0.000000] printk: log buffer data + meta data: 65536 + 204800 = 270336 bytes
[    0.000000] Dentry cache hash table entries: 65536 (order: 6, 262144 bytes, linear)
[    0.000000] Inode-cache hash table entries: 32768 (order: 5, 131072 bytes, linear)
[    0.000000] Built 1 zonelists, mobility grouping on.  Total pages: 130560
[    0.000000] mem auto-init: stack:off, heap alloc:off, heap free:off
[    0.000000] SLUB: HWalign=16, Order=0-3, MinObjects=0, CPUs=1, Nodes=1
[    0.000000] rcu: Hierarchical RCU implementation.
[    0.000000] rcu: 	RCU event tracing is enabled.
[    0.000000] rcu: 	RCU restricting CPUs from NR_CPUS=2 to nr_cpu_ids=1.
[    0.000000] 	Tracing variant of Tasks RCU enabled.
[    0.000000] rcu: RCU calculated value of scheduler-enlistment delay is 10 jiffies.
[    0.000000] rcu: Adjusting geometry for rcu_fanout_leaf=16, nr_cpu_ids=1
[    0.000000] RCU Tasks Trace: Setting shift to 0 and lim to 1 rcu_task_cb_adjust=1 rcu_task_cpu_ids=1.
[    0.000000] NR_IRQS: 16, nr_irqs: 16, preallocated irqs: 16
[    0.000000] IRQ: Found an INTC at 0x(ptrval) (revision 5.0) with 128 interrupts
[    0.000000] rcu: srcu_init: Setting srcu_struct sizes based on contention.
[    0.000000] TI gptimer clocksource: always-on /ocp/interconnect@44c00000/segment@200000/target-module@31000
[    0.000002] sched_clock: 32 bits at 24MHz, resolution 41ns, wraps every 89478484971ns
[    0.000026] clocksource: dmtimer: mask: 0xffffffff max_cycles: 0xffffffff, max_idle_ns: 79635851949 ns
[    0.000494] TI gptimer clockevent: 24000000 Hz at /ocp/interconnect@48000000/segment@0/target-module@40000
[    0.002063] Console: colour dummy device 80x30
[    0.002132] WARNING: Your 'console=ttyO0' has been replaced by 'ttyS0'
[    0.002140] This ensures that you still see kernel messages. Please
[    0.002144] update your kernel commandline.
[    0.002186] Calibrating delay loop... 996.14 BogoMIPS (lpj=4980736)
[    0.090607] CPU: Testing write buffer coherency: ok
[    0.090688] CPU0: Spectre v2: using BPIALL workaround
[    0.090698] pid_max: default: 32768 minimum: 301
[    0.090877] LSM: initializing lsm=capability
[    0.091041] Mount-cache hash table entries: 1024 (order: 0, 4096 bytes, linear)
[    0.091061] Mountpoint-cache hash table entries: 1024 (order: 0, 4096 bytes, linear)
[    0.092652] CPU0: thread -1, cpu 0, socket -1, mpidr 0
[    0.092709] cacheinfo: Unable to detect cache hierarchy for CPU 0
[    0.094783] Setting up static identity map for 0x80100000 - 0x80100078
[    0.095113] rcu: Hierarchical SRCU implementation.
[    0.095125] rcu: 	Max phase no-delay instances is 1000.
[    0.096840] smp: Bringing up secondary CPUs ...
[    0.096896] smp: Brought up 1 node, 1 CPU
[    0.096908] SMP: Total of 1 processors activated (996.14 BogoMIPS).
[    0.096919] CPU: All CPU(s) started in SVC mode.
[    0.097117] Memory: 480864K/522240K available (11264K kernel code, 1226K rwdata, 2952K rodata, 1024K init, 256K bss, 23336K reserved, 16384K cma-reserved, 0K highmem)
[    0.097942] devtmpfs: initialized
[    0.115344] VFP support v0.3: implementor 41 architecture 3 part 30 variant c rev 3
[    0.116001] clocksource: jiffies: mask: 0xffffffff max_cycles: 0xffffffff, max_idle_ns: 19112604462750000 ns
[    0.116059] posixtimers hash table entries: 512 (order: 0, 4096 bytes, linear)
[    0.116085] futex hash table entries: 256 (16384 bytes on 1 NUMA nodes, total 16 KiB, linear).
[    0.119296] NET: Registered PF_NETLINK/PF_ROUTE protocol family
[    0.122425] DMA: preallocated 256 KiB pool for atomic coherent allocations
[    0.123029] audit: initializing netlink subsys (disabled)
[    0.124388] thermal_sys: Registered thermal governor 'fair_share'
[    0.124403] thermal_sys: Registered thermal governor 'step_wise'
[    0.124413] thermal_sys: Registered thermal governor 'user_space'
[    0.124526] audit: type=2000 audit(0.120:1): state=initialized audit_enabled=0 res=1
[    0.124596] cpuidle: using governor menu
[    0.142477] /ocp/interconnect@44c00000/segment@200000/target-module@b000/i2c@0/tda19988@70: Fixed dependency cycle(s) with /ocp/interconnect@48000000/segment@300000/target-module@e000/lcdc@0
[    0.143583] /ocp/interconnect@48000000/segment@300000/target-module@e000/lcdc@0: Fixed dependency cycle(s) with /ocp/interconnect@44c00000/segment@200000/target-module@b000/i2c@0/tda19988@70
[    0.145759] No ATAGs?
[    0.145797] hw-breakpoint: debug architecture 0x4 unsupported.
[    0.148879] kprobes: kprobe jump-optimization is enabled. All kprobes are optimized if possible.
[    0.153932] iommu: Default domain type: Translated
[    0.153957] iommu: DMA domain TLB invalidation policy: strict mode
[    0.155521] reg-fixed-voltage fixedregulator0: using DT '/fixedregulator0' for '(default)' GPIO lookup
[    0.155578] of_get_named_gpiod_flags: can't parse 'gpios' property of node '/fixedregulator0[0]'
[    0.155605] of_get_named_gpiod_flags: can't parse 'gpio' property of node '/fixedregulator0[0]'
[    0.155624] reg-fixed-voltage fixedregulator0: using lookup tables for GPIO lookup
[    0.155635] reg-fixed-voltage fixedregulator0: No GPIO consumer (default) found
[    0.161393] SCSI subsystem initialized
[    0.161870] libata version 3.00 loaded.
[    0.162263] pps_core: LinuxPPS API ver. 1 registered
[    0.162275] pps_core: Software ver. 5.3.6 - Copyright 2005-2007 Rodolfo Giometti <giometti@linux.it>
[    0.162301] PTP clock support registered
[    0.171203] vgaarb: loaded
[    0.171575] clocksource: Switched to clocksource dmtimer
[    0.172256] VFS: Disk quotas dquot_6.6.0
[    0.172320] VFS: Dquot-cache hash table entries: 1024 (order 0, 4096 bytes)
[    0.196681] NET: Registered PF_INET protocol family
[    0.197023] IP idents hash table entries: 8192 (order: 4, 65536 bytes, linear)
[    0.198463] tcp_listen_portaddr_hash hash table entries: 512 (order: 0, 4096 bytes, linear)
[    0.198500] Table-perturb hash table entries: 65536 (order: 6, 262144 bytes, linear)
[    0.198518] TCP established hash table entries: 4096 (order: 2, 16384 bytes, linear)
[    0.198563] TCP bind hash table entries: 4096 (order: 4, 65536 bytes, linear)
[    0.198664] TCP: Hash tables configured (established 4096 bind 4096)
[    0.198788] UDP hash table entries: 256 (order: 1, 14336 bytes, linear)
[    0.198821] UDP-Lite hash table entries: 256 (order: 1, 14336 bytes, linear)
[    0.199029] NET: Registered PF_UNIX/PF_LOCAL protocol family
[    0.202565] RPC: Registered named UNIX socket transport module.
[    0.202587] RPC: Registered udp transport module.
[    0.202592] RPC: Registered tcp transport module.
[    0.202597] RPC: Registered tcp-with-tls transport module.
[    0.202602] RPC: Registered tcp NFSv4.1 backchannel transport module.
[    0.202627] PCI: CLS 0 bytes, default 64
[    0.204034] Initialise system trusted keyrings
[    0.212278] workingset: timestamp_bits=14 max_order=17 bucket_order=3
[    0.213742] NFS: Registering the id_resolver key type
[    0.213810] Key type id_resolver registered
[    0.213818] Key type id_legacy registered
[    0.213934] jffs2: version 2.2. (NAND) (SUMMARY)  Â© 2001-2006 Red Hat, Inc.
[    0.214400] Key type asymmetric registered
[    0.214414] Asymmetric key parser 'x509' registered
[    0.214489] io scheduler mq-deadline registered
[    0.214499] io scheduler kyber registered
[    0.214582] io scheduler bfq registered
[    0.216430] target-module@4b000000:target-module@140000:pmu@0:fck: device ID is greater than 24
[    0.221975] ledtrig-cpu: registered to indicate activity on CPUs
[    0.225721] Serial: 8250/16550 driver, 6 ports, IRQ sharing enabled
[    0.278035] brd: module loaded
[    0.286974] loop: module loaded
[    0.287905] mtdoops: mtd device (mtddev=name/number) must be supplied
[    0.289451] mdio_bus fixed-0: using lookup tables for GPIO lookup
[    0.289475] mdio_bus fixed-0: No GPIO consumer reset found
[    0.290895] i2c_dev: i2c /dev entries driver
[    0.292082] cpuidle: enable-method property 'ti,am3352' found operations
[    0.292546] sdhci: Secure Digital Host Controller Interface driver
[    0.292556] sdhci: Copyright(c) Pierre Ossman
[    0.292740] sdhci-pltfm: SDHCI platform and OF driver helper
[    0.302019] hw perfevents: enabled with armv7_cortex_a8 PMU driver, 5 (8000000f) counters available
[    0.302567] Initializing XFRM netlink socket
[    0.302740] NET: Registered PF_INET6 protocol family
[    0.304749] Segment Routing with IPv6
[    0.304829] In-situ OAM (IOAM) with IPv6
[    0.304925] sit: IPv6, IPv4 and MPLS over IPv4 tunneling driver
[    0.305881] NET: Registered PF_PACKET protocol family
[    0.305909] NET: Registered PF_KEY protocol family
[    0.306031] Key type dns_resolver registered
[    0.306258] ThumbEE CPU extension supported.
[    0.306279] Registering SWP/SWPB emulation handler
[    0.306800] omap_voltage_late_init: Voltage driver support not added
[    0.307456] SmartReflex Class3 initialized
[    0.342579] Loading compiled-in X.509 certificates
[    0.380278] /ocp/interconnect@44c00000/segment@200000/target-module@b000/i2c@0/tda19988@70: Fixed dependency cycle(s) with /ocp/interconnect@48000000/segment@300000/target-module@e000/lcdc@0
[    0.386758] /ocp/interconnect@44c00000/segment@200000/target-module@b000/i2c@0/tda19988@70: Fixed dependency cycle(s) with /ocp/interconnect@48000000/segment@300000/target-module@e000/lcdc@0
[    0.392360] gpiochip_find_base_unlocked: found new base at 512
[    0.429151] /ocp/interconnect@44c00000/segment@200000/target-module@b000/i2c@0/tda19988@70: Fixed dependency cycle(s) with /ocp/interconnect@48000000/segment@300000/target-module@e000/lcdc@0
[    0.430026] /ocp/interconnect@44c00000/segment@200000/target-module@b000/i2c@0/tda19988@70: Fixed dependency cycle(s) with /ocp/interconnect@48000000/segment@300000/target-module@e000/lcdc@0
[    0.433801] /ocp/interconnect@44c00000/segment@200000/target-module@10000/scm@0/pinmux@800: Fixed dependency cycle(s) with /ocp/interconnect@44c00000/segment@200000/target-module@10000/scm@0/pinmux@800/clkout2-pins
[    0.434399] pinctrl-single 44e10800.pinmux: 142 pins, size 568
[    0.439632] ti-sysc 44e31000.target-module: probe with driver ti-sysc failed with error -16
[    0.459301] /ocp/interconnect@48000000/segment@300000/target-module@e000/lcdc@0: Fixed dependency cycle(s) with /ocp/interconnect@44c00000/segment@200000/target-module@b000/i2c@0/tda19988@70
[    0.467602] ti-sysc 48040000.target-module: probe with driver ti-sysc failed with error -16
[    0.479185] gpiochip_find_base_unlocked: found new base at 512
[    0.479298] gpio gpiochip0: (gpio-0-31): created GPIO range 0->7 ==> 44e10800.pinmux PIN 0->7
[    0.479317] gpio gpiochip0: (gpio-0-31): created GPIO range 8->11 ==> 44e10800.pinmux PIN 90->93
[    0.479333] gpio gpiochip0: (gpio-0-31): created GPIO range 12->27 ==> 44e10800.pinmux PIN 12->27
[    0.479349] gpio gpiochip0: (gpio-0-31): created GPIO range 28->31 ==> 44e10800.pinmux PIN 30->33
[    0.513480] gpio gpiochip0: (gpio-0-31): added GPIO chardev (254:0)
[    0.513713] gpio gpiochip0: registered GPIOs 512 to 543 on gpio-0-31
[    0.513801] OMAP GPIO hardware version 0.1
[    0.539011] i2c i2c-2: using DT '/ocp/interconnect@48000000/segment@100000/target-module@9c000/i2c@0' for 'scl' GPIO lookup
[    0.539083] of_get_named_gpiod_flags: can't parse 'scl-gpios' property of node '/ocp/interconnect@48000000/segment@100000/target-module@9c000/i2c@0[0]'
[    0.539124] of_get_named_gpiod_flags: can't parse 'scl-gpio' property of node '/ocp/interconnect@48000000/segment@100000/target-module@9c000/i2c@0[0]'
[    0.539160] i2c i2c-2: using lookup tables for GPIO lookup
[    0.539170] i2c i2c-2: No GPIO consumer scl found
[    0.539193] i2c i2c-2: using DT '/ocp/interconnect@48000000/segment@100000/target-module@9c000/i2c@0' for 'sda' GPIO lookup
[    0.539228] of_get_named_gpiod_flags: can't parse 'sda-gpios' property of node '/ocp/interconnect@48000000/segment@100000/target-module@9c000/i2c@0[0]'
[    0.539265] of_get_named_gpiod_flags: can't parse 'sda-gpio' property of node '/ocp/interconnect@48000000/segment@100000/target-module@9c000/i2c@0[0]'
[    0.539296] i2c i2c-2: using lookup tables for GPIO lookup
[    0.539304] i2c i2c-2: No GPIO consumer sda found
[    0.540020] omap_i2c 4819c000.i2c: bus 2 rev0.11 at 100 kHz
[    0.545886] gpiochip_find_base_unlocked: found new base at 544
[    0.545986] gpio gpiochip1: (gpio-32-63): created GPIO range 0->17 ==> 44e10800.pinmux PIN 34->51
[    0.546008] gpio gpiochip1: (gpio-32-63): created GPIO range 18->21 ==> 44e10800.pinmux PIN 77->80
[    0.546023] gpio gpiochip1: (gpio-32-63): created GPIO range 22->31 ==> 44e10800.pinmux PIN 56->65
[    0.555686] gpio gpiochip1: (gpio-32-63): added GPIO chardev (254:1)
[    0.555903] gpio gpiochip1: registered GPIOs 544 to 575 on gpio-32-63
[    0.558170] gpiochip_find_base_unlocked: found new base at 576
[    0.558258] gpio gpiochip2: (gpio-64-95): created GPIO range 0->4 ==> 44e10800.pinmux PIN 66->70
[    0.558277] gpio gpiochip2: (gpio-64-95): created GPIO range 5->6 ==> 44e10800.pinmux PIN 98->99
[    0.558293] gpio gpiochip2: (gpio-64-95): created GPIO range 7->8 ==> 44e10800.pinmux PIN 75->76
[    0.558308] gpio gpiochip2: (gpio-64-95): created GPIO range 13->13 ==> 44e10800.pinmux PIN 141->141
[    0.558324] gpio gpiochip2: (gpio-64-95): created GPIO range 14->21 ==> 44e10800.pinmux PIN 100->107
[    0.558963] gpio gpiochip2: (gpio-64-95): added GPIO chardev (254:2)
[    0.559175] gpio gpiochip2: registered GPIOs 576 to 607 on gpio-64-95
[    0.565020] 48000000.interconnect:segment@200000:target-module@0:mpu@0:fck: device ID is greater than 24
[    0.565913] /ocp/interconnect@48000000/segment@300000/target-module@e000/lcdc@0: Fixed dependency cycle(s) with /ocp/interconnect@44c00000/segment@200000/target-module@b000/i2c@0/tda19988@70
[    0.568701] /ocp/interconnect@48000000/segment@300000/target-module@e000/lcdc@0: Fixed dependency cycle(s) with /ocp/interconnect@44c00000/segment@200000/target-module@b000/i2c@0/tda19988@70
[    0.569410] /ocp/interconnect@44c00000/segment@200000/target-module@b000/i2c@0/tda19988@70: Fixed dependency cycle(s) with /ocp/interconnect@48000000/segment@300000/target-module@e000/lcdc@0
[    0.569581] /ocp/interconnect@48000000/segment@300000/target-module@e000/lcdc@0: Fixed dependency cycle(s) with /ocp/interconnect@44c00000/segment@200000/target-module@b000/i2c@0/tda19988@70
[    0.576893] sdhci-omap 481d8000.mmc: using DT '/ocp/interconnect@48000000/segment@100000/target-module@d8000/mmc@0' for 'wp' GPIO lookup
[    0.576962] of_get_named_gpiod_flags: can't parse 'wp-gpios' property of node '/ocp/interconnect@48000000/segment@100000/target-module@d8000/mmc@0[0]'
[    0.577004] of_get_named_gpiod_flags: can't parse 'wp-gpio' property of node '/ocp/interconnect@48000000/segment@100000/target-module@d8000/mmc@0[0]'
[    0.577042] sdhci-omap 481d8000.mmc: using lookup tables for GPIO lookup
[    0.577052] sdhci-omap 481d8000.mmc: No GPIO consumer wp found
[    0.577243] sdhci-omap 481d8000.mmc: supply pbias not found, using dummy regulator
[    0.577730] sdhci-omap 481d8000.mmc: supply vqmmc not found, using dummy regulator
[    0.614313] mdio_bus 4a101000.mdio: using DT '/ocp/interconnect@4a000000/segment@0/target-module@100000/switch@0/mdio@1000' for 'reset' GPIO lookup
[    0.614385] of_get_named_gpiod_flags: can't parse 'reset-gpios' property of node '/ocp/interconnect@4a000000/segment@0/target-module@100000/switch@0/mdio@1000[0]'
[    0.614431] of_get_named_gpiod_flags: can't parse 'reset-gpio' property of node '/ocp/interconnect@4a000000/segment@0/target-module@100000/switch@0/mdio@1000[0]'
[    0.614478] mdio_bus 4a101000.mdio: using lookup tables for GPIO lookup
[    0.614489] mdio_bus 4a101000.mdio: No GPIO consumer reset found
[    0.677779] davinci_mdio 4a101000.mdio: davinci mdio revision 1.6, bus freq 1000000
[    0.699463] mdio_bus 4a101000.mdio:00: using DT '/ocp/interconnect@4a000000/segment@0/target-module@100000/switch@0/mdio@1000/ethernet-phy@0' for 'reset' GPIO lookup
[    0.699560] of_get_named_gpiod_flags: parsed 'reset-gpios' property of node '/ocp/interconnect@4a000000/segment@0/target-module@100000/switch@0/mdio@1000/ethernet-phy@0[0]' - status (0)
[    0.699725] gpio gpiochip0: Persistence not supported for GPIO 8
[    0.827343] davinci_mdio 4a101000.mdio: phy[0]: device 4a101000.mdio:00, driver SMSC LAN8710/LAN8720
[    0.828140] cpsw-switch 4a100000.switch: initialized cpsw ale version 1.4
[    0.828162] cpsw-switch 4a100000.switch: ALE Table size 1024, Policers 0
[    0.828503] cpsw-switch 4a100000.switch: cpts: overflow check period 500 (jiffies)
[    0.828523] cpsw-switch 4a100000.switch: CPTS: ref_clk_freq:250000000 calc_mult:2147483648 calc_shift:29 error:0 nsec/sec
[    0.828628] cpsw-switch 4a100000.switch: Detected MACID = 6c:ec:eb:68:de:78
[    0.830502] cpsw-switch 4a100000.switch: initialized (regs 0x4a100000, pool size 256) hw_ver:0019010C 1.12 (0)
[    0.854553] debugfs: '49000000.dma' already exists in 'dmaengine'
[    0.854596] edma 49000000.dma: TI EDMA DMA engine driver
[    0.905726] gpio-clk clk_mcasp0: using DT '/clk_mcasp0' for 'enable' GPIO lookup
[    0.905805] of_get_named_gpiod_flags: parsed 'enable-gpios' property of node '/clk_mcasp0[0]' - status (0)
[    0.905850] gpio gpiochip0: Persistence not supported for GPIO 27
[    0.906599] gpiochip_find_base_unlocked: found new base at 608
[    0.906710] gpio gpiochip3: (gpio-96-127): created GPIO range 0->7 ==> 44e10800.pinmux PIN 82->89
[    0.906731] gpio gpiochip3: (gpio-96-127): created GPIO range 8->11 ==> 44e10800.pinmux PIN 52->55
[    0.906747] gpio gpiochip3: (gpio-96-127): created GPIO range 12->15 ==> 44e10800.pinmux PIN 94->97
[    0.906763] gpio gpiochip3: (gpio-96-127): created GPIO range 16->17 ==> 44e10800.pinmux PIN 71->72
[    0.906779] gpio gpiochip3: (gpio-96-127): created GPIO range 18->18 ==> 44e10800.pinmux PIN 135->135
[    0.906795] gpio gpiochip3: (gpio-96-127): created GPIO range 19->20 ==> 44e10800.pinmux PIN 108->109
[    0.906812] gpio gpiochip3: (gpio-96-127): created GPIO range 21->21 ==> 44e10800.pinmux PIN 73->73
[    0.906829] gpio gpiochip3: (gpio-96-127): created GPIO range 22->23 ==> 44e10800.pinmux PIN 8->9
[    0.906846] gpio gpiochip3: (gpio-96-127): created GPIO range 26->27 ==> 44e10800.pinmux PIN 10->11
[    0.906864] gpio gpiochip3: (gpio-96-127): created GPIO range 28->28 ==> 44e10800.pinmux PIN 74->74
[    0.906882] gpio gpiochip3: (gpio-96-127): created GPIO range 29->29 ==> 44e10800.pinmux PIN 81->81
[    0.906901] gpio gpiochip3: (gpio-96-127): created GPIO range 30->31 ==> 44e10800.pinmux PIN 28->29
[    0.907938] gpio gpiochip3: (gpio-96-127): added GPIO chardev (254:3)
[    0.908173] gpio gpiochip3: registered GPIOs 608 to 639 on gpio-96-127
[    0.920975] omap8250 44e09000.serial: using DT '/ocp/interconnect@44c00000/segment@200000/target-module@9000/serial@0' for 'rs485-term' GPIO lookup
[    0.921050] of_get_named_gpiod_flags: can't parse 'rs485-term-gpios' property of node '/ocp/interconnect@44c00000/segment@200000/target-module@9000/serial@0[0]'
[    0.921094] of_get_named_gpiod_flags: can't parse 'rs485-term-gpio' property of node '/ocp/interconnect@44c00000/segment@200000/target-module@9000/serial@0[0]'
[    0.921131] omap8250 44e09000.serial: using lookup tables for GPIO lookup
[    0.921141] omap8250 44e09000.serial: No GPIO consumer rs485-term found
[    0.921151] omap8250 44e09000.serial: using DT '/ocp/interconnect@44c00000/segment@200000/target-module@9000/serial@0' for 'rs485-rx-during-tx' GPIO lookup
[    0.921187] of_get_named_gpiod_flags: can't parse 'rs485-rx-during-tx-gpios' property of node '/ocp/interconnect@44c00000/segment@200000/target-module@9000/serial@0[0]'
[    0.921224] of_get_named_gpiod_flags: can't parse 'rs485-rx-during-tx-gpio' property of node '/ocp/interconnect@44c00000/segment@200000/target-module@9000/serial@0[0]'
[    0.921257] omap8250 44e09000.serial: using lookup tables for GPIO lookup
[    0.921265] omap8250 44e09000.serial: No GPIO consumer rs485-rx-during-tx found
[    0.921867] 44e09000.serial: ttyS0 at MMIO 0x44e09000 (irq = 34, base_baud = 3000000) is a 8250
[    0.921963] printk: legacy console [ttyS0] enabled
[    2.411137] i2c i2c-0: using DT '/ocp/interconnect@44c00000/segment@200000/target-module@b000/i2c@0' for 'scl' GPIO lookup
[    2.411225] of_get_named_gpiod_flags: can't parse 'scl-gpios' property of node '/ocp/interconnect@44c00000/segment@200000/target-module@b000/i2c@0[0]'
[    2.411270] of_get_named_gpiod_flags: can't parse 'scl-gpio' property of node '/ocp/interconnect@44c00000/segment@200000/target-module@b000/i2c@0[0]'
[    2.411311] i2c i2c-0: using lookup tables for GPIO lookup
[    2.411325] i2c i2c-0: No GPIO consumer scl found
[    2.411351] i2c i2c-0: using DT '/ocp/interconnect@44c00000/segment@200000/target-module@b000/i2c@0' for 'sda' GPIO lookup
[    2.411390] of_get_named_gpiod_flags: can't parse 'sda-gpios' property of node '/ocp/interconnect@44c00000/segment@200000/target-module@b000/i2c@0[0]'
[    2.411431] of_get_named_gpiod_flags: can't parse 'sda-gpio' property of node '/ocp/interconnect@44c00000/segment@200000/target-module@b000/i2c@0[0]'
[    2.411467] i2c i2c-0: using lookup tables for GPIO lookup
[    2.411478] i2c i2c-0: No GPIO consumer sda found
[    2.432508] tps65217-pmic: Failed to locate of_node [id: -1]
[    2.438575] tps65217-bl: Failed to locate of_node [id: -1]
[    2.444635] platform tps65217-charger: DMA mask not set
[    2.450656] platform tps65217-pwrbutton: DMA mask not set
[    2.457906] tps65217 0-0024: TPS65217 ID 0xe version 1.2
[    2.464009] /ocp/interconnect@48000000/segment@300000/target-module@e000/lcdc@0: Fixed dependency cycle(s) with /ocp/interconnect@44c00000/segment@200000/target-module@b000/i2c@0/tda19988@70
[    2.481433] /ocp/interconnect@44c00000/segment@200000/target-module@b000/i2c@0/tda19988@70: Fixed dependency cycle(s) with /ocp/interconnect@48000000/segment@300000/target-module@e000/lcdc@0
[    2.498870] omap_i2c 44e0b000.i2c: bus 0 rev0.11 at 400 kHz
[    2.506622] sdhci-omap 48060000.mmc: using DT '/ocp/interconnect@48000000/segment@0/target-module@60000/mmc@0' for 'cd' GPIO lookup
[    2.506729] of_get_named_gpiod_flags: parsed 'cd-gpios' property of node '/ocp/interconnect@48000000/segment@0/target-module@60000/mmc@0[0]' - status (0)
[    2.506793] gpio gpiochip3: Persistence not supported for GPIO 6
[    2.506819] omap_gpio 44e07000.gpio: Could not set line 6 debounce to 200000 microseconds (-22)
[    2.515721] sdhci-omap 48060000.mmc: Got CD GPIO
[    2.520375] sdhci-omap 48060000.mmc: using DT '/ocp/interconnect@48000000/segment@0/target-module@60000/mmc@0' for 'wp' GPIO lookup
[    2.520423] of_get_named_gpiod_flags: can't parse 'wp-gpios' property of node '/ocp/interconnect@48000000/segment@0/target-module@60000/mmc@0[0]'
[    2.520466] of_get_named_gpiod_flags: can't parse 'wp-gpio' property of node '/ocp/interconnect@48000000/segment@0/target-module@60000/mmc@0[0]'
[    2.520506] sdhci-omap 48060000.mmc: using lookup tables for GPIO lookup
[    2.520521] sdhci-omap 48060000.mmc: No GPIO consumer wp found
[    2.520727] sdhci-omap 48060000.mmc: supply pbias not found, using dummy regulator
[    2.529545] sdhci-omap 481d8000.mmc: using DT '/ocp/interconnect@48000000/segment@100000/target-module@d8000/mmc@0' for 'wp' GPIO lookup
[    2.529618] of_get_named_gpiod_flags: can't parse 'wp-gpios' property of node '/ocp/interconnect@48000000/segment@100000/target-module@d8000/mmc@0[0]'
[    2.529664] of_get_named_gpiod_flags: can't parse 'wp-gpio' property of node '/ocp/interconnect@48000000/segment@100000/target-module@d8000/mmc@0[0]'
[    2.529704] sdhci-omap 481d8000.mmc: using lookup tables for GPIO lookup
[    2.529718] sdhci-omap 481d8000.mmc: No GPIO consumer wp found
[    2.530853] sdhci-omap 48060000.mmc: supply vqmmc not found, using dummy regulator
[    2.539853] sdhci-omap 481d8000.mmc: supply pbias not found, using dummy regulator
[    2.548508] sdhci-omap 481d8000.mmc: supply vqmmc not found, using dummy regulator
[    2.585310] mmc0: SDHCI controller on 48060000.mmc [48060000.mmc] using External DMA
[    2.593550] mmc1: SDHCI controller on 481d8000.mmc [481d8000.mmc] using External DMA
[    2.602384] cpsw-switch 4a100000.switch: starting ndev. mode: dual_mac
[    2.671885] mmc1: new high speed MMC card at address 0001
[    2.678733] mmcblk1: mmc1:0001 MMC04G 3.60 GiB
[    2.686607]  mmcblk1: p1 p2
[    2.690343] SMSC LAN8710/LAN8720 4a101000.mdio:00: attached PHY driver (mii_bus:phy_addr=4a101000.mdio:00, irq=POLL)
[    2.703042] mmcblk1boot0: mmc1:0001 MMC04G 2.00 MiB
[    2.716935] mmcblk1boot1: mmc1:0001 MMC04G 2.00 MiB
[    2.725892] mmcblk1rpmb: mmc1:0001 MMC04G 128 KiB, chardev (249:0)
[    2.775121] mmc0: new high speed SDHC card at address aaaa
[    2.782065] mmcblk0: mmc0:aaaa SE32G 29.7 GiB
[    2.791149]  mmcblk0: p1 p2
[    5.842333] cpsw-switch 4a100000.switch eth0: Link is Up - 100Mbps/Full - flow control off
[    5.871587] IP-Config: Complete:
[    5.874858]      device=eth0, hwaddr=6c:ec:eb:68:de:78, ipaddr=192.168.255.1, mask=255.255.255.0, gw=255.255.255.255
[    5.885505]      host=bbb1, domain=, nis-domain=(none)
[    5.890674]      bootserver=192.168.255.126, rootserver=192.168.255.126, rootpath=
[    5.891096] clk: Disabling unused clocks
[    5.902954] PM: genpd: Disabling unused power domains
[    5.908104] KTAP version 1
[    5.910825] 1..0
[    5.913564] check access for rdinit=/init failed: -2, ignoring
[    5.951968] VFS: Mounted root (nfs filesystem) on device 0:17.
[    5.958769] devtmpfs: mounted
[    5.963469] Freeing unused kernel image (initmem) memory: 1024K
[    5.970051] Run /sbin/init as init process
[    5.974283]   with arguments:
[    5.974300]     /sbin/init
[    5.974309]     nfsrootdebug
[    5.974319]   with environment:
[    5.974327]     HOME=/
[    5.974336]     TERM=linux
[    6.647840] systemd[1]: System time before build time, advancing clock.
[    8.171597] random: crng init done
[    8.234281] systemd[1]: systemd 232 running in system mode. (+PAM +AUDIT +SELINUX +IMA +APPARMOR +SMACK +SYSVINIT +UTMP +LIBCRYPTSETUP +GCRYPT +GNUTLS +ACL +XZ +LZ4 +SECCOMP +BLKID +ELFUTILS +KMOD +IDN)
[    8.253385] systemd[1]: Detected architecture arm.
[    8.284724] systemd[1]: Set hostname to <arm>.
[    9.387426] systemd[1]: Started Dispatch Password Requests to Console Directory Watch.
[    9.422163] systemd[1]: Reached target Swap.
[    9.443372] systemd[1]: Set up automount Arbitrary Executable File Formats File System Automount Point.
[    9.472026] systemd[1]: Reached target Remote File Systems.
[    9.505460] systemd[1]: syslog.socket: SO_PASSSEC failed: Operation not supported
[    9.513442] systemd[1]: Listening on Syslog Socket.
[    9.543136] systemd[1]: Created slice System Slice.
[   11.501719] systemd-journald[83]: Received request to flush runtime journal from PID 1
[   12.647867] omap_prm 44e00d00.prm: sync_state() pending due to 44d00000.cpu
[   19.257588] omap_rtc 44e3e000.rtc: registered as rtc0
[   19.262945] omap_rtc 44e3e000.rtc: setting system clock to 2000-01-01T00:00:00 UTC (946684800)
[   19.271736] omap_rtc 44e3e000.rtc: using DT '/ocp/interconnect@44c00000/segment@200000/target-module@3e000/rtc@0' for 'wp' GPIO lookup
[   19.271810] of_get_named_gpiod_flags: can't parse 'wp-gpios' property of node '/ocp/interconnect@44c00000/segment@200000/target-module@3e000/rtc@0[0]'
[   19.271861] of_get_named_gpiod_flags: can't parse 'wp-gpio' property of node '/ocp/interconnect@44c00000/segment@200000/target-module@3e000/rtc@0[0]'
[   19.271902] omap_rtc 44e3e000.rtc: using lookup tables for GPIO lookup
[   19.271917] omap_rtc 44e3e000.rtc: No GPIO consumer wp found
[   19.510015] PM: Cannot get wkup_m3_ipc handle
[   21.887860] ------------[ cut here ]------------
[   21.892697] WARNING: net/8021q/vlan_core.c:236 at vlan_for_each+0x114/0x134, CPU#0: avahi-daemon/293
[   21.902013] RTNL: assertion failed at net/8021q/vlan_core.c (236)
[   21.908142] Modules linked in: bluetooth(+) ecdh_generic ecc libaes pm33xx rtc_omap wkup_m3_ipc ti_emif_sram cpufreq_dt autofs4
[   21.919788] CPU: 0 UID: 107 PID: 293 Comm: avahi-daemon Not tainted 6.18.0-rc1-next-20251017 #1 NONE 
[   21.919806] Hardware name: Generic AM33XX (Flattened Device Tree)
[   21.919815] Call trace: 
[   21.919831]  unwind_backtrace from show_stack+0x10/0x14
[   21.919868]  show_stack from dump_stack_lvl+0x50/0x64
[   21.919893]  dump_stack_lvl from __warn+0x88/0x148
[   21.919912]  __warn from warn_slowpath_fmt+0x19c/0x1b0
[   21.919925]  warn_slowpath_fmt from vlan_for_each+0x114/0x134
[   21.919945]  vlan_for_each from cpsw_add_mc_addr+0x40/0xa4
[   21.919971]  cpsw_add_mc_addr from __hw_addr_ref_sync_dev+0x108/0x140
[   21.920000]  __hw_addr_ref_sync_dev from __dev_mc_add+0x7c/0x80
[   21.920022]  __dev_mc_add from igmp6_group_added+0xc8/0xe0
[   21.920049]  igmp6_group_added from __ipv6_dev_mc_inc+0x218/0x364
[   21.920067]  __ipv6_dev_mc_inc from __ipv6_sock_mc_join+0x11c/0x1c0
[   21.920086]  __ipv6_sock_mc_join from do_ipv6_setsockopt+0x1214/0x1310
[   21.920117]  do_ipv6_setsockopt from ipv6_setsockopt+0x60/0xcc
[   21.920138]  ipv6_setsockopt from udpv6_setsockopt+0x2c/0x6c
[   21.920163]  udpv6_setsockopt from sock_common_setsockopt+0x30/0x40
[   21.920196]  sock_common_setsockopt from do_sock_setsockopt+0x50/0x9c
[   21.920218]  do_sock_setsockopt from __sys_setsockopt+0x70/0xbc
[   21.920237]  __sys_setsockopt from ret_fast_syscall+0x0/0x58
[   21.920254] Exception stack(0xe011dfa8 to 0xe011dff0)
[   21.920268] dfa0:                   00000014 b6fafce8 0000000d 00000029 00000014 bebe59ec
[   21.920279] dfc0: 00000014 b6fafce8 00000014 00000126 0000000d b6f58ff4 004ee988 004d6558
[   21.920288] dfe0: b6f6e088 bebe59d8 b6f4b309 b6e2241a
[   21.920296] ---[ end trace 0000000000000000 ]---
[   22.085144] Bluetooth: Core ver 2.22
[   22.089038] NET: Registered PF_BLUETOOTH protocol family
[   22.094520] Bluetooth: HCI device and connection manager initialized
[   22.100937] Bluetooth: HCI socket layer initialized
[   22.105900] Bluetooth: L2CAP socket layer initialized
[   22.111011] Bluetooth: SCO socket layer initialized
[   23.625485] userial_init: registered 8 ttyGS* devices
[   23.858809] rndis_register: configNr = 0
CUBXKAAVMN 0
root@arm:~# echo 'KQEO''AJQOQW'
KQEOAJQOQW
root@arm:~# MARKER='JHAQ''EZPYEX' run 'modprobe test_linear_ranges'
JHAQEZPYEXJHAQEZPYEX 0
root@arm:~# echo 'HPBC''MNLYAK'
HPBCMNLYAK
root@arm:~# MARKER='YBYM''ZJBHTB' run dmesg
YBYMZJBHTB[    0.000000] Booting Linux on physical CPU 0x0
[    0.000000] Linux version 6.18.0-rc1-next-20251017 (user01@drvtest01) (arm-none-eabi-gcc (Arm GNU Toolchain 14.2.Rel1 (Build arm-14.52)) 14.2.1 20241119, GNU ld (Arm GNU Toolchain 14.2.Rel1 (Build arm-14.52)) 2.43.1.20241119) #1 SMP Fri Oct 17 18:57:54 EEST 2025
[    0.000000] CPU: ARMv7 Processor [413fc082] revision 2 (ARMv7), cr=10c5387d
[    0.000000] CPU: PIPT / VIPT nonaliasing data cache, VIPT aliasing instruction cache
[    0.000000] OF: fdt: Machine model: TI AM335x BeagleBone Black
[    0.000000] Memory policy: Data cache writeback
[    0.000000] cma: Reserved 16 MiB at 0x9e800000
[    0.000000] Zone ranges:
[    0.000000]   Normal   [mem 0x0000000080000000-0x000000009fdfffff]
[    0.000000]   HighMem  empty
[    0.000000] Movable zone start for each node
[    0.000000] Early memory node ranges
[    0.000000]   node   0: [mem 0x0000000080000000-0x000000009fdfffff]
[    0.000000] Initmem setup node 0 [mem 0x0000000080000000-0x000000009fdfffff]
[    0.000000] On node 0, zone Normal: 512 pages in unavailable ranges
[    0.000000] OF: reserved mem: Reserved memory: No reserved-memory node in the DT
[    0.000000] CPU: All CPU(s) started in SVC mode.
[    0.000000] AM335X ES2.1 (sgx neon)
[    0.000000] percpu: Embedded 17 pages/cpu s40012 r8192 d21428 u69632
[    0.000000] pcpu-alloc: s40012 r8192 d21428 u69632 alloc=17*4096
[    0.000000] pcpu-alloc: [0] 0 
[    0.000000] Kernel command line: console=ttyO0,115200n8 root=/dev/nfs rw nfsroot=192.168.255.126:/home/user01/nfs,nfsvers=3 ip=192.168.255.1:192.168.255.126::255.255.255.0:bbb1:eth0 nfsrootdebug
[    0.000000] Unknown kernel command line parameters "nfsrootdebug", will be passed to user space.
[    0.000000] printk: log buffer data + meta data: 65536 + 204800 = 270336 bytes
[    0.000000] Dentry cache hash table entries: 65536 (order: 6, 262144 bytes, linear)
[    0.000000] Inode-cache hash table entries: 32768 (order: 5, 131072 bytes, linear)
[    0.000000] Built 1 zonelists, mobility grouping on.  Total pages: 130560
[    0.000000] mem auto-init: stack:off, heap alloc:off, heap free:off
[    0.000000] SLUB: HWalign=16, Order=0-3, MinObjects=0, CPUs=1, Nodes=1
[    0.000000] rcu: Hierarchical RCU implementation.
[    0.000000] rcu: 	RCU event tracing is enabled.
[    0.000000] rcu: 	RCU restricting CPUs from NR_CPUS=2 to nr_cpu_ids=1.
[    0.000000] 	Tracing variant of Tasks RCU enabled.
[    0.000000] rcu: RCU calculated value of scheduler-enlistment delay is 10 jiffies.
[    0.000000] rcu: Adjusting geometry for rcu_fanout_leaf=16, nr_cpu_ids=1
[    0.000000] RCU Tasks Trace: Setting shift to 0 and lim to 1 rcu_task_cb_adjust=1 rcu_task_cpu_ids=1.
[    0.000000] NR_IRQS: 16, nr_irqs: 16, preallocated irqs: 16
[    0.000000] IRQ: Found an INTC at 0x(ptrval) (revision 5.0) with 128 interrupts
[    0.000000] rcu: srcu_init: Setting srcu_struct sizes based on contention.
[    0.000000] TI gptimer clocksource: always-on /ocp/interconnect@44c00000/segment@200000/target-module@31000
[    0.000002] sched_clock: 32 bits at 24MHz, resolution 41ns, wraps every 89478484971ns
[    0.000026] clocksource: dmtimer: mask: 0xffffffff max_cycles: 0xffffffff, max_idle_ns: 79635851949 ns
[    0.000494] TI gptimer clockevent: 24000000 Hz at /ocp/interconnect@48000000/segment@0/target-module@40000
[    0.002063] Console: colour dummy device 80x30
[    0.002132] WARNING: Your 'console=ttyO0' has been replaced by 'ttyS0'
[    0.002140] This ensures that you still see kernel messages. Please
[    0.002144] update your kernel commandline.
[    0.002186] Calibrating delay loop... 996.14 BogoMIPS (lpj=4980736)
[    0.090607] CPU: Testing write buffer coherency: ok
[    0.090688] CPU0: Spectre v2: using BPIALL workaround
[    0.090698] pid_max: default: 32768 minimum: 301
[    0.090877] LSM: initializing lsm=capability
[    0.091041] Mount-cache hash table entries: 1024 (order: 0, 4096 bytes, linear)
[    0.091061] Mountpoint-cache hash table entries: 1024 (order: 0, 4096 bytes, linear)
[    0.092652] CPU0: thread -1, cpu 0, socket -1, mpidr 0
[    0.092709] cacheinfo: Unable to detect cache hierarchy for CPU 0
[    0.094783] Setting up static identity map for 0x80100000 - 0x80100078
[    0.095113] rcu: Hierarchical SRCU implementation.
[    0.095125] rcu: 	Max phase no-delay instances is 1000.
[    0.096840] smp: Bringing up secondary CPUs ...
[    0.096896] smp: Brought up 1 node, 1 CPU
[    0.096908] SMP: Total of 1 processors activated (996.14 BogoMIPS).
[    0.096919] CPU: All CPU(s) started in SVC mode.
[    0.097117] Memory: 480864K/522240K available (11264K kernel code, 1226K rwdata, 2952K rodata, 1024K init, 256K bss, 23336K reserved, 16384K cma-reserved, 0K highmem)
[    0.097942] devtmpfs: initialized
[    0.115344] VFP support v0.3: implementor 41 architecture 3 part 30 variant c rev 3
[    0.116001] clocksource: jiffies: mask: 0xffffffff max_cycles: 0xffffffff, max_idle_ns: 19112604462750000 ns
[    0.116059] posixtimers hash table entries: 512 (order: 0, 4096 bytes, linear)
[    0.116085] futex hash table entries: 256 (16384 bytes on 1 NUMA nodes, total 16 KiB, linear).
[    0.119296] NET: Registered PF_NETLINK/PF_ROUTE protocol family
[    0.122425] DMA: preallocated 256 KiB pool for atomic coherent allocations
[    0.123029] audit: initializing netlink subsys (disabled)
[    0.124388] thermal_sys: Registered thermal governor 'fair_share'
[    0.124403] thermal_sys: Registered thermal governor 'step_wise'
[    0.124413] thermal_sys: Registered thermal governor 'user_space'
[    0.124526] audit: type=2000 audit(0.120:1): state=initialized audit_enabled=0 res=1
[    0.124596] cpuidle: using governor menu
[    0.142477] /ocp/interconnect@44c00000/segment@200000/target-module@b000/i2c@0/tda19988@70: Fixed dependency cycle(s) with /ocp/interconnect@48000000/segment@300000/target-module@e000/lcdc@0
[    0.143583] /ocp/interconnect@48000000/segment@300000/target-module@e000/lcdc@0: Fixed dependency cycle(s) with /ocp/interconnect@44c00000/segment@200000/target-module@b000/i2c@0/tda19988@70
[    0.145759] No ATAGs?
[    0.145797] hw-breakpoint: debug architecture 0x4 unsupported.
[    0.148879] kprobes: kprobe jump-optimization is enabled. All kprobes are optimized if possible.
[    0.153932] iommu: Default domain type: Translated
[    0.153957] iommu: DMA domain TLB invalidation policy: strict mode
[    0.155521] reg-fixed-voltage fixedregulator0: using DT '/fixedregulator0' for '(default)' GPIO lookup
[    0.155578] of_get_named_gpiod_flags: can't parse 'gpios' property of node '/fixedregulator0[0]'
[    0.155605] of_get_named_gpiod_flags: can't parse 'gpio' property of node '/fixedregulator0[0]'
[    0.155624] reg-fixed-voltage fixedregulator0: using lookup tables for GPIO lookup
[    0.155635] reg-fixed-voltage fixedregulator0: No GPIO consumer (default) found
[    0.161393] SCSI subsystem initialized
[    0.161870] libata version 3.00 loaded.
[    0.162263] pps_core: LinuxPPS API ver. 1 registered
[    0.162275] pps_core: Software ver. 5.3.6 - Copyright 2005-2007 Rodolfo Giometti <giometti@linux.it>
[    0.162301] PTP clock support registered
[    0.171203] vgaarb: loaded
[    0.171575] clocksource: Switched to clocksource dmtimer
[    0.172256] VFS: Disk quotas dquot_6.6.0
[    0.172320] VFS: Dquot-cache hash table entries: 1024 (order 0, 4096 bytes)
[    0.196681] NET: Registered PF_INET protocol family
[    0.197023] IP idents hash table entries: 8192 (order: 4, 65536 bytes, linear)
[    0.198463] tcp_listen_portaddr_hash hash table entries: 512 (order: 0, 4096 bytes, linear)
[    0.198500] Table-perturb hash table entries: 65536 (order: 6, 262144 bytes, linear)
[    0.198518] TCP established hash table entries: 4096 (order: 2, 16384 bytes, linear)
[    0.198563] TCP bind hash table entries: 4096 (order: 4, 65536 bytes, linear)
[    0.198664] TCP: Hash tables configured (established 4096 bind 4096)
[    0.198788] UDP hash table entries: 256 (order: 1, 14336 bytes, linear)
[    0.198821] UDP-Lite hash table entries: 256 (order: 1, 14336 bytes, linear)
[    0.199029] NET: Registered PF_UNIX/PF_LOCAL protocol family
[    0.202565] RPC: Registered named UNIX socket transport module.
[    0.202587] RPC: Registered udp transport module.
[    0.202592] RPC: Registered tcp transport module.
[    0.202597] RPC: Registered tcp-with-tls transport module.
[    0.202602] RPC: Registered tcp NFSv4.1 backchannel transport module.
[    0.202627] PCI: CLS 0 bytes, default 64
[    0.204034] Initialise system trusted keyrings
[    0.212278] workingset: timestamp_bits=14 max_order=17 bucket_order=3
[    0.213742] NFS: Registering the id_resolver key type
[    0.213810] Key type id_resolver registered
[    0.213818] Key type id_legacy registered
[    0.213934] jffs2: version 2.2. (NAND) (SUMMARY)  Â© 2001-2006 Red Hat, Inc.
[    0.214400] Key type asymmetric registered
[    0.214414] Asymmetric key parser 'x509' registered
[    0.214489] io scheduler mq-deadline registered
[    0.214499] io scheduler kyber registered
[    0.214582] io scheduler bfq registered
[    0.216430] target-module@4b000000:target-module@140000:pmu@0:fck: device ID is greater than 24
[    0.221975] ledtrig-cpu: registered to indicate activity on CPUs
[    0.225721] Serial: 8250/16550 driver, 6 ports, IRQ sharing enabled
[    0.278035] brd: module loaded
[    0.286974] loop: module loaded
[    0.287905] mtdoops: mtd device (mtddev=name/number) must be supplied
[    0.289451] mdio_bus fixed-0: using lookup tables for GPIO lookup
[    0.289475] mdio_bus fixed-0: No GPIO consumer reset found
[    0.290895] i2c_dev: i2c /dev entries driver
[    0.292082] cpuidle: enable-method property 'ti,am3352' found operations
[    0.292546] sdhci: Secure Digital Host Controller Interface driver
[    0.292556] sdhci: Copyright(c) Pierre Ossman
[    0.292740] sdhci-pltfm: SDHCI platform and OF driver helper
[    0.302019] hw perfevents: enabled with armv7_cortex_a8 PMU driver, 5 (8000000f) counters available
[    0.302567] Initializing XFRM netlink socket
[    0.302740] NET: Registered PF_INET6 protocol family
[    0.304749] Segment Routing with IPv6
[    0.304829] In-situ OAM (IOAM) with IPv6
[    0.304925] sit: IPv6, IPv4 and MPLS over IPv4 tunneling driver
[    0.305881] NET: Registered PF_PACKET protocol family
[    0.305909] NET: Registered PF_KEY protocol family
[    0.306031] Key type dns_resolver registered
[    0.306258] ThumbEE CPU extension supported.
[    0.306279] Registering SWP/SWPB emulation handler
[    0.306800] omap_voltage_late_init: Voltage driver support not added
[    0.307456] SmartReflex Class3 initialized
[    0.342579] Loading compiled-in X.509 certificates
[    0.380278] /ocp/interconnect@44c00000/segment@200000/target-module@b000/i2c@0/tda19988@70: Fixed dependency cycle(s) with /ocp/interconnect@48000000/segment@300000/target-module@e000/lcdc@0
[    0.386758] /ocp/interconnect@44c00000/segment@200000/target-module@b000/i2c@0/tda19988@70: Fixed dependency cycle(s) with /ocp/interconnect@48000000/segment@300000/target-module@e000/lcdc@0
[    0.392360] gpiochip_find_base_unlocked: found new base at 512
[    0.429151] /ocp/interconnect@44c00000/segment@200000/target-module@b000/i2c@0/tda19988@70: Fixed dependency cycle(s) with /ocp/interconnect@48000000/segment@300000/target-module@e000/lcdc@0
[    0.430026] /ocp/interconnect@44c00000/segment@200000/target-module@b000/i2c@0/tda19988@70: Fixed dependency cycle(s) with /ocp/interconnect@48000000/segment@300000/target-module@e000/lcdc@0
[    0.433801] /ocp/interconnect@44c00000/segment@200000/target-module@10000/scm@0/pinmux@800: Fixed dependency cycle(s) with /ocp/interconnect@44c00000/segment@200000/target-module@10000/scm@0/pinmux@800/clkout2-pins
[    0.434399] pinctrl-single 44e10800.pinmux: 142 pins, size 568
[    0.439632] ti-sysc 44e31000.target-module: probe with driver ti-sysc failed with error -16
[    0.459301] /ocp/interconnect@48000000/segment@300000/target-module@e000/lcdc@0: Fixed dependency cycle(s) with /ocp/interconnect@44c00000/segment@200000/target-module@b000/i2c@0/tda19988@70
[    0.467602] ti-sysc 48040000.target-module: probe with driver ti-sysc failed with error -16
[    0.479185] gpiochip_find_base_unlocked: found new base at 512
[    0.479298] gpio gpiochip0: (gpio-0-31): created GPIO range 0->7 ==> 44e10800.pinmux PIN 0->7
[    0.479317] gpio gpiochip0: (gpio-0-31): created GPIO range 8->11 ==> 44e10800.pinmux PIN 90->93
[    0.479333] gpio gpiochip0: (gpio-0-31): created GPIO range 12->27 ==> 44e10800.pinmux PIN 12->27
[    0.479349] gpio gpiochip0: (gpio-0-31): created GPIO range 28->31 ==> 44e10800.pinmux PIN 30->33
[    0.513480] gpio gpiochip0: (gpio-0-31): added GPIO chardev (254:0)
[    0.513713] gpio gpiochip0: registered GPIOs 512 to 543 on gpio-0-31
[    0.513801] OMAP GPIO hardware version 0.1
[    0.539011] i2c i2c-2: using DT '/ocp/interconnect@48000000/segment@100000/target-module@9c000/i2c@0' for 'scl' GPIO lookup
[    0.539083] of_get_named_gpiod_flags: can't parse 'scl-gpios' property of node '/ocp/interconnect@48000000/segment@100000/target-module@9c000/i2c@0[0]'
[    0.539124] of_get_named_gpiod_flags: can't parse 'scl-gpio' property of node '/ocp/interconnect@48000000/segment@100000/target-module@9c000/i2c@0[0]'
[    0.539160] i2c i2c-2: using lookup tables for GPIO lookup
[    0.539170] i2c i2c-2: No GPIO consumer scl found
[    0.539193] i2c i2c-2: using DT '/ocp/interconnect@48000000/segment@100000/target-module@9c000/i2c@0' for 'sda' GPIO lookup
[    0.539228] of_get_named_gpiod_flags: can't parse 'sda-gpios' property of node '/ocp/interconnect@48000000/segment@100000/target-module@9c000/i2c@0[0]'
[    0.539265] of_get_named_gpiod_flags: can't parse 'sda-gpio' property of node '/ocp/interconnect@48000000/segment@100000/target-module@9c000/i2c@0[0]'
[    0.539296] i2c i2c-2: using lookup tables for GPIO lookup
[    0.539304] i2c i2c-2: No GPIO consumer sda found
[    0.540020] omap_i2c 4819c000.i2c: bus 2 rev0.11 at 100 kHz
[    0.545886] gpiochip_find_base_unlocked: found new base at 544
[    0.545986] gpio gpiochip1: (gpio-32-63): created GPIO range 0->17 ==> 44e10800.pinmux PIN 34->51
[    0.546008] gpio gpiochip1: (gpio-32-63): created GPIO range 18->21 ==> 44e10800.pinmux PIN 77->80
[    0.546023] gpio gpiochip1: (gpio-32-63): created GPIO range 22->31 ==> 44e10800.pinmux PIN 56->65
[    0.555686] gpio gpiochip1: (gpio-32-63): added GPIO chardev (254:1)
[    0.555903] gpio gpiochip1: registered GPIOs 544 to 575 on gpio-32-63
[    0.558170] gpiochip_find_base_unlocked: found new base at 576
[    0.558258] gpio gpiochip2: (gpio-64-95): created GPIO range 0->4 ==> 44e10800.pinmux PIN 66->70
[    0.558277] gpio gpiochip2: (gpio-64-95): created GPIO range 5->6 ==> 44e10800.pinmux PIN 98->99
[    0.558293] gpio gpiochip2: (gpio-64-95): created GPIO range 7->8 ==> 44e10800.pinmux PIN 75->76
[    0.558308] gpio gpiochip2: (gpio-64-95): created GPIO range 13->13 ==> 44e10800.pinmux PIN 141->141
[    0.558324] gpio gpiochip2: (gpio-64-95): created GPIO range 14->21 ==> 44e10800.pinmux PIN 100->107
[    0.558963] gpio gpiochip2: (gpio-64-95): added GPIO chardev (254:2)
[    0.559175] gpio gpiochip2: registered GPIOs 576 to 607 on gpio-64-95
[    0.565020] 48000000.interconnect:segment@200000:target-module@0:mpu@0:fck: device ID is greater than 24
[    0.565913] /ocp/interconnect@48000000/segment@300000/target-module@e000/lcdc@0: Fixed dependency cycle(s) with /ocp/interconnect@44c00000/segment@200000/target-module@b000/i2c@0/tda19988@70
[    0.568701] /ocp/interconnect@48000000/segment@300000/target-module@e000/lcdc@0: Fixed dependency cycle(s) with /ocp/interconnect@44c00000/segment@200000/target-module@b000/i2c@0/tda19988@70
[    0.569410] /ocp/interconnect@44c00000/segment@200000/target-module@b000/i2c@0/tda19988@70: Fixed dependency cycle(s) with /ocp/interconnect@48000000/segment@300000/target-module@e000/lcdc@0
[    0.569581] /ocp/interconnect@48000000/segment@300000/target-module@e000/lcdc@0: Fixed dependency cycle(s) with /ocp/interconnect@44c00000/segment@200000/target-module@b000/i2c@0/tda19988@70
[    0.576893] sdhci-omap 481d8000.mmc: using DT '/ocp/interconnect@48000000/segment@100000/target-module@d8000/mmc@0' for 'wp' GPIO lookup
[    0.576962] of_get_named_gpiod_flags: can't parse 'wp-gpios' property of node '/ocp/interconnect@48000000/segment@100000/target-module@d8000/mmc@0[0]'
[    0.577004] of_get_named_gpiod_flags: can't parse 'wp-gpio' property of node '/ocp/interconnect@48000000/segment@100000/target-module@d8000/mmc@0[0]'
[    0.577042] sdhci-omap 481d8000.mmc: using lookup tables for GPIO lookup
[    0.577052] sdhci-omap 481d8000.mmc: No GPIO consumer wp found
[    0.577243] sdhci-omap 481d8000.mmc: supply pbias not found, using dummy regulator
[    0.577730] sdhci-omap 481d8000.mmc: supply vqmmc not found, using dummy regulator
[    0.614313] mdio_bus 4a101000.mdio: using DT '/ocp/interconnect@4a000000/segment@0/target-module@100000/switch@0/mdio@1000' for 'reset' GPIO lookup
[    0.614385] of_get_named_gpiod_flags: can't parse 'reset-gpios' property of node '/ocp/interconnect@4a000000/segment@0/target-module@100000/switch@0/mdio@1000[0]'
[    0.614431] of_get_named_gpiod_flags: can't parse 'reset-gpio' property of node '/ocp/interconnect@4a000000/segment@0/target-module@100000/switch@0/mdio@1000[0]'
[    0.614478] mdio_bus 4a101000.mdio: using lookup tables for GPIO lookup
[    0.614489] mdio_bus 4a101000.mdio: No GPIO consumer reset found
[    0.677779] davinci_mdio 4a101000.mdio: davinci mdio revision 1.6, bus freq 1000000
[    0.699463] mdio_bus 4a101000.mdio:00: using DT '/ocp/interconnect@4a000000/segment@0/target-module@100000/switch@0/mdio@1000/ethernet-phy@0' for 'reset' GPIO lookup
[    0.699560] of_get_named_gpiod_flags: parsed 'reset-gpios' property of node '/ocp/interconnect@4a000000/segment@0/target-module@100000/switch@0/mdio@1000/ethernet-phy@0[0]' - status (0)
[    0.699725] gpio gpiochip0: Persistence not supported for GPIO 8
[    0.827343] davinci_mdio 4a101000.mdio: phy[0]: device 4a101000.mdio:00, driver SMSC LAN8710/LAN8720
[    0.828140] cpsw-switch 4a100000.switch: initialized cpsw ale version 1.4
[    0.828162] cpsw-switch 4a100000.switch: ALE Table size 1024, Policers 0
[    0.828503] cpsw-switch 4a100000.switch: cpts: overflow check period 500 (jiffies)
[    0.828523] cpsw-switch 4a100000.switch: CPTS: ref_clk_freq:250000000 calc_mult:2147483648 calc_shift:29 error:0 nsec/sec
[    0.828628] cpsw-switch 4a100000.switch: Detected MACID = 6c:ec:eb:68:de:78
[    0.830502] cpsw-switch 4a100000.switch: initialized (regs 0x4a100000, pool size 256) hw_ver:0019010C 1.12 (0)
[    0.854553] debugfs: '49000000.dma' already exists in 'dmaengine'
[    0.854596] edma 49000000.dma: TI EDMA DMA engine driver
[    0.905726] gpio-clk clk_mcasp0: using DT '/clk_mcasp0' for 'enable' GPIO lookup
[    0.905805] of_get_named_gpiod_flags: parsed 'enable-gpios' property of node '/clk_mcasp0[0]' - status (0)
[    0.905850] gpio gpiochip0: Persistence not supported for GPIO 27
[    0.906599] gpiochip_find_base_unlocked: found new base at 608
[    0.906710] gpio gpiochip3: (gpio-96-127): created GPIO range 0->7 ==> 44e10800.pinmux PIN 82->89
[    0.906731] gpio gpiochip3: (gpio-96-127): created GPIO range 8->11 ==> 44e10800.pinmux PIN 52->55
[    0.906747] gpio gpiochip3: (gpio-96-127): created GPIO range 12->15 ==> 44e10800.pinmux PIN 94->97
[    0.906763] gpio gpiochip3: (gpio-96-127): created GPIO range 16->17 ==> 44e10800.pinmux PIN 71->72
[    0.906779] gpio gpiochip3: (gpio-96-127): created GPIO range 18->18 ==> 44e10800.pinmux PIN 135->135
[    0.906795] gpio gpiochip3: (gpio-96-127): created GPIO range 19->20 ==> 44e10800.pinmux PIN 108->109
[    0.906812] gpio gpiochip3: (gpio-96-127): created GPIO range 21->21 ==> 44e10800.pinmux PIN 73->73
[    0.906829] gpio gpiochip3: (gpio-96-127): created GPIO range 22->23 ==> 44e10800.pinmux PIN 8->9
[    0.906846] gpio gpiochip3: (gpio-96-127): created GPIO range 26->27 ==> 44e10800.pinmux PIN 10->11
[    0.906864] gpio gpiochip3: (gpio-96-127): created GPIO range 28->28 ==> 44e10800.pinmux PIN 74->74
[    0.906882] gpio gpiochip3: (gpio-96-127): created GPIO range 29->29 ==> 44e10800.pinmux PIN 81->81
[    0.906901] gpio gpiochip3: (gpio-96-127): created GPIO range 30->31 ==> 44e10800.pinmux PIN 28->29
[    0.907938] gpio gpiochip3: (gpio-96-127): added GPIO chardev (254:3)
[    0.908173] gpio gpiochip3: registered GPIOs 608 to 639 on gpio-96-127
[    0.920975] omap8250 44e09000.serial: using DT '/ocp/interconnect@44c00000/segment@200000/target-module@9000/serial@0' for 'rs485-term' GPIO lookup
[    0.921050] of_get_named_gpiod_flags: can't parse 'rs485-term-gpios' property of node '/ocp/interconnect@44c00000/segment@200000/target-module@9000/serial@0[0]'
[    0.921094] of_get_named_gpiod_flags: can't parse 'rs485-term-gpio' property of node '/ocp/interconnect@44c00000/segment@200000/target-module@9000/serial@0[0]'
[    0.921131] omap8250 44e09000.serial: using lookup tables for GPIO lookup
[    0.921141] omap8250 44e09000.serial: No GPIO consumer rs485-term found
[    0.921151] omap8250 44e09000.serial: using DT '/ocp/interconnect@44c00000/segment@200000/target-module@9000/serial@0' for 'rs485-rx-during-tx' GPIO lookup
[    0.921187] of_get_named_gpiod_flags: can't parse 'rs485-rx-during-tx-gpios' property of node '/ocp/interconnect@44c00000/segment@200000/target-module@9000/serial@0[0]'
[    0.921224] of_get_named_gpiod_flags: can't parse 'rs485-rx-during-tx-gpio' property of node '/ocp/interconnect@44c00000/segment@200000/target-module@9000/serial@0[0]'
[    0.921257] omap8250 44e09000.serial: using lookup tables for GPIO lookup
[    0.921265] omap8250 44e09000.serial: No GPIO consumer rs485-rx-during-tx found
[    0.921867] 44e09000.serial: ttyS0 at MMIO 0x44e09000 (irq = 34, base_baud = 3000000) is a 8250
[    0.921963] printk: legacy console [ttyS0] enabled
[    2.411137] i2c i2c-0: using DT '/ocp/interconnect@44c00000/segment@200000/target-module@b000/i2c@0' for 'scl' GPIO lookup
[    2.411225] of_get_named_gpiod_flags: can't parse 'scl-gpios' property of node '/ocp/interconnect@44c00000/segment@200000/target-module@b000/i2c@0[0]'
[    2.411270] of_get_named_gpiod_flags: can't parse 'scl-gpio' property of node '/ocp/interconnect@44c00000/segment@200000/target-module@b000/i2c@0[0]'
[    2.411311] i2c i2c-0: using lookup tables for GPIO lookup
[    2.411325] i2c i2c-0: No GPIO consumer scl found
[    2.411351] i2c i2c-0: using DT '/ocp/interconnect@44c00000/segment@200000/target-module@b000/i2c@0' for 'sda' GPIO lookup
[    2.411390] of_get_named_gpiod_flags: can't parse 'sda-gpios' property of node '/ocp/interconnect@44c00000/segment@200000/target-module@b000/i2c@0[0]'
[    2.411431] of_get_named_gpiod_flags: can't parse 'sda-gpio' property of node '/ocp/interconnect@44c00000/segment@200000/target-module@b000/i2c@0[0]'
[    2.411467] i2c i2c-0: using lookup tables for GPIO lookup
[    2.411478] i2c i2c-0: No GPIO consumer sda found
[    2.432508] tps65217-pmic: Failed to locate of_node [id: -1]
[    2.438575] tps65217-bl: Failed to locate of_node [id: -1]
[    2.444635] platform tps65217-charger: DMA mask not set
[    2.450656] platform tps65217-pwrbutton: DMA mask not set
[    2.457906] tps65217 0-0024: TPS65217 ID 0xe version 1.2
[    2.464009] /ocp/interconnect@48000000/segment@300000/target-module@e000/lcdc@0: Fixed dependency cycle(s) with /ocp/interconnect@44c00000/segment@200000/target-module@b000/i2c@0/tda19988@70
[    2.481433] /ocp/interconnect@44c00000/segment@200000/target-module@b000/i2c@0/tda19988@70: Fixed dependency cycle(s) with /ocp/interconnect@48000000/segment@300000/target-module@e000/lcdc@0
[    2.498870] omap_i2c 44e0b000.i2c: bus 0 rev0.11 at 400 kHz
[    2.506622] sdhci-omap 48060000.mmc: using DT '/ocp/interconnect@48000000/segment@0/target-module@60000/mmc@0' for 'cd' GPIO lookup
[    2.506729] of_get_named_gpiod_flags: parsed 'cd-gpios' property of node '/ocp/interconnect@48000000/segment@0/target-module@60000/mmc@0[0]' - status (0)
[    2.506793] gpio gpiochip3: Persistence not supported for GPIO 6
[    2.506819] omap_gpio 44e07000.gpio: Could not set line 6 debounce to 200000 microseconds (-22)
[    2.515721] sdhci-omap 48060000.mmc: Got CD GPIO
[    2.520375] sdhci-omap 48060000.mmc: using DT '/ocp/interconnect@48000000/segment@0/target-module@60000/mmc@0' for 'wp' GPIO lookup
[    2.520423] of_get_named_gpiod_flags: can't parse 'wp-gpios' property of node '/ocp/interconnect@48000000/segment@0/target-module@60000/mmc@0[0]'
[    2.520466] of_get_named_gpiod_flags: can't parse 'wp-gpio' property of node '/ocp/interconnect@48000000/segment@0/target-module@60000/mmc@0[0]'
[    2.520506] sdhci-omap 48060000.mmc: using lookup tables for GPIO lookup
[    2.520521] sdhci-omap 48060000.mmc: No GPIO consumer wp found
[    2.520727] sdhci-omap 48060000.mmc: supply pbias not found, using dummy regulator
[    2.529545] sdhci-omap 481d8000.mmc: using DT '/ocp/interconnect@48000000/segment@100000/target-module@d8000/mmc@0' for 'wp' GPIO lookup
[    2.529618] of_get_named_gpiod_flags: can't parse 'wp-gpios' property of node '/ocp/interconnect@48000000/segment@100000/target-module@d8000/mmc@0[0]'
[    2.529664] of_get_named_gpiod_flags: can't parse 'wp-gpio' property of node '/ocp/interconnect@48000000/segment@100000/target-module@d8000/mmc@0[0]'
[    2.529704] sdhci-omap 481d8000.mmc: using lookup tables for GPIO lookup
[    2.529718] sdhci-omap 481d8000.mmc: No GPIO consumer wp found
[    2.530853] sdhci-omap 48060000.mmc: supply vqmmc not found, using dummy regulator
[    2.539853] sdhci-omap 481d8000.mmc: supply pbias not found, using dummy regulator
[    2.548508] sdhci-omap 481d8000.mmc: supply vqmmc not found, using dummy regulator
[    2.585310] mmc0: SDHCI controller on 48060000.mmc [48060000.mmc] using External DMA
[    2.593550] mmc1: SDHCI controller on 481d8000.mmc [481d8000.mmc] using External DMA
[    2.602384] cpsw-switch 4a100000.switch: starting ndev. mode: dual_mac
[    2.671885] mmc1: new high speed MMC card at address 0001
[    2.678733] mmcblk1: mmc1:0001 MMC04G 3.60 GiB
[    2.686607]  mmcblk1: p1 p2
[    2.690343] SMSC LAN8710/LAN8720 4a101000.mdio:00: attached PHY driver (mii_bus:phy_addr=4a101000.mdio:00, irq=POLL)
[    2.703042] mmcblk1boot0: mmc1:0001 MMC04G 2.00 MiB
[    2.716935] mmcblk1boot1: mmc1:0001 MMC04G 2.00 MiB
[    2.725892] mmcblk1rpmb: mmc1:0001 MMC04G 128 KiB, chardev (249:0)
[    2.775121] mmc0: new high speed SDHC card at address aaaa
[    2.782065] mmcblk0: mmc0:aaaa SE32G 29.7 GiB
[    2.791149]  mmcblk0: p1 p2
[    5.842333] cpsw-switch 4a100000.switch eth0: Link is Up - 100Mbps/Full - flow control off
[    5.871587] IP-Config: Complete:
[    5.874858]      device=eth0, hwaddr=6c:ec:eb:68:de:78, ipaddr=192.168.255.1, mask=255.255.255.0, gw=255.255.255.255
[    5.885505]      host=bbb1, domain=, nis-domain=(none)
[    5.890674]      bootserver=192.168.255.126, rootserver=192.168.255.126, rootpath=
[    5.891096] clk: Disabling unused clocks
[    5.902954] PM: genpd: Disabling unused power domains
[    5.908104] KTAP version 1
[    5.910825] 1..0
[    5.913564] check access for rdinit=/init failed: -2, ignoring
[    5.951968] VFS: Mounted root (nfs filesystem) on device 0:17.
[    5.958769] devtmpfs: mounted
[    5.963469] Freeing unused kernel image (initmem) memory: 1024K
[    5.970051] Run /sbin/init as init process
[    5.974283]   with arguments:
[    5.974300]     /sbin/init
[    5.974309]     nfsrootdebug
[    5.974319]   with environment:
[    5.974327]     HOME=/
[    5.974336]     TERM=linux
[    6.647840] systemd[1]: System time before build time, advancing clock.
[    8.171597] random: crng init done
[    8.234281] systemd[1]: systemd 232 running in system mode. (+PAM +AUDIT +SELINUX +IMA +APPARMOR +SMACK +SYSVINIT +UTMP +LIBCRYPTSETUP +GCRYPT +GNUTLS +ACL +XZ +LZ4 +SECCOMP +BLKID +ELFUTILS +KMOD +IDN)
[    8.253385] systemd[1]: Detected architecture arm.
[    8.284724] systemd[1]: Set hostname to <arm>.
[    9.387426] systemd[1]: Started Dispatch Password Requests to Console Directory Watch.
[    9.422163] systemd[1]: Reached target Swap.
[    9.443372] systemd[1]: Set up automount Arbitrary Executable File Formats File System Automount Point.
[    9.472026] systemd[1]: Reached target Remote File Systems.
[    9.505460] systemd[1]: syslog.socket: SO_PASSSEC failed: Operation not supported
[    9.513442] systemd[1]: Listening on Syslog Socket.
[    9.543136] systemd[1]: Created slice System Slice.
[   11.501719] systemd-journald[83]: Received request to flush runtime journal from PID 1
[   12.647867] omap_prm 44e00d00.prm: sync_state() pending due to 44d00000.cpu
[   19.257588] omap_rtc 44e3e000.rtc: registered as rtc0
[   19.262945] omap_rtc 44e3e000.rtc: setting system clock to 2000-01-01T00:00:00 UTC (946684800)
[   19.271736] omap_rtc 44e3e000.rtc: using DT '/ocp/interconnect@44c00000/segment@200000/target-module@3e000/rtc@0' for 'wp' GPIO lookup
[   19.271810] of_get_named_gpiod_flags: can't parse 'wp-gpios' property of node '/ocp/interconnect@44c00000/segment@200000/target-module@3e000/rtc@0[0]'
[   19.271861] of_get_named_gpiod_flags: can't parse 'wp-gpio' property of node '/ocp/interconnect@44c00000/segment@200000/target-module@3e000/rtc@0[0]'
[   19.271902] omap_rtc 44e3e000.rtc: using lookup tables for GPIO lookup
[   19.271917] omap_rtc 44e3e000.rtc: No GPIO consumer wp found
[   19.510015] PM: Cannot get wkup_m3_ipc handle
[   21.887860] ------------[ cut here ]------------
[   21.892697] WARNING: net/8021q/vlan_core.c:236 at vlan_for_each+0x114/0x134, CPU#0: avahi-daemon/293
[   21.902013] RTNL: assertion failed at net/8021q/vlan_core.c (236)
[   21.908142] Modules linked in: bluetooth(+) ecdh_generic ecc libaes pm33xx rtc_omap wkup_m3_ipc ti_emif_sram cpufreq_dt autofs4
[   21.919788] CPU: 0 UID: 107 PID: 293 Comm: avahi-daemon Not tainted 6.18.0-rc1-next-20251017 #1 NONE 
[   21.919806] Hardware name: Generic AM33XX (Flattened Device Tree)
[   21.919815] Call trace: 
[   21.919831]  unwind_backtrace from show_stack+0x10/0x14
[   21.919868]  show_stack from dump_stack_lvl+0x50/0x64
[   21.919893]  dump_stack_lvl from __warn+0x88/0x148
[   21.919912]  __warn from warn_slowpath_fmt+0x19c/0x1b0
[   21.919925]  warn_slowpath_fmt from vlan_for_each+0x114/0x134
[   21.919945]  vlan_for_each from cpsw_add_mc_addr+0x40/0xa4
[   21.919971]  cpsw_add_mc_addr from __hw_addr_ref_sync_dev+0x108/0x140
[   21.920000]  __hw_addr_ref_sync_dev from __dev_mc_add+0x7c/0x80
[   21.920022]  __dev_mc_add from igmp6_group_added+0xc8/0xe0
[   21.920049]  igmp6_group_added from __ipv6_dev_mc_inc+0x218/0x364
[   21.920067]  __ipv6_dev_mc_inc from __ipv6_sock_mc_join+0x11c/0x1c0
[   21.920086]  __ipv6_sock_mc_join from do_ipv6_setsockopt+0x1214/0x1310
[   21.920117]  do_ipv6_setsockopt from ipv6_setsockopt+0x60/0xcc
[   21.920138]  ipv6_setsockopt from udpv6_setsockopt+0x2c/0x6c
[   21.920163]  udpv6_setsockopt from sock_common_setsockopt+0x30/0x40
[   21.920196]  sock_common_setsockopt from do_sock_setsockopt+0x50/0x9c
[   21.920218]  do_sock_setsockopt from __sys_setsockopt+0x70/0xbc
[   21.920237]  __sys_setsockopt from ret_fast_syscall+0x0/0x58
[   21.920254] Exception stack(0xe011dfa8 to 0xe011dff0)
[   21.920268] dfa0:                   00000014 b6fafce8 0000000d 00000029 00000014 bebe59ec
[   21.920279] dfc0: 00000014 b6fafce8 00000014 00000126 0000000d b6f58ff4 004ee988 004d6558
[   21.920288] dfe0: b6f6e088 bebe59d8 b6f4b309 b6e2241a
[   21.920296] ---[ end trace 0000000000000000 ]---
[   22.085144] Bluetooth: Core ver 2.22
[   22.089038] NET: Registered PF_BLUETOOTH protocol family
[   22.094520] Bluetooth: HCI device and connection manager initialized
[   22.100937] Bluetooth: HCI socket layer initialized
[   22.105900] Bluetooth: L2CAP socket layer initialized
[   22.111011] Bluetooth: SCO socket layer initialized
[   23.625485] userial_init: registered 8 ttyGS* devices
[   23.858809] rndis_register: configNr = 0
[   52.424423] KTAP version 1
[   52.424473] 1..1
[   52.424493]     KTAP version 1
[   52.424505]     # Subtest: linear-ranges-test
[   52.424521]     # module: test_linear_ranges
[   52.424535]     1..4
[   52.425486]     ok 1 range_test_get_value_amount
[   52.426022]     ok 2 range_test_get_selector_high
[   52.426503]     ok 3 range_test_get_selector_low
[   52.427002]     ok 4 range_test_get_value
[   52.427031] # linear-ranges-test: pass:4 fail:0 skip:0 total:4
[   52.427048] # Totals: pass:4 fail:0 skip:0 total:4
[   52.427062] ok 1 linear-ranges-test
YBYMZJBHTB 0
root@arm:~# Labgrid Console Logfile for main
Logfile started at 2025-10-17 19:00:48.866230
=== Log starts here ===

root@arm:~# run() { echo -n "$MARKER"; sh -c "$@"; echo "$MARKER $?"; }
root@arm:~# echo 'BQOZ''XLEGUG'
BQOZXLEGUG
root@arm:~# MARKER='AQWT''KCXFGN' run dmesg
AQWTKCXFGN[    0.000000] Booting Linux on physical CPU 0x0
[    0.000000] Linux version 6.18.0-rc1-next-20251017 (user01@drvtest01) (arm-none-eabi-gcc (Arm GNU Toolchain 14.2.Rel1 (Build arm-14.52)) 14.2.1 20241119, GNU ld (Arm GNU Toolchain 14.2.Rel1 (Build arm-14.52)) 2.43.1.20241119) #1 SMP Fri Oct 17 18:57:54 EEST 2025
[    0.000000] CPU: ARMv7 Processor [413fc082] revision 2 (ARMv7), cr=10c5387d
[    0.000000] CPU: PIPT / VIPT nonaliasing data cache, VIPT aliasing instruction cache
[    0.000000] OF: fdt: Machine model: TI AM335x BeagleBone Black
[    0.000000] Memory policy: Data cache writeback
[    0.000000] cma: Reserved 16 MiB at 0x9e800000
[    0.000000] Zone ranges:
[    0.000000]   Normal   [mem 0x0000000080000000-0x000000009fdfffff]
[    0.000000]   HighMem  empty
[    0.000000] Movable zone start for each node
[    0.000000] Early memory node ranges
[    0.000000]   node   0: [mem 0x0000000080000000-0x000000009fdfffff]
[    0.000000] Initmem setup node 0 [mem 0x0000000080000000-0x000000009fdfffff]
[    0.000000] On node 0, zone Normal: 512 pages in unavailable ranges
[    0.000000] OF: reserved mem: Reserved memory: No reserved-memory node in the DT
[    0.000000] CPU: All CPU(s) started in SVC mode.
[    0.000000] AM335X ES2.1 (sgx neon)
[    0.000000] percpu: Embedded 17 pages/cpu s40012 r8192 d21428 u69632
[    0.000000] pcpu-alloc: s40012 r8192 d21428 u69632 alloc=17*4096
[    0.000000] pcpu-alloc: [0] 0 
[    0.000000] Kernel command line: console=ttyO0,115200n8 root=/dev/nfs rw nfsroot=192.168.255.126:/home/user01/nfs,nfsvers=3 ip=192.168.255.1:192.168.255.126::255.255.255.0:bbb1:eth0 nfsrootdebug
[    0.000000] Unknown kernel command line parameters "nfsrootdebug", will be passed to user space.
[    0.000000] printk: log buffer data + meta data: 65536 + 204800 = 270336 bytes
[    0.000000] Dentry cache hash table entries: 65536 (order: 6, 262144 bytes, linear)
[    0.000000] Inode-cache hash table entries: 32768 (order: 5, 131072 bytes, linear)
[    0.000000] Built 1 zonelists, mobility grouping on.  Total pages: 130560
[    0.000000] mem auto-init: stack:off, heap alloc:off, heap free:off
[    0.000000] SLUB: HWalign=16, Order=0-3, MinObjects=0, CPUs=1, Nodes=1
[    0.000000] rcu: Hierarchical RCU implementation.
[    0.000000] rcu: 	RCU event tracing is enabled.
[    0.000000] rcu: 	RCU restricting CPUs from NR_CPUS=2 to nr_cpu_ids=1.
[    0.000000] 	Tracing variant of Tasks RCU enabled.
[    0.000000] rcu: RCU calculated value of scheduler-enlistment delay is 10 jiffies.
[    0.000000] rcu: Adjusting geometry for rcu_fanout_leaf=16, nr_cpu_ids=1
[    0.000000] RCU Tasks Trace: Setting shift to 0 and lim to 1 rcu_task_cb_adjust=1 rcu_task_cpu_ids=1.
[    0.000000] NR_IRQS: 16, nr_irqs: 16, preallocated irqs: 16
[    0.000000] IRQ: Found an INTC at 0x(ptrval) (revision 5.0) with 128 interrupts
[    0.000000] rcu: srcu_init: Setting srcu_struct sizes based on contention.
[    0.000000] TI gptimer clocksource: always-on /ocp/interconnect@44c00000/segment@200000/target-module@31000
[    0.000002] sched_clock: 32 bits at 24MHz, resolution 41ns, wraps every 89478484971ns
[    0.000026] clocksource: dmtimer: mask: 0xffffffff max_cycles: 0xffffffff, max_idle_ns: 79635851949 ns
[    0.000494] TI gptimer clockevent: 24000000 Hz at /ocp/interconnect@48000000/segment@0/target-module@40000
[    0.002063] Console: colour dummy device 80x30
[    0.002132] WARNING: Your 'console=ttyO0' has been replaced by 'ttyS0'
[    0.002140] This ensures that you still see kernel messages. Please
[    0.002144] update your kernel commandline.
[    0.002186] Calibrating delay loop... 996.14 BogoMIPS (lpj=4980736)
[    0.090607] CPU: Testing write buffer coherency: ok
[    0.090688] CPU0: Spectre v2: using BPIALL workaround
[    0.090698] pid_max: default: 32768 minimum: 301
[    0.090877] LSM: initializing lsm=capability
[    0.091041] Mount-cache hash table entries: 1024 (order: 0, 4096 bytes, linear)
[    0.091061] Mountpoint-cache hash table entries: 1024 (order: 0, 4096 bytes, linear)
[    0.092652] CPU0: thread -1, cpu 0, socket -1, mpidr 0
[    0.092709] cacheinfo: Unable to detect cache hierarchy for CPU 0
[    0.094783] Setting up static identity map for 0x80100000 - 0x80100078
[    0.095113] rcu: Hierarchical SRCU implementation.
[    0.095125] rcu: 	Max phase no-delay instances is 1000.
