Labgrid Console Logfile for main
Logfile started at 2025-11-13 06:31:29.729809
=== Log starts here ===
reading args
spl_load_image_fat_os: error reading image args, err - -1
reading u-boot.img
reading u-boot.img


U-Boot 2014.04-00014-g47880f5 (Apr 22 2014 - 13:23:54)

I2C:   ready
DRAM:  512 MiB
NAND:  0 MiB
MMC:   OMAP SD/MMC: 0, OMAP SD/MMC: 1
*** Warning - readenv() failed, using default environment

Net:   <ethaddr> not set. Validating first E-fuse MAC
cpsw, usb_ether
Hit any key to stop autoboot:  1  0 
gpio: pin 53 (gpio 53) value is 1
mmc0 is current device
gpio: pin 54 (gpio 54) value is 1
SD/MMC found on device 0
reading uEnv.txt
569 bytes read in 4 ms (138.7 KiB/s)
gpio: pin 55 (gpio 55) value is 1
Loaded environment from uEnv.txt
Importing environment from mmc ...
Checking if uenvcmd is set ...
gpio: pin 56 (gpio 56) value is 1
Running uenvcmd ...
cpsw Waiting for PHY auto negotiation to complete. done
link up on port 0, speed 100, full duplex
Using cpsw device
TFTP from server 192.168.255.126; our IP address is 192.168.255.1
Filename 'zImage'.
Load address: 0x81000000
Loading: *#################################################################
	 #################################################################
	 #################################################################
	 #################################################################
	 #################################################################
	 #################################################################
	 2.4 MiB/s
done
Bytes transferred = 5717488 (573df0 hex)
link up on port 0, speed 100, full duplex
Using cpsw device
TFTP from server 192.168.255.126; our IP address is 192.168.255.1
Filename 'am335x-boneblack.dtb'.
Load address: 0x82000000
Loading: *#######
	 2.3 MiB/s
done
Bytes transferred = 98077 (17f1d hex)
Kernel image @ 0x81000000 [ 0x000000 - 0x573df0 ]
## Flattened Device Tree blob at 82000000
   Booting using the fdt blob at 0x82000000
   Using Device Tree in place at 82000000, end 8201af1c

Starting kernel ...

[    0.000000] Booting Linux on physical CPU 0x0
[    0.000000] Linux version 6.18.0-rc5-next-20251113 (user01@drvtest01) (arm-none-eabi-gcc (Arm GNU Toolchain 14.2.Rel1 (Build arm-14.52)) 14.2.1 20241119, GNU ld (Arm GNU Toolchain 14.2.Rel1 (Build arm-14.52)) 2.43.1.20241119) #1 SMP Thu Nov 13 06:29:49 EET 2025
[    0.000000] CPU: ARMv7 Processor [413fc082] revision 2 (ARMv7), cr=10c5387d
[    0.000000] CPU: PIPT / VIPT nonaliasing data cache, VIPT aliasing instruction cache
[    0.000000] OF: fdt: Machine model: TI AM335x BeagleBone Black
[    0.000000] Memory policy: Data cache writeback
[    0.000000] cma: Reserved 16 MiB at 0x9e800000
[    0.000000] Zone ranges:
[    0.000000]   Normal   [mem 0x0000000080000000-0x000000009fdfffff]
[    0.000000]   HighMem  empty
[    0.000000] Movable zone start for each node
[    0.000000] Early memory node ranges
[    0.000000]   node   0: [mem 0x0000000080000000-0x000000009fdfffff]
[    0.000000] Initmem setup node 0 [mem 0x0000000080000000-0x000000009fdfffff]
[    0.000000] On node 0, zone Normal: 512 pages in unavailable ranges
[    0.000000] OF: reserved mem: Reserved memory: No reserved-memory node in the DT
[    0.000000] CPU: All CPU(s) started in SVC mode.
[    0.000000] AM335X ES2.1 (sgx neon)
[    0.000000] percpu: Embedded 17 pages/cpu s39948 r8192 d21492 u69632
[    0.000000] Kernel command line: console=ttyO0,115200n8 root=/dev/nfs rw nfsroot=192.168.255.126:/home/user01/nfs,nfsvers=3 ip=192.168.255.1:192.168.255.126::255.255.255.0:bbb1:eth0 nfsrootdebug
[    0.000000] Unknown kernel command line parameters "nfsrootdebug", will be passed to user space.
[    0.000000] printk: log buffer data + meta data: 65536 + 204800 = 270336 bytes
[    0.000000] Dentry cache hash table entries: 65536 (order: 6, 262144 bytes, linear)
[    0.000000] Inode-cache hash table entries: 32768 (order: 5, 131072 bytes, linear)
[    0.000000] Built 1 zonelists, mobility grouping on.  Total pages: 130560
[    0.000000] mem auto-init: stack:off, heap alloc:off, heap free:off
[    0.000000] SLUB: HWalign=16, Order=0-3, MinObjects=0, CPUs=1, Nodes=1
[    0.000000] rcu: Hierarchical RCU implementation.
[    0.000000] rcu: 	RCU event tracing is enabled.
[    0.000000] rcu: 	RCU restricting CPUs from NR_CPUS=2 to nr_cpu_ids=1.
[    0.000000] 	Tracing variant of Tasks RCU enabled.
[    0.000000] rcu: RCU calculated value of scheduler-enlistment delay is 10 jiffies.
[    0.000000] rcu: Adjusting geometry for rcu_fanout_leaf=16, nr_cpu_ids=1
[    0.000000] RCU Tasks Trace: Setting shift to 0 and lim to 1 rcu_task_cb_adjust=1 rcu_task_cpu_ids=1.
[    0.000000] NR_IRQS: 16, nr_irqs: 16, preallocated irqs: 16
[    0.000000] IRQ: Found an INTC at 0x(ptrval) (revision 5.0) with 128 interrupts
[    0.000000] rcu: srcu_init: Setting srcu_struct sizes based on contention.
[    0.000000] TI gptimer clocksource: always-on /ocp/interconnect@44c00000/segment@200000/target-module@31000
[    0.000002] sched_clock: 32 bits at 24MHz, resolution 41ns, wraps every 89478484971ns
[    0.000024] clocksource: dmtimer: mask: 0xffffffff max_cycles: 0xffffffff, max_idle_ns: 79635851949 ns
[    0.000494] TI gptimer clockevent: 24000000 Hz at /ocp/interconnect@48000000/segment@0/target-module@40000
[    0.002045] Console: colour dummy device 80x30
[    0.002107] WARNING: Your 'console=ttyO0' has been replaced by 'ttyS0'
[    0.002115] This ensures that you still see kernel messages. Please
[    0.002119] update your kernel commandline.
[    0.002164] Calibrating delay loop... 996.14 BogoMIPS (lpj=4980736)
[    0.090605] CPU: Testing write buffer coherency: ok
[    0.090687] CPU0: Spectre v2: using BPIALL workaround
[    0.090696] pid_max: default: 32768 minimum: 301
[    0.091014] Mount-cache hash table entries: 1024 (order: 0, 4096 bytes, linear)
[    0.091035] Mountpoint-cache hash table entries: 1024 (order: 0, 4096 bytes, linear)
[    0.092615] CPU0: thread -1, cpu 0, socket -1, mpidr 0
[    0.092672] cacheinfo: Unable to detect cache hierarchy for CPU 0
[    0.094698] Setting up static identity map for 0x80100000 - 0x80100078
[    0.095014] rcu: Hierarchical SRCU implementation.
[    0.095021] rcu: 	Max phase no-delay instances is 1000.
[    0.096729] smp: Bringing up secondary CPUs ...
[    0.096786] smp: Brought up 1 node, 1 CPU
[    0.096798] SMP: Total of 1 processors activated (996.14 BogoMIPS).
[    0.096809] CPU: All CPU(s) started in SVC mode.
[    0.097018] Memory: 479964K/522240K available (12288K kernel code, 1231K rwdata, 2956K rodata, 1024K init, 255K bss, 24364K reserved, 16384K cma-reserved, 0K highmem)
[    0.097841] devtmpfs: initialized
[    0.115676] VFP support v0.3: implementor 41 architecture 3 part 30 variant c rev 3
[    0.116337] clocksource: jiffies: mask: 0xffffffff max_cycles: 0xffffffff, max_idle_ns: 19112604462750000 ns
[    0.116395] posixtimers hash table entries: 512 (order: 0, 4096 bytes, linear)
[    0.116420] futex hash table entries: 256 (16384 bytes on 1 NUMA nodes, total 16 KiB, linear).
[    0.119603] NET: Registered PF_NETLINK/PF_ROUTE protocol family
[    0.122759] DMA: preallocated 256 KiB pool for atomic coherent allocations
[    0.123747] audit: initializing netlink subsys (disabled)
[    0.125109] thermal_sys: Registered thermal governor 'fair_share'
[    0.125125] thermal_sys: Registered thermal governor 'step_wise'
[    0.125133] thermal_sys: Registered thermal governor 'user_space'
[    0.125245] audit: type=2000 audit(0.120:1): state=initialized audit_enabled=0 res=1
[    0.125317] cpuidle: using governor menu
[    0.143486] /ocp/interconnect@44c00000/segment@200000/target-module@b000/i2c@0/tda19988@70: Fixed dependency cycle(s) with /ocp/interconnect@48000000/segment@300000/target-module@e000/lcdc@0
[    0.144579] /ocp/interconnect@48000000/segment@300000/target-module@e000/lcdc@0: Fixed dependency cycle(s) with /ocp/interconnect@44c00000/segment@200000/target-module@b000/i2c@0/tda19988@70
[    0.146755] No ATAGs?
[    0.146792] hw-breakpoint: debug architecture 0x4 unsupported.
[    0.149442] kprobes: kprobe jump-optimization is enabled. All kprobes are optimized if possible.
[    0.164094] iommu: Default domain type: Translated
[    0.164117] iommu: DMA domain TLB invalidation policy: strict mode
[    0.171383] SCSI subsystem initialized
[    0.172244] pps_core: LinuxPPS API ver. 1 registered
[    0.172255] pps_core: Software ver. 5.3.6 - Copyright 2005-2007 Rodolfo Giometti <giometti@linux.it>
[    0.172280] PTP clock support registered
[    0.174287] vgaarb: loaded
[    0.180793] clocksource: Switched to clocksource dmtimer
[    0.181434] VFS: Disk quotas dquot_6.6.0
[    0.181497] VFS: Dquot-cache hash table entries: 1024 (order 0, 4096 bytes)
[    0.208729] NET: Registered PF_INET protocol family
[    0.209058] IP idents hash table entries: 8192 (order: 4, 65536 bytes, linear)
[    0.210485] tcp_listen_portaddr_hash hash table entries: 512 (order: 0, 4096 bytes, linear)
[    0.210519] Table-perturb hash table entries: 65536 (order: 6, 262144 bytes, linear)
[    0.210539] TCP established hash table entries: 4096 (order: 2, 16384 bytes, linear)
[    0.210584] TCP bind hash table entries: 4096 (order: 4, 65536 bytes, linear)
[    0.210685] TCP: Hash tables configured (established 4096 bind 4096)
[    0.210805] UDP hash table entries: 256 (order: 2, 14336 bytes, linear)
[    0.210839] UDP-Lite hash table entries: 256 (order: 2, 14336 bytes, linear)
[    0.211034] NET: Registered PF_UNIX/PF_LOCAL protocol family
[    0.212318] RPC: Registered named UNIX socket transport module.
[    0.212337] RPC: Registered udp transport module.
[    0.212342] RPC: Registered tcp transport module.
[    0.212347] RPC: Registered tcp-with-tls transport module.
[    0.212351] RPC: Registered tcp NFSv4.1 backchannel transport module.
[    0.212377] PCI: CLS 0 bytes, default 64
[    0.213811] Initialise system trusted keyrings
[    0.224893] workingset: timestamp_bits=14 max_order=17 bucket_order=3
[    0.226295] NFS: Registering the id_resolver key type
[    0.226416] Key type id_resolver registered
[    0.226424] Key type id_legacy registered
[    0.226541] jffs2: version 2.2. (NAND) (SUMMARY)  Â© 2001-2006 Red Hat, Inc.
[    0.227010] Key type asymmetric registered
[    0.227027] Asymmetric key parser 'x509' registered
[    0.227096] io scheduler mq-deadline registered
[    0.227106] io scheduler kyber registered
[    0.227186] io scheduler bfq registered
[    0.229075] target-module@4b000000:target-module@140000:pmu@0:fck: device ID is greater than 24
[    0.230202] ledtrig-cpu: registered to indicate activity on CPUs
[    0.235578] Serial: 8250/16550 driver, 6 ports, IRQ sharing enabled
[    0.285397] brd: module loaded
[    0.295355] loop: module loaded
[    0.296285] mtdoops: mtd device (mtddev=name/number) must be supplied
[    0.310063] i2c_dev: i2c /dev entries driver
[    0.311089] cpuidle: enable-method property 'ti,am3352' found operations
[    0.311523] sdhci: Secure Digital Host Controller Interface driver
[    0.311532] sdhci: Copyright(c) Pierre Ossman
[    0.311719] sdhci-pltfm: SDHCI platform and OF driver helper
[    0.320086] hw perfevents: enabled with armv7_cortex_a8 PMU driver, 5 (8000000f) counters available
[    0.320624] Initializing XFRM netlink socket
[    0.320799] NET: Registered PF_INET6 protocol family
[    0.322793] Segment Routing with IPv6
[    0.322875] In-situ OAM (IOAM) with IPv6
[    0.322972] sit: IPv6, IPv4 and MPLS over IPv4 tunneling driver
[    0.323935] NET: Registered PF_PACKET protocol family
[    0.323954] PFKEY is deprecated and scheduled to be removed in 2027, please contact the netdev mailing list
[    0.323968] NET: Registered PF_KEY protocol family
[    0.324090] Key type dns_resolver registered
[    0.324322] ThumbEE CPU extension supported.
[    0.324342] Registering SWP/SWPB emulation handler
[    0.325080] omap_voltage_late_init: Voltage driver support not added
[    0.325808] SmartReflex Class3 initialized
[    0.364290] Loading compiled-in X.509 certificates
[    0.405945] /ocp/interconnect@44c00000/segment@200000/target-module@b000/i2c@0/tda19988@70: Fixed dependency cycle(s) with /ocp/interconnect@48000000/segment@300000/target-module@e000/lcdc@0
[    0.412347] /ocp/interconnect@44c00000/segment@200000/target-module@b000/i2c@0/tda19988@70: Fixed dependency cycle(s) with /ocp/interconnect@48000000/segment@300000/target-module@e000/lcdc@0
[    0.452119] /ocp/interconnect@44c00000/segment@200000/target-module@b000/i2c@0/tda19988@70: Fixed dependency cycle(s) with /ocp/interconnect@48000000/segment@300000/target-module@e000/lcdc@0
[    0.453007] /ocp/interconnect@44c00000/segment@200000/target-module@b000/i2c@0/tda19988@70: Fixed dependency cycle(s) with /ocp/interconnect@48000000/segment@300000/target-module@e000/lcdc@0
[    0.456837] /ocp/interconnect@44c00000/segment@200000/target-module@10000/scm@0/pinmux@800: Fixed dependency cycle(s) with /ocp/interconnect@44c00000/segment@200000/target-module@10000/scm@0/pinmux@800/clkout2-pins
[    0.457420] pinctrl-single 44e10800.pinmux: 142 pins, size 568
[    0.503371] /ocp/interconnect@48000000/segment@300000/target-module@e000/lcdc@0: Fixed dependency cycle(s) with /ocp/interconnect@44c00000/segment@200000/target-module@b000/i2c@0/tda19988@70
[    0.547517] OMAP GPIO hardware version 0.1
[    0.567052] omap_i2c 4819c000.i2c: bus 2 rev0.11 at 100 kHz
[    0.597115] 48000000.interconnect:segment@200000:target-module@0:mpu@0:fck: device ID is greater than 24
[    0.598037] /ocp/interconnect@48000000/segment@300000/target-module@e000/lcdc@0: Fixed dependency cycle(s) with /ocp/interconnect@44c00000/segment@200000/target-module@b000/i2c@0/tda19988@70
[    0.600890] /ocp/interconnect@48000000/segment@300000/target-module@e000/lcdc@0: Fixed dependency cycle(s) with /ocp/interconnect@44c00000/segment@200000/target-module@b000/i2c@0/tda19988@70
[    0.601589] /ocp/interconnect@44c00000/segment@200000/target-module@b000/i2c@0/tda19988@70: Fixed dependency cycle(s) with /ocp/interconnect@48000000/segment@300000/target-module@e000/lcdc@0
[    0.601766] /ocp/interconnect@48000000/segment@300000/target-module@e000/lcdc@0: Fixed dependency cycle(s) with /ocp/interconnect@44c00000/segment@200000/target-module@b000/i2c@0/tda19988@70
[    0.609684] sdhci-omap 481d8000.mmc: supply pbias not found, using dummy regulator
[    0.610149] sdhci-omap 481d8000.mmc: supply vqmmc not found, using dummy regulator
[    0.691004] davinci_mdio 4a101000.mdio: davinci mdio revision 1.6, bus freq 1000000
[    0.831938] davinci_mdio 4a101000.mdio: phy[0]: device 4a101000.mdio:00, driver SMSC LAN8710/LAN8720
[    0.832710] cpsw-switch 4a100000.switch: initialized cpsw ale version 1.4
[    0.832733] cpsw-switch 4a100000.switch: ALE Table size 1024, Policers 0
[    0.832924] cpsw-switch 4a100000.switch: cpts: overflow check period 500 (jiffies)
[    0.832940] cpsw-switch 4a100000.switch: CPTS: ref_clk_freq:250000000 calc_mult:2147483648 calc_shift:29 error:0 nsec/sec
[    0.833033] cpsw-switch 4a100000.switch: Detected MACID = 6c:ec:eb:68:de:78
[    0.835098] cpsw-switch 4a100000.switch: initialized (regs 0x4a100000, pool size 256) hw_ver:0019010C 1.12 (0)
[    0.857478] debugfs: '49000000.dma' already exists in 'dmaengine'
[    0.857522] edma 49000000.dma: TI EDMA DMA engine driver
[    0.895968] ti-sysc 44e31000.target-module: Failed to create device link (0x180) with supplier ocp for /ocp/interconnect@44c00000/segment@200000/target-module@31000/timer@0
[    0.896029] ti-sysc 48040000.target-module: Failed to create device link (0x180) with supplier ocp for /ocp/interconnect@48000000/segment@0/target-module@40000/timer@0
[    0.913097] 44e09000.serial: ttyS0 at MMIO 0x44e09000 (irq = 34, base_baud = 3000000) is a 8250
[    0.913214] printk: legacy console [ttyS0] enabled
[    2.445636] tps65217-pmic: Failed to locate of_node [id: -1]
[    2.451698] tps65217-bl: Failed to locate of_node [id: -1]
[    2.459198] platform tps65217-charger: DMA mask not set
[    2.466239] platform tps65217-pwrbutton: DMA mask not set
[    2.474064] tps65217 0-0024: TPS65217 ID 0xe version 1.2
[    2.480161] /ocp/interconnect@48000000/segment@300000/target-module@e000/lcdc@0: Fixed dependency cycle(s) with /ocp/interconnect@44c00000/segment@200000/target-module@b000/i2c@0/tda19988@70
[    2.497580] /ocp/interconnect@44c00000/segment@200000/target-module@b000/i2c@0/tda19988@70: Fixed dependency cycle(s) with /ocp/interconnect@48000000/segment@300000/target-module@e000/lcdc@0
[    2.514971] omap_i2c 44e0b000.i2c: bus 0 rev0.11 at 400 kHz
[    2.522976] omap_gpio 44e07000.gpio: Could not set line 6 debounce to 200000 microseconds (-22)
[    2.531861] sdhci-omap 48060000.mmc: Got CD GPIO
[    2.536902] sdhci-omap 48060000.mmc: supply pbias not found, using dummy regulator
[    2.547287] sdhci-omap 48060000.mmc: supply vqmmc not found, using dummy regulator
[    2.556334] sdhci-omap 481d8000.mmc: supply pbias not found, using dummy regulator
[    2.564306] sdhci-omap 481d8000.mmc: supply vqmmc not found, using dummy regulator
[    2.601080] mmc1: SDHCI controller on 481d8000.mmc [481d8000.mmc] using External DMA
[    2.610144] mmc0: SDHCI controller on 48060000.mmc [48060000.mmc] using External DMA
[    2.619045] cpsw-switch 4a100000.switch: starting ndev. mode: dual_mac
[    2.684971] mmc1: new high speed MMC card at address 0001
[    2.691806] mmcblk1: mmc1:0001 MMC04G 3.60 GiB
[    2.699704]  mmcblk1: p1 p2
[    2.703499] SMSC LAN8710/LAN8720 4a101000.mdio:00: attached PHY driver (mii_bus:phy_addr=4a101000.mdio:00, irq=POLL)
[    2.715006] mmcblk1boot0: mmc1:0001 MMC04G 2.00 MiB
[    2.729235] mmcblk1boot1: mmc1:0001 MMC04G 2.00 MiB
[    2.738231] mmcblk1rpmb: mmc1:0001 MMC04G 128 KiB, chardev (249:0)
[    2.788168] mmc0: new high speed SDHC card at address aaaa
[    2.795092] mmcblk0: mmc0:aaaa SE32G 29.7 GiB
[    2.804144]  mmcblk0: p1 p2
[    5.845426] cpsw-switch 4a100000.switch eth0: Link is Up - 100Mbps/Full - flow control off
[    5.884895] IP-Config: Complete:
[    5.888170]      device=eth0, hwaddr=6c:ec:eb:68:de:78, ipaddr=192.168.255.1, mask=255.255.255.0, gw=255.255.255.255
[    5.898833]      host=bbb1, domain=, nis-domain=(none)
[    5.904002]      bootserver=192.168.255.126, rootserver=192.168.255.126, rootpath=
[    5.904430] clk: Disabling unused clocks
[    5.916280] PM: genpd: Disabling unused power domains
[    5.921448] KTAP version 1
[    5.924175] 1..0
[    5.926730] check access for rdinit=/init failed: -2, ignoring
[    5.955639] VFS: Mounted root (nfs filesystem) on device 0:17.
[    5.962456] devtmpfs: mounted
[    5.967284] Freeing unused kernel image (initmem) memory: 1024K
[    5.973908] Run /sbin/init as init process
[    6.648996] systemd[1]: System time before build time, advancing clock.
[    8.184668] random: crng init done
[    8.207386] systemd[1]: systemd 232 running in system mode. (+PAM +AUDIT +SELINUX +IMA +APPARMOR +SMACK +SYSVINIT +UTMP +LIBCRYPTSETUP +GCRYPT +GNUTLS +ACL +XZ +LZ4 +SECCOMP +BLKID +ELFUTILS +KMOD +IDN)
[    8.226470] systemd[1]: Detected architecture arm.

Welcome to [1mDebian GNU/Linux 9 (stretch)[0m!

[    8.257783] systemd[1]: Set hostname to <arm>.
[    9.369606] systemd[1]: Listening on udev Kernel Socket.
[[0;32m  OK  [0m] Listening on udev Kernel Socket.
[    9.395730] systemd[1]: Listening on Journal Audit Socket.
[[0;32m  OK  [0m] Listening on Journal Audit Socket.
[    9.425574] systemd[1]: Started Forward Password Requests to Wall Directory Watch.
[[0;32m  OK  [0m] Started Forward Password Requests to Wall Directory Watch.
[    9.456124] systemd[1]: Created slice User and Session Slice.
[[0;32m  OK  [0m] Created slice User and Session Slice.
[    9.485553] systemd[1]: Started Dispatch Password Requests to Console Directory Watch.
[[0;32m  OK  [0m] Started Dispatch Password Requests to Console Directory Watch.
[    9.515020] systemd[1]: Reached target Paths.
[[0;32m  OK  [0m] Reached target Paths.
[    9.536366] systemd[1]: syslog.socket: SO_PASSSEC failed: Operation not supported
[[0;32m  OK  [0m] Listening on Syslog Socket.
[[0;32m  OK  [0m] Listening on Journal Socket (/dev/log).
[[0;32m  OK  [0m] Reached target Encrypted Volumes.
[[0;32m  OK  [0m] Reached target Swap.
[[0;32m  OK  [0m] Reached target Remote File Systems.
[[0;32m  OK  [0m] Listening on udev Control Socket.
[[0;32m  OK  [0m] Set up automount Arbitrary Executabâ€¦rmats File System Automount Point.
[[0;32m  OK  [0m] Listening on Journal Socket.
[[0;32m  OK  [0m] Listening on /dev/initctl Compatibility Named Pipe.
[[0;32m  OK  [0m] Created slice System Slice.
         Starting Create list of required stâ€¦ce nodes for the current kernel...
         Starting Journal Service...
         Starting Load Kernel Modules...
         Starting Remount Root and Kernel File Systems...
         Mounting Debug File System...
[[0;32m  OK  [0m] Created slice system-getty.slice.
         Mounting POSIX Message Queue File System...
[[0;32m  OK  [0m] Reached target Slices.
[[0;32m  OK  [0m] Created slice system-serial\x2dgetty.slice.
[[0;32m  OK  [0m] Started Create list of required staâ€¦vice nodes for the current kernel.
         Starting Create Static Device Nodes in /dev...
[[0;32m  OK  [0m] Started Remount Root and Kernel File Systems.
         Starting udev Coldplug all Devices...
         Starting Load/Save Random Seed...
[[0;32m  OK  [0m] Mounted POSIX Message Queue File System.
[[0;32m  OK  [0m] Mounted Debug File System.
[[0;32m  OK  [0m] Started Load Kernel Modules.
         Starting Apply Kernel Variables...
         Mounting Configuration File System...
[[0;32m  OK  [0m] Started Load/Save Random Seed.
[[0;32m  OK  [0m] Mounted Configuration File System.
[[0;32m  OK  [0m] Started Apply Kernel Variables.
[[0;32m  OK  [0m] Started Create Static Device Nodes in /dev.
         Starting udev Kernel Device Manager...
[[0;32m  OK  [0m] Reached target Local File Systems (Pre).
[[0;32m  OK  [0m] Reached target Local File Systems.
         Starting Raise network interfaces...
[[0;32m  OK  [0m] Started Journal Service.
         Starting Flush Journal to Persistent Storage...
[   11.896064] systemd-journald[79]: Received request to flush runtime journal from PID 1
[[0;32m  OK  [0m] Started Flush Journal to Persistent Storage.
         Starting Create Volatile Files and Directories...
[[0;32m  OK  [0m] Started udev Kernel Device Manager.
[   12.651935] omap_prm 44e00d00.prm: sync_state() pending due to 44d00000.cpu
[[0;32m  OK  [0m] Started Create Volatile Files and Directories.
         Starting Network Time Synchronization...
         Starting Update UTMP about System Boot/Shutdown...
[[0;32m  OK  [0m] Started Update UTMP about System Boot/Shutdown.
[[0;32m  OK  [0m] Started udev Coldplug all Devices.
[   15.024025] remoteproc remoteproc0: wkup_m3 is available
[   15.122058] omap_rtc 44e3e000.rtc: registered as rtc0
[   15.127442] omap_rtc 44e3e000.rtc: setting system clock to 2000-01-01T00:00:00 UTC (946684800)
[   15.209026] at24 2-0054: supply vcc not found, using dummy regulator
[   15.351075] at24 2-0055: supply vcc not found, using dummy regulator
[[0;32m  OK  [0m] Found device /dev/ttyS0.
[[0;32m  OK  [0m] Started Network Time Synchronization.
[   15.505634] at24 2-0056: supply vcc not found, using dummy regulator
[   15.606259] at24 2-0057: supply vcc not found, using dummy regulator
[   15.737680] at24 0-0050: 4096 byte 24c32 EEPROM, writable, 1 bytes/write
[   15.868090] input: tps65217_pwrbutton as /devices/platform/ocp/44c00000.interconnect/44c00000.interconnect:segment@200000/44e0b000.target-module/44e0b000.i2c/i2c-0/0-0024/tps65217-pwrbutton/input/input0
[[0;32m  OK  [0m] Reached target System Initialization.
[[0;32m  OK  [0m] Listening on D-Bus System Message Bus Socket.
[[0;32m  OK  [0m] Started Daily Cleanup of Temporary Directories.
[[0;32m  OK  [0m] Listening on Avahi mDNS/DNS-SD Stack Activation Socket.
[[0;32m  OK  [0m] Reached target Sockets.
[[0;32m  OK  [0m] Reached target Basic System.
[   16.242333] omap_wdt: OMAP Watchdog Timer Rev 0x01: initial timeout 60 sec
[   16.346903] am335x-phy-driver 47401300.usb-phy: dummy supplies not allowed for exclusive requests (id=vbus)
         Starting Generic Board Startup...
[   16.506640] am335x-phy-driver 47401b00.usb-phy: dummy supplies not allowed for exclusive requests (id=vbus)
         Starting Cape Manager Service...
         Starting Avahi mDNS/DNS-SD Stack...
[[0;32m  OK  [0m] Started Regular background program processing daemon.
[   16.965602] usbcore: registered new interface driver usbfs
[   16.971240] usbcore: registered new interface driver hub
[   16.976887] usbcore: registered new device driver usb
         Starting LSB: Load kernel modules needed to enable cpufreq scaling...
         Starting LSB: Start busybox udhcpd at boot time...
         Starting Login Service...
[   17.499726] tda998x 0-0070: found TDA19988
         Starting System Logging Service...
[   17.817847] musb-hdrc musb-hdrc.1: MUSB HDRC host driver
[   17.823268] musb-hdrc musb-hdrc.1: new USB bus registered, assigned bus number 1
         Starting DUN service...
[[0;32m  OK  [0m] Started D-Bus System Message Bus.
[   18.189192] usb usb1: New USB device found, idVendor=1d6b, idProduct=0002, bcdDevice= 6.18
[   18.198027] usb usb1: New USB device strings: Mfr=3, Product=2, SerialNumber=1
[   18.205435] usb usb1: Product: MUSB HDRC host driver
[   18.210432] usb usb1: Manufacturer: Linux 6.18.0-rc5-next-20251113 musb-hcd
[   18.217488] usb usb1: SerialNumber: musb-hdrc.1
[   18.360920] omap-mailbox 480c8000.mailbox: omap mailbox rev 0x400
[   18.478876] remoteproc remoteproc0: powering up wkup_m3
[   18.692334] remoteproc remoteproc0: Direct firmware load for am335x-pm-firmware.elf failed with error -2
[   18.702206] remoteproc remoteproc0: request_firmware failed: -2
[   18.708283] wkup_m3_ipc 44e11324.wkup_m3_ipc: rproc_boot failed
[   18.765343] hub 1-0:1.0: USB hub found
[   18.846669] hub 1-0:1.0: 1 port detected
[   21.636689] tilcdc 4830e000.lcdc: bound 0-0070 (ops tda998x_driver_exit [tda998x])
[   21.671441] omap_rng 48310000.rng: Random Number Generator ver. 20
[   21.745163] [drm] Initialized tilcdc 1.0.0 for 4830e000.lcdc on minor 0
[   21.812109] tilcdc 4830e000.lcdc: [drm] Cannot find any crtc or sizes
[   21.900217] tilcdc 4830e000.lcdc: [drm] Cannot find any crtc or sizes
[[0;32m  OK  [0m] Started Avahi mDNS/DNS-SD Stack.
[   21.951908] ------------[ cut here ]------------
[   21.956743] WARNING: net/8021q/vlan_core.c:236 at vlan_for_each+0x114/0x134, CPU#0: avahi-daemon/190
[   21.966021] RTNL: assertion failed at net/8021q/vlan_core.c (236)
[   21.972150] Modules linked in: omap_rng rng_core tilcdc drm_dma_helper drm_client_lib snd_soc_davinci_mcasp snd_soc_ti_udma snd_soc_ti_edma snd_soc_ti_sdma snd_soc_core snd_pcm_dmaengine snd_pcm snd_timer omap_mailbox snd soundcore musb_dsps musb_hdrc tda998x udc_core cec usbcore drm_kms_helper phy_am335x phy_generic omap_wdt usb_common wkup_m3_ipc watchdog drm phy_am335x_control tps65218_pwrbutton drm_panel_orientation_quirks at24 cppi41 rtc_omap wkup_m3_rproc leds_gpio led_class cpufreq_dt autofs4
[   22.016880] CPU: 0 UID: 107 PID: 190 Comm: avahi-daemon Not tainted 6.18.0-rc5-next-20251113 #1 NONE 
[   22.016898] Hardware name: Generic AM33XX (Flattened Device Tree)
[   22.016908] Call trace: 
[   22.016924]  unwind_backtrace from show_stack+0x10/0x14
[   22.016960]  show_stack from dump_stack_lvl+0x50/0x64
[   22.016985]  dump_stack_lvl from __warn+0x88/0x148
[   22.017003]  __warn from warn_slowpath_fmt+0x19c/0x1b0
[   22.017015]  warn_slowpath_fmt from vlan_for_each+0x114/0x134
[   22.017032]  vlan_for_each from cpsw_add_mc_addr+0x40/0xa4
[   22.017060]  cpsw_add_mc_addr from __hw_addr_ref_sync_dev+0x108/0x140
[   22.017083]  __hw_addr_ref_sync_dev from __dev_mc_add+0x7c/0x80
[   22.017098]  __dev_mc_add from igmp6_group_added+0xc8/0xe0
[   22.017131]  igmp6_group_added from __ipv6_dev_mc_inc+0x218/0x364
[   22.017155]  __ipv6_dev_mc_inc from __ipv6_sock_mc_join+0x11c/0x1c0
[   22.017178]  __ipv6_sock_mc_join from do_ipv6_setsockopt+0x1214/0x1310
[   22.017200]  do_ipv6_setsockopt from ipv6_setsockopt+0x60/0xcc
[   22.017215]  ipv6_setsockopt from udpv6_setsockopt+0x2c/0x6c
[   22.017232]  udpv6_setsockopt from sock_common_setsockopt+0x30/0x40
[   22.017254]  sock_common_setsockopt from do_sock_setsockopt+0x50/0x9c
[   22.017284]  do_sock_setsockopt from __sys_setsockopt+0x70/0xbc
[   22.017302]  __sys_setsockopt from ret_fast_syscall+0x0/0x58
[   22.017315] Exception stack(0xe0159fa8 to 0xe0159ff0)
[   22.017330] 9fa0:                   00000014 b6f44ce8 0000000d 00000029 00000014 be9b19ec
[   22.017341] 9fc0: 00000014 b6f44ce8 00000014 00000126 0000000d b6eedff4 0045e988 00446558
[   22.017350] 9fe0: b6f03088 be9b19d8 b6ee0309 b6db741a
[   22.017357] ---[ end trace 0000000000000000 ]---
[[0;32m  OK  [0m] Started DUN service.
         Starting Connection service...
         Starting Telephony service...
[[0;32m  OK  [0m] Reached target System Time Synchronized.
[[0;32m  OK  [0m] Started Daily apt download activities.
[[0;32m  OK  [0m] Started Daily apt upgrade and clean activities.
[[0;32m  OK  [0m] Reached target Timers.
[[0;32m  OK  [0m] Started System Logging Service.
[[0;32m  OK  [0m] Started Cape Manager Service.
[   22.967511] PM: Cannot get wkup_m3_ipc handle
[   22.978825] omap-sham 53100000.sham: hw accel on OMAP rev 4.3
[   23.148790] omap-aes 53500000.aes: OMAP AES hw accel rev: 3.2
[   23.191771] omap-sham 53100000.sham: will run requests pump with realtime priority
[   23.200579] PM: Cannot get wkup_m3_ipc handle
[   23.336560] omap-aes 53500000.aes: will run requests pump with realtime priority
[   23.349178] PM: Cannot get wkup_m3_ipc handle
[   25.775526] Bluetooth: Core ver 2.22
[   25.779352] NET: Registered PF_BLUETOOTH protocol family
[   25.784834] Bluetooth: HCI device and connection manager initialized
[   25.791250] Bluetooth: HCI socket layer initialized
[   25.796225] Bluetooth: L2CAP socket layer initialized
[   25.801336] Bluetooth: SCO socket layer initialized
[   26.567614] gpio-537 (nxp,calib): gpiod_direction_output_nonotify: tried to set a GPIO tied to an IRQ as output
[   26.662733] PM: Cannot get wkup_m3_ipc handle
[   26.843606] PM: Cannot get wkup_m3_ipc handle
[   26.906575] tda9950 0-0034: TDA9950 CEC interface, hardware version 3.3
[   27.036301] PM: Cannot get wkup_m3_ipc handle
[[0;32m  OK  [0m] Started LSB: Start busybox udhcpd at boot time.
[[0;32m  OK  [0m] Started Raise network interfaces.
[[0;32m  OK  [0m] Started LSB: Load kernel modules needed to enable cpufreq scaling.
[   29.266127] configfs-gadget.g_multi gadget.0: HOST MAC 1c:ba:8c:a2:ed:6c
[   29.272903] configfs-gadget.g_multi gadget.0: MAC 1c:ba:8c:a2:ed:70
[   29.280287] configfs-gadget.g_multi gadget.0: HOST MAC 1c:ba:8c:a2:ed:6c
[   29.287176] configfs-gadget.g_multi gadget.0: MAC 1c:ba:8c:a2:ed:6d
[   29.297013] PM: Cannot get wkup_m3_ipc handle
[[0;32m  OK  [0m] Started Telephony service.
[[0;32m  OK  [0m] Started Connection service.
[[0;32m  OK  [0m] Started Login Service.
         Starting Hostname Service...
         Starting WPA supplicant...
[[0;32m  OK  [0m] Reached target Sound Card.
         Starting LSB: set CPUFreq kernel parameters...
[[0;32m  OK  [0m] Started WPA supplicant.
[[0;32m  OK  [0m] Started Hostname Service.
[[0;32m  OK  [0m] Reached target Network.
         Starting The Apache HTTP Server...
         Starting OpenBSD Secure Shell server...
         Starting Permit User Sessions...
[[0;32m  OK  [0m] Reached target Network is Online.
         Starting LSB: Advanced IEEE 802.11 management daemon...
[[0;32m  OK  [0m] Started LSB: set CPUFreq kernel parameters.
[[0;32m  OK  [0m] Started LSB: Advanced IEEE 802.11 management daemon.
[[0;32m  OK  [0m] Started Permit User Sessions.
[[0;32m  OK  [0m] Started Getty on tty1.
[[0;32m  OK  [0m] Started Serial Getty on ttyS0.
[[0;32m  OK  [0m] Reached target Login Prompts.
         Stopping LSB: Start busybox udhcpd at boot time...
[[0;32m  OK  [0m] Started OpenBSD Secure Shell server.
[[0;32m  OK  [0m] Stopped LSB: Start busybox udhcpd at boot time.
         Starting dnsmasq - A lightweight DHCP and caching DNS server...
[[0;32m  OK  [0m] Started The Apache HTTP Server.
[[0;32m  OK  [0m] Started dnsmasq - A lightweight DHCP and caching DNS server.
[[0;32m  OK  [0m] Reached target Host and Network Name Lookups.
[[0;32m  OK  [0m] Started Serial Getty on ttyGS0.
[[0;32m  OK  [0m] Started Generic Board Startup.
[[0;32m  OK  [0m] Reached target Multi-User System.
[[0;32m  OK  [0m] Reached target Graphical Interface.
         Starting Update UTMP about System Runlevel Changes...
[[0;32m  OK  [0m] Started Update UTMP about System Runlevel Changes.

Debian GNU/Linux 9 arm ttyS0

default username:password is [debian:temppwd]

arm login: root
Password: 
Last login: Sat Jan  1 00:00:36 UTC 2000 on ttyS0
root
Linux arm 6.18.0-rc5-next-20251113 #1 SMP Thu Nov 13 06:29:49 EET 2025 armv7l

The programs included with the Debian GNU/Linux system are free software;
the exact distribution terms for each program are described in the
individual files in /usr/share/doc/*/copyright.

Debian GNU/Linux comes with ABSOLUTELY NO WARRANTY, to the extent
permitted by applicable law.
root@arm:~# root
-bash: root: command not found
root@arm:~# dmesg -n 1
root@arm:~# echo 'HLSQ''KQUUOX'
HLSQKQUUOX
root@arm:~# run() { echo -n "$MARKER"; sh -c "$@"; echo "$MARKER $?"; }
root@arm:~# echo 'EQGY''OULWKW'
EQGYOULWKW
root@arm:~# MARKER='QJCV''PKUYCB' run 'cat /proc/version'
QJCVPKUYCBLinux version 6.18.0-rc5-next-20251113 (user01@drvtest01) (arm-none-eabi-gcc (Arm GNU Toolchain 14.2.Rel1 (Build arm-14.52)) 14.2.1 20241119, GNU ld (Arm GNU Toolchain 14.2.Rel1 (Build arm-14.52)) 2.43.1.20241119) #1 SMP Thu Nov 13 06:29:49 EET 2025
QJCVPKUYCB 0
root@arm:~# echo 'TLEF''XYWYLA'
TLEFXYWYLA
root@arm:~# MARKER='TBUQ''UZFVJG' run false
TBUQUZFVJGTBUQUZFVJG 1
root@arm:~# Labgrid Console Logfile for main
Logfile started at 2025-11-13 06:32:38.649094
=== Log starts here ===

root@arm:~# run() { echo -n "$MARKER"; sh -c "$@"; echo "$MARKER $?"; }
root@arm:~# echo 'CMZF''VYGUJF'
CMZFVYGUJF
root@arm:~# MARKER='NCML''PONNKC' run 'ls /iio_generic_buffer; echo $?'
NCMLPONNKC/iio_generic_buffer
0
NCMLPONNKC 0
root@arm:~Labgrid Console Logfile for main
Logfile started at 2025-11-13 06:32:42.016864
=== Log starts here ===

root@arm:~# run() { echo -n "$MARKER"; sh -c "$@"; echo "$MARKER $?"; }
root@arm:~# echo 'PHOT''EQZXMO'
PHOTEQZXMO
root@arm:~# MARKER='BOXN''WMCUML' run dmesg
BOXNWMCUML[    0.000000] Booting Linux on physical CPU 0x0
[    0.000000] Linux version 6.18.0-rc5-next-20251113 (user01@drvtest01) (arm-none-eabi-gcc (Arm GNU Toolchain 14.2.Rel1 (Build arm-14.52)) 14.2.1 20241119, GNU ld (Arm GNU Toolchain 14.2.Rel1 (Build arm-14.52)) 2.43.1.20241119) #1 SMP Thu Nov 13 06:29:49 EET 2025
[    0.000000] CPU: ARMv7 Processor [413fc082] revision 2 (ARMv7), cr=10c5387d
[    0.000000] CPU: PIPT / VIPT nonaliasing data cache, VIPT aliasing instruction cache
[    0.000000] OF: fdt: Machine model: TI AM335x BeagleBone Black
[    0.000000] Memory policy: Data cache writeback
[    0.000000] cma: Reserved 16 MiB at 0x9e800000
[    0.000000] Zone ranges:
[    0.000000]   Normal   [mem 0x0000000080000000-0x000000009fdfffff]
[    0.000000]   HighMem  empty
[    0.000000] Movable zone start for each node
[    0.000000] Early memory node ranges
[    0.000000]   node   0: [mem 0x0000000080000000-0x000000009fdfffff]
[    0.000000] Initmem setup node 0 [mem 0x0000000080000000-0x000000009fdfffff]
[    0.000000] On node 0, zone Normal: 512 pages in unavailable ranges
[    0.000000] OF: reserved mem: Reserved memory: No reserved-memory node in the DT
[    0.000000] CPU: All CPU(s) started in SVC mode.
[    0.000000] AM335X ES2.1 (sgx neon)
[    0.000000] percpu: Embedded 17 pages/cpu s39948 r8192 d21492 u69632
[    0.000000] pcpu-alloc: s39948 r8192 d21492 u69632 alloc=17*4096
[    0.000000] pcpu-alloc: [0] 0 
[    0.000000] Kernel command line: console=ttyO0,115200n8 root=/dev/nfs rw nfsroot=192.168.255.126:/home/user01/nfs,nfsvers=3 ip=192.168.255.1:192.168.255.126::255.255.255.0:bbb1:eth0 nfsrootdebug
[    0.000000] Unknown kernel command line parameters "nfsrootdebug", will be passed to user space.
[    0.000000] printk: log buffer data + meta data: 65536 + 204800 = 270336 bytes
[    0.000000] Dentry cache hash table entries: 65536 (order: 6, 262144 bytes, linear)
[    0.000000] Inode-cache hash table entries: 32768 (order: 5, 131072 bytes, linear)
[    0.000000] Built 1 zonelists, mobility grouping on.  Total pages: 130560
[    0.000000] mem auto-init: stack:off, heap alloc:off, heap free:off
[    0.000000] SLUB: HWalign=16, Order=0-3, MinObjects=0, CPUs=1, Nodes=1
[    0.000000] rcu: Hierarchical RCU implementation.
[    0.000000] rcu: 	RCU event tracing is enabled.
[    0.000000] rcu: 	RCU restricting CPUs from NR_CPUS=2 to nr_cpu_ids=1.
[    0.000000] 	Tracing variant of Tasks RCU enabled.
[    0.000000] rcu: RCU calculated value of scheduler-enlistment delay is 10 jiffies.
[    0.000000] rcu: Adjusting geometry for rcu_fanout_leaf=16, nr_cpu_ids=1
[    0.000000] RCU Tasks Trace: Setting shift to 0 and lim to 1 rcu_task_cb_adjust=1 rcu_task_cpu_ids=1.
[    0.000000] NR_IRQS: 16, nr_irqs: 16, preallocated irqs: 16
[    0.000000] IRQ: Found an INTC at 0x(ptrval) (revision 5.0) with 128 interrupts
[    0.000000] rcu: srcu_init: Setting srcu_struct sizes based on contention.
[    0.000000] TI gptimer clocksource: always-on /ocp/interconnect@44c00000/segment@200000/target-module@31000
[    0.000002] sched_clock: 32 bits at 24MHz, resolution 41ns, wraps every 89478484971ns
[    0.000024] clocksource: dmtimer: mask: 0xffffffff max_cycles: 0xffffffff, max_idle_ns: 79635851949 ns
[    0.000494] TI gptimer clockevent: 24000000 Hz at /ocp/interconnect@48000000/segment@0/target-module@40000
[    0.002045] Console: colour dummy device 80x30
[    0.002107] WARNING: Your 'console=ttyO0' has been replaced by 'ttyS0'
[    0.002115] This ensures that you still see kernel messages. Please
[    0.002119] update your kernel commandline.
[    0.002164] Calibrating delay loop... 996.14 BogoMIPS (lpj=4980736)
[    0.090605] CPU: Testing write buffer coherency: ok
[    0.090687] CPU0: Spectre v2: using BPIALL workaround
[    0.090696] pid_max: default: 32768 minimum: 301
[    0.091014] Mount-cache hash table entries: 1024 (order: 0, 4096 bytes, linear)
[    0.091035] Mountpoint-cache hash table entries: 1024 (order: 0, 4096 bytes, linear)
[    0.092615] CPU0: thread -1, cpu 0, socket -1, mpidr 0
[    0.092672] cacheinfo: Unable to detect cache hierarchy for CPU 0
[    0.094698] Setting up static identity map for 0x80100000 - 0x80100078
[    0.095014] rcu: Hierarchical SRCU implementation.
[    0.095021] rcu: 	Max phase no-delay instances is 1000.
[    0.096729] smp: Bringing up secondary CPUs ...
[    0.096786] smp: Brought up 1 node, 1 CPU
[    0.096798] SMP: Total of 1 processors activated (996.14 BogoMIPS).
[    0.096809] CPU: All CPU(s) started in SVC mode.
[    0.097018] Memory: 479964K/522240K available (12288K kernel code, 1231K rwdata, 2956K rodata, 1024K init, 255K bss, 24364K reserved, 16384K cma-reserved, 0K highmem)
[    0.097841] devtmpfs: initialized
[    0.115676] VFP support v0.3: implementor 41 architecture 3 part 30 variant c rev 3
[    0.116337] clocksource: jiffies: mask: 0xffffffff max_cycles: 0xffffffff, max_idle_ns: 19112604462750000 ns
[    0.116395] posixtimers hash table entries: 512 (order: 0, 4096 bytes, linear)
[    0.116420] futex hash table entries: 256 (16384 bytes on 1 NUMA nodes, total 16 KiB, linear).
[    0.119603] NET: Registered PF_NETLINK/PF_ROUTE protocol family
[    0.122759] DMA: preallocated 256 KiB pool for atomic coherent allocations
[    0.123747] audit: initializing netlink subsys (disabled)
[    0.125109] thermal_sys: Registered thermal governor 'fair_share'
[    0.125125] thermal_sys: Registered thermal governor 'step_wise'
[    0.125133] thermal_sys: Registered thermal governor 'user_space'
[    0.125245] audit: type=2000 audit(0.120:1): state=initialized audit_enabled=0 res=1
[    0.125317] cpuidle: using governor menu
[    0.143486] /ocp/interconnect@44c00000/segment@200000/target-module@b000/i2c@0/tda19988@70: Fixed dependency cycle(s) with /ocp/interconnect@48000000/segment@300000/target-module@e000/lcdc@0
[    0.144579] /ocp/interconnect@48000000/segment@300000/target-module@e000/lcdc@0: Fixed dependency cycle(s) with /ocp/interconnect@44c00000/segment@200000/target-module@b000/i2c@0/tda19988@70
[    0.146755] No ATAGs?
[    0.146792] hw-breakpoint: debug architecture 0x4 unsupported.
[    0.149442] kprobes: kprobe jump-optimization is enabled. All kprobes are optimized if possible.
[    0.164094] iommu: Default domain type: Translated
[    0.164117] iommu: DMA domain TLB invalidation policy: strict mode
[    0.165686] reg-fixed-voltage fixedregulator0: using DT '/fixedregulator0' for '(default)' GPIO lookup
[    0.165739] of_get_named_gpiod_flags: can't parse 'gpios' property of node '/fixedregulator0[0]'
[    0.165768] of_get_named_gpiod_flags: can't parse 'gpio' property of node '/fixedregulator0[0]'
[    0.165786] reg-fixed-voltage fixedregulator0: using lookup tables for GPIO lookup
[    0.165796] reg-fixed-voltage fixedregulator0: No GPIO consumer (default) found
[    0.171383] SCSI subsystem initialized
[    0.171857] libata version 3.00 loaded.
[    0.172244] pps_core: LinuxPPS API ver. 1 registered
[    0.172255] pps_core: Software ver. 5.3.6 - Copyright 2005-2007 Rodolfo Giometti <giometti@linux.it>
[    0.172280] PTP clock support registered
[    0.174287] vgaarb: loaded
[    0.180793] clocksource: Switched to clocksource dmtimer
[    0.181434] VFS: Disk quotas dquot_6.6.0
[    0.181497] VFS: Dquot-cache hash table entries: 1024 (order 0, 4096 bytes)
[    0.208729] NET: Registered PF_INET protocol family
[    0.209058] IP idents hash table entries: 8192 (order: 4, 65536 bytes, linear)
[    0.210485] tcp_listen_portaddr_hash hash table entries: 512 (order: 0, 4096 bytes, linear)
[    0.210519] Table-perturb hash table entries: 65536 (order: 6, 262144 bytes, linear)
[    0.210539] TCP established hash table entries: 4096 (order: 2, 16384 bytes, linear)
[    0.210584] TCP bind hash table entries: 4096 (order: 4, 65536 bytes, linear)
[    0.210685] TCP: Hash tables configured (established 4096 bind 4096)
[    0.210805] UDP hash table entries: 256 (order: 2, 14336 bytes, linear)
[    0.210839] UDP-Lite hash table entries: 256 (order: 2, 14336 bytes, linear)
[    0.211034] NET: Registered PF_UNIX/PF_LOCAL protocol family
[    0.212318] RPC: Registered named UNIX socket transport module.
[    0.212337] RPC: Registered udp transport module.
[    0.212342] RPC: Registered tcp transport module.
[    0.212347] RPC: Registered tcp-with-tls transport module.
[    0.212351] RPC: Registered tcp NFSv4.1 backchannel transport module.
[    0.212377] PCI: CLS 0 bytes, default 64
[    0.213811] Initialise system trusted keyrings
[    0.224893] workingset: timestamp_bits=14 max_order=17 bucket_order=3
[    0.226295] NFS: Registering the id_resolver key type
[    0.226416] Key type id_resolver registered
[    0.226424] Key type id_legacy registered
[    0.226541] jffs2: version 2.2. (NAND) (SUMMARY)  Â© 2001-2006 Red Hat, Inc.
[    0.227010] Key type asymmetric registered
[    0.227027] Asymmetric key parser 'x509' registered
[    0.227096] io scheduler mq-deadline registered
[    0.227106] io scheduler kyber registered
[    0.227186] io scheduler bfq registered
[    0.229075] target-module@4b000000:target-module@140000:pmu@0:fck: device ID is greater than 24
[    0.230202] ledtrig-cpu: registered to indicate activity on CPUs
[    0.235578] Serial: 8250/16550 driver, 6 ports, IRQ sharing enabled
[    0.285397] brd: module loaded
[    0.295355] loop: module loaded
[    0.296285] mtdoops: mtd device (mtddev=name/number) must be supplied
[    0.308601] mdio_bus fixed-0: using lookup tables for GPIO lookup
[    0.308627] mdio_bus fixed-0: No GPIO consumer reset found
[    0.310063] i2c_dev: i2c /dev entries driver
[    0.311089] cpuidle: enable-method property 'ti,am3352' found operations
[    0.311523] sdhci: Secure Digital Host Controller Interface driver
[    0.311532] sdhci: Copyright(c) Pierre Ossman
[    0.311719] sdhci-pltfm: SDHCI platform and OF driver helper
[    0.320086] hw perfevents: enabled with armv7_cortex_a8 PMU driver, 5 (8000000f) counters available
[    0.320624] Initializing XFRM netlink socket
[    0.320799] NET: Registered PF_INET6 protocol family
[    0.322793] Segment Routing with IPv6
[    0.322875] In-situ OAM (IOAM) with IPv6
[    0.322972] sit: IPv6, IPv4 and MPLS over IPv4 tunneling driver
[    0.323935] NET: Registered PF_PACKET protocol family
[    0.323954] PFKEY is deprecated and scheduled to be removed in 2027, please contact the netdev mailing list
[    0.323968] NET: Registered PF_KEY protocol family
[    0.324090] Key type dns_resolver registered
[    0.324322] ThumbEE CPU extension supported.
[    0.324342] Registering SWP/SWPB emulation handler
[    0.325080] omap_voltage_late_init: Voltage driver support not added
[    0.325808] SmartReflex Class3 initialized
[    0.364290] Loading compiled-in X.509 certificates
[    0.405945] /ocp/interconnect@44c00000/segment@200000/target-module@b000/i2c@0/tda19988@70: Fixed dependency cycle(s) with /ocp/interconnect@48000000/segment@300000/target-module@e000/lcdc@0
[    0.412347] /ocp/interconnect@44c00000/segment@200000/target-module@b000/i2c@0/tda19988@70: Fixed dependency cycle(s) with /ocp/interconnect@48000000/segment@300000/target-module@e000/lcdc@0
[    0.418064] gpiochip_find_base_unlocked: found new base at 512
[    0.452119] /ocp/interconnect@44c00000/segment@200000/target-module@b000/i2c@0/tda19988@70: Fixed dependency cycle(s) with /ocp/interconnect@48000000/segment@300000/target-module@e000/lcdc@0
[    0.453007] /ocp/interconnect@44c00000/segment@200000/target-module@b000/i2c@0/tda19988@70: Fixed dependency cycle(s) with /ocp/interconnect@48000000/segment@300000/target-module@e000/lcdc@0
[    0.456837] /ocp/interconnect@44c00000/segment@200000/target-module@10000/scm@0/pinmux@800: Fixed dependency cycle(s) with /ocp/interconnect@44c00000/segment@200000/target-module@10000/scm@0/pinmux@800/clkout2-pins
[    0.457420] pinctrl-single 44e10800.pinmux: 142 pins, size 568
[    0.503371] /ocp/interconnect@48000000/segment@300000/target-module@e000/lcdc@0: Fixed dependency cycle(s) with /ocp/interconnect@44c00000/segment@200000/target-module@b000/i2c@0/tda19988@70
[    0.523255] gpiochip_find_base_unlocked: found new base at 512
[    0.523359] gpio gpiochip0: (gpio-0-31): created GPIO range 0->7 ==> 44e10800.pinmux PIN 0->7
[    0.523379] gpio gpiochip0: (gpio-0-31): created GPIO range 8->11 ==> 44e10800.pinmux PIN 90->93
[    0.523396] gpio gpiochip0: (gpio-0-31): created GPIO range 12->27 ==> 44e10800.pinmux PIN 12->27
[    0.523412] gpio gpiochip0: (gpio-0-31): created GPIO range 28->31 ==> 44e10800.pinmux PIN 30->33
[    0.547195] gpio gpiochip0: (gpio-0-31): added GPIO chardev (254:0)
[    0.547430] gpio gpiochip0: registered GPIOs 512 to 543 on gpio-0-31
[    0.547517] OMAP GPIO hardware version 0.1
[    0.566053] i2c i2c-2: using DT '/ocp/interconnect@48000000/segment@100000/target-module@9c000/i2c@0' for 'scl' GPIO lookup
[    0.566127] of_get_named_gpiod_flags: can't parse 'scl-gpios' property of node '/ocp/interconnect@48000000/segment@100000/target-module@9c000/i2c@0[0]'
[    0.566169] of_get_named_gpiod_flags: can't parse 'scl-gpio' property of node '/ocp/interconnect@48000000/segment@100000/target-module@9c000/i2c@0[0]'
[    0.566205] i2c i2c-2: using lookup tables for GPIO lookup
[    0.566216] i2c i2c-2: No GPIO consumer scl found
[    0.566238] i2c i2c-2: using DT '/ocp/interconnect@48000000/segment@100000/target-module@9c000/i2c@0' for 'sda' GPIO lookup
[    0.566274] of_get_named_gpiod_flags: can't parse 'sda-gpios' property of node '/ocp/interconnect@48000000/segment@100000/target-module@9c000/i2c@0[0]'
[    0.566310] of_get_named_gpiod_flags: can't parse 'sda-gpio' property of node '/ocp/interconnect@48000000/segment@100000/target-module@9c000/i2c@0[0]'
[    0.566341] i2c i2c-2: using lookup tables for GPIO lookup
[    0.566349] i2c i2c-2: No GPIO consumer sda found
[    0.567052] omap_i2c 4819c000.i2c: bus 2 rev0.11 at 100 kHz
[    0.572772] gpiochip_find_base_unlocked: found new base at 544
[    0.572881] gpio gpiochip1: (gpio-32-63): created GPIO range 0->17 ==> 44e10800.pinmux PIN 34->51
[    0.572903] gpio gpiochip1: (gpio-32-63): created GPIO range 18->21 ==> 44e10800.pinmux PIN 77->80
[    0.572918] gpio gpiochip1: (gpio-32-63): created GPIO range 22->31 ==> 44e10800.pinmux PIN 56->65
[    0.587527] gpio gpiochip1: (gpio-32-63): added GPIO chardev (254:1)
[    0.587755] gpio gpiochip1: registered GPIOs 544 to 575 on gpio-32-63
[    0.590081] gpiochip_find_base_unlocked: found new base at 576
[    0.590175] gpio gpiochip2: (gpio-64-95): created GPIO range 0->4 ==> 44e10800.pinmux PIN 66->70
[    0.590196] gpio gpiochip2: (gpio-64-95): created GPIO range 5->6 ==> 44e10800.pinmux PIN 98->99
[    0.590211] gpio gpiochip2: (gpio-64-95): created GPIO range 7->8 ==> 44e10800.pinmux PIN 75->76
[    0.590226] gpio gpiochip2: (gpio-64-95): created GPIO range 13->13 ==> 44e10800.pinmux PIN 141->141
[    0.590243] gpio gpiochip2: (gpio-64-95): created GPIO range 14->21 ==> 44e10800.pinmux PIN 100->107
[    0.590917] gpio gpiochip2: (gpio-64-95): added GPIO chardev (254:2)
[    0.591145] gpio gpiochip2: registered GPIOs 576 to 607 on gpio-64-95
[    0.597115] 48000000.interconnect:segment@200000:target-module@0:mpu@0:fck: device ID is greater than 24
[    0.598037] /ocp/interconnect@48000000/segment@300000/target-module@e000/lcdc@0: Fixed dependency cycle(s) with /ocp/interconnect@44c00000/segment@200000/target-module@b000/i2c@0/tda19988@70
[    0.600890] /ocp/interconnect@48000000/segment@300000/target-module@e000/lcdc@0: Fixed dependency cycle(s) with /ocp/interconnect@44c00000/segment@200000/target-module@b000/i2c@0/tda19988@70
[    0.601589] /ocp/interconnect@44c00000/segment@200000/target-module@b000/i2c@0/tda19988@70: Fixed dependency cycle(s) with /ocp/interconnect@48000000/segment@300000/target-module@e000/lcdc@0
[    0.601766] /ocp/interconnect@48000000/segment@300000/target-module@e000/lcdc@0: Fixed dependency cycle(s) with /ocp/interconnect@44c00000/segment@200000/target-module@b000/i2c@0/tda19988@70
[    0.609324] sdhci-omap 481d8000.mmc: using DT '/ocp/interconnect@48000000/segment@100000/target-module@d8000/mmc@0' for 'wp' GPIO lookup
[    0.609399] of_get_named_gpiod_flags: can't parse 'wp-gpios' property of node '/ocp/interconnect@48000000/segment@100000/target-module@d8000/mmc@0[0]'
[    0.609442] of_get_named_gpiod_flags: can't parse 'wp-gpio' property of node '/ocp/interconnect@48000000/segment@100000/target-module@d8000/mmc@0[0]'
[    0.609479] sdhci-omap 481d8000.mmc: using lookup tables for GPIO lookup
[    0.609490] sdhci-omap 481d8000.mmc: No GPIO consumer wp found
[    0.609684] sdhci-omap 481d8000.mmc: supply pbias not found, using dummy regulator
[    0.610149] sdhci-omap 481d8000.mmc: supply vqmmc not found, using dummy regulator
[    0.641473] mdio_bus 4a101000.mdio: using DT '/ocp/interconnect@4a000000/segment@0/target-module@100000/switch@0/mdio@1000' for 'reset' GPIO lookup
[    0.641548] of_get_named_gpiod_flags: can't parse 'reset-gpios' property of node '/ocp/interconnect@4a000000/segment@0/target-module@100000/switch@0/mdio@1000[0]'
[    0.641593] of_get_named_gpiod_flags: can't parse 'reset-gpio' property of node '/ocp/interconnect@4a000000/segment@0/target-module@100000/switch@0/mdio@1000[0]'
[    0.641639] mdio_bus 4a101000.mdio: using lookup tables for GPIO lookup
[    0.641649] mdio_bus 4a101000.mdio: No GPIO consumer reset found
[    0.691004] davinci_mdio 4a101000.mdio: davinci mdio revision 1.6, bus freq 1000000
[    0.708951] mdio_bus 4a101000.mdio:00: using DT '/ocp/interconnect@4a000000/segment@0/target-module@100000/switch@0/mdio@1000/ethernet-phy@0' for 'reset' GPIO lookup
[    0.709053] of_get_named_gpiod_flags: parsed 'reset-gpios' property of node '/ocp/interconnect@4a000000/segment@0/target-module@100000/switch@0/mdio@1000/ethernet-phy@0[0]' - status (0)
[    0.709211] gpio gpiochip0: Persistence not supported for GPIO 8
[    0.831938] davinci_mdio 4a101000.mdio: phy[0]: device 4a101000.mdio:00, driver SMSC LAN8710/LAN8720
[    0.832710] cpsw-switch 4a100000.switch: initialized cpsw ale version 1.4
[    0.832733] cpsw-switch 4a100000.switch: ALE Table size 1024, Policers 0
[    0.832924] cpsw-switch 4a100000.switch: cpts: overflow check period 500 (jiffies)
[    0.832940] cpsw-switch 4a100000.switch: CPTS: ref_clk_freq:250000000 calc_mult:2147483648 calc_shift:29 error:0 nsec/sec
[    0.833033] cpsw-switch 4a100000.switch: Detected MACID = 6c:ec:eb:68:de:78
[    0.835098] cpsw-switch 4a100000.switch: initialized (regs 0x4a100000, pool size 256) hw_ver:0019010C 1.12 (0)
[    0.857478] debugfs: '49000000.dma' already exists in 'dmaengine'
[    0.857522] edma 49000000.dma: TI EDMA DMA engine driver
[    0.895968] ti-sysc 44e31000.target-module: Failed to create device link (0x180) with supplier ocp for /ocp/interconnect@44c00000/segment@200000/target-module@31000/timer@0
[    0.896029] ti-sysc 48040000.target-module: Failed to create device link (0x180) with supplier ocp for /ocp/interconnect@48000000/segment@0/target-module@40000/timer@0
[    0.896957] gpio-clk clk_mcasp0: using DT '/clk_mcasp0' for 'enable' GPIO lookup
[    0.897021] of_get_named_gpiod_flags: parsed 'enable-gpios' property of node '/clk_mcasp0[0]' - status (0)
[    0.897065] gpio gpiochip0: Persistence not supported for GPIO 27
[    0.897821] gpiochip_find_base_unlocked: found new base at 608
[    0.897931] gpio gpiochip3: (gpio-96-127): created GPIO range 0->7 ==> 44e10800.pinmux PIN 82->89
[    0.897952] gpio gpiochip3: (gpio-96-127): created GPIO range 8->11 ==> 44e10800.pinmux PIN 52->55
[    0.897968] gpio gpiochip3: (gpio-96-127): created GPIO range 12->15 ==> 44e10800.pinmux PIN 94->97
[    0.897984] gpio gpiochip3: (gpio-96-127): created GPIO range 16->17 ==> 44e10800.pinmux PIN 71->72
[    0.898000] gpio gpiochip3: (gpio-96-127): created GPIO range 18->18 ==> 44e10800.pinmux PIN 135->135
[    0.898016] gpio gpiochip3: (gpio-96-127): created GPIO range 19->20 ==> 44e10800.pinmux PIN 108->109
[    0.898033] gpio gpiochip3: (gpio-96-127): created GPIO range 21->21 ==> 44e10800.pinmux PIN 73->73
[    0.898050] gpio gpiochip3: (gpio-96-127): created GPIO range 22->23 ==> 44e10800.pinmux PIN 8->9
[    0.898067] gpio gpiochip3: (gpio-96-127): created GPIO range 26->27 ==> 44e10800.pinmux PIN 10->11
[    0.898084] gpio gpiochip3: (gpio-96-127): created GPIO range 28->28 ==> 44e10800.pinmux PIN 74->74
[    0.898102] gpio gpiochip3: (gpio-96-127): created GPIO range 29->29 ==> 44e10800.pinmux PIN 81->81
[    0.898120] gpio gpiochip3: (gpio-96-127): created GPIO range 30->31 ==> 44e10800.pinmux PIN 28->29
[    0.899264] gpio gpiochip3: (gpio-96-127): added GPIO chardev (254:3)
[    0.899498] gpio gpiochip3: registered GPIOs 608 to 639 on gpio-96-127
[    0.912363] omap8250 44e09000.serial: using DT '/ocp/interconnect@44c00000/segment@200000/target-module@9000/serial@0' for 'rs485-term' GPIO lookup
[    0.912440] of_get_named_gpiod_flags: can't parse 'rs485-term-gpios' property of node '/ocp/interconnect@44c00000/segment@200000/target-module@9000/serial@0[0]'
[    0.912483] of_get_named_gpiod_flags: can't parse 'rs485-term-gpio' property of node '/ocp/interconnect@44c00000/segment@200000/target-module@9000/serial@0[0]'
[    0.912519] omap8250 44e09000.serial: using lookup tables for GPIO lookup
[    0.912529] omap8250 44e09000.serial: No GPIO consumer rs485-term found
[    0.912539] omap8250 44e09000.serial: using DT '/ocp/interconnect@44c00000/segment@200000/target-module@9000/serial@0' for 'rs485-rx-during-tx' GPIO lookup
[    0.912574] of_get_named_gpiod_flags: can't parse 'rs485-rx-during-tx-gpios' property of node '/ocp/interconnect@44c00000/segment@200000/target-module@9000/serial@0[0]'
[    0.912610] of_get_named_gpiod_flags: can't parse 'rs485-rx-during-tx-gpio' property of node '/ocp/interconnect@44c00000/segment@200000/target-module@9000/serial@0[0]'
[    0.912641] omap8250 44e09000.serial: using lookup tables for GPIO lookup
[    0.912649] omap8250 44e09000.serial: No GPIO consumer rs485-rx-during-tx found
[    0.913097] 44e09000.serial: ttyS0 at MMIO 0x44e09000 (irq = 34, base_baud = 3000000) is a 8250
[    0.913214] printk: legacy console [ttyS0] enabled
[    2.432308] i2c i2c-0: using DT '/ocp/interconnect@44c00000/segment@200000/target-module@b000/i2c@0' for 'scl' GPIO lookup
[    2.432396] of_get_named_gpiod_flags: can't parse 'scl-gpios' property of node '/ocp/interconnect@44c00000/segment@200000/target-module@b000/i2c@0[0]'
[    2.432444] of_get_named_gpiod_flags: can't parse 'scl-gpio' property of node '/ocp/interconnect@44c00000/segment@200000/target-module@b000/i2c@0[0]'
[    2.432485] i2c i2c-0: using lookup tables for GPIO lookup
[    2.432499] i2c i2c-0: No GPIO consumer scl found
[    2.432523] i2c i2c-0: using DT '/ocp/interconnect@44c00000/segment@200000/target-module@b000/i2c@0' for 'sda' GPIO lookup
[    2.432563] of_get_named_gpiod_flags: can't parse 'sda-gpios' property of node '/ocp/interconnect@44c00000/segment@200000/target-module@b000/i2c@0[0]'
[    2.432604] of_get_named_gpiod_flags: can't parse 'sda-gpio' property of node '/ocp/interconnect@44c00000/segment@200000/target-module@b000/i2c@0[0]'
[    2.432640] i2c i2c-0: using lookup tables for GPIO lookup
[    2.432651] i2c i2c-0: No GPIO consumer sda found
[    2.445636] tps65217-pmic: Failed to locate of_node [id: -1]
[    2.451698] tps65217-bl: Failed to locate of_node [id: -1]
[    2.459198] platform tps65217-charger: DMA mask not set
[    2.466239] platform tps65217-pwrbutton: DMA mask not set
[    2.474064] tps65217 0-0024: TPS65217 ID 0xe version 1.2
[    2.480161] /ocp/interconnect@48000000/segment@300000/target-module@e000/lcdc@0: Fixed dependency cycle(s) with /ocp/interconnect@44c00000/segment@200000/target-module@b000/i2c@0/tda19988@70
[    2.497580] /ocp/interconnect@44c00000/segment@200000/target-module@b000/i2c@0/tda19988@70: Fixed dependency cycle(s) with /ocp/interconnect@48000000/segment@300000/target-module@e000/lcdc@0
[    2.514971] omap_i2c 44e0b000.i2c: bus 0 rev0.11 at 400 kHz
[    2.522778] sdhci-omap 48060000.mmc: using DT '/ocp/interconnect@48000000/segment@0/target-module@60000/mmc@0' for 'cd' GPIO lookup
[    2.522883] of_get_named_gpiod_flags: parsed 'cd-gpios' property of node '/ocp/interconnect@48000000/segment@0/target-module@60000/mmc@0[0]' - status (0)
[    2.522948] gpio gpiochip3: Persistence not supported for GPIO 6
[    2.522976] omap_gpio 44e07000.gpio: Could not set line 6 debounce to 200000 microseconds (-22)
[    2.531861] sdhci-omap 48060000.mmc: Got CD GPIO
[    2.536542] sdhci-omap 48060000.mmc: using DT '/ocp/interconnect@48000000/segment@0/target-module@60000/mmc@0' for 'wp' GPIO lookup
[    2.536592] of_get_named_gpiod_flags: can't parse 'wp-gpios' property of node '/ocp/interconnect@48000000/segment@0/target-module@60000/mmc@0[0]'
[    2.536635] of_get_named_gpiod_flags: can't parse 'wp-gpio' property of node '/ocp/interconnect@48000000/segment@0/target-module@60000/mmc@0[0]'
[    2.536675] sdhci-omap 48060000.mmc: using lookup tables for GPIO lookup
[    2.536689] sdhci-omap 48060000.mmc: No GPIO consumer wp found
[    2.536902] sdhci-omap 48060000.mmc: supply pbias not found, using dummy regulator
[    2.545762] sdhci-omap 481d8000.mmc: using DT '/ocp/interconnect@48000000/segment@100000/target-module@d8000/mmc@0' for 'wp' GPIO lookup
[    2.545846] of_get_named_gpiod_flags: can't parse 'wp-gpios' property of node '/ocp/interconnect@48000000/segment@100000/target-module@d8000/mmc@0[0]'
[    2.545897] of_get_named_gpiod_flags: can't parse 'wp-gpio' property of node '/ocp/interconnect@48000000/segment@100000/target-module@d8000/mmc@0[0]'
[    2.545936] sdhci-omap 481d8000.mmc: using lookup tables for GPIO lookup
[    2.545949] sdhci-omap 481d8000.mmc: No GPIO consumer wp found
[    2.547287] sdhci-omap 48060000.mmc: supply vqmmc not found, using dummy regulator
[    2.556334] sdhci-omap 481d8000.mmc: supply pbias not found, using dummy regulator
[    2.564306] sdhci-omap 481d8000.mmc: supply vqmmc not found, using dummy regulator
[    2.601080] mmc1: SDHCI controller on 481d8000.mmc [481d8000.mmc] using External DMA
[    2.610144] mmc0: SDHCI controller on 48060000.mmc [48060000.mmc] using External DMA
[    2.619045] cpsw-switch 4a100000.switch: starting ndev. mode: dual_mac
[    2.684971] mmc1: new high speed MMC card at address 0001
[    2.691806] mmcblk1: mmc1:0001 MMC04G 3.60 GiB
[    2.699704]  mmcblk1: p1 p2
[    2.703499] SMSC LAN8710/LAN8720 4a101000.mdio:00: attached PHY driver (mii_bus:phy_addr=4a101000.mdio:00, irq=POLL)
[    2.715006] mmcblk1boot0: mmc1:0001 MMC04G 2.00 MiB
[    2.729235] mmcblk1boot1: mmc1:0001 MMC04G 2.00 MiB
[    2.738231] mmcblk1rpmb: mmc1:0001 MMC04G 128 KiB, chardev (249:0)
[    2.788168] mmc0: new high speed SDHC card at address aaaa
[    2.795092] mmcblk0: mmc0:aaaa SE32G 29.7 GiB
[    2.804144]  mmcblk0: p1 p2
[    5.845426] cpsw-switch 4a100000.switch eth0: Link is Up - 100Mbps/Full - flow control off
[    5.884895] IP-Config: Complete:
[    5.888170]      device=eth0, hwaddr=6c:ec:eb:68:de:78, ipaddr=192.168.255.1, mask=255.255.255.0, gw=255.255.255.255
[    5.898833]      host=bbb1, domain=, nis-domain=(none)
[    5.904002]      bootserver=192.168.255.126, rootserver=192.168.255.126, rootpath=
[    5.904430] clk: Disabling unused clocks
[    5.916280] PM: genpd: Disabling unused power domains
[    5.921448] KTAP version 1
[    5.924175] 1..0
[    5.926730] check access for rdinit=/init failed: -2, ignoring
[    5.955639] VFS: Mounted root (nfs filesystem) on device 0:17.
[    5.962456] devtmpfs: mounted
[    5.967284] Freeing unused kernel image (initmem) memory: 1024K
[    5.973908] Run /sbin/init as init process
[    5.978140]   with arguments:
[    5.978155]     /sbin/init
[    5.978165]     nfsrootdebug
[    5.978175]   with environment:
[    5.978183]     HOME=/
[    5.978192]     TERM=linux
[    6.648996] systemd[1]: System time before build time, advancing clock.
[    8.184668] random: crng init done
[    8.207386] systemd[1]: systemd 232 running in system mode. (+PAM +AUDIT +SELINUX +IMA +APPARMOR +SMACK +SYSVINIT +UTMP +LIBCRYPTSETUP +GCRYPT +GNUTLS +ACL +XZ +LZ4 +SECCOMP +BLKID +ELFUTILS +KMOD +IDN)
[    8.226470] systemd[1]: Detected architecture arm.
[    8.257783] systemd[1]: Set hostname to <arm>.
[    9.369606] systemd[1]: Listening on udev Kernel Socket.
[    9.395730] systemd[1]: Listening on Journal Audit Socket.
[    9.425574] systemd[1]: Started Forward Password Requests to Wall Directory Watch.
[    9.456124] systemd[1]: Created slice User and Session Slice.
[    9.485553] systemd[1]: Started Dispatch Password Requests to Console Directory Watch.
[    9.515020] systemd[1]: Reached target Paths.
[    9.536366] systemd[1]: syslog.socket: SO_PASSSEC failed: Operation not supported
[   11.896064] systemd-journald[79]: Received request to flush runtime journal from PID 1
[   12.651935] omap_prm 44e00d00.prm: sync_state() pending due to 44d00000.cpu
[   14.538483] leds-gpio leds: using DT '/leds/led2' for '(default)' GPIO lookup
[   14.538586] of_get_named_gpiod_flags: parsed 'gpios' property of node '/leds/led2[0]' - status (0)
[   14.538643] gpio gpiochip0: Persistence not supported for GPIO 21
[   14.538659] gpio-533 (?): no flags found for GPIO (default)
[   14.675725] leds-gpio leds: using DT '/leds/led3' for '(default)' GPIO lookup
[   14.675841] of_get_named_gpiod_flags: parsed 'gpios' property of node '/leds/led3[0]' - status (0)
[   14.676108] gpio gpiochip0: Persistence not supported for GPIO 22
[   14.676130] gpio-534 (?): no flags found for GPIO (default)
[   14.723906] leds-gpio leds: using DT '/leds/led4' for '(default)' GPIO lookup
[   14.724005] of_get_named_gpiod_flags: parsed 'gpios' property of node '/leds/led4[0]' - status (0)
[   14.724055] gpio gpiochip0: Persistence not supported for GPIO 23
[   14.724069] gpio-535 (?): no flags found for GPIO (default)
[   14.736240] leds-gpio leds: using DT '/leds/led5' for '(default)' GPIO lookup
[   14.736335] of_get_named_gpiod_flags: parsed 'gpios' property of node '/leds/led5[0]' - status (0)
[   14.736385] gpio gpiochip0: Persistence not supported for GPIO 24
[   14.736399] gpio-536 (?): no flags found for GPIO (default)
[   15.024025] remoteproc remoteproc0: wkup_m3 is available
[   15.122058] omap_rtc 44e3e000.rtc: registered as rtc0
[   15.127442] omap_rtc 44e3e000.rtc: setting system clock to 2000-01-01T00:00:00 UTC (946684800)
[   15.136210] omap_rtc 44e3e000.rtc: using DT '/ocp/interconnect@44c00000/segment@200000/target-module@3e000/rtc@0' for 'wp' GPIO lookup
[   15.136288] of_get_named_gpiod_flags: can't parse 'wp-gpios' property of node '/ocp/interconnect@44c00000/segment@200000/target-module@3e000/rtc@0[0]'
[   15.136339] of_get_named_gpiod_flags: can't parse 'wp-gpio' property of node '/ocp/interconnect@44c00000/segment@200000/target-module@3e000/rtc@0[0]'
[   15.136381] omap_rtc 44e3e000.rtc: using lookup tables for GPIO lookup
[   15.136396] omap_rtc 44e3e000.rtc: No GPIO consumer wp found
[   15.209026] at24 2-0054: supply vcc not found, using dummy regulator
[   15.351075] at24 2-0055: supply vcc not found, using dummy regulator
[   15.505634] at24 2-0056: supply vcc not found, using dummy regulator
[   15.606259] at24 2-0057: supply vcc not found, using dummy regulator
[   15.736504] at24 0-0050: using DT '/ocp/interconnect@44c00000/segment@200000/target-module@b000/i2c@0/eeprom@50' for 'wp' GPIO lookup
[   15.736725] of_get_named_gpiod_flags: can't parse 'wp-gpios' property of node '/ocp/interconnect@44c00000/segment@200000/target-module@b000/i2c@0/eeprom@50[0]'
[   15.736841] of_get_named_gpiod_flags: can't parse 'wp-gpio' property of node '/ocp/interconnect@44c00000/segment@200000/target-module@b000/i2c@0/eeprom@50[0]'
[   15.736951] at24 0-0050: using lookup tables for GPIO lookup
[   15.736967] at24 0-0050: No GPIO consumer wp found
[   15.737680] at24 0-0050: 4096 byte 24c32 EEPROM, writable, 1 bytes/write
[   15.868090] input: tps65217_pwrbutton as /devices/platform/ocp/44c00000.interconnect/44c00000.interconnect:segment@200000/44e0b000.target-module/44e0b000.i2c/i2c-0/0-0024/tps65217-pwrbutton/input/input0
[   16.242333] omap_wdt: OMAP Watchdog Timer Rev 0x01: initial timeout 60 sec
[   16.346433] am335x-phy-driver 47401300.usb-phy: using DT '/ocp/target-module@47400000/usb-phy@1300' for 'reset' GPIO lookup
[   16.346536] of_get_named_gpiod_flags: can't parse 'reset-gpios' property of node '/ocp/target-module@47400000/usb-phy@1300[0]'
[   16.346582] of_get_named_gpiod_flags: can't parse 'reset-gpio' property of node '/ocp/target-module@47400000/usb-phy@1300[0]'
[   16.346621] am335x-phy-driver 47401300.usb-phy: using lookup tables for GPIO lookup
[   16.346636] am335x-phy-driver 47401300.usb-phy: No GPIO consumer reset found
[   16.346652] am335x-phy-driver 47401300.usb-phy: using DT '/ocp/target-module@47400000/usb-phy@1300' for 'vbus-detect' GPIO lookup
[   16.346682] of_get_named_gpiod_flags: can't parse 'vbus-detect-gpios' property of node '/ocp/target-module@47400000/usb-phy@1300[0]'
[   16.346714] of_get_named_gpiod_flags: can't parse 'vbus-detect-gpio' property of node '/ocp/target-module@47400000/usb-phy@1300[0]'
[   16.346741] am335x-phy-driver 47401300.usb-phy: using lookup tables for GPIO lookup
[   16.346752] am335x-phy-driver 47401300.usb-phy: No GPIO consumer vbus-detect found
[   16.346903] am335x-phy-driver 47401300.usb-phy: dummy supplies not allowed for exclusive requests (id=vbus)
[   16.506181] am335x-phy-driver 47401b00.usb-phy: using DT '/ocp/target-module@47400000/usb-phy@1b00' for 'reset' GPIO lookup
[   16.506276] of_get_named_gpiod_flags: can't parse 'reset-gpios' property of node '/ocp/target-module@47400000/usb-phy@1b00[0]'
[   16.506320] of_get_named_gpiod_flags: can't parse 'reset-gpio' property of node '/ocp/target-module@47400000/usb-phy@1b00[0]'
[   16.506356] am335x-phy-driver 47401b00.usb-phy: using lookup tables for GPIO lookup
[   16.506371] am335x-phy-driver 47401b00.usb-phy: No GPIO consumer reset found
[   16.506387] am335x-phy-driver 47401b00.usb-phy: using DT '/ocp/target-module@47400000/usb-phy@1b00' for 'vbus-detect' GPIO lookup
[   16.506418] of_get_named_gpiod_flags: can't parse 'vbus-detect-gpios' property of node '/ocp/target-module@47400000/usb-phy@1b00[0]'
[   16.506450] of_get_named_gpiod_flags: can't parse 'vbus-detect-gpio' property of node '/ocp/target-module@47400000/usb-phy@1b00[0]'
[   16.506476] am335x-phy-driver 47401b00.usb-phy: using lookup tables for GPIO lookup
[   16.506488] am335x-phy-driver 47401b00.usb-phy: No GPIO consumer vbus-detect found
[   16.506640] am335x-phy-driver 47401b00.usb-phy: dummy supplies not allowed for exclusive requests (id=vbus)
[   16.965602] usbcore: registered new interface driver usbfs
[   16.971240] usbcore: registered new interface driver hub
[   16.976887] usbcore: registered new device driver usb
[   17.499726] tda998x 0-0070: found TDA19988
[   17.817847] musb-hdrc musb-hdrc.1: MUSB HDRC host driver
[   17.823268] musb-hdrc musb-hdrc.1: new USB bus registered, assigned bus number 1
[   18.189192] usb usb1: New USB device found, idVendor=1d6b, idProduct=0002, bcdDevice= 6.18
[   18.198027] usb usb1: New USB device strings: Mfr=3, Product=2, SerialNumber=1
[   18.205435] usb usb1: Product: MUSB HDRC host driver
[   18.210432] usb usb1: Manufacturer: Linux 6.18.0-rc5-next-20251113 musb-hcd
[   18.217488] usb usb1: SerialNumber: musb-hdrc.1
[   18.360920] omap-mailbox 480c8000.mailbox: omap mailbox rev 0x400
[   18.478876] remoteproc remoteproc0: powering up wkup_m3
[   18.692334] remoteproc remoteproc0: Direct firmware load for am335x-pm-firmware.elf failed with error -2
[   18.702206] remoteproc remoteproc0: request_firmware failed: -2
[   18.708283] wkup_m3_ipc 44e11324.wkup_m3_ipc: rproc_boot failed
[   18.765343] hub 1-0:1.0: USB hub found
[   18.846669] hub 1-0:1.0: 1 port detected
[   21.636689] tilcdc 4830e000.lcdc: bound 0-0070 (ops tda998x_driver_exit [tda998x])
[   21.671441] omap_rng 48310000.rng: Random Number Generator ver. 20
[   21.745163] [drm] Initialized tilcdc 1.0.0 for 4830e000.lcdc on minor 0
[   21.812109] tilcdc 4830e000.lcdc: [drm] Cannot find any crtc or sizes
[   21.900217] tilcdc 4830e000.lcdc: [drm] Cannot find any crtc or sizes
[   21.951908] ------------[ cut here ]------------
[   21.956743] WARNING: net/8021q/vlan_core.c:236 at vlan_for_each+0x114/0x134, CPU#0: avahi-daemon/190
[   21.966021] RTNL: assertion failed at net/8021q/vlan_core.c (236)
[   21.972150] Modules linked in: omap_rng rng_core tilcdc drm_dma_helper drm_client_lib snd_soc_davinci_mcasp snd_soc_ti_udma snd_soc_ti_edma snd_soc_ti_sdma snd_soc_core snd_pcm_dmaengine snd_pcm snd_timer omap_mailbox snd soundcore musb_dsps musb_hdrc tda998x udc_core cec usbcore drm_kms_helper phy_am335x phy_generic omap_wdt usb_common wkup_m3_ipc watchdog drm phy_am335x_control tps65218_pwrbutton drm_panel_orientation_quirks at24 cppi41 rtc_omap wkup_m3_rproc leds_gpio led_class cpufreq_dt autofs4
[   22.016880] CPU: 0 UID: 107 PID: 190 Comm: avahi-daemon Not tainted 6.18.0-rc5-next-20251113 #1 NONE 
[   22.016898] Hardware name: Generic AM33XX (Flattened Device Tree)
[   22.016908] Call trace: 
[   22.016924]  unwind_backtrace from show_stack+0x10/0x14
[   22.016960]  show_stack from dump_stack_lvl+0x50/0x64
[   22.016985]  dump_stack_lvl from __warn+0x88/0x148
[   22.017003]  __warn from warn_slowpath_fmt+0x19c/0x1b0
[   22.017015]  warn_slowpath_fmt from vlan_for_each+0x114/0x134
[   22.017032]  vlan_for_each from cpsw_add_mc_addr+0x40/0xa4
[   22.017060]  cpsw_add_mc_addr from __hw_addr_ref_sync_dev+0x108/0x140
[   22.017083]  __hw_addr_ref_sync_dev from __dev_mc_add+0x7c/0x80
[   22.017098]  __dev_mc_add from igmp6_group_added+0xc8/0xe0
[   22.017131]  igmp6_group_added from __ipv6_dev_mc_inc+0x218/0x364
[   22.017155]  __ipv6_dev_mc_inc from __ipv6_sock_mc_join+0x11c/0x1c0
[   22.017178]  __ipv6_sock_mc_join from do_ipv6_setsockopt+0x1214/0x1310
[   22.017200]  do_ipv6_setsockopt from ipv6_setsockopt+0x60/0xcc
[   22.017215]  ipv6_setsockopt from udpv6_setsockopt+0x2c/0x6c
[   22.017232]  udpv6_setsockopt from sock_common_setsockopt+0x30/0x40
[   22.017254]  sock_common_setsockopt from do_sock_setsockopt+0x50/0x9c
[   22.017284]  do_sock_setsockopt from __sys_setsockopt+0x70/0xbc
[   22.017302]  __sys_setsockopt from ret_fast_syscall+0x0/0x58
[   22.017315] Exception stack(0xe0159fa8 to 0xe0159ff0)
[   22.017330] 9fa0:                   00000014 b6f44ce8 0000000d 00000029 00000014 be9b19ec
[   22.017341] 9fc0: 00000014 b6f44ce8 00000014 00000126 0000000d b6eedff4 0045e988 00446558
[   22.017350] 9fe0: b6f03088 be9b19d8 b6ee0309 b6db741a
[   22.017357] ---[ end trace 0000000000000000 ]---
[   22.967511] PM: Cannot get wkup_m3_ipc handle
[   22.978825] omap-sham 53100000.sham: hw accel on OMAP rev 4.3
[   23.148790] omap-aes 53500000.aes: OMAP AES hw accel rev: 3.2
[   23.191771] omap-sham 53100000.sham: will run requests pump with realtime priority
[   23.200579] PM: Cannot get wkup_m3_ipc handle
[   23.336560] omap-aes 53500000.aes: will run requests pump with realtime priority
[   23.349178] PM: Cannot get wkup_m3_ipc handle
[   25.775526] Bluetooth: Core ver 2.22
[   25.779352] NET: Registered PF_BLUETOOTH protocol family
[   25.784834] Bluetooth: HCI device and connection manager initialized
[   25.791250] Bluetooth: HCI socket layer initialized
[   25.796225] Bluetooth: L2CAP socket layer initialized
[   25.801336] Bluetooth: SCO socket layer initialized
[   26.561167] tda998x 0-0070: using DT '/ocp/interconnect@44c00000/segment@200000/target-module@b000/i2c@0/tda19988@70' for 'nxp,calib' GPIO lookup
[   26.561308] of_get_named_gpiod_flags: parsed 'nxp,calib-gpios' property of node '/ocp/interconnect@44c00000/segment@200000/target-module@b000/i2c@0/tda19988@70[0]' - status (0)
[   26.561391] gpio gpiochip0: Persistence not supported for GPIO 25
[   26.561406] gpio-537 (nxp,calib): no flags found for GPIO nxp,calib
[   26.567614] gpio-537 (nxp,calib): gpiod_direction_output_nonotify: tried to set a GPIO tied to an IRQ as output
[   26.662733] PM: Cannot get wkup_m3_ipc handle
[   26.669198] asoc-simple-card sound: using DT '/sound' for 'simple-audio-card,hp-det' GPIO lookup
[   26.669272] of_get_named_gpiod_flags: can't parse 'simple-audio-card,hp-det-gpios' property of node '/sound[0]'
[   26.669309] of_get_named_gpiod_flags: can't parse 'simple-audio-card,hp-det-gpio' property of node '/sound[0]'
[   26.669335] asoc-simple-card sound: using lookup tables for GPIO lookup
[   26.669350] asoc-simple-card sound: No GPIO consumer simple-audio-card,hp-det found
[   26.669364] asoc-simple-card sound: using DT '/sound' for 'simple-audio-card,mic-det' GPIO lookup
[   26.669389] of_get_named_gpiod_flags: can't parse 'simple-audio-card,mic-det-gpios' property of node '/sound[0]'
[   26.669415] of_get_named_gpiod_flags: can't parse 'simple-audio-card,mic-det-gpio' property of node '/sound[0]'
[   26.669435] asoc-simple-card sound: using lookup tables for GPIO lookup
[   26.669447] asoc-simple-card sound: No GPIO consumer simple-audio-card,mic-det found
[   26.843606] PM: Cannot get wkup_m3_ipc handle
[   26.906575] tda9950 0-0034: TDA9950 CEC interface, hardware version 3.3
[   27.036301] PM: Cannot get wkup_m3_ipc handle
[   28.998027] userial_init: registered 8 ttyGS* devices
[   29.197751] rndis_register: configNr = 0
[   29.264832] udc musb-hdrc.0: binding gadget driver [g_multi]
[   29.264940] configfs-gadget.g_multi gadget.0: adding 'rndis'/840f16c2 to config 'c'/bbd4c944
[   29.266127] configfs-gadget.g_multi gadget.0: HOST MAC 1c:ba:8c:a2:ed:6c
[   29.272903] configfs-gadget.g_multi gadget.0: MAC 1c:ba:8c:a2:ed:70
[   29.279377] rndis_set_param_medium: 0 0
[   29.279400] configfs-gadget.g_multi gadget.0: RNDIS: IN/ep1in OUT/ep1out NOTIFY/ep2in
[   29.279417] configfs-gadget.g_multi gadget.0: adding 'cdc_ethernet'/d021f352 to config 'c'/bbd4c944
[   29.280287] configfs-gadget.g_multi gadget.0: HOST MAC 1c:ba:8c:a2:ed:6c
[   29.287176] configfs-gadget.g_multi gadget.0: MAC 1c:ba:8c:a2:ed:6d
[   29.293510] configfs-gadget.g_multi gadget.0: CDC Ethernet: IN/ep3in OUT/ep2out NOTIFY/ep4in
[   29.293527] configfs-gadget.g_multi gadget.0: adding 'acm'/df2cea21 to config 'c'/bbd4c944
[   29.293565] configfs-gadget.g_multi gadget.0: acm ttyGS0: IN/ep5in OUT/ep3out NOTIFY/ep6in
[   29.297013] PM: Cannot get wkup_m3_ipc handle
[   30.540705] configfs-gadget.g_multi gadget.0: eth_open
[   35.558315] gs_open: ttyGS0 (470bbd7e,305beb06)
[   35.558454] gs_close: ttyGS0 (470bbd7e,305beb06) ...
[   35.558475] gs_close: ttyGS0 (470bbd7e,305beb06) done!
[   35.561132] gs_open: ttyGS0 (2020a794,4fa5b16f)
[   35.561262] gs_close: ttyGS0 (2020a794,4fa5b16f) ...
[   35.561283] gs_close: ttyGS0 (2020a794,4fa5b16f) done!
[   35.712971] gs_open: ttyGS0 (470bbd7e,fcb64a69)
[   35.713217] gs_close: ttyGS0 (470bbd7e,fcb64a69) ...
[   35.713244] gs_close: ttyGS0 (470bbd7e,fcb64a69) done!
[   35.717509] gs_open: ttyGS0 (470bbd7e,fcb64a69)
BOXNWMCUML 0
root@arm:~# echo 'LAEC''AWENPZ'
LAECAWENPZ
root@arm:~# MARKER='GUGY''THAGTS' run 'modprobe test_linear_ranges'
GUGYTHAGTSGUGYTHAGTS 0
root@arm:~# echo 'MOWG''HOQQVE'
MOWGHOQQVE
root@arm:~# MARKER='SYFM''JPMXUH' run dmesg
SYFMJPMXUH[    0.000000] Booting Linux on physical CPU 0x0
[    0.000000] Linux version 6.18.0-rc5-next-20251113 (user01@drvtest01) (arm-none-eabi-gcc (Arm GNU Toolchain 14.2.Rel1 (Build arm-14.52)) 14.2.1 20241119, GNU ld (Arm GNU Toolchain 14.2.Rel1 (Build arm-14.52)) 2.43.1.20241119) #1 SMP Thu Nov 13 06:29:49 EET 2025
[    0.000000] CPU: ARMv7 Processor [413fc082] revision 2 (ARMv7), cr=10c5387d
[    0.000000] CPU: PIPT / VIPT nonaliasing data cache, VIPT aliasing instruction cache
[    0.000000] OF: fdt: Machine model: TI AM335x BeagleBone Black
[    0.000000] Memory policy: Data cache writeback
[    0.000000] cma: Reserved 16 MiB at 0x9e800000
[    0.000000] Zone ranges:
[    0.000000]   Normal   [mem 0x0000000080000000-0x000000009fdfffff]
[    0.000000]   HighMem  empty
[    0.000000] Movable zone start for each node
[    0.000000] Early memory node ranges
[    0.000000]   node   0: [mem 0x0000000080000000-0x000000009fdfffff]
[    0.000000] Initmem setup node 0 [mem 0x0000000080000000-0x000000009fdfffff]
[    0.000000] On node 0, zone Normal: 512 pages in unavailable ranges
[    0.000000] OF: reserved mem: Reserved memory: No reserved-memory node in the DT
[    0.000000] CPU: All CPU(s) started in SVC mode.
[    0.000000] AM335X ES2.1 (sgx neon)
[    0.000000] percpu: Embedded 17 pages/cpu s39948 r8192 d21492 u69632
[    0.000000] pcpu-alloc: s39948 r8192 d21492 u69632 alloc=17*4096
[    0.000000] pcpu-alloc: [0] 0 
[    0.000000] Kernel command line: console=ttyO0,115200n8 root=/dev/nfs rw nfsroot=192.168.255.126:/home/user01/nfs,nfsvers=3 ip=192.168.255.1:192.168.255.126::255.255.255.0:bbb1:eth0 nfsrootdebug
[    0.000000] Unknown kernel command line parameters "nfsrootdebug", will be passed to user space.
[    0.000000] printk: log buffer data + meta data: 65536 + 204800 = 270336 bytes
[    0.000000] Dentry cache hash table entries: 65536 (order: 6, 262144 bytes, linear)
[    0.000000] Inode-cache hash table entries: 32768 (order: 5, 131072 bytes, linear)
[    0.000000] Built 1 zonelists, mobility grouping on.  Total pages: 130560
[    0.000000] mem auto-init: stack:off, heap alloc:off, heap free:off
[    0.000000] SLUB: HWalign=16, Order=0-3, MinObjects=0, CPUs=1, Nodes=1
[    0.000000] rcu: Hierarchical RCU implementation.
[    0.000000] rcu: 	RCU event tracing is enabled.
[    0.000000] rcu: 	RCU restricting CPUs from NR_CPUS=2 to nr_cpu_ids=1.
[    0.000000] 	Tracing variant of Tasks RCU enabled.
[    0.000000] rcu: RCU calculated value of scheduler-enlistment delay is 10 jiffies.
[    0.000000] rcu: Adjusting geometry for rcu_fanout_leaf=16, nr_cpu_ids=1
[    0.000000] RCU Tasks Trace: Setting shift to 0 and lim to 1 rcu_task_cb_adjust=1 rcu_task_cpu_ids=1.
[    0.000000] NR_IRQS: 16, nr_irqs: 16, preallocated irqs: 16
[    0.000000] IRQ: Found an INTC at 0x(ptrval) (revision 5.0) with 128 interrupts
[    0.000000] rcu: srcu_init: Setting srcu_struct sizes based on contention.
[    0.000000] TI gptimer clocksource: always-on /ocp/interconnect@44c00000/segment@200000/target-module@31000
[    0.000002] sched_clock: 32 bits at 24MHz, resolution 41ns, wraps every 89478484971ns
[    0.000024] clocksource: dmtimer: mask: 0xffffffff max_cycles: 0xffffffff, max_idle_ns: 79635851949 ns
[    0.000494] TI gptimer clockevent: 24000000 Hz at /ocp/interconnect@48000000/segment@0/target-module@40000
[    0.002045] Console: colour dummy device 80x30
[    0.002107] WARNING: Your 'console=ttyO0' has been replaced by 'ttyS0'
[    0.002115] This ensures that you still see kernel messages. Please
[    0.002119] update your kernel commandline.
[    0.002164] Calibrating delay loop... 996.14 BogoMIPS (lpj=4980736)
[    0.090605] CPU: Testing write buffer coherency: ok
[    0.090687] CPU0: Spectre v2: using BPIALL workaround
[    0.090696] pid_max: default: 32768 minimum: 301
[    0.091014] Mount-cache hash table entries: 1024 (order: 0, 4096 bytes, linear)
[    0.091035] Mountpoint-cache hash table entries: 1024 (order: 0, 4096 bytes, linear)
[    0.092615] CPU0: thread -1, cpu 0, socket -1, mpidr 0
[    0.092672] cacheinfo: Unable to detect cache hierarchy for CPU 0
[    0.094698] Setting up static identity map for 0x80100000 - 0x80100078
[    0.095014] rcu: Hierarchical SRCU implementation.
[    0.095021] rcu: 	Max phase no-delay instances is 1000.
[    0.096729] smp: Bringing up secondary CPUs ...
[    0.096786] smp: Brought up 1 node, 1 CPU
[    0.096798] SMP: Total of 1 processors activated (996.14 BogoMIPS).
[    0.096809] CPU: All CPU(s) started in SVC mode.
[    0.097018] Memory: 479964K/522240K available (12288K kernel code, 1231K rwdata, 2956K rodata, 1024K init, 255K bss, 24364K reserved, 16384K cma-reserved, 0K highmem)
[    0.097841] devtmpfs: initialized
[    0.115676] VFP support v0.3: implementor 41 architecture 3 part 30 variant c rev 3
[    0.116337] clocksource: jiffies: mask: 0xffffffff max_cycles: 0xffffffff, max_idle_ns: 19112604462750000 ns
[    0.116395] posixtimers hash table entries: 512 (order: 0, 4096 bytes, linear)
[    0.116420] futex hash table entries: 256 (16384 bytes on 1 NUMA nodes, total 16 KiB, linear).
[    0.119603] NET: Registered PF_NETLINK/PF_ROUTE protocol family
[    0.122759] DMA: preallocated 256 KiB pool for atomic coherent allocations
[    0.123747] audit: initializing netlink subsys (disabled)
[    0.125109] thermal_sys: Registered thermal governor 'fair_share'
[    0.125125] thermal_sys: Registered thermal governor 'step_wise'
[    0.125133] thermal_sys: Registered thermal governor 'user_space'
[    0.125245] audit: type=2000 audit(0.120:1): state=initialized audit_enabled=0 res=1
[    0.125317] cpuidle: using governor menu
[    0.143486] /ocp/interconnect@44c00000/segment@200000/target-module@b000/i2c@0/tda19988@70: Fixed dependency cycle(s) with /ocp/interconnect@48000000/segment@300000/target-module@e000/lcdc@0
[    0.144579] /ocp/interconnect@48000000/segment@300000/target-module@e000/lcdc@0: Fixed dependency cycle(s) with /ocp/interconnect@44c00000/segment@200000/target-module@b000/i2c@0/tda19988@70
[    0.146755] No ATAGs?
[    0.146792] hw-breakpoint: debug architecture 0x4 unsupported.
[    0.149442] kprobes: kprobe jump-optimization is enabled. All kprobes are optimized if possible.
[    0.164094] iommu: Default domain type: Translated
[    0.164117] iommu: DMA domain TLB invalidation policy: strict mode
[    0.165686] reg-fixed-voltage fixedregulator0: using DT '/fixedregulator0' for '(default)' GPIO lookup
[    0.165739] of_get_named_gpiod_flags: can't parse 'gpios' property of node '/fixedregulator0[0]'
[    0.165768] of_get_named_gpiod_flags: can't parse 'gpio' property of node '/fixedregulator0[0]'
[    0.165786] reg-fixed-voltage fixedregulator0: using lookup tables for GPIO lookup
[    0.165796] reg-fixed-voltage fixedregulator0: No GPIO consumer (default) found
[    0.171383] SCSI subsystem initialized
[    0.171857] libata version 3.00 loaded.
[    0.172244] pps_core: LinuxPPS API ver. 1 registered
[    0.172255] pps_core: Software ver. 5.3.6 - Copyright 2005-2007 Rodolfo Giometti <giometti@linux.it>
[    0.172280] PTP clock support registered
[    0.174287] vgaarb: loaded
[    0.180793] clocksource: Switched to clocksource dmtimer
[    0.181434] VFS: Disk quotas dquot_6.6.0
[    0.181497] VFS: Dquot-cache hash table entries: 1024 (order 0, 4096 bytes)
[    0.208729] NET: Registered PF_INET protocol family
[    0.209058] IP idents hash table entries: 8192 (order: 4, 65536 bytes, linear)
[    0.210485] tcp_listen_portaddr_hash hash table entries: 512 (order: 0, 4096 bytes, linear)
[    0.210519] Table-perturb hash table entries: 65536 (order: 6, 262144 bytes, linear)
[    0.210539] TCP established hash table entries: 4096 (order: 2, 16384 bytes, linear)
[    0.210584] TCP bind hash table entries: 4096 (order: 4, 65536 bytes, linear)
[    0.210685] TCP: Hash tables configured (established 4096 bind 4096)
[    0.210805] UDP hash table entries: 256 (order: 2, 14336 bytes, linear)
[    0.210839] UDP-Lite hash table entries: 256 (order: 2, 14336 bytes, linear)
[    0.211034] NET: Registered PF_UNIX/PF_LOCAL protocol family
[    0.212318] RPC: Registered named UNIX socket transport module.
[    0.212337] RPC: Registered udp transport module.
[    0.212342] RPC: Registered tcp transport module.
[    0.212347] RPC: Registered tcp-with-tls transport module.
[    0.212351] RPC: Registered tcp NFSv4.1 backchannel transport module.
[    0.212377] PCI: CLS 0 bytes, default 64
[    0.213811] Initialise system trusted keyrings
[    0.224893] workingset: timestamp_bits=14 max_order=17 bucket_order=3
[    0.226295] NFS: Registering the id_resolver key type
[    0.226416] Key type id_resolver registered
[    0.226424] Key type id_legacy registered
[    0.226541] jffs2: version 2.2. (NAND) (SUMMARY)  Â© 2001-2006 Red Hat, Inc.
[    0.227010] Key type asymmetric registered
[    0.227027] Asymmetric key parser 'x509' registered
[    0.227096] io scheduler mq-deadline registered
[    0.227106] io scheduler kyber registered
[    0.227186] io scheduler bfq registered
[    0.229075] target-module@4b000000:target-module@140000:pmu@0:fck: device ID is greater than 24
[    0.230202] ledtrig-cpu: registered to indicate activity on CPUs
[    0.235578] Serial: 8250/16550 driver, 6 ports, IRQ sharing enabled
[    0.285397] brd: module loaded
[    0.295355] loop: module loaded
[    0.296285] mtdoops: mtd device (mtddev=name/number) must be supplied
[    0.308601] mdio_bus fixed-0: using lookup tables for GPIO lookup
[    0.308627] mdio_bus fixed-0: No GPIO consumer reset found
[    0.310063] i2c_dev: i2c /dev entries driver
[    0.311089] cpuidle: enable-method property 'ti,am3352' found operations
[    0.311523] sdhci: Secure Digital Host Controller Interface driver
[    0.311532] sdhci: Copyright(c) Pierre Ossman
[    0.311719] sdhci-pltfm: SDHCI platform and OF driver helper
[    0.320086] hw perfevents: enabled with armv7_cortex_a8 PMU driver, 5 (8000000f) counters available
[    0.320624] Initializing XFRM netlink socket
[    0.320799] NET: Registered PF_INET6 protocol family
[    0.322793] Segment Routing with IPv6
[    0.322875] In-situ OAM (IOAM) with IPv6
[    0.322972] sit: IPv6, IPv4 and MPLS over IPv4 tunneling driver
[    0.323935] NET: Registered PF_PACKET protocol family
[    0.323954] PFKEY is deprecated and scheduled to be removed in 2027, please contact the netdev mailing list
[    0.323968] NET: Registered PF_KEY protocol family
[    0.324090] Key type dns_resolver registered
[    0.324322] ThumbEE CPU extension supported.
[    0.324342] Registering SWP/SWPB emulation handler
[    0.325080] omap_voltage_late_init: Voltage driver support not added
[    0.325808] SmartReflex Class3 initialized
[    0.364290] Loading compiled-in X.509 certificates
[    0.405945] /ocp/interconnect@44c00000/segment@200000/target-module@b000/i2c@0/tda19988@70: Fixed dependency cycle(s) with /ocp/interconnect@48000000/segment@300000/target-module@e000/lcdc@0
[    0.412347] /ocp/interconnect@44c00000/segment@200000/target-module@b000/i2c@0/tda19988@70: Fixed dependency cycle(s) with /ocp/interconnect@48000000/segment@300000/target-module@e000/lcdc@0
[    0.418064] gpiochip_find_base_unlocked: found new base at 512
[    0.452119] /ocp/interconnect@44c00000/segment@200000/target-module@b000/i2c@0/tda19988@70: Fixed dependency cycle(s) with /ocp/interconnect@48000000/segment@300000/target-module@e000/lcdc@0
[    0.453007] /ocp/interconnect@44c00000/segment@200000/target-module@b000/i2c@0/tda19988@70: Fixed dependency cycle(s) with /ocp/interconnect@48000000/segment@300000/target-module@e000/lcdc@0
[    0.456837] /ocp/interconnect@44c00000/segment@200000/target-module@10000/scm@0/pinmux@800: Fixed dependency cycle(s) with /ocp/interconnect@44c00000/segment@200000/target-module@10000/scm@0/pinmux@800/clkout2-pins
[    0.457420] pinctrl-single 44e10800.pinmux: 142 pins, size 568
[    0.503371] /ocp/interconnect@48000000/segment@300000/target-module@e000/lcdc@0: Fixed dependency cycle(s) with /ocp/interconnect@44c00000/segment@200000/target-module@b000/i2c@0/tda19988@70
[    0.523255] gpiochip_find_base_unlocked: found new base at 512
[    0.523359] gpio gpiochip0: (gpio-0-31): created GPIO range 0->7 ==> 44e10800.pinmux PIN 0->7
[    0.523379] gpio gpiochip0: (gpio-0-31): created GPIO range 8->11 ==> 44e10800.pinmux PIN 90->93
[    0.523396] gpio gpiochip0: (gpio-0-31): created GPIO range 12->27 ==> 44e10800.pinmux PIN 12->27
[    0.523412] gpio gpiochip0: (gpio-0-31): created GPIO range 28->31 ==> 44e10800.pinmux PIN 30->33
[    0.547195] gpio gpiochip0: (gpio-0-31): added GPIO chardev (254:0)
[    0.547430] gpio gpiochip0: registered GPIOs 512 to 543 on gpio-0-31
[    0.547517] OMAP GPIO hardware version 0.1
[    0.566053] i2c i2c-2: using DT '/ocp/interconnect@48000000/segment@100000/target-module@9c000/i2c@0' for 'scl' GPIO lookup
[    0.566127] of_get_named_gpiod_flags: can't parse 'scl-gpios' property of node '/ocp/interconnect@48000000/segment@100000/target-module@9c000/i2c@0[0]'
[    0.566169] of_get_named_gpiod_flags: can't parse 'scl-gpio' property of node '/ocp/interconnect@48000000/segment@100000/target-module@9c000/i2c@0[0]'
[    0.566205] i2c i2c-2: using lookup tables for GPIO lookup
[    0.566216] i2c i2c-2: No GPIO consumer scl found
[    0.566238] i2c i2c-2: using DT '/ocp/interconnect@48000000/segment@100000/target-module@9c000/i2c@0' for 'sda' GPIO lookup
[    0.566274] of_get_named_gpiod_flags: can't parse 'sda-gpios' property of node '/ocp/interconnect@48000000/segment@100000/target-module@9c000/i2c@0[0]'
[    0.566310] of_get_named_gpiod_flags: can't parse 'sda-gpio' property of node '/ocp/interconnect@48000000/segment@100000/target-module@9c000/i2c@0[0]'
[    0.566341] i2c i2c-2: using lookup tables for GPIO lookup
[    0.566349] i2c i2c-2: No GPIO consumer sda found
[    0.567052] omap_i2c 4819c000.i2c: bus 2 rev0.11 at 100 kHz
[    0.572772] gpiochip_find_base_unlocked: found new base at 544
[    0.572881] gpio gpiochip1: (gpio-32-63): created GPIO range 0->17 ==> 44e10800.pinmux PIN 34->51
[    0.572903] gpio gpiochip1: (gpio-32-63): created GPIO range 18->21 ==> 44e10800.pinmux PIN 77->80
[    0.572918] gpio gpiochip1: (gpio-32-63): created GPIO range 22->31 ==> 44e10800.pinmux PIN 56->65
[    0.587527] gpio gpiochip1: (gpio-32-63): added GPIO chardev (254:1)
[    0.587755] gpio gpiochip1: registered GPIOs 544 to 575 on gpio-32-63
[    0.590081] gpiochip_find_base_unlocked: found new base at 576
[    0.590175] gpio gpiochip2: (gpio-64-95): created GPIO range 0->4 ==> 44e10800.pinmux PIN 66->70
[    0.590196] gpio gpiochip2: (gpio-64-95): created GPIO range 5->6 ==> 44e10800.pinmux PIN 98->99
[    0.590211] gpio gpiochip2: (gpio-64-95): created GPIO range 7->8 ==> 44e10800.pinmux PIN 75->76
[    0.590226] gpio gpiochip2: (gpio-64-95): created GPIO range 13->13 ==> 44e10800.pinmux PIN 141->141
[    0.590243] gpio gpiochip2: (gpio-64-95): created GPIO range 14->21 ==> 44e10800.pinmux PIN 100->107
[    0.590917] gpio gpiochip2: (gpio-64-95): added GPIO chardev (254:2)
[    0.591145] gpio gpiochip2: registered GPIOs 576 to 607 on gpio-64-95
[    0.597115] 48000000.interconnect:segment@200000:target-module@0:mpu@0:fck: device ID is greater than 24
[    0.598037] /ocp/interconnect@48000000/segment@300000/target-module@e000/lcdc@0: Fixed dependency cycle(s) with /ocp/interconnect@44c00000/segment@200000/target-module@b000/i2c@0/tda19988@70
[    0.600890] /ocp/interconnect@48000000/segment@300000/target-module@e000/lcdc@0: Fixed dependency cycle(s) with /ocp/interconnect@44c00000/segment@200000/target-module@b000/i2c@0/tda19988@70
[    0.601589] /ocp/interconnect@44c00000/segment@200000/target-module@b000/i2c@0/tda19988@70: Fixed dependency cycle(s) with /ocp/interconnect@48000000/segment@300000/target-module@e000/lcdc@0
[    0.601766] /ocp/interconnect@48000000/segment@300000/target-module@e000/lcdc@0: Fixed dependency cycle(s) with /ocp/interconnect@44c00000/segment@200000/target-module@b000/i2c@0/tda19988@70
[    0.609324] sdhci-omap 481d8000.mmc: using DT '/ocp/interconnect@48000000/segment@100000/target-module@d8000/mmc@0' for 'wp' GPIO lookup
[    0.609399] of_get_named_gpiod_flags: can't parse 'wp-gpios' property of node '/ocp/interconnect@48000000/segment@100000/target-module@d8000/mmc@0[0]'
[    0.609442] of_get_named_gpiod_flags: can't parse 'wp-gpio' property of node '/ocp/interconnect@48000000/segment@100000/target-module@d8000/mmc@0[0]'
[    0.609479] sdhci-omap 481d8000.mmc: using lookup tables for GPIO lookup
[    0.609490] sdhci-omap 481d8000.mmc: No GPIO consumer wp found
[    0.609684] sdhci-omap 481d8000.mmc: supply pbias not found, using dummy regulator
[    0.610149] sdhci-omap 481d8000.mmc: supply vqmmc not found, using dummy regulator
[    0.641473] mdio_bus 4a101000.mdio: using DT '/ocp/interconnect@4a000000/segment@0/target-module@100000/switch@0/mdio@1000' for 'reset' GPIO lookup
[    0.641548] of_get_named_gpiod_flags: can't parse 'reset-gpios' property of node '/ocp/interconnect@4a000000/segment@0/target-module@100000/switch@0/mdio@1000[0]'
[    0.641593] of_get_named_gpiod_flags: can't parse 'reset-gpio' property of node '/ocp/interconnect@4a000000/segment@0/target-module@100000/switch@0/mdio@1000[0]'
[    0.641639] mdio_bus 4a101000.mdio: using lookup tables for GPIO lookup
[    0.641649] mdio_bus 4a101000.mdio: No GPIO consumer reset found
[    0.691004] davinci_mdio 4a101000.mdio: davinci mdio revision 1.6, bus freq 1000000
[    0.708951] mdio_bus 4a101000.mdio:00: using DT '/ocp/interconnect@4a000000/segment@0/target-module@100000/switch@0/mdio@1000/ethernet-phy@0' for 'reset' GPIO lookup
[    0.709053] of_get_named_gpiod_flags: parsed 'reset-gpios' property of node '/ocp/interconnect@4a000000/segment@0/target-module@100000/switch@0/mdio@1000/ethernet-phy@0[0]' - status (0)
[    0.709211] gpio gpiochip0: Persistence not supported for GPIO 8
[    0.831938] davinci_mdio 4a101000.mdio: phy[0]: device 4a101000.mdio:00, driver SMSC LAN8710/LAN8720
[    0.832710] cpsw-switch 4a100000.switch: initialized cpsw ale version 1.4
[    0.832733] cpsw-switch 4a100000.switch: ALE Table size 1024, Policers 0
[    0.832924] cpsw-switch 4a100000.switch: cpts: overflow check period 500 (jiffies)
[    0.832940] cpsw-switch 4a100000.switch: CPTS: ref_clk_freq:250000000 calc_mult:2147483648 calc_shift:29 error:0 nsec/sec
[    0.833033] cpsw-switch 4a100000.switch: Detected MACID = 6c:ec:eb:68:de:78
[    0.835098] cpsw-switch 4a100000.switch: initialized (regs 0x4a100000, pool size 256) hw_ver:0019010C 1.12 (0)
[    0.857478] debugfs: '49000000.dma' already exists in 'dmaengine'
[    0.857522] edma 49000000.dma: TI EDMA DMA engine driver
[    0.895968] ti-sysc 44e31000.target-module: Failed to create device link (0x180) with supplier ocp for /ocp/interconnect@44c00000/segment@200000/target-module@31000/timer@0
[    0.896029] ti-sysc 48040000.target-module: Failed to create device link (0x180) with supplier ocp for /ocp/interconnect@48000000/segment@0/target-module@40000/timer@0
[    0.896957] gpio-clk clk_mcasp0: using DT '/clk_mcasp0' for 'enable' GPIO lookup
[    0.897021] of_get_named_gpiod_flags: parsed 'enable-gpios' property of node '/clk_mcasp0[0]' - status (0)
[    0.897065] gpio gpiochip0: Persistence not supported for GPIO 27
[    0.897821] gpiochip_find_base_unlocked: found new base at 608
[    0.897931] gpio gpiochip3: (gpio-96-127): created GPIO range 0->7 ==> 44e10800.pinmux PIN 82->89
[    0.897952] gpio gpiochip3: (gpio-96-127): created GPIO range 8->11 ==> 44e10800.pinmux PIN 52->55
[    0.897968] gpio gpiochip3: (gpio-96-127): created GPIO range 12->15 ==> 44e10800.pinmux PIN 94->97
[    0.897984] gpio gpiochip3: (gpio-96-127): created GPIO range 16->17 ==> 44e10800.pinmux PIN 71->72
[    0.898000] gpio gpiochip3: (gpio-96-127): created GPIO range 18->18 ==> 44e10800.pinmux PIN 135->135
[    0.898016] gpio gpiochip3: (gpio-96-127): created GPIO range 19->20 ==> 44e10800.pinmux PIN 108->109
[    0.898033] gpio gpiochip3: (gpio-96-127): created GPIO range 21->21 ==> 44e10800.pinmux PIN 73->73
[    0.898050] gpio gpiochip3: (gpio-96-127): created GPIO range 22->23 ==> 44e10800.pinmux PIN 8->9
[    0.898067] gpio gpiochip3: (gpio-96-127): created GPIO range 26->27 ==> 44e10800.pinmux PIN 10->11
[    0.898084] gpio gpiochip3: (gpio-96-127): created GPIO range 28->28 ==> 44e10800.pinmux PIN 74->74
