Labgrid Console Logfile for main
Logfile started at 2025-09-11 18:58:52.923095
=== Log starts here ===


U-Boot 2014.04-00014-g47880f5 (Apr 22 2014 - 13:23:54)

I2C:   ready
DRAM:  512 MiB
NAND:  0 MiB
MMC:   OMAP SD/MMC: 0, OMAP SD/MMC: 1
*** Warning - readenv() failed, using default environment

Net:   <ethaddr> not set. Validating first E-fuse MAC
cpsw, usb_ether
Hit any key to stop autoboot:  1  0 
gpio: pin 53 (gpio 53) value is 1
mmc0 is current device
gpio: pin 54 (gpio 54) value is 1
SD/MMC found on device 0
reading uEnv.txt
569 bytes read in 3 ms (184.6 KiB/s)
gpio: pin 55 (gpio 55) value is 1
Loaded environment from uEnv.txt
Importing environment from mmc ...
Checking if uenvcmd is set ...
gpio: pin 56 (gpio 56) value is 1
Running uenvcmd ...
cpsw Waiting for PHY auto negotiation to complete. done
link up on port 0, speed 100, full duplex
Using cpsw device
TFTP from server 192.168.255.126; our IP address is 192.168.255.1
Filename 'zImage'.
Load address: 0x81000000
Loading: *#################################################################
	 #################################################################
	 #################################################################
	 #################################################################
	 #################################################################
	 #############################
	 2.4 MiB/s
done
Bytes transferred = 5189872 (4f30f0 hex)
link up on port 0, speed 100, full duplex
Using cpsw device
TFTP from server 192.168.255.126; our IP address is 192.168.255.1
Filename 'am335x-boneblack.dtb'.
Load address: 0x82000000
Loading: *#######
	 1.8 MiB/s
done
Bytes transferred = 97756 (17ddc hex)
Kernel image @ 0x81000000 [ 0x000000 - 0x4f30f0 ]
## Flattened Device Tree blob at 82000000
   Booting using the fdt blob at 0x82000000
   Using Device Tree in place at 82000000, end 8201addb

Starting kernel ...

[    0.000000] Booting Linux on physical CPU 0x0
[    0.000000] Linux version 6.1.152 (user01@drvtest01) (arm-none-eabi-gcc (Arm GNU Toolchain 14.2.Rel1 (Build arm-14.52)) 14.2.1 20241119, GNU ld (Arm GNU Toolchain 14.2.Rel1 (Build arm-14.52)) 2.43.1.20241119) #1 SMP Thu Sep 11 18:57:13 EEST 2025
[    0.000000] CPU: ARMv7 Processor [413fc082] revision 2 (ARMv7), cr=10c5387d
[    0.000000] CPU: PIPT / VIPT nonaliasing data cache, VIPT aliasing instruction cache
[    0.000000] OF: fdt: Machine model: TI AM335x BeagleBone Black
[    0.000000] Memory policy: Data cache writeback
[    0.000000] cma: Reserved 16 MiB at 0x9ec00000
[    0.000000] Zone ranges:
[    0.000000]   Normal   [mem 0x0000000080000000-0x000000009fdfffff]
[    0.000000]   HighMem  empty
[    0.000000] Movable zone start for each node
[    0.000000] Early memory node ranges
[    0.000000]   node   0: [mem 0x0000000080000000-0x000000009fdfffff]
[    0.000000] Initmem setup node 0 [mem 0x0000000080000000-0x000000009fdfffff]
[    0.000000] CPU: All CPU(s) started in SVC mode.
[    0.000000] AM335X ES2.1 (sgx neon)
[    0.000000] percpu: Embedded 16 pages/cpu s34196 r8192 d23148 u65536
[    0.000000] Built 1 zonelists, mobility grouping on.  Total pages: 129412
[    0.000000] Kernel command line: console=ttyO0,115200n8 root=/dev/nfs rw nfsroot=192.168.255.126:/home/user01/nfs,nfsvers=3 ip=192.168.255.1:192.168.255.126::255.255.255.0:bbb1:eth0 nfsrootdebug
[    0.000000] Unknown kernel command line parameters "nfsrootdebug", will be passed to user space.
[    0.000000] Dentry cache hash table entries: 65536 (order: 6, 262144 bytes, linear)
[    0.000000] Inode-cache hash table entries: 32768 (order: 5, 131072 bytes, linear)
[    0.000000] mem auto-init: stack:off, heap alloc:off, heap free:off
[    0.000000] Memory: 484644K/522240K available (10240K kernel code, 1145K rwdata, 2604K rodata, 1024K init, 286K bss, 21212K reserved, 16384K cma-reserved, 0K highmem)
[    0.000000] SLUB: HWalign=64, Order=0-3, MinObjects=0, CPUs=1, Nodes=1
[    0.000000] trace event string verifier disabled
[    0.000000] rcu: Hierarchical RCU implementation.
[    0.000000] rcu: 	RCU event tracing is enabled.
[    0.000000] rcu: 	RCU restricting CPUs from NR_CPUS=2 to nr_cpu_ids=1.
[    0.000000] rcu: RCU calculated value of scheduler-enlistment delay is 10 jiffies.
[    0.000000] rcu: Adjusting geometry for rcu_fanout_leaf=16, nr_cpu_ids=1
[    0.000000] NR_IRQS: 16, nr_irqs: 16, preallocated irqs: 16
[    0.000000] IRQ: Found an INTC at 0x(ptrval) (revision 5.0) with 128 interrupts
[    0.000000] rcu: srcu_init: Setting srcu_struct sizes based on contention.
[    0.000000] TI gptimer clocksource: always-on /ocp/interconnect@44c00000/segment@200000/target-module@31000
[    0.000003] sched_clock: 32 bits at 24MHz, resolution 41ns, wraps every 89478484971ns
[    0.000027] clocksource: dmtimer: mask: 0xffffffff max_cycles: 0xffffffff, max_idle_ns: 79635851949 ns
[    0.000445] TI gptimer clockevent: 24000000 Hz at /ocp/interconnect@48000000/segment@0/target-module@40000
[    0.001990] Console: colour dummy device 80x30
[    0.002037] WARNING: Your 'console=ttyO0' has been replaced by 'ttyS0'
[    0.002045] This ensures that you still see kernel messages. Please
[    0.002050] update your kernel commandline.
[    0.002091] Calibrating delay loop... 996.14 BogoMIPS (lpj=4980736)
[    0.090492] CPU: Testing write buffer coherency: ok
[    0.090591] CPU0: Spectre v2: using BPIALL workaround
[    0.090601] pid_max: default: 32768 minimum: 301
[    0.090728] LSM: Security Framework initializing
[    0.090903] Mount-cache hash table entries: 1024 (order: 0, 4096 bytes, linear)
[    0.090922] Mountpoint-cache hash table entries: 1024 (order: 0, 4096 bytes, linear)
[    0.092423] CPU0: thread -1, cpu 0, socket -1, mpidr 0
[    0.093665] Setting up static identity map for 0x80100000 - 0x80100078
[    0.093900] rcu: Hierarchical SRCU implementation.
[    0.093909] rcu: 	Max phase no-delay instances is 1000.
[    0.095213] smp: Bringing up secondary CPUs ...
[    0.095232] smp: Brought up 1 node, 1 CPU
[    0.095242] SMP: Total of 1 processors activated (996.14 BogoMIPS).
[    0.095253] CPU: All CPU(s) started in SVC mode.
[    0.096143] devtmpfs: initialized
[    0.111235] VFP support v0.3: implementor 41 architecture 3 part 30 variant c rev 3
[    0.111542] clocksource: jiffies: mask: 0xffffffff max_cycles: 0xffffffff, max_idle_ns: 19112604462750000 ns
[    0.111576] futex hash table entries: 256 (order: 2, 16384 bytes, linear)
[    0.112884] pinctrl core: initialized pinctrl subsystem
[    0.114788] NET: Registered PF_NETLINK/PF_ROUTE protocol family
[    0.116797] DMA: preallocated 256 KiB pool for atomic coherent allocations
[    0.117356] audit: initializing netlink subsys (disabled)
[    0.118546] thermal_sys: Registered thermal governor 'fair_share'
[    0.118566] thermal_sys: Registered thermal governor 'step_wise'
[    0.118572] thermal_sys: Registered thermal governor 'user_space'
[    0.118696] cpuidle: using governor menu
[    0.135388] /ocp/interconnect@44c00000/segment@200000/target-module@b000/i2c@0/tda19988@70: Fixed dependency cycle(s) with /ocp/interconnect@48000000/segment@300000/target-module@e000/lcdc@0
[    0.136423] /ocp/interconnect@48000000/segment@300000/target-module@e000/lcdc@0: Fixed dependency cycle(s) with /ocp/interconnect@44c00000/segment@200000/target-module@b000/i2c@0/tda19988@70
[    0.138423] No ATAGs?
[    0.138441] hw-breakpoint: debug architecture 0x4 unsupported.
[    0.147028] audit: type=2000 audit(0.110:1): state=initialized audit_enabled=0 res=1
[    0.147316] kprobes: kprobe jump-optimization is enabled. All kprobes are optimized if possible.
[    0.164574] iommu: Default domain type: Translated 
[    0.164586] iommu: DMA domain TLB invalidation policy: strict mode 
[    0.166020] SCSI subsystem initialized
[    0.166873] pps_core: LinuxPPS API ver. 1 registered
[    0.166883] pps_core: Software ver. 5.3.6 - Copyright 2005-2007 Rodolfo Giometti <giometti@linux.it>
[    0.166907] PTP clock support registered
[    0.180618] vgaarb: loaded
[    0.180938] clocksource: Switched to clocksource dmtimer
[    0.181545] VFS: Disk quotas dquot_6.6.0
[    0.181612] VFS: Dquot-cache hash table entries: 1024 (order 0, 4096 bytes)
[    0.198058] NET: Registered PF_INET protocol family
[    0.198394] IP idents hash table entries: 8192 (order: 4, 65536 bytes, linear)
[    0.199759] tcp_listen_portaddr_hash hash table entries: 512 (order: 0, 4096 bytes, linear)
[    0.199803] Table-perturb hash table entries: 65536 (order: 6, 262144 bytes, linear)
[    0.199822] TCP established hash table entries: 4096 (order: 2, 16384 bytes, linear)
[    0.199870] TCP bind hash table entries: 4096 (order: 4, 65536 bytes, linear)
[    0.199969] TCP: Hash tables configured (established 4096 bind 4096)
[    0.200086] UDP hash table entries: 256 (order: 1, 8192 bytes, linear)
[    0.200112] UDP-Lite hash table entries: 256 (order: 1, 8192 bytes, linear)
[    0.200285] NET: Registered PF_UNIX/PF_LOCAL protocol family
[    0.216956] RPC: Registered named UNIX socket transport module.
[    0.216979] RPC: Registered udp transport module.
[    0.216984] RPC: Registered tcp transport module.
[    0.216990] RPC: Registered tcp NFSv4.1 backchannel transport module.
[    0.217009] PCI: CLS 0 bytes, default 64
[    0.218470] Initialise system trusted keyrings
[    0.219466] workingset: timestamp_bits=14 max_order=17 bucket_order=3
[    0.228527] NFS: Registering the id_resolver key type
[    0.228605] Key type id_resolver registered
[    0.228612] Key type id_legacy registered
[    0.228665] jffs2: version 2.2. (NAND) (SUMMARY)  Â© 2001-2006 Red Hat, Inc.
[    0.229386] Key type asymmetric registered
[    0.229400] Asymmetric key parser 'x509' registered
[    0.229539] io scheduler mq-deadline registered
[    0.229550] io scheduler kyber registered
[    0.229780] io scheduler bfq registered
[    0.233407] hw perfevents: enabled with armv7_cortex_a8 PMU driver, 5 counters available
[    0.241624] l3-aon-clkctrl:0000:0: failed to disable
[    0.241943] Serial: 8250/16550 driver, 6 ports, IRQ sharing enabled
[    0.276749] brd: module loaded
[    0.298162] loop: module loaded
[    0.299047] mtdoops: mtd device (mtddev=name/number) must be supplied
[    0.301676] i2c_dev: i2c /dev entries driver
[    0.302586] cpuidle: enable-method property 'ti,am3352' found operations
[    0.303008] sdhci: Secure Digital Host Controller Interface driver
[    0.303017] sdhci: Copyright(c) Pierre Ossman
[    0.303194] sdhci-pltfm: SDHCI platform and OF driver helper
[    0.303442] ledtrig-cpu: registered to indicate activity on CPUs
[    0.304182] Initializing XFRM netlink socket
[    0.304737] NET: Registered PF_INET6 protocol family
[    0.315985] Segment Routing with IPv6
[    0.316060] In-situ OAM (IOAM) with IPv6
[    0.316155] sit: IPv6, IPv4 and MPLS over IPv4 tunneling driver
[    0.317033] NET: Registered PF_PACKET protocol family
[    0.317060] NET: Registered PF_KEY protocol family
[    0.317168] Key type dns_resolver registered
[    0.317282] ThumbEE CPU extension supported.
[    0.317300] Registering SWP/SWPB emulation handler
[    0.317809] omap_voltage_late_init: Voltage driver support not added
[    0.318437] SmartReflex Class3 initialized
[    0.319361] Loading compiled-in X.509 certificates
[    0.380880] /ocp/interconnect@44c00000/segment@200000/target-module@b000/i2c@0/tda19988@70: Fixed dependency cycle(s) with /ocp/interconnect@48000000/segment@300000/target-module@e000/lcdc@0
[    0.386946] /ocp/interconnect@44c00000/segment@200000/target-module@b000/i2c@0/tda19988@70: Fixed dependency cycle(s) with /ocp/interconnect@48000000/segment@300000/target-module@e000/lcdc@0
[    0.394599] /ocp/interconnect@44c00000/segment@200000/target-module@b000/i2c@0/tda19988@70: Fixed dependency cycle(s) with /ocp/interconnect@48000000/segment@300000/target-module@e000/lcdc@0
[    0.395390] /ocp/interconnect@44c00000/segment@200000/target-module@b000/i2c@0/tda19988@70: Fixed dependency cycle(s) with /ocp/interconnect@48000000/segment@300000/target-module@e000/lcdc@0
[    0.398453] /ocp/interconnect@44c00000/segment@200000/target-module@10000/scm@0/pinmux@800: Fixed dependency cycle(s) with /ocp/interconnect@44c00000/segment@200000/target-module@10000/scm@0/pinmux@800/pinmux_clkout2_pin
[    0.399049] pinctrl-single 44e10800.pinmux: 142 pins, size 568
[    0.403927] ti-sysc: probe of 44e31000.target-module failed with error -16
[    0.452615] /ocp/interconnect@48000000/segment@300000/target-module@e000/lcdc@0: Fixed dependency cycle(s) with /ocp/interconnect@44c00000/segment@200000/target-module@b000/i2c@0/tda19988@70
[    0.459737] ti-sysc: probe of 48040000.target-module failed with error -16
[    0.470071] gpio gpiochip0: (gpio-0-31): not an immutable chip, please consider fixing it!
[    0.505322] OMAP GPIO hardware version 0.1
[    0.517907] omap_i2c 4819c000.i2c: bus 2 rev0.11 at 100 kHz
[    0.523303] gpio gpiochip1: (gpio-32-63): not an immutable chip, please consider fixing it!
[    0.539275] gpio gpiochip2: (gpio-64-95): not an immutable chip, please consider fixing it!
[    0.545787] /ocp/interconnect@48000000/segment@300000/target-module@e000/lcdc@0: Fixed dependency cycle(s) with /ocp/interconnect@44c00000/segment@200000/target-module@b000/i2c@0/tda19988@70
[    0.548351] /ocp/interconnect@48000000/segment@300000/target-module@e000/lcdc@0: Fixed dependency cycle(s) with /ocp/interconnect@44c00000/segment@200000/target-module@b000/i2c@0/tda19988@70
[    0.548981] /ocp/interconnect@44c00000/segment@200000/target-module@b000/i2c@0/tda19988@70: Fixed dependency cycle(s) with /ocp/interconnect@48000000/segment@300000/target-module@e000/lcdc@0
[    0.549137] /ocp/interconnect@48000000/segment@300000/target-module@e000/lcdc@0: Fixed dependency cycle(s) with /ocp/interconnect@44c00000/segment@200000/target-module@b000/i2c@0/tda19988@70
[    0.559261] sdhci-omap 481d8000.mmc: supply pbias not found, using dummy regulator
[    0.559693] sdhci-omap 481d8000.mmc: supply vqmmc not found, using dummy reg ulator
[    0.617153] davinci_mdio 4a101000.mdio: davinci mdio revision 1.6, bus freq 1000000
[    0.807751] davinci_mdio 4a101000.mdio: phy[0]: device 4a101000.mdio:00, driver SMSC LAN8710/LAN8720
[    0.808337] cpsw-switch 4a100000.switch: initialized cpsw ale version 1.4
[    0.808355] cpsw-switch 4a100000.switch: ALE Table size 1024
[    0.821934] cpsw-switch 4a100000.switch: cpts: overflow check period 500 (jiffies)
[    0.821959] cpsw-switch 4a100000.switch: CPTS: ref_clk_freq:250000000 calc_m ult:2147483648 calc_shift:29 error:0 nsec/sec
[    0.822056] cpsw-switch 4a100000.switch: Detected MACID = 6c:ec:eb:68:de:78
[    0.823721] cpsw-switch 4a100000.switch: initialized (regs 0x4a100000, pool size 256) hw_ver:0019010C 1.12 (0)
[    0.833628] debugfs: Directory '49000000.dma' with parent 'dmaengine' already present!
[    0.833666] edma 49000000.dma: TI EDMA DMA engine driver
[    0.860762] gpio gpiochip3: (gpio-96-127): not an immutable chip, please consider fixing it!
[    0.873077] 44e09000.serial: ttyS0 at MMIO 0x44e09000 (irq = 34, base_baud = 3000000) is a 8250
[    2.180194] printk: console [ttyS0] enabled
[    2.211758] tps65217-pmic: Failed to locate of_node [id: -1]
[    2.227557] tps65217-bl: Failed to locate of_node [id: -1]
[    2.236178] tps65217 0-0024: TPS65217 ID 0xe version 1.2
[    2.242224] /ocp/interconnect@48000000/segment@300000/target-module@e000/lcdc@0: Fixed dependency cycle(s) with /ocp/interconnect@44c00000/segment@200000/target-module@b000/i2c@0/tda19988@70
[    2.259534] /ocp/interconnect@44c00000/segment@200000/target-module@b000/i2c@0/tda19988@70: Fixed dependency cycle(s) with /ocp/interconnect@48000000/segment@300000/target-module@e000/lcdc@0
[    2.276865] omap_i2c 44e0b000.i2c: bus 0 rev0.11 at 400 kHz
[    2.284404] omap_gpio 44e07000.gpio: Could not set line 6 debounce to 200000 microseconds (-22)
[    2.293270] sdhci-omap 48060000.mmc: Got CD GPIO
[    2.298241] sdhci-omap 48060000.mmc: supply pbias not found, using dummy regulator
[    2.307702] s
[    5.681668] cpsw-switch 4a100000.switch eth0: Link is Up - 100Mbps/Full - flow control off
[    5.690055] IPv6: ADDRCONF(NETDEV_CHANGE): eth0: link becomes ready
[    5.720951] IP-Config: Complete:
[    5.724214]      device=eth0, hwaddr=6c:ec:eb:68:de:78, ipaddr=192.168.255.1, mask=255.255.255.0, gw=255.255.255.255
[    5.734828]      host=bbb1, domain=, nis-domain=(none)
[    5.739991]      bootserver=192.168.255.126, rootserver=192.168.255.126, rootpath=
[    5.740382] clk: Disabling unused clocks
[    5.752250] KTAP version 1
[    5.754977] 1..0
[    5.783571] VFS: Mounted root (nfs filesystem) on device 0:16.
[    5.790445] devtmpfs: mounted
[    5.794938] Freeing unused kernel image (initmem) memory: 1024K
[    5.801600] Run /sbin/init as init process
[    6.482050] systemd[1]: System time before build time, advancing clock.
[    7.950945] random: crng init done
[    8.022078] systemd[1]: systemd 232 running in system mode. (+PAM +AUDIT +SELINUX +IMA +APPARMOR +SMACK +SYSVINIT +UTMP +LIBCRYPTSETUP +GCRYPT +GNUTLS +ACL +XZ +LZ4 +SECCOMP +BLKID +ELFUTILS +KMOD +IDN)
[    8.041248] systemd[1]: Detected architecture arm.

Welcome to [1mDebian GNU/Linux 9 (stretch)[0m!

[    8.084262] systemd[1]: Set hostname to <arm>.
[    9.163320] systemd[1]: Listening on udev Kernel Socket.
[[0;32m  OK  [0m] Listening on udev Kernel Socket.
[    9.201517] systemd[1]: Reached target Remote File Systems.
[[0;32m  OK  [0m] Reached target Remote File Systems.
[    9.242758] systemd[1]: Listening on Journal Socket (/dev/log).
[[0;32m  OK  [0m] Listening on Journal Socket (/dev/log).
[    9.282855] systemd[1]: Listening on udev Control Socket.
[[0;32m  OK  [0m] Listening on udev Control Socket.
[    9.322702] systemd[1]: Listening on /dev/initctl Compatibility Named Pipe.
[[0;32m  OK  [0m] Listening on /dev/initctl Compatibility Named Pipe.
[    9.361795] systemd[1]: Started Forward Password Requests to Wall Directory Watch.
[[0;32m  OK  [0m] Started Forward Password Requests to Wall Directory Watch.
[    9.401667] systemd[1]: Listening on Journal Socket.
[[0;32m  OK  [0m] Listening on Journal Socket.
[[0;32m  OK  [0m] Created slice System Slice.
[[0;32m  OK  [0m] Created slice system-getty.slice.
         Starting Remount Root and Kernel File Systems...
         Starting Load Kernel Modules...
         Starting Create list of required stâ€¦ce nodes for the current kernel...
[[0;32m  OK  [0m] Listening on Syslog Socket.
[[0;32m  OK  [0m] Reached target Swap.
         Mounting Debug File System...
[[0;32m  OK  [0m] Created slice User and Session Slice.
[[0;32m  OK  [0m] Listening on Journal Audit Socket.
         Starting Journal Service...
[[0;32m  OK  [0m] Created slice system-serial\x2dgetty.slice.
[[0;32m  OK  [0m] Reached target Slices.
[[0;32m  OK  [0m] Started Dispatch Password Requests to Console Directory Watch.
[[0;32m  OK  [0m] Reached target Encrypted Volumes.
[[0;32m  OK  [0m] Reached target Paths.
         Mounting POSIX Message Queue File System...
[[0;32m  OK  [0m] Set up automount Arbitrary Executabâ€¦rmats File System Automount Point.
[[0;32m  OK  [0m] Mounted Debug File System.
[[0;32m  OK  [0m] Started Remount Root and Kernel File Systems.
[[0;32m  OK  [0m] Started Load Kernel Modules.
[[0;32m  OK  [0m] Started Create list of required staâ€¦vice nodes for the current kernel.
[[0;32m  OK  [0m] Mounted POSIX Message Queue File System.
         Starting Create Static Device Nodes in /dev...
         Mounting Configuration File System...
         Starting Apply Kernel Variables...
         Starting Load/Save Random Seed...
         Starting udev Coldplug all Devices...
[[0;32m  OK  [0m] Mounted Configuration File System.
[[0;32m  OK  [0m] Started Apply Kernel Variables.
[[0;32m  OK  [0m] Started Load/Save Random Seed.
[[0;32m  OK  [0m] Started Create Static Device Nodes in /dev.
         Starting udev Kernel Device Manager...
[[0;32m  OK  [0m] Reached target Local File Systems (Pre).
[[0;32m  OK  [0m] Reached target Local File Systems.
         Starting Raise network interfaces...
[[0;32m  OK  [0m] Started Journal Service.
         Starting Flush Journal to Persistent Storage...
[   11.705797] systemd-journald[98]: Received request to flush runtime journal from PID 1
[[0;32m  OK  [0m] Started Flush Journal to Persistent Storage.
         Starting Create Volatile Files and Directories...
[[0;32m  OK  [0m] Started udev Kernel Device Manager.
[[0;32m  OK  [0m] Started Create Volatile Files and Directories.
         Starting Network Time Synchronization...
         Starting Update UTMP about System Boot/Shutdown...
[[0;32m  OK  [0m] Started Update UTMP about System Boot/Shutdown.
[[0;32m  OK  [0m] Started Network Time Synchronization.
[[0;32m  OK  [0m] Reached target System Time Synchronized.
[[0;32m  OK  [0m] Started udev Coldplug all Devices.
[[0;32m  OK  [0m] Reached target System Initialization.
[[0;32m  OK  [0m] Started Daily apt download activities.
[[0;32m  OK  [0m] Listening on Avahi mDNS/DNS-SD Stack Activation Socket.
[[0;32m  OK  [0m] Started Daily apt upgrade and clean activities.
[[0;32m  OK  [0m] Started Daily Cleanup of Temporary Directories.
[[0;32m  OK  [0m] Reached target Timers.
[[0;32m  OK  [0m] Listening on D-Bus System Message Bus Socket.
[[0;32m  OK  [0m] Reached target Sockets.
[   15.070256] remoteproc remoteproc0: wkup_m3 is available
[[0;32m  OK  [0m] Reached target Basic System.
[[0;32m  OK  [0m] Started Regular background program processing daemon.
[   15.236416] at24 2-0054: supply vcc not found, using dummy regulator
         Starting Cape Manager Service...
[   15.418808] at24 2-0055: supply vcc not found, using dummy regulator
         Starting System Logging Service...
         Starting LSB: Load kernel modules needed to enable cpufreq scaling...
[   15.530678] at24 2-0056: supply vcc not found, using dummy regulator
[   15.653161] at24 2-0057: supply vcc not found, using dummy regulator
         Starting Avahi mDNS/DNS-SD Stack...
[   15.782197] at24 0-0050: 32768 byte 24c256 EEPROM, writable, 1 bytes/write
         Starting Generic Board Startup...
         Starting LSB: Start busybox udhcpd at boot time...
[   16.035024] tps6521x_pwrbutton tps65217-pwrbutton: DMA mask not set
[   16.046810] wkup_m3_ipc 44e11324.wkup_m3_ipc: IPC Request for A8->M3 Channel failed! -517
         Starting Telephony service...
[   16.121111] input: tps65217_pwrbutton as /devices/platform/ocp/44c00000.interconnect/44c00000.interconnect:segment@200000/44e0b000.target-module/44e0b000.i2c/i2c-0/0-0024/tps65217-pwrbutton/input/input0
[   16.140468] wkup_m3_ipc 44e11324.wkup_m3_ipc: IPC Request for A8->M3 Channel failed! -517
[   16.209405] omap_rtc 44e3e000.rtc: registered as rtc0
[   16.214769] omap_rtc 44e3e000.rtc: setting system clock to 2000-01-01T00:00:00 UTC (946684800)
[[0;32m  OK  [0m] Started D-Bus System Message Bus.
[   16.311144] omap_wdt: OMAP Watchdog Timer Rev 0x01: initial timeout 60 sec
[   16.323218] wkup_m3_ipc 44e11324.wkup_m3_ipc: IPC Request for A8->M3 Channel failed! -517
[   16.463692] wkup_m3_ipc 44e11324.wkup_m3_ipc: IPC Request for A8->M3 Channel failed! -517
[   16.736852] am335x-phy-driver 47401300.usb-phy: supply vcc not found, using dummy regulator
[   16.745858] am335x-phy-driver 47401300.usb-phy: dummy supplies not allowed for exclusive requests
[   16.959727] am335x-phy-driver 47401b00.usb-phy: supply vcc not found, using dummy regulator
[   16.968705] am335x-phy-driver 47401b00.usb-phy: dummy supplies not allowed for exclusive requests
[   16.978695] wkup_m3_ipc 44e11324.wkup_m3_ipc: IPC Request for A8->M3 Channel failed! -517
[   17.122351] usbcore: registered new interface driver usbfs
[   17.127987] usbcore: registered new interface driver hub
[   17.133581] usbcore: registered new device driver usb
[   17.328786] wkup_m3_ipc 44e11324.wkup_m3_ipc: IPC Request for A8->M3 Channel failed! -517
[   18.292563] omap-mailbox 480c8000.mailbox: omap mailbox rev 0x400
[   18.317155] remoteproc remoteproc0: powering up wkup_m3
[   18.415253] musb-hdrc musb-hdrc.1: MUSB HDRC host driver
[   18.420672] musb-hdrc musb-hdrc.1: new USB bus registered, assigned bus number 1
[   18.575434] tda998x 0-0070: found TDA19988
[   18.582386] remoteproc remoteproc0: Direct firmware load for am335x-pm-firmware.elf failed with error -2
[   18.592198] remoteproc remoteproc0: request_firmware failed: -2
[   18.598159] wkup_m3_ipc 44e11324.wkup_m3_ipc: rproc_boot failed
[   18.711969] usb usb1: New USB device found, idVendor=1d6b, idProduct=0002, bcdDevice= 6.01
[   18.720322] usb usb1: New USB device strings: Mfr=3, Product=2, SerialNumber=1
[   18.727829] usb usb1: Product: MUSB HDRC host driver
[   18.732883] usb usb1: Manufacturer: Linux 6.1.152 musb-hcd
[   18.738397] usb usb1: SerialNumber: musb-hdrc.1
[   19.277930] hub 1-0:1.0: USB hub found
[   19.361582] hub 1-0:1.0: 1 port detected
[   20.613625] tilcdc 4830e000.lcdc: bound 0-0070 (ops tda998x_audio_codec_init [tda998x])
[   20.766595] omap_rng 48310000.rng: Random Number Generator ver. 20
[   20.781174] [drm] Initialized tilcdc 1.0.0 20121205 for 4830e000.lcdc on minor 0
[[0;32m  OK  [0m] Started Telephony service.
[[0;32m  OK  [0m] Started Avahi mDNS/DNS-SD Stack.
[   20.971556] tilcdc 4830e000.lcdc: [drm] Cannot find any crtc or sizes
[   20.986691] tilcdc 4830e000.lcdc: [drm] Cannot find any crtc or sizes
         Starting Connection service...
         Starting DUN service...
         Starting Login Service...
[[0;32m  OK  [0m] Started System Logging Service.
[[0;32m  OK  [0m] Started Cape Manager Service.
[   22.590570] omap-sham 53100000.sham: hw accel on OMAP rev 4.3
[   22.645791] PM: Cannot get wkup_m3_ipc handle
[   22.701414] omap-sham 53100000.sham: will run requests pump with realtime priority
[   22.716612] omap-aes 53500000.aes: OMAP AES hw accel rev: 3.2
[   22.814267] omap-aes 53500000.aes: will run requests pump with realtime priority
[[0;32m  OK  [0m] Found device /dev/ttyS0.
[   22.884905] Bluetooth: Core ver 2.22
[   22.888762] NET: Registered PF_BLUETOOTH protocol family
[   22.894270] Bluetooth: HCI device and connection manager initialized
[   22.900859] Bluetooth: HCI socket layer initialized
[   22.905842] Bluetooth: L2CAP socket layer initialized
[   22.910984] Bluetooth: SCO socket layer initialized
[   23.010295] PM: Cannot get wkup_m3_ipc handle
[   23.111608] PM: Cannot get wkup_m3_ipc handle
[   25.958186] PM: Cannot get wkup_m3_ipc handle
[   26.085647] PM: Cannot get wkup_m3_ipc handle
[[0;32m  OK  [0m] Started Raise network interfaces.
[[0;32m  OK  [0m] Started LSB: Start busybox udhcpd at boot time.
[   27.594637] using random self ethernet address
[   27.599152] using random host ethernet address
[   27.890374] using random self ethernet address
[   27.895089] using random host ethernet address
[[0;32m  OK  [0m] Started LSB: Load kernel modules needed to enable cpufreq scaling.
[   28.439210] usb0: HOST MAC 1c:ba:8c:a2:ed:6c
[   28.443735] usb0: MAC 1c:ba:8c:a2:ed:70
[   28.448512] usb1: HOST MAC 1c:ba:8c:a2:ed:6c
[   28.452936] usb1: MAC 1c:ba:8c:a2:ed:6d
[   28.472210] PM: Cannot get wkup_m3_ipc handle
[[0;32m  OK  [0m] Started DUN service.
[[0;32m  OK  [0m] Started Connection service.
[[0;32m  OK  [0m] Started Login Service.
         Starting Hostname Service...
         Starting WPA supplicant...
[[0;32m  OK  [0m] Reached target Sound Card.
         Starting LSB: set CPUFreq kernel parameters...
[[0;32m  OK  [0m] Started WPA supplicant.
[[0;32m  OK  [0m] Started Hostname Service.
[[0;32m  OK  [0m] Reached target Network.
         Starting OpenBSD Secure Shell server...
[[0;32m  OK  [0m] Reached target Network is Online.
         Starting LSB: Advanced IEEE 802.11 management daemon...
         Starting Permit User Sessions...
         Starting The Apache HTTP Server...
[[0;32m  OK  [0m] Started LSB: set CPUFreq kernel parameters.
[[0;32m  OK  [0m] Started LSB: Advanced IEEE 802.11 management daemon.
[[0;32m  OK  [0m] Started Permit User Sessions.
[[0;32m  OK  [0m] Started Getty on tty1.
[[0;32m  OK  [0m] Started Serial Getty on ttyS0.
[[0;32m  OK  [0m] Reached target Login Prompts.
         Stopping LSB: Start busybox udhcpd at boot time...
[[0;32m  OK  [0m] Stopped LSB: Start busybox udhcpd at boot time.
[[0;32m  OK  [0m] Started OpenBSD Secure Shell server.
         Starting dnsmasq - A lightweight DHCP and caching DNS server...
[[0;32m  OK  [0m] Started The Apache HTTP Server.
[[0;32m  OK  [0m] Started dnsmasq - A lightweight DHCP and caching DNS server.
[[0;32m  OK  [0m] Reached target Host and Network Name Lookups.
[[0;32m  OK  [0m] Started Serial Getty on ttyGS0.
[[0;32m  OK  [0m] Started Generic Board Startup.
[[0;32m  OK  [0m] Reached target Multi-User System.
[[0;32m  OK  [0m] Reached target Graphical Interface.
         Starting Update UTMP about System Runlevel Changes...
[[0;32m  OK  [0m] Started Update UTMP about System Runlevel Changes.

Debian GNU/Linux 9 arm ttyS0

default username:password is [debian:temppwd]

arm login: rooÿ
Password: 
Last login: Sat Jan  1 00:00:34 UTC 2000 on ttyS0
root
Linux arm 6.1.152 #1 SMP Thu Sep 11 18:57:13 EEST 2025 armv7l

The programs included with the Debian GNU/Linux system are free software;
the exact distribution terms for each program are described in the
individual files in /usr/share/doc/*/copyright.

Debian GNU/Linux comes with ABSOLUTELY NO WARRANTY, to the extent
permitted by applicable law.
root@arm:~# root
-bash: root: command not found
root@arm:~# dmesg -n 1
root@arm:~# echo 'UTZG''EWUEKN'
UTZGEWUEKN
root@arm:~# run() { echo -n "$MARKER"; sh -c "$@"; echo "$MARKER $?"; }
root@arm:~# echo 'NZEW''YJLZEP'
NZEWYJLZEP
root@arm:~# MARKER='QKPA''PPFYNP' run 'cat /proc/version'
QKPAPPFYNPLinux version 6.1.152 (user01@drvtest01) (arm-none-eabi-gcc (Arm GNU Toolchain 14.2.Rel1 (Build arm-14.52)) 14.2.1 20241119, GNU ld (Arm GNU Toolchain 14.2.Rel1 (Build arm-14.52)) 2.43.1.20241119) #1 SMP Thu Sep 11 18:57:13 EEST 2025
QKPAPPFYNP 0
root@arm:~# echo 'HNZS''KPBBST'
HNZSKPBBST
root@arm:~# MARKER='FXMZ''JMZWTJ' run false
FXMZJMZWTJFXMZJMZWTJ 1
root@arm:~# Labgrid Console Logfile for main
Logfile started at 2025-09-11 18:59:59.702944
=== Log starts here ===

root@arm:~# run() { echo -n "$MARKER"; sh -c "$@"; echo "$MARKER $?"; }
root@arm:~# echo 'PBNU''YAWCSN'
PBNUYAWCSN
root@arm:~# MARKER='WWUL''HWZZGX' run 'ls /iio_generic_buffer; echo $?'
WWULHWZZGX/iio_generic_buffer
0
WWULHWZZGX 0
root@arm:~# Labgrid Console Logfile for main
Logfile started at 2025-09-11 19:00:03.153702
=== Log starts here ===

root@arm:~# run() { echo -n "$MARKER"; sh -c "$@"; echo "$MARKER $?"; }
root@arm:~# echo 'GOGM''LXUVGW'
GOGMLXUVGW
root@arm:~# MARKER='KKUN''LSTAML' run dmesg
KKUNLSTAML[    0.000000] Booting Linux on physical CPU 0x0
[    0.000000] Linux version 6.1.152 (user01@drvtest01) (arm-none-eabi-gcc (Arm GNU Toolchain 14.2.Rel1 (Build arm-14.52)) 14.2.1 20241119, GNU ld (Arm GNU Toolchain 14.2.Rel1 (Build arm-14.52)) 2.43.1.20241119) #1 SMP Thu Sep 11 18:57:13 EEST 2025
[    0.000000] CPU: ARMv7 Processor [413fc082] revision 2 (ARMv7), cr=10c5387d
[    0.000000] CPU: PIPT / VIPT nonaliasing data cache, VIPT aliasing instruction cache
[    0.000000] OF: fdt: Machine model: TI AM335x BeagleBone Black
[    0.000000] Memory policy: Data cache writeback
[    0.000000] cma: Reserved 16 MiB at 0x9ec00000
[    0.000000] Zone ranges:
[    0.000000]   Normal   [mem 0x0000000080000000-0x000000009fdfffff]
[    0.000000]   HighMem  empty
[    0.000000] Movable zone start for each node
[    0.000000] Early memory node ranges
[    0.000000]   node   0: [mem 0x0000000080000000-0x000000009fdfffff]
[    0.000000] Initmem setup node 0 [mem 0x0000000080000000-0x000000009fdfffff]
[    0.000000] CPU: All CPU(s) started in SVC mode.
[    0.000000] AM335X ES2.1 (sgx neon)
[    0.000000] percpu: Embedded 16 pages/cpu s34196 r8192 d23148 u65536
[    0.000000] pcpu-alloc: s34196 r8192 d23148 u65536 alloc=16*4096
[    0.000000] pcpu-alloc: [0] 0 
[    0.000000] Built 1 zonelists, mobility grouping on.  Total pages: 129412
[    0.000000] Kernel command line: console=ttyO0,115200n8 root=/dev/nfs rw nfsroot=192.168.255.126:/home/user01/nfs,nfsvers=3 ip=192.168.255.1:192.168.255.126::255.255.255.0:bbb1:eth0 nfsrootdebug
[    0.000000] Unknown kernel command line parameters "nfsrootdebug", will be passed to user space.
[    0.000000] Dentry cache hash table entries: 65536 (order: 6, 262144 bytes, linear)
[    0.000000] Inode-cache hash table entries: 32768 (order: 5, 131072 bytes, linear)
[    0.000000] mem auto-init: stack:off, heap alloc:off, heap free:off
[    0.000000] Memory: 484644K/522240K available (10240K kernel code, 1145K rwdata, 2604K rodata, 1024K init, 286K bss, 21212K reserved, 16384K cma-reserved, 0K highmem)
[    0.000000] SLUB: HWalign=64, Order=0-3, MinObjects=0, CPUs=1, Nodes=1
[    0.000000] trace event string verifier disabled
[    0.000000] rcu: Hierarchical RCU implementation.
[    0.000000] rcu: 	RCU event tracing is enabled.
[    0.000000] rcu: 	RCU restricting CPUs from NR_CPUS=2 to nr_cpu_ids=1.
[    0.000000] rcu: RCU calculated value of scheduler-enlistment delay is 10 jiffies.
[    0.000000] rcu: Adjusting geometry for rcu_fanout_leaf=16, nr_cpu_ids=1
[    0.000000] NR_IRQS: 16, nr_irqs: 16, preallocated irqs: 16
[    0.000000] IRQ: Found an INTC at 0x(ptrval) (revision 5.0) with 128 interrupts
[    0.000000] rcu: srcu_init: Setting srcu_struct sizes based on contention.
[    0.000000] TI gptimer clocksource: always-on /ocp/interconnect@44c00000/segment@200000/target-module@31000
[    0.000003] sched_clock: 32 bits at 24MHz, resolution 41ns, wraps every 89478484971ns
[    0.000027] clocksource: dmtimer: mask: 0xffffffff max_cycles: 0xffffffff, max_idle_ns: 79635851949 ns
[    0.000445] TI gptimer clockevent: 24000000 Hz at /ocp/interconnect@48000000/segment@0/target-module@40000
[    0.001990] Console: colour dummy device 80x30
[    0.002037] WARNING: Your 'console=ttyO0' has been replaced by 'ttyS0'
[    0.002045] This ensures that you still see kernel messages. Please
[    0.002050] update your kernel commandline.
[    0.002091] Calibrating delay loop... 996.14 BogoMIPS (lpj=4980736)
[    0.090492] CPU: Testing write buffer coherency: ok
[    0.090591] CPU0: Spectre v2: using BPIALL workaround
[    0.090601] pid_max: default: 32768 minimum: 301
[    0.090728] LSM: Security Framework initializing
[    0.090903] Mount-cache hash table entries: 1024 (order: 0, 4096 bytes, linear)
[    0.090922] Mountpoint-cache hash table entries: 1024 (order: 0, 4096 bytes, linear)
[    0.092423] CPU0: thread -1, cpu 0, socket -1, mpidr 0
[    0.093665] Setting up static identity map for 0x80100000 - 0x80100078
[    0.093900] rcu: Hierarchical SRCU implementation.
[    0.093909] rcu: 	Max phase no-delay instances is 1000.
[    0.095213] smp: Bringing up secondary CPUs ...
[    0.095232] smp: Brought up 1 node, 1 CPU
[    0.095242] SMP: Total of 1 processors activated (996.14 BogoMIPS).
[    0.095253] CPU: All CPU(s) started in SVC mode.
[    0.096143] devtmpfs: initialized
[    0.111235] VFP support v0.3: implementor 41 architecture 3 part 30 variant c rev 3
[    0.111542] clocksource: jiffies: mask: 0xffffffff max_cycles: 0xffffffff, max_idle_ns: 19112604462750000 ns
[    0.111576] futex hash table entries: 256 (order: 2, 16384 bytes, linear)
[    0.112884] pinctrl core: initialized pinctrl subsystem
[    0.114788] NET: Registered PF_NETLINK/PF_ROUTE protocol family
[    0.116797] DMA: preallocated 256 KiB pool for atomic coherent allocations
[    0.117356] audit: initializing netlink subsys (disabled)
[    0.118546] thermal_sys: Registered thermal governor 'fair_share'
[    0.118566] thermal_sys: Registered thermal governor 'step_wise'
[    0.118572] thermal_sys: Registered thermal governor 'user_space'
[    0.118696] cpuidle: using governor menu
[    0.135388] /ocp/interconnect@44c00000/segment@200000/target-module@b000/i2c@0/tda19988@70: Fixed dependency cycle(s) with /ocp/interconnect@48000000/segment@300000/target-module@e000/lcdc@0
[    0.136423] /ocp/interconnect@48000000/segment@300000/target-module@e000/lcdc@0: Fixed dependency cycle(s) with /ocp/interconnect@44c00000/segment@200000/target-module@b000/i2c@0/tda19988@70
[    0.138423] No ATAGs?
[    0.138441] hw-breakpoint: debug architecture 0x4 unsupported.
[    0.147028] audit: type=2000 audit(0.110:1): state=initialized audit_enabled=0 res=1
[    0.147316] kprobes: kprobe jump-optimization is enabled. All kprobes are optimized if possible.
[    0.163295] reg-fixed-voltage fixedregulator0: GPIO lookup for consumer (null)
[    0.163321] reg-fixed-voltage fixedregulator0: using device tree for GPIO lookup
[    0.163342] of_get_named_gpiod_flags: can't parse 'gpios' property of node '/fixedregulator0[0]'
[    0.163379] of_get_named_gpiod_flags: can't parse 'gpio' property of node '/fixedregulator0[0]'
[    0.163401] reg-fixed-voltage fixedregulator0: using lookup tables for GPIO lookup
[    0.163412] reg-fixed-voltage fixedregulator0: No GPIO consumer (null) found
[    0.164574] iommu: Default domain type: Translated 
[    0.164586] iommu: DMA domain TLB invalidation policy: strict mode 
[    0.166020] SCSI subsystem initialized
[    0.166533] libata version 3.00 loaded.
[    0.166873] pps_core: LinuxPPS API ver. 1 registered
[    0.166883] pps_core: Software ver. 5.3.6 - Copyright 2005-2007 Rodolfo Giometti <giometti@linux.it>
[    0.166907] PTP clock support registered
[    0.180618] vgaarb: loaded
[    0.180938] clocksource: Switched to clocksource dmtimer
[    0.181545] VFS: Disk quotas dquot_6.6.0
[    0.181612] VFS: Dquot-cache hash table entries: 1024 (order 0, 4096 bytes)
[    0.198058] NET: Registered PF_INET protocol family
[    0.198394] IP idents hash table entries: 8192 (order: 4, 65536 bytes, linear)
[    0.199759] tcp_listen_portaddr_hash hash table entries: 512 (order: 0, 4096 bytes, linear)
[    0.199803] Table-perturb hash table entries: 65536 (order: 6, 262144 bytes, linear)
[    0.199822] TCP established hash table entries: 4096 (order: 2, 16384 bytes, linear)
[    0.199870] TCP bind hash table entries: 4096 (order: 4, 65536 bytes, linear)
[    0.199969] TCP: Hash tables configured (established 4096 bind 4096)
[    0.200086] UDP hash table entries: 256 (order: 1, 8192 bytes, linear)
[    0.200112] UDP-Lite hash table entries: 256 (order: 1, 8192 bytes, linear)
[    0.200285] NET: Registered PF_UNIX/PF_LOCAL protocol family
[    0.216956] RPC: Registered named UNIX socket transport module.
[    0.216979] RPC: Registered udp transport module.
[    0.216984] RPC: Registered tcp transport module.
[    0.216990] RPC: Registered tcp NFSv4.1 backchannel transport module.
[    0.217009] PCI: CLS 0 bytes, default 64
[    0.218470] Initialise system trusted keyrings
[    0.219466] workingset: timestamp_bits=14 max_order=17 bucket_order=3
[    0.228527] NFS: Registering the id_resolver key type
[    0.228605] Key type id_resolver registered
[    0.228612] Key type id_legacy registered
[    0.228665] jffs2: version 2.2. (NAND) (SUMMARY)  Â© 2001-2006 Red Hat, Inc.
[    0.229386] Key type asymmetric registered
[    0.229400] Asymmetric key parser 'x509' registered
[    0.229539] io scheduler mq-deadline registered
[    0.229550] io scheduler kyber registered
[    0.229780] io scheduler bfq registered
[    0.233407] hw perfevents: enabled with armv7_cortex_a8 PMU driver, 5 counters available
[    0.241624] l3-aon-clkctrl:0000:0: failed to disable
[    0.241943] Serial: 8250/16550 driver, 6 ports, IRQ sharing enabled
[    0.276749] brd: module loaded
[    0.298162] loop: module loaded
[    0.299047] mtdoops: mtd device (mtddev=name/number) must be supplied
[    0.300374] mdio_bus fixed-0: GPIO lookup for consumer reset
[    0.300392] mdio_bus fixed-0: using lookup tables for GPIO lookup
[    0.300401] mdio_bus fixed-0: No GPIO consumer reset found
[    0.301676] i2c_dev: i2c /dev entries driver
[    0.302586] cpuidle: enable-method property 'ti,am3352' found operations
[    0.303008] sdhci: Secure Digital Host Controller Interface driver
[    0.303017] sdhci: Copyright(c) Pierre Ossman
[    0.303194] sdhci-pltfm: SDHCI platform and OF driver helper
[    0.303442] ledtrig-cpu: registered to indicate activity on CPUs
[    0.304182] Initializing XFRM netlink socket
[    0.304737] NET: Registered PF_INET6 protocol family
[    0.315985] Segment Routing with IPv6
[    0.316060] In-situ OAM (IOAM) with IPv6
[    0.316155] sit: IPv6, IPv4 and MPLS over IPv4 tunneling driver
[    0.317033] NET: Registered PF_PACKET protocol family
[    0.317060] NET: Registered PF_KEY protocol family
[    0.317168] Key type dns_resolver registered
[    0.317282] ThumbEE CPU extension supported.
[    0.317300] Registering SWP/SWPB emulation handler
[    0.317809] omap_voltage_late_init: Voltage driver support not added
[    0.318437] SmartReflex Class3 initialized
[    0.319361] Loading compiled-in X.509 certificates
[    0.380880] /ocp/interconnect@44c00000/segment@200000/target-module@b000/i2c@0/tda19988@70: Fixed dependency cycle(s) with /ocp/interconnect@48000000/segment@300000/target-module@e000/lcdc@0
[    0.386946] /ocp/interconnect@44c00000/segment@200000/target-module@b000/i2c@0/tda19988@70: Fixed dependency cycle(s) with /ocp/interconnect@48000000/segment@300000/target-module@e000/lcdc@0
[    0.394599] /ocp/interconnect@44c00000/segment@200000/target-module@b000/i2c@0/tda19988@70: Fixed dependency cycle(s) with /ocp/interconnect@48000000/segment@300000/target-module@e000/lcdc@0
[    0.395390] /ocp/interconnect@44c00000/segment@200000/target-module@b000/i2c@0/tda19988@70: Fixed dependency cycle(s) with /ocp/interconnect@48000000/segment@300000/target-module@e000/lcdc@0
[    0.398453] /ocp/interconnect@44c00000/segment@200000/target-module@10000/scm@0/pinmux@800: Fixed dependency cycle(s) with /ocp/interconnect@44c00000/segment@200000/target-module@10000/scm@0/pinmux@800/pinmux_clkout2_pin
[    0.399049] pinctrl-single 44e10800.pinmux: 142 pins, size 568
[    0.403927] ti-sysc: probe of 44e31000.target-module failed with error -16
[    0.452615] /ocp/interconnect@48000000/segment@300000/target-module@e000/lcdc@0: Fixed dependency cycle(s) with /ocp/interconnect@44c00000/segment@200000/target-module@b000/i2c@0/tda19988@70
[    0.459737] ti-sysc: probe of 48040000.target-module failed with error -16
[    0.469943] gpio gpiochip0: (gpio-0-31): created GPIO range 0->7 ==> 44e10800.pinmux PIN 0->7
[    0.469976] gpio gpiochip0: (gpio-0-31): created GPIO range 8->11 ==> 44e10800.pinmux PIN 90->93
[    0.469992] gpio gpiochip0: (gpio-0-31): created GPIO range 12->27 ==> 44e10800.pinmux PIN 12->27
[    0.470006] gpio gpiochip0: (gpio-0-31): created GPIO range 28->31 ==> 44e10800.pinmux PIN 30->33
[    0.470071] gpio gpiochip0: (gpio-0-31): not an immutable chip, please consider fixing it!
[    0.505066] gpio gpiochip0: (gpio-0-31): added GPIO chardev (254:0)
[    0.505234] gpio gpiochip0: registered GPIOs 0 to 31 on gpio-0-31
[    0.505322] OMAP GPIO hardware version 0.1
[    0.516990] i2c i2c-2: GPIO lookup for consumer scl
[    0.517018] i2c i2c-2: using device tree for GPIO lookup
[    0.517045] of_get_named_gpiod_flags: can't parse 'scl-gpios' property of node '/ocp/interconnect@48000000/segment@100000/target-module@9c000/i2c@0[0]'
[    0.517087] of_get_named_gpiod_flags: can't parse 'scl-gpio' property of node '/ocp/interconnect@48000000/segment@100000/target-module@9c000/i2c@0[0]'
[    0.517126] i2c i2c-2: using lookup tables for GPIO lookup
[    0.517136] i2c i2c-2: No GPIO consumer scl found
[    0.517157] i2c i2c-2: GPIO lookup for consumer sda
[    0.517165] i2c i2c-2: using device tree for GPIO lookup
[    0.517178] of_get_named_gpiod_flags: can't parse 'sda-gpios' property of node '/ocp/interconnect@48000000/segment@100000/target-module@9c000/i2c@0[0]'
[    0.517215] of_get_named_gpiod_flags: can't parse 'sda-gpio' property of node '/ocp/interconnect@48000000/segment@100000/target-module@9c000/i2c@0[0]'
[    0.517247] i2c i2c-2: using lookup tables for GPIO lookup
[    0.517255] i2c i2c-2: No GPIO consumer sda found
[    0.517907] omap_i2c 4819c000.i2c: bus 2 rev0.11 at 100 kHz
[    0.523192] gpio gpiochip1: (gpio-32-63): created GPIO range 0->17 ==> 44e10800.pinmux PIN 34->51
[    0.523226] gpio gpiochip1: (gpio-32-63): created GPIO range 18->21 ==> 44e10800.pinmux PIN 77->80
[    0.523242] gpio gpiochip1: (gpio-32-63): created GPIO range 22->31 ==> 44e10800.pinmux PIN 56->65
[    0.523303] gpio gpiochip1: (gpio-32-63): not an immutable chip, please consider fixing it!
[    0.536936] gpio gpiochip1: (gpio-32-63): added GPIO chardev (254:1)
[    0.537067] gpio gpiochip1: registered GPIOs 32 to 63 on gpio-32-63
[    0.539139] gpio gpiochip2: (gpio-64-95): created GPIO range 0->4 ==> 44e10800.pinmux PIN 66->70
[    0.539166] gpio gpiochip2: (gpio-64-95): created GPIO range 5->6 ==> 44e10800.pinmux PIN 98->99
[    0.539182] gpio gpiochip2: (gpio-64-95): created GPIO range 7->8 ==> 44e10800.pinmux PIN 75->76
[    0.539197] gpio gpiochip2: (gpio-64-95): created GPIO range 13->13 ==> 44e10800.pinmux PIN 141->141
[    0.539213] gpio gpiochip2: (gpio-64-95): created GPIO range 14->21 ==> 44e10800.pinmux PIN 100->107
[    0.539275] gpio gpiochip2: (gpio-64-95): not an immutable chip, please consider fixing it!
[    0.539723] gpio gpiochip2: (gpio-64-95): added GPIO chardev (254:2)
[    0.539836] gpio gpiochip2: registered GPIOs 64 to 95 on gpio-64-95
[    0.545787] /ocp/interconnect@48000000/segment@300000/target-module@e000/lcdc@0: Fixed dependency cycle(s) with /ocp/interconnect@44c00000/segment@200000/target-module@b000/i2c@0/tda19988@70
[    0.548351] /ocp/interconnect@48000000/segment@300000/target-module@e000/lcdc@0: Fixed dependency cycle(s) with /ocp/interconnect@44c00000/segment@200000/target-module@b000/i2c@0/tda19988@70
[    0.548981] /ocp/interconnect@44c00000/segment@200000/target-module@b000/i2c@0/tda19988@70: Fixed dependency cycle(s) with /ocp/interconnect@48000000/segment@300000/target-module@e000/lcdc@0
[    0.549137] /ocp/interconnect@48000000/segment@300000/target-module@e000/lcdc@0: Fixed dependency cycle(s) with /ocp/interconnect@44c00000/segment@200000/target-module@b000/i2c@0/tda19988@70
[    0.557738] mdio_bus 4a101000.mdio: GPIO lookup for consumer reset
[    0.557766] mdio_bus 4a101000.mdio: using device tree for GPIO lookup
[    0.557788] of_get_named_gpiod_flags: can't parse 'reset-gpios' property of node '/ocp/interconnect@4a000000/segment@0/target-module@100000/switch@0/mdio@1000[0]'
[    0.557835] of_get_named_gpiod_flags: can't parse 'reset-gpio' property of node '/ocp/interconnect@4a000000/segment@0/target-module@100000/switch@0/mdio@1000[0]'
[    0.557880] mdio_bus 4a101000.mdio: using lookup tables for GPIO lookup
[    0.557889] mdio_bus 4a101000.mdio: No GPIO consumer reset found
[    0.558935] sdhci-omap 481d8000.mmc: GPIO lookup for consumer wp
[    0.558957] sdhci-omap 481d8000.mmc: using device tree for GPIO lookup
[    0.558977] of_get_named_gpiod_flags: can't parse 'wp-gpios' property of node '/ocp/interconnect@48000000/segment@100000/target-module@d8000/mmc@0[0]'
[    0.559026] of_get_named_gpiod_flags: can't parse 'wp-gpio' property of node '/ocp/interconnect@48000000/segment@100000/target-module@d8000/mmc@0[0]'
[    0.559061] sdhci-omap 481d8000.mmc: using lookup tables for GPIO lookup
[    0.559072] sdhci-omap 481d8000.mmc: No GPIO consumer wp found
[    0.559261] sdhci-omap 481d8000.mmc: supply pbias not found, using dummy regulator
[    0.559693] sdhci-omap 481d8000.mmc: supply vqmmc not found, using dummy regulator
[    0.617153] davinci_mdio 4a101000.mdio: davinci mdio revision 1.6, bus freq 1000000
[    0.647150] mdio_bus 4a101000.mdio:00: GPIO lookup for consumer reset
[    0.647176] mdio_bus 4a101000.mdio:00: using device tree for GPIO lookup
[    0.647214] of_get_named_gpiod_flags: parsed 'reset-gpios' property of node '/ocp/interconnect@4a000000/segment@0/target-module@100000/switch@0/mdio@1000/ethernet-phy@0[0]' - status (0)
[    0.647381] gpio gpiochip0: Persistence not supported for GPIO 8
[    0.807751] davinci_mdio 4a101000.mdio: phy[0]: device 4a101000.mdio:00, driver SMSC LAN8710/LAN8720
[    0.808337] cpsw-switch 4a100000.switch: initialized cpsw ale version 1.4
[    0.808355] cpsw-switch 4a100000.switch: ALE Table size 1024
[    0.821934] cpsw-switch 4a100000.switch: cpts: overflow check period 500 (jiffies)
[    0.821959] cpsw-switch 4a100000.switch: CPTS: ref_clk_freq:250000000 calc_mult:2147483648 calc_shift:29 error:0 nsec/sec
[    0.822056] cpsw-switch 4a100000.switch: Detected MACID = 6c:ec:eb:68:de:78
[    0.823721] cpsw-switch 4a100000.switch: initialized (regs 0x4a100000, pool size 256) hw_ver:0019010C 1.12 (0)
[    0.833628] debugfs: Directory '49000000.dma' with parent 'dmaengine' already present!
[    0.833666] edma 49000000.dma: TI EDMA DMA engine driver
[    0.859488] gpio-clk clk_mcasp0: GPIO lookup for consumer enable
[    0.859518] gpio-clk clk_mcasp0: using device tree for GPIO lookup
[    0.859556] of_get_named_gpiod_flags: parsed 'enable-gpios' property of node '/clk_mcasp0[0]' - status (0)
[    0.859600] gpio gpiochip0: Persistence not supported for GPIO 27
[    0.860497] gpio gpiochip3: (gpio-96-127): created GPIO range 0->7 ==> 44e10800.pinmux PIN 82->89
[    0.860531] gpio gpiochip3: (gpio-96-127): created GPIO range 8->11 ==> 44e10800.pinmux PIN 52->55
[    0.860548] gpio gpiochip3: (gpio-96-127): created GPIO range 12->15 ==> 44e10800.pinmux PIN 94->97
[    0.860564] gpio gpiochip3: (gpio-96-127): created GPIO range 16->17 ==> 44e10800.pinmux PIN 71->72
[    0.860579] gpio gpiochip3: (gpio-96-127): created GPIO range 18->18 ==> 44e10800.pinmux PIN 135->135
[    0.860595] gpio gpiochip3: (gpio-96-127): created GPIO range 19->20 ==> 44e10800.pinmux PIN 108->109
[    0.860611] gpio gpiochip3: (gpio-96-127): created GPIO range 21->21 ==> 44e10800.pinmux PIN 73->73
[    0.860627] gpio gpiochip3: (gpio-96-127): created GPIO range 22->23 ==> 44e10800.pinmux PIN 8->9
[    0.860644] gpio gpiochip3: (gpio-96-127): created GPIO range 26->27 ==> 44e10800.pinmux PIN 10->11
[    0.860661] gpio gpiochip3: (gpio-96-127): created GPIO range 28->28 ==> 44e10800.pinmux PIN 74->74
[    0.860678] gpio gpiochip3: (gpio-96-127): created GPIO range 29->29 ==> 44e10800.pinmux PIN 81->81
[    0.860696] gpio gpiochip3: (gpio-96-127): created GPIO range 30->31 ==> 44e10800.pinmux PIN 28->29
[    0.860762] gpio gpiochip3: (gpio-96-127): not an immutable chip, please consider fixing it!
[    0.871161] gpio gpiochip3: (gpio-96-127): added GPIO chardev (254:3)
[    0.871302] gpio gpiochip3: registered GPIOs 96 to 127 on gpio-96-127
[    0.872879] omap8250 44e09000.serial: GPIO lookup for consumer rs485-term
[    0.872902] omap8250 44e09000.serial: using device tree for GPIO lookup
[    0.872926] of_get_named_gpiod_flags: can't parse 'rs485-term-gpios' property of node '/ocp/interconnect@44c00000/segment@200000/target-module@9000/serial@0[0]'
[    0.872978] of_get_named_gpiod_flags: can't parse 'rs485-term-gpio' property of node '/ocp/interconnect@44c00000/segment@200000/target-module@9000/serial@0[0]'
[    0.873019] omap8250 44e09000.serial: using lookup tables for GPIO lookup
[    0.873029] omap8250 44e09000.serial: No GPIO consumer rs485-term found
[    0.873077] 44e09000.serial: ttyS0 at MMIO 0x44e09000 (irq = 34, base_baud = 3000000) is a 8250
[    2.180194] printk: console [ttyS0] enabled
[    2.187024] i2c i2c-0: GPIO lookup for consumer scl
[    2.187058] i2c i2c-0: using device tree for GPIO lookup
[    2.187084] of_get_named_gpiod_flags: can't parse 'scl-gpios' property of node '/ocp/interconnect@44c00000/segment@200000/target-module@b000/i2c@0[0]'
[    2.187130] of_get_named_gpiod_flags: can't parse 'scl-gpio' property of node '/ocp/interconnect@44c00000/segment@200000/target-module@b000/i2c@0[0]'
[    2.187172] i2c i2c-0: using lookup tables for GPIO lookup
[    2.187183] i2c i2c-0: No GPIO consumer scl found
[    2.187206] i2c i2c-0: GPIO lookup for consumer sda
[    2.187214] i2c i2c-0: using device tree for GPIO lookup
[    2.187229] of_get_named_gpiod_flags: can't parse 'sda-gpios' property of node '/ocp/interconnect@44c00000/segment@200000/target-module@b000/i2c@0[0]'
[    2.187268] of_get_named_gpiod_flags: can't parse 'sda-gpio' property of node '/ocp/interconnect@44c00000/segment@200000/target-module@b000/i2c@0[0]'
[    2.187302] i2c i2c-0: using lookup tables for GPIO lookup
[    2.187312] i2c i2c-0: No GPIO consumer sda found
[    2.211758] tps65217-pmic: Failed to locate of_node [id: -1]
[    2.227557] tps65217-bl: Failed to locate of_node [id: -1]
[    2.236178] tps65217 0-0024: TPS65217 ID 0xe version 1.2
[    2.242224] /ocp/interconnect@48000000/segment@300000/target-module@e000/lcdc@0: Fixed dependency cycle(s) with /ocp/interconnect@44c00000/segment@200000/target-module@b000/i2c@0/tda19988@70
[    2.259534] /ocp/interconnect@44c00000/segment@200000/target-module@b000/i2c@0/tda19988@70: Fixed dependency cycle(s) with /ocp/interconnect@48000000/segment@300000/target-module@e000/lcdc@0
[    2.276865] omap_i2c 44e0b000.i2c: bus 0 rev0.11 at 400 kHz
[    2.284187] sdhci-omap 48060000.mmc: GPIO lookup for consumer cd
[    2.284219] sdhci-omap 48060000.mmc: using device tree for GPIO lookup
[    2.284259] of_get_named_gpiod_flags: parsed 'cd-gpios' property of node '/ocp/interconnect@48000000/segment@0/target-module@60000/mmc@0[0]' - status (0)
[    2.284379] gpio gpiochip3: Persistence not supported for GPIO 6
[    2.284404] omap_gpio 44e07000.gpio: Could not set line 6 debounce to 200000 microseconds (-22)
[    2.293270] sdhci-omap 48060000.mmc: Got CD GPIO
[    2.297919] sdhci-omap 48060000.mmc: GPIO lookup for consumer wp
[    2.297929] sdhci-omap 48060000.mmc: using device tree for GPIO lookup
[    2.297949] of_get_named_gpiod_flags: can't parse 'wp-gpios' property of node '/ocp/interconnect@48000000/segment@0/target-module@60000/mmc@0[0]'
[    2.297994] of_get_named_gpiod_flags: can't parse 'wp-gpio' property of node '/ocp/interconnect@48000000/segment@0/target-module@60000/mmc@0[0]'
[    2.298034] sdhci-omap 48060000.mmc: using lookup tables for GPIO lookup
[    2.298046] sdhci-omap 48060000.mmc: No GPIO consumer wp found
[    2.298241] sdhci-omap 48060000.mmc: supply pbias not found, using dummy regulator
[    2.306971] sdhci-omap 481d8000.mmc: GPIO lookup for consumer wp
[    2.307002] sdhci-omap 481d8000.mmc: using device tree for GPIO lookup
[    2.307022] of_get_named_gpiod_flags: can't parse 'wp-gpios' property of node '/ocp/interconnect@48000000/segment@100000/target-module@d8000/mmc@0[0]'
[    2.307074] of_get_named_gpiod_flags: can't parse 'wp-gpio' property of node '/ocp/interconnect@48000000/segment@100000/target-module@d8000/mmc@0[0]'
[    2.307112] sdhci-omap 481d8000.mmc: using lookup tables for GPIO lookup
[    2.307123] sdhci-omap 481d8000.mmc: No GPIO consumer wp found
[    2.307702] sdhci-omap 48060000.mmc: supply vqmmc not found, using dummy regulator
[    2.316062] sdhci-omap 481d8000.mmc: supply pbias not found, using dummy regulator
[    2.324193] sdhci-omap 481d8000.mmc: supply vqmmc not found, using dummy regulator
[    2.360982] mmc1: SDHCI controller on 481d8000.mmc [481d8000.mmc] using External DMA
[    2.369784] mmc0: SDHCI controller on 48060000.mmc [48060000.mmc] using External DMA
[    2.378507] cpsw-switch 4a100000.switch: starting ndev. mode: dual_mac
[    2.441223] mmc1: new high speed MMC card at address 0001
[    2.448000] mmcblk1: mmc1:0001 MMC04G 3.60 GiB 
[    2.455524]  mmcblk1: p1 p2
[    2.458955] mmc0: new high speed SDHC card at address aaaa
[    2.466151] mmcblk1boot0: mmc1:0001 MMC04G 2.00 MiB 
[    2.472545] mmcblk0: mmc0:aaaa SE32G 29.7 GiB 
[    2.478880] mmcblk1boot1: mmc1:0001 MMC04G 2.00 MiB 
[    2.486955] mmcblk1rpmb: mmc1:0001 MMC04G 128 KiB, chardev (250:0)
[    2.493669]  mmcblk0: p1 p2
[    2.532101] SMSC LAN8710/LAN8720 4a101000.mdio:00: attached PHY driver (mii_bus:phy_addr=4a101000.mdio:00, irq=POLL)
[    5.681668] cpsw-switch 4a100000.switch eth0: Link is Up - 100Mbps/Full - flow control off
[    5.690055] IPv6: ADDRCONF(NETDEV_CHANGE): eth0: link becomes ready
[    5.720951] IP-Config: Complete:
[    5.724214]      device=eth0, hwaddr=6c:ec:eb:68:de:78, ipaddr=192.168.255.1, mask=255.255.255.0, gw=255.255.255.255
[    5.734828]      host=bbb1, domain=, nis-domain=(none)
[    5.739991]      bootserver=192.168.255.126, rootserver=192.168.255.126, rootpath=
[    5.740382] clk: Disabling unused clocks
[    5.752250] KTAP version 1
[    5.754977] 1..0
[    5.783571] VFS: Mounted root (nfs filesystem) on device 0:16.
[    5.790445] devtmpfs: mounted
[    5.794938] Freeing unused kernel image (initmem) memory: 1024K
[    5.801600] Run /sbin/init as init process
[    5.805726]   with arguments:
[    5.805737]     /sbin/init
[    5.805744]     nfsrootdebug
[    5.805751]   with environment:
[    5.805757]     HOME=/
[    5.805765]     TERM=linux
[    6.482050] systemd[1]: System time before build time, advancing clock.
[    7.950945] random: crng init done
[    8.022078] systemd[1]: systemd 232 running in system mode. (+PAM +AUDIT +SELINUX +IMA +APPARMOR +SMACK +SYSVINIT +UTMP +LIBCRYPTSETUP +GCRYPT +GNUTLS +ACL +XZ +LZ4 +SECCOMP +BLKID +ELFUTILS +KMOD +IDN)
[    8.041248] systemd[1]: Detected architecture arm.
[    8.084262] systemd[1]: Set hostname to <arm>.
[    9.163320] systemd[1]: Listening on udev Kernel Socket.
[    9.201517] systemd[1]: Reached target Remote File Systems.
[    9.242758] systemd[1]: Listening on Journal Socket (/dev/log).
[    9.282855] systemd[1]: Listening on udev Control Socket.
[    9.322702] systemd[1]: Listening on /dev/initctl Compatibility Named Pipe.
[    9.361795] systemd[1]: Started Forward Password Requests to Wall Directory Watch.
[    9.401667] systemd[1]: Listening on Journal Socket.
[   11.705797] systemd-journald[98]: Received request to flush runtime journal from PID 1
[   14.688127] of_get_named_gpiod_flags: parsed 'gpios' property of node '/leds/led2[0]' - status (0)
[   14.688223] gpio gpiochip0: Persistence not supported for GPIO 21
[   14.688235] gpio-21 (?): no flags found for gpios
[   14.688475] of_get_named_gpiod_flags: parsed 'gpios' property of node '/leds/led3[0]' - status (0)
[   14.688514] gpio gpiochip0: Persistence not supported for GPIO 22
[   14.688523] gpio-22 (?): no flags found for gpios
[   14.721631] of_get_named_gpiod_flags: parsed 'gpios' property of node '/leds/led4[0]' - status (0)
[   14.721712] gpio gpiochip0: Persistence not supported for GPIO 23
[   14.721724] gpio-23 (?): no flags found for gpios
[   14.741567] of_get_named_gpiod_flags: parsed 'gpios' property of node '/leds/led5[0]' - status (0)
[   14.741647] gpio gpiochip0: Persistence not supported for GPIO 24
[   14.741661] gpio-24 (?): no flags found for gpios
[   15.070256] remoteproc remoteproc0: wkup_m3 is available
[   15.236416] at24 2-0054: supply vcc not found, using dummy regulator
[   15.418808] at24 2-0055: supply vcc not found, using dummy regulator
[   15.530678] at24 2-0056: supply vcc not found, using dummy regulator
[   15.653161] at24 2-0057: supply vcc not found, using dummy regulator
[   15.781485] at24 0-0050: GPIO lookup for consumer wp
[   15.781528] at24 0-0050: using device tree for GPIO lookup
[   15.781786] of_get_named_gpiod_flags: can't parse 'wp-gpios' property of node '/ocp/interconnect@44c00000/segment@200000/target-module@b000/i2c@0/baseboard_eeprom@50[0]'
[   15.781865] of_get_named_gpiod_flags: can't parse 'wp-gpio' property of node '/ocp/interconnect@44c00000/segment@200000/target-module@b000/i2c@0/baseboard_eeprom@50[0]'
[   15.781915] at24 0-0050: using lookup tables for GPIO lookup
[   15.781929] at24 0-0050: No GPIO consumer wp found
[   15.782197] at24 0-0050: 32768 byte 24c256 EEPROM, writable, 1 bytes/write
[   16.035024] tps6521x_pwrbutton tps65217-pwrbutton: DMA mask not set
[   16.046810] wkup_m3_ipc 44e11324.wkup_m3_ipc: IPC Request for A8->M3 Channel failed! -517
[   16.121111] input: tps65217_pwrbutton as /devices/platform/ocp/44c00000.interconnect/44c00000.interconnect:segment@200000/44e0b000.target-module/44e0b000.i2c/i2c-0/0-0024/tps65217-pwrbutton/input/input0
[   16.140468] wkup_m3_ipc 44e11324.wkup_m3_ipc: IPC Request for A8->M3 Channel failed! -517
[   16.209405] omap_rtc 44e3e000.rtc: registered as rtc0
[   16.214769] omap_rtc 44e3e000.rtc: setting system clock to 2000-01-01T00:00:00 UTC (946684800)
[   16.223510] omap_rtc 44e3e000.rtc: GPIO lookup for consumer wp
[   16.223525] omap_rtc 44e3e000.rtc: using device tree for GPIO lookup
[   16.223553] of_get_named_gpiod_flags: can't parse 'wp-gpios' property of node '/ocp/interconnect@44c00000/segment@200000/target-module@3e000/rtc@0[0]'
[   16.223608] of_get_named_gpiod_flags: can't parse 'wp-gpio' property of node '/ocp/interconnect@44c00000/segment@200000/target-module@3e000/rtc@0[0]'
[   16.223651] omap_rtc 44e3e000.rtc: using lookup tables for GPIO lookup
[   16.223664] omap_rtc 44e3e000.rtc: No GPIO consumer wp found
[   16.311144] omap_wdt: OMAP Watchdog Timer Rev 0x01: initial timeout 60 sec
[   16.323218] wkup_m3_ipc 44e11324.wkup_m3_ipc: IPC Request for A8->M3 Channel failed! -517
[   16.463692] wkup_m3_ipc 44e11324.wkup_m3_ipc: IPC Request for A8->M3 Channel failed! -517
[   16.736442] am335x-phy-driver 47401300.usb-phy: GPIO lookup for consumer reset
[   16.736488] am335x-phy-driver 47401300.usb-phy: using device tree for GPIO lookup
[   16.736518] of_get_named_gpiod_flags: can't parse 'reset-gpios' property of node '/ocp/target-module@47400000/usb-phy@1300[0]'
[   16.736570] of_get_named_gpiod_flags: can't parse 'reset-gpio' property of node '/ocp/target-module@47400000/usb-phy@1300[0]'
[   16.736603] am335x-phy-driver 47401300.usb-phy: using lookup tables for GPIO lookup
[   16.736616] am335x-phy-driver 47401300.usb-phy: No GPIO consumer reset found
[   16.736627] am335x-phy-driver 47401300.usb-phy: GPIO lookup for consumer vbus-detect
[   16.736638] am335x-phy-driver 47401300.usb-phy: using device tree for GPIO lookup
[   16.736653] of_get_named_gpiod_flags: can't parse 'vbus-detect-gpios' property of node '/ocp/target-module@47400000/usb-phy@1300[0]'
[   16.736684] of_get_named_gpiod_flags: can't parse 'vbus-detect-gpio' property of node '/ocp/target-module@47400000/usb-phy@1300[0]'
[   16.736710] am335x-phy-driver 47401300.usb-phy: using lookup tables for GPIO lookup
[   16.736720] am335x-phy-driver 47401300.usb-phy: No GPIO consumer vbus-detect found
[   16.736852] am335x-phy-driver 47401300.usb-phy: supply vcc not found, using dummy regulator
[   16.745858] am335x-phy-driver 47401300.usb-phy: dummy supplies not allowed for exclusive requests
[   16.959318] am335x-phy-driver 47401b00.usb-phy: GPIO lookup for consumer reset
[   16.959364] am335x-phy-driver 47401b00.usb-phy: using device tree for GPIO lookup
[   16.959395] of_get_named_gpiod_flags: can't parse 'reset-gpios' property of node '/ocp/target-module@47400000/usb-phy@1b00[0]'
[   16.959443] of_get_named_gpiod_flags: can't parse 'reset-gpio' property of node '/ocp/target-module@47400000/usb-phy@1b00[0]'
[   16.959477] am335x-phy-driver 47401b00.usb-phy: using lookup tables for GPIO lookup
[   16.959490] am335x-phy-driver 47401b00.usb-phy: No GPIO consumer reset found
[   16.959502] am335x-phy-driver 47401b00.usb-phy: GPIO lookup for consumer vbus-detect
[   16.959512] am335x-phy-driver 47401b00.usb-phy: using device tree for GPIO lookup
[   16.959529] of_get_named_gpiod_flags: can't parse 'vbus-detect-gpios' property of node '/ocp/target-module@47400000/usb-phy@1b00[0]'
[   16.959559] of_get_named_gpiod_flags: can't parse 'vbus-detect-gpio' property of node '/ocp/target-module@47400000/usb-phy@1b00[0]'
[   16.959586] am335x-phy-driver 47401b00.usb-phy: using lookup tables for GPIO lookup
[   16.959596] am335x-phy-driver 47401b00.usb-phy: No GPIO consumer vbus-detect found
[   16.959727] am335x-phy-driver 47401b00.usb-phy: supply vcc not found, using dummy regulator
[   16.968705] am335x-phy-driver 47401b00.usb-phy: dummy supplies not allowed for exclusive requests
[   16.978695] wkup_m3_ipc 44e11324.wkup_m3_ipc: IPC Request for A8->M3 Channel failed! -517
[   17.122351] usbcore: registered new interface driver usbfs
[   17.127987] usbcore: registered new interface driver hub
[   17.133581] usbcore: registered new device driver usb
[   17.328786] wkup_m3_ipc 44e11324.wkup_m3_ipc: IPC Request for A8->M3 Channel failed! -517
[   18.292563] omap-mailbox 480c8000.mailbox: omap mailbox rev 0x400
[   18.317155] remoteproc remoteproc0: powering up wkup_m3
[   18.415253] musb-hdrc musb-hdrc.1: MUSB HDRC host driver
[   18.420672] musb-hdrc musb-hdrc.1: new USB bus registered, assigned bus number 1
[   18.575434] tda998x 0-0070: found TDA19988
[   18.582386] remoteproc remoteproc0: Direct firmware load for am335x-pm-firmware.elf failed with error -2
[   18.592198] remoteproc remoteproc0: request_firmware failed: -2
[   18.598159] wkup_m3_ipc 44e11324.wkup_m3_ipc: rproc_boot failed
[   18.711969] usb usb1: New USB device found, idVendor=1d6b, idProduct=0002, bcdDevice= 6.01
[   18.720322] usb usb1: New USB device strings: Mfr=3, Product=2, SerialNumber=1
[   18.727829] usb usb1: Product: MUSB HDRC host driver
[   18.732883] usb usb1: Manufacturer: Linux 6.1.152 musb-hcd
[   18.738397] usb usb1: SerialNumber: musb-hdrc.1
[   19.277930] hub 1-0:1.0: USB hub found
[   19.361582] hub 1-0:1.0: 1 port detected
[   20.613625] tilcdc 4830e000.lcdc: bound 0-0070 (ops tda998x_audio_codec_init [tda998x])
[   20.766595] omap_rng 48310000.rng: Random Number Generator ver. 20
[   20.781174] [drm] Initialized tilcdc 1.0.0 20121205 for 4830e000.lcdc on minor 0
[   20.971556] tilcdc 4830e000.lcdc: [drm] Cannot find any crtc or sizes
[   20.986691] tilcdc 4830e000.lcdc: [drm] Cannot find any crtc or sizes
[   22.590570] omap-sham 53100000.sham: hw accel on OMAP rev 4.3
[   22.645791] PM: Cannot get wkup_m3_ipc handle
[   22.701414] omap-sham 53100000.sham: will run requests pump with realtime priority
[   22.716612] omap-aes 53500000.aes: OMAP AES hw accel rev: 3.2
[   22.814267] omap-aes 53500000.aes: will run requests pump with realtime priority
[   22.884905] Bluetooth: Core ver 2.22
[   22.888762] NET: Registered PF_BLUETOOTH protocol family
[   22.894270] Bluetooth: HCI device and connection manager initialized
[   22.900859] Bluetooth: HCI socket layer initialized
[   22.905842] Bluetooth: L2CAP socket layer initialized
[   22.910984] Bluetooth: SCO socket layer initialized
[   23.010295] PM: Cannot get wkup_m3_ipc handle
[   23.111608] PM: Cannot get wkup_m3_ipc handle
[   25.958186] PM: Cannot get wkup_m3_ipc handle
[   25.964116] asoc-simple-card sound: GPIO lookup for consumer simple-audio-card,hp-det
[   25.964150] asoc-simple-card sound: using device tree for GPIO lookup
[   25.964177] of_get_named_gpiod_flags: can't parse 'simple-audio-card,hp-det-gpios' property of node '/sound[0]'
[   25.964219] of_get_named_gpiod_flags: can't parse 'simple-audio-card,hp-det-gpio' property of node '/sound[0]'
[   25.964245] asoc-simple-card sound: using lookup tables for GPIO lookup
[   25.964256] asoc-simple-card sound: No GPIO consumer simple-audio-card,hp-det found
[   25.964269] asoc-simple-card sound: GPIO lookup for consumer simple-audio-card,mic-det
[   25.964279] asoc-simple-card sound: using device tree for GPIO lookup
[   25.964295] of_get_named_gpiod_flags: can't parse 'simple-audio-card,mic-det-gpios' property of node '/sound[0]'
[   25.964319] of_get_named_gpiod_flags: can't parse 'simple-audio-card,mic-det-gpio' property of node '/sound[0]'
[   25.964338] asoc-simple-card sound: using lookup tables for GPIO lookup
[   25.964348] asoc-simple-card sound: No GPIO consumer simple-audio-card,mic-det found
[   26.085647] PM: Cannot get wkup_m3_ipc handle
[   27.594637] using random self ethernet address
[   27.599152] using random host ethernet address
[   27.890374] using random self ethernet address
[   27.895089] using random host ethernet address
[   28.117019] userial_init: registered 8 ttyGS* devices
[   28.354912] rndis_register: configNr = 0
[   28.438106] udc musb-hdrc.0: binding gadget driver [g_multi]
[   28.438191] configfs-gadget.g_multi gadget.0: adding 'rndis'/35d0391d to config 'c'/5f8234d4
[   28.439210] usb0: HOST MAC 1c:ba:8c:a2:ed:6c
[   28.443735] usb0: MAC 1c:ba:8c:a2:ed:70
[   28.447647] rndis_set_param_medium: 0 0
[   28.447667] configfs-gadget.g_multi gadget.0: RNDIS: dual speed IN/ep1in OUT/ep1out NOTIFY/ep2in
[   28.447683] configfs-gadget.g_multi gadget.0: adding 'cdc_ethernet'/bb01f613 to config 'c'/5f8234d4
[   28.448512] usb1: HOST MAC 1c:ba:8c:a2:ed:6c
[   28.452936] usb1: MAC 1c:ba:8c:a2:ed:6d
[   28.456837] configfs-gadget.g_multi gadget.0: CDC Ethernet: dual speed IN/ep3in OUT/ep2out NOTIFY/ep4in
[   28.456854] configfs-gadget.g_multi gadget.0: adding 'acm'/886ff356 to config 'c'/5f8234d4
[   28.456885] configfs-gadget.g_multi gadget.0: acm ttyGS0: dual speed IN/ep5in OUT/ep3out NOTIFY/ep6in
[   28.472210] PM: Cannot get wkup_m3_ipc handle
[   29.696812] usb1: eth_open
[   34.628086] gs_open: ttyGS0 (d911c5a4,7e9d7c71)
[   34.628238] gs_close: ttyGS0 (d911c5a4,7e9d7c71) ...
[   34.628257] gs_close: ttyGS0 (d911c5a4,7e9d7c71) done!
[   34.628408] gs_open: ttyGS0 (cb872822,7dc2abc5)
[   34.628476] gs_close: ttyGS0 (cb872822,7dc2abc5) ...
[   34.628492] gs_close: ttyGS0 (cb872822,7dc2abc5) done!
[   34.812985] gs_open: ttyGS0 (cb872822,e56244fa)
[   34.813189] gs_close: ttyGS0 (cb872822,e56244fa) ...
[   34.813212] gs_close: ttyGS0 (cb872822,e56244fa) done!
[   34.816803] gs_open: ttyGS0 (cb872822,793de1fb)
KKUNLSTAML 0
root@arm:~# echo 'BOKY''JBHUEB'
BOKYJBHUEB
root@arm:~# MARKER='FVSJ''NHGQOO' run 'modprobe test_linear_ranges'
FVSJNHGQOOFVSJNHGQOO 0
root@arm:~# echo 'AZJJ''UBOZQH'
AZJJUBOZQH
root@arm:~# MARKER='HPMF''TNXJEL' run dmesg
HPMFTNXJEL[    0.000000] Booting Linux on physical CPU 0x0
[    0.000000] Linux version 6.1.152 (user01@drvtest01) (arm-none-eabi-gcc (Arm GNU Toolchain 14.2.Rel1 (Build arm-14.52)) 14.2.1 20241119, GNU ld (Arm GNU Toolchain 14.2.Rel1 (Build arm-14.52)) 2.43.1.20241119) #1 SMP Thu Sep 11 18:57:13 EEST 2025
[    0.000000] CPU: ARMv7 Processor [413fc082] revision 2 (ARMv7), cr=10c5387d
[    0.000000] CPU: PIPT / VIPT nonaliasing data cache, VIPT aliasing instruction cache
[    0.000000] OF: fdt: Machine model: TI AM335x BeagleBone Black
[    0.000000] Memory policy: Data cache writeback
[    0.000000] cma: Reserved 16 MiB at 0x9ec00000
[    0.000000] Zone ranges:
[    0.000000]   Normal   [mem 0x0000000080000000-0x000000009fdfffff]
[    0.000000]   HighMem  empty
[    0.000000] Movable zone start for each node
[    0.000000] Early memory node ranges
[    0.000000]   node   0: [mem 0x0000000080000000-0x000000009fdfffff]
[    0.000000] Initmem setup node 0 [mem 0x0000000080000000-0x000000009fdfffff]
[    0.000000] CPU: All CPU(s) started in SVC mode.
[    0.000000] AM335X ES2.1 (sgx neon)
[    0.000000] percpu: Embedded 16 pages/cpu s34196 r8192 d23148 u65536
[    0.000000] pcpu-alloc: s34196 r8192 d23148 u65536 alloc=16*4096
[    0.000000] pcpu-alloc: [0] 0 
[    0.000000] Built 1 zonelists, mobility grouping on.  Total pages: 129412
[    0.000000] Kernel command line: console=ttyO0,115200n8 root=/dev/nfs rw nfsroot=192.168.255.126:/home/user01/nfs,nfsvers=3 ip=192.168.255.1:192.168.255.126::255.255.255.0:bbb1:eth0 nfsrootdebug
[    0.000000] Unknown kernel command line parameters "nfsrootdebug", will be passed to user space.
[    0.000000] Dentry cache hash table entries: 65536 (order: 6, 262144 bytes, linear)
[    0.000000] Inode-cache hash table entries: 32768 (order: 5, 131072 bytes, linear)
[    0.000000] mem auto-init: stack:off, heap alloc:off, heap free:off
[    0.000000] Memory: 484644K/522240K available (10240K kernel code, 1145K rwdata, 2604K rodata, 1024K init, 286K bss, 21212K reserved, 16384K cma-reserved, 0K highmem)
[    0.000000] SLUB: HWalign=64, Order=0-3, MinObjects=0, CPUs=1, Nodes=1
[    0.000000] trace event string verifier disabled
[    0.000000] rcu: Hierarchical RCU implementation.
[    0.000000] rcu: 	RCU event tracing is enabled.
[    0.000000] rcu: 	RCU restricting CPUs from NR_CPUS=2 to nr_cpu_ids=1.
[    0.000000] rcu: RCU calculated value of scheduler-enlistment delay is 10 jiffies.
[    0.000000] rcu: Adjusting geometry for rcu_fanout_leaf=16, nr_cpu_ids=1
[    0.000000] NR_IRQS: 16, nr_irqs: 16, preallocated irqs: 16
[    0.000000] IRQ: Found an INTC at 0x(ptrval) (revision 5.0) with 128 interrupts
[    0.000000] rcu: srcu_init: Setting srcu_struct sizes based on contention.
[    0.000000] TI gptimer clocksource: always-on /ocp/interconnect@44c00000/segment@200000/target-module@31000
[    0.000003] sched_clock: 32 bits at 24MHz, resolution 41ns, wraps every 89478484971ns
[    0.000027] clocksource: dmtimer: mask: 0xffffffff max_cycles: 0xffffffff, max_idle_ns: 79635851949 ns
[    0.000445] TI gptimer clockevent: 24000000 Hz at /ocp/interconnect@48000000/segment@0/target-module@40000
[    0.001990] Console: colour dummy device 80x30
[    0.002037] WARNING: Your 'console=ttyO0' has been replaced by 'ttyS0'
[    0.002045] This ensures that you still see kernel messages. Please
[    0.002050] update your kernel commandline.
[    0.002091] Calibrating delay loop... 996.14 BogoMIPS (lpj=4980736)
[    0.090492] CPU: Testing write buffer coherency: ok
[    0.090591] CPU0: Spectre v2: using BPIALL workaround
[    0.090601] pid_max: default: 32768 minimum: 301
[    0.090728] LSM: Security Framework initializing
[    0.090903] Mount-cache hash table entries: 1024 (order: 0, 4096 bytes, linear)
[    0.090922] Mountpoint-cache hash table entries: 1024 (order: 0, 4096 bytes, linear)
[    0.092423] CPU0: thread -1, cpu 0, socket -1, mpidr 0
[    0.093665] Setting up static identity map for 0x80100000 - 0x80100078
[    0.093900] rcu: Hierarchical SRCU implementation.
[    0.093909] rcu: 	Max phase no-delay instances is 1000.
[    0.095213] smp: Bringing up secondary CPUs ...
[    0.095232] smp: Brought up 1 node, 1 CPU
[    0.095242] SMP: Total of 1 processors activated (996.14 BogoMIPS).
[    0.095253] CPU: All CPU(s) started in SVC mode.
[    0.096143] devtmpfs: initialized
[    0.111235] VFP support v0.3: implementor 41 architecture 3 part 30 variant c rev 3
[    0.111542] clocksource: jiffies: mask: 0xffffffff max_cycles: 0xffffffff, max_idle_ns: 19112604462750000 ns
[    0.111576] futex hash table entries: 256 (order: 2, 16384 bytes, linear)
[    0.112884] pinctrl core: initialized pinctrl subsystem
[    0.114788] NET: Registered PF_NETLINK/PF_ROUTE protocol family
[    0.116797] DMA: preallocated 256 KiB pool for atomic coherent allocations
[    0.117356] audit: initializing netlink subsys (disabled)
[    0.118546] thermal_sys: Registered thermal governor 'fair_share'
[    0.118566] thermal_sys: Registered thermal governor 'step_wise'
[    0.118572] thermal_sys: Registered thermal governor 'user_space'
[    0.118696] cpuidle: using governor menu
[    0.135388] /ocp/interconnect@44c00000/segment@200000/target-module@b000/i2c@0/tda19988@70: Fixed dependency cycle(s) with /ocp/interconnect@48000000/segment@300000/target-module@e000/lcdc@0
[    0.136423] /ocp/interconnect@48000000/segment@300000/target-module@e000/lcdc@0: Fixed dependency cycle(s) with /ocp/interconnect@44c00000/segment@200000/target-module@b000/i2c@0/tda19988@70
[    0.138423] No ATAGs?
[    0.138441] hw-breakpoint: debug architecture 0x4 unsupported.
[    0.147028] audit: type=2000 audit(0.110:1): state=initialized audit_enabled=0 res=1
[    0.147316] kprobes: kprobe jump-optimization is enabled. All kprobes are optimized if possible.
[    0.163295] reg-fixed-voltage fixedregulator0: GPIO lookup for consumer (null)
[    0.163321] reg-fixed-voltage fixedregulator0: using device tree for GPIO lookup
[    0.163342] of_get_named_gpiod_flags: can't parse 'gpios' property of node '/fixedregulator0[0]'
[    0.163379] of_get_named_gpiod_flags: can't parse 'gpio' property of node '/fixedregulator0[0]'
[    0.163401] reg-fixed-voltage fixedregulator0: using lookup tables for GPIO lookup
[    0.163412] reg-fixed-voltage fixedregulator0: No GPIO consumer (null) found
[    0.164574] iommu: Default domain type: Translated 
[    0.164586] iommu: DMA domain TLB invalidation policy: strict mode 
[    0.166020] SCSI subsystem initialized
[    0.166533] libata version 3.00 loaded.
[    0.166873] pps_core: LinuxPPS API ver. 1 registered
[    0.166883] pps_core: Software ver. 5.3.6 - Copyright 2005-2007 Rodolfo Giometti <giometti@linux.it>
[    0.166907] PTP clock support registered
[    0.180618] vgaarb: loaded
[    0.180938] clocksource: Switched to clocksource dmtimer
[    0.181545] VFS: Disk quotas dquot_6.6.0
[    0.181612] VFS: Dquot-cache hash table entries: 1024 (order 0, 4096 bytes)
[    0.198058] NET: Registered PF_INET protocol family
[    0.198394] IP idents hash table entries: 8192 (order: 4, 65536 bytes, linear)
[    0.199759] tcp_listen_portaddr_hash hash table entries: 512 (order: 0, 4096 bytes, linear)
[    0.199803] Table-perturb hash table entries: 65536 (order: 6, 262144 bytes, linear)
[    0.199822] TCP established hash table entries: 4096 (order: 2, 16384 bytes, linear)
[    0.199870] TCP bind hash table entries: 4096 (order: 4, 65536 bytes, linear)
[    0.199969] TCP: Hash tables configured (established 4096 bind 4096)
[    0.200086] UDP hash table entries: 256 (order: 1, 8192 bytes, linear)
[    0.200112] UDP-Lite hash table entries: 256 (order: 1, 8192 bytes, linear)
[    0.200285] NET: Registered PF_UNIX/PF_LOCAL protocol family
[    0.216956] RPC: Registered named UNIX socket transport module.
[    0.216979] RPC: Registered udp transport module.
[    0.216984] RPC: Registered tcp transport module.
[    0.216990] RPC: Registered tcp NFSv4.1 backchannel transport module.
[    0.217009] PCI: CLS 0 bytes, default 64
[    0.218470] Initialise system trusted keyrings
[    0.219466] workingset: timestamp_bits=14 max_order=17 bucket_order=3
[    0.228527] NFS: Registering the id_resolver key type
[    0.228605] Key type id_resolver registered
[    0.228612] Key type id_legacy registered
[    0.228665] jffs2: version 2.2. (NAND) (SUMMARY)  Â© 2001-2006 Red Hat, Inc.
[    0.229386] Key type asymmetric registered
[    0.229400] Asymmetric key parser 'x509' registered
[    0.229539] io scheduler mq-deadline registered
[    0.229550] io scheduler kyber registered
[    0.229780] io scheduler bfq registered
[    0.233407] hw perfevents: enabled with armv7_cortex_a8 PMU driver, 5 counters available
[    0.241624] l3-aon-clkctrl:0000:0: failed to disable
[    0.241943] Serial: 8250/16550 driver, 6 ports, IRQ sharing enabled
[    0.276749] brd: module loaded
[    0.298162] loop: module loaded
[    0.299047] mtdoops: mtd device (mtddev=name/number) must be supplied
[    0.300374] mdio_bus fixed-0: GPIO lookup for consumer reset
[    0.300392] mdio_bus fixed-0: using lookup tables for GPIO lookup
[    0.300401] mdio_bus fixed-0: No GPIO consumer reset found
[    0.301676] i2c_dev: i2c /dev entries driver
[    0.302586] cpuidle: enable-method property 'ti,am3352' found operations
[    0.303008] sdhci: Secure Digital Host Controller Interface driver
[    0.303017] sdhci: Copyright(c) Pierre Ossman
[    0.303194] sdhci-pltfm: SDHCI platform and OF driver helper
[    0.303442] ledtrig-cpu: registered to indicate activity on CPUs
[    0.304182] Initializing XFRM netlink socket
[    0.304737] NET: Registered PF_INET6 protocol family
[    0.315985] Segment Routing with IPv6
[    0.316060] In-situ OAM (IOAM) with IPv6
[    0.316155] sit: IPv6, IPv4 and MPLS over IPv4 tunneling driver
[    0.317033] NET: Registered PF_PACKET protocol family
[    0.317060] NET: Registered PF_KEY protocol family
[    0.317168] Key type dns_resolver registered
[    0.317282] ThumbEE CPU extension supported.
[    0.317300] Registering SWP/SWPB emulation handler
[    0.317809] omap_voltage_late_init: Voltage driver support not added
[    0.318437] SmartReflex Class3 initialized
[    0.319361] Loading compiled-in X.509 certificates
[    0.380880] /ocp/interconnect@44c00000/segment@200000/target-module@b000/i2c@0/tda19988@70: Fixed dependency cycle(s) with /ocp/interconnect@48000000/segment@300000/target-module@e000/lcdc@0
[    0.386946] /ocp/interconnect@44c00000/segment@200000/target-module@b000/i2c@0/tda19988@70: Fixed dependency cycle(s) with /ocp/interconnect@48000000/segment@300000/target-module@e000/lcdc@0
[    0.394599] /ocp/interconnect@44c00000/segment@200000/target-module@b000/i2c@0/tda19988@70: Fixed dependency cycle(s) with /ocp/interconnect@48000000/segment@300000/target-module@e000/lcdc@0
[    0.395390] /ocp/interconnect@44c00000/segment@200000/target-module@b000/i2c@0/tda19988@70: Fixed dependency cycle(s) with /ocp/interconnect@48000000/segment@300000/target-module@e000/lcdc@0
[    0.398453] /ocp/interconnect@44c00000/segment@200000/target-module@10000/scm@0/pinmux@800: Fixed dependency cycle(s) with /ocp/interconnect@44c00000/segment@200000/target-module@10000/scm@0/pinmux@800/pinmux_clkout2_pin
[    0.399049] pinctrl-single 44e10800.pinmux: 142 pins, size 568
[    0.403927] ti-sysc: probe of 44e31000.target-module failed with error -16
[    0.452615] /ocp/interconnect@48000000/segment@300000/target-module@e000/lcdc@0: Fixed dependency cycle(s) with /ocp/interconnect@44c00000/segment@200000/target-module@b000/i2c@0/tda19988@70
[    0.459737] ti-sysc: probe of 48040000.target-module failed with error -16
[    0.469943] gpio gpiochip0: (gpio-0-31): created GPIO range 0->7 ==> 44e10800.pinmux PIN 0->7
[    0.469976] gpio gpiochip0: (gpio-0-31): created GPIO range 8->11 ==> 44e10800.pinmux PIN 90->93
[    0.469992] gpio gpiochip0: (gpio-0-31): created GPIO range 12->27 ==> 44e10800.pinmux PIN 12->27
[    0.470006] gpio gpiochip0: (gpio-0-31): created GPIO range 28->31 ==> 44e10800.pinmux PIN 30->33
[    0.470071] gpio gpiochip0: (gpio-0-31): not an immutable chip, please consider fixing it!
[    0.505066] gpio gpiochip0: (gpio-0-31): added GPIO chardev (254:0)
[    0.505234] gpio gpiochip0: registered GPIOs 0 to 31 on gpio-0-31
[    0.505322] OMAP GPIO hardware version 0.1
[    0.516990] i2c i2c-2: GPIO lookup for consumer scl
[    0.517018] i2c i2c-2: using device tree for GPIO lookup
[    0.517045] of_get_named_gpiod_flags: can't parse 'scl-gpios' property of node '/ocp/interconnect@48000000/segment@100000/target-module@9c000/i2c@0[0]'
[    0.517087] of_get_named_gpiod_flags: can't parse 'scl-gpio' property of node '/ocp/interconnect@48000000/segment@100000/target-module@9c000/i2c@0[0]'
[    0.517126] i2c i2c-2: using lookup tables for GPIO lookup
[    0.517136] i2c i2c-2: No GPIO consumer scl found
[    0.517157] i2c i2c-2: GPIO lookup for consumer sda
[    0.517165] i2c i2c-2: using device tree for GPIO lookup
[    0.517178] of_get_named_gpiod_flags: can't parse 'sda-gpios' property of node '/ocp/interconnect@48000000/segment@100000/target-module@9c000/i2c@0[0]'
[    0.517215] of_get_named_gpiod_flags: can't parse 'sda-gpio' property of node '/ocp/interconnect@48000000/segment@100000/target-module@9c000/i2c@0[0]'
[    0.517247] i2c i2c-2: using lookup tables for GPIO lookup
[    0.517255] i2c i2c-2: No GPIO consumer sda found
[    0.517907] omap_i2c 4819c000.i2c: bus 2 rev0.11 at 100 kHz
[    0.523192] gpio gpiochip1: (gpio-32-63): created GPIO range 0->17 ==> 44e10800.pinmux PIN 34->51
[    0.523226] gpio gpiochip1: (gpio-32-63): created GPIO range 18->21 ==> 44e10800.pinmux PIN 77->80
[    0.523242] gpio gpiochip1: (gpio-32-63): created GPIO range 22->31 ==> 44e10800.pinmux PIN 56->65
[    0.523303] gpio gpiochip1: (gpio-32-63): not an immutable chip, please consider fixing it!
[    0.536936] gpio gpiochip1: (gpio-32-63): added GPIO chardev (254:1)
[    0.537067] gpio gpiochip1: registered GPIOs 32 to 63 on gpio-32-63
[    0.539139] gpio gpiochip2: (gpio-64-95): created GPIO range 0->4 ==> 44e10800.pinmux PIN 66->70
[    0.539166] gpio gpiochip2: (gpio-64-95): created GPIO range 5->6 ==> 44e10800.pinmux PIN 98->99
[    0.539182] gpio gpiochip2: (gpio-64-95): created GPIO range 7->8 ==> 44e10800.pinmux PIN 75->76
[    0.539197] gpio gpiochip2: (gpio-64-95): created GPIO range 13->13 ==> 44e10800.pinmux PIN 141->141
[    0.539213] gpio gpiochip2: (gpio-64-95): created GPIO range 14->21 ==> 44e10800.pinmux PIN 100->107
[    0.539275] gpio gpiochip2: (gpio-64-95): not an immutable chip, please consider fixing it!
[    0.539723] gpio gpiochip2: (gpio-64-95): added GPIO chardev (254:2)
[    0.539836] gpio gpiochip2: registered GPIOs 64 to 95 on gpio-64-95
[    0.545787] /ocp/interconnect@48000000/segment@300000/target-module@e000/lcdc@0: Fixed dependency cycle(s) with /ocp/interconnect@44c00000/segment@200000/target-module@b000/i2c@0/tda19988@70
[    0.548351] /ocp/interconnect@48000000/segment@300000/target-module@e000/lcdc@0: Fixed dependency cycle(s) with /ocp/interconnect@44c00000/segment@200000/target-module@b000/i2c@0/tda19988@70
[    0.548981] /ocp/interconnect@44c00000/segment@200000/target-module@b000/i2c@0/tda19988@70: Fixed dependency cycle(s) with /ocp/interconnect@48000000/segment@300000/target-module@e000/lcdc@0
[    0.549137] /ocp/interconnect@48000000/segment@300000/target-module@e000/lcdc@0: Fixed dependency cycle(s) with /ocp/interconnect@44c00000/segment@200000/target-module@b000/i2c@0/tda19988@70
[    0.557738] mdio_bus 4a101000.mdio: GPIO lookup for consumer reset
[    0.557766] mdio_bus 4a101000.mdio: using device tree for GPIO lookup
[    0.557788] of_get_named_gpiod_flags: can't parse 'reset-gpios' property of node '/ocp/interconnect@4a000000/segment@0/target-module@100000/switch@0/mdio@1000[0]'
[    0.557835] of_get_named_gpiod_flags: can't parse 'reset-gpio' property of node '/ocp/interconnect@4a000000/segment@0/target-module@100000/switch@0/mdio@1000[0]'
[    0.557880] mdio_bus 4a101000.mdio: using lookup tables for GPIO lookup
[    0.557889] mdio_bus 4a101000.mdio: No GPIO consumer reset found
[    0.558935] sdhci-omap 481d8000.mmc: GPIO lookup for consumer wp
[    0.558957] sdhci-omap 481d8000.mmc: using device tree for GPIO lookup
[    0.558977] of_get_named_gpiod_flags: can't parse 'wp-gpios' property of node '/ocp/interconnect@48000000/segment@100000/target-module@d8000/mmc@0[0]'
[    0.559026] of_get_named_gpiod_flags: can't parse 'wp-gpio' property of node '/ocp/interconnect@48000000/segment@100000/target-module@d8000/mmc@0[0]'
[    0.559061] sdhci-omap 481d8000.mmc: using lookup tables for GPIO lookup
[    0.559072] sdhci-omap 481d8000.mmc: No GPIO consumer wp found
[    0.559261] sdhci-omap 481d8000.mmc: supply pbias not found, using dummy regulator
[    0.559693] sdhci-omap 481d8000.mmc: supply vqmmc not found, using dummy regulator
[    0.617153] davinci_mdio 4a101000.mdio: davinci mdio revision 1.6, bus freq 1000000
[    0.647150] mdio_bus 4a101000.mdio:00: GPIO lookup for consumer reset
[    0.647176] mdio_bus 4a101000.mdio:00: using device tree for GPIO lookup
[    0.647214] of_get_named_gpiod_flags: parsed 'reset-gpios' property of node '/ocp/interconnect@4a000000/segment@0/target-module@100000/switch@0/mdio@1000/ethernet-phy@0[0]' - status (0)
[    0.647381] gpio gpiochip0: Persistence not supported for GPIO 8
[    0.807751] davinci_mdio 4a101000.mdio: phy[0]: device 4a101000.mdio:00, driver SMSC LAN8710/LAN8720
[    0.808337] cpsw-switch 4a100000.switch: initialized cpsw ale version 1.4
[    0.808355] cpsw-switch 4a100000.switch: ALE Table size 1024
[    0.821934] cpsw-switch 4a100000.switch: cpts: overflow check period 500 (jiffies)
[    0.821959] cpsw-switch 4a100000.switch: CPTS: ref_clk_freq:250000000 calc_mult:2147483648 calc_shift:29 error:0 nsec/sec
[    0.822056] cpsw-switch 4a100000.switch: Detected MACID = 6c:ec:eb:68:de:78
[    0.823721] cpsw-switch 4a100000.switch: initialized (regs 0x4a100000, pool size 256) hw_ver:0019010C 1.12 (0)
[    0.833628] debugfs: Directory '49000000.dma' with parent 'dmaengine' already present!
[    0.833666] edma 49000000.dma: TI EDMA DMA engine driver
[    0.859488] gpio-clk clk_mcasp0: GPIO lookup for consumer enable
[    0.859518] gpio-clk clk_mcasp0: using device tree for GPIO lookup
[    0.859556] of_get_named_gpiod_flags: parsed 'enable-gpios' property of node '/clk_mcasp0[0]' - status (0)
[    0.859600] gpio gpiochip0: Persistence not supported for GPIO 27
[    0.860497] gpio gpiochip3: (gpio-96-127): created GPIO range 0->7 ==> 44e10800.pinmux PIN 82->89
[    0.860531] gpio gpiochip3: (gpio-96-127): created GPIO range 8->11 ==> 44e10800.pinmux PIN 52->55
[    0.860548] gpio gpiochip3: (gpio-96-127): created GPIO range 12->15 ==> 44e10800.pinmux PIN 94->97
[    0.860564] gpio gpiochip3: (gpio-96-127): created GPIO range 16->17 ==> 44e10800.pinmux PIN 71->72
[    0.860579] gpio gpiochip3: (gpio-96-127): created GPIO range 18->18 ==> 44e10800.pinmux PIN 135->135
[    0.860595] gpio gpiochip3: (gpio-96-127): created GPIO range 19->20 ==> 44e10800.pinmux PIN 108->109
[    0.860611] gpio gpiochip3: (gpio-96-127): created GPIO range 21->21 ==> 44e10800.pinmux PIN 73->73
[    0.860627] gpio gpiochip3: (gpio-96-127): created GPIO range 22->23 ==> 44e10800.pinmux PIN 8->9
[    0.860644] gpio gpiochip3: (gpio-96-127): created GPIO range 26->27 ==> 44e10800.pinmux PIN 10->11
[    0.860661] gpio gpiochip3: (gpio-96-127): created GPIO range 28->28 ==> 44e10800.pinmux PIN 74->74
[    0.860678] gpio gpiochip3: (gpio-96-127): created GPIO range 29->29 ==> 44e10800.pinmux PIN 81->81
[    0.860696] gpio gpiochip3: (gpio-96-127): created GPIO range 30->31 ==> 44e10800.pinmux PIN 28->29
[    0.860762] gpio gpiochip3: (gpio-96-127): not an immutable chip, please consider fixing it!
[    0.871161] gpio gpiochip3: (gpio-96-127): added GPIO chardev (254:3)
[    0.871302] gpio gpiochip3: registered GPIOs 96 to 127 on gpio-96-127
[    0.872879] omap8250 44e09000.serial: GPIO lookup for consumer rs485-term
[    0.872902] omap8250 44e09000.serial: using device tree for GPIO lookup
[    0.872926] of_get_named_gpiod_flags: can't parse 'rs485-term-gpios' property of node '/ocp/interconnect@44c00000/segment@200000/target-module@9000/serial@0[0]'
[    0.872978] of_get_named_gpiod_flags: can't parse 'rs485-term-gpio' property of node '/ocp/interconnect@44c00000/segment@200000/target-module@9000/serial@0[0]'
[    0.873019] omap8250 44e09000.serial: using lookup tables for GPIO lookup
[    0.873029] omap8250 44e09000.serial: No GPIO consumer rs485-term found
[    0.873077] 44e09000.serial: ttyS0 at MMIO 0x44e09000 (irq = 34, base_baud = 3000000) is a 8250
[    2.180194] printk: console [ttyS0] enabled
[    2.187024] i2c i2c-0: GPIO lookup for consumer scl
[    2.187058] i2c i2c-0: using device tree for GPIO lookup
[    2.187084] of_get_named_gpiod_flags: can't parse 'scl-gpios' property of node '/ocp/interconnect@44c00000/segment@200000/target-module@b000/i2c@0[0]'
[    2.187130] of_get_named_gpiod_flags: can't parse 'scl-gpio' property of node '/ocp/interconnect@44c00000/segment@200000/target-module@b000/i2c@0[0]'
[    2.187172] i2c i2c-0: using lookup tables for GPIO lookup
[    2.187183] i2c i2c-0: No GPIO consumer scl found
[    2.187206] i2c i2c-0: GPIO lookup for consumer sda
[    2.187214] i2c i2c-0: using device tree for GPIO lookup
[    2.187229] of_get_named_gpiod_flags: can't parse 'sda-gpios' property of node '/ocp/interconnect@44c00000/segment@200000/target-module@b000/i2c@0[0]'
[    2.187268] of_get_named_gpiod_flags: can't parse 'sda-gpio' property of node '/ocp/interconnect@44c00000/segment@200000/target-module@b000/i2c@0[0]'
[    2.187302] i2c i2c-0: using lookup tables for GPIO lookup
[    2.187312] i2c i2c-0: No GPIO consumer sda found
[    2.211758] tps65217-pmic: Failed to locate of_node [id: -1]
[    2.227557] tps65217-bl: Failed to locate of_node [id: -1]
[    2.236178] tps65217 0-0024: TPS65217 ID 0xe version 1.2
[    2.242224] /ocp/interconnect@48000000/segment@300000/target-module@e000/lcdc@0: Fixed dependency cycle(s) with /ocp/interconnect@44c00000/segment@200000/target-module@b000/i2c@0/tda19988@70
[    2.259534] /ocp/interconnect@44c00000/segment@200000/target-module@b000/i2c@0/tda19988@70: Fixed dependency cycle(s) with /ocp/interconnect@48000000/segment@300000/target-module@e000/lcdc@0
[    2.276865] omap_i2c 44e0b000.i2c: bus 0 rev0.11 at 400 kHz
[    2.284187] sdhci-omap 48060000.mmc: GPIO lookup for consumer cd
[    2.284219] sdhci-omap 48060000.mmc: using device tree for GPIO lookup
[    2.284259] of_get_named_gpiod_flags: parsed 'cd-gpios' property of node '/ocp/interconnect@48000000/segment@0/target-module@60000/mmc@0[0]' - status (0)
[    2.284379] gpio gpiochip3: Persistence not supported for GPIO 6
[    2.284404] omap_gpio 44e07000.gpio: Could not set line 6 debounce to 200000 microseconds (-22)
[    2.293270] sdhci-omap 48060000.mmc: Got CD GPIO
[    2.297919] sdhci-omap 48060000.mmc: GPIO lookup for consumer wp
[    2.297929] sdhci-omap 48060000.mmc: using device tree for GPIO lookup
[    2.297949] of_get_named_gpiod_flags: can't parse 'wp-gpios' property of node '/ocp/interconnect@48000000/segment@0/target-module@60000/mmc@0[0]'
[    2.297994] of_get_named_gpiod_flags: can't parse 'wp-gpio' property of node '/ocp/interconnect@48000000/segment@0/target-module@60000/mmc@0[0]'
[    2.298034] sdhci-omap 48060000.mmc: using lookup tables for GPIO lookup
[    2.298046] sdhci-omap 48060000.mmc: No GPIO consumer wp found
[    2.298241] sdhci-omap 48060000.mmc: supply pbias not found, using dummy regulator
[    2.306971] sdhci-omap 481d8000.mmc: GPIO lookup for consumer wp
[    2.307002] sdhci-omap 481d8000.mmc: using device tree for GPIO lookup
[    2.307022] of_get_named_gpiod_flags: can't parse 'wp-gpios' property of node '/ocp/interconnect@48000000/segment@100000/target-module@d8000/mmc@0[0]'
[    2.307074] of_get_named_gpiod_flags: can't parse 'wp-gpio' property of node '/ocp/interconnect@48000000/segment@100000/target-module@d8000/mmc@0[0]'
[    2.307112] sdhci-omap 481d8000.mmc: using lookup tables for GPIO lookup
[    2.307123] sdhci-omap 481d8000.mmc: No GPIO consumer wp found
[    2.307702] sdhci-omap 48060000.mmc: supply vqmmc not found, using dummy regulator
[    2.316062] sdhci-omap 481d8000.mmc: supply pbias not found, using dummy regulator
[    2.324193] sdhci-omap 481d8000.mmc: supply vqmmc not found, using dummy regulator
[    2.360982] mmc1: SDHCI controller on 481d8000.mmc [481d8000.mmc] using External DMA
[    2.369784] mmc0: SDHCI controller on 48060000.mmc [48060000.mmc] using External DMA
[    2.378507] cpsw-switch 4a100000.switch: starting ndev. mode: dual_mac
[    2.441223] mmc1: new high speed MMC card at address 0001
[    2.448000] mmcblk1: mmc1:0001 MMC04G 3.60 GiB 
[    2.455524]  mmcblk1: p1 p2
[    2.458955] mmc0: new high speed SDHC card at address aaaa
[    2.466151] mmcblk1boot0: mmc1:0001 MMC04G 2.00 MiB 
[    2.472545] mmcblk0: mmc0:aaaa SE32G 29.7 GiB 
[    2.478880] mmcblk1boot1: mmc1:0001 MMC04G 2.00 MiB 
[    2.486955] mmcblk1rpmb: mmc1:0001 MMC04G 128 KiB, chardev (250:0)
[    2.493669]  mmcblk0: p1 p2
[    2.532101] SMSC LAN8710/LAN8720 4a101000.mdio:00: attached PHY driver (mii_bus:phy_addr=4a101000.mdio:00, irq=POLL)
[    5.681668] cpsw-switch 4a100000.switch eth0: Link is Up - 100Mbps/Full - flow control off
[    5.690055] IPv6: ADDRCONF(NETDEV_CHANGE): eth0: link becomes ready
[    5.720951] IP-Config: Complete:
[    5.724214]      device=eth0, hwaddr=6c:ec:eb:68:de:78, ipaddr=192.168.255.1, mask=255.255.255.0, gw=255.255.255.255
[    5.734828]      host=bbb1, domain=, nis-domain=(none)
[    5.739991]      bootserver=192.168.255.126, rootserver=192.168.255.126, rootpath=
[    5.740382] clk: Disabling unused clocks
[    5.752250] KTAP version 1
[    5.754977] 1..0
[    5.783571] VFS: Mounted root (nfs filesystem) on device 0:16.
[    5.790445] devtmpfs: mounted
[    5.794938] Freeing unused kernel image (initmem) memory: 1024K
[    5.801600] Run /sbin/init as init process
[    5.805726]   with arguments:
[    5.805737]     /sbin/init
[    5.805744]     nfsrootdebug
[    5.805751]   with environment:
[    5.805757]     HOME=/
[    5.805765]     TERM=linux
[    6.482050] systemd[1]: System time before build time, advancing clock.
[    7.950945] random: crng init done
[    8.022078] systemd[1]: systemd 232 running in system mode. (+PAM +AUDIT +SELINUX +IMA +APPARMOR +SMACK +SYSVINIT +UTMP +LIBCRYPTSETUP +GCRYPT +GNUTLS +ACL +XZ +LZ4 +SECCOMP +BLKID +ELFUTILS +KMOD +IDN)
[    8.041248] systemd[1]: Detected architecture arm.
[    8.084262] systemd[1]: Set hostname to <arm>.
[    9.163320] systemd[1]: Listening on udev Kernel Socket.
[    9.201517] systemd[1]: Reached target Remote File Systems.
[    9.242758] systemd[1]: Listening on Journal Socket (/dev/log).
[    9.282855] systemd[1]: Listening on udev Control Socket.
[    9.322702] systemd[1]: Listening on /dev/initctl Compatibility Named Pipe.
[    9.361795] systemd[1]: Started Forward Password Requests to Wall Directory Watch.
[    9.401667] systemd[1]: Listening on Journal Socket.
[   11.705797] systemd-journald[98]: Received request to flush runtime journal from PID 1
[   14.688127] of_get_named_gpiod_flags: parsed 'gpios' property of node '/leds/led2[0]' - status (0)
[   14.688223] gpio gpiochip0: Persistence not supported for GPIO 21
[   14.688235] gpio-21 (?): no flags found for gpios
[   14.688475] of_get_named_gpiod_flags: parsed 'gpios' property of node '/leds/led3[0]' - status (0)
[   14.688514] gpio gpiochip0: Persistence not supported for GPIO 22
[   14.688523] gpio-22 (?): no flags found for gpios
[   14.721631] of_get_named_gpiod_flags: parsed 'gpios' property of node '/leds/led4[0]' - status (0)
[   14.721712] gpio gpiochip0: Persistence not supported for GPIO 23
[   14.721724] gpio-23 (?): no flags found for gpios
[   14.741567] of_get_named_gpiod_flags: parsed 'gpios' property of node '/leds/led5[0]' - status (0)
[   14.741647] gpio gpiochip0: Persistence not supported for GPIO 24
[   14.741661] gpio-24 (?): no flags found for gpios
[   15.070256] remoteproc remoteproc0: wkup_m3 is available
[   15.236416] at24 2-0054: supply vcc not found, using dummy regulator
