Labgrid Console Logfile for main
Logfile started at 2025-02-21 08:54:37.769023
=== Log starts here ===

U-Boot SPL 2014.04-00014-g47880f5 (Apr 22 2014 - 13:23:54)
reading args
spl_load_image_fat_os: error reading image args, err - -1
reading u-boot.img
reading u-boot.img


U-Boot 2014.04-00014-g47880f5 (Apr 22 2014 - 13:23:54)

I2C:   ready
DRAM:  512 MiB
NAND:  0 MiB
MMC:   OMAP SD/MMC: 0, OMAP SD/MMC: 1
*** Warning - readenv() failed, using default environment

Net:   <ethaddr> not set. Validating first E-fuse MAC
cpsw, usb_ether
Hit any key to stop autoboot:  1  0 
gpio: pin 53 (gpio 53) value is 1
mmc0 is current device
gpio: pin 54 (gpio 54) value is 1
SD/MMC found on device 0
reading uEnv.txt
569 bytes read in 3 ms (184.6 KiB/s)
gpio: pin 55 (gpio 55) value is 1
Loaded environment from uEnv.txt
Importing environment from mmc ...
Checking if uenvcmd is set ...
gpio: pin 56 (gpio 56) value is 1
Running uenvcmd ...
cpsw Waiting for PHY auto negotiation to complete. done
link up on port 0, speed 100, full duplex
Using cpsw device
TFTP from server 192.168.255.126; our IP address is 192.168.255.1
Filename 'zImage'.
Load address: 0x81000000
Loading: *#################################################################
	 #################################################################
	 #################################################################
	 #################################################################
	 #################################################################
	 ######################################################
	 2.4 MiB/s
done
Bytes transferred = 5549656 (54ae58 hex)
link up on port 0, speed 100, full duplex
Using cpsw device
TFTP from server 192.168.255.126; our IP address is 192.168.255.1
Filename 'am335x-boneblack.dtb'.
Load address: 0x82000000
Loading: *#######
	 1.3 MiB/s
done
Bytes transferred = 98244 (17fc4 hex)
Kernel image @ 0x81000000 [ 0x000000 - 0x54ae58 ]
## Flattened Device Tree blob at 82000000
   Booting using the fdt blob at 0x82000000
   Using Device Tree in place at 82000000, end 8201afc3

Starting kernel ...

[    0.000000] Booting Linux on physical CPU 0x0
[    0.000000] Linux version 6.14.0-rc3-next-20250221 (user01@drvtest01) (arm-none-eabi-gcc (Arm GNU Toolchain 14.2.Rel1 (Build arm-14.52)) 14.2.1 20241119, GNU ld (Arm GNU Toolchain 14.2.Rel1 (Build arm-14.52)) 2.43.1.20241119) #1 SMP Fri Feb 21 08:53:17 EET 2025
[    0.000000] CPU: ARMv7 Processor [413fc082] revision 2 (ARMv7), cr=10c5387d
[    0.000000] CPU: PIPT / VIPT nonaliasing data cache, VIPT aliasing instruction cache
[    0.000000] OF: fdt: Machine model: TI AM335x BeagleBone Black
[    0.000000] Memory policy: Data cache writeback
[    0.000000] cma: Reserved 16 MiB at 0x00000000
[    0.000000] Zone ranges:
[    0.000000]   Normal   [mem 0x0000000080000000-0x000000009fdfffff]
[    0.000000]   HighMem  empty
[    0.000000] Movable zone start for each node
[    0.000000] Early memory node ranges
[    0.000000]   node   0: [mem 0x0000000080000000-0x000000009fdfffff]
[    0.000000] Initmem setup node 0 [mem 0x0000000080000000-0x000000009fdfffff]
[    0.000000] OF: reserved mem: Reserved memory: No reserved-memory node in the DT
[    0.000000] CPU: All CPU(s) started in SVC mode.
[    0.000000] AM335X ES2.1 (sgx neon)
[    0.000000] percpu: Embedded 17 pages/cpu s39628 r8192 d21812 u69632
[    0.000000] Kernel command line: console=ttyO0,115200n8 root=/dev/nfs rw nfsroot=192.168.255.126:/home/user01/nfs,nfsvers=3 ip=192.168.255.1:192.168.255.126::255.255.255.0:bbb1:eth0 nfsrootdebug
[    0.000000] Unknown kernel command line parameters "nfsrootdebug", will be passed to user space.
[    0.000000] printk: log buffer data + meta data: 65536 + 204800 = 270336 bytes
[    0.000000] Dentry cache hash table entries: 65536 (order: 6, 262144 bytes, linear)
[    0.000000] Inode-cache hash table entries: 32768 (order: 5, 131072 bytes, linear)
[    0.000000] Built 1 zonelists, mobility grouping on.  Total pages: 130560
[    0.000000] mem auto-init: stack:off, heap alloc:off, heap free:off
[    0.000000] SLUB: HWalign=16, Order=0-3, MinObjects=0, CPUs=1, Nodes=1
[    0.000000] rcu: Hierarchical RCU implementation.
[    0.000000] rcu: 	RCU event tracing is enabled.
[    0.000000] rcu: 	RCU restricting CPUs from NR_CPUS=2 to nr_cpu_ids=1.
[    0.000000] 	Tracing variant of Tasks RCU enabled.
[    0.000000] rcu: RCU calculated value of scheduler-enlistment delay is 10 jiffies.
[    0.000000] rcu: Adjusting geometry for rcu_fanout_leaf=16, nr_cpu_ids=1
[    0.000000] RCU Tasks Trace: Setting shift to 0 and lim to 1 rcu_task_cb_adjust=1 rcu_task_cpu_ids=1.
[    0.000000] NR_IRQS: 16, nr_irqs: 16, preallocated irqs: 16
[    0.000000] IRQ: Found an INTC at 0x(ptrval) (revision 5.0) with 128 interrupts
[    0.000000] rcu: srcu_init: Setting srcu_struct sizes based on contention.
[    0.000000] TI gptimer clocksource: always-on /ocp/interconnect@44c00000/segment@200000/target-module@31000
[    0.000003] sched_clock: 32 bits at 24MHz, resolution 41ns, wraps every 89478484971ns
[    0.000027] clocksource: dmtimer: mask: 0xffffffff max_cycles: 0xffffffff, max_idle_ns: 79635851949 ns
[    0.000498] TI gptimer clockevent: 24000000 Hz at /ocp/interconnect@48000000/segment@0/target-module@40000
[    0.002128] Console: colour dummy device 80x30
[    0.002192] WARNING: Your 'console=ttyO0' has been replaced by 'ttyS0'
[    0.002200] This ensures that you still see kernel messages. Please
[    0.002204] update your kernel commandline.
[    0.002245] Calibrating delay loop... 996.14 BogoMIPS (lpj=4980736)
[    0.090547] CPU: Testing write buffer coherency: ok
[    0.090668] CPU0: Spectre v2: using BPIALL workaround
[    0.090678] pid_max: default: 32768 minimum: 301
[    0.090827] LSM: initializing lsm=capability
[    0.091006] Mount-cache hash table entries: 1024 (order: 0, 4096 bytes, linear)
[    0.091026] Mountpoint-cache hash table entries: 1024 (order: 0, 4096 bytes, linear)
[    0.092608] CPU0: thread -1, cpu 0, socket -1, mpidr 0
[    0.092665] cacheinfo: Unable to detect cache hierarchy for CPU 0
[    0.150742] Setting up static identity map for 0x80100000 - 0x80100078
[    0.160699] rcu: Hierarchical SRCU implementation.
[    0.160710] rcu: 	Max phase no-delay instances is 1000.
[    0.180747] smp: Bringing up secondary CPUs ...
[    0.180803] smp: Brought up 1 node, 1 CPU
[    0.180816] SMP: Total of 1 processors activated (996.14 BogoMIPS).
[    0.180827] CPU: All CPU(s) started in SVC mode.
[    0.181018] Memory: 480832K/522240K available (11264K kernel code, 1213K rwdata, 2896K rodata, 1024K init, 288K bss, 23380K reserved, 16384K cma-reserved, 0K highmem)
[    0.181858] devtmpfs: initialized
[    0.199746] VFP support v0.3: implementor 41 architecture 3 part 30 variant c rev 3
[    0.200388] clocksource: jiffies: mask: 0xffffffff max_cycles: 0xffffffff, max_idle_ns: 19112604462750000 ns
[    0.200429] futex hash table entries: 256 (order: 2, 16384 bytes, linear)
[    0.201687] pinctrl core: initialized pinctrl subsystem
[    0.204445] NET: Registered PF_NETLINK/PF_ROUTE protocol family
[    0.207215] DMA: preallocated 256 KiB pool for atomic coherent allocations
[    0.208146] audit: initializing netlink subsys (disabled)
[    0.209512] thermal_sys: Registered thermal governor 'fair_share'
[    0.209526] thermal_sys: Registered thermal governor 'step_wise'
[    0.209535] thermal_sys: Registered thermal governor 'user_space'
[    0.209683] audit: type=2000 audit(0.200:1): state=initialized audit_enabled=0 res=1
[    0.209721] cpuidle: using governor menu
[    0.227882] /ocp/interconnect@44c00000/segment@200000/target-module@b000/i2c@0/tda19988@70: Fixed dependency cycle(s) with /ocp/interconnect@48000000/segment@300000/target-module@e000/lcdc@0
[    0.228985] /ocp/interconnect@48000000/segment@300000/target-module@e000/lcdc@0: Fixed dependency cycle(s) with /ocp/interconnect@44c00000/segment@200000/target-module@b000/i2c@0/tda19988@70
[    0.231383] No ATAGs?
[    0.231429] hw-breakpoint: debug architecture 0x4 unsupported.
[    0.234131] kprobes: kprobe jump-optimization is enabled. All kprobes are optimized if possible.
[    0.243969] iommu: Default domain type: Translated
[    0.243991] iommu: DMA domain TLB invalidation policy: strict mode
[    0.251570] SCSI subsystem initialized
[    0.252442] pps_core: LinuxPPS API ver. 1 registered
[    0.252453] pps_core: Software ver. 5.3.6 - Copyright 2005-2007 Rodolfo Giometti <giometti@linux.it>
[    0.252477] PTP clock support registered
[    0.260788] vgaarb: loaded
[    0.261152] clocksource: Switched to clocksource dmtimer
[    0.261808] VFS: Disk quotas dquot_6.6.0
[    0.261862] VFS: Dquot-cache hash table entries: 1024 (order 0, 4096 bytes)
[    0.285552] NET: Registered PF_INET protocol family
[    0.285898] IP idents hash table entries: 8192 (order: 4, 65536 bytes, linear)
[    0.287320] tcp_listen_portaddr_hash hash table entries: 512 (order: 0, 4096 bytes, linear)
[    0.287356] Table-perturb hash table entries: 65536 (order: 6, 262144 bytes, linear)
[    0.287376] TCP established hash table entries: 4096 (order: 2, 16384 bytes, linear)
[    0.287419] TCP bind hash table entries: 4096 (order: 4, 65536 bytes, linear)
[    0.287518] TCP: Hash tables configured (established 4096 bind 4096)
[    0.287635] UDP hash table entries: 256 (order: 1, 14336 bytes, linear)
[    0.287671] UDP-Lite hash table entries: 256 (order: 1, 14336 bytes, linear)
[    0.287867] NET: Registered PF_UNIX/PF_LOCAL protocol family
[    0.291993] RPC: Registered named UNIX socket transport module.
[    0.292016] RPC: Registered udp transport module.
[    0.292021] RPC: Registered tcp transport module.
[    0.292025] RPC: Registered tcp-with-tls transport module.
[    0.292030] RPC: Registered tcp NFSv4.1 backchannel transport module.
[    0.292056] PCI: CLS 0 bytes, default 64
[    0.293499] Initialise system trusted keyrings
[    0.302058] workingset: timestamp_bits=14 max_order=17 bucket_order=3
[    0.303450] NFS: Registering the id_resolver key type
[    0.303520] Key type id_resolver registered
[    0.303527] Key type id_legacy registered
[    0.303640] jffs2: version 2.2. (NAND) (SUMMARY)  Â© 2001-2006 Red Hat, Inc.
[    0.304064] Key type asymmetric registered
[    0.304080] Asymmetric key parser 'x509' registered
[    0.304145] io scheduler mq-deadline registered
[    0.304155] io scheduler kyber registered
[    0.304231] io scheduler bfq registered
[    0.305829] ledtrig-cpu: registered to indicate activity on CPUs
[    0.312198] Serial: 8250/16550 driver, 6 ports, IRQ sharing enabled
[    0.350662] brd: module loaded
[    0.369218] loop: module loaded
[    0.370138] mtdoops: mtd device (mtddev=name/number) must be supplied
[    0.373429] i2c_dev: i2c /dev entries driver
[    0.374411] cpuidle: enable-method property 'ti,am3352' found operations
[    0.374861] sdhci: Secure Digital Host Controller Interface driver
[    0.374870] sdhci: Copyright(c) Pierre Ossman
[    0.375044] sdhci-pltfm: SDHCI platform and OF driver helper
[    0.376059] Initializing XFRM netlink socket
[    0.376235] NET: Registered PF_INET6 protocol family
[    0.389011] Segment Routing with IPv6
[    0.389097] In-situ OAM (IOAM) with IPv6
[    0.389202] sit: IPv6, IPv4 and MPLS over IPv4 tunneling driver
[    0.390159] NET: Registered PF_PACKET protocol family
[    0.390193] NET: Registered PF_KEY protocol family
[    0.390303] Key type dns_resolver registered
[    0.390530] ThumbEE CPU extension supported.
[    0.390549] Registering SWP/SWPB emulation handler
[    0.391093] omap_voltage_late_init: Voltage driver support not added
[    0.391602] SmartReflex Class3 initialized
[    0.414697] Loading compiled-in X.509 certificates
[    0.453638] /ocp/interconnect@44c00000/segment@200000/target-module@b000/i2c@0/tda19988@70: Fixed dependency cycle(s) with /ocp/interconnect@48000000/segment@300000/target-module@e000/lcdc@0
[    0.460002] /ocp/interconnect@44c00000/segment@200000/target-module@b000/i2c@0/tda19988@70: Fixed dependency cycle(s) with /ocp/interconnect@48000000/segment@300000/target-module@e000/lcdc@0
[    0.486033] /ocp/interconnect@44c00000/segment@200000/target-module@b000/i2c@0/tda19988@70: Fixed dependency cycle(s) with /ocp/interconnect@48000000/segment@300000/target-module@e000/lcdc@0
[    0.486904] /ocp/interconnect@44c00000/segment@200000/target-module@b000/i2c@0/tda19988@70: Fixed dependency cycle(s) with /ocp/interconnect@48000000/segment@300000/target-module@e000/lcdc@0
[    0.490296] /ocp/interconnect@44c00000/segment@200000/target-module@10000/scm@0/pinmux@800: Fixed dependency cycle(s) with /ocp/interconnect@44c00000/segment@200000/target-module@10000/scm@0/pinmux@800/clkout2-pins
[    0.490898] pinctrl-single 44e10800.pinmux: 142 pins, size 568
[    0.496399] ti-sysc 44e31000.target-module: probe with driver ti-sysc failed with error -16
[    0.532913] /ocp/interconnect@48000000/segment@300000/target-module@e000/lcdc@0: Fixed dependency cycle(s) with /ocp/interconnect@44c00000/segment@200000/target-module@b000/i2c@0/tda19988@70
[    0.540810] ti-sysc 48040000.target-module: probe with driver ti-sysc failed with error -16
[    0.573700] OMAP GPIO hardware version 0.1
[    0.612456] omap_i2c 4819c000.i2c: bus 2 rev0.11 at 100 kHz
[    0.650168] 48000000.interconnect:segment@200000:target-module@0:mpu@0:fck: device ID is greater than 24
[    0.651035] /ocp/interconnect@48000000/segment@300000/target-module@e000/lcdc@0: Fixed dependency cycle(s) with /ocp/interconnect@44c00000/segment@200000/target-module@b000/i2c@0/tda19988@70
[    0.654115] /ocp/interconnect@48000000/segment@300000/target-module@e000/lcdc@0: Fixed dependency cycle(s) with /ocp/interconnect@44c00000/segment@200000/target-module@b000/i2c@0/tda19988@70
[    0.654818] /ocp/interconnect@44c00000/segment@200000/target-module@b000/i2c@0/tda19988@70: Fixed dependency cycle(s) with /ocp/interconnect@48000000/segment@300000/target-module@e000/lcdc@0
[    0.654991] /ocp/interconnect@48000000/segment@300000/target-module@e000/lcdc@0: Fixed dependency cycle(s) with /ocp/interconnect@44c00000/segment@200000/target-module@b000/i2c@0/tda19988@70
[    0.665964] sdhci-omap 481d8000.mmc: supply pbias not found, using dummy regulator
[    0.666461] sdhci-omap 481d8000.mmc: supply vqmmc not found, u sing dummy regulator
[    0.713928] davinci_mdio 4a101000.mdio: davinci mdio revision 1.6, bus freq 1000000
[    0.861902] davinci_mdio 4a101000.mdio: phy[0]: device 4a101000.mdio:00, driver SMSC LAN8710/LAN8720
[    0.862702] cpsw-switch 4a100000.switcsize 256) hw_ver:0019010C 1.12 (0)
[    0.875727] debugfs: Directory '49000000.dma' with parent 'dmaengine' already present!
[    0.875767] edma 49000000.dma: TI EDMA DMA engine driver
[    0.906765] target-module@4b000000:target-module@140000:pmu@0:fck: device ID is greater than 24
[    0.919328] hw perfevents: enabled with armv7_cortex_a8 PMU driver, 5 (8000000f) counters available
[    0.927209] l3-aon-clkctrl:0000:0: failed to disable
[    0.937722] 44e09000.serial: ttyS0 at MMIO 0x44e09000 (irq = 34, base_baud = 3000000) is a 8250
[    0.937812] printk: legacy console [ttyS0] enabled
[    2.452147] tps65217-pmic: Failed to locate of_node [id: -1]
[    2.458200] tps65217-bl: Failed to locate of_node [id: -1]
[    2.469518] tps65217 0-0024: TPS65217 ID 0xe version 1.2
[    2.475659] /ocp/interconnect@48000000/segment@300000/target-module@e000/lcdc@0: Fixed dependency cycle(s) with /ocp/interconnect@44c00000/segment@200000/target-module@b000/i2c@0/tda19988@70
[    2.493047] /ocp/interconnect@44c00000/segment@200000/target-module@b000/i2c@0/tda19988@70: Fixed dependency cycle(s) with /ocp/interconnect@48000000/segment@300000/target-module@e000/lcdc@0
[    2.510428] omap_i2c 44e0b000.i2c: bus 0 rev0.11 at 400 kHz
[    2.518423] omap_gpio 44e07000.gpio: Could not set line 6 debounce to 200000 microseconds (-22)
[    2.527306] sdhci-omap 48060000.mmc: Got CD GPIO
[    2.532340] sdhci-omap 48060000.mmc: supply pbias not found, using dummy regulator
[    2.542346] sdhci-omap 48060000.mmc: supply vqmmc not found, using dummy regulator
[    2.551306] sdhci-omap 481d8000.mmc: supply pbias not found, using dummy regulator
[    2.559332] sdhci-omap 481d8000.mmc: supply vqmmc not found, using dummy regulator
[    2.597967] mmc1: SDHCI controller on 481d8000.mmc [481d8000.mmc] using External DMA
[    2.607005] mmc0: SDHCI controller on 48060000.mmc [48060000.mmc] using External DMA
[    2.615909] cpsw-switch 4a100000.switch: starting ndev. mode: dual_mac
[    2.660425] mmc0: new high speed SDHC card at address 5048
[    2.667511] mmcblk0: mmc0:5048 SD16G 14.4 GiB
[    2.675582]  mmcblk0: p1 p2
[    2.678973] mmcblk0: p2 size 31221760 extends beyond EOD, truncated
[    2.692427] SMSC LAN8710/LAN8720 4a101000.mdio:00: attached PHY driver (mii_bus:phy_addr=4a101000.mdio:00, irq=POLL)
[    2.705021] mmc1: new high speed MMC card at address 0001
[    2.711995] mmcblk1: mmc1:0001 MMC04G 3.60 GiB
[    2.723675]  mmcblk1: p1 p2
[    2.727933] mmcblk1boot0: mmc1:0001 MMC04G 2.00 MiB
[    2.735124] mmcblk1boot1: mmc1:0001 MMC04G 2.00 MiB
[    2.742515] mmcblk1rpmb: mmc1:0001 MMC04G 128 KiB, chardev (250:0)
[    5.841933] cpsw-switch 4a100000.switch eth0: Link is Up - 100Mbps/Full - flow control off
[    5.881412] IP-Config: Complete:
[    5.884686]      device=eth0, hwaddr=6c:ec:eb:68:de:78, ipaddr=192.168.255.1, mask=255.255.255.0, gw=255.255.255.255
[    5.895354]      host=bbb1, domain=, nis-domain=(none)
[    5.900524]      bootserver=192.168.255.126, rootserver=192.168.255.126, rootpath=
[    5.900943] clk: Disabling unused clocks
[    5.912778] PM: genpd: Disabling unused power domains
[    5.917899] KTAP version 1
[    5.920620] 1..0
[    5.945058] VFS: Mounted root (nfs filesystem) on device 0:17.
[    5.951949] devtmpfs: mounted
[    5.956409] Freeing unused kernel image (initmem) memory: 1024K
[    5.963376] Run /sbin/init as init process
[    6.662392] systemd[1]: System time before build time, advancing clock.
[    8.121174] random: crng init done
[    8.161586] systemd[1]: systemd 232 running in system mode. (+PAM +AUDIT +SELINUX +IMA +APPARMOR +SMACK +SYSVINIT +UTMP +LIBCRYPTSETUP +GCRYPT +GNUTLS +ACL +XZ +LZ4 +SECCOMP +BLKID +ELFUTILS +KMOD +IDN)
[    8.180507] systemd[1]: Detected architecture arm.

Welcome to [1mDebian GNU/Linux 9 (stretch)[0m!

[    8.214289] systemd[1]: Set hostname to <arm>.
[    9.310103] systemd[1]: Listening on Journal Socket (/dev/log).
[[0;32m  OK  [0m] Listening on Journal Socket (/dev/log).
[    9.332764] systemd[1]: Created slice System Slice.
[[0;32m  OK  [0m] Created slice System Slice.
[    9.391764] systemd[1]: Mounting POSIX Message Queue File System...
         Mounting POSIX Message Queue File System...
[    9.423991] systemd[1]: Started Forward Password Requests to Wall Directory Watch.
[[0;32m  OK  [0m] Started Forward Password Requests to Wall Directory Watch.
[    9.453314] systemd[1]: Listening on Journal Socket.
[[0;32m  OK  [0m] Listening on Journal Socket.
[    9.485226] systemd[1]: Set up automount Arbitrary Executable File Formats File System Automount Point.
[[0;32m  OK  [0m] Set up automount Arbitrary Executabâ€¦rmats File System Automount Point.
[    9.542344] systemd[1]: dev-hugepages.mount: Couldn't determine result for ConditionVirtualization=!private-users, assuming failed: No such file or directory
         Starting Create list of required stâ€¦ce nodes for the current kernel...
[[0;32m  OK  [0m] Listening on Journal Audit Socket.
[[0;32m  OK  [0m] Listening on /dev/initctl Compatibility Named Pipe.
[[0;32m  OK  [0m] Created slice User and Session Slice.
[[0;32m  OK  [0m] Reached target Slices.
[[0;32m  OK  [0m] Listening on udev Kernel Socket.
[[0;32m  OK  [0m] Listening on Syslog Socket.
         Starting Journal Service...
         Starting Load Kernel Modules...
[[0;32m  OK  [0m] Reached target Swap.
         Mounting Debug File System...
[[0;32m  OK  [0m] Created slice system-serial\x2dgetty.slice.
[[0;32m  OK  [0m] Reached target Remote File Systems.
         Starting Remount Root and Kernel File Systems...
[[0;32m  OK  [0m] Listening on udev Control Socket.
[[0;32m  OK  [0m] Started Dispatch Password Requests to Console Directory Watch.
[[0;32m  OK  [0m] Reached target Paths.
[[0;32m  OK  [0m] Reached target Encrypted Volumes.
[[0;32m  OK  [0m] Created slice system-getty.slice.
[[0;32m  OK  [0m] Mounted POSIX Message Queue File System.
[[0;32m  OK  [0m] Mounted Debug File System.
[[0;32m  OK  [0m] Started Create list of required staâ€¦vice nodes for the current kernel.
[[0;32m  OK  [0m] Started Load Kernel Modules.
[[0;32m  OK  [0m] Started Remount Root and Kernel File Systems.
         Starting udev Coldplug all Devices...
         Starting Load/Save Random Seed...
         Starting Apply Kernel Variables...
         Mounting Configuration File System...
         Starting Create Static Device Nodes in /dev...
[[0;32m  OK  [0m] Mounted Configuration File System.
[[0;32m  OK  [0m] Started Load/Save Random Seed.
[[0;32m  OK  [0m] Started Apply Kernel Variables.
[[0;32m  OK  [0m] Started Journal Service.
         Starting Flush Journal to Persistent Storage...
[[0;32m  OK  [0m] Started Create Static Device Nodes in /dev.
[[0;32m  OK  [0m] Reached target Local File Systems (Pre).[   11.178580] systemd-journald[85]: Received request to flush runtime journal from PID 1

[[0;32m  OK  [0m] Reached target Local File Systems.
         Starting Raise network interfaces...
         Starting udev Kernel Device Manager...
[[0;32m  OK  [0m] Started Flush Journal to Persistent Storage.
         Starting Create Volatile Files and Directories...
[[0;32m  OK  [0m] Started udev Kernel Device Manager.
[[0;32m  OK  [0m] Started Create Volatile Files and Directories.
         Starting Update UTMP about System Boot/Shutdown...
         Starting Network Time Synchronization...
[[0;32m  OK  [0m] Started Update UTMP about System Boot/Shutdown.
[[0;32m  OK  [0m] Started udev Coldplug all Devices.
[[0;32m  OK  [0m] Started Network Time Synchronization.
[[0;32m  OK  [0m] Reached target System Time Synchronized.
[[0;32m  OK  [0m] Reached target System Initialization.
[[0;32m  OK  [0m] Started Daily apt download activities.
[[0;32m  OK  [0m] Listening on D-Bus System Message Bus Socket.
[[0;32m  OK  [0m] Started Daily apt upgrade and clean activities.
[[0;32m  OK  [0m] Started Daily Cleanup of Temporary Directories.
[[0;32m  OK  [0m] Reached target Timers.
[[0;32m  OK  [0m] Listening on Avahi mDNS/DNS-SD Stack Activation Socket.
[[0;32m  OK  [0m] Reached target Sockets.
[[0;32m  OK  [0m] Reached target Basic System.
         Starting Generic Board Startup...
         Starting Login Service...
[   14.761691] remoteproc remoteproc0: wkup_m3 is available
         Starting System Logging Service...
         Starting Telephony service...
         Starting DUN service...
[   15.170300] am335x-phy-driver 47401300.usb-phy: dummy supplies not allowed for exclusive requests (id=vbus)
[   15.220490] usbcore: registered new interface driver usbfs
[   15.226357] usbcore: registered new interface driver hub
[   15.231879] usbcore: registered new device driver usb
[   15.267278] at24 2-0054: supply vcc not found, using dummy regulator
[   15.378087] at24 2-0055: supply vcc not found, using dummy regulator
[   15.428078] am335x-phy-driver 47401b00.usb-phy: dummy supplies not allowed for exclusive requests (id=vbus)
[   15.519762] at24 2-0056: supply vcc not found, using dummy regulator
[[0;32m  OK  [0m] Started Regular background program processing daemon.
[   15.608660] at24 2-0057: supply vcc not found, using dummy regulator
[[0;32m  OK  [0m] Started D-Bus System Message Bus.
[   15.670807] tps6521x_pwrbutton tps65217-pwrbutton: DMA mask not set
[   15.830803] input: tps65217_pwrbutton as /devices/platform/ocp/44c00000.interconnect/44c00000.interconnect:segment@200000/44e0b000.target-module/44e0b000.i2c/i2c-0/0-0024/tps65217-pwrbutton/input/input0
[   15.952251] at24 0-0050: 32768 byte 24c256 EEPROM, writable, 1 bytes/write
[   16.118422] musb-hdrc musb-hdrc.1: MUSB HDRC host driver
[   16.124069] musb-hdrc musb-hdrc.1: new USB bus registered, assigned bus number 1
[   16.332219] usb usb1: New USB device found, idVendor=1d6b, idProduct=0002, bcdDevice= 6.14
[   16.341969] usb usb1: New USB device strings: Mfr=3, Product=2, SerialNumber=1
[   16.349250] usb usb1: Product: MUSB HDRC host driver
[   16.355531] usb usb1: Manufacturer: Linux 6.14.0-rc3-next-20250221 musb-hcd
[   16.362713] usb usb1: SerialNumber: musb-hdrc.1
[   16.409880] wkup_m3_ipc 44e11324.wkup_m3_ipc: IPC Request for A8->M3 Channel failed! -517
[   16.712106] hub 1-0:1.0: USB hub found
[   16.762519] hub 1-0:1.0: 1 port detected
[   16.812779] wkup_m3_ipc 44e11324.wkup_m3_ipc: IPC Request for A8->M3 Channel failed! -517
[   16.863403] omap_rtc 44e3e000.rtc: registered as rtc0
[   16.868585] omap_rtc 44e3e000.rtc: setting system clock to 2000-01-01T00:00:00 UTC (946684800)
[   16.982201] wkup_m3_ipc 44e11324.wkup_m3_ipc: IPC Request for A8->M3 Channel failed! -517
[   17.194746] omap_wdt: OMAP Watchdog Timer Rev 0x01: initial timeout 60 sec
[   17.208015] wkup_m3_ipc 44e11324.wkup_m3_ipc: IPC Request for A8->M3 Channel failed! -517
[   17.834617] tda998x 0-0070: found TDA19988
[   17.875273] omap-mailbox 480c8000.mailbox: omap mailbox rev 0x400
[   17.944150] remoteproc remoteproc0: powering up wkup_m3
[   18.119894] remoteproc remoteproc0: Direct firmware load for am335x-pm-firmware.elf failed with error -2
[   18.129699] remoteproc remoteproc0: request_firmware failed: -2
[   18.135764] wkup_m3_ipc 44e11324.wkup_m3_ipc: rproc_boot failed
[   19.898018] tilcdc 4830e000.lcdc: bound 0-0070 (ops tda998x_audio_codec_init [tda998x])
[   19.925832] omap_rng 48310000.rng: Random Number Generator ver. 20
[   20.036560] [drm] Initialized tilcdc 1.0.0 for 4830e000.lcdc on minor 0
[   20.131621] tilcdc 4830e000.lcdc: [drm] Cannot find any crtc or sizes
[   20.139554] tilcdc 4830e000.lcdc: [drm] Cannot find any crtc or sizes
[[0;32m  OK  [0m] Started Telephony service.
[[0;32m  OK  [0m] Started DUN service.
         Starting Connection service...
         Starting LSB: Load kernel modules needed to enable cpufreq scaling...
         Starting Avahi mDNS/DNS-SD Stack...
         Starting Cape Manager Service...
         Starting LSB: Start busybox udhcpd at boot time...
[   21.354737] omap-sham 53100000.sham: hw accel on OMAP rev 4.3
[[0;32m  OK  [0m] Started System Logging Service.
[   21.486729] omap-sham 53100000.sham: will run requests pump with realtime priority
[   21.549152] PM: Cannot get wkup_m3_ipc handle
[   21.565643] omap-aes 53500000.aes: OMAP AES hw accel rev: 3.2
[   21.741389] omap-aes 53500000.aes: will run requests pump with realtime priority
[   21.752570] PM: Cannot get wkup_m3_ipc handle
[[0;32m  OK  [0m] Found device /dev/ttyS0.
[   22.978701] Bluetooth: Core ver 2.22
[   22.982735] NET: Registered PF_BLUETOOTH protocol family
[   22.988086] Bluetooth: HCI device and connection manager initialized
[   22.994599] Bluetooth: HCI socket layer initialized
[   22.999513] Bluetooth: L2CAP socket layer initialized
[   23.004681] Bluetooth: SCO socket layer initialized
[[0;32m  OK  [0m] Started Cape Manager Service.
[   25.657857] PM: Cannot get wkup_m3_ipc handle
[   25.717733] gpio-537 (nxp,calib): gpiod_direction_output_nonotify: tried to set a GPIO tied to an IRQ as output
[   25.789584] PM: Cannot get wkup_m3_ipc handle
[   25.998646] tda9950 0-0034: TDA9950 CEC interface, hardware version 3.3
[   26.076331] PM: Cannot get wkup_m3_ipc handle
[[0;32m  OK  [0m] Started LSB: Start busybox udhcpd at boot time.
[   27.978505] configfs-gadget.g_multi gadget.0: HOST MAC 1c:ba:8c:a2:ed:6c
[   27.985526] configfs-gadget.g_multi gadget.0: MAC 1c:ba:8c:a2:ed:70
[   27.992951] configfs-gadget.g_multi gadget.0: HOST MAC 1c:ba:8c:a2:ed:6c
[   27.999715] configfs-gadget.g_multi gadget.0: MAC 1c:ba:8c:a2:ed:6d
[   28.006989] PM: Cannot get wkup_m3_ipc handle
[[0;32m  OK  [0m] Started Raise network interfaces.
[[0;32m  OK  [0m] Started LSB: Load kernel modules needed to enable cpufreq scaling.
[[0;32m  OK  [0m] Started Avahi mDNS/DNS-SD Stack.
[[0;32m  OK  [0m] Started Connection service.
[[0;32m  OK  [0m] Started Login Service.
[[0;32m  OK  [0m] Reached target Sound Card.
         Starting LSB: set CPUFreq kernel parameters...
[[0;32m  OK  [0m] Reached target Network.
         Starting OpenBSD Secure Shell server...
         Starting Permit User Sessions...
         Starting The Apache HTTP Server...
[[0;32m  OK  [0m] Reached target Network is Online.
         Starting LSB: Advanced IEEE 802.11 management daemon...
[[0;32m  OK  [0m] Started Permit User Sessions.
[[0;32m  OK  [0m] Started LSB: Advanced IEEE 802.11 management daemon.
         Starting Hostname Service...
         Starting WPA supplicant...
[[0;32m  OK  [0m] Started Getty on tty1.
[[0;32m  OK  [0m] Started Serial Getty on ttyS0.
[[0;32m  OK  [0m] Reached target Login Prompts.
[[0;32m  OK  [0m] Started LSB: set CPUFreq kernel parameters.
[[0;32m  OK  [0m] Started WPA supplicant.
[[0;32m  OK  [0m] Started Hostname Service.
         Stopping LSB: Start busybox udhcpd at boot time...
[[0;32m  OK  [0m] Started OpenBSD Secure Shell server.
[[0;32m  OK  [0m] Stopped LSB: Start busybox udhcpd at boot time.
         Starting dnsmasq - A lightweight DHCP and caching DNS server...
[[0;32m  OK  [0m] Started The Apache HTTP Server.
[[0;32m  OK  [0m] Started dnsmasq - A lightweight DHCP and caching DNS server.
[[0;32m  OK  [0m] Reached target Host and Network Name Lookups.
[[0;32m  OK  [0m] Started Serial Getty on ttyGS0.
[[0;32m  OK  [0m] Started Generic Board Startup.
[[0;32m  OK  [0m] Reached target Multi-User System.
[[0;32m  OK  [0m] Reached target Graphical Interface.
         Starting Update UTMP about System Runlevel Changes...
[[0;32m  OK  [0m] Started Update UTMP about System Runlevel Changes.

Debian GNU/Linux 9 arm ttyS0

default username:password is [debian:temppwd]

arm login: root
Password: 
Last login: Sat Jan  1 00:00:28 UTC 2000 on ttyS0
root
Linux arm 6.14.0-rc3-next-20250221 #1 SMP Fri Feb 21 08:53:17 EET 2025 armv7l

The programs included with the Debian GNU/Linux system are free software;
the exact distribution terms for each program are described in the
individual files in /usr/share/doc/*/copyright.

Debian GNU/Linux comes with ABSOLUTELY NO WARRANTY, to the extent
permitted by applicable law.
root@arm:~# root
-bash: root: command not found
root@arm:~# dmesg -n 1
echo 'YBSC''UOTOFB'
root@arm:~# echo 'YBSC''UOTOFB'
YBSCUOTOFB
root@arm:~# run() { echo -n "$MARKER"; sh -c "$@"; echo "$MARKER $?"; }
root@arm:~# echo 'HTVP''NULJBK'
HTVPNULJBK
root@arm:~# MARKER='ZFUX''JFZNQZ' run 'cat /proc/version'
ZFUXJFZNQZLinux version 6.14.0-rc3-next-20250221 (user01@drvtest01) (arm-none-eabi-gcc (Arm GNU Toolchain 14.2.Rel1 (Build arm-14.52)) 14.2.1 20241119, GNU ld (Arm GNU Toolchain 14.2.Rel1 (Build arm-14.52)) 2.43.1.20241119) #1 SMP Fri Feb 21 08:53:17 EET 2025
ZFUXJFZNQZ 0
root@arm:~# echo 'UQEG''JNOXUB'
UQEGJNOXUB
root@arm:~# MARKER='HEUK''SWMYQS' run false
HEUKSWMYQSHEUKSWMYQS 1
root@arm:~# Labgrid Console Logfile for main
Logfile started at 2025-02-21 08:55:35.426993
=== Log starts here ===

root@arm:~# run() { echo -n "$MARKER"; sh -c "$@"; echo "$MARKER $?"; }
root@arm:~# echo 'FWZM''XULFFU'
FWZMXULFFU
root@arm:~# MARKER='MVAQ''QGBSKP' run 'ls /iio_generic_buffer; echo $?'
MVAQQGBSKP/iio_generic_buffer
0
MVAQQGBSKP 0
root@arm:~# Labgrid Console Logfile for main
Logfile started at 2025-02-21 08:55:38.833767
=== Log starts here ===

root@arm:~# run() { echo -n "$MARKER"; sh -c "$@"; echo "$MARKER $?"; }
root@arm:~# echo 'OTJN''CHXQTJ'
OTJNCHXQTJ
root@arm:~# MARKER='NUQO''HTVZYL' run dmesg
NUQOHTVZYL[    0.000000] Booting Linux on physical CPU 0x0
[    0.000000] Linux version 6.14.0-rc3-next-20250221 (user01@drvtest01) (arm-none-eabi-gcc (Arm GNU Toolchain 14.2.Rel1 (Build arm-14.52)) 14.2.1 20241119, GNU ld (Arm GNU Toolchain 14.2.Rel1 (Build arm-14.52)) 2.43.1.20241119) #1 SMP Fri Feb 21 08:53:17 EET 2025
[    0.000000] CPU: ARMv7 Processor [413fc082] revision 2 (ARMv7), cr=10c5387d
[    0.000000] CPU: PIPT / VIPT nonaliasing data cache, VIPT aliasing instruction cache
[    0.000000] OF: fdt: Machine model: TI AM335x BeagleBone Black
[    0.000000] Memory policy: Data cache writeback
[    0.000000] cma: Reserved 16 MiB at 0x00000000
[    0.000000] Zone ranges:
[    0.000000]   Normal   [mem 0x0000000080000000-0x000000009fdfffff]
[    0.000000]   HighMem  empty
[    0.000000] Movable zone start for each node
[    0.000000] Early memory node ranges
[    0.000000]   node   0: [mem 0x0000000080000000-0x000000009fdfffff]
[    0.000000] Initmem setup node 0 [mem 0x0000000080000000-0x000000009fdfffff]
[    0.000000] OF: reserved mem: Reserved memory: No reserved-memory node in the DT
[    0.000000] CPU: All CPU(s) started in SVC mode.
[    0.000000] AM335X ES2.1 (sgx neon)
[    0.000000] percpu: Embedded 17 pages/cpu s39628 r8192 d21812 u69632
[    0.000000] pcpu-alloc: s39628 r8192 d21812 u69632 alloc=17*4096
[    0.000000] pcpu-alloc: [0] 0 
[    0.000000] Kernel command line: console=ttyO0,115200n8 root=/dev/nfs rw nfsroot=192.168.255.126:/home/user01/nfs,nfsvers=3 ip=192.168.255.1:192.168.255.126::255.255.255.0:bbb1:eth0 nfsrootdebug
[    0.000000] Unknown kernel command line parameters "nfsrootdebug", will be passed to user space.
[    0.000000] printk: log buffer data + meta data: 65536 + 204800 = 270336 bytes
[    0.000000] Dentry cache hash table entries: 65536 (order: 6, 262144 bytes, linear)
[    0.000000] Inode-cache hash table entries: 32768 (order: 5, 131072 bytes, linear)
[    0.000000] Built 1 zonelists, mobility grouping on.  Total pages: 130560
[    0.000000] mem auto-init: stack:off, heap alloc:off, heap free:off
[    0.000000] SLUB: HWalign=16, Order=0-3, MinObjects=0, CPUs=1, Nodes=1
[    0.000000] rcu: Hierarchical RCU implementation.
[    0.000000] rcu: 	RCU event tracing is enabled.
[    0.000000] rcu: 	RCU restricting CPUs from NR_CPUS=2 to nr_cpu_ids=1.
[    0.000000] 	Tracing variant of Tasks RCU enabled.
[    0.000000] rcu: RCU calculated value of scheduler-enlistment delay is 10 jiffies.
[    0.000000] rcu: Adjusting geometry for rcu_fanout_leaf=16, nr_cpu_ids=1
[    0.000000] RCU Tasks Trace: Setting shift to 0 and lim to 1 rcu_task_cb_adjust=1 rcu_task_cpu_ids=1.
[    0.000000] NR_IRQS: 16, nr_irqs: 16, preallocated irqs: 16
[    0.000000] IRQ: Found an INTC at 0x(ptrval) (revision 5.0) with 128 interrupts
[    0.000000] rcu: srcu_init: Setting srcu_struct sizes based on contention.
[    0.000000] TI gptimer clocksource: always-on /ocp/interconnect@44c00000/segment@200000/target-module@31000
[    0.000003] sched_clock: 32 bits at 24MHz, resolution 41ns, wraps every 89478484971ns
[    0.000027] clocksource: dmtimer: mask: 0xffffffff max_cycles: 0xffffffff, max_idle_ns: 79635851949 ns
[    0.000498] TI gptimer clockevent: 24000000 Hz at /ocp/interconnect@48000000/segment@0/target-module@40000
[    0.002128] Console: colour dummy device 80x30
[    0.002192] WARNING: Your 'console=ttyO0' has been replaced by 'ttyS0'
[    0.002200] This ensures that you still see kernel messages. Please
[    0.002204] update your kernel commandline.
[    0.002245] Calibrating delay loop... 996.14 BogoMIPS (lpj=4980736)
[    0.090547] CPU: Testing write buffer coherency: ok
[    0.090668] CPU0: Spectre v2: using BPIALL workaround
[    0.090678] pid_max: default: 32768 minimum: 301
[    0.090827] LSM: initializing lsm=capability
[    0.091006] Mount-cache hash table entries: 1024 (order: 0, 4096 bytes, linear)
[    0.091026] Mountpoint-cache hash table entries: 1024 (order: 0, 4096 bytes, linear)
[    0.092608] CPU0: thread -1, cpu 0, socket -1, mpidr 0
[    0.092665] cacheinfo: Unable to detect cache hierarchy for CPU 0
[    0.150742] Setting up static identity map for 0x80100000 - 0x80100078
[    0.160699] rcu: Hierarchical SRCU implementation.
[    0.160710] rcu: 	Max phase no-delay instances is 1000.
[    0.180747] smp: Bringing up secondary CPUs ...
[    0.180803] smp: Brought up 1 node, 1 CPU
[    0.180816] SMP: Total of 1 processors activated (996.14 BogoMIPS).
[    0.180827] CPU: All CPU(s) started in SVC mode.
[    0.181018] Memory: 480832K/522240K available (11264K kernel code, 1213K rwdata, 2896K rodata, 1024K init, 288K bss, 23380K reserved, 16384K cma-reserved, 0K highmem)
[    0.181858] devtmpfs: initialized
[    0.199746] VFP support v0.3: implementor 41 architecture 3 part 30 variant c rev 3
[    0.200388] clocksource: jiffies: mask: 0xffffffff max_cycles: 0xffffffff, max_idle_ns: 19112604462750000 ns
[    0.200429] futex hash table entries: 256 (order: 2, 16384 bytes, linear)
[    0.201687] pinctrl core: initialized pinctrl subsystem
[    0.204445] NET: Registered PF_NETLINK/PF_ROUTE protocol family
[    0.207215] DMA: preallocated 256 KiB pool for atomic coherent allocations
[    0.208146] audit: initializing netlink subsys (disabled)
[    0.209512] thermal_sys: Registered thermal governor 'fair_share'
[    0.209526] thermal_sys: Registered thermal governor 'step_wise'
[    0.209535] thermal_sys: Registered thermal governor 'user_space'
[    0.209683] audit: type=2000 audit(0.200:1): state=initialized audit_enabled=0 res=1
[    0.209721] cpuidle: using governor menu
[    0.227882] /ocp/interconnect@44c00000/segment@200000/target-module@b000/i2c@0/tda19988@70: Fixed dependency cycle(s) with /ocp/interconnect@48000000/segment@300000/target-module@e000/lcdc@0
[    0.228985] /ocp/interconnect@48000000/segment@300000/target-module@e000/lcdc@0: Fixed dependency cycle(s) with /ocp/interconnect@44c00000/segment@200000/target-module@b000/i2c@0/tda19988@70
[    0.231383] No ATAGs?
[    0.231429] hw-breakpoint: debug architecture 0x4 unsupported.
[    0.234131] kprobes: kprobe jump-optimization is enabled. All kprobes are optimized if possible.
[    0.243969] iommu: Default domain type: Translated
[    0.243991] iommu: DMA domain TLB invalidation policy: strict mode
[    0.245624] reg-fixed-voltage fixedregulator0: using DT '/fixedregulator0' for '(default)' GPIO lookup
[    0.245677] of_get_named_gpiod_flags: can't parse 'gpios' property of node '/fixedregulator0[0]'
[    0.245706] of_get_named_gpiod_flags: can't parse 'gpio' property of node '/fixedregulator0[0]'
[    0.245723] reg-fixed-voltage fixedregulator0: using lookup tables for GPIO lookup
[    0.245733] reg-fixed-voltage fixedregulator0: No GPIO consumer (default) found
[    0.251570] SCSI subsystem initialized
[    0.252072] libata version 3.00 loaded.
[    0.252442] pps_core: LinuxPPS API ver. 1 registered
[    0.252453] pps_core: Software ver. 5.3.6 - Copyright 2005-2007 Rodolfo Giometti <giometti@linux.it>
[    0.252477] PTP clock support registered
[    0.260788] vgaarb: loaded
[    0.261152] clocksource: Switched to clocksource dmtimer
[    0.261808] VFS: Disk quotas dquot_6.6.0
[    0.261862] VFS: Dquot-cache hash table entries: 1024 (order 0, 4096 bytes)
[    0.285552] NET: Registered PF_INET protocol family
[    0.285898] IP idents hash table entries: 8192 (order: 4, 65536 bytes, linear)
[    0.287320] tcp_listen_portaddr_hash hash table entries: 512 (order: 0, 4096 bytes, linear)
[    0.287356] Table-perturb hash table entries: 65536 (order: 6, 262144 bytes, linear)
[    0.287376] TCP established hash table entries: 4096 (order: 2, 16384 bytes, linear)
[    0.287419] TCP bind hash table entries: 4096 (order: 4, 65536 bytes, linear)
[    0.287518] TCP: Hash tables configured (established 4096 bind 4096)
[    0.287635] UDP hash table entries: 256 (order: 1, 14336 bytes, linear)
[    0.287671] UDP-Lite hash table entries: 256 (order: 1, 14336 bytes, linear)
[    0.287867] NET: Registered PF_UNIX/PF_LOCAL protocol family
[    0.291993] RPC: Registered named UNIX socket transport module.
[    0.292016] RPC: Registered udp transport module.
[    0.292021] RPC: Registered tcp transport module.
[    0.292025] RPC: Registered tcp-with-tls transport module.
[    0.292030] RPC: Registered tcp NFSv4.1 backchannel transport module.
[    0.292056] PCI: CLS 0 bytes, default 64
[    0.293499] Initialise system trusted keyrings
[    0.302058] workingset: timestamp_bits=14 max_order=17 bucket_order=3
[    0.303450] NFS: Registering the id_resolver key type
[    0.303520] Key type id_resolver registered
[    0.303527] Key type id_legacy registered
[    0.303640] jffs2: version 2.2. (NAND) (SUMMARY)  Â© 2001-2006 Red Hat, Inc.
[    0.304064] Key type asymmetric registered
[    0.304080] Asymmetric key parser 'x509' registered
[    0.304145] io scheduler mq-deadline registered
[    0.304155] io scheduler kyber registered
[    0.304231] io scheduler bfq registered
[    0.305829] ledtrig-cpu: registered to indicate activity on CPUs
[    0.312198] Serial: 8250/16550 driver, 6 ports, IRQ sharing enabled
[    0.350662] brd: module loaded
[    0.369218] loop: module loaded
[    0.370138] mtdoops: mtd device (mtddev=name/number) must be supplied
[    0.372021] mdio_bus fixed-0: using lookup tables for GPIO lookup
[    0.372044] mdio_bus fixed-0: No GPIO consumer reset found
[    0.373429] i2c_dev: i2c /dev entries driver
[    0.374411] cpuidle: enable-method property 'ti,am3352' found operations
[    0.374861] sdhci: Secure Digital Host Controller Interface driver
[    0.374870] sdhci: Copyright(c) Pierre Ossman
[    0.375044] sdhci-pltfm: SDHCI platform and OF driver helper
[    0.376059] Initializing XFRM netlink socket
[    0.376235] NET: Registered PF_INET6 protocol family
[    0.389011] Segment Routing with IPv6
[    0.389097] In-situ OAM (IOAM) with IPv6
[    0.389202] sit: IPv6, IPv4 and MPLS over IPv4 tunneling driver
[    0.390159] NET: Registered PF_PACKET protocol family
[    0.390193] NET: Registered PF_KEY protocol family
[    0.390303] Key type dns_resolver registered
[    0.390530] ThumbEE CPU extension supported.
[    0.390549] Registering SWP/SWPB emulation handler
[    0.391093] omap_voltage_late_init: Voltage driver support not added
[    0.391602] SmartReflex Class3 initialized
[    0.414697] Loading compiled-in X.509 certificates
[    0.453638] /ocp/interconnect@44c00000/segment@200000/target-module@b000/i2c@0/tda19988@70: Fixed dependency cycle(s) with /ocp/interconnect@48000000/segment@300000/target-module@e000/lcdc@0
[    0.460002] /ocp/interconnect@44c00000/segment@200000/target-module@b000/i2c@0/tda19988@70: Fixed dependency cycle(s) with /ocp/interconnect@48000000/segment@300000/target-module@e000/lcdc@0
[    0.465741] gpiochip_find_base_unlocked: found new base at 512
[    0.486033] /ocp/interconnect@44c00000/segment@200000/target-module@b000/i2c@0/tda19988@70: Fixed dependency cycle(s) with /ocp/interconnect@48000000/segment@300000/target-module@e000/lcdc@0
[    0.486904] /ocp/interconnect@44c00000/segment@200000/target-module@b000/i2c@0/tda19988@70: Fixed dependency cycle(s) with /ocp/interconnect@48000000/segment@300000/target-module@e000/lcdc@0
[    0.490296] /ocp/interconnect@44c00000/segment@200000/target-module@10000/scm@0/pinmux@800: Fixed dependency cycle(s) with /ocp/interconnect@44c00000/segment@200000/target-module@10000/scm@0/pinmux@800/clkout2-pins
[    0.490898] pinctrl-single 44e10800.pinmux: 142 pins, size 568
[    0.496399] ti-sysc 44e31000.target-module: probe with driver ti-sysc failed with error -16
[    0.532913] /ocp/interconnect@48000000/segment@300000/target-module@e000/lcdc@0: Fixed dependency cycle(s) with /ocp/interconnect@44c00000/segment@200000/target-module@b000/i2c@0/tda19988@70
[    0.540810] ti-sysc 48040000.target-module: probe with driver ti-sysc failed with error -16
[    0.552362] gpiochip_find_base_unlocked: found new base at 512
[    0.552463] gpio gpiochip0: (gpio-0-31): created GPIO range 0->7 ==> 44e10800.pinmux PIN 0->7
[    0.552483] gpio gpiochip0: (gpio-0-31): created GPIO range 8->11 ==> 44e10800.pinmux PIN 90->93
[    0.552499] gpio gpiochip0: (gpio-0-31): created GPIO range 12->27 ==> 44e10800.pinmux PIN 12->27
[    0.552514] gpio gpiochip0: (gpio-0-31): created GPIO range 28->31 ==> 44e10800.pinmux PIN 30->33
[    0.573455] gpio gpiochip0: (gpio-0-31): added GPIO chardev (254:0)
[    0.573613] gpio gpiochip0: registered GPIOs 512 to 543 on gpio-0-31
[    0.573700] OMAP GPIO hardware version 0.1
[    0.611444] i2c i2c-2: using DT '/ocp/interconnect@48000000/segment@100000/target-module@9c000/i2c@0' for 'scl' GPIO lookup
[    0.611520] of_get_named_gpiod_flags: can't parse 'scl-gpios' property of node '/ocp/interconnect@48000000/segment@100000/target-module@9c000/i2c@0[0]'
[    0.611561] of_get_named_gpiod_flags: can't parse 'scl-gpio' property of node '/ocp/interconnect@48000000/segment@100000/target-module@9c000/i2c@0[0]'
[    0.611597] i2c i2c-2: using lookup tables for GPIO lookup
[    0.611606] i2c i2c-2: No GPIO consumer scl found
[    0.611628] i2c i2c-2: using DT '/ocp/interconnect@48000000/segment@100000/target-module@9c000/i2c@0' for 'sda' GPIO lookup
[    0.611663] of_get_named_gpiod_flags: can't parse 'sda-gpios' property of node '/ocp/interconnect@48000000/segment@100000/target-module@9c000/i2c@0[0]'
[    0.611700] of_get_named_gpiod_flags: can't parse 'sda-gpio' property of node '/ocp/interconnect@48000000/segment@100000/target-module@9c000/i2c@0[0]'
[    0.611731] i2c i2c-2: using lookup tables for GPIO lookup
[    0.611739] i2c i2c-2: No GPIO consumer sda found
[    0.612456] omap_i2c 4819c000.i2c: bus 2 rev0.11 at 100 kHz
[    0.618034] gpiochip_find_base_unlocked: found new base at 544
[    0.618134] gpio gpiochip1: (gpio-32-63): created GPIO range 0->17 ==> 44e10800.pinmux PIN 34->51
[    0.618154] gpio gpiochip1: (gpio-32-63): created GPIO range 18->21 ==> 44e10800.pinmux PIN 77->80
[    0.618171] gpio gpiochip1: (gpio-32-63): created GPIO range 22->31 ==> 44e10800.pinmux PIN 56->65
[    0.641340] gpio gpiochip1: (gpio-32-63): added GPIO chardev (254:1)
[    0.641503] gpio gpiochip1: registered GPIOs 544 to 575 on gpio-32-63
[    0.643769] gpiochip_find_base_unlocked: found new base at 576
[    0.643859] gpio gpiochip2: (gpio-64-95): created GPIO range 0->4 ==> 44e10800.pinmux PIN 66->70
[    0.643877] gpio gpiochip2: (gpio-64-95): created GPIO range 5->6 ==> 44e10800.pinmux PIN 98->99
[    0.643893] gpio gpiochip2: (gpio-64-95): created GPIO range 7->8 ==> 44e10800.pinmux PIN 75->76
[    0.643908] gpio gpiochip2: (gpio-64-95): created GPIO range 13->13 ==> 44e10800.pinmux PIN 141->141
[    0.643924] gpio gpiochip2: (gpio-64-95): created GPIO range 14->21 ==> 44e10800.pinmux PIN 100->107
[    0.644586] gpio gpiochip2: (gpio-64-95): added GPIO chardev (254:2)
[    0.644718] gpio gpiochip2: registered GPIOs 576 to 607 on gpio-64-95
[    0.650168] 48000000.interconnect:segment@200000:target-module@0:mpu@0:fck: device ID is greater than 24
[    0.651035] /ocp/interconnect@48000000/segment@300000/target-module@e000/lcdc@0: Fixed dependency cycle(s) with /ocp/interconnect@44c00000/segment@200000/target-module@b000/i2c@0/tda19988@70
[    0.654115] /ocp/interconnect@48000000/segment@300000/target-module@e000/lcdc@0: Fixed dependency cycle(s) with /ocp/interconnect@44c00000/segment@200000/target-module@b000/i2c@0/tda19988@70
[    0.654818] /ocp/interconnect@44c00000/segment@200000/target-module@b000/i2c@0/tda19988@70: Fixed dependency cycle(s) with /ocp/interconnect@48000000/segment@300000/target-module@e000/lcdc@0
[    0.654991] /ocp/interconnect@48000000/segment@300000/target-module@e000/lcdc@0: Fixed dependency cycle(s) with /ocp/interconnect@44c00000/segment@200000/target-module@b000/i2c@0/tda19988@70
[    0.664573] mdio_bus 4a101000.mdio: using DT '/ocp/interconnect@4a000000/segment@0/target-module@100000/switch@0/mdio@1000' for 'reset' GPIO lookup
[    0.664646] of_get_named_gpiod_flags: can't parse 'reset-gpios' property of node '/ocp/interconnect@4a000000/segment@0/target-module@100000/switch@0/mdio@1000[0]'
[    0.664693] of_get_named_gpiod_flags: can't parse 'reset-gpio' property of node '/ocp/interconnect@4a000000/segment@0/target-module@100000/switch@0/mdio@1000[0]'
[    0.664739] mdio_bus 4a101000.mdio: using lookup tables for GPIO lookup
[    0.664748] mdio_bus 4a101000.mdio: No GPIO consumer reset found
[    0.665631] sdhci-omap 481d8000.mmc: using DT '/ocp/interconnect@48000000/segment@100000/target-module@d8000/mmc@0' for 'wp' GPIO lookup
[    0.665690] of_get_named_gpiod_flags: can't parse 'wp-gpios' property of node '/ocp/interconnect@48000000/segment@100000/target-module@d8000/mmc@0[0]'
[    0.665731] of_get_named_gpiod_flags: can't parse 'wp-gpio' property of node '/ocp/interconnect@48000000/segment@100000/target-module@d8000/mmc@0[0]'
[    0.665764] sdhci-omap 481d8000.mmc: using lookup tables for GPIO lookup
[    0.665773] sdhci-omap 481d8000.mmc: No GPIO consumer wp found
[    0.665964] sdhci-omap 481d8000.mmc: supply pbias not found, using dummy regulator
[    0.666461] sdhci-omap 481d8000.mmc: supply vqmmc not found, using dummy regulator
[    0.713928] davinci_mdio 4a101000.mdio: davinci mdio revision 1.6, bus freq 1000000
[    0.735789] mdio_bus 4a101000.mdio:00: using DT '/ocp/interconnect@4a000000/segment@0/target-module@100000/switch@0/mdio@1000/ethernet-phy@0' for 'reset' GPIO lookup
[    0.735890] of_get_named_gpiod_flags: parsed 'reset-gpios' property of node '/ocp/interconnect@4a000000/segment@0/target-module@100000/switch@0/mdio@1000/ethernet-phy@0[0]' - status (0)
[    0.736054] gpio gpiochip0: Persistence not supported for GPIO 8
[    0.861902] davinci_mdio 4a101000.mdio: phy[0]: device 4a101000.mdio:00, driver SMSC LAN8710/LAN8720
[    0.862702] cpsw-switch 4a100000.switch: initialized cpsw ale version 1.4
[    0.862726] cpsw-switch 4a100000.switch: ALE Table size 1024, Policers 0
[    0.862873] cpsw-switch 4a100000.switch: cpts: overflow check period 500 (jiffies)
[    0.862887] cpsw-switch 4a100000.switch: CPTS: ref_clk_freq:250000000 calc_mult:2147483648 calc_shift:29 error:0 nsec/sec
[    0.862994] cpsw-switch 4a100000.switch: Detected MACID = 6c:ec:eb:68:de:78
[    0.864803] cpsw-switch 4a100000.switch: initialized (regs 0x4a100000, pool size 256) hw_ver:0019010C 1.12 (0)
[    0.875727] debugfs: Directory '49000000.dma' with parent 'dmaengine' already present!
[    0.875767] edma 49000000.dma: TI EDMA DMA engine driver
[    0.906765] target-module@4b000000:target-module@140000:pmu@0:fck: device ID is greater than 24
[    0.919328] hw perfevents: enabled with armv7_cortex_a8 PMU driver, 5 (8000000f) counters available
[    0.920221] gpio-clk clk_mcasp0: using DT '/clk_mcasp0' for 'enable' GPIO lookup
[    0.920287] of_get_named_gpiod_flags: parsed 'enable-gpios' property of node '/clk_mcasp0[0]' - status (0)
[    0.920330] gpio gpiochip0: Persistence not supported for GPIO 27
[    0.921304] gpiochip_find_base_unlocked: found new base at 608
[    0.921422] gpio gpiochip3: (gpio-96-127): created GPIO range 0->7 ==> 44e10800.pinmux PIN 82->89
[    0.921444] gpio gpiochip3: (gpio-96-127): created GPIO range 8->11 ==> 44e10800.pinmux PIN 52->55
[    0.921460] gpio gpiochip3: (gpio-96-127): created GPIO range 12->15 ==> 44e10800.pinmux PIN 94->97
[    0.921476] gpio gpiochip3: (gpio-96-127): created GPIO range 16->17 ==> 44e10800.pinmux PIN 71->72
[    0.921492] gpio gpiochip3: (gpio-96-127): created GPIO range 18->18 ==> 44e10800.pinmux PIN 135->135
[    0.921508] gpio gpiochip3: (gpio-96-127): created GPIO range 19->20 ==> 44e10800.pinmux PIN 108->109
[    0.921524] gpio gpiochip3: (gpio-96-127): created GPIO range 21->21 ==> 44e10800.pinmux PIN 73->73
[    0.921541] gpio gpiochip3: (gpio-96-127): created GPIO range 22->23 ==> 44e10800.pinmux PIN 8->9
[    0.921558] gpio gpiochip3: (gpio-96-127): created GPIO range 26->27 ==> 44e10800.pinmux PIN 10->11
[    0.921576] gpio gpiochip3: (gpio-96-127): created GPIO range 28->28 ==> 44e10800.pinmux PIN 74->74
[    0.921593] gpio gpiochip3: (gpio-96-127): created GPIO range 29->29 ==> 44e10800.pinmux PIN 81->81
[    0.921612] gpio gpiochip3: (gpio-96-127): created GPIO range 30->31 ==> 44e10800.pinmux PIN 28->29
[    0.927209] l3-aon-clkctrl:0000:0: failed to disable
[    0.935030] gpio gpiochip3: (gpio-96-127): added GPIO chardev (254:3)
[    0.935180] gpio gpiochip3: registered GPIOs 608 to 639 on gpio-96-127
[    0.937045] omap8250 44e09000.serial: using DT '/ocp/interconnect@44c00000/segment@200000/target-module@9000/serial@0' for 'rs485-term' GPIO lookup
[    0.937116] of_get_named_gpiod_flags: can't parse 'rs485-term-gpios' property of node '/ocp/interconnect@44c00000/segment@200000/target-module@9000/serial@0[0]'
[    0.937159] of_get_named_gpiod_flags: can't parse 'rs485-term-gpio' property of node '/ocp/interconnect@44c00000/segment@200000/target-module@9000/serial@0[0]'
[    0.937195] omap8250 44e09000.serial: using lookup tables for GPIO lookup
[    0.937205] omap8250 44e09000.serial: No GPIO consumer rs485-term found
[    0.937215] omap8250 44e09000.serial: using DT '/ocp/interconnect@44c00000/segment@200000/target-module@9000/serial@0' for 'rs485-rx-during-tx' GPIO lookup
[    0.937250] of_get_named_gpiod_flags: can't parse 'rs485-rx-during-tx-gpios' property of node '/ocp/interconnect@44c00000/segment@200000/target-module@9000/serial@0[0]'
[    0.937287] of_get_named_gpiod_flags: can't parse 'rs485-rx-during-tx-gpio' property of node '/ocp/interconnect@44c00000/segment@200000/target-module@9000/serial@0[0]'
[    0.937319] omap8250 44e09000.serial: using lookup tables for GPIO lookup
[    0.937327] omap8250 44e09000.serial: No GPIO consumer rs485-rx-during-tx found
[    0.937722] 44e09000.serial: ttyS0 at MMIO 0x44e09000 (irq = 34, base_baud = 3000000) is a 8250
[    0.937812] printk: legacy console [ttyS0] enabled
[    2.432505] i2c i2c-0: using DT '/ocp/interconnect@44c00000/segment@200000/target-module@b000/i2c@0' for 'scl' GPIO lookup
[    2.432594] of_get_named_gpiod_flags: can't parse 'scl-gpios' property of node '/ocp/interconnect@44c00000/segment@200000/target-module@b000/i2c@0[0]'
[    2.432642] of_get_named_gpiod_flags: can't parse 'scl-gpio' property of node '/ocp/interconnect@44c00000/segment@200000/target-module@b000/i2c@0[0]'
[    2.432681] i2c i2c-0: using lookup tables for GPIO lookup
[    2.432694] i2c i2c-0: No GPIO consumer scl found
[    2.432720] i2c i2c-0: using DT '/ocp/interconnect@44c00000/segment@200000/target-module@b000/i2c@0' for 'sda' GPIO lookup
[    2.432760] of_get_named_gpiod_flags: can't parse 'sda-gpios' property of node '/ocp/interconnect@44c00000/segment@200000/target-module@b000/i2c@0[0]'
[    2.432800] of_get_named_gpiod_flags: can't parse 'sda-gpio' property of node '/ocp/interconnect@44c00000/segment@200000/target-module@b000/i2c@0[0]'
[    2.432836] i2c i2c-0: using lookup tables for GPIO lookup
[    2.432847] i2c i2c-0: No GPIO consumer sda found
[    2.452147] tps65217-pmic: Failed to locate of_node [id: -1]
[    2.458200] tps65217-bl: Failed to locate of_node [id: -1]
[    2.469518] tps65217 0-0024: TPS65217 ID 0xe version 1.2
[    2.475659] /ocp/interconnect@48000000/segment@300000/target-module@e000/lcdc@0: Fixed dependency cycle(s) with /ocp/interconnect@44c00000/segment@200000/target-module@b000/i2c@0/tda19988@70
[    2.493047] /ocp/interconnect@44c00000/segment@200000/target-module@b000/i2c@0/tda19988@70: Fixed dependency cycle(s) with /ocp/interconnect@48000000/segment@300000/target-module@e000/lcdc@0
[    2.510428] omap_i2c 44e0b000.i2c: bus 0 rev0.11 at 400 kHz
[    2.518230] sdhci-omap 48060000.mmc: using DT '/ocp/interconnect@48000000/segment@0/target-module@60000/mmc@0' for 'cd' GPIO lookup
[    2.518335] of_get_named_gpiod_flags: parsed 'cd-gpios' property of node '/ocp/interconnect@48000000/segment@0/target-module@60000/mmc@0[0]' - status (0)
[    2.518399] gpio gpiochip3: Persistence not supported for GPIO 6
[    2.518423] omap_gpio 44e07000.gpio: Could not set line 6 debounce to 200000 microseconds (-22)
[    2.527306] sdhci-omap 48060000.mmc: Got CD GPIO
[    2.531985] sdhci-omap 48060000.mmc: using DT '/ocp/interconnect@48000000/segment@0/target-module@60000/mmc@0' for 'wp' GPIO lookup
[    2.532035] of_get_named_gpiod_flags: can't parse 'wp-gpios' property of node '/ocp/interconnect@48000000/segment@0/target-module@60000/mmc@0[0]'
[    2.532079] of_get_named_gpiod_flags: can't parse 'wp-gpio' property of node '/ocp/interconnect@48000000/segment@0/target-module@60000/mmc@0[0]'
[    2.532117] sdhci-omap 48060000.mmc: using lookup tables for GPIO lookup
[    2.532131] sdhci-omap 48060000.mmc: No GPIO consumer wp found
[    2.532340] sdhci-omap 48060000.mmc: supply pbias not found, using dummy regulator
[    2.541016] sdhci-omap 481d8000.mmc: using DT '/ocp/interconnect@48000000/segment@100000/target-module@d8000/mmc@0' for 'wp' GPIO lookup
[    2.541087] of_get_named_gpiod_flags: can't parse 'wp-gpios' property of node '/ocp/interconnect@48000000/segment@100000/target-module@d8000/mmc@0[0]'
[    2.541236] of_get_named_gpiod_flags: can't parse 'wp-gpio' property of node '/ocp/interconnect@48000000/segment@100000/target-module@d8000/mmc@0[0]'
[    2.541280] sdhci-omap 481d8000.mmc: using lookup tables for GPIO lookup
[    2.541293] sdhci-omap 481d8000.mmc: No GPIO consumer wp found
[    2.542346] sdhci-omap 48060000.mmc: supply vqmmc not found, using dummy regulator
[    2.551306] sdhci-omap 481d8000.mmc: supply pbias not found, using dummy regulator
[    2.559332] sdhci-omap 481d8000.mmc: supply vqmmc not found, using dummy regulator
[    2.597967] mmc1: SDHCI controller on 481d8000.mmc [481d8000.mmc] using External DMA
[    2.607005] mmc0: SDHCI controller on 48060000.mmc [48060000.mmc] using External DMA
[    2.615909] cpsw-switch 4a100000.switch: starting ndev. mode: dual_mac
[    2.660425] mmc0: new high speed SDHC card at address 5048
[    2.667511] mmcblk0: mmc0:5048 SD16G 14.4 GiB
[    2.675582]  mmcblk0: p1 p2
[    2.678973] mmcblk0: p2 size 31221760 extends beyond EOD, truncated
[    2.692427] SMSC LAN8710/LAN8720 4a101000.mdio:00: attached PHY driver (mii_bus:phy_addr=4a101000.mdio:00, irq=POLL)
[    2.705021] mmc1: new high speed MMC card at address 0001
[    2.711995] mmcblk1: mmc1:0001 MMC04G 3.60 GiB
[    2.723675]  mmcblk1: p1 p2
[    2.727933] mmcblk1boot0: mmc1:0001 MMC04G 2.00 MiB
[    2.735124] mmcblk1boot1: mmc1:0001 MMC04G 2.00 MiB
[    2.742515] mmcblk1rpmb: mmc1:0001 MMC04G 128 KiB, chardev (250:0)
[    5.841933] cpsw-switch 4a100000.switch eth0: Link is Up - 100Mbps/Full - flow control off
[    5.881412] IP-Config: Complete:
[    5.884686]      device=eth0, hwaddr=6c:ec:eb:68:de:78, ipaddr=192.168.255.1, mask=255.255.255.0, gw=255.255.255.255
[    5.895354]      host=bbb1, domain=, nis-domain=(none)
[    5.900524]      bootserver=192.168.255.126, rootserver=192.168.255.126, rootpath=
[    5.900943] clk: Disabling unused clocks
[    5.912778] PM: genpd: Disabling unused power domains
[    5.917899] KTAP version 1
[    5.920620] 1..0
[    5.945058] VFS: Mounted root (nfs filesystem) on device 0:17.
[    5.951949] devtmpfs: mounted
[    5.956409] Freeing unused kernel image (initmem) memory: 1024K
[    5.963376] Run /sbin/init as init process
[    5.967507]   with arguments:
[    5.967519]     /sbin/init
[    5.967528]     nfsrootdebug
[    5.967537]   with environment:
[    5.967546]     HOME=/
[    5.967554]     TERM=linux
[    6.662392] systemd[1]: System time before build time, advancing clock.
[    8.121174] random: crng init done
[    8.161586] systemd[1]: systemd 232 running in system mode. (+PAM +AUDIT +SELINUX +IMA +APPARMOR +SMACK +SYSVINIT +UTMP +LIBCRYPTSETUP +GCRYPT +GNUTLS +ACL +XZ +LZ4 +SECCOMP +BLKID +ELFUTILS +KMOD +IDN)
[    8.180507] systemd[1]: Detected architecture arm.
[    8.214289] systemd[1]: Set hostname to <arm>.
[    9.310103] systemd[1]: Listening on Journal Socket (/dev/log).
[    9.332764] systemd[1]: Created slice System Slice.
[    9.391764] systemd[1]: Mounting POSIX Message Queue File System...
[    9.423991] systemd[1]: Started Forward Password Requests to Wall Directory Watch.
[    9.453314] systemd[1]: Listening on Journal Socket.
[    9.485226] systemd[1]: Set up automount Arbitrary Executable File Formats File System Automount Point.
[    9.542344] systemd[1]: dev-hugepages.mount: Couldn't determine result for ConditionVirtualization=!private-users, assuming failed: No such file or directory
[   11.178580] systemd-journald[85]: Received request to flush runtime journal from PID 1
[   14.174216] leds-gpio leds: using DT '/leds/led2' for '(default)' GPIO lookup
[   14.174325] of_get_named_gpiod_flags: parsed 'gpios' property of node '/leds/led2[0]' - status (0)
[   14.174382] gpio gpiochip0: Persistence not supported for GPIO 21
[   14.174398] gpio-533 (?): no flags found for GPIO (default)
[   14.189969] leds-gpio leds: using DT '/leds/led3' for '(default)' GPIO lookup
[   14.190079] of_get_named_gpiod_flags: parsed 'gpios' property of node '/leds/led3[0]' - status (0)
[   14.190139] gpio gpiochip0: Persistence not supported for GPIO 22
[   14.190154] gpio-534 (?): no flags found for GPIO (default)
[   14.207200] leds-gpio leds: using DT '/leds/led4' for '(default)' GPIO lookup
[   14.207441] of_get_named_gpiod_flags: parsed 'gpios' property of node '/leds/led4[0]' - status (0)
[   14.207503] gpio gpiochip0: Persistence not supported for GPIO 23
[   14.207519] gpio-535 (?): no flags found for GPIO (default)
[   14.231851] leds-gpio leds: using DT '/leds/led5' for '(default)' GPIO lookup
[   14.231949] of_get_named_gpiod_flags: parsed 'gpios' property of node '/leds/led5[0]' - status (0)
[   14.232003] gpio gpiochip0: Persistence not supported for GPIO 24
[   14.232018] gpio-536 (?): no flags found for GPIO (default)
[   14.761691] remoteproc remoteproc0: wkup_m3 is available
[   15.169845] am335x-phy-driver 47401300.usb-phy: using DT '/ocp/target-module@47400000/usb-phy@1300' for 'reset' GPIO lookup
[   15.169940] of_get_named_gpiod_flags: can't parse 'reset-gpios' property of node '/ocp/target-module@47400000/usb-phy@1300[0]'
[   15.169985] of_get_named_gpiod_flags: can't parse 'reset-gpio' property of node '/ocp/target-module@47400000/usb-phy@1300[0]'
[   15.170022] am335x-phy-driver 47401300.usb-phy: using lookup tables for GPIO lookup
[   15.170037] am335x-phy-driver 47401300.usb-phy: No GPIO consumer reset found
[   15.170052] am335x-phy-driver 47401300.usb-phy: using DT '/ocp/target-module@47400000/usb-phy@1300' for 'vbus-detect' GPIO lookup
[   15.170084] of_get_named_gpiod_flags: can't parse 'vbus-detect-gpios' property of node '/ocp/target-module@47400000/usb-phy@1300[0]'
[   15.170115] of_get_named_gpiod_flags: can't parse 'vbus-detect-gpio' property of node '/ocp/target-module@47400000/usb-phy@1300[0]'
[   15.170141] am335x-phy-driver 47401300.usb-phy: using lookup tables for GPIO lookup
[   15.170153] am335x-phy-driver 47401300.usb-phy: No GPIO consumer vbus-detect found
[   15.170300] am335x-phy-driver 47401300.usb-phy: dummy supplies not allowed for exclusive requests (id=vbus)
[   15.220490] usbcore: registered new interface driver usbfs
[   15.226357] usbcore: registered new interface driver hub
[   15.231879] usbcore: registered new device driver usb
[   15.267278] at24 2-0054: supply vcc not found, using dummy regulator
[   15.378087] at24 2-0055: supply vcc not found, using dummy regulator
[   15.427623] am335x-phy-driver 47401b00.usb-phy: using DT '/ocp/target-module@47400000/usb-phy@1b00' for 'reset' GPIO lookup
[   15.427717] of_get_named_gpiod_flags: can't parse 'reset-gpios' property of node '/ocp/target-module@47400000/usb-phy@1b00[0]'
[   15.427760] of_get_named_gpiod_flags: can't parse 'reset-gpio' property of node '/ocp/target-module@47400000/usb-phy@1b00[0]'
[   15.427798] am335x-phy-driver 47401b00.usb-phy: using lookup tables for GPIO lookup
[   15.427813] am335x-phy-driver 47401b00.usb-phy: No GPIO consumer reset found
[   15.427828] am335x-phy-driver 47401b00.usb-phy: using DT '/ocp/target-module@47400000/usb-phy@1b00' for 'vbus-detect' GPIO lookup
[   15.427860] of_get_named_gpiod_flags: can't parse 'vbus-detect-gpios' property of node '/ocp/target-module@47400000/usb-phy@1b00[0]'
[   15.427892] of_get_named_gpiod_flags: can't parse 'vbus-detect-gpio' property of node '/ocp/target-module@47400000/usb-phy@1b00[0]'
[   15.427918] am335x-phy-driver 47401b00.usb-phy: using lookup tables for GPIO lookup
[   15.427930] am335x-phy-driver 47401b00.usb-phy: No GPIO consumer vbus-detect found
[   15.428078] am335x-phy-driver 47401b00.usb-phy: dummy supplies not allowed for exclusive requests (id=vbus)
[   15.519762] at24 2-0056: supply vcc not found, using dummy regulator
[   15.608660] at24 2-0057: supply vcc not found, using dummy regulator
[   15.670807] tps6521x_pwrbutton tps65217-pwrbutton: DMA mask not set
[   15.830803] input: tps65217_pwrbutton as /devices/platform/ocp/44c00000.interconnect/44c00000.interconnect:segment@200000/44e0b000.target-module/44e0b000.i2c/i2c-0/0-0024/tps65217-pwrbutton/input/input0
[   15.951694] at24 0-0050: using DT '/ocp/interconnect@44c00000/segment@200000/target-module@b000/i2c@0/eeprom@50' for 'wp' GPIO lookup
[   15.951807] of_get_named_gpiod_flags: can't parse 'wp-gpios' property of node '/ocp/interconnect@44c00000/segment@200000/target-module@b000/i2c@0/eeprom@50[0]'
[   15.951866] of_get_named_gpiod_flags: can't parse 'wp-gpio' property of node '/ocp/interconnect@44c00000/segment@200000/target-module@b000/i2c@0/eeprom@50[0]'
[   15.951912] at24 0-0050: using lookup tables for GPIO lookup
[   15.951926] at24 0-0050: No GPIO consumer wp found
[   15.952251] at24 0-0050: 32768 byte 24c256 EEPROM, writable, 1 bytes/write
[   16.118422] musb-hdrc musb-hdrc.1: MUSB HDRC host driver
[   16.124069] musb-hdrc musb-hdrc.1: new USB bus registered, assigned bus number 1
[   16.332219] usb usb1: New USB device found, idVendor=1d6b, idProduct=0002, bcdDevice= 6.14
[   16.341969] usb usb1: New USB device strings: Mfr=3, Product=2, SerialNumber=1
[   16.349250] usb usb1: Product: MUSB HDRC host driver
[   16.355531] usb usb1: Manufacturer: Linux 6.14.0-rc3-next-20250221 musb-hcd
[   16.362713] usb usb1: SerialNumber: musb-hdrc.1
[   16.409880] wkup_m3_ipc 44e11324.wkup_m3_ipc: IPC Request for A8->M3 Channel failed! -517
[   16.712106] hub 1-0:1.0: USB hub found
[   16.762519] hub 1-0:1.0: 1 port detected
[   16.812779] wkup_m3_ipc 44e11324.wkup_m3_ipc: IPC Request for A8->M3 Channel failed! -517
[   16.863403] omap_rtc 44e3e000.rtc: registered as rtc0
[   16.868585] omap_rtc 44e3e000.rtc: setting system clock to 2000-01-01T00:00:00 UTC (946684800)
[   16.877440] omap_rtc 44e3e000.rtc: using DT '/ocp/interconnect@44c00000/segment@200000/target-module@3e000/rtc@0' for 'wp' GPIO lookup
[   16.877523] of_get_named_gpiod_flags: can't parse 'wp-gpios' property of node '/ocp/interconnect@44c00000/segment@200000/target-module@3e000/rtc@0[0]'
[   16.877575] of_get_named_gpiod_flags: can't parse 'wp-gpio' property of node '/ocp/interconnect@44c00000/segment@200000/target-module@3e000/rtc@0[0]'
[   16.877616] omap_rtc 44e3e000.rtc: using lookup tables for GPIO lookup
[   16.877629] omap_rtc 44e3e000.rtc: No GPIO consumer wp found
[   16.982201] wkup_m3_ipc 44e11324.wkup_m3_ipc: IPC Request for A8->M3 Channel failed! -517
[   17.194746] omap_wdt: OMAP Watchdog Timer Rev 0x01: initial timeout 60 sec
[   17.208015] wkup_m3_ipc 44e11324.wkup_m3_ipc: IPC Request for A8->M3 Channel failed! -517
[   17.834617] tda998x 0-0070: found TDA19988
[   17.875273] omap-mailbox 480c8000.mailbox: omap mailbox rev 0x400
[   17.944150] remoteproc remoteproc0: powering up wkup_m3
[   18.119894] remoteproc remoteproc0: Direct firmware load for am335x-pm-firmware.elf failed with error -2
[   18.129699] remoteproc remoteproc0: request_firmware failed: -2
[   18.135764] wkup_m3_ipc 44e11324.wkup_m3_ipc: rproc_boot failed
[   19.898018] tilcdc 4830e000.lcdc: bound 0-0070 (ops tda998x_audio_codec_init [tda998x])
[   19.925832] omap_rng 48310000.rng: Random Number Generator ver. 20
[   20.036560] [drm] Initialized tilcdc 1.0.0 for 4830e000.lcdc on minor 0
[   20.131621] tilcdc 4830e000.lcdc: [drm] Cannot find any crtc or sizes
[   20.139554] tilcdc 4830e000.lcdc: [drm] Cannot find any crtc or sizes
[   21.354737] omap-sham 53100000.sham: hw accel on OMAP rev 4.3
[   21.486729] omap-sham 53100000.sham: will run requests pump with realtime priority
[   21.549152] PM: Cannot get wkup_m3_ipc handle
[   21.565643] omap-aes 53500000.aes: OMAP AES hw accel rev: 3.2
[   21.741389] omap-aes 53500000.aes: will run requests pump with realtime priority
[   21.752570] PM: Cannot get wkup_m3_ipc handle
[   22.978701] Bluetooth: Core ver 2.22
[   22.982735] NET: Registered PF_BLUETOOTH protocol family
[   22.988086] Bluetooth: HCI device and connection manager initialized
[   22.994599] Bluetooth: HCI socket layer initialized
[   22.999513] Bluetooth: L2CAP socket layer initialized
[   23.004681] Bluetooth: SCO socket layer initialized
[   25.657857] PM: Cannot get wkup_m3_ipc handle
[   25.663901] asoc-simple-card sound: using DT '/sound' for 'simple-audio-card,hp-det' GPIO lookup
[   25.663969] of_get_named_gpiod_flags: can't parse 'simple-audio-card,hp-det-gpios' property of node '/sound[0]'
[   25.664005] of_get_named_gpiod_flags: can't parse 'simple-audio-card,hp-det-gpio' property of node '/sound[0]'
[   25.664029] asoc-simple-card sound: using lookup tables for GPIO lookup
[   25.664042] asoc-simple-card sound: No GPIO consumer simple-audio-card,hp-det found
[   25.664057] asoc-simple-card sound: using DT '/sound' for 'simple-audio-card,mic-det' GPIO lookup
[   25.664081] of_get_named_gpiod_flags: can't parse 'simple-audio-card,mic-det-gpios' property of node '/sound[0]'
[   25.664106] of_get_named_gpiod_flags: can't parse 'simple-audio-card,mic-det-gpio' property of node '/sound[0]'
[   25.664125] asoc-simple-card sound: using lookup tables for GPIO lookup
[   25.664137] asoc-simple-card sound: No GPIO consumer simple-audio-card,mic-det found
[   25.705077] tda998x 0-0070: using DT '/ocp/interconnect@44c00000/segment@200000/target-module@b000/i2c@0/tda19988@70' for 'nxp,calib' GPIO lookup
[   25.705218] of_get_named_gpiod_flags: parsed 'nxp,calib-gpios' property of node '/ocp/interconnect@44c00000/segment@200000/target-module@b000/i2c@0/tda19988@70[0]' - status (0)
[   25.705304] gpio gpiochip0: Persistence not supported for GPIO 25
[   25.705320] gpio-537 (nxp,calib): no flags found for GPIO nxp,calib
[   25.717733] gpio-537 (nxp,calib): gpiod_direction_output_nonotify: tried to set a GPIO tied to an IRQ as output
[   25.789584] PM: Cannot get wkup_m3_ipc handle
[   25.998646] tda9950 0-0034: TDA9950 CEC interface, hardware version 3.3
[   26.076331] PM: Cannot get wkup_m3_ipc handle
[   27.566694] userial_init: registered 8 ttyGS* devices
[   27.842203] rndis_register: configNr = 0
[   27.977201] udc musb-hdrc.0: binding gadget driver [g_multi]
[   27.977309] configfs-gadget.g_multi gadget.0: adding 'rndis'/6662d09f to config 'c'/3cf0fa35
[   27.978505] configfs-gadget.g_multi gadget.0: HOST MAC 1c:ba:8c:a2:ed:6c
[   27.985526] configfs-gadget.g_multi gadget.0: MAC 1c:ba:8c:a2:ed:70
[   27.991961] rndis_set_param_medium: 0 0
[   27.991982] configfs-gadget.g_multi gadget.0: RNDIS: IN/ep1in OUT/ep1out NOTIFY/ep2in
[   27.991999] configfs-gadget.g_multi gadget.0: adding 'cdc_ethernet'/fcda792a to config 'c'/3cf0fa35
[   27.992951] configfs-gadget.g_multi gadget.0: HOST MAC 1c:ba:8c:a2:ed:6c
[   27.999715] configfs-gadget.g_multi gadget.0: MAC 1c:ba:8c:a2:ed:6d
[   28.006152] configfs-gadget.g_multi gadget.0: CDC Ethernet: IN/ep3in OUT/ep2out NOTIFY/ep4in
[   28.006171] configfs-gadget.g_multi gadget.0: adding 'acm'/99810546 to config 'c'/3cf0fa35
[   28.006205] configfs-gadget.g_multi gadget.0: acm ttyGS0: IN/ep5in OUT/ep3out NOTIFY/ep6in
[   28.006989] PM: Cannot get wkup_m3_ipc handle
[   29.339833] configfs-gadget.g_multi gadget.0: eth_open
[   30.260008] configfs-gadget.g_multi gadget.0: stop stats: rx/tx 0/0, errs 0/0
[   34.727445] gs_open: ttyGS0 (9da9a82e,69add460)
[   34.727603] gs_close: ttyGS0 (9da9a82e,69add460) ...
[   34.727627] gs_close: ttyGS0 (9da9a82e,69add460) done!
[   34.742529] gs_open: ttyGS0 (9da9a82e,69add460)
[   34.742645] gs_close: ttyGS0 (9da9a82e,69add460) ...
[   34.742666] gs_close: ttyGS0 (9da9a82e,69add460) done!
[   34.922413] gs_open: ttyGS0 (272dd06a,9b6194b5)
[   34.922659] gs_close: ttyGS0 (272dd06a,9b6194b5) ...
[   34.922685] gs_close: ttyGS0 (272dd06a,9b6194b5) done!
[   34.923480] gs_open: ttyGS0 (272dd06a,9b6194b5)
NUQOHTVZYL 0
root@arm:~# echo 'KZXZ''AWFLBM'
KZXZAWFLBM
root@arm:~# MARKER='SGLX''VUHJZP' run 'modprobe test_linear_ranges'
SGLXVUHJZPSGLXVUHJZP 0
root@arm:~# echo 'JOEL''PSEEHQ'
JOELPSEEHQ
root@arm:~# MARKER='NZVN''TMTANJ' run dmesg
NZVNTMTANJ[    0.000000] Booting Linux on physical CPU 0x0
[    0.000000] Linux version 6.14.0-rc3-next-20250221 (user01@drvtest01) (arm-none-eabi-gcc (Arm GNU Toolchain 14.2.Rel1 (Build arm-14.52)) 14.2.1 20241119, GNU ld (Arm GNU Toolchain 14.2.Rel1 (Build arm-14.52)) 2.43.1.20241119) #1 SMP Fri Feb 21 08:53:17 EET 2025
[    0.000000] CPU: ARMv7 Processor [413fc082] revision 2 (ARMv7), cr=10c5387d
[    0.000000] CPU: PIPT / VIPT nonaliasing data cache, VIPT aliasing instruction cache
[    0.000000] OF: fdt: Machine model: TI AM335x BeagleBone Black
[    0.000000] Memory policy: Data cache writeback
[    0.000000] cma: Reserved 16 MiB at 0x00000000
[    0.000000] Zone ranges:
[    0.000000]   Normal   [mem 0x0000000080000000-0x000000009fdfffff]
[    0.000000]   HighMem  empty
[    0.000000] Movable zone start for each node
[    0.000000] Early memory node ranges
[    0.000000]   node   0: [mem 0x0000000080000000-0x000000009fdfffff]
[    0.000000] Initmem setup node 0 [mem 0x0000000080000000-0x000000009fdfffff]
[    0.000000] OF: reserved mem: Reserved memory: No reserved-memory node in the DT
[    0.000000] CPU: All CPU(s) started in SVC mode.
[    0.000000] AM335X ES2.1 (sgx neon)
[    0.000000] percpu: Embedded 17 pages/cpu s39628 r8192 d21812 u69632
[    0.000000] pcpu-alloc: s39628 r8192 d21812 u69632 alloc=17*4096
[    0.000000] pcpu-alloc: [0] 0 
[    0.000000] Kernel command line: console=ttyO0,115200n8 root=/dev/nfs rw nfsroot=192.168.255.126:/home/user01/nfs,nfsvers=3 ip=192.168.255.1:192.168.255.126::255.255.255.0:bbb1:eth0 nfsrootdebug
[    0.000000] Unknown kernel command line parameters "nfsrootdebug", will be passed to user space.
[    0.000000] printk: log buffer data + meta data: 65536 + 204800 = 270336 bytes
[    0.000000] Dentry cache hash table entries: 65536 (order: 6, 262144 bytes, linear)
[    0.000000] Inode-cache hash table entries: 32768 (order: 5, 131072 bytes, linear)
[    0.000000] Built 1 zonelists, mobility grouping on.  Total pages: 130560
[    0.000000] mem auto-init: stack:off, heap alloc:off, heap free:off
[    0.000000] SLUB: HWalign=16, Order=0-3, MinObjects=0, CPUs=1, Nodes=1
[    0.000000] rcu: Hierarchical RCU implementation.
[    0.000000] rcu: 	RCU event tracing is enabled.
[    0.000000] rcu: 	RCU restricting CPUs from NR_CPUS=2 to nr_cpu_ids=1.
[    0.000000] 	Tracing variant of Tasks RCU enabled.
[    0.000000] rcu: RCU calculated value of scheduler-enlistment delay is 10 jiffies.
[    0.000000] rcu: Adjusting geometry for rcu_fanout_leaf=16, nr_cpu_ids=1
[    0.000000] RCU Tasks Trace: Setting shift to 0 and lim to 1 rcu_task_cb_adjust=1 rcu_task_cpu_ids=1.
[    0.000000] NR_IRQS: 16, nr_irqs: 16, preallocated irqs: 16
[    0.000000] IRQ: Found an INTC at 0x(ptrval) (revision 5.0) with 128 interrupts
[    0.000000] rcu: srcu_init: Setting srcu_struct sizes based on contention.
[    0.000000] TI gptimer clocksource: always-on /ocp/interconnect@44c00000/segment@200000/target-module@31000
[    0.000003] sched_clock: 32 bits at 24MHz, resolution 41ns, wraps every 89478484971ns
[    0.000027] clocksource: dmtimer: mask: 0xffffffff max_cycles: 0xffffffff, max_idle_ns: 79635851949 ns
[    0.000498] TI gptimer clockevent: 24000000 Hz at /ocp/interconnect@48000000/segment@0/target-module@40000
[    0.002128] Console: colour dummy device 80x30
[    0.002192] WARNING: Your 'console=ttyO0' has been replaced by 'ttyS0'
[    0.002200] This ensures that you still see kernel messages. Please
[    0.002204] update your kernel commandline.
[    0.002245] Calibrating delay loop... 996.14 BogoMIPS (lpj=4980736)
[    0.090547] CPU: Testing write buffer coherency: ok
[    0.090668] CPU0: Spectre v2: using BPIALL workaround
[    0.090678] pid_max: default: 32768 minimum: 301
[    0.090827] LSM: initializing lsm=capability
[    0.091006] Mount-cache hash table entries: 1024 (order: 0, 4096 bytes, linear)
[    0.091026] Mountpoint-cache hash table entries: 1024 (order: 0, 4096 bytes, linear)
[    0.092608] CPU0: thread -1, cpu 0, socket -1, mpidr 0
[    0.092665] cacheinfo: Unable to detect cache hierarchy for CPU 0
[    0.150742] Setting up static identity map for 0x80100000 - 0x80100078
[    0.160699] rcu: Hierarchical SRCU implementation.
[    0.160710] rcu: 	Max phase no-delay instances is 1000.
[    0.180747] smp: Bringing up secondary CPUs ...
[    0.180803] smp: Brought up 1 node, 1 CPU
[    0.180816] SMP: Total of 1 processors activated (996.14 BogoMIPS).
[    0.180827] CPU: All CPU(s) started in SVC mode.
[    0.181018] Memory: 480832K/522240K available (11264K kernel code, 1213K rwdata, 2896K rodata, 1024K init, 288K bss, 23380K reserved, 16384K cma-reserved, 0K highmem)
[    0.181858] devtmpfs: initialized
[    0.199746] VFP support v0.3: implementor 41 architecture 3 part 30 variant c rev 3
[    0.200388] clocksource: jiffies: mask: 0xffffffff max_cycles: 0xffffffff, max_idle_ns: 19112604462750000 ns
[    0.200429] futex hash table entries: 256 (order: 2, 16384 bytes, linear)
[    0.201687] pinctrl core: initialized pinctrl subsystem
[    0.204445] NET: Registered PF_NETLINK/PF_ROUTE protocol family
[    0.207215] DMA: preallocated 256 KiB pool for atomic coherent allocations
[    0.208146] audit: initializing netlink subsys (disabled)
[    0.209512] thermal_sys: Registered thermal governor 'fair_share'
[    0.209526] thermal_sys: Registered thermal governor 'step_wise'
[    0.209535] thermal_sys: Registered thermal governor 'user_space'
[    0.209683] audit: type=2000 audit(0.200:1): state=initialized audit_enabled=0 res=1
[    0.209721] cpuidle: using governor menu
[    0.227882] /ocp/interconnect@44c00000/segment@200000/target-module@b000/i2c@0/tda19988@70: Fixed dependency cycle(s) with /ocp/interconnect@48000000/segment@300000/target-module@e000/lcdc@0
[    0.228985] /ocp/interconnect@48000000/segment@300000/target-module@e000/lcdc@0: Fixed dependency cycle(s) with /ocp/interconnect@44c00000/segment@200000/target-module@b000/i2c@0/tda19988@70
[    0.231383] No ATAGs?
[    0.231429] hw-breakpoint: debug architecture 0x4 unsupported.
[    0.234131] kprobes: kprobe jump-optimization is enabled. All kprobes are optimized if possible.
[    0.243969] iommu: Default domain type: Translated
[    0.243991] iommu: DMA domain TLB invalidation policy: strict mode
[    0.245624] reg-fixed-voltage fixedregulator0: using DT '/fixedregulator0' for '(default)' GPIO lookup
[    0.245677] of_get_named_gpiod_flags: can't parse 'gpios' property of node '/fixedregulator0[0]'
[    0.245706] of_get_named_gpiod_flags: can't parse 'gpio' property of node '/fixedregulator0[0]'
[    0.245723] reg-fixed-voltage fixedregulator0: using lookup tables for GPIO lookup
[    0.245733] reg-fixed-voltage fixedregulator0: No GPIO consumer (default) found
[    0.251570] SCSI subsystem initialized
[    0.252072] libata version 3.00 loaded.
[    0.252442] pps_core: LinuxPPS API ver. 1 registered
[    0.252453] pps_core: Software ver. 5.3.6 - Copyright 2005-2007 Rodolfo Giometti <giometti@linux.it>
[    0.252477] PTP clock support registered
[    0.260788] vgaarb: loaded
[    0.261152] clocksource: Switched to clocksource dmtimer
[    0.261808] VFS: Disk quotas dquot_6.6.0
[    0.261862] VFS: Dquot-cache hash table entries: 1024 (order 0, 4096 bytes)
[    0.285552] NET: Registered PF_INET protocol family
[    0.285898] IP idents hash table entries: 8192 (order: 4, 65536 bytes, linear)
[    0.287320] tcp_listen_portaddr_hash hash table entries: 512 (order: 0, 4096 bytes, linear)
[    0.287356] Table-perturb hash table entries: 65536 (order: 6, 262144 bytes, linear)
[    0.287376] TCP established hash table entries: 4096 (order: 2, 16384 bytes, linear)
[    0.287419] TCP bind hash table entries: 4096 (order: 4, 65536 bytes, linear)
[    0.287518] TCP: Hash tables configured (established 4096 bind 4096)
[    0.287635] UDP hash table entries: 256 (order: 1, 14336 bytes, linear)
[    0.287671] UDP-Lite hash table entries: 256 (order: 1, 14336 bytes, linear)
[    0.287867] NET: Registered PF_UNIX/PF_LOCAL protocol family
[    0.291993] RPC: Registered named UNIX socket transport module.
[    0.292016] RPC: Registered udp transport module.
[    0.292021] RPC: Registered tcp transport module.
[    0.292025] RPC: Registered tcp-with-tls transport module.
[    0.292030] RPC: Registered tcp NFSv4.1 backchannel transport module.
[    0.292056] PCI: CLS 0 bytes, default 64
[    0.293499] Initialise system trusted keyrings
[    0.302058] workingset: timestamp_bits=14 max_order=17 bucket_order=3
[    0.303450] NFS: Registering the id_resolver key type
[    0.303520] Key type id_resolver registered
[    0.303527] Key type id_legacy registered
[    0.303640] jffs2: version 2.2. (NAND) (SUMMARY)  Â© 2001-2006 Red Hat, Inc.
[    0.304064] Key type asymmetric registered
[    0.304080] Asymmetric key parser 'x509' registered
[    0.304145] io scheduler mq-deadline registered
[    0.304155] io scheduler kyber registered
[    0.304231] io scheduler bfq registered
[    0.305829] ledtrig-cpu: registered to indicate activity on CPUs
[    0.312198] Serial: 8250/16550 driver, 6 ports, IRQ sharing enabled
[    0.350662] brd: module loaded
[    0.369218] loop: module loaded
[    0.370138] mtdoops: mtd device (mtddev=name/number) must be supplied
[    0.372021] mdio_bus fixed-0: using lookup tables for GPIO lookup
[    0.372044] mdio_bus fixed-0: No GPIO consumer reset found
[    0.373429] i2c_dev: i2c /dev entries driver
[    0.374411] cpuidle: enable-method property 'ti,am3352' found operations
[    0.374861] sdhci: Secure Digital Host Controller Interface driver
[    0.374870] sdhci: Copyright(c) Pierre Ossman
[    0.375044] sdhci-pltfm: SDHCI platform and OF driver helper
[    0.376059] Initializing XFRM netlink socket
[    0.376235] NET: Registered PF_INET6 protocol family
[    0.389011] Segment Routing with IPv6
[    0.389097] In-situ OAM (IOAM) with IPv6
[    0.389202] sit: IPv6, IPv4 and MPLS over IPv4 tunneling driver
[    0.390159] NET: Registered PF_PACKET protocol family
[    0.390193] NET: Registered PF_KEY protocol family
[    0.390303] Key type dns_resolver registered
[    0.390530] ThumbEE CPU extension supported.
[    0.390549] Registering SWP/SWPB emulation handler
[    0.391093] omap_voltage_late_init: Voltage driver support not added
[    0.391602] SmartReflex Class3 initialized
[    0.414697] Loading compiled-in X.509 certificates
[    0.453638] /ocp/interconnect@44c00000/segment@200000/target-module@b000/i2c@0/tda19988@70: Fixed dependency cycle(s) with /ocp/interconnect@48000000/segment@300000/target-module@e000/lcdc@0
[    0.460002] /ocp/interconnect@44c00000/segment@200000/target-module@b000/i2c@0/tda19988@70: Fixed dependency cycle(s) with /ocp/interconnect@48000000/segment@300000/target-module@e000/lcdc@0
[    0.465741] gpiochip_find_base_unlocked: found new base at 512
[    0.486033] /ocp/interconnect@44c00000/segment@200000/target-module@b000/i2c@0/tda19988@70: Fixed dependency cycle(s) with /ocp/interconnect@48000000/segment@300000/target-module@e000/lcdc@0
[    0.486904] /ocp/interconnect@44c00000/segment@200000/target-module@b000/i2c@0/tda19988@70: Fixed dependency cycle(s) with /ocp/interconnect@48000000/segment@300000/target-module@e000/lcdc@0
[    0.490296] /ocp/interconnect@44c00000/segment@200000/target-module@10000/scm@0/pinmux@800: Fixed dependency cycle(s) with /ocp/interconnect@44c00000/segment@200000/target-module@10000/scm@0/pinmux@800/clkout2-pins
[    0.490898] pinctrl-single 44e10800.pinmux: 142 pins, size 568
[    0.496399] ti-sysc 44e31000.target-module: probe with driver ti-sysc failed with error -16
[    0.532913] /ocp/interconnect@48000000/segment@300000/target-module@e000/lcdc@0: Fixed dependency cycle(s) with /ocp/interconnect@44c00000/segment@200000/target-module@b000/i2c@0/tda19988@70
[    0.540810] ti-sysc 48040000.target-module: probe with driver ti-sysc failed with error -16
[    0.552362] gpiochip_find_base_unlocked: found new base at 512
[    0.552463] gpio gpiochip0: (gpio-0-31): created GPIO range 0->7 ==> 44e10800.pinmux PIN 0->7
[    0.552483] gpio gpiochip0: (gpio-0-31): created GPIO range 8->11 ==> 44e10800.pinmux PIN 90->93
[    0.552499] gpio gpiochip0: (gpio-0-31): created GPIO range 12->27 ==> 44e10800.pinmux PIN 12->27
[    0.552514] gpio gpiochip0: (gpio-0-31): created GPIO range 28->31 ==> 44e10800.pinmux PIN 30->33
[    0.573455] gpio gpiochip0: (gpio-0-31): added GPIO chardev (254:0)
[    0.573613] gpio gpiochip0: registered GPIOs 512 to 543 on gpio-0-31
[    0.573700] OMAP GPIO hardware version 0.1
[    0.611444] i2c i2c-2: using DT '/ocp/interconnect@48000000/segment@100000/target-module@9c000/i2c@0' for 'scl' GPIO lookup
[    0.611520] of_get_named_gpiod_flags: can't parse 'scl-gpios' property of node '/ocp/interconnect@48000000/segment@100000/target-module@9c000/i2c@0[0]'
[    0.611561] of_get_named_gpiod_flags: can't parse 'scl-gpio' property of node '/ocp/interconnect@48000000/segment@100000/target-module@9c000/i2c@0[0]'
[    0.611597] i2c i2c-2: using lookup tables for GPIO lookup
[    0.611606] i2c i2c-2: No GPIO consumer scl found
[    0.611628] i2c i2c-2: using DT '/ocp/interconnect@48000000/segment@100000/target-module@9c000/i2c@0' for 'sda' GPIO lookup
[    0.611663] of_get_named_gpiod_flags: can't parse 'sda-gpios' property of node '/ocp/interconnect@48000000/segment@100000/target-module@9c000/i2c@0[0]'
[    0.611700] of_get_named_gpiod_flags: can't parse 'sda-gpio' property of node '/ocp/interconnect@48000000/segment@100000/target-module@9c000/i2c@0[0]'
[    0.611731] i2c i2c-2: using lookup tables for GPIO lookup
[    0.611739] i2c i2c-2: No GPIO consumer sda found
[    0.612456] omap_i2c 4819c000.i2c: bus 2 rev0.11 at 100 kHz
[    0.618034] gpiochip_find_base_unlocked: found new base at 544
[    0.618134] gpio gpiochip1: (gpio-32-63): created GPIO range 0->17 ==> 44e10800.pinmux PIN 34->51
[    0.618154] gpio gpiochip1: (gpio-32-63): created GPIO range 18->21 ==> 44e10800.pinmux PIN 77->80
[    0.618171] gpio gpiochip1: (gpio-32-63): created GPIO range 22->31 ==> 44e10800.pinmux PIN 56->65
[    0.641340] gpio gpiochip1: (gpio-32-63): added GPIO chardev (254:1)
[    0.641503] gpio gpiochip1: registered GPIOs 544 to 575 on gpio-32-63
[    0.643769] gpiochip_find_base_unlocked: found new base at 576
[    0.643859] gpio gpiochip2: (gpio-64-95): created GPIO range 0->4 ==> 44e10800.pinmux PIN 66->70
[    0.643877] gpio gpiochip2: (gpio-64-95): created GPIO range 5->6 ==> 44e10800.pinmux PIN 98->99
[    0.643893] gpio gpiochip2: (gpio-64-95): created GPIO range 7->8 ==> 44e10800.pinmux PIN 75->76
[    0.643908] gpio gpiochip2: (gpio-64-95): created GPIO range 13->13 ==> 44e10800.pinmux PIN 141->141
[    0.643924] gpio gpiochip2: (gpio-64-95): created GPIO range 14->21 ==> 44e10800.pinmux PIN 100->107
[    0.644586] gpio gpiochip2: (gpio-64-95): added GPIO chardev (254:2)
[    0.644718] gpio gpiochip2: registered GPIOs 576 to 607 on gpio-64-95
[    0.650168] 48000000.interconnect:segment@200000:target-module@0:mpu@0:fck: device ID is greater than 24
[    0.651035] /ocp/interconnect@48000000/segment@300000/target-module@e000/lcdc@0: Fixed dependency cycle(s) with /ocp/interconnect@44c00000/segment@200000/target-module@b000/i2c@0/tda19988@70
[    0.654115] /ocp/interconnect@48000000/segment@300000/target-module@e000/lcdc@0: Fixed dependency cycle(s) with /ocp/interconnect@44c00000/segment@200000/target-module@b000/i2c@0/tda19988@70
[    0.654818] /ocp/interconnect@44c00000/segment@200000/target-module@b000/i2c@0/tda19988@70: Fixed dependency cycle(s) with /ocp/interconnect@48000000/segment@300000/target-module@e000/lcdc@0
[    0.654991] /ocp/interconnect@48000000/segment@300000/target-module@e000/lcdc@0: Fixed dependency cycle(s) with /ocp/interconnect@44c00000/segment@200000/target-module@b000/i2c@0/tda19988@70
[    0.664573] mdio_bus 4a101000.mdio: using DT '/ocp/interconnect@4a000000/segment@0/target-module@100000/switch@0/mdio@1000' for 'reset' GPIO lookup
[    0.664646] of_get_named_gpiod_flags: can't parse 'reset-gpios' property of node '/ocp/interconnect@4a000000/segment@0/target-module@100000/switch@0/mdio@1000[0]'
[    0.664693] of_get_named_gpiod_flags: can't parse 'reset-gpio' property of node '/ocp/interconnect@4a000000/segment@0/target-module@100000/switch@0/mdio@1000[0]'
[    0.664739] mdio_bus 4a101000.mdio: using lookup tables for GPIO lookup
[    0.664748] mdio_bus 4a101000.mdio: No GPIO consumer reset found
[    0.665631] sdhci-omap 481d8000.mmc: using DT '/ocp/interconnect@48000000/segment@100000/target-module@d8000/mmc@0' for 'wp' GPIO lookup
[    0.665690] of_get_named_gpiod_flags: can't parse 'wp-gpios' property of node '/ocp/interconnect@48000000/segment@100000/target-module@d8000/mmc@0[0]'
[    0.665731] of_get_named_gpiod_flags: can't parse 'wp-gpio' property of node '/ocp/interconnect@48000000/segment@100000/target-module@d8000/mmc@0[0]'
[    0.665764] sdhci-omap 481d8000.mmc: using lookup tables for GPIO lookup
[    0.665773] sdhci-omap 481d8000.mmc: No GPIO consumer wp found
[    0.665964] sdhci-omap 481d8000.mmc: supply pbias not found, using dummy regulator
[    0.666461] sdhci-omap 481d8000.mmc: supply vqmmc not found, using dummy regulator
[    0.713928] davinci_mdio 4a101000.mdio: davinci mdio revision 1.6, bus freq 1000000
[    0.735789] mdio_bus 4a101000.mdio:00: using DT '/ocp/interconnect@4a000000/segment@0/target-module@100000/switch@0/mdio@1000/ethernet-phy@0' for 'reset' GPIO lookup
[    0.735890] of_get_named_gpiod_flags: parsed 'reset-gpios' property of node '/ocp/interconnect@4a000000/segment@0/target-module@100000/switch@0/mdio@1000/ethernet-phy@0[0]' - status (0)
[    0.736054] gpio gpiochip0: Persistence not supported for GPIO 8
[    0.861902] davinci_mdio 4a101000.mdio: phy[0]: device 4a101000.mdio:00, driver SMSC LAN8710/LAN8720
[    0.862702] cpsw-switch 4a100000.switch: initialized cpsw ale version 1.4
[    0.862726] cpsw-switch 4a100000.switch: ALE Table size 1024, Policers 0
[    0.862873] cpsw-switch 4a100000.switch: cpts: overflow check period 500 (jiffies)
[    0.862887] cpsw-switch 4a100000.switch: CPTS: ref_clk_freq:250000000 calc_mult:2147483648 calc_shift:29 error:0 nsec/sec
[    0.862994] cpsw-switch 4a100000.switch: Detected MACID = 6c:ec:eb:68:de:78
[    0.864803] cpsw-switch 4a100000.switch: initialized (regs 0x4a100000, pool size 256) hw_ver:0019010C 1.12 (0)
[    0.875727] debugfs: Directory '49000000.dma' with parent 'dmaengine' already present!
[    0.875767] edma 49000000.dma: TI EDMA DMA engine driver
[    0.906765] target-module@4b000000:target-module@140000:pmu@0:fck: device ID is greater than 24
[    0.919328] hw perfevents: enabled with armv7_cortex_a8 PMU driver, 5 (8000000f) counters available
[    0.920221] gpio-clk clk_mcasp0: using DT '/clk_mcasp0' for 'enable' GPIO lookup
[    0.920287] of_get_named_gpiod_flags: parsed 'enable-gpios' property of node '/clk_mcasp0[0]' - status (0)
[    0.920330] gpio gpiochip0: Persistence not supported for GPIO 27
[    0.921304] gpiochip_find_base_unlocked: found new base at 608
[    0.921422] gpio gpiochip3: (gpio-96-127): created GPIO range 0->7 ==> 44e10800.pinmux PIN 82->89
[    0.921444] gpio gpiochip3: (gpio-96-127): created GPIO range 8->11 ==> 44e10800.pinmux PIN 52->55
[    0.921460] gpio gpiochip3: (gpio-96-127): created GPIO range 12->15 ==> 44e10800.pinmux PIN 94->97
[    0.921476] gpio gpiochip3: (gpio-96-127): created GPIO range 16->17 ==> 44e10800.pinmux PIN 71->72
[    0.921492] gpio gpiochip3: (gpio-96-127): created GPIO range 18->18 ==> 44e10800.pinmux PIN 135->135
[    0.921508] gpio gpiochip3: (gpio-96-127): created GPIO range 19->20 ==> 44e10800.pinmux PIN 108->109
[    0.921524] gpio gpiochip3: (gpio-96-127): created GPIO range 21->21 ==> 44e10800.pinmux PIN 73->73
[    0.921541] gpio gpiochip3: (gpio-96-127): created GPIO range 22->23 ==> 44e10800.pinmux PIN 8->9
[    0.921558] gpio gpiochip3: (gpio-96-127): created GPIO range 26->27 ==> 44e10800.pinmux PIN 10->11
[    0.921576] gpio gpiochip3: (gpio-96-127): created GPIO range 28->28 ==> 44e10800.pinmux PIN 74->74
[    0.921593] gpio gpiochip3: (gpio-96-127): created GPIO range 29->29 ==> 44e10800.pinmux PIN 81->81
[    0.921612] gpio gpiochip3: (gpio-96-127): created GPIO range 30->31 ==> 44e10800.pinmux PIN 28->29
[    0.927209] l3-aon-clkctrl:0000:0: failed to disable
[    0.935030] gpio gpiochip3: (gpio-96-127): added GPIO chardev (254:3)
[    0.935180] gpio gpiochip3: registered GPIOs 608 to 639 on gpio-96-127
[    0.937045] omap8250 44e09000.serial: using DT '/ocp/interconnect@44c00000/segment@200000/target-module@9000/serial@0' for 'rs485-term' GPIO lookup
[    0.937116] of_get_named_gpiod_flags: can't parse 'rs485-term-gpios' property of node '/ocp/interconnect@44c00000/segment@200000/target-module@9000/serial@0[0]'
[    0.937159] of_get_named_gpiod_flags: can't parse 'rs485-term-gpio' property of node '/ocp/interconnect@44c00000/segment@200000/target-module@9000/serial@0[0]'
[    0.937195] omap8250 44e09000.serial: using lookup tables for GPIO lookup
[    0.937205] omap8250 44e09000.serial: No GPIO consumer rs485-term found
[    0.937215] omap8250 44e09000.serial: using DT '/ocp/interconnect@44c00000/segment@200000/target-module@9000/serial@0' for 'rs485-rx-during-tx' GPIO lookup
[    0.937250] of_get_named_gpiod_flags: can't parse 'rs485-rx-during-tx-gpios' property of node '/ocp/interconnect@44c00000/segment@200000/target-module@9000/serial@0[0]'
[    0.937287] of_get_named_gpiod_flags: can't parse 'rs485-rx-during-tx-gpio' property of node '/ocp/interconnect@44c00000/segment@200000/target-module@9000/serial@0[0]'
[    0.937319] omap8250 44e09000.serial: using lookup tables for GPIO lookup
[    0.937327] omap8250 44e09000.serial: No GPIO consumer rs485-rx-during-tx found
[    0.937722] 44e09000.serial: ttyS0 at MMIO 0x44e09000 (irq = 34, base_baud = 3000000) is a 8250
[    0.937812] printk: legacy console [ttyS0] enabled
[    2.432505] i2c i2c-0: using DT '/ocp/interconnect@44c00000/segment@200000/target-module@b000/i2c@0' for 'scl' GPIO lookup
[    2.432594] of_get_named_gpiod_flags: can't parse 'scl-gpios' property of node '/ocp/interconnect@44c00000/segment@200000/target-module@b000/i2c@0[0]'
[    2.432642] of_get_named_gpiod_flags: can't parse 'scl-gpio' property of node '/ocp/interconnect@44c00000/segment@200000/target-module@b000/i2c@0[0]'
[    2.432681] i2c i2c-0: using lookup tables for GPIO lookup
[    2.432694] i2c i2c-0: No GPIO consumer scl found
[    2.432720] i2c i2c-0: using DT '/ocp/interconnect@44c00000/segment@200000/target-module@b000/i2c@0' for 'sda' GPIO lookup
[    2.432760] of_get_named_gpiod_flags: can't parse 'sda-gpios' property of node '/ocp/interconnect@44c00000/segment@200000/target-module@b000/i2c@0[0]'
[    2.432800] of_get_named_gpiod_flags: can't parse 'sda-gpio' property of node '/ocp/interconnect@44c00000/segment@200000/target-module@b000/i2c@0[0]'
[    2.432836] i2c i2c-0: using lookup tables for GPIO lookup
[    2.432847] i2c i2c-0: No GPIO consumer sda found
[    2.452147] tps65217-pmic: Failed to locate of_node [id: -1]
[    2.458200] tps65217-bl: Failed to locate of_node [id: -1]
[    2.469518] tps65217 0-0024: TPS65217 ID 0xe version 1.2
[    2.475659] /ocp/interconnect@48000000/segment@300000/target-module@e000/lcdc@0: Fixed dependency cycle(s) with /ocp/interconnect@44c00000/segment@200000/target-module@b000/i2c@0/tda19988@70
[    2.493047] /ocp/interconnect@44c00000/segment@200000/target-module@b000/i2c@0/tda19988@70: Fixed dependency cycle(s) with /ocp/interconnect@48000000/segment@300000/target-module@e000/lcdc@0
[    2.510428] omap_i2c 44e0b000.i2c: bus 0 rev0.11 at 400 kHz
[    2.518230] sdhci-omap 48060000.mmc: using DT '/ocp/interconnect@48000000/segment@0/target-module@60000/mmc@0' for 'cd' GPIO lookup
[    2.518335] of_get_named_gpiod_flags: parsed 'cd-gpios' property of node '/ocp/interconnect@48000000/segment@0/target-module@60000/mmc@0[0]' - status (0)
[    2.518399] gpio gpiochip3: Persistence not supported for GPIO 6
[    2.518423] omap_gpio 44e07000.gpio: Could not set line 6 debounce to 200000 microseconds (-22)
[    2.527306] sdhci-omap 48060000.mmc: Got CD GPIO
[    2.531985] sdhci-omap 48060000.mmc: using DT '/ocp/interconnect@48000000/segment@0/target-module@60000/mmc@0' for 'wp' GPIO lookup
[    2.532035] of_get_named_gpiod_flags: can't parse 'wp-gpios' property of node '/ocp/interconnect@48000000/segment@0/target-module@60000/mmc@0[0]'
[    2.532079] of_get_named_gpiod_flags: can't parse 'wp-gpio' property of node '/ocp/interconnect@48000000/segment@0/target-module@60000/mmc@0[0]'
[    2.532117] sdhci-omap 48060000.mmc: using lookup tables for GPIO lookup
[    2.532131] sdhci-omap 48060000.mmc: No GPIO consumer wp found
[    2.532340] sdhci-omap 48060000.mmc: supply pbias not found, using dummy regulator
[    2.541016] sdhci-omap 481d8000.mmc: using DT '/ocp/interconnect@48000000/segment@100000/target-module@d8000/mmc@0' for 'wp' GPIO lookup
[    2.541087] of_get_named_gpiod_flags: can't parse 'wp-gpios' property of node '/ocp/interconnect@48000000/segment@100000/target-module@d8000/mmc@0[0]'
[    2.541236] of_get_named_gpiod_flags: can't parse 'wp-gpio' property of node '/ocp/interconnect@48000000/segment@100000/target-module@d8000/mmc@0[0]'
[    2.541280] sdhci-omap 481d8000.mmc: using lookup tables for GPIO lookup
[    2.541293] sdhci-omap 481d8000.mmc: No GPIO consumer wp found
[    2.542346] sdhci-omap 48060000.mmc: supply vqmmc not found, using dummy regulator
