Labgrid Console Logfile for main
Logfile started at 2025-09-11 20:33:46.475396
=== Log starts here ===
reading args
spl_load_image_fat_os: error reading image args, err - -1
reading u-boot.img
reading u-boot.img


U-Boot 2014.04-00014-g47880f5 (Apr 22 2014 - 13:23:54)

I2C:   ready
DRAM:  512 MiB
NAND:  0 MiB
MMC:   OMAP SD/MMC: 0, OMAP SD/MMC: 1
*** Warning - readenv() failed, using default environment

Net:   <ethaddr> not set. Validating first E-fuse MAC
cpsw, usb_ether
Hit any key to stop autoboot:  1  0 
gpio: pin 53 (gpio 53) value is 1
mmc0 is current device
gpio: pin 54 (gpio 54) value is 1
SD/MMC found on device 0
reading uEnv.txt
569 bytes read in 3 ms (184.6 KiB/s)
gpio: pin 55 (gpio 55) value is 1
Loaded environment from uEnv.txt
Importing environment from mmc ...
Checking if uenvcmd is set ...
gpio: pin 56 (gpio 56) value is 1
Running uenvcmd ...
cpsw Waiting for PHY auto negotiation to complete. done
link up on port 0, speed 100, full duplex
Using cpsw device
TFTP from server 192.168.255.126; our IP address is 192.168.255.1
Filename 'zImage'.
Load address: 0x81000000
Loading: *#################################################################
	 #################################################################
	 #################################################################
	 #################################################################
	 #################################################################
	 ########################################
	 2.4 MiB/s
done
Bytes transferred = 5351808 (51a980 hex)
link up on port 0, speed 100, full duplex
Using cpsw device
TFTP from server 192.168.255.126; our IP address is 192.168.255.1
Filename 'am335x-boneblack.dtb'.
Load address: 0x82000000
Loading: *#######
	 1.5 MiB/s
done
Bytes transferred = 97772 (17dec hex)
Kernel image @ 0x81000000 [ 0x000000 - 0x51a980 ]
## Flattened Device Tree blob at 82000000
   Booting using the fdt blob at 0x82000000
   Using Device Tree in place at 82000000, end 8201adeb

Starting kernel ...

[    0.000000] Booting Linux on physical CPU 0x0
[    0.000000] Linux version 6.6.106 (user01@drvtest01) (arm-none-eabi-gcc (Arm GNU Toolchain 14.2.Rel1 (Build arm-14.52)) 14.2.1 20241119, GNU ld (Arm GNU Toolchain 14.2.Rel1 (Build arm-14.52)) 2.43.1.20241119) #1 SMP Thu Sep 11 20:32:07 EEST 2025
[    0.000000] CPU: ARMv7 Processor [413fc082] revision 2 (ARMv7), cr=10c5387d
[    0.000000] CPU: PIPT / VIPT nonaliasing data cache, VIPT aliasing instruction cache
[    0.000000] OF: fdt: Machine model: TI AM335x BeagleBone Black
[    0.000000] Memory policy: Data cache writeback
[    0.000000] cma: Reserved 16 MiB at 0x9e800000 on node -1
[    0.000000] Zone ranges:
[    0.000000]   Normal   [mem 0x0000000080000000-0x000000009fdfffff]
[    0.000000]   HighMem  empty
[    0.000000] Movable zone start for each node
[    0.000000] Early memory node ranges
[    0.000000]   node   0: [mem 0x0000000080000000-0x000000009fdfffff]
[    0.000000] Initmem setup node 0 [mem 0x0000000080000000-0x000000009fdfffff]
[    0.000000] CPU: All CPU(s) started in SVC mode.
[    0.000000] AM335X ES2.1 (sgx neon)
[    0.000000] percpu: Embedded 16 pages/cpu s36116 r8192 d21228 u65536
[    0.000000] Kernel command line: console=ttyO0,115200n8 root=/dev/nfs rw nfsroot=192.168.255.126:/home/user01/nfs,nfsvers=3 ip=192.168.255.1:192.168.255.126::255.255.255.0:bbb1:eth0 nfsrootdebug
[    0.000000] Unknown kernel command line parameters "nfsrootdebug", will be passed to user space.
[    0.000000] Dentry cache hash table entries: 65536 (order: 6, 262144 bytes, linear)
[    0.000000] Inode-cache hash table entries: 32768 (order: 5, 131072 bytes, linear)
[    0.000000] Built 1 zonelists, mobility grouping on.  Total pages: 129412
[    0.000000] mem auto-init: stack:off, heap alloc:off, heap free:off
[    0.000000] Memory: 483604K/522240K available (11264K kernel code, 1165K rwdata, 2704K rodata, 1024K init, 282K bss, 22252K reserved, 16384K cma-reserved, 0K highmem)
[    0.000000] SLUB: HWalign=64, Order=0-3, MinObjects=0, CPUs=1, Nodes=1
[    0.000000] rcu: Hierarchical RCU implementation.
[    0.000000] rcu: 	RCU event tracing is enabled.
[    0.000000] rcu: 	RCU restricting CPUs from NR_CPUS=2 to nr_cpu_ids=1.
[    0.000000] rcu: RCU calculated value of scheduler-enlistment delay is 10 jiffies.
[    0.000000] rcu: Adjusting geometry for rcu_fanout_leaf=16, nr_cpu_ids=1
[    0.000000] NR_IRQS: 16, nr_irqs: 16, preallocated irqs: 16
[    0.000000] IRQ: Found an INTC at 0x(ptrval) (revision 5.0) with 128 interrupts
[    0.000000] rcu: srcu_init: Setting srcu_struct sizes based on contention.
[    0.000000] TI gptimer clocksource: always-on /ocp/interconnect@44c00000/segment@200000/target-module@31000
[    0.000003] sched_clock: 32 bits at 24MHz, resolution 41ns, wraps every 89478484971ns
[    0.000028] clocksource: dmtimer: mask: 0xffffffff max_cycles: 0xffffffff, max_idle_ns: 79635851949 ns
[    0.000518] TI gptimer clockevent: 24000000 Hz at /ocp/interconnect@48000000/segment@0/target-module@40000
[    0.002082] Console: colour dummy device 80x30
[    0.002131] WARNING: Your 'console=ttyO0' has been replaced by 'ttyS0'
[    0.002139] This ensures that you still see kernel messages. Please
[    0.002144] update your kernel commandline.
[    0.002183] Calibrating delay loop... 996.14 BogoMIPS (lpj=4980736)
[    0.090569] CPU: Testing write buffer coherency: ok
[    0.090666] CPU0: Spectre v2: using BPIALL workaround
[    0.090679] pid_max: default: 32768 minimum: 301
[    0.090792] LSM: initializing lsm=capability,integrity
[    0.090961] Mount-cache hash table entries: 1024 (order: 0, 4096 bytes, linear)
[    0.090980] Mountpoint-cache hash table entries: 1024 (order: 0, 4096 bytes, linear)
[    0.092452] CPU0: thread -1, cpu 0, socket -1, mpidr 0
[    0.094035] Setting up static identity map for 0x80100000 - 0x80100078
[    0.094314] rcu: Hierarchical SRCU implementation.
[    0.094324] rcu: 	Max phase no-delay instances is 1000.
[    0.095685] smp: Bringing up secondary CPUs ...
[    0.095741] smp: Brought up 1 node, 1 CPU
[    0.095755] SMP: Total of 1 processors activated (996.14 BogoMIPS).
[    0.095767] CPU: All CPU(s) started in SVC mode.
[    0.096650] devtmpfs: initialized
[    0.113459] VFP support v0.3: implementor 41 architecture 3 part 30 variant c rev 3
[    0.113812] clocksource: jiffies: mask: 0xffffffff max_cycles: 0xffffffff, max_idle_ns: 19112604462750000 ns
[    0.113850] futex hash table entries: 256 (order: 2, 16384 bytes, linear)
[    0.115140] pinctrl core: initialized pinctrl subsystem
[    0.117284] NET: Registered PF_NETLINK/PF_ROUTE protocol family
[    0.119821] DMA: preallocated 256 KiB pool for atomic coherent allocations
[    0.120426] audit: initializing netlink subsys (disabled)
[    0.121970] thermal_sys: Registered thermal governor 'fair_share'
[    0.121994] thermal_sys: Registered thermal governor 'step_wise'
[    0.121999] thermal_sys: Registered thermal governor 'user_space'
[    0.122107] audit: type=2000 audit(0.120:1): state=initialized audit_enabled=0 res=1
[    0.122181] cpuidle: using governor menu
[    0.138439] /ocp/interconnect@44c00000/segment@200000/target-module@b000/i2c@0/tda19988@70: Fixed dependency cycle(s) with /ocp/interconnect@48000000/segment@300000/target-module@e000/lcdc@0
[    0.139490] /ocp/interconnect@48000000/segment@300000/target-module@e000/lcdc@0: Fixed dependency cycle(s) with /ocp/interconnect@44c00000/segment@200000/target-module@b000/i2c@0/tda19988@70
[    0.141704] No ATAGs?
[    0.141725] hw-breakpoint: debug architecture 0x4 unsupported.
[    0.144735] kprobes: kprobe jump-optimization is enabled. All kprobes are optimized if possible.
[    0.163418] iommu: Default domain type: Translated
[    0.163437] iommu: DMA domain TLB invalidation policy: strict mode
[    0.164891] SCSI subsystem initialized
[    0.166712] pps_core: LinuxPPS API ver. 1 registered
[    0.166724] pps_core: Software ver. 5.3.6 - Copyright 2005-2007 Rodolfo Giometti <giometti@linux.it>
[    0.166747] PTP clock support registered
[    0.170919] vgaarb: loaded
[    0.171250] clocksource: Switched to clocksource dmtimer
[    0.171857] VFS: Disk quotas dquot_6.6.0
[    0.171916] VFS: Dquot-cache hash table entries: 1024 (order 0, 4096 bytes)
[    0.203152] NET: Registered PF_INET protocol family
[    0.203497] IP idents hash table entries: 8192 (order: 4, 65536 bytes, linear)
[    0.204825] tcp_listen_portaddr_hash hash table entries: 512 (order: 0, 4096 bytes, linear)
[    0.204864] Table-perturb hash table entries: 65536 (order: 6, 262144 bytes, linear)
[    0.204881] TCP established hash table entries: 4096 (order: 2, 16384 bytes, linear)
[    0.204926] TCP bind hash table entries: 4096 (order: 4, 65536 bytes, linear)
[    0.205027] TCP: Hash tables configured (established 4096 bind 4096)
[    0.205159] UDP hash table entries: 256 (order: 1, 8192 bytes, linear)
[    0.205188] UDP-Lite hash table entries: 256 (order: 1, 8192 bytes, linear)
[    0.205356] NET: Registered PF_UNIX/PF_LOCAL protocol family
[    0.212269] RPC: Registered named UNIX socket transport module.
[    0.212293] RPC: Registered udp transport module.
[    0.212299] RPC: Registered tcp transport module.
[    0.212304] RPC: Registered tcp-with-tls transport module.
[    0.212309] RPC: Registered tcp NFSv4.1 backchannel transport module.
[    0.212334] PCI: CLS 0 bytes, default 64
[    0.213917] Initialise system trusted keyrings
[    0.214969] workingset: timestamp_bits=14 max_order=17 bucket_order=3
[    0.221984] NFS: Registering the id_resolver key type
[    0.222068] Key type id_resolver registered
[    0.222075] Key type id_legacy registered
[    0.222132] jffs2: version 2.2. (NAND) (SUMMARY)  Â© 2001-2006 Red Hat, Inc.
[    0.222540] Key type asymmetric registered
[    0.222556] Asymmetric key parser 'x509' registered
[    0.222629] io scheduler mq-deadline registered
[    0.222640] io scheduler kyber registered
[    0.222708] io scheduler bfq registered
[    0.225377] hw perfevents: enabled with armv7_cortex_a8 PMU driver, 5 counters available
[    0.233823] l3-aon-clkctrl:0000:0: failed to disable
[    0.241502] Serial: 8250/16550 driver, 6 ports, IRQ sharing enabled
[    0.293947] brd: module loaded
[    0.313447] loop: module loaded
[    0.314371] mtdoops: mtd device (mtddev=name/number) must be supplied
[    0.317126] i2c_dev: i2c /dev entries driver
[    0.318097] cpuidle: enable-method property 'ti,am3352' found operations
[    0.318555] sdhci: Secure Digital Host Controller Interface driver
[    0.318565] sdhci: Copyright(c) Pierre Ossman
[    0.318754] sdhci-pltfm: SDHCI platform and OF driver helper
[    0.328315] ledtrig-cpu: registered to indicate activity on CPUs
[    0.329151] Initializing XFRM netlink socket
[    0.329277] NET: Registered PF_INET6 protocol family
[    0.348867] Segment Routing with IPv6
[    0.348945] In-situ OAM (IOAM) with IPv6
[    0.349055] sit: IPv6, IPv4 and MPLS over IPv4 tunneling driver
[    0.350027] NET: Registered PF_PACKET protocol family
[    0.350058] NET: Registered PF_KEY protocol family
[    0.350178] Key type dns_resolver registered
[    0.3 50406] ThumbEE CPU extension supported.
[    0.350427] Registering SWP/SWPB emulation handler
[    0.350937] omap_voltage_late_init: Voltage driver support not added
[    0.351720] SmartReflex Class3 initialized
[    0.387356] Loading compiled-in X.509 certificates
[    0.417181] /ocp/interconnect@44c00000/segment@200000/target-module@b000/i2c@0/tda19988@70: Fixed dependency cycle(s) with /ocp/interconnect@48000000/segment@300000/target-module@e000/lcdc@0
[    0.423511] /ocp/interconnect@44c00000/se gment@200000/target-module@b000/i2c@0/tda19988@70: Fixed dependency cycle(s) with /ocp/interconnect@48000000/segment@300000/target-module@e000/lcdc@0
[    0.431448] /ocp/interconnect@44c00000/segment@200000/target-module@b000/i2c@0/tda19988@70: Fixed dependency cycle(s) with /ocp/interconnect@48000000/segment@300000/target-module@e000/lcdc@0
[    0.432352] /ocp/interconnect@44c00000/segment@200000/target-module@b000/i2c@0/tda19988@70: Fixed dependency cycle(s) with /ocp/interconnect@48000000/segment@300000/target-module@e000/lcdc@0
[    0.435612] /ocp/interconnect@44c00000/segment@200000/target-module@10000/scm@0/pinmux@800: Fixed dependency cycle(s) with /ocp/interconnect@44c00000/segment@200000/target-module@10000/scm@0/pinmux@800/clkout2-pins
[    0.436213] pinctrl-single 44e10800.pinmux: 142 pins, size 568
[    0.441156] ti-sysc: probe of 44e31000.target-module failed with error -16
[    0.478832] /ocp/interconnect@48000000/segment@300000/target-module@e000/lcdc@0: Fixed dependency cycle(s) with /ocp/interconnect@44c00000/segment@200000/target-module@b000/i2c@0/tda19988@70
[    0.486646] ti-sysc: probe of 48040000.target-module failed with error -16
[    0.512626] OMAP GPIO hardware version 0.1
[    0.548235] omap_i2c 4819c000.i2c: bus 2 rev0.11 at 100 kHz
[    0.576826] /ocp/interconnect@48000000/segment@300000/target-module@e000/lcdc@0: Fixed dependency cycle(s) with /ocp/interconnect@44c00000/segment@200000/target-module@b000/i2c@0/tda19988@70
[    0.579458] /ocp/interconnect@48000000/segment@3092608] sdhci-omap 481d8000.mmc: supply vqmmc not found, using dummy regulator
[    0.670232] davinci_mdio 4a101000.mdio: davinci mdio revision 1.6, bus freq 1000000
[    0.863478] davinci_mdio 4a101000.mdio: phy[0]: device 4a101000.mdio:00, driver SMSC LAN8710/LAN8720
[    0.864122] cpsw-switch 4a100000.switch: initialized cpsw ale version 1.4
[    0.864143] cpsw-switch 4a100000.switch: ALE Table size 1024
[    0.864287] cpsw-switch 4a100000.switch: cpts: overflow check period 500 (jiffies)
[    0.864305] cpsw-switch 4a100000.switch: CPTS: ref_clk_freq:250000000 calc_mult:2147483648 calc_shift:29 error:0 nsec/sec
[    0.864407] cpsw-switch 4a100000.switch: Detected MACID = 6c:ec:eb:68:de:78
[    0.866225] cpsw-switch 4a100000.switch: initialized (regs 0x4a100000, pool size 256) hw_ver:0019010C 1.12 (0)
[    0.876878] debugfs: Directory '49000000.dma' with parent 'dmaengine' already present!
[    0.876923] edma 49000000.dma: TI EDMA DMA engine driver
[    0.934352] 44e09000.serial: ttyS0 at MMIO 0x44e09000 (irq = 34, base_baud = 3000000) is a 8250
[    0.934435] printk: console [ttyS0] enabled
[    2.162208] tps65217-pmic: Failed to locate of_node [id: -1]
[    2.168246] tps65217-bl: Failed to locate of_node [id: -1]
[    2.179226] tps65217 0-0024: TPS65217 ID 0xe version 1.2
[    2.185363] /ocp/interconnect@48000000/segment@300000/target-module@e000/lcdc@0: Fixed dependency cycle(s) with /ocp/interconnect@44c00000/segment@200000/target-module@b000/i2c@0/tda19988@70
[    2.202716] /ocp/interconnect@44c00000/segment@200000/target-module@b000/i2c@0/tda19988@70: Fixed dependency cycle(s) with /ocp/interconnect@48000000/segment@300000/target-module@e000/lcdc@0
[    2.220071] omap_i2c 44e0b000.i2c: bus 0 rev0.11 at 400 kHz
[    2.228003] omap_gpio 44e07000.gpio: Could not set line 6 debounce to 200000 microseconds (-22)
[    2.236871] sdhci-omap 48060000.mmc: Got CD GPIO
[    2.241875] sdhci-omap 48060000.mmc: supply pbias not found, using dummy regulator
[    2.252019] sdhci-omap 48060000.mmc: supply vqmmc not found, using dummy regulator
[    2.260740] sdhci-omap 481d8000.mmc: supply pbias not found, using dummy regulator
[    2.269635] sdhci-omap 481d8000.mmc: supply vqmmc not found, using dummy regulator
[    2.309558] mmc1: SDHCI controller on 481d8000.mmc [481d8000.mmc] using External DMA
[    2.318008] mmc0: SDHCI controller on 48060000.mmc [48060000.mmc] using External DMA
[    2.326707] cpsw-switch 4a100000.switch: starting ndev. mode: dual_mac
[    2.391552] mmc1: new high speed MMC card at address 0001
[    2.398429] mmcblk1: mmc1:0001 MMC04G 3.60 GiB
[    2.405805]  mmcblk1: p1 p2
[    2.409273] mmc0: new high speed SDHC card at address aaaa
[    2.416304] mmcblk1boot0: mmc1:0001 MMC04G 2.00 MiB
[    2.422873] mmcblk0: mmc0:aaaa SE32G 29.7 GiB
[    2.429509] mmcblk1boot1: mmc1:0001 MMC04G 2.00 MiB
[    2.437814] mmcblk1rpmb: mmc1:0001 MMC04G 128 KiB, chardev (250:0)
[    2.444551]  mmcblk0: p1 p2
[    2.512445] SMSC LAN8710/LAN8720 4a101000.mdio:00: attached PHY driver (mii_bus:phy_addr=4a101000.mdio:00, irq=POLL)
[    5.681978] cpsw-switch 4a100000.switch eth0: Link is Up - 100Mbps/Full - flow control off
[    5.731298] IP-Config: Complete:
[    5.734569]      device=eth0, hwaddr=6c:ec:eb:68:de:78, ipaddr=192.168.255.1, mask=255.255.255.0, gw=255.255.255.255
[    5.745186]      host=bbb1, domain=, nis-domain=(none)
[    5.750349]      bootserver=192.168.255.126, rootserver=192.168.255.126, rootpath=
[    5.750767] clk: Disabling unused clocks
[    5.762628] KTAP version 1
[    5.765357] 1..0
[    5.797622] VFS: Mounted root (nfs filesystem) on device 0:16.
[    5.804729] devtmpfs: mounted
[    5.809348] Freeing unused kernel image (initmem) memory: 1024K
[    5.816112] Run /sbin/init as init process
[    6.494484] systemd[1]: System time before build time, advancing clock.
[    7.951267] random: crng init done
[    8.022586] systemd[1]: systemd 232 running in system mode. (+PAM +AUDIT +SELINUX +IMA +APPARMOR +SMACK +SYSVINIT +UTMP +LIBCRYPTSETUP +GCRYPT +GNUTLS +ACL +XZ +LZ4 +SECCOMP +BLKID +ELFUTILS +KMOD +IDN)
[    8.041660] systemd[1]: Detected architecture arm.

Welcome to [1mDebian GNU/Linux 9 (stretch)[0m!

[    8.084257] systemd[1]: Set hostname to <arm>.
[    9.157162] systemd[1]: Listening on Syslog Socket.
[[0;32m  OK  [0m] Listening on Syslog Socket.
[    9.191620] systemd[1]: Reached target Remote File Systems.
[[0;32m  OK  [0m] Reached target Remote File Systems.
[    9.231944] systemd[1]: Listening on Journal Socket (/dev/log).
[[0;32m  OK  [0m] Listening on Journal Socket (/dev/log).
[    9.273210] systemd[1]: Listening on udev Control Socket.
[[0;32m  OK  [0m] Listening on udev Control Socket.
[    9.312893] systemd[1]: Set up automount Arbitrary Executable File Formats File System Automount Point.
[[0;32m  OK  [0m] Set up automount Arbitrary Executabâ€¦rmats File System Automount Point.
[    9.352880] systemd[1]: Created slice System Slice.
[[0;32m  OK  [0m] Created slice System Slice.
[    9.392635] systemd[1]: Created slice system-getty.slice.
[[0;32m  OK  [0m] Created slice system-getty.slice.
[[0;32m  OK  [0m] Created slice system-serial\x2dgetty.slice.
         Mounting POSIX Message Queue File System...
[[0;32m  OK  [0m] Listening on Journal Socket.
         Starting Load Kernel Modules...
         Starting Remount Root and Kernel File Systems...
[[0;32m  OK  [0m] Listening on /dev/initctl Compatibility Named Pipe.
[[0;32m  OK  [0m] Started Forward Password Requests to Wall Directory Watch.
         Mounting Debug File System...
[[0;32m  OK  [0m] Listening on udev Kernel Socket.
         Starting Create list of required stâ€¦ce nodes for the current kernel...
[[0;32m  OK  [0m] Started Dispatch Password Requests to Console Directory Watch.
[[0;32m  OK  [0m] Reached target Paths.
[[0;32m  OK  [0m] Reached target Encrypted Volumes.
[[0;32m  OK  [0m] Listening on Journal Audit Socket.
         Starting Journal Service...
[[0;32m  OK  [0m] Created slice User and Session Slice.
[[0;32m  OK  [0m] Reached target Slices.
[[0;32m  OK  [0m] Reached target Swap.
[[0;32m  OK  [0m] Mounted POSIX Message Queue File System.
[[0;32m  OK  [0m] Mounted Debug File System.
[[0;32m  OK  [0m] Started Load Kernel Modules.
[[0;32m  OK  [0m] Started Remount Root and Kernel File Systems.
[[0;32m  OK  [0m] Started Create list of required staâ€¦vice nodes for the current kernel.
         Starting Create Static Device Nodes in /dev...
         Starting udev Coldplug all Devices...
         Starting Load/Save Random Seed...
         Mounting Configuration File System...
         Starting Apply Kernel Variables...
[[0;32m  OK  [0m] Mounted Configuration File System.
[[0;32m  OK  [0m] Started Journal Service.
[[0;32m  OK  [0m] Started Load/Save Random Seed.
         Starting Flush Journal to Persistent Storage...
[[0;32m  OK  [0m] Started Apply Kernel Variables.
[[0;32m  OK  [0m] Started Create Static Device Nodes in /dev.
[[0;32m  OK  [0m] Reached target Local File Systems (Pre).
[[0;32m  OK  [0m] Reached target Local File Systems.
         Starting udev Kernel Device Manager...
         Starting Raise network interfaces...
[   11.268811] systemd-journald[86]: Received request to flush runtime journal from PID 1
[[0;32m  OK  [0m] Started Flush Journal to Persistent Storage.
         Starting Create Volatile Files and Directories...
[[0;32m  OK  [0m] Started udev Kernel Device Manager.
[[0;32m  OK  [0m] Started Create Volatile Files and Directories.
         Starting Update UTMP about System Boot/Shutdown...
         Starting Network Time Synchronization...
[[0;32m  OK  [0m] Started Update UTMP about System Boot/Shutdown.
[[0;32m  OK  [0m] Started Network Time Synchronization.
[[0;32m  OK  [0m] Reached target System Time Synchronized.
[[0;32m  OK  [0m] Started udev Coldplug all Devices.
[[0;32m  OK  [0m] Reached target System Initialization.
[[0;32m  OK  [0m] Listening on D-Bus System Message Bus Socket.
[[0;32m  OK  [0m] Started Daily Cleanup of Temporary Directories.
[[0;32m  OK  [0m] Started Daily apt download activities.
[[0;32m  OK  [0m] Started Daily apt upgrade and clean activities.
[[0;32m  OK  [0m] Reached target Timers.
[[0;32m  OK  [0m] Listening on Avahi mDNS/DNS-SD Stack Activation Socket.
[[0;32m  OK  [0m] Reached target Sockets.
[[0;32m  OK  [0m] Reached target Basic System.
         Starting Login Service...
[   14.913739] remoteproc remoteproc0: wkup_m3 is available
         Starting System Logging Service...
         Starting Telephony service...
         Starting LSB: Start busybox udhcpd at boot time...
[   15.459498] at24 2-0054: supply vcc not found, using dummy regulator
[[0;32m  OK  [0m] Started Regular background program processing daemon.
[   15.592146] at24 2-0055: supply vcc not found, using dummy regulator
[   15.623344] am335x-phy-driver 47401300.usb-phy: dummy supplies not allowed for exclusive requests
[   15.683749] usbcore: registered new interface driver usbfs
[   15.689379] usbcore: registered new interface driver hub
[   15.694975] usbcore: registered new device driver usb
         Starting Cape Manager Service...
[   15.708365] at24 2-0056: supply vcc not found, using dummy regulator
[   15.837991] at24 2-0057: supply vcc not found, using dummy regulator
[   15.857714] tps6521x_pwrbutton tps65217-pwrbutton: DMA mask not set
         Starting Generic Board Startup...
         Starting DUN service...
[   16.012418] input: tps65217_pwrbutton as /devices/platform/ocp/44c00000.interconnect/44c00000.interconnect:segment@200000/44e0b000.target-module/44e0b000.i2c/i2c-0/0-0024/tps65217-pwrbutton/input/input0
[   16.045997] at24 0-0050: 32768 byte 24c256 EEPROM, writable, 1 bytes/write
[   16.078265] am335x-phy-driver 47401b00.usb-phy: dummy supplies not allowed for exclusive requests
         Starting LSB: Load kernel modules needed to enable cpufreq scaling...
[   16.271147] omap_rtc 44e3e000.rtc: registered as rtc0
[   16.276520] omap_rtc 44e3e000.rtc: setting system clock to 2000-01-01T00:00:00 UTC (946684800)
[[0;32m  OK  [0m] Started D-Bus System Message Bus.
[   16.531132] wkup_m3_ipc 44e11324.wkup_m3_ipc: IPC Request for A8->M3 Channel failed! -517
[   16.755934] omap_wdt: OMAP Watchdog Timer Rev 0x01: initial timeout 60 sec
[   16.789234] wkup_m3_ipc 44e11324.wkup_m3_ipc: IPC Request for A8->M3 Channel failed! -517
[   17.112122] wkup_m3_ipc 44e11324.wkup_m3_ipc: IPC Request for A8->M3 Channel failed! -517
[   17.218093] musb-hdrc musb-hdrc.1: MUSB HDRC host driver
[   17.223727] musb-hdrc musb-hdrc.1: new USB bus registered, assigned bus number 1
[   17.232315] wkup_m3_ipc 44e11324.wkup_m3_ipc: IPC Request for A8->M3 Channel failed! -517
[   17.404093] usb usb1: New USB device found, idVendor=1d6b, idProduct=0002, bcdDevice= 6.06
[   17.412598] usb usb1: New USB device strings: Mfr=3, Product=2, SerialNumber=1
[   17.419862] usb usb1: Product: MUSB HDRC host driver
[   17.424937] usb usb1: Manufacturer: Linux 6.6.106 musb-hcd
[   17.430451] usb usb1: SerialNumber: musb-hdrc.1
[   17.601092] hub 1-0:1.0: USB hub found
[   17.686562] hub 1-0:1.0: 1 port detected
[   17.705217] tda998x 0-0070: found TDA19988
[   17.763095] wkup_m3_ipc 44e11324.wkup_m3_ipc: IPC Request for A8->M3 Channel failed! -517
[   17.925832] wkup_m3_ipc 44e11324.wkup_m3_ipc: IPC Request for A8->M3 Channel failed! -517
[   18.138979] omap-mailbox 480c8000.mailbox: omap mailbox rev 0x400
[   18.182095] remoteproc remoteproc0: powering up wkup_m3
[   18.333630] remoteproc remoteproc0: Direct firmware load for am335x-pm-firmware.elf failed with error -2
[   18.343422] remoteproc remoteproc0: request_firmware failed: -2
[   18.349384] wkup_m3_ipc 44e11324.wkup_m3_ipc: rproc_boot failed
[   20.254720] tilcdc 4830e000.lcdc: bound 0-0070 (ops tda998x_audio_codec_init [tda998x])
[   20.268766] omap_rng 48310000.rng: Random Number Generator ver. 20
[   20.408335] [drm] Initialized tilcdc 1.0.0 20121205 for 4830e000.lcdc on minor 0
[   20.509454] tilcdc 4830e000.lcdc: [drm] Cannot find any crtc or sizes
[   20.517822] tilcdc 4830e000.lcdc: [drm] Cannot find any crtc or sizes
[[0;32m  OK  [0m] Started DUN service.
[[0;32m  OK  [0m] Started Telephony service.
         Starting Connection service...
         Starting Avahi mDNS/DNS-SD Stack...
[[0;32m  OK  [0m] Started System Logging Service.
[[0;32m  OK  [0m] Started Cape Manager Service.
[[0;32m  OK  [0m] Found device /dev/ttyS0.[   21.770250] PM: Cannot get wkup_m3_ipc handle

[   21.864461] omap-sham 53100000.sham: hw accel on OMAP rev 4.3
[   22.009600] omap-aes 53500000.aes: OMAP AES hw accel rev: 3.2
[   22.015970] omap-sham 53100000.sham: will run requests pump with realtime priority
[   22.026928] PM: Cannot get wkup_m3_ipc handle
[   22.143359] omap-aes 53500000.aes: will run requests pump with realtime priority
[   22.173960] PM: Cannot get wkup_m3_ipc handle
[   22.850690] Bluetooth: Core ver 2.22
[   22.854698] NET: Registered PF_BLUETOOTH protocol family
[   22.860047] Bluetooth: HCI device and connection manager initialized
[   22.866560] Bluetooth: HCI socket layer initialized
[   22.871545] Bluetooth: L2CAP socket layer initialized
[   22.876658] Bluetooth: SCO socket layer initialized
[   25.619279] PM: Cannot get wkup_m3_ipc handle
[   25.738858] PM: Cannot get wkup_m3_ipc handle
[[0;32m  OK  [0m] Started LSB: Start busybox udhcpd at boot time.
[   28.038676] configfs-gadget.g_multi gadget.0: HOST MAC 1c:ba:8c:a2:ed:6c
[   28.045685] configfs-gadget.g_multi gadget.0: MAC 1c:ba:8c:a2:ed:70
[   28.053352] configfs-gadget.g_multi gadget.0: HOST MAC 1c:ba:8c:a2:ed:6c
[   28.060118] configfs-gadget.g_multi gadget.0: MAC 1c:ba:8c:a2:ed:6d
[   28.067653] PM: Cannot get wkup_m3_ipc handle
[[0;32m  OK  [0m] Started Raise network interfaces.
[[0;32m  OK  [0m] Started LSB: Load kernel modules needed to enable cpufreq scaling.
[[0;32m  OK  [0m] Started Avahi mDNS/DNS-SD Stack.
[[0;32m  OK  [0m] Started Connection service.
[[0;32m  OK  [0m] Started Login Service.
         Starting Hostname Service...
         Starting WPA supplicant...
[[0;32m  OK  [0m] Reached target Sound Card.
         Starting LSB: set CPUFreq kernel parameters...
[[0;32m  OK  [0m] Started Hostname Service.
[[0;32m  OK  [0m] Started WPA supplicant.
[[0;32m  OK  [0m] Reached target Network.
[[0;32m  OK  [0m] Reached target Network is Online.
         Starting LSB: Advanced IEEE 802.11 management daemon...
         Starting The Apache HTTP Server...
         Starting Permit User Sessions...
         Starting OpenBSD Secure Shell server...
[[0;32m  OK  [0m] Started LSB: set CPUFreq kernel parameters.
[[0;32m  OK  [0m] Started LSB: Advanced IEEE 802.11 management daemon.
[[0;32m  OK  [0m] Started Permit User Sessions.
         Stopping LSB: Start busybox udhcpd at boot time...
[[0;32m  OK  [0m] Started Serial Getty on ttyS0.
[[0;32m  OK  [0m] Started Getty on tty1.
[[0;32m  OK  [0m] Reached target Login Prompts.
[[0;32m  OK  [0m] Stopped LSB: Start busybox udhcpd at boot time.
         Starting dnsmasq - A lightweight DHCP and caching DNS server...
[[0;32m  OK  [0m] Started OpenBSD Secure Shell server.
[[0;32m  OK  [0m] Started The Apache HTTP Server.
[[0;32m  OK  [0m] Started dnsmasq - A lightweight DHCP and caching DNS server.
[[0;32m  OK  [0m] Reached target Host and Network Name Lookups.
[[0;32m  OK  [0m] Started Serial Getty on ttyGS0.
[[0;32m  OK  [0m] Started Generic Board Startup.
[[0;32m  OK  [0m] Reached target Multi-User System.
[[0;32m  OK  [0m] Reached target Graphical Interface.
         Starting Update UTMP about System Runlevel Changes...
[[0;32m  OK  [0m] Started Update UTMP about System Runlevel Changes.

Debian GNU/Linux 9 arm ttyS0

default username:password is [debian:temppwd]

arm login: root
Password: 
Last login: Sat Jan  1 00:00:31 UTC 2000 on ttyS0
root
Linux arm 6.6.106 #1 SMP Thu Sep 11 20:32:07 EEST 2025 armv7l

The programs included with the Debian GNU/Linux system are free software;
the exact distribution terms for each program are described in the
individual files in /usr/share/doc/*/copyright.

Debian GNU/Linux comes with ABSOLUTELY NO WARRANTY, to the extent
permitted by applicable law.
root@arm:~# root
-bash: root: command not found
root@arm:~# dmesg -n 1
root@arm:~# echo 'GKBB''GGNLMS'
GKBBGGNLMS
root@arm:~# run() { echo -n "$MARKER"; sh -c "$@"; echo "$MARKER $?"; }
root@arm:~# echo 'GPNW''WXTAOM'
GPNWWXTAOM
root@arm:~# MARKER='BUVC''EYVEXK' run 'cat /proc/version'
BUVCEYVEXKLinux version 6.6.106 (user01@drvtest01) (arm-none-eabi-gcc (Arm GNU Toolchain 14.2.Rel1 (Build arm-14.52)) 14.2.1 20241119, GNU ld (Arm GNU Toolchain 14.2.Rel1 (Build arm-14.52)) 2.43.1.20241119) #1 SMP Thu Sep 11 20:32:07 EEST 2025
BUVCEYVEXK 0
root@arm:~# echo 'VOYH''HWCZYU'
VOYHHWCZYU
root@arm:~# MARKER='YWKH''VUUGBX' run false
YWKHVUUGBXYWKHVUUGBX 1
root@arm:~# Labgrid Console Logfile for main
Logfile started at 2025-09-11 20:34:43.046905
=== Log starts here ===

root@arm:~# run() { echo -n "$MARKER"; sh -c "$@"; echo "$MARKER $?"; }
root@arm:~# echo 'LFHZ''VBHZSJ'
LFHZVBHZSJ
root@arm:~# MARKER='PEAO''KJTVPH' run 'ls /iio_generic_buffer; echo $?'
PEAOKJTVPH/iio_generic_buffer
0
PEAOKJTVPH 0
root@arm:~# Labgrid Console Logfile for main
Logfile started at 2025-09-11 20:34:46.493247
=== Log starts here ===

root@arm:~# run() { echo -n "$MARKER"; sh -c "$@"; echo "$MARKER $?"; }
root@arm:~# echo 'AJJJ''JFOQES'
AJJJJFOQES
root@arm:~# MARKER='UYMY''ZXFGUF' run dmesg
UYMYZXFGUF[    0.000000] Booting Linux on physical CPU 0x0
[    0.000000] Linux version 6.6.106 (user01@drvtest01) (arm-none-eabi-gcc (Arm GNU Toolchain 14.2.Rel1 (Build arm-14.52)) 14.2.1 20241119, GNU ld (Arm GNU Toolchain 14.2.Rel1 (Build arm-14.52)) 2.43.1.20241119) #1 SMP Thu Sep 11 20:32:07 EEST 2025
[    0.000000] CPU: ARMv7 Processor [413fc082] revision 2 (ARMv7), cr=10c5387d
[    0.000000] CPU: PIPT / VIPT nonaliasing data cache, VIPT aliasing instruction cache
[    0.000000] OF: fdt: Machine model: TI AM335x BeagleBone Black
[    0.000000] Memory policy: Data cache writeback
[    0.000000] cma: Reserved 16 MiB at 0x9e800000 on node -1
[    0.000000] Zone ranges:
[    0.000000]   Normal   [mem 0x0000000080000000-0x000000009fdfffff]
[    0.000000]   HighMem  empty
[    0.000000] Movable zone start for each node
[    0.000000] Early memory node ranges
[    0.000000]   node   0: [mem 0x0000000080000000-0x000000009fdfffff]
[    0.000000] Initmem setup node 0 [mem 0x0000000080000000-0x000000009fdfffff]
[    0.000000] CPU: All CPU(s) started in SVC mode.
[    0.000000] AM335X ES2.1 (sgx neon)
[    0.000000] percpu: Embedded 16 pages/cpu s36116 r8192 d21228 u65536
[    0.000000] pcpu-alloc: s36116 r8192 d21228 u65536 alloc=16*4096
[    0.000000] pcpu-alloc: [0] 0 
[    0.000000] Kernel command line: console=ttyO0,115200n8 root=/dev/nfs rw nfsroot=192.168.255.126:/home/user01/nfs,nfsvers=3 ip=192.168.255.1:192.168.255.126::255.255.255.0:bbb1:eth0 nfsrootdebug
[    0.000000] Unknown kernel command line parameters "nfsrootdebug", will be passed to user space.
[    0.000000] Dentry cache hash table entries: 65536 (order: 6, 262144 bytes, linear)
[    0.000000] Inode-cache hash table entries: 32768 (order: 5, 131072 bytes, linear)
[    0.000000] Built 1 zonelists, mobility grouping on.  Total pages: 129412
[    0.000000] mem auto-init: stack:off, heap alloc:off, heap free:off
[    0.000000] Memory: 483604K/522240K available (11264K kernel code, 1165K rwdata, 2704K rodata, 1024K init, 282K bss, 22252K reserved, 16384K cma-reserved, 0K highmem)
[    0.000000] SLUB: HWalign=64, Order=0-3, MinObjects=0, CPUs=1, Nodes=1
[    0.000000] rcu: Hierarchical RCU implementation.
[    0.000000] rcu: 	RCU event tracing is enabled.
[    0.000000] rcu: 	RCU restricting CPUs from NR_CPUS=2 to nr_cpu_ids=1.
[    0.000000] rcu: RCU calculated value of scheduler-enlistment delay is 10 jiffies.
[    0.000000] rcu: Adjusting geometry for rcu_fanout_leaf=16, nr_cpu_ids=1
[    0.000000] NR_IRQS: 16, nr_irqs: 16, preallocated irqs: 16
[    0.000000] IRQ: Found an INTC at 0x(ptrval) (revision 5.0) with 128 interrupts
[    0.000000] rcu: srcu_init: Setting srcu_struct sizes based on contention.
[    0.000000] TI gptimer clocksource: always-on /ocp/interconnect@44c00000/segment@200000/target-module@31000
[    0.000003] sched_clock: 32 bits at 24MHz, resolution 41ns, wraps every 89478484971ns
[    0.000028] clocksource: dmtimer: mask: 0xffffffff max_cycles: 0xffffffff, max_idle_ns: 79635851949 ns
[    0.000518] TI gptimer clockevent: 24000000 Hz at /ocp/interconnect@48000000/segment@0/target-module@40000
[    0.002082] Console: colour dummy device 80x30
[    0.002131] WARNING: Your 'console=ttyO0' has been replaced by 'ttyS0'
[    0.002139] This ensures that you still see kernel messages. Please
[    0.002144] update your kernel commandline.
[    0.002183] Calibrating delay loop... 996.14 BogoMIPS (lpj=4980736)
[    0.090569] CPU: Testing write buffer coherency: ok
[    0.090666] CPU0: Spectre v2: using BPIALL workaround
[    0.090679] pid_max: default: 32768 minimum: 301
[    0.090792] LSM: initializing lsm=capability,integrity
[    0.090961] Mount-cache hash table entries: 1024 (order: 0, 4096 bytes, linear)
[    0.090980] Mountpoint-cache hash table entries: 1024 (order: 0, 4096 bytes, linear)
[    0.092452] CPU0: thread -1, cpu 0, socket -1, mpidr 0
[    0.094035] Setting up static identity map for 0x80100000 - 0x80100078
[    0.094314] rcu: Hierarchical SRCU implementation.
[    0.094324] rcu: 	Max phase no-delay instances is 1000.
[    0.095685] smp: Bringing up secondary CPUs ...
[    0.095741] smp: Brought up 1 node, 1 CPU
[    0.095755] SMP: Total of 1 processors activated (996.14 BogoMIPS).
[    0.095767] CPU: All CPU(s) started in SVC mode.
[    0.096650] devtmpfs: initialized
[    0.113459] VFP support v0.3: implementor 41 architecture 3 part 30 variant c rev 3
[    0.113812] clocksource: jiffies: mask: 0xffffffff max_cycles: 0xffffffff, max_idle_ns: 19112604462750000 ns
[    0.113850] futex hash table entries: 256 (order: 2, 16384 bytes, linear)
[    0.115140] pinctrl core: initialized pinctrl subsystem
[    0.117284] NET: Registered PF_NETLINK/PF_ROUTE protocol family
[    0.119821] DMA: preallocated 256 KiB pool for atomic coherent allocations
[    0.120426] audit: initializing netlink subsys (disabled)
[    0.121970] thermal_sys: Registered thermal governor 'fair_share'
[    0.121994] thermal_sys: Registered thermal governor 'step_wise'
[    0.121999] thermal_sys: Registered thermal governor 'user_space'
[    0.122107] audit: type=2000 audit(0.120:1): state=initialized audit_enabled=0 res=1
[    0.122181] cpuidle: using governor menu
[    0.138439] /ocp/interconnect@44c00000/segment@200000/target-module@b000/i2c@0/tda19988@70: Fixed dependency cycle(s) with /ocp/interconnect@48000000/segment@300000/target-module@e000/lcdc@0
[    0.139490] /ocp/interconnect@48000000/segment@300000/target-module@e000/lcdc@0: Fixed dependency cycle(s) with /ocp/interconnect@44c00000/segment@200000/target-module@b000/i2c@0/tda19988@70
[    0.141704] No ATAGs?
[    0.141725] hw-breakpoint: debug architecture 0x4 unsupported.
[    0.144735] kprobes: kprobe jump-optimization is enabled. All kprobes are optimized if possible.
[    0.163418] iommu: Default domain type: Translated
[    0.163437] iommu: DMA domain TLB invalidation policy: strict mode
[    0.164891] SCSI subsystem initialized
[    0.165718] reg-fixed-voltage fixedregulator0: using DT '/fixedregulator0' for '(null)' GPIO lookup
[    0.165770] of_get_named_gpiod_flags: can't parse 'gpios' property of node '/fixedregulator0[0]'
[    0.165799] of_get_named_gpiod_flags: can't parse 'gpio' property of node '/fixedregulator0[0]'
[    0.165817] reg-fixed-voltage fixedregulator0: using lookup tables for GPIO lookup
[    0.165827] reg-fixed-voltage fixedregulator0: No GPIO consumer (null) found
[    0.166362] libata version 3.00 loaded.
[    0.166712] pps_core: LinuxPPS API ver. 1 registered
[    0.166724] pps_core: Software ver. 5.3.6 - Copyright 2005-2007 Rodolfo Giometti <giometti@linux.it>
[    0.166747] PTP clock support registered
[    0.170919] vgaarb: loaded
[    0.171250] clocksource: Switched to clocksource dmtimer
[    0.171857] VFS: Disk quotas dquot_6.6.0
[    0.171916] VFS: Dquot-cache hash table entries: 1024 (order 0, 4096 bytes)
[    0.203152] NET: Registered PF_INET protocol family
[    0.203497] IP idents hash table entries: 8192 (order: 4, 65536 bytes, linear)
[    0.204825] tcp_listen_portaddr_hash hash table entries: 512 (order: 0, 4096 bytes, linear)
[    0.204864] Table-perturb hash table entries: 65536 (order: 6, 262144 bytes, linear)
[    0.204881] TCP established hash table entries: 4096 (order: 2, 16384 bytes, linear)
[    0.204926] TCP bind hash table entries: 4096 (order: 4, 65536 bytes, linear)
[    0.205027] TCP: Hash tables configured (established 4096 bind 4096)
[    0.205159] UDP hash table entries: 256 (order: 1, 8192 bytes, linear)
[    0.205188] UDP-Lite hash table entries: 256 (order: 1, 8192 bytes, linear)
[    0.205356] NET: Registered PF_UNIX/PF_LOCAL protocol family
[    0.212269] RPC: Registered named UNIX socket transport module.
[    0.212293] RPC: Registered udp transport module.
[    0.212299] RPC: Registered tcp transport module.
[    0.212304] RPC: Registered tcp-with-tls transport module.
[    0.212309] RPC: Registered tcp NFSv4.1 backchannel transport module.
[    0.212334] PCI: CLS 0 bytes, default 64
[    0.213917] Initialise system trusted keyrings
[    0.214969] workingset: timestamp_bits=14 max_order=17 bucket_order=3
[    0.221984] NFS: Registering the id_resolver key type
[    0.222068] Key type id_resolver registered
[    0.222075] Key type id_legacy registered
[    0.222132] jffs2: version 2.2. (NAND) (SUMMARY)  Â© 2001-2006 Red Hat, Inc.
[    0.222540] Key type asymmetric registered
[    0.222556] Asymmetric key parser 'x509' registered
[    0.222629] io scheduler mq-deadline registered
[    0.222640] io scheduler kyber registered
[    0.222708] io scheduler bfq registered
[    0.225377] hw perfevents: enabled with armv7_cortex_a8 PMU driver, 5 counters available
[    0.233823] l3-aon-clkctrl:0000:0: failed to disable
[    0.241502] Serial: 8250/16550 driver, 6 ports, IRQ sharing enabled
[    0.293947] brd: module loaded
[    0.313447] loop: module loaded
[    0.314371] mtdoops: mtd device (mtddev=name/number) must be supplied
[    0.315865] mdio_bus fixed-0: using lookup tables for GPIO lookup
[    0.315888] mdio_bus fixed-0: No GPIO consumer reset found
[    0.317126] i2c_dev: i2c /dev entries driver
[    0.318097] cpuidle: enable-method property 'ti,am3352' found operations
[    0.318555] sdhci: Secure Digital Host Controller Interface driver
[    0.318565] sdhci: Copyright(c) Pierre Ossman
[    0.318754] sdhci-pltfm: SDHCI platform and OF driver helper
[    0.328315] ledtrig-cpu: registered to indicate activity on CPUs
[    0.329151] Initializing XFRM netlink socket
[    0.329277] NET: Registered PF_INET6 protocol family
[    0.348867] Segment Routing with IPv6
[    0.348945] In-situ OAM (IOAM) with IPv6
[    0.349055] sit: IPv6, IPv4 and MPLS over IPv4 tunneling driver
[    0.350027] NET: Registered PF_PACKET protocol family
[    0.350058] NET: Registered PF_KEY protocol family
[    0.350178] Key type dns_resolver registered
[    0.350406] ThumbEE CPU extension supported.
[    0.350427] Registering SWP/SWPB emulation handler
[    0.350937] omap_voltage_late_init: Voltage driver support not added
[    0.351720] SmartReflex Class3 initialized
[    0.387356] Loading compiled-in X.509 certificates
[    0.417181] /ocp/interconnect@44c00000/segment@200000/target-module@b000/i2c@0/tda19988@70: Fixed dependency cycle(s) with /ocp/interconnect@48000000/segment@300000/target-module@e000/lcdc@0
[    0.423511] /ocp/interconnect@44c00000/segment@200000/target-module@b000/i2c@0/tda19988@70: Fixed dependency cycle(s) with /ocp/interconnect@48000000/segment@300000/target-module@e000/lcdc@0
[    0.428837] gpiochip_find_base: found new base at 512
[    0.431448] /ocp/interconnect@44c00000/segment@200000/target-module@b000/i2c@0/tda19988@70: Fixed dependency cycle(s) with /ocp/interconnect@48000000/segment@300000/target-module@e000/lcdc@0
[    0.432352] /ocp/interconnect@44c00000/segment@200000/target-module@b000/i2c@0/tda19988@70: Fixed dependency cycle(s) with /ocp/interconnect@48000000/segment@300000/target-module@e000/lcdc@0
[    0.435612] /ocp/interconnect@44c00000/segment@200000/target-module@10000/scm@0/pinmux@800: Fixed dependency cycle(s) with /ocp/interconnect@44c00000/segment@200000/target-module@10000/scm@0/pinmux@800/clkout2-pins
[    0.436213] pinctrl-single 44e10800.pinmux: 142 pins, size 568
[    0.441156] ti-sysc: probe of 44e31000.target-module failed with error -16
[    0.478832] /ocp/interconnect@48000000/segment@300000/target-module@e000/lcdc@0: Fixed dependency cycle(s) with /ocp/interconnect@44c00000/segment@200000/target-module@b000/i2c@0/tda19988@70
[    0.486646] ti-sysc: probe of 48040000.target-module failed with error -16
[    0.497620] gpiochip_find_base: found new base at 512
[    0.497691] gpio gpiochip0: (gpio-0-31): created GPIO range 0->7 ==> 44e10800.pinmux PIN 0->7
[    0.497709] gpio gpiochip0: (gpio-0-31): created GPIO range 8->11 ==> 44e10800.pinmux PIN 90->93
[    0.497725] gpio gpiochip0: (gpio-0-31): created GPIO range 12->27 ==> 44e10800.pinmux PIN 12->27
[    0.497740] gpio gpiochip0: (gpio-0-31): created GPIO range 28->31 ==> 44e10800.pinmux PIN 30->33
[    0.512376] gpio gpiochip0: (gpio-0-31): added GPIO chardev (254:0)
[    0.512541] gpio gpiochip0: registered GPIOs 512 to 543 on gpio-0-31
[    0.512626] OMAP GPIO hardware version 0.1
[    0.547259] i2c i2c-2: using DT '/ocp/interconnect@48000000/segment@100000/target-module@9c000/i2c@0' for 'scl' GPIO lookup
[    0.547333] of_get_named_gpiod_flags: can't parse 'scl-gpios' property of node '/ocp/interconnect@48000000/segment@100000/target-module@9c000/i2c@0[0]'
[    0.547376] of_get_named_gpiod_flags: can't parse 'scl-gpio' property of node '/ocp/interconnect@48000000/segment@100000/target-module@9c000/i2c@0[0]'
[    0.547411] i2c i2c-2: using lookup tables for GPIO lookup
[    0.547421] i2c i2c-2: No GPIO consumer scl found
[    0.547443] i2c i2c-2: using DT '/ocp/interconnect@48000000/segment@100000/target-module@9c000/i2c@0' for 'sda' GPIO lookup
[    0.547479] of_get_named_gpiod_flags: can't parse 'sda-gpios' property of node '/ocp/interconnect@48000000/segment@100000/target-module@9c000/i2c@0[0]'
[    0.547516] of_get_named_gpiod_flags: can't parse 'sda-gpio' property of node '/ocp/interconnect@48000000/segment@100000/target-module@9c000/i2c@0[0]'
[    0.547547] i2c i2c-2: using lookup tables for GPIO lookup
[    0.547554] i2c i2c-2: No GPIO consumer sda found
[    0.548235] omap_i2c 4819c000.i2c: bus 2 rev0.11 at 100 kHz
[    0.553802] gpiochip_find_base: found new base at 544
[    0.553870] gpio gpiochip1: (gpio-32-63): created GPIO range 0->17 ==> 44e10800.pinmux PIN 34->51
[    0.553890] gpio gpiochip1: (gpio-32-63): created GPIO range 18->21 ==> 44e10800.pinmux PIN 77->80
[    0.553906] gpio gpiochip1: (gpio-32-63): created GPIO range 22->31 ==> 44e10800.pinmux PIN 56->65
[    0.567320] gpio gpiochip1: (gpio-32-63): added GPIO chardev (254:1)
[    0.567469] gpio gpiochip1: registered GPIOs 544 to 575 on gpio-32-63
[    0.569638] gpiochip_find_base: found new base at 576
[    0.569695] gpio gpiochip2: (gpio-64-95): created GPIO range 0->4 ==> 44e10800.pinmux PIN 66->70
[    0.569714] gpio gpiochip2: (gpio-64-95): created GPIO range 5->6 ==> 44e10800.pinmux PIN 98->99
[    0.569729] gpio gpiochip2: (gpio-64-95): created GPIO range 7->8 ==> 44e10800.pinmux PIN 75->76
[    0.569744] gpio gpiochip2: (gpio-64-95): created GPIO range 13->13 ==> 44e10800.pinmux PIN 141->141
[    0.569760] gpio gpiochip2: (gpio-64-95): created GPIO range 14->21 ==> 44e10800.pinmux PIN 100->107
[    0.570318] gpio gpiochip2: (gpio-64-95): added GPIO chardev (254:2)
[    0.570438] gpio gpiochip2: registered GPIOs 576 to 607 on gpio-64-95
[    0.576826] /ocp/interconnect@48000000/segment@300000/target-module@e000/lcdc@0: Fixed dependency cycle(s) with /ocp/interconnect@44c00000/segment@200000/target-module@b000/i2c@0/tda19988@70
[    0.579458] /ocp/interconnect@48000000/segment@300000/target-module@e000/lcdc@0: Fixed dependency cycle(s) with /ocp/interconnect@44c00000/segment@200000/target-module@b000/i2c@0/tda19988@70
[    0.580117] /ocp/interconnect@44c00000/segment@200000/target-module@b000/i2c@0/tda19988@70: Fixed dependency cycle(s) with /ocp/interconnect@48000000/segment@300000/target-module@e000/lcdc@0
[    0.580294] /ocp/interconnect@48000000/segment@300000/target-module@e000/lcdc@0: Fixed dependency cycle(s) with /ocp/interconnect@44c00000/segment@200000/target-module@b000/i2c@0/tda19988@70
[    0.589620] mdio_bus 4a101000.mdio: using DT '/ocp/interconnect@4a000000/segment@0/target-module@100000/switch@0/mdio@1000' for 'reset' GPIO lookup
[    0.589693] of_get_named_gpiod_flags: can't parse 'reset-gpios' property of node '/ocp/interconnect@4a000000/segment@0/target-module@100000/switch@0/mdio@1000[0]'
[    0.589741] of_get_named_gpiod_flags: can't parse 'reset-gpio' property of node '/ocp/interconnect@4a000000/segment@0/target-module@100000/switch@0/mdio@1000[0]'
[    0.589789] mdio_bus 4a101000.mdio: using lookup tables for GPIO lookup
[    0.589799] mdio_bus 4a101000.mdio: No GPIO consumer reset found
[    0.590927] sdhci-omap 481d8000.mmc: using DT '/ocp/interconnect@48000000/segment@100000/target-module@d8000/mmc@0' for 'wp' GPIO lookup
[    0.590991] of_get_named_gpiod_flags: can't parse 'wp-gpios' property of node '/ocp/interconnect@48000000/segment@100000/target-module@d8000/mmc@0[0]'
[    0.591035] of_get_named_gpiod_flags: can't parse 'wp-gpio' property of node '/ocp/interconnect@48000000/segment@100000/target-module@d8000/mmc@0[0]'
[    0.591069] sdhci-omap 481d8000.mmc: using lookup tables for GPIO lookup
[    0.591078] sdhci-omap 481d8000.mmc: No GPIO consumer wp found
[    0.591420] sdhci-omap 481d8000.mmc: supply pbias not found, using dummy regulator
[    0.592608] sdhci-omap 481d8000.mmc: supply vqmmc not found, using dummy regulator
[    0.670232] davinci_mdio 4a101000.mdio: davinci mdio revision 1.6, bus freq 1000000
[    0.684211] mdio_bus 4a101000.mdio:00: using DT '/ocp/interconnect@4a000000/segment@0/target-module@100000/switch@0/mdio@1000/ethernet-phy@0' for 'reset' GPIO lookup
[    0.684317] of_get_named_gpiod_flags: parsed 'reset-gpios' property of node '/ocp/interconnect@4a000000/segment@0/target-module@100000/switch@0/mdio@1000/ethernet-phy@0[0]' - status (0)
[    0.684479] gpio gpiochip0: Persistence not supported for GPIO 8
[    0.863478] davinci_mdio 4a101000.mdio: phy[0]: device 4a101000.mdio:00, driver SMSC LAN8710/LAN8720
[    0.864122] cpsw-switch 4a100000.switch: initialized cpsw ale version 1.4
[    0.864143] cpsw-switch 4a100000.switch: ALE Table size 1024
[    0.864287] cpsw-switch 4a100000.switch: cpts: overflow check period 500 (jiffies)
[    0.864305] cpsw-switch 4a100000.switch: CPTS: ref_clk_freq:250000000 calc_mult:2147483648 calc_shift:29 error:0 nsec/sec
[    0.864407] cpsw-switch 4a100000.switch: Detected MACID = 6c:ec:eb:68:de:78
[    0.866225] cpsw-switch 4a100000.switch: initialized (regs 0x4a100000, pool size 256) hw_ver:0019010C 1.12 (0)
[    0.876878] debugfs: Directory '49000000.dma' with parent 'dmaengine' already present!
[    0.876923] edma 49000000.dma: TI EDMA DMA engine driver
[    0.911668] gpio-clk clk_mcasp0: using DT '/clk_mcasp0' for 'enable' GPIO lookup
[    0.911747] of_get_named_gpiod_flags: parsed 'enable-gpios' property of node '/clk_mcasp0[0]' - status (0)
[    0.911790] gpio gpiochip0: Persistence not supported for GPIO 27
[    0.912656] gpiochip_find_base: found new base at 608
[    0.912721] gpio gpiochip3: (gpio-96-127): created GPIO range 0->7 ==> 44e10800.pinmux PIN 82->89
[    0.912740] gpio gpiochip3: (gpio-96-127): created GPIO range 8->11 ==> 44e10800.pinmux PIN 52->55
[    0.912756] gpio gpiochip3: (gpio-96-127): created GPIO range 12->15 ==> 44e10800.pinmux PIN 94->97
[    0.912772] gpio gpiochip3: (gpio-96-127): created GPIO range 16->17 ==> 44e10800.pinmux PIN 71->72
[    0.912788] gpio gpiochip3: (gpio-96-127): created GPIO range 18->18 ==> 44e10800.pinmux PIN 135->135
[    0.912804] gpio gpiochip3: (gpio-96-127): created GPIO range 19->20 ==> 44e10800.pinmux PIN 108->109
[    0.912821] gpio gpiochip3: (gpio-96-127): created GPIO range 21->21 ==> 44e10800.pinmux PIN 73->73
[    0.912837] gpio gpiochip3: (gpio-96-127): created GPIO range 22->23 ==> 44e10800.pinmux PIN 8->9
[    0.912854] gpio gpiochip3: (gpio-96-127): created GPIO range 26->27 ==> 44e10800.pinmux PIN 10->11
[    0.912872] gpio gpiochip3: (gpio-96-127): created GPIO range 28->28 ==> 44e10800.pinmux PIN 74->74
[    0.912890] gpio gpiochip3: (gpio-96-127): created GPIO range 29->29 ==> 44e10800.pinmux PIN 81->81
[    0.912908] gpio gpiochip3: (gpio-96-127): created GPIO range 30->31 ==> 44e10800.pinmux PIN 28->29
[    0.931616] gpio gpiochip3: (gpio-96-127): added GPIO chardev (254:3)
[    0.931772] gpio gpiochip3: registered GPIOs 608 to 639 on gpio-96-127
[    0.933710] omap8250 44e09000.serial: using DT '/ocp/interconnect@44c00000/segment@200000/target-module@9000/serial@0' for 'rs485-term' GPIO lookup
[    0.933785] of_get_named_gpiod_flags: can't parse 'rs485-term-gpios' property of node '/ocp/interconnect@44c00000/segment@200000/target-module@9000/serial@0[0]'
[    0.933829] of_get_named_gpiod_flags: can't parse 'rs485-term-gpio' property of node '/ocp/interconnect@44c00000/segment@200000/target-module@9000/serial@0[0]'
[    0.933864] omap8250 44e09000.serial: using lookup tables for GPIO lookup
[    0.933875] omap8250 44e09000.serial: No GPIO consumer rs485-term found
[    0.933885] omap8250 44e09000.serial: using DT '/ocp/interconnect@44c00000/segment@200000/target-module@9000/serial@0' for 'rs485-rx-during-tx' GPIO lookup
[    0.933920] of_get_named_gpiod_flags: can't parse 'rs485-rx-during-tx-gpios' property of node '/ocp/interconnect@44c00000/segment@200000/target-module@9000/serial@0[0]'
[    0.933958] of_get_named_gpiod_flags: can't parse 'rs485-rx-during-tx-gpio' property of node '/ocp/interconnect@44c00000/segment@200000/target-module@9000/serial@0[0]'
[    0.933989] omap8250 44e09000.serial: using lookup tables for GPIO lookup
[    0.933997] omap8250 44e09000.serial: No GPIO consumer rs485-rx-during-tx found
[    0.934352] 44e09000.serial: ttyS0 at MMIO 0x44e09000 (irq = 34, base_baud = 3000000) is a 8250
[    0.934435] printk: console [ttyS0] enabled
[    2.134561] i2c i2c-0: using DT '/ocp/interconnect@44c00000/segment@200000/target-module@b000/i2c@0' for 'scl' GPIO lookup
[    2.134662] of_get_named_gpiod_flags: can't parse 'scl-gpios' property of node '/ocp/interconnect@44c00000/segment@200000/target-module@b000/i2c@0[0]'
[    2.134709] of_get_named_gpiod_flags: can't parse 'scl-gpio' property of node '/ocp/interconnect@44c00000/segment@200000/target-module@b000/i2c@0[0]'
[    2.134747] i2c i2c-0: using lookup tables for GPIO lookup
[    2.134759] i2c i2c-0: No GPIO consumer scl found
[    2.134782] i2c i2c-0: using DT '/ocp/interconnect@44c00000/segment@200000/target-module@b000/i2c@0' for 'sda' GPIO lookup
[    2.134819] of_get_named_gpiod_flags: can't parse 'sda-gpios' property of node '/ocp/interconnect@44c00000/segment@200000/target-module@b000/i2c@0[0]'
[    2.134858] of_get_named_gpiod_flags: can't parse 'sda-gpio' property of node '/ocp/interconnect@44c00000/segment@200000/target-module@b000/i2c@0[0]'
[    2.134892] i2c i2c-0: using lookup tables for GPIO lookup
[    2.134901] i2c i2c-0: No GPIO consumer sda found
[    2.162208] tps65217-pmic: Failed to locate of_node [id: -1]
[    2.168246] tps65217-bl: Failed to locate of_node [id: -1]
[    2.179226] tps65217 0-0024: TPS65217 ID 0xe version 1.2
[    2.185363] /ocp/interconnect@48000000/segment@300000/target-module@e000/lcdc@0: Fixed dependency cycle(s) with /ocp/interconnect@44c00000/segment@200000/target-module@b000/i2c@0/tda19988@70
[    2.202716] /ocp/interconnect@44c00000/segment@200000/target-module@b000/i2c@0/tda19988@70: Fixed dependency cycle(s) with /ocp/interconnect@48000000/segment@300000/target-module@e000/lcdc@0
[    2.220071] omap_i2c 44e0b000.i2c: bus 0 rev0.11 at 400 kHz
[    2.227758] sdhci-omap 48060000.mmc: using DT '/ocp/interconnect@48000000/segment@0/target-module@60000/mmc@0' for 'cd' GPIO lookup
[    2.227857] of_get_named_gpiod_flags: parsed 'cd-gpios' property of node '/ocp/interconnect@48000000/segment@0/target-module@60000/mmc@0[0]' - status (0)
[    2.227977] gpio gpiochip3: Persistence not supported for GPIO 6
[    2.228003] omap_gpio 44e07000.gpio: Could not set line 6 debounce to 200000 microseconds (-22)
[    2.236871] sdhci-omap 48060000.mmc: Got CD GPIO
[    2.241544] sdhci-omap 48060000.mmc: using DT '/ocp/interconnect@48000000/segment@0/target-module@60000/mmc@0' for 'wp' GPIO lookup
[    2.241595] of_get_named_gpiod_flags: can't parse 'wp-gpios' property of node '/ocp/interconnect@48000000/segment@0/target-module@60000/mmc@0[0]'
[    2.241638] of_get_named_gpiod_flags: can't parse 'wp-gpio' property of node '/ocp/interconnect@48000000/segment@0/target-module@60000/mmc@0[0]'
[    2.241673] sdhci-omap 48060000.mmc: using lookup tables for GPIO lookup
[    2.241686] sdhci-omap 48060000.mmc: No GPIO consumer wp found
[    2.241875] sdhci-omap 48060000.mmc: supply pbias not found, using dummy regulator
[    2.250846] sdhci-omap 481d8000.mmc: using DT '/ocp/interconnect@48000000/segment@100000/target-module@d8000/mmc@0' for 'wp' GPIO lookup
[    2.250925] of_get_named_gpiod_flags: can't parse 'wp-gpios' property of node '/ocp/interconnect@48000000/segment@100000/target-module@d8000/mmc@0[0]'
[    2.250973] of_get_named_gpiod_flags: can't parse 'wp-gpio' property of node '/ocp/interconnect@48000000/segment@100000/target-module@d8000/mmc@0[0]'
[    2.251010] sdhci-omap 481d8000.mmc: using lookup tables for GPIO lookup
[    2.251021] sdhci-omap 481d8000.mmc: No GPIO consumer wp found
[    2.252019] sdhci-omap 48060000.mmc: supply vqmmc not found, using dummy regulator
[    2.260740] sdhci-omap 481d8000.mmc: supply pbias not found, using dummy regulator
[    2.269635] sdhci-omap 481d8000.mmc: supply vqmmc not found, using dummy regulator
[    2.309558] mmc1: SDHCI controller on 481d8000.mmc [481d8000.mmc] using External DMA
[    2.318008] mmc0: SDHCI controller on 48060000.mmc [48060000.mmc] using External DMA
[    2.326707] cpsw-switch 4a100000.switch: starting ndev. mode: dual_mac
[    2.391552] mmc1: new high speed MMC card at address 0001
[    2.398429] mmcblk1: mmc1:0001 MMC04G 3.60 GiB
[    2.405805]  mmcblk1: p1 p2
[    2.409273] mmc0: new high speed SDHC card at address aaaa
[    2.416304] mmcblk1boot0: mmc1:0001 MMC04G 2.00 MiB
[    2.422873] mmcblk0: mmc0:aaaa SE32G 29.7 GiB
[    2.429509] mmcblk1boot1: mmc1:0001 MMC04G 2.00 MiB
[    2.437814] mmcblk1rpmb: mmc1:0001 MMC04G 128 KiB, chardev (250:0)
[    2.444551]  mmcblk0: p1 p2
[    2.512445] SMSC LAN8710/LAN8720 4a101000.mdio:00: attached PHY driver (mii_bus:phy_addr=4a101000.mdio:00, irq=POLL)
[    5.681978] cpsw-switch 4a100000.switch eth0: Link is Up - 100Mbps/Full - flow control off
[    5.731298] IP-Config: Complete:
[    5.734569]      device=eth0, hwaddr=6c:ec:eb:68:de:78, ipaddr=192.168.255.1, mask=255.255.255.0, gw=255.255.255.255
[    5.745186]      host=bbb1, domain=, nis-domain=(none)
[    5.750349]      bootserver=192.168.255.126, rootserver=192.168.255.126, rootpath=
[    5.750767] clk: Disabling unused clocks
[    5.762628] KTAP version 1
[    5.765357] 1..0
[    5.797622] VFS: Mounted root (nfs filesystem) on device 0:16.
[    5.804729] devtmpfs: mounted
[    5.809348] Freeing unused kernel image (initmem) memory: 1024K
[    5.816112] Run /sbin/init as init process
[    5.820242]   with arguments:
[    5.820252]     /sbin/init
[    5.820260]     nfsrootdebug
[    5.820268]   with environment:
[    5.820275]     HOME=/
[    5.820282]     TERM=linux
[    6.494484] systemd[1]: System time before build time, advancing clock.
[    7.951267] random: crng init done
[    8.022586] systemd[1]: systemd 232 running in system mode. (+PAM +AUDIT +SELINUX +IMA +APPARMOR +SMACK +SYSVINIT +UTMP +LIBCRYPTSETUP +GCRYPT +GNUTLS +ACL +XZ +LZ4 +SECCOMP +BLKID +ELFUTILS +KMOD +IDN)
[    8.041660] systemd[1]: Detected architecture arm.
[    8.084257] systemd[1]: Set hostname to <arm>.
[    9.157162] systemd[1]: Listening on Syslog Socket.
[    9.191620] systemd[1]: Reached target Remote File Systems.
[    9.231944] systemd[1]: Listening on Journal Socket (/dev/log).
[    9.273210] systemd[1]: Listening on udev Control Socket.
[    9.312893] systemd[1]: Set up automount Arbitrary Executable File Formats File System Automount Point.
[    9.352880] systemd[1]: Created slice System Slice.
[    9.392635] systemd[1]: Created slice system-getty.slice.
[   11.268811] systemd-journald[86]: Received request to flush runtime journal from PID 1
[   14.444407] leds-gpio leds: using DT '/leds/led2' for '(null)' GPIO lookup
[   14.444509] of_get_named_gpiod_flags: parsed 'gpios' property of node '/leds/led2[0]' - status (0)
[   14.444561] gpio gpiochip0: Persistence not supported for GPIO 21
[   14.444574] gpio-533 (?): no flags found for (null)
[   14.444876] leds-gpio leds: using DT '/leds/led3' for '(null)' GPIO lookup
[   14.444925] of_get_named_gpiod_flags: parsed 'gpios' property of node '/leds/led3[0]' - status (0)
[   14.444959] gpio gpiochip0: Persistence not supported for GPIO 22
[   14.444970] gpio-534 (?): no flags found for (null)
[   14.471782] leds-gpio leds: using DT '/leds/led4' for '(null)' GPIO lookup
[   14.471880] of_get_named_gpiod_flags: parsed 'gpios' property of node '/leds/led4[0]' - status (0)
[   14.471927] gpio gpiochip0: Persistence not supported for GPIO 23
[   14.471940] gpio-535 (?): no flags found for (null)
[   14.533759] leds-gpio leds: using DT '/leds/led5' for '(null)' GPIO lookup
[   14.533852] of_get_named_gpiod_flags: parsed 'gpios' property of node '/leds/led5[0]' - status (0)
[   14.533899] gpio gpiochip0: Persistence not supported for GPIO 24
[   14.533911] gpio-536 (?): no flags found for (null)
[   14.913739] remoteproc remoteproc0: wkup_m3 is available
[   15.459498] at24 2-0054: supply vcc not found, using dummy regulator
[   15.592146] at24 2-0055: supply vcc not found, using dummy regulator
[   15.622440] am335x-phy-driver 47401300.usb-phy: using DT '/ocp/target-module@47400000/usb-phy@1300' for 'reset' GPIO lookup
[   15.622675] of_get_named_gpiod_flags: can't parse 'reset-gpios' property of node '/ocp/target-module@47400000/usb-phy@1300[0]'
[   15.622728] of_get_named_gpiod_flags: can't parse 'reset-gpio' property of node '/ocp/target-module@47400000/usb-phy@1300[0]'
[   15.622809] am335x-phy-driver 47401300.usb-phy: using lookup tables for GPIO lookup
[   15.622824] am335x-phy-driver 47401300.usb-phy: No GPIO consumer reset found
[   15.622838] am335x-phy-driver 47401300.usb-phy: using DT '/ocp/target-module@47400000/usb-phy@1300' for 'vbus-detect' GPIO lookup
[   15.622920] of_get_named_gpiod_flags: can't parse 'vbus-detect-gpios' property of node '/ocp/target-module@47400000/usb-phy@1300[0]'
[   15.622954] of_get_named_gpiod_flags: can't parse 'vbus-detect-gpio' property of node '/ocp/target-module@47400000/usb-phy@1300[0]'
[   15.622979] am335x-phy-driver 47401300.usb-phy: using lookup tables for GPIO lookup
[   15.623030] am335x-phy-driver 47401300.usb-phy: No GPIO consumer vbus-detect found
[   15.623344] am335x-phy-driver 47401300.usb-phy: dummy supplies not allowed for exclusive requests
[   15.683749] usbcore: registered new interface driver usbfs
[   15.689379] usbcore: registered new interface driver hub
[   15.694975] usbcore: registered new device driver usb
[   15.708365] at24 2-0056: supply vcc not found, using dummy regulator
[   15.837991] at24 2-0057: supply vcc not found, using dummy regulator
[   15.857714] tps6521x_pwrbutton tps65217-pwrbutton: DMA mask not set
[   16.012418] input: tps65217_pwrbutton as /devices/platform/ocp/44c00000.interconnect/44c00000.interconnect:segment@200000/44e0b000.target-module/44e0b000.i2c/i2c-0/0-0024/tps65217-pwrbutton/input/input0
[   16.045494] at24 0-0050: using DT '/ocp/interconnect@44c00000/segment@200000/target-module@b000/i2c@0/baseboard_eeprom@50' for 'wp' GPIO lookup
[   16.045615] of_get_named_gpiod_flags: can't parse 'wp-gpios' property of node '/ocp/interconnect@44c00000/segment@200000/target-module@b000/i2c@0/baseboard_eeprom@50[0]'
[   16.045677] of_get_named_gpiod_flags: can't parse 'wp-gpio' property of node '/ocp/interconnect@44c00000/segment@200000/target-module@b000/i2c@0/baseboard_eeprom@50[0]'
[   16.045720] at24 0-0050: using lookup tables for GPIO lookup
[   16.045733] at24 0-0050: No GPIO consumer wp found
[   16.045997] at24 0-0050: 32768 byte 24c256 EEPROM, writable, 1 bytes/write
[   16.077830] am335x-phy-driver 47401b00.usb-phy: using DT '/ocp/target-module@47400000/usb-phy@1b00' for 'reset' GPIO lookup
[   16.077922] of_get_named_gpiod_flags: can't parse 'reset-gpios' property of node '/ocp/target-module@47400000/usb-phy@1b00[0]'
[   16.077965] of_get_named_gpiod_flags: can't parse 'reset-gpio' property of node '/ocp/target-module@47400000/usb-phy@1b00[0]'
[   16.078000] am335x-phy-driver 47401b00.usb-phy: using lookup tables for GPIO lookup
[   16.078013] am335x-phy-driver 47401b00.usb-phy: No GPIO consumer reset found
[   16.078024] am335x-phy-driver 47401b00.usb-phy: using DT '/ocp/target-module@47400000/usb-phy@1b00' for 'vbus-detect' GPIO lookup
[   16.078054] of_get_named_gpiod_flags: can't parse 'vbus-detect-gpios' property of node '/ocp/target-module@47400000/usb-phy@1b00[0]'
[   16.078084] of_get_named_gpiod_flags: can't parse 'vbus-detect-gpio' property of node '/ocp/target-module@47400000/usb-phy@1b00[0]'
[   16.078108] am335x-phy-driver 47401b00.usb-phy: using lookup tables for GPIO lookup
[   16.078118] am335x-phy-driver 47401b00.usb-phy: No GPIO consumer vbus-detect found
[   16.078265] am335x-phy-driver 47401b00.usb-phy: dummy supplies not allowed for exclusive requests
[   16.271147] omap_rtc 44e3e000.rtc: registered as rtc0
[   16.276520] omap_rtc 44e3e000.rtc: setting system clock to 2000-01-01T00:00:00 UTC (946684800)
[   16.285284] omap_rtc 44e3e000.rtc: using DT '/ocp/interconnect@44c00000/segment@200000/target-module@3e000/rtc@0' for 'wp' GPIO lookup
[   16.285355] of_get_named_gpiod_flags: can't parse 'wp-gpios' property of node '/ocp/interconnect@44c00000/segment@200000/target-module@3e000/rtc@0[0]'
[   16.285404] of_get_named_gpiod_flags: can't parse 'wp-gpio' property of node '/ocp/interconnect@44c00000/segment@200000/target-module@3e000/rtc@0[0]'
[   16.285442] omap_rtc 44e3e000.rtc: using lookup tables for GPIO lookup
[   16.285455] omap_rtc 44e3e000.rtc: No GPIO consumer wp found
[   16.531132] wkup_m3_ipc 44e11324.wkup_m3_ipc: IPC Request for A8->M3 Channel failed! -517
[   16.755934] omap_wdt: OMAP Watchdog Timer Rev 0x01: initial timeout 60 sec
[   16.789234] wkup_m3_ipc 44e11324.wkup_m3_ipc: IPC Request for A8->M3 Channel failed! -517
[   17.112122] wkup_m3_ipc 44e11324.wkup_m3_ipc: IPC Request for A8->M3 Channel failed! -517
[   17.218093] musb-hdrc musb-hdrc.1: MUSB HDRC host driver
[   17.223727] musb-hdrc musb-hdrc.1: new USB bus registered, assigned bus number 1
[   17.232315] wkup_m3_ipc 44e11324.wkup_m3_ipc: IPC Request for A8->M3 Channel failed! -517
[   17.404093] usb usb1: New USB device found, idVendor=1d6b, idProduct=0002, bcdDevice= 6.06
[   17.412598] usb usb1: New USB device strings: Mfr=3, Product=2, SerialNumber=1
[   17.419862] usb usb1: Product: MUSB HDRC host driver
[   17.424937] usb usb1: Manufacturer: Linux 6.6.106 musb-hcd
[   17.430451] usb usb1: SerialNumber: musb-hdrc.1
[   17.601092] hub 1-0:1.0: USB hub found
[   17.686562] hub 1-0:1.0: 1 port detected
[   17.705217] tda998x 0-0070: found TDA19988
[   17.763095] wkup_m3_ipc 44e11324.wkup_m3_ipc: IPC Request for A8->M3 Channel failed! -517
[   17.925832] wkup_m3_ipc 44e11324.wkup_m3_ipc: IPC Request for A8->M3 Channel failed! -517
[   18.138979] omap-mailbox 480c8000.mailbox: omap mailbox rev 0x400
[   18.182095] remoteproc remoteproc0: powering up wkup_m3
[   18.333630] remoteproc remoteproc0: Direct firmware load for am335x-pm-firmware.elf failed with error -2
[   18.343422] remoteproc remoteproc0: request_firmware failed: -2
[   18.349384] wkup_m3_ipc 44e11324.wkup_m3_ipc: rproc_boot failed
[   20.254720] tilcdc 4830e000.lcdc: bound 0-0070 (ops tda998x_audio_codec_init [tda998x])
[   20.268766] omap_rng 48310000.rng: Random Number Generator ver. 20
[   20.408335] [drm] Initialized tilcdc 1.0.0 20121205 for 4830e000.lcdc on minor 0
[   20.509454] tilcdc 4830e000.lcdc: [drm] Cannot find any crtc or sizes
[   20.517822] tilcdc 4830e000.lcdc: [drm] Cannot find any crtc or sizes
[   21.770250] PM: Cannot get wkup_m3_ipc handle
[   21.864461] omap-sham 53100000.sham: hw accel on OMAP rev 4.3
[   22.009600] omap-aes 53500000.aes: OMAP AES hw accel rev: 3.2
[   22.015970] omap-sham 53100000.sham: will run requests pump with realtime priority
[   22.026928] PM: Cannot get wkup_m3_ipc handle
[   22.143359] omap-aes 53500000.aes: will run requests pump with realtime priority
[   22.173960] PM: Cannot get wkup_m3_ipc handle
[   22.850690] Bluetooth: Core ver 2.22
[   22.854698] NET: Registered PF_BLUETOOTH protocol family
[   22.860047] Bluetooth: HCI device and connection manager initialized
[   22.866560] Bluetooth: HCI socket layer initialized
[   22.871545] Bluetooth: L2CAP socket layer initialized
[   22.876658] Bluetooth: SCO socket layer initialized
[   25.619279] PM: Cannot get wkup_m3_ipc handle
[   25.625280] asoc-simple-card sound: using DT '/sound' for 'simple-audio-card,hp-det' GPIO lookup
[   25.625351] of_get_named_gpiod_flags: can't parse 'simple-audio-card,hp-det-gpios' property of node '/sound[0]'
[   25.625385] of_get_named_gpiod_flags: can't parse 'simple-audio-card,hp-det-gpio' property of node '/sound[0]'
[   25.625408] asoc-simple-card sound: using lookup tables for GPIO lookup
[   25.625420] asoc-simple-card sound: No GPIO consumer simple-audio-card,hp-det found
[   25.625433] asoc-simple-card sound: using DT '/sound' for 'simple-audio-card,mic-det' GPIO lookup
[   25.625455] of_get_named_gpiod_flags: can't parse 'simple-audio-card,mic-det-gpios' property of node '/sound[0]'
[   25.625479] of_get_named_gpiod_flags: can't parse 'simple-audio-card,mic-det-gpio' property of node '/sound[0]'
[   25.625496] asoc-simple-card sound: using lookup tables for GPIO lookup
[   25.625506] asoc-simple-card sound: No GPIO consumer simple-audio-card,mic-det found
[   25.738858] PM: Cannot get wkup_m3_ipc handle
[   27.595482] userial_init: registered 8 ttyGS* devices
[   27.898633] rndis_register: configNr = 0
[   28.037476] udc musb-hdrc.0: binding gadget driver [g_multi]
[   28.037567] configfs-gadget.g_multi gadget.0: adding 'rndis'/3a80821f to config 'c'/3c265930
[   28.038676] configfs-gadget.g_multi gadget.0: HOST MAC 1c:ba:8c:a2:ed:6c
[   28.045685] configfs-gadget.g_multi gadget.0: MAC 1c:ba:8c:a2:ed:70
[   28.052327] rndis_set_param_medium: 0 0
[   28.052352] configfs-gadget.g_multi gadget.0: RNDIS: IN/ep1in OUT/ep1out NOTIFY/ep2in
[   28.052368] configfs-gadget.g_multi gadget.0: adding 'cdc_ethernet'/5c9980a1 to config 'c'/3c265930
[   28.053352] configfs-gadget.g_multi gadget.0: HOST MAC 1c:ba:8c:a2:ed:6c
[   28.060118] configfs-gadget.g_multi gadget.0: MAC 1c:ba:8c:a2:ed:6d
[   28.066549] configfs-gadget.g_multi gadget.0: CDC Ethernet: IN/ep3in OUT/ep2out NOTIFY/ep4in
[   28.066568] configfs-gadget.g_multi gadget.0: adding 'acm'/bdac6325 to config 'c'/3c265930
[   28.066603] configfs-gadget.g_multi gadget.0: acm ttyGS0: IN/ep5in OUT/ep3out NOTIFY/ep6in
[   28.067653] PM: Cannot get wkup_m3_ipc handle
[   29.408923] configfs-gadget.g_multi gadget.0: eth_open
[   30.004554] configfs-gadget.g_multi gadget.0: stop stats: rx/tx 0/0, errs 0/0
[   34.724887] gs_open: ttyGS0 (8ea7b0ef,b08367f0)
[   34.725041] gs_close: ttyGS0 (8ea7b0ef,b08367f0) ...
[   34.725063] gs_close: ttyGS0 (8ea7b0ef,b08367f0) done!
[   34.725223] gs_open: ttyGS0 (4b714650,b93a1581)
[   34.725293] gs_close: ttyGS0 (4b714650,b93a1581) ...
[   34.725308] gs_close: ttyGS0 (4b714650,b93a1581) done!
[   34.900481] gs_open: ttyGS0 (800f642a,63d4cc8c)
[   34.900704] gs_close: ttyGS0 (800f642a,63d4cc8c) ...
[   34.900728] gs_close: ttyGS0 (800f642a,63d4cc8c) done!
[   34.905112] gs_open: ttyGS0 (800f642a,446faae9)
UYMYZXFGUF 0
root@arm:~# echo 'VMPA''KTOHHA'
VMPAKTOHHA
root@arm:~# MARKER='PTCB''SKCYKU' run 'modprobe test_linear_ranges'
PTCBSKCYKUPTCBSKCYKU 0
root@arm:~# echo 'QKHA''UPCVMG'
QKHAUPCVMG
root@arm:~# MARKER='JKKM''FEQNEO' run dmesg
JKKMFEQNEO[    0.000000] Booting Linux on physical CPU 0x0
[    0.000000] Linux version 6.6.106 (user01@drvtest01) (arm-none-eabi-gcc (Arm GNU Toolchain 14.2.Rel1 (Build arm-14.52)) 14.2.1 20241119, GNU ld (Arm GNU Toolchain 14.2.Rel1 (Build arm-14.52)) 2.43.1.20241119) #1 SMP Thu Sep 11 20:32:07 EEST 2025
[    0.000000] CPU: ARMv7 Processor [413fc082] revision 2 (ARMv7), cr=10c5387d
[    0.000000] CPU: PIPT / VIPT nonaliasing data cache, VIPT aliasing instruction cache
[    0.000000] OF: fdt: Machine model: TI AM335x BeagleBone Black
[    0.000000] Memory policy: Data cache writeback
[    0.000000] cma: Reserved 16 MiB at 0x9e800000 on node -1
[    0.000000] Zone ranges:
[    0.000000]   Normal   [mem 0x0000000080000000-0x000000009fdfffff]
[    0.000000]   HighMem  empty
[    0.000000] Movable zone start for each node
[    0.000000] Early memory node ranges
[    0.000000]   node   0: [mem 0x0000000080000000-0x000000009fdfffff]
[    0.000000] Initmem setup node 0 [mem 0x0000000080000000-0x000000009fdfffff]
[    0.000000] CPU: All CPU(s) started in SVC mode.
[    0.000000] AM335X ES2.1 (sgx neon)
[    0.000000] percpu: Embedded 16 pages/cpu s36116 r8192 d21228 u65536
[    0.000000] pcpu-alloc: s36116 r8192 d21228 u65536 alloc=16*4096
[    0.000000] pcpu-alloc: [0] 0 
[    0.000000] Kernel command line: console=ttyO0,115200n8 root=/dev/nfs rw nfsroot=192.168.255.126:/home/user01/nfs,nfsvers=3 ip=192.168.255.1:192.168.255.126::255.255.255.0:bbb1:eth0 nfsrootdebug
[    0.000000] Unknown kernel command line parameters "nfsrootdebug", will be passed to user space.
[    0.000000] Dentry cache hash table entries: 65536 (order: 6, 262144 bytes, linear)
[    0.000000] Inode-cache hash table entries: 32768 (order: 5, 131072 bytes, linear)
[    0.000000] Built 1 zonelists, mobility grouping on.  Total pages: 129412
[    0.000000] mem auto-init: stack:off, heap alloc:off, heap free:off
[    0.000000] Memory: 483604K/522240K available (11264K kernel code, 1165K rwdata, 2704K rodata, 1024K init, 282K bss, 22252K reserved, 16384K cma-reserved, 0K highmem)
[    0.000000] SLUB: HWalign=64, Order=0-3, MinObjects=0, CPUs=1, Nodes=1
[    0.000000] rcu: Hierarchical RCU implementation.
[    0.000000] rcu: 	RCU event tracing is enabled.
[    0.000000] rcu: 	RCU restricting CPUs from NR_CPUS=2 to nr_cpu_ids=1.
[    0.000000] rcu: RCU calculated value of scheduler-enlistment delay is 10 jiffies.
[    0.000000] rcu: Adjusting geometry for rcu_fanout_leaf=16, nr_cpu_ids=1
[    0.000000] NR_IRQS: 16, nr_irqs: 16, preallocated irqs: 16
[    0.000000] IRQ: Found an INTC at 0x(ptrval) (revision 5.0) with 128 interrupts
[    0.000000] rcu: srcu_init: Setting srcu_struct sizes based on contention.
[    0.000000] TI gptimer clocksource: always-on /ocp/interconnect@44c00000/segment@200000/target-module@31000
[    0.000003] sched_clock: 32 bits at 24MHz, resolution 41ns, wraps every 89478484971ns
[    0.000028] clocksource: dmtimer: mask: 0xffffffff max_cycles: 0xffffffff, max_idle_ns: 79635851949 ns
[    0.000518] TI gptimer clockevent: 24000000 Hz at /ocp/interconnect@48000000/segment@0/target-module@40000
[    0.002082] Console: colour dummy device 80x30
[    0.002131] WARNING: Your 'console=ttyO0' has been replaced by 'ttyS0'
[    0.002139] This ensures that you still see kernel messages. Please
[    0.002144] update your kernel commandline.
[    0.002183] Calibrating delay loop... 996.14 BogoMIPS (lpj=4980736)
[    0.090569] CPU: Testing write buffer coherency: ok
[    0.090666] CPU0: Spectre v2: using BPIALL workaround
[    0.090679] pid_max: default: 32768 minimum: 301
[    0.090792] LSM: initializing lsm=capability,integrity
[    0.090961] Mount-cache hash table entries: 1024 (order: 0, 4096 bytes, linear)
[    0.090980] Mountpoint-cache hash table entries: 1024 (order: 0, 4096 bytes, linear)
[    0.092452] CPU0: thread -1, cpu 0, socket -1, mpidr 0
[    0.094035] Setting up static identity map for 0x80100000 - 0x80100078
[    0.094314] rcu: Hierarchical SRCU implementation.
[    0.094324] rcu: 	Max phase no-delay instances is 1000.
[    0.095685] smp: Bringing up secondary CPUs ...
[    0.095741] smp: Brought up 1 node, 1 CPU
[    0.095755] SMP: Total of 1 processors activated (996.14 BogoMIPS).
[    0.095767] CPU: All CPU(s) started in SVC mode.
[    0.096650] devtmpfs: initialized
[    0.113459] VFP support v0.3: implementor 41 architecture 3 part 30 variant c rev 3
[    0.113812] clocksource: jiffies: mask: 0xffffffff max_cycles: 0xffffffff, max_idle_ns: 19112604462750000 ns
[    0.113850] futex hash table entries: 256 (order: 2, 16384 bytes, linear)
[    0.115140] pinctrl core: initialized pinctrl subsystem
[    0.117284] NET: Registered PF_NETLINK/PF_ROUTE protocol family
[    0.119821] DMA: preallocated 256 KiB pool for atomic coherent allocations
[    0.120426] audit: initializing netlink subsys (disabled)
[    0.121970] thermal_sys: Registered thermal governor 'fair_share'
[    0.121994] thermal_sys: Registered thermal governor 'step_wise'
[    0.121999] thermal_sys: Registered thermal governor 'user_space'
[    0.122107] audit: type=2000 audit(0.120:1): state=initialized audit_enabled=0 res=1
[    0.122181] cpuidle: using governor menu
[    0.138439] /ocp/interconnect@44c00000/segment@200000/target-module@b000/i2c@0/tda19988@70: Fixed dependency cycle(s) with /ocp/interconnect@48000000/segment@300000/target-module@e000/lcdc@0
[    0.139490] /ocp/interconnect@48000000/segment@300000/target-module@e000/lcdc@0: Fixed dependency cycle(s) with /ocp/interconnect@44c00000/segment@200000/target-module@b000/i2c@0/tda19988@70
[    0.141704] No ATAGs?
[    0.141725] hw-breakpoint: debug architecture 0x4 unsupported.
[    0.144735] kprobes: kprobe jump-optimization is enabled. All kprobes are optimized if possible.
[    0.163418] iommu: Default domain type: Translated
[    0.163437] iommu: DMA domain TLB invalidation policy: strict mode
[    0.164891] SCSI subsystem initialized
[    0.165718] reg-fixed-voltage fixedregulator0: using DT '/fixedregulator0' for '(null)' GPIO lookup
[    0.165770] of_get_named_gpiod_flags: can't parse 'gpios' property of node '/fixedregulator0[0]'
[    0.165799] of_get_named_gpiod_flags: can't parse 'gpio' property of node '/fixedregulator0[0]'
[    0.165817] reg-fixed-voltage fixedregulator0: using lookup tables for GPIO lookup
[    0.165827] reg-fixed-voltage fixedregulator0: No GPIO consumer (null) found
[    0.166362] libata version 3.00 loaded.
[    0.166712] pps_core: LinuxPPS API ver. 1 registered
[    0.166724] pps_core: Software ver. 5.3.6 - Copyright 2005-2007 Rodolfo Giometti <giometti@linux.it>
[    0.166747] PTP clock support registered
[    0.170919] vgaarb: loaded
[    0.171250] clocksource: Switched to clocksource dmtimer
[    0.171857] VFS: Disk quotas dquot_6.6.0
[    0.171916] VFS: Dquot-cache hash table entries: 1024 (order 0, 4096 bytes)
[    0.203152] NET: Registered PF_INET protocol family
[    0.203497] IP idents hash table entries: 8192 (order: 4, 65536 bytes, linear)
[    0.204825] tcp_listen_portaddr_hash hash table entries: 512 (order: 0, 4096 bytes, linear)
[    0.204864] Table-perturb hash table entries: 65536 (order: 6, 262144 bytes, linear)
[    0.204881] TCP established hash table entries: 4096 (order: 2, 16384 bytes, linear)
[    0.204926] TCP bind hash table entries: 4096 (order: 4, 65536 bytes, linear)
[    0.205027] TCP: Hash tables configured (established 4096 bind 4096)
[    0.205159] UDP hash table entries: 256 (order: 1, 8192 bytes, linear)
[    0.205188] UDP-Lite hash table entries: 256 (order: 1, 8192 bytes, linear)
[    0.205356] NET: Registered PF_UNIX/PF_LOCAL protocol family
[    0.212269] RPC: Registered named UNIX socket transport module.
[    0.212293] RPC: Registered udp transport module.
[    0.212299] RPC: Registered tcp transport module.
[    0.212304] RPC: Registered tcp-with-tls transport module.
[    0.212309] RPC: Registered tcp NFSv4.1 backchannel transport module.
[    0.212334] PCI: CLS 0 bytes, default 64
[    0.213917] Initialise system trusted keyrings
[    0.214969] workingset: timestamp_bits=14 max_order=17 bucket_order=3
[    0.221984] NFS: Registering the id_resolver key type
[    0.222068] Key type id_resolver registered
[    0.222075] Key type id_legacy registered
[    0.222132] jffs2: version 2.2. (NAND) (SUMMARY)  Â© 2001-2006 Red Hat, Inc.
[    0.222540] Key type asymmetric registered
[    0.222556] Asymmetric key parser 'x509' registered
[    0.222629] io scheduler mq-deadline registered
[    0.222640] io scheduler kyber registered
[    0.222708] io scheduler bfq registered
[    0.225377] hw perfevents: enabled with armv7_cortex_a8 PMU driver, 5 counters available
[    0.233823] l3-aon-clkctrl:0000:0: failed to disable
[    0.241502] Serial: 8250/16550 driver, 6 ports, IRQ sharing enabled
[    0.293947] brd: module loaded
[    0.313447] loop: module loaded
[    0.314371] mtdoops: mtd device (mtddev=name/number) must be supplied
[    0.315865] mdio_bus fixed-0: using lookup tables for GPIO lookup
[    0.315888] mdio_bus fixed-0: No GPIO consumer reset found
[    0.317126] i2c_dev: i2c /dev entries driver
[    0.318097] cpuidle: enable-method property 'ti,am3352' found operations
[    0.318555] sdhci: Secure Digital Host Controller Interface driver
[    0.318565] sdhci: Copyright(c) Pierre Ossman
[    0.318754] sdhci-pltfm: SDHCI platform and OF driver helper
[    0.328315] ledtrig-cpu: registered to indicate activity on CPUs
[    0.329151] Initializing XFRM netlink socket
[    0.329277] NET: Registered PF_INET6 protocol family
[    0.348867] Segment Routing with IPv6
[    0.348945] In-situ OAM (IOAM) with IPv6
[    0.349055] sit: IPv6, IPv4 and MPLS over IPv4 tunneling driver
[    0.350027] NET: Registered PF_PACKET protocol family
[    0.350058] NET: Registered PF_KEY protocol family
[    0.350178] Key type dns_resolver registered
[    0.350406] ThumbEE CPU extension supported.
[    0.350427] Registering SWP/SWPB emulation handler
[    0.350937] omap_voltage_late_init: Voltage driver support not added
[    0.351720] SmartReflex Class3 initialized
[    0.387356] Loading compiled-in X.509 certificates
[    0.417181] /ocp/interconnect@44c00000/segment@200000/target-module@b000/i2c@0/tda19988@70: Fixed dependency cycle(s) with /ocp/interconnect@48000000/segment@300000/target-module@e000/lcdc@0
[    0.423511] /ocp/interconnect@44c00000/segment@200000/target-module@b000/i2c@0/tda19988@70: Fixed dependency cycle(s) with /ocp/interconnect@48000000/segment@300000/target-module@e000/lcdc@0
[    0.428837] gpiochip_find_base: found new base at 512
[    0.431448] /ocp/interconnect@44c00000/segment@200000/target-module@b000/i2c@0/tda19988@70: Fixed dependency cycle(s) with /ocp/interconnect@48000000/segment@300000/target-module@e000/lcdc@0
[    0.432352] /ocp/interconnect@44c00000/segment@200000/target-module@b000/i2c@0/tda19988@70: Fixed dependency cycle(s) with /ocp/interconnect@48000000/segment@300000/target-module@e000/lcdc@0
[    0.435612] /ocp/interconnect@44c00000/segment@200000/target-module@10000/scm@0/pinmux@800: Fixed dependency cycle(s) with /ocp/interconnect@44c00000/segment@200000/target-module@10000/scm@0/pinmux@800/clkout2-pins
[    0.436213] pinctrl-single 44e10800.pinmux: 142 pins, size 568
[    0.441156] ti-sysc: probe of 44e31000.target-module failed with error -16
[    0.478832] /ocp/interconnect@48000000/segment@300000/target-module@e000/lcdc@0: Fixed dependency cycle(s) with /ocp/interconnect@44c00000/segment@200000/target-module@b000/i2c@0/tda19988@70
[    0.486646] ti-sysc: probe of 48040000.target-module failed with error -16
[    0.497620] gpiochip_find_base: found new base at 512
[    0.497691] gpio gpiochip0: (gpio-0-31): created GPIO range 0->7 ==> 44e10800.pinmux PIN 0->7
[    0.497709] gpio gpiochip0: (gpio-0-31): created GPIO range 8->11 ==> 44e10800.pinmux PIN 90->93
[    0.497725] gpio gpiochip0: (gpio-0-31): created GPIO range 12->27 ==> 44e10800.pinmux PIN 12->27
[    0.497740] gpio gpiochip0: (gpio-0-31): created GPIO range 28->31 ==> 44e10800.pinmux PIN 30->33
[    0.512376] gpio gpiochip0: (gpio-0-31): added GPIO chardev (254:0)
[    0.512541] gpio gpiochip0: registered GPIOs 512 to 543 on gpio-0-31
[    0.512626] OMAP GPIO hardware version 0.1
[    0.547259] i2c i2c-2: using DT '/ocp/interconnect@48000000/segment@100000/target-module@9c000/i2c@0' for 'scl' GPIO lookup
[    0.547333] of_get_named_gpiod_flags: can't parse 'scl-gpios' property of node '/ocp/interconnect@48000000/segment@100000/target-module@9c000/i2c@0[0]'
[    0.547376] of_get_named_gpiod_flags: can't parse 'scl-gpio' property of node '/ocp/interconnect@48000000/segment@100000/target-module@9c000/i2c@0[0]'
[    0.547411] i2c i2c-2: using lookup tables for GPIO lookup
[    0.547421] i2c i2c-2: No GPIO consumer scl found
[    0.547443] i2c i2c-2: using DT '/ocp/interconnect@48000000/segment@100000/target-module@9c000/i2c@0' for 'sda' GPIO lookup
[    0.547479] of_get_named_gpiod_flags: can't parse 'sda-gpios' property of node '/ocp/interconnect@48000000/segment@100000/target-module@9c000/i2c@0[0]'
[    0.547516] of_get_named_gpiod_flags: can't parse 'sda-gpio' property of node '/ocp/interconnect@48000000/segment@100000/target-module@9c000/i2c@0[0]'
[    0.547547] i2c i2c-2: using lookup tables for GPIO lookup
[    0.547554] i2c i2c-2: No GPIO consumer sda found
[    0.548235] omap_i2c 4819c000.i2c: bus 2 rev0.11 at 100 kHz
[    0.553802] gpiochip_find_base: found new base at 544
[    0.553870] gpio gpiochip1: (gpio-32-63): created GPIO range 0->17 ==> 44e10800.pinmux PIN 34->51
[    0.553890] gpio gpiochip1: (gpio-32-63): created GPIO range 18->21 ==> 44e10800.pinmux PIN 77->80
[    0.553906] gpio gpiochip1: (gpio-32-63): created GPIO range 22->31 ==> 44e10800.pinmux PIN 56->65
[    0.567320] gpio gpiochip1: (gpio-32-63): added GPIO chardev (254:1)
[    0.567469] gpio gpiochip1: registered GPIOs 544 to 575 on gpio-32-63
[    0.569638] gpiochip_find_base: found new base at 576
[    0.569695] gpio gpiochip2: (gpio-64-95): created GPIO range 0->4 ==> 44e10800.pinmux PIN 66->70
[    0.569714] gpio gpiochip2: (gpio-64-95): created GPIO range 5->6 ==> 44e10800.pinmux PIN 98->99
[    0.569729] gpio gpiochip2: (gpio-64-95): created GPIO range 7->8 ==> 44e10800.pinmux PIN 75->76
[    0.569744] gpio gpiochip2: (gpio-64-95): created GPIO range 13->13 ==> 44e10800.pinmux PIN 141->141
[    0.569760] gpio gpiochip2: (gpio-64-95): created GPIO range 14->21 ==> 44e10800.pinmux PIN 100->107
[    0.570318] gpio gpiochip2: (gpio-64-95): added GPIO chardev (254:2)
[    0.570438] gpio gpiochip2: registered GPIOs 576 to 607 on gpio-64-95
[    0.576826] /ocp/interconnect@48000000/segment@300000/target-module@e000/lcdc@0: Fixed dependency cycle(s) with /ocp/interconnect@44c00000/segment@200000/target-module@b000/i2c@0/tda19988@70
[    0.579458] /ocp/interconnect@48000000/segment@300000/target-module@e000/lcdc@0: Fixed dependency cycle(s) with /ocp/interconnect@44c00000/segment@200000/target-module@b000/i2c@0/tda19988@70
[    0.580117] /ocp/interconnect@44c00000/segment@200000/target-module@b000/i2c@0/tda19988@70: Fixed dependency cycle(s) with /ocp/interconnect@48000000/segment@300000/target-module@e000/lcdc@0
[    0.580294] /ocp/interconnect@48000000/segment@300000/target-module@e000/lcdc@0: Fixed dependency cycle(s) with /ocp/interconnect@44c00000/segment@200000/target-module@b000/i2c@0/tda19988@70
[    0.589620] mdio_bus 4a101000.mdio: using DT '/ocp/interconnect@4a000000/segment@0/target-module@100000/switch@0/mdio@1000' for 'reset' GPIO lookup
[    0.589693] of_get_named_gpiod_flags: can't parse 'reset-gpios' property of node '/ocp/interconnect@4a000000/segment@0/target-module@100000/switch@0/mdio@1000[0]'
[    0.589741] of_get_named_gpiod_flags: can't parse 'reset-gpio' property of node '/ocp/interconnect@4a000000/segment@0/target-module@100000/switch@0/mdio@1000[0]'
[    0.589789] mdio_bus 4a101000.mdio: using lookup tables for GPIO lookup
[    0.589799] mdio_bus 4a101000.mdio: No GPIO consumer reset found
[    0.590927] sdhci-omap 481d8000.mmc: using DT '/ocp/interconnect@48000000/segment@100000/target-module@d8000/mmc@0' for 'wp' GPIO lookup
[    0.590991] of_get_named_gpiod_flags: can't parse 'wp-gpios' property of node '/ocp/interconnect@48000000/segment@100000/target-module@d8000/mmc@0[0]'
[    0.591035] of_get_named_gpiod_flags: can't parse 'wp-gpio' property of node '/ocp/interconnect@48000000/segment@100000/target-module@d8000/mmc@0[0]'
[    0.591069] sdhci-omap 481d8000.mmc: using lookup tables for GPIO lookup
[    0.591078] sdhci-omap 481d8000.mmc: No GPIO consumer wp found
[    0.591420] sdhci-omap 481d8000.mmc: supply pbias not found, using dummy regulator
[    0.592608] sdhci-omap 481d8000.mmc: supply vqmmc not found, using dummy regulator
[    0.670232] davinci_mdio 4a101000.mdio: davinci mdio revision 1.6, bus freq 1000000
[    0.684211] mdio_bus 4a101000.mdio:00: using DT '/ocp/interconnect@4a000000/segment@0/target-module@100000/switch@0/mdio@1000/ethernet-phy@0' for 'reset' GPIO lookup
[    0.684317] of_get_named_gpiod_flags: parsed 'reset-gpios' property of node '/ocp/interconnect@4a000000/segment@0/target-module@100000/switch@0/mdio@1000/ethernet-phy@0[0]' - status (0)
[    0.684479] gpio gpiochip0: Persistence not supported for GPIO 8
[    0.863478] davinci_mdio 4a101000.mdio: phy[0]: device 4a101000.mdio:00, driver SMSC LAN8710/LAN8720
[    0.864122] cpsw-switch 4a100000.switch: initialized cpsw ale version 1.4
[    0.864143] cpsw-switch 4a100000.switch: ALE Table size 1024
[    0.864287] cpsw-switch 4a100000.switch: cpts: overflow check period 500 (jiffies)
[    0.864305] cpsw-switch 4a100000.switch: CPTS: ref_clk_freq:250000000 calc_mult:2147483648 calc_shift:29 error:0 nsec/sec
[    0.864407] cpsw-switch 4a100000.switch: Detected MACID = 6c:ec:eb:68:de:78
[    0.866225] cpsw-switch 4a100000.switch: initialized (regs 0x4a100000, pool size 256) hw_ver:0019010C 1.12 (0)
[    0.876878] debugfs: Directory '49000000.dma' with parent 'dmaengine' already present!
[    0.876923] edma 49000000.dma: TI EDMA DMA engine driver
[    0.911668] gpio-clk clk_mcasp0: using DT '/clk_mcasp0' for 'enable' GPIO lookup
[    0.911747] of_get_named_gpiod_flags: parsed 'enable-gpios' property of node '/clk_mcasp0[0]' - status (0)
[    0.911790] gpio gpiochip0: Persistence not supported for GPIO 27
[    0.912656] gpiochip_find_base: found new base at 608
[    0.912721] gpio gpiochip3: (gpio-96-127): created GPIO range 0->7 ==> 44e10800.pinmux PIN 82->89
[    0.912740] gpio gpiochip3: (gpio-96-127): created GPIO range 8->11 ==> 44e10800.pinmux PIN 52->55
[    0.912756] gpio gpiochip3: (gpio-96-127): created GPIO range 12->15 ==> 44e10800.pinmux PIN 94->97
[    0.912772] gpio gpiochip3: (gpio-96-127): created GPIO range 16->17 ==> 44e10800.pinmux PIN 71->72
[    0.912788] gpio gpiochip3: (gpio-96-127): created GPIO range 18->18 ==> 44e10800.pinmux PIN 135->135
[    0.912804] gpio gpiochip3: (gpio-96-127): created GPIO range 19->20 ==> 44e10800.pinmux PIN 108->109
[    0.912821] gpio gpiochip3: (gpio-96-127): created GPIO range 21->21 ==> 44e10800.pinmux PIN 73->73
[    0.912837] gpio gpiochip3: (gpio-96-127): created GPIO range 22->23 ==> 44e10800.pinmux PIN 8->9
[    0.912854] gpio gpiochip3: (gpio-96-127): created GPIO range 26->27 ==> 44e10800.pinmux PIN 10->11
[    0.912872] gpio gpiochip3: (gpio-96-127): created GPIO range 28->28 ==> 44e10800.pinmux PIN 74->74
[    0.912890] gpio gpiochip3: (gpio-96-127): created GPIO range 29->29 ==> 44e10800.pinmux PIN 81->81
[    0.912908] gpio gpiochip3: (gpio-96-127): created GPIO range 30->31 ==> 44e10800.pinmux PIN 28->29
[    0.931616] gpio gpiochip3: (gpio-96-127): added GPIO chardev (254:3)
[    0.931772] gpio gpiochip3: registered GPIOs 608 to 639 on gpio-96-127
[    0.933710] omap8250 44e09000.serial: using DT '/ocp/interconnect@44c00000/segment@200000/target-module@9000/serial@0' for 'rs485-term' GPIO lookup
[    0.933785] of_get_named_gpiod_flags: can't parse 'rs485-term-gpios' property of node '/ocp/interconnect@44c00000/segment@200000/target-module@9000/serial@0[0]'
[    0.933829] of_get_named_gpiod_flags: can't parse 'rs485-term-gpio' property of node '/ocp/interconnect@44c00000/segment@200000/target-module@9000/serial@0[0]'
[    0.933864] omap8250 44e09000.serial: using lookup tables for GPIO lookup
[    0.933875] omap8250 44e09000.serial: No GPIO consumer rs485-term found
[    0.933885] omap8250 44e09000.serial: using DT '/ocp/interconnect@44c00000/segment@200000/target-module@9000/serial@0' for 'rs485-rx-during-tx' GPIO lookup
[    0.933920] of_get_named_gpiod_flags: can't parse 'rs485-rx-during-tx-gpios' property of node '/ocp/interconnect@44c00000/segment@200000/target-module@9000/serial@0[0]'
[    0.933958] of_get_named_gpiod_flags: can't parse 'rs485-rx-during-tx-gpio' property of node '/ocp/interconnect@44c00000/segment@200000/target-module@9000/serial@0[0]'
[    0.933989] omap8250 44e09000.serial: using lookup tables for GPIO lookup
[    0.933997] omap8250 44e09000.serial: No GPIO consumer rs485-rx-during-tx found
[    0.934352] 44e09000.serial: ttyS0 at MMIO 0x44e09000 (irq = 34, base_baud = 3000000) is a 8250
[    0.934435] printk: console [ttyS0] enabled
[    2.134561] i2c i2c-0: using DT '/ocp/interconnect@44c00000/segment@200000/target-module@b000/i2c@0' for 'scl' GPIO lookup
[    2.134662] of_get_named_gpiod_flags: can't parse 'scl-gpios' property of node '/ocp/interconnect@44c00000/segment@200000/target-module@b000/i2c@0[0]'
[    2.134709] of_get_named_gpiod_flags: can't parse 'scl-gpio' property of node '/ocp/interconnect@44c00000/segment@200000/target-module@b000/i2c@0[0]'
[    2.134747] i2c i2c-0: using lookup tables for GPIO lookup
[    2.134759] i2c i2c-0: No GPIO consumer scl found
[    2.134782] i2c i2c-0: using DT '/ocp/interconnect@44c00000/segment@200000/target-module@b000/i2c@0' for 'sda' GPIO lookup
[    2.134819] of_get_named_gpiod_flags: can't parse 'sda-gpios' property of node '/ocp/interconnect@44c00000/segment@200000/target-module@b000/i2c@0[0]'
[    2.134858] of_get_named_gpiod_flags: can't parse 'sda-gpio' property of node '/ocp/interconnect@44c00000/segment@200000/target-module@b000/i2c@0[0]'
[    2.134892] i2c i2c-0: using lookup tables for GPIO lookup
[    2.134901] i2c i2c-0: No GPIO consumer sda found
[    2.162208] tps65217-pmic: Failed to locate of_node [id: -1]
[    2.168246] tps65217-bl: Failed to locate of_node [id: -1]
[    2.179226] tps65217 0-0024: TPS65217 ID 0xe version 1.2
[    2.185363] /ocp/interconnect@48000000/segment@300000/target-module@e000/lcdc@0: Fixed dependency cycle(s) with /ocp/interconnect@44c00000/segment@200000/target-module@b000/i2c@0/tda19988@70
[    2.202716] /ocp/interconnect@44c00000/segment@200000/target-module@b000/i2c@0/tda19988@70: Fixed dependency cycle(s) with /ocp/interconnect@48000000/segment@300000/target-module@e000/lcdc@0
[    2.220071] omap_i2c 44e0b000.i2c: bus 0 rev0.11 at 400 kHz
[    2.227758] sdhci-omap 48060000.mmc: using DT '/ocp/interconnect@48000000/segment@0/target-module@60000/mmc@0' for 'cd' GPIO lookup
[    2.227857] of_get_named_gpiod_flags: parsed 'cd-gpios' property of node '/ocp/interconnect@48000000/segment@0/target-module@60000/mmc@0[0]' - status (0)
[    2.227977] gpio gpiochip3: Persistence not supported for GPIO 6
[    2.228003] omap_gpio 44e07000.gpio: Could not set line 6 debounce to 200000 microseconds (-22)
[    2.236871] sdhci-omap 48060000.mmc: Got CD GPIO
[    2.241544] sdhci-omap 48060000.mmc: using DT '/ocp/interconnect@48000000/segment@0/target-module@60000/mmc@0' for 'wp' GPIO lookup
[    2.241595] of_get_named_gpiod_flags: can't parse 'wp-gpios' property of node '/ocp/interconnect@48000000/segment@0/target-module@60000/mmc@0[0]'
[    2.241638] of_get_named_gpiod_flags: can't parse 'wp-gpio' property of node '/ocp/interconnect@48000000/segment@0/target-module@60000/mmc@0[0]'
[    2.241673] sdhci-omap 48060000.mmc: using lookup tables for GPIO lookup
[    2.241686] sdhci-omap 48060000.mmc: No GPIO consumer wp found
[    2.241875] sdhci-omap 48060000.mmc: supply pbias not found, using dummy regulator
[    2.250846] sdhci-omap 481d8000.mmc: using DT '/ocp/interconnect@48000000/segment@100000/target-module@d8000/mmc@0' for 'wp' GPIO lookup
[    2.250925] of_get_named_gpiod_flags: can't parse 'wp-gpios' property of node '/ocp/interconnect@48000000/segment@100000/target-module@d8000/mmc@0[0]'
[    2.250973] of_get_named_gpiod_flags: can't parse 'wp-gpio' property of node '/ocp/interconnect@48000000/segment@100000/target-module@d8000/mmc@0[0]'
[    2.251010] sdhci-omap 481d8000.mmc: using lookup tables for GPIO lookup
[    2.251021] sdhci-omap 481d8000.mmc: No GPIO consumer wp found
[    2.252019] sdhci-omap 48060000.mmc: supply vqmmc not found, using dummy regulator
[    2.260740] sdhci-omap 481d8000.mmc: supply pbias not found, using dummy regulator
[    2.269635] sdhci-omap 481d8000.mmc: supply vqmmc not found, using dummy regulator
[    2.309558] mmc1: SDHCI controller on 481d8000.mmc [481d8000.mmc] using External DMA
[    2.318008] mmc0: SDHCI controller on 48060000.mmc [48060000.mmc] using External DMA
[    2.326707] cpsw-switch 4a100000.switch: starting ndev. mode: dual_mac
[    2.391552] mmc1: new high speed MMC card at address 0001
[    2.398429] mmcblk1: mmc1:0001 MMC04G 3.60 GiB
[    2.405805]  mmcblk1: p1 p2
[    2.409273] mmc0: new high speed SDHC card at address aaaa
[    2.416304] mmcblk1boot0: mmc1:0001 MMC04G 2.00 MiB
[    2.422873] mmcblk0: mmc0:aaaa SE32G 29.7 GiB
[    2.429509] mmcblk1boot1: mmc1:0001 MMC04G 2.00 MiB
[    2.437814] mmcblk1rpmb: mmc1:0001 MMC04G 128 KiB, chardev (250:0)
[    2.444551]  mmcblk0: p1 p2
[    2.512445] SMSC LAN8710/LAN8720 4a101000.mdio:00: attached PHY driver (mii_bus:phy_addr=4a101000.mdio:00, irq=POLL)
[    5.681978] cpsw-switch 4a100000.switch eth0: Link is Up - 100Mbps/Full - flow control off
[    5.731298] IP-Config: Complete:
[    5.734569]      device=eth0, hwaddr=6c:ec:eb:68:de:78, ipaddr=192.168.255.1, mask=255.255.255.0, gw=255.255.255.255
[    5.745186]      host=bbb1, domain=, nis-domain=(none)
[    5.750349]      bootserver=192.168.255.126, rootserver=192.168.255.126, rootpath=
[    5.750767] clk: Disabling unused clocks
[    5.762628] KTAP version 1
[    5.765357] 1..0
[    5.797622] VFS: Mounted root (nfs filesystem) on device 0:16.
[    5.804729] devtmpfs: mounted
[    5.809348] Freeing unused kernel image (initmem) memory: 1024K
[    5.816112] Run /sbin/init as init process
[    5.820242]   with arguments:
[    5.820252]     /sbin/init
[    5.820260]     nfsrootdebug
[    5.820268]   with environment:
[    5.820275]     HOME=/
[    5.820282]     TERM=linux
[    6.494484] systemd[1]: System time before build time, advancing clock.
[    7.951267] random: crng init done
[    8.022586] systemd[1]: systemd 232 running in system mode. (+PAM +AUDIT +SELINUX +IMA +APPARMOR +SMACK +SYSVINIT +UTMP +LIBCRYPTSETUP +GCRYPT +GNUTLS +ACL +XZ +LZ4 +SECCOMP +BLKID +ELFUTILS +KMOD +IDN)
[    8.041660] systemd[1]: Detected architecture arm.
[    8.084257] systemd[1]: Set hostname to <arm>.
[    9.157162] systemd[1]: Listening on Syslog Socket.
[    9.191620] systemd[1]: Reached target Remote File Systems.
[    9.231944] systemd[1]: Listening on Journal Socket (/dev/log).
[    9.273210] systemd[1]: Listening on udev Control Socket.
[    9.312893] systemd[1]: Set up automount Arbitrary Executable File Formats File System Automount Point.
[    9.352880] systemd[1]: Created slice System Slice.
[    9.392635] systemd[1]: Created slice system-getty.slice.
[   11.268811] systemd-journald[86]: Received request to flush runtime journal from PID 1
[   14.444407] leds-gpio leds: using DT '/leds/led2' for '(null)' GPIO lookup
[   14.444509] of_get_named_gpiod_flags: parsed 'gpios' property of node '/leds/led2[0]' - status (0)
[   14.444561] gpio gpiochip0: Persistence not supported for GPIO 21
[   14.444574] gpio-533 (?): no flags found for (null)
[   14.444876] leds-gpio leds: using DT '/leds/led3' for '(null)' GPIO lookup
[   14.444925] of_get_named_gpiod_flags: parsed 'gpios' property of node '/leds/led3[0]' - status (0)
[   14.444959] gpio gpiochip0: Persistence not supported for GPIO 22
