Labgrid Console Logfile for main
Logfile started at 2025-06-25 11:45:30.324886
=== Log starts here ===
reading args
spl_load_image_fat_os: error reading image args, err - -1
reading u-boot.img
reading u-boot.img


U-Boot 2014.04-00014-g47880f5 (Apr 22 2014 - 13:23:54)

I2C:   ready
DRAM:  512 MiB
NAND:  0 MiB
MMC:   OMAP SD/MMC: 0, OMAP SD/MMC: 1
*** Warning - readenv() failed, using default environment

Net:   <ethaddr> not set. Validating first E-fuse MAC
cpsw, usb_ether
Hit any key to stop autoboot:  1  0 
gpio: pin 53 (gpio 53) value is 1
mmc0 is current device
gpio: pin 54 (gpio 54) value is 1
SD/MMC found on device 0
reading uEnv.txt
569 bytes read in 4 ms (138.7 KiB/s)
gpio: pin 55 (gpio 55) value is 1
Loaded environment from uEnv.txt
Importing environment from mmc ...
Checking if uenvcmd is set ...
gpio: pin 56 (gpio 56) value is 1
Running uenvcmd ...
cpsw Waiting for PHY auto negotiation to complete. done
link up on port 0, speed 100, full duplex
Using cpsw device
TFTP from server 192.168.255.126; our IP address is 192.168.255.1
Filename 'zImage'.
Load address: 0x81000000
Loading: *#################################################################
	 #################################################################
	 #################################################################
	 #################################################################
	 #################################################################
	 ###########################################################
	 2.4 MiB/s
done
Bytes transferred = 5622728 (55cbc8 hex)
link up on port 0, speed 100, full duplex
Using cpsw device
TFTP from server 192.168.255.126; our IP address is 192.168.255.1
Filename 'am335x-boneblack.dtb'.
Load address: 0x82000000
Loading: *#######
	 2.3 MiB/s
done
Bytes transferred = 98244 (17fc4 hex)
Kernel image @ 0x81000000 [ 0x000000 - 0x55cbc8 ]
## Flattened Device Tree blob at 82000000
   Booting using the fdt blob at 0x82000000
   Using Device Tree in place at 82000000, end 8201afc3

Starting kernel ...

[    0.000000] Booting Linux on physical CPU 0x0
[    0.000000] Linux version 6.16.0-rc3-next-20250625 (user01@drvtest01) (arm-none-eabi-gcc (Arm GNU Toolchain 14.2.Rel1 (Build arm-14.52)) 14.2.1 20241119, GNU ld (Arm GNU Toolchain 14.2.Rel1 (Build arm-14.52)) 2.43.1.20241119) #1 SMP Wed Jun 25 11:42:35 EEST 2025
[    0.000000] CPU: ARMv7 Processor [413fc082] revision 2 (ARMv7), cr=10c5387d
[    0.000000] CPU: PIPT / VIPT nonaliasing data cache, VIPT aliasing instruction cache
[    0.000000] OF: fdt: Machine model: TI AM335x BeagleBone Black
[    0.000000] Memory policy: Data cache writeback
[    0.000000] cma: Reserved 16 MiB at 0x9e800000
[    0.000000] Zone ranges:
[    0.000000]   Normal   [mem 0x0000000080000000-0x000000009fdfffff]
[    0.000000]   HighMem  empty
[    0.000000] Movable zone start for each node
[    0.000000] Early memory node ranges
[    0.000000]   node   0: [mem 0x0000000080000000-0x000000009fdfffff]
[    0.000000] Initmem setup node 0 [mem 0x0000000080000000-0x000000009fdfffff]
[    0.000000] On node 0, zone Normal: 512 pages in unavailable ranges
[    0.000000] OF: reserved mem: Reserved memory: No reserved-memory node in the DT
[    0.000000] CPU: All CPU(s) started in SVC mode.
[    0.000000] AM335X ES2.1 (sgx neon)
[    0.000000] percpu: Embedded 17 pages/cpu s39820 r8192 d21620 u69632
[    0.000000] Kernel command line: console=ttyO0,115200n8 root=/dev/nfs rw nfsroot=192.168.255.126:/home/user01/nfs,nfsvers=3 ip=192.168.255.1:192.168.255.126::255.255.255.0:bbb1:eth0 nfsrootdebug
[    0.000000] Unknown kernel command line parameters "nfsrootdebug", will be passed to user space.
[    0.000000] printk: log buffer data + meta data: 65536 + 204800 = 270336 bytes
[    0.000000] Dentry cache hash table entries: 65536 (order: 6, 262144 bytes, linear)
[    0.000000] Inode-cache hash table entries: 32768 (order: 5, 131072 bytes, linear)
[    0.000000] Built 1 zonelists, mobility grouping on.  Total pages: 130560
[    0.000000] mem auto-init: stack:off, heap alloc:off, heap free:off
[    0.000000] SLUB: HWalign=16, Order=0-3, MinObjects=0, CPUs=1, Nodes=1
[    0.000000] rcu: Hierarchical RCU implementation.
[    0.000000] rcu: 	RCU event tracing is enabled.
[    0.000000] rcu: 	RCU restricting CPUs from NR_CPUS=2 to nr_cpu_ids=1.
[    0.000000] 	Tracing variant of Tasks RCU enabled.
[    0.000000] rcu: RCU calculated value of scheduler-enlistment delay is 10 jiffies.
[    0.000000] rcu: Adjusting geometry for rcu_fanout_leaf=16, nr_cpu_ids=1
[    0.000000] RCU Tasks Trace: Setting shift to 0 and lim to 1 rcu_task_cb_adjust=1 rcu_task_cpu_ids=1.
[    0.000000] NR_IRQS: 16, nr_irqs: 16, preallocated irqs: 16
[    0.000000] IRQ: Found an INTC at 0x(ptrval) (revision 5.0) with 128 interrupts
[    0.000000] rcu: srcu_init: Setting srcu_struct sizes based on contention.
[    0.000000] TI gptimer clocksource: always-on /ocp/interconnect@44c00000/segment@200000/target-module@31000
[    0.000003] sched_clock: 32 bits at 24MHz, resolution 41ns, wraps every 89478484971ns
[    0.000025] clocksource: dmtimer: mask: 0xffffffff max_cycles: 0xffffffff, max_idle_ns: 79635851949 ns
[    0.000527] TI gptimer clockevent: 24000000 Hz at /ocp/interconnect@48000000/segment@0/target-module@40000
[    0.002155] Console: colour dummy device 80x30
[    0.002221] WARNING: Your 'console=ttyO0' has been replaced by 'ttyS0'
[    0.002228] This ensures that you still see kernel messages. Please
[    0.002232] update your kernel commandline.
[    0.002276] Calibrating delay loop... 996.14 BogoMIPS (lpj=4980736)
[    0.090579] CPU: Testing write buffer coherency: ok
[    0.090691] CPU0: Spectre v2: using BPIALL workaround
[    0.090701] pid_max: default: 32768 minimum: 301
[    0.090859] LSM: initializing lsm=capability
[    0.091031] Mount-cache hash table entries: 1024 (order: 0, 4096 bytes, linear)
[    0.091051] Mountpoint-cache hash table entries: 1024 (order: 0, 4096 bytes, linear)
[    0.092668] CPU0: thread -1, cpu 0, socket -1, mpidr 0
[    0.092727] cacheinfo: Unable to detect cache hierarchy for CPU 0
[    0.094785] Setting up static identity map for 0x80100000 - 0x80100078
[    0.095126] rcu: Hierarchical SRCU implementation.
[    0.095135] rcu: 	Max phase no-delay instances is 1000.
[    0.096865] smp: Bringing up secondary CPUs ...
[    0.096919] smp: Brought up 1 node, 1 CPU
[    0.096930] SMP: Total of 1 processors activated (996.14 BogoMIPS).
[    0.096942] CPU: All CPU(s) started in SVC mode.
[    0.097132] Memory: 480828K/522240K available (11264K kernel code, 1215K rwdata, 2928K rodata, 1024K init, 284K bss, 23380K reserved, 16384K cma-reserved, 0K highmem)
[    0.097955] devtmpfs: initialized
[    0.114861] VFP support v0.3: implementor 41 architecture 3 part 30 variant c rev 3
[    0.115515] clocksource: jiffies: mask: 0xffffffff max_cycles: 0xffffffff, max_idle_ns: 19112604462750000 ns
[    0.115570] posixtimers hash table entries: 512 (order: 0, 4096 bytes, linear)
[    0.115596] futex hash table entries: 256 (16384 bytes on 1 NUMA nodes, total 16 KiB, linear).
[    0.116718] pinctrl core: initialized pinctrl subsystem
[    0.118774] NET: Registered PF_NETLINK/PF_ROUTE protocol family
[    0.121889] DMA: preallocated 256 KiB pool for atomic coherent allocations
[    0.122835] audit: initializing netlink subsys (disabled)
[    0.124187] thermal_sys: Registered thermal governor 'fair_share'
[    0.124204] thermal_sys: Registered thermal governor 'step_wise'
[    0.124213] thermal_sys: Registered thermal governor 'user_space'
[    0.124329] audit: type=2000 audit(0.120:1): state=initialized audit_enabled=0 res=1
[    0.124397] cpuidle: using governor menu
[    0.142170] /ocp/interconnect@44c00000/segment@200000/target-module@b000/i2c@0/tda19988@70: Fixed dependency cycle(s) with /ocp/interconnect@48000000/segment@300000/target-module@e000/lcdc@0
[    0.143318] /ocp/interconnect@48000000/segment@300000/target-module@e000/lcdc@0: Fixed dependency cycle(s) with /ocp/interconnect@44c00000/segment@200000/target-module@b000/i2c@0/tda19988@70
[    0.145490] No ATAGs?
[    0.145531] hw-breakpoint: debug architecture 0x4 unsupported.
[    0.148004] registering rtmutex
[    0.148273] kprobes: kprobe jump-optimization is enabled. All kprobes are optimized if possible.
[    0.153985] iommu: Default domain type: Translated
[    0.154006] iommu: DMA domain TLB invalidation policy: strict mode
[    0.161376] SCSI subsystem initialized
[    0.162249] pps_core: LinuxPPS API ver. 1 registered
[    0.162260] pps_core: Software ver. 5.3.6 - Copyright 2005-2007 Rodolfo Giometti <giometti@linux.it>
[    0.162284] PTP clock support registered
[    0.171243] vgaarb: loaded
[    0.171619] clocksource: Switched to clocksource dmtimer
[    0.172286] VFS: Disk quotas dquot_6.6.0
[    0.172343] VFS: Dquot-cache hash table entries: 1024 (order 0, 4096 bytes)
[    0.197115] NET: Registered PF_INET protocol family
[    0.197459] IP idents hash table entries: 8192 (order: 4, 65536 bytes, linear)
[    0.198882] tcp_listen_portaddr_hash hash table entries: 512 (order: 0, 4096 bytes, linear)
[    0.198919] Table-perturb hash table entries: 65536 (order: 6, 262144 bytes, linear)
[    0.198936] TCP established hash table entries: 4096 (order: 2, 16384 bytes, linear)
[    0.198982] TCP bind hash table entries: 4096 (order: 4, 65536 bytes, linear)
[    0.199082] TCP: Hash tables configured (established 4096 bind 4096)
[    0.199207] UDP hash table entries: 256 (order: 1, 14336 bytes, linear)
[    0.199242] UDP-Lite hash table entries: 256 (order: 1, 14336 bytes, linear)
[    0.199443] NET: Registered PF_UNIX/PF_LOCAL protocol family
[    0.200720] RPC: Registered named UNIX socket transport module.
[    0.200740] RPC: Registered udp transport module.
[    0.200746] RPC: Registered tcp transport module.
[    0.200750] RPC: Registered tcp-with-tls transport module.
[    0.200755] RPC: Registered tcp NFSv4.1 backchannel transport module.
[    0.200779] PCI: CLS 0 bytes, default 64
[    0.202324] Initialise system trusted keyrings
[    0.212065] workingset: timestamp_bits=14 max_order=17 bucket_order=3
[    0.213437] NFS: Registering the id_resolver key type
[    0.213546] Key type id_resolver registered
[    0.213553] Key type id_legacy registered
[    0.213660] jffs2: version 2.2. (NAND) (SUMMARY)  Â© 2001-2006 Red Hat, Inc.
[    0.214135] Key type asymmetric registered
[    0.214151] Asymmetric key parser 'x509' registered
[    0.214220] io scheduler mq-deadline registered
[    0.214230] io scheduler kyber registered
[    0.214303] io scheduler bfq registered
[    0.216191] target-module@4b000000:target-module@140000:pmu@0:fck: device ID is greater than 24
[    0.222374] l3-aon-clkctrl:0000:0: failed to disable
[    0.222634] ledtrig-cpu: registered to indicate activity on CPUs
[    0.232209] Serial: 8250/16550 driver, 6 ports, IRQ sharing enabled
[    0.269708] brd: module loaded
[    0.296729] loop: module loaded
[    0.297645] mtdoops: mtd device (mtddev=name/number) must be supplied
[    0.300743] i2c_dev: i2c /dev entries driver
[    0.301935] cpuidle: enable-method property 'ti,am3352' found operations
[    0.302409] sdhci: Secure Digital Host Controller Interface driver
[    0.302419] sdhci: Copyright(c) Pierre Ossman
[    0.302598] sdhci-pltfm: SDHCI platform and OF driver helper
[    0.304078] hw perfevents: enabled with armv7_cortex_a8 PMU driver, 5 (8000000f) counters available
[    0.304593] Initializing XFRM netlink socket
[    0.304778] NET: Registered PF_INET6 protocol family
[    0.310439] l3-aon-clkctrl:0000:0: failed to disable
[    0.311977] Segment Routing with IPv6
[    0.312059] In-situ OAM (IOAM) with IPv6
[    0.312155] sit: IPv6, IPv4 and MPLS over IPv4 tunneling driver
[    0.313111] NET: Registered PF_PACKET protocol family
[    0.313138] NET: Registered PF_KEY protocol family
[    0.313262] Key type dns_resolver registered
[    0.313485] ThumbEE CPU extension supported.
[    0.313507] Registering SWP/SWPB emulation handler
[    0.314044] omap_voltage_late_init: Voltage driver support not added
[    0.314714] SmartReflex Class3 initialized
[    0.344655] Loading compiled-in X.509 certificates
[    0.388216] /ocp/interconnect@44c00000/segment@200000/target-module@b000/i2c@0/tda19988@70: Fixed dependency cycle(s) with /ocp/interconnect@48000000/segment@300000/target-module@e000/lcdc@0
[    0.394787] /ocp/interconnect@44c00000/segment@200000/target-module@b000/i2c@0/tda19988@70: Fixed dependency cycle(s) with /ocp/interconnect@48000000/segment@300000/target-module@e000/lcdc@0
[    0.434034] /ocp/interconnect@44c00000/segment@200000/target-module@b000/i2c@0/tda19988@70: Fixed dependency cycle(s) with /ocp/interconnect@48000000/segment@300000/target-module@e000/lcdc@0
[    0.434937] /ocp/interconnect@44c00000/segment@200000/target-module@b000/i2c@0/tda19988@70: Fixed dependency cycle(s) with /ocp/interconnect@48000000/segment@300000/target-module@e000/lcdc@0
[    0.438397] /ocp/interconnect@44c00000/segment@200000/target-module@10000/scm@0/pinmux@800: Fixed dependency cycle(s) with /ocp/interconnect@44c00000/segment@200000/target-module@10000/scm@0/pinmux@800/clkout2-pins
[    0.438984] pinctrl-single 44e10800.pinmux: 142 pins, size 568
[    0.444480] ti-sysc 44e31000.target-module: probe with driver ti-sysc failed with error -16
[    0.469054] /ocp/interconnect@48000000/segment@300000/target-module@e000/lcdc@0: Fixed dependency cycle(s) with /ocp/interconnect@44c00000/segment@200000/target-module@b000/i2c@0/tda19988@70
[    0.477419] ti-sysc 48040000.target-module: probe with driver ti-sysc failed with error -16
[    0.515622] OMAP GPIO hardware version 0.1
[    0.550444] omap_i2c 4819c000.i2c: bus 2 rev0.11 at 100 kHz
[    0.597270] 48000000.interconnect:segment@200000:target-module@0:mpu@0:fck: device ID is greater than 24
[    0.598165] /ocp/interconnect@48000000/segment@300000/target-module@e000/lcdc@0: Fixed dependency cycle(s) with /ocp/interconnect@44c00000/segme nt@200000/target-module@b000/i2c@0/tda19988@70
[    0.600977] /ocp/interconnect@48000000/segment@300000/target-module@e000/lcdc@0: Fixed dependency cycle(s) with /ocp/interconnect@44c00000/segment@200000/target-module@b000/i2c@0/tda19988@70
[    0.601867] /ocp/interconnect@44c00000/segment@200000/target-module@b000/i2c@0/tda19988@70: Fixed dependency cycle(s) with /ocp/interconnect@48000000/segment@300000/target-module@e000/lcdc@0
[    0.602039] /ocp/interconnect@48000000/segment@300000/target-module@e 000/lcdc@0: Fixed dependency cycle(s) with /ocp/interconnect@44c00000/segment@200000/target-module@b000/i2c@0/tda19988@70
[    0.613248] sdhci-omap 481d8000.mmc: supply pbias not found, using dummy regulator
[    0.613740] sdhci-omap 481d8000.mmc: supply vqmmc not found, using dummy regulator
[    0.661783] davinci_mdio 4a101000.mdio: davinci mdio revision 1.6, bus freq 1000000
[    0.812103] davinci_mdio 4a101000.mdio: phy[0]: device 4a101000.mdio:00, driver SMSC LAN8710/LAN8720
[    0.812875] cpsw-switch 4a100000.switch: initialized cpsw ale version 1.4
[    0.812898] cpsw-switch 4a100000.switch: ALE Table size 1024, Policers 0
[    0.813062] cpsw-switch 4a100000.switch: cpts: overflow check period 500 (jiffies)
[    0.813078] cpsw-switch 4a100000.switch: CPTS: ref_clk_freq:250000000 calc_mult:2147483648 calc_shift:29 error:0 nsec/sec
[    0.813185] cpsw-switch 4a100000.switch: Detected MACID = 6c:ec:eb:68:de:78
[    0.815021] cpsw-switch 4a100000.switch: initialized (regs 0x4a100000, pool size 256) hw_ver:0019010C 1.12 (0)
[    0.825934] debugfs: Directory '49000000.dma' with parent 'dmaengine' already present!
[    0.825975] edma 49000000.dma: TI EDMA DMA engine driver
[    0.866026] 44e09000.serial: ttyS0 at MMIO 0x44e09000 (irq = 34, base_baud = 3000000) is a 8250
[    0.866117] printk: legacy console [ttyS0] enabled
[    2.372612] tps65217-pmic: Failed to locate of_node [id: -1]
[    2.378677] tps65217-bl: Failed to locate of_node [id: -1]
[    2.384751] platform tps65217-charger: DMA mask
[    5.762433] cpsw-switch 4a100000.switch eth0: Link is Up - 100Mbps/Full - flow control off
[    5.801881] IP-Config: Complete:
[    5.805157]      device=eth0, hwaddr=6c:ec:eb:68:de:78, ipaddr=192.168.255.1, mask=255.255.255.0, gw=255.255.255.255
[    5.815830]      host=bbb1, domain=, nis-domain=(none)
[    5.820998]      bootserver=192.168.255.126, rootserver=192.168.255.126, rootpath=
[    5.821418] clk: Disabling unused clocks
[    5.833250] PM: genpd: Disabling unused power domains
[    5.838365] KTAP version 1
[    5.841085] 1..0
[    5.873471] VFS: Mounted root (nfs filesystem) on device 0:17.
[    5.880249] devtmpfs: mounted
[    5.885157] Freeing unused kernel image (initmem) memory: 1024K
[    5.891850] Run /sbin/init as init process
[    6.567510] systemd[1]: System time before build time, advancing clock.
[    8.101640] random: crng init done
[    8.114300] systemd[1]: systemd 232 running in system mode. (+PAM +AUDIT +SELINUX +IMA +APPARMOR +SMACK +SYSVINIT +UTMP +LIBCRYPTSETUP +GCRYPT +GNUTLS +ACL +XZ +LZ4 +SECCOMP +BLKID +ELFUTILS +KMOD +IDN)
[    8.133422] systemd[1]: Detected architecture arm.

Welcome to [1mDebian GNU/Linux 9 (stretch)[0m!

[    8.164821] systemd[1]: Set hostname to <arm>.
[    9.295588] systemd[1]: Reached target Remote File Systems.
[[0;32m  OK  [0m] Reached target Remote File Systems.
[    9.325906] systemd[1]: Listening on udev Control Socket.
[[0;32m  OK  [0m] Listening on udev Control Socket.
[    9.352030] systemd[1]: Reached target Swap.
[[0;32m  OK  [0m] Reached target Swap.
[    9.372663] systemd[1]: Started Forward Password Requests to Wall Directory Watch.
[[0;32m  OK  [0m] Started Forward Password Requests to Wall Directory Watch.
[    9.403515] systemd[1]: systemd-journald.socket: SO_PASSSEC failed: Operation not supported
[    9.412443] systemd[1]: systemd-journald.socket: SO_PASSSEC failed: Operation not supported
[    9.421023] systemd[1]: Listening on Journal Socket.
[[0;32m  OK  [0m] Listening on Journal Socket.
[[0;32m  OK  [0m] Set up automount Arbitrary Executabâ€¦rmats File System Automount Point.
[[0;32m  OK  [0m] Listening on Syslog Socket.
[[0;32m  OK  [0m] Started Dispatch Password Requests to Console Directory Watch.
[[0;32m  OK  [0m] Reached target Encrypted Volumes.
[[0;32m  OK  [0m] Created slice System Slice.
         Starting Create list of required stâ€¦ce nodes for the current kernel...
[[0;32m  OK  [0m] Created slice system-getty.slice.
         Starting Load Kernel Modules...
         Starting Remount Root and Kernel File Systems...
         Mounting POSIX Message Queue File System...
[[0;32m  OK  [0m] Listening on /dev/initctl Compatibility Named Pipe.
[[0;32m  OK  [0m] Reached target Paths.
         Mounting Debug File System...
[[0;32m  OK  [0m] Listening on Journal Audit Socket.
[[0;32m  OK  [0m] Created slice User and Session Slice.
[[0;32m  OK  [0m] Reached target Slices.
[[0;32m  OK  [0m] Created slice system-serial\x2dgetty.slice.
[[0;32m  OK  [0m] Listening on Journal Socket (/dev/log).
[[0;32m  OK  [0m] Listening on udev Kernel Socket.
         Starting Journal Service...
[[0;32m  OK  [0m] Mounted POSIX Message Queue File System.
[[0;32m  OK  [0m] Mounted Debug File System.
[[0;32m  OK  [0m] Started Create list of required staâ€¦vice nodes for the current kernel.
[[0;32m  OK  [0m] Started Load Kernel Modules.
[[0;32m  OK  [0m] Started Remount Root and Kernel File Systems.
         Starting udev Coldplug all Devices...
         Starting Load/Save Random Seed...
         Starting Apply Kernel Variables...
         Mounting Configuration File System...
         Starting Create Static Device Nodes in /dev...
[[0;32m  OK  [0m] Mounted Configuration File System.
[[0;32m  OK  [0m] Started Load/Save Random Seed.
[[0;32m  OK  [0m] Started Apply Kernel Variables.
[[0;32m  OK  [0m] Started Create Static Device Nodes in /dev.
         Starting udev Kernel Device Manager...
[[0;32m  OK  [0m] Reached target Local File Systems (Pre).
[[0;32m  OK  [0m] Reached target Local File Systems.
         Starting Raise network interfaces...
[[0;32m  OK  [0m] Started Journal Service.
         Starting Flush Journal to Persistent Storage...
[   11.760116] systemd-journald[93]: Received request to flush runtime journal from PID 1
[[0;32m  OK  [0m] Started Flush Journal to Persistent Storage.
         Starting Create Volatile Files and Directories...
[[0;32m  OK  [0m] Started udev Kernel Device Manager.
[[0;32m  OK  [0m] Started Create Volatile Files and Directories.
         Starting Network Time Synchronization...
         Starting Update UTMP about System Boot/Shutdown...
[[0;32m  OK  [0m] Started udev Coldplug all Devices.
[[0;32m  OK  [0m] Started Update UTMP about System Boot/Shutdown.
[   14.668885] remoteproc remoteproc0: wkup_m3 is available
[   14.935296] at24 2-0054: supply vcc not found, using dummy regulator
[   15.042510] at24 2-0055: supply vcc not found, using dummy regulator
[   15.140518] at24 2-0056: supply vcc not found, using dummy regulator
[   15.152643] am335x-phy-driver 47401300.usb-phy: dummy supplies not allowed for exclusive requests (id=vbus)
[   15.220228] usbcore: registered new interface driver usbfs
[   15.226069] usbcore: registered new interface driver hub
[   15.231519] usbcore: registered new device driver usb
[   15.302586] at24 2-0057: supply vcc not found, using dummy regulator
[   15.324486] input: tps65217_pwrbutton as /devices/platform/ocp/44c00000.interconnect/44c00000.interconnect:segment@200000/44e0b000.target-module/44e0b000.i2c/i2c-0/0-0024/tps65217-pwrbutton/input/input0
[   15.401489] am335x-phy-driver 47401b00.usb-phy: dummy supplies not allowed for exclusive requests (id=vbus)
[   15.464312] at24 0-0050: 32768 byte 24c256 EEPROM, writable, 1 bytes/write
[[0;32m  OK  [0m] Found device /dev/ttyS0.
[   15.968620] omap_rtc 44e3e000.rtc: registered as rtc0
[   15.973969] omap_rtc 44e3e000.rtc: setting system clock to 2000-01-01T00:00:00 UTC (946684800)
[   16.282104] omap_wdt: OMAP Watchdog Timer Rev 0x01: initial timeout 60 sec
[   16.487068] musb-hdrc musb-hdrc.1: MUSB HDRC host driver
[   16.492688] musb-hdrc musb-hdrc.1: new USB bus registered, assigned bus number 1
[[0;32m  OK  [0m] Started Network Time Synchronization.
[[0;32m  OK  [0m] Reached target System Initialization.
[   16.709106] usb usb1: New USB device found, idVendor=1d6b, idProduct=0002, bcdDevice= 6.16
[   16.717742] usb usb1: New USB device strings: Mfr=3, Product=2, SerialNumber=1
[   16.725128] usb usb1: Product: MUSB HDRC host driver
[   16.730124] usb usb1: Manufacturer: Linux 6.16.0-rc3-next-20250625 musb-hcd
[   16.737156] usb usb1: SerialNumber: musb-hdrc.1
[[0;32m  OK  [0m] Listening on D-Bus System Message Bus Socket.
[[0;32m  OK  [0m] Listening on Avahi mDNS/DNS-SD Stack Activation Socket.
[[0;32m  OK  [0m] Reached target Sockets.
[[0;32m  OK  [0m] Reached target Basic System.
         Starting LSB: Load kernel modules needed to enable cpufreq scaling...
[   17.058383] omap-mailbox 480c8000.mailbox: omap mailbox rev 0x400
[   17.115952] hub 1-0:1.0: USB hub found
[[0;32m  OK  [0m] Started D-Bus System Message Bus.
[   17.181820] remoteproc remoteproc0: powering up wkup_m3
[   17.209079] hub 1-0:1.0: 1 port detected
[   17.295933] tda998x 0-0070: found TDA19988
[   17.499731] remoteproc remoteproc0: Direct firmware load for am335x-pm-firmware.elf failed with error -2
[   17.509508] remoteproc remoteproc0: request_firmware failed: -2
[   17.515572] wkup_m3_ipc 44e11324.wkup_m3_ipc: rproc_boot failed
[   19.005787] omap_rng 48310000.rng: Random Number Generator ver. 20
[   19.287078] tilcdc 4830e000.lcdc: bound 0-0070 (ops tda998x_audio_codec_init [tda998x])
[   19.413224] [drm] Initialized tilcdc 1.0.0 for 4830e000.lcdc on minor 0
[   19.483256] tilcdc 4830e000.lcdc: [drm] Cannot find any crtc or sizes
[   19.492047] tilcdc 4830e000.lcdc: [drm] Cannot find any crtc or sizes
         Starting Connection service...
         Starting Telephony service...
         Starting LSB: Start busybox udhcpd at boot time...
[   20.276984] PM: Cannot get wkup_m3_ipc handle
[   20.297943] omap-sham 53100000.sham: hw accel on OMAP rev 4.3
         Starting DUN service...
         Starting Generic Board Startup...[   20.401540] omap-sham 53100000.sham: will run requests pump with realtime priority

[   20.417071] PM: Cannot get wkup_m3_ipc handle
         Starting Avahi mDNS/DNS-SD Stack...
[   20.804271] omap-aes 53500000.aes: OMAP AES hw accel rev: 3.2
[[0;32m  OK  [0m] Started Regular background program processing daemon.
[   20.914722] omap-aes 53500000.aes: will run requests pump with realtime priority
[   20.927808] PM: Cannot get wkup_m3_ipc handle
         Starting System Logging Service...
         Starting Cape Manager Service...
         Starting Login Service...
[[0;32m  OK  [0m] Started Daily Cleanup of Temporary Directories.
[[0;32m  OK  [0m] Reached target System Time Synchronized.
[[0;32m  OK  [0m] Started Daily apt download activities.
[[0;32m  OK  [0m] Started Daily apt upgrade and clean activities.
[[0;32m  OK  [0m] Reached target Timers.
[   24.110550] Bluetooth: Core ver 2.22
[   24.114604] NET: Registered PF_BLUETOOTH protocol family
[   24.119955] Bluetooth: HCI device and connection manager initialized
[   24.126483] Bluetooth: HCI socket layer initialized
[   24.131398] Bluetooth: L2CAP socket layer initialized
[   24.136548] Bluetooth: SCO socket layer initialized
[[0;32m  OK  [0m] Started System Logging Service.
[[0;32m  OK  [0m] Started Cape Manager Service.
[   24.695444] PM: Cannot get wkup_m3_ipc handle
[   24.712250] gpio-537 (nxp,calib): gpiod_direction_output_nonotify: tried to set a GPIO tied to an IRQ as output
[   24.821090] PM: Cannot get wkup_m3_ipc handle
[   25.014189] tda9950 0-0034: TDA9950 CEC interface, hardware version 3.3
[   25.124407] PM: Cannot get wkup_m3_ipc handle
[[0;32m  OK  [0m] Started LSB: Start busybox udhcpd at boot time.
[[0;32m  OK  [0m] Started LSB: Load kernel modules needed to enable cpufreq scaling.
[[0;32m  OK  [0m] Started Raise network interfaces.
[   28.996434] configfs-gadget.g_multi gadget.0: HOST MAC 1c:ba:8c:a2:ed:6c
[   29.003442] configfs-gadget.g_multi gadget.0: MAC 1c:ba:8c:a2:ed:70
[   29.010758] configfs-gadget.g_multi gadget.0: HOST MAC 1c:ba:8c:a2:ed:6c
[   29.017631] configfs-gadget.g_multi gadget.0: MAC 1c:ba:8c:a2:ed:6d
[   29.026520] PM: Cannot get wkup_m3_ipc handle
[[0;32m  OK  [0m] Started DUN service.
[[0;32m  OK  [0m] Started Telephony service.
[[0;32m  OK  [0m] Started Connection service.
[[0;32m  OK  [0m] Started Avahi mDNS/DNS-SD Stack.
[[0;32m  OK  [0m] Started Login Service.
[[0;32m  OK  [0m] Reached target Sound Card.
[[0;32m  OK  [0m] Reached target Network.
         Starting OpenBSD Secure Shell server...
         Starting Permit User Sessions...
         Starting The Apache HTTP Server...
[[0;32m  OK  [0m] Reached target Network is Online.
         Starting LSB: Advanced IEEE 802.11 management daemon...
         Starting LSB: set CPUFreq kernel parameters...
[[0;32m  OK  [0m] Started Permit User Sessions.
[[0;32m  OK  [0m] Started LSB: Advanced IEEE 802.11 management daemon.
         Starting Hostname Service...
         Starting WPA supplicant...
[[0;32m  OK  [0m] Started Getty on tty1.
[[0;32m  OK  [0m] Started Serial Getty on ttyS0.
[[0;32m  OK  [0m] Reached target Login Prompts.
[[0;32m  OK  [0m] Started LSB: set CPUFreq kernel parameters.
[[0;32m  OK  [0m] Started WPA supplicant.
[[0;32m  OK  [0m] Started Hostname Service.
[[0;32m  OK  [0m] Started OpenBSD Secure Shell server.
         Stopping LSB: Start busybox udhcpd at boot time...
[[0;32m  OK  [0m] Stopped LSB: Start busybox udhcpd at boot time.
[[0;32m  OK  [0m] Started The Apache HTTP Server.
         Starting dnsmasq - A lightweight DHCP and caching DNS server...
[[0;32m  OK  [0m] Started dnsmasq - A lightweight DHCP and caching DNS server.
[[0;32m  OK  [0m] Reached target Host and Network Name Lookups.
[[0;32m  OK  [0m] Started Serial Getty on ttyGS0.
[[0;32m  OK  [0m] Started Generic Board Startup.
[[0;32m  OK  [0m] Reached target Multi-User System.
[[0;32m  OK  [0m] Reached target Graphical Interface.
         Starting Update UTMP about System Runlevel Changes...
[[0;32m  OK  [0m] Started Update UTMP about System Runlevel Changes.

Debian GNU/Linux 9 arm ttyS0

default username:password is [debian:temppwd]

arm login: root
Password: 
Last login: Sat Jan  1 00:00:38 UTC 2000 on ttyS0
root
Linux arm 6.16.0-rc3-next-20250625 #1 SMP Wed Jun 25 11:42:35 EEST 2025 armv7l

The programs included with the Debian GNU/Linux system are free software;
the exact distribution terms for each program are described in the
individual files in /usr/share/doc/*/copyright.

Debian GNU/Linux comes with ABSOLUTELY NO WARRANTY, to the extent
permitted by applicable law.
root@arm:~# root
-bash: root: command not found
root@arm:~# dmesg -n 1
echo 'KCUP''UOCOLN'
root@arm:~# echo 'KCUP''UOCOLN'
KCUPUOCOLN
root@arm:~# run() { echo -n "$MARKER"; sh -c "$@"; echo "$MARKER $?"; }
root@arm:~# echo 'VJOJ''ZXYPTV'
VJOJZXYPTV
root@arm:~# MARKER='WAEX''NCPGZO' run 'cat /proc/version'
WAEXNCPGZOLinux version 6.16.0-rc3-next-20250625 (user01@drvtest01) (arm-none-eabi-gcc (Arm GNU Toolchain 14.2.Rel1 (Build arm-14.52)) 14.2.1 20241119, GNU ld (Arm GNU Toolchain 14.2.Rel1 (Build arm-14.52)) 2.43.1.20241119) #1 SMP Wed Jun 25 11:42:35 EEST 2025
WAEXNCPGZO 0
root@arm:~# echo 'BHJB''JYKJNX'
BHJBJYKJNX
root@arm:~# MARKER='HZBA''LGXFSW' run false
HZBALGXFSWHZBALGXFSW 1
root@arm:~# Labgrid Console Logfile for main
Logfile started at 2025-06-25 11:46:30.424698
=== Log starts here ===

root@arm:~# run() { echo -n "$MARKER"; sh -c "$@"; echo "$MARKER $?"; }
root@arm:~# echo 'ULBH''PQSBMZ'
ULBHPQSBMZ
root@arm:~# MARKER='YWWH''JLFKNG' run 'ls /iio_generic_buffer; echo $?'
YWWHJLFKNG/iio_generic_buffer
0
YWWHJLFKNG 0
root@arm:~# Labgrid Console Logfile for main
Logfile started at 2025-06-25 11:46:33.763399
=== Log starts here ===

root@arm:~# run() { echo -n "$MARKER"; sh -c "$@"; echo "$MARKER $?"; }
root@arm:~# echo 'PGWL''SOKLFJ'
PGWLSOKLFJ
root@arm:~# MARKER='ANAG''UWBCHT' run dmesg
ANAGUWBCHT[    0.000000] Booting Linux on physical CPU 0x0
[    0.000000] Linux version 6.16.0-rc3-next-20250625 (user01@drvtest01) (arm-none-eabi-gcc (Arm GNU Toolchain 14.2.Rel1 (Build arm-14.52)) 14.2.1 20241119, GNU ld (Arm GNU Toolchain 14.2.Rel1 (Build arm-14.52)) 2.43.1.20241119) #1 SMP Wed Jun 25 11:42:35 EEST 2025
[    0.000000] CPU: ARMv7 Processor [413fc082] revision 2 (ARMv7), cr=10c5387d
[    0.000000] CPU: PIPT / VIPT nonaliasing data cache, VIPT aliasing instruction cache
[    0.000000] OF: fdt: Machine model: TI AM335x BeagleBone Black
[    0.000000] Memory policy: Data cache writeback
[    0.000000] cma: Reserved 16 MiB at 0x9e800000
[    0.000000] Zone ranges:
[    0.000000]   Normal   [mem 0x0000000080000000-0x000000009fdfffff]
[    0.000000]   HighMem  empty
[    0.000000] Movable zone start for each node
[    0.000000] Early memory node ranges
[    0.000000]   node   0: [mem 0x0000000080000000-0x000000009fdfffff]
[    0.000000] Initmem setup node 0 [mem 0x0000000080000000-0x000000009fdfffff]
[    0.000000] On node 0, zone Normal: 512 pages in unavailable ranges
[    0.000000] OF: reserved mem: Reserved memory: No reserved-memory node in the DT
[    0.000000] CPU: All CPU(s) started in SVC mode.
[    0.000000] AM335X ES2.1 (sgx neon)
[    0.000000] percpu: Embedded 17 pages/cpu s39820 r8192 d21620 u69632
[    0.000000] pcpu-alloc: s39820 r8192 d21620 u69632 alloc=17*4096
[    0.000000] pcpu-alloc: [0] 0 
[    0.000000] Kernel command line: console=ttyO0,115200n8 root=/dev/nfs rw nfsroot=192.168.255.126:/home/user01/nfs,nfsvers=3 ip=192.168.255.1:192.168.255.126::255.255.255.0:bbb1:eth0 nfsrootdebug
[    0.000000] Unknown kernel command line parameters "nfsrootdebug", will be passed to user space.
[    0.000000] printk: log buffer data + meta data: 65536 + 204800 = 270336 bytes
[    0.000000] Dentry cache hash table entries: 65536 (order: 6, 262144 bytes, linear)
[    0.000000] Inode-cache hash table entries: 32768 (order: 5, 131072 bytes, linear)
[    0.000000] Built 1 zonelists, mobility grouping on.  Total pages: 130560
[    0.000000] mem auto-init: stack:off, heap alloc:off, heap free:off
[    0.000000] SLUB: HWalign=16, Order=0-3, MinObjects=0, CPUs=1, Nodes=1
[    0.000000] rcu: Hierarchical RCU implementation.
[    0.000000] rcu: 	RCU event tracing is enabled.
[    0.000000] rcu: 	RCU restricting CPUs from NR_CPUS=2 to nr_cpu_ids=1.
[    0.000000] 	Tracing variant of Tasks RCU enabled.
[    0.000000] rcu: RCU calculated value of scheduler-enlistment delay is 10 jiffies.
[    0.000000] rcu: Adjusting geometry for rcu_fanout_leaf=16, nr_cpu_ids=1
[    0.000000] RCU Tasks Trace: Setting shift to 0 and lim to 1 rcu_task_cb_adjust=1 rcu_task_cpu_ids=1.
[    0.000000] NR_IRQS: 16, nr_irqs: 16, preallocated irqs: 16
[    0.000000] IRQ: Found an INTC at 0x(ptrval) (revision 5.0) with 128 interrupts
[    0.000000] rcu: srcu_init: Setting srcu_struct sizes based on contention.
[    0.000000] TI gptimer clocksource: always-on /ocp/interconnect@44c00000/segment@200000/target-module@31000
[    0.000003] sched_clock: 32 bits at 24MHz, resolution 41ns, wraps every 89478484971ns
[    0.000025] clocksource: dmtimer: mask: 0xffffffff max_cycles: 0xffffffff, max_idle_ns: 79635851949 ns
[    0.000527] TI gptimer clockevent: 24000000 Hz at /ocp/interconnect@48000000/segment@0/target-module@40000
[    0.002155] Console: colour dummy device 80x30
[    0.002221] WARNING: Your 'console=ttyO0' has been replaced by 'ttyS0'
[    0.002228] This ensures that you still see kernel messages. Please
[    0.002232] update your kernel commandline.
[    0.002276] Calibrating delay loop... 996.14 BogoMIPS (lpj=4980736)
[    0.090579] CPU: Testing write buffer coherency: ok
[    0.090691] CPU0: Spectre v2: using BPIALL workaround
[    0.090701] pid_max: default: 32768 minimum: 301
[    0.090859] LSM: initializing lsm=capability
[    0.091031] Mount-cache hash table entries: 1024 (order: 0, 4096 bytes, linear)
[    0.091051] Mountpoint-cache hash table entries: 1024 (order: 0, 4096 bytes, linear)
[    0.092668] CPU0: thread -1, cpu 0, socket -1, mpidr 0
[    0.092727] cacheinfo: Unable to detect cache hierarchy for CPU 0
[    0.094785] Setting up static identity map for 0x80100000 - 0x80100078
[    0.095126] rcu: Hierarchical SRCU implementation.
[    0.095135] rcu: 	Max phase no-delay instances is 1000.
[    0.096865] smp: Bringing up secondary CPUs ...
[    0.096919] smp: Brought up 1 node, 1 CPU
[    0.096930] SMP: Total of 1 processors activated (996.14 BogoMIPS).
[    0.096942] CPU: All CPU(s) started in SVC mode.
[    0.097132] Memory: 480828K/522240K available (11264K kernel code, 1215K rwdata, 2928K rodata, 1024K init, 284K bss, 23380K reserved, 16384K cma-reserved, 0K highmem)
[    0.097955] devtmpfs: initialized
[    0.114861] VFP support v0.3: implementor 41 architecture 3 part 30 variant c rev 3
[    0.115515] clocksource: jiffies: mask: 0xffffffff max_cycles: 0xffffffff, max_idle_ns: 19112604462750000 ns
[    0.115570] posixtimers hash table entries: 512 (order: 0, 4096 bytes, linear)
[    0.115596] futex hash table entries: 256 (16384 bytes on 1 NUMA nodes, total 16 KiB, linear).
[    0.116718] pinctrl core: initialized pinctrl subsystem
[    0.118774] NET: Registered PF_NETLINK/PF_ROUTE protocol family
[    0.121889] DMA: preallocated 256 KiB pool for atomic coherent allocations
[    0.122835] audit: initializing netlink subsys (disabled)
[    0.124187] thermal_sys: Registered thermal governor 'fair_share'
[    0.124204] thermal_sys: Registered thermal governor 'step_wise'
[    0.124213] thermal_sys: Registered thermal governor 'user_space'
[    0.124329] audit: type=2000 audit(0.120:1): state=initialized audit_enabled=0 res=1
[    0.124397] cpuidle: using governor menu
[    0.142170] /ocp/interconnect@44c00000/segment@200000/target-module@b000/i2c@0/tda19988@70: Fixed dependency cycle(s) with /ocp/interconnect@48000000/segment@300000/target-module@e000/lcdc@0
[    0.143318] /ocp/interconnect@48000000/segment@300000/target-module@e000/lcdc@0: Fixed dependency cycle(s) with /ocp/interconnect@44c00000/segment@200000/target-module@b000/i2c@0/tda19988@70
[    0.145490] No ATAGs?
[    0.145531] hw-breakpoint: debug architecture 0x4 unsupported.
[    0.148004] registering rtmutex
[    0.148273] kprobes: kprobe jump-optimization is enabled. All kprobes are optimized if possible.
[    0.153985] iommu: Default domain type: Translated
[    0.154006] iommu: DMA domain TLB invalidation policy: strict mode
[    0.155591] reg-fixed-voltage fixedregulator0: using DT '/fixedregulator0' for '(default)' GPIO lookup
[    0.155645] of_get_named_gpiod_flags: can't parse 'gpios' property of node '/fixedregulator0[0]'
[    0.155673] of_get_named_gpiod_flags: can't parse 'gpio' property of node '/fixedregulator0[0]'
[    0.155690] reg-fixed-voltage fixedregulator0: using lookup tables for GPIO lookup
[    0.155700] reg-fixed-voltage fixedregulator0: No GPIO consumer (default) found
[    0.161376] SCSI subsystem initialized
[    0.161873] libata version 3.00 loaded.
[    0.162249] pps_core: LinuxPPS API ver. 1 registered
[    0.162260] pps_core: Software ver. 5.3.6 - Copyright 2005-2007 Rodolfo Giometti <giometti@linux.it>
[    0.162284] PTP clock support registered
[    0.171243] vgaarb: loaded
[    0.171619] clocksource: Switched to clocksource dmtimer
[    0.172286] VFS: Disk quotas dquot_6.6.0
[    0.172343] VFS: Dquot-cache hash table entries: 1024 (order 0, 4096 bytes)
[    0.197115] NET: Registered PF_INET protocol family
[    0.197459] IP idents hash table entries: 8192 (order: 4, 65536 bytes, linear)
[    0.198882] tcp_listen_portaddr_hash hash table entries: 512 (order: 0, 4096 bytes, linear)
[    0.198919] Table-perturb hash table entries: 65536 (order: 6, 262144 bytes, linear)
[    0.198936] TCP established hash table entries: 4096 (order: 2, 16384 bytes, linear)
[    0.198982] TCP bind hash table entries: 4096 (order: 4, 65536 bytes, linear)
[    0.199082] TCP: Hash tables configured (established 4096 bind 4096)
[    0.199207] UDP hash table entries: 256 (order: 1, 14336 bytes, linear)
[    0.199242] UDP-Lite hash table entries: 256 (order: 1, 14336 bytes, linear)
[    0.199443] NET: Registered PF_UNIX/PF_LOCAL protocol family
[    0.200720] RPC: Registered named UNIX socket transport module.
[    0.200740] RPC: Registered udp transport module.
[    0.200746] RPC: Registered tcp transport module.
[    0.200750] RPC: Registered tcp-with-tls transport module.
[    0.200755] RPC: Registered tcp NFSv4.1 backchannel transport module.
[    0.200779] PCI: CLS 0 bytes, default 64
[    0.202324] Initialise system trusted keyrings
[    0.212065] workingset: timestamp_bits=14 max_order=17 bucket_order=3
[    0.213437] NFS: Registering the id_resolver key type
[    0.213546] Key type id_resolver registered
[    0.213553] Key type id_legacy registered
[    0.213660] jffs2: version 2.2. (NAND) (SUMMARY)  Â© 2001-2006 Red Hat, Inc.
[    0.214135] Key type asymmetric registered
[    0.214151] Asymmetric key parser 'x509' registered
[    0.214220] io scheduler mq-deadline registered
[    0.214230] io scheduler kyber registered
[    0.214303] io scheduler bfq registered
[    0.216191] target-module@4b000000:target-module@140000:pmu@0:fck: device ID is greater than 24
[    0.222374] l3-aon-clkctrl:0000:0: failed to disable
[    0.222634] ledtrig-cpu: registered to indicate activity on CPUs
[    0.232209] Serial: 8250/16550 driver, 6 ports, IRQ sharing enabled
[    0.269708] brd: module loaded
[    0.296729] loop: module loaded
[    0.297645] mtdoops: mtd device (mtddev=name/number) must be supplied
[    0.299348] mdio_bus fixed-0: using lookup tables for GPIO lookup
[    0.299370] mdio_bus fixed-0: No GPIO consumer reset found
[    0.300743] i2c_dev: i2c /dev entries driver
[    0.301935] cpuidle: enable-method property 'ti,am3352' found operations
[    0.302409] sdhci: Secure Digital Host Controller Interface driver
[    0.302419] sdhci: Copyright(c) Pierre Ossman
[    0.302598] sdhci-pltfm: SDHCI platform and OF driver helper
[    0.304078] hw perfevents: enabled with armv7_cortex_a8 PMU driver, 5 (8000000f) counters available
[    0.304593] Initializing XFRM netlink socket
[    0.304778] NET: Registered PF_INET6 protocol family
[    0.310439] l3-aon-clkctrl:0000:0: failed to disable
[    0.311977] Segment Routing with IPv6
[    0.312059] In-situ OAM (IOAM) with IPv6
[    0.312155] sit: IPv6, IPv4 and MPLS over IPv4 tunneling driver
[    0.313111] NET: Registered PF_PACKET protocol family
[    0.313138] NET: Registered PF_KEY protocol family
[    0.313262] Key type dns_resolver registered
[    0.313485] ThumbEE CPU extension supported.
[    0.313507] Registering SWP/SWPB emulation handler
[    0.314044] omap_voltage_late_init: Voltage driver support not added
[    0.314714] SmartReflex Class3 initialized
[    0.344655] Loading compiled-in X.509 certificates
[    0.388216] /ocp/interconnect@44c00000/segment@200000/target-module@b000/i2c@0/tda19988@70: Fixed dependency cycle(s) with /ocp/interconnect@48000000/segment@300000/target-module@e000/lcdc@0
[    0.394787] /ocp/interconnect@44c00000/segment@200000/target-module@b000/i2c@0/tda19988@70: Fixed dependency cycle(s) with /ocp/interconnect@48000000/segment@300000/target-module@e000/lcdc@0
[    0.400264] gpiochip_find_base_unlocked: found new base at 512
[    0.434034] /ocp/interconnect@44c00000/segment@200000/target-module@b000/i2c@0/tda19988@70: Fixed dependency cycle(s) with /ocp/interconnect@48000000/segment@300000/target-module@e000/lcdc@0
[    0.434937] /ocp/interconnect@44c00000/segment@200000/target-module@b000/i2c@0/tda19988@70: Fixed dependency cycle(s) with /ocp/interconnect@48000000/segment@300000/target-module@e000/lcdc@0
[    0.438397] /ocp/interconnect@44c00000/segment@200000/target-module@10000/scm@0/pinmux@800: Fixed dependency cycle(s) with /ocp/interconnect@44c00000/segment@200000/target-module@10000/scm@0/pinmux@800/clkout2-pins
[    0.438984] pinctrl-single 44e10800.pinmux: 142 pins, size 568
[    0.444480] ti-sysc 44e31000.target-module: probe with driver ti-sysc failed with error -16
[    0.469054] /ocp/interconnect@48000000/segment@300000/target-module@e000/lcdc@0: Fixed dependency cycle(s) with /ocp/interconnect@44c00000/segment@200000/target-module@b000/i2c@0/tda19988@70
[    0.477419] ti-sysc 48040000.target-module: probe with driver ti-sysc failed with error -16
[    0.488933] gpiochip_find_base_unlocked: found new base at 512
[    0.489029] gpio gpiochip0: (gpio-0-31): created GPIO range 0->7 ==> 44e10800.pinmux PIN 0->7
[    0.489048] gpio gpiochip0: (gpio-0-31): created GPIO range 8->11 ==> 44e10800.pinmux PIN 90->93
[    0.489064] gpio gpiochip0: (gpio-0-31): created GPIO range 12->27 ==> 44e10800.pinmux PIN 12->27
[    0.489079] gpio gpiochip0: (gpio-0-31): created GPIO range 28->31 ==> 44e10800.pinmux PIN 30->33
[    0.515389] gpio gpiochip0: (gpio-0-31): added GPIO chardev (254:0)
[    0.515533] gpio gpiochip0: registered GPIOs 512 to 543 on gpio-0-31
[    0.515622] OMAP GPIO hardware version 0.1
[    0.549424] i2c i2c-2: using DT '/ocp/interconnect@48000000/segment@100000/target-module@9c000/i2c@0' for 'scl' GPIO lookup
[    0.549498] of_get_named_gpiod_flags: can't parse 'scl-gpios' property of node '/ocp/interconnect@48000000/segment@100000/target-module@9c000/i2c@0[0]'
[    0.549539] of_get_named_gpiod_flags: can't parse 'scl-gpio' property of node '/ocp/interconnect@48000000/segment@100000/target-module@9c000/i2c@0[0]'
[    0.549575] i2c i2c-2: using lookup tables for GPIO lookup
[    0.549584] i2c i2c-2: No GPIO consumer scl found
[    0.549605] i2c i2c-2: using DT '/ocp/interconnect@48000000/segment@100000/target-module@9c000/i2c@0' for 'sda' GPIO lookup
[    0.549640] of_get_named_gpiod_flags: can't parse 'sda-gpios' property of node '/ocp/interconnect@48000000/segment@100000/target-module@9c000/i2c@0[0]'
[    0.549676] of_get_named_gpiod_flags: can't parse 'sda-gpio' property of node '/ocp/interconnect@48000000/segment@100000/target-module@9c000/i2c@0[0]'
[    0.549707] i2c i2c-2: using lookup tables for GPIO lookup
[    0.549714] i2c i2c-2: No GPIO consumer sda found
[    0.550444] omap_i2c 4819c000.i2c: bus 2 rev0.11 at 100 kHz
[    0.556310] gpiochip_find_base_unlocked: found new base at 544
[    0.556406] gpio gpiochip1: (gpio-32-63): created GPIO range 0->17 ==> 44e10800.pinmux PIN 34->51
[    0.556426] gpio gpiochip1: (gpio-32-63): created GPIO range 18->21 ==> 44e10800.pinmux PIN 77->80
[    0.556442] gpio gpiochip1: (gpio-32-63): created GPIO range 22->31 ==> 44e10800.pinmux PIN 56->65
[    0.588007] gpio gpiochip1: (gpio-32-63): added GPIO chardev (254:1)
[    0.588183] gpio gpiochip1: registered GPIOs 544 to 575 on gpio-32-63
[    0.590453] gpiochip_find_base_unlocked: found new base at 576
[    0.590558] gpio gpiochip2: (gpio-64-95): created GPIO range 0->4 ==> 44e10800.pinmux PIN 66->70
[    0.590578] gpio gpiochip2: (gpio-64-95): created GPIO range 5->6 ==> 44e10800.pinmux PIN 98->99
[    0.590593] gpio gpiochip2: (gpio-64-95): created GPIO range 7->8 ==> 44e10800.pinmux PIN 75->76
[    0.590608] gpio gpiochip2: (gpio-64-95): created GPIO range 13->13 ==> 44e10800.pinmux PIN 141->141
[    0.590624] gpio gpiochip2: (gpio-64-95): created GPIO range 14->21 ==> 44e10800.pinmux PIN 100->107
[    0.591274] gpio gpiochip2: (gpio-64-95): added GPIO chardev (254:2)
[    0.591417] gpio gpiochip2: registered GPIOs 576 to 607 on gpio-64-95
[    0.597270] 48000000.interconnect:segment@200000:target-module@0:mpu@0:fck: device ID is greater than 24
[    0.598165] /ocp/interconnect@48000000/segment@300000/target-module@e000/lcdc@0: Fixed dependency cycle(s) with /ocp/interconnect@44c00000/segment@200000/target-module@b000/i2c@0/tda19988@70
[    0.600977] /ocp/interconnect@48000000/segment@300000/target-module@e000/lcdc@0: Fixed dependency cycle(s) with /ocp/interconnect@44c00000/segment@200000/target-module@b000/i2c@0/tda19988@70
[    0.601867] /ocp/interconnect@44c00000/segment@200000/target-module@b000/i2c@0/tda19988@70: Fixed dependency cycle(s) with /ocp/interconnect@48000000/segment@300000/target-module@e000/lcdc@0
[    0.602039] /ocp/interconnect@48000000/segment@300000/target-module@e000/lcdc@0: Fixed dependency cycle(s) with /ocp/interconnect@44c00000/segment@200000/target-module@b000/i2c@0/tda19988@70
[    0.611768] mdio_bus 4a101000.mdio: using DT '/ocp/interconnect@4a000000/segment@0/target-module@100000/switch@0/mdio@1000' for 'reset' GPIO lookup
[    0.611844] of_get_named_gpiod_flags: can't parse 'reset-gpios' property of node '/ocp/interconnect@4a000000/segment@0/target-module@100000/switch@0/mdio@1000[0]'
[    0.611893] of_get_named_gpiod_flags: can't parse 'reset-gpio' property of node '/ocp/interconnect@4a000000/segment@0/target-module@100000/switch@0/mdio@1000[0]'
[    0.611939] mdio_bus 4a101000.mdio: using lookup tables for GPIO lookup
[    0.611949] mdio_bus 4a101000.mdio: No GPIO consumer reset found
[    0.612895] sdhci-omap 481d8000.mmc: using DT '/ocp/interconnect@48000000/segment@100000/target-module@d8000/mmc@0' for 'wp' GPIO lookup
[    0.612967] of_get_named_gpiod_flags: can't parse 'wp-gpios' property of node '/ocp/interconnect@48000000/segment@100000/target-module@d8000/mmc@0[0]'
[    0.613010] of_get_named_gpiod_flags: can't parse 'wp-gpio' property of node '/ocp/interconnect@48000000/segment@100000/target-module@d8000/mmc@0[0]'
[    0.613043] sdhci-omap 481d8000.mmc: using lookup tables for GPIO lookup
[    0.613053] sdhci-omap 481d8000.mmc: No GPIO consumer wp found
[    0.613248] sdhci-omap 481d8000.mmc: supply pbias not found, using dummy regulator
[    0.613740] sdhci-omap 481d8000.mmc: supply vqmmc not found, using dummy regulator
[    0.661783] davinci_mdio 4a101000.mdio: davinci mdio revision 1.6, bus freq 1000000
[    0.682959] mdio_bus 4a101000.mdio:00: using DT '/ocp/interconnect@4a000000/segment@0/target-module@100000/switch@0/mdio@1000/ethernet-phy@0' for 'reset' GPIO lookup
[    0.683059] of_get_named_gpiod_flags: parsed 'reset-gpios' property of node '/ocp/interconnect@4a000000/segment@0/target-module@100000/switch@0/mdio@1000/ethernet-phy@0[0]' - status (0)
[    0.683219] gpio gpiochip0: Persistence not supported for GPIO 8
[    0.812103] davinci_mdio 4a101000.mdio: phy[0]: device 4a101000.mdio:00, driver SMSC LAN8710/LAN8720
[    0.812875] cpsw-switch 4a100000.switch: initialized cpsw ale version 1.4
[    0.812898] cpsw-switch 4a100000.switch: ALE Table size 1024, Policers 0
[    0.813062] cpsw-switch 4a100000.switch: cpts: overflow check period 500 (jiffies)
[    0.813078] cpsw-switch 4a100000.switch: CPTS: ref_clk_freq:250000000 calc_mult:2147483648 calc_shift:29 error:0 nsec/sec
[    0.813185] cpsw-switch 4a100000.switch: Detected MACID = 6c:ec:eb:68:de:78
[    0.815021] cpsw-switch 4a100000.switch: initialized (regs 0x4a100000, pool size 256) hw_ver:0019010C 1.12 (0)
[    0.825934] debugfs: Directory '49000000.dma' with parent 'dmaengine' already present!
[    0.825975] edma 49000000.dma: TI EDMA DMA engine driver
[    0.845100] gpio-clk clk_mcasp0: using DT '/clk_mcasp0' for 'enable' GPIO lookup
[    0.845177] of_get_named_gpiod_flags: parsed 'enable-gpios' property of node '/clk_mcasp0[0]' - status (0)
[    0.845220] gpio gpiochip0: Persistence not supported for GPIO 27
[    0.846105] gpiochip_find_base_unlocked: found new base at 608
[    0.846217] gpio gpiochip3: (gpio-96-127): created GPIO range 0->7 ==> 44e10800.pinmux PIN 82->89
[    0.846236] gpio gpiochip3: (gpio-96-127): created GPIO range 8->11 ==> 44e10800.pinmux PIN 52->55
[    0.846252] gpio gpiochip3: (gpio-96-127): created GPIO range 12->15 ==> 44e10800.pinmux PIN 94->97
[    0.846267] gpio gpiochip3: (gpio-96-127): created GPIO range 16->17 ==> 44e10800.pinmux PIN 71->72
[    0.846283] gpio gpiochip3: (gpio-96-127): created GPIO range 18->18 ==> 44e10800.pinmux PIN 135->135
[    0.846299] gpio gpiochip3: (gpio-96-127): created GPIO range 19->20 ==> 44e10800.pinmux PIN 108->109
[    0.846315] gpio gpiochip3: (gpio-96-127): created GPIO range 21->21 ==> 44e10800.pinmux PIN 73->73
[    0.846332] gpio gpiochip3: (gpio-96-127): created GPIO range 22->23 ==> 44e10800.pinmux PIN 8->9
[    0.846349] gpio gpiochip3: (gpio-96-127): created GPIO range 26->27 ==> 44e10800.pinmux PIN 10->11
[    0.846366] gpio gpiochip3: (gpio-96-127): created GPIO range 28->28 ==> 44e10800.pinmux PIN 74->74
[    0.846384] gpio gpiochip3: (gpio-96-127): created GPIO range 29->29 ==> 44e10800.pinmux PIN 81->81
[    0.846402] gpio gpiochip3: (gpio-96-127): created GPIO range 30->31 ==> 44e10800.pinmux PIN 28->29
[    0.863188] gpio gpiochip3: (gpio-96-127): added GPIO chardev (254:3)
[    0.863366] gpio gpiochip3: registered GPIOs 608 to 639 on gpio-96-127
[    0.865304] omap8250 44e09000.serial: using DT '/ocp/interconnect@44c00000/segment@200000/target-module@9000/serial@0' for 'rs485-term' GPIO lookup
[    0.865377] of_get_named_gpiod_flags: can't parse 'rs485-term-gpios' property of node '/ocp/interconnect@44c00000/segment@200000/target-module@9000/serial@0[0]'
[    0.865421] of_get_named_gpiod_flags: can't parse 'rs485-term-gpio' property of node '/ocp/interconnect@44c00000/segment@200000/target-module@9000/serial@0[0]'
[    0.865457] omap8250 44e09000.serial: using lookup tables for GPIO lookup
[    0.865466] omap8250 44e09000.serial: No GPIO consumer rs485-term found
[    0.865476] omap8250 44e09000.serial: using DT '/ocp/interconnect@44c00000/segment@200000/target-module@9000/serial@0' for 'rs485-rx-during-tx' GPIO lookup
[    0.865512] of_get_named_gpiod_flags: can't parse 'rs485-rx-during-tx-gpios' property of node '/ocp/interconnect@44c00000/segment@200000/target-module@9000/serial@0[0]'
[    0.865548] of_get_named_gpiod_flags: can't parse 'rs485-rx-during-tx-gpio' property of node '/ocp/interconnect@44c00000/segment@200000/target-module@9000/serial@0[0]'
[    0.865580] omap8250 44e09000.serial: using lookup tables for GPIO lookup
[    0.865588] omap8250 44e09000.serial: No GPIO consumer rs485-rx-during-tx found
[    0.866026] 44e09000.serial: ttyS0 at MMIO 0x44e09000 (irq = 34, base_baud = 3000000) is a 8250
[    0.866117] printk: legacy console [ttyS0] enabled
[    2.357024] i2c i2c-0: using DT '/ocp/interconnect@44c00000/segment@200000/target-module@b000/i2c@0' for 'scl' GPIO lookup
[    2.357115] of_get_named_gpiod_flags: can't parse 'scl-gpios' property of node '/ocp/interconnect@44c00000/segment@200000/target-module@b000/i2c@0[0]'
[    2.357161] of_get_named_gpiod_flags: can't parse 'scl-gpio' property of node '/ocp/interconnect@44c00000/segment@200000/target-module@b000/i2c@0[0]'
[    2.357201] i2c i2c-0: using lookup tables for GPIO lookup
[    2.357214] i2c i2c-0: No GPIO consumer scl found
[    2.357238] i2c i2c-0: using DT '/ocp/interconnect@44c00000/segment@200000/target-module@b000/i2c@0' for 'sda' GPIO lookup
[    2.357277] of_get_named_gpiod_flags: can't parse 'sda-gpios' property of node '/ocp/interconnect@44c00000/segment@200000/target-module@b000/i2c@0[0]'
[    2.357319] of_get_named_gpiod_flags: can't parse 'sda-gpio' property of node '/ocp/interconnect@44c00000/segment@200000/target-module@b000/i2c@0[0]'
[    2.357355] i2c i2c-0: using lookup tables for GPIO lookup
[    2.357366] i2c i2c-0: No GPIO consumer sda found
[    2.372612] tps65217-pmic: Failed to locate of_node [id: -1]
[    2.378677] tps65217-bl: Failed to locate of_node [id: -1]
[    2.384751] platform tps65217-charger: DMA mask not set
[    2.390805] platform tps65217-pwrbutton: DMA mask not set
[    2.398163] tps65217 0-0024: TPS65217 ID 0xe version 1.2
[    2.404313] /ocp/interconnect@48000000/segment@300000/target-module@e000/lcdc@0: Fixed dependency cycle(s) with /ocp/interconnect@44c00000/segment@200000/target-module@b000/i2c@0/tda19988@70
[    2.421704] /ocp/interconnect@44c00000/segment@200000/target-module@b000/i2c@0/tda19988@70: Fixed dependency cycle(s) with /ocp/interconnect@48000000/segment@300000/target-module@e000/lcdc@0
[    2.439062] omap_i2c 44e0b000.i2c: bus 0 rev0.11 at 400 kHz
[    2.446712] sdhci-omap 48060000.mmc: using DT '/ocp/interconnect@48000000/segment@0/target-module@60000/mmc@0' for 'cd' GPIO lookup
[    2.446816] of_get_named_gpiod_flags: parsed 'cd-gpios' property of node '/ocp/interconnect@48000000/segment@0/target-module@60000/mmc@0[0]' - status (0)
[    2.446882] gpio gpiochip3: Persistence not supported for GPIO 6
[    2.446908] omap_gpio 44e07000.gpio: Could not set line 6 debounce to 200000 microseconds (-22)
[    2.455841] sdhci-omap 48060000.mmc: Got CD GPIO
[    2.460495] sdhci-omap 48060000.mmc: using DT '/ocp/interconnect@48000000/segment@0/target-module@60000/mmc@0' for 'wp' GPIO lookup
[    2.460547] of_get_named_gpiod_flags: can't parse 'wp-gpios' property of node '/ocp/interconnect@48000000/segment@0/target-module@60000/mmc@0[0]'
[    2.460590] of_get_named_gpiod_flags: can't parse 'wp-gpio' property of node '/ocp/interconnect@48000000/segment@0/target-module@60000/mmc@0[0]'
[    2.460629] sdhci-omap 48060000.mmc: using lookup tables for GPIO lookup
[    2.460642] sdhci-omap 48060000.mmc: No GPIO consumer wp found
[    2.460851] sdhci-omap 48060000.mmc: supply pbias not found, using dummy regulator
[    2.469696] sdhci-omap 481d8000.mmc: using DT '/ocp/interconnect@48000000/segment@100000/target-module@d8000/mmc@0' for 'wp' GPIO lookup
[    2.469774] of_get_named_gpiod_flags: can't parse 'wp-gpios' property of node '/ocp/interconnect@48000000/segment@100000/target-module@d8000/mmc@0[0]'
[    2.469820] of_get_named_gpiod_flags: can't parse 'wp-gpio' property of node '/ocp/interconnect@48000000/segment@100000/target-module@d8000/mmc@0[0]'
[    2.469859] sdhci-omap 481d8000.mmc: using lookup tables for GPIO lookup
[    2.469872] sdhci-omap 481d8000.mmc: No GPIO consumer wp found
[    2.470841] sdhci-omap 48060000.mmc: supply vqmmc not found, using dummy regulator
[    2.479945] sdhci-omap 481d8000.mmc: supply pbias not found, using dummy regulator
[    2.489836] sdhci-omap 481d8000.mmc: supply vqmmc not found, using dummy regulator
[    2.525393] mmc0: SDHCI controller on 48060000.mmc [48060000.mmc] using External DMA
[    2.533719] mmc1: SDHCI controller on 481d8000.mmc [481d8000.mmc] using External DMA
[    2.542572] cpsw-switch 4a100000.switch: starting ndev. mode: dual_mac
[    2.590803] mmc0: new high speed SDHC card at address 5048
[    2.597849] mmcblk0: mmc0:5048 SD16G 14.4 GiB
[    2.606087]  mmcblk0: p1 p2
[    2.609476] mmcblk0: p2 size 31221760 extends beyond EOD, truncated
[    2.623034] SMSC LAN8710/LAN8720 4a101000.mdio:00: attached PHY driver (mii_bus:phy_addr=4a101000.mdio:00, irq=POLL)
[    2.634021] mmc1: new high speed MMC card at address 0001
[    2.646508] mmcblk1: mmc1:0001 MMC04G 3.60 GiB
[    2.654138]  mmcblk1: p1 p2
[    2.658573] mmcblk1boot0: mmc1:0001 MMC04G 2.00 MiB
[    2.667507] mmcblk1boot1: mmc1:0001 MMC04G 2.00 MiB
[    2.676449] mmcblk1rpmb: mmc1:0001 MMC04G 128 KiB, chardev (249:0)
[    5.762433] cpsw-switch 4a100000.switch eth0: Link is Up - 100Mbps/Full - flow control off
[    5.801881] IP-Config: Complete:
[    5.805157]      device=eth0, hwaddr=6c:ec:eb:68:de:78, ipaddr=192.168.255.1, mask=255.255.255.0, gw=255.255.255.255
[    5.815830]      host=bbb1, domain=, nis-domain=(none)
[    5.820998]      bootserver=192.168.255.126, rootserver=192.168.255.126, rootpath=
[    5.821418] clk: Disabling unused clocks
[    5.833250] PM: genpd: Disabling unused power domains
[    5.838365] KTAP version 1
[    5.841085] 1..0
[    5.873471] VFS: Mounted root (nfs filesystem) on device 0:17.
[    5.880249] devtmpfs: mounted
[    5.885157] Freeing unused kernel image (initmem) memory: 1024K
[    5.891850] Run /sbin/init as init process
[    5.895979]   with arguments:
[    5.895991]     /sbin/init
[    5.895999]     nfsrootdebug
[    5.896009]   with environment:
[    5.896017]     HOME=/
[    5.896026]     TERM=linux
[    6.567510] systemd[1]: System time before build time, advancing clock.
[    8.101640] random: crng init done
[    8.114300] systemd[1]: systemd 232 running in system mode. (+PAM +AUDIT +SELINUX +IMA +APPARMOR +SMACK +SYSVINIT +UTMP +LIBCRYPTSETUP +GCRYPT +GNUTLS +ACL +XZ +LZ4 +SECCOMP +BLKID +ELFUTILS +KMOD +IDN)
[    8.133422] systemd[1]: Detected architecture arm.
[    8.164821] systemd[1]: Set hostname to <arm>.
[    9.295588] systemd[1]: Reached target Remote File Systems.
[    9.325906] systemd[1]: Listening on udev Control Socket.
[    9.352030] systemd[1]: Reached target Swap.
[    9.372663] systemd[1]: Started Forward Password Requests to Wall Directory Watch.
[    9.403515] systemd[1]: systemd-journald.socket: SO_PASSSEC failed: Operation not supported
[    9.412443] systemd[1]: systemd-journald.socket: SO_PASSSEC failed: Operation not supported
[    9.421023] systemd[1]: Listening on Journal Socket.
[   11.760116] systemd-journald[93]: Received request to flush runtime journal from PID 1
[   14.096213] leds-gpio leds: using DT '/leds/led2' for '(default)' GPIO lookup
[   14.096319] of_get_named_gpiod_flags: parsed 'gpios' property of node '/leds/led2[0]' - status (0)
[   14.096377] gpio gpiochip0: Persistence not supported for GPIO 21
[   14.096393] gpio-533 (?): no flags found for GPIO (default)
[   14.135448] leds-gpio leds: using DT '/leds/led3' for '(default)' GPIO lookup
[   14.135564] of_get_named_gpiod_flags: parsed 'gpios' property of node '/leds/led3[0]' - status (0)
[   14.135619] gpio gpiochip0: Persistence not supported for GPIO 22
[   14.135633] gpio-534 (?): no flags found for GPIO (default)
[   14.176771] leds-gpio leds: using DT '/leds/led4' for '(default)' GPIO lookup
[   14.176876] of_get_named_gpiod_flags: parsed 'gpios' property of node '/leds/led4[0]' - status (0)
[   14.176928] gpio gpiochip0: Persistence not supported for GPIO 23
[   14.176942] gpio-535 (?): no flags found for GPIO (default)
[   14.202160] leds-gpio leds: using DT '/leds/led5' for '(default)' GPIO lookup
[   14.202253] of_get_named_gpiod_flags: parsed 'gpios' property of node '/leds/led5[0]' - status (0)
[   14.202305] gpio gpiochip0: Persistence not supported for GPIO 24
[   14.202320] gpio-536 (?): no flags found for GPIO (default)
[   14.668885] remoteproc remoteproc0: wkup_m3 is available
[   14.935296] at24 2-0054: supply vcc not found, using dummy regulator
[   15.042510] at24 2-0055: supply vcc not found, using dummy regulator
[   15.140518] at24 2-0056: supply vcc not found, using dummy regulator
[   15.152188] am335x-phy-driver 47401300.usb-phy: using DT '/ocp/target-module@47400000/usb-phy@1300' for 'reset' GPIO lookup
[   15.152281] of_get_named_gpiod_flags: can't parse 'reset-gpios' property of node '/ocp/target-module@47400000/usb-phy@1300[0]'
[   15.152326] of_get_named_gpiod_flags: can't parse 'reset-gpio' property of node '/ocp/target-module@47400000/usb-phy@1300[0]'
[   15.152364] am335x-phy-driver 47401300.usb-phy: using lookup tables for GPIO lookup
[   15.152379] am335x-phy-driver 47401300.usb-phy: No GPIO consumer reset found
[   15.152393] am335x-phy-driver 47401300.usb-phy: using DT '/ocp/target-module@47400000/usb-phy@1300' for 'vbus-detect' GPIO lookup
[   15.152423] of_get_named_gpiod_flags: can't parse 'vbus-detect-gpios' property of node '/ocp/target-module@47400000/usb-phy@1300[0]'
[   15.152455] of_get_named_gpiod_flags: can't parse 'vbus-detect-gpio' property of node '/ocp/target-module@47400000/usb-phy@1300[0]'
[   15.152481] am335x-phy-driver 47401300.usb-phy: using lookup tables for GPIO lookup
[   15.152493] am335x-phy-driver 47401300.usb-phy: No GPIO consumer vbus-detect found
[   15.152643] am335x-phy-driver 47401300.usb-phy: dummy supplies not allowed for exclusive requests (id=vbus)
[   15.220228] usbcore: registered new interface driver usbfs
[   15.226069] usbcore: registered new interface driver hub
[   15.231519] usbcore: registered new device driver usb
[   15.302586] at24 2-0057: supply vcc not found, using dummy regulator
[   15.324486] input: tps65217_pwrbutton as /devices/platform/ocp/44c00000.interconnect/44c00000.interconnect:segment@200000/44e0b000.target-module/44e0b000.i2c/i2c-0/0-0024/tps65217-pwrbutton/input/input0
[   15.401038] am335x-phy-driver 47401b00.usb-phy: using DT '/ocp/target-module@47400000/usb-phy@1b00' for 'reset' GPIO lookup
[   15.401133] of_get_named_gpiod_flags: can't parse 'reset-gpios' property of node '/ocp/target-module@47400000/usb-phy@1b00[0]'
[   15.401176] of_get_named_gpiod_flags: can't parse 'reset-gpio' property of node '/ocp/target-module@47400000/usb-phy@1b00[0]'
[   15.401212] am335x-phy-driver 47401b00.usb-phy: using lookup tables for GPIO lookup
[   15.401228] am335x-phy-driver 47401b00.usb-phy: No GPIO consumer reset found
[   15.401241] am335x-phy-driver 47401b00.usb-phy: using DT '/ocp/target-module@47400000/usb-phy@1b00' for 'vbus-detect' GPIO lookup
[   15.401272] of_get_named_gpiod_flags: can't parse 'vbus-detect-gpios' property of node '/ocp/target-module@47400000/usb-phy@1b00[0]'
[   15.401304] of_get_named_gpiod_flags: can't parse 'vbus-detect-gpio' property of node '/ocp/target-module@47400000/usb-phy@1b00[0]'
[   15.401330] am335x-phy-driver 47401b00.usb-phy: using lookup tables for GPIO lookup
[   15.401342] am335x-phy-driver 47401b00.usb-phy: No GPIO consumer vbus-detect found
[   15.401489] am335x-phy-driver 47401b00.usb-phy: dummy supplies not allowed for exclusive requests (id=vbus)
[   15.463757] at24 0-0050: using DT '/ocp/interconnect@44c00000/segment@200000/target-module@b000/i2c@0/eeprom@50' for 'wp' GPIO lookup
[   15.463877] of_get_named_gpiod_flags: can't parse 'wp-gpios' property of node '/ocp/interconnect@44c00000/segment@200000/target-module@b000/i2c@0/eeprom@50[0]'
[   15.463936] of_get_named_gpiod_flags: can't parse 'wp-gpio' property of node '/ocp/interconnect@44c00000/segment@200000/target-module@b000/i2c@0/eeprom@50[0]'
[   15.463983] at24 0-0050: using lookup tables for GPIO lookup
[   15.463996] at24 0-0050: No GPIO consumer wp found
[   15.464312] at24 0-0050: 32768 byte 24c256 EEPROM, writable, 1 bytes/write
[   15.968620] omap_rtc 44e3e000.rtc: registered as rtc0
[   15.973969] omap_rtc 44e3e000.rtc: setting system clock to 2000-01-01T00:00:00 UTC (946684800)
[   15.982735] omap_rtc 44e3e000.rtc: using DT '/ocp/interconnect@44c00000/segment@200000/target-module@3e000/rtc@0' for 'wp' GPIO lookup
[   15.982810] of_get_named_gpiod_flags: can't parse 'wp-gpios' property of node '/ocp/interconnect@44c00000/segment@200000/target-module@3e000/rtc@0[0]'
[   15.982860] of_get_named_gpiod_flags: can't parse 'wp-gpio' property of node '/ocp/interconnect@44c00000/segment@200000/target-module@3e000/rtc@0[0]'
[   15.982901] omap_rtc 44e3e000.rtc: using lookup tables for GPIO lookup
[   15.982915] omap_rtc 44e3e000.rtc: No GPIO consumer wp found
[   16.282104] omap_wdt: OMAP Watchdog Timer Rev 0x01: initial timeout 60 sec
[   16.487068] musb-hdrc musb-hdrc.1: MUSB HDRC host driver
[   16.492688] musb-hdrc musb-hdrc.1: new USB bus registered, assigned bus number 1
[   16.709106] usb usb1: New USB device found, idVendor=1d6b, idProduct=0002, bcdDevice= 6.16
[   16.717742] usb usb1: New USB device strings: Mfr=3, Product=2, SerialNumber=1
[   16.725128] usb usb1: Product: MUSB HDRC host driver
[   16.730124] usb usb1: Manufacturer: Linux 6.16.0-rc3-next-20250625 musb-hcd
[   16.737156] usb usb1: SerialNumber: musb-hdrc.1
[   17.058383] omap-mailbox 480c8000.mailbox: omap mailbox rev 0x400
[   17.115952] hub 1-0:1.0: USB hub found
[   17.181820] remoteproc remoteproc0: powering up wkup_m3
[   17.209079] hub 1-0:1.0: 1 port detected
[   17.295933] tda998x 0-0070: found TDA19988
[   17.499731] remoteproc remoteproc0: Direct firmware load for am335x-pm-firmware.elf failed with error -2
[   17.509508] remoteproc remoteproc0: request_firmware failed: -2
[   17.515572] wkup_m3_ipc 44e11324.wkup_m3_ipc: rproc_boot failed
[   19.005787] omap_rng 48310000.rng: Random Number Generator ver. 20
[   19.287078] tilcdc 4830e000.lcdc: bound 0-0070 (ops tda998x_audio_codec_init [tda998x])
[   19.413224] [drm] Initialized tilcdc 1.0.0 for 4830e000.lcdc on minor 0
[   19.483256] tilcdc 4830e000.lcdc: [drm] Cannot find any crtc or sizes
[   19.492047] tilcdc 4830e000.lcdc: [drm] Cannot find any crtc or sizes
[   20.276984] PM: Cannot get wkup_m3_ipc handle
[   20.297943] omap-sham 53100000.sham: hw accel on OMAP rev 4.3
[   20.401540] omap-sham 53100000.sham: will run requests pump with realtime priority
[   20.417071] PM: Cannot get wkup_m3_ipc handle
[   20.804271] omap-aes 53500000.aes: OMAP AES hw accel rev: 3.2
[   20.914722] omap-aes 53500000.aes: will run requests pump with realtime priority
[   20.927808] PM: Cannot get wkup_m3_ipc handle
[   24.110550] Bluetooth: Core ver 2.22
[   24.114604] NET: Registered PF_BLUETOOTH protocol family
[   24.119955] Bluetooth: HCI device and connection manager initialized
[   24.126483] Bluetooth: HCI socket layer initialized
[   24.131398] Bluetooth: L2CAP socket layer initialized
[   24.136548] Bluetooth: SCO socket layer initialized
[   24.688321] tda998x 0-0070: using DT '/ocp/interconnect@44c00000/segment@200000/target-module@b000/i2c@0/tda19988@70' for 'nxp,calib' GPIO lookup
[   24.688556] of_get_named_gpiod_flags: parsed 'nxp,calib-gpios' property of node '/ocp/interconnect@44c00000/segment@200000/target-module@b000/i2c@0/tda19988@70[0]' - status (0)
[   24.688698] gpio gpiochip0: Persistence not supported for GPIO 25
[   24.688762] gpio-537 (nxp,calib): no flags found for GPIO nxp,calib
[   24.695444] PM: Cannot get wkup_m3_ipc handle
[   24.701195] asoc-simple-card sound: using DT '/sound' for 'simple-audio-card,hp-det' GPIO lookup
[   24.701277] of_get_named_gpiod_flags: can't parse 'simple-audio-card,hp-det-gpios' property of node '/sound[0]'
[   24.701315] of_get_named_gpiod_flags: can't parse 'simple-audio-card,hp-det-gpio' property of node '/sound[0]'
[   24.701340] asoc-simple-card sound: using lookup tables for GPIO lookup
[   24.701353] asoc-simple-card sound: No GPIO consumer simple-audio-card,hp-det found
[   24.701368] asoc-simple-card sound: using DT '/sound' for 'simple-audio-card,mic-det' GPIO lookup
[   24.701393] of_get_named_gpiod_flags: can't parse 'simple-audio-card,mic-det-gpios' property of node '/sound[0]'
[   24.701418] of_get_named_gpiod_flags: can't parse 'simple-audio-card,mic-det-gpio' property of node '/sound[0]'
[   24.701437] asoc-simple-card sound: using lookup tables for GPIO lookup
[   24.701449] asoc-simple-card sound: No GPIO consumer simple-audio-card,mic-det found
[   24.712250] gpio-537 (nxp,calib): gpiod_direction_output_nonotify: tried to set a GPIO tied to an IRQ as output
[   24.821090] PM: Cannot get wkup_m3_ipc handle
[   25.014189] tda9950 0-0034: TDA9950 CEC interface, hardware version 3.3
[   25.124407] PM: Cannot get wkup_m3_ipc handle
[   28.746141] userial_init: registered 8 ttyGS* devices
[   28.929318] rndis_register: configNr = 0
[   28.995216] udc musb-hdrc.0: binding gadget driver [g_multi]
[   28.995309] configfs-gadget.g_multi gadget.0: adding 'rndis'/402293bc to config 'c'/ef850139
[   28.996434] configfs-gadget.g_multi gadget.0: HOST MAC 1c:ba:8c:a2:ed:6c
[   29.003442] configfs-gadget.g_multi gadget.0: MAC 1c:ba:8c:a2:ed:70
[   29.009794] rndis_set_param_medium: 0 0
[   29.009813] configfs-gadget.g_multi gadget.0: RNDIS: IN/ep1in OUT/ep1out NOTIFY/ep2in
[   29.009830] configfs-gadget.g_multi gadget.0: adding 'cdc_ethernet'/c677d39e to config 'c'/ef850139
[   29.010758] configfs-gadget.g_multi gadget.0: HOST MAC 1c:ba:8c:a2:ed:6c
[   29.017631] configfs-gadget.g_multi gadget.0: MAC 1c:ba:8c:a2:ed:6d
[   29.023995] configfs-gadget.g_multi gadget.0: CDC Ethernet: IN/ep3in OUT/ep2out NOTIFY/ep4in
[   29.024014] configfs-gadget.g_multi gadget.0: adding 'acm'/fc9e6cfb to config 'c'/ef850139
[   29.024048] configfs-gadget.g_multi gadget.0: acm ttyGS0: IN/ep5in OUT/ep3out NOTIFY/ep6in
[   29.026520] PM: Cannot get wkup_m3_ipc handle
[   31.282474] configfs-gadget.g_multi gadget.0: eth_open
[   35.119392] gs_open: ttyGS0 (607a77a1,91893f84)
[   35.119544] gs_close: ttyGS0 (607a77a1,91893f84) ...
[   35.119568] gs_close: ttyGS0 (607a77a1,91893f84) done!
[   35.136529] gs_open: ttyGS0 (5817c78f,e0a18fa2)
[   35.136674] gs_close: ttyGS0 (5817c78f,e0a18fa2) ...
[   35.136694] gs_close: ttyGS0 (5817c78f,e0a18fa2) done!
[   35.331022] gs_open: ttyGS0 (607a77a1,4e2d7afc)
[   35.331503] gs_close: ttyGS0 (607a77a1,4e2d7afc) ...
[   35.331538] gs_close: ttyGS0 (607a77a1,4e2d7afc) done!
[   35.338891] gs_open: ttyGS0 (607a77a1,c8e40bdb)
ANAGUWBCHT 0
root@arm:~# echo 'VGKQ''FVGVGB'
VGKQFVGVGB
root@arm:~# MARKER='GZXY''KAFZPS' run 'modprobe test_linear_ranges'
GZXYKAFZPSGZXYKAFZPS 0
root@arm:~# echo 'LMOY''TYBEWJ'
LMOYTYBEWJ
root@arm:~# MARKER='PVOT''WSJFSM' run dmesg
PVOTWSJFSM[    0.000000] Booting Linux on physical CPU 0x0
[    0.000000] Linux version 6.16.0-rc3-next-20250625 (user01@drvtest01) (arm-none-eabi-gcc (Arm GNU Toolchain 14.2.Rel1 (Build arm-14.52)) 14.2.1 20241119, GNU ld (Arm GNU Toolchain 14.2.Rel1 (Build arm-14.52)) 2.43.1.20241119) #1 SMP Wed Jun 25 11:42:35 EEST 2025
[    0.000000] CPU: ARMv7 Processor [413fc082] revision 2 (ARMv7), cr=10c5387d
[    0.000000] CPU: PIPT / VIPT nonaliasing data cache, VIPT aliasing instruction cache
[    0.000000] OF: fdt: Machine model: TI AM335x BeagleBone Black
[    0.000000] Memory policy: Data cache writeback
[    0.000000] cma: Reserved 16 MiB at 0x9e800000
[    0.000000] Zone ranges:
[    0.000000]   Normal   [mem 0x0000000080000000-0x000000009fdfffff]
[    0.000000]   HighMem  empty
[    0.000000] Movable zone start for each node
[    0.000000] Early memory node ranges
[    0.000000]   node   0: [mem 0x0000000080000000-0x000000009fdfffff]
[    0.000000] Initmem setup node 0 [mem 0x0000000080000000-0x000000009fdfffff]
[    0.000000] On node 0, zone Normal: 512 pages in unavailable ranges
[    0.000000] OF: reserved mem: Reserved memory: No reserved-memory node in the DT
[    0.000000] CPU: All CPU(s) started in SVC mode.
[    0.000000] AM335X ES2.1 (sgx neon)
[    0.000000] percpu: Embedded 17 pages/cpu s39820 r8192 d21620 u69632
[    0.000000] pcpu-alloc: s39820 r8192 d21620 u69632 alloc=17*4096
[    0.000000] pcpu-alloc: [0] 0 
[    0.000000] Kernel command line: console=ttyO0,115200n8 root=/dev/nfs rw nfsroot=192.168.255.126:/home/user01/nfs,nfsvers=3 ip=192.168.255.1:192.168.255.126::255.255.255.0:bbb1:eth0 nfsrootdebug
[    0.000000] Unknown kernel command line parameters "nfsrootdebug", will be passed to user space.
[    0.000000] printk: log buffer data + meta data: 65536 + 204800 = 270336 bytes
[    0.000000] Dentry cache hash table entries: 65536 (order: 6, 262144 bytes, linear)
[    0.000000] Inode-cache hash table entries: 32768 (order: 5, 131072 bytes, linear)
[    0.000000] Built 1 zonelists, mobility grouping on.  Total pages: 130560
[    0.000000] mem auto-init: stack:off, heap alloc:off, heap free:off
[    0.000000] SLUB: HWalign=16, Order=0-3, MinObjects=0, CPUs=1, Nodes=1
[    0.000000] rcu: Hierarchical RCU implementation.
[    0.000000] rcu: 	RCU event tracing is enabled.
[    0.000000] rcu: 	RCU restricting CPUs from NR_CPUS=2 to nr_cpu_ids=1.
[    0.000000] 	Tracing variant of Tasks RCU enabled.
[    0.000000] rcu: RCU calculated value of scheduler-enlistment delay is 10 jiffies.
[    0.000000] rcu: Adjusting geometry for rcu_fanout_leaf=16, nr_cpu_ids=1
[    0.000000] RCU Tasks Trace: Setting shift to 0 and lim to 1 rcu_task_cb_adjust=1 rcu_task_cpu_ids=1.
[    0.000000] NR_IRQS: 16, nr_irqs: 16, preallocated irqs: 16
[    0.000000] IRQ: Found an INTC at 0x(ptrval) (revision 5.0) with 128 interrupts
[    0.000000] rcu: srcu_init: Setting srcu_struct sizes based on contention.
[    0.000000] TI gptimer clocksource: always-on /ocp/interconnect@44c00000/segment@200000/target-module@31000
[    0.000003] sched_clock: 32 bits at 24MHz, resolution 41ns, wraps every 89478484971ns
[    0.000025] clocksource: dmtimer: mask: 0xffffffff max_cycles: 0xffffffff, max_idle_ns: 79635851949 ns
[    0.000527] TI gptimer clockevent: 24000000 Hz at /ocp/interconnect@48000000/segment@0/target-module@40000
[    0.002155] Console: colour dummy device 80x30
[    0.002221] WARNING: Your 'console=ttyO0' has been replaced by 'ttyS0'
[    0.002228] This ensures that you still see kernel messages. Please
[    0.002232] update your kernel commandline.
[    0.002276] Calibrating delay loop... 996.14 BogoMIPS (lpj=4980736)
[    0.090579] CPU: Testing write buffer coherency: ok
[    0.090691] CPU0: Spectre v2: using BPIALL workaround
[    0.090701] pid_max: default: 32768 minimum: 301
[    0.090859] LSM: initializing lsm=capability
[    0.091031] Mount-cache hash table entries: 1024 (order: 0, 4096 bytes, linear)
[    0.091051] Mountpoint-cache hash table entries: 1024 (order: 0, 4096 bytes, linear)
[    0.092668] CPU0: thread -1, cpu 0, socket -1, mpidr 0
[    0.092727] cacheinfo: Unable to detect cache hierarchy for CPU 0
[    0.094785] Setting up static identity map for 0x80100000 - 0x80100078
[    0.095126] rcu: Hierarchical SRCU implementation.
[    0.095135] rcu: 	Max phase no-delay instances is 1000.
[    0.096865] smp: Bringing up secondary CPUs ...
[    0.096919] smp: Brought up 1 node, 1 CPU
[    0.096930] SMP: Total of 1 processors activated (996.14 BogoMIPS).
[    0.096942] CPU: All CPU(s) started in SVC mode.
[    0.097132] Memory: 480828K/522240K available (11264K kernel code, 1215K rwdata, 2928K rodata, 1024K init, 284K bss, 23380K reserved, 16384K cma-reserved, 0K highmem)
[    0.097955] devtmpfs: initialized
[    0.114861] VFP support v0.3: implementor 41 architecture 3 part 30 variant c rev 3
[    0.115515] clocksource: jiffies: mask: 0xffffffff max_cycles: 0xffffffff, max_idle_ns: 19112604462750000 ns
[    0.115570] posixtimers hash table entries: 512 (order: 0, 4096 bytes, linear)
[    0.115596] futex hash table entries: 256 (16384 bytes on 1 NUMA nodes, total 16 KiB, linear).
[    0.116718] pinctrl core: initialized pinctrl subsystem
[    0.118774] NET: Registered PF_NETLINK/PF_ROUTE protocol family
[    0.121889] DMA: preallocated 256 KiB pool for atomic coherent allocations
[    0.122835] audit: initializing netlink subsys (disabled)
[    0.124187] thermal_sys: Registered thermal governor 'fair_share'
[    0.124204] thermal_sys: Registered thermal governor 'step_wise'
[    0.124213] thermal_sys: Registered thermal governor 'user_space'
[    0.124329] audit: type=2000 audit(0.120:1): state=initialized audit_enabled=0 res=1
[    0.124397] cpuidle: using governor menu
[    0.142170] /ocp/interconnect@44c00000/segment@200000/target-module@b000/i2c@0/tda19988@70: Fixed dependency cycle(s) with /ocp/interconnect@48000000/segment@300000/target-module@e000/lcdc@0
[    0.143318] /ocp/interconnect@48000000/segment@300000/target-module@e000/lcdc@0: Fixed dependency cycle(s) with /ocp/interconnect@44c00000/segment@200000/target-module@b000/i2c@0/tda19988@70
[    0.145490] No ATAGs?
[    0.145531] hw-breakpoint: debug architecture 0x4 unsupported.
[    0.148004] registering rtmutex
[    0.148273] kprobes: kprobe jump-optimization is enabled. All kprobes are optimized if possible.
[    0.153985] iommu: Default domain type: Translated
[    0.154006] iommu: DMA domain TLB invalidation policy: strict mode
[    0.155591] reg-fixed-voltage fixedregulator0: using DT '/fixedregulator0' for '(default)' GPIO lookup
[    0.155645] of_get_named_gpiod_flags: can't parse 'gpios' property of node '/fixedregulator0[0]'
[    0.155673] of_get_named_gpiod_flags: can't parse 'gpio' property of node '/fixedregulator0[0]'
[    0.155690] reg-fixed-voltage fixedregulator0: using lookup tables for GPIO lookup
[    0.155700] reg-fixed-voltage fixedregulator0: No GPIO consumer (default) found
[    0.161376] SCSI subsystem initialized
[    0.161873] libata version 3.00 loaded.
[    0.162249] pps_core: LinuxPPS API ver. 1 registered
[    0.162260] pps_core: Software ver. 5.3.6 - Copyright 2005-2007 Rodolfo Giometti <giometti@linux.it>
[    0.162284] PTP clock support registered
[    0.171243] vgaarb: loaded
[    0.171619] clocksource: Switched to clocksource dmtimer
[    0.172286] VFS: Disk quotas dquot_6.6.0
[    0.172343] VFS: Dquot-cache hash table entries: 1024 (order 0, 4096 bytes)
[    0.197115] NET: Registered PF_INET protocol family
[    0.197459] IP idents hash table entries: 8192 (order: 4, 65536 bytes, linear)
[    0.198882] tcp_listen_portaddr_hash hash table entries: 512 (order: 0, 4096 bytes, linear)
[    0.198919] Table-perturb hash table entries: 65536 (order: 6, 262144 bytes, linear)
[    0.198936] TCP established hash table entries: 4096 (order: 2, 16384 bytes, linear)
[    0.198982] TCP bind hash table entries: 4096 (order: 4, 65536 bytes, linear)
[    0.199082] TCP: Hash tables configured (established 4096 bind 4096)
[    0.199207] UDP hash table entries: 256 (order: 1, 14336 bytes, linear)
[    0.199242] UDP-Lite hash table entries: 256 (order: 1, 14336 bytes, linear)
[    0.199443] NET: Registered PF_UNIX/PF_LOCAL protocol family
[    0.200720] RPC: Registered named UNIX socket transport module.
[    0.200740] RPC: Registered udp transport module.
[    0.200746] RPC: Registered tcp transport module.
[    0.200750] RPC: Registered tcp-with-tls transport module.
[    0.200755] RPC: Registered tcp NFSv4.1 backchannel transport module.
[    0.200779] PCI: CLS 0 bytes, default 64
[    0.202324] Initialise system trusted keyrings
[    0.212065] workingset: timestamp_bits=14 max_order=17 bucket_order=3
[    0.213437] NFS: Registering the id_resolver key type
[    0.213546] Key type id_resolver registered
[    0.213553] Key type id_legacy registered
[    0.213660] jffs2: version 2.2. (NAND) (SUMMARY)  Â© 2001-2006 Red Hat, Inc.
[    0.214135] Key type asymmetric registered
[    0.214151] Asymmetric key parser 'x509' registered
[    0.214220] io scheduler mq-deadline registered
[    0.214230] io scheduler kyber registered
[    0.214303] io scheduler bfq registered
[    0.216191] target-module@4b000000:target-module@140000:pmu@0:fck: device ID is greater than 24
[    0.222374] l3-aon-clkctrl:0000:0: failed to disable
[    0.222634] ledtrig-cpu: registered to indicate activity on CPUs
[    0.232209] Serial: 8250/16550 driver, 6 ports, IRQ sharing enabled
[    0.269708] brd: module loaded
[    0.296729] loop: module loaded
[    0.297645] mtdoops: mtd device (mtddev=name/number) must be supplied
[    0.299348] mdio_bus fixed-0: using lookup tables for GPIO lookup
[    0.299370] mdio_bus fixed-0: No GPIO consumer reset found
[    0.300743] i2c_dev: i2c /dev entries driver
[    0.301935] cpuidle: enable-method property 'ti,am3352' found operations
[    0.302409] sdhci: Secure Digital Host Controller Interface driver
[    0.302419] sdhci: Copyright(c) Pierre Ossman
[    0.302598] sdhci-pltfm: SDHCI platform and OF driver helper
[    0.304078] hw perfevents: enabled with armv7_cortex_a8 PMU driver, 5 (8000000f) counters available
[    0.304593] Initializing XFRM netlink socket
[    0.304778] NET: Registered PF_INET6 protocol family
[    0.310439] l3-aon-clkctrl:0000:0: failed to disable
[    0.311977] Segment Routing with IPv6
[    0.312059] In-situ OAM (IOAM) with IPv6
[    0.312155] sit: IPv6, IPv4 and MPLS over IPv4 tunneling driver
[    0.313111] NET: Registered PF_PACKET protocol family
[    0.313138] NET: Registered PF_KEY protocol family
[    0.313262] Key type dns_resolver registered
[    0.313485] ThumbEE CPU extension supported.
[    0.313507] Registering SWP/SWPB emulation handler
[    0.314044] omap_voltage_late_init: Voltage driver support not added
[    0.314714] SmartReflex Class3 initialized
[    0.344655] Loading compiled-in X.509 certificates
[    0.388216] /ocp/interconnect@44c00000/segment@200000/target-module@b000/i2c@0/tda19988@70: Fixed dependency cycle(s) with /ocp/interconnect@48000000/segment@300000/target-module@e000/lcdc@0
[    0.394787] /ocp/interconnect@44c00000/segment@200000/target-module@b000/i2c@0/tda19988@70: Fixed dependency cycle(s) with /ocp/interconnect@48000000/segment@300000/target-module@e000/lcdc@0
[    0.400264] gpiochip_find_base_unlocked: found new base at 512
[    0.434034] /ocp/interconnect@44c00000/segment@200000/target-module@b000/i2c@0/tda19988@70: Fixed dependency cycle(s) with /ocp/interconnect@48000000/segment@300000/target-module@e000/lcdc@0
[    0.434937] /ocp/interconnect@44c00000/segment@200000/target-module@b000/i2c@0/tda19988@70: Fixed dependency cycle(s) with /ocp/interconnect@48000000/segment@300000/target-module@e000/lcdc@0
[    0.438397] /ocp/interconnect@44c00000/segment@200000/target-module@10000/scm@0/pinmux@800: Fixed dependency cycle(s) with /ocp/interconnect@44c00000/segment@200000/target-module@10000/scm@0/pinmux@800/clkout2-pins
[    0.438984] pinctrl-single 44e10800.pinmux: 142 pins, size 568
[    0.444480] ti-sysc 44e31000.target-module: probe with driver ti-sysc failed with error -16
[    0.469054] /ocp/interconnect@48000000/segment@300000/target-module@e000/lcdc@0: Fixed dependency cycle(s) with /ocp/interconnect@44c00000/segment@200000/target-module@b000/i2c@0/tda19988@70
[    0.477419] ti-sysc 48040000.target-module: probe with driver ti-sysc failed with error -16
[    0.488933] gpiochip_find_base_unlocked: found new base at 512
[    0.489029] gpio gpiochip0: (gpio-0-31): created GPIO range 0->7 ==> 44e10800.pinmux PIN 0->7
[    0.489048] gpio gpiochip0: (gpio-0-31): created GPIO range 8->11 ==> 44e10800.pinmux PIN 90->93
[    0.489064] gpio gpiochip0: (gpio-0-31): created GPIO range 12->27 ==> 44e10800.pinmux PIN 12->27
[    0.489079] gpio gpiochip0: (gpio-0-31): created GPIO range 28->31 ==> 44e10800.pinmux PIN 30->33
[    0.515389] gpio gpiochip0: (gpio-0-31): added GPIO chardev (254:0)
[    0.515533] gpio gpiochip0: registered GPIOs 512 to 543 on gpio-0-31
[    0.515622] OMAP GPIO hardware version 0.1
[    0.549424] i2c i2c-2: using DT '/ocp/interconnect@48000000/segment@100000/target-module@9c000/i2c@0' for 'scl' GPIO lookup
[    0.549498] of_get_named_gpiod_flags: can't parse 'scl-gpios' property of node '/ocp/interconnect@48000000/segment@100000/target-module@9c000/i2c@0[0]'
[    0.549539] of_get_named_gpiod_flags: can't parse 'scl-gpio' property of node '/ocp/interconnect@48000000/segment@100000/target-module@9c000/i2c@0[0]'
[    0.549575] i2c i2c-2: using lookup tables for GPIO lookup
[    0.549584] i2c i2c-2: No GPIO consumer scl found
[    0.549605] i2c i2c-2: using DT '/ocp/interconnect@48000000/segment@100000/target-module@9c000/i2c@0' for 'sda' GPIO lookup
[    0.549640] of_get_named_gpiod_flags: can't parse 'sda-gpios' property of node '/ocp/interconnect@48000000/segment@100000/target-module@9c000/i2c@0[0]'
[    0.549676] of_get_named_gpiod_flags: can't parse 'sda-gpio' property of node '/ocp/interconnect@48000000/segment@100000/target-module@9c000/i2c@0[0]'
[    0.549707] i2c i2c-2: using lookup tables for GPIO lookup
[    0.549714] i2c i2c-2: No GPIO consumer sda found
[    0.550444] omap_i2c 4819c000.i2c: bus 2 rev0.11 at 100 kHz
[    0.556310] gpiochip_find_base_unlocked: found new base at 544
[    0.556406] gpio gpiochip1: (gpio-32-63): created GPIO range 0->17 ==> 44e10800.pinmux PIN 34->51
[    0.556426] gpio gpiochip1: (gpio-32-63): created GPIO range 18->21 ==> 44e10800.pinmux PIN 77->80
[    0.556442] gpio gpiochip1: (gpio-32-63): created GPIO range 22->31 ==> 44e10800.pinmux PIN 56->65
[    0.588007] gpio gpiochip1: (gpio-32-63): added GPIO chardev (254:1)
[    0.588183] gpio gpiochip1: registered GPIOs 544 to 575 on gpio-32-63
[    0.590453] gpiochip_find_base_unlocked: found new base at 576
[    0.590558] gpio gpiochip2: (gpio-64-95): created GPIO range 0->4 ==> 44e10800.pinmux PIN 66->70
[    0.590578] gpio gpiochip2: (gpio-64-95): created GPIO range 5->6 ==> 44e10800.pinmux PIN 98->99
[    0.590593] gpio gpiochip2: (gpio-64-95): created GPIO range 7->8 ==> 44e10800.pinmux PIN 75->76
[    0.590608] gpio gpiochip2: (gpio-64-95): created GPIO range 13->13 ==> 44e10800.pinmux PIN 141->141
[    0.590624] gpio gpiochip2: (gpio-64-95): created GPIO range 14->21 ==> 44e10800.pinmux PIN 100->107
[    0.591274] gpio gpiochip2: (gpio-64-95): added GPIO chardev (254:2)
[    0.591417] gpio gpiochip2: registered GPIOs 576 to 607 on gpio-64-95
[    0.597270] 48000000.interconnect:segment@200000:target-module@0:mpu@0:fck: device ID is greater than 24
[    0.598165] /ocp/interconnect@48000000/segment@300000/target-module@e000/lcdc@0: Fixed dependency cycle(s) with /ocp/interconnect@44c00000/segment@200000/target-module@b000/i2c@0/tda19988@70
[    0.600977] /ocp/interconnect@48000000/segment@300000/target-module@e000/lcdc@0: Fixed dependency cycle(s) with /ocp/interconnect@44c00000/segment@200000/target-module@b000/i2c@0/tda19988@70
[    0.601867] /ocp/interconnect@44c00000/segment@200000/target-module@b000/i2c@0/tda19988@70: Fixed dependency cycle(s) with /ocp/interconnect@48000000/segment@300000/target-module@e000/lcdc@0
[    0.602039] /ocp/interconnect@48000000/segment@300000/target-module@e000/lcdc@0: Fixed dependency cycle(s) with /ocp/interconnect@44c00000/segment@200000/target-module@b000/i2c@0/tda19988@70
[    0.611768] mdio_bus 4a101000.mdio: using DT '/ocp/interconnect@4a000000/segment@0/target-module@100000/switch@0/mdio@1000' for 'reset' GPIO lookup
[    0.611844] of_get_named_gpiod_flags: can't parse 'reset-gpios' property of node '/ocp/interconnect@4a000000/segment@0/target-module@100000/switch@0/mdio@1000[0]'
[    0.611893] of_get_named_gpiod_flags: can't parse 'reset-gpio' property of node '/ocp/interconnect@4a000000/segment@0/target-module@100000/switch@0/mdio@1000[0]'
[    0.611939] mdio_bus 4a101000.mdio: using lookup tables for GPIO lookup
[    0.611949] mdio_bus 4a101000.mdio: No GPIO consumer reset found
[    0.612895] sdhci-omap 481d8000.mmc: using DT '/ocp/interconnect@48000000/segment@100000/target-module@d8000/mmc@0' for 'wp' GPIO lookup
[    0.612967] of_get_named_gpiod_flags: can't parse 'wp-gpios' property of node '/ocp/interconnect@48000000/segment@100000/target-module@d8000/mmc@0[0]'
[    0.613010] of_get_named_gpiod_flags: can't parse 'wp-gpio' property of node '/ocp/interconnect@48000000/segment@100000/target-module@d8000/mmc@0[0]'
[    0.613043] sdhci-omap 481d8000.mmc: using lookup tables for GPIO lookup
[    0.613053] sdhci-omap 481d8000.mmc: No GPIO consumer wp found
[    0.613248] sdhci-omap 481d8000.mmc: supply pbias not found, using dummy regulator
[    0.613740] sdhci-omap 481d8000.mmc: supply vqmmc not found, using dummy regulator
[    0.661783] davinci_mdio 4a101000.mdio: davinci mdio revision 1.6, bus freq 1000000
[    0.682959] mdio_bus 4a101000.mdio:00: using DT '/ocp/interconnect@4a000000/segment@0/target-module@100000/switch@0/mdio@1000/ethernet-phy@0' for 'reset' GPIO lookup
[    0.683059] of_get_named_gpiod_flags: parsed 'reset-gpios' property of node '/ocp/interconnect@4a000000/segment@0/target-module@100000/switch@0/mdio@1000/ethernet-phy@0[0]' - status (0)
[    0.683219] gpio gpiochip0: Persistence not supported for GPIO 8
[    0.812103] davinci_mdio 4a101000.mdio: phy[0]: device 4a101000.mdio:00, driver SMSC LAN8710/LAN8720
[    0.812875] cpsw-switch 4a100000.switch: initialized cpsw ale version 1.4
[    0.812898] cpsw-switch 4a100000.switch: ALE Table size 1024, Policers 0
[    0.813062] cpsw-switch 4a100000.switch: cpts: overflow check period 500 (jiffies)
[    0.813078] cpsw-switch 4a100000.switch: CPTS: ref_clk_freq:250000000 calc_mult:2147483648 calc_shift:29 error:0 nsec/sec
[    0.813185] cpsw-switch 4a100000.switch: Detected MACID = 6c:ec:eb:68:de:78
[    0.815021] cpsw-switch 4a100000.switch: initialized (regs 0x4a100000, pool size 256) hw_ver:0019010C 1.12 (0)
[    0.825934] debugfs: Directory '49000000.dma' with parent 'dmaengine' already present!
[    0.825975] edma 49000000.dma: TI EDMA DMA engine driver
[    0.845100] gpio-clk clk_mcasp0: using DT '/clk_mcasp0' for 'enable' GPIO lookup
[    0.845177] of_get_named_gpiod_flags: parsed 'enable-gpios' property of node '/clk_mcasp0[0]' - status (0)
[    0.845220] gpio gpiochip0: Persistence not supported for GPIO 27
[    0.846105] gpiochip_find_base_unlocked: found new base at 608
[    0.846217] gpio gpiochip3: (gpio-96-127): created GPIO range 0->7 ==> 44e10800.pinmux PIN 82->89
[    0.846236] gpio gpiochip3: (gpio-96-127): created GPIO range 8->11 ==> 44e10800.pinmux PIN 52->55
[    0.846252] gpio gpiochip3: (gpio-96-127): created GPIO range 12->15 ==> 44e10800.pinmux PIN 94->97
[    0.846267] gpio gpiochip3: (gpio-96-127): created GPIO range 16->17 ==> 44e10800.pinmux PIN 71->72
[    0.846283] gpio gpiochip3: (gpio-96-127): created GPIO range 18->18 ==> 44e10800.pinmux PIN 135->135
[    0.846299] gpio gpiochip3: (gpio-96-127): created GPIO range 19->20 ==> 44e10800.pinmux PIN 108->109
[    0.846315] gpio gpiochip3: (gpio-96-127): created GPIO range 21->21 ==> 44e10800.pinmux PIN 73->73
[    0.846332] gpio gpiochip3: (gpio-96-127): created GPIO range 22->23 ==> 44e10800.pinmux PIN 8->9
[    0.846349] gpio gpiochip3: (gpio-96-127): created GPIO range 26->27 ==> 44e10800.pinmux PIN 10->11
[    0.846366] gpio gpiochip3: (gpio-96-127): created GPIO range 28->28 ==> 44e10800.pinmux PIN 74->74
[    0.846384] gpio gpiochip3: (gpio-96-127): created GPIO range 29->29 ==> 44e10800.pinmux PIN 81->81
[    0.846402] gpio gpiochip3: (gpio-96-127): created GPIO range 30->31 ==> 44e10800.pinmux PIN 28->29
[    0.863188] gpio gpiochip3: (gpio-96-127): added GPIO chardev (254:3)
[    0.863366] gpio gpiochip3: registered GPIOs 608 to 639 on gpio-96-127
[    0.865304] omap8250 44e09000.serial: using DT '/ocp/interconnect@44c00000/segment@200000/target-module@9000/serial@0' for 'rs485-term' GPIO lookup
[    0.865377] of_get_named_gpiod_flags: can't parse 'rs485-term-gpios' property of node '/ocp/interconnect@44c00000/segment@200000/target-module@9000/serial@0[0]'
[    0.865421] of_get_named_gpiod_flags: can't parse 'rs485-term-gpio' property of node '/ocp/interconnect@44c00000/segment@200000/target-module@9000/serial@0[0]'
[    0.865457] omap8250 44e09000.serial: using lookup tables for GPIO lookup
[    0.865466] omap8250 44e09000.serial: No GPIO consumer rs485-term found
[    0.865476] omap8250 44e09000.serial: using DT '/ocp/interconnect@44c00000/segment@200000/target-module@9000/serial@0' for 'rs485-rx-during-tx' GPIO lookup
[    0.865512] of_get_named_gpiod_flags: can't parse 'rs485-rx-during-tx-gpios' property of node '/ocp/interconnect@44c00000/segment@200000/target-module@9000/serial@0[0]'
[    0.865548] of_get_named_gpiod_flags: can't parse 'rs485-rx-during-tx-gpio' property of node '/ocp/interconnect@44c00000/segment@200000/target-module@9000/serial@0[0]'
[    0.865580] omap8250 44e09000.serial: using lookup tables for GPIO lookup
[    0.865588] omap8250 44e09000.serial: No GPIO consumer rs485-rx-during-tx found
[    0.866026] 44e09000.serial: ttyS0 at MMIO 0x44e09000 (irq = 34, base_baud = 3000000) is a 8250
[    0.866117] printk: legacy console [ttyS0] enabled
[    2.357024] i2c i2c-0: using DT '/ocp/interconnect@44c00000/segment@200000/target-module@b000/i2c@0' for 'scl' GPIO lookup
[    2.357115] of_get_named_gpiod_flags: can't parse 'scl-gpios' property of node '/ocp/interconnect@44c00000/segment@200000/target-module@b000/i2c@0[0]'
[    2.357161] of_get_named_gpiod_flags: can't parse 'scl-gpio' property of node '/ocp/interconnect@44c00000/segment@200000/target-module@b000/i2c@0[0]'
[    2.357201] i2c i2c-0: using lookup tables for GPIO lookup
[    2.357214] i2c i2c-0: No GPIO consumer scl found
[    2.357238] i2c i2c-0: using DT '/ocp/interconnect@44c00000/segment@200000/target-module@b000/i2c@0' for 'sda' GPIO lookup
[    2.357277] of_get_named_gpiod_flags: can't parse 'sda-gpios' property of node '/ocp/interconnect@44c00000/segment@200000/target-module@b000/i2c@0[0]'
[    2.357319] of_get_named_gpiod_flags: can't parse 'sda-gpio' property of node '/ocp/interconnect@44c00000/segment@200000/target-module@b000/i2c@0[0]'
[    2.357355] i2c i2c-0: using lookup tables for GPIO lookup
[    2.357366] i2c i2c-0: No GPIO consumer sda found
[    2.372612] tps65217-pmic: Failed to locate of_node [id: -1]
[    2.378677] tps65217-bl: Failed to locate of_node [id: -1]
[    2.384751] platform tps65217-charger: DMA mask not set
[    2.390805] platform tps65217-pwrbutton: DMA mask not set
[    2.398163] tps65217 0-0024: TPS65217 ID 0xe version 1.2
[    2.404313] /ocp/interconnect@48000000/segment@300000/target-module@e000/lcdc@0: Fixed dependency cycle(s) with /ocp/interconnect@44c00000/segment@200000/target-module@b000/i2c@0/tda19988@70
[    2.421704] /ocp/interconnect@44c00000/segment@200000/target-module@b000/i2c@0/tda19988@70: Fixed dependency cycle(s) with /ocp/interconnect@48000000/segment@300000/target-module@e000/lcdc@0
[    2.439062] omap_i2c 44e0b000.i2c: bus 0 rev0.11 at 400 kHz
[    2.446712] sdhci-omap 48060000.mmc: using DT '/ocp/interconnect@48000000/segment@0/target-module@60000/mmc@0' for 'cd' GPIO lookup
[    2.446816] of_get_named_gpiod_flags: parsed 'cd-gpios' property of node '/ocp/interconnect@48000000/segment@0/target-module@60000/mmc@0[0]' - status (0)
[    2.446882] gpio gpiochip3: Persistence not supported for GPIO 6
[    2.446908] omap_gpio 44e07000.gpio: Could not set line 6 debounce to 200000 microseconds (-22)
[    2.455841] sdhci-omap 48060000.mmc: Got CD GPIO
[    2.460495] sdhci-omap 48060000.mmc: using DT '/ocp/interconnect@48000000/segment@0/target-module@60000/mmc@0' for 'wp' GPIO lookup
[    2.460547] of_get_named_gpiod_flags: can't parse 'wp-gpios' property of node '/ocp/interconnect@48000000/segment@0/target-module@60000/mmc@0[0]'
[    2.460590] of_get_named_gpiod_flags: can't parse 'wp-gpio' property of node '/ocp/interconnect@48000000/segment@0/target-module@60000/mmc@0[0]'
[    2.460629] sdhci-omap 48060000.mmc: using lookup tables for GPIO lookup
[    2.460642] sdhci-omap 48060000.mmc: No GPIO consumer wp found
[    2.460851] sdhci-omap 48060000.mmc: supply pbias not found, using dummy regulator
[    2.469696] sdhci-omap 481d8000.mmc: using DT '/ocp/interconnect@48000000/segment@100000/target-module@d8000/mmc@0' for 'wp' GPIO lookup
[    2.469774] of_get_named_gpiod_flags: can't parse 'wp-gpios' property of node '/ocp/interconnect@48000000/segment@100000/target-module@d8000/mmc@0[0]'
[    2.469820] of_get_named_gpiod_flags: can't parse 'wp-gpio' property of node '/ocp/interconnect@48000000/segment@100000/target-module@d8000/mmc@0[0]'
[    2.469859] sdhci-omap 481d8000.mmc: using lookup tables for GPIO lookup
[    2.469872] sdhci-omap 481d8000.mmc: No GPIO consumer wp found
[    2.470841] sdhci-omap 48060000.mmc: supply vqmmc not found, using dummy regulator
[    2.479945] sdhci-omap 481d8000.mmc: supply pbias not found, using dummy regulator
[    2.489836] sdhci-omap 481d8000.mmc: supply vqmmc not found, using dummy regulator
[    2.525393] mmc0: SDHCI controller on 48060000.mmc [48060000.mmc] using External DMA
[    2.533719] mmc1: SDHCI controller on 481d8000.mmc [481d8000.mmc] using External DMA
[    2.542572] cpsw-switch 4a100000.switch: starting ndev. mode: dual_mac
[    2.590803] mmc0: new high speed SDHC card at address 5048
[    2.597849] mmcblk0: mmc0:5048 SD16G 14.4 GiB
[    2.606087]  mmcblk0: p1 p2
[    2.609476] mmcblk0: p2 size 31221760 extends beyond EOD, truncated
[    2.623034] SMSC LAN8710/LAN8720 4a101000.mdio:00: attached PHY driver (mii_bus:phy_addr=4a101000.mdio:00, irq=POLL)
[    2.634021] mmc1: new high speed MMC card at address 0001
[    2.646508] mmcblk1: mmc1:0001 MMC04G 3.60 GiB
[    2.654138]  mmcblk1: p1 p2
[    2.658573] mmcblk1boot0: mmc1:0001 MMC04G 2.00 MiB
[    2.667507] mmcblk1boot1: mmc1:0001 MMC04G 2.00 MiB
[    2.676449] mmcblk1rpmb: mmc1:0001 MMC04G 128 KiB, chardev (249:0)
[    5.762433] cpsw-switch 4a100000.switch eth0: Link is Up - 100Mbps/Full - flow control off
[    5.801881] IP-Config: Complete:
[    5.805157]      device=eth0, hwaddr=6c:ec:eb:68:de:78, ipaddr=192.168.255.1, mask=255.255.255.0, gw=255.255.255.255
[    5.815830]      host=bbb1, domain=, nis-domain=(none)
[    5.820998]      bootserver=192.168.255.126, rootserver=192.168.255.126, rootpath=
[    5.821418] clk: Disabling unused clocks
