Labgrid Console Logfile for main
Logfile started at 2025-11-27 05:51:51.235656
=== Log starts here ===
reading args
spl_load_image_fat_os: error reading image args, err - -1
reading u-boot.img
reading u-boot.img


U-Boot 2014.04-00014-g47880f5 (Apr 22 2014 - 13:23:54)

I2C:   ready
DRAM:  512 MiB
NAND:  0 MiB
MMC:   OMAP SD/MMC: 0, OMAP SD/MMC: 1
*** Warning - readenv() failed, using default environment

Net:   <ethaddr> not set. Validating first E-fuse MAC
cpsw, usb_ether
Hit any key to stop autoboot:  1  0 
gpio: pin 53 (gpio 53) value is 1
mmc0 is current device
gpio: pin 54 (gpio 54) value is 1
SD/MMC found on device 0
reading uEnv.txt
569 bytes read in 4 ms (138.7 KiB/s)
gpio: pin 55 (gpio 55) value is 1
Loaded environment from uEnv.txt
Importing environment from mmc ...
Checking if uenvcmd is set ...
gpio: pin 56 (gpio 56) value is 1
Running uenvcmd ...
cpsw Waiting for PHY auto negotiation to complete. done
link up on port 0, speed 100, full duplex
Using cpsw device
TFTP from server 192.168.255.126; our IP address is 192.168.255.1
Filename 'zImage'.
Load address: 0x81000000
Loading: *#################################################################
	 #################################################################
	 #################################################################
	 #################################################################
	 #################################################################
	 #################################################################
	 2.5 MiB/s
done
Bytes transferred = 5722336 (5750e0 hex)
link up on port 0, speed 100, full duplex
Using cpsw device
TFTP from server 192.168.255.126; our IP address is 192.168.255.1
Filename 'am335x-boneblack.dtb'.
Load address: 0x82000000
Loading: *#######
	 2.4 MiB/s
done
Bytes transferred = 98077 (17f1d hex)
Kernel image @ 0x81000000 [ 0x000000 - 0x5750e0 ]
## Flattened Device Tree blob at 82000000
   Booting using the fdt blob at 0x82000000
   Using Device Tree in place at 82000000, end 8201af1c

Starting kernel ...

[    0.000000] Booting Linux on physical CPU 0x0
[    0.000000] Linux version 6.18.0-rc7-next-20251127 (user01@drvtest01) (arm-none-eabi-gcc (Arm GNU Toolchain 14.2.Rel1 (Build arm-14.52)) 14.2.1 20241119, GNU ld (Arm GNU Toolchain 14.2.Rel1 (Build arm-14.52)) 2.43.1.20241119) #1 SMP Thu Nov 27 05:50:20 EET 2025
[    0.000000] CPU: ARMv7 Processor [413fc082] revision 2 (ARMv7), cr=10c5387d
[    0.000000] CPU: PIPT / VIPT nonaliasing data cache, VIPT aliasing instruction cache
[    0.000000] OF: fdt: Machine model: TI AM335x BeagleBone Black
[    0.000000] Memory policy: Data cache writeback
[    0.000000] cma: Reserved 16 MiB at 0x9e800000
[    0.000000] Zone ranges:
[    0.000000]   Normal   [mem 0x0000000080000000-0x000000009fdfffff]
[    0.000000]   HighMem  empty
[    0.000000] Movable zone start for each node
[    0.000000] Early memory node ranges
[    0.000000]   node   0: [mem 0x0000000080000000-0x000000009fdfffff]
[    0.000000] Initmem setup node 0 [mem 0x0000000080000000-0x000000009fdfffff]
[    0.000000] On node 0, zone Normal: 512 pages in unavailable ranges
[    0.000000] OF: reserved mem: Reserved memory: No reserved-memory node in the DT
[    0.000000] CPU: All CPU(s) started in SVC mode.
[    0.000000] AM335X ES2.1 (sgx neon)
[    0.000000] percpu: Embedded 17 pages/cpu s40204 r8192 d21236 u69632
[    0.000000] Kernel command line: console=ttyO0,115200n8 root=/dev/nfs rw nfsroot=192.168.255.126:/home/user01/nfs,nfsvers=3 ip=192.168.255.1:192.168.255.126::255.255.255.0:bbb1:eth0 nfsrootdebug
[    0.000000] Unknown kernel command line parameters "nfsrootdebug", will be passed to user space.
[    0.000000] printk: log buffer data + meta data: 65536 + 204800 = 270336 bytes
[    0.000000] Dentry cache hash table entries: 65536 (order: 6, 262144 bytes, linear)
[    0.000000] Inode-cache hash table entries: 32768 (order: 5, 131072 bytes, linear)
[    0.000000] Built 1 zonelists, mobility grouping on.  Total pages: 130560
[    0.000000] mem auto-init: stack:off, heap alloc:off, heap free:off
[    0.000000] SLUB: HWalign=16, Order=0-3, MinObjects=0, CPUs=1, Nodes=1
[    0.000000] rcu: Hierarchical RCU implementation.
[    0.000000] rcu: 	RCU event tracing is enabled.
[    0.000000] rcu: 	RCU restricting CPUs from NR_CPUS=2 to nr_cpu_ids=1.
[    0.000000] 	Tracing variant of Tasks RCU enabled.
[    0.000000] rcu: RCU calculated value of scheduler-enlistment delay is 10 jiffies.
[    0.000000] rcu: Adjusting geometry for rcu_fanout_leaf=16, nr_cpu_ids=1
[    0.000000] RCU Tasks Trace: Setting shift to 0 and lim to 1 rcu_task_cb_adjust=1 rcu_task_cpu_ids=1.
[    0.000000] NR_IRQS: 16, nr_irqs: 16, preallocated irqs: 16
[    0.000000] IRQ: Found an INTC at 0x(ptrval) (revision 5.0) with 128 interrupts
[    0.000000] rcu: srcu_init: Setting srcu_struct sizes based on contention.
[    0.000000] TI gptimer clocksource: always-on /ocp/interconnect@44c00000/segment@200000/target-module@31000
[    0.000002] sched_clock: 32 bits at 24MHz, resolution 41ns, wraps every 89478484971ns
[    0.000026] clocksource: dmtimer: mask: 0xffffffff max_cycles: 0xffffffff, max_idle_ns: 79635851949 ns
[    0.000551] TI gptimer clockevent: 24000000 Hz at /ocp/interconnect@48000000/segment@0/target-module@40000
[    0.002124] Console: colour dummy device 80x30
[    0.002191] WARNING: Your 'console=ttyO0' has been replaced by 'ttyS0'
[    0.002198] This ensures that you still see kernel messages. Please
[    0.002202] update your kernel commandline.
[    0.002243] Calibrating delay loop... 996.14 BogoMIPS (lpj=4980736)
[    0.090668] CPU: Testing write buffer coherency: ok
[    0.090750] CPU0: Spectre v2: using BPIALL workaround
[    0.090759] pid_max: default: 32768 minimum: 301
[    0.091076] Mount-cache hash table entries: 1024 (order: 0, 4096 bytes, linear)
[    0.091096] Mountpoint-cache hash table entries: 1024 (order: 0, 4096 bytes, linear)
[    0.092693] CPU0: thread -1, cpu 0, socket -1, mpidr 0
[    0.092751] cacheinfo: Unable to detect cache hierarchy for CPU 0
[    0.094764] Setting up static identity map for 0x80100000 - 0x80100078
[    0.095086] rcu: Hierarchical SRCU implementation.
[    0.095096] rcu: 	Max phase no-delay instances is 1000.
[    0.096854] smp: Bringing up secondary CPUs ...
[    0.096908] smp: Brought up 1 node, 1 CPU
[    0.096922] SMP: Total of 1 processors activated (996.14 BogoMIPS).
[    0.096934] CPU: All CPU(s) started in SVC mode.
[    0.097181] Memory: 479964K/522240K available (12288K kernel code, 1231K rwdata, 2956K rodata, 1024K init, 255K bss, 24364K reserved, 16384K cma-reserved, 0K highmem)
[    0.098051] devtmpfs: initialized
[    0.115606] VFP support v0.3: implementor 41 architecture 3 part 30 variant c rev 3
[    0.116288] clocksource: jiffies: mask: 0xffffffff max_cycles: 0xffffffff, max_idle_ns: 19112604462750000 ns
[    0.116346] posixtimers hash table entries: 512 (order: 0, 4096 bytes, linear)
[    0.116371] futex hash table entries: 256 (16384 bytes on 1 NUMA nodes, total 16 KiB, linear).
[    0.119562] NET: Registered PF_NETLINK/PF_ROUTE protocol family
[    0.122695] DMA: preallocated 256 KiB pool for atomic coherent allocations
[    0.123679] audit: initializing netlink subsys (disabled)
[    0.125028] thermal_sys: Registered thermal governor 'fair_share'
[    0.125045] thermal_sys: Registered thermal governor 'step_wise'
[    0.125053] thermal_sys: Registered thermal governor 'user_space'
[    0.125161] audit: type=2000 audit(0.120:1): state=initialized audit_enabled=0 res=1
[    0.125234] cpuidle: using governor menu
[    0.143293] /ocp/interconnect@44c00000/segment@200000/target-module@b000/i2c@0/tda19988@70: Fixed dependency cycle(s) with /ocp/interconnect@48000000/segment@300000/target-module@e000/lcdc@0
[    0.144385] /ocp/interconnect@48000000/segment@300000/target-module@e000/lcdc@0: Fixed dependency cycle(s) with /ocp/interconnect@44c00000/segment@200000/target-module@b000/i2c@0/tda19988@70
[    0.146566] No ATAGs?
[    0.146603] hw-breakpoint: debug architecture 0x4 unsupported.
[    0.149298] kprobes: kprobe jump-optimization is enabled. All kprobes are optimized if possible.
[    0.163991] iommu: Default domain type: Translated
[    0.164012] iommu: DMA domain TLB invalidation policy: strict mode
[    0.166806] SCSI subsystem initialized
[    0.167641] pps_core: LinuxPPS API ver. 1 registered
[    0.167652] pps_core: Software ver. 5.3.6 - Copyright 2005-2007 Rodolfo Giometti <giometti@linux.it>
[    0.167676] PTP clock support registered
[    0.180886] vgaarb: loaded
[    0.181304] clocksource: Switched to clocksource dmtimer
[    0.181915] VFS: Disk quotas dquot_6.6.0
[    0.181975] VFS: Dquot-cache hash table entries: 1024 (order 0, 4096 bytes)
[    0.205405] NET: Registered PF_INET protocol family
[    0.205746] IP idents hash table entries: 8192 (order: 4, 65536 bytes, linear)
[    0.207195] tcp_listen_portaddr_hash hash table entries: 512 (order: 0, 4096 bytes, linear)
[    0.207233] Table-perturb hash table entries: 65536 (order: 6, 262144 bytes, linear)
[    0.207251] TCP established hash table entries: 4096 (order: 2, 16384 bytes, linear)
[    0.207301] TCP bind hash table entries: 4096 (order: 4, 65536 bytes, linear)
[    0.207400] TCP: Hash tables configured (established 4096 bind 4096)
[    0.207519] UDP hash table entries: 256 (order: 2, 14336 bytes, linear)
[    0.207554] UDP-Lite hash table entries: 256 (order: 2, 14336 bytes, linear)
[    0.207766] NET: Registered PF_UNIX/PF_LOCAL protocol family
[    0.212016] RPC: Registered named UNIX socket transport module.
[    0.212039] RPC: Registered udp transport module.
[    0.212045] RPC: Registered tcp transport module.
[    0.212050] RPC: Registered tcp-with-tls transport module.
[    0.212054] RPC: Registered tcp NFSv4.1 backchannel transport module.
[    0.212079] PCI: CLS 0 bytes, default 64
[    0.213534] Initialise system trusted keyrings
[    0.221749] workingset: timestamp_bits=14 max_order=17 bucket_order=3
[    0.223212] NFS: Registering the id_resolver key type
[    0.223284] Key type id_resolver registered
[    0.223291] Key type id_legacy registered
[    0.223402] jffs2: version 2.2. (NAND) (SUMMARY)  Â© 2001-2006 Red Hat, Inc.
[    0.223952] Key type asymmetric registered
[    0.223967] Asymmetric key parser 'x509' registered
[    0.224040] io scheduler mq-deadline registered
[    0.224050] io scheduler kyber registered
[    0.224138] io scheduler bfq registered
[    0.225956] target-module@4b000000:target-module@140000:pmu@0:fck: device ID is greater than 24
[    0.231544] ledtrig-cpu: registered to indicate activity on CPUs
[    0.235288] Serial: 8250/16550 driver, 6 ports, IRQ sharing enabled
[    0.285573] brd: module loaded
[    0.305794] loop: module loaded
[    0.306718] mtdoops: mtd device (mtddev=name/number) must be supplied
[    0.309731] i2c_dev: i2c /dev entries driver
[    0.310744] cpuidle: enable-method property 'ti,am3352' found operations
[    0.311200] sdhci: Secure Digital Host Controller Interface driver
[    0.311209] sdhci: Copyright(c) Pierre Ossman
[    0.311583] sdhci-pltfm: SDHCI platform and OF driver helper
[    0.313129] hw perfevents: enabled with armv7_cortex_a8 PMU driver, 5 (8000000f) counters available
[    0.313662] Initializing XFRM netlink socket
[    0.313840] NET: Registered PF_INET6 protocol family
[    0.322807] Segment Routing with IPv6
[    0.322898] In-situ OAM (IOAM) with IPv6
[    0.322998] sit: IPv6, IPv4 and MPLS over IPv4 tunneling driver
[    0.323970] NET: Registered PF_PACKET protocol family
[    0.323988] PFKEY is deprecated and scheduled to be removed in 2027, please contact the netdev mailing list
[    0.324005] NET: Registered PF_KEY protocol family
[    0.324126] Key type dns_resolver registered
[    0.324357] ThumbEE CPU extension supported.
[    0.324378] Registering SWP/SWPB emulation handler
[    0.324898] omap_voltage_late_init: Voltage driver support not added
[    0.325563] SmartReflex Class3 initialized
[    0.351737] Loading compiled-in X.509 certificates
[    0.380984] /ocp/interconnect@44c00000/segment@200000/target-module@b000/i2c@0/tda19988@70: Fixed dependency cycle(s)  with /ocp/interconnect@48000000/segment@300000/target-module@e000/lcdc@0
[    0.387592] /ocp/interconnect@44c00000/segment@200000/target-module@b000/i2c@0/tda19988@70: Fixed dependency cycle(s) with /ocp/interconnect@48000000/segment@300000/target-module@e000/lcdc@0
[    0.410860] /ocp/interconnect@44c00000/segment@200000/target-module@b000/i2c@0/tda19988@70: Fixed dependency cycle(s) with /ocp/interconnect@48000000/segment@300000/target-module@e000/lcdc@0
[    0.411976] /ocp/interconnect@44c00000/segm ent@200000/target-module@b000/i2c@0/tda19988@70: Fixed dependency cycle(s) with /ocp/interconnect@48000000/segment@300000/target-module@e000/lcdc@0
[    0.415505] /ocp/interconnect@44c00000/segment@200000/target-module@10000/scm@0/pinmux@800: Fixed dependency cycle(s) with /ocp/interconnect@44c00000/segment@200000/target-module@10000/scm@0/pinmux@800/clkout2-pins
[    0.416138] pinctrl-single 44e10800.pinmux: 142 pins, size 568
[    0.446939] /ocp/interconnect@48000000/segment@300000/target-module@e000/lcdc@0: Fixed dependency cycle(s) with /ocp/interconnect@44c00000/segment@200000/target-module@b000/i2c@0/tda19988@70
[    0.502638] OMAP GPIO hardware version 0.1
[    0.542362] omap_i2c 4819c000.i2c: bus 2 rev0.11 at 100 kHz
[    0.597574] 48000000.interconnect:segment@200000:target-module@0:mpu@0:fck: device ID is greater than 24
[    0.598485] /ocp/interconnect@48000000/segment@300000/target-module@e000/lcdc@0: Fixed dependency cycle(s) with /ocp/interconnect@44c00000/segment@200000/target-module@b000/i2c@0/tda19988@70
[    0.601530] /ocp/interconnect@48000000/segment@300000/target-module@e000/lcdc@0: Fixed dependency cycle(s) with /ocp/interconnect@44c00000/segment@200000/target-module@b000/i2c@0/tda19988@70
[    0.602322] /ocp/interconnect@44c00000/segment@200000/target-module@b000/i2c@0/tda19988@70: Fixed dependency cycle(s) with /ocp/interconnect@48000000/segment@300000/target-module@e000/lcdc@0
[    0.602501] /ocp/interconnect@48000000/segment@300000/target-module@e000/lcdc@0: Fixed dependency cy
[    2.452263] tps65217-pmic: Failed to locate of_node [id: -1]
[    2.458326] tps65217-bl: Failed to locate of_node [id: -1]
[    2.465762] platform tps65217-charger: DMA mask not set
[    2.472801] platform tps65217-pwrbutton: DMA mask not set
[    2.480610] tps65217 0-0024: TPS65217 ID 0xe version 1.2
[    2.486690] /ocp/interconnect@48000000/segment@300000/target-module@e000/lcdc@0: Fixed dependency cycle(s) with /ocp/interconnect@44c00000/segment@200000/target-module@b000/i2c@0/tda19988@70
[    2.504105] /ocp/interconnect@44c00000/segment@200000/target-module@b000/i2c@0/tda19988@70: Fixed dependency cycle(s) with /ocp/interconnect@48000000/segment@300000/target-module@e000/lcdc@0
[    2.521503] omap_i2c 44e0b000.i2c: bus 0 rev0.11 at 400 kHz
[    2.529590] omap_gpio 44e07000.gpio: Could not set line 6 debounce to 200000 microseconds (-22)
[    2.538468] sdhci-omap 48060000.mmc: Got CD GPIO
[    2.543517] sdhci-omap 48060000.mmc: supply pbias not found, using dummy regulator
[    2.553707] sdhci-omap 48060000.mmc: supply vqmmc not found, using dummy regulator
[    2.563014] sdhci-omap 481d8000.mmc: supply pbias not found, using dummy regulator
[    2.571199] sdhci-omap 481d8000.mmc: supply vqmmc not found, using dummy regulator
[    2.609873] mmc1: SDHCI controller on 481d8000.mmc [481d8000.mmc] using External DMA
[    2.618910] mmc0: SDHCI controller on 48060000.mmc [48060000.mmc] using External DMA
[    2.627801] cpsw-switch 4a100000.switch: starting ndev. mode: dual_mac
[    2.691576] mmc1: new high speed MMC card at address 0001
[    2.698430] mmcblk1: mmc1:0001 MMC04G 3.60 GiB
[    2.706220]  mmcblk1: p1 p2
[    2.710560] mmcblk1boot0: mmc1:0001 MMC04G 2.00 MiB
[    2.717042] SMSC LAN8710/LAN8720 4a101000.mdio:00: attached PHY driver (mii_bus:phy_addr=4a101000.mdio:00, irq=POLL)
[    2.735859] mmcblk1boot1: mmc1:0001 MMC04G 2.00 MiB
[    2.744747] mmcblk1rpmb: mmc1:0001 MMC04G 128 KiB, chardev (249:0)
[    2.794804] mmc0: new high speed SDHC card at address aaaa
[    2.801716] mmcblk0: mmc0:aaaa SE32G 29.7 GiB
[    2.810699]  mmcblk0: p1 p2
[    5.842027] cpsw-switch 4a100000.switch eth0: Link is Up - 100Mbps/Full - flow control off
[    5.871283] IP-Config: Complete:
[    5.874557]      device=eth0, hwaddr=6c:ec:eb:68:de:78, ipaddr=192.168.255.1, mask=255.255.255.0, gw=255.255.255.255
[    5.885192]      host=bbb1, domain=, nis-domain=(none)
[    5.890359]      bootserver=192.168.255.126, rootserver=192.168.255.126, rootpath=
[    5.890763] clk: Disabling unused clocks
[    5.902618] PM: genpd: Disabling unused power domains
[    5.907783] KTAP version 1
[    5.910509] 1..0
[    5.913412] check access for rdinit=/init failed: -2, ignoring
[    5.950258] VFS: Mounted root (nfs filesystem) on device 0:17.
[    5.957274] devtmpfs: mounted
[    5.961931] Freeing unused kernel image (initmem) memory: 1024K
[    5.968710] Run /sbin/init as init process
[    6.695502] systemd[1]: System time before build time, advancing clock.
[    8.251290] random: crng init done
[    8.283995] systemd[1]: systemd 232 running in system mode. (+PAM +AUDIT +SELINUX +IMA +APPARMOR +SMACK +SYSVINIT +UTMP +LIBCRYPTSETUP +GCRYPT +GNUTLS +ACL +XZ +LZ4 +SECCOMP +BLKID +ELFUTILS +KMOD +IDN)
[    8.303140] systemd[1]: Detected architecture arm.

Welcome to [1mDebian GNU/Linux 9 (stretch)[0m!

[    8.334660] systemd[1]: Set hostname to <arm>.
[    9.470761] systemd[1]: systemd-journald-dev-log.socket: SO_PASSSEC failed: Operation not supported
[    9.480499] systemd[1]: Listening on Journal Socket (/dev/log).
[[0;32m  OK  [0m] Listening on Journal Socket (/dev/log).
[    9.501919] systemd[1]: syslog.socket: SO_PASSSEC failed: Operation not supported
[    9.509633] systemd[1]: Listening on Syslog Socket.
[[0;32m  OK  [0m] Listening on Syslog Socket.
[    9.532215] systemd[1]: Started Dispatch Password Requests to Console Directory Watch.
[[0;32m  OK  [0m] Started Dispatch Password Requests to Console Directory Watch.
[    9.563016] systemd[1]: Set up automount Arbitrary Executable File Formats File System Automount Point.
[[0;32m  OK  [0m] Set up automount Arbitrary Executabâ€¦rmats File System Automount Point.
[    9.591712] systemd[1]: Reached target Swap.
[[0;32m  OK  [0m] Reached target Swap.
[[0;32m  OK  [0m] Listening on udev Kernel Socket.
[[0;32m  OK  [0m] Started Forward Password Requests to Wall Directory Watch.
[[0;32m  OK  [0m] Reached target Paths.
[[0;32m  OK  [0m] Listening on /dev/initctl Compatibility Named Pipe.
[[0;32m  OK  [0m] Listening on Journal Socket.
[[0;32m  OK  [0m] Reached target Encrypted Volumes.
[[0;32m  OK  [0m] Created slice User and Session Slice.
[[0;32m  OK  [0m] Listening on Journal Audit Socket.
[[0;32m  OK  [0m] Reached target Remote File Systems.
[[0;32m  OK  [0m] Created slice System Slice.
[[0;32m  OK  [0m] Reached target Slices.
         Starting Load Kernel Modules...
[[0;32m  OK  [0m] Created slice system-getty.slice.
         Mounting POSIX Message Queue File System...
         Starting Create list of required stâ€¦ce nodes for the current kernel...
[[0;32m  OK  [0m] Created slice system-serial\x2dgetty.slice.
         Starting Remount Root and Kernel File Systems...
         Mounting Debug File System...
         Starting Journal Service...
[[0;32m  OK  [0m] Listening on udev Control Socket.
[[0;32m  OK  [0m] Mounted POSIX Message Queue File System.
[[0;32m  OK  [0m] Started Load Kernel Modules.
[[0;32m  OK  [0m] Started Create list of required staâ€¦vice nodes for the current kernel.
[[0;32m  OK  [0m] Started Remount Root and Kernel File Systems.
[[0;32m  OK  [0m] Mounted Debug File System.
         Starting udev Coldplug all Devices...
         Starting Load/Save Random Seed...
         Starting Create Static Device Nodes in /dev...
         Mounting Configuration File System...
         Starting Apply Kernel Variables...
[[0;32m  OK  [0m] Mounted Configuration File System.
[[0;32m  OK  [0m] Started Load/Save Random Seed.
[[0;32m  OK  [0m] Started Apply Kernel Variables.
[[0;32m  OK  [0m] Started Create Static Device Nodes in /dev.
         Starting udev Kernel Device Manager...
[[0;32m  OK  [0m] Reached target Local File Systems (Pre).
[[0;32m  OK  [0m] Reached target Local File Systems.
         Starting Raise network interfaces...
[[0;32m  OK  [0m] Started Journal Service.
         Starting Flush Journal to Persistent Storage...
[   12.044987] systemd-journald[113]: Received request to flush runtime journal from PID 1
[[0;32m  OK  [0m] Started Flush Journal to Persistent Storage.
         Starting Create Volatile Files and Directories...
[   12.642069] omap_prm 44e00d00.prm: sync_state() pending due to 44d00000.cpu
[[0;32m  OK  [0m] Started udev Kernel Device Manager.
[[0;32m  OK  [0m] Started Create Volatile Files and Directories.
         Starting Network Time Synchronization...
         Starting Update UTMP about System Boot/Shutdown...
[[0;32m  OK  [0m] Started udev Coldplug all Devices.
[[0;32m  OK  [0m] Started Update UTMP about System Boot/Shutdown.
[   15.185167] remoteproc remoteproc0: wkup_m3 is available
[   15.270881] omap_wdt: OMAP Watchdog Timer Rev 0x01: initial timeout 60 sec
[   15.428260] at24 2-0054: supply vcc not found, using dummy regulator
[[0;32m  OK  [0m] Found device /dev/ttyS0.
[   15.554827] at24 2-0055: supply vcc not found, using dummy regulator
[   15.707882] at24 2-0056: supply vcc not found, using dummy regulator
[   15.736264] am335x-phy-driver 47401300.usb-phy: dummy supplies not allowed for exclusive requests (id=vbus)
[   15.772363] input: tps65217_pwrbutton as /devices/platform/ocp/44c00000.interconnect/44c00000.interconnect:segment@200000/44e0b000.target-module/44e0b000.i2c/i2c-0/0-0024/tps65217-pwrbutton/input/input0
[   15.830509] at24 2-0057: supply vcc not found, using dummy regulator
[   15.931072] am335x-phy-driver 47401b00.usb-phy: dummy supplies not allowed for exclusive requests (id=vbus)
[   15.958592] at24 0-0050: 4096 byte 24c32 EEPROM, writable, 1 bytes/write
[[0;32m  OK  [0m] Started Network Time Synchronization.
[[0;32m  OK  [0m] Reached target System Initialization.
[[0;32m  OK  [0m] Listening on D-Bus System Message Bus Socket.
[[0;32m  OK  [0m] Started Daily Cleanup of Temporary Directories.
[[0;32m  OK  [0m] Listening on Avahi mDNS/DNS-SD Stack Activation Socket.
[[0;32m  OK  [0m] Reached target Sockets.
[[0;32m  OK  [0m] Reached target Basic System.
[   16.511661] omap_rtc 44e3e000.rtc: registered as rtc0
[   16.516832] omap_rtc 44e3e000.rtc: setting system clock to 2000-01-01T00:00:00 UTC (946684800)
         Starting System Logging Service...
         Starting Generic Board Startup...
[[0;32m  OK  [0m] Started Regular background program processing daemon.
         Starting Cape Manager Service...
         Starting DUN service...
[   17.338013] usbcore: registered new interface driver usbfs
[   17.343943] usbcore: registered new interface driver hub
[   17.349394] usbcore: registered new device driver usb
         Starting Login Service...
[[0;32m  OK  [0m] Started D-Bus System Message Bus.
[   18.657411] musb-hdrc musb-hdrc.1: MUSB HDRC host driver
[   18.663000] musb-hdrc musb-hdrc.1: new USB bus registered, assigned bus number 1
[   18.697470] omap-mailbox 480c8000.mailbox: omap mailbox rev 0x400
[   18.743715] tda998x 0-0070: found TDA19988
[   18.774540] remoteproc remoteproc0: powering up wkup_m3
[   18.912120] usb usb1: New USB device found, idVendor=1d6b, idProduct=0002, bcdDevice= 6.18
[   18.920482] usb usb1: New USB device strings: Mfr=3, Product=2, SerialNumber=1
[   18.927865] usb usb1: Product: MUSB HDRC host driver
[   18.932911] usb usb1: Manufacturer: Linux 6.18.0-rc7-next-20251127 musb-hcd
[   18.939910] usb usb1: SerialNumber: musb-hdrc.1
[   19.023285] remoteproc remoteproc0: Direct firmware load for am335x-pm-firmware.elf failed with error -2
[   19.033204] remoteproc remoteproc0: request_firmware failed: -2
[   19.039171] wkup_m3_ipc 44e11324.wkup_m3_ipc: rproc_boot failed
[   19.406585] hub 1-0:1.0: USB hub found
[   19.461632] hub 1-0:1.0: 1 port detected
[   21.535828] omap_rng 48310000.rng: Random Number Generator ver. 20
[   21.716482] tilcdc 4830e000.lcdc: bound 0-0070 (ops tda998x_driver_exit [tda998x])
[   21.782147] [drm] Initialized tilcdc 1.0.0 for 4830e000.lcdc on minor 0
[   21.864475] tilcdc 4830e000.lcdc: [drm] Cannot find any crtc or sizes
[   21.881767] tilcdc 4830e000.lcdc: [drm] Cannot find any crtc or sizes
[[0;32m  OK  [0m] Started DUN service.
         Starting Connection service...
         Starting Telephony service...
         Starting LSB: Start busybox udhcpd at boot time...
         Starting LSB: Load kernel modules needed to enable cpufreq scaling...
         Starting Avahi mDNS/DNS-SD Stack...
[[0;32m  OK  [0m] Reached target System Time Synchronized.
[   22.834725] PM: Cannot get wkup_m3_ipc handle
[[0;32m  OK  [0m] Started Daily apt download activities.
[[0;32m  OK  [0m] Started Daily apt upgrade and clean activities.
[[0;32m  OK  [0m] Reached target Timers.
[   23.099867] omap-sham 53100000.sham: hw accel on OMAP rev 4.3
[   23.272804] omap-sham 53100000.sham: will run requests pump with realtime priority
[   23.281611] PM: Cannot get wkup_m3_ipc handle
[[0;32m  OK  [0m] Started System Logging Service.
[   23.430135] omap-aes 53500000.aes: OMAP AES hw accel rev: 3.2
[[0;32m  OK  [0m] Started Cape Manager Service.
[   23.626641] omap-aes 53500000.aes: will run requests pump with realtime priority
[   23.637574] PM: Cannot get wkup_m3_ipc handle
[   26.014507] Bluetooth: Core ver 2.22
[   26.018330] NET: Registered PF_BLUETOOTH protocol family
[   26.023885] Bluetooth: HCI device and connection manager initialized
[   26.030304] Bluetooth: HCI socket layer initialized
[   26.035282] Bluetooth: L2CAP socket layer initialized
[   26.040394] Bluetooth: SCO socket layer initialized
[   26.178886] ------------[ cut here ]------------
[   26.183713] WARNING: net/8021q/vlan_core.c:236 at vlan_for_each+0x114/0x134, CPU#0: avahi-daemon/353
[   26.193018] RTNL: assertion failed at net/8021q/vlan_core.c (236)
[   26.199149] Modules linked in: bluetooth ecdh_generic ecc snd_soc_simple_card omap_aes_driver snd_soc_simple_card_utils omap_crypto omap_sham libaes crypto_engine pm33xx ti_emif_sram tilcdc drm_dma_helper omap_rng drm_client_lib rng_core snd_soc_davinci_mcasp snd_soc_ti_udma snd_soc_ti_edma snd_soc_ti_sdma snd_soc_core snd_pcm_dmaengine snd_pcm snd_timer omap_mailbox snd musb_dsps tda998x soundcore musb_hdrc cec udc_core drm_kms_helper usbcore drm rtc_omap wkup_m3_ipc drm_panel_orientation_quirks phy_am335x tps65218_pwrbutton phy_am335x_control phy_generic at24 usb_common cppi41 omap_wdt wkup_m3_rproc watchdog leds_gpio led_class cpufreq_dt autofs4
[   26.257225] CPU: 0 UID: 107 PID: 353 Comm: avahi-daemon Not tainted 6.18.0-rc7-next-20251127 #1 NONE 
[   26.257246] Hardware name: Generic AM33XX (Flattened Device Tree)
[   26.257254] Call trace: 
[   26.257270]  unwind_backtrace from show_stack+0x10/0x14
[   26.257307]  show_stack from dump_stack_lvl+0x50/0x64
[   26.257333]  dump_stack_lvl from __warn+0x88/0x148
[   26.257350]  __warn from warn_slowpath_fmt+0x19c/0x1b0
[   26.257363]  warn_slowpath_fmt from vlan_for_each+0x114/0x134
[   26.257382]  vlan_for_each from cpsw_add_mc_addr+0x40/0xa4
[   26.257416]  cpsw_add_mc_addr from __hw_addr_ref_sync_dev+0x108/0x140
[   26.257446]  __hw_addr_ref_sync_dev from __dev_mc_add+0x7c/0x80
[   26.257465]  __dev_mc_add from igmp6_group_added+0xc8/0xe0
[   26.257487]  igmp6_group_added from __ipv6_dev_mc_inc+0x218/0x364
[   26.257503]  __ipv6_dev_mc_inc from __ipv6_sock_mc_join+0x11c/0x1c0
[   26.257517]  __ipv6_sock_mc_join from do_ipv6_setsockopt+0x1214/0x1310
[   26.257543]  do_ipv6_setsockopt from ipv6_setsockopt+0x60/0xcc
[   26.257561]  ipv6_setsockopt from udpv6_setsockopt+0x2c/0x6c
[   26.257583]  udpv6_setsockopt from sock_common_setsockopt+0x30/0x40
[   26.257610]  sock_common_setsockopt from do_sock_setsockopt+0x50/0x9c
[   26.257627]  do_sock_setsockopt from __sys_setsockopt+0x70/0xbc
[   26.257643]  __sys_setsockopt from ret_fast_syscall+0x0/0x58
[   26.257658] Exception stack(0xe035dfa8 to 0xe035dff0)
[   26.257672] dfa0:                   00000014 b6f65ce8 0000000d 00000029 00000014 befe29ec
[   26.257683] dfc0: 00000014 b6f65ce8 00000014 00000126 0000000d b6f0eff4 0051e988 00506558
[   26.257692] dfe0: b6f24088 befe29d8 b6f01309 b6dd841a
[   26.257699] ---[ end trace 0000000000000000 ]---
[   27.255116] PM: Cannot get wkup_m3_ipc handle
[   27.389339] PM: Cannot get wkup_m3_ipc handle
[   27.413782] gpio-537 (nxp,calib): gpiod_direction_output_nonotify: tried to set a GPIO tied to an IRQ as output
[   27.622319] tda9950 0-0034: TDA9950 CEC interface, hardware version 3.3
[   27.693926] PM: Cannot get wkup_m3_ipc handle
[[0;32m  OK  [0m] Started Raise network interfaces.
[[0;32m  OK  [0m] Started LSB: Start busybox udhcpd at boot time.
[   29.733198] configfs-gadget.g_multi gadget.0: HOST MAC 1c:ba:8c:a2:ed:6c
[   29.739972] configfs-gadget.g_multi gadget.0: MAC 1c:ba:8c:a2:ed:70
[   29.747511] configfs-gadget.g_multi gadget.0: HOST MAC 1c:ba:8c:a2:ed:6c
[   29.754402] configfs-gadget.g_multi gadget.0: MAC 1c:ba:8c:a2:ed:6d
[   29.771918] PM: Cannot get wkup_m3_ipc handle
[[0;32m  OK  [0m] Started LSB: Load kernel modules needed to enable cpufreq scaling.
[[0;32m  OK  [0m] Started Telephony service.
[[0;32m  OK  [0m] Started Connection service.
[[0;32m  OK  [0m] Started Avahi mDNS/DNS-SD Stack.
[[0;32m  OK  [0m] Started Login Service.
         Starting Hostname Service...
         Starting WPA supplicant...
[[0;32m  OK  [0m] Reached target Sound Card.
         Starting LSB: set CPUFreq kernel parameters...
[[0;32m  OK  [0m] Started Hostname Service.
[[0;32m  OK  [0m] Started WPA supplicant.
[[0;32m  OK  [0m] Reached target Network.
[[0;32m  OK  [0m] Reached target Network is Online.
         Starting LSB: Advanced IEEE 802.11 management daemon...
         Starting The Apache HTTP Server...
         Starting OpenBSD Secure Shell server...
         Starting Permit User Sessions...
[[0;32m  OK  [0m] Started LSB: set CPUFreq kernel parameters.
[[0;32m  OK  [0m] Started LSB: Advanced IEEE 802.11 management daemon.
[[0;32m  OK  [0m] Started Permit User Sessions.
[[0;32m  OK  [0m] Started Serial Getty on ttyS0.
[[0;32m  OK  [0m] Started Getty on tty1.
[[0;32m  OK  [0m] Reached target Login Prompts.
         Stopping LSB: Start busybox udhcpd at boot time...
[[0;32m  OK  [0m] Stopped LSB: Start busybox udhcpd at boot time.
[[0;32m  OK  [0m] Started OpenBSD Secure Shell server.
         Starting dnsmasq - A lightweight DHCP and caching DNS server...
[[0;32m  OK  [0m] Started The Apache HTTP Server.
[[0;32m  OK  [0m] Started dnsmasq - A lightweight DHCP and caching DNS server.
[[0;32m  OK  [0m] Reached target Host and Network Name Lookups.
[[0;32m  OK  [0m] Started Serial Getty on ttyGS0.
[[0;32m  OK  [0m] Started Generic Board Startup.
[[0;32m  OK  [0m] Reached target Multi-User System.
[[0;32m  OK  [0m] Reached target Graphical Interface.
         Starting Update UTMP about System Runlevel Changes...
[[0;32m  OK  [0m] Started Update UTMP about System Runlevel Changes.

Debian GNU/Linux 9 arm ttyS0

default username:password is [debian:temppwd]

arm login: root
Password: 
Last login: Sat Jan  1 00:00:39 UTC 2000 on ttyS0
root
Linux arm 6.18.0-rc7-next-20251127 #1 SMP Thu Nov 27 05:50:20 EET 2025 armv7l

The programs included with the Debian GNU/Linux system are free software;
the exact distribution terms for each program are described in the
individual files in /usr/share/doc/*/copyright.

Debian GNU/Linux comes with ABSOLUTELY NO WARRANTY, to the extent
permitted by applicable law.
root@arm:~# root
dmesg -n 1
-bash: root: command not found
root@arm:~# dmesg -n 1
root@arm:~# echo 'VEPX''LKJMSV'
VEPXLKJMSV
root@arm:~# run() { echo -n "$MARKER"; sh -c "$@"; echo "$MARKER $?"; }
root@arm:~# echo 'XVWV''LJVKOV'
XVWVLJVKOV
root@arm:~# MARKER='FLFZ''KSSYUO' run 'cat /proc/version'
FLFZKSSYUOLinux version 6.18.0-rc7-next-20251127 (user01@drvtest01) (arm-none-eabi-gcc (Arm GNU Toolchain 14.2.Rel1 (Build arm-14.52)) 14.2.1 20241119, GNU ld (Arm GNU Toolchain 14.2.Rel1 (Build arm-14.52)) 2.43.1.20241119) #1 SMP Thu Nov 27 05:50:20 EET 2025
FLFZKSSYUO 0
root@arm:~# echo 'FOZQ''EPFCHX'
FOZQEPFCHX
root@arm:~# MARKER='TUFP''FTEHSA' run false
TUFPFTEHSATUFPFTEHSA 1
root@arm:~# Labgrid Console Logfile for main
Logfile started at 2025-11-27 05:52:59.068752
=== Log starts here ===

root@arm:~# run() { echo -n "$MARKER"; sh -c "$@"; echo "$MARKER $?"; }
root@arm:~# echo 'BVEP''FZMYZJ'
BVEPFZMYZJ
root@arm:~# MARKER='EXTZ''UQXBZF' run 'ls /iio_generic_buffer; echo $?'
EXTZUQXBZF/iio_generic_buffer
0
EXTZUQXBZF 0
root@arm:~# Labgrid Console Logfile for main
Logfile started at 2025-11-27 05:53:02.571544
=== Log starts here ===

root@arm:~# run() { echo -n "$MARKER"; sh -c "$@"; echo "$MARKER $?"; }
root@arm:~# echo 'OQVL''EYEHVN'
OQVLEYEHVN
root@arm:~# MARKER='QAZJ''SPVCGF' run dmesg
QAZJSPVCGF[    0.000000] Booting Linux on physical CPU 0x0
[    0.000000] Linux version 6.18.0-rc7-next-20251127 (user01@drvtest01) (arm-none-eabi-gcc (Arm GNU Toolchain 14.2.Rel1 (Build arm-14.52)) 14.2.1 20241119, GNU ld (Arm GNU Toolchain 14.2.Rel1 (Build arm-14.52)) 2.43.1.20241119) #1 SMP Thu Nov 27 05:50:20 EET 2025
[    0.000000] CPU: ARMv7 Processor [413fc082] revision 2 (ARMv7), cr=10c5387d
[    0.000000] CPU: PIPT / VIPT nonaliasing data cache, VIPT aliasing instruction cache
[    0.000000] OF: fdt: Machine model: TI AM335x BeagleBone Black
[    0.000000] Memory policy: Data cache writeback
[    0.000000] cma: Reserved 16 MiB at 0x9e800000
[    0.000000] Zone ranges:
[    0.000000]   Normal   [mem 0x0000000080000000-0x000000009fdfffff]
[    0.000000]   HighMem  empty
[    0.000000] Movable zone start for each node
[    0.000000] Early memory node ranges
[    0.000000]   node   0: [mem 0x0000000080000000-0x000000009fdfffff]
[    0.000000] Initmem setup node 0 [mem 0x0000000080000000-0x000000009fdfffff]
[    0.000000] On node 0, zone Normal: 512 pages in unavailable ranges
[    0.000000] OF: reserved mem: Reserved memory: No reserved-memory node in the DT
[    0.000000] CPU: All CPU(s) started in SVC mode.
[    0.000000] AM335X ES2.1 (sgx neon)
[    0.000000] percpu: Embedded 17 pages/cpu s40204 r8192 d21236 u69632
[    0.000000] pcpu-alloc: s40204 r8192 d21236 u69632 alloc=17*4096
[    0.000000] pcpu-alloc: [0] 0 
[    0.000000] Kernel command line: console=ttyO0,115200n8 root=/dev/nfs rw nfsroot=192.168.255.126:/home/user01/nfs,nfsvers=3 ip=192.168.255.1:192.168.255.126::255.255.255.0:bbb1:eth0 nfsrootdebug
[    0.000000] Unknown kernel command line parameters "nfsrootdebug", will be passed to user space.
[    0.000000] printk: log buffer data + meta data: 65536 + 204800 = 270336 bytes
[    0.000000] Dentry cache hash table entries: 65536 (order: 6, 262144 bytes, linear)
[    0.000000] Inode-cache hash table entries: 32768 (order: 5, 131072 bytes, linear)
[    0.000000] Built 1 zonelists, mobility grouping on.  Total pages: 130560
[    0.000000] mem auto-init: stack:off, heap alloc:off, heap free:off
[    0.000000] SLUB: HWalign=16, Order=0-3, MinObjects=0, CPUs=1, Nodes=1
[    0.000000] rcu: Hierarchical RCU implementation.
[    0.000000] rcu: 	RCU event tracing is enabled.
[    0.000000] rcu: 	RCU restricting CPUs from NR_CPUS=2 to nr_cpu_ids=1.
[    0.000000] 	Tracing variant of Tasks RCU enabled.
[    0.000000] rcu: RCU calculated value of scheduler-enlistment delay is 10 jiffies.
[    0.000000] rcu: Adjusting geometry for rcu_fanout_leaf=16, nr_cpu_ids=1
[    0.000000] RCU Tasks Trace: Setting shift to 0 and lim to 1 rcu_task_cb_adjust=1 rcu_task_cpu_ids=1.
[    0.000000] NR_IRQS: 16, nr_irqs: 16, preallocated irqs: 16
[    0.000000] IRQ: Found an INTC at 0x(ptrval) (revision 5.0) with 128 interrupts
[    0.000000] rcu: srcu_init: Setting srcu_struct sizes based on contention.
[    0.000000] TI gptimer clocksource: always-on /ocp/interconnect@44c00000/segment@200000/target-module@31000
[    0.000002] sched_clock: 32 bits at 24MHz, resolution 41ns, wraps every 89478484971ns
[    0.000026] clocksource: dmtimer: mask: 0xffffffff max_cycles: 0xffffffff, max_idle_ns: 79635851949 ns
[    0.000551] TI gptimer clockevent: 24000000 Hz at /ocp/interconnect@48000000/segment@0/target-module@40000
[    0.002124] Console: colour dummy device 80x30
[    0.002191] WARNING: Your 'console=ttyO0' has been replaced by 'ttyS0'
[    0.002198] This ensures that you still see kernel messages. Please
[    0.002202] update your kernel commandline.
[    0.002243] Calibrating delay loop... 996.14 BogoMIPS (lpj=4980736)
[    0.090668] CPU: Testing write buffer coherency: ok
[    0.090750] CPU0: Spectre v2: using BPIALL workaround
[    0.090759] pid_max: default: 32768 minimum: 301
[    0.091076] Mount-cache hash table entries: 1024 (order: 0, 4096 bytes, linear)
[    0.091096] Mountpoint-cache hash table entries: 1024 (order: 0, 4096 bytes, linear)
[    0.092693] CPU0: thread -1, cpu 0, socket -1, mpidr 0
[    0.092751] cacheinfo: Unable to detect cache hierarchy for CPU 0
[    0.094764] Setting up static identity map for 0x80100000 - 0x80100078
[    0.095086] rcu: Hierarchical SRCU implementation.
[    0.095096] rcu: 	Max phase no-delay instances is 1000.
[    0.096854] smp: Bringing up secondary CPUs ...
[    0.096908] smp: Brought up 1 node, 1 CPU
[    0.096922] SMP: Total of 1 processors activated (996.14 BogoMIPS).
[    0.096934] CPU: All CPU(s) started in SVC mode.
[    0.097181] Memory: 479964K/522240K available (12288K kernel code, 1231K rwdata, 2956K rodata, 1024K init, 255K bss, 24364K reserved, 16384K cma-reserved, 0K highmem)
[    0.098051] devtmpfs: initialized
[    0.115606] VFP support v0.3: implementor 41 architecture 3 part 30 variant c rev 3
[    0.116288] clocksource: jiffies: mask: 0xffffffff max_cycles: 0xffffffff, max_idle_ns: 19112604462750000 ns
[    0.116346] posixtimers hash table entries: 512 (order: 0, 4096 bytes, linear)
[    0.116371] futex hash table entries: 256 (16384 bytes on 1 NUMA nodes, total 16 KiB, linear).
[    0.119562] NET: Registered PF_NETLINK/PF_ROUTE protocol family
[    0.122695] DMA: preallocated 256 KiB pool for atomic coherent allocations
[    0.123679] audit: initializing netlink subsys (disabled)
[    0.125028] thermal_sys: Registered thermal governor 'fair_share'
[    0.125045] thermal_sys: Registered thermal governor 'step_wise'
[    0.125053] thermal_sys: Registered thermal governor 'user_space'
[    0.125161] audit: type=2000 audit(0.120:1): state=initialized audit_enabled=0 res=1
[    0.125234] cpuidle: using governor menu
[    0.143293] /ocp/interconnect@44c00000/segment@200000/target-module@b000/i2c@0/tda19988@70: Fixed dependency cycle(s) with /ocp/interconnect@48000000/segment@300000/target-module@e000/lcdc@0
[    0.144385] /ocp/interconnect@48000000/segment@300000/target-module@e000/lcdc@0: Fixed dependency cycle(s) with /ocp/interconnect@44c00000/segment@200000/target-module@b000/i2c@0/tda19988@70
[    0.146566] No ATAGs?
[    0.146603] hw-breakpoint: debug architecture 0x4 unsupported.
[    0.149298] kprobes: kprobe jump-optimization is enabled. All kprobes are optimized if possible.
[    0.163991] iommu: Default domain type: Translated
[    0.164012] iommu: DMA domain TLB invalidation policy: strict mode
[    0.165607] reg-fixed-voltage fixedregulator0: using DT '/fixedregulator0' for '(default)' GPIO lookup
[    0.165662] of_get_named_gpiod_flags: can't parse 'gpios' property of node '/fixedregulator0[0]'
[    0.165691] of_get_named_gpiod_flags: can't parse 'gpio' property of node '/fixedregulator0[0]'
[    0.165710] reg-fixed-voltage fixedregulator0: using lookup tables for GPIO lookup
[    0.165721] reg-fixed-voltage fixedregulator0: No GPIO consumer (default) found
[    0.166806] SCSI subsystem initialized
[    0.167263] libata version 3.00 loaded.
[    0.167641] pps_core: LinuxPPS API ver. 1 registered
[    0.167652] pps_core: Software ver. 5.3.6 - Copyright 2005-2007 Rodolfo Giometti <giometti@linux.it>
[    0.167676] PTP clock support registered
[    0.180886] vgaarb: loaded
[    0.181304] clocksource: Switched to clocksource dmtimer
[    0.181915] VFS: Disk quotas dquot_6.6.0
[    0.181975] VFS: Dquot-cache hash table entries: 1024 (order 0, 4096 bytes)
[    0.205405] NET: Registered PF_INET protocol family
[    0.205746] IP idents hash table entries: 8192 (order: 4, 65536 bytes, linear)
[    0.207195] tcp_listen_portaddr_hash hash table entries: 512 (order: 0, 4096 bytes, linear)
[    0.207233] Table-perturb hash table entries: 65536 (order: 6, 262144 bytes, linear)
[    0.207251] TCP established hash table entries: 4096 (order: 2, 16384 bytes, linear)
[    0.207301] TCP bind hash table entries: 4096 (order: 4, 65536 bytes, linear)
[    0.207400] TCP: Hash tables configured (established 4096 bind 4096)
[    0.207519] UDP hash table entries: 256 (order: 2, 14336 bytes, linear)
[    0.207554] UDP-Lite hash table entries: 256 (order: 2, 14336 bytes, linear)
[    0.207766] NET: Registered PF_UNIX/PF_LOCAL protocol family
[    0.212016] RPC: Registered named UNIX socket transport module.
[    0.212039] RPC: Registered udp transport module.
[    0.212045] RPC: Registered tcp transport module.
[    0.212050] RPC: Registered tcp-with-tls transport module.
[    0.212054] RPC: Registered tcp NFSv4.1 backchannel transport module.
[    0.212079] PCI: CLS 0 bytes, default 64
[    0.213534] Initialise system trusted keyrings
[    0.221749] workingset: timestamp_bits=14 max_order=17 bucket_order=3
[    0.223212] NFS: Registering the id_resolver key type
[    0.223284] Key type id_resolver registered
[    0.223291] Key type id_legacy registered
[    0.223402] jffs2: version 2.2. (NAND) (SUMMARY)  Â© 2001-2006 Red Hat, Inc.
[    0.223952] Key type asymmetric registered
[    0.223967] Asymmetric key parser 'x509' registered
[    0.224040] io scheduler mq-deadline registered
[    0.224050] io scheduler kyber registered
[    0.224138] io scheduler bfq registered
[    0.225956] target-module@4b000000:target-module@140000:pmu@0:fck: device ID is greater than 24
[    0.231544] ledtrig-cpu: registered to indicate activity on CPUs
[    0.235288] Serial: 8250/16550 driver, 6 ports, IRQ sharing enabled
[    0.285573] brd: module loaded
[    0.305794] loop: module loaded
[    0.306718] mtdoops: mtd device (mtddev=name/number) must be supplied
[    0.308257] mdio_bus fixed-0: using lookup tables for GPIO lookup
[    0.308278] mdio_bus fixed-0: No GPIO consumer reset found
[    0.309731] i2c_dev: i2c /dev entries driver
[    0.310744] cpuidle: enable-method property 'ti,am3352' found operations
[    0.311200] sdhci: Secure Digital Host Controller Interface driver
[    0.311209] sdhci: Copyright(c) Pierre Ossman
[    0.311583] sdhci-pltfm: SDHCI platform and OF driver helper
[    0.313129] hw perfevents: enabled with armv7_cortex_a8 PMU driver, 5 (8000000f) counters available
[    0.313662] Initializing XFRM netlink socket
[    0.313840] NET: Registered PF_INET6 protocol family
[    0.322807] Segment Routing with IPv6
[    0.322898] In-situ OAM (IOAM) with IPv6
[    0.322998] sit: IPv6, IPv4 and MPLS over IPv4 tunneling driver
[    0.323970] NET: Registered PF_PACKET protocol family
[    0.323988] PFKEY is deprecated and scheduled to be removed in 2027, please contact the netdev mailing list
[    0.324005] NET: Registered PF_KEY protocol family
[    0.324126] Key type dns_resolver registered
[    0.324357] ThumbEE CPU extension supported.
[    0.324378] Registering SWP/SWPB emulation handler
[    0.324898] omap_voltage_late_init: Voltage driver support not added
[    0.325563] SmartReflex Class3 initialized
[    0.351737] Loading compiled-in X.509 certificates
[    0.380984] /ocp/interconnect@44c00000/segment@200000/target-module@b000/i2c@0/tda19988@70: Fixed dependency cycle(s) with /ocp/interconnect@48000000/segment@300000/target-module@e000/lcdc@0
[    0.387592] /ocp/interconnect@44c00000/segment@200000/target-module@b000/i2c@0/tda19988@70: Fixed dependency cycle(s) with /ocp/interconnect@48000000/segment@300000/target-module@e000/lcdc@0
[    0.393307] gpiochip_find_base_unlocked: found new base at 512
[    0.410860] /ocp/interconnect@44c00000/segment@200000/target-module@b000/i2c@0/tda19988@70: Fixed dependency cycle(s) with /ocp/interconnect@48000000/segment@300000/target-module@e000/lcdc@0
[    0.411976] /ocp/interconnect@44c00000/segment@200000/target-module@b000/i2c@0/tda19988@70: Fixed dependency cycle(s) with /ocp/interconnect@48000000/segment@300000/target-module@e000/lcdc@0
[    0.415505] /ocp/interconnect@44c00000/segment@200000/target-module@10000/scm@0/pinmux@800: Fixed dependency cycle(s) with /ocp/interconnect@44c00000/segment@200000/target-module@10000/scm@0/pinmux@800/clkout2-pins
[    0.416138] pinctrl-single 44e10800.pinmux: 142 pins, size 568
[    0.446939] /ocp/interconnect@48000000/segment@300000/target-module@e000/lcdc@0: Fixed dependency cycle(s) with /ocp/interconnect@44c00000/segment@200000/target-module@b000/i2c@0/tda19988@70
[    0.466975] gpiochip_find_base_unlocked: found new base at 512
[    0.467087] gpio gpiochip0: (gpio-0-31): created GPIO range 0->7 ==> 44e10800.pinmux PIN 0->7
[    0.467107] gpio gpiochip0: (gpio-0-31): created GPIO range 8->11 ==> 44e10800.pinmux PIN 90->93
[    0.467124] gpio gpiochip0: (gpio-0-31): created GPIO range 12->27 ==> 44e10800.pinmux PIN 12->27
[    0.467140] gpio gpiochip0: (gpio-0-31): created GPIO range 28->31 ==> 44e10800.pinmux PIN 30->33
[    0.502328] gpio gpiochip0: (gpio-0-31): added GPIO chardev (254:0)
[    0.502553] gpio gpiochip0: registered GPIOs 512 to 543 on gpio-0-31
[    0.502638] OMAP GPIO hardware version 0.1
[    0.541359] i2c i2c-2: using DT '/ocp/interconnect@48000000/segment@100000/target-module@9c000/i2c@0' for 'scl' GPIO lookup
[    0.541432] of_get_named_gpiod_flags: can't parse 'scl-gpios' property of node '/ocp/interconnect@48000000/segment@100000/target-module@9c000/i2c@0[0]'
[    0.541475] of_get_named_gpiod_flags: can't parse 'scl-gpio' property of node '/ocp/interconnect@48000000/segment@100000/target-module@9c000/i2c@0[0]'
[    0.541512] i2c i2c-2: using lookup tables for GPIO lookup
[    0.541522] i2c i2c-2: No GPIO consumer scl found
[    0.541543] i2c i2c-2: using DT '/ocp/interconnect@48000000/segment@100000/target-module@9c000/i2c@0' for 'sda' GPIO lookup
[    0.541579] of_get_named_gpiod_flags: can't parse 'sda-gpios' property of node '/ocp/interconnect@48000000/segment@100000/target-module@9c000/i2c@0[0]'
[    0.541616] of_get_named_gpiod_flags: can't parse 'sda-gpio' property of node '/ocp/interconnect@48000000/segment@100000/target-module@9c000/i2c@0[0]'
[    0.541648] i2c i2c-2: using lookup tables for GPIO lookup
[    0.541656] i2c i2c-2: No GPIO consumer sda found
[    0.542362] omap_i2c 4819c000.i2c: bus 2 rev0.11 at 100 kHz
[    0.548054] gpiochip_find_base_unlocked: found new base at 544
[    0.548153] gpio gpiochip1: (gpio-32-63): created GPIO range 0->17 ==> 44e10800.pinmux PIN 34->51
[    0.548173] gpio gpiochip1: (gpio-32-63): created GPIO range 18->21 ==> 44e10800.pinmux PIN 77->80
[    0.548198] gpio gpiochip1: (gpio-32-63): created GPIO range 22->31 ==> 44e10800.pinmux PIN 56->65
[    0.570123] gpio gpiochip1: (gpio-32-63): added GPIO chardev (254:1)
[    0.570367] gpio gpiochip1: registered GPIOs 544 to 575 on gpio-32-63
[    0.572774] gpiochip_find_base_unlocked: found new base at 576
[    0.572868] gpio gpiochip2: (gpio-64-95): created GPIO range 0->4 ==> 44e10800.pinmux PIN 66->70
[    0.572889] gpio gpiochip2: (gpio-64-95): created GPIO range 5->6 ==> 44e10800.pinmux PIN 98->99
[    0.572905] gpio gpiochip2: (gpio-64-95): created GPIO range 7->8 ==> 44e10800.pinmux PIN 75->76
[    0.572921] gpio gpiochip2: (gpio-64-95): created GPIO range 13->13 ==> 44e10800.pinmux PIN 141->141
[    0.572938] gpio gpiochip2: (gpio-64-95): created GPIO range 14->21 ==> 44e10800.pinmux PIN 100->107
[    0.591613] gpio gpiochip2: (gpio-64-95): added GPIO chardev (254:2)
[    0.591833] gpio gpiochip2: registered GPIOs 576 to 607 on gpio-64-95
[    0.597574] 48000000.interconnect:segment@200000:target-module@0:mpu@0:fck: device ID is greater than 24
[    0.598485] /ocp/interconnect@48000000/segment@300000/target-module@e000/lcdc@0: Fixed dependency cycle(s) with /ocp/interconnect@44c00000/segment@200000/target-module@b000/i2c@0/tda19988@70
[    0.601530] /ocp/interconnect@48000000/segment@300000/target-module@e000/lcdc@0: Fixed dependency cycle(s) with /ocp/interconnect@44c00000/segment@200000/target-module@b000/i2c@0/tda19988@70
[    0.602322] /ocp/interconnect@44c00000/segment@200000/target-module@b000/i2c@0/tda19988@70: Fixed dependency cycle(s) with /ocp/interconnect@48000000/segment@300000/target-module@e000/lcdc@0
[    0.602501] /ocp/interconnect@48000000/segment@300000/target-module@e000/lcdc@0: Fixed dependency cycle(s) with /ocp/interconnect@44c00000/segment@200000/target-module@b000/i2c@0/tda19988@70
[    0.609961] sdhci-omap 481d8000.mmc: using DT '/ocp/interconnect@48000000/segment@100000/target-module@d8000/mmc@0' for 'wp' GPIO lookup
[    0.610034] of_get_named_gpiod_flags: can't parse 'wp-gpios' property of node '/ocp/interconnect@48000000/segment@100000/target-module@d8000/mmc@0[0]'
[    0.610078] of_get_named_gpiod_flags: can't parse 'wp-gpio' property of node '/ocp/interconnect@48000000/segment@100000/target-module@d8000/mmc@0[0]'
[    0.610115] sdhci-omap 481d8000.mmc: using lookup tables for GPIO lookup
[    0.610126] sdhci-omap 481d8000.mmc: No GPIO consumer wp found
[    0.610320] sdhci-omap 481d8000.mmc: supply pbias not found, using dummy regulator
[    0.611441] sdhci-omap 481d8000.mmc: supply vqmmc not found, using dummy regulator
[    0.629343] mdio_bus 4a101000.mdio: using DT '/ocp/interconnect@4a000000/segment@0/target-module@100000/switch@0/mdio@1000' for 'reset' GPIO lookup
[    0.629416] of_get_named_gpiod_flags: can't parse 'reset-gpios' property of node '/ocp/interconnect@4a000000/segment@0/target-module@100000/switch@0/mdio@1000[0]'
[    0.629462] of_get_named_gpiod_flags: can't parse 'reset-gpio' property of node '/ocp/interconnect@4a000000/segment@0/target-module@100000/switch@0/mdio@1000[0]'
[    0.629510] mdio_bus 4a101000.mdio: using lookup tables for GPIO lookup
[    0.629520] mdio_bus 4a101000.mdio: No GPIO consumer reset found
[    0.672560] davinci_mdio 4a101000.mdio: davinci mdio revision 1.6, bus freq 1000000
[    0.694539] mdio_bus 4a101000.mdio:00: using DT '/ocp/interconnect@4a000000/segment@0/target-module@100000/switch@0/mdio@1000/ethernet-phy@0' for 'reset' GPIO lookup
[    0.694636] of_get_named_gpiod_flags: parsed 'reset-gpios' property of node '/ocp/interconnect@4a000000/segment@0/target-module@100000/switch@0/mdio@1000/ethernet-phy@0[0]' - status (0)
[    0.694796] gpio gpiochip0: Persistence not supported for GPIO 8
[    0.831178] davinci_mdio 4a101000.mdio: phy[0]: device 4a101000.mdio:00, driver SMSC LAN8710/LAN8720
[    0.832006] cpsw-switch 4a100000.switch: initialized cpsw ale version 1.4
[    0.832029] cpsw-switch 4a100000.switch: ALE Table size 1024, Policers 0
[    0.832202] cpsw-switch 4a100000.switch: cpts: overflow check period 500 (jiffies)
[    0.832219] cpsw-switch 4a100000.switch: CPTS: ref_clk_freq:250000000 calc_mult:2147483648 calc_shift:29 error:0 nsec/sec
[    0.832318] cpsw-switch 4a100000.switch: Detected MACID = 6c:ec:eb:68:de:78
[    0.834208] cpsw-switch 4a100000.switch: initialized (regs 0x4a100000, pool size 256) hw_ver:0019010C 1.12 (0)
[    0.847241] debugfs: '49000000.dma' already exists in 'dmaengine'
[    0.847286] edma 49000000.dma: TI EDMA DMA engine driver
[    0.888182] ti-sysc 44e31000.target-module: Failed to create device link (0x180) with supplier ocp for /ocp/interconnect@44c00000/segment@200000/target-module@31000/timer@0
[    0.888245] ti-sysc 48040000.target-module: Failed to create device link (0x180) with supplier ocp for /ocp/interconnect@48000000/segment@0/target-module@40000/timer@0
[    0.889173] gpio-clk clk_mcasp0: using DT '/clk_mcasp0' for 'enable' GPIO lookup
[    0.889241] of_get_named_gpiod_flags: parsed 'enable-gpios' property of node '/clk_mcasp0[0]' - status (0)
[    0.889285] gpio gpiochip0: Persistence not supported for GPIO 27
[    0.890026] gpiochip_find_base_unlocked: found new base at 608
[    0.890148] gpio gpiochip3: (gpio-96-127): created GPIO range 0->7 ==> 44e10800.pinmux PIN 82->89
[    0.890168] gpio gpiochip3: (gpio-96-127): created GPIO range 8->11 ==> 44e10800.pinmux PIN 52->55
[    0.890184] gpio gpiochip3: (gpio-96-127): created GPIO range 12->15 ==> 44e10800.pinmux PIN 94->97
[    0.890200] gpio gpiochip3: (gpio-96-127): created GPIO range 16->17 ==> 44e10800.pinmux PIN 71->72
[    0.890215] gpio gpiochip3: (gpio-96-127): created GPIO range 18->18 ==> 44e10800.pinmux PIN 135->135
[    0.890232] gpio gpiochip3: (gpio-96-127): created GPIO range 19->20 ==> 44e10800.pinmux PIN 108->109
[    0.890249] gpio gpiochip3: (gpio-96-127): created GPIO range 21->21 ==> 44e10800.pinmux PIN 73->73
[    0.890266] gpio gpiochip3: (gpio-96-127): created GPIO range 22->23 ==> 44e10800.pinmux PIN 8->9
[    0.890283] gpio gpiochip3: (gpio-96-127): created GPIO range 26->27 ==> 44e10800.pinmux PIN 10->11
[    0.890300] gpio gpiochip3: (gpio-96-127): created GPIO range 28->28 ==> 44e10800.pinmux PIN 74->74
[    0.890318] gpio gpiochip3: (gpio-96-127): created GPIO range 29->29 ==> 44e10800.pinmux PIN 81->81
[    0.890338] gpio gpiochip3: (gpio-96-127): created GPIO range 30->31 ==> 44e10800.pinmux PIN 28->29
[    0.905109] gpio gpiochip3: (gpio-96-127): added GPIO chardev (254:3)
[    0.905361] gpio gpiochip3: registered GPIOs 608 to 639 on gpio-96-127
[    0.907350] omap8250 44e09000.serial: using DT '/ocp/interconnect@44c00000/segment@200000/target-module@9000/serial@0' for 'rs485-term' GPIO lookup
[    0.907422] of_get_named_gpiod_flags: can't parse 'rs485-term-gpios' property of node '/ocp/interconnect@44c00000/segment@200000/target-module@9000/serial@0[0]'
[    0.907466] of_get_named_gpiod_flags: can't parse 'rs485-term-gpio' property of node '/ocp/interconnect@44c00000/segment@200000/target-module@9000/serial@0[0]'
[    0.907503] omap8250 44e09000.serial: using lookup tables for GPIO lookup
[    0.907513] omap8250 44e09000.serial: No GPIO consumer rs485-term found
[    0.907523] omap8250 44e09000.serial: using DT '/ocp/interconnect@44c00000/segment@200000/target-module@9000/serial@0' for 'rs485-rx-during-tx' GPIO lookup
[    0.907559] of_get_named_gpiod_flags: can't parse 'rs485-rx-during-tx-gpios' property of node '/ocp/interconnect@44c00000/segment@200000/target-module@9000/serial@0[0]'
[    0.907596] of_get_named_gpiod_flags: can't parse 'rs485-rx-during-tx-gpio' property of node '/ocp/interconnect@44c00000/segment@200000/target-module@9000/serial@0[0]'
[    0.907629] omap8250 44e09000.serial: using lookup tables for GPIO lookup
[    0.907637] omap8250 44e09000.serial: No GPIO consumer rs485-rx-during-tx found
[    0.908093] 44e09000.serial: ttyS0 at MMIO 0x44e09000 (irq = 34, base_baud = 3000000) is a 8250
[    0.908208] printk: legacy console [ttyS0] enabled
[    2.439884] i2c i2c-0: using DT '/ocp/interconnect@44c00000/segment@200000/target-module@b000/i2c@0' for 'scl' GPIO lookup
[    2.439975] of_get_named_gpiod_flags: can't parse 'scl-gpios' property of node '/ocp/interconnect@44c00000/segment@200000/target-module@b000/i2c@0[0]'
[    2.440021] of_get_named_gpiod_flags: can't parse 'scl-gpio' property of node '/ocp/interconnect@44c00000/segment@200000/target-module@b000/i2c@0[0]'
[    2.440061] i2c i2c-0: using lookup tables for GPIO lookup
[    2.440075] i2c i2c-0: No GPIO consumer scl found
[    2.440099] i2c i2c-0: using DT '/ocp/interconnect@44c00000/segment@200000/target-module@b000/i2c@0' for 'sda' GPIO lookup
[    2.440139] of_get_named_gpiod_flags: can't parse 'sda-gpios' property of node '/ocp/interconnect@44c00000/segment@200000/target-module@b000/i2c@0[0]'
[    2.440181] of_get_named_gpiod_flags: can't parse 'sda-gpio' property of node '/ocp/interconnect@44c00000/segment@200000/target-module@b000/i2c@0[0]'
[    2.440216] i2c i2c-0: using lookup tables for GPIO lookup
[    2.440227] i2c i2c-0: No GPIO consumer sda found
[    2.452263] tps65217-pmic: Failed to locate of_node [id: -1]
[    2.458326] tps65217-bl: Failed to locate of_node [id: -1]
[    2.465762] platform tps65217-charger: DMA mask not set
[    2.472801] platform tps65217-pwrbutton: DMA mask not set
[    2.480610] tps65217 0-0024: TPS65217 ID 0xe version 1.2
[    2.486690] /ocp/interconnect@48000000/segment@300000/target-module@e000/lcdc@0: Fixed dependency cycle(s) with /ocp/interconnect@44c00000/segment@200000/target-module@b000/i2c@0/tda19988@70
[    2.504105] /ocp/interconnect@44c00000/segment@200000/target-module@b000/i2c@0/tda19988@70: Fixed dependency cycle(s) with /ocp/interconnect@48000000/segment@300000/target-module@e000/lcdc@0
[    2.521503] omap_i2c 44e0b000.i2c: bus 0 rev0.11 at 400 kHz
[    2.529388] sdhci-omap 48060000.mmc: using DT '/ocp/interconnect@48000000/segment@0/target-module@60000/mmc@0' for 'cd' GPIO lookup
[    2.529499] of_get_named_gpiod_flags: parsed 'cd-gpios' property of node '/ocp/interconnect@48000000/segment@0/target-module@60000/mmc@0[0]' - status (0)
[    2.529564] gpio gpiochip3: Persistence not supported for GPIO 6
[    2.529590] omap_gpio 44e07000.gpio: Could not set line 6 debounce to 200000 microseconds (-22)
[    2.538468] sdhci-omap 48060000.mmc: Got CD GPIO
[    2.543162] sdhci-omap 48060000.mmc: using DT '/ocp/interconnect@48000000/segment@0/target-module@60000/mmc@0' for 'wp' GPIO lookup
[    2.543211] of_get_named_gpiod_flags: can't parse 'wp-gpios' property of node '/ocp/interconnect@48000000/segment@0/target-module@60000/mmc@0[0]'
[    2.543255] of_get_named_gpiod_flags: can't parse 'wp-gpio' property of node '/ocp/interconnect@48000000/segment@0/target-module@60000/mmc@0[0]'
[    2.543295] sdhci-omap 48060000.mmc: using lookup tables for GPIO lookup
[    2.543308] sdhci-omap 48060000.mmc: No GPIO consumer wp found
[    2.543517] sdhci-omap 48060000.mmc: supply pbias not found, using dummy regulator
[    2.552412] sdhci-omap 481d8000.mmc: using DT '/ocp/interconnect@48000000/segment@100000/target-module@d8000/mmc@0' for 'wp' GPIO lookup
[    2.552487] of_get_named_gpiod_flags: can't parse 'wp-gpios' property of node '/ocp/interconnect@48000000/segment@100000/target-module@d8000/mmc@0[0]'
[    2.552535] of_get_named_gpiod_flags: can't parse 'wp-gpio' property of node '/ocp/interconnect@48000000/segment@100000/target-module@d8000/mmc@0[0]'
[    2.552575] sdhci-omap 481d8000.mmc: using lookup tables for GPIO lookup
[    2.552588] sdhci-omap 481d8000.mmc: No GPIO consumer wp found
[    2.553707] sdhci-omap 48060000.mmc: supply vqmmc not found, using dummy regulator
[    2.563014] sdhci-omap 481d8000.mmc: supply pbias not found, using dummy regulator
[    2.571199] sdhci-omap 481d8000.mmc: supply vqmmc not found, using dummy regulator
[    2.609873] mmc1: SDHCI controller on 481d8000.mmc [481d8000.mmc] using External DMA
[    2.618910] mmc0: SDHCI controller on 48060000.mmc [48060000.mmc] using External DMA
[    2.627801] cpsw-switch 4a100000.switch: starting ndev. mode: dual_mac
[    2.691576] mmc1: new high speed MMC card at address 0001
[    2.698430] mmcblk1: mmc1:0001 MMC04G 3.60 GiB
[    2.706220]  mmcblk1: p1 p2
[    2.710560] mmcblk1boot0: mmc1:0001 MMC04G 2.00 MiB
[    2.717042] SMSC LAN8710/LAN8720 4a101000.mdio:00: attached PHY driver (mii_bus:phy_addr=4a101000.mdio:00, irq=POLL)
[    2.735859] mmcblk1boot1: mmc1:0001 MMC04G 2.00 MiB
[    2.744747] mmcblk1rpmb: mmc1:0001 MMC04G 128 KiB, chardev (249:0)
[    2.794804] mmc0: new high speed SDHC card at address aaaa
[    2.801716] mmcblk0: mmc0:aaaa SE32G 29.7 GiB
[    2.810699]  mmcblk0: p1 p2
[    5.842027] cpsw-switch 4a100000.switch eth0: Link is Up - 100Mbps/Full - flow control off
[    5.871283] IP-Config: Complete:
[    5.874557]      device=eth0, hwaddr=6c:ec:eb:68:de:78, ipaddr=192.168.255.1, mask=255.255.255.0, gw=255.255.255.255
[    5.885192]      host=bbb1, domain=, nis-domain=(none)
[    5.890359]      bootserver=192.168.255.126, rootserver=192.168.255.126, rootpath=
[    5.890763] clk: Disabling unused clocks
[    5.902618] PM: genpd: Disabling unused power domains
[    5.907783] KTAP version 1
[    5.910509] 1..0
[    5.913412] check access for rdinit=/init failed: -2, ignoring
[    5.950258] VFS: Mounted root (nfs filesystem) on device 0:17.
[    5.957274] devtmpfs: mounted
[    5.961931] Freeing unused kernel image (initmem) memory: 1024K
[    5.968710] Run /sbin/init as init process
[    5.972938]   with arguments:
[    5.972953]     /sbin/init
[    5.972963]     nfsrootdebug
[    5.972972]   with environment:
[    5.972981]     HOME=/
[    5.972990]     TERM=linux
[    6.695502] systemd[1]: System time before build time, advancing clock.
[    8.251290] random: crng init done
[    8.283995] systemd[1]: systemd 232 running in system mode. (+PAM +AUDIT +SELINUX +IMA +APPARMOR +SMACK +SYSVINIT +UTMP +LIBCRYPTSETUP +GCRYPT +GNUTLS +ACL +XZ +LZ4 +SECCOMP +BLKID +ELFUTILS +KMOD +IDN)
[    8.303140] systemd[1]: Detected architecture arm.
[    8.334660] systemd[1]: Set hostname to <arm>.
[    9.470761] systemd[1]: systemd-journald-dev-log.socket: SO_PASSSEC failed: Operation not supported
[    9.480499] systemd[1]: Listening on Journal Socket (/dev/log).
[    9.501919] systemd[1]: syslog.socket: SO_PASSSEC failed: Operation not supported
[    9.509633] systemd[1]: Listening on Syslog Socket.
[    9.532215] systemd[1]: Started Dispatch Password Requests to Console Directory Watch.
[    9.563016] systemd[1]: Set up automount Arbitrary Executable File Formats File System Automount Point.
[    9.591712] systemd[1]: Reached target Swap.
[   12.044987] systemd-journald[113]: Received request to flush runtime journal from PID 1
[   12.642069] omap_prm 44e00d00.prm: sync_state() pending due to 44d00000.cpu
[   14.679142] leds-gpio leds: using DT '/leds/led2' for '(default)' GPIO lookup
[   14.679251] of_get_named_gpiod_flags: parsed 'gpios' property of node '/leds/led2[0]' - status (0)
[   14.679310] gpio gpiochip0: Persistence not supported for GPIO 21
[   14.679327] gpio-533 (?): no flags found for GPIO (default)
[   14.714542] leds-gpio leds: using DT '/leds/led3' for '(default)' GPIO lookup
[   14.714652] of_get_named_gpiod_flags: parsed 'gpios' property of node '/leds/led3[0]' - status (0)
[   14.714709] gpio gpiochip0: Persistence not supported for GPIO 22
[   14.714724] gpio-534 (?): no flags found for GPIO (default)
[   14.733205] leds-gpio leds: using DT '/leds/led4' for '(default)' GPIO lookup
[   14.733308] of_get_named_gpiod_flags: parsed 'gpios' property of node '/leds/led4[0]' - status (0)
[   14.733362] gpio gpiochip0: Persistence not supported for GPIO 23
[   14.733377] gpio-535 (?): no flags found for GPIO (default)
[   14.751736] leds-gpio leds: using DT '/leds/led5' for '(default)' GPIO lookup
[   14.751847] of_get_named_gpiod_flags: parsed 'gpios' property of node '/leds/led5[0]' - status (0)
[   14.751900] gpio gpiochip0: Persistence not supported for GPIO 24
[   14.751915] gpio-536 (?): no flags found for GPIO (default)
[   15.185167] remoteproc remoteproc0: wkup_m3 is available
[   15.270881] omap_wdt: OMAP Watchdog Timer Rev 0x01: initial timeout 60 sec
[   15.428260] at24 2-0054: supply vcc not found, using dummy regulator
[   15.554827] at24 2-0055: supply vcc not found, using dummy regulator
[   15.707882] at24 2-0056: supply vcc not found, using dummy regulator
[   15.735802] am335x-phy-driver 47401300.usb-phy: using DT '/ocp/target-module@47400000/usb-phy@1300' for 'reset' GPIO lookup
[   15.735900] of_get_named_gpiod_flags: can't parse 'reset-gpios' property of node '/ocp/target-module@47400000/usb-phy@1300[0]'
[   15.735945] of_get_named_gpiod_flags: can't parse 'reset-gpio' property of node '/ocp/target-module@47400000/usb-phy@1300[0]'
[   15.735984] am335x-phy-driver 47401300.usb-phy: using lookup tables for GPIO lookup
[   15.735998] am335x-phy-driver 47401300.usb-phy: No GPIO consumer reset found
[   15.736012] am335x-phy-driver 47401300.usb-phy: using DT '/ocp/target-module@47400000/usb-phy@1300' for 'vbus-detect' GPIO lookup
[   15.736043] of_get_named_gpiod_flags: can't parse 'vbus-detect-gpios' property of node '/ocp/target-module@47400000/usb-phy@1300[0]'
[   15.736076] of_get_named_gpiod_flags: can't parse 'vbus-detect-gpio' property of node '/ocp/target-module@47400000/usb-phy@1300[0]'
[   15.736102] am335x-phy-driver 47401300.usb-phy: using lookup tables for GPIO lookup
[   15.736114] am335x-phy-driver 47401300.usb-phy: No GPIO consumer vbus-detect found
[   15.736264] am335x-phy-driver 47401300.usb-phy: dummy supplies not allowed for exclusive requests (id=vbus)
[   15.772363] input: tps65217_pwrbutton as /devices/platform/ocp/44c00000.interconnect/44c00000.interconnect:segment@200000/44e0b000.target-module/44e0b000.i2c/i2c-0/0-0024/tps65217-pwrbutton/input/input0
[   15.830509] at24 2-0057: supply vcc not found, using dummy regulator
[   15.930587] am335x-phy-driver 47401b00.usb-phy: using DT '/ocp/target-module@47400000/usb-phy@1b00' for 'reset' GPIO lookup
[   15.930699] of_get_named_gpiod_flags: can't parse 'reset-gpios' property of node '/ocp/target-module@47400000/usb-phy@1b00[0]'
[   15.930747] of_get_named_gpiod_flags: can't parse 'reset-gpio' property of node '/ocp/target-module@47400000/usb-phy@1b00[0]'
[   15.930786] am335x-phy-driver 47401b00.usb-phy: using lookup tables for GPIO lookup
[   15.930801] am335x-phy-driver 47401b00.usb-phy: No GPIO consumer reset found
[   15.930815] am335x-phy-driver 47401b00.usb-phy: using DT '/ocp/target-module@47400000/usb-phy@1b00' for 'vbus-detect' GPIO lookup
[   15.930848] of_get_named_gpiod_flags: can't parse 'vbus-detect-gpios' property of node '/ocp/target-module@47400000/usb-phy@1b00[0]'
[   15.930882] of_get_named_gpiod_flags: can't parse 'vbus-detect-gpio' property of node '/ocp/target-module@47400000/usb-phy@1b00[0]'
[   15.930908] am335x-phy-driver 47401b00.usb-phy: using lookup tables for GPIO lookup
[   15.930920] am335x-phy-driver 47401b00.usb-phy: No GPIO consumer vbus-detect found
[   15.931072] am335x-phy-driver 47401b00.usb-phy: dummy supplies not allowed for exclusive requests (id=vbus)
[   15.958028] at24 0-0050: using DT '/ocp/interconnect@44c00000/segment@200000/target-module@b000/i2c@0/eeprom@50' for 'wp' GPIO lookup
[   15.958137] of_get_named_gpiod_flags: can't parse 'wp-gpios' property of node '/ocp/interconnect@44c00000/segment@200000/target-module@b000/i2c@0/eeprom@50[0]'
[   15.958194] of_get_named_gpiod_flags: can't parse 'wp-gpio' property of node '/ocp/interconnect@44c00000/segment@200000/target-module@b000/i2c@0/eeprom@50[0]'
[   15.958242] at24 0-0050: using lookup tables for GPIO lookup
[   15.958256] at24 0-0050: No GPIO consumer wp found
[   15.958592] at24 0-0050: 4096 byte 24c32 EEPROM, writable, 1 bytes/write
[   16.511661] omap_rtc 44e3e000.rtc: registered as rtc0
[   16.516832] omap_rtc 44e3e000.rtc: setting system clock to 2000-01-01T00:00:00 UTC (946684800)
[   16.525631] omap_rtc 44e3e000.rtc: using DT '/ocp/interconnect@44c00000/segment@200000/target-module@3e000/rtc@0' for 'wp' GPIO lookup
[   16.525704] of_get_named_gpiod_flags: can't parse 'wp-gpios' property of node '/ocp/interconnect@44c00000/segment@200000/target-module@3e000/rtc@0[0]'
[   16.525755] of_get_named_gpiod_flags: can't parse 'wp-gpio' property of node '/ocp/interconnect@44c00000/segment@200000/target-module@3e000/rtc@0[0]'
[   16.525797] omap_rtc 44e3e000.rtc: using lookup tables for GPIO lookup
[   16.525811] omap_rtc 44e3e000.rtc: No GPIO consumer wp found
[   17.338013] usbcore: registered new interface driver usbfs
[   17.343943] usbcore: registered new interface driver hub
[   17.349394] usbcore: registered new device driver usb
[   18.657411] musb-hdrc musb-hdrc.1: MUSB HDRC host driver
[   18.663000] musb-hdrc musb-hdrc.1: new USB bus registered, assigned bus number 1
[   18.697470] omap-mailbox 480c8000.mailbox: omap mailbox rev 0x400
[   18.743715] tda998x 0-0070: found TDA19988
[   18.774540] remoteproc remoteproc0: powering up wkup_m3
[   18.912120] usb usb1: New USB device found, idVendor=1d6b, idProduct=0002, bcdDevice= 6.18
[   18.920482] usb usb1: New USB device strings: Mfr=3, Product=2, SerialNumber=1
[   18.927865] usb usb1: Product: MUSB HDRC host driver
[   18.932911] usb usb1: Manufacturer: Linux 6.18.0-rc7-next-20251127 musb-hcd
[   18.939910] usb usb1: SerialNumber: musb-hdrc.1
[   19.023285] remoteproc remoteproc0: Direct firmware load for am335x-pm-firmware.elf failed with error -2
[   19.033204] remoteproc remoteproc0: request_firmware failed: -2
[   19.039171] wkup_m3_ipc 44e11324.wkup_m3_ipc: rproc_boot failed
[   19.406585] hub 1-0:1.0: USB hub found
[   19.461632] hub 1-0:1.0: 1 port detected
[   21.535828] omap_rng 48310000.rng: Random Number Generator ver. 20
[   21.716482] tilcdc 4830e000.lcdc: bound 0-0070 (ops tda998x_driver_exit [tda998x])
[   21.782147] [drm] Initialized tilcdc 1.0.0 for 4830e000.lcdc on minor 0
[   21.864475] tilcdc 4830e000.lcdc: [drm] Cannot find any crtc or sizes
[   21.881767] tilcdc 4830e000.lcdc: [drm] Cannot find any crtc or sizes
[   22.834725] PM: Cannot get wkup_m3_ipc handle
[   23.099867] omap-sham 53100000.sham: hw accel on OMAP rev 4.3
[   23.272804] omap-sham 53100000.sham: will run requests pump with realtime priority
[   23.281611] PM: Cannot get wkup_m3_ipc handle
[   23.430135] omap-aes 53500000.aes: OMAP AES hw accel rev: 3.2
[   23.626641] omap-aes 53500000.aes: will run requests pump with realtime priority
[   23.637574] PM: Cannot get wkup_m3_ipc handle
[   26.014507] Bluetooth: Core ver 2.22
[   26.018330] NET: Registered PF_BLUETOOTH protocol family
[   26.023885] Bluetooth: HCI device and connection manager initialized
[   26.030304] Bluetooth: HCI socket layer initialized
[   26.035282] Bluetooth: L2CAP socket layer initialized
[   26.040394] Bluetooth: SCO socket layer initialized
[   26.178886] ------------[ cut here ]------------
[   26.183713] WARNING: net/8021q/vlan_core.c:236 at vlan_for_each+0x114/0x134, CPU#0: avahi-daemon/353
[   26.193018] RTNL: assertion failed at net/8021q/vlan_core.c (236)
[   26.199149] Modules linked in: bluetooth ecdh_generic ecc snd_soc_simple_card omap_aes_driver snd_soc_simple_card_utils omap_crypto omap_sham libaes crypto_engine pm33xx ti_emif_sram tilcdc drm_dma_helper omap_rng drm_client_lib rng_core snd_soc_davinci_mcasp snd_soc_ti_udma snd_soc_ti_edma snd_soc_ti_sdma snd_soc_core snd_pcm_dmaengine snd_pcm snd_timer omap_mailbox snd musb_dsps tda998x soundcore musb_hdrc cec udc_core drm_kms_helper usbcore drm rtc_omap wkup_m3_ipc drm_panel_orientation_quirks phy_am335x tps65218_pwrbutton phy_am335x_control phy_generic at24 usb_common cppi41 omap_wdt wkup_m3_rproc watchdog leds_gpio led_class cpufreq_dt autofs4
[   26.257225] CPU: 0 UID: 107 PID: 353 Comm: avahi-daemon Not tainted 6.18.0-rc7-next-20251127 #1 NONE 
[   26.257246] Hardware name: Generic AM33XX (Flattened Device Tree)
[   26.257254] Call trace: 
[   26.257270]  unwind_backtrace from show_stack+0x10/0x14
[   26.257307]  show_stack from dump_stack_lvl+0x50/0x64
[   26.257333]  dump_stack_lvl from __warn+0x88/0x148
[   26.257350]  __warn from warn_slowpath_fmt+0x19c/0x1b0
[   26.257363]  warn_slowpath_fmt from vlan_for_each+0x114/0x134
[   26.257382]  vlan_for_each from cpsw_add_mc_addr+0x40/0xa4
[   26.257416]  cpsw_add_mc_addr from __hw_addr_ref_sync_dev+0x108/0x140
[   26.257446]  __hw_addr_ref_sync_dev from __dev_mc_add+0x7c/0x80
[   26.257465]  __dev_mc_add from igmp6_group_added+0xc8/0xe0
[   26.257487]  igmp6_group_added from __ipv6_dev_mc_inc+0x218/0x364
[   26.257503]  __ipv6_dev_mc_inc from __ipv6_sock_mc_join+0x11c/0x1c0
[   26.257517]  __ipv6_sock_mc_join from do_ipv6_setsockopt+0x1214/0x1310
[   26.257543]  do_ipv6_setsockopt from ipv6_setsockopt+0x60/0xcc
[   26.257561]  ipv6_setsockopt from udpv6_setsockopt+0x2c/0x6c
[   26.257583]  udpv6_setsockopt from sock_common_setsockopt+0x30/0x40
[   26.257610]  sock_common_setsockopt from do_sock_setsockopt+0x50/0x9c
[   26.257627]  do_sock_setsockopt from __sys_setsockopt+0x70/0xbc
[   26.257643]  __sys_setsockopt from ret_fast_syscall+0x0/0x58
[   26.257658] Exception stack(0xe035dfa8 to 0xe035dff0)
[   26.257672] dfa0:                   00000014 b6f65ce8 0000000d 00000029 00000014 befe29ec
[   26.257683] dfc0: 00000014 b6f65ce8 00000014 00000126 0000000d b6f0eff4 0051e988 00506558
[   26.257692] dfe0: b6f24088 befe29d8 b6f01309 b6dd841a
[   26.257699] ---[ end trace 0000000000000000 ]---
[   27.255116] PM: Cannot get wkup_m3_ipc handle
[   27.260888] asoc-simple-card sound: using DT '/sound' for 'simple-audio-card,hp-det' GPIO lookup
[   27.260960] of_get_named_gpiod_flags: can't parse 'simple-audio-card,hp-det-gpios' property of node '/sound[0]'
[   27.260994] of_get_named_gpiod_flags: can't parse 'simple-audio-card,hp-det-gpio' property of node '/sound[0]'
[   27.261020] asoc-simple-card sound: using lookup tables for GPIO lookup
[   27.261034] asoc-simple-card sound: No GPIO consumer simple-audio-card,hp-det found
[   27.261049] asoc-simple-card sound: using DT '/sound' for 'simple-audio-card,mic-det' GPIO lookup
[   27.261075] of_get_named_gpiod_flags: can't parse 'simple-audio-card,mic-det-gpios' property of node '/sound[0]'
[   27.261101] of_get_named_gpiod_flags: can't parse 'simple-audio-card,mic-det-gpio' property of node '/sound[0]'
[   27.261120] asoc-simple-card sound: using lookup tables for GPIO lookup
[   27.261132] asoc-simple-card sound: No GPIO consumer simple-audio-card,mic-det found
[   27.371659] tda998x 0-0070: using DT '/ocp/interconnect@44c00000/segment@200000/target-module@b000/i2c@0/tda19988@70' for 'nxp,calib' GPIO lookup
[   27.371801] of_get_named_gpiod_flags: parsed 'nxp,calib-gpios' property of node '/ocp/interconnect@44c00000/segment@200000/target-module@b000/i2c@0/tda19988@70[0]' - status (0)
[   27.371886] gpio gpiochip0: Persistence not supported for GPIO 25
[   27.371902] gpio-537 (nxp,calib): no flags found for GPIO nxp,calib
[   27.389339] PM: Cannot get wkup_m3_ipc handle
[   27.413782] gpio-537 (nxp,calib): gpiod_direction_output_nonotify: tried to set a GPIO tied to an IRQ as output
[   27.622319] tda9950 0-0034: TDA9950 CEC interface, hardware version 3.3
[   27.693926] PM: Cannot get wkup_m3_ipc handle
[   29.391104] userial_init: registered 8 ttyGS* devices
[   29.627407] rndis_register: configNr = 0
[   29.731910] udc musb-hdrc.0: binding gadget driver [g_multi]
[   29.732011] configfs-gadget.g_multi gadget.0: adding 'rndis'/8a949e78 to config 'c'/abaab9ea
[   29.733198] configfs-gadget.g_multi gadget.0: HOST MAC 1c:ba:8c:a2:ed:6c
[   29.739972] configfs-gadget.g_multi gadget.0: MAC 1c:ba:8c:a2:ed:70
[   29.746530] rndis_set_param_medium: 0 0
[   29.746557] configfs-gadget.g_multi gadget.0: RNDIS: IN/ep1in OUT/ep1out NOTIFY/ep2in
[   29.746574] configfs-gadget.g_multi gadget.0: adding 'cdc_ethernet'/7572cbf5 to config 'c'/abaab9ea
[   29.747511] configfs-gadget.g_multi gadget.0: HOST MAC 1c:ba:8c:a2:ed:6c
[   29.754402] configfs-gadget.g_multi gadget.0: MAC 1c:ba:8c:a2:ed:6d
[   29.760745] configfs-gadget.g_multi gadget.0: CDC Ethernet: IN/ep3in OUT/ep2out NOTIFY/ep4in
[   29.760764] configfs-gadget.g_multi gadget.0: adding 'acm'/79255f5a to config 'c'/abaab9ea
[   29.760800] configfs-gadget.g_multi gadget.0: acm ttyGS0: IN/ep5in OUT/ep3out NOTIFY/ep6in
[   29.771918] PM: Cannot get wkup_m3_ipc handle
[   31.258853] configfs-gadget.g_multi gadget.0: eth_open
[   36.459970] gs_open: ttyGS0 (6409088a,1d5f94ad)
[   36.460153] gs_close: ttyGS0 (6409088a,1d5f94ad) ...
[   36.460183] gs_close: ttyGS0 (6409088a,1d5f94ad) done!
[   36.460392] gs_open: ttyGS0 (df5059a6,1d5f94ad)
[   36.460480] gs_close: ttyGS0 (df5059a6,1d5f94ad) ...
[   36.460505] gs_close: ttyGS0 (df5059a6,1d5f94ad) done!
[   36.609273] gs_open: ttyGS0 (6409088a,5db92bf8)
[   36.609513] gs_close: ttyGS0 (6409088a,5db92bf8) ...
[   36.609543] gs_close: ttyGS0 (6409088a,5db92bf8) done!
[   36.616833] gs_open: ttyGS0 (6409088a,5db92bf8)
QAZJSPVCGF 0
root@arm:~# echo 'ONEJ''GQNXLQ'
ONEJGQNXLQ
root@arm:~# MARKER='UZNP''AEGGVU' run 'modprobe test_linear_ranges'
UZNPAEGGVUUZNPAEGGVU 0
root@arm:~# echo 'OBTA''VHTFGO'
OBTAVHTFGO
root@arm:~# MARKER='VQEK''EOTQGL' run dmesg
VQEKEOTQGL[    0.000000] Booting Linux on physical CPU 0x0
[    0.000000] Linux version 6.18.0-rc7-next-20251127 (user01@drvtest01) (arm-none-eabi-gcc (Arm GNU Toolchain 14.2.Rel1 (Build arm-14.52)) 14.2.1 20241119, GNU ld (Arm GNU Toolchain 14.2.Rel1 (Build arm-14.52)) 2.43.1.20241119) #1 SMP Thu Nov 27 05:50:20 EET 2025
[    0.000000] CPU: ARMv7 Processor [413fc082] revision 2 (ARMv7), cr=10c5387d
[    0.000000] CPU: PIPT / VIPT nonaliasing data cache, VIPT aliasing instruction cache
[    0.000000] OF: fdt: Machine model: TI AM335x BeagleBone Black
[    0.000000] Memory policy: Data cache writeback
[    0.000000] cma: Reserved 16 MiB at 0x9e800000
[    0.000000] Zone ranges:
[    0.000000]   Normal   [mem 0x0000000080000000-0x000000009fdfffff]
[    0.000000]   HighMem  empty
[    0.000000] Movable zone start for each node
[    0.000000] Early memory node ranges
[    0.000000]   node   0: [mem 0x0000000080000000-0x000000009fdfffff]
[    0.000000] Initmem setup node 0 [mem 0x0000000080000000-0x000000009fdfffff]
[    0.000000] On node 0, zone Normal: 512 pages in unavailable ranges
[    0.000000] OF: reserved mem: Reserved memory: No reserved-memory node in the DT
[    0.000000] CPU: All CPU(s) started in SVC mode.
[    0.000000] AM335X ES2.1 (sgx neon)
[    0.000000] percpu: Embedded 17 pages/cpu s40204 r8192 d21236 u69632
[    0.000000] pcpu-alloc: s40204 r8192 d21236 u69632 alloc=17*4096
[    0.000000] pcpu-alloc: [0] 0 
[    0.000000] Kernel command line: console=ttyO0,115200n8 root=/dev/nfs rw nfsroot=192.168.255.126:/home/user01/nfs,nfsvers=3 ip=192.168.255.1:192.168.255.126::255.255.255.0:bbb1:eth0 nfsrootdebug
[    0.000000] Unknown kernel command line parameters "nfsrootdebug", will be passed to user space.
[    0.000000] printk: log buffer data + meta data: 65536 + 204800 = 270336 bytes
[    0.000000] Dentry cache hash table entries: 65536 (order: 6, 262144 bytes, linear)
[    0.000000] Inode-cache hash table entries: 32768 (order: 5, 131072 bytes, linear)
[    0.000000] Built 1 zonelists, mobility grouping on.  Total pages: 130560
[    0.000000] mem auto-init: stack:off, heap alloc:off, heap free:off
[    0.000000] SLUB: HWalign=16, Order=0-3, MinObjects=0, CPUs=1, Nodes=1
[    0.000000] rcu: Hierarchical RCU implementation.
[    0.000000] rcu: 	RCU event tracing is enabled.
[    0.000000] rcu: 	RCU restricting CPUs from NR_CPUS=2 to nr_cpu_ids=1.
[    0.000000] 	Tracing variant of Tasks RCU enabled.
[    0.000000] rcu: RCU calculated value of scheduler-enlistment delay is 10 jiffies.
[    0.000000] rcu: Adjusting geometry for rcu_fanout_leaf=16, nr_cpu_ids=1
[    0.000000] RCU Tasks Trace: Setting shift to 0 and lim to 1 rcu_task_cb_adjust=1 rcu_task_cpu_ids=1.
[    0.000000] NR_IRQS: 16, nr_irqs: 16, preallocated irqs: 16
[    0.000000] IRQ: Found an INTC at 0x(ptrval) (revision 5.0) with 128 interrupts
[    0.000000] rcu: srcu_init: Setting srcu_struct sizes based on contention.
[    0.000000] TI gptimer clocksource: always-on /ocp/interconnect@44c00000/segment@200000/target-module@31000
[    0.000002] sched_clock: 32 bits at 24MHz, resolution 41ns, wraps every 89478484971ns
[    0.000026] clocksource: dmtimer: mask: 0xffffffff max_cycles: 0xffffffff, max_idle_ns: 79635851949 ns
[    0.000551] TI gptimer clockevent: 24000000 Hz at /ocp/interconnect@48000000/segment@0/target-module@40000
[    0.002124] Console: colour dummy device 80x30
[    0.002191] WARNING: Your 'console=ttyO0' has been replaced by 'ttyS0'
[    0.002198] This ensures that you still see kernel messages. Please
[    0.002202] update your kernel commandline.
[    0.002243] Calibrating delay loop... 996.14 BogoMIPS (lpj=4980736)
[    0.090668] CPU: Testing write buffer coherency: ok
[    0.090750] CPU0: Spectre v2: using BPIALL workaround
[    0.090759] pid_max: default: 32768 minimum: 301
[    0.091076] Mount-cache hash table entries: 1024 (order: 0, 4096 bytes, linear)
[    0.091096] Mountpoint-cache hash table entries: 1024 (order: 0, 4096 bytes, linear)
[    0.092693] CPU0: thread -1, cpu 0, socket -1, mpidr 0
[    0.092751] cacheinfo: Unable to detect cache hierarchy for CPU 0
[    0.094764] Setting up static identity map for 0x80100000 - 0x80100078
[    0.095086] rcu: Hierarchical SRCU implementation.
[    0.095096] rcu: 	Max phase no-delay instances is 1000.
[    0.096854] smp: Bringing up secondary CPUs ...
[    0.096908] smp: Brought up 1 node, 1 CPU
[    0.096922] SMP: Total of 1 processors activated (996.14 BogoMIPS).
[    0.096934] CPU: All CPU(s) started in SVC mode.
[    0.097181] Memory: 479964K/522240K available (12288K kernel code, 1231K rwdata, 2956K rodata, 1024K init, 255K bss, 24364K reserved, 16384K cma-reserved, 0K highmem)
[    0.098051] devtmpfs: initialized
[    0.115606] VFP support v0.3: implementor 41 architecture 3 part 30 variant c rev 3
[    0.116288] clocksource: jiffies: mask: 0xffffffff max_cycles: 0xffffffff, max_idle_ns: 19112604462750000 ns
[    0.116346] posixtimers hash table entries: 512 (order: 0, 4096 bytes, linear)
[    0.116371] futex hash table entries: 256 (16384 bytes on 1 NUMA nodes, total 16 KiB, linear).
[    0.119562] NET: Registered PF_NETLINK/PF_ROUTE protocol family
[    0.122695] DMA: preallocated 256 KiB pool for atomic coherent allocations
[    0.123679] audit: initializing netlink subsys (disabled)
[    0.125028] thermal_sys: Registered thermal governor 'fair_share'
[    0.125045] thermal_sys: Registered thermal governor 'step_wise'
[    0.125053] thermal_sys: Registered thermal governor 'user_space'
[    0.125161] audit: type=2000 audit(0.120:1): state=initialized audit_enabled=0 res=1
[    0.125234] cpuidle: using governor menu
[    0.143293] /ocp/interconnect@44c00000/segment@200000/target-module@b000/i2c@0/tda19988@70: Fixed dependency cycle(s) with /ocp/interconnect@48000000/segment@300000/target-module@e000/lcdc@0
[    0.144385] /ocp/interconnect@48000000/segment@300000/target-module@e000/lcdc@0: Fixed dependency cycle(s) with /ocp/interconnect@44c00000/segment@200000/target-module@b000/i2c@0/tda19988@70
[    0.146566] No ATAGs?
[    0.146603] hw-breakpoint: debug architecture 0x4 unsupported.
[    0.149298] kprobes: kprobe jump-optimization is enabled. All kprobes are optimized if possible.
[    0.163991] iommu: Default domain type: Translated
[    0.164012] iommu: DMA domain TLB invalidation policy: strict mode
[    0.165607] reg-fixed-voltage fixedregulator0: using DT '/fixedregulator0' for '(default)' GPIO lookup
[    0.165662] of_get_named_gpiod_flags: can't parse 'gpios' property of node '/fixedregulator0[0]'
[    0.165691] of_get_named_gpiod_flags: can't parse 'gpio' property of node '/fixedregulator0[0]'
[    0.165710] reg-fixed-voltage fixedregulator0: using lookup tables for GPIO lookup
[    0.165721] reg-fixed-voltage fixedregulator0: No GPIO consumer (default) found
[    0.166806] SCSI subsystem initialized
[    0.167263] libata version 3.00 loaded.
[    0.167641] pps_core: LinuxPPS API ver. 1 registered
[    0.167652] pps_core: Software ver. 5.3.6 - Copyright 2005-2007 Rodolfo Giometti <giometti@linux.it>
[    0.167676] PTP clock support registered
[    0.180886] vgaarb: loaded
[    0.181304] clocksource: Switched to clocksource dmtimer
[    0.181915] VFS: Disk quotas dquot_6.6.0
[    0.181975] VFS: Dquot-cache hash table entries: 1024 (order 0, 4096 bytes)
[    0.205405] NET: Registered PF_INET protocol family
[    0.205746] IP idents hash table entries: 8192 (order: 4, 65536 bytes, linear)
[    0.207195] tcp_listen_portaddr_hash hash table entries: 512 (order: 0, 4096 bytes, linear)
[    0.207233] Table-perturb hash table entries: 65536 (order: 6, 262144 bytes, linear)
[    0.207251] TCP established hash table entries: 4096 (order: 2, 16384 bytes, linear)
[    0.207301] TCP bind hash table entries: 4096 (order: 4, 65536 bytes, linear)
[    0.207400] TCP: Hash tables configured (established 4096 bind 4096)
[    0.207519] UDP hash table entries: 256 (order: 2, 14336 bytes, linear)
[    0.207554] UDP-Lite hash table entries: 256 (order: 2, 14336 bytes, linear)
[    0.207766] NET: Registered PF_UNIX/PF_LOCAL protocol family
[    0.212016] RPC: Registered named UNIX socket transport module.
[    0.212039] RPC: Registered udp transport module.
[    0.212045] RPC: Registered tcp transport module.
[    0.212050] RPC: Registered tcp-with-tls transport module.
[    0.212054] RPC: Registered tcp NFSv4.1 backchannel transport module.
[    0.212079] PCI: CLS 0 bytes, default 64
[    0.213534] Initialise system trusted keyrings
[    0.221749] workingset: timestamp_bits=14 max_order=17 bucket_order=3
[    0.223212] NFS: Registering the id_resolver key type
[    0.223284] Key type id_resolver registered
[    0.223291] Key type id_legacy registered
[    0.223402] jffs2: version 2.2. (NAND) (SUMMARY)  Â© 2001-2006 Red Hat, Inc.
[    0.223952] Key type asymmetric registered
[    0.223967] Asymmetric key parser 'x509' registered
[    0.224040] io scheduler mq-deadline registered
[    0.224050] io scheduler kyber registered
[    0.224138] io scheduler bfq registered
[    0.225956] target-module@4b000000:target-module@140000:pmu@0:fck: device ID is greater than 24
[    0.231544] ledtrig-cpu: registered to indicate activity on CPUs
[    0.235288] Serial: 8250/16550 driver, 6 ports, IRQ sharing enabled
[    0.285573] brd: module loaded
[    0.305794] loop: module loaded
[    0.306718] mtdoops: mtd device (mtddev=name/number) must be supplied
[    0.308257] mdio_bus fixed-0: using lookup tables for GPIO lookup
[    0.308278] mdio_bus fixed-0: No GPIO consumer reset found
[    0.309731] i2c_dev: i2c /dev entries driver
[    0.310744] cpuidle: enable-method property 'ti,am3352' found operations
[    0.311200] sdhci: Secure Digital Host Controller Interface driver
[    0.311209] sdhci: Copyright(c) Pierre Ossman
[    0.311583] sdhci-pltfm: SDHCI platform and OF driver helper
[    0.313129] hw perfevents: enabled with armv7_cortex_a8 PMU driver, 5 (8000000f) counters available
[    0.313662] Initializing XFRM netlink socket
[    0.313840] NET: Registered PF_INET6 protocol family
[    0.322807] Segment Routing with IPv6
[    0.322898] In-situ OAM (IOAM) with IPv6
[    0.322998] sit: IPv6, IPv4 and MPLS over IPv4 tunneling driver
[    0.323970] NET: Registered PF_PACKET protocol family
[    0.323988] PFKEY is deprecated and scheduled to be removed in 2027, please contact the netdev mailing list
[    0.324005] NET: Registered PF_KEY protocol family
[    0.324126] Key type dns_resolver registered
[    0.324357] ThumbEE CPU extension supported.
[    0.324378] Registering SWP/SWPB emulation handler
[    0.324898] omap_voltage_late_init: Voltage driver support not added
[    0.325563] SmartReflex Class3 initialized
[    0.351737] Loading compiled-in X.509 certificates
[    0.380984] /ocp/interconnect@44c00000/segment@200000/target-module@b000/i2c@0/tda19988@70: Fixed dependency cycle(s) with /ocp/interconnect@48000000/segment@300000/target-module@e000/lcdc@0
[    0.387592] /ocp/interconnect@44c00000/segment@200000/target-module@b000/i2c@0/tda19988@70: Fixed dependency cycle(s) with /ocp/interconnect@48000000/segment@300000/target-module@e000/lcdc@0
[    0.393307] gpiochip_find_base_unlocked: found new base at 512
[    0.410860] /ocp/interconnect@44c00000/segment@200000/target-module@b000/i2c@0/tda19988@70: Fixed dependency cycle(s) with /ocp/interconnect@48000000/segment@300000/target-module@e000/lcdc@0
[    0.411976] /ocp/interconnect@44c00000/segment@200000/target-module@b000/i2c@0/tda19988@70: Fixed dependency cycle(s) with /ocp/interconnect@48000000/segment@300000/target-module@e000/lcdc@0
[    0.415505] /ocp/interconnect@44c00000/segment@200000/target-module@10000/scm@0/pinmux@800: Fixed dependency cycle(s) with /ocp/interconnect@44c00000/segment@200000/target-module@10000/scm@0/pinmux@800/clkout2-pins
[    0.416138] pinctrl-single 44e10800.pinmux: 142 pins, size 568
[    0.446939] /ocp/interconnect@48000000/segment@300000/target-module@e000/lcdc@0: Fixed dependency cycle(s) with /ocp/interconnect@44c00000/segment@200000/target-module@b000/i2c@0/tda19988@70
[    0.466975] gpiochip_find_base_unlocked: found new base at 512
[    0.467087] gpio gpiochip0: (gpio-0-31): created GPIO range 0->7 ==> 44e10800.pinmux PIN 0->7
[    0.467107] gpio gpiochip0: (gpio-0-31): created GPIO range 8->11 ==> 44e10800.pinmux PIN 90->93
[    0.467124] gpio gpiochip0: (gpio-0-31): created GPIO range 12->27 ==> 44e10800.pinmux PIN 12->27
[    0.467140] gpio gpiochip0: (gpio-0-31): created GPIO range 28->31 ==> 44e10800.pinmux PIN 30->33
[    0.502328] gpio gpiochip0: (gpio-0-31): added GPIO chardev (254:0)
[    0.502553] gpio gpiochip0: registered GPIOs 512 to 543 on gpio-0-31
[    0.502638] OMAP GPIO hardware version 0.1
[    0.541359] i2c i2c-2: using DT '/ocp/interconnect@48000000/segment@100000/target-module@9c000/i2c@0' for 'scl' GPIO lookup
[    0.541432] of_get_named_gpiod_flags: can't parse 'scl-gpios' property of node '/ocp/interconnect@48000000/segment@100000/target-module@9c000/i2c@0[0]'
[    0.541475] of_get_named_gpiod_flags: can't parse 'scl-gpio' property of node '/ocp/interconnect@48000000/segment@100000/target-module@9c000/i2c@0[0]'
[    0.541512] i2c i2c-2: using lookup tables for GPIO lookup
[    0.541522] i2c i2c-2: No GPIO consumer scl found
[    0.541543] i2c i2c-2: using DT '/ocp/interconnect@48000000/segment@100000/target-module@9c000/i2c@0' for 'sda' GPIO lookup
[    0.541579] of_get_named_gpiod_flags: can't parse 'sda-gpios' property of node '/ocp/interconnect@48000000/segment@100000/target-module@9c000/i2c@0[0]'
[    0.541616] of_get_named_gpiod_flags: can't parse 'sda-gpio' property of node '/ocp/interconnect@48000000/segment@100000/target-module@9c000/i2c@0[0]'
[    0.541648] i2c i2c-2: using lookup tables for GPIO lookup
[    0.541656] i2c i2c-2: No GPIO consumer sda found
[    0.542362] omap_i2c 4819c000.i2c: bus 2 rev0.11 at 100 kHz
[    0.548054] gpiochip_find_base_unlocked: found new base at 544
[    0.548153] gpio gpiochip1: (gpio-32-63): created GPIO range 0->17 ==> 44e10800.pinmux PIN 34->51
[    0.548173] gpio gpiochip1: (gpio-32-63): created GPIO range 18->21 ==> 44e10800.pinmux PIN 77->80
[    0.548198] gpio gpiochip1: (gpio-32-63): created GPIO range 22->31 ==> 44e10800.pinmux PIN 56->65
[    0.570123] gpio gpiochip1: (gpio-32-63): added GPIO chardev (254:1)
[    0.570367] gpio gpiochip1: registered GPIOs 544 to 575 on gpio-32-63
[    0.572774] gpiochip_find_base_unlocked: found new base at 576
[    0.572868] gpio gpiochip2: (gpio-64-95): created GPIO range 0->4 ==> 44e10800.pinmux PIN 66->70
[    0.572889] gpio gpiochip2: (gpio-64-95): created GPIO range 5->6 ==> 44e10800.pinmux PIN 98->99
[    0.572905] gpio gpiochip2: (gpio-64-95): created GPIO range 7->8 ==> 44e10800.pinmux PIN 75->76
[    0.572921] gpio gpiochip2: (gpio-64-95): created GPIO range 13->13 ==> 44e10800.pinmux PIN 141->141
[    0.572938] gpio gpiochip2: (gpio-64-95): created GPIO range 14->21 ==> 44e10800.pinmux PIN 100->107
[    0.591613] gpio gpiochip2: (gpio-64-95): added GPIO chardev (254:2)
[    0.591833] gpio gpiochip2: registered GPIOs 576 to 607 on gpio-64-95
[    0.597574] 48000000.interconnect:segment@200000:target-module@0:mpu@0:fck: device ID is greater than 24
[    0.598485] /ocp/interconnect@48000000/segment@300000/target-module@e000/lcdc@0: Fixed dependency cycle(s) with /ocp/interconnect@44c00000/segment@200000/target-module@b000/i2c@0/tda19988@70
[    0.601530] /ocp/interconnect@48000000/segment@300000/target-module@e000/lcdc@0: Fixed dependency cycle(s) with /ocp/interconnect@44c00000/segment@200000/target-module@b000/i2c@0/tda19988@70
[    0.602322] /ocp/interconnect@44c00000/segment@200000/target-module@b000/i2c@0/tda19988@70: Fixed dependency cycle(s) with /ocp/interconnect@48000000/segment@300000/target-module@e000/lcdc@0
[    0.602501] /ocp/interconnect@48000000/segment@300000/target-module@e000/lcdc@0: Fixed dependency cycle(s) with /ocp/interconnect@44c00000/segment@200000/target-module@b000/i2c@0/tda19988@70
[    0.609961] sdhci-omap 481d8000.mmc: using DT '/ocp/interconnect@48000000/segment@100000/target-module@d8000/mmc@0' for 'wp' GPIO lookup
[    0.610034] of_get_named_gpiod_flags: can't parse 'wp-gpios' property of node '/ocp/interconnect@48000000/segment@100000/target-module@d8000/mmc@0[0]'
[    0.610078] of_get_named_gpiod_flags: can't parse 'wp-gpio' property of node '/ocp/interconnect@48000000/segment@100000/target-module@d8000/mmc@0[0]'
[    0.610115] sdhci-omap 481d8000.mmc: using lookup tables for GPIO lookup
[    0.610126] sdhci-omap 481d8000.mmc: No GPIO consumer wp found
[    0.610320] sdhci-omap 481d8000.mmc: supply pbias not found, using dummy regulator
[    0.611441] sdhci-omap 481d8000.mmc: supply vqmmc not found, using dummy regulator
[    0.629343] mdio_bus 4a101000.mdio: using DT '/ocp/interconnect@4a000000/segment@0/target-module@100000/switch@0/mdio@1000' for 'reset' GPIO lookup
[    0.629416] of_get_named_gpiod_flags: can't parse 'reset-gpios' property of node '/ocp/interconnect@4a000000/segment@0/target-module@100000/switch@0/mdio@1000[0]'
[    0.629462] of_get_named_gpiod_flags: can't parse 'reset-gpio' property of node '/ocp/interconnect@4a000000/segment@0/target-module@100000/switch@0/mdio@1000[0]'
[    0.629510] mdio_bus 4a101000.mdio: using lookup tables for GPIO lookup
[    0.629520] mdio_bus 4a101000.mdio: No GPIO consumer reset found
[    0.672560] davinci_mdio 4a101000.mdio: davinci mdio revision 1.6, bus freq 1000000
[    0.694539] mdio_bus 4a101000.mdio:00: using DT '/ocp/interconnect@4a000000/segment@0/target-module@100000/switch@0/mdio@1000/ethernet-phy@0' for 'reset' GPIO lookup
[    0.694636] of_get_named_gpiod_flags: parsed 'reset-gpios' property of node '/ocp/interconnect@4a000000/segment@0/target-module@100000/switch@0/mdio@1000/ethernet-phy@0[0]' - status (0)
[    0.694796] gpio gpiochip0: Persistence not supported for GPIO 8
[    0.831178] davinci_mdio 4a101000.mdio: phy[0]: device 4a101000.mdio:00, driver SMSC LAN8710/LAN8720
[    0.832006] cpsw-switch 4a100000.switch: initialized cpsw ale version 1.4
[    0.832029] cpsw-switch 4a100000.switch: ALE Table size 1024, Policers 0
[    0.832202] cpsw-switch 4a100000.switch: cpts: overflow check period 500 (jiffies)
[    0.832219] cpsw-switch 4a100000.switch: CPTS: ref_clk_freq:250000000 calc_mult:2147483648 calc_shift:29 error:0 nsec/sec
[    0.832318] cpsw-switch 4a100000.switch: Detected MACID = 6c:ec:eb:68:de:78
[    0.834208] cpsw-switch 4a100000.switch: initialized (regs 0x4a100000, pool size 256) hw_ver:0019010C 1.12 (0)
[    0.847241] debugfs: '49000000.dma' already exists in 'dmaengine'
[    0.847286] edma 49000000.dma: TI EDMA DMA engine driver
[    0.888182] ti-sysc 44e31000.target-module: Failed to create device link (0x180) with supplier ocp for /ocp/interconnect@44c00000/segment@200000/target-module@31000/timer@0
[    0.888245] ti-sysc 48040000.target-module: Failed to create device link (0x180) with supplier ocp for /ocp/interconnect@48000000/segment@0/target-module@40000/timer@0
[    0.889173] gpio-clk clk_mcasp0: using DT '/clk_mcasp0' for 'enable' GPIO lookup
[    0.889241] of_get_named_gpiod_flags: parsed 'enable-gpios' property of node '/clk_mcasp0[0]' - status (0)
[    0.889285] gpio gpiochip0: Persistence not supported for GPIO 27
[    0.890026] gpiochip_find_base_unlocked: found new base at 608
[    0.890148] gpio gpiochip3: (gpio-96-127): created GPIO range 0->7 ==> 44e10800.pinmux PIN 82->89
[    0.890168] gpio gpiochip3: (gpio-96-127): created GPIO range 8->11 ==> 44e10800.pinmux PIN 52->55
[    0.890184] gpio gpiochip3: (gpio-96-127): created GPIO range 12->15 ==> 44e10800.pinmux PIN 94->97
[    0.890200] gpio gpiochip3: (gpio-96-127): created GPIO range 16->17 ==> 44e10800.pinmux PIN 71->72
[    0.890215] gpio gpiochip3: (gpio-96-127): created GPIO range 18->18 ==> 44e10800.pinmux PIN 135->135
[    0.890232] gpio gpiochip3: (gpio-96-127): created GPIO range 19->20 ==> 44e10800.pinmux PIN 108->109
[    0.890249] gpio gpiochip3: (gpio-96-127): created GPIO range 21->21 ==> 44e10800.pinmux PIN 73->73
[    0.890266] gpio gpiochip3: (gpio-96-127): created GPIO range 22->23 ==> 44e10800.pinmux PIN 8->9
[    0.890283] gpio gpiochip3: (gpio-96-127): created GPIO range 26->27 ==> 44e10800.pinmux PIN 10->11
[    0.890300] gpio gpiochip3: (gpio-96-127): created GPIO range 28->28 ==> 44e10800.pinmux PIN 74->74
[    0.890318] gpio gpiochip3: (gpio-96-127): created GPIO range 29->29 ==> 44e10800.pinmux PIN 81->81
[    0.890338] gpio gpiochip3: (gpio-96-127): created GPIO range 30->31 ==> 44e10800.pinmux PIN 28->29
[    0.905109] gpio gpiochip3: (gpio-96-127): added GPIO chardev (254:3)
[    0.905361] gpio gpiochip3: registered GPIOs 608 to 639 on gpio-96-127
[    0.907350] omap8250 44e09000.serial: using DT '/ocp/interconnect@44c00000/segment@200000/target-module@9000/serial@0' for 'rs485-term' GPIO lookup
[    0.907422] of_get_named_gpiod_flags: can't parse 'rs485-term-gpios' property of node '/ocp/interconnect@44c00000/segment@200000/target-module@9000/serial@0[0]'
[    0.907466] of_get_named_gpiod_flags: can't parse 'rs485-term-gpio' property of node '/ocp/interconnect@44c00000/segment@200000/target-module@9000/serial@0[0]'
[    0.907503] omap8250 44e09000.serial: using lookup tables for GPIO lookup
[    0.907513] omap8250 44e09000.serial: No GPIO consumer rs485-term found
[    0.907523] omap8250 44e09000.serial: using DT '/ocp/interconnect@44c00000/segment@200000/target-module@9000/serial@0' for 'rs485-rx-during-tx' GPIO lookup
