Labgrid Console Logfile for main
Logfile started at 2024-10-18 09:28:43.942689
=== Log starts here ===
:54)
reading args
spl_load_image_fat_os: error reading image args, err - -1
reading u-boot.img
reading u-boot.img


U-Boot 2014.04-00014-g47880f5 (Apr 22 2014 - 13:23:54)

I2C:   ready
DRAM:  512 MiB
NAND:  0 MiB
MMC:   OMAP SD/MMC: 0, OMAP SD/MMC: 1
*** Warning - readenv() failed, using default environment

Net:   <ethaddr> not set. Validating first E-fuse MAC
cpsw, usb_ether
Hit any key to stop autoboot:  1  0 
gpio: pin 53 (gpio 53) value is 1
mmc0 is current device
gpio: pin 54 (gpio 54) value is 1
SD/MMC found on device 0
reading uEnv.txt
569 bytes read in 4 ms (138.7 KiB/s)
gpio: pin 55 (gpio 55) value is 1
Loaded environment from uEnv.txt
Importing environment from mmc ...
Checking if uenvcmd is set ...
gpio: pin 56 (gpio 56) value is 1
Running uenvcmd ...
cpsw Waiting for PHY auto negotiation to complete. done
link up on port 0, speed 100, full duplex
Using cpsw device
TFTP from server 192.168.255.126; our IP address is 192.168.255.1
Filename 'zImage'.
Load address: 0x81000000
Loading: *#################################################################
	 #################################################################
	 #################################################################
	 #################################################################
	 #################################################################
	 ###################################################
	 2.4 MiB/s
done
Bytes transferred = 5511008 (541760 hex)
link up on port 0, speed 100, full duplex
Using cpsw device
TFTP from server 192.168.255.126; our IP address is 192.168.255.1
Filename 'am335x-boneblack.dtb'.
Load address: 0x82000000
Loading: *#######
	 2.2 MiB/s
done
Bytes transferred = 98244 (17fc4 hex)
Kernel image @ 0x81000000 [ 0x000000 - 0x541760 ]
## Flattened Device Tree blob at 82000000
   Booting using the fdt blob at 0x82000000
   Using Device Tree in place at 82000000, end 8201afc3

Starting kernel ...

[    0.000000] Booting Linux on physical CPU 0x0
[    0.000000] Linux version 6.12.0-rc3-next-20241018 (user01@drvtest01) (arm-linux-gnueabihf-gcc (Linaro GCC 6.4-2017.11) 6.4.1 20171012, GNU ld (Linaro_Binutils-2017.11) 2.27.0.20161229) #118 SMP Fri Oct 18 09:27:54 EEST 2024
[    0.000000] CPU: ARMv7 Processor [413fc082] revision 2 (ARMv7), cr=10c5387d
[    0.000000] CPU: PIPT / VIPT nonaliasing data cache, VIPT aliasing instruction cache
[    0.000000] OF: fdt: Machine model: TI AM335x BeagleBone Black
[    0.000000] Memory policy: Data cache writeback
[    0.000000] cma: Reserved 16 MiB at 0x9e800000 on node -1
[    0.000000] Zone ranges:
[    0.000000]   Normal   [mem 0x0000000080000000-0x000000009fdfffff]
[    0.000000]   HighMem  empty
[    0.000000] Movable zone start for each node
[    0.000000] Early memory node ranges
[    0.000000]   node   0: [mem 0x0000000080000000-0x000000009fdfffff]
[    0.000000] Initmem setup node 0 [mem 0x0000000080000000-0x000000009fdfffff]
[    0.000000] OF: reserved mem: Reserved memory: No reserved-memory node in the DT
[    0.000000] CPU: All CPU(s) started in SVC mode.
[    0.000000] AM335X ES2.1 (sgx neon)
[    0.000000] percpu: Embedded 17 pages/cpu s39756 r8192 d21684 u69632
[    0.000000] Kernel command line: console=ttyO0,115200n8 root=/dev/nfs rw nfsroot=192.168.255.126:/home/user01/nfs,nfsvers=3 ip=192.168.255.1:192.168.255.126::255.255.255.0:bbb1:eth0 nfsrootdebug
[    0.000000] Unknown kernel command line parameters "nfsrootdebug", will be passed to user space.
[    0.000000] printk: log buffer data + meta data: 65536 + 204800 = 270336 bytes
[    0.000000] Dentry cache hash table entries: 65536 (order: 6, 262144 bytes, linear)
[    0.000000] Inode-cache hash table entries: 32768 (order: 5, 131072 bytes, linear)
[    0.000000] Built 1 zonelists, mobility grouping on.  Total pages: 130560
[    0.000000] mem auto-init: stack:off, heap alloc:off, heap free:off
[    0.000000] SLUB: HWalign=64, Order=0-3, MinObjects=0, CPUs=1, Nodes=1
[    0.000000] trace event string verifier disabled
[    0.000000] rcu: Hierarchical RCU implementation.
[    0.000000] rcu: 	RCU event tracing is enabled.
[    0.000000] rcu: 	RCU restricting CPUs from NR_CPUS=2 to nr_cpu_ids=1.
[    0.000000] 	Tracing variant of Tasks RCU enabled.
[    0.000000] rcu: RCU calculated value of scheduler-enlistment delay is 10 jiffies.
[    0.000000] rcu: Adjusting geometry for rcu_fanout_leaf=16, nr_cpu_ids=1
[    0.000000] RCU Tasks Trace: Setting shift to 0 and lim to 1 rcu_task_cb_adjust=1 rcu_task_cpu_ids=1.
[    0.000000] NR_IRQS: 16, nr_irqs: 16, preallocated irqs: 16
[    0.000000] IRQ: Found an INTC at 0x(ptrval) (revision 5.0) with 128 interrupts
[    0.000000] rcu: srcu_init: Setting srcu_struct sizes based on contention.
[    0.000000] TI gptimer clocksource: always-on /ocp/interconnect@44c00000/segment@200000/target-module@31000
[    0.000004] sched_clock: 32 bits at 24MHz, resolution 41ns, wraps every 89478484971ns
[    0.000029] clocksource: dmtimer: mask: 0xffffffff max_cycles: 0xffffffff, max_idle_ns: 79635851949 ns
[    0.000498] TI gptimer clockevent: 24000000 Hz at /ocp/interconnect@48000000/segment@0/target-module@40000
[    0.002129] Console: colour dummy device 80x30
[    0.002198] WARNING: Your 'console=ttyO0' has been replaced by 'ttyS0'
[    0.002206] This ensures that you still see kernel messages. Please
[    0.002212] update your kernel commandline.
[    0.002256] Calibrating delay loop... 996.14 BogoMIPS (lpj=4980736)
[    0.090554] CPU: Testing write buffer coherency: ok
[    0.090670] CPU0: Spectre v2: using BPIALL workaround
[    0.090682] pid_max: default: 32768 minimum: 301
[    0.090810] LSM: initializing lsm=capability
[    0.090989] Mount-cache hash table entries: 1024 (order: 0, 4096 bytes, linear)
[    0.091011] Mountpoint-cache hash table entries: 1024 (order: 0, 4096 bytes, linear)
[    0.092663] CPU0: thread -1, cpu 0, socket -1, mpidr 0
[    0.160936] Setting up static identity map for 0x80100000 - 0x80100078
[    0.170713] rcu: Hierarchical SRCU implementation.
[    0.170725] rcu: 	Max phase no-delay instances is 1000.
[    0.190766] smp: Bringing up secondary CPUs ...
[    0.190823] smp: Brought up 1 node, 1 CPU
[    0.190840] SMP: Total of 1 processors activated (996.14 BogoMIPS).
[    0.190853] CPU: All CPU(s) started in SVC mode.
[    0.191053] Memory: 480868K/522240K available (11264K kernel code, 1208K rwdata, 2888K rodata, 1024K init, 298K bss, 23360K reserved, 16384K cma-reserved, 0K highmem)
[    0.191911] devtmpfs: initialized
[    0.208711] VFP support v0.3: implementor 41 architecture 3 part 30 variant c rev 3
[    0.209058] clocksource: jiffies: mask: 0xffffffff max_cycles: 0xffffffff, max_idle_ns: 19112604462750000 ns
[    0.209092] futex hash table entries: 256 (order: 2, 16384 bytes, linear)
[    0.210397] pinctrl core: initialized pinctrl subsystem
[    0.213417] NET: Registered PF_NETLINK/PF_ROUTE protocol family
[    0.216223] DMA: preallocated 256 KiB pool for atomic coherent allocations
[    0.217124] audit: initializing netlink subsys (disabled)
[    0.218540] thermal_sys: Registered thermal governor 'fair_share'
[    0.218554] thermal_sys: Registered thermal governor 'step_wise'
[    0.218564] thermal_sys: Registered thermal governor 'user_space'
[    0.218713] audit: type=2000 audit(0.210:1): state=initialized audit_enabled=0 res=1
[    0.218750] cpuidle: using governor menu
[    0.237748] No ATAGs?
[    0.237773] hw-breakpoint: debug architecture 0x4 unsupported.
[    0.240480] kprobes: kprobe jump-optimization is enabled. All kprobes are optimized if possible.
[    0.254071] iommu: Default domain type: Translated
[    0.254093] iommu: DMA domain TLB invalidation policy: strict mode
[    0.261958] SCSI subsystem initialized
[    0.262809] pps_core: LinuxPPS API ver. 1 registered
[    0.262821] pps_core: Software ver. 5.3.6 - Copyright 2005-2007 Rodolfo Giometti <giometti@linux.it>
[    0.262846] PTP clock support registered
[    0.270911] vgaarb: loaded
[    0.271325] clocksource: Switched to clocksource dmtimer
[    0.271995] VFS: Disk quotas dquot_6.6.0
[    0.272041] VFS: Dquot-cache hash table entries: 1024 (order 0, 4096 bytes)
[    0.296419] NET: Registered PF_INET protocol family
[    0.296770] IP idents hash table entries: 8192 (order: 4, 65536 bytes, linear)
[    0.298176] tcp_listen_portaddr_hash hash table entries: 512 (order: 0, 4096 bytes, linear)
[    0.298213] Table-perturb hash table entries: 65536 (order: 6, 262144 bytes, linear)
[    0.298236] TCP established hash table entries: 4096 (order: 2, 16384 bytes, linear)
[    0.298280] TCP bind hash table entries: 4096 (order: 4, 65536 bytes, linear)
[    0.298381] TCP: Hash tables configured (established 4096 bind 4096)
[    0.298503] UDP hash table entries: 256 (order: 1, 8192 bytes, linear)
[    0.298532] UDP-Lite hash table entries: 256 (order: 1, 8192 bytes, linear)
[    0.298706] NET: Registered PF_UNIX/PF_LOCAL protocol family
[    0.300004] RPC: Registered named UNIX socket transport module.
[    0.300022] RPC: Registered udp transport module.
[    0.300029] RPC: Registered tcp transport module.
[    0.300034] RPC: Registered tcp-with-tls transport module.
[    0.300041] RPC: Registered tcp NFSv4.1 backchannel transport module.
[    0.300066] PCI: CLS 0 bytes, default 64
[    0.301688] Initialise system trusted keyrings
[    0.312576] workingset: timestamp_bits=14 max_order=17 bucket_order=3
[    0.313915] NFS: Registering the id_resolver key type
[    0.314019] Key type id_resolver registered
[    0.314027] Key type id_legacy registered
[    0.314077] jffs2: version 2.2. (NAND) (SUMMARY)  Â© 2001-2006 Red Hat, Inc.
[    0.314480] Key type asymmetric registered
[    0.314494] Asymmetric key parser 'x509' registered
[    0.314559] io scheduler mq-deadline registered
[    0.314571] io scheduler kyber registered
[    0.314641] io scheduler bfq registered
[    0.316276] ledtrig-cpu: registered to indicate activity on CPUs
[    0.322311] Serial: 8250/16550 driver, 6 ports, IRQ sharing enabled
[    0.372035] brd: module loaded
[    0.392203] loop: module loaded
[    0.393148] mtdoops: mtd device (mtddev=name/number) must be supplied
[    0.396329] i2c_dev: i2c /dev entries driver
[    0.397309] cpuidle: enable-method property 'ti,am3352' found operations
[    0.397751] sdhci: Secure Digital Host Controller Interface driver
[    0.397762] sdhci: Copyright(c) Pierre Ossman
[    0.397939] sdhci-pltfm: SDHCI platform and OF driver helper
[    0.398947] Initializing XFRM netlink socket
[    0.399100] NET: Registered PF_INET6 protocol family
[    0.409138] Segment Routing with IPv6
[    0.409232] In-situ OAM (IOAM) with IPv6
[    0.409330] sit: IPv6, IPv4 and MPLS over IPv4 tunneling driver
[    0.410280] NET: Registered PF_PACKET protocol family
[    0.410318] NET: Registered PF_KEY protocol family
[    0.410446] Key type dns_resolver registered
[    0.410719] ThumbEE CPU extension supported.
[    0.410740] Registering SWP/SWPB emulation handler
[    0.411270] omap_voltage_late_init: Voltage driver support not added
[    0.411777] SmartReflex Class3 initialized
[    0.437742] Loading compiled-in X.509 certificates
[    0.513100] platform 44e10800.pinmux: Fixed dependency cycle(s) with /ocp/interconnect@44c00000/segment@200000/target-module@10000/scm@0/pinmux@800/clkout2-pins
[    0.513651] pinctrl-single 44e10800.pinmux: 142 pins, size 568
[    0.518801] ti-sysc 44e31000.target-module: probe with driver ti-sysc failed with error -16
[    0.555471] ti-sysc 48040000.target-module: probe with driver ti-sysc failed with error -16
[    0.603908] OMAP GPIO hardware version 0.1
[    0.632570] omap_i2c 4819c000.i2c: bus 2 rev0.11 at 100 kHz
[    0.657705] 48000000.interconnect:segment@200000:target-module@0:mpu@0:fck: device ID is greater than 24
[    0.662053] platform 4830e000.lcdc: Fixed dependency cycle(s) with /ocp/interconnect@44c00000/segment@200000/target-module@b000/i2c@0/tda19988@70
[    0.673209] sdhci-omap 481d8000.mmc: supply pbias not found, using dummy regulator
[    0.673716] sdhci-omap 481d8000.mmc: supply vqmmc not found, using dummy regulator
[    0.725714] davinci_mdio 4a101000.mdio: davinci mdio revision 1.6, bus freq 1000000
[    0.836991] davinci_mdio 4a101000.mdio: phy[0]: device 4a101000.mdio:00, driver SMSC LAN8710/LAN8720
[    0.837806] cpsw-switch 4a100000.switch: initialized cpsw ale version 1.4
[    0.837830] cpsw-switch 4a100000.switch: ALE Table size 1024, Policers 0
[    0.838152] cpsw-switch 4a100000.switch: cpts: overflow check period 500 (jiffies)
[    0.838173] cpsw-switch 4a100000.switch: CPTS: ref_clk_freq:250000000 calc_mult:2147483648 calc_shift:29 error:0 nsec/sec
[    0.838281] cpsw-switch 4a100000.switch: Detected MACID = 6c:ec:eb:68:de:78
[    0.840113] cpsw-switch 4a100000.switch: initialized (regs 0x4a100000, pool size 256) hw_ver:0019010C 1.12 (0)
[    0.851163] debugfs: Directory '49000000.dma' with parent 'dmaengine' already present!
[    0.851203] edma 49000000.dma: TI EDMA DMA engine driver
[    0.891122] target-module@4b000000:target-module@140000:pmu@0:fck: device ID is greater than 24
[    0.910016] hw perfevents: enabled with armv7_cortex_a8 PMU driver, 5 (8000000f) counters available
[    0.918016] l3-aon-clkctrl:0000:0: failed to disable
[    0.921098] 44e09000.serial: ttyS0 at MMIO 0x44e09000 (irq = 34, base_baud = 3000000) is a 8250
[    0.921187] printk: legacy console [ttyS0] enabled
 [    2.292336] tps65217-pmic: Failed to locate of_node [id: -1 ]
[    2.298418] tps65217-bl: Failed to locate of_node [id: - 1]
[    2.309838] tps65217 0-0024: TPS65217 ID 0xe version 1.2
[    2.315981] platform 4830e000.lcdc: Fixed dependency cycle(s) wi
[    2.438488] mmc0: SDHCI controller on 48060000.mmc [48060000.mmc] using External DMA
[    2.447321] cpsw-switch 4a100000.switch: starting ndev. mode: dual_mac
[    2.490539] mmc0: new high speed SDHC card at address 5048
[    2.497649] mmcblk0: mmc0:5048 SD16G 14.4 GiB
[    2.505770]  mmcblk0: p1 p2
[    2.509148] mmcblk0: p2 size 31221760 extends beyond EOD, truncated
[    2.522617] SMSC LAN8710/LAN8720 4a101000.mdio:00: attached PHY driver (mii_bus:phy_addr=4a101000.mdio:00, irq=POLL)
[    2.534875] mmc1: new high speed MMC card at address 0001
[    2.541737] mmcblk1: mmc1:0001 MMC04G 3.60 GiB
[    2.554003]  mmcblk1: p1 p2
[    2.558314] mmcblk1boot0: mmc1:0001 MMC04G 2.00 MiB
[    2.565465] mmcblk1boot1: mmc1:0001 MMC04G 2.00 MiB
[    2.572842] mmcblk1rpmb: mmc1:0001 MMC04G 128 KiB, chardev (250:0)
[    5.682100] cpsw-switch 4a100000.switch eth0: Link is Up - 100Mbps/Full - flow control off
[    5.711347] IP-Config: Complete:
[    5.714620]      device=eth0, hwaddr=6c:ec:eb:68:de:78, ipaddr=192.168.255.1, mask=255.255.255.0, gw=255.255.255.255
[    5.725264]      host=bbb1, domain=, nis-domain=(none)
[    5.730434]      bootserver=192.168.255.126, rootserver=192.168.255.126, rootpath=
[    5.730883] clk: Disabling unused clocks
[    5.742748] PM: genpd: Disabling unused power domains
[    5.747869] KTAP version 1
[    5.750593] 1..0
[    5.786819] VFS: Mounted root (nfs filesystem) on device 0:17.
[    5.793980] devtmpfs: mounted
[    5.798648] Freeing unused kernel image (initmem) memory: 1024K
[    5.805603] Run /sbin/init as init process
[    6.513743] systemd[1]: System time before build time, advancing clock.
[    8.021349] random: crng init done
[    8.063997] systemd[1]: systemd 232 running in system mode. (+PAM +AUDIT +SELINUX +IMA +APPARMOR +SMACK +SYSVINIT +UTMP +LIBCRYPTSETUP +GCRYPT +GNUTLS +ACL +XZ +LZ4 +SECCOMP +BLKID +ELFUTILS +KMOD +IDN)
[    8.083255] systemd[1]: Detected architecture arm.

Welcome to [1mDebian GNU/Linux 9 (stretch)[0m!

[    8.114625] systemd[1]: Set hostname to <arm>.
[    9.238311] systemd[1]: Started Dispatch Password Requests to Console Directory Watch.
[[0;32m  OK  [0m] Started Dispatch Password Requests to Console Directory Watch.
[    9.271923] systemd[1]: Reached target Remote File Systems.
[[0;32m  OK  [0m] Reached target Remote File Systems.
[    9.303489] systemd[1]: Listening on Journal Socket.
[[0;32m  OK  [0m] Listening on Journal Socket.
[    9.333175] systemd[1]: Set up automount Arbitrary Executable File Formats File System Automount Point.
[[0;32m  OK  [0m] Set up automount Arbitrary Executabâ€¦rmats File System Automount Point.
[    9.362985] systemd[1]: Created slice System Slice.
[[0;32m  OK  [0m] Created slice System Slice.
[    9.392057] systemd[1]: Listening on udev Kernel Socket.
[[0;32m  OK  [0m] Listening on udev Kernel Socket.
[    9.452405] systemd[1]: Starting Remount Root and Kernel File Systems...
         Starting Remount Root and Kernel File Systems...
         Starting Load Kernel Modules...
[[0;32m  OK  [0m] Listening on udev Control Socket.
[[0;32m  OK  [0m] Reached target Swap.
         Mounting POSIX Message Queue File System...
[[0;32m  OK  [0m] Started Forward Password Requests to Wall Directory Watch.
[[0;32m  OK  [0m] Reached target Paths.
[[0;32m  OK  [0m] Reached target Encrypted Volumes.
[[0;32m  OK  [0m] Created slice system-serial\x2dgetty.slice.
[[0;32m  OK  [0m] Created slice system-getty.slice.
[[0;32m  OK  [0m] Created slice User and Session Slice.
[[0;32m  OK  [0m] Reached target Slices.
[[0;32m  OK  [0m] Listening on Syslog Socket.
[[0;32m  OK  [0m] Listening on Journal Audit Socket.
         Mounting Debug File System...
[[0;32m  OK  [0m] Listening on /dev/initctl Compatibility Named Pipe.
[[0;32m  OK  [0m] Listening on Journal Socket (/dev/log).
         Starting Journal Service...
         Starting Create list of required stâ€¦ce nodes for the current kernel...
[[0;32m  OK  [0m] Mounted POSIX Message Queue File System.
[[0;32m  OK  [0m] Mounted Debug File System.
[[0;32m  OK  [0m] Started Remount Root and Kernel File Systems.
[[0;32m  OK  [0m] Started Load Kernel Modules.
[[0;32m  OK  [0m] Started Create list of required staâ€¦vice nodes for the current kernel.
         Starting Create Static Device Nodes in /dev...
         Mounting Configuration File System...
         Starting Apply Kernel Variables...
         Starting udev Coldplug all Devices...
         Starting Load/Save Random Seed...
[[0;32m  OK  [0m] Mounted Configuration File System.
[[0;32m  OK  [0m] Started Apply Kernel Variables.
[[0;32m  OK  [0m] Started Load/Save Random Seed.
[[0;32m  OK  [0m] Started Create Static Device Nodes in /dev.
         Starting udev Kernel Device Manager...
[[0;32m  OK  [0m] Reached target Local File Systems (Pre).
[[0;32m  OK  [0m] Reached target Local File Systems.
         Starting Raise network interfaces...
[[0;32m  OK  [0m] Started Journal Service.
         Starting Flush Journal to Persistent Storage...
[   11.645634] systemd-journald[87]: Received request to flush runtime journal from PID 1
[[0;32m  OK  [0m] Started Flush Journal to Persistent Storage.
         Starting Create Volatile Files and Directories...
[[0;32m  OK  [0m] Started udev Kernel Device Manager.
[[0;32m  OK  [0m] Started Create Volatile Files and Directories.
         Starting Network Time Synchronization...
         Starting Update UTMP about System Boot/Shutdown...
[[0;32m  OK  [0m] Started Update UTMP about System Boot/Shutdown.
[[0;32m  OK  [0m] Started udev Coldplug all Devices.
[   14.682880] remoteproc remoteproc0: wkup_m3 is available
[   14.965786] omap_rtc 44e3e000.rtc: registered as rtc0
[   14.970968] omap_rtc 44e3e000.rtc: setting system clock to 2000-01-01T00:00:00 UTC (946684800)
[   14.993290] omap_wdt: OMAP Watchdog Timer Rev 0x01: initial timeout 60 sec
[   15.070975] at24 2-0054: supply vcc not found, using dummy regulator
[   15.190170] at24 2-0055: supply vcc not found, using dummy regulator
[   15.297842] at24 2-0056: supply vcc not found, using dummy regulator
[   15.403651] at24 2-0057: supply vcc not found, using dummy regulator
[   15.414361] am335x-phy-driver 47401300.usb-phy: dummy supplies not allowed for exclusive requests (id=vbus)
[   15.482097] usbcore: registered new interface driver usbfs
[   15.487740] usbcore: registered new interface driver hub
[   15.493287] usbcore: registered new device driver usb
[   15.505599] at24 0-0050: 32768 byte 24c256 EEPROM, writable, 1 bytes/write
[[0;32m  OK  [0m] Found device /dev/ttyS0.
[   15.664648] am335x-phy-driver 47401b00.usb-phy: dummy supplies not allowed for exclusive requests (id=vbus)
[[0;32m  OK  [0m] Started Network Time Synchronization.
[   15.817143] tps6521x_pwrbutton tps65217-pwrbutton: DMA mask not set
[   15.931737] input: tps65217_pwrbutton as /devices/platform/ocp/44c00000.interconnect/44c00000.interconnect:segment@200000/44e0b000.target-module/44e0b000.i2c/i2c-0/0-0024/tps65217-pwrbutton/input/input0
[[0;32m  OK  [0m] Reached target System Time Synchronized.
[[0;32m  OK  [0m] Reached target System Initialization.
[[0;32m  OK  [0m] Listening on D-Bus System Message Bus Socket.
[[0;32m  OK  [0m] Started Daily Cleanup of Temporary Directories.
[[0;32m  OK  [0m] Started Daily apt download activities.[   16.274693] wkup_m3_ipc 44e11324.wkup_m3_ipc: IPC Request for A8->M3 Channel failed! -517

[[0;32m  OK  [0m] Started Daily apt upgrade and clean activities.
[[0;32m  OK  [0m] Reached target Timers.
[   16.532283] wkup_m3_ipc 44e11324.wkup_m3_ipc: IPC Request for A8->M3 Channel failed! -517
[[0;32m  OK  [0m] Listening on Avahi mDNS/DNS-SD Stack Activation Socket.
[[0;32m  OK  [0m] Reached target Sockets.
[[0;32m  OK  [0m] Reached target Basic System.
[   16.649752] musb-hdrc musb-hdrc.1: MUSB HDRC host driver
[   16.655345] musb-hdrc musb-hdrc.1: new USB bus registered, assigned bus number 1
[   16.663833] wkup_m3_ipc 44e11324.wkup_m3_ipc: IPC Request for A8->M3 Channel failed! -517
         Starting Login Service...
[   16.889238] tda998x 0-0070: found TDA19988
         Starting Cape Manager Service...
[   16.930122] usb usb1: New USB device found, idVendor=1d6b, idProduct=0002, bcdDevice= 6.12
[   16.938955] usb usb1: New USB device strings: Mfr=3, Product=2, SerialNumber=1
[   16.946389] usb usb1: Product: MUSB HDRC host driver
[   16.951442] usb usb1: Manufacturer: Linux 6.12.0-rc3-next-20241018 musb-hcd
[   16.958444] usb usb1: SerialNumber: musb-hdrc.1
         Starting Telephony service...
[   17.066540] wkup_m3_ipc 44e11324.wkup_m3_ipc: IPC Request for A8->M3 Channel failed! -517
         Starting Generic Board Startup...
         Starting System Logging Service...
         Starting DUN service...
[   17.393730] omap-mailbox 480c8000.mailbox: omap mailbox rev 0x400
         Starting LSB: Load kernel modules needed to enable cpuf[   17.448578] hub 1-0:1.0: USB hub found
req scaling...
[   17.491743] remoteproc remoteproc0: powering up wkup_m3
[   17.583322] hub 1-0:1.0: 1 port detected
         Starting LSB: Start busybox udhcpd at boot time...
[   17.739042] remoteproc remoteproc0: Direct firmware load for am335x-pm-firmware.elf failed with error -2
[   17.750303] remoteproc remoteproc0: request_firmware failed: -2
[   17.757879] wkup_m3_ipc 44e11324.wkup_m3_ipc: rproc_boot failed
         Starting Avahi mDNS/DNS-SD Stack...
[[0;32m  OK  [0m] Started D-Bus System Message Bus.
[   20.383642] omap_rng 48310000.rng: Random Number Generator ver. 20
[   20.530944] tilcdc 4830e000.lcdc: bound 0-0070 (ops tda998x_driver_exit [tda998x])
[   20.635418] [drm] Initialized tilcdc 1.0.0 for 4830e000.lcdc on minor 0
[   20.707351] tilcdc 4830e000.lcdc: [drm] Cannot find any crtc or sizes
[   20.715473] tilcdc 4830e000.lcdc: [drm] Cannot find any crtc or sizes
[   21.323093] PM: Cannot get wkup_m3_ipc handle
[   21.483808] omap-sham 53100000.sham: hw accel on OMAP rev 4.3
[   21.589069] omap-sham 53100000.sham: will run requests pump with realtime priority
[   21.601814] omap-aes 53500000.aes: OMAP AES hw accel rev: 3.2
[   21.628164] PM: Cannot get wkup_m3_ipc handle
[   21.712449] omap-aes 53500000.aes: will run requests pump with realtime priority
[   21.727071] PM: Cannot get wkup_m3_ipc handle
[[0;32m  OK  [0m] Started Avahi mDNS/DNS-SD Stack.
[[0;32m  OK  [0m] Started DUN service.
[[0;32m  OK  [0m] Started Telephony service.
         Starting Connection service...
[[0;32m  OK  [0m] Started Regular background program processing daemon.
[[0;32m  OK  [0m] Started System Logging Service.
[[0;32m  OK  [0m] Started Cape Manager Service.
[   23.642637] Bluetooth: Core ver 2.22
[   23.646472] NET: Registered PF_BLUETOOTH protocol family
[   23.651959] Bluetooth: HCI device and connection manager initialized
[   23.658378] Bluetooth: HCI socket layer initialized
[   23.663363] Bluetooth: L2CAP socket layer initialized
[   23.668482] Bluetooth: SCO socket layer initialized
[   25.217276] PM: Cannot get wkup_m3_ipc handle
[   25.337798] PM: Cannot get wkup_m3_ipc handle
[[0;32m  OK  [0m] Started LSB: Start busybox udhcpd at boot time.
[[0;32m  OK  [0m] Started Raise network interfaces.
[[0;32m  OK  [0m] Started LSB: Load kernel modules needed to enable cpufreq scaling.
[   28.382793] configfs-gadget.g_multi gadget.0: HOST MAC 1c:ba:8c:a2:ed:6c
[   28.389565] configfs-gadget.g_multi gadget.0: MAC 1c:ba:8c:a2:ed:70
[   28.396999] configfs-gadget.g_multi gadget.0: HOST MAC 1c:ba:8c:a2:ed:6c
[   28.403849] configfs-gadget.g_multi gadget.0: MAC 1c:ba:8c:a2:ed:6d
[   28.411094] PM: Cannot get wkup_m3_ipc handle
[[0;32m  OK  [0m] Started Connection service.
[[0;32m  OK  [0m] Started Login Service.
[[0;32m  OK  [0m] Reached target Sound Card.
         Starting LSB: set CPUFreq kernel parameters...
[[0;32m  OK  [0m] Reached target Network.
         Starting The Apache HTTP Server...
         Starting OpenBSD Secure Shell server...
         Starting Permit User Sessions...
[[0;32m  OK  [0m] Reached target Network is Online.
         Starting LSB: Advanced IEEE 802.11 management daemon...
[[0;32m  OK  [0m] Started LSB: Advanced IEEE 802.11 management daemon.
[[0;32m  OK  [0m] Started Permit User Sessions.
         Starting Hostname Service...
         Starting WPA supplicant...
[[0;32m  OK  [0m] Started Getty on tty1.
[[0;32m  OK  [0m] Started Serial Getty on ttyS0.
[[0;32m  OK  [0m] Reached target Login Prompts.
[[0;32m  OK  [0m] Started LSB: set CPUFreq kernel parameters.
[[0;32m  OK  [0m] Started WPA supplicant.
[[0;32m  OK  [0m] Started Hostname Service.
         Stopping LSB: Start busybox udhcpd at boot time...
[[0;32m  OK  [0m] Started OpenBSD Secure Shell server.
[[0;32m  OK  [0m] Stopped LSB: Start busybox udhcpd at boot time.
[[0;32m  OK  [0m] Started The Apache HTTP Server.
         Starting dnsmasq - A lightweight DHCP and caching DNS server...
[[0;32m  OK  [0m] Started dnsmasq - A lightweight DHCP and caching DNS server.
[[0;32m  OK  [0m] Reached target Host and Network Name Lookups.
[[0;32m  OK  [0m] Started Serial Getty on ttyGS0.
[[0;32m  OK  [0m] Started Generic Board Startup.
[[0;32m  OK  [0m] Reached target Multi-User System.
[[0;32m  OK  [0m] Reached target Graphical Interface.
         Starting Update UTMP about System Runlevel Changes...
[[0;32m  OK  [0m] Started Update UTMP about System Runlevel Changes.

Debian GNU/Linux 9 arm ttyS0

default username:password is [debian:temppwd]

arm login: root
Password: 
Last login: Sat Jan  1 00:00:34 UTC 2000 on ttyS0
root
Linux arm 6.12.0-rc3-next-20241018 #118 SMP Fri Oct 18 09:27:54 EEST 2024 armv7l

The programs included with the Debian GNU/Linux system are free software;
the exact distribution terms for each program are described in the
individual files in /usr/share/doc/*/copyright.

Debian GNU/Linux comes with ABSOLUTELY NO WARRANTY, to the extent
permitted by applicable law.
root@arm:~# root
dmesg -n 1
-bash: root: command not found
root@arm:~# dmesg -n 1
root@arm:~# echo 'JTHG''AQALVG'
JTHGAQALVG
root@arm:~# run() { echo -n "$MARKER"; sh -c "$@"; echo "$MARKER $?"; }
root@arm:~# echo 'ZQSY''OWVALZ'
ZQSYOWVALZ
root@arm:~# MARKER='NFEY''YYZBLX' run 'cat /proc/version'
NFEYYYZBLXLinux version 6.12.0-rc3-next-20241018 (user01@drvtest01) (arm-linux-gnueabihf-gcc (Linaro GCC 6.4-2017.11) 6.4.1 20171012, GNU ld (Linaro_Binutils-2017.11) 2.27.0.20161229) #118 SMP Fri Oct 18 09:27:54 EEST 2024
NFEYYYZBLX 0
root@arm:~# echo 'GBXN''HFCSZK'
GBXNHFCSZK
root@arm:~# MARKER='VFKM''WWXJNB' run false
VFKMWWXJNBVFKMWWXJNB 1
root@arm:~# Labgrid Console Logfile for main
Logfile started at 2024-10-18 09:29:45.586742
=== Log starts here ===

root@arm:~# run() { echo -n "$MARKER"; sh -c "$@"; echo "$MARKER $?"; }
root@arm:~# echo 'ONMW''GGTVPW'
ONMWGGTVPW
root@arm:~# MARKER='LFAN''BTOHJF' run dmesg
LFANBTOHJF[    0.000000] Booting Linux on physical CPU 0x0
[    0.000000] Linux version 6.12.0-rc3-next-20241018 (user01@drvtest01) (arm-linux-gnueabihf-gcc (Linaro GCC 6.4-2017.11) 6.4.1 20171012, GNU ld (Linaro_Binutils-2017.11) 2.27.0.20161229) #118 SMP Fri Oct 18 09:27:54 EEST 2024
[    0.000000] CPU: ARMv7 Processor [413fc082] revision 2 (ARMv7), cr=10c5387d
[    0.000000] CPU: PIPT / VIPT nonaliasing data cache, VIPT aliasing instruction cache
[    0.000000] OF: fdt: Machine model: TI AM335x BeagleBone Black
[    0.000000] Memory policy: Data cache writeback
[    0.000000] cma: Reserved 16 MiB at 0x9e800000 on node -1
[    0.000000] Zone ranges:
[    0.000000]   Normal   [mem 0x0000000080000000-0x000000009fdfffff]
[    0.000000]   HighMem  empty
[    0.000000] Movable zone start for each node
[    0.000000] Early memory node ranges
[    0.000000]   node   0: [mem 0x0000000080000000-0x000000009fdfffff]
[    0.000000] Initmem setup node 0 [mem 0x0000000080000000-0x000000009fdfffff]
[    0.000000] OF: reserved mem: Reserved memory: No reserved-memory node in the DT
[    0.000000] CPU: All CPU(s) started in SVC mode.
[    0.000000] AM335X ES2.1 (sgx neon)
[    0.000000] percpu: Embedded 17 pages/cpu s39756 r8192 d21684 u69632
[    0.000000] pcpu-alloc: s39756 r8192 d21684 u69632 alloc=17*4096
[    0.000000] pcpu-alloc: [0] 0 
[    0.000000] Kernel command line: console=ttyO0,115200n8 root=/dev/nfs rw nfsroot=192.168.255.126:/home/user01/nfs,nfsvers=3 ip=192.168.255.1:192.168.255.126::255.255.255.0:bbb1:eth0 nfsrootdebug
[    0.000000] Unknown kernel command line parameters "nfsrootdebug", will be passed to user space.
[    0.000000] printk: log buffer data + meta data: 65536 + 204800 = 270336 bytes
[    0.000000] Dentry cache hash table entries: 65536 (order: 6, 262144 bytes, linear)
[    0.000000] Inode-cache hash table entries: 32768 (order: 5, 131072 bytes, linear)
[    0.000000] Built 1 zonelists, mobility grouping on.  Total pages: 130560
[    0.000000] mem auto-init: stack:off, heap alloc:off, heap free:off
[    0.000000] SLUB: HWalign=64, Order=0-3, MinObjects=0, CPUs=1, Nodes=1
[    0.000000] trace event string verifier disabled
[    0.000000] rcu: Hierarchical RCU implementation.
[    0.000000] rcu: 	RCU event tracing is enabled.
[    0.000000] rcu: 	RCU restricting CPUs from NR_CPUS=2 to nr_cpu_ids=1.
[    0.000000] 	Tracing variant of Tasks RCU enabled.
[    0.000000] rcu: RCU calculated value of scheduler-enlistment delay is 10 jiffies.
[    0.000000] rcu: Adjusting geometry for rcu_fanout_leaf=16, nr_cpu_ids=1
[    0.000000] RCU Tasks Trace: Setting shift to 0 and lim to 1 rcu_task_cb_adjust=1 rcu_task_cpu_ids=1.
[    0.000000] NR_IRQS: 16, nr_irqs: 16, preallocated irqs: 16
[    0.000000] IRQ: Found an INTC at 0x(ptrval) (revision 5.0) with 128 interrupts
[    0.000000] rcu: srcu_init: Setting srcu_struct sizes based on contention.
[    0.000000] TI gptimer clocksource: always-on /ocp/interconnect@44c00000/segment@200000/target-module@31000
[    0.000004] sched_clock: 32 bits at 24MHz, resolution 41ns, wraps every 89478484971ns
[    0.000029] clocksource: dmtimer: mask: 0xffffffff max_cycles: 0xffffffff, max_idle_ns: 79635851949 ns
[    0.000498] TI gptimer clockevent: 24000000 Hz at /ocp/interconnect@48000000/segment@0/target-module@40000
[    0.002129] Console: colour dummy device 80x30
[    0.002198] WARNING: Your 'console=ttyO0' has been replaced by 'ttyS0'
[    0.002206] This ensures that you still see kernel messages. Please
[    0.002212] update your kernel commandline.
[    0.002256] Calibrating delay loop... 996.14 BogoMIPS (lpj=4980736)
[    0.090554] CPU: Testing write buffer coherency: ok
[    0.090670] CPU0: Spectre v2: using BPIALL workaround
[    0.090682] pid_max: default: 32768 minimum: 301
[    0.090810] LSM: initializing lsm=capability
[    0.090989] Mount-cache hash table entries: 1024 (order: 0, 4096 bytes, linear)
[    0.091011] Mountpoint-cache hash table entries: 1024 (order: 0, 4096 bytes, linear)
[    0.092663] CPU0: thread -1, cpu 0, socket -1, mpidr 0
[    0.160936] Setting up static identity map for 0x80100000 - 0x80100078
[    0.170713] rcu: Hierarchical SRCU implementation.
[    0.170725] rcu: 	Max phase no-delay instances is 1000.
[    0.190766] smp: Bringing up secondary CPUs ...
[    0.190823] smp: Brought up 1 node, 1 CPU
[    0.190840] SMP: Total of 1 processors activated (996.14 BogoMIPS).
[    0.190853] CPU: All CPU(s) started in SVC mode.
[    0.191053] Memory: 480868K/522240K available (11264K kernel code, 1208K rwdata, 2888K rodata, 1024K init, 298K bss, 23360K reserved, 16384K cma-reserved, 0K highmem)
[    0.191911] devtmpfs: initialized
[    0.208711] VFP support v0.3: implementor 41 architecture 3 part 30 variant c rev 3
[    0.209058] clocksource: jiffies: mask: 0xffffffff max_cycles: 0xffffffff, max_idle_ns: 19112604462750000 ns
[    0.209092] futex hash table entries: 256 (order: 2, 16384 bytes, linear)
[    0.210397] pinctrl core: initialized pinctrl subsystem
[    0.213417] NET: Registered PF_NETLINK/PF_ROUTE protocol family
[    0.216223] DMA: preallocated 256 KiB pool for atomic coherent allocations
[    0.217124] audit: initializing netlink subsys (disabled)
[    0.218540] thermal_sys: Registered thermal governor 'fair_share'
[    0.218554] thermal_sys: Registered thermal governor 'step_wise'
[    0.218564] thermal_sys: Registered thermal governor 'user_space'
[    0.218713] audit: type=2000 audit(0.210:1): state=initialized audit_enabled=0 res=1
[    0.218750] cpuidle: using governor menu
[    0.237748] No ATAGs?
[    0.237773] hw-breakpoint: debug architecture 0x4 unsupported.
[    0.240480] kprobes: kprobe jump-optimization is enabled. All kprobes are optimized if possible.
[    0.254071] iommu: Default domain type: Translated
[    0.254093] iommu: DMA domain TLB invalidation policy: strict mode
[    0.255767] reg-fixed-voltage fixedregulator0: using DT '/fixedregulator0' for '(default)' GPIO lookup
[    0.255820] of_get_named_gpiod_flags: can't parse 'gpios' property of node '/fixedregulator0[0]'
[    0.255849] of_get_named_gpiod_flags: can't parse 'gpio' property of node '/fixedregulator0[0]'
[    0.255867] reg-fixed-voltage fixedregulator0: using lookup tables for GPIO lookup
[    0.255878] reg-fixed-voltage fixedregulator0: No GPIO consumer (default) found
[    0.261958] SCSI subsystem initialized
[    0.262445] libata version 3.00 loaded.
[    0.262809] pps_core: LinuxPPS API ver. 1 registered
[    0.262821] pps_core: Software ver. 5.3.6 - Copyright 2005-2007 Rodolfo Giometti <giometti@linux.it>
[    0.262846] PTP clock support registered
[    0.270911] vgaarb: loaded
[    0.271325] clocksource: Switched to clocksource dmtimer
[    0.271995] VFS: Disk quotas dquot_6.6.0
[    0.272041] VFS: Dquot-cache hash table entries: 1024 (order 0, 4096 bytes)
[    0.296419] NET: Registered PF_INET protocol family
[    0.296770] IP idents hash table entries: 8192 (order: 4, 65536 bytes, linear)
[    0.298176] tcp_listen_portaddr_hash hash table entries: 512 (order: 0, 4096 bytes, linear)
[    0.298213] Table-perturb hash table entries: 65536 (order: 6, 262144 bytes, linear)
[    0.298236] TCP established hash table entries: 4096 (order: 2, 16384 bytes, linear)
[    0.298280] TCP bind hash table entries: 4096 (order: 4, 65536 bytes, linear)
[    0.298381] TCP: Hash tables configured (established 4096 bind 4096)
[    0.298503] UDP hash table entries: 256 (order: 1, 8192 bytes, linear)
[    0.298532] UDP-Lite hash table entries: 256 (order: 1, 8192 bytes, linear)
[    0.298706] NET: Registered PF_UNIX/PF_LOCAL protocol family
[    0.300004] RPC: Registered named UNIX socket transport module.
[    0.300022] RPC: Registered udp transport module.
[    0.300029] RPC: Registered tcp transport module.
[    0.300034] RPC: Registered tcp-with-tls transport module.
[    0.300041] RPC: Registered tcp NFSv4.1 backchannel transport module.
[    0.300066] PCI: CLS 0 bytes, default 64
[    0.301688] Initialise system trusted keyrings
[    0.312576] workingset: timestamp_bits=14 max_order=17 bucket_order=3
[    0.313915] NFS: Registering the id_resolver key type
[    0.314019] Key type id_resolver registered
[    0.314027] Key type id_legacy registered
[    0.314077] jffs2: version 2.2. (NAND) (SUMMARY)  Â© 2001-2006 Red Hat, Inc.
[    0.314480] Key type asymmetric registered
[    0.314494] Asymmetric key parser 'x509' registered
[    0.314559] io scheduler mq-deadline registered
[    0.314571] io scheduler kyber registered
[    0.314641] io scheduler bfq registered
[    0.316276] ledtrig-cpu: registered to indicate activity on CPUs
[    0.322311] Serial: 8250/16550 driver, 6 ports, IRQ sharing enabled
[    0.372035] brd: module loaded
[    0.392203] loop: module loaded
[    0.393148] mtdoops: mtd device (mtddev=name/number) must be supplied
[    0.394901] mdio_bus fixed-0: using lookup tables for GPIO lookup
[    0.394928] mdio_bus fixed-0: No GPIO consumer reset found
[    0.396329] i2c_dev: i2c /dev entries driver
[    0.397309] cpuidle: enable-method property 'ti,am3352' found operations
[    0.397751] sdhci: Secure Digital Host Controller Interface driver
[    0.397762] sdhci: Copyright(c) Pierre Ossman
[    0.397939] sdhci-pltfm: SDHCI platform and OF driver helper
[    0.398947] Initializing XFRM netlink socket
[    0.399100] NET: Registered PF_INET6 protocol family
[    0.409138] Segment Routing with IPv6
[    0.409232] In-situ OAM (IOAM) with IPv6
[    0.409330] sit: IPv6, IPv4 and MPLS over IPv4 tunneling driver
[    0.410280] NET: Registered PF_PACKET protocol family
[    0.410318] NET: Registered PF_KEY protocol family
[    0.410446] Key type dns_resolver registered
[    0.410719] ThumbEE CPU extension supported.
[    0.410740] Registering SWP/SWPB emulation handler
[    0.411270] omap_voltage_late_init: Voltage driver support not added
[    0.411777] SmartReflex Class3 initialized
[    0.437742] Loading compiled-in X.509 certificates
[    0.493143] gpiochip_find_base_unlocked: found new base at 512
[    0.513100] platform 44e10800.pinmux: Fixed dependency cycle(s) with /ocp/interconnect@44c00000/segment@200000/target-module@10000/scm@0/pinmux@800/clkout2-pins
[    0.513651] pinctrl-single 44e10800.pinmux: 142 pins, size 568
[    0.518801] ti-sysc 44e31000.target-module: probe with driver ti-sysc failed with error -16
[    0.555471] ti-sysc 48040000.target-module: probe with driver ti-sysc failed with error -16
[    0.566475] gpiochip_find_base_unlocked: found new base at 512
[    0.566580] gpio gpiochip0: (gpio-0-31): created GPIO range 0->7 ==> 44e10800.pinmux PIN 0->7
[    0.566601] gpio gpiochip0: (gpio-0-31): created GPIO range 8->11 ==> 44e10800.pinmux PIN 90->93
[    0.566617] gpio gpiochip0: (gpio-0-31): created GPIO range 12->27 ==> 44e10800.pinmux PIN 12->27
[    0.566632] gpio gpiochip0: (gpio-0-31): created GPIO range 28->31 ==> 44e10800.pinmux PIN 30->33
[    0.603652] gpio gpiochip0: (gpio-0-31): added GPIO chardev (254:0)
[    0.603825] gpio gpiochip0: registered GPIOs 512 to 543 on gpio-0-31
[    0.603908] OMAP GPIO hardware version 0.1
[    0.631535] i2c i2c-2: using DT '/ocp/interconnect@48000000/segment@100000/target-module@9c000/i2c@0' for 'scl' GPIO lookup
[    0.631613] of_get_named_gpiod_flags: can't parse 'scl-gpios' property of node '/ocp/interconnect@48000000/segment@100000/target-module@9c000/i2c@0[0]'
[    0.631660] of_get_named_gpiod_flags: can't parse 'scl-gpio' property of node '/ocp/interconnect@48000000/segment@100000/target-module@9c000/i2c@0[0]'
[    0.631697] i2c i2c-2: using lookup tables for GPIO lookup
[    0.631708] i2c i2c-2: No GPIO consumer scl found
[    0.631730] i2c i2c-2: using DT '/ocp/interconnect@48000000/segment@100000/target-module@9c000/i2c@0' for 'sda' GPIO lookup
[    0.631766] of_get_named_gpiod_flags: can't parse 'sda-gpios' property of node '/ocp/interconnect@48000000/segment@100000/target-module@9c000/i2c@0[0]'
[    0.631806] of_get_named_gpiod_flags: can't parse 'sda-gpio' property of node '/ocp/interconnect@48000000/segment@100000/target-module@9c000/i2c@0[0]'
[    0.631839] i2c i2c-2: using lookup tables for GPIO lookup
[    0.631847] i2c i2c-2: No GPIO consumer sda found
[    0.632570] omap_i2c 4819c000.i2c: bus 2 rev0.11 at 100 kHz
[    0.637935] gpiochip_find_base_unlocked: found new base at 544
[    0.638040] gpio gpiochip1: (gpio-32-63): created GPIO range 0->17 ==> 44e10800.pinmux PIN 34->51
[    0.638060] gpio gpiochip1: (gpio-32-63): created GPIO range 18->21 ==> 44e10800.pinmux PIN 77->80
[    0.638077] gpio gpiochip1: (gpio-32-63): created GPIO range 22->31 ==> 44e10800.pinmux PIN 56->65
[    0.648854] gpio gpiochip1: (gpio-32-63): added GPIO chardev (254:1)
[    0.649027] gpio gpiochip1: registered GPIOs 544 to 575 on gpio-32-63
[    0.651170] gpiochip_find_base_unlocked: found new base at 576
[    0.651261] gpio gpiochip2: (gpio-64-95): created GPIO range 0->4 ==> 44e10800.pinmux PIN 66->70
[    0.651281] gpio gpiochip2: (gpio-64-95): created GPIO range 5->6 ==> 44e10800.pinmux PIN 98->99
[    0.651474] gpio gpiochip2: (gpio-64-95): created GPIO range 7->8 ==> 44e10800.pinmux PIN 75->76
[    0.651497] gpio gpiochip2: (gpio-64-95): created GPIO range 13->13 ==> 44e10800.pinmux PIN 141->141
[    0.651515] gpio gpiochip2: (gpio-64-95): created GPIO range 14->21 ==> 44e10800.pinmux PIN 100->107
[    0.652187] gpio gpiochip2: (gpio-64-95): added GPIO chardev (254:2)
[    0.652320] gpio gpiochip2: registered GPIOs 576 to 607 on gpio-64-95
[    0.657705] 48000000.interconnect:segment@200000:target-module@0:mpu@0:fck: device ID is greater than 24
[    0.662053] platform 4830e000.lcdc: Fixed dependency cycle(s) with /ocp/interconnect@44c00000/segment@200000/target-module@b000/i2c@0/tda19988@70
[    0.671258] mdio_bus 4a101000.mdio: using DT '/ocp/interconnect@4a000000/segment@0/target-module@100000/switch@0/mdio@1000' for 'reset' GPIO lookup
[    0.671538] of_get_named_gpiod_flags: can't parse 'reset-gpios' property of node '/ocp/interconnect@4a000000/segment@0/target-module@100000/switch@0/mdio@1000[0]'
[    0.671596] of_get_named_gpiod_flags: can't parse 'reset-gpio' property of node '/ocp/interconnect@4a000000/segment@0/target-module@100000/switch@0/mdio@1000[0]'
[    0.671649] mdio_bus 4a101000.mdio: using lookup tables for GPIO lookup
[    0.671659] mdio_bus 4a101000.mdio: No GPIO consumer reset found
[    0.672840] sdhci-omap 481d8000.mmc: using DT '/ocp/interconnect@48000000/segment@100000/target-module@d8000/mmc@0' for 'wp' GPIO lookup
[    0.672917] of_get_named_gpiod_flags: can't parse 'wp-gpios' property of node '/ocp/interconnect@48000000/segment@100000/target-module@d8000/mmc@0[0]'
[    0.672963] of_get_named_gpiod_flags: can't parse 'wp-gpio' property of node '/ocp/interconnect@48000000/segment@100000/target-module@d8000/mmc@0[0]'
[    0.672999] sdhci-omap 481d8000.mmc: using lookup tables for GPIO lookup
[    0.673009] sdhci-omap 481d8000.mmc: No GPIO consumer wp found
[    0.673209] sdhci-omap 481d8000.mmc: supply pbias not found, using dummy regulator
[    0.673716] sdhci-omap 481d8000.mmc: supply vqmmc not found, using dummy regulator
[    0.725714] davinci_mdio 4a101000.mdio: davinci mdio revision 1.6, bus freq 1000000
[    0.743117] mdio_bus 4a101000.mdio:00: using DT '/ocp/interconnect@4a000000/segment@0/target-module@100000/switch@0/mdio@1000/ethernet-phy@0' for 'reset' GPIO lookup
[    0.743222] of_get_named_gpiod_flags: parsed 'reset-gpios' property of node '/ocp/interconnect@4a000000/segment@0/target-module@100000/switch@0/mdio@1000/ethernet-phy@0[0]' - status (0)
[    0.743386] gpio gpiochip0: Persistence not supported for GPIO 8
[    0.836991] davinci_mdio 4a101000.mdio: phy[0]: device 4a101000.mdio:00, driver SMSC LAN8710/LAN8720
[    0.837806] cpsw-switch 4a100000.switch: initialized cpsw ale version 1.4
[    0.837830] cpsw-switch 4a100000.switch: ALE Table size 1024, Policers 0
[    0.838152] cpsw-switch 4a100000.switch: cpts: overflow check period 500 (jiffies)
[    0.838173] cpsw-switch 4a100000.switch: CPTS: ref_clk_freq:250000000 calc_mult:2147483648 calc_shift:29 error:0 nsec/sec
[    0.838281] cpsw-switch 4a100000.switch: Detected MACID = 6c:ec:eb:68:de:78
[    0.840113] cpsw-switch 4a100000.switch: initialized (regs 0x4a100000, pool size 256) hw_ver:0019010C 1.12 (0)
[    0.851163] debugfs: Directory '49000000.dma' with parent 'dmaengine' already present!
[    0.851203] edma 49000000.dma: TI EDMA DMA engine driver
[    0.891122] target-module@4b000000:target-module@140000:pmu@0:fck: device ID is greater than 24
[    0.910016] hw perfevents: enabled with armv7_cortex_a8 PMU driver, 5 (8000000f) counters available
[    0.910909] gpio-clk clk_mcasp0: using DT '/clk_mcasp0' for 'enable' GPIO lookup
[    0.910981] of_get_named_gpiod_flags: parsed 'enable-gpios' property of node '/clk_mcasp0[0]' - status (0)
[    0.911026] gpio gpiochip0: Persistence not supported for GPIO 27
[    0.912056] gpiochip_find_base_unlocked: found new base at 608
[    0.912190] gpio gpiochip3: (gpio-96-127): created GPIO range 0->7 ==> 44e10800.pinmux PIN 82->89
[    0.912211] gpio gpiochip3: (gpio-96-127): created GPIO range 8->11 ==> 44e10800.pinmux PIN 52->55
[    0.912226] gpio gpiochip3: (gpio-96-127): created GPIO range 12->15 ==> 44e10800.pinmux PIN 94->97
[    0.912242] gpio gpiochip3: (gpio-96-127): created GPIO range 16->17 ==> 44e10800.pinmux PIN 71->72
[    0.912258] gpio gpiochip3: (gpio-96-127): created GPIO range 18->18 ==> 44e10800.pinmux PIN 135->135
[    0.912274] gpio gpiochip3: (gpio-96-127): created GPIO range 19->20 ==> 44e10800.pinmux PIN 108->109
[    0.912290] gpio gpiochip3: (gpio-96-127): created GPIO range 21->21 ==> 44e10800.pinmux PIN 73->73
[    0.912307] gpio gpiochip3: (gpio-96-127): created GPIO range 22->23 ==> 44e10800.pinmux PIN 8->9
[    0.912325] gpio gpiochip3: (gpio-96-127): created GPIO range 26->27 ==> 44e10800.pinmux PIN 10->11
[    0.912343] gpio gpiochip3: (gpio-96-127): created GPIO range 28->28 ==> 44e10800.pinmux PIN 74->74
[    0.912361] gpio gpiochip3: (gpio-96-127): created GPIO range 29->29 ==> 44e10800.pinmux PIN 81->81
[    0.912380] gpio gpiochip3: (gpio-96-127): created GPIO range 30->31 ==> 44e10800.pinmux PIN 28->29
[    0.918016] l3-aon-clkctrl:0000:0: failed to disable
[    0.918380] gpio gpiochip3: (gpio-96-127): added GPIO chardev (254:3)
[    0.918521] gpio gpiochip3: registered GPIOs 608 to 639 on gpio-96-127
[    0.920376] omap8250 44e09000.serial: using DT '/ocp/interconnect@44c00000/segment@200000/target-module@9000/serial@0' for 'rs485-term' GPIO lookup
[    0.920446] of_get_named_gpiod_flags: can't parse 'rs485-term-gpios' property of node '/ocp/interconnect@44c00000/segment@200000/target-module@9000/serial@0[0]'
[    0.920493] of_get_named_gpiod_flags: can't parse 'rs485-term-gpio' property of node '/ocp/interconnect@44c00000/segment@200000/target-module@9000/serial@0[0]'
[    0.920531] omap8250 44e09000.serial: using lookup tables for GPIO lookup
[    0.920541] omap8250 44e09000.serial: No GPIO consumer rs485-term found
[    0.920552] omap8250 44e09000.serial: using DT '/ocp/interconnect@44c00000/segment@200000/target-module@9000/serial@0' for 'rs485-rx-during-tx' GPIO lookup
[    0.920589] of_get_named_gpiod_flags: can't parse 'rs485-rx-during-tx-gpios' property of node '/ocp/interconnect@44c00000/segment@200000/target-module@9000/serial@0[0]'
[    0.920628] of_get_named_gpiod_flags: can't parse 'rs485-rx-during-tx-gpio' property of node '/ocp/interconnect@44c00000/segment@200000/target-module@9000/serial@0[0]'
[    0.920662] omap8250 44e09000.serial: using lookup tables for GPIO lookup
[    0.920671] omap8250 44e09000.serial: No GPIO consumer rs485-rx-during-tx found
[    0.921098] 44e09000.serial: ttyS0 at MMIO 0x44e09000 (irq = 34, base_baud = 3000000) is a 8250
[    0.921187] printk: legacy console [ttyS0] enabled
[    2.278909] i2c i2c-0: using DT '/ocp/interconnect@44c00000/segment@200000/target-module@b000/i2c@0' for 'scl' GPIO lookup
[    2.279000] of_get_named_gpiod_flags: can't parse 'scl-gpios' property of node '/ocp/interconnect@44c00000/segment@200000/target-module@b000/i2c@0[0]'
[    2.279052] of_get_named_gpiod_flags: can't parse 'scl-gpio' property of node '/ocp/interconnect@44c00000/segment@200000/target-module@b000/i2c@0[0]'
[    2.279094] i2c i2c-0: using lookup tables for GPIO lookup
[    2.279108] i2c i2c-0: No GPIO consumer scl found
[    2.279135] i2c i2c-0: using DT '/ocp/interconnect@44c00000/segment@200000/target-module@b000/i2c@0' for 'sda' GPIO lookup
[    2.279176] of_get_named_gpiod_flags: can't parse 'sda-gpios' property of node '/ocp/interconnect@44c00000/segment@200000/target-module@b000/i2c@0[0]'
[    2.279219] of_get_named_gpiod_flags: can't parse 'sda-gpio' property of node '/ocp/interconnect@44c00000/segment@200000/target-module@b000/i2c@0[0]'
[    2.279257] i2c i2c-0: using lookup tables for GPIO lookup
[    2.279269] i2c i2c-0: No GPIO consumer sda found
[    2.292336] tps65217-pmic: Failed to locate of_node [id: -1]
[    2.298418] tps65217-bl: Failed to locate of_node [id: -1]
[    2.309838] tps65217 0-0024: TPS65217 ID 0xe version 1.2
[    2.315981] platform 4830e000.lcdc: Fixed dependency cycle(s) with /ocp/interconnect@44c00000/segment@200000/target-module@b000/i2c@0/tda19988@70
[    2.329416] i2c 0-0070: Fixed dependency cycle(s) with /ocp/interconnect@48000000/segment@300000/target-module@e000/lcdc@0
[    2.340829] omap_i2c 44e0b000.i2c: bus 0 rev0.11 at 400 kHz
[    2.348462] sdhci-omap 48060000.mmc: using DT '/ocp/interconnect@48000000/segment@0/target-module@60000/mmc@0' for 'cd' GPIO lookup
[    2.348571] of_get_named_gpiod_flags: parsed 'cd-gpios' property of node '/ocp/interconnect@48000000/segment@0/target-module@60000/mmc@0[0]' - status (0)
[    2.348641] gpio gpiochip3: Persistence not supported for GPIO 6
[    2.348667] omap_gpio 44e07000.gpio: Could not set line 6 debounce to 200000 microseconds (-22)
[    2.357556] sdhci-omap 48060000.mmc: Got CD GPIO
[    2.362238] sdhci-omap 48060000.mmc: using DT '/ocp/interconnect@48000000/segment@0/target-module@60000/mmc@0' for 'wp' GPIO lookup
[    2.362287] of_get_named_gpiod_flags: can't parse 'wp-gpios' property of node '/ocp/interconnect@48000000/segment@0/target-module@60000/mmc@0[0]'
[    2.362332] of_get_named_gpiod_flags: can't parse 'wp-gpio' property of node '/ocp/interconnect@48000000/segment@0/target-module@60000/mmc@0[0]'
[    2.362373] sdhci-omap 48060000.mmc: using lookup tables for GPIO lookup
[    2.362388] sdhci-omap 48060000.mmc: No GPIO consumer wp found
[    2.362600] sdhci-omap 48060000.mmc: supply pbias not found, using dummy regulator
[    2.371271] sdhci-omap 481d8000.mmc: using DT '/ocp/interconnect@48000000/segment@100000/target-module@d8000/mmc@0' for 'wp' GPIO lookup
[    2.371451] of_get_named_gpiod_flags: can't parse 'wp-gpios' property of node '/ocp/interconnect@48000000/segment@100000/target-module@d8000/mmc@0[0]'
[    2.371505] of_get_named_gpiod_flags: can't parse 'wp-gpio' property of node '/ocp/interconnect@48000000/segment@100000/target-module@d8000/mmc@0[0]'
[    2.371547] sdhci-omap 481d8000.mmc: using lookup tables for GPIO lookup
[    2.371562] sdhci-omap 481d8000.mmc: No GPIO consumer wp found
[    2.372955] sdhci-omap 48060000.mmc: supply vqmmc not found, using dummy regulator
[    2.382000] sdhci-omap 481d8000.mmc: supply pbias not found, using dummy regulator
[    2.389993] sdhci-omap 481d8000.mmc: supply vqmmc not found, using dummy regulator
[    2.429224] mmc1: SDHCI controller on 481d8000.mmc [481d8000.mmc] using External DMA
[    2.438488] mmc0: SDHCI controller on 48060000.mmc [48060000.mmc] using External DMA
[    2.447321] cpsw-switch 4a100000.switch: starting ndev. mode: dual_mac
[    2.490539] mmc0: new high speed SDHC card at address 5048
[    2.497649] mmcblk0: mmc0:5048 SD16G 14.4 GiB
[    2.505770]  mmcblk0: p1 p2
[    2.509148] mmcblk0: p2 size 31221760 extends beyond EOD, truncated
[    2.522617] SMSC LAN8710/LAN8720 4a101000.mdio:00: attached PHY driver (mii_bus:phy_addr=4a101000.mdio:00, irq=POLL)
[    2.534875] mmc1: new high speed MMC card at address 0001
[    2.541737] mmcblk1: mmc1:0001 MMC04G 3.60 GiB
[    2.554003]  mmcblk1: p1 p2
[    2.558314] mmcblk1boot0: mmc1:0001 MMC04G 2.00 MiB
[    2.565465] mmcblk1boot1: mmc1:0001 MMC04G 2.00 MiB
[    2.572842] mmcblk1rpmb: mmc1:0001 MMC04G 128 KiB, chardev (250:0)
[    5.682100] cpsw-switch 4a100000.switch eth0: Link is Up - 100Mbps/Full - flow control off
[    5.711347] IP-Config: Complete:
[    5.714620]      device=eth0, hwaddr=6c:ec:eb:68:de:78, ipaddr=192.168.255.1, mask=255.255.255.0, gw=255.255.255.255
[    5.725264]      host=bbb1, domain=, nis-domain=(none)
[    5.730434]      bootserver=192.168.255.126, rootserver=192.168.255.126, rootpath=
[    5.730883] clk: Disabling unused clocks
[    5.742748] PM: genpd: Disabling unused power domains
[    5.747869] KTAP version 1
[    5.750593] 1..0
[    5.786819] VFS: Mounted root (nfs filesystem) on device 0:17.
[    5.793980] devtmpfs: mounted
[    5.798648] Freeing unused kernel image (initmem) memory: 1024K
[    5.805603] Run /sbin/init as init process
[    5.809740]   with arguments:
[    5.809754]     /sbin/init
[    5.809764]     nfsrootdebug
[    5.809774]   with environment:
[    5.809783]     HOME=/
[    5.809793]     TERM=linux
[    6.513743] systemd[1]: System time before build time, advancing clock.
[    8.021349] random: crng init done
[    8.063997] systemd[1]: systemd 232 running in system mode. (+PAM +AUDIT +SELINUX +IMA +APPARMOR +SMACK +SYSVINIT +UTMP +LIBCRYPTSETUP +GCRYPT +GNUTLS +ACL +XZ +LZ4 +SECCOMP +BLKID +ELFUTILS +KMOD +IDN)
[    8.083255] systemd[1]: Detected architecture arm.
[    8.114625] systemd[1]: Set hostname to <arm>.
[    9.238311] systemd[1]: Started Dispatch Password Requests to Console Directory Watch.
[    9.271923] systemd[1]: Reached target Remote File Systems.
[    9.303489] systemd[1]: Listening on Journal Socket.
[    9.333175] systemd[1]: Set up automount Arbitrary Executable File Formats File System Automount Point.
[    9.362985] systemd[1]: Created slice System Slice.
[    9.392057] systemd[1]: Listening on udev Kernel Socket.
[    9.452405] systemd[1]: Starting Remount Root and Kernel File Systems...
[   11.645634] systemd-journald[87]: Received request to flush runtime journal from PID 1
[   14.223585] leds-gpio leds: using DT '/leds/led2' for '(default)' GPIO lookup
[   14.223691] of_get_named_gpiod_flags: parsed 'gpios' property of node '/leds/led2[0]' - status (0)
[   14.223750] gpio gpiochip0: Persistence not supported for GPIO 21
[   14.223766] gpio-533 (?): no flags found for GPIO (default)
[   14.293014] leds-gpio leds: using DT '/leds/led3' for '(default)' GPIO lookup
[   14.293347] of_get_named_gpiod_flags: parsed 'gpios' property of node '/leds/led3[0]' - status (0)
[   14.293423] gpio gpiochip0: Persistence not supported for GPIO 22
[   14.293440] gpio-534 (?): no flags found for GPIO (default)
[   14.335411] leds-gpio leds: using DT '/leds/led4' for '(default)' GPIO lookup
[   14.335503] of_get_named_gpiod_flags: parsed 'gpios' property of node '/leds/led4[0]' - status (0)
[   14.335557] gpio gpiochip0: Persistence not supported for GPIO 23
[   14.335573] gpio-535 (?): no flags found for GPIO (default)
[   14.351862] leds-gpio leds: using DT '/leds/led5' for '(default)' GPIO lookup
[   14.351961] of_get_named_gpiod_flags: parsed 'gpios' property of node '/leds/led5[0]' - status (0)
[   14.352015] gpio gpiochip0: Persistence not supported for GPIO 24
[   14.352030] gpio-536 (?): no flags found for GPIO (default)
[   14.682880] remoteproc remoteproc0: wkup_m3 is available
[   14.965786] omap_rtc 44e3e000.rtc: registered as rtc0
[   14.970968] omap_rtc 44e3e000.rtc: setting system clock to 2000-01-01T00:00:00 UTC (946684800)
[   14.979852] omap_rtc 44e3e000.rtc: using DT '/ocp/interconnect@44c00000/segment@200000/target-module@3e000/rtc@0' for 'wp' GPIO lookup
[   14.979930] of_get_named_gpiod_flags: can't parse 'wp-gpios' property of node '/ocp/interconnect@44c00000/segment@200000/target-module@3e000/rtc@0[0]'
[   14.979983] of_get_named_gpiod_flags: can't parse 'wp-gpio' property of node '/ocp/interconnect@44c00000/segment@200000/target-module@3e000/rtc@0[0]'
[   14.980026] omap_rtc 44e3e000.rtc: using lookup tables for GPIO lookup
[   14.980041] omap_rtc 44e3e000.rtc: No GPIO consumer wp found
[   14.993290] omap_wdt: OMAP Watchdog Timer Rev 0x01: initial timeout 60 sec
[   15.070975] at24 2-0054: supply vcc not found, using dummy regulator
[   15.190170] at24 2-0055: supply vcc not found, using dummy regulator
[   15.297842] at24 2-0056: supply vcc not found, using dummy regulator
[   15.403651] at24 2-0057: supply vcc not found, using dummy regulator
[   15.413889] am335x-phy-driver 47401300.usb-phy: using DT '/ocp/target-module@47400000/usb-phy@1300' for 'reset' GPIO lookup
[   15.413984] of_get_named_gpiod_flags: can't parse 'reset-gpios' property of node '/ocp/target-module@47400000/usb-phy@1300[0]'
[   15.414032] of_get_named_gpiod_flags: can't parse 'reset-gpio' property of node '/ocp/target-module@47400000/usb-phy@1300[0]'
[   15.414071] am335x-phy-driver 47401300.usb-phy: using lookup tables for GPIO lookup
[   15.414087] am335x-phy-driver 47401300.usb-phy: No GPIO consumer reset found
[   15.414103] am335x-phy-driver 47401300.usb-phy: using DT '/ocp/target-module@47400000/usb-phy@1300' for 'vbus-detect' GPIO lookup
[   15.414136] of_get_named_gpiod_flags: can't parse 'vbus-detect-gpios' property of node '/ocp/target-module@47400000/usb-phy@1300[0]'
[   15.414171] of_get_named_gpiod_flags: can't parse 'vbus-detect-gpio' property of node '/ocp/target-module@47400000/usb-phy@1300[0]'
[   15.414199] am335x-phy-driver 47401300.usb-phy: using lookup tables for GPIO lookup
[   15.414212] am335x-phy-driver 47401300.usb-phy: No GPIO consumer vbus-detect found
[   15.414361] am335x-phy-driver 47401300.usb-phy: dummy supplies not allowed for exclusive requests (id=vbus)
[   15.482097] usbcore: registered new interface driver usbfs
[   15.487740] usbcore: registered new interface driver hub
[   15.493287] usbcore: registered new device driver usb
[   15.505075] at24 0-0050: using DT '/ocp/interconnect@44c00000/segment@200000/target-module@b000/i2c@0/eeprom@50' for 'wp' GPIO lookup
[   15.505183] of_get_named_gpiod_flags: can't parse 'wp-gpios' property of node '/ocp/interconnect@44c00000/segment@200000/target-module@b000/i2c@0/eeprom@50[0]'
[   15.505245] of_get_named_gpiod_flags: can't parse 'wp-gpio' property of node '/ocp/interconnect@44c00000/segment@200000/target-module@b000/i2c@0/eeprom@50[0]'
[   15.505295] at24 0-0050: using lookup tables for GPIO lookup
[   15.505311] at24 0-0050: No GPIO consumer wp found
[   15.505599] at24 0-0050: 32768 byte 24c256 EEPROM, writable, 1 bytes/write
[   15.663900] am335x-phy-driver 47401b00.usb-phy: using DT '/ocp/target-module@47400000/usb-phy@1b00' for 'reset' GPIO lookup
[   15.664044] of_get_named_gpiod_flags: can't parse 'reset-gpios' property of node '/ocp/target-module@47400000/usb-phy@1b00[0]'
[   15.664145] of_get_named_gpiod_flags: can't parse 'reset-gpio' property of node '/ocp/target-module@47400000/usb-phy@1b00[0]'
[   15.664189] am335x-phy-driver 47401b00.usb-phy: using lookup tables for GPIO lookup
[   15.664244] am335x-phy-driver 47401b00.usb-phy: No GPIO consumer reset found
[   15.664262] am335x-phy-driver 47401b00.usb-phy: using DT '/ocp/target-module@47400000/usb-phy@1b00' for 'vbus-detect' GPIO lookup
[   15.664297] of_get_named_gpiod_flags: can't parse 'vbus-detect-gpios' property of node '/ocp/target-module@47400000/usb-phy@1b00[0]'
[   15.664373] of_get_named_gpiod_flags: can't parse 'vbus-detect-gpio' property of node '/ocp/target-module@47400000/usb-phy@1b00[0]'
[   15.664404] am335x-phy-driver 47401b00.usb-phy: using lookup tables for GPIO lookup
[   15.664417] am335x-phy-driver 47401b00.usb-phy: No GPIO consumer vbus-detect found
[   15.664648] am335x-phy-driver 47401b00.usb-phy: dummy supplies not allowed for exclusive requests (id=vbus)
[   15.817143] tps6521x_pwrbutton tps65217-pwrbutton: DMA mask not set
[   15.931737] input: tps65217_pwrbutton as /devices/platform/ocp/44c00000.interconnect/44c00000.interconnect:segment@200000/44e0b000.target-module/44e0b000.i2c/i2c-0/0-0024/tps65217-pwrbutton/input/input0
[   16.274693] wkup_m3_ipc 44e11324.wkup_m3_ipc: IPC Request for A8->M3 Channel failed! -517
[   16.532283] wkup_m3_ipc 44e11324.wkup_m3_ipc: IPC Request for A8->M3 Channel failed! -517
[   16.649752] musb-hdrc musb-hdrc.1: MUSB HDRC host driver
[   16.655345] musb-hdrc musb-hdrc.1: new USB bus registered, assigned bus number 1
[   16.663833] wkup_m3_ipc 44e11324.wkup_m3_ipc: IPC Request for A8->M3 Channel failed! -517
[   16.889238] tda998x 0-0070: found TDA19988
[   16.930122] usb usb1: New USB device found, idVendor=1d6b, idProduct=0002, bcdDevice= 6.12
[   16.938955] usb usb1: New USB device strings: Mfr=3, Product=2, SerialNumber=1
[   16.946389] usb usb1: Product: MUSB HDRC host driver
[   16.951442] usb usb1: Manufacturer: Linux 6.12.0-rc3-next-20241018 musb-hcd
[   16.958444] usb usb1: SerialNumber: musb-hdrc.1
[   17.066540] wkup_m3_ipc 44e11324.wkup_m3_ipc: IPC Request for A8->M3 Channel failed! -517
[   17.393730] omap-mailbox 480c8000.mailbox: omap mailbox rev 0x400
[   17.448578] hub 1-0:1.0: USB hub found
[   17.491743] remoteproc remoteproc0: powering up wkup_m3
[   17.583322] hub 1-0:1.0: 1 port detected
[   17.739042] remoteproc remoteproc0: Direct firmware load for am335x-pm-firmware.elf failed with error -2
[   17.750303] remoteproc remoteproc0: request_firmware failed: -2
[   17.757879] wkup_m3_ipc 44e11324.wkup_m3_ipc: rproc_boot failed
[   20.383642] omap_rng 48310000.rng: Random Number Generator ver. 20
[   20.530944] tilcdc 4830e000.lcdc: bound 0-0070 (ops tda998x_driver_exit [tda998x])
[   20.635418] [drm] Initialized tilcdc 1.0.0 for 4830e000.lcdc on minor 0
[   20.707351] tilcdc 4830e000.lcdc: [drm] Cannot find any crtc or sizes
[   20.715473] tilcdc 4830e000.lcdc: [drm] Cannot find any crtc or sizes
[   21.323093] PM: Cannot get wkup_m3_ipc handle
[   21.483808] omap-sham 53100000.sham: hw accel on OMAP rev 4.3
[   21.589069] omap-sham 53100000.sham: will run requests pump with realtime priority
[   21.601814] omap-aes 53500000.aes: OMAP AES hw accel rev: 3.2
[   21.628164] PM: Cannot get wkup_m3_ipc handle
[   21.712449] omap-aes 53500000.aes: will run requests pump with realtime priority
[   21.727071] PM: Cannot get wkup_m3_ipc handle
[   23.642637] Bluetooth: Core ver 2.22
[   23.646472] NET: Registered PF_BLUETOOTH protocol family
[   23.651959] Bluetooth: HCI device and connection manager initialized
[   23.658378] Bluetooth: HCI socket layer initialized
[   23.663363] Bluetooth: L2CAP socket layer initialized
[   23.668482] Bluetooth: SCO socket layer initialized
[   25.217276] PM: Cannot get wkup_m3_ipc handle
[   25.223278] asoc-simple-card sound: using DT '/sound' for 'simple-audio-card,hp-det' GPIO lookup
[   25.223352] of_get_named_gpiod_flags: can't parse 'simple-audio-card,hp-det-gpios' property of node '/sound[0]'
[   25.223390] of_get_named_gpiod_flags: can't parse 'simple-audio-card,hp-det-gpio' property of node '/sound[0]'
[   25.223416] asoc-simple-card sound: using lookup tables for GPIO lookup
[   25.223431] asoc-simple-card sound: No GPIO consumer simple-audio-card,hp-det found
[   25.223446] asoc-simple-card sound: using DT '/sound' for 'simple-audio-card,mic-det' GPIO lookup
[   25.223471] of_get_named_gpiod_flags: can't parse 'simple-audio-card,mic-det-gpios' property of node '/sound[0]'
[   25.223499] of_get_named_gpiod_flags: can't parse 'simple-audio-card,mic-det-gpio' property of node '/sound[0]'
[   25.223520] asoc-simple-card sound: using lookup tables for GPIO lookup
[   25.223532] asoc-simple-card sound: No GPIO consumer simple-audio-card,mic-det found
[   25.337798] PM: Cannot get wkup_m3_ipc handle
[   27.997598] userial_init: registered 8 ttyGS* devices
[   28.272404] rndis_register: configNr = 0
[   28.381571] udc musb-hdrc.0: binding gadget driver [g_multi]
[   28.381669] configfs-gadget.g_multi gadget.0: adding 'rndis'/12a17bae to config 'c'/fd900141
[   28.382793] configfs-gadget.g_multi gadget.0: HOST MAC 1c:ba:8c:a2:ed:6c
[   28.389565] configfs-gadget.g_multi gadget.0: MAC 1c:ba:8c:a2:ed:70
[   28.396070] rndis_set_param_medium: 0 0
[   28.396095] configfs-gadget.g_multi gadget.0: RNDIS: IN/ep1in OUT/ep1out NOTIFY/ep2in
[   28.396114] configfs-gadget.g_multi gadget.0: adding 'cdc_ethernet'/8372f54d to config 'c'/fd900141
[   28.396999] configfs-gadget.g_multi gadget.0: HOST MAC 1c:ba:8c:a2:ed:6c
[   28.403849] configfs-gadget.g_multi gadget.0: MAC 1c:ba:8c:a2:ed:6d
[   28.410189] configfs-gadget.g_multi gadget.0: CDC Ethernet: IN/ep3in OUT/ep2out NOTIFY/ep4in
[   28.410208] configfs-gadget.g_multi gadget.0: adding 'acm'/b8fe711c to config 'c'/fd900141
[   28.410256] configfs-gadget.g_multi gadget.0: acm ttyGS0: IN/ep5in OUT/ep3out NOTIFY/ep6in
[   28.411094] PM: Cannot get wkup_m3_ipc handle
[   29.566668] configfs-gadget.g_multi gadget.0: eth_open
[   30.941858] configfs-gadget.g_multi gadget.0: stop stats: rx/tx 0/0, errs 0/0
[   35.085537] gs_open: ttyGS0 (c8ed62fb,0edf09b9)
[   35.085698] gs_close: ttyGS0 (c8ed62fb,0edf09b9) ...
[   35.085724] gs_close: ttyGS0 (c8ed62fb,0edf09b9) done!
[   35.102947] gs_open: ttyGS0 (f232d54f,4a829e2d)
[   35.103088] gs_close: ttyGS0 (f232d54f,4a829e2d) ...
[   35.103112] gs_close: ttyGS0 (f232d54f,4a829e2d) done!
[   35.280471] gs_open: ttyGS0 (7c37c0d0,b8031e15)
[   35.280717] gs_close: ttyGS0 (7c37c0d0,b8031e15) ...
[   35.280747] gs_close: ttyGS0 (7c37c0d0,b8031e15) done!
[   35.284876] gs_open: ttyGS0 (7c37c0d0,b8031e15)
LFANBTOHJF 0
root@arm:~# echo 'AYZU''CSFVTT'
AYZUCSFVTT
root@arm:~# MARKER='VJOC''WLSLHB' run 'modprobe test_linear_ranges'
VJOCWLSLHBVJOCWLSLHB 0
root@arm:~# echo 'UJNX''TJKYWX'
UJNXTJKYWX
root@arm:~# MARKER='NEEJ''LWHGQV' run dmesg
NEEJLWHGQV[    0.000000] Booting Linux on physical CPU 0x0
[    0.000000] Linux version 6.12.0-rc3-next-20241018 (user01@drvtest01) (arm-linux-gnueabihf-gcc (Linaro GCC 6.4-2017.11) 6.4.1 20171012, GNU ld (Linaro_Binutils-2017.11) 2.27.0.20161229) #118 SMP Fri Oct 18 09:27:54 EEST 2024
[    0.000000] CPU: ARMv7 Processor [413fc082] revision 2 (ARMv7), cr=10c5387d
[    0.000000] CPU: PIPT / VIPT nonaliasing data cache, VIPT aliasing instruction cache
[    0.000000] OF: fdt: Machine model: TI AM335x BeagleBone Black
[    0.000000] Memory policy: Data cache writeback
[    0.000000] cma: Reserved 16 MiB at 0x9e800000 on node -1
[    0.000000] Zone ranges:
[    0.000000]   Normal   [mem 0x0000000080000000-0x000000009fdfffff]
[    0.000000]   HighMem  empty
[    0.000000] Movable zone start for each node
[    0.000000] Early memory node ranges
[    0.000000]   node   0: [mem 0x0000000080000000-0x000000009fdfffff]
[    0.000000] Initmem setup node 0 [mem 0x0000000080000000-0x000000009fdfffff]
[    0.000000] OF: reserved mem: Reserved memory: No reserved-memory node in the DT
[    0.000000] CPU: All CPU(s) started in SVC mode.
[    0.000000] AM335X ES2.1 (sgx neon)
[    0.000000] percpu: Embedded 17 pages/cpu s39756 r8192 d21684 u69632
[    0.000000] pcpu-alloc: s39756 r8192 d21684 u69632 alloc=17*4096
[    0.000000] pcpu-alloc: [0] 0 
[    0.000000] Kernel command line: console=ttyO0,115200n8 root=/dev/nfs rw nfsroot=192.168.255.126:/home/user01/nfs,nfsvers=3 ip=192.168.255.1:192.168.255.126::255.255.255.0:bbb1:eth0 nfsrootdebug
[    0.000000] Unknown kernel command line parameters "nfsrootdebug", will be passed to user space.
[    0.000000] printk: log buffer data + meta data: 65536 + 204800 = 270336 bytes
[    0.000000] Dentry cache hash table entries: 65536 (order: 6, 262144 bytes, linear)
[    0.000000] Inode-cache hash table entries: 32768 (order: 5, 131072 bytes, linear)
[    0.000000] Built 1 zonelists, mobility grouping on.  Total pages: 130560
[    0.000000] mem auto-init: stack:off, heap alloc:off, heap free:off
[    0.000000] SLUB: HWalign=64, Order=0-3, MinObjects=0, CPUs=1, Nodes=1
[    0.000000] trace event string verifier disabled
[    0.000000] rcu: Hierarchical RCU implementation.
[    0.000000] rcu: 	RCU event tracing is enabled.
[    0.000000] rcu: 	RCU restricting CPUs from NR_CPUS=2 to nr_cpu_ids=1.
[    0.000000] 	Tracing variant of Tasks RCU enabled.
[    0.000000] rcu: RCU calculated value of scheduler-enlistment delay is 10 jiffies.
[    0.000000] rcu: Adjusting geometry for rcu_fanout_leaf=16, nr_cpu_ids=1
[    0.000000] RCU Tasks Trace: Setting shift to 0 and lim to 1 rcu_task_cb_adjust=1 rcu_task_cpu_ids=1.
[    0.000000] NR_IRQS: 16, nr_irqs: 16, preallocated irqs: 16
[    0.000000] IRQ: Found an INTC at 0x(ptrval) (revision 5.0) with 128 interrupts
[    0.000000] rcu: srcu_init: Setting srcu_struct sizes based on contention.
[    0.000000] TI gptimer clocksource: always-on /ocp/interconnect@44c00000/segment@200000/target-module@31000
[    0.000004] sched_clock: 32 bits at 24MHz, resolution 41ns, wraps every 89478484971ns
[    0.000029] clocksource: dmtimer: mask: 0xffffffff max_cycles: 0xffffffff, max_idle_ns: 79635851949 ns
[    0.000498] TI gptimer clockevent: 24000000 Hz at /ocp/interconnect@48000000/segment@0/target-module@40000
[    0.002129] Console: colour dummy device 80x30
[    0.002198] WARNING: Your 'console=ttyO0' has been replaced by 'ttyS0'
[    0.002206] This ensures that you still see kernel messages. Please
[    0.002212] update your kernel commandline.
[    0.002256] Calibrating delay loop... 996.14 BogoMIPS (lpj=4980736)
[    0.090554] CPU: Testing write buffer coherency: ok
[    0.090670] CPU0: Spectre v2: using BPIALL workaround
[    0.090682] pid_max: default: 32768 minimum: 301
[    0.090810] LSM: initializing lsm=capability
[    0.090989] Mount-cache hash table entries: 1024 (order: 0, 4096 bytes, linear)
[    0.091011] Mountpoint-cache hash table entries: 1024 (order: 0, 4096 bytes, linear)
[    0.092663] CPU0: thread -1, cpu 0, socket -1, mpidr 0
[    0.160936] Setting up static identity map for 0x80100000 - 0x80100078
[    0.170713] rcu: Hierarchical SRCU implementation.
[    0.170725] rcu: 	Max phase no-delay instances is 1000.
[    0.190766] smp: Bringing up secondary CPUs ...
[    0.190823] smp: Brought up 1 node, 1 CPU
[    0.190840] SMP: Total of 1 processors activated (996.14 BogoMIPS).
[    0.190853] CPU: All CPU(s) started in SVC mode.
[    0.191053] Memory: 480868K/522240K available (11264K kernel code, 1208K rwdata, 2888K rodata, 1024K init, 298K bss, 23360K reserved, 16384K cma-reserved, 0K highmem)
[    0.191911] devtmpfs: initialized
[    0.208711] VFP support v0.3: implementor 41 architecture 3 part 30 variant c rev 3
[    0.209058] clocksource: jiffies: mask: 0xffffffff max_cycles: 0xffffffff, max_idle_ns: 19112604462750000 ns
[    0.209092] futex hash table entries: 256 (order: 2, 16384 bytes, linear)
[    0.210397] pinctrl core: initialized pinctrl subsystem
[    0.213417] NET: Registered PF_NETLINK/PF_ROUTE protocol family
[    0.216223] DMA: preallocated 256 KiB pool for atomic coherent allocations
[    0.217124] audit: initializing netlink subsys (disabled)
[    0.218540] thermal_sys: Registered thermal governor 'fair_share'
[    0.218554] thermal_sys: Registered thermal governor 'step_wise'
[    0.218564] thermal_sys: Registered thermal governor 'user_space'
[    0.218713] audit: type=2000 audit(0.210:1): state=initialized audit_enabled=0 res=1
[    0.218750] cpuidle: using governor menu
[    0.237748] No ATAGs?
[    0.237773] hw-breakpoint: debug architecture 0x4 unsupported.
[    0.240480] kprobes: kprobe jump-optimization is enabled. All kprobes are optimized if possible.
[    0.254071] iommu: Default domain type: Translated
[    0.254093] iommu: DMA domain TLB invalidation policy: strict mode
[    0.255767] reg-fixed-voltage fixedregulator0: using DT '/fixedregulator0' for '(default)' GPIO lookup
[    0.255820] of_get_named_gpiod_flags: can't parse 'gpios' property of node '/fixedregulator0[0]'
[    0.255849] of_get_named_gpiod_flags: can't parse 'gpio' property of node '/fixedregulator0[0]'
[    0.255867] reg-fixed-voltage fixedregulator0: using lookup tables for GPIO lookup
[    0.255878] reg-fixed-voltage fixedregulator0: No GPIO consumer (default) found
[    0.261958] SCSI subsystem initialized
[    0.262445] libata version 3.00 loaded.
[    0.262809] pps_core: LinuxPPS API ver. 1 registered
[    0.262821] pps_core: Software ver. 5.3.6 - Copyright 2005-2007 Rodolfo Giometti <giometti@linux.it>
[    0.262846] PTP clock support registered
[    0.270911] vgaarb: loaded
[    0.271325] clocksource: Switched to clocksource dmtimer
[    0.271995] VFS: Disk quotas dquot_6.6.0
[    0.272041] VFS: Dquot-cache hash table entries: 1024 (order 0, 4096 bytes)
[    0.296419] NET: Registered PF_INET protocol family
[    0.296770] IP idents hash table entries: 8192 (order: 4, 65536 bytes, linear)
[    0.298176] tcp_listen_portaddr_hash hash table entries: 512 (order: 0, 4096 bytes, linear)
[    0.298213] Table-perturb hash table entries: 65536 (order: 6, 262144 bytes, linear)
[    0.298236] TCP established hash table entries: 4096 (order: 2, 16384 bytes, linear)
[    0.298280] TCP bind hash table entries: 4096 (order: 4, 65536 bytes, linear)
[    0.298381] TCP: Hash tables configured (established 4096 bind 4096)
[    0.298503] UDP hash table entries: 256 (order: 1, 8192 bytes, linear)
[    0.298532] UDP-Lite hash table entries: 256 (order: 1, 8192 bytes, linear)
[    0.298706] NET: Registered PF_UNIX/PF_LOCAL protocol family
[    0.300004] RPC: Registered named UNIX socket transport module.
[    0.300022] RPC: Registered udp transport module.
[    0.300029] RPC: Registered tcp transport module.
[    0.300034] RPC: Registered tcp-with-tls transport module.
[    0.300041] RPC: Registered tcp NFSv4.1 backchannel transport module.
[    0.300066] PCI: CLS 0 bytes, default 64
[    0.301688] Initialise system trusted keyrings
[    0.312576] workingset: timestamp_bits=14 max_order=17 bucket_order=3
[    0.313915] NFS: Registering the id_resolver key type
[    0.314019] Key type id_resolver registered
[    0.314027] Key type id_legacy registered
[    0.314077] jffs2: version 2.2. (NAND) (SUMMARY)  Â© 2001-2006 Red Hat, Inc.
[    0.314480] Key type asymmetric registered
[    0.314494] Asymmetric key parser 'x509' registered
[    0.314559] io scheduler mq-deadline registered
[    0.314571] io scheduler kyber registered
[    0.314641] io scheduler bfq registered
[    0.316276] ledtrig-cpu: registered to indicate activity on CPUs
[    0.322311] Serial: 8250/16550 driver, 6 ports, IRQ sharing enabled
[    0.372035] brd: module loaded
[    0.392203] loop: module loaded
[    0.393148] mtdoops: mtd device (mtddev=name/number) must be supplied
[    0.394901] mdio_bus fixed-0: using lookup tables for GPIO lookup
[    0.394928] mdio_bus fixed-0: No GPIO consumer reset found
[    0.396329] i2c_dev: i2c /dev entries driver
[    0.397309] cpuidle: enable-method property 'ti,am3352' found operations
[    0.397751] sdhci: Secure Digital Host Controller Interface driver
[    0.397762] sdhci: Copyright(c) Pierre Ossman
[    0.397939] sdhci-pltfm: SDHCI platform and OF driver helper
[    0.398947] Initializing XFRM netlink socket
[    0.399100] NET: Registered PF_INET6 protocol family
[    0.409138] Segment Routing with IPv6
[    0.409232] In-situ OAM (IOAM) with IPv6
[    0.409330] sit: IPv6, IPv4 and MPLS over IPv4 tunneling driver
[    0.410280] NET: Registered PF_PACKET protocol family
[    0.410318] NET: Registered PF_KEY protocol family
[    0.410446] Key type dns_resolver registered
[    0.410719] ThumbEE CPU extension supported.
[    0.410740] Registering SWP/SWPB emulation handler
[    0.411270] omap_voltage_late_init: Voltage driver support not added
[    0.411777] SmartReflex Class3 initialized
[    0.437742] Loading compiled-in X.509 certificates
[    0.493143] gpiochip_find_base_unlocked: found new base at 512
[    0.513100] platform 44e10800.pinmux: Fixed dependency cycle(s) with /ocp/interconnect@44c00000/segment@200000/target-module@10000/scm@0/pinmux@800/clkout2-pins
[    0.513651] pinctrl-single 44e10800.pinmux: 142 pins, size 568
[    0.518801] ti-sysc 44e31000.target-module: probe with driver ti-sysc failed with error -16
[    0.555471] ti-sysc 48040000.target-module: probe with driver ti-sysc failed with error -16
[    0.566475] gpiochip_find_base_unlocked: found new base at 512
[    0.566580] gpio gpiochip0: (gpio-0-31): created GPIO range 0->7 ==> 44e10800.pinmux PIN 0->7
[    0.566601] gpio gpiochip0: (gpio-0-31): created GPIO range 8->11 ==> 44e10800.pinmux PIN 90->93
[    0.566617] gpio gpiochip0: (gpio-0-31): created GPIO range 12->27 ==> 44e10800.pinmux PIN 12->27
[    0.566632] gpio gpiochip0: (gpio-0-31): created GPIO range 28->31 ==> 44e10800.pinmux PIN 30->33
[    0.603652] gpio gpiochip0: (gpio-0-31): added GPIO chardev (254:0)
[    0.603825] gpio gpiochip0: registered GPIOs 512 to 543 on gpio-0-31
[    0.603908] OMAP GPIO hardware version 0.1
[    0.631535] i2c i2c-2: using DT '/ocp/interconnect@48000000/segment@100000/target-module@9c000/i2c@0' for 'scl' GPIO lookup
[    0.631613] of_get_named_gpiod_flags: can't parse 'scl-gpios' property of node '/ocp/interconnect@48000000/segment@100000/target-module@9c000/i2c@0[0]'
[    0.631660] of_get_named_gpiod_flags: can't parse 'scl-gpio' property of node '/ocp/interconnect@48000000/segment@100000/target-module@9c000/i2c@0[0]'
[    0.631697] i2c i2c-2: using lookup tables for GPIO lookup
[    0.631708] i2c i2c-2: No GPIO consumer scl found
[    0.631730] i2c i2c-2: using DT '/ocp/interconnect@48000000/segment@100000/target-module@9c000/i2c@0' for 'sda' GPIO lookup
[    0.631766] of_get_named_gpiod_flags: can't parse 'sda-gpios' property of node '/ocp/interconnect@48000000/segment@100000/target-module@9c000/i2c@0[0]'
[    0.631806] of_get_named_gpiod_flags: can't parse 'sda-gpio' property of node '/ocp/interconnect@48000000/segment@100000/target-module@9c000/i2c@0[0]'
[    0.631839] i2c i2c-2: using lookup tables for GPIO lookup
[    0.631847] i2c i2c-2: No GPIO consumer sda found
[    0.632570] omap_i2c 4819c000.i2c: bus 2 rev0.11 at 100 kHz
[    0.637935] gpiochip_find_base_unlocked: found new base at 544
[    0.638040] gpio gpiochip1: (gpio-32-63): created GPIO range 0->17 ==> 44e10800.pinmux PIN 34->51
[    0.638060] gpio gpiochip1: (gpio-32-63): created GPIO range 18->21 ==> 44e10800.pinmux PIN 77->80
[    0.638077] gpio gpiochip1: (gpio-32-63): created GPIO range 22->31 ==> 44e10800.pinmux PIN 56->65
[    0.648854] gpio gpiochip1: (gpio-32-63): added GPIO chardev (254:1)
[    0.649027] gpio gpiochip1: registered GPIOs 544 to 575 on gpio-32-63
[    0.651170] gpiochip_find_base_unlocked: found new base at 576
[    0.651261] gpio gpiochip2: (gpio-64-95): created GPIO range 0->4 ==> 44e10800.pinmux PIN 66->70
[    0.651281] gpio gpiochip2: (gpio-64-95): created GPIO range 5->6 ==> 44e10800.pinmux PIN 98->99
[    0.651474] gpio gpiochip2: (gpio-64-95): created GPIO range 7->8 ==> 44e10800.pinmux PIN 75->76
[    0.651497] gpio gpiochip2: (gpio-64-95): created GPIO range 13->13 ==> 44e10800.pinmux PIN 141->141
[    0.651515] gpio gpiochip2: (gpio-64-95): created GPIO range 14->21 ==> 44e10800.pinmux PIN 100->107
[    0.652187] gpio gpiochip2: (gpio-64-95): added GPIO chardev (254:2)
[    0.652320] gpio gpiochip2: registered GPIOs 576 to 607 on gpio-64-95
[    0.657705] 48000000.interconnect:segment@200000:target-module@0:mpu@0:fck: device ID is greater than 24
[    0.662053] platform 4830e000.lcdc: Fixed dependency cycle(s) with /ocp/interconnect@44c00000/segment@200000/target-module@b000/i2c@0/tda19988@70
[    0.671258] mdio_bus 4a101000.mdio: using DT '/ocp/interconnect@4a000000/segment@0/target-module@100000/switch@0/mdio@1000' for 'reset' GPIO lookup
[    0.671538] of_get_named_gpiod_flags: can't parse 'reset-gpios' property of node '/ocp/interconnect@4a000000/segment@0/target-module@100000/switch@0/mdio@1000[0]'
[    0.671596] of_get_named_gpiod_flags: can't parse 'reset-gpio' property of node '/ocp/interconnect@4a000000/segment@0/target-module@100000/switch@0/mdio@1000[0]'
[    0.671649] mdio_bus 4a101000.mdio: using lookup tables for GPIO lookup
[    0.671659] mdio_bus 4a101000.mdio: No GPIO consumer reset found
[    0.672840] sdhci-omap 481d8000.mmc: using DT '/ocp/interconnect@48000000/segment@100000/target-module@d8000/mmc@0' for 'wp' GPIO lookup
[    0.672917] of_get_named_gpiod_flags: can't parse 'wp-gpios' property of node '/ocp/interconnect@48000000/segment@100000/target-module@d8000/mmc@0[0]'
[    0.672963] of_get_named_gpiod_flags: can't parse 'wp-gpio' property of node '/ocp/interconnect@48000000/segment@100000/target-module@d8000/mmc@0[0]'
[    0.672999] sdhci-omap 481d8000.mmc: using lookup tables for GPIO lookup
[    0.673009] sdhci-omap 481d8000.mmc: No GPIO consumer wp found
[    0.673209] sdhci-omap 481d8000.mmc: supply pbias not found, using dummy regulator
[    0.673716] sdhci-omap 481d8000.mmc: supply vqmmc not found, using dummy regulator
[    0.725714] davinci_mdio 4a101000.mdio: davinci mdio revision 1.6, bus freq 1000000
[    0.743117] mdio_bus 4a101000.mdio:00: using DT '/ocp/interconnect@4a000000/segment@0/target-module@100000/switch@0/mdio@1000/ethernet-phy@0' for 'reset' GPIO lookup
[    0.743222] of_get_named_gpiod_flags: parsed 'reset-gpios' property of node '/ocp/interconnect@4a000000/segment@0/target-module@100000/switch@0/mdio@1000/ethernet-phy@0[0]' - status (0)
[    0.743386] gpio gpiochip0: Persistence not supported for GPIO 8
[    0.836991] davinci_mdio 4a101000.mdio: phy[0]: device 4a101000.mdio:00, driver SMSC LAN8710/LAN8720
[    0.837806] cpsw-switch 4a100000.switch: initialized cpsw ale version 1.4
[    0.837830] cpsw-switch 4a100000.switch: ALE Table size 1024, Policers 0
[    0.838152] cpsw-switch 4a100000.switch: cpts: overflow check period 500 (jiffies)
[    0.838173] cpsw-switch 4a100000.switch: CPTS: ref_clk_freq:250000000 calc_mult:2147483648 calc_shift:29 error:0 nsec/sec
[    0.838281] cpsw-switch 4a100000.switch: Detected MACID = 6c:ec:eb:68:de:78
[    0.840113] cpsw-switch 4a100000.switch: initialized (regs 0x4a100000, pool size 256) hw_ver:0019010C 1.12 (0)
[    0.851163] debugfs: Directory '49000000.dma' with parent 'dmaengine' already present!
[    0.851203] edma 49000000.dma: TI EDMA DMA engine driver
[    0.891122] target-module@4b000000:target-module@140000:pmu@0:fck: device ID is greater than 24
[    0.910016] hw perfevents: enabled with armv7_cortex_a8 PMU driver, 5 (8000000f) counters available
[    0.910909] gpio-clk clk_mcasp0: using DT '/clk_mcasp0' for 'enable' GPIO lookup
[    0.910981] of_get_named_gpiod_flags: parsed 'enable-gpios' property of node '/clk_mcasp0[0]' - status (0)
[    0.911026] gpio gpiochip0: Persistence not supported for GPIO 27
[    0.912056] gpiochip_find_base_unlocked: found new base at 608
[    0.912190] gpio gpiochip3: (gpio-96-127): created GPIO range 0->7 ==> 44e10800.pinmux PIN 82->89
[    0.912211] gpio gpiochip3: (gpio-96-127): created GPIO range 8->11 ==> 44e10800.pinmux PIN 52->55
[    0.912226] gpio gpiochip3: (gpio-96-127): created GPIO range 12->15 ==> 44e10800.pinmux PIN 94->97
[    0.912242] gpio gpiochip3: (gpio-96-127): created GPIO range 16->17 ==> 44e10800.pinmux PIN 71->72
[    0.912258] gpio gpiochip3: (gpio-96-127): created GPIO range 18->18 ==> 44e10800.pinmux PIN 135->135
[    0.912274] gpio gpiochip3: (gpio-96-127): created GPIO range 19->20 ==> 44e10800.pinmux PIN 108->109
[    0.912290] gpio gpiochip3: (gpio-96-127): created GPIO range 21->21 ==> 44e10800.pinmux PIN 73->73
[    0.912307] gpio gpiochip3: (gpio-96-127): created GPIO range 22->23 ==> 44e10800.pinmux PIN 8->9
[    0.912325] gpio gpiochip3: (gpio-96-127): created GPIO range 26->27 ==> 44e10800.pinmux PIN 10->11
[    0.912343] gpio gpiochip3: (gpio-96-127): created GPIO range 28->28 ==> 44e10800.pinmux PIN 74->74
[    0.912361] gpio gpiochip3: (gpio-96-127): created GPIO range 29->29 ==> 44e10800.pinmux PIN 81->81
[    0.912380] gpio gpiochip3: (gpio-96-127): created GPIO range 30->31 ==> 44e10800.pinmux PIN 28->29
[    0.918016] l3-aon-clkctrl:0000:0: failed to disable
[    0.918380] gpio gpiochip3: (gpio-96-127): added GPIO chardev (254:3)
[    0.918521] gpio gpiochip3: registered GPIOs 608 to 639 on gpio-96-127
[    0.920376] omap8250 44e09000.serial: using DT '/ocp/interconnect@44c00000/segment@200000/target-module@9000/serial@0' for 'rs485-term' GPIO lookup
[    0.920446] of_get_named_gpiod_flags: can't parse 'rs485-term-gpios' property of node '/ocp/interconnect@44c00000/segment@200000/target-module@9000/serial@0[0]'
[    0.920493] of_get_named_gpiod_flags: can't parse 'rs485-term-gpio' property of node '/ocp/interconnect@44c00000/segment@200000/target-module@9000/serial@0[0]'
[    0.920531] omap8250 44e09000.serial: using lookup tables for GPIO lookup
[    0.920541] omap8250 44e09000.serial: No GPIO consumer rs485-term found
[    0.920552] omap8250 44e09000.serial: using DT '/ocp/interconnect@44c00000/segment@200000/target-module@9000/serial@0' for 'rs485-rx-during-tx' GPIO lookup
[    0.920589] of_get_named_gpiod_flags: can't parse 'rs485-rx-during-tx-gpios' property of node '/ocp/interconnect@44c00000/segment@200000/target-module@9000/serial@0[0]'
[    0.920628] of_get_named_gpiod_flags: can't parse 'rs485-rx-during-tx-gpio' property of node '/ocp/interconnect@44c00000/segment@200000/target-module@9000/serial@0[0]'
[    0.920662] omap8250 44e09000.serial: using lookup tables for GPIO lookup
[    0.920671] omap8250 44e09000.serial: No GPIO consumer rs485-rx-during-tx found
[    0.921098] 44e09000.serial: ttyS0 at MMIO 0x44e09000 (irq = 34, base_baud = 3000000) is a 8250
[    0.921187] printk: legacy console [ttyS0] enabled
[    2.278909] i2c i2c-0: using DT '/ocp/interconnect@44c00000/segment@200000/target-module@b000/i2c@0' for 'scl' GPIO lookup
[    2.279000] of_get_named_gpiod_flags: can't parse 'scl-gpios' property of node '/ocp/interconnect@44c00000/segment@200000/target-module@b000/i2c@0[0]'
[    2.279052] of_get_named_gpiod_flags: can't parse 'scl-gpio' property of node '/ocp/interconnect@44c00000/segment@200000/target-module@b000/i2c@0[0]'
[    2.279094] i2c i2c-0: using lookup tables for GPIO lookup
[    2.279108] i2c i2c-0: No GPIO consumer scl found
[    2.279135] i2c i2c-0: using DT '/ocp/interconnect@44c00000/segment@200000/target-module@b000/i2c@0' for 'sda' GPIO lookup
[    2.279176] of_get_named_gpiod_flags: can't parse 'sda-gpios' property of node '/ocp/interconnect@44c00000/segment@200000/target-module@b000/i2c@0[0]'
[    2.279219] of_get_named_gpiod_flags: can't parse 'sda-gpio' property of node '/ocp/interconnect@44c00000/segment@200000/target-module@b000/i2c@0[0]'
[    2.279257] i2c i2c-0: using lookup tables for GPIO lookup
[    2.279269] i2c i2c-0: No GPIO consumer sda found
[    2.292336] tps65217-pmic: Failed to locate of_node [id: -1]
[    2.298418] tps65217-bl: Failed to locate of_node [id: -1]
[    2.309838] tps65217 0-0024: TPS65217 ID 0xe version 1.2
[    2.315981] platform 4830e000.lcdc: Fixed dependency cycle(s) with /ocp/interconnect@44c00000/segment@200000/target-module@b000/i2c@0/tda19988@70
[    2.329416] i2c 0-0070: Fixed dependency cycle(s) with /ocp/interconnect@48000000/segment@300000/target-module@e000/lcdc@0
[    2.340829] omap_i2c 44e0b000.i2c: bus 0 rev0.11 at 400 kHz
[    2.348462] sdhci-omap 48060000.mmc: using DT '/ocp/interconnect@48000000/segment@0/target-module@60000/mmc@0' for 'cd' GPIO lookup
[    2.348571] of_get_named_gpiod_flags: parsed 'cd-gpios' property of node '/ocp/interconnect@48000000/segment@0/target-module@60000/mmc@0[0]' - status (0)
[    2.348641] gpio gpiochip3: Persistence not supported for GPIO 6
[    2.348667] omap_gpio 44e07000.gpio: Could not set line 6 debounce to 200000 microseconds (-22)
[    2.357556] sdhci-omap 48060000.mmc: Got CD GPIO
[    2.362238] sdhci-omap 48060000.mmc: using DT '/ocp/interconnect@48000000/segment@0/target-module@60000/mmc@0' for 'wp' GPIO lookup
[    2.362287] of_get_named_gpiod_flags: can't parse 'wp-gpios' property of node '/ocp/interconnect@48000000/segment@0/target-module@60000/mmc@0[0]'
[    2.362332] of_get_named_gpiod_flags: can't parse 'wp-gpio' property of node '/ocp/interconnect@48000000/segment@0/target-module@60000/mmc@0[0]'
[    2.362373] sdhci-omap 48060000.mmc: using lookup tables for GPIO lookup
[    2.362388] sdhci-omap 48060000.mmc: No GPIO consumer wp found
[    2.362600] sdhci-omap 48060000.mmc: supply pbias not found, using dummy regulator
[    2.371271] sdhci-omap 481d8000.mmc: using DT '/ocp/interconnect@48000000/segment@100000/target-module@d8000/mmc@0' for 'wp' GPIO lookup
[    2.371451] of_get_named_gpiod_flags: can't parse 'wp-gpios' property of node '/ocp/interconnect@48000000/segment@100000/target-module@d8000/mmc@0[0]'
[    2.371505] of_get_named_gpiod_flags: can't parse 'wp-gpio' property of node '/ocp/interconnect@48000000/segment@100000/target-module@d8000/mmc@0[0]'
[    2.371547] sdhci-omap 481d8000.mmc: using lookup tables for GPIO lookup
[    2.371562] sdhci-omap 481d8000.mmc: No GPIO consumer wp found
[    2.372955] sdhci-omap 48060000.mmc: supply vqmmc not found, using dummy regulator
[    2.382000] sdhci-omap 481d8000.mmc: supply pbias not found, using dummy regulator
[    2.389993] sdhci-omap 481d8000.mmc: supply vqmmc not found, using dummy regulator
[    2.429224] mmc1: SDHCI controller on 481d8000.mmc [481d8000.mmc] using External DMA
[    2.438488] mmc0: SDHCI controller on 48060000.mmc [48060000.mmc] using External DMA
[    2.447321] cpsw-switch 4a100000.switch: starting ndev. mode: dual_mac
[    2.490539] mmc0: new high speed SDHC card at address 5048
[    2.497649] mmcblk0: mmc0:5048 SD16G 14.4 GiB
[    2.505770]  mmcblk0: p1 p2
[    2.509148] mmcblk0: p2 size 31221760 extends beyond EOD, truncated
[    2.522617] SMSC LAN8710/LAN8720 4a101000.mdio:00: attached PHY driver (mii_bus:phy_addr=4a101000.mdio:00, irq=POLL)
[    2.534875] mmc1: new high speed MMC card at address 0001
[    2.541737] mmcblk1: mmc1:0001 MMC04G 3.60 GiB
[    2.554003]  mmcblk1: p1 p2
[    2.558314] mmcblk1boot0: mmc1:0001 MMC04G 2.00 MiB
[    2.565465] mmcblk1boot1: mmc1:0001 MMC04G 2.00 MiB
[    2.572842] mmcblk1rpmb: mmc1:0001 MMC04G 128 KiB, chardev (250:0)
[    5.682100] cpsw-switch 4a100000.switch eth0: Link is Up - 100Mbps/Full - flow control off
[    5.711347] IP-Config: Complete:
[    5.714620]      device=eth0, hwaddr=6c:ec:eb:68:de:78, ipaddr=192.168.255.1, mask=255.255.255.0, gw=255.255.255.255
[    5.725264]      host=bbb1, domain=, nis-domain=(none)
[    5.730434]      bootserver=192.168.255.126, rootserver=192.168.255.126, rootpath=
[    5.730883] clk: Disabling unused clocks
[    5.742748] PM: genpd: Disabling unused power domains
[    5.747869] KTAP version 1
[    5.750593] 1..0
[    5.786819] VFS: Mounted root (nfs filesystem) on device 0:17.
[    5.793980] devtmpfs: mounted
[    5.798648] Freeing unused kernel image (initmem) memory: 1024K
[    5.805603] Run /sbin/init as init process
[    5.809740]   with arguments:
[    5.809754]     /sbin/init
[    5.809764]     nfsrootdebug
[    5.809774]   with environment:
[    5.809783]     HOME=/
[    5.809793]     TERM=linux
[    6.513743] systemd[1]: System time before build time, advancing clock.
[    8.021349] random: crng init done
[    8.063997] systemd[1]: systemd 232 running in system mode. (+PAM +AUDIT +SELINUX +IMA +APPARMOR +SMACK +SYSVINIT +UTMP +LIBCRYPTSETUP +GCRYPT +GNUTLS +ACL +XZ +LZ4 +SECCOMP +BLKID +ELFUTILS +KMOD +IDN)
[    8.083255] systemd[1]: Detected architecture arm.
[    8.114625] systemd[1]: Set hostname to <arm>.
[    9.238311] systemd[1]: Started Dispatch Password Requests to Console Directory Watch.
[    9.271923] systemd[1]: Reached target Remote File Systems.
[    9.303489] systemd[1]: Listening on Journal Socket.
[    9.333175] systemd[1]: Set up automount Arbitrary Executable File Formats File System Automount Point.
[    9.362985] systemd[1]: Created slice System Slice.
[    9.392057] systemd[1]: Listening on udev Kernel Socket.
[    9.452405] systemd[1]: Starting Remount Root and Kernel File Systems...
[   11.645634] systemd-journald[87]: Received request to flush runtime journal from PID 1
[   14.223585] leds-gpio leds: using DT '/leds/led2' for '(default)' GPIO lookup
[   14.223691] of_get_named_gpiod_flags: parsed 'gpios' property of node '/leds/led2[0]' - status (0)
[   14.223750] gpio gpiochip0: Persistence not supported for GPIO 21
[   14.223766] gpio-533 (?): no flags found for GPIO (default)
[   14.293014] leds-gpio leds: using DT '/leds/led3' for '(default)' GPIO lookup
[   14.293347] of_get_named_gpiod_flags: parsed 'gpios' property of node '/leds/led3[0]' - status (0)
[   14.293423] gpio gpiochip0: Persistence not supported for GPIO 22
[   14.293440] gpio-534 (?): no flags found for GPIO (default)
[   14.335411] leds-gpio leds: using DT '/leds/led4' for '(default)' GPIO lookup
[   14.335503] of_get_named_gpiod_flags: parsed 'gpios' property of node '/leds/led4[0]' - status (0)
[   14.335557] gpio gpiochip0: Persistence not supported for GPIO 23
[   14.335573] gpio-535 (?): no flags found for GPIO (default)
[   14.351862] leds-gpio leds: using DT '/leds/led5' for '(default)' GPIO lookup
[   14.351961] of_get_named_gpiod_flags: parsed 'gpios' property of node '/leds/led5[0]' - status (0)
[   14.352015] gpio gpiochip0: Persistence not supported for GPIO 24
[   14.352030] gpio-536 (?): no flags found for GPIO (default)
[   14.682880] remoteproc remoteproc0: wkup_m3 is available
[   14.965786] omap_rtc 44e3e000.rtc: registered as rtc0
[   14.970968] omap_rtc 44e3e000.rtc: setting system clock to 2000-01-01T00:00:00 UTC (946684800)
[   14.979852] omap_rtc 44e3e000.rtc: using DT '/ocp/interconnect@44c00000/segment@200000/target-module@3e000/rtc@0' for 'wp' GPIO lookup
[   14.979930] of_get_named_gpiod_flags: can't parse 'wp-gpios' property of node '/ocp/interconnect@44c00000/segment@200000/target-module@3e000/rtc@0[0]'
[   14.979983] of_get_named_gpiod_flags: can't parse 'wp-gpio' property of node '/ocp/interconnect@44c00000/segment@200000/target-module@3e000/rtc@0[0]'
[   14.980026] omap_rtc 44e3e000.rtc: using lookup tables for GPIO lookup
[   14.980041] omap_rtc 44e3e000.rtc: No GPIO consumer wp found
[   14.993290] omap_wdt: OMAP Watchdog Timer Rev 0x01: initial timeout 60 sec
[   15.070975] at24 2-0054: supply vcc not found, using dummy regulator
[   15.190170] at24 2-0055: supply vcc not found, using dummy regulator
[   15.297842] at24 2-0056: supply vcc not found, using dummy regulator
[   15.403651] at24 2-0057: supply vcc not found, using dummy regulator
[   15.413889] am335x-phy-driver 47401300.usb-phy: using DT '/ocp/target-module@47400000/usb-phy@1300' for 'reset' GPIO lookup
[   15.413984] of_get_named_gpiod_flags: can't parse 'reset-gpios' property of node '/ocp/target-module@47400000/usb-phy@1300[0]'
[   15.414032] of_get_named_gpiod_flags: can't parse 'reset-gpio' property of node '/ocp/target-module@47400000/usb-phy@1300[0]'
[   15.414071] am335x-phy-driver 47401300.usb-phy: using lookup tables for GPIO lookup
[   15.414087] am335x-phy-driver 47401300.usb-phy: No GPIO consumer reset found
[   15.414103] am335x-phy-driver 47401300.usb-phy: using DT '/ocp/target-module@47400000/usb-phy@1300' for 'vbus-detect' GPIO lookup
[   15.414136] of_get_named_gpiod_flags: can't parse 'vbus-detect-gpios' property of node '/ocp/target-module@47400000/usb-phy@1300[0]'
[   15.414171] of_get_named_gpiod_flags: can't parse 'vbus-detect-gpio' property of node '/ocp/target-module@47400000/usb-phy@1300[0]'
[   15.414199] am335x-phy-driver 47401300.usb-phy: using lookup tables for GPIO lookup
[   15.414212] am335x-phy-driver 47401300.usb-phy: No GPIO consumer vbus-detect found
[   15.414361] am335x-phy-driver 47401300.usb-phy: dummy supplies not allowed for exclusive requests (id=vbus)
[   15.482097] usbcore: registered new interface driver usbfs
[   15.487740] usbcore: registered new interface driver hub
[   15.493287] usbcore: registered new device driver usb
[   15.505075] at24 0-0050: using DT '/ocp/interconnect@44c00000/segment@200000/target-module@b000/i2c@0/eeprom@50' for 'wp' GPIO lookup
[   15.505183] of_get_named_gpiod_flags: can't parse 'wp-gpios' property of node '/ocp/interconnect@44c00000/segment@200000/target-module@b000/i2c@0/eeprom@50[0]'
[   15.505245] of_get_named_gpiod_flags: can't parse 'wp-gpio' property of node '/ocp/interconnect@44c00000/segment@200000/target-module@b000/i2c@0/eeprom@50[0]'
[   15.505295] at24 0-0050: using lookup tables for GPIO lookup
[   15.505311] at24 0-0050: No GPIO consumer wp found
[   15.505599] at24 0-0050: 32768 byte 24c256 EEPROM, writable, 1 bytes/write
[   15.663900] am335x-phy-driver 47401b00.usb-phy: using DT '/ocp/target-module@47400000/usb-phy@1b00' for 'reset' GPIO lookup
[   15.664044] of_get_named_gpiod_flags: can't parse 'reset-gpios' property of node '/ocp/target-module@47400000/usb-phy@1b00[0]'
[   15.664145] of_get_named_gpiod_flags: can't parse 'reset-gpio' property of node '/ocp/target-module@47400000/usb-phy@1b00[0]'
[   15.664189] am335x-phy-driver 47401b00.usb-phy: using lookup tables for GPIO lookup
[   15.664244] am335x-phy-driver 47401b00.usb-phy: No GPIO consumer reset found
[   15.664262] am335x-phy-driver 47401b00.usb-phy: using DT '/ocp/target-module@47400000/usb-phy@1b00' for 'vbus-detect' GPIO lookup
[   15.664297] of_get_named_gpiod_flags: can't parse 'vbus-detect-gpios' property of node '/ocp/target-module@47400000/usb-phy@1b00[0]'
