Labgrid Console Logfile for main
Logfile started at 2025-08-18 08:09:14.030094
=== Log starts here ===
reading args
spl_load_image_fat_os: error reading image args, err - -1
reading u-boot.img
reading u-boot.img


U-Boot 2014.04-00014-g47880f5 (Apr 22 2014 - 13:23:54)

I2C:   ready
DRAM:  512 MiB
NAND:  0 MiB
MMC:   OMAP SD/MMC: 0, OMAP SD/MMC: 1
*** Warning - readenv() failed, using default environment

Net:   <ethaddr> not set. Validating first E-fuse MAC
cpsw, usb_ether
Hit any key to stop autoboot:  1  0 
gpio: pin 53 (gpio 53) value is 1
mmc0 is current device
gpio: pin 54 (gpio 54) value is 1
SD/MMC found on device 0
reading uEnv.txt
569 bytes read in 4 ms (138.7 KiB/s)
gpio: pin 55 (gpio 55) value is 1
Loaded environment from uEnv.txt
Importing environment from mmc ...
Checking if uenvcmd is set ...
gpio: pin 56 (gpio 56) value is 1
Running uenvcmd ...
cpsw Waiting for PHY auto negotiation to complete. done
link up on port 0, speed 100, full duplex
Using cpsw device
TFTP from server 192.168.255.126; our IP address is 192.168.255.1
Filename 'zImage'.
Load address: 0x81000000
Loading: *T #################################################################
	 #################################################################
	 #################################################################
	 #################################################################
	 #################################################################
	 ############################################################
	 762.7 KiB/s
done
Bytes transferred = 5649112 (5632d8 hex)
link up on port 0, speed 100, full duplex
Using cpsw device
TFTP from server 192.168.255.126; our IP address is 192.168.255.1
Filename 'am335x-boneblack.dtb'.
Load address: 0x82000000
Loading: *#######
	 2.4 MiB/s
done
Bytes transferred = 98244 (17fc4 hex)
Kernel image @ 0x81000000 [ 0x000000 - 0x5632d8 ]
## Flattened Device Tree blob at 82000000
   Booting using the fdt blob at 0x82000000
   Using Device Tree in place at 82000000, end 8201afc3

Starting kernel ...

[    0.000000] Booting Linux on physical CPU 0x0
[    0.000000] Linux version 6.17.0-rc2-next-20250818 (user01@drvtest01) (arm-none-eabi-gcc (Arm GNU Toolchain 14.2.Rel1 (Build arm-14.52)) 14.2.1 20241119, GNU ld (Arm GNU Toolchain 14.2.Rel1 (Build arm-14.52)) 2.43.1.20241119) #1 SMP Mon Aug 18 08:02:37 EEST 2025
[    0.000000] CPU: ARMv7 Processor [413fc082] revision 2 (ARMv7), cr=10c5387d
[    0.000000] CPU: PIPT / VIPT nonaliasing data cache, VIPT aliasing instruction cache
[    0.000000] OF: fdt: Machine model: TI AM335x BeagleBone Black
[    0.000000] Memory policy: Data cache writeback
[    0.000000] cma: Reserved 16 MiB at 0x9e800000
[    0.000000] Zone ranges:
[    0.000000]   Normal   [mem 0x0000000080000000-0x000000009fdfffff]
[    0.000000]   HighMem  empty
[    0.000000] Movable zone start for each node
[    0.000000] Early memory node ranges
[    0.000000]   node   0: [mem 0x0000000080000000-0x000000009fdfffff]
[    0.000000] Initmem setup node 0 [mem 0x0000000080000000-0x000000009fdfffff]
[    0.000000] On node 0, zone Normal: 512 pages in unavailable ranges
[    0.000000] OF: reserved mem: Reserved memory: No reserved-memory node in the DT
[    0.000000] CPU: All CPU(s) started in SVC mode.
[    0.000000] AM335X ES2.1 (sgx neon)
[    0.000000] percpu: Embedded 17 pages/cpu s39820 r8192 d21620 u69632
[    0.000000] Kernel command line: console=ttyO0,115200n8 root=/dev/nfs rw nfsroot=192.168.255.126:/home/user01/nfs,nfsvers=3 ip=192.168.255.1:192.168.255.126::255.255.255.0:bbb1:eth0 nfsrootdebug
[    0.000000] Unknown kernel command line parameters "nfsrootdebug", will be passed to user space.
[    0.000000] printk: log buffer data + meta data: 65536 + 204800 = 270336 bytes
[    0.000000] Dentry cache hash table entries: 65536 (order: 6, 262144 bytes, linear)
[    0.000000] Inode-cache hash table entries: 32768 (order: 5, 131072 bytes, linear)
[    0.000000] Built 1 zonelists, mobility grouping on.  Total pages: 130560
[    0.000000] mem auto-init: stack:off, heap alloc:off, heap free:off
[    0.000000] SLUB: HWalign=16, Order=0-3, MinObjects=0, CPUs=1, Nodes=1
[    0.000000] rcu: Hierarchical RCU implementation.
[    0.000000] rcu: 	RCU event tracing is enabled.
[    0.000000] rcu: 	RCU restricting CPUs from NR_CPUS=2 to nr_cpu_ids=1.
[    0.000000] 	Tracing variant of Tasks RCU enabled.
[    0.000000] rcu: RCU calculated value of scheduler-enlistment delay is 10 jiffies.
[    0.000000] rcu: Adjusting geometry for rcu_fanout_leaf=16, nr_cpu_ids=1
[    0.000000] RCU Tasks Trace: Setting shift to 0 and lim to 1 rcu_task_cb_adjust=1 rcu_task_cpu_ids=1.
[    0.000000] NR_IRQS: 16, nr_irqs: 16, preallocated irqs: 16
[    0.000000] IRQ: Found an INTC at 0x(ptrval) (revision 5.0) with 128 interrupts
[    0.000000] rcu: srcu_init: Setting srcu_struct sizes based on contention.
[    0.000000] TI gptimer clocksource: always-on /ocp/interconnect@44c00000/segment@200000/target-module@31000
[    0.000002] sched_clock: 32 bits at 24MHz, resolution 41ns, wraps every 89478484971ns
[    0.000026] clocksource: dmtimer: mask: 0xffffffff max_cycles: 0xffffffff, max_idle_ns: 79635851949 ns
[    0.000521] TI gptimer clockevent: 24000000 Hz at /ocp/interconnect@48000000/segment@0/target-module@40000
[    0.002103] Console: colour dummy device 80x30
[    0.002169] WARNING: Your 'console=ttyO0' has been replaced by 'ttyS0'
[    0.002176] This ensures that you still see kernel messages. Please
[    0.002181] update your kernel commandline.
[    0.002224] Calibrating delay loop... 996.14 BogoMIPS (lpj=4980736)
[    0.090569] CPU: Testing write buffer coherency: ok
[    0.090678] CPU0: Spectre v2: using BPIALL workaround
[    0.090688] pid_max: default: 32768 minimum: 301
[    0.090847] LSM: initializing lsm=capability
[    0.091009] Mount-cache hash table entries: 1024 (order: 0, 4096 bytes, linear)
[    0.091029] Mountpoint-cache hash table entries: 1024 (order: 0, 4096 bytes, linear)
[    0.092599] CPU0: thread -1, cpu 0, socket -1, mpidr 0
[    0.092658] cacheinfo: Unable to detect cache hierarchy for CPU 0
[    0.094679] Setting up static identity map for 0x80100000 - 0x80100078
[    0.094996] rcu: Hierarchical SRCU implementation.
[    0.095007] rcu: 	Max phase no-delay instances is 1000.
[    0.096723] smp: Bringing up secondary CPUs ...
[    0.096778] smp: Brought up 1 node, 1 CPU
[    0.096791] SMP: Total of 1 processors activated (996.14 BogoMIPS).
[    0.096802] CPU: All CPU(s) started in SVC mode.
[    0.097007] Memory: 480856K/522240K available (11264K kernel code, 1219K rwdata, 2936K rodata, 1024K init, 253K bss, 23352K reserved, 16384K cma-reserved, 0K highmem)
[    0.097830] devtmpfs: initialized
[    0.114931] VFP support v0.3: implementor 41 architecture 3 part 30 variant c rev 3
[    0.115568] clocksource: jiffies: mask: 0xffffffff max_cycles: 0xffffffff, max_idle_ns: 19112604462750000 ns
[    0.115623] posixtimers hash table entries: 512 (order: 0, 4096 bytes, linear)
[    0.115650] futex hash table entries: 256 (16384 bytes on 1 NUMA nodes, total 16 KiB, linear).
[    0.116773] pinctrl core: initialized pinctrl subsystem
[    0.118900] NET: Registered PF_NETLINK/PF_ROUTE protocol family
[    0.122030] DMA: preallocated 256 KiB pool for atomic coherent allocations
[    0.122633] audit: initializing netlink subsys (disabled)
[    0.123947] thermal_sys: Registered thermal governor 'fair_share'
[    0.123962] thermal_sys: Registered thermal governor 'step_wise'
[    0.123971] thermal_sys: Registered thermal governor 'user_space'
[    0.124082] audit: type=2000 audit(0.120:1): state=initialized audit_enabled=0 res=1
[    0.124150] cpuidle: using governor menu
[    0.142331] /ocp/interconnect@44c00000/segment@200000/target-module@b000/i2c@0/tda19988@70: Fixed dependency cycle(s) with /ocp/interconnect@48000000/segment@300000/target-module@e000/lcdc@0
[    0.143448] /ocp/interconnect@48000000/segment@300000/target-module@e000/lcdc@0: Fixed dependency cycle(s) with /ocp/interconnect@44c00000/segment@200000/target-module@b000/i2c@0/tda19988@70
[    0.145682] No ATAGs?
[    0.145724] hw-breakpoint: debug architecture 0x4 unsupported.
[    0.148837] kprobes: kprobe jump-optimization is enabled. All kprobes are optimized if possible.
[    0.153575] iommu: Default domain type: Translated
[    0.153598] iommu: DMA domain TLB invalidation policy: strict mode
[    0.161740] SCSI subsystem initialized
[    0.162612] pps_core: LinuxPPS API ver. 1 registered
[    0.162622] pps_core: Software ver. 5.3.6 - Copyright 2005-2007 Rodolfo Giometti <giometti@linux.it>
[    0.162646] PTP clock support registered
[    0.171175] vgaarb: loaded
[    0.171549] clocksource: Switched to clocksource dmtimer
[    0.172222] VFS: Disk quotas dquot_6.6.0
[    0.172280] VFS: Dquot-cache hash table entries: 1024 (order 0, 4096 bytes)
[    0.197312] NET: Registered PF_INET protocol family
[    0.197649] IP idents hash table entries: 8192 (order: 4, 65536 bytes, linear)
[    0.199063] tcp_listen_portaddr_hash hash table entries: 512 (order: 0, 4096 bytes, linear)
[    0.199105] Table-perturb hash table entries: 65536 (order: 6, 262144 bytes, linear)
[    0.199124] TCP established hash table entries: 4096 (order: 2, 16384 bytes, linear)
[    0.199169] TCP bind hash table entries: 4096 (order: 4, 65536 bytes, linear)
[    0.199269] TCP: Hash tables configured (established 4096 bind 4096)
[    0.199387] UDP hash table entries: 256 (order: 1, 14336 bytes, linear)
[    0.199424] UDP-Lite hash table entries: 256 (order: 1, 14336 bytes, linear)
[    0.199609] NET: Registered PF_UNIX/PF_LOCAL protocol family
[    0.212209] RPC: Registered named UNIX socket transport module.
[    0.212232] RPC: Registered udp transport module.
[    0.212237] RPC: Registered tcp transport module.
[    0.212242] RPC: Registered tcp-with-tls transport module.
[    0.212247] RPC: Registered tcp NFSv4.1 backchannel transport module.
[    0.212271] PCI: CLS 0 bytes, default 64
[    0.213666] Initialise system trusted keyrings
[    0.214459] workingset: timestamp_bits=14 max_order=17 bucket_order=3
[    0.216242] NFS: Registering the id_resolver key type
[    0.216341] Key type id_resolver registered
[    0.216348] Key type id_legacy registered
[    0.216458] jffs2: version 2.2. (NAND) (SUMMARY)  Â© 2001-2006 Red Hat, Inc.
[    0.216921] Key type asymmetric registered
[    0.216941] Asymmetric key parser 'x509' registered
[    0.217013] io scheduler mq-deadline registered
[    0.217025] io scheduler kyber registered
[    0.217100] io scheduler bfq registered
[    0.218995] target-module@4b000000:target-module@140000:pmu@0:fck: device ID is greater than 24
[    0.225142] l3-aon-clkctrl:0000:0: failed to disable
[    0.232184] ledtrig-cpu: registered to indicate activity on CPUs
[    0.235927] Serial: 8250/16550 driver, 6 ports, IRQ sharing enabled
[    0.301938] brd: module loaded
[    0.310376] loop: module loaded
[    0.311309] mtdoops: mtd device (mtddev=name/number) must be supplied
[    0.314422] i2c_dev: i2c /dev entries driver
[    0.315439] cpuidle: enable-method property 'ti,am3352' found operations
[    0.315879] sdhci: Secure Digital Host Controller Interface driver
[    0.315888] sdhci: Copyright(c) Pierre Ossman
[    0.316075] sdhci-pltfm: SDHCI platform and OF driver helper
[    0.324588] hw perfevents: enabled with armv7_cortex_a8 PMU driver, 5 (8000000f) counters available
[    0.325124] Initializing XFRM netlink socket
[    0.325293] NET: Registered PF_INET6 protocol family
[    0.330954] l3-aon-clkctrl:0000:0: failed to disable
[    0.332609] Segment Routing with IPv6
[    0.332693] In-situ OAM (IOAM) with IPv6
[    0.332787] sit: IPv6, IPv4 and MPLS over IPv4 tunneling driver
[    0.333736] NET: Registered PF_PACKET protocol family
[    0.333762] NET: Registered PF_KEY protocol family
[    0.333895] Key type dns_resolver registered
[    0.334123] ThumbEE CPU extension supported.
[    0.334144] Registering SWP/SWPB emulation handler
[    0.334680] omap_voltage_late_init: Voltage driver support not added
[    0.335343] SmartReflex Class3 initialized
[    0.374802] Loading compiled-in X.509 certificates
[    0.404060] /ocp/interconnect@44c00000/segment@200000/target-module@b000/i2c@0/tda19988@70: Fixed dependency cycle(s) with /ocp/interconnect@48000000/segment@300000/target-module@e000/lcdc@0
[    0.410522] /ocp/interconnect@44c00000/segment@200000/target-module@b000/i2c@0/tda19988@70: Fixed dependency cycle(s) with /ocp/interconnect@48000000/segment@300000/target-module@e000/lcdc@0
[    0.451467] /ocp/interconnect@44c00000/segment@200000/target-module@b000/i2c@0/tda19988@70: Fixed dependency cycle(s) with /ocp/interconnect@48000000/segment@300000/target-module@e000/lcdc@0
[    0.452580] /ocp/interconnect@44c00000/segment@200000/target-module@b000/i2c@0/tda19988@70: Fixed dependency cycle(s) with /ocp/interconnect@48000000/segment@300000/target-module@e000/lcdc@0
[    0.456145] /ocp/interconnect@44c00000/segment@200000/target-module@10000/scm@0/pinmux@800: Fixed dependency cycle(s) with /ocp/interconnect@44c00000/segment@200000/target-module@10000/scm@0/pinmux@800/clkout2-pins
[    0.456735] pinctrl-single 44e10800.pinmux: 142 pins, size 568
[    0.462293] ti-sysc 44e31000.target-module: probe with driver ti-sysc failed with error -16
[    0.478608] /ocp/interconnect@48000000/segment@300000/target-module@e000/lcdc@0: Fixed dependency cycle(s) with /ocp/interconnect@44c00000/segment@200000/target-module@b000/i2c@0/tda19988@70
[    0.487141] ti-sysc 48040000.target-module: probe with driver ti-sysc failed with error -16
[    0.536255] OMAP GPIO hardware version 0.1
[    0.572315] omap_i2c 4819c000.i2c: bus 2 rev0.11 at 100 kHz
[    0.606566] 48000000.interconnect:segment@200000:target-module@0:mpu@0:fck: device ID is greater than 24
[    0.607478] /ocp/interconnect@48000000/segment@300000/target-module@e000/lcdc@0: Fixed dependency cycle(s) with /ocp/interconnect@44c00000/segment@200000/target-module@b000/i2c@0/tda19988@70
[    0.610380] /ocp/interconnect@48000000/segment@300000/target-module@e000/lcdc@0: Fixed dependency cycle(s) with /ocp/interconnect@44c00000/segment@200000/target-module@b000/i2c@0/tda19988@70
[    0.611100] /ocp/interconnect@44c00000/segment@200000/target-module@b000/i2c@0/tda19988@70: Fixed dependency cycle(s) with /ocp/interconnect@48000000/segment@300000/target-module@e000/lcdc@0
[    0.611255] /ocp/interconnect@48000000/segment@300000/target-module@e000/lcdc@0: Fixed dependency cycle(s) with /ocp/interconnect@44c00000/segment@200000/target-module@b000/i2c@0/tda19988@70
[    0.622761] sdhci-omap 481d8000.mmc: supply pbias not found, using dummy regulator
[    0.635250] sdhci-omap 481d8000.mmc: supply vqmmc not found, using dummy regulator
[    0.662521] davinci_mdio 4a101000.mdio: davinci mdio revision 1.6, bus freq 1000000
[    0.800455] davinci_mdio 4a101000.mdio: phy[0]: device 4a101000.mdio:00, driver SMSC LAN8710/LAN8720
[    0.801232] cpsw-switch 4a100000.switch: initialized cpsw ale version 1.4
[    0.801252] cpsw-switch 4a100000.switch: ALE Table size 1024, Policers 0
[    0.801664] cpsw-switch 4a100000.switch: cpts: overflow check period 500 (jiffies)
[    0.801687] cpsw-switch 4a100000.switch: CPTS: ref_clk_freq:250000000 calc_mult:2147483648 calc_shift:29 error:0 nsec/sec
[    0.801806] cpsw-switch 4a100000.switch: Detected MACID = 6c:ec:eb:68:de:78
[    0.803650] cpsw-switch 4a100000.switch: initialized (regs 0x4a100000, pool size 256) hw_ver:0019010C 1.12 (0)
[    0.814768] debugfs: '49000000.dma' already exists in 'dmaengine'
[    0.814811] edma 49000000.dma:  TI EDMA DMA engine driver
[    0.889812] 44e09000.serial: ttyS0 at MMIO 0x44e09000 (irq = 34, base_baud = 3000000) is a 8250
[    0.889904] printk: legacy console [ttyS0] enabled
[    2.472494] tps65217-pmic: Failed to locate of_node [id: -1]
[    2.478569] tps65217-bl: Failed to locate of_node [id: -1]
[    2.484641] platform tps65217-charger: DMA mask not set
[    2.490681] platform tps65217-pwrbutton: DMA mask not set
[    2.497990] tps65217 0-0024: TPS65217 ID 0xe version 1.2
[    2.504099] / ocp/interconnect@48000000/segment@300000/target-module@e000/lcdc@0: Fixed dependency cycle(s) with /ocp/interconnect@44c00000/segment@200000/target-module@b000/i2c@0/tda19988@70
[    2.521475] /ocp/interconnect@44c00000/segment@200000/target-module@b000/i2c@0/tda19988@70: Fixed dependency cycle(s) with /ocp/interconnect@48000000/segment@300000/target-module@e000/lcdc@0
[    2.538881] omap_i2c 44e0b000.i2c: bus 0 rev0.11 at 400 kHz
[    2.546766] omap_gpio 44e07000.gpio: Could not set line 6 debounce to 200000 microseconds (-22)
[    2.555690] sdhci-omap 48060000.mmc: Got CD GPIO
[    2.560695] sdhci-omap 48060000.mmc: supply pbias not found, using dummy regulator
[    2.570675] sdhci-omap 48060000.mmc: supply vqmmc not found, using dummy regulator
[    2.579789] sdhci-omap 481d8000.mmc: supply pbias not found, using dummy regulator
[    2.614838] sdhci-omap 481d8000.mmc: supply vqmmc not found, using dummy regulator
[    2.732148] mmc1: SDHCI controller on 481d8000.mmc [481d8000.mmc] using External DMA
[    2.740484] mmc0: SDHCI controller on 48060000.mmc [48060000.mmc] using External DMA
[    2.749399] cpsw-switch 4a100000.switch: starting ndev. mode: dual_mac
[    2.821826] mmc1: new high speed MMC card at address 0001
[    2.828649] mmcblk1: mmc1:0001 MMC04G 3.60 GiB
[    2.836342]  mmcblk1: p1 p2
[    2.840069] SMSC LAN8710/LAN8720 4a101000.mdio:00: attached PHY driver (mii_bus:phy_addr=4a101000.mdio:00, irq=POLL)
[    2.852646] mmcblk1boot0: mmc1:0001 MMC04G 2.00 MiB
[    2.866498] mmcblk1bo
[    6.002328] cpsw-switch 4a100000.switch eth0: Link is Up - 100Mbps/Full - flow control off
[    6.041804] IP-Config: Complete:
[    6.045082]      device=eth0, hwaddr=6c:ec:eb:68:de:78, ipaddr=192.168.255.1, mask=255.255.255.0, gw=255.255.255.255
[    6.055760]      host=bbb1, domain=, nis-domain=(none)
[    6.060932]      bootserver=192.168.255.126, rootserver=192.168.255.126, rootpath=
[    6.061351] clk: Disabling unused clocks
[    6.073246] KTAP version 1
[    6.075977] 1..0
[    6.078408] check access for rdinit=/init failed: -2, ignoring
[    6.111297] VFS: Mounted root (nfs filesystem) on device 0:17.
[    6.118360] devtmpfs: mounted
[    6.123142] Freeing unused kernel image (initmem) memory: 1024K
[    6.129755] Run /sbin/init as init process
[    6.802125] systemd[1]: System time before build time, advancing clock.
[    8.321576] random: crng init done
[    8.334136] systemd[1]: systemd 232 running in system mode. (+PAM +AUDIT +SELINUX +IMA +APPARMOR +SMACK +SYSVINIT +UTMP +LIBCRYPTSETUP +GCRYPT +GNUTLS +ACL +XZ +LZ4 +SECCOMP +BLKID +ELFUTILS +KMOD +IDN)
[    8.353240] systemd[1]: Detected architecture arm.

Welcome to [1mDebian GNU/Linux 9 (stretch)[0m!

[    8.384699] systemd[1]: Set hostname to <arm>.
[    9.476175] systemd[1]: Reached target Swap.
[[0;32m  OK  [0m] Reached target Swap.
[    9.505593] systemd[1]: systemd-journald.socket: SO_PASSSEC failed: Operation not supported
[    9.514527] systemd[1]: systemd-journald.socket: SO_PASSSEC failed: Operation not supported
[    9.523269] systemd[1]: Listening on Journal Socket.
[[0;32m  OK  [0m] Listening on Journal Socket.
[    9.552815] systemd[1]: Listening on Journal Audit Socket.
[[0;32m  OK  [0m] Listening on Journal Audit Socket.
[    9.583637] systemd[1]: Listening on /dev/initctl Compatibility Named Pipe.
[[0;32m  OK  [0m] Listening on /dev/initctl Compatibility Named Pipe.
[    9.613540] systemd[1]: Listening on udev Control Socket.
[[0;32m  OK  [0m] Listening on udev Control Socket.
[[0;32m  OK  [0m] Started Dispatch Password Requests to Console Directory Watch.
[[0;32m  OK  [0m] Listening on Journal Socket (/dev/log).
[[0;32m  OK  [0m] Set up automount Arbitrary Executabâ€¦rmats File System Automount Point.
[[0;32m  OK  [0m] Reached target Remote File Systems.
[[0;32m  OK  [0m] Listening on udev Kernel Socket.
[[0;32m  OK  [0m] Listening on Syslog Socket.
[[0;32m  OK  [0m] Created slice User and Session Slice.
[[0;32m  OK  [0m] Started Forward Password Requests to Wall Directory Watch.
[[0;32m  OK  [0m] Reached target Encrypted Volumes.
[[0;32m  OK  [0m] Reached target Paths.
[[0;32m  OK  [0m] Created slice System Slice.
         Starting Journal Service...
[[0;32m  OK  [0m] Created slice system-getty.slice.
         Starting Create list of required stâ€¦ce nodes for the current kernel...
         Starting Remount Root and Kernel File Systems...
         Starting Load Kernel Modules...
[[0;32m  OK  [0m] Reached target Slices.
[[0;32m  OK  [0m] Created slice system-serial\x2dgetty.slice.
         Mounting POSIX Message Queue File System...
         Mounting Debug File System...
[[0;32m  OK  [0m] Started Create list of required staâ€¦vice nodes for the current kernel.
[[0;32m  OK  [0m] Started Remount Root and Kernel File Systems.
         Starting Load/Save Random Seed...
         Starting udev Coldplug all Devices...
         Starting Create Static Device Nodes in /dev...
[[0;32m  OK  [0m] Mounted POSIX Message Queue File System.
[[0;32m  OK  [0m] Mounted Debug File System.
[[0;32m  OK  [0m] Started Load Kernel Modules.
         Starting Apply Kernel Variables...
         Mounting Configuration File System...
[[0;32m  OK  [0m] Started Load/Save Random Seed.
[[0;32m  OK  [0m] Mounted Configuration File System.
[[0;32m  OK  [0m] Started Apply Kernel Variables.
[[0;32m  OK  [0m] Started Journal Service.
         Starting Flush Journal to Persistent Storage...
[[0;32m  OK  [0m] Started Create Static Device Nodes in /dev.
[   11.551426] systemd-journald[85]: Received request to flush runtime journal from PID 1
         Starting udev Kernel Device Manager...
[[0;32m  OK  [0m] Reached target Local File Systems (Pre).
[[0;32m  OK  [0m] Reached target Local File Systems.
         Starting Raise network interfaces...
[[0;32m  OK  [0m] Started Flush Journal to Persistent Storage.
         Starting Create Volatile Files and Directories...
[[0;32m  OK  [0m] Started udev Kernel Device Manager.
[[0;32m  OK  [0m] Started Create Volatile Files and Directories.
         Starting Network Time Synchronization...
         Starting Update UTMP about System Boot/Shutdown...
[   13.285397] omap_prm 44e00d00.prm: sync_state() pending due to 44d00000.cpu
[[0;32m  OK  [0m] Started Update UTMP about System Boot/Shutdown.
[[0;32m  OK  [0m] Started Network Time Synchronization.
[[0;32m  OK  [0m] Reached target System Time Synchronized.
[[0;32m  OK  [0m] Started udev Coldplug all Devices.
[[0;32m  OK  [0m] Reached target System Initialization.
[[0;32m  OK  [0m] Started Daily Cleanup of Temporary Directories.
[[0;32m  OK  [0m] Started Daily apt download activities.
[[0;32m  OK  [0m] Started Daily apt upgrade and clean activities.
[[0;32m  OK  [0m] Reached target Timers.
[[0;32m  OK  [0m] Listening on Avahi mDNS/DNS-SD Stack Activation Socket.
[[0;32m  OK  [0m] Listening on D-Bus System Message Bus Socket.
[[0;32m  OK  [0m] Reached target Sockets.
[[0;32m  OK  [0m] Reached target Basic System.
         Starting LSB: Start busybox udhcpd at boot time...
         Starting LSB: Load kernel modules needed to enable cpuf[   15.107546] remoteproc remoteproc0: wkup_m3 is available
req scaling...
         Starting Avahi mDNS/DNS-SD Stack...
[   15.445924] at24 2-0054: supply vcc not found, using dummy regulator
         Starting Cape Manager Service...
[   15.592569] at24 2-0055: supply vcc not found, using dummy regulator
[   15.723156] at24 2-0056: supply vcc not found, using dummy regulator
[[0;32m  OK  [0m] Started Regular background program processing daemon.
[   15.828085] at24 2-0057: supply vcc not found, using dummy regulator
         Starting DUN service...
[   15.934418] at24 0-0050: 32768 byte 24c256 EEPROM, writable, 1 bytes/write
         Starting Generic Board Startup...[   16.026353] input: tps65217_pwrbutton as /devices/platform/ocp/44c00000.interconnect/44c00000.interconnect:segment@200000/44e0b000.target-module/44e0b000.i2c/i2c-0/0-0024/tps65217-pwrbutton/input/input0

         Starting Telephony service...
         Starting Login Service...
[   16.422861] omap_rtc 44e3e000.rtc: registered as rtc0
[   16.428038] omap_rtc 44e3e000.rtc: setting system clock to 2000-01-01T00:00:00 UTC (946684800)
         Starting System Logging Service...
[[0;32m  OK  [0m] Started D-Bus System Message Bus.[   16.592797] omap_wdt: OMAP Watchdog Timer Rev 0x01: initial timeout 60 sec

[   16.977418] am335x-phy-driver 47401300.usb-phy: dummy supplies not allowed for exclusive requests (id=vbus)
[   17.202118] am335x-phy-driver 47401b00.usb-phy: dummy supplies not allowed for exclusive requests (id=vbus)
[   17.762405] usbcore: registered new interface driver usbfs
[   17.768042] usbcore: registered new interface driver hub
[   17.773657] usbcore: registered new device driver usb
[   18.310729] tda998x 0-0070: found TDA19988
[   18.782738] musb-hdrc musb-hdrc.1: MUSB HDRC host driver
[   18.788159] musb-hdrc musb-hdrc.1: new USB bus registered, assigned bus number 1
[   19.057950] usb usb1: New USB device found, idVendor=1d6b, idProduct=0002, bcdDevice= 6.17
[   19.066491] usb usb1: New USB device strings: Mfr=3, Product=2, SerialNumber=1
[   19.073853] usb usb1: Product: MUSB HDRC host driver
[   19.078850] usb usb1: Manufacturer: Linux 6.17.0-rc2-next-20250818 musb-hcd
[   19.085879] usb usb1: SerialNumber: musb-hdrc.1
[   19.237784] omap-mailbox 480c8000.mailbox: omap mailbox rev 0x400
[   19.305133] remoteproc remoteproc0: powering up wkup_m3
[   19.440021] remoteproc remoteproc0: Direct firmware load for am335x-pm-firmware.elf failed with error -2
[   19.449785] remoteproc remoteproc0: request_firmware failed: -2
[   19.455802] wkup_m3_ipc 44e11324.wkup_m3_ipc: rproc_boot failed
[   19.527495] hub 1-0:1.0: USB hub found
[   19.562274] hub 1-0:1.0: 1 port detected
[   21.654787] ------------[ cut here ]------------
[   21.659482] WARNING: net/8021q/vlan_core.c:236 at vlan_for_each+0x114/0x134, CPU#0: avahi-daemon/168
[   21.668889] RTNL: assertion failed at net/8021q/vlan_core.c (236)
[   21.675071] Modules linked in: rng_core(+) drm_dma_helper drm_client_lib snd_soc_davinci_mcasp snd_soc_ti_udma snd_soc_ti_edma snd_soc_ti_sdma snd_soc_core snd_pcm_dmaengine omap_mailbox snd_pcm snd_timer musb_dsps snd musb_hdrc soundcore tda998x udc_core cec usbcore drm_kms_helper phy_am335x phy_generic cppi41 usb_common drm omap_wdt wkup_m3_ipc rtc_omap watchdog tps65218_pwrbutton drm_panel_orientation_quirks at24 phy_am335x_control wkup_m3_rproc cpufreq_dt leds_gpio led_class autofs4
[   21.718651] CPU: 0 UID: 107 PID: 168 Comm: avahi-daemon Not tainted 6.17.0-rc2-next-20250818 #1 NONE 
[   21.718669] Hardware name: Generic AM33XX (Flattened Device Tree)
[   21.718678] Call trace: 
[   21.718693]  unwind_backtrace from show_stack+0x10/0x14
[   21.718730]  show_stack from dump_stack_lvl+0x50/0x64
[   21.718754]  dump_stack_lvl from __warn+0x88/0x148
[   21.718772]  __warn from warn_slowpath_fmt+0x19c/0x1b0
[   21.718785]  warn_slowpath_fmt from vlan_for_each+0x114/0x134
[   21.718809]  vlan_for_each from cpsw_add_mc_addr+0x40/0xa4
[   21.718838]  cpsw_add_mc_addr from __hw_addr_ref_sync_dev+0x108/0x140
[   21.718869]  __hw_addr_ref_sync_dev from __dev_mc_add+0x7c/0x80
[   21.718894]  __dev_mc_add from igmp6_group_added+0xc8/0xe0
[   21.718923]  igmp6_group_added from __ipv6_dev_mc_inc+0x218/0x364
[   21.718941]  __ipv6_dev_mc_inc from __ipv6_sock_mc_join+0x11c/0x214
[   21.718959]  __ipv6_sock_mc_join from do_ipv6_setsockopt+0x1214/0x1310
[   21.718992]  do_ipv6_setsockopt from ipv6_setsockopt+0x60/0xcc
[   21.719014]  ipv6_setsockopt from udpv6_setsockopt+0x2c/0x6c
[   21.719032]  udpv6_setsockopt from sock_common_setsockopt+0x30/0x40
[   21.719062]  sock_common_setsockopt from do_sock_setsockopt+0x50/0x9c
[   21.719083]  do_sock_setsockopt from __sys_setsockopt+0x70/0xbc
[   21.719103]  __sys_setsockopt from ret_fast_syscall+0x0/0x58
[   21.719120] Exception stack(0xe0125fa8 to 0xe0125ff0)
[   21.719135] 5fa0:                   00000014 b6f3ace8 0000000d 00000029 00000014 bec999ec
[   21.719146] 5fc0: 00000014 b6f3ace8 00000014 00000126 0000000d b6ee3ff4 0046e988 00456558
[   21.719154] 5fe0: b6ef9088 bec999d8 b6ed6309 b6dad41a
[   21.719161] ---[ end trace 0000000000000000 ]---
[   22.066191] tilcdc 4830e000.lcdc: bound 0-0070 (ops tda998x_audio_codec_init [tda998x])
[   22.130590] omap_rng 48310000.rng: Random Number Generator ver. 20
[[0;32m  OK  [0m] Started Telephony service.
[[0;32m  OK  [0m] Started DUN service.
[[0;32m  OK  [0m] Started Avahi mDNS/DNS-SD Stack.
[   22.312564] [drm] Initialized tilcdc 1.0.0 for 4830e000.lcdc on minor 0
[   22.381895] tilcdc 4830e000.lcdc: [drm] Cannot find any crtc or sizes
         Starting Connection service...
[   22.398135] tilcdc 4830e000.lcdc: [drm] Cannot find any crtc or sizes
[[0;32m  OK  [0m] Started System Logging Service.
[[0;32m  OK  [0m] Started Cape Manager Service.
[[0;32m  OK  [0m] Found device /dev/ttyS0.
[   24.102230] Bluetooth: Core ver 2.22
[   24.106054] NET: Registered PF_BLUETOOTH protocol family
[   24.111402] Bluetooth: HCI device and connection manager initialized
[   24.118022] Bluetooth: HCI socket layer initialized
[   24.122999] Bluetooth: L2CAP socket layer initialized
[   24.128112] Bluetooth: SCO socket layer initialized
[   24.177045] omap-sham 53100000.sham: hw accel on OMAP rev 4.3
[   24.221889] omap-aes 53500000.aes: OMAP AES hw accel rev: 3.2
[   24.263694] PM: Cannot get wkup_m3_ipc handle
[   24.328472] omap-sham 53100000.sham: will run requests pump with realtime priority
[   24.337251] PM: Cannot get wkup_m3_ipc handle
[   24.404993] omap-aes 53500000.aes: will run requests pump with realtime priority
[   24.420198] PM: Cannot get wkup_m3_ipc handle
[[0;32m  OK  [0m] Started LSB: Start busybox udhcpd at boot time.
[   28.374289] PM: Cannot get wkup_m3_ipc handle
[   28.388027] gpio-537 (nxp,calib): gpiod_direction_output_nonotify: tried to set a GPIO tied to an IRQ as output
[   28.469642] PM: Cannot get wkup_m3_ipc handle
[   28.649627] tda9950 0-0034: TDA9950 CEC interface, hardware version 3.3
[   28.759987] PM: Cannot get wkup_m3_ipc handle
[[0;32m  OK  [0m] Started Raise network interfaces.
[[0;32m  OK  [0m] Started LSB: Load kernel modules needed to enable cpufreq scaling.
[   30.164206] configfs-gadget.g_multi gadget.0: HOST MAC 1c:ba:8c:a2:ed:6c
[   30.170982] configfs-gadget.g_multi gadget.0: MAC 1c:ba:8c:a2:ed:70
[   30.178535] configfs-gadget.g_multi gadget.0: HOST MAC 1c:ba:8c:a2:ed:6c
[   30.185405] configfs-gadget.g_multi gadget.0: MAC 1c:ba:8c:a2:ed:6d
[   30.192965] PM: Cannot get wkup_m3_ipc handle
[[0;32m  OK  [0m] Started Connection service.
[[0;32m  OK  [0m] Started Login Service.
         Starting Hostname Service...
         Starting WPA supplicant...
[[0;32m  OK  [0m] Reached target Sound Card.
         Starting LSB: set CPUFreq kernel parameters...
[[0;32m  OK  [0m] Started WPA supplicant.
[[0;32m  OK  [0m] Started Hostname Service.
[[0;32m  OK  [0m] Reached target Network.
         Starting The Apache HTTP Server...
[[0;32m  OK  [0m] Reached target Network is Online.
         Starting LSB: Advanced IEEE 802.11 management daemon...
         Starting OpenBSD Secure Shell server...
         Starting Permit User Sessions...
[[0;32m  OK  [0m] Started LSB: set CPUFreq kernel parameters.
[[0;32m  OK  [0m] Started LSB: Advanced IEEE 802.11 management daemon.
[[0;32m  OK  [0m] Started Permit User Sessions.
         Stopping LSB: Start busybox udhcpd at boot time...
[[0;32m  OK  [0m] Started Getty on tty1.
[[0;32m  OK  [0m] Started Serial Getty on ttyS0.
[[0;32m  OK  [0m] Reached target Login Prompts.
[[0;32m  OK  [0m] Stopped LSB: Start busybox udhcpd at boot time.
[[0;32m  OK  [0m] Started OpenBSD Secure Shell server.
         Starting dnsmasq - A lightweight DHCP and caching DNS server...
[[0;32m  OK  [0m] Started The Apache HTTP Server.
[[0;32m  OK  [0m] Started dnsmasq - A lightweight DHCP and caching DNS server.
[[0;32m  OK  [0m] Reached target Host and Network Name Lookups.
[[0;32m  OK  [0m] Started Serial Getty on ttyGS0.
[[0;32m  OK  [0m] Started Generic Board Startup.
[[0;32m  OK  [0m] Reached target Multi-User System.
[[0;32m  OK  [0m] Reached target Graphical Interface.
         Starting Update UTMP about System Runlevel Changes...
[[0;32m  OK  [0m] Started Update UTMP about System Runlevel Changes.

Debian GNU/Linux 9 arm ttyS0

default username:password is [debian:temppwd]

arm login: root
Password: 
Last login: Sat Jan  1 00:00:46 UTC 2000 on ttyS0
root
Linux arm 6.17.0-rc2-next-20250818 #1 SMP Mon Aug 18 08:02:37 EEST 2025 armv7l

The programs included with the Debian GNU/Linux system are free software;
the exact distribution terms for each program are described in the
individual files in /usr/share/doc/*/copyright.

Debian GNU/Linux comes with ABSOLUTELY NO WARRANTY, to the extent
permitted by applicable law.
root@arm:~# root
-bash: root: command not found
root@arm:~# dmesg -n 1
root@arm:~# echo 'YBWX''VHHCEX'
YBWXVHHCEX
root@arm:~# run() { echo -n "$MARKER"; sh -c "$@"; echo "$MARKER $?"; }
root@arm:~# echo 'KEEY''OMLKAQ'
KEEYOMLKAQ
root@arm:~# MARKER='HVEX''LLXFSY' run 'cat /proc/version'
HVEXLLXFSYLinux version 6.17.0-rc2-next-20250818 (user01@drvtest01) (arm-none-eabi-gcc (Arm GNU Toolchain 14.2.Rel1 (Build arm-14.52)) 14.2.1 20241119, GNU ld (Arm GNU Toolchain 14.2.Rel1 (Build arm-14.52)) 2.43.1.20241119) #1 SMP Mon Aug 18 08:02:37 EEST 2025
HVEXLLXFSY 0
root@arm:~# echo 'QHCM''BBFNXN'
QHCMBBFNXN
root@arm:~# MARKER='MBCT''XPHFYC' run false
MBCTXPHFYCMBCTXPHFYC 1
root@arm:~# Labgrid Console Logfile for main
Logfile started at 2025-08-18 08:10:30.982136
=== Log starts here ===

root@arm:~# run() { echo -n "$MARKER"; sh -c "$@"; echo "$MARKER $?"; }
root@arm:~# echo 'JJLK''QTTSKM'
JJLKQTTSKM
root@arm:~# MARKER='UHMQ''SBFKGG' run 'ls /iio_generic_buffer; echo $?'
UHMQSBFKGG/iio_generic_buffer
0
UHMQSBFKGG 0
root@arm:~# Labgrid Console Logfile for main
Logfile started at 2025-08-18 08:10:34.330987
=== Log starts here ===

root@arm:~# run() { echo -n "$MARKER"; sh -c "$@"; echo "$MARKER $?"; }
root@arm:~# echo 'EWKT''ANKXZS'
EWKTANKXZS
root@arm:~# MARKER='PLGU''QLAFLL' run dmesg
PLGUQLAFLL[    0.000000] Booting Linux on physical CPU 0x0
[    0.000000] Linux version 6.17.0-rc2-next-20250818 (user01@drvtest01) (arm-none-eabi-gcc (Arm GNU Toolchain 14.2.Rel1 (Build arm-14.52)) 14.2.1 20241119, GNU ld (Arm GNU Toolchain 14.2.Rel1 (Build arm-14.52)) 2.43.1.20241119) #1 SMP Mon Aug 18 08:02:37 EEST 2025
[    0.000000] CPU: ARMv7 Processor [413fc082] revision 2 (ARMv7), cr=10c5387d
[    0.000000] CPU: PIPT / VIPT nonaliasing data cache, VIPT aliasing instruction cache
[    0.000000] OF: fdt: Machine model: TI AM335x BeagleBone Black
[    0.000000] Memory policy: Data cache writeback
[    0.000000] cma: Reserved 16 MiB at 0x9e800000
[    0.000000] Zone ranges:
[    0.000000]   Normal   [mem 0x0000000080000000-0x000000009fdfffff]
[    0.000000]   HighMem  empty
[    0.000000] Movable zone start for each node
[    0.000000] Early memory node ranges
[    0.000000]   node   0: [mem 0x0000000080000000-0x000000009fdfffff]
[    0.000000] Initmem setup node 0 [mem 0x0000000080000000-0x000000009fdfffff]
[    0.000000] On node 0, zone Normal: 512 pages in unavailable ranges
[    0.000000] OF: reserved mem: Reserved memory: No reserved-memory node in the DT
[    0.000000] CPU: All CPU(s) started in SVC mode.
[    0.000000] AM335X ES2.1 (sgx neon)
[    0.000000] percpu: Embedded 17 pages/cpu s39820 r8192 d21620 u69632
[    0.000000] pcpu-alloc: s39820 r8192 d21620 u69632 alloc=17*4096
[    0.000000] pcpu-alloc: [0] 0 
[    0.000000] Kernel command line: console=ttyO0,115200n8 root=/dev/nfs rw nfsroot=192.168.255.126:/home/user01/nfs,nfsvers=3 ip=192.168.255.1:192.168.255.126::255.255.255.0:bbb1:eth0 nfsrootdebug
[    0.000000] Unknown kernel command line parameters "nfsrootdebug", will be passed to user space.
[    0.000000] printk: log buffer data + meta data: 65536 + 204800 = 270336 bytes
[    0.000000] Dentry cache hash table entries: 65536 (order: 6, 262144 bytes, linear)
[    0.000000] Inode-cache hash table entries: 32768 (order: 5, 131072 bytes, linear)
[    0.000000] Built 1 zonelists, mobility grouping on.  Total pages: 130560
[    0.000000] mem auto-init: stack:off, heap alloc:off, heap free:off
[    0.000000] SLUB: HWalign=16, Order=0-3, MinObjects=0, CPUs=1, Nodes=1
[    0.000000] rcu: Hierarchical RCU implementation.
[    0.000000] rcu: 	RCU event tracing is enabled.
[    0.000000] rcu: 	RCU restricting CPUs from NR_CPUS=2 to nr_cpu_ids=1.
[    0.000000] 	Tracing variant of Tasks RCU enabled.
[    0.000000] rcu: RCU calculated value of scheduler-enlistment delay is 10 jiffies.
[    0.000000] rcu: Adjusting geometry for rcu_fanout_leaf=16, nr_cpu_ids=1
[    0.000000] RCU Tasks Trace: Setting shift to 0 and lim to 1 rcu_task_cb_adjust=1 rcu_task_cpu_ids=1.
[    0.000000] NR_IRQS: 16, nr_irqs: 16, preallocated irqs: 16
[    0.000000] IRQ: Found an INTC at 0x(ptrval) (revision 5.0) with 128 interrupts
[    0.000000] rcu: srcu_init: Setting srcu_struct sizes based on contention.
[    0.000000] TI gptimer clocksource: always-on /ocp/interconnect@44c00000/segment@200000/target-module@31000
[    0.000002] sched_clock: 32 bits at 24MHz, resolution 41ns, wraps every 89478484971ns
[    0.000026] clocksource: dmtimer: mask: 0xffffffff max_cycles: 0xffffffff, max_idle_ns: 79635851949 ns
[    0.000521] TI gptimer clockevent: 24000000 Hz at /ocp/interconnect@48000000/segment@0/target-module@40000
[    0.002103] Console: colour dummy device 80x30
[    0.002169] WARNING: Your 'console=ttyO0' has been replaced by 'ttyS0'
[    0.002176] This ensures that you still see kernel messages. Please
[    0.002181] update your kernel commandline.
[    0.002224] Calibrating delay loop... 996.14 BogoMIPS (lpj=4980736)
[    0.090569] CPU: Testing write buffer coherency: ok
[    0.090678] CPU0: Spectre v2: using BPIALL workaround
[    0.090688] pid_max: default: 32768 minimum: 301
[    0.090847] LSM: initializing lsm=capability
[    0.091009] Mount-cache hash table entries: 1024 (order: 0, 4096 bytes, linear)
[    0.091029] Mountpoint-cache hash table entries: 1024 (order: 0, 4096 bytes, linear)
[    0.092599] CPU0: thread -1, cpu 0, socket -1, mpidr 0
[    0.092658] cacheinfo: Unable to detect cache hierarchy for CPU 0
[    0.094679] Setting up static identity map for 0x80100000 - 0x80100078
[    0.094996] rcu: Hierarchical SRCU implementation.
[    0.095007] rcu: 	Max phase no-delay instances is 1000.
[    0.096723] smp: Bringing up secondary CPUs ...
[    0.096778] smp: Brought up 1 node, 1 CPU
[    0.096791] SMP: Total of 1 processors activated (996.14 BogoMIPS).
[    0.096802] CPU: All CPU(s) started in SVC mode.
[    0.097007] Memory: 480856K/522240K available (11264K kernel code, 1219K rwdata, 2936K rodata, 1024K init, 253K bss, 23352K reserved, 16384K cma-reserved, 0K highmem)
[    0.097830] devtmpfs: initialized
[    0.114931] VFP support v0.3: implementor 41 architecture 3 part 30 variant c rev 3
[    0.115568] clocksource: jiffies: mask: 0xffffffff max_cycles: 0xffffffff, max_idle_ns: 19112604462750000 ns
[    0.115623] posixtimers hash table entries: 512 (order: 0, 4096 bytes, linear)
[    0.115650] futex hash table entries: 256 (16384 bytes on 1 NUMA nodes, total 16 KiB, linear).
[    0.116773] pinctrl core: initialized pinctrl subsystem
[    0.118900] NET: Registered PF_NETLINK/PF_ROUTE protocol family
[    0.122030] DMA: preallocated 256 KiB pool for atomic coherent allocations
[    0.122633] audit: initializing netlink subsys (disabled)
[    0.123947] thermal_sys: Registered thermal governor 'fair_share'
[    0.123962] thermal_sys: Registered thermal governor 'step_wise'
[    0.123971] thermal_sys: Registered thermal governor 'user_space'
[    0.124082] audit: type=2000 audit(0.120:1): state=initialized audit_enabled=0 res=1
[    0.124150] cpuidle: using governor menu
[    0.142331] /ocp/interconnect@44c00000/segment@200000/target-module@b000/i2c@0/tda19988@70: Fixed dependency cycle(s) with /ocp/interconnect@48000000/segment@300000/target-module@e000/lcdc@0
[    0.143448] /ocp/interconnect@48000000/segment@300000/target-module@e000/lcdc@0: Fixed dependency cycle(s) with /ocp/interconnect@44c00000/segment@200000/target-module@b000/i2c@0/tda19988@70
[    0.145682] No ATAGs?
[    0.145724] hw-breakpoint: debug architecture 0x4 unsupported.
[    0.148837] kprobes: kprobe jump-optimization is enabled. All kprobes are optimized if possible.
[    0.153575] iommu: Default domain type: Translated
[    0.153598] iommu: DMA domain TLB invalidation policy: strict mode
[    0.155166] reg-fixed-voltage fixedregulator0: using DT '/fixedregulator0' for '(default)' GPIO lookup
[    0.155221] of_get_named_gpiod_flags: can't parse 'gpios' property of node '/fixedregulator0[0]'
[    0.155250] of_get_named_gpiod_flags: can't parse 'gpio' property of node '/fixedregulator0[0]'
[    0.155268] reg-fixed-voltage fixedregulator0: using lookup tables for GPIO lookup
[    0.155279] reg-fixed-voltage fixedregulator0: No GPIO consumer (default) found
[    0.161740] SCSI subsystem initialized
[    0.162226] libata version 3.00 loaded.
[    0.162612] pps_core: LinuxPPS API ver. 1 registered
[    0.162622] pps_core: Software ver. 5.3.6 - Copyright 2005-2007 Rodolfo Giometti <giometti@linux.it>
[    0.162646] PTP clock support registered
[    0.171175] vgaarb: loaded
[    0.171549] clocksource: Switched to clocksource dmtimer
[    0.172222] VFS: Disk quotas dquot_6.6.0
[    0.172280] VFS: Dquot-cache hash table entries: 1024 (order 0, 4096 bytes)
[    0.197312] NET: Registered PF_INET protocol family
[    0.197649] IP idents hash table entries: 8192 (order: 4, 65536 bytes, linear)
[    0.199063] tcp_listen_portaddr_hash hash table entries: 512 (order: 0, 4096 bytes, linear)
[    0.199105] Table-perturb hash table entries: 65536 (order: 6, 262144 bytes, linear)
[    0.199124] TCP established hash table entries: 4096 (order: 2, 16384 bytes, linear)
[    0.199169] TCP bind hash table entries: 4096 (order: 4, 65536 bytes, linear)
[    0.199269] TCP: Hash tables configured (established 4096 bind 4096)
[    0.199387] UDP hash table entries: 256 (order: 1, 14336 bytes, linear)
[    0.199424] UDP-Lite hash table entries: 256 (order: 1, 14336 bytes, linear)
[    0.199609] NET: Registered PF_UNIX/PF_LOCAL protocol family
[    0.212209] RPC: Registered named UNIX socket transport module.
[    0.212232] RPC: Registered udp transport module.
[    0.212237] RPC: Registered tcp transport module.
[    0.212242] RPC: Registered tcp-with-tls transport module.
[    0.212247] RPC: Registered tcp NFSv4.1 backchannel transport module.
[    0.212271] PCI: CLS 0 bytes, default 64
[    0.213666] Initialise system trusted keyrings
[    0.214459] workingset: timestamp_bits=14 max_order=17 bucket_order=3
[    0.216242] NFS: Registering the id_resolver key type
[    0.216341] Key type id_resolver registered
[    0.216348] Key type id_legacy registered
[    0.216458] jffs2: version 2.2. (NAND) (SUMMARY)  Â© 2001-2006 Red Hat, Inc.
[    0.216921] Key type asymmetric registered
[    0.216941] Asymmetric key parser 'x509' registered
[    0.217013] io scheduler mq-deadline registered
[    0.217025] io scheduler kyber registered
[    0.217100] io scheduler bfq registered
[    0.218995] target-module@4b000000:target-module@140000:pmu@0:fck: device ID is greater than 24
[    0.225142] l3-aon-clkctrl:0000:0: failed to disable
[    0.232184] ledtrig-cpu: registered to indicate activity on CPUs
[    0.235927] Serial: 8250/16550 driver, 6 ports, IRQ sharing enabled
[    0.301938] brd: module loaded
[    0.310376] loop: module loaded
[    0.311309] mtdoops: mtd device (mtddev=name/number) must be supplied
[    0.313011] mdio_bus fixed-0: using lookup tables for GPIO lookup
[    0.313035] mdio_bus fixed-0: No GPIO consumer reset found
[    0.314422] i2c_dev: i2c /dev entries driver
[    0.315439] cpuidle: enable-method property 'ti,am3352' found operations
[    0.315879] sdhci: Secure Digital Host Controller Interface driver
[    0.315888] sdhci: Copyright(c) Pierre Ossman
[    0.316075] sdhci-pltfm: SDHCI platform and OF driver helper
[    0.324588] hw perfevents: enabled with armv7_cortex_a8 PMU driver, 5 (8000000f) counters available
[    0.325124] Initializing XFRM netlink socket
[    0.325293] NET: Registered PF_INET6 protocol family
[    0.330954] l3-aon-clkctrl:0000:0: failed to disable
[    0.332609] Segment Routing with IPv6
[    0.332693] In-situ OAM (IOAM) with IPv6
[    0.332787] sit: IPv6, IPv4 and MPLS over IPv4 tunneling driver
[    0.333736] NET: Registered PF_PACKET protocol family
[    0.333762] NET: Registered PF_KEY protocol family
[    0.333895] Key type dns_resolver registered
[    0.334123] ThumbEE CPU extension supported.
[    0.334144] Registering SWP/SWPB emulation handler
[    0.334680] omap_voltage_late_init: Voltage driver support not added
[    0.335343] SmartReflex Class3 initialized
[    0.374802] Loading compiled-in X.509 certificates
[    0.404060] /ocp/interconnect@44c00000/segment@200000/target-module@b000/i2c@0/tda19988@70: Fixed dependency cycle(s) with /ocp/interconnect@48000000/segment@300000/target-module@e000/lcdc@0
[    0.410522] /ocp/interconnect@44c00000/segment@200000/target-module@b000/i2c@0/tda19988@70: Fixed dependency cycle(s) with /ocp/interconnect@48000000/segment@300000/target-module@e000/lcdc@0
[    0.416325] gpiochip_find_base_unlocked: found new base at 512
[    0.451467] /ocp/interconnect@44c00000/segment@200000/target-module@b000/i2c@0/tda19988@70: Fixed dependency cycle(s) with /ocp/interconnect@48000000/segment@300000/target-module@e000/lcdc@0
[    0.452580] /ocp/interconnect@44c00000/segment@200000/target-module@b000/i2c@0/tda19988@70: Fixed dependency cycle(s) with /ocp/interconnect@48000000/segment@300000/target-module@e000/lcdc@0
[    0.456145] /ocp/interconnect@44c00000/segment@200000/target-module@10000/scm@0/pinmux@800: Fixed dependency cycle(s) with /ocp/interconnect@44c00000/segment@200000/target-module@10000/scm@0/pinmux@800/clkout2-pins
[    0.456735] pinctrl-single 44e10800.pinmux: 142 pins, size 568
[    0.462293] ti-sysc 44e31000.target-module: probe with driver ti-sysc failed with error -16
[    0.478608] /ocp/interconnect@48000000/segment@300000/target-module@e000/lcdc@0: Fixed dependency cycle(s) with /ocp/interconnect@44c00000/segment@200000/target-module@b000/i2c@0/tda19988@70
[    0.487141] ti-sysc 48040000.target-module: probe with driver ti-sysc failed with error -16
[    0.498918] gpiochip_find_base_unlocked: found new base at 512
[    0.499016] gpio gpiochip0: (gpio-0-31): created GPIO range 0->7 ==> 44e10800.pinmux PIN 0->7
[    0.499036] gpio gpiochip0: (gpio-0-31): created GPIO range 8->11 ==> 44e10800.pinmux PIN 90->93
[    0.499051] gpio gpiochip0: (gpio-0-31): created GPIO range 12->27 ==> 44e10800.pinmux PIN 12->27
[    0.499066] gpio gpiochip0: (gpio-0-31): created GPIO range 28->31 ==> 44e10800.pinmux PIN 30->33
[    0.535940] gpio gpiochip0: (gpio-0-31): added GPIO chardev (254:0)
[    0.536158] gpio gpiochip0: registered GPIOs 512 to 543 on gpio-0-31
[    0.536255] OMAP GPIO hardware version 0.1
[    0.571180] i2c i2c-2: using DT '/ocp/interconnect@48000000/segment@100000/target-module@9c000/i2c@0' for 'scl' GPIO lookup
[    0.571256] of_get_named_gpiod_flags: can't parse 'scl-gpios' property of node '/ocp/interconnect@48000000/segment@100000/target-module@9c000/i2c@0[0]'
[    0.571298] of_get_named_gpiod_flags: can't parse 'scl-gpio' property of node '/ocp/interconnect@48000000/segment@100000/target-module@9c000/i2c@0[0]'
[    0.571335] i2c i2c-2: using lookup tables for GPIO lookup
[    0.571345] i2c i2c-2: No GPIO consumer scl found
[    0.571366] i2c i2c-2: using DT '/ocp/interconnect@48000000/segment@100000/target-module@9c000/i2c@0' for 'sda' GPIO lookup
[    0.571401] of_get_named_gpiod_flags: can't parse 'sda-gpios' property of node '/ocp/interconnect@48000000/segment@100000/target-module@9c000/i2c@0[0]'
[    0.571437] of_get_named_gpiod_flags: can't parse 'sda-gpio' property of node '/ocp/interconnect@48000000/segment@100000/target-module@9c000/i2c@0[0]'
[    0.571469] i2c i2c-2: using lookup tables for GPIO lookup
[    0.571476] i2c i2c-2: No GPIO consumer sda found
[    0.572315] omap_i2c 4819c000.i2c: bus 2 rev0.11 at 100 kHz
[    0.577946] gpiochip_find_base_unlocked: found new base at 544
[    0.578049] gpio gpiochip1: (gpio-32-63): created GPIO range 0->17 ==> 44e10800.pinmux PIN 34->51
[    0.578069] gpio gpiochip1: (gpio-32-63): created GPIO range 18->21 ==> 44e10800.pinmux PIN 77->80
[    0.578085] gpio gpiochip1: (gpio-32-63): created GPIO range 22->31 ==> 44e10800.pinmux PIN 56->65
[    0.597022] gpio gpiochip1: (gpio-32-63): added GPIO chardev (254:1)
[    0.597262] gpio gpiochip1: registered GPIOs 544 to 575 on gpio-32-63
[    0.599606] gpiochip_find_base_unlocked: found new base at 576
[    0.599700] gpio gpiochip2: (gpio-64-95): created GPIO range 0->4 ==> 44e10800.pinmux PIN 66->70
[    0.599720] gpio gpiochip2: (gpio-64-95): created GPIO range 5->6 ==> 44e10800.pinmux PIN 98->99
[    0.599736] gpio gpiochip2: (gpio-64-95): created GPIO range 7->8 ==> 44e10800.pinmux PIN 75->76
[    0.599751] gpio gpiochip2: (gpio-64-95): created GPIO range 13->13 ==> 44e10800.pinmux PIN 141->141
[    0.599767] gpio gpiochip2: (gpio-64-95): created GPIO range 14->21 ==> 44e10800.pinmux PIN 100->107
[    0.600422] gpio gpiochip2: (gpio-64-95): added GPIO chardev (254:2)
[    0.600632] gpio gpiochip2: registered GPIOs 576 to 607 on gpio-64-95
[    0.606566] 48000000.interconnect:segment@200000:target-module@0:mpu@0:fck: device ID is greater than 24
[    0.607478] /ocp/interconnect@48000000/segment@300000/target-module@e000/lcdc@0: Fixed dependency cycle(s) with /ocp/interconnect@44c00000/segment@200000/target-module@b000/i2c@0/tda19988@70
[    0.610380] /ocp/interconnect@48000000/segment@300000/target-module@e000/lcdc@0: Fixed dependency cycle(s) with /ocp/interconnect@44c00000/segment@200000/target-module@b000/i2c@0/tda19988@70
[    0.611100] /ocp/interconnect@44c00000/segment@200000/target-module@b000/i2c@0/tda19988@70: Fixed dependency cycle(s) with /ocp/interconnect@48000000/segment@300000/target-module@e000/lcdc@0
[    0.611255] /ocp/interconnect@48000000/segment@300000/target-module@e000/lcdc@0: Fixed dependency cycle(s) with /ocp/interconnect@44c00000/segment@200000/target-module@b000/i2c@0/tda19988@70
[    0.621132] mdio_bus 4a101000.mdio: using DT '/ocp/interconnect@4a000000/segment@0/target-module@100000/switch@0/mdio@1000' for 'reset' GPIO lookup
[    0.621203] of_get_named_gpiod_flags: can't parse 'reset-gpios' property of node '/ocp/interconnect@4a000000/segment@0/target-module@100000/switch@0/mdio@1000[0]'
[    0.621249] of_get_named_gpiod_flags: can't parse 'reset-gpio' property of node '/ocp/interconnect@4a000000/segment@0/target-module@100000/switch@0/mdio@1000[0]'
[    0.621296] mdio_bus 4a101000.mdio: using lookup tables for GPIO lookup
[    0.621306] mdio_bus 4a101000.mdio: No GPIO consumer reset found
[    0.622416] sdhci-omap 481d8000.mmc: using DT '/ocp/interconnect@48000000/segment@100000/target-module@d8000/mmc@0' for 'wp' GPIO lookup
[    0.622478] of_get_named_gpiod_flags: can't parse 'wp-gpios' property of node '/ocp/interconnect@48000000/segment@100000/target-module@d8000/mmc@0[0]'
[    0.622519] of_get_named_gpiod_flags: can't parse 'wp-gpio' property of node '/ocp/interconnect@48000000/segment@100000/target-module@d8000/mmc@0[0]'
[    0.622552] sdhci-omap 481d8000.mmc: using lookup tables for GPIO lookup
[    0.622561] sdhci-omap 481d8000.mmc: No GPIO consumer wp found
[    0.622761] sdhci-omap 481d8000.mmc: supply pbias not found, using dummy regulator
[    0.635250] sdhci-omap 481d8000.mmc: supply vqmmc not found, using dummy regulator
[    0.662521] davinci_mdio 4a101000.mdio: davinci mdio revision 1.6, bus freq 1000000
[    0.678355] mdio_bus 4a101000.mdio:00: using DT '/ocp/interconnect@4a000000/segment@0/target-module@100000/switch@0/mdio@1000/ethernet-phy@0' for 'reset' GPIO lookup
[    0.678466] of_get_named_gpiod_flags: parsed 'reset-gpios' property of node '/ocp/interconnect@4a000000/segment@0/target-module@100000/switch@0/mdio@1000/ethernet-phy@0[0]' - status (0)
[    0.678635] gpio gpiochip0: Persistence not supported for GPIO 8
[    0.800455] davinci_mdio 4a101000.mdio: phy[0]: device 4a101000.mdio:00, driver SMSC LAN8710/LAN8720
[    0.801232] cpsw-switch 4a100000.switch: initialized cpsw ale version 1.4
[    0.801252] cpsw-switch 4a100000.switch: ALE Table size 1024, Policers 0
[    0.801664] cpsw-switch 4a100000.switch: cpts: overflow check period 500 (jiffies)
[    0.801687] cpsw-switch 4a100000.switch: CPTS: ref_clk_freq:250000000 calc_mult:2147483648 calc_shift:29 error:0 nsec/sec
[    0.801806] cpsw-switch 4a100000.switch: Detected MACID = 6c:ec:eb:68:de:78
[    0.803650] cpsw-switch 4a100000.switch: initialized (regs 0x4a100000, pool size 256) hw_ver:0019010C 1.12 (0)
[    0.814768] debugfs: '49000000.dma' already exists in 'dmaengine'
[    0.814811] edma 49000000.dma: TI EDMA DMA engine driver
[    0.854518] gpio-clk clk_mcasp0: using DT '/clk_mcasp0' for 'enable' GPIO lookup
[    0.854597] of_get_named_gpiod_flags: parsed 'enable-gpios' property of node '/clk_mcasp0[0]' - status (0)
[    0.854645] gpio gpiochip0: Persistence not supported for GPIO 27
[    0.855541] gpiochip_find_base_unlocked: found new base at 608
[    0.855652] gpio gpiochip3: (gpio-96-127): created GPIO range 0->7 ==> 44e10800.pinmux PIN 82->89
[    0.855674] gpio gpiochip3: (gpio-96-127): created GPIO range 8->11 ==> 44e10800.pinmux PIN 52->55
[    0.855689] gpio gpiochip3: (gpio-96-127): created GPIO range 12->15 ==> 44e10800.pinmux PIN 94->97
[    0.855704] gpio gpiochip3: (gpio-96-127): created GPIO range 16->17 ==> 44e10800.pinmux PIN 71->72
[    0.855719] gpio gpiochip3: (gpio-96-127): created GPIO range 18->18 ==> 44e10800.pinmux PIN 135->135
[    0.855737] gpio gpiochip3: (gpio-96-127): created GPIO range 19->20 ==> 44e10800.pinmux PIN 108->109
[    0.855759] gpio gpiochip3: (gpio-96-127): created GPIO range 21->21 ==> 44e10800.pinmux PIN 73->73
[    0.855776] gpio gpiochip3: (gpio-96-127): created GPIO range 22->23 ==> 44e10800.pinmux PIN 8->9
[    0.855793] gpio gpiochip3: (gpio-96-127): created GPIO range 26->27 ==> 44e10800.pinmux PIN 10->11
[    0.855811] gpio gpiochip3: (gpio-96-127): created GPIO range 28->28 ==> 44e10800.pinmux PIN 74->74
[    0.855828] gpio gpiochip3: (gpio-96-127): created GPIO range 29->29 ==> 44e10800.pinmux PIN 81->81
[    0.855847] gpio gpiochip3: (gpio-96-127): created GPIO range 30->31 ==> 44e10800.pinmux PIN 28->29
[    0.876167] gpio gpiochip3: (gpio-96-127): added GPIO chardev (254:3)
[    0.876420] gpio gpiochip3: registered GPIOs 608 to 639 on gpio-96-127
[    0.889080] omap8250 44e09000.serial: using DT '/ocp/interconnect@44c00000/segment@200000/target-module@9000/serial@0' for 'rs485-term' GPIO lookup
[    0.889157] of_get_named_gpiod_flags: can't parse 'rs485-term-gpios' property of node '/ocp/interconnect@44c00000/segment@200000/target-module@9000/serial@0[0]'
[    0.889202] of_get_named_gpiod_flags: can't parse 'rs485-term-gpio' property of node '/ocp/interconnect@44c00000/segment@200000/target-module@9000/serial@0[0]'
[    0.889238] omap8250 44e09000.serial: using lookup tables for GPIO lookup
[    0.889249] omap8250 44e09000.serial: No GPIO consumer rs485-term found
[    0.889259] omap8250 44e09000.serial: using DT '/ocp/interconnect@44c00000/segment@200000/target-module@9000/serial@0' for 'rs485-rx-during-tx' GPIO lookup
[    0.889293] of_get_named_gpiod_flags: can't parse 'rs485-rx-during-tx-gpios' property of node '/ocp/interconnect@44c00000/segment@200000/target-module@9000/serial@0[0]'
[    0.889330] of_get_named_gpiod_flags: can't parse 'rs485-rx-during-tx-gpio' property of node '/ocp/interconnect@44c00000/segment@200000/target-module@9000/serial@0[0]'
[    0.889361] omap8250 44e09000.serial: using lookup tables for GPIO lookup
[    0.889369] omap8250 44e09000.serial: No GPIO consumer rs485-rx-during-tx found
[    0.889812] 44e09000.serial: ttyS0 at MMIO 0x44e09000 (irq = 34, base_baud = 3000000) is a 8250
[    0.889904] printk: legacy console [ttyS0] enabled
[    2.455940] i2c i2c-0: using DT '/ocp/interconnect@44c00000/segment@200000/target-module@b000/i2c@0' for 'scl' GPIO lookup
[    2.456026] of_get_named_gpiod_flags: can't parse 'scl-gpios' property of node '/ocp/interconnect@44c00000/segment@200000/target-module@b000/i2c@0[0]'
[    2.456074] of_get_named_gpiod_flags: can't parse 'scl-gpio' property of node '/ocp/interconnect@44c00000/segment@200000/target-module@b000/i2c@0[0]'
[    2.456114] i2c i2c-0: using lookup tables for GPIO lookup
[    2.456127] i2c i2c-0: No GPIO consumer scl found
[    2.456152] i2c i2c-0: using DT '/ocp/interconnect@44c00000/segment@200000/target-module@b000/i2c@0' for 'sda' GPIO lookup
[    2.456190] of_get_named_gpiod_flags: can't parse 'sda-gpios' property of node '/ocp/interconnect@44c00000/segment@200000/target-module@b000/i2c@0[0]'
[    2.456230] of_get_named_gpiod_flags: can't parse 'sda-gpio' property of node '/ocp/interconnect@44c00000/segment@200000/target-module@b000/i2c@0[0]'
[    2.456266] i2c i2c-0: using lookup tables for GPIO lookup
[    2.456277] i2c i2c-0: No GPIO consumer sda found
[    2.472494] tps65217-pmic: Failed to locate of_node [id: -1]
[    2.478569] tps65217-bl: Failed to locate of_node [id: -1]
[    2.484641] platform tps65217-charger: DMA mask not set
[    2.490681] platform tps65217-pwrbutton: DMA mask not set
[    2.497990] tps65217 0-0024: TPS65217 ID 0xe version 1.2
[    2.504099] /ocp/interconnect@48000000/segment@300000/target-module@e000/lcdc@0: Fixed dependency cycle(s) with /ocp/interconnect@44c00000/segment@200000/target-module@b000/i2c@0/tda19988@70
[    2.521475] /ocp/interconnect@44c00000/segment@200000/target-module@b000/i2c@0/tda19988@70: Fixed dependency cycle(s) with /ocp/interconnect@48000000/segment@300000/target-module@e000/lcdc@0
[    2.538881] omap_i2c 44e0b000.i2c: bus 0 rev0.11 at 400 kHz
[    2.546555] sdhci-omap 48060000.mmc: using DT '/ocp/interconnect@48000000/segment@0/target-module@60000/mmc@0' for 'cd' GPIO lookup
[    2.546663] of_get_named_gpiod_flags: parsed 'cd-gpios' property of node '/ocp/interconnect@48000000/segment@0/target-module@60000/mmc@0[0]' - status (0)
[    2.546732] gpio gpiochip3: Persistence not supported for GPIO 6
[    2.546766] omap_gpio 44e07000.gpio: Could not set line 6 debounce to 200000 microseconds (-22)
[    2.555690] sdhci-omap 48060000.mmc: Got CD GPIO
[    2.560342] sdhci-omap 48060000.mmc: using DT '/ocp/interconnect@48000000/segment@0/target-module@60000/mmc@0' for 'wp' GPIO lookup
[    2.560391] of_get_named_gpiod_flags: can't parse 'wp-gpios' property of node '/ocp/interconnect@48000000/segment@0/target-module@60000/mmc@0[0]'
[    2.560434] of_get_named_gpiod_flags: can't parse 'wp-gpio' property of node '/ocp/interconnect@48000000/segment@0/target-module@60000/mmc@0[0]'
[    2.560472] sdhci-omap 48060000.mmc: using lookup tables for GPIO lookup
[    2.560486] sdhci-omap 48060000.mmc: No GPIO consumer wp found
[    2.560695] sdhci-omap 48060000.mmc: supply pbias not found, using dummy regulator
[    2.569498] sdhci-omap 481d8000.mmc: using DT '/ocp/interconnect@48000000/segment@100000/target-module@d8000/mmc@0' for 'wp' GPIO lookup
[    2.569574] of_get_named_gpiod_flags: can't parse 'wp-gpios' property of node '/ocp/interconnect@48000000/segment@100000/target-module@d8000/mmc@0[0]'
[    2.569621] of_get_named_gpiod_flags: can't parse 'wp-gpio' property of node '/ocp/interconnect@48000000/segment@100000/target-module@d8000/mmc@0[0]'
[    2.569659] sdhci-omap 481d8000.mmc: using lookup tables for GPIO lookup
[    2.569674] sdhci-omap 481d8000.mmc: No GPIO consumer wp found
[    2.570675] sdhci-omap 48060000.mmc: supply vqmmc not found, using dummy regulator
[    2.579789] sdhci-omap 481d8000.mmc: supply pbias not found, using dummy regulator
[    2.614838] sdhci-omap 481d8000.mmc: supply vqmmc not found, using dummy regulator
[    2.732148] mmc1: SDHCI controller on 481d8000.mmc [481d8000.mmc] using External DMA
[    2.740484] mmc0: SDHCI controller on 48060000.mmc [48060000.mmc] using External DMA
[    2.749399] cpsw-switch 4a100000.switch: starting ndev. mode: dual_mac
[    2.821826] mmc1: new high speed MMC card at address 0001
[    2.828649] mmcblk1: mmc1:0001 MMC04G 3.60 GiB
[    2.836342]  mmcblk1: p1 p2
[    2.840069] SMSC LAN8710/LAN8720 4a101000.mdio:00: attached PHY driver (mii_bus:phy_addr=4a101000.mdio:00, irq=POLL)
[    2.852646] mmcblk1boot0: mmc1:0001 MMC04G 2.00 MiB
[    2.866498] mmcblk1boot1: mmc1:0001 MMC04G 2.00 MiB
[    2.875444] mmcblk1rpmb: mmc1:0001 MMC04G 128 KiB, chardev (249:0)
[    2.904657] mmc0: new high speed SDHC card at address aaaa
[    2.911494] mmcblk0: mmc0:aaaa SE32G 29.7 GiB
[    2.920637]  mmcblk0: p1 p2
[    6.002328] cpsw-switch 4a100000.switch eth0: Link is Up - 100Mbps/Full - flow control off
[    6.041804] IP-Config: Complete:
[    6.045082]      device=eth0, hwaddr=6c:ec:eb:68:de:78, ipaddr=192.168.255.1, mask=255.255.255.0, gw=255.255.255.255
[    6.055760]      host=bbb1, domain=, nis-domain=(none)
[    6.060932]      bootserver=192.168.255.126, rootserver=192.168.255.126, rootpath=
[    6.061351] clk: Disabling unused clocks
[    6.073246] KTAP version 1
[    6.075977] 1..0
[    6.078408] check access for rdinit=/init failed: -2, ignoring
[    6.111297] VFS: Mounted root (nfs filesystem) on device 0:17.
[    6.118360] devtmpfs: mounted
[    6.123142] Freeing unused kernel image (initmem) memory: 1024K
[    6.129755] Run /sbin/init as init process
[    6.133979]   with arguments:
[    6.133994]     /sbin/init
[    6.134004]     nfsrootdebug
[    6.134013]   with environment:
[    6.134021]     HOME=/
[    6.134030]     TERM=linux
[    6.802125] systemd[1]: System time before build time, advancing clock.
[    8.321576] random: crng init done
[    8.334136] systemd[1]: systemd 232 running in system mode. (+PAM +AUDIT +SELINUX +IMA +APPARMOR +SMACK +SYSVINIT +UTMP +LIBCRYPTSETUP +GCRYPT +GNUTLS +ACL +XZ +LZ4 +SECCOMP +BLKID +ELFUTILS +KMOD +IDN)
[    8.353240] systemd[1]: Detected architecture arm.
[    8.384699] systemd[1]: Set hostname to <arm>.
[    9.476175] systemd[1]: Reached target Swap.
[    9.505593] systemd[1]: systemd-journald.socket: SO_PASSSEC failed: Operation not supported
[    9.514527] systemd[1]: systemd-journald.socket: SO_PASSSEC failed: Operation not supported
[    9.523269] systemd[1]: Listening on Journal Socket.
[    9.552815] systemd[1]: Listening on Journal Audit Socket.
[    9.583637] systemd[1]: Listening on /dev/initctl Compatibility Named Pipe.
[    9.613540] systemd[1]: Listening on udev Control Socket.
[   11.551426] systemd-journald[85]: Received request to flush runtime journal from PID 1
[   13.285397] omap_prm 44e00d00.prm: sync_state() pending due to 44d00000.cpu
[   14.668553] leds-gpio leds: using DT '/leds/led2' for '(default)' GPIO lookup
[   14.668657] of_get_named_gpiod_flags: parsed 'gpios' property of node '/leds/led2[0]' - status (0)
[   14.668717] gpio gpiochip0: Persistence not supported for GPIO 21
[   14.668732] gpio-533 (?): no flags found for GPIO (default)
[   14.723064] leds-gpio leds: using DT '/leds/led3' for '(default)' GPIO lookup
[   14.723349] of_get_named_gpiod_flags: parsed 'gpios' property of node '/leds/led3[0]' - status (0)
[   14.723419] gpio gpiochip0: Persistence not supported for GPIO 22
[   14.723435] gpio-534 (?): no flags found for GPIO (default)
[   14.771851] leds-gpio leds: using DT '/leds/led4' for '(default)' GPIO lookup
[   14.771948] of_get_named_gpiod_flags: parsed 'gpios' property of node '/leds/led4[0]' - status (0)
[   14.772002] gpio gpiochip0: Persistence not supported for GPIO 23
[   14.772017] gpio-535 (?): no flags found for GPIO (default)
[   14.802213] leds-gpio leds: using DT '/leds/led5' for '(default)' GPIO lookup
[   14.802308] of_get_named_gpiod_flags: parsed 'gpios' property of node '/leds/led5[0]' - status (0)
[   14.802363] gpio gpiochip0: Persistence not supported for GPIO 24
[   14.802378] gpio-536 (?): no flags found for GPIO (default)
[   15.107546] remoteproc remoteproc0: wkup_m3 is available
[   15.445924] at24 2-0054: supply vcc not found, using dummy regulator
[   15.592569] at24 2-0055: supply vcc not found, using dummy regulator
[   15.723156] at24 2-0056: supply vcc not found, using dummy regulator
[   15.828085] at24 2-0057: supply vcc not found, using dummy regulator
[   15.933152] at24 0-0050: using DT '/ocp/interconnect@44c00000/segment@200000/target-module@b000/i2c@0/eeprom@50' for 'wp' GPIO lookup
[   15.933364] of_get_named_gpiod_flags: can't parse 'wp-gpios' property of node '/ocp/interconnect@44c00000/segment@200000/target-module@b000/i2c@0/eeprom@50[0]'
[   15.933476] of_get_named_gpiod_flags: can't parse 'wp-gpio' property of node '/ocp/interconnect@44c00000/segment@200000/target-module@b000/i2c@0/eeprom@50[0]'
[   15.933572] at24 0-0050: using lookup tables for GPIO lookup
[   15.933590] at24 0-0050: No GPIO consumer wp found
[   15.934418] at24 0-0050: 32768 byte 24c256 EEPROM, writable, 1 bytes/write
[   16.026353] input: tps65217_pwrbutton as /devices/platform/ocp/44c00000.interconnect/44c00000.interconnect:segment@200000/44e0b000.target-module/44e0b000.i2c/i2c-0/0-0024/tps65217-pwrbutton/input/input0
[   16.422861] omap_rtc 44e3e000.rtc: registered as rtc0
[   16.428038] omap_rtc 44e3e000.rtc: setting system clock to 2000-01-01T00:00:00 UTC (946684800)
[   16.436844] omap_rtc 44e3e000.rtc: using DT '/ocp/interconnect@44c00000/segment@200000/target-module@3e000/rtc@0' for 'wp' GPIO lookup
[   16.436923] of_get_named_gpiod_flags: can't parse 'wp-gpios' property of node '/ocp/interconnect@44c00000/segment@200000/target-module@3e000/rtc@0[0]'
[   16.436974] of_get_named_gpiod_flags: can't parse 'wp-gpio' property of node '/ocp/interconnect@44c00000/segment@200000/target-module@3e000/rtc@0[0]'
[   16.437015] omap_rtc 44e3e000.rtc: using lookup tables for GPIO lookup
[   16.437030] omap_rtc 44e3e000.rtc: No GPIO consumer wp found
[   16.592797] omap_wdt: OMAP Watchdog Timer Rev 0x01: initial timeout 60 sec
[   16.976961] am335x-phy-driver 47401300.usb-phy: using DT '/ocp/target-module@47400000/usb-phy@1300' for 'reset' GPIO lookup
[   16.977055] of_get_named_gpiod_flags: can't parse 'reset-gpios' property of node '/ocp/target-module@47400000/usb-phy@1300[0]'
[   16.977101] of_get_named_gpiod_flags: can't parse 'reset-gpio' property of node '/ocp/target-module@47400000/usb-phy@1300[0]'
[   16.977137] am335x-phy-driver 47401300.usb-phy: using lookup tables for GPIO lookup
[   16.977153] am335x-phy-driver 47401300.usb-phy: No GPIO consumer reset found
[   16.977167] am335x-phy-driver 47401300.usb-phy: using DT '/ocp/target-module@47400000/usb-phy@1300' for 'vbus-detect' GPIO lookup
[   16.977198] of_get_named_gpiod_flags: can't parse 'vbus-detect-gpios' property of node '/ocp/target-module@47400000/usb-phy@1300[0]'
[   16.977230] of_get_named_gpiod_flags: can't parse 'vbus-detect-gpio' property of node '/ocp/target-module@47400000/usb-phy@1300[0]'
[   16.977257] am335x-phy-driver 47401300.usb-phy: using lookup tables for GPIO lookup
[   16.977268] am335x-phy-driver 47401300.usb-phy: No GPIO consumer vbus-detect found
[   16.977418] am335x-phy-driver 47401300.usb-phy: dummy supplies not allowed for exclusive requests (id=vbus)
[   17.201364] am335x-phy-driver 47401b00.usb-phy: using DT '/ocp/target-module@47400000/usb-phy@1b00' for 'reset' GPIO lookup
[   17.201459] of_get_named_gpiod_flags: can't parse 'reset-gpios' property of node '/ocp/target-module@47400000/usb-phy@1b00[0]'
[   17.201505] of_get_named_gpiod_flags: can't parse 'reset-gpio' property of node '/ocp/target-module@47400000/usb-phy@1b00[0]'
[   17.201813] am335x-phy-driver 47401b00.usb-phy: using lookup tables for GPIO lookup
[   17.201833] am335x-phy-driver 47401b00.usb-phy: No GPIO consumer reset found
[   17.201849] am335x-phy-driver 47401b00.usb-phy: using DT '/ocp/target-module@47400000/usb-phy@1b00' for 'vbus-detect' GPIO lookup
[   17.201892] of_get_named_gpiod_flags: can't parse 'vbus-detect-gpios' property of node '/ocp/target-module@47400000/usb-phy@1b00[0]'
[   17.201928] of_get_named_gpiod_flags: can't parse 'vbus-detect-gpio' property of node '/ocp/target-module@47400000/usb-phy@1b00[0]'
[   17.201955] am335x-phy-driver 47401b00.usb-phy: using lookup tables for GPIO lookup
[   17.201967] am335x-phy-driver 47401b00.usb-phy: No GPIO consumer vbus-detect found
[   17.202118] am335x-phy-driver 47401b00.usb-phy: dummy supplies not allowed for exclusive requests (id=vbus)
[   17.762405] usbcore: registered new interface driver usbfs
[   17.768042] usbcore: registered new interface driver hub
[   17.773657] usbcore: registered new device driver usb
[   18.310729] tda998x 0-0070: found TDA19988
[   18.782738] musb-hdrc musb-hdrc.1: MUSB HDRC host driver
[   18.788159] musb-hdrc musb-hdrc.1: new USB bus registered, assigned bus number 1
[   19.057950] usb usb1: New USB device found, idVendor=1d6b, idProduct=0002, bcdDevice= 6.17
[   19.066491] usb usb1: New USB device strings: Mfr=3, Product=2, SerialNumber=1
[   19.073853] usb usb1: Product: MUSB HDRC host driver
[   19.078850] usb usb1: Manufacturer: Linux 6.17.0-rc2-next-20250818 musb-hcd
[   19.085879] usb usb1: SerialNumber: musb-hdrc.1
[   19.237784] omap-mailbox 480c8000.mailbox: omap mailbox rev 0x400
[   19.305133] remoteproc remoteproc0: powering up wkup_m3
[   19.440021] remoteproc remoteproc0: Direct firmware load for am335x-pm-firmware.elf failed with error -2
[   19.449785] remoteproc remoteproc0: request_firmware failed: -2
[   19.455802] wkup_m3_ipc 44e11324.wkup_m3_ipc: rproc_boot failed
[   19.527495] hub 1-0:1.0: USB hub found
[   19.562274] hub 1-0:1.0: 1 port detected
[   21.654787] ------------[ cut here ]------------
[   21.659482] WARNING: net/8021q/vlan_core.c:236 at vlan_for_each+0x114/0x134, CPU#0: avahi-daemon/168
[   21.668889] RTNL: assertion failed at net/8021q/vlan_core.c (236)
[   21.675071] Modules linked in: rng_core(+) drm_dma_helper drm_client_lib snd_soc_davinci_mcasp snd_soc_ti_udma snd_soc_ti_edma snd_soc_ti_sdma snd_soc_core snd_pcm_dmaengine omap_mailbox snd_pcm snd_timer musb_dsps snd musb_hdrc soundcore tda998x udc_core cec usbcore drm_kms_helper phy_am335x phy_generic cppi41 usb_common drm omap_wdt wkup_m3_ipc rtc_omap watchdog tps65218_pwrbutton drm_panel_orientation_quirks at24 phy_am335x_control wkup_m3_rproc cpufreq_dt leds_gpio led_class autofs4
[   21.718651] CPU: 0 UID: 107 PID: 168 Comm: avahi-daemon Not tainted 6.17.0-rc2-next-20250818 #1 NONE 
[   21.718669] Hardware name: Generic AM33XX (Flattened Device Tree)
[   21.718678] Call trace: 
[   21.718693]  unwind_backtrace from show_stack+0x10/0x14
[   21.718730]  show_stack from dump_stack_lvl+0x50/0x64
[   21.718754]  dump_stack_lvl from __warn+0x88/0x148
[   21.718772]  __warn from warn_slowpath_fmt+0x19c/0x1b0
[   21.718785]  warn_slowpath_fmt from vlan_for_each+0x114/0x134
[   21.718809]  vlan_for_each from cpsw_add_mc_addr+0x40/0xa4
[   21.718838]  cpsw_add_mc_addr from __hw_addr_ref_sync_dev+0x108/0x140
[   21.718869]  __hw_addr_ref_sync_dev from __dev_mc_add+0x7c/0x80
[   21.718894]  __dev_mc_add from igmp6_group_added+0xc8/0xe0
[   21.718923]  igmp6_group_added from __ipv6_dev_mc_inc+0x218/0x364
[   21.718941]  __ipv6_dev_mc_inc from __ipv6_sock_mc_join+0x11c/0x214
[   21.718959]  __ipv6_sock_mc_join from do_ipv6_setsockopt+0x1214/0x1310
[   21.718992]  do_ipv6_setsockopt from ipv6_setsockopt+0x60/0xcc
[   21.719014]  ipv6_setsockopt from udpv6_setsockopt+0x2c/0x6c
[   21.719032]  udpv6_setsockopt from sock_common_setsockopt+0x30/0x40
[   21.719062]  sock_common_setsockopt from do_sock_setsockopt+0x50/0x9c
[   21.719083]  do_sock_setsockopt from __sys_setsockopt+0x70/0xbc
[   21.719103]  __sys_setsockopt from ret_fast_syscall+0x0/0x58
[   21.719120] Exception stack(0xe0125fa8 to 0xe0125ff0)
[   21.719135] 5fa0:                   00000014 b6f3ace8 0000000d 00000029 00000014 bec999ec
[   21.719146] 5fc0: 00000014 b6f3ace8 00000014 00000126 0000000d b6ee3ff4 0046e988 00456558
[   21.719154] 5fe0: b6ef9088 bec999d8 b6ed6309 b6dad41a
[   21.719161] ---[ end trace 0000000000000000 ]---
[   22.066191] tilcdc 4830e000.lcdc: bound 0-0070 (ops tda998x_audio_codec_init [tda998x])
[   22.130590] omap_rng 48310000.rng: Random Number Generator ver. 20
[   22.312564] [drm] Initialized tilcdc 1.0.0 for 4830e000.lcdc on minor 0
[   22.381895] tilcdc 4830e000.lcdc: [drm] Cannot find any crtc or sizes
[   22.398135] tilcdc 4830e000.lcdc: [drm] Cannot find any crtc or sizes
[   24.102230] Bluetooth: Core ver 2.22
[   24.106054] NET: Registered PF_BLUETOOTH protocol family
[   24.111402] Bluetooth: HCI device and connection manager initialized
[   24.118022] Bluetooth: HCI socket layer initialized
[   24.122999] Bluetooth: L2CAP socket layer initialized
[   24.128112] Bluetooth: SCO socket layer initialized
[   24.177045] omap-sham 53100000.sham: hw accel on OMAP rev 4.3
[   24.221889] omap-aes 53500000.aes: OMAP AES hw accel rev: 3.2
[   24.263694] PM: Cannot get wkup_m3_ipc handle
[   24.328472] omap-sham 53100000.sham: will run requests pump with realtime priority
[   24.337251] PM: Cannot get wkup_m3_ipc handle
[   24.404993] omap-aes 53500000.aes: will run requests pump with realtime priority
[   24.420198] PM: Cannot get wkup_m3_ipc handle
[   28.367673] tda998x 0-0070: using DT '/ocp/interconnect@44c00000/segment@200000/target-module@b000/i2c@0/tda19988@70' for 'nxp,calib' GPIO lookup
[   28.367992] of_get_named_gpiod_flags: parsed 'nxp,calib-gpios' property of node '/ocp/interconnect@44c00000/segment@200000/target-module@b000/i2c@0/tda19988@70[0]' - status (0)
[   28.368082] gpio gpiochip0: Persistence not supported for GPIO 25
[   28.368097] gpio-537 (nxp,calib): no flags found for GPIO nxp,calib
[   28.374289] PM: Cannot get wkup_m3_ipc handle
[   28.380079] asoc-simple-card sound: using DT '/sound' for 'simple-audio-card,hp-det' GPIO lookup
[   28.380149] of_get_named_gpiod_flags: can't parse 'simple-audio-card,hp-det-gpios' property of node '/sound[0]'
[   28.380186] of_get_named_gpiod_flags: can't parse 'simple-audio-card,hp-det-gpio' property of node '/sound[0]'
[   28.380210] asoc-simple-card sound: using lookup tables for GPIO lookup
[   28.380224] asoc-simple-card sound: No GPIO consumer simple-audio-card,hp-det found
[   28.380239] asoc-simple-card sound: using DT '/sound' for 'simple-audio-card,mic-det' GPIO lookup
[   28.380264] of_get_named_gpiod_flags: can't parse 'simple-audio-card,mic-det-gpios' property of node '/sound[0]'
[   28.380289] of_get_named_gpiod_flags: can't parse 'simple-audio-card,mic-det-gpio' property of node '/sound[0]'
[   28.380308] asoc-simple-card sound: using lookup tables for GPIO lookup
[   28.380320] asoc-simple-card sound: No GPIO consumer simple-audio-card,mic-det found
[   28.388027] gpio-537 (nxp,calib): gpiod_direction_output_nonotify: tried to set a GPIO tied to an IRQ as output
[   28.469642] PM: Cannot get wkup_m3_ipc handle
[   28.649627] tda9950 0-0034: TDA9950 CEC interface, hardware version 3.3
[   28.759987] PM: Cannot get wkup_m3_ipc handle
[   29.865460] userial_init: registered 8 ttyGS* devices
[   30.099435] rndis_register: configNr = 0
[   30.163000] udc musb-hdrc.0: binding gadget driver [g_multi]
[   30.163094] configfs-gadget.g_multi gadget.0: adding 'rndis'/50213b0e to config 'c'/d94d9540
[   30.164206] configfs-gadget.g_multi gadget.0: HOST MAC 1c:ba:8c:a2:ed:6c
[   30.170982] configfs-gadget.g_multi gadget.0: MAC 1c:ba:8c:a2:ed:70
[   30.177539] rndis_set_param_medium: 0 0
[   30.177564] configfs-gadget.g_multi gadget.0: RNDIS: IN/ep1in OUT/ep1out NOTIFY/ep2in
[   30.177581] configfs-gadget.g_multi gadget.0: adding 'cdc_ethernet'/97c87c97 to config 'c'/d94d9540
[   30.178535] configfs-gadget.g_multi gadget.0: HOST MAC 1c:ba:8c:a2:ed:6c
[   30.185405] configfs-gadget.g_multi gadget.0: MAC 1c:ba:8c:a2:ed:6d
[   30.191785] configfs-gadget.g_multi gadget.0: CDC Ethernet: IN/ep3in OUT/ep2out NOTIFY/ep4in
[   30.191805] configfs-gadget.g_multi gadget.0: adding 'acm'/6dd51ea7 to config 'c'/d94d9540
[   30.191855] configfs-gadget.g_multi gadget.0: acm ttyGS0: IN/ep5in OUT/ep3out NOTIFY/ep6in
[   30.192965] PM: Cannot get wkup_m3_ipc handle
[   31.451926] configfs-gadget.g_multi gadget.0: eth_open
[   36.390404] gs_open: ttyGS0 (bfbf198b,79a0810a)
[   36.390532] gs_close: ttyGS0 (bfbf198b,79a0810a) ...
[   36.390552] gs_close: ttyGS0 (bfbf198b,79a0810a) done!
[   36.397595] gs_open: ttyGS0 (c33656b0,acd17aa8)
[   36.397720] gs_close: ttyGS0 (c33656b0,acd17aa8) ...
[   36.397738] gs_close: ttyGS0 (c33656b0,acd17aa8) done!
[   36.553562] gs_open: ttyGS0 (6250332e,0bcf27df)
[   36.553802] gs_close: ttyGS0 (6250332e,0bcf27df) ...
[   36.553828] gs_close: ttyGS0 (6250332e,0bcf27df) done!
[   36.555464] gs_open: ttyGS0 (6250332e,acd17aa8)
PLGUQLAFLL 0
root@arm:~# echo 'UFGJ''HMXWLF'
UFGJHMXWLF
root@arm:~# MARKER='WFTE''CHGLSK' run 'modprobe test_linear_ranges'
WFTECHGLSKWFTECHGLSK 0
root@arm:~# echo 'KEZC''XNLHNT'
KEZCXNLHNT
root@arm:~# MARKER='CCSJ''FJKJBT' run dmesg
CCSJFJKJBT[    0.000000] Booting Linux on physical CPU 0x0
[    0.000000] Linux version 6.17.0-rc2-next-20250818 (user01@drvtest01) (arm-none-eabi-gcc (Arm GNU Toolchain 14.2.Rel1 (Build arm-14.52)) 14.2.1 20241119, GNU ld (Arm GNU Toolchain 14.2.Rel1 (Build arm-14.52)) 2.43.1.20241119) #1 SMP Mon Aug 18 08:02:37 EEST 2025
[    0.000000] CPU: ARMv7 Processor [413fc082] revision 2 (ARMv7), cr=10c5387d
[    0.000000] CPU: PIPT / VIPT nonaliasing data cache, VIPT aliasing instruction cache
[    0.000000] OF: fdt: Machine model: TI AM335x BeagleBone Black
[    0.000000] Memory policy: Data cache writeback
[    0.000000] cma: Reserved 16 MiB at 0x9e800000
[    0.000000] Zone ranges:
[    0.000000]   Normal   [mem 0x0000000080000000-0x000000009fdfffff]
[    0.000000]   HighMem  empty
[    0.000000] Movable zone start for each node
[    0.000000] Early memory node ranges
[    0.000000]   node   0: [mem 0x0000000080000000-0x000000009fdfffff]
[    0.000000] Initmem setup node 0 [mem 0x0000000080000000-0x000000009fdfffff]
[    0.000000] On node 0, zone Normal: 512 pages in unavailable ranges
[    0.000000] OF: reserved mem: Reserved memory: No reserved-memory node in the DT
[    0.000000] CPU: All CPU(s) started in SVC mode.
[    0.000000] AM335X ES2.1 (sgx neon)
[    0.000000] percpu: Embedded 17 pages/cpu s39820 r8192 d21620 u69632
[    0.000000] pcpu-alloc: s39820 r8192 d21620 u69632 alloc=17*4096
[    0.000000] pcpu-alloc: [0] 0 
[    0.000000] Kernel command line: console=ttyO0,115200n8 root=/dev/nfs rw nfsroot=192.168.255.126:/home/user01/nfs,nfsvers=3 ip=192.168.255.1:192.168.255.126::255.255.255.0:bbb1:eth0 nfsrootdebug
[    0.000000] Unknown kernel command line parameters "nfsrootdebug", will be passed to user space.
[    0.000000] printk: log buffer data + meta data: 65536 + 204800 = 270336 bytes
[    0.000000] Dentry cache hash table entries: 65536 (order: 6, 262144 bytes, linear)
[    0.000000] Inode-cache hash table entries: 32768 (order: 5, 131072 bytes, linear)
[    0.000000] Built 1 zonelists, mobility grouping on.  Total pages: 130560
[    0.000000] mem auto-init: stack:off, heap alloc:off, heap free:off
[    0.000000] SLUB: HWalign=16, Order=0-3, MinObjects=0, CPUs=1, Nodes=1
[    0.000000] rcu: Hierarchical RCU implementation.
[    0.000000] rcu: 	RCU event tracing is enabled.
[    0.000000] rcu: 	RCU restricting CPUs from NR_CPUS=2 to nr_cpu_ids=1.
[    0.000000] 	Tracing variant of Tasks RCU enabled.
[    0.000000] rcu: RCU calculated value of scheduler-enlistment delay is 10 jiffies.
[    0.000000] rcu: Adjusting geometry for rcu_fanout_leaf=16, nr_cpu_ids=1
[    0.000000] RCU Tasks Trace: Setting shift to 0 and lim to 1 rcu_task_cb_adjust=1 rcu_task_cpu_ids=1.
[    0.000000] NR_IRQS: 16, nr_irqs: 16, preallocated irqs: 16
[    0.000000] IRQ: Found an INTC at 0x(ptrval) (revision 5.0) with 128 interrupts
[    0.000000] rcu: srcu_init: Setting srcu_struct sizes based on contention.
[    0.000000] TI gptimer clocksource: always-on /ocp/interconnect@44c00000/segment@200000/target-module@31000
[    0.000002] sched_clock: 32 bits at 24MHz, resolution 41ns, wraps every 89478484971ns
[    0.000026] clocksource: dmtimer: mask: 0xffffffff max_cycles: 0xffffffff, max_idle_ns: 79635851949 ns
[    0.000521] TI gptimer clockevent: 24000000 Hz at /ocp/interconnect@48000000/segment@0/target-module@40000
[    0.002103] Console: colour dummy device 80x30
[    0.002169] WARNING: Your 'console=ttyO0' has been replaced by 'ttyS0'
[    0.002176] This ensures that you still see kernel messages. Please
[    0.002181] update your kernel commandline.
[    0.002224] Calibrating delay loop... 996.14 BogoMIPS (lpj=4980736)
[    0.090569] CPU: Testing write buffer coherency: ok
[    0.090678] CPU0: Spectre v2: using BPIALL workaround
[    0.090688] pid_max: default: 32768 minimum: 301
[    0.090847] LSM: initializing lsm=capability
[    0.091009] Mount-cache hash table entries: 1024 (order: 0, 4096 bytes, linear)
[    0.091029] Mountpoint-cache hash table entries: 1024 (order: 0, 4096 bytes, linear)
[    0.092599] CPU0: thread -1, cpu 0, socket -1, mpidr 0
[    0.092658] cacheinfo: Unable to detect cache hierarchy for CPU 0
[    0.094679] Setting up static identity map for 0x80100000 - 0x80100078
[    0.094996] rcu: Hierarchical SRCU implementation.
[    0.095007] rcu: 	Max phase no-delay instances is 1000.
[    0.096723] smp: Bringing up secondary CPUs ...
[    0.096778] smp: Brought up 1 node, 1 CPU
[    0.096791] SMP: Total of 1 processors activated (996.14 BogoMIPS).
[    0.096802] CPU: All CPU(s) started in SVC mode.
[    0.097007] Memory: 480856K/522240K available (11264K kernel code, 1219K rwdata, 2936K rodata, 1024K init, 253K bss, 23352K reserved, 16384K cma-reserved, 0K highmem)
[    0.097830] devtmpfs: initialized
[    0.114931] VFP support v0.3: implementor 41 architecture 3 part 30 variant c rev 3
[    0.115568] clocksource: jiffies: mask: 0xffffffff max_cycles: 0xffffffff, max_idle_ns: 19112604462750000 ns
[    0.115623] posixtimers hash table entries: 512 (order: 0, 4096 bytes, linear)
[    0.115650] futex hash table entries: 256 (16384 bytes on 1 NUMA nodes, total 16 KiB, linear).
[    0.116773] pinctrl core: initialized pinctrl subsystem
[    0.118900] NET: Registered PF_NETLINK/PF_ROUTE protocol family
[    0.122030] DMA: preallocated 256 KiB pool for atomic coherent allocations
[    0.122633] audit: initializing netlink subsys (disabled)
[    0.123947] thermal_sys: Registered thermal governor 'fair_share'
[    0.123962] thermal_sys: Registered thermal governor 'step_wise'
[    0.123971] thermal_sys: Registered thermal governor 'user_space'
[    0.124082] audit: type=2000 audit(0.120:1): state=initialized audit_enabled=0 res=1
[    0.124150] cpuidle: using governor menu
[    0.142331] /ocp/interconnect@44c00000/segment@200000/target-module@b000/i2c@0/tda19988@70: Fixed dependency cycle(s) with /ocp/interconnect@48000000/segment@300000/target-module@e000/lcdc@0
[    0.143448] /ocp/interconnect@48000000/segment@300000/target-module@e000/lcdc@0: Fixed dependency cycle(s) with /ocp/interconnect@44c00000/segment@200000/target-module@b000/i2c@0/tda19988@70
[    0.145682] No ATAGs?
[    0.145724] hw-breakpoint: debug architecture 0x4 unsupported.
[    0.148837] kprobes: kprobe jump-optimization is enabled. All kprobes are optimized if possible.
[    0.153575] iommu: Default domain type: Translated
[    0.153598] iommu: DMA domain TLB invalidation policy: strict mode
[    0.155166] reg-fixed-voltage fixedregulator0: using DT '/fixedregulator0' for '(default)' GPIO lookup
[    0.155221] of_get_named_gpiod_flags: can't parse 'gpios' property of node '/fixedregulator0[0]'
[    0.155250] of_get_named_gpiod_flags: can't parse 'gpio' property of node '/fixedregulator0[0]'
[    0.155268] reg-fixed-voltage fixedregulator0: using lookup tables for GPIO lookup
[    0.155279] reg-fixed-voltage fixedregulator0: No GPIO consumer (default) found
[    0.161740] SCSI subsystem initialized
[    0.162226] libata version 3.00 loaded.
[    0.162612] pps_core: LinuxPPS API ver. 1 registered
[    0.162622] pps_core: Software ver. 5.3.6 - Copyright 2005-2007 Rodolfo Giometti <giometti@linux.it>
[    0.162646] PTP clock support registered
[    0.171175] vgaarb: loaded
[    0.171549] clocksource: Switched to clocksource dmtimer
[    0.172222] VFS: Disk quotas dquot_6.6.0
[    0.172280] VFS: Dquot-cache hash table entries: 1024 (order 0, 4096 bytes)
[    0.197312] NET: Registered PF_INET protocol family
[    0.197649] IP idents hash table entries: 8192 (order: 4, 65536 bytes, linear)
[    0.199063] tcp_listen_portaddr_hash hash table entries: 512 (order: 0, 4096 bytes, linear)
[    0.199105] Table-perturb hash table entries: 65536 (order: 6, 262144 bytes, linear)
[    0.199124] TCP established hash table entries: 4096 (order: 2, 16384 bytes, linear)
[    0.199169] TCP bind hash table entries: 4096 (order: 4, 65536 bytes, linear)
[    0.199269] TCP: Hash tables configured (established 4096 bind 4096)
[    0.199387] UDP hash table entries: 256 (order: 1, 14336 bytes, linear)
[    0.199424] UDP-Lite hash table entries: 256 (order: 1, 14336 bytes, linear)
[    0.199609] NET: Registered PF_UNIX/PF_LOCAL protocol family
[    0.212209] RPC: Registered named UNIX socket transport module.
[    0.212232] RPC: Registered udp transport module.
[    0.212237] RPC: Registered tcp transport module.
[    0.212242] RPC: Registered tcp-with-tls transport module.
[    0.212247] RPC: Registered tcp NFSv4.1 backchannel transport module.
[    0.212271] PCI: CLS 0 bytes, default 64
[    0.213666] Initialise system trusted keyrings
[    0.214459] workingset: timestamp_bits=14 max_order=17 bucket_order=3
[    0.216242] NFS: Registering the id_resolver key type
[    0.216341] Key type id_resolver registered
[    0.216348] Key type id_legacy registered
[    0.216458] jffs2: version 2.2. (NAND) (SUMMARY)  Â© 2001-2006 Red Hat, Inc.
[    0.216921] Key type asymmetric registered
[    0.216941] Asymmetric key parser 'x509' registered
[    0.217013] io scheduler mq-deadline registered
[    0.217025] io scheduler kyber registered
[    0.217100] io scheduler bfq registered
[    0.218995] target-module@4b000000:target-module@140000:pmu@0:fck: device ID is greater than 24
[    0.225142] l3-aon-clkctrl:0000:0: failed to disable
[    0.232184] ledtrig-cpu: registered to indicate activity on CPUs
[    0.235927] Serial: 8250/16550 driver, 6 ports, IRQ sharing enabled
[    0.301938] brd: module loaded
[    0.310376] loop: module loaded
[    0.311309] mtdoops: mtd device (mtddev=name/number) must be supplied
[    0.313011] mdio_bus fixed-0: using lookup tables for GPIO lookup
[    0.313035] mdio_bus fixed-0: No GPIO consumer reset found
[    0.314422] i2c_dev: i2c /dev entries driver
[    0.315439] cpuidle: enable-method property 'ti,am3352' found operations
[    0.315879] sdhci: Secure Digital Host Controller Interface driver
[    0.315888] sdhci: Copyright(c) Pierre Ossman
[    0.316075] sdhci-pltfm: SDHCI platform and OF driver helper
[    0.324588] hw perfevents: enabled with armv7_cortex_a8 PMU driver, 5 (8000000f) counters available
[    0.325124] Initializing XFRM netlink socket
[    0.325293] NET: Registered PF_INET6 protocol family
[    0.330954] l3-aon-clkctrl:0000:0: failed to disable
[    0.332609] Segment Routing with IPv6
[    0.332693] In-situ OAM (IOAM) with IPv6
[    0.332787] sit: IPv6, IPv4 and MPLS over IPv4 tunneling driver
[    0.333736] NET: Registered PF_PACKET protocol family
[    0.333762] NET: Registered PF_KEY protocol family
[    0.333895] Key type dns_resolver registered
[    0.334123] ThumbEE CPU extension supported.
[    0.334144] Registering SWP/SWPB emulation handler
[    0.334680] omap_voltage_late_init: Voltage driver support not added
[    0.335343] SmartReflex Class3 initialized
[    0.374802] Loading compiled-in X.509 certificates
[    0.404060] /ocp/interconnect@44c00000/segment@200000/target-module@b000/i2c@0/tda19988@70: Fixed dependency cycle(s) with /ocp/interconnect@48000000/segment@300000/target-module@e000/lcdc@0
[    0.410522] /ocp/interconnect@44c00000/segment@200000/target-module@b000/i2c@0/tda19988@70: Fixed dependency cycle(s) with /ocp/interconnect@48000000/segment@300000/target-module@e000/lcdc@0
[    0.416325] gpiochip_find_base_unlocked: found new base at 512
[    0.451467] /ocp/interconnect@44c00000/segment@200000/target-module@b000/i2c@0/tda19988@70: Fixed dependency cycle(s) with /ocp/interconnect@48000000/segment@300000/target-module@e000/lcdc@0
[    0.452580] /ocp/interconnect@44c00000/segment@200000/target-module@b000/i2c@0/tda19988@70: Fixed dependency cycle(s) with /ocp/interconnect@48000000/segment@300000/target-module@e000/lcdc@0
[    0.456145] /ocp/interconnect@44c00000/segment@200000/target-module@10000/scm@0/pinmux@800: Fixed dependency cycle(s) with /ocp/interconnect@44c00000/segment@200000/target-module@10000/scm@0/pinmux@800/clkout2-pins
[    0.456735] pinctrl-single 44e10800.pinmux: 142 pins, size 568
[    0.462293] ti-sysc 44e31000.target-module: probe with driver ti-sysc failed with error -16
[    0.478608] /ocp/interconnect@48000000/segment@300000/target-module@e000/lcdc@0: Fixed dependency cycle(s) with /ocp/interconnect@44c00000/segment@200000/target-module@b000/i2c@0/tda19988@70
[    0.487141] ti-sysc 48040000.target-module: probe with driver ti-sysc failed with error -16
[    0.498918] gpiochip_find_base_unlocked: found new base at 512
[    0.499016] gpio gpiochip0: (gpio-0-31): created GPIO range 0->7 ==> 44e10800.pinmux PIN 0->7
[    0.499036] gpio gpiochip0: (gpio-0-31): created GPIO range 8->11 ==> 44e10800.pinmux PIN 90->93
[    0.499051] gpio gpiochip0: (gpio-0-31): created GPIO range 12->27 ==> 44e10800.pinmux PIN 12->27
[    0.499066] gpio gpiochip0: (gpio-0-31): created GPIO range 28->31 ==> 44e10800.pinmux PIN 30->33
[    0.535940] gpio gpiochip0: (gpio-0-31): added GPIO chardev (254:0)
[    0.536158] gpio gpiochip0: registered GPIOs 512 to 543 on gpio-0-31
[    0.536255] OMAP GPIO hardware version 0.1
[    0.571180] i2c i2c-2: using DT '/ocp/interconnect@48000000/segment@100000/target-module@9c000/i2c@0' for 'scl' GPIO lookup
[    0.571256] of_get_named_gpiod_flags: can't parse 'scl-gpios' property of node '/ocp/interconnect@48000000/segment@100000/target-module@9c000/i2c@0[0]'
[    0.571298] of_get_named_gpiod_flags: can't parse 'scl-gpio' property of node '/ocp/interconnect@48000000/segment@100000/target-module@9c000/i2c@0[0]'
[    0.571335] i2c i2c-2: using lookup tables for GPIO lookup
[    0.571345] i2c i2c-2: No GPIO consumer scl found
[    0.571366] i2c i2c-2: using DT '/ocp/interconnect@48000000/segment@100000/target-module@9c000/i2c@0' for 'sda' GPIO lookup
[    0.571401] of_get_named_gpiod_flags: can't parse 'sda-gpios' property of node '/ocp/interconnect@48000000/segment@100000/target-module@9c000/i2c@0[0]'
[    0.571437] of_get_named_gpiod_flags: can't parse 'sda-gpio' property of node '/ocp/interconnect@48000000/segment@100000/target-module@9c000/i2c@0[0]'
[    0.571469] i2c i2c-2: using lookup tables for GPIO lookup
[    0.571476] i2c i2c-2: No GPIO consumer sda found
[    0.572315] omap_i2c 4819c000.i2c: bus 2 rev0.11 at 100 kHz
[    0.577946] gpiochip_find_base_unlocked: found new base at 544
[    0.578049] gpio gpiochip1: (gpio-32-63): created GPIO range 0->17 ==> 44e10800.pinmux PIN 34->51
[    0.578069] gpio gpiochip1: (gpio-32-63): created GPIO range 18->21 ==> 44e10800.pinmux PIN 77->80
[    0.578085] gpio gpiochip1: (gpio-32-63): created GPIO range 22->31 ==> 44e10800.pinmux PIN 56->65
[    0.597022] gpio gpiochip1: (gpio-32-63): added GPIO chardev (254:1)
[    0.597262] gpio gpiochip1: registered GPIOs 544 to 575 on gpio-32-63
[    0.599606] gpiochip_find_base_unlocked: found new base at 576
[    0.599700] gpio gpiochip2: (gpio-64-95): created GPIO range 0->4 ==> 44e10800.pinmux PIN 66->70
[    0.599720] gpio gpiochip2: (gpio-64-95): created GPIO range 5->6 ==> 44e10800.pinmux PIN 98->99
[    0.599736] gpio gpiochip2: (gpio-64-95): created GPIO range 7->8 ==> 44e10800.pinmux PIN 75->76
[    0.599751] gpio gpiochip2: (gpio-64-95): created GPIO range 13->13 ==> 44e10800.pinmux PIN 141->141
[    0.599767] gpio gpiochip2: (gpio-64-95): created GPIO range 14->21 ==> 44e10800.pinmux PIN 100->107
[    0.600422] gpio gpiochip2: (gpio-64-95): added GPIO chardev (254:2)
[    0.600632] gpio gpiochip2: registered GPIOs 576 to 607 on gpio-64-95
[    0.606566] 48000000.interconnect:segment@200000:target-module@0:mpu@0:fck: device ID is greater than 24
[    0.607478] /ocp/interconnect@48000000/segment@300000/target-module@e000/lcdc@0: Fixed dependency cycle(s) with /ocp/interconnect@44c00000/segment@200000/target-module@b000/i2c@0/tda19988@70
[    0.610380] /ocp/interconnect@48000000/segment@300000/target-module@e000/lcdc@0: Fixed dependency cycle(s) with /ocp/interconnect@44c00000/segment@200000/target-module@b000/i2c@0/tda19988@70
[    0.611100] /ocp/interconnect@44c00000/segment@200000/target-module@b000/i2c@0/tda19988@70: Fixed dependency cycle(s) with /ocp/interconnect@48000000/segment@300000/target-module@e000/lcdc@0
[    0.611255] /ocp/interconnect@48000000/segment@300000/target-module@e000/lcdc@0: Fixed dependency cycle(s) with /ocp/interconnect@44c00000/segment@200000/target-module@b000/i2c@0/tda19988@70
[    0.621132] mdio_bus 4a101000.mdio: using DT '/ocp/interconnect@4a000000/segment@0/target-module@100000/switch@0/mdio@1000' for 'reset' GPIO lookup
[    0.621203] of_get_named_gpiod_flags: can't parse 'reset-gpios' property of node '/ocp/interconnect@4a000000/segment@0/target-module@100000/switch@0/mdio@1000[0]'
[    0.621249] of_get_named_gpiod_flags: can't parse 'reset-gpio' property of node '/ocp/interconnect@4a000000/segment@0/target-module@100000/switch@0/mdio@1000[0]'
[    0.621296] mdio_bus 4a101000.mdio: using lookup tables for GPIO lookup
[    0.621306] mdio_bus 4a101000.mdio: No GPIO consumer reset found
[    0.622416] sdhci-omap 481d8000.mmc: using DT '/ocp/interconnect@48000000/segment@100000/target-module@d8000/mmc@0' for 'wp' GPIO lookup
[    0.622478] of_get_named_gpiod_flags: can't parse 'wp-gpios' property of node '/ocp/interconnect@48000000/segment@100000/target-module@d8000/mmc@0[0]'
[    0.622519] of_get_named_gpiod_flags: can't parse 'wp-gpio' property of node '/ocp/interconnect@48000000/segment@100000/target-module@d8000/mmc@0[0]'
[    0.622552] sdhci-omap 481d8000.mmc: using lookup tables for GPIO lookup
[    0.622561] sdhci-omap 481d8000.mmc: No GPIO consumer wp found
[    0.622761] sdhci-omap 481d8000.mmc: supply pbias not found, using dummy regulator
[    0.635250] sdhci-omap 481d8000.mmc: supply vqmmc not found, using dummy regulator
[    0.662521] davinci_mdio 4a101000.mdio: davinci mdio revision 1.6, bus freq 1000000
[    0.678355] mdio_bus 4a101000.mdio:00: using DT '/ocp/interconnect@4a000000/segment@0/target-module@100000/switch@0/mdio@1000/ethernet-phy@0' for 'reset' GPIO lookup
[    0.678466] of_get_named_gpiod_flags: parsed 'reset-gpios' property of node '/ocp/interconnect@4a000000/segment@0/target-module@100000/switch@0/mdio@1000/ethernet-phy@0[0]' - status (0)
[    0.678635] gpio gpiochip0: Persistence not supported for GPIO 8
[    0.800455] davinci_mdio 4a101000.mdio: phy[0]: device 4a101000.mdio:00, driver SMSC LAN8710/LAN8720
[    0.801232] cpsw-switch 4a100000.switch: initialized cpsw ale version 1.4
[    0.801252] cpsw-switch 4a100000.switch: ALE Table size 1024, Policers 0
[    0.801664] cpsw-switch 4a100000.switch: cpts: overflow check period 500 (jiffies)
[    0.801687] cpsw-switch 4a100000.switch: CPTS: ref_clk_freq:250000000 calc_mult:2147483648 calc_shift:29 error:0 nsec/sec
[    0.801806] cpsw-switch 4a100000.switch: Detected MACID = 6c:ec:eb:68:de:78
[    0.803650] cpsw-switch 4a100000.switch: initialized (regs 0x4a100000, pool size 256) hw_ver:0019010C 1.12 (0)
[    0.814768] debugfs: '49000000.dma' already exists in 'dmaengine'
[    0.814811] edma 49000000.dma: TI EDMA DMA engine driver
[    0.854518] gpio-clk clk_mcasp0: using DT '/clk_mcasp0' for 'enable' GPIO lookup
[    0.854597] of_get_named_gpiod_flags: parsed 'enable-gpios' property of node '/clk_mcasp0[0]' - status (0)
[    0.854645] gpio gpiochip0: Persistence not supported for GPIO 27
[    0.855541] gpiochip_find_base_unlocked: found new base at 608
[    0.855652] gpio gpiochip3: (gpio-96-127): created GPIO range 0->7 ==> 44e10800.pinmux PIN 82->89
[    0.855674] gpio gpiochip3: (gpio-96-127): created GPIO range 8->11 ==> 44e10800.pinmux PIN 52->55
[    0.855689] gpio gpiochip3: (gpio-96-127): created GPIO range 12->15 ==> 44e10800.pinmux PIN 94->97
[    0.855704] gpio gpiochip3: (gpio-96-127): created GPIO range 16->17 ==> 44e10800.pinmux PIN 71->72
[    0.855719] gpio gpiochip3: (gpio-96-127): created GPIO range 18->18 ==> 44e10800.pinmux PIN 135->135
[    0.855737] gpio gpiochip3: (gpio-96-127): created GPIO range 19->20 ==> 44e10800.pinmux PIN 108->109
[    0.855759] gpio gpiochip3: (gpio-96-127): created GPIO range 21->21 ==> 44e10800.pinmux PIN 73->73
[    0.855776] gpio gpiochip3: (gpio-96-127): created GPIO range 22->23 ==> 44e10800.pinmux PIN 8->9
[    0.855793] gpio gpiochip3: (gpio-96-127): created GPIO range 26->27 ==> 44e10800.pinmux PIN 10->11
[    0.855811] gpio gpiochip3: (gpio-96-127): created GPIO range 28->28 ==> 44e10800.pinmux PIN 74->74
[    0.855828] gpio gpiochip3: (gpio-96-127): created GPIO range 29->29 ==> 44e10800.pinmux PIN 81->81
[    0.855847] gpio gpiochip3: (gpio-96-127): created GPIO range 30->31 ==> 44e10800.pinmux PIN 28->29
[    0.876167] gpio gpiochip3: (gpio-96-127): added GPIO chardev (254:3)
[    0.876420] gpio gpiochip3: registered GPIOs 608 to 639 on gpio-96-127
[    0.889080] omap8250 44e09000.serial: using DT '/ocp/interconnect@44c00000/segment@200000/target-module@9000/serial@0' for 'rs485-term' GPIO lookup
