Labgrid Console Logfile for main
Logfile started at 2024-11-26 07:03:02.388827
=== Log starts here ===

U-Boot SPL 2014.04-00014-g47880f5 (Apr 22 2014 - 13:23:54)
reading args
spl_load_image_fat_os: error reading image args, err - -1
reading u-boot.img
reading u-boot.img


U-Boot 2014.04-00014-g47880f5 (Apr 22 2014 - 13:23:54)

I2C:   ready
DRAM:  512 MiB
NAND:  0 MiB
MMC:   OMAP SD/MMC: 0, OMAP SD/MMC: 1
*** Warning - readenv() failed, using default environment

Net:   <ethaddr> not set. Validating first E-fuse MAC
cpsw, usb_ether
Hit any key to stop autoboot:  1  0 
gpio: pin 53 (gpio 53) value is 1
mmc0 is current device
gpio: pin 54 (gpio 54) value is 1
SD/MMC found on device 0
reading uEnv.txt
569 bytes read in 3 ms (184.6 KiB/s)
gpio: pin 55 (gpio 55) value is 1
Loaded environment from uEnv.txt
Importing environment from mmc ...
Checking if uenvcmd is set ...
gpio: pin 56 (gpio 56) value is 1
Running uenvcmd ...
cpsw Waiting for PHY auto negotiation to complete. done
link up on port 0, speed 100, full duplex
Using cpsw device
TFTP from server 192.168.255.126; our IP address is 192.168.255.1
Filename 'zImage'.
Load address: 0x81000000
Loading: *#################################################################
	 #################################################################
	 #################################################################
	 #################################################################
	 #################################################################
	 #####################################################
	 2.4 MiB/s
done
Bytes transferred = 5536120 (547978 hex)
link up on port 0, speed 100, full duplex
Using cpsw device
TFTP from server 192.168.255.126; our IP address is 192.168.255.1
Filename 'am335x-boneblack.dtb'.
Load address: 0x82000000
Loading: *#######
	 1.2 MiB/s
done
Bytes transferred = 98244 (17fc4 hex)
Kernel image @ 0x81000000 [ 0x000000 - 0x547978 ]
## Flattened Device Tree blob at 82000000
   Booting using the fdt blob at 0x82000000
   Using Device Tree in place at 82000000, end 8201afc3

Starting kernel ...

[    0.000000] Booting Linux on physical CPU 0x0
[    0.000000] Linux version 6.12.0-next-20241126 (user01@drvtest01) (arm-linux-gnueabihf-gcc (Linaro GCC 6.4-2017.11) 6.4.1 20171012, GNU ld (Linaro_Binutils-2017.11) 2.27.0.20161229) #145 SMP Tue Nov 26 07:02:32 EET 2024
[    0.000000] CPU: ARMv7 Processor [413fc082] revision 2 (ARMv7), cr=10c5387d
[    0.000000] CPU: PIPT / VIPT nonaliasing data cache, VIPT aliasing instruction cache
[    0.000000] OF: fdt: Machine model: TI AM335x BeagleBone Black
[    0.000000] Memory policy: Data cache writeback
[    0.000000] cma: Reserved 16 MiB at 0x9e800000 on node -1
[    0.000000] Zone ranges:
[    0.000000]   Normal   [mem 0x0000000080000000-0x000000009fdfffff]
[    0.000000]   HighMem  empty
[    0.000000] Movable zone start for each node
[    0.000000] Early memory node ranges
[    0.000000]   node   0: [mem 0x0000000080000000-0x000000009fdfffff]
[    0.000000] Initmem setup node 0 [mem 0x0000000080000000-0x000000009fdfffff]
[    0.000000] OF: reserved mem: Reserved memory: No reserved-memory node in the DT
[    0.000000] CPU: All CPU(s) started in SVC mode.
[    0.000000] AM335X ES2.1 (sgx neon)
[    0.000000] percpu: Embedded 17 pages/cpu s39564 r8192 d21876 u69632
[    0.000000] Kernel command line: console=ttyO0,115200n8 root=/dev/nfs rw nfsroot=192.168.255.126:/home/user01/nfs,nfsvers=3 ip=192.168.255.1:192.168.255.126::255.255.255.0:bbb1:eth0 nfsrootdebug
[    0.000000] Unknown kernel command line parameters "nfsrootdebug", will be passed to user space.
[    0.000000] printk: log buffer data + meta data: 65536 + 204800 = 270336 bytes
[    0.000000] Dentry cache hash table entries: 65536 (order: 6, 262144 bytes, linear)
[    0.000000] Inode-cache hash table entries: 32768 (order: 5, 131072 bytes, linear)
[    0.000000] Built 1 zonelists, mobility grouping on.  Total pages: 130560
[    0.000000] mem auto-init: stack:off, heap alloc:off, heap free:off
[    0.000000] SLUB: HWalign=64, Order=0-3, MinObjects=0, CPUs=1, Nodes=1
[    0.000000] trace event string verifier disabled
[    0.000000] rcu: Hierarchical RCU implementation.
[    0.000000] rcu: 	RCU event tracing is enabled.
[    0.000000] rcu: 	RCU restricting CPUs from NR_CPUS=2 to nr_cpu_ids=1.
[    0.000000] 	Tracing variant of Tasks RCU enabled.
[    0.000000] rcu: RCU calculated value of scheduler-enlistment delay is 10 jiffies.
[    0.000000] rcu: Adjusting geometry for rcu_fanout_leaf=16, nr_cpu_ids=1
[    0.000000] RCU Tasks Trace: Setting shift to 0 and lim to 1 rcu_task_cb_adjust=1 rcu_task_cpu_ids=1.
[    0.000000] NR_IRQS: 16, nr_irqs: 16, preallocated irqs: 16
[    0.000000] IRQ: Found an INTC at 0x(ptrval) (revision 5.0) with 128 interrupts
[    0.000000] rcu: srcu_init: Setting srcu_struct sizes based on contention.
[    0.000000] TI gptimer clocksource: always-on /ocp/interconnect@44c00000/segment@200000/target-module@31000
[    0.000002] sched_clock: 32 bits at 24MHz, resolution 41ns, wraps every 89478484971ns
[    0.000026] clocksource: dmtimer: mask: 0xffffffff max_cycles: 0xffffffff, max_idle_ns: 79635851949 ns
[    0.000511] TI gptimer clockevent: 24000000 Hz at /ocp/interconnect@48000000/segment@0/target-module@40000
[    0.002152] Console: colour dummy device 80x30
[    0.002218] WARNING: Your 'console=ttyO0' has been replaced by 'ttyS0'
[    0.002225] This ensures that you still see kernel messages. Please
[    0.002230] update your kernel commandline.
[    0.002272] Calibrating delay loop... 996.14 BogoMIPS (lpj=4980736)
[    0.090561] CPU: Testing write buffer coherency: ok
[    0.090680] CPU0: Spectre v2: using BPIALL workaround
[    0.090691] pid_max: default: 32768 minimum: 301
[    0.090818] LSM: initializing lsm=capability
[    0.090990] Mount-cache hash table entries: 1024 (order: 0, 4096 bytes, linear)
[    0.091011] Mountpoint-cache hash table entries: 1024 (order: 0, 4096 bytes, linear)
[    0.092679] CPU0: thread -1, cpu 0, socket -1, mpidr 0
[    0.160941] Setting up static identity map for 0x80100000 - 0x80100078
[    0.170716] rcu: Hierarchical SRCU implementation.
[    0.170726] rcu: 	Max phase no-delay instances is 1000.
[    0.190780] smp: Bringing up secondary CPUs ...
[    0.190836] smp: Brought up 1 node, 1 CPU
[    0.190853] SMP: Total of 1 processors activated (996.14 BogoMIPS).
[    0.190865] CPU: All CPU(s) started in SVC mode.
[    0.191059] Memory: 480840K/522240K available (11264K kernel code, 1213K rwdata, 2896K rodata, 1024K init, 297K bss, 23388K reserved, 16384K cma-reserved, 0K highmem)
[    0.191932] devtmpfs: initialized
[    0.209234] VFP support v0.3: implementor 41 architecture 3 part 30 variant c rev 3
[    0.209588] clocksource: jiffies: mask: 0xffffffff max_cycles: 0xffffffff, max_idle_ns: 19112604462750000 ns
[    0.209621] futex hash table entries: 256 (order: 2, 16384 bytes, linear)
[    0.211128] pinctrl core: initialized pinctrl subsystem
[    0.213975] NET: Registered PF_NETLINK/PF_ROUTE protocol family
[    0.216802] DMA: preallocated 256 KiB pool for atomic coherent allocations
[    0.217720] audit: initializing netlink subsys (disabled)
[    0.219168] thermal_sys: Registered thermal governor 'fair_share'
[    0.219186] thermal_sys: Registered thermal governor 'step_wise'
[    0.219196] thermal_sys: Registered thermal governor 'user_space'
[    0.219352] audit: type=2000 audit(0.210:1): state=initialized audit_enabled=0 res=1
[    0.219390] cpuidle: using governor menu
[    0.237890] /ocp/interconnect@44c00000/segment@200000/target-module@b000/i2c@0/tda19988@70: Fixed dependency cycle(s) with /ocp/interconnect@48000000/segment@300000/target-module@e000/lcdc@0
[    0.239057] /ocp/interconnect@48000000/segment@300000/target-module@e000/lcdc@0: Fixed dependency cycle(s) with /ocp/interconnect@44c00000/segment@200000/target-module@b000/i2c@0/tda19988@70
[    0.241434] No ATAGs?
[    0.241455] hw-breakpoint: debug architecture 0x4 unsupported.
[    0.244220] kprobes: kprobe jump-optimization is enabled. All kprobes are optimized if possible.
[    0.254236] iommu: Default domain type: Translated
[    0.254258] iommu: DMA domain TLB invalidation policy: strict mode
[    0.262476] SCSI subsystem initialized
[    0.263356] pps_core: LinuxPPS API ver. 1 registered
[    0.263367] pps_core: Software ver. 5.3.6 - Copyright 2005-2007 Rodolfo Giometti <giometti@linux.it>
[    0.263392] PTP clock support registered
[    0.270933] vgaarb: loaded
[    0.271347] clocksource: Switched to clocksource dmtimer
[    0.272026] VFS: Disk quotas dquot_6.6.0
[    0.272071] VFS: Dquot-cache hash table entries: 1024 (order 0, 4096 bytes)
[    0.296249] NET: Registered PF_INET protocol family
[    0.296608] IP idents hash table entries: 8192 (order: 4, 65536 bytes, linear)
[    0.298046] tcp_listen_portaddr_hash hash table entries: 512 (order: 0, 4096 bytes, linear)
[    0.298084] Table-perturb hash table entries: 65536 (order: 6, 262144 bytes, linear)
[    0.298100] TCP established hash table entries: 4096 (order: 2, 16384 bytes, linear)
[    0.298143] TCP bind hash table entries: 4096 (order: 4, 65536 bytes, linear)
[    0.298243] TCP: Hash tables configured (established 4096 bind 4096)
[    0.298364] UDP hash table entries: 256 (order: 1, 14336 bytes, linear)
[    0.298401] UDP-Lite hash table entries: 256 (order: 1, 14336 bytes, linear)
[    0.298598] NET: Registered PF_UNIX/PF_LOCAL protocol family
[    0.301995] RPC: Registered named UNIX socket transport module.
[    0.302020] RPC: Registered udp transport module.
[    0.302026] RPC: Registered tcp transport module.
[    0.302031] RPC: Registered tcp-with-tls transport module.
[    0.302036] RPC: Registered tcp NFSv4.1 backchannel transport module.
[    0.302060] PCI: CLS 0 bytes, default 64
[    0.303571] Initialise system trusted keyrings
[    0.311904] workingset: timestamp_bits=14 max_order=17 bucket_order=3
[    0.313238] NFS: Registering the id_resolver key type
[    0.313308] Key type id_resolver registered
[    0.313317] Key type id_legacy registered
[    0.313368] jffs2: version 2.2. (NAND) (SUMMARY)  Â© 2001-2006 Red Hat, Inc.
[    0.313772] Key type asymmetric registered
[    0.313788] Asymmetric key parser 'x509' registered
[    0.313853] io scheduler mq-deadline registered
[    0.313865] io scheduler kyber registered
[    0.313937] io scheduler bfq registered
[    0.315581] ledtrig-cpu: registered to indicate activity on CPUs
[    0.322573] Serial: 8250/16550 driver, 6 ports, IRQ sharing enabled
[    0.367415] brd: module loaded
[    0.385279] loop: module loaded
[    0.386224] mtdoops: mtd device (mtddev=name/number) must be supplied
[    0.401712] i2c_dev: i2c /dev entries driver
[    0.402712] cpuidle: enable-method property 'ti,am3352' found operations
[    0.403163] sdhci: Secure Digital Host Controller Interface driver
[    0.403172] sdhci: Copyright(c) Pierre Ossman
[    0.403345] sdhci-pltfm: SDHCI platform and OF driver helper
[    0.404369] Initializing XFRM netlink socket
[    0.404518] NET: Registered PF_INET6 protocol family
[    0.406569] Segment Routing with IPv6
[    0.406663] In-situ OAM (IOAM) with IPv6
[    0.406762] sit: IPv6, IPv4 and MPLS over IPv4 tunneling driver
[    0.407732] NET: Registered PF_PACKET protocol family
[    0.407771] NET: Registered PF_KEY protocol family
[    0.407900] Key type dns_resolver registered
[    0.408182] ThumbEE CPU extension supported.
[    0.408204] Registering SWP/SWPB emulation handler
[    0.408744] omap_voltage_late_init: Voltage driver support not added
[    0.409098] SmartReflex Class3 initialized
[    0.443926] Loading compiled-in X.509 certificates
[    0.491840] /ocp/interconnect@44c00000/segment@200000/target-module@b000/i2c@0/tda19988@70: Fixed dependency cycle(s) with /ocp/interconnect@48000000/segment@300000/target-module@e000/lcdc@0
[    0.498268] /ocp/interconnect@44c00000/segment@200000/target-module@b000/i2c@0/tda19988@70: Fixed dependency cycle(s) with /ocp/interconnect@48000000/segment@300000/target-module@e000/lcdc@0
[    0.528108] /ocp/interconnect@44c00000/segment@200000/target-module@b000/i2c@0/tda19988@70: Fixed dependency cycle(s) with /ocp/interconnect@48000000/segment@300000/target-module@e000/lcdc@0
[    0.528981] /ocp/interconnect@44c00000/segment@200000/target-module@b000/i2c@0/td a19988@70: Fixed dependency cycle(s) with /ocp/interconnect@48 000000/segment@300000/target-module@e000/lcdc@0
[    0.532716] /ocp/interconnect@44c00000/segment@200000/target-module@10000/scm@0/pinmux@800: Fixed dependency cycle(s) with /ocp/interconnect@4: supply pbias not found, using dummy regulator
[    0.677834] sdhci-omap 481d8000.mmc: supply vqmmc not found, using dummy regulator
[    0.732586] davinci_mdio 4a101000.mdio: davinci mdio revision 1.6, bus freq 1000000
[    0.896578] davinci_mdio 4a101000.mdio: phy[0]: device 4a101000.mdio:00, driver SMSC LAN8710/LAN8720
[    0.897369] cpsw-switch 4a100000.switch: initialized cpsw ale version 1.4
[    0.897392] cpsw-switch 4a100000.switch: ALE Table size 1024, Policers 0
[    0.897658] cpsw-switch 4a100000.switch: cpts: overflow check period 500 (jiffies)
[    0.897678] cpsw-switch 4a100000.switch: CPTS: ref_clk_freq:250000000 calc_mult:2147483648 calc_shift:29 error:0 nsec/sec
[    0.897785] cpsw-switch 4a100000.switch: Detected MACID = 6c:ec:eb:68:de:78
[    0.899616] cpsw-switch 4a100000.switch: initialized (regs 0x4a100000, pool size 256) hw_ver:0019010C 1.12 (0)
[    0.910736] debugfs: Directory '49000000.dma' with parent 'dmaengine' already present!
[    0.910777] edma 49000000.dma: TI EDMA DMA engine driver
[    0.944177] target-module@4b000000:target-module@140000:pmu@0:fck: device ID is greater than 24
[    0.965558] hw perfevents: enabled with armv7_cortex_a8 PMU driver, 5 (8000000f) counters available
[    0.973039] l3-aon-clkctrl:0000:0: failed to disable
[    0.988285] 44e09000.serial: ttyS0 at MMIO 0x44e09000 (irq = 34, base_baud = 3000000) is a 8250
[    0.988375] printk: legacy console [ttyS0] enabled
[    2.502353] tps65217-pmic: Failed to locate of_node [id: -1]
[    2.508422] tps65217-bl: Failed to locate of_node [id: -1]
[    2.519847] tps65217 0-0024: TPS65217 ID 0xe version 1.2
[    2.525992] /ocp/interconnect@48000000/segment@300000/target-module@e000/lcdc@0: Fixed dependency cycle(s) with /ocp/interconnect@44c00000/segment@200000/target-module@b000/i2c@0/tda19988@70
[    2.543389] /ocp/interconnect@44c00000/segment@200000/target-module@b000/i2c@0/tda19988@70: Fixed dependency cycle(s) with /ocp/interconnect@48000000/segment@300000/target-module@e000/lcdc@0
[    2.560747] omap_i2c 44e0b000.i2c: bus 0 rev0.11 at 400 kHz
[    2.568801] omap_gpio 44e07000.gpio: Could not set line 6 debounce to 200000 microseconds (-22)
[    2.577681] sdhci-omap 48060000.mmc: Got CD GPIO
[    2.582724] sdhci-omap 48060000.mmc: supply pbias not found, using dummy regulator
[    2.592809] sdhci-omap 48060000.mmc: supply vqmmc not found, using dummy regulator
[    2.601833] sdhci-omap 481d8000.mmc: supply pbias not found, using dummy regulator
[    2.609825] sdhci-omap 481d8000.mmc: supply vqmmc not found, using dummy regulator
 [    2.647747] mmc0: SDHCI controller on 48060000.mmc [4806000 0.mmc] using External DMA
[    2.656015] mmc1: SDHCI controll er on 481d8000.mmc [481d8000.mmc] using External DMA
[    2.6 64845] cpsw-switch 4a100000.switch: starting ndev. mode: dual_ mac
[  
[    5.922123] cpsw-switch 4a100000.switch eth0: Link is Up - 100Mbps/Full - flow control off
[    5.951367] IP-Config: Complete:
[    5.954636]      device=eth0, hwaddr=6c:ec:eb:68:de:78, ipaddr=192.168.255.1, mask=255.255.255.0, gw=255.255.255.255
[    5.965276]      host=bbb1, domain=, nis-domain=(none)
[    5.970445]      bootserver=192.168.255.126, rootserver=192.168.255.126, rootpath=
[    5.970871] clk: Disabling unused clocks
[    5.982736] PM: genpd: Disabling unused power domains
[    5.987855] KTAP version 1
[    5.990577] 1..0
[    6.016432] VFS: Mounted root (nfs filesystem) on device 0:17.
[    6.023511] devtmpfs: mounted
[    6.028172] Freeing unused kernel image (initmem) memory: 1024K
[    6.035009] Run /sbin/init as init process
[    6.753307] systemd[1]: System time before build time, advancing clock.
[    8.201373] random: crng init done
[    8.241762] systemd[1]: systemd 232 running in system mode. (+PAM +AUDIT +SELINUX +IMA +APPARMOR +SMACK +SYSVINIT +UTMP +LIBCRYPTSETUP +GCRYPT +GNUTLS +ACL +XZ +LZ4 +SECCOMP +BLKID +ELFUTILS +KMOD +IDN)
[    8.260741] systemd[1]: Detected architecture arm.

Welcome to [1mDebian GNU/Linux 9 (stretch)[0m!

[    8.294408] systemd[1]: Set hostname to <arm>.
[    9.410453] systemd[1]: Listening on Syslog Socket.
[[0;32m  OK  [0m] Listening on Syslog Socket.
[    9.433156] systemd[1]: Set up automount Arbitrary Executable File Formats File System Automount Point.
[[0;32m  OK  [0m] Set up automount Arbitrary Executabâ€¦rmats File System Automount Point.
[    9.461804] systemd[1]: Reached target Swap.
[[0;32m  OK  [0m] Reached target Swap.
[    9.483448] systemd[1]: Listening on udev Control Socket.
[[0;32m  OK  [0m] Listening on udev Control Socket.
[    9.512270] systemd[1]: Listening on Journal Socket.
[[0;32m  OK  [0m] Listening on Journal Socket.
[    9.542288] systemd[1]: Started Dispatch Password Requests to Console Directory Watch.
[[0;32m  OK  [0m] Started Dispatch Password Requests to Console Directory Watch.
[    9.571998] systemd[1]: Listening on udev Kernel Socket.
[[0;32m  OK  [0m] Listening on udev Kernel Socket.
[[0;32m  OK  [0m] Listening on Journal Socket (/dev/log).
[[0;32m  OK  [0m] Created slice System Slice.
[[0;32m  OK  [0m] Created slice system-serial\x2dgetty.slice.
         Starting Remount Root and Kernel File Systems...
[[0;32m  OK  [0m] Created slice system-getty.slice.
         Starting Load Kernel Modules...
[[0;32m  OK  [0m] Created slice User and Session Slice.
         Starting Create list of required stâ€¦ce nodes for the current kernel...
         Mounting Debug File System...
[[0;32m  OK  [0m] Reached target Remote File Systems.
[[0;32m  OK  [0m] Listening on Journal Audit Socket.
         Starting Journal Service...
         Mounting POSIX Message Queue File System...
[[0;32m  OK  [0m] Reached target Slices.
[[0;32m  OK  [0m] Listening on /dev/initctl Compatibility Named Pipe.
[[0;32m  OK  [0m] Started Forward Password Requests to Wall Directory Watch.
[[0;32m  OK  [0m] Reached target Paths.
[[0;32m  OK  [0m] Reached target Encrypted Volumes.
[[0;32m  OK  [0m] Started Remount Root and Kernel File Systems.
[[0;32m  OK  [0m] Started Create list of required staâ€¦vice nodes for the current kernel.
         Starting Create Static Device Nodes in /dev...
         Starting udev Coldplug all Devices...
         Starting Load/Save Random Seed...
[[0;32m  OK  [0m] Mounted POSIX Message Queue File System.
[[0;32m  OK  [0m] Mounted Debug File System.
[[0;32m  OK  [0m] Started Load Kernel Modules.
         Starting Apply Kernel Variables...
         Mounting Configuration File System...
[[0;32m  OK  [0m] Started Load/Save Random Seed.
[[0;32m  OK  [0m] Mounted Configuration File System.
[[0;32m  OK  [0m] Started Apply Kernel Variables.
[[0;32m  OK  [0m] Started Create Static Device Nodes in /dev.
[[0;32m  OK  [0m] Reached target Local File Systems (Pre).
[[0;32m  OK  [0m] Reached target Local File Systems.
         Starting Raise network interfaces...
         Starting udev Kernel Device Manager...
[[0;32m  OK  [0m] Started Journal Service.
         Starting Flush Journal to Persistent Storage...
[   11.846825] systemd-journald[85]: Received request to flush runtime journal from PID 1
[[0;32m  OK  [0m] Started Flush Journal to Persistent Storage.
         Starting Create Volatile Files and Directories...
[[0;32m  OK  [0m] Started udev Kernel Device Manager.
[[0;32m  OK  [0m] Started Create Volatile Files and Directories.
         Starting Network Time Synchronization...
         Starting Update UTMP about System Boot/Shutdown...
[[0;32m  OK  [0m] Started Update UTMP about System Boot/Shutdown.
[[0;32m  OK  [0m] Started udev Coldplug all Devices.
[   14.730741] remoteproc remoteproc0: wkup_m3 is available
[   15.057026] omap_rtc 44e3e000.rtc: registered as rtc0
[   15.062428] omap_rtc 44e3e000.rtc: setting system clock to 2000-01-01T00:00:00 UTC (946684800)
[   15.121904] at24 2-0054: supply vcc not found, using dummy regulator
[   15.189913] at24 2-0055: supply vcc not found, using dummy regulator
[   15.279446] at24 2-0056: supply vcc not found, using dummy regulator
[   15.385776] at24 2-0057: supply vcc not found, using dummy regulator
[[0;32m  OK  [0m] Found device /dev/ttyS0.
[   15.457072] at24 0-0050: 32768 byte 24c256 EEPROM, writable, 1 bytes/write
[   15.706038] tps6521x_pwrbutton tps65217-pwrbutton: DMA mask not set
[   15.728441] wkup_m3_ipc 44e11324.wkup_m3_ipc: IPC Request for A8->M3 Channel failed! -517
[   15.802722] input: tps65217_pwrbutton as /devices/platform/ocp/44c00000.interconnect/44c00000.interconnect:segment@200000/44e0b000.target-module/44e0b000.i2c/i2c-0/0-0024/tps65217-pwrbutton/input/input0
[   15.823959] wkup_m3_ipc 44e11324.wkup_m3_ipc: IPC Request for A8->M3 Channel failed! -517
[   15.970777] omap_wdt: OMAP Watchdog Timer Rev 0x01: initial timeout 60 sec
[   15.997496] wkup_m3_ipc 44e11324.wkup_m3_ipc: IPC Request for A8->M3 Channel failed! -517
[[0;32m  OK  [0m] Started Network Time Synchronization.
[   16.089608] am335x-phy-driver 47401300.usb-phy: dummy supplies not allowed for exclusive requests (id=vbus)
[[0;32m  OK  [0m] Reached target System Initialization.
[[0;32m  OK  [0m] Started Daily Cleanup of Temporary Directories.
[[0;32m  OK  [0m] Listening on Avahi mDNS/DNS-SD Stack Activation Socket.
[[0;32m  OK  [0m] Listening on D-Bus System Message Bus Socket.
[   16.359210] am335x-phy-driver 47401b00.usb-phy: dummy supplies not allowed for exclusive requests (id=vbus)
[[0;32m  OK  [0m] Reached target Sockets.[   16.382111] wkup_m3_ipc 44e11324.wkup_m3_ipc: IPC Request for A8->M3 Channel failed! -517

[[0;32m  OK  [0m] Reached target Basic System.
[[0;32m  OK  [0m] Started D-Bus System Message Bus.
[   16.551670] usbcore: registered new interface driver usbfs
[   16.557313] usbcore: registered new interface driver hub
[   16.562860] usbcore: registered new device driver usb
[   16.578093] wkup_m3_ipc 44e11324.wkup_m3_ipc: IPC Request for A8->M3 Channel failed! -517
[   16.776064] tda998x 0-0070: found TDA19988
[   16.913566] wkup_m3_ipc 44e11324.wkup_m3_ipc: IPC Request for A8->M3 Channel failed! -517
[   17.168413] wkup_m3_ipc 44e11324.wkup_m3_ipc: IPC Request for A8->M3 Channel failed! -517
[   17.306460] musb-hdrc musb-hdrc.1: MUSB HDRC host driver
[   17.312033] musb-hdrc musb-hdrc.1: new USB bus registered, assigned bus number 1
[   17.348846] wkup_m3_ipc 44e11324.wkup_m3_ipc: IPC Request for A8->M3 Channel failed! -517
[   17.546516] omap-mailbox 480c8000.mailbox: omap mailbox rev 0x400
[   17.555395] usb usb1: New USB device found, idVendor=1d6b, idProduct=0002, bcdDevice= 6.12
[   17.563901] usb usb1: New USB device strings: Mfr=3, Product=2, SerialNumber=1
[   17.571170] usb usb1: Product: MUSB HDRC host driver
[   17.576201] usb usb1: Manufacturer: Linux 6.12.0-next-20241126 musb-hcd
[   17.582898] usb usb1: SerialNumber: musb-hdrc.1
[   17.664004] remoteproc remoteproc0: powering up wkup_m3
[   17.819589] remoteproc remoteproc0: Direct firmware load for am335x-pm-firmware.elf failed with error -2
[   17.829350] remoteproc remoteproc0: request_firmware failed: -2
[   17.835367] wkup_m3_ipc 44e11324.wkup_m3_ipc: rproc_boot failed
[   17.989064] hub 1-0:1.0: USB hub found
[   18.032916] hub 1-0:1.0: 1 port detected
[   19.507094] omap_rng 48310000.rng: Random Number Generator ver. 20
[   19.604260] tilcdc 4830e000.lcdc: bound 0-0070 (ops tda998x_driver_exit [tda998x])
[   19.702338] [drm] Initialized tilcdc 1.0.0 for 4830e000.lcdc on minor 0
[   19.781598] tilcdc 4830e000.lcdc: [drm] Cannot find any crtc or sizes
[   19.789922] tilcdc 4830e000.lcdc: [drm] Cannot find any crtc or sizes
         Starting Telephony service...
[[0;32m  OK  [0m] Started Regular background program processing daemon.
         Starting LSB: Start busybox udhcpd at boot time...
         Starting Avahi mDNS/DNS-SD Stack...
         Starting Cape Manager Service...
         Starting LSB: Load kernel modules needed to enable cpufreq scaling...
[   20.686576] PM: Cannot get wkup_m3_ipc handle
[   20.698109] omap-sham 53100000.sham: hw accel on OMAP rev 4.3
         Starting Connection service...
[   20.864944] omap-sham 53100000.sham: will run requests pump with realtime priority
[   20.881747] PM: Cannot get wkup_m3_ipc handle
         Starting Login Service...
         Starting Generic Board Startup...
[   21.259380] omap-aes 53500000.aes: OMAP AES hw accel rev: 3.2
         Starting DUN service...
[   21.403056] omap-aes 53500000.aes: will run requests pump with realtime priority
[   21.412018] PM: Cannot get wkup_m3_ipc handle
         Starting System Logging Service...
[[0;32m  OK  [0m] Reached target System Time Synchronized.
[[0;32m  OK  [0m] Started Daily apt download activities.
[[0;32m  OK  [0m] Started Daily apt upgrade and clean activities.
[[0;32m  OK  [0m] Reached target Timers.
[[0;32m  OK  [0m] Started Cape Manager Service.
[   23.650602] Bluetooth: Core ver 2.22
[   23.654613] NET: Registered PF_BLUETOOTH protocol family
[   23.659968] Bluetooth: HCI device and connection manager initialized
[   23.666496] Bluetooth: HCI socket layer initialized
[   23.671471] Bluetooth: L2CAP socket layer initialized
[   23.676585] Bluetooth: SCO socket layer initialized
[[0;32m  OK  [0m] Started System Logging Service.
[   24.870410] PM: Cannot get wkup_m3_ipc handle
[   24.966613] PM: Cannot get wkup_m3_ipc handle
[[0;32m  OK  [0m] Started Raise network interfaces.
[[0;32m  OK  [0m] Started LSB: Start busybox udhcpd at boot time.
[[0;32m  OK  [0m] Started LSB: Load kernel modules needed to enable cpufreq scaling.
[[0;32m  OK  [0m] Started Telephony service.
[[0;32m  OK  [0m] Started DUN service.
[[0;32m  OK  [0m] Started Avahi mDNS/DNS-SD Stack.
[[0;32m  OK  [0m] Started Connection service.
[   29.003486] configfs-gadget.g_multi gadget.0: HOST MAC 1c:ba:8c:a2:ed:6c
[   29.003513] configfs-gadget.g_multi gadget.0: MAC 1c:ba:8c:a2:ed:70
[   29.004470] configfs-gadget.g_multi gadget.0: HOST MAC 1c:ba:8c:a2:ed:6c
[   29.004491] configfs-gadget.g_multi gadget.0: MAC 1c:ba:8c:a2:ed:6d
[   29.006859] PM: Cannot get wkup_m3_ipc handle
[[0;32m  OK  [0m] Started Login Service.
[[0;32m  OK  [0m] Reached target Sound Card.
         Starting LSB: set CPUFreq kernel parameters...
[[0;32m  OK  [0m] Reached target Network.
         Starting The Apache HTTP Server...
         Starting OpenBSD Secure Shell server...
         Starting Permit User Sessions...
[[0;32m  OK  [0m] Reached target Network is Online.
         Starting LSB: Advanced IEEE 802.11 management daemon...
[[0;32m  OK  [0m] Started LSB: Advanced IEEE 802.11 management daemon.
[[0;32m  OK  [0m] Started Permit User Sessions.
         Starting Hostname Service...
         Starting WPA supplicant...
[[0;32m  OK  [0m] Started Getty on tty1.
[[0;32m  OK  [0m] Started Serial Getty on ttyS0.
[[0;32m  OK  [0m] Reached target Login Prompts.
[[0;32m  OK  [0m] Started LSB: set CPUFreq kernel parameters.
[[0;32m  OK  [0m] Started WPA supplicant.
[[0;32m  OK  [0m] Started Hostname Service.
[[0;32m  OK  [0m] Started OpenBSD Secure Shell server.
         Stopping LSB: Start busybox udhcpd at boot time...
[[0;32m  OK  [0m] Stopped LSB: Start busybox udhcpd at boot time.
[[0;32m  OK  [0m] Started The Apache HTTP Server.
         Starting dnsmasq - A lightweight DHCP and caching DNS server...
[[0;32m  OK  [0m] Started dnsmasq - A lightweight DHCP and caching DNS server.
[[0;32m  OK  [0m] Reached target Host and Network Name Lookups.
[[0;32m  OK  [0m] Started Serial Getty on ttyGS0.
[[0;32m  OK  [0m] Started Generic Board Startup.
[[0;32m  OK  [0m] Reached target Multi-User System.
[[0;32m  OK  [0m] Reached target Graphical Interface.
         Starting Update UTMP about System Runlevel Changes...
[[0;32m  OK  [0m] Started Update UTMP about System Runlevel Changes.

Debian GNU/Linux 9 arm ttyS0

default username:password is [debian:temppwd]

arm login: root
Password: 
Last login: Sat Jan  1 00:00:33 UTC 2000 on ttyS0
root
Linux arm 6.12.0-next-20241126 #145 SMP Tue Nov 26 07:02:32 EET 2024 armv7l

The programs included with the Debian GNU/Linux system are free software;
the exact distribution terms for each program are described in the
individual files in /usr/share/doc/*/copyright.

Debian GNU/Linux comes with ABSOLUTELY NO WARRANTY, to the extent
permitted by applicable law.
root@arm:~# root
-bash: root: command not found
root@arm:~# dmesg -n 1
echo 'TPPB''UVZGLM'
root@arm:~# echo 'TPPB''UVZGLM'
TPPBUVZGLM
root@arm:~# run() { echo -n "$MARKER"; sh -c "$@"; echo "$MARKER $?"; }
root@arm:~# echo 'PMEE''KPVNEP'
PMEEKPVNEP
root@arm:~# MARKER='CFGV''EVSTUT' run 'cat /proc/version'
CFGVEVSTUTLinux version 6.12.0-next-20241126 (user01@drvtest01) (arm-linux-gnueabihf-gcc (Linaro GCC 6.4-2017.11) 6.4.1 20171012, GNU ld (Linaro_Binutils-2017.11) 2.27.0.20161229) #145 SMP Tue Nov 26 07:02:32 EET 2024
CFGVEVSTUT 0
root@arm:~# echo 'QTMJ''OQPTWH'
QTMJOQPTWH
root@arm:~# MARKER='WOQU''BBYYPA' run false
WOQUBBYYPAWOQUBBYYPA 1
root@arm:~# Labgrid Console Logfile for main
Logfile started at 2024-11-26 07:04:07.373943
=== Log starts here ===

root@arm:~# run() { echo -n "$MARKER"; sh -c "$@"; echo "$MARKER $?"; }
root@arm:~# echo 'ZKYM''VMQEMZ'
ZKYMVMQEMZ
root@arm:~# MARKER='QBAE''WFQZJY' run dmesg
QBAEWFQZJY[    0.000000] Booting Linux on physical CPU 0x0
[    0.000000] Linux version 6.12.0-next-20241126 (user01@drvtest01) (arm-linux-gnueabihf-gcc (Linaro GCC 6.4-2017.11) 6.4.1 20171012, GNU ld (Linaro_Binutils-2017.11) 2.27.0.20161229) #145 SMP Tue Nov 26 07:02:32 EET 2024
[    0.000000] CPU: ARMv7 Processor [413fc082] revision 2 (ARMv7), cr=10c5387d
[    0.000000] CPU: PIPT / VIPT nonaliasing data cache, VIPT aliasing instruction cache
[    0.000000] OF: fdt: Machine model: TI AM335x BeagleBone Black
[    0.000000] Memory policy: Data cache writeback
[    0.000000] cma: Reserved 16 MiB at 0x9e800000 on node -1
[    0.000000] Zone ranges:
[    0.000000]   Normal   [mem 0x0000000080000000-0x000000009fdfffff]
[    0.000000]   HighMem  empty
[    0.000000] Movable zone start for each node
[    0.000000] Early memory node ranges
[    0.000000]   node   0: [mem 0x0000000080000000-0x000000009fdfffff]
[    0.000000] Initmem setup node 0 [mem 0x0000000080000000-0x000000009fdfffff]
[    0.000000] OF: reserved mem: Reserved memory: No reserved-memory node in the DT
[    0.000000] CPU: All CPU(s) started in SVC mode.
[    0.000000] AM335X ES2.1 (sgx neon)
[    0.000000] percpu: Embedded 17 pages/cpu s39564 r8192 d21876 u69632
[    0.000000] pcpu-alloc: s39564 r8192 d21876 u69632 alloc=17*4096
[    0.000000] pcpu-alloc: [0] 0 
[    0.000000] Kernel command line: console=ttyO0,115200n8 root=/dev/nfs rw nfsroot=192.168.255.126:/home/user01/nfs,nfsvers=3 ip=192.168.255.1:192.168.255.126::255.255.255.0:bbb1:eth0 nfsrootdebug
[    0.000000] Unknown kernel command line parameters "nfsrootdebug", will be passed to user space.
[    0.000000] printk: log buffer data + meta data: 65536 + 204800 = 270336 bytes
[    0.000000] Dentry cache hash table entries: 65536 (order: 6, 262144 bytes, linear)
[    0.000000] Inode-cache hash table entries: 32768 (order: 5, 131072 bytes, linear)
[    0.000000] Built 1 zonelists, mobility grouping on.  Total pages: 130560
[    0.000000] mem auto-init: stack:off, heap alloc:off, heap free:off
[    0.000000] SLUB: HWalign=64, Order=0-3, MinObjects=0, CPUs=1, Nodes=1
[    0.000000] trace event string verifier disabled
[    0.000000] rcu: Hierarchical RCU implementation.
[    0.000000] rcu: 	RCU event tracing is enabled.
[    0.000000] rcu: 	RCU restricting CPUs from NR_CPUS=2 to nr_cpu_ids=1.
[    0.000000] 	Tracing variant of Tasks RCU enabled.
[    0.000000] rcu: RCU calculated value of scheduler-enlistment delay is 10 jiffies.
[    0.000000] rcu: Adjusting geometry for rcu_fanout_leaf=16, nr_cpu_ids=1
[    0.000000] RCU Tasks Trace: Setting shift to 0 and lim to 1 rcu_task_cb_adjust=1 rcu_task_cpu_ids=1.
[    0.000000] NR_IRQS: 16, nr_irqs: 16, preallocated irqs: 16
[    0.000000] IRQ: Found an INTC at 0x(ptrval) (revision 5.0) with 128 interrupts
[    0.000000] rcu: srcu_init: Setting srcu_struct sizes based on contention.
[    0.000000] TI gptimer clocksource: always-on /ocp/interconnect@44c00000/segment@200000/target-module@31000
[    0.000002] sched_clock: 32 bits at 24MHz, resolution 41ns, wraps every 89478484971ns
[    0.000026] clocksource: dmtimer: mask: 0xffffffff max_cycles: 0xffffffff, max_idle_ns: 79635851949 ns
[    0.000511] TI gptimer clockevent: 24000000 Hz at /ocp/interconnect@48000000/segment@0/target-module@40000
[    0.002152] Console: colour dummy device 80x30
[    0.002218] WARNING: Your 'console=ttyO0' has been replaced by 'ttyS0'
[    0.002225] This ensures that you still see kernel messages. Please
[    0.002230] update your kernel commandline.
[    0.002272] Calibrating delay loop... 996.14 BogoMIPS (lpj=4980736)
[    0.090561] CPU: Testing write buffer coherency: ok
[    0.090680] CPU0: Spectre v2: using BPIALL workaround
[    0.090691] pid_max: default: 32768 minimum: 301
[    0.090818] LSM: initializing lsm=capability
[    0.090990] Mount-cache hash table entries: 1024 (order: 0, 4096 bytes, linear)
[    0.091011] Mountpoint-cache hash table entries: 1024 (order: 0, 4096 bytes, linear)
[    0.092679] CPU0: thread -1, cpu 0, socket -1, mpidr 0
[    0.160941] Setting up static identity map for 0x80100000 - 0x80100078
[    0.170716] rcu: Hierarchical SRCU implementation.
[    0.170726] rcu: 	Max phase no-delay instances is 1000.
[    0.190780] smp: Bringing up secondary CPUs ...
[    0.190836] smp: Brought up 1 node, 1 CPU
[    0.190853] SMP: Total of 1 processors activated (996.14 BogoMIPS).
[    0.190865] CPU: All CPU(s) started in SVC mode.
[    0.191059] Memory: 480840K/522240K available (11264K kernel code, 1213K rwdata, 2896K rodata, 1024K init, 297K bss, 23388K reserved, 16384K cma-reserved, 0K highmem)
[    0.191932] devtmpfs: initialized
[    0.209234] VFP support v0.3: implementor 41 architecture 3 part 30 variant c rev 3
[    0.209588] clocksource: jiffies: mask: 0xffffffff max_cycles: 0xffffffff, max_idle_ns: 19112604462750000 ns
[    0.209621] futex hash table entries: 256 (order: 2, 16384 bytes, linear)
[    0.211128] pinctrl core: initialized pinctrl subsystem
[    0.213975] NET: Registered PF_NETLINK/PF_ROUTE protocol family
[    0.216802] DMA: preallocated 256 KiB pool for atomic coherent allocations
[    0.217720] audit: initializing netlink subsys (disabled)
[    0.219168] thermal_sys: Registered thermal governor 'fair_share'
[    0.219186] thermal_sys: Registered thermal governor 'step_wise'
[    0.219196] thermal_sys: Registered thermal governor 'user_space'
[    0.219352] audit: type=2000 audit(0.210:1): state=initialized audit_enabled=0 res=1
[    0.219390] cpuidle: using governor menu
[    0.237890] /ocp/interconnect@44c00000/segment@200000/target-module@b000/i2c@0/tda19988@70: Fixed dependency cycle(s) with /ocp/interconnect@48000000/segment@300000/target-module@e000/lcdc@0
[    0.239057] /ocp/interconnect@48000000/segment@300000/target-module@e000/lcdc@0: Fixed dependency cycle(s) with /ocp/interconnect@44c00000/segment@200000/target-module@b000/i2c@0/tda19988@70
[    0.241434] No ATAGs?
[    0.241455] hw-breakpoint: debug architecture 0x4 unsupported.
[    0.244220] kprobes: kprobe jump-optimization is enabled. All kprobes are optimized if possible.
[    0.254236] iommu: Default domain type: Translated
[    0.254258] iommu: DMA domain TLB invalidation policy: strict mode
[    0.261317] reg-fixed-voltage fixedregulator0: using DT '/fixedregulator0' for '(default)' GPIO lookup
[    0.261373] of_get_named_gpiod_flags: can't parse 'gpios' property of node '/fixedregulator0[0]'
[    0.261403] of_get_named_gpiod_flags: can't parse 'gpio' property of node '/fixedregulator0[0]'
[    0.261422] reg-fixed-voltage fixedregulator0: using lookup tables for GPIO lookup
[    0.261432] reg-fixed-voltage fixedregulator0: No GPIO consumer (default) found
[    0.262476] SCSI subsystem initialized
[    0.262989] libata version 3.00 loaded.
[    0.263356] pps_core: LinuxPPS API ver. 1 registered
[    0.263367] pps_core: Software ver. 5.3.6 - Copyright 2005-2007 Rodolfo Giometti <giometti@linux.it>
[    0.263392] PTP clock support registered
[    0.270933] vgaarb: loaded
[    0.271347] clocksource: Switched to clocksource dmtimer
[    0.272026] VFS: Disk quotas dquot_6.6.0
[    0.272071] VFS: Dquot-cache hash table entries: 1024 (order 0, 4096 bytes)
[    0.296249] NET: Registered PF_INET protocol family
[    0.296608] IP idents hash table entries: 8192 (order: 4, 65536 bytes, linear)
[    0.298046] tcp_listen_portaddr_hash hash table entries: 512 (order: 0, 4096 bytes, linear)
[    0.298084] Table-perturb hash table entries: 65536 (order: 6, 262144 bytes, linear)
[    0.298100] TCP established hash table entries: 4096 (order: 2, 16384 bytes, linear)
[    0.298143] TCP bind hash table entries: 4096 (order: 4, 65536 bytes, linear)
[    0.298243] TCP: Hash tables configured (established 4096 bind 4096)
[    0.298364] UDP hash table entries: 256 (order: 1, 14336 bytes, linear)
[    0.298401] UDP-Lite hash table entries: 256 (order: 1, 14336 bytes, linear)
[    0.298598] NET: Registered PF_UNIX/PF_LOCAL protocol family
[    0.301995] RPC: Registered named UNIX socket transport module.
[    0.302020] RPC: Registered udp transport module.
[    0.302026] RPC: Registered tcp transport module.
[    0.302031] RPC: Registered tcp-with-tls transport module.
[    0.302036] RPC: Registered tcp NFSv4.1 backchannel transport module.
[    0.302060] PCI: CLS 0 bytes, default 64
[    0.303571] Initialise system trusted keyrings
[    0.311904] workingset: timestamp_bits=14 max_order=17 bucket_order=3
[    0.313238] NFS: Registering the id_resolver key type
[    0.313308] Key type id_resolver registered
[    0.313317] Key type id_legacy registered
[    0.313368] jffs2: version 2.2. (NAND) (SUMMARY)  Â© 2001-2006 Red Hat, Inc.
[    0.313772] Key type asymmetric registered
[    0.313788] Asymmetric key parser 'x509' registered
[    0.313853] io scheduler mq-deadline registered
[    0.313865] io scheduler kyber registered
[    0.313937] io scheduler bfq registered
[    0.315581] ledtrig-cpu: registered to indicate activity on CPUs
[    0.322573] Serial: 8250/16550 driver, 6 ports, IRQ sharing enabled
[    0.367415] brd: module loaded
[    0.385279] loop: module loaded
[    0.386224] mtdoops: mtd device (mtddev=name/number) must be supplied
[    0.400117] mdio_bus fixed-0: using lookup tables for GPIO lookup
[    0.400143] mdio_bus fixed-0: No GPIO consumer reset found
[    0.401712] i2c_dev: i2c /dev entries driver
[    0.402712] cpuidle: enable-method property 'ti,am3352' found operations
[    0.403163] sdhci: Secure Digital Host Controller Interface driver
[    0.403172] sdhci: Copyright(c) Pierre Ossman
[    0.403345] sdhci-pltfm: SDHCI platform and OF driver helper
[    0.404369] Initializing XFRM netlink socket
[    0.404518] NET: Registered PF_INET6 protocol family
[    0.406569] Segment Routing with IPv6
[    0.406663] In-situ OAM (IOAM) with IPv6
[    0.406762] sit: IPv6, IPv4 and MPLS over IPv4 tunneling driver
[    0.407732] NET: Registered PF_PACKET protocol family
[    0.407771] NET: Registered PF_KEY protocol family
[    0.407900] Key type dns_resolver registered
[    0.408182] ThumbEE CPU extension supported.
[    0.408204] Registering SWP/SWPB emulation handler
[    0.408744] omap_voltage_late_init: Voltage driver support not added
[    0.409098] SmartReflex Class3 initialized
[    0.443926] Loading compiled-in X.509 certificates
[    0.491840] /ocp/interconnect@44c00000/segment@200000/target-module@b000/i2c@0/tda19988@70: Fixed dependency cycle(s) with /ocp/interconnect@48000000/segment@300000/target-module@e000/lcdc@0
[    0.498268] /ocp/interconnect@44c00000/segment@200000/target-module@b000/i2c@0/tda19988@70: Fixed dependency cycle(s) with /ocp/interconnect@48000000/segment@300000/target-module@e000/lcdc@0
[    0.504057] gpiochip_find_base_unlocked: found new base at 512
[    0.528108] /ocp/interconnect@44c00000/segment@200000/target-module@b000/i2c@0/tda19988@70: Fixed dependency cycle(s) with /ocp/interconnect@48000000/segment@300000/target-module@e000/lcdc@0
[    0.528981] /ocp/interconnect@44c00000/segment@200000/target-module@b000/i2c@0/tda19988@70: Fixed dependency cycle(s) with /ocp/interconnect@48000000/segment@300000/target-module@e000/lcdc@0
[    0.532716] /ocp/interconnect@44c00000/segment@200000/target-module@10000/scm@0/pinmux@800: Fixed dependency cycle(s) with /ocp/interconnect@44c00000/segment@200000/target-module@10000/scm@0/pinmux@800/clkout2-pins
[    0.533311] pinctrl-single 44e10800.pinmux: 142 pins, size 568
[    0.538446] ti-sysc 44e31000.target-module: probe with driver ti-sysc failed with error -16
[    0.559422] /ocp/interconnect@48000000/segment@300000/target-module@e000/lcdc@0: Fixed dependency cycle(s) with /ocp/interconnect@44c00000/segment@200000/target-module@b000/i2c@0/tda19988@70
[    0.567530] ti-sysc 48040000.target-module: probe with driver ti-sysc failed with error -16
[    0.578829] gpiochip_find_base_unlocked: found new base at 512
[    0.578928] gpio gpiochip0: (gpio-0-31): created GPIO range 0->7 ==> 44e10800.pinmux PIN 0->7
[    0.578951] gpio gpiochip0: (gpio-0-31): created GPIO range 8->11 ==> 44e10800.pinmux PIN 90->93
[    0.578966] gpio gpiochip0: (gpio-0-31): created GPIO range 12->27 ==> 44e10800.pinmux PIN 12->27
[    0.578982] gpio gpiochip0: (gpio-0-31): created GPIO range 28->31 ==> 44e10800.pinmux PIN 30->33
[    0.617192] gpio gpiochip0: (gpio-0-31): added GPIO chardev (254:0)
[    0.617354] gpio gpiochip0: registered GPIOs 512 to 543 on gpio-0-31
[    0.617443] OMAP GPIO hardware version 0.1
[    0.644277] i2c i2c-2: using DT '/ocp/interconnect@48000000/segment@100000/target-module@9c000/i2c@0' for 'scl' GPIO lookup
[    0.644353] of_get_named_gpiod_flags: can't parse 'scl-gpios' property of node '/ocp/interconnect@48000000/segment@100000/target-module@9c000/i2c@0[0]'
[    0.644398] of_get_named_gpiod_flags: can't parse 'scl-gpio' property of node '/ocp/interconnect@48000000/segment@100000/target-module@9c000/i2c@0[0]'
[    0.644435] i2c i2c-2: using lookup tables for GPIO lookup
[    0.644445] i2c i2c-2: No GPIO consumer scl found
[    0.644467] i2c i2c-2: using DT '/ocp/interconnect@48000000/segment@100000/target-module@9c000/i2c@0' for 'sda' GPIO lookup
[    0.644504] of_get_named_gpiod_flags: can't parse 'sda-gpios' property of node '/ocp/interconnect@48000000/segment@100000/target-module@9c000/i2c@0[0]'
[    0.644543] of_get_named_gpiod_flags: can't parse 'sda-gpio' property of node '/ocp/interconnect@48000000/segment@100000/target-module@9c000/i2c@0[0]'
[    0.644576] i2c i2c-2: using lookup tables for GPIO lookup
[    0.644584] i2c i2c-2: No GPIO consumer sda found
[    0.645331] omap_i2c 4819c000.i2c: bus 2 rev0.11 at 100 kHz
[    0.650801] gpiochip_find_base_unlocked: found new base at 544
[    0.650900] gpio gpiochip1: (gpio-32-63): created GPIO range 0->17 ==> 44e10800.pinmux PIN 34->51
[    0.650922] gpio gpiochip1: (gpio-32-63): created GPIO range 18->21 ==> 44e10800.pinmux PIN 77->80
[    0.650938] gpio gpiochip1: (gpio-32-63): created GPIO range 22->31 ==> 44e10800.pinmux PIN 56->65
[    0.652025] gpio gpiochip1: (gpio-32-63): added GPIO chardev (254:1)
[    0.652184] gpio gpiochip1: registered GPIOs 544 to 575 on gpio-32-63
[    0.654439] gpiochip_find_base_unlocked: found new base at 576
[    0.654531] gpio gpiochip2: (gpio-64-95): created GPIO range 0->4 ==> 44e10800.pinmux PIN 66->70
[    0.654550] gpio gpiochip2: (gpio-64-95): created GPIO range 5->6 ==> 44e10800.pinmux PIN 98->99
[    0.654566] gpio gpiochip2: (gpio-64-95): created GPIO range 7->8 ==> 44e10800.pinmux PIN 75->76
[    0.654582] gpio gpiochip2: (gpio-64-95): created GPIO range 13->13 ==> 44e10800.pinmux PIN 141->141
[    0.654598] gpio gpiochip2: (gpio-64-95): created GPIO range 14->21 ==> 44e10800.pinmux PIN 100->107
[    0.655259] gpio gpiochip2: (gpio-64-95): added GPIO chardev (254:2)
[    0.655400] gpio gpiochip2: registered GPIOs 576 to 607 on gpio-64-95
[    0.660863] 48000000.interconnect:segment@200000:target-module@0:mpu@0:fck: device ID is greater than 24
[    0.662039] /ocp/interconnect@48000000/segment@300000/target-module@e000/lcdc@0: Fixed dependency cycle(s) with /ocp/interconnect@44c00000/segment@200000/target-module@b000/i2c@0/tda19988@70
[    0.664873] /ocp/interconnect@48000000/segment@300000/target-module@e000/lcdc@0: Fixed dependency cycle(s) with /ocp/interconnect@44c00000/segment@200000/target-module@b000/i2c@0/tda19988@70
[    0.665567] /ocp/interconnect@44c00000/segment@200000/target-module@b000/i2c@0/tda19988@70: Fixed dependency cycle(s) with /ocp/interconnect@48000000/segment@300000/target-module@e000/lcdc@0
[    0.665729] /ocp/interconnect@48000000/segment@300000/target-module@e000/lcdc@0: Fixed dependency cycle(s) with /ocp/interconnect@44c00000/segment@200000/target-module@b000/i2c@0/tda19988@70
[    0.675442] mdio_bus 4a101000.mdio: using DT '/ocp/interconnect@4a000000/segment@0/target-module@100000/switch@0/mdio@1000' for 'reset' GPIO lookup
[    0.675518] of_get_named_gpiod_flags: can't parse 'reset-gpios' property of node '/ocp/interconnect@4a000000/segment@0/target-module@100000/switch@0/mdio@1000[0]'
[    0.675567] of_get_named_gpiod_flags: can't parse 'reset-gpio' property of node '/ocp/interconnect@4a000000/segment@0/target-module@100000/switch@0/mdio@1000[0]'
[    0.675616] mdio_bus 4a101000.mdio: using lookup tables for GPIO lookup
[    0.675626] mdio_bus 4a101000.mdio: No GPIO consumer reset found
[    0.676986] sdhci-omap 481d8000.mmc: using DT '/ocp/interconnect@48000000/segment@100000/target-module@d8000/mmc@0' for 'wp' GPIO lookup
[    0.677050] of_get_named_gpiod_flags: can't parse 'wp-gpios' property of node '/ocp/interconnect@48000000/segment@100000/target-module@d8000/mmc@0[0]'
[    0.677096] of_get_named_gpiod_flags: can't parse 'wp-gpio' property of node '/ocp/interconnect@48000000/segment@100000/target-module@d8000/mmc@0[0]'
[    0.677133] sdhci-omap 481d8000.mmc: using lookup tables for GPIO lookup
[    0.677143] sdhci-omap 481d8000.mmc: No GPIO consumer wp found
[    0.677334] sdhci-omap 481d8000.mmc: supply pbias not found, using dummy regulator
[    0.677834] sdhci-omap 481d8000.mmc: supply vqmmc not found, using dummy regulator
[    0.732586] davinci_mdio 4a101000.mdio: davinci mdio revision 1.6, bus freq 1000000
[    0.758049] mdio_bus 4a101000.mdio:00: using DT '/ocp/interconnect@4a000000/segment@0/target-module@100000/switch@0/mdio@1000/ethernet-phy@0' for 'reset' GPIO lookup
[    0.758153] of_get_named_gpiod_flags: parsed 'reset-gpios' property of node '/ocp/interconnect@4a000000/segment@0/target-module@100000/switch@0/mdio@1000/ethernet-phy@0[0]' - status (0)
[    0.758318] gpio gpiochip0: Persistence not supported for GPIO 8
[    0.896578] davinci_mdio 4a101000.mdio: phy[0]: device 4a101000.mdio:00, driver SMSC LAN8710/LAN8720
[    0.897369] cpsw-switch 4a100000.switch: initialized cpsw ale version 1.4
[    0.897392] cpsw-switch 4a100000.switch: ALE Table size 1024, Policers 0
[    0.897658] cpsw-switch 4a100000.switch: cpts: overflow check period 500 (jiffies)
[    0.897678] cpsw-switch 4a100000.switch: CPTS: ref_clk_freq:250000000 calc_mult:2147483648 calc_shift:29 error:0 nsec/sec
[    0.897785] cpsw-switch 4a100000.switch: Detected MACID = 6c:ec:eb:68:de:78
[    0.899616] cpsw-switch 4a100000.switch: initialized (regs 0x4a100000, pool size 256) hw_ver:0019010C 1.12 (0)
[    0.910736] debugfs: Directory '49000000.dma' with parent 'dmaengine' already present!
[    0.910777] edma 49000000.dma: TI EDMA DMA engine driver
[    0.944177] target-module@4b000000:target-module@140000:pmu@0:fck: device ID is greater than 24
[    0.965558] hw perfevents: enabled with armv7_cortex_a8 PMU driver, 5 (8000000f) counters available
[    0.966480] gpio-clk clk_mcasp0: using DT '/clk_mcasp0' for 'enable' GPIO lookup
[    0.966554] of_get_named_gpiod_flags: parsed 'enable-gpios' property of node '/clk_mcasp0[0]' - status (0)
[    0.966597] gpio gpiochip0: Persistence not supported for GPIO 27
[    0.967400] gpiochip_find_base_unlocked: found new base at 608
[    0.967509] gpio gpiochip3: (gpio-96-127): created GPIO range 0->7 ==> 44e10800.pinmux PIN 82->89
[    0.967532] gpio gpiochip3: (gpio-96-127): created GPIO range 8->11 ==> 44e10800.pinmux PIN 52->55
[    0.967548] gpio gpiochip3: (gpio-96-127): created GPIO range 12->15 ==> 44e10800.pinmux PIN 94->97
[    0.967564] gpio gpiochip3: (gpio-96-127): created GPIO range 16->17 ==> 44e10800.pinmux PIN 71->72
[    0.967579] gpio gpiochip3: (gpio-96-127): created GPIO range 18->18 ==> 44e10800.pinmux PIN 135->135
[    0.967595] gpio gpiochip3: (gpio-96-127): created GPIO range 19->20 ==> 44e10800.pinmux PIN 108->109
[    0.967615] gpio gpiochip3: (gpio-96-127): created GPIO range 21->21 ==> 44e10800.pinmux PIN 73->73
[    0.967632] gpio gpiochip3: (gpio-96-127): created GPIO range 22->23 ==> 44e10800.pinmux PIN 8->9
[    0.967649] gpio gpiochip3: (gpio-96-127): created GPIO range 26->27 ==> 44e10800.pinmux PIN 10->11
[    0.967667] gpio gpiochip3: (gpio-96-127): created GPIO range 28->28 ==> 44e10800.pinmux PIN 74->74
[    0.967684] gpio gpiochip3: (gpio-96-127): created GPIO range 29->29 ==> 44e10800.pinmux PIN 81->81
[    0.967703] gpio gpiochip3: (gpio-96-127): created GPIO range 30->31 ==> 44e10800.pinmux PIN 28->29
[    0.973039] l3-aon-clkctrl:0000:0: failed to disable
[    0.973788] gpio gpiochip3: (gpio-96-127): added GPIO chardev (254:3)
[    0.973943] gpio gpiochip3: registered GPIOs 608 to 639 on gpio-96-127
[    0.987595] omap8250 44e09000.serial: using DT '/ocp/interconnect@44c00000/segment@200000/target-module@9000/serial@0' for 'rs485-term' GPIO lookup
[    0.987674] of_get_named_gpiod_flags: can't parse 'rs485-term-gpios' property of node '/ocp/interconnect@44c00000/segment@200000/target-module@9000/serial@0[0]'
[    0.987720] of_get_named_gpiod_flags: can't parse 'rs485-term-gpio' property of node '/ocp/interconnect@44c00000/segment@200000/target-module@9000/serial@0[0]'
[    0.987758] omap8250 44e09000.serial: using lookup tables for GPIO lookup
[    0.987768] omap8250 44e09000.serial: No GPIO consumer rs485-term found
[    0.987778] omap8250 44e09000.serial: using DT '/ocp/interconnect@44c00000/segment@200000/target-module@9000/serial@0' for 'rs485-rx-during-tx' GPIO lookup
[    0.987815] of_get_named_gpiod_flags: can't parse 'rs485-rx-during-tx-gpios' property of node '/ocp/interconnect@44c00000/segment@200000/target-module@9000/serial@0[0]'
[    0.987854] of_get_named_gpiod_flags: can't parse 'rs485-rx-during-tx-gpio' property of node '/ocp/interconnect@44c00000/segment@200000/target-module@9000/serial@0[0]'
[    0.987887] omap8250 44e09000.serial: using lookup tables for GPIO lookup
[    0.987896] omap8250 44e09000.serial: No GPIO consumer rs485-rx-during-tx found
[    0.988285] 44e09000.serial: ttyS0 at MMIO 0x44e09000 (irq = 34, base_baud = 3000000) is a 8250
[    0.988375] printk: legacy console [ttyS0] enabled
[    2.480768] i2c i2c-0: using DT '/ocp/interconnect@44c00000/segment@200000/target-module@b000/i2c@0' for 'scl' GPIO lookup
[    2.480860] of_get_named_gpiod_flags: can't parse 'scl-gpios' property of node '/ocp/interconnect@44c00000/segment@200000/target-module@b000/i2c@0[0]'
[    2.480910] of_get_named_gpiod_flags: can't parse 'scl-gpio' property of node '/ocp/interconnect@44c00000/segment@200000/target-module@b000/i2c@0[0]'
[    2.480951] i2c i2c-0: using lookup tables for GPIO lookup
[    2.480965] i2c i2c-0: No GPIO consumer scl found
[    2.480990] i2c i2c-0: using DT '/ocp/interconnect@44c00000/segment@200000/target-module@b000/i2c@0' for 'sda' GPIO lookup
[    2.481033] of_get_named_gpiod_flags: can't parse 'sda-gpios' property of node '/ocp/interconnect@44c00000/segment@200000/target-module@b000/i2c@0[0]'
[    2.481076] of_get_named_gpiod_flags: can't parse 'sda-gpio' property of node '/ocp/interconnect@44c00000/segment@200000/target-module@b000/i2c@0[0]'
[    2.481113] i2c i2c-0: using lookup tables for GPIO lookup
[    2.481125] i2c i2c-0: No GPIO consumer sda found
[    2.502353] tps65217-pmic: Failed to locate of_node [id: -1]
[    2.508422] tps65217-bl: Failed to locate of_node [id: -1]
[    2.519847] tps65217 0-0024: TPS65217 ID 0xe version 1.2
[    2.525992] /ocp/interconnect@48000000/segment@300000/target-module@e000/lcdc@0: Fixed dependency cycle(s) with /ocp/interconnect@44c00000/segment@200000/target-module@b000/i2c@0/tda19988@70
[    2.543389] /ocp/interconnect@44c00000/segment@200000/target-module@b000/i2c@0/tda19988@70: Fixed dependency cycle(s) with /ocp/interconnect@48000000/segment@300000/target-module@e000/lcdc@0
[    2.560747] omap_i2c 44e0b000.i2c: bus 0 rev0.11 at 400 kHz
[    2.568594] sdhci-omap 48060000.mmc: using DT '/ocp/interconnect@48000000/segment@0/target-module@60000/mmc@0' for 'cd' GPIO lookup
[    2.568707] of_get_named_gpiod_flags: parsed 'cd-gpios' property of node '/ocp/interconnect@48000000/segment@0/target-module@60000/mmc@0[0]' - status (0)
[    2.568775] gpio gpiochip3: Persistence not supported for GPIO 6
[    2.568801] omap_gpio 44e07000.gpio: Could not set line 6 debounce to 200000 microseconds (-22)
[    2.577681] sdhci-omap 48060000.mmc: Got CD GPIO
[    2.582364] sdhci-omap 48060000.mmc: using DT '/ocp/interconnect@48000000/segment@0/target-module@60000/mmc@0' for 'wp' GPIO lookup
[    2.582414] of_get_named_gpiod_flags: can't parse 'wp-gpios' property of node '/ocp/interconnect@48000000/segment@0/target-module@60000/mmc@0[0]'
[    2.582460] of_get_named_gpiod_flags: can't parse 'wp-gpio' property of node '/ocp/interconnect@48000000/segment@0/target-module@60000/mmc@0[0]'
[    2.582500] sdhci-omap 48060000.mmc: using lookup tables for GPIO lookup
[    2.582515] sdhci-omap 48060000.mmc: No GPIO consumer wp found
[    2.582724] sdhci-omap 48060000.mmc: supply pbias not found, using dummy regulator
[    2.591553] sdhci-omap 481d8000.mmc: using DT '/ocp/interconnect@48000000/segment@100000/target-module@d8000/mmc@0' for 'wp' GPIO lookup
[    2.591629] of_get_named_gpiod_flags: can't parse 'wp-gpios' property of node '/ocp/interconnect@48000000/segment@100000/target-module@d8000/mmc@0[0]'
[    2.591680] of_get_named_gpiod_flags: can't parse 'wp-gpio' property of node '/ocp/interconnect@48000000/segment@100000/target-module@d8000/mmc@0[0]'
[    2.591721] sdhci-omap 481d8000.mmc: using lookup tables for GPIO lookup
[    2.591735] sdhci-omap 481d8000.mmc: No GPIO consumer wp found
[    2.592809] sdhci-omap 48060000.mmc: supply vqmmc not found, using dummy regulator
[    2.601833] sdhci-omap 481d8000.mmc: supply pbias not found, using dummy regulator
[    2.609825] sdhci-omap 481d8000.mmc: supply vqmmc not found, using dummy regulator
[    2.647747] mmc0: SDHCI controller on 48060000.mmc [48060000.mmc] using External DMA
[    2.656015] mmc1: SDHCI controller on 481d8000.mmc [481d8000.mmc] using External DMA
[    2.664845] cpsw-switch 4a100000.switch: starting ndev. mode: dual_mac
[    2.710583] mmc0: new high speed SDHC card at address 5048
[    2.717685] mmcblk0: mmc0:5048 SD16G 14.4 GiB
[    2.725823]  mmcblk0: p1 p2
[    2.729202] mmcblk0: p2 size 31221760 extends beyond EOD, truncated
[    2.742648] SMSC LAN8710/LAN8720 4a101000.mdio:00: attached PHY driver (mii_bus:phy_addr=4a101000.mdio:00, irq=POLL)
[    2.759741] mmc1: new high speed MMC card at address 0001
[    2.766772] mmcblk1: mmc1:0001 MMC04G 3.60 GiB
[    2.774303]  mmcblk1: p1 p2
[    2.778554] mmcblk1boot0: mmc1:0001 MMC04G 2.00 MiB
[    2.785903] mmcblk1boot1: mmc1:0001 MMC04G 2.00 MiB
[    2.793484] mmcblk1rpmb: mmc1:0001 MMC04G 128 KiB, chardev (250:0)
[    5.922123] cpsw-switch 4a100000.switch eth0: Link is Up - 100Mbps/Full - flow control off
[    5.951367] IP-Config: Complete:
[    5.954636]      device=eth0, hwaddr=6c:ec:eb:68:de:78, ipaddr=192.168.255.1, mask=255.255.255.0, gw=255.255.255.255
[    5.965276]      host=bbb1, domain=, nis-domain=(none)
[    5.970445]      bootserver=192.168.255.126, rootserver=192.168.255.126, rootpath=
[    5.970871] clk: Disabling unused clocks
[    5.982736] PM: genpd: Disabling unused power domains
[    5.987855] KTAP version 1
[    5.990577] 1..0
[    6.016432] VFS: Mounted root (nfs filesystem) on device 0:17.
[    6.023511] devtmpfs: mounted
[    6.028172] Freeing unused kernel image (initmem) memory: 1024K
[    6.035009] Run /sbin/init as init process
[    6.039143]   with arguments:
[    6.039157]     /sbin/init
[    6.039166]     nfsrootdebug
[    6.039176]   with environment:
[    6.039185]     HOME=/
[    6.039194]     TERM=linux
[    6.753307] systemd[1]: System time before build time, advancing clock.
[    8.201373] random: crng init done
[    8.241762] systemd[1]: systemd 232 running in system mode. (+PAM +AUDIT +SELINUX +IMA +APPARMOR +SMACK +SYSVINIT +UTMP +LIBCRYPTSETUP +GCRYPT +GNUTLS +ACL +XZ +LZ4 +SECCOMP +BLKID +ELFUTILS +KMOD +IDN)
[    8.260741] systemd[1]: Detected architecture arm.
[    8.294408] systemd[1]: Set hostname to <arm>.
[    9.410453] systemd[1]: Listening on Syslog Socket.
[    9.433156] systemd[1]: Set up automount Arbitrary Executable File Formats File System Automount Point.
[    9.461804] systemd[1]: Reached target Swap.
[    9.483448] systemd[1]: Listening on udev Control Socket.
[    9.512270] systemd[1]: Listening on Journal Socket.
[    9.542288] systemd[1]: Started Dispatch Password Requests to Console Directory Watch.
[    9.571998] systemd[1]: Listening on udev Kernel Socket.
[   11.846825] systemd-journald[85]: Received request to flush runtime journal from PID 1
[   14.398644] leds-gpio leds: using DT '/leds/led2' for '(default)' GPIO lookup
[   14.398749] of_get_named_gpiod_flags: parsed 'gpios' property of node '/leds/led2[0]' - status (0)
[   14.398808] gpio gpiochip0: Persistence not supported for GPIO 21
[   14.398825] gpio-533 (?): no flags found for GPIO (default)
[   14.465893] leds-gpio leds: using DT '/leds/led3' for '(default)' GPIO lookup
[   14.466008] of_get_named_gpiod_flags: parsed 'gpios' property of node '/leds/led3[0]' - status (0)
[   14.466069] gpio gpiochip0: Persistence not supported for GPIO 22
[   14.466084] gpio-534 (?): no flags found for GPIO (default)
[   14.491874] leds-gpio leds: using DT '/leds/led4' for '(default)' GPIO lookup
[   14.491985] of_get_named_gpiod_flags: parsed 'gpios' property of node '/leds/led4[0]' - status (0)
[   14.492036] gpio gpiochip0: Persistence not supported for GPIO 23
[   14.492052] gpio-535 (?): no flags found for GPIO (default)
[   14.531967] leds-gpio leds: using DT '/leds/led5' for '(default)' GPIO lookup
[   14.532087] of_get_named_gpiod_flags: parsed 'gpios' property of node '/leds/led5[0]' - status (0)
[   14.532140] gpio gpiochip0: Persistence not supported for GPIO 24
[   14.532156] gpio-536 (?): no flags found for GPIO (default)
[   14.730741] remoteproc remoteproc0: wkup_m3 is available
[   15.057026] omap_rtc 44e3e000.rtc: registered as rtc0
[   15.062428] omap_rtc 44e3e000.rtc: setting system clock to 2000-01-01T00:00:00 UTC (946684800)
[   15.071129] omap_rtc 44e3e000.rtc: using DT '/ocp/interconnect@44c00000/segment@200000/target-module@3e000/rtc@0' for 'wp' GPIO lookup
[   15.071202] of_get_named_gpiod_flags: can't parse 'wp-gpios' property of node '/ocp/interconnect@44c00000/segment@200000/target-module@3e000/rtc@0[0]'
[   15.071255] of_get_named_gpiod_flags: can't parse 'wp-gpio' property of node '/ocp/interconnect@44c00000/segment@200000/target-module@3e000/rtc@0[0]'
[   15.071298] omap_rtc 44e3e000.rtc: using lookup tables for GPIO lookup
[   15.071431] omap_rtc 44e3e000.rtc: No GPIO consumer wp found
[   15.121904] at24 2-0054: supply vcc not found, using dummy regulator
[   15.189913] at24 2-0055: supply vcc not found, using dummy regulator
[   15.279446] at24 2-0056: supply vcc not found, using dummy regulator
[   15.385776] at24 2-0057: supply vcc not found, using dummy regulator
[   15.456521] at24 0-0050: using DT '/ocp/interconnect@44c00000/segment@200000/target-module@b000/i2c@0/eeprom@50' for 'wp' GPIO lookup
[   15.456635] of_get_named_gpiod_flags: can't parse 'wp-gpios' property of node '/ocp/interconnect@44c00000/segment@200000/target-module@b000/i2c@0/eeprom@50[0]'
[   15.456697] of_get_named_gpiod_flags: can't parse 'wp-gpio' property of node '/ocp/interconnect@44c00000/segment@200000/target-module@b000/i2c@0/eeprom@50[0]'
[   15.456745] at24 0-0050: using lookup tables for GPIO lookup
[   15.456759] at24 0-0050: No GPIO consumer wp found
[   15.457072] at24 0-0050: 32768 byte 24c256 EEPROM, writable, 1 bytes/write
[   15.706038] tps6521x_pwrbutton tps65217-pwrbutton: DMA mask not set
[   15.728441] wkup_m3_ipc 44e11324.wkup_m3_ipc: IPC Request for A8->M3 Channel failed! -517
[   15.802722] input: tps65217_pwrbutton as /devices/platform/ocp/44c00000.interconnect/44c00000.interconnect:segment@200000/44e0b000.target-module/44e0b000.i2c/i2c-0/0-0024/tps65217-pwrbutton/input/input0
[   15.823959] wkup_m3_ipc 44e11324.wkup_m3_ipc: IPC Request for A8->M3 Channel failed! -517
[   15.970777] omap_wdt: OMAP Watchdog Timer Rev 0x01: initial timeout 60 sec
[   15.997496] wkup_m3_ipc 44e11324.wkup_m3_ipc: IPC Request for A8->M3 Channel failed! -517
[   16.089109] am335x-phy-driver 47401300.usb-phy: using DT '/ocp/target-module@47400000/usb-phy@1300' for 'reset' GPIO lookup
[   16.089230] of_get_named_gpiod_flags: can't parse 'reset-gpios' property of node '/ocp/target-module@47400000/usb-phy@1300[0]'
[   16.089278] of_get_named_gpiod_flags: can't parse 'reset-gpio' property of node '/ocp/target-module@47400000/usb-phy@1300[0]'
[   16.089318] am335x-phy-driver 47401300.usb-phy: using lookup tables for GPIO lookup
[   16.089334] am335x-phy-driver 47401300.usb-phy: No GPIO consumer reset found
[   16.089350] am335x-phy-driver 47401300.usb-phy: using DT '/ocp/target-module@47400000/usb-phy@1300' for 'vbus-detect' GPIO lookup
[   16.089383] of_get_named_gpiod_flags: can't parse 'vbus-detect-gpios' property of node '/ocp/target-module@47400000/usb-phy@1300[0]'
[   16.089417] of_get_named_gpiod_flags: can't parse 'vbus-detect-gpio' property of node '/ocp/target-module@47400000/usb-phy@1300[0]'
[   16.089445] am335x-phy-driver 47401300.usb-phy: using lookup tables for GPIO lookup
[   16.089457] am335x-phy-driver 47401300.usb-phy: No GPIO consumer vbus-detect found
[   16.089608] am335x-phy-driver 47401300.usb-phy: dummy supplies not allowed for exclusive requests (id=vbus)
[   16.358254] am335x-phy-driver 47401b00.usb-phy: using DT '/ocp/target-module@47400000/usb-phy@1b00' for 'reset' GPIO lookup
[   16.358419] of_get_named_gpiod_flags: can't parse 'reset-gpios' property of node '/ocp/target-module@47400000/usb-phy@1b00[0]'
[   16.358527] of_get_named_gpiod_flags: can't parse 'reset-gpio' property of node '/ocp/target-module@47400000/usb-phy@1b00[0]'
[   16.358619] am335x-phy-driver 47401b00.usb-phy: using lookup tables for GPIO lookup
[   16.358638] am335x-phy-driver 47401b00.usb-phy: No GPIO consumer reset found
[   16.358655] am335x-phy-driver 47401b00.usb-phy: using DT '/ocp/target-module@47400000/usb-phy@1b00' for 'vbus-detect' GPIO lookup
[   16.358735] of_get_named_gpiod_flags: can't parse 'vbus-detect-gpios' property of node '/ocp/target-module@47400000/usb-phy@1b00[0]'
[   16.358780] of_get_named_gpiod_flags: can't parse 'vbus-detect-gpio' property of node '/ocp/target-module@47400000/usb-phy@1b00[0]'
[   16.358809] am335x-phy-driver 47401b00.usb-phy: using lookup tables for GPIO lookup
[   16.358872] am335x-phy-driver 47401b00.usb-phy: No GPIO consumer vbus-detect found
[   16.359210] am335x-phy-driver 47401b00.usb-phy: dummy supplies not allowed for exclusive requests (id=vbus)
[   16.382111] wkup_m3_ipc 44e11324.wkup_m3_ipc: IPC Request for A8->M3 Channel failed! -517
[   16.551670] usbcore: registered new interface driver usbfs
[   16.557313] usbcore: registered new interface driver hub
[   16.562860] usbcore: registered new device driver usb
[   16.578093] wkup_m3_ipc 44e11324.wkup_m3_ipc: IPC Request for A8->M3 Channel failed! -517
[   16.776064] tda998x 0-0070: found TDA19988
[   16.913566] wkup_m3_ipc 44e11324.wkup_m3_ipc: IPC Request for A8->M3 Channel failed! -517
[   17.168413] wkup_m3_ipc 44e11324.wkup_m3_ipc: IPC Request for A8->M3 Channel failed! -517
[   17.306460] musb-hdrc musb-hdrc.1: MUSB HDRC host driver
[   17.312033] musb-hdrc musb-hdrc.1: new USB bus registered, assigned bus number 1
[   17.348846] wkup_m3_ipc 44e11324.wkup_m3_ipc: IPC Request for A8->M3 Channel failed! -517
[   17.546516] omap-mailbox 480c8000.mailbox: omap mailbox rev 0x400
[   17.555395] usb usb1: New USB device found, idVendor=1d6b, idProduct=0002, bcdDevice= 6.12
[   17.563901] usb usb1: New USB device strings: Mfr=3, Product=2, SerialNumber=1
[   17.571170] usb usb1: Product: MUSB HDRC host driver
[   17.576201] usb usb1: Manufacturer: Linux 6.12.0-next-20241126 musb-hcd
[   17.582898] usb usb1: SerialNumber: musb-hdrc.1
[   17.664004] remoteproc remoteproc0: powering up wkup_m3
[   17.819589] remoteproc remoteproc0: Direct firmware load for am335x-pm-firmware.elf failed with error -2
[   17.829350] remoteproc remoteproc0: request_firmware failed: -2
[   17.835367] wkup_m3_ipc 44e11324.wkup_m3_ipc: rproc_boot failed
[   17.989064] hub 1-0:1.0: USB hub found
[   18.032916] hub 1-0:1.0: 1 port detected
[   19.507094] omap_rng 48310000.rng: Random Number Generator ver. 20
[   19.604260] tilcdc 4830e000.lcdc: bound 0-0070 (ops tda998x_driver_exit [tda998x])
[   19.702338] [drm] Initialized tilcdc 1.0.0 for 4830e000.lcdc on minor 0
[   19.781598] tilcdc 4830e000.lcdc: [drm] Cannot find any crtc or sizes
[   19.789922] tilcdc 4830e000.lcdc: [drm] Cannot find any crtc or sizes
[   20.686576] PM: Cannot get wkup_m3_ipc handle
[   20.698109] omap-sham 53100000.sham: hw accel on OMAP rev 4.3
[   20.864944] omap-sham 53100000.sham: will run requests pump with realtime priority
[   20.881747] PM: Cannot get wkup_m3_ipc handle
[   21.259380] omap-aes 53500000.aes: OMAP AES hw accel rev: 3.2
[   21.403056] omap-aes 53500000.aes: will run requests pump with realtime priority
[   21.412018] PM: Cannot get wkup_m3_ipc handle
[   23.650602] Bluetooth: Core ver 2.22
[   23.654613] NET: Registered PF_BLUETOOTH protocol family
[   23.659968] Bluetooth: HCI device and connection manager initialized
[   23.666496] Bluetooth: HCI socket layer initialized
[   23.671471] Bluetooth: L2CAP socket layer initialized
[   23.676585] Bluetooth: SCO socket layer initialized
[   24.870410] PM: Cannot get wkup_m3_ipc handle
[   24.876460] asoc-simple-card sound: using DT '/sound' for 'simple-audio-card,hp-det' GPIO lookup
[   24.876536] of_get_named_gpiod_flags: can't parse 'simple-audio-card,hp-det-gpios' property of node '/sound[0]'
[   24.876572] of_get_named_gpiod_flags: can't parse 'simple-audio-card,hp-det-gpio' property of node '/sound[0]'
[   24.876598] asoc-simple-card sound: using lookup tables for GPIO lookup
[   24.876613] asoc-simple-card sound: No GPIO consumer simple-audio-card,hp-det found
[   24.876628] asoc-simple-card sound: using DT '/sound' for 'simple-audio-card,mic-det' GPIO lookup
[   24.876654] of_get_named_gpiod_flags: can't parse 'simple-audio-card,mic-det-gpios' property of node '/sound[0]'
[   24.876681] of_get_named_gpiod_flags: can't parse 'simple-audio-card,mic-det-gpio' property of node '/sound[0]'
[   24.876702] asoc-simple-card sound: using lookup tables for GPIO lookup
[   24.876715] asoc-simple-card sound: No GPIO consumer simple-audio-card,mic-det found
[   24.966613] PM: Cannot get wkup_m3_ipc handle
[   28.710050] userial_init: registered 8 ttyGS* devices
[   28.903061] rndis_register: configNr = 0
[   29.002268] udc musb-hdrc.0: binding gadget driver [g_multi]
[   29.002353] configfs-gadget.g_multi gadget.0: adding 'rndis'/e6e4f2bf to config 'c'/4c79791f
[   29.003486] configfs-gadget.g_multi gadget.0: HOST MAC 1c:ba:8c:a2:ed:6c
[   29.003513] configfs-gadget.g_multi gadget.0: MAC 1c:ba:8c:a2:ed:70
[   29.003571] rndis_set_param_medium: 0 0
[   29.003588] configfs-gadget.g_multi gadget.0: RNDIS: IN/ep1in OUT/ep1out NOTIFY/ep2in
[   29.003603] configfs-gadget.g_multi gadget.0: adding 'cdc_ethernet'/3a5f5e92 to config 'c'/4c79791f
[   29.004470] configfs-gadget.g_multi gadget.0: HOST MAC 1c:ba:8c:a2:ed:6c
[   29.004491] configfs-gadget.g_multi gadget.0: MAC 1c:ba:8c:a2:ed:6d
[   29.004539] configfs-gadget.g_multi gadget.0: CDC Ethernet: IN/ep3in OUT/ep2out NOTIFY/ep4in
[   29.004554] configfs-gadget.g_multi gadget.0: adding 'acm'/da52ac7f to config 'c'/4c79791f
[   29.004588] configfs-gadget.g_multi gadget.0: acm ttyGS0: IN/ep5in OUT/ep3out NOTIFY/ep6in
[   29.006859] PM: Cannot get wkup_m3_ipc handle
[   31.335145] configfs-gadget.g_multi gadget.0: eth_open
[   35.180107] gs_open: ttyGS0 (649a7a49,86a29ce7)
[   35.180271] gs_close: ttyGS0 (649a7a49,86a29ce7) ...
[   35.180295] gs_close: ttyGS0 (649a7a49,86a29ce7) done!
[   35.200069] gs_open: ttyGS0 (9ec701e0,42194a0b)
[   35.200218] gs_close: ttyGS0 (9ec701e0,42194a0b) ...
[   35.200244] gs_close: ttyGS0 (9ec701e0,42194a0b) done!
[   35.370314] gs_open: ttyGS0 (5a898921,ccaa698e)
[   35.370549] gs_close: ttyGS0 (5a898921,ccaa698e) ...
[   35.370577] gs_close: ttyGS0 (5a898921,ccaa698e) done!
[   35.370919] gs_open: ttyGS0 (5a898921,ccaa698e)
QBAEWFQZJY 0
root@arm:~# echo 'OMHS''AETTPT'
OMHSAETTPT
root@arm:~# MARKER='LJGS''ZVOFAW' run 'modprobe test_linear_ranges'
LJGSZVOFAWLJGSZVOFAW 0
root@arm:~# echo 'LVHG''SSAXOF'
LVHGSSAXOF
root@arm:~# MARKER='XXTL''WULMAK' run dmesg
XXTLWULMAK[    0.000000] Booting Linux on physical CPU 0x0
[    0.000000] Linux version 6.12.0-next-20241126 (user01@drvtest01) (arm-linux-gnueabihf-gcc (Linaro GCC 6.4-2017.11) 6.4.1 20171012, GNU ld (Linaro_Binutils-2017.11) 2.27.0.20161229) #145 SMP Tue Nov 26 07:02:32 EET 2024
[    0.000000] CPU: ARMv7 Processor [413fc082] revision 2 (ARMv7), cr=10c5387d
[    0.000000] CPU: PIPT / VIPT nonaliasing data cache, VIPT aliasing instruction cache
[    0.000000] OF: fdt: Machine model: TI AM335x BeagleBone Black
[    0.000000] Memory policy: Data cache writeback
[    0.000000] cma: Reserved 16 MiB at 0x9e800000 on node -1
[    0.000000] Zone ranges:
[    0.000000]   Normal   [mem 0x0000000080000000-0x000000009fdfffff]
[    0.000000]   HighMem  empty
[    0.000000] Movable zone start for each node
[    0.000000] Early memory node ranges
[    0.000000]   node   0: [mem 0x0000000080000000-0x000000009fdfffff]
[    0.000000] Initmem setup node 0 [mem 0x0000000080000000-0x000000009fdfffff]
[    0.000000] OF: reserved mem: Reserved memory: No reserved-memory node in the DT
[    0.000000] CPU: All CPU(s) started in SVC mode.
[    0.000000] AM335X ES2.1 (sgx neon)
[    0.000000] percpu: Embedded 17 pages/cpu s39564 r8192 d21876 u69632
[    0.000000] pcpu-alloc: s39564 r8192 d21876 u69632 alloc=17*4096
[    0.000000] pcpu-alloc: [0] 0 
[    0.000000] Kernel command line: console=ttyO0,115200n8 root=/dev/nfs rw nfsroot=192.168.255.126:/home/user01/nfs,nfsvers=3 ip=192.168.255.1:192.168.255.126::255.255.255.0:bbb1:eth0 nfsrootdebug
[    0.000000] Unknown kernel command line parameters "nfsrootdebug", will be passed to user space.
[    0.000000] printk: log buffer data + meta data: 65536 + 204800 = 270336 bytes
[    0.000000] Dentry cache hash table entries: 65536 (order: 6, 262144 bytes, linear)
[    0.000000] Inode-cache hash table entries: 32768 (order: 5, 131072 bytes, linear)
[    0.000000] Built 1 zonelists, mobility grouping on.  Total pages: 130560
[    0.000000] mem auto-init: stack:off, heap alloc:off, heap free:off
[    0.000000] SLUB: HWalign=64, Order=0-3, MinObjects=0, CPUs=1, Nodes=1
[    0.000000] trace event string verifier disabled
[    0.000000] rcu: Hierarchical RCU implementation.
[    0.000000] rcu: 	RCU event tracing is enabled.
[    0.000000] rcu: 	RCU restricting CPUs from NR_CPUS=2 to nr_cpu_ids=1.
[    0.000000] 	Tracing variant of Tasks RCU enabled.
[    0.000000] rcu: RCU calculated value of scheduler-enlistment delay is 10 jiffies.
[    0.000000] rcu: Adjusting geometry for rcu_fanout_leaf=16, nr_cpu_ids=1
[    0.000000] RCU Tasks Trace: Setting shift to 0 and lim to 1 rcu_task_cb_adjust=1 rcu_task_cpu_ids=1.
[    0.000000] NR_IRQS: 16, nr_irqs: 16, preallocated irqs: 16
[    0.000000] IRQ: Found an INTC at 0x(ptrval) (revision 5.0) with 128 interrupts
[    0.000000] rcu: srcu_init: Setting srcu_struct sizes based on contention.
[    0.000000] TI gptimer clocksource: always-on /ocp/interconnect@44c00000/segment@200000/target-module@31000
[    0.000002] sched_clock: 32 bits at 24MHz, resolution 41ns, wraps every 89478484971ns
[    0.000026] clocksource: dmtimer: mask: 0xffffffff max_cycles: 0xffffffff, max_idle_ns: 79635851949 ns
[    0.000511] TI gptimer clockevent: 24000000 Hz at /ocp/interconnect@48000000/segment@0/target-module@40000
[    0.002152] Console: colour dummy device 80x30
[    0.002218] WARNING: Your 'console=ttyO0' has been replaced by 'ttyS0'
[    0.002225] This ensures that you still see kernel messages. Please
[    0.002230] update your kernel commandline.
[    0.002272] Calibrating delay loop... 996.14 BogoMIPS (lpj=4980736)
[    0.090561] CPU: Testing write buffer coherency: ok
[    0.090680] CPU0: Spectre v2: using BPIALL workaround
[    0.090691] pid_max: default: 32768 minimum: 301
[    0.090818] LSM: initializing lsm=capability
[    0.090990] Mount-cache hash table entries: 1024 (order: 0, 4096 bytes, linear)
[    0.091011] Mountpoint-cache hash table entries: 1024 (order: 0, 4096 bytes, linear)
[    0.092679] CPU0: thread -1, cpu 0, socket -1, mpidr 0
[    0.160941] Setting up static identity map for 0x80100000 - 0x80100078
[    0.170716] rcu: Hierarchical SRCU implementation.
[    0.170726] rcu: 	Max phase no-delay instances is 1000.
[    0.190780] smp: Bringing up secondary CPUs ...
[    0.190836] smp: Brought up 1 node, 1 CPU
[    0.190853] SMP: Total of 1 processors activated (996.14 BogoMIPS).
[    0.190865] CPU: All CPU(s) started in SVC mode.
[    0.191059] Memory: 480840K/522240K available (11264K kernel code, 1213K rwdata, 2896K rodata, 1024K init, 297K bss, 23388K reserved, 16384K cma-reserved, 0K highmem)
[    0.191932] devtmpfs: initialized
[    0.209234] VFP support v0.3: implementor 41 architecture 3 part 30 variant c rev 3
[    0.209588] clocksource: jiffies: mask: 0xffffffff max_cycles: 0xffffffff, max_idle_ns: 19112604462750000 ns
[    0.209621] futex hash table entries: 256 (order: 2, 16384 bytes, linear)
[    0.211128] pinctrl core: initialized pinctrl subsystem
[    0.213975] NET: Registered PF_NETLINK/PF_ROUTE protocol family
[    0.216802] DMA: preallocated 256 KiB pool for atomic coherent allocations
[    0.217720] audit: initializing netlink subsys (disabled)
[    0.219168] thermal_sys: Registered thermal governor 'fair_share'
[    0.219186] thermal_sys: Registered thermal governor 'step_wise'
[    0.219196] thermal_sys: Registered thermal governor 'user_space'
[    0.219352] audit: type=2000 audit(0.210:1): state=initialized audit_enabled=0 res=1
[    0.219390] cpuidle: using governor menu
[    0.237890] /ocp/interconnect@44c00000/segment@200000/target-module@b000/i2c@0/tda19988@70: Fixed dependency cycle(s) with /ocp/interconnect@48000000/segment@300000/target-module@e000/lcdc@0
[    0.239057] /ocp/interconnect@48000000/segment@300000/target-module@e000/lcdc@0: Fixed dependency cycle(s) with /ocp/interconnect@44c00000/segment@200000/target-module@b000/i2c@0/tda19988@70
[    0.241434] No ATAGs?
[    0.241455] hw-breakpoint: debug architecture 0x4 unsupported.
[    0.244220] kprobes: kprobe jump-optimization is enabled. All kprobes are optimized if possible.
[    0.254236] iommu: Default domain type: Translated
[    0.254258] iommu: DMA domain TLB invalidation policy: strict mode
[    0.261317] reg-fixed-voltage fixedregulator0: using DT '/fixedregulator0' for '(default)' GPIO lookup
[    0.261373] of_get_named_gpiod_flags: can't parse 'gpios' property of node '/fixedregulator0[0]'
[    0.261403] of_get_named_gpiod_flags: can't parse 'gpio' property of node '/fixedregulator0[0]'
[    0.261422] reg-fixed-voltage fixedregulator0: using lookup tables for GPIO lookup
[    0.261432] reg-fixed-voltage fixedregulator0: No GPIO consumer (default) found
[    0.262476] SCSI subsystem initialized
[    0.262989] libata version 3.00 loaded.
[    0.263356] pps_core: LinuxPPS API ver. 1 registered
[    0.263367] pps_core: Software ver. 5.3.6 - Copyright 2005-2007 Rodolfo Giometti <giometti@linux.it>
[    0.263392] PTP clock support registered
[    0.270933] vgaarb: loaded
[    0.271347] clocksource: Switched to clocksource dmtimer
[    0.272026] VFS: Disk quotas dquot_6.6.0
[    0.272071] VFS: Dquot-cache hash table entries: 1024 (order 0, 4096 bytes)
[    0.296249] NET: Registered PF_INET protocol family
[    0.296608] IP idents hash table entries: 8192 (order: 4, 65536 bytes, linear)
[    0.298046] tcp_listen_portaddr_hash hash table entries: 512 (order: 0, 4096 bytes, linear)
[    0.298084] Table-perturb hash table entries: 65536 (order: 6, 262144 bytes, linear)
[    0.298100] TCP established hash table entries: 4096 (order: 2, 16384 bytes, linear)
[    0.298143] TCP bind hash table entries: 4096 (order: 4, 65536 bytes, linear)
[    0.298243] TCP: Hash tables configured (established 4096 bind 4096)
[    0.298364] UDP hash table entries: 256 (order: 1, 14336 bytes, linear)
[    0.298401] UDP-Lite hash table entries: 256 (order: 1, 14336 bytes, linear)
[    0.298598] NET: Registered PF_UNIX/PF_LOCAL protocol family
[    0.301995] RPC: Registered named UNIX socket transport module.
[    0.302020] RPC: Registered udp transport module.
[    0.302026] RPC: Registered tcp transport module.
[    0.302031] RPC: Registered tcp-with-tls transport module.
[    0.302036] RPC: Registered tcp NFSv4.1 backchannel transport module.
[    0.302060] PCI: CLS 0 bytes, default 64
[    0.303571] Initialise system trusted keyrings
[    0.311904] workingset: timestamp_bits=14 max_order=17 bucket_order=3
[    0.313238] NFS: Registering the id_resolver key type
[    0.313308] Key type id_resolver registered
[    0.313317] Key type id_legacy registered
[    0.313368] jffs2: version 2.2. (NAND) (SUMMARY)  Â© 2001-2006 Red Hat, Inc.
[    0.313772] Key type asymmetric registered
[    0.313788] Asymmetric key parser 'x509' registered
[    0.313853] io scheduler mq-deadline registered
[    0.313865] io scheduler kyber registered
[    0.313937] io scheduler bfq registered
[    0.315581] ledtrig-cpu: registered to indicate activity on CPUs
[    0.322573] Serial: 8250/16550 driver, 6 ports, IRQ sharing enabled
[    0.367415] brd: module loaded
[    0.385279] loop: module loaded
[    0.386224] mtdoops: mtd device (mtddev=name/number) must be supplied
[    0.400117] mdio_bus fixed-0: using lookup tables for GPIO lookup
[    0.400143] mdio_bus fixed-0: No GPIO consumer reset found
[    0.401712] i2c_dev: i2c /dev entries driver
[    0.402712] cpuidle: enable-method property 'ti,am3352' found operations
[    0.403163] sdhci: Secure Digital Host Controller Interface driver
[    0.403172] sdhci: Copyright(c) Pierre Ossman
[    0.403345] sdhci-pltfm: SDHCI platform and OF driver helper
[    0.404369] Initializing XFRM netlink socket
[    0.404518] NET: Registered PF_INET6 protocol family
[    0.406569] Segment Routing with IPv6
[    0.406663] In-situ OAM (IOAM) with IPv6
[    0.406762] sit: IPv6, IPv4 and MPLS over IPv4 tunneling driver
[    0.407732] NET: Registered PF_PACKET protocol family
[    0.407771] NET: Registered PF_KEY protocol family
[    0.407900] Key type dns_resolver registered
[    0.408182] ThumbEE CPU extension supported.
[    0.408204] Registering SWP/SWPB emulation handler
[    0.408744] omap_voltage_late_init: Voltage driver support not added
[    0.409098] SmartReflex Class3 initialized
[    0.443926] Loading compiled-in X.509 certificates
[    0.491840] /ocp/interconnect@44c00000/segment@200000/target-module@b000/i2c@0/tda19988@70: Fixed dependency cycle(s) with /ocp/interconnect@48000000/segment@300000/target-module@e000/lcdc@0
[    0.498268] /ocp/interconnect@44c00000/segment@200000/target-module@b000/i2c@0/tda19988@70: Fixed dependency cycle(s) with /ocp/interconnect@48000000/segment@300000/target-module@e000/lcdc@0
[    0.504057] gpiochip_find_base_unlocked: found new base at 512
[    0.528108] /ocp/interconnect@44c00000/segment@200000/target-module@b000/i2c@0/tda19988@70: Fixed dependency cycle(s) with /ocp/interconnect@48000000/segment@300000/target-module@e000/lcdc@0
[    0.528981] /ocp/interconnect@44c00000/segment@200000/target-module@b000/i2c@0/tda19988@70: Fixed dependency cycle(s) with /ocp/interconnect@48000000/segment@300000/target-module@e000/lcdc@0
[    0.532716] /ocp/interconnect@44c00000/segment@200000/target-module@10000/scm@0/pinmux@800: Fixed dependency cycle(s) with /ocp/interconnect@44c00000/segment@200000/target-module@10000/scm@0/pinmux@800/clkout2-pins
[    0.533311] pinctrl-single 44e10800.pinmux: 142 pins, size 568
[    0.538446] ti-sysc 44e31000.target-module: probe with driver ti-sysc failed with error -16
[    0.559422] /ocp/interconnect@48000000/segment@300000/target-module@e000/lcdc@0: Fixed dependency cycle(s) with /ocp/interconnect@44c00000/segment@200000/target-module@b000/i2c@0/tda19988@70
[    0.567530] ti-sysc 48040000.target-module: probe with driver ti-sysc failed with error -16
[    0.578829] gpiochip_find_base_unlocked: found new base at 512
[    0.578928] gpio gpiochip0: (gpio-0-31): created GPIO range 0->7 ==> 44e10800.pinmux PIN 0->7
[    0.578951] gpio gpiochip0: (gpio-0-31): created GPIO range 8->11 ==> 44e10800.pinmux PIN 90->93
[    0.578966] gpio gpiochip0: (gpio-0-31): created GPIO range 12->27 ==> 44e10800.pinmux PIN 12->27
[    0.578982] gpio gpiochip0: (gpio-0-31): created GPIO range 28->31 ==> 44e10800.pinmux PIN 30->33
[    0.617192] gpio gpiochip0: (gpio-0-31): added GPIO chardev (254:0)
[    0.617354] gpio gpiochip0: registered GPIOs 512 to 543 on gpio-0-31
[    0.617443] OMAP GPIO hardware version 0.1
[    0.644277] i2c i2c-2: using DT '/ocp/interconnect@48000000/segment@100000/target-module@9c000/i2c@0' for 'scl' GPIO lookup
[    0.644353] of_get_named_gpiod_flags: can't parse 'scl-gpios' property of node '/ocp/interconnect@48000000/segment@100000/target-module@9c000/i2c@0[0]'
[    0.644398] of_get_named_gpiod_flags: can't parse 'scl-gpio' property of node '/ocp/interconnect@48000000/segment@100000/target-module@9c000/i2c@0[0]'
[    0.644435] i2c i2c-2: using lookup tables for GPIO lookup
[    0.644445] i2c i2c-2: No GPIO consumer scl found
[    0.644467] i2c i2c-2: using DT '/ocp/interconnect@48000000/segment@100000/target-module@9c000/i2c@0' for 'sda' GPIO lookup
[    0.644504] of_get_named_gpiod_flags: can't parse 'sda-gpios' property of node '/ocp/interconnect@48000000/segment@100000/target-module@9c000/i2c@0[0]'
[    0.644543] of_get_named_gpiod_flags: can't parse 'sda-gpio' property of node '/ocp/interconnect@48000000/segment@100000/target-module@9c000/i2c@0[0]'
[    0.644576] i2c i2c-2: using lookup tables for GPIO lookup
[    0.644584] i2c i2c-2: No GPIO consumer sda found
[    0.645331] omap_i2c 4819c000.i2c: bus 2 rev0.11 at 100 kHz
[    0.650801] gpiochip_find_base_unlocked: found new base at 544
[    0.650900] gpio gpiochip1: (gpio-32-63): created GPIO range 0->17 ==> 44e10800.pinmux PIN 34->51
[    0.650922] gpio gpiochip1: (gpio-32-63): created GPIO range 18->21 ==> 44e10800.pinmux PIN 77->80
[    0.650938] gpio gpiochip1: (gpio-32-63): created GPIO range 22->31 ==> 44e10800.pinmux PIN 56->65
[    0.652025] gpio gpiochip1: (gpio-32-63): added GPIO chardev (254:1)
[    0.652184] gpio gpiochip1: registered GPIOs 544 to 575 on gpio-32-63
[    0.654439] gpiochip_find_base_unlocked: found new base at 576
[    0.654531] gpio gpiochip2: (gpio-64-95): created GPIO range 0->4 ==> 44e10800.pinmux PIN 66->70
[    0.654550] gpio gpiochip2: (gpio-64-95): created GPIO range 5->6 ==> 44e10800.pinmux PIN 98->99
[    0.654566] gpio gpiochip2: (gpio-64-95): created GPIO range 7->8 ==> 44e10800.pinmux PIN 75->76
[    0.654582] gpio gpiochip2: (gpio-64-95): created GPIO range 13->13 ==> 44e10800.pinmux PIN 141->141
[    0.654598] gpio gpiochip2: (gpio-64-95): created GPIO range 14->21 ==> 44e10800.pinmux PIN 100->107
[    0.655259] gpio gpiochip2: (gpio-64-95): added GPIO chardev (254:2)
[    0.655400] gpio gpiochip2: registered GPIOs 576 to 607 on gpio-64-95
[    0.660863] 48000000.interconnect:segment@200000:target-module@0:mpu@0:fck: device ID is greater than 24
[    0.662039] /ocp/interconnect@48000000/segment@300000/target-module@e000/lcdc@0: Fixed dependency cycle(s) with /ocp/interconnect@44c00000/segment@200000/target-module@b000/i2c@0/tda19988@70
[    0.664873] /ocp/interconnect@48000000/segment@300000/target-module@e000/lcdc@0: Fixed dependency cycle(s) with /ocp/interconnect@44c00000/segment@200000/target-module@b000/i2c@0/tda19988@70
[    0.665567] /ocp/interconnect@44c00000/segment@200000/target-module@b000/i2c@0/tda19988@70: Fixed dependency cycle(s) with /ocp/interconnect@48000000/segment@300000/target-module@e000/lcdc@0
[    0.665729] /ocp/interconnect@48000000/segment@300000/target-module@e000/lcdc@0: Fixed dependency cycle(s) with /ocp/interconnect@44c00000/segment@200000/target-module@b000/i2c@0/tda19988@70
[    0.675442] mdio_bus 4a101000.mdio: using DT '/ocp/interconnect@4a000000/segment@0/target-module@100000/switch@0/mdio@1000' for 'reset' GPIO lookup
[    0.675518] of_get_named_gpiod_flags: can't parse 'reset-gpios' property of node '/ocp/interconnect@4a000000/segment@0/target-module@100000/switch@0/mdio@1000[0]'
[    0.675567] of_get_named_gpiod_flags: can't parse 'reset-gpio' property of node '/ocp/interconnect@4a000000/segment@0/target-module@100000/switch@0/mdio@1000[0]'
[    0.675616] mdio_bus 4a101000.mdio: using lookup tables for GPIO lookup
[    0.675626] mdio_bus 4a101000.mdio: No GPIO consumer reset found
[    0.676986] sdhci-omap 481d8000.mmc: using DT '/ocp/interconnect@48000000/segment@100000/target-module@d8000/mmc@0' for 'wp' GPIO lookup
[    0.677050] of_get_named_gpiod_flags: can't parse 'wp-gpios' property of node '/ocp/interconnect@48000000/segment@100000/target-module@d8000/mmc@0[0]'
[    0.677096] of_get_named_gpiod_flags: can't parse 'wp-gpio' property of node '/ocp/interconnect@48000000/segment@100000/target-module@d8000/mmc@0[0]'
[    0.677133] sdhci-omap 481d8000.mmc: using lookup tables for GPIO lookup
[    0.677143] sdhci-omap 481d8000.mmc: No GPIO consumer wp found
[    0.677334] sdhci-omap 481d8000.mmc: supply pbias not found, using dummy regulator
[    0.677834] sdhci-omap 481d8000.mmc: supply vqmmc not found, using dummy regulator
[    0.732586] davinci_mdio 4a101000.mdio: davinci mdio revision 1.6, bus freq 1000000
[    0.758049] mdio_bus 4a101000.mdio:00: using DT '/ocp/interconnect@4a000000/segment@0/target-module@100000/switch@0/mdio@1000/ethernet-phy@0' for 'reset' GPIO lookup
[    0.758153] of_get_named_gpiod_flags: parsed 'reset-gpios' property of node '/ocp/interconnect@4a000000/segment@0/target-module@100000/switch@0/mdio@1000/ethernet-phy@0[0]' - status (0)
[    0.758318] gpio gpiochip0: Persistence not supported for GPIO 8
[    0.896578] davinci_mdio 4a101000.mdio: phy[0]: device 4a101000.mdio:00, driver SMSC LAN8710/LAN8720
[    0.897369] cpsw-switch 4a100000.switch: initialized cpsw ale version 1.4
[    0.897392] cpsw-switch 4a100000.switch: ALE Table size 1024, Policers 0
[    0.897658] cpsw-switch 4a100000.switch: cpts: overflow check period 500 (jiffies)
[    0.897678] cpsw-switch 4a100000.switch: CPTS: ref_clk_freq:250000000 calc_mult:2147483648 calc_shift:29 error:0 nsec/sec
[    0.897785] cpsw-switch 4a100000.switch: Detected MACID = 6c:ec:eb:68:de:78
[    0.899616] cpsw-switch 4a100000.switch: initialized (regs 0x4a100000, pool size 256) hw_ver:0019010C 1.12 (0)
[    0.910736] debugfs: Directory '49000000.dma' with parent 'dmaengine' already present!
[    0.910777] edma 49000000.dma: TI EDMA DMA engine driver
[    0.944177] target-module@4b000000:target-module@140000:pmu@0:fck: device ID is greater than 24
[    0.965558] hw perfevents: enabled with armv7_cortex_a8 PMU driver, 5 (8000000f) counters available
[    0.966480] gpio-clk clk_mcasp0: using DT '/clk_mcasp0' for 'enable' GPIO lookup
[    0.966554] of_get_named_gpiod_flags: parsed 'enable-gpios' property of node '/clk_mcasp0[0]' - status (0)
[    0.966597] gpio gpiochip0: Persistence not supported for GPIO 27
[    0.967400] gpiochip_find_base_unlocked: found new base at 608
[    0.967509] gpio gpiochip3: (gpio-96-127): created GPIO range 0->7 ==> 44e10800.pinmux PIN 82->89
[    0.967532] gpio gpiochip3: (gpio-96-127): created GPIO range 8->11 ==> 44e10800.pinmux PIN 52->55
[    0.967548] gpio gpiochip3: (gpio-96-127): created GPIO range 12->15 ==> 44e10800.pinmux PIN 94->97
[    0.967564] gpio gpiochip3: (gpio-96-127): created GPIO range 16->17 ==> 44e10800.pinmux PIN 71->72
[    0.967579] gpio gpiochip3: (gpio-96-127): created GPIO range 18->18 ==> 44e10800.pinmux PIN 135->135
[    0.967595] gpio gpiochip3: (gpio-96-127): created GPIO range 19->20 ==> 44e10800.pinmux PIN 108->109
[    0.967615] gpio gpiochip3: (gpio-96-127): created GPIO range 21->21 ==> 44e10800.pinmux PIN 73->73
[    0.967632] gpio gpiochip3: (gpio-96-127): created GPIO range 22->23 ==> 44e10800.pinmux PIN 8->9
[    0.967649] gpio gpiochip3: (gpio-96-127): created GPIO range 26->27 ==> 44e10800.pinmux PIN 10->11
[    0.967667] gpio gpiochip3: (gpio-96-127): created GPIO range 28->28 ==> 44e10800.pinmux PIN 74->74
[    0.967684] gpio gpiochip3: (gpio-96-127): created GPIO range 29->29 ==> 44e10800.pinmux PIN 81->81
[    0.967703] gpio gpiochip3: (gpio-96-127): created GPIO range 30->31 ==> 44e10800.pinmux PIN 28->29
[    0.973039] l3-aon-clkctrl:0000:0: failed to disable
[    0.973788] gpio gpiochip3: (gpio-96-127): added GPIO chardev (254:3)
[    0.973943] gpio gpiochip3: registered GPIOs 608 to 639 on gpio-96-127
[    0.987595] omap8250 44e09000.serial: using DT '/ocp/interconnect@44c00000/segment@200000/target-module@9000/serial@0' for 'rs485-term' GPIO lookup
[    0.987674] of_get_named_gpiod_flags: can't parse 'rs485-term-gpios' property of node '/ocp/interconnect@44c00000/segment@200000/target-module@9000/serial@0[0]'
[    0.987720] of_get_named_gpiod_flags: can't parse 'rs485-term-gpio' property of node '/ocp/interconnect@44c00000/segment@200000/target-module@9000/serial@0[0]'
[    0.987758] omap8250 44e09000.serial: using lookup tables for GPIO lookup
[    0.987768] omap8250 44e09000.serial: No GPIO consumer rs485-term found
[    0.987778] omap8250 44e09000.serial: using DT '/ocp/interconnect@44c00000/segment@200000/target-module@9000/serial@0' for 'rs485-rx-during-tx' GPIO lookup
[    0.987815] of_get_named_gpiod_flags: can't parse 'rs485-rx-during-tx-gpios' property of node '/ocp/interconnect@44c00000/segment@200000/target-module@9000/serial@0[0]'
[    0.987854] of_get_named_gpiod_flags: can't parse 'rs485-rx-during-tx-gpio' property of node '/ocp/interconnect@44c00000/segment@200000/target-module@9000/serial@0[0]'
[    0.987887] omap8250 44e09000.serial: using lookup tables for GPIO lookup
[    0.987896] omap8250 44e09000.serial: No GPIO consumer rs485-rx-during-tx found
[    0.988285] 44e09000.serial: ttyS0 at MMIO 0x44e09000 (irq = 34, base_baud = 3000000) is a 8250
[    0.988375] printk: legacy console [ttyS0] enabled
[    2.480768] i2c i2c-0: using DT '/ocp/interconnect@44c00000/segment@200000/target-module@b000/i2c@0' for 'scl' GPIO lookup
[    2.480860] of_get_named_gpiod_flags: can't parse 'scl-gpios' property of node '/ocp/interconnect@44c00000/segment@200000/target-module@b000/i2c@0[0]'
[    2.480910] of_get_named_gpiod_flags: can't parse 'scl-gpio' property of node '/ocp/interconnect@44c00000/segment@200000/target-module@b000/i2c@0[0]'
[    2.480951] i2c i2c-0: using lookup tables for GPIO lookup
[    2.480965] i2c i2c-0: No GPIO consumer scl found
[    2.480990] i2c i2c-0: using DT '/ocp/interconnect@44c00000/segment@200000/target-module@b000/i2c@0' for 'sda' GPIO lookup
[    2.481033] of_get_named_gpiod_flags: can't parse 'sda-gpios' property of node '/ocp/interconnect@44c00000/segment@200000/target-module@b000/i2c@0[0]'
[    2.481076] of_get_named_gpiod_flags: can't parse 'sda-gpio' property of node '/ocp/interconnect@44c00000/segment@200000/target-module@b000/i2c@0[0]'
[    2.481113] i2c i2c-0: using lookup tables for GPIO lookup
[    2.481125] i2c i2c-0: No GPIO consumer sda found
[    2.502353] tps65217-pmic: Failed to locate of_node [id: -1]
[    2.508422] tps65217-bl: Failed to locate of_node [id: -1]
[    2.519847] tps65217 0-0024: TPS65217 ID 0xe version 1.2
[    2.525992] /ocp/interconnect@48000000/segment@300000/target-module@e000/lcdc@0: Fixed dependency cycle(s) with /ocp/interconnect@44c00000/segment@200000/target-module@b000/i2c@0/tda19988@70
[    2.543389] /ocp/interconnect@44c00000/segment@200000/target-module@b000/i2c@0/tda19988@70: Fixed dependency cycle(s) with /ocp/interconnect@48000000/segment@300000/target-module@e000/lcdc@0
[    2.560747] omap_i2c 44e0b000.i2c: bus 0 rev0.11 at 400 kHz
[    2.568594] sdhci-omap 48060000.mmc: using DT '/ocp/interconnect@48000000/segment@0/target-module@60000/mmc@0' for 'cd' GPIO lookup
[    2.568707] of_get_named_gpiod_flags: parsed 'cd-gpios' property of node '/ocp/interconnect@48000000/segment@0/target-module@60000/mmc@0[0]' - status (0)
[    2.568775] gpio gpiochip3: Persistence not supported for GPIO 6
[    2.568801] omap_gpio 44e07000.gpio: Could not set line 6 debounce to 200000 microseconds (-22)
[    2.577681] sdhci-omap 48060000.mmc: Got CD GPIO
[    2.582364] sdhci-omap 48060000.mmc: using DT '/ocp/interconnect@48000000/segment@0/target-module@60000/mmc@0' for 'wp' GPIO lookup
[    2.582414] of_get_named_gpiod_flags: can't parse 'wp-gpios' property of node '/ocp/interconnect@48000000/segment@0/target-module@60000/mmc@0[0]'
[    2.582460] of_get_named_gpiod_flags: can't parse 'wp-gpio' property of node '/ocp/interconnect@48000000/segment@0/target-module@60000/mmc@0[0]'
[    2.582500] sdhci-omap 48060000.mmc: using lookup tables for GPIO lookup
[    2.582515] sdhci-omap 48060000.mmc: No GPIO consumer wp found
[    2.582724] sdhci-omap 48060000.mmc: supply pbias not found, using dummy regulator
[    2.591553] sdhci-omap 481d8000.mmc: using DT '/ocp/interconnect@48000000/segment@100000/target-module@d8000/mmc@0' for 'wp' GPIO lookup
[    2.591629] of_get_named_gpiod_flags: can't parse 'wp-gpios' property of node '/ocp/interconnect@48000000/segment@100000/target-module@d8000/mmc@0[0]'
[    2.591680] of_get_named_gpiod_flags: can't parse 'wp-gpio' property of node '/ocp/interconnect@48000000/segment@100000/target-module@d8000/mmc@0[0]'
[    2.591721] sdhci-omap 481d8000.mmc: using lookup tables for GPIO lookup
[    2.591735] sdhci-omap 481d8000.mmc: No GPIO consumer wp found
[    2.592809] sdhci-omap 48060000.mmc: supply vqmmc not found, using dummy regulator
[    2.601833] sdhci-omap 481d8000.mmc: supply pbias not found, using dummy regulator
[    2.609825] sdhci-omap 481d8000.mmc: supply vqmmc not found, using dummy regulator
[    2.647747] mmc0: SDHCI controller on 48060000.mmc [48060000.mmc] using External DMA
[    2.656015] mmc1: SDHCI controller on 481d8000.mmc [481d8000.mmc] using External DMA
[    2.664845] cpsw-switch 4a100000.switch: starting ndev. mode: dual_mac
[    2.710583] mmc0: new high speed SDHC card at address 5048
[    2.717685] mmcblk0: mmc0:5048 SD16G 14.4 GiB
[    2.725823]  mmcblk0: p1 p2
[    2.729202] mmcblk0: p2 size 31221760 extends beyond EOD, truncated
[    2.742648] SMSC LAN8710/LAN8720 4a101000.mdio:00: attached PHY driver (mii_bus:phy_addr=4a101000.mdio:00, irq=POLL)
[    2.759741] mmc1: new high speed MMC card at address 0001
[    2.766772] mmcblk1: mmc1:0001 MMC04G 3.60 GiB
[    2.774303]  mmcblk1: p1 p2
[    2.778554] mmcblk1boot0: mmc1:0001 MMC04G 2.00 MiB
[    2.785903] mmcblk1boot1: mmc1:0001 MMC04G 2.00 MiB
[    2.793484] mmcblk1rpmb: mmc1:0001 MMC04G 128 KiB, chardev (250:0)
[    5.922123] cpsw-switch 4a100000.switch eth0: Link is Up - 100Mbps/Full - flow control off
[    5.951367] IP-Config: Complete:
[    5.954636]      device=eth0, hwaddr=6c:ec:eb:68:de:78, ipaddr=192.168.255.1, mask=255.255.255.0, gw=255.255.255.255
[    5.965276]      host=bbb1, domain=, nis-domain=(none)
[    5.970445]      bootserver=192.168.255.126, rootserver=192.168.255.126, rootpath=
[    5.970871] clk: Disabling unused clocks
[    5.982736] PM: genpd: Disabling unused power domains
[    5.987855] KTAP version 1
[    5.990577] 1..0
[    6.016432] VFS: Mounted root (nfs filesystem) on device 0:17.
[    6.023511] devtmpfs: mounted
[    6.028172] Freeing unused kernel image (initmem) memory: 1024K
[    6.035009] Run /sbin/init as init process
[    6.039143]   with arguments:
[    6.039157]     /sbin/init
[    6.039166]     nfsrootdebug
[    6.039176]   with environment:
[    6.039185]     HOME=/
[    6.039194]     TERM=linux
[    6.753307] systemd[1]: System time before build time, advancing clock.
[    8.201373] random: crng init done
[    8.241762] systemd[1]: systemd 232 running in system mode. (+PAM +AUDIT +SELINUX +IMA +APPARMOR +SMACK +SYSVINIT +UTMP +LIBCRYPTSETUP +GCRYPT +GNUTLS +ACL +XZ +LZ4 +SECCOMP +BLKID +ELFUTILS +KMOD +IDN)
[    8.260741] systemd[1]: Detected architecture arm.
[    8.294408] systemd[1]: Set hostname to <arm>.
[    9.410453] systemd[1]: Listening on Syslog Socket.
[    9.433156] systemd[1]: Set up automount Arbitrary Executable File Formats File System Automount Point.
[    9.461804] systemd[1]: Reached target Swap.
[    9.483448] systemd[1]: Listening on udev Control Socket.
