Labgrid Console Logfile for main
Logfile started at 2025-06-10 14:49:45.038421
=== Log starts here ===
reading args
spl_load_image_fat_os: error reading image args, err - -1
reading u-boot.img
reading u-boot.img


U-Boot 2014.04-00014-g47880f5 (Apr 22 2014 - 13:23:54)

I2C:   ready
DRAM:  512 MiB
NAND:  0 MiB
MMC:   OMAP SD/MMC: 0, OMAP SD/MMC: 1
*** Warning - readenv() failed, using default environment

Net:   <ethaddr> not set. Validating first E-fuse MAC
cpsw, usb_ether
Hit any key to stop autoboot:  1  0 
gpio: pin 53 (gpio 53) value is 1
mmc0 is current device
gpio: pin 54 (gpio 54) value is 1
SD/MMC found on device 0
reading uEnv.txt
569 bytes read in 3 ms (184.6 KiB/s)
gpio: pin 55 (gpio 55) value is 1
Loaded environment from uEnv.txt
Importing environment from mmc ...
Checking if uenvcmd is set ...
gpio: pin 56 (gpio 56) value is 1
Running uenvcmd ...
cpsw Waiting for PHY auto negotiation to complete. done
link up on port 0, speed 100, full duplex
Using cpsw device
TFTP from server 192.168.255.126; our IP address is 192.168.255.1
Filename 'zImage'.
Load address: 0x81000000
Loading: *#################################################################
	 #################################################################
	 #################################################################
	 #################################################################
	 #################################################################
	 ####################################################
	 2.4 MiB/s
done
Bytes transferred = 5523424 (5447e0 hex)
link up on port 0, speed 100, full duplex
Using cpsw device
TFTP from server 192.168.255.126; our IP address is 192.168.255.1
Filename 'am335x-boneblack.dtb'.
Load address: 0x82000000
Loading: *#######
	 2.3 MiB/s
done
Bytes transferred = 98336 (18020 hex)
Kernel image @ 0x81000000 [ 0x000000 - 0x5447e0 ]
## Flattened Device Tree blob at 82000000
   Booting using the fdt blob at 0x82000000
   Using Device Tree in place at 82000000, end 8201b01f

Starting kernel ...

[    0.000000] Booting Linux on physical CPU 0x0
[    0.000000] Linux version 6.12.33 (user01@drvtest01) (arm-none-eabi-gcc (Arm GNU Toolchain 14.2.Rel1 (Build arm-14.52)) 14.2.1 20241119, GNU ld (Arm GNU Toolchain 14.2.Rel1 (Build arm-14.52)) 2.43.1.20241119) #1 SMP Tue Jun 10 14:45:36 EEST 2025
[    0.000000] CPU: ARMv7 Processor [413fc082] revision 2 (ARMv7), cr=10c5387d
[    0.000000] CPU: PIPT / VIPT nonaliasing data cache, VIPT aliasing instruction cache
[    0.000000] OF: fdt: Machine model: TI AM335x BeagleBone Black
[    0.000000] Memory policy: Data cache writeback
[    0.000000] cma: Reserved 16 MiB at 0x9e800000 on node -1
[    0.000000] Zone ranges:
[    0.000000]   Normal   [mem 0x0000000080000000-0x000000009fdfffff]
[    0.000000]   HighMem  empty
[    0.000000] Movable zone start for each node
[    0.000000] Early memory node ranges
[    0.000000]   node   0: [mem 0x0000000080000000-0x000000009fdfffff]
[    0.000000] Initmem setup node 0 [mem 0x0000000080000000-0x000000009fdfffff]
[    0.000000] OF: reserved mem: Reserved memory: No reserved-memory node in the DT
[    0.000000] CPU: All CPU(s) started in SVC mode.
[    0.000000] AM335X ES2.1 (sgx neon)
[    0.000000] percpu: Embedded 17 pages/cpu s40396 r8192 d21044 u69632
[    0.000000] Kernel command line: console=ttyO0,115200n8 root=/dev/nfs rw nfsroot=192.168.255.126:/home/user01/nfs,nfsvers=3 ip=192.168.255.1:192.168.255.126::255.255.255.0:bbb1:eth0 nfsrootdebug
[    0.000000] Unknown kernel command line parameters "nfsrootdebug", will be passed to user space.
[    0.000000] Dentry cache hash table entries: 65536 (order: 6, 262144 bytes, linear)
[    0.000000] Inode-cache hash table entries: 32768 (order: 5, 131072 bytes, linear)
[    0.000000] Built 1 zonelists, mobility grouping on.  Total pages: 130560
[    0.000000] mem auto-init: stack:off, heap alloc:off, heap free:off
[    0.000000] SLUB: HWalign=64, Order=0-3, MinObjects=0, CPUs=1, Nodes=1
[    0.000000] rcu: Hierarchical RCU implementation.
[    0.000000] rcu: 	RCU event tracing is enabled.
[    0.000000] rcu: 	RCU restricting CPUs from NR_CPUS=2 to nr_cpu_ids=1.
[    0.000000] rcu: RCU calculated value of scheduler-enlistment delay is 10 jiffies.
[    0.000000] rcu: Adjusting geometry for rcu_fanout_leaf=16, nr_cpu_ids=1
[    0.000000] NR_IRQS: 16, nr_irqs: 16, preallocated irqs: 16
[    0.000000] IRQ: Found an INTC at 0x(ptrval) (revision 5.0) with 128 interrupts
[    0.000000] rcu: srcu_init: Setting srcu_struct sizes based on contention.
[    0.000000] TI gptimer clocksource: always-on /ocp/interconnect@44c00000/segment@200000/target-module@31000
[    0.000002] sched_clock: 32 bits at 24MHz, resolution 41ns, wraps every 89478484971ns
[    0.000026] clocksource: dmtimer: mask: 0xffffffff max_cycles: 0xffffffff, max_idle_ns: 79635851949 ns
[    0.000490] TI gptimer clockevent: 24000000 Hz at /ocp/interconnect@48000000/segment@0/target-module@40000
[    0.002103] Console: colour dummy device 80x30
[    0.002165] WARNING: Your 'console=ttyO0' has been replaced by 'ttyS0'
[    0.002173] This ensures that you still see kernel messages. Please
[    0.002178] update your kernel commandline.
[    0.002218] Calibrating delay loop... 996.14 BogoMIPS (lpj=4980736)
[    0.090539] CPU: Testing write buffer coherency: ok
[    0.090648] CPU0: Spectre v2: using BPIALL workaround
[    0.090659] pid_max: default: 32768 minimum: 301
[    0.090786] LSM: initializing lsm=capability
[    0.090961] Mount-cache hash table entries: 1024 (order: 0, 4096 bytes, linear)
[    0.090982] Mountpoint-cache hash table entries: 1024 (order: 0, 4096 bytes, linear)
[    0.092527] CPU0: thread -1, cpu 0, socket -1, mpidr 0
[    0.170704] Setting up static identity map for 0x80100000 - 0x80100078
[    0.180681] rcu: Hierarchical SRCU implementation.
[    0.180693] rcu: 	Max phase no-delay instances is 1000.
[    0.200738] smp: Bringing up secondary CPUs ...
[    0.200791] smp: Brought up 1 node, 1 CPU
[    0.200805] SMP: Total of 1 processors activated (996.14 BogoMIPS).
[    0.200817] CPU: All CPU(s) started in SVC mode.
[    0.201002] Memory: 480868K/522240K available (11264K kernel code, 1211K rwdata, 2876K rodata, 1024K init, 295K bss, 23360K reserved, 16384K cma-reserved, 0K highmem)
[    0.201826] devtmpfs: initialized
[    0.217968] VFP support v0.3: implementor 41 architecture 3 part 30 variant c rev 3
[    0.218306] clocksource: jiffies: mask: 0xffffffff max_cycles: 0xffffffff, max_idle_ns: 19112604462750000 ns
[    0.218341] futex hash table entries: 256 (order: 2, 16384 bytes, linear)
[    0.219644] pinctrl core: initialized pinctrl subsystem
[    0.221975] NET: Registered PF_NETLINK/PF_ROUTE protocol family
[    0.224734] DMA: preallocated 256 KiB pool for atomic coherent allocations
[    0.225640] audit: initializing netlink subsys (disabled)
[    0.227015] thermal_sys: Registered thermal governor 'fair_share'
[    0.227031] thermal_sys: Registered thermal governor 'step_wise'
[    0.227040] thermal_sys: Registered thermal governor 'user_space'
[    0.227185] audit: type=2000 audit(0.220:1): state=initialized audit_enabled=0 res=1
[    0.227219] cpuidle: using governor menu
[    0.245194] /ocp/interconnect@44c00000/segment@200000/target-module@b000/i2c@0/tda19988@70: Fixed dependency cycle(s) with /ocp/interconnect@48000000/segment@300000/target-module@e000/lcdc@0
[    0.246299] /ocp/interconnect@48000000/segment@300000/target-module@e000/lcdc@0: Fixed dependency cycle(s) with /ocp/interconnect@44c00000/segment@200000/target-module@b000/i2c@0/tda19988@70
[    0.248436] No ATAGs?
[    0.248455] hw-breakpoint: debug architecture 0x4 unsupported.
[    0.251218] kprobes: kprobe jump-optimization is enabled. All kprobes are optimized if possible.
[    0.263848] iommu: Default domain type: Translated
[    0.263869] iommu: DMA domain TLB invalidation policy: strict mode
[    0.271350] SCSI subsystem initialized
[    0.272190] pps_core: LinuxPPS API ver. 1 registered
[    0.272200] pps_core: Software ver. 5.3.6 - Copyright 2005-2007 Rodolfo Giometti <giometti@linux.it>
[    0.272225] PTP clock support registered
[    0.274096] vgaarb: loaded
[    0.280732] clocksource: Switched to clocksource dmtimer
[    0.281425] VFS: Disk quotas dquot_6.6.0
[    0.281468] VFS: Dquot-cache hash table entries: 1024 (order 0, 4096 bytes)
[    0.308476] NET: Registered PF_INET protocol family
[    0.308818] IP idents hash table entries: 8192 (order: 4, 65536 bytes, linear)
[    0.310190] tcp_listen_portaddr_hash hash table entries: 512 (order: 0, 4096 bytes, linear)
[    0.310228] Table-perturb hash table entries: 65536 (order: 6, 262144 bytes, linear)
[    0.310246] TCP established hash table entries: 4096 (order: 2, 16384 bytes, linear)
[    0.310294] TCP bind hash table entries: 4096 (order: 4, 65536 bytes, linear)
[    0.310395] TCP: Hash tables configured (established 4096 bind 4096)
[    0.310517] UDP hash table entries: 256 (order: 1, 8192 bytes, linear)
[    0.310544] UDP-Lite hash table entries: 256 (order: 1, 8192 bytes, linear)
[    0.310716] NET: Registered PF_UNIX/PF_LOCAL protocol family
[    0.311916] RPC: Registered named UNIX socket transport module.
[    0.311937] RPC: Registered udp transport module.
[    0.311943] RPC: Registered tcp transport module.
[    0.311948] RPC: Registered tcp-with-tls transport module.
[    0.311953] RPC: Registered tcp NFSv4.1 backchannel transport module.
[    0.311978] PCI: CLS 0 bytes, default 64
[    0.313369] Initialise system trusted keyrings
[    0.314141] workingset: timestamp_bits=14 max_order=17 bucket_order=3
[    0.315870] NFS: Registering the id_resolver key type
[    0.315952] Key type id_resolver registered
[    0.315959] Key type id_legacy registered
[    0.316008] jffs2: version 2.2. (NAND) (SUMMARY)  Â© 2001-2006 Red Hat, Inc.
[    0.316424] Key type asymmetric registered
[    0.316440] Asymmetric key parser 'x509' registered
[    0.316508] io scheduler mq-deadline registered
[    0.316518] io scheduler kyber registered
[    0.316584] io scheduler bfq registered
[    0.326103] ledtrig-cpu: registered to indicate activity on CPUs
[    0.328756] Serial: 8250/16550 driver, 6 ports, IRQ sharing enabled
[    0.367249] brd: module loaded
[    0.390565] loop: module loaded
[    0.391482] mtdoops: mtd device (mtddev=name/number) must be supplied
[    0.394693] i2c_dev: i2c /dev entries driver
[    0.395678] cpuidle: enable-method property 'ti,am3352' found operations
[    0.396099] sdhci: Secure Digital Host Controller Interface driver
[    0.396108] sdhci: Copyright(c) Pierre Ossman
[    0.396274] sdhci-pltfm: SDHCI platform and OF driver helper
[    0.397268] Initializing XFRM netlink socket
[    0.397405] NET: Registered PF_INET6 protocol family
[    0.399307] Segment Routing with IPv6
[    0.399388] In-situ OAM (IOAM) with IPv6
[    0.399487] sit: IPv6, IPv4 and MPLS over IPv4 tunneling driver
[    0.400408] NET: Registered PF_PACKET protocol family
[    0.400443] NET: Registered PF_KEY protocol family
[    0.400568] Key type dns_resolver registered
[    0.400796] ThumbEE CPU extension supported.
[    0.400816] Registering SWP/SWPB emulation handler 
[    0.401337] omap_voltage_late_init: Voltage driver support not added
[    0.401681] SmartReflex Class3 initialized
[    0.431598] Loading compiled-in X.509 certificates
[    0.475737] /ocp/interconnect@44c00000/segment@200000/target-module@b000/i2c@0/tda19988@70: Fixed dependency cycle(s) with /ocp/interconnect@48000000/segment@300000/target-module@e000/lcdc@0
[    0.482022] /ocp/interconnect@44c00000/segment@200000/target-module@b000/i2c@0/tda19988@70: Fixed dependency cycle(s) with /ocp/intercon nect@48000000/segment@300000/target-module@e000/lcdc@0
[    0.501807] /ocp/interconnect@44c00000/segment@200000/target-module@b000/i2c@0/tda19988@70: Fixed dependency cycle(s) with /ocp/interconnect@48000000/segment@300000/target-module@e000/lcdc@0
[    0.502681] /ocp/interconnect@44c00000/segment@200000/target-module@b000/i2c@0/tda19988@70: Fixed dependency cycle(s) with /ocp/interconnect@48000000/segment@300000/target-module@e000/lcdc@0
[    0.506309] /ocp/interconnect@44c00000/segment@200000/target-module@10000/scm@0/pinmux@800: Fixed dependency cycle(s) with /ocp/interconnect@44c00000/segment@200000/target-module@10000/scm@0/pinmux@800/clkout2-pins
[    0.506895] pinctrl-single 44e10800.pinmux: 142 pins, size 568
[    0.511945] ti-sysc 44e31000.target-module: probe with driver ti-sysc failed with error -16
[    0.547549] /ocp/interconnect@48000000/segment@300000/target-module@e000/lcdc@0: Fixed dependency cycle(s) with /ocp/interconnect@44c00000/segment@200000/target-module@b000/i2c@0/tda19988@70
[    0.555371] ti-sysc 48040000.target-module: probe with driver ti-sysc failed with error -16
[    0.602223] OMAP GPIO hardware version 0.1
[    0.636835] omap_i2c 4819c000.i2c: bus 2 rev0.11 at 100 kHz
[    0.652029] 48000000.interconnect:segment@200000:target-module@0:mpu@0:fck: device ID is greater than 24
[    0.652899] /ocp/interconnect@48000000/segment@300000/target-module@e000/lcdc@0: Fixed dependency cycle(s) with /ocp/interconnect@44c00000/segment@200000/target-module@b000/i2c@0/tda19988@70
[   ment@300000/target-module@e000/lcdc@0
[    0.656793] /ocp/interconnect@48000000/segment@300000/target-module@e000/lcdc@0: Fixed dependency cycle(s) with /ocp/interconnect@44c00000/segment@200000/target-module@b000/i2c@0/tda19988@70
[    0.667683] sdhci-omap 481d8000.mmc: supply pbias not found, using dummy regulator
[    0.668183] sdhci-omap 481d8000.mmc: supply vqmmc not found, using dummy regulator
[    0.717233] davinci_mdio 4a101000.mdio: davinci mdio revision 1.6, bus freq 1000000
[    0.830732] davinci_mdio 4a101000.mdio: phy[0]: device 4a101000.mdio:00, driver SMSC LAN8710/LAN8720
[    0.831496] cpsw-switch 4a100000.switch: initialized cpsw ale version 1.4
[    0.831520] cpsw-switch 4a100000.switch: ALE Table size 1024, Policers 0
[    0.850385] cpsw-switch 4a100000.switch: cpts: overflow check period 500 (jiffies)
[    0.850404] cpsw-switch 4a100000.switch: CPTS: ref_clk_freq:250000000 calc_mult:2147483648 calc_shift:29 error:0 nsec/sec
[    0.850516] cpsw-switch 4a100000.switch: Detected MACID = 6c:ec:eb:68:de:78
[    0.852355] cpsw-switch 4a100000.switch: initialized (regs 0x4a100000, pool size 256) hw_ver:0019010C 1.12 (0)
[    0.863203] debugfs: Directory '49000000.dma' with parent 'dmaengine' already present!
[    0.863244] edma 49000000.dma: TI EDMA DMA engine driver
[    0.920085] target-module@4b000000:target-module@140000:pmu@0:fck: device ID is greater than 24
[    0.921907] hw perfevents: enabled with armv7_cortex_a8 PMU driver, 5 (8000000f) counters available
[    0.929667] l3-aon-clkctrl:0000:0: failed to disable
[    0.940001] 44e09000.serial: ttyS0 at MMIO 0x44e09000 (irq = 34, base_baud = 3000000) is a 8250
[    0.940089] printk: legacy console [ttyS0] enabled
 [    2.405388] tps65217-pmic: Failed to locate of_node [id: -1]
[    2.411449] tps65217-bl: Failed to locate of_node [id: -1]
[    2.422796] tps65217 0-0024: TPS65217 ID 0xe version 1.2
[    2.428921] /ocp/interconnect@48000000/segment@300000/target-module@e000/lcdc@0: Fixed dependency cycle(s) with /ocp/interconnect@44c00000/segment@200000/target-module@b000/i2c@0/tda19988@70
[    2.446284] /ocp/interconnect@44c00000/segment@200000/target-module@b000/i2c@0/tda19988@70: Fixed dependency cycle(s) with  /ocp/interconnect@48000000/segment@300000/target-module@e000/lcdc@0
[    2.463646] omap_i2c 44e0b000.i2c: bus 0 rev0.11 at 400 kHz
[    2.471639] omap_gpio 44e07000.gpio: Could not set line 6 debounce to 200000 microseconds (-22)
[    2.480518] sdhci-omap 48060000.mmc: Got CD GPIO
[    2.485555] sdhci-omap 48060000.mmc: supply pbias not found, using dummy regulator
[    2.495459] sdhci-omap 48060000.mmc: supply vqmmc not found, using dummy regulator
[    2.504023] sdhci-omap 481d8000.mmc: supply pbias not found, using dummy regulator
[    2.512596] sdhci-omap 481d8000.mmc: supply vqmmc not found, using dummy regulator
[    2.548173] mmc0: SDHCI controller on 48060000.mmc [48060000.mmc] using External DMA
[    2.556487] mmc1: SDHCI controller on 481d8000.mmc [481d8000.mmc] using External DMA
[    2.565231] cpsw-switch 4a100000.switch: starting ndev. mode: dual_mac
[    2.613588] mmc0: new high speed SDHC card at address 5048
[    2.620624] mmcblk0: mmc0:5048 SD16G 14.4 GiB
[    2.628671]  mmcblk0: p1 p2
[    2.632050] mmcblk0: p2 size 31221760 extends beyond EOD, truncated
[    2.645702] SMSC LAN8710/LAN8720 4a101000.mdio:00: attached PHY driver (mii_bus:phy_addr=4a101000.mdio:00, irq=POLL)
[    2.657771] mmc1: new high speed MMC card at address 0001
[    2.664667] mmcblk1: mmc1:0001 MMC04G 3.60 GiB
[    2.676468]  mmcblk1: p1 p2
[    2.680675] mmcblk1boot0: mmc1:0001 MMC04G 2.00 MiB
[    2.687967] mmcblk1boot1: mmc1:0001 MMC04G 2.00 MiB
[    2.695363] mmcblk1rpmb: mmc1:0001 MMC04G 128 KiB, ch
[    5.845218] cpsw-switch 4a100000.switch eth0: Link is Up - 100Mbps/Full - flow control off
[    5.884668] IP-Config: Complete:
[    5.887942]      device=eth0, hwaddr=6c:ec:eb:68:de:78, ipaddr=192.168.255.1, mask=255.255.255.0, gw=255.255.255.255
[    5.898606]      host=bbb1, domain=, nis-domain=(none)
[    5.903775]      bootserver=192.168.255.126, rootserver=192.168.255.126, rootpath=
[    5.904198] clk: Disabling unused clocks
[    5.916037] PM: genpd: Disabling unused power domains
[    5.921156] KTAP version 1
[    5.923876] 1..0
[    5.948507] VFS: Mounted root (nfs filesystem) on device 0:17.
[    5.955744] devtmpfs: mounted
[    5.960152] Freeing unused kernel image (initmem) memory: 1024K
[    5.967009] Run /sbin/init as init process
[    6.655302] systemd[1]: System time before build time, advancing clock.
[    8.114457] random: crng init done
[    8.155268] systemd[1]: systemd 232 running in system mode. (+PAM +AUDIT +SELINUX +IMA +APPARMOR +SMACK +SYSVINIT +UTMP +LIBCRYPTSETUP +GCRYPT +GNUTLS +ACL +XZ +LZ4 +SECCOMP +BLKID +ELFUTILS +KMOD +IDN)
[    8.174235] systemd[1]: Detected architecture arm.

Welcome to [1mDebian GNU/Linux 9 (stretch)[0m!

[    8.207491] systemd[1]: Set hostname to <arm>.
[    9.291905] systemd[1]: Started Dispatch Password Requests to Console Directory Watch.
[[0;32m  OK  [0m] Started Dispatch Password Requests to Console Directory Watch.
[    9.325730] systemd[1]: Listening on Journal Audit Socket.
[[0;32m  OK  [0m] Listening on Journal Audit Socket.
[    9.356488] systemd[1]: Listening on Journal Socket (/dev/log).
[[0;32m  OK  [0m] Listening on Journal Socket (/dev/log).
[    9.385356] systemd[1]: Started Forward Password Requests to Wall Directory Watch.
[[0;32m  OK  [0m] Started Forward Password Requests to Wall Directory Watch.
[    9.414780] systemd[1]: Reached target Encrypted Volumes.
[[0;32m  OK  [0m] Reached target Encrypted Volumes.
[    9.446453] systemd[1]: Listening on udev Control Socket.
[[0;32m  OK  [0m] Listening on udev Control Socket.
[    9.474846] systemd[1]: Reached target Remote File Systems.
[[0;32m  OK  [0m] Reached target Remote File Systems.
[[0;32m  OK  [0m] Listening on Journal Socket.
[[0;32m  OK  [0m] Listening on udev Kernel Socket.
[[0;32m  OK  [0m] Created slice System Slice.
[[0;32m  OK  [0m] Created slice system-getty.slice.
[[0;32m  OK  [0m] Created slice system-serial\x2dgetty.slice.
         Starting Remount Root and Kernel File Systems...
         Starting Load Kernel Modules...
         Mounting POSIX Message Queue File System...
[[0;32m  OK  [0m] Listening on Syslog Socket.
         Starting Journal Service...
[[0;32m  OK  [0m] Set up automount Arbitrary Executabâ€¦rmats File System Automount Point.
         Mounting Debug File System...
[[0;32m  OK  [0m] Listening on /dev/initctl Compatibility Named Pipe.
         Starting Create list of required stâ€¦ce nodes for the current kernel...
[[0;32m  OK  [0m] Created slice User and Session Slice.
[[0;32m  OK  [0m] Reached target Slices.
[[0;32m  OK  [0m] Reached target Swap.
[[0;32m  OK  [0m] Reached target Paths.
[[0;32m  OK  [0m] Mounted POSIX Message Queue File System.
[[0;32m  OK  [0m] Mounted Debug File System.
[[0;32m  OK  [0m] Started Remount Root and Kernel File Systems.
[[0;32m  OK  [0m] Started Load Kernel Modules.
[[0;32m  OK  [0m] Started Create list of required staâ€¦vice nodes for the current kernel.
         Starting Create Static Device Nodes in /dev...
         Mounting Configuration File System...
         Starting Apply Kernel Variables...
         Starting Load/Save Random Seed...
         Starting udev Coldplug all Devices...
[[0;32m  OK  [0m] Mounted Configuration File System.
[[0;32m  OK  [0m] Started Apply Kernel Variables.
[[0;32m  OK  [0m] Started Load/Save Random Seed.
[[0;32m  OK  [0m] Started Create Static Device Nodes in /dev.
         Starting udev Kernel Device Manager...
[[0;32m  OK  [0m] Reached target Local File Systems (Pre).
[[0;32m  OK  [0m] Reached target Local File Systems.
         Starting Raise network interfaces...
[[0;32m  OK  [0m] Started Journal Service.
         Starting Flush Journal to Persistent Storage...
[   11.738250] systemd-journald[82]: Received request to flush runtime journal from PID 1
[[0;32m  OK  [0m] Started Flush Journal to Persistent Storage.
         Starting Create Volatile Files and Directories...
[[0;32m  OK  [0m] Started udev Kernel Device Manager.
[[0;32m  OK  [0m] Started Create Volatile Files and Directories.
         Starting Network Time Synchronization...
         Starting Update UTMP about System Boot/Shutdown...
[[0;32m  OK  [0m] Started Update UTMP about System Boot/Shutdown.
[[0;32m  OK  [0m] Started udev Coldplug all Devices.
[   14.867093] remoteproc remoteproc0: wkup_m3 is available
[[0;32m  OK  [0m] Started Network Time Synchronization.
[   15.010488] am335x-phy-driver 47401300.usb-phy: dummy supplies not allowed for exclusive requests (id=vbus)
[   15.036887] at24 2-0054: supply vcc not found, using dummy regulator
[   15.157678] at24 2-0055: supply vcc not found, using dummy regulator
[   15.191961] am335x-phy-driver 47401b00.usb-phy: dummy supplies not allowed for exclusive requests (id=vbus)
[   15.255359] at24 2-0056: supply vcc not found, using dummy regulator
[   15.370694] at24 2-0057: supply vcc not found, using dummy regulator
[   15.521553] at24 0-0050: 32768 byte 24c256 EEPROM, writable, 1 bytes/write
[   15.595169] tps6521x_pwrbutton tps65217-pwrbutton: DMA mask not set
[   15.677355] input: tps65217_pwrbutton as /devices/platform/ocp/44c00000.interconnect/44c00000.interconnect:segment@200000/44e0b000.target-module/44e0b000.i2c/i2c-0/0-0024/tps65217-pwrbutton/input/input0
[[0;32m  OK  [0m] Found device /dev/ttyS0.
[   15.732255] wkup_m3_ipc 44e11324.wkup_m3_ipc: IPC Request for A8->M3 Channel failed! -517
[   15.846859] omap_rtc 44e3e000.rtc: registered as rtc0
[   15.852461] omap_rtc 44e3e000.rtc: setting system clock to 2000-01-01T00:00:00 UTC (946684800)
[   15.863375] wkup_m3_ipc 44e11324.wkup_m3_ipc: IPC Request for A8->M3 Channel failed! -517
[[0;32m  OK  [0m] Reached target System Initialization.
[[0;32m  OK  [0m] Started Daily Cleanup of Temporary Directories.
[   16.286036] omap_wdt: OMAP Watchdog Timer Rev 0x01: initial timeout 60 sec
[   16.295929] wkup_m3_ipc 44e11324.wkup_m3_ipc: IPC Request for A8->M3 Channel failed! -517
[[0;32m  OK  [0m] Listening on Avahi mDNS/DNS-SD Stack Activation Socket.
[   16.433070] usbcore: registered new interface driver usbfs
[   16.438855] usbcore: registered new interface driver hub
[   16.444291] usbcore: registered new device driver usb
[[0;32m  OK  [0m] Listening on D-Bus System Message Bus Socket.
[[0;32m  OK  [0m] Reached target Sockets.
[[0;32m  OK  [0m] Reached target Basic System.
         Starting System Logging Service...
         Starting Avahi mDNS/DNS-SD Stack...
[[0;32m  OK  [0m] Started D-Bus System Message Bus.
[   16.949319] tda998x 0-0070: found TDA19988
[   17.083185] wkup_m3_ipc 44e11324.wkup_m3_ipc: IPC Request for A8->M3 Channel failed! -517
[   17.179487] musb-hdrc musb-hdrc.1: MUSB HDRC host driver
[   17.185049] musb-hdrc musb-hdrc.1: new USB bus registered, assigned bus number 1
[   17.217489] wkup_m3_ipc 44e11324.wkup_m3_ipc: IPC Request for A8->M3 Channel failed! -517
[   17.447681] usb usb1: New USB device found, idVendor=1d6b, idProduct=0002, bcdDevice= 6.12
[   17.456226] usb usb1: New USB device strings: Mfr=3, Product=2, SerialNumber=1
[   17.463497] usb usb1: Product: MUSB HDRC host driver
[   17.468572] usb usb1: Manufacturer: Linux 6.12.33 musb-hcd
[   17.474091] usb usb1: SerialNumber: musb-hdrc.1
[   17.552951] omap-mailbox 480c8000.mailbox: omap mailbox rev 0x400
[   17.615130] remoteproc remoteproc0: powering up wkup_m3
[   17.745321] remoteproc remoteproc0: Direct firmware load for am335x-pm-firmware.elf failed with error -2
[   17.755010] remoteproc remoteproc0: request_firmware failed: -2
[   17.760973] wkup_m3_ipc 44e11324.wkup_m3_ipc: rproc_boot failed
[   17.865768] hub 1-0:1.0: USB hub found
[   17.930554] hub 1-0:1.0: 1 port detected
[   19.596042] tilcdc 4830e000.lcdc: bound 0-0070 (ops 0xbf07e0fc)
[   19.602613] omap_rng 48310000.rng: Random Number Generator ver. 20
[   19.663215] [drm] Initialized tilcdc 1.0.0 for 4830e000.lcdc on minor 0
[   19.762010] tilcdc 4830e000.lcdc: [drm] Cannot find any crtc or sizes
[   19.771297] tilcdc 4830e000.lcdc: [drm] Cannot find any crtc or sizes
[[0;32m  OK  [0m] Started Avahi mDNS/DNS-SD Stack.
         Starting Generic Board Startup...
         Starting Cape Manager Service...
[   20.612232] PM: Cannot get wkup_m3_ipc handle
[   20.633578] omap-sham 53100000.sham: hw accel on OMAP rev 4.3
         Starting LSB: Start busybox udhcpd at boot time...
[   20.785474] omap-sham 53100000.sham: will run requests pump with realtime priority
[   20.804970] PM: Cannot get wkup_m3_ipc handle
[[0;32m  OK  [0m] Started Regular background program processing daemon.
[   21.032311] omap-aes 53500000.aes: OMAP AES hw accel rev: 3.2
         Starting LSB: Load kernel modules needed to enable cpufreq scaling...
[   21.177408] omap-aes 53500000.aes: will run requests pump with realtime priority
[   21.186379] PM: Cannot get wkup_m3_ipc handle
         Starting Connection service...
         Starting Telephony service...
         Starting DUN service...
         Starting Login Service...
[[0;32m  OK  [0m] Reached target System Time Synchronized.
[[0;32m  OK  [0m] Started Daily apt download activities.
[[0;32m  OK  [0m] Started Daily apt upgrade and clean activities.
[[0;32m  OK  [0m] Reached target Timers.
[[0;32m  OK  [0m] Started System Logging Service.
[[0;32m  OK  [0m] Started Cape Manager Service.
[   24.617309] PM: Cannot get wkup_m3_ipc handle
[   24.746276] PM: Cannot get wkup_m3_ipc handle
[   24.833799] Bluetooth: Core ver 2.22
[   24.837836] NET: Registered PF_BLUETOOTH protocol family
[   24.843189] Bluetooth: HCI device and connection manager initialized
[   24.849721] Bluetooth: HCI socket layer initialized
[   24.854698] Bluetooth: L2CAP socket layer initialized
[   24.859810] Bluetooth: SCO socket layer initialized
[[0;32m  OK  [0m] Started Raise network interfaces.
[[0;32m  OK  [0m] Started LSB: Start busybox udhcpd at boot time.
[[0;32m  OK  [0m] Started LSB: Load kernel modules needed to enable cpufreq scaling.
[   28.653499] configfs-gadget.g_multi gadget.0: HOST MAC 1c:ba:8c:a2:ed:6c
[   28.660457] configfs-gadget.g_multi gadget.0: MAC 1c:ba:8c:a2:ed:70
[   28.667771] configfs-gadget.g_multi gadget.0: HOST MAC 1c:ba:8c:a2:ed:6c
[   28.674646] configfs-gadget.g_multi gadget.0: MAC 1c:ba:8c:a2:ed:6d
[   28.695836] PM: Cannot get wkup_m3_ipc handle
[[0;32m  OK  [0m] Started DUN service.
[[0;32m  OK  [0m] Started Telephony service.
[[0;32m  OK  [0m] Started Connection service.
[[0;32m  OK  [0m] Reached target Sound Card.
         Starting LSB: set CPUFreq kernel parameters...
[[0;32m  OK  [0m] Reached target Network.
         Starting Permit User Sessions...
         Starting OpenBSD Secure Shell server...
         Starting The Apache HTTP Server...
[[0;32m  OK  [0m] Reached target Network is Online.
         Starting LSB: Advanced IEEE 802.11 management daemon...
[[0;32m  OK  [0m] Started Permit User Sessions.
[[0;32m  OK  [0m] Started LSB: Advanced IEEE 802.11 management daemon.
[[0;32m  OK  [0m] Started Login Service.
         Starting Hostname Service...
         Starting WPA supplicant...
[[0;32m  OK  [0m] Started Serial Getty on ttyS0.
[[0;32m  OK  [0m] Started Getty on tty1.
[[0;32m  OK  [0m] Reached target Login Prompts.
[[0;32m  OK  [0m] Started LSB: set CPUFreq kernel parameters.
[[0;32m  OK  [0m] Started WPA supplicant.
[[0;32m  OK  [0m] Started Hostname Service.
[[0;32m  OK  [0m] Started OpenBSD Secure Shell server.
         Stopping LSB: Start busybox udhcpd at boot time...
[[0;32m  OK  [0m] Stopped LSB: Start busybox udhcpd at boot time.
[[0;32m  OK  [0m] Started The Apache HTTP Server.
         Starting dnsmasq - A lightweight DHCP and caching DNS server...
[[0;32m  OK  [0m] Started dnsmasq - A lightweight DHCP and caching DNS server.
[[0;32m  OK  [0m] Reached target Host and Network Name Lookups.
[[0;32m  OK  [0m] Started Serial Getty on ttyGS0.
[[0;32m  OK  [0m] Started Generic Board Startup.
[[0;32m  OK  [0m] Reached target Multi-User System.
[[0;32m  OK  [0m] Reached target Graphical Interface.
         Starting Update UTMP about System Runlevel Changes...
[[0;32m  OK  [0m] Started Update UTMP about System Runlevel Changes.

Debian GNU/Linux 9 arm ttyS0

default username:password is [debian:temppwd]

arm login: root
Password: 
Last login: Sat Jan  1 00:00:33 UTC 2000 on ttyS0
root
Linux arm 6.12.33 #1 SMP Tue Jun 10 14:45:36 EEST 2025 armv7l

The programs included with the Debian GNU/Linux system are free software;
the exact distribution terms for each program are described in the
individual files in /usr/share/doc/*/copyright.

Debian GNU/Linux comes with ABSOLUTELY NO WARRANTY, to the extent
permitted by applicable law.
root@arm:~# root
dmesg -n 1
-bash: root: command not found
root@arm:~# dmesg -n 1
root@arm:~# echo 'PBOE''AYWZYU'
PBOEAYWZYU
root@arm:~# run() { echo -n "$MARKER"; sh -c "$@"; echo "$MARKER $?"; }
root@arm:~# echo 'SYAV''UYAAWK'
SYAVUYAAWK
root@arm:~# MARKER='ZOEH''TJTQBS' run 'cat /proc/version'
ZOEHTJTQBSLinux version 6.12.33 (user01@drvtest01) (arm-none-eabi-gcc (Arm GNU Toolchain 14.2.Rel1 (Build arm-14.52)) 14.2.1 20241119, GNU ld (Arm GNU Toolchain 14.2.Rel1 (Build arm-14.52)) 2.43.1.20241119) #1 SMP Tue Jun 10 14:45:36 EEST 2025
ZOEHTJTQBS 0
root@arm:~# echo 'HSPU''OFOAOP'
HSPUOFOAOP
root@arm:~# MARKER='YVMY''GHELAN' run false
YVMYGHELANYVMYGHELAN 1
root@arm:~# Labgrid Console Logfile for main
Logfile started at 2025-06-10 14:50:43.230260
=== Log starts here ===

root@arm:~# run() { echo -n "$MARKER"; sh -c "$@"; echo "$MARKER $?"; }
root@arm:~# echo 'EFHP''MEFWGS'
EFHPMEFWGS
root@arm:~# MARKER='BNKY''VFQCEO' run 'ls /iio_generic_buffer; echo $?'
BNKYVFQCEO/iio_generic_buffer
0
BNKYVFQCEO 0
root@arm:~# Labgrid Console Logfile for main
Logfile started at 2025-06-10 14:50:46.695395
=== Log starts here ===

root@arm:~# run() { echo -n "$MARKER"; sh -c "$@"; echo "$MARKER $?"; }
root@arm:~# echo 'TJFL''UYGTYK'
TJFLUYGTYK
root@arm:~# MARKER='QKHK''HAZFNT' run dmesg
QKHKHAZFNT[    0.000000] Booting Linux on physical CPU 0x0
[    0.000000] Linux version 6.12.33 (user01@drvtest01) (arm-none-eabi-gcc (Arm GNU Toolchain 14.2.Rel1 (Build arm-14.52)) 14.2.1 20241119, GNU ld (Arm GNU Toolchain 14.2.Rel1 (Build arm-14.52)) 2.43.1.20241119) #1 SMP Tue Jun 10 14:45:36 EEST 2025
[    0.000000] CPU: ARMv7 Processor [413fc082] revision 2 (ARMv7), cr=10c5387d
[    0.000000] CPU: PIPT / VIPT nonaliasing data cache, VIPT aliasing instruction cache
[    0.000000] OF: fdt: Machine model: TI AM335x BeagleBone Black
[    0.000000] Memory policy: Data cache writeback
[    0.000000] cma: Reserved 16 MiB at 0x9e800000 on node -1
[    0.000000] Zone ranges:
[    0.000000]   Normal   [mem 0x0000000080000000-0x000000009fdfffff]
[    0.000000]   HighMem  empty
[    0.000000] Movable zone start for each node
[    0.000000] Early memory node ranges
[    0.000000]   node   0: [mem 0x0000000080000000-0x000000009fdfffff]
[    0.000000] Initmem setup node 0 [mem 0x0000000080000000-0x000000009fdfffff]
[    0.000000] OF: reserved mem: Reserved memory: No reserved-memory node in the DT
[    0.000000] CPU: All CPU(s) started in SVC mode.
[    0.000000] AM335X ES2.1 (sgx neon)
[    0.000000] percpu: Embedded 17 pages/cpu s40396 r8192 d21044 u69632
[    0.000000] pcpu-alloc: s40396 r8192 d21044 u69632 alloc=17*4096
[    0.000000] pcpu-alloc: [0] 0 
[    0.000000] Kernel command line: console=ttyO0,115200n8 root=/dev/nfs rw nfsroot=192.168.255.126:/home/user01/nfs,nfsvers=3 ip=192.168.255.1:192.168.255.126::255.255.255.0:bbb1:eth0 nfsrootdebug
[    0.000000] Unknown kernel command line parameters "nfsrootdebug", will be passed to user space.
[    0.000000] Dentry cache hash table entries: 65536 (order: 6, 262144 bytes, linear)
[    0.000000] Inode-cache hash table entries: 32768 (order: 5, 131072 bytes, linear)
[    0.000000] Built 1 zonelists, mobility grouping on.  Total pages: 130560
[    0.000000] mem auto-init: stack:off, heap alloc:off, heap free:off
[    0.000000] SLUB: HWalign=64, Order=0-3, MinObjects=0, CPUs=1, Nodes=1
[    0.000000] rcu: Hierarchical RCU implementation.
[    0.000000] rcu: 	RCU event tracing is enabled.
[    0.000000] rcu: 	RCU restricting CPUs from NR_CPUS=2 to nr_cpu_ids=1.
[    0.000000] rcu: RCU calculated value of scheduler-enlistment delay is 10 jiffies.
[    0.000000] rcu: Adjusting geometry for rcu_fanout_leaf=16, nr_cpu_ids=1
[    0.000000] NR_IRQS: 16, nr_irqs: 16, preallocated irqs: 16
[    0.000000] IRQ: Found an INTC at 0x(ptrval) (revision 5.0) with 128 interrupts
[    0.000000] rcu: srcu_init: Setting srcu_struct sizes based on contention.
[    0.000000] TI gptimer clocksource: always-on /ocp/interconnect@44c00000/segment@200000/target-module@31000
[    0.000002] sched_clock: 32 bits at 24MHz, resolution 41ns, wraps every 89478484971ns
[    0.000026] clocksource: dmtimer: mask: 0xffffffff max_cycles: 0xffffffff, max_idle_ns: 79635851949 ns
[    0.000490] TI gptimer clockevent: 24000000 Hz at /ocp/interconnect@48000000/segment@0/target-module@40000
[    0.002103] Console: colour dummy device 80x30
[    0.002165] WARNING: Your 'console=ttyO0' has been replaced by 'ttyS0'
[    0.002173] This ensures that you still see kernel messages. Please
[    0.002178] update your kernel commandline.
[    0.002218] Calibrating delay loop... 996.14 BogoMIPS (lpj=4980736)
[    0.090539] CPU: Testing write buffer coherency: ok
[    0.090648] CPU0: Spectre v2: using BPIALL workaround
[    0.090659] pid_max: default: 32768 minimum: 301
[    0.090786] LSM: initializing lsm=capability
[    0.090961] Mount-cache hash table entries: 1024 (order: 0, 4096 bytes, linear)
[    0.090982] Mountpoint-cache hash table entries: 1024 (order: 0, 4096 bytes, linear)
[    0.092527] CPU0: thread -1, cpu 0, socket -1, mpidr 0
[    0.170704] Setting up static identity map for 0x80100000 - 0x80100078
[    0.180681] rcu: Hierarchical SRCU implementation.
[    0.180693] rcu: 	Max phase no-delay instances is 1000.
[    0.200738] smp: Bringing up secondary CPUs ...
[    0.200791] smp: Brought up 1 node, 1 CPU
[    0.200805] SMP: Total of 1 processors activated (996.14 BogoMIPS).
[    0.200817] CPU: All CPU(s) started in SVC mode.
[    0.201002] Memory: 480868K/522240K available (11264K kernel code, 1211K rwdata, 2876K rodata, 1024K init, 295K bss, 23360K reserved, 16384K cma-reserved, 0K highmem)
[    0.201826] devtmpfs: initialized
[    0.217968] VFP support v0.3: implementor 41 architecture 3 part 30 variant c rev 3
[    0.218306] clocksource: jiffies: mask: 0xffffffff max_cycles: 0xffffffff, max_idle_ns: 19112604462750000 ns
[    0.218341] futex hash table entries: 256 (order: 2, 16384 bytes, linear)
[    0.219644] pinctrl core: initialized pinctrl subsystem
[    0.221975] NET: Registered PF_NETLINK/PF_ROUTE protocol family
[    0.224734] DMA: preallocated 256 KiB pool for atomic coherent allocations
[    0.225640] audit: initializing netlink subsys (disabled)
[    0.227015] thermal_sys: Registered thermal governor 'fair_share'
[    0.227031] thermal_sys: Registered thermal governor 'step_wise'
[    0.227040] thermal_sys: Registered thermal governor 'user_space'
[    0.227185] audit: type=2000 audit(0.220:1): state=initialized audit_enabled=0 res=1
[    0.227219] cpuidle: using governor menu
[    0.245194] /ocp/interconnect@44c00000/segment@200000/target-module@b000/i2c@0/tda19988@70: Fixed dependency cycle(s) with /ocp/interconnect@48000000/segment@300000/target-module@e000/lcdc@0
[    0.246299] /ocp/interconnect@48000000/segment@300000/target-module@e000/lcdc@0: Fixed dependency cycle(s) with /ocp/interconnect@44c00000/segment@200000/target-module@b000/i2c@0/tda19988@70
[    0.248436] No ATAGs?
[    0.248455] hw-breakpoint: debug architecture 0x4 unsupported.
[    0.251218] kprobes: kprobe jump-optimization is enabled. All kprobes are optimized if possible.
[    0.263848] iommu: Default domain type: Translated
[    0.263869] iommu: DMA domain TLB invalidation policy: strict mode
[    0.265440] reg-fixed-voltage fixedregulator0: using DT '/fixedregulator0' for '(default)' GPIO lookup
[    0.265496] of_get_named_gpiod_flags: can't parse 'gpios' property of node '/fixedregulator0[0]'
[    0.265524] of_get_named_gpiod_flags: can't parse 'gpio' property of node '/fixedregulator0[0]'
[    0.265541] reg-fixed-voltage fixedregulator0: using lookup tables for GPIO lookup
[    0.265550] reg-fixed-voltage fixedregulator0: No GPIO consumer (default) found
[    0.271350] SCSI subsystem initialized
[    0.271825] libata version 3.00 loaded.
[    0.272190] pps_core: LinuxPPS API ver. 1 registered
[    0.272200] pps_core: Software ver. 5.3.6 - Copyright 2005-2007 Rodolfo Giometti <giometti@linux.it>
[    0.272225] PTP clock support registered
[    0.274096] vgaarb: loaded
[    0.280732] clocksource: Switched to clocksource dmtimer
[    0.281425] VFS: Disk quotas dquot_6.6.0
[    0.281468] VFS: Dquot-cache hash table entries: 1024 (order 0, 4096 bytes)
[    0.308476] NET: Registered PF_INET protocol family
[    0.308818] IP idents hash table entries: 8192 (order: 4, 65536 bytes, linear)
[    0.310190] tcp_listen_portaddr_hash hash table entries: 512 (order: 0, 4096 bytes, linear)
[    0.310228] Table-perturb hash table entries: 65536 (order: 6, 262144 bytes, linear)
[    0.310246] TCP established hash table entries: 4096 (order: 2, 16384 bytes, linear)
[    0.310294] TCP bind hash table entries: 4096 (order: 4, 65536 bytes, linear)
[    0.310395] TCP: Hash tables configured (established 4096 bind 4096)
[    0.310517] UDP hash table entries: 256 (order: 1, 8192 bytes, linear)
[    0.310544] UDP-Lite hash table entries: 256 (order: 1, 8192 bytes, linear)
[    0.310716] NET: Registered PF_UNIX/PF_LOCAL protocol family
[    0.311916] RPC: Registered named UNIX socket transport module.
[    0.311937] RPC: Registered udp transport module.
[    0.311943] RPC: Registered tcp transport module.
[    0.311948] RPC: Registered tcp-with-tls transport module.
[    0.311953] RPC: Registered tcp NFSv4.1 backchannel transport module.
[    0.311978] PCI: CLS 0 bytes, default 64
[    0.313369] Initialise system trusted keyrings
[    0.314141] workingset: timestamp_bits=14 max_order=17 bucket_order=3
[    0.315870] NFS: Registering the id_resolver key type
[    0.315952] Key type id_resolver registered
[    0.315959] Key type id_legacy registered
[    0.316008] jffs2: version 2.2. (NAND) (SUMMARY)  Â© 2001-2006 Red Hat, Inc.
[    0.316424] Key type asymmetric registered
[    0.316440] Asymmetric key parser 'x509' registered
[    0.316508] io scheduler mq-deadline registered
[    0.316518] io scheduler kyber registered
[    0.316584] io scheduler bfq registered
[    0.326103] ledtrig-cpu: registered to indicate activity on CPUs
[    0.328756] Serial: 8250/16550 driver, 6 ports, IRQ sharing enabled
[    0.367249] brd: module loaded
[    0.390565] loop: module loaded
[    0.391482] mtdoops: mtd device (mtddev=name/number) must be supplied
[    0.393176] mdio_bus fixed-0: using lookup tables for GPIO lookup
[    0.393201] mdio_bus fixed-0: No GPIO consumer reset found
[    0.394693] i2c_dev: i2c /dev entries driver
[    0.395678] cpuidle: enable-method property 'ti,am3352' found operations
[    0.396099] sdhci: Secure Digital Host Controller Interface driver
[    0.396108] sdhci: Copyright(c) Pierre Ossman
[    0.396274] sdhci-pltfm: SDHCI platform and OF driver helper
[    0.397268] Initializing XFRM netlink socket
[    0.397405] NET: Registered PF_INET6 protocol family
[    0.399307] Segment Routing with IPv6
[    0.399388] In-situ OAM (IOAM) with IPv6
[    0.399487] sit: IPv6, IPv4 and MPLS over IPv4 tunneling driver
[    0.400408] NET: Registered PF_PACKET protocol family
[    0.400443] NET: Registered PF_KEY protocol family
[    0.400568] Key type dns_resolver registered
[    0.400796] ThumbEE CPU extension supported.
[    0.400816] Registering SWP/SWPB emulation handler
[    0.401337] omap_voltage_late_init: Voltage driver support not added
[    0.401681] SmartReflex Class3 initialized
[    0.431598] Loading compiled-in X.509 certificates
[    0.475737] /ocp/interconnect@44c00000/segment@200000/target-module@b000/i2c@0/tda19988@70: Fixed dependency cycle(s) with /ocp/interconnect@48000000/segment@300000/target-module@e000/lcdc@0
[    0.482022] /ocp/interconnect@44c00000/segment@200000/target-module@b000/i2c@0/tda19988@70: Fixed dependency cycle(s) with /ocp/interconnect@48000000/segment@300000/target-module@e000/lcdc@0
[    0.487555] gpiochip_find_base_unlocked: found new base at 512
[    0.501807] /ocp/interconnect@44c00000/segment@200000/target-module@b000/i2c@0/tda19988@70: Fixed dependency cycle(s) with /ocp/interconnect@48000000/segment@300000/target-module@e000/lcdc@0
[    0.502681] /ocp/interconnect@44c00000/segment@200000/target-module@b000/i2c@0/tda19988@70: Fixed dependency cycle(s) with /ocp/interconnect@48000000/segment@300000/target-module@e000/lcdc@0
[    0.506309] /ocp/interconnect@44c00000/segment@200000/target-module@10000/scm@0/pinmux@800: Fixed dependency cycle(s) with /ocp/interconnect@44c00000/segment@200000/target-module@10000/scm@0/pinmux@800/clkout2-pins
[    0.506895] pinctrl-single 44e10800.pinmux: 142 pins, size 568
[    0.511945] ti-sysc 44e31000.target-module: probe with driver ti-sysc failed with error -16
[    0.547549] /ocp/interconnect@48000000/segment@300000/target-module@e000/lcdc@0: Fixed dependency cycle(s) with /ocp/interconnect@44c00000/segment@200000/target-module@b000/i2c@0/tda19988@70
[    0.555371] ti-sysc 48040000.target-module: probe with driver ti-sysc failed with error -16
[    0.566463] gpiochip_find_base_unlocked: found new base at 512
[    0.566565] gpio gpiochip0: (gpio-0-31): created GPIO range 0->7 ==> 44e10800.pinmux PIN 0->7
[    0.566585] gpio gpiochip0: (gpio-0-31): created GPIO range 8->11 ==> 44e10800.pinmux PIN 90->93
[    0.566601] gpio gpiochip0: (gpio-0-31): created GPIO range 12->27 ==> 44e10800.pinmux PIN 12->27
[    0.566616] gpio gpiochip0: (gpio-0-31): created GPIO range 28->31 ==> 44e10800.pinmux PIN 30->33
[    0.601961] gpio gpiochip0: (gpio-0-31): added GPIO chardev (254:0)
[    0.602141] gpio gpiochip0: registered GPIOs 512 to 543 on gpio-0-31
[    0.602223] OMAP GPIO hardware version 0.1
[    0.635828] i2c i2c-2: using DT '/ocp/interconnect@48000000/segment@100000/target-module@9c000/i2c@0' for 'scl' GPIO lookup
[    0.635900] of_get_named_gpiod_flags: can't parse 'scl-gpios' property of node '/ocp/interconnect@48000000/segment@100000/target-module@9c000/i2c@0[0]'
[    0.635942] of_get_named_gpiod_flags: can't parse 'scl-gpio' property of node '/ocp/interconnect@48000000/segment@100000/target-module@9c000/i2c@0[0]'
[    0.635978] i2c i2c-2: using lookup tables for GPIO lookup
[    0.635987] i2c i2c-2: No GPIO consumer scl found
[    0.636008] i2c i2c-2: using DT '/ocp/interconnect@48000000/segment@100000/target-module@9c000/i2c@0' for 'sda' GPIO lookup
[    0.636044] of_get_named_gpiod_flags: can't parse 'sda-gpios' property of node '/ocp/interconnect@48000000/segment@100000/target-module@9c000/i2c@0[0]'
[    0.636080] of_get_named_gpiod_flags: can't parse 'sda-gpio' property of node '/ocp/interconnect@48000000/segment@100000/target-module@9c000/i2c@0[0]'
[    0.636111] i2c i2c-2: using lookup tables for GPIO lookup
[    0.636119] i2c i2c-2: No GPIO consumer sda found
[    0.636835] omap_i2c 4819c000.i2c: bus 2 rev0.11 at 100 kHz
[    0.642120] gpiochip_find_base_unlocked: found new base at 544
[    0.642223] gpio gpiochip1: (gpio-32-63): created GPIO range 0->17 ==> 44e10800.pinmux PIN 34->51
[    0.642242] gpio gpiochip1: (gpio-32-63): created GPIO range 18->21 ==> 44e10800.pinmux PIN 77->80
[    0.642258] gpio gpiochip1: (gpio-32-63): created GPIO range 22->31 ==> 44e10800.pinmux PIN 56->65
[    0.642992] gpio gpiochip1: (gpio-32-63): added GPIO chardev (254:1)
[    0.643129] gpio gpiochip1: registered GPIOs 544 to 575 on gpio-32-63
[    0.645503] gpiochip_find_base_unlocked: found new base at 576
[    0.645595] gpio gpiochip2: (gpio-64-95): created GPIO range 0->4 ==> 44e10800.pinmux PIN 66->70
[    0.645614] gpio gpiochip2: (gpio-64-95): created GPIO range 5->6 ==> 44e10800.pinmux PIN 98->99
[    0.645629] gpio gpiochip2: (gpio-64-95): created GPIO range 7->8 ==> 44e10800.pinmux PIN 75->76
[    0.645644] gpio gpiochip2: (gpio-64-95): created GPIO range 13->13 ==> 44e10800.pinmux PIN 141->141
[    0.645661] gpio gpiochip2: (gpio-64-95): created GPIO range 14->21 ==> 44e10800.pinmux PIN 100->107
[    0.646466] gpio gpiochip2: (gpio-64-95): added GPIO chardev (254:2)
[    0.646619] gpio gpiochip2: registered GPIOs 576 to 607 on gpio-64-95
[    0.652029] 48000000.interconnect:segment@200000:target-module@0:mpu@0:fck: device ID is greater than 24
[    0.652899] /ocp/interconnect@48000000/segment@300000/target-module@e000/lcdc@0: Fixed dependency cycle(s) with /ocp/interconnect@44c00000/segment@200000/target-module@b000/i2c@0/tda19988@70
[    0.655907] /ocp/interconnect@48000000/segment@300000/target-module@e000/lcdc@0: Fixed dependency cycle(s) with /ocp/interconnect@44c00000/segment@200000/target-module@b000/i2c@0/tda19988@70
[    0.656623] /ocp/interconnect@44c00000/segment@200000/target-module@b000/i2c@0/tda19988@70: Fixed dependency cycle(s) with /ocp/interconnect@48000000/segment@300000/target-module@e000/lcdc@0
[    0.656793] /ocp/interconnect@48000000/segment@300000/target-module@e000/lcdc@0: Fixed dependency cycle(s) with /ocp/interconnect@44c00000/segment@200000/target-module@b000/i2c@0/tda19988@70
[    0.666287] mdio_bus 4a101000.mdio: using DT '/ocp/interconnect@4a000000/segment@0/target-module@100000/switch@0/mdio@1000' for 'reset' GPIO lookup
[    0.666359] of_get_named_gpiod_flags: can't parse 'reset-gpios' property of node '/ocp/interconnect@4a000000/segment@0/target-module@100000/switch@0/mdio@1000[0]'
[    0.666406] of_get_named_gpiod_flags: can't parse 'reset-gpio' property of node '/ocp/interconnect@4a000000/segment@0/target-module@100000/switch@0/mdio@1000[0]'
[    0.666452] mdio_bus 4a101000.mdio: using lookup tables for GPIO lookup
[    0.666461] mdio_bus 4a101000.mdio: No GPIO consumer reset found
[    0.667351] sdhci-omap 481d8000.mmc: using DT '/ocp/interconnect@48000000/segment@100000/target-module@d8000/mmc@0' for 'wp' GPIO lookup
[    0.667409] of_get_named_gpiod_flags: can't parse 'wp-gpios' property of node '/ocp/interconnect@48000000/segment@100000/target-module@d8000/mmc@0[0]'
[    0.667451] of_get_named_gpiod_flags: can't parse 'wp-gpio' property of node '/ocp/interconnect@48000000/segment@100000/target-module@d8000/mmc@0[0]'
[    0.667485] sdhci-omap 481d8000.mmc: using lookup tables for GPIO lookup
[    0.667494] sdhci-omap 481d8000.mmc: No GPIO consumer wp found
[    0.667683] sdhci-omap 481d8000.mmc: supply pbias not found, using dummy regulator
[    0.668183] sdhci-omap 481d8000.mmc: supply vqmmc not found, using dummy regulator
[    0.717233] davinci_mdio 4a101000.mdio: davinci mdio revision 1.6, bus freq 1000000
[    0.739065] mdio_bus 4a101000.mdio:00: using DT '/ocp/interconnect@4a000000/segment@0/target-module@100000/switch@0/mdio@1000/ethernet-phy@0' for 'reset' GPIO lookup
[    0.739165] of_get_named_gpiod_flags: parsed 'reset-gpios' property of node '/ocp/interconnect@4a000000/segment@0/target-module@100000/switch@0/mdio@1000/ethernet-phy@0[0]' - status (0)
[    0.739324] gpio gpiochip0: Persistence not supported for GPIO 8
[    0.830732] davinci_mdio 4a101000.mdio: phy[0]: device 4a101000.mdio:00, driver SMSC LAN8710/LAN8720
[    0.831496] cpsw-switch 4a100000.switch: initialized cpsw ale version 1.4
[    0.831520] cpsw-switch 4a100000.switch: ALE Table size 1024, Policers 0
[    0.850385] cpsw-switch 4a100000.switch: cpts: overflow check period 500 (jiffies)
[    0.850404] cpsw-switch 4a100000.switch: CPTS: ref_clk_freq:250000000 calc_mult:2147483648 calc_shift:29 error:0 nsec/sec
[    0.850516] cpsw-switch 4a100000.switch: Detected MACID = 6c:ec:eb:68:de:78
[    0.852355] cpsw-switch 4a100000.switch: initialized (regs 0x4a100000, pool size 256) hw_ver:0019010C 1.12 (0)
[    0.863203] debugfs: Directory '49000000.dma' with parent 'dmaengine' already present!
[    0.863244] edma 49000000.dma: TI EDMA DMA engine driver
[    0.920085] target-module@4b000000:target-module@140000:pmu@0:fck: device ID is greater than 24
[    0.921907] hw perfevents: enabled with armv7_cortex_a8 PMU driver, 5 (8000000f) counters available
[    0.922744] gpio-clk clk_mcasp0: using DT '/clk_mcasp0' for 'enable' GPIO lookup
[    0.922811] of_get_named_gpiod_flags: parsed 'enable-gpios' property of node '/clk_mcasp0[0]' - status (0)
[    0.922855] gpio gpiochip0: Persistence not supported for GPIO 27
[    0.923627] gpiochip_find_base_unlocked: found new base at 608
[    0.923751] gpio gpiochip3: (gpio-96-127): created GPIO range 0->7 ==> 44e10800.pinmux PIN 82->89
[    0.923775] gpio gpiochip3: (gpio-96-127): created GPIO range 8->11 ==> 44e10800.pinmux PIN 52->55
[    0.923792] gpio gpiochip3: (gpio-96-127): created GPIO range 12->15 ==> 44e10800.pinmux PIN 94->97
[    0.923808] gpio gpiochip3: (gpio-96-127): created GPIO range 16->17 ==> 44e10800.pinmux PIN 71->72
[    0.923825] gpio gpiochip3: (gpio-96-127): created GPIO range 18->18 ==> 44e10800.pinmux PIN 135->135
[    0.923841] gpio gpiochip3: (gpio-96-127): created GPIO range 19->20 ==> 44e10800.pinmux PIN 108->109
[    0.923862] gpio gpiochip3: (gpio-96-127): created GPIO range 21->21 ==> 44e10800.pinmux PIN 73->73
[    0.923880] gpio gpiochip3: (gpio-96-127): created GPIO range 22->23 ==> 44e10800.pinmux PIN 8->9
[    0.923897] gpio gpiochip3: (gpio-96-127): created GPIO range 26->27 ==> 44e10800.pinmux PIN 10->11
[    0.923915] gpio gpiochip3: (gpio-96-127): created GPIO range 28->28 ==> 44e10800.pinmux PIN 74->74
[    0.923933] gpio gpiochip3: (gpio-96-127): created GPIO range 29->29 ==> 44e10800.pinmux PIN 81->81
[    0.923951] gpio gpiochip3: (gpio-96-127): created GPIO range 30->31 ==> 44e10800.pinmux PIN 28->29
[    0.929667] l3-aon-clkctrl:0000:0: failed to disable
[    0.937340] gpio gpiochip3: (gpio-96-127): added GPIO chardev (254:3)
[    0.937495] gpio gpiochip3: registered GPIOs 608 to 639 on gpio-96-127
[    0.939308] omap8250 44e09000.serial: using DT '/ocp/interconnect@44c00000/segment@200000/target-module@9000/serial@0' for 'rs485-term' GPIO lookup
[    0.939377] of_get_named_gpiod_flags: can't parse 'rs485-term-gpios' property of node '/ocp/interconnect@44c00000/segment@200000/target-module@9000/serial@0[0]'
[    0.939421] of_get_named_gpiod_flags: can't parse 'rs485-term-gpio' property of node '/ocp/interconnect@44c00000/segment@200000/target-module@9000/serial@0[0]'
[    0.939457] omap8250 44e09000.serial: using lookup tables for GPIO lookup
[    0.939466] omap8250 44e09000.serial: No GPIO consumer rs485-term found
[    0.939475] omap8250 44e09000.serial: using DT '/ocp/interconnect@44c00000/segment@200000/target-module@9000/serial@0' for 'rs485-rx-during-tx' GPIO lookup
[    0.939510] of_get_named_gpiod_flags: can't parse 'rs485-rx-during-tx-gpios' property of node '/ocp/interconnect@44c00000/segment@200000/target-module@9000/serial@0[0]'
[    0.939546] of_get_named_gpiod_flags: can't parse 'rs485-rx-during-tx-gpio' property of node '/ocp/interconnect@44c00000/segment@200000/target-module@9000/serial@0[0]'
[    0.939577] omap8250 44e09000.serial: using lookup tables for GPIO lookup
[    0.939585] omap8250 44e09000.serial: No GPIO consumer rs485-rx-during-tx found
[    0.940001] 44e09000.serial: ttyS0 at MMIO 0x44e09000 (irq = 34, base_baud = 3000000) is a 8250
[    0.940089] printk: legacy console [ttyS0] enabled
[    2.389235] i2c i2c-0: using DT '/ocp/interconnect@44c00000/segment@200000/target-module@b000/i2c@0' for 'scl' GPIO lookup
[    2.389320] of_get_named_gpiod_flags: can't parse 'scl-gpios' property of node '/ocp/interconnect@44c00000/segment@200000/target-module@b000/i2c@0[0]'
[    2.389369] of_get_named_gpiod_flags: can't parse 'scl-gpio' property of node '/ocp/interconnect@44c00000/segment@200000/target-module@b000/i2c@0[0]'
[    2.389410] i2c i2c-0: using lookup tables for GPIO lookup
[    2.389423] i2c i2c-0: No GPIO consumer scl found
[    2.389448] i2c i2c-0: using DT '/ocp/interconnect@44c00000/segment@200000/target-module@b000/i2c@0' for 'sda' GPIO lookup
[    2.389488] of_get_named_gpiod_flags: can't parse 'sda-gpios' property of node '/ocp/interconnect@44c00000/segment@200000/target-module@b000/i2c@0[0]'
[    2.389528] of_get_named_gpiod_flags: can't parse 'sda-gpio' property of node '/ocp/interconnect@44c00000/segment@200000/target-module@b000/i2c@0[0]'
[    2.389564] i2c i2c-0: using lookup tables for GPIO lookup
[    2.389575] i2c i2c-0: No GPIO consumer sda found
[    2.405388] tps65217-pmic: Failed to locate of_node [id: -1]
[    2.411449] tps65217-bl: Failed to locate of_node [id: -1]
[    2.422796] tps65217 0-0024: TPS65217 ID 0xe version 1.2
[    2.428921] /ocp/interconnect@48000000/segment@300000/target-module@e000/lcdc@0: Fixed dependency cycle(s) with /ocp/interconnect@44c00000/segment@200000/target-module@b000/i2c@0/tda19988@70
[    2.446284] /ocp/interconnect@44c00000/segment@200000/target-module@b000/i2c@0/tda19988@70: Fixed dependency cycle(s) with /ocp/interconnect@48000000/segment@300000/target-module@e000/lcdc@0
[    2.463646] omap_i2c 44e0b000.i2c: bus 0 rev0.11 at 400 kHz
[    2.471440] sdhci-omap 48060000.mmc: using DT '/ocp/interconnect@48000000/segment@0/target-module@60000/mmc@0' for 'cd' GPIO lookup
[    2.471546] of_get_named_gpiod_flags: parsed 'cd-gpios' property of node '/ocp/interconnect@48000000/segment@0/target-module@60000/mmc@0[0]' - status (0)
[    2.471614] gpio gpiochip3: Persistence not supported for GPIO 6
[    2.471639] omap_gpio 44e07000.gpio: Could not set line 6 debounce to 200000 microseconds (-22)
[    2.480518] sdhci-omap 48060000.mmc: Got CD GPIO
[    2.485200] sdhci-omap 48060000.mmc: using DT '/ocp/interconnect@48000000/segment@0/target-module@60000/mmc@0' for 'wp' GPIO lookup
[    2.485249] of_get_named_gpiod_flags: can't parse 'wp-gpios' property of node '/ocp/interconnect@48000000/segment@0/target-module@60000/mmc@0[0]'
[    2.485294] of_get_named_gpiod_flags: can't parse 'wp-gpio' property of node '/ocp/interconnect@48000000/segment@0/target-module@60000/mmc@0[0]'
[    2.485332] sdhci-omap 48060000.mmc: using lookup tables for GPIO lookup
[    2.485345] sdhci-omap 48060000.mmc: No GPIO consumer wp found
[    2.485555] sdhci-omap 48060000.mmc: supply pbias not found, using dummy regulator
[    2.494207] sdhci-omap 481d8000.mmc: using DT '/ocp/interconnect@48000000/segment@100000/target-module@d8000/mmc@0' for 'wp' GPIO lookup
[    2.494279] of_get_named_gpiod_flags: can't parse 'wp-gpios' property of node '/ocp/interconnect@48000000/segment@100000/target-module@d8000/mmc@0[0]'
[    2.494327] of_get_named_gpiod_flags: can't parse 'wp-gpio' property of node '/ocp/interconnect@48000000/segment@100000/target-module@d8000/mmc@0[0]'
[    2.494365] sdhci-omap 481d8000.mmc: using lookup tables for GPIO lookup
[    2.494378] sdhci-omap 481d8000.mmc: No GPIO consumer wp found
[    2.495459] sdhci-omap 48060000.mmc: supply vqmmc not found, using dummy regulator
[    2.504023] sdhci-omap 481d8000.mmc: supply pbias not found, using dummy regulator
[    2.512596] sdhci-omap 481d8000.mmc: supply vqmmc not found, using dummy regulator
[    2.548173] mmc0: SDHCI controller on 48060000.mmc [48060000.mmc] using External DMA
[    2.556487] mmc1: SDHCI controller on 481d8000.mmc [481d8000.mmc] using External DMA
[    2.565231] cpsw-switch 4a100000.switch: starting ndev. mode: dual_mac
[    2.613588] mmc0: new high speed SDHC card at address 5048
[    2.620624] mmcblk0: mmc0:5048 SD16G 14.4 GiB
[    2.628671]  mmcblk0: p1 p2
[    2.632050] mmcblk0: p2 size 31221760 extends beyond EOD, truncated
[    2.645702] SMSC LAN8710/LAN8720 4a101000.mdio:00: attached PHY driver (mii_bus:phy_addr=4a101000.mdio:00, irq=POLL)
[    2.657771] mmc1: new high speed MMC card at address 0001
[    2.664667] mmcblk1: mmc1:0001 MMC04G 3.60 GiB
[    2.676468]  mmcblk1: p1 p2
[    2.680675] mmcblk1boot0: mmc1:0001 MMC04G 2.00 MiB
[    2.687967] mmcblk1boot1: mmc1:0001 MMC04G 2.00 MiB
[    2.695363] mmcblk1rpmb: mmc1:0001 MMC04G 128 KiB, chardev (250:0)
[    5.845218] cpsw-switch 4a100000.switch eth0: Link is Up - 100Mbps/Full - flow control off
[    5.884668] IP-Config: Complete:
[    5.887942]      device=eth0, hwaddr=6c:ec:eb:68:de:78, ipaddr=192.168.255.1, mask=255.255.255.0, gw=255.255.255.255
[    5.898606]      host=bbb1, domain=, nis-domain=(none)
[    5.903775]      bootserver=192.168.255.126, rootserver=192.168.255.126, rootpath=
[    5.904198] clk: Disabling unused clocks
[    5.916037] PM: genpd: Disabling unused power domains
[    5.921156] KTAP version 1
[    5.923876] 1..0
[    5.948507] VFS: Mounted root (nfs filesystem) on device 0:17.
[    5.955744] devtmpfs: mounted
[    5.960152] Freeing unused kernel image (initmem) memory: 1024K
[    5.967009] Run /sbin/init as init process
[    5.971145]   with arguments:
[    5.971158]     /sbin/init
[    5.971167]     nfsrootdebug
[    5.971176]   with environment:
[    5.971184]     HOME=/
[    5.971194]     TERM=linux
[    6.655302] systemd[1]: System time before build time, advancing clock.
[    8.114457] random: crng init done
[    8.155268] systemd[1]: systemd 232 running in system mode. (+PAM +AUDIT +SELINUX +IMA +APPARMOR +SMACK +SYSVINIT +UTMP +LIBCRYPTSETUP +GCRYPT +GNUTLS +ACL +XZ +LZ4 +SECCOMP +BLKID +ELFUTILS +KMOD +IDN)
[    8.174235] systemd[1]: Detected architecture arm.
[    8.207491] systemd[1]: Set hostname to <arm>.
[    9.291905] systemd[1]: Started Dispatch Password Requests to Console Directory Watch.
[    9.325730] systemd[1]: Listening on Journal Audit Socket.
[    9.356488] systemd[1]: Listening on Journal Socket (/dev/log).
[    9.385356] systemd[1]: Started Forward Password Requests to Wall Directory Watch.
[    9.414780] systemd[1]: Reached target Encrypted Volumes.
[    9.446453] systemd[1]: Listening on udev Control Socket.
[    9.474846] systemd[1]: Reached target Remote File Systems.
[   11.738250] systemd-journald[82]: Received request to flush runtime journal from PID 1
[   14.322745] leds-gpio leds: using DT '/leds/led2' for '(default)' GPIO lookup
[   14.322847] of_get_named_gpiod_flags: parsed 'gpios' property of node '/leds/led2[0]' - status (0)
[   14.322907] gpio gpiochip0: Persistence not supported for GPIO 21
[   14.322922] gpio-533 (?): no flags found for GPIO (default)
[   14.359283] leds-gpio leds: using DT '/leds/led3' for '(default)' GPIO lookup
[   14.359530] of_get_named_gpiod_flags: parsed 'gpios' property of node '/leds/led3[0]' - status (0)
[   14.359639] gpio gpiochip0: Persistence not supported for GPIO 22
[   14.359656] gpio-534 (?): no flags found for GPIO (default)
[   14.396902] leds-gpio leds: using DT '/leds/led4' for '(default)' GPIO lookup
[   14.397006] of_get_named_gpiod_flags: parsed 'gpios' property of node '/leds/led4[0]' - status (0)
[   14.397061] gpio gpiochip0: Persistence not supported for GPIO 23
[   14.397076] gpio-535 (?): no flags found for GPIO (default)
[   14.442356] leds-gpio leds: using DT '/leds/led5' for '(default)' GPIO lookup
[   14.442456] of_get_named_gpiod_flags: parsed 'gpios' property of node '/leds/led5[0]' - status (0)
[   14.442508] gpio gpiochip0: Persistence not supported for GPIO 24
[   14.442523] gpio-536 (?): no flags found for GPIO (default)
[   14.867093] remoteproc remoteproc0: wkup_m3 is available
[   15.010028] am335x-phy-driver 47401300.usb-phy: using DT '/ocp/target-module@47400000/usb-phy@1300' for 'reset' GPIO lookup
[   15.010123] of_get_named_gpiod_flags: can't parse 'reset-gpios' property of node '/ocp/target-module@47400000/usb-phy@1300[0]'
[   15.010170] of_get_named_gpiod_flags: can't parse 'reset-gpio' property of node '/ocp/target-module@47400000/usb-phy@1300[0]'
[   15.010209] am335x-phy-driver 47401300.usb-phy: using lookup tables for GPIO lookup
[   15.010224] am335x-phy-driver 47401300.usb-phy: No GPIO consumer reset found
[   15.010238] am335x-phy-driver 47401300.usb-phy: using DT '/ocp/target-module@47400000/usb-phy@1300' for 'vbus-detect' GPIO lookup
[   15.010270] of_get_named_gpiod_flags: can't parse 'vbus-detect-gpios' property of node '/ocp/target-module@47400000/usb-phy@1300[0]'
[   15.010303] of_get_named_gpiod_flags: can't parse 'vbus-detect-gpio' property of node '/ocp/target-module@47400000/usb-phy@1300[0]'
[   15.010330] am335x-phy-driver 47401300.usb-phy: using lookup tables for GPIO lookup
[   15.010341] am335x-phy-driver 47401300.usb-phy: No GPIO consumer vbus-detect found
[   15.010488] am335x-phy-driver 47401300.usb-phy: dummy supplies not allowed for exclusive requests (id=vbus)
[   15.036887] at24 2-0054: supply vcc not found, using dummy regulator
[   15.157678] at24 2-0055: supply vcc not found, using dummy regulator
[   15.191098] am335x-phy-driver 47401b00.usb-phy: using DT '/ocp/target-module@47400000/usb-phy@1b00' for 'reset' GPIO lookup
[   15.191238] of_get_named_gpiod_flags: can't parse 'reset-gpios' property of node '/ocp/target-module@47400000/usb-phy@1b00[0]'
[   15.191337] of_get_named_gpiod_flags: can't parse 'reset-gpio' property of node '/ocp/target-module@47400000/usb-phy@1b00[0]'
[   15.191382] am335x-phy-driver 47401b00.usb-phy: using lookup tables for GPIO lookup
[   15.191397] am335x-phy-driver 47401b00.usb-phy: No GPIO consumer reset found
[   15.191454] am335x-phy-driver 47401b00.usb-phy: using DT '/ocp/target-module@47400000/usb-phy@1b00' for 'vbus-detect' GPIO lookup
[   15.191490] of_get_named_gpiod_flags: can't parse 'vbus-detect-gpios' property of node '/ocp/target-module@47400000/usb-phy@1b00[0]'
[   15.191524] of_get_named_gpiod_flags: can't parse 'vbus-detect-gpio' property of node '/ocp/target-module@47400000/usb-phy@1b00[0]'
[   15.191596] am335x-phy-driver 47401b00.usb-phy: using lookup tables for GPIO lookup
[   15.191609] am335x-phy-driver 47401b00.usb-phy: No GPIO consumer vbus-detect found
[   15.191961] am335x-phy-driver 47401b00.usb-phy: dummy supplies not allowed for exclusive requests (id=vbus)
[   15.255359] at24 2-0056: supply vcc not found, using dummy regulator
[   15.370694] at24 2-0057: supply vcc not found, using dummy regulator
[   15.520821] at24 0-0050: using DT '/ocp/interconnect@44c00000/segment@200000/target-module@b000/i2c@0/baseboard_eeprom@50' for 'wp' GPIO lookup
[   15.521066] of_get_named_gpiod_flags: can't parse 'wp-gpios' property of node '/ocp/interconnect@44c00000/segment@200000/target-module@b000/i2c@0/baseboard_eeprom@50[0]'
[   15.521134] of_get_named_gpiod_flags: can't parse 'wp-gpio' property of node '/ocp/interconnect@44c00000/segment@200000/target-module@b000/i2c@0/baseboard_eeprom@50[0]'
[   15.521181] at24 0-0050: using lookup tables for GPIO lookup
[   15.521194] at24 0-0050: No GPIO consumer wp found
[   15.521553] at24 0-0050: 32768 byte 24c256 EEPROM, writable, 1 bytes/write
[   15.595169] tps6521x_pwrbutton tps65217-pwrbutton: DMA mask not set
[   15.677355] input: tps65217_pwrbutton as /devices/platform/ocp/44c00000.interconnect/44c00000.interconnect:segment@200000/44e0b000.target-module/44e0b000.i2c/i2c-0/0-0024/tps65217-pwrbutton/input/input0
[   15.732255] wkup_m3_ipc 44e11324.wkup_m3_ipc: IPC Request for A8->M3 Channel failed! -517
[   15.846859] omap_rtc 44e3e000.rtc: registered as rtc0
[   15.852461] omap_rtc 44e3e000.rtc: setting system clock to 2000-01-01T00:00:00 UTC (946684800)
[   15.861394] omap_rtc 44e3e000.rtc: using DT '/ocp/interconnect@44c00000/segment@200000/target-module@3e000/rtc@0' for 'wp' GPIO lookup
[   15.861476] of_get_named_gpiod_flags: can't parse 'wp-gpios' property of node '/ocp/interconnect@44c00000/segment@200000/target-module@3e000/rtc@0[0]'
[   15.861529] of_get_named_gpiod_flags: can't parse 'wp-gpio' property of node '/ocp/interconnect@44c00000/segment@200000/target-module@3e000/rtc@0[0]'
[   15.861570] omap_rtc 44e3e000.rtc: using lookup tables for GPIO lookup
[   15.861583] omap_rtc 44e3e000.rtc: No GPIO consumer wp found
[   15.863375] wkup_m3_ipc 44e11324.wkup_m3_ipc: IPC Request for A8->M3 Channel failed! -517
[   16.286036] omap_wdt: OMAP Watchdog Timer Rev 0x01: initial timeout 60 sec
[   16.295929] wkup_m3_ipc 44e11324.wkup_m3_ipc: IPC Request for A8->M3 Channel failed! -517
[   16.433070] usbcore: registered new interface driver usbfs
[   16.438855] usbcore: registered new interface driver hub
[   16.444291] usbcore: registered new device driver usb
[   16.949319] tda998x 0-0070: found TDA19988
[   17.083185] wkup_m3_ipc 44e11324.wkup_m3_ipc: IPC Request for A8->M3 Channel failed! -517
[   17.179487] musb-hdrc musb-hdrc.1: MUSB HDRC host driver
[   17.185049] musb-hdrc musb-hdrc.1: new USB bus registered, assigned bus number 1
[   17.217489] wkup_m3_ipc 44e11324.wkup_m3_ipc: IPC Request for A8->M3 Channel failed! -517
[   17.447681] usb usb1: New USB device found, idVendor=1d6b, idProduct=0002, bcdDevice= 6.12
[   17.456226] usb usb1: New USB device strings: Mfr=3, Product=2, SerialNumber=1
[   17.463497] usb usb1: Product: MUSB HDRC host driver
[   17.468572] usb usb1: Manufacturer: Linux 6.12.33 musb-hcd
[   17.474091] usb usb1: SerialNumber: musb-hdrc.1
[   17.552951] omap-mailbox 480c8000.mailbox: omap mailbox rev 0x400
[   17.615130] remoteproc remoteproc0: powering up wkup_m3
[   17.745321] remoteproc remoteproc0: Direct firmware load for am335x-pm-firmware.elf failed with error -2
[   17.755010] remoteproc remoteproc0: request_firmware failed: -2
[   17.760973] wkup_m3_ipc 44e11324.wkup_m3_ipc: rproc_boot failed
[   17.865768] hub 1-0:1.0: USB hub found
[   17.930554] hub 1-0:1.0: 1 port detected
[   19.596042] tilcdc 4830e000.lcdc: bound 0-0070 (ops 0xbf07e0fc)
[   19.602613] omap_rng 48310000.rng: Random Number Generator ver. 20
[   19.663215] [drm] Initialized tilcdc 1.0.0 for 4830e000.lcdc on minor 0
[   19.762010] tilcdc 4830e000.lcdc: [drm] Cannot find any crtc or sizes
[   19.771297] tilcdc 4830e000.lcdc: [drm] Cannot find any crtc or sizes
[   20.612232] PM: Cannot get wkup_m3_ipc handle
[   20.633578] omap-sham 53100000.sham: hw accel on OMAP rev 4.3
[   20.785474] omap-sham 53100000.sham: will run requests pump with realtime priority
[   20.804970] PM: Cannot get wkup_m3_ipc handle
[   21.032311] omap-aes 53500000.aes: OMAP AES hw accel rev: 3.2
[   21.177408] omap-aes 53500000.aes: will run requests pump with realtime priority
[   21.186379] PM: Cannot get wkup_m3_ipc handle
[   24.617309] PM: Cannot get wkup_m3_ipc handle
[   24.623070] asoc-simple-card sound: using DT '/sound' for 'simple-audio-card,hp-det' GPIO lookup
[   24.623136] of_get_named_gpiod_flags: can't parse 'simple-audio-card,hp-det-gpios' property of node '/sound[0]'
[   24.623173] of_get_named_gpiod_flags: can't parse 'simple-audio-card,hp-det-gpio' property of node '/sound[0]'
[   24.623199] asoc-simple-card sound: using lookup tables for GPIO lookup
[   24.623211] asoc-simple-card sound: No GPIO consumer simple-audio-card,hp-det found
[   24.623226] asoc-simple-card sound: using DT '/sound' for 'simple-audio-card,mic-det' GPIO lookup
[   24.623250] of_get_named_gpiod_flags: can't parse 'simple-audio-card,mic-det-gpios' property of node '/sound[0]'
[   24.623276] of_get_named_gpiod_flags: can't parse 'simple-audio-card,mic-det-gpio' property of node '/sound[0]'
[   24.623295] asoc-simple-card sound: using lookup tables for GPIO lookup
[   24.623307] asoc-simple-card sound: No GPIO consumer simple-audio-card,mic-det found
[   24.746276] PM: Cannot get wkup_m3_ipc handle
[   24.833799] Bluetooth: Core ver 2.22
[   24.837836] NET: Registered PF_BLUETOOTH protocol family
[   24.843189] Bluetooth: HCI device and connection manager initialized
[   24.849721] Bluetooth: HCI socket layer initialized
[   24.854698] Bluetooth: L2CAP socket layer initialized
[   24.859810] Bluetooth: SCO socket layer initialized
[   28.408073] userial_init: registered 8 ttyGS* devices
[   28.587485] rndis_register: configNr = 0
[   28.652274] udc musb-hdrc.0: binding gadget driver [g_multi]
[   28.652369] configfs-gadget.g_multi gadget.0: adding 'rndis'/73b9eebb to config 'c'/647fe985
[   28.653499] configfs-gadget.g_multi gadget.0: HOST MAC 1c:ba:8c:a2:ed:6c
[   28.660457] configfs-gadget.g_multi gadget.0: MAC 1c:ba:8c:a2:ed:70
[   28.666870] rndis_set_param_medium: 0 0
[   28.666893] configfs-gadget.g_multi gadget.0: RNDIS: IN/ep1in OUT/ep1out NOTIFY/ep2in
[   28.666910] configfs-gadget.g_multi gadget.0: adding 'cdc_ethernet'/47a3b228 to config 'c'/647fe985
[   28.667771] configfs-gadget.g_multi gadget.0: HOST MAC 1c:ba:8c:a2:ed:6c
[   28.674646] configfs-gadget.g_multi gadget.0: MAC 1c:ba:8c:a2:ed:6d
[   28.680992] configfs-gadget.g_multi gadget.0: CDC Ethernet: IN/ep3in OUT/ep2out NOTIFY/ep4in
[   28.681011] configfs-gadget.g_multi gadget.0: adding 'acm'/c3460def to config 'c'/647fe985
[   28.681047] configfs-gadget.g_multi gadget.0: acm ttyGS0: IN/ep5in OUT/ep3out NOTIFY/ep6in
[   28.695836] PM: Cannot get wkup_m3_ipc handle
[   30.924767] configfs-gadget.g_multi gadget.0: eth_open
[   34.691571] gs_open: ttyGS0 (6193d21c,6b1bb389)
[   34.691744] gs_close: ttyGS0 (6193d21c,6b1bb389) ...
[   34.691772] gs_close: ttyGS0 (6193d21c,6b1bb389) done!
[   34.710431] gs_open: ttyGS0 (e69bab8d,c1d936ce)
[   34.710553] gs_close: ttyGS0 (e69bab8d,c1d936ce) ...
[   34.710574] gs_close: ttyGS0 (e69bab8d,c1d936ce) done!
[   34.907446] gs_open: ttyGS0 (e69bab8d,3cfb0721)
[   34.907681] gs_close: ttyGS0 (e69bab8d,3cfb0721) ...
[   34.907708] gs_close: ttyGS0 (e69bab8d,3cfb0721) done!
[   34.908972] gs_open: ttyGS0 (e69bab8d,c1d936ce)
QKHKHAZFNT 0
root@arm:~# echo 'NVFH''HYAUCA'
NVFHHYAUCA
root@arm:~# MARKER='OUYA''WXZMBM' run 'modprobe test_linear_ranges'
OUYAWXZMBMOUYAWXZMBM 0
root@arm:~# echo 'MQNB''HEZQAH'
MQNBHEZQAH
root@arm:~# MARKER='LXNM''HJWPST' run dmesg
LXNMHJWPST[    0.000000] Booting Linux on physical CPU 0x0
[    0.000000] Linux version 6.12.33 (user01@drvtest01) (arm-none-eabi-gcc (Arm GNU Toolchain 14.2.Rel1 (Build arm-14.52)) 14.2.1 20241119, GNU ld (Arm GNU Toolchain 14.2.Rel1 (Build arm-14.52)) 2.43.1.20241119) #1 SMP Tue Jun 10 14:45:36 EEST 2025
[    0.000000] CPU: ARMv7 Processor [413fc082] revision 2 (ARMv7), cr=10c5387d
[    0.000000] CPU: PIPT / VIPT nonaliasing data cache, VIPT aliasing instruction cache
[    0.000000] OF: fdt: Machine model: TI AM335x BeagleBone Black
[    0.000000] Memory policy: Data cache writeback
[    0.000000] cma: Reserved 16 MiB at 0x9e800000 on node -1
[    0.000000] Zone ranges:
[    0.000000]   Normal   [mem 0x0000000080000000-0x000000009fdfffff]
[    0.000000]   HighMem  empty
[    0.000000] Movable zone start for each node
[    0.000000] Early memory node ranges
[    0.000000]   node   0: [mem 0x0000000080000000-0x000000009fdfffff]
[    0.000000] Initmem setup node 0 [mem 0x0000000080000000-0x000000009fdfffff]
[    0.000000] OF: reserved mem: Reserved memory: No reserved-memory node in the DT
[    0.000000] CPU: All CPU(s) started in SVC mode.
[    0.000000] AM335X ES2.1 (sgx neon)
[    0.000000] percpu: Embedded 17 pages/cpu s40396 r8192 d21044 u69632
[    0.000000] pcpu-alloc: s40396 r8192 d21044 u69632 alloc=17*4096
[    0.000000] pcpu-alloc: [0] 0 
[    0.000000] Kernel command line: console=ttyO0,115200n8 root=/dev/nfs rw nfsroot=192.168.255.126:/home/user01/nfs,nfsvers=3 ip=192.168.255.1:192.168.255.126::255.255.255.0:bbb1:eth0 nfsrootdebug
[    0.000000] Unknown kernel command line parameters "nfsrootdebug", will be passed to user space.
[    0.000000] Dentry cache hash table entries: 65536 (order: 6, 262144 bytes, linear)
[    0.000000] Inode-cache hash table entries: 32768 (order: 5, 131072 bytes, linear)
[    0.000000] Built 1 zonelists, mobility grouping on.  Total pages: 130560
[    0.000000] mem auto-init: stack:off, heap alloc:off, heap free:off
[    0.000000] SLUB: HWalign=64, Order=0-3, MinObjects=0, CPUs=1, Nodes=1
[    0.000000] rcu: Hierarchical RCU implementation.
[    0.000000] rcu: 	RCU event tracing is enabled.
[    0.000000] rcu: 	RCU restricting CPUs from NR_CPUS=2 to nr_cpu_ids=1.
[    0.000000] rcu: RCU calculated value of scheduler-enlistment delay is 10 jiffies.
[    0.000000] rcu: Adjusting geometry for rcu_fanout_leaf=16, nr_cpu_ids=1
[    0.000000] NR_IRQS: 16, nr_irqs: 16, preallocated irqs: 16
[    0.000000] IRQ: Found an INTC at 0x(ptrval) (revision 5.0) with 128 interrupts
[    0.000000] rcu: srcu_init: Setting srcu_struct sizes based on contention.
[    0.000000] TI gptimer clocksource: always-on /ocp/interconnect@44c00000/segment@200000/target-module@31000
[    0.000002] sched_clock: 32 bits at 24MHz, resolution 41ns, wraps every 89478484971ns
[    0.000026] clocksource: dmtimer: mask: 0xffffffff max_cycles: 0xffffffff, max_idle_ns: 79635851949 ns
[    0.000490] TI gptimer clockevent: 24000000 Hz at /ocp/interconnect@48000000/segment@0/target-module@40000
[    0.002103] Console: colour dummy device 80x30
[    0.002165] WARNING: Your 'console=ttyO0' has been replaced by 'ttyS0'
[    0.002173] This ensures that you still see kernel messages. Please
[    0.002178] update your kernel commandline.
[    0.002218] Calibrating delay loop... 996.14 BogoMIPS (lpj=4980736)
[    0.090539] CPU: Testing write buffer coherency: ok
[    0.090648] CPU0: Spectre v2: using BPIALL workaround
[    0.090659] pid_max: default: 32768 minimum: 301
[    0.090786] LSM: initializing lsm=capability
[    0.090961] Mount-cache hash table entries: 1024 (order: 0, 4096 bytes, linear)
[    0.090982] Mountpoint-cache hash table entries: 1024 (order: 0, 4096 bytes, linear)
[    0.092527] CPU0: thread -1, cpu 0, socket -1, mpidr 0
[    0.170704] Setting up static identity map for 0x80100000 - 0x80100078
[    0.180681] rcu: Hierarchical SRCU implementation.
[    0.180693] rcu: 	Max phase no-delay instances is 1000.
[    0.200738] smp: Bringing up secondary CPUs ...
[    0.200791] smp: Brought up 1 node, 1 CPU
[    0.200805] SMP: Total of 1 processors activated (996.14 BogoMIPS).
[    0.200817] CPU: All CPU(s) started in SVC mode.
[    0.201002] Memory: 480868K/522240K available (11264K kernel code, 1211K rwdata, 2876K rodata, 1024K init, 295K bss, 23360K reserved, 16384K cma-reserved, 0K highmem)
[    0.201826] devtmpfs: initialized
[    0.217968] VFP support v0.3: implementor 41 architecture 3 part 30 variant c rev 3
[    0.218306] clocksource: jiffies: mask: 0xffffffff max_cycles: 0xffffffff, max_idle_ns: 19112604462750000 ns
[    0.218341] futex hash table entries: 256 (order: 2, 16384 bytes, linear)
[    0.219644] pinctrl core: initialized pinctrl subsystem
[    0.221975] NET: Registered PF_NETLINK/PF_ROUTE protocol family
[    0.224734] DMA: preallocated 256 KiB pool for atomic coherent allocations
[    0.225640] audit: initializing netlink subsys (disabled)
[    0.227015] thermal_sys: Registered thermal governor 'fair_share'
[    0.227031] thermal_sys: Registered thermal governor 'step_wise'
[    0.227040] thermal_sys: Registered thermal governor 'user_space'
[    0.227185] audit: type=2000 audit(0.220:1): state=initialized audit_enabled=0 res=1
[    0.227219] cpuidle: using governor menu
[    0.245194] /ocp/interconnect@44c00000/segment@200000/target-module@b000/i2c@0/tda19988@70: Fixed dependency cycle(s) with /ocp/interconnect@48000000/segment@300000/target-module@e000/lcdc@0
[    0.246299] /ocp/interconnect@48000000/segment@300000/target-module@e000/lcdc@0: Fixed dependency cycle(s) with /ocp/interconnect@44c00000/segment@200000/target-module@b000/i2c@0/tda19988@70
[    0.248436] No ATAGs?
[    0.248455] hw-breakpoint: debug architecture 0x4 unsupported.
[    0.251218] kprobes: kprobe jump-optimization is enabled. All kprobes are optimized if possible.
[    0.263848] iommu: Default domain type: Translated
[    0.263869] iommu: DMA domain TLB invalidation policy: strict mode
[    0.265440] reg-fixed-voltage fixedregulator0: using DT '/fixedregulator0' for '(default)' GPIO lookup
[    0.265496] of_get_named_gpiod_flags: can't parse 'gpios' property of node '/fixedregulator0[0]'
[    0.265524] of_get_named_gpiod_flags: can't parse 'gpio' property of node '/fixedregulator0[0]'
[    0.265541] reg-fixed-voltage fixedregulator0: using lookup tables for GPIO lookup
[    0.265550] reg-fixed-voltage fixedregulator0: No GPIO consumer (default) found
[    0.271350] SCSI subsystem initialized
[    0.271825] libata version 3.00 loaded.
[    0.272190] pps_core: LinuxPPS API ver. 1 registered
[    0.272200] pps_core: Software ver. 5.3.6 - Copyright 2005-2007 Rodolfo Giometti <giometti@linux.it>
[    0.272225] PTP clock support registered
[    0.274096] vgaarb: loaded
[    0.280732] clocksource: Switched to clocksource dmtimer
[    0.281425] VFS: Disk quotas dquot_6.6.0
[    0.281468] VFS: Dquot-cache hash table entries: 1024 (order 0, 4096 bytes)
[    0.308476] NET: Registered PF_INET protocol family
[    0.308818] IP idents hash table entries: 8192 (order: 4, 65536 bytes, linear)
[    0.310190] tcp_listen_portaddr_hash hash table entries: 512 (order: 0, 4096 bytes, linear)
[    0.310228] Table-perturb hash table entries: 65536 (order: 6, 262144 bytes, linear)
[    0.310246] TCP established hash table entries: 4096 (order: 2, 16384 bytes, linear)
[    0.310294] TCP bind hash table entries: 4096 (order: 4, 65536 bytes, linear)
[    0.310395] TCP: Hash tables configured (established 4096 bind 4096)
[    0.310517] UDP hash table entries: 256 (order: 1, 8192 bytes, linear)
[    0.310544] UDP-Lite hash table entries: 256 (order: 1, 8192 bytes, linear)
[    0.310716] NET: Registered PF_UNIX/PF_LOCAL protocol family
[    0.311916] RPC: Registered named UNIX socket transport module.
[    0.311937] RPC: Registered udp transport module.
[    0.311943] RPC: Registered tcp transport module.
[    0.311948] RPC: Registered tcp-with-tls transport module.
[    0.311953] RPC: Registered tcp NFSv4.1 backchannel transport module.
[    0.311978] PCI: CLS 0 bytes, default 64
[    0.313369] Initialise system trusted keyrings
[    0.314141] workingset: timestamp_bits=14 max_order=17 bucket_order=3
[    0.315870] NFS: Registering the id_resolver key type
[    0.315952] Key type id_resolver registered
[    0.315959] Key type id_legacy registered
[    0.316008] jffs2: version 2.2. (NAND) (SUMMARY)  Â© 2001-2006 Red Hat, Inc.
[    0.316424] Key type asymmetric registered
[    0.316440] Asymmetric key parser 'x509' registered
[    0.316508] io scheduler mq-deadline registered
[    0.316518] io scheduler kyber registered
[    0.316584] io scheduler bfq registered
[    0.326103] ledtrig-cpu: registered to indicate activity on CPUs
[    0.328756] Serial: 8250/16550 driver, 6 ports, IRQ sharing enabled
[    0.367249] brd: module loaded
[    0.390565] loop: module loaded
[    0.391482] mtdoops: mtd device (mtddev=name/number) must be supplied
[    0.393176] mdio_bus fixed-0: using lookup tables for GPIO lookup
[    0.393201] mdio_bus fixed-0: No GPIO consumer reset found
[    0.394693] i2c_dev: i2c /dev entries driver
[    0.395678] cpuidle: enable-method property 'ti,am3352' found operations
[    0.396099] sdhci: Secure Digital Host Controller Interface driver
[    0.396108] sdhci: Copyright(c) Pierre Ossman
[    0.396274] sdhci-pltfm: SDHCI platform and OF driver helper
[    0.397268] Initializing XFRM netlink socket
[    0.397405] NET: Registered PF_INET6 protocol family
[    0.399307] Segment Routing with IPv6
[    0.399388] In-situ OAM (IOAM) with IPv6
[    0.399487] sit: IPv6, IPv4 and MPLS over IPv4 tunneling driver
[    0.400408] NET: Registered PF_PACKET protocol family
[    0.400443] NET: Registered PF_KEY protocol family
[    0.400568] Key type dns_resolver registered
[    0.400796] ThumbEE CPU extension supported.
[    0.400816] Registering SWP/SWPB emulation handler
[    0.401337] omap_voltage_late_init: Voltage driver support not added
[    0.401681] SmartReflex Class3 initialized
[    0.431598] Loading compiled-in X.509 certificates
[    0.475737] /ocp/interconnect@44c00000/segment@200000/target-module@b000/i2c@0/tda19988@70: Fixed dependency cycle(s) with /ocp/interconnect@48000000/segment@300000/target-module@e000/lcdc@0
[    0.482022] /ocp/interconnect@44c00000/segment@200000/target-module@b000/i2c@0/tda19988@70: Fixed dependency cycle(s) with /ocp/interconnect@48000000/segment@300000/target-module@e000/lcdc@0
[    0.487555] gpiochip_find_base_unlocked: found new base at 512
[    0.501807] /ocp/interconnect@44c00000/segment@200000/target-module@b000/i2c@0/tda19988@70: Fixed dependency cycle(s) with /ocp/interconnect@48000000/segment@300000/target-module@e000/lcdc@0
[    0.502681] /ocp/interconnect@44c00000/segment@200000/target-module@b000/i2c@0/tda19988@70: Fixed dependency cycle(s) with /ocp/interconnect@48000000/segment@300000/target-module@e000/lcdc@0
[    0.506309] /ocp/interconnect@44c00000/segment@200000/target-module@10000/scm@0/pinmux@800: Fixed dependency cycle(s) with /ocp/interconnect@44c00000/segment@200000/target-module@10000/scm@0/pinmux@800/clkout2-pins
[    0.506895] pinctrl-single 44e10800.pinmux: 142 pins, size 568
[    0.511945] ti-sysc 44e31000.target-module: probe with driver ti-sysc failed with error -16
[    0.547549] /ocp/interconnect@48000000/segment@300000/target-module@e000/lcdc@0: Fixed dependency cycle(s) with /ocp/interconnect@44c00000/segment@200000/target-module@b000/i2c@0/tda19988@70
[    0.555371] ti-sysc 48040000.target-module: probe with driver ti-sysc failed with error -16
[    0.566463] gpiochip_find_base_unlocked: found new base at 512
[    0.566565] gpio gpiochip0: (gpio-0-31): created GPIO range 0->7 ==> 44e10800.pinmux PIN 0->7
[    0.566585] gpio gpiochip0: (gpio-0-31): created GPIO range 8->11 ==> 44e10800.pinmux PIN 90->93
[    0.566601] gpio gpiochip0: (gpio-0-31): created GPIO range 12->27 ==> 44e10800.pinmux PIN 12->27
[    0.566616] gpio gpiochip0: (gpio-0-31): created GPIO range 28->31 ==> 44e10800.pinmux PIN 30->33
[    0.601961] gpio gpiochip0: (gpio-0-31): added GPIO chardev (254:0)
[    0.602141] gpio gpiochip0: registered GPIOs 512 to 543 on gpio-0-31
[    0.602223] OMAP GPIO hardware version 0.1
[    0.635828] i2c i2c-2: using DT '/ocp/interconnect@48000000/segment@100000/target-module@9c000/i2c@0' for 'scl' GPIO lookup
[    0.635900] of_get_named_gpiod_flags: can't parse 'scl-gpios' property of node '/ocp/interconnect@48000000/segment@100000/target-module@9c000/i2c@0[0]'
[    0.635942] of_get_named_gpiod_flags: can't parse 'scl-gpio' property of node '/ocp/interconnect@48000000/segment@100000/target-module@9c000/i2c@0[0]'
[    0.635978] i2c i2c-2: using lookup tables for GPIO lookup
[    0.635987] i2c i2c-2: No GPIO consumer scl found
[    0.636008] i2c i2c-2: using DT '/ocp/interconnect@48000000/segment@100000/target-module@9c000/i2c@0' for 'sda' GPIO lookup
[    0.636044] of_get_named_gpiod_flags: can't parse 'sda-gpios' property of node '/ocp/interconnect@48000000/segment@100000/target-module@9c000/i2c@0[0]'
[    0.636080] of_get_named_gpiod_flags: can't parse 'sda-gpio' property of node '/ocp/interconnect@48000000/segment@100000/target-module@9c000/i2c@0[0]'
[    0.636111] i2c i2c-2: using lookup tables for GPIO lookup
[    0.636119] i2c i2c-2: No GPIO consumer sda found
[    0.636835] omap_i2c 4819c000.i2c: bus 2 rev0.11 at 100 kHz
[    0.642120] gpiochip_find_base_unlocked: found new base at 544
[    0.642223] gpio gpiochip1: (gpio-32-63): created GPIO range 0->17 ==> 44e10800.pinmux PIN 34->51
[    0.642242] gpio gpiochip1: (gpio-32-63): created GPIO range 18->21 ==> 44e10800.pinmux PIN 77->80
[    0.642258] gpio gpiochip1: (gpio-32-63): created GPIO range 22->31 ==> 44e10800.pinmux PIN 56->65
[    0.642992] gpio gpiochip1: (gpio-32-63): added GPIO chardev (254:1)
[    0.643129] gpio gpiochip1: registered GPIOs 544 to 575 on gpio-32-63
[    0.645503] gpiochip_find_base_unlocked: found new base at 576
[    0.645595] gpio gpiochip2: (gpio-64-95): created GPIO range 0->4 ==> 44e10800.pinmux PIN 66->70
[    0.645614] gpio gpiochip2: (gpio-64-95): created GPIO range 5->6 ==> 44e10800.pinmux PIN 98->99
[    0.645629] gpio gpiochip2: (gpio-64-95): created GPIO range 7->8 ==> 44e10800.pinmux PIN 75->76
[    0.645644] gpio gpiochip2: (gpio-64-95): created GPIO range 13->13 ==> 44e10800.pinmux PIN 141->141
[    0.645661] gpio gpiochip2: (gpio-64-95): created GPIO range 14->21 ==> 44e10800.pinmux PIN 100->107
[    0.646466] gpio gpiochip2: (gpio-64-95): added GPIO chardev (254:2)
[    0.646619] gpio gpiochip2: registered GPIOs 576 to 607 on gpio-64-95
[    0.652029] 48000000.interconnect:segment@200000:target-module@0:mpu@0:fck: device ID is greater than 24
[    0.652899] /ocp/interconnect@48000000/segment@300000/target-module@e000/lcdc@0: Fixed dependency cycle(s) with /ocp/interconnect@44c00000/segment@200000/target-module@b000/i2c@0/tda19988@70
[    0.655907] /ocp/interconnect@48000000/segment@300000/target-module@e000/lcdc@0: Fixed dependency cycle(s) with /ocp/interconnect@44c00000/segment@200000/target-module@b000/i2c@0/tda19988@70
[    0.656623] /ocp/interconnect@44c00000/segment@200000/target-module@b000/i2c@0/tda19988@70: Fixed dependency cycle(s) with /ocp/interconnect@48000000/segment@300000/target-module@e000/lcdc@0
[    0.656793] /ocp/interconnect@48000000/segment@300000/target-module@e000/lcdc@0: Fixed dependency cycle(s) with /ocp/interconnect@44c00000/segment@200000/target-module@b000/i2c@0/tda19988@70
[    0.666287] mdio_bus 4a101000.mdio: using DT '/ocp/interconnect@4a000000/segment@0/target-module@100000/switch@0/mdio@1000' for 'reset' GPIO lookup
[    0.666359] of_get_named_gpiod_flags: can't parse 'reset-gpios' property of node '/ocp/interconnect@4a000000/segment@0/target-module@100000/switch@0/mdio@1000[0]'
[    0.666406] of_get_named_gpiod_flags: can't parse 'reset-gpio' property of node '/ocp/interconnect@4a000000/segment@0/target-module@100000/switch@0/mdio@1000[0]'
[    0.666452] mdio_bus 4a101000.mdio: using lookup tables for GPIO lookup
[    0.666461] mdio_bus 4a101000.mdio: No GPIO consumer reset found
[    0.667351] sdhci-omap 481d8000.mmc: using DT '/ocp/interconnect@48000000/segment@100000/target-module@d8000/mmc@0' for 'wp' GPIO lookup
[    0.667409] of_get_named_gpiod_flags: can't parse 'wp-gpios' property of node '/ocp/interconnect@48000000/segment@100000/target-module@d8000/mmc@0[0]'
[    0.667451] of_get_named_gpiod_flags: can't parse 'wp-gpio' property of node '/ocp/interconnect@48000000/segment@100000/target-module@d8000/mmc@0[0]'
[    0.667485] sdhci-omap 481d8000.mmc: using lookup tables for GPIO lookup
[    0.667494] sdhci-omap 481d8000.mmc: No GPIO consumer wp found
[    0.667683] sdhci-omap 481d8000.mmc: supply pbias not found, using dummy regulator
[    0.668183] sdhci-omap 481d8000.mmc: supply vqmmc not found, using dummy regulator
[    0.717233] davinci_mdio 4a101000.mdio: davinci mdio revision 1.6, bus freq 1000000
[    0.739065] mdio_bus 4a101000.mdio:00: using DT '/ocp/interconnect@4a000000/segment@0/target-module@100000/switch@0/mdio@1000/ethernet-phy@0' for 'reset' GPIO lookup
[    0.739165] of_get_named_gpiod_flags: parsed 'reset-gpios' property of node '/ocp/interconnect@4a000000/segment@0/target-module@100000/switch@0/mdio@1000/ethernet-phy@0[0]' - status (0)
[    0.739324] gpio gpiochip0: Persistence not supported for GPIO 8
[    0.830732] davinci_mdio 4a101000.mdio: phy[0]: device 4a101000.mdio:00, driver SMSC LAN8710/LAN8720
[    0.831496] cpsw-switch 4a100000.switch: initialized cpsw ale version 1.4
[    0.831520] cpsw-switch 4a100000.switch: ALE Table size 1024, Policers 0
[    0.850385] cpsw-switch 4a100000.switch: cpts: overflow check period 500 (jiffies)
[    0.850404] cpsw-switch 4a100000.switch: CPTS: ref_clk_freq:250000000 calc_mult:2147483648 calc_shift:29 error:0 nsec/sec
[    0.850516] cpsw-switch 4a100000.switch: Detected MACID = 6c:ec:eb:68:de:78
[    0.852355] cpsw-switch 4a100000.switch: initialized (regs 0x4a100000, pool size 256) hw_ver:0019010C 1.12 (0)
[    0.863203] debugfs: Directory '49000000.dma' with parent 'dmaengine' already present!
[    0.863244] edma 49000000.dma: TI EDMA DMA engine driver
[    0.920085] target-module@4b000000:target-module@140000:pmu@0:fck: device ID is greater than 24
[    0.921907] hw perfevents: enabled with armv7_cortex_a8 PMU driver, 5 (8000000f) counters available
[    0.922744] gpio-clk clk_mcasp0: using DT '/clk_mcasp0' for 'enable' GPIO lookup
[    0.922811] of_get_named_gpiod_flags: parsed 'enable-gpios' property of node '/clk_mcasp0[0]' - status (0)
[    0.922855] gpio gpiochip0: Persistence not supported for GPIO 27
[    0.923627] gpiochip_find_base_unlocked: found new base at 608
[    0.923751] gpio gpiochip3: (gpio-96-127): created GPIO range 0->7 ==> 44e10800.pinmux PIN 82->89
[    0.923775] gpio gpiochip3: (gpio-96-127): created GPIO range 8->11 ==> 44e10800.pinmux PIN 52->55
[    0.923792] gpio gpiochip3: (gpio-96-127): created GPIO range 12->15 ==> 44e10800.pinmux PIN 94->97
[    0.923808] gpio gpiochip3: (gpio-96-127): created GPIO range 16->17 ==> 44e10800.pinmux PIN 71->72
[    0.923825] gpio gpiochip3: (gpio-96-127): created GPIO range 18->18 ==> 44e10800.pinmux PIN 135->135
[    0.923841] gpio gpiochip3: (gpio-96-127): created GPIO range 19->20 ==> 44e10800.pinmux PIN 108->109
[    0.923862] gpio gpiochip3: (gpio-96-127): created GPIO range 21->21 ==> 44e10800.pinmux PIN 73->73
[    0.923880] gpio gpiochip3: (gpio-96-127): created GPIO range 22->23 ==> 44e10800.pinmux PIN 8->9
[    0.923897] gpio gpiochip3: (gpio-96-127): created GPIO range 26->27 ==> 44e10800.pinmux PIN 10->11
[    0.923915] gpio gpiochip3: (gpio-96-127): created GPIO range 28->28 ==> 44e10800.pinmux PIN 74->74
[    0.923933] gpio gpiochip3: (gpio-96-127): created GPIO range 29->29 ==> 44e10800.pinmux PIN 81->81
[    0.923951] gpio gpiochip3: (gpio-96-127): created GPIO range 30->31 ==> 44e10800.pinmux PIN 28->29
[    0.929667] l3-aon-clkctrl:0000:0: failed to disable
[    0.937340] gpio gpiochip3: (gpio-96-127): added GPIO chardev (254:3)
[    0.937495] gpio gpiochip3: registered GPIOs 608 to 639 on gpio-96-127
[    0.939308] omap8250 44e09000.serial: using DT '/ocp/interconnect@44c00000/segment@200000/target-module@9000/serial@0' for 'rs485-term' GPIO lookup
[    0.939377] of_get_named_gpiod_flags: can't parse 'rs485-term-gpios' property of node '/ocp/interconnect@44c00000/segment@200000/target-module@9000/serial@0[0]'
[    0.939421] of_get_named_gpiod_flags: can't parse 'rs485-term-gpio' property of node '/ocp/interconnect@44c00000/segment@200000/target-module@9000/serial@0[0]'
[    0.939457] omap8250 44e09000.serial: using lookup tables for GPIO lookup
[    0.939466] omap8250 44e09000.serial: No GPIO consumer rs485-term found
[    0.939475] omap8250 44e09000.serial: using DT '/ocp/interconnect@44c00000/segment@200000/target-module@9000/serial@0' for 'rs485-rx-during-tx' GPIO lookup
[    0.939510] of_get_named_gpiod_flags: can't parse 'rs485-rx-during-tx-gpios' property of node '/ocp/interconnect@44c00000/segment@200000/target-module@9000/serial@0[0]'
[    0.939546] of_get_named_gpiod_flags: can't parse 'rs485-rx-during-tx-gpio' property of node '/ocp/interconnect@44c00000/segment@200000/target-module@9000/serial@0[0]'
[    0.939577] omap8250 44e09000.serial: using lookup tables for GPIO lookup
[    0.939585] omap8250 44e09000.serial: No GPIO consumer rs485-rx-during-tx found
[    0.940001] 44e09000.serial: ttyS0 at MMIO 0x44e09000 (irq = 34, base_baud = 3000000) is a 8250
[    0.940089] printk: legacy console [ttyS0] enabled
[    2.389235] i2c i2c-0: using DT '/ocp/interconnect@44c00000/segment@200000/target-module@b000/i2c@0' for 'scl' GPIO lookup
[    2.389320] of_get_named_gpiod_flags: can't parse 'scl-gpios' property of node '/ocp/interconnect@44c00000/segment@200000/target-module@b000/i2c@0[0]'
[    2.389369] of_get_named_gpiod_flags: can't parse 'scl-gpio' property of node '/ocp/interconnect@44c00000/segment@200000/target-module@b000/i2c@0[0]'
[    2.389410] i2c i2c-0: using lookup tables for GPIO lookup
[    2.389423] i2c i2c-0: No GPIO consumer scl found
[    2.389448] i2c i2c-0: using DT '/ocp/interconnect@44c00000/segment@200000/target-module@b000/i2c@0' for 'sda' GPIO lookup
[    2.389488] of_get_named_gpiod_flags: can't parse 'sda-gpios' property of node '/ocp/interconnect@44c00000/segment@200000/target-module@b000/i2c@0[0]'
[    2.389528] of_get_named_gpiod_flags: can't parse 'sda-gpio' property of node '/ocp/interconnect@44c00000/segment@200000/target-module@b000/i2c@0[0]'
[    2.389564] i2c i2c-0: using lookup tables for GPIO lookup
[    2.389575] i2c i2c-0: No GPIO consumer sda found
[    2.405388] tps65217-pmic: Failed to locate of_node [id: -1]
[    2.411449] tps65217-bl: Failed to locate of_node [id: -1]
[    2.422796] tps65217 0-0024: TPS65217 ID 0xe version 1.2
[    2.428921] /ocp/interconnect@48000000/segment@300000/target-module@e000/lcdc@0: Fixed dependency cycle(s) with /ocp/interconnect@44c00000/segment@200000/target-module@b000/i2c@0/tda19988@70
[    2.446284] /ocp/interconnect@44c00000/segment@200000/target-module@b000/i2c@0/tda19988@70: Fixed dependency cycle(s) with /ocp/interconnect@48000000/segment@300000/target-module@e000/lcdc@0
[    2.463646] omap_i2c 44e0b000.i2c: bus 0 rev0.11 at 400 kHz
[    2.471440] sdhci-omap 48060000.mmc: using DT '/ocp/interconnect@48000000/segment@0/target-module@60000/mmc@0' for 'cd' GPIO lookup
[    2.471546] of_get_named_gpiod_flags: parsed 'cd-gpios' property of node '/ocp/interconnect@48000000/segment@0/target-module@60000/mmc@0[0]' - status (0)
[    2.471614] gpio gpiochip3: Persistence not supported for GPIO 6
[    2.471639] omap_gpio 44e07000.gpio: Could not set line 6 debounce to 200000 microseconds (-22)
[    2.480518] sdhci-omap 48060000.mmc: Got CD GPIO
[    2.485200] sdhci-omap 48060000.mmc: using DT '/ocp/interconnect@48000000/segment@0/target-module@60000/mmc@0' for 'wp' GPIO lookup
[    2.485249] of_get_named_gpiod_flags: can't parse 'wp-gpios' property of node '/ocp/interconnect@48000000/segment@0/target-module@60000/mmc@0[0]'
[    2.485294] of_get_named_gpiod_flags: can't parse 'wp-gpio' property of node '/ocp/interconnect@48000000/segment@0/target-module@60000/mmc@0[0]'
[    2.485332] sdhci-omap 48060000.mmc: using lookup tables for GPIO lookup
[    2.485345] sdhci-omap 48060000.mmc: No GPIO consumer wp found
[    2.485555] sdhci-omap 48060000.mmc: supply pbias not found, using dummy regulator
[    2.494207] sdhci-omap 481d8000.mmc: using DT '/ocp/interconnect@48000000/segment@100000/target-module@d8000/mmc@0' for 'wp' GPIO lookup
[    2.494279] of_get_named_gpiod_flags: can't parse 'wp-gpios' property of node '/ocp/interconnect@48000000/segment@100000/target-module@d8000/mmc@0[0]'
[    2.494327] of_get_named_gpiod_flags: can't parse 'wp-gpio' property of node '/ocp/interconnect@48000000/segment@100000/target-module@d8000/mmc@0[0]'
[    2.494365] sdhci-omap 481d8000.mmc: using lookup tables for GPIO lookup
[    2.494378] sdhci-omap 481d8000.mmc: No GPIO consumer wp found
[    2.495459] sdhci-omap 48060000.mmc: supply vqmmc not found, using dummy regulator
[    2.504023] sdhci-omap 481d8000.mmc: supply pbias not found, using dummy regulator
[    2.512596] sdhci-omap 481d8000.mmc: supply vqmmc not found, using dummy regulator
[    2.548173] mmc0: SDHCI controller on 48060000.mmc [48060000.mmc] using External DMA
[    2.556487] mmc1: SDHCI controller on 481d8000.mmc [481d8000.mmc] using External DMA
[    2.565231] cpsw-switch 4a100000.switch: starting ndev. mode: dual_mac
[    2.613588] mmc0: new high speed SDHC card at address 5048
[    2.620624] mmcblk0: mmc0:5048 SD16G 14.4 GiB
[    2.628671]  mmcblk0: p1 p2
[    2.632050] mmcblk0: p2 size 31221760 extends beyond EOD, truncated
[    2.645702] SMSC LAN8710/LAN8720 4a101000.mdio:00: attached PHY driver (mii_bus:phy_addr=4a101000.mdio:00, irq=POLL)
[    2.657771] mmc1: new high speed MMC card at address 0001
[    2.664667] mmcblk1: mmc1:0001 MMC04G 3.60 GiB
[    2.676468]  mmcblk1: p1 p2
[    2.680675] mmcblk1boot0: mmc1:0001 MMC04G 2.00 MiB
[    2.687967] mmcblk1boot1: mmc1:0001 MMC04G 2.00 MiB
[    2.695363] mmcblk1rpmb: mmc1:0001 MMC04G 128 KiB, chardev (250:0)
[    5.845218] cpsw-switch 4a100000.switch eth0: Link is Up - 100Mbps/Full - flow control off
[    5.884668] IP-Config: Complete:
[    5.887942]      device=eth0, hwaddr=6c:ec:eb:68:de:78, ipaddr=192.168.255.1, mask=255.255.255.0, gw=255.255.255.255
[    5.898606]      host=bbb1, domain=, nis-domain=(none)
[    5.903775]      bootserver=192.168.255.126, rootserver=192.168.255.126, rootpath=
[    5.904198] clk: Disabling unused clocks
[    5.916037] PM: genpd: Disabling unused power domains
[    5.921156] KTAP version 1
[    5.923876] 1..0
[    5.948507] VFS: Mounted root (nfs filesystem) on device 0:17.
[    5.955744] devtmpfs: mounted
[    5.960152] Freeing unused kernel image (initmem) memory: 1024K
[    5.967009] Run /sbin/init as init process
[    5.971145]   with arguments:
[    5.971158]     /sbin/init
[    5.971167]     nfsrootdebug
[    5.971176]   with environment:
[    5.971184]     HOME=/
