Labgrid Console Logfile for main
Logfile started at 2025-10-29 18:55:10.273645
=== Log starts here ===
reading args
spl_load_image_fat_os: error reading image args, err - -1
reading u-boot.img
reading u-boot.img


U-Boot 2014.04-00014-g47880f5 (Apr 22 2014 - 13:23:54)

I2C:   ready
DRAM:  512 MiB
NAND:  0 MiB
MMC:   OMAP SD/MMC: 0, OMAP SD/MMC: 1
*** Warning - readenv() failed, using default environment

Net:   <ethaddr> not set. Validating first E-fuse MAC
cpsw, usb_ether
Hit any key to stop autoboot:  1  0 
gpio: pin 53 (gpio 53) value is 1
mmc0 is current device
gpio: pin 54 (gpio 54) value is 1
SD/MMC found on device 0
reading uEnv.txt
569 bytes read in 3 ms (184.6 KiB/s)
gpio: pin 55 (gpio 55) value is 1
Loaded environment from uEnv.txt
Importing environment from mmc ...
Checking if uenvcmd is set ...
gpio: pin 56 (gpio 56) value is 1
Running uenvcmd ...
cpsw Waiting for PHY auto negotiation to complete. done
link up on port 0, speed 100, full duplex
Using cpsw device
TFTP from server 192.168.255.126; our IP address is 192.168.255.1
Filename 'zImage'.
Load address: 0x81000000
Loading: *#################################################################
	 #################################################################
	 #################################################################
	 #################################################################
	 #################################################################
	 ############################################################
	 2.4 MiB/s
done
Bytes transferred = 5650328 (563798 hex)
link up on port 0, speed 100, full duplex
Using cpsw device
TFTP from server 192.168.255.126; our IP address is 192.168.255.1
Filename 'am335x-boneblack.dtb'.
Load address: 0x82000000
Loading: *#######
	 2.4 MiB/s
done
Bytes transferred = 98244 (17fc4 hex)
Kernel image @ 0x81000000 [ 0x000000 - 0x563798 ]
## Flattened Device Tree blob at 82000000
   Booting using the fdt blob at 0x82000000
   Using Device Tree in place at 82000000, end 8201afc3

Starting kernel ...

[    0.000000] Booting Linux on physical CPU 0x0
[    0.000000] Linux version 6.17.6-93353-gc85bcf5629ba (user01@drvtest01) (arm-none-eabi-gcc (Arm GNU Toolchain 14.2.Rel1 (Build arm-14.52)) 14.2.1 20241119, GNU ld (Arm GNU Toolchain 14.2.Rel1 (Build arm-14.52)) 2.43.1.20241119) #1 SMP Wed Oct 29 18:53:32 EET 2025
[    0.000000] CPU: ARMv7 Processor [413fc082] revision 2 (ARMv7), cr=10c5387d
[    0.000000] CPU: PIPT / VIPT nonaliasing data cache, VIPT aliasing instruction cache
[    0.000000] OF: fdt: Machine model: TI AM335x BeagleBone Black
[    0.000000] Memory policy: Data cache writeback
[    0.000000] cma: Reserved 16 MiB at 0x9e800000
[    0.000000] Zone ranges:
[    0.000000]   Normal   [mem 0x0000000080000000-0x000000009fdfffff]
[    0.000000]   HighMem  empty
[    0.000000] Movable zone start for each node
[    0.000000] Early memory node ranges
[    0.000000]   node   0: [mem 0x0000000080000000-0x000000009fdfffff]
[    0.000000] Initmem setup node 0 [mem 0x0000000080000000-0x000000009fdfffff]
[    0.000000] On node 0, zone Normal: 512 pages in unavailable ranges
[    0.000000] OF: reserved mem: Reserved memory: No reserved-memory node in the DT
[    0.000000] CPU: All CPU(s) started in SVC mode.
[    0.000000] AM335X ES2.1 (sgx neon)
[    0.000000] percpu: Embedded 17 pages/cpu s39820 r8192 d21620 u69632
[    0.000000] Kernel command line: console=ttyO0,115200n8 root=/dev/nfs rw nfsroot=192.168.255.126:/home/user01/nfs,nfsvers=3 ip=192.168.255.1:192.168.255.126::255.255.255.0:bbb1:eth0 nfsrootdebug
[    0.000000] Unknown kernel command line parameters "nfsrootdebug", will be passed to user space.
[    0.000000] printk: log buffer data + meta data: 65536 + 204800 = 270336 bytes
[    0.000000] Dentry cache hash table entries: 65536 (order: 6, 262144 bytes, linear)
[    0.000000] Inode-cache hash table entries: 32768 (order: 5, 131072 bytes, linear)
[    0.000000] Built 1 zonelists, mobility grouping on.  Total pages: 130560
[    0.000000] mem auto-init: stack:off, heap alloc:off, heap free:off
[    0.000000] SLUB: HWalign=16, Order=0-3, MinObjects=0, CPUs=1, Nodes=1
[    0.000000] rcu: Hierarchical RCU implementation.
[    0.000000] rcu: 	RCU event tracing is enabled.
[    0.000000] rcu: 	RCU restricting CPUs from NR_CPUS=2 to nr_cpu_ids=1.
[    0.000000] 	Tracing variant of Tasks RCU enabled.
[    0.000000] rcu: RCU calculated value of scheduler-enlistment delay is 10 jiffies.
[    0.000000] rcu: Adjusting geometry for rcu_fanout_leaf=16, nr_cpu_ids=1
[    0.000000] RCU Tasks Trace: Setting shift to 0 and lim to 1 rcu_task_cb_adjust=1 rcu_task_cpu_ids=1.
[    0.000000] NR_IRQS: 16, nr_irqs: 16, preallocated irqs: 16
[    0.000000] IRQ: Found an INTC at 0x(ptrval) (revision 5.0) with 128 interrupts
[    0.000000] rcu: srcu_init: Setting srcu_struct sizes based on contention.
[    0.000000] TI gptimer clocksource: always-on /ocp/interconnect@44c00000/segment@200000/target-module@31000
[    0.000002] sched_clock: 32 bits at 24MHz, resolution 41ns, wraps every 89478484971ns
[    0.000026] clocksource: dmtimer: mask: 0xffffffff max_cycles: 0xffffffff, max_idle_ns: 79635851949 ns
[    0.000520] TI gptimer clockevent: 24000000 Hz at /ocp/interconnect@48000000/segment@0/target-module@40000
[    0.002132] Console: colour dummy device 80x30
[    0.002201] WARNING: Your 'console=ttyO0' has been replaced by 'ttyS0'
[    0.002209] This ensures that you still see kernel messages. Please
[    0.002214] update your kernel commandline.
[    0.002258] Calibrating delay loop... 996.14 BogoMIPS (lpj=4980736)
[    0.090570] CPU: Testing write buffer coherency: ok
[    0.090682] CPU0: Spectre v2: using BPIALL workaround
[    0.090692] pid_max: default: 32768 minimum: 301
[    0.090855] LSM: initializing lsm=capability
[    0.091018] Mount-cache hash table entries: 1024 (order: 0, 4096 bytes, linear)
[    0.091035] Mountpoint-cache hash table entries: 1024 (order: 0, 4096 bytes, linear)
[    0.092614] CPU0: thread -1, cpu 0, socket -1, mpidr 0
[    0.092673] cacheinfo: Unable to detect cache hierarchy for CPU 0
[    0.094698] Setting up static identity map for 0x80100000 - 0x80100078
[    0.095045] rcu: Hierarchical SRCU implementation.
[    0.095058] rcu: 	Max phase no-delay instances is 1000.
[    0.096783] smp: Bringing up secondary CPUs ...
[    0.096838] smp: Brought up 1 node, 1 CPU
[    0.096851] SMP: Total of 1 processors activated (996.14 BogoMIPS).
[    0.096863] CPU: All CPU(s) started in SVC mode.
[    0.097065] Memory: 480856K/522240K available (11264K kernel code, 1219K rwdata, 2936K rodata, 1024K init, 253K bss, 23352K reserved, 16384K cma-reserved, 0K highmem)
[    0.097890] devtmpfs: initialized
[    0.114934] VFP support v0.3: implementor 41 architecture 3 part 30 variant c rev 3
[    0.115571] clocksource: jiffies: mask: 0xffffffff max_cycles: 0xffffffff, max_idle_ns: 19112604462750000 ns
[    0.115631] posixtimers hash table entries: 512 (order: 0, 4096 bytes, linear)
[    0.115658] futex hash table entries: 256 (16384 bytes on 1 NUMA nodes, total 16 KiB, linear).
[    0.116795] pinctrl core: initialized pinctrl subsystem
[    0.118949] NET: Registered PF_NETLINK/PF_ROUTE protocol family
[    0.122084] DMA: preallocated 256 KiB pool for atomic coherent allocations
[    0.122696] audit: initializing netlink subsys (disabled)
[    0.124032] thermal_sys: Registered thermal governor 'fair_share'
[    0.124047] thermal_sys: Registered thermal governor 'step_wise'
[    0.124056] thermal_sys: Registered thermal governor 'user_space'
[    0.124168] audit: type=2000 audit(0.120:1): state=initialized audit_enabled=0 res=1
[    0.124240] cpuidle: using governor menu
[    0.142190] /ocp/interconnect@44c00000/segment@200000/target-module@b000/i2c@0/tda19988@70: Fixed dependency cycle(s) with /ocp/interconnect@48000000/segment@300000/target-module@e000/lcdc@0
[    0.143312] /ocp/interconnect@48000000/segment@300000/target-module@e000/lcdc@0: Fixed dependency cycle(s) with /ocp/interconnect@44c00000/segment@200000/target-module@b000/i2c@0/tda19988@70
[    0.145539] No ATAGs?
[    0.145582] hw-breakpoint: debug architecture 0x4 unsupported.
[    0.148704] kprobes: kprobe jump-optimization is enabled. All kprobes are optimized if possible.
[    0.154478] iommu: Default domain type: Translated
[    0.154501] iommu: DMA domain TLB invalidation policy: strict mode
[    0.161677] SCSI subsystem initialized
[    0.162549] pps_core: LinuxPPS API ver. 1 registered
[    0.162559] pps_core: Software ver. 5.3.6 - Copyright 2005-2007 Rodolfo Giometti <giometti@linux.it>
[    0.162582] PTP clock support registered
[    0.171052] vgaarb: loaded
[    0.171429] clocksource: Switched to clocksource dmtimer
[    0.172115] VFS: Disk quotas dquot_6.6.0
[    0.172173] VFS: Dquot-cache hash table entries: 1024 (order 0, 4096 bytes)
[    0.197346] NET: Registered PF_INET protocol family
[    0.197697] IP idents hash table entries: 8192 (order: 4, 65536 bytes, linear)
[    0.199135] tcp_listen_portaddr_hash hash table entries: 512 (order: 0, 4096 bytes, linear)
[    0.199171] Table-perturb hash table entries: 65536 (order: 6, 262144 bytes, linear)
[    0.199191] TCP established hash table entries: 4096 (order: 2, 16384 bytes, linear)
[    0.199237] TCP bind hash table entries: 4096 (order: 4, 65536 bytes, linear)
[    0.199337] TCP: Hash tables configured (established 4096 bind 4096)
[    0.199454] UDP hash table entries: 256 (order: 1, 14336 bytes, linear)
[    0.199490] UDP-Lite hash table entries: 256 (order: 1, 14336 bytes, linear)
[    0.199690] NET: Registered PF_UNIX/PF_LOCAL protocol family
[    0.202760] RPC: Registered named UNIX socket transport module.
[    0.202782] RPC: Registered udp transport module.
[    0.202787] RPC: Registered tcp transport module.
[    0.202792] RPC: Registered tcp-with-tls transport module.
[    0.202797] RPC: Registered tcp NFSv4.1 backchannel transport module.
[    0.202823] PCI: CLS 0 bytes, default 64
[    0.204238] Initialise system trusted keyrings
[    0.212256] workingset: timestamp_bits=14 max_order=17 bucket_order=3
[    0.213698] NFS: Registering the id_resolver key type
[    0.213758] Key type id_resolver registered
[    0.213766] Key type id_legacy registered
[    0.213870] jffs2: version 2.2. (NAND) (SUMMARY)  Â© 2001-2006 Red Hat, Inc.
[    0.214340] Key type asymmetric registered
[    0.214354] Asymmetric key parser 'x509' registered
[    0.214427] io scheduler mq-deadline registered
[    0.214438] io scheduler kyber registered
[    0.214524] io scheduler bfq registered
[    0.216405] target-module@4b000000:target-module@140000:pmu@0:fck: device ID is greater than 24
[    0.222614] l3-aon-clkctrl:0000:0: failed to disable
[    0.231766] ledtrig-cpu: registered to indicate activity on CPUs
[    0.235543] Serial: 8250/16550 driver, 6 ports, IRQ sharing enabled
[    0.274842] brd: module loaded
[    0.292002] loop: module loaded
[    0.292941] mtdoops: mtd device (mtddev=name/number) must be supplied
[    0.296113] i2c_dev: i2c /dev entries driver
[    0.297111] cpuidle: enable-method property 'ti,am3352' found operations
[    0.297555] sdhci: Secure Digital Host Controller Interface driver
[    0.297565] sdhci: Copyright(c) Pierre Ossman
[    0.297752] sdhci-pltfm: SDHCI platform and OF driver helper
[    0.301948] hw perfevents: enabled with armv7_cortex_a8 PMU driver, 5 (8000000f) counters available
[    0.302482] Initializing XFRM netlink socket
[    0.302679] NET: Registered PF_INET6 protocol family
[    0.308325] l3-aon-clkctrl:0000:0: failed to disable
[    0.313136] Segment Routing with IPv6
[    0.313221] In-situ OAM (IOAM) with IPv6
[    0.313318] sit: IPv6, IPv4 and MPLS over IPv4 tunneling driver
[    0.314289] NET: Registered PF_PACKET protocol family
[    0.314315] NET: Registered PF_KEY protocol family
[    0.314431] Key type dns_resolver registered
[    0.314663] ThumbEE CPU extension supported.
[    0.314682] Registering SWP/SWPB emulation handler
[    0.315228] omap_voltage_late_init: Voltage driver support not added
[    0.315914] SmartReflex Class3 initialized
[    0.353502] Loading compiled-in X.509 certificates
[    0.389712] /ocp/interconnect@44c00000/segment@200000/target-module@b000/i2c@0/tda19988@70: Fixed dependency cycle(s) with /ocp/interconnect@48000000/segment@300000/target-module@e000/lcdc@0
[    0.396303] /ocp/interconnect@44c00000/segment@200000/target-module@b000/i2c@0/tda19988@70: Fixed dependency cycle(s) with /ocp/interconnect@48000000/segment@300000/target-module@e000/lcdc@0
[    0.438833] /ocp/interconnect@44c00000/segment@200000/target-module@b000/i2c@0/tda19988@70: Fixed dependency cycle(s) with /ocp/interconnect@48000000/segment@300000/target-module@e000/lcdc@0
[    0.439719] /ocp/interconnect@44c00000/segment@200000/target-module@b000/i2c@0/tda19988@70: Fixed dependency cycle(s) with /ocp/interconnect@48000000/segment@300000/target-module@e000/lcdc@0
[    0.443512] /ocp/interconnect@44c00000/segment@200000/target-module@10000/scm@0/pinmux@800: Fixed dependency cycle(s) with /ocp/interconnect@44c00000/segment@200000/target-module@10000/scm@0/pinmux@800/clkout2-pins
[    0.444111] pinctrl-single 44e10800.pinmux: 142 pins, size 568
[    0.449411] ti-sysc 44e31000.target-module: probe with driver ti-sysc failed with error -16
[    0.469070] /ocp/interconnect@48000000/segment@300000/target-module@e000/lcdc@0: Fixed dependency cycle(s) with /ocp/interconnect@44c00000/segment@200000/target-module@b000/i2c@0/tda19988@70
[    0.477402] ti-sysc 48040000.target-module: probe with driver ti-sysc failed with error -16
[    0.523603] OMAP GPIO hardware version 0.1
[    0.550024] omap_i2c 4819c000.i2c: bus 2 rev0.11 at 100 kHz
[    0.587240] 48000000.interconnect:segment@200000:target-module@0:mpu@0:fck: device ID is greater than 24
[    0.588158] /ocp/interconnect@48000000/segment@300000/target-module@e000/lcdc@0: Fixed dependency cycle(s) with /ocp/interconnect@44c00000/segment@200000/target-module@b000/i2c@0/tda19988@70
[    0.590977] /ocp/interconnect@48000000/segment@300000/target-module@e000/lcdc@0: Fixed dependency cycle(s) with /ocp/interconnect@44c00000/segment@200000/target-module@b000/i2c@0/tda19988@70
[    0.591899] /ocp/interconnect@44c00000/segment@200000/target-module@b000/i2c@0/tda19988@70: Fixed dependency cycle(s) with /ocp/interconnect@48000000/segment@300000/target-module@e000/lcdc@0
[    0.592083] /ocp/interconnect@48000000/segment@300000/target-module@e000/lcdc@0: Fixed dependency cycle(s) with /ocp/interconnect@44c00000/segment@200000/target-module@b000/i2c@0/tda19988@70
[    0.603541] sdhci-omap 481d8000.mmc: supply pbias not found, using dummy regulator
[    0.604029] sdhci-omap 481d8000.mmc: supply vqmmc not found, using dummy regulator
[    0.664444] davinci_mdio 4a101000.mdio: davinci mdio revision 1.6, bus freq 1000000
[    0.828878] davinci_mdio 4a101000.mdio: phy[0]: device 4a101000.mdio:00, driver SMSC LAN8710/LAN8720
[    0.829640] cpsw-switch 4a100000.switch: initialized cpsw ale version 1.4
[    0.829663] cpsw-switch 4a100000.switch: ALE Table size 1024, Policers 0
[    0.829832] cpsw-switch 4a100000.switch: cpts: overflow check period 500 (jiffies)
[    0.829849] cpsw-switch 4a100000.switch: CPTS: ref_clk_freq:250000000 calc_mult:2147483648 calc_shift:29 error:0 nsec/sec
[    0.829955] cpsw-switch 4a100000.switch: Detected MACID = 6c:ec:eb:68:de:78
[    0.831998] cpsw-switch 4a100000.switch: initialized (regs 0x4a100000, pool size 256) hw_ver:0019010C 1.12 (0)
[    0.843068] debugfs: '49000000.dma' already exists in 'dmaengine'
[    0.843111] edma 49000000.dma: TI EDMA DMA engine driver
[    0.910916] 44e09000.serial: ttyS0 at MMIO 0x44e09000 (irq = 34, base_baud = 3000000) is a 8250
[    0.911009] printk: legacy console [ttyS0] enabled
[    2.442412] tps65217-pmic: Failed to locate of_node [id: -1]
[    2.448483] tps65217-bl: Failed to locate of_node [id: -1]
[    2.454550] platform tps65217-charger: DMA mask not set
[    2.460581] platform tps65217-pwrbutton: DMA mask not set
[    2.467896] tps65217 0-0024: TPS65217 ID 0xe version 1.2
[    2.474035] /ocp/interconnect@48000000/segment@300000/target-module@e000/lcdc@0: Fixed dependency cycle(s) with /ocp/interconnect@44c00000/segment@200000/target-module@b000/i2c@0/tda19988@70
[    2.491435] /ocp/interconnect@44c00000/segment@200000/target-module@b000/i2c@0/tda19988@70: Fixed dependency cycle(s) with /ocp/interconnect@48000000/segment@300000/target-module@e000/lcdc@0
[    2.508802] omap_i2c 44e0b000.i2c: bus 0 rev0.11 at 400 kHz
[    2.516665] omap_gpio 44e07000.gpio: Could not set line 6 debounce to 200000 microseconds (-22)
[    2.525590] sdhci-omap 48060000.mmc: Got CD GPIO
[    2.530604] sdhci-omap 48060000.mmc: supply pbias not found, using dummy regulator
[    2.540620] sdhci-omap 48060000.mmc: supply vqmmc not found, using dummy regulator
[    2.549792] sdhci-omap 481d8000.mmc: supply pbias not found, using dummy regulator
[    2.559709] sdhci-omap 481d8000.mmc: supply vqmmc not found, using dummy regulator
[    2.595179] mmc0: SDHCI controller on 48060000.mmc [48060000.mmc] using External DMA
[    2.603506] mmc1: SDHCI controller on 481d8000.mmc [481d8000.mmc] using External DMA
[    2.612359] cpsw-switch 4a100000.switch: starting ndev. mode: dual_mac
[    2.687436] mmc1: new high speed MMC card at address 0001
[    2.694606] mmcblk1: mmc1:0001 MMC04G 3.60 GiB
[    2.701867] SMSC LAN8710/LAN8720 4a101000.mdio:00: attached PHY driver (mii_bus:phy_addr=4a101000.mdio:00, irq=POLL)
[    2.712774]  mmcblk1: p1 p2
[    2.717108] mmcblk1boot0: mmc1:0001 MMC04G 2.00 MiB
[    2.731903] mmcblk1boot1: mmc1:0001 MMC04G 2.00 MiB
[    2.740846] mmcblk1rpmb: mmc1:0001 MMC04G 128 KiB, chardev (249:0)
[    2.784953] mmc0: new high speed SDHC card at address aaaa
[    2.791876] mmcblk0: mmc0:aaaa SE32G 29.7 GiB
[    2.800946]  mmcblk0: p1 p2
[    5.842209] cpsw-switch 4a100000.switch eth0: Link is Up - 100Mbps/Full - flow control off
[    5.881687] IP-Config: Complete:
[    5.884965]      device=eth0, hwaddr=6c:ec:eb:68:de:78, ipaddr=192.168.255.1, mask=255.255.255.0, gw=255.255.255.255
[    5.895639]      host=bbb1, domain=, nis-domain=(none)
[    5.900809]      bootserver=192.168.255.126, rootserver=192.168.255.126, rootpath=
[    5.901233] clk: Disabling unused clocks
[    5.913080] PM: genpd: Disabling unused power domains
[    5.918226] KTAP version 1
[    5.920949] 1..0
[    5.923435] check access for rdinit=/init failed: -2, ignoring
[    5.951356] VFS: Mounted root (nfs filesystem) on device 0:17.
[    5.958386] devtmpfs: mounted
[    5.963224] Freeing unused kernel image (initmem) memory: 1024K
[    5.969834] Run /sbin/init as init process
[    6.658825] systemd[1]: System time before build time, advancing clock.
[    8.181457] random: crng init done
[    8.194200] systemd[1]: systemd 232 running in system mode. (+PAM +AUDIT +SELINUX +IMA +APPARMOR +SMACK +SYSVINIT +UTMP +LIBCRYPTSETUP +GCRYPT +GNUTLS +ACL +XZ +LZ4 +SECCOMP +BLKID +ELFUTILS +KMOD +IDN)
[    8.213373] systemd[1]: Detected architecture arm.

Welcome to [1mDebian GNU/Linux 9 (stretch)[0m!

[    8.244547] systemd[1]: Set hostname to <arm>.
[    9.380898] systemd[1]: Listening on /dev/initctl Compatibility Named Pipe.
[[0;32m  OK  [0m] Listening on /dev/initctl Compatibility Named Pipe.
[    9.412480] systemd[1]: Listening on Journal Audit Socket.
[[0;32m  OK  [0m] Listening on Journal Audit Socket.
[    9.442191] systemd[1]: Listening on udev Kernel Socket.
[[0;32m  OK  [0m] Listening on udev Kernel Socket.
[    9.471817] systemd[1]: Reached target Swap.
[[0;32m  OK  [0m] Reached target Swap.
[    9.493287] systemd[1]: systemd-journald.socket: SO_PASSSEC failed: Operation not supported
[    9.502222] systemd[1]: systemd-journald.socket: SO_PASSSEC failed: Operation not supported
[    9.510800] systemd[1]: Listening on Journal Socket.
[[0;32m  OK  [0m] Listening on Journal Socket.
[[0;32m  OK  [0m] Listening on udev Control Socket.
[[0;32m  OK  [0m] Created slice System Slice.
         Starting Load Kernel Modules...
         Mounting POSIX Message Queue File System...
[[0;32m  OK  [0m] Created slice system-getty.slice.
[[0;32m  OK  [0m] Reached target Remote File Systems.
[[0;32m  OK  [0m] Set up automount Arbitrary Executabâ€¦rmats File System Automount Point.
[[0;32m  OK  [0m] Started Dispatch Password Requests to Console Directory Watch.
[[0;32m  OK  [0m] Listening on Journal Socket (/dev/log).
         Mounting Debug File System...
[[0;32m  OK  [0m] Listening on Syslog Socket.
         Starting Journal Service...
[[0;32m  OK  [0m] Started Forward Password Requests to Wall Directory Watch.
[[0;32m  OK  [0m] Reached target Paths.
[[0;32m  OK  [0m] Reached target Encrypted Volumes.
[[0;32m  OK  [0m] Created slice User and Session Slice.
[[0;32m  OK  [0m] Reached target Slices.
         Starting Remount Root and Kernel File Systems...
[[0;32m  OK  [0m] Created slice system-serial\x2dgetty.slice.
         Starting Create list of required stâ€¦ce nodes for the current kernel...
[[0;32m  OK  [0m] Mounted POSIX Message Queue File System.
[[0;32m  OK  [0m] Mounted Debug File System.
[[0;32m  OK  [0m] Started Load Kernel Modules.
         Mounting Configuration File System...
         Starting Apply Kernel Variables...
[[0;32m  OK  [0m] Started Remount Root and Kernel File Systems.
[[0;32m  OK  [0m] Started Create list of required staâ€¦vice nodes for the current kernel.
         Starting Create Static Device Nodes in /dev...
         Starting udev Coldplug all Devices...
         Starting Load/Save Random Seed...
[[0;32m  OK  [0m] Mounted Configuration File System.
[[0;32m  OK  [0m] Started Apply Kernel Variables.
[[0;32m  OK  [0m] Started Load/Save Random Seed.
[[0;32m  OK  [0m] Started Create Static Device Nodes in /dev.
         Starting udev Kernel Device Manager...
[[0;32m  OK  [0m] Reached target Local File Systems (Pre).
[[0;32m  OK  [0m] Reached target Local File Systems.
         Starting Raise network interfaces...
[[0;32m  OK  [0m] Started Journal Service.
         Starting Flush Journal to Persistent Storage...
[   11.697030] systemd-journald[86]: Received request to flush runtime journal from PID 1
[[0;32m  OK  [0m] Started Flush Journal to Persistent Storage.
         Starting Create Volatile Files and Directories...
[[0;32m  OK  [0m] Started udev Kernel Device Manager.
[   12.642072] omap_prm 44e00d00.prm: sync_state() pending due to 44d00000.cpu
[[0;32m  OK  [0m] Started Create Volatile Files and Directories.
         Starting Update UTMP about System Boot/Shutdown...
         Starting Network Time Synchronization...
[[0;32m  OK  [0m] Started Update UTMP about System Boot/Shutdown.
[[0;32m  OK  [0m] Started udev Coldplug all Devices.
[[0;32m  OK  [0m] Started Network Time Synchronization.
[[0;32m  OK  [0m] Reached target System Time Synchronized.
[[0;32m  OK  [0m] Reached target System Initialization.
[[0;32m  OK  [0m] Listening on D-Bus System Message Bus Socket.
[[0;32m  OK  [0m] Listening on Avahi mDNS/DNS-SD Stack Activation Socket.
[[0;32m  OK  [0m] Reached target Sockets.
[[0;32m  OK  [0m] Reached target Basic System.
[   14.956198] remoteproc remoteproc0: wkup_m3 is available
         Starting Cape Manager Service...
[[0;32m  OK  [0m] Started Regular background program processing daemon.
[   15.301077] omap_rtc 44e3e000.rtc: registered as rtc0
[   15.306689] omap_rtc 44e3e000.rtc: setting system clock to 2000-01-01T00:00:00 UTC (946684800)
[   15.345314] omap_wdt: OMAP Watchdog Timer Rev 0x01: initial timeout 60 sec
[   15.401187] at24 2-0054: supply vcc not found, using dummy regulator
         Starting DUN service...
[   15.555162] at24 2-0055: supply vcc not found, using dummy regulator
         Starting Generic Board Startup...
[   15.736001] at24 2-0056: supply vcc not found, using dummy regulator
         Starting System Logging Service...
[   15.858352] at24 2-0057: supply vcc not found, using dummy regulator
         Starting Login Service...
[[0;32m  OK  [0m] Started D-Bus System Message Bus.
[   16.019743] at24 0-0050: 32768 byte 24c256 EEPROM, writable, 1 bytes/write
[   16.320335] input: tps65217_pwrbutton as /devices/platform/ocp/44c00000.interconnect/44c00000.interconnect:segment@200000/44e0b000.target-module/44e0b000.i2c/i2c-0/0-0024/tps65217-pwrbutton/input/input0
[   16.772608] am335x-phy-driver 47401300.usb-phy: dummy supplies not allowed for exclusive requests (id=vbus)
[   16.919769] am335x-phy-driver 47401b00.usb-phy: dummy supplies not allowed for exclusive requests (id=vbus)
[   17.157069] usbcore: registered new interface driver usbfs
[   17.162951] usbcore: registered new interface driver hub
[   17.168396] usbcore: registered new device driver usb
[   18.076377] musb-hdrc musb-hdrc.1: MUSB HDRC host driver
[   18.081969] musb-hdrc musb-hdrc.1: new USB bus registered, assigned bus number 1
[   18.144351] tda998x 0-0070: found TDA19988
[   18.292421] usb usb1: New USB device found, idVendor=1d6b, idProduct=0002, bcdDevice= 6.17
[   18.301060] usb usb1: New USB device strings: Mfr=3, Product=2, SerialNumber=1
[   18.308465] usb usb1: Product: MUSB HDRC host driver
[   18.313512] usb usb1: Manufacturer: Linux 6.17.6-93353-gc85bcf5629ba musb-hcd
[   18.320688] usb usb1: SerialNumber: musb-hdrc.1
[   18.659320] omap-mailbox 480c8000.mailbox: omap mailbox rev 0x400
[   18.689091] hub 1-0:1.0: USB hub found
[   18.705799] remoteproc remoteproc0: powering up wkup_m3
[   18.732138] hub 1-0:1.0: 1 port detected
[   18.819060] remoteproc remoteproc0: Direct firmware load for am335x-pm-firmware.elf failed with error -2
[   18.828945] remoteproc remoteproc0: request_firmware failed: -2
[   18.834991] wkup_m3_ipc 44e11324.wkup_m3_ipc: rproc_boot failed
[   21.024149] tilcdc 4830e000.lcdc: bound 0-0070 (ops tda998x_audio_codec_init [tda998x])
[[0;32m  OK  [0m] Started DUN service.
[   21.168220] [drm] Initialized tilcdc 1.0.0 for 4830e000.lcdc on minor 0
         Starting Connection service...[   21.247162] omap_rng 48310000.rng: Random Number Generator ver. 20

[   21.283304] tilcdc 4830e000.lcdc: [drm] Cannot find any crtc or sizes
[   21.343687] tilcdc 4830e000.lcdc: [drm] Cannot find any crtc or sizes
         Starting LSB: Load kernel modules needed to enable cpufreq scaling...
         Starting Avahi mDNS/DNS-SD Stack...
         Starting Telephony service...
[[0;32m  OK  [0m] Started Daily Cleanup of Temporary Directories.
         Starting LSB: Start busybox udhcpd at boot time...
[[0;32m  OK  [0m] Started Daily apt download activities.
[[0;32m  OK  [0m] Started Daily apt upgrade and clean activities.
[[0;32m  OK  [0m] Reached target Timers.
[[0;32m  OK  [0m] Started System Logging Service.
[[0;32m  OK  [0m] Started Cape Manager Service.
[   22.615215] omap-sham 53100000.sham: hw accel on OMAP rev 4.3
[   22.687454] PM: Cannot get wkup_m3_ipc handle
[[0;32m  OK  [0m] Found device /dev/ttyS0.
[   22.767056] omap-sham 53100000.sham: will run requests pump with realtime priority
[   22.777269] PM: Cannot get wkup_m3_ipc handle
[   23.165220] omap-aes 53500000.aes: OMAP AES hw accel rev: 3.2
[   23.277984] omap-aes 53500000.aes: will run requests pump with realtime priority
[   23.287872] PM: Cannot get wkup_m3_ipc handle
[   24.871879] ------------[ cut here ]------------
[   24.876583] WARNING: CPU: 0 PID: 315 at net/8021q/vlan_core.c:236 vlan_for_each+0x114/0x134
[   24.885114] RTNL: assertion failed at net/8021q/vlan_core.c (236)
[   24.891242] Modules linked in: ecdh_generic ecc omap_aes_driver snd_soc_simple_card omap_crypto snd_soc_simple_card_utils libaes pm33xx omap_sham crypto_engine ti_emif_sram omap_rng rng_core tilcdc drm_dma_helper drm_client_lib snd_soc_davinci_mcasp snd_soc_ti_udma snd_soc_ti_edma snd_soc_ti_sdma snd_soc_core snd_pcm_dmaengine snd_pcm omap_mailbox snd_timer snd soundcore musb_dsps tda998x musb_hdrc cec udc_core drm_kms_helper usbcore phy_am335x drm phy_generic wkup_m3_ipc usb_common tps65218_pwrbutton phy_am335x_control drm_panel_orientation_quirks at24 omap_wdt rtc_omap watchdog cppi41 wkup_m3_rproc leds_gpio led_class cpufreq_dt autofs4
[   24.948454] CPU: 0 UID: 107 PID: 315 Comm: avahi-daemon Not tainted 6.17.6-93353-gc85bcf5629ba #1 NONE 
[   24.948473] Hardware name: Generic AM33XX (Flattened Device Tree)
[   24.948483] Call trace: 
[   24.948498]  unwind_backtrace from show_stack+0x10/0x14
[   24.948535]  show_stack from dump_stack_lvl+0x50/0x64
[   24.948562]  dump_stack_lvl from __warn+0x74/0x12c
[   24.948580]  __warn from warn_slowpath_fmt+0x19c/0x1b0
[   24.948592]  warn_slowpath_fmt from vlan_for_each+0x114/0x134
[   24.948614]  vlan_for_each from cpsw_add_mc_addr+0x40/0xa4
[   24.948645]  cpsw_add_mc_addr from __hw_addr_ref_sync_dev+0x108/0x140
[   24.948681]  __hw_addr_ref_sync_dev from __dev_mc_add+0x7c/0x80
[   24.948700]  __dev_mc_add from igmp6_group_added+0xc8/0xe0
[   24.948726]  igmp6_group_added from __ipv6_dev_mc_inc+0x218/0x364
[   24.948746]  __ipv6_dev_mc_inc from __ipv6_sock_mc_join+0x11c/0x1c0
[   24.948766]  __ipv6_sock_mc_join from do_ipv6_setsockopt+0x1214/0x1310
[   24.948785]  do_ipv6_setsockopt from ipv6_setsockopt+0x60/0xcc
[   24.948797]  ipv6_setsockopt from udpv6_setsockopt+0x2c/0x6c
[   24.948811]  udpv6_setsockopt from sock_common_setsockopt+0x30/0x40
[   24.948829]  sock_common_setsockopt from do_sock_setsockopt+0x50/0x9c
[   24.948853]  do_sock_setsockopt from __sys_setsockopt+0x70/0xbc
[   24.948877]  __sys_setsockopt from ret_fast_syscall+0x0/0x58
[   24.948895] Exception stack(0xe02f9fa8 to 0xe02f9ff0)
[   24.948909] 9fa0:                   00000014 b6f66ce8 0000000d 00000029 00000014 beea69ec
[   24.948921] 9fc0: 00000014 b6f66ce8 00000014 00000126 0000000d b6f0fff4 004fe988 004e6558
[   24.948930] 9fe0: b6f25088 beea69d8 b6f02309 b6dd941a
[   24.948937] ---[ end trace 0000000000000000 ]---
[   25.275511] Bluetooth: Core ver 2.22
[   25.279319] NET: Registered PF_BLUETOOTH protocol family
[   25.284865] Bluetooth: HCI device and connection manager initialized
[   25.291284] Bluetooth: HCI socket layer initialized
[   25.296254] Bluetooth: L2CAP socket layer initialized
[   25.301370] Bluetooth: SCO socket layer initialized
[   26.243859] PM: Cannot get wkup_m3_ipc handle
[   26.261323] gpio-537 (nxp,calib): gpiod_direction_output_nonotify: tried to set a GPIO tied to an IRQ as output
[   26.372859] PM: Cannot get wkup_m3_ipc handle
[   26.527619] tda9950 0-0034: TDA9950 CEC interface, hardware version 3.3
[   26.650849] PM: Cannot get wkup_m3_ipc handle
[[0;32m  OK  [0m] Started LSB: Start busybox udhcpd at boot time.
[   29.066749] configfs-gadget.g_multi gadget.0: HOST MAC 1c:ba:8c:a2:ed:6c
[   29.073789] configfs-gadget.g_multi gadget.0: MAC 1c:ba:8c:a2:ed:70
[   29.081170] configfs-gadget.g_multi gadget.0: HOST MAC 1c:ba:8c:a2:ed:6c
[   29.088067] configfs-gadget.g_multi gadget.0: MAC 1c:ba:8c:a2:ed:6d
[   29.102536] PM: Cannot get wkup_m3_ipc handle
[[0;32m  OK  [0m] Started Raise network interfaces.
[[0;32m  OK  [0m] Started LSB: Load kernel modules needed to enable cpufreq scaling.
[[0;32m  OK  [0m] Started Telephony service.
[[0;32m  OK  [0m] Started Avahi mDNS/DNS-SD Stack.
[[0;32m  OK  [0m] Started Connection service.
[[0;32m  OK  [0m] Started Login Service.
         Starting Hostname Service...
         Starting WPA supplicant...
[[0;32m  OK  [0m] Reached target Sound Card.
         Starting LSB: set CPUFreq kernel parameters...
[[0;32m  OK  [0m] Started Hostname Service.
[[0;32m  OK  [0m] Started WPA supplicant.
         Stopping LSB: Start busybox udhcpd at boot time...
[[0;32m  OK  [0m] Reached target Network.
         Starting OpenBSD Secure Shell server...
         Starting Permit User Sessions...
         Starting The Apache HTTP Server...
[[0;32m  OK  [0m] Reached target Network is Online.
         Starting LSB: Advanced IEEE 802.11 management daemon...
[[0;32m  OK  [0m] Started LSB: set CPUFreq kernel parameters.
[[0;32m  OK  [0m] Started LSB: Advanced IEEE 802.11 management daemon.
[[0;32m  OK  [0m] Started Permit User Sessions.
[[0;32m  OK  [0m] Started Getty on tty1.
[[0;32m  OK  [0m] Started Serial Getty on ttyS0.
[[0;32m  OK  [0m] Reached target Login Prompts.
[[0;32m  OK  [0m] Stopped LSB: Start busybox udhcpd at boot time.
[[0;32m  OK  [0m] Started OpenBSD Secure Shell server.
         Starting dnsmasq - A lightweight DHCP and caching DNS server...
[[0;32m  OK  [0m] Started The Apache HTTP Server.
[[0;32m  OK  [0m] Started dnsmasq - A lightweight DHCP and caching DNS server.
[[0;32m  OK  [0m] Reached target Host and Network Name Lookups.
[[0;32m  OK  [0m] Started Serial Getty on ttyGS0.
[[0;32m  OK  [0m] Started Generic Board Startup.
[[0;32m  OK  [0m] Reached target Multi-User System.
[[0;32m  OK  [0m] Reached target Graphical Interface.
         Starting Update UTMP about System Runlevel Changes...
[[0;32m  OK  [0m] Started Update UTMP about System Runlevel Changes.

Debian GNU/Linux 9 arm ttyS0

default username:password is [debian:temppwd]

arm login: root
Password: 
Last login: Sat Jan  1 00:00:32 UTC 2000 on ttyS0
root
Linux arm 6.17.6-93353-gc85bcf5629ba #1 SMP Wed Oct 29 18:53:32 EET 2025 armv7l

The programs included with the Debian GNU/Linux system are free software;
the exact distribution terms for each program are described in the
individual files in /usr/share/doc/*/copyright.

Debian GNU/Linux comes with ABSOLUTELY NO WARRANTY, to the extent
permitted by applicable law.
root@arm:~# root
dmesg -n 1
-bash: root: command not found
root@arm:~# dmesg -n 1
root@arm:~# echo 'TXWA''XAJMPH'
TXWAXAJMPH
root@arm:~# run() { echo -n "$MARKER"; sh -c "$@"; echo "$MARKER $?"; }
root@arm:~# echo 'HCUN''BEMSTK'
HCUNBEMSTK
root@arm:~# MARKER='GWXX''XQGOZU' run 'cat /proc/version'
GWXXXQGOZULinux version 6.17.6-93353-gc85bcf5629ba (user01@drvtest01) (arm-none-eabi-gcc (Arm GNU Toolchain 14.2.Rel1 (Build arm-14.52)) 14.2.1 20241119, GNU ld (Arm GNU Toolchain 14.2.Rel1 (Build arm-14.52)) 2.43.1.20241119) #1 SMP Wed Oct 29 18:53:32 EET 2025
GWXXXQGOZU 0
root@arm:~# echo 'BYGP''ACJPGW'
BYGPACJPGW
root@arm:~# MARKER='CBXM''WHFKXX' run false
CBXMWHFKXXCBXMWHFKXX 1
root@arm:~# Labgrid Console Logfile for main
Logfile started at 2025-10-29 18:56:21.428705
=== Log starts here ===

root@arm:~# run() { echo -n "$MARKER"; sh -c "$@"; echo "$MARKER $?"; }
root@arm:~# echo 'CQXN''QFSKXU'
CQXNQFSKXU
root@arm:~# MARKER='ZMKE''NNZFPZ' run 'ls /iio_generic_buffer; echo $?'
ZMKENNZFPZ/iio_generic_buffer
0
ZMKENNZFPZ 0
root@arm:~# Labgrid Console Logfile for main
Logfile started at 2025-10-29 18:56:24.799516
=== Log starts here ===

root@arm:~# run() { echo -n "$MARKER"; sh -c "$@"; echo "$MARKER $?"; }
root@arm:~# echo 'KCYH''VMUUAV'
KCYHVMUUAV
root@arm:~# MARKER='YPGC''JEGBJU' run dmesg
YPGCJEGBJU[    0.000000] Booting Linux on physical CPU 0x0
[    0.000000] Linux version 6.17.6-93353-gc85bcf5629ba (user01@drvtest01) (arm-none-eabi-gcc (Arm GNU Toolchain 14.2.Rel1 (Build arm-14.52)) 14.2.1 20241119, GNU ld (Arm GNU Toolchain 14.2.Rel1 (Build arm-14.52)) 2.43.1.20241119) #1 SMP Wed Oct 29 18:53:32 EET 2025
[    0.000000] CPU: ARMv7 Processor [413fc082] revision 2 (ARMv7), cr=10c5387d
[    0.000000] CPU: PIPT / VIPT nonaliasing data cache, VIPT aliasing instruction cache
[    0.000000] OF: fdt: Machine model: TI AM335x BeagleBone Black
[    0.000000] Memory policy: Data cache writeback
[    0.000000] cma: Reserved 16 MiB at 0x9e800000
[    0.000000] Zone ranges:
[    0.000000]   Normal   [mem 0x0000000080000000-0x000000009fdfffff]
[    0.000000]   HighMem  empty
[    0.000000] Movable zone start for each node
[    0.000000] Early memory node ranges
[    0.000000]   node   0: [mem 0x0000000080000000-0x000000009fdfffff]
[    0.000000] Initmem setup node 0 [mem 0x0000000080000000-0x000000009fdfffff]
[    0.000000] On node 0, zone Normal: 512 pages in unavailable ranges
[    0.000000] OF: reserved mem: Reserved memory: No reserved-memory node in the DT
[    0.000000] CPU: All CPU(s) started in SVC mode.
[    0.000000] AM335X ES2.1 (sgx neon)
[    0.000000] percpu: Embedded 17 pages/cpu s39820 r8192 d21620 u69632
[    0.000000] pcpu-alloc: s39820 r8192 d21620 u69632 alloc=17*4096
[    0.000000] pcpu-alloc: [0] 0 
[    0.000000] Kernel command line: console=ttyO0,115200n8 root=/dev/nfs rw nfsroot=192.168.255.126:/home/user01/nfs,nfsvers=3 ip=192.168.255.1:192.168.255.126::255.255.255.0:bbb1:eth0 nfsrootdebug
[    0.000000] Unknown kernel command line parameters "nfsrootdebug", will be passed to user space.
[    0.000000] printk: log buffer data + meta data: 65536 + 204800 = 270336 bytes
[    0.000000] Dentry cache hash table entries: 65536 (order: 6, 262144 bytes, linear)
[    0.000000] Inode-cache hash table entries: 32768 (order: 5, 131072 bytes, linear)
[    0.000000] Built 1 zonelists, mobility grouping on.  Total pages: 130560
[    0.000000] mem auto-init: stack:off, heap alloc:off, heap free:off
[    0.000000] SLUB: HWalign=16, Order=0-3, MinObjects=0, CPUs=1, Nodes=1
[    0.000000] rcu: Hierarchical RCU implementation.
[    0.000000] rcu: 	RCU event tracing is enabled.
[    0.000000] rcu: 	RCU restricting CPUs from NR_CPUS=2 to nr_cpu_ids=1.
[    0.000000] 	Tracing variant of Tasks RCU enabled.
[    0.000000] rcu: RCU calculated value of scheduler-enlistment delay is 10 jiffies.
[    0.000000] rcu: Adjusting geometry for rcu_fanout_leaf=16, nr_cpu_ids=1
[    0.000000] RCU Tasks Trace: Setting shift to 0 and lim to 1 rcu_task_cb_adjust=1 rcu_task_cpu_ids=1.
[    0.000000] NR_IRQS: 16, nr_irqs: 16, preallocated irqs: 16
[    0.000000] IRQ: Found an INTC at 0x(ptrval) (revision 5.0) with 128 interrupts
[    0.000000] rcu: srcu_init: Setting srcu_struct sizes based on contention.
[    0.000000] TI gptimer clocksource: always-on /ocp/interconnect@44c00000/segment@200000/target-module@31000
[    0.000002] sched_clock: 32 bits at 24MHz, resolution 41ns, wraps every 89478484971ns
[    0.000026] clocksource: dmtimer: mask: 0xffffffff max_cycles: 0xffffffff, max_idle_ns: 79635851949 ns
[    0.000520] TI gptimer clockevent: 24000000 Hz at /ocp/interconnect@48000000/segment@0/target-module@40000
[    0.002132] Console: colour dummy device 80x30
[    0.002201] WARNING: Your 'console=ttyO0' has been replaced by 'ttyS0'
[    0.002209] This ensures that you still see kernel messages. Please
[    0.002214] update your kernel commandline.
[    0.002258] Calibrating delay loop... 996.14 BogoMIPS (lpj=4980736)
[    0.090570] CPU: Testing write buffer coherency: ok
[    0.090682] CPU0: Spectre v2: using BPIALL workaround
[    0.090692] pid_max: default: 32768 minimum: 301
[    0.090855] LSM: initializing lsm=capability
[    0.091018] Mount-cache hash table entries: 1024 (order: 0, 4096 bytes, linear)
[    0.091035] Mountpoint-cache hash table entries: 1024 (order: 0, 4096 bytes, linear)
[    0.092614] CPU0: thread -1, cpu 0, socket -1, mpidr 0
[    0.092673] cacheinfo: Unable to detect cache hierarchy for CPU 0
[    0.094698] Setting up static identity map for 0x80100000 - 0x80100078
[    0.095045] rcu: Hierarchical SRCU implementation.
[    0.095058] rcu: 	Max phase no-delay instances is 1000.
[    0.096783] smp: Bringing up secondary CPUs ...
[    0.096838] smp: Brought up 1 node, 1 CPU
[    0.096851] SMP: Total of 1 processors activated (996.14 BogoMIPS).
[    0.096863] CPU: All CPU(s) started in SVC mode.
[    0.097065] Memory: 480856K/522240K available (11264K kernel code, 1219K rwdata, 2936K rodata, 1024K init, 253K bss, 23352K reserved, 16384K cma-reserved, 0K highmem)
[    0.097890] devtmpfs: initialized
[    0.114934] VFP support v0.3: implementor 41 architecture 3 part 30 variant c rev 3
[    0.115571] clocksource: jiffies: mask: 0xffffffff max_cycles: 0xffffffff, max_idle_ns: 19112604462750000 ns
[    0.115631] posixtimers hash table entries: 512 (order: 0, 4096 bytes, linear)
[    0.115658] futex hash table entries: 256 (16384 bytes on 1 NUMA nodes, total 16 KiB, linear).
[    0.116795] pinctrl core: initialized pinctrl subsystem
[    0.118949] NET: Registered PF_NETLINK/PF_ROUTE protocol family
[    0.122084] DMA: preallocated 256 KiB pool for atomic coherent allocations
[    0.122696] audit: initializing netlink subsys (disabled)
[    0.124032] thermal_sys: Registered thermal governor 'fair_share'
[    0.124047] thermal_sys: Registered thermal governor 'step_wise'
[    0.124056] thermal_sys: Registered thermal governor 'user_space'
[    0.124168] audit: type=2000 audit(0.120:1): state=initialized audit_enabled=0 res=1
[    0.124240] cpuidle: using governor menu
[    0.142190] /ocp/interconnect@44c00000/segment@200000/target-module@b000/i2c@0/tda19988@70: Fixed dependency cycle(s) with /ocp/interconnect@48000000/segment@300000/target-module@e000/lcdc@0
[    0.143312] /ocp/interconnect@48000000/segment@300000/target-module@e000/lcdc@0: Fixed dependency cycle(s) with /ocp/interconnect@44c00000/segment@200000/target-module@b000/i2c@0/tda19988@70
[    0.145539] No ATAGs?
[    0.145582] hw-breakpoint: debug architecture 0x4 unsupported.
[    0.148704] kprobes: kprobe jump-optimization is enabled. All kprobes are optimized if possible.
[    0.154478] iommu: Default domain type: Translated
[    0.154501] iommu: DMA domain TLB invalidation policy: strict mode
[    0.156067] reg-fixed-voltage fixedregulator0: using DT '/fixedregulator0' for '(default)' GPIO lookup
[    0.156122] of_get_named_gpiod_flags: can't parse 'gpios' property of node '/fixedregulator0[0]'
[    0.156151] of_get_named_gpiod_flags: can't parse 'gpio' property of node '/fixedregulator0[0]'
[    0.156169] reg-fixed-voltage fixedregulator0: using lookup tables for GPIO lookup
[    0.156180] reg-fixed-voltage fixedregulator0: No GPIO consumer (default) found
[    0.161677] SCSI subsystem initialized
[    0.162157] libata version 3.00 loaded.
[    0.162549] pps_core: LinuxPPS API ver. 1 registered
[    0.162559] pps_core: Software ver. 5.3.6 - Copyright 2005-2007 Rodolfo Giometti <giometti@linux.it>
[    0.162582] PTP clock support registered
[    0.171052] vgaarb: loaded
[    0.171429] clocksource: Switched to clocksource dmtimer
[    0.172115] VFS: Disk quotas dquot_6.6.0
[    0.172173] VFS: Dquot-cache hash table entries: 1024 (order 0, 4096 bytes)
[    0.197346] NET: Registered PF_INET protocol family
[    0.197697] IP idents hash table entries: 8192 (order: 4, 65536 bytes, linear)
[    0.199135] tcp_listen_portaddr_hash hash table entries: 512 (order: 0, 4096 bytes, linear)
[    0.199171] Table-perturb hash table entries: 65536 (order: 6, 262144 bytes, linear)
[    0.199191] TCP established hash table entries: 4096 (order: 2, 16384 bytes, linear)
[    0.199237] TCP bind hash table entries: 4096 (order: 4, 65536 bytes, linear)
[    0.199337] TCP: Hash tables configured (established 4096 bind 4096)
[    0.199454] UDP hash table entries: 256 (order: 1, 14336 bytes, linear)
[    0.199490] UDP-Lite hash table entries: 256 (order: 1, 14336 bytes, linear)
[    0.199690] NET: Registered PF_UNIX/PF_LOCAL protocol family
[    0.202760] RPC: Registered named UNIX socket transport module.
[    0.202782] RPC: Registered udp transport module.
[    0.202787] RPC: Registered tcp transport module.
[    0.202792] RPC: Registered tcp-with-tls transport module.
[    0.202797] RPC: Registered tcp NFSv4.1 backchannel transport module.
[    0.202823] PCI: CLS 0 bytes, default 64
[    0.204238] Initialise system trusted keyrings
[    0.212256] workingset: timestamp_bits=14 max_order=17 bucket_order=3
[    0.213698] NFS: Registering the id_resolver key type
[    0.213758] Key type id_resolver registered
[    0.213766] Key type id_legacy registered
[    0.213870] jffs2: version 2.2. (NAND) (SUMMARY)  Â© 2001-2006 Red Hat, Inc.
[    0.214340] Key type asymmetric registered
[    0.214354] Asymmetric key parser 'x509' registered
[    0.214427] io scheduler mq-deadline registered
[    0.214438] io scheduler kyber registered
[    0.214524] io scheduler bfq registered
[    0.216405] target-module@4b000000:target-module@140000:pmu@0:fck: device ID is greater than 24
[    0.222614] l3-aon-clkctrl:0000:0: failed to disable
[    0.231766] ledtrig-cpu: registered to indicate activity on CPUs
[    0.235543] Serial: 8250/16550 driver, 6 ports, IRQ sharing enabled
[    0.274842] brd: module loaded
[    0.292002] loop: module loaded
[    0.292941] mtdoops: mtd device (mtddev=name/number) must be supplied
[    0.294671] mdio_bus fixed-0: using lookup tables for GPIO lookup
[    0.294696] mdio_bus fixed-0: No GPIO consumer reset found
[    0.296113] i2c_dev: i2c /dev entries driver
[    0.297111] cpuidle: enable-method property 'ti,am3352' found operations
[    0.297555] sdhci: Secure Digital Host Controller Interface driver
[    0.297565] sdhci: Copyright(c) Pierre Ossman
[    0.297752] sdhci-pltfm: SDHCI platform and OF driver helper
[    0.301948] hw perfevents: enabled with armv7_cortex_a8 PMU driver, 5 (8000000f) counters available
[    0.302482] Initializing XFRM netlink socket
[    0.302679] NET: Registered PF_INET6 protocol family
[    0.308325] l3-aon-clkctrl:0000:0: failed to disable
[    0.313136] Segment Routing with IPv6
[    0.313221] In-situ OAM (IOAM) with IPv6
[    0.313318] sit: IPv6, IPv4 and MPLS over IPv4 tunneling driver
[    0.314289] NET: Registered PF_PACKET protocol family
[    0.314315] NET: Registered PF_KEY protocol family
[    0.314431] Key type dns_resolver registered
[    0.314663] ThumbEE CPU extension supported.
[    0.314682] Registering SWP/SWPB emulation handler
[    0.315228] omap_voltage_late_init: Voltage driver support not added
[    0.315914] SmartReflex Class3 initialized
[    0.353502] Loading compiled-in X.509 certificates
[    0.389712] /ocp/interconnect@44c00000/segment@200000/target-module@b000/i2c@0/tda19988@70: Fixed dependency cycle(s) with /ocp/interconnect@48000000/segment@300000/target-module@e000/lcdc@0
[    0.396303] /ocp/interconnect@44c00000/segment@200000/target-module@b000/i2c@0/tda19988@70: Fixed dependency cycle(s) with /ocp/interconnect@48000000/segment@300000/target-module@e000/lcdc@0
[    0.401920] gpiochip_find_base_unlocked: found new base at 512
[    0.438833] /ocp/interconnect@44c00000/segment@200000/target-module@b000/i2c@0/tda19988@70: Fixed dependency cycle(s) with /ocp/interconnect@48000000/segment@300000/target-module@e000/lcdc@0
[    0.439719] /ocp/interconnect@44c00000/segment@200000/target-module@b000/i2c@0/tda19988@70: Fixed dependency cycle(s) with /ocp/interconnect@48000000/segment@300000/target-module@e000/lcdc@0
[    0.443512] /ocp/interconnect@44c00000/segment@200000/target-module@10000/scm@0/pinmux@800: Fixed dependency cycle(s) with /ocp/interconnect@44c00000/segment@200000/target-module@10000/scm@0/pinmux@800/clkout2-pins
[    0.444111] pinctrl-single 44e10800.pinmux: 142 pins, size 568
[    0.449411] ti-sysc 44e31000.target-module: probe with driver ti-sysc failed with error -16
[    0.469070] /ocp/interconnect@48000000/segment@300000/target-module@e000/lcdc@0: Fixed dependency cycle(s) with /ocp/interconnect@44c00000/segment@200000/target-module@b000/i2c@0/tda19988@70
[    0.477402] ti-sysc 48040000.target-module: probe with driver ti-sysc failed with error -16
[    0.488924] gpiochip_find_base_unlocked: found new base at 512
[    0.489084] gpio gpiochip0: (gpio-0-31): created GPIO range 0->7 ==> 44e10800.pinmux PIN 0->7
[    0.489104] gpio gpiochip0: (gpio-0-31): created GPIO range 8->11 ==> 44e10800.pinmux PIN 90->93
[    0.489121] gpio gpiochip0: (gpio-0-31): created GPIO range 12->27 ==> 44e10800.pinmux PIN 12->27
[    0.489136] gpio gpiochip0: (gpio-0-31): created GPIO range 28->31 ==> 44e10800.pinmux PIN 30->33
[    0.523305] gpio gpiochip0: (gpio-0-31): added GPIO chardev (254:0)
[    0.523515] gpio gpiochip0: registered GPIOs 512 to 543 on gpio-0-31
[    0.523603] OMAP GPIO hardware version 0.1
[    0.549006] i2c i2c-2: using DT '/ocp/interconnect@48000000/segment@100000/target-module@9c000/i2c@0' for 'scl' GPIO lookup
[    0.549078] of_get_named_gpiod_flags: can't parse 'scl-gpios' property of node '/ocp/interconnect@48000000/segment@100000/target-module@9c000/i2c@0[0]'
[    0.549121] of_get_named_gpiod_flags: can't parse 'scl-gpio' property of node '/ocp/interconnect@48000000/segment@100000/target-module@9c000/i2c@0[0]'
[    0.549157] i2c i2c-2: using lookup tables for GPIO lookup
[    0.549167] i2c i2c-2: No GPIO consumer scl found
[    0.549189] i2c i2c-2: using DT '/ocp/interconnect@48000000/segment@100000/target-module@9c000/i2c@0' for 'sda' GPIO lookup
[    0.549224] of_get_named_gpiod_flags: can't parse 'sda-gpios' property of node '/ocp/interconnect@48000000/segment@100000/target-module@9c000/i2c@0[0]'
[    0.549261] of_get_named_gpiod_flags: can't parse 'sda-gpio' property of node '/ocp/interconnect@48000000/segment@100000/target-module@9c000/i2c@0[0]'
[    0.549292] i2c i2c-2: using lookup tables for GPIO lookup
[    0.549300] i2c i2c-2: No GPIO consumer sda found
[    0.550024] omap_i2c 4819c000.i2c: bus 2 rev0.11 at 100 kHz
[    0.555918] gpiochip_find_base_unlocked: found new base at 544
[    0.556028] gpio gpiochip1: (gpio-32-63): created GPIO range 0->17 ==> 44e10800.pinmux PIN 34->51
[    0.556049] gpio gpiochip1: (gpio-32-63): created GPIO range 18->21 ==> 44e10800.pinmux PIN 77->80
[    0.556064] gpio gpiochip1: (gpio-32-63): created GPIO range 22->31 ==> 44e10800.pinmux PIN 56->65
[    0.577898] gpio gpiochip1: (gpio-32-63): added GPIO chardev (254:1)
[    0.578125] gpio gpiochip1: registered GPIOs 544 to 575 on gpio-32-63
[    0.580418] gpiochip_find_base_unlocked: found new base at 576
[    0.580513] gpio gpiochip2: (gpio-64-95): created GPIO range 0->4 ==> 44e10800.pinmux PIN 66->70
[    0.580533] gpio gpiochip2: (gpio-64-95): created GPIO range 5->6 ==> 44e10800.pinmux PIN 98->99
[    0.580548] gpio gpiochip2: (gpio-64-95): created GPIO range 7->8 ==> 44e10800.pinmux PIN 75->76
[    0.580564] gpio gpiochip2: (gpio-64-95): created GPIO range 13->13 ==> 44e10800.pinmux PIN 141->141
[    0.580580] gpio gpiochip2: (gpio-64-95): created GPIO range 14->21 ==> 44e10800.pinmux PIN 100->107
[    0.581234] gpio gpiochip2: (gpio-64-95): added GPIO chardev (254:2)
[    0.581598] gpio gpiochip2: registered GPIOs 576 to 607 on gpio-64-95
[    0.587240] 48000000.interconnect:segment@200000:target-module@0:mpu@0:fck: device ID is greater than 24
[    0.588158] /ocp/interconnect@48000000/segment@300000/target-module@e000/lcdc@0: Fixed dependency cycle(s) with /ocp/interconnect@44c00000/segment@200000/target-module@b000/i2c@0/tda19988@70
[    0.590977] /ocp/interconnect@48000000/segment@300000/target-module@e000/lcdc@0: Fixed dependency cycle(s) with /ocp/interconnect@44c00000/segment@200000/target-module@b000/i2c@0/tda19988@70
[    0.591899] /ocp/interconnect@44c00000/segment@200000/target-module@b000/i2c@0/tda19988@70: Fixed dependency cycle(s) with /ocp/interconnect@48000000/segment@300000/target-module@e000/lcdc@0
[    0.592083] /ocp/interconnect@48000000/segment@300000/target-module@e000/lcdc@0: Fixed dependency cycle(s) with /ocp/interconnect@44c00000/segment@200000/target-module@b000/i2c@0/tda19988@70
[    0.601852] mdio_bus 4a101000.mdio: using DT '/ocp/interconnect@4a000000/segment@0/target-module@100000/switch@0/mdio@1000' for 'reset' GPIO lookup
[    0.601921] of_get_named_gpiod_flags: can't parse 'reset-gpios' property of node '/ocp/interconnect@4a000000/segment@0/target-module@100000/switch@0/mdio@1000[0]'
[    0.601969] of_get_named_gpiod_flags: can't parse 'reset-gpio' property of node '/ocp/interconnect@4a000000/segment@0/target-module@100000/switch@0/mdio@1000[0]'
[    0.602017] mdio_bus 4a101000.mdio: using lookup tables for GPIO lookup
[    0.602027] mdio_bus 4a101000.mdio: No GPIO consumer reset found
[    0.603197] sdhci-omap 481d8000.mmc: using DT '/ocp/interconnect@48000000/segment@100000/target-module@d8000/mmc@0' for 'wp' GPIO lookup
[    0.603261] of_get_named_gpiod_flags: can't parse 'wp-gpios' property of node '/ocp/interconnect@48000000/segment@100000/target-module@d8000/mmc@0[0]'
[    0.603306] of_get_named_gpiod_flags: can't parse 'wp-gpio' property of node '/ocp/interconnect@48000000/segment@100000/target-module@d8000/mmc@0[0]'
[    0.603341] sdhci-omap 481d8000.mmc: using lookup tables for GPIO lookup
[    0.603350] sdhci-omap 481d8000.mmc: No GPIO consumer wp found
[    0.603541] sdhci-omap 481d8000.mmc: supply pbias not found, using dummy regulator
[    0.604029] sdhci-omap 481d8000.mmc: supply vqmmc not found, using dummy regulator
[    0.664444] davinci_mdio 4a101000.mdio: davinci mdio revision 1.6, bus freq 1000000
[    0.679465] mdio_bus 4a101000.mdio:00: using DT '/ocp/interconnect@4a000000/segment@0/target-module@100000/switch@0/mdio@1000/ethernet-phy@0' for 'reset' GPIO lookup
[    0.679566] of_get_named_gpiod_flags: parsed 'reset-gpios' property of node '/ocp/interconnect@4a000000/segment@0/target-module@100000/switch@0/mdio@1000/ethernet-phy@0[0]' - status (0)
[    0.679725] gpio gpiochip0: Persistence not supported for GPIO 8
[    0.828878] davinci_mdio 4a101000.mdio: phy[0]: device 4a101000.mdio:00, driver SMSC LAN8710/LAN8720
[    0.829640] cpsw-switch 4a100000.switch: initialized cpsw ale version 1.4
[    0.829663] cpsw-switch 4a100000.switch: ALE Table size 1024, Policers 0
[    0.829832] cpsw-switch 4a100000.switch: cpts: overflow check period 500 (jiffies)
[    0.829849] cpsw-switch 4a100000.switch: CPTS: ref_clk_freq:250000000 calc_mult:2147483648 calc_shift:29 error:0 nsec/sec
[    0.829955] cpsw-switch 4a100000.switch: Detected MACID = 6c:ec:eb:68:de:78
[    0.831998] cpsw-switch 4a100000.switch: initialized (regs 0x4a100000, pool size 256) hw_ver:0019010C 1.12 (0)
[    0.843068] debugfs: '49000000.dma' already exists in 'dmaengine'
[    0.843111] edma 49000000.dma: TI EDMA DMA engine driver
[    0.892061] gpio-clk clk_mcasp0: using DT '/clk_mcasp0' for 'enable' GPIO lookup
[    0.892138] of_get_named_gpiod_flags: parsed 'enable-gpios' property of node '/clk_mcasp0[0]' - status (0)
[    0.892183] gpio gpiochip0: Persistence not supported for GPIO 27
[    0.893066] gpiochip_find_base_unlocked: found new base at 608
[    0.893178] gpio gpiochip3: (gpio-96-127): created GPIO range 0->7 ==> 44e10800.pinmux PIN 82->89
[    0.893199] gpio gpiochip3: (gpio-96-127): created GPIO range 8->11 ==> 44e10800.pinmux PIN 52->55
[    0.893214] gpio gpiochip3: (gpio-96-127): created GPIO range 12->15 ==> 44e10800.pinmux PIN 94->97
[    0.893231] gpio gpiochip3: (gpio-96-127): created GPIO range 16->17 ==> 44e10800.pinmux PIN 71->72
[    0.893246] gpio gpiochip3: (gpio-96-127): created GPIO range 18->18 ==> 44e10800.pinmux PIN 135->135
[    0.893264] gpio gpiochip3: (gpio-96-127): created GPIO range 19->20 ==> 44e10800.pinmux PIN 108->109
[    0.893280] gpio gpiochip3: (gpio-96-127): created GPIO range 21->21 ==> 44e10800.pinmux PIN 73->73
[    0.893297] gpio gpiochip3: (gpio-96-127): created GPIO range 22->23 ==> 44e10800.pinmux PIN 8->9
[    0.893314] gpio gpiochip3: (gpio-96-127): created GPIO range 26->27 ==> 44e10800.pinmux PIN 10->11
[    0.893332] gpio gpiochip3: (gpio-96-127): created GPIO range 28->28 ==> 44e10800.pinmux PIN 74->74
[    0.893349] gpio gpiochip3: (gpio-96-127): created GPIO range 29->29 ==> 44e10800.pinmux PIN 81->81
[    0.893377] gpio gpiochip3: (gpio-96-127): created GPIO range 30->31 ==> 44e10800.pinmux PIN 28->29
[    0.908073] gpio gpiochip3: (gpio-96-127): added GPIO chardev (254:3)
[    0.908315] gpio gpiochip3: registered GPIOs 608 to 639 on gpio-96-127
[    0.910188] omap8250 44e09000.serial: using DT '/ocp/interconnect@44c00000/segment@200000/target-module@9000/serial@0' for 'rs485-term' GPIO lookup
[    0.910259] of_get_named_gpiod_flags: can't parse 'rs485-term-gpios' property of node '/ocp/interconnect@44c00000/segment@200000/target-module@9000/serial@0[0]'
[    0.910303] of_get_named_gpiod_flags: can't parse 'rs485-term-gpio' property of node '/ocp/interconnect@44c00000/segment@200000/target-module@9000/serial@0[0]'
[    0.910340] omap8250 44e09000.serial: using lookup tables for GPIO lookup
[    0.910349] omap8250 44e09000.serial: No GPIO consumer rs485-term found
[    0.910360] omap8250 44e09000.serial: using DT '/ocp/interconnect@44c00000/segment@200000/target-module@9000/serial@0' for 'rs485-rx-during-tx' GPIO lookup
[    0.910397] of_get_named_gpiod_flags: can't parse 'rs485-rx-during-tx-gpios' property of node '/ocp/interconnect@44c00000/segment@200000/target-module@9000/serial@0[0]'
[    0.910433] of_get_named_gpiod_flags: can't parse 'rs485-rx-during-tx-gpio' property of node '/ocp/interconnect@44c00000/segment@200000/target-module@9000/serial@0[0]'
[    0.910464] omap8250 44e09000.serial: using lookup tables for GPIO lookup
[    0.910472] omap8250 44e09000.serial: No GPIO consumer rs485-rx-during-tx found
[    0.910916] 44e09000.serial: ttyS0 at MMIO 0x44e09000 (irq = 34, base_baud = 3000000) is a 8250
[    0.911009] printk: legacy console [ttyS0] enabled
[    2.423534] i2c i2c-0: using DT '/ocp/interconnect@44c00000/segment@200000/target-module@b000/i2c@0' for 'scl' GPIO lookup
[    2.423622] of_get_named_gpiod_flags: can't parse 'scl-gpios' property of node '/ocp/interconnect@44c00000/segment@200000/target-module@b000/i2c@0[0]'
[    2.423670] of_get_named_gpiod_flags: can't parse 'scl-gpio' property of node '/ocp/interconnect@44c00000/segment@200000/target-module@b000/i2c@0[0]'
[    2.423712] i2c i2c-0: using lookup tables for GPIO lookup
[    2.423725] i2c i2c-0: No GPIO consumer scl found
[    2.423751] i2c i2c-0: using DT '/ocp/interconnect@44c00000/segment@200000/target-module@b000/i2c@0' for 'sda' GPIO lookup
[    2.423791] of_get_named_gpiod_flags: can't parse 'sda-gpios' property of node '/ocp/interconnect@44c00000/segment@200000/target-module@b000/i2c@0[0]'
[    2.423832] of_get_named_gpiod_flags: can't parse 'sda-gpio' property of node '/ocp/interconnect@44c00000/segment@200000/target-module@b000/i2c@0[0]'
[    2.423867] i2c i2c-0: using lookup tables for GPIO lookup
[    2.423879] i2c i2c-0: No GPIO consumer sda found
[    2.442412] tps65217-pmic: Failed to locate of_node [id: -1]
[    2.448483] tps65217-bl: Failed to locate of_node [id: -1]
[    2.454550] platform tps65217-charger: DMA mask not set
[    2.460581] platform tps65217-pwrbutton: DMA mask not set
[    2.467896] tps65217 0-0024: TPS65217 ID 0xe version 1.2
[    2.474035] /ocp/interconnect@48000000/segment@300000/target-module@e000/lcdc@0: Fixed dependency cycle(s) with /ocp/interconnect@44c00000/segment@200000/target-module@b000/i2c@0/tda19988@70
[    2.491435] /ocp/interconnect@44c00000/segment@200000/target-module@b000/i2c@0/tda19988@70: Fixed dependency cycle(s) with /ocp/interconnect@48000000/segment@300000/target-module@e000/lcdc@0
[    2.508802] omap_i2c 44e0b000.i2c: bus 0 rev0.11 at 400 kHz
[    2.516462] sdhci-omap 48060000.mmc: using DT '/ocp/interconnect@48000000/segment@0/target-module@60000/mmc@0' for 'cd' GPIO lookup
[    2.516570] of_get_named_gpiod_flags: parsed 'cd-gpios' property of node '/ocp/interconnect@48000000/segment@0/target-module@60000/mmc@0[0]' - status (0)
[    2.516637] gpio gpiochip3: Persistence not supported for GPIO 6
[    2.516665] omap_gpio 44e07000.gpio: Could not set line 6 debounce to 200000 microseconds (-22)
[    2.525590] sdhci-omap 48060000.mmc: Got CD GPIO
[    2.530246] sdhci-omap 48060000.mmc: using DT '/ocp/interconnect@48000000/segment@0/target-module@60000/mmc@0' for 'wp' GPIO lookup
[    2.530295] of_get_named_gpiod_flags: can't parse 'wp-gpios' property of node '/ocp/interconnect@48000000/segment@0/target-module@60000/mmc@0[0]'
[    2.530341] of_get_named_gpiod_flags: can't parse 'wp-gpio' property of node '/ocp/interconnect@48000000/segment@0/target-module@60000/mmc@0[0]'
[    2.530381] sdhci-omap 48060000.mmc: using lookup tables for GPIO lookup
[    2.530395] sdhci-omap 48060000.mmc: No GPIO consumer wp found
[    2.530604] sdhci-omap 48060000.mmc: supply pbias not found, using dummy regulator
[    2.539422] sdhci-omap 481d8000.mmc: using DT '/ocp/interconnect@48000000/segment@100000/target-module@d8000/mmc@0' for 'wp' GPIO lookup
[    2.539500] of_get_named_gpiod_flags: can't parse 'wp-gpios' property of node '/ocp/interconnect@48000000/segment@100000/target-module@d8000/mmc@0[0]'
[    2.539549] of_get_named_gpiod_flags: can't parse 'wp-gpio' property of node '/ocp/interconnect@48000000/segment@100000/target-module@d8000/mmc@0[0]'
[    2.539588] sdhci-omap 481d8000.mmc: using lookup tables for GPIO lookup
[    2.539601] sdhci-omap 481d8000.mmc: No GPIO consumer wp found
[    2.540620] sdhci-omap 48060000.mmc: supply vqmmc not found, using dummy regulator
[    2.549792] sdhci-omap 481d8000.mmc: supply pbias not found, using dummy regulator
[    2.559709] sdhci-omap 481d8000.mmc: supply vqmmc not found, using dummy regulator
[    2.595179] mmc0: SDHCI controller on 48060000.mmc [48060000.mmc] using External DMA
[    2.603506] mmc1: SDHCI controller on 481d8000.mmc [481d8000.mmc] using External DMA
[    2.612359] cpsw-switch 4a100000.switch: starting ndev. mode: dual_mac
[    2.687436] mmc1: new high speed MMC card at address 0001
[    2.694606] mmcblk1: mmc1:0001 MMC04G 3.60 GiB
[    2.701867] SMSC LAN8710/LAN8720 4a101000.mdio:00: attached PHY driver (mii_bus:phy_addr=4a101000.mdio:00, irq=POLL)
[    2.712774]  mmcblk1: p1 p2
[    2.717108] mmcblk1boot0: mmc1:0001 MMC04G 2.00 MiB
[    2.731903] mmcblk1boot1: mmc1:0001 MMC04G 2.00 MiB
[    2.740846] mmcblk1rpmb: mmc1:0001 MMC04G 128 KiB, chardev (249:0)
[    2.784953] mmc0: new high speed SDHC card at address aaaa
[    2.791876] mmcblk0: mmc0:aaaa SE32G 29.7 GiB
[    2.800946]  mmcblk0: p1 p2
[    5.842209] cpsw-switch 4a100000.switch eth0: Link is Up - 100Mbps/Full - flow control off
[    5.881687] IP-Config: Complete:
[    5.884965]      device=eth0, hwaddr=6c:ec:eb:68:de:78, ipaddr=192.168.255.1, mask=255.255.255.0, gw=255.255.255.255
[    5.895639]      host=bbb1, domain=, nis-domain=(none)
[    5.900809]      bootserver=192.168.255.126, rootserver=192.168.255.126, rootpath=
[    5.901233] clk: Disabling unused clocks
[    5.913080] PM: genpd: Disabling unused power domains
[    5.918226] KTAP version 1
[    5.920949] 1..0
[    5.923435] check access for rdinit=/init failed: -2, ignoring
[    5.951356] VFS: Mounted root (nfs filesystem) on device 0:17.
[    5.958386] devtmpfs: mounted
[    5.963224] Freeing unused kernel image (initmem) memory: 1024K
[    5.969834] Run /sbin/init as init process
[    5.974030]   with arguments:
[    5.974047]     /sbin/init
[    5.974057]     nfsrootdebug
[    5.974066]   with environment:
[    5.974075]     HOME=/
[    5.974083]     TERM=linux
[    6.658825] systemd[1]: System time before build time, advancing clock.
[    8.181457] random: crng init done
[    8.194200] systemd[1]: systemd 232 running in system mode. (+PAM +AUDIT +SELINUX +IMA +APPARMOR +SMACK +SYSVINIT +UTMP +LIBCRYPTSETUP +GCRYPT +GNUTLS +ACL +XZ +LZ4 +SECCOMP +BLKID +ELFUTILS +KMOD +IDN)
[    8.213373] systemd[1]: Detected architecture arm.
[    8.244547] systemd[1]: Set hostname to <arm>.
[    9.380898] systemd[1]: Listening on /dev/initctl Compatibility Named Pipe.
[    9.412480] systemd[1]: Listening on Journal Audit Socket.
[    9.442191] systemd[1]: Listening on udev Kernel Socket.
[    9.471817] systemd[1]: Reached target Swap.
[    9.493287] systemd[1]: systemd-journald.socket: SO_PASSSEC failed: Operation not supported
[    9.502222] systemd[1]: systemd-journald.socket: SO_PASSSEC failed: Operation not supported
[    9.510800] systemd[1]: Listening on Journal Socket.
[   11.697030] systemd-journald[86]: Received request to flush runtime journal from PID 1
[   12.642072] omap_prm 44e00d00.prm: sync_state() pending due to 44d00000.cpu
[   14.554756] leds-gpio leds: using DT '/leds/led2' for '(default)' GPIO lookup
[   14.554861] of_get_named_gpiod_flags: parsed 'gpios' property of node '/leds/led2[0]' - status (0)
[   14.554919] gpio gpiochip0: Persistence not supported for GPIO 21
[   14.554935] gpio-533 (?): no flags found for GPIO (default)
[   14.603895] leds-gpio leds: using DT '/leds/led3' for '(default)' GPIO lookup
[   14.604008] of_get_named_gpiod_flags: parsed 'gpios' property of node '/leds/led3[0]' - status (0)
[   14.604066] gpio gpiochip0: Persistence not supported for GPIO 22
[   14.604082] gpio-534 (?): no flags found for GPIO (default)
[   14.637415] leds-gpio leds: using DT '/leds/led4' for '(default)' GPIO lookup
[   14.637509] of_get_named_gpiod_flags: parsed 'gpios' property of node '/leds/led4[0]' - status (0)
[   14.637559] gpio gpiochip0: Persistence not supported for GPIO 23
[   14.637574] gpio-535 (?): no flags found for GPIO (default)
[   14.672481] leds-gpio leds: using DT '/leds/led5' for '(default)' GPIO lookup
[   14.672583] of_get_named_gpiod_flags: parsed 'gpios' property of node '/leds/led5[0]' - status (0)
[   14.672636] gpio gpiochip0: Persistence not supported for GPIO 24
[   14.672652] gpio-536 (?): no flags found for GPIO (default)
[   14.956198] remoteproc remoteproc0: wkup_m3 is available
[   15.301077] omap_rtc 44e3e000.rtc: registered as rtc0
[   15.306689] omap_rtc 44e3e000.rtc: setting system clock to 2000-01-01T00:00:00 UTC (946684800)
[   15.315652] omap_rtc 44e3e000.rtc: using DT '/ocp/interconnect@44c00000/segment@200000/target-module@3e000/rtc@0' for 'wp' GPIO lookup
[   15.315733] of_get_named_gpiod_flags: can't parse 'wp-gpios' property of node '/ocp/interconnect@44c00000/segment@200000/target-module@3e000/rtc@0[0]'
[   15.315785] of_get_named_gpiod_flags: can't parse 'wp-gpio' property of node '/ocp/interconnect@44c00000/segment@200000/target-module@3e000/rtc@0[0]'
[   15.315826] omap_rtc 44e3e000.rtc: using lookup tables for GPIO lookup
[   15.315841] omap_rtc 44e3e000.rtc: No GPIO consumer wp found
[   15.345314] omap_wdt: OMAP Watchdog Timer Rev 0x01: initial timeout 60 sec
[   15.401187] at24 2-0054: supply vcc not found, using dummy regulator
[   15.555162] at24 2-0055: supply vcc not found, using dummy regulator
[   15.736001] at24 2-0056: supply vcc not found, using dummy regulator
[   15.858352] at24 2-0057: supply vcc not found, using dummy regulator
[   16.019159] at24 0-0050: using DT '/ocp/interconnect@44c00000/segment@200000/target-module@b000/i2c@0/eeprom@50' for 'wp' GPIO lookup
[   16.019279] of_get_named_gpiod_flags: can't parse 'wp-gpios' property of node '/ocp/interconnect@44c00000/segment@200000/target-module@b000/i2c@0/eeprom@50[0]'
[   16.019342] of_get_named_gpiod_flags: can't parse 'wp-gpio' property of node '/ocp/interconnect@44c00000/segment@200000/target-module@b000/i2c@0/eeprom@50[0]'
[   16.019390] at24 0-0050: using lookup tables for GPIO lookup
[   16.019404] at24 0-0050: No GPIO consumer wp found
[   16.019743] at24 0-0050: 32768 byte 24c256 EEPROM, writable, 1 bytes/write
[   16.320335] input: tps65217_pwrbutton as /devices/platform/ocp/44c00000.interconnect/44c00000.interconnect:segment@200000/44e0b000.target-module/44e0b000.i2c/i2c-0/0-0024/tps65217-pwrbutton/input/input0
[   16.772142] am335x-phy-driver 47401300.usb-phy: using DT '/ocp/target-module@47400000/usb-phy@1300' for 'reset' GPIO lookup
[   16.772238] of_get_named_gpiod_flags: can't parse 'reset-gpios' property of node '/ocp/target-module@47400000/usb-phy@1300[0]'
[   16.772284] of_get_named_gpiod_flags: can't parse 'reset-gpio' property of node '/ocp/target-module@47400000/usb-phy@1300[0]'
[   16.772325] am335x-phy-driver 47401300.usb-phy: using lookup tables for GPIO lookup
[   16.772340] am335x-phy-driver 47401300.usb-phy: No GPIO consumer reset found
[   16.772355] am335x-phy-driver 47401300.usb-phy: using DT '/ocp/target-module@47400000/usb-phy@1300' for 'vbus-detect' GPIO lookup
[   16.772387] of_get_named_gpiod_flags: can't parse 'vbus-detect-gpios' property of node '/ocp/target-module@47400000/usb-phy@1300[0]'
[   16.772419] of_get_named_gpiod_flags: can't parse 'vbus-detect-gpio' property of node '/ocp/target-module@47400000/usb-phy@1300[0]'
[   16.772445] am335x-phy-driver 47401300.usb-phy: using lookup tables for GPIO lookup
[   16.772457] am335x-phy-driver 47401300.usb-phy: No GPIO consumer vbus-detect found
[   16.772608] am335x-phy-driver 47401300.usb-phy: dummy supplies not allowed for exclusive requests (id=vbus)
[   16.918907] am335x-phy-driver 47401b00.usb-phy: using DT '/ocp/target-module@47400000/usb-phy@1b00' for 'reset' GPIO lookup
[   16.919065] of_get_named_gpiod_flags: can't parse 'reset-gpios' property of node '/ocp/target-module@47400000/usb-phy@1b00[0]'
[   16.919178] of_get_named_gpiod_flags: can't parse 'reset-gpio' property of node '/ocp/target-module@47400000/usb-phy@1b00[0]'
[   16.919263] am335x-phy-driver 47401b00.usb-phy: using lookup tables for GPIO lookup
[   16.919281] am335x-phy-driver 47401b00.usb-phy: No GPIO consumer reset found
[   16.919297] am335x-phy-driver 47401b00.usb-phy: using DT '/ocp/target-module@47400000/usb-phy@1b00' for 'vbus-detect' GPIO lookup
[   16.919380] of_get_named_gpiod_flags: can't parse 'vbus-detect-gpios' property of node '/ocp/target-module@47400000/usb-phy@1b00[0]'
[   16.919417] of_get_named_gpiod_flags: can't parse 'vbus-detect-gpio' property of node '/ocp/target-module@47400000/usb-phy@1b00[0]'
[   16.919486] am335x-phy-driver 47401b00.usb-phy: using lookup tables for GPIO lookup
[   16.919501] am335x-phy-driver 47401b00.usb-phy: No GPIO consumer vbus-detect found
[   16.919769] am335x-phy-driver 47401b00.usb-phy: dummy supplies not allowed for exclusive requests (id=vbus)
[   17.157069] usbcore: registered new interface driver usbfs
[   17.162951] usbcore: registered new interface driver hub
[   17.168396] usbcore: registered new device driver usb
[   18.076377] musb-hdrc musb-hdrc.1: MUSB HDRC host driver
[   18.081969] musb-hdrc musb-hdrc.1: new USB bus registered, assigned bus number 1
[   18.144351] tda998x 0-0070: found TDA19988
[   18.292421] usb usb1: New USB device found, idVendor=1d6b, idProduct=0002, bcdDevice= 6.17
[   18.301060] usb usb1: New USB device strings: Mfr=3, Product=2, SerialNumber=1
[   18.308465] usb usb1: Product: MUSB HDRC host driver
[   18.313512] usb usb1: Manufacturer: Linux 6.17.6-93353-gc85bcf5629ba musb-hcd
[   18.320688] usb usb1: SerialNumber: musb-hdrc.1
[   18.659320] omap-mailbox 480c8000.mailbox: omap mailbox rev 0x400
[   18.689091] hub 1-0:1.0: USB hub found
[   18.705799] remoteproc remoteproc0: powering up wkup_m3
[   18.732138] hub 1-0:1.0: 1 port detected
[   18.819060] remoteproc remoteproc0: Direct firmware load for am335x-pm-firmware.elf failed with error -2
[   18.828945] remoteproc remoteproc0: request_firmware failed: -2
[   18.834991] wkup_m3_ipc 44e11324.wkup_m3_ipc: rproc_boot failed
[   21.024149] tilcdc 4830e000.lcdc: bound 0-0070 (ops tda998x_audio_codec_init [tda998x])
[   21.168220] [drm] Initialized tilcdc 1.0.0 for 4830e000.lcdc on minor 0
[   21.247162] omap_rng 48310000.rng: Random Number Generator ver. 20
[   21.283304] tilcdc 4830e000.lcdc: [drm] Cannot find any crtc or sizes
[   21.343687] tilcdc 4830e000.lcdc: [drm] Cannot find any crtc or sizes
[   22.615215] omap-sham 53100000.sham: hw accel on OMAP rev 4.3
[   22.687454] PM: Cannot get wkup_m3_ipc handle
[   22.767056] omap-sham 53100000.sham: will run requests pump with realtime priority
[   22.777269] PM: Cannot get wkup_m3_ipc handle
[   23.165220] omap-aes 53500000.aes: OMAP AES hw accel rev: 3.2
[   23.277984] omap-aes 53500000.aes: will run requests pump with realtime priority
[   23.287872] PM: Cannot get wkup_m3_ipc handle
[   24.871879] ------------[ cut here ]------------
[   24.876583] WARNING: CPU: 0 PID: 315 at net/8021q/vlan_core.c:236 vlan_for_each+0x114/0x134
[   24.885114] RTNL: assertion failed at net/8021q/vlan_core.c (236)
[   24.891242] Modules linked in: ecdh_generic ecc omap_aes_driver snd_soc_simple_card omap_crypto snd_soc_simple_card_utils libaes pm33xx omap_sham crypto_engine ti_emif_sram omap_rng rng_core tilcdc drm_dma_helper drm_client_lib snd_soc_davinci_mcasp snd_soc_ti_udma snd_soc_ti_edma snd_soc_ti_sdma snd_soc_core snd_pcm_dmaengine snd_pcm omap_mailbox snd_timer snd soundcore musb_dsps tda998x musb_hdrc cec udc_core drm_kms_helper usbcore phy_am335x drm phy_generic wkup_m3_ipc usb_common tps65218_pwrbutton phy_am335x_control drm_panel_orientation_quirks at24 omap_wdt rtc_omap watchdog cppi41 wkup_m3_rproc leds_gpio led_class cpufreq_dt autofs4
[   24.948454] CPU: 0 UID: 107 PID: 315 Comm: avahi-daemon Not tainted 6.17.6-93353-gc85bcf5629ba #1 NONE 
[   24.948473] Hardware name: Generic AM33XX (Flattened Device Tree)
[   24.948483] Call trace: 
[   24.948498]  unwind_backtrace from show_stack+0x10/0x14
[   24.948535]  show_stack from dump_stack_lvl+0x50/0x64
[   24.948562]  dump_stack_lvl from __warn+0x74/0x12c
[   24.948580]  __warn from warn_slowpath_fmt+0x19c/0x1b0
[   24.948592]  warn_slowpath_fmt from vlan_for_each+0x114/0x134
[   24.948614]  vlan_for_each from cpsw_add_mc_addr+0x40/0xa4
[   24.948645]  cpsw_add_mc_addr from __hw_addr_ref_sync_dev+0x108/0x140
[   24.948681]  __hw_addr_ref_sync_dev from __dev_mc_add+0x7c/0x80
[   24.948700]  __dev_mc_add from igmp6_group_added+0xc8/0xe0
[   24.948726]  igmp6_group_added from __ipv6_dev_mc_inc+0x218/0x364
[   24.948746]  __ipv6_dev_mc_inc from __ipv6_sock_mc_join+0x11c/0x1c0
[   24.948766]  __ipv6_sock_mc_join from do_ipv6_setsockopt+0x1214/0x1310
[   24.948785]  do_ipv6_setsockopt from ipv6_setsockopt+0x60/0xcc
[   24.948797]  ipv6_setsockopt from udpv6_setsockopt+0x2c/0x6c
[   24.948811]  udpv6_setsockopt from sock_common_setsockopt+0x30/0x40
[   24.948829]  sock_common_setsockopt from do_sock_setsockopt+0x50/0x9c
[   24.948853]  do_sock_setsockopt from __sys_setsockopt+0x70/0xbc
[   24.948877]  __sys_setsockopt from ret_fast_syscall+0x0/0x58
[   24.948895] Exception stack(0xe02f9fa8 to 0xe02f9ff0)
[   24.948909] 9fa0:                   00000014 b6f66ce8 0000000d 00000029 00000014 beea69ec
[   24.948921] 9fc0: 00000014 b6f66ce8 00000014 00000126 0000000d b6f0fff4 004fe988 004e6558
[   24.948930] 9fe0: b6f25088 beea69d8 b6f02309 b6dd941a
[   24.948937] ---[ end trace 0000000000000000 ]---
[   25.275511] Bluetooth: Core ver 2.22
[   25.279319] NET: Registered PF_BLUETOOTH protocol family
[   25.284865] Bluetooth: HCI device and connection manager initialized
[   25.291284] Bluetooth: HCI socket layer initialized
[   25.296254] Bluetooth: L2CAP socket layer initialized
[   25.301370] Bluetooth: SCO socket layer initialized
[   26.242190] tda998x 0-0070: using DT '/ocp/interconnect@44c00000/segment@200000/target-module@b000/i2c@0/tda19988@70' for 'nxp,calib' GPIO lookup
[   26.242363] of_get_named_gpiod_flags: parsed 'nxp,calib-gpios' property of node '/ocp/interconnect@44c00000/segment@200000/target-module@b000/i2c@0/tda19988@70[0]' - status (0)
[   26.242445] gpio gpiochip0: Persistence not supported for GPIO 25
[   26.242461] gpio-537 (nxp,calib): no flags found for GPIO nxp,calib
[   26.243859] PM: Cannot get wkup_m3_ipc handle
[   26.249628] asoc-simple-card sound: using DT '/sound' for 'simple-audio-card,hp-det' GPIO lookup
[   26.249697] of_get_named_gpiod_flags: can't parse 'simple-audio-card,hp-det-gpios' property of node '/sound[0]'
[   26.249731] of_get_named_gpiod_flags: can't parse 'simple-audio-card,hp-det-gpio' property of node '/sound[0]'
[   26.249757] asoc-simple-card sound: using lookup tables for GPIO lookup
[   26.249771] asoc-simple-card sound: No GPIO consumer simple-audio-card,hp-det found
[   26.249786] asoc-simple-card sound: using DT '/sound' for 'simple-audio-card,mic-det' GPIO lookup
[   26.249811] of_get_named_gpiod_flags: can't parse 'simple-audio-card,mic-det-gpios' property of node '/sound[0]'
[   26.249837] of_get_named_gpiod_flags: can't parse 'simple-audio-card,mic-det-gpio' property of node '/sound[0]'
[   26.249857] asoc-simple-card sound: using lookup tables for GPIO lookup
[   26.249869] asoc-simple-card sound: No GPIO consumer simple-audio-card,mic-det found
[   26.261323] gpio-537 (nxp,calib): gpiod_direction_output_nonotify: tried to set a GPIO tied to an IRQ as output
[   26.372859] PM: Cannot get wkup_m3_ipc handle
[   26.527619] tda9950 0-0034: TDA9950 CEC interface, hardware version 3.3
[   26.650849] PM: Cannot get wkup_m3_ipc handle
[   28.619460] userial_init: registered 8 ttyGS* devices
[   28.952589] rndis_register: configNr = 0
[   29.065486] udc musb-hdrc.0: binding gadget driver [g_multi]
[   29.065584] configfs-gadget.g_multi gadget.0: adding 'rndis'/4c87bb25 to config 'c'/9dfa9532
[   29.066749] configfs-gadget.g_multi gadget.0: HOST MAC 1c:ba:8c:a2:ed:6c
[   29.073789] configfs-gadget.g_multi gadget.0: MAC 1c:ba:8c:a2:ed:70
[   29.080171] rndis_set_param_medium: 0 0
[   29.080193] configfs-gadget.g_multi gadget.0: RNDIS: IN/ep1in OUT/ep1out NOTIFY/ep2in
[   29.080212] configfs-gadget.g_multi gadget.0: adding 'cdc_ethernet'/45a7aec2 to config 'c'/9dfa9532
[   29.081170] configfs-gadget.g_multi gadget.0: HOST MAC 1c:ba:8c:a2:ed:6c
[   29.088067] configfs-gadget.g_multi gadget.0: MAC 1c:ba:8c:a2:ed:6d
[   29.094438] configfs-gadget.g_multi gadget.0: CDC Ethernet: IN/ep3in OUT/ep2out NOTIFY/ep4in
[   29.094457] configfs-gadget.g_multi gadget.0: adding 'acm'/a7ff4665 to config 'c'/9dfa9532
[   29.094500] configfs-gadget.g_multi gadget.0: acm ttyGS0: IN/ep5in OUT/ep3out NOTIFY/ep6in
[   29.102536] PM: Cannot get wkup_m3_ipc handle
[   30.465675] configfs-gadget.g_multi gadget.0: eth_open
[   35.595980] gs_open: ttyGS0 (5175e801,860ec036)
[   35.596130] gs_close: ttyGS0 (5175e801,860ec036) ...
[   35.596152] gs_close: ttyGS0 (5175e801,860ec036) done!
[   35.598497] gs_open: ttyGS0 (cba319b1,860ec036)
[   35.598623] gs_close: ttyGS0 (cba319b1,860ec036) ...
[   35.598644] gs_close: ttyGS0 (cba319b1,860ec036) done!
[   35.765749] gs_open: ttyGS0 (5175e801,0c53a54f)
[   35.766235] gs_close: ttyGS0 (5175e801,0c53a54f) ...
[   35.766273] gs_close: ttyGS0 (5175e801,0c53a54f) done!
[   35.766803] gs_open: ttyGS0 (582cc29b,0c53a54f)
YPGCJEGBJU 0
root@arm:~# echo 'SZGL''TYSFWA'
SZGLTYSFWA
root@arm:~# MARKER='QNBP''YBMJQW' run 'modprobe test_linear_ranges'
QNBPYBMJQWQNBPYBMJQW 0
root@arm:~# echo 'EMZA''HKQSOW'
EMZAHKQSOW
root@arm:~# MARKER='KMZA''CFWWYL' run dmesg
KMZACFWWYL[    0.000000] Booting Linux on physical CPU 0x0
[    0.000000] Linux version 6.17.6-93353-gc85bcf5629ba (user01@drvtest01) (arm-none-eabi-gcc (Arm GNU Toolchain 14.2.Rel1 (Build arm-14.52)) 14.2.1 20241119, GNU ld (Arm GNU Toolchain 14.2.Rel1 (Build arm-14.52)) 2.43.1.20241119) #1 SMP Wed Oct 29 18:53:32 EET 2025
[    0.000000] CPU: ARMv7 Processor [413fc082] revision 2 (ARMv7), cr=10c5387d
[    0.000000] CPU: PIPT / VIPT nonaliasing data cache, VIPT aliasing instruction cache
[    0.000000] OF: fdt: Machine model: TI AM335x BeagleBone Black
[    0.000000] Memory policy: Data cache writeback
[    0.000000] cma: Reserved 16 MiB at 0x9e800000
[    0.000000] Zone ranges:
[    0.000000]   Normal   [mem 0x0000000080000000-0x000000009fdfffff]
[    0.000000]   HighMem  empty
[    0.000000] Movable zone start for each node
[    0.000000] Early memory node ranges
[    0.000000]   node   0: [mem 0x0000000080000000-0x000000009fdfffff]
[    0.000000] Initmem setup node 0 [mem 0x0000000080000000-0x000000009fdfffff]
[    0.000000] On node 0, zone Normal: 512 pages in unavailable ranges
[    0.000000] OF: reserved mem: Reserved memory: No reserved-memory node in the DT
[    0.000000] CPU: All CPU(s) started in SVC mode.
[    0.000000] AM335X ES2.1 (sgx neon)
[    0.000000] percpu: Embedded 17 pages/cpu s39820 r8192 d21620 u69632
[    0.000000] pcpu-alloc: s39820 r8192 d21620 u69632 alloc=17*4096
[    0.000000] pcpu-alloc: [0] 0 
[    0.000000] Kernel command line: console=ttyO0,115200n8 root=/dev/nfs rw nfsroot=192.168.255.126:/home/user01/nfs,nfsvers=3 ip=192.168.255.1:192.168.255.126::255.255.255.0:bbb1:eth0 nfsrootdebug
[    0.000000] Unknown kernel command line parameters "nfsrootdebug", will be passed to user space.
[    0.000000] printk: log buffer data + meta data: 65536 + 204800 = 270336 bytes
[    0.000000] Dentry cache hash table entries: 65536 (order: 6, 262144 bytes, linear)
[    0.000000] Inode-cache hash table entries: 32768 (order: 5, 131072 bytes, linear)
[    0.000000] Built 1 zonelists, mobility grouping on.  Total pages: 130560
[    0.000000] mem auto-init: stack:off, heap alloc:off, heap free:off
[    0.000000] SLUB: HWalign=16, Order=0-3, MinObjects=0, CPUs=1, Nodes=1
[    0.000000] rcu: Hierarchical RCU implementation.
[    0.000000] rcu: 	RCU event tracing is enabled.
[    0.000000] rcu: 	RCU restricting CPUs from NR_CPUS=2 to nr_cpu_ids=1.
[    0.000000] 	Tracing variant of Tasks RCU enabled.
[    0.000000] rcu: RCU calculated value of scheduler-enlistment delay is 10 jiffies.
[    0.000000] rcu: Adjusting geometry for rcu_fanout_leaf=16, nr_cpu_ids=1
[    0.000000] RCU Tasks Trace: Setting shift to 0 and lim to 1 rcu_task_cb_adjust=1 rcu_task_cpu_ids=1.
[    0.000000] NR_IRQS: 16, nr_irqs: 16, preallocated irqs: 16
[    0.000000] IRQ: Found an INTC at 0x(ptrval) (revision 5.0) with 128 interrupts
[    0.000000] rcu: srcu_init: Setting srcu_struct sizes based on contention.
[    0.000000] TI gptimer clocksource: always-on /ocp/interconnect@44c00000/segment@200000/target-module@31000
[    0.000002] sched_clock: 32 bits at 24MHz, resolution 41ns, wraps every 89478484971ns
[    0.000026] clocksource: dmtimer: mask: 0xffffffff max_cycles: 0xffffffff, max_idle_ns: 79635851949 ns
[    0.000520] TI gptimer clockevent: 24000000 Hz at /ocp/interconnect@48000000/segment@0/target-module@40000
[    0.002132] Console: colour dummy device 80x30
[    0.002201] WARNING: Your 'console=ttyO0' has been replaced by 'ttyS0'
[    0.002209] This ensures that you still see kernel messages. Please
[    0.002214] update your kernel commandline.
[    0.002258] Calibrating delay loop... 996.14 BogoMIPS (lpj=4980736)
[    0.090570] CPU: Testing write buffer coherency: ok
[    0.090682] CPU0: Spectre v2: using BPIALL workaround
[    0.090692] pid_max: default: 32768 minimum: 301
[    0.090855] LSM: initializing lsm=capability
[    0.091018] Mount-cache hash table entries: 1024 (order: 0, 4096 bytes, linear)
[    0.091035] Mountpoint-cache hash table entries: 1024 (order: 0, 4096 bytes, linear)
[    0.092614] CPU0: thread -1, cpu 0, socket -1, mpidr 0
[    0.092673] cacheinfo: Unable to detect cache hierarchy for CPU 0
[    0.094698] Setting up static identity map for 0x80100000 - 0x80100078
[    0.095045] rcu: Hierarchical SRCU implementation.
[    0.095058] rcu: 	Max phase no-delay instances is 1000.
[    0.096783] smp: Bringing up secondary CPUs ...
[    0.096838] smp: Brought up 1 node, 1 CPU
[    0.096851] SMP: Total of 1 processors activated (996.14 BogoMIPS).
[    0.096863] CPU: All CPU(s) started in SVC mode.
[    0.097065] Memory: 480856K/522240K available (11264K kernel code, 1219K rwdata, 2936K rodata, 1024K init, 253K bss, 23352K reserved, 16384K cma-reserved, 0K highmem)
[    0.097890] devtmpfs: initialized
[    0.114934] VFP support v0.3: implementor 41 architecture 3 part 30 variant c rev 3
[    0.115571] clocksource: jiffies: mask: 0xffffffff max_cycles: 0xffffffff, max_idle_ns: 19112604462750000 ns
[    0.115631] posixtimers hash table entries: 512 (order: 0, 4096 bytes, linear)
[    0.115658] futex hash table entries: 256 (16384 bytes on 1 NUMA nodes, total 16 KiB, linear).
[    0.116795] pinctrl core: initialized pinctrl subsystem
[    0.118949] NET: Registered PF_NETLINK/PF_ROUTE protocol family
[    0.122084] DMA: preallocated 256 KiB pool for atomic coherent allocations
[    0.122696] audit: initializing netlink subsys (disabled)
[    0.124032] thermal_sys: Registered thermal governor 'fair_share'
[    0.124047] thermal_sys: Registered thermal governor 'step_wise'
[    0.124056] thermal_sys: Registered thermal governor 'user_space'
[    0.124168] audit: type=2000 audit(0.120:1): state=initialized audit_enabled=0 res=1
[    0.124240] cpuidle: using governor menu
[    0.142190] /ocp/interconnect@44c00000/segment@200000/target-module@b000/i2c@0/tda19988@70: Fixed dependency cycle(s) with /ocp/interconnect@48000000/segment@300000/target-module@e000/lcdc@0
[    0.143312] /ocp/interconnect@48000000/segment@300000/target-module@e000/lcdc@0: Fixed dependency cycle(s) with /ocp/interconnect@44c00000/segment@200000/target-module@b000/i2c@0/tda19988@70
[    0.145539] No ATAGs?
[    0.145582] hw-breakpoint: debug architecture 0x4 unsupported.
[    0.148704] kprobes: kprobe jump-optimization is enabled. All kprobes are optimized if possible.
[    0.154478] iommu: Default domain type: Translated
[    0.154501] iommu: DMA domain TLB invalidation policy: strict mode
[    0.156067] reg-fixed-voltage fixedregulator0: using DT '/fixedregulator0' for '(default)' GPIO lookup
[    0.156122] of_get_named_gpiod_flags: can't parse 'gpios' property of node '/fixedregulator0[0]'
[    0.156151] of_get_named_gpiod_flags: can't parse 'gpio' property of node '/fixedregulator0[0]'
[    0.156169] reg-fixed-voltage fixedregulator0: using lookup tables for GPIO lookup
[    0.156180] reg-fixed-voltage fixedregulator0: No GPIO consumer (default) found
[    0.161677] SCSI subsystem initialized
[    0.162157] libata version 3.00 loaded.
[    0.162549] pps_core: LinuxPPS API ver. 1 registered
[    0.162559] pps_core: Software ver. 5.3.6 - Copyright 2005-2007 Rodolfo Giometti <giometti@linux.it>
[    0.162582] PTP clock support registered
[    0.171052] vgaarb: loaded
[    0.171429] clocksource: Switched to clocksource dmtimer
[    0.172115] VFS: Disk quotas dquot_6.6.0
[    0.172173] VFS: Dquot-cache hash table entries: 1024 (order 0, 4096 bytes)
[    0.197346] NET: Registered PF_INET protocol family
[    0.197697] IP idents hash table entries: 8192 (order: 4, 65536 bytes, linear)
[    0.199135] tcp_listen_portaddr_hash hash table entries: 512 (order: 0, 4096 bytes, linear)
[    0.199171] Table-perturb hash table entries: 65536 (order: 6, 262144 bytes, linear)
[    0.199191] TCP established hash table entries: 4096 (order: 2, 16384 bytes, linear)
[    0.199237] TCP bind hash table entries: 4096 (order: 4, 65536 bytes, linear)
[    0.199337] TCP: Hash tables configured (established 4096 bind 4096)
[    0.199454] UDP hash table entries: 256 (order: 1, 14336 bytes, linear)
[    0.199490] UDP-Lite hash table entries: 256 (order: 1, 14336 bytes, linear)
[    0.199690] NET: Registered PF_UNIX/PF_LOCAL protocol family
[    0.202760] RPC: Registered named UNIX socket transport module.
[    0.202782] RPC: Registered udp transport module.
[    0.202787] RPC: Registered tcp transport module.
[    0.202792] RPC: Registered tcp-with-tls transport module.
[    0.202797] RPC: Registered tcp NFSv4.1 backchannel transport module.
[    0.202823] PCI: CLS 0 bytes, default 64
[    0.204238] Initialise system trusted keyrings
[    0.212256] workingset: timestamp_bits=14 max_order=17 bucket_order=3
[    0.213698] NFS: Registering the id_resolver key type
[    0.213758] Key type id_resolver registered
[    0.213766] Key type id_legacy registered
[    0.213870] jffs2: version 2.2. (NAND) (SUMMARY)  Â© 2001-2006 Red Hat, Inc.
[    0.214340] Key type asymmetric registered
[    0.214354] Asymmetric key parser 'x509' registered
[    0.214427] io scheduler mq-deadline registered
[    0.214438] io scheduler kyber registered
[    0.214524] io scheduler bfq registered
[    0.216405] target-module@4b000000:target-module@140000:pmu@0:fck: device ID is greater than 24
[    0.222614] l3-aon-clkctrl:0000:0: failed to disable
[    0.231766] ledtrig-cpu: registered to indicate activity on CPUs
[    0.235543] Serial: 8250/16550 driver, 6 ports, IRQ sharing enabled
[    0.274842] brd: module loaded
[    0.292002] loop: module loaded
[    0.292941] mtdoops: mtd device (mtddev=name/number) must be supplied
[    0.294671] mdio_bus fixed-0: using lookup tables for GPIO lookup
[    0.294696] mdio_bus fixed-0: No GPIO consumer reset found
[    0.296113] i2c_dev: i2c /dev entries driver
[    0.297111] cpuidle: enable-method property 'ti,am3352' found operations
[    0.297555] sdhci: Secure Digital Host Controller Interface driver
[    0.297565] sdhci: Copyright(c) Pierre Ossman
[    0.297752] sdhci-pltfm: SDHCI platform and OF driver helper
[    0.301948] hw perfevents: enabled with armv7_cortex_a8 PMU driver, 5 (8000000f) counters available
[    0.302482] Initializing XFRM netlink socket
[    0.302679] NET: Registered PF_INET6 protocol family
[    0.308325] l3-aon-clkctrl:0000:0: failed to disable
[    0.313136] Segment Routing with IPv6
[    0.313221] In-situ OAM (IOAM) with IPv6
[    0.313318] sit: IPv6, IPv4 and MPLS over IPv4 tunneling driver
[    0.314289] NET: Registered PF_PACKET protocol family
[    0.314315] NET: Registered PF_KEY protocol family
[    0.314431] Key type dns_resolver registered
[    0.314663] ThumbEE CPU extension supported.
[    0.314682] Registering SWP/SWPB emulation handler
[    0.315228] omap_voltage_late_init: Voltage driver support not added
[    0.315914] SmartReflex Class3 initialized
[    0.353502] Loading compiled-in X.509 certificates
[    0.389712] /ocp/interconnect@44c00000/segment@200000/target-module@b000/i2c@0/tda19988@70: Fixed dependency cycle(s) with /ocp/interconnect@48000000/segment@300000/target-module@e000/lcdc@0
[    0.396303] /ocp/interconnect@44c00000/segment@200000/target-module@b000/i2c@0/tda19988@70: Fixed dependency cycle(s) with /ocp/interconnect@48000000/segment@300000/target-module@e000/lcdc@0
[    0.401920] gpiochip_find_base_unlocked: found new base at 512
[    0.438833] /ocp/interconnect@44c00000/segment@200000/target-module@b000/i2c@0/tda19988@70: Fixed dependency cycle(s) with /ocp/interconnect@48000000/segment@300000/target-module@e000/lcdc@0
[    0.439719] /ocp/interconnect@44c00000/segment@200000/target-module@b000/i2c@0/tda19988@70: Fixed dependency cycle(s) with /ocp/interconnect@48000000/segment@300000/target-module@e000/lcdc@0
[    0.443512] /ocp/interconnect@44c00000/segment@200000/target-module@10000/scm@0/pinmux@800: Fixed dependency cycle(s) with /ocp/interconnect@44c00000/segment@200000/target-module@10000/scm@0/pinmux@800/clkout2-pins
[    0.444111] pinctrl-single 44e10800.pinmux: 142 pins, size 568
[    0.449411] ti-sysc 44e31000.target-module: probe with driver ti-sysc failed with error -16
[    0.469070] /ocp/interconnect@48000000/segment@300000/target-module@e000/lcdc@0: Fixed dependency cycle(s) with /ocp/interconnect@44c00000/segment@200000/target-module@b000/i2c@0/tda19988@70
[    0.477402] ti-sysc 48040000.target-module: probe with driver ti-sysc failed with error -16
[    0.488924] gpiochip_find_base_unlocked: found new base at 512
[    0.489084] gpio gpiochip0: (gpio-0-31): created GPIO range 0->7 ==> 44e10800.pinmux PIN 0->7
[    0.489104] gpio gpiochip0: (gpio-0-31): created GPIO range 8->11 ==> 44e10800.pinmux PIN 90->93
[    0.489121] gpio gpiochip0: (gpio-0-31): created GPIO range 12->27 ==> 44e10800.pinmux PIN 12->27
[    0.489136] gpio gpiochip0: (gpio-0-31): created GPIO range 28->31 ==> 44e10800.pinmux PIN 30->33
[    0.523305] gpio gpiochip0: (gpio-0-31): added GPIO chardev (254:0)
[    0.523515] gpio gpiochip0: registered GPIOs 512 to 543 on gpio-0-31
[    0.523603] OMAP GPIO hardware version 0.1
[    0.549006] i2c i2c-2: using DT '/ocp/interconnect@48000000/segment@100000/target-module@9c000/i2c@0' for 'scl' GPIO lookup
[    0.549078] of_get_named_gpiod_flags: can't parse 'scl-gpios' property of node '/ocp/interconnect@48000000/segment@100000/target-module@9c000/i2c@0[0]'
[    0.549121] of_get_named_gpiod_flags: can't parse 'scl-gpio' property of node '/ocp/interconnect@48000000/segment@100000/target-module@9c000/i2c@0[0]'
[    0.549157] i2c i2c-2: using lookup tables for GPIO lookup
[    0.549167] i2c i2c-2: No GPIO consumer scl found
[    0.549189] i2c i2c-2: using DT '/ocp/interconnect@48000000/segment@100000/target-module@9c000/i2c@0' for 'sda' GPIO lookup
[    0.549224] of_get_named_gpiod_flags: can't parse 'sda-gpios' property of node '/ocp/interconnect@48000000/segment@100000/target-module@9c000/i2c@0[0]'
[    0.549261] of_get_named_gpiod_flags: can't parse 'sda-gpio' property of node '/ocp/interconnect@48000000/segment@100000/target-module@9c000/i2c@0[0]'
[    0.549292] i2c i2c-2: using lookup tables for GPIO lookup
[    0.549300] i2c i2c-2: No GPIO consumer sda found
[    0.550024] omap_i2c 4819c000.i2c: bus 2 rev0.11 at 100 kHz
[    0.555918] gpiochip_find_base_unlocked: found new base at 544
[    0.556028] gpio gpiochip1: (gpio-32-63): created GPIO range 0->17 ==> 44e10800.pinmux PIN 34->51
[    0.556049] gpio gpiochip1: (gpio-32-63): created GPIO range 18->21 ==> 44e10800.pinmux PIN 77->80
[    0.556064] gpio gpiochip1: (gpio-32-63): created GPIO range 22->31 ==> 44e10800.pinmux PIN 56->65
[    0.577898] gpio gpiochip1: (gpio-32-63): added GPIO chardev (254:1)
[    0.578125] gpio gpiochip1: registered GPIOs 544 to 575 on gpio-32-63
[    0.580418] gpiochip_find_base_unlocked: found new base at 576
[    0.580513] gpio gpiochip2: (gpio-64-95): created GPIO range 0->4 ==> 44e10800.pinmux PIN 66->70
[    0.580533] gpio gpiochip2: (gpio-64-95): created GPIO range 5->6 ==> 44e10800.pinmux PIN 98->99
[    0.580548] gpio gpiochip2: (gpio-64-95): created GPIO range 7->8 ==> 44e10800.pinmux PIN 75->76
[    0.580564] gpio gpiochip2: (gpio-64-95): created GPIO range 13->13 ==> 44e10800.pinmux PIN 141->141
[    0.580580] gpio gpiochip2: (gpio-64-95): created GPIO range 14->21 ==> 44e10800.pinmux PIN 100->107
[    0.581234] gpio gpiochip2: (gpio-64-95): added GPIO chardev (254:2)
[    0.581598] gpio gpiochip2: registered GPIOs 576 to 607 on gpio-64-95
[    0.587240] 48000000.interconnect:segment@200000:target-module@0:mpu@0:fck: device ID is greater than 24
[    0.588158] /ocp/interconnect@48000000/segment@300000/target-module@e000/lcdc@0: Fixed dependency cycle(s) with /ocp/interconnect@44c00000/segment@200000/target-module@b000/i2c@0/tda19988@70
[    0.590977] /ocp/interconnect@48000000/segment@300000/target-module@e000/lcdc@0: Fixed dependency cycle(s) with /ocp/interconnect@44c00000/segment@200000/target-module@b000/i2c@0/tda19988@70
[    0.591899] /ocp/interconnect@44c00000/segment@200000/target-module@b000/i2c@0/tda19988@70: Fixed dependency cycle(s) with /ocp/interconnect@48000000/segment@300000/target-module@e000/lcdc@0
[    0.592083] /ocp/interconnect@48000000/segment@300000/target-module@e000/lcdc@0: Fixed dependency cycle(s) with /ocp/interconnect@44c00000/segment@200000/target-module@b000/i2c@0/tda19988@70
[    0.601852] mdio_bus 4a101000.mdio: using DT '/ocp/interconnect@4a000000/segment@0/target-module@100000/switch@0/mdio@1000' for 'reset' GPIO lookup
[    0.601921] of_get_named_gpiod_flags: can't parse 'reset-gpios' property of node '/ocp/interconnect@4a000000/segment@0/target-module@100000/switch@0/mdio@1000[0]'
[    0.601969] of_get_named_gpiod_flags: can't parse 'reset-gpio' property of node '/ocp/interconnect@4a000000/segment@0/target-module@100000/switch@0/mdio@1000[0]'
[    0.602017] mdio_bus 4a101000.mdio: using lookup tables for GPIO lookup
[    0.602027] mdio_bus 4a101000.mdio: No GPIO consumer reset found
[    0.603197] sdhci-omap 481d8000.mmc: using DT '/ocp/interconnect@48000000/segment@100000/target-module@d8000/mmc@0' for 'wp' GPIO lookup
[    0.603261] of_get_named_gpiod_flags: can't parse 'wp-gpios' property of node '/ocp/interconnect@48000000/segment@100000/target-module@d8000/mmc@0[0]'
[    0.603306] of_get_named_gpiod_flags: can't parse 'wp-gpio' property of node '/ocp/interconnect@48000000/segment@100000/target-module@d8000/mmc@0[0]'
[    0.603341] sdhci-omap 481d8000.mmc: using lookup tables for GPIO lookup
[    0.603350] sdhci-omap 481d8000.mmc: No GPIO consumer wp found
[    0.603541] sdhci-omap 481d8000.mmc: supply pbias not found, using dummy regulator
[    0.604029] sdhci-omap 481d8000.mmc: supply vqmmc not found, using dummy regulator
[    0.664444] davinci_mdio 4a101000.mdio: davinci mdio revision 1.6, bus freq 1000000
[    0.679465] mdio_bus 4a101000.mdio:00: using DT '/ocp/interconnect@4a000000/segment@0/target-module@100000/switch@0/mdio@1000/ethernet-phy@0' for 'reset' GPIO lookup
[    0.679566] of_get_named_gpiod_flags: parsed 'reset-gpios' property of node '/ocp/interconnect@4a000000/segment@0/target-module@100000/switch@0/mdio@1000/ethernet-phy@0[0]' - status (0)
[    0.679725] gpio gpiochip0: Persistence not supported for GPIO 8
[    0.828878] davinci_mdio 4a101000.mdio: phy[0]: device 4a101000.mdio:00, driver SMSC LAN8710/LAN8720
[    0.829640] cpsw-switch 4a100000.switch: initialized cpsw ale version 1.4
[    0.829663] cpsw-switch 4a100000.switch: ALE Table size 1024, Policers 0
[    0.829832] cpsw-switch 4a100000.switch: cpts: overflow check period 500 (jiffies)
[    0.829849] cpsw-switch 4a100000.switch: CPTS: ref_clk_freq:250000000 calc_mult:2147483648 calc_shift:29 error:0 nsec/sec
[    0.829955] cpsw-switch 4a100000.switch: Detected MACID = 6c:ec:eb:68:de:78
[    0.831998] cpsw-switch 4a100000.switch: initialized (regs 0x4a100000, pool size 256) hw_ver:0019010C 1.12 (0)
[    0.843068] debugfs: '49000000.dma' already exists in 'dmaengine'
[    0.843111] edma 49000000.dma: TI EDMA DMA engine driver
[    0.892061] gpio-clk clk_mcasp0: using DT '/clk_mcasp0' for 'enable' GPIO lookup
[    0.892138] of_get_named_gpiod_flags: parsed 'enable-gpios' property of node '/clk_mcasp0[0]' - status (0)
[    0.892183] gpio gpiochip0: Persistence not supported for GPIO 27
[    0.893066] gpiochip_find_base_unlocked: found new base at 608
[    0.893178] gpio gpiochip3: (gpio-96-127): created GPIO range 0->7 ==> 44e10800.pinmux PIN 82->89
[    0.893199] gpio gpiochip3: (gpio-96-127): created GPIO range 8->11 ==> 44e10800.pinmux PIN 52->55
[    0.893214] gpio gpiochip3: (gpio-96-127): created GPIO range 12->15 ==> 44e10800.pinmux PIN 94->97
[    0.893231] gpio gpiochip3: (gpio-96-127): created GPIO range 16->17 ==> 44e10800.pinmux PIN 71->72
[    0.893246] gpio gpiochip3: (gpio-96-127): created GPIO range 18->18 ==> 44e10800.pinmux PIN 135->135
[    0.893264] gpio gpiochip3: (gpio-96-127): created GPIO range 19->20 ==> 44e10800.pinmux PIN 108->109
[    0.893280] gpio gpiochip3: (gpio-96-127): created GPIO range 21->21 ==> 44e10800.pinmux PIN 73->73
[    0.893297] gpio gpiochip3: (gpio-96-127): created GPIO range 22->23 ==> 44e10800.pinmux PIN 8->9
