Labgrid Console Logfile for main
Logfile started at 2025-09-18 21:47:48.158491
=== Log starts here ===
reading args
spl_load_image_fat_os: error reading image args, err - -1
reading u-boot.img
reading u-boot.img


U-Boot 2014.04-00014-g47880f5 (Apr 22 2014 - 13:23:54)

I2C:   ready
DRAM:  512 MiB
NAND:  0 MiB
MMC:   OMAP SD/MMC: 0, OMAP SD/MMC: 1
*** Warning - readenv() failed, using default environment

Net:   <ethaddr> not set. Validating first E-fuse MAC
cpsw, usb_ether
Hit any key to stop autoboot:  1  0 
gpio: pin 53 (gpio 53) value is 1
mmc0 is current device
gpio: pin 54 (gpio 54) value is 1
SD/MMC found on device 0
reading uEnv.txt
569 bytes read in 4 ms (138.7 KiB/s)
gpio: pin 55 (gpio 55) value is 1
Loaded environment from uEnv.txt
Importing environment from mmc ...
Checking if uenvcmd is set ...
gpio: pin 56 (gpio 56) value is 1
Running uenvcmd ...
cpsw Waiting for PHY auto negotiation to complete. done
link up on port 0, speed 100, full duplex
Using cpsw device
TFTP from server 192.168.255.126; our IP address is 192.168.255.1
Filename 'zImage'.
Load address: 0x81000000
Loading: *#################################################################
	 #################################################################
	 #################################################################
	 #################################################################
	 #################################################################
	 ##############################################################
	 2.4 MiB/s
done
Bytes transferred = 5676872 (569f48 hex)
link up on port 0, speed 100, full duplex
Using cpsw device
TFTP from server 192.168.255.126; our IP address is 192.168.255.1
Filename 'am335x-boneblack.dtb'.
Load address: 0x82000000
Loading: *#######
	 1.4 MiB/s
done
Bytes transferred = 98148 (17f64 hex)
Kernel image @ 0x81000000 [ 0x000000 - 0x569f48 ]
## Flattened Device Tree blob at 82000000
   Booting using the fdt blob at 0x82000000
   Using Device Tree in place at 82000000, end 8201af63

Starting kernel ...

[    0.000000] Booting Linux on physical CPU 0x0
[    0.000000] Linux version 6.17.0-rc6-next-20250918 (user01@drvtest01) (arm-none-eabi-gcc (Arm GNU Toolchain 14.2.Rel1 (Build arm-14.52)) 14.2.1 20241119, GNU ld (Arm GNU Toolchain 14.2.Rel1 (Build arm-14.52)) 2.43.1.20241119) #1 SMP Thu Sep 18 21:46:04 EEST 2025
[    0.000000] CPU: ARMv7 Processor [413fc082] revision 2 (ARMv7), cr=10c5387d
[    0.000000] CPU: PIPT / VIPT nonaliasing data cache, VIPT aliasing instruction cache
[    0.000000] OF: fdt: Machine model: TI AM335x BeagleBone Black
[    0.000000] Memory policy: Data cache writeback
[    0.000000] cma: Reserved 16 MiB at 0x9e800000
[    0.000000] Zone ranges:
[    0.000000]   Normal   [mem 0x0000000080000000-0x000000009fdfffff]
[    0.000000]   HighMem  empty
[    0.000000] Movable zone start for each node
[    0.000000] Early memory node ranges
[    0.000000]   node   0: [mem 0x0000000080000000-0x000000009fdfffff]
[    0.000000] Initmem setup node 0 [mem 0x0000000080000000-0x000000009fdfffff]
[    0.000000] On node 0, zone Normal: 512 pages in unavailable ranges
[    0.000000] OF: reserved mem: Reserved memory: No reserved-memory node in the DT
[    0.000000] CPU: All CPU(s) started in SVC mode.
[    0.000000] AM335X ES2.1 (sgx neon)
[    0.000000] percpu: Embedded 17 pages/cpu s39884 r8192 d21556 u69632
[    0.000000] Kernel command line: console=ttyO0,115200n8 root=/dev/nfs rw nfsroot=192.168.255.126:/home/user01/nfs,nfsvers=3 ip=192.168.255.1:192.168.255.126::255.255.255.0:bbb1:eth0 nfsrootdebug
[    0.000000] Unknown kernel command line parameters "nfsrootdebug", will be passed to user space.
[    0.000000] printk: log buffer data + meta data: 65536 + 204800 = 270336 bytes
[    0.000000] Dentry cache hash table entries: 65536 (order: 6, 262144 bytes, linear)
[    0.000000] Inode-cache hash table entries: 32768 (order: 5, 131072 bytes, linear)
[    0.000000] Built 1 zonelists, mobility grouping on.  Total pages: 130560
[    0.000000] mem auto-init: stack:off, heap alloc:off, heap free:off
[    0.000000] SLUB: HWalign=16, Order=0-3, MinObjects=0, CPUs=1, Nodes=1
[    0.000000] rcu: Hierarchical RCU implementation.
[    0.000000] rcu: 	RCU event tracing is enabled.
[    0.000000] rcu: 	RCU restricting CPUs from NR_CPUS=2 to nr_cpu_ids=1.
[    0.000000] 	Tracing variant of Tasks RCU enabled.
[    0.000000] rcu: RCU calculated value of scheduler-enlistment delay is 10 jiffies.
[    0.000000] rcu: Adjusting geometry for rcu_fanout_leaf=16, nr_cpu_ids=1
[    0.000000] RCU Tasks Trace: Setting shift to 0 and lim to 1 rcu_task_cb_adjust=1 rcu_task_cpu_ids=1.
[    0.000000] NR_IRQS: 16, nr_irqs: 16, preallocated irqs: 16
[    0.000000] IRQ: Found an INTC at 0x(ptrval) (revision 5.0) with 128 interrupts
[    0.000000] rcu: srcu_init: Setting srcu_struct sizes based on contention.
[    0.000000] TI gptimer clocksource: always-on /ocp/interconnect@44c00000/segment@200000/target-module@31000
[    0.000002] sched_clock: 32 bits at 24MHz, resolution 41ns, wraps every 89478484971ns
[    0.000026] clocksource: dmtimer: mask: 0xffffffff max_cycles: 0xffffffff, max_idle_ns: 79635851949 ns
[    0.000497] TI gptimer clockevent: 24000000 Hz at /ocp/interconnect@48000000/segment@0/target-module@40000
[    0.002055] Console: colour dummy device 80x30
[    0.002122] WARNING: Your 'console=ttyO0' has been replaced by 'ttyS0'
[    0.002131] This ensures that you still see kernel messages. Please
[    0.002135] update your kernel commandline.
[    0.002177] Calibrating delay loop... 996.14 BogoMIPS (lpj=4980736)
[    0.090544] CPU: Testing write buffer coherency: ok
[    0.090653] CPU0: Spectre v2: using BPIALL workaround
[    0.090665] pid_max: default: 32768 minimum: 301
[    0.090846] LSM: initializing lsm=capability
[    0.091010] Mount-cache hash table entries: 1024 (order: 0, 4096 bytes, linear)
[    0.091030] Mountpoint-cache hash table entries: 1024 (order: 0, 4096 bytes, linear)
[    0.092617] CPU0: thread -1, cpu 0, socket -1, mpidr 0
[    0.092676] cacheinfo: Unable to detect cache hierarchy for CPU 0
[    0.094694] Setting up static identity map for 0x80100000 - 0x80100078
[    0.095004] rcu: Hierarchical SRCU implementation.
[    0.095013] rcu: 	Max phase no-delay instances is 1000.
[    0.096686] smp: Bringing up secondary CPUs ...
[    0.096741] smp: Brought up 1 node, 1 CPU
[    0.096756] SMP: Total of 1 processors activated (996.14 BogoMIPS).
[    0.096767] CPU: All CPU(s) started in SVC mode.
[    0.096965] Memory: 480872K/522240K available (11264K kernel code, 1222K rwdata, 2948K rodata, 1024K init, 254K bss, 23332K reserved, 16384K cma-reserved, 0K highmem)
[    0.097798] devtmpfs: initialized
[    0.115704] VFP support v0.3: implementor 41 architecture 3 part 30 variant c rev 3
[    0.116339] clocksource: jiffies: mask: 0xffffffff max_cycles: 0xffffffff, max_idle_ns: 19112604462750000 ns
[    0.116399] posixtimers hash table entries: 512 (order: 0, 4096 bytes, linear)
[    0.116426] futex hash table entries: 256 (16384 bytes on 1 NUMA nodes, total 16 KiB, linear).
[    0.117555] pinctrl core: initialized pinctrl subsystem
[    0.119661] NET: Registered PF_NETLINK/PF_ROUTE protocol family
[    0.122733] DMA: preallocated 256 KiB pool for atomic coherent allocations
[    0.123348] audit: initializing netlink subsys (disabled)
[    0.124692] thermal_sys: Registered thermal governor 'fair_share'
[    0.124706] thermal_sys: Registered thermal governor 'step_wise'
[    0.124715] thermal_sys: Registered thermal governor 'user_space'
[    0.124825] audit: type=2000 audit(0.120:1): state=initialized audit_enabled=0 res=1
[    0.124902] cpuidle: using governor menu
[    0.146013] /ocp/interconnect@44c00000/segment@200000/target-module@b000/i2c@0/tda19988@70: Fixed dependency cycle(s) with /ocp/interconnect@48000000/segment@300000/target-module@e000/lcdc@0
[    0.147111] /ocp/interconnect@48000000/segment@300000/target-module@e000/lcdc@0: Fixed dependency cycle(s) with /ocp/interconnect@44c00000/segment@200000/target-module@b000/i2c@0/tda19988@70
[    0.149356] No ATAGs?
[    0.149394] hw-breakpoint: debug architecture 0x4 unsupported.
[    0.152629] kprobes: kprobe jump-optimization is enabled. All kprobes are optimized if possible.
[    0.163572] iommu: Default domain type: Translated
[    0.163595] iommu: DMA domain TLB invalidation policy: strict mode
[    0.166370] SCSI subsystem initialized
[    0.171338] pps_core: LinuxPPS API ver. 1 registered
[    0.171348] pps_core: Software ver. 5.3.6 - Copyright 2005-2007 Rodolfo Giometti <giometti@linux.it>
[    0.171372] PTP clock support registered
[    0.173401] vgaarb: loaded
[    0.173742] clocksource: Switched to clocksource dmtimer
[    0.174408] VFS: Disk quotas dquot_6.6.0
[    0.174466] VFS: Dquot-cache hash table entries: 1024 (order 0, 4096 bytes)
[    0.200818] NET: Registered PF_INET protocol family
[    0.201161] IP idents hash table entries: 8192 (order: 4, 65536 bytes, linear)
[    0.202599] tcp_listen_portaddr_hash hash table entries: 512 (order: 0, 4096 bytes, linear)
[    0.202635] Table-perturb hash table entries: 65536 (order: 6, 262144 bytes, linear)
[    0.202654] TCP established hash table entries: 4096 (order: 2, 16384 bytes, linear)
[    0.202701] TCP bind hash table entries: 4096 (order: 4, 65536 bytes, linear)
[    0.202801] TCP: Hash tables configured (established 4096 bind 4096)
[    0.202924] UDP hash table entries: 256 (order: 1, 14336 bytes, linear)
[    0.202958] UDP-Lite hash table entries: 256 (order: 1, 14336 bytes, linear)
[    0.203175] NET: Registered PF_UNIX/PF_LOCAL protocol family
[    0.214470] RPC: Registered named UNIX socket transport module.
[    0.214494] RPC: Registered udp transport module.
[    0.214500] RPC: Registered tcp transport module.
[    0.214504] RPC: Registered tcp-with-tls transport module.
[    0.214509] RPC: Registered tcp NFSv4.1 backchannel transport module.
[    0.214534] PCI: CLS 0 bytes, default 64
[    0.215962] Initialise system trusted keyrings
[    0.216735] workingset: timestamp_bits=14 max_order=17 bucket_order=3
[    0.218568] NFS: Registering the id_resolver key type
[    0.218654] Key type id_resolver registered
[    0.218662] Key type id_legacy registered
[    0.218773] jffs2: version 2.2. (NAND) (SUMMARY)  Â© 2001-2006 Red Hat, Inc.
[    0.219239] Key type asymmetric registered
[    0.219255] Asymmetric key parser 'x509' registered
[    0.219328] io scheduler mq-deadline registered
[    0.219339] io scheduler kyber registered
[    0.219425] io scheduler bfq registered
[    0.221314] target-module@4b000000:target-module@140000:pmu@0:fck: device ID is greater than 24
[    0.227503] l3-aon-clkctrl:0000:0: failed to disable
[    0.233898] ledtrig-cpu: registered to indicate activity on CPUs
[    0.237703] Serial: 8250/16550 driver, 6 ports, IRQ sharing enabled
[    0.277118] brd: module loaded
[    0.296532] loop: module loaded
[    0.297474] mtdoops: mtd device (mtddev=name/number) must be supplied
[    0.300505] i2c_dev: i2c /dev entries driver
[    0.301527] cpuidle: enable-method property 'ti,am3352' found operations
[    0.301979] sdhci: Secure Digital Host Controller Interface driver
[    0.301988] sdhci: Copyright(c) Pierre Ossman
[    0.302170] sdhci-pltfm: SDHCI platform and OF driver helper
[    0.322988] hw perfevents: enabled with armv7_cortex_a8 PMU driver, 5 (8000000f) counters available
[    0.323561] Initializing XFRM netlink socket
[    0.323898] NET: Registered PF_INET6 protocol family
[    0.330468] l3-aon-clkctrl:0000:0: failed to disable
[    0.331018] Segment Routing with IPv6
[    0.331095] In-situ OAM (IOAM) with IPv6
[    0.331190] sit: IPv6, IPv4 and MPLS over IPv4 tunneling driver
[    0.332172] NET: Registered PF_PACKET protocol family
[    0.332201 ] NET: Registered PF_KEY protocol family
[    0.332330] Key type dns_resolver registered
[    0.332557] ThumbEE CPU extension supported.
[    0.332576] Registering SWP/SWPB emulation handler
[    0.333100] omap_voltage_late_init: Voltage driver support not added
[    0.333993] SmartReflex Class3 initialized
[    0.357305] Loading compiled-in X.509 certificates
[    0.389061] /ocp/interconnect@44c00000/segment@200000/target-module@b000/i2c@0/tda19988@70: Fixed dependency cycle(s) with /ocp/interconn ect@48000000/segment@300000/target-module@e000/lcdc@0
[    0.395670] /ocp/interconnect@44c00000/segment@200000/target-module@b000/i2c@0/tda19988@70: Fixed dependency cycle(s) with /ocp/interconnect@48000000/segment@300000/target-module@e000/lcdc@0
[    0.427974] /ocp/interconnect@44c00000/segment@200000/target-module@b000/i2c@0/tda19988@70: Fixed dependency cycle(s) with /ocp/interconnect@48000000/segment@300000/target-module@e000/lcdc@0
[    0.428853] /ocp/interconnect@44c00000/segment@200000/target-module@b000/i2c@0/tda19988@70: Fixed dependency cycle(s) with /ocp/interconnect@48000000/segment@300000/target-module@e000/lcdc@0
[    0.432355] /ocp/interconnect@44c00000/segment@200000/target-module@10000/scm@0/pinmux@800: Fixed dependency cycle(s) with /ocp/interconnect@44c00000/segment@200000/target-module@10000/scm@0/pinmux@800/clkout2-pins
[    0.432931] pinctrl-single 44e10800.pinmux: 142 pins, size 568
[    0.438616] ti-sysc 44e31000.target-module: probe with driver ti-sysc failed with error -16
[    0.486038] /ocp/interconnect@48000000/segment@300000/target-module@e000/lcdc@0: Fixed dependency cycle(s) with /ocp/interconnect@44c00000/segment@200000/target-module@b000/i2c@0/tda19988@70
[    0.494289] ti-sysc 48040000.target-module: probe with driver ti-sysc failed with error -16
[    0.543420] OMAP GPIO hardware version 0.1
[    0.566729] omap_i2c 4819c000.i2c: bus 2 rev0.11 at 100 kHz
[    0.595590] 48000000.interconnect:segment@200000:target-module@0:mpu@0:fck: device ID is greater than 24
[    
[    2.454723] tps65217-pmic: Failed to locate of_node [id: -1]
[    2.460797] tps65217-bl: Failed to locate of_node [id: -1]
[    2.466894] platform tps65217-charger: DMA mask not set
[    2.472934] platform tps65217-pwrbutton: DMA mask not set
[    2.480196] tps65217 0-0024: TPS65217 ID 0xe version 1.2
[    2.486314] /ocp/interconnect@48000000/segment@300000/target-module@e000/lcdc@0: Fixed dependency cycle(s) with /ocp/interconnect@44c00000/segment@200000/target-module@b000/i2c@0/tda19988@70
[    2.503764] /ocp/interconnect@44c00000/segment@200000/target-module@b000/i2c@0/tda19988@70: Fixed dependency cycle(s) with /ocp/interconnect@48000000/segment@300000/target-module@e000/lcdc@0
[    2.521146] omap_i2c 44e0b000.i2c: bus 0 rev0.11 at 400 kHz
[    2.529110] omap_gpio 44e07000.gpio: Could not set line 6 debounce to 200000 microseconds (-22)
[    2.537993] sdhci-omap 48060000.mmc: Got CD GPIO
[    2.543000] sdhci-omap 48060000.mmc: supply pbias not found, using dummy regulator
[    2.552981] sdhci-omap 48060000.mmc: supply vqmmc not found, using dummy regulator
[    2.562017] sdhci-omap 481d8000.mmc: supply pbias not found, using dummy regulator
[    2.572263] sdhci-omap 481d8000.mmc: supply vqmmc not found, using dummy regulator
[    2.607528] mmc0: SDHCI controller on 48060000.mmc [48060000.mmc] using External DMA
[    2.615774] mmc1: SDHCI controller on 481d8000.mmc [481d8000.mmc] using External DMA
[    2.624550] cpsw-switch 4a100000.switch: starting ndev. mode: dual_mac
[    2.694006] mmc1: new high speed MMC card at address 0001
[    2.700827] mmcblk1: mmc1:0001 MMC04G 3.60 GiB
[    2.708806]  mmcblk1: p1 p2
[    2.713130] mmcblk1boot0: mmc1:0001 MMC04G 2.00 MiB
[    2.720648] SMSC LAN8710/LAN8720 4a101000.mdio:00: attached PHY driver (mii_bus:phy_addr=4a101000.mdio:00, irq=POLL)
[    2.733671] mmcblk1boot1: mmc1:0001 MMC04G 2.00 MiB
[    2.747056] mmcblk1rpmb: mmc1:0001 MMC04G 128 KiB, chardev (249:0)
[    2.796793] mmc0: new high speed SDHC card at address aaaa
[    2.803651] mmcblk0: mmc0:aaaa SE32G 29.7 GiB
[    2.812892]  mmcblk0: p1 p2
[    5.924514] cpsw-switch 4a100000.switch eth0: Link is Up - 100Mbps/Full - flow control off
[    5.963993] IP-Config: Complete:
[    5.967271]      device=eth0, hwaddr=6c:ec:eb:68:de:78, ipaddr=192.168.255.1, mask=255.255.255.0, gw=255.255.255.255
[    5.977937]      host=bbb1, domain=, nis-domain=(none)
[    5.983106]      bootserver=192.168.255.126, rootserver=192.168.255.126, rootpath=
[    5.983544] clk: Disabling unused clocks
[    5.995383] PM: genpd: Disabling unused power domains
[    6.000535] KTAP version 1
[    6.003258] 1..0
[    6.005748] check access for rdinit=/init failed: -2, ignoring
[    6.037077] VFS: Mounted root (nfs filesystem) on device 0:17.
[    6.043982] devtmpfs: mounted
[    6.048615] Freeing unused kernel image (initmem) memory: 1024K
[    6.055378] Run /sbin/init as init process
[    6.721740] systemd[1]: System time before build time, advancing clock.
[    8.233762] random: crng init done
[    8.246508] systemd[1]: systemd 232 running in system mode. (+PAM +AUDIT +SELINUX +IMA +APPARMOR +SMACK +SYSVINIT +UTMP +LIBCRYPTSETUP +GCRYPT +GNUTLS +ACL +XZ +LZ4 +SECCOMP +BLKID +ELFUTILS +KMOD +IDN)
[    8.265600] systemd[1]: Detected architecture arm.

Welcome to [1mDebian GNU/Linux 9 (stretch)[0m!

[    8.297114] systemd[1]: Set hostname to <arm>.
[    9.413551] systemd[1]: Set up automount Arbitrary Executable File Formats File System Automount Point.
[[0;32m  OK  [0m] Set up automount Arbitrary Executabâ€¦rmats File System Automount Point.
[    9.447765] systemd[1]: systemd-journald-dev-log.socket: SO_PASSSEC failed: Operation not supported
[    9.457428] systemd[1]: Listening on Journal Socket (/dev/log).
[[0;32m  OK  [0m] Listening on Journal Socket (/dev/log).
[    9.485682] systemd[1]: Listening on udev Control Socket.
[[0;32m  OK  [0m] Listening on udev Control Socket.
[    9.515300] systemd[1]: Created slice System Slice.
[[0;32m  OK  [0m] Created slice System Slice.
[    9.554471] systemd[1]: Mounting POSIX Message Queue File System...
         Mounting POSIX Message Queue File System...
[    9.596295] systemd[1]: Mounting Debug File System...
         Mounting Debug File System...
[[0;32m  OK  [0m] Created slice system-serial\x2dgetty.slice.
[[0;32m  OK  [0m] Listening on Journal Socket.
[[0;32m  OK  [0m] Listening on Syslog Socket.
         Starting Create list of required stâ€¦ce nodes for the current kernel...
[[0;32m  OK  [0m] Reached target Remote File Systems.
         Starting Load Kernel Modules...
[[0;32m  OK  [0m] Reached target Swap.
[[0;32m  OK  [0m] Started Forward Password Requests to Wall Directory Watch.
[[0;32m  OK  [0m] Listening on Journal Audit Socket.
         Starting Journal Service...
[[0;32m  OK  [0m] Listening on udev Kernel Socket.
[[0;32m  OK  [0m] Listening on /dev/initctl Compatibility Named Pipe.
         Starting Remount Root and Kernel File Systems...
[[0;32m  OK  [0m] Created slice system-getty.slice.
[[0;32m  OK  [0m] Created slice User and Session Slice.
[[0;32m  OK  [0m] Reached target Slices.
[[0;32m  OK  [0m] Started Dispatch Password Requests to Console Directory Watch.
[[0;32m  OK  [0m] Reached target Encrypted Volumes.
[[0;32m  OK  [0m] Reached target Paths.
[[0;32m  OK  [0m] Mounted POSIX Message Queue File System.
[[0;32m  OK  [0m] Mounted Debug File System.
[[0;32m  OK  [0m] Started Create list of required staâ€¦vice nodes for the current kernel.
[[0;32m  OK  [0m] Started Load Kernel Modules.
[[0;32m  OK  [0m] Started Remount Root and Kernel File Systems.
         Starting Load/Save Random Seed...
         Starting udev Coldplug all Devices...
         Starting Apply Kernel Variables...
         Mounting Configuration File System...
         Starting Create Static Device Nodes in /dev...
[[0;32m  OK  [0m] Started Load/Save Random Seed.
[[0;32m  OK  [0m] Mounted Configuration File System.
[[0;32m  OK  [0m] Started Apply Kernel Variables.
[[0;32m  OK  [0m] Started Journal Service.
         Starting Flush Journal to Persistent Storage...
[[0;32m  OK  [0m] Started Create Static Device Nodes in /dev.
[[0;32m  OK  [0m] Reached target Local File Systems (Pre).
[[0;32m  OK  [0m] Reached target Local File Systems.
         Starting Raise network interfaces...
         Starting udev Kernel Device Manager...
[   11.449621] systemd-journald[88]: Received request to flush runtime journal from PID 1
[[0;32m  OK  [0m] Started Flush Journal to Persistent Storage.
         Starting Create Volatile Files and Directories...
[[0;32m  OK  [0m] Started udev Kernel Device Manager.
[   12.644122] omap_prm 44e00d00.prm: sync_state() pending due to 44d00000.cpu
[[0;32m  OK  [0m] Started Create Volatile Files and Directories.
         Starting Update UTMP about System Boot/Shutdown...
         Starting Network Time Synchronization...
[[0;32m  OK  [0m] Started Update UTMP about System Boot/Shutdown.
[[0;32m  OK  [0m] Started udev Coldplug all Devices.
[[0;32m  OK  [0m] Started Network Time Synchronization.
[[0;32m  OK  [0m] Reached target System Time Synchronized.
[[0;32m  OK  [0m] Reached target System Initialization.
[[0;32m  OK  [0m] Listening on D-Bus System Message Bus Socket.
[[0;32m  OK  [0m] Started Daily Cleanup of Temporary Directories.
[[0;32m  OK  [0m] Listening on Avahi mDNS/DNS-SD Stack Activation Socket.
[[0;32m  OK  [0m] Reached target Sockets.
[[0;32m  OK  [0m] Reached target Basic System.
[   14.817907] remoteproc remoteproc0: wkup_m3 is available
[[0;32m  OK  [0m] Started Regular background program processing daemon.
[   15.061234] omap_wdt: OMAP Watchdog Timer Rev 0x01: initial timeout 60 sec
         Starting LSB: Load kernel modules needed to enable cpufreq scaling...
[   15.196157] at24 2-0054: supply vcc not found, using dummy regulator
         Starting System Logging Service...
[   15.324662] at24 2-0055: supply vcc not found, using dummy regulator
         Starting Cape Manager Service...
[   15.480072] at24 2-0056: supply vcc not found, using dummy regulator
         Starting DUN service...
[   15.617071] at24 2-0057: supply vcc not found, using dummy regulator
         Starting Telephony service...
[   15.754839] input: tps65217_pwrbutton as /devices/platform/ocp/44c00000.interconnect/44c00000.interconnect:segment@200000/44e0b000.target-module/44e0b000.i2c/i2c-0/0-0024/tps65217-pwrbutton/input/input0
[   15.784487] at24 0-0050: 32768 byte 24c256 EEPROM, writable, 1 bytes/write
[[0;32m  OK  [0m] Started Daily apt download activities.
[[0;32m  OK  [0m] Started Daily apt upgrade and clean activities.
[[0;32m  OK  [0m] Reached target Timers.
[   16.048404] omap_rtc 44e3e000.rtc: registered as rtc0
[   16.053948] omap_rtc 44e3e000.rtc: setting system clock to 2000-01-01T00:00:00 UTC (946684800)
         Starting Generic Board Startup...
         Starting Avahi mDNS/DNS-SD Stack...
[[0;32m  OK  [0m] Started D-Bus System Message Bus.
[   16.780798] am335x-phy-driver 47401300.usb-phy: dummy supplies not allowed for exclusive requests (id=vbus)
[   16.923330] am335x-phy-driver 47401b00.usb-phy: dummy supplies not allowed for exclusive requests (id=vbus)
[   17.256199] usbcore: registered new interface driver usbfs
[   17.261961] usbcore: registered new interface driver hub
[   17.267627] usbcore: registered new device driver usb
[   18.137343] omap-mailbox 480c8000.mailbox: omap mailbox rev 0x400
[   18.223387] remoteproc remoteproc0: powering up wkup_m3
[   18.237868] musb-hdrc musb-hdrc.1: MUSB HDRC host driver
[   18.243282] musb-hdrc musb-hdrc.1: new USB bus registered, assigned bus number 1
[   18.325517] tda998x 0-0070: found TDA19988
[   18.425294] remoteproc remoteproc0: Direct firmware load for am335x-pm-firmware.elf failed with error -2
[   18.435066] remoteproc remoteproc0: request_firmware failed: -2
[   18.441029] wkup_m3_ipc 44e11324.wkup_m3_ipc: rproc_boot failed
[   18.554050] usb usb1: New USB device found, idVendor=1d6b, idProduct=0002, bcdDevice= 6.17
[   18.563349] usb usb1: New USB device strings: Mfr=3, Product=2, SerialNumber=1
[   18.570785] usb usb1: Product: MUSB HDRC host driver
[   18.575829] usb usb1: Manufacturer: Linux 6.17.0-rc6-next-20250918 musb-hcd
[   18.582831] usb usb1: SerialNumber: musb-hdrc.1
[   18.941604] hub 1-0:1.0: USB hub found
[   18.997218] hub 1-0:1.0: 1 port detected
[   21.075777] omap_rng 48310000.rng: Random Number Generator ver. 20
[[0;32m  OK  [0m] Started DUN service.
[[0;32m  OK  [0m] Started Telephony service.
[[0;32m  OK  [0m] Started Avahi mDNS/DNS-SD Stack.
[   21.249757] ------------[ cut here ]------------
[   21.254580] WARNING: net/8021q/vlan_core.c:236 at vlan_for_each+0x114/0x134, CPU#0: avahi-daemon/185
[   21.263869] RTNL: assertion failed at net/8021q/vlan_core.c (236)
[   21.269996] Modules linked in: drm_client_lib omap_rng rng_core snd_soc_davinci_mcasp snd_soc_ti_udma snd_soc_ti_edma snd_soc_ti_sdma snd_soc_core snd_pcm_dmaengine snd_pcm snd_timer snd omap_mailbox soundcore musb_dsps tda998x musb_hdrc cec udc_core drm_kms_helper usbcore phy_am335x drm phy_generic usb_common wkup_m3_ipc rtc_omap cppi41 tps65218_pwrbutton drm_panel_orientation_quirks at24 phy_am335x_control omap_wdt watchdog wkup_m3_rproc leds_gpio led_class cpufreq_dt autofs4
[   21.312804] CPU: 0 UID: 107 PID: 185 Comm: avahi-daemon Not tainted 6.17.0-rc6-next-20250918 #1 NONE 
[   21.312823] Hardware name: Generic AM33XX (Flattened Device Tree)
[   21.312831] Call trace: 
[   21.312847]  unwind_backtrace from show_stack+0x10/0x14
[   21.312886]  show_stack from dump_stack_lvl+0x50/0x64
[   21.312912]  dump_stack_lvl from __warn+0x88/0x148
[   21.312931]  __warn from warn_slowpath_fmt+0x19c/0x1b0
[   21.312944]  warn_slowpath_fmt from vlan_for_each+0x114/0x134
[   21.312962]  vlan_for_each from cpsw_add_mc_addr+0x40/0xa4
[   21.312983]  cpsw_add_mc_addr from __hw_addr_ref_sync_dev+0x108/0x140
[   21.313008]  __hw_addr_ref_sync_dev from __dev_mc_add+0x7c/0x80
[   21.313029]  __dev_mc_add from igmp6_group_added+0xc8/0xe0
[   21.313052]  igmp6_group_added from __ipv6_dev_mc_inc+0x218/0x364
[   21.313068]  __ipv6_dev_mc_inc from __ipv6_sock_mc_join+0x11c/0x1c0
[   21.313083]  __ipv6_sock_mc_join from do_ipv6_setsockopt+0x1214/0x1310
[   21.313110]  do_ipv6_setsockopt from ipv6_setsockopt+0x60/0xcc
[   21.313130]  ipv6_setsockopt from udpv6_setsockopt+0x2c/0x6c
[   21.313152]  udpv6_setsockopt from sock_common_setsockopt+0x30/0x40
[   21.313181]  sock_common_setsockopt from do_sock_setsockopt+0x50/0x9c
[   21.313201]  do_sock_setsockopt from __sys_setsockopt+0x70/0xbc
[   21.313217]  __sys_setsockopt from ret_fast_syscall+0x0/0x58
[   21.313233] Exception stack(0xe0165fa8 to 0xe0165ff0)
[   21.313247] 5fa0:                   00000014 b6f10ce8 0000000d 00000029 00000014 beae99ec
[   21.313259] 5fc0: 00000014 b6f10ce8 00000014 00000126 0000000d b6eb9ff4 004ae988 00496558
[   21.313268] 5fe0: b6ecf088 beae99d8 b6eac309 b6d8341a
[   21.313276] ---[ end trace 0000000000000000 ]---
         Starting Connection service...
         Starting LSB: Start busybox udhcpd at boot time...
[   21.686580] tilcdc 4830e000.lcdc: bound 0-0070 (ops tda998x_audio_codec_init [tda998x])
         Starting Login Service...
[[0;32m  OK  [0m] Started System Logging Service.
[[0;32m  OK  [0m] Started Cape Manager Service.[   21.869674] [drm] Initialized tilcdc 1.0.0 for 4830e000.lcdc on minor 0

[   21.979617] tilcdc 4830e000.lcdc: [drm] Cannot find any crtc or sizes
[   21.992924] tilcdc 4830e000.lcdc: [drm] Cannot find any crtc or sizes
[[0;32m  OK  [0m] Found device /dev/ttyS0.
[   23.268465] omap-sham 53100000.sham: hw accel on OMAP rev 4.3
[   23.386574] omap-sham 53100000.sham: will run requests pump with realtime priority
[   23.415958] PM: Cannot get wkup_m3_ipc handle
[   23.704980] omap-aes 53500000.aes: OMAP AES hw accel rev: 3.2
[   23.797038] omap-aes 53500000.aes: will run requests pump with realtime priority
[   23.805768] PM: Cannot get wkup_m3_ipc handle
[   23.951904] Bluetooth: Core ver 2.22
[   23.956126] NET: Registered PF_BLUETOOTH protocol family
[   23.961478] Bluetooth: HCI device and connection manager initialized
[   23.968216] Bluetooth: HCI socket layer initialized
[   23.973142] Bluetooth: L2CAP socket layer initialized
[   23.978322] Bluetooth: SCO socket layer initialized
[   27.189106] PM: Cannot get wkup_m3_ipc handle
[   27.249389] gpio-537 (nxp,calib): gpiod_direction_output_nonotify: tried to set a GPIO tied to an IRQ as output
[   27.347839] PM: Cannot get wkup_m3_ipc handle
[   27.524430] tda9950 0-0034: TDA9950 CEC interface, hardware version 3.3
[   27.600379] PM: Cannot get wkup_m3_ipc handle
[[0m[0;31m*     [0m] (1 of 6) A start job is running forâ€¦onnection service (18s / 1min 42s)[K[[0;32m  OK  [0m] Started LSB: Start busybox udhcpd at boot time.
[[0;32m  OK  [0m] Started LSB: Load kernel modules needed to enable cpufreq scaling.
[[0;32m  OK  [0m] Started Raise network interfaces.
[   29.153395] configfs-gadget.g_multi gadget.0: HOST MAC 1c:ba:8c:a2:ed:6c
[   29.160413] configfs-gadget.g_multi gadget.0: MAC 1c:ba:8c:a2:ed:70
[   29.167819] configfs-gadget.g_multi gadget.0: HOST MAC 1c:ba:8c:a2:ed:6c
[   29.174671] configfs-gadget.g_multi gadget.0: MAC 1c:ba:8c:a2:ed:6d
[   29.182195] PM: Cannot get wkup_m3_ipc handle
[[0;32m  OK  [0m] Started Connection service.
[[0;32m  OK  [0m] Started Login Service.
         Starting Hostname Service...
         Starting WPA supplicant...
[[0;32m  OK  [0m] Reached target Sound Card.
         Starting LSB: set CPUFreq kernel parameters...
[[0;32m  OK  [0m] Started Hostname Service.
[[0;32m  OK  [0m] Started WPA supplicant.
[[0;32m  OK  [0m] Reached target Network.
         Starting The Apache HTTP Server...
         Starting Permit User Sessions...
         Starting OpenBSD Secure Shell server...
[[0;32m  OK  [0m] Reached target Network is Online.
         Starting LSB: Advanced IEEE 802.11 management daemon...
[[0;32m  OK  [0m] Started LSB: set CPUFreq kernel parameters.
[[0;32m  OK  [0m] Started Permit User Sessions.
[[0;32m  OK  [0m] Started LSB: Advanced IEEE 802.11 management daemon.
         Stopping LSB: Start busybox udhcpd at boot time...
[[0;32m  OK  [0m] Started Getty on tty1.
[[0;32m  OK  [0m] Started Serial Getty on ttyS0.
[[0;32m  OK  [0m] Reached target Login Prompts.
[[0;32m  OK  [0m] Stopped LSB: Start busybox udhcpd at boot time.
[[0;32m  OK  [0m] Started OpenBSD Secure Shell server.
         Starting dnsmasq - A lightweight DHCP and caching DNS server...
[[0;32m  OK  [0m] Started The Apache HTTP Server.
[[0;32m  OK  [0m] Started dnsmasq - A lightweight DHCP and caching DNS server.
[[0;32m  OK  [0m] Reached target Host and Network Name Lookups.
[[0;32m  OK  [0m] Started Serial Getty on ttyGS0.
[[0;32m  OK  [0m] Started Generic Board Startup.
[[0;32m  OK  [0m] Reached target Multi-User System.
[[0;32m  OK  [0m] Reached target Graphical Interface.
         Starting Update UTMP about System Runlevel Changes...
[[0;32m  OK  [0m] Started Update UTMP about System Runlevel Changes.

Debian GNU/Linux 9 arm ttyS0

default username:password is [debian:temppwd]

arm login: root
Password: 
Last login: Sat Jan  1 00:00:32 UTC 2000 on ttyS0
root
Linux arm 6.17.0-rc6-next-20250918 #1 SMP Thu Sep 18 21:46:04 EEST 2025 armv7l

The programs included with the Debian GNU/Linux system are free software;
the exact distribution terms for each program are described in the
individual files in /usr/share/doc/*/copyright.

Debian GNU/Linux comes with ABSOLUTELY NO WARRANTY, to the extent
permitted by applicable law.
root@arm:~# root
-bash: root: command not found
root@arm:~# dmesg -n 1
echo 'TPZT''CVEAFX'
root@arm:~# echo 'TPZT''CVEAFX'
TPZTCVEAFX
root@arm:~# run() { echo -n "$MARKER"; sh -c "$@"; echo "$MARKER $?"; }
root@arm:~# echo 'ABPH''TLTNNX'
ABPHTLTNNX
root@arm:~# MARKER='AFWP''LQJYNX' run 'cat /proc/version'
AFWPLQJYNXLinux version 6.17.0-rc6-next-20250918 (user01@drvtest01) (arm-none-eabi-gcc (Arm GNU Toolchain 14.2.Rel1 (Build arm-14.52)) 14.2.1 20241119, GNU ld (Arm GNU Toolchain 14.2.Rel1 (Build arm-14.52)) 2.43.1.20241119) #1 SMP Thu Sep 18 21:46:04 EEST 2025
AFWPLQJYNX 0
root@arm:~# echo 'OYMM''LLGHCM'
OYMMLLGHCM
root@arm:~# MARKER='LUGT''JJASQZ' run false
LUGTJJASQZLUGTJJASQZ 1
root@arm:~# Labgrid Console Logfile for main
Logfile started at 2025-09-18 21:48:53.708668
=== Log starts here ===

root@arm:~# run() { echo -n "$MARKER"; sh -c "$@"; echo "$MARKER $?"; }
root@arm:~# echo 'CBSF''FEUHPJ'
CBSFFEUHPJ
root@arm:~# MARKER='PNXV''UZUEKL' run 'ls /iio_generic_buffer; echo $?'
PNXVUZUEKL/iio_generic_buffer
0
PNXVUZUEKL 0
root@arm:~# Labgrid Console Logfile for main
Logfile started at 2025-09-18 21:48:57.122317
=== Log starts here ===

root@arm:~# run() { echo -n "$MARKER"; sh -c "$@"; echo "$MARKER $?"; }
root@arm:~# echo 'ZMNB''ATOKYN'
ZMNBATOKYN
root@arm:~# MARKER='ECMM''SMZZZH' run dmesg
ECMMSMZZZH[    0.000000] Booting Linux on physical CPU 0x0
[    0.000000] Linux version 6.17.0-rc6-next-20250918 (user01@drvtest01) (arm-none-eabi-gcc (Arm GNU Toolchain 14.2.Rel1 (Build arm-14.52)) 14.2.1 20241119, GNU ld (Arm GNU Toolchain 14.2.Rel1 (Build arm-14.52)) 2.43.1.20241119) #1 SMP Thu Sep 18 21:46:04 EEST 2025
[    0.000000] CPU: ARMv7 Processor [413fc082] revision 2 (ARMv7), cr=10c5387d
[    0.000000] CPU: PIPT / VIPT nonaliasing data cache, VIPT aliasing instruction cache
[    0.000000] OF: fdt: Machine model: TI AM335x BeagleBone Black
[    0.000000] Memory policy: Data cache writeback
[    0.000000] cma: Reserved 16 MiB at 0x9e800000
[    0.000000] Zone ranges:
[    0.000000]   Normal   [mem 0x0000000080000000-0x000000009fdfffff]
[    0.000000]   HighMem  empty
[    0.000000] Movable zone start for each node
[    0.000000] Early memory node ranges
[    0.000000]   node   0: [mem 0x0000000080000000-0x000000009fdfffff]
[    0.000000] Initmem setup node 0 [mem 0x0000000080000000-0x000000009fdfffff]
[    0.000000] On node 0, zone Normal: 512 pages in unavailable ranges
[    0.000000] OF: reserved mem: Reserved memory: No reserved-memory node in the DT
[    0.000000] CPU: All CPU(s) started in SVC mode.
[    0.000000] AM335X ES2.1 (sgx neon)
[    0.000000] percpu: Embedded 17 pages/cpu s39884 r8192 d21556 u69632
[    0.000000] pcpu-alloc: s39884 r8192 d21556 u69632 alloc=17*4096
[    0.000000] pcpu-alloc: [0] 0 
[    0.000000] Kernel command line: console=ttyO0,115200n8 root=/dev/nfs rw nfsroot=192.168.255.126:/home/user01/nfs,nfsvers=3 ip=192.168.255.1:192.168.255.126::255.255.255.0:bbb1:eth0 nfsrootdebug
[    0.000000] Unknown kernel command line parameters "nfsrootdebug", will be passed to user space.
[    0.000000] printk: log buffer data + meta data: 65536 + 204800 = 270336 bytes
[    0.000000] Dentry cache hash table entries: 65536 (order: 6, 262144 bytes, linear)
[    0.000000] Inode-cache hash table entries: 32768 (order: 5, 131072 bytes, linear)
[    0.000000] Built 1 zonelists, mobility grouping on.  Total pages: 130560
[    0.000000] mem auto-init: stack:off, heap alloc:off, heap free:off
[    0.000000] SLUB: HWalign=16, Order=0-3, MinObjects=0, CPUs=1, Nodes=1
[    0.000000] rcu: Hierarchical RCU implementation.
[    0.000000] rcu: 	RCU event tracing is enabled.
[    0.000000] rcu: 	RCU restricting CPUs from NR_CPUS=2 to nr_cpu_ids=1.
[    0.000000] 	Tracing variant of Tasks RCU enabled.
[    0.000000] rcu: RCU calculated value of scheduler-enlistment delay is 10 jiffies.
[    0.000000] rcu: Adjusting geometry for rcu_fanout_leaf=16, nr_cpu_ids=1
[    0.000000] RCU Tasks Trace: Setting shift to 0 and lim to 1 rcu_task_cb_adjust=1 rcu_task_cpu_ids=1.
[    0.000000] NR_IRQS: 16, nr_irqs: 16, preallocated irqs: 16
[    0.000000] IRQ: Found an INTC at 0x(ptrval) (revision 5.0) with 128 interrupts
[    0.000000] rcu: srcu_init: Setting srcu_struct sizes based on contention.
[    0.000000] TI gptimer clocksource: always-on /ocp/interconnect@44c00000/segment@200000/target-module@31000
[    0.000002] sched_clock: 32 bits at 24MHz, resolution 41ns, wraps every 89478484971ns
[    0.000026] clocksource: dmtimer: mask: 0xffffffff max_cycles: 0xffffffff, max_idle_ns: 79635851949 ns
[    0.000497] TI gptimer clockevent: 24000000 Hz at /ocp/interconnect@48000000/segment@0/target-module@40000
[    0.002055] Console: colour dummy device 80x30
[    0.002122] WARNING: Your 'console=ttyO0' has been replaced by 'ttyS0'
[    0.002131] This ensures that you still see kernel messages. Please
[    0.002135] update your kernel commandline.
[    0.002177] Calibrating delay loop... 996.14 BogoMIPS (lpj=4980736)
[    0.090544] CPU: Testing write buffer coherency: ok
[    0.090653] CPU0: Spectre v2: using BPIALL workaround
[    0.090665] pid_max: default: 32768 minimum: 301
[    0.090846] LSM: initializing lsm=capability
[    0.091010] Mount-cache hash table entries: 1024 (order: 0, 4096 bytes, linear)
[    0.091030] Mountpoint-cache hash table entries: 1024 (order: 0, 4096 bytes, linear)
[    0.092617] CPU0: thread -1, cpu 0, socket -1, mpidr 0
[    0.092676] cacheinfo: Unable to detect cache hierarchy for CPU 0
[    0.094694] Setting up static identity map for 0x80100000 - 0x80100078
[    0.095004] rcu: Hierarchical SRCU implementation.
[    0.095013] rcu: 	Max phase no-delay instances is 1000.
[    0.096686] smp: Bringing up secondary CPUs ...
[    0.096741] smp: Brought up 1 node, 1 CPU
[    0.096756] SMP: Total of 1 processors activated (996.14 BogoMIPS).
[    0.096767] CPU: All CPU(s) started in SVC mode.
[    0.096965] Memory: 480872K/522240K available (11264K kernel code, 1222K rwdata, 2948K rodata, 1024K init, 254K bss, 23332K reserved, 16384K cma-reserved, 0K highmem)
[    0.097798] devtmpfs: initialized
[    0.115704] VFP support v0.3: implementor 41 architecture 3 part 30 variant c rev 3
[    0.116339] clocksource: jiffies: mask: 0xffffffff max_cycles: 0xffffffff, max_idle_ns: 19112604462750000 ns
[    0.116399] posixtimers hash table entries: 512 (order: 0, 4096 bytes, linear)
[    0.116426] futex hash table entries: 256 (16384 bytes on 1 NUMA nodes, total 16 KiB, linear).
[    0.117555] pinctrl core: initialized pinctrl subsystem
[    0.119661] NET: Registered PF_NETLINK/PF_ROUTE protocol family
[    0.122733] DMA: preallocated 256 KiB pool for atomic coherent allocations
[    0.123348] audit: initializing netlink subsys (disabled)
[    0.124692] thermal_sys: Registered thermal governor 'fair_share'
[    0.124706] thermal_sys: Registered thermal governor 'step_wise'
[    0.124715] thermal_sys: Registered thermal governor 'user_space'
[    0.124825] audit: type=2000 audit(0.120:1): state=initialized audit_enabled=0 res=1
[    0.124902] cpuidle: using governor menu
[    0.146013] /ocp/interconnect@44c00000/segment@200000/target-module@b000/i2c@0/tda19988@70: Fixed dependency cycle(s) with /ocp/interconnect@48000000/segment@300000/target-module@e000/lcdc@0
[    0.147111] /ocp/interconnect@48000000/segment@300000/target-module@e000/lcdc@0: Fixed dependency cycle(s) with /ocp/interconnect@44c00000/segment@200000/target-module@b000/i2c@0/tda19988@70
[    0.149356] No ATAGs?
[    0.149394] hw-breakpoint: debug architecture 0x4 unsupported.
[    0.152629] kprobes: kprobe jump-optimization is enabled. All kprobes are optimized if possible.
[    0.163572] iommu: Default domain type: Translated
[    0.163595] iommu: DMA domain TLB invalidation policy: strict mode
[    0.165160] reg-fixed-voltage fixedregulator0: using DT '/fixedregulator0' for '(default)' GPIO lookup
[    0.165214] of_get_named_gpiod_flags: can't parse 'gpios' property of node '/fixedregulator0[0]'
[    0.165243] of_get_named_gpiod_flags: can't parse 'gpio' property of node '/fixedregulator0[0]'
[    0.165261] reg-fixed-voltage fixedregulator0: using lookup tables for GPIO lookup
[    0.165271] reg-fixed-voltage fixedregulator0: No GPIO consumer (default) found
[    0.166370] SCSI subsystem initialized
[    0.170933] libata version 3.00 loaded.
[    0.171338] pps_core: LinuxPPS API ver. 1 registered
[    0.171348] pps_core: Software ver. 5.3.6 - Copyright 2005-2007 Rodolfo Giometti <giometti@linux.it>
[    0.171372] PTP clock support registered
[    0.173401] vgaarb: loaded
[    0.173742] clocksource: Switched to clocksource dmtimer
[    0.174408] VFS: Disk quotas dquot_6.6.0
[    0.174466] VFS: Dquot-cache hash table entries: 1024 (order 0, 4096 bytes)
[    0.200818] NET: Registered PF_INET protocol family
[    0.201161] IP idents hash table entries: 8192 (order: 4, 65536 bytes, linear)
[    0.202599] tcp_listen_portaddr_hash hash table entries: 512 (order: 0, 4096 bytes, linear)
[    0.202635] Table-perturb hash table entries: 65536 (order: 6, 262144 bytes, linear)
[    0.202654] TCP established hash table entries: 4096 (order: 2, 16384 bytes, linear)
[    0.202701] TCP bind hash table entries: 4096 (order: 4, 65536 bytes, linear)
[    0.202801] TCP: Hash tables configured (established 4096 bind 4096)
[    0.202924] UDP hash table entries: 256 (order: 1, 14336 bytes, linear)
[    0.202958] UDP-Lite hash table entries: 256 (order: 1, 14336 bytes, linear)
[    0.203175] NET: Registered PF_UNIX/PF_LOCAL protocol family
[    0.214470] RPC: Registered named UNIX socket transport module.
[    0.214494] RPC: Registered udp transport module.
[    0.214500] RPC: Registered tcp transport module.
[    0.214504] RPC: Registered tcp-with-tls transport module.
[    0.214509] RPC: Registered tcp NFSv4.1 backchannel transport module.
[    0.214534] PCI: CLS 0 bytes, default 64
[    0.215962] Initialise system trusted keyrings
[    0.216735] workingset: timestamp_bits=14 max_order=17 bucket_order=3
[    0.218568] NFS: Registering the id_resolver key type
[    0.218654] Key type id_resolver registered
[    0.218662] Key type id_legacy registered
[    0.218773] jffs2: version 2.2. (NAND) (SUMMARY)  Â© 2001-2006 Red Hat, Inc.
[    0.219239] Key type asymmetric registered
[    0.219255] Asymmetric key parser 'x509' registered
[    0.219328] io scheduler mq-deadline registered
[    0.219339] io scheduler kyber registered
[    0.219425] io scheduler bfq registered
[    0.221314] target-module@4b000000:target-module@140000:pmu@0:fck: device ID is greater than 24
[    0.227503] l3-aon-clkctrl:0000:0: failed to disable
[    0.233898] ledtrig-cpu: registered to indicate activity on CPUs
[    0.237703] Serial: 8250/16550 driver, 6 ports, IRQ sharing enabled
[    0.277118] brd: module loaded
[    0.296532] loop: module loaded
[    0.297474] mtdoops: mtd device (mtddev=name/number) must be supplied
[    0.299034] mdio_bus fixed-0: using lookup tables for GPIO lookup
[    0.299059] mdio_bus fixed-0: No GPIO consumer reset found
[    0.300505] i2c_dev: i2c /dev entries driver
[    0.301527] cpuidle: enable-method property 'ti,am3352' found operations
[    0.301979] sdhci: Secure Digital Host Controller Interface driver
[    0.301988] sdhci: Copyright(c) Pierre Ossman
[    0.302170] sdhci-pltfm: SDHCI platform and OF driver helper
[    0.322988] hw perfevents: enabled with armv7_cortex_a8 PMU driver, 5 (8000000f) counters available
[    0.323561] Initializing XFRM netlink socket
[    0.323898] NET: Registered PF_INET6 protocol family
[    0.330468] l3-aon-clkctrl:0000:0: failed to disable
[    0.331018] Segment Routing with IPv6
[    0.331095] In-situ OAM (IOAM) with IPv6
[    0.331190] sit: IPv6, IPv4 and MPLS over IPv4 tunneling driver
[    0.332172] NET: Registered PF_PACKET protocol family
[    0.332201] NET: Registered PF_KEY protocol family
[    0.332330] Key type dns_resolver registered
[    0.332557] ThumbEE CPU extension supported.
[    0.332576] Registering SWP/SWPB emulation handler
[    0.333100] omap_voltage_late_init: Voltage driver support not added
[    0.333993] SmartReflex Class3 initialized
[    0.357305] Loading compiled-in X.509 certificates
[    0.389061] /ocp/interconnect@44c00000/segment@200000/target-module@b000/i2c@0/tda19988@70: Fixed dependency cycle(s) with /ocp/interconnect@48000000/segment@300000/target-module@e000/lcdc@0
[    0.395670] /ocp/interconnect@44c00000/segment@200000/target-module@b000/i2c@0/tda19988@70: Fixed dependency cycle(s) with /ocp/interconnect@48000000/segment@300000/target-module@e000/lcdc@0
[    0.401238] gpiochip_find_base_unlocked: found new base at 512
[    0.427974] /ocp/interconnect@44c00000/segment@200000/target-module@b000/i2c@0/tda19988@70: Fixed dependency cycle(s) with /ocp/interconnect@48000000/segment@300000/target-module@e000/lcdc@0
[    0.428853] /ocp/interconnect@44c00000/segment@200000/target-module@b000/i2c@0/tda19988@70: Fixed dependency cycle(s) with /ocp/interconnect@48000000/segment@300000/target-module@e000/lcdc@0
[    0.432355] /ocp/interconnect@44c00000/segment@200000/target-module@10000/scm@0/pinmux@800: Fixed dependency cycle(s) with /ocp/interconnect@44c00000/segment@200000/target-module@10000/scm@0/pinmux@800/clkout2-pins
[    0.432931] pinctrl-single 44e10800.pinmux: 142 pins, size 568
[    0.438616] ti-sysc 44e31000.target-module: probe with driver ti-sysc failed with error -16
[    0.486038] /ocp/interconnect@48000000/segment@300000/target-module@e000/lcdc@0: Fixed dependency cycle(s) with /ocp/interconnect@44c00000/segment@200000/target-module@b000/i2c@0/tda19988@70
[    0.494289] ti-sysc 48040000.target-module: probe with driver ti-sysc failed with error -16
[    0.505929] gpiochip_find_base_unlocked: found new base at 512
[    0.506033] gpio gpiochip0: (gpio-0-31): created GPIO range 0->7 ==> 44e10800.pinmux PIN 0->7
[    0.506055] gpio gpiochip0: (gpio-0-31): created GPIO range 8->11 ==> 44e10800.pinmux PIN 90->93
[    0.506072] gpio gpiochip0: (gpio-0-31): created GPIO range 12->27 ==> 44e10800.pinmux PIN 12->27
[    0.506088] gpio gpiochip0: (gpio-0-31): created GPIO range 28->31 ==> 44e10800.pinmux PIN 30->33
[    0.543098] gpio gpiochip0: (gpio-0-31): added GPIO chardev (254:0)
[    0.543332] gpio gpiochip0: registered GPIOs 512 to 543 on gpio-0-31
[    0.543420] OMAP GPIO hardware version 0.1
[    0.565717] i2c i2c-2: using DT '/ocp/interconnect@48000000/segment@100000/target-module@9c000/i2c@0' for 'scl' GPIO lookup
[    0.565790] of_get_named_gpiod_flags: can't parse 'scl-gpios' property of node '/ocp/interconnect@48000000/segment@100000/target-module@9c000/i2c@0[0]'
[    0.565834] of_get_named_gpiod_flags: can't parse 'scl-gpio' property of node '/ocp/interconnect@48000000/segment@100000/target-module@9c000/i2c@0[0]'
[    0.565870] i2c i2c-2: using lookup tables for GPIO lookup
[    0.565880] i2c i2c-2: No GPIO consumer scl found
[    0.565901] i2c i2c-2: using DT '/ocp/interconnect@48000000/segment@100000/target-module@9c000/i2c@0' for 'sda' GPIO lookup
[    0.565936] of_get_named_gpiod_flags: can't parse 'sda-gpios' property of node '/ocp/interconnect@48000000/segment@100000/target-module@9c000/i2c@0[0]'
[    0.565973] of_get_named_gpiod_flags: can't parse 'sda-gpio' property of node '/ocp/interconnect@48000000/segment@100000/target-module@9c000/i2c@0[0]'
[    0.566003] i2c i2c-2: using lookup tables for GPIO lookup
[    0.566011] i2c i2c-2: No GPIO consumer sda found
[    0.566729] omap_i2c 4819c000.i2c: bus 2 rev0.11 at 100 kHz
[    0.572302] gpiochip_find_base_unlocked: found new base at 544
[    0.572417] gpio gpiochip1: (gpio-32-63): created GPIO range 0->17 ==> 44e10800.pinmux PIN 34->51
[    0.572437] gpio gpiochip1: (gpio-32-63): created GPIO range 18->21 ==> 44e10800.pinmux PIN 77->80
[    0.572456] gpio gpiochip1: (gpio-32-63): created GPIO range 22->31 ==> 44e10800.pinmux PIN 56->65
[    0.586041] gpio gpiochip1: (gpio-32-63): added GPIO chardev (254:1)
[    0.586278] gpio gpiochip1: registered GPIOs 544 to 575 on gpio-32-63
[    0.588598] gpiochip_find_base_unlocked: found new base at 576
[    0.588692] gpio gpiochip2: (gpio-64-95): created GPIO range 0->4 ==> 44e10800.pinmux PIN 66->70
[    0.588712] gpio gpiochip2: (gpio-64-95): created GPIO range 5->6 ==> 44e10800.pinmux PIN 98->99
[    0.588727] gpio gpiochip2: (gpio-64-95): created GPIO range 7->8 ==> 44e10800.pinmux PIN 75->76
[    0.588743] gpio gpiochip2: (gpio-64-95): created GPIO range 13->13 ==> 44e10800.pinmux PIN 141->141
[    0.588759] gpio gpiochip2: (gpio-64-95): created GPIO range 14->21 ==> 44e10800.pinmux PIN 100->107
[    0.589420] gpio gpiochip2: (gpio-64-95): added GPIO chardev (254:2)
[    0.589635] gpio gpiochip2: registered GPIOs 576 to 607 on gpio-64-95
[    0.595590] 48000000.interconnect:segment@200000:target-module@0:mpu@0:fck: device ID is greater than 24
[    0.596513] /ocp/interconnect@48000000/segment@300000/target-module@e000/lcdc@0: Fixed dependency cycle(s) with /ocp/interconnect@44c00000/segment@200000/target-module@b000/i2c@0/tda19988@70
[    0.599362] /ocp/interconnect@48000000/segment@300000/target-module@e000/lcdc@0: Fixed dependency cycle(s) with /ocp/interconnect@44c00000/segment@200000/target-module@b000/i2c@0/tda19988@70
[    0.600082] /ocp/interconnect@44c00000/segment@200000/target-module@b000/i2c@0/tda19988@70: Fixed dependency cycle(s) with /ocp/interconnect@48000000/segment@300000/target-module@e000/lcdc@0
[    0.600258] /ocp/interconnect@48000000/segment@300000/target-module@e000/lcdc@0: Fixed dependency cycle(s) with /ocp/interconnect@44c00000/segment@200000/target-module@b000/i2c@0/tda19988@70
[    0.610098] mdio_bus 4a101000.mdio: using DT '/ocp/interconnect@4a000000/segment@0/target-module@100000/switch@0/mdio@1000' for 'reset' GPIO lookup
[    0.610171] of_get_named_gpiod_flags: can't parse 'reset-gpios' property of node '/ocp/interconnect@4a000000/segment@0/target-module@100000/switch@0/mdio@1000[0]'
[    0.610217] of_get_named_gpiod_flags: can't parse 'reset-gpio' property of node '/ocp/interconnect@4a000000/segment@0/target-module@100000/switch@0/mdio@1000[0]'
[    0.610262] mdio_bus 4a101000.mdio: using lookup tables for GPIO lookup
[    0.610273] mdio_bus 4a101000.mdio: No GPIO consumer reset found
[    0.611538] sdhci-omap 481d8000.mmc: using DT '/ocp/interconnect@48000000/segment@100000/target-module@d8000/mmc@0' for 'wp' GPIO lookup
[    0.611600] of_get_named_gpiod_flags: can't parse 'wp-gpios' property of node '/ocp/interconnect@48000000/segment@100000/target-module@d8000/mmc@0[0]'
[    0.611643] of_get_named_gpiod_flags: can't parse 'wp-gpio' property of node '/ocp/interconnect@48000000/segment@100000/target-module@d8000/mmc@0[0]'
[    0.611677] sdhci-omap 481d8000.mmc: using lookup tables for GPIO lookup
[    0.611688] sdhci-omap 481d8000.mmc: No GPIO consumer wp found
[    0.611886] sdhci-omap 481d8000.mmc: supply pbias not found, using dummy regulator
[    0.612380] sdhci-omap 481d8000.mmc: supply vqmmc not found, using dummy regulator
[    0.666388] davinci_mdio 4a101000.mdio: davinci mdio revision 1.6, bus freq 1000000
[    0.688471] mdio_bus 4a101000.mdio:00: using DT '/ocp/interconnect@4a000000/segment@0/target-module@100000/switch@0/mdio@1000/ethernet-phy@0' for 'reset' GPIO lookup
[    0.688572] of_get_named_gpiod_flags: parsed 'reset-gpios' property of node '/ocp/interconnect@4a000000/segment@0/target-module@100000/switch@0/mdio@1000/ethernet-phy@0[0]' - status (0)
[    0.688732] gpio gpiochip0: Persistence not supported for GPIO 8
[    0.818974] davinci_mdio 4a101000.mdio: phy[0]: device 4a101000.mdio:00, driver SMSC LAN8710/LAN8720
[    0.819771] cpsw-switch 4a100000.switch: initialized cpsw ale version 1.4
[    0.819794] cpsw-switch 4a100000.switch: ALE Table size 1024, Policers 0
[    0.819965] cpsw-switch 4a100000.switch: cpts: overflow check period 500 (jiffies)
[    0.819982] cpsw-switch 4a100000.switch: CPTS: ref_clk_freq:250000000 calc_mult:2147483648 calc_shift:29 error:0 nsec/sec
[    0.820086] cpsw-switch 4a100000.switch: Detected MACID = 6c:ec:eb:68:de:78
[    0.821985] cpsw-switch 4a100000.switch: initialized (regs 0x4a100000, pool size 256) hw_ver:0019010C 1.12 (0)
[    0.833128] debugfs: '49000000.dma' already exists in 'dmaengine'
[    0.833172] edma 49000000.dma: TI EDMA DMA engine driver
[    0.882157] gpio-clk clk_mcasp0: using DT '/clk_mcasp0' for 'enable' GPIO lookup
[    0.882239] of_get_named_gpiod_flags: parsed 'enable-gpios' property of node '/clk_mcasp0[0]' - status (0)
[    0.882287] gpio gpiochip0: Persistence not supported for GPIO 27
[    0.883162] gpiochip_find_base_unlocked: found new base at 608
[    0.883279] gpio gpiochip3: (gpio-96-127): created GPIO range 0->7 ==> 44e10800.pinmux PIN 82->89
[    0.883300] gpio gpiochip3: (gpio-96-127): created GPIO range 8->11 ==> 44e10800.pinmux PIN 52->55
[    0.883317] gpio gpiochip3: (gpio-96-127): created GPIO range 12->15 ==> 44e10800.pinmux PIN 94->97
[    0.883334] gpio gpiochip3: (gpio-96-127): created GPIO range 16->17 ==> 44e10800.pinmux PIN 71->72
[    0.883351] gpio gpiochip3: (gpio-96-127): created GPIO range 18->18 ==> 44e10800.pinmux PIN 135->135
[    0.883367] gpio gpiochip3: (gpio-96-127): created GPIO range 19->20 ==> 44e10800.pinmux PIN 108->109
[    0.883384] gpio gpiochip3: (gpio-96-127): created GPIO range 21->21 ==> 44e10800.pinmux PIN 73->73
[    0.883417] gpio gpiochip3: (gpio-96-127): created GPIO range 22->23 ==> 44e10800.pinmux PIN 8->9
[    0.883434] gpio gpiochip3: (gpio-96-127): created GPIO range 26->27 ==> 44e10800.pinmux PIN 10->11
[    0.883452] gpio gpiochip3: (gpio-96-127): created GPIO range 28->28 ==> 44e10800.pinmux PIN 74->74
[    0.883470] gpio gpiochip3: (gpio-96-127): created GPIO range 29->29 ==> 44e10800.pinmux PIN 81->81
[    0.883489] gpio gpiochip3: (gpio-96-127): created GPIO range 30->31 ==> 44e10800.pinmux PIN 28->29
[    0.899184] gpio gpiochip3: (gpio-96-127): added GPIO chardev (254:3)
[    0.899435] gpio gpiochip3: registered GPIOs 608 to 639 on gpio-96-127
[    0.908369] omap8250 44e09000.serial: using DT '/ocp/interconnect@44c00000/segment@200000/target-module@9000/serial@0' for 'rs485-term' GPIO lookup
[    0.908443] of_get_named_gpiod_flags: can't parse 'rs485-term-gpios' property of node '/ocp/interconnect@44c00000/segment@200000/target-module@9000/serial@0[0]'
[    0.908487] of_get_named_gpiod_flags: can't parse 'rs485-term-gpio' property of node '/ocp/interconnect@44c00000/segment@200000/target-module@9000/serial@0[0]'
[    0.908523] omap8250 44e09000.serial: using lookup tables for GPIO lookup
[    0.908534] omap8250 44e09000.serial: No GPIO consumer rs485-term found
[    0.908544] omap8250 44e09000.serial: using DT '/ocp/interconnect@44c00000/segment@200000/target-module@9000/serial@0' for 'rs485-rx-during-tx' GPIO lookup
[    0.908579] of_get_named_gpiod_flags: can't parse 'rs485-rx-during-tx-gpios' property of node '/ocp/interconnect@44c00000/segment@200000/target-module@9000/serial@0[0]'
[    0.908617] of_get_named_gpiod_flags: can't parse 'rs485-rx-during-tx-gpio' property of node '/ocp/interconnect@44c00000/segment@200000/target-module@9000/serial@0[0]'
[    0.908648] omap8250 44e09000.serial: using lookup tables for GPIO lookup
[    0.908656] omap8250 44e09000.serial: No GPIO consumer rs485-rx-during-tx found
[    0.909096] 44e09000.serial: ttyS0 at MMIO 0x44e09000 (irq = 34, base_baud = 3000000) is a 8250
[    0.909190] printk: legacy console [ttyS0] enabled
[    2.437582] i2c i2c-0: using DT '/ocp/interconnect@44c00000/segment@200000/target-module@b000/i2c@0' for 'scl' GPIO lookup
[    2.437670] of_get_named_gpiod_flags: can't parse 'scl-gpios' property of node '/ocp/interconnect@44c00000/segment@200000/target-module@b000/i2c@0[0]'
[    2.437718] of_get_named_gpiod_flags: can't parse 'scl-gpio' property of node '/ocp/interconnect@44c00000/segment@200000/target-module@b000/i2c@0[0]'
[    2.437757] i2c i2c-0: using lookup tables for GPIO lookup
[    2.437772] i2c i2c-0: No GPIO consumer scl found
[    2.437797] i2c i2c-0: using DT '/ocp/interconnect@44c00000/segment@200000/target-module@b000/i2c@0' for 'sda' GPIO lookup
[    2.437837] of_get_named_gpiod_flags: can't parse 'sda-gpios' property of node '/ocp/interconnect@44c00000/segment@200000/target-module@b000/i2c@0[0]'
[    2.437877] of_get_named_gpiod_flags: can't parse 'sda-gpio' property of node '/ocp/interconnect@44c00000/segment@200000/target-module@b000/i2c@0[0]'
[    2.437912] i2c i2c-0: using lookup tables for GPIO lookup
[    2.437924] i2c i2c-0: No GPIO consumer sda found
[    2.454723] tps65217-pmic: Failed to locate of_node [id: -1]
[    2.460797] tps65217-bl: Failed to locate of_node [id: -1]
[    2.466894] platform tps65217-charger: DMA mask not set
[    2.472934] platform tps65217-pwrbutton: DMA mask not set
[    2.480196] tps65217 0-0024: TPS65217 ID 0xe version 1.2
[    2.486314] /ocp/interconnect@48000000/segment@300000/target-module@e000/lcdc@0: Fixed dependency cycle(s) with /ocp/interconnect@44c00000/segment@200000/target-module@b000/i2c@0/tda19988@70
[    2.503764] /ocp/interconnect@44c00000/segment@200000/target-module@b000/i2c@0/tda19988@70: Fixed dependency cycle(s) with /ocp/interconnect@48000000/segment@300000/target-module@e000/lcdc@0
[    2.521146] omap_i2c 44e0b000.i2c: bus 0 rev0.11 at 400 kHz
[    2.528906] sdhci-omap 48060000.mmc: using DT '/ocp/interconnect@48000000/segment@0/target-module@60000/mmc@0' for 'cd' GPIO lookup
[    2.529016] of_get_named_gpiod_flags: parsed 'cd-gpios' property of node '/ocp/interconnect@48000000/segment@0/target-module@60000/mmc@0[0]' - status (0)
[    2.529084] gpio gpiochip3: Persistence not supported for GPIO 6
[    2.529110] omap_gpio 44e07000.gpio: Could not set line 6 debounce to 200000 microseconds (-22)
[    2.537993] sdhci-omap 48060000.mmc: Got CD GPIO
[    2.542644] sdhci-omap 48060000.mmc: using DT '/ocp/interconnect@48000000/segment@0/target-module@60000/mmc@0' for 'wp' GPIO lookup
[    2.542693] of_get_named_gpiod_flags: can't parse 'wp-gpios' property of node '/ocp/interconnect@48000000/segment@0/target-module@60000/mmc@0[0]'
[    2.542737] of_get_named_gpiod_flags: can't parse 'wp-gpio' property of node '/ocp/interconnect@48000000/segment@0/target-module@60000/mmc@0[0]'
[    2.542776] sdhci-omap 48060000.mmc: using lookup tables for GPIO lookup
[    2.542790] sdhci-omap 48060000.mmc: No GPIO consumer wp found
[    2.543000] sdhci-omap 48060000.mmc: supply pbias not found, using dummy regulator
[    2.551827] sdhci-omap 481d8000.mmc: using DT '/ocp/interconnect@48000000/segment@100000/target-module@d8000/mmc@0' for 'wp' GPIO lookup
[    2.551904] of_get_named_gpiod_flags: can't parse 'wp-gpios' property of node '/ocp/interconnect@48000000/segment@100000/target-module@d8000/mmc@0[0]'
[    2.551953] of_get_named_gpiod_flags: can't parse 'wp-gpio' property of node '/ocp/interconnect@48000000/segment@100000/target-module@d8000/mmc@0[0]'
[    2.551992] sdhci-omap 481d8000.mmc: using lookup tables for GPIO lookup
[    2.552006] sdhci-omap 481d8000.mmc: No GPIO consumer wp found
[    2.552981] sdhci-omap 48060000.mmc: supply vqmmc not found, using dummy regulator
[    2.562017] sdhci-omap 481d8000.mmc: supply pbias not found, using dummy regulator
[    2.572263] sdhci-omap 481d8000.mmc: supply vqmmc not found, using dummy regulator
[    2.607528] mmc0: SDHCI controller on 48060000.mmc [48060000.mmc] using External DMA
[    2.615774] mmc1: SDHCI controller on 481d8000.mmc [481d8000.mmc] using External DMA
[    2.624550] cpsw-switch 4a100000.switch: starting ndev. mode: dual_mac
[    2.694006] mmc1: new high speed MMC card at address 0001
[    2.700827] mmcblk1: mmc1:0001 MMC04G 3.60 GiB
[    2.708806]  mmcblk1: p1 p2
[    2.713130] mmcblk1boot0: mmc1:0001 MMC04G 2.00 MiB
[    2.720648] SMSC LAN8710/LAN8720 4a101000.mdio:00: attached PHY driver (mii_bus:phy_addr=4a101000.mdio:00, irq=POLL)
[    2.733671] mmcblk1boot1: mmc1:0001 MMC04G 2.00 MiB
[    2.747056] mmcblk1rpmb: mmc1:0001 MMC04G 128 KiB, chardev (249:0)
[    2.796793] mmc0: new high speed SDHC card at address aaaa
[    2.803651] mmcblk0: mmc0:aaaa SE32G 29.7 GiB
[    2.812892]  mmcblk0: p1 p2
[    5.924514] cpsw-switch 4a100000.switch eth0: Link is Up - 100Mbps/Full - flow control off
[    5.963993] IP-Config: Complete:
[    5.967271]      device=eth0, hwaddr=6c:ec:eb:68:de:78, ipaddr=192.168.255.1, mask=255.255.255.0, gw=255.255.255.255
[    5.977937]      host=bbb1, domain=, nis-domain=(none)
[    5.983106]      bootserver=192.168.255.126, rootserver=192.168.255.126, rootpath=
[    5.983544] clk: Disabling unused clocks
[    5.995383] PM: genpd: Disabling unused power domains
[    6.000535] KTAP version 1
[    6.003258] 1..0
[    6.005748] check access for rdinit=/init failed: -2, ignoring
[    6.037077] VFS: Mounted root (nfs filesystem) on device 0:17.
[    6.043982] devtmpfs: mounted
[    6.048615] Freeing unused kernel image (initmem) memory: 1024K
[    6.055378] Run /sbin/init as init process
[    6.059507]   with arguments:
[    6.059519]     /sbin/init
[    6.059529]     nfsrootdebug
[    6.059538]   with environment:
[    6.059547]     HOME=/
[    6.059556]     TERM=linux
[    6.721740] systemd[1]: System time before build time, advancing clock.
[    8.233762] random: crng init done
[    8.246508] systemd[1]: systemd 232 running in system mode. (+PAM +AUDIT +SELINUX +IMA +APPARMOR +SMACK +SYSVINIT +UTMP +LIBCRYPTSETUP +GCRYPT +GNUTLS +ACL +XZ +LZ4 +SECCOMP +BLKID +ELFUTILS +KMOD +IDN)
[    8.265600] systemd[1]: Detected architecture arm.
[    8.297114] systemd[1]: Set hostname to <arm>.
[    9.413551] systemd[1]: Set up automount Arbitrary Executable File Formats File System Automount Point.
[    9.447765] systemd[1]: systemd-journald-dev-log.socket: SO_PASSSEC failed: Operation not supported
[    9.457428] systemd[1]: Listening on Journal Socket (/dev/log).
[    9.485682] systemd[1]: Listening on udev Control Socket.
[    9.515300] systemd[1]: Created slice System Slice.
[    9.554471] systemd[1]: Mounting POSIX Message Queue File System...
[    9.596295] systemd[1]: Mounting Debug File System...
[   11.449621] systemd-journald[88]: Received request to flush runtime journal from PID 1
[   12.644122] omap_prm 44e00d00.prm: sync_state() pending due to 44d00000.cpu
[   14.423657] leds-gpio leds: using DT '/leds/led2' for '(default)' GPIO lookup
[   14.423995] of_get_named_gpiod_flags: parsed 'gpios' property of node '/leds/led2[0]' - status (0)
[   14.424061] gpio gpiochip0: Persistence not supported for GPIO 21
[   14.424077] gpio-533 (?): no flags found for GPIO (default)
[   14.457687] leds-gpio leds: using DT '/leds/led3' for '(default)' GPIO lookup
[   14.457946] of_get_named_gpiod_flags: parsed 'gpios' property of node '/leds/led3[0]' - status (0)
[   14.458015] gpio gpiochip0: Persistence not supported for GPIO 22
[   14.458030] gpio-534 (?): no flags found for GPIO (default)
[   14.474260] leds-gpio leds: using DT '/leds/led4' for '(default)' GPIO lookup
[   14.474360] of_get_named_gpiod_flags: parsed 'gpios' property of node '/leds/led4[0]' - status (0)
[   14.474412] gpio gpiochip0: Persistence not supported for GPIO 23
[   14.474427] gpio-535 (?): no flags found for GPIO (default)
[   14.518331] leds-gpio leds: using DT '/leds/led5' for '(default)' GPIO lookup
[   14.518428] of_get_named_gpiod_flags: parsed 'gpios' property of node '/leds/led5[0]' - status (0)
[   14.518480] gpio gpiochip0: Persistence not supported for GPIO 24
[   14.518495] gpio-536 (?): no flags found for GPIO (default)
[   14.817907] remoteproc remoteproc0: wkup_m3 is available
[   15.061234] omap_wdt: OMAP Watchdog Timer Rev 0x01: initial timeout 60 sec
[   15.196157] at24 2-0054: supply vcc not found, using dummy regulator
[   15.324662] at24 2-0055: supply vcc not found, using dummy regulator
[   15.480072] at24 2-0056: supply vcc not found, using dummy regulator
[   15.617071] at24 2-0057: supply vcc not found, using dummy regulator
[   15.754839] input: tps65217_pwrbutton as /devices/platform/ocp/44c00000.interconnect/44c00000.interconnect:segment@200000/44e0b000.target-module/44e0b000.i2c/i2c-0/0-0024/tps65217-pwrbutton/input/input0
[   15.783933] at24 0-0050: using DT '/ocp/interconnect@44c00000/segment@200000/target-module@b000/i2c@0/eeprom@50' for 'wp' GPIO lookup
[   15.784044] of_get_named_gpiod_flags: can't parse 'wp-gpios' property of node '/ocp/interconnect@44c00000/segment@200000/target-module@b000/i2c@0/eeprom@50[0]'
[   15.784102] of_get_named_gpiod_flags: can't parse 'wp-gpio' property of node '/ocp/interconnect@44c00000/segment@200000/target-module@b000/i2c@0/eeprom@50[0]'
[   15.784148] at24 0-0050: using lookup tables for GPIO lookup
[   15.784163] at24 0-0050: No GPIO consumer wp found
[   15.784487] at24 0-0050: 32768 byte 24c256 EEPROM, writable, 1 bytes/write
[   16.048404] omap_rtc 44e3e000.rtc: registered as rtc0
[   16.053948] omap_rtc 44e3e000.rtc: setting system clock to 2000-01-01T00:00:00 UTC (946684800)
[   16.062794] omap_rtc 44e3e000.rtc: using DT '/ocp/interconnect@44c00000/segment@200000/target-module@3e000/rtc@0' for 'wp' GPIO lookup
[   16.062869] of_get_named_gpiod_flags: can't parse 'wp-gpios' property of node '/ocp/interconnect@44c00000/segment@200000/target-module@3e000/rtc@0[0]'
[   16.062921] of_get_named_gpiod_flags: can't parse 'wp-gpio' property of node '/ocp/interconnect@44c00000/segment@200000/target-module@3e000/rtc@0[0]'
[   16.062961] omap_rtc 44e3e000.rtc: using lookup tables for GPIO lookup
[   16.062977] omap_rtc 44e3e000.rtc: No GPIO consumer wp found
[   16.780333] am335x-phy-driver 47401300.usb-phy: using DT '/ocp/target-module@47400000/usb-phy@1300' for 'reset' GPIO lookup
[   16.780430] of_get_named_gpiod_flags: can't parse 'reset-gpios' property of node '/ocp/target-module@47400000/usb-phy@1300[0]'
[   16.780475] of_get_named_gpiod_flags: can't parse 'reset-gpio' property of node '/ocp/target-module@47400000/usb-phy@1300[0]'
[   16.780513] am335x-phy-driver 47401300.usb-phy: using lookup tables for GPIO lookup
[   16.780529] am335x-phy-driver 47401300.usb-phy: No GPIO consumer reset found
[   16.780543] am335x-phy-driver 47401300.usb-phy: using DT '/ocp/target-module@47400000/usb-phy@1300' for 'vbus-detect' GPIO lookup
[   16.780575] of_get_named_gpiod_flags: can't parse 'vbus-detect-gpios' property of node '/ocp/target-module@47400000/usb-phy@1300[0]'
[   16.780607] of_get_named_gpiod_flags: can't parse 'vbus-detect-gpio' property of node '/ocp/target-module@47400000/usb-phy@1300[0]'
[   16.780633] am335x-phy-driver 47401300.usb-phy: using lookup tables for GPIO lookup
[   16.780646] am335x-phy-driver 47401300.usb-phy: No GPIO consumer vbus-detect found
[   16.780798] am335x-phy-driver 47401300.usb-phy: dummy supplies not allowed for exclusive requests (id=vbus)
[   16.922860] am335x-phy-driver 47401b00.usb-phy: using DT '/ocp/target-module@47400000/usb-phy@1b00' for 'reset' GPIO lookup
[   16.922958] of_get_named_gpiod_flags: can't parse 'reset-gpios' property of node '/ocp/target-module@47400000/usb-phy@1b00[0]'
[   16.923005] of_get_named_gpiod_flags: can't parse 'reset-gpio' property of node '/ocp/target-module@47400000/usb-phy@1b00[0]'
[   16.923043] am335x-phy-driver 47401b00.usb-phy: using lookup tables for GPIO lookup
[   16.923058] am335x-phy-driver 47401b00.usb-phy: No GPIO consumer reset found
[   16.923073] am335x-phy-driver 47401b00.usb-phy: using DT '/ocp/target-module@47400000/usb-phy@1b00' for 'vbus-detect' GPIO lookup
[   16.923106] of_get_named_gpiod_flags: can't parse 'vbus-detect-gpios' property of node '/ocp/target-module@47400000/usb-phy@1b00[0]'
[   16.923140] of_get_named_gpiod_flags: can't parse 'vbus-detect-gpio' property of node '/ocp/target-module@47400000/usb-phy@1b00[0]'
[   16.923167] am335x-phy-driver 47401b00.usb-phy: using lookup tables for GPIO lookup
[   16.923179] am335x-phy-driver 47401b00.usb-phy: No GPIO consumer vbus-detect found
[   16.923330] am335x-phy-driver 47401b00.usb-phy: dummy supplies not allowed for exclusive requests (id=vbus)
[   17.256199] usbcore: registered new interface driver usbfs
[   17.261961] usbcore: registered new interface driver hub
[   17.267627] usbcore: registered new device driver usb
[   18.137343] omap-mailbox 480c8000.mailbox: omap mailbox rev 0x400
[   18.223387] remoteproc remoteproc0: powering up wkup_m3
[   18.237868] musb-hdrc musb-hdrc.1: MUSB HDRC host driver
[   18.243282] musb-hdrc musb-hdrc.1: new USB bus registered, assigned bus number 1
[   18.325517] tda998x 0-0070: found TDA19988
[   18.425294] remoteproc remoteproc0: Direct firmware load for am335x-pm-firmware.elf failed with error -2
[   18.435066] remoteproc remoteproc0: request_firmware failed: -2
[   18.441029] wkup_m3_ipc 44e11324.wkup_m3_ipc: rproc_boot failed
[   18.554050] usb usb1: New USB device found, idVendor=1d6b, idProduct=0002, bcdDevice= 6.17
[   18.563349] usb usb1: New USB device strings: Mfr=3, Product=2, SerialNumber=1
[   18.570785] usb usb1: Product: MUSB HDRC host driver
[   18.575829] usb usb1: Manufacturer: Linux 6.17.0-rc6-next-20250918 musb-hcd
[   18.582831] usb usb1: SerialNumber: musb-hdrc.1
[   18.941604] hub 1-0:1.0: USB hub found
[   18.997218] hub 1-0:1.0: 1 port detected
[   21.075777] omap_rng 48310000.rng: Random Number Generator ver. 20
[   21.249757] ------------[ cut here ]------------
[   21.254580] WARNING: net/8021q/vlan_core.c:236 at vlan_for_each+0x114/0x134, CPU#0: avahi-daemon/185
[   21.263869] RTNL: assertion failed at net/8021q/vlan_core.c (236)
[   21.269996] Modules linked in: drm_client_lib omap_rng rng_core snd_soc_davinci_mcasp snd_soc_ti_udma snd_soc_ti_edma snd_soc_ti_sdma snd_soc_core snd_pcm_dmaengine snd_pcm snd_timer snd omap_mailbox soundcore musb_dsps tda998x musb_hdrc cec udc_core drm_kms_helper usbcore phy_am335x drm phy_generic usb_common wkup_m3_ipc rtc_omap cppi41 tps65218_pwrbutton drm_panel_orientation_quirks at24 phy_am335x_control omap_wdt watchdog wkup_m3_rproc leds_gpio led_class cpufreq_dt autofs4
[   21.312804] CPU: 0 UID: 107 PID: 185 Comm: avahi-daemon Not tainted 6.17.0-rc6-next-20250918 #1 NONE 
[   21.312823] Hardware name: Generic AM33XX (Flattened Device Tree)
[   21.312831] Call trace: 
[   21.312847]  unwind_backtrace from show_stack+0x10/0x14
[   21.312886]  show_stack from dump_stack_lvl+0x50/0x64
[   21.312912]  dump_stack_lvl from __warn+0x88/0x148
[   21.312931]  __warn from warn_slowpath_fmt+0x19c/0x1b0
[   21.312944]  warn_slowpath_fmt from vlan_for_each+0x114/0x134
[   21.312962]  vlan_for_each from cpsw_add_mc_addr+0x40/0xa4
[   21.312983]  cpsw_add_mc_addr from __hw_addr_ref_sync_dev+0x108/0x140
[   21.313008]  __hw_addr_ref_sync_dev from __dev_mc_add+0x7c/0x80
[   21.313029]  __dev_mc_add from igmp6_group_added+0xc8/0xe0
[   21.313052]  igmp6_group_added from __ipv6_dev_mc_inc+0x218/0x364
[   21.313068]  __ipv6_dev_mc_inc from __ipv6_sock_mc_join+0x11c/0x1c0
[   21.313083]  __ipv6_sock_mc_join from do_ipv6_setsockopt+0x1214/0x1310
[   21.313110]  do_ipv6_setsockopt from ipv6_setsockopt+0x60/0xcc
[   21.313130]  ipv6_setsockopt from udpv6_setsockopt+0x2c/0x6c
[   21.313152]  udpv6_setsockopt from sock_common_setsockopt+0x30/0x40
[   21.313181]  sock_common_setsockopt from do_sock_setsockopt+0x50/0x9c
[   21.313201]  do_sock_setsockopt from __sys_setsockopt+0x70/0xbc
[   21.313217]  __sys_setsockopt from ret_fast_syscall+0x0/0x58
[   21.313233] Exception stack(0xe0165fa8 to 0xe0165ff0)
[   21.313247] 5fa0:                   00000014 b6f10ce8 0000000d 00000029 00000014 beae99ec
[   21.313259] 5fc0: 00000014 b6f10ce8 00000014 00000126 0000000d b6eb9ff4 004ae988 00496558
[   21.313268] 5fe0: b6ecf088 beae99d8 b6eac309 b6d8341a
[   21.313276] ---[ end trace 0000000000000000 ]---
[   21.686580] tilcdc 4830e000.lcdc: bound 0-0070 (ops tda998x_audio_codec_init [tda998x])
[   21.869674] [drm] Initialized tilcdc 1.0.0 for 4830e000.lcdc on minor 0
[   21.979617] tilcdc 4830e000.lcdc: [drm] Cannot find any crtc or sizes
[   21.992924] tilcdc 4830e000.lcdc: [drm] Cannot find any crtc or sizes
[   23.268465] omap-sham 53100000.sham: hw accel on OMAP rev 4.3
[   23.386574] omap-sham 53100000.sham: will run requests pump with realtime priority
[   23.415958] PM: Cannot get wkup_m3_ipc handle
[   23.704980] omap-aes 53500000.aes: OMAP AES hw accel rev: 3.2
[   23.797038] omap-aes 53500000.aes: will run requests pump with realtime priority
[   23.805768] PM: Cannot get wkup_m3_ipc handle
[   23.951904] Bluetooth: Core ver 2.22
[   23.956126] NET: Registered PF_BLUETOOTH protocol family
[   23.961478] Bluetooth: HCI device and connection manager initialized
[   23.968216] Bluetooth: HCI socket layer initialized
[   23.973142] Bluetooth: L2CAP socket layer initialized
[   23.978322] Bluetooth: SCO socket layer initialized
[   27.189106] PM: Cannot get wkup_m3_ipc handle
[   27.195181] asoc-simple-card sound: using DT '/sound' for 'simple-audio-card,hp-det' GPIO lookup
[   27.195254] of_get_named_gpiod_flags: can't parse 'simple-audio-card,hp-det-gpios' property of node '/sound[0]'
[   27.195290] of_get_named_gpiod_flags: can't parse 'simple-audio-card,hp-det-gpio' property of node '/sound[0]'
[   27.195315] asoc-simple-card sound: using lookup tables for GPIO lookup
[   27.195330] asoc-simple-card sound: No GPIO consumer simple-audio-card,hp-det found
[   27.195345] asoc-simple-card sound: using DT '/sound' for 'simple-audio-card,mic-det' GPIO lookup
[   27.195370] of_get_named_gpiod_flags: can't parse 'simple-audio-card,mic-det-gpios' property of node '/sound[0]'
[   27.195396] of_get_named_gpiod_flags: can't parse 'simple-audio-card,mic-det-gpio' property of node '/sound[0]'
[   27.195416] asoc-simple-card sound: using lookup tables for GPIO lookup
[   27.195428] asoc-simple-card sound: No GPIO consumer simple-audio-card,mic-det found
[   27.240059] tda998x 0-0070: using DT '/ocp/interconnect@44c00000/segment@200000/target-module@b000/i2c@0/tda19988@70' for 'nxp,calib' GPIO lookup
[   27.240202] of_get_named_gpiod_flags: parsed 'nxp,calib-gpios' property of node '/ocp/interconnect@44c00000/segment@200000/target-module@b000/i2c@0/tda19988@70[0]' - status (0)
[   27.240289] gpio gpiochip0: Persistence not supported for GPIO 25
[   27.240305] gpio-537 (nxp,calib): no flags found for GPIO nxp,calib
[   27.249389] gpio-537 (nxp,calib): gpiod_direction_output_nonotify: tried to set a GPIO tied to an IRQ as output
[   27.347839] PM: Cannot get wkup_m3_ipc handle
[   27.524430] tda9950 0-0034: TDA9950 CEC interface, hardware version 3.3
[   27.600379] PM: Cannot get wkup_m3_ipc handle
[   28.809905] userial_init: registered 8 ttyGS* devices
[   29.082757] rndis_register: configNr = 0
[   29.152136] udc musb-hdrc.0: binding gadget driver [g_multi]
[   29.152232] configfs-gadget.g_multi gadget.0: adding 'rndis'/b1d759a1 to config 'c'/10a0d966
[   29.153395] configfs-gadget.g_multi gadget.0: HOST MAC 1c:ba:8c:a2:ed:6c
[   29.160413] configfs-gadget.g_multi gadget.0: MAC 1c:ba:8c:a2:ed:70
[   29.166860] rndis_set_param_medium: 0 0
[   29.166884] configfs-gadget.g_multi gadget.0: RNDIS: IN/ep1in OUT/ep1out NOTIFY/ep2in
[   29.166901] configfs-gadget.g_multi gadget.0: adding 'cdc_ethernet'/be52a8e5 to config 'c'/10a0d966
[   29.167819] configfs-gadget.g_multi gadget.0: HOST MAC 1c:ba:8c:a2:ed:6c
[   29.174671] configfs-gadget.g_multi gadget.0: MAC 1c:ba:8c:a2:ed:6d
[   29.181014] configfs-gadget.g_multi gadget.0: CDC Ethernet: IN/ep3in OUT/ep2out NOTIFY/ep4in
[   29.181032] configfs-gadget.g_multi gadget.0: adding 'acm'/b55d0ef7 to config 'c'/10a0d966
[   29.181070] configfs-gadget.g_multi gadget.0: acm ttyGS0: IN/ep5in OUT/ep3out NOTIFY/ep6in
[   29.182195] PM: Cannot get wkup_m3_ipc handle
[   30.381739] configfs-gadget.g_multi gadget.0: eth_open
[   35.400047] gs_open: ttyGS0 (81596b47,537622b1)
[   35.400202] gs_close: ttyGS0 (81596b47,537622b1) ...
[   35.400224] gs_close: ttyGS0 (81596b47,537622b1) done!
[   35.418605] gs_open: ttyGS0 (c441daa0,4ddd3f7c)
[   35.418721] gs_close: ttyGS0 (c441daa0,4ddd3f7c) ...
[   35.418741] gs_close: ttyGS0 (c441daa0,4ddd3f7c) done!
[   35.586289] gs_open: ttyGS0 (aae7275f,783c9fef)
[   35.586529] gs_close: ttyGS0 (aae7275f,783c9fef) ...
[   35.586556] gs_close: ttyGS0 (aae7275f,783c9fef) done!
[   35.588002] gs_open: ttyGS0 (aae7275f,039aade3)
ECMMSMZZZH 0
root@arm:~# echo 'PMBJ''TPXVLW'
PMBJTPXVLW
root@arm:~# MARKER='XWEP''ACKMGZ' run 'modprobe test_linear_ranges'
XWEPACKMGZXWEPACKMGZ 0
root@arm:~# echo 'GZCC''SFTSCF'
GZCCSFTSCF
root@arm:~# MARKER='OZTJ''VABSSO' run dmesg
OZTJVABSSO[    0.000000] Booting Linux on physical CPU 0x0
[    0.000000] Linux version 6.17.0-rc6-next-20250918 (user01@drvtest01) (arm-none-eabi-gcc (Arm GNU Toolchain 14.2.Rel1 (Build arm-14.52)) 14.2.1 20241119, GNU ld (Arm GNU Toolchain 14.2.Rel1 (Build arm-14.52)) 2.43.1.20241119) #1 SMP Thu Sep 18 21:46:04 EEST 2025
[    0.000000] CPU: ARMv7 Processor [413fc082] revision 2 (ARMv7), cr=10c5387d
[    0.000000] CPU: PIPT / VIPT nonaliasing data cache, VIPT aliasing instruction cache
[    0.000000] OF: fdt: Machine model: TI AM335x BeagleBone Black
[    0.000000] Memory policy: Data cache writeback
[    0.000000] cma: Reserved 16 MiB at 0x9e800000
[    0.000000] Zone ranges:
[    0.000000]   Normal   [mem 0x0000000080000000-0x000000009fdfffff]
[    0.000000]   HighMem  empty
[    0.000000] Movable zone start for each node
[    0.000000] Early memory node ranges
[    0.000000]   node   0: [mem 0x0000000080000000-0x000000009fdfffff]
[    0.000000] Initmem setup node 0 [mem 0x0000000080000000-0x000000009fdfffff]
[    0.000000] On node 0, zone Normal: 512 pages in unavailable ranges
[    0.000000] OF: reserved mem: Reserved memory: No reserved-memory node in the DT
[    0.000000] CPU: All CPU(s) started in SVC mode.
[    0.000000] AM335X ES2.1 (sgx neon)
[    0.000000] percpu: Embedded 17 pages/cpu s39884 r8192 d21556 u69632
[    0.000000] pcpu-alloc: s39884 r8192 d21556 u69632 alloc=17*4096
[    0.000000] pcpu-alloc: [0] 0 
[    0.000000] Kernel command line: console=ttyO0,115200n8 root=/dev/nfs rw nfsroot=192.168.255.126:/home/user01/nfs,nfsvers=3 ip=192.168.255.1:192.168.255.126::255.255.255.0:bbb1:eth0 nfsrootdebug
[    0.000000] Unknown kernel command line parameters "nfsrootdebug", will be passed to user space.
[    0.000000] printk: log buffer data + meta data: 65536 + 204800 = 270336 bytes
[    0.000000] Dentry cache hash table entries: 65536 (order: 6, 262144 bytes, linear)
[    0.000000] Inode-cache hash table entries: 32768 (order: 5, 131072 bytes, linear)
[    0.000000] Built 1 zonelists, mobility grouping on.  Total pages: 130560
[    0.000000] mem auto-init: stack:off, heap alloc:off, heap free:off
[    0.000000] SLUB: HWalign=16, Order=0-3, MinObjects=0, CPUs=1, Nodes=1
[    0.000000] rcu: Hierarchical RCU implementation.
[    0.000000] rcu: 	RCU event tracing is enabled.
[    0.000000] rcu: 	RCU restricting CPUs from NR_CPUS=2 to nr_cpu_ids=1.
[    0.000000] 	Tracing variant of Tasks RCU enabled.
[    0.000000] rcu: RCU calculated value of scheduler-enlistment delay is 10 jiffies.
[    0.000000] rcu: Adjusting geometry for rcu_fanout_leaf=16, nr_cpu_ids=1
[    0.000000] RCU Tasks Trace: Setting shift to 0 and lim to 1 rcu_task_cb_adjust=1 rcu_task_cpu_ids=1.
[    0.000000] NR_IRQS: 16, nr_irqs: 16, preallocated irqs: 16
[    0.000000] IRQ: Found an INTC at 0x(ptrval) (revision 5.0) with 128 interrupts
[    0.000000] rcu: srcu_init: Setting srcu_struct sizes based on contention.
[    0.000000] TI gptimer clocksource: always-on /ocp/interconnect@44c00000/segment@200000/target-module@31000
[    0.000002] sched_clock: 32 bits at 24MHz, resolution 41ns, wraps every 89478484971ns
[    0.000026] clocksource: dmtimer: mask: 0xffffffff max_cycles: 0xffffffff, max_idle_ns: 79635851949 ns
[    0.000497] TI gptimer clockevent: 24000000 Hz at /ocp/interconnect@48000000/segment@0/target-module@40000
[    0.002055] Console: colour dummy device 80x30
[    0.002122] WARNING: Your 'console=ttyO0' has been replaced by 'ttyS0'
[    0.002131] This ensures that you still see kernel messages. Please
[    0.002135] update your kernel commandline.
[    0.002177] Calibrating delay loop... 996.14 BogoMIPS (lpj=4980736)
[    0.090544] CPU: Testing write buffer coherency: ok
[    0.090653] CPU0: Spectre v2: using BPIALL workaround
[    0.090665] pid_max: default: 32768 minimum: 301
[    0.090846] LSM: initializing lsm=capability
[    0.091010] Mount-cache hash table entries: 1024 (order: 0, 4096 bytes, linear)
[    0.091030] Mountpoint-cache hash table entries: 1024 (order: 0, 4096 bytes, linear)
[    0.092617] CPU0: thread -1, cpu 0, socket -1, mpidr 0
[    0.092676] cacheinfo: Unable to detect cache hierarchy for CPU 0
[    0.094694] Setting up static identity map for 0x80100000 - 0x80100078
[    0.095004] rcu: Hierarchical SRCU implementation.
[    0.095013] rcu: 	Max phase no-delay instances is 1000.
[    0.096686] smp: Bringing up secondary CPUs ...
[    0.096741] smp: Brought up 1 node, 1 CPU
[    0.096756] SMP: Total of 1 processors activated (996.14 BogoMIPS).
[    0.096767] CPU: All CPU(s) started in SVC mode.
[    0.096965] Memory: 480872K/522240K available (11264K kernel code, 1222K rwdata, 2948K rodata, 1024K init, 254K bss, 23332K reserved, 16384K cma-reserved, 0K highmem)
[    0.097798] devtmpfs: initialized
[    0.115704] VFP support v0.3: implementor 41 architecture 3 part 30 variant c rev 3
[    0.116339] clocksource: jiffies: mask: 0xffffffff max_cycles: 0xffffffff, max_idle_ns: 19112604462750000 ns
[    0.116399] posixtimers hash table entries: 512 (order: 0, 4096 bytes, linear)
[    0.116426] futex hash table entries: 256 (16384 bytes on 1 NUMA nodes, total 16 KiB, linear).
[    0.117555] pinctrl core: initialized pinctrl subsystem
[    0.119661] NET: Registered PF_NETLINK/PF_ROUTE protocol family
[    0.122733] DMA: preallocated 256 KiB pool for atomic coherent allocations
[    0.123348] audit: initializing netlink subsys (disabled)
[    0.124692] thermal_sys: Registered thermal governor 'fair_share'
[    0.124706] thermal_sys: Registered thermal governor 'step_wise'
[    0.124715] thermal_sys: Registered thermal governor 'user_space'
[    0.124825] audit: type=2000 audit(0.120:1): state=initialized audit_enabled=0 res=1
[    0.124902] cpuidle: using governor menu
[    0.146013] /ocp/interconnect@44c00000/segment@200000/target-module@b000/i2c@0/tda19988@70: Fixed dependency cycle(s) with /ocp/interconnect@48000000/segment@300000/target-module@e000/lcdc@0
[    0.147111] /ocp/interconnect@48000000/segment@300000/target-module@e000/lcdc@0: Fixed dependency cycle(s) with /ocp/interconnect@44c00000/segment@200000/target-module@b000/i2c@0/tda19988@70
[    0.149356] No ATAGs?
[    0.149394] hw-breakpoint: debug architecture 0x4 unsupported.
[    0.152629] kprobes: kprobe jump-optimization is enabled. All kprobes are optimized if possible.
[    0.163572] iommu: Default domain type: Translated
[    0.163595] iommu: DMA domain TLB invalidation policy: strict mode
[    0.165160] reg-fixed-voltage fixedregulator0: using DT '/fixedregulator0' for '(default)' GPIO lookup
[    0.165214] of_get_named_gpiod_flags: can't parse 'gpios' property of node '/fixedregulator0[0]'
[    0.165243] of_get_named_gpiod_flags: can't parse 'gpio' property of node '/fixedregulator0[0]'
[    0.165261] reg-fixed-voltage fixedregulator0: using lookup tables for GPIO lookup
[    0.165271] reg-fixed-voltage fixedregulator0: No GPIO consumer (default) found
[    0.166370] SCSI subsystem initialized
[    0.170933] libata version 3.00 loaded.
[    0.171338] pps_core: LinuxPPS API ver. 1 registered
[    0.171348] pps_core: Software ver. 5.3.6 - Copyright 2005-2007 Rodolfo Giometti <giometti@linux.it>
[    0.171372] PTP clock support registered
[    0.173401] vgaarb: loaded
[    0.173742] clocksource: Switched to clocksource dmtimer
[    0.174408] VFS: Disk quotas dquot_6.6.0
[    0.174466] VFS: Dquot-cache hash table entries: 1024 (order 0, 4096 bytes)
[    0.200818] NET: Registered PF_INET protocol family
[    0.201161] IP idents hash table entries: 8192 (order: 4, 65536 bytes, linear)
[    0.202599] tcp_listen_portaddr_hash hash table entries: 512 (order: 0, 4096 bytes, linear)
[    0.202635] Table-perturb hash table entries: 65536 (order: 6, 262144 bytes, linear)
[    0.202654] TCP established hash table entries: 4096 (order: 2, 16384 bytes, linear)
[    0.202701] TCP bind hash table entries: 4096 (order: 4, 65536 bytes, linear)
[    0.202801] TCP: Hash tables configured (established 4096 bind 4096)
[    0.202924] UDP hash table entries: 256 (order: 1, 14336 bytes, linear)
[    0.202958] UDP-Lite hash table entries: 256 (order: 1, 14336 bytes, linear)
[    0.203175] NET: Registered PF_UNIX/PF_LOCAL protocol family
[    0.214470] RPC: Registered named UNIX socket transport module.
[    0.214494] RPC: Registered udp transport module.
[    0.214500] RPC: Registered tcp transport module.
[    0.214504] RPC: Registered tcp-with-tls transport module.
[    0.214509] RPC: Registered tcp NFSv4.1 backchannel transport module.
[    0.214534] PCI: CLS 0 bytes, default 64
[    0.215962] Initialise system trusted keyrings
[    0.216735] workingset: timestamp_bits=14 max_order=17 bucket_order=3
[    0.218568] NFS: Registering the id_resolver key type
[    0.218654] Key type id_resolver registered
[    0.218662] Key type id_legacy registered
[    0.218773] jffs2: version 2.2. (NAND) (SUMMARY)  Â© 2001-2006 Red Hat, Inc.
[    0.219239] Key type asymmetric registered
[    0.219255] Asymmetric key parser 'x509' registered
[    0.219328] io scheduler mq-deadline registered
[    0.219339] io scheduler kyber registered
[    0.219425] io scheduler bfq registered
[    0.221314] target-module@4b000000:target-module@140000:pmu@0:fck: device ID is greater than 24
[    0.227503] l3-aon-clkctrl:0000:0: failed to disable
[    0.233898] ledtrig-cpu: registered to indicate activity on CPUs
[    0.237703] Serial: 8250/16550 driver, 6 ports, IRQ sharing enabled
[    0.277118] brd: module loaded
[    0.296532] loop: module loaded
[    0.297474] mtdoops: mtd device (mtddev=name/number) must be supplied
[    0.299034] mdio_bus fixed-0: using lookup tables for GPIO lookup
[    0.299059] mdio_bus fixed-0: No GPIO consumer reset found
[    0.300505] i2c_dev: i2c /dev entries driver
[    0.301527] cpuidle: enable-method property 'ti,am3352' found operations
[    0.301979] sdhci: Secure Digital Host Controller Interface driver
[    0.301988] sdhci: Copyright(c) Pierre Ossman
[    0.302170] sdhci-pltfm: SDHCI platform and OF driver helper
[    0.322988] hw perfevents: enabled with armv7_cortex_a8 PMU driver, 5 (8000000f) counters available
[    0.323561] Initializing XFRM netlink socket
[    0.323898] NET: Registered PF_INET6 protocol family
[    0.330468] l3-aon-clkctrl:0000:0: failed to disable
[    0.331018] Segment Routing with IPv6
[    0.331095] In-situ OAM (IOAM) with IPv6
[    0.331190] sit: IPv6, IPv4 and MPLS over IPv4 tunneling driver
[    0.332172] NET: Registered PF_PACKET protocol family
[    0.332201] NET: Registered PF_KEY protocol family
[    0.332330] Key type dns_resolver registered
[    0.332557] ThumbEE CPU extension supported.
[    0.332576] Registering SWP/SWPB emulation handler
[    0.333100] omap_voltage_late_init: Voltage driver support not added
[    0.333993] SmartReflex Class3 initialized
[    0.357305] Loading compiled-in X.509 certificates
[    0.389061] /ocp/interconnect@44c00000/segment@200000/target-module@b000/i2c@0/tda19988@70: Fixed dependency cycle(s) with /ocp/interconnect@48000000/segment@300000/target-module@e000/lcdc@0
[    0.395670] /ocp/interconnect@44c00000/segment@200000/target-module@b000/i2c@0/tda19988@70: Fixed dependency cycle(s) with /ocp/interconnect@48000000/segment@300000/target-module@e000/lcdc@0
[    0.401238] gpiochip_find_base_unlocked: found new base at 512
[    0.427974] /ocp/interconnect@44c00000/segment@200000/target-module@b000/i2c@0/tda19988@70: Fixed dependency cycle(s) with /ocp/interconnect@48000000/segment@300000/target-module@e000/lcdc@0
[    0.428853] /ocp/interconnect@44c00000/segment@200000/target-module@b000/i2c@0/tda19988@70: Fixed dependency cycle(s) with /ocp/interconnect@48000000/segment@300000/target-module@e000/lcdc@0
[    0.432355] /ocp/interconnect@44c00000/segment@200000/target-module@10000/scm@0/pinmux@800: Fixed dependency cycle(s) with /ocp/interconnect@44c00000/segment@200000/target-module@10000/scm@0/pinmux@800/clkout2-pins
[    0.432931] pinctrl-single 44e10800.pinmux: 142 pins, size 568
[    0.438616] ti-sysc 44e31000.target-module: probe with driver ti-sysc failed with error -16
[    0.486038] /ocp/interconnect@48000000/segment@300000/target-module@e000/lcdc@0: Fixed dependency cycle(s) with /ocp/interconnect@44c00000/segment@200000/target-module@b000/i2c@0/tda19988@70
[    0.494289] ti-sysc 48040000.target-module: probe with driver ti-sysc failed with error -16
[    0.505929] gpiochip_find_base_unlocked: found new base at 512
[    0.506033] gpio gpiochip0: (gpio-0-31): created GPIO range 0->7 ==> 44e10800.pinmux PIN 0->7
[    0.506055] gpio gpiochip0: (gpio-0-31): created GPIO range 8->11 ==> 44e10800.pinmux PIN 90->93
[    0.506072] gpio gpiochip0: (gpio-0-31): created GPIO range 12->27 ==> 44e10800.pinmux PIN 12->27
[    0.506088] gpio gpiochip0: (gpio-0-31): created GPIO range 28->31 ==> 44e10800.pinmux PIN 30->33
[    0.543098] gpio gpiochip0: (gpio-0-31): added GPIO chardev (254:0)
[    0.543332] gpio gpiochip0: registered GPIOs 512 to 543 on gpio-0-31
[    0.543420] OMAP GPIO hardware version 0.1
[    0.565717] i2c i2c-2: using DT '/ocp/interconnect@48000000/segment@100000/target-module@9c000/i2c@0' for 'scl' GPIO lookup
[    0.565790] of_get_named_gpiod_flags: can't parse 'scl-gpios' property of node '/ocp/interconnect@48000000/segment@100000/target-module@9c000/i2c@0[0]'
[    0.565834] of_get_named_gpiod_flags: can't parse 'scl-gpio' property of node '/ocp/interconnect@48000000/segment@100000/target-module@9c000/i2c@0[0]'
[    0.565870] i2c i2c-2: using lookup tables for GPIO lookup
[    0.565880] i2c i2c-2: No GPIO consumer scl found
[    0.565901] i2c i2c-2: using DT '/ocp/interconnect@48000000/segment@100000/target-module@9c000/i2c@0' for 'sda' GPIO lookup
[    0.565936] of_get_named_gpiod_flags: can't parse 'sda-gpios' property of node '/ocp/interconnect@48000000/segment@100000/target-module@9c000/i2c@0[0]'
[    0.565973] of_get_named_gpiod_flags: can't parse 'sda-gpio' property of node '/ocp/interconnect@48000000/segment@100000/target-module@9c000/i2c@0[0]'
[    0.566003] i2c i2c-2: using lookup tables for GPIO lookup
[    0.566011] i2c i2c-2: No GPIO consumer sda found
[    0.566729] omap_i2c 4819c000.i2c: bus 2 rev0.11 at 100 kHz
[    0.572302] gpiochip_find_base_unlocked: found new base at 544
[    0.572417] gpio gpiochip1: (gpio-32-63): created GPIO range 0->17 ==> 44e10800.pinmux PIN 34->51
[    0.572437] gpio gpiochip1: (gpio-32-63): created GPIO range 18->21 ==> 44e10800.pinmux PIN 77->80
[    0.572456] gpio gpiochip1: (gpio-32-63): created GPIO range 22->31 ==> 44e10800.pinmux PIN 56->65
[    0.586041] gpio gpiochip1: (gpio-32-63): added GPIO chardev (254:1)
[    0.586278] gpio gpiochip1: registered GPIOs 544 to 575 on gpio-32-63
[    0.588598] gpiochip_find_base_unlocked: found new base at 576
[    0.588692] gpio gpiochip2: (gpio-64-95): created GPIO range 0->4 ==> 44e10800.pinmux PIN 66->70
[    0.588712] gpio gpiochip2: (gpio-64-95): created GPIO range 5->6 ==> 44e10800.pinmux PIN 98->99
[    0.588727] gpio gpiochip2: (gpio-64-95): created GPIO range 7->8 ==> 44e10800.pinmux PIN 75->76
[    0.588743] gpio gpiochip2: (gpio-64-95): created GPIO range 13->13 ==> 44e10800.pinmux PIN 141->141
[    0.588759] gpio gpiochip2: (gpio-64-95): created GPIO range 14->21 ==> 44e10800.pinmux PIN 100->107
[    0.589420] gpio gpiochip2: (gpio-64-95): added GPIO chardev (254:2)
[    0.589635] gpio gpiochip2: registered GPIOs 576 to 607 on gpio-64-95
[    0.595590] 48000000.interconnect:segment@200000:target-module@0:mpu@0:fck: device ID is greater than 24
[    0.596513] /ocp/interconnect@48000000/segment@300000/target-module@e000/lcdc@0: Fixed dependency cycle(s) with /ocp/interconnect@44c00000/segment@200000/target-module@b000/i2c@0/tda19988@70
[    0.599362] /ocp/interconnect@48000000/segment@300000/target-module@e000/lcdc@0: Fixed dependency cycle(s) with /ocp/interconnect@44c00000/segment@200000/target-module@b000/i2c@0/tda19988@70
[    0.600082] /ocp/interconnect@44c00000/segment@200000/target-module@b000/i2c@0/tda19988@70: Fixed dependency cycle(s) with /ocp/interconnect@48000000/segment@300000/target-module@e000/lcdc@0
[    0.600258] /ocp/interconnect@48000000/segment@300000/target-module@e000/lcdc@0: Fixed dependency cycle(s) with /ocp/interconnect@44c00000/segment@200000/target-module@b000/i2c@0/tda19988@70
[    0.610098] mdio_bus 4a101000.mdio: using DT '/ocp/interconnect@4a000000/segment@0/target-module@100000/switch@0/mdio@1000' for 'reset' GPIO lookup
[    0.610171] of_get_named_gpiod_flags: can't parse 'reset-gpios' property of node '/ocp/interconnect@4a000000/segment@0/target-module@100000/switch@0/mdio@1000[0]'
[    0.610217] of_get_named_gpiod_flags: can't parse 'reset-gpio' property of node '/ocp/interconnect@4a000000/segment@0/target-module@100000/switch@0/mdio@1000[0]'
[    0.610262] mdio_bus 4a101000.mdio: using lookup tables for GPIO lookup
[    0.610273] mdio_bus 4a101000.mdio: No GPIO consumer reset found
[    0.611538] sdhci-omap 481d8000.mmc: using DT '/ocp/interconnect@48000000/segment@100000/target-module@d8000/mmc@0' for 'wp' GPIO lookup
[    0.611600] of_get_named_gpiod_flags: can't parse 'wp-gpios' property of node '/ocp/interconnect@48000000/segment@100000/target-module@d8000/mmc@0[0]'
[    0.611643] of_get_named_gpiod_flags: can't parse 'wp-gpio' property of node '/ocp/interconnect@48000000/segment@100000/target-module@d8000/mmc@0[0]'
[    0.611677] sdhci-omap 481d8000.mmc: using lookup tables for GPIO lookup
[    0.611688] sdhci-omap 481d8000.mmc: No GPIO consumer wp found
[    0.611886] sdhci-omap 481d8000.mmc: supply pbias not found, using dummy regulator
[    0.612380] sdhci-omap 481d8000.mmc: supply vqmmc not found, using dummy regulator
[    0.666388] davinci_mdio 4a101000.mdio: davinci mdio revision 1.6, bus freq 1000000
[    0.688471] mdio_bus 4a101000.mdio:00: using DT '/ocp/interconnect@4a000000/segment@0/target-module@100000/switch@0/mdio@1000/ethernet-phy@0' for 'reset' GPIO lookup
[    0.688572] of_get_named_gpiod_flags: parsed 'reset-gpios' property of node '/ocp/interconnect@4a000000/segment@0/target-module@100000/switch@0/mdio@1000/ethernet-phy@0[0]' - status (0)
[    0.688732] gpio gpiochip0: Persistence not supported for GPIO 8
[    0.818974] davinci_mdio 4a101000.mdio: phy[0]: device 4a101000.mdio:00, driver SMSC LAN8710/LAN8720
[    0.819771] cpsw-switch 4a100000.switch: initialized cpsw ale version 1.4
[    0.819794] cpsw-switch 4a100000.switch: ALE Table size 1024, Policers 0
[    0.819965] cpsw-switch 4a100000.switch: cpts: overflow check period 500 (jiffies)
[    0.819982] cpsw-switch 4a100000.switch: CPTS: ref_clk_freq:250000000 calc_mult:2147483648 calc_shift:29 error:0 nsec/sec
[    0.820086] cpsw-switch 4a100000.switch: Detected MACID = 6c:ec:eb:68:de:78
[    0.821985] cpsw-switch 4a100000.switch: initialized (regs 0x4a100000, pool size 256) hw_ver:0019010C 1.12 (0)
[    0.833128] debugfs: '49000000.dma' already exists in 'dmaengine'
[    0.833172] edma 49000000.dma: TI EDMA DMA engine driver
[    0.882157] gpio-clk clk_mcasp0: using DT '/clk_mcasp0' for 'enable' GPIO lookup
[    0.882239] of_get_named_gpiod_flags: parsed 'enable-gpios' property of node '/clk_mcasp0[0]' - status (0)
[    0.882287] gpio gpiochip0: Persistence not supported for GPIO 27
[    0.883162] gpiochip_find_base_unlocked: found new base at 608
[    0.883279] gpio gpiochip3: (gpio-96-127): created GPIO range 0->7 ==> 44e10800.pinmux PIN 82->89
[    0.883300] gpio gpiochip3: (gpio-96-127): created GPIO range 8->11 ==> 44e10800.pinmux PIN 52->55
[    0.883317] gpio gpiochip3: (gpio-96-127): created GPIO range 12->15 ==> 44e10800.pinmux PIN 94->97
[    0.883334] gpio gpiochip3: (gpio-96-127): created GPIO range 16->17 ==> 44e10800.pinmux PIN 71->72
[    0.883351] gpio gpiochip3: (gpio-96-127): created GPIO range 18->18 ==> 44e10800.pinmux PIN 135->135
[    0.883367] gpio gpiochip3: (gpio-96-127): created GPIO range 19->20 ==> 44e10800.pinmux PIN 108->109
[    0.883384] gpio gpiochip3: (gpio-96-127): created GPIO range 21->21 ==> 44e10800.pinmux PIN 73->73
[    0.883417] gpio gpiochip3: (gpio-96-127): created GPIO range 22->23 ==> 44e10800.pinmux PIN 8->9
[    0.883434] gpio gpiochip3: (gpio-96-127): created GPIO range 26->27 ==> 44e10800.pinmux PIN 10->11
[    0.883452] gpio gpiochip3: (gpio-96-127): created GPIO range 28->28 ==> 44e10800.pinmux PIN 74->74
[    0.883470] gpio gpiochip3: (gpio-96-127): created GPIO range 29->29 ==> 44e10800.pinmux PIN 81->81
[    0.883489] gpio gpiochip3: (gpio-96-127): created GPIO range 30->31 ==> 44e10800.pinmux PIN 28->29
[    0.899184] gpio gpiochip3: (gpio-96-127): added GPIO chardev (254:3)
[    0.899435] gpio gpiochip3: registered GPIOs 608 to 639 on gpio-96-127
[    0.908369] omap8250 44e09000.serial: using DT '/ocp/interconnect@44c00000/segment@200000/target-module@9000/serial@0' for 'rs485-term' GPIO lookup
[    0.908443] of_get_named_gpiod_flags: can't parse 'rs485-term-gpios' property of node '/ocp/interconnect@44c00000/segment@200000/target-module@9000/serial@0[0]'
[    0.908487] of_get_named_gpiod_flags: can't parse 'rs485-term-gpio' property of node '/ocp/interconnect@44c00000/segment@200000/target-module@9000/serial@0[0]'
[    0.908523] omap8250 44e09000.serial: using lookup tables for GPIO lookup
[    0.908534] omap8250 44e09000.serial: No GPIO consumer rs485-term found
[    0.908544] omap8250 44e09000.serial: using DT '/ocp/interconnect@44c00000/segment@200000/target-module@9000/serial@0' for 'rs485-rx-during-tx' GPIO lookup
[    0.908579] of_get_named_gpiod_flags: can't parse 'rs485-rx-during-tx-gpios' property of node '/ocp/interconnect@44c00000/segment@200000/target-module@9000/serial@0[0]'
[    0.908617] of_get_named_gpiod_flags: can't parse 'rs485-rx-during-tx-gpio' property of node '/ocp/interconnect@44c00000/segment@200000/target-module@9000/serial@0[0]'
[    0.908648] omap8250 44e09000.serial: using lookup tables for GPIO lookup
[    0.908656] omap8250 44e09000.serial: No GPIO consumer rs485-rx-during-tx found
[    0.909096] 44e09000.serial: ttyS0 at MMIO 0x44e09000 (irq = 34, base_baud = 3000000) is a 8250
[    0.909190] printk: legacy console [ttyS0] enabled
[    2.437582] i2c i2c-0: using DT '/ocp/interconnect@44c00000/segment@200000/target-module@b000/i2c@0' for 'scl' GPIO lookup
[    2.437670] of_get_named_gpiod_flags: can't parse 'scl-gpios' property of node '/ocp/interconnect@44c00000/segment@200000/target-module@b000/i2c@0[0]'
