Labgrid Console Logfile for main
Logfile started at 2025-04-11 09:21:49.857607
=== Log starts here ===
reading args
spl_load_image_fat_os: error reading image args, err - -1
reading u-boot.img
reading u-boot.img


U-Boot 2014.04-00014-g47880f5 (Apr 22 2014 - 13:23:54)

I2C:   ready
DRAM:  512 MiB
NAND:  0 MiB
MMC:   OMAP SD/MMC: 0, OMAP SD/MMC: 1
*** Warning - readenv() failed, using default environment

Net:   <ethaddr> not set. Validating first E-fuse MAC
cpsw, usb_ether
Hit any key to stop autoboot:  1  0 
gpio: pin 53 (gpio 53) value is 1
mmc0 is current device
gpio: pin 54 (gpio 54) value is 1
SD/MMC found on device 0
reading uEnv.txt
569 bytes read in 3 ms (184.6 KiB/s)
gpio: pin 55 (gpio 55) value is 1
Loaded environment from uEnv.txt
Importing environment from mmc ...
Checking if uenvcmd is set ...
gpio: pin 56 (gpio 56) value is 1
Running uenvcmd ...
cpsw Waiting for PHY auto negotiation to complete. done
link up on port 0, speed 100, full duplex
Using cpsw device
TFTP from server 192.168.255.126; our IP address is 192.168.255.1
Filename 'zImage'.
Load address: 0x81000000
Loading: *T #################################################################
	 #################################################################
	 #################################################################
	 #################################################################
	 #################################################################
	 ############################################################
	 763.7 KiB/s
done
Bytes transferred = 5645248 (5623c0 hex)
link up on port 0, speed 100, full duplex
Using cpsw device
TFTP from server 192.168.255.126; our IP address is 192.168.255.1
Filename 'am335x-boneblack.dtb'.
Load address: 0x82000000
Loading: *#######
	 2.2 MiB/s
done
Bytes transferred = 98244 (17fc4 hex)
Kernel image @ 0x81000000 [ 0x000000 - 0x5623c0 ]
## Flattened Device Tree blob at 82000000
   Booting using the fdt blob at 0x82000000
   Using Device Tree in place at 82000000, end 8201afc3

Starting kernel ...

[    0.000000] Booting Linux on physical CPU 0x0
[    0.000000] Linux version 6.15.0-rc1-next-20250411 (user01@drvtest01) (arm-none-eabi-gcc (Arm GNU Toolchain 14.2.Rel1 (Build arm-14.52)) 14.2.1 20241119, GNU ld (Arm GNU Toolchain 14.2.Rel1 (Build arm-14.52)) 2.43.1.20241119) #1 SMP Fri Apr 11 09:20:31 EEST 2025
[    0.000000] CPU: ARMv7 Processor [413fc082] revision 2 (ARMv7), cr=10c5387d
[    0.000000] CPU: PIPT / VIPT nonaliasing data cache, VIPT aliasing instruction cache
[    0.000000] OF: fdt: Machine model: TI AM335x BeagleBone Black
[    0.000000] Memory policy: Data cache writeback
[    0.000000] cma: Reserved 16 MiB at 0x9e800000
[    0.000000] Zone ranges:
[    0.000000]   Normal   [mem 0x0000000080000000-0x000000009fdfffff]
[    0.000000]   HighMem  empty
[    0.000000] Movable zone start for each node
[    0.000000] Early memory node ranges
[    0.000000]   node   0: [mem 0x0000000080000000-0x000000009fdfffff]
[    0.000000] Initmem setup node 0 [mem 0x0000000080000000-0x000000009fdfffff]
[    0.000000] On node 0, zone Normal: 512 pages in unavailable ranges
[    0.000000] OF: reserved mem: Reserved memory: No reserved-memory node in the DT
[    0.000000] CPU: All CPU(s) started in SVC mode.
[    0.000000] AM335X ES2.1 (sgx neon)
[    0.000000] percpu: Embedded 17 pages/cpu s39692 r8192 d21748 u69632
[    0.000000] Kernel command line: console=ttyO0,115200n8 root=/dev/nfs rw nfsroot=192.168.255.126:/home/user01/nfs,nfsvers=3 ip=192.168.255.1:192.168.255.126::255.255.255.0:bbb1:eth0 nfsrootdebug
[    0.000000] Unknown kernel command line parameters "nfsrootdebug", will be passed to user space.
[    0.000000] printk: log buffer data + meta data: 65536 + 204800 = 270336 bytes
[    0.000000] Dentry cache hash table entries: 65536 (order: 6, 262144 bytes, linear)
[    0.000000] Inode-cache hash table entries: 32768 (order: 5, 131072 bytes, linear)
[    0.000000] Built 1 zonelists, mobility grouping on.  Total pages: 130560
[    0.000000] mem auto-init: stack:off, heap alloc:off, heap free:off
[    0.000000] SLUB: HWalign=16, Order=0-3, MinObjects=0, CPUs=1, Nodes=1
[    0.000000] rcu: Hierarchical RCU implementation.
[    0.000000] rcu: 	RCU event tracing is enabled.
[    0.000000] rcu: 	RCU restricting CPUs from NR_CPUS=2 to nr_cpu_ids=1.
[    0.000000] 	Tracing variant of Tasks RCU enabled.
[    0.000000] rcu: RCU calculated value of scheduler-enlistment delay is 10 jiffies.
[    0.000000] rcu: Adjusting geometry for rcu_fanout_leaf=16, nr_cpu_ids=1
[    0.000000] RCU Tasks Trace: Setting shift to 0 and lim to 1 rcu_task_cb_adjust=1 rcu_task_cpu_ids=1.
[    0.000000] NR_IRQS: 16, nr_irqs: 16, preallocated irqs: 16
[    0.000000] IRQ: Found an INTC at 0x(ptrval) (revision 5.0) with 128 interrupts
[    0.000000] rcu: srcu_init: Setting srcu_struct sizes based on contention.
[    0.000000] TI gptimer clocksource: always-on /ocp/interconnect@44c00000/segment@200000/target-module@31000
[    0.000003] sched_clock: 32 bits at 24MHz, resolution 41ns, wraps every 89478484971ns
[    0.000027] clocksource: dmtimer: mask: 0xffffffff max_cycles: 0xffffffff, max_idle_ns: 79635851949 ns
[    0.000507] TI gptimer clockevent: 24000000 Hz at /ocp/interconnect@48000000/segment@0/target-module@40000
[    0.002123] Console: colour dummy device 80x30
[    0.002191] WARNING: Your 'console=ttyO0' has been replaced by 'ttyS0'
[    0.002199] This ensures that you still see kernel messages. Please
[    0.002203] update your kernel commandline.
[    0.002246] Calibrating delay loop... 996.14 BogoMIPS (lpj=4980736)
[    0.090555] CPU: Testing write buffer coherency: ok
[    0.090666] CPU0: Spectre v2: using BPIALL workaround
[    0.090675] pid_max: default: 32768 minimum: 301
[    0.090832] LSM: initializing lsm=capability
[    0.091012] Mount-cache hash table entries: 1024 (order: 0, 4096 bytes, linear)
[    0.091031] Mountpoint-cache hash table entries: 1024 (order: 0, 4096 bytes, linear)
[    0.092617] CPU0: thread -1, cpu 0, socket -1, mpidr 0
[    0.092676] cacheinfo: Unable to detect cache hierarchy for CPU 0
[    0.160748] Setting up static identity map for 0x80100000 - 0x80100078
[    0.170702] rcu: Hierarchical SRCU implementation.
[    0.170713] rcu: 	Max phase no-delay instances is 1000.
[    0.172455] smp: Bringing up secondary CPUs ...
[    0.172510] smp: Brought up 1 node, 1 CPU
[    0.172523] SMP: Total of 1 processors activated (996.14 BogoMIPS).
[    0.172533] CPU: All CPU(s) started in SVC mode.
[    0.172726] Memory: 480824K/522240K available (11264K kernel code, 1216K rwdata, 2976K rodata, 1024K init, 288K bss, 23384K reserved, 16384K cma-reserved, 0K highmem)
[    0.173551] devtmpfs: initialized
[    0.190800] VFP support v0.3: implementor 41 architecture 3 part 30 variant c rev 3
[    0.191535] clocksource: jiffies: mask: 0xffffffff max_cycles: 0xffffffff, max_idle_ns: 19112604462750000 ns
[    0.191594] posixtimers hash table entries: 512 (order: 0, 4096 bytes, linear)
[    0.191613] futex hash table entries: 256 (order: 2, 16384 bytes, linear)
[    0.192767] pinctrl core: initialized pinctrl subsystem
[    0.194840] NET: Registered PF_NETLINK/PF_ROUTE protocol family
[    0.197639] DMA: preallocated 256 KiB pool for atomic coherent allocations
[    0.198577] audit: initializing netlink subsys (disabled)
[    0.199944] thermal_sys: Registered thermal governor 'fair_share'
[    0.199959] thermal_sys: Registered thermal governor 'step_wise'
[    0.199968] thermal_sys: Registered thermal governor 'user_space'
[    0.200081] audit: type=2000 audit(0.000:1): state=initialized audit_enabled=0 res=1
[    0.200152] cpuidle: using governor menu
[    0.218583] /ocp/interconnect@44c00000/segment@200000/target-module@b000/i2c@0/tda19988@70: Fixed dependency cycle(s) with /ocp/interconnect@48000000/segment@300000/target-module@e000/lcdc@0
[    0.219699] /ocp/interconnect@48000000/segment@300000/target-module@e000/lcdc@0: Fixed dependency cycle(s) with /ocp/interconnect@44c00000/segment@200000/target-module@b000/i2c@0/tda19988@70
[    0.222043] No ATAGs?
[    0.222087] hw-breakpoint: debug architecture 0x4 unsupported.
[    0.224779] kprobes: kprobe jump-optimization is enabled. All kprobes are optimized if possible.
[    0.233905] iommu: Default domain type: Translated
[    0.233927] iommu: DMA domain TLB invalidation policy: strict mode
[    0.241440] SCSI subsystem initialized
[    0.242286] pps_core: LinuxPPS API ver. 1 registered
[    0.242296] pps_core: Software ver. 5.3.6 - Copyright 2005-2007 Rodolfo Giometti <giometti@linux.it>
[    0.242320] PTP clock support registered
[    0.250907] vgaarb: loaded
[    0.251275] clocksource: Switched to clocksource dmtimer
[    0.251926] VFS: Disk quotas dquot_6.6.0
[    0.251980] VFS: Dquot-cache hash table entries: 1024 (order 0, 4096 bytes)
[    0.276239] NET: Registered PF_INET protocol family
[    0.276581] IP idents hash table entries: 8192 (order: 4, 65536 bytes, linear)
[    0.278017] tcp_listen_portaddr_hash hash table entries: 512 (order: 0, 4096 bytes, linear)
[    0.278055] Table-perturb hash table entries: 65536 (order: 6, 262144 bytes, linear)
[    0.278075] TCP established hash table entries: 4096 (order: 2, 16384 bytes, linear)
[    0.278121] TCP bind hash table entries: 4096 (order: 4, 65536 bytes, linear)
[    0.278221] TCP: Hash tables configured (established 4096 bind 4096)
[    0.278345] UDP hash table entries: 256 (order: 1, 14336 bytes, linear)
[    0.278381] UDP-Lite hash table entries: 256 (order: 1, 14336 bytes, linear)
[    0.278573] NET: Registered PF_UNIX/PF_LOCAL protocol family
[    0.279840] RPC: Registered named UNIX socket transport module.
[    0.279859] RPC: Registered udp transport module.
[    0.279864] RPC: Registered tcp transport module.
[    0.279869] RPC: Registered tcp-with-tls transport module.
[    0.279873] RPC: Registered tcp NFSv4.1 backchannel transport module.
[    0.279897] PCI: CLS 0 bytes, default 64
[    0.281401] Initialise system trusted keyrings
[    0.292036] workingset: timestamp_bits=14 max_order=17 bucket_order=3
[    0.293419] NFS: Registering the id_resolver key type
[    0.293505] Key type id_resolver registered
[    0.293512] Key type id_legacy registered
[    0.293621] jffs2: version 2.2. (NAND) (SUMMARY)  Â© 2001-2006 Red Hat, Inc.
[    0.294040] Key type asymmetric registered
[    0.294056] Asymmetric key parser 'x509' registered
[    0.294119] io scheduler mq-deadline registered
[    0.294128] io scheduler kyber registered
[    0.294202] io scheduler bfq registered
[    0.295748] ledtrig-cpu: registered to indicate activity on CPUs
[    0.302066] Serial: 8250/16550 driver, 6 ports, IRQ sharing enabled
[    0.339320] brd: module loaded
[    0.358184] loop: module loaded
[    0.359081] mtdoops: mtd device (mtddev=name/number) must be supplied
[    0.362294] i2c_dev: i2c /dev entries driver
[    0.363279] cpuidle: enable-method property 'ti,am3352' found operations
[    0.363724] sdhci: Secure Digital Host Controller Interface driver
[    0.363733] sdhci: Copyright(c) Pierre Ossman
[    0.363898] sdhci-pltfm: SDHCI platform and OF driver helper
[    0.364898] Initializing XFRM netlink socket
[    0.365072] NET: Registered PF_INET6 protocol family
[    0.377291] Segment Routing with IPv6
[    0.377378] In-situ OAM (IOAM) with IPv6
[    0.377473] sit: IPv6, IPv4 and MPLS over IPv4 tunneling driver
[    0.378417] NET: Registered PF_PACKET protocol family
[    0.378452] NET: Registered PF_KEY protocol family
[    0.378562] Key type dns_resolver registered
[    0.378788] ThumbEE CPU extension supported.
[    0.378807] Registering SWP/SWPB emulation handler
[    0.379348] omap_voltage_late_init: Voltage driver support not added
[    0.379691] SmartReflex Class3 initialized
[    0.411583] Loading compiled-in X.509 certificates
[    0.455383] /ocp/interconnect@44c00000/segment@200000/target-module@b000/i2c@0/tda19988@70: Fixed dependency cycle(s) with /ocp/interconnect@48000000/segment@300000/target-module@e000/lcdc@0
[    0.461889] /ocp/interconnect@44c00000/segment@200000/target-module@b000/i2c@0/tda19988@70: Fixed dependency cycle(s) with /ocp/interconnect@48000000/segment@300000/target-module@e000/lcdc@0
[    0.488366] /ocp/interconnect@44c00000/segment@200000/target-module@b000/i2c@0/tda19988@70: Fixed dependency cycle(s) with /ocp/interconnect@48000000/segment@300000/target-module@e000/lcdc@0
[    0.489250] /ocp/interconnect@44c00000/segment@200000/target-module@b000/i2c@0/tda19988@70: Fixed dependency cycle(s) with /ocp/interconnect@48000000/segment@300000/target-module@e000/lcdc@0
[    0.493034] /ocp/interconnect@44c00000/segment@200000/target-module@10000/scm@0/pinmux@800: Fixed dependency cycle(s) with /ocp/interconnect@44c00000/segment@200000/target-module@10000/scm@0/pinmux@800/clkout2-pins
[    0.493653] pinctrl-single 44e10800.pinmux: 142 pins, size 568
[    0.498885] ti-sysc 44e31000.target-module: probe with driver ti-sysc failed with error -16
[    0.527458] /ocp/interconnect@48000000/segment@300000/target-module@e000/lcdc@0: Fixed dependency cycle(s) with /ocp/interconnect@44c00000/segment@200000/target-module@b000/i2c@0/tda19988@70
[    0.535758] ti-sysc 48040000.target-module: probe with driver ti-sysc failed with error -16
[    0.582916] OMAP GPIO hardware version 0.1
[    0.605827] omap_i2c 4819c000.i2c: bus 2 rev0.11 at 100 kHz
[    0.633704] 48000000.interconnect:segment@200000:target-module@0:mpu@0:fck: device ID is greater than 24
[    0.634594] /ocp/interconnect@48000000/segment@300000/target-module@e000/lcdc@0: Fixed dependency cycle(s) with /ocp/interconnect@44c00000/segment@200000/target-module@b000/i2c@0/tda19988@70
[    0.637398] /ocp/interconnect@48000000/segment@300000/target-module@e000/lcdc@0: Fixed dependency cycle(s) with /ocp/interconnect@44c00000/segment@200000/target-module@b000/i2c@0/tda19988@70
[    0.638110] /ocp/interconnect@44c00000/segment@200000/target-module@b000/i2c@0/tda19988@70: Fixed dependency cycle(s) with /ocp/interconnect@48000000/segment@300000/target-module@e000/lcdc@0
[    0.638282] /ocp/interconnect@48000000/segment@300000/target-module@e000/lcdc@0: Fixed dependency cycle(s) with /ocp/interconnect@44c00000/segment@200000/target-module@b000/i2c@0/tda19988@70
[    0.649630] sdhci-omap 481d8000.mmc: supply pbias not found, using dummy regulator
[    0.650110] sdhci-omap 481d8000.mmc: supply vqmmc not found, using dummy regulator
[    0.705162] davinci_mdio 4a101000.mdio: davinci mdio revision 1.6, bus freq 1000000
[    0.843072] davinci_mdio 4a101000.mdio: phy[0]: device 4a101000.mdio:00, driver SMSC LAN8710/LAN8720
[    0.843839] cpsw-switch 4a100000.switch: initialized cpsw ale version 1.4
[    0.843862] cpsw-switch 4a100000.switch: ALE Table size 1024, Policers 0
[    0.844016] cpsw-switch 4a100000.switch: cpts: overflow check period 500 (jiffies)
[    0.844031] cpsw-switch 4a100000.switch: CPTS: ref_clk_freq:250000000 calc_mult:2147483648 calc_shift:29 error:0 nsec/sec
[    0.844144] cpsw-switch 4a100000.switch: Detected MACID = 6c:ec:eb:68:de:78
[    0.845970] cpsw-switch 4a100000.switch: initialized (regs 0x4a100000, pool size 256) hw_ver:0019010C 1.12 (0)
[    0.856924] debugfs: Directory '49000000.dma' with parent 'dmaengine' already present!
[    0.856971] edma 49000000.dma: TI EDMA DMA engine driver
[    0.897988] target-module@4b000000:target-module@140000:pmu@0:fck: device ID is greater than 24
[    0.924047] hw perfevents: enabled with armv7_cortex_a8 PMU driver, 5 (8000000f) counters available
[    0.932669] l3-aon-clkctrl:0000:0: failed to disable
[    0.949799] 44e09000.serial: ttyS0 at MMIO 0x44e09000 (irq = 34, base_baud = 3000000) is a 8250
[    0.949889] printk: legacy console [ttyS0] enabled
[    2.442273] tps65217-pmic: Failed to locate of_node [id: -1]
[    2.448335] tps65217-bl: Failed to locate of_node [id: -1]
[    2.455831] platform tps65217-charger: DMA mask not set
[    2.463164] platform tps65217-pwrbutton: DMA mask not set
[    2.470950] tps65217 0-0024: TPS65217 ID 0xe version 1.2
[    2.477075] /ocp/interconnect@48000000/segment@300000/target-module@e000/lcdc@0: Fixed dependency cycle(s) with /ocp/interconnect@44c00000/segment@200000/target-module@b000/i2c@0/tda19988@70
[    2.494438] /ocp/interconnect@44c00000/segment@200000/target-module@b000/i2c@0/tda19988@70: Fixed dependency cycle(s) with /ocp/interconnect@48000000/segment@300000/target-module@e000/lcdc@0
[    2.511807] omap_i2c 44e0b000.i2c: bus 0 rev0.11 at 400 kHz
[    2.519706] omap_gpio 44e07000.gpio: Could not set line 6 debounce to 200000 microseconds (-22)
[    2.528574] sdhci-omap 48060000.mmc: Got CD GPIO
[    2.533601] sdhci-omap 48060000.mmc: supply pbias not found, using dummy regulator
[    2.543623] sdhci-omap 48060000.mmc: supply vqmmc not found, using dummy regulator
[    2.552631] sdhci-omap 481d8000.mmc: supply pbias not found, using dummy regulator
[    2.560611] sdhci-omap 481d8000.mmc: supply vqmmc not found, using dummy regulator
 [    2.598377] mmc1: SDHCI controller on 481d8000.mmc [481d800 0.mmc] using External DMA
[    2.607425] mmc0: SDHCI controll er on 48060000.mmc [48060000.mmc] using External DMA
[    2.6 16294] cpsw-switch 4a100000.switch: starting ndev. mode: dual_ mac
[  
[    5.842064] cpsw-switch 4a100000.switch eth0: Link is Up - 100Mbps/Full - flow control off
[    5.881535] IP-Config: Complete:
[    5.884809]      device=eth0, hwaddr=6c:ec:eb:68:de:78, ipaddr=192.168.255.1, mask=255.255.255.0, gw=255.255.255.255
[    5.895473]      host=bbb1, domain=, nis-domain=(none)
[    5.900643]      bootserver=192.168.255.126, rootserver=192.168.255.126, rootpath=
[    5.901088] clk: Disabling unused clocks
[    5.912937] PM: genpd: Disabling unused power domains
[    5.918061] KTAP version 1
[    5.920782] 1..0
[    5.950128] VFS: Mounted root (nfs filesystem) on device 0:17.
[    5.957287] devtmpfs: mounted
[    5.961942] Freeing unused kernel image (initmem) memory: 1024K
[    5.968684] Run /sbin/init as init process
[    6.700084] systemd[1]: System time before build time, advancing clock.
[    8.171302] random: crng init done
[    8.211687] systemd[1]: systemd 232 running in system mode. (+PAM +AUDIT +SELINUX +IMA +APPARMOR +SMACK +SYSVINIT +UTMP +LIBCRYPTSETUP +GCRYPT +GNUTLS +ACL +XZ +LZ4 +SECCOMP +BLKID +ELFUTILS +KMOD +IDN)
[    8.230608] systemd[1]: Detected architecture arm.

Welcome to [1mDebian GNU/Linux 9 (stretch)[0m!

[    8.264550] systemd[1]: Set hostname to <arm>.
[    9.389126] systemd[1]: Created slice System Slice.
[[0;32m  OK  [0m] Created slice System Slice.
[    9.412799] systemd[1]: Created slice system-getty.slice.
[[0;32m  OK  [0m] Created slice system-getty.slice.
[    9.442249] systemd[1]: Started Dispatch Password Requests to Console Directory Watch.
[[0;32m  OK  [0m] Started Dispatch Password Requests to Console Directory Watch.
[    9.472597] systemd[1]: Created slice User and Session Slice.
[[0;32m  OK  [0m] Created slice User and Session Slice.
[    9.501660] systemd[1]: Reached target Slices.
[[0;32m  OK  [0m] Reached target Slices.
[    9.523262] systemd[1]: Listening on Syslog Socket.
[[0;32m  OK  [0m] Listening on Syslog Socket.
[    9.581884] systemd[1]: Mounting Debug File System...
         Mounting Debug File System...
[[0;32m  OK  [0m] Reached target Swap.
[[0;32m  OK  [0m] Set up automount Arbitrary Executabâ€¦rmats File System Automount Point.
[[0;32m  OK  [0m] Listening on Journal Audit Socket.
[[0;32m  OK  [0m] Listening on Journal Socket (/dev/log).
[[0;32m  OK  [0m] Created slice system-serial\x2dgetty.slice.
[[0;32m  OK  [0m] Listening on Journal Socket.
         Starting Load Kernel Modules...
         Starting Journal Service...
         Starting Remount Root and Kernel File Systems...
[[0;32m  OK  [0m] Reached target Remote File Systems.
[[0;32m  OK  [0m] Listening on udev Kernel Socket.
[[0;32m  OK  [0m] Listening on udev Control Socket.
         Starting Create list of required stâ€¦ce nodes for the current kernel...
[[0;32m  OK  [0m] Started Forward Password Requests to Wall Directory Watch.
[[0;32m  OK  [0m] Reached target Paths.
[[0;32m  OK  [0m] Reached target Encrypted Volumes.
         Mounting POSIX Message Queue File System...
[[0;32m  OK  [0m] Listening on /dev/initctl Compatibility Named Pipe.
[[0;32m  OK  [0m] Mounted Debug File System.
[[0;32m  OK  [0m] Started Load Kernel Modules.
[[0;32m  OK  [0m] Started Remount Root and Kernel File Systems.
[[0;32m  OK  [0m] Started Create list of required staâ€¦vice nodes for the current kernel.
         Starting Create Static Device Nodes in /dev...
         Starting udev Coldplug all Devices...
         Starting Load/Save Random Seed...
         Mounting Configuration File System...
         Starting Apply Kernel Variables...
[[0;32m  OK  [0m] Mounted POSIX Message Queue File System.
[[0;32m  OK  [0m] Mounted Configuration File System.
[[0;32m  OK  [0m] Started Load/Save Random Seed.
[[0;32m  OK  [0m] Started Apply Kernel Variables.
[[0;32m  OK  [0m] Started Journal Service.
         Starting Flush Journal to Persistent Storage...
[[0;32m  OK  [0m] Started Create Static Device Nodes in /dev.
[[0;32m  OK  [0m] Reached target Local File Systems (Pre).
[[0;32m  OK  [0m] Reached target Local File Systems.
         Starting Raise network interfaces...
         Starting udev Kernel Device Manager...
[   11.428584] systemd-journald[90]: Received request to flush runtime journal from PID 1
[[0;32m  OK  [0m] Started Flush Journal to Persistent Storage.
         Starting Create Volatile Files and Directories...
[[0;32m  OK  [0m] Started udev Kernel Device Manager.
[[0;32m  OK  [0m] Started Create Volatile Files and Directories.
         Starting Network Time Synchronization...
         Starting Update UTMP about System Boot/Shutdown...
[[0;32m  OK  [0m] Started Update UTMP about System Boot/Shutdown.
[[0;32m  OK  [0m] Started udev Coldplug all Devices.
[   14.746618] remoteproc remoteproc0: wkup_m3 is available
[   14.847774] at24 2-0054: supply vcc not found, using dummy regulator
[   14.969418] at24 2-0055: supply vcc not found, using dummy regulator
[   15.082251] at24 2-0056: supply vcc not found, using dummy regulator
[   15.190872] at24 2-0057: supply vcc not found, using dummy regulator
[   15.277915] at24 0-0050: 32768 byte 24c256 EEPROM, writable, 1 bytes/write
[   15.349373] input: tps65217_pwrbutton as /devices/platform/ocp/44c00000.interconnect/44c00000.interconnect:segment@200000/44e0b000.target-module/44e0b000.i2c/i2c-0/0-0024/tps65217-pwrbutton/input/input0
[   15.488296] wkup_m3_ipc 44e11324.wkup_m3_ipc: IPC Request for A8->M3 Channel failed! -517
[   15.538465] wkup_m3_ipc 44e11324.wkup_m3_ipc: IPC Request for A8->M3 Channel failed! -517
[[0;32m  OK  [0m] Found device /dev/ttyS0.
[[0;32m  OK  [0m] Started Network Time Synchronization.
[   15.704907] omap_rtc 44e3e000.rtc: registered as rtc0
[   15.710727] omap_rtc 44e3e000.rtc: setting system clock to 2000-01-01T00:00:00 UTC (946684800)
[   15.721560] wkup_m3_ipc 44e11324.wkup_m3_ipc: IPC Request for A8->M3 Channel failed! -517
[   15.871438] wkup_m3_ipc 44e11324.wkup_m3_ipc: IPC Request for A8->M3 Channel failed! -517
[   15.972058] omap_wdt: OMAP Watchdog Timer Rev 0x01: initial timeout 60 sec
[   15.995531] wkup_m3_ipc 44e11324.wkup_m3_ipc: IPC Request for A8->M3 Channel failed! -517
[   16.235482] am335x-phy-driver 47401300.usb-phy: dummy supplies not allowed for exclusive requests (id=vbus)
[[0;32m  OK  [0m] Reached target System Time Synchronized.
[[0;32m  OK  [0m] Reached target System Initialization.
[[0;32m  OK  [0m] Listening on Avahi mDNS/DNS-SD Stack Activation Socket.
[[0;32m  OK  [0m] Listening on D-Bus System Message Bus Socket.
[[0;32m  OK  [0m] Reached target Sockets.
[   16.477135] usbcore: registered new interface driver usbfs
[   16.482966] usbcore: registered new interface driver hub
[   16.488410] usbcore: registered new device driver usb
[[0;32m  OK  [0m] Reached target Basic System.
         Starting Avahi mDNS/DNS-SD Stack...
[   16.653271] am335x-phy-driver 47401b00.usb-phy: dummy supplies not allowed for exclusive requests (id=vbus)
[   16.682651] wkup_m3_ipc 44e11324.wkup_m3_ipc: IPC Request for A8->M3 Channel failed! -517
         Starting Generic Board Startup...
         Starting Login Service...[   16.838045] wkup_m3_ipc 44e11324.wkup_m3_ipc: IPC Request for A8->M3 Channel failed! -517

[[0;32m  OK  [0m] Started D-Bus System Message Bus.
[   17.122839] tda998x 0-0070: found TDA19988
[   17.245041] wkup_m3_ipc 44e11324.wkup_m3_ipc: IPC Request for A8->M3 Channel failed! -517
[   17.308671] musb-hdrc musb-hdrc.1: MUSB HDRC host driver
[   17.314356] musb-hdrc musb-hdrc.1: new USB bus registered, assigned bus number 1
[   17.342394] wkup_m3_ipc 44e11324.wkup_m3_ipc: IPC Request for A8->M3 Channel failed! -517
[   17.569662] usb usb1: New USB device found, idVendor=1d6b, idProduct=0002, bcdDevice= 6.15
[   17.578196] usb usb1: New USB device strings: Mfr=3, Product=2, SerialNumber=1
[   17.585519] usb usb1: Product: MUSB HDRC host driver
[   17.590513] usb usb1: Manufacturer: Linux 6.15.0-rc1-next-20250411 musb-hcd
[   17.597539] usb usb1: SerialNumber: musb-hdrc.1
[   17.733773] omap-mailbox 480c8000.mailbox: omap mailbox rev 0x400
[   17.818527] remoteproc remoteproc0: powering up wkup_m3
[   17.997906] remoteproc remoteproc0: Direct firmware load for am335x-pm-firmware.elf failed with error -2
[   18.007768] remoteproc remoteproc0: request_firmware failed: -2
[   18.013886] wkup_m3_ipc 44e11324.wkup_m3_ipc: rproc_boot failed
[   18.061968] hub 1-0:1.0: USB hub found
[   18.120098] hub 1-0:1.0: 1 port detected
[   19.999146] omap_rng 48310000.rng: Random Number Generator ver. 20
[   20.127418] tilcdc 4830e000.lcdc: bound 0-0070 (ops tda998x_audio_codec_init [tda998x])
[   20.224713] [drm] Initialized tilcdc 1.0.0 for 4830e000.lcdc on minor 0
[   20.270397] tilcdc 4830e000.lcdc: [drm] Cannot find any crtc or sizes
[   20.278834] tilcdc 4830e000.lcdc: [drm] Cannot find any crtc or sizes
[[0;32m  OK  [0m] Started Avahi mDNS/DNS-SD Stack.
         Starting Connection service...
         Starting Cape Manager Service...
[   21.080123] omap-sham 53100000.sham: hw accel on OMAP rev 4.3
[   21.097568] PM: Cannot get wkup_m3_ipc handle
         Starting LSB: Load kernel modules needed to enable cpufreq scaling...
[   21.206203] omap-aes 53500000.aes: OMAP AES hw accel rev: 3.2
[   21.218910] omap-sham 53100000.sham: will run requests pump with realtime priority
[   21.228045] PM: Cannot get wkup_m3_ipc handle
         Starting LSB: Start busybox udhcpd at boot time...
[   21.371532] omap-aes 53500000.aes: will run requests pump with realtime priority
[   21.381826] PM: Cannot get wkup_m3_ipc handle
         Starting DUN service...
         Starting System Logging Service...
         Starting Telephony service...
[[0;32m  OK  [0m] Started Daily apt download activities.
[[0;32m  OK  [0m] Started Regular background program processing daemon.
[[0;32m  OK  [0m] Started Daily Cleanup of Temporary Directories.
[[0;32m  OK  [0m] Started Daily apt upgrade and clean activities.
[[0;32m  OK  [0m] Reached target Timers.
[[0;32m  OK  [0m] Started Cape Manager Service.
[[0;32m  OK  [0m] Started System Logging Service.
[   24.971941] Bluetooth: Core ver 2.22
[   24.975765] NET: Registered PF_BLUETOOTH protocol family
[   24.981115] Bluetooth: HCI device and connection manager initialized
[   24.987702] Bluetooth: HCI socket layer initialized
[   24.992715] Bluetooth: L2CAP socket layer initialized
[   24.997835] Bluetooth: SCO socket layer initialized
[   25.243222] gpio-537 (nxp,calib): gpiod_direction_output_nonotify: tried to set a GPIO tied to an IRQ as output
[   25.327803] PM: Cannot get wkup_m3_ipc handle
[   25.471197] PM: Cannot get wkup_m3_ipc handle
[   25.517990] tda9950 0-0034: TDA9950 CEC interface, hardware version 3.3
[   25.616128] PM: Cannot get wkup_m3_ipc handle
[[0;32m  OK  [0m] Started Raise network interfaces.
[[0;32m  OK  [0m] Started LSB: Start busybox udhcpd at boot time.
[[0;32m  OK  [0m] Started LSB: Load kernel modules needed to enable cpufreq scaling.
[   28.438806] configfs-gadget.g_multi gadget.0: HOST MAC 1c:ba:8c:a2:ed:6c
[   28.445827] configfs-gadget.g_multi gadget.0: MAC 1c:ba:8c:a2:ed:70
[   28.453215] configfs-gadget.g_multi gadget.0: HOST MAC 1c:ba:8c:a2:ed:6c
[   28.459974] configfs-gadget.g_multi gadget.0: MAC 1c:ba:8c:a2:ed:6d
[   28.483372] PM: Cannot get wkup_m3_ipc handle
[[0;32m  OK  [0m] Started DUN service.
[[0;32m  OK  [0m] Started Telephony service.
[[0;32m  OK  [0m] Started Connection service.
[[0;32m  OK  [0m] Started Login Service.
[[0;32m  OK  [0m] Reached target Sound Card.
         Starting LSB: set CPUFreq kernel parameters...
[[0;32m  OK  [0m] Reached target Network.
         Starting The Apache HTTP Server...
         Starting Permit User Sessions...
         Starting OpenBSD Secure Shell server...
[[0;32m  OK  [0m] Reached target Network is Online.
         Starting LSB: Advanced IEEE 802.11 management daemon...
[[0;32m  OK  [0m] Started Permit User Sessions.
[[0;32m  OK  [0m] Started LSB: Advanced IEEE 802.11 management daemon.
         Starting Hostname Service...
         Starting WPA supplicant...
[[0;32m  OK  [0m] Started Serial Getty on ttyS0.
[[0;32m  OK  [0m] Started Getty on tty1.
[[0;32m  OK  [0m] Reached target Login Prompts.
[[0;32m  OK  [0m] Started LSB: set CPUFreq kernel parameters.
[[0;32m  OK  [0m] Started Hostname Service.
[[0;32m  OK  [0m] Started WPA supplicant.
         Stopping LSB: Start busybox udhcpd at boot time...
[[0;32m  OK  [0m] Started OpenBSD Secure Shell server.
[[0;32m  OK  [0m] Stopped LSB: Start busybox udhcpd at boot time.
[[0;32m  OK  [0m] Started The Apache HTTP Server.
         Starting dnsmasq - A lightweight DHCP and caching DNS server...
[[0;32m  OK  [0m] Started dnsmasq - A lightweight DHCP and caching DNS server.
[[0;32m  OK  [0m] Reached target Host and Network Name Lookups.
[[0;32m  OK  [0m] Started Serial Getty on ttyGS0.
[[0;32m  OK  [0m] Started Generic Board Startup.
[[0;32m  OK  [0m] Reached target Multi-User System.
[[0;32m  OK  [0m] Reached target Graphical Interface.
         Starting Update UTMP about System Runlevel Changes...
[[0;32m  OK  [0m] Started Update UTMP about System Runlevel Changes.

Debian GNU/Linux 9 arm ttyS0

default username:password is [debian:temppwd]

arm login: root
Password: 
Last login: Sat Jan  1 00:00:29 UTC 2000 on ttyS0
root
Linux arm 6.15.0-rc1-next-20250411 #1 SMP Fri Apr 11 09:20:31 EEST 2025 armv7l

The programs included with the Debian GNU/Linux system are free software;
the exact distribution terms for each program are described in the
individual files in /usr/share/doc/*/copyright.

Debian GNU/Linux comes with ABSOLUTELY NO WARRANTY, to the extent
permitted by applicable law.
root@arm:~# root
-bash: root: command not found
root@arm:~# dmesg -n 1
echo 'QSMM''WYGXUH'
root@arm:~# echo 'QSMM''WYGXUH'
QSMMWYGXUH
root@arm:~# run() { echo -n "$MARKER"; sh -c "$@"; echo "$MARKER $?"; }
root@arm:~# echo 'XVHC''XYQWSN'
XVHCXYQWSN
root@arm:~# MARKER='KZPO''JQPOEA' run 'cat /proc/version'
KZPOJQPOEALinux version 6.15.0-rc1-next-20250411 (user01@drvtest01) (arm-none-eabi-gcc (Arm GNU Toolchain 14.2.Rel1 (Build arm-14.52)) 14.2.1 20241119, GNU ld (Arm GNU Toolchain 14.2.Rel1 (Build arm-14.52)) 2.43.1.20241119) #1 SMP Fri Apr 11 09:20:31 EEST 2025
KZPOJQPOEA 0
root@arm:~# echo 'AMNW''HCZCOT'
AMNWHCZCOT
root@arm:~# MARKER='VXMM''NJZOSC' run false
VXMMNJZOSCVXMMNJZOSC 1
root@arm:~# Labgrid Console Logfile for main
Logfile started at 2025-04-11 09:22:52.901869
=== Log starts here ===

root@arm:~# run() { echo -n "$MARKER"; sh -c "$@"; echo "$MARKER $?"; }
root@arm:~# echo 'UWVY''FNGKYE'
UWVYFNGKYE
root@arm:~# MARKER='NENN''BFABVK' run 'ls /iio_generic_buffer; echo $?'
NENNBFABVK/iio_generic_buffer
0
NENNBFABVK 0
root@arm:~# Labgrid Console Logfile for main
Logfile started at 2025-04-11 09:22:56.292362
=== Log starts here ===

root@arm:~# run() { echo -n "$MARKER"; sh -c "$@"; echo "$MARKER $?"; }
root@arm:~# echo 'JYOE''BCSLCE'
JYOEBCSLCE
root@arm:~# MARKER='MSOX''VNEGMG' run dmesg
MSOXVNEGMG[    0.000000] Booting Linux on physical CPU 0x0
[    0.000000] Linux version 6.15.0-rc1-next-20250411 (user01@drvtest01) (arm-none-eabi-gcc (Arm GNU Toolchain 14.2.Rel1 (Build arm-14.52)) 14.2.1 20241119, GNU ld (Arm GNU Toolchain 14.2.Rel1 (Build arm-14.52)) 2.43.1.20241119) #1 SMP Fri Apr 11 09:20:31 EEST 2025
[    0.000000] CPU: ARMv7 Processor [413fc082] revision 2 (ARMv7), cr=10c5387d
[    0.000000] CPU: PIPT / VIPT nonaliasing data cache, VIPT aliasing instruction cache
[    0.000000] OF: fdt: Machine model: TI AM335x BeagleBone Black
[    0.000000] Memory policy: Data cache writeback
[    0.000000] cma: Reserved 16 MiB at 0x9e800000
[    0.000000] Zone ranges:
[    0.000000]   Normal   [mem 0x0000000080000000-0x000000009fdfffff]
[    0.000000]   HighMem  empty
[    0.000000] Movable zone start for each node
[    0.000000] Early memory node ranges
[    0.000000]   node   0: [mem 0x0000000080000000-0x000000009fdfffff]
[    0.000000] Initmem setup node 0 [mem 0x0000000080000000-0x000000009fdfffff]
[    0.000000] On node 0, zone Normal: 512 pages in unavailable ranges
[    0.000000] OF: reserved mem: Reserved memory: No reserved-memory node in the DT
[    0.000000] CPU: All CPU(s) started in SVC mode.
[    0.000000] AM335X ES2.1 (sgx neon)
[    0.000000] percpu: Embedded 17 pages/cpu s39692 r8192 d21748 u69632
[    0.000000] pcpu-alloc: s39692 r8192 d21748 u69632 alloc=17*4096
[    0.000000] pcpu-alloc: [0] 0 
[    0.000000] Kernel command line: console=ttyO0,115200n8 root=/dev/nfs rw nfsroot=192.168.255.126:/home/user01/nfs,nfsvers=3 ip=192.168.255.1:192.168.255.126::255.255.255.0:bbb1:eth0 nfsrootdebug
[    0.000000] Unknown kernel command line parameters "nfsrootdebug", will be passed to user space.
[    0.000000] printk: log buffer data + meta data: 65536 + 204800 = 270336 bytes
[    0.000000] Dentry cache hash table entries: 65536 (order: 6, 262144 bytes, linear)
[    0.000000] Inode-cache hash table entries: 32768 (order: 5, 131072 bytes, linear)
[    0.000000] Built 1 zonelists, mobility grouping on.  Total pages: 130560
[    0.000000] mem auto-init: stack:off, heap alloc:off, heap free:off
[    0.000000] SLUB: HWalign=16, Order=0-3, MinObjects=0, CPUs=1, Nodes=1
[    0.000000] rcu: Hierarchical RCU implementation.
[    0.000000] rcu: 	RCU event tracing is enabled.
[    0.000000] rcu: 	RCU restricting CPUs from NR_CPUS=2 to nr_cpu_ids=1.
[    0.000000] 	Tracing variant of Tasks RCU enabled.
[    0.000000] rcu: RCU calculated value of scheduler-enlistment delay is 10 jiffies.
[    0.000000] rcu: Adjusting geometry for rcu_fanout_leaf=16, nr_cpu_ids=1
[    0.000000] RCU Tasks Trace: Setting shift to 0 and lim to 1 rcu_task_cb_adjust=1 rcu_task_cpu_ids=1.
[    0.000000] NR_IRQS: 16, nr_irqs: 16, preallocated irqs: 16
[    0.000000] IRQ: Found an INTC at 0x(ptrval) (revision 5.0) with 128 interrupts
[    0.000000] rcu: srcu_init: Setting srcu_struct sizes based on contention.
[    0.000000] TI gptimer clocksource: always-on /ocp/interconnect@44c00000/segment@200000/target-module@31000
[    0.000003] sched_clock: 32 bits at 24MHz, resolution 41ns, wraps every 89478484971ns
[    0.000027] clocksource: dmtimer: mask: 0xffffffff max_cycles: 0xffffffff, max_idle_ns: 79635851949 ns
[    0.000507] TI gptimer clockevent: 24000000 Hz at /ocp/interconnect@48000000/segment@0/target-module@40000
[    0.002123] Console: colour dummy device 80x30
[    0.002191] WARNING: Your 'console=ttyO0' has been replaced by 'ttyS0'
[    0.002199] This ensures that you still see kernel messages. Please
[    0.002203] update your kernel commandline.
[    0.002246] Calibrating delay loop... 996.14 BogoMIPS (lpj=4980736)
[    0.090555] CPU: Testing write buffer coherency: ok
[    0.090666] CPU0: Spectre v2: using BPIALL workaround
[    0.090675] pid_max: default: 32768 minimum: 301
[    0.090832] LSM: initializing lsm=capability
[    0.091012] Mount-cache hash table entries: 1024 (order: 0, 4096 bytes, linear)
[    0.091031] Mountpoint-cache hash table entries: 1024 (order: 0, 4096 bytes, linear)
[    0.092617] CPU0: thread -1, cpu 0, socket -1, mpidr 0
[    0.092676] cacheinfo: Unable to detect cache hierarchy for CPU 0
[    0.160748] Setting up static identity map for 0x80100000 - 0x80100078
[    0.170702] rcu: Hierarchical SRCU implementation.
[    0.170713] rcu: 	Max phase no-delay instances is 1000.
[    0.172455] smp: Bringing up secondary CPUs ...
[    0.172510] smp: Brought up 1 node, 1 CPU
[    0.172523] SMP: Total of 1 processors activated (996.14 BogoMIPS).
[    0.172533] CPU: All CPU(s) started in SVC mode.
[    0.172726] Memory: 480824K/522240K available (11264K kernel code, 1216K rwdata, 2976K rodata, 1024K init, 288K bss, 23384K reserved, 16384K cma-reserved, 0K highmem)
[    0.173551] devtmpfs: initialized
[    0.190800] VFP support v0.3: implementor 41 architecture 3 part 30 variant c rev 3
[    0.191535] clocksource: jiffies: mask: 0xffffffff max_cycles: 0xffffffff, max_idle_ns: 19112604462750000 ns
[    0.191594] posixtimers hash table entries: 512 (order: 0, 4096 bytes, linear)
[    0.191613] futex hash table entries: 256 (order: 2, 16384 bytes, linear)
[    0.192767] pinctrl core: initialized pinctrl subsystem
[    0.194840] NET: Registered PF_NETLINK/PF_ROUTE protocol family
[    0.197639] DMA: preallocated 256 KiB pool for atomic coherent allocations
[    0.198577] audit: initializing netlink subsys (disabled)
[    0.199944] thermal_sys: Registered thermal governor 'fair_share'
[    0.199959] thermal_sys: Registered thermal governor 'step_wise'
[    0.199968] thermal_sys: Registered thermal governor 'user_space'
[    0.200081] audit: type=2000 audit(0.000:1): state=initialized audit_enabled=0 res=1
[    0.200152] cpuidle: using governor menu
[    0.218583] /ocp/interconnect@44c00000/segment@200000/target-module@b000/i2c@0/tda19988@70: Fixed dependency cycle(s) with /ocp/interconnect@48000000/segment@300000/target-module@e000/lcdc@0
[    0.219699] /ocp/interconnect@48000000/segment@300000/target-module@e000/lcdc@0: Fixed dependency cycle(s) with /ocp/interconnect@44c00000/segment@200000/target-module@b000/i2c@0/tda19988@70
[    0.222043] No ATAGs?
[    0.222087] hw-breakpoint: debug architecture 0x4 unsupported.
[    0.224779] kprobes: kprobe jump-optimization is enabled. All kprobes are optimized if possible.
[    0.233905] iommu: Default domain type: Translated
[    0.233927] iommu: DMA domain TLB invalidation policy: strict mode
[    0.235481] reg-fixed-voltage fixedregulator0: using DT '/fixedregulator0' for '(default)' GPIO lookup
[    0.235536] of_get_named_gpiod_flags: can't parse 'gpios' property of node '/fixedregulator0[0]'
[    0.235565] of_get_named_gpiod_flags: can't parse 'gpio' property of node '/fixedregulator0[0]'
[    0.235582] reg-fixed-voltage fixedregulator0: using lookup tables for GPIO lookup
[    0.235592] reg-fixed-voltage fixedregulator0: No GPIO consumer (default) found
[    0.241440] SCSI subsystem initialized
[    0.241925] libata version 3.00 loaded.
[    0.242286] pps_core: LinuxPPS API ver. 1 registered
[    0.242296] pps_core: Software ver. 5.3.6 - Copyright 2005-2007 Rodolfo Giometti <giometti@linux.it>
[    0.242320] PTP clock support registered
[    0.250907] vgaarb: loaded
[    0.251275] clocksource: Switched to clocksource dmtimer
[    0.251926] VFS: Disk quotas dquot_6.6.0
[    0.251980] VFS: Dquot-cache hash table entries: 1024 (order 0, 4096 bytes)
[    0.276239] NET: Registered PF_INET protocol family
[    0.276581] IP idents hash table entries: 8192 (order: 4, 65536 bytes, linear)
[    0.278017] tcp_listen_portaddr_hash hash table entries: 512 (order: 0, 4096 bytes, linear)
[    0.278055] Table-perturb hash table entries: 65536 (order: 6, 262144 bytes, linear)
[    0.278075] TCP established hash table entries: 4096 (order: 2, 16384 bytes, linear)
[    0.278121] TCP bind hash table entries: 4096 (order: 4, 65536 bytes, linear)
[    0.278221] TCP: Hash tables configured (established 4096 bind 4096)
[    0.278345] UDP hash table entries: 256 (order: 1, 14336 bytes, linear)
[    0.278381] UDP-Lite hash table entries: 256 (order: 1, 14336 bytes, linear)
[    0.278573] NET: Registered PF_UNIX/PF_LOCAL protocol family
[    0.279840] RPC: Registered named UNIX socket transport module.
[    0.279859] RPC: Registered udp transport module.
[    0.279864] RPC: Registered tcp transport module.
[    0.279869] RPC: Registered tcp-with-tls transport module.
[    0.279873] RPC: Registered tcp NFSv4.1 backchannel transport module.
[    0.279897] PCI: CLS 0 bytes, default 64
[    0.281401] Initialise system trusted keyrings
[    0.292036] workingset: timestamp_bits=14 max_order=17 bucket_order=3
[    0.293419] NFS: Registering the id_resolver key type
[    0.293505] Key type id_resolver registered
[    0.293512] Key type id_legacy registered
[    0.293621] jffs2: version 2.2. (NAND) (SUMMARY)  Â© 2001-2006 Red Hat, Inc.
[    0.294040] Key type asymmetric registered
[    0.294056] Asymmetric key parser 'x509' registered
[    0.294119] io scheduler mq-deadline registered
[    0.294128] io scheduler kyber registered
[    0.294202] io scheduler bfq registered
[    0.295748] ledtrig-cpu: registered to indicate activity on CPUs
[    0.302066] Serial: 8250/16550 driver, 6 ports, IRQ sharing enabled
[    0.339320] brd: module loaded
[    0.358184] loop: module loaded
[    0.359081] mtdoops: mtd device (mtddev=name/number) must be supplied
[    0.360758] mdio_bus fixed-0: using lookup tables for GPIO lookup
[    0.360779] mdio_bus fixed-0: No GPIO consumer reset found
[    0.362294] i2c_dev: i2c /dev entries driver
[    0.363279] cpuidle: enable-method property 'ti,am3352' found operations
[    0.363724] sdhci: Secure Digital Host Controller Interface driver
[    0.363733] sdhci: Copyright(c) Pierre Ossman
[    0.363898] sdhci-pltfm: SDHCI platform and OF driver helper
[    0.364898] Initializing XFRM netlink socket
[    0.365072] NET: Registered PF_INET6 protocol family
[    0.377291] Segment Routing with IPv6
[    0.377378] In-situ OAM (IOAM) with IPv6
[    0.377473] sit: IPv6, IPv4 and MPLS over IPv4 tunneling driver
[    0.378417] NET: Registered PF_PACKET protocol family
[    0.378452] NET: Registered PF_KEY protocol family
[    0.378562] Key type dns_resolver registered
[    0.378788] ThumbEE CPU extension supported.
[    0.378807] Registering SWP/SWPB emulation handler
[    0.379348] omap_voltage_late_init: Voltage driver support not added
[    0.379691] SmartReflex Class3 initialized
[    0.411583] Loading compiled-in X.509 certificates
[    0.455383] /ocp/interconnect@44c00000/segment@200000/target-module@b000/i2c@0/tda19988@70: Fixed dependency cycle(s) with /ocp/interconnect@48000000/segment@300000/target-module@e000/lcdc@0
[    0.461889] /ocp/interconnect@44c00000/segment@200000/target-module@b000/i2c@0/tda19988@70: Fixed dependency cycle(s) with /ocp/interconnect@48000000/segment@300000/target-module@e000/lcdc@0
[    0.467354] gpiochip_find_base_unlocked: found new base at 512
[    0.488366] /ocp/interconnect@44c00000/segment@200000/target-module@b000/i2c@0/tda19988@70: Fixed dependency cycle(s) with /ocp/interconnect@48000000/segment@300000/target-module@e000/lcdc@0
[    0.489250] /ocp/interconnect@44c00000/segment@200000/target-module@b000/i2c@0/tda19988@70: Fixed dependency cycle(s) with /ocp/interconnect@48000000/segment@300000/target-module@e000/lcdc@0
[    0.493034] /ocp/interconnect@44c00000/segment@200000/target-module@10000/scm@0/pinmux@800: Fixed dependency cycle(s) with /ocp/interconnect@44c00000/segment@200000/target-module@10000/scm@0/pinmux@800/clkout2-pins
[    0.493653] pinctrl-single 44e10800.pinmux: 142 pins, size 568
[    0.498885] ti-sysc 44e31000.target-module: probe with driver ti-sysc failed with error -16
[    0.527458] /ocp/interconnect@48000000/segment@300000/target-module@e000/lcdc@0: Fixed dependency cycle(s) with /ocp/interconnect@44c00000/segment@200000/target-module@b000/i2c@0/tda19988@70
[    0.535758] ti-sysc 48040000.target-module: probe with driver ti-sysc failed with error -16
[    0.547134] gpiochip_find_base_unlocked: found new base at 512
[    0.547239] gpio gpiochip0: (gpio-0-31): created GPIO range 0->7 ==> 44e10800.pinmux PIN 0->7
[    0.547261] gpio gpiochip0: (gpio-0-31): created GPIO range 8->11 ==> 44e10800.pinmux PIN 90->93
[    0.547276] gpio gpiochip0: (gpio-0-31): created GPIO range 12->27 ==> 44e10800.pinmux PIN 12->27
[    0.547298] gpio gpiochip0: (gpio-0-31): created GPIO range 28->31 ==> 44e10800.pinmux PIN 30->33
[    0.582694] gpio gpiochip0: (gpio-0-31): added GPIO chardev (254:0)
[    0.582835] gpio gpiochip0: registered GPIOs 512 to 543 on gpio-0-31
[    0.582916] OMAP GPIO hardware version 0.1
[    0.604827] i2c i2c-2: using DT '/ocp/interconnect@48000000/segment@100000/target-module@9c000/i2c@0' for 'scl' GPIO lookup
[    0.604899] of_get_named_gpiod_flags: can't parse 'scl-gpios' property of node '/ocp/interconnect@48000000/segment@100000/target-module@9c000/i2c@0[0]'
[    0.604942] of_get_named_gpiod_flags: can't parse 'scl-gpio' property of node '/ocp/interconnect@48000000/segment@100000/target-module@9c000/i2c@0[0]'
[    0.604979] i2c i2c-2: using lookup tables for GPIO lookup
[    0.604988] i2c i2c-2: No GPIO consumer scl found
[    0.605010] i2c i2c-2: using DT '/ocp/interconnect@48000000/segment@100000/target-module@9c000/i2c@0' for 'sda' GPIO lookup
[    0.605045] of_get_named_gpiod_flags: can't parse 'sda-gpios' property of node '/ocp/interconnect@48000000/segment@100000/target-module@9c000/i2c@0[0]'
[    0.605081] of_get_named_gpiod_flags: can't parse 'sda-gpio' property of node '/ocp/interconnect@48000000/segment@100000/target-module@9c000/i2c@0[0]'
[    0.605112] i2c i2c-2: using lookup tables for GPIO lookup
[    0.605120] i2c i2c-2: No GPIO consumer sda found
[    0.605827] omap_i2c 4819c000.i2c: bus 2 rev0.11 at 100 kHz
[    0.611563] gpiochip_find_base_unlocked: found new base at 544
[    0.611677] gpio gpiochip1: (gpio-32-63): created GPIO range 0->17 ==> 44e10800.pinmux PIN 34->51
[    0.611697] gpio gpiochip1: (gpio-32-63): created GPIO range 18->21 ==> 44e10800.pinmux PIN 77->80
[    0.611713] gpio gpiochip1: (gpio-32-63): created GPIO range 22->31 ==> 44e10800.pinmux PIN 56->65
[    0.624514] gpio gpiochip1: (gpio-32-63): added GPIO chardev (254:1)
[    0.624671] gpio gpiochip1: registered GPIOs 544 to 575 on gpio-32-63
[    0.626922] gpiochip_find_base_unlocked: found new base at 576
[    0.627014] gpio gpiochip2: (gpio-64-95): created GPIO range 0->4 ==> 44e10800.pinmux PIN 66->70
[    0.627034] gpio gpiochip2: (gpio-64-95): created GPIO range 5->6 ==> 44e10800.pinmux PIN 98->99
[    0.627049] gpio gpiochip2: (gpio-64-95): created GPIO range 7->8 ==> 44e10800.pinmux PIN 75->76
[    0.627064] gpio gpiochip2: (gpio-64-95): created GPIO range 13->13 ==> 44e10800.pinmux PIN 141->141
[    0.627079] gpio gpiochip2: (gpio-64-95): created GPIO range 14->21 ==> 44e10800.pinmux PIN 100->107
[    0.627740] gpio gpiochip2: (gpio-64-95): added GPIO chardev (254:2)
[    0.627880] gpio gpiochip2: registered GPIOs 576 to 607 on gpio-64-95
[    0.633704] 48000000.interconnect:segment@200000:target-module@0:mpu@0:fck: device ID is greater than 24
[    0.634594] /ocp/interconnect@48000000/segment@300000/target-module@e000/lcdc@0: Fixed dependency cycle(s) with /ocp/interconnect@44c00000/segment@200000/target-module@b000/i2c@0/tda19988@70
[    0.637398] /ocp/interconnect@48000000/segment@300000/target-module@e000/lcdc@0: Fixed dependency cycle(s) with /ocp/interconnect@44c00000/segment@200000/target-module@b000/i2c@0/tda19988@70
[    0.638110] /ocp/interconnect@44c00000/segment@200000/target-module@b000/i2c@0/tda19988@70: Fixed dependency cycle(s) with /ocp/interconnect@48000000/segment@300000/target-module@e000/lcdc@0
[    0.638282] /ocp/interconnect@48000000/segment@300000/target-module@e000/lcdc@0: Fixed dependency cycle(s) with /ocp/interconnect@44c00000/segment@200000/target-module@b000/i2c@0/tda19988@70
[    0.647982] mdio_bus 4a101000.mdio: using DT '/ocp/interconnect@4a000000/segment@0/target-module@100000/switch@0/mdio@1000' for 'reset' GPIO lookup
[    0.648054] of_get_named_gpiod_flags: can't parse 'reset-gpios' property of node '/ocp/interconnect@4a000000/segment@0/target-module@100000/switch@0/mdio@1000[0]'
[    0.648101] of_get_named_gpiod_flags: can't parse 'reset-gpio' property of node '/ocp/interconnect@4a000000/segment@0/target-module@100000/switch@0/mdio@1000[0]'
[    0.648147] mdio_bus 4a101000.mdio: using lookup tables for GPIO lookup
[    0.648156] mdio_bus 4a101000.mdio: No GPIO consumer reset found
[    0.649289] sdhci-omap 481d8000.mmc: using DT '/ocp/interconnect@48000000/segment@100000/target-module@d8000/mmc@0' for 'wp' GPIO lookup
[    0.649349] of_get_named_gpiod_flags: can't parse 'wp-gpios' property of node '/ocp/interconnect@48000000/segment@100000/target-module@d8000/mmc@0[0]'
[    0.649391] of_get_named_gpiod_flags: can't parse 'wp-gpio' property of node '/ocp/interconnect@48000000/segment@100000/target-module@d8000/mmc@0[0]'
[    0.649426] sdhci-omap 481d8000.mmc: using lookup tables for GPIO lookup
[    0.649435] sdhci-omap 481d8000.mmc: No GPIO consumer wp found
[    0.649630] sdhci-omap 481d8000.mmc: supply pbias not found, using dummy regulator
[    0.650110] sdhci-omap 481d8000.mmc: supply vqmmc not found, using dummy regulator
[    0.705162] davinci_mdio 4a101000.mdio: davinci mdio revision 1.6, bus freq 1000000
[    0.719567] mdio_bus 4a101000.mdio:00: using DT '/ocp/interconnect@4a000000/segment@0/target-module@100000/switch@0/mdio@1000/ethernet-phy@0' for 'reset' GPIO lookup
[    0.719670] of_get_named_gpiod_flags: parsed 'reset-gpios' property of node '/ocp/interconnect@4a000000/segment@0/target-module@100000/switch@0/mdio@1000/ethernet-phy@0[0]' - status (0)
[    0.719833] gpio gpiochip0: Persistence not supported for GPIO 8
[    0.843072] davinci_mdio 4a101000.mdio: phy[0]: device 4a101000.mdio:00, driver SMSC LAN8710/LAN8720
[    0.843839] cpsw-switch 4a100000.switch: initialized cpsw ale version 1.4
[    0.843862] cpsw-switch 4a100000.switch: ALE Table size 1024, Policers 0
[    0.844016] cpsw-switch 4a100000.switch: cpts: overflow check period 500 (jiffies)
[    0.844031] cpsw-switch 4a100000.switch: CPTS: ref_clk_freq:250000000 calc_mult:2147483648 calc_shift:29 error:0 nsec/sec
[    0.844144] cpsw-switch 4a100000.switch: Detected MACID = 6c:ec:eb:68:de:78
[    0.845970] cpsw-switch 4a100000.switch: initialized (regs 0x4a100000, pool size 256) hw_ver:0019010C 1.12 (0)
[    0.856924] debugfs: Directory '49000000.dma' with parent 'dmaengine' already present!
[    0.856971] edma 49000000.dma: TI EDMA DMA engine driver
[    0.897988] target-module@4b000000:target-module@140000:pmu@0:fck: device ID is greater than 24
[    0.924047] hw perfevents: enabled with armv7_cortex_a8 PMU driver, 5 (8000000f) counters available
[    0.924944] gpio-clk clk_mcasp0: using DT '/clk_mcasp0' for 'enable' GPIO lookup
[    0.925012] of_get_named_gpiod_flags: parsed 'enable-gpios' property of node '/clk_mcasp0[0]' - status (0)
[    0.925055] gpio gpiochip0: Persistence not supported for GPIO 27
[    0.925849] gpiochip_find_base_unlocked: found new base at 608
[    0.925956] gpio gpiochip3: (gpio-96-127): created GPIO range 0->7 ==> 44e10800.pinmux PIN 82->89
[    0.925976] gpio gpiochip3: (gpio-96-127): created GPIO range 8->11 ==> 44e10800.pinmux PIN 52->55
[    0.925991] gpio gpiochip3: (gpio-96-127): created GPIO range 12->15 ==> 44e10800.pinmux PIN 94->97
[    0.926006] gpio gpiochip3: (gpio-96-127): created GPIO range 16->17 ==> 44e10800.pinmux PIN 71->72
[    0.926022] gpio gpiochip3: (gpio-96-127): created GPIO range 18->18 ==> 44e10800.pinmux PIN 135->135
[    0.926038] gpio gpiochip3: (gpio-96-127): created GPIO range 19->20 ==> 44e10800.pinmux PIN 108->109
[    0.926054] gpio gpiochip3: (gpio-96-127): created GPIO range 21->21 ==> 44e10800.pinmux PIN 73->73
[    0.926071] gpio gpiochip3: (gpio-96-127): created GPIO range 22->23 ==> 44e10800.pinmux PIN 8->9
[    0.926091] gpio gpiochip3: (gpio-96-127): created GPIO range 26->27 ==> 44e10800.pinmux PIN 10->11
[    0.926109] gpio gpiochip3: (gpio-96-127): created GPIO range 28->28 ==> 44e10800.pinmux PIN 74->74
[    0.926133] gpio gpiochip3: (gpio-96-127): created GPIO range 29->29 ==> 44e10800.pinmux PIN 81->81
[    0.926151] gpio gpiochip3: (gpio-96-127): created GPIO range 30->31 ==> 44e10800.pinmux PIN 28->29
[    0.932669] l3-aon-clkctrl:0000:0: failed to disable
[    0.945909] gpio gpiochip3: (gpio-96-127): added GPIO chardev (254:3)
[    0.946066] gpio gpiochip3: registered GPIOs 608 to 639 on gpio-96-127
[    0.949110] omap8250 44e09000.serial: using DT '/ocp/interconnect@44c00000/segment@200000/target-module@9000/serial@0' for 'rs485-term' GPIO lookup
[    0.949190] of_get_named_gpiod_flags: can't parse 'rs485-term-gpios' property of node '/ocp/interconnect@44c00000/segment@200000/target-module@9000/serial@0[0]'
[    0.949236] of_get_named_gpiod_flags: can't parse 'rs485-term-gpio' property of node '/ocp/interconnect@44c00000/segment@200000/target-module@9000/serial@0[0]'
[    0.949272] omap8250 44e09000.serial: using lookup tables for GPIO lookup
[    0.949281] omap8250 44e09000.serial: No GPIO consumer rs485-term found
[    0.949291] omap8250 44e09000.serial: using DT '/ocp/interconnect@44c00000/segment@200000/target-module@9000/serial@0' for 'rs485-rx-during-tx' GPIO lookup
[    0.949326] of_get_named_gpiod_flags: can't parse 'rs485-rx-during-tx-gpios' property of node '/ocp/interconnect@44c00000/segment@200000/target-module@9000/serial@0[0]'
[    0.949363] of_get_named_gpiod_flags: can't parse 'rs485-rx-during-tx-gpio' property of node '/ocp/interconnect@44c00000/segment@200000/target-module@9000/serial@0[0]'
[    0.949395] omap8250 44e09000.serial: using lookup tables for GPIO lookup
[    0.949402] omap8250 44e09000.serial: No GPIO consumer rs485-rx-during-tx found
[    0.949799] 44e09000.serial: ttyS0 at MMIO 0x44e09000 (irq = 34, base_baud = 3000000) is a 8250
[    0.949889] printk: legacy console [ttyS0] enabled
[    2.428475] i2c i2c-0: using DT '/ocp/interconnect@44c00000/segment@200000/target-module@b000/i2c@0' for 'scl' GPIO lookup
[    2.428565] of_get_named_gpiod_flags: can't parse 'scl-gpios' property of node '/ocp/interconnect@44c00000/segment@200000/target-module@b000/i2c@0[0]'
[    2.428611] of_get_named_gpiod_flags: can't parse 'scl-gpio' property of node '/ocp/interconnect@44c00000/segment@200000/target-module@b000/i2c@0[0]'
[    2.428651] i2c i2c-0: using lookup tables for GPIO lookup
[    2.428666] i2c i2c-0: No GPIO consumer scl found
[    2.428690] i2c i2c-0: using DT '/ocp/interconnect@44c00000/segment@200000/target-module@b000/i2c@0' for 'sda' GPIO lookup
[    2.428729] of_get_named_gpiod_flags: can't parse 'sda-gpios' property of node '/ocp/interconnect@44c00000/segment@200000/target-module@b000/i2c@0[0]'
[    2.428770] of_get_named_gpiod_flags: can't parse 'sda-gpio' property of node '/ocp/interconnect@44c00000/segment@200000/target-module@b000/i2c@0[0]'
[    2.428806] i2c i2c-0: using lookup tables for GPIO lookup
[    2.428817] i2c i2c-0: No GPIO consumer sda found
[    2.442273] tps65217-pmic: Failed to locate of_node [id: -1]
[    2.448335] tps65217-bl: Failed to locate of_node [id: -1]
[    2.455831] platform tps65217-charger: DMA mask not set
[    2.463164] platform tps65217-pwrbutton: DMA mask not set
[    2.470950] tps65217 0-0024: TPS65217 ID 0xe version 1.2
[    2.477075] /ocp/interconnect@48000000/segment@300000/target-module@e000/lcdc@0: Fixed dependency cycle(s) with /ocp/interconnect@44c00000/segment@200000/target-module@b000/i2c@0/tda19988@70
[    2.494438] /ocp/interconnect@44c00000/segment@200000/target-module@b000/i2c@0/tda19988@70: Fixed dependency cycle(s) with /ocp/interconnect@48000000/segment@300000/target-module@e000/lcdc@0
[    2.511807] omap_i2c 44e0b000.i2c: bus 0 rev0.11 at 400 kHz
[    2.519505] sdhci-omap 48060000.mmc: using DT '/ocp/interconnect@48000000/segment@0/target-module@60000/mmc@0' for 'cd' GPIO lookup
[    2.519613] of_get_named_gpiod_flags: parsed 'cd-gpios' property of node '/ocp/interconnect@48000000/segment@0/target-module@60000/mmc@0[0]' - status (0)
[    2.519679] gpio gpiochip3: Persistence not supported for GPIO 6
[    2.519706] omap_gpio 44e07000.gpio: Could not set line 6 debounce to 200000 microseconds (-22)
[    2.528574] sdhci-omap 48060000.mmc: Got CD GPIO
[    2.533250] sdhci-omap 48060000.mmc: using DT '/ocp/interconnect@48000000/segment@0/target-module@60000/mmc@0' for 'wp' GPIO lookup
[    2.533298] of_get_named_gpiod_flags: can't parse 'wp-gpios' property of node '/ocp/interconnect@48000000/segment@0/target-module@60000/mmc@0[0]'
[    2.533340] of_get_named_gpiod_flags: can't parse 'wp-gpio' property of node '/ocp/interconnect@48000000/segment@0/target-module@60000/mmc@0[0]'
[    2.533379] sdhci-omap 48060000.mmc: using lookup tables for GPIO lookup
[    2.533392] sdhci-omap 48060000.mmc: No GPIO consumer wp found
[    2.533601] sdhci-omap 48060000.mmc: supply pbias not found, using dummy regulator
[    2.542416] sdhci-omap 481d8000.mmc: using DT '/ocp/interconnect@48000000/segment@100000/target-module@d8000/mmc@0' for 'wp' GPIO lookup
[    2.542504] of_get_named_gpiod_flags: can't parse 'wp-gpios' property of node '/ocp/interconnect@48000000/segment@100000/target-module@d8000/mmc@0[0]'
[    2.542550] of_get_named_gpiod_flags: can't parse 'wp-gpio' property of node '/ocp/interconnect@48000000/segment@100000/target-module@d8000/mmc@0[0]'
[    2.542589] sdhci-omap 481d8000.mmc: using lookup tables for GPIO lookup
[    2.542602] sdhci-omap 481d8000.mmc: No GPIO consumer wp found
[    2.543623] sdhci-omap 48060000.mmc: supply vqmmc not found, using dummy regulator
[    2.552631] sdhci-omap 481d8000.mmc: supply pbias not found, using dummy regulator
[    2.560611] sdhci-omap 481d8000.mmc: supply vqmmc not found, using dummy regulator
[    2.598377] mmc1: SDHCI controller on 481d8000.mmc [481d8000.mmc] using External DMA
[    2.607425] mmc0: SDHCI controller on 48060000.mmc [48060000.mmc] using External DMA
[    2.616294] cpsw-switch 4a100000.switch: starting ndev. mode: dual_mac
[    2.660510] mmc0: new high speed SDHC card at address 5048
[    2.667569] mmcblk0: mmc0:5048 SD16G 14.4 GiB
[    2.675554]  mmcblk0: p1 p2
[    2.678971] mmcblk0: p2 size 31221760 extends beyond EOD, truncated
[    2.692588] SMSC LAN8710/LAN8720 4a101000.mdio:00: attached PHY driver (mii_bus:phy_addr=4a101000.mdio:00, irq=POLL)
[    2.705266] mmc1: new high speed MMC card at address 0001
[    2.712216] mmcblk1: mmc1:0001 MMC04G 3.60 GiB
[    2.723850]  mmcblk1: p1 p2
[    2.728094] mmcblk1boot0: mmc1:0001 MMC04G 2.00 MiB
[    2.735400] mmcblk1boot1: mmc1:0001 MMC04G 2.00 MiB
[    2.742855] mmcblk1rpmb: mmc1:0001 MMC04G 128 KiB, chardev (250:0)
[    5.842064] cpsw-switch 4a100000.switch eth0: Link is Up - 100Mbps/Full - flow control off
[    5.881535] IP-Config: Complete:
[    5.884809]      device=eth0, hwaddr=6c:ec:eb:68:de:78, ipaddr=192.168.255.1, mask=255.255.255.0, gw=255.255.255.255
[    5.895473]      host=bbb1, domain=, nis-domain=(none)
[    5.900643]      bootserver=192.168.255.126, rootserver=192.168.255.126, rootpath=
[    5.901088] clk: Disabling unused clocks
[    5.912937] PM: genpd: Disabling unused power domains
[    5.918061] KTAP version 1
[    5.920782] 1..0
[    5.950128] VFS: Mounted root (nfs filesystem) on device 0:17.
[    5.957287] devtmpfs: mounted
[    5.961942] Freeing unused kernel image (initmem) memory: 1024K
[    5.968684] Run /sbin/init as init process
[    5.972906]   with arguments:
[    5.972921]     /sbin/init
[    5.972930]     nfsrootdebug
[    5.972939]   with environment:
[    5.972947]     HOME=/
[    5.972956]     TERM=linux
[    6.700084] systemd[1]: System time before build time, advancing clock.
[    8.171302] random: crng init done
[    8.211687] systemd[1]: systemd 232 running in system mode. (+PAM +AUDIT +SELINUX +IMA +APPARMOR +SMACK +SYSVINIT +UTMP +LIBCRYPTSETUP +GCRYPT +GNUTLS +ACL +XZ +LZ4 +SECCOMP +BLKID +ELFUTILS +KMOD +IDN)
[    8.230608] systemd[1]: Detected architecture arm.
[    8.264550] systemd[1]: Set hostname to <arm>.
[    9.389126] systemd[1]: Created slice System Slice.
[    9.412799] systemd[1]: Created slice system-getty.slice.
[    9.442249] systemd[1]: Started Dispatch Password Requests to Console Directory Watch.
[    9.472597] systemd[1]: Created slice User and Session Slice.
[    9.501660] systemd[1]: Reached target Slices.
[    9.523262] systemd[1]: Listening on Syslog Socket.
[    9.581884] systemd[1]: Mounting Debug File System...
[   11.428584] systemd-journald[90]: Received request to flush runtime journal from PID 1
[   14.338483] leds-gpio leds: using DT '/leds/led2' for '(default)' GPIO lookup
[   14.338587] of_get_named_gpiod_flags: parsed 'gpios' property of node '/leds/led2[0]' - status (0)
[   14.338647] gpio gpiochip0: Persistence not supported for GPIO 21
[   14.338663] gpio-533 (?): no flags found for GPIO (default)
[   14.426317] leds-gpio leds: using DT '/leds/led3' for '(default)' GPIO lookup
[   14.426428] of_get_named_gpiod_flags: parsed 'gpios' property of node '/leds/led3[0]' - status (0)
[   14.426486] gpio gpiochip0: Persistence not supported for GPIO 22
[   14.426501] gpio-534 (?): no flags found for GPIO (default)
[   14.448060] leds-gpio leds: using DT '/leds/led4' for '(default)' GPIO lookup
[   14.448290] of_get_named_gpiod_flags: parsed 'gpios' property of node '/leds/led4[0]' - status (0)
[   14.448350] gpio gpiochip0: Persistence not supported for GPIO 23
[   14.448365] gpio-535 (?): no flags found for GPIO (default)
[   14.484763] leds-gpio leds: using DT '/leds/led5' for '(default)' GPIO lookup
[   14.484874] of_get_named_gpiod_flags: parsed 'gpios' property of node '/leds/led5[0]' - status (0)
[   14.484930] gpio gpiochip0: Persistence not supported for GPIO 24
[   14.484945] gpio-536 (?): no flags found for GPIO (default)
[   14.746618] remoteproc remoteproc0: wkup_m3 is available
[   14.847774] at24 2-0054: supply vcc not found, using dummy regulator
[   14.969418] at24 2-0055: supply vcc not found, using dummy regulator
[   15.082251] at24 2-0056: supply vcc not found, using dummy regulator
[   15.190872] at24 2-0057: supply vcc not found, using dummy regulator
[   15.277354] at24 0-0050: using DT '/ocp/interconnect@44c00000/segment@200000/target-module@b000/i2c@0/eeprom@50' for 'wp' GPIO lookup
[   15.277469] of_get_named_gpiod_flags: can't parse 'wp-gpios' property of node '/ocp/interconnect@44c00000/segment@200000/target-module@b000/i2c@0/eeprom@50[0]'
[   15.277529] of_get_named_gpiod_flags: can't parse 'wp-gpio' property of node '/ocp/interconnect@44c00000/segment@200000/target-module@b000/i2c@0/eeprom@50[0]'
[   15.277576] at24 0-0050: using lookup tables for GPIO lookup
[   15.277590] at24 0-0050: No GPIO consumer wp found
[   15.277915] at24 0-0050: 32768 byte 24c256 EEPROM, writable, 1 bytes/write
[   15.349373] input: tps65217_pwrbutton as /devices/platform/ocp/44c00000.interconnect/44c00000.interconnect:segment@200000/44e0b000.target-module/44e0b000.i2c/i2c-0/0-0024/tps65217-pwrbutton/input/input0
[   15.488296] wkup_m3_ipc 44e11324.wkup_m3_ipc: IPC Request for A8->M3 Channel failed! -517
[   15.538465] wkup_m3_ipc 44e11324.wkup_m3_ipc: IPC Request for A8->M3 Channel failed! -517
[   15.704907] omap_rtc 44e3e000.rtc: registered as rtc0
[   15.710727] omap_rtc 44e3e000.rtc: setting system clock to 2000-01-01T00:00:00 UTC (946684800)
[   15.719594] omap_rtc 44e3e000.rtc: using DT '/ocp/interconnect@44c00000/segment@200000/target-module@3e000/rtc@0' for 'wp' GPIO lookup
[   15.719672] of_get_named_gpiod_flags: can't parse 'wp-gpios' property of node '/ocp/interconnect@44c00000/segment@200000/target-module@3e000/rtc@0[0]'
[   15.719723] of_get_named_gpiod_flags: can't parse 'wp-gpio' property of node '/ocp/interconnect@44c00000/segment@200000/target-module@3e000/rtc@0[0]'
[   15.719765] omap_rtc 44e3e000.rtc: using lookup tables for GPIO lookup
[   15.719779] omap_rtc 44e3e000.rtc: No GPIO consumer wp found
[   15.721560] wkup_m3_ipc 44e11324.wkup_m3_ipc: IPC Request for A8->M3 Channel failed! -517
[   15.871438] wkup_m3_ipc 44e11324.wkup_m3_ipc: IPC Request for A8->M3 Channel failed! -517
[   15.972058] omap_wdt: OMAP Watchdog Timer Rev 0x01: initial timeout 60 sec
[   15.995531] wkup_m3_ipc 44e11324.wkup_m3_ipc: IPC Request for A8->M3 Channel failed! -517
[   16.235023] am335x-phy-driver 47401300.usb-phy: using DT '/ocp/target-module@47400000/usb-phy@1300' for 'reset' GPIO lookup
[   16.235118] of_get_named_gpiod_flags: can't parse 'reset-gpios' property of node '/ocp/target-module@47400000/usb-phy@1300[0]'
[   16.235164] of_get_named_gpiod_flags: can't parse 'reset-gpio' property of node '/ocp/target-module@47400000/usb-phy@1300[0]'
[   16.235203] am335x-phy-driver 47401300.usb-phy: using lookup tables for GPIO lookup
[   16.235218] am335x-phy-driver 47401300.usb-phy: No GPIO consumer reset found
[   16.235232] am335x-phy-driver 47401300.usb-phy: using DT '/ocp/target-module@47400000/usb-phy@1300' for 'vbus-detect' GPIO lookup
[   16.235262] of_get_named_gpiod_flags: can't parse 'vbus-detect-gpios' property of node '/ocp/target-module@47400000/usb-phy@1300[0]'
[   16.235293] of_get_named_gpiod_flags: can't parse 'vbus-detect-gpio' property of node '/ocp/target-module@47400000/usb-phy@1300[0]'
[   16.235320] am335x-phy-driver 47401300.usb-phy: using lookup tables for GPIO lookup
[   16.235332] am335x-phy-driver 47401300.usb-phy: No GPIO consumer vbus-detect found
[   16.235482] am335x-phy-driver 47401300.usb-phy: dummy supplies not allowed for exclusive requests (id=vbus)
[   16.477135] usbcore: registered new interface driver usbfs
[   16.482966] usbcore: registered new interface driver hub
[   16.488410] usbcore: registered new device driver usb
[   16.652809] am335x-phy-driver 47401b00.usb-phy: using DT '/ocp/target-module@47400000/usb-phy@1b00' for 'reset' GPIO lookup
[   16.652907] of_get_named_gpiod_flags: can't parse 'reset-gpios' property of node '/ocp/target-module@47400000/usb-phy@1b00[0]'
[   16.652952] of_get_named_gpiod_flags: can't parse 'reset-gpio' property of node '/ocp/target-module@47400000/usb-phy@1b00[0]'
[   16.652990] am335x-phy-driver 47401b00.usb-phy: using lookup tables for GPIO lookup
[   16.653004] am335x-phy-driver 47401b00.usb-phy: No GPIO consumer reset found
[   16.653019] am335x-phy-driver 47401b00.usb-phy: using DT '/ocp/target-module@47400000/usb-phy@1b00' for 'vbus-detect' GPIO lookup
[   16.653052] of_get_named_gpiod_flags: can't parse 'vbus-detect-gpios' property of node '/ocp/target-module@47400000/usb-phy@1b00[0]'
[   16.653084] of_get_named_gpiod_flags: can't parse 'vbus-detect-gpio' property of node '/ocp/target-module@47400000/usb-phy@1b00[0]'
[   16.653110] am335x-phy-driver 47401b00.usb-phy: using lookup tables for GPIO lookup
[   16.653121] am335x-phy-driver 47401b00.usb-phy: No GPIO consumer vbus-detect found
[   16.653271] am335x-phy-driver 47401b00.usb-phy: dummy supplies not allowed for exclusive requests (id=vbus)
[   16.682651] wkup_m3_ipc 44e11324.wkup_m3_ipc: IPC Request for A8->M3 Channel failed! -517
[   16.838045] wkup_m3_ipc 44e11324.wkup_m3_ipc: IPC Request for A8->M3 Channel failed! -517
[   17.122839] tda998x 0-0070: found TDA19988
[   17.245041] wkup_m3_ipc 44e11324.wkup_m3_ipc: IPC Request for A8->M3 Channel failed! -517
[   17.308671] musb-hdrc musb-hdrc.1: MUSB HDRC host driver
[   17.314356] musb-hdrc musb-hdrc.1: new USB bus registered, assigned bus number 1
[   17.342394] wkup_m3_ipc 44e11324.wkup_m3_ipc: IPC Request for A8->M3 Channel failed! -517
[   17.569662] usb usb1: New USB device found, idVendor=1d6b, idProduct=0002, bcdDevice= 6.15
[   17.578196] usb usb1: New USB device strings: Mfr=3, Product=2, SerialNumber=1
[   17.585519] usb usb1: Product: MUSB HDRC host driver
[   17.590513] usb usb1: Manufacturer: Linux 6.15.0-rc1-next-20250411 musb-hcd
[   17.597539] usb usb1: SerialNumber: musb-hdrc.1
[   17.733773] omap-mailbox 480c8000.mailbox: omap mailbox rev 0x400
[   17.818527] remoteproc remoteproc0: powering up wkup_m3
[   17.997906] remoteproc remoteproc0: Direct firmware load for am335x-pm-firmware.elf failed with error -2
[   18.007768] remoteproc remoteproc0: request_firmware failed: -2
[   18.013886] wkup_m3_ipc 44e11324.wkup_m3_ipc: rproc_boot failed
[   18.061968] hub 1-0:1.0: USB hub found
[   18.120098] hub 1-0:1.0: 1 port detected
[   19.999146] omap_rng 48310000.rng: Random Number Generator ver. 20
[   20.127418] tilcdc 4830e000.lcdc: bound 0-0070 (ops tda998x_audio_codec_init [tda998x])
[   20.224713] [drm] Initialized tilcdc 1.0.0 for 4830e000.lcdc on minor 0
[   20.270397] tilcdc 4830e000.lcdc: [drm] Cannot find any crtc or sizes
[   20.278834] tilcdc 4830e000.lcdc: [drm] Cannot find any crtc or sizes
[   21.080123] omap-sham 53100000.sham: hw accel on OMAP rev 4.3
[   21.097568] PM: Cannot get wkup_m3_ipc handle
[   21.206203] omap-aes 53500000.aes: OMAP AES hw accel rev: 3.2
[   21.218910] omap-sham 53100000.sham: will run requests pump with realtime priority
[   21.228045] PM: Cannot get wkup_m3_ipc handle
[   21.371532] omap-aes 53500000.aes: will run requests pump with realtime priority
[   21.381826] PM: Cannot get wkup_m3_ipc handle
[   24.971941] Bluetooth: Core ver 2.22
[   24.975765] NET: Registered PF_BLUETOOTH protocol family
[   24.981115] Bluetooth: HCI device and connection manager initialized
[   24.987702] Bluetooth: HCI socket layer initialized
[   24.992715] Bluetooth: L2CAP socket layer initialized
[   24.997835] Bluetooth: SCO socket layer initialized
[   25.230157] tda998x 0-0070: using DT '/ocp/interconnect@44c00000/segment@200000/target-module@b000/i2c@0/tda19988@70' for 'nxp,calib' GPIO lookup
[   25.230315] of_get_named_gpiod_flags: parsed 'nxp,calib-gpios' property of node '/ocp/interconnect@44c00000/segment@200000/target-module@b000/i2c@0/tda19988@70[0]' - status (0)
[   25.230402] gpio gpiochip0: Persistence not supported for GPIO 25
[   25.230419] gpio-537 (nxp,calib): no flags found for GPIO nxp,calib
[   25.243222] gpio-537 (nxp,calib): gpiod_direction_output_nonotify: tried to set a GPIO tied to an IRQ as output
[   25.327803] PM: Cannot get wkup_m3_ipc handle
[   25.333800] asoc-simple-card sound: using DT '/sound' for 'simple-audio-card,hp-det' GPIO lookup
[   25.333878] of_get_named_gpiod_flags: can't parse 'simple-audio-card,hp-det-gpios' property of node '/sound[0]'
[   25.333913] of_get_named_gpiod_flags: can't parse 'simple-audio-card,hp-det-gpio' property of node '/sound[0]'
[   25.333938] asoc-simple-card sound: using lookup tables for GPIO lookup
[   25.333953] asoc-simple-card sound: No GPIO consumer simple-audio-card,hp-det found
[   25.333968] asoc-simple-card sound: using DT '/sound' for 'simple-audio-card,mic-det' GPIO lookup
[   25.333992] of_get_named_gpiod_flags: can't parse 'simple-audio-card,mic-det-gpios' property of node '/sound[0]'
[   25.334018] of_get_named_gpiod_flags: can't parse 'simple-audio-card,mic-det-gpio' property of node '/sound[0]'
[   25.334037] asoc-simple-card sound: using lookup tables for GPIO lookup
[   25.334048] asoc-simple-card sound: No GPIO consumer simple-audio-card,mic-det found
[   25.471197] PM: Cannot get wkup_m3_ipc handle
[   25.517990] tda9950 0-0034: TDA9950 CEC interface, hardware version 3.3
[   25.616128] PM: Cannot get wkup_m3_ipc handle
[   28.104674] userial_init: registered 8 ttyGS* devices
[   28.359565] rndis_register: configNr = 0
[   28.437573] udc musb-hdrc.0: binding gadget driver [g_multi]
[   28.437670] configfs-gadget.g_multi gadget.0: adding 'rndis'/b5fccbcf to config 'c'/c3d3c447
[   28.438806] configfs-gadget.g_multi gadget.0: HOST MAC 1c:ba:8c:a2:ed:6c
[   28.445827] configfs-gadget.g_multi gadget.0: MAC 1c:ba:8c:a2:ed:70
[   28.452256] rndis_set_param_medium: 0 0
[   28.452279] configfs-gadget.g_multi gadget.0: RNDIS: IN/ep1in OUT/ep1out NOTIFY/ep2in
[   28.452296] configfs-gadget.g_multi gadget.0: adding 'cdc_ethernet'/a799191c to config 'c'/c3d3c447
[   28.453215] configfs-gadget.g_multi gadget.0: HOST MAC 1c:ba:8c:a2:ed:6c
[   28.459974] configfs-gadget.g_multi gadget.0: MAC 1c:ba:8c:a2:ed:6d
[   28.466412] configfs-gadget.g_multi gadget.0: CDC Ethernet: IN/ep3in OUT/ep2out NOTIFY/ep4in
[   28.466433] configfs-gadget.g_multi gadget.0: adding 'acm'/717af3a6 to config 'c'/c3d3c447
[   28.466469] configfs-gadget.g_multi gadget.0: acm ttyGS0: IN/ep5in OUT/ep3out NOTIFY/ep6in
[   28.483372] PM: Cannot get wkup_m3_ipc handle
[   29.612557] configfs-gadget.g_multi gadget.0: eth_open
[   30.525202] configfs-gadget.g_multi gadget.0: stop stats: rx/tx 0/0, errs 0/0
[   34.982758] gs_open: ttyGS0 (7d39bd1b,c784adbf)
[   34.982926] gs_close: ttyGS0 (7d39bd1b,c784adbf) ...
[   34.982949] gs_close: ttyGS0 (7d39bd1b,c784adbf) done!
[   34.987422] gs_open: ttyGS0 (1771483d,577304c0)
[   34.987571] gs_close: ttyGS0 (1771483d,577304c0) ...
[   34.987593] gs_close: ttyGS0 (1771483d,577304c0) done!
[   35.169499] gs_open: ttyGS0 (1771483d,6078e46c)
[   35.169975] gs_close: ttyGS0 (1771483d,6078e46c) ...
[   35.170012] gs_close: ttyGS0 (1771483d,6078e46c) done!
[   35.178146] gs_open: ttyGS0 (1771483d,c0af2896)
MSOXVNEGMG 0
root@arm:~# echo 'MWLL''WGYXVU'
MWLLWGYXVU
root@arm:~# MARKER='LBMG''HKNZWV' run 'modprobe test_linear_ranges'
LBMGHKNZWVLBMGHKNZWV 0
root@arm:~# echo 'NYKH''QGPTSE'
NYKHQGPTSE
root@arm:~# MARKER='USPB''AWHQKE' run dmesg
USPBAWHQKE[    0.000000] Booting Linux on physical CPU 0x0
[    0.000000] Linux version 6.15.0-rc1-next-20250411 (user01@drvtest01) (arm-none-eabi-gcc (Arm GNU Toolchain 14.2.Rel1 (Build arm-14.52)) 14.2.1 20241119, GNU ld (Arm GNU Toolchain 14.2.Rel1 (Build arm-14.52)) 2.43.1.20241119) #1 SMP Fri Apr 11 09:20:31 EEST 2025
[    0.000000] CPU: ARMv7 Processor [413fc082] revision 2 (ARMv7), cr=10c5387d
[    0.000000] CPU: PIPT / VIPT nonaliasing data cache, VIPT aliasing instruction cache
[    0.000000] OF: fdt: Machine model: TI AM335x BeagleBone Black
[    0.000000] Memory policy: Data cache writeback
[    0.000000] cma: Reserved 16 MiB at 0x9e800000
[    0.000000] Zone ranges:
[    0.000000]   Normal   [mem 0x0000000080000000-0x000000009fdfffff]
[    0.000000]   HighMem  empty
[    0.000000] Movable zone start for each node
[    0.000000] Early memory node ranges
[    0.000000]   node   0: [mem 0x0000000080000000-0x000000009fdfffff]
[    0.000000] Initmem setup node 0 [mem 0x0000000080000000-0x000000009fdfffff]
[    0.000000] On node 0, zone Normal: 512 pages in unavailable ranges
[    0.000000] OF: reserved mem: Reserved memory: No reserved-memory node in the DT
[    0.000000] CPU: All CPU(s) started in SVC mode.
[    0.000000] AM335X ES2.1 (sgx neon)
[    0.000000] percpu: Embedded 17 pages/cpu s39692 r8192 d21748 u69632
[    0.000000] pcpu-alloc: s39692 r8192 d21748 u69632 alloc=17*4096
[    0.000000] pcpu-alloc: [0] 0 
[    0.000000] Kernel command line: console=ttyO0,115200n8 root=/dev/nfs rw nfsroot=192.168.255.126:/home/user01/nfs,nfsvers=3 ip=192.168.255.1:192.168.255.126::255.255.255.0:bbb1:eth0 nfsrootdebug
[    0.000000] Unknown kernel command line parameters "nfsrootdebug", will be passed to user space.
[    0.000000] printk: log buffer data + meta data: 65536 + 204800 = 270336 bytes
[    0.000000] Dentry cache hash table entries: 65536 (order: 6, 262144 bytes, linear)
[    0.000000] Inode-cache hash table entries: 32768 (order: 5, 131072 bytes, linear)
[    0.000000] Built 1 zonelists, mobility grouping on.  Total pages: 130560
[    0.000000] mem auto-init: stack:off, heap alloc:off, heap free:off
[    0.000000] SLUB: HWalign=16, Order=0-3, MinObjects=0, CPUs=1, Nodes=1
[    0.000000] rcu: Hierarchical RCU implementation.
[    0.000000] rcu: 	RCU event tracing is enabled.
[    0.000000] rcu: 	RCU restricting CPUs from NR_CPUS=2 to nr_cpu_ids=1.
[    0.000000] 	Tracing variant of Tasks RCU enabled.
[    0.000000] rcu: RCU calculated value of scheduler-enlistment delay is 10 jiffies.
[    0.000000] rcu: Adjusting geometry for rcu_fanout_leaf=16, nr_cpu_ids=1
[    0.000000] RCU Tasks Trace: Setting shift to 0 and lim to 1 rcu_task_cb_adjust=1 rcu_task_cpu_ids=1.
[    0.000000] NR_IRQS: 16, nr_irqs: 16, preallocated irqs: 16
[    0.000000] IRQ: Found an INTC at 0x(ptrval) (revision 5.0) with 128 interrupts
[    0.000000] rcu: srcu_init: Setting srcu_struct sizes based on contention.
[    0.000000] TI gptimer clocksource: always-on /ocp/interconnect@44c00000/segment@200000/target-module@31000
[    0.000003] sched_clock: 32 bits at 24MHz, resolution 41ns, wraps every 89478484971ns
[    0.000027] clocksource: dmtimer: mask: 0xffffffff max_cycles: 0xffffffff, max_idle_ns: 79635851949 ns
[    0.000507] TI gptimer clockevent: 24000000 Hz at /ocp/interconnect@48000000/segment@0/target-module@40000
[    0.002123] Console: colour dummy device 80x30
[    0.002191] WARNING: Your 'console=ttyO0' has been replaced by 'ttyS0'
[    0.002199] This ensures that you still see kernel messages. Please
[    0.002203] update your kernel commandline.
[    0.002246] Calibrating delay loop... 996.14 BogoMIPS (lpj=4980736)
[    0.090555] CPU: Testing write buffer coherency: ok
[    0.090666] CPU0: Spectre v2: using BPIALL workaround
[    0.090675] pid_max: default: 32768 minimum: 301
[    0.090832] LSM: initializing lsm=capability
[    0.091012] Mount-cache hash table entries: 1024 (order: 0, 4096 bytes, linear)
[    0.091031] Mountpoint-cache hash table entries: 1024 (order: 0, 4096 bytes, linear)
[    0.092617] CPU0: thread -1, cpu 0, socket -1, mpidr 0
[    0.092676] cacheinfo: Unable to detect cache hierarchy for CPU 0
[    0.160748] Setting up static identity map for 0x80100000 - 0x80100078
[    0.170702] rcu: Hierarchical SRCU implementation.
[    0.170713] rcu: 	Max phase no-delay instances is 1000.
[    0.172455] smp: Bringing up secondary CPUs ...
[    0.172510] smp: Brought up 1 node, 1 CPU
[    0.172523] SMP: Total of 1 processors activated (996.14 BogoMIPS).
[    0.172533] CPU: All CPU(s) started in SVC mode.
[    0.172726] Memory: 480824K/522240K available (11264K kernel code, 1216K rwdata, 2976K rodata, 1024K init, 288K bss, 23384K reserved, 16384K cma-reserved, 0K highmem)
[    0.173551] devtmpfs: initialized
[    0.190800] VFP support v0.3: implementor 41 architecture 3 part 30 variant c rev 3
[    0.191535] clocksource: jiffies: mask: 0xffffffff max_cycles: 0xffffffff, max_idle_ns: 19112604462750000 ns
[    0.191594] posixtimers hash table entries: 512 (order: 0, 4096 bytes, linear)
[    0.191613] futex hash table entries: 256 (order: 2, 16384 bytes, linear)
[    0.192767] pinctrl core: initialized pinctrl subsystem
[    0.194840] NET: Registered PF_NETLINK/PF_ROUTE protocol family
[    0.197639] DMA: preallocated 256 KiB pool for atomic coherent allocations
[    0.198577] audit: initializing netlink subsys (disabled)
[    0.199944] thermal_sys: Registered thermal governor 'fair_share'
[    0.199959] thermal_sys: Registered thermal governor 'step_wise'
[    0.199968] thermal_sys: Registered thermal governor 'user_space'
[    0.200081] audit: type=2000 audit(0.000:1): state=initialized audit_enabled=0 res=1
[    0.200152] cpuidle: using governor menu
[    0.218583] /ocp/interconnect@44c00000/segment@200000/target-module@b000/i2c@0/tda19988@70: Fixed dependency cycle(s) with /ocp/interconnect@48000000/segment@300000/target-module@e000/lcdc@0
[    0.219699] /ocp/interconnect@48000000/segment@300000/target-module@e000/lcdc@0: Fixed dependency cycle(s) with /ocp/interconnect@44c00000/segment@200000/target-module@b000/i2c@0/tda19988@70
[    0.222043] No ATAGs?
[    0.222087] hw-breakpoint: debug architecture 0x4 unsupported.
[    0.224779] kprobes: kprobe jump-optimization is enabled. All kprobes are optimized if possible.
[    0.233905] iommu: Default domain type: Translated
[    0.233927] iommu: DMA domain TLB invalidation policy: strict mode
[    0.235481] reg-fixed-voltage fixedregulator0: using DT '/fixedregulator0' for '(default)' GPIO lookup
[    0.235536] of_get_named_gpiod_flags: can't parse 'gpios' property of node '/fixedregulator0[0]'
[    0.235565] of_get_named_gpiod_flags: can't parse 'gpio' property of node '/fixedregulator0[0]'
[    0.235582] reg-fixed-voltage fixedregulator0: using lookup tables for GPIO lookup
[    0.235592] reg-fixed-voltage fixedregulator0: No GPIO consumer (default) found
[    0.241440] SCSI subsystem initialized
[    0.241925] libata version 3.00 loaded.
[    0.242286] pps_core: LinuxPPS API ver. 1 registered
[    0.242296] pps_core: Software ver. 5.3.6 - Copyright 2005-2007 Rodolfo Giometti <giometti@linux.it>
[    0.242320] PTP clock support registered
[    0.250907] vgaarb: loaded
[    0.251275] clocksource: Switched to clocksource dmtimer
[    0.251926] VFS: Disk quotas dquot_6.6.0
[    0.251980] VFS: Dquot-cache hash table entries: 1024 (order 0, 4096 bytes)
[    0.276239] NET: Registered PF_INET protocol family
[    0.276581] IP idents hash table entries: 8192 (order: 4, 65536 bytes, linear)
[    0.278017] tcp_listen_portaddr_hash hash table entries: 512 (order: 0, 4096 bytes, linear)
[    0.278055] Table-perturb hash table entries: 65536 (order: 6, 262144 bytes, linear)
[    0.278075] TCP established hash table entries: 4096 (order: 2, 16384 bytes, linear)
[    0.278121] TCP bind hash table entries: 4096 (order: 4, 65536 bytes, linear)
[    0.278221] TCP: Hash tables configured (established 4096 bind 4096)
[    0.278345] UDP hash table entries: 256 (order: 1, 14336 bytes, linear)
[    0.278381] UDP-Lite hash table entries: 256 (order: 1, 14336 bytes, linear)
[    0.278573] NET: Registered PF_UNIX/PF_LOCAL protocol family
[    0.279840] RPC: Registered named UNIX socket transport module.
[    0.279859] RPC: Registered udp transport module.
[    0.279864] RPC: Registered tcp transport module.
[    0.279869] RPC: Registered tcp-with-tls transport module.
[    0.279873] RPC: Registered tcp NFSv4.1 backchannel transport module.
[    0.279897] PCI: CLS 0 bytes, default 64
[    0.281401] Initialise system trusted keyrings
[    0.292036] workingset: timestamp_bits=14 max_order=17 bucket_order=3
[    0.293419] NFS: Registering the id_resolver key type
[    0.293505] Key type id_resolver registered
[    0.293512] Key type id_legacy registered
[    0.293621] jffs2: version 2.2. (NAND) (SUMMARY)  Â© 2001-2006 Red Hat, Inc.
[    0.294040] Key type asymmetric registered
[    0.294056] Asymmetric key parser 'x509' registered
[    0.294119] io scheduler mq-deadline registered
[    0.294128] io scheduler kyber registered
[    0.294202] io scheduler bfq registered
[    0.295748] ledtrig-cpu: registered to indicate activity on CPUs
[    0.302066] Serial: 8250/16550 driver, 6 ports, IRQ sharing enabled
[    0.339320] brd: module loaded
[    0.358184] loop: module loaded
[    0.359081] mtdoops: mtd device (mtddev=name/number) must be supplied
[    0.360758] mdio_bus fixed-0: using lookup tables for GPIO lookup
[    0.360779] mdio_bus fixed-0: No GPIO consumer reset found
[    0.362294] i2c_dev: i2c /dev entries driver
[    0.363279] cpuidle: enable-method property 'ti,am3352' found operations
[    0.363724] sdhci: Secure Digital Host Controller Interface driver
[    0.363733] sdhci: Copyright(c) Pierre Ossman
[    0.363898] sdhci-pltfm: SDHCI platform and OF driver helper
[    0.364898] Initializing XFRM netlink socket
[    0.365072] NET: Registered PF_INET6 protocol family
[    0.377291] Segment Routing with IPv6
[    0.377378] In-situ OAM (IOAM) with IPv6
[    0.377473] sit: IPv6, IPv4 and MPLS over IPv4 tunneling driver
[    0.378417] NET: Registered PF_PACKET protocol family
[    0.378452] NET: Registered PF_KEY protocol family
[    0.378562] Key type dns_resolver registered
[    0.378788] ThumbEE CPU extension supported.
[    0.378807] Registering SWP/SWPB emulation handler
[    0.379348] omap_voltage_late_init: Voltage driver support not added
[    0.379691] SmartReflex Class3 initialized
[    0.411583] Loading compiled-in X.509 certificates
[    0.455383] /ocp/interconnect@44c00000/segment@200000/target-module@b000/i2c@0/tda19988@70: Fixed dependency cycle(s) with /ocp/interconnect@48000000/segment@300000/target-module@e000/lcdc@0
[    0.461889] /ocp/interconnect@44c00000/segment@200000/target-module@b000/i2c@0/tda19988@70: Fixed dependency cycle(s) with /ocp/interconnect@48000000/segment@300000/target-module@e000/lcdc@0
[    0.467354] gpiochip_find_base_unlocked: found new base at 512
[    0.488366] /ocp/interconnect@44c00000/segment@200000/target-module@b000/i2c@0/tda19988@70: Fixed dependency cycle(s) with /ocp/interconnect@48000000/segment@300000/target-module@e000/lcdc@0
[    0.489250] /ocp/interconnect@44c00000/segment@200000/target-module@b000/i2c@0/tda19988@70: Fixed dependency cycle(s) with /ocp/interconnect@48000000/segment@300000/target-module@e000/lcdc@0
[    0.493034] /ocp/interconnect@44c00000/segment@200000/target-module@10000/scm@0/pinmux@800: Fixed dependency cycle(s) with /ocp/interconnect@44c00000/segment@200000/target-module@10000/scm@0/pinmux@800/clkout2-pins
[    0.493653] pinctrl-single 44e10800.pinmux: 142 pins, size 568
[    0.498885] ti-sysc 44e31000.target-module: probe with driver ti-sysc failed with error -16
[    0.527458] /ocp/interconnect@48000000/segment@300000/target-module@e000/lcdc@0: Fixed dependency cycle(s) with /ocp/interconnect@44c00000/segment@200000/target-module@b000/i2c@0/tda19988@70
[    0.535758] ti-sysc 48040000.target-module: probe with driver ti-sysc failed with error -16
[    0.547134] gpiochip_find_base_unlocked: found new base at 512
[    0.547239] gpio gpiochip0: (gpio-0-31): created GPIO range 0->7 ==> 44e10800.pinmux PIN 0->7
[    0.547261] gpio gpiochip0: (gpio-0-31): created GPIO range 8->11 ==> 44e10800.pinmux PIN 90->93
[    0.547276] gpio gpiochip0: (gpio-0-31): created GPIO range 12->27 ==> 44e10800.pinmux PIN 12->27
[    0.547298] gpio gpiochip0: (gpio-0-31): created GPIO range 28->31 ==> 44e10800.pinmux PIN 30->33
[    0.582694] gpio gpiochip0: (gpio-0-31): added GPIO chardev (254:0)
[    0.582835] gpio gpiochip0: registered GPIOs 512 to 543 on gpio-0-31
[    0.582916] OMAP GPIO hardware version 0.1
[    0.604827] i2c i2c-2: using DT '/ocp/interconnect@48000000/segment@100000/target-module@9c000/i2c@0' for 'scl' GPIO lookup
[    0.604899] of_get_named_gpiod_flags: can't parse 'scl-gpios' property of node '/ocp/interconnect@48000000/segment@100000/target-module@9c000/i2c@0[0]'
[    0.604942] of_get_named_gpiod_flags: can't parse 'scl-gpio' property of node '/ocp/interconnect@48000000/segment@100000/target-module@9c000/i2c@0[0]'
[    0.604979] i2c i2c-2: using lookup tables for GPIO lookup
[    0.604988] i2c i2c-2: No GPIO consumer scl found
[    0.605010] i2c i2c-2: using DT '/ocp/interconnect@48000000/segment@100000/target-module@9c000/i2c@0' for 'sda' GPIO lookup
[    0.605045] of_get_named_gpiod_flags: can't parse 'sda-gpios' property of node '/ocp/interconnect@48000000/segment@100000/target-module@9c000/i2c@0[0]'
[    0.605081] of_get_named_gpiod_flags: can't parse 'sda-gpio' property of node '/ocp/interconnect@48000000/segment@100000/target-module@9c000/i2c@0[0]'
[    0.605112] i2c i2c-2: using lookup tables for GPIO lookup
[    0.605120] i2c i2c-2: No GPIO consumer sda found
[    0.605827] omap_i2c 4819c000.i2c: bus 2 rev0.11 at 100 kHz
[    0.611563] gpiochip_find_base_unlocked: found new base at 544
[    0.611677] gpio gpiochip1: (gpio-32-63): created GPIO range 0->17 ==> 44e10800.pinmux PIN 34->51
[    0.611697] gpio gpiochip1: (gpio-32-63): created GPIO range 18->21 ==> 44e10800.pinmux PIN 77->80
[    0.611713] gpio gpiochip1: (gpio-32-63): created GPIO range 22->31 ==> 44e10800.pinmux PIN 56->65
[    0.624514] gpio gpiochip1: (gpio-32-63): added GPIO chardev (254:1)
[    0.624671] gpio gpiochip1: registered GPIOs 544 to 575 on gpio-32-63
[    0.626922] gpiochip_find_base_unlocked: found new base at 576
[    0.627014] gpio gpiochip2: (gpio-64-95): created GPIO range 0->4 ==> 44e10800.pinmux PIN 66->70
[    0.627034] gpio gpiochip2: (gpio-64-95): created GPIO range 5->6 ==> 44e10800.pinmux PIN 98->99
[    0.627049] gpio gpiochip2: (gpio-64-95): created GPIO range 7->8 ==> 44e10800.pinmux PIN 75->76
[    0.627064] gpio gpiochip2: (gpio-64-95): created GPIO range 13->13 ==> 44e10800.pinmux PIN 141->141
[    0.627079] gpio gpiochip2: (gpio-64-95): created GPIO range 14->21 ==> 44e10800.pinmux PIN 100->107
[    0.627740] gpio gpiochip2: (gpio-64-95): added GPIO chardev (254:2)
[    0.627880] gpio gpiochip2: registered GPIOs 576 to 607 on gpio-64-95
[    0.633704] 48000000.interconnect:segment@200000:target-module@0:mpu@0:fck: device ID is greater than 24
[    0.634594] /ocp/interconnect@48000000/segment@300000/target-module@e000/lcdc@0: Fixed dependency cycle(s) with /ocp/interconnect@44c00000/segment@200000/target-module@b000/i2c@0/tda19988@70
[    0.637398] /ocp/interconnect@48000000/segment@300000/target-module@e000/lcdc@0: Fixed dependency cycle(s) with /ocp/interconnect@44c00000/segment@200000/target-module@b000/i2c@0/tda19988@70
[    0.638110] /ocp/interconnect@44c00000/segment@200000/target-module@b000/i2c@0/tda19988@70: Fixed dependency cycle(s) with /ocp/interconnect@48000000/segment@300000/target-module@e000/lcdc@0
[    0.638282] /ocp/interconnect@48000000/segment@300000/target-module@e000/lcdc@0: Fixed dependency cycle(s) with /ocp/interconnect@44c00000/segment@200000/target-module@b000/i2c@0/tda19988@70
[    0.647982] mdio_bus 4a101000.mdio: using DT '/ocp/interconnect@4a000000/segment@0/target-module@100000/switch@0/mdio@1000' for 'reset' GPIO lookup
[    0.648054] of_get_named_gpiod_flags: can't parse 'reset-gpios' property of node '/ocp/interconnect@4a000000/segment@0/target-module@100000/switch@0/mdio@1000[0]'
[    0.648101] of_get_named_gpiod_flags: can't parse 'reset-gpio' property of node '/ocp/interconnect@4a000000/segment@0/target-module@100000/switch@0/mdio@1000[0]'
[    0.648147] mdio_bus 4a101000.mdio: using lookup tables for GPIO lookup
[    0.648156] mdio_bus 4a101000.mdio: No GPIO consumer reset found
[    0.649289] sdhci-omap 481d8000.mmc: using DT '/ocp/interconnect@48000000/segment@100000/target-module@d8000/mmc@0' for 'wp' GPIO lookup
[    0.649349] of_get_named_gpiod_flags: can't parse 'wp-gpios' property of node '/ocp/interconnect@48000000/segment@100000/target-module@d8000/mmc@0[0]'
[    0.649391] of_get_named_gpiod_flags: can't parse 'wp-gpio' property of node '/ocp/interconnect@48000000/segment@100000/target-module@d8000/mmc@0[0]'
[    0.649426] sdhci-omap 481d8000.mmc: using lookup tables for GPIO lookup
[    0.649435] sdhci-omap 481d8000.mmc: No GPIO consumer wp found
[    0.649630] sdhci-omap 481d8000.mmc: supply pbias not found, using dummy regulator
[    0.650110] sdhci-omap 481d8000.mmc: supply vqmmc not found, using dummy regulator
[    0.705162] davinci_mdio 4a101000.mdio: davinci mdio revision 1.6, bus freq 1000000
[    0.719567] mdio_bus 4a101000.mdio:00: using DT '/ocp/interconnect@4a000000/segment@0/target-module@100000/switch@0/mdio@1000/ethernet-phy@0' for 'reset' GPIO lookup
[    0.719670] of_get_named_gpiod_flags: parsed 'reset-gpios' property of node '/ocp/interconnect@4a000000/segment@0/target-module@100000/switch@0/mdio@1000/ethernet-phy@0[0]' - status (0)
[    0.719833] gpio gpiochip0: Persistence not supported for GPIO 8
[    0.843072] davinci_mdio 4a101000.mdio: phy[0]: device 4a101000.mdio:00, driver SMSC LAN8710/LAN8720
[    0.843839] cpsw-switch 4a100000.switch: initialized cpsw ale version 1.4
[    0.843862] cpsw-switch 4a100000.switch: ALE Table size 1024, Policers 0
[    0.844016] cpsw-switch 4a100000.switch: cpts: overflow check period 500 (jiffies)
[    0.844031] cpsw-switch 4a100000.switch: CPTS: ref_clk_freq:250000000 calc_mult:2147483648 calc_shift:29 error:0 nsec/sec
[    0.844144] cpsw-switch 4a100000.switch: Detected MACID = 6c:ec:eb:68:de:78
[    0.845970] cpsw-switch 4a100000.switch: initialized (regs 0x4a100000, pool size 256) hw_ver:0019010C 1.12 (0)
[    0.856924] debugfs: Directory '49000000.dma' with parent 'dmaengine' already present!
[    0.856971] edma 49000000.dma: TI EDMA DMA engine driver
[    0.897988] target-module@4b000000:target-module@140000:pmu@0:fck: device ID is greater than 24
[    0.924047] hw perfevents: enabled with armv7_cortex_a8 PMU driver, 5 (8000000f) counters available
[    0.924944] gpio-clk clk_mcasp0: using DT '/clk_mcasp0' for 'enable' GPIO lookup
[    0.925012] of_get_named_gpiod_flags: parsed 'enable-gpios' property of node '/clk_mcasp0[0]' - status (0)
[    0.925055] gpio gpiochip0: Persistence not supported for GPIO 27
[    0.925849] gpiochip_find_base_unlocked: found new base at 608
[    0.925956] gpio gpiochip3: (gpio-96-127): created GPIO range 0->7 ==> 44e10800.pinmux PIN 82->89
[    0.925976] gpio gpiochip3: (gpio-96-127): created GPIO range 8->11 ==> 44e10800.pinmux PIN 52->55
[    0.925991] gpio gpiochip3: (gpio-96-127): created GPIO range 12->15 ==> 44e10800.pinmux PIN 94->97
[    0.926006] gpio gpiochip3: (gpio-96-127): created GPIO range 16->17 ==> 44e10800.pinmux PIN 71->72
[    0.926022] gpio gpiochip3: (gpio-96-127): created GPIO range 18->18 ==> 44e10800.pinmux PIN 135->135
[    0.926038] gpio gpiochip3: (gpio-96-127): created GPIO range 19->20 ==> 44e10800.pinmux PIN 108->109
[    0.926054] gpio gpiochip3: (gpio-96-127): created GPIO range 21->21 ==> 44e10800.pinmux PIN 73->73
[    0.926071] gpio gpiochip3: (gpio-96-127): created GPIO range 22->23 ==> 44e10800.pinmux PIN 8->9
[    0.926091] gpio gpiochip3: (gpio-96-127): created GPIO range 26->27 ==> 44e10800.pinmux PIN 10->11
[    0.926109] gpio gpiochip3: (gpio-96-127): created GPIO range 28->28 ==> 44e10800.pinmux PIN 74->74
[    0.926133] gpio gpiochip3: (gpio-96-127): created GPIO range 29->29 ==> 44e10800.pinmux PIN 81->81
[    0.926151] gpio gpiochip3: (gpio-96-127): created GPIO range 30->31 ==> 44e10800.pinmux PIN 28->29
[    0.932669] l3-aon-clkctrl:0000:0: failed to disable
[    0.945909] gpio gpiochip3: (gpio-96-127): added GPIO chardev (254:3)
[    0.946066] gpio gpiochip3: registered GPIOs 608 to 639 on gpio-96-127
[    0.949110] omap8250 44e09000.serial: using DT '/ocp/interconnect@44c00000/segment@200000/target-module@9000/serial@0' for 'rs485-term' GPIO lookup
[    0.949190] of_get_named_gpiod_flags: can't parse 'rs485-term-gpios' property of node '/ocp/interconnect@44c00000/segment@200000/target-module@9000/serial@0[0]'
[    0.949236] of_get_named_gpiod_flags: can't parse 'rs485-term-gpio' property of node '/ocp/interconnect@44c00000/segment@200000/target-module@9000/serial@0[0]'
[    0.949272] omap8250 44e09000.serial: using lookup tables for GPIO lookup
[    0.949281] omap8250 44e09000.serial: No GPIO consumer rs485-term found
[    0.949291] omap8250 44e09000.serial: using DT '/ocp/interconnect@44c00000/segment@200000/target-module@9000/serial@0' for 'rs485-rx-during-tx' GPIO lookup
[    0.949326] of_get_named_gpiod_flags: can't parse 'rs485-rx-during-tx-gpios' property of node '/ocp/interconnect@44c00000/segment@200000/target-module@9000/serial@0[0]'
[    0.949363] of_get_named_gpiod_flags: can't parse 'rs485-rx-during-tx-gpio' property of node '/ocp/interconnect@44c00000/segment@200000/target-module@9000/serial@0[0]'
[    0.949395] omap8250 44e09000.serial: using lookup tables for GPIO lookup
[    0.949402] omap8250 44e09000.serial: No GPIO consumer rs485-rx-during-tx found
[    0.949799] 44e09000.serial: ttyS0 at MMIO 0x44e09000 (irq = 34, base_baud = 3000000) is a 8250
[    0.949889] printk: legacy console [ttyS0] enabled
[    2.428475] i2c i2c-0: using DT '/ocp/interconnect@44c00000/segment@200000/target-module@b000/i2c@0' for 'scl' GPIO lookup
[    2.428565] of_get_named_gpiod_flags: can't parse 'scl-gpios' property of node '/ocp/interconnect@44c00000/segment@200000/target-module@b000/i2c@0[0]'
[    2.428611] of_get_named_gpiod_flags: can't parse 'scl-gpio' property of node '/ocp/interconnect@44c00000/segment@200000/target-module@b000/i2c@0[0]'
[    2.428651] i2c i2c-0: using lookup tables for GPIO lookup
[    2.428666] i2c i2c-0: No GPIO consumer scl found
[    2.428690] i2c i2c-0: using DT '/ocp/interconnect@44c00000/segment@200000/target-module@b000/i2c@0' for 'sda' GPIO lookup
[    2.428729] of_get_named_gpiod_flags: can't parse 'sda-gpios' property of node '/ocp/interconnect@44c00000/segment@200000/target-module@b000/i2c@0[0]'
[    2.428770] of_get_named_gpiod_flags: can't parse 'sda-gpio' property of node '/ocp/interconnect@44c00000/segment@200000/target-module@b000/i2c@0[0]'
[    2.428806] i2c i2c-0: using lookup tables for GPIO lookup
[    2.428817] i2c i2c-0: No GPIO consumer sda found
[    2.442273] tps65217-pmic: Failed to locate of_node [id: -1]
[    2.448335] tps65217-bl: Failed to locate of_node [id: -1]
[    2.455831] platform tps65217-charger: DMA mask not set
[    2.463164] platform tps65217-pwrbutton: DMA mask not set
[    2.470950] tps65217 0-0024: TPS65217 ID 0xe version 1.2
[    2.477075] /ocp/interconnect@48000000/segment@300000/target-module@e000/lcdc@0: Fixed dependency cycle(s) with /ocp/interconnect@44c00000/segment@200000/target-module@b000/i2c@0/tda19988@70
[    2.494438] /ocp/interconnect@44c00000/segment@200000/target-module@b000/i2c@0/tda19988@70: Fixed dependency cycle(s) with /ocp/interconnect@48000000/segment@300000/target-module@e000/lcdc@0
[    2.511807] omap_i2c 44e0b000.i2c: bus 0 rev0.11 at 400 kHz
[    2.519505] sdhci-omap 48060000.mmc: using DT '/ocp/interconnect@48000000/segment@0/target-module@60000/mmc@0' for 'cd' GPIO lookup
[    2.519613] of_get_named_gpiod_flags: parsed 'cd-gpios' property of node '/ocp/interconnect@48000000/segment@0/target-module@60000/mmc@0[0]' - status (0)
[    2.519679] gpio gpiochip3: Persistence not supported for GPIO 6
[    2.519706] omap_gpio 44e07000.gpio: Could not set line 6 debounce to 200000 microseconds (-22)
[    2.528574] sdhci-omap 48060000.mmc: Got CD GPIO
[    2.533250] sdhci-omap 48060000.mmc: using DT '/ocp/interconnect@48000000/segment@0/target-module@60000/mmc@0' for 'wp' GPIO lookup
