Labgrid Console Logfile for main
Logfile started at 2025-03-07 18:20:49.189664
=== Log starts here ===
reading args
spl_load_image_fat_os: error reading image args, err - -1
reading u-boot.img
reading u-boot.img


U-Boot 2014.04-00014-g47880f5 (Apr 22 2014 - 13:23:54)

I2C:   ready
DRAM:  512 MiB
NAND:  0 MiB
MMC:   OMAP SD/MMC: 0, OMAP SD/MMC: 1
*** Warning - readenv() failed, using default environment

Net:   <ethaddr> not set. Validating first E-fuse MAC
cpsw, usb_ether
Hit any key to stop autoboot:  1  0 
gpio: pin 53 (gpio 53) value is 1
mmc0 is current device
gpio: pin 54 (gpio 54) value is 1
SD/MMC found on device 0
reading uEnv.txt
569 bytes read in 4 ms (138.7 KiB/s)
gpio: pin 55 (gpio 55) value is 1
Loaded environment from uEnv.txt
Importing environment from mmc ...
Checking if uenvcmd is set ...
gpio: pin 56 (gpio 56) value is 1
Running uenvcmd ...
cpsw Waiting for PHY auto negotiation to complete. done
link up on port 0, speed 100, full duplex
Using cpsw device
TFTP from server 192.168.255.126; our IP address is 192.168.255.1
Filename 'zImage'.
Load address: 0x81000000
Loading: *#################################################################
	 #################################################################
	 #################################################################
	 #################################################################
	 #################################################################
	 #######################################
	 2.4 MiB/s
done
Bytes transferred = 5340568 (517d98 hex)
link up on port 0, speed 100, full duplex
Using cpsw device
TFTP from server 192.168.255.126; our IP address is 192.168.255.1
Filename 'am335x-boneblack.dtb'.
Load address: 0x82000000
Loading: *#######
	 1.7 MiB/s
done
Bytes transferred = 97772 (17dec hex)
Kernel image @ 0x81000000 [ 0x000000 - 0x517d98 ]
## Flattened Device Tree blob at 82000000
   Booting using the fdt blob at 0x82000000
   Using Device Tree in place at 82000000, end 8201adeb

Starting kernel ...

[    0.000000] Booting Linux on physical CPU 0x0
[    0.000000] Linux version 6.6.81 (user01@drvtest01) (arm-none-eabi-gcc (Arm GNU Toolchain 14.2.Rel1 (Build arm-14.52)) 14.2.1 20241119, GNU ld (Arm GNU Toolchain 14.2.Rel1 (Build arm-14.52)) 2.43.1.20241119) #1 SMP Fri Mar  7 18:19:29 EET 2025
[    0.000000] CPU: ARMv7 Processor [413fc082] revision 2 (ARMv7), cr=10c5387d
[    0.000000] CPU: PIPT / VIPT nonaliasing data cache, VIPT aliasing instruction cache
[    0.000000] OF: fdt: Machine model: TI AM335x BeagleBone Black
[    0.000000] Memory policy: Data cache writeback
[    0.000000] cma: Reserved 16 MiB at 0x9e800000 on node -1
[    0.000000] Zone ranges:
[    0.000000]   Normal   [mem 0x0000000080000000-0x000000009fdfffff]
[    0.000000]   HighMem  empty
[    0.000000] Movable zone start for each node
[    0.000000] Early memory node ranges
[    0.000000]   node   0: [mem 0x0000000080000000-0x000000009fdfffff]
[    0.000000] Initmem setup node 0 [mem 0x0000000080000000-0x000000009fdfffff]
[    0.000000] CPU: All CPU(s) started in SVC mode.
[    0.000000] AM335X ES2.1 (sgx neon)
[    0.000000] percpu: Embedded 16 pages/cpu s36052 r8192 d21292 u65536
[    0.000000] Kernel command line: console=ttyO0,115200n8 root=/dev/nfs rw nfsroot=192.168.255.126:/home/user01/nfs,nfsvers=3 ip=192.168.255.1:192.168.255.126::255.255.255.0:bbb1:eth0 nfsrootdebug
[    0.000000] Unknown kernel command line parameters "nfsrootdebug", will be passed to user space.
[    0.000000] Dentry cache hash table entries: 65536 (order: 6, 262144 bytes, linear)
[    0.000000] Inode-cache hash table entries: 32768 (order: 5, 131072 bytes, linear)
[    0.000000] Built 1 zonelists, mobility grouping on.  Total pages: 129412
[    0.000000] mem auto-init: stack:off, heap alloc:off, heap free:off
[    0.000000] Memory: 483604K/522240K available (11264K kernel code, 1165K rwdata, 2700K rodata, 1024K init, 282K bss, 22252K reserved, 16384K cma-reserved, 0K highmem)
[    0.000000] SLUB: HWalign=64, Order=0-3, MinObjects=0, CPUs=1, Nodes=1
[    0.000000] rcu: Hierarchical RCU implementation.
[    0.000000] rcu: 	RCU event tracing is enabled.
[    0.000000] rcu: 	RCU restricting CPUs from NR_CPUS=2 to nr_cpu_ids=1.
[    0.000000] rcu: RCU calculated value of scheduler-enlistment delay is 10 jiffies.
[    0.000000] rcu: Adjusting geometry for rcu_fanout_leaf=16, nr_cpu_ids=1
[    0.000000] NR_IRQS: 16, nr_irqs: 16, preallocated irqs: 16
[    0.000000] IRQ: Found an INTC at 0x(ptrval) (revision 5.0) with 128 interrupts
[    0.000000] rcu: srcu_init: Setting srcu_struct sizes based on contention.
[    0.000000] TI gptimer clocksource: always-on /ocp/interconnect@44c00000/segment@200000/target-module@31000
[    0.000003] sched_clock: 32 bits at 24MHz, resolution 41ns, wraps every 89478484971ns
[    0.000028] clocksource: dmtimer: mask: 0xffffffff max_cycles: 0xffffffff, max_idle_ns: 79635851949 ns
[    0.000499] TI gptimer clockevent: 24000000 Hz at /ocp/interconnect@48000000/segment@0/target-module@40000
[    0.002045] Console: colour dummy device 80x30
[    0.002096] WARNING: Your 'console=ttyO0' has been replaced by 'ttyS0'
[    0.002104] This ensures that you still see kernel messages. Please
[    0.002108] update your kernel commandline.
[    0.002146] Calibrating delay loop... 996.14 BogoMIPS (lpj=4980736)
[    0.090552] CPU: Testing write buffer coherency: ok
[    0.090646] CPU0: Spectre v2: using BPIALL workaround
[    0.090657] pid_max: default: 32768 minimum: 301
[    0.090773] LSM: initializing lsm=capability,integrity
[    0.090940] Mount-cache hash table entries: 1024 (order: 0, 4096 bytes, linear)
[    0.090960] Mountpoint-cache hash table entries: 1024 (order: 0, 4096 bytes, linear)
[    0.092424] CPU0: thread -1, cpu 0, socket -1, mpidr 0
[    0.093986] Setting up static identity map for 0x80100000 - 0x80100078
[    0.094270] rcu: Hierarchical SRCU implementation.
[    0.094280] rcu: 	Max phase no-delay instances is 1000.
[    0.095644] smp: Bringing up secondary CPUs ...
[    0.095700] smp: Brought up 1 node, 1 CPU
[    0.095712] SMP: Total of 1 processors activated (996.14 BogoMIPS).
[    0.095724] CPU: All CPU(s) started in SVC mode.
[    0.096601] devtmpfs: initialized
[    0.113287] VFP support v0.3: implementor 41 architecture 3 part 30 variant c rev 3
[    0.113630] clocksource: jiffies: mask: 0xffffffff max_cycles: 0xffffffff, max_idle_ns: 19112604462750000 ns
[    0.113661] futex hash table entries: 256 (order: 2, 16384 bytes, linear)
[    0.114940] pinctrl core: initialized pinctrl subsystem
[    0.117568] NET: Registered PF_NETLINK/PF_ROUTE protocol family
[    0.120104] DMA: preallocated 256 KiB pool for atomic coherent allocations
[    0.120919] audit: initializing netlink subsys (disabled)
[    0.122254] thermal_sys: Registered thermal governor 'fair_share'
[    0.122274] thermal_sys: Registered thermal governor 'step_wise'
[    0.122280] thermal_sys: Registered thermal governor 'user_space'
[    0.122385] audit: type=2000 audit(0.120:1): state=initialized audit_enabled=0 res=1
[    0.122461] cpuidle: using governor menu
[    0.138717] /ocp/interconnect@44c00000/segment@200000/target-module@b000/i2c@0/tda19988@70: Fixed dependency cycle(s) with /ocp/interconnect@48000000/segment@300000/target-module@e000/lcdc@0
[    0.139779] /ocp/interconnect@48000000/segment@300000/target-module@e000/lcdc@0: Fixed dependency cycle(s) with /ocp/interconnect@44c00000/segment@200000/target-module@b000/i2c@0/tda19988@70
[    0.142004] No ATAGs?
[    0.142025] hw-breakpoint: debug architecture 0x4 unsupported.
[    0.145019] kprobes: kprobe jump-optimization is enabled. All kprobes are optimized if possible.
[    0.153800] iommu: Default domain type: Translated
[    0.153820] iommu: DMA domain TLB invalidation policy: strict mode
[    0.155257] SCSI subsystem initialized
[    0.161293] pps_core: LinuxPPS API ver. 1 registered
[    0.161306] pps_core: Software ver. 5.3.6 - Copyright 2005-2007 Rodolfo Giometti <giometti@linux.it>
[    0.161330] PTP clock support registered
[    0.170727] vgaarb: loaded
[    0.171043] clocksource: Switched to clocksource dmtimer
[    0.171648] VFS: Disk quotas dquot_6.6.0
[    0.171707] VFS: Dquot-cache hash table entries: 1024 (order 0, 4096 bytes)
[    0.194735] NET: Registered PF_INET protocol family
[    0.195075] IP idents hash table entries: 8192 (order: 4, 65536 bytes, linear)
[    0.196397] tcp_listen_portaddr_hash hash table entries: 512 (order: 0, 4096 bytes, linear)
[    0.196432] Table-perturb hash table entries: 65536 (order: 6, 262144 bytes, linear)
[    0.196449] TCP established hash table entries: 4096 (order: 2, 16384 bytes, linear)
[    0.196490] TCP bind hash table entries: 4096 (order: 4, 65536 bytes, linear)
[    0.196590] TCP: Hash tables configured (established 4096 bind 4096)
[    0.196723] UDP hash table entries: 256 (order: 1, 8192 bytes, linear)
[    0.196753] UDP-Lite hash table entries: 256 (order: 1, 8192 bytes, linear)
[    0.196930] NET: Registered PF_UNIX/PF_LOCAL protocol family
[    0.212309] RPC: Registered named UNIX socket transport module.
[    0.212334] RPC: Registered udp transport module.
[    0.212339] RPC: Registered tcp transport module.
[    0.212344] RPC: Registered tcp-with-tls transport module.
[    0.212349] RPC: Registered tcp NFSv4.1 backchannel transport module.
[    0.212373] PCI: CLS 0 bytes, default 64
[    0.213949] Initialise system trusted keyrings
[    0.214995] workingset: timestamp_bits=14 max_order=17 bucket_order=3
[    0.216165] NFS: Registering the id_resolver key type
[    0.216222] Key type id_resolver registered
[    0.216229] Key type id_legacy registered
[    0.216282] jffs2: version 2.2. (NAND) (SUMMARY)  Â© 2001-2006 Red Hat, Inc.
[    0.216731] Key type asymmetric registered
[    0.216747] Asymmetric key parser 'x509' registered
[    0.216816] io scheduler mq-deadline registered
[    0.216826] io scheduler kyber registered
[    0.216892] io scheduler bfq registered
[    0.231374] Serial: 8250/16550 driver, 6 ports, IRQ sharing enabled
[    0.279969] brd: module loaded
[    0.308465] loop: module loaded
[    0.309381] mtdoops: mtd device (mtddev=name/number) must be supplied
[    0.312253] i2c_dev: i2c /dev entries driver
[    0.313208] cpuidle: enable-method property 'ti,am3352' found operations
[    0.313655] sdhci: Secure Digital Host Controller Interface driver
[    0.313666] sdhci: Copyright(c) Pierre Ossman
[    0.313845] sdhci-pltfm: SDHCI platform and OF driver helper
[    0.314100] ledtrig-cpu: registered to indicate activity on CPUs
[    0.314855] Initializing XFRM netlink socket
[    0.315008] NET: Registered PF_INET6 protocol family
[    0.316742] Segment Routing with IPv6
[    0.316817] In-situ OAM (IOAM) with IPv6
[    0.316918] sit: IPv6, IPv4 and MPLS over IPv4 tunneling driver
[    0.317858] NET: Registered PF_PACKET protocol family
[    0.317892] NET: Registered PF_KEY protocol family
[    0.318003] Key type dns_resolver registered
[    0.318233] ThumbEE CPU extension supported.
[    0.318255] Registering SWP/SWPB emulation handler
[    0.318762] omap_voltage_late_init: Voltage driver support not added
[    0.319103] SmartReflex Class3 initialized
[    0.356045] Loading compiled-in X.509 certificates
[    0.414153] /ocp/interconnect@44c00000/segment@200000/target-module@b000/i2c@0/tda19988@70: Fixed dependency cycle(s) with /ocp/interconnect@48000000/segment@300000/target-module@e000/lcdc@0
[    0.420253] /ocp/interconnect@44c00000/segment@200000/target-module@b000/i2c@0/tda19988@70: Fixed dependency cycle(s) with /ocp/interconnect@48000000/segment@300000/target-module@e000/lcdc@0
[    0.428220] /ocp/interconnect@44c00000/segment@200000/target-module@b000/i2c@0/tda19988@70: Fixed dependency cycle(s) with /ocp/interconnect@48000000/segment@300000/target-module@e000/lcdc@0
[    0.429021] /ocp/interconnect@44c00000/segment@200000/target-module@b000/i2c@0/tda19988@70: Fixed dependency cycle(s) with /ocp/interconnect@48000000/segment@300000/target-module@e000/lcdc@0
[    0.432453] /ocp/interconnect@44c00000/segment@200000/target-module@10000/scm@0/pinmux@800: Fixed dependency cycle(s) with /ocp/interconnect@44c00000/segment@200000/target-module@10000/scm@0/pinmux@800/clkout2-pins
[    0.433065] pinctrl-single 44e10800.pinmux: 142 pins, size 568
[    0.438029] ti-sysc: probe of 44e31000.target-module failed with error -16
[    0.456254] /ocp/interconnect@48000000/segment@300000/target-module@e000/lcdc@0: Fixed dependency cycle(s) with /ocp/interconnect@44c00000/segment@200000/target-module@b000/i2c@0/tda19988@70
[    0.464031] ti-sysc: probe of 48040000.target-module failed with error -16
[    0.496864] OMAP GPIO hardware version 0.1
[    0.524388] omap_i2c 4819c000.i2c: bus 2 rev0.11 at 100 kHz
[    0.556966] /ocp/interconnect@48000000/segment@300000/target-module@e000/lcdc@0: Fixed dependency cycle(s) with /ocp/interconnect@44c00000/segment@200000/target-module@b000/i2c@0/tda19988@70
[    0.559606] /ocp/interconnect@48000000/segment@300000/target-module@e000/lcdc@0: Fixed dependency cycle(s) with /ocp/interconnect@44c00000/segment@200000/target-module@b000/i2c@0/tda19988@70
[    0.560299] /ocp/interconnect@44c00000/segment@200000/target-module@b000/i2c@0/tda19988@70: Fixed dependency cycle(s) with /ocp/interconnect@48000000/segment@300000/target-module@e000/lcdc@0
[    0.560457] /ocp/interconnect@48000000/segment@300000/target-module@e000/lcdc@0: Fixed dependency cycle(s) with /ocp/interconnect@44c00000/segment@200000/target-module@b000/i2c@0/tda19988@70
[    0.571435] sdhci-omap 481d8000.mmc: supply pbias not found, using dummy regulator
[    0.571934] sdhci-omap 481d8000.mmc: supply vqmmc not found, using dummy regulator
[    0.642041] davinci_mdio 4a101000.mdio: davinci mdio revision 1.6, bus freq 1000000
[    0.751540] davinci_mdio 4a101000.mdio: phy[0]: device 4a101000.mdio:00, driver SMSC LAN8710/LAN8720
[    0.752174] cpsw-switch 4a100000.switch: initialized cpsw ale version 1.4
[    0.752197] cpsw-switch 4a100000.switch: ALE Table size 1024
[    0.752325] cpsw-switch 4a100000.switch: cpts: overflow check period 500 (jiffies)
[    0.752342] cpsw-switch 4a100000.switch: CPTS: ref_clk_freq:250000000 calc_mult:2147483648 ca lc_shift:29 error:0 nsec/sec
[    0.752451] cpsw-switch 4a100 000.switch: Detected MACID = 6c:ec:eb:68:de:78
[    0.754232] cpsw-switch 4a100000.switch: initialized (regs 0x4a100000, pool size 256) hw_ver:0019010C 1.12 (0)
[    0.764925] debugfs: Directob: mmc1:0001 MMC04G 128 KiB, chardev (250:0)
[    2.460879] SMSC LAN8710/LAN8720 4a101000.mdio:00: attached PHY driver (mii_bus:phy_addr=4a101000.mdio:00, irq=POLL)
[    5.601789] cpsw-switch 4a100000.switch eth0: Link is Up - 100Mbps/Full - flow control off
[    5.651094] IP-Config: Complete:
[    5.654363]      device=eth0, hwaddr=6c:ec:eb:68:de:78, ipaddr=192.168.255.1, mask=255.255.255.0, gw=255.255.255.255
[    5.664982]      host=bbb1, domain=, nis-domain=(none)
[    5.670146]      bootserver=192.168.255.126, rootserver=192.168.255.126, rootpath=
[    5.670559] clk: Disabling unused clocks
[    5.682410] KTAP version 1
[    5.685135] 1..0
[    5.712397] VFS: Mounted root (nfs filesystem) on device 0:16.
[    5.719171] devtmpfs: mounted
[    5.723864] Freeing unused kernel image (initmem) memory: 1024K
[    5.730412] Run /sbin/init as init process
[    6.403862] systemd[1]: System time before build time, advancing clock.
[    7.841063] random: crng init done
[    7.911931] systemd[1]: systemd 232 running in system mode. (+PAM +AUDIT +SELINUX +IMA +APPARMOR +SMACK +SYSVINIT +UTMP +LIBCRYPTSETUP +GCRYPT +GNUTLS +ACL +XZ +LZ4 +SECCOMP +BLKID +ELFUTILS +KMOD +IDN)
[    7.930897] systemd[1]: Detected architecture arm.

Welcome to [1mDebian GNU/Linux 9 (stretch)[0m!

[    7.973926] systemd[1]: Set hostname to <arm>.
[    9.024956] systemd[1]: Listening on udev Control Socket.
[[0;32m  OK  [0m] Listening on udev Control Socket.
[    9.062068] systemd[1]: Listening on Journal Audit Socket.
[[0;32m  OK  [0m] Listening on Journal Audit Socket.
[    9.102863] systemd[1]: Listening on Syslog Socket.
[[0;32m  OK  [0m] Listening on Syslog Socket.
[    9.141432] systemd[1]: Reached target Swap.
[[0;32m  OK  [0m] Reached target Swap.
[    9.171886] systemd[1]: Started Dispatch Password Requests to Console Directory Watch.
[[0;32m  OK  [0m] Started Dispatch Password Requests to Console Directory Watch.
[    9.211798] systemd[1]: Started Forward Password Requests to Wall Directory Watch.
[[0;32m  OK  [0m] Started Forward Password Requests to Wall Directory Watch.
[    9.251325] systemd[1]: Reached target Encrypted Volumes.
[[0;32m  OK  [0m] Reached target Encrypted Volumes.
[[0;32m  OK  [0m] Reached target Paths.
[[0;32m  OK  [0m] Listening on /dev/initctl Compatibility Named Pipe.
[[0;32m  OK  [0m] Listening on Journal Socket (/dev/log).
[[0;32m  OK  [0m] Set up automount Arbitrary Executabâ€¦rmats File System Automount Point.
[[0;32m  OK  [0m] Reached target Remote File Systems.
[[0;32m  OK  [0m] Created slice System Slice.
         Mounting POSIX Message Queue File System...
         Mounting Debug File System...
[[0;32m  OK  [0m] Listening on Journal Socket.
         Starting Load Kernel Modules...
         Starting Journal Service...
         Starting Remount Root and Kernel File Systems...
         Starting Create list of required stâ€¦ce nodes for the current kernel...
[[0;32m  OK  [0m] Created slice User and Session Slice.
[[0;32m  OK  [0m] Reached target Slices.
[[0;32m  OK  [0m] Listening on udev Kernel Socket.
[[0;32m  OK  [0m] Created slice system-getty.slice.
[[0;32m  OK  [0m] Created slice system-serial\x2dgetty.slice.
[[0;32m  OK  [0m] Mounted POSIX Message Queue File System.
[[0;32m  OK  [0m] Mounted Debug File System.
[[0;32m  OK  [0m] Started Load Kernel Modules.
[[0;32m  OK  [0m] Started Remount Root and Kernel File Systems.
[[0;32m  OK  [0m] Started Create list of required staâ€¦vice nodes for the current kernel.
         Starting Create Static Device Nodes in /dev...
         Starting udev Coldplug all Devices...
         Starting Load/Save Random Seed...
         Starting Apply Kernel Variables...
         Mounting Configuration File System...
[[0;32m  OK  [0m] Mounted Configuration File System.
[[0;32m  OK  [0m] Started Load/Save Random Seed.
[[0;32m  OK  [0m] Started Journal Service.
[[0;32m  OK  [0m] Started Apply Kernel Variables.
         Starting Flush Journal to Persistent Storage...
[[0;32m  OK  [0m] Started Create Static Device Nodes in /dev.
         Starting udev Kernel Device Manager...
[[0;32m  OK  [0m] Reached target Local File Systems (Pre).
[[0;32m  OK  [0m] Reached target Local File Systems.
         Starting Raise network interfaces...
[   11.371512] systemd-journald[88]: Received request to flush runtime journal from PID 1
[[0;32m  OK  [0m] Started Flush Journal to Persistent Storage.
         Starting Create Volatile Files and Directories...
[[0;32m  OK  [0m] Started udev Kernel Device Manager.
[[0;32m  OK  [0m] Started Create Volatile Files and Directories.
         Starting Network Time Synchronization...
         Starting Update UTMP about System Boot/Shutdown...
[[0;32m  OK  [0m] Started Update UTMP about System Boot/Shutdown.
[[0;32m  OK  [0m] Started Network Time Synchronization.
[[0;32m  OK  [0m] Reached target System Time Synchronized.
[[0;32m  OK  [0m] Started udev Coldplug all Devices.
[[0;32m  OK  [0m] Reached target System Initialization.
[[0;32m  OK  [0m] Started Daily Cleanup of Temporary Directories.
[[0;32m  OK  [0m] Listening on Avahi mDNS/DNS-SD Stack Activation Socket.
[[0;32m  OK  [0m] Listening on D-Bus System Message Bus Socket.
[[0;32m  OK  [0m] Reached target Sockets.
[[0;32m  OK  [0m] Reached target Basic System.
[   14.647575] remoteproc remoteproc0: wkup_m3 is available
[[0;32m  OK  [0m] Started D-Bus System Message Bus.
[   15.014793] wkup_m3_ipc 44e11324.wkup_m3_ipc: IPC Request for A8->M3 Channel failed! -517
[   15.030258] omap_rtc 44e3e000.rtc: registered as rtc0
[   15.035646] omap_rtc 44e3e000.rtc: setting system clock to 2000-01-01T00:00:00 UTC (946684800)
[   15.055394] wkup_m3_ipc 44e11324.wkup_m3_ipc: IPC Request for A8->M3 Channel failed! -517
[   15.150428] wkup_m3_ipc 44e11324.wkup_m3_ipc: IPC Request for A8->M3 Channel failed! -517
[   15.171839] omap_wdt: OMAP Watchdog Timer Rev 0x01: initial timeout 60 sec
[   15.195669] at24 2-0054: supply vcc not found, using dummy regulator
[   15.262226] wkup_m3_ipc 44e11324.wkup_m3_ipc: IPC Request for A8->M3 Channel failed! -517
[   15.356026] at24 2-0055: supply vcc not found, using dummy regulator
[   15.432000] at24 2-0056: supply vcc not found, using dummy regulator
[   15.514418] at24 2-0057: supply vcc not found, using dummy regulator
[   15.577364] tps6521x_pwrbutton tps65217-pwrbutton: DMA mask not set
[   15.665612] input: tps65217_pwrbutton as /devices/platform/ocp/44c00000.interconnect/44c00000.interconnect:segment@200000/44e0b000.target-module/44e0b000.i2c/i2c-0/0-0024/tps65217-pwrbutton/input/input0
[   15.685914] at24 0-0050: 32768 byte 24c256 EEPROM, writable, 1 bytes/write
[   15.702051] wkup_m3_ipc 44e11324.wkup_m3_ipc: IPC Request for A8->M3 Channel failed! -517
[   15.819654] wkup_m3_ipc 44e11324.wkup_m3_ipc: IPC Request for A8->M3 Channel failed! -517
[   15.874845] am335x-phy-driver 47401300.usb-phy: dummy supplies not allowed for exclusive requests
[   16.214182] am335x-phy-driver 47401b00.usb-phy: dummy supplies not allowed for exclusive requests
[   16.224597] wkup_m3_ipc 44e11324.wkup_m3_ipc: IPC Request for A8->M3 Channel failed! -517
[   16.279705] usbcore: registered new interface driver usbfs
[   16.285606] usbcore: registered new interface driver hub
[   16.291163] usbcore: registered new device driver usb
[   16.376683] wkup_m3_ipc 44e11324.wkup_m3_ipc: IPC Request for A8->M3 Channel failed! -517
[   16.809360] wkup_m3_ipc 44e11324.wkup_m3_ipc: IPC Request for A8->M3 Channel failed! -517
[   16.879625] musb-hdrc musb-hdrc.1: MUSB HDRC host driver
[   16.885275] musb-hdrc musb-hdrc.1: new USB bus registered, assigned bus number 1
[   16.907956] wkup_m3_ipc 44e11324.wkup_m3_ipc: IPC Request for A8->M3 Channel failed! -517
[   16.982614] tda998x 0-0070: found TDA19988
[   17.058873] wkup_m3_ipc 44e11324.wkup_m3_ipc: IPC Request for A8->M3 Channel failed! -517
[   17.077230] usb usb1: New USB device found, idVendor=1d6b, idProduct=0002, bcdDevice= 6.06
[   17.085680] usb usb1: New USB device strings: Mfr=3, Product=2, SerialNumber=1
[   17.092992] usb usb1: Product: MUSB HDRC host driver
[   17.097982] usb usb1: Manufacturer: Linux 6.6.81 musb-hcd
[   17.103544] usb usb1: SerialNumber: musb-hdrc.1
[   17.231168] hub 1-0:1.0: USB hub found
[   17.247895] omap-mailbox 480c8000.mailbox: omap mailbox rev 0x400
[   17.295179] hub 1-0:1.0: 1 port detected
[   17.310292] remoteproc remoteproc0: powering up wkup_m3
[   17.429160] remoteproc remoteproc0: Direct firmware load for am335x-pm-firmware.elf failed with error -2
[   17.439022] remoteproc remoteproc0: request_firmware failed: -2
[   17.445090] wkup_m3_ipc 44e11324.wkup_m3_ipc: rproc_boot failed
         Starting LSB: Start busybox udhcpd at boot time...
         Starting Generic Board Startup...
         Starting Cape Manager Service...
[[0;32m  OK  [0m] Started Regular background program processing daemon.
         Starting LSB: Load kernel modules needed to enable cpufreq scaling...
         Starting System Logging Service...
         Starting Login Service...
         Starting Connection service...
[   19.511543] omap_rng 48310000.rng: Random Number Generator ver. 20
[   19.599671] tilcdc 4830e000.lcdc: bound 0-0070 (ops tda998x_audio_codec_init [tda998x])
         Starting Telephony service...
[[0;32m  OK  [0m] Started Daily apt download activities.
[[0;32m  OK  [0m] Started Daily apt upgrade and clean activities.
[   19.802126] [drm] Initialized tilcdc 1.0.0 20121205 for 4830e000.lcdc on minor 0
[[0;32m  OK  [0m] Reached target Timers.
[   19.928415] tilcdc 4830e000.lcdc: [drm] Cannot find any crtc or sizes
[   19.936619] tilcdc 4830e000.lcdc: [drm] Cannot find any crtc or sizes
         Starting Avahi mDNS/DNS-SD Stack...
         Starting DUN service...
[[0;32m  OK  [0m] Started Cape Manager Service.
[[0;32m  OK  [0m] Found device /dev/ttyS0.
[   21.145714] PM: Cannot get wkup_m3_ipc handle
[[0;32m  OK  [0m] Started System Logging Service.
[   21.218063] omap-sham 53100000.sham: hw accel on OMAP rev 4.3
[   21.370206] omap-sham 53100000.sham: will run requests pump with realtime priority
[   21.379036] PM: Cannot get wkup_m3_ipc handle
[   21.445579] omap-aes 53500000.aes: OMAP AES hw accel rev: 3.2
[   21.538376] omap-aes 53500000.aes: will run requests pump with realtime priority
[   21.558027] PM: Cannot get wkup_m3_ipc handle
[   23.332394] Bluetooth: Core ver 2.22
[   23.336202] NET: Registered PF_BLUETOOTH protocol family
[   23.341752] Bluetooth: HCI device and connection manager initialized
[   23.348169] Bluetooth: HCI socket layer initialized
[   23.353152] Bluetooth: L2CAP socket layer initialized
[   23.358271] Bluetooth: SCO socket layer initialized
[   24.987049] PM: Cannot get wkup_m3_ipc handle
[   25.083222] PM: Cannot get wkup_m3_ipc handle
[[0;32m  OK  [0m] Started LSB: Start busybox udhcpd at boot time.
[[0;32m  OK  [0m] Started Raise network interfaces.
[[0;32m  OK  [0m] Started LSB: Load kernel modules needed to enable cpufreq scaling.
[   28.300988] configfs-gadget.g_multi gadget.0: HOST MAC 1c:ba:8c:a2:ed:6c
[   28.308106] configfs-gadget.g_multi gadget.0: MAC 1c:ba:8c:a2:ed:70
[   28.315500] configfs-gadget.g_multi gadget.0: HOST MAC 1c:ba:8c:a2:ed:6c
[   28.322378] configfs-gadget.g_multi gadget.0: MAC 1c:ba:8c:a2:ed:6d
[   28.333868] PM: Cannot get wkup_m3_ipc handle
[[0;32m  OK  [0m] Started Telephony service.
[[0;32m  OK  [0m] Started DUN service.
[[0;32m  OK  [0m] Started Connection service.
[[0;32m  OK  [0m] Started Avahi mDNS/DNS-SD Stack.
[[0;32m  OK  [0m] Started Login Service.
[[0;32m  OK  [0m] Reached target Sound Card.
         Starting LSB: set CPUFreq kernel parameters...
[[0;32m  OK  [0m] Reached target Network.
         Starting Permit User Sessions...
         Starting The Apache HTTP Server...
[[0;32m  OK  [0m] Reached target Network is Online.
         Starting LSB: Advanced IEEE 802.11 management daemon...
         Starting OpenBSD Secure Shell server...
[[0;32m  OK  [0m] Started Permit User Sessions.
[[0;32m  OK  [0m] Started LSB: Advanced IEEE 802.11 management daemon.
         Starting Hostname Service...
         Starting WPA supplicant...
[[0;32m  OK  [0m] Started Getty on tty1.
[[0;32m  OK  [0m] Started Serial Getty on ttyS0.
[[0;32m  OK  [0m] Reached target Login Prompts.
[[0;32m  OK  [0m] Started LSB: set CPUFreq kernel parameters.
[[0;32m  OK  [0m] Started WPA supplicant.
[[0;32m  OK  [0m] Started Hostname Service.
[[0;32m  OK  [0m] Started OpenBSD Secure Shell server.
         Stopping LSB: Start busybox udhcpd at boot time...
[[0;32m  OK  [0m] Stopped LSB: Start busybox udhcpd at boot time.
[[0;32m  OK  [0m] Started The Apache HTTP Server.
         Starting dnsmasq - A lightweight DHCP and caching DNS server...
[[0;32m  OK  [0m] Started dnsmasq - A lightweight DHCP and caching DNS server.
[[0;32m  OK  [0m] Reached target Host and Network Name Lookups.
[[0;32m  OK  [0m] Started Serial Getty on ttyGS0.
[[0;32m  OK  [0m] Started Generic Board Startup.
[[0;32m  OK  [0m] Reached target Multi-User System.
[[0;32m  OK  [0m] Reached target Graphical Interface.
         Starting Update UTMP about System Runlevel Changes...
[[0;32m  OK  [0m] Started Update UTMP about System Runlevel Changes.

Debian GNU/Linux 9 arm ttyS0

default username:password is [debian:temppwd]

arm login: root
Password: 
Last login: Sat Dec  9 19:10:34 UTC 2017 on ttyS0
root
Linux arm 6.6.81 #1 SMP Fri Mar  7 18:19:29 EET 2025 armv7l

The programs included with the Debian GNU/Linux system are free software;
the exact distribution terms for each program are described in the
individual files in /usr/share/doc/*/copyright.

Debian GNU/Linux comes with ABSOLUTELY NO WARRANTY, to the extent
permitted by applicable law.
root@arm:~# root
-bash: root: command not found
root@arm:~# dmesg -n 1
root@arm:~# echo 'GPFH''JAXVZY'
GPFHJAXVZY
root@arm:~# run() { echo -n "$MARKER"; sh -c "$@"; echo "$MARKER $?"; }
root@arm:~# echo 'VTMO''AESHZQ'
VTMOAESHZQ
root@arm:~# MARKER='AFSH''UTCVON' run 'cat /proc/version'
AFSHUTCVONLinux version 6.6.81 (user01@drvtest01) (arm-none-eabi-gcc (Arm GNU Toolchain 14.2.Rel1 (Build arm-14.52)) 14.2.1 20241119, GNU ld (Arm GNU Toolchain 14.2.Rel1 (Build arm-14.52)) 2.43.1.20241119) #1 SMP Fri Mar  7 18:19:29 EET 2025
AFSHUTCVON 0
root@arm:~# echo 'SKGH''LZCBBQ'
SKGHLZCBBQ
root@arm:~# MARKER='FYGU''EOJNQE' run false
FYGUEOJNQEFYGUEOJNQE 1
root@arm:~# Labgrid Console Logfile for main
Logfile started at 2025-03-07 18:21:53.165363
=== Log starts here ===

root@arm:~# run() { echo -n "$MARKER"; sh -c "$@"; echo "$MARKER $?"; }
root@arm:~# echo 'PTXY''TUGLUX'
PTXYTUGLUX
root@arm:~# MARKER='PTNH''ALABPA' run 'ls /iio_generic_buffer; echo $?'
PTNHALABPA/iio_generic_buffer
0
PTNHALABPA 0
root@arm:~# Labgrid Console Logfile for main
Logfile started at 2025-03-07 18:21:56.635916
=== Log starts here ===

root@arm:~# run() { echo -n "$MARKER"; sh -c "$@"; echo "$MARKER $?"; }
root@arm:~# echo 'TJTY''LKCOQM'
TJTYLKCOQM
root@arm:~# MARKER='WKMY''TQJJSM' run dmesg
WKMYTQJJSM[    0.000000] Booting Linux on physical CPU 0x0
[    0.000000] Linux version 6.6.81 (user01@drvtest01) (arm-none-eabi-gcc (Arm GNU Toolchain 14.2.Rel1 (Build arm-14.52)) 14.2.1 20241119, GNU ld (Arm GNU Toolchain 14.2.Rel1 (Build arm-14.52)) 2.43.1.20241119) #1 SMP Fri Mar  7 18:19:29 EET 2025
[    0.000000] CPU: ARMv7 Processor [413fc082] revision 2 (ARMv7), cr=10c5387d
[    0.000000] CPU: PIPT / VIPT nonaliasing data cache, VIPT aliasing instruction cache
[    0.000000] OF: fdt: Machine model: TI AM335x BeagleBone Black
[    0.000000] Memory policy: Data cache writeback
[    0.000000] cma: Reserved 16 MiB at 0x9e800000 on node -1
[    0.000000] Zone ranges:
[    0.000000]   Normal   [mem 0x0000000080000000-0x000000009fdfffff]
[    0.000000]   HighMem  empty
[    0.000000] Movable zone start for each node
[    0.000000] Early memory node ranges
[    0.000000]   node   0: [mem 0x0000000080000000-0x000000009fdfffff]
[    0.000000] Initmem setup node 0 [mem 0x0000000080000000-0x000000009fdfffff]
[    0.000000] CPU: All CPU(s) started in SVC mode.
[    0.000000] AM335X ES2.1 (sgx neon)
[    0.000000] percpu: Embedded 16 pages/cpu s36052 r8192 d21292 u65536
[    0.000000] pcpu-alloc: s36052 r8192 d21292 u65536 alloc=16*4096
[    0.000000] pcpu-alloc: [0] 0 
[    0.000000] Kernel command line: console=ttyO0,115200n8 root=/dev/nfs rw nfsroot=192.168.255.126:/home/user01/nfs,nfsvers=3 ip=192.168.255.1:192.168.255.126::255.255.255.0:bbb1:eth0 nfsrootdebug
[    0.000000] Unknown kernel command line parameters "nfsrootdebug", will be passed to user space.
[    0.000000] Dentry cache hash table entries: 65536 (order: 6, 262144 bytes, linear)
[    0.000000] Inode-cache hash table entries: 32768 (order: 5, 131072 bytes, linear)
[    0.000000] Built 1 zonelists, mobility grouping on.  Total pages: 129412
[    0.000000] mem auto-init: stack:off, heap alloc:off, heap free:off
[    0.000000] Memory: 483604K/522240K available (11264K kernel code, 1165K rwdata, 2700K rodata, 1024K init, 282K bss, 22252K reserved, 16384K cma-reserved, 0K highmem)
[    0.000000] SLUB: HWalign=64, Order=0-3, MinObjects=0, CPUs=1, Nodes=1
[    0.000000] rcu: Hierarchical RCU implementation.
[    0.000000] rcu: 	RCU event tracing is enabled.
[    0.000000] rcu: 	RCU restricting CPUs from NR_CPUS=2 to nr_cpu_ids=1.
[    0.000000] rcu: RCU calculated value of scheduler-enlistment delay is 10 jiffies.
[    0.000000] rcu: Adjusting geometry for rcu_fanout_leaf=16, nr_cpu_ids=1
[    0.000000] NR_IRQS: 16, nr_irqs: 16, preallocated irqs: 16
[    0.000000] IRQ: Found an INTC at 0x(ptrval) (revision 5.0) with 128 interrupts
[    0.000000] rcu: srcu_init: Setting srcu_struct sizes based on contention.
[    0.000000] TI gptimer clocksource: always-on /ocp/interconnect@44c00000/segment@200000/target-module@31000
[    0.000003] sched_clock: 32 bits at 24MHz, resolution 41ns, wraps every 89478484971ns
[    0.000028] clocksource: dmtimer: mask: 0xffffffff max_cycles: 0xffffffff, max_idle_ns: 79635851949 ns
[    0.000499] TI gptimer clockevent: 24000000 Hz at /ocp/interconnect@48000000/segment@0/target-module@40000
[    0.002045] Console: colour dummy device 80x30
[    0.002096] WARNING: Your 'console=ttyO0' has been replaced by 'ttyS0'
[    0.002104] This ensures that you still see kernel messages. Please
[    0.002108] update your kernel commandline.
[    0.002146] Calibrating delay loop... 996.14 BogoMIPS (lpj=4980736)
[    0.090552] CPU: Testing write buffer coherency: ok
[    0.090646] CPU0: Spectre v2: using BPIALL workaround
[    0.090657] pid_max: default: 32768 minimum: 301
[    0.090773] LSM: initializing lsm=capability,integrity
[    0.090940] Mount-cache hash table entries: 1024 (order: 0, 4096 bytes, linear)
[    0.090960] Mountpoint-cache hash table entries: 1024 (order: 0, 4096 bytes, linear)
[    0.092424] CPU0: thread -1, cpu 0, socket -1, mpidr 0
[    0.093986] Setting up static identity map for 0x80100000 - 0x80100078
[    0.094270] rcu: Hierarchical SRCU implementation.
[    0.094280] rcu: 	Max phase no-delay instances is 1000.
[    0.095644] smp: Bringing up secondary CPUs ...
[    0.095700] smp: Brought up 1 node, 1 CPU
[    0.095712] SMP: Total of 1 processors activated (996.14 BogoMIPS).
[    0.095724] CPU: All CPU(s) started in SVC mode.
[    0.096601] devtmpfs: initialized
[    0.113287] VFP support v0.3: implementor 41 architecture 3 part 30 variant c rev 3
[    0.113630] clocksource: jiffies: mask: 0xffffffff max_cycles: 0xffffffff, max_idle_ns: 19112604462750000 ns
[    0.113661] futex hash table entries: 256 (order: 2, 16384 bytes, linear)
[    0.114940] pinctrl core: initialized pinctrl subsystem
[    0.117568] NET: Registered PF_NETLINK/PF_ROUTE protocol family
[    0.120104] DMA: preallocated 256 KiB pool for atomic coherent allocations
[    0.120919] audit: initializing netlink subsys (disabled)
[    0.122254] thermal_sys: Registered thermal governor 'fair_share'
[    0.122274] thermal_sys: Registered thermal governor 'step_wise'
[    0.122280] thermal_sys: Registered thermal governor 'user_space'
[    0.122385] audit: type=2000 audit(0.120:1): state=initialized audit_enabled=0 res=1
[    0.122461] cpuidle: using governor menu
[    0.138717] /ocp/interconnect@44c00000/segment@200000/target-module@b000/i2c@0/tda19988@70: Fixed dependency cycle(s) with /ocp/interconnect@48000000/segment@300000/target-module@e000/lcdc@0
[    0.139779] /ocp/interconnect@48000000/segment@300000/target-module@e000/lcdc@0: Fixed dependency cycle(s) with /ocp/interconnect@44c00000/segment@200000/target-module@b000/i2c@0/tda19988@70
[    0.142004] No ATAGs?
[    0.142025] hw-breakpoint: debug architecture 0x4 unsupported.
[    0.145019] kprobes: kprobe jump-optimization is enabled. All kprobes are optimized if possible.
[    0.153800] iommu: Default domain type: Translated
[    0.153820] iommu: DMA domain TLB invalidation policy: strict mode
[    0.155257] SCSI subsystem initialized
[    0.156037] reg-fixed-voltage fixedregulator0: using DT '/fixedregulator0' for '(null)' GPIO lookup
[    0.156091] of_get_named_gpiod_flags: can't parse 'gpios' property of node '/fixedregulator0[0]'
[    0.156119] of_get_named_gpiod_flags: can't parse 'gpio' property of node '/fixedregulator0[0]'
[    0.156136] reg-fixed-voltage fixedregulator0: using lookup tables for GPIO lookup
[    0.156147] reg-fixed-voltage fixedregulator0: No GPIO consumer (null) found
[    0.160929] libata version 3.00 loaded.
[    0.161293] pps_core: LinuxPPS API ver. 1 registered
[    0.161306] pps_core: Software ver. 5.3.6 - Copyright 2005-2007 Rodolfo Giometti <giometti@linux.it>
[    0.161330] PTP clock support registered
[    0.170727] vgaarb: loaded
[    0.171043] clocksource: Switched to clocksource dmtimer
[    0.171648] VFS: Disk quotas dquot_6.6.0
[    0.171707] VFS: Dquot-cache hash table entries: 1024 (order 0, 4096 bytes)
[    0.194735] NET: Registered PF_INET protocol family
[    0.195075] IP idents hash table entries: 8192 (order: 4, 65536 bytes, linear)
[    0.196397] tcp_listen_portaddr_hash hash table entries: 512 (order: 0, 4096 bytes, linear)
[    0.196432] Table-perturb hash table entries: 65536 (order: 6, 262144 bytes, linear)
[    0.196449] TCP established hash table entries: 4096 (order: 2, 16384 bytes, linear)
[    0.196490] TCP bind hash table entries: 4096 (order: 4, 65536 bytes, linear)
[    0.196590] TCP: Hash tables configured (established 4096 bind 4096)
[    0.196723] UDP hash table entries: 256 (order: 1, 8192 bytes, linear)
[    0.196753] UDP-Lite hash table entries: 256 (order: 1, 8192 bytes, linear)
[    0.196930] NET: Registered PF_UNIX/PF_LOCAL protocol family
[    0.212309] RPC: Registered named UNIX socket transport module.
[    0.212334] RPC: Registered udp transport module.
[    0.212339] RPC: Registered tcp transport module.
[    0.212344] RPC: Registered tcp-with-tls transport module.
[    0.212349] RPC: Registered tcp NFSv4.1 backchannel transport module.
[    0.212373] PCI: CLS 0 bytes, default 64
[    0.213949] Initialise system trusted keyrings
[    0.214995] workingset: timestamp_bits=14 max_order=17 bucket_order=3
[    0.216165] NFS: Registering the id_resolver key type
[    0.216222] Key type id_resolver registered
[    0.216229] Key type id_legacy registered
[    0.216282] jffs2: version 2.2. (NAND) (SUMMARY)  Â© 2001-2006 Red Hat, Inc.
[    0.216731] Key type asymmetric registered
[    0.216747] Asymmetric key parser 'x509' registered
[    0.216816] io scheduler mq-deadline registered
[    0.216826] io scheduler kyber registered
[    0.216892] io scheduler bfq registered
[    0.231374] Serial: 8250/16550 driver, 6 ports, IRQ sharing enabled
[    0.279969] brd: module loaded
[    0.308465] loop: module loaded
[    0.309381] mtdoops: mtd device (mtddev=name/number) must be supplied
[    0.310852] mdio_bus fixed-0: using lookup tables for GPIO lookup
[    0.310875] mdio_bus fixed-0: No GPIO consumer reset found
[    0.312253] i2c_dev: i2c /dev entries driver
[    0.313208] cpuidle: enable-method property 'ti,am3352' found operations
[    0.313655] sdhci: Secure Digital Host Controller Interface driver
[    0.313666] sdhci: Copyright(c) Pierre Ossman
[    0.313845] sdhci-pltfm: SDHCI platform and OF driver helper
[    0.314100] ledtrig-cpu: registered to indicate activity on CPUs
[    0.314855] Initializing XFRM netlink socket
[    0.315008] NET: Registered PF_INET6 protocol family
[    0.316742] Segment Routing with IPv6
[    0.316817] In-situ OAM (IOAM) with IPv6
[    0.316918] sit: IPv6, IPv4 and MPLS over IPv4 tunneling driver
[    0.317858] NET: Registered PF_PACKET protocol family
[    0.317892] NET: Registered PF_KEY protocol family
[    0.318003] Key type dns_resolver registered
[    0.318233] ThumbEE CPU extension supported.
[    0.318255] Registering SWP/SWPB emulation handler
[    0.318762] omap_voltage_late_init: Voltage driver support not added
[    0.319103] SmartReflex Class3 initialized
[    0.356045] Loading compiled-in X.509 certificates
[    0.414153] /ocp/interconnect@44c00000/segment@200000/target-module@b000/i2c@0/tda19988@70: Fixed dependency cycle(s) with /ocp/interconnect@48000000/segment@300000/target-module@e000/lcdc@0
[    0.420253] /ocp/interconnect@44c00000/segment@200000/target-module@b000/i2c@0/tda19988@70: Fixed dependency cycle(s) with /ocp/interconnect@48000000/segment@300000/target-module@e000/lcdc@0
[    0.425812] gpiochip_find_base: found new base at 512
[    0.428220] /ocp/interconnect@44c00000/segment@200000/target-module@b000/i2c@0/tda19988@70: Fixed dependency cycle(s) with /ocp/interconnect@48000000/segment@300000/target-module@e000/lcdc@0
[    0.429021] /ocp/interconnect@44c00000/segment@200000/target-module@b000/i2c@0/tda19988@70: Fixed dependency cycle(s) with /ocp/interconnect@48000000/segment@300000/target-module@e000/lcdc@0
[    0.432453] /ocp/interconnect@44c00000/segment@200000/target-module@10000/scm@0/pinmux@800: Fixed dependency cycle(s) with /ocp/interconnect@44c00000/segment@200000/target-module@10000/scm@0/pinmux@800/clkout2-pins
[    0.433065] pinctrl-single 44e10800.pinmux: 142 pins, size 568
[    0.438029] ti-sysc: probe of 44e31000.target-module failed with error -16
[    0.456254] /ocp/interconnect@48000000/segment@300000/target-module@e000/lcdc@0: Fixed dependency cycle(s) with /ocp/interconnect@44c00000/segment@200000/target-module@b000/i2c@0/tda19988@70
[    0.464031] ti-sysc: probe of 48040000.target-module failed with error -16
[    0.474944] gpiochip_find_base: found new base at 512
[    0.475014] gpio gpiochip0: (gpio-0-31): created GPIO range 0->7 ==> 44e10800.pinmux PIN 0->7
[    0.475032] gpio gpiochip0: (gpio-0-31): created GPIO range 8->11 ==> 44e10800.pinmux PIN 90->93
[    0.475048] gpio gpiochip0: (gpio-0-31): created GPIO range 12->27 ==> 44e10800.pinmux PIN 12->27
[    0.475063] gpio gpiochip0: (gpio-0-31): created GPIO range 28->31 ==> 44e10800.pinmux PIN 30->33
[    0.496601] gpio gpiochip0: (gpio-0-31): added GPIO chardev (254:0)
[    0.496767] gpio gpiochip0: registered GPIOs 512 to 543 on gpio-0-31
[    0.496864] OMAP GPIO hardware version 0.1
[    0.523355] i2c i2c-2: using DT '/ocp/interconnect@48000000/segment@100000/target-module@9c000/i2c@0' for 'scl' GPIO lookup
[    0.523445] of_get_named_gpiod_flags: can't parse 'scl-gpios' property of node '/ocp/interconnect@48000000/segment@100000/target-module@9c000/i2c@0[0]'
[    0.523489] of_get_named_gpiod_flags: can't parse 'scl-gpio' property of node '/ocp/interconnect@48000000/segment@100000/target-module@9c000/i2c@0[0]'
[    0.523525] i2c i2c-2: using lookup tables for GPIO lookup
[    0.523535] i2c i2c-2: No GPIO consumer scl found
[    0.523556] i2c i2c-2: using DT '/ocp/interconnect@48000000/segment@100000/target-module@9c000/i2c@0' for 'sda' GPIO lookup
[    0.523593] of_get_named_gpiod_flags: can't parse 'sda-gpios' property of node '/ocp/interconnect@48000000/segment@100000/target-module@9c000/i2c@0[0]'
[    0.523631] of_get_named_gpiod_flags: can't parse 'sda-gpio' property of node '/ocp/interconnect@48000000/segment@100000/target-module@9c000/i2c@0[0]'
[    0.523662] i2c i2c-2: using lookup tables for GPIO lookup
[    0.523670] i2c i2c-2: No GPIO consumer sda found
[    0.524388] omap_i2c 4819c000.i2c: bus 2 rev0.11 at 100 kHz
[    0.529538] gpiochip_find_base: found new base at 544
[    0.529602] gpio gpiochip1: (gpio-32-63): created GPIO range 0->17 ==> 44e10800.pinmux PIN 34->51
[    0.529621] gpio gpiochip1: (gpio-32-63): created GPIO range 18->21 ==> 44e10800.pinmux PIN 77->80
[    0.529637] gpio gpiochip1: (gpio-32-63): created GPIO range 22->31 ==> 44e10800.pinmux PIN 56->65
[    0.547448] gpio gpiochip1: (gpio-32-63): added GPIO chardev (254:1)
[    0.547614] gpio gpiochip1: registered GPIOs 544 to 575 on gpio-32-63
[    0.549855] gpiochip_find_base: found new base at 576
[    0.549915] gpio gpiochip2: (gpio-64-95): created GPIO range 0->4 ==> 44e10800.pinmux PIN 66->70
[    0.549934] gpio gpiochip2: (gpio-64-95): created GPIO range 5->6 ==> 44e10800.pinmux PIN 98->99
[    0.549949] gpio gpiochip2: (gpio-64-95): created GPIO range 7->8 ==> 44e10800.pinmux PIN 75->76
[    0.549964] gpio gpiochip2: (gpio-64-95): created GPIO range 13->13 ==> 44e10800.pinmux PIN 141->141
[    0.549980] gpio gpiochip2: (gpio-64-95): created GPIO range 14->21 ==> 44e10800.pinmux PIN 100->107
[    0.550549] gpio gpiochip2: (gpio-64-95): added GPIO chardev (254:2)
[    0.550675] gpio gpiochip2: registered GPIOs 576 to 607 on gpio-64-95
[    0.556966] /ocp/interconnect@48000000/segment@300000/target-module@e000/lcdc@0: Fixed dependency cycle(s) with /ocp/interconnect@44c00000/segment@200000/target-module@b000/i2c@0/tda19988@70
[    0.559606] /ocp/interconnect@48000000/segment@300000/target-module@e000/lcdc@0: Fixed dependency cycle(s) with /ocp/interconnect@44c00000/segment@200000/target-module@b000/i2c@0/tda19988@70
[    0.560299] /ocp/interconnect@44c00000/segment@200000/target-module@b000/i2c@0/tda19988@70: Fixed dependency cycle(s) with /ocp/interconnect@48000000/segment@300000/target-module@e000/lcdc@0
[    0.560457] /ocp/interconnect@48000000/segment@300000/target-module@e000/lcdc@0: Fixed dependency cycle(s) with /ocp/interconnect@44c00000/segment@200000/target-module@b000/i2c@0/tda19988@70
[    0.569677] mdio_bus 4a101000.mdio: using DT '/ocp/interconnect@4a000000/segment@0/target-module@100000/switch@0/mdio@1000' for 'reset' GPIO lookup
[    0.569752] of_get_named_gpiod_flags: can't parse 'reset-gpios' property of node '/ocp/interconnect@4a000000/segment@0/target-module@100000/switch@0/mdio@1000[0]'
[    0.569801] of_get_named_gpiod_flags: can't parse 'reset-gpio' property of node '/ocp/interconnect@4a000000/segment@0/target-module@100000/switch@0/mdio@1000[0]'
[    0.569848] mdio_bus 4a101000.mdio: using lookup tables for GPIO lookup
[    0.569858] mdio_bus 4a101000.mdio: No GPIO consumer reset found
[    0.570944] sdhci-omap 481d8000.mmc: using DT '/ocp/interconnect@48000000/segment@100000/target-module@d8000/mmc@0' for 'wp' GPIO lookup
[    0.571007] of_get_named_gpiod_flags: can't parse 'wp-gpios' property of node '/ocp/interconnect@48000000/segment@100000/target-module@d8000/mmc@0[0]'
[    0.571198] of_get_named_gpiod_flags: can't parse 'wp-gpio' property of node '/ocp/interconnect@48000000/segment@100000/target-module@d8000/mmc@0[0]'
[    0.571240] sdhci-omap 481d8000.mmc: using lookup tables for GPIO lookup
[    0.571249] sdhci-omap 481d8000.mmc: No GPIO consumer wp found
[    0.571435] sdhci-omap 481d8000.mmc: supply pbias not found, using dummy regulator
[    0.571934] sdhci-omap 481d8000.mmc: supply vqmmc not found, using dummy regulator
[    0.642041] davinci_mdio 4a101000.mdio: davinci mdio revision 1.6, bus freq 1000000
[    0.656141] mdio_bus 4a101000.mdio:00: using DT '/ocp/interconnect@4a000000/segment@0/target-module@100000/switch@0/mdio@1000/ethernet-phy@0' for 'reset' GPIO lookup
[    0.656247] of_get_named_gpiod_flags: parsed 'reset-gpios' property of node '/ocp/interconnect@4a000000/segment@0/target-module@100000/switch@0/mdio@1000/ethernet-phy@0[0]' - status (0)
[    0.656410] gpio gpiochip0: Persistence not supported for GPIO 8
[    0.751540] davinci_mdio 4a101000.mdio: phy[0]: device 4a101000.mdio:00, driver SMSC LAN8710/LAN8720
[    0.752174] cpsw-switch 4a100000.switch: initialized cpsw ale version 1.4
[    0.752197] cpsw-switch 4a100000.switch: ALE Table size 1024
[    0.752325] cpsw-switch 4a100000.switch: cpts: overflow check period 500 (jiffies)
[    0.752342] cpsw-switch 4a100000.switch: CPTS: ref_clk_freq:250000000 calc_mult:2147483648 calc_shift:29 error:0 nsec/sec
[    0.752451] cpsw-switch 4a100000.switch: Detected MACID = 6c:ec:eb:68:de:78
[    0.754232] cpsw-switch 4a100000.switch: initialized (regs 0x4a100000, pool size 256) hw_ver:0019010C 1.12 (0)
[    0.764925] debugfs: Directory '49000000.dma' with parent 'dmaengine' already present!
[    0.764969] edma 49000000.dma: TI EDMA DMA engine driver
[    0.801987] hw perfevents: enabled with armv7_cortex_a8 PMU driver, 5 counters available
[    0.802941] gpio-clk clk_mcasp0: using DT '/clk_mcasp0' for 'enable' GPIO lookup
[    0.803013] of_get_named_gpiod_flags: parsed 'enable-gpios' property of node '/clk_mcasp0[0]' - status (0)
[    0.803055] gpio gpiochip0: Persistence not supported for GPIO 27
[    0.803872] gpiochip_find_base: found new base at 608
[    0.803931] gpio gpiochip3: (gpio-96-127): created GPIO range 0->7 ==> 44e10800.pinmux PIN 82->89
[    0.803950] gpio gpiochip3: (gpio-96-127): created GPIO range 8->11 ==> 44e10800.pinmux PIN 52->55
[    0.803966] gpio gpiochip3: (gpio-96-127): created GPIO range 12->15 ==> 44e10800.pinmux PIN 94->97
[    0.803981] gpio gpiochip3: (gpio-96-127): created GPIO range 16->17 ==> 44e10800.pinmux PIN 71->72
[    0.803997] gpio gpiochip3: (gpio-96-127): created GPIO range 18->18 ==> 44e10800.pinmux PIN 135->135
[    0.804013] gpio gpiochip3: (gpio-96-127): created GPIO range 19->20 ==> 44e10800.pinmux PIN 108->109
[    0.804029] gpio gpiochip3: (gpio-96-127): created GPIO range 21->21 ==> 44e10800.pinmux PIN 73->73
[    0.804046] gpio gpiochip3: (gpio-96-127): created GPIO range 22->23 ==> 44e10800.pinmux PIN 8->9
[    0.804063] gpio gpiochip3: (gpio-96-127): created GPIO range 26->27 ==> 44e10800.pinmux PIN 10->11
[    0.804080] gpio gpiochip3: (gpio-96-127): created GPIO range 28->28 ==> 44e10800.pinmux PIN 74->74
[    0.804098] gpio gpiochip3: (gpio-96-127): created GPIO range 29->29 ==> 44e10800.pinmux PIN 81->81
[    0.804116] gpio gpiochip3: (gpio-96-127): created GPIO range 30->31 ==> 44e10800.pinmux PIN 28->29
[    0.809623] l3-aon-clkctrl:0000:0: failed to disable
[    0.809805] gpio gpiochip3: (gpio-96-127): added GPIO chardev (254:3)
[    0.809944] gpio gpiochip3: registered GPIOs 608 to 639 on gpio-96-127
[    0.811902] omap8250 44e09000.serial: using DT '/ocp/interconnect@44c00000/segment@200000/target-module@9000/serial@0' for 'rs485-term' GPIO lookup
[    0.811980] of_get_named_gpiod_flags: can't parse 'rs485-term-gpios' property of node '/ocp/interconnect@44c00000/segment@200000/target-module@9000/serial@0[0]'
[    0.812027] of_get_named_gpiod_flags: can't parse 'rs485-term-gpio' property of node '/ocp/interconnect@44c00000/segment@200000/target-module@9000/serial@0[0]'
[    0.812063] omap8250 44e09000.serial: using lookup tables for GPIO lookup
[    0.812073] omap8250 44e09000.serial: No GPIO consumer rs485-term found
[    0.812082] omap8250 44e09000.serial: using DT '/ocp/interconnect@44c00000/segment@200000/target-module@9000/serial@0' for 'rs485-rx-during-tx' GPIO lookup
[    0.812119] of_get_named_gpiod_flags: can't parse 'rs485-rx-during-tx-gpios' property of node '/ocp/interconnect@44c00000/segment@200000/target-module@9000/serial@0[0]'
[    0.812159] of_get_named_gpiod_flags: can't parse 'rs485-rx-during-tx-gpio' property of node '/ocp/interconnect@44c00000/segment@200000/target-module@9000/serial@0[0]'
[    0.812190] omap8250 44e09000.serial: using lookup tables for GPIO lookup
[    0.812198] omap8250 44e09000.serial: No GPIO consumer rs485-rx-during-tx found
[    0.812557] 44e09000.serial: ttyS0 at MMIO 0x44e09000 (irq = 34, base_baud = 3000000) is a 8250
[    0.812641] printk: console [ttyS0] enabled
[    2.152742] i2c i2c-0: using DT '/ocp/interconnect@44c00000/segment@200000/target-module@b000/i2c@0' for 'scl' GPIO lookup
[    2.152828] of_get_named_gpiod_flags: can't parse 'scl-gpios' property of node '/ocp/interconnect@44c00000/segment@200000/target-module@b000/i2c@0[0]'
[    2.152873] of_get_named_gpiod_flags: can't parse 'scl-gpio' property of node '/ocp/interconnect@44c00000/segment@200000/target-module@b000/i2c@0[0]'
[    2.152912] i2c i2c-0: using lookup tables for GPIO lookup
[    2.152923] i2c i2c-0: No GPIO consumer scl found
[    2.152947] i2c i2c-0: using DT '/ocp/interconnect@44c00000/segment@200000/target-module@b000/i2c@0' for 'sda' GPIO lookup
[    2.152985] of_get_named_gpiod_flags: can't parse 'sda-gpios' property of node '/ocp/interconnect@44c00000/segment@200000/target-module@b000/i2c@0[0]'
[    2.153025] of_get_named_gpiod_flags: can't parse 'sda-gpio' property of node '/ocp/interconnect@44c00000/segment@200000/target-module@b000/i2c@0[0]'
[    2.153059] i2c i2c-0: using lookup tables for GPIO lookup
[    2.153069] i2c i2c-0: No GPIO consumer sda found
[    2.181894] tps65217-pmic: Failed to locate of_node [id: -1]
[    2.187937] tps65217-bl: Failed to locate of_node [id: -1]
[    2.198846] tps65217 0-0024: TPS65217 ID 0xe version 1.2
[    2.204947] /ocp/interconnect@48000000/segment@300000/target-module@e000/lcdc@0: Fixed dependency cycle(s) with /ocp/interconnect@44c00000/segment@200000/target-module@b000/i2c@0/tda19988@70
[    2.222296] /ocp/interconnect@44c00000/segment@200000/target-module@b000/i2c@0/tda19988@70: Fixed dependency cycle(s) with /ocp/interconnect@48000000/segment@300000/target-module@e000/lcdc@0
[    2.239649] omap_i2c 44e0b000.i2c: bus 0 rev0.11 at 400 kHz
[    2.247318] sdhci-omap 48060000.mmc: using DT '/ocp/interconnect@48000000/segment@0/target-module@60000/mmc@0' for 'cd' GPIO lookup
[    2.247423] of_get_named_gpiod_flags: parsed 'cd-gpios' property of node '/ocp/interconnect@48000000/segment@0/target-module@60000/mmc@0[0]' - status (0)
[    2.247536] gpio gpiochip3: Persistence not supported for GPIO 6
[    2.247562] omap_gpio 44e07000.gpio: Could not set line 6 debounce to 200000 microseconds (-22)
[    2.256424] sdhci-omap 48060000.mmc: Got CD GPIO
[    2.261097] sdhci-omap 48060000.mmc: using DT '/ocp/interconnect@48000000/segment@0/target-module@60000/mmc@0' for 'wp' GPIO lookup
[    2.261149] of_get_named_gpiod_flags: can't parse 'wp-gpios' property of node '/ocp/interconnect@48000000/segment@0/target-module@60000/mmc@0[0]'
[    2.261195] of_get_named_gpiod_flags: can't parse 'wp-gpio' property of node '/ocp/interconnect@48000000/segment@0/target-module@60000/mmc@0[0]'
[    2.261232] sdhci-omap 48060000.mmc: using lookup tables for GPIO lookup
[    2.261243] sdhci-omap 48060000.mmc: No GPIO consumer wp found
[    2.261438] sdhci-omap 48060000.mmc: supply pbias not found, using dummy regulator
[    2.270494] sdhci-omap 481d8000.mmc: using DT '/ocp/interconnect@48000000/segment@100000/target-module@d8000/mmc@0' for 'wp' GPIO lookup
[    2.270571] of_get_named_gpiod_flags: can't parse 'wp-gpios' property of node '/ocp/interconnect@48000000/segment@100000/target-module@d8000/mmc@0[0]'
[    2.270619] of_get_named_gpiod_flags: can't parse 'wp-gpio' property of node '/ocp/interconnect@48000000/segment@100000/target-module@d8000/mmc@0[0]'
[    2.270656] sdhci-omap 481d8000.mmc: using lookup tables for GPIO lookup
[    2.270667] sdhci-omap 481d8000.mmc: No GPIO consumer wp found
[    2.271977] sdhci-omap 48060000.mmc: supply vqmmc not found, using dummy regulator
[    2.280500] sdhci-omap 481d8000.mmc: supply pbias not found, using dummy regulator
[    2.289717] sdhci-omap 481d8000.mmc: supply vqmmc not found, using dummy regulator
[    2.328215] mmc1: SDHCI controller on 481d8000.mmc [481d8000.mmc] using External DMA
[    2.337181] mmc0: SDHCI controller on 48060000.mmc [48060000.mmc] using External DMA
[    2.346006] cpsw-switch 4a100000.switch: starting ndev. mode: dual_mac
[    2.389351] mmc0: new high speed SDHC card at address 5048
[    2.396308] mmcblk0: mmc0:5048 SD16G 14.4 GiB
[    2.404132]  mmcblk0: p1 p2
[    2.407369] mmcblk0: p2 size 31221760 extends beyond EOD, truncated
[    2.421937] mmc1: new high speed MMC card at address 0001
[    2.428603] mmcblk1: mmc1:0001 MMC04G 3.60 GiB
[    2.435715]  mmcblk1: p1 p2
[    2.439871] mmcblk1boot0: mmc1:0001 MMC04G 2.00 MiB
[    2.447163] mmcblk1boot1: mmc1:0001 MMC04G 2.00 MiB
[    2.454157] mmcblk1rpmb: mmc1:0001 MMC04G 128 KiB, chardev (250:0)
[    2.460879] SMSC LAN8710/LAN8720 4a101000.mdio:00: attached PHY driver (mii_bus:phy_addr=4a101000.mdio:00, irq=POLL)
[    5.601789] cpsw-switch 4a100000.switch eth0: Link is Up - 100Mbps/Full - flow control off
[    5.651094] IP-Config: Complete:
[    5.654363]      device=eth0, hwaddr=6c:ec:eb:68:de:78, ipaddr=192.168.255.1, mask=255.255.255.0, gw=255.255.255.255
[    5.664982]      host=bbb1, domain=, nis-domain=(none)
[    5.670146]      bootserver=192.168.255.126, rootserver=192.168.255.126, rootpath=
[    5.670559] clk: Disabling unused clocks
[    5.682410] KTAP version 1
[    5.685135] 1..0
[    5.712397] VFS: Mounted root (nfs filesystem) on device 0:16.
[    5.719171] devtmpfs: mounted
[    5.723864] Freeing unused kernel image (initmem) memory: 1024K
[    5.730412] Run /sbin/init as init process
[    5.734599]   with arguments:
[    5.734613]     /sbin/init
[    5.734621]     nfsrootdebug
[    5.734629]   with environment:
[    5.734635]     HOME=/
[    5.734642]     TERM=linux
[    6.403862] systemd[1]: System time before build time, advancing clock.
[    7.841063] random: crng init done
[    7.911931] systemd[1]: systemd 232 running in system mode. (+PAM +AUDIT +SELINUX +IMA +APPARMOR +SMACK +SYSVINIT +UTMP +LIBCRYPTSETUP +GCRYPT +GNUTLS +ACL +XZ +LZ4 +SECCOMP +BLKID +ELFUTILS +KMOD +IDN)
[    7.930897] systemd[1]: Detected architecture arm.
[    7.973926] systemd[1]: Set hostname to <arm>.
[    9.024956] systemd[1]: Listening on udev Control Socket.
[    9.062068] systemd[1]: Listening on Journal Audit Socket.
[    9.102863] systemd[1]: Listening on Syslog Socket.
[    9.141432] systemd[1]: Reached target Swap.
[    9.171886] systemd[1]: Started Dispatch Password Requests to Console Directory Watch.
[    9.211798] systemd[1]: Started Forward Password Requests to Wall Directory Watch.
[    9.251325] systemd[1]: Reached target Encrypted Volumes.
[   11.371512] systemd-journald[88]: Received request to flush runtime journal from PID 1
[   14.271335] leds-gpio leds: using DT '/leds/led2' for '(null)' GPIO lookup
[   14.271436] of_get_named_gpiod_flags: parsed 'gpios' property of node '/leds/led2[0]' - status (0)
[   14.271489] gpio gpiochip0: Persistence not supported for GPIO 21
[   14.271503] gpio-533 (?): no flags found for (null)
[   14.271787] leds-gpio leds: using DT '/leds/led3' for '(null)' GPIO lookup
[   14.271836] of_get_named_gpiod_flags: parsed 'gpios' property of node '/leds/led3[0]' - status (0)
[   14.271870] gpio gpiochip0: Persistence not supported for GPIO 22
[   14.271881] gpio-534 (?): no flags found for (null)
[   14.295064] leds-gpio leds: using DT '/leds/led4' for '(null)' GPIO lookup
[   14.295161] of_get_named_gpiod_flags: parsed 'gpios' property of node '/leds/led4[0]' - status (0)
[   14.295207] gpio gpiochip0: Persistence not supported for GPIO 23
[   14.295219] gpio-535 (?): no flags found for (null)
[   14.331655] leds-gpio leds: using DT '/leds/led5' for '(null)' GPIO lookup
[   14.331751] of_get_named_gpiod_flags: parsed 'gpios' property of node '/leds/led5[0]' - status (0)
[   14.331796] gpio gpiochip0: Persistence not supported for GPIO 24
[   14.331808] gpio-536 (?): no flags found for (null)
[   14.647575] remoteproc remoteproc0: wkup_m3 is available
[   15.014793] wkup_m3_ipc 44e11324.wkup_m3_ipc: IPC Request for A8->M3 Channel failed! -517
[   15.030258] omap_rtc 44e3e000.rtc: registered as rtc0
[   15.035646] omap_rtc 44e3e000.rtc: setting system clock to 2000-01-01T00:00:00 UTC (946684800)
[   15.044405] omap_rtc 44e3e000.rtc: using DT '/ocp/interconnect@44c00000/segment@200000/target-module@3e000/rtc@0' for 'wp' GPIO lookup
[   15.044483] of_get_named_gpiod_flags: can't parse 'wp-gpios' property of node '/ocp/interconnect@44c00000/segment@200000/target-module@3e000/rtc@0[0]'
[   15.044534] of_get_named_gpiod_flags: can't parse 'wp-gpio' property of node '/ocp/interconnect@44c00000/segment@200000/target-module@3e000/rtc@0[0]'
[   15.044572] omap_rtc 44e3e000.rtc: using lookup tables for GPIO lookup
[   15.044584] omap_rtc 44e3e000.rtc: No GPIO consumer wp found
[   15.055394] wkup_m3_ipc 44e11324.wkup_m3_ipc: IPC Request for A8->M3 Channel failed! -517
[   15.150428] wkup_m3_ipc 44e11324.wkup_m3_ipc: IPC Request for A8->M3 Channel failed! -517
[   15.171839] omap_wdt: OMAP Watchdog Timer Rev 0x01: initial timeout 60 sec
[   15.195669] at24 2-0054: supply vcc not found, using dummy regulator
[   15.262226] wkup_m3_ipc 44e11324.wkup_m3_ipc: IPC Request for A8->M3 Channel failed! -517
[   15.356026] at24 2-0055: supply vcc not found, using dummy regulator
[   15.432000] at24 2-0056: supply vcc not found, using dummy regulator
[   15.514418] at24 2-0057: supply vcc not found, using dummy regulator
[   15.577364] tps6521x_pwrbutton tps65217-pwrbutton: DMA mask not set
[   15.665612] input: tps65217_pwrbutton as /devices/platform/ocp/44c00000.interconnect/44c00000.interconnect:segment@200000/44e0b000.target-module/44e0b000.i2c/i2c-0/0-0024/tps65217-pwrbutton/input/input0
[   15.685480] at24 0-0050: using DT '/ocp/interconnect@44c00000/segment@200000/target-module@b000/i2c@0/baseboard_eeprom@50' for 'wp' GPIO lookup
[   15.685577] of_get_named_gpiod_flags: can't parse 'wp-gpios' property of node '/ocp/interconnect@44c00000/segment@200000/target-module@b000/i2c@0/baseboard_eeprom@50[0]'
[   15.685634] of_get_named_gpiod_flags: can't parse 'wp-gpio' property of node '/ocp/interconnect@44c00000/segment@200000/target-module@b000/i2c@0/baseboard_eeprom@50[0]'
[   15.685678] at24 0-0050: using lookup tables for GPIO lookup
[   15.685689] at24 0-0050: No GPIO consumer wp found
[   15.685914] at24 0-0050: 32768 byte 24c256 EEPROM, writable, 1 bytes/write
[   15.702051] wkup_m3_ipc 44e11324.wkup_m3_ipc: IPC Request for A8->M3 Channel failed! -517
[   15.819654] wkup_m3_ipc 44e11324.wkup_m3_ipc: IPC Request for A8->M3 Channel failed! -517
[   15.874384] am335x-phy-driver 47401300.usb-phy: using DT '/ocp/target-module@47400000/usb-phy@1300' for 'reset' GPIO lookup
[   15.874498] of_get_named_gpiod_flags: can't parse 'reset-gpios' property of node '/ocp/target-module@47400000/usb-phy@1300[0]'
[   15.874545] of_get_named_gpiod_flags: can't parse 'reset-gpio' property of node '/ocp/target-module@47400000/usb-phy@1300[0]'
[   15.874583] am335x-phy-driver 47401300.usb-phy: using lookup tables for GPIO lookup
[   15.874595] am335x-phy-driver 47401300.usb-phy: No GPIO consumer reset found
[   15.874607] am335x-phy-driver 47401300.usb-phy: using DT '/ocp/target-module@47400000/usb-phy@1300' for 'vbus-detect' GPIO lookup
[   15.874637] of_get_named_gpiod_flags: can't parse 'vbus-detect-gpios' property of node '/ocp/target-module@47400000/usb-phy@1300[0]'
[   15.874668] of_get_named_gpiod_flags: can't parse 'vbus-detect-gpio' property of node '/ocp/target-module@47400000/usb-phy@1300[0]'
[   15.874693] am335x-phy-driver 47401300.usb-phy: using lookup tables for GPIO lookup
[   15.874703] am335x-phy-driver 47401300.usb-phy: No GPIO consumer vbus-detect found
[   15.874845] am335x-phy-driver 47401300.usb-phy: dummy supplies not allowed for exclusive requests
[   16.213750] am335x-phy-driver 47401b00.usb-phy: using DT '/ocp/target-module@47400000/usb-phy@1b00' for 'reset' GPIO lookup
[   16.213840] of_get_named_gpiod_flags: can't parse 'reset-gpios' property of node '/ocp/target-module@47400000/usb-phy@1b00[0]'
[   16.213884] of_get_named_gpiod_flags: can't parse 'reset-gpio' property of node '/ocp/target-module@47400000/usb-phy@1b00[0]'
[   16.213921] am335x-phy-driver 47401b00.usb-phy: using lookup tables for GPIO lookup
[   16.213933] am335x-phy-driver 47401b00.usb-phy: No GPIO consumer reset found
[   16.213944] am335x-phy-driver 47401b00.usb-phy: using DT '/ocp/target-module@47400000/usb-phy@1b00' for 'vbus-detect' GPIO lookup
[   16.213974] of_get_named_gpiod_flags: can't parse 'vbus-detect-gpios' property of node '/ocp/target-module@47400000/usb-phy@1b00[0]'
[   16.214005] of_get_named_gpiod_flags: can't parse 'vbus-detect-gpio' property of node '/ocp/target-module@47400000/usb-phy@1b00[0]'
[   16.214029] am335x-phy-driver 47401b00.usb-phy: using lookup tables for GPIO lookup
[   16.214039] am335x-phy-driver 47401b00.usb-phy: No GPIO consumer vbus-detect found
[   16.214182] am335x-phy-driver 47401b00.usb-phy: dummy supplies not allowed for exclusive requests
[   16.224597] wkup_m3_ipc 44e11324.wkup_m3_ipc: IPC Request for A8->M3 Channel failed! -517
[   16.279705] usbcore: registered new interface driver usbfs
[   16.285606] usbcore: registered new interface driver hub
[   16.291163] usbcore: registered new device driver usb
[   16.376683] wkup_m3_ipc 44e11324.wkup_m3_ipc: IPC Request for A8->M3 Channel failed! -517
[   16.809360] wkup_m3_ipc 44e11324.wkup_m3_ipc: IPC Request for A8->M3 Channel failed! -517
[   16.879625] musb-hdrc musb-hdrc.1: MUSB HDRC host driver
[   16.885275] musb-hdrc musb-hdrc.1: new USB bus registered, assigned bus number 1
[   16.907956] wkup_m3_ipc 44e11324.wkup_m3_ipc: IPC Request for A8->M3 Channel failed! -517
[   16.982614] tda998x 0-0070: found TDA19988
[   17.058873] wkup_m3_ipc 44e11324.wkup_m3_ipc: IPC Request for A8->M3 Channel failed! -517
[   17.077230] usb usb1: New USB device found, idVendor=1d6b, idProduct=0002, bcdDevice= 6.06
[   17.085680] usb usb1: New USB device strings: Mfr=3, Product=2, SerialNumber=1
[   17.092992] usb usb1: Product: MUSB HDRC host driver
[   17.097982] usb usb1: Manufacturer: Linux 6.6.81 musb-hcd
[   17.103544] usb usb1: SerialNumber: musb-hdrc.1
[   17.231168] hub 1-0:1.0: USB hub found
[   17.247895] omap-mailbox 480c8000.mailbox: omap mailbox rev 0x400
[   17.295179] hub 1-0:1.0: 1 port detected
[   17.310292] remoteproc remoteproc0: powering up wkup_m3
[   17.429160] remoteproc remoteproc0: Direct firmware load for am335x-pm-firmware.elf failed with error -2
[   17.439022] remoteproc remoteproc0: request_firmware failed: -2
[   17.445090] wkup_m3_ipc 44e11324.wkup_m3_ipc: rproc_boot failed
[   19.511543] omap_rng 48310000.rng: Random Number Generator ver. 20
[   19.599671] tilcdc 4830e000.lcdc: bound 0-0070 (ops tda998x_audio_codec_init [tda998x])
[   19.802126] [drm] Initialized tilcdc 1.0.0 20121205 for 4830e000.lcdc on minor 0
[   19.928415] tilcdc 4830e000.lcdc: [drm] Cannot find any crtc or sizes
[   19.936619] tilcdc 4830e000.lcdc: [drm] Cannot find any crtc or sizes
[   21.145714] PM: Cannot get wkup_m3_ipc handle
[   21.218063] omap-sham 53100000.sham: hw accel on OMAP rev 4.3
[   21.370206] omap-sham 53100000.sham: will run requests pump with realtime priority
[   21.379036] PM: Cannot get wkup_m3_ipc handle
[   21.445579] omap-aes 53500000.aes: OMAP AES hw accel rev: 3.2
[   21.538376] omap-aes 53500000.aes: will run requests pump with realtime priority
[   21.558027] PM: Cannot get wkup_m3_ipc handle
[   23.332394] Bluetooth: Core ver 2.22
[   23.336202] NET: Registered PF_BLUETOOTH protocol family
[   23.341752] Bluetooth: HCI device and connection manager initialized
[   23.348169] Bluetooth: HCI socket layer initialized
[   23.353152] Bluetooth: L2CAP socket layer initialized
[   23.358271] Bluetooth: SCO socket layer initialized
[   24.987049] PM: Cannot get wkup_m3_ipc handle
[   24.993300] asoc-simple-card sound: using DT '/sound' for 'simple-audio-card,hp-det' GPIO lookup
[   24.993373] of_get_named_gpiod_flags: can't parse 'simple-audio-card,hp-det-gpios' property of node '/sound[0]'
[   24.993407] of_get_named_gpiod_flags: can't parse 'simple-audio-card,hp-det-gpio' property of node '/sound[0]'
[   24.993431] asoc-simple-card sound: using lookup tables for GPIO lookup
[   24.993443] asoc-simple-card sound: No GPIO consumer simple-audio-card,hp-det found
[   24.993455] asoc-simple-card sound: using DT '/sound' for 'simple-audio-card,mic-det' GPIO lookup
[   24.993478] of_get_named_gpiod_flags: can't parse 'simple-audio-card,mic-det-gpios' property of node '/sound[0]'
[   24.993503] of_get_named_gpiod_flags: can't parse 'simple-audio-card,mic-det-gpio' property of node '/sound[0]'
[   24.993520] asoc-simple-card sound: using lookup tables for GPIO lookup
[   24.993530] asoc-simple-card sound: No GPIO consumer simple-audio-card,mic-det found
[   25.083222] PM: Cannot get wkup_m3_ipc handle
[   28.068712] userial_init: registered 8 ttyGS* devices
[   28.242125] rndis_register: configNr = 0
[   28.299800] udc musb-hdrc.0: binding gadget driver [g_multi]
[   28.299891] configfs-gadget.g_multi gadget.0: adding 'rndis'/8d8b68f9 to config 'c'/fa832f46
[   28.300988] configfs-gadget.g_multi gadget.0: HOST MAC 1c:ba:8c:a2:ed:6c
[   28.308106] configfs-gadget.g_multi gadget.0: MAC 1c:ba:8c:a2:ed:70
[   28.314548] rndis_set_param_medium: 0 0
[   28.314569] configfs-gadget.g_multi gadget.0: RNDIS: IN/ep1in OUT/ep1out NOTIFY/ep2in
[   28.314585] configfs-gadget.g_multi gadget.0: adding 'cdc_ethernet'/ce068f8e to config 'c'/fa832f46
[   28.315500] configfs-gadget.g_multi gadget.0: HOST MAC 1c:ba:8c:a2:ed:6c
[   28.322378] configfs-gadget.g_multi gadget.0: MAC 1c:ba:8c:a2:ed:6d
[   28.328711] configfs-gadget.g_multi gadget.0: CDC Ethernet: IN/ep3in OUT/ep2out NOTIFY/ep4in
[   28.328728] configfs-gadget.g_multi gadget.0: adding 'acm'/8b3f6a09 to config 'c'/fa832f46
[   28.328760] configfs-gadget.g_multi gadget.0: acm ttyGS0: IN/ep5in OUT/ep3out NOTIFY/ep6in
[   28.333868] PM: Cannot get wkup_m3_ipc handle
[   29.824662] configfs-gadget.g_multi gadget.0: eth_open
[   34.539754] gs_open: ttyGS0 (9fb45d88,4b416c64)
[   34.539903] gs_close: ttyGS0 (9fb45d88,4b416c64) ...
[   34.539924] gs_close: ttyGS0 (9fb45d88,4b416c64) done!
[   34.554691] gs_open: ttyGS0 (a3cd11b4,91d75c2c)
[   34.554819] gs_close: ttyGS0 (a3cd11b4,91d75c2c) ...
[   34.554843] gs_close: ttyGS0 (a3cd11b4,91d75c2c) done!
[   34.712672] gs_open: ttyGS0 (4f4f3ff3,e001f162)
[   34.712896] gs_close: ttyGS0 (4f4f3ff3,e001f162) ...
[   34.712923] gs_close: ttyGS0 (4f4f3ff3,e001f162) done!
[   34.714119] gs_open: ttyGS0 (4f4f3ff3,71cadb56)
WKMYTQJJSM 0
root@arm:~# echo 'BPFM''QFUVZE'
BPFMQFUVZE
root@arm:~# MARKER='HZYC''OGUAFJ' run 'modprobe test_linear_ranges'
HZYCOGUAFJHZYCOGUAFJ 0
root@arm:~# echo 'VCUG''CWNJEH'
VCUGCWNJEH
root@arm:~# MARKER='QUET''PCGSTM' run dmesg
QUETPCGSTM[    0.000000] Booting Linux on physical CPU 0x0
[    0.000000] Linux version 6.6.81 (user01@drvtest01) (arm-none-eabi-gcc (Arm GNU Toolchain 14.2.Rel1 (Build arm-14.52)) 14.2.1 20241119, GNU ld (Arm GNU Toolchain 14.2.Rel1 (Build arm-14.52)) 2.43.1.20241119) #1 SMP Fri Mar  7 18:19:29 EET 2025
[    0.000000] CPU: ARMv7 Processor [413fc082] revision 2 (ARMv7), cr=10c5387d
[    0.000000] CPU: PIPT / VIPT nonaliasing data cache, VIPT aliasing instruction cache
[    0.000000] OF: fdt: Machine model: TI AM335x BeagleBone Black
[    0.000000] Memory policy: Data cache writeback
[    0.000000] cma: Reserved 16 MiB at 0x9e800000 on node -1
[    0.000000] Zone ranges:
[    0.000000]   Normal   [mem 0x0000000080000000-0x000000009fdfffff]
[    0.000000]   HighMem  empty
[    0.000000] Movable zone start for each node
[    0.000000] Early memory node ranges
[    0.000000]   node   0: [mem 0x0000000080000000-0x000000009fdfffff]
[    0.000000] Initmem setup node 0 [mem 0x0000000080000000-0x000000009fdfffff]
[    0.000000] CPU: All CPU(s) started in SVC mode.
[    0.000000] AM335X ES2.1 (sgx neon)
[    0.000000] percpu: Embedded 16 pages/cpu s36052 r8192 d21292 u65536
[    0.000000] pcpu-alloc: s36052 r8192 d21292 u65536 alloc=16*4096
[    0.000000] pcpu-alloc: [0] 0 
[    0.000000] Kernel command line: console=ttyO0,115200n8 root=/dev/nfs rw nfsroot=192.168.255.126:/home/user01/nfs,nfsvers=3 ip=192.168.255.1:192.168.255.126::255.255.255.0:bbb1:eth0 nfsrootdebug
[    0.000000] Unknown kernel command line parameters "nfsrootdebug", will be passed to user space.
[    0.000000] Dentry cache hash table entries: 65536 (order: 6, 262144 bytes, linear)
[    0.000000] Inode-cache hash table entries: 32768 (order: 5, 131072 bytes, linear)
[    0.000000] Built 1 zonelists, mobility grouping on.  Total pages: 129412
[    0.000000] mem auto-init: stack:off, heap alloc:off, heap free:off
[    0.000000] Memory: 483604K/522240K available (11264K kernel code, 1165K rwdata, 2700K rodata, 1024K init, 282K bss, 22252K reserved, 16384K cma-reserved, 0K highmem)
[    0.000000] SLUB: HWalign=64, Order=0-3, MinObjects=0, CPUs=1, Nodes=1
[    0.000000] rcu: Hierarchical RCU implementation.
[    0.000000] rcu: 	RCU event tracing is enabled.
[    0.000000] rcu: 	RCU restricting CPUs from NR_CPUS=2 to nr_cpu_ids=1.
[    0.000000] rcu: RCU calculated value of scheduler-enlistment delay is 10 jiffies.
[    0.000000] rcu: Adjusting geometry for rcu_fanout_leaf=16, nr_cpu_ids=1
[    0.000000] NR_IRQS: 16, nr_irqs: 16, preallocated irqs: 16
[    0.000000] IRQ: Found an INTC at 0x(ptrval) (revision 5.0) with 128 interrupts
[    0.000000] rcu: srcu_init: Setting srcu_struct sizes based on contention.
[    0.000000] TI gptimer clocksource: always-on /ocp/interconnect@44c00000/segment@200000/target-module@31000
[    0.000003] sched_clock: 32 bits at 24MHz, resolution 41ns, wraps every 89478484971ns
[    0.000028] clocksource: dmtimer: mask: 0xffffffff max_cycles: 0xffffffff, max_idle_ns: 79635851949 ns
[    0.000499] TI gptimer clockevent: 24000000 Hz at /ocp/interconnect@48000000/segment@0/target-module@40000
[    0.002045] Console: colour dummy device 80x30
[    0.002096] WARNING: Your 'console=ttyO0' has been replaced by 'ttyS0'
[    0.002104] This ensures that you still see kernel messages. Please
[    0.002108] update your kernel commandline.
[    0.002146] Calibrating delay loop... 996.14 BogoMIPS (lpj=4980736)
[    0.090552] CPU: Testing write buffer coherency: ok
[    0.090646] CPU0: Spectre v2: using BPIALL workaround
[    0.090657] pid_max: default: 32768 minimum: 301
[    0.090773] LSM: initializing lsm=capability,integrity
[    0.090940] Mount-cache hash table entries: 1024 (order: 0, 4096 bytes, linear)
[    0.090960] Mountpoint-cache hash table entries: 1024 (order: 0, 4096 bytes, linear)
[    0.092424] CPU0: thread -1, cpu 0, socket -1, mpidr 0
[    0.093986] Setting up static identity map for 0x80100000 - 0x80100078
[    0.094270] rcu: Hierarchical SRCU implementation.
[    0.094280] rcu: 	Max phase no-delay instances is 1000.
[    0.095644] smp: Bringing up secondary CPUs ...
[    0.095700] smp: Brought up 1 node, 1 CPU
[    0.095712] SMP: Total of 1 processors activated (996.14 BogoMIPS).
[    0.095724] CPU: All CPU(s) started in SVC mode.
[    0.096601] devtmpfs: initialized
[    0.113287] VFP support v0.3: implementor 41 architecture 3 part 30 variant c rev 3
[    0.113630] clocksource: jiffies: mask: 0xffffffff max_cycles: 0xffffffff, max_idle_ns: 19112604462750000 ns
[    0.113661] futex hash table entries: 256 (order: 2, 16384 bytes, linear)
[    0.114940] pinctrl core: initialized pinctrl subsystem
[    0.117568] NET: Registered PF_NETLINK/PF_ROUTE protocol family
[    0.120104] DMA: preallocated 256 KiB pool for atomic coherent allocations
[    0.120919] audit: initializing netlink subsys (disabled)
[    0.122254] thermal_sys: Registered thermal governor 'fair_share'
[    0.122274] thermal_sys: Registered thermal governor 'step_wise'
[    0.122280] thermal_sys: Registered thermal governor 'user_space'
[    0.122385] audit: type=2000 audit(0.120:1): state=initialized audit_enabled=0 res=1
[    0.122461] cpuidle: using governor menu
[    0.138717] /ocp/interconnect@44c00000/segment@200000/target-module@b000/i2c@0/tda19988@70: Fixed dependency cycle(s) with /ocp/interconnect@48000000/segment@300000/target-module@e000/lcdc@0
[    0.139779] /ocp/interconnect@48000000/segment@300000/target-module@e000/lcdc@0: Fixed dependency cycle(s) with /ocp/interconnect@44c00000/segment@200000/target-module@b000/i2c@0/tda19988@70
[    0.142004] No ATAGs?
[    0.142025] hw-breakpoint: debug architecture 0x4 unsupported.
[    0.145019] kprobes: kprobe jump-optimization is enabled. All kprobes are optimized if possible.
[    0.153800] iommu: Default domain type: Translated
[    0.153820] iommu: DMA domain TLB invalidation policy: strict mode
[    0.155257] SCSI subsystem initialized
[    0.156037] reg-fixed-voltage fixedregulator0: using DT '/fixedregulator0' for '(null)' GPIO lookup
[    0.156091] of_get_named_gpiod_flags: can't parse 'gpios' property of node '/fixedregulator0[0]'
[    0.156119] of_get_named_gpiod_flags: can't parse 'gpio' property of node '/fixedregulator0[0]'
[    0.156136] reg-fixed-voltage fixedregulator0: using lookup tables for GPIO lookup
[    0.156147] reg-fixed-voltage fixedregulator0: No GPIO consumer (null) found
[    0.160929] libata version 3.00 loaded.
[    0.161293] pps_core: LinuxPPS API ver. 1 registered
[    0.161306] pps_core: Software ver. 5.3.6 - Copyright 2005-2007 Rodolfo Giometti <giometti@linux.it>
[    0.161330] PTP clock support registered
[    0.170727] vgaarb: loaded
[    0.171043] clocksource: Switched to clocksource dmtimer
[    0.171648] VFS: Disk quotas dquot_6.6.0
[    0.171707] VFS: Dquot-cache hash table entries: 1024 (order 0, 4096 bytes)
[    0.194735] NET: Registered PF_INET protocol family
[    0.195075] IP idents hash table entries: 8192 (order: 4, 65536 bytes, linear)
[    0.196397] tcp_listen_portaddr_hash hash table entries: 512 (order: 0, 4096 bytes, linear)
[    0.196432] Table-perturb hash table entries: 65536 (order: 6, 262144 bytes, linear)
[    0.196449] TCP established hash table entries: 4096 (order: 2, 16384 bytes, linear)
[    0.196490] TCP bind hash table entries: 4096 (order: 4, 65536 bytes, linear)
[    0.196590] TCP: Hash tables configured (established 4096 bind 4096)
[    0.196723] UDP hash table entries: 256 (order: 1, 8192 bytes, linear)
[    0.196753] UDP-Lite hash table entries: 256 (order: 1, 8192 bytes, linear)
[    0.196930] NET: Registered PF_UNIX/PF_LOCAL protocol family
[    0.212309] RPC: Registered named UNIX socket transport module.
[    0.212334] RPC: Registered udp transport module.
[    0.212339] RPC: Registered tcp transport module.
[    0.212344] RPC: Registered tcp-with-tls transport module.
[    0.212349] RPC: Registered tcp NFSv4.1 backchannel transport module.
[    0.212373] PCI: CLS 0 bytes, default 64
[    0.213949] Initialise system trusted keyrings
[    0.214995] workingset: timestamp_bits=14 max_order=17 bucket_order=3
[    0.216165] NFS: Registering the id_resolver key type
[    0.216222] Key type id_resolver registered
[    0.216229] Key type id_legacy registered
[    0.216282] jffs2: version 2.2. (NAND) (SUMMARY)  Â© 2001-2006 Red Hat, Inc.
[    0.216731] Key type asymmetric registered
[    0.216747] Asymmetric key parser 'x509' registered
[    0.216816] io scheduler mq-deadline registered
[    0.216826] io scheduler kyber registered
[    0.216892] io scheduler bfq registered
[    0.231374] Serial: 8250/16550 driver, 6 ports, IRQ sharing enabled
[    0.279969] brd: module loaded
[    0.308465] loop: module loaded
[    0.309381] mtdoops: mtd device (mtddev=name/number) must be supplied
[    0.310852] mdio_bus fixed-0: using lookup tables for GPIO lookup
[    0.310875] mdio_bus fixed-0: No GPIO consumer reset found
[    0.312253] i2c_dev: i2c /dev entries driver
[    0.313208] cpuidle: enable-method property 'ti,am3352' found operations
[    0.313655] sdhci: Secure Digital Host Controller Interface driver
[    0.313666] sdhci: Copyright(c) Pierre Ossman
[    0.313845] sdhci-pltfm: SDHCI platform and OF driver helper
[    0.314100] ledtrig-cpu: registered to indicate activity on CPUs
[    0.314855] Initializing XFRM netlink socket
[    0.315008] NET: Registered PF_INET6 protocol family
[    0.316742] Segment Routing with IPv6
[    0.316817] In-situ OAM (IOAM) with IPv6
[    0.316918] sit: IPv6, IPv4 and MPLS over IPv4 tunneling driver
[    0.317858] NET: Registered PF_PACKET protocol family
[    0.317892] NET: Registered PF_KEY protocol family
[    0.318003] Key type dns_resolver registered
[    0.318233] ThumbEE CPU extension supported.
[    0.318255] Registering SWP/SWPB emulation handler
[    0.318762] omap_voltage_late_init: Voltage driver support not added
[    0.319103] SmartReflex Class3 initialized
[    0.356045] Loading compiled-in X.509 certificates
[    0.414153] /ocp/interconnect@44c00000/segment@200000/target-module@b000/i2c@0/tda19988@70: Fixed dependency cycle(s) with /ocp/interconnect@48000000/segment@300000/target-module@e000/lcdc@0
[    0.420253] /ocp/interconnect@44c00000/segment@200000/target-module@b000/i2c@0/tda19988@70: Fixed dependency cycle(s) with /ocp/interconnect@48000000/segment@300000/target-module@e000/lcdc@0
[    0.425812] gpiochip_find_base: found new base at 512
[    0.428220] /ocp/interconnect@44c00000/segment@200000/target-module@b000/i2c@0/tda19988@70: Fixed dependency cycle(s) with /ocp/interconnect@48000000/segment@300000/target-module@e000/lcdc@0
[    0.429021] /ocp/interconnect@44c00000/segment@200000/target-module@b000/i2c@0/tda19988@70: Fixed dependency cycle(s) with /ocp/interconnect@48000000/segment@300000/target-module@e000/lcdc@0
[    0.432453] /ocp/interconnect@44c00000/segment@200000/target-module@10000/scm@0/pinmux@800: Fixed dependency cycle(s) with /ocp/interconnect@44c00000/segment@200000/target-module@10000/scm@0/pinmux@800/clkout2-pins
[    0.433065] pinctrl-single 44e10800.pinmux: 142 pins, size 568
[    0.438029] ti-sysc: probe of 44e31000.target-module failed with error -16
[    0.456254] /ocp/interconnect@48000000/segment@300000/target-module@e000/lcdc@0: Fixed dependency cycle(s) with /ocp/interconnect@44c00000/segment@200000/target-module@b000/i2c@0/tda19988@70
[    0.464031] ti-sysc: probe of 48040000.target-module failed with error -16
[    0.474944] gpiochip_find_base: found new base at 512
[    0.475014] gpio gpiochip0: (gpio-0-31): created GPIO range 0->7 ==> 44e10800.pinmux PIN 0->7
[    0.475032] gpio gpiochip0: (gpio-0-31): created GPIO range 8->11 ==> 44e10800.pinmux PIN 90->93
[    0.475048] gpio gpiochip0: (gpio-0-31): created GPIO range 12->27 ==> 44e10800.pinmux PIN 12->27
[    0.475063] gpio gpiochip0: (gpio-0-31): created GPIO range 28->31 ==> 44e10800.pinmux PIN 30->33
[    0.496601] gpio gpiochip0: (gpio-0-31): added GPIO chardev (254:0)
[    0.496767] gpio gpiochip0: registered GPIOs 512 to 543 on gpio-0-31
[    0.496864] OMAP GPIO hardware version 0.1
[    0.523355] i2c i2c-2: using DT '/ocp/interconnect@48000000/segment@100000/target-module@9c000/i2c@0' for 'scl' GPIO lookup
[    0.523445] of_get_named_gpiod_flags: can't parse 'scl-gpios' property of node '/ocp/interconnect@48000000/segment@100000/target-module@9c000/i2c@0[0]'
[    0.523489] of_get_named_gpiod_flags: can't parse 'scl-gpio' property of node '/ocp/interconnect@48000000/segment@100000/target-module@9c000/i2c@0[0]'
[    0.523525] i2c i2c-2: using lookup tables for GPIO lookup
[    0.523535] i2c i2c-2: No GPIO consumer scl found
[    0.523556] i2c i2c-2: using DT '/ocp/interconnect@48000000/segment@100000/target-module@9c000/i2c@0' for 'sda' GPIO lookup
[    0.523593] of_get_named_gpiod_flags: can't parse 'sda-gpios' property of node '/ocp/interconnect@48000000/segment@100000/target-module@9c000/i2c@0[0]'
[    0.523631] of_get_named_gpiod_flags: can't parse 'sda-gpio' property of node '/ocp/interconnect@48000000/segment@100000/target-module@9c000/i2c@0[0]'
[    0.523662] i2c i2c-2: using lookup tables for GPIO lookup
[    0.523670] i2c i2c-2: No GPIO consumer sda found
[    0.524388] omap_i2c 4819c000.i2c: bus 2 rev0.11 at 100 kHz
[    0.529538] gpiochip_find_base: found new base at 544
[    0.529602] gpio gpiochip1: (gpio-32-63): created GPIO range 0->17 ==> 44e10800.pinmux PIN 34->51
[    0.529621] gpio gpiochip1: (gpio-32-63): created GPIO range 18->21 ==> 44e10800.pinmux PIN 77->80
[    0.529637] gpio gpiochip1: (gpio-32-63): created GPIO range 22->31 ==> 44e10800.pinmux PIN 56->65
[    0.547448] gpio gpiochip1: (gpio-32-63): added GPIO chardev (254:1)
[    0.547614] gpio gpiochip1: registered GPIOs 544 to 575 on gpio-32-63
[    0.549855] gpiochip_find_base: found new base at 576
[    0.549915] gpio gpiochip2: (gpio-64-95): created GPIO range 0->4 ==> 44e10800.pinmux PIN 66->70
[    0.549934] gpio gpiochip2: (gpio-64-95): created GPIO range 5->6 ==> 44e10800.pinmux PIN 98->99
[    0.549949] gpio gpiochip2: (gpio-64-95): created GPIO range 7->8 ==> 44e10800.pinmux PIN 75->76
[    0.549964] gpio gpiochip2: (gpio-64-95): created GPIO range 13->13 ==> 44e10800.pinmux PIN 141->141
[    0.549980] gpio gpiochip2: (gpio-64-95): created GPIO range 14->21 ==> 44e10800.pinmux PIN 100->107
[    0.550549] gpio gpiochip2: (gpio-64-95): added GPIO chardev (254:2)
[    0.550675] gpio gpiochip2: registered GPIOs 576 to 607 on gpio-64-95
[    0.556966] /ocp/interconnect@48000000/segment@300000/target-module@e000/lcdc@0: Fixed dependency cycle(s) with /ocp/interconnect@44c00000/segment@200000/target-module@b000/i2c@0/tda19988@70
[    0.559606] /ocp/interconnect@48000000/segment@300000/target-module@e000/lcdc@0: Fixed dependency cycle(s) with /ocp/interconnect@44c00000/segment@200000/target-module@b000/i2c@0/tda19988@70
[    0.560299] /ocp/interconnect@44c00000/segment@200000/target-module@b000/i2c@0/tda19988@70: Fixed dependency cycle(s) with /ocp/interconnect@48000000/segment@300000/target-module@e000/lcdc@0
[    0.560457] /ocp/interconnect@48000000/segment@300000/target-module@e000/lcdc@0: Fixed dependency cycle(s) with /ocp/interconnect@44c00000/segment@200000/target-module@b000/i2c@0/tda19988@70
[    0.569677] mdio_bus 4a101000.mdio: using DT '/ocp/interconnect@4a000000/segment@0/target-module@100000/switch@0/mdio@1000' for 'reset' GPIO lookup
[    0.569752] of_get_named_gpiod_flags: can't parse 'reset-gpios' property of node '/ocp/interconnect@4a000000/segment@0/target-module@100000/switch@0/mdio@1000[0]'
[    0.569801] of_get_named_gpiod_flags: can't parse 'reset-gpio' property of node '/ocp/interconnect@4a000000/segment@0/target-module@100000/switch@0/mdio@1000[0]'
[    0.569848] mdio_bus 4a101000.mdio: using lookup tables for GPIO lookup
[    0.569858] mdio_bus 4a101000.mdio: No GPIO consumer reset found
[    0.570944] sdhci-omap 481d8000.mmc: using DT '/ocp/interconnect@48000000/segment@100000/target-module@d8000/mmc@0' for 'wp' GPIO lookup
[    0.571007] of_get_named_gpiod_flags: can't parse 'wp-gpios' property of node '/ocp/interconnect@48000000/segment@100000/target-module@d8000/mmc@0[0]'
[    0.571198] of_get_named_gpiod_flags: can't parse 'wp-gpio' property of node '/ocp/interconnect@48000000/segment@100000/target-module@d8000/mmc@0[0]'
[    0.571240] sdhci-omap 481d8000.mmc: using lookup tables for GPIO lookup
[    0.571249] sdhci-omap 481d8000.mmc: No GPIO consumer wp found
[    0.571435] sdhci-omap 481d8000.mmc: supply pbias not found, using dummy regulator
[    0.571934] sdhci-omap 481d8000.mmc: supply vqmmc not found, using dummy regulator
[    0.642041] davinci_mdio 4a101000.mdio: davinci mdio revision 1.6, bus freq 1000000
[    0.656141] mdio_bus 4a101000.mdio:00: using DT '/ocp/interconnect@4a000000/segment@0/target-module@100000/switch@0/mdio@1000/ethernet-phy@0' for 'reset' GPIO lookup
[    0.656247] of_get_named_gpiod_flags: parsed 'reset-gpios' property of node '/ocp/interconnect@4a000000/segment@0/target-module@100000/switch@0/mdio@1000/ethernet-phy@0[0]' - status (0)
[    0.656410] gpio gpiochip0: Persistence not supported for GPIO 8
[    0.751540] davinci_mdio 4a101000.mdio: phy[0]: device 4a101000.mdio:00, driver SMSC LAN8710/LAN8720
[    0.752174] cpsw-switch 4a100000.switch: initialized cpsw ale version 1.4
[    0.752197] cpsw-switch 4a100000.switch: ALE Table size 1024
[    0.752325] cpsw-switch 4a100000.switch: cpts: overflow check period 500 (jiffies)
[    0.752342] cpsw-switch 4a100000.switch: CPTS: ref_clk_freq:250000000 calc_mult:2147483648 calc_shift:29 error:0 nsec/sec
[    0.752451] cpsw-switch 4a100000.switch: Detected MACID = 6c:ec:eb:68:de:78
[    0.754232] cpsw-switch 4a100000.switch: initialized (regs 0x4a100000, pool size 256) hw_ver:0019010C 1.12 (0)
[    0.764925] debugfs: Directory '49000000.dma' with parent 'dmaengine' already present!
[    0.764969] edma 49000000.dma: TI EDMA DMA engine driver
[    0.801987] hw perfevents: enabled with armv7_cortex_a8 PMU driver, 5 counters available
[    0.802941] gpio-clk clk_mcasp0: using DT '/clk_mcasp0' for 'enable' GPIO lookup
[    0.803013] of_get_named_gpiod_flags: parsed 'enable-gpios' property of node '/clk_mcasp0[0]' - status (0)
[    0.803055] gpio gpiochip0: Persistence not supported for GPIO 27
[    0.803872] gpiochip_find_base: found new base at 608
[    0.803931] gpio gpiochip3: (gpio-96-127): created GPIO range 0->7 ==> 44e10800.pinmux PIN 82->89
[    0.803950] gpio gpiochip3: (gpio-96-127): created GPIO range 8->11 ==> 44e10800.pinmux PIN 52->55
[    0.803966] gpio gpiochip3: (gpio-96-127): created GPIO range 12->15 ==> 44e10800.pinmux PIN 94->97
[    0.803981] gpio gpiochip3: (gpio-96-127): created GPIO range 16->17 ==> 44e10800.pinmux PIN 71->72
[    0.803997] gpio gpiochip3: (gpio-96-127): created GPIO range 18->18 ==> 44e10800.pinmux PIN 135->135
[    0.804013] gpio gpiochip3: (gpio-96-127): created GPIO range 19->20 ==> 44e10800.pinmux PIN 108->109
[    0.804029] gpio gpiochip3: (gpio-96-127): created GPIO range 21->21 ==> 44e10800.pinmux PIN 73->73
[    0.804046] gpio gpiochip3: (gpio-96-127): created GPIO range 22->23 ==> 44e10800.pinmux PIN 8->9
[    0.804063] gpio gpiochip3: (gpio-96-127): created GPIO range 26->27 ==> 44e10800.pinmux PIN 10->11
[    0.804080] gpio gpiochip3: (gpio-96-127): created GPIO range 28->28 ==> 44e10800.pinmux PIN 74->74
[    0.804098] gpio gpiochip3: (gpio-96-127): created GPIO range 29->29 ==> 44e10800.pinmux PIN 81->81
[    0.804116] gpio gpiochip3: (gpio-96-127): created GPIO range 30->31 ==> 44e10800.pinmux PIN 28->29
[    0.809623] l3-aon-clkctrl:0000:0: failed to disable
[    0.809805] gpio gpiochip3: (gpio-96-127): added GPIO chardev (254:3)
[    0.809944] gpio gpiochip3: registered GPIOs 608 to 639 on gpio-96-127
[    0.811902] omap8250 44e09000.serial: using DT '/ocp/interconnect@44c00000/segment@200000/target-module@9000/serial@0' for 'rs485-term' GPIO lookup
[    0.811980] of_get_named_gpiod_flags: can't parse 'rs485-term-gpios' property of node '/ocp/interconnect@44c00000/segment@200000/target-module@9000/serial@0[0]'
[    0.812027] of_get_named_gpiod_flags: can't parse 'rs485-term-gpio' property of node '/ocp/interconnect@44c00000/segment@200000/target-module@9000/serial@0[0]'
[    0.812063] omap8250 44e09000.serial: using lookup tables for GPIO lookup
[    0.812073] omap8250 44e09000.serial: No GPIO consumer rs485-term found
[    0.812082] omap8250 44e09000.serial: using DT '/ocp/interconnect@44c00000/segment@200000/target-module@9000/serial@0' for 'rs485-rx-during-tx' GPIO lookup
[    0.812119] of_get_named_gpiod_flags: can't parse 'rs485-rx-during-tx-gpios' property of node '/ocp/interconnect@44c00000/segment@200000/target-module@9000/serial@0[0]'
[    0.812159] of_get_named_gpiod_flags: can't parse 'rs485-rx-during-tx-gpio' property of node '/ocp/interconnect@44c00000/segment@200000/target-module@9000/serial@0[0]'
[    0.812190] omap8250 44e09000.serial: using lookup tables for GPIO lookup
[    0.812198] omap8250 44e09000.serial: No GPIO consumer rs485-rx-during-tx found
[    0.812557] 44e09000.serial: ttyS0 at MMIO 0x44e09000 (irq = 34, base_baud = 3000000) is a 8250
[    0.812641] printk: console [ttyS0] enabled
[    2.152742] i2c i2c-0: using DT '/ocp/interconnect@44c00000/segment@200000/target-module@b000/i2c@0' for 'scl' GPIO lookup
[    2.152828] of_get_named_gpiod_flags: can't parse 'scl-gpios' property of node '/ocp/interconnect@44c00000/segment@200000/target-module@b000/i2c@0[0]'
[    2.152873] of_get_named_gpiod_flags: can't parse 'scl-gpio' property of node '/ocp/interconnect@44c00000/segment@200000/target-module@b000/i2c@0[0]'
[    2.152912] i2c i2c-0: using lookup tables for GPIO lookup
[    2.152923] i2c i2c-0: No GPIO consumer scl found
[    2.152947] i2c i2c-0: using DT '/ocp/interconnect@44c00000/segment@200000/target-module@b000/i2c@0' for 'sda' GPIO lookup
[    2.152985] of_get_named_gpiod_flags: can't parse 'sda-gpios' property of node '/ocp/interconnect@44c00000/segment@200000/target-module@b000/i2c@0[0]'
[    2.153025] of_get_named_gpiod_flags: can't parse 'sda-gpio' property of node '/ocp/interconnect@44c00000/segment@200000/target-module@b000/i2c@0[0]'
[    2.153059] i2c i2c-0: using lookup tables for GPIO lookup
[    2.153069] i2c i2c-0: No GPIO consumer sda found
[    2.181894] tps65217-pmic: Failed to locate of_node [id: -1]
[    2.187937] tps65217-bl: Failed to locate of_node [id: -1]
[    2.198846] tps65217 0-0024: TPS65217 ID 0xe version 1.2
[    2.204947] /ocp/interconnect@48000000/segment@300000/target-module@e000/lcdc@0: Fixed dependency cycle(s) with /ocp/interconnect@44c00000/segment@200000/target-module@b000/i2c@0/tda19988@70
[    2.222296] /ocp/interconnect@44c00000/segment@200000/target-module@b000/i2c@0/tda19988@70: Fixed dependency cycle(s) with /ocp/interconnect@48000000/segment@300000/target-module@e000/lcdc@0
[    2.239649] omap_i2c 44e0b000.i2c: bus 0 rev0.11 at 400 kHz
[    2.247318] sdhci-omap 48060000.mmc: using DT '/ocp/interconnect@48000000/segment@0/target-module@60000/mmc@0' for 'cd' GPIO lookup
[    2.247423] of_get_named_gpiod_flags: parsed 'cd-gpios' property of node '/ocp/interconnect@48000000/segment@0/target-module@60000/mmc@0[0]' - status (0)
[    2.247536] gpio gpiochip3: Persistence not supported for GPIO 6
[    2.247562] omap_gpio 44e07000.gpio: Could not set line 6 debounce to 200000 microseconds (-22)
[    2.256424] sdhci-omap 48060000.mmc: Got CD GPIO
[    2.261097] sdhci-omap 48060000.mmc: using DT '/ocp/interconnect@48000000/segment@0/target-module@60000/mmc@0' for 'wp' GPIO lookup
[    2.261149] of_get_named_gpiod_flags: can't parse 'wp-gpios' property of node '/ocp/interconnect@48000000/segment@0/target-module@60000/mmc@0[0]'
[    2.261195] of_get_named_gpiod_flags: can't parse 'wp-gpio' property of node '/ocp/interconnect@48000000/segment@0/target-module@60000/mmc@0[0]'
[    2.261232] sdhci-omap 48060000.mmc: using lookup tables for GPIO lookup
[    2.261243] sdhci-omap 48060000.mmc: No GPIO consumer wp found
[    2.261438] sdhci-omap 48060000.mmc: supply pbias not found, using dummy regulator
[    2.270494] sdhci-omap 481d8000.mmc: using DT '/ocp/interconnect@48000000/segment@100000/target-module@d8000/mmc@0' for 'wp' GPIO lookup
[    2.270571] of_get_named_gpiod_flags: can't parse 'wp-gpios' property of node '/ocp/interconnect@48000000/segment@100000/target-module@d8000/mmc@0[0]'
[    2.270619] of_get_named_gpiod_flags: can't parse 'wp-gpio' property of node '/ocp/interconnect@48000000/segment@100000/target-module@d8000/mmc@0[0]'
[    2.270656] sdhci-omap 481d8000.mmc: using lookup tables for GPIO lookup
[    2.270667] sdhci-omap 481d8000.mmc: No GPIO consumer wp found
[    2.271977] sdhci-omap 48060000.mmc: supply vqmmc not found, using dummy regulator
[    2.280500] sdhci-omap 481d8000.mmc: supply pbias not found, using dummy regulator
[    2.289717] sdhci-omap 481d8000.mmc: supply vqmmc not found, using dummy regulator
[    2.328215] mmc1: SDHCI controller on 481d8000.mmc [481d8000.mmc] using External DMA
[    2.337181] mmc0: SDHCI controller on 48060000.mmc [48060000.mmc] using External DMA
[    2.346006] cpsw-switch 4a100000.switch: starting ndev. mode: dual_mac
[    2.389351] mmc0: new high speed SDHC card at address 5048
[    2.396308] mmcblk0: mmc0:5048 SD16G 14.4 GiB
[    2.404132]  mmcblk0: p1 p2
[    2.407369] mmcblk0: p2 size 31221760 extends beyond EOD, truncated
[    2.421937] mmc1: new high speed MMC card at address 0001
[    2.428603] mmcblk1: mmc1:0001 MMC04G 3.60 GiB
[    2.435715]  mmcblk1: p1 p2
[    2.439871] mmcblk1boot0: mmc1:0001 MMC04G 2.00 MiB
[    2.447163] mmcblk1boot1: mmc1:0001 MMC04G 2.00 MiB
[    2.454157] mmcblk1rpmb: mmc1:0001 MMC04G 128 KiB, chardev (250:0)
[    2.460879] SMSC LAN8710/LAN8720 4a101000.mdio:00: attached PHY driver (mii_bus:phy_addr=4a101000.mdio:00, irq=POLL)
[    5.601789] cpsw-switch 4a100000.switch eth0: Link is Up - 100Mbps/Full - flow control off
[    5.651094] IP-Config: Complete:
[    5.654363]      device=eth0, hwaddr=6c:ec:eb:68:de:78, ipaddr=192.168.255.1, mask=255.255.255.0, gw=255.255.255.255
[    5.664982]      host=bbb1, domain=, nis-domain=(none)
[    5.670146]      bootserver=192.168.255.126, rootserver=192.168.255.126, rootpath=
[    5.670559] clk: Disabling unused clocks
[    5.682410] KTAP version 1
[    5.685135] 1..0
[    5.712397] VFS: Mounted root (nfs filesystem) on device 0:16.
[    5.719171] devtmpfs: mounted
[    5.723864] Freeing unused kernel image (initmem) memory: 1024K
[    5.730412] Run /sbin/init as init process
[    5.734599]   with arguments:
[    5.734613]     /sbin/init
[    5.734621]     nfsrootdebug
[    5.734629]   with environment:
[    5.734635]     HOME=/
[    5.734642]     TERM=linux
[    6.403862] systemd[1]: System time before build time, advancing clock.
[    7.841063] random: crng init done
[    7.911931] systemd[1]: systemd 232 running in system mode. (+PAM +AUDIT +SELINUX +IMA +APPARMOR +SMACK +SYSVINIT +UTMP +LIBCRYPTSETUP +GCRYPT +GNUTLS +ACL +XZ +LZ4 +SECCOMP +BLKID +ELFUTILS +KMOD +IDN)
[    7.930897] systemd[1]: Detected architecture arm.
[    7.973926] systemd[1]: Set hostname to <arm>.
[    9.024956] systemd[1]: Listening on udev Control Socket.
[    9.062068] systemd[1]: Listening on Journal Audit Socket.
[    9.102863] systemd[1]: Listening on Syslog Socket.
[    9.141432] systemd[1]: Reached target Swap.
[    9.171886] systemd[1]: Started Dispatch Password Requests to Console Directory Watch.
[    9.211798] systemd[1]: Started Forward Password Requests to Wall Directory Watch.
[    9.251325] systemd[1]: Reached target Encrypted Volumes.
[   11.371512] systemd-journald[88]: Received request to flush runtime journal from PID 1
[   14.271335] leds-gpio leds: using DT '/leds/led2' for '(null)' GPIO lookup
[   14.271436] of_get_named_gpiod_flags: parsed 'gpios' property of node '/leds/led2[0]' - status (0)
[   14.271489] gpio gpiochip0: Persistence not supported for GPIO 21
[   14.271503] gpio-533 (?): no flags found for (null)
[   14.271787] leds-gpio leds: using DT '/leds/led3' for '(null)' GPIO lookup
[   14.271836] of_get_named_gpiod_flags: parsed 'gpios' property of node '/leds/led3[0]' - status (0)
[   14.271870] gpio gpiochip0: Persistence not supported for GPIO 22
[   14.271881] gpio-534 (?): no flags found for (null)
[   14.295064] leds-gpio leds: using DT '/leds/led4' for '(null)' GPIO lookup
[   14.295161] of_get_named_gpiod_flags: parsed 'gpios' property of node '/leds/led4[0]' - status (0)
[   14.295207] gpio gpiochip0: Persistence not supported for GPIO 23
[   14.295219] gpio-535 (?): no flags found for (null)
[   14.331655] leds-gpio leds: using DT '/leds/led5' for '(null)' GPIO lookup
[   14.331751] of_get_named_gpiod_flags: parsed 'gpios' property of node '/leds/led5[0]' - status (0)
[   14.331796] gpio gpiochip0: Persistence not supported for GPIO 24
[   14.331808] gpio-536 (?): no flags found for (null)
