Labgrid Console Logfile for main
Logfile started at 2025-06-19 17:14:14.609156
=== Log starts here ===
reading args
spl_load_image_fat_os: error reading image args, err - -1
reading u-boot.img
reading u-boot.img


U-Boot 2014.04-00014-g47880f5 (Apr 22 2014 - 13:23:54)

I2C:   ready
DRAM:  512 MiB
NAND:  0 MiB
MMC:   OMAP SD/MMC: 0, OMAP SD/MMC: 1
*** Warning - readenv() failed, using default environment

Net:   <ethaddr> not set. Validating first E-fuse MAC
cpsw, usb_ether
Hit any key to stop autoboot:  1  0 
gpio: pin 53 (gpio 53) value is 1
mmc0 is current device
gpio: pin 54 (gpio 54) value is 1
SD/MMC found on device 0
reading uEnv.txt
569 bytes read in 3 ms (184.6 KiB/s)
gpio: pin 55 (gpio 55) value is 1
Loaded environment from uEnv.txt
Importing environment from mmc ...
Checking if uenvcmd is set ...
gpio: pin 56 (gpio 56) value is 1
Running uenvcmd ...
cpsw Waiting for PHY auto negotiation to complete. done
link up on port 0, speed 100, full duplex
Using cpsw device
TFTP from server 192.168.255.126; our IP address is 192.168.255.1
Filename 'zImage'.
Load address: 0x81000000
Loading: *#################################################################
	 #################################################################
	 #################################################################
	 #################################################################
	 #################################################################
	 ########################################
	 2.4 MiB/s
done
Bytes transferred = 5347736 (519998 hex)
link up on port 0, speed 100, full duplex
Using cpsw device
TFTP from server 192.168.255.126; our IP address is 192.168.255.1
Filename 'am335x-boneblack.dtb'.
Load address: 0x82000000
Loading: *#######
	 2.3 MiB/s
done
Bytes transferred = 97772 (17dec hex)
Kernel image @ 0x81000000 [ 0x000000 - 0x519998 ]
## Flattened Device Tree blob at 82000000
   Booting using the fdt blob at 0x82000000
   Using Device Tree in place at 82000000, end 8201adeb

Starting kernel ...

[    0.000000] Booting Linux on physical CPU 0x0
[    0.000000] Linux version 6.6.94 (user01@drvtest01) (arm-none-eabi-gcc (Arm GNU Toolchain 14.2.Rel1 (Build arm-14.52)) 14.2.1 20241119, GNU ld (Arm GNU Toolchain 14.2.Rel1 (Build arm-14.52)) 2.43.1.20241119) #1 SMP Thu Jun 19 17:08:45 EEST 2025
[    0.000000] CPU: ARMv7 Processor [413fc082] revision 2 (ARMv7), cr=10c5387d
[    0.000000] CPU: PIPT / VIPT nonaliasing data cache, VIPT aliasing instruction cache
[    0.000000] OF: fdt: Machine model: TI AM335x BeagleBone Black
[    0.000000] Memory policy: Data cache writeback
[    0.000000] cma: Reserved 16 MiB at 0x9e800000 on node -1
[    0.000000] Zone ranges:
[    0.000000]   Normal   [mem 0x0000000080000000-0x000000009fdfffff]
[    0.000000]   HighMem  empty
[    0.000000] Movable zone start for each node
[    0.000000] Early memory node ranges
[    0.000000]   node   0: [mem 0x0000000080000000-0x000000009fdfffff]
[    0.000000] Initmem setup node 0 [mem 0x0000000080000000-0x000000009fdfffff]
[    0.000000] CPU: All CPU(s) started in SVC mode.
[    0.000000] AM335X ES2.1 (sgx neon)
[    0.000000] percpu: Embedded 16 pages/cpu s36116 r8192 d21228 u65536
[    0.000000] Kernel command line: console=ttyO0,115200n8 root=/dev/nfs rw nfsroot=192.168.255.126:/home/user01/nfs,nfsvers=3 ip=192.168.255.1:192.168.255.126::255.255.255.0:bbb1:eth0 nfsrootdebug
[    0.000000] Unknown kernel command line parameters "nfsrootdebug", will be passed to user space.
[    0.000000] Dentry cache hash table entries: 65536 (order: 6, 262144 bytes, linear)
[    0.000000] Inode-cache hash table entries: 32768 (order: 5, 131072 bytes, linear)
[    0.000000] Built 1 zonelists, mobility grouping on.  Total pages: 129412
[    0.000000] mem auto-init: stack:off, heap alloc:off, heap free:off
[    0.000000] Memory: 483604K/522240K available (11264K kernel code, 1165K rwdata, 2700K rodata, 1024K init, 282K bss, 22252K reserved, 16384K cma-reserved, 0K highmem)
[    0.000000] SLUB: HWalign=64, Order=0-3, MinObjects=0, CPUs=1, Nodes=1
[    0.000000] rcu: Hierarchical RCU implementation.
[    0.000000] rcu: 	RCU event tracing is enabled.
[    0.000000] rcu: 	RCU restricting CPUs from NR_CPUS=2 to nr_cpu_ids=1.
[    0.000000] rcu: RCU calculated value of scheduler-enlistment delay is 10 jiffies.
[    0.000000] rcu: Adjusting geometry for rcu_fanout_leaf=16, nr_cpu_ids=1
[    0.000000] NR_IRQS: 16, nr_irqs: 16, preallocated irqs: 16
[    0.000000] IRQ: Found an INTC at 0x(ptrval) (revision 5.0) with 128 interrupts
[    0.000000] rcu: srcu_init: Setting srcu_struct sizes based on contention.
[    0.000000] TI gptimer clocksource: always-on /ocp/interconnect@44c00000/segment@200000/target-module@31000
[    0.000002] sched_clock: 32 bits at 24MHz, resolution 41ns, wraps every 89478484971ns
[    0.000027] clocksource: dmtimer: mask: 0xffffffff max_cycles: 0xffffffff, max_idle_ns: 79635851949 ns
[    0.000506] TI gptimer clockevent: 24000000 Hz at /ocp/interconnect@48000000/segment@0/target-module@40000
[    0.002080] Console: colour dummy device 80x30
[    0.002129] WARNING: Your 'console=ttyO0' has been replaced by 'ttyS0'
[    0.002136] This ensures that you still see kernel messages. Please
[    0.002141] update your kernel commandline.
[    0.002181] Calibrating delay loop... 996.14 BogoMIPS (lpj=4980736)
[    0.090560] CPU: Testing write buffer coherency: ok
[    0.090658] CPU0: Spectre v2: using BPIALL workaround
[    0.090669] pid_max: default: 32768 minimum: 301
[    0.090786] LSM: initializing lsm=capability,integrity
[    0.090951] Mount-cache hash table entries: 1024 (order: 0, 4096 bytes, linear)
[    0.090972] Mountpoint-cache hash table entries: 1024 (order: 0, 4096 bytes, linear)
[    0.092437] CPU0: thread -1, cpu 0, socket -1, mpidr 0
[    0.094040] Setting up static identity map for 0x80100000 - 0x80100078
[    0.094322] rcu: Hierarchical SRCU implementation.
[    0.094333] rcu: 	Max phase no-delay instances is 1000.
[    0.095713] smp: Bringing up secondary CPUs ...
[    0.095769] smp: Brought up 1 node, 1 CPU
[    0.095781] SMP: Total of 1 processors activated (996.14 BogoMIPS).
[    0.095793] CPU: All CPU(s) started in SVC mode.
[    0.096682] devtmpfs: initialized
[    0.113400] VFP support v0.3: implementor 41 architecture 3 part 30 variant c rev 3
[    0.113745] clocksource: jiffies: mask: 0xffffffff max_cycles: 0xffffffff, max_idle_ns: 19112604462750000 ns
[    0.113782] futex hash table entries: 256 (order: 2, 16384 bytes, linear)
[    0.115062] pinctrl core: initialized pinctrl subsystem
[    0.117207] NET: Registered PF_NETLINK/PF_ROUTE protocol family
[    0.119717] DMA: preallocated 256 KiB pool for atomic coherent allocations
[    0.120324] audit: initializing netlink subsys (disabled)
[    0.121873] thermal_sys: Registered thermal governor 'fair_share'
[    0.121896] thermal_sys: Registered thermal governor 'step_wise'
[    0.121902] thermal_sys: Registered thermal governor 'user_space'
[    0.122007] audit: type=2000 audit(0.120:1): state=initialized audit_enabled=0 res=1
[    0.122078] cpuidle: using governor menu
[    0.138474] /ocp/interconnect@44c00000/segment@200000/target-module@b000/i2c@0/tda19988@70: Fixed dependency cycle(s) with /ocp/interconnect@48000000/segment@300000/target-module@e000/lcdc@0
[    0.139554] /ocp/interconnect@48000000/segment@300000/target-module@e000/lcdc@0: Fixed dependency cycle(s) with /ocp/interconnect@44c00000/segment@200000/target-module@b000/i2c@0/tda19988@70
[    0.141803] No ATAGs?
[    0.141823] hw-breakpoint: debug architecture 0x4 unsupported.
[    0.144826] kprobes: kprobe jump-optimization is enabled. All kprobes are optimized if possible.
[    0.148125] iommu: Default domain type: Translated
[    0.148144] iommu: DMA domain TLB invalidation policy: strict mode
[    0.149562] SCSI subsystem initialized
[    0.161717] pps_core: LinuxPPS API ver. 1 registered
[    0.161729] pps_core: Software ver. 5.3.6 - Copyright 2005-2007 Rodolfo Giometti <giometti@linux.it>
[    0.161753] PTP clock support registered
[    0.164605] vgaarb: loaded
[    0.164946] clocksource: Switched to clocksource dmtimer
[    0.165547] VFS: Disk quotas dquot_6.6.0
[    0.165608] VFS: Dquot-cache hash table entries: 1024 (order 0, 4096 bytes)
[    0.190846] NET: Registered PF_INET protocol family
[    0.191178] IP idents hash table entries: 8192 (order: 4, 65536 bytes, linear)
[    0.192507] tcp_listen_portaddr_hash hash table entries: 512 (order: 0, 4096 bytes, linear)
[    0.192542] Table-perturb hash table entries: 65536 (order: 6, 262144 bytes, linear)
[    0.192559] TCP established hash table entries: 4096 (order: 2, 16384 bytes, linear)
[    0.192604] TCP bind hash table entries: 4096 (order: 4, 65536 bytes, linear)
[    0.192705] TCP: Hash tables configured (established 4096 bind 4096)
[    0.192836] UDP hash table entries: 256 (order: 1, 8192 bytes, linear)
[    0.192864] UDP-Lite hash table entries: 256 (order: 1, 8192 bytes, linear)
[    0.193032] NET: Registered PF_UNIX/PF_LOCAL protocol family
[    0.205846] RPC: Registered named UNIX socket transport module.
[    0.205869] RPC: Registered udp transport module.
[    0.205875] RPC: Registered tcp transport module.
[    0.205880] RPC: Registered tcp-with-tls transport module.
[    0.205885] RPC: Registered tcp NFSv4.1 backchannel transport module.
[    0.205909] PCI: CLS 0 bytes, default 64
[    0.207478] Initialise system trusted keyrings
[    0.208493] workingset: timestamp_bits=14 max_order=17 bucket_order=3
[    0.215274] NFS: Registering the id_resolver key type
[    0.215376] Key type id_resolver registered
[    0.215385] Key type id_legacy registered
[    0.215442] jffs2: version 2.2. (NAND) (SUMMARY)  Â© 2001-2006 Red Hat, Inc.
[    0.215846] Key type asymmetric registered
[    0.215861] Asymmetric key parser 'x509' registered
[    0.215931] io scheduler mq-deadline registered
[    0.215942] io scheduler kyber registered
[    0.216008] io scheduler bfq registered
[    0.225377] Serial: 8250/16550 driver, 6 ports, IRQ sharing enabled
[    0.283752] brd: module loaded
[    0.291803] loop: module loaded
[    0.292705] mtdoops: mtd device (mtddev=name/number) must be supplied
[    0.295604] i2c_dev: i2c /dev entries driver
[    0.296563] cpuidle: enable-method property 'ti,am3352' found operations
[    0.297025] sdhci: Secure Digital Host Controller Interface driver
[    0.297038] sdhci: Copyright(c) Pierre Ossman
[    0.297206] sdhci-pltfm: SDHCI platform and OF driver helper
[    0.311103] ledtrig-cpu: registered to indicate activity on CPUs
[    0.311885] Initializing XFRM netlink socket
[    0.312041] NET: Registered PF_INET6 protocol family
[    0.323155] Segment Routing with IPv6
[    0.323234] In-situ OAM (IOAM) with IPv6
[    0.323329] sit: IPv6, IPv4 and MPLS over IPv4 tunneling driver
[    0.324283] NET: Registered PF_PACKET protocol family
[    0.324318] NET: Registered PF_KEY protocol family
[    0.324431] Key type dns_resolver registered
[    0.324657] ThumbEE CPU extension supported.
[    0.324680] Registering SWP/SWPB emulation handler
[    0.325332] omap_voltage_late_init: Voltage driver support not added
[    0.325708] SmartReflex Class3 initialized
[    0.351650] Loading compiled-in X.509 certificates
[    0.390458] /ocp/interconnect@44c00000/segment@200000/target-module@b000/i2c@0/tda19988@70: Fixed dependency cycle(s) with /ocp/interconnect@48000000/segment@300000/target-module@e000/lcdc@0
[    0.396776] /ocp/interconnect@44c00000/segment@200000/target-module@b000/i2c@0/tda19988@70: Fixed dependency cycle(s) with /ocp/interconnect@48000000/segment@300000/target-module@e000/lcdc@0
[    0.404572] /ocp/interconnect@44c00000/segment@200000/target-module@b000/i2c@0/tda19988@70: Fixed dependency cycle(s) with /ocp/interconnect@48000000/segment@300000/target-module@e000/lcdc@0
[    0.405594] /ocp/interconnect@44c00000/segment@200000/target-module@b000/i2c@0/tda19988@70: Fixed dependency cycle(s) with /ocp/interconnect@48000000/segment@300000/target-module@e000/lcdc@0
[    0.408909] /ocp/interconnect@44c00000/segment@200000/target-module@10000/scm@0/pinmux@800: Fixed dependency cycle(s) with /ocp/interconnect@44c00000/segment@200000/target-module@10000/scm@0/pinmux@800/clkout2-pins
[    0.409548] pinctrl-single 44e10800.pinmux: 142 pins, size 568
[    0.414491] ti-sysc: probe of 44e31000.target-module failed with error -16
[    0.441503] /ocp/interconnect@48000000/segment@300000/target-module@e000/lcdc@0: Fixed dependency cycle(s) with /ocp/interconnect@44c00000/segment@200000/target-module@b000/i2c@0/tda19988@70
[    0.449360] ti-sysc: probe of 48040000.target-module failed with error -16
[    0.480959] OMAP GPIO hardware version 0.1
[    0.518659] omap_i2c 4819c000.i2c: bus 2 rev0.11 at 100 kHz
[    0.549969] /ocp/interconnect@48000000/segment@300000/target-module@e000/lcdc@0: Fixed dependency cycle(s) with /ocp/interconnect@44c00000/segment@200000/target-module@b000/i2c@0/tda19988@70
[    0.552608] /ocp/interconnect@48000000/segment@300000/target-module@e000/lcdc@0: Fixed dependency cycle(s) with /ocp/interconnect@44c00000/segment@200000/target-module@b000/i2c@0/tda19988@70
[    0.553292] /ocp/interconnect@44c00000/segment@200000/target-module@b000/i2c@0/tda19988@70: Fixed dependency cycle(s) with /ocp/interconnect@48000000/segment@300000/target-module@e000/lcdc@0
[    0.553460] /ocp/interconnect@48000000/segment@300000/target-module@e000/lcdc@0: Fixed dependency cycle(s) with /ocp/interconnect@44c00000/segment@200000/target-module@b000/i2c@0/tda19988@70
[    0.564295] sdhci-omap 481d8000.mmc: supply pbias not found , using dummy regulator
[    0.564772] sdhci-omap 481d8000.mmc: supply vqmmc not found, using dummy regulator
[    0.640354] davinci_mdio 4a101000.mdio: davinci mdio revision 1.6, bus freq 1000000
[    0.760853] davinci_mdio 4a101000.mdio: phy[0]: device 4a101000.mdio:00, driver SMSC LAN8710/LAN8720
[    0.761471] cpsw-switch 4a100000.switch: initialized cpsw ale version 1.4
[    0.761492] cpsw-switch 4a100000.switch: ALE Table size 1024
[    0.761771] cpsw-switch 4a100000.switch: cpts: overflow che ck period 500 (jiffies)
[    0.761790] cpsw-switch 4a100000.switch: CPTS: ref_clk_freq:250000000 calc_mult:2147483648 calc_shift:29 error:0 nsec/sec
[    0.761902] cpsw-switch 4a100000.switch: Detected MACID = 6c:ec:eb:68:de:78
[    0.763708] cpsw-switch 4a100000.switch: initialized (regs 0x4a100000, pool size 256) hw_ver:0019010C 1.12 (0)
[    0.774479] debugfs: Directory '49000000.dma' with parent 'dmaengine' already present!
[    0.774523] edma 49000000.dma: TI EDMA DMA engine driver
[    0.831775] hw perfevents: enabled with armv7_cortex_a8 PMU driver, 5 counters available
[    0.839393] l3-aon-clkctrl:0000:0: failed to disable
[    0.848127] 44e09000.serial: ttyS0 at MMIO 0x44e09000 (irq = 34, base_baud = 3000000) is a 8250
[    0.848206] printk: console [ttyS0] enabled
[    2.165870] tps65217-pmic: Failed to locate of_node [id: -1]
[    2.171900] tps65217-bl: Failed to locate of_node [id: -1]
[    2.182812] tps65217 0-0024: TPS65217 ID 0xe version 1.2
[    2.188924] /ocp/interconnect@48000000/segment@300000/target-module@e000/lcdc@0: Fixed dependency cycle(s) with /ocp/interconnect@44c00000/segment@200000/target-module@b000/i2c@0/tda19988@70
[    2.206268] /ocp/interconnect@44c00000/segment@200000/target-module@b000/i2c@0/tda19988@70: Fixed dependency cycle(s) with /ocp/interconnect@48000000/segment@300000/target-module@e000/lcdc@0
[    2.223628] omap_i2c 44e0b000.i2c: bus 0 rev0.11 at 400 kHz
[    2.231582] omap_gpio 44e07000.gpio: Could not set line 6 debounce to 200000 microseconds (-22)
[    7.685686] cpsw-switch 4a100000.switch eth0: Link is Up - 100Mbps/Full - flow control off
[    7.734982] IP-Config: Complete:
[    7.738253]      device=eth0, hwaddr=6c:ec:eb:68:de:78, ipaddr=192.168.255.1, mask=255.255.255.0, gw=255.255.255.255
[    7.748870]      host=bbb1, domain=, nis-domain=(none)
[    7.754034]      bootserver=192.168.255.126, rootserver=192.168.255.126, rootpath=
[    7.754443] clk: Disabling unused clocks
[    7.766291] KTAP version 1
[    7.769017] 1..0
[    7.798245] VFS: Mounted root (nfs filesystem) on device 0:16.
[    7.805139] devtmpfs: mounted
[    7.809897] Freeing unused kernel image (initmem) memory: 1024K
[    7.816629] Run /sbin/init as init process
[    8.496337] systemd[1]: System time before build time, advancing clock.
[    9.934955] random: crng init done
[    9.996405] systemd[1]: systemd 232 running in system mode. (+PAM +AUDIT +SELINUX +IMA +APPARMOR +SMACK +SYSVINIT +UTMP +LIBCRYPTSETUP +GCRYPT +GNUTLS +ACL +XZ +LZ4 +SECCOMP +BLKID +ELFUTILS +KMOD +IDN)
[   10.015456] systemd[1]: Detected architecture arm.

Welcome to [1mDebian GNU/Linux 9 (stretch)[0m!

[   10.057818] systemd[1]: Set hostname to <arm>.
[   11.106574] systemd[1]: Created slice System Slice.
[[0;32m  OK  [0m] Created slice System Slice.
[   11.145521] systemd[1]: Reached target Remote File Systems.
[[0;32m  OK  [0m] Reached target Remote File Systems.
[   11.186328] systemd[1]: Created slice system-serial\x2dgetty.slice.
[[0;32m  OK  [0m] Created slice system-serial\x2dgetty.slice.
[   11.227040] systemd[1]: Listening on Journal Socket.
[[0;32m  OK  [0m] Listening on Journal Socket.
[   11.265421] systemd[1]: dev-hugepages.mount: Couldn't determine result for ConditionVirtualization=!private-users, assuming failed: No such file or directory
[   11.280515] systemd[1]: Started Forward Password Requests to Wall Directory Watch.
[[0;32m  OK  [0m] Started Forward Password Requests to Wall Directory Watch.
[   11.316238] systemd[1]: Created slice User and Session Slice.
[[0;32m  OK  [0m] Created slice User and Session Slice.
[[0;32m  OK  [0m] Reached target Slices.
[[0;32m  OK  [0m] Listening on udev Kernel Socket.
[[0;32m  OK  [0m] Listening on Journal Socket (/dev/log).
         Starting Create list of required stâ€¦ce nodes for the current kernel...
[[0;32m  OK  [0m] Listening on /dev/initctl Compatibility Named Pipe.
[[0;32m  OK  [0m] Reached target Swap.
[[0;32m  OK  [0m] Set up automount Arbitrary Executabâ€¦rmats File System Automount Point.
         Mounting POSIX Message Queue File System...
[[0;32m  OK  [0m] Created slice system-getty.slice.
[[0;32m  OK  [0m] Listening on Journal Audit Socket.
[[0;32m  OK  [0m] Started Dispatch Password Requests to Console Directory Watch.
[[0;32m  OK  [0m] Reached target Paths.
[[0;32m  OK  [0m] Reached target Encrypted Volumes.
         Starting Remount Root and Kernel File Systems...
[[0;32m  OK  [0m] Listening on udev Control Socket.
         Starting Load Kernel Modules...
         Mounting Debug File System...
[[0;32m  OK  [0m] Listening on Syslog Socket.
         Starting Journal Service...
[[0;32m  OK  [0m] Mounted POSIX Message Queue File System.
[[0;32m  OK  [0m] Mounted Debug File System.
[[0;32m  OK  [0m] Started Create list of required staâ€¦vice nodes for the current kernel.
[[0;32m  OK  [0m] Started Remount Root and Kernel File Systems.
[[0;32m  OK  [0m] Started Load Kernel Modules.
         Starting Apply Kernel Variables...
         Mounting Configuration File System...
         Starting udev Coldplug all Devices...
         Starting Load/Save Random Seed...
         Starting Create Static Device Nodes in /dev...
[[0;32m  OK  [0m] Mounted Configuration File System.
[[0;32m  OK  [0m] Started Apply Kernel Variables.
[[0;32m  OK  [0m] Started Load/Save Random Seed.
[[0;32m  OK  [0m] Started Journal Service.
         Starting Flush Journal to Persistent Storage...
[[0;32m  OK  [0m] Started Create Static Device Nodes in /dev.
[[0;32m  OK  [0m] Reached target Local File Systems (Pre).
[[0;32m  OK  [0m] Reached target Local File Systems.
         Starting Raise network interfaces...
         Starting udev Kernel Device Manager...
[   13.397176] systemd-journald[90]: Received request to flush runtime journal from PID 1
[[0;32m  OK  [0m] Started Flush Journal to Persistent Storage.
         Starting Create Volatile Files and Directories...
[[0;32m  OK  [0m] Started udev Kernel Device Manager.
[[0;32m  OK  [0m] Started Create Volatile Files and Directories.
         Starting Update UTMP about System Boot/Shutdown...
         Starting Network Time Synchronization...
[[0;32m  OK  [0m] Started Update UTMP about System Boot/Shutdown.
[[0;32m  OK  [0m] Started udev Coldplug all Devices.
[[0;32m  OK  [0m] Started Network Time Synchronization.
[[0;32m  OK  [0m] Reached target System Initialization.
[   16.650426] omap_wdt: OMAP Watchdog Timer Rev 0x01: initial timeout 60 sec
[   16.764471] remoteproc remoteproc0: wkup_m3 is available
[[0;32m  OK  [0m] Listening on D-Bus System Message Bus Socket.
[[0;32m  OK  [0m] Listening on Avahi mDNS/DNS-SD Stack Activation Socket.
[[0;32m  OK  [0m] Reached target Sockets.
[[0;32m  OK  [0m] Reached target Basic System.
         Starting DUN service...
[   17.034179] am335x-phy-driver 47401300.usb-phy: dummy supplies not allowed for exclusive requests
         Starting Login Service...
[   17.178824] at24 2-0054: supply vcc not found, using dummy regulator
         Starting Cape Manager Service...
[   17.284341] usbcore: registered new interface driver usbfs
[   17.290168] usbcore: registered new interface driver hub
[   17.295660] usbcore: registered new device driver usb
         Starting LSB: Start busybox udhcpd at boot time...
[   17.350847] tps6521x_pwrbutton tps65217-pwrbutton: DMA mask not set
[   17.364352] at24 2-0055: supply vcc not found, using dummy regulator
         Starting System Logging Service...
[   17.503645] input: tps65217_pwrbutton as /devices/platform/ocp/44c00000.interconnect/44c00000.interconnect:segment@200000/44e0b000.target-module/44e0b000.i2c/i2c-0/0-0024/tps65217-pwrbutton/input/input0
[   17.547073] at24 2-0056: supply vcc not found, using dummy regulator
[   17.584298] am335x-phy-driver 47401b00.usb-phy: dummy supplies not allowed for exclusive requests
         Starting Telephony service...
[   17.686522] at24 2-0057: supply vcc not found, using dummy regulator
[[0;32m  OK  [0m] Started D-Bus System Message Bus.
[   17.815418] at24 0-0050: 32768 byte 24c256 EEPROM, writable, 1 bytes/write
[   18.286555] omap_rtc 44e3e000.rtc: registered as rtc0
[   18.291733] omap_rtc 44e3e000.rtc: setting system clock to 2000-01-01T00:00:00 UTC (946684800)
[   18.438769] wkup_m3_ipc 44e11324.wkup_m3_ipc: IPC Request for A8->M3 Channel failed! -517
[   18.676163] wkup_m3_ipc 44e11324.wkup_m3_ipc: IPC Request for A8->M3 Channel failed! -517
[   18.825252] musb-hdrc musb-hdrc.1: MUSB HDRC host driver
[   18.830668] musb-hdrc musb-hdrc.1: new USB bus registered, assigned bus number 1
[   18.839010] wkup_m3_ipc 44e11324.wkup_m3_ipc: IPC Request for A8->M3 Channel failed! -517
[   19.016516] usb usb1: New USB device found, idVendor=1d6b, idProduct=0002, bcdDevice= 6.06
[   19.024871] usb usb1: New USB device strings: Mfr=3, Product=2, SerialNumber=1
[   19.032309] usb usb1: Product: MUSB HDRC host driver
[   19.037358] usb usb1: Manufacturer: Linux 6.6.94 musb-hcd
[   19.042785] usb usb1: SerialNumber: musb-hdrc.1
[   19.179005] hub 1-0:1.0: USB hub found
[   19.227936] hub 1-0:1.0: 1 port detected
[   19.328786] wkup_m3_ipc 44e11324.wkup_m3_ipc: IPC Request for A8->M3 Channel failed! -517
[   19.681089] omap-mailbox 480c8000.mailbox: omap mailbox rev 0x400
[   19.723414] remoteproc remoteproc0: powering up wkup_m3
[   19.771747] tda998x 0-0070: found TDA19988
[   19.851696] remoteproc remoteproc0: Direct firmware load for am335x-pm-firmware.elf failed with error -2
[   19.861483] remoteproc remoteproc0: request_firmware failed: -2
[   19.867520] wkup_m3_ipc 44e11324.wkup_m3_ipc: rproc_boot failed
[   21.632076] tilcdc 4830e000.lcdc: bound 0-0070 (ops 0xbf05e0fc)
[   21.724417] [drm] Initialized tilcdc 1.0.0 20121205 for 4830e000.lcdc on minor 0
[   21.786416] omap_rng 48310000.rng: Random Number Generator ver. 20
[   21.839996] tilcdc 4830e000.lcdc: [drm] Cannot find any crtc or sizes
[   21.848259] tilcdc 4830e000.lcdc: [drm] Cannot find any crtc or sizes
[[0;32m  OK  [0m] Started Telephony service.
[[0;32m  OK  [0m] Started DUN service.
         Starting Connection service...
         Starting LSB: Load kernel modules needed to enable cpufreq scaling...
[[0;32m  OK  [0m] Started Regular background program processing daemon.
         Starting Generic Board Startup...
         Starting Avahi mDNS/DNS-SD Stack...
[[0;32m  OK  [0m] Started Daily Cleanup of Temporary Directories.
[[0;32m  OK  [0m] Reached target System Time Synchronized.
[[0;32m  OK  [0m] Started Daily apt download activities.
[[0;32m  OK  [0m] Started Daily apt upgrade and clean activities.
[[0;32m  OK  [0m] Reached target Timers.
[[0;32m  OK  [0m] Started System Logging Service.
[[0;32m  OK  [0m] Started Cape Manager Service.
[   23.530658] PM: Cannot get wkup_m3_ipc handle
[   23.603301] omap-sham 53100000.sham: hw accel on OMAP rev 4.3
[   23.703665] omap-aes 53500000.aes: OMAP AES hw accel rev: 3.2
[   23.773776] omap-sham 53100000.sham: will run requests pump with realtime priority
[   23.787032] PM: Cannot get wkup_m3_ipc handle
[   23.871895] Bluetooth: Core ver 2.22
[   23.875988] NET: Registered PF_BLUETOOTH protocol family
[   23.881337] Bluetooth: HCI device and connection manager initialized
[   23.887888] Bluetooth: HCI socket layer initialized
[   23.892801] Bluetooth: L2CAP socket layer initialized
[   23.897966] Bluetooth: SCO socket layer initialized
[   23.919525] omap-aes 53500000.aes: will run requests pump with realtime priority
[   23.928136] PM: Cannot get wkup_m3_ipc handle
[[0;32m  OK  [0m] Found device /dev/ttyS0.
[   27.201563] PM: Cannot get wkup_m3_ipc handle
[   27.335259] PM: Cannot get wkup_m3_ipc handle
[[0;32m  OK  [0m] Started LSB: Start busybox udhcpd at boot time.
[[0;32m  OK  [0m] Started Raise network interfaces.
[[0;32m  OK  [0m] Started LSB: Load kernel modules needed to enable cpufreq scaling.
[   30.503919] configfs-gadget.g_multi gadget.0: HOST MAC 1c:ba:8c:a2:ed:6c
[   30.510910] configfs-gadget.g_multi gadget.0: MAC 1c:ba:8c:a2:ed:70
[   30.518309] configfs-gadget.g_multi gadget.0: HOST MAC 1c:ba:8c:a2:ed:6c
[   30.525151] configfs-gadget.g_multi gadget.0: MAC 1c:ba:8c:a2:ed:6d
[   30.536094] PM: Cannot get wkup_m3_ipc handle
[[0;32m  OK  [0m] Started Connection service.
[[0;32m  OK  [0m] Started Avahi mDNS/DNS-SD Stack.
[[0;32m  OK  [0m] Started Login Service.
[[0;32m  OK  [0m] Reached target Sound Card.
         Starting LSB: set CPUFreq kernel parameters...
[[0;32m  OK  [0m] Reached target Network.
         Starting Permit User Sessions...
[[0;32m  OK  [0m] Reached target Network is Online.
         Starting LSB: Advanced IEEE 802.11 management daemon...
         Starting OpenBSD Secure Shell server...
         Starting The Apache HTTP Server...
[[0;32m  OK  [0m] Started Permit User Sessions.
[[0;32m  OK  [0m] Started LSB: Advanced IEEE 802.11 management daemon.
         Starting Hostname Service...
         Starting WPA supplicant...
[[0;32m  OK  [0m] Started Getty on tty1.
[[0;32m  OK  [0m] Started Serial Getty on ttyS0.
[[0;32m  OK  [0m] Reached target Login Prompts.
[[0;32m  OK  [0m] Started LSB: set CPUFreq kernel parameters.
[[0;32m  OK  [0m] Started Hostname Service.
[[0;32m  OK  [0m] Started WPA supplicant.
[[0;32m  OK  [0m] Started OpenBSD Secure Shell server.
         Stopping LSB: Start busybox udhcpd at boot time...
[[0;32m  OK  [0m] Stopped LSB: Start busybox udhcpd at boot time.
[[0;32m  OK  [0m] Started The Apache HTTP Server.
         Starting dnsmasq - A lightweight DHCP and caching DNS server...
[[0;32m  OK  [0m] Started dnsmasq - A lightweight DHCP and caching DNS server.
[[0;32m  OK  [0m] Reached target Host and Network Name Lookups.
[[0;32m  OK  [0m] Started Serial Getty on ttyGS0.
[[0;32m  OK  [0m] Started Generic Board Startup.
[[0;32m  OK  [0m] Reached target Multi-User System.
[[0;32m  OK  [0m] Reached target Graphical Interface.
         Starting Update UTMP about System Runlevel Changes...
[[0;32m  OK  [0m] Started Update UTMP about System Runlevel Changes.

Debian GNU/Linux 9 arm ttyS0

default username:password is [debian:temppwd]

arm login: root
Password: 
Last login: Sat Jan  1 00:00:30 UTC 2000 on ttyS0
root
Linux arm 6.6.94 #1 SMP Thu Jun 19 17:08:45 EEST 2025 armv7l

The programs included with the Debian GNU/Linux system are free software;
the exact distribution terms for each program are described in the
individual files in /usr/share/doc/*/copyright.

Debian GNU/Linux comes with ABSOLUTELY NO WARRANTY, to the extent
permitted by applicable law.
root@arm:~# root
-bash: root: command not found
root@arm:~# dmesg -n 1
root@arm:~# echo 'ALJJ''XLXSBM'
ALJJXLXSBM
root@arm:~# run() { echo -n "$MARKER"; sh -c "$@"; echo "$MARKER $?"; }
root@arm:~# echo 'JSEN''CCATWY'
JSENCCATWY
root@arm:~# MARKER='EOCY''SNFMKP' run 'cat /proc/version'
EOCYSNFMKPLinux version 6.6.94 (user01@drvtest01) (arm-none-eabi-gcc (Arm GNU Toolchain 14.2.Rel1 (Build arm-14.52)) 14.2.1 20241119, GNU ld (Arm GNU Toolchain 14.2.Rel1 (Build arm-14.52)) 2.43.1.20241119) #1 SMP Thu Jun 19 17:08:45 EEST 2025
EOCYSNFMKP 0
root@arm:~# echo 'WVJY''YLPPEV'
WVJYYLPPEV
root@arm:~# MARKER='JVQV''KQZBZZ' run false
JVQVKQZBZZJVQVKQZBZZ 1
root@arm:~# Labgrid Console Logfile for main
Logfile started at 2025-06-19 17:15:20.600401
=== Log starts here ===

root@arm:~# run() { echo -n "$MARKER"; sh -c "$@"; echo "$MARKER $?"; }
root@arm:~# echo 'SKTK''MBULPP'
SKTKMBULPP
root@arm:~# MARKER='LFNC''OBCCMJ' run 'ls /iio_generic_buffer; echo $?'
LFNCOBCCMJ/iio_generic_buffer
0
LFNCOBCCMJ 0
root@arm:~# Labgrid Console Logfile for main
Logfile started at 2025-06-19 17:15:24.090189
=== Log starts here ===

root@arm:~# run() { echo -n "$MARKER"; sh -c "$@"; echo "$MARKER $?"; }
root@arm:~# echo 'XZEV''YEWJXS'
XZEVYEWJXS
root@arm:~# MARKER='VVOM''CXUYQT' run dmesg
VVOMCXUYQT[    0.000000] Booting Linux on physical CPU 0x0
[    0.000000] Linux version 6.6.94 (user01@drvtest01) (arm-none-eabi-gcc (Arm GNU Toolchain 14.2.Rel1 (Build arm-14.52)) 14.2.1 20241119, GNU ld (Arm GNU Toolchain 14.2.Rel1 (Build arm-14.52)) 2.43.1.20241119) #1 SMP Thu Jun 19 17:08:45 EEST 2025
[    0.000000] CPU: ARMv7 Processor [413fc082] revision 2 (ARMv7), cr=10c5387d
[    0.000000] CPU: PIPT / VIPT nonaliasing data cache, VIPT aliasing instruction cache
[    0.000000] OF: fdt: Machine model: TI AM335x BeagleBone Black
[    0.000000] Memory policy: Data cache writeback
[    0.000000] cma: Reserved 16 MiB at 0x9e800000 on node -1
[    0.000000] Zone ranges:
[    0.000000]   Normal   [mem 0x0000000080000000-0x000000009fdfffff]
[    0.000000]   HighMem  empty
[    0.000000] Movable zone start for each node
[    0.000000] Early memory node ranges
[    0.000000]   node   0: [mem 0x0000000080000000-0x000000009fdfffff]
[    0.000000] Initmem setup node 0 [mem 0x0000000080000000-0x000000009fdfffff]
[    0.000000] CPU: All CPU(s) started in SVC mode.
[    0.000000] AM335X ES2.1 (sgx neon)
[    0.000000] percpu: Embedded 16 pages/cpu s36116 r8192 d21228 u65536
[    0.000000] pcpu-alloc: s36116 r8192 d21228 u65536 alloc=16*4096
[    0.000000] pcpu-alloc: [0] 0 
[    0.000000] Kernel command line: console=ttyO0,115200n8 root=/dev/nfs rw nfsroot=192.168.255.126:/home/user01/nfs,nfsvers=3 ip=192.168.255.1:192.168.255.126::255.255.255.0:bbb1:eth0 nfsrootdebug
[    0.000000] Unknown kernel command line parameters "nfsrootdebug", will be passed to user space.
[    0.000000] Dentry cache hash table entries: 65536 (order: 6, 262144 bytes, linear)
[    0.000000] Inode-cache hash table entries: 32768 (order: 5, 131072 bytes, linear)
[    0.000000] Built 1 zonelists, mobility grouping on.  Total pages: 129412
[    0.000000] mem auto-init: stack:off, heap alloc:off, heap free:off
[    0.000000] Memory: 483604K/522240K available (11264K kernel code, 1165K rwdata, 2700K rodata, 1024K init, 282K bss, 22252K reserved, 16384K cma-reserved, 0K highmem)
[    0.000000] SLUB: HWalign=64, Order=0-3, MinObjects=0, CPUs=1, Nodes=1
[    0.000000] rcu: Hierarchical RCU implementation.
[    0.000000] rcu: 	RCU event tracing is enabled.
[    0.000000] rcu: 	RCU restricting CPUs from NR_CPUS=2 to nr_cpu_ids=1.
[    0.000000] rcu: RCU calculated value of scheduler-enlistment delay is 10 jiffies.
[    0.000000] rcu: Adjusting geometry for rcu_fanout_leaf=16, nr_cpu_ids=1
[    0.000000] NR_IRQS: 16, nr_irqs: 16, preallocated irqs: 16
[    0.000000] IRQ: Found an INTC at 0x(ptrval) (revision 5.0) with 128 interrupts
[    0.000000] rcu: srcu_init: Setting srcu_struct sizes based on contention.
[    0.000000] TI gptimer clocksource: always-on /ocp/interconnect@44c00000/segment@200000/target-module@31000
[    0.000002] sched_clock: 32 bits at 24MHz, resolution 41ns, wraps every 89478484971ns
[    0.000027] clocksource: dmtimer: mask: 0xffffffff max_cycles: 0xffffffff, max_idle_ns: 79635851949 ns
[    0.000506] TI gptimer clockevent: 24000000 Hz at /ocp/interconnect@48000000/segment@0/target-module@40000
[    0.002080] Console: colour dummy device 80x30
[    0.002129] WARNING: Your 'console=ttyO0' has been replaced by 'ttyS0'
[    0.002136] This ensures that you still see kernel messages. Please
[    0.002141] update your kernel commandline.
[    0.002181] Calibrating delay loop... 996.14 BogoMIPS (lpj=4980736)
[    0.090560] CPU: Testing write buffer coherency: ok
[    0.090658] CPU0: Spectre v2: using BPIALL workaround
[    0.090669] pid_max: default: 32768 minimum: 301
[    0.090786] LSM: initializing lsm=capability,integrity
[    0.090951] Mount-cache hash table entries: 1024 (order: 0, 4096 bytes, linear)
[    0.090972] Mountpoint-cache hash table entries: 1024 (order: 0, 4096 bytes, linear)
[    0.092437] CPU0: thread -1, cpu 0, socket -1, mpidr 0
[    0.094040] Setting up static identity map for 0x80100000 - 0x80100078
[    0.094322] rcu: Hierarchical SRCU implementation.
[    0.094333] rcu: 	Max phase no-delay instances is 1000.
[    0.095713] smp: Bringing up secondary CPUs ...
[    0.095769] smp: Brought up 1 node, 1 CPU
[    0.095781] SMP: Total of 1 processors activated (996.14 BogoMIPS).
[    0.095793] CPU: All CPU(s) started in SVC mode.
[    0.096682] devtmpfs: initialized
[    0.113400] VFP support v0.3: implementor 41 architecture 3 part 30 variant c rev 3
[    0.113745] clocksource: jiffies: mask: 0xffffffff max_cycles: 0xffffffff, max_idle_ns: 19112604462750000 ns
[    0.113782] futex hash table entries: 256 (order: 2, 16384 bytes, linear)
[    0.115062] pinctrl core: initialized pinctrl subsystem
[    0.117207] NET: Registered PF_NETLINK/PF_ROUTE protocol family
[    0.119717] DMA: preallocated 256 KiB pool for atomic coherent allocations
[    0.120324] audit: initializing netlink subsys (disabled)
[    0.121873] thermal_sys: Registered thermal governor 'fair_share'
[    0.121896] thermal_sys: Registered thermal governor 'step_wise'
[    0.121902] thermal_sys: Registered thermal governor 'user_space'
[    0.122007] audit: type=2000 audit(0.120:1): state=initialized audit_enabled=0 res=1
[    0.122078] cpuidle: using governor menu
[    0.138474] /ocp/interconnect@44c00000/segment@200000/target-module@b000/i2c@0/tda19988@70: Fixed dependency cycle(s) with /ocp/interconnect@48000000/segment@300000/target-module@e000/lcdc@0
[    0.139554] /ocp/interconnect@48000000/segment@300000/target-module@e000/lcdc@0: Fixed dependency cycle(s) with /ocp/interconnect@44c00000/segment@200000/target-module@b000/i2c@0/tda19988@70
[    0.141803] No ATAGs?
[    0.141823] hw-breakpoint: debug architecture 0x4 unsupported.
[    0.144826] kprobes: kprobe jump-optimization is enabled. All kprobes are optimized if possible.
[    0.148125] iommu: Default domain type: Translated
[    0.148144] iommu: DMA domain TLB invalidation policy: strict mode
[    0.149562] SCSI subsystem initialized
[    0.161342] libata version 3.00 loaded.
[    0.161717] pps_core: LinuxPPS API ver. 1 registered
[    0.161729] pps_core: Software ver. 5.3.6 - Copyright 2005-2007 Rodolfo Giometti <giometti@linux.it>
[    0.161753] PTP clock support registered
[    0.164029] reg-fixed-voltage fixedregulator0: using DT '/fixedregulator0' for '(null)' GPIO lookup
[    0.164089] of_get_named_gpiod_flags: can't parse 'gpios' property of node '/fixedregulator0[0]'
[    0.164118] of_get_named_gpiod_flags: can't parse 'gpio' property of node '/fixedregulator0[0]'
[    0.164136] reg-fixed-voltage fixedregulator0: using lookup tables for GPIO lookup
[    0.164146] reg-fixed-voltage fixedregulator0: No GPIO consumer (null) found
[    0.164605] vgaarb: loaded
[    0.164946] clocksource: Switched to clocksource dmtimer
[    0.165547] VFS: Disk quotas dquot_6.6.0
[    0.165608] VFS: Dquot-cache hash table entries: 1024 (order 0, 4096 bytes)
[    0.190846] NET: Registered PF_INET protocol family
[    0.191178] IP idents hash table entries: 8192 (order: 4, 65536 bytes, linear)
[    0.192507] tcp_listen_portaddr_hash hash table entries: 512 (order: 0, 4096 bytes, linear)
[    0.192542] Table-perturb hash table entries: 65536 (order: 6, 262144 bytes, linear)
[    0.192559] TCP established hash table entries: 4096 (order: 2, 16384 bytes, linear)
[    0.192604] TCP bind hash table entries: 4096 (order: 4, 65536 bytes, linear)
[    0.192705] TCP: Hash tables configured (established 4096 bind 4096)
[    0.192836] UDP hash table entries: 256 (order: 1, 8192 bytes, linear)
[    0.192864] UDP-Lite hash table entries: 256 (order: 1, 8192 bytes, linear)
[    0.193032] NET: Registered PF_UNIX/PF_LOCAL protocol family
[    0.205846] RPC: Registered named UNIX socket transport module.
[    0.205869] RPC: Registered udp transport module.
[    0.205875] RPC: Registered tcp transport module.
[    0.205880] RPC: Registered tcp-with-tls transport module.
[    0.205885] RPC: Registered tcp NFSv4.1 backchannel transport module.
[    0.205909] PCI: CLS 0 bytes, default 64
[    0.207478] Initialise system trusted keyrings
[    0.208493] workingset: timestamp_bits=14 max_order=17 bucket_order=3
[    0.215274] NFS: Registering the id_resolver key type
[    0.215376] Key type id_resolver registered
[    0.215385] Key type id_legacy registered
[    0.215442] jffs2: version 2.2. (NAND) (SUMMARY)  Â© 2001-2006 Red Hat, Inc.
[    0.215846] Key type asymmetric registered
[    0.215861] Asymmetric key parser 'x509' registered
[    0.215931] io scheduler mq-deadline registered
[    0.215942] io scheduler kyber registered
[    0.216008] io scheduler bfq registered
[    0.225377] Serial: 8250/16550 driver, 6 ports, IRQ sharing enabled
[    0.283752] brd: module loaded
[    0.291803] loop: module loaded
[    0.292705] mtdoops: mtd device (mtddev=name/number) must be supplied
[    0.294172] mdio_bus fixed-0: using lookup tables for GPIO lookup
[    0.294196] mdio_bus fixed-0: No GPIO consumer reset found
[    0.295604] i2c_dev: i2c /dev entries driver
[    0.296563] cpuidle: enable-method property 'ti,am3352' found operations
[    0.297025] sdhci: Secure Digital Host Controller Interface driver
[    0.297038] sdhci: Copyright(c) Pierre Ossman
[    0.297206] sdhci-pltfm: SDHCI platform and OF driver helper
[    0.311103] ledtrig-cpu: registered to indicate activity on CPUs
[    0.311885] Initializing XFRM netlink socket
[    0.312041] NET: Registered PF_INET6 protocol family
[    0.323155] Segment Routing with IPv6
[    0.323234] In-situ OAM (IOAM) with IPv6
[    0.323329] sit: IPv6, IPv4 and MPLS over IPv4 tunneling driver
[    0.324283] NET: Registered PF_PACKET protocol family
[    0.324318] NET: Registered PF_KEY protocol family
[    0.324431] Key type dns_resolver registered
[    0.324657] ThumbEE CPU extension supported.
[    0.324680] Registering SWP/SWPB emulation handler
[    0.325332] omap_voltage_late_init: Voltage driver support not added
[    0.325708] SmartReflex Class3 initialized
[    0.351650] Loading compiled-in X.509 certificates
[    0.390458] /ocp/interconnect@44c00000/segment@200000/target-module@b000/i2c@0/tda19988@70: Fixed dependency cycle(s) with /ocp/interconnect@48000000/segment@300000/target-module@e000/lcdc@0
[    0.396776] /ocp/interconnect@44c00000/segment@200000/target-module@b000/i2c@0/tda19988@70: Fixed dependency cycle(s) with /ocp/interconnect@48000000/segment@300000/target-module@e000/lcdc@0
[    0.402139] gpiochip_find_base: found new base at 512
[    0.404572] /ocp/interconnect@44c00000/segment@200000/target-module@b000/i2c@0/tda19988@70: Fixed dependency cycle(s) with /ocp/interconnect@48000000/segment@300000/target-module@e000/lcdc@0
[    0.405594] /ocp/interconnect@44c00000/segment@200000/target-module@b000/i2c@0/tda19988@70: Fixed dependency cycle(s) with /ocp/interconnect@48000000/segment@300000/target-module@e000/lcdc@0
[    0.408909] /ocp/interconnect@44c00000/segment@200000/target-module@10000/scm@0/pinmux@800: Fixed dependency cycle(s) with /ocp/interconnect@44c00000/segment@200000/target-module@10000/scm@0/pinmux@800/clkout2-pins
[    0.409548] pinctrl-single 44e10800.pinmux: 142 pins, size 568
[    0.414491] ti-sysc: probe of 44e31000.target-module failed with error -16
[    0.441503] /ocp/interconnect@48000000/segment@300000/target-module@e000/lcdc@0: Fixed dependency cycle(s) with /ocp/interconnect@44c00000/segment@200000/target-module@b000/i2c@0/tda19988@70
[    0.449360] ti-sysc: probe of 48040000.target-module failed with error -16
[    0.460288] gpiochip_find_base: found new base at 512
[    0.460358] gpio gpiochip0: (gpio-0-31): created GPIO range 0->7 ==> 44e10800.pinmux PIN 0->7
[    0.460377] gpio gpiochip0: (gpio-0-31): created GPIO range 8->11 ==> 44e10800.pinmux PIN 90->93
[    0.460394] gpio gpiochip0: (gpio-0-31): created GPIO range 12->27 ==> 44e10800.pinmux PIN 12->27
[    0.460410] gpio gpiochip0: (gpio-0-31): created GPIO range 28->31 ==> 44e10800.pinmux PIN 30->33
[    0.480715] gpio gpiochip0: (gpio-0-31): added GPIO chardev (254:0)
[    0.480876] gpio gpiochip0: registered GPIOs 512 to 543 on gpio-0-31
[    0.480959] OMAP GPIO hardware version 0.1
[    0.517646] i2c i2c-2: using DT '/ocp/interconnect@48000000/segment@100000/target-module@9c000/i2c@0' for 'scl' GPIO lookup
[    0.517721] of_get_named_gpiod_flags: can't parse 'scl-gpios' property of node '/ocp/interconnect@48000000/segment@100000/target-module@9c000/i2c@0[0]'
[    0.517765] of_get_named_gpiod_flags: can't parse 'scl-gpio' property of node '/ocp/interconnect@48000000/segment@100000/target-module@9c000/i2c@0[0]'
[    0.517799] i2c i2c-2: using lookup tables for GPIO lookup
[    0.517809] i2c i2c-2: No GPIO consumer scl found
[    0.517830] i2c i2c-2: using DT '/ocp/interconnect@48000000/segment@100000/target-module@9c000/i2c@0' for 'sda' GPIO lookup
[    0.517866] of_get_named_gpiod_flags: can't parse 'sda-gpios' property of node '/ocp/interconnect@48000000/segment@100000/target-module@9c000/i2c@0[0]'
[    0.517903] of_get_named_gpiod_flags: can't parse 'sda-gpio' property of node '/ocp/interconnect@48000000/segment@100000/target-module@9c000/i2c@0[0]'
[    0.517934] i2c i2c-2: using lookup tables for GPIO lookup
[    0.517941] i2c i2c-2: No GPIO consumer sda found
[    0.518659] omap_i2c 4819c000.i2c: bus 2 rev0.11 at 100 kHz
[    0.523862] gpiochip_find_base: found new base at 544
[    0.523927] gpio gpiochip1: (gpio-32-63): created GPIO range 0->17 ==> 44e10800.pinmux PIN 34->51
[    0.523945] gpio gpiochip1: (gpio-32-63): created GPIO range 18->21 ==> 44e10800.pinmux PIN 77->80
[    0.523961] gpio gpiochip1: (gpio-32-63): created GPIO range 22->31 ==> 44e10800.pinmux PIN 56->65
[    0.540487] gpio gpiochip1: (gpio-32-63): added GPIO chardev (254:1)
[    0.540641] gpio gpiochip1: registered GPIOs 544 to 575 on gpio-32-63
[    0.542797] gpiochip_find_base: found new base at 576
[    0.542854] gpio gpiochip2: (gpio-64-95): created GPIO range 0->4 ==> 44e10800.pinmux PIN 66->70
[    0.542872] gpio gpiochip2: (gpio-64-95): created GPIO range 5->6 ==> 44e10800.pinmux PIN 98->99
[    0.542888] gpio gpiochip2: (gpio-64-95): created GPIO range 7->8 ==> 44e10800.pinmux PIN 75->76
[    0.542903] gpio gpiochip2: (gpio-64-95): created GPIO range 13->13 ==> 44e10800.pinmux PIN 141->141
[    0.542924] gpio gpiochip2: (gpio-64-95): created GPIO range 14->21 ==> 44e10800.pinmux PIN 100->107
[    0.543486] gpio gpiochip2: (gpio-64-95): added GPIO chardev (254:2)
[    0.543623] gpio gpiochip2: registered GPIOs 576 to 607 on gpio-64-95
[    0.549969] /ocp/interconnect@48000000/segment@300000/target-module@e000/lcdc@0: Fixed dependency cycle(s) with /ocp/interconnect@44c00000/segment@200000/target-module@b000/i2c@0/tda19988@70
[    0.552608] /ocp/interconnect@48000000/segment@300000/target-module@e000/lcdc@0: Fixed dependency cycle(s) with /ocp/interconnect@44c00000/segment@200000/target-module@b000/i2c@0/tda19988@70
[    0.553292] /ocp/interconnect@44c00000/segment@200000/target-module@b000/i2c@0/tda19988@70: Fixed dependency cycle(s) with /ocp/interconnect@48000000/segment@300000/target-module@e000/lcdc@0
[    0.553460] /ocp/interconnect@48000000/segment@300000/target-module@e000/lcdc@0: Fixed dependency cycle(s) with /ocp/interconnect@44c00000/segment@200000/target-module@b000/i2c@0/tda19988@70
[    0.562700] mdio_bus 4a101000.mdio: using DT '/ocp/interconnect@4a000000/segment@0/target-module@100000/switch@0/mdio@1000' for 'reset' GPIO lookup
[    0.562775] of_get_named_gpiod_flags: can't parse 'reset-gpios' property of node '/ocp/interconnect@4a000000/segment@0/target-module@100000/switch@0/mdio@1000[0]'
[    0.562824] of_get_named_gpiod_flags: can't parse 'reset-gpio' property of node '/ocp/interconnect@4a000000/segment@0/target-module@100000/switch@0/mdio@1000[0]'
[    0.562871] mdio_bus 4a101000.mdio: using lookup tables for GPIO lookup
[    0.562881] mdio_bus 4a101000.mdio: No GPIO consumer reset found
[    0.563965] sdhci-omap 481d8000.mmc: using DT '/ocp/interconnect@48000000/segment@100000/target-module@d8000/mmc@0' for 'wp' GPIO lookup
[    0.564028] of_get_named_gpiod_flags: can't parse 'wp-gpios' property of node '/ocp/interconnect@48000000/segment@100000/target-module@d8000/mmc@0[0]'
[    0.564071] of_get_named_gpiod_flags: can't parse 'wp-gpio' property of node '/ocp/interconnect@48000000/segment@100000/target-module@d8000/mmc@0[0]'
[    0.564104] sdhci-omap 481d8000.mmc: using lookup tables for GPIO lookup
[    0.564113] sdhci-omap 481d8000.mmc: No GPIO consumer wp found
[    0.564295] sdhci-omap 481d8000.mmc: supply pbias not found, using dummy regulator
[    0.564772] sdhci-omap 481d8000.mmc: supply vqmmc not found, using dummy regulator
[    0.640354] davinci_mdio 4a101000.mdio: davinci mdio revision 1.6, bus freq 1000000
[    0.654039] mdio_bus 4a101000.mdio:00: using DT '/ocp/interconnect@4a000000/segment@0/target-module@100000/switch@0/mdio@1000/ethernet-phy@0' for 'reset' GPIO lookup
[    0.654145] of_get_named_gpiod_flags: parsed 'reset-gpios' property of node '/ocp/interconnect@4a000000/segment@0/target-module@100000/switch@0/mdio@1000/ethernet-phy@0[0]' - status (0)
[    0.654306] gpio gpiochip0: Persistence not supported for GPIO 8
[    0.760853] davinci_mdio 4a101000.mdio: phy[0]: device 4a101000.mdio:00, driver SMSC LAN8710/LAN8720
[    0.761471] cpsw-switch 4a100000.switch: initialized cpsw ale version 1.4
[    0.761492] cpsw-switch 4a100000.switch: ALE Table size 1024
[    0.761771] cpsw-switch 4a100000.switch: cpts: overflow check period 500 (jiffies)
[    0.761790] cpsw-switch 4a100000.switch: CPTS: ref_clk_freq:250000000 calc_mult:2147483648 calc_shift:29 error:0 nsec/sec
[    0.761902] cpsw-switch 4a100000.switch: Detected MACID = 6c:ec:eb:68:de:78
[    0.763708] cpsw-switch 4a100000.switch: initialized (regs 0x4a100000, pool size 256) hw_ver:0019010C 1.12 (0)
[    0.774479] debugfs: Directory '49000000.dma' with parent 'dmaengine' already present!
[    0.774523] edma 49000000.dma: TI EDMA DMA engine driver
[    0.831775] hw perfevents: enabled with armv7_cortex_a8 PMU driver, 5 counters available
[    0.832714] gpio-clk clk_mcasp0: using DT '/clk_mcasp0' for 'enable' GPIO lookup
[    0.832786] of_get_named_gpiod_flags: parsed 'enable-gpios' property of node '/clk_mcasp0[0]' - status (0)
[    0.832831] gpio gpiochip0: Persistence not supported for GPIO 27
[    0.833651] gpiochip_find_base: found new base at 608
[    0.833713] gpio gpiochip3: (gpio-96-127): created GPIO range 0->7 ==> 44e10800.pinmux PIN 82->89
[    0.833731] gpio gpiochip3: (gpio-96-127): created GPIO range 8->11 ==> 44e10800.pinmux PIN 52->55
[    0.833747] gpio gpiochip3: (gpio-96-127): created GPIO range 12->15 ==> 44e10800.pinmux PIN 94->97
[    0.833762] gpio gpiochip3: (gpio-96-127): created GPIO range 16->17 ==> 44e10800.pinmux PIN 71->72
[    0.833778] gpio gpiochip3: (gpio-96-127): created GPIO range 18->18 ==> 44e10800.pinmux PIN 135->135
[    0.833794] gpio gpiochip3: (gpio-96-127): created GPIO range 19->20 ==> 44e10800.pinmux PIN 108->109
[    0.833810] gpio gpiochip3: (gpio-96-127): created GPIO range 21->21 ==> 44e10800.pinmux PIN 73->73
[    0.833826] gpio gpiochip3: (gpio-96-127): created GPIO range 22->23 ==> 44e10800.pinmux PIN 8->9
[    0.833844] gpio gpiochip3: (gpio-96-127): created GPIO range 26->27 ==> 44e10800.pinmux PIN 10->11
[    0.833861] gpio gpiochip3: (gpio-96-127): created GPIO range 28->28 ==> 44e10800.pinmux PIN 74->74
[    0.833878] gpio gpiochip3: (gpio-96-127): created GPIO range 29->29 ==> 44e10800.pinmux PIN 81->81
[    0.833896] gpio gpiochip3: (gpio-96-127): created GPIO range 30->31 ==> 44e10800.pinmux PIN 28->29
[    0.839393] l3-aon-clkctrl:0000:0: failed to disable
[    0.845530] gpio gpiochip3: (gpio-96-127): added GPIO chardev (254:3)
[    0.845676] gpio gpiochip3: registered GPIOs 608 to 639 on gpio-96-127
[    0.847497] omap8250 44e09000.serial: using DT '/ocp/interconnect@44c00000/segment@200000/target-module@9000/serial@0' for 'rs485-term' GPIO lookup
[    0.847570] of_get_named_gpiod_flags: can't parse 'rs485-term-gpios' property of node '/ocp/interconnect@44c00000/segment@200000/target-module@9000/serial@0[0]'
[    0.847614] of_get_named_gpiod_flags: can't parse 'rs485-term-gpio' property of node '/ocp/interconnect@44c00000/segment@200000/target-module@9000/serial@0[0]'
[    0.847649] omap8250 44e09000.serial: using lookup tables for GPIO lookup
[    0.847659] omap8250 44e09000.serial: No GPIO consumer rs485-term found
[    0.847669] omap8250 44e09000.serial: using DT '/ocp/interconnect@44c00000/segment@200000/target-module@9000/serial@0' for 'rs485-rx-during-tx' GPIO lookup
[    0.847705] of_get_named_gpiod_flags: can't parse 'rs485-rx-during-tx-gpios' property of node '/ocp/interconnect@44c00000/segment@200000/target-module@9000/serial@0[0]'
[    0.847743] of_get_named_gpiod_flags: can't parse 'rs485-rx-during-tx-gpio' property of node '/ocp/interconnect@44c00000/segment@200000/target-module@9000/serial@0[0]'
[    0.847774] omap8250 44e09000.serial: using lookup tables for GPIO lookup
[    0.847782] omap8250 44e09000.serial: No GPIO consumer rs485-rx-during-tx found
[    0.848127] 44e09000.serial: ttyS0 at MMIO 0x44e09000 (irq = 34, base_baud = 3000000) is a 8250
[    0.848206] printk: console [ttyS0] enabled
[    2.137170] i2c i2c-0: using DT '/ocp/interconnect@44c00000/segment@200000/target-module@b000/i2c@0' for 'scl' GPIO lookup
[    2.137256] of_get_named_gpiod_flags: can't parse 'scl-gpios' property of node '/ocp/interconnect@44c00000/segment@200000/target-module@b000/i2c@0[0]'
[    2.137301] of_get_named_gpiod_flags: can't parse 'scl-gpio' property of node '/ocp/interconnect@44c00000/segment@200000/target-module@b000/i2c@0[0]'
[    2.137338] i2c i2c-0: using lookup tables for GPIO lookup
[    2.137351] i2c i2c-0: No GPIO consumer scl found
[    2.137373] i2c i2c-0: using DT '/ocp/interconnect@44c00000/segment@200000/target-module@b000/i2c@0' for 'sda' GPIO lookup
[    2.137412] of_get_named_gpiod_flags: can't parse 'sda-gpios' property of node '/ocp/interconnect@44c00000/segment@200000/target-module@b000/i2c@0[0]'
[    2.137451] of_get_named_gpiod_flags: can't parse 'sda-gpio' property of node '/ocp/interconnect@44c00000/segment@200000/target-module@b000/i2c@0[0]'
[    2.137485] i2c i2c-0: using lookup tables for GPIO lookup
[    2.137494] i2c i2c-0: No GPIO consumer sda found
[    2.165870] tps65217-pmic: Failed to locate of_node [id: -1]
[    2.171900] tps65217-bl: Failed to locate of_node [id: -1]
[    2.182812] tps65217 0-0024: TPS65217 ID 0xe version 1.2
[    2.188924] /ocp/interconnect@48000000/segment@300000/target-module@e000/lcdc@0: Fixed dependency cycle(s) with /ocp/interconnect@44c00000/segment@200000/target-module@b000/i2c@0/tda19988@70
[    2.206268] /ocp/interconnect@44c00000/segment@200000/target-module@b000/i2c@0/tda19988@70: Fixed dependency cycle(s) with /ocp/interconnect@48000000/segment@300000/target-module@e000/lcdc@0
[    2.223628] omap_i2c 44e0b000.i2c: bus 0 rev0.11 at 400 kHz
[    2.231337] sdhci-omap 48060000.mmc: using DT '/ocp/interconnect@48000000/segment@0/target-module@60000/mmc@0' for 'cd' GPIO lookup
[    2.231438] of_get_named_gpiod_flags: parsed 'cd-gpios' property of node '/ocp/interconnect@48000000/segment@0/target-module@60000/mmc@0[0]' - status (0)
[    2.231556] gpio gpiochip3: Persistence not supported for GPIO 6
[    2.231582] omap_gpio 44e07000.gpio: Could not set line 6 debounce to 200000 microseconds (-22)
[    2.240452] sdhci-omap 48060000.mmc: Got CD GPIO
[    2.245128] sdhci-omap 48060000.mmc: using DT '/ocp/interconnect@48000000/segment@0/target-module@60000/mmc@0' for 'wp' GPIO lookup
[    2.245178] of_get_named_gpiod_flags: can't parse 'wp-gpios' property of node '/ocp/interconnect@48000000/segment@0/target-module@60000/mmc@0[0]'
[    2.245221] of_get_named_gpiod_flags: can't parse 'wp-gpio' property of node '/ocp/interconnect@48000000/segment@0/target-module@60000/mmc@0[0]'
[    2.245257] sdhci-omap 48060000.mmc: using lookup tables for GPIO lookup
[    2.245270] sdhci-omap 48060000.mmc: No GPIO consumer wp found
[    2.245464] sdhci-omap 48060000.mmc: supply pbias not found, using dummy regulator
[    2.254516] sdhci-omap 481d8000.mmc: using DT '/ocp/interconnect@48000000/segment@100000/target-module@d8000/mmc@0' for 'wp' GPIO lookup
[    2.254595] of_get_named_gpiod_flags: can't parse 'wp-gpios' property of node '/ocp/interconnect@48000000/segment@100000/target-module@d8000/mmc@0[0]'
[    2.254641] of_get_named_gpiod_flags: can't parse 'wp-gpio' property of node '/ocp/interconnect@48000000/segment@100000/target-module@d8000/mmc@0[0]'
[    2.254677] sdhci-omap 481d8000.mmc: using lookup tables for GPIO lookup
[    2.254689] sdhci-omap 481d8000.mmc: No GPIO consumer wp found
[    2.255989] sdhci-omap 48060000.mmc: supply vqmmc not found, using dummy regulator
[    2.264567] sdhci-omap 481d8000.mmc: supply pbias not found, using dummy regulator
[    2.273773] sdhci-omap 481d8000.mmc: supply vqmmc not found, using dummy regulator
[    2.312422] mmc1: SDHCI controller on 481d8000.mmc [481d8000.mmc] using External DMA
[    2.321545] mmc0: SDHCI controller on 48060000.mmc [48060000.mmc] using External DMA
[    2.330190] cpsw-switch 4a100000.switch: starting ndev. mode: dual_mac
[    2.374075] mmc0: new high speed SDHC card at address 5048
[    2.381036] mmcblk0: mmc0:5048 SD16G 14.4 GiB
[    2.388849]  mmcblk0: p1 p2
[    2.392144] mmcblk0: p2 size 31221760 extends beyond EOD, truncated
[    2.406652] mmc1: new high speed MMC card at address 0001
[    2.413323] mmcblk1: mmc1:0001 MMC04G 3.60 GiB
[    2.420435]  mmcblk1: p1 p2
[    2.424605] mmcblk1boot0: mmc1:0001 MMC04G 2.00 MiB
[    2.431884] mmcblk1boot1: mmc1:0001 MMC04G 2.00 MiB
[    2.438847] mmcblk1rpmb: mmc1:0001 MMC04G 128 KiB, chardev (250:0)
[    2.445603] SMSC LAN8710/LAN8720 4a101000.mdio:00: attached PHY driver (mii_bus:phy_addr=4a101000.mdio:00, irq=POLL)
[    7.685686] cpsw-switch 4a100000.switch eth0: Link is Up - 100Mbps/Full - flow control off
[    7.734982] IP-Config: Complete:
[    7.738253]      device=eth0, hwaddr=6c:ec:eb:68:de:78, ipaddr=192.168.255.1, mask=255.255.255.0, gw=255.255.255.255
[    7.748870]      host=bbb1, domain=, nis-domain=(none)
[    7.754034]      bootserver=192.168.255.126, rootserver=192.168.255.126, rootpath=
[    7.754443] clk: Disabling unused clocks
[    7.766291] KTAP version 1
[    7.769017] 1..0
[    7.798245] VFS: Mounted root (nfs filesystem) on device 0:16.
[    7.805139] devtmpfs: mounted
[    7.809897] Freeing unused kernel image (initmem) memory: 1024K
[    7.816629] Run /sbin/init as init process
[    7.820756]   with arguments:
[    7.820767]     /sbin/init
[    7.820774]     nfsrootdebug
[    7.820782]   with environment:
[    7.820788]     HOME=/
[    7.820795]     TERM=linux
[    8.496337] systemd[1]: System time before build time, advancing clock.
[    9.934955] random: crng init done
[    9.996405] systemd[1]: systemd 232 running in system mode. (+PAM +AUDIT +SELINUX +IMA +APPARMOR +SMACK +SYSVINIT +UTMP +LIBCRYPTSETUP +GCRYPT +GNUTLS +ACL +XZ +LZ4 +SECCOMP +BLKID +ELFUTILS +KMOD +IDN)
[   10.015456] systemd[1]: Detected architecture arm.
[   10.057818] systemd[1]: Set hostname to <arm>.
[   11.106574] systemd[1]: Created slice System Slice.
[   11.145521] systemd[1]: Reached target Remote File Systems.
[   11.186328] systemd[1]: Created slice system-serial\x2dgetty.slice.
[   11.227040] systemd[1]: Listening on Journal Socket.
[   11.265421] systemd[1]: dev-hugepages.mount: Couldn't determine result for ConditionVirtualization=!private-users, assuming failed: No such file or directory
[   11.280515] systemd[1]: Started Forward Password Requests to Wall Directory Watch.
[   11.316238] systemd[1]: Created slice User and Session Slice.
[   13.397176] systemd-journald[90]: Received request to flush runtime journal from PID 1
[   16.137677] leds-gpio leds: using DT '/leds/led2' for '(null)' GPIO lookup
[   16.137778] of_get_named_gpiod_flags: parsed 'gpios' property of node '/leds/led2[0]' - status (0)
[   16.137831] gpio gpiochip0: Persistence not supported for GPIO 21
[   16.137845] gpio-533 (?): no flags found for (null)
[   16.138140] leds-gpio leds: using DT '/leds/led3' for '(null)' GPIO lookup
[   16.138205] of_get_named_gpiod_flags: parsed 'gpios' property of node '/leds/led3[0]' - status (0)
[   16.138241] gpio gpiochip0: Persistence not supported for GPIO 22
[   16.138253] gpio-534 (?): no flags found for (null)
[   16.182998] leds-gpio leds: using DT '/leds/led4' for '(null)' GPIO lookup
[   16.183107] of_get_named_gpiod_flags: parsed 'gpios' property of node '/leds/led4[0]' - status (0)
[   16.183156] gpio gpiochip0: Persistence not supported for GPIO 23
[   16.183168] gpio-535 (?): no flags found for (null)
[   16.214160] leds-gpio leds: using DT '/leds/led5' for '(null)' GPIO lookup
[   16.214271] of_get_named_gpiod_flags: parsed 'gpios' property of node '/leds/led5[0]' - status (0)
[   16.214323] gpio gpiochip0: Persistence not supported for GPIO 24
[   16.214336] gpio-536 (?): no flags found for (null)
[   16.650426] omap_wdt: OMAP Watchdog Timer Rev 0x01: initial timeout 60 sec
[   16.764471] remoteproc remoteproc0: wkup_m3 is available
[   17.033737] am335x-phy-driver 47401300.usb-phy: using DT '/ocp/target-module@47400000/usb-phy@1300' for 'reset' GPIO lookup
[   17.033837] of_get_named_gpiod_flags: can't parse 'reset-gpios' property of node '/ocp/target-module@47400000/usb-phy@1300[0]'
[   17.033882] of_get_named_gpiod_flags: can't parse 'reset-gpio' property of node '/ocp/target-module@47400000/usb-phy@1300[0]'
[   17.033918] am335x-phy-driver 47401300.usb-phy: using lookup tables for GPIO lookup
[   17.033931] am335x-phy-driver 47401300.usb-phy: No GPIO consumer reset found
[   17.033942] am335x-phy-driver 47401300.usb-phy: using DT '/ocp/target-module@47400000/usb-phy@1300' for 'vbus-detect' GPIO lookup
[   17.033972] of_get_named_gpiod_flags: can't parse 'vbus-detect-gpios' property of node '/ocp/target-module@47400000/usb-phy@1300[0]'
[   17.034003] of_get_named_gpiod_flags: can't parse 'vbus-detect-gpio' property of node '/ocp/target-module@47400000/usb-phy@1300[0]'
[   17.034026] am335x-phy-driver 47401300.usb-phy: using lookup tables for GPIO lookup
[   17.034037] am335x-phy-driver 47401300.usb-phy: No GPIO consumer vbus-detect found
[   17.034179] am335x-phy-driver 47401300.usb-phy: dummy supplies not allowed for exclusive requests
[   17.178824] at24 2-0054: supply vcc not found, using dummy regulator
[   17.284341] usbcore: registered new interface driver usbfs
[   17.290168] usbcore: registered new interface driver hub
[   17.295660] usbcore: registered new device driver usb
[   17.350847] tps6521x_pwrbutton tps65217-pwrbutton: DMA mask not set
[   17.364352] at24 2-0055: supply vcc not found, using dummy regulator
[   17.503645] input: tps65217_pwrbutton as /devices/platform/ocp/44c00000.interconnect/44c00000.interconnect:segment@200000/44e0b000.target-module/44e0b000.i2c/i2c-0/0-0024/tps65217-pwrbutton/input/input0
[   17.547073] at24 2-0056: supply vcc not found, using dummy regulator
[   17.583873] am335x-phy-driver 47401b00.usb-phy: using DT '/ocp/target-module@47400000/usb-phy@1b00' for 'reset' GPIO lookup
[   17.583962] of_get_named_gpiod_flags: can't parse 'reset-gpios' property of node '/ocp/target-module@47400000/usb-phy@1b00[0]'
[   17.584005] of_get_named_gpiod_flags: can't parse 'reset-gpio' property of node '/ocp/target-module@47400000/usb-phy@1b00[0]'
[   17.584039] am335x-phy-driver 47401b00.usb-phy: using lookup tables for GPIO lookup
[   17.584052] am335x-phy-driver 47401b00.usb-phy: No GPIO consumer reset found
[   17.584063] am335x-phy-driver 47401b00.usb-phy: using DT '/ocp/target-module@47400000/usb-phy@1b00' for 'vbus-detect' GPIO lookup
[   17.584092] of_get_named_gpiod_flags: can't parse 'vbus-detect-gpios' property of node '/ocp/target-module@47400000/usb-phy@1b00[0]'
[   17.584123] of_get_named_gpiod_flags: can't parse 'vbus-detect-gpio' property of node '/ocp/target-module@47400000/usb-phy@1b00[0]'
[   17.584147] am335x-phy-driver 47401b00.usb-phy: using lookup tables for GPIO lookup
[   17.584158] am335x-phy-driver 47401b00.usb-phy: No GPIO consumer vbus-detect found
[   17.584298] am335x-phy-driver 47401b00.usb-phy: dummy supplies not allowed for exclusive requests
[   17.686522] at24 2-0057: supply vcc not found, using dummy regulator
[   17.814762] at24 0-0050: using DT '/ocp/interconnect@44c00000/segment@200000/target-module@b000/i2c@0/baseboard_eeprom@50' for 'wp' GPIO lookup
[   17.814873] of_get_named_gpiod_flags: can't parse 'wp-gpios' property of node '/ocp/interconnect@44c00000/segment@200000/target-module@b000/i2c@0/baseboard_eeprom@50[0]'
[   17.815072] of_get_named_gpiod_flags: can't parse 'wp-gpio' property of node '/ocp/interconnect@44c00000/segment@200000/target-module@b000/i2c@0/baseboard_eeprom@50[0]'
[   17.815124] at24 0-0050: using lookup tables for GPIO lookup
[   17.815137] at24 0-0050: No GPIO consumer wp found
[   17.815418] at24 0-0050: 32768 byte 24c256 EEPROM, writable, 1 bytes/write
[   18.286555] omap_rtc 44e3e000.rtc: registered as rtc0
[   18.291733] omap_rtc 44e3e000.rtc: setting system clock to 2000-01-01T00:00:00 UTC (946684800)
[   18.300533] omap_rtc 44e3e000.rtc: using DT '/ocp/interconnect@44c00000/segment@200000/target-module@3e000/rtc@0' for 'wp' GPIO lookup
[   18.300617] of_get_named_gpiod_flags: can't parse 'wp-gpios' property of node '/ocp/interconnect@44c00000/segment@200000/target-module@3e000/rtc@0[0]'
[   18.300670] of_get_named_gpiod_flags: can't parse 'wp-gpio' property of node '/ocp/interconnect@44c00000/segment@200000/target-module@3e000/rtc@0[0]'
[   18.300708] omap_rtc 44e3e000.rtc: using lookup tables for GPIO lookup
[   18.300723] omap_rtc 44e3e000.rtc: No GPIO consumer wp found
[   18.438769] wkup_m3_ipc 44e11324.wkup_m3_ipc: IPC Request for A8->M3 Channel failed! -517
[   18.676163] wkup_m3_ipc 44e11324.wkup_m3_ipc: IPC Request for A8->M3 Channel failed! -517
[   18.825252] musb-hdrc musb-hdrc.1: MUSB HDRC host driver
[   18.830668] musb-hdrc musb-hdrc.1: new USB bus registered, assigned bus number 1
[   18.839010] wkup_m3_ipc 44e11324.wkup_m3_ipc: IPC Request for A8->M3 Channel failed! -517
[   19.016516] usb usb1: New USB device found, idVendor=1d6b, idProduct=0002, bcdDevice= 6.06
[   19.024871] usb usb1: New USB device strings: Mfr=3, Product=2, SerialNumber=1
[   19.032309] usb usb1: Product: MUSB HDRC host driver
[   19.037358] usb usb1: Manufacturer: Linux 6.6.94 musb-hcd
[   19.042785] usb usb1: SerialNumber: musb-hdrc.1
[   19.179005] hub 1-0:1.0: USB hub found
[   19.227936] hub 1-0:1.0: 1 port detected
[   19.328786] wkup_m3_ipc 44e11324.wkup_m3_ipc: IPC Request for A8->M3 Channel failed! -517
[   19.681089] omap-mailbox 480c8000.mailbox: omap mailbox rev 0x400
[   19.723414] remoteproc remoteproc0: powering up wkup_m3
[   19.771747] tda998x 0-0070: found TDA19988
[   19.851696] remoteproc remoteproc0: Direct firmware load for am335x-pm-firmware.elf failed with error -2
[   19.861483] remoteproc remoteproc0: request_firmware failed: -2
[   19.867520] wkup_m3_ipc 44e11324.wkup_m3_ipc: rproc_boot failed
[   21.632076] tilcdc 4830e000.lcdc: bound 0-0070 (ops 0xbf05e0fc)
[   21.724417] [drm] Initialized tilcdc 1.0.0 20121205 for 4830e000.lcdc on minor 0
[   21.786416] omap_rng 48310000.rng: Random Number Generator ver. 20
[   21.839996] tilcdc 4830e000.lcdc: [drm] Cannot find any crtc or sizes
[   21.848259] tilcdc 4830e000.lcdc: [drm] Cannot find any crtc or sizes
[   23.530658] PM: Cannot get wkup_m3_ipc handle
[   23.603301] omap-sham 53100000.sham: hw accel on OMAP rev 4.3
[   23.703665] omap-aes 53500000.aes: OMAP AES hw accel rev: 3.2
[   23.773776] omap-sham 53100000.sham: will run requests pump with realtime priority
[   23.787032] PM: Cannot get wkup_m3_ipc handle
[   23.871895] Bluetooth: Core ver 2.22
[   23.875988] NET: Registered PF_BLUETOOTH protocol family
[   23.881337] Bluetooth: HCI device and connection manager initialized
[   23.887888] Bluetooth: HCI socket layer initialized
[   23.892801] Bluetooth: L2CAP socket layer initialized
[   23.897966] Bluetooth: SCO socket layer initialized
[   23.919525] omap-aes 53500000.aes: will run requests pump with realtime priority
[   23.928136] PM: Cannot get wkup_m3_ipc handle
[   27.201563] PM: Cannot get wkup_m3_ipc handle
[   27.207508] asoc-simple-card sound: using DT '/sound' for 'simple-audio-card,hp-det' GPIO lookup
[   27.207578] of_get_named_gpiod_flags: can't parse 'simple-audio-card,hp-det-gpios' property of node '/sound[0]'
[   27.207614] of_get_named_gpiod_flags: can't parse 'simple-audio-card,hp-det-gpio' property of node '/sound[0]'
[   27.207636] asoc-simple-card sound: using lookup tables for GPIO lookup
[   27.207649] asoc-simple-card sound: No GPIO consumer simple-audio-card,hp-det found
[   27.207661] asoc-simple-card sound: using DT '/sound' for 'simple-audio-card,mic-det' GPIO lookup
[   27.207683] of_get_named_gpiod_flags: can't parse 'simple-audio-card,mic-det-gpios' property of node '/sound[0]'
[   27.207708] of_get_named_gpiod_flags: can't parse 'simple-audio-card,mic-det-gpio' property of node '/sound[0]'
[   27.207726] asoc-simple-card sound: using lookup tables for GPIO lookup
[   27.207736] asoc-simple-card sound: No GPIO consumer simple-audio-card,mic-det found
[   27.335259] PM: Cannot get wkup_m3_ipc handle
[   30.258155] userial_init: registered 8 ttyGS* devices
[   30.436677] rndis_register: configNr = 0
[   30.502722] udc musb-hdrc.0: binding gadget driver [g_multi]
[   30.502816] configfs-gadget.g_multi gadget.0: adding 'rndis'/af4186c5 to config 'c'/0b7d01b5
[   30.503919] configfs-gadget.g_multi gadget.0: HOST MAC 1c:ba:8c:a2:ed:6c
[   30.510910] configfs-gadget.g_multi gadget.0: MAC 1c:ba:8c:a2:ed:70
[   30.517367] rndis_set_param_medium: 0 0
[   30.517387] configfs-gadget.g_multi gadget.0: RNDIS: IN/ep1in OUT/ep1out NOTIFY/ep2in
[   30.517403] configfs-gadget.g_multi gadget.0: adding 'cdc_ethernet'/12ed4b31 to config 'c'/0b7d01b5
[   30.518309] configfs-gadget.g_multi gadget.0: HOST MAC 1c:ba:8c:a2:ed:6c
[   30.525151] configfs-gadget.g_multi gadget.0: MAC 1c:ba:8c:a2:ed:6d
[   30.531482] configfs-gadget.g_multi gadget.0: CDC Ethernet: IN/ep3in OUT/ep2out NOTIFY/ep4in
[   30.531498] configfs-gadget.g_multi gadget.0: adding 'acm'/bb2bd012 to config 'c'/0b7d01b5
[   30.531529] configfs-gadget.g_multi gadget.0: acm ttyGS0: IN/ep5in OUT/ep3out NOTIFY/ep6in
[   30.536094] PM: Cannot get wkup_m3_ipc handle
[   32.676106] configfs-gadget.g_multi gadget.0: eth_open
[   36.628005] gs_open: ttyGS0 (4a151f21,c6f42833)
[   36.628161] gs_close: ttyGS0 (4a151f21,c6f42833) ...
[   36.628183] gs_close: ttyGS0 (4a151f21,c6f42833) done!
[   36.640084] gs_open: ttyGS0 (a40c0c0d,f79e732c)
[   36.640223] gs_close: ttyGS0 (a40c0c0d,f79e732c) ...
[   36.640242] gs_close: ttyGS0 (a40c0c0d,f79e732c) done!
[   36.767396] gs_open: ttyGS0 (4753c869,f7ce40a3)
[   36.767622] gs_close: ttyGS0 (4753c869,f7ce40a3) ...
[   36.767651] gs_close: ttyGS0 (4753c869,f7ce40a3) done!
[   36.769895] gs_open: ttyGS0 (4753c869,25bf7be3)
VVOMCXUYQT 0
root@arm:~# echo 'FOCA''SBYXPC'
FOCASBYXPC
root@arm:~# MARKER='KJLW''NFKBHN' run 'modprobe test_linear_ranges'
KJLWNFKBHNKJLWNFKBHN 0
root@arm:~# echo 'WVQK''XWBOUY'
WVQKXWBOUY
root@arm:~# MARKER='JQSX''UFTBSO' run dmesg
JQSXUFTBSO[    0.000000] Booting Linux on physical CPU 0x0
[    0.000000] Linux version 6.6.94 (user01@drvtest01) (arm-none-eabi-gcc (Arm GNU Toolchain 14.2.Rel1 (Build arm-14.52)) 14.2.1 20241119, GNU ld (Arm GNU Toolchain 14.2.Rel1 (Build arm-14.52)) 2.43.1.20241119) #1 SMP Thu Jun 19 17:08:45 EEST 2025
[    0.000000] CPU: ARMv7 Processor [413fc082] revision 2 (ARMv7), cr=10c5387d
[    0.000000] CPU: PIPT / VIPT nonaliasing data cache, VIPT aliasing instruction cache
[    0.000000] OF: fdt: Machine model: TI AM335x BeagleBone Black
[    0.000000] Memory policy: Data cache writeback
[    0.000000] cma: Reserved 16 MiB at 0x9e800000 on node -1
[    0.000000] Zone ranges:
[    0.000000]   Normal   [mem 0x0000000080000000-0x000000009fdfffff]
[    0.000000]   HighMem  empty
[    0.000000] Movable zone start for each node
[    0.000000] Early memory node ranges
[    0.000000]   node   0: [mem 0x0000000080000000-0x000000009fdfffff]
[    0.000000] Initmem setup node 0 [mem 0x0000000080000000-0x000000009fdfffff]
[    0.000000] CPU: All CPU(s) started in SVC mode.
[    0.000000] AM335X ES2.1 (sgx neon)
[    0.000000] percpu: Embedded 16 pages/cpu s36116 r8192 d21228 u65536
[    0.000000] pcpu-alloc: s36116 r8192 d21228 u65536 alloc=16*4096
[    0.000000] pcpu-alloc: [0] 0 
[    0.000000] Kernel command line: console=ttyO0,115200n8 root=/dev/nfs rw nfsroot=192.168.255.126:/home/user01/nfs,nfsvers=3 ip=192.168.255.1:192.168.255.126::255.255.255.0:bbb1:eth0 nfsrootdebug
[    0.000000] Unknown kernel command line parameters "nfsrootdebug", will be passed to user space.
[    0.000000] Dentry cache hash table entries: 65536 (order: 6, 262144 bytes, linear)
[    0.000000] Inode-cache hash table entries: 32768 (order: 5, 131072 bytes, linear)
[    0.000000] Built 1 zonelists, mobility grouping on.  Total pages: 129412
[    0.000000] mem auto-init: stack:off, heap alloc:off, heap free:off
[    0.000000] Memory: 483604K/522240K available (11264K kernel code, 1165K rwdata, 2700K rodata, 1024K init, 282K bss, 22252K reserved, 16384K cma-reserved, 0K highmem)
[    0.000000] SLUB: HWalign=64, Order=0-3, MinObjects=0, CPUs=1, Nodes=1
[    0.000000] rcu: Hierarchical RCU implementation.
[    0.000000] rcu: 	RCU event tracing is enabled.
[    0.000000] rcu: 	RCU restricting CPUs from NR_CPUS=2 to nr_cpu_ids=1.
[    0.000000] rcu: RCU calculated value of scheduler-enlistment delay is 10 jiffies.
[    0.000000] rcu: Adjusting geometry for rcu_fanout_leaf=16, nr_cpu_ids=1
[    0.000000] NR_IRQS: 16, nr_irqs: 16, preallocated irqs: 16
[    0.000000] IRQ: Found an INTC at 0x(ptrval) (revision 5.0) with 128 interrupts
[    0.000000] rcu: srcu_init: Setting srcu_struct sizes based on contention.
[    0.000000] TI gptimer clocksource: always-on /ocp/interconnect@44c00000/segment@200000/target-module@31000
[    0.000002] sched_clock: 32 bits at 24MHz, resolution 41ns, wraps every 89478484971ns
[    0.000027] clocksource: dmtimer: mask: 0xffffffff max_cycles: 0xffffffff, max_idle_ns: 79635851949 ns
[    0.000506] TI gptimer clockevent: 24000000 Hz at /ocp/interconnect@48000000/segment@0/target-module@40000
[    0.002080] Console: colour dummy device 80x30
[    0.002129] WARNING: Your 'console=ttyO0' has been replaced by 'ttyS0'
[    0.002136] This ensures that you still see kernel messages. Please
[    0.002141] update your kernel commandline.
[    0.002181] Calibrating delay loop... 996.14 BogoMIPS (lpj=4980736)
[    0.090560] CPU: Testing write buffer coherency: ok
[    0.090658] CPU0: Spectre v2: using BPIALL workaround
[    0.090669] pid_max: default: 32768 minimum: 301
[    0.090786] LSM: initializing lsm=capability,integrity
[    0.090951] Mount-cache hash table entries: 1024 (order: 0, 4096 bytes, linear)
[    0.090972] Mountpoint-cache hash table entries: 1024 (order: 0, 4096 bytes, linear)
[    0.092437] CPU0: thread -1, cpu 0, socket -1, mpidr 0
[    0.094040] Setting up static identity map for 0x80100000 - 0x80100078
[    0.094322] rcu: Hierarchical SRCU implementation.
[    0.094333] rcu: 	Max phase no-delay instances is 1000.
[    0.095713] smp: Bringing up secondary CPUs ...
[    0.095769] smp: Brought up 1 node, 1 CPU
[    0.095781] SMP: Total of 1 processors activated (996.14 BogoMIPS).
[    0.095793] CPU: All CPU(s) started in SVC mode.
[    0.096682] devtmpfs: initialized
[    0.113400] VFP support v0.3: implementor 41 architecture 3 part 30 variant c rev 3
[    0.113745] clocksource: jiffies: mask: 0xffffffff max_cycles: 0xffffffff, max_idle_ns: 19112604462750000 ns
[    0.113782] futex hash table entries: 256 (order: 2, 16384 bytes, linear)
[    0.115062] pinctrl core: initialized pinctrl subsystem
[    0.117207] NET: Registered PF_NETLINK/PF_ROUTE protocol family
[    0.119717] DMA: preallocated 256 KiB pool for atomic coherent allocations
[    0.120324] audit: initializing netlink subsys (disabled)
[    0.121873] thermal_sys: Registered thermal governor 'fair_share'
[    0.121896] thermal_sys: Registered thermal governor 'step_wise'
[    0.121902] thermal_sys: Registered thermal governor 'user_space'
[    0.122007] audit: type=2000 audit(0.120:1): state=initialized audit_enabled=0 res=1
[    0.122078] cpuidle: using governor menu
[    0.138474] /ocp/interconnect@44c00000/segment@200000/target-module@b000/i2c@0/tda19988@70: Fixed dependency cycle(s) with /ocp/interconnect@48000000/segment@300000/target-module@e000/lcdc@0
[    0.139554] /ocp/interconnect@48000000/segment@300000/target-module@e000/lcdc@0: Fixed dependency cycle(s) with /ocp/interconnect@44c00000/segment@200000/target-module@b000/i2c@0/tda19988@70
[    0.141803] No ATAGs?
[    0.141823] hw-breakpoint: debug architecture 0x4 unsupported.
[    0.144826] kprobes: kprobe jump-optimization is enabled. All kprobes are optimized if possible.
[    0.148125] iommu: Default domain type: Translated
[    0.148144] iommu: DMA domain TLB invalidation policy: strict mode
[    0.149562] SCSI subsystem initialized
[    0.161342] libata version 3.00 loaded.
[    0.161717] pps_core: LinuxPPS API ver. 1 registered
[    0.161729] pps_core: Software ver. 5.3.6 - Copyright 2005-2007 Rodolfo Giometti <giometti@linux.it>
[    0.161753] PTP clock support registered
[    0.164029] reg-fixed-voltage fixedregulator0: using DT '/fixedregulator0' for '(null)' GPIO lookup
[    0.164089] of_get_named_gpiod_flags: can't parse 'gpios' property of node '/fixedregulator0[0]'
[    0.164118] of_get_named_gpiod_flags: can't parse 'gpio' property of node '/fixedregulator0[0]'
[    0.164136] reg-fixed-voltage fixedregulator0: using lookup tables for GPIO lookup
[    0.164146] reg-fixed-voltage fixedregulator0: No GPIO consumer (null) found
[    0.164605] vgaarb: loaded
[    0.164946] clocksource: Switched to clocksource dmtimer
[    0.165547] VFS: Disk quotas dquot_6.6.0
[    0.165608] VFS: Dquot-cache hash table entries: 1024 (order 0, 4096 bytes)
[    0.190846] NET: Registered PF_INET protocol family
[    0.191178] IP idents hash table entries: 8192 (order: 4, 65536 bytes, linear)
[    0.192507] tcp_listen_portaddr_hash hash table entries: 512 (order: 0, 4096 bytes, linear)
[    0.192542] Table-perturb hash table entries: 65536 (order: 6, 262144 bytes, linear)
[    0.192559] TCP established hash table entries: 4096 (order: 2, 16384 bytes, linear)
[    0.192604] TCP bind hash table entries: 4096 (order: 4, 65536 bytes, linear)
[    0.192705] TCP: Hash tables configured (established 4096 bind 4096)
[    0.192836] UDP hash table entries: 256 (order: 1, 8192 bytes, linear)
[    0.192864] UDP-Lite hash table entries: 256 (order: 1, 8192 bytes, linear)
[    0.193032] NET: Registered PF_UNIX/PF_LOCAL protocol family
[    0.205846] RPC: Registered named UNIX socket transport module.
[    0.205869] RPC: Registered udp transport module.
[    0.205875] RPC: Registered tcp transport module.
[    0.205880] RPC: Registered tcp-with-tls transport module.
[    0.205885] RPC: Registered tcp NFSv4.1 backchannel transport module.
[    0.205909] PCI: CLS 0 bytes, default 64
[    0.207478] Initialise system trusted keyrings
[    0.208493] workingset: timestamp_bits=14 max_order=17 bucket_order=3
[    0.215274] NFS: Registering the id_resolver key type
[    0.215376] Key type id_resolver registered
[    0.215385] Key type id_legacy registered
[    0.215442] jffs2: version 2.2. (NAND) (SUMMARY)  Â© 2001-2006 Red Hat, Inc.
[    0.215846] Key type asymmetric registered
[    0.215861] Asymmetric key parser 'x509' registered
[    0.215931] io scheduler mq-deadline registered
[    0.215942] io scheduler kyber registered
[    0.216008] io scheduler bfq registered
[    0.225377] Serial: 8250/16550 driver, 6 ports, IRQ sharing enabled
[    0.283752] brd: module loaded
[    0.291803] loop: module loaded
[    0.292705] mtdoops: mtd device (mtddev=name/number) must be supplied
[    0.294172] mdio_bus fixed-0: using lookup tables for GPIO lookup
[    0.294196] mdio_bus fixed-0: No GPIO consumer reset found
[    0.295604] i2c_dev: i2c /dev entries driver
[    0.296563] cpuidle: enable-method property 'ti,am3352' found operations
[    0.297025] sdhci: Secure Digital Host Controller Interface driver
[    0.297038] sdhci: Copyright(c) Pierre Ossman
[    0.297206] sdhci-pltfm: SDHCI platform and OF driver helper
[    0.311103] ledtrig-cpu: registered to indicate activity on CPUs
[    0.311885] Initializing XFRM netlink socket
[    0.312041] NET: Registered PF_INET6 protocol family
[    0.323155] Segment Routing with IPv6
[    0.323234] In-situ OAM (IOAM) with IPv6
[    0.323329] sit: IPv6, IPv4 and MPLS over IPv4 tunneling driver
[    0.324283] NET: Registered PF_PACKET protocol family
[    0.324318] NET: Registered PF_KEY protocol family
[    0.324431] Key type dns_resolver registered
[    0.324657] ThumbEE CPU extension supported.
[    0.324680] Registering SWP/SWPB emulation handler
[    0.325332] omap_voltage_late_init: Voltage driver support not added
[    0.325708] SmartReflex Class3 initialized
[    0.351650] Loading compiled-in X.509 certificates
[    0.390458] /ocp/interconnect@44c00000/segment@200000/target-module@b000/i2c@0/tda19988@70: Fixed dependency cycle(s) with /ocp/interconnect@48000000/segment@300000/target-module@e000/lcdc@0
[    0.396776] /ocp/interconnect@44c00000/segment@200000/target-module@b000/i2c@0/tda19988@70: Fixed dependency cycle(s) with /ocp/interconnect@48000000/segment@300000/target-module@e000/lcdc@0
[    0.402139] gpiochip_find_base: found new base at 512
[    0.404572] /ocp/interconnect@44c00000/segment@200000/target-module@b000/i2c@0/tda19988@70: Fixed dependency cycle(s) with /ocp/interconnect@48000000/segment@300000/target-module@e000/lcdc@0
[    0.405594] /ocp/interconnect@44c00000/segment@200000/target-module@b000/i2c@0/tda19988@70: Fixed dependency cycle(s) with /ocp/interconnect@48000000/segment@300000/target-module@e000/lcdc@0
[    0.408909] /ocp/interconnect@44c00000/segment@200000/target-module@10000/scm@0/pinmux@800: Fixed dependency cycle(s) with /ocp/interconnect@44c00000/segment@200000/target-module@10000/scm@0/pinmux@800/clkout2-pins
[    0.409548] pinctrl-single 44e10800.pinmux: 142 pins, size 568
[    0.414491] ti-sysc: probe of 44e31000.target-module failed with error -16
[    0.441503] /ocp/interconnect@48000000/segment@300000/target-module@e000/lcdc@0: Fixed dependency cycle(s) with /ocp/interconnect@44c00000/segment@200000/target-module@b000/i2c@0/tda19988@70
[    0.449360] ti-sysc: probe of 48040000.target-module failed with error -16
[    0.460288] gpiochip_find_base: found new base at 512
[    0.460358] gpio gpiochip0: (gpio-0-31): created GPIO range 0->7 ==> 44e10800.pinmux PIN 0->7
[    0.460377] gpio gpiochip0: (gpio-0-31): created GPIO range 8->11 ==> 44e10800.pinmux PIN 90->93
[    0.460394] gpio gpiochip0: (gpio-0-31): created GPIO range 12->27 ==> 44e10800.pinmux PIN 12->27
[    0.460410] gpio gpiochip0: (gpio-0-31): created GPIO range 28->31 ==> 44e10800.pinmux PIN 30->33
[    0.480715] gpio gpiochip0: (gpio-0-31): added GPIO chardev (254:0)
[    0.480876] gpio gpiochip0: registered GPIOs 512 to 543 on gpio-0-31
[    0.480959] OMAP GPIO hardware version 0.1
[    0.517646] i2c i2c-2: using DT '/ocp/interconnect@48000000/segment@100000/target-module@9c000/i2c@0' for 'scl' GPIO lookup
[    0.517721] of_get_named_gpiod_flags: can't parse 'scl-gpios' property of node '/ocp/interconnect@48000000/segment@100000/target-module@9c000/i2c@0[0]'
[    0.517765] of_get_named_gpiod_flags: can't parse 'scl-gpio' property of node '/ocp/interconnect@48000000/segment@100000/target-module@9c000/i2c@0[0]'
[    0.517799] i2c i2c-2: using lookup tables for GPIO lookup
[    0.517809] i2c i2c-2: No GPIO consumer scl found
[    0.517830] i2c i2c-2: using DT '/ocp/interconnect@48000000/segment@100000/target-module@9c000/i2c@0' for 'sda' GPIO lookup
[    0.517866] of_get_named_gpiod_flags: can't parse 'sda-gpios' property of node '/ocp/interconnect@48000000/segment@100000/target-module@9c000/i2c@0[0]'
[    0.517903] of_get_named_gpiod_flags: can't parse 'sda-gpio' property of node '/ocp/interconnect@48000000/segment@100000/target-module@9c000/i2c@0[0]'
[    0.517934] i2c i2c-2: using lookup tables for GPIO lookup
[    0.517941] i2c i2c-2: No GPIO consumer sda found
[    0.518659] omap_i2c 4819c000.i2c: bus 2 rev0.11 at 100 kHz
[    0.523862] gpiochip_find_base: found new base at 544
[    0.523927] gpio gpiochip1: (gpio-32-63): created GPIO range 0->17 ==> 44e10800.pinmux PIN 34->51
[    0.523945] gpio gpiochip1: (gpio-32-63): created GPIO range 18->21 ==> 44e10800.pinmux PIN 77->80
[    0.523961] gpio gpiochip1: (gpio-32-63): created GPIO range 22->31 ==> 44e10800.pinmux PIN 56->65
[    0.540487] gpio gpiochip1: (gpio-32-63): added GPIO chardev (254:1)
[    0.540641] gpio gpiochip1: registered GPIOs 544 to 575 on gpio-32-63
[    0.542797] gpiochip_find_base: found new base at 576
[    0.542854] gpio gpiochip2: (gpio-64-95): created GPIO range 0->4 ==> 44e10800.pinmux PIN 66->70
[    0.542872] gpio gpiochip2: (gpio-64-95): created GPIO range 5->6 ==> 44e10800.pinmux PIN 98->99
[    0.542888] gpio gpiochip2: (gpio-64-95): created GPIO range 7->8 ==> 44e10800.pinmux PIN 75->76
[    0.542903] gpio gpiochip2: (gpio-64-95): created GPIO range 13->13 ==> 44e10800.pinmux PIN 141->141
[    0.542924] gpio gpiochip2: (gpio-64-95): created GPIO range 14->21 ==> 44e10800.pinmux PIN 100->107
[    0.543486] gpio gpiochip2: (gpio-64-95): added GPIO chardev (254:2)
[    0.543623] gpio gpiochip2: registered GPIOs 576 to 607 on gpio-64-95
[    0.549969] /ocp/interconnect@48000000/segment@300000/target-module@e000/lcdc@0: Fixed dependency cycle(s) with /ocp/interconnect@44c00000/segment@200000/target-module@b000/i2c@0/tda19988@70
[    0.552608] /ocp/interconnect@48000000/segment@300000/target-module@e000/lcdc@0: Fixed dependency cycle(s) with /ocp/interconnect@44c00000/segment@200000/target-module@b000/i2c@0/tda19988@70
[    0.553292] /ocp/interconnect@44c00000/segment@200000/target-module@b000/i2c@0/tda19988@70: Fixed dependency cycle(s) with /ocp/interconnect@48000000/segment@300000/target-module@e000/lcdc@0
[    0.553460] /ocp/interconnect@48000000/segment@300000/target-module@e000/lcdc@0: Fixed dependency cycle(s) with /ocp/interconnect@44c00000/segment@200000/target-module@b000/i2c@0/tda19988@70
[    0.562700] mdio_bus 4a101000.mdio: using DT '/ocp/interconnect@4a000000/segment@0/target-module@100000/switch@0/mdio@1000' for 'reset' GPIO lookup
[    0.562775] of_get_named_gpiod_flags: can't parse 'reset-gpios' property of node '/ocp/interconnect@4a000000/segment@0/target-module@100000/switch@0/mdio@1000[0]'
[    0.562824] of_get_named_gpiod_flags: can't parse 'reset-gpio' property of node '/ocp/interconnect@4a000000/segment@0/target-module@100000/switch@0/mdio@1000[0]'
[    0.562871] mdio_bus 4a101000.mdio: using lookup tables for GPIO lookup
[    0.562881] mdio_bus 4a101000.mdio: No GPIO consumer reset found
[    0.563965] sdhci-omap 481d8000.mmc: using DT '/ocp/interconnect@48000000/segment@100000/target-module@d8000/mmc@0' for 'wp' GPIO lookup
[    0.564028] of_get_named_gpiod_flags: can't parse 'wp-gpios' property of node '/ocp/interconnect@48000000/segment@100000/target-module@d8000/mmc@0[0]'
[    0.564071] of_get_named_gpiod_flags: can't parse 'wp-gpio' property of node '/ocp/interconnect@48000000/segment@100000/target-module@d8000/mmc@0[0]'
[    0.564104] sdhci-omap 481d8000.mmc: using lookup tables for GPIO lookup
[    0.564113] sdhci-omap 481d8000.mmc: No GPIO consumer wp found
[    0.564295] sdhci-omap 481d8000.mmc: supply pbias not found, using dummy regulator
[    0.564772] sdhci-omap 481d8000.mmc: supply vqmmc not found, using dummy regulator
[    0.640354] davinci_mdio 4a101000.mdio: davinci mdio revision 1.6, bus freq 1000000
[    0.654039] mdio_bus 4a101000.mdio:00: using DT '/ocp/interconnect@4a000000/segment@0/target-module@100000/switch@0/mdio@1000/ethernet-phy@0' for 'reset' GPIO lookup
[    0.654145] of_get_named_gpiod_flags: parsed 'reset-gpios' property of node '/ocp/interconnect@4a000000/segment@0/target-module@100000/switch@0/mdio@1000/ethernet-phy@0[0]' - status (0)
[    0.654306] gpio gpiochip0: Persistence not supported for GPIO 8
[    0.760853] davinci_mdio 4a101000.mdio: phy[0]: device 4a101000.mdio:00, driver SMSC LAN8710/LAN8720
[    0.761471] cpsw-switch 4a100000.switch: initialized cpsw ale version 1.4
[    0.761492] cpsw-switch 4a100000.switch: ALE Table size 1024
[    0.761771] cpsw-switch 4a100000.switch: cpts: overflow check period 500 (jiffies)
[    0.761790] cpsw-switch 4a100000.switch: CPTS: ref_clk_freq:250000000 calc_mult:2147483648 calc_shift:29 error:0 nsec/sec
[    0.761902] cpsw-switch 4a100000.switch: Detected MACID = 6c:ec:eb:68:de:78
[    0.763708] cpsw-switch 4a100000.switch: initialized (regs 0x4a100000, pool size 256) hw_ver:0019010C 1.12 (0)
[    0.774479] debugfs: Directory '49000000.dma' with parent 'dmaengine' already present!
[    0.774523] edma 49000000.dma: TI EDMA DMA engine driver
[    0.831775] hw perfevents: enabled with armv7_cortex_a8 PMU driver, 5 counters available
[    0.832714] gpio-clk clk_mcasp0: using DT '/clk_mcasp0' for 'enable' GPIO lookup
[    0.832786] of_get_named_gpiod_flags: parsed 'enable-gpios' property of node '/clk_mcasp0[0]' - status (0)
[    0.832831] gpio gpiochip0: Persistence not supported for GPIO 27
[    0.833651] gpiochip_find_base: found new base at 608
[    0.833713] gpio gpiochip3: (gpio-96-127): created GPIO range 0->7 ==> 44e10800.pinmux PIN 82->89
[    0.833731] gpio gpiochip3: (gpio-96-127): created GPIO range 8->11 ==> 44e10800.pinmux PIN 52->55
[    0.833747] gpio gpiochip3: (gpio-96-127): created GPIO range 12->15 ==> 44e10800.pinmux PIN 94->97
[    0.833762] gpio gpiochip3: (gpio-96-127): created GPIO range 16->17 ==> 44e10800.pinmux PIN 71->72
[    0.833778] gpio gpiochip3: (gpio-96-127): created GPIO range 18->18 ==> 44e10800.pinmux PIN 135->135
[    0.833794] gpio gpiochip3: (gpio-96-127): created GPIO range 19->20 ==> 44e10800.pinmux PIN 108->109
[    0.833810] gpio gpiochip3: (gpio-96-127): created GPIO range 21->21 ==> 44e10800.pinmux PIN 73->73
[    0.833826] gpio gpiochip3: (gpio-96-127): created GPIO range 22->23 ==> 44e10800.pinmux PIN 8->9
[    0.833844] gpio gpiochip3: (gpio-96-127): created GPIO range 26->27 ==> 44e10800.pinmux PIN 10->11
[    0.833861] gpio gpiochip3: (gpio-96-127): created GPIO range 28->28 ==> 44e10800.pinmux PIN 74->74
[    0.833878] gpio gpiochip3: (gpio-96-127): created GPIO range 29->29 ==> 44e10800.pinmux PIN 81->81
[    0.833896] gpio gpiochip3: (gpio-96-127): created GPIO range 30->31 ==> 44e10800.pinmux PIN 28->29
[    0.839393] l3-aon-clkctrl:0000:0: failed to disable
[    0.845530] gpio gpiochip3: (gpio-96-127): added GPIO chardev (254:3)
[    0.845676] gpio gpiochip3: registered GPIOs 608 to 639 on gpio-96-127
[    0.847497] omap8250 44e09000.serial: using DT '/ocp/interconnect@44c00000/segment@200000/target-module@9000/serial@0' for 'rs485-term' GPIO lookup
[    0.847570] of_get_named_gpiod_flags: can't parse 'rs485-term-gpios' property of node '/ocp/interconnect@44c00000/segment@200000/target-module@9000/serial@0[0]'
[    0.847614] of_get_named_gpiod_flags: can't parse 'rs485-term-gpio' property of node '/ocp/interconnect@44c00000/segment@200000/target-module@9000/serial@0[0]'
[    0.847649] omap8250 44e09000.serial: using lookup tables for GPIO lookup
[    0.847659] omap8250 44e09000.serial: No GPIO consumer rs485-term found
[    0.847669] omap8250 44e09000.serial: using DT '/ocp/interconnect@44c00000/segment@200000/target-module@9000/serial@0' for 'rs485-rx-during-tx' GPIO lookup
[    0.847705] of_get_named_gpiod_flags: can't parse 'rs485-rx-during-tx-gpios' property of node '/ocp/interconnect@44c00000/segment@200000/target-module@9000/serial@0[0]'
[    0.847743] of_get_named_gpiod_flags: can't parse 'rs485-rx-during-tx-gpio' property of node '/ocp/interconnect@44c00000/segment@200000/target-module@9000/serial@0[0]'
[    0.847774] omap8250 44e09000.serial: using lookup tables for GPIO lookup
[    0.847782] omap8250 44e09000.serial: No GPIO consumer rs485-rx-during-tx found
[    0.848127] 44e09000.serial: ttyS0 at MMIO 0x44e09000 (irq = 34, base_baud = 3000000) is a 8250
[    0.848206] printk: console [ttyS0] enabled
[    2.137170] i2c i2c-0: using DT '/ocp/interconnect@44c00000/segment@200000/target-module@b000/i2c@0' for 'scl' GPIO lookup
[    2.137256] of_get_named_gpiod_flags: can't parse 'scl-gpios' property of node '/ocp/interconnect@44c00000/segment@200000/target-module@b000/i2c@0[0]'
[    2.137301] of_get_named_gpiod_flags: can't parse 'scl-gpio' property of node '/ocp/interconnect@44c00000/segment@200000/target-module@b000/i2c@0[0]'
[    2.137338] i2c i2c-0: using lookup tables for GPIO lookup
[    2.137351] i2c i2c-0: No GPIO consumer scl found
[    2.137373] i2c i2c-0: using DT '/ocp/interconnect@44c00000/segment@200000/target-module@b000/i2c@0' for 'sda' GPIO lookup
[    2.137412] of_get_named_gpiod_flags: can't parse 'sda-gpios' property of node '/ocp/interconnect@44c00000/segment@200000/target-module@b000/i2c@0[0]'
[    2.137451] of_get_named_gpiod_flags: can't parse 'sda-gpio' property of node '/ocp/interconnect@44c00000/segment@200000/target-module@b000/i2c@0[0]'
[    2.137485] i2c i2c-0: using lookup tables for GPIO lookup
[    2.137494] i2c i2c-0: No GPIO consumer sda found
[    2.165870] tps65217-pmic: Failed to locate of_node [id: -1]
[    2.171900] tps65217-bl: Failed to locate of_node [id: -1]
[    2.182812] tps65217 0-0024: TPS65217 ID 0xe version 1.2
[    2.188924] /ocp/interconnect@48000000/segment@300000/target-module@e000/lcdc@0: Fixed dependency cycle(s) with /ocp/interconnect@44c00000/segment@200000/target-module@b000/i2c@0/tda19988@70
[    2.206268] /ocp/interconnect@44c00000/segment@200000/target-module@b000/i2c@0/tda19988@70: Fixed dependency cycle(s) with /ocp/interconnect@48000000/segment@300000/target-module@e000/lcdc@0
[    2.223628] omap_i2c 44e0b000.i2c: bus 0 rev0.11 at 400 kHz
[    2.231337] sdhci-omap 48060000.mmc: using DT '/ocp/interconnect@48000000/segment@0/target-module@60000/mmc@0' for 'cd' GPIO lookup
[    2.231438] of_get_named_gpiod_flags: parsed 'cd-gpios' property of node '/ocp/interconnect@48000000/segment@0/target-module@60000/mmc@0[0]' - status (0)
[    2.231556] gpio gpiochip3: Persistence not supported for GPIO 6
[    2.231582] omap_gpio 44e07000.gpio: Could not set line 6 debounce to 200000 microseconds (-22)
[    2.240452] sdhci-omap 48060000.mmc: Got CD GPIO
[    2.245128] sdhci-omap 48060000.mmc: using DT '/ocp/interconnect@48000000/segment@0/target-module@60000/mmc@0' for 'wp' GPIO lookup
[    2.245178] of_get_named_gpiod_flags: can't parse 'wp-gpios' property of node '/ocp/interconnect@48000000/segment@0/target-module@60000/mmc@0[0]'
[    2.245221] of_get_named_gpiod_flags: can't parse 'wp-gpio' property of node '/ocp/interconnect@48000000/segment@0/target-module@60000/mmc@0[0]'
[    2.245257] sdhci-omap 48060000.mmc: using lookup tables for GPIO lookup
[    2.245270] sdhci-omap 48060000.mmc: No GPIO consumer wp found
[    2.245464] sdhci-omap 48060000.mmc: supply pbias not found, using dummy regulator
[    2.254516] sdhci-omap 481d8000.mmc: using DT '/ocp/interconnect@48000000/segment@100000/target-module@d8000/mmc@0' for 'wp' GPIO lookup
[    2.254595] of_get_named_gpiod_flags: can't parse 'wp-gpios' property of node '/ocp/interconnect@48000000/segment@100000/target-module@d8000/mmc@0[0]'
[    2.254641] of_get_named_gpiod_flags: can't parse 'wp-gpio' property of node '/ocp/interconnect@48000000/segment@100000/target-module@d8000/mmc@0[0]'
[    2.254677] sdhci-omap 481d8000.mmc: using lookup tables for GPIO lookup
[    2.254689] sdhci-omap 481d8000.mmc: No GPIO consumer wp found
[    2.255989] sdhci-omap 48060000.mmc: supply vqmmc not found, using dummy regulator
[    2.264567] sdhci-omap 481d8000.mmc: supply pbias not found, using dummy regulator
[    2.273773] sdhci-omap 481d8000.mmc: supply vqmmc not found, using dummy regulator
[    2.312422] mmc1: SDHCI controller on 481d8000.mmc [481d8000.mmc] using External DMA
[    2.321545] mmc0: SDHCI controller on 48060000.mmc [48060000.mmc] using External DMA
[    2.330190] cpsw-switch 4a100000.switch: starting ndev. mode: dual_mac
[    2.374075] mmc0: new high speed SDHC card at address 5048
[    2.381036] mmcblk0: mmc0:5048 SD16G 14.4 GiB
[    2.388849]  mmcblk0: p1 p2
[    2.392144] mmcblk0: p2 size 31221760 extends beyond EOD, truncated
[    2.406652] mmc1: new high speed MMC card at address 0001
[    2.413323] mmcblk1: mmc1:0001 MMC04G 3.60 GiB
[    2.420435]  mmcblk1: p1 p2
[    2.424605] mmcblk1boot0: mmc1:0001 MMC04G 2.00 MiB
[    2.431884] mmcblk1boot1: mmc1:0001 MMC04G 2.00 MiB
[    2.438847] mmcblk1rpmb: mmc1:0001 MMC04G 128 KiB, chardev (250:0)
[    2.445603] SMSC LAN8710/LAN8720 4a101000.mdio:00: attached PHY driver (mii_bus:phy_addr=4a101000.mdio:00, irq=POLL)
[    7.685686] cpsw-switch 4a100000.switch eth0: Link is Up - 100Mbps/Full - flow control off
[    7.734982] IP-Config: Complete:
[    7.738253]      device=eth0, hwaddr=6c:ec:eb:68:de:78, ipaddr=192.168.255.1, mask=255.255.255.0, gw=255.255.255.255
[    7.748870]      host=bbb1, domain=, nis-domain=(none)
[    7.754034]      bootserver=192.168.255.126, rootserver=192.168.255.126, rootpath=
[    7.754443] clk: Disabling unused clocks
[    7.766291] KTAP version 1
[    7.769017] 1..0
[    7.798245] VFS: Mounted root (nfs filesystem) on device 0:16.
[    7.805139] devtmpfs: mounted
[    7.809897] Freeing unused kernel image (initmem) memory: 1024K
[    7.816629] Run /sbin/init as init process
[    7.820756]   with arguments:
[    7.820767]     /sbin/init
[    7.820774]     nfsrootdebug
[    7.820782]   with environment:
[    7.820788]     HOME=/
[    7.820795]     TERM=linux
[    8.496337] systemd[1]: System time before build time, advancing clock.
[    9.934955] random: crng init done
[    9.996405] systemd[1]: systemd 232 running in system mode. (+PAM +AUDIT +SELINUX +IMA +APPARMOR +SMACK +SYSVINIT +UTMP +LIBCRYPTSETUP +GCRYPT +GNUTLS +ACL +XZ +LZ4 +SECCOMP +BLKID +ELFUTILS +KMOD +IDN)
[   10.015456] systemd[1]: Detected architecture arm.
[   10.057818] systemd[1]: Set hostname to <arm>.
[   11.106574] systemd[1]: Created slice System Slice.
[   11.145521] systemd[1]: Reached target Remote File Systems.
[   11.186328] systemd[1]: Created slice system-serial\x2dgetty.slice.
[   11.227040] systemd[1]: Listening on Journal Socket.
[   11.265421] systemd[1]: dev-hugepages.mount: Couldn't determine result for ConditionVirtualization=!private-users, assuming failed: No such file or directory
[   11.280515] systemd[1]: Started Forward Password Requests to Wall Directory Watch.
[   11.316238] systemd[1]: Created slice User and Session Slice.
[   13.397176] systemd-journald[90]: Received request to flush runtime journal from PID 1
[   16.137677] leds-gpio leds: using DT '/leds/led2' for '(null)' GPIO lookup
[   16.137778] of_get_named_gpiod_flags: parsed 'gpios' property of node '/leds/led2[0]' - status (0)
[   16.137831] gpio gpiochip0: Persistence not supported for GPIO 21
[   16.137845] gpio-533 (?): no flags found for (null)
[   16.138140] leds-gpio leds: using DT '/leds/led3' for '(null)' GPIO lookup
[   16.138205] of_get_named_gpiod_flags: parsed 'gpios' property of node '/leds/led3[0]' - status (0)
[   16.138241] gpio gpiochip0: Persistence not supported for GPIO 22
[   16.138253] gpio-534 (?): no flags found for (null)
[   16.182998] leds-gpio leds: using DT '/leds/led4' for '(null)' GPIO lookup
[   16.183107] of_get_named_gpiod_flags: parsed 'gpios' property of node '/leds/led4[0]' - status (0)
[   16.183156] gpio gpiochip0: Persistence not supported for GPIO 23
[   16.183168] gpio-535 (?): no flags found for (null)
[   16.214160] leds-gpio leds: using DT '/leds/led5' for '(null)' GPIO lookup
[   16.214271] of_get_named_gpiod_flags: parsed 'gpios' property of node '/leds/led5[0]' - status (0)
[   16.214323] gpio gpiochip0: Persistence not supported for GPIO 24
[   16.214336] gpio-536 (?): no flags found for (null)
[   16.650426] omap_wdt: OMAP Watchdog Timer Rev 0x01: initial timeout 60 sec
