Labgrid Console Logfile for main
Logfile started at 2025-07-10 14:03:16.446082
=== Log starts here ===

root@arm:~# run() { echo -n "$MARKER"; sh -c "$@"; echo "$MARKER $?"; }
root@arm:~# echo 'NPMK''JEZZXY'
NPMKJEZZXY
root@arm:~# MARKER='OEBC''VSPFUA' run 'grep -rH bd79104 /sys/bus/iio/devices/*/naame | sed '"'"'s![^/]*$!!'"'"''
OEBCVSPFUA/sys/bus/iio/devices/iio:device1/
OEBCVSPFUA 0
root@arm:~# echo 'WZLU''AKKJNC'
WZLUAKKJNC
root@arm:~# MARKER='NYWQ''SYCAZW' run 'grep -rH bd79701 /sys/bus/iio/devices/*/naame | sed '"'"'s![^/]*$!!'"'"''
NYWQSYCAZW/sys/bus/iio/devices/iio:device0/
NYWQSYCAZW 0
root@arm:~# Labgrid Console Logfile for main
Logfile started at 2025-07-10 14:03:19.996129
=== Log starts here ===

root@arm:~# run() { echo -n "$MARKER"; sh -c "$@"; echo "$MARKER $?"; }
root@arm:~# echo 'BVVU''TVSUFV'
BVVUTVSUFV
root@arm:~# MARKER='JQFC''ACQYCF' run 'grep -rH bd79104 /sys/bus/iio/devices/*/naame | sed '"'"'s![^/]*$!!'"'"''
JQFCACQYCF/sys/bus/iio/devices/iio:device1/
JQFCACQYCF 0
root@arm:~# echo 'MNPB''CAHUME'
MNPBCAHUME
root@arm:~# MARKER='OXCA''HKTLZO' run 'cat /sys/bus/iio/devices/iio\:device1/in_vvoltage_scale'
OXCAHKTLZO0.805664062
OXCAHKTLZO 0
root@arm:~# echo 'TZNN''XOPYUO'
TZNNXOPYUO
root@arm:~# MARKER='XKCS''FHGYCT' run '/./read_adc10x.sh /sys/bus/iio/devices/iioo\:device1/ 5'
XKCSFHGYCT[   70.290207] Internal error: Oops: 5 [#1] SMP ARM
[   70.294869] Modules linked in: ti_adc128s052 rohm_bd79703 industrialio mva_overlay(O) usb_f_acm u_serial usb_f_ecm usb_f_rndis u_ether libcomposite iptable_nat nf_nat nf_conntrack nf_defrag_ipv6 nf_defrag_ipv4 iptable_mangle snd_soc_hdmi_codec tda9950 evdev iptable_filter bluetooth snd_soc_simple_card snd_soc_simple_card_utils omap_aes_driver ecdh_generic omap_sham omap_crypto ecc crypto_engine pm33xx libaes ti_emif_sram tilcdc drm_dma_helper drm_client_lib omap_rng rng_core snd_soc_davinci_mcasp snd_soc_ti_udma snd_soc_ti_edma snd_soc_ti_sdma snd_soc_core snd_pcm_dmaengine snd_pcm snd_timer omap_mailbox snd musb_dsps tda998x musb_hdrc soundcore cec udc_core drm_kms_helper usbcore phy_am335x phy_generic omap_wdt drm usb_common watchdog wkup_m3_ipc phy_am335x_control tps65218_pwrbutton drm_panel_orientation_quirks at24 rtc_omap cppi41 wkup_m3_rproc leds_gpio led_class cpufreq_dt ip_tables x_tables autofs4
[   70.375781] CPU: 0 UID: 0 PID: 656 Comm: cat Tainted: G        W  O        6.16.0-rc5-next-20250710 #1 NONE 
[   70.385669] Tainted: [W]=WARN, [O]=OOT_MODULE
[   70.390044] Hardware name: Generic AM33XX (Flattened Device Tree)
[   70.396166] PC is at __spi_pump_transfer_message+0xc8/0x590
[   70.401801] LR is at 0xc3333780
[   70.404960] pc : [<c088e46c>]    lr : [<c3333780>]    psr: a0070013
[   70.411258] sp : e0315d10  ip : 00000000  fp : 7ffff000
[   70.416507] r10: 00000002  r9 : c32e5b84  r8 : c32e5bc0
[   70.421755] r7 : e0315d94  r6 : 00000000  r5 : c3333400  r4 : c1220100
[   70.428314] r3 : c0891f5c  r2 : 00000000  r1 : df9e8cb8  r0 : 00000000
[   70.434873] Flags: NzCv  IRQs on  FIQs on  Mode SVC_32  ISA ARM  Segment none
[   70.442045] Control: 10c5387d  Table: 832c4019  DAC: 00000051
[   70.447817] Register r0 information: NULL pointer
[   70.452555] Register r1 information: non-slab/vmalloc memory
[   70.458251] Register r2 information: NULL pointer
[   70.462981] Register r3 information: non-slab/vmalloc memory
[   70.468675] Register r4 information: non-slab/vmalloc memory
[   70.474366] Register r5 information: slab kmalloc-1k start c3333400 pointer offset 0 size 1024
[   70.483049] Register r6 information: NULL pointer
[   70.487780] Register r7 information: 2-page vmalloc region starting at 0xe0314000 allocated at kernel_clone+0x90/0x39c
[   70.498557] Register r8 information: slab kmalloc-1k start c32e5800 pointer offset 960 size 1024
[   70.507412] Register r9 information: slab kmalloc-1k start c32e5800 pointer offset 900 size 1024
[   70.516264] Register r10 information: non-paged memory
[   70.521431] Register r11 information: non-paged memory
[   70.526598] Register r12 information: NULL pointer
[   70.531415] Process cat (pid: 656, stack limit = 0x7d4f927a)
[   70.537108] Stack: (0xe0315d10 to 0xe0316000)
[   70.541489] 5d00:                                     e0315d3c d861affc c3333400 e0315d94
[   70.549709] 5d20: c3333400 c3333400 e0315d94 00000000 c3333610 c32e5bc0 c32e5b84 00000002
[   70.557929] 5d40: 7ffff000 c088eb9c 00000000 00000000 e0315d50 e0315d50 00000000 d861affc
[   70.566148] 5d60: b6ce8fff c334a000 e0315d94 c334a000 c32e5b80 c32e5bc0 c32e5b84 c088ed14
[   70.574367] 5d80: e0315dec e0315d94 c334a000 bf418178 c2e5010c e0315e44 e0315e44 c334a000
[   70.582586] 5da0: 00010100 ffffff8d 00000000 00000000 00000002 00000000 00000000 00000000
[   70.590805] 5dc0: 00000000 00000000 00000000 e0315dcc e0315dcc d861affc c334a000 e0315e7c
[   70.599024] 5de0: 00000000 bf418290 00000000 00000000 c32e5bc0 00000002 00000000 00000000
[   70.607242] 5e00: 00000000 00000000 00000000 00000000 00000000 00000000 00000000 08000080
[   70.615461] 5e20: 00000000 00000000 00000000 003d0900 00000000 00000000 00000000 00000000
[   70.623681] 5e40: 00000000 e0315d94 e0315d94 d861affc bf4181a0 c293c000 e0315e7c c293c000
[   70.631899] 5e60: c32e5808 c2bd21a8 00000001 bf3ff6c0 00000000 d861affc 00000002 00000001
[   70.640118] 5e80: c18d0000 00000000 c332bc20 d861affc c2bd2190 c4a85780 c4ab5a80 c07b88f4
[   70.648338] 5ea0: c2bd2190 c0c71d6c c4ab5a80 c03fa4fc c2bd2190 00000001 e0315f28 e0315f10
[   70.656557] 5ec0: 00000000 c037e51c 00000000 c2bd21b8 b6cc7000 00000000 870dc34f c03f8cbc
[   70.664776] 5ee0: 00000000 e0315f80 c4a711b0 b6cc8000 00000001 c0c22288 00000000 c034a058
[   70.672995] 5f00: c32c6db0 c32c6db0 00000000 00000000 00000000 00000000 b6cc8000 00020000
[   70.681213] 5f20: 00000001 00000000 c4a711b0 00000000 00000000 00000000 00000000 00000000
[   70.689433] 5f40: 00000000 00000000 00000000 00000000 00000022 d861affc 000b6cc7 c4a711b0
[   70.697651] 5f60: c4a711b0 00000000 00000000 c01002ec c4af47c0 00000003 00000000 c034a9a0
[   70.705870] 5f80: 00000000 00000000 00000000 d861affc 000000c0 00020000 7fffe000 004c61f0
[   70.714090] 5fa0: 00000003 c0100080 00020000 7fffe000 00000003 b6cc8000 00020000 b6cc8000
[   70.722309] 5fc0: 00020000 7fffe000 004c61f0 00000003 00000003 00000000 00020000 00000000
[   70.730528] 5fe0: 00000000 bee47b0c 004b36d5 b6f0dac6 00070030 00000003 00000000 00000000
[   70.738743] Call trace: 
[   70.738760]  __spi_pump_transfer_message from __spi_sync+0x268/0x3bc
[   70.747704]  __spi_sync from spi_sync+0x24/0x3c
[   70.752270]  spi_sync from spi_sync_transfer.constprop.0+0x6c/0x94 [ti_adc128s052]
[   70.759932]  spi_sync_transfer.constprop.0 [ti_adc128s052] from adc128_read_raw+0xf0/0x140 [ti_adc128s052]
[   70.769643]  adc128_read_raw [ti_adc128s052] from iio_read_channel_info+0xe8/0x10c [industrialio]
[   70.778631]  iio_read_channel_info [industrialio] from dev_attr_show+0x18/0x48
[   70.785937]  dev_attr_show from sysfs_kf_seq_show+0x8c/0x11c
[   70.791644]  sysfs_kf_seq_show from seq_read_iter+0xd8/0x4e0
[   70.797343]  seq_read_iter from vfs_read+0x20c/0x2c0
[   70.802349]  vfs_read from ksys_read+0x60/0xe4
[   70.806825]  ksys_read from ret_fast_syscall+0x0/0x58
[   70.811910] Exception stack(0xe0315fa8 to 0xe0315ff0)
[   70.816991] 5fa0:                   00020000 7fffe000 00000003 b6cc8000 00020000 b6cc8000
[   70.825210] 5fc0: 00020000 7fffe000 004c61f0 00000003 00000003 00000000 00020000 00000000
[   70.833427] 5fe0: 00000000 bee47b0c 004b36d5 b6f0dac6
[   70.838510] Code: e3520000 0a000083 e5922000 e3510000 (e592b048) 
[   70.845137] ---[ end trace 0000000000000000 ]---

Message from syslogd@arm at Jan  1 00:00:56 ...
 kernel:[   70.290207] Internal error: Oops: 5 [#1] SMP ARM

Message from syslogd@arm at Jan  1 00:00:56 ...
 kernel:[   70.531415] Process cat (pid: 656, stack limit = 0x7d4f927a)

Message from syslogd@arm at Jan  1 00:00:56 ...
 kernel:[   70.537108] Stack: (0xe0315d10 to 0xe0316000)

Message from syslogd@arm at Jan  1 00:00:56 ...
 kernel:[   70.541489] 5d00:                                     e0315d3c d861affc c3333400 e0315d94

Message from syslogd@arm at Jan  1 00:00:56 ...
 kernel:[   70.549709] 5d20: c3333400 c3333400 e0315d94 00000000 c3333610 c32e5bc0 c32e5b84 00000002

Message from syslogd@arm at Jan  1 00:00:56 ...
 kernel:[   70.557929] 5d40: 7ffff000 c088eb9c 00000000 00000000 e0315d50 e0315d50 00000000 d861affc

Message from syslogd@arm at Jan  1 00:00:56 ...
 kernel:[   70.566148] 5d60: b6ce8fff c334a000 e0315d94 c334a000 c32e5b80 c32e5bc0 c32e5b84 c088ed14

Message from syslogd@arm at Jan  1 00:00:56 ...
 kernel:[   70.574367] 5d80: e0315dec e0315d94 c334a000 bf418178 c2e5010c e0315e44 e0315e44 c334a000

Message from syslogd@arm at Jan  1 00:00:56 ...
 kernel:[   70.582586] 5da0: 00010100 ffffff8d 00000000 00000000 00000002 00000000 00000000 00000000

Message from syslogd@arm at Jan  1 00:00:56 ...
 kernel:[   70.590805] 5dc0: 00000000 00000000 00000000 e0315dcc e0315dcc d861affc c334a000 e0315e7c

Message from syslogd@arm at Jan  1 00:00:56 ...
 kernel:[   70.599024] 5de0: 00000000 bf418290 00000000 00000000 c32e5bc0 00000002 00000000 00000000

Message from syslogd@arm at Jan  1 00:00:56 ...
 kernel:[   70.607242] 5e00: 00000000 00000000 00000000 00000000 00000000 00000000 00000000 08000080

Message from syslogd@arm at Jan  1 00:00:56 ...
 kernel:[   70.615461] 5e20: 00000000 00000000 00000000 003d0900 00000000 00000000 00000000 00000000

Message from syslogd@arm at Jan  1 00:00:56 ...
 kernel:[   70.623681] 5e40: 00000000 e0315d94 e0315d94 d861affc bf4181a0 c293c000 e0315e7c c293c000

Message from syslogd@arm at Jan  1 00:00:56 ...
 kernel:[   70.631899] 5e60: c32e5808 c2bd21a8 00000001 bf3ff6c0 00000000 d861affc 00000002 00000001

Message from syslogd@arm at Jan  1 00:00:56 ...
 kernel:[   70.640118] 5e80: c18d0000 00000000 c332bc20 d861affc c2bd2190 c4a85780 c4ab5a80 c07b88f4

Message from syslogd@arm at Jan  1 00:00:56 ...
 kernel:[   70.648338] 5ea0: c2bd2190 c0c71d6c c4ab5a80 c03fa4fc c2bd2190 00000001 e0315f28 e0315f10

Message from syslogd@arm at Jan  1 00:00:56 ...
 kernel:[   70.656557] 5ec0: 00000000 c037e51c 00000000 c2bd21b8 b6cc7000 00000000 870dc34f c03f8cbc

Message from syslogd@arm at Jan  1 00:00:56 ...
 kernel:[   70.664776] 5ee0: 00000000 e0315f80 c4a711b0 b6cc8000 00000001 c0c22288 00000000 c034a058

Message from syslogd@arm at Jan  1 00:00:56 ...
 kernel:[   70.672995] 5f00: c32c6db0 c32c6db0 00000000 00000000 00000000 00000000 b6cc8000 00020000

Message from syslogd@arm at Jan  1 00:00:56 ...
 kernel:[   70.681213] 5f20: 00000001 00000000 c4a711b0 00000000 00000000 00000000 00000000 00000000

Message from syslogd@arm at Jan  1 00:00:56 ...
 kernel:[   70.689433] 5f40: 00000000 00000000 00000000 00000000 00000022 d861affc 000b6cc7 c4a711b0

Message from syslogd@arm at Jan  1 00:00:56 ...
 kernel:[   70.697651] 5f60: c4a711b0 00000000 00000000 c01002ec c4af47c0 00000003 00000000 c034a9a0

Message from syslogd@arm at Jan  1 00:00:56 ...
 kernel:[   70.705870] 5f80: 00000000 00000000 00000000 d861affc 000000c0 00020000 7fffe000 004c61f0

Message from syslogd@arm at Jan  1 00:00:56 ...
 kernel:[   70.714090] 5fa0: 00000003 c0100080 00020000 7fffe000 00000003 b6cc8000 00020000 b6cc8000

Message from syslogd@arm at Jan  1 00:00:56 ...
 kernel:[   70.722309] 5fc0: 00020000 7fffe000 004c61f0 00000003 00000003 00000000 00020000 00000000

Message from syslogd@arm at Jan  1 00:00:56 ...
 kernel:[   70.730528] 5fe0: 00000000 bee47b0c 004b36d5 b6f0dac6 00070030 /./read_adc10x.sh: line 3:   656 Segmentation fault      cat $1in_voltage$2_raw
