Labgrid Console Logfile for main
Logfile started at 2024-12-14 23:24:03.545896
=== Log starts here ===
reading args
spl_load_image_fat_os: error reading image args, err - -1
reading u-boot.img
reading u-boot.img


U-Boot 2014.04-00014-g47880f5 (Apr 22 2014 - 13:23:54)

I2C:   ready
DRAM:  512 MiB
NAND:  0 MiB
MMC:   OMAP SD/MMC: 0, OMAP SD/MMC: 1
*** Warning - readenv() failed, using default environment

Net:   <ethaddr> not set. Validating first E-fuse MAC
cpsw, usb_ether
Hit any key to stop autoboot:  1  0 
gpio: pin 53 (gpio 53) value is 1
mmc0 is current device
gpio: pin 54 (gpio 54) value is 1
SD/MMC found on device 0
reading uEnv.txt
584 bytes read in 4 ms (142.6 KiB/s)
gpio: pin 55 (gpio 55) value is 1
Loaded environment from uEnv.txt
Importing environment from mmc ...
Checking if uenvcmd is set ...
gpio: pin 56 (gpio 56) value is 1
Running uenvcmd ...
cpsw Waiting for PHY auto negotiation to complete. done
link up on port 0, speed 100, full duplex
Using cpsw device
TFTP from server 192.168.255.126; our IP address is 192.168.255.1
Filename 'zImage'.
Load address: 0x81000000
Loading: *#################################################################
	 #################################################################
	 #################################################################
	 #################################################################
	 #################################################################
	 ######################################
	 2.4 MiB/s
done
Bytes transferred = 5315184 (511a70 hex)
link up on port 0, speed 100, full duplex
Using cpsw device
TFTP from server 192.168.255.126; our IP address is 192.168.255.1
Filename 'am335x-boneblack.dtb'.
Load address: 0x82000000
Loading: *#######
	 2.2 MiB/s
done
Bytes transferred = 97772 (17dec hex)
Kernel image @ 0x81000000 [ 0x000000 - 0x511a70 ]
## Flattened Device Tree blob at 82000000
   Booting using the fdt blob at 0x82000000
   Using Device Tree in place at 82000000, end 8201adeb

Starting kernel ...

[    0.000000] Booting Linux on physical CPU 0x0
[    0.000000] Linux version 6.6.66 (user01@drvtest01) (arm-linux-gnueabihf-gcc (Linaro GCC 6.4-2017.11) 6.4.1 20171012, GNU ld (Linaro_Binutils-2017.11) 2.27.0.20161229) #17 SMP Sat Dec 14 23:18:36 EET 2024
[    0.000000] CPU: ARMv7 Processor [413fc082] revision 2 (ARMv7), cr=10c5387d
[    0.000000] CPU: PIPT / VIPT nonaliasing data cache, VIPT aliasing instruction cache
[    0.000000] OF: fdt: Machine model: TI AM335x BeagleBone Black
[    0.000000] earlycon: omap8250 at MMIO 0x44e09000 (options '')
[    0.000000] printk: bootconsole [omap8250] enabled
[    0.000000] Memory policy: Data cache writeback
[    0.000000] cma: Reserved 16 MiB at 0x9e800000 on node -1
[    0.000000] Zone ranges:
[    0.000000]   Normal   [mem 0x0000000080000000-0x000000009fdfffff]
[    0.000000]   HighMem  empty
[    0.000000] Movable zone start for each node
[    0.000000] Early memory node ranges
[    0.000000]   node   0: [mem 0x0000000080000000-0x000000009fdfffff]
[    0.000000] Initmem setup node 0 [mem 0x0000000080000000-0x000000009fdfffff]
[    0.000000] CPU: All CPU(s) started in SVC mode.
[    0.000000] AM335X ES2.1 (sgx neon)
[    0.000000] percpu: Embedded 16 pages/cpu s36052 r8192 d21292 u65536
[    0.000000] pcpu-alloc: s36052 r8192 d21292 u65536 alloc=16*4096
[    0.000000] pcpu-alloc: [0] 0 
[    0.000000] Kernel command line: console=ttyO0,115200n8 debug earlycon root=/dev/nfs rw nfsroot=192.168.255.126:/home/user01/nfs,nfsvers=3 ip=192.168.255.1:192.168.255.126::255.255.255.0:bbb1:eth0 nfsrootdebug
[    0.000000] Unknown kernel command line parameters "nfsrootdebug", will be passed to user space.
[    0.000000] Dentry cache hash table entries: 65536 (order: 6, 262144 bytes, linear)
[    0.000000] Inode-cache hash table entries: 32768 (order: 5, 131072 bytes, linear)
[    0.000000] Built 1 zonelists, mobility grouping on.  Total pages: 129412
[    0.000000] mem auto-init: stack:off, heap alloc:off, heap free:off
[    0.000000] Memory: 483604K/522240K available (11264K kernel code, 1163K rwdata, 2704K rodata, 1024K init, 283K bss, 22252K reserved, 16384K cma-reserved, 0K highmem)
[    0.000000] SLUB: HWalign=64, Order=0-3, MinObjects=0, CPUs=1, Nodes=1
[    0.000000] trace event string verifier disabled
[    0.000000] rcu: Hierarchical RCU implementation.
[    0.000000] rcu: 	RCU event tracing is enabled.
[    0.000000] rcu: 	RCU restricting CPUs from NR_CPUS=2 to nr_cpu_ids=1.
[    0.000000] rcu: RCU calculated value of scheduler-enlistment delay is 10 jiffies.
[    0.000000] rcu: Adjusting geometry for rcu_fanout_leaf=16, nr_cpu_ids=1
[    0.000000] NR_IRQS: 16, nr_irqs: 16, preallocated irqs: 16
[    0.000000] IRQ: Found an INTC at 0x(ptrval) (revision 5.0) with 128 interrupts
[    0.000000] rcu: srcu_init: Setting srcu_struct sizes based on contention.
[    0.000000] TI gptimer clocksource: always-on /ocp/interconnect@44c00000/segment@200000/target-module@31000
[    0.000002] sched_clock: 32 bits at 24MHz, resolution 41ns, wraps every 89478484971ns
[    0.008073] clocksource: dmtimer: mask: 0xffffffff max_cycles: 0xffffffff, max_idle_ns: 79635851949 ns
[    0.018150] TI gptimer clockevent: 24000000 Hz at /ocp/interconnect@48000000/segment@0/target-module@40000
[    0.029686] Console: colour dummy device 80x30
[    0.034310] WARNING: Your 'console=ttyO0' has been replaced by 'ttyS0'
[    0.041134] This ensures that you still see kernel messages. Please
[    0.047582] update your kernel commandline.
[    0.051937] Calibrating delay loop... 996.14 BogoMIPS (lpj=4980736)
[    0.094638] CPU: Testing write buffer coherency: ok
[    0.099764] CPU0: Spectre v2: using BPIALL workaround
[    0.104966] pid_max: default: 32768 minimum: 301
[    0.109840] LSM: initializing lsm=capability,integrity
[    0.115299] Mount-cache hash table entries: 1024 (order: 0, 4096 bytes, linear)
[    0.122873] Mountpoint-cache hash table entries: 1024 (order: 0, 4096 bytes, linear)
[    0.132388] CPU0: thread -1, cpu 0, socket -1, mpidr 0
[    0.139488] Setting up static identity map for 0x80100000 - 0x80100078
[    0.146524] rcu: Hierarchical SRCU implementation.
[    0.151527] rcu: 	Max phase no-delay instances is 1000.
[    0.158470] smp: Bringing up secondary CPUs ...
[    0.163195] smp: Brought up 1 node, 1 CPU
[    0.167325] SMP: Total of 1 processors activated (996.14 BogoMIPS).
[    0.173865] CPU: All CPU(s) started in SVC mode.
[    0.179637] devtmpfs: initialized
[    0.200252] VFP support v0.3: implementor 41 architecture 3 part 30 variant c rev 3
[    0.208608] clocksource: jiffies: mask: 0xffffffff max_cycles: 0xffffffff, max_idle_ns: 19112604462750000 ns
[    0.218792] futex hash table entries: 256 (order: 2, 16384 bytes, linear)
[    0.227047] pinctrl core: initialized pinctrl subsystem
[    0.235266] NET: Registered PF_NETLINK/PF_ROUTE protocol family
[    0.244037] DMA: preallocated 256 KiB pool for atomic coherent allocations
[    0.251835] audit: initializing netlink subsys (disabled)
[    0.258826] thermal_sys: Registered thermal governor 'fair_share'
[    0.258854] thermal_sys: Registered thermal governor 'step_wise'
[    0.265130] thermal_sys: Registered thermal governor 'user_space'
[    0.271459] audit: type=2000 audit(0.220:1): state=initialized audit_enabled=0 res=1
[    0.285793] cpuidle: using governor menu
[    0.306500] /ocp/interconnect@44c00000/segment@200000/target-module@b000/i2c@0/tda19988@70: Fixed dependency cycle(s) with /ocp/interconnect@48000000/segment@300000/target-module@e000/lcdc@0
[    0.325181] /ocp/interconnect@48000000/segment@300000/target-module@e000/lcdc@0: Fixed dependency cycle(s) with /ocp/interconnect@44c00000/segment@200000/target-module@b000/i2c@0/tda19988@70
[    0.344809] No ATAGs?
[    0.347170] hw-breakpoint: debug architecture 0x4 unsupported.
[    0.356451] kprobes: kprobe jump-optimization is enabled. All kprobes are optimized if possible.
[    0.400198] iommu: Default domain type: Translated
[    0.405154] iommu: DMA domain TLB invalidation policy: strict mode
[    0.413080] SCSI subsystem initialized
[    0.417777] reg-fixed-voltage fixedregulator0: using DT '/fixedregulator0' for '(null)' GPIO lookup
[    0.427231] of_get_named_gpiod_flags: can't parse 'gpios' property of node '/fixedregulator0[0]'
[    0.436323] of_get_named_gpiod_flags: can't parse 'gpio' property of node '/fixedregulator0[0]'
[    0.445319] reg-fixed-voltage fixedregulator0: using lookup tables for GPIO lookup
[    0.453131] reg-fixed-voltage fixedregulator0: No GPIO consumer (null) found
[    0.478525] libata version 3.00 loaded.
[    0.482852] pps_core: LinuxPPS API ver. 1 registered
[    0.487968] pps_core: Software ver. 5.3.6 - Copyright 2005-2007 Rodolfo Giometti <giometti@linux.it>
[    0.497473] PTP clock support registered
[    0.544552] vgaarb: loaded
[    0.547765] clocksource: Switched to clocksource dmtimer
[    0.553961] VFS: Disk quotas dquot_6.6.0
[    0.558140] VFS: Dquot-cache hash table entries: 1024 (order 0, 4096 bytes)
[    0.601819] NET: Registered PF_INET protocol family
[    0.607205] IP idents hash table entries: 8192 (order: 4, 65536 bytes, linear)
[    0.616098] tcp_listen_portaddr_hash hash table entries: 512 (order: 0, 4096 bytes, linear)
[    0.624780] Table-perturb hash table entries: 65536 (order: 6, 262144 bytes, linear)
[    0.632783] TCP established hash table entries: 4096 (order: 2, 16384 bytes, linear)
[    0.640808] TCP bind hash table entries: 4096 (order: 4, 65536 bytes, linear)
[    0.648265] TCP: Hash tables configured (established 4096 bind 4096)
[    0.654933] UDP hash table entries: 256 (order: 1, 8192 bytes, linear)
[    0.661704] UDP-Lite hash table entries: 256 (order: 1, 8192 bytes, linear)
[    0.669065] NET: Registered PF_UNIX/PF_LOCAL protocol family
[    0.694350] RPC: Registered named UNIX socket transport module.
[    0.700530] RPC: Registered udp transport module.
[    0.705372] RPC: Registered tcp transport module.
[    0.710232] RPC: Registered tcp-with-tls transport module.
[    0.715876] RPC: Registered tcp NFSv4.1 backchannel transport module.
[    0.722551] PCI: CLS 0 bytes, default 64
[    0.728416] Initialise system trusted keyrings
[    0.767277] workingset: timestamp_bits=14 max_order=17 bucket_order=3
[    0.775306] NFS: Registering the id_resolver key type
[    0.780666] Key type id_resolver registered
[    0.784973] Key type id_legacy registered
[    0.789219] jffs2: version 2.2. (NAND) (SUMMARY)  Â© 2001-2006 Red Hat, Inc.
[    0.809646] Key type asymmetric registered
[    0.813883] Asymmetric key parser 'x509' registered
[    0.819033] io scheduler mq-deadline registered
[    0.823700] io scheduler kyber registered
[    0.827948] io scheduler bfq registered
[    0.870227] Serial: 8250/16550 driver, 6 ports, IRQ sharing enabled
[    0.938356] brd: module loaded
[    0.949946] loop: module loaded
[    0.954132] mtdoops: mtd device (mtddev=name/number) must be supplied
[    0.962438] mdio_bus fixed-0: using lookup tables for GPIO lookup
[    0.968810] mdio_bus fixed-0: No GPIO consumer reset found
[    0.975744] i2c_dev: i2c /dev entries driver
[    0.981227] cpuidle: enable-method property 'ti,am3352' found operations
[    0.988687] sdhci: Secure Digital Host Controller Interface driver
[    0.995058] sdhci: Copyright(c) Pierre Ossman
[    0.999788] sdhci-pltfm: SDHCI platform and OF driver helper
[    1.047071] ledtrig-cpu: registered to indicate activity on CPUs
[    1.054119] Initializing XFRM netlink socket
[    1.058749] NET: Registered PF_INET6 protocol family
[    1.087595] Segment Routing with IPv6
[    1.091525] In-situ OAM (IOAM) with IPv6
[    1.095662] sit: IPv6, IPv4 and MPLS over IPv4 tunneling driver
[    1.102791] NET: Registered PF_PACKET protocol family
[    1.108113] NET: Registered PF_KEY protocol family
[    1.113161] Key type dns_resolver registered
[    1.117910] ThumbEE CPU extension supported.
[    1.122322] Registering SWP/SWPB emulation handler
[    1.127829] omap_voltage_late_init: Voltage driver support not added
[    1.134727] SmartReflex Class3 initialized
[    1.162990] Loading compiled-in X.509 certificates
[    1.214743] /ocp/interconnect@44c00000/segment@200000/target-module@b000/i2c@0/tda19988@70: Fixed dependency cycle(s) with /ocp/interconnect@48000000/segment@300000/target-module@e000/lcdc@0
[    1.238876] /ocp/interconnect@44c00000/segment@200000/target-module@b000/i2c@0/tda19988@70: Fixed dependency cycle(s) with /ocp/interconnect@48000000/segment@300000/target-module@e000/lcdc@0
[    1.261999] gpiochip_find_base: found new base at 512
[    1.269912] /ocp/interconnect@44c00000/segment@200000/target-module@b000/i2c@0/tda19988@70: Fixed dependency cycle(s) with /ocp/interconnect@48000000/segment@300000/target-module@e000/lcdc@0
[    1.288381] /ocp/interconnect@44c00000/segment@200000/target-module@b000/i2c@0/tda19988@70: Fixed dependency cycle(s) with /ocp/interconnect@48000000/segment@300000/target-module@e000/lcdc@0
[    1.309407] /ocp/interconnect@44c00000/segment@200000/target-module@10000/scm@0/pinmux@800: Fixed dependency cycle(s) with /ocp/interconnect@44c00000/segment@200000/target-module@10000/scm@0/pinmux@800/clkout2-pins
[    1.329736] pinctrl-single 44e10800.pinmux: 142 pins, size 568
[    1.341077] ti-sysc: probe of 44e31000.target-module failed with error -16
[    1.382580] /ocp/interconnect@48000000/segment@300000/target-module@e000/lcdc@0: Fixed dependency cycle(s) with /ocp/interconnect@44c00000/segment@200000/target-module@b000/i2c@0/tda19988@70
[    1.408257] ti-sysc: probe of 48040000.target-module failed with error -16
[    1.426786] gpiochip_find_base: found new base at 512
[    1.432234] gpio gpiochip0: (gpio-0-31): created GPIO range 0->7 ==> 44e10800.pinmux PIN 0->7
[    1.441079] gpio gpiochip0: (gpio-0-31): created GPIO range 8->11 ==> 44e10800.pinmux PIN 90->93
[    1.450157] gpio gpiochip0: (gpio-0-31): created GPIO range 12->27 ==> 44e10800.pinmux PIN 12->27
[    1.459319] gpio gpiochip0: (gpio-0-31): created GPIO range 28->31 ==> 44e10800.pinmux PIN 30->33
[    1.515444] gpio gpiochip0: (gpio-0-31): added GPIO chardev (254:0)
[    1.522118] gpio gpiochip0: registered GPIOs 512 to 543 on gpio-0-31
[    1.528779] OMAP GPIO hardware version 0.1
[    1.586589] i2c i2c-2: using DT '/ocp/interconnect@48000000/segment@100000/target-module@9c000/i2c@0' for 'scl' GPIO lookup
[    1.598261] of_get_named_gpiod_flags: can't parse 'scl-gpios' property of node '/ocp/interconnect@48000000/segment@100000/target-module@9c000/i2c@0[0]'
[    1.612298] of_get_named_gpiod_flags: can't parse 'scl-gpio' property of node '/ocp/interconnect@48000000/segment@100000/target-module@9c000/i2c@0[0]'
[    1.626221] i2c i2c-2: using lookup tables for GPIO lookup
[    1.631890] i2c i2c-2: No GPIO consumer scl found
[    1.636745] i2c i2c-2: using DT '/ocp/interconnect@48000000/segment@100000/target-module@9c000/i2c@0' for 'sda' GPIO lookup
[    1.648255] of_get_named_gpiod_flags: can't parse 'sda-gpios' property of node '/ocp/interconnect@48000000/segment@100000/target-module@9c000/i2c@0[0]'
[    1.662267] of_get_named_gpiod_flags: can't parse 'sda-gpio' property of node '/ocp/interconnect@48000000/segment@100000/target-module@9c000/i2c@0[0]'
[    1.676181] i2c i2c-2: using lookup tables for GPIO lookup
[    1.681846] i2c i2c-2: No GPIO consumer sda found
[    1.687417] omap_i2c 4819c000.i2c: bus 2 rev0.11 at 100 kHz
[    1.698810] gpiochip_find_base: found new base at 544
[    1.704080] gpio gpiochip1: (gpio-32-63): created GPIO range 0->17 ==> 44e10800.pinmux PIN 34->51
[    1.713334] gpio gpiochip1: (gpio-32-63): created GPIO range 18->21 ==> 44e10800.pinmux PIN 77->80
[    1.722599] gpio gpiochip1: (gpio-32-63): created GPIO range 22->31 ==> 44e10800.pinmux PIN 56->65
[    1.800081] gpio gpiochip1: (gpio-32-63): added GPIO chardev (254:1)
[    1.806782] gpio gpiochip1: registered GPIOs 544 to 575 on gpio-32-63
[    1.815733] gpiochip_find_base: found new base at 576
[    1.821164] gpio gpiochip2: (gpio-64-95): created GPIO range 0->4 ==> 44e10800.pinmux PIN 66->70
[    1.830261] gpio gpiochip2: (gpio-64-95): created GPIO range 5->6 ==> 44e10800.pinmux PIN 98->99
[    1.839336] gpio gpiochip2: (gpio-64-95): created GPIO range 7->8 ==> 44e10800.pinmux PIN 75->76
[    1.848409] gpio gpiochip2: (gpio-64-95): created GPIO range 13->13 ==> 44e10800.pinmux PIN 141->141
[    1.857837] gpio gpiochip2: (gpio-64-95): created GPIO range 14->21 ==> 44e10800.pinmux PIN 100->107
[    1.898062] gpio gpiochip2: (gpio-64-95): added GPIO chardev (254:2)
[    1.904756] gpio gpiochip2: registered GPIOs 576 to 607 on gpio-64-95
[    1.917952] /ocp/interconnect@48000000/segment@300000/target-module@e000/lcdc@0: Fixed dependency cycle(s) with /ocp/interconnect@44c00000/segment@200000/target-module@b000/i2c@0/tda19988@70
[    1.938463] /ocp/interconnect@48000000/segment@300000/target-module@e000/lcdc@0: Fixed dependency cycle(s) with /ocp/interconnect@44c00000/segment@200000/target-module@b000/i2c@0/tda19988@70
[    1.956740] /ocp/interconnect@44c00000/segment@200000/target-module@b000/i2c@0/tda19988@70: Fixed dependency cycle(s) with /ocp/interconnect@48000000/segment@300000/target-module@e000/lcdc@0
[    1.974417] /ocp/interconnect@48000000/segment@300000/target-module@e000/lcdc@0: Fixed dependency cycle(s) with /ocp/interconnect@44c00000/segment@200000/target-module@b000/i2c@0/tda19988@70
[    2.001572] mdio_bus 4a101000.mdio: using DT '/ocp/interconnect@4a000000/segment@0/target-module@100000/switch@0/mdio@1000' for 'reset' GPIO lookup
[    2.015410] of_get_named_gpiod_flags: can't parse 'reset-gpios' property of node '/ocp/interconnect@4a000000/segment@0/target-module@100000/switch@0/mdio@1000[0]'
[    2.030440] of_get_named_gpiod_flags: can't parse 'reset-gpio' property of node '/ocp/interconnect@4a000000/segment@0/target-module@100000/switch@0/mdio@1000[0]'
[    2.045382] mdio_bus 4a101000.mdio: using lookup tables for GPIO lookup
 [    2.052216] mdio_bus 4a101000.mdio: No GPIO consumer reset  found
[    2.069227] sdhci-omap 481d8000.mmc: using DT '/ocp/ interconnect@48000000/segment@100000/target-module@d8000/mmc@0 ' for 'wp' GPIO lookup
[    2.082104] of_get_named_gpiod_flag s: can't
[    6.458512] cpsw-switch 4a100000.switch eth0: Link is Up - 100Mbps/Full - flow control off
[    6.507834] IP-Config: Complete:
[    6.511105]      device=eth0, hwaddr=6c:ec:eb:68:de:78, ipaddr=192.168.255.1, mask=255.255.255.0, gw=255.255.255.255
[    6.521756]      host=bbb1, domain=, nis-domain=(none)
[    6.526924]      bootserver=192.168.255.126, rootserver=192.168.255.126, rootpath=
[    6.527346] clk: Disabling unused clocks
[    6.539201] KTAP version 1
[    6.541931] 1..0
[    6.566510] VFS: Mounted root (nfs filesystem) on device 0:16.
[    6.573634] devtmpfs: mounted
[    6.578415] Freeing unused kernel image (initmem) memory: 1024K
[    6.585203] Run /sbin/init as init process
[    6.589388]   with arguments:
[    6.592374]     /sbin/init
[    6.595092]     nfsrootdebug
[    6.598010]   with environment:
[    6.601166]     HOME=/
[    6.603535]     TERM=linux
[    7.288742] systemd[1]: System time before build time, advancing clock.
[    8.757782] random: crng init done
[    8.767327] systemd[1]: Mounting cgroup to /sys/fs/cgroup/cpu,cpuacct of type cgroup with options cpu,cpuacct.
[    8.778785] systemd[1]: Mounting cgroup to /sys/fs/cgroup/net_cls of type cgroup with options net_cls.
[    8.789023] systemd[1]: Mounting cgroup to /sys/fs/cgroup/devices of type cgroup with options devices.
[    8.799114] systemd[1]: Mounting cgroup to /sys/fs/cgroup/blkio of type cgroup with options blkio.
[    8.838245] systemd[1]: Mounting cgroup to /sys/fs/cgroup/memory of type cgroup with options memory.
[    8.868326] systemd[1]: Mounting cgroup to /sys/fs/cgroup/freezer of type cgroup with options freezer.
[    8.878308] systemd[1]: Mounting cgroup to /sys/fs/cgroup/cpuset of type cgroup with options cpuset.
[    8.888272] systemd[1]: Mounting cgroup to /sys/fs/cgroup/perf_event of type cgroup with options perf_event.
[    8.898732] systemd[1]: systemd 232 running in system mode. (+PAM +AUDIT +SELINUX +IMA +APPARMOR +SMACK +SYSVINIT +UTMP +LIBCRYPTSETUP +GCRYPT +GNUTLS +ACL +XZ +LZ4 +SECCOMP +BLKID +ELFUTILS +KMOD +IDN)
[    8.917197] systemd[1]: No virtualization found in DMI

Welcome to [1mDebian GNU/Linux 9 (stretch)[0m!

[    9.399521] systemd-fstab-generator[70]: Parsing /etc/fstab
[    9.426106] systemd-getty-generator[72]: Automatically adding serial getty for /dev/ttyS0.
[    9.434934] systemd-gpt-auto-generator[67]: Neither root nor /usr file system are on a (single) block device.
[    9.484744] systemd-sysv-generator[75]: Native unit for sudo.service already exists, skipping.
[    9.495993] systemd-sysv-generator[75]: Native unit for apache-htcacheclean.service already exists, skipping.
[    9.511475] systemd-sysv-generator[75]: Native unit for kmod.service already exists, skipping.
[    9.522489] systemd-sysv-generator[75]: Native unit for dbus.service already exists, skipping.
[    9.534133] systemd-sysv-generator[75]: Cannot find unit hostapd.service.
[    9.543225] systemd-sysv-generator[75]: Cannot find unit loadcpufreq.service.
[    9.552765] systemd-sysv-generator[75]: Native unit for ofono.service already exists, skipping.
[    9.563795] systemd-sysv-generator[75]: Native unit for avahi-daemon.service already exists, skipping.
[    9.575384] systemd-sysv-generator[75]: Native unit for cron.service already exists, skipping.
[    9.587406] systemd-sysv-generator[75]: Native unit for hwclock.service already exists, skipping.
[    9.664106] printk: systemd-sysv-ge: 61 output lines suppressed due to ratelimiting
[[0;32m  OK  [0m] Listening on Journal Socket (/dev/log).
[[0;32m  OK  [0m] Listening on udev Control Socket.
[[0;32m  OK  [0m] Listening on Syslog Socket.
[[0;32m  OK  [0m] Started Forward Password Requests to Wall Directory Watch.
[[0;32m  OK  [0m] Created slice System Slice.
[   10.360812] systemd[76]: dev-mqueue.mount: Executing: /bin/mount mqueue /dev/mqueue -t mqueue
         Mounting POSIX Message Queue File System...
[[0;32m  OK  [0m] Listening on Journal Socket.
         Starting Load Kernel Modules...
         Starting Create list of required stâ€¦ce nodes for the current kernel...
[[0;32m  OK  [0m] Reached target Swap.
         Starting Remount Root and Kernel File Systems...
[[0;32m  OK  [0m] Reached target Remote File Systems.
[[0;32m  OK  [0m] Listening on udev Kernel Socket.
[[0;32m  OK  [0m] Set up automount Arbitrary Executabâ€¦rmats File System Automount Point.
[[0;32m  OK  [0m] Created slice system-serial\x2dgetty.slice.
[[0;32m  OK  [0m] Listening on Journal Audit Socket.
[[0;32m  OK  [0m] Listening on /dev/initctl Compatibility Named Pipe.
         Starting Journal Service...
[[0;32m  OK  [0m] Created slice system-getty.slice.
[[0;32m  OK  [0m] Started Dispatch Password Requests to Console Directory Watch.
[[0;32m  OK  [0m] Reached target Paths.
[[0;32m  OK  [0m] Reached target Encrypted Volumes.
[[0;32m  OK  [0m] Created slice User and Session Slice.
[[0;32m  OK  [0m] Reached target Slices.
          Mounting Debug File System...
[[0;32m  OK  [0m] Mo unted POSIX Message Queue File System.
[   10.973862] systemd -journald[83]: Fixed min_use=1.0M max_use=24.4M max_size=3.0M  min_size=512.0K keep_free=36.6M n_max_files=100
[[0;32m  OK  [0m] S
[[0;32m  OK  [0m] Started Create Static Device Nodes in /dev.
         Starting udev Kernel Device Manager...
[[0;32m  OK  [0m] Reached target Local File Systems (Pre).
[[0;32m  OK  [0m] Reached target Local File Systems.
         Starting Raise network interfaces...
[[0;32m  OK  [0m] Started Flush Journal to Persistent Storage.
         Starting Create Volatile Files and Directories...
[[0;32m  OK  [0m] Started udev Kernel Device Manager.
[   14.438345] systemd[1]: systemd-journald.service: Received EPOLLHUP on stored fd 44 (stored), closing.
[   14.501180] systemd[1]: Received SIGCHLD from PID 97 (udevadm).
[   14.543143] systemd[1]: Child 97 (udevadm) died (code=exited, status=0/SUCCESS)
[   14.590717] systemd[1]: systemd-udev-trigger.service: Child 97 belongs to systemd-udev-trigger.service
[   14.649552] systemd[1]: systemd-udev-trigger.service: Changed start -> exited
[   14.688461] systemd[1]: systemd-udev-trigger.service: Job systemd-udev-trigger.service/start finished, result=done
[[0;32m  OK  [0m] Started udev Coldplug all Devices.
[   14.770505] systemd[1]: systemd-udev-trigger.service: cgroup is empty
[   14.872065] systemd[1]: Accepted new private connection.
[   14.898339] systemd[1]: Got message type=method_call sender=n/a destination=org.freedesktop.systemd1 object=/org/freedesktop/systemd1/unit/upstart_2eservice interface=org.freedesktop.DBus.Properties member=GetAll cookie=1 reply_cookie=0 error=n/a
[   14.958193] systemd[1]: upstart.service: Failed to load configuration: No such file or directory
[[0;32m  OK  [0m] Started Raise network interfaces.
[[0;32m  OK  [0m] Started Create Volatile Files and Directories.
         Starting Update UTMP about System Boot/Shutdown...
[   15.994796] systemd-journald[83]: Successfully sent stream file descriptor to service manager.
         Starting Network Time Synchronization...
[[0;32m  OK  [0m] Started Update UTMP about System Boot/Shutdo[   16.409768] systemd-journald[83]: /run/log/journal/c2029cc3b8b4efd6445bffc4386d43a0/system.journal: Journal header limits reached or header out-of-date, rotating.
wn.
[   16.433276] systemd-journald[83]: Rotating...
[   16.442918] systemd-journald[83]: Reserving 5568 entries in hash table.
[   16.451671] systemd-journald[83]: Vacuuming...
[   16.456719] systemd-journald[83]: Vacuuming done, freed 0B of archived journals from /run/log/journal/c2029cc3b8b4efd6445bffc4386d43a0.
[   16.476395] systemd-journald[83]: /run/log/journal/c2029cc3b8b4efd6445bffc4386d43a0/system.journal: Journal header limits reached or header out-of-date, rotating.
[   16.491911] systemd-journald[83]: Rotating...
[   16.501636] systemd-journald[83]: Reserving 5568 entries in hash table.
[   16.511735] systemd-journald[83]: Vacuuming...
[[0;32m  OK  [0m] Started Network Time Synchronization.
[[0;32m  OK  [0m] Reached target System Initialization.
[[0;32m  OK  [0m] Listening on D-Bus System Message Bus Socket.
[[0;32m  OK  [0m] Started Daily Cleanup of Temporary Directories.
[[0;32m  OK  [0m] Listening on Avahi mDNS/DNS-SD Stack Activation Socket.
[[0;32m  OK  [0m] Reached target Sockets.
[[0;32m  OK  [0m] Reached target Basic System.
[[0;32m  OK  [0m] Started Regular background program processing daemon.
         Starting LSB: Start busybox udhcpd at boot time...
         Starting Cape Manager Service...
         Starting Telephony service...
         Starting System Logging Service...
         Starting Login Service...
         Starting DUN service...
         Starting LSB: Load kernel modules needed to enable cpufreq scaling...
         Starting Generic Board Startup...
         Starting Avahi mDNS/DNS-SD Stack...
[[0;32m  OK  [0m] Started D-Bus System Message Bus.
[   19.488104] systemd[1]: Got message type=method_return sender=org.freedesktop.DBus destination=:1.1 object=n/a interface=n/a member=n/a cookie=1 reply_cookie=1 error=n/a
[   19.614901] systemd[1]: Sent message type=method_call sender=n/a destination=org.freedesktop.DBus object=/org/freedesktop/DBus interface=org.freedesktop.DBus member=AddMatch cookie=2 reply_cookie=0 error=n/a
[   19.714305] systemd[1]: Got message type=method_return sender=org.freedesktop.DBus destination=:1.1 object=n/a interface=n/a member=n/a cookie=3 reply_cookie=2 error=n/a
[   19.828104] systemd[1]: Sent message type=method_call sender=n/a destination=org.freedesktop.DBus object=/org/freedesktop/DBus interface=org.freedesktop.DBus member=AddMatch cookie=3 reply_cookie=0 error=n/a
[   19.968128] systemd[1]: Sent message type=method_call sender=n/a destination=org.freedesktop.DBus object=/org/freedesktop/DBus interface=org.freedesktop.DBus member=AddMatch cookie=4 reply_cookie=0 error=n/a
[   20.108700] systemd[1]: Got message type=method_return sender=org.freedesktop.DBus destination=:1.1 object=n/a interface=n/a member=n/a cookie=5 reply_cookie=4 error=n/a
[   20.235372] systemd[1]: Sent message type=method_call sender=n/a destination=org.freedesktop.DBus object=/org/freedesktop/DBus interface=org.freedesktop.DBus member=AddMatch cookie=5 reply_cookie=0 error=n/a
[   20.352291] Bluetooth: Core ver 2.22
[   20.356194] NET: Registered PF_BLUETOOTH protocol family
[   20.361727] Bluetooth: HCI device and connection manager initialized
[   20.368201] Bluetooth: HCI socket layer initialized
[   20.373113] Bluetooth: L2CAP socket layer initialized
[   20.378272] Bluetooth: SCO socket layer initialized
[   20.389903] systemd[1]: Got message type=method_return sender=org.freedesktop.DBus destination=:1.1 object=n/a interface=n/a member=n/a cookie=6 reply_cookie=5 error=n/a
[   20.499140] systemd[1]: Sent message type=method_call sender=n/a destination=org.freedesktop.DBus object=/org/freedesktop/DBus interface=org.freedesktop.DBus member=AddMatch cookie=6 reply_cookie=0 error=n/a
[   20.611793] systemd[1]: Got message type=method_return sender=org.freedesktop.DBus destination=:1.1 object=n/a interface=n/a member=n/a cookie=7 reply_cookie=6 error=n/a
[[0;32m  OK  [0m] Started DUN service.
[[0;32m  OK  [0m] Started Telephony service.
[[0;32m  OK  [0m] Started Avahi mDNS/DNS-SD Stack.
         Starting Connection service...
[[0;32m  OK  [0m] Reached target System Time Synchronized.
[[0;32m  OK  [0m] Started Daily apt download activities.
[   21.727717] userial_init: registered 8 ttyGS* devices
[[0;32m  OK  [0m] Started Daily apt upgrade and clean activities.
[[0;32m  OK  [0m] Reached target Timers.
[   22.006245] rndis_register: configNr = 0
[[0;32m  OK  [0m] Started System Logging Service.
[[0;32m  OK  [0m] Started Cape Manager Service.
[[0;32m  OK  [0m] Started LSB: Start busybox udhcpd at boot time.
[[0;32m  OK  [0m] Started Connection service.
[[0;32m  OK  [0m] Started Login Service.
[   24.511752] systemd[1]: network.target changed dead -> active
[[0;32m  OK  [0m] Reached target Network.
[   24.693771] systemd[1]: ssh.service: Forked /usr/sbin/sshd as 304
[   24.737697] systemd-journald[83]: Successfully sent stream file descriptor to service manager.
         Starting OpenBSD Secure Shell server...
[   24.808157] systemd[1]: systemd-user-sessions.service: Forked /lib/systemd/systemd-user-sessions as 306
[   24.860799] systemd[1]: systemd-user-sessions.service: Changed dead -> start
[   24.869330] systemd-journald[83]: Successfully sent stream file descriptor to service manager.
         Starting Permit User Sessions...
[   24.920196] systemd[1]: network-online.target changed dead -> active
[[0;32m  OK  [0m] Reached target Network is Online.
[   25.081524] systemd[1]: hostapd.service: Passing 0 fds to service
 [   25.158531] systemd[1]: hostapd.service: Forked /etc/init.d /hostapd as 310
[   25.232381] systemd-journald[83]: Successf ully sent stream file descriptor to service manager.
          Starting LSB: Advanced IEEE 802.11 management daemon...
[    25.38889
[   29.549326] systemd[1]: Sent message type=signal sender=n/a destination=n/a object=/org/freedesktop/systemd1 interface=org.freedesktop.systemd1.Manager member=JobRemoved cookie=86 reply_cookie=0 error=n/a
[   29.618140] systemd[1]: Sent message type=signal sender=n/a destination=n/a object=/org/freedesktop/systemd1/unit/wpa_5fsupplicant_2eservice interface=org.freedesktop.DBus.Properties member=PropertiesChanged cookie=87 reply_cookie=0 error=n/a
[   29.688143] systemd[1]: Sent message type=signal sender=n/a destination=n/a object=/org/freedesktop/systemd1/unit/wpa_5fsupplicant_2eservice interface=org.freedesktop.DBus.Properties member=PropertiesChanged cookie=88 reply_cookie=0 error=n/a
[   29.803663] systemd[1]: Accepted new private connection.
[   29.828637] systemd[1]: Got message type=signal sender=org.freedesktop.DBus destination=n/a object=/org/freedesktop/DBus interface=org.freedesktop.DBus member=NameOwnerChanged cookie=24 reply_cookie=0 error=n/a
[   29.908520] systemd[1]: systemd-hostnamed.service: D-Bus name org.freedesktop.hostname1 changed owner from  to :1.6
[   29.968697] systemd[1]: systemd-hostnamed.service: Job systemd-hostnamed.service/start finished, result=done
[[0;32m  OK  [0m] Started Hostname Service.
[   30.038147] systemd[1]: Sent message type=signal sender=n/a destination=n/a object=/org/freedesktop/systemd1 interface=org.freedesktop.systemd1.Manager member=JobRemoved cookie=89 reply_cookie=0 error=n/a
[   30.117295] leds-gpio leds: using DT '/leds/led2' for '(null)' GPIO lookup
[   30.124584] of_get_named_gpiod_flags: parsed 'gpios' property of node '/leds/led2[0]' - status (0)
[   30.133742] gpio gpiochip0: Persistence not supported for GPIO 21
[   30.139912] gpio-533 (?): no flags found for (null)
[   30.145136] leds-gpio leds: using DT '/leds/led3' for '(null)' GPIO lookup
[   30.152161] of_get_named_gpiod_flags: parsed 'gpios' property of node '/leds/led3[0]' - status (0)
[   30.161238] gpio gpiochip0: Persistence not supported for GPIO 22
[   30.167361] gpio-534 (?): no flags found for (null)
[   30.177110] systemd[1]: Sent message type=signal sender=n/a destination=n/a object=/org/freedesktop/systemd1/unit/systemd_2dhostnamed_2eservice interface=org.freedesktop.DBus.Properties member=PropertiesChanged cookie=90 reply_cookie=0 error=n/a
[   30.219144] leds-gpio leds: using DT '/leds/led4' for '(null)' GPIO lookup
[   30.226271] of_get_named_gpiod_flags: parsed 'gpios' property of node '/leds/led4[0]' - status (0)
[   30.235715] gpio gpiochip0: Persistence not supported for GPIO 23
[   30.241970] gpio-535 (?): no flags found for (null)
[   30.252269] systemd[1]: Sent message type=signal sender=n/a destination=n/a object=/org/freedesktop/systemd1/unit/systemd_2dhostnamed_2eservice interface=org.freedesktop.DBus.Properties member=PropertiesChanged cookie=91 reply_cookie=0 error=n/a
[   30.278934] leds-gpio leds: using DT '/leds/led5' for '(null)' GPIO lookup
[   30.286051] of_get_named_gpiod_flags: parsed 'gpios' property of node '/leds/led5[0]' - status (0)
[   30.295439] gpio gpiochip0: Persistence not supported for GPIO 24
[   30.301693] gpio-536 (?): no flags found for (null)
[[0;32m  OK  [0m] Started LSB: set CPUFreq kernel parameters.
[   31.390280] remoteproc remoteproc0: wkup_m3 is available
[[0;32m  OK  [0m] Found device /dev/ttyS0.
[[0;32m  OK  [0m] Started Serial Getty on ttyS0.
[[0;32m  OK  [0m] Reached target Login Prompts.
[   32.367029] at24 2-0054: supply vcc not found, using dummy regulator
[   32.402077] at24 2-0055: supply vcc not found, using dummy regulator
[   32.440519] at24 2-0056: supply vcc not found, using dummy regulator
[   32.470948] at24 2-0057: supply vcc not found, using dummy regulator
[   32.505306] at24 0-0050: using DT '/ocp/interconnect@44c00000/segment@200000/target-module@b000/i2c@0/baseboard_eeprom@50' for 'wp' GPIO lookup
[   32.518614] of_get_named_gpiod_flags: can't parse 'wp-gpios' property of node '/ocp/interconnect@44c00000/segment@200000/target-module@b000/i2c@0/baseboard_eeprom@50[0]'
[   32.533986] of_get_named_gpiod_flags: can't parse 'wp-gpio' property of node '/ocp/interconnect@44c00000/segment@200000/target-module@b000/i2c@0/baseboard_eeprom@50[0]'
[   32.549248] at24 0-0050: using  lookup tables for GPIO lookup
[   32.554954] at24 0-0050: No  GPIO consumer wp found
[   32.560140] at24 0-0050: 32768 byte  24c256 EEPROM, writable, 1 bytes/write
[   33.361672] tda998 x 0-0070: found TDA19988
[   33.483390] tps6521x_pwrbutton tp s65217-p
[   45.378199] systemd[1]: sys-devices-virtual-net-sit0.device: Changed dead -> plugged
[   45.418193] systemd[1]: Sent message type=signal sender=n/a destination=n/a object=/org/freedesktop/systemd1 interface=org.freedesktop.systemd1.Manager member=UnitNew cookie=192 reply_cookie=0 error=n/a
[   47.088226] systemd[1]: systemd-timesyncd.service: Got notification message from PID 162 (STATUS=Idle.)
[   47.128231] systemd[1]: systemd-timesyncd.service: Got notification message from PID 162 (STATUS=Idle.)
[   47.208159] systemd[1]: systemd-timesyncd.service: Got notification message from PID 162 (STATUS=Idle.)
[   47.248216] systemd[1]: systemd-timesyncd.service: Got notification message from PID 162 (STATUS=Idle.)
[   47.288222] systemd[1]: systemd-timesyncd.service: Got notification message from PID 162 (STATUS=Idle.)
[   47.338258] systemd[1]: systemd-timesyncd.service: Got notification message from PID 162 (STATUS=Idle.)
[   47.378141] systemd[1]: systemd-timesyncd.service: Got notification message from PID 162 (STATUS=Idle.)
[   47.418306] systemd[1]: systemd-timesyncd.service: Got notification message from PID 162 (STATUS=Idle.)
[   50.189881] PM: Cannot get wkup_m3_ipc handle
[   50.195627] asoc-simple-card sound: using DT '/sound' for 'simple-audio-card,hp-det' GPIO lookup
[   50.204770] of_get_named_gpiod_flags: can't parse 'simple-audio-card,hp-det-gpios' property of node '/sound[0]'
[   50.215027] of_get_named_gpiod_flags: can't parse 'simple-audio-card,hp-det-gpio' property of node '/sound[0]'
[   50.225149] asoc-simple-card sound: using lookup tables for GPIO lookup
[   50.231836] asoc-simple-card sound: No GPIO consumer simple-audio-card,hp-det found
[   50.239557] asoc-simple-card sound: using DT '/sound' for 'simple-audio-card,mic-det' GPIO lookup
[   50.248516] of_get_named_gpiod_flags: can't parse 'simple-audio-card,mic-det-gpios' property of node '/sound[0]'
[   50.258786] of_get_named_gpiod_flags: can't parse 'simple-audio-card,mic-det-gpio' property of node '/sound[0]'
[   50.268956] asoc-simple-card sound: using lookup tables for GPIO lookup
[   50.275627] asoc-simple-card sound: No GPIO consumer simple-audio-card,mic-det found
[   50.291228] PM: Cannot get wkup_m3_ipc handle
[   50.364065] systemd-journald[83]: Data hash table of /run/log/journal/c2029cc3b8b4efd6445bffc4386d43a0/system.journal has a fill level at 75.0 (4177 of 5568 items, 3207168 file size, 767 bytes per hash table item), suggesting rotation.
[   50.387004] systemd-journald[83]: /run/log/journal/c2029cc3b8b4efd6445bffc4386d43a0/system.journal: Journal header limits reached or header out-of-date, rotating.
[   50.402136] systemd-journald[83]: Rotating...
[   50.411993] systemd-journald[83]: Reserving 5568 entries in hash table.
[   50.420164] systemd-journald[83]: Vacuuming...
[   50.425571] systemd-journald[83]: Vacuuming done, freed 0B of archived journals from /run/log/journal/c2029cc3b8b4efd6445bffc4386d43a0.
Labgrid Console Logfile for main
Logfile started at 2024-12-14 23:25:27.003731
=== Log starts here ===
reading args
spl_load_image_fat_os: error reading image args, err - -1
reading u-boot.img
reading u-boot.img


U-Boot 2014.04-00014-g47880f5 (Apr 22 2014 - 13:23:54)

I2C:   ready
DRAM:  512 MiB
NAND:  0 MiB
MMC:   OMAP SD/MMC: 0, OMAP SD/MMC: 1
*** Warning - readenv() failed, using default environment

Net:   <ethaddr> not set. Validating first E-fuse MAC
cpsw, usb_ether
Hit any key to stop autoboot:  1  0 
gpio: pin 53 (gpio 53) value is 1
mmc0 is current device
gpio: pin 54 (gpio 54) value is 1
SD/MMC found on device 0
reading uEnv.txt
584 bytes read in 4 ms (142.6 KiB/s)
gpio: pin 55 (gpio 55) value is 1
Loaded environment from uEnv.txt
Importing environment from mmc ...
Checking if uenvcmd is set ...
gpio: pin 56 (gpio 56) value is 1
Running uenvcmd ...
cpsw Waiting for PHY auto negotiation to complete. done
link up on port 0, speed 100, full duplex
Using cpsw device
TFTP from server 192.168.255.126; our IP address is 192.168.255.1
Filename 'zImage'.
Load address: 0x81000000
Loading: *#################################################################
	 #################################################################
	 #################################################################
	 #################################################################
	 #################################################################
	 ######################################
	 2.4 MiB/s
done
Bytes transferred = 5315184 (511a70 hex)
link up on port 0, speed 100, full duplex
Using cpsw device
TFTP from server 192.168.255.126; our IP address is 192.168.255.1
Filename 'am335x-boneblack.dtb'.
Load address: 0x82000000
Loading: *#######
	 2.3 MiB/s
done
Bytes transferred = 97772 (17dec hex)
Kernel image @ 0x81000000 [ 0x000000 - 0x511a70 ]
## Flattened Device Tree blob at 82000000
   Booting using the fdt blob at 0x82000000
   Using Device Tree in place at 82000000, end 8201adeb

Starting kernel ...

[    0.000000] Booting Linux on physical CPU 0x0
[    0.000000] Linux version 6.6.66 (user01@drvtest01) (arm-linux-gnueabihf-gcc (Linaro GCC 6.4-2017.11) 6.4.1 20171012, GNU ld (Linaro_Binutils-2017.11) 2.27.0.20161229) #17 SMP Sat Dec 14 23:18:36 EET 2024
[    0.000000] CPU: ARMv7 Processor [413fc082] revision 2 (ARMv7), cr=10c5387d
[    0.000000] CPU: PIPT / VIPT nonaliasing data cache, VIPT aliasing instruction cache
[    0.000000] OF: fdt: Machine model: TI AM335x BeagleBone Black
[    0.000000] earlycon: omap8250 at MMIO 0x44e09000 (options '')
[    0.000000] printk: bootconsole [omap8250] enabled
[    0.000000] Memory policy: Data cache writeback
[    0.000000] cma: Reserved 16 MiB at 0x9e800000 on node -1
[    0.000000] Zone ranges:
[    0.000000]   Normal   [mem 0x0000000080000000-0x000000009fdfffff]
[    0.000000]   HighMem  empty
[    0.000000] Movable zone start for each node
[    0.000000] Early memory node ranges
[    0.000000]   node   0: [mem 0x0000000080000000-0x000000009fdfffff]
[    0.000000] Initmem setup node 0 [mem 0x0000000080000000-0x000000009fdfffff]
[    0.000000] CPU: All CPU(s) started in SVC mode.
[    0.000000] AM335X ES2.1 (sgx neon)
[    0.000000] percpu: Embedded 16 pages/cpu s36052 r8192 d21292 u65536
[    0.000000] pcpu-alloc: s36052 r8192 d21292 u65536 alloc=16*4096
[    0.000000] pcpu-alloc: [0] 0 
[    0.000000] Kernel command line: console=ttyO0,115200n8 debug earlycon root=/dev/nfs rw nfsroot=192.168.255.126:/home/user01/nfs,nfsvers=3 ip=192.168.255.1:192.168.255.126::255.255.255.0:bbb1:eth0 nfsrootdebug
[    0.000000] Unknown kernel command line parameters "nfsrootdebug", will be passed to user space.
[    0.000000] Dentry cache hash table entries: 65536 (order: 6, 262144 bytes, linear)
[    0.000000] Inode-cache hash table entries: 32768 (order: 5, 131072 bytes, linear)
[    0.000000] Built 1 zonelists, mobility grouping on.  Total pages: 129412
[    0.000000] mem auto-init: stack:off, heap alloc:off, heap free:off
[    0.000000] Memory: 483604K/522240K available (11264K kernel code, 1163K rwdata, 2704K rodata, 1024K init, 283K bss, 22252K reserved, 16384K cma-reserved, 0K highmem)
[    0.000000] SLUB: HWalign=64, Order=0-3, MinObjects=0, CPUs=1, Nodes=1
[    0.000000] trace event string verifier disabled
[    0.000000] rcu: Hierarchical RCU implementation.
[    0.000000] rcu: 	RCU event tracing is enabled.
[    0.000000] rcu: 	RCU restricting CPUs from NR_CPUS=2 to nr_cpu_ids=1.
[    0.000000] rcu: RCU calculated value of scheduler-enlistment delay is 10 jiffies.
[    0.000000] rcu: Adjusting geometry for rcu_fanout_leaf=16, nr_cpu_ids=1
[    0.000000] NR_IRQS: 16, nr_irqs: 16, preallocated irqs: 16
[    0.000000] IRQ: Found an INTC at 0x(ptrval) (revision 5.0) with 128 interrupts
[    0.000000] rcu: srcu_init: Setting srcu_struct sizes based on contention.
[    0.000000] TI gptimer clocksource: always-on /ocp/interconnect@44c00000/segment@200000/target-module@31000
[    0.000002] sched_clock: 32 bits at 24MHz, resolution 41ns, wraps every 89478484971ns
[    0.008070] clocksource: dmtimer: mask: 0xffffffff max_cycles: 0xffffffff, max_idle_ns: 79635851949 ns
[    0.018138] TI gptimer clockevent: 24000000 Hz at /ocp/interconnect@48000000/segment@0/target-module@40000
[    0.029667] Console: colour dummy device 80x30
[    0.034292] WARNING: Your 'console=ttyO0' has been replaced by 'ttyS0'
[    0.041113] This ensures that you still see kernel messages. Please
[    0.047564] update your kernel commandline.
[    0.051919] Calibrating delay loop... 996.14 BogoMIPS (lpj=4980736)
[    0.094625] CPU: Testing write buffer coherency: ok
[    0.099748] CPU0: Spectre v2: using BPIALL workaround
[    0.104950] pid_max: default: 32768 minimum: 301
[    0.109822] LSM: initializing lsm=capability,integrity
[    0.115287] Mount-cache hash table entries: 1024 (order: 0, 4096 bytes, linear)
[    0.122855] Mountpoint-cache hash table entries: 1024 (order: 0, 4096 bytes, linear)
[    0.132362] CPU0: thread -1, cpu 0, socket -1, mpidr 0
[    0.139460] Setting up static identity map for 0x80100000 - 0x80100078
[    0.146492] rcu: Hierarchical SRCU implementation.
[    0.151493] rcu: 	Max phase no-delay instances is 1000.
[    0.158440] smp: Bringing up secondary CPUs ...
[    0.163166] smp: Brought up 1 node, 1 CPU
[    0.167297] SMP: Total of 1 processors activated (996.14 BogoMIPS).
[    0.173840] CPU: All CPU(s) started in SVC mode.
[    0.179606] devtmpfs: initialized
[    0.200230] VFP support v0.3: implementor 41 architecture 3 part 30 variant c rev 3
[    0.208584] clocksource: jiffies: mask: 0xffffffff max_cycles: 0xffffffff, max_idle_ns: 19112604462750000 ns
[    0.218774] futex hash table entries: 256 (order: 2, 16384 bytes, linear)
[    0.227027] pinctrl core: initialized pinctrl subsystem
[    0.235269] NET: Registered PF_NETLINK/PF_ROUTE protocol family
[    0.244035] DMA: preallocated 256 KiB pool for atomic coherent allocations
[    0.251835] audit: initializing netlink subsys (disabled)
[    0.258834] thermal_sys: Registered thermal governor 'fair_share'
[    0.258861] thermal_sys: Registered thermal governor 'step_wise'
[    0.265137] thermal_sys: Registered thermal governor 'user_space'
[    0.271459] audit: type=2000 audit(0.220:1): state=initialized audit_enabled=0 res=1
[    0.285792] cpuidle: using governor menu
[    0.306458] /ocp/interconnect@44c00000/segment@200000/target-module@b000/i2c@0/tda19988@70: Fixed dependency cycle(s) with /ocp/interconnect@48000000/segment@300000/target-module@e000/lcdc@0
[    0.325149] /ocp/interconnect@48000000/segment@300000/target-module@e000/lcdc@0: Fixed dependency cycle(s) with /ocp/interconnect@44c00000/segment@200000/target-module@b000/i2c@0/tda19988@70
[    0.344786] No ATAGs?
[    0.347146] hw-breakpoint: debug architecture 0x4 unsupported.
[    0.356397] kprobes: kprobe jump-optimization is enabled. All kprobes are optimized if possible.
[    0.400270] iommu: Default domain type: Translated
[    0.405225] iommu: DMA domain TLB invalidation policy: strict mode
[    0.413153] SCSI subsystem initialized
[    0.417860] reg-fixed-voltage fixedregulator0: using DT '/fixedregulator0' for '(null)' GPIO lookup
[    0.427314] of_get_named_gpiod_flags: can't parse 'gpios' property of node '/fixedregulator0[0]'
[    0.436405] of_get_named_gpiod_flags: can't parse 'gpio' property of node '/fixedregulator0[0]'
[    0.445401] reg-fixed-voltage fixedregulator0: using lookup tables for GPIO lookup
[    0.453211] reg-fixed-voltage fixedregulator0: No GPIO consumer (null) found
[    0.478488] libata version 3.00 loaded.
[    0.482813] pps_core: LinuxPPS API ver. 1 registered
[    0.487929] pps_core: Software ver. 5.3.6 - Copyright 2005-2007 Rodolfo Giometti <giometti@linux.it>
[    0.497434] PTP clock support registered
[    0.544526] vgaarb: loaded
[    0.547741] clocksource: Switched to clocksource dmtimer
[    0.553943] VFS: Disk quotas dquot_6.6.0
[    0.558122] VFS: Dquot-cache hash table entries: 1024 (order 0, 4096 bytes)
[    0.601799] NET: Registered PF_INET protocol family
[    0.607188] IP idents hash table entries: 8192 (order: 4, 65536 bytes, linear)
[    0.616081] tcp_listen_portaddr_hash hash table entries: 512 (order: 0, 4096 bytes, linear)
[    0.624762] Table-perturb hash table entries: 65536 (order: 6, 262144 bytes, linear)
[    0.632767] TCP established hash table entries: 4096 (order: 2, 16384 bytes, linear)
[    0.640793] TCP bind hash table entries: 4096 (order: 4, 65536 bytes, linear)
[    0.648249] TCP: Hash tables configured (established 4096 bind 4096)
[    0.654917] UDP hash table entries: 256 (order: 1, 8192 bytes, linear)
[    0.661694] UDP-Lite hash table entries: 256 (order: 1, 8192 bytes, linear)
[    0.669065] NET: Registered PF_UNIX/PF_LOCAL protocol family
[    0.694359] RPC: Registered named UNIX socket transport module.
[    0.700543] RPC: Registered udp transport module.
[    0.705384] RPC: Registered tcp transport module.
[    0.710243] RPC: Registered tcp-with-tls transport module.
[    0.715886] RPC: Registered tcp NFSv4.1 backchannel transport module.
[    0.722562] PCI: CLS 0 bytes, default 64
[    0.728417] Initialise system trusted keyrings
[    0.767211] workingset: timestamp_bits=14 max_order=17 bucket_order=3
[    0.775231] NFS: Registering the id_resolver key type
[    0.780592] Key type id_resolver registered
[    0.784899] Key type id_legacy registered
[    0.789155] jffs2: version 2.2. (NAND) (SUMMARY)  Â© 2001-2006 Red Hat, Inc.
[    0.809590] Key type asymmetric registered
[    0.813825] Asymmetric key parser 'x509' registered
[    0.818978] io scheduler mq-deadline registered
[    0.823647] io scheduler kyber registered
[    0.827890] io scheduler bfq registered
[    0.870182] Serial: 8250/16550 driver, 6 ports, IRQ sharing enabled
[    0.930423] brd: module loaded
[    0.949940] loop: module loaded
[    0.954133] mtdoops: mtd device (mtddev=name/number) must be supplied
[    0.962437] mdio_bus fixed-0: using lookup tables for GPIO lookup
[    0.968816] mdio_bus fixed-0: No GPIO consumer reset found
[    0.975747] i2c_dev: i2c /dev entries driver
[    0.981221] cpuidle: enable-method property 'ti,am3352' found operations
[    0.988690] sdhci: Secure Digital Host Controller Interface driver
[    0.995060] sdhci: Copyright(c) Pierre Ossman
[    0.999787] sdhci-pltfm: SDHCI platform and OF driver helper
[    1.047059] ledtrig-cpu: registered to indicate activity on CPUs
[    1.054108] Initializing XFRM netlink socket
[    1.058737] NET: Registered PF_INET6 protocol family
[    1.087604] Segment Routing with IPv6
[    1.091533] In-situ OAM (IOAM) with IPv6
[    1.095670] sit: IPv6, IPv4 and MPLS over IPv4 tunneling driver
[    1.102795] NET: Registered PF_PACKET protocol family
[    1.108116] NET: Registered PF_KEY protocol family
[    1.113165] Key type dns_resolver registered
[    1.117902] ThumbEE CPU extension supported.
[    1.122316] Registering SWP/SWPB emulation handler
[    1.127820] omap_voltage_late_init: Voltage driver support not added
[    1.134718] SmartReflex Class3 initialized
[    1.162953] Loading compiled-in X.509 certificates
[    1.214616] /ocp/interconnect@44c00000/segment@200000/target-module@b000/i2c@0/tda19988@70: Fixed dependency cycle(s) with /ocp/interconnect@48000000/segment@300000/target-module@e000/lcdc@0
[    1.238707] /ocp/interconnect@44c00000/segment@200000/target-module@b000/i2c@0/tda19988@70: Fixed dependency cycle(s) with /ocp/interconnect@48000000/segment@300000/target-module@e000/lcdc@0
[    1.261850] gpiochip_find_base: found new base at 512
[    1.269816] /ocp/interconnect@44c00000/segment@200000/target-module@b000/i2c@0/tda19988@70: Fixed dependency cycle(s) with /ocp/interconnect@48000000/segment@300000/target-module@e000/lcdc@0
[    1.288309] /ocp/interconnect@44c00000/segment@200000/target-module@b000/i2c@0/tda19988@70: Fixed dependency cycle(s) with /ocp/interconnect@48000000/segment@300000/target-module@e000/lcdc@0
[    1.309357] /ocp/interconnect@44c00000/segment@200000/target-module@10000/scm@0/pinmux@800: Fixed dependency cycle(s) with /ocp/interconnect@44c00000/segment@200000/target-module@10000/scm@0/pinmux@800/clkout2-pins
[    1.329697] pinctrl-single 44e10800.pinmux: 142 pins, size 568
[    1.341074] ti-sysc: probe of 44e31000.target-module failed with error -16
[    1.382793] /ocp/interconnect@48000000/segment@300000/target-module@e000/lcdc@0: Fixed dependency cycle(s) with /ocp/interconnect@44c00000/segment@200000/target-module@b000/i2c@0/tda19988@70
[    1.408426] ti-sysc: probe of 48040000.target-module failed with error -16
[    1.426789] gpiochip_find_base: found new base at 512
[    1.432212] gpio gpiochip0: (gpio-0-31): created GPIO range 0->7 ==> 44e10800.pinmux PIN 0->7
[    1.441038] gpio gpiochip0: (gpio-0-31): created GPIO range 8->11 ==> 44e10800.pinmux PIN 90->93
[    1.450111] gpio gpiochip0: (gpio-0-31): created GPIO range 12->27 ==> 44e10800.pinmux PIN 12->27
[    1.459273] gpio gpiochip0: (gpio-0-31): created GPIO range 28->31 ==> 44e10800.pinmux PIN 30->33
[    1.515377] gpio gpiochip0: (gpio-0-31): added GPIO chardev (254:0)
[    1.522059] gpio gpiochip0: registered GPIOs 512 to 543 on gpio-0-31
[    1.528720] OMAP GPIO hardware version 0.1
[    1.586336] i2c i2c-2: using DT '/ocp/interconnect@48000000/segment@100000/target-module@9c000/i2c@0' for 'scl' GPIO lookup
[    1.598005] of_get_named_gpiod_flags: can't parse 'scl-gpios' property of node '/ocp/interconnect@48000000/segment@100000/target-module@9c000/i2c@0[0]'
[    1.612040] of_get_named_gpiod_flags: can't parse 'scl-gpio' property of node '/ocp/interconnect@48000000/segment@100000/target-module@9c000/i2c@0[0]'
[    1.625963] i2c i2c-2: using lookup tables for GPIO lookup
[    1.631632] i2c i2c-2: No GPIO consumer scl found
[    1.636487] i2c i2c-2: using DT '/ocp/interconnect@48000000/segment@100000/target-module@9c000/i2c@0' for 'sda' GPIO lookup
[    1.647993] of_get_named_gpiod_flags: can't parse 'sda-gpios' property of node '/ocp/interconnect@48000000/segment@100000/target-module@9c000/i2c@0[0]'
[    1.662004] of_get_named_gpiod_flags: can't parse 'sda-gpio' property of node '/ocp/interconnect@48000000/segment@100000/target-module@9c000/i2c@0[0]'
[    1.675919] i2c i2c-2: using lookup tables for GPIO lookup
[    1.681583] i2c i2c-2: No GPIO consumer sda found
[    1.687151] omap_i2c 4819c000.i2c: bus 2 rev0.11 at 100 kHz
[    1.698519] gpiochip_find_base: found new base at 544
[    1.703790] gpio gpiochip1: (gpio-32-63): created GPIO range 0->17 ==> 44e10800.pinmux PIN 34->51
[    1.713042] gpio gpiochip1: (gpio-32-63): created GPIO range 18->21 ==> 44e10800.pinmux PIN 77->80
[    1.722303] gpio gpiochip1: (gpio-32-63): created GPIO range 22->31 ==> 44e10800.pinmux PIN 56->65
[    1.799802] gpio gpiochip1: (gpio-32-63): added GPIO chardev (254:1)
[    1.806505] gpio gpiochip1: registered GPIOs 544 to 575 on gpio-32-63
[    1.815461] gpiochip_find_base: found new base at 576
[    1.820895] gpio gpiochip2: (gpio-64-95): created GPIO range 0->4 ==> 44e10800.pinmux PIN 66->70
[    1.829990] gpio gpiochip2: (gpio-64-95): created GPIO range 5->6 ==> 44e10800.pinmux PIN 98->99
[    1.839065] gpio gpiochip2: (gpio-64-95): created GPIO range 7->8 ==> 44e10800.pinmux PIN 75->76
[    1.848138] gpio gpiochip2: (gpio-64-95): created GPIO range 13->13 ==> 44e10800.pinmux PIN 141->141
[    1.857546] gpio gpiochip2: (gpio-64-95): created GPIO range 14->21 ==> 44e10800.pinmux PIN 100->107
 [    1.902181] gpio gpiochip2: (gpio-64-95): added GPIO charde v (254:2)
[    1.908913] gpio gpiochip2: registered GPIOs 576 to 607 on gpio-64-95
[    1.922060] /ocp/interconnect@48000000/segment@300000/target-module@e000/lcdc@0: Fixed dependency cycle(s)168514] cpsw-switch 4a100000.switch: starting ndev. mode: dual_mac
[    3.213064] mmc0: new high speed SDHC card at address 5048
[    3.220069] mmcblk0: mmc0:5048 SD16G 14.4 GiB
[    3.227946]  mmcblk0: p1 p2
[    3.231203] mmcblk0: p2 size 31221760 extends beyond EOD, truncated
[    3.245623] mmc1: new high speed MMC card at address 0001
[    3.252430] mmcblk1: mmc1:0001 MMC04G 3.60 GiB
[    3.259604]  mmcblk1: p1 p2
[    3.263849] mmcblk1boot0: mmc1:0001 MMC04G 2.00 MiB
[    3.271272] mmcblk1boot1: mmc1:0001 MMC04G 2.00 MiB
[    3.278319] mmcblk1rpmb: mmc1:0001 MMC04G 128 KiB, chardev (250:0)
[    3.284769] SMSC LAN8710/LAN8720 4a101000.mdio:00: attached PHY driver (mii_bus:phy_addr=4a101000.mdio:00, irq=POLL)
[    6.458493] cpsw-switch 4a100000.switch eth0: Link is Up - 100Mbps/Full - flow control off
[    6.507819] IP-Config: Complete:
[    6.511091]      device=eth0, hwaddr=6c:ec:eb:68:de:78, ipaddr=192.168.255.1, mask=255.255.255.0, gw=255.255.255.255
[    6.521725]      host=bbb1, domain=, nis-domain=(none)
[    6.526891]      bootserver=192.168.255.126, rootserver=192.168.255.126, rootpath=
[    6.527321] clk: Disabling unused clocks
[    6.539179] KTAP version 1
[    6.541907] 1..0
[    6.566130] VFS: Mounted root (nfs filesystem) on device 0:16.
[    6.573213] devtmpfs: mounted
[    6.578022] Freeing unused kernel image (initmem) memory: 1024K
[    6.584765] Run /sbin/init as init process
[    6.588944]   with arguments:
[    6.591931]     /sbin/init
[    6.594649]     nfsrootdebug
[    6.597542]   with environment:
[    6.600718]     HOME=/
[    6.603089]     TERM=linux
[    7.290619] systemd[1]: System time before build time, advancing clock.
[    8.747764] random: crng init done
[    8.757329] systemd[1]: Mounting cgroup to /sys/fs/cgroup/freezer of type cgroup with options freezer.
[    8.767682] systemd[1]: Mounting cgroup to /sys/fs/cgroup/memory of type cgroup with options memory.
[    8.798340] systemd[1]: Mounting cgroup to /sys/fs/cgroup/perf_event of type cgroup with options perf_event.
[    8.808897] systemd[1]: Mounting cgroup to /sys/fs/cgroup/devices of type cgroup with options devices.
[    8.818957] systemd[1]: Mounting cgroup to /sys/fs/cgroup/net_cls of type cgroup with options net_cls.
[    8.829051] systemd[1]: Mounting cgroup to /sys/fs/cgroup/cpu,cpuacct of type cgroup with options cpu,cpuacct.
[    8.839969] systemd[1]: Mounting cgroup to /sys/fs/cgroup/blkio of type cgroup with options blkio.
[    8.878212] systemd[1]: Mounting cgroup to /sys/fs/cgroup/cpuset of type cgroup with options cpuset.
[    8.888080] systemd[1]: systemd 232 running in system mode. (+PAM +AUDIT +SELINUX +IMA +APPARMOR +SMACK +SYSVINIT +UTMP +LIBCRYPTSETUP +GCRYPT +GNUTLS +ACL +XZ +LZ4 +SECCOMP +BLKID +ELFUTILS +KMOD +IDN)
[    8.906519] systemd[1]: No virtualization found in DMI

Welcome to [1mDebian GNU/Linux 9 (stretch)[0m!

[    9.376171] systemd-fstab-generator[70]: Parsing /etc/fstab
[    9.412158] systemd-gpt-auto-generator[67]: Neither root nor /usr file system are on a (single) block device.
[    9.425508] systemd-getty-generator[72]: Automatically adding serial getty for /dev/ttyS0.
[    9.474503] systemd-sysv-generator[75]: Native unit for sudo.service already exists, skipping.
[    9.485903] systemd-sysv-generator[75]: Native unit for apache-htcacheclean.service already exists, skipping.
[    9.501145] systemd-sysv-generator[75]: Native unit for kmod.service already exists, skipping.
[    9.512061] systemd-sysv-generator[75]: Native unit for dbus.service already exists, skipping.
[    9.523636] systemd-sysv-generator[75]: Cannot find unit hostapd.service.
[    9.532595] systemd-sysv-generator[75]: Cannot find unit loadcpufreq.service.
[    9.542099] systemd-sysv-generator[75]: Native unit for ofono.service already exists, skipping.
[    9.553159] systemd-sysv-generator[75]: Native unit for avahi-daemon.service already exists, skipping.
[    9.564764] systemd-sysv-generator[75]: Native unit for cron.service already exists, skipping.
[    9.576514] systemd-sysv-generator[75]: Native unit for hwclock.service already exists, skipping.
[    9.654263] printk: systemd-sysv-ge: 61 output lines suppressed due to ratelimiting
[[0;32m  OK  [0m] Reached target Remote File Systems.
[[0;32m  OK  [0m] Created slice System Slice.
[[0;32m  OK  [0m] Created slice system-serial\x2dgetty.slice.
         Mounting Debug File System...[   10.282099] systemd[76]: sys-kernel-debug.mount: Executing: /bin/mount debugfs /sys/kernel/debug -t debugfs

[[0;32m  OK  [0m] Listening on udev Control Socket.
[[0;32m  OK  [0m] Listening on /dev/initctl Compatibility Named Pipe.
[[0;32m  OK  [0m] Reached target Swap.
[[0;32m  OK  [0m] Created slice system-getty.slice.
[[0;32m  OK  [0m] Listening on Journal Socket.
         Starting Remount Root and Kernel File Systems...
         Starting Create list of required stâ€¦ce nodes for the current kernel...
         Starting Load Kernel Modules...
         Mounting POSIX Message Queue File System...
[[0;32m  OK  [0m] Started Forward Password Requests to Wall Directory Watch.
[[0;32m  OK  [0m] Listening on Syslog Socket.
[[0;32m  OK  [0m] Set up automount Arbitrary Executabâ€¦rmats File System Automount Point.
 [[0;32m  OK  [0m] Started Dispatch Password Requests to Cons ole Directory Watch.
[[0;32m  OK  [0m] Reached target Encry pted Volumes.
[[0;32m  OK  [0m] Reached target Paths.
[[0 ;32m  OK  [0m] Created slice User and Session Slice.
[[0;32 m  OK  
         Starting Journal Service...
[[0;32m  OK  [0m] Listening on udev Kernel Socket.
[[0;32m  OK  [0m] Mounted POSIX Message Queue File System.
[[0;32m  OK  [0m] Mounted Debug File System.
[[0;32m  OK  [0m] Started Remount Root and Kernel File Systems[   10.969072] systemd-journald[86]: Fixed min_use=1.0M max_use=24.4M max_size=3.0M min_size=512.0K keep_free=36.6M n_max_files=100
.
[   10.986434] systemd-journald[86]: Reserving 5568 entries in hash table.
[[0;32m  OK  [0m] Started Create list of required staâ€¦vice n[   10.998177] systemd-journald[86]: Vacuuming...
odes for the current kernel.
[   11.007294] systemd-journald[86]: Vacuuming done, freed 0B of archived journals from /run/log/journal/c2029cc3b8b4efd6445bffc4386d43a0.
[[0;32m  OK  [0m] Started Load Kernel Modules.[   11.025736] systemd-journald[86]: Flushing /dev/kmsg...

         Mounting Configuration File System...
         Starting Apply Kernel Variables...
         Starting Create Static Device Nodes in /dev...
         Starting Load/Save Random Seed...
         Starting udev Coldplug all Devices...
[[0;32m  OK  [0m] Mounted Configuration File System.
[[0;32m  OK  [0m] Started Apply Kernel Variables.
[[0;32m  OK  [0m] Started Load/Save Random Seed.
[   11.623514] systemd-journald[86]: systemd-journald running as pid 86
[   11.687051] systemd-journald[86]: Sent READY=1 notification.
[[0;32m  OK  [0m] Started Journal Service.
[   11.740748] systemd-journald[86]: Sent WATCHDOG=1 notification.
         Starting Flush Journal to Persistent Storage...
[   11.806461] systemd-journald[86]: Successfully sent stream file descriptor to service manager.
[   11.849331] systemd-journald[86]: Successfully sent stream file descriptor to service manager.
[[0;32m  OK  [0m] Started Create Static Device Nodes in /dev.
         Starting udev Kernel Device Manager...
[[0;32m  OK  [0m] Reached target Local File Systems (Pre).
[[0;32m  OK  [0m] Reached target Local File Systems.
         Starting Raise network interfaces...
[[0;32m  OK  [0m] Started Flush Journal to Persistent Storage.
         Starting Create Volatile Files and Directories...
[[0;32m  OK  [0m] Started udev Kernel Device Manager.
[   14.588157] systemd[1]: Received SIGCHLD from PID 101 (udevadm).
[   14.628210] systemd[1]: Child 101 (udevadm) died (code=exited, status=0/SUCCESS)
[   14.654507] systemd[1]: systemd-udev-trigger.service: Child 101 belongs to systemd-udev-trigger.service
[[0;32m  OK  [0m] Started udev Coldplug all Devices.
[   14.836288] systemd[1]: Accepted new private connection.
[   14.918157] systemd[1]: upstart.service: Failed to send unit remove signal for upstart.service: Transport endpoint is not connected
[   14.968350] systemd[1]: Got disconnect on private connection.
[   15.240788] systemd[1]: Accepted new private connection.
[   15.308289] systemd[1]: upstart.service: Failed to send unit change signal for upstart.service: Connection reset by peer
[   15.359575] systemd[1]: upstart.service: Failed to send unit remove signal for upstart.service: Transport endpoint is not connected
[   15.423359] systemd[1]: Got disconnect on private connection.
[[0;32m  OK  [0m] Started Raise network interfaces.
[[0;32m  OK  [0m] Started Create Volatile Files and Directories.
[   16.242806] systemd-journald[86]: Successfully sent stream file descriptor to service manager.
         Starting Network Time Synchronization...
[   16.381171] systemd-journald[86]: Successfully sent stream file descriptor to service manager.
         Starting Update UTMP about System Boot/Shutdown...
[   16.719881] systemd-journald[86]: /run/log/journal/c2029cc3b8b4efd6445bffc4386d43a0/system.journal: Journal header limits reached or header out-of-date, rotating.
[   16.739020] systemd-journald[86]: Rotating...
[   16.749051] systemd-journald[86]: Reserving 5568 entries in hash table.
[   16.756507] systemd-journald[86]: Vacuuming...
[   16.762607] systemd-journald[86]: Vacuuming done, freed 0B of archived journals from /run/log/journal/c2029cc3b8b4efd6445bffc4386d43a0.
[[0;32m  OK  [0m] Started Update UTMP about System Boot/Shutdo[   16.779797] systemd-journald[86]: /run/log/journal/c2029cc3b8b4efd6445bffc4386d43a0/system.journal: Journal header limits reached or header out-of-date, rotating.
wn.
[   16.799069] systemd-journald[86]: Rotating...
[   16.808847] systemd-journald[86]: Reserving 5568 entries in hash table.
 [[0;32m  OK  [0m] Started Network Time Synchronization.
[[ 0;32m  OK  [0m] Reached target System Time Synchronized.
[[ 0;32m  OK  [0m] Reached target System Initialization.
[[0;3 2m  OK  [0m] Listening on D-Bus System Message Bus Socket.
[ [0;32m 
[[0;32m  OK  [0m] Listening on Avahi mDNS/DNS-SD Stack Activation Socket.
[[0;32m  OK  [0m] Reached target Sockets.
[[0;32m  OK  [0m] Started Daily apt upgrade and clean activities.
[[0;32m  OK  [0m] Reached target Timers.
[[0;32m  OK  [0m] Reached target Basic System.
         Starting Telephony service...
         Starting Avahi mDNS/DNS-SD Stack...
[[0;32m  OK  [0m] Started D-Bus System Message Bus.
[[0;32m  OK  [0m] Started Telephony service.
[   19.062866] Bluetooth: Core ver 2.22
[   19.066681] NET: Registered PF_BLUETOOTH protocol family
[   19.072238] Bluetooth: HCI device and connection manager initialized
[   19.078725] Bluetooth: HCI socket layer initialized
[   19.083638] Bluetooth: L2CAP socket layer initialized
[   19.088806] Bluetooth: SCO socket layer initialized
[[0;32m  OK  [0m] Started Avahi mDNS/DNS-SD Stack.
         Starting Connection service...
[[0;32m  OK  [0m] Started Regular background program processing daemon.
         Starting LSB: Start busybox udhcpd at boot time...
[   19.638635] systemd[1]: rsync.service: Job rsync.service/start finished, result=done
[   19.725643] systemd[1]: generic-board-startup.service: Passing 0 fds to service
[   19.828779] systemd[1]: generic-board-startup.service: Forked /bin/sh as 177
         Starting Generic Board Startup...
[   19.948728] systemd[1]: capemgr.service: Passing 0 fds to service
[   20.106285] systemd[1]: capemgr.service: Changed dead -> start
         Starting Cape Manager Service...
[   20.188232] systemd[1]: rsyslog.service: Passing 1 fds to service
[   20.248109] systemd[1]: rsyslog.service: Forked /usr/sbin/rsyslogd as 182
[   20.328401] systemd[1]: rsyslog.service: Changed dead -> start
         Starting System Logging Service...
[   20.441457] systemd[1]: systemd-logind.service: Passing 0 fds to service
[   20.570238] systemd[1]: systemd-logind.service: Changed dead -> start
         Starting Login Service...
         Starting LSB: Load kernel modules needed to enable cpufreq scaling...
         Starting DUN service...
[[0;32m  OK  [0m] Started System Logging Service.
[[0;32m  OK  [0m] Started Cape Manager Service.
[[0;32m  OK  [0m] Started LSB: Start busybox udhcpd at boot time.
[[0;32m  OK  [0m] Started Connection service.
[[0;32m  OK  [0m] Started DUN service.
[[0;32m  OK  [0m] Reached target Network.
[   23.791258] systemd-journald[86]: Successfully sent stream file descriptor to service manager.
         Starting Permit User Sessions...
[[0;32m  OK  [0m] Reached target Network is Online.
         Starting LSB: Advanced IEEE 802.11 management daemon...
[   24.045508] systemd-journald[86]: Successfully sent stream file descriptor to service manager.
         Starting The Apache HTTP Server...
[   24.254882] systemd-journald[86]: Successfully sent stream file descriptor to service manager.
[   24.365848] systemd-journald[86]: Successfully sent stream file descriptor to service manager.
[   24.379597] userial_init: registered 8 ttyGS* devices
         Starting OpenBSD Secure Shell server...
 [   24.712578] systemd[1]: Sent message type=signal sender=n/a  destination=n/a object=/org/freedesktop/systemd1/job/88 inter face=org.freedesktop.DBus.Properties member=PropertiesChanged  cookie=29 reply_cookie=0 error=n/a
[   24.850521] rndis_regis ter: con
[[0;32m  OK  [0m] Started LSB: Advanced IEEE 802.11 management daemon.
[   26.785303] systemd-journald[86]: Successfully sent stream file descriptor to service manager.
[[0;32m  OK  [0m] Started OpenBSD Secure Shell server.
[[0;32m  OK  [0m] Started Login Service.
         Starting Hostname Service...
[   28.216256] systemd-journald[86]: Successfully sent stream file descriptor to service manager.
[   28.317086] systemd-journald[86]: Successfully sent stream file descriptor to service manager.
         Starting WPA supplicant...
[[0;32m  OK  [0m] Started Getty on tty1.
[   28.691014] systemd-journald[86]: Successfully sent stream file descriptor to service manager.
         Starting LSB: set CPUFreq kernel parameters...
[[0;32m  OK  [0m] Started The Apache HTTP Server.
[[0;32m  OK  [0m] Started WPA supplicant.
[   29.673814] leds-gpio leds: using DT '/leds/led2' for '(null)' GPIO lookup
[   29.681090] of_get_named_gpiod_flags: parsed 'gpios' property of node '/leds/led2[0]' - status (0)
[   29.690245] gpio gpiochip0: Persistence not supported for GPIO 21
[   29.696373] gpio-533 (?): no flags found for (null)
[   29.701616] leds-gpio leds: using DT '/leds/led3' for '(null)' GPIO lookup
[   29.708639] of_get_named_gpiod_flags: parsed 'gpios' property of node '/leds/led3[0]' - status (0)
[   29.717669] gpio gpiochip0: Persistence not supported for GPIO 22
[   29.723836] gpio-534 (?): no flags found for (null)
[   29.742054] systemd[1]: systemd-hostnamed.service: Changed start -> running
[   29.758983] leds-gpio leds: using DT '/leds/led4' for '(null)' GPIO lookup
[   29.766100] of_get_named_gpiod_flags: parsed 'gpios' property of node '/leds/led4[0]' - status (0)
[   29.775501] gpio gpiochip0: Persistence not supported for GPIO 23
[   29.781751] gpio-535 (?): no flags found for (null)
[   29.792392] systemd[1]: systemd-hostnamed.service: Job systemd-hostnamed.service/start finished, result=done
[   29.808102] leds-gpio leds: using DT '/leds/led5' for '(null)' GPIO lookup
[   29.815084] of_get_named_gpiod_flags: parsed 'gpios' property of node '/leds/led5[0]' - status (0)
[   29.824229] gpio gpiochip0: Persistence not supported for GPIO 24
[   29.830442] gpio-536 (?): no flags found for (null)
[[0;32m  OK  [0m] Started Hostname Service.
[   29.899580] systemd[1]: Sent message type=signal sender=n/a destination=n/a object=/org/freedesktop/systemd1 interface=org.freedesktop.systemd1.Manager member=JobRemoved cookie=85 reply_cookie=0 error=n/a
[   29.968508] systemd[1]: Sent message type=signal sender=n/a destination=n/a object=/org/freedesktop/systemd1/unit/systemd_2dhostnamed_2eservice interface=org.freedesktop.DBus.Properties member=PropertiesChanged cookie=86 reply_cookie=0 error=n/a
[   30.038228] systemd[1]: Sent message type=signal sender=n/a destination=n/a object=/org/freedesktop/systemd1/unit/systemd_2dhostnamed_2eservice interface=org.freedesktop.DBus.Properties member=PropertiesChanged cookie=87 reply_cookie=0 error=n/a
[   30.198694] systemd[1]: Got disconnect on private connection.
[   30.368669] systemd[1]: Received SIGCHLD from PID 387 (cpufrequtils).
[   30.410260] systemd[1]: Child 387 (cpufrequtils) died (code=exited, status=0/SUCCESS)
[   30.448149] systemd[1]: cpufrequtils.service: Child 387 belongs to cpufrequtils.service
[   30.485324] systemd[1]: cpufrequtils.service: Control process exited, code=exited status=0
[[0;32m  OK  [0m] Started LSB: set CPUFreq kernel parameters.
[   30.929037] remoteproc remoteproc0: wkup_m3 is available
[[0;32m  OK  [0m] Found device /dev/ttyS0.
[[0;32m  OK  [0m] Started Serial Getty on ttyS0.
[[0;32m  OK  [0m] Reached target Login Prompts.
 [   31.921058] wkup_m3_ipc 44e11324.wkup_m3_ipc: IPC Request f or A8->M3 Channel failed! -517
[   32.243142] at24 2-0054: su pply vcc not found, using dummy regulator
[   32.282210] at24  2-0055: supply vcc not found, using dummy regulator
[   32.3 21817] a
[   39.020328] omap_rng 48310000.rng: Random Number Generator ver. 20
[   39.148478] tilcdc 4830e000.lcdc: bound 0-0070 (ops tda998x_driver_exit [tda998x])
[   39.164895] [drm] Initialized tilcdc 1.0.0 20121205 for 4830e000.lcdc on minor 0
[   39.173155] tilcdc 4830e000.lcdc: [drm] Cannot find any crtc or sizes
[   39.181451] tilcdc 4830e000.lcdc: [drm] Cannot find any crtc or sizes
[   40.651558] omap-sham 53100000.sham: hw accel on OMAP rev 4.3
[   40.670392] omap-sham 53100000.sham: will run requests pump with realtime priority
[   40.702465] PM: Cannot get wkup_m3_ipc handle
[   40.934537] omap-aes 53500000.aes: OMAP AES hw accel rev: 3.2
[   40.951979] omap-aes 53500000.aes: will run requests pump with realtime priority
[   40.960684] PM: Cannot get wkup_m3_ipc handle
[   42.314532] systemd[1]: Sent message type=signal sender=n/a destination=n/a object=/org/freedesktop/systemd1 interface=org.freedesktop.systemd1.Manager member=UnitNew cookie=156 reply_cookie=0 error=n/a
[   42.448088] systemd[1]: Sent message type=signal sender=n/a destination=n/a object=/org/freedesktop/systemd1 interface=org.freedesktop.systemd1.Manager member=UnitNew cookie=157 reply_cookie=0 error=n/a
[   42.558216] systemd[1]: dev-ram12.device: Changed dead -> plugged
[   42.579452] systemd[1]: sys-devices-virtual-block-ram12.device: Changed dead -> plugged
[   42.741167] systemd[1]: dev-ram10.device: Changed dead -> plugged
[   42.763010] systemd[1]: sys-devices-virtual-block-ram10.device: Changed dead -> plugged
[   42.800871] systemd[1]: Sent message type=signal sender=n/a destination=n/a object=/org/freedesktop/systemd1 interface=org.freedesktop.systemd1.Manager member=UnitNew cookie=164 reply_cookie=0 error=n/a
[   43.225389] systemd[1]: Sent message type=signal sender=n/a destination=n/a object=/org/freedesktop/systemd1 interface=org.freedesktop.systemd1.Manager member=UnitNew cookie=174 reply_cookie=0 error=n/a
[   43.415845] systemd[1]: Sent message type=signal sender=n/a destination=n/a object=/org/freedesktop/systemd1 interface=org.freedesktop.systemd1.Manager member=UnitNew cookie=177 reply_cookie=0 error=n/a
[   43.549249] systemd[1]: Sent message type=signal sender=n/a destination=n/a object=/org/freedesktop/systemd1 interface=org.freedesktop.systemd1.Manager member=UnitNew cookie=180 reply_cookie=0 error=n/a
[   47.430329] systemd[1]: systemd-timesyncd.service: Got notification message from PID 161 (STATUS=Idle.)
[   47.468714] systemd[1]: systemd-timesyncd.service: Got notification message from PID 161 (STATUS=Idle.)
[   47.508197] systemd[1]: systemd-timesyncd.service: Got notification message from PID 161 (STATUS=Idle.)
[   47.579424] systemd[1]: systemd-timesyncd.service: Got notification message from PID 161 (STATUS=Idle.)
[   47.638286] systemd[1]: systemd-timesyncd.service: Got notification message from PID 161 (STATUS=Idle.)
[   47.678588] systemd[1]: systemd-timesyncd.service: Got notification message from PID 161 (STATUS=Idle.)
[   47.718242] systemd[1]: systemd-timesyncd.service: Got notification message from PID 161 (STATUS=Idle.)
[   47.759686] systemd[1]: systemd-timesyncd.service: Got notification message from PID 161 (STATUS=Idle.)
[   47.798609] systemd[1]: systemd-timesyncd.service: Got notification message from PID 161 (STATUS=Idle.)
[   47.910793] systemd[1]: systemd-timesyncd.service: Got notification message from PID 161 (STATUS=Idle.)
[   49.211427] PM: Cannot get wkup_m3_ipc handle
[   49.217174] asoc-simple-card sound: using DT '/sound' for 'simple-audio-card,hp-det' GPIO lookup
[   49.226357] of_get_named_gpiod_flags: can't parse 'simple-audio-card,hp-det-gpios' property of node '/sound[0]'
[   49.236613] of_get_named_gpiod_flags: can't parse 'simple-audio-card,hp-det-gpio' property of node '/sound[0]'
[   49.246751] asoc-simple-card sound: using lookup tables for GPIO lookup
[   49.253450] asoc-simple-card sound: No GPIO consumer simple-audio-card,hp-det found
[   49.261196] asoc-simple-card sound: using DT '/sound' for 'simple-audio-card,mic-det' GPIO lookup
[   49.270156] of_get_named_gpiod_flags: can't parse 'simple-audio-card,mic-det-gpios' property of node '/sound[0]'
[   49.280424] of_get_named_gpiod_flags: can't parse 'simple-audio-card,mic-det-gpio' property of node '/sound[0]'
[   49.290608] asoc-simple-card sound: using lookup tables for GPIO lookup
[   49.297257] asoc-simple-card sound: No GPIO consumer simple-audio-card,mic-det found
[   49.312418] PM: Cannot get wkup_m3_ipc handle
 [   50.072372] systemd-journald[86]: Data hash table of /run/l og/journal/c2029cc3b8b4efd6445bffc4386d43a0/system.journal has  a fill level at 75.0 (4178 of 5568 items, 3207168 file size,  767 bytes per hash table item), suggesting rotation.
[   50.0 95836] s
Labgrid Console Logfile for main
Logfile started at 2024-12-14 23:27:03.966661
=== Log starts here ===
reading args
spl_load_image_fat_os: error reading image args, err - -1
reading u-boot.img
reading u-boot.img


U-Boot 2014.04-00014-g47880f5 (Apr 22 2014 - 13:23:54)

I2C:   ready
DRAM:  512 MiB
NAND:  0 MiB
MMC:   OMAP SD/MMC: 0, OMAP SD/MMC: 1
*** Warning - readenv() failed, using default environment

Net:   <ethaddr> not set. Validating first E-fuse MAC
cpsw, usb_ether
Hit any key to stop autoboot:  1  0 
gpio: pin 53 (gpio 53) value is 1
mmc0 is current device
gpio: pin 54 (gpio 54) value is 1
SD/MMC found on device 0
reading uEnv.txt
584 bytes read in 4 ms (142.6 KiB/s)
gpio: pin 55 (gpio 55) value is 1
Loaded environment from uEnv.txt
Importing environment from mmc ...
Checking if uenvcmd is set ...
gpio: pin 56 (gpio 56) value is 1
Running uenvcmd ...
cpsw Waiting for PHY auto negotiation to complete. done
link up on port 0, speed 100, full duplex
Using cpsw device
TFTP from server 192.168.255.126; our IP address is 192.168.255.1
Filename 'zImage'.
Load address: 0x81000000
Loading: *#################################################################
	 #################################################################
	 #################################################################
	 #################################################################
	 #################################################################
	 ######################################
	 2.4 MiB/s
done
Bytes transferred = 5315184 (511a70 hex)
link up on port 0, speed 100, full duplex
Using cpsw device
TFTP from server 192.168.255.126; our IP address is 192.168.255.1
Filename 'am335x-boneblack.dtb'.
Load address: 0x82000000
Loading: *#######
	 2.2 MiB/s
done
Bytes transferred = 97772 (17dec hex)
Kernel image @ 0x81000000 [ 0x000000 - 0x511a70 ]
## Flattened Device Tree blob at 82000000
   Booting using the fdt blob at 0x82000000
   Using Device Tree in place at 82000000, end 8201adeb

Starting kernel ...

[    0.000000] Booting Linux on physical CPU 0x0
[    0.000000] Linux version 6.6.66 (user01@drvtest01) (arm-linux-gnueabihf-gcc (Linaro GCC 6.4-2017.11) 6.4.1 20171012, GNU ld (Linaro_Binutils-2017.11) 2.27.0.20161229) #17 SMP Sat Dec 14 23:18:36 EET 2024
[    0.000000] CPU: ARMv7 Processor [413fc082] revision 2 (ARMv7), cr=10c5387d
[    0.000000] CPU: PIPT / VIPT nonaliasing data cache, VIPT aliasing instruction cache
[    0.000000] OF: fdt: Machine model: TI AM335x BeagleBone Black
[    0.000000] earlycon: omap8250 at MMIO 0x44e09000 (options '')
[    0.000000] printk: bootconsole [omap8250] enabled
[    0.000000] Memory policy: Data cache writeback
[    0.000000] cma: Reserved 16 MiB at 0x9e800000 on node -1
[    0.000000] Zone ranges:
[    0.000000]   Normal   [mem 0x0000000080000000-0x000000009fdfffff]
[    0.000000]   HighMem  empty
[    0.000000] Movable zone start for each node
[    0.000000] Early memory node ranges
[    0.000000]   node   0: [mem 0x0000000080000000-0x000000009fdfffff]
[    0.000000] Initmem setup node 0 [mem 0x0000000080000000-0x000000009fdfffff]
[    0.000000] CPU: All CPU(s) started in SVC mode.
[    0.000000] AM335X ES2.1 (sgx neon)
[    0.000000] percpu: Embedded 16 pages/cpu s36052 r8192 d21292 u65536
[    0.000000] pcpu-alloc: s36052 r8192 d21292 u65536 alloc=16*4096
[    0.000000] pcpu-alloc: [0] 0 
[    0.000000] Kernel command line: console=ttyO0,115200n8 debug earlycon root=/dev/nfs rw nfsroot=192.168.255.126:/home/user01/nfs,nfsvers=3 ip=192.168.255.1:192.168.255.126::255.255.255.0:bbb1:eth0 nfsrootdebug
[    0.000000] Unknown kernel command line parameters "nfsrootdebug", will be passed to user space.
[    0.000000] Dentry cache hash table entries: 65536 (order: 6, 262144 bytes, linear)
[    0.000000] Inode-cache hash table entries: 32768 (order: 5, 131072 bytes, linear)
[    0.000000] Built 1 zonelists, mobility grouping on.  Total pages: 129412
[    0.000000] mem auto-init: stack:off, heap alloc:off, heap free:off
[    0.000000] Memory: 483604K/522240K available (11264K kernel code, 1163K rwdata, 2704K rodata, 1024K init, 283K bss, 22252K reserved, 16384K cma-reserved, 0K highmem)
[    0.000000] SLUB: HWalign=64, Order=0-3, MinObjects=0, CPUs=1, Nodes=1
[    0.000000] trace event string verifier disabled
[    0.000000] rcu: Hierarchical RCU implementation.
[    0.000000] rcu: 	RCU event tracing is enabled.
[    0.000000] rcu: 	RCU restricting CPUs from NR_CPUS=2 to nr_cpu_ids=1.
[    0.000000] rcu: RCU calculated value of scheduler-enlistment delay is 10 jiffies.
[    0.000000] rcu: Adjusting geometry for rcu_fanout_leaf=16, nr_cpu_ids=1
[    0.000000] NR_IRQS: 16, nr_irqs: 16, preallocated irqs: 16
[    0.000000] IRQ: Found an INTC at 0x(ptrval) (revision 5.0) with 128 interrupts
[    0.000000] rcu: srcu_init: Setting srcu_struct sizes based on contention.
[    0.000000] TI gptimer clocksource: always-on /ocp/interconnect@44c00000/segment@200000/target-module@31000
[    0.000002] sched_clock: 32 bits at 24MHz, resolution 41ns, wraps every 89478484971ns
[    0.008072] clocksource: dmtimer: mask: 0xffffffff max_cycles: 0xffffffff, max_idle_ns: 79635851949 ns
[    0.018143] TI gptimer clockevent: 24000000 Hz at /ocp/interconnect@48000000/segment@0/target-module@40000
[    0.029673] Console: colour dummy device 80x30
[    0.034301] WARNING: Your 'console=ttyO0' has been replaced by 'ttyS0'
[    0.041125] This ensures that you still see kernel messages. Please
[    0.047576] update your kernel commandline.
[    0.051930] Calibrating delay loop... 996.14 BogoMIPS (lpj=4980736)
[    0.094628] CPU: Testing write buffer coherency: ok
[    0.099755] CPU0: Spectre v2: using BPIALL workaround
[    0.104956] pid_max: default: 32768 minimum: 301
[    0.109828] LSM: initializing lsm=capability,integrity
[    0.115288] Mount-cache hash table entries: 1024 (order: 0, 4096 bytes, linear)
[    0.122858] Mountpoint-cache hash table entries: 1024 (order: 0, 4096 bytes, linear)
[    0.132374] CPU0: thread -1, cpu 0, socket -1, mpidr 0
[    0.139465] Setting up static identity map for 0x80100000 - 0x80100078
[    0.146505] rcu: Hierarchical SRCU implementation.
[    0.151507] rcu: 	Max phase no-delay instances is 1000.
[    0.158452] smp: Bringing up secondary CPUs ...
[    0.163180] smp: Brought up 1 node, 1 CPU
[    0.167310] SMP: Total of 1 processors activated (996.14 BogoMIPS).
[    0.173854] CPU: All CPU(s) started in SVC mode.
[    0.179625] devtmpfs: initialized
[    0.200270] VFP support v0.3: implementor 41 architecture 3 part 30 variant c rev 3
[    0.208628] clocksource: jiffies: mask: 0xffffffff max_cycles: 0xffffffff, max_idle_ns: 19112604462750000 ns
[    0.218816] futex hash table entries: 256 (order: 2, 16384 bytes, linear)
[    0.227082] pinctrl core: initialized pinctrl subsystem
[    0.235302] NET: Registered PF_NETLINK/PF_ROUTE protocol family
[    0.244087] DMA: preallocated 256 KiB pool for atomic coherent allocations
[    0.251883] audit: initializing netlink subsys (disabled)
[    0.258888] thermal_sys: Registered thermal governor 'fair_share'
[    0.258914] thermal_sys: Registered thermal governor 'step_wise'
[    0.265191] thermal_sys: Registered thermal governor 'user_space'
[    0.271523] audit: type=2000 audit(0.220:1): state=initialized audit_enabled=0 res=1
[    0.285857] cpuidle: using governor menu
[    0.306559] /ocp/interconnect@44c00000/segment@200000/target-module@b000/i2c@0/tda19988@70: Fixed dependency cycle(s) with /ocp/interconnect@48000000/segment@300000/target-module@e000/lcdc@0
[    0.325244] /ocp/interconnect@48000000/segment@300000/target-module@e000/lcdc@0: Fixed dependency cycle(s) with /ocp/interconnect@44c00000/segment@200000/target-module@b000/i2c@0/tda19988@70
[    0.344874] No ATAGs?
[    0.347234] hw-breakpoint: debug architecture 0x4 unsupported.
[    0.356493] kprobes: kprobe jump-optimization is enabled. All kprobes are optimized if possible.
[    0.400225] iommu: Default domain type: Translated
[    0.405180] iommu: DMA domain TLB invalidation policy: strict mode
[    0.413089] SCSI subsystem initialized
[    0.417803] reg-fixed-voltage fixedregulator0: using DT '/fixedregulator0' for '(null)' GPIO lookup
[    0.427250] of_get_named_gpiod_flags: can't parse 'gpios' property of node '/fixedregulator0[0]'
[    0.436340] of_get_named_gpiod_flags: can't parse 'gpio' property of node '/fixedregulator0[0]'
[    0.445335] reg-fixed-voltage fixedregulator0: using lookup tables for GPIO lookup
[    0.453145] reg-fixed-voltage fixedregulator0: No GPIO consumer (null) found
[    0.478544] libata version 3.00 loaded.
[    0.482869] pps_core: LinuxPPS API ver. 1 registered
[    0.487984] pps_core: Software ver. 5.3.6 - Copyright 2005-2007 Rodolfo Giometti <giometti@linux.it>
[    0.497493] PTP clock support registered
[    0.544580] vgaarb: loaded
[    0.547792] clocksource: Switched to clocksource dmtimer
[    0.553988] VFS: Disk quotas dquot_6.6.0
[    0.558173] VFS: Dquot-cache hash table entries: 1024 (order 0, 4096 bytes)
[    0.601873] NET: Registered PF_INET protocol family
[    0.607265] IP idents hash table entries: 8192 (order: 4, 65536 bytes, linear)
[    0.616165] tcp_listen_portaddr_hash hash table entries: 512 (order: 0, 4096 bytes, linear)
[    0.624847] Table-perturb hash table entries: 65536 (order: 6, 262144 bytes, linear)
[    0.632854] TCP established hash table entries: 4096 (order: 2, 16384 bytes, linear)
[    0.640881] TCP bind hash table entries: 4096 (order: 4, 65536 bytes, linear)
[    0.648337] TCP: Hash tables configured (established 4096 bind 4096)
[    0.655004] UDP hash table entries: 256 (order: 1, 8192 bytes, linear)
[    0.661776] UDP-Lite hash table entries: 256 (order: 1, 8192 bytes, linear)
[    0.669143] NET: Registered PF_UNIX/PF_LOCAL protocol family
[    0.694422] RPC: Registered named UNIX socket transport module.
[    0.700611] RPC: Registered udp transport module.
[    0.705451] RPC: Registered tcp transport module.
[    0.710310] RPC: Registered tcp-with-tls transport module.
[    0.715953] RPC: Registered tcp NFSv4.1 backchannel transport module.
[    0.722628] PCI: CLS 0 bytes, default 64
[    0.728479] Initialise system trusted keyrings
[    0.767272] workingset: timestamp_bits=14 max_order=17 bucket_order=3
[    0.775266] NFS: Registering the id_resolver key type
[    0.780655] Key type id_resolver registered
[    0.784963] Key type id_legacy registered
[    0.789218] jffs2: version 2.2. (NAND) (SUMMARY)  Â© 2001-2006 Red Hat, Inc.
[    0.809650] Key type asymmetric registered
[    0.813887] Asymmetric key parser 'x509' registered
[    0.819034] io scheduler mq-deadline registered
[    0.823702] io scheduler kyber registered
[    0.827950] io scheduler bfq registered
[    0.870241] Serial: 8250/16550 driver, 6 ports, IRQ sharing enabled
[    0.930434] brd: module loaded
[    0.949962] loop: module loaded
[    0.954159] mtdoops: mtd device (mtddev=name/number) must be supplied
[    0.962467] mdio_bus fixed-0: using lookup tables for GPIO lookup
[    0.968844] mdio_bus fixed-0: No GPIO consumer reset found
[    0.975777] i2c_dev: i2c /dev entries driver
[    0.981251] cpuidle: enable-method property 'ti,am3352' found operations
[    0.988717] sdhci: Secure Digital Host Controller Interface driver
[    0.995088] sdhci: Copyright(c) Pierre Ossman
[    0.999814] sdhci-pltfm: SDHCI platform and OF driver helper
[    1.047102] ledtrig-cpu: registered to indicate activity on CPUs
[    1.054151] Initializing XFRM netlink socket
[    1.058775] NET: Registered PF_INET6 protocol family
[    1.087633] Segment Routing with IPv6
[    1.091560] In-situ OAM (IOAM) with IPv6
[    1.095696] sit: IPv6, IPv4 and MPLS over IPv4 tunneling driver
[    1.102828] NET: Registered PF_PACKET protocol family
[    1.108150] NET: Registered PF_KEY protocol family
[    1.113234] Key type dns_resolver registered
[    1.117971] ThumbEE CPU extension supported.
[    1.122381] Registering SWP/SWPB emulation handler
[    1.127891] omap_voltage_late_init: Voltage driver support not added
[    1.134787] SmartReflex Class3 initialized
[    1.163012] Loading compiled-in X.509 certificates
[    1.214689] /ocp/interconnect@44c00000/segment@200000/target-module@b000/i2c@0/tda19988@70: Fixed dependency cycle(s) with /ocp/interconnect@48000000/segment@300000/target-module@e000/lcdc@0
[    1.238798] /ocp/interconnect@44c00000/segment@200000/target-module@b000/i2c@0/tda19988@70: Fixed dependency cycle(s) with /ocp/interconnect@48000000/segment@300000/target-module@e000/lcdc@0
[    1.261950] gpiochip_find_base: found new base at 512
[    1.269899] /ocp/interconnect@44c00000/segment@200000/target-module@b000/i2c@0/tda19988@70: Fixed dependency cycle(s) with /ocp/interconnect@48000000/segment@300000/target-module@e000/lcdc@0
[    1.288391] /ocp/interconnect@44c00000/segment@200000/target-module@b000/i2c@0/tda19988@70: Fixed dependency cycle(s) with /ocp/interconnect@48000000/segment@300000/target-module@e000/lcdc@0
[    1.309455] /ocp/interconnect@44c00000/segment@200000/target-module@10000/scm@0/pinmux@800: Fixed dependency cycle(s) with /ocp/interconnect@44c00000/segment@200000/target-module@10000/scm@0/pinmux@800/clkout2-pins
[    1.329799] pinctrl-single 44e10800.pinmux: 142 pins, size 568
[    1.341173] ti-sysc: probe of 44e31000.target-module failed with error -16
[    1.382905] /ocp/interconnect@48000000/segment@300000/target-module@e000/lcdc@0: Fixed dependency cycle(s) with /ocp/interconnect@44c00000/segment@200000/target-module@b000/i2c@0/tda19988@70
[    1.408525] ti-sysc: probe of 48040000.target-module failed with error -16
[    1.426926] gpiochip_find_base: found new base at 512
[    1.432349] gpio gpiochip0: (gpio-0-31): created GPIO range 0->7 ==> 44e10800.pinmux PIN 0->7
[    1.441178] gpio gpiochip0: (gpio-0-31): created GPIO range 8->11 ==> 44e10800.pinmux PIN 90->93
[    1.450254] gpio gpiochip0: (gpio-0-31): created GPIO range 12->27 ==> 44e10800.pinmux PIN 12->27
[    1.459416] gpio gpiochip0: (gpio-0-31): created GPIO range 28->31 ==> 44e10800.pinmux PIN 30->33
[    1.515515] gpio gpiochip0: (gpio-0-31): added GPIO chardev (254:0)
[    1.522191] gpio gpiochip0: registered GPIOs 512 to 543 on gpio-0-31
[    1.528848] OMAP GPIO hardware version 0.1
[    1.586412] i2c i2c-2: using DT '/ocp/interconnect@48000000/segment@100000/target-module@9c000/i2c@0' for 'scl' GPIO lookup
[    1.598085] of_get_named_gpiod_flags: can't parse 'scl-gpios' property of node '/ocp/interconnect@48000000/segment@100000/target-module@9c000/i2c@0[0]'
[    1.612124] of_get_named_gpiod_flags: can't parse 'scl-gpio' property of node '/ocp/interconnect@48000000/segment@100000/target-module@9c000/i2c@0[0]'
[    1.626051] i2c i2c-2: using lookup tables for GPIO lookup
[    1.631722] i2c i2c-2: No GPIO consumer scl found
[    1.636578] i2c i2c-2: using DT '/ocp/interconnect@48000000/segment@100000/target-module@9c000/i2c@0' for 'sda' GPIO lookup
[    1.648086] of_get_named_gpiod_flags: can't parse 'sda-gpios' property of node '/ocp/interconnect@48000000/segment@100000/target-module@9c000/i2c@0[0]'
[    1.662099] of_get_named_gpiod_flags: can't parse 'sda-gpio' property of node '/ocp/interconnect@48000000/segment@100000/target-module@9c000/i2c@0[0]'
[    1.676015] i2c i2c-2: using lookup tables for GPIO lookup
[    1.681680] i2c i2c-2: No GPIO consumer sda found
[    1.687241] omap_i2c 4819c000.i2c: bus 2 rev0.11 at 100 kHz
[    1.698626] gpiochip_find_base: found new base at 544
[    1.703899] gpio gpiochip1: (gpio-32-63): created GPIO range 0->17 ==> 44e10800.pinmux PIN 34->51
[    1.713150] gpio gpiochip1: (gpio-32-63): created GPIO range 18->21 ==> 44e10800.pinmux PIN 77->80
[    1.722414] gpio gpiochip1: (gpio-32-63): created GPIO range 22->31 ==> 44e10800.pinmux PIN 56->65
[    1.799905] gpio gpiochip1: (gpio-32-63): added GPIO chardev (254:1)
[    1.806610] gpio gpiochip1: registered GPIOs 544 to 575 on gpio-32-63
[    1.815584] gpiochip_find_base: found new base at 576
[    1.821016] gpio gpiochip2: (gpio-64-95): created GPIO range 0->4 ==> 44e10800.pinmux PIN 66->70
[    1.830115] gpio gpiochip2: (gpio-64-95): created GPIO range 5->6 ==> 44e10800.pinmux PIN 98->99
[    1.839190] gpio gpiochip2: (gpio-64-95): created GPIO range 7->8 ==> 44e10800.pinmux PIN 75->76
[    1.848261] gpio gpiochip2: (gpio-64-95): created GPIO range 13->13 ==> 44e10800.pinmux PIN 141->141
[    1.857669] gpio gpiochip2: (gpio-64-95): created GPIO range 14->21 ==> 44e10800.pinmux PIN 100->107
 [    1.902279] gpio gpiochip2: (gpio-64-95): added GPIO charde v (254:2)
[    1.909013] gpio gpiochip2: registered GPIOs 576  to 607 on gpio-64-95
[    1.922185] /ocp/interconnect@480000 00/segment@300000/target-module@e000/lcdc@0: Fixed dependency cycle(s)
[    3.213124] mmc0: new high speed SDHC card at address 5048
[    3.220126] mmcblk0: mmc0:5048 SD16G 14.4 GiB
[    3.227994]  mmcblk0: p1 p2
[    3.231263] mmcblk0: p2 size 31221760 extends beyond EOD, truncated
[    3.245654] mmc1: new high speed MMC card at address 0001
[    3.252459] mmcblk1: mmc1:0001 MMC04G 3.60 GiB
[    3.259622]  mmcblk1: p1 p2
[    3.263860] mmcblk1boot0: mmc1:0001 MMC04G 2.00 MiB
[    3.271295] mmcblk1boot1: mmc1:0001 MMC04G 2.00 MiB
[    3.278358] mmcblk1rpmb: mmc1:0001 MMC04G 128 KiB, chardev (250:0)
[    3.284801] SMSC LAN8710/LAN8720 4a101000.mdio:00: attached PHY driver (mii_bus:phy_addr=4a101000.mdio:00, irq=POLL)
[    6.458545] cpsw-switch 4a100000.switch eth0: Link is Up - 100Mbps/Full - flow control off
[    6.507870] IP-Config: Complete:
[    6.511141]      device=eth0, hwaddr=6c:ec:eb:68:de:78, ipaddr=192.168.255.1, mask=255.255.255.0, gw=255.255.255.255
[    6.521779]      host=bbb1, domain=, nis-domain=(none)
[    6.526945]      bootserver=192.168.255.126, rootserver=192.168.255.126, rootpath=
[    6.527382] clk: Disabling unused clocks
[    6.539244] KTAP version 1
[    6.541972] 1..0
[    6.566446] VFS: Mounted root (nfs filesystem) on device 0:16.
[    6.573562] devtmpfs: mounted
[    6.578374] Freeing unused kernel image (initmem) memory: 1024K
[    6.585143] Run /sbin/init as init process
[    6.589332]   with arguments:
[    6.592319]     /sbin/init
[    6.595036]     nfsrootdebug
[    6.597954]   with environment:
[    6.601109]     HOME=/
[    6.603479]     TERM=linux
[    7.290940] systemd[1]: System time before build time, advancing clock.
[    8.747813] random: crng init done
[    8.757307] systemd[1]: Mounting cgroup to /sys/fs/cgroup/perf_event of type cgroup with options perf_event.
[    8.768378] systemd[1]: Mounting cgroup to /sys/fs/cgroup/cpu,cpuacct of type cgroup with options cpu,cpuacct.
[    8.779422] systemd[1]: Mounting cgroup to /sys/fs/cgroup/net_cls of type cgroup with options net_cls.
[    8.789544] systemd[1]: Mounting cgroup to /sys/fs/cgroup/cpuset of type cgroup with options cpuset.
[    8.799564] systemd[1]: Mounting cgroup to /sys/fs/cgroup/blkio of type cgroup with options blkio.
[    8.838241] systemd[1]: Mounting cgroup to /sys/fs/cgroup/freezer of type cgroup with options freezer.
[    8.848199] systemd[1]: Mounting cgroup to /sys/fs/cgroup/memory of type cgroup with options memory.
[    8.878379] systemd[1]: Mounting cgroup to /sys/fs/cgroup/devices of type cgroup with options devices.
[    8.888307] systemd[1]: systemd 232 running in system mode. (+PAM +AUDIT +SELINUX +IMA +APPARMOR +SMACK +SYSVINIT +UTMP +LIBCRYPTSETUP +GCRYPT +GNUTLS +ACL +XZ +LZ4 +SECCOMP +BLKID +ELFUTILS +KMOD +IDN)
[    8.906751] systemd[1]: No virtualization found in DMI

Welcome to [1mDebian GNU/Linux 9 (stretch)[0m!

[    9.398780] systemd-gpt-auto-generator[68]: Neither root nor /usr file system are on a (single) block device.
[    9.420686] systemd-fstab-generator[71]: Parsing /etc/fstab
[    9.429610] systemd-getty-generator[73]: Automatically adding serial getty for /dev/ttyS0.
[    9.469480] systemd-sysv-generator[76]: Native unit for sudo.service already exists, skipping.
[    9.480892] systemd-sysv-generator[76]: Native unit for apache-htcacheclean.service already exists, skipping.
[    9.496119] systemd-sysv-generator[76]: Native unit for kmod.service already exists, skipping.
[    9.507085] systemd-sysv-generator[76]: Native unit for dbus.service already exists, skipping.
[    9.518944] systemd-sysv-generator[76]: Cannot find unit hostapd.service.
[    9.528002] systemd-sysv-generator[76]: Cannot find unit loadcpufreq.service.
[    9.537172] systemd-sysv-generator[76]: Native unit for ofono.service already exists, skipping.
[    9.548258] systemd-sysv-generator[76]: Native unit for avahi-daemon.service already exists, skipping.
[    9.559783] systemd-sysv-generator[76]: Native unit for cron.service already exists, skipping.
