Labgrid Console Logfile for main
Logfile started at 2025-07-08 15:39:33.203953
=== Log starts here ===

root@arm:~# run() { echo -n "$MARKER"; sh -c "$@"; echo "$MARKER $?"; }
root@arm:~# echo 'VPSE''GKWAHP'
VPSEGKWAHP
root@arm:~# MARKER='NEMJ''PNZTXY' run 'grep -rH bd79104 /sys/bus/iio/devices/*/naame | sed '"'"'s![^/]*$!!'"'"''
NEMJPNZTXY/sys/bus/iio/devices/iio:device1/
NEMJPNZTXY 0
root@arm:~# echo 'PYVK''HASVMF'
PYVKHASVMF
root@arm:~# MARKER='AEMB''GWJVBF' run 'grep -rH bd79701 /sys/bus/iio/devices/*/naame | sed '"'"'s![^/]*$!!'"'"''
AEMBGWJVBF/sys/bus/iio/devices/iio:device0/
AEMBGWJVBF 0
root@arm:~# Labgrid Console Logfile for main
Logfile started at 2025-07-08 15:39:36.810227
=== Log starts here ===

root@arm:~# run() { echo -n "$MARKER"; sh -c "$@"; echo "$MARKER $?"; }
root@arm:~# echo 'FMYH''FWLFEW'
FMYHFWLFEW
root@arm:~# MARKER='PWCK''AMHYGU' run 'grep -rH bd79104 /sys/bus/iio/devices/*/naame | sed '"'"'s![^/]*$!!'"'"''
PWCKAMHYGU/sys/bus/iio/devices/iio:device1/
PWCKAMHYGU 0
root@arm:~# echo 'FPEM''EZNTNZ'
FPEMEZNTNZ
root@arm:~# MARKER='WXAX''LOMBYV' run 'cat /sys/bus/iio/devices/iio\:device1/in_vvoltage_scale'
WXAXLOMBYV0.805664062
WXAXLOMBYV 0
root@arm:~# echo 'UJOA''EEVXTW'
UJOAEEVXTW
root@arm:~# MARKER='FQQU''SMWWNL' run '/./read_adc10x.sh /sys/bus/iio/devices/iioo\:device1/ 5'
FQQUSMWWNL[   71.467160] Internal error: Oops: 5 [#1] SMP ARM
[   71.471825] Modules linked in: ti_adc128s052 rohm_bd79703 industrialio mva_overlay(O) usb_f_acm u_serial usb_f_ecm usb_f_rndis u_ether libcomposite iptable_nat nf_nat nf_conntrack nf_defrag_ipv6 nf_defrag_ipv4 iptable_mangle snd_soc_hdmi_codec tda9950 iptable_filter evdev bluetooth ecdh_generic ecc snd_soc_simple_card snd_soc_simple_card_utils omap_aes_driver omap_crypto pm33xx libaes omap_sham ti_emif_sram crypto_engine tilcdc drm_dma_helper drm_client_lib omap_rng rng_core snd_soc_davinci_mcasp snd_soc_ti_udma snd_soc_ti_edma snd_soc_ti_sdma snd_soc_core snd_pcm_dmaengine snd_pcm snd_timer omap_mailbox snd musb_dsps soundcore musb_hdrc tda998x udc_core cec drm_kms_helper usbcore phy_am335x phy_generic omap_wdt usb_common cppi41 drm watchdog wkup_m3_ipc rtc_omap tps65218_pwrbutton phy_am335x_control drm_panel_orientation_quirks at24 wkup_m3_rproc leds_gpio led_class cpufreq_dt ip_tables x_tables autofs4
[   71.552741] CPU: 0 UID: 0 PID: 668 Comm: cat Tainted: G           O        6.16.0-rc5-next-20250708 #1 NONE 
[   71.562628] Tainted: [O]=OOT_MODULE
[   71.566132] Hardware name: Generic AM33XX (Flattened Device Tree)
[   71.572255] PC is at __spi_pump_transfer_message+0xc0/0x590
[   71.577890] LR is at 0xc4951780
[   71.581050] pc : [<c088d71c>]    lr : [<c4951780>]    psr: 20070013
[   71.587346] sp : e0321d10  ip : 00000000  fp : 7ffff000
[   71.592595] r10: 00000002  r9 : c4953384  r8 : c49533c0
[   71.597844] r7 : e0321d94  r6 : 00000000  r5 : c4951400  r4 : c121fec0
[   71.604401] r3 : c0891214  r2 : 000003e8  r1 : 000003e8  r0 : 00000000
[   71.610961] Flags: nzCv  IRQs on  FIQs on  Mode SVC_32  ISA ARM  Segment none
[   71.618133] Control: 10c5387d  Table: 848e8019  DAC: 00000051
[   71.623905] Register r0 information: NULL pointer
[   71.628644] Register r1 information: non-paged memory
[   71.633724] Register r2 information: non-paged memory
[   71.638803] Register r3 information: non-slab/vmalloc memory
[   71.644498] Register r4 information: non-slab/vmalloc memory
[   71.650188] Register r5 information: slab kmalloc-1k start c4951400 pointer offset 0 size 1024
[   71.658870] Register r6 information: NULL pointer
[   71.663602] Register r7 information: 2-page vmalloc region starting at 0xe0320000 allocated at kernel_clone+0x90/0x39c
[   71.674380] Register r8 information: slab kmalloc-1k start c4953000 pointer offset 960 size 1024
[   71.683233] Register r9 information: slab kmalloc-1k start c4953000 pointer offset 900 size 1024
[   71.692086] Register r10 information: non-paged memory
[   71.697253] Register r11 information: non-paged memory
[   71.702419] Register r12 information: NULL pointer
[   71.707236] Process cat (pid: 668, stack limit = 0x5ecb43a0)
[   71.712930] Stack: (0xe0321d10 to 0xe0322000)
[   71.717313] 1d00:                                     e0321d3c c5beb7de c4951400 e0321d94
[   71.725533] 1d20: c4951400 c4951400 e0321d94 00000000 c4951610 c49533c0 c4953384 00000002
[   71.733752] 1d40: 7ffff000 c088de54 00000000 00000000 e0321d50 e0321d50 00000000 c5beb7de
[   71.741972] 1d60: b6c68fff c4954000 e0321d94 c4954000 c4953380 c49533c0 c4953384 c088dfcc
[   71.750192] 1d80: e0321dec e0321d94 c4954000 bf415178 c29fb30c e0321e44 e0321e44 c4954000
[   71.758411] 1da0: 00010100 ffffff8d 00000000 00000000 00000002 00000000 00000000 00000000
[   71.766630] 1dc0: 00000000 00000000 00000000 e0321dcc e0321dcc c5beb7de c4954000 e0321e7c
[   71.774849] 1de0: 00000000 bf415290 00000000 00000000 c49533c0 00000002 00000000 00000000
[   71.783069] 1e00: 00000000 00000000 00000000 00000000 00000000 00000000 00000000 08000080
[   71.791287] 1e20: 00000000 00000000 00000000 003d0900 00000000 00000000 00000000 00000000
[   71.799507] 1e40: 00000000 e0321d94 e0321d94 c5beb7de bf4151a0 c28d9000 e0321e7c c28d9000
[   71.807727] 1e60: c4953008 c29c10b8 00000001 bf3fc6c0 00000000 c5beb7de 00000002 00000001
[   71.815946] 1e80: c18d0000 00000000 c29853b0 c5beb7de c29c10a0 c4847240 c4848980 c07b7b8c
[   71.824166] 1ea0: c29c10a0 c0c71d64 c4848980 c03f9c3c c29c10a0 00000001 e0321f28 e0321f10
[   71.832385] 1ec0: 00000000 c037de68 00000000 c29c10c8 b6c47000 00000000 8717434f c03f83fc
[   71.840604] 1ee0: 00000000 e0321f80 c341ca20 b6c48000 00000001 c0c222c8 00000000 c03499a8
[   71.848824] 1f00: c48eadb0 c48eadb0 00000000 00000000 00000000 00000000 b6c48000 00020000
[   71.857043] 1f20: 00000001 00000000 c341ca20 00000000 00000000 00000000 00000000 00000000
[   71.865262] 1f40: 00000000 00000000 00000000 00000000 00000022 c5beb7de 000b6c47 c341ca20
[   71.873481] 1f60: c341ca20 00000000 00000000 c01002ec c36f5c40 00000003 00000000 c034a2f0
[   71.881701] 1f80: 00000000 00000000 00000000 c5beb7de 000000c0 00020000 7fffe000 004661f0
[   71.889920] 1fa0: 00000003 c0100080 00020000 7fffe000 00000003 b6c48000 00020000 b6c48000
[   71.898139] 1fc0: 00020000 7fffe000 004661f0 00000003 00000003 00000000 00020000 00000000
[   71.906358] 1fe0: 00000000 beedbb0c 004536d5 b6e8dac6 00070030 00000003 00000000 00000000
[   71.914573] Call trace: 
[   71.914591]  __spi_pump_transfer_message from __spi_sync+0x268/0x3bc
[   71.923538]  __spi_sync from spi_sync+0x24/0x3c
[   71.928106]  spi_sync from spi_sync_transfer.constprop.0+0x6c/0x94 [ti_adc128s052]
[   71.935770]  spi_sync_transfer.constprop.0 [ti_adc128s052] from adc128_read_raw+0xf0/0x140 [ti_adc128s052]
[   71.945480]  adc128_read_raw [ti_adc128s052] from iio_read_channel_info+0xe8/0x10c [industrialio]
[   71.954470]  iio_read_channel_info [industrialio] from dev_attr_show+0x18/0x48
[   71.961778]  dev_attr_show from sysfs_kf_seq_show+0x8c/0x11c
[   71.967485]  sysfs_kf_seq_show from seq_read_iter+0xd8/0x4e0
[   71.973182]  seq_read_iter from vfs_read+0x20c/0x2c0
[   71.978186]  vfs_read from ksys_read+0x60/0xe4
[   71.982663]  ksys_read from ret_fast_syscall+0x0/0x58
[   71.987748] Exception stack(0xe0321fa8 to 0xe0321ff0)
[   71.992829] 1fa0:                   00020000 7fffe000 00000003 b6c48000 00020000 b6c48000
[   72.001048] 1fc0: 00020000 7fffe000 004661f0 00000003 00000003 00000000 00020000 00000000
[   72.009265] 1fe0: 00000000 beedbb0c 004536d5 b6e8dac6
[   72.014348] Code: e5952334 e5951338 e3520000 0a000083 (e5922000) 
[   72.020970] ---[ end trace 0000000000000000 ]---

Message from syslogd@arm at Jan  1 00:00:56 ...
 kernel:[   71.467160] Internal error: Oops: 5 [#1] SMP ARM

Message from syslogd@arm at Jan  1 00:00:56 ...
 kernel:[   71.707236] Process cat (pid: 668, stack limit = 0x5ecb43a0)

Message from syslogd@arm at Jan  1 00:00:56 ...
 kernel:[   71.712930] Stack: (0xe0321d10 to 0xe0322000)

Message from syslogd@arm at Jan  1 00:00:56 ...
 kernel:[   71.717313] 1d00:                                     e0321d3c c5beb7de c4951400 e0321d94

Message from syslogd@arm at Jan  1 00:00:56 ...
 kernel:[   71.725533] 1d20: c4951400 c4951400 e0321d94 00000000 c4951610 c49533c0 c4953384 00000002

Message from syslogd@arm at Jan  1 00:00:56 ...
 kernel:[   71.733752] 1d40: 7ffff000 c088de54 00000000 00000000 e0321d50 e0321d50 00000000 c5beb7de

Message from syslogd@arm at Jan  1 00:00:56 ...
 kernel:[   71.741972] 1d60: b6c68fff c4954000 e0321d94 c4954000 c4953380 c49533c0 c4953384 c088dfcc

Message from syslogd@arm at Jan  1 00:00:56 ...
 kernel:[   71.750192] 1d80: e0321dec e0321d94 c4954000 bf415178 c29fb30c e0321e44 e0321e44 c4954000

Message from syslogd@arm at Jan  1 00:00:56 ...
 kernel:[   71.758411] 1da0: 00010100 ffffff8d 00000000 00000000 00000002 00000000 00000000 00000000

Message from syslogd@arm at Jan  1 00:00:56 ...
 kernel:[   71.766630] 1dc0: 00000000 00000000 00000000 e0321dcc e0321dcc c5beb7de c4954000 e0321e7c

Message from syslogd@arm at Jan  1 00:00:56 ...
 kernel:[   71.774849] 1de0: 00000000 bf415290 00000000 00000000 c49533c0 00000002 00000000 00000000

Message from syslogd@arm at Jan  1 00:00:56 ...
 kernel:[   71.783069] 1e00: 00000000 00000000 00000000 00000000 00000000 00000000 00000000 08000080

Message from syslogd@arm at Jan  1 00:00:56 ...
 kernel:[   71.791287] 1e20: 00000000 00000000 00000000 003d0900 00000000 00000000 00000000 00000000

Message from syslogd@arm at Jan  1 00:00:56 ...
 kernel:[   71.799507] 1e40: 00000000 e0321d94 e0321d94 c5beb7de bf4151a0 c28d9000 e0321e7c c28d9000

Message from syslogd@arm at Jan  1 00:00:56 ...
 kernel:[   71.807727] 1e60: c4953008 c29c10b8 00000001 bf3fc6c0 00000000 c5beb7de 00000002 00000001

Message from syslogd@arm at Jan  1 00:00:56 ...
 kernel:[   71.815946] 1e80: c18d0000 00000000 c29853b0 c5beb7de c29c10a0 c4847240 c4848980 c07b7b8c

Message from syslogd@arm at Jan  1 00:00:56 ...
 kernel:[   71.824166] 1ea0: c29c10a0 c0c71d64 c4848980 c03f9c3c c29c10a0 00000001 e0321f28 e0321f10

Message from syslogd@arm at Jan  1 00:00:56 ...
 kernel:[   71.832385] 1ec0: 00000000 c037de68 00000000 c29c10c8 b6c47000 00000000 8717434f c03f83fc

Message from syslogd@arm at Jan  1 00:00:56 ...
 kernel:[   71.840604] 1ee0: 00000000 e0321f80 c341ca20 b6c48000 00000001 c0c222c8 00000000 c03499a8

Message from syslogd@arm at Jan  1 00:00:56 ...
 kernel:[   71.848824] 1f00: c48eadb0 c48eadb0 00000000 00000000 00000000 00000000 b6c48000 00020000

Message from syslogd@arm at Jan  1 00:00:56 ...
 kernel:[   71.857043] 1f20: 00000001 00000000 c341ca20 00000000 00000000 00000000 00000000 00000000

Message from syslogd@arm at Jan  1 00:00:56 ...
 kernel:[   71.865262] 1f40: 00000000 00000000 00000000 00000000 00000022 c5beb7de 000b6c47 c341ca20

Message from syslogd@arm at Jan  1 00:00:56 ...
 kernel:[   71.873481] 1f60: c341ca20 00000000 00000000 c01002ec c36f5c40 00000003 00000000 c034a2f0

Message from syslogd@arm at Jan  1 00:00:56 ...
 kernel:[   71.881701] 1f80: 00000000 00000000 00000000 c5beb7de 000000c0 00020000 7fffe000 004661f0

Message from syslogd@arm at Jan  1 00:00:56 ...
 kernel:[   71.889920] 1fa0: 00000003 c0100080 00020000 7fffe000 00000003 b6c48000 00020000 b6c48000

Message from syslogd@arm at Jan  1 00:00:56 ...
 kernel:[   71.898139] 1fc0: 00020000 7fffe000 004661f0 00000003 00000003 00000000 00020000 00000000

Message from syslogd@arm at Jan  1 00:00:56 ...
 kernel:[   71.906358] 1fe0: 00000000 beedbb0c 004536d5 b6e8dac6 00070030 /./read_adc10x.sh: line 3:   668 Segmentation fault      cat $1in_voltage$2_raw
