Labgrid Console Logfile for main
Logfile started at 2024-10-07 02:02:26.355642
=== Log starts here ===
reading args
spl_load_image_fat_os: error reading image args, err - -1
reading u-boot.img
reading u-boot.img


U-Boot 2014.04-00014-g47880f5 (Apr 22 2014 - 13:23:54)

I2C:   ready
DRAM:  512 MiB
NAND:  0 MiB
MMC:   OMAP SD/MMC: 0, OMAP SD/MMC: 1
*** Warning - readenv() failed, using default environment

Net:   <ethaddr> not set. Validating first E-fuse MAC
cpsw, usb_ether
Hit any key to stop autoboot:  1  0 
gpio: pin 53 (gpio 53) value is 1
mmc0 is current device
gpio: pin 54 (gpio 54) value is 1
SD/MMC found on device 0
reading uEnv.txt
569 bytes read in 4 ms (138.7 KiB/s)
gpio: pin 55 (gpio 55) value is 1
Loaded environment from uEnv.txt
Importing environment from mmc ...
Checking if uenvcmd is set ...
gpio: pin 56 (gpio 56) value is 1
Running uenvcmd ...
cpsw Waiting for PHY auto negotiation to complete. done
link up on port 0, speed 100, full duplex
Using cpsw device
TFTP from server 192.168.255.126; our IP address is 192.168.255.1
Filename 'zImage'.
Load address: 0x81000000
Loading: *#################################################################
	 #################################################################
	 #################################################################
	 #################################################################
	 #################################################################
	 #################################################
	 2.4 MiB/s
done
Bytes transferred = 5483432 (53aba8 hex)
link up on port 0, speed 100, full duplex
Using cpsw device
TFTP from server 192.168.255.126; our IP address is 192.168.255.1
Filename 'am335x-boneblack.dtb'.
Load address: 0x82000000
Loading: *#######
	 2.2 MiB/s
done
Bytes transferred = 98336 (18020 hex)
Kernel image @ 0x81000000 [ 0x000000 - 0x53aba8 ]
## Flattened Device Tree blob at 82000000
   Booting using the fdt blob at 0x82000000
   Using Device Tree in place at 82000000, end 8201b01f

Starting kernel ...

[    0.000000] Booting Linux on physical CPU 0x0
[    0.000000] Linux version 6.12.0-rc2 (user01@drvtest01) (arm-linux-gnueabihf-gcc (Linaro GCC 6.4-2017.11) 6.4.1 20171012, GNU ld (Linaro_Binutils-2017.11) 2.27.0.20161229) #72 SMP Mon Oct  7 02:00:27 EEST 2024
[    0.000000] CPU: ARMv7 Processor [413fc082] revision 2 (ARMv7), cr=10c5387d
[    0.000000] CPU: PIPT / VIPT nonaliasing data cache, VIPT aliasing instruction cache
[    0.000000] OF: fdt: Machine model: TI AM335x BeagleBone Black
[    0.000000] Memory policy: Data cache writeback
[    0.000000] cma: Reserved 16 MiB at 0x9e800000 on node -1
[    0.000000] Zone ranges:
[    0.000000]   Normal   [mem 0x0000000080000000-0x000000009fdfffff]
[    0.000000]   HighMem  empty
[    0.000000] Movable zone start for each node
[    0.000000] Early memory node ranges
[    0.000000]   node   0: [mem 0x0000000080000000-0x000000009fdfffff]
[    0.000000] Initmem setup node 0 [mem 0x0000000080000000-0x000000009fdfffff]
[    0.000000] CPU: All CPU(s) started in SVC mode.
[    0.000000] AM335X ES2.1 (sgx neon)
[    0.000000] percpu: Embedded 17 pages/cpu s40204 r8192 d21236 u69632
[    0.000000] Kernel command line: console=ttyO0,115200n8 root=/dev/nfs rw nfsroot=192.168.255.126:/home/user01/nfs,nfsvers=3 ip=192.168.255.1:192.168.255.126::255.255.255.0:bbb1:eth0 nfsrootdebug
[    0.000000] Unknown kernel command line parameters "nfsrootdebug", will be passed to user space.
[    0.000000] Dentry cache hash table entries: 65536 (order: 6, 262144 bytes, linear)
[    0.000000] Inode-cache hash table entries: 32768 (order: 5, 131072 bytes, linear)
[    0.000000] Built 1 zonelists, mobility grouping on.  Total pages: 130560
[    0.000000] mem auto-init: stack:off, heap alloc:off, heap free:off
[    0.000000] SLUB: HWalign=64, Order=0-3, MinObjects=0, CPUs=1, Nodes=1
[    0.000000] trace event string verifier disabled
[    0.000000] rcu: Hierarchical RCU implementation.
[    0.000000] rcu: 	RCU event tracing is enabled.
[    0.000000] rcu: 	RCU restricting CPUs from NR_CPUS=2 to nr_cpu_ids=1.
[    0.000000] rcu: RCU calculated value of scheduler-enlistment delay is 10 jiffies.
[    0.000000] rcu: Adjusting geometry for rcu_fanout_leaf=16, nr_cpu_ids=1
[    0.000000] NR_IRQS: 16, nr_irqs: 16, preallocated irqs: 16
[    0.000000] IRQ: Found an INTC at 0x(ptrval) (revision 5.0) with 128 interrupts
[    0.000000] rcu: srcu_init: Setting srcu_struct sizes based on contention.
[    0.000000] TI gptimer clocksource: always-on /ocp/interconnect@44c00000/segment@200000/target-module@31000
[    0.000003] sched_clock: 32 bits at 24MHz, resolution 41ns, wraps every 89478484971ns
[    0.000026] clocksource: dmtimer: mask: 0xffffffff max_cycles: 0xffffffff, max_idle_ns: 79635851949 ns
[    0.000504] TI gptimer clockevent: 24000000 Hz at /ocp/interconnect@48000000/segment@0/target-module@40000
[    0.002143] Console: colour dummy device 80x30
[    0.002210] WARNING: Your 'console=ttyO0' has been replaced by 'ttyS0'
[    0.002218] This ensures that you still see kernel messages. Please
[    0.002223] update your kernel commandline.
[    0.002263] Calibrating delay loop... 996.14 BogoMIPS (lpj=4980736)
[    0.090552] CPU: Testing write buffer coherency: ok
[    0.090668] CPU0: Spectre v2: using BPIALL workaround
[    0.090680] pid_max: default: 32768 minimum: 301
[    0.090800] LSM: initializing lsm=capability
[    0.090971] Mount-cache hash table entries: 1024 (order: 0, 4096 bytes, linear)
[    0.090991] Mountpoint-cache hash table entries: 1024 (order: 0, 4096 bytes, linear)
[    0.092632] CPU0: thread -1, cpu 0, socket -1, mpidr 0
[    0.150725] Setting up static identity map for 0x80100000 - 0x80100078
[    0.160706] rcu: Hierarchical SRCU implementation.
[    0.160718] rcu: 	Max phase no-delay instances is 1000.
[    0.180758] smp: Bringing up secondary CPUs ...
[    0.180814] smp: Brought up 1 node, 1 CPU
[    0.180830] SMP: Total of 1 processors activated (996.14 BogoMIPS).
[    0.180842] CPU: All CPU(s) started in SVC mode.
[    0.181026] Memory: 480864K/522240K available (11264K kernel code, 1211K rwdata, 2876K rodata, 1024K init, 299K bss, 23364K reserved, 16384K cma-reserved, 0K highmem)
[    0.181872] devtmpfs: initialized
[    0.198612] VFP support v0.3: implementor 41 architecture 3 part 30 variant c rev 3
[    0.198967] clocksource: jiffies: mask: 0xffffffff max_cycles: 0xffffffff, max_idle_ns: 19112604462750000 ns
[    0.199001] futex hash table entries: 256 (order: 2, 16384 bytes, linear)
[    0.200300] pinctrl core: initialized pinctrl subsystem
[    0.203303] NET: Registered PF_NETLINK/PF_ROUTE protocol family
[    0.206104] DMA: preallocated 256 KiB pool for atomic coherent allocations
[    0.206988] audit: initializing netlink subsys (disabled)
[    0.208374] thermal_sys: Registered thermal governor 'fair_share'
[    0.208389] thermal_sys: Registered thermal governor 'step_wise'
[    0.208398] thermal_sys: Registered thermal governor 'user_space'
[    0.208551] audit: type=2000 audit(0.200:1): state=initialized audit_enabled=0 res=1
[    0.208588] cpuidle: using governor menu
[    0.227454] No ATAGs?
[    0.227479] hw-breakpoint: debug architecture 0x4 unsupported.
[    0.230187] kprobes: kprobe jump-optimization is enabled. All kprobes are optimized if possible.
[    0.243996] iommu: Default domain type: Translated
[    0.244019] iommu: DMA domain TLB invalidation policy: strict mode
[    0.251637] SCSI subsystem initialized
[    0.252507] pps_core: LinuxPPS API ver. 1 registered
[    0.252516] pps_core: Software ver. 5.3.6 - Copyright 2005-2007 Rodolfo Giometti <giometti@linux.it>
[    0.252541] PTP clock support registered
[    0.260805] vgaarb: loaded
[    0.261206] clocksource: Switched to clocksource dmtimer
[    0.261860] VFS: Disk quotas dquot_6.6.0
[    0.261905] VFS: Dquot-cache hash table entries: 1024 (order 0, 4096 bytes)
[    0.286312] NET: Registered PF_INET protocol family
[    0.286667] IP idents hash table entries: 8192 (order: 4, 65536 bytes, linear)
[    0.288064] tcp_listen_portaddr_hash hash table entries: 512 (order: 0, 4096 bytes, linear)
[    0.288101] Table-perturb hash table entries: 65536 (order: 6, 262144 bytes, linear)
[    0.288117] TCP established hash table entries: 4096 (order: 2, 16384 bytes, linear)
[    0.288162] TCP bind hash table entries: 4096 (order: 4, 65536 bytes, linear)
[    0.288262] TCP: Hash tables configured (established 4096 bind 4096)
[    0.288385] UDP hash table entries: 256 (order: 1, 8192 bytes, linear)
[    0.288412] UDP-Lite hash table entries: 256 (order: 1, 8192 bytes, linear)
[    0.288596] NET: Registered PF_UNIX/PF_LOCAL protocol family
[    0.291849] RPC: Registered named UNIX socket transport module.
[    0.291873] RPC: Registered udp transport module.
[    0.291878] RPC: Registered tcp transport module.
[    0.291883] RPC: Registered tcp-with-tls transport module.
[    0.291889] RPC: Registered tcp NFSv4.1 backchannel transport module.
[    0.291915] PCI: CLS 0 bytes, default 64
[    0.293375] Initialise system trusted keyrings
[    0.301929] workingset: timestamp_bits=14 max_order=17 bucket_order=3
[    0.303252] NFS: Registering the id_resolver key type
[    0.303317] Key type id_resolver registered
[    0.303325] Key type id_legacy registered
[    0.303376] jffs2: version 2.2. (NAND) (SUMMARY)  Â© 2001-2006 Red Hat, Inc.
[    0.303782] Key type asymmetric registered
[    0.303796] Asymmetric key parser 'x509' registered
[    0.303862] io scheduler mq-deadline registered
[    0.303872] io scheduler kyber registered
[    0.303947] io scheduler bfq registered
[    0.305571] ledtrig-cpu: registered to indicate activity on CPUs
[    0.311549] Serial: 8250/16550 driver, 6 ports, IRQ sharing enabled
[    0.351930] brd: module loaded
[    0.368049] loop: module loaded
[    0.368976] mtdoops: mtd device (mtddev=name/number) must be supplied
[    0.384426] i2c_dev: i2c /dev entries driver
[    0.385430] cpuidle: enable-method property 'ti,am3352' found operations
[    0.385873] sdhci: Secure Digital Host Controller Interface driver
[    0.385883] sdhci: Copyright(c) Pierre Ossman
[    0.386051] sdhci-pltfm: SDHCI platform and OF driver helper
[    0.387069] Initializing XFRM netlink socket
[    0.387194] NET: Registered PF_INET6 protocol family
[    0.397269] Segment Routing with IPv6
[    0.397364] In-situ OAM (IOAM) with IPv6
[    0.397462] sit: IPv6, IPv4 and MPLS over IPv4 tunneling driver
[    0.398405] NET: Registered PF_PACKET protocol family
[    0.398441] NET: Registered PF_KEY protocol family
[    0.398571] Key type dns_resolver registered
[    0.398842] ThumbEE CPU extension supported.
[    0.398862] Registering SWP/SWPB emulation handler
[    0.399387] omap_voltage_late_init: Voltage driver support not added
[    0.399764] SmartReflex Class3 initialized
[    0.425246] Loading compiled-in X.509 certificates
[    0.499202] platform 44e10800.pinmux: Fixed dependency cycle(s) with /ocp/interconnect@44c00000/segment@200000/target-module@10000/scm@0/pinmux@800/clkout2-pins
[    0.499769] pinctrl-single 44e10800.pinmux: 142 pins, size 568
[    0.505172] ti-sysc 44e31000.target-module: probe with driver ti-sysc failed with error -16
[    0.527876] ti-sysc 48040000.target-module: probe with driver ti-sysc failed with error -16
[    0.577648] OMAP GPIO hardware version 0.1
[    0.605571] omap_i2c 4819c000.i2c: bus 2 rev0.11 at 100 kHz
[    0.635606] 48000000.interconnect:segment@200000:target-module@0:mpu@0:fck: device ID is greater than 24
[    0.639734] platform 4830e000.lcdc: Fixed dependency cycle(s) with /ocp/interconnect@44c00000/segment@200000/target-module@b000/i2c@0/tda19988@70
[    0.650564] sdhci-omap 481d8000.mmc: supply pbias not found, using dummy regulator
[    0.651062] sdhci-omap 481d8000.mmc: supply vqmmc not found, using dummy regulator
[    0.706246] davinci_mdio 4a101000.mdio: davinci mdio revision 1.6, bus freq 1000000
[    0.826601] davinci_mdio 4a101000.mdio: phy[0]: device 4a101000.mdio:00, driver SMSC LAN8710/LAN8720
[    0.827373] cpsw-switch 4a100000.switch: initialized cpsw ale version 1.4
[    0.827395] cpsw-switch 4a100000.switch: ALE Table size 1024, Policers 0
[    0.827719] cpsw-switch 4a100000.switch: cpts: overflow check period 500 (jiffies)
[    0.827738] cpsw-switch 4a100000.switch: CPTS: ref_clk_freq:250000000 calc_mult:2147483648 calc_shift:29 error:0 nsec/sec
[    0.827854] cpsw-switch 4a100000.switch: Detected MACID = 6c:ec:eb:68:de:78
[    0.829679] cpsw-switch 4a100000.switch: initialized (regs 0x4a100000, pool size 256) hw_ver:0019010C 1.12 (0)
[    0.840757] debugfs: Directory '49000000.dma' with parent 'dmaengine' already present!
[    0.840801] edma 49000000.dma: TI EDMA DMA engine driver
[    0.872610] target-module@4b000000:target-module@140000:pmu@0:fck: device ID is greater than 24
[    0.891936] hw perfevents: enabled with armv7_cortex_a8 PMU driver, 5 (8000000f) counters available
[    0.899562] l3-aon-clkctrl:0000:0: failed to disable
[    0.902737] 44e09000.serial: ttyS0 at MMIO 0x44e09000 (irq = 34, base_baud = 3000000) is a 8250
[    0.902826] printk: legacy console [ttyS0] enabled
[    2.262237] tps65217-pmic: Failed to locate of_node [id: -1]
[    2.268318] tps65217-bl: Failed to locate of_node [id: -1]
[    2.279792] tps65217 0-0024: TPS65217 ID 0xe version 1.2
[    2.285937] platform 4830e000.lcdc: Fixed dependency cycle(s) with /ocp/interconnect@44c00000/segment@200000/target-module@b000/i2c@0/tda19988@70
[    2.299354] i2c 0-0070: Fixed dependency cycle(s) with /ocp/interconnect@48000000/segment@300000/target-module@e000/lcdc@0
[    2.310770] omap_i2c 44e0b000.i2c: bus 0 rev0.11 at 400 kHz
[    2.318626] omap_gpio 44e07000.gpio: Could not set line 6 debounce to 200000 microseconds (-22)
[    2.327504] sdhci-omap 48060000.mmc: Got CD GPIO
[    2.332567] sdhci-omap 48060000.mmc: supply pbias not found, using dummy regulator
[    2.342915] sdhci-omap 48060000.mmc: supply vqmmc not found, using dummy regulator
[    2.351918] sdhci-omap 481d8000.mmc: supply pbias not found, using dummy regulator
[    2.359898] sdhci-omap 481d8000.mmc: supply vqmmc not found, using dummy regulator
[    2.398497] mmc1: SDHCI controller on 481d8000.mmc [481d8000.mmc] using External DMA
[    2.407714] mmc0: SDHCI controller on 48060000.mmc [48060000.mmc] using External DMA
[    2.416517] cpsw-switch 4a100000.switch: starting ndev. mode: dual_mac
[    2.460507] mmc0: new high speed SDHC card at address 5048
[    2.467631] mmcblk0: mmc0:5048 SD16G 14.4 GiB
[    2.475802]  mmcblk0: p1 p2
[    2.479198] mmcblk0: p2 size 31221760 extends beyond EOD, truncated
[    2.492565] SMSC LAN8710/LAN8720 4a101000.mdio:00: attached PHY driver (mii_bus:phy_addr=4a101000.mdio:00, irq=POLL)
[    2.505184] mmc1: new high speed MMC card at address 0001
[    2.512240] mmcblk1: mmc1:0001 MMC04G 3.60 GiB
[    2.523769]  mmcblk1: p1 p2
[    2.528039] mmcblk1boot0: mmc1:0001 MMC04G 2.00 MiB
[    2.535334] mmcblk1boot1: mmc1:0001 MMC04G 2.00 MiB
[    2.542691] mmcblk1rpmb: mmc1:0001 MMC04G 128 KiB, chardev (250:0)
[    5.681995] cpsw-switch 4a100000.switch eth0: Link is Up - 100Mbps/Full - flow control off
[    5.721451] IP-Config: Complete:
[    5.724731]      device=eth0, hwaddr=6c:ec:eb:68:de:78, ipaddr=192.168.255.1, mask=255.255.255.0, gw=255.255.255.255
[    5.735396]      host=bbb1, domain=, nis-domain=(none)
[    5.740566]      bootserver=192.168.255.126, rootserver=192.168.255.126, rootpath=
[    5.740998] clk: Disabling unused clocks
[    5.752837] PM: genpd: Disabling unused power domains
[    5.757956] KTAP version 1
[    5.760678] 1..0
[    5.785409] VFS: Mounted root (nfs filesystem) on device 0:17.
[    5.792513] devtmpfs: mounted
[    5.797176] Freeing unused kernel image (initmem) memory: 1024K
[    5.804147] Run /sbin/init as init process
[    6.503645] systemd[1]: System time before build time, advancing clock.
[    7.971227] random: crng init done
[    8.012806] systemd[1]: systemd 232 running in system mode. (+PAM +AUDIT +SELINUX +IMA +APPARMOR +SMACK +SYSVINIT +UTMP +LIBCRYPTSETUP +GCRYPT +GNUTLS +ACL +XZ +LZ4 +SECCOMP +BLKID +ELFUTILS +KMOD +IDN)
[    8.031929] systemd[1]: Detected architecture arm.

Welcome to [1mDebian GNU/Linux 9 (stretch)[0m!

[    8.064389] systemd[1]: Set hostname to <arm>.
[    9.174781] systemd[1]: Reached target Remote File Systems.
[[0;32m  OK  [0m] Reached target Remote File Systems.
[    9.203258] systemd[1]: Listening on udev Control Socket.
[[0;32m  OK  [0m] Listening on udev Control Socket.
[    9.232130] systemd[1]: Started Forward Password Requests to Wall Directory Watch.
[[0;32m  OK  [0m] Started Forward Password Requests to Wall Directory Watch.
[    9.262974] systemd[1]: Set up automount Arbitrary Executable File Formats File System Automount Point.
[[0;32m  OK  [0m] Set up automount Arbitrary Executabâ€¦rmats File System Automount Point.
[    9.293320] systemd[1]: Listening on Journal Socket (/dev/log).
[[0;32m  OK  [0m] Listening on Journal Socket (/dev/log).
[    9.321639] systemd[1]: Reached target Swap.
[[0;32m  OK  [0m] Reached target Swap.
[    9.343252] systemd[1]: Listening on /dev/initctl Compatibility Named Pipe.
[[0;32m  OK  [0m] Listening on /dev/initctl Compatibility Named Pipe.
[[0;32m  OK  [0m] Started Dispatch Password Requests to Console Directory Watch.
[[0;32m  OK  [0m] Reached target Encrypted Volumes.
[[0;32m  OK  [0m] Listening on Journal Audit Socket.
[[0;32m  OK  [0m] Listening on Syslog Socket.
[[0;32m  OK  [0m] Listening on Journal Socket.
[[0;32m  OK  [0m] Created slice System Slice.
         Mounting POSIX Message Queue File System...
         Starting Journal Service...
[[0;32m  OK  [0m] Created slice system-serial\x2dgetty.slice.
         Starting Create list of required stâ€¦ce nodes for the current kernel...
         Mounting Debug File System...
[[0;32m  OK  [0m] Listening on udev Kernel Socket.
         Starting Remount Root and Kernel File Systems...
[[0;32m  OK  [0m] Created slice system-getty.slice.
[[0;32m  OK  [0m] Reached target Paths.
         Starting Load Kernel Modules...
[[0;32m  OK  [0m] Created slice User and Session Slice.
[[0;32m  OK  [0m] Reached target Slices.
[[0;32m  OK  [0m] Mounted POSIX Message Queue File System.
[[0;32m  OK  [0m] Mounted Debug File System.
[[0;32m  OK  [0m] Started Create list of required staâ€¦vice nodes for the current kernel.
[[0;32m  OK  [0m] Started Remount Root and Kernel File Systems.
         Starting udev Coldplug all Devices...
         Starting Load/Save Random Seed...
         Starting Create Static Device Nodes in /dev...
[[0;32m  OK  [0m] Started Load Kernel Modules.
         Mounting Configuration File System...
         Starting Apply Kernel Variables...
[[0;32m  OK  [0m] Mounted Configuration File System.
[[0;32m  OK  [0m] Started Load/Save Random Seed.
[[0;32m  OK  [0m] Started Apply Kernel Variables.
[[0;32m  OK  [0m] Started Journal Service.
         Starting Flush Journal to Persistent Storage...
[[0;32m  OK  [0m] Started Create Static Device Nodes in /dev.
[[0;32m  OK  [0m] Reached target Local File Systems (Pre).
[[0;32m  OK  [0m] Reached target Local File Systems.
         Starting Raise network interfaces...
         Starting udev Kernel Device Manager...
[   11.388966] systemd-journald[78]: Received request to flush runtime journal from PID 1
[[0;32m  OK  [0m] Started Flush Journal to Persistent Storage.
         Starting Create Volatile Files and Directories...
[[0;32m  OK  [0m] Started udev Kernel Device Manager.
[[0;32m  OK  [0m] Started Create Volatile Files and Directories.
         Starting Update UTMP about System Boot/Shutdown...
         Starting Network Time Synchronization...
[[0;32m  OK  [0m] Started Update UTMP about System Boot/Shutdown.
[[0;32m  OK  [0m] Started udev Coldplug all Devices.
[   14.592337] remoteproc remoteproc0: wkup_m3 is available
[   14.833665] omap_rtc 44e3e000.rtc: registered as rtc0
[   14.838879] omap_rtc 44e3e000.rtc: setting system clock to 2000-01-01T00:00:00 UTC (946684800)
[   14.944219] omap_wdt: OMAP Watchdog Timer Rev 0x01: initial timeout 60 sec
[   15.045779] at24 2-0054: supply vcc not found, using dummy regulator
[   15.185227] at24 2-0055: supply vcc not found, using dummy regulator
[   15.293934] at24 2-0056: supply vcc not found, using dummy regulator
[   15.355029] am335x-phy-driver 47401300.usb-phy: dummy supplies not allowed for exclusive requests (id=vbus)
[   15.392126] at24 2-0057: supply vcc not found, using dummy regulator
[   15.407481] tps6521x_pwrbutton tps65217-pwrbutton: DMA mask not set
[   15.545196] input: tps65217_pwrbutton as /devices/platform/ocp/44c00000.interconnect/44c00000.interconnect:segment@200000/44e0b000.target-module/44e0b000.i2c/i2c-0/0-0024/tps65217-pwrbutton/input/input0
[   15.567024] usbcore: registered new interface driver usbfs
[   15.572874] usbcore: registered new interface driver hub
[   15.578316] usbcore: registered new device driver usb
[   15.587901] at24 0-0050: 32768 byte 24c256 EEPROM, writable, 1 bytes/write
[[0;32m  OK  [0m] Found device /dev/ttyS0.
[   15.754181] am335x-phy-driver 47401b00.usb-phy: dummy supplies not allowed for exclusive requests (id=vbus)
[[0;32m  OK  [0m] Started Network Time Synchronization.
[[0;32m  OK  [0m] Reached target System Time Synchronized.
[[0;32m  OK  [0m] Reached target System Initialization.
[[0;32m  OK  [0m] Started Daily Cleanup of Temporary Directories.
[   15.878447] wkup_m3_ipc 44e11324.wkup_m3_ipc: IPC Request for A8->M3 Channel failed! -517
[[0;32m  OK  [0m] Listening on D-Bus System Message Bus Socket.
[[0;32m  OK  [0m] Listening on Avahi mDNS/DNS-SD Stack Activation Socket.
[[0;32m  OK  [0m] Reached target Sockets.
[[0;32m  OK  [0m] Reached target Basic System.
[   16.173663] wkup_m3_ipc 44e11324.wkup_m3_ipc: IPC Request for A8->M3 Channel failed! -517
         Starting Generic Board Startup...
         Starting System Logging Service...
[   16.467888] wkup_m3_ipc 44e11324.wkup_m3_ipc: IPC Request for A8->M3 Channel failed! -517
         Starting Cape Manager Service...
[   16.602353] musb-hdrc musb-hdrc.1: MUSB HDRC host driver
[   16.607773] musb-hdrc musb-hdrc.1: new USB bus registered, assigned bus number 1
[   16.617019] wkup_m3_ipc 44e11324.wkup_m3_ipc: IPC Request for A8->M3 Channel failed! -517
[[0;32m  OK  [0m] Started D-Bus System Message Bus.
[   16.909538] usb usb1: New USB device found, idVendor=1d6b, idProduct=0002, bcdDevice= 6.12
[   16.918099] usb usb1: New USB device strings: Mfr=3, Product=2, SerialNumber=1
[   16.925474] usb usb1: Product: MUSB HDRC host driver
[   16.930471] usb usb1: Manufacturer: Linux 6.12.0-rc2 musb-hcd
[   16.936296] usb usb1: SerialNumber: musb-hdrc.1
[   17.253377] tda998x 0-0070: found TDA19988
[   17.315288] hub 1-0:1.0: USB hub found
[   17.328382] hub 1-0:1.0: 1 port detected
[   17.345137] wkup_m3_ipc 44e11324.wkup_m3_ipc: IPC Request for A8->M3 Channel failed! -517
[   17.444153] omap-mailbox 480c8000.mailbox: omap mailbox rev 0x400
[   17.551425] remoteproc remoteproc0: powering up wkup_m3
[   17.773319] remoteproc remoteproc0: Direct firmware load for am335x-pm-firmware.elf failed with error -2
[   17.783178] remoteproc remoteproc0: request_firmware failed: -2
[   17.789142] wkup_m3_ipc 44e11324.wkup_m3_ipc: rproc_boot failed
[   19.830551] tilcdc 4830e000.lcdc: bound 0-0070 (ops 0xbf070030)
[   19.902049] omap_rng 48310000.rng: Random Number Generator ver. 20
[   19.914940] [drm] Initialized tilcdc 1.0.0 for 4830e000.lcdc on minor 0
[   19.985730] tilcdc 4830e000.lcdc: [drm] Cannot find any crtc or sizes
[   19.994188] tilcdc 4830e000.lcdc: [drm] Cannot find any crtc or sizes
         Starting Connection service...
         Starting LSB: Start busybox udhcpd at boot time...
[[0;32m  OK  [0m] Started Regular background program processing daemon.
         Starting LSB: Load kernel modules needed to enable cpufreq scaling...
         Starting Telephony service...
         Starting DUN service...
[   21.006140] PM: Cannot get wkup_m3_ipc handle
         Starting Login Service...
         Starting Avahi mDNS/DNS-SD Stack...
[[0;32m  OK  [0m] Started Daily apt download activities.
[   21.288702] omap-sham 53100000.sham: hw accel on OMAP rev 4.3
[[0;32m  OK  [0m] Started Daily apt upgrade and clean activities.
[[0;32m  OK  [0m] Reached target Timers.
[   21.451981] omap-sham 53100000.sham: will run requests pump with realtime priority
[   21.465016] PM: Cannot get wkup_m3_ipc handle
[   21.504591] omap-aes 53500000.aes: OMAP AES hw accel rev: 3.2
[[0;32m  OK  [0m] Started System Logging Service.
[   21.660139] omap-aes 53500000.aes: will run requests pump with realtime priority
[   21.674074] PM: Cannot get wkup_m3_ipc handle
[[0;32m  OK  [0m] Started Cape Manager Service.
[   24.291972] Bluetooth: Core ver 2.22
[   24.295789] NET: Registered PF_BLUETOOTH protocol family
[   24.301134] Bluetooth: HCI device and connection manager initialized
[   24.307667] Bluetooth: HCI socket layer initialized
[   24.312651] Bluetooth: L2CAP socket layer initialized
[   24.317769] Bluetooth: SCO socket layer initialized
[   25.172722] PM: Cannot get wkup_m3_ipc handle
[   25.283495] PM: Cannot get wkup_m3_ipc handle
[[0;32m  OK  [0m] Started LSB: Start busybox udhcpd at boot time.
[[0;32m  OK  [0m] Started Raise network interfaces.
[   28.199589] configfs-gadget.g_multi gadget.0: HOST MAC 1c:ba:8c:a2:ed:6c
[   28.206619] configfs-gadget.g_multi gadget.0: MAC 1c:ba:8c:a2:ed:70
[   28.214089] configfs-gadget.g_multi gadget.0: HOST MAC 1c:ba:8c:a2:ed:6c
[   28.220852] configfs-gadget.g_multi gadget.0: MAC 1c:ba:8c:a2:ed:6d
[   28.241936] PM: Cannot get wkup_m3_ipc handle
[[0;32m  OK  [0m] Started LSB: Load kernel modules needed to enable cpufreq scaling.
[[0;32m  OK  [0m] Started DUN service.
[[0;32m  OK  [0m] Started Telephony service.
[[0;32m  OK  [0m] Started Connection service.
[[0;32m  OK  [0m] Started Avahi mDNS/DNS-SD Stack.
[[0;32m  OK  [0m] Started Login Service.
[[0;32m  OK  [0m] Reached target Sound Card.
         Starting LSB: set CPUFreq kernel parameters...
[[0;32m  OK  [0m] Reached target Network.
         Starting The Apache HTTP Server...
         Starting OpenBSD Secure Shell server...
         Starting Permit User Sessions...
[[0;32m  OK  [0m] Reached target Network is Online.
         Starting LSB: Advanced IEEE 802.11 management daemon...
[[0;32m  OK  [0m] Started LSB: Advanced IEEE 802.11 management daemon.
[[0;32m  OK  [0m] Started Permit User Sessions.
         Starting Hostname Service...
[[0;32m  OK  [0m] Started Serial Getty on ttyS0.
[[0;32m  OK  [0m] Started Getty on tty1.
[[0;32m  OK  [0m] Reached target Login Prompts.
         Starting WPA supplicant...
[[0;32m  OK  [0m] Started LSB: set CPUFreq kernel parameters.
[[0;32m  OK  [0m] Started Hostname Service.
[[0;32m  OK  [0m] Started WPA supplicant.
         Stopping LSB: Start busybox udhcpd at boot time...
[[0;32m  OK  [0m] Started OpenBSD Secure Shell server.
[[0;32m  OK  [0m] Stopped LSB: Start busybox udhcpd at boot time.
         Starting dnsmasq - A lightweight DHCP and caching DNS server...
[[0;32m  OK  [0m] Started The Apache HTTP Server.
[[0;32m  OK  [0m] Started dnsmasq - A lightweight DHCP and caching DNS server.
[[0;32m  OK  [0m] Reached target Host and Network Name Lookups.
[[0;32m  OK  [0m] Started Serial Getty on ttyGS0.
[[0;32m  OK  [0m] Started Generic Board Startup.
[[0;32m  OK  [0m] Reached target Multi-User System.
[[0;32m  OK  [0m] Reached target Graphical Interface.
         Starting Update UTMP about System Runlevel Changes...
[[0;32m  OK  [0m] Started Update UTMP about System Runlevel Changes.

Debian GNU/Linux 9 arm ttyS0

default username:password is [debian:temppwd]

arm login: root
Password: 
Last login: Sat Jan  1 00:00:33 UTC 2000 on ttyS0
root
Linux arm 6.12.0-rc2 #72 SMP Mon Oct  7 02:00:27 EEST 2024 armv7l

The programs included with the Debian GNU/Linux system are free software;
the exact distribution terms for each program are described in the
individual files in /usr/share/doc/*/copyright.

Debian GNU/Linux comes with ABSOLUTELY NO WARRANTY, to the extent
permitted by applicable law.
root@arm:~# root
-bash: root: command not found
root@arm:~# dmesg -n 1
root@arm:~# echo 'KHZQ''FPAZET'
KHZQFPAZET
root@arm:~# run() { echo -n "$MARKER"; sh -c "$@"; echo "$MARKER $?"; }
root@arm:~# echo 'PTJY''AELFEK'
PTJYAELFEK
root@arm:~# MARKER='TPPV''NCGHLF' run 'cat /proc/version'
TPPVNCGHLFLinux version 6.12.0-rc2 (user01@drvtest01) (arm-linux-gnueabihf-gcc (Linaro GCC 6.4-2017.11) 6.4.1 20171012, GNU ld (Linaro_Binutils-2017.11) 2.27.0.20161229) #72 SMP Mon Oct  7 02:00:27 EEST 2024
TPPVNCGHLF 0
root@arm:~# echo 'ESKS''UTSXKC'
ESKSUTSXKC
root@arm:~# MARKER='NUWZ''WXETBQ' run false
NUWZWXETBQNUWZWXETBQ 1
root@arm:~# Labgrid Console Logfile for main
Logfile started at 2024-10-07 02:03:21.056788
=== Log starts here ===

root@arm:~# run() { echo -n "$MARKER"; sh -c "$@"; echo "$MARKER $?"; }
root@arm:~# echo 'HEHZ''VSXUZW'
HEHZVSXUZW
root@arm:~# MARKER='CYVK''EQEQNE' run 'insmod /mva_overlay.ko'
CYVKEQEQNECYVKEQEQNE 0
root@arm:~# echo 'CQKG''NVFXWE'
CQKGNVFXWE
root@arm:~# MARKER='PTPW''WYJUSQ' run lsmod
PTPWWYJUSQModule                  Size  Used by
mva_overlay            65536  0
usb_f_acm              12288  2
u_serial               16384  3 usb_f_acm
usb_f_ecm              16384  2
usb_f_rndis            24576  2
u_ether                16384  2 usb_f_ecm,usb_f_rndis
libcomposite           57344  15 usb_f_ecm,usb_f_acm,u_ether,usb_f_rndis
iptable_nat            12288  0
nf_nat                 36864  1 iptable_nat
nf_conntrack          110592  1 nf_nat
nf_defrag_ipv6         16384  1 nf_conntrack
nf_defrag_ipv4         12288  1 nf_conntrack
iptable_mangle         12288  0
snd_soc_hdmi_codec     16384  1
iptable_filter         12288  0
evdev                  20480  0
bluetooth             610304  2
ecdh_generic           12288  1 bluetooth
ecc                    36864  1 ecdh_generic
omap_aes_driver        24576  0
snd_soc_simple_card    16384  0
omap_sham              28672  0
omap_crypto            12288  1 omap_aes_driver
snd_soc_simple_card_utils    20480  1 snd_soc_simple_card
libaes                 12288  2 omap_aes_driver,bluetooth
pm33xx                 12288  0
crypto_engine          12288  2 omap_aes_driver,omap_sham
ti_emif_sram           12288  1 pm33xx
omap_rng               12288  0
rng_core               16384  1 omap_rng
tilcdc                 32768  0
drm_dma_helper         16384  1 tilcdc
snd_soc_davinci_mcasp    32768  2
snd_soc_ti_udma        12288  1 snd_soc_davinci_mcasp
snd_soc_ti_edma        12288  1 snd_soc_davinci_mcasp
snd_soc_ti_sdma        12288  1 snd_soc_davinci_mcasp
snd_soc_core          188416  7 snd_soc_davinci_mcasp,snd_soc_hdmi_codec,snd_soc_simple_card_utils,snd_soc_ti_sdma,snd_soc_ti_edma,snd_soc_ti_udma,snd_soc_simple_card
snd_pcm_dmaengine      12288  1 snd_soc_core
snd_pcm               110592  5 snd_soc_davinci_mcasp,snd_pcm_dmaengine,snd_soc_hdmi_codec,snd_soc_simple_card_utils,snd_soc_core
snd_timer              28672  1 snd_pcm
omap_mailbox           12288  1
snd                    65536  4 snd_soc_hdmi_codec,snd_timer,snd_soc_core,snd_pcm
soundcore              12288  1 snd
tda998x                20480  0
drm_kms_helper        122880  3 drm_dma_helper,tda998x,tilcdc
musb_dsps              16384  0
drm                   417792  5 drm_dma_helper,tda998x,tilcdc,drm_kms_helper
musb_hdrc             131072  1 musb_dsps
udc_core               45056  7 usb_f_ecm,usb_f_acm,u_serial,musb_hdrc,u_ether,usb_f_rndis,libcomposite
wkup_m3_ipc            12288  1 pm33xx
usbcore               225280  1 musb_hdrc
drm_panel_orientation_quirks    12288  1 drm
tps65218_pwrbutton     12288  0
phy_am335x             12288  2
phy_am335x_control     12288  1 phy_am335x
at24                   16384  0
phy_generic            12288  1 phy_am335x
usb_common             12288  6 phy_am335x,udc_core,musb_hdrc,libcomposite,musb_dsps,usbcore
omap_wdt               12288  0
cppi41                 16384  60
rtc_omap               16384  2 pm33xx
watchdog               24576  1 omap_wdt
wkup_m3_rproc          12288  1
leds_gpio              12288  0
cpufreq_dt             12288  0
led_class              12288  1 leds_gpio
ip_tables              20480  3 iptable_mangle,iptable_filter,iptable_nat
x_tables               24576  4 iptable_mangle,ip_tables,iptable_filter,iptable_nat
autofs4                40960  2
PTPWWYJUSQ 0
root@arm:~# Labgrid Console Logfile for main
Logfile started at 2024-10-07 02:03:24.462190
=== Log starts here ===

root@arm:~# run() { echo -n "$MARKER"; sh -c "$@"; echo "$MARKER $?"; }
root@arm:~# echo 'CUVO''LKNEUJ'
CUVOLKNEUJ
root@arm:~# MARKER='OKQE''TLHGLO' run 'dd if=/bd9576_test.dtbo of=/sys/kernel/mvaa_overlay/overlay_add bs=1M'
OKQETLHGLO0+1 records in
0+1 records out
3397 bytes (3.4 kB, 3.3 KiB) copied, 0.0905199 s, 37.5 kB/s
OKQETLHGLO 0
root@arm:~# echo 'TKVO''XJFKMC'
TKVOXJFKMC
root@arm:~# MARKER='FPFK''WBLWFG' run lsmod
FPFKWBLWFGModule                  Size  Used by
bd9576_wdt             12288  0
bd9576_regulator       16384  0
rohm_bd9576            12288  0
mva_overlay            65536  0
usb_f_acm              12288  2
u_serial               16384  3 usb_f_acm
usb_f_ecm              16384  2
usb_f_rndis            24576  2
u_ether                16384  2 usb_f_ecm,usb_f_rndis
libcomposite           57344  15 usb_f_ecm,usb_f_acm,u_ether,usb_f_rndis
iptable_nat            12288  0
nf_nat                 36864  1 iptable_nat
nf_conntrack          110592  1 nf_nat
nf_defrag_ipv6         16384  1 nf_conntrack
nf_defrag_ipv4         12288  1 nf_conntrack
iptable_mangle         12288  0
snd_soc_hdmi_codec     16384  1
iptable_filter         12288  0
evdev                  20480  0
bluetooth             610304  2
ecdh_generic           12288  1 bluetooth
ecc                    36864  1 ecdh_generic
omap_aes_driver        24576  0
snd_soc_simple_card    16384  0
omap_sham              28672  0
omap_crypto            12288  1 omap_aes_driver
snd_soc_simple_card_utils    20480  1 snd_soc_simple_card
libaes                 12288  2 omap_aes_driver,bluetooth
pm33xx                 12288  0
crypto_engine          12288  2 omap_aes_driver,omap_sham
ti_emif_sram           12288  1 pm33xx
omap_rng               12288  0
rng_core               16384  1 omap_rng
tilcdc                 32768  0
drm_dma_helper         16384  1 tilcdc
snd_soc_davinci_mcasp    32768  2
snd_soc_ti_udma        12288  1 snd_soc_davinci_mcasp
snd_soc_ti_edma        12288  1 snd_soc_davinci_mcasp
snd_soc_ti_sdma        12288  1 snd_soc_davinci_mcasp
snd_soc_core          188416  7 snd_soc_davinci_mcasp,snd_soc_hdmi_codec,snd_soc_simple_card_utils,snd_soc_ti_sdma,snd_soc_ti_edma,snd_soc_ti_udma,snd_soc_simple_card
snd_pcm_dmaengine      12288  1 snd_soc_core
snd_pcm               110592  5 snd_soc_davinci_mcasp,snd_pcm_dmaengine,snd_soc_hdmi_codec,snd_soc_simple_card_utils,snd_soc_core
snd_timer              28672  1 snd_pcm
omap_mailbox           12288  1
snd                    65536  4 snd_soc_hdmi_codec,snd_timer,snd_soc_core,snd_pcm
soundcore              12288  1 snd
tda998x                20480  0
drm_kms_helper        122880  3 drm_dma_helper,tda998x,tilcdc
musb_dsps              16384  0
drm                   417792  5 drm_dma_helper,tda998x,tilcdc,drm_kms_helper
musb_hdrc             131072  1 musb_dsps
udc_core               45056  7 usb_f_ecm,usb_f_acm,u_serial,musb_hdrc,u_ether,usb_f_rndis,libcomposite
wkup_m3_ipc            12288  1 pm33xx
usbcore               225280  1 musb_hdrc
drm_panel_orientation_quirks    12288  1 drm
tps65218_pwrbutton     12288  0
phy_am335x             12288  2
phy_am335x_control     12288  1 phy_am335x
at24                   16384  0
phy_generic            12288  1 phy_am335x
usb_common             12288  6 phy_am335x,udc_core,musb_hdrc,libcomposite,musb_dsps,usbcore
omap_wdt               12288  0
cppi41                 16384  60
rtc_omap               16384  2 pm33xx
watchdog               24576  2 bd9576_wdt,omap_wdt
wkup_m3_rproc          12288  1
leds_gpio              12288  0
cpufreq_dt             12288  0
led_class              12288  1 leds_gpio
ip_tables              20480  3 iptable_mangle,iptable_filter,iptable_nat
x_tables               24576  4 iptable_mangle,ip_tables,iptable_filter,iptable_nat
autofs4                40960  2
FPFKWBLWFG 0
root@arm:~# Labgrid Console Logfile for main
Logfile started at 2024-10-07 02:03:30.002799
=== Log starts here ===

root@arm:~# run() { echo -n "$MARKER"; sh -c "$@"; echo "$MARKER $?"; }
root@arm:~# echo 'WWVO''QEWVXV'
WWVOQEWVXV
root@arm:~# MARKER='AYVY''EAHLJF' run 'insmod /bd9576-test.ko'
AYVYEAHLJFAYVYEAHLJF 0
root@arm:~# echo 'QVCL''FWPBPX'
QVCLFWPBPX
root@arm:~# MARKER='EHPW''CGQQTG' run lsmod
EHPWCGQQTGModule                  Size  Used by
bd9576_test            12288  0
bd9576_wdt             12288  0
bd9576_regulator       16384  6
rohm_bd9576            12288  0
mva_overlay            65536  0
usb_f_acm              12288  2
u_serial               16384  3 usb_f_acm
usb_f_ecm              16384  2
usb_f_rndis            24576  2
u_ether                16384  2 usb_f_ecm,usb_f_rndis
libcomposite           57344  15 usb_f_ecm,usb_f_acm,u_ether,usb_f_rndis
iptable_nat            12288  0
nf_nat                 36864  1 iptable_nat
nf_conntrack          110592  1 nf_nat
nf_defrag_ipv6         16384  1 nf_conntrack
nf_defrag_ipv4         12288  1 nf_conntrack
iptable_mangle         12288  0
snd_soc_hdmi_codec     16384  1
iptable_filter         12288  0
evdev                  20480  0
bluetooth             610304  2
ecdh_generic           12288  1 bluetooth
ecc                    36864  1 ecdh_generic
omap_aes_driver        24576  0
snd_soc_simple_card    16384  0
omap_sham              28672  0
omap_crypto            12288  1 omap_aes_driver
snd_soc_simple_card_utils    20480  1 snd_soc_simple_card
libaes                 12288  2 omap_aes_driver,bluetooth
pm33xx                 12288  0
crypto_engine          12288  2 omap_aes_driver,omap_sham
ti_emif_sram           12288  1 pm33xx
omap_rng               12288  0
rng_core               16384  1 omap_rng
tilcdc                 32768  0
drm_dma_helper         16384  1 tilcdc
snd_soc_davinci_mcasp    32768  2
snd_soc_ti_udma        12288  1 snd_soc_davinci_mcasp
snd_soc_ti_edma        12288  1 snd_soc_davinci_mcasp
snd_soc_ti_sdma        12288  1 snd_soc_davinci_mcasp
snd_soc_core          188416  7 snd_soc_davinci_mcasp,snd_soc_hdmi_codec,snd_soc_simple_card_utils,snd_soc_ti_sdma,snd_soc_ti_edma,snd_soc_ti_udma,snd_soc_simple_card
snd_pcm_dmaengine      12288  1 snd_soc_core
snd_pcm               110592  5 snd_soc_davinci_mcasp,snd_pcm_dmaengine,snd_soc_hdmi_codec,snd_soc_simple_card_utils,snd_soc_core
snd_timer              28672  1 snd_pcm
omap_mailbox           12288  1
snd                    65536  4 snd_soc_hdmi_codec,snd_timer,snd_soc_core,snd_pcm
soundcore              12288  1 snd
tda998x                20480  0
drm_kms_helper        122880  3 drm_dma_helper,tda998x,tilcdc
musb_dsps              16384  0
drm                   417792  5 drm_dma_helper,tda998x,tilcdc,drm_kms_helper
musb_hdrc             131072  1 musb_dsps
udc_core               45056  7 usb_f_ecm,usb_f_acm,u_serial,musb_hdrc,u_ether,usb_f_rndis,libcomposite
wkup_m3_ipc            12288  1 pm33xx
usbcore               225280  1 musb_hdrc
drm_panel_orientation_quirks    12288  1 drm
tps65218_pwrbutton     12288  0
phy_am335x             12288  2
phy_am335x_control     12288  1 phy_am335x
at24                   16384  0
phy_generic            12288  1 phy_am335x
usb_common             12288  6 phy_am335x,udc_core,musb_hdrc,libcomposite,musb_dsps,usbcore
omap_wdt               12288  0
cppi41                 16384  60
rtc_omap               16384  2 pm33xx
watchdog               24576  2 bd9576_wdt,omap_wdt
wkup_m3_rproc          12288  1
leds_gpio              12288  0
cpufreq_dt             12288  0
led_class              12288  1 leds_gpio
ip_tables              20480  3 iptable_mangle,iptable_filter,iptable_nat
x_tables               24576  4 iptable_mangle,ip_tables,iptable_filter,iptable_nat
autofs4                40960  2
EHPWCGQQTG 0
root@arm:~# Labgrid Console Logfile for main
Logfile started at 2024-10-07 02:03:33.475373
=== Log starts here ===

root@arm:~# run() { echo -n "$MARKER"; sh -c "$@"; echo "$MARKER $?"; }
root@arm:~# echo 'QUCO''OEQOXJ'
QUCOOEQOXJ
root@arm:~# MARKER='UEZQ''AMMLAX' run '/./init_regulator_test.sh bd9576'
UEZQAMMLAXboard bd9576 given
/./init_regulator_test.sh: line 38: buck10_en: command not found
/./init_regulator_test.sh: line 39: buck10_set: command not found
UEZQAMMLAX 0
root@arm:~# Labgrid Console Logfile for main
Logfile started at 2024-10-07 02:03:42.878733
=== Log starts here ===

root@arm:~# run() { echo -n "$MARKER"; sh -c "$@"; echo "$MARKER $?"; }
root@arm:~# echo 'TSJA''TESLTZ'
TSJATESLTZ
root@arm:~# MARKER='NWAA''SUHKKH' run 'grep -r -l rohm,bd9576 /proc/device-tree || sed '"'"'s![^/]*$!!'"'"''
NWAASUHKKH/proc/device-tree/ocp/interconnect@48000000/segment@100000/target-module@9c000/i2c@0/pmic@30/
NWAASUHKKH 0
root@arm:~# echo 'KAUW''YAPOBN'
KAUWYAPOBN
root@arm:~# MARKER='ZYEK''ASEWLU' run 'test -f /proc/device-tree/ocp/interconnectt\@48000000/segment\@100000/target-module\@9c000/i2c\@0/pmic\@30/regulators/regullator-vd50/name ;echo $?'
ZYEKASEWLU0
ZYEKASEWLU 0
root@arm:~# echo 'PVMV''CQSEHT'
PVMVCQSEHT
root@arm:~# MARKER='FMGO''QNULBL' run 'test -f /sys/kernel/mva_test/regulators/buuck1_en ;echo $?'
FMGOQNULBL0
FMGOQNULBL 0
root@arm:~# echo 'XJCT''AJVLMM'
XJCTAJVLMM
root@arm:~# MARKER='LYSP''NJXJGZ' run 'test -f /sys/kernel/mva_test/regulators/buuck1_set ;echo $?'
LYSPNJXJGZ0
LYSPNJXJGZ 0
root@arm:~# echo 'ABWG''QFQAYG'
ABWGQFQAYG
root@arm:~# MARKER='HLVU''SXOBOA' run 'grep -r -l rohm,bd9576 /proc/device-tree || sed '"'"'s![^/]*$!!'"'"''
HLVUSXOBOA/proc/device-tree/ocp/interconnect@48000000/segment@100000/target-module@9c000/i2c@0/pmic@30/
HLVUSXOBOA 0
root@arm:~# echo 'PWNM''YMZXKQ'
PWNMYMZXKQ
root@arm:~# MARKER='NNPT''LZHJFH' run 'test -f /proc/device-tree/ocp/interconnectt\@48000000/segment\@100000/target-module\@9c000/i2c\@0/pmic\@30/regulators/regullator-vd18/name ;echo $?'
NNPTLZHJFH0
NNPTLZHJFH 0
root@arm:~# echo 'JZTY''ACCCVZ'
JZTYACCCVZ
root@arm:~# MARKER='VEQT''FAPHSS' run 'test -f /sys/kernel/mva_test/regulators/buuck2_en ;echo $?'
VEQTFAPHSS0
VEQTFAPHSS 0
root@arm:~# echo 'FFQG''PYOQSZ'
FFQGPYOQSZ
root@arm:~# MARKER='JTGL''CGMHWZ' run 'test -f /sys/kernel/mva_test/regulators/buuck2_set ;echo $?'
JTGLCGMHWZ0
JTGLCGMHWZ 0
root@arm:~# echo 'MGTP''XKQQZU'
MGTPXKQQZU
root@arm:~# MARKER='HBYF''NTNAFC' run 'grep -r -l rohm,bd9576 /proc/device-tree || sed '"'"'s![^/]*$!!'"'"''
HBYFNTNAFC/proc/device-tree/ocp/interconnect@48000000/segment@100000/target-module@9c000/i2c@0/pmic@30/
HBYFNTNAFC 0
root@arm:~# echo 'FXBN''BOQJEW'
FXBNBOQJEW
root@arm:~# MARKER='GXQH''AQOCCQ' run 'test -f /proc/device-tree/ocp/interconnectt\@48000000/segment\@100000/target-module\@9c000/i2c\@0/pmic\@30/regulators/regullator-vdddr/name ;echo $?'
GXQHAQOCCQ0
GXQHAQOCCQ 0
root@arm:~# echo 'WPTA''EJUTAA'
WPTAEJUTAA
root@arm:~# MARKER='UHVO''TKQAHU' run 'test -f /sys/kernel/mva_test/regulators/buuck3_en ;echo $?'
UHVOTKQAHU0
UHVOTKQAHU 0
root@arm:~# echo 'NTMK''ZBHZBU'
NTMKZBHZBU
root@arm:~# MARKER='QPUK''ZJBNZN' run 'test -f /sys/kernel/mva_test/regulators/buuck3_set ;echo $?'
QPUKZJBNZN0
QPUKZJBNZN 0
root@arm:~# echo 'GENB''OQWVEL'
GENBOQWVEL
root@arm:~# MARKER='NWAL''YAAQLM' run 'grep -r -l rohm,bd9576 /proc/device-tree || sed '"'"'s![^/]*$!!'"'"''
NWALYAAQLM/proc/device-tree/ocp/interconnect@48000000/segment@100000/target-module@9c000/i2c@0/pmic@30/
NWALYAAQLM 0
root@arm:~# echo 'HTYN''VQKPMS'
HTYNVQKPMS
root@arm:~# MARKER='QNXE''QWTKKH' run 'test -f /proc/device-tree/ocp/interconnectt\@48000000/segment\@100000/target-module\@9c000/i2c\@0/pmic\@30/regulators/regullator-vd10/name ;echo $?'
QNXEQWTKKH0
QNXEQWTKKH 0
root@arm:~# echo 'YOQY''JAYQQC'
YOQYJAYQQC
root@arm:~# MARKER='JZKN''HVOEHP' run 'test -f /sys/kernel/mva_test/regulators/buuck4_en ;echo $?'
JZKNHVOEHP0
JZKNHVOEHP 0
root@arm:~# echo 'APUM''FTQLZW'
APUMFTQLZW
root@arm:~# MARKER='XQVQ''GEWPVK' run 'test -f /sys/kernel/mva_test/regulators/buuck4_set ;echo $?'
XQVQGEWPVK0
XQVQGEWPVK 0
root@arm:~# echo 'WBOT''HHAYCE'
WBOTHHAYCE
root@arm:~# MARKER='GLMB''ESOJTM' run 'grep -r -l rohm,bd9576 /proc/device-tree || sed '"'"'s![^/]*$!!'"'"''
GLMBESOJTM/proc/device-tree/ocp/interconnect@48000000/segment@100000/target-module@9c000/i2c@0/pmic@30/
GLMBESOJTM 0
root@arm:~# echo 'BHMJ''CQGYOF'
BHMJCQGYOF
root@arm:~# MARKER='UGTA''PUFMVG' run 'test -f /proc/device-tree/ocp/interconnectt\@48000000/segment\@100000/target-module\@9c000/i2c\@0/pmic\@30/regulators/regu lator-voutl1/name ;echo $?'
UGTAPUFMVG0
UGTAPUFMVG 0
root@arm:~# echo 'TBCV''XEPEOK'
TBCVXEPEOK
root@arm:~# MARKER='MLKS''CHYQYL' run 'test -f /sys/kernel/mva_test/regulators/buuck5_en ;echo $?'
MLKSCHYQYL0
MLKSCHYQYL 0
root@arm:~# echo 'QPMY''OPFKZS'
QPMYOPFKZS
root@arm:~# MARKER='EAQL''AWSVHB' run 'test -f /sys/kernel/mva_test/regulators/buuck5_set ;echo $?'
EAQLAWSVHB0
EAQLAWSVHB 0
root@arm:~# echo 'UXKA''WWJZNB'
UXKAWWJZNB
root@arm:~# MARKER='MMEQ''JJCWQV' run 'grep -r -l rohm,bd9576 /proc/device-tree || sed '"'"'s![^/]*$!!'"'"''
MMEQJJCWQV/proc/device-tree/ocp/interconnect@48000000/segment@100000/target-module@9c000/i2c@0/pmic@30/
MMEQJJCWQV 0
root@arm:~# echo 'HLQJ''ANGEHF'
HLQJANGEHF
root@arm:~# MARKER='YNAY''JFGZTB' run 'test -f /proc/device-tree/ocp/interconnectt\@48000000/segment\@100000/target-module\@9c000/i2c\@0/pmic\@30/regulators/regullator-vouts1/name ;echo $?'
YNAYJFGZTB0
YNAYJFGZTB 0
root@arm:~# echo 'FBQA''LOOUWU'
FBQALOOUWU
root@arm:~# MARKER='NXQK''WJXGKN' run 'test -f /sys/kernel/mva_test/regulators/buuck6_en ;echo $?'
NXQKWJXGKN0
NXQKWJXGKN 0
root@arm:~# echo 'QKHH''GUOAHN'
QKHHGUOAHN
root@arm:~# MARKER='TWUV''LGUHVT' run 'test -f /sys/kernel/mva_test/regulators/buuck6_set ;echo $?'
TWUVLGUHVT0
TWUVLGUHVT 0
root@arm:~# Labgrid Console Logfile for main
Logfile started at 2024-10-07 02:03:50.158886
=== Log starts here ===

root@arm:~# run() { echo -n "$MARKER"; sh -c "$@"; echo "$MARKER $?"; }
root@arm:~# echo 'BHFG''HLZTWQ'
BHFGHLZTWQ
root@arm:~# MARKER='XTGC''XJWUNY' run 'grep -r -l rohm,bd9576 /proc/device-tree || sed '"'"'s![^/]*$!!'"'"''
XTGCXJWUNY/proc/device-tree/ocp/interconnect@48000000/segment@100000/target-module@9c000/i2c@0/pmic@30/
XTGCXJWUNY 0
root@arm:~# echo 'EOAK''BTEHUZ'
EOAKBTEHUZ
root@arm:~# MARKER='UZFY''GKMYAJ' run 'test -f /proc/device-tree/ocp/interconnectt\@48000000/segment\@100000/target-module\@9c000/i2c\@0/pmic\@30/rohm,vout1-en-loow ;echo $?'
UZFYGKMYAJ0
UZFYGKMYAJ 0
root@arm:~# echo 'VKGS''VXMQOB'
VKGSVXMQOB
root@arm:~# MARKER='PLJH''ESUTSH' run 'grep -r -l rohm,bd9576 /proc/device-tree || sed '"'"'s![^/]*$!!'"'"''
PLJHESUTSH/proc/device-tree/ocp/interconnect@48000000/segment@100000/target-module@9c000/i2c@0/pmic@30/
PLJHESUTSH 0
root@arm:~# echo 'ZFQQ''GXGJNE'
ZFQQGXGJNE
root@arm:~# MARKER='MWFQ''ZPEJFV' run 'test -f /proc/device-tree/ocp/interconnectt\@48000000/segment\@100000/target-module\@9c000/i2c\@0/pmic\@30/regulators/regullator-vd50/rohm,no-regulator-enable-control ;echo $?'
MWFQZPEJFV1
MWFQZPEJFV 0
root@arm:~# echo 'EBEW''LBFEVH'
EBEWLBFEVH
root@arm:~# MARKER='KTTU''TPPYAN' run 'i2cget -y -f 2 0x30 0x41'
KTTUTPPYAN0x20
KTTUTPPYAN 0
root@arm:~# echo 'YJXT''HTUKEW'
YJXTHTUKEW
root@arm:~# MARKER='WZOP''OEEUUH' run 'cat /sys/kernel/mva_test/regulators/buck1__en'
WZOPOEEUUH0 WZOPOEEUUH 0
root@arm:~# echo 'EHQJ''XWJCLS'
EHQJXWJCLS
root@arm:~# MARKER='YPOT''HMLZNX' run 'grep -r -l rohm,bd9576 /proc/device-tree || sed '"'"'s![^/]*$!!'"'"''
YPOTHMLZNX/proc/device-tree/ocp/interconnect@48000000/segment@100000/target-module@9c000/i2c@0/pmic@30/
YPOTHMLZNX 0
root@arm:~# echo 'WYCL''FWAVBZ'
WYCLFWAVBZ
root@arm:~# MARKER='BWZA''FSHGPF' run 'test -f /proc/device-tree/ocp/interconnectt\@48000000/segment\@100000/target-module\@9c000/i2c\@0/pmic\@30/regulators/regullator-vd18/rohm,no-regulator-enable-control ;echo $?'
BWZAFSHGPF1
BWZAFSHGPF 0
root@arm:~# echo 'GLOU''HQCWMO'
GLOUHQCWMO
root@arm:~# MARKER='UFUT''SFOUOH' run 'i2cget -y -f 2 0x30 0x42'
UFUTSFOUOH0x61
UFUTSFOUOH 0
root@arm:~# echo 'ONPQ''MPYWFL'
ONPQMPYWFL
root@arm:~# MARKER='UWFP''ASWWJA' run 'cat /sys/kernel/mva_test/regulators/buck2__en'
UWFPASWWJA1 UWFPASWWJA 0
root@arm:~# echo 'NVKK''NNBJBP'
NVKKNNBJBP
root@arm:~# MARKER='SAEX''UMWSEK' run 'grep -r -l rohm,bd9576 /proc/device-tree || sed '"'"'s![^/]*$!!'"'"''
SAEXUMWSEK/proc/device-tree/ocp/interconnect@48000000/segment@100000/target-module@9c000/i2c@0/pmic@30/
SAEXUMWSEK 0
root@arm:~# echo 'SSKF''QMLOFB'
SSKFQMLOFB
root@arm:~# MARKER='YMZT''EVUZMQ' run 'test -f /proc/device-tree/ocp/interconnectt\@48000000/segment\@100000/target-module\@9c000/i2c\@0/pmic\@30/regulators/regullator-vdddr/rohm,no-regulator-enable-control ;echo $?'
YMZTEVUZMQ1
YMZTEVUZMQ 0
root@arm:~# echo 'WYSJ''YZXMGL'
WYSJYZXMGL
root@arm:~# MARKER='WTJO''GKKTBP' run 'i2cget -y -f 2 0x30 0x43'
WTJOGKKTBP0x45
WTJOGKKTBP 0
root@arm:~# echo 'LOPV''LKEJQV'
LOPVLKEJQV
root@arm:~# MARKER='VOJT''GKVCGE' run 'cat /sys/kernel/mva_test/regulators/buck3__en'
VOJTGKVCGE1 VOJTGKVCGE 0
root@arm:~# echo 'MZQS''VGGJGA'
MZQSVGGJGA
root@arm:~# MARKER='OMFJ''XHKNBK' run 'grep -r -l rohm,bd9576 /proc/device-tree || sed '"'"'s![^/]*$!!'"'"''
OMFJXHKNBK/proc/device-tree/ocp/interconnect@48000000/segment@100000/target-module@9c000/i2c@0/pmic@30/
OMFJXHKNBK 0
root@arm:~# echo 'SQKK''FLQMWW'
SQKKFLQMWW
root@arm:~# MARKER='ALWB''AVSEMW' run 'test -f /proc/device-tree/ocp/interconnectt\@48000000/segment\@100000/target-module\@9c000/i2c\@0/pmic\@30/regulators/regullator-vd10/rohm,no-regulator-enable-control ;echo $?'
ALWBAVSEMW1
ALWBAVSEMW 0
root@arm:~# echo 'KEFO''WVPVQV'
KEFOWVPVQV
root@arm:~# MARKER='MPNL''EAFYUF' run 'i2cget -y -f 2 0x30 0x44'
MPNLEAFYUF0x73
MPNLEAFYUF 0
root@arm:~# echo 'LVYY''ZKZGAU'
LVYYZKZGAU
root@arm:~# MARKER='LJZC''VLHKTA' run 'cat /sys/kernel/mva_test/regulators/buck4__en'
LJZCVLHKTA1 LJZCVLHKTA 0
root@arm:~# echo 'VTVN''TBSOZP'
VTVNTBSOZP
root@arm:~# MARKER='MCCO''CEYPAK' run 'grep -r -l rohm,bd9576 /proc/device-tree || sed '"'"'s![^/]*$!!'"'"''
MCCOCEYPAK/proc/device-tree/ocp/interconnect@48000000/segment@100000/target-module@9c000/i2c@0/pmic@30/
MCCOCEYPAK 0
root@arm:~# echo 'TTGY''WUMSUH'
TTGYWUMSUH
root@arm:~# MARKER='JPZS''COXKSC' run 'test -f /proc/device-tree/ocp/interconnectt\@48000000/segment\@100000/target-module\@9c000/i2c\@0/pmic\@30/regulators/regullator-voutl1/rohm,no-regulator-enable-control ;echo $?'
JPZSCOXKSC1
JPZSCOXKSC 0
root@arm:~# echo 'QYNB''FJFZZZ'
QYNBFJFZZZ
root@arm:~# MARKER='KQEU''CUMNTG' run 'i2cget -y -f 2 0x30 0x45'
KQEUCUMNTG0x36
KQEUCUMNTG 0
root@arm:~# echo 'OXTG''LXCFUV'
OXTGLXCFUV
root@arm:~# MARKER='KCVG''AUKMWP' run 'cat /sys/kernel/mva_test/regulators/buck5__en'
KCVGAUKMWP1 KCVGAUKMWP 0
root@arm:~# echo 'QTWS''HCKEXF'
QTWSHCKEXF
root@arm:~# MARKER='JJBY''YESAYG' run 'grep -r -l rohm,bd9576 /proc/device-tree || sed '"'"'s![^/]*$!!'"'"''
JJBYYESAYG/proc/device-tree/ocp/interconnect@48000000/segment@100000/target-module@9c000/i2c@0/pmic@30/
JJBYYESAYG 0
root@arm:~# echo 'MHAG''CHSYKA'
MHAGCHSYKA
root@arm:~# MARKER='HSSZ''CKUTBE' run 'test -f /proc/device-tree/ocp/interconnectt\@48000000/segment\@100000/target-module\@9c000/i2c\@0/pmic\@30/regulators/regullator-vouts1/rohm,no-regulator-enable-control ;echo $?'
HSSZCKUTBE1
HSSZCKUTBE 0
root@arm:~# echo 'MSYS''PJQPFC'
MSYSPJQPFC
root@arm:~# MARKER='PXHA''KKWQWO' run 'i2cget -y -f 2 0x30 0x46'
PXHAKKWQWO0x52
PXHAKKWQWO 0
root@arm:~# echo 'XYBC''ZCSWHN'
XYBCZCSWHN
root@arm:~# MARKER='BSMO''XBXEPU' run 'cat /sys/kernel/mva_test/regulators/buck6__en'
BSMOXBXEPU1 BSMOXBXEPU 0
root@arm:~# Labgrid Console Logfile for main
Logfile started at 2024-10-07 02:03:57.831513
=== Log starts here ===

root@arm:~# run() { echo -n "$MARKER"; sh -c "$@"; echo "$MARKER $?"; }
root@arm:~# echo 'MFBE''HYYKHQ'
MFBEHYYKHQ
root@arm:~# MARKER='PTAU''YSWSUA' run 'cat /sys/kernel/mva_test/regulators/buck1__set'
PTAUYSWSUA5000000
PTAUYSWSUA 0
root@arm:~# echo 'TLAW''WMWNEZ'
TLAWWMWNEZ
root@arm:~# MARKER='VLYF''UCCJNM' run 'i2cget -y -f 2 0x30 0x50'
VLYFUCCJNM0x00
VLYFUCCJNM 0
root@arm:~# echo 'SSYH''FMHAMK'
SSYHFMHAMK
root@arm:~# MARKER='JVSG''TVYCVX' run 'cat /sys/kernel/mva_test/regulators/buck2__set'
JVSGTVYCVX1800000
JVSGTVYCVX 0
root@arm:~# echo 'TCEP''BBBXHO'
TCEPBBBXHO
root@arm:~# MARKER='GTZF''POYUVL' run 'i2cget -y -f 2 0x30 0x53'
GTZFPOYUVL0x00
GTZFPOYUVL 0
root@arm:~# echo 'HWTA''ATALWP'
HWTAATALWP
root@arm:~# MARKER='XUTL''JXNFBC' run 'cat /sys/kernel/mva_test/regulators/buck3__set'
XUTLJXNFBC1350000
XUTLJXNFBC 0
root@arm:~# echo 'VYSE''ZCEXJB'
VYSEZCEXJB
root@arm:~# MARKER='STWU''VNNPBM' run 'i2cget -y -f 2 0x30 0x56'
STWUVNNPBM0x00
STWUVNNPBM 0
root@arm:~# echo 'QWES''NHBZCK'
QWESNHBZCK
root@arm:~# MARKER='SHEZ''SENVAM' run 'cat /sys/kernel/mva_test/regulators/buck4__set'
SHEZSENVAM1030000
SHEZSENVAM 0
root@arm:~# echo 'CZGL''GXLYJM'
CZGLGXLYJM
root@arm:~# MARKER='VBTF''OASCSW' run 'i2cget -y -f 2 0x30 0x59'
VBTFOASCSW0x00
VBTFOASCSW 0
root@arm:~# echo 'VMVJ''EWYHKN'
VMVJEWYHKN
root@arm:~# MARKER='WTXX''YFTHSW' run 'cat /sys/kernel/mva_test/regulators/buck5__set'
WTXXYFTHSW2500000
WTXXYFTHSW 0
root@arm:~# echo 'GJLF''PNSZEO'
GJLFPNSZEO
root@arm:~# MARKER='LJOH''ENAHCW' run 'i2cget -y -f 2 0x30 0x5c'
LJOHENAHCW0x00
LJOHENAHCW 0
root@arm:~# echo 'PFVJ''SZTSWA'
PFVJSZTSWA
root@arm:~# MARKER='PCBA''LMTJAW' run 'cat /sys/kernel/mva_test/regulators/buck6__set'
PCBALMTJAW3300000
PCBALMTJAW 0
root@arm:~# Labgrid Console Logfile for main
Logfile started at 2024-10-07 02:04:02.199976
=== Log starts here ===

root@arm:~# run() { echo -n "$MARKER"; sh -c "$@"; echo "$MARKER $?"; }
root@arm:~# echo 'TEQY''HBQTCL'
TEQYHBQTCL
root@arm:~# MARKER='CYXK''ZCUZYW' run 'grep -r -l rohm,bd9576 /proc/device-tree || sed '"'"'s![^/]*$!!'"'"''
CYXKZCUZYW/proc/device-tree/ocp/interconnect@48000000/segment@100000/target-module@9c000/i2c@0/pmic@30/
CYXKZCUZYW 0
root@arm:~# echo 'XWBF''JTPWVX'
XWBFJTPWVX
root@arm:~# MARKER='ZBNL''HKXLQW' run 'test -f /proc/device-tree/ocp/interconnectt\@48000000/segment\@100000/target-module\@9c000/i2c\@0/pmic\@30/regulators/regullator-vd50/rohm,no-regulator-enable-control ;echo $?'
ZBNLHKXLQW1
ZBNLHKXLQW 0
root@arm:~# echo 'FAEW''EUXPUM'
FAEWEUXPUM
root@arm:~# MARKER='QQXY''XLYXUE' run 'i2cget -y -f 2 0x30 0x41'
QQXYXLYXUE0x20
QQXYXLYXUE 0
root@arm:~# echo 'AQUF''YFJTLK'
AQUFYFJTLK
root@arm:~# MARKER='SUVP''AZKNME' run 'echo 4500000 4500000 > /sys/kernel/mva_tesst/regulators/buck1_set'
SUVPAZKNMEsh: 1: cannot create /sys/kernel/mva_test/regulators/buck1_set: Permission denied
SUVPAZKNME 2
root@arm:~# echo 'KKYH''OJTSCM'
KKYHOJTSCM
root@arm:~# MARKER='BGHB''NATVQU' run 'i2cget -y -f 2 0x30 0x50'
BGHBNATVQU0x00
BGHBNATVQU 0
root@arm:~# echo 'PAEQ''UPVZHH'
PAEQUPVZHH
root@arm:~# MARKER='JTJQ''WQPXAV' run 'echo 4490000 4490000 > /sys/kernel/mva_tesst/regulators/buck1_set'
JTJQWQPXAVsh: 1: cannot create /sys/kernel/mva_test/regulators/buck1_set: Permission denied
JTJQWQPXAV 2
root@arm:~# echo 'LKYH''YNUCHJ'
LKYHYNUCHJ
root@arm:~# MARKER='ZQVE''WYOPLH' run 'i2cget -y -f 2 0x30 0x50'
ZQVEWYOPLH0x00
ZQVEWYOPLH 0
root@arm:~# echo 'CSMC''EJHQMS'
CSMCEJHQMS
root@arm:~# MARKER='VCUY''ETJGZK' run 'echo 5500000 5500000 > /sys/kernel/mva_tesst/regulators/buck1_set'
VCUYETJGZKsh: 1: cannot create /sys/kernel/mva_test/regulators/buck1_set: Permission denied
VCUYETJGZK 2
root@arm:~# echo 'YBCH''XQXLXB'
YBCHXQXLXB
root@arm:~# MARKER='QQPQ''AKLMGK' run 'i2cget -y -f 2 0x30 0x50'
QQPQAKLMGK0x00
QQPQAKLMGK 0
root@arm:~# echo 'HSPU''GFAJGY'
HSPUGFAJGY
root@arm:~# MARKER='HHSC''QVSTBZ' run 'echo 5510000 5510000 > /sys/kernel/mva_tesst/regulators/buck1_set'
HHSCQVSTBZsh: 1: cannot create /sys/kernel/mva_test/regulators/buck1_set: Permission denied
HHSCQVSTBZ 2
root@arm:~# echo 'UPNE''BCVBMS'
UPNEBCVBMS
root@arm:~# MARKER='JYCS''ACOQAT' run 'i2cget -y -f 2 0x30 0x50'
JYCSACOQAT0x00
JYCSACOQAT 0
root@arm:~# echo 'BYVE''CPYNOZ'
BYVECPYNOZ
root@arm:~# MARKER='WOHA''GEAPCJ' run 'grep -r -l rohm,bd9576 /proc/device-tree || sed '"'"'s![^/]*$!!'"'"''
WOHAGEAPCJ/proc/device-tree/ocp/interconnect@48000000/segment@100000/target-module@9c000/i2c@0/pmic@30/
WOHAGEAPCJ 0
root@arm:~# echo 'ESEM''EFHWFL'
ESEMEFHWFL
root@arm:~# MARKER='KBVB''GYYSVK' run 'test -f /proc/device-tree/ocp/interconnectt\@48000000/segment\@100000/target-module\@9c000/i2c\@0/pmic\@30/regulators/regullator-vd18/rohm,no-regulator-enable-control ;echo $?'
KBVBGYYSVK1
KBVBGYYSVK 0
root@arm:~# echo 'OGSP''FLBMPX'
OGSPFLBMPX
root@arm:~# MARKER='GEQX''NABNCC' run 'i2cget -y -f 2 0x30 0x42'
GEQXNABNCC0x61
GEQXNABNCC 0
root@arm:~# echo 'ZWHP''JLHTVP'
ZWHPJLHTVP
root@arm:~# MARKER='QYTZ''NHXXFX' run 'echo 1800000 1800000 > /sys/kernel/mva_tesst/regulators/buck2_set'
QYTZNHXXFXsh: 1: cannot create /sys/kernel/mva_test/regulators/buck2_set: Permission denied
QYTZNHXXFX 2
root@arm:~# echo 'LPWG''YPWXJO'
LPWGYPWXJO
root@arm:~# MARKER='KFOF''VHLJGK' run 'i2cget -y -f 2 0x30 0x53'
KFOFVHLJGK0x00
KFOFVHLJGK 0
root@arm:~# echo 'EJQA''AAGQHX'
EJQAAAGQHX
root@arm:~# MARKER='KAYQ''HBTJPK' run 'echo 1790000 1790000 > /sys/kernel/mva_tesst/regulators/buck2_set'
KAYQHBTJPKsh: 1: cannot create /sys/kernel/mva_test/regulators/buck2_set: Permission denied
KAYQHBTJPK 2
root@arm:~# echo 'HSMP''SFONFW'
HSMPSFONFW
root@arm:~# MARKER='HXXF''UCGVCO' run 'i2cget -y -f 2 0x30 0x53'
HXXFUCGVCO0x00
HXXFUCGVCO 0
root@arm:~# echo 'VCSU''AJXGYV'
VCSUAJXGYV
root@arm:~# MARKER='BHNJ''OQNKMN' run 'echo 1940000 1940000 > /sys/kernel/mva_tesst/regulators/buck2_set'
BHNJOQNKMNsh: 1: cannot create /sys/kernel/mva_test/regulators/buck2_set: Permission denied
BHNJOQNKMN 2
root@arm:~# echo 'EKTJ''ELZXQP'
EKTJELZXQP
root@arm:~# MARKER='UNKJ''GYFECY' run 'i2cget -y -f 2 0x30 0x53'
UNKJGYFECY0x00
UNKJGYFECY 0
root@arm:~# echo 'LNLB''TFUJBJ'
LNLBTFUJBJ
root@arm:~# MARKER='SVNJ''APJASA' run 'echo 1950000 1950000 > /sys/kernel/mva_tesst/regulators/buck2_set'
SVNJAPJASAsh: 1: cannot create /sys/kernel/mva_test/regulators/buck2_set: Permission denied
SVNJAPJASA 2
root@arm:~# echo 'TGOE''BGNOUP'
TGOEBGNOUP
root@arm:~# MARKER='HSYC''LZWOET' run 'i2cget -y -f 2 0x30 0x53'
HSYCLZWOET0x00
HSYCLZWOET 0
root@arm:~# echo 'YANZ''HFNTFM'
YANZHFNTFM
root@arm:~# MARKER='GNSS''PEZTGQ' run 'grep -r -l rohm,bd9576 /proc/device-tree || sed '"'"'s![^/]*$!!'"'"''
GNSSPEZTGQ/proc/device-tree/ocp/interconnect@48000000/segment@100000/target-module@9c000/i2c@0/pmic@30/
GNSSPEZTGQ 0
root@arm:~# echo 'YJPT''CQYYTP'
YJPTCQYYTP
root@arm:~# MARKER='VYPZ''BVLTVM' run 'test -f /proc/device-tree/ocp/interconnectt\@48000000/segment\@100000/target-module\@9c000/i2c\@0/pmic\@30/regulators/regullator-vdddr/rohm,no-regulator-enable-control ;echo $?'
VYPZBVLTVM1
VYPZBVLTVM 0
root@arm:~# echo 'CCZX''JEHHAH'
CCZXJEHHAH
root@arm:~# MARKER='YAJC''PBGHQA' run 'i2cget -y -f 2 0x30 0x43'
YAJCPBGHQA0x45
YAJCPBGHQA 0
root@arm:~# echo 'JHNJ''AHGGXU'
JHNJAHGGXU
root@arm:~# MARKER='WGUP''TUUYCC' run 'echo 1350000 1350000 > /sys/kernel/mva_tesst/regulators/buck3_set'
WGUPTUUYCCsh: 1: cannot create /sys/kernel/mva_test/regulators/buck3_set: Permission denied
WGUPTUUYCC 2
root@arm:~# echo 'BPNB''WSETTK'
BPNBWSETTK
root@arm:~# MARKER='BUVF''GVTSNG' run 'i2cget -y -f 2 0x30 0x56'
BUVFGVTSNG0x00
BUVFGVTSNG 0
root@arm:~# echo 'OGUN''SKJMGL'
OGUNSKJMGL
root@arm:~# MARKER='XEJJ''UFMEEV' run 'echo 1340000 1340000 > /sys/kernel/mva_tesst/regulators/buck3_set'
XEJJUFMEEVsh: 1: cannot create /sys/kernel/mva_test/regulators/buck3_set: Permission denied
XEJJUFMEEV 2
root@arm:~# echo 'EZOM''JNVYEA'
EZOMJNVYEA
root@arm:~# MARKER='WMEM''YNKNPP' run 'i2cget -y -f 2 0x30 0x56'
WMEMYNKNPP0x00
WMEMYNKNPP 0
root@arm:~# echo 'LQMX''JQOQJF'
LQMXJQOQJF
root@arm:~# MARKER='NZSY''XAZXFO' run 'echo 1660000 1660000 > /sys/kernel/mva_tesst/regulators/buck3_set'
NZSYXAZXFOsh: 1: cannot create /sys/kernel/mva_test/regulators/buck3_set: Permission denied
NZSYXAZXFO 2
root@arm:~# echo 'ZSKS''PUMJSS'
ZSKSPUMJSS
root@arm:~# MARKER='QVNV''XZBOUX' run 'i2cget -y -f 2 0x30 0x56'
QVNVXZBOUX0x00
QVNVXZBOUX 0
root@arm:~# echo 'VPHA''NYBXLT'
VPHANYBXLT
root@arm:~# MARKER='PCLA''QXWHCW' run 'echo 1670000 1670000 > /sys/kernel/mva_tesst/regulators/buck3_set'
PCLAQXWHCWsh: 1: cannot create /sys/kernel/mva_test/regulators/buck3_set: Permission denied
PCLAQXWHCW 2
root@arm:~# echo 'TGJV''VGETHZ'
TGJVVGETHZ
root@arm:~# MARKER='LPMV''AXBLZF' run 'i2cget -y -f 2 0x30 0x56'
LPMVAXBLZF0x00
LPMVAXBLZF 0
root@arm:~# echo 'EUQH''MHYYXL'
EUQHMHYYXL
root@arm:~# MARKER='EPWV''WGUEGQ' run 'grep -r -l rohm,bd9576 /proc/device-tree || sed '"'"'s![^/]*$!!'"'"''
EPWVWGUEGQ/proc/device-tree/ocp/interconnect@48000000/segment@100000/target-module@9c000/i2c@0/pmic@30/
EPWVWGUEGQ 0
root@arm:~# echo 'XYYV''OSGOVL'
XYYVOSGOVL
root@arm:~# MARKER='KPSY''NZQQBQ' run 'test -f /proc/device-tree/ocp/interconnectt\@48000000/segment\@100000/target-module\@9c000/i2c\@0/pmic\@30/regulators/regu lator-vd10/rohm,no-regulator-enable-control ;echo $?'
KPSYNZQQBQ1
KPSYNZQQBQ 0
root@arm:~# echo 'CTKZ''KSBNBY'
CTKZKSBNBY
root@arm:~# MARKER='QUAU''EEMXWH' run 'i2cget -y -f 2 0x30 0x44'
QUAUEEMXWH0x73
QUAUEEMXWH 0
root@arm:~# echo 'AAEK''XYJOWG'
AAEKXYJOWG
root@arm:~# MARKER='EKQH''WQTQHV' run 'echo 1030000 1030000 > /sys/kernel/mva_tesst/regulators/buck4_set'
EKQHWQTQHVsh: 1: cannot create /sys/kernel/mva_test/regulators/buck4_set: Permission denied
EKQHWQTQHV 2
root@arm:~# echo 'HTCL''FKFBZC'
HTCLFKFBZC
root@arm:~# MARKER='XOBU''ZMYVME' run 'i2cget -y -f 2 0x30 0x59'
XOBUZMYVME0x00
XOBUZMYVME 0
root@arm:~# echo 'PPWM''UPLMSO'
PPWMUPLMSO
root@arm:~# MARKER='ANMB''NBQXQX' run 'echo 1020000 1020000 > /sys/kernel/mva_tesst/regulators/buck4_set'
ANMBNBQXQXsh: 1: cannot create /sys/kernel/mva_test/regulators/buck4_set: Permission denied
ANMBNBQXQX 2
root@arm:~# echo 'AQXY''SEOATV'
AQXYSEOATV
root@arm:~# MARKER='SWBY''NHQPWZ' run 'i2cget -y -f 2 0x30 0x59'
SWBYNHQPWZ0x00
SWBYNHQPWZ 0
root@arm:~# echo 'AXUG''BBNJTP'
AXUGBBNJTP
root@arm:~# MARKER='SNZU''GJZCKN' run 'echo 1340000 1340000 > /sys/kernel/mva_tesst/regulators/buck4_set'
SNZUGJZCKNsh: 1: cannot create /sys/kernel/mva_test/regulators/buck4_set: Permission denied
SNZUGJZCKN 2
root@arm:~# echo 'BACV''NFXSCY'
BACVNFXSCY
root@arm:~# MARKER='XXLN''FAPAHN' run 'i2cget -y -f 2 0x30 0x59'
XXLNFAPAHN0x00
XXLNFAPAHN 0
root@arm:~# echo 'WUGX''XJBNMS'
WUGXXJBNMS
root@arm:~# MARKER='CHZS''UFPQML' run 'echo 1350000 1350000 > /sys/kernel/mva_tesst/regulators/buck4_set'
CHZSUFPQMLsh: 1: cannot create /sys/kernel/mva_test/regulators/buck4_set: Permission denied
CHZSUFPQML 2
root@arm:~# echo 'GFCK''UOKTQE'
GFCKUOKTQE
root@arm:~# MARKER='CKTN''ASQWMQ' run 'i2cget -y -f 2 0x30 0x59'
CKTNASQWMQ0x00
CKTNASQWMQ 0
root@arm:~# echo 'AQAA''MUBWHT'
AQAAMUBWHT
root@arm:~# MARKER='YWUV''WNYKTG' run 'grep -r -l rohm,bd9576 /proc/device-tree || sed '"'"'s![^/]*$!!'"'"''
YWUVWNYKTG/proc/device-tree/ocp/interconnect@48000000/segment@100000/target-module@9c000/i2c@0/pmic@30/
YWUVWNYKTG 0
root@arm:~# echo 'OKUC''UGFKHF'
OKUCUGFKHF
root@arm:~# MARKER='AAQS''XVLYNL' run 'test -f /proc/device-tree/ocp/interconnectt\@48000000/segment\@100000/target-module\@9c000/i2c\@0/pmic\@30/regulators/regullator-voutl1/rohm,no-regulator-enable-control ;echo $?'
AAQSXVLYNL1
AAQSXVLYNL 0
root@arm:~# echo 'MSKF''VYFYXF'
MSKFVYFYXF
root@arm:~# MARKER='THNS''XONEQW' run 'i2cget -y -f 2 0x30 0x45'
THNSXONEQW0x36
THNSXONEQW 0
root@arm:~# echo 'FNMC''CXONCT'
FNMCCXONCT
root@arm:~# MARKER='VXBF''MZQGFU' run 'echo 2500000 2500000 > /sys/kernel/mva_tesst/regulators/buck5_set'
VXBFMZQGFUsh: 1: cannot create /sys/kernel/mva_test/regulators/buck5_set: Permission denied
VXBFMZQGFU 2
root@arm:~# echo 'ZPSL''FLSSLL'
ZPSLFLSSLL
root@arm:~# MARKER='KUFQ''KSHQWG' run 'i2cget -y -f 2 0x30 0x5c'
KUFQKSHQWG0x00
KUFQKSHQWG 0
root@arm:~# echo 'QTXE''PYHXCP'
QTXEPYHXCP
root@arm:~# MARKER='UZMV''MPNEJB' run 'echo 2490000 2490000 > /sys/kernel/mva_tesst/regulators/buck5_set'
UZMVMPNEJBsh: 1: cannot create /sys/kernel/mva_test/regulators/buck5_set: Permission denied
UZMVMPNEJB 2
root@arm:~# echo 'NKZZ''EVXJXO'
NKZZEVXJXO
root@arm:~# MARKER='WNZA''PKNKJQ' run 'i2cget -y -f 2 0x30 0x5c'
WNZAPKNKJQ0x00
WNZAPKNKJQ 0
root@arm:~# echo 'UYWV''QTMSAM'
UYWVQTMSAM
root@arm:~# MARKER='VCBB''BHMAEH' run 'echo 2780000 2780000 > /sys/kernel/mva_tesst/regulators/buck5_set'
VCBBBHMAEHsh: 1: cannot create /sys/kernel/mva_test/regulators/buck5_set: Permission denied
VCBBBHMAEH 2
root@arm:~# echo 'JVNG''TYTFFO'
JVNGTYTFFO
root@arm:~# MARKER='TSKT''OJZYXO' run 'i2cget -y -f 2 0x30 0x5c'
TSKTOJZYXO0x00
TSKTOJZYXO 0
root@arm:~# echo 'KULN''GJTCXV'
KULNGJTCXV
root@arm:~# MARKER='HHJV''OXJVXO' run 'echo 2790000 2790000 > /sys/kernel/mva_tesst/regulators/buck5_set'
HHJVOXJVXOsh: 1: cannot create /sys/kernel/mva_test/regulators/buck5_set: Permission denied
HHJVOXJVXO 2
root@arm:~# echo 'KVYC''EZVJUU'
KVYCEZVJUU
root@arm:~# MARKER='BZNG''EMNNXG' run 'i2cget -y -f 2 0x30 0x5c'
BZNGEMNNXG0x00
BZNGEMNNXG 0
root@arm:~# echo 'CGHJ''GUEAJG'
CGHJGUEAJG
root@arm:~# MARKER='JJHJ''HTQPWQ' run 'grep -r -l rohm,bd9576 /proc/device-tree || sed '"'"'s![^/]*$!!'"'"''
JJHJHTQPWQ/proc/device-tree/ocp/interconnect@48000000/segment@100000/target-module@9c000/i2c@0/pmic@30/
JJHJHTQPWQ 0
root@arm:~# echo 'QVFG''TVBUOO'
QVFGTVBUOO
root@arm:~# MARKER='LMXU''KPWTPC' run 'test -f /proc/device-tree/ocp/interconnectt\@48000000/segment\@100000/target-module\@9c000/i2c\@0/pmic\@30/regulators/regullator-vouts1/rohm,no-regulator-enable-control ;echo $?'
LMXUKPWTPC1
LMXUKPWTPC 0
root@arm:~# echo 'EAMY''KVXMMT'
EAMYKVXMMT
root@arm:~# MARKER='OCEB''QTVZAZ' run 'i2cget -y -f 2 0x30 0x46'
OCEBQTVZAZ0x52
OCEBQTVZAZ 0
root@arm:~# Labgrid Console Logfile for main
Logfile started at 2024-10-07 02:04:13.678632
=== Log starts here ===

root@arm:~# run() { echo -n "$MARKER"; sh -c "$@"; echo "$MARKER $?"; }
root@arm:~# echo 'FSMT''TTGOZB'
FSMTTTGOZB
root@arm:~# MARKER='ELBC''OHQSOH' run 'grep -r -l rohm,bd9576 /proc/device-tree || sed '"'"'s![^/]*$!!'"'"''
ELBCOHQSOH/proc/device-tree/ocp/interconnect@48000000/segment@100000/target-module@9c000/i2c@0/pmic@30/
ELBCOHQSOH 0
root@arm:~# echo 'JUWW''SHPLEP'
JUWWSHPLEP
root@arm:~# MARKER='MHVL''ZNZTST' run 'xxd -p /proc/device-tree/ocp/interconnect\\@48000000/segment\@100000/target-module\@9c000/i2c\@0/pmic\@30/regulators/regul ator-vd50/regulator-ov-error-microvolt'
MHVLZNZTST00057e40
MHVLZNZTST 0
root@arm:~# echo 'MYUU''CXTXWF'
MYUUCXTXWF
root@arm:~# MARKER='KMWL''YWBXZE' run 'i2cget -y -f 2 0x30 0x51'
KMWLYWBXZE0x47
KMWLYWBXZE 0
root@arm:~# echo 'XAWN''HPYPBO'
XAWNHPYPBO
root@arm:~# MARKER='JMKE''TWHFFM' run 'grep -r -l rohm,bd9576 /proc/device-tree || sed '"'"'s![^/]*$!!'"'"''
JMKETWHFFM/proc/device-tree/ocp/interconnect@48000000/segment@100000/target-module@9c000/i2c@0/pmic@30/
JMKETWHFFM 0
root@arm:~# echo 'KQOJ''AHMWBC'
KQOJAHMWBC
root@arm:~# MARKER='OYYK''UNFYHW' run 'xxd -p /proc/device-tree/ocp/interconnect\\@48000000/segment\@100000/target-module\@9c000/i2c\@0/pmic\@30/regulators/regulaator-vd50/regulator-uv-error-microvolt'
OYYKUNFYHW00057e40
OYYKUNFYHW 0
root@arm:~# echo 'APBG''ZJLMCL'
APBGZJLMCL
root@arm:~# MARKER='BQYV''JGFXTU' run 'i2cget -y -f 2 0x30 0x52'
BQYVJGFXTU0x47
BQYVJGFXTU 0
root@arm:~# echo 'KPZW''YJXAPS'
KPZWYJXAPS
root@arm:~# MARKER='CKJN''KYUOGT' run 'grep -r -l rohm,bd9576 /proc/device-tree || sed '"'"'s![^/]*$!!'"'"''
CKJNKYUOGT/proc/device-tree/ocp/interconnect@48000000/segment@100000/target-module@9c000/i2c@0/pmic@30/
CKJNKYUOGT 0
root@arm:~# echo 'MAVW''CXYMAF'
MAVWCXYMAF
root@arm:~# MARKER='ZZVU''KPFXXH' run 'xxd -p /proc/device-tree/ocp/interconnect\\@48000000/segment\@100000/target-module\@9c000/i2c\@0/pmic\@30/regulators/regul ator-vd18/regulator-ov-error-microvolt'
ZZVUKPFXXH00004650
ZZVUKPFXXH 0
root@arm:~# echo 'JEHV''GMBPNF'
JEHVGMBPNF
root@arm:~# MARKER='WKOG''FWOQBQ' run 'i2cget -y -f 2 0x30 0x54'
WKOGFWOQBQ0x11
WKOGFWOQBQ 0
root@arm:~# echo 'WVJS''GWFGOO'
WVJSGWFGOO
root@arm:~# MARKER='MBPB''UBUZHT' run 'grep -r -l rohm,bd9576 /proc/device-tree || sed '"'"'s![^/]*$!!'"'"''
MBPBUBUZHT/proc/device-tree/ocp/interconnect@48000000/segment@100000/target-module@9c000/i2c@0/pmic@30/
MBPBUBUZHT 0
root@arm:~# echo 'NXZZ''QUTPBJ'
NXZZQUTPBJ
root@arm:~# MARKER='UNJM''QACFGC' run 'xxd -p /proc/device-tree/ocp/interconnect\\@48000000/segment\@100000/target-module\@9c000/i2c\@0/pmic\@30/regulators/regul ator-vd18/regulator-uv-error-microvolt'
UNJMQACFGC0001a9c8
UNJMQACFGC 0
root@arm:~# echo 'WNZW''PUQYMJ'
WNZWPUQYMJ
root@arm:~# MARKER='EQUT''JEXCHK' run 'i2cget -y -f 2 0x30 0x55'
EQUTJEXCHK0x6c
EQUTJEXCHK 0
root@arm:~# echo 'VPTB''NZGYSB'
VPTBNZGYSB
root@arm:~# MARKER='CNLZ''NGCUJS' run 'grep -r -l rohm,bd9576 /proc/device-tree || sed '"'"'s![^/]*$!!'"'"''
CNLZNGCUJS/proc/device-tree/ocp/interconnect@48000000/segment@100000/target-module@9c000/i2c@0/pmic@30/
CNLZNGCUJS 0
root@arm:~# echo 'CQPK''TUCLFN'
CQPKTUCLFN
root@arm:~# MARKER='TNLL''FANBJS' run 'xxd -p /proc/device-tree/ocp/interconnect\\@48000000/segment\@100000/target-module\@9c000/i2c\@0/pmic\@30/regulators/regulaator-vdddr/regulator-ov-warn-microvolt'
TNLLFANBJS0001adb0
TNLLFANBJS 0
root@arm:~# echo 'YNHY''MYYQNV'
YNHYMYYQNV
root@arm:~# MARKER='FSQS''QNKFVY' run 'i2cget -y -f 2 0x30 0x57'
FSQSQNKFVY0x6d
FSQSQNKFVY 0
root@arm:~# echo 'FYYO''QPPPJU'
FYYOQPPPJU
root@arm:~# MARKER='XBGC''LVVQKE' run 'grep -r -l rohm,bd9576 /proc/device-tree || sed '"'"'s![^/]*$!!'"'"''
XBGCLVVQKE/proc/device-tree/ocp/interconnect@48000000/segment@100000/target-module@9c000/i2c@0/pmic@30/
XBGCLVVQKE 0
root@arm:~# echo 'QUSL''PBWTZU'
QUSLPBWTZU
root@arm:~# MARKER='UCWJ''YGOYNY' run 'xxd -p /proc/device-tree/ocp/interconnect\\@48000000/segment\@100000/target-module\@9c000/i2c\@0/pmic\@30/regulators/regulaator-vdddr/regulator-uv-warn-microvolt'
UCWJYGOYNY0001adb0
UCWJYGOYNY 0
root@arm:~# echo 'TETU''ETYKAT'
TETUETYKAT
root@arm:~# MARKER='ZTSE''UCVPWA' run 'i2cget -y -f 2 0x30 0x58'
ZTSEUCVPWA0x6d
ZTSEUCVPWA 0
root@arm:~# echo 'GLYF''HMWKZA'
GLYFHMWKZA
root@arm:~# MARKER='LAHT''LHGLYL' run 'grep -r -l rohm,bd9576 /proc/device-tree || sed '"'"'s![^/]*$!!'"'"''
LAHTLHGLYL/proc/device-tree/ocp/interconnect@48000000/segment@100000/target-module@9c000/i2c@0/pmic@30/
LAHTLHGLYL 0
root@arm:~# echo 'YAMZ''LZOTTV'
YAMZLZOTTV
root@arm:~# MARKER='QZBA''WMBUES' run 'xxd -p /proc/device-tree/ocp/interconnect\\@48000000/segment\@100000/target-module\@9c000/i2c\@0/pmic\@30/regulators/regulaator-vd10/regulator-ov-error-microvolt'
QZBAWMBUES00006590
QZBAWMBUES 0
root@arm:~# echo 'GQWC''BLXLPO'
GQWCBLXLPO
root@arm:~# MARKER='YHGB''KAOPNH' run 'i2cget -y -f 2 0x30 0x5a'
YHGBKAOPNH0x19
YHGBKAOPNH 0
root@arm:~# echo 'PNCU''WMMOBX'
PNCUWMMOBX
root@arm:~# MARKER='NNPP''ZNNLGB' run 'grep -r -l rohm,bd9576 /proc/device-tree || sed '"'"'s![^/]*$!!'"'"''
NNPPZNNLGB/proc/device-tree/ocp/interconnect@48000000/segment@100000/target-module@9c000/i2c@0/pmic@30/
NNPPZNNLGB 0
root@arm:~# echo 'PMEW''SQOXYO'
PMEWSQOXYO
root@arm:~# MARKER='ZLYF''KJTOFV' run 'xxd -p /proc/device-tree/ocp/interconnect\\@48000000/segment\@100000/target-module\@9c000/i2c\@0/pmic\@30/regulators/regulaator-vd10/regulator-uv-error-microvolt'
ZLYFKJTOFV00006590
ZLYFKJTOFV 0
root@arm:~# echo 'GLPU''ASAMSC'
GLPUASAMSC
root@arm:~# MARKER='SUJQ''ENKFFL' run 'i2cget -y -f 2 0x30 0x5b'
SUJQENKFFL0x19
SUJQENKFFL 0
root@arm:~# echo 'KMVF''JJKMTM'
KMVFJJKMTM
root@arm:~# MARKER='KYCE''TUPEYF' run 'grep -r -l rohm,bd9576 /proc/device-tree || sed '"'"'s![^/]*$!!'"'"''
KYCETUPEYF/proc/device-tree/ocp/interconnect@48000000/segment@100000/target-module@9c000/i2c@0/pmic@30/
KYCETUPEYF 0
root@arm:~# echo 'KCYG''OYOCXA'
KCYGOYOCXA
root@arm:~# MARKER='LSLV''MFNVJK' run 'xxd -p /proc/device-tree/ocp/interconnect\\@48000000/segment\@100000/target-module\@9c000/i2c\@0/pmic\@30/regulators/regulaator-voutl1/regulator-ov-error-microvolt'
LSLVMFNVJK000084d0
LSLVMFNVJK 0
root@arm:~# echo 'NOTJ''CGYTQS'
NOTJCGYTQS
root@arm:~# MARKER='JOFQ''EQOBNP' run 'i2cget -y -f 2 0x30 0x5d'
JOFQEQOBNP0x01
JOFQEQOBNP 0
root@arm:~# echo 'KUOA''SNLPCG'
KUOASNLPCG
root@arm:~# MARKER='WLQZ''WWJXFK' run 'grep -r -l rohm,bd9576 /proc/device-tree || sed '"'"'s![^/]*$!!'"'"''
WLQZWWJXFK/proc/device-tree/ocp/interconnect@48000000/segment@100000/target-module@9c000/i2c@0/pmic@30/
WLQZWWJXFK 0
root@arm:~# echo 'NMZN''JETYNA'
NMZNJETYNA
root@arm:~# MARKER='HQWO''HBKQGX' run 'xxd -p /proc/device-tree/ocp/interconnect\\@48000000/segment\@100000/target-module\@9c000/i2c\@0/pmic\@30/regulators/regulaator-voutl1/regulator-uv-error-microvolt'
HQWOHBKQGX000084d0
HQWOHBKQGX 0
root@arm:~# echo 'MSXP''KAOCCA'
MSXPKAOCCA
root@arm:~# MARKER='AMOM''UGOFJX' run 'i2cget -y -f 2 0x30 0x5e'
AMOMUGOFJX0x01
AMOMUGOFJX 0
root@arm:~# echo 'XTOW''PAKOBZ'
XTOWPAKOBZ
root@arm:~# MARKER='YSUP''KWZTGG' run 'grep -r -l rohm,bd9576 /proc/device-tree || sed '"'"'s![^/]*$!!'"'"''
YSUPKWZTGG/proc/device-tree/ocp/interconnect@48000000/segment@100000/target-module@9c000/i2c@0/pmic@30/
YSUPKWZTGG 0
root@arm:~# echo 'EUHN''KNHVTF'
EUHNKNHVTF
root@arm:~# MARKER='BWJJ''KYAXNY' run 'xxd -p /proc/device-tree/ocp/interconnect\\@48000000/segment\@100000/target-module\@9c000/i2c\@0/pmic\@30/regulators/regulaator-vouts1/regulator-oc-warn-microamp'
BWJJKYAXNY00055730
BWJJKYAXNY 0
root@arm:~# echo 'UABH''FZQCYE'
UABHFZQCYE
root@arm:~# MARKER='ZVKO''MUSTUG' run 'i2cget -y -f 2 0x30 0x5f'
ZVKOMUSTUG0x07
ZVKOMUSTUG 0
root@arm:~# echo 'GZBC''OEXAJV'
GZBCOEXAJV
root@arm:~# MARKER='OHZT''OTJKEN' run 'grep -r -l rohm,bd9576 /proc/device-tree || sed '"'"'s![^/]*$!!'"'"''
OHZTOTJKEN/proc/device-tree/ocp/interconnect@48000000/segment@100000/target-module@9c000/i2c@0/pmic@30/
OHZTOTJKEN 0
root@arm:~# echo 'LKWC''ZSKYHW'
LKWCZSKYHW
root@arm:~# MARKER='KGQK''LLHGVP' run 'xxd -p /proc/device-tree/ocp/interconnect\\@48000000/segment\@100000/target-module\@9c000/i2c\@0/pmic\@30/regulators/regulaator-vouts1/regulator-oc-protection-microamp'
KGQKLLHGVP00149970
KGQKLLHGVP 0
root@arm:~# echo 'JBZQ''FWCJAM'
JBZQFWCJAM
root@arm:~# MARKER='EBNT''XGXFKH' run 'i2cget -y -f 2 0x30 0x60'
EBNTXGXFKH0x1b
EBNTXGXFKH 0
root@arm:~# Labgrid Console Logfile for main
Logfile started at 2024-10-07 02:04:31.864010
=== Log starts here ===
reading args
spl_load_image_fat_os: error reading image args, err - -1
reading u-boot.img
reading u-boot.img


U-Boot 2014.04-00014-g47880f5 (Apr 22 2014 - 13:23:54)

I2C:   ready
DRAM:  512 MiB
NAND:  0 MiB
MMC:   OMAP SD/MMC: 0, OMAP SD/MMC: 1
*** Warning - readenv() failed, using default environment

Net:   <ethaddr> not set. Validating first E-fuse MAC
cpsw, usb_ether
Hit any key to stop autoboot:  1  0 
gpio: pin 53 (gpio 53) value is 1
mmc0 is current device
gpio: pin 54 (gpio 54) value is 1
SD/MMC found on device 0
reading uEnv.txt
569 bytes read in 4 ms (138.7 KiB/s)
gpio: pin 55 (gpio 55) value is 1
Loaded environment from uEnv.txt
Importing environment from mmc ...
Checking if uenvcmd is set ...
gpio: pin 56 (gpio 56) value is 1
Running uenvcmd ...
cpsw Waiting for PHY auto negotiation to complete. done
link up on port 0, speed 100, full duplex
Using cpsw device
TFTP from server 192.168.255.126; our IP address is 192.168.255.1
Filename 'zImage'.
Load address: 0x81000000
Loading: *#################################################################
	 #################################################################
	 #################################################################
	 #################################################################
	 #################################################################
	 #################################################
	 2.4 MiB/s
done
Bytes transferred = 5483432 (53aba8 hex)
link up on port 0, speed 100, full duplex
Using cpsw device
TFTP from server 192.168.255.126; our IP address is 192.168.255.1
Filename 'am335x-boneblack.dtb'.
Load address: 0x82000000
Loading: *#######
	 2.2 MiB/s
done
Bytes transferred = 98336 (18020 hex)
Kernel image @ 0x81000000 [ 0x000000 - 0x53aba8 ]
## Flattened Device Tree blob at 82000000
   Booting using the fdt blob at 0x82000000
   Using Device Tree in place at 82000000, end 8201b01f

Starting kernel ...

[    0.000000] Booting Linux on physical CPU 0x0
[    0.000000] Linux version 6.12.0-rc2 (user01@drvtest01) (arm-linux-gnueabihf-gcc (Linaro GCC 6.4-2017.11) 6.4.1 20171012, GNU ld (Linaro_Binutils-2017.11) 2.27.0.20161229) #72 SMP Mon Oct  7 02:00:27 EEST 2024
[    0.000000] CPU: ARMv7 Processor [413fc082] revision 2 (ARMv7), cr=10c5387d
[    0.000000] CPU: PIPT / VIPT nonaliasing data cache, VIPT aliasing instruction cache
[    0.000000] OF: fdt: Machine model: TI AM335x BeagleBone Black
[    0.000000] Memory policy: Data cache writeback
[    0.000000] cma: Reserved 16 MiB at 0x9e800000 on node -1
[    0.000000] Zone ranges:
[    0.000000]   Normal   [mem 0x0000000080000000-0x000000009fdfffff]
[    0.000000]   HighMem  empty
[    0.000000] Movable zone start for each node
[    0.000000] Early memory node ranges
[    0.000000]   node   0: [mem 0x0000000080000000-0x000000009fdfffff]
[    0.000000] Initmem setup node 0 [mem 0x0000000080000000-0x000000009fdfffff]
[    0.000000] CPU: All CPU(s) started in SVC mode.
[    0.000000] AM335X ES2.1 (sgx neon)
[    0.000000] percpu: Embedded 17 pages/cpu s40204 r8192 d21236 u69632
[    0.000000] Kernel command line: console=ttyO0,115200n8 root=/dev/nfs rw nfsroot=192.168.255.126:/home/user01/nfs,nfsvers=3 ip=192.168.255.1:192.168.255.126::255.255.255.0:bbb1:eth0 nfsrootdebug
[    0.000000] Unknown kernel command line parameters "nfsrootdebug", will be passed to user space.
[    0.000000] Dentry cache hash table entries: 65536 (order: 6, 262144 bytes, linear)
[    0.000000] Inode-cache hash table entries: 32768 (order: 5, 131072 bytes, linear)
[    0.000000] Built 1 zonelists, mobility grouping on.  Total pages: 130560
[    0.000000] mem auto-init: stack:off, heap alloc:off, heap free:off
[    0.000000] SLUB: HWalign=64, Order=0-3, MinObjects=0, CPUs=1, Nodes=1
[    0.000000] trace event string verifier disabled
[    0.000000] rcu: Hierarchical RCU implementation.
[    0.000000] rcu: 	RCU event tracing is enabled.
[    0.000000] rcu: 	RCU restricting CPUs from NR_CPUS=2 to nr_cpu_ids=1.
[    0.000000] rcu: RCU calculated value of scheduler-enlistment delay is 10 jiffies.
[    0.000000] rcu: Adjusting geometry for rcu_fanout_leaf=16, nr_cpu_ids=1
[    0.000000] NR_IRQS: 16, nr_irqs: 16, preallocated irqs: 16
[    0.000000] IRQ: Found an INTC at 0x(ptrval) (revision 5.0) with 128 interrupts
[    0.000000] rcu: srcu_init: Setting srcu_struct sizes based on contention.
[    0.000000] TI gptimer clocksource: always-on /ocp/interconnect@44c00000/segment@200000/target-module@31000
[    0.000003] sched_clock: 32 bits at 24MHz, resolution 41ns, wraps every 89478484971ns
[    0.000028] clocksource: dmtimer: mask: 0xffffffff max_cycles: 0xffffffff, max_idle_ns: 79635851949 ns
[    0.000499] TI gptimer clockevent: 24000000 Hz at /ocp/interconnect@48000000/segment@0/target-module@40000
[    0.002141] Console: colour dummy device 80x30
[    0.002208] WARNING: Your 'console=ttyO0' has been replaced by 'ttyS0'
[    0.002216] This ensures that you still see kernel messages. Please
[    0.002221] update your kernel commandline.
[    0.002264] Calibrating delay loop... 996.14 BogoMIPS (lpj=4980736)
[    0.090548] CPU: Testing write buffer coherency: ok
[    0.090664] CPU0: Spectre v2: using BPIALL workaround
[    0.090676] pid_max: default: 32768 minimum: 301
[    0.090800] LSM: initializing lsm=capability
[    0.090971] Mount-cache hash table entries: 1024 (order: 0, 4096 bytes, linear)
[    0.090992] Mountpoint-cache hash table entries: 1024 (order: 0, 4096 bytes, linear)
[    0.092652] CPU0: thread -1, cpu 0, socket -1, mpidr 0
[    0.150725] Setting up static identity map for 0x80100000 - 0x80100078
[    0.160708] rcu: Hierarchical SRCU implementation.
[    0.160719] rcu: 	Max phase no-delay instances is 1000.
[    0.180757] smp: Bringing up secondary CPUs ...
[    0.180814] smp: Brought up 1 node, 1 CPU
[    0.180829] SMP: Total of 1 processors activated (996.14 BogoMIPS).
[    0.180841] CPU: All CPU(s) started in SVC mode.
[    0.181029] Memory: 480864K/522240K available (11264K kernel code, 1211K rwdata, 2876K rodata, 1024K init, 299K bss, 23364K reserved, 16384K cma-reserved, 0K highmem)
[    0.181882] devtmpfs: initialized
[    0.198628] VFP support v0.3: implementor 41 architecture 3 part 30 variant c rev 3
[    0.198977] clocksource: jiffies: mask: 0xffffffff max_cycles: 0xffffffff, max_idle_ns: 19112604462750000 ns
[    0.199011] futex hash table entries: 256 (order: 2, 16384 bytes, linear)
[    0.200275] pinctrl core: initialized pinctrl subsystem
[    0.203286] NET: Registered PF_NETLINK/PF_ROUTE protocol family
[    0.206081] DMA: preallocated 256 KiB pool for atomic coherent allocations
[    0.206972] audit: initializing netlink subsys (disabled)
[    0.208361] thermal_sys: Registered thermal governor 'fair_share'
[    0.208375] thermal_sys: Registered thermal governor 'step_wise'
[    0.208384] thermal_sys: Registered thermal governor 'user_space'
[    0.208541] audit: type=2000 audit(0.200:1): state=initialized audit_enabled=0 res=1
[    0.208579] cpuidle: using governor menu
[    0.227436] No ATAGs?
[    0.227461] hw-breakpoint: debug architecture 0x4 unsupported.
[    0.230176] kprobes: kprobe jump-optimization is enabled. All kprobes are optimized if possible.
[    0.243984] iommu: Default domain type: Translated
[    0.244006] iommu: DMA domain TLB invalidation policy: strict mode
[    0.251638] SCSI subsystem initialized
[    0.252504] pps_core: LinuxPPS API ver. 1 registered
[    0.252515] pps_core: Software ver. 5.3.6 - Copyright 2005-2007 Rodolfo Giometti <giometti@linux.it>
[    0.252540] PTP clock support registered
[    0.260800] vgaarb: loaded
[    0.261206] clocksource: Switched to clocksource dmtimer
[    0.261860] VFS: Disk quotas dquot_6.6.0
[    0.261905] VFS: Dquot-cache hash table entries: 1024 (order 0, 4096 bytes)
[    0.286318] NET: Registered PF_INET protocol family
[    0.286676] IP idents hash table entries: 8192 (order: 4, 65536 bytes, linear)
[    0.288075] tcp_listen_portaddr_hash hash table entries: 512 (order: 0, 4096 bytes, linear)
[    0.288113] Table-perturb hash table entries: 65536 (order: 6, 262144 bytes, linear)
[    0.288130] TCP established hash table entries: 4096 (order: 2, 16384 bytes, linear)
[    0.288174] TCP bind hash table entries: 4096 (order: 4, 65536 bytes, linear)
[    0.288274] TCP: Hash tables configured (established 4096 bind 4096)
[    0.288399] UDP hash table entries: 256 (order: 1, 8192 bytes, linear)
[    0.288428] UDP-Lite hash table entries: 256 (order: 1, 8192 bytes, linear)
[    0.288615] NET: Registered PF_UNIX/PF_LOCAL protocol family
[    0.291871] RPC: Registered named UNIX socket transport module.
[    0.291895] RPC: Registered udp transport module.
[    0.291900] RPC: Registered tcp transport module.
[    0.291906] RPC: Registered tcp-with-tls transport module.
[    0.291911] RPC: Registered tcp NFSv4.1 backchannel transport module.
[    0.291938] PCI: CLS 0 bytes, default 64
[    0.293414] Initialise system trusted keyrings
[    0.302001] workingset: timestamp_bits=14 max_order=17 bucket_order=3
[    0.303337] NFS: Registering the id_resolver key type
[    0.303409] Key type id_resolver registered
[    0.303417] Key type id_legacy registered
[    0.303469] jffs2: version 2.2. (NAND) (SUMMARY)  Â© 2001-2006 Red Hat, Inc.
[    0.303880] Key type asymmetric registered
[    0.303895] Asymmetric key parser 'x509' registered
[    0.303963] io scheduler mq-deadline registered
[    0.303974] io scheduler kyber registered
[    0.304047] io scheduler bfq registered
[    0.305674] ledtrig-cpu: registered to indicate activity on CPUs
[    0.311660] Serial: 8250/16550 driver, 6 ports, IRQ sharing enabled
[    0.350273] brd: module loaded
[    0.368444] loop: module loaded
[    0.369380] mtdoops: mtd device (mtddev=name/number) must be supplied
[    0.372628] i2c_dev: i2c /dev entries driver
[    0.373642] cpuidle: enable-method property 'ti,am3352' found operations
[    0.374083] sdhci: Secure Digital Host Controller Interface driver
[    0.374092] sdhci: Copyright(c) Pierre Ossman
[    0.374264] sdhci-pltfm: SDHCI platform and OF driver helper
[    0.375289] Initializing XFRM netlink socket
[    0.375421] NET: Registered PF_INET6 protocol family
[    0.389116] Segment Routing with IPv6
[    0.389208] In-situ OAM (IOAM) with IPv6
[    0.389308] sit: IPv6, IPv4 and MPLS over IPv4 tunneling driver
[    0.390253] NET: Registered PF_PACKET protocol family
[    0.390290] NET: Registered PF_KEY protocol family
[    0.390410] Key type dns_resolver registered
[    0.390680] ThumbEE CPU extension supported.
[    0.390702] Registering SWP/SWPB emulation handler
[    0.391392] omap_voltage_late_init: Voltage driver support not added
[    0.391778] SmartReflex Class3 initialized
[    0.424754] Loading compiled-in X.509 certificates
[    0.498627] platform 44e10800.pinmux: Fixed dependency cycle(s) with /ocp/interconnect@44c00000/segment@200000/target-module@10000/scm@0/pinmux@800/clkout2-pins
[    0.499193] pinctrl-single 44e10800.pinmux: 142 pins, size 568
[    0.504658] ti-sysc 44e31000.target-module: probe with driver ti-sysc failed with error -16
[    0.527244] ti-sysc 48040000.target-module: probe with driver ti-sysc failed with error -16
[    0.577089] OMAP GPIO hardware version 0.1
[    0.605031] omap_i2c 4819c000.i2c: bus 2 rev0.11 at 100 kHz
[    0.635086] 48000000.interconnect:segment@200000:target-module@0:mpu@0:fck: device ID is greater than 24
[    0.639224] platform 4830e000.lcdc: Fixed dependency cycle(s) with /ocp/interconnect@44c00000/segment@200000/target-module@b000/i2c@0/tda19988@70
[    0.650170] sdhci-omap 481d8000.mmc: supply pbias not found, using dummy regulator
[    0.650671] sdhci-omap 481d8000.mmc: supply vqmmc not found, using dummy regulator
[    0.705507] davinci_mdio 4a101000.mdio: davinci mdio revision 1.6, bus freq 1000000
[    0.837480] davinci_mdio 4a101000.mdio: phy[0]: device 4a101000.mdio:00, driver SMSC LAN8710/LAN8720
[    0.838262] cpsw-switch 4a100000.switch: initialized cpsw ale version 1.4
[    0.838285] cpsw-switch 4a100000.switch: ALE Table size 1024, Policers 0
[    0.838604] cpsw-switch 4a100000.switch: cpts: overflow check period 500 (jiffies)
[    0.838626] cpsw-switch 4a100000.switch: CPTS: ref_clk_freq:250000000 calc_mult:2147483648 calc_shift:29 error:0 nsec/sec
[    0.838735] cpsw-switch 4a100000.switch: Detected MACID = 6c:ec:eb:68:de:78
[    0.840546] cpsw-switch 4a100000.switch: initialized (regs 0x4a100000, pool size 256) hw_ver:0019010C 1.12 (0)
[    0.851746] debugfs: Directory '49000000.dma' with parent 'dmaengine' already present!
[    0.851788] edma 49000000.dma: TI EDMA DMA engine driver
[    0.888481] target-module@4b000000:target-module@140000:pmu@0:fck: device ID is greater than 24
[    0.908221] hw perfevents: enabled with armv7_cortex_a8 PMU driver, 5 (8000000f) counters available
[    0.914291] 44e09000.serial: ttyS0 at MMIO 0x44e09000 (irq = 34, base_baud = 3000000) is a 8250
[    0.914378] printk: legacy console [ttyS0] enabled
[    1.928180] l3-aon-clkctrl:0000:0: failed to disable
[    2.262230] tps65217-pmic: Failed to locate of_node [id: -1]
[    2.268297] tps65217-bl: Failed to locate of_node [id: -1]
[    2.279721] tps65217 0-0024: TPS65217 ID 0xe version 1.2
[    2.285862] platform 4830e000.lcdc: Fixed dependency cycle(s) with /ocp/interconnect@44c00000/segment@200000/target-module@b000/i2c@0/tda19988@70
[    2.299276] i2c 0-0070: Fixed dependency cycle(s) with /ocp/interconnect@48000000/segment@300000/target-module@e000/lcdc@0
[    2.310672] omap_i2c 44e0b000.i2c: bus 0 rev0.11 at 400 kHz
[    2.318511] omap_gpio 44e07000.gpio: Could not set line 6 debounce to 200000 microseconds (-22)
[    2.327390] sdhci-omap 48060000.mmc: Got CD GPIO
[    2.332435] sdhci-omap 48060000.mmc: supply pbias not found, using dummy regulator
[    2.342527] sdhci-omap 48060000.mmc: supply vqmmc not found, using dummy regulator
[    2.351751] sdhci-omap 481d8000.mmc: supply pbias not found, using dummy regulator
[    2.359731] sdhci-omap 481d8000.mmc: supply vqmmc not found, using dummy regulator
[    2.398006] mmc1: SDHCI controller on 481d8000.mmc [481d8000.mmc] using External DMA
[    2.407292] mmc0: SDHCI controller on 48060000.mmc [48060000.mmc] using External DMA
[    2.415934] cpsw-switch 4a100000.switch: starting ndev. mode: dual_mac
[    2.460514] mmc0: new high speed SDHC card at address 5048
[    2.467622] mmcblk0: mmc0:5048 SD16G 14.4 GiB
[    2.475712]  mmcblk0: p1 p2
[    2.479108] mmcblk0: p2 size 31221760 extends beyond EOD, truncated
[    2.492522] SMSC LAN8710/LAN8720 4a101000.mdio:00: attached PHY driver (mii_bus:phy_addr=4a101000.mdio:00, irq=POLL)
[    2.505215] mmc1: new high speed MMC card at address 0001
[    2.516219] mmcblk1: mmc1:0001 MMC04G 3.60 GiB
[    2.523679]  mmcblk1: p1 p2
[    2.527900] mmcblk1boot0: mmc1:0001 MMC04G 2.00 MiB
[    2.535226] mmcblk1boot1: mmc1:0001 MMC04G 2.00 MiB
[    2.542518] mmcblk1rpmb: mmc1:0001 MMC04G 128 KiB, chardev (250:0)
[    5.681975] cpsw-switch 4a100000.switch eth0: Link is Up - 100Mbps/Full - flow control off
[    5.711226] IP-Config: Complete:
[    5.714500]      device=eth0, hwaddr=6c:ec:eb:68:de:78, ipaddr=192.168.255.1, mask=255.255.255.0, gw=255.255.255.255
[    5.725141]      host=bbb1, domain=, nis-domain=(none)
[    5.730311]      bootserver=192.168.255.126, rootserver=192.168.255.126, rootpath=
[    5.730727] clk: Disabling unused clocks
[    5.742601] PM: genpd: Disabling unused power domains
[    5.747725] KTAP version 1
[    5.750446] 1..0
[    5.774536] VFS: Mounted root (nfs filesystem) on device 0:17.
[    5.781497] devtmpfs: mounted
[    5.786211] Freeing unused kernel image (initmem) memory: 1024K
[    5.793005] Run /sbin/init as init process
[    6.483822] systemd[1]: System time before build time, advancing clock.
[    7.981229] random: crng init done
[    8.013870] systemd[1]: systemd 232 running in system mode. (+PAM +AUDIT +SELINUX +IMA +APPARMOR +SMACK +SYSVINIT +UTMP +LIBCRYPTSETUP +GCRYPT +GNUTLS +ACL +XZ +LZ4 +SECCOMP +BLKID +ELFUTILS +KMOD +IDN)
[    8.032967] systemd[1]: Detected architecture arm.

Welcome to [1mDebian GNU/Linux 9 (stretch)[0m!

[    8.064361] systemd[1]: Set hostname to <arm>.
[    9.165602] systemd[1]: Listening on Syslog Socket.
[[0;32m  OK  [0m] Listening on Syslog Socket.
[    9.192822] systemd[1]: Created slice User and Session Slice.
[[0;32m  OK  [0m] Created slice User and Session Slice.
[    9.222174] systemd[1]: Started Forward Password Requests to Wall Directory Watch.
[[0;32m  OK  [0m] Started Forward Password Requests to Wall Directory Watch.
[    9.252089] systemd[1]: Started Dispatch Password Requests to Console Directory Watch.
[[0;32m  OK  [0m] Started Dispatch Password Requests to Console Directory Watch.
[    9.281577] systemd[1]: Reached target Encrypted Volumes.
[[0;32m  OK  [0m] Reached target Encrypted Volumes.
[    9.312508] systemd[1]: Created slice System Slice.
[[0;32m  OK  [0m] Created slice System Slice.
[    9.341735] systemd[1]: dev-hugepages.mount: Couldn't determine result for ConditionVirtualization=!private-users, assuming failed: No such file or directory
[[0;32m  OK  [0m] Listening on /dev/initctl Compatibility Named Pipe.
[[0;32m  OK  [0m] Reached target Slices.
[[0;32m  OK  [0m] Set up automount Arbitrary Executabâ€¦rmats File System Automount Point.
[[0;32m  OK  [0m] Listening on Journal Audit Socket.
[[0;32m  OK  [0m] Reached target Remote File Systems.
[[0;32m  OK  [0m] Reached target Paths.
[[0;32m  OK  [0m] Listening on udev Control Socket.
         Mounting Debug File System...
[[0;32m  OK  [0m] Listening on udev Kernel Socket.
[[0;32m  OK  [0m] Reached target Swap.
         Mounting POSIX Message Queue File System...
[[0;32m  OK  [0m] Listening on Journal Socket.
         Starting Remount Root and Kernel File Systems...
         Starting Create list of required stâ€¦ce nodes for the current kernel...
         Starting Load Kernel Modules...
[[0;32m  OK  [0m] Listening on Journal Socket (/dev/log).
         Starting Journal Service...
[[0;32m  OK  [0m] Created slice system-getty.slice.
[[0;32m  OK  [0m] Created slice system-serial\x2dgetty.slice.
[[0;32m  OK  [0m] Mounted POSIX Message Queue File System.
[[0;32m  OK  [0m] Mounted Debug File System.
[[0;32m  OK  [0m] Started Remount Root and Kernel File Systems.
[[0;32m  OK  [0m] Started Create list of required staâ€¦vice nodes for the current kernel.
         Starting Create Static Device Nodes in /dev...
         Starting Load/Save Random Seed...
         Starting udev Coldplug all Devices...
[[0;32m  OK  [0m] Started Load Kernel Modules.
         Starting Apply Kernel Variables...
         Mounting Configuration File System...
[[0;32m  OK  [0m] Mounted Configuration File System.
[[0;32m  OK  [0m] Started Load/Save Random Seed.
[[0;32m  OK  [0m] Started Apply Kernel Variables.
[[0;32m  OK  [0m] Started Create Static Device Nodes in /dev.
         Starting udev Kernel Device Manager...
[[0;32m  OK  [0m] Reached target Local File Systems (Pre).
[[0;32m  OK  [0m] Reached target Local File Systems.
         Starting Raise network interfaces...
[[0;32m  OK  [0m] Started Journal Service.
         Starting Flush Journal to Persistent Storage...
[   11.650092] systemd-journald[90]: Received request to flush runtime journal from PID 1
[[0;32m  OK  [0m] Started Flush Journal to Persistent Storage.
         Starting Create Volatile Files and Directories...
[[0;32m  OK  [0m] Started udev Kernel Device Manager.
[[0;32m  OK  [0m] Started Create Volatile Files and Directories.
         Starting Network Time Synchronization...
         Starting Update UTMP about System Boot/Shutdown...
[[0;32m  OK  [0m] Started Update UTMP about System Boot/Shutdown.
[[0;32m  OK  [0m] Started udev Coldplug all Devices.
[   14.661871] remoteproc remoteproc0: wkup_m3 is available
[   14.824589] at24 2-0054: supply vcc not found, using dummy regulator
[   14.980205] at24 2-0055: supply vcc not found, using dummy regulator
[   15.105783] at24 2-0056: supply vcc not found, using dummy regulator
[[0;32m  OK  [0m] Found device /dev/ttyS0.
[[0;32m  OK  [0m] Started Network Time Synchronization.
[   15.214246] tps6521x_pwrbutton tps65217-pwrbutton: DMA mask not set
[   15.259870] at24 2-0057: supply vcc not found, using dummy regulator
[   15.321646] input: tps65217_pwrbutton as /devices/platform/ocp/44c00000.interconnect/44c00000.interconnect:segment@200000/44e0b000.target-module/44e0b000.i2c/i2c-0/0-0024/tps65217-pwrbutton/input/input0
[   15.355893] at24 0-0050: 32768 byte 24c256 EEPROM, writable, 1 bytes/write
[[0;32m  OK  [0m] Reached target System Initialization.
[[0;32m  OK  [0m] Started Daily Cleanup of Temporary Directories.
[[0;32m  OK  [0m] Listening on D-Bus System Message Bus Socket.
[[0;32m  OK  [0m] Listening on Avahi mDNS/DNS-SD Stack Activation Socket.
[[0;32m  OK  [0m] Reached target Sockets.
[[0;32m  OK  [0m] Reached target Basic System.
[   15.704758] omap_rtc 44e3e000.rtc: registered as rtc0
[   15.709939] omap_rtc 44e3e000.rtc: setting system clock to 2000-01-01T00:00:00 UTC (946684800)
         Starting Generic Board Startup...
[   15.785479] wkup_m3_ipc 44e11324.wkup_m3_ipc: IPC Request for A8->M3 Channel failed! -517
[   15.845912] omap_wdt: OMAP Watchdog Timer Rev 0x01: initial timeout 60 sec
[   15.857344] wkup_m3_ipc 44e11324.wkup_m3_ipc: IPC Request for A8->M3 Channel failed! -517
         Starting Login Service...
[   16.009723] wkup_m3_ipc 44e11324.wkup_m3_ipc: IPC Request for A8->M3 Channel failed! -517
         Starting Cape Manager Service...
         Starting LSB: Start busybox udhcpd at boot time...
[   16.244401] am335x-phy-driver 47401300.usb-phy: dummy supplies not allowed for exclusive requests (id=vbus)
         Starting System Logging Service...
[   16.452333] am335x-phy-driver 47401b00.usb-phy: dummy supplies not allowed for exclusive requests (id=vbus)
[   16.463522] wkup_m3_ipc 44e11324.wkup_m3_ipc: IPC Request for A8->M3 Channel failed! -517
[   16.645782] wkup_m3_ipc 44e11324.wkup_m3_ipc: IPC Request for A8->M3 Channel failed! -517
[   16.654968] usbcore: registered new interface driver usbfs
[   16.660596] usbcore: registered new interface driver hub
[   16.666154] usbcore: registered new device driver usb
[[0;32m  OK  [0m] Started Regular background program processing daemon.
[   16.815865] tda998x 0-0070: found TDA19988
         Starting DUN service...
[   16.954711] wkup_m3_ipc 44e11324.wkup_m3_ipc: IPC Request for A8->M3 Channel failed! -517
         Starting Avahi mDNS/DNS-SD Stack...
[[0;32m  OK  [0m] Started D-Bus System Message Bus.
[   17.312784] wkup_m3_ipc 44e11324.wkup_m3_ipc: IPC Request for A8->M3 Channel failed! -517
[   17.471461] musb-hdrc musb-hdrc.1: MUSB HDRC host driver
[   17.476887] musb-hdrc musb-hdrc.1: new USB bus registered, assigned bus number 1
[   17.502268] wkup_m3_ipc 44e11324.wkup_m3_ipc: IPC Request for A8->M3 Channel failed! -517
[   17.791677] usb usb1: New USB device found, idVendor=1d6b, idProduct=0002, bcdDevice= 6.12
[   17.800045] usb usb1: New USB device strings: Mfr=3, Product=2, SerialNumber=1
[   17.807436] usb usb1: Product: MUSB HDRC host driver
[   17.812694] usb usb1: Manufacturer: Linux 6.12.0-rc2 musb-hcd
[   17.818481] usb usb1: SerialNumber: musb-hdrc.1
[   18.030642] omap-mailbox 480c8000.mailbox: omap mailbox rev 0x400
