Labgrid Console Logfile for main
Logfile started at 2025-11-24 10:13:30.043830
=== Log starts here ===
reading args
spl_load_image_fat_os: error reading image args, err - -1
reading u-boot.img
reading u-boot.img


U-Boot 2014.04-00014-g47880f5 (Apr 22 2014 - 13:23:54)

I2C:   ready
DRAM:  512 MiB
NAND:  0 MiB
MMC:   OMAP SD/MMC: 0, OMAP SD/MMC: 1
*** Warning - readenv() failed, using default environment

Net:   <ethaddr> not set. Validating first E-fuse MAC
cpsw, usb_ether
Hit any key to stop autoboot:  1  0 
gpio: pin 53 (gpio 53) value is 1
mmc0 is current device
gpio: pin 54 (gpio 54) value is 1
SD/MMC found on device 0
reading uEnv.txt
569 bytes read in 4 ms (138.7 KiB/s)
gpio: pin 55 (gpio 55) value is 1
Loaded environment from uEnv.txt
Importing environment from mmc ...
Checking if uenvcmd is set ...
gpio: pin 56 (gpio 56) value is 1
Running uenvcmd ...
cpsw Waiting for PHY auto negotiation to complete. done
link up on port 0, speed 100, full duplex
Using cpsw device
TFTP from server 192.168.255.126; our IP address is 192.168.255.1
Filename 'zImage'.
Load address: 0x81000000
Loading: *#################################################################
	 #################################################################
	 #################################################################
	 #################################################################
	 #################################################################
	 #################################################################
	 2.4 MiB/s
done
Bytes transferred = 5716176 (5738d0 hex)
link up on port 0, speed 100, full duplex
Using cpsw device
TFTP from server 192.168.255.126; our IP address is 192.168.255.1
Filename 'am335x-boneblack.dtb'.
Load address: 0x82000000
Loading: *#######
	 2.3 MiB/s
done
Bytes transferred = 98077 (17f1d hex)
Kernel image @ 0x81000000 [ 0x000000 - 0x5738d0 ]
## Flattened Device Tree blob at 82000000
   Booting using the fdt blob at 0x82000000
   Using Device Tree in place at 82000000, end 8201af1c

Starting kernel ...

[    0.000000] Booting Linux on physical CPU 0x0
[    0.000000] Linux version 6.18.0-rc6-next-20251121 (user01@drvtest01) (arm-none-eabi-gcc (Arm GNU Toolchain 14.2.Rel1 (Build arm-14.52)) 14.2.1 20241119, GNU ld (Arm GNU Toolchain 14.2.Rel1 (Build arm-14.52)) 2.43.1.20241119) #1 SMP Mon Nov 24 10:11:42 EET 2025
[    0.000000] CPU: ARMv7 Processor [413fc082] revision 2 (ARMv7), cr=10c5387d
[    0.000000] CPU: PIPT / VIPT nonaliasing data cache, VIPT aliasing instruction cache
[    0.000000] OF: fdt: Machine model: TI AM335x BeagleBone Black
[    0.000000] Memory policy: Data cache writeback
[    0.000000] cma: Reserved 16 MiB at 0x9e800000
[    0.000000] Zone ranges:
[    0.000000]   Normal   [mem 0x0000000080000000-0x000000009fdfffff]
[    0.000000]   HighMem  empty
[    0.000000] Movable zone start for each node
[    0.000000] Early memory node ranges
[    0.000000]   node   0: [mem 0x0000000080000000-0x000000009fdfffff]
[    0.000000] Initmem setup node 0 [mem 0x0000000080000000-0x000000009fdfffff]
[    0.000000] On node 0, zone Normal: 512 pages in unavailable ranges
[    0.000000] OF: reserved mem: Reserved memory: No reserved-memory node in the DT
[    0.000000] CPU: All CPU(s) started in SVC mode.
[    0.000000] AM335X ES2.1 (sgx neon)
[    0.000000] percpu: Embedded 17 pages/cpu s40204 r8192 d21236 u69632
[    0.000000] Kernel command line: console=ttyO0,115200n8 root=/dev/nfs rw nfsroot=192.168.255.126:/home/user01/nfs,nfsvers=3 ip=192.168.255.1:192.168.255.126::255.255.255.0:bbb1:eth0 nfsrootdebug
[    0.000000] Unknown kernel command line parameters "nfsrootdebug", will be passed to user space.
[    0.000000] printk: log buffer data + meta data: 65536 + 204800 = 270336 bytes
[    0.000000] Dentry cache hash table entries: 65536 (order: 6, 262144 bytes, linear)
[    0.000000] Inode-cache hash table entries: 32768 (order: 5, 131072 bytes, linear)
[    0.000000] Built 1 zonelists, mobility grouping on.  Total pages: 130560
[    0.000000] mem auto-init: stack:off, heap alloc:off, heap free:off
[    0.000000] SLUB: HWalign=16, Order=0-3, MinObjects=0, CPUs=1, Nodes=1
[    0.000000] rcu: Hierarchical RCU implementation.
[    0.000000] rcu: 	RCU event tracing is enabled.
[    0.000000] rcu: 	RCU restricting CPUs from NR_CPUS=2 to nr_cpu_ids=1.
[    0.000000] 	Tracing variant of Tasks RCU enabled.
[    0.000000] rcu: RCU calculated value of scheduler-enlistment delay is 10 jiffies.
[    0.000000] rcu: Adjusting geometry for rcu_fanout_leaf=16, nr_cpu_ids=1
[    0.000000] RCU Tasks Trace: Setting shift to 0 and lim to 1 rcu_task_cb_adjust=1 rcu_task_cpu_ids=1.
[    0.000000] NR_IRQS: 16, nr_irqs: 16, preallocated irqs: 16
[    0.000000] IRQ: Found an INTC at 0x(ptrval) (revision 5.0) with 128 interrupts
[    0.000000] rcu: srcu_init: Setting srcu_struct sizes based on contention.
[    0.000000] TI gptimer clocksource: always-on /ocp/interconnect@44c00000/segment@200000/target-module@31000
[    0.000003] sched_clock: 32 bits at 24MHz, resolution 41ns, wraps every 89478484971ns
[    0.000026] clocksource: dmtimer: mask: 0xffffffff max_cycles: 0xffffffff, max_idle_ns: 79635851949 ns
[    0.000566] TI gptimer clockevent: 24000000 Hz at /ocp/interconnect@48000000/segment@0/target-module@40000
[    0.002148] Console: colour dummy device 80x30
[    0.002214] WARNING: Your 'console=ttyO0' has been replaced by 'ttyS0'
[    0.002223] This ensures that you still see kernel messages. Please
[    0.002227] update your kernel commandline.
[    0.002267] Calibrating delay loop... 996.14 BogoMIPS (lpj=4980736)
[    0.090684] CPU: Testing write buffer coherency: ok
[    0.090766] CPU0: Spectre v2: using BPIALL workaround
[    0.090776] pid_max: default: 32768 minimum: 301
[    0.091093] Mount-cache hash table entries: 1024 (order: 0, 4096 bytes, linear)
[    0.091115] Mountpoint-cache hash table entries: 1024 (order: 0, 4096 bytes, linear)
[    0.092704] CPU0: thread -1, cpu 0, socket -1, mpidr 0
[    0.092760] cacheinfo: Unable to detect cache hierarchy for CPU 0
[    0.094765] Setting up static identity map for 0x80100000 - 0x80100078
[    0.095081] rcu: Hierarchical SRCU implementation.
[    0.095090] rcu: 	Max phase no-delay instances is 1000.
[    0.095567] Timer migration: 1 hierarchy levels; 8 children per group; 1 crossnode level
[    0.096866] smp: Bringing up secondary CPUs ...
[    0.096919] smp: Brought up 1 node, 1 CPU
[    0.096933] SMP: Total of 1 processors activated (996.14 BogoMIPS).
[    0.096944] CPU: All CPU(s) started in SVC mode.
[    0.097185] Memory: 479964K/522240K available (12288K kernel code, 1231K rwdata, 2956K rodata, 1024K init, 255K bss, 24364K reserved, 16384K cma-reserved, 0K highmem)
[    0.098048] devtmpfs: initialized
[    0.115394] VFP support v0.3: implementor 41 architecture 3 part 30 variant c rev 3
[    0.116065] clocksource: jiffies: mask: 0xffffffff max_cycles: 0xffffffff, max_idle_ns: 19112604462750000 ns
[    0.116125] posixtimers hash table entries: 2048 (order: 2, 16384 bytes, linear)
[    0.116179] futex hash table entries: 1024 (65536 bytes on 1 NUMA nodes, total 64 KiB, linear).
[    0.119363] NET: Registered PF_NETLINK/PF_ROUTE protocol family
[    0.122497] DMA: preallocated 256 KiB pool for atomic coherent allocations
[    0.123465] audit: initializing netlink subsys (disabled)
[    0.124833] thermal_sys: Registered thermal governor 'fair_share'
[    0.124848] thermal_sys: Registered thermal governor 'step_wise'
[    0.124857] thermal_sys: Registered thermal governor 'user_space'
[    0.124972] audit: type=2000 audit(0.120:1): state=initialized audit_enabled=0 res=1
[    0.125039] cpuidle: using governor menu
[    0.143046] /ocp/interconnect@44c00000/segment@200000/target-module@b000/i2c@0/tda19988@70: Fixed dependency cycle(s) with /ocp/interconnect@48000000/segment@300000/target-module@e000/lcdc@0
[    0.144128] /ocp/interconnect@48000000/segment@300000/target-module@e000/lcdc@0: Fixed dependency cycle(s) with /ocp/interconnect@44c00000/segment@200000/target-module@b000/i2c@0/tda19988@70
[    0.146300] No ATAGs?
[    0.146339] hw-breakpoint: debug architecture 0x4 unsupported.
[    0.149007] kprobes: kprobe jump-optimization is enabled. All kprobes are optimized if possible.
[    0.163883] iommu: Default domain type: Translated
[    0.163906] iommu: DMA domain TLB invalidation policy: strict mode
[    0.166700] SCSI subsystem initialized
[    0.167550] pps_core: LinuxPPS API ver. 1 registered
[    0.167561] pps_core: Software ver. 5.3.6 - Copyright 2005-2007 Rodolfo Giometti <giometti@linux.it>
[    0.167587] PTP clock support registered
[    0.180964] vgaarb: loaded
[    0.181373] clocksource: Switched to clocksource dmtimer
[    0.182002] VFS: Disk quotas dquot_6.6.0
[    0.182064] VFS: Dquot-cache hash table entries: 1024 (order 0, 4096 bytes)
[    0.206182] NET: Registered PF_INET protocol family
[    0.206523] IP idents hash table entries: 8192 (order: 4, 65536 bytes, linear)
[    0.207972] tcp_listen_portaddr_hash hash table entries: 512 (order: 0, 4096 bytes, linear)
[    0.208009] Table-perturb hash table entries: 65536 (order: 6, 262144 bytes, linear)
[    0.208027] TCP established hash table entries: 4096 (order: 2, 16384 bytes, linear)
[    0.208075] TCP bind hash table entries: 4096 (order: 4, 65536 bytes, linear)
[    0.208175] TCP: Hash tables configured (established 4096 bind 4096)
[    0.208297] UDP hash table entries: 256 (order: 2, 14336 bytes, linear)
[    0.208330] UDP-Lite hash table entries: 256 (order: 2, 14336 bytes, linear)
[    0.208535] NET: Registered PF_UNIX/PF_LOCAL protocol family
[    0.209739] RPC: Registered named UNIX socket transport module.
[    0.209760] RPC: Registered udp transport module.
[    0.209765] RPC: Registered tcp transport module.
[    0.209769] RPC: Registered tcp-with-tls transport module.
[    0.209774] RPC: Registered tcp NFSv4.1 backchannel transport module.
[    0.209797] PCI: CLS 0 bytes, default 64
[    0.211231] Initialise system trusted keyrings
[    0.221843] workingset: timestamp_bits=14 max_order=17 bucket_order=3
[    0.223316] NFS: Registering the id_resolver key type
[    0.223377] Key type id_resolver registered
[    0.223384] Key type id_legacy registered
[    0.223497] jffs2: version 2.2. (NAND) (SUMMARY)  Â© 2001-2006 Red Hat, Inc.
[    0.224053] Key type asymmetric registered
[    0.224070] Asymmetric key parser 'x509' registered
[    0.224140] io scheduler mq-deadline registered
[    0.224150] io scheduler kyber registered
[    0.224231] io scheduler bfq registered
[    0.226051] target-module@4b000000:target-module@140000:pmu@0:fck: device ID is greater than 24
[    0.227192] ledtrig-cpu: registered to indicate activity on CPUs
[    0.242033] Serial: 8250/16550 driver, 6 ports, IRQ sharing enabled
[    0.296928] brd: module loaded
[    0.305437] loop: module loaded
[    0.306360] mtdoops: mtd device (mtddev=name/number) must be supplied
[    0.316258] i2c_dev: i2c /dev entries driver
[    0.317282] cpuidle: enable-method property 'ti,am3352' found operations
[    0.317738] sdhci: Secure Digital Host Controller Interface driver
[    0.317748] sdhci: Copyright(c) Pierre Ossman
[    0.317930] sdhci-pltfm: SDHCI platform and OF driver helper
[    0.319053] hw perfevents: unable to set irq affinity (irq=17, cpu=0)
[    0.319068] hw perfevents: unable to request IRQ17 for ARM PMU counters
[    0.319095] armv7-pmu target-module@4b000000:target-module@140000:pmu@0: probe with driver armv7-pmu failed with error -22
[    0.319589] Initializing XFRM netlink socket
[    0.319757] NET: Registered PF_INET6 protocol family
[    0.335512] Segment Routing with IPv6
[    0.335600] In-situ OAM (IOAM) with IPv6
[    0.335699] sit: IPv6, IPv4 and MPLS over IPv4 tunneling driver
[    0.336690] NET: Registered PF_PACKET protocol family
[    0.336709] PFKEY is deprecated and scheduled to be removed in 2027, please contact the netdev mailing list
[    0.336736] NET: Registered PF_KEY protocol family
[    0.336877] Key type dns_resolver registered
[    0.337114] ThumbEE CPU extension supported.
[    0.337133] Registering SWP/SWPB emulation handler
[    0.337654] omap_voltage_late_init: Voltage driver support not added
[    0.338309] SmartReflex Class3 initialized
[    0.363745] Loading compiled-in X.509 certificates
[    0.392481] /ocp/interconnect@44c00000/segment@200000/target-mod ule@b000/i2c@0/tda19988@70: Fixed dependency cycle(s) with /ocp/interconnect@48000000/segment@300000/target-module@e000/lcdc@0
[    0.398926] /ocp/interconnect@44c00000/segment@200000/target-module@b000/i2c@0/tda19988@70: Fixed dependency cycle(s) with /ocp/interconnect@48000000/segment@300000/target-module@e000/lcdc@0
[    0.420967] /ocp/interconnect@44c00000/segment@200000/target-module@b000/i2c@0/tda19988@70: Fixed dependency cycle(s) with /ocp/interconnect@48000000/segment@300000/target-module@e000/ lcdc@0
[    0.422134] /ocp/interconnect@44c00000/segment@200000/target-module@b000/i2c@0/tda19988@70: Fixed dependency cycle(s) with /ocp/interconnect@48000000/segment@300000/target-module@e000/lcdc@0
[    0.425734] /ocp/interconnect@44c00000/segment@200000/target-module@10000/scm@0/pinmux@800: Fixed dependency cycle(s) with /ocp/interconnect@44c00000/segment@200000/target-module@10000/scm@0/pinmux@800/clkout2-pins
[    0.426360] pinctrl-single 44e10800.pinmux: 142 pins, size 568
[    0.469524] /ocp/interconnect@48000000/segment@300000/target-module@e000/lcdc@0: Fixed dependency cycle(s) with /ocp/interconnect@44c00000/segment@200000/target-module@b000/i2c@0/tda19988@70
[    0.515226] OMAP GPIO hardware version 0.1
[    0.563390] omap_i2c 4819c000.i2c: bus 2 rev0.11 at 100 kHz
[    0.597575] 48000000.interconnect:segment@200000:target-module@0:mpu@0:fck: device ID is greater than 24
[    0.598512] /ocp/interconnect@48000000/segment@300000/target-module@e000/lcdc@0: Fixed dependency cycle(s) with /ocp/interconnect@44c00000/segment@200000/target-module@b000/i2c@0/tda19988@70
[    0.601583] /ocp/interconnect@48000000/segment@300000/target-module@e000/lcdc@0: Fixed dependency cycle(s) with /ocp/interconnect@44c00000/segment@200000/target-module@b000/i2c@0/tda19988@70
[    0.602406] /ocp/interconnect@44c00000/segment@200000/target-module@b000/i2c@0/tda19988@70: Fixed dependency cycle(s) with /ocp/interconnect@48000000/segment@300000/target-module@e000/lcdc@0
[    0.602600] /ocp/interconnect@48000000/segment
[    2.482336] tps65217-pmic: Failed to locate of_node [id: -1]
[    2.488392] tps65217-bl: Failed to locate of_node [id: -1]
[    2.495898] platform tps65217-charger: DMA mask not set
[    2.502938] platform tps65217-pwrbutton: DMA mask not set
[    2.510761] tps65217 0-0024: TPS65217 ID 0xe version 1.2
[    2.516856] /ocp/interconnect@48000000/segment@300000/target-module@e000/lcdc@0: Fixed dependency cycle(s) with /ocp/interconnect@44c00000/segment@200000/target-module@b000/i2c@0/tda19988@70
[    2.534292] /ocp/interconnect@44c00000/segment@200000/target-module@b000/i2c@0/tda19988@70: Fixed dependency cycle(s) with /ocp/interconnect@48000000/segment@300000/target-module@e000/lcdc@0
[    2.551668] omap_i2c 44e0b000.i2c: bus 0 rev0.11 at 400 kHz
[    2.559757] omap_gpio 44e07000.gpio: Could not set line 6 debounce to 200000 microseconds (-22)
[    2.568656] sdhci-omap 48060000.mmc: Got CD GPIO
[    2.573709] sdhci-omap 48060000.mmc: supply pbias not found, using dummy regulator
[    2.584325] sdhci-omap 48060000.mmc: supply vqmmc not found, using dummy regulator
[    2.593352] sdhci-omap 481d8000.mmc: supply pbias not found, using dummy regulator
[    2.601878] sdhci-omap 481d8000.mmc: supply vqmmc not found, using dummy regulator
[    2.638272] mmc1: SDHCI controller on 481d8000.mmc [481d8000.mmc] using External DMA
[    2.646709] mmc0: SDHCI controller on 48060000.mmc [48060000.mmc] using External DMA
[    2.655565] cpsw-switch 4a100000.switch: starting ndev. mode: dual_mac
[    2.721723] mmc1: new high speed MMC card at address 0001
[    2.728549] mmcblk1: mmc1:0001 MMC04G 3.60 GiB
[    2.736375]  mmcblk1: p1 p2
[    2.740268] SMSC LAN8710/LAN8720 4a101000.mdio:00: attached PHY driver (mii_bus:phy_addr=4a101000.mdio:00, irq=POLL)
[    2.751823] mmcblk1boot0: mmc1:0001 MMC04G 2.00 MiB
[    2.766098] mmcblk1boot1: mmc1:0001 MMC04G 2.00 MiB
[    2.774928] mmcblk1rpmb: mmc1:0001 MMC04G 128 KiB, chardev (249:0)
[    2.824879] mmc0: new high speed SDHC card at address aaaa
[    2.831831] mmcblk0: mmc0:aaaa SE32G 29.7 GiB
[    2.840827]  mmcblk0: p1 p2
[    5.922141] cpsw-switch 4a100000.switch eth0: Link is Up - 100Mbps/Full - flow control off
[    5.961617] IP-Config: Complete:
[    5.964893]      device=eth0, hwaddr=6c:ec:eb:68:de:78, ipaddr=192.168.255.1, mask=255.255.255.0, gw=255.255.255.255
[    5.975561]      host=bbb1, domain=, nis-domain=(none)
[    5.980730]      bootserver=192.168.255.126, rootserver=192.168.255.126, rootpath=
[    5.981158] clk: Disabling unused clocks
[    5.992995] PM: genpd: Disabling unused power domains
[    5.998167] KTAP version 1
[    6.000893] 1..0
[    6.003533] check access for rdinit=/init failed: -2, ignoring
[    6.031906] VFS: Mounted root (nfs filesystem) on device 0:17.
[    6.038804] devtmpfs: mounted
[    6.043665] Freeing unused kernel image (initmem) memory: 1024K
[    6.050295] Run /sbin/init as init process
[    6.762191] systemd[1]: System time before build time, advancing clock.
[    8.321371] random: crng init done
[    8.343992] systemd[1]: systemd 232 running in system mode. (+PAM +AUDIT +SELINUX +IMA +APPARMOR +SMACK +SYSVINIT +UTMP +LIBCRYPTSETUP +GCRYPT +GNUTLS +ACL +XZ +LZ4 +SECCOMP +BLKID +ELFUTILS +KMOD +IDN)
[    8.363109] systemd[1]: Detected architecture arm.

Welcome to [1mDebian GNU/Linux 9 (stretch)[0m!

[    8.394460] systemd[1]: Set hostname to <arm>.
[    9.516452] systemd[1]: Reached target Remote File Systems.
[[0;32m  OK  [0m] Reached target Remote File Systems.
[    9.545539] systemd[1]: Listening on /dev/initctl Compatibility Named Pipe.
[[0;32m  OK  [0m] Listening on /dev/initctl Compatibility Named Pipe.
[    9.572495] systemd[1]: Listening on Journal Audit Socket.
[[0;32m  OK  [0m] Listening on Journal Audit Socket.
[    9.603396] systemd[1]: Listening on udev Control Socket.
[[0;32m  OK  [0m] Listening on udev Control Socket.
[    9.632317] systemd[1]: Started Dispatch Password Requests to Console Directory Watch.
[[0;32m  OK  [0m] Started Dispatch Password Requests to Console Directory Watch.
[    9.661995] systemd[1]: Listening on udev Kernel Socket.
[[0;32m  OK  [0m] Listening on udev Kernel Socket.
[    9.692139] systemd[1]: Started Forward Password Requests to Wall Directory Watch.
[[0;32m  OK  [0m] Started Forward Password Requests to Wall Directory Watch.
[[0;32m  OK  [0m] Listening on Journal Socket.
[[0;32m  OK  [0m] Set up automount Arbitrary Executabâ€¦rmats File System Automount Point.
[[0;32m  OK  [0m] Created slice System Slice.
         Mounting POSIX Message Queue File System...
         Starting Remount Root and Kernel File Systems...
[[0;32m  OK  [0m] Created slice system-getty.slice.
[[0;32m  OK  [0m] Created slice system-serial\x2dgetty.slice.
[[0;32m  OK  [0m] Reached target Swap.
[[0;32m  OK  [0m] Reached target Paths.
[[0;32m  OK  [0m] Listening on Journal Socket (/dev/log).
[[0;32m  OK  [0m] Listening on Syslog Socket.
         Starting Journal Service...
[[0;32m  OK  [0m] Created slice User and Session Slice.
[[0;32m  OK  [0m] Reached target Slices.
         Mounting Debug File System...
[[0;32m  OK  [0m] Reached target Encrypted Volumes.
         Starting Load Kernel Modules...
         Starting Create list of required stâ€¦ce nodes for the current kernel...
[[0;32m  OK  [0m] Mounted POSIX Message Queue File System.
[[0;32m  OK  [0m] Mounted Debug File System.
[[0;32m  OK  [0m] Started Remount Root and Kernel File Systems.
[[0;32m  OK  [0m] Started Create list of required staâ€¦vice nodes for the current kernel.
         Starting Create Static Device Nodes in /dev...
         Starting Load/Save Random Seed...
         Starting udev Coldplug all Devices...
[[0;32m  OK  [0m] Started Load Kernel Modules.
         Starting Apply Kernel Variables...
         Mounting Configuration File System...
[[0;32m  OK  [0m] Started Load/Save Random Seed.
[[0;32m  OK  [0m] Mounted Configuration File System.
[[0;32m  OK  [0m] Started Apply Kernel Variables.
[[0;32m  OK  [0m] Started Create Static Device Nodes in /dev.
[[0;32m  OK  [0m] Reached target Local File Systems (Pre).
[[0;32m  OK  [0m] Reached target Local File Systems.
         Starting Raise network interfaces...
         Starting udev Kernel Device Manager...
[[0;32m  OK  [0m] Started Journal Service.
         Starting Flush Journal to Persistent Storage...
[   12.035814] systemd-journald[104]: Received request to flush runtime journal from PID 1
[[0;32m  OK  [0m] Started Flush Journal to Persistent Storage.
         Starting Create Volatile Files and Directories...
[[0;32m  OK  [0m] Started udev Kernel Device Manager.
[   12.647494] omap_prm 44e00d00.prm: sync_state() pending due to 44d00000.cpu
[[0;32m  OK  [0m] Started Create Volatile Files and Directories.
         Starting Network Time Synchronization...
         Starting Update UTMP about System Boot/Shutdown...
[[0;32m  OK  [0m] Started Update UTMP about System Boot/Shutdown.
[[0;32m  OK  [0m] Started udev Coldplug all Devices.
[   15.283632] remoteproc remoteproc0: wkup_m3 is available
[[0;32m  OK  [0m] Started Network Time Synchronization.
[[0;32m  OK  [0m] Reached target System Initialization.
[[0;32m  OK  [0m] Started Daily Cleanup of Temporary Directories.
[   15.563449] at24 2-0054: supply vcc not found, using dummy regulator
[[0;32m  OK  [0m] Listening on Avahi mDNS/DNS-SD Stack Activation Socket.
[[0;32m  OK  [0m] Listening on D-Bus System Message Bus Socket.
[[0;32m  OK  [0m] Reached target Sockets.
[   15.688786] at24 2-0055: supply vcc not found, using dummy regulator
[[0;32m  OK  [0m] Reached target Basic System.
[   15.854554] at24 2-0056: supply vcc not found, using dummy regulator
         Starting Avahi mDNS/DNS-SD Stack...
[   15.975780] at24 2-0057: supply vcc not found, using dummy regulator
         Starting Cape Manager Service...
         Starting LSB: Load kernel modules needed to enable cpuf[   16.133797] at24 0-0050: 4096 byte 24c32 EEPROM, writable, 1 bytes/write
req scaling...
[[0;32m  OK  [0m] Started D-Bus System Message Bus.
[   16.381116] input: tps65217_pwrbutton as /devices/platform/ocp/44c00000.interconnect/44c00000.interconnect:segment@200000/44e0b000.target-module/44e0b000.i2c/i2c-0/0-0024/tps65217-pwrbutton/input/input0
[   16.460384] omap_rtc 44e3e000.rtc: registered as rtc0
[   16.465734] omap_rtc 44e3e000.rtc: setting system clock to 2000-01-01T00:00:00 UTC (946684800)
[   16.820850] omap_wdt: OMAP Watchdog Timer Rev 0x01: initial timeout 60 sec
[   17.214727] am335x-phy-driver 47401300.usb-phy: dummy supplies not allowed for exclusive requests (id=vbus)
[   17.375206] am335x-phy-driver 47401b00.usb-phy: dummy supplies not allowed for exclusive requests (id=vbus)
[   17.452759] usbcore: registered new interface driver usbfs
[   17.458396] usbcore: registered new interface driver hub
[   17.464213] usbcore: registered new device driver usb
[   18.337824] musb-hdrc musb-hdrc.1: MUSB HDRC host driver
[   18.343463] musb-hdrc musb-hdrc.1: new USB bus registered, assigned bus number 1
[   18.478169] tda998x 0-0070: found TDA19988
[   18.538168] usb usb1: New USB device found, idVendor=1d6b, idProduct=0002, bcdDevice= 6.18
[   18.546689] usb usb1: New USB device strings: Mfr=3, Product=2, SerialNumber=1
[   18.554031] usb usb1: Product: MUSB HDRC host driver
[   18.559026] usb usb1: Manufacturer: Linux 6.18.0-rc6-next-20251121 musb-hcd
[   18.566058] usb usb1: SerialNumber: musb-hdrc.1
[   18.697762] omap-mailbox 480c8000.mailbox: omap mailbox rev 0x400
[   18.773619] remoteproc remoteproc0: powering up wkup_m3
[   18.923809] hub 1-0:1.0: USB hub found
[   18.935805] remoteproc remoteproc0: Direct firmware load for am335x-pm-firmware.elf failed with error -2
[   18.945644] remoteproc remoteproc0: request_firmware failed: -2
[   18.951691] wkup_m3_ipc 44e11324.wkup_m3_ipc: rproc_boot failed
[   19.018647] hub 1-0:1.0: 1 port detected
[[0;32m  OK  [0m] Started Avahi mDNS/DNS-SD Stack.
[   21.182089] ------------[ cut here ]------------
[   21.186784] WARNING: net/8021q/vlan_core.c:236 at vlan_for_each+0x114/0x134, CPU#0: avahi-daemon/210
[   21.196042] RTNL: assertion failed at net/8021q/vlan_core.c (236)
[   21.202191] Modules linked in: drm_dma_helper rng_core drm_client_lib snd_soc_davinci_mcasp snd_soc_ti_udma snd_soc_ti_edma snd_soc_ti_sdma snd_soc_core snd_pcm_dmaengine snd_pcm snd_timer snd omap_mailbox soundcore tda998x musb_dsps musb_hdrc cec udc_core drm_kms_helper usbcore phy_am335x phy_generic drm omap_wdt usb_common cppi41 rtc_omap watchdog tps65218_pwrbutton drm_panel_orientation_quirks at24 wkup_m3_ipc phy_am335x_control wkup_m3_rproc leds_gpio led_class cpufreq_dt autofs4
[   21.245513] CPU: 0 UID: 107 PID: 210 Comm: avahi-daemon Not tainted 6.18.0-rc6-next-20251121 #1 NONE 
[   21.245532] Hardware name: Generic AM33XX (Flattened Device Tree)
[   21.245541] Call trace: 
[   21.245557]  unwind_backtrace from show_stack+0x10/0x14
[   21.245593]  show_stack from dump_stack_lvl+0x50/0x64
[   21.245618]  dump_stack_lvl from __warn+0x88/0x148
[   21.245636]  __warn from warn_slowpath_fmt+0x19c/0x1b0
[   21.245650]  warn_slowpath_fmt from vlan_for_each+0x114/0x134
[   21.245667]  vlan_for_each from cpsw_add_mc_addr+0x40/0xa4
[   21.245699]  cpsw_add_mc_addr from __hw_addr_ref_sync_dev+0x108/0x140
[   21.245727]  __hw_addr_ref_sync_dev from __dev_mc_add+0x7c/0x80
[   21.245746]  __dev_mc_add from igmp6_group_added+0xc8/0xe0
[   21.245767]  igmp6_group_added from __ipv6_dev_mc_inc+0x218/0x364
[   21.245781]  __ipv6_dev_mc_inc from __ipv6_sock_mc_join+0x11c/0x1c0
[   21.245794]  __ipv6_sock_mc_join from do_ipv6_setsockopt+0x1214/0x1310
[   21.245819]  do_ipv6_setsockopt from ipv6_setsockopt+0x60/0xcc
[   21.245836]  ipv6_setsockopt from udpv6_setsockopt+0x2c/0x6c
[   21.245857]  udpv6_setsockopt from sock_common_setsockopt+0x30/0x40
[   21.245884]  sock_common_setsockopt from do_sock_setsockopt+0x50/0x9c
[   21.245900]  do_sock_setsockopt from __sys_setsockopt+0x70/0xbc
[   21.245915]  __sys_setsockopt from ret_fast_syscall+0x0/0x58
[   21.245929] Exception stack(0xe03ddfa8 to 0xe03ddff0)
[   21.245943] dfa0:                   00000014 b6fbece8 0000000d 00000029 00000014 befee9ec
[   21.245955] dfc0: 00000014 b6fbece8 00000014 00000126 0000000d b6f67ff4 0049e988 00486558
[   21.245963] dfe0: b6f7d088 befee9d8 b6f5a309 b6e3141a
[   21.245970] ---[ end trace 0000000000000000 ]---
         Starting Connection service...
         Starting Generic Board Startup...
[   21.594608] omap_rng 48310000.rng: Random Number Generator ver. 20
         Starting Login Service...
[   21.779121] tilcdc 4830e000.lcdc: bound 0-0070 (ops tda998x_driver_exit [tda998x])
         Starting LSB: Start busybox udhcpd at boot time...
[   21.904556] [drm] Initialized tilcdc 1.0.0 for 4830e000.lcdc on minor 0
         Starting DUN service...
[   22.020536] tilcdc 4830e000.lcdc: [drm] Cannot find any crtc or sizes
[   22.028876] tilcdc 4830e000.lcdc: [drm] Cannot find any crtc or sizes
         Starting Telephony service...
[[0;32m  OK  [0m] Started Regular background program processing daemon.
         Starting System Logging Service...
[[0;32m  OK  [0m] Reached target System Time Synchronized.
[[0;32m  OK  [0m] Started Daily apt download activities.
[[0;32m  OK  [0m] Started Daily apt upgrade and clean activities.
[[0;32m  OK  [0m] Reached target Timers.
[[0;32m  OK  [0m] Started Cape Manager Service.
[   23.653867] PM: Cannot get wkup_m3_ipc handle
[   23.792978] omap-sham 53100000.sham: hw accel on OMAP rev 4.3
[[0;32m  OK  [0m] Found device /dev/ttyS0.
[   23.907702] omap-sham 53100000.sham: will run requests pump with realtime priority
[   23.922439] PM: Cannot get wkup_m3_ipc handle
[   23.999798] omap-aes 53500000.aes: OMAP AES hw accel rev: 3.2
[   24.124117] omap-aes 53500000.aes: will run requests pump with realtime priority
[   24.134120] PM: Cannot get wkup_m3_ipc handle
[[0;32m  OK  [0m] Started System Logging Service.
[   26.044266] Bluetooth: Core ver 2.22
[   26.048080] NET: Registered PF_BLUETOOTH protocol family
[   26.053702] Bluetooth: HCI device and connection manager initialized
[   26.060126] Bluetooth: HCI socket layer initialized
[   26.065125] Bluetooth: L2CAP socket layer initialized
[   26.070251] Bluetooth: SCO socket layer initialized
[   27.323807] gpio-537 (nxp,calib): gpiod_direction_output_nonotify: tried to set a GPIO tied to an IRQ as output
[   27.456579] PM: Cannot get wkup_m3_ipc handle
[   27.580242] PM: Cannot get wkup_m3_ipc handle
[   27.642729] tda9950 0-0034: TDA9950 CEC interface, hardware version 3.3
[   27.759044] PM: Cannot get wkup_m3_ipc handle
[[0;32m  OK  [0m] Started Raise network interfaces.
[[0;32m  OK  [0m] Started LSB: Start busybox udhcpd at boot time.
[[0;32m  OK  [0m] Started LSB: Load kernel modules needed to enable cpufreq scaling.
[   30.650339] configfs-gadget.g_multi gadget.0: HOST MAC 1c:ba:8c:a2:ed:6c
[   30.657381] configfs-gadget.g_multi gadget.0: MAC 1c:ba:8c:a2:ed:70
[   30.664852] configfs-gadget.g_multi gadget.0: HOST MAC 1c:ba:8c:a2:ed:6c
[   30.671709] configfs-gadget.g_multi gadget.0: MAC 1c:ba:8c:a2:ed:6d
[   30.687472] PM: Cannot get wkup_m3_ipc handle
[[0;32m  OK  [0m] Started DUN service.
[[0;32m  OK  [0m] Started Telephony service.
[[0;32m  OK  [0m] Started Connection service.
[[0;32m  OK  [0m] Started Login Service.
         Starting Hostname Service...
         Starting WPA supplicant...
[[0;32m  OK  [0m] Reached target Sound Card.
         Starting LSB: set CPUFreq kernel parameters...
[[0;32m  OK  [0m] Started Hostname Service.
[[0;32m  OK  [0m] Started WPA supplicant.
[[0;32m  OK  [0m] Reached target Network.
         Starting Permit User Sessions...
[[0;32m  OK  [0m] Reached target Network is Online.
         Starting LSB: Advanced IEEE 802.11 management daemon...
         Starting The Apache HTTP Server...
         Starting OpenBSD Secure Shell server...
[[0;32m  OK  [0m] Started LSB: set CPUFreq kernel parameters.
[[0;32m  OK  [0m] Started Permit User Sessions.
[[0;32m  OK  [0m] Started LSB: Advanced IEEE 802.11 management daemon.
[[0;32m  OK  [0m] Started Getty on tty1.
[[0;32m  OK  [0m] Started Serial Getty on ttyS0.
[[0;32m  OK  [0m] Reached target Login Prompts.
[[0;32m  OK  [0m] Started OpenBSD Secure Shell server.
         Stopping LSB: Start busybox udhcpd at boot time...
[[0;32m  OK  [0m] Stopped LSB: Start busybox udhcpd at boot time.
[[0;32m  OK  [0m] Started The Apache HTTP Server.
         Starting dnsmasq - A lightweight DHCP and caching DNS server...
[[0;32m  OK  [0m] Started dnsmasq - A lightweight DHCP and caching DNS server.
[[0;32m  OK  [0m] Reached target Host and Network Name Lookups.
[[0;32m  OK  [0m] Started Serial Getty on ttyGS0.
[[0;32m  OK  [0m] Started Generic Board Startup.
[[0;32m  OK  [0m] Reached target Multi-User System.
[[0;32m  OK  [0m] Reached target Graphical Interface.
         Starting Update UTMP about System Runlevel Changes...
[[0;32m  OK  [0m] Started Update UTMP about System Runlevel Changes.

Debian GNU/Linux 9 arm ttyS0

default username:password is [debian:temppwd]

arm login: root
Password: 
Last login: Sat Jan  1 00:00:43 UTC 2000 on ttyS0
root
Linux arm 6.18.0-rc6-next-20251121 #1 SMP Mon Nov 24 10:11:42 EET 2025 armv7l

The programs included with the Debian GNU/Linux system are free software;
the exact distribution terms for each program are described in the
individual files in /usr/share/doc/*/copyright.

Debian GNU/Linux comes with ABSOLUTELY NO WARRANTY, to the extent
permitted by applicable law.
root@arm:~# root
-bash: root: command not found
root@arm:~# dmesg -n 1
root@arm:~# echo 'KMAQ''AQEGKE'
KMAQAQEGKE
root@arm:~# run() { echo -n "$MARKER"; sh -c "$@"; echo "$MARKER $?"; }
root@arm:~# echo 'TJOJ''ZVZWAU'
TJOJZVZWAU
root@arm:~# MARKER='ETPP''TMQHXL' run 'cat /proc/version'
ETPPTMQHXLLinux version 6.18.0-rc6-next-20251121 (user01@drvtest01) (arm-none-eabi-gcc (Arm GNU Toolchain 14.2.Rel1 (Build arm-14.52)) 14.2.1 20241119, GNU ld (Arm GNU Toolchain 14.2.Rel1 (Build arm-14.52)) 2.43.1.20241119) #1 SMP Mon Nov 24 10:11:42 EET 2025
ETPPTMQHXL 0
root@arm:~# echo 'XOJJ''SYHWTW'
XOJJSYHWTW
root@arm:~# MARKER='ATZL''VGXPGA' run false
ATZLVGXPGAATZLVGXPGA 1
root@arm:~# Labgrid Console Logfile for main
Logfile started at 2025-11-24 10:14:40.869528
=== Log starts here ===

root@arm:~# run() { echo -n "$MARKER"; sh -c "$@"; echo "$MARKER $?"; }
root@arm:~# echo 'OCEF''XWXOHQ'
OCEFXWXOHQ
root@arm:~# MARKER='VNCN''EFOOQS' run 'ls /iio_generic_buffer; echo $?'
VNCNEFOOQS/iio_generic_buffer
0
VNCNEFOOQS 0
root@arm:~# Labgrid Console Logfile for main
Logfile started at 2025-11-24 10:14:44.248699
=== Log starts here ===

root@arm:~# run() { echo -n "$MARKER"; sh -c "$@"; echo "$MARKER $?"; }
root@arm:~# echo 'FFZZ''TVLCHK'
FFZZTVLCHK
root@arm:~# MARKER='HZWP''UACJFN' run dmesg
HZWPUACJFN[    0.000000] Booting Linux on physical CPU 0x0
[    0.000000] Linux version 6.18.0-rc6-next-20251121 (user01@drvtest01) (arm-none-eabi-gcc (Arm GNU Toolchain 14.2.Rel1 (Build arm-14.52)) 14.2.1 20241119, GNU ld (Arm GNU Toolchain 14.2.Rel1 (Build arm-14.52)) 2.43.1.20241119) #1 SMP Mon Nov 24 10:11:42 EET 2025
[    0.000000] CPU: ARMv7 Processor [413fc082] revision 2 (ARMv7), cr=10c5387d
[    0.000000] CPU: PIPT / VIPT nonaliasing data cache, VIPT aliasing instruction cache
[    0.000000] OF: fdt: Machine model: TI AM335x BeagleBone Black
[    0.000000] Memory policy: Data cache writeback
[    0.000000] cma: Reserved 16 MiB at 0x9e800000
[    0.000000] Zone ranges:
[    0.000000]   Normal   [mem 0x0000000080000000-0x000000009fdfffff]
[    0.000000]   HighMem  empty
[    0.000000] Movable zone start for each node
[    0.000000] Early memory node ranges
[    0.000000]   node   0: [mem 0x0000000080000000-0x000000009fdfffff]
[    0.000000] Initmem setup node 0 [mem 0x0000000080000000-0x000000009fdfffff]
[    0.000000] On node 0, zone Normal: 512 pages in unavailable ranges
[    0.000000] OF: reserved mem: Reserved memory: No reserved-memory node in the DT
[    0.000000] CPU: All CPU(s) started in SVC mode.
[    0.000000] AM335X ES2.1 (sgx neon)
[    0.000000] percpu: Embedded 17 pages/cpu s40204 r8192 d21236 u69632
[    0.000000] pcpu-alloc: s40204 r8192 d21236 u69632 alloc=17*4096
[    0.000000] pcpu-alloc: [0] 0 
[    0.000000] Kernel command line: console=ttyO0,115200n8 root=/dev/nfs rw nfsroot=192.168.255.126:/home/user01/nfs,nfsvers=3 ip=192.168.255.1:192.168.255.126::255.255.255.0:bbb1:eth0 nfsrootdebug
[    0.000000] Unknown kernel command line parameters "nfsrootdebug", will be passed to user space.
[    0.000000] printk: log buffer data + meta data: 65536 + 204800 = 270336 bytes
[    0.000000] Dentry cache hash table entries: 65536 (order: 6, 262144 bytes, linear)
[    0.000000] Inode-cache hash table entries: 32768 (order: 5, 131072 bytes, linear)
[    0.000000] Built 1 zonelists, mobility grouping on.  Total pages: 130560
[    0.000000] mem auto-init: stack:off, heap alloc:off, heap free:off
[    0.000000] SLUB: HWalign=16, Order=0-3, MinObjects=0, CPUs=1, Nodes=1
[    0.000000] rcu: Hierarchical RCU implementation.
[    0.000000] rcu: 	RCU event tracing is enabled.
[    0.000000] rcu: 	RCU restricting CPUs from NR_CPUS=2 to nr_cpu_ids=1.
[    0.000000] 	Tracing variant of Tasks RCU enabled.
[    0.000000] rcu: RCU calculated value of scheduler-enlistment delay is 10 jiffies.
[    0.000000] rcu: Adjusting geometry for rcu_fanout_leaf=16, nr_cpu_ids=1
[    0.000000] RCU Tasks Trace: Setting shift to 0 and lim to 1 rcu_task_cb_adjust=1 rcu_task_cpu_ids=1.
[    0.000000] NR_IRQS: 16, nr_irqs: 16, preallocated irqs: 16
[    0.000000] IRQ: Found an INTC at 0x(ptrval) (revision 5.0) with 128 interrupts
[    0.000000] rcu: srcu_init: Setting srcu_struct sizes based on contention.
[    0.000000] TI gptimer clocksource: always-on /ocp/interconnect@44c00000/segment@200000/target-module@31000
[    0.000003] sched_clock: 32 bits at 24MHz, resolution 41ns, wraps every 89478484971ns
[    0.000026] clocksource: dmtimer: mask: 0xffffffff max_cycles: 0xffffffff, max_idle_ns: 79635851949 ns
[    0.000566] TI gptimer clockevent: 24000000 Hz at /ocp/interconnect@48000000/segment@0/target-module@40000
[    0.002148] Console: colour dummy device 80x30
[    0.002214] WARNING: Your 'console=ttyO0' has been replaced by 'ttyS0'
[    0.002223] This ensures that you still see kernel messages. Please
[    0.002227] update your kernel commandline.
[    0.002267] Calibrating delay loop... 996.14 BogoMIPS (lpj=4980736)
[    0.090684] CPU: Testing write buffer coherency: ok
[    0.090766] CPU0: Spectre v2: using BPIALL workaround
[    0.090776] pid_max: default: 32768 minimum: 301
[    0.091093] Mount-cache hash table entries: 1024 (order: 0, 4096 bytes, linear)
[    0.091115] Mountpoint-cache hash table entries: 1024 (order: 0, 4096 bytes, linear)
[    0.092704] CPU0: thread -1, cpu 0, socket -1, mpidr 0
[    0.092760] cacheinfo: Unable to detect cache hierarchy for CPU 0
[    0.094765] Setting up static identity map for 0x80100000 - 0x80100078
[    0.095081] rcu: Hierarchical SRCU implementation.
[    0.095090] rcu: 	Max phase no-delay instances is 1000.
[    0.095567] Timer migration: 1 hierarchy levels; 8 children per group; 1 crossnode level
[    0.096866] smp: Bringing up secondary CPUs ...
[    0.096919] smp: Brought up 1 node, 1 CPU
[    0.096933] SMP: Total of 1 processors activated (996.14 BogoMIPS).
[    0.096944] CPU: All CPU(s) started in SVC mode.
[    0.097185] Memory: 479964K/522240K available (12288K kernel code, 1231K rwdata, 2956K rodata, 1024K init, 255K bss, 24364K reserved, 16384K cma-reserved, 0K highmem)
[    0.098048] devtmpfs: initialized
[    0.115394] VFP support v0.3: implementor 41 architecture 3 part 30 variant c rev 3
[    0.116065] clocksource: jiffies: mask: 0xffffffff max_cycles: 0xffffffff, max_idle_ns: 19112604462750000 ns
[    0.116125] posixtimers hash table entries: 2048 (order: 2, 16384 bytes, linear)
[    0.116179] futex hash table entries: 1024 (65536 bytes on 1 NUMA nodes, total 64 KiB, linear).
[    0.119363] NET: Registered PF_NETLINK/PF_ROUTE protocol family
[    0.122497] DMA: preallocated 256 KiB pool for atomic coherent allocations
[    0.123465] audit: initializing netlink subsys (disabled)
[    0.124833] thermal_sys: Registered thermal governor 'fair_share'
[    0.124848] thermal_sys: Registered thermal governor 'step_wise'
[    0.124857] thermal_sys: Registered thermal governor 'user_space'
[    0.124972] audit: type=2000 audit(0.120:1): state=initialized audit_enabled=0 res=1
[    0.125039] cpuidle: using governor menu
[    0.143046] /ocp/interconnect@44c00000/segment@200000/target-module@b000/i2c@0/tda19988@70: Fixed dependency cycle(s) with /ocp/interconnect@48000000/segment@300000/target-module@e000/lcdc@0
[    0.144128] /ocp/interconnect@48000000/segment@300000/target-module@e000/lcdc@0: Fixed dependency cycle(s) with /ocp/interconnect@44c00000/segment@200000/target-module@b000/i2c@0/tda19988@70
[    0.146300] No ATAGs?
[    0.146339] hw-breakpoint: debug architecture 0x4 unsupported.
[    0.149007] kprobes: kprobe jump-optimization is enabled. All kprobes are optimized if possible.
[    0.163883] iommu: Default domain type: Translated
[    0.163906] iommu: DMA domain TLB invalidation policy: strict mode
[    0.165486] reg-fixed-voltage fixedregulator0: using DT '/fixedregulator0' for '(default)' GPIO lookup
[    0.165541] of_get_named_gpiod_flags: can't parse 'gpios' property of node '/fixedregulator0[0]'
[    0.165571] of_get_named_gpiod_flags: can't parse 'gpio' property of node '/fixedregulator0[0]'
[    0.165589] reg-fixed-voltage fixedregulator0: using lookup tables for GPIO lookup
[    0.165600] reg-fixed-voltage fixedregulator0: No GPIO consumer (default) found
[    0.166700] SCSI subsystem initialized
[    0.167168] libata version 3.00 loaded.
[    0.167550] pps_core: LinuxPPS API ver. 1 registered
[    0.167561] pps_core: Software ver. 5.3.6 - Copyright 2005-2007 Rodolfo Giometti <giometti@linux.it>
[    0.167587] PTP clock support registered
[    0.180964] vgaarb: loaded
[    0.181373] clocksource: Switched to clocksource dmtimer
[    0.182002] VFS: Disk quotas dquot_6.6.0
[    0.182064] VFS: Dquot-cache hash table entries: 1024 (order 0, 4096 bytes)
[    0.206182] NET: Registered PF_INET protocol family
[    0.206523] IP idents hash table entries: 8192 (order: 4, 65536 bytes, linear)
[    0.207972] tcp_listen_portaddr_hash hash table entries: 512 (order: 0, 4096 bytes, linear)
[    0.208009] Table-perturb hash table entries: 65536 (order: 6, 262144 bytes, linear)
[    0.208027] TCP established hash table entries: 4096 (order: 2, 16384 bytes, linear)
[    0.208075] TCP bind hash table entries: 4096 (order: 4, 65536 bytes, linear)
[    0.208175] TCP: Hash tables configured (established 4096 bind 4096)
[    0.208297] UDP hash table entries: 256 (order: 2, 14336 bytes, linear)
[    0.208330] UDP-Lite hash table entries: 256 (order: 2, 14336 bytes, linear)
[    0.208535] NET: Registered PF_UNIX/PF_LOCAL protocol family
[    0.209739] RPC: Registered named UNIX socket transport module.
[    0.209760] RPC: Registered udp transport module.
[    0.209765] RPC: Registered tcp transport module.
[    0.209769] RPC: Registered tcp-with-tls transport module.
[    0.209774] RPC: Registered tcp NFSv4.1 backchannel transport module.
[    0.209797] PCI: CLS 0 bytes, default 64
[    0.211231] Initialise system trusted keyrings
[    0.221843] workingset: timestamp_bits=14 max_order=17 bucket_order=3
[    0.223316] NFS: Registering the id_resolver key type
[    0.223377] Key type id_resolver registered
[    0.223384] Key type id_legacy registered
[    0.223497] jffs2: version 2.2. (NAND) (SUMMARY)  Â© 2001-2006 Red Hat, Inc.
[    0.224053] Key type asymmetric registered
[    0.224070] Asymmetric key parser 'x509' registered
[    0.224140] io scheduler mq-deadline registered
[    0.224150] io scheduler kyber registered
[    0.224231] io scheduler bfq registered
[    0.226051] target-module@4b000000:target-module@140000:pmu@0:fck: device ID is greater than 24
[    0.227192] ledtrig-cpu: registered to indicate activity on CPUs
[    0.242033] Serial: 8250/16550 driver, 6 ports, IRQ sharing enabled
[    0.296928] brd: module loaded
[    0.305437] loop: module loaded
[    0.306360] mtdoops: mtd device (mtddev=name/number) must be supplied
[    0.314806] mdio_bus fixed-0: using lookup tables for GPIO lookup
[    0.314833] mdio_bus fixed-0: No GPIO consumer reset found
[    0.316258] i2c_dev: i2c /dev entries driver
[    0.317282] cpuidle: enable-method property 'ti,am3352' found operations
[    0.317738] sdhci: Secure Digital Host Controller Interface driver
[    0.317748] sdhci: Copyright(c) Pierre Ossman
[    0.317930] sdhci-pltfm: SDHCI platform and OF driver helper
[    0.319053] hw perfevents: unable to set irq affinity (irq=17, cpu=0)
[    0.319068] hw perfevents: unable to request IRQ17 for ARM PMU counters
[    0.319095] armv7-pmu target-module@4b000000:target-module@140000:pmu@0: probe with driver armv7-pmu failed with error -22
[    0.319589] Initializing XFRM netlink socket
[    0.319757] NET: Registered PF_INET6 protocol family
[    0.335512] Segment Routing with IPv6
[    0.335600] In-situ OAM (IOAM) with IPv6
[    0.335699] sit: IPv6, IPv4 and MPLS over IPv4 tunneling driver
[    0.336690] NET: Registered PF_PACKET protocol family
[    0.336709] PFKEY is deprecated and scheduled to be removed in 2027, please contact the netdev mailing list
[    0.336736] NET: Registered PF_KEY protocol family
[    0.336877] Key type dns_resolver registered
[    0.337114] ThumbEE CPU extension supported.
[    0.337133] Registering SWP/SWPB emulation handler
[    0.337654] omap_voltage_late_init: Voltage driver support not added
[    0.338309] SmartReflex Class3 initialized
[    0.363745] Loading compiled-in X.509 certificates
[    0.392481] /ocp/interconnect@44c00000/segment@200000/target-module@b000/i2c@0/tda19988@70: Fixed dependency cycle(s) with /ocp/interconnect@48000000/segment@300000/target-module@e000/lcdc@0
[    0.398926] /ocp/interconnect@44c00000/segment@200000/target-module@b000/i2c@0/tda19988@70: Fixed dependency cycle(s) with /ocp/interconnect@48000000/segment@300000/target-module@e000/lcdc@0
[    0.404682] gpiochip_find_base_unlocked: found new base at 512
[    0.420967] /ocp/interconnect@44c00000/segment@200000/target-module@b000/i2c@0/tda19988@70: Fixed dependency cycle(s) with /ocp/interconnect@48000000/segment@300000/target-module@e000/lcdc@0
[    0.422134] /ocp/interconnect@44c00000/segment@200000/target-module@b000/i2c@0/tda19988@70: Fixed dependency cycle(s) with /ocp/interconnect@48000000/segment@300000/target-module@e000/lcdc@0
[    0.425734] /ocp/interconnect@44c00000/segment@200000/target-module@10000/scm@0/pinmux@800: Fixed dependency cycle(s) with /ocp/interconnect@44c00000/segment@200000/target-module@10000/scm@0/pinmux@800/clkout2-pins
[    0.426360] pinctrl-single 44e10800.pinmux: 142 pins, size 568
[    0.469524] /ocp/interconnect@48000000/segment@300000/target-module@e000/lcdc@0: Fixed dependency cycle(s) with /ocp/interconnect@44c00000/segment@200000/target-module@b000/i2c@0/tda19988@70
[    0.489560] gpiochip_find_base_unlocked: found new base at 512
[    0.489665] gpio gpiochip0: (gpio-0-31): created GPIO range 0->7 ==> 44e10800.pinmux PIN 0->7
[    0.489686] gpio gpiochip0: (gpio-0-31): created GPIO range 8->11 ==> 44e10800.pinmux PIN 90->93
[    0.489703] gpio gpiochip0: (gpio-0-31): created GPIO range 12->27 ==> 44e10800.pinmux PIN 12->27
[    0.489718] gpio gpiochip0: (gpio-0-31): created GPIO range 28->31 ==> 44e10800.pinmux PIN 30->33
[    0.514890] gpio gpiochip0: (gpio-0-31): added GPIO chardev (254:0)
[    0.515137] gpio gpiochip0: registered GPIOs 512 to 543 on gpio-0-31
[    0.515226] OMAP GPIO hardware version 0.1
[    0.562365] i2c i2c-2: using DT '/ocp/interconnect@48000000/segment@100000/target-module@9c000/i2c@0' for 'scl' GPIO lookup
[    0.562441] of_get_named_gpiod_flags: can't parse 'scl-gpios' property of node '/ocp/interconnect@48000000/segment@100000/target-module@9c000/i2c@0[0]'
[    0.562485] of_get_named_gpiod_flags: can't parse 'scl-gpio' property of node '/ocp/interconnect@48000000/segment@100000/target-module@9c000/i2c@0[0]'
[    0.562522] i2c i2c-2: using lookup tables for GPIO lookup
[    0.562531] i2c i2c-2: No GPIO consumer scl found
[    0.562553] i2c i2c-2: using DT '/ocp/interconnect@48000000/segment@100000/target-module@9c000/i2c@0' for 'sda' GPIO lookup
[    0.562588] of_get_named_gpiod_flags: can't parse 'sda-gpios' property of node '/ocp/interconnect@48000000/segment@100000/target-module@9c000/i2c@0[0]'
[    0.562627] of_get_named_gpiod_flags: can't parse 'sda-gpio' property of node '/ocp/interconnect@48000000/segment@100000/target-module@9c000/i2c@0[0]'
[    0.562658] i2c i2c-2: using lookup tables for GPIO lookup
[    0.562666] i2c i2c-2: No GPIO consumer sda found
[    0.563390] omap_i2c 4819c000.i2c: bus 2 rev0.11 at 100 kHz
[    0.569105] gpiochip_find_base_unlocked: found new base at 544
[    0.569217] gpio gpiochip1: (gpio-32-63): created GPIO range 0->17 ==> 44e10800.pinmux PIN 34->51
[    0.569239] gpio gpiochip1: (gpio-32-63): created GPIO range 18->21 ==> 44e10800.pinmux PIN 77->80
[    0.569255] gpio gpiochip1: (gpio-32-63): created GPIO range 22->31 ==> 44e10800.pinmux PIN 56->65
[    0.570140] gpio gpiochip1: (gpio-32-63): added GPIO chardev (254:1)
[    0.570370] gpio gpiochip1: registered GPIOs 544 to 575 on gpio-32-63
[    0.572855] gpiochip_find_base_unlocked: found new base at 576
[    0.572951] gpio gpiochip2: (gpio-64-95): created GPIO range 0->4 ==> 44e10800.pinmux PIN 66->70
[    0.572971] gpio gpiochip2: (gpio-64-95): created GPIO range 5->6 ==> 44e10800.pinmux PIN 98->99
[    0.572987] gpio gpiochip2: (gpio-64-95): created GPIO range 7->8 ==> 44e10800.pinmux PIN 75->76
[    0.573002] gpio gpiochip2: (gpio-64-95): created GPIO range 13->13 ==> 44e10800.pinmux PIN 141->141
[    0.573018] gpio gpiochip2: (gpio-64-95): created GPIO range 14->21 ==> 44e10800.pinmux PIN 100->107
[    0.591613] gpio gpiochip2: (gpio-64-95): added GPIO chardev (254:2)
[    0.591850] gpio gpiochip2: registered GPIOs 576 to 607 on gpio-64-95
[    0.597575] 48000000.interconnect:segment@200000:target-module@0:mpu@0:fck: device ID is greater than 24
[    0.598512] /ocp/interconnect@48000000/segment@300000/target-module@e000/lcdc@0: Fixed dependency cycle(s) with /ocp/interconnect@44c00000/segment@200000/target-module@b000/i2c@0/tda19988@70
[    0.601583] /ocp/interconnect@48000000/segment@300000/target-module@e000/lcdc@0: Fixed dependency cycle(s) with /ocp/interconnect@44c00000/segment@200000/target-module@b000/i2c@0/tda19988@70
[    0.602406] /ocp/interconnect@44c00000/segment@200000/target-module@b000/i2c@0/tda19988@70: Fixed dependency cycle(s) with /ocp/interconnect@48000000/segment@300000/target-module@e000/lcdc@0
[    0.602600] /ocp/interconnect@48000000/segment@300000/target-module@e000/lcdc@0: Fixed dependency cycle(s) with /ocp/interconnect@44c00000/segment@200000/target-module@b000/i2c@0/tda19988@70
[    0.610203] sdhci-omap 481d8000.mmc: using DT '/ocp/interconnect@48000000/segment@100000/target-module@d8000/mmc@0' for 'wp' GPIO lookup
[    0.610278] of_get_named_gpiod_flags: can't parse 'wp-gpios' property of node '/ocp/interconnect@48000000/segment@100000/target-module@d8000/mmc@0[0]'
[    0.610323] of_get_named_gpiod_flags: can't parse 'wp-gpio' property of node '/ocp/interconnect@48000000/segment@100000/target-module@d8000/mmc@0[0]'
[    0.610360] sdhci-omap 481d8000.mmc: using lookup tables for GPIO lookup
[    0.610370] sdhci-omap 481d8000.mmc: No GPIO consumer wp found
[    0.610565] sdhci-omap 481d8000.mmc: supply pbias not found, using dummy regulator
[    0.612087] sdhci-omap 481d8000.mmc: supply vqmmc not found, using dummy regulator
[    0.618500] mdio_bus 4a101000.mdio: using DT '/ocp/interconnect@4a000000/segment@0/target-module@100000/switch@0/mdio@1000' for 'reset' GPIO lookup
[    0.618575] of_get_named_gpiod_flags: can't parse 'reset-gpios' property of node '/ocp/interconnect@4a000000/segment@0/target-module@100000/switch@0/mdio@1000[0]'
[    0.618622] of_get_named_gpiod_flags: can't parse 'reset-gpio' property of node '/ocp/interconnect@4a000000/segment@0/target-module@100000/switch@0/mdio@1000[0]'
[    0.618670] mdio_bus 4a101000.mdio: using lookup tables for GPIO lookup
[    0.618679] mdio_bus 4a101000.mdio: No GPIO consumer reset found
[    0.665700] davinci_mdio 4a101000.mdio: davinci mdio revision 1.6, bus freq 1000000
[    0.683911] mdio_bus 4a101000.mdio:00: using DT '/ocp/interconnect@4a000000/segment@0/target-module@100000/switch@0/mdio@1000/ethernet-phy@0' for 'reset' GPIO lookup
[    0.684015] of_get_named_gpiod_flags: parsed 'reset-gpios' property of node '/ocp/interconnect@4a000000/segment@0/target-module@100000/switch@0/mdio@1000/ethernet-phy@0[0]' - status (0)
[    0.684175] gpio gpiochip0: Persistence not supported for GPIO 8
[    0.813658] davinci_mdio 4a101000.mdio: phy[0]: device 4a101000.mdio:00, driver SMSC LAN8710/LAN8720
[    0.814449] cpsw-switch 4a100000.switch: initialized cpsw ale version 1.4
[    0.814473] cpsw-switch 4a100000.switch: ALE Table size 1024, Policers 0
[    0.814639] cpsw-switch 4a100000.switch: cpts: overflow check period 500 (jiffies)
[    0.814655] cpsw-switch 4a100000.switch: CPTS: ref_clk_freq:250000000 calc_mult:2147483648 calc_shift:29 error:0 nsec/sec
[    0.814756] cpsw-switch 4a100000.switch: Detected MACID = 6c:ec:eb:68:de:78
[    0.816623] cpsw-switch 4a100000.switch: initialized (regs 0x4a100000, pool size 256) hw_ver:0019010C 1.12 (0)
[    0.829573] debugfs: '49000000.dma' already exists in 'dmaengine'
[    0.829616] edma 49000000.dma: TI EDMA DMA engine driver
[    0.870195] ti-sysc 44e31000.target-module: Failed to create device link (0x180) with supplier ocp for /ocp/interconnect@44c00000/segment@200000/target-module@31000/timer@0
[    0.870259] ti-sysc 48040000.target-module: Failed to create device link (0x180) with supplier ocp for /ocp/interconnect@48000000/segment@0/target-module@40000/timer@0
[    0.871184] gpio-clk clk_mcasp0: using DT '/clk_mcasp0' for 'enable' GPIO lookup
[    0.871253] of_get_named_gpiod_flags: parsed 'enable-gpios' property of node '/clk_mcasp0[0]' - status (0)
[    0.871300] gpio gpiochip0: Persistence not supported for GPIO 27
[    0.872308] gpiochip_find_base_unlocked: found new base at 608
[    0.872422] gpio gpiochip3: (gpio-96-127): created GPIO range 0->7 ==> 44e10800.pinmux PIN 82->89
[    0.872443] gpio gpiochip3: (gpio-96-127): created GPIO range 8->11 ==> 44e10800.pinmux PIN 52->55
[    0.872459] gpio gpiochip3: (gpio-96-127): created GPIO range 12->15 ==> 44e10800.pinmux PIN 94->97
[    0.872474] gpio gpiochip3: (gpio-96-127): created GPIO range 16->17 ==> 44e10800.pinmux PIN 71->72
[    0.872490] gpio gpiochip3: (gpio-96-127): created GPIO range 18->18 ==> 44e10800.pinmux PIN 135->135
[    0.872506] gpio gpiochip3: (gpio-96-127): created GPIO range 19->20 ==> 44e10800.pinmux PIN 108->109
[    0.872523] gpio gpiochip3: (gpio-96-127): created GPIO range 21->21 ==> 44e10800.pinmux PIN 73->73
[    0.872540] gpio gpiochip3: (gpio-96-127): created GPIO range 22->23 ==> 44e10800.pinmux PIN 8->9
[    0.872556] gpio gpiochip3: (gpio-96-127): created GPIO range 26->27 ==> 44e10800.pinmux PIN 10->11
[    0.872574] gpio gpiochip3: (gpio-96-127): created GPIO range 28->28 ==> 44e10800.pinmux PIN 74->74
[    0.872592] gpio gpiochip3: (gpio-96-127): created GPIO range 29->29 ==> 44e10800.pinmux PIN 81->81
[    0.872611] gpio gpiochip3: (gpio-96-127): created GPIO range 30->31 ==> 44e10800.pinmux PIN 28->29
[    0.873739] gpio gpiochip3: (gpio-96-127): added GPIO chardev (254:3)
[    0.873972] gpio gpiochip3: registered GPIOs 608 to 639 on gpio-96-127
[    0.888303] omap8250 44e09000.serial: using DT '/ocp/interconnect@44c00000/segment@200000/target-module@9000/serial@0' for 'rs485-term' GPIO lookup
[    0.888386] of_get_named_gpiod_flags: can't parse 'rs485-term-gpios' property of node '/ocp/interconnect@44c00000/segment@200000/target-module@9000/serial@0[0]'
[    0.888431] of_get_named_gpiod_flags: can't parse 'rs485-term-gpio' property of node '/ocp/interconnect@44c00000/segment@200000/target-module@9000/serial@0[0]'
[    0.888468] omap8250 44e09000.serial: using lookup tables for GPIO lookup
[    0.888477] omap8250 44e09000.serial: No GPIO consumer rs485-term found
[    0.888487] omap8250 44e09000.serial: using DT '/ocp/interconnect@44c00000/segment@200000/target-module@9000/serial@0' for 'rs485-rx-during-tx' GPIO lookup
[    0.888524] of_get_named_gpiod_flags: can't parse 'rs485-rx-during-tx-gpios' property of node '/ocp/interconnect@44c00000/segment@200000/target-module@9000/serial@0[0]'
[    0.888561] of_get_named_gpiod_flags: can't parse 'rs485-rx-during-tx-gpio' property of node '/ocp/interconnect@44c00000/segment@200000/target-module@9000/serial@0[0]'
[    0.888593] omap8250 44e09000.serial: using lookup tables for GPIO lookup
[    0.888601] omap8250 44e09000.serial: No GPIO consumer rs485-rx-during-tx found
[    0.889051] 44e09000.serial: ttyS0 at MMIO 0x44e09000 (irq = 34, base_baud = 3000000) is a 8250
[    0.889171] printk: legacy console [ttyS0] enabled
[    2.463985] i2c i2c-0: using DT '/ocp/interconnect@44c00000/segment@200000/target-module@b000/i2c@0' for 'scl' GPIO lookup
[    2.464075] of_get_named_gpiod_flags: can't parse 'scl-gpios' property of node '/ocp/interconnect@44c00000/segment@200000/target-module@b000/i2c@0[0]'
[    2.464122] of_get_named_gpiod_flags: can't parse 'scl-gpio' property of node '/ocp/interconnect@44c00000/segment@200000/target-module@b000/i2c@0[0]'
[    2.464164] i2c i2c-0: using lookup tables for GPIO lookup
[    2.464178] i2c i2c-0: No GPIO consumer scl found
[    2.464203] i2c i2c-0: using DT '/ocp/interconnect@44c00000/segment@200000/target-module@b000/i2c@0' for 'sda' GPIO lookup
[    2.464243] of_get_named_gpiod_flags: can't parse 'sda-gpios' property of node '/ocp/interconnect@44c00000/segment@200000/target-module@b000/i2c@0[0]'
[    2.464284] of_get_named_gpiod_flags: can't parse 'sda-gpio' property of node '/ocp/interconnect@44c00000/segment@200000/target-module@b000/i2c@0[0]'
[    2.464320] i2c i2c-0: using lookup tables for GPIO lookup
[    2.464332] i2c i2c-0: No GPIO consumer sda found
[    2.482336] tps65217-pmic: Failed to locate of_node [id: -1]
[    2.488392] tps65217-bl: Failed to locate of_node [id: -1]
[    2.495898] platform tps65217-charger: DMA mask not set
[    2.502938] platform tps65217-pwrbutton: DMA mask not set
[    2.510761] tps65217 0-0024: TPS65217 ID 0xe version 1.2
[    2.516856] /ocp/interconnect@48000000/segment@300000/target-module@e000/lcdc@0: Fixed dependency cycle(s) with /ocp/interconnect@44c00000/segment@200000/target-module@b000/i2c@0/tda19988@70
[    2.534292] /ocp/interconnect@44c00000/segment@200000/target-module@b000/i2c@0/tda19988@70: Fixed dependency cycle(s) with /ocp/interconnect@48000000/segment@300000/target-module@e000/lcdc@0
[    2.551668] omap_i2c 44e0b000.i2c: bus 0 rev0.11 at 400 kHz
[    2.559548] sdhci-omap 48060000.mmc: using DT '/ocp/interconnect@48000000/segment@0/target-module@60000/mmc@0' for 'cd' GPIO lookup
[    2.559661] of_get_named_gpiod_flags: parsed 'cd-gpios' property of node '/ocp/interconnect@48000000/segment@0/target-module@60000/mmc@0[0]' - status (0)
[    2.559731] gpio gpiochip3: Persistence not supported for GPIO 6
[    2.559757] omap_gpio 44e07000.gpio: Could not set line 6 debounce to 200000 microseconds (-22)
[    2.568656] sdhci-omap 48060000.mmc: Got CD GPIO
[    2.573343] sdhci-omap 48060000.mmc: using DT '/ocp/interconnect@48000000/segment@0/target-module@60000/mmc@0' for 'wp' GPIO lookup
[    2.573395] of_get_named_gpiod_flags: can't parse 'wp-gpios' property of node '/ocp/interconnect@48000000/segment@0/target-module@60000/mmc@0[0]'
[    2.573440] of_get_named_gpiod_flags: can't parse 'wp-gpio' property of node '/ocp/interconnect@48000000/segment@0/target-module@60000/mmc@0[0]'
[    2.573481] sdhci-omap 48060000.mmc: using lookup tables for GPIO lookup
[    2.573494] sdhci-omap 48060000.mmc: No GPIO consumer wp found
[    2.573709] sdhci-omap 48060000.mmc: supply pbias not found, using dummy regulator
[    2.582621] sdhci-omap 481d8000.mmc: using DT '/ocp/interconnect@48000000/segment@100000/target-module@d8000/mmc@0' for 'wp' GPIO lookup
[    2.582702] of_get_named_gpiod_flags: can't parse 'wp-gpios' property of node '/ocp/interconnect@48000000/segment@100000/target-module@d8000/mmc@0[0]'
[    2.582753] of_get_named_gpiod_flags: can't parse 'wp-gpio' property of node '/ocp/interconnect@48000000/segment@100000/target-module@d8000/mmc@0[0]'
[    2.582794] sdhci-omap 481d8000.mmc: using lookup tables for GPIO lookup
[    2.582809] sdhci-omap 481d8000.mmc: No GPIO consumer wp found
[    2.584325] sdhci-omap 48060000.mmc: supply vqmmc not found, using dummy regulator
[    2.593352] sdhci-omap 481d8000.mmc: supply pbias not found, using dummy regulator
[    2.601878] sdhci-omap 481d8000.mmc: supply vqmmc not found, using dummy regulator
[    2.638272] mmc1: SDHCI controller on 481d8000.mmc [481d8000.mmc] using External DMA
[    2.646709] mmc0: SDHCI controller on 48060000.mmc [48060000.mmc] using External DMA
[    2.655565] cpsw-switch 4a100000.switch: starting ndev. mode: dual_mac
[    2.721723] mmc1: new high speed MMC card at address 0001
[    2.728549] mmcblk1: mmc1:0001 MMC04G 3.60 GiB
[    2.736375]  mmcblk1: p1 p2
[    2.740268] SMSC LAN8710/LAN8720 4a101000.mdio:00: attached PHY driver (mii_bus:phy_addr=4a101000.mdio:00, irq=POLL)
[    2.751823] mmcblk1boot0: mmc1:0001 MMC04G 2.00 MiB
[    2.766098] mmcblk1boot1: mmc1:0001 MMC04G 2.00 MiB
[    2.774928] mmcblk1rpmb: mmc1:0001 MMC04G 128 KiB, chardev (249:0)
[    2.824879] mmc0: new high speed SDHC card at address aaaa
[    2.831831] mmcblk0: mmc0:aaaa SE32G 29.7 GiB
[    2.840827]  mmcblk0: p1 p2
[    5.922141] cpsw-switch 4a100000.switch eth0: Link is Up - 100Mbps/Full - flow control off
[    5.961617] IP-Config: Complete:
[    5.964893]      device=eth0, hwaddr=6c:ec:eb:68:de:78, ipaddr=192.168.255.1, mask=255.255.255.0, gw=255.255.255.255
[    5.975561]      host=bbb1, domain=, nis-domain=(none)
[    5.980730]      bootserver=192.168.255.126, rootserver=192.168.255.126, rootpath=
[    5.981158] clk: Disabling unused clocks
[    5.992995] PM: genpd: Disabling unused power domains
[    5.998167] KTAP version 1
[    6.000893] 1..0
[    6.003533] check access for rdinit=/init failed: -2, ignoring
[    6.031906] VFS: Mounted root (nfs filesystem) on device 0:17.
[    6.038804] devtmpfs: mounted
[    6.043665] Freeing unused kernel image (initmem) memory: 1024K
[    6.050295] Run /sbin/init as init process
[    6.054536]   with arguments:
[    6.054551]     /sbin/init
[    6.054560]     nfsrootdebug
[    6.054569]   with environment:
[    6.054578]     HOME=/
[    6.054587]     TERM=linux
[    6.762191] systemd[1]: System time before build time, advancing clock.
[    8.321371] random: crng init done
[    8.343992] systemd[1]: systemd 232 running in system mode. (+PAM +AUDIT +SELINUX +IMA +APPARMOR +SMACK +SYSVINIT +UTMP +LIBCRYPTSETUP +GCRYPT +GNUTLS +ACL +XZ +LZ4 +SECCOMP +BLKID +ELFUTILS +KMOD +IDN)
[    8.363109] systemd[1]: Detected architecture arm.
[    8.394460] systemd[1]: Set hostname to <arm>.
[    9.516452] systemd[1]: Reached target Remote File Systems.
[    9.545539] systemd[1]: Listening on /dev/initctl Compatibility Named Pipe.
[    9.572495] systemd[1]: Listening on Journal Audit Socket.
[    9.603396] systemd[1]: Listening on udev Control Socket.
[    9.632317] systemd[1]: Started Dispatch Password Requests to Console Directory Watch.
[    9.661995] systemd[1]: Listening on udev Kernel Socket.
[    9.692139] systemd[1]: Started Forward Password Requests to Wall Directory Watch.
[   12.035814] systemd-journald[104]: Received request to flush runtime journal from PID 1
[   12.647494] omap_prm 44e00d00.prm: sync_state() pending due to 44d00000.cpu
[   14.838194] leds-gpio leds: using DT '/leds/led2' for '(default)' GPIO lookup
[   14.838302] of_get_named_gpiod_flags: parsed 'gpios' property of node '/leds/led2[0]' - status (0)
[   14.838363] gpio gpiochip0: Persistence not supported for GPIO 21
[   14.838378] gpio-533 (?): no flags found for GPIO (default)
[   14.878730] leds-gpio leds: using DT '/leds/led3' for '(default)' GPIO lookup
[   14.878975] of_get_named_gpiod_flags: parsed 'gpios' property of node '/leds/led3[0]' - status (0)
[   14.879045] gpio gpiochip0: Persistence not supported for GPIO 22
[   14.879060] gpio-534 (?): no flags found for GPIO (default)
[   14.891891] leds-gpio leds: using DT '/leds/led4' for '(default)' GPIO lookup
[   14.891994] of_get_named_gpiod_flags: parsed 'gpios' property of node '/leds/led4[0]' - status (0)
[   14.892048] gpio gpiochip0: Persistence not supported for GPIO 23
[   14.892064] gpio-535 (?): no flags found for GPIO (default)
[   14.911932] leds-gpio leds: using DT '/leds/led5' for '(default)' GPIO lookup
[   14.912032] of_get_named_gpiod_flags: parsed 'gpios' property of node '/leds/led5[0]' - status (0)
[   14.912088] gpio gpiochip0: Persistence not supported for GPIO 24
[   14.912103] gpio-536 (?): no flags found for GPIO (default)
[   15.283632] remoteproc remoteproc0: wkup_m3 is available
[   15.563449] at24 2-0054: supply vcc not found, using dummy regulator
[   15.688786] at24 2-0055: supply vcc not found, using dummy regulator
[   15.854554] at24 2-0056: supply vcc not found, using dummy regulator
[   15.975780] at24 2-0057: supply vcc not found, using dummy regulator
[   16.133219] at24 0-0050: using DT '/ocp/interconnect@44c00000/segment@200000/target-module@b000/i2c@0/eeprom@50' for 'wp' GPIO lookup
[   16.133332] of_get_named_gpiod_flags: can't parse 'wp-gpios' property of node '/ocp/interconnect@44c00000/segment@200000/target-module@b000/i2c@0/eeprom@50[0]'
[   16.133393] of_get_named_gpiod_flags: can't parse 'wp-gpio' property of node '/ocp/interconnect@44c00000/segment@200000/target-module@b000/i2c@0/eeprom@50[0]'
[   16.133441] at24 0-0050: using lookup tables for GPIO lookup
[   16.133455] at24 0-0050: No GPIO consumer wp found
[   16.133797] at24 0-0050: 4096 byte 24c32 EEPROM, writable, 1 bytes/write
[   16.381116] input: tps65217_pwrbutton as /devices/platform/ocp/44c00000.interconnect/44c00000.interconnect:segment@200000/44e0b000.target-module/44e0b000.i2c/i2c-0/0-0024/tps65217-pwrbutton/input/input0
[   16.460384] omap_rtc 44e3e000.rtc: registered as rtc0
[   16.465734] omap_rtc 44e3e000.rtc: setting system clock to 2000-01-01T00:00:00 UTC (946684800)
[   16.474646] omap_rtc 44e3e000.rtc: using DT '/ocp/interconnect@44c00000/segment@200000/target-module@3e000/rtc@0' for 'wp' GPIO lookup
[   16.474721] of_get_named_gpiod_flags: can't parse 'wp-gpios' property of node '/ocp/interconnect@44c00000/segment@200000/target-module@3e000/rtc@0[0]'
[   16.474773] of_get_named_gpiod_flags: can't parse 'wp-gpio' property of node '/ocp/interconnect@44c00000/segment@200000/target-module@3e000/rtc@0[0]'
[   16.474816] omap_rtc 44e3e000.rtc: using lookup tables for GPIO lookup
[   16.474829] omap_rtc 44e3e000.rtc: No GPIO consumer wp found
[   16.820850] omap_wdt: OMAP Watchdog Timer Rev 0x01: initial timeout 60 sec
[   17.214255] am335x-phy-driver 47401300.usb-phy: using DT '/ocp/target-module@47400000/usb-phy@1300' for 'reset' GPIO lookup
[   17.214354] of_get_named_gpiod_flags: can't parse 'reset-gpios' property of node '/ocp/target-module@47400000/usb-phy@1300[0]'
[   17.214402] of_get_named_gpiod_flags: can't parse 'reset-gpio' property of node '/ocp/target-module@47400000/usb-phy@1300[0]'
[   17.214442] am335x-phy-driver 47401300.usb-phy: using lookup tables for GPIO lookup
[   17.214456] am335x-phy-driver 47401300.usb-phy: No GPIO consumer reset found
[   17.214470] am335x-phy-driver 47401300.usb-phy: using DT '/ocp/target-module@47400000/usb-phy@1300' for 'vbus-detect' GPIO lookup
[   17.214503] of_get_named_gpiod_flags: can't parse 'vbus-detect-gpios' property of node '/ocp/target-module@47400000/usb-phy@1300[0]'
[   17.214535] of_get_named_gpiod_flags: can't parse 'vbus-detect-gpio' property of node '/ocp/target-module@47400000/usb-phy@1300[0]'
[   17.214562] am335x-phy-driver 47401300.usb-phy: using lookup tables for GPIO lookup
[   17.214575] am335x-phy-driver 47401300.usb-phy: No GPIO consumer vbus-detect found
[   17.214727] am335x-phy-driver 47401300.usb-phy: dummy supplies not allowed for exclusive requests (id=vbus)
[   17.374745] am335x-phy-driver 47401b00.usb-phy: using DT '/ocp/target-module@47400000/usb-phy@1b00' for 'reset' GPIO lookup
[   17.374840] of_get_named_gpiod_flags: can't parse 'reset-gpios' property of node '/ocp/target-module@47400000/usb-phy@1b00[0]'
[   17.374885] of_get_named_gpiod_flags: can't parse 'reset-gpio' property of node '/ocp/target-module@47400000/usb-phy@1b00[0]'
[   17.374924] am335x-phy-driver 47401b00.usb-phy: using lookup tables for GPIO lookup
[   17.374938] am335x-phy-driver 47401b00.usb-phy: No GPIO consumer reset found
[   17.374953] am335x-phy-driver 47401b00.usb-phy: using DT '/ocp/target-module@47400000/usb-phy@1b00' for 'vbus-detect' GPIO lookup
[   17.374983] of_get_named_gpiod_flags: can't parse 'vbus-detect-gpios' property of node '/ocp/target-module@47400000/usb-phy@1b00[0]'
[   17.375016] of_get_named_gpiod_flags: can't parse 'vbus-detect-gpio' property of node '/ocp/target-module@47400000/usb-phy@1b00[0]'
[   17.375043] am335x-phy-driver 47401b00.usb-phy: using lookup tables for GPIO lookup
[   17.375054] am335x-phy-driver 47401b00.usb-phy: No GPIO consumer vbus-detect found
[   17.375206] am335x-phy-driver 47401b00.usb-phy: dummy supplies not allowed for exclusive requests (id=vbus)
[   17.452759] usbcore: registered new interface driver usbfs
[   17.458396] usbcore: registered new interface driver hub
[   17.464213] usbcore: registered new device driver usb
[   18.337824] musb-hdrc musb-hdrc.1: MUSB HDRC host driver
[   18.343463] musb-hdrc musb-hdrc.1: new USB bus registered, assigned bus number 1
[   18.478169] tda998x 0-0070: found TDA19988
[   18.538168] usb usb1: New USB device found, idVendor=1d6b, idProduct=0002, bcdDevice= 6.18
[   18.546689] usb usb1: New USB device strings: Mfr=3, Product=2, SerialNumber=1
[   18.554031] usb usb1: Product: MUSB HDRC host driver
[   18.559026] usb usb1: Manufacturer: Linux 6.18.0-rc6-next-20251121 musb-hcd
[   18.566058] usb usb1: SerialNumber: musb-hdrc.1
[   18.697762] omap-mailbox 480c8000.mailbox: omap mailbox rev 0x400
[   18.773619] remoteproc remoteproc0: powering up wkup_m3
[   18.923809] hub 1-0:1.0: USB hub found
[   18.935805] remoteproc remoteproc0: Direct firmware load for am335x-pm-firmware.elf failed with error -2
[   18.945644] remoteproc remoteproc0: request_firmware failed: -2
[   18.951691] wkup_m3_ipc 44e11324.wkup_m3_ipc: rproc_boot failed
[   19.018647] hub 1-0:1.0: 1 port detected
[   21.182089] ------------[ cut here ]------------
[   21.186784] WARNING: net/8021q/vlan_core.c:236 at vlan_for_each+0x114/0x134, CPU#0: avahi-daemon/210
[   21.196042] RTNL: assertion failed at net/8021q/vlan_core.c (236)
[   21.202191] Modules linked in: drm_dma_helper rng_core drm_client_lib snd_soc_davinci_mcasp snd_soc_ti_udma snd_soc_ti_edma snd_soc_ti_sdma snd_soc_core snd_pcm_dmaengine snd_pcm snd_timer snd omap_mailbox soundcore tda998x musb_dsps musb_hdrc cec udc_core drm_kms_helper usbcore phy_am335x phy_generic drm omap_wdt usb_common cppi41 rtc_omap watchdog tps65218_pwrbutton drm_panel_orientation_quirks at24 wkup_m3_ipc phy_am335x_control wkup_m3_rproc leds_gpio led_class cpufreq_dt autofs4
[   21.245513] CPU: 0 UID: 107 PID: 210 Comm: avahi-daemon Not tainted 6.18.0-rc6-next-20251121 #1 NONE 
[   21.245532] Hardware name: Generic AM33XX (Flattened Device Tree)
[   21.245541] Call trace: 
[   21.245557]  unwind_backtrace from show_stack+0x10/0x14
[   21.245593]  show_stack from dump_stack_lvl+0x50/0x64
[   21.245618]  dump_stack_lvl from __warn+0x88/0x148
[   21.245636]  __warn from warn_slowpath_fmt+0x19c/0x1b0
[   21.245650]  warn_slowpath_fmt from vlan_for_each+0x114/0x134
[   21.245667]  vlan_for_each from cpsw_add_mc_addr+0x40/0xa4
[   21.245699]  cpsw_add_mc_addr from __hw_addr_ref_sync_dev+0x108/0x140
[   21.245727]  __hw_addr_ref_sync_dev from __dev_mc_add+0x7c/0x80
[   21.245746]  __dev_mc_add from igmp6_group_added+0xc8/0xe0
[   21.245767]  igmp6_group_added from __ipv6_dev_mc_inc+0x218/0x364
[   21.245781]  __ipv6_dev_mc_inc from __ipv6_sock_mc_join+0x11c/0x1c0
[   21.245794]  __ipv6_sock_mc_join from do_ipv6_setsockopt+0x1214/0x1310
[   21.245819]  do_ipv6_setsockopt from ipv6_setsockopt+0x60/0xcc
[   21.245836]  ipv6_setsockopt from udpv6_setsockopt+0x2c/0x6c
[   21.245857]  udpv6_setsockopt from sock_common_setsockopt+0x30/0x40
[   21.245884]  sock_common_setsockopt from do_sock_setsockopt+0x50/0x9c
[   21.245900]  do_sock_setsockopt from __sys_setsockopt+0x70/0xbc
[   21.245915]  __sys_setsockopt from ret_fast_syscall+0x0/0x58
[   21.245929] Exception stack(0xe03ddfa8 to 0xe03ddff0)
[   21.245943] dfa0:                   00000014 b6fbece8 0000000d 00000029 00000014 befee9ec
[   21.245955] dfc0: 00000014 b6fbece8 00000014 00000126 0000000d b6f67ff4 0049e988 00486558
[   21.245963] dfe0: b6f7d088 befee9d8 b6f5a309 b6e3141a
[   21.245970] ---[ end trace 0000000000000000 ]---
[   21.594608] omap_rng 48310000.rng: Random Number Generator ver. 20
[   21.779121] tilcdc 4830e000.lcdc: bound 0-0070 (ops tda998x_driver_exit [tda998x])
[   21.904556] [drm] Initialized tilcdc 1.0.0 for 4830e000.lcdc on minor 0
[   22.020536] tilcdc 4830e000.lcdc: [drm] Cannot find any crtc or sizes
[   22.028876] tilcdc 4830e000.lcdc: [drm] Cannot find any crtc or sizes
[   23.653867] PM: Cannot get wkup_m3_ipc handle
[   23.792978] omap-sham 53100000.sham: hw accel on OMAP rev 4.3
[   23.907702] omap-sham 53100000.sham: will run requests pump with realtime priority
[   23.922439] PM: Cannot get wkup_m3_ipc handle
[   23.999798] omap-aes 53500000.aes: OMAP AES hw accel rev: 3.2
[   24.124117] omap-aes 53500000.aes: will run requests pump with realtime priority
[   24.134120] PM: Cannot get wkup_m3_ipc handle
[   26.044266] Bluetooth: Core ver 2.22
[   26.048080] NET: Registered PF_BLUETOOTH protocol family
[   26.053702] Bluetooth: HCI device and connection manager initialized
[   26.060126] Bluetooth: HCI socket layer initialized
[   26.065125] Bluetooth: L2CAP socket layer initialized
[   26.070251] Bluetooth: SCO socket layer initialized
[   27.312947] tda998x 0-0070: using DT '/ocp/interconnect@44c00000/segment@200000/target-module@b000/i2c@0/tda19988@70' for 'nxp,calib' GPIO lookup
[   27.313089] of_get_named_gpiod_flags: parsed 'nxp,calib-gpios' property of node '/ocp/interconnect@44c00000/segment@200000/target-module@b000/i2c@0/tda19988@70[0]' - status (0)
[   27.313196] gpio gpiochip0: Persistence not supported for GPIO 25
[   27.313213] gpio-537 (nxp,calib): no flags found for GPIO nxp,calib
[   27.323807] gpio-537 (nxp,calib): gpiod_direction_output_nonotify: tried to set a GPIO tied to an IRQ as output
[   27.456579] PM: Cannot get wkup_m3_ipc handle
[   27.462566] asoc-simple-card sound: using DT '/sound' for 'simple-audio-card,hp-det' GPIO lookup
[   27.462644] of_get_named_gpiod_flags: can't parse 'simple-audio-card,hp-det-gpios' property of node '/sound[0]'
[   27.462679] of_get_named_gpiod_flags: can't parse 'simple-audio-card,hp-det-gpio' property of node '/sound[0]'
[   27.462705] asoc-simple-card sound: using lookup tables for GPIO lookup
[   27.462719] asoc-simple-card sound: No GPIO consumer simple-audio-card,hp-det found
[   27.462733] asoc-simple-card sound: using DT '/sound' for 'simple-audio-card,mic-det' GPIO lookup
[   27.462758] of_get_named_gpiod_flags: can't parse 'simple-audio-card,mic-det-gpios' property of node '/sound[0]'
[   27.462785] of_get_named_gpiod_flags: can't parse 'simple-audio-card,mic-det-gpio' property of node '/sound[0]'
[   27.462805] asoc-simple-card sound: using lookup tables for GPIO lookup
[   27.462817] asoc-simple-card sound: No GPIO consumer simple-audio-card,mic-det found
[   27.580242] PM: Cannot get wkup_m3_ipc handle
[   27.642729] tda9950 0-0034: TDA9950 CEC interface, hardware version 3.3
[   27.759044] PM: Cannot get wkup_m3_ipc handle
[   30.410364] userial_init: registered 8 ttyGS* devices
[   30.599696] rndis_register: configNr = 0
[   30.649076] udc musb-hdrc.0: binding gadget driver [g_multi]
[   30.649176] configfs-gadget.g_multi gadget.0: adding 'rndis'/b68c2dcb to config 'c'/3a5a4f2a
[   30.650339] configfs-gadget.g_multi gadget.0: HOST MAC 1c:ba:8c:a2:ed:6c
[   30.657381] configfs-gadget.g_multi gadget.0: MAC 1c:ba:8c:a2:ed:70
[   30.663842] rndis_set_param_medium: 0 0
[   30.663866] configfs-gadget.g_multi gadget.0: RNDIS: IN/ep1in OUT/ep1out NOTIFY/ep2in
[   30.663884] configfs-gadget.g_multi gadget.0: adding 'cdc_ethernet'/b52b2b08 to config 'c'/3a5a4f2a
[   30.664852] configfs-gadget.g_multi gadget.0: HOST MAC 1c:ba:8c:a2:ed:6c
[   30.671709] configfs-gadget.g_multi gadget.0: MAC 1c:ba:8c:a2:ed:6d
[   30.678045] configfs-gadget.g_multi gadget.0: CDC Ethernet: IN/ep3in OUT/ep2out NOTIFY/ep4in
[   30.678063] configfs-gadget.g_multi gadget.0: adding 'acm'/f03e5747 to config 'c'/3a5a4f2a
[   30.678099] configfs-gadget.g_multi gadget.0: acm ttyGS0: IN/ep5in OUT/ep3out NOTIFY/ep6in
[   30.687472] PM: Cannot get wkup_m3_ipc handle
[   32.473274] configfs-gadget.g_multi gadget.0: eth_open
[   36.643771] gs_open: ttyGS0 (657ab21f,ce7865b3)
[   36.643927] gs_close: ttyGS0 (657ab21f,ce7865b3) ...
[   36.643951] gs_close: ttyGS0 (657ab21f,ce7865b3) done!
[   36.644118] gs_open: ttyGS0 (e61f5f7a,ce7865b3)
[   36.644190] gs_close: ttyGS0 (e61f5f7a,ce7865b3) ...
[   36.644207] gs_close: ttyGS0 (e61f5f7a,ce7865b3) done!
[   36.773595] gs_open: ttyGS0 (92accb09,9c25699d)
[   36.773875] gs_close: ttyGS0 (92accb09,9c25699d) ...
[   36.773907] gs_close: ttyGS0 (92accb09,9c25699d) done!
[   36.776195] gs_open: ttyGS0 (92accb09,4c597f18)
HZWPUACJFN 0
root@arm:~# echo 'SAXE''YLOSTX'
SAXEYLOSTX
root@arm:~# MARKER='XGFL''OAHYHS' run 'modprobe test_linear_ranges'
XGFLOAHYHSXGFLOAHYHS 0
root@arm:~# echo 'HJXY''GFYBCN'
HJXYGFYBCN
root@arm:~# MARKER='OSJS''NXVQJA' run dmesg
OSJSNXVQJA[    0.000000] Booting Linux on physical CPU 0x0
[    0.000000] Linux version 6.18.0-rc6-next-20251121 (user01@drvtest01) (arm-none-eabi-gcc (Arm GNU Toolchain 14.2.Rel1 (Build arm-14.52)) 14.2.1 20241119, GNU ld (Arm GNU Toolchain 14.2.Rel1 (Build arm-14.52)) 2.43.1.20241119) #1 SMP Mon Nov 24 10:11:42 EET 2025
[    0.000000] CPU: ARMv7 Processor [413fc082] revision 2 (ARMv7), cr=10c5387d
[    0.000000] CPU: PIPT / VIPT nonaliasing data cache, VIPT aliasing instruction cache
[    0.000000] OF: fdt: Machine model: TI AM335x BeagleBone Black
[    0.000000] Memory policy: Data cache writeback
[    0.000000] cma: Reserved 16 MiB at 0x9e800000
[    0.000000] Zone ranges:
[    0.000000]   Normal   [mem 0x0000000080000000-0x000000009fdfffff]
[    0.000000]   HighMem  empty
[    0.000000] Movable zone start for each node
[    0.000000] Early memory node ranges
[    0.000000]   node   0: [mem 0x0000000080000000-0x000000009fdfffff]
[    0.000000] Initmem setup node 0 [mem 0x0000000080000000-0x000000009fdfffff]
[    0.000000] On node 0, zone Normal: 512 pages in unavailable ranges
[    0.000000] OF: reserved mem: Reserved memory: No reserved-memory node in the DT
[    0.000000] CPU: All CPU(s) started in SVC mode.
[    0.000000] AM335X ES2.1 (sgx neon)
[    0.000000] percpu: Embedded 17 pages/cpu s40204 r8192 d21236 u69632
[    0.000000] pcpu-alloc: s40204 r8192 d21236 u69632 alloc=17*4096
[    0.000000] pcpu-alloc: [0] 0 
[    0.000000] Kernel command line: console=ttyO0,115200n8 root=/dev/nfs rw nfsroot=192.168.255.126:/home/user01/nfs,nfsvers=3 ip=192.168.255.1:192.168.255.126::255.255.255.0:bbb1:eth0 nfsrootdebug
[    0.000000] Unknown kernel command line parameters "nfsrootdebug", will be passed to user space.
[    0.000000] printk: log buffer data + meta data: 65536 + 204800 = 270336 bytes
[    0.000000] Dentry cache hash table entries: 65536 (order: 6, 262144 bytes, linear)
[    0.000000] Inode-cache hash table entries: 32768 (order: 5, 131072 bytes, linear)
[    0.000000] Built 1 zonelists, mobility grouping on.  Total pages: 130560
[    0.000000] mem auto-init: stack:off, heap alloc:off, heap free:off
[    0.000000] SLUB: HWalign=16, Order=0-3, MinObjects=0, CPUs=1, Nodes=1
[    0.000000] rcu: Hierarchical RCU implementation.
[    0.000000] rcu: 	RCU event tracing is enabled.
[    0.000000] rcu: 	RCU restricting CPUs from NR_CPUS=2 to nr_cpu_ids=1.
[    0.000000] 	Tracing variant of Tasks RCU enabled.
[    0.000000] rcu: RCU calculated value of scheduler-enlistment delay is 10 jiffies.
[    0.000000] rcu: Adjusting geometry for rcu_fanout_leaf=16, nr_cpu_ids=1
[    0.000000] RCU Tasks Trace: Setting shift to 0 and lim to 1 rcu_task_cb_adjust=1 rcu_task_cpu_ids=1.
[    0.000000] NR_IRQS: 16, nr_irqs: 16, preallocated irqs: 16
[    0.000000] IRQ: Found an INTC at 0x(ptrval) (revision 5.0) with 128 interrupts
[    0.000000] rcu: srcu_init: Setting srcu_struct sizes based on contention.
[    0.000000] TI gptimer clocksource: always-on /ocp/interconnect@44c00000/segment@200000/target-module@31000
[    0.000003] sched_clock: 32 bits at 24MHz, resolution 41ns, wraps every 89478484971ns
[    0.000026] clocksource: dmtimer: mask: 0xffffffff max_cycles: 0xffffffff, max_idle_ns: 79635851949 ns
[    0.000566] TI gptimer clockevent: 24000000 Hz at /ocp/interconnect@48000000/segment@0/target-module@40000
[    0.002148] Console: colour dummy device 80x30
[    0.002214] WARNING: Your 'console=ttyO0' has been replaced by 'ttyS0'
[    0.002223] This ensures that you still see kernel messages. Please
[    0.002227] update your kernel commandline.
[    0.002267] Calibrating delay loop... 996.14 BogoMIPS (lpj=4980736)
[    0.090684] CPU: Testing write buffer coherency: ok
[    0.090766] CPU0: Spectre v2: using BPIALL workaround
[    0.090776] pid_max: default: 32768 minimum: 301
[    0.091093] Mount-cache hash table entries: 1024 (order: 0, 4096 bytes, linear)
[    0.091115] Mountpoint-cache hash table entries: 1024 (order: 0, 4096 bytes, linear)
[    0.092704] CPU0: thread -1, cpu 0, socket -1, mpidr 0
[    0.092760] cacheinfo: Unable to detect cache hierarchy for CPU 0
[    0.094765] Setting up static identity map for 0x80100000 - 0x80100078
[    0.095081] rcu: Hierarchical SRCU implementation.
[    0.095090] rcu: 	Max phase no-delay instances is 1000.
[    0.095567] Timer migration: 1 hierarchy levels; 8 children per group; 1 crossnode level
[    0.096866] smp: Bringing up secondary CPUs ...
[    0.096919] smp: Brought up 1 node, 1 CPU
[    0.096933] SMP: Total of 1 processors activated (996.14 BogoMIPS).
[    0.096944] CPU: All CPU(s) started in SVC mode.
[    0.097185] Memory: 479964K/522240K available (12288K kernel code, 1231K rwdata, 2956K rodata, 1024K init, 255K bss, 24364K reserved, 16384K cma-reserved, 0K highmem)
[    0.098048] devtmpfs: initialized
[    0.115394] VFP support v0.3: implementor 41 architecture 3 part 30 variant c rev 3
[    0.116065] clocksource: jiffies: mask: 0xffffffff max_cycles: 0xffffffff, max_idle_ns: 19112604462750000 ns
[    0.116125] posixtimers hash table entries: 2048 (order: 2, 16384 bytes, linear)
[    0.116179] futex hash table entries: 1024 (65536 bytes on 1 NUMA nodes, total 64 KiB, linear).
[    0.119363] NET: Registered PF_NETLINK/PF_ROUTE protocol family
[    0.122497] DMA: preallocated 256 KiB pool for atomic coherent allocations
[    0.123465] audit: initializing netlink subsys (disabled)
[    0.124833] thermal_sys: Registered thermal governor 'fair_share'
[    0.124848] thermal_sys: Registered thermal governor 'step_wise'
[    0.124857] thermal_sys: Registered thermal governor 'user_space'
[    0.124972] audit: type=2000 audit(0.120:1): state=initialized audit_enabled=0 res=1
[    0.125039] cpuidle: using governor menu
[    0.143046] /ocp/interconnect@44c00000/segment@200000/target-module@b000/i2c@0/tda19988@70: Fixed dependency cycle(s) with /ocp/interconnect@48000000/segment@300000/target-module@e000/lcdc@0
[    0.144128] /ocp/interconnect@48000000/segment@300000/target-module@e000/lcdc@0: Fixed dependency cycle(s) with /ocp/interconnect@44c00000/segment@200000/target-module@b000/i2c@0/tda19988@70
[    0.146300] No ATAGs?
[    0.146339] hw-breakpoint: debug architecture 0x4 unsupported.
[    0.149007] kprobes: kprobe jump-optimization is enabled. All kprobes are optimized if possible.
[    0.163883] iommu: Default domain type: Translated
[    0.163906] iommu: DMA domain TLB invalidation policy: strict mode
[    0.165486] reg-fixed-voltage fixedregulator0: using DT '/fixedregulator0' for '(default)' GPIO lookup
[    0.165541] of_get_named_gpiod_flags: can't parse 'gpios' property of node '/fixedregulator0[0]'
[    0.165571] of_get_named_gpiod_flags: can't parse 'gpio' property of node '/fixedregulator0[0]'
[    0.165589] reg-fixed-voltage fixedregulator0: using lookup tables for GPIO lookup
[    0.165600] reg-fixed-voltage fixedregulator0: No GPIO consumer (default) found
[    0.166700] SCSI subsystem initialized
[    0.167168] libata version 3.00 loaded.
[    0.167550] pps_core: LinuxPPS API ver. 1 registered
[    0.167561] pps_core: Software ver. 5.3.6 - Copyright 2005-2007 Rodolfo Giometti <giometti@linux.it>
[    0.167587] PTP clock support registered
[    0.180964] vgaarb: loaded
[    0.181373] clocksource: Switched to clocksource dmtimer
[    0.182002] VFS: Disk quotas dquot_6.6.0
[    0.182064] VFS: Dquot-cache hash table entries: 1024 (order 0, 4096 bytes)
[    0.206182] NET: Registered PF_INET protocol family
[    0.206523] IP idents hash table entries: 8192 (order: 4, 65536 bytes, linear)
[    0.207972] tcp_listen_portaddr_hash hash table entries: 512 (order: 0, 4096 bytes, linear)
[    0.208009] Table-perturb hash table entries: 65536 (order: 6, 262144 bytes, linear)
[    0.208027] TCP established hash table entries: 4096 (order: 2, 16384 bytes, linear)
[    0.208075] TCP bind hash table entries: 4096 (order: 4, 65536 bytes, linear)
[    0.208175] TCP: Hash tables configured (established 4096 bind 4096)
[    0.208297] UDP hash table entries: 256 (order: 2, 14336 bytes, linear)
[    0.208330] UDP-Lite hash table entries: 256 (order: 2, 14336 bytes, linear)
[    0.208535] NET: Registered PF_UNIX/PF_LOCAL protocol family
[    0.209739] RPC: Registered named UNIX socket transport module.
[    0.209760] RPC: Registered udp transport module.
[    0.209765] RPC: Registered tcp transport module.
[    0.209769] RPC: Registered tcp-with-tls transport module.
[    0.209774] RPC: Registered tcp NFSv4.1 backchannel transport module.
[    0.209797] PCI: CLS 0 bytes, default 64
[    0.211231] Initialise system trusted keyrings
[    0.221843] workingset: timestamp_bits=14 max_order=17 bucket_order=3
[    0.223316] NFS: Registering the id_resolver key type
[    0.223377] Key type id_resolver registered
[    0.223384] Key type id_legacy registered
[    0.223497] jffs2: version 2.2. (NAND) (SUMMARY)  Â© 2001-2006 Red Hat, Inc.
[    0.224053] Key type asymmetric registered
[    0.224070] Asymmetric key parser 'x509' registered
[    0.224140] io scheduler mq-deadline registered
[    0.224150] io scheduler kyber registered
[    0.224231] io scheduler bfq registered
[    0.226051] target-module@4b000000:target-module@140000:pmu@0:fck: device ID is greater than 24
[    0.227192] ledtrig-cpu: registered to indicate activity on CPUs
[    0.242033] Serial: 8250/16550 driver, 6 ports, IRQ sharing enabled
[    0.296928] brd: module loaded
[    0.305437] loop: module loaded
[    0.306360] mtdoops: mtd device (mtddev=name/number) must be supplied
[    0.314806] mdio_bus fixed-0: using lookup tables for GPIO lookup
[    0.314833] mdio_bus fixed-0: No GPIO consumer reset found
[    0.316258] i2c_dev: i2c /dev entries driver
[    0.317282] cpuidle: enable-method property 'ti,am3352' found operations
[    0.317738] sdhci: Secure Digital Host Controller Interface driver
[    0.317748] sdhci: Copyright(c) Pierre Ossman
[    0.317930] sdhci-pltfm: SDHCI platform and OF driver helper
[    0.319053] hw perfevents: unable to set irq affinity (irq=17, cpu=0)
[    0.319068] hw perfevents: unable to request IRQ17 for ARM PMU counters
[    0.319095] armv7-pmu target-module@4b000000:target-module@140000:pmu@0: probe with driver armv7-pmu failed with error -22
[    0.319589] Initializing XFRM netlink socket
[    0.319757] NET: Registered PF_INET6 protocol family
[    0.335512] Segment Routing with IPv6
[    0.335600] In-situ OAM (IOAM) with IPv6
[    0.335699] sit: IPv6, IPv4 and MPLS over IPv4 tunneling driver
[    0.336690] NET: Registered PF_PACKET protocol family
[    0.336709] PFKEY is deprecated and scheduled to be removed in 2027, please contact the netdev mailing list
[    0.336736] NET: Registered PF_KEY protocol family
[    0.336877] Key type dns_resolver registered
[    0.337114] ThumbEE CPU extension supported.
[    0.337133] Registering SWP/SWPB emulation handler
[    0.337654] omap_voltage_late_init: Voltage driver support not added
[    0.338309] SmartReflex Class3 initialized
[    0.363745] Loading compiled-in X.509 certificates
[    0.392481] /ocp/interconnect@44c00000/segment@200000/target-module@b000/i2c@0/tda19988@70: Fixed dependency cycle(s) with /ocp/interconnect@48000000/segment@300000/target-module@e000/lcdc@0
[    0.398926] /ocp/interconnect@44c00000/segment@200000/target-module@b000/i2c@0/tda19988@70: Fixed dependency cycle(s) with /ocp/interconnect@48000000/segment@300000/target-module@e000/lcdc@0
[    0.404682] gpiochip_find_base_unlocked: found new base at 512
[    0.420967] /ocp/interconnect@44c00000/segment@200000/target-module@b000/i2c@0/tda19988@70: Fixed dependency cycle(s) with /ocp/interconnect@48000000/segment@300000/target-module@e000/lcdc@0
[    0.422134] /ocp/interconnect@44c00000/segment@200000/target-module@b000/i2c@0/tda19988@70: Fixed dependency cycle(s) with /ocp/interconnect@48000000/segment@300000/target-module@e000/lcdc@0
[    0.425734] /ocp/interconnect@44c00000/segment@200000/target-module@10000/scm@0/pinmux@800: Fixed dependency cycle(s) with /ocp/interconnect@44c00000/segment@200000/target-module@10000/scm@0/pinmux@800/clkout2-pins
[    0.426360] pinctrl-single 44e10800.pinmux: 142 pins, size 568
[    0.469524] /ocp/interconnect@48000000/segment@300000/target-module@e000/lcdc@0: Fixed dependency cycle(s) with /ocp/interconnect@44c00000/segment@200000/target-module@b000/i2c@0/tda19988@70
[    0.489560] gpiochip_find_base_unlocked: found new base at 512
[    0.489665] gpio gpiochip0: (gpio-0-31): created GPIO range 0->7 ==> 44e10800.pinmux PIN 0->7
[    0.489686] gpio gpiochip0: (gpio-0-31): created GPIO range 8->11 ==> 44e10800.pinmux PIN 90->93
[    0.489703] gpio gpiochip0: (gpio-0-31): created GPIO range 12->27 ==> 44e10800.pinmux PIN 12->27
[    0.489718] gpio gpiochip0: (gpio-0-31): created GPIO range 28->31 ==> 44e10800.pinmux PIN 30->33
[    0.514890] gpio gpiochip0: (gpio-0-31): added GPIO chardev (254:0)
[    0.515137] gpio gpiochip0: registered GPIOs 512 to 543 on gpio-0-31
[    0.515226] OMAP GPIO hardware version 0.1
[    0.562365] i2c i2c-2: using DT '/ocp/interconnect@48000000/segment@100000/target-module@9c000/i2c@0' for 'scl' GPIO lookup
[    0.562441] of_get_named_gpiod_flags: can't parse 'scl-gpios' property of node '/ocp/interconnect@48000000/segment@100000/target-module@9c000/i2c@0[0]'
[    0.562485] of_get_named_gpiod_flags: can't parse 'scl-gpio' property of node '/ocp/interconnect@48000000/segment@100000/target-module@9c000/i2c@0[0]'
[    0.562522] i2c i2c-2: using lookup tables for GPIO lookup
[    0.562531] i2c i2c-2: No GPIO consumer scl found
[    0.562553] i2c i2c-2: using DT '/ocp/interconnect@48000000/segment@100000/target-module@9c000/i2c@0' for 'sda' GPIO lookup
[    0.562588] of_get_named_gpiod_flags: can't parse 'sda-gpios' property of node '/ocp/interconnect@48000000/segment@100000/target-module@9c000/i2c@0[0]'
[    0.562627] of_get_named_gpiod_flags: can't parse 'sda-gpio' property of node '/ocp/interconnect@48000000/segment@100000/target-module@9c000/i2c@0[0]'
[    0.562658] i2c i2c-2: using lookup tables for GPIO lookup
[    0.562666] i2c i2c-2: No GPIO consumer sda found
[    0.563390] omap_i2c 4819c000.i2c: bus 2 rev0.11 at 100 kHz
[    0.569105] gpiochip_find_base_unlocked: found new base at 544
[    0.569217] gpio gpiochip1: (gpio-32-63): created GPIO range 0->17 ==> 44e10800.pinmux PIN 34->51
[    0.569239] gpio gpiochip1: (gpio-32-63): created GPIO range 18->21 ==> 44e10800.pinmux PIN 77->80
[    0.569255] gpio gpiochip1: (gpio-32-63): created GPIO range 22->31 ==> 44e10800.pinmux PIN 56->65
[    0.570140] gpio gpiochip1: (gpio-32-63): added GPIO chardev (254:1)
[    0.570370] gpio gpiochip1: registered GPIOs 544 to 575 on gpio-32-63
[    0.572855] gpiochip_find_base_unlocked: found new base at 576
[    0.572951] gpio gpiochip2: (gpio-64-95): created GPIO range 0->4 ==> 44e10800.pinmux PIN 66->70
[    0.572971] gpio gpiochip2: (gpio-64-95): created GPIO range 5->6 ==> 44e10800.pinmux PIN 98->99
[    0.572987] gpio gpiochip2: (gpio-64-95): created GPIO range 7->8 ==> 44e10800.pinmux PIN 75->76
[    0.573002] gpio gpiochip2: (gpio-64-95): created GPIO range 13->13 ==> 44e10800.pinmux PIN 141->141
[    0.573018] gpio gpiochip2: (gpio-64-95): created GPIO range 14->21 ==> 44e10800.pinmux PIN 100->107
[    0.591613] gpio gpiochip2: (gpio-64-95): added GPIO chardev (254:2)
[    0.591850] gpio gpiochip2: registered GPIOs 576 to 607 on gpio-64-95
[    0.597575] 48000000.interconnect:segment@200000:target-module@0:mpu@0:fck: device ID is greater than 24
[    0.598512] /ocp/interconnect@48000000/segment@300000/target-module@e000/lcdc@0: Fixed dependency cycle(s) with /ocp/interconnect@44c00000/segment@200000/target-module@b000/i2c@0/tda19988@70
[    0.601583] /ocp/interconnect@48000000/segment@300000/target-module@e000/lcdc@0: Fixed dependency cycle(s) with /ocp/interconnect@44c00000/segment@200000/target-module@b000/i2c@0/tda19988@70
[    0.602406] /ocp/interconnect@44c00000/segment@200000/target-module@b000/i2c@0/tda19988@70: Fixed dependency cycle(s) with /ocp/interconnect@48000000/segment@300000/target-module@e000/lcdc@0
[    0.602600] /ocp/interconnect@48000000/segment@300000/target-module@e000/lcdc@0: Fixed dependency cycle(s) with /ocp/interconnect@44c00000/segment@200000/target-module@b000/i2c@0/tda19988@70
[    0.610203] sdhci-omap 481d8000.mmc: using DT '/ocp/interconnect@48000000/segment@100000/target-module@d8000/mmc@0' for 'wp' GPIO lookup
[    0.610278] of_get_named_gpiod_flags: can't parse 'wp-gpios' property of node '/ocp/interconnect@48000000/segment@100000/target-module@d8000/mmc@0[0]'
[    0.610323] of_get_named_gpiod_flags: can't parse 'wp-gpio' property of node '/ocp/interconnect@48000000/segment@100000/target-module@d8000/mmc@0[0]'
[    0.610360] sdhci-omap 481d8000.mmc: using lookup tables for GPIO lookup
[    0.610370] sdhci-omap 481d8000.mmc: No GPIO consumer wp found
[    0.610565] sdhci-omap 481d8000.mmc: supply pbias not found, using dummy regulator
[    0.612087] sdhci-omap 481d8000.mmc: supply vqmmc not found, using dummy regulator
[    0.618500] mdio_bus 4a101000.mdio: using DT '/ocp/interconnect@4a000000/segment@0/target-module@100000/switch@0/mdio@1000' for 'reset' GPIO lookup
[    0.618575] of_get_named_gpiod_flags: can't parse 'reset-gpios' property of node '/ocp/interconnect@4a000000/segment@0/target-module@100000/switch@0/mdio@1000[0]'
[    0.618622] of_get_named_gpiod_flags: can't parse 'reset-gpio' property of node '/ocp/interconnect@4a000000/segment@0/target-module@100000/switch@0/mdio@1000[0]'
[    0.618670] mdio_bus 4a101000.mdio: using lookup tables for GPIO lookup
[    0.618679] mdio_bus 4a101000.mdio: No GPIO consumer reset found
[    0.665700] davinci_mdio 4a101000.mdio: davinci mdio revision 1.6, bus freq 1000000
[    0.683911] mdio_bus 4a101000.mdio:00: using DT '/ocp/interconnect@4a000000/segment@0/target-module@100000/switch@0/mdio@1000/ethernet-phy@0' for 'reset' GPIO lookup
[    0.684015] of_get_named_gpiod_flags: parsed 'reset-gpios' property of node '/ocp/interconnect@4a000000/segment@0/target-module@100000/switch@0/mdio@1000/ethernet-phy@0[0]' - status (0)
[    0.684175] gpio gpiochip0: Persistence not supported for GPIO 8
[    0.813658] davinci_mdio 4a101000.mdio: phy[0]: device 4a101000.mdio:00, driver SMSC LAN8710/LAN8720
[    0.814449] cpsw-switch 4a100000.switch: initialized cpsw ale version 1.4
[    0.814473] cpsw-switch 4a100000.switch: ALE Table size 1024, Policers 0
[    0.814639] cpsw-switch 4a100000.switch: cpts: overflow check period 500 (jiffies)
[    0.814655] cpsw-switch 4a100000.switch: CPTS: ref_clk_freq:250000000 calc_mult:2147483648 calc_shift:29 error:0 nsec/sec
[    0.814756] cpsw-switch 4a100000.switch: Detected MACID = 6c:ec:eb:68:de:78
[    0.816623] cpsw-switch 4a100000.switch: initialized (regs 0x4a100000, pool size 256) hw_ver:0019010C 1.12 (0)
[    0.829573] debugfs: '49000000.dma' already exists in 'dmaengine'
[    0.829616] edma 49000000.dma: TI EDMA DMA engine driver
[    0.870195] ti-sysc 44e31000.target-module: Failed to create device link (0x180) with supplier ocp for /ocp/interconnect@44c00000/segment@200000/target-module@31000/timer@0
[    0.870259] ti-sysc 48040000.target-module: Failed to create device link (0x180) with supplier ocp for /ocp/interconnect@48000000/segment@0/target-module@40000/timer@0
[    0.871184] gpio-clk clk_mcasp0: using DT '/clk_mcasp0' for 'enable' GPIO lookup
[    0.871253] of_get_named_gpiod_flags: parsed 'enable-gpios' property of node '/clk_mcasp0[0]' - status (0)
[    0.871300] gpio gpiochip0: Persistence not supported for GPIO 27
[    0.872308] gpiochip_find_base_unlocked: found new base at 608
[    0.872422] gpio gpiochip3: (gpio-96-127): created GPIO range 0->7 ==> 44e10800.pinmux PIN 82->89
[    0.872443] gpio gpiochip3: (gpio-96-127): created GPIO range 8->11 ==> 44e10800.pinmux PIN 52->55
[    0.872459] gpio gpiochip3: (gpio-96-127): created GPIO range 12->15 ==> 44e10800.pinmux PIN 94->97
[    0.872474] gpio gpiochip3: (gpio-96-127): created GPIO range 16->17 ==> 44e10800.pinmux PIN 71->72
[    0.872490] gpio gpiochip3: (gpio-96-127): created GPIO range 18->18 ==> 44e10800.pinmux PIN 135->135
[    0.872506] gpio gpiochip3: (gpio-96-127): created GPIO range 19->20 ==> 44e10800.pinmux PIN 108->109
[    0.872523] gpio gpiochip3: (gpio-96-127): created GPIO range 21->21 ==> 44e10800.pinmux PIN 73->73
[    0.872540] gpio gpiochip3: (gpio-96-127): created GPIO range 22->23 ==> 44e10800.pinmux PIN 8->9
[    0.872556] gpio gpiochip3: (gpio-96-127): created GPIO range 26->27 ==> 44e10800.pinmux PIN 10->11
[    0.872574] gpio gpiochip3: (gpio-96-127): created GPIO range 28->28 ==> 44e10800.pinmux PIN 74->74
[    0.872592] gpio gpiochip3: (gpio-96-127): created GPIO range 29->29 ==> 44e10800.pinmux PIN 81->81
[    0.872611] gpio gpiochip3: (gpio-96-127): created GPIO range 30->31 ==> 44e10800.pinmux PIN 28->29
[    0.873739] gpio gpiochip3: (gpio-96-127): added GPIO chardev (254:3)
[    0.873972] gpio gpiochip3: registered GPIOs 608 to 639 on gpio-96-127
[    0.888303] omap8250 44e09000.serial: using DT '/ocp/interconnect@44c00000/segment@200000/target-module@9000/serial@0' for 'rs485-term' GPIO lookup
[    0.888386] of_get_named_gpiod_flags: can't parse 'rs485-term-gpios' property of node '/ocp/interconnect@44c00000/segment@200000/target-module@9000/serial@0[0]'
[    0.888431] of_get_named_gpiod_flags: can't parse 'rs485-term-gpio' property of node '/ocp/interconnect@44c00000/segment@200000/target-module@9000/serial@0[0]'
[    0.888468] omap8250 44e09000.serial: using lookup tables for GPIO lookup
