Labgrid Console Logfile for main
Logfile started at 2025-10-02 16:04:36.330094
=== Log starts here ===
reading args
spl_load_image_fat_os: error reading image args, err - -1
reading u-boot.img
reading u-boot.img


U-Boot 2014.04-00014-g47880f5 (Apr 22 2014 - 13:23:54)

I2C:   ready
DRAM:  512 MiB
NAND:  0 MiB
MMC:   OMAP SD/MMC: 0, OMAP SD/MMC: 1
*** Warning - readenv() failed, using default environment

Net:   <ethaddr> not set. Validating first E-fuse MAC
cpsw, usb_ether
Hit any key to stop autoboot:  1  0 
gpio: pin 53 (gpio 53) value is 1
mmc0 is current device
gpio: pin 54 (gpio 54) value is 1
SD/MMC found on device 0
reading uEnv.txt
569 bytes read in 3 ms (184.6 KiB/s)
gpio: pin 55 (gpio 55) value is 1
Loaded environment from uEnv.txt
Importing environment from mmc ...
Checking if uenvcmd is set ...
gpio: pin 56 (gpio 56) value is 1
Running uenvcmd ...
cpsw Waiting for PHY auto negotiation to complete. done
link up on port 0, speed 100, full duplex
Using cpsw device
TFTP from server 192.168.255.126; our IP address is 192.168.255.1
Filename 'zImage'.
Load address: 0x81000000
Loading: *#################################################################
	 #################################################################
	 #################################################################
	 #################################################################
	 #################################################################
	 #############################
	 2.4 MiB/s
done
Bytes transferred = 5187664 (4f2850 hex)
link up on port 0, speed 100, full duplex
Using cpsw device
TFTP from server 192.168.255.126; our IP address is 192.168.255.1
Filename 'am335x-boneblack.dtb'.
Load address: 0x82000000
Loading: *#######
	 1.6 MiB/s
done
Bytes transferred = 97756 (17ddc hex)
Kernel image @ 0x81000000 [ 0x000000 - 0x4f2850 ]
## Flattened Device Tree blob at 82000000
   Booting using the fdt blob at 0x82000000
   Using Device Tree in place at 82000000, end 8201addb

Starting kernel ...

[    0.000000] Booting Linux on physical CPU 0x0
[    0.000000] Linux version 6.1.155 (user01@drvtest01) (arm-none-eabi-gcc (Arm GNU Toolchain 14.2.Rel1 (Build arm-14.52)) 14.2.1 20241119, GNU ld (Arm GNU Toolchain 14.2.Rel1 (Build arm-14.52)) 2.43.1.20241119) #1 SMP Thu Oct  2 16:02:50 EEST 2025
[    0.000000] CPU: ARMv7 Processor [413fc082] revision 2 (ARMv7), cr=10c5387d
[    0.000000] CPU: PIPT / VIPT nonaliasing data cache, VIPT aliasing instruction cache
[    0.000000] OF: fdt: Machine model: TI AM335x BeagleBone Black
[    0.000000] Memory policy: Data cache writeback
[    0.000000] cma: Reserved 16 MiB at 0x9ec00000
[    0.000000] Zone ranges:
[    0.000000]   Normal   [mem 0x0000000080000000-0x000000009fdfffff]
[    0.000000]   HighMem  empty
[    0.000000] Movable zone start for each node
[    0.000000] Early memory node ranges
[    0.000000]   node   0: [mem 0x0000000080000000-0x000000009fdfffff]
[    0.000000] Initmem setup node 0 [mem 0x0000000080000000-0x000000009fdfffff]
[    0.000000] CPU: All CPU(s) started in SVC mode.
[    0.000000] AM335X ES2.1 (sgx neon)
[    0.000000] percpu: Embedded 16 pages/cpu s34196 r8192 d23148 u65536
[    0.000000] Built 1 zonelists, mobility grouping on.  Total pages: 129412
[    0.000000] Kernel command line: console=ttyO0,115200n8 root=/dev/nfs rw nfsroot=192.168.255.126:/home/user01/nfs,nfsvers=3 ip=192.168.255.1:192.168.255.126::255.255.255.0:bbb1:eth0 nfsrootdebug
[    0.000000] Unknown kernel command line parameters "nfsrootdebug", will be passed to user space.
[    0.000000] Dentry cache hash table entries: 65536 (order: 6, 262144 bytes, linear)
[    0.000000] Inode-cache hash table entries: 32768 (order: 5, 131072 bytes, linear)
[    0.000000] mem auto-init: stack:off, heap alloc:off, heap free:off
[    0.000000] Memory: 484644K/522240K available (10240K kernel code, 1145K rwdata, 2604K rodata, 1024K init, 286K bss, 21212K reserved, 16384K cma-reserved, 0K highmem)
[    0.000000] SLUB: HWalign=64, Order=0-3, MinObjects=0, CPUs=1, Nodes=1
[    0.000000] trace event string verifier disabled
[    0.000000] rcu: Hierarchical RCU implementation.
[    0.000000] rcu: 	RCU event tracing is enabled.
[    0.000000] rcu: 	RCU restricting CPUs from NR_CPUS=2 to nr_cpu_ids=1.
[    0.000000] rcu: RCU calculated value of scheduler-enlistment delay is 10 jiffies.
[    0.000000] rcu: Adjusting geometry for rcu_fanout_leaf=16, nr_cpu_ids=1
[    0.000000] NR_IRQS: 16, nr_irqs: 16, preallocated irqs: 16
[    0.000000] IRQ: Found an INTC at 0x(ptrval) (revision 5.0) with 128 interrupts
[    0.000000] rcu: srcu_init: Setting srcu_struct sizes based on contention.
[    0.000000] TI gptimer clocksource: always-on /ocp/interconnect@44c00000/segment@200000/target-module@31000
[    0.000002] sched_clock: 32 bits at 24MHz, resolution 41ns, wraps every 89478484971ns
[    0.000026] clocksource: dmtimer: mask: 0xffffffff max_cycles: 0xffffffff, max_idle_ns: 79635851949 ns
[    0.000440] TI gptimer clockevent: 24000000 Hz at /ocp/interconnect@48000000/segment@0/target-module@40000
[    0.001976] Console: colour dummy device 80x30
[    0.002022] WARNING: Your 'console=ttyO0' has been replaced by 'ttyS0'
[    0.002030] This ensures that you still see kernel messages. Please
[    0.002035] update your kernel commandline.
[    0.002075] Calibrating delay loop... 996.14 BogoMIPS (lpj=4980736)
[    0.090485] CPU: Testing write buffer coherency: ok
[    0.090582] CPU0: Spectre v2: using BPIALL workaround
[    0.090595] pid_max: default: 32768 minimum: 301
[    0.090725] LSM: Security Framework initializing
[    0.090897] Mount-cache hash table entries: 1024 (order: 0, 4096 bytes, linear)
[    0.090915] Mountpoint-cache hash table entries: 1024 (order: 0, 4096 bytes, linear)
[    0.092411] CPU0: thread -1, cpu 0, socket -1, mpidr 0
[    0.093652] Setting up static identity map for 0x80100000 - 0x80100078
[    0.093883] rcu: Hierarchical SRCU implementation.
[    0.093893] rcu: 	Max phase no-delay instances is 1000.
[    0.095188] smp: Bringing up secondary CPUs ...
[    0.095207] smp: Brought up 1 node, 1 CPU
[    0.095217] SMP: Total of 1 processors activated (996.14 BogoMIPS).
[    0.095227] CPU: All CPU(s) started in SVC mode.
[    0.096134] devtmpfs: initialized
[    0.111277] VFP support v0.3: implementor 41 architecture 3 part 30 variant c rev 3
[    0.111593] clocksource: jiffies: mask: 0xffffffff max_cycles: 0xffffffff, max_idle_ns: 19112604462750000 ns
[    0.111627] futex hash table entries: 256 (order: 2, 16384 bytes, linear)
[    0.112928] pinctrl core: initialized pinctrl subsystem
[    0.114831] NET: Registered PF_NETLINK/PF_ROUTE protocol family
[    0.116836] DMA: preallocated 256 KiB pool for atomic coherent allocations
[    0.117397] audit: initializing netlink subsys (disabled)
[    0.118579] thermal_sys: Registered thermal governor 'fair_share'
[    0.118596] thermal_sys: Registered thermal governor 'step_wise'
[    0.118602] thermal_sys: Registered thermal governor 'user_space'
[    0.118723] cpuidle: using governor menu
[    0.135278] /ocp/interconnect@44c00000/segment@200000/target-module@b000/i2c@0/tda19988@70: Fixed dependency cycle(s) with /ocp/interconnect@48000000/segment@300000/target-module@e000/lcdc@0
[    0.136293] /ocp/interconnect@48000000/segment@300000/target-module@e000/lcdc@0: Fixed dependency cycle(s) with /ocp/interconnect@44c00000/segment@200000/target-module@b000/i2c@0/tda19988@70
[    0.138272] No ATAGs?
[    0.138290] hw-breakpoint: debug architecture 0x4 unsupported.
[    0.146803] audit: type=2000 audit(0.110:1): state=initialized audit_enabled=0 res=1
[    0.147099] kprobes: kprobe jump-optimization is enabled. All kprobes are optimized if possible.
[    0.164523] iommu: Default domain type: Translated 
[    0.164537] iommu: DMA domain TLB invalidation policy: strict mode 
[    0.165960] SCSI subsystem initialized
[    0.166807] pps_core: LinuxPPS API ver. 1 registered
[    0.166817] pps_core: Software ver. 5.3.6 - Copyright 2005-2007 Rodolfo Giometti <giometti@linux.it>
[    0.166842] PTP clock support registered
[    0.180637] vgaarb: loaded
[    0.180958] clocksource: Switched to clocksource dmtimer
[    0.181559] VFS: Disk quotas dquot_6.6.0
[    0.181626] VFS: Dquot-cache hash table entries: 1024 (order 0, 4096 bytes)
[    0.198034] NET: Registered PF_INET protocol family
[    0.198370] IP idents hash table entries: 8192 (order: 4, 65536 bytes, linear)
[    0.199743] tcp_listen_portaddr_hash hash table entries: 512 (order: 0, 4096 bytes, linear)
[    0.199789] Table-perturb hash table entries: 65536 (order: 6, 262144 bytes, linear)
[    0.199808] TCP established hash table entries: 4096 (order: 2, 16384 bytes, linear)
[    0.199856] TCP bind hash table entries: 4096 (order: 4, 65536 bytes, linear)
[    0.199955] TCP: Hash tables configured (established 4096 bind 4096)
[    0.200071] UDP hash table entries: 256 (order: 1, 8192 bytes, linear)
[    0.200096] UDP-Lite hash table entries: 256 (order: 1, 8192 bytes, linear)
[    0.200274] NET: Registered PF_UNIX/PF_LOCAL protocol family
[    0.216944] RPC: Registered named UNIX socket transport module.
[    0.216966] RPC: Registered udp transport module.
[    0.216971] RPC: Registered tcp transport module.
[    0.216976] RPC: Registered tcp NFSv4.1 backchannel transport module.
[    0.216995] PCI: CLS 0 bytes, default 64
[    0.218442] Initialise system trusted keyrings
[    0.219441] workingset: timestamp_bits=14 max_order=17 bucket_order=3
[    0.228627] NFS: Registering the id_resolver key type
[    0.228702] Key type id_resolver registered
[    0.228710] Key type id_legacy registered
[    0.228762] jffs2: version 2.2. (NAND) (SUMMARY)  Â© 2001-2006 Red Hat, Inc.
[    0.229476] Key type asymmetric registered
[    0.229492] Asymmetric key parser 'x509' registered
[    0.229636] io scheduler mq-deadline registered
[    0.229648] io scheduler kyber registered
[    0.229881] io scheduler bfq registered
[    0.233484] hw perfevents: enabled with armv7_cortex_a8 PMU driver, 5 counters available
[    0.241691] l3-aon-clkctrl:0000:0: failed to disable
[    0.242009] Serial: 8250/16550 driver, 6 ports, IRQ sharing enabled
[    0.276870] brd: module loaded
[    0.298375] loop: module loaded
[    0.299263] mtdoops: mtd device (mtddev=name/number) must be supplied
[    0.301889] i2c_dev: i2c /dev entries driver
[    0.302798] cpuidle: enable-method property 'ti,am3352' found operations
[    0.303220] sdhci: Secure Digital Host Controller Interface driver
[    0.303230] sdhci: Copyright(c) Pierre Ossman
[    0.303404] sdhci-pltfm: SDHCI platform and OF driver helper
[    0.303653] ledtrig-cpu: registered to indicate activity on CPUs
[    0.304383] Initializing XFRM netlink socket
[    0.304939] NET: Registered PF_INET6 protocol family
[    0.316153] Segment Routing with IPv6
[    0.316228] In-situ OAM (IOAM) with IPv6
[    0.316322] sit: IPv6, IPv4 and MPLS over IPv4 tunneling driver
[    0.317202] NET: Registered PF_PACKET protocol family
[    0.317232] NET: Registered PF_KEY protocol family
[    0.317331] Key type dns_resolver registered
[    0.317445] ThumbEE CPU extension supported.
[    0.317463] Registering SWP/SWPB emulation handler
[    0.317970] omap_voltage_late_init: Voltage driver support not added
[    0.318594] SmartReflex Class3 initialized
[    0.319514] Loading compiled-in X.509 certificates
[    0.380001] /ocp/interconnect@44c00000/segment@200000/target-module@b000/i2c@0/tda19988@70: Fixed dependency cycle(s) with /ocp/interconnect@48000000/segment@300000/target-module@e000/lcdc@0
[    0.386031] /ocp/interconnect@44c00000/segment@200000/target-module@b000/i2c@0/tda19988@70: Fixed dependency cycle(s) with /ocp/interconnect@48000000/segment@300000/target-module@e000/lcdc@0
[    0.393639] /ocp/interconnect@44c00000/segment@200000/target-module@b000/i2c@0/tda19988@70: Fixed dependency cycle(s) with /ocp/interconnect@48000000/segment@300000/target-module@e000/lcdc@0
[    0.394433] /ocp/interconnect@44c00000/segment@200000/target-module@b000/i2c@0/tda19988@70: Fixed dependency cycle(s) with /ocp/interconnect@48000000/segment@300000/target-module@e000/lcdc@0
[    0.397478] /ocp/interconnect@44c00000/segment@200000/target-module@10000/scm@0/pinmux@800: Fixed dependency cycle(s) with /ocp/interconnect@44c00000/segment@200000/target-module@10000/scm@0/pinmux@800/pinmux_clkout2_pin
[    0.398058] pinctrl-single 44e10800.pinmux: 142 pins, size 568
[    0.402933] ti-sysc: probe of 44e31000.target-module failed with error -16
[    0.452713] /ocp/interconnect@48000000/segment@300000/target-module@e000/lcdc@0: Fixed dependency cycle(s) with /ocp/interconnect@44c00000/segment@200000/target-module@b000/i2c@0/tda19988@70
[    0.459773] ti-sysc: probe of 48040000.target-module failed with error -16
[    0.470145] gpio gpiochip0: (gpio-0-31): not an immutable chip, please consider fixing it!
[    0.505391] OMAP GPIO hardware version 0.1
[    0.517968] omap_i2c 4819c000.i2c: bus 2 rev0.11 at 100 kHz
[    0.523345] gpio gpiochip1: (gpio-32-63): not an immutable chip, please consider fixing it!
[    0.539343] gpio gpiochip2: (gpio-64-95): not an immutable chip, please consider fixing it!
[    0.545892] /ocp/interconnect@48000000/segment@300000/target-module@e000/lcdc@0: Fixed dependency cycle(s) with /ocp/interconnect@44c00000/segment@200000/target-module@b000/i2c@0/tda19988@70
[    0.548455] /ocp/interconnect@48000000/segment@300000/target-module@e000/lcdc@0: Fixed dependency cycle(s) with /ocp/interconnect@44c00000/segment@200000/target-module@b000/i2c@0/tda19988@70
[    0.549088] /ocp/interconnect@44c00000/segment@200000/target-module@b000/i2c@0/tda19988@70: Fixed dependency cycle(s) with /ocp/interconnect@48000000/segment@300000/target-module@e000/lcdc@0
[    0.549242] /ocp/interconnect@48000000/segment@300000/target-module@e000/lcdc@0: Fixed dependency cycle(s) with /ocp/interconnect@44c00000/segment@200000/target-module@b000/i2c@0/tda19988@70
[    0.559395] sdhci-omap 481d8000.mmc: supply pbias not found, using dummy regulator
[    0.559833] sdhci-omap 481d8000.mmc: supply vqmmc not found, using dummy regulator
[    0.617303] davinci_mdio 4a101000.mdio: davinci mdio revision 1.6, bus freq 1000000
[    0.807939] davinci_mdio 4a101000.mdio: phy[0]: device 4a101000.mdio:00, driver SMSC LAN8710/LAN8720
[    0.808518] cpsw-switch 4a100000.switch: initialized cpsw ale version 1.4
[    0.808539] cpsw-switch 4a100000.switch: ALE Table size 1024
[    0.822118] cpsw-switch 4a100000.switch: cpts: overflow check period 500 (jiffies)
[    0.822142] cpsw-switch 4a100000.switch: CPTS: ref_clk_freq:250000000 calc_mult:2147483648 calc_shift:29 error:0 nsec/sec
[    0.822237] cpsw-switch 4a100000.switch: Detected MACID = 6c:ec:eb:68:de:78
[    0.823913] cpsw-switch 4a100000.switch: initialized (regs 0x4a100000, pool size 256) hw_ver:0019010C 1.12 (0)
[    0.833806] debugfs: Directory '49000000.dma' with parent 'dmaengine' already present!
[    0.833846] edma 49000000.dma: TI EDMA DMA engine driver
[    0.861117] gpio gpiochip3: (gpio-96-127): not an immutable chip, please consider fixing it!
[    0.873346] 44e09000.serial: ttyS0 at MMIO 0x44e09000 (irq = 34, base_baud = 3000000) is a 8250
[    2.181137] printk: console [ttyS0] enabled
[    2.211803] tps65217-pmic: Failed to locate of_node [id: -1]
[    2.227560] tps65217-bl: Failed to locate of_node [id: -1]
[    2.236132] tps65217 0-0024: TPS65217 ID 0xe version 1.2
[    2.242188] /ocp/interconnect@48000000/segment@300000/target-module@e000/lcdc@0: Fixed dependency cycle(s) with /ocp/interconnect@44c00000/segment@200000/target-module@b000/i2c@0/tda19988@70
[    2.259491] /ocp/interconnect@44c00000/segment@200000/target-module@b000/i2c@0/tda19988@70: Fixed dependency cycle(s) with /ocp/interconnect@48000000/segment@300000/target-module@e000/lcdc@0
[    2.276816] omap_i2c 44e0b000.i2c: bus 0 rev0.11 at 400 kHz
[    2.284365] omap_gpio 44e07000.gpio: Could not set line 6 debounce to 200000 microseconds (-22)
[    2.293231] sdhci-omap 48060000.mmc: Got CD GPIO
[    2.298202] sdhci-omap 48060000.mmc: supply pbias not found, using dummy regulator
[    2.307667] sdhci-omap 48060000.mmc: supply vqmmc not found, using dummy regulator
[    2.316025] sdhci-omap 481d8000.mmc: supply pbias not found, using dummy regulator
[    2.324175] sdhci-omap 481d8000.mmc: supply vqmmc not found, using dummy regulator
[    2.361000] mmc1: SDHCI controller on 481d8000.mmc [481d8000.mmc] using External DMA
[    2.369807] mmc0: SDHCI controller on 48060000.mmc [48060000.mmc] using External DMA
[    2.378517] cpsw-switch 4a100000.switch: starting ndev. mode: dual_mac
[    2.441235] mmc1: new high speed MMC card at address 0001
[    2.448023] mmcblk1: mmc1:0001 MMC04G 3.60 GiB 
[    2.455551]  mmcblk1: p1 p2
[    2.458976] mmc0: new high speed SDHC card at address aaaa
[    2.466166] mmcblk1boot0: mmc1:0001 MMC04G 2.00 MiB 
[    2.472556] mmcblk0: mmc0:aaaa SE32G 29.7 GiB 
[    2.478880] mmcblk1boot1: mmc1:0001 MMC04G 2.00 MiB 
[    2.486956] mmcblk1rpmb: mmc1:0001 MMC04G 128 KiB, chardev (250:0)
[    2.493675]  mmcblk0: p1 p2
[    2.532123] SMSC LAN8710/LAN8720 4a101000.mdio:00: attached PHY driver (mii_bus:phy_addr=4a101000.mdio:00, irq=POLL)
[    5.681686] cpsw-switch 4a100000.switch eth0: Link is Up - 100Mbps/Full - flow control off
[    5.690081] IPv6: ADDRCONF(NETDEV_CHANGE): eth0: link becomes ready
[    5.720973] IP-Config: Complete:
[    5.724234]      device=eth0, hwaddr=6c:ec:eb:68:de:78, ipaddr=192.168.255.1, mask=255.255.255.0, gw=255.255.255.255
[    5.734849]      host=bbb1, domain=, nis-domain=(none)
[    5.740014]      bootserver=192.168.255.126, rootserver=192.168.255.126, rootpath=
[    5.740408] clk: Disabling unused clocks
[    5.752280] KTAP version 1
[    5.755008] 1..0
[    5.778569] VFS: Mounted root (nfs filesystem) on device 0:16.
[    5.785575] devtmpfs: mounted
[    5.789913] Freeing unused kernel image (initmem) memory: 1024K
[    5.796551] Run /sbin/init as init process
[    6.473214] systemd[1]: System time before build time, advancing clock.
[    7.930967] random: crng init done
[    7.993671] systemd[1]: systemd 232 running in system mode. (+PAM +AUDIT +SELINUX +IMA +APPARMOR +SMACK +SYSVINIT +UTMP +LIBCRYPTSETUP +GCRYPT +GNUTLS +ACL +XZ +LZ4 +SECCOMP +BLKID +ELFUTILS +KMOD +IDN)
[    8.012767] systemd[1]: Detected architecture arm.

Welcome to [1mDebian GNU/Linux 9 (stretch)[0m!

[    8.053740] systemd[1]: Set hostname to <arm>.
[    9.107803] systemd[1]: Started Forward Password Requests to Wall Directory Watch.
[[0;32m  OK  [0m] Started Forward Password Requests to Wall Directory Watch.
[    9.152995] systemd[1]: Listening on Journal Socket.
[[0;32m  OK  [0m] Listening on Journal Socket.
[    9.191635] systemd[1]: Listening on Syslog Socket.
[[0;32m  OK  [0m] Listening on Syslog Socket.
[    9.232577] systemd[1]: Created slice System Slice.
[[0;32m  OK  [0m] Created slice System Slice.
[    9.302133] systemd[1]: Starting Remount Root and Kernel File Systems...
         Starting Remount Root and Kernel File Systems...
[    9.326367] systemd[1]: Mounting Debug File System...
         Mounting Debug File System...
[    9.368640] systemd[1]: Mounting POSIX Message Queue File System...
         Mounting POSIX Message Queue File System...
         Starting Load Kernel Modules...
[[0;32m  OK  [0m] Listening on /dev/initctl Compatibility Named Pipe.
[[0;32m  OK  [0m] Listening on Journal Audit Socket.
[[0;32m  OK  [0m] Listening on udev Control Socket.
[[0;32m  OK  [0m] Created slice User and Session Slice.
[[0;32m  OK  [0m] Reached target Slices.
[[0;32m  OK  [0m] Started Dispatch Password Requests to Console Directory Watch.
[[0;32m  OK  [0m] Reached target Encrypted Volumes.
[[0;32m  OK  [0m] Reached target Paths.
[[0;32m  OK  [0m] Reached target Remote File Systems.
[[0;32m  OK  [0m] Listening on udev Kernel Socket.
[[0;32m  OK  [0m] Listening on Journal Socket (/dev/log).
         Starting Journal Service...
[[0;32m  OK  [0m] Reached target Swap.
[[0;32m  OK  [0m] Created slice system-getty.slice.
         Starting Create list of required stâ€¦ce nodes for the current kernel...
[[0;32m  OK  [0m] Set up automount Arbitrary Executabâ€¦rmats File System Automount Point.
[[0;32m  OK  [0m] Created slice system-serial\x2dgetty.slice.
[[0;32m  OK  [0m] Mounted POSIX Message Queue File System.
[[0;32m  OK  [0m] Mounted Debug File System.
[[0;32m  OK  [0m] Started Remount Root and Kernel File Systems.
[[0;32m  OK  [0m] Started Load Kernel Modules.
[[0;32m  OK  [0m] Started Create list of required staâ€¦vice nodes for the current kernel.
         Starting Create Static Device Nodes in /dev...
         Mounting Configuration File System...
         Starting Apply Kernel Variables...
         Starting Load/Save Random Seed...
         Starting udev Coldplug all Devices...
[[0;32m  OK  [0m] Mounted Configuration File System.
[[0;32m  OK  [0m] Started Journal Service.
         Starting Flush Journal to Persistent Storage...
[[0;32m  OK  [0m] Started Apply Kernel Variables.
[[0;32m  OK  [0m] Started Load/Save Random Seed.
[[0;32m  OK  [0m] Started Create Static Device Nodes in /dev.
         Starting udev Kernel Device Manager...
[[0;32m  OK  [0m] Reached target Local File Systems (Pre).
[[0;32m  OK  [0m] Reached target Local File Systems.
         Starting Raise network interfaces...
[   11.155586] systemd-journald[103]: Received request to flush runtime journal from PID 1
[[0;32m  OK  [0m] Started Flush Journal to Persistent Storage.
         Starting Create Volatile Files and Directories...
[[0;32m  OK  [0m] Started udev Kernel Device Manager.
[[0;32m  OK  [0m] Started Create Volatile Files and Directories.
         Starting Update UTMP about System Boot/Shutdown...
         Starting Network Time Synchronization...
[[0;32m  OK  [0m] Started Update UTMP about System Boot/Shutdown.
[[0;32m  OK  [0m] Started Network Time Synchronization.
[[0;32m  OK  [0m] Reached target System Time Synchronized.
[[0;32m  OK  [0m] Started udev Coldplug all Devices.
[[0;32m  OK  [0m] Reached target System Initialization.
[[0;32m  OK  [0m] Started Daily Cleanup of Temporary Directories.
[[0;32m  OK  [0m] Started Daily apt download activities.
[[0;32m  OK  [0m] Started Daily apt upgrade and clean activities.
[[0;32m  OK  [0m] Reached target Timers.
[[0;32m  OK  [0m] Listening on Avahi mDNS/DNS-SD Stack Activation Socket.
[[0;32m  OK  [0m] Listening on D-Bus System Message Bus Socket.
[   14.854386] remoteproc remoteproc0: wkup_m3 is available
[[0;32m  OK  [0m] Reached target Sockets.
[[0;32m  OK  [0m] Reached target Basic System.
         Starting Login Service...
[   14.990679] at24 2-0054: supply vcc not found, using dummy regulator
[[0;32m  OK  [0m] Started Regular background program processing daemon.
[   15.121992] at24 2-0055: supply vcc not found, using dummy regulator
         Starting System Logging Service...
[   15.301828] at24 2-0056: supply vcc not found, using dummy regulator
[   15.403098] wkup_m3_ipc 44e11324.wkup_m3_ipc: IPC Request for A8->M3 Channel failed! -517
[   15.428707] tps6521x_pwrbutton tps65217-pwrbutton: DMA mask not set
[   15.484369] at24 2-0057: supply vcc not found, using dummy regulator
         Starting DUN service...
         Starting Cape Manager Service...
[   15.542207] input: tps65217_pwrbutton as /devices/platform/ocp/44c00000.interconnect/44c00000.interconnect:segment@200000/44e0b000.target-module/44e0b000.i2c/i2c-0/0-0024/tps65217-pwrbutton/input/input0
[   15.561624] wkup_m3_ipc 44e11324.wkup_m3_ipc: IPC Request for A8->M3 Channel failed! -517
[   15.646610] at24 0-0050: 32768 byte 24c256 EEPROM, writable, 1 bytes/write
[   15.671612] wkup_m3_ipc 44e11324.wkup_m3_ipc: IPC Request for A8->M3 Channel failed! -517
         Starting Avahi mDNS/DNS-SD Stack...
         Starting LSB: Load kernel modules needed to enable cpufreq scaling...
[   15.895784] omap_rtc 44e3e000.rtc: registered as rtc0
[   15.901103] omap_rtc 44e3e000.rtc: setting system clock to 2000-01-01T00:00:00 UTC (946684800)
[   15.911593] wkup_m3_ipc 44e11324.wkup_m3_ipc: IPC Request for A8->M3 Channel failed! -517
         Starting Telephony service...
[   16.119324] omap_wdt: OMAP Watchdog Timer Rev 0x01: initial timeout 60 sec
[   16.128248] wkup_m3_ipc 44e11324.wkup_m3_ipc: IPC Request for A8->M3 Channel failed! -517
[[0;32m  OK  [0m] Started D-Bus System Message Bus.
[   16.226755] wkup_m3_ipc 44e11324.wkup_m3_ipc: IPC Request for A8->M3 Channel failed! -517
[   16.754959] am335x-phy-driver 47401300.usb-phy: supply vcc not found, using dummy regulator
[   16.764033] am335x-phy-driver 47401300.usb-phy: dummy supplies not allowed for exclusive requests
[   16.952488] usbcore: registered new interface driver usbfs
[   16.958113] usbcore: registered new interface driver hub
[   16.963715] usbcore: registered new device driver usb
[   17.012100] am335x-phy-driver 47401b00.usb-phy: supply vcc not found, using dummy regulator
[   17.020842] am335x-phy-driver 47401b00.usb-phy: dummy supplies not allowed for exclusive requests
[   17.032804] wkup_m3_ipc 44e11324.wkup_m3_ipc: IPC Request for A8->M3 Channel failed! -517
[   17.331990] wkup_m3_ipc 44e11324.wkup_m3_ipc: IPC Request for A8->M3 Channel failed! -517
[   17.990723] wkup_m3_ipc 44e11324.wkup_m3_ipc: IPC Request for A8->M3 Channel failed! -517
[   18.050056] musb-hdrc musb-hdrc.1: MUSB HDRC host driver
[   18.055681] musb-hdrc musb-hdrc.1: new USB bus registered, assigned bus number 1
[   18.078854] wkup_m3_ipc 44e11324.wkup_m3_ipc: IPC Request for A8->M3 Channel failed! -517
[   18.147576] omap-mailbox 480c8000.mailbox: omap mailbox rev 0x400
[   18.243412] remoteproc remoteproc0: powering up wkup_m3
[   18.351389] usb usb1: New USB device found, idVendor=1d6b, idProduct=0002, bcdDevice= 6.01
[   18.359743] usb usb1: New USB device strings: Mfr=3, Product=2, SerialNumber=1
[   18.367121] usb usb1: Product: MUSB HDRC host driver
[   18.372148] usb usb1: Manufacturer: Linux 6.1.155 musb-hcd
[   18.377660] usb usb1: SerialNumber: musb-hdrc.1
[   18.620605] remoteproc remoteproc0: Direct firmware load for am335x-pm-firmware.elf failed with error -2
[   18.630491] remoteproc remoteproc0: request_firmware failed: -2
[   18.636509] wkup_m3_ipc 44e11324.wkup_m3_ipc: rproc_boot failed
[   18.891708] hub 1-0:1.0: USB hub found
[   18.947239] hub 1-0:1.0: 1 port detected
[   19.225983] tda998x 0-0070: found TDA19988
[   20.039148] omap_rng 48310000.rng: Random Number Generator ver. 20
[   20.270416] tilcdc 4830e000.lcdc: bound 0-0070 (ops tda998x_audio_codec_init [tda998x])
[   20.419002] [drm] Initialized tilcdc 1.0.0 20121205 for 4830e000.lcdc on minor 0
[   20.525971] tilcdc 4830e000.lcdc: [drm] Cannot find any crtc or sizes
[   20.537531] tilcdc 4830e000.lcdc: [drm] Cannot find any crtc or sizes
[[0;32m  OK  [0m] Started Telephony service.
[[0;32m  OK  [0m] Started Avahi mDNS/DNS-SD Stack.
[[0;32m  OK  [0m] Started DUN service.
         Starting Connection service...
         Starting Generic Board Startup...
[   21.206930] PM: Cannot get wkup_m3_ipc handle
         Starting LSB: Start busybox udhcpd at boot time...
[   21.332802] omap-sham 53100000.sham: hw accel on OMAP rev 4.3
[   21.396663] omap-aes 53500000.aes: OMAP AES hw accel rev: 3.2
[   21.479127] omap-sham 53100000.sham: will run requests pump with realtime priority
[[0;32m  OK  [0m] Started System Logging Service.[   21.574333] omap-aes 53500000.aes: will run requests pump with realtime priority

[[0;32m  OK  [0m] Started Cape Manager Service.
[   21.752805] PM: Cannot get wkup_m3_ipc handle
[   21.871839] PM: Cannot get wkup_m3_ipc handle
[[0;32m  OK  [0m] Found device /dev/ttyS0.
[   22.606628] Bluetooth: Core ver 2.22
[   22.610434] NET: Registered PF_BLUETOOTH protocol family
[   22.615977] Bluetooth: HCI device and connection manager initialized
[   22.622443] Bluetooth: HCI socket layer initialized
[   22.627373] Bluetooth: L2CAP socket layer initialized
[   22.632509] Bluetooth: SCO socket layer initialized
[   25.225224] PM: Cannot get wkup_m3_ipc handle
[   25.339001] PM: Cannot get wkup_m3_ipc handle
[[0;32m  OK  [0m] Started Raise network interfaces.
[[0;32m  OK  [0m] Started LSB: Start busybox udhcpd at boot time.
[[0;32m  OK  [0m] Started LSB: Load kernel modules needed to enable cpufreq scaling.
[   27.998724] using random self ethernet address
[   28.003425] using random host ethernet address
[   28.207649] using random self ethernet address
[   28.212339] using random host ethernet address
[[0;32m  OK  [0m] Started Connection service.
[   28.725837] usb0: HOST MAC 1c:ba:8c:a2:ed:6c
[   28.730161] usb0: MAC 1c:ba:8c:a2:ed:70
[   28.735128] usb1: HOST MAC 1c:ba:8c:a2:ed:6c
[   28.739443] usb1: MAC 1c:ba:8c:a2:ed:6d
[   28.752417] PM: Cannot get wkup_m3_ipc handle
[[0;32m  OK  [0m] Started Login Service.
         Starting Hostname Service...
         Starting WPA supplicant...
[[0;32m  OK  [0m] Reached target Sound Card.
         Starting LSB: set CPUFreq kernel parameters...
[[0;32m  OK  [0m] Started WPA supplicant.
[[0;32m  OK  [0m] Started Hostname Service.
[[0;32m  OK  [0m] Reached target Network.
         Starting OpenBSD Secure Shell server...
[[0;32m  OK  [0m] Reached target Network is Online.
         Starting LSB: Advanced IEEE 802.11 management daemon...
         Starting The Apache HTTP Server...
         Starting Permit User Sessions...
[[0;32m  OK  [0m] Started LSB: Advanced IEEE 802.11 management daemon.
[[0;32m  OK  [0m] Started LSB: set CPUFreq kernel parameters.
[[0;32m  OK  [0m] Started Permit User Sessions.
[[0;32m  OK  [0m] Started Serial Getty on ttyS0.
[[0;32m  OK  [0m] Started Getty on tty1.
[[0;32m  OK  [0m] Reached target Login Prompts.
[[0;32m  OK  [0m] Started OpenBSD Secure Shell server.
         Stopping LSB: Start busybox udhcpd at boot time...
[[0;32m  OK  [0m] Stopped LSB: Start busybox udhcpd at boot time.
[[0;32m  OK  [0m] Started The Apache HTTP Server.
         Starting dnsmasq - A lightweight DHCP and caching DNS server...
[[0;32m  OK  [0m] Started dnsmasq - A lightweight DHCP and caching DNS server.
[[0;32m  OK  [0m] Reached target Host and Network Name Lookups.
[[0;32m  OK  [0m] Started Serial Getty on ttyGS0.
[[0;32m  OK  [0m] Started Generic Board Startup.
[[0;32m  OK  [0m] Reached target Multi-User System.
[[0;32m  OK  [0m] Reached target Graphical Interface.
         Starting Update UTMP about System Runlevel Changes...
[[0;32m  OK  [0m] Started Update UTMP about System Runlevel Changes.

Debian GNU/Linux 9 arm ttyS0

default username:password is [debian:temppwd]

arm login: roo
Password: 
Last login: Sat Jan  1 00:00:29 UTC 2000 on ttyS0
root
Linux arm 6.1.155 #1 SMP Thu Oct  2 16:02:50 EEST 2025 armv7l

The programs included with the Debian GNU/Linux system are free software;
the exact distribution terms for each program are described in the
individual files in /usr/share/doc/*/copyright.

Debian GNU/Linux comes with ABSOLUTELY NO WARRANTY, to the extent
permitted by applicable law.
root@arm:~# root
dmesg -n 1
-bash: root: command not found
root@arm:~# dmesg -n 1
root@arm:~# echo 'AEXP''TSMOBM'
AEXPTSMOBM
root@arm:~# run() { echo -n "$MARKER"; sh -c "$@"; echo "$MARKER $?"; }
root@arm:~# echo 'UHTW''OFUZHZ'
UHTWOFUZHZ
root@arm:~# MARKER='BBCW''EELMXA' run 'cat /proc/version'
BBCWEELMXALinux version 6.1.155 (user01@drvtest01) (arm-none-eabi-gcc (Arm GNU Toolchain 14.2.Rel1 (Build arm-14.52)) 14.2.1 20241119, GNU ld (Arm GNU Toolchain 14.2.Rel1 (Build arm-14.52)) 2.43.1.20241119) #1 SMP Thu Oct  2 16:02:50 EEST 2025
BBCWEELMXA 0
root@arm:~# echo 'FNSE''LJQYHW'
FNSELJQYHW
root@arm:~# MARKER='KWBC''LKNCHA' run false
KWBCLKNCHAKWBCLKNCHA 1
root@arm:~# Labgrid Console Logfile for main
Logfile started at 2025-10-02 16:05:35.698389
=== Log starts here ===

root@arm:~# run() { echo -n "$MARKER"; sh -c "$@"; echo "$MARKER $?"; }
root@arm:~# echo 'AVXU''ULETKF'
AVXUULETKF
root@arm:~# MARKER='GXZV''TWCBHH' run 'ls /iio_generic_buffer; echo $?'
GXZVTWCBHH/iio_generic_buffer
0
GXZVTWCBHH 0
root@arm:~# Labgrid Console Logfile for main
Logfile started at 2025-10-02 16:05:39.089822
=== Log starts here ===

root@arm:~# run() { echo -n "$MARKER"; sh -c "$@"; echo "$MARKER $?"; }
root@arm:~# echo 'WJGL''TLYWAX'
WJGLTLYWAX
root@arm:~# MARKER='YOSM''AEFYVZ' run dmesg
YOSMAEFYVZ[    0.000000] Booting Linux on physical CPU 0x0
[    0.000000] Linux version 6.1.155 (user01@drvtest01) (arm-none-eabi-gcc (Arm GNU Toolchain 14.2.Rel1 (Build arm-14.52)) 14.2.1 20241119, GNU ld (Arm GNU Toolchain 14.2.Rel1 (Build arm-14.52)) 2.43.1.20241119) #1 SMP Thu Oct  2 16:02:50 EEST 2025
[    0.000000] CPU: ARMv7 Processor [413fc082] revision 2 (ARMv7), cr=10c5387d
[    0.000000] CPU: PIPT / VIPT nonaliasing data cache, VIPT aliasing instruction cache
[    0.000000] OF: fdt: Machine model: TI AM335x BeagleBone Black
[    0.000000] Memory policy: Data cache writeback
[    0.000000] cma: Reserved 16 MiB at 0x9ec00000
[    0.000000] Zone ranges:
[    0.000000]   Normal   [mem 0x0000000080000000-0x000000009fdfffff]
[    0.000000]   HighMem  empty
[    0.000000] Movable zone start for each node
[    0.000000] Early memory node ranges
[    0.000000]   node   0: [mem 0x0000000080000000-0x000000009fdfffff]
[    0.000000] Initmem setup node 0 [mem 0x0000000080000000-0x000000009fdfffff]
[    0.000000] CPU: All CPU(s) started in SVC mode.
[    0.000000] AM335X ES2.1 (sgx neon)
[    0.000000] percpu: Embedded 16 pages/cpu s34196 r8192 d23148 u65536
[    0.000000] pcpu-alloc: s34196 r8192 d23148 u65536 alloc=16*4096
[    0.000000] pcpu-alloc: [0] 0 
[    0.000000] Built 1 zonelists, mobility grouping on.  Total pages: 129412
[    0.000000] Kernel command line: console=ttyO0,115200n8 root=/dev/nfs rw nfsroot=192.168.255.126:/home/user01/nfs,nfsvers=3 ip=192.168.255.1:192.168.255.126::255.255.255.0:bbb1:eth0 nfsrootdebug
[    0.000000] Unknown kernel command line parameters "nfsrootdebug", will be passed to user space.
[    0.000000] Dentry cache hash table entries: 65536 (order: 6, 262144 bytes, linear)
[    0.000000] Inode-cache hash table entries: 32768 (order: 5, 131072 bytes, linear)
[    0.000000] mem auto-init: stack:off, heap alloc:off, heap free:off
[    0.000000] Memory: 484644K/522240K available (10240K kernel code, 1145K rwdata, 2604K rodata, 1024K init, 286K bss, 21212K reserved, 16384K cma-reserved, 0K highmem)
[    0.000000] SLUB: HWalign=64, Order=0-3, MinObjects=0, CPUs=1, Nodes=1
[    0.000000] trace event string verifier disabled
[    0.000000] rcu: Hierarchical RCU implementation.
[    0.000000] rcu: 	RCU event tracing is enabled.
[    0.000000] rcu: 	RCU restricting CPUs from NR_CPUS=2 to nr_cpu_ids=1.
[    0.000000] rcu: RCU calculated value of scheduler-enlistment delay is 10 jiffies.
[    0.000000] rcu: Adjusting geometry for rcu_fanout_leaf=16, nr_cpu_ids=1
[    0.000000] NR_IRQS: 16, nr_irqs: 16, preallocated irqs: 16
[    0.000000] IRQ: Found an INTC at 0x(ptrval) (revision 5.0) with 128 interrupts
[    0.000000] rcu: srcu_init: Setting srcu_struct sizes based on contention.
[    0.000000] TI gptimer clocksource: always-on /ocp/interconnect@44c00000/segment@200000/target-module@31000
[    0.000002] sched_clock: 32 bits at 24MHz, resolution 41ns, wraps every 89478484971ns
[    0.000026] clocksource: dmtimer: mask: 0xffffffff max_cycles: 0xffffffff, max_idle_ns: 79635851949 ns
[    0.000440] TI gptimer clockevent: 24000000 Hz at /ocp/interconnect@48000000/segment@0/target-module@40000
[    0.001976] Console: colour dummy device 80x30
[    0.002022] WARNING: Your 'console=ttyO0' has been replaced by 'ttyS0'
[    0.002030] This ensures that you still see kernel messages. Please
[    0.002035] update your kernel commandline.
[    0.002075] Calibrating delay loop... 996.14 BogoMIPS (lpj=4980736)
[    0.090485] CPU: Testing write buffer coherency: ok
[    0.090582] CPU0: Spectre v2: using BPIALL workaround
[    0.090595] pid_max: default: 32768 minimum: 301
[    0.090725] LSM: Security Framework initializing
[    0.090897] Mount-cache hash table entries: 1024 (order: 0, 4096 bytes, linear)
[    0.090915] Mountpoint-cache hash table entries: 1024 (order: 0, 4096 bytes, linear)
[    0.092411] CPU0: thread -1, cpu 0, socket -1, mpidr 0
[    0.093652] Setting up static identity map for 0x80100000 - 0x80100078
[    0.093883] rcu: Hierarchical SRCU implementation.
[    0.093893] rcu: 	Max phase no-delay instances is 1000.
[    0.095188] smp: Bringing up secondary CPUs ...
[    0.095207] smp: Brought up 1 node, 1 CPU
[    0.095217] SMP: Total of 1 processors activated (996.14 BogoMIPS).
[    0.095227] CPU: All CPU(s) started in SVC mode.
[    0.096134] devtmpfs: initialized
[    0.111277] VFP support v0.3: implementor 41 architecture 3 part 30 variant c rev 3
[    0.111593] clocksource: jiffies: mask: 0xffffffff max_cycles: 0xffffffff, max_idle_ns: 19112604462750000 ns
[    0.111627] futex hash table entries: 256 (order: 2, 16384 bytes, linear)
[    0.112928] pinctrl core: initialized pinctrl subsystem
[    0.114831] NET: Registered PF_NETLINK/PF_ROUTE protocol family
[    0.116836] DMA: preallocated 256 KiB pool for atomic coherent allocations
[    0.117397] audit: initializing netlink subsys (disabled)
[    0.118579] thermal_sys: Registered thermal governor 'fair_share'
[    0.118596] thermal_sys: Registered thermal governor 'step_wise'
[    0.118602] thermal_sys: Registered thermal governor 'user_space'
[    0.118723] cpuidle: using governor menu
[    0.135278] /ocp/interconnect@44c00000/segment@200000/target-module@b000/i2c@0/tda19988@70: Fixed dependency cycle(s) with /ocp/interconnect@48000000/segment@300000/target-module@e000/lcdc@0
[    0.136293] /ocp/interconnect@48000000/segment@300000/target-module@e000/lcdc@0: Fixed dependency cycle(s) with /ocp/interconnect@44c00000/segment@200000/target-module@b000/i2c@0/tda19988@70
[    0.138272] No ATAGs?
[    0.138290] hw-breakpoint: debug architecture 0x4 unsupported.
[    0.146803] audit: type=2000 audit(0.110:1): state=initialized audit_enabled=0 res=1
[    0.147099] kprobes: kprobe jump-optimization is enabled. All kprobes are optimized if possible.
[    0.163260] reg-fixed-voltage fixedregulator0: GPIO lookup for consumer (null)
[    0.163285] reg-fixed-voltage fixedregulator0: using device tree for GPIO lookup
[    0.163306] of_get_named_gpiod_flags: can't parse 'gpios' property of node '/fixedregulator0[0]'
[    0.163343] of_get_named_gpiod_flags: can't parse 'gpio' property of node '/fixedregulator0[0]'
[    0.163365] reg-fixed-voltage fixedregulator0: using lookup tables for GPIO lookup
[    0.163375] reg-fixed-voltage fixedregulator0: No GPIO consumer (null) found
[    0.164523] iommu: Default domain type: Translated 
[    0.164537] iommu: DMA domain TLB invalidation policy: strict mode 
[    0.165960] SCSI subsystem initialized
[    0.166472] libata version 3.00 loaded.
[    0.166807] pps_core: LinuxPPS API ver. 1 registered
[    0.166817] pps_core: Software ver. 5.3.6 - Copyright 2005-2007 Rodolfo Giometti <giometti@linux.it>
[    0.166842] PTP clock support registered
[    0.180637] vgaarb: loaded
[    0.180958] clocksource: Switched to clocksource dmtimer
[    0.181559] VFS: Disk quotas dquot_6.6.0
[    0.181626] VFS: Dquot-cache hash table entries: 1024 (order 0, 4096 bytes)
[    0.198034] NET: Registered PF_INET protocol family
[    0.198370] IP idents hash table entries: 8192 (order: 4, 65536 bytes, linear)
[    0.199743] tcp_listen_portaddr_hash hash table entries: 512 (order: 0, 4096 bytes, linear)
[    0.199789] Table-perturb hash table entries: 65536 (order: 6, 262144 bytes, linear)
[    0.199808] TCP established hash table entries: 4096 (order: 2, 16384 bytes, linear)
[    0.199856] TCP bind hash table entries: 4096 (order: 4, 65536 bytes, linear)
[    0.199955] TCP: Hash tables configured (established 4096 bind 4096)
[    0.200071] UDP hash table entries: 256 (order: 1, 8192 bytes, linear)
[    0.200096] UDP-Lite hash table entries: 256 (order: 1, 8192 bytes, linear)
[    0.200274] NET: Registered PF_UNIX/PF_LOCAL protocol family
[    0.216944] RPC: Registered named UNIX socket transport module.
[    0.216966] RPC: Registered udp transport module.
[    0.216971] RPC: Registered tcp transport module.
[    0.216976] RPC: Registered tcp NFSv4.1 backchannel transport module.
[    0.216995] PCI: CLS 0 bytes, default 64
[    0.218442] Initialise system trusted keyrings
[    0.219441] workingset: timestamp_bits=14 max_order=17 bucket_order=3
[    0.228627] NFS: Registering the id_resolver key type
[    0.228702] Key type id_resolver registered
[    0.228710] Key type id_legacy registered
[    0.228762] jffs2: version 2.2. (NAND) (SUMMARY)  Â© 2001-2006 Red Hat, Inc.
[    0.229476] Key type asymmetric registered
[    0.229492] Asymmetric key parser 'x509' registered
[    0.229636] io scheduler mq-deadline registered
[    0.229648] io scheduler kyber registered
[    0.229881] io scheduler bfq registered
[    0.233484] hw perfevents: enabled with armv7_cortex_a8 PMU driver, 5 counters available
[    0.241691] l3-aon-clkctrl:0000:0: failed to disable
[    0.242009] Serial: 8250/16550 driver, 6 ports, IRQ sharing enabled
[    0.276870] brd: module loaded
[    0.298375] loop: module loaded
[    0.299263] mtdoops: mtd device (mtddev=name/number) must be supplied
[    0.300601] mdio_bus fixed-0: GPIO lookup for consumer reset
[    0.300621] mdio_bus fixed-0: using lookup tables for GPIO lookup
[    0.300631] mdio_bus fixed-0: No GPIO consumer reset found
[    0.301889] i2c_dev: i2c /dev entries driver
[    0.302798] cpuidle: enable-method property 'ti,am3352' found operations
[    0.303220] sdhci: Secure Digital Host Controller Interface driver
[    0.303230] sdhci: Copyright(c) Pierre Ossman
[    0.303404] sdhci-pltfm: SDHCI platform and OF driver helper
[    0.303653] ledtrig-cpu: registered to indicate activity on CPUs
[    0.304383] Initializing XFRM netlink socket
[    0.304939] NET: Registered PF_INET6 protocol family
[    0.316153] Segment Routing with IPv6
[    0.316228] In-situ OAM (IOAM) with IPv6
[    0.316322] sit: IPv6, IPv4 and MPLS over IPv4 tunneling driver
[    0.317202] NET: Registered PF_PACKET protocol family
[    0.317232] NET: Registered PF_KEY protocol family
[    0.317331] Key type dns_resolver registered
[    0.317445] ThumbEE CPU extension supported.
[    0.317463] Registering SWP/SWPB emulation handler
[    0.317970] omap_voltage_late_init: Voltage driver support not added
[    0.318594] SmartReflex Class3 initialized
[    0.319514] Loading compiled-in X.509 certificates
[    0.380001] /ocp/interconnect@44c00000/segment@200000/target-module@b000/i2c@0/tda19988@70: Fixed dependency cycle(s) with /ocp/interconnect@48000000/segment@300000/target-module@e000/lcdc@0
[    0.386031] /ocp/interconnect@44c00000/segment@200000/target-module@b000/i2c@0/tda19988@70: Fixed dependency cycle(s) with /ocp/interconnect@48000000/segment@300000/target-module@e000/lcdc@0
[    0.393639] /ocp/interconnect@44c00000/segment@200000/target-module@b000/i2c@0/tda19988@70: Fixed dependency cycle(s) with /ocp/interconnect@48000000/segment@300000/target-module@e000/lcdc@0
[    0.394433] /ocp/interconnect@44c00000/segment@200000/target-module@b000/i2c@0/tda19988@70: Fixed dependency cycle(s) with /ocp/interconnect@48000000/segment@300000/target-module@e000/lcdc@0
[    0.397478] /ocp/interconnect@44c00000/segment@200000/target-module@10000/scm@0/pinmux@800: Fixed dependency cycle(s) with /ocp/interconnect@44c00000/segment@200000/target-module@10000/scm@0/pinmux@800/pinmux_clkout2_pin
[    0.398058] pinctrl-single 44e10800.pinmux: 142 pins, size 568
[    0.402933] ti-sysc: probe of 44e31000.target-module failed with error -16
[    0.452713] /ocp/interconnect@48000000/segment@300000/target-module@e000/lcdc@0: Fixed dependency cycle(s) with /ocp/interconnect@44c00000/segment@200000/target-module@b000/i2c@0/tda19988@70
[    0.459773] ti-sysc: probe of 48040000.target-module failed with error -16
[    0.470013] gpio gpiochip0: (gpio-0-31): created GPIO range 0->7 ==> 44e10800.pinmux PIN 0->7
[    0.470048] gpio gpiochip0: (gpio-0-31): created GPIO range 8->11 ==> 44e10800.pinmux PIN 90->93
[    0.470065] gpio gpiochip0: (gpio-0-31): created GPIO range 12->27 ==> 44e10800.pinmux PIN 12->27
[    0.470080] gpio gpiochip0: (gpio-0-31): created GPIO range 28->31 ==> 44e10800.pinmux PIN 30->33
[    0.470145] gpio gpiochip0: (gpio-0-31): not an immutable chip, please consider fixing it!
[    0.505133] gpio gpiochip0: (gpio-0-31): added GPIO chardev (254:0)
[    0.505303] gpio gpiochip0: registered GPIOs 0 to 31 on gpio-0-31
[    0.505391] OMAP GPIO hardware version 0.1
[    0.517049] i2c i2c-2: GPIO lookup for consumer scl
[    0.517078] i2c i2c-2: using device tree for GPIO lookup
[    0.517104] of_get_named_gpiod_flags: can't parse 'scl-gpios' property of node '/ocp/interconnect@48000000/segment@100000/target-module@9c000/i2c@0[0]'
[    0.517149] of_get_named_gpiod_flags: can't parse 'scl-gpio' property of node '/ocp/interconnect@48000000/segment@100000/target-module@9c000/i2c@0[0]'
[    0.517189] i2c i2c-2: using lookup tables for GPIO lookup
[    0.517199] i2c i2c-2: No GPIO consumer scl found
[    0.517219] i2c i2c-2: GPIO lookup for consumer sda
[    0.517227] i2c i2c-2: using device tree for GPIO lookup
[    0.517240] of_get_named_gpiod_flags: can't parse 'sda-gpios' property of node '/ocp/interconnect@48000000/segment@100000/target-module@9c000/i2c@0[0]'
[    0.517277] of_get_named_gpiod_flags: can't parse 'sda-gpio' property of node '/ocp/interconnect@48000000/segment@100000/target-module@9c000/i2c@0[0]'
[    0.517309] i2c i2c-2: using lookup tables for GPIO lookup
[    0.517317] i2c i2c-2: No GPIO consumer sda found
[    0.517968] omap_i2c 4819c000.i2c: bus 2 rev0.11 at 100 kHz
[    0.523231] gpio gpiochip1: (gpio-32-63): created GPIO range 0->17 ==> 44e10800.pinmux PIN 34->51
[    0.523265] gpio gpiochip1: (gpio-32-63): created GPIO range 18->21 ==> 44e10800.pinmux PIN 77->80
[    0.523281] gpio gpiochip1: (gpio-32-63): created GPIO range 22->31 ==> 44e10800.pinmux PIN 56->65
[    0.523345] gpio gpiochip1: (gpio-32-63): not an immutable chip, please consider fixing it!
[    0.536999] gpio gpiochip1: (gpio-32-63): added GPIO chardev (254:1)
[    0.537137] gpio gpiochip1: registered GPIOs 32 to 63 on gpio-32-63
[    0.539201] gpio gpiochip2: (gpio-64-95): created GPIO range 0->4 ==> 44e10800.pinmux PIN 66->70
[    0.539231] gpio gpiochip2: (gpio-64-95): created GPIO range 5->6 ==> 44e10800.pinmux PIN 98->99
[    0.539247] gpio gpiochip2: (gpio-64-95): created GPIO range 7->8 ==> 44e10800.pinmux PIN 75->76
[    0.539262] gpio gpiochip2: (gpio-64-95): created GPIO range 13->13 ==> 44e10800.pinmux PIN 141->141
[    0.539278] gpio gpiochip2: (gpio-64-95): created GPIO range 14->21 ==> 44e10800.pinmux PIN 100->107
[    0.539343] gpio gpiochip2: (gpio-64-95): not an immutable chip, please consider fixing it!
[    0.539788] gpio gpiochip2: (gpio-64-95): added GPIO chardev (254:2)
[    0.539900] gpio gpiochip2: registered GPIOs 64 to 95 on gpio-64-95
[    0.545892] /ocp/interconnect@48000000/segment@300000/target-module@e000/lcdc@0: Fixed dependency cycle(s) with /ocp/interconnect@44c00000/segment@200000/target-module@b000/i2c@0/tda19988@70
[    0.548455] /ocp/interconnect@48000000/segment@300000/target-module@e000/lcdc@0: Fixed dependency cycle(s) with /ocp/interconnect@44c00000/segment@200000/target-module@b000/i2c@0/tda19988@70
[    0.549088] /ocp/interconnect@44c00000/segment@200000/target-module@b000/i2c@0/tda19988@70: Fixed dependency cycle(s) with /ocp/interconnect@48000000/segment@300000/target-module@e000/lcdc@0
[    0.549242] /ocp/interconnect@48000000/segment@300000/target-module@e000/lcdc@0: Fixed dependency cycle(s) with /ocp/interconnect@44c00000/segment@200000/target-module@b000/i2c@0/tda19988@70
[    0.557878] mdio_bus 4a101000.mdio: GPIO lookup for consumer reset
[    0.557905] mdio_bus 4a101000.mdio: using device tree for GPIO lookup
[    0.557927] of_get_named_gpiod_flags: can't parse 'reset-gpios' property of node '/ocp/interconnect@4a000000/segment@0/target-module@100000/switch@0/mdio@1000[0]'
[    0.557974] of_get_named_gpiod_flags: can't parse 'reset-gpio' property of node '/ocp/interconnect@4a000000/segment@0/target-module@100000/switch@0/mdio@1000[0]'
[    0.558020] mdio_bus 4a101000.mdio: using lookup tables for GPIO lookup
[    0.558029] mdio_bus 4a101000.mdio: No GPIO consumer reset found
[    0.559076] sdhci-omap 481d8000.mmc: GPIO lookup for consumer wp
[    0.559098] sdhci-omap 481d8000.mmc: using device tree for GPIO lookup
[    0.559118] of_get_named_gpiod_flags: can't parse 'wp-gpios' property of node '/ocp/interconnect@48000000/segment@100000/target-module@d8000/mmc@0[0]'
[    0.559167] of_get_named_gpiod_flags: can't parse 'wp-gpio' property of node '/ocp/interconnect@48000000/segment@100000/target-module@d8000/mmc@0[0]'
[    0.559204] sdhci-omap 481d8000.mmc: using lookup tables for GPIO lookup
[    0.559213] sdhci-omap 481d8000.mmc: No GPIO consumer wp found
[    0.559395] sdhci-omap 481d8000.mmc: supply pbias not found, using dummy regulator
[    0.559833] sdhci-omap 481d8000.mmc: supply vqmmc not found, using dummy regulator
[    0.617303] davinci_mdio 4a101000.mdio: davinci mdio revision 1.6, bus freq 1000000
[    0.647289] mdio_bus 4a101000.mdio:00: GPIO lookup for consumer reset
[    0.647315] mdio_bus 4a101000.mdio:00: using device tree for GPIO lookup
[    0.647355] of_get_named_gpiod_flags: parsed 'reset-gpios' property of node '/ocp/interconnect@4a000000/segment@0/target-module@100000/switch@0/mdio@1000/ethernet-phy@0[0]' - status (0)
[    0.647522] gpio gpiochip0: Persistence not supported for GPIO 8
[    0.807939] davinci_mdio 4a101000.mdio: phy[0]: device 4a101000.mdio:00, driver SMSC LAN8710/LAN8720
[    0.808518] cpsw-switch 4a100000.switch: initialized cpsw ale version 1.4
[    0.808539] cpsw-switch 4a100000.switch: ALE Table size 1024
[    0.822118] cpsw-switch 4a100000.switch: cpts: overflow check period 500 (jiffies)
[    0.822142] cpsw-switch 4a100000.switch: CPTS: ref_clk_freq:250000000 calc_mult:2147483648 calc_shift:29 error:0 nsec/sec
[    0.822237] cpsw-switch 4a100000.switch: Detected MACID = 6c:ec:eb:68:de:78
[    0.823913] cpsw-switch 4a100000.switch: initialized (regs 0x4a100000, pool size 256) hw_ver:0019010C 1.12 (0)
[    0.833806] debugfs: Directory '49000000.dma' with parent 'dmaengine' already present!
[    0.833846] edma 49000000.dma: TI EDMA DMA engine driver
[    0.859668] gpio-clk clk_mcasp0: GPIO lookup for consumer enable
[    0.859699] gpio-clk clk_mcasp0: using device tree for GPIO lookup
[    0.859739] of_get_named_gpiod_flags: parsed 'enable-gpios' property of node '/clk_mcasp0[0]' - status (0)
[    0.859782] gpio gpiochip0: Persistence not supported for GPIO 27
[    0.860686] gpio gpiochip3: (gpio-96-127): created GPIO range 0->7 ==> 44e10800.pinmux PIN 82->89
[    0.860721] gpio gpiochip3: (gpio-96-127): created GPIO range 8->11 ==> 44e10800.pinmux PIN 52->55
[    0.860737] gpio gpiochip3: (gpio-96-127): created GPIO range 12->15 ==> 44e10800.pinmux PIN 94->97
[    0.860753] gpio gpiochip3: (gpio-96-127): created GPIO range 16->17 ==> 44e10800.pinmux PIN 71->72
[    0.860769] gpio gpiochip3: (gpio-96-127): created GPIO range 18->18 ==> 44e10800.pinmux PIN 135->135
[    0.860785] gpio gpiochip3: (gpio-96-127): created GPIO range 19->20 ==> 44e10800.pinmux PIN 108->109
[    0.860801] gpio gpiochip3: (gpio-96-127): created GPIO range 21->21 ==> 44e10800.pinmux PIN 73->73
[    0.860818] gpio gpiochip3: (gpio-96-127): created GPIO range 22->23 ==> 44e10800.pinmux PIN 8->9
[    0.860835] gpio gpiochip3: (gpio-96-127): created GPIO range 26->27 ==> 44e10800.pinmux PIN 10->11
[    0.860852] gpio gpiochip3: (gpio-96-127): created GPIO range 28->28 ==> 44e10800.pinmux PIN 74->74
[    0.860870] gpio gpiochip3: (gpio-96-127): created GPIO range 29->29 ==> 44e10800.pinmux PIN 81->81
[    0.860888] gpio gpiochip3: (gpio-96-127): created GPIO range 30->31 ==> 44e10800.pinmux PIN 28->29
[    0.861117] gpio gpiochip3: (gpio-96-127): not an immutable chip, please consider fixing it!
[    0.871432] gpio gpiochip3: (gpio-96-127): added GPIO chardev (254:3)
[    0.871574] gpio gpiochip3: registered GPIOs 96 to 127 on gpio-96-127
[    0.873147] omap8250 44e09000.serial: GPIO lookup for consumer rs485-term
[    0.873170] omap8250 44e09000.serial: using device tree for GPIO lookup
[    0.873193] of_get_named_gpiod_flags: can't parse 'rs485-term-gpios' property of node '/ocp/interconnect@44c00000/segment@200000/target-module@9000/serial@0[0]'
[    0.873246] of_get_named_gpiod_flags: can't parse 'rs485-term-gpio' property of node '/ocp/interconnect@44c00000/segment@200000/target-module@9000/serial@0[0]'
[    0.873288] omap8250 44e09000.serial: using lookup tables for GPIO lookup
[    0.873297] omap8250 44e09000.serial: No GPIO consumer rs485-term found
[    0.873346] 44e09000.serial: ttyS0 at MMIO 0x44e09000 (irq = 34, base_baud = 3000000) is a 8250
[    2.181137] printk: console [ttyS0] enabled
[    2.187922] i2c i2c-0: GPIO lookup for consumer scl
[    2.187957] i2c i2c-0: using device tree for GPIO lookup
[    2.187983] of_get_named_gpiod_flags: can't parse 'scl-gpios' property of node '/ocp/interconnect@44c00000/segment@200000/target-module@b000/i2c@0[0]'
[    2.188029] of_get_named_gpiod_flags: can't parse 'scl-gpio' property of node '/ocp/interconnect@44c00000/segment@200000/target-module@b000/i2c@0[0]'
[    2.188070] i2c i2c-0: using lookup tables for GPIO lookup
[    2.188082] i2c i2c-0: No GPIO consumer scl found
[    2.188104] i2c i2c-0: GPIO lookup for consumer sda
[    2.188113] i2c i2c-0: using device tree for GPIO lookup
[    2.188129] of_get_named_gpiod_flags: can't parse 'sda-gpios' property of node '/ocp/interconnect@44c00000/segment@200000/target-module@b000/i2c@0[0]'
[    2.188168] of_get_named_gpiod_flags: can't parse 'sda-gpio' property of node '/ocp/interconnect@44c00000/segment@200000/target-module@b000/i2c@0[0]'
[    2.188203] i2c i2c-0: using lookup tables for GPIO lookup
[    2.188212] i2c i2c-0: No GPIO consumer sda found
[    2.211803] tps65217-pmic: Failed to locate of_node [id: -1]
[    2.227560] tps65217-bl: Failed to locate of_node [id: -1]
[    2.236132] tps65217 0-0024: TPS65217 ID 0xe version 1.2
[    2.242188] /ocp/interconnect@48000000/segment@300000/target-module@e000/lcdc@0: Fixed dependency cycle(s) with /ocp/interconnect@44c00000/segment@200000/target-module@b000/i2c@0/tda19988@70
[    2.259491] /ocp/interconnect@44c00000/segment@200000/target-module@b000/i2c@0/tda19988@70: Fixed dependency cycle(s) with /ocp/interconnect@48000000/segment@300000/target-module@e000/lcdc@0
[    2.276816] omap_i2c 44e0b000.i2c: bus 0 rev0.11 at 400 kHz
[    2.284145] sdhci-omap 48060000.mmc: GPIO lookup for consumer cd
[    2.284174] sdhci-omap 48060000.mmc: using device tree for GPIO lookup
[    2.284214] of_get_named_gpiod_flags: parsed 'cd-gpios' property of node '/ocp/interconnect@48000000/segment@0/target-module@60000/mmc@0[0]' - status (0)
[    2.284341] gpio gpiochip3: Persistence not supported for GPIO 6
[    2.284365] omap_gpio 44e07000.gpio: Could not set line 6 debounce to 200000 microseconds (-22)
[    2.293231] sdhci-omap 48060000.mmc: Got CD GPIO
[    2.297879] sdhci-omap 48060000.mmc: GPIO lookup for consumer wp
[    2.297888] sdhci-omap 48060000.mmc: using device tree for GPIO lookup
[    2.297909] of_get_named_gpiod_flags: can't parse 'wp-gpios' property of node '/ocp/interconnect@48000000/segment@0/target-module@60000/mmc@0[0]'
[    2.297954] of_get_named_gpiod_flags: can't parse 'wp-gpio' property of node '/ocp/interconnect@48000000/segment@0/target-module@60000/mmc@0[0]'
[    2.297995] sdhci-omap 48060000.mmc: using lookup tables for GPIO lookup
[    2.298006] sdhci-omap 48060000.mmc: No GPIO consumer wp found
[    2.298202] sdhci-omap 48060000.mmc: supply pbias not found, using dummy regulator
[    2.306935] sdhci-omap 481d8000.mmc: GPIO lookup for consumer wp
[    2.306966] sdhci-omap 481d8000.mmc: using device tree for GPIO lookup
[    2.306987] of_get_named_gpiod_flags: can't parse 'wp-gpios' property of node '/ocp/interconnect@48000000/segment@100000/target-module@d8000/mmc@0[0]'
[    2.307040] of_get_named_gpiod_flags: can't parse 'wp-gpio' property of node '/ocp/interconnect@48000000/segment@100000/target-module@d8000/mmc@0[0]'
[    2.307080] sdhci-omap 481d8000.mmc: using lookup tables for GPIO lookup
[    2.307091] sdhci-omap 481d8000.mmc: No GPIO consumer wp found
[    2.307667] sdhci-omap 48060000.mmc: supply vqmmc not found, using dummy regulator
[    2.316025] sdhci-omap 481d8000.mmc: supply pbias not found, using dummy regulator
[    2.324175] sdhci-omap 481d8000.mmc: supply vqmmc not found, using dummy regulator
[    2.361000] mmc1: SDHCI controller on 481d8000.mmc [481d8000.mmc] using External DMA
[    2.369807] mmc0: SDHCI controller on 48060000.mmc [48060000.mmc] using External DMA
[    2.378517] cpsw-switch 4a100000.switch: starting ndev. mode: dual_mac
[    2.441235] mmc1: new high speed MMC card at address 0001
[    2.448023] mmcblk1: mmc1:0001 MMC04G 3.60 GiB 
[    2.455551]  mmcblk1: p1 p2
[    2.458976] mmc0: new high speed SDHC card at address aaaa
[    2.466166] mmcblk1boot0: mmc1:0001 MMC04G 2.00 MiB 
[    2.472556] mmcblk0: mmc0:aaaa SE32G 29.7 GiB 
[    2.478880] mmcblk1boot1: mmc1:0001 MMC04G 2.00 MiB 
[    2.486956] mmcblk1rpmb: mmc1:0001 MMC04G 128 KiB, chardev (250:0)
[    2.493675]  mmcblk0: p1 p2
[    2.532123] SMSC LAN8710/LAN8720 4a101000.mdio:00: attached PHY driver (mii_bus:phy_addr=4a101000.mdio:00, irq=POLL)
[    5.681686] cpsw-switch 4a100000.switch eth0: Link is Up - 100Mbps/Full - flow control off
[    5.690081] IPv6: ADDRCONF(NETDEV_CHANGE): eth0: link becomes ready
[    5.720973] IP-Config: Complete:
[    5.724234]      device=eth0, hwaddr=6c:ec:eb:68:de:78, ipaddr=192.168.255.1, mask=255.255.255.0, gw=255.255.255.255
[    5.734849]      host=bbb1, domain=, nis-domain=(none)
[    5.740014]      bootserver=192.168.255.126, rootserver=192.168.255.126, rootpath=
[    5.740408] clk: Disabling unused clocks
[    5.752280] KTAP version 1
[    5.755008] 1..0
[    5.778569] VFS: Mounted root (nfs filesystem) on device 0:16.
[    5.785575] devtmpfs: mounted
[    5.789913] Freeing unused kernel image (initmem) memory: 1024K
[    5.796551] Run /sbin/init as init process
[    5.800675]   with arguments:
[    5.800685]     /sbin/init
[    5.800693]     nfsrootdebug
[    5.800700]   with environment:
[    5.800706]     HOME=/
[    5.800713]     TERM=linux
[    6.473214] systemd[1]: System time before build time, advancing clock.
[    7.930967] random: crng init done
[    7.993671] systemd[1]: systemd 232 running in system mode. (+PAM +AUDIT +SELINUX +IMA +APPARMOR +SMACK +SYSVINIT +UTMP +LIBCRYPTSETUP +GCRYPT +GNUTLS +ACL +XZ +LZ4 +SECCOMP +BLKID +ELFUTILS +KMOD +IDN)
[    8.012767] systemd[1]: Detected architecture arm.
[    8.053740] systemd[1]: Set hostname to <arm>.
[    9.107803] systemd[1]: Started Forward Password Requests to Wall Directory Watch.
[    9.152995] systemd[1]: Listening on Journal Socket.
[    9.191635] systemd[1]: Listening on Syslog Socket.
[    9.232577] systemd[1]: Created slice System Slice.
[    9.302133] systemd[1]: Starting Remount Root and Kernel File Systems...
[    9.326367] systemd[1]: Mounting Debug File System...
[    9.368640] systemd[1]: Mounting POSIX Message Queue File System...
[   11.155586] systemd-journald[103]: Received request to flush runtime journal from PID 1
[   14.415817] of_get_named_gpiod_flags: parsed 'gpios' property of node '/leds/led2[0]' - status (0)
[   14.415910] gpio gpiochip0: Persistence not supported for GPIO 21
[   14.415923] gpio-21 (?): no flags found for gpios
[   14.416159] of_get_named_gpiod_flags: parsed 'gpios' property of node '/leds/led3[0]' - status (0)
[   14.416200] gpio gpiochip0: Persistence not supported for GPIO 22
[   14.416210] gpio-22 (?): no flags found for gpios
[   14.441562] of_get_named_gpiod_flags: parsed 'gpios' property of node '/leds/led4[0]' - status (0)
[   14.441642] gpio gpiochip0: Persistence not supported for GPIO 23
[   14.441655] gpio-23 (?): no flags found for gpios
[   14.461493] of_get_named_gpiod_flags: parsed 'gpios' property of node '/leds/led5[0]' - status (0)
[   14.461572] gpio gpiochip0: Persistence not supported for GPIO 24
[   14.461586] gpio-24 (?): no flags found for gpios
[   14.854386] remoteproc remoteproc0: wkup_m3 is available
[   14.990679] at24 2-0054: supply vcc not found, using dummy regulator
[   15.121992] at24 2-0055: supply vcc not found, using dummy regulator
[   15.301828] at24 2-0056: supply vcc not found, using dummy regulator
[   15.403098] wkup_m3_ipc 44e11324.wkup_m3_ipc: IPC Request for A8->M3 Channel failed! -517
[   15.428707] tps6521x_pwrbutton tps65217-pwrbutton: DMA mask not set
[   15.484369] at24 2-0057: supply vcc not found, using dummy regulator
[   15.542207] input: tps65217_pwrbutton as /devices/platform/ocp/44c00000.interconnect/44c00000.interconnect:segment@200000/44e0b000.target-module/44e0b000.i2c/i2c-0/0-0024/tps65217-pwrbutton/input/input0
[   15.561624] wkup_m3_ipc 44e11324.wkup_m3_ipc: IPC Request for A8->M3 Channel failed! -517
[   15.646119] at24 0-0050: GPIO lookup for consumer wp
[   15.646166] at24 0-0050: using device tree for GPIO lookup
[   15.646200] of_get_named_gpiod_flags: can't parse 'wp-gpios' property of node '/ocp/interconnect@44c00000/segment@200000/target-module@b000/i2c@0/baseboard_eeprom@50[0]'
[   15.646272] of_get_named_gpiod_flags: can't parse 'wp-gpio' property of node '/ocp/interconnect@44c00000/segment@200000/target-module@b000/i2c@0/baseboard_eeprom@50[0]'
[   15.646322] at24 0-0050: using lookup tables for GPIO lookup
[   15.646335] at24 0-0050: No GPIO consumer wp found
[   15.646610] at24 0-0050: 32768 byte 24c256 EEPROM, writable, 1 bytes/write
[   15.671612] wkup_m3_ipc 44e11324.wkup_m3_ipc: IPC Request for A8->M3 Channel failed! -517
[   15.895784] omap_rtc 44e3e000.rtc: registered as rtc0
[   15.901103] omap_rtc 44e3e000.rtc: setting system clock to 2000-01-01T00:00:00 UTC (946684800)
[   15.909805] omap_rtc 44e3e000.rtc: GPIO lookup for consumer wp
[   15.909818] omap_rtc 44e3e000.rtc: using device tree for GPIO lookup
[   15.909846] of_get_named_gpiod_flags: can't parse 'wp-gpios' property of node '/ocp/interconnect@44c00000/segment@200000/target-module@3e000/rtc@0[0]'
[   15.909901] of_get_named_gpiod_flags: can't parse 'wp-gpio' property of node '/ocp/interconnect@44c00000/segment@200000/target-module@3e000/rtc@0[0]'
[   15.909946] omap_rtc 44e3e000.rtc: using lookup tables for GPIO lookup
[   15.909958] omap_rtc 44e3e000.rtc: No GPIO consumer wp found
[   15.911593] wkup_m3_ipc 44e11324.wkup_m3_ipc: IPC Request for A8->M3 Channel failed! -517
[   16.119324] omap_wdt: OMAP Watchdog Timer Rev 0x01: initial timeout 60 sec
[   16.128248] wkup_m3_ipc 44e11324.wkup_m3_ipc: IPC Request for A8->M3 Channel failed! -517
[   16.226755] wkup_m3_ipc 44e11324.wkup_m3_ipc: IPC Request for A8->M3 Channel failed! -517
[   16.754549] am335x-phy-driver 47401300.usb-phy: GPIO lookup for consumer reset
[   16.754596] am335x-phy-driver 47401300.usb-phy: using device tree for GPIO lookup
[   16.754626] of_get_named_gpiod_flags: can't parse 'reset-gpios' property of node '/ocp/target-module@47400000/usb-phy@1300[0]'
[   16.754677] of_get_named_gpiod_flags: can't parse 'reset-gpio' property of node '/ocp/target-module@47400000/usb-phy@1300[0]'
[   16.754710] am335x-phy-driver 47401300.usb-phy: using lookup tables for GPIO lookup
[   16.754723] am335x-phy-driver 47401300.usb-phy: No GPIO consumer reset found
[   16.754734] am335x-phy-driver 47401300.usb-phy: GPIO lookup for consumer vbus-detect
[   16.754744] am335x-phy-driver 47401300.usb-phy: using device tree for GPIO lookup
[   16.754760] of_get_named_gpiod_flags: can't parse 'vbus-detect-gpios' property of node '/ocp/target-module@47400000/usb-phy@1300[0]'
[   16.754790] of_get_named_gpiod_flags: can't parse 'vbus-detect-gpio' property of node '/ocp/target-module@47400000/usb-phy@1300[0]'
[   16.754816] am335x-phy-driver 47401300.usb-phy: using lookup tables for GPIO lookup
[   16.754825] am335x-phy-driver 47401300.usb-phy: No GPIO consumer vbus-detect found
[   16.754959] am335x-phy-driver 47401300.usb-phy: supply vcc not found, using dummy regulator
[   16.764033] am335x-phy-driver 47401300.usb-phy: dummy supplies not allowed for exclusive requests
[   16.952488] usbcore: registered new interface driver usbfs
[   16.958113] usbcore: registered new interface driver hub
[   16.963715] usbcore: registered new device driver usb
[   17.011683] am335x-phy-driver 47401b00.usb-phy: GPIO lookup for consumer reset
[   17.011729] am335x-phy-driver 47401b00.usb-phy: using device tree for GPIO lookup
[   17.011764] of_get_named_gpiod_flags: can't parse 'reset-gpios' property of node '/ocp/target-module@47400000/usb-phy@1b00[0]'
[   17.011815] of_get_named_gpiod_flags: can't parse 'reset-gpio' property of node '/ocp/target-module@47400000/usb-phy@1b00[0]'
[   17.011849] am335x-phy-driver 47401b00.usb-phy: using lookup tables for GPIO lookup
[   17.011863] am335x-phy-driver 47401b00.usb-phy: No GPIO consumer reset found
[   17.011874] am335x-phy-driver 47401b00.usb-phy: GPIO lookup for consumer vbus-detect
[   17.011884] am335x-phy-driver 47401b00.usb-phy: using device tree for GPIO lookup
[   17.011900] of_get_named_gpiod_flags: can't parse 'vbus-detect-gpios' property of node '/ocp/target-module@47400000/usb-phy@1b00[0]'
[   17.011930] of_get_named_gpiod_flags: can't parse 'vbus-detect-gpio' property of node '/ocp/target-module@47400000/usb-phy@1b00[0]'
[   17.011955] am335x-phy-driver 47401b00.usb-phy: using lookup tables for GPIO lookup
[   17.011965] am335x-phy-driver 47401b00.usb-phy: No GPIO consumer vbus-detect found
[   17.012100] am335x-phy-driver 47401b00.usb-phy: supply vcc not found, using dummy regulator
[   17.020842] am335x-phy-driver 47401b00.usb-phy: dummy supplies not allowed for exclusive requests
[   17.032804] wkup_m3_ipc 44e11324.wkup_m3_ipc: IPC Request for A8->M3 Channel failed! -517
[   17.331990] wkup_m3_ipc 44e11324.wkup_m3_ipc: IPC Request for A8->M3 Channel failed! -517
[   17.990723] wkup_m3_ipc 44e11324.wkup_m3_ipc: IPC Request for A8->M3 Channel failed! -517
[   18.050056] musb-hdrc musb-hdrc.1: MUSB HDRC host driver
[   18.055681] musb-hdrc musb-hdrc.1: new USB bus registered, assigned bus number 1
[   18.078854] wkup_m3_ipc 44e11324.wkup_m3_ipc: IPC Request for A8->M3 Channel failed! -517
[   18.147576] omap-mailbox 480c8000.mailbox: omap mailbox rev 0x400
[   18.243412] remoteproc remoteproc0: powering up wkup_m3
[   18.351389] usb usb1: New USB device found, idVendor=1d6b, idProduct=0002, bcdDevice= 6.01
[   18.359743] usb usb1: New USB device strings: Mfr=3, Product=2, SerialNumber=1
[   18.367121] usb usb1: Product: MUSB HDRC host driver
[   18.372148] usb usb1: Manufacturer: Linux 6.1.155 musb-hcd
[   18.377660] usb usb1: SerialNumber: musb-hdrc.1
[   18.620605] remoteproc remoteproc0: Direct firmware load for am335x-pm-firmware.elf failed with error -2
[   18.630491] remoteproc remoteproc0: request_firmware failed: -2
[   18.636509] wkup_m3_ipc 44e11324.wkup_m3_ipc: rproc_boot failed
[   18.891708] hub 1-0:1.0: USB hub found
[   18.947239] hub 1-0:1.0: 1 port detected
[   19.225983] tda998x 0-0070: found TDA19988
[   20.039148] omap_rng 48310000.rng: Random Number Generator ver. 20
[   20.270416] tilcdc 4830e000.lcdc: bound 0-0070 (ops tda998x_audio_codec_init [tda998x])
[   20.419002] [drm] Initialized tilcdc 1.0.0 20121205 for 4830e000.lcdc on minor 0
[   20.525971] tilcdc 4830e000.lcdc: [drm] Cannot find any crtc or sizes
[   20.537531] tilcdc 4830e000.lcdc: [drm] Cannot find any crtc or sizes
[   21.206930] PM: Cannot get wkup_m3_ipc handle
[   21.332802] omap-sham 53100000.sham: hw accel on OMAP rev 4.3
[   21.396663] omap-aes 53500000.aes: OMAP AES hw accel rev: 3.2
[   21.479127] omap-sham 53100000.sham: will run requests pump with realtime priority
[   21.574333] omap-aes 53500000.aes: will run requests pump with realtime priority
[   21.752805] PM: Cannot get wkup_m3_ipc handle
[   21.871839] PM: Cannot get wkup_m3_ipc handle
[   22.606628] Bluetooth: Core ver 2.22
[   22.610434] NET: Registered PF_BLUETOOTH protocol family
[   22.615977] Bluetooth: HCI device and connection manager initialized
[   22.622443] Bluetooth: HCI socket layer initialized
[   22.627373] Bluetooth: L2CAP socket layer initialized
[   22.632509] Bluetooth: SCO socket layer initialized
[   25.225224] PM: Cannot get wkup_m3_ipc handle
[   25.231209] asoc-simple-card sound: GPIO lookup for consumer simple-audio-card,hp-det
[   25.231243] asoc-simple-card sound: using device tree for GPIO lookup
[   25.231275] of_get_named_gpiod_flags: can't parse 'simple-audio-card,hp-det-gpios' property of node '/sound[0]'
[   25.231320] of_get_named_gpiod_flags: can't parse 'simple-audio-card,hp-det-gpio' property of node '/sound[0]'
[   25.231346] asoc-simple-card sound: using lookup tables for GPIO lookup
[   25.231358] asoc-simple-card sound: No GPIO consumer simple-audio-card,hp-det found
[   25.231370] asoc-simple-card sound: GPIO lookup for consumer simple-audio-card,mic-det
[   25.231379] asoc-simple-card sound: using device tree for GPIO lookup
[   25.231396] of_get_named_gpiod_flags: can't parse 'simple-audio-card,mic-det-gpios' property of node '/sound[0]'
[   25.231419] of_get_named_gpiod_flags: can't parse 'simple-audio-card,mic-det-gpio' property of node '/sound[0]'
[   25.231438] asoc-simple-card sound: using lookup tables for GPIO lookup
[   25.231448] asoc-simple-card sound: No GPIO consumer simple-audio-card,mic-det found
[   25.339001] PM: Cannot get wkup_m3_ipc handle
[   27.998724] using random self ethernet address
[   28.003425] using random host ethernet address
[   28.207649] using random self ethernet address
[   28.212339] using random host ethernet address
[   28.415416] userial_init: registered 8 ttyGS* devices
[   28.567418] rndis_register: configNr = 0
[   28.724749] udc musb-hdrc.0: binding gadget driver [g_multi]
[   28.724831] configfs-gadget.g_multi gadget.0: adding 'rndis'/8ebcf24d to config 'c'/a2003c18
[   28.725837] usb0: HOST MAC 1c:ba:8c:a2:ed:6c
[   28.730161] usb0: MAC 1c:ba:8c:a2:ed:70
[   28.734276] rndis_set_param_medium: 0 0
[   28.734301] configfs-gadget.g_multi gadget.0: RNDIS: dual speed IN/ep1in OUT/ep1out NOTIFY/ep2in
[   28.734316] configfs-gadget.g_multi gadget.0: adding 'cdc_ethernet'/db336945 to config 'c'/a2003c18
[   28.735128] usb1: HOST MAC 1c:ba:8c:a2:ed:6c
[   28.739443] usb1: MAC 1c:ba:8c:a2:ed:6d
[   28.743442] configfs-gadget.g_multi gadget.0: CDC Ethernet: dual speed IN/ep3in OUT/ep2out NOTIFY/ep4in
[   28.743462] configfs-gadget.g_multi gadget.0: adding 'acm'/96d575f9 to config 'c'/a2003c18
[   28.743494] configfs-gadget.g_multi gadget.0: acm ttyGS0: dual speed IN/ep5in OUT/ep3out NOTIFY/ep6in
[   28.752417] PM: Cannot get wkup_m3_ipc handle
[   30.533433] usb1: eth_open
[   34.307715] gs_open: ttyGS0 (b5ea03c1,da0456a9)
[   34.307865] gs_close: ttyGS0 (b5ea03c1,da0456a9) ...
[   34.307884] gs_close: ttyGS0 (b5ea03c1,da0456a9) done!
[   34.308044] gs_open: ttyGS0 (73cb9e97,a87e24c6)
[   34.308115] gs_close: ttyGS0 (73cb9e97,a87e24c6) ...
[   34.308131] gs_close: ttyGS0 (73cb9e97,a87e24c6) done!
[   34.495543] gs_open: ttyGS0 (745bef4c,9cc8c1da)
[   34.495751] gs_close: ttyGS0 (745bef4c,9cc8c1da) ...
[   34.495773] gs_close: ttyGS0 (745bef4c,9cc8c1da) done!
[   34.498528] gs_open: ttyGS0 (73cb9e97,bde34c8b)
YOSMAEFYVZ 0
root@arm:~# echo 'MUBJ''WXUNXK'
MUBJWXUNXK
root@arm:~# MARKER='OSNS''FAZZOQ' run 'modprobe test_linear_ranges'
OSNSFAZZOQOSNSFAZZOQ 0
root@arm:~# echo 'TPBO''XTULWU'
TPBOXTULWU
root@arm:~# MARKER='NCFV''TJCLXQ' run dmesg
NCFVTJCLXQ[    0.000000] Booting Linux on physical CPU 0x0
[    0.000000] Linux version 6.1.155 (user01@drvtest01) (arm-none-eabi-gcc (Arm GNU Toolchain 14.2.Rel1 (Build arm-14.52)) 14.2.1 20241119, GNU ld (Arm GNU Toolchain 14.2.Rel1 (Build arm-14.52)) 2.43.1.20241119) #1 SMP Thu Oct  2 16:02:50 EEST 2025
[    0.000000] CPU: ARMv7 Processor [413fc082] revision 2 (ARMv7), cr=10c5387d
[    0.000000] CPU: PIPT / VIPT nonaliasing data cache, VIPT aliasing instruction cache
[    0.000000] OF: fdt: Machine model: TI AM335x BeagleBone Black
[    0.000000] Memory policy: Data cache writeback
[    0.000000] cma: Reserved 16 MiB at 0x9ec00000
[    0.000000] Zone ranges:
[    0.000000]   Normal   [mem 0x0000000080000000-0x000000009fdfffff]
[    0.000000]   HighMem  empty
[    0.000000] Movable zone start for each node
[    0.000000] Early memory node ranges
[    0.000000]   node   0: [mem 0x0000000080000000-0x000000009fdfffff]
[    0.000000] Initmem setup node 0 [mem 0x0000000080000000-0x000000009fdfffff]
[    0.000000] CPU: All CPU(s) started in SVC mode.
[    0.000000] AM335X ES2.1 (sgx neon)
[    0.000000] percpu: Embedded 16 pages/cpu s34196 r8192 d23148 u65536
[    0.000000] pcpu-alloc: s34196 r8192 d23148 u65536 alloc=16*4096
[    0.000000] pcpu-alloc: [0] 0 
[    0.000000] Built 1 zonelists, mobility grouping on.  Total pages: 129412
[    0.000000] Kernel command line: console=ttyO0,115200n8 root=/dev/nfs rw nfsroot=192.168.255.126:/home/user01/nfs,nfsvers=3 ip=192.168.255.1:192.168.255.126::255.255.255.0:bbb1:eth0 nfsrootdebug
[    0.000000] Unknown kernel command line parameters "nfsrootdebug", will be passed to user space.
[    0.000000] Dentry cache hash table entries: 65536 (order: 6, 262144 bytes, linear)
[    0.000000] Inode-cache hash table entries: 32768 (order: 5, 131072 bytes, linear)
[    0.000000] mem auto-init: stack:off, heap alloc:off, heap free:off
[    0.000000] Memory: 484644K/522240K available (10240K kernel code, 1145K rwdata, 2604K rodata, 1024K init, 286K bss, 21212K reserved, 16384K cma-reserved, 0K highmem)
[    0.000000] SLUB: HWalign=64, Order=0-3, MinObjects=0, CPUs=1, Nodes=1
[    0.000000] trace event string verifier disabled
[    0.000000] rcu: Hierarchical RCU implementation.
[    0.000000] rcu: 	RCU event tracing is enabled.
[    0.000000] rcu: 	RCU restricting CPUs from NR_CPUS=2 to nr_cpu_ids=1.
[    0.000000] rcu: RCU calculated value of scheduler-enlistment delay is 10 jiffies.
[    0.000000] rcu: Adjusting geometry for rcu_fanout_leaf=16, nr_cpu_ids=1
[    0.000000] NR_IRQS: 16, nr_irqs: 16, preallocated irqs: 16
[    0.000000] IRQ: Found an INTC at 0x(ptrval) (revision 5.0) with 128 interrupts
[    0.000000] rcu: srcu_init: Setting srcu_struct sizes based on contention.
[    0.000000] TI gptimer clocksource: always-on /ocp/interconnect@44c00000/segment@200000/target-module@31000
[    0.000002] sched_clock: 32 bits at 24MHz, resolution 41ns, wraps every 89478484971ns
[    0.000026] clocksource: dmtimer: mask: 0xffffffff max_cycles: 0xffffffff, max_idle_ns: 79635851949 ns
[    0.000440] TI gptimer clockevent: 24000000 Hz at /ocp/interconnect@48000000/segment@0/target-module@40000
[    0.001976] Console: colour dummy device 80x30
[    0.002022] WARNING: Your 'console=ttyO0' has been replaced by 'ttyS0'
[    0.002030] This ensures that you still see kernel messages. Please
[    0.002035] update your kernel commandline.
[    0.002075] Calibrating delay loop... 996.14 BogoMIPS (lpj=4980736)
[    0.090485] CPU: Testing write buffer coherency: ok
[    0.090582] CPU0: Spectre v2: using BPIALL workaround
[    0.090595] pid_max: default: 32768 minimum: 301
[    0.090725] LSM: Security Framework initializing
[    0.090897] Mount-cache hash table entries: 1024 (order: 0, 4096 bytes, linear)
[    0.090915] Mountpoint-cache hash table entries: 1024 (order: 0, 4096 bytes, linear)
[    0.092411] CPU0: thread -1, cpu 0, socket -1, mpidr 0
[    0.093652] Setting up static identity map for 0x80100000 - 0x80100078
[    0.093883] rcu: Hierarchical SRCU implementation.
[    0.093893] rcu: 	Max phase no-delay instances is 1000.
[    0.095188] smp: Bringing up secondary CPUs ...
[    0.095207] smp: Brought up 1 node, 1 CPU
[    0.095217] SMP: Total of 1 processors activated (996.14 BogoMIPS).
[    0.095227] CPU: All CPU(s) started in SVC mode.
[    0.096134] devtmpfs: initialized
[    0.111277] VFP support v0.3: implementor 41 architecture 3 part 30 variant c rev 3
[    0.111593] clocksource: jiffies: mask: 0xffffffff max_cycles: 0xffffffff, max_idle_ns: 19112604462750000 ns
[    0.111627] futex hash table entries: 256 (order: 2, 16384 bytes, linear)
[    0.112928] pinctrl core: initialized pinctrl subsystem
[    0.114831] NET: Registered PF_NETLINK/PF_ROUTE protocol family
[    0.116836] DMA: preallocated 256 KiB pool for atomic coherent allocations
[    0.117397] audit: initializing netlink subsys (disabled)
[    0.118579] thermal_sys: Registered thermal governor 'fair_share'
[    0.118596] thermal_sys: Registered thermal governor 'step_wise'
[    0.118602] thermal_sys: Registered thermal governor 'user_space'
[    0.118723] cpuidle: using governor menu
[    0.135278] /ocp/interconnect@44c00000/segment@200000/target-module@b000/i2c@0/tda19988@70: Fixed dependency cycle(s) with /ocp/interconnect@48000000/segment@300000/target-module@e000/lcdc@0
[    0.136293] /ocp/interconnect@48000000/segment@300000/target-module@e000/lcdc@0: Fixed dependency cycle(s) with /ocp/interconnect@44c00000/segment@200000/target-module@b000/i2c@0/tda19988@70
[    0.138272] No ATAGs?
[    0.138290] hw-breakpoint: debug architecture 0x4 unsupported.
[    0.146803] audit: type=2000 audit(0.110:1): state=initialized audit_enabled=0 res=1
[    0.147099] kprobes: kprobe jump-optimization is enabled. All kprobes are optimized if possible.
[    0.163260] reg-fixed-voltage fixedregulator0: GPIO lookup for consumer (null)
[    0.163285] reg-fixed-voltage fixedregulator0: using device tree for GPIO lookup
[    0.163306] of_get_named_gpiod_flags: can't parse 'gpios' property of node '/fixedregulator0[0]'
[    0.163343] of_get_named_gpiod_flags: can't parse 'gpio' property of node '/fixedregulator0[0]'
[    0.163365] reg-fixed-voltage fixedregulator0: using lookup tables for GPIO lookup
[    0.163375] reg-fixed-voltage fixedregulator0: No GPIO consumer (null) found
[    0.164523] iommu: Default domain type: Translated 
[    0.164537] iommu: DMA domain TLB invalidation policy: strict mode 
[    0.165960] SCSI subsystem initialized
[    0.166472] libata version 3.00 loaded.
[    0.166807] pps_core: LinuxPPS API ver. 1 registered
[    0.166817] pps_core: Software ver. 5.3.6 - Copyright 2005-2007 Rodolfo Giometti <giometti@linux.it>
[    0.166842] PTP clock support registered
[    0.180637] vgaarb: loaded
[    0.180958] clocksource: Switched to clocksource dmtimer
[    0.181559] VFS: Disk quotas dquot_6.6.0
[    0.181626] VFS: Dquot-cache hash table entries: 1024 (order 0, 4096 bytes)
[    0.198034] NET: Registered PF_INET protocol family
[    0.198370] IP idents hash table entries: 8192 (order: 4, 65536 bytes, linear)
[    0.199743] tcp_listen_portaddr_hash hash table entries: 512 (order: 0, 4096 bytes, linear)
[    0.199789] Table-perturb hash table entries: 65536 (order: 6, 262144 bytes, linear)
[    0.199808] TCP established hash table entries: 4096 (order: 2, 16384 bytes, linear)
[    0.199856] TCP bind hash table entries: 4096 (order: 4, 65536 bytes, linear)
[    0.199955] TCP: Hash tables configured (established 4096 bind 4096)
[    0.200071] UDP hash table entries: 256 (order: 1, 8192 bytes, linear)
[    0.200096] UDP-Lite hash table entries: 256 (order: 1, 8192 bytes, linear)
[    0.200274] NET: Registered PF_UNIX/PF_LOCAL protocol family
[    0.216944] RPC: Registered named UNIX socket transport module.
[    0.216966] RPC: Registered udp transport module.
[    0.216971] RPC: Registered tcp transport module.
[    0.216976] RPC: Registered tcp NFSv4.1 backchannel transport module.
[    0.216995] PCI: CLS 0 bytes, default 64
[    0.218442] Initialise system trusted keyrings
[    0.219441] workingset: timestamp_bits=14 max_order=17 bucket_order=3
[    0.228627] NFS: Registering the id_resolver key type
[    0.228702] Key type id_resolver registered
[    0.228710] Key type id_legacy registered
[    0.228762] jffs2: version 2.2. (NAND) (SUMMARY)  Â© 2001-2006 Red Hat, Inc.
[    0.229476] Key type asymmetric registered
[    0.229492] Asymmetric key parser 'x509' registered
[    0.229636] io scheduler mq-deadline registered
[    0.229648] io scheduler kyber registered
[    0.229881] io scheduler bfq registered
[    0.233484] hw perfevents: enabled with armv7_cortex_a8 PMU driver, 5 counters available
[    0.241691] l3-aon-clkctrl:0000:0: failed to disable
[    0.242009] Serial: 8250/16550 driver, 6 ports, IRQ sharing enabled
[    0.276870] brd: module loaded
[    0.298375] loop: module loaded
[    0.299263] mtdoops: mtd device (mtddev=name/number) must be supplied
[    0.300601] mdio_bus fixed-0: GPIO lookup for consumer reset
[    0.300621] mdio_bus fixed-0: using lookup tables for GPIO lookup
[    0.300631] mdio_bus fixed-0: No GPIO consumer reset found
[    0.301889] i2c_dev: i2c /dev entries driver
[    0.302798] cpuidle: enable-method property 'ti,am3352' found operations
[    0.303220] sdhci: Secure Digital Host Controller Interface driver
[    0.303230] sdhci: Copyright(c) Pierre Ossman
[    0.303404] sdhci-pltfm: SDHCI platform and OF driver helper
[    0.303653] ledtrig-cpu: registered to indicate activity on CPUs
[    0.304383] Initializing XFRM netlink socket
[    0.304939] NET: Registered PF_INET6 protocol family
[    0.316153] Segment Routing with IPv6
[    0.316228] In-situ OAM (IOAM) with IPv6
[    0.316322] sit: IPv6, IPv4 and MPLS over IPv4 tunneling driver
[    0.317202] NET: Registered PF_PACKET protocol family
[    0.317232] NET: Registered PF_KEY protocol family
[    0.317331] Key type dns_resolver registered
[    0.317445] ThumbEE CPU extension supported.
[    0.317463] Registering SWP/SWPB emulation handler
[    0.317970] omap_voltage_late_init: Voltage driver support not added
[    0.318594] SmartReflex Class3 initialized
[    0.319514] Loading compiled-in X.509 certificates
[    0.380001] /ocp/interconnect@44c00000/segment@200000/target-module@b000/i2c@0/tda19988@70: Fixed dependency cycle(s) with /ocp/interconnect@48000000/segment@300000/target-module@e000/lcdc@0
[    0.386031] /ocp/interconnect@44c00000/segment@200000/target-module@b000/i2c@0/tda19988@70: Fixed dependency cycle(s) with /ocp/interconnect@48000000/segment@300000/target-module@e000/lcdc@0
[    0.393639] /ocp/interconnect@44c00000/segment@200000/target-module@b000/i2c@0/tda19988@70: Fixed dependency cycle(s) with /ocp/interconnect@48000000/segment@300000/target-module@e000/lcdc@0
[    0.394433] /ocp/interconnect@44c00000/segment@200000/target-module@b000/i2c@0/tda19988@70: Fixed dependency cycle(s) with /ocp/interconnect@48000000/segment@300000/target-module@e000/lcdc@0
[    0.397478] /ocp/interconnect@44c00000/segment@200000/target-module@10000/scm@0/pinmux@800: Fixed dependency cycle(s) with /ocp/interconnect@44c00000/segment@200000/target-module@10000/scm@0/pinmux@800/pinmux_clkout2_pin
[    0.398058] pinctrl-single 44e10800.pinmux: 142 pins, size 568
[    0.402933] ti-sysc: probe of 44e31000.target-module failed with error -16
[    0.452713] /ocp/interconnect@48000000/segment@300000/target-module@e000/lcdc@0: Fixed dependency cycle(s) with /ocp/interconnect@44c00000/segment@200000/target-module@b000/i2c@0/tda19988@70
[    0.459773] ti-sysc: probe of 48040000.target-module failed with error -16
[    0.470013] gpio gpiochip0: (gpio-0-31): created GPIO range 0->7 ==> 44e10800.pinmux PIN 0->7
[    0.470048] gpio gpiochip0: (gpio-0-31): created GPIO range 8->11 ==> 44e10800.pinmux PIN 90->93
[    0.470065] gpio gpiochip0: (gpio-0-31): created GPIO range 12->27 ==> 44e10800.pinmux PIN 12->27
[    0.470080] gpio gpiochip0: (gpio-0-31): created GPIO range 28->31 ==> 44e10800.pinmux PIN 30->33
[    0.470145] gpio gpiochip0: (gpio-0-31): not an immutable chip, please consider fixing it!
[    0.505133] gpio gpiochip0: (gpio-0-31): added GPIO chardev (254:0)
[    0.505303] gpio gpiochip0: registered GPIOs 0 to 31 on gpio-0-31
[    0.505391] OMAP GPIO hardware version 0.1
[    0.517049] i2c i2c-2: GPIO lookup for consumer scl
[    0.517078] i2c i2c-2: using device tree for GPIO lookup
[    0.517104] of_get_named_gpiod_flags: can't parse 'scl-gpios' property of node '/ocp/interconnect@48000000/segment@100000/target-module@9c000/i2c@0[0]'
[    0.517149] of_get_named_gpiod_flags: can't parse 'scl-gpio' property of node '/ocp/interconnect@48000000/segment@100000/target-module@9c000/i2c@0[0]'
[    0.517189] i2c i2c-2: using lookup tables for GPIO lookup
[    0.517199] i2c i2c-2: No GPIO consumer scl found
[    0.517219] i2c i2c-2: GPIO lookup for consumer sda
[    0.517227] i2c i2c-2: using device tree for GPIO lookup
[    0.517240] of_get_named_gpiod_flags: can't parse 'sda-gpios' property of node '/ocp/interconnect@48000000/segment@100000/target-module@9c000/i2c@0[0]'
[    0.517277] of_get_named_gpiod_flags: can't parse 'sda-gpio' property of node '/ocp/interconnect@48000000/segment@100000/target-module@9c000/i2c@0[0]'
[    0.517309] i2c i2c-2: using lookup tables for GPIO lookup
[    0.517317] i2c i2c-2: No GPIO consumer sda found
[    0.517968] omap_i2c 4819c000.i2c: bus 2 rev0.11 at 100 kHz
[    0.523231] gpio gpiochip1: (gpio-32-63): created GPIO range 0->17 ==> 44e10800.pinmux PIN 34->51
[    0.523265] gpio gpiochip1: (gpio-32-63): created GPIO range 18->21 ==> 44e10800.pinmux PIN 77->80
[    0.523281] gpio gpiochip1: (gpio-32-63): created GPIO range 22->31 ==> 44e10800.pinmux PIN 56->65
[    0.523345] gpio gpiochip1: (gpio-32-63): not an immutable chip, please consider fixing it!
[    0.536999] gpio gpiochip1: (gpio-32-63): added GPIO chardev (254:1)
[    0.537137] gpio gpiochip1: registered GPIOs 32 to 63 on gpio-32-63
[    0.539201] gpio gpiochip2: (gpio-64-95): created GPIO range 0->4 ==> 44e10800.pinmux PIN 66->70
[    0.539231] gpio gpiochip2: (gpio-64-95): created GPIO range 5->6 ==> 44e10800.pinmux PIN 98->99
[    0.539247] gpio gpiochip2: (gpio-64-95): created GPIO range 7->8 ==> 44e10800.pinmux PIN 75->76
[    0.539262] gpio gpiochip2: (gpio-64-95): created GPIO range 13->13 ==> 44e10800.pinmux PIN 141->141
[    0.539278] gpio gpiochip2: (gpio-64-95): created GPIO range 14->21 ==> 44e10800.pinmux PIN 100->107
[    0.539343] gpio gpiochip2: (gpio-64-95): not an immutable chip, please consider fixing it!
[    0.539788] gpio gpiochip2: (gpio-64-95): added GPIO chardev (254:2)
[    0.539900] gpio gpiochip2: registered GPIOs 64 to 95 on gpio-64-95
[    0.545892] /ocp/interconnect@48000000/segment@300000/target-module@e000/lcdc@0: Fixed dependency cycle(s) with /ocp/interconnect@44c00000/segment@200000/target-module@b000/i2c@0/tda19988@70
[    0.548455] /ocp/interconnect@48000000/segment@300000/target-module@e000/lcdc@0: Fixed dependency cycle(s) with /ocp/interconnect@44c00000/segment@200000/target-module@b000/i2c@0/tda19988@70
[    0.549088] /ocp/interconnect@44c00000/segment@200000/target-module@b000/i2c@0/tda19988@70: Fixed dependency cycle(s) with /ocp/interconnect@48000000/segment@300000/target-module@e000/lcdc@0
[    0.549242] /ocp/interconnect@48000000/segment@300000/target-module@e000/lcdc@0: Fixed dependency cycle(s) with /ocp/interconnect@44c00000/segment@200000/target-module@b000/i2c@0/tda19988@70
[    0.557878] mdio_bus 4a101000.mdio: GPIO lookup for consumer reset
[    0.557905] mdio_bus 4a101000.mdio: using device tree for GPIO lookup
[    0.557927] of_get_named_gpiod_flags: can't parse 'reset-gpios' property of node '/ocp/interconnect@4a000000/segment@0/target-module@100000/switch@0/mdio@1000[0]'
[    0.557974] of_get_named_gpiod_flags: can't parse 'reset-gpio' property of node '/ocp/interconnect@4a000000/segment@0/target-module@100000/switch@0/mdio@1000[0]'
[    0.558020] mdio_bus 4a101000.mdio: using lookup tables for GPIO lookup
[    0.558029] mdio_bus 4a101000.mdio: No GPIO consumer reset found
[    0.559076] sdhci-omap 481d8000.mmc: GPIO lookup for consumer wp
[    0.559098] sdhci-omap 481d8000.mmc: using device tree for GPIO lookup
[    0.559118] of_get_named_gpiod_flags: can't parse 'wp-gpios' property of node '/ocp/interconnect@48000000/segment@100000/target-module@d8000/mmc@0[0]'
[    0.559167] of_get_named_gpiod_flags: can't parse 'wp-gpio' property of node '/ocp/interconnect@48000000/segment@100000/target-module@d8000/mmc@0[0]'
[    0.559204] sdhci-omap 481d8000.mmc: using lookup tables for GPIO lookup
[    0.559213] sdhci-omap 481d8000.mmc: No GPIO consumer wp found
[    0.559395] sdhci-omap 481d8000.mmc: supply pbias not found, using dummy regulator
[    0.559833] sdhci-omap 481d8000.mmc: supply vqmmc not found, using dummy regulator
[    0.617303] davinci_mdio 4a101000.mdio: davinci mdio revision 1.6, bus freq 1000000
[    0.647289] mdio_bus 4a101000.mdio:00: GPIO lookup for consumer reset
[    0.647315] mdio_bus 4a101000.mdio:00: using device tree for GPIO lookup
[    0.647355] of_get_named_gpiod_flags: parsed 'reset-gpios' property of node '/ocp/interconnect@4a000000/segment@0/target-module@100000/switch@0/mdio@1000/ethernet-phy@0[0]' - status (0)
[    0.647522] gpio gpiochip0: Persistence not supported for GPIO 8
[    0.807939] davinci_mdio 4a101000.mdio: phy[0]: device 4a101000.mdio:00, driver SMSC LAN8710/LAN8720
[    0.808518] cpsw-switch 4a100000.switch: initialized cpsw ale version 1.4
[    0.808539] cpsw-switch 4a100000.switch: ALE Table size 1024
[    0.822118] cpsw-switch 4a100000.switch: cpts: overflow check period 500 (jiffies)
[    0.822142] cpsw-switch 4a100000.switch: CPTS: ref_clk_freq:250000000 calc_mult:2147483648 calc_shift:29 error:0 nsec/sec
[    0.822237] cpsw-switch 4a100000.switch: Detected MACID = 6c:ec:eb:68:de:78
[    0.823913] cpsw-switch 4a100000.switch: initialized (regs 0x4a100000, pool size 256) hw_ver:0019010C 1.12 (0)
[    0.833806] debugfs: Directory '49000000.dma' with parent 'dmaengine' already present!
[    0.833846] edma 49000000.dma: TI EDMA DMA engine driver
[    0.859668] gpio-clk clk_mcasp0: GPIO lookup for consumer enable
[    0.859699] gpio-clk clk_mcasp0: using device tree for GPIO lookup
[    0.859739] of_get_named_gpiod_flags: parsed 'enable-gpios' property of node '/clk_mcasp0[0]' - status (0)
[    0.859782] gpio gpiochip0: Persistence not supported for GPIO 27
[    0.860686] gpio gpiochip3: (gpio-96-127): created GPIO range 0->7 ==> 44e10800.pinmux PIN 82->89
[    0.860721] gpio gpiochip3: (gpio-96-127): created GPIO range 8->11 ==> 44e10800.pinmux PIN 52->55
[    0.860737] gpio gpiochip3: (gpio-96-127): created GPIO range 12->15 ==> 44e10800.pinmux PIN 94->97
[    0.860753] gpio gpiochip3: (gpio-96-127): created GPIO range 16->17 ==> 44e10800.pinmux PIN 71->72
[    0.860769] gpio gpiochip3: (gpio-96-127): created GPIO range 18->18 ==> 44e10800.pinmux PIN 135->135
[    0.860785] gpio gpiochip3: (gpio-96-127): created GPIO range 19->20 ==> 44e10800.pinmux PIN 108->109
[    0.860801] gpio gpiochip3: (gpio-96-127): created GPIO range 21->21 ==> 44e10800.pinmux PIN 73->73
[    0.860818] gpio gpiochip3: (gpio-96-127): created GPIO range 22->23 ==> 44e10800.pinmux PIN 8->9
[    0.860835] gpio gpiochip3: (gpio-96-127): created GPIO range 26->27 ==> 44e10800.pinmux PIN 10->11
[    0.860852] gpio gpiochip3: (gpio-96-127): created GPIO range 28->28 ==> 44e10800.pinmux PIN 74->74
[    0.860870] gpio gpiochip3: (gpio-96-127): created GPIO range 29->29 ==> 44e10800.pinmux PIN 81->81
[    0.860888] gpio gpiochip3: (gpio-96-127): created GPIO range 30->31 ==> 44e10800.pinmux PIN 28->29
[    0.861117] gpio gpiochip3: (gpio-96-127): not an immutable chip, please consider fixing it!
[    0.871432] gpio gpiochip3: (gpio-96-127): added GPIO chardev (254:3)
[    0.871574] gpio gpiochip3: registered GPIOs 96 to 127 on gpio-96-127
[    0.873147] omap8250 44e09000.serial: GPIO lookup for consumer rs485-term
[    0.873170] omap8250 44e09000.serial: using device tree for GPIO lookup
[    0.873193] of_get_named_gpiod_flags: can't parse 'rs485-term-gpios' property of node '/ocp/interconnect@44c00000/segment@200000/target-module@9000/serial@0[0]'
[    0.873246] of_get_named_gpiod_flags: can't parse 'rs485-term-gpio' property of node '/ocp/interconnect@44c00000/segment@200000/target-module@9000/serial@0[0]'
[    0.873288] omap8250 44e09000.serial: using lookup tables for GPIO lookup
[    0.873297] omap8250 44e09000.serial: No GPIO consumer rs485-term found
[    0.873346] 44e09000.serial: ttyS0 at MMIO 0x44e09000 (irq = 34, base_baud = 3000000) is a 8250
[    2.181137] printk: console [ttyS0] enabled
[    2.187922] i2c i2c-0: GPIO lookup for consumer scl
[    2.187957] i2c i2c-0: using device tree for GPIO lookup
[    2.187983] of_get_named_gpiod_flags: can't parse 'scl-gpios' property of node '/ocp/interconnect@44c00000/segment@200000/target-module@b000/i2c@0[0]'
[    2.188029] of_get_named_gpiod_flags: can't parse 'scl-gpio' property of node '/ocp/interconnect@44c00000/segment@200000/target-module@b000/i2c@0[0]'
[    2.188070] i2c i2c-0: using lookup tables for GPIO lookup
[    2.188082] i2c i2c-0: No GPIO consumer scl found
[    2.188104] i2c i2c-0: GPIO lookup for consumer sda
[    2.188113] i2c i2c-0: using device tree for GPIO lookup
[    2.188129] of_get_named_gpiod_flags: can't parse 'sda-gpios' property of node '/ocp/interconnect@44c00000/segment@200000/target-module@b000/i2c@0[0]'
[    2.188168] of_get_named_gpiod_flags: can't parse 'sda-gpio' property of node '/ocp/interconnect@44c00000/segment@200000/target-module@b000/i2c@0[0]'
[    2.188203] i2c i2c-0: using lookup tables for GPIO lookup
[    2.188212] i2c i2c-0: No GPIO consumer sda found
[    2.211803] tps65217-pmic: Failed to locate of_node [id: -1]
[    2.227560] tps65217-bl: Failed to locate of_node [id: -1]
[    2.236132] tps65217 0-0024: TPS65217 ID 0xe version 1.2
[    2.242188] /ocp/interconnect@48000000/segment@300000/target-module@e000/lcdc@0: Fixed dependency cycle(s) with /ocp/interconnect@44c00000/segment@200000/target-module@b000/i2c@0/tda19988@70
[    2.259491] /ocp/interconnect@44c00000/segment@200000/target-module@b000/i2c@0/tda19988@70: Fixed dependency cycle(s) with /ocp/interconnect@48000000/segment@300000/target-module@e000/lcdc@0
[    2.276816] omap_i2c 44e0b000.i2c: bus 0 rev0.11 at 400 kHz
[    2.284145] sdhci-omap 48060000.mmc: GPIO lookup for consumer cd
[    2.284174] sdhci-omap 48060000.mmc: using device tree for GPIO lookup
[    2.284214] of_get_named_gpiod_flags: parsed 'cd-gpios' property of node '/ocp/interconnect@48000000/segment@0/target-module@60000/mmc@0[0]' - status (0)
[    2.284341] gpio gpiochip3: Persistence not supported for GPIO 6
[    2.284365] omap_gpio 44e07000.gpio: Could not set line 6 debounce to 200000 microseconds (-22)
[    2.293231] sdhci-omap 48060000.mmc: Got CD GPIO
[    2.297879] sdhci-omap 48060000.mmc: GPIO lookup for consumer wp
[    2.297888] sdhci-omap 48060000.mmc: using device tree for GPIO lookup
[    2.297909] of_get_named_gpiod_flags: can't parse 'wp-gpios' property of node '/ocp/interconnect@48000000/segment@0/target-module@60000/mmc@0[0]'
[    2.297954] of_get_named_gpiod_flags: can't parse 'wp-gpio' property of node '/ocp/interconnect@48000000/segment@0/target-module@60000/mmc@0[0]'
[    2.297995] sdhci-omap 48060000.mmc: using lookup tables for GPIO lookup
[    2.298006] sdhci-omap 48060000.mmc: No GPIO consumer wp found
[    2.298202] sdhci-omap 48060000.mmc: supply pbias not found, using dummy regulator
[    2.306935] sdhci-omap 481d8000.mmc: GPIO lookup for consumer wp
[    2.306966] sdhci-omap 481d8000.mmc: using device tree for GPIO lookup
[    2.306987] of_get_named_gpiod_flags: can't parse 'wp-gpios' property of node '/ocp/interconnect@48000000/segment@100000/target-module@d8000/mmc@0[0]'
[    2.307040] of_get_named_gpiod_flags: can't parse 'wp-gpio' property of node '/ocp/interconnect@48000000/segment@100000/target-module@d8000/mmc@0[0]'
[    2.307080] sdhci-omap 481d8000.mmc: using lookup tables for GPIO lookup
[    2.307091] sdhci-omap 481d8000.mmc: No GPIO consumer wp found
[    2.307667] sdhci-omap 48060000.mmc: supply vqmmc not found, using dummy regulator
[    2.316025] sdhci-omap 481d8000.mmc: supply pbias not found, using dummy regulator
[    2.324175] sdhci-omap 481d8000.mmc: supply vqmmc not found, using dummy regulator
[    2.361000] mmc1: SDHCI controller on 481d8000.mmc [481d8000.mmc] using External DMA
[    2.369807] mmc0: SDHCI controller on 48060000.mmc [48060000.mmc] using External DMA
[    2.378517] cpsw-switch 4a100000.switch: starting ndev. mode: dual_mac
[    2.441235] mmc1: new high speed MMC card at address 0001
[    2.448023] mmcblk1: mmc1:0001 MMC04G 3.60 GiB 
[    2.455551]  mmcblk1: p1 p2
[    2.458976] mmc0: new high speed SDHC card at address aaaa
[    2.466166] mmcblk1boot0: mmc1:0001 MMC04G 2.00 MiB 
[    2.472556] mmcblk0: mmc0:aaaa SE32G 29.7 GiB 
[    2.478880] mmcblk1boot1: mmc1:0001 MMC04G 2.00 MiB 
[    2.486956] mmcblk1rpmb: mmc1:0001 MMC04G 128 KiB, chardev (250:0)
[    2.493675]  mmcblk0: p1 p2
[    2.532123] SMSC LAN8710/LAN8720 4a101000.mdio:00: attached PHY driver (mii_bus:phy_addr=4a101000.mdio:00, irq=POLL)
[    5.681686] cpsw-switch 4a100000.switch eth0: Link is Up - 100Mbps/Full - flow control off
[    5.690081] IPv6: ADDRCONF(NETDEV_CHANGE): eth0: link becomes ready
[    5.720973] IP-Config: Complete:
[    5.724234]      device=eth0, hwaddr=6c:ec:eb:68:de:78, ipaddr=192.168.255.1, mask=255.255.255.0, gw=255.255.255.255
[    5.734849]      host=bbb1, domain=, nis-domain=(none)
[    5.740014]      bootserver=192.168.255.126, rootserver=192.168.255.126, rootpath=
[    5.740408] clk: Disabling unused clocks
[    5.752280] KTAP version 1
[    5.755008] 1..0
[    5.778569] VFS: Mounted root (nfs filesystem) on device 0:16.
[    5.785575] devtmpfs: mounted
[    5.789913] Freeing unused kernel image (initmem) memory: 1024K
[    5.796551] Run /sbin/init as init process
[    5.800675]   with arguments:
[    5.800685]     /sbin/init
[    5.800693]     nfsrootdebug
[    5.800700]   with environment:
[    5.800706]     HOME=/
[    5.800713]     TERM=linux
[    6.473214] systemd[1]: System time before build time, advancing clock.
[    7.930967] random: crng init done
