Labgrid Console Logfile for main
Logfile started at 2025-08-28 19:43:12.944380
=== Log starts here ===
reading args
spl_load_image_fat_os: error reading image args, err - -1
reading u-boot.img
reading u-boot.img


U-Boot 2014.04-00014-g47880f5 (Apr 22 2014 - 13:23:54)

I2C:   ready
DRAM:  512 MiB
NAND:  0 MiB
MMC:   OMAP SD/MMC: 0, OMAP SD/MMC: 1
*** Warning - readenv() failed, using default environment

Net:   <ethaddr> not set. Validating first E-fuse MAC
cpsw, usb_ether
Hit any key to stop autoboot:  1  0 
gpio: pin 53 (gpio 53) value is 1
mmc0 is current device
gpio: pin 54 (gpio 54) value is 1
SD/MMC found on device 0
reading uEnv.txt
569 bytes read in 3 ms (184.6 KiB/s)
gpio: pin 55 (gpio 55) value is 1
Loaded environment from uEnv.txt
Importing environment from mmc ...
Checking if uenvcmd is set ...
gpio: pin 56 (gpio 56) value is 1
Running uenvcmd ...
cpsw Waiting for PHY auto negotiation to complete. done
link up on port 0, speed 100, full duplex
Using cpsw device
TFTP from server 192.168.255.126; our IP address is 192.168.255.1
Filename 'zImage'.
Load address: 0x81000000
Loading: *T #################################################################
	 #################################################################
	 #################################################################
	 #################################################################
	 #################################################################
	 ########################################
	 735.4 KiB/s
done
Bytes transferred = 5353528 (51b038 hex)
link up on port 0, speed 100, full duplex
Using cpsw device
TFTP from server 192.168.255.126; our IP address is 192.168.255.1
Filename 'am335x-boneblack.dtb'.
Load address: 0x82000000
Loading: *#######
	 2.2 MiB/s
done
Bytes transferred = 97772 (17dec hex)
Kernel image @ 0x81000000 [ 0x000000 - 0x51b038 ]
## Flattened Device Tree blob at 82000000
   Booting using the fdt blob at 0x82000000
   Using Device Tree in place at 82000000, end 8201adeb

Starting kernel ...

[    0.000000] Booting Linux on physical CPU 0x0
[    0.000000] Linux version 6.6.103 (user01@drvtest01) (arm-none-eabi-gcc (Arm GNU Toolchain 14.2.Rel1 (Build arm-14.52)) 14.2.1 20241119, GNU ld (Arm GNU Toolchain 14.2.Rel1 (Build arm-14.52)) 2.43.1.20241119) #1 SMP Thu Aug 28 19:40:18 EEST 2025
[    0.000000] CPU: ARMv7 Processor [413fc082] revision 2 (ARMv7), cr=10c5387d
[    0.000000] CPU: PIPT / VIPT nonaliasing data cache, VIPT aliasing instruction cache
[    0.000000] OF: fdt: Machine model: TI AM335x BeagleBone Black
[    0.000000] Memory policy: Data cache writeback
[    0.000000] cma: Reserved 16 MiB at 0x9e800000 on node -1
[    0.000000] Zone ranges:
[    0.000000]   Normal   [mem 0x0000000080000000-0x000000009fdfffff]
[    0.000000]   HighMem  empty
[    0.000000] Movable zone start for each node
[    0.000000] Early memory node ranges
[    0.000000]   node   0: [mem 0x0000000080000000-0x000000009fdfffff]
[    0.000000] Initmem setup node 0 [mem 0x0000000080000000-0x000000009fdfffff]
[    0.000000] CPU: All CPU(s) started in SVC mode.
[    0.000000] AM335X ES2.1 (sgx neon)
[    0.000000] percpu: Embedded 16 pages/cpu s36116 r8192 d21228 u65536
[    0.000000] Kernel command line: console=ttyO0,115200n8 root=/dev/nfs rw nfsroot=192.168.255.126:/home/user01/nfs,nfsvers=3 ip=192.168.255.1:192.168.255.126::255.255.255.0:bbb1:eth0 nfsrootdebug
[    0.000000] Unknown kernel command line parameters "nfsrootdebug", will be passed to user space.
[    0.000000] Dentry cache hash table entries: 65536 (order: 6, 262144 bytes, linear)
[    0.000000] Inode-cache hash table entries: 32768 (order: 5, 131072 bytes, linear)
[    0.000000] Built 1 zonelists, mobility grouping on.  Total pages: 129412
[    0.000000] mem auto-init: stack:off, heap alloc:off, heap free:off
[    0.000000] Memory: 483604K/522240K available (11264K kernel code, 1165K rwdata, 2704K rodata, 1024K init, 282K bss, 22252K reserved, 16384K cma-reserved, 0K highmem)
[    0.000000] SLUB: HWalign=64, Order=0-3, MinObjects=0, CPUs=1, Nodes=1
[    0.000000] rcu: Hierarchical RCU implementation.
[    0.000000] rcu: 	RCU event tracing is enabled.
[    0.000000] rcu: 	RCU restricting CPUs from NR_CPUS=2 to nr_cpu_ids=1.
[    0.000000] rcu: RCU calculated value of scheduler-enlistment delay is 10 jiffies.
[    0.000000] rcu: Adjusting geometry for rcu_fanout_leaf=16, nr_cpu_ids=1
[    0.000000] NR_IRQS: 16, nr_irqs: 16, preallocated irqs: 16
[    0.000000] IRQ: Found an INTC at 0x(ptrval) (revision 5.0) with 128 interrupts
[    0.000000] rcu: srcu_init: Setting srcu_struct sizes based on contention.
[    0.000000] TI gptimer clocksource: always-on /ocp/interconnect@44c00000/segment@200000/target-module@31000
[    0.000003] sched_clock: 32 bits at 24MHz, resolution 41ns, wraps every 89478484971ns
[    0.000028] clocksource: dmtimer: mask: 0xffffffff max_cycles: 0xffffffff, max_idle_ns: 79635851949 ns
[    0.000521] TI gptimer clockevent: 24000000 Hz at /ocp/interconnect@48000000/segment@0/target-module@40000
[    0.002082] Console: colour dummy device 80x30
[    0.002132] WARNING: Your 'console=ttyO0' has been replaced by 'ttyS0'
[    0.002140] This ensures that you still see kernel messages. Please
[    0.002145] update your kernel commandline.
[    0.002183] Calibrating delay loop... 996.14 BogoMIPS (lpj=4980736)
[    0.090572] CPU: Testing write buffer coherency: ok
[    0.090672] CPU0: Spectre v2: using BPIALL workaround
[    0.090683] pid_max: default: 32768 minimum: 301
[    0.090794] LSM: initializing lsm=capability,integrity
[    0.090959] Mount-cache hash table entries: 1024 (order: 0, 4096 bytes, linear)
[    0.090979] Mountpoint-cache hash table entries: 1024 (order: 0, 4096 bytes, linear)
[    0.092445] CPU0: thread -1, cpu 0, socket -1, mpidr 0
[    0.094024] Setting up static identity map for 0x80100000 - 0x80100078
[    0.094302] rcu: Hierarchical SRCU implementation.
[    0.094311] rcu: 	Max phase no-delay instances is 1000.
[    0.095668] smp: Bringing up secondary CPUs ...
[    0.095728] smp: Brought up 1 node, 1 CPU
[    0.095741] SMP: Total of 1 processors activated (996.14 BogoMIPS).
[    0.095753] CPU: All CPU(s) started in SVC mode.
[    0.096626] devtmpfs: initialized
[    0.113096] VFP support v0.3: implementor 41 architecture 3 part 30 variant c rev 3
[    0.113440] clocksource: jiffies: mask: 0xffffffff max_cycles: 0xffffffff, max_idle_ns: 19112604462750000 ns
[    0.113476] futex hash table entries: 256 (order: 2, 16384 bytes, linear)
[    0.114774] pinctrl core: initialized pinctrl subsystem
[    0.116901] NET: Registered PF_NETLINK/PF_ROUTE protocol family
[    0.119414] DMA: preallocated 256 KiB pool for atomic coherent allocations
[    0.120014] audit: initializing netlink subsys (disabled)
[    0.121516] thermal_sys: Registered thermal governor 'fair_share'
[    0.121537] thermal_sys: Registered thermal governor 'step_wise'
[    0.121544] thermal_sys: Registered thermal governor 'user_space'
[    0.121760] audit: type=2000 audit(0.110:1): state=initialized audit_enabled=0 res=1
[    0.121793] cpuidle: using governor menu
[    0.138144] /ocp/interconnect@44c00000/segment@200000/target-module@b000/i2c@0/tda19988@70: Fixed dependency cycle(s) with /ocp/interconnect@48000000/segment@300000/target-module@e000/lcdc@0
[    0.139197] /ocp/interconnect@48000000/segment@300000/target-module@e000/lcdc@0: Fixed dependency cycle(s) with /ocp/interconnect@44c00000/segment@200000/target-module@b000/i2c@0/tda19988@70
[    0.141423] No ATAGs?
[    0.141442] hw-breakpoint: debug architecture 0x4 unsupported.
[    0.144460] kprobes: kprobe jump-optimization is enabled. All kprobes are optimized if possible.
[    0.163120] iommu: Default domain type: Translated
[    0.163141] iommu: DMA domain TLB invalidation policy: strict mode
[    0.164590] SCSI subsystem initialized
[    0.166406] pps_core: LinuxPPS API ver. 1 registered
[    0.166417] pps_core: Software ver. 5.3.6 - Copyright 2005-2007 Rodolfo Giometti <giometti@linux.it>
[    0.166442] PTP clock support registered
[    0.170955] vgaarb: loaded
[    0.171292] clocksource: Switched to clocksource dmtimer
[    0.171898] VFS: Disk quotas dquot_6.6.0
[    0.171956] VFS: Dquot-cache hash table entries: 1024 (order 0, 4096 bytes)
[    0.203414] NET: Registered PF_INET protocol family
[    0.203749] IP idents hash table entries: 8192 (order: 4, 65536 bytes, linear)
[    0.205073] tcp_listen_portaddr_hash hash table entries: 512 (order: 0, 4096 bytes, linear)
[    0.205111] Table-perturb hash table entries: 65536 (order: 6, 262144 bytes, linear)
[    0.205130] TCP established hash table entries: 4096 (order: 2, 16384 bytes, linear)
[    0.205177] TCP bind hash table entries: 4096 (order: 4, 65536 bytes, linear)
[    0.205277] TCP: Hash tables configured (established 4096 bind 4096)
[    0.205410] UDP hash table entries: 256 (order: 1, 8192 bytes, linear)
[    0.205439] UDP-Lite hash table entries: 256 (order: 1, 8192 bytes, linear)
[    0.205610] NET: Registered PF_UNIX/PF_LOCAL protocol family
[    0.212147] RPC: Registered named UNIX socket transport module.
[    0.212168] RPC: Registered udp transport module.
[    0.212174] RPC: Registered tcp transport module.
[    0.212179] RPC: Registered tcp-with-tls transport module.
[    0.212184] RPC: Registered tcp NFSv4.1 backchannel transport module.
[    0.212210] PCI: CLS 0 bytes, default 64
[    0.213791] Initialise system trusted keyrings
[    0.214835] workingset: timestamp_bits=14 max_order=17 bucket_order=3
[    0.222139] NFS: Registering the id_resolver key type
[    0.222238] Key type id_resolver registered
[    0.222246] Key type id_legacy registered
[    0.222302] jffs2: version 2.2. (NAND) (SUMMARY)  Â© 2001-2006 Red Hat, Inc.
[    0.222711] Key type asymmetric registered
[    0.222727] Asymmetric key parser 'x509' registered
[    0.222798] io scheduler mq-deadline registered
[    0.222810] io scheduler kyber registered
[    0.222876] io scheduler bfq registered
[    0.225545] hw perfevents: enabled with armv7_cortex_a8 PMU driver, 5 counters available
[    0.234001] l3-aon-clkctrl:0000:0: failed to disable
[    0.241482] Serial: 8250/16550 driver, 6 ports, IRQ sharing enabled
[    0.293202] brd: module loaded
[    0.301054] loop: module loaded
[    0.302125] mtdoops: mtd device (mtddev=name/number) must be supplied
[    0.304845] i2c_dev: i2c /dev entries driver
[    0.305818] cpuidle: enable-method property 'ti,am3352' found operations
[    0.306270] sdhci: Secure Digital Host Controller Interface driver
[    0.306281] sdhci: Copyright(c) Pierre Ossman
[    0.306469] sdhci-pltfm: SDHCI platform and OF driver helper
[    0.327167] ledtrig-cpu: registered to indicate activity on CPUs
[    0.328008] Initializing XFRM netlink socket
[    0.328133] NET: Registered PF_INET6 protocol family
[    0.347712] Segment Routing with IPv6
[    0.347787] In-situ OAM (IOAM) with IPv6
[    0.347896] sit: IPv6, IPv4 and MPLS over IPv4 tunneling driver
[    0.348860] NET: Registered PF_PACKET protocol family
[    0.348890] NET: Registered PF_KEY protocol family
[    0.349035] Key type dns_resolver registered
[    0.349256] ThumbEE CPU extension supported.
[    0.349277] Registering SWP/SWPB emulation handler
[    0.349786] omap_voltage_late_init: Voltage driver support not added
[    0.350429] SmartReflex Class3 initialized
[    0.375228] Loading compiled-in X.509 certificates
[    0.416514] /ocp/interconnect@44c00000/segment@200000/target-module@b000/i2c@0/tda19988@70: Fixed dependency cycle(s) with /ocp/interconnect@48000000/segment@300000/target-module@e000/lcdc@0
[    0.422782] /ocp/interconnect@44c00000/segment@200000/target-module@b000/i2c@0/tda19988@70: Fixed dependency cycle(s) with /ocp/interconnect@48000000/segment@300000/target-module@e000/lcdc@0
[    0.430515] /ocp/interconnect@44c00000/segment@200000/target-module@b000/i2c@0/tda19988@70: Fixed dependency cycle(s) with /ocp/interconnect@48000000/segment@300000/target-module@e000/lcdc@0
[    0.431503] /ocp/interconnect@44c00000/segment@200000/target-module@b000/i2c@0/tda19988@70: Fixed dependency cycle(s) with /ocp/interconnect@48000000/segment@300000/target-module@e000/lcdc@0
[    0.434827] /ocp/interconnect@44c00000/segment@200000/target-module@10000/scm@0/pinmux@800: Fixed dependency cycle(s) with /ocp/interconnect@44c00000/segment@200000/target-module@10000/scm@0/pinmux@800/clkout2-pins
[    0.435434] pinctrl-single 44e10800.pinmux: 142 pins, size 568
[    0.440365] ti-sysc: probe of 44e31000.target-module failed with error -16
[    0.477113] /ocp/interconnect@48000000/segment@300000/target-module@e000/lcdc@0: Fixed dependency cycle(s) with /ocp/interconnect@44c00000/segment@200000/target-module@b000/i2c@0/tda19988@70
[    0.484989] ti-sysc: probe of 48040000.target-module failed with error -16
[    0.526332] OMAP GPIO hardware version 0.1
[    0.559082] omap_i2c 4819c000.i2c: bus 2 rev0.11 at 100 kHz
[    0.596895] /ocp/interconnect@48000000/segment@300000/target-module@e000/lcdc@0: Fixed dependency cycle(s) with /ocp/interconnect@44c00000/segment@200000/target-module@b000/i2c@0/tda19988@70
[    0.599542] /ocp/interconnect@48000000/segment@300000/target-module@e000/lcdc@0: Fixed dependency cycle(s) with /ocp/interconnect@44c00000/segment@200000/target-module@b000/i2c@0/tda19988@70
[    0.600207] /ocp/interconnect@44c00000/segment@200000/target-module@b000/i2c@0/tda19988@70: Fixed dependency cycle(s) with /ocp/interconnect@48000000/segment@300000/target-module@e000/lcdc@0
[    0.600364] /ocp/interconnect@48000000/segment@300000/target-module@e000/lcdc@0: Fixed dependency cycle(s) with /ocp/interconnect@44c00000/segment@200000/target-module@b000/i2c@0/tda19988@70
[    0.611146] sdhci-omap 481d8000.mmc: supply pbias not found, using dummy regulator
[    0.612005] sdhci-omap 481d8000.mmc: supply vqmmc not found, using dummy regulator
[    0.687327] davinci_mdio 4a101000.mdio: davinci mdio revision 1.6, bus freq 1000000
[    0.879695] davinci_mdio 4a101000.mdio: phy[0]: device 4a101000.mdio:00, driver SMSC LAN8710/LAN8720
[    0.880325] cpsw-switch 4a100000.switch: initialized cpsw ale version 1.4
[    0.880347] cpsw-switch 4a100000.switch: ALE Table size 1024
[    0.880483] cpsw-switch 4a100000.switch: cpts: overflow check period 500 (jiffies)
[    0.880500] cpsw-switch 4a100000.switch: CPTS: ref_clk_freq:250000000 calc_mult:2147483648 calc_shift:29 error:0 nsec/sec
[    0.880598] cpsw-switch 4a100000.switch: Detected MACID = 6c:ec:eb:68:de:78
[    0.882594] cpsw-switch 4a100000.switch: initialized (regs 0x4a100000, pool size 256) hw_ver:0019010C 1.12 (0)
[    0.893274] debugfs: Directory '49000000.dma' with parent 'dmaengine' already present!
[    0.893316] edma 49000000.dma: TI EDMA DMA engine driver
[    0.952600] 44e09000.serial: ttyS0 at MMIO 0x44e09000 (irq = 34, base_baud = 3000000) is a 8250
[    0.952685] printk: console [ttyS0] enabled
[    2.162223] tps65217-pmic: Failed to locate of_node [id: -1]
[    2.168261] tps65217-bl: Failed to locate of_node [id: -1]
[    2.179244] tps65217 0-0024: TPS65217 ID 0xe version 1.2
[    2.185388] /ocp/interconnect@48000000/segment@300000/target-module@e000/lcdc@0: Fixed dependency cycle(s) with /ocp/interconnect@44c00000/segment@200000/target-module@b000/i2c@0/tda19988@70
[    2.202739] /ocp/interconnect@44c00000/segment@200000/target-module@b000/i2c@0/tda19988@70: Fixed dependency cycle(s) with /ocp/interconnect@48000000/segment@300000/target-module@e000/lcdc@0
[    2.220090] omap_i2c 44e0b000.i2c: bus 0 rev0.11 at 400 kHz
[    2.228020] omap_gpio 44e07000.gpio: Could not set line 6 debounce to 200000 microseconds (-22)
[    2.236888] sdhci-omap 48060000.mmc: Got CD GPIO
[    2.241903] sdhci-omap 48060000.mmc: supply pbias not found, using dummy regulator
[    2.252079] sdhci-omap 48060000.mmc: supply vqmmc not found, using dummy regulator
[    2.260762] sdhci-omap 481d8000.mmc: supply pbias not found, using dummy regulator
[    2.269718] sdhci-omap 481d8000.mmc: supply vqmmc not found, using dummy regulator
[    2.308920] mmc1: SDHCI controller on 481d8000.mmc [481d8000.mmc] using External DMA
[    2.318057] mmc0: SDHCI controller on 48060000.mmc [48060000.mmc] using External DMA
[    2.326629] cpsw-switch 4a100000.switch: starting ndev. mode: dual_mac
[    2.391567] mmc1: new high speed MMC card at address 0001
[    2.398443] mmcblk1: mmc1:0001 MMC04G 3.60 GiB
[    2.405825]  mmcblk1: p1 p2
[    2.409291] mmc0: new high speed SDHC card at address aaaa
[    2.416286] mmcblk1boot0: mmc1:0001 MMC04G 2.00 MiB
[    2.422841] mmcblk0: mmc0:aaaa SE32G 29.7 GiB
[    2.429281] mmcblk1boot1: mmc1:0001 MMC04G 2.00 MiB
[    2.437679] mmcblk1rpmb: mmc1:0001 MMC04G 128 KiB, chardev (250:0)
[    2.444414]  mmcblk0: p1 p2
[    2.522477] SMSC LAN8710/LAN8720 4a101000.mdio:00: attached PHY driver (mii_bus:phy_addr=4a101000.mdio:00, irq=POLL)
[    5.682022] cpsw-switch 4a100000.switch eth0: Link is Up - 100Mbps/Full - flow control off
[    5.741312] IP-Config: Complete:
[    5.744585]      device=eth0, hwaddr=6c:ec:eb:68:de:78, ipaddr=192.168.255.1, mask=255.255.255.0, gw=255.255.255.255
[    5.755201]      host=bbb1, domain=, nis-domain=(none)
[    5.760366]      bootserver=192.168.255.126, rootserver=192.168.255.126, rootpath=
[    5.760780] clk: Disabling unused clocks
[    5.772623] KTAP version 1
[    5.775350] 1..0
[    5.798465] VFS: Mounted root (nfs filesystem) on device 0:16.
[    5.805561] devtmpfs: mounted
[    5.810187] Freeing unused kernel image (initmem) memory: 1024K
[    5.816988] Run /sbin/init as init process
[    6.500132] systemd[1]: System time before build time, advancing clock.
[    7.981307] random: crng init done
[    8.052164] systemd[1]: systemd 232 running in system mode. (+PAM +AUDIT +SELINUX +IMA +APPARMOR +SMACK +SYSVINIT +UTMP +LIBCRYPTSETUP +GCRYPT +GNUTLS +ACL +XZ +LZ4 +SECCOMP +BLKID +ELFUTILS +KMOD +IDN)
[    8.071141] systemd[1]: Detected architecture arm.

Welcome to [1mDebian GNU/Linux 9 (stretch)[0m!

[    8.114163] systemd[1]: Set hostname to <arm>.
[    9.165061] systemd[1]: Listening on Journal Socket.
[[0;32m  OK  [0m] Listening on Journal Socket.
[    9.202910] systemd[1]: Created slice System Slice.
[[0;32m  OK  [0m] Created slice System Slice.
[    9.275918] systemd[1]: Starting Load Kernel Modules...
         Starting Load Kernel Modules...
[    9.307872] systemd[1]: Mounting POSIX Message Queue File System...
         Mounting POSIX Message Queue File System...
[    9.336579] systemd[1]: Started Dispatch Password Requests to Console Directory Watch.
[[0;32m  OK  [0m] Started Dispatch Password Requests to Console Directory Watch.
[    9.394890] systemd[1]: Created slice system-serial\x2dgetty.slice.
[[0;32m  OK  [0m] Created slice system-serial\x2dgetty.slice.
[    9.441171] systemd[1]: Listening on Journal Socket (/dev/log).
[[0;32m  OK  [0m] Listening on Journal Socket (/dev/log).
[[0;32m  OK  [0m] Created slice system-getty.slice.
         Mounting Debug File System...
[[0;32m  OK  [0m] Started Forward Password Requests to Wall Directory Watch.
[[0;32m  OK  [0m] Reached target Encrypted Volumes.
[[0;32m  OK  [0m] Listening on Syslog Socket.
[[0;32m  OK  [0m] Reached target Swap.
[[0;32m  OK  [0m] Set up automount Arbitrary Executabâ€¦rmats File System Automount Point.
         Starting Create list of required stâ€¦ce nodes for the current kernel...
[[0;32m  OK  [0m] Listening on Journal Audit Socket.
[[0;32m  OK  [0m] Reached target Paths.
[[0;32m  OK  [0m] Listening on /dev/initctl Compatibility Named Pipe.
[[0;32m  OK  [0m] Listening on udev Control Socket.
[[0;32m  OK  [0m] Created slice User and Session Slice.
[[0;32m  OK  [0m] Reached target Slices.
         Starting Remount Root and Kernel File Systems...
         Starting Journal Service...
[[0;32m  OK  [0m] Reached target Remote File Systems.
[[0;32m  OK  [0m] Listening on udev Kernel Socket.
[[0;32m  OK  [0m] Mounted POSIX Message Queue File System.
[[0;32m  OK  [0m] Mounted Debug File System.
[[0;32m  OK  [0m] Started Load Kernel Modules.
[[0;32m  OK  [0m] Started Create list of required staâ€¦vice nodes for the current kernel.
[[0;32m  OK  [0m] Started Remount Root and Kernel File Systems.
         Starting Load/Save Random Seed...
         Starting udev Coldplug all Devices...
         Starting Create Static Device Nodes in /dev...
         Mounting Configuration File System...
         Starting Apply Kernel Variables...
[[0;32m  OK  [0m] Started Load/Save Random Seed.
[[0;32m  OK  [0m] Mounted Configuration File System.
[[0;32m  OK  [0m] Started Apply Kernel Variables.
[[0;32m  OK  [0m] Started Journal Service.
         Starting Flush Journal to Persistent Storage...
[[0;32m  OK  [0m] Started Create Static Device Nodes in /dev.
[[0;32m  OK  [0m] Reached target Local File Systems (Pre).[   11.001224] systemd-journald[86]: Received request to flush runtime journal from PID 1

[[0;32m  OK  [0m] Reached target Local File Systems.
         Starting Raise network interfaces...
         Starting udev Kernel Device Manager...
[[0;32m  OK  [0m] Started Flush Journal to Persistent Storage.
         Starting Create Volatile Files and Directories...
[[0;32m  OK  [0m] Started udev Kernel Device Manager.
[[0;32m  OK  [0m] Started Create Volatile Files and Directories.
         Starting Update UTMP about System Boot/Shutdown...
         Starting Network Time Synchronization...
[[0;32m  OK  [0m] Started Update UTMP about System Boot/Shutdown.
[[0;32m  OK  [0m] Started udev Coldplug all Devices.
[   14.264082] remoteproc remoteproc0: wkup_m3 is available
[[0;32m  OK  [0m] Started Network Time Synchronization.
[[0;32m  OK  [0m] Reached target System Initialization.
[[0;32m  OK  [0m] Listening on D-Bus System Message Bus Socket.
[[0;32m  OK  [0m] Started Daily Cleanup of Temporary Directories.
[[0;32m  OK  [0m] Listening on Avahi mDNS/DNS-SD Stack Activation Socket.
[[0;32m  OK  [0m] Reached target Sockets.
[[0;32m  OK  [0m] Reached target Basic System.
[   14.514274] wkup_m3_ipc 44e11324.wkup_m3_ipc: IPC Request for A8->M3 Channel failed! -517
         Starting System Logging Service...
[   14.648598] omap_wdt: OMAP Watchdog Timer Rev 0x01: initial timeout 60 sec
[   14.657554] wkup_m3_ipc 44e11324.wkup_m3_ipc: IPC Request for A8->M3 Channel failed! -517
         Starting LSB: Load kernel modules needed to enable cpufreq scaling...
         Starting Telephony service...
[   14.931089] at24 2-0054: supply vcc not found, using dummy regulator
         Starting DUN service...
[   15.087205] omap_rtc 44e3e000.rtc: registered as rtc0
[   15.092849] omap_rtc 44e3e000.rtc: setting system clock to 2000-01-01T00:00:00 UTC (946684800)
[   15.105532] wkup_m3_ipc 44e11324.wkup_m3_ipc: IPC Request for A8->M3 Channel failed! -517
[   15.123937] at24 2-0055: supply vcc not found, using dummy regulator
         Starting Avahi mDNS/DNS-SD Stack...
[   15.234823] at24 2-0056: supply vcc not found, using dummy regulator
[   15.243144] wkup_m3_ipc 44e11324.wkup_m3_ipc: IPC Request for A8->M3 Channel failed! -517
         Starting Login Service...
[   15.332815] at24 2-0057: supply vcc not found, using dummy regulator
         Starting LSB: Start busybox udhcpd at boot time...
[   15.501564] at24 0-0050: 32768 byte 24c256 EEPROM, writable, 1 bytes/write
[   15.518418] wkup_m3_ipc 44e11324.wkup_m3_ipc: IPC Request for A8->M3 Channel failed! -517
[   15.558958] am335x-phy-driver 47401300.usb-phy: dummy supplies not allowed for exclusive requests
[   15.917200] am335x-phy-driver 47401b00.usb-phy: dummy supplies not allowed for exclusive requests
[   15.936369] wkup_m3_ipc 44e11324.wkup_m3_ipc: IPC Request for A8->M3 Channel failed! -517
[   16.054453] tps6521x_pwrbutton tps65217-pwrbutton: DMA mask not set
[[0;32m  OK  [0m] Started Regular background program processing daemon.
[   16.215507] wkup_m3_ipc 44e11324.wkup_m3_ipc: IPC Request for A8->M3 Channel failed! -517
[   16.248285] usbcore: registered new interface driver usbfs
[   16.254075] usbcore: registered new interface driver hub
[   16.259517] usbcore: registered new device driver usb
[   16.269504] input: tps65217_pwrbutton as /devices/platform/ocp/44c00000.interconnect/44c00000.interconnect:segment@200000/44e0b000.target-module/44e0b000.i2c/i2c-0/0-0024/tps65217-pwrbutton/input/input0
         Starting Generic Board Startup...
[   16.390940] wkup_m3_ipc 44e11324.wkup_m3_ipc: IPC Request for A8->M3 Channel failed! -517
         Starting Cape Manager Service...
[[0;32m  OK  [0m] Started D-Bus System Message Bus.
[   17.093243] wkup_m3_ipc 44e11324.wkup_m3_ipc: IPC Request for A8->M3 Channel failed! -517
[   17.329261] musb-hdrc musb-hdrc.1: MUSB HDRC host driver
[   17.334928] musb-hdrc musb-hdrc.1: new USB bus registered, assigned bus number 1
[   17.346786] wkup_m3_ipc 44e11324.wkup_m3_ipc: IPC Request for A8->M3 Channel failed! -517
[   17.497897] tda998x 0-0070: found TDA19988
[   17.521630] usb usb1: New USB device found, idVendor=1d6b, idProduct=0002, bcdDevice= 6.06
[   17.529989] usb usb1: New USB device strings: Mfr=3, Product=2, SerialNumber=1
[   17.537316] usb usb1: Product: MUSB HDRC host driver
[   17.542335] usb usb1: Manufacturer: Linux 6.6.103 musb-hcd
[   17.547848] usb usb1: SerialNumber: musb-hdrc.1
[   17.646651] wkup_m3_ipc 44e11324.wkup_m3_ipc: IPC Request for A8->M3 Channel failed! -517
[   17.772100] hub 1-0:1.0: USB hub found
[   17.830658] hub 1-0:1.0: 1 port detected
[   17.847295] omap-mailbox 480c8000.mailbox: omap mailbox rev 0x400
[   17.867075] remoteproc remoteproc0: powering up wkup_m3
[   18.083911] remoteproc remoteproc0: Direct firmware load for am335x-pm-firmware.elf failed with error -2
[   18.093682] remoteproc remoteproc0: request_firmware failed: -2
[   18.099643] wkup_m3_ipc 44e11324.wkup_m3_ipc: rproc_boot failed
[   20.064994] tilcdc 4830e000.lcdc: bound 0-0070 (ops 0xbf0a90fc)
[   20.175605] [drm] Initialized tilcdc 1.0.0 20121205 for 4830e000.lcdc on minor 0
[   20.204836] omap_rng 48310000.rng: Random Number Generator ver. 20
[   20.284351] tilcdc 4830e000.lcdc: [drm] Cannot find any crtc or sizes
[   20.294859] tilcdc 4830e000.lcdc: [drm] Cannot find any crtc or sizes
[[0;32m  OK  [0m] Started Telephony service.
[[0;32m  OK  [0m] Started DUN service.
[[0;32m  OK  [0m] Started Avahi mDNS/DNS-SD Stack.
         Starting Connection service...
[[0;32m  OK  [0m] Reached target System Time Synchronized.
[[0;32m  OK  [0m] Started Daily apt download activities.
[[0;32m  OK  [0m] Started Daily apt upgrade and clean activities.
[[0;32m  OK  [0m] Reached target Timers.
[[0;32m  OK  [0m] Started System Logging Service.
[[0;32m  OK  [0m] Started Cape Manager Service.
[   21.763662] PM: Cannot get wkup_m3_ipc handle
[   21.857878] omap-sham 53100000.sham: hw accel on OMAP rev 4.3
[   21.961486] omap-aes 53500000.aes: OMAP AES hw accel rev: 3.2
[   21.985483] omap-sham 53100000.sham: will run requests pump with realtime priority
[   22.004528] PM: Cannot get wkup_m3_ipc handle
[   22.120582] omap-aes 53500000.aes: will run requests pump with realtime priority
[   22.135588] PM: Cannot get wkup_m3_ipc handle
[[0;32m  OK  [0m] Found device /dev/ttyS0.
[   22.355267] Bluetooth: Core ver 2.22
[   22.359061] NET: Registered PF_BLUETOOTH protocol family
[   22.364635] Bluetooth: HCI device and connection manager initialized
[   22.371051] Bluetooth: HCI socket layer initialized
[   22.376038] Bluetooth: L2CAP socket layer initialized
[   22.381151] Bluetooth: SCO socket layer initialized
[   25.464959] PM: Cannot get wkup_m3_ipc handle
[   25.584100] PM: Cannot get wkup_m3_ipc handle
[[0;32m  OK  [0m] Started LSB: Start busybox udhcpd at boot time.
[[0;32m  OK  [0m] Started LSB: Load kernel modules needed to enable cpufreq scaling.
[[0;32m  OK  [0m] Started Raise network interfaces.
[   27.982318] configfs-gadget.g_multi gadget.0: HOST MAC 1c:ba:8c:a2:ed:6c
[   27.989096] configfs-gadget.g_multi gadget.0: MAC 1c:ba:8c:a2:ed:70
[   27.996412] configfs-gadget.g_multi gadget.0: HOST MAC 1c:ba:8c:a2:ed:6c
[   28.003253] configfs-gadget.g_multi gadget.0: MAC 1c:ba:8c:a2:ed:6d
[   28.010740] PM: Cannot get wkup_m3_ipc handle
[[0;32m  OK  [0m] Started Connection service.
[[0;32m  OK  [0m] Started Login Service.
[[0;32m  OK  [0m] Reached target Sound Card.
[[0;32m  OK  [0m] Reached target Network.
         Starting The Apache HTTP Server...
         Starting Permit User Sessions...
         Starting OpenBSD Secure Shell server...
[[0;32m  OK  [0m] Reached target Network is Online.
         Starting LSB: Advanced IEEE 802.11 management daemon...
         Starting LSB: set CPUFreq kernel parameters...
[[0;32m  OK  [0m] Started Permit User Sessions.
[[0;32m  OK  [0m] Started LSB: Advanced IEEE 802.11 management daemon.
         Starting Hostname Service...
         Starting WPA supplicant...
[[0;32m  OK  [0m] Started Getty on tty1.
[[0;32m  OK  [0m] Started Serial Getty on ttyS0.
[[0;32m  OK  [0m] Reached target Login Prompts.
[[0;32m  OK  [0m] Started LSB: set CPUFreq kernel parameters.
[[0;32m  OK  [0m] Started WPA supplicant.
[[0;32m  OK  [0m] Started Hostname Service.
         Stopping LSB: Start busybox udhcpd at boot time...
[[0;32m  OK  [0m] Started OpenBSD Secure Shell server.
[[0;32m  OK  [0m] Stopped LSB: Start busybox udhcpd at boot time.
[[0;32m  OK  [0m] Started The Apache HTTP Server.
         Starting dnsmasq - A lightweight DHCP and caching DNS server...
[[0;32m  OK  [0m] Started dnsmasq - A lightweight DHCP and caching DNS server.
[[0;32m  OK  [0m] Reached target Host and Network Name Lookups.
[[0;32m  OK  [0m] Started Serial Getty on ttyGS0.
[[0;32m  OK  [0m] Started Generic Board Startup.
[[0;32m  OK  [0m] Reached target Multi-User System.
[[0;32m  OK  [0m] Reached target Graphical Interface.
         Starting Update UTMP about System Runlevel Changes...
[[0;32m  OK  [0m] Started Update UTMP about System Runlevel Changes.

Debian GNU/Linux 9 arm ttyS0

default username:password is [debian:temppwd]

arm login: root
Password: 
Last login: Sat Jan  1 00:00:32 UTC 2000 on ttyS0
root
Linux arm 6.6.103 #1 SMP Thu Aug 28 19:40:18 EEST 2025 armv7l

The programs included with the Debian GNU/Linux system are free software;
the exact distribution terms for each program are described in the
individual files in /usr/share/doc/*/copyright.

Debian GNU/Linux comes with ABSOLUTELY NO WARRANTY, to the extent
permitted by applicable law.
root@arm:~# root
-bash: root: command not found
root@arm:~# dmesg -n 1
root@arm:~# echo 'EZHJ''WVEFMU'
EZHJWVEFMU
root@arm:~# run() { echo -n "$MARKER"; sh -c "$@"; echo "$MARKER $?"; }
root@arm:~# echo 'USBN''JWEPGM'
USBNJWEPGM
root@arm:~# MARKER='AYCB''YGEGVM' run 'cat /proc/version'
AYCBYGEGVMLinux version 6.6.103 (user01@drvtest01) (arm-none-eabi-gcc (Arm GNU Toolchain 14.2.Rel1 (Build arm-14.52)) 14.2.1 20241119, GNU ld (Arm GNU Toolchain 14.2.Rel1 (Build arm-14.52)) 2.43.1.20241119) #1 SMP Thu Aug 28 19:40:18 EEST 2025
AYCBYGEGVM 0
root@arm:~# echo 'NYGK''PGPJNE'
NYGKPGPJNE
root@arm:~# MARKER='XUNY''HKCAVZ' run false
XUNYHKCAVZXUNYHKCAVZ 1
root@arm:~# Labgrid Console Logfile for main
Logfile started at 2025-08-28 19:44:17.741035
=== Log starts here ===

root@arm:~# run() { echo -n "$MARKER"; sh -c "$@"; echo "$MARKER $?"; }
root@arm:~# echo 'TENZ''WBCLWF'
TENZWBCLWF
root@arm:~# MARKER='PNFY''QWQHCL' run 'ls /iio_generic_buffer; echo $?'
PNFYQWQHCL/iio_generic_buffer
0
PNFYQWQHCL 0
root@arm:~# Labgrid Console Logfile for main
Logfile started at 2025-08-28 19:44:21.173825
=== Log starts here ===

root@arm:~# run() { echo -n "$MARKER"; sh -c "$@"; echo "$MARKER $?"; }
root@arm:~# echo 'MGOU''CYTWWG'
MGOUCYTWWG
root@arm:~# MARKER='WWUM''SYHGHS' run dmesg
WWUMSYHGHS[    0.000000] Booting Linux on physical CPU 0x0
[    0.000000] Linux version 6.6.103 (user01@drvtest01) (arm-none-eabi-gcc (Arm GNU Toolchain 14.2.Rel1 (Build arm-14.52)) 14.2.1 20241119, GNU ld (Arm GNU Toolchain 14.2.Rel1 (Build arm-14.52)) 2.43.1.20241119) #1 SMP Thu Aug 28 19:40:18 EEST 2025
[    0.000000] CPU: ARMv7 Processor [413fc082] revision 2 (ARMv7), cr=10c5387d
[    0.000000] CPU: PIPT / VIPT nonaliasing data cache, VIPT aliasing instruction cache
[    0.000000] OF: fdt: Machine model: TI AM335x BeagleBone Black
[    0.000000] Memory policy: Data cache writeback
[    0.000000] cma: Reserved 16 MiB at 0x9e800000 on node -1
[    0.000000] Zone ranges:
[    0.000000]   Normal   [mem 0x0000000080000000-0x000000009fdfffff]
[    0.000000]   HighMem  empty
[    0.000000] Movable zone start for each node
[    0.000000] Early memory node ranges
[    0.000000]   node   0: [mem 0x0000000080000000-0x000000009fdfffff]
[    0.000000] Initmem setup node 0 [mem 0x0000000080000000-0x000000009fdfffff]
[    0.000000] CPU: All CPU(s) started in SVC mode.
[    0.000000] AM335X ES2.1 (sgx neon)
[    0.000000] percpu: Embedded 16 pages/cpu s36116 r8192 d21228 u65536
[    0.000000] pcpu-alloc: s36116 r8192 d21228 u65536 alloc=16*4096
[    0.000000] pcpu-alloc: [0] 0 
[    0.000000] Kernel command line: console=ttyO0,115200n8 root=/dev/nfs rw nfsroot=192.168.255.126:/home/user01/nfs,nfsvers=3 ip=192.168.255.1:192.168.255.126::255.255.255.0:bbb1:eth0 nfsrootdebug
[    0.000000] Unknown kernel command line parameters "nfsrootdebug", will be passed to user space.
[    0.000000] Dentry cache hash table entries: 65536 (order: 6, 262144 bytes, linear)
[    0.000000] Inode-cache hash table entries: 32768 (order: 5, 131072 bytes, linear)
[    0.000000] Built 1 zonelists, mobility grouping on.  Total pages: 129412
[    0.000000] mem auto-init: stack:off, heap alloc:off, heap free:off
[    0.000000] Memory: 483604K/522240K available (11264K kernel code, 1165K rwdata, 2704K rodata, 1024K init, 282K bss, 22252K reserved, 16384K cma-reserved, 0K highmem)
[    0.000000] SLUB: HWalign=64, Order=0-3, MinObjects=0, CPUs=1, Nodes=1
[    0.000000] rcu: Hierarchical RCU implementation.
[    0.000000] rcu: 	RCU event tracing is enabled.
[    0.000000] rcu: 	RCU restricting CPUs from NR_CPUS=2 to nr_cpu_ids=1.
[    0.000000] rcu: RCU calculated value of scheduler-enlistment delay is 10 jiffies.
[    0.000000] rcu: Adjusting geometry for rcu_fanout_leaf=16, nr_cpu_ids=1
[    0.000000] NR_IRQS: 16, nr_irqs: 16, preallocated irqs: 16
[    0.000000] IRQ: Found an INTC at 0x(ptrval) (revision 5.0) with 128 interrupts
[    0.000000] rcu: srcu_init: Setting srcu_struct sizes based on contention.
[    0.000000] TI gptimer clocksource: always-on /ocp/interconnect@44c00000/segment@200000/target-module@31000
[    0.000003] sched_clock: 32 bits at 24MHz, resolution 41ns, wraps every 89478484971ns
[    0.000028] clocksource: dmtimer: mask: 0xffffffff max_cycles: 0xffffffff, max_idle_ns: 79635851949 ns
[    0.000521] TI gptimer clockevent: 24000000 Hz at /ocp/interconnect@48000000/segment@0/target-module@40000
[    0.002082] Console: colour dummy device 80x30
[    0.002132] WARNING: Your 'console=ttyO0' has been replaced by 'ttyS0'
[    0.002140] This ensures that you still see kernel messages. Please
[    0.002145] update your kernel commandline.
[    0.002183] Calibrating delay loop... 996.14 BogoMIPS (lpj=4980736)
[    0.090572] CPU: Testing write buffer coherency: ok
[    0.090672] CPU0: Spectre v2: using BPIALL workaround
[    0.090683] pid_max: default: 32768 minimum: 301
[    0.090794] LSM: initializing lsm=capability,integrity
[    0.090959] Mount-cache hash table entries: 1024 (order: 0, 4096 bytes, linear)
[    0.090979] Mountpoint-cache hash table entries: 1024 (order: 0, 4096 bytes, linear)
[    0.092445] CPU0: thread -1, cpu 0, socket -1, mpidr 0
[    0.094024] Setting up static identity map for 0x80100000 - 0x80100078
[    0.094302] rcu: Hierarchical SRCU implementation.
[    0.094311] rcu: 	Max phase no-delay instances is 1000.
[    0.095668] smp: Bringing up secondary CPUs ...
[    0.095728] smp: Brought up 1 node, 1 CPU
[    0.095741] SMP: Total of 1 processors activated (996.14 BogoMIPS).
[    0.095753] CPU: All CPU(s) started in SVC mode.
[    0.096626] devtmpfs: initialized
[    0.113096] VFP support v0.3: implementor 41 architecture 3 part 30 variant c rev 3
[    0.113440] clocksource: jiffies: mask: 0xffffffff max_cycles: 0xffffffff, max_idle_ns: 19112604462750000 ns
[    0.113476] futex hash table entries: 256 (order: 2, 16384 bytes, linear)
[    0.114774] pinctrl core: initialized pinctrl subsystem
[    0.116901] NET: Registered PF_NETLINK/PF_ROUTE protocol family
[    0.119414] DMA: preallocated 256 KiB pool for atomic coherent allocations
[    0.120014] audit: initializing netlink subsys (disabled)
[    0.121516] thermal_sys: Registered thermal governor 'fair_share'
[    0.121537] thermal_sys: Registered thermal governor 'step_wise'
[    0.121544] thermal_sys: Registered thermal governor 'user_space'
[    0.121760] audit: type=2000 audit(0.110:1): state=initialized audit_enabled=0 res=1
[    0.121793] cpuidle: using governor menu
[    0.138144] /ocp/interconnect@44c00000/segment@200000/target-module@b000/i2c@0/tda19988@70: Fixed dependency cycle(s) with /ocp/interconnect@48000000/segment@300000/target-module@e000/lcdc@0
[    0.139197] /ocp/interconnect@48000000/segment@300000/target-module@e000/lcdc@0: Fixed dependency cycle(s) with /ocp/interconnect@44c00000/segment@200000/target-module@b000/i2c@0/tda19988@70
[    0.141423] No ATAGs?
[    0.141442] hw-breakpoint: debug architecture 0x4 unsupported.
[    0.144460] kprobes: kprobe jump-optimization is enabled. All kprobes are optimized if possible.
[    0.163120] iommu: Default domain type: Translated
[    0.163141] iommu: DMA domain TLB invalidation policy: strict mode
[    0.164590] SCSI subsystem initialized
[    0.165416] reg-fixed-voltage fixedregulator0: using DT '/fixedregulator0' for '(null)' GPIO lookup
[    0.165468] of_get_named_gpiod_flags: can't parse 'gpios' property of node '/fixedregulator0[0]'
[    0.165497] of_get_named_gpiod_flags: can't parse 'gpio' property of node '/fixedregulator0[0]'
[    0.165515] reg-fixed-voltage fixedregulator0: using lookup tables for GPIO lookup
[    0.165525] reg-fixed-voltage fixedregulator0: No GPIO consumer (null) found
[    0.166050] libata version 3.00 loaded.
[    0.166406] pps_core: LinuxPPS API ver. 1 registered
[    0.166417] pps_core: Software ver. 5.3.6 - Copyright 2005-2007 Rodolfo Giometti <giometti@linux.it>
[    0.166442] PTP clock support registered
[    0.170955] vgaarb: loaded
[    0.171292] clocksource: Switched to clocksource dmtimer
[    0.171898] VFS: Disk quotas dquot_6.6.0
[    0.171956] VFS: Dquot-cache hash table entries: 1024 (order 0, 4096 bytes)
[    0.203414] NET: Registered PF_INET protocol family
[    0.203749] IP idents hash table entries: 8192 (order: 4, 65536 bytes, linear)
[    0.205073] tcp_listen_portaddr_hash hash table entries: 512 (order: 0, 4096 bytes, linear)
[    0.205111] Table-perturb hash table entries: 65536 (order: 6, 262144 bytes, linear)
[    0.205130] TCP established hash table entries: 4096 (order: 2, 16384 bytes, linear)
[    0.205177] TCP bind hash table entries: 4096 (order: 4, 65536 bytes, linear)
[    0.205277] TCP: Hash tables configured (established 4096 bind 4096)
[    0.205410] UDP hash table entries: 256 (order: 1, 8192 bytes, linear)
[    0.205439] UDP-Lite hash table entries: 256 (order: 1, 8192 bytes, linear)
[    0.205610] NET: Registered PF_UNIX/PF_LOCAL protocol family
[    0.212147] RPC: Registered named UNIX socket transport module.
[    0.212168] RPC: Registered udp transport module.
[    0.212174] RPC: Registered tcp transport module.
[    0.212179] RPC: Registered tcp-with-tls transport module.
[    0.212184] RPC: Registered tcp NFSv4.1 backchannel transport module.
[    0.212210] PCI: CLS 0 bytes, default 64
[    0.213791] Initialise system trusted keyrings
[    0.214835] workingset: timestamp_bits=14 max_order=17 bucket_order=3
[    0.222139] NFS: Registering the id_resolver key type
[    0.222238] Key type id_resolver registered
[    0.222246] Key type id_legacy registered
[    0.222302] jffs2: version 2.2. (NAND) (SUMMARY)  Â© 2001-2006 Red Hat, Inc.
[    0.222711] Key type asymmetric registered
[    0.222727] Asymmetric key parser 'x509' registered
[    0.222798] io scheduler mq-deadline registered
[    0.222810] io scheduler kyber registered
[    0.222876] io scheduler bfq registered
[    0.225545] hw perfevents: enabled with armv7_cortex_a8 PMU driver, 5 counters available
[    0.234001] l3-aon-clkctrl:0000:0: failed to disable
[    0.241482] Serial: 8250/16550 driver, 6 ports, IRQ sharing enabled
[    0.293202] brd: module loaded
[    0.301054] loop: module loaded
[    0.302125] mtdoops: mtd device (mtddev=name/number) must be supplied
[    0.303614] mdio_bus fixed-0: using lookup tables for GPIO lookup
[    0.303634] mdio_bus fixed-0: No GPIO consumer reset found
[    0.304845] i2c_dev: i2c /dev entries driver
[    0.305818] cpuidle: enable-method property 'ti,am3352' found operations
[    0.306270] sdhci: Secure Digital Host Controller Interface driver
[    0.306281] sdhci: Copyright(c) Pierre Ossman
[    0.306469] sdhci-pltfm: SDHCI platform and OF driver helper
[    0.327167] ledtrig-cpu: registered to indicate activity on CPUs
[    0.328008] Initializing XFRM netlink socket
[    0.328133] NET: Registered PF_INET6 protocol family
[    0.347712] Segment Routing with IPv6
[    0.347787] In-situ OAM (IOAM) with IPv6
[    0.347896] sit: IPv6, IPv4 and MPLS over IPv4 tunneling driver
[    0.348860] NET: Registered PF_PACKET protocol family
[    0.348890] NET: Registered PF_KEY protocol family
[    0.349035] Key type dns_resolver registered
[    0.349256] ThumbEE CPU extension supported.
[    0.349277] Registering SWP/SWPB emulation handler
[    0.349786] omap_voltage_late_init: Voltage driver support not added
[    0.350429] SmartReflex Class3 initialized
[    0.375228] Loading compiled-in X.509 certificates
[    0.416514] /ocp/interconnect@44c00000/segment@200000/target-module@b000/i2c@0/tda19988@70: Fixed dependency cycle(s) with /ocp/interconnect@48000000/segment@300000/target-module@e000/lcdc@0
[    0.422782] /ocp/interconnect@44c00000/segment@200000/target-module@b000/i2c@0/tda19988@70: Fixed dependency cycle(s) with /ocp/interconnect@48000000/segment@300000/target-module@e000/lcdc@0
[    0.428079] gpiochip_find_base: found new base at 512
[    0.430515] /ocp/interconnect@44c00000/segment@200000/target-module@b000/i2c@0/tda19988@70: Fixed dependency cycle(s) with /ocp/interconnect@48000000/segment@300000/target-module@e000/lcdc@0
[    0.431503] /ocp/interconnect@44c00000/segment@200000/target-module@b000/i2c@0/tda19988@70: Fixed dependency cycle(s) with /ocp/interconnect@48000000/segment@300000/target-module@e000/lcdc@0
[    0.434827] /ocp/interconnect@44c00000/segment@200000/target-module@10000/scm@0/pinmux@800: Fixed dependency cycle(s) with /ocp/interconnect@44c00000/segment@200000/target-module@10000/scm@0/pinmux@800/clkout2-pins
[    0.435434] pinctrl-single 44e10800.pinmux: 142 pins, size 568
[    0.440365] ti-sysc: probe of 44e31000.target-module failed with error -16
[    0.477113] /ocp/interconnect@48000000/segment@300000/target-module@e000/lcdc@0: Fixed dependency cycle(s) with /ocp/interconnect@44c00000/segment@200000/target-module@b000/i2c@0/tda19988@70
[    0.484989] ti-sysc: probe of 48040000.target-module failed with error -16
[    0.496052] gpiochip_find_base: found new base at 512
[    0.496121] gpio gpiochip0: (gpio-0-31): created GPIO range 0->7 ==> 44e10800.pinmux PIN 0->7
[    0.496139] gpio gpiochip0: (gpio-0-31): created GPIO range 8->11 ==> 44e10800.pinmux PIN 90->93
[    0.496155] gpio gpiochip0: (gpio-0-31): created GPIO range 12->27 ==> 44e10800.pinmux PIN 12->27
[    0.496171] gpio gpiochip0: (gpio-0-31): created GPIO range 28->31 ==> 44e10800.pinmux PIN 30->33
[    0.526085] gpio gpiochip0: (gpio-0-31): added GPIO chardev (254:0)
[    0.526248] gpio gpiochip0: registered GPIOs 512 to 543 on gpio-0-31
[    0.526332] OMAP GPIO hardware version 0.1
[    0.558098] i2c i2c-2: using DT '/ocp/interconnect@48000000/segment@100000/target-module@9c000/i2c@0' for 'scl' GPIO lookup
[    0.558173] of_get_named_gpiod_flags: can't parse 'scl-gpios' property of node '/ocp/interconnect@48000000/segment@100000/target-module@9c000/i2c@0[0]'
[    0.558216] of_get_named_gpiod_flags: can't parse 'scl-gpio' property of node '/ocp/interconnect@48000000/segment@100000/target-module@9c000/i2c@0[0]'
[    0.558251] i2c i2c-2: using lookup tables for GPIO lookup
[    0.558261] i2c i2c-2: No GPIO consumer scl found
[    0.558283] i2c i2c-2: using DT '/ocp/interconnect@48000000/segment@100000/target-module@9c000/i2c@0' for 'sda' GPIO lookup
[    0.558318] of_get_named_gpiod_flags: can't parse 'sda-gpios' property of node '/ocp/interconnect@48000000/segment@100000/target-module@9c000/i2c@0[0]'
[    0.558355] of_get_named_gpiod_flags: can't parse 'sda-gpio' property of node '/ocp/interconnect@48000000/segment@100000/target-module@9c000/i2c@0[0]'
[    0.558386] i2c i2c-2: using lookup tables for GPIO lookup
[    0.558393] i2c i2c-2: No GPIO consumer sda found
[    0.559082] omap_i2c 4819c000.i2c: bus 2 rev0.11 at 100 kHz
[    0.564655] gpiochip_find_base: found new base at 544
[    0.564722] gpio gpiochip1: (gpio-32-63): created GPIO range 0->17 ==> 44e10800.pinmux PIN 34->51
[    0.564741] gpio gpiochip1: (gpio-32-63): created GPIO range 18->21 ==> 44e10800.pinmux PIN 77->80
[    0.564757] gpio gpiochip1: (gpio-32-63): created GPIO range 22->31 ==> 44e10800.pinmux PIN 56->65
[    0.587348] gpio gpiochip1: (gpio-32-63): added GPIO chardev (254:1)
[    0.587497] gpio gpiochip1: registered GPIOs 544 to 575 on gpio-32-63
[    0.589683] gpiochip_find_base: found new base at 576
[    0.589743] gpio gpiochip2: (gpio-64-95): created GPIO range 0->4 ==> 44e10800.pinmux PIN 66->70
[    0.589761] gpio gpiochip2: (gpio-64-95): created GPIO range 5->6 ==> 44e10800.pinmux PIN 98->99
[    0.589777] gpio gpiochip2: (gpio-64-95): created GPIO range 7->8 ==> 44e10800.pinmux PIN 75->76
[    0.589792] gpio gpiochip2: (gpio-64-95): created GPIO range 13->13 ==> 44e10800.pinmux PIN 141->141
[    0.589808] gpio gpiochip2: (gpio-64-95): created GPIO range 14->21 ==> 44e10800.pinmux PIN 100->107
[    0.590363] gpio gpiochip2: (gpio-64-95): added GPIO chardev (254:2)
[    0.590498] gpio gpiochip2: registered GPIOs 576 to 607 on gpio-64-95
[    0.596895] /ocp/interconnect@48000000/segment@300000/target-module@e000/lcdc@0: Fixed dependency cycle(s) with /ocp/interconnect@44c00000/segment@200000/target-module@b000/i2c@0/tda19988@70
[    0.599542] /ocp/interconnect@48000000/segment@300000/target-module@e000/lcdc@0: Fixed dependency cycle(s) with /ocp/interconnect@44c00000/segment@200000/target-module@b000/i2c@0/tda19988@70
[    0.600207] /ocp/interconnect@44c00000/segment@200000/target-module@b000/i2c@0/tda19988@70: Fixed dependency cycle(s) with /ocp/interconnect@48000000/segment@300000/target-module@e000/lcdc@0
[    0.600364] /ocp/interconnect@48000000/segment@300000/target-module@e000/lcdc@0: Fixed dependency cycle(s) with /ocp/interconnect@44c00000/segment@200000/target-module@b000/i2c@0/tda19988@70
[    0.609652] mdio_bus 4a101000.mdio: using DT '/ocp/interconnect@4a000000/segment@0/target-module@100000/switch@0/mdio@1000' for 'reset' GPIO lookup
[    0.609724] of_get_named_gpiod_flags: can't parse 'reset-gpios' property of node '/ocp/interconnect@4a000000/segment@0/target-module@100000/switch@0/mdio@1000[0]'
[    0.609773] of_get_named_gpiod_flags: can't parse 'reset-gpio' property of node '/ocp/interconnect@4a000000/segment@0/target-module@100000/switch@0/mdio@1000[0]'
[    0.609820] mdio_bus 4a101000.mdio: using lookup tables for GPIO lookup
[    0.609831] mdio_bus 4a101000.mdio: No GPIO consumer reset found
[    0.610814] sdhci-omap 481d8000.mmc: using DT '/ocp/interconnect@48000000/segment@100000/target-module@d8000/mmc@0' for 'wp' GPIO lookup
[    0.610875] of_get_named_gpiod_flags: can't parse 'wp-gpios' property of node '/ocp/interconnect@48000000/segment@100000/target-module@d8000/mmc@0[0]'
[    0.610917] of_get_named_gpiod_flags: can't parse 'wp-gpio' property of node '/ocp/interconnect@48000000/segment@100000/target-module@d8000/mmc@0[0]'
[    0.610950] sdhci-omap 481d8000.mmc: using lookup tables for GPIO lookup
[    0.610960] sdhci-omap 481d8000.mmc: No GPIO consumer wp found
[    0.611146] sdhci-omap 481d8000.mmc: supply pbias not found, using dummy regulator
[    0.612005] sdhci-omap 481d8000.mmc: supply vqmmc not found, using dummy regulator
[    0.687327] davinci_mdio 4a101000.mdio: davinci mdio revision 1.6, bus freq 1000000
[    0.705126] mdio_bus 4a101000.mdio:00: using DT '/ocp/interconnect@4a000000/segment@0/target-module@100000/switch@0/mdio@1000/ethernet-phy@0' for 'reset' GPIO lookup
[    0.705231] of_get_named_gpiod_flags: parsed 'reset-gpios' property of node '/ocp/interconnect@4a000000/segment@0/target-module@100000/switch@0/mdio@1000/ethernet-phy@0[0]' - status (0)
[    0.705391] gpio gpiochip0: Persistence not supported for GPIO 8
[    0.879695] davinci_mdio 4a101000.mdio: phy[0]: device 4a101000.mdio:00, driver SMSC LAN8710/LAN8720
[    0.880325] cpsw-switch 4a100000.switch: initialized cpsw ale version 1.4
[    0.880347] cpsw-switch 4a100000.switch: ALE Table size 1024
[    0.880483] cpsw-switch 4a100000.switch: cpts: overflow check period 500 (jiffies)
[    0.880500] cpsw-switch 4a100000.switch: CPTS: ref_clk_freq:250000000 calc_mult:2147483648 calc_shift:29 error:0 nsec/sec
[    0.880598] cpsw-switch 4a100000.switch: Detected MACID = 6c:ec:eb:68:de:78
[    0.882594] cpsw-switch 4a100000.switch: initialized (regs 0x4a100000, pool size 256) hw_ver:0019010C 1.12 (0)
[    0.893274] debugfs: Directory '49000000.dma' with parent 'dmaengine' already present!
[    0.893316] edma 49000000.dma: TI EDMA DMA engine driver
[    0.930433] gpio-clk clk_mcasp0: using DT '/clk_mcasp0' for 'enable' GPIO lookup
[    0.930513] of_get_named_gpiod_flags: parsed 'enable-gpios' property of node '/clk_mcasp0[0]' - status (0)
[    0.930554] gpio gpiochip0: Persistence not supported for GPIO 27
[    0.931600] gpiochip_find_base: found new base at 608
[    0.931664] gpio gpiochip3: (gpio-96-127): created GPIO range 0->7 ==> 44e10800.pinmux PIN 82->89
[    0.931684] gpio gpiochip3: (gpio-96-127): created GPIO range 8->11 ==> 44e10800.pinmux PIN 52->55
[    0.931700] gpio gpiochip3: (gpio-96-127): created GPIO range 12->15 ==> 44e10800.pinmux PIN 94->97
[    0.931715] gpio gpiochip3: (gpio-96-127): created GPIO range 16->17 ==> 44e10800.pinmux PIN 71->72
[    0.931731] gpio gpiochip3: (gpio-96-127): created GPIO range 18->18 ==> 44e10800.pinmux PIN 135->135
[    0.931747] gpio gpiochip3: (gpio-96-127): created GPIO range 19->20 ==> 44e10800.pinmux PIN 108->109
[    0.931763] gpio gpiochip3: (gpio-96-127): created GPIO range 21->21 ==> 44e10800.pinmux PIN 73->73
[    0.931780] gpio gpiochip3: (gpio-96-127): created GPIO range 22->23 ==> 44e10800.pinmux PIN 8->9
[    0.931797] gpio gpiochip3: (gpio-96-127): created GPIO range 26->27 ==> 44e10800.pinmux PIN 10->11
[    0.931814] gpio gpiochip3: (gpio-96-127): created GPIO range 28->28 ==> 44e10800.pinmux PIN 74->74
[    0.931832] gpio gpiochip3: (gpio-96-127): created GPIO range 29->29 ==> 44e10800.pinmux PIN 81->81
[    0.931851] gpio gpiochip3: (gpio-96-127): created GPIO range 30->31 ==> 44e10800.pinmux PIN 28->29
[    0.941953] gpio gpiochip3: (gpio-96-127): added GPIO chardev (254:3)
[    0.942104] gpio gpiochip3: registered GPIOs 608 to 639 on gpio-96-127
[    0.951942] omap8250 44e09000.serial: using DT '/ocp/interconnect@44c00000/segment@200000/target-module@9000/serial@0' for 'rs485-term' GPIO lookup
[    0.952020] of_get_named_gpiod_flags: can't parse 'rs485-term-gpios' property of node '/ocp/interconnect@44c00000/segment@200000/target-module@9000/serial@0[0]'
[    0.952065] of_get_named_gpiod_flags: can't parse 'rs485-term-gpio' property of node '/ocp/interconnect@44c00000/segment@200000/target-module@9000/serial@0[0]'
[    0.952100] omap8250 44e09000.serial: using lookup tables for GPIO lookup
[    0.952111] omap8250 44e09000.serial: No GPIO consumer rs485-term found
[    0.952120] omap8250 44e09000.serial: using DT '/ocp/interconnect@44c00000/segment@200000/target-module@9000/serial@0' for 'rs485-rx-during-tx' GPIO lookup
[    0.952156] of_get_named_gpiod_flags: can't parse 'rs485-rx-during-tx-gpios' property of node '/ocp/interconnect@44c00000/segment@200000/target-module@9000/serial@0[0]'
[    0.952193] of_get_named_gpiod_flags: can't parse 'rs485-rx-during-tx-gpio' property of node '/ocp/interconnect@44c00000/segment@200000/target-module@9000/serial@0[0]'
[    0.952225] omap8250 44e09000.serial: using lookup tables for GPIO lookup
[    0.952233] omap8250 44e09000.serial: No GPIO consumer rs485-rx-during-tx found
[    0.952600] 44e09000.serial: ttyS0 at MMIO 0x44e09000 (irq = 34, base_baud = 3000000) is a 8250
[    0.952685] printk: console [ttyS0] enabled
[    2.132901] i2c i2c-0: using DT '/ocp/interconnect@44c00000/segment@200000/target-module@b000/i2c@0' for 'scl' GPIO lookup
[    2.132998] of_get_named_gpiod_flags: can't parse 'scl-gpios' property of node '/ocp/interconnect@44c00000/segment@200000/target-module@b000/i2c@0[0]'
[    2.133045] of_get_named_gpiod_flags: can't parse 'scl-gpio' property of node '/ocp/interconnect@44c00000/segment@200000/target-module@b000/i2c@0[0]'
[    2.133083] i2c i2c-0: using lookup tables for GPIO lookup
[    2.133095] i2c i2c-0: No GPIO consumer scl found
[    2.133118] i2c i2c-0: using DT '/ocp/interconnect@44c00000/segment@200000/target-module@b000/i2c@0' for 'sda' GPIO lookup
[    2.133156] of_get_named_gpiod_flags: can't parse 'sda-gpios' property of node '/ocp/interconnect@44c00000/segment@200000/target-module@b000/i2c@0[0]'
[    2.133195] of_get_named_gpiod_flags: can't parse 'sda-gpio' property of node '/ocp/interconnect@44c00000/segment@200000/target-module@b000/i2c@0[0]'
[    2.133229] i2c i2c-0: using lookup tables for GPIO lookup
[    2.133238] i2c i2c-0: No GPIO consumer sda found
[    2.162223] tps65217-pmic: Failed to locate of_node [id: -1]
[    2.168261] tps65217-bl: Failed to locate of_node [id: -1]
[    2.179244] tps65217 0-0024: TPS65217 ID 0xe version 1.2
[    2.185388] /ocp/interconnect@48000000/segment@300000/target-module@e000/lcdc@0: Fixed dependency cycle(s) with /ocp/interconnect@44c00000/segment@200000/target-module@b000/i2c@0/tda19988@70
[    2.202739] /ocp/interconnect@44c00000/segment@200000/target-module@b000/i2c@0/tda19988@70: Fixed dependency cycle(s) with /ocp/interconnect@48000000/segment@300000/target-module@e000/lcdc@0
[    2.220090] omap_i2c 44e0b000.i2c: bus 0 rev0.11 at 400 kHz
[    2.227775] sdhci-omap 48060000.mmc: using DT '/ocp/interconnect@48000000/segment@0/target-module@60000/mmc@0' for 'cd' GPIO lookup
[    2.227875] of_get_named_gpiod_flags: parsed 'cd-gpios' property of node '/ocp/interconnect@48000000/segment@0/target-module@60000/mmc@0[0]' - status (0)
[    2.227995] gpio gpiochip3: Persistence not supported for GPIO 6
[    2.228020] omap_gpio 44e07000.gpio: Could not set line 6 debounce to 200000 microseconds (-22)
[    2.236888] sdhci-omap 48060000.mmc: Got CD GPIO
[    2.241565] sdhci-omap 48060000.mmc: using DT '/ocp/interconnect@48000000/segment@0/target-module@60000/mmc@0' for 'wp' GPIO lookup
[    2.241614] of_get_named_gpiod_flags: can't parse 'wp-gpios' property of node '/ocp/interconnect@48000000/segment@0/target-module@60000/mmc@0[0]'
[    2.241658] of_get_named_gpiod_flags: can't parse 'wp-gpio' property of node '/ocp/interconnect@48000000/segment@0/target-module@60000/mmc@0[0]'
[    2.241693] sdhci-omap 48060000.mmc: using lookup tables for GPIO lookup
[    2.241706] sdhci-omap 48060000.mmc: No GPIO consumer wp found
[    2.241903] sdhci-omap 48060000.mmc: supply pbias not found, using dummy regulator
[    2.250794] sdhci-omap 481d8000.mmc: using DT '/ocp/interconnect@48000000/segment@100000/target-module@d8000/mmc@0' for 'wp' GPIO lookup
[    2.250872] of_get_named_gpiod_flags: can't parse 'wp-gpios' property of node '/ocp/interconnect@48000000/segment@100000/target-module@d8000/mmc@0[0]'
[    2.250921] of_get_named_gpiod_flags: can't parse 'wp-gpio' property of node '/ocp/interconnect@48000000/segment@100000/target-module@d8000/mmc@0[0]'
[    2.250957] sdhci-omap 481d8000.mmc: using lookup tables for GPIO lookup
[    2.250969] sdhci-omap 481d8000.mmc: No GPIO consumer wp found
[    2.252079] sdhci-omap 48060000.mmc: supply vqmmc not found, using dummy regulator
[    2.260762] sdhci-omap 481d8000.mmc: supply pbias not found, using dummy regulator
[    2.269718] sdhci-omap 481d8000.mmc: supply vqmmc not found, using dummy regulator
[    2.308920] mmc1: SDHCI controller on 481d8000.mmc [481d8000.mmc] using External DMA
[    2.318057] mmc0: SDHCI controller on 48060000.mmc [48060000.mmc] using External DMA
[    2.326629] cpsw-switch 4a100000.switch: starting ndev. mode: dual_mac
[    2.391567] mmc1: new high speed MMC card at address 0001
[    2.398443] mmcblk1: mmc1:0001 MMC04G 3.60 GiB
[    2.405825]  mmcblk1: p1 p2
[    2.409291] mmc0: new high speed SDHC card at address aaaa
[    2.416286] mmcblk1boot0: mmc1:0001 MMC04G 2.00 MiB
[    2.422841] mmcblk0: mmc0:aaaa SE32G 29.7 GiB
[    2.429281] mmcblk1boot1: mmc1:0001 MMC04G 2.00 MiB
[    2.437679] mmcblk1rpmb: mmc1:0001 MMC04G 128 KiB, chardev (250:0)
[    2.444414]  mmcblk0: p1 p2
[    2.522477] SMSC LAN8710/LAN8720 4a101000.mdio:00: attached PHY driver (mii_bus:phy_addr=4a101000.mdio:00, irq=POLL)
[    5.682022] cpsw-switch 4a100000.switch eth0: Link is Up - 100Mbps/Full - flow control off
[    5.741312] IP-Config: Complete:
[    5.744585]      device=eth0, hwaddr=6c:ec:eb:68:de:78, ipaddr=192.168.255.1, mask=255.255.255.0, gw=255.255.255.255
[    5.755201]      host=bbb1, domain=, nis-domain=(none)
[    5.760366]      bootserver=192.168.255.126, rootserver=192.168.255.126, rootpath=
[    5.760780] clk: Disabling unused clocks
[    5.772623] KTAP version 1
[    5.775350] 1..0
[    5.798465] VFS: Mounted root (nfs filesystem) on device 0:16.
[    5.805561] devtmpfs: mounted
[    5.810187] Freeing unused kernel image (initmem) memory: 1024K
[    5.816988] Run /sbin/init as init process
[    5.821116]   with arguments:
[    5.821126]     /sbin/init
[    5.821134]     nfsrootdebug
[    5.821142]   with environment:
[    5.821149]     HOME=/
[    5.821156]     TERM=linux
[    6.500132] systemd[1]: System time before build time, advancing clock.
[    7.981307] random: crng init done
[    8.052164] systemd[1]: systemd 232 running in system mode. (+PAM +AUDIT +SELINUX +IMA +APPARMOR +SMACK +SYSVINIT +UTMP +LIBCRYPTSETUP +GCRYPT +GNUTLS +ACL +XZ +LZ4 +SECCOMP +BLKID +ELFUTILS +KMOD +IDN)
[    8.071141] systemd[1]: Detected architecture arm.
[    8.114163] systemd[1]: Set hostname to <arm>.
[    9.165061] systemd[1]: Listening on Journal Socket.
[    9.202910] systemd[1]: Created slice System Slice.
[    9.275918] systemd[1]: Starting Load Kernel Modules...
[    9.307872] systemd[1]: Mounting POSIX Message Queue File System...
[    9.336579] systemd[1]: Started Dispatch Password Requests to Console Directory Watch.
[    9.394890] systemd[1]: Created slice system-serial\x2dgetty.slice.
[    9.441171] systemd[1]: Listening on Journal Socket (/dev/log).
[   11.001224] systemd-journald[86]: Received request to flush runtime journal from PID 1
[   13.958036] leds-gpio leds: using DT '/leds/led2' for '(null)' GPIO lookup
[   13.958138] of_get_named_gpiod_flags: parsed 'gpios' property of node '/leds/led2[0]' - status (0)
[   13.958189] gpio gpiochip0: Persistence not supported for GPIO 21
[   13.958203] gpio-533 (?): no flags found for (null)
[   13.958481] leds-gpio leds: using DT '/leds/led3' for '(null)' GPIO lookup
[   13.958530] of_get_named_gpiod_flags: parsed 'gpios' property of node '/leds/led3[0]' - status (0)
[   13.958564] gpio gpiochip0: Persistence not supported for GPIO 22
[   13.958575] gpio-534 (?): no flags found for (null)
[   13.975030] leds-gpio leds: using DT '/leds/led4' for '(null)' GPIO lookup
[   13.975125] of_get_named_gpiod_flags: parsed 'gpios' property of node '/leds/led4[0]' - status (0)
[   13.975172] gpio gpiochip0: Persistence not supported for GPIO 23
[   13.975183] gpio-535 (?): no flags found for (null)
[   13.999750] leds-gpio leds: using DT '/leds/led5' for '(null)' GPIO lookup
[   13.999847] of_get_named_gpiod_flags: parsed 'gpios' property of node '/leds/led5[0]' - status (0)
[   13.999895] gpio gpiochip0: Persistence not supported for GPIO 24
[   13.999907] gpio-536 (?): no flags found for (null)
[   14.264082] remoteproc remoteproc0: wkup_m3 is available
[   14.514274] wkup_m3_ipc 44e11324.wkup_m3_ipc: IPC Request for A8->M3 Channel failed! -517
[   14.648598] omap_wdt: OMAP Watchdog Timer Rev 0x01: initial timeout 60 sec
[   14.657554] wkup_m3_ipc 44e11324.wkup_m3_ipc: IPC Request for A8->M3 Channel failed! -517
[   14.931089] at24 2-0054: supply vcc not found, using dummy regulator
[   15.087205] omap_rtc 44e3e000.rtc: registered as rtc0
[   15.092849] omap_rtc 44e3e000.rtc: setting system clock to 2000-01-01T00:00:00 UTC (946684800)
[   15.101805] omap_rtc 44e3e000.rtc: using DT '/ocp/interconnect@44c00000/segment@200000/target-module@3e000/rtc@0' for 'wp' GPIO lookup
[   15.101881] of_get_named_gpiod_flags: can't parse 'wp-gpios' property of node '/ocp/interconnect@44c00000/segment@200000/target-module@3e000/rtc@0[0]'
[   15.101932] of_get_named_gpiod_flags: can't parse 'wp-gpio' property of node '/ocp/interconnect@44c00000/segment@200000/target-module@3e000/rtc@0[0]'
[   15.101971] omap_rtc 44e3e000.rtc: using lookup tables for GPIO lookup
[   15.101984] omap_rtc 44e3e000.rtc: No GPIO consumer wp found
[   15.105532] wkup_m3_ipc 44e11324.wkup_m3_ipc: IPC Request for A8->M3 Channel failed! -517
[   15.123937] at24 2-0055: supply vcc not found, using dummy regulator
[   15.234823] at24 2-0056: supply vcc not found, using dummy regulator
[   15.243144] wkup_m3_ipc 44e11324.wkup_m3_ipc: IPC Request for A8->M3 Channel failed! -517
[   15.332815] at24 2-0057: supply vcc not found, using dummy regulator
[   15.500404] at24 0-0050: using DT '/ocp/interconnect@44c00000/segment@200000/target-module@b000/i2c@0/baseboard_eeprom@50' for 'wp' GPIO lookup
[   15.500571] of_get_named_gpiod_flags: can't parse 'wp-gpios' property of node '/ocp/interconnect@44c00000/segment@200000/target-module@b000/i2c@0/baseboard_eeprom@50[0]'
[   15.500682] of_get_named_gpiod_flags: can't parse 'wp-gpio' property of node '/ocp/interconnect@44c00000/segment@200000/target-module@b000/i2c@0/baseboard_eeprom@50[0]'
[   15.500776] at24 0-0050: using lookup tables for GPIO lookup
[   15.500790] at24 0-0050: No GPIO consumer wp found
[   15.501564] at24 0-0050: 32768 byte 24c256 EEPROM, writable, 1 bytes/write
[   15.518418] wkup_m3_ipc 44e11324.wkup_m3_ipc: IPC Request for A8->M3 Channel failed! -517
[   15.558508] am335x-phy-driver 47401300.usb-phy: using DT '/ocp/target-module@47400000/usb-phy@1300' for 'reset' GPIO lookup
[   15.558607] of_get_named_gpiod_flags: can't parse 'reset-gpios' property of node '/ocp/target-module@47400000/usb-phy@1300[0]'
[   15.558653] of_get_named_gpiod_flags: can't parse 'reset-gpio' property of node '/ocp/target-module@47400000/usb-phy@1300[0]'
[   15.558690] am335x-phy-driver 47401300.usb-phy: using lookup tables for GPIO lookup
[   15.558703] am335x-phy-driver 47401300.usb-phy: No GPIO consumer reset found
[   15.558715] am335x-phy-driver 47401300.usb-phy: using DT '/ocp/target-module@47400000/usb-phy@1300' for 'vbus-detect' GPIO lookup
[   15.558746] of_get_named_gpiod_flags: can't parse 'vbus-detect-gpios' property of node '/ocp/target-module@47400000/usb-phy@1300[0]'
[   15.558778] of_get_named_gpiod_flags: can't parse 'vbus-detect-gpio' property of node '/ocp/target-module@47400000/usb-phy@1300[0]'
[   15.558802] am335x-phy-driver 47401300.usb-phy: using lookup tables for GPIO lookup
[   15.558813] am335x-phy-driver 47401300.usb-phy: No GPIO consumer vbus-detect found
[   15.558958] am335x-phy-driver 47401300.usb-phy: dummy supplies not allowed for exclusive requests
[   15.916765] am335x-phy-driver 47401b00.usb-phy: using DT '/ocp/target-module@47400000/usb-phy@1b00' for 'reset' GPIO lookup
[   15.916857] of_get_named_gpiod_flags: can't parse 'reset-gpios' property of node '/ocp/target-module@47400000/usb-phy@1b00[0]'
[   15.916900] of_get_named_gpiod_flags: can't parse 'reset-gpio' property of node '/ocp/target-module@47400000/usb-phy@1b00[0]'
[   15.916935] am335x-phy-driver 47401b00.usb-phy: using lookup tables for GPIO lookup
[   15.916948] am335x-phy-driver 47401b00.usb-phy: No GPIO consumer reset found
[   15.916961] am335x-phy-driver 47401b00.usb-phy: using DT '/ocp/target-module@47400000/usb-phy@1b00' for 'vbus-detect' GPIO lookup
[   15.916990] of_get_named_gpiod_flags: can't parse 'vbus-detect-gpios' property of node '/ocp/target-module@47400000/usb-phy@1b00[0]'
[   15.917021] of_get_named_gpiod_flags: can't parse 'vbus-detect-gpio' property of node '/ocp/target-module@47400000/usb-phy@1b00[0]'
[   15.917045] am335x-phy-driver 47401b00.usb-phy: using lookup tables for GPIO lookup
[   15.917055] am335x-phy-driver 47401b00.usb-phy: No GPIO consumer vbus-detect found
[   15.917200] am335x-phy-driver 47401b00.usb-phy: dummy supplies not allowed for exclusive requests
[   15.936369] wkup_m3_ipc 44e11324.wkup_m3_ipc: IPC Request for A8->M3 Channel failed! -517
[   16.054453] tps6521x_pwrbutton tps65217-pwrbutton: DMA mask not set
[   16.215507] wkup_m3_ipc 44e11324.wkup_m3_ipc: IPC Request for A8->M3 Channel failed! -517
[   16.248285] usbcore: registered new interface driver usbfs
[   16.254075] usbcore: registered new interface driver hub
[   16.259517] usbcore: registered new device driver usb
[   16.269504] input: tps65217_pwrbutton as /devices/platform/ocp/44c00000.interconnect/44c00000.interconnect:segment@200000/44e0b000.target-module/44e0b000.i2c/i2c-0/0-0024/tps65217-pwrbutton/input/input0
[   16.390940] wkup_m3_ipc 44e11324.wkup_m3_ipc: IPC Request for A8->M3 Channel failed! -517
[   17.093243] wkup_m3_ipc 44e11324.wkup_m3_ipc: IPC Request for A8->M3 Channel failed! -517
[   17.329261] musb-hdrc musb-hdrc.1: MUSB HDRC host driver
[   17.334928] musb-hdrc musb-hdrc.1: new USB bus registered, assigned bus number 1
[   17.346786] wkup_m3_ipc 44e11324.wkup_m3_ipc: IPC Request for A8->M3 Channel failed! -517
[   17.497897] tda998x 0-0070: found TDA19988
[   17.521630] usb usb1: New USB device found, idVendor=1d6b, idProduct=0002, bcdDevice= 6.06
[   17.529989] usb usb1: New USB device strings: Mfr=3, Product=2, SerialNumber=1
[   17.537316] usb usb1: Product: MUSB HDRC host driver
[   17.542335] usb usb1: Manufacturer: Linux 6.6.103 musb-hcd
[   17.547848] usb usb1: SerialNumber: musb-hdrc.1
[   17.646651] wkup_m3_ipc 44e11324.wkup_m3_ipc: IPC Request for A8->M3 Channel failed! -517
[   17.772100] hub 1-0:1.0: USB hub found
[   17.830658] hub 1-0:1.0: 1 port detected
[   17.847295] omap-mailbox 480c8000.mailbox: omap mailbox rev 0x400
[   17.867075] remoteproc remoteproc0: powering up wkup_m3
[   18.083911] remoteproc remoteproc0: Direct firmware load for am335x-pm-firmware.elf failed with error -2
[   18.093682] remoteproc remoteproc0: request_firmware failed: -2
[   18.099643] wkup_m3_ipc 44e11324.wkup_m3_ipc: rproc_boot failed
[   20.064994] tilcdc 4830e000.lcdc: bound 0-0070 (ops 0xbf0a90fc)
[   20.175605] [drm] Initialized tilcdc 1.0.0 20121205 for 4830e000.lcdc on minor 0
[   20.204836] omap_rng 48310000.rng: Random Number Generator ver. 20
[   20.284351] tilcdc 4830e000.lcdc: [drm] Cannot find any crtc or sizes
[   20.294859] tilcdc 4830e000.lcdc: [drm] Cannot find any crtc or sizes
[   21.763662] PM: Cannot get wkup_m3_ipc handle
[   21.857878] omap-sham 53100000.sham: hw accel on OMAP rev 4.3
[   21.961486] omap-aes 53500000.aes: OMAP AES hw accel rev: 3.2
[   21.985483] omap-sham 53100000.sham: will run requests pump with realtime priority
[   22.004528] PM: Cannot get wkup_m3_ipc handle
[   22.120582] omap-aes 53500000.aes: will run requests pump with realtime priority
[   22.135588] PM: Cannot get wkup_m3_ipc handle
[   22.355267] Bluetooth: Core ver 2.22
[   22.359061] NET: Registered PF_BLUETOOTH protocol family
[   22.364635] Bluetooth: HCI device and connection manager initialized
[   22.371051] Bluetooth: HCI socket layer initialized
[   22.376038] Bluetooth: L2CAP socket layer initialized
[   22.381151] Bluetooth: SCO socket layer initialized
[   25.464959] PM: Cannot get wkup_m3_ipc handle
[   25.470696] asoc-simple-card sound: using DT '/sound' for 'simple-audio-card,hp-det' GPIO lookup
[   25.470769] of_get_named_gpiod_flags: can't parse 'simple-audio-card,hp-det-gpios' property of node '/sound[0]'
[   25.470807] of_get_named_gpiod_flags: can't parse 'simple-audio-card,hp-det-gpio' property of node '/sound[0]'
[   25.470830] asoc-simple-card sound: using lookup tables for GPIO lookup
[   25.470843] asoc-simple-card sound: No GPIO consumer simple-audio-card,hp-det found
[   25.470856] asoc-simple-card sound: using DT '/sound' for 'simple-audio-card,mic-det' GPIO lookup
[   25.470881] of_get_named_gpiod_flags: can't parse 'simple-audio-card,mic-det-gpios' property of node '/sound[0]'
[   25.470906] of_get_named_gpiod_flags: can't parse 'simple-audio-card,mic-det-gpio' property of node '/sound[0]'
[   25.470924] asoc-simple-card sound: using lookup tables for GPIO lookup
[   25.470934] asoc-simple-card sound: No GPIO consumer simple-audio-card,mic-det found
[   25.584100] PM: Cannot get wkup_m3_ipc handle
[   27.616279] userial_init: registered 8 ttyGS* devices
[   27.896287] rndis_register: configNr = 0
[   27.980817] udc musb-hdrc.0: binding gadget driver [g_multi]
[   27.980912] configfs-gadget.g_multi gadget.0: adding 'rndis'/dbe91960 to config 'c'/c128b183
[   27.982318] configfs-gadget.g_multi gadget.0: HOST MAC 1c:ba:8c:a2:ed:6c
[   27.989096] configfs-gadget.g_multi gadget.0: MAC 1c:ba:8c:a2:ed:70
[   27.995520] rndis_set_param_medium: 0 0
[   27.995538] configfs-gadget.g_multi gadget.0: RNDIS: IN/ep1in OUT/ep1out NOTIFY/ep2in
[   27.995554] configfs-gadget.g_multi gadget.0: adding 'cdc_ethernet'/2a850bed to config 'c'/c128b183
[   27.996412] configfs-gadget.g_multi gadget.0: HOST MAC 1c:ba:8c:a2:ed:6c
[   28.003253] configfs-gadget.g_multi gadget.0: MAC 1c:ba:8c:a2:ed:6d
[   28.009588] configfs-gadget.g_multi gadget.0: CDC Ethernet: IN/ep3in OUT/ep2out NOTIFY/ep4in
[   28.009603] configfs-gadget.g_multi gadget.0: adding 'acm'/9718b44d to config 'c'/c128b183
[   28.009636] configfs-gadget.g_multi gadget.0: acm ttyGS0: IN/ep5in OUT/ep3out NOTIFY/ep6in
[   28.010740] PM: Cannot get wkup_m3_ipc handle
[   29.160831] configfs-gadget.g_multi gadget.0: eth_open
[   29.758901] configfs-gadget.g_multi gadget.0: stop stats: rx/tx 0/0, errs 0/0
[   34.485223] gs_open: ttyGS0 (83090c2d,f4102d7f)
[   34.485377] gs_close: ttyGS0 (83090c2d,f4102d7f) ...
[   34.485398] gs_close: ttyGS0 (83090c2d,f4102d7f) done!
[   34.499628] gs_open: ttyGS0 (83090c2d,2bc6c510)
[   34.499768] gs_close: ttyGS0 (83090c2d,2bc6c510) ...
[   34.499789] gs_close: ttyGS0 (83090c2d,2bc6c510) done!
[   34.639475] gs_open: ttyGS0 (83090c2d,c0b4e713)
[   34.639710] gs_close: ttyGS0 (83090c2d,c0b4e713) ...
[   34.639734] gs_close: ttyGS0 (83090c2d,c0b4e713) done!
[   34.644596] gs_open: ttyGS0 (83090c2d,1b1e274f)
WWUMSYHGHS 0
root@arm:~# echo 'TYQJ''WMHNLU'
TYQJWMHNLU
root@arm:~# MARKER='XNMU''COWVXQ' run 'modprobe test_linear_ranges'
XNMUCOWVXQXNMUCOWVXQ 0
root@arm:~# echo 'KNYF''OFYBUL'
KNYFOFYBUL
root@arm:~# MARKER='NMGV''WKOVGQ' run dmesg
NMGVWKOVGQ[    0.000000] Booting Linux on physical CPU 0x0
[    0.000000] Linux version 6.6.103 (user01@drvtest01) (arm-none-eabi-gcc (Arm GNU Toolchain 14.2.Rel1 (Build arm-14.52)) 14.2.1 20241119, GNU ld (Arm GNU Toolchain 14.2.Rel1 (Build arm-14.52)) 2.43.1.20241119) #1 SMP Thu Aug 28 19:40:18 EEST 2025
[    0.000000] CPU: ARMv7 Processor [413fc082] revision 2 (ARMv7), cr=10c5387d
[    0.000000] CPU: PIPT / VIPT nonaliasing data cache, VIPT aliasing instruction cache
[    0.000000] OF: fdt: Machine model: TI AM335x BeagleBone Black
[    0.000000] Memory policy: Data cache writeback
[    0.000000] cma: Reserved 16 MiB at 0x9e800000 on node -1
[    0.000000] Zone ranges:
[    0.000000]   Normal   [mem 0x0000000080000000-0x000000009fdfffff]
[    0.000000]   HighMem  empty
[    0.000000] Movable zone start for each node
[    0.000000] Early memory node ranges
[    0.000000]   node   0: [mem 0x0000000080000000-0x000000009fdfffff]
[    0.000000] Initmem setup node 0 [mem 0x0000000080000000-0x000000009fdfffff]
[    0.000000] CPU: All CPU(s) started in SVC mode.
[    0.000000] AM335X ES2.1 (sgx neon)
[    0.000000] percpu: Embedded 16 pages/cpu s36116 r8192 d21228 u65536
[    0.000000] pcpu-alloc: s36116 r8192 d21228 u65536 alloc=16*4096
[    0.000000] pcpu-alloc: [0] 0 
[    0.000000] Kernel command line: console=ttyO0,115200n8 root=/dev/nfs rw nfsroot=192.168.255.126:/home/user01/nfs,nfsvers=3 ip=192.168.255.1:192.168.255.126::255.255.255.0:bbb1:eth0 nfsrootdebug
[    0.000000] Unknown kernel command line parameters "nfsrootdebug", will be passed to user space.
[    0.000000] Dentry cache hash table entries: 65536 (order: 6, 262144 bytes, linear)
[    0.000000] Inode-cache hash table entries: 32768 (order: 5, 131072 bytes, linear)
[    0.000000] Built 1 zonelists, mobility grouping on.  Total pages: 129412
[    0.000000] mem auto-init: stack:off, heap alloc:off, heap free:off
[    0.000000] Memory: 483604K/522240K available (11264K kernel code, 1165K rwdata, 2704K rodata, 1024K init, 282K bss, 22252K reserved, 16384K cma-reserved, 0K highmem)
[    0.000000] SLUB: HWalign=64, Order=0-3, MinObjects=0, CPUs=1, Nodes=1
[    0.000000] rcu: Hierarchical RCU implementation.
[    0.000000] rcu: 	RCU event tracing is enabled.
[    0.000000] rcu: 	RCU restricting CPUs from NR_CPUS=2 to nr_cpu_ids=1.
[    0.000000] rcu: RCU calculated value of scheduler-enlistment delay is 10 jiffies.
[    0.000000] rcu: Adjusting geometry for rcu_fanout_leaf=16, nr_cpu_ids=1
[    0.000000] NR_IRQS: 16, nr_irqs: 16, preallocated irqs: 16
[    0.000000] IRQ: Found an INTC at 0x(ptrval) (revision 5.0) with 128 interrupts
[    0.000000] rcu: srcu_init: Setting srcu_struct sizes based on contention.
[    0.000000] TI gptimer clocksource: always-on /ocp/interconnect@44c00000/segment@200000/target-module@31000
[    0.000003] sched_clock: 32 bits at 24MHz, resolution 41ns, wraps every 89478484971ns
[    0.000028] clocksource: dmtimer: mask: 0xffffffff max_cycles: 0xffffffff, max_idle_ns: 79635851949 ns
[    0.000521] TI gptimer clockevent: 24000000 Hz at /ocp/interconnect@48000000/segment@0/target-module@40000
[    0.002082] Console: colour dummy device 80x30
[    0.002132] WARNING: Your 'console=ttyO0' has been replaced by 'ttyS0'
[    0.002140] This ensures that you still see kernel messages. Please
[    0.002145] update your kernel commandline.
[    0.002183] Calibrating delay loop... 996.14 BogoMIPS (lpj=4980736)
[    0.090572] CPU: Testing write buffer coherency: ok
[    0.090672] CPU0: Spectre v2: using BPIALL workaround
[    0.090683] pid_max: default: 32768 minimum: 301
[    0.090794] LSM: initializing lsm=capability,integrity
[    0.090959] Mount-cache hash table entries: 1024 (order: 0, 4096 bytes, linear)
[    0.090979] Mountpoint-cache hash table entries: 1024 (order: 0, 4096 bytes, linear)
[    0.092445] CPU0: thread -1, cpu 0, socket -1, mpidr 0
[    0.094024] Setting up static identity map for 0x80100000 - 0x80100078
[    0.094302] rcu: Hierarchical SRCU implementation.
[    0.094311] rcu: 	Max phase no-delay instances is 1000.
[    0.095668] smp: Bringing up secondary CPUs ...
[    0.095728] smp: Brought up 1 node, 1 CPU
[    0.095741] SMP: Total of 1 processors activated (996.14 BogoMIPS).
[    0.095753] CPU: All CPU(s) started in SVC mode.
[    0.096626] devtmpfs: initialized
[    0.113096] VFP support v0.3: implementor 41 architecture 3 part 30 variant c rev 3
[    0.113440] clocksource: jiffies: mask: 0xffffffff max_cycles: 0xffffffff, max_idle_ns: 19112604462750000 ns
[    0.113476] futex hash table entries: 256 (order: 2, 16384 bytes, linear)
[    0.114774] pinctrl core: initialized pinctrl subsystem
[    0.116901] NET: Registered PF_NETLINK/PF_ROUTE protocol family
[    0.119414] DMA: preallocated 256 KiB pool for atomic coherent allocations
[    0.120014] audit: initializing netlink subsys (disabled)
[    0.121516] thermal_sys: Registered thermal governor 'fair_share'
[    0.121537] thermal_sys: Registered thermal governor 'step_wise'
[    0.121544] thermal_sys: Registered thermal governor 'user_space'
[    0.121760] audit: type=2000 audit(0.110:1): state=initialized audit_enabled=0 res=1
[    0.121793] cpuidle: using governor menu
[    0.138144] /ocp/interconnect@44c00000/segment@200000/target-module@b000/i2c@0/tda19988@70: Fixed dependency cycle(s) with /ocp/interconnect@48000000/segment@300000/target-module@e000/lcdc@0
[    0.139197] /ocp/interconnect@48000000/segment@300000/target-module@e000/lcdc@0: Fixed dependency cycle(s) with /ocp/interconnect@44c00000/segment@200000/target-module@b000/i2c@0/tda19988@70
[    0.141423] No ATAGs?
[    0.141442] hw-breakpoint: debug architecture 0x4 unsupported.
[    0.144460] kprobes: kprobe jump-optimization is enabled. All kprobes are optimized if possible.
[    0.163120] iommu: Default domain type: Translated
[    0.163141] iommu: DMA domain TLB invalidation policy: strict mode
[    0.164590] SCSI subsystem initialized
[    0.165416] reg-fixed-voltage fixedregulator0: using DT '/fixedregulator0' for '(null)' GPIO lookup
[    0.165468] of_get_named_gpiod_flags: can't parse 'gpios' property of node '/fixedregulator0[0]'
[    0.165497] of_get_named_gpiod_flags: can't parse 'gpio' property of node '/fixedregulator0[0]'
[    0.165515] reg-fixed-voltage fixedregulator0: using lookup tables for GPIO lookup
[    0.165525] reg-fixed-voltage fixedregulator0: No GPIO consumer (null) found
[    0.166050] libata version 3.00 loaded.
[    0.166406] pps_core: LinuxPPS API ver. 1 registered
[    0.166417] pps_core: Software ver. 5.3.6 - Copyright 2005-2007 Rodolfo Giometti <giometti@linux.it>
[    0.166442] PTP clock support registered
[    0.170955] vgaarb: loaded
[    0.171292] clocksource: Switched to clocksource dmtimer
[    0.171898] VFS: Disk quotas dquot_6.6.0
[    0.171956] VFS: Dquot-cache hash table entries: 1024 (order 0, 4096 bytes)
[    0.203414] NET: Registered PF_INET protocol family
[    0.203749] IP idents hash table entries: 8192 (order: 4, 65536 bytes, linear)
[    0.205073] tcp_listen_portaddr_hash hash table entries: 512 (order: 0, 4096 bytes, linear)
[    0.205111] Table-perturb hash table entries: 65536 (order: 6, 262144 bytes, linear)
[    0.205130] TCP established hash table entries: 4096 (order: 2, 16384 bytes, linear)
[    0.205177] TCP bind hash table entries: 4096 (order: 4, 65536 bytes, linear)
[    0.205277] TCP: Hash tables configured (established 4096 bind 4096)
[    0.205410] UDP hash table entries: 256 (order: 1, 8192 bytes, linear)
[    0.205439] UDP-Lite hash table entries: 256 (order: 1, 8192 bytes, linear)
[    0.205610] NET: Registered PF_UNIX/PF_LOCAL protocol family
[    0.212147] RPC: Registered named UNIX socket transport module.
[    0.212168] RPC: Registered udp transport module.
[    0.212174] RPC: Registered tcp transport module.
[    0.212179] RPC: Registered tcp-with-tls transport module.
[    0.212184] RPC: Registered tcp NFSv4.1 backchannel transport module.
[    0.212210] PCI: CLS 0 bytes, default 64
[    0.213791] Initialise system trusted keyrings
[    0.214835] workingset: timestamp_bits=14 max_order=17 bucket_order=3
[    0.222139] NFS: Registering the id_resolver key type
[    0.222238] Key type id_resolver registered
[    0.222246] Key type id_legacy registered
[    0.222302] jffs2: version 2.2. (NAND) (SUMMARY)  Â© 2001-2006 Red Hat, Inc.
[    0.222711] Key type asymmetric registered
[    0.222727] Asymmetric key parser 'x509' registered
[    0.222798] io scheduler mq-deadline registered
[    0.222810] io scheduler kyber registered
[    0.222876] io scheduler bfq registered
[    0.225545] hw perfevents: enabled with armv7_cortex_a8 PMU driver, 5 counters available
[    0.234001] l3-aon-clkctrl:0000:0: failed to disable
[    0.241482] Serial: 8250/16550 driver, 6 ports, IRQ sharing enabled
[    0.293202] brd: module loaded
[    0.301054] loop: module loaded
[    0.302125] mtdoops: mtd device (mtddev=name/number) must be supplied
[    0.303614] mdio_bus fixed-0: using lookup tables for GPIO lookup
[    0.303634] mdio_bus fixed-0: No GPIO consumer reset found
[    0.304845] i2c_dev: i2c /dev entries driver
[    0.305818] cpuidle: enable-method property 'ti,am3352' found operations
[    0.306270] sdhci: Secure Digital Host Controller Interface driver
[    0.306281] sdhci: Copyright(c) Pierre Ossman
[    0.306469] sdhci-pltfm: SDHCI platform and OF driver helper
[    0.327167] ledtrig-cpu: registered to indicate activity on CPUs
[    0.328008] Initializing XFRM netlink socket
[    0.328133] NET: Registered PF_INET6 protocol family
[    0.347712] Segment Routing with IPv6
[    0.347787] In-situ OAM (IOAM) with IPv6
[    0.347896] sit: IPv6, IPv4 and MPLS over IPv4 tunneling driver
[    0.348860] NET: Registered PF_PACKET protocol family
[    0.348890] NET: Registered PF_KEY protocol family
[    0.349035] Key type dns_resolver registered
[    0.349256] ThumbEE CPU extension supported.
[    0.349277] Registering SWP/SWPB emulation handler
[    0.349786] omap_voltage_late_init: Voltage driver support not added
[    0.350429] SmartReflex Class3 initialized
[    0.375228] Loading compiled-in X.509 certificates
[    0.416514] /ocp/interconnect@44c00000/segment@200000/target-module@b000/i2c@0/tda19988@70: Fixed dependency cycle(s) with /ocp/interconnect@48000000/segment@300000/target-module@e000/lcdc@0
[    0.422782] /ocp/interconnect@44c00000/segment@200000/target-module@b000/i2c@0/tda19988@70: Fixed dependency cycle(s) with /ocp/interconnect@48000000/segment@300000/target-module@e000/lcdc@0
[    0.428079] gpiochip_find_base: found new base at 512
[    0.430515] /ocp/interconnect@44c00000/segment@200000/target-module@b000/i2c@0/tda19988@70: Fixed dependency cycle(s) with /ocp/interconnect@48000000/segment@300000/target-module@e000/lcdc@0
[    0.431503] /ocp/interconnect@44c00000/segment@200000/target-module@b000/i2c@0/tda19988@70: Fixed dependency cycle(s) with /ocp/interconnect@48000000/segment@300000/target-module@e000/lcdc@0
[    0.434827] /ocp/interconnect@44c00000/segment@200000/target-module@10000/scm@0/pinmux@800: Fixed dependency cycle(s) with /ocp/interconnect@44c00000/segment@200000/target-module@10000/scm@0/pinmux@800/clkout2-pins
[    0.435434] pinctrl-single 44e10800.pinmux: 142 pins, size 568
[    0.440365] ti-sysc: probe of 44e31000.target-module failed with error -16
[    0.477113] /ocp/interconnect@48000000/segment@300000/target-module@e000/lcdc@0: Fixed dependency cycle(s) with /ocp/interconnect@44c00000/segment@200000/target-module@b000/i2c@0/tda19988@70
[    0.484989] ti-sysc: probe of 48040000.target-module failed with error -16
[    0.496052] gpiochip_find_base: found new base at 512
[    0.496121] gpio gpiochip0: (gpio-0-31): created GPIO range 0->7 ==> 44e10800.pinmux PIN 0->7
[    0.496139] gpio gpiochip0: (gpio-0-31): created GPIO range 8->11 ==> 44e10800.pinmux PIN 90->93
[    0.496155] gpio gpiochip0: (gpio-0-31): created GPIO range 12->27 ==> 44e10800.pinmux PIN 12->27
[    0.496171] gpio gpiochip0: (gpio-0-31): created GPIO range 28->31 ==> 44e10800.pinmux PIN 30->33
[    0.526085] gpio gpiochip0: (gpio-0-31): added GPIO chardev (254:0)
[    0.526248] gpio gpiochip0: registered GPIOs 512 to 543 on gpio-0-31
[    0.526332] OMAP GPIO hardware version 0.1
[    0.558098] i2c i2c-2: using DT '/ocp/interconnect@48000000/segment@100000/target-module@9c000/i2c@0' for 'scl' GPIO lookup
[    0.558173] of_get_named_gpiod_flags: can't parse 'scl-gpios' property of node '/ocp/interconnect@48000000/segment@100000/target-module@9c000/i2c@0[0]'
[    0.558216] of_get_named_gpiod_flags: can't parse 'scl-gpio' property of node '/ocp/interconnect@48000000/segment@100000/target-module@9c000/i2c@0[0]'
[    0.558251] i2c i2c-2: using lookup tables for GPIO lookup
[    0.558261] i2c i2c-2: No GPIO consumer scl found
[    0.558283] i2c i2c-2: using DT '/ocp/interconnect@48000000/segment@100000/target-module@9c000/i2c@0' for 'sda' GPIO lookup
[    0.558318] of_get_named_gpiod_flags: can't parse 'sda-gpios' property of node '/ocp/interconnect@48000000/segment@100000/target-module@9c000/i2c@0[0]'
[    0.558355] of_get_named_gpiod_flags: can't parse 'sda-gpio' property of node '/ocp/interconnect@48000000/segment@100000/target-module@9c000/i2c@0[0]'
[    0.558386] i2c i2c-2: using lookup tables for GPIO lookup
[    0.558393] i2c i2c-2: No GPIO consumer sda found
[    0.559082] omap_i2c 4819c000.i2c: bus 2 rev0.11 at 100 kHz
[    0.564655] gpiochip_find_base: found new base at 544
[    0.564722] gpio gpiochip1: (gpio-32-63): created GPIO range 0->17 ==> 44e10800.pinmux PIN 34->51
[    0.564741] gpio gpiochip1: (gpio-32-63): created GPIO range 18->21 ==> 44e10800.pinmux PIN 77->80
[    0.564757] gpio gpiochip1: (gpio-32-63): created GPIO range 22->31 ==> 44e10800.pinmux PIN 56->65
[    0.587348] gpio gpiochip1: (gpio-32-63): added GPIO chardev (254:1)
[    0.587497] gpio gpiochip1: registered GPIOs 544 to 575 on gpio-32-63
[    0.589683] gpiochip_find_base: found new base at 576
[    0.589743] gpio gpiochip2: (gpio-64-95): created GPIO range 0->4 ==> 44e10800.pinmux PIN 66->70
[    0.589761] gpio gpiochip2: (gpio-64-95): created GPIO range 5->6 ==> 44e10800.pinmux PIN 98->99
[    0.589777] gpio gpiochip2: (gpio-64-95): created GPIO range 7->8 ==> 44e10800.pinmux PIN 75->76
[    0.589792] gpio gpiochip2: (gpio-64-95): created GPIO range 13->13 ==> 44e10800.pinmux PIN 141->141
[    0.589808] gpio gpiochip2: (gpio-64-95): created GPIO range 14->21 ==> 44e10800.pinmux PIN 100->107
[    0.590363] gpio gpiochip2: (gpio-64-95): added GPIO chardev (254:2)
[    0.590498] gpio gpiochip2: registered GPIOs 576 to 607 on gpio-64-95
[    0.596895] /ocp/interconnect@48000000/segment@300000/target-module@e000/lcdc@0: Fixed dependency cycle(s) with /ocp/interconnect@44c00000/segment@200000/target-module@b000/i2c@0/tda19988@70
[    0.599542] /ocp/interconnect@48000000/segment@300000/target-module@e000/lcdc@0: Fixed dependency cycle(s) with /ocp/interconnect@44c00000/segment@200000/target-module@b000/i2c@0/tda19988@70
[    0.600207] /ocp/interconnect@44c00000/segment@200000/target-module@b000/i2c@0/tda19988@70: Fixed dependency cycle(s) with /ocp/interconnect@48000000/segment@300000/target-module@e000/lcdc@0
[    0.600364] /ocp/interconnect@48000000/segment@300000/target-module@e000/lcdc@0: Fixed dependency cycle(s) with /ocp/interconnect@44c00000/segment@200000/target-module@b000/i2c@0/tda19988@70
[    0.609652] mdio_bus 4a101000.mdio: using DT '/ocp/interconnect@4a000000/segment@0/target-module@100000/switch@0/mdio@1000' for 'reset' GPIO lookup
[    0.609724] of_get_named_gpiod_flags: can't parse 'reset-gpios' property of node '/ocp/interconnect@4a000000/segment@0/target-module@100000/switch@0/mdio@1000[0]'
[    0.609773] of_get_named_gpiod_flags: can't parse 'reset-gpio' property of node '/ocp/interconnect@4a000000/segment@0/target-module@100000/switch@0/mdio@1000[0]'
[    0.609820] mdio_bus 4a101000.mdio: using lookup tables for GPIO lookup
[    0.609831] mdio_bus 4a101000.mdio: No GPIO consumer reset found
[    0.610814] sdhci-omap 481d8000.mmc: using DT '/ocp/interconnect@48000000/segment@100000/target-module@d8000/mmc@0' for 'wp' GPIO lookup
[    0.610875] of_get_named_gpiod_flags: can't parse 'wp-gpios' property of node '/ocp/interconnect@48000000/segment@100000/target-module@d8000/mmc@0[0]'
[    0.610917] of_get_named_gpiod_flags: can't parse 'wp-gpio' property of node '/ocp/interconnect@48000000/segment@100000/target-module@d8000/mmc@0[0]'
[    0.610950] sdhci-omap 481d8000.mmc: using lookup tables for GPIO lookup
[    0.610960] sdhci-omap 481d8000.mmc: No GPIO consumer wp found
[    0.611146] sdhci-omap 481d8000.mmc: supply pbias not found, using dummy regulator
[    0.612005] sdhci-omap 481d8000.mmc: supply vqmmc not found, using dummy regulator
[    0.687327] davinci_mdio 4a101000.mdio: davinci mdio revision 1.6, bus freq 1000000
[    0.705126] mdio_bus 4a101000.mdio:00: using DT '/ocp/interconnect@4a000000/segment@0/target-module@100000/switch@0/mdio@1000/ethernet-phy@0' for 'reset' GPIO lookup
[    0.705231] of_get_named_gpiod_flags: parsed 'reset-gpios' property of node '/ocp/interconnect@4a000000/segment@0/target-module@100000/switch@0/mdio@1000/ethernet-phy@0[0]' - status (0)
[    0.705391] gpio gpiochip0: Persistence not supported for GPIO 8
[    0.879695] davinci_mdio 4a101000.mdio: phy[0]: device 4a101000.mdio:00, driver SMSC LAN8710/LAN8720
[    0.880325] cpsw-switch 4a100000.switch: initialized cpsw ale version 1.4
[    0.880347] cpsw-switch 4a100000.switch: ALE Table size 1024
[    0.880483] cpsw-switch 4a100000.switch: cpts: overflow check period 500 (jiffies)
[    0.880500] cpsw-switch 4a100000.switch: CPTS: ref_clk_freq:250000000 calc_mult:2147483648 calc_shift:29 error:0 nsec/sec
[    0.880598] cpsw-switch 4a100000.switch: Detected MACID = 6c:ec:eb:68:de:78
[    0.882594] cpsw-switch 4a100000.switch: initialized (regs 0x4a100000, pool size 256) hw_ver:0019010C 1.12 (0)
[    0.893274] debugfs: Directory '49000000.dma' with parent 'dmaengine' already present!
[    0.893316] edma 49000000.dma: TI EDMA DMA engine driver
[    0.930433] gpio-clk clk_mcasp0: using DT '/clk_mcasp0' for 'enable' GPIO lookup
[    0.930513] of_get_named_gpiod_flags: parsed 'enable-gpios' property of node '/clk_mcasp0[0]' - status (0)
[    0.930554] gpio gpiochip0: Persistence not supported for GPIO 27
[    0.931600] gpiochip_find_base: found new base at 608
[    0.931664] gpio gpiochip3: (gpio-96-127): created GPIO range 0->7 ==> 44e10800.pinmux PIN 82->89
[    0.931684] gpio gpiochip3: (gpio-96-127): created GPIO range 8->11 ==> 44e10800.pinmux PIN 52->55
[    0.931700] gpio gpiochip3: (gpio-96-127): created GPIO range 12->15 ==> 44e10800.pinmux PIN 94->97
[    0.931715] gpio gpiochip3: (gpio-96-127): created GPIO range 16->17 ==> 44e10800.pinmux PIN 71->72
[    0.931731] gpio gpiochip3: (gpio-96-127): created GPIO range 18->18 ==> 44e10800.pinmux PIN 135->135
[    0.931747] gpio gpiochip3: (gpio-96-127): created GPIO range 19->20 ==> 44e10800.pinmux PIN 108->109
[    0.931763] gpio gpiochip3: (gpio-96-127): created GPIO range 21->21 ==> 44e10800.pinmux PIN 73->73
[    0.931780] gpio gpiochip3: (gpio-96-127): created GPIO range 22->23 ==> 44e10800.pinmux PIN 8->9
[    0.931797] gpio gpiochip3: (gpio-96-127): created GPIO range 26->27 ==> 44e10800.pinmux PIN 10->11
[    0.931814] gpio gpiochip3: (gpio-96-127): created GPIO range 28->28 ==> 44e10800.pinmux PIN 74->74
[    0.931832] gpio gpiochip3: (gpio-96-127): created GPIO range 29->29 ==> 44e10800.pinmux PIN 81->81
[    0.931851] gpio gpiochip3: (gpio-96-127): created GPIO range 30->31 ==> 44e10800.pinmux PIN 28->29
[    0.941953] gpio gpiochip3: (gpio-96-127): added GPIO chardev (254:3)
[    0.942104] gpio gpiochip3: registered GPIOs 608 to 639 on gpio-96-127
[    0.951942] omap8250 44e09000.serial: using DT '/ocp/interconnect@44c00000/segment@200000/target-module@9000/serial@0' for 'rs485-term' GPIO lookup
[    0.952020] of_get_named_gpiod_flags: can't parse 'rs485-term-gpios' property of node '/ocp/interconnect@44c00000/segment@200000/target-module@9000/serial@0[0]'
[    0.952065] of_get_named_gpiod_flags: can't parse 'rs485-term-gpio' property of node '/ocp/interconnect@44c00000/segment@200000/target-module@9000/serial@0[0]'
[    0.952100] omap8250 44e09000.serial: using lookup tables for GPIO lookup
[    0.952111] omap8250 44e09000.serial: No GPIO consumer rs485-term found
[    0.952120] omap8250 44e09000.serial: using DT '/ocp/interconnect@44c00000/segment@200000/target-module@9000/serial@0' for 'rs485-rx-during-tx' GPIO lookup
[    0.952156] of_get_named_gpiod_flags: can't parse 'rs485-rx-during-tx-gpios' property of node '/ocp/interconnect@44c00000/segment@200000/target-module@9000/serial@0[0]'
[    0.952193] of_get_named_gpiod_flags: can't parse 'rs485-rx-during-tx-gpio' property of node '/ocp/interconnect@44c00000/segment@200000/target-module@9000/serial@0[0]'
[    0.952225] omap8250 44e09000.serial: using lookup tables for GPIO lookup
[    0.952233] omap8250 44e09000.serial: No GPIO consumer rs485-rx-during-tx found
[    0.952600] 44e09000.serial: ttyS0 at MMIO 0x44e09000 (irq = 34, base_baud = 3000000) is a 8250
[    0.952685] printk: console [ttyS0] enabled
[    2.132901] i2c i2c-0: using DT '/ocp/interconnect@44c00000/segment@200000/target-module@b000/i2c@0' for 'scl' GPIO lookup
[    2.132998] of_get_named_gpiod_flags: can't parse 'scl-gpios' property of node '/ocp/interconnect@44c00000/segment@200000/target-module@b000/i2c@0[0]'
[    2.133045] of_get_named_gpiod_flags: can't parse 'scl-gpio' property of node '/ocp/interconnect@44c00000/segment@200000/target-module@b000/i2c@0[0]'
[    2.133083] i2c i2c-0: using lookup tables for GPIO lookup
[    2.133095] i2c i2c-0: No GPIO consumer scl found
[    2.133118] i2c i2c-0: using DT '/ocp/interconnect@44c00000/segment@200000/target-module@b000/i2c@0' for 'sda' GPIO lookup
[    2.133156] of_get_named_gpiod_flags: can't parse 'sda-gpios' property of node '/ocp/interconnect@44c00000/segment@200000/target-module@b000/i2c@0[0]'
[    2.133195] of_get_named_gpiod_flags: can't parse 'sda-gpio' property of node '/ocp/interconnect@44c00000/segment@200000/target-module@b000/i2c@0[0]'
[    2.133229] i2c i2c-0: using lookup tables for GPIO lookup
[    2.133238] i2c i2c-0: No GPIO consumer sda found
[    2.162223] tps65217-pmic: Failed to locate of_node [id: -1]
[    2.168261] tps65217-bl: Failed to locate of_node [id: -1]
[    2.179244] tps65217 0-0024: TPS65217 ID 0xe version 1.2
[    2.185388] /ocp/interconnect@48000000/segment@300000/target-module@e000/lcdc@0: Fixed dependency cycle(s) with /ocp/interconnect@44c00000/segment@200000/target-module@b000/i2c@0/tda19988@70
[    2.202739] /ocp/interconnect@44c00000/segment@200000/target-module@b000/i2c@0/tda19988@70: Fixed dependency cycle(s) with /ocp/interconnect@48000000/segment@300000/target-module@e000/lcdc@0
[    2.220090] omap_i2c 44e0b000.i2c: bus 0 rev0.11 at 400 kHz
[    2.227775] sdhci-omap 48060000.mmc: using DT '/ocp/interconnect@48000000/segment@0/target-module@60000/mmc@0' for 'cd' GPIO lookup
[    2.227875] of_get_named_gpiod_flags: parsed 'cd-gpios' property of node '/ocp/interconnect@48000000/segment@0/target-module@60000/mmc@0[0]' - status (0)
[    2.227995] gpio gpiochip3: Persistence not supported for GPIO 6
[    2.228020] omap_gpio 44e07000.gpio: Could not set line 6 debounce to 200000 microseconds (-22)
[    2.236888] sdhci-omap 48060000.mmc: Got CD GPIO
[    2.241565] sdhci-omap 48060000.mmc: using DT '/ocp/interconnect@48000000/segment@0/target-module@60000/mmc@0' for 'wp' GPIO lookup
[    2.241614] of_get_named_gpiod_flags: can't parse 'wp-gpios' property of node '/ocp/interconnect@48000000/segment@0/target-module@60000/mmc@0[0]'
[    2.241658] of_get_named_gpiod_flags: can't parse 'wp-gpio' property of node '/ocp/interconnect@48000000/segment@0/target-module@60000/mmc@0[0]'
[    2.241693] sdhci-omap 48060000.mmc: using lookup tables for GPIO lookup
[    2.241706] sdhci-omap 48060000.mmc: No GPIO consumer wp found
[    2.241903] sdhci-omap 48060000.mmc: supply pbias not found, using dummy regulator
[    2.250794] sdhci-omap 481d8000.mmc: using DT '/ocp/interconnect@48000000/segment@100000/target-module@d8000/mmc@0' for 'wp' GPIO lookup
[    2.250872] of_get_named_gpiod_flags: can't parse 'wp-gpios' property of node '/ocp/interconnect@48000000/segment@100000/target-module@d8000/mmc@0[0]'
[    2.250921] of_get_named_gpiod_flags: can't parse 'wp-gpio' property of node '/ocp/interconnect@48000000/segment@100000/target-module@d8000/mmc@0[0]'
[    2.250957] sdhci-omap 481d8000.mmc: using lookup tables for GPIO lookup
[    2.250969] sdhci-omap 481d8000.mmc: No GPIO consumer wp found
[    2.252079] sdhci-omap 48060000.mmc: supply vqmmc not found, using dummy regulator
[    2.260762] sdhci-omap 481d8000.mmc: supply pbias not found, using dummy regulator
[    2.269718] sdhci-omap 481d8000.mmc: supply vqmmc not found, using dummy regulator
[    2.308920] mmc1: SDHCI controller on 481d8000.mmc [481d8000.mmc] using External DMA
[    2.318057] mmc0: SDHCI controller on 48060000.mmc [48060000.mmc] using External DMA
[    2.326629] cpsw-switch 4a100000.switch: starting ndev. mode: dual_mac
[    2.391567] mmc1: new high speed MMC card at address 0001
[    2.398443] mmcblk1: mmc1:0001 MMC04G 3.60 GiB
[    2.405825]  mmcblk1: p1 p2
[    2.409291] mmc0: new high speed SDHC card at address aaaa
[    2.416286] mmcblk1boot0: mmc1:0001 MMC04G 2.00 MiB
[    2.422841] mmcblk0: mmc0:aaaa SE32G 29.7 GiB
[    2.429281] mmcblk1boot1: mmc1:0001 MMC04G 2.00 MiB
[    2.437679] mmcblk1rpmb: mmc1:0001 MMC04G 128 KiB, chardev (250:0)
[    2.444414]  mmcblk0: p1 p2
[    2.522477] SMSC LAN8710/LAN8720 4a101000.mdio:00: attached PHY driver (mii_bus:phy_addr=4a101000.mdio:00, irq=POLL)
[    5.682022] cpsw-switch 4a100000.switch eth0: Link is Up - 100Mbps/Full - flow control off
[    5.741312] IP-Config: Complete:
[    5.744585]      device=eth0, hwaddr=6c:ec:eb:68:de:78, ipaddr=192.168.255.1, mask=255.255.255.0, gw=255.255.255.255
[    5.755201]      host=bbb1, domain=, nis-domain=(none)
[    5.760366]      bootserver=192.168.255.126, rootserver=192.168.255.126, rootpath=
[    5.760780] clk: Disabling unused clocks
[    5.772623] KTAP version 1
[    5.775350] 1..0
[    5.798465] VFS: Mounted root (nfs filesystem) on device 0:16.
[    5.805561] devtmpfs: mounted
[    5.810187] Freeing unused kernel image (initmem) memory: 1024K
[    5.816988] Run /sbin/init as init process
[    5.821116]   with arguments:
[    5.821126]     /sbin/init
[    5.821134]     nfsrootdebug
[    5.821142]   with environment:
[    5.821149]     HOME=/
[    5.821156]     TERM=linux
[    6.500132] systemd[1]: System time before build time, advancing clock.
