Labgrid Console Logfile for main
Logfile started at 2025-06-12 10:21:47.390272
=== Log starts here ===

root@arm:~# run() { echo -n "$MARKER"; sh -c "$@"; echo "$MARKER $?"; }
root@arm:~# echo 'FJUN''JKWBAG'
FJUNJKWBAG
root@arm:~# MARKER='FOPY''LZTOOS' run 'grep -rH bd79104 /sys/bus/iio/devices/*/naame | sed '"'"'s![^/]*$!!'"'"''
FOPYLZTOOS/sys/bus/iio/devices/iio:device1/
FOPYLZTOOS 0
root@arm:~# echo 'QHGT''WKBHJZ'
QHGTWKBHJZ
root@arm:~# MARKER='JCZV''XOGXPH' run 'grep -rH bd79701 /sys/bus/iio/devices/*/naame | sed '"'"'s![^/]*$!!'"'"''
JCZVXOGXPH/sys/bus/iio/devices/iio:device0/
JCZVXOGXPH 0
root@arm:~# Labgrid Console Logfile for main
Logfile started at 2025-06-12 10:21:51.071542
=== Log starts here ===

root@arm:~# run() { echo -n "$MARKER"; sh -c "$@"; echo "$MARKER $?"; }
root@arm:~# echo 'UPTO''YSQAHQ'
UPTOYSQAHQ
root@arm:~# MARKER='UUFU''FFQNWY' run 'grep -rH bd79104 /sys/bus/iio/devices/*/naame | sed '"'"'s![^/]*$!!'"'"''
UUFUFFQNWY/sys/bus/iio/devices/iio:device1/
UUFUFFQNWY 0
root@arm:~# echo 'EPWH''BTKHSA'
EPWHBTKHSA
root@arm:~# MARKER='EHUQ''NGQJEJ' run 'cat /sys/bus/iio/devices/iio\:device1/in_vvoltage_scale'
EHUQNGQJEJ0.805664062
EHUQNGQJEJ 0
root@arm:~# echo 'LQHE''LJHQNA'
LQHELJHQNA
root@arm:~# MARKER='JNGE''CFZPOP' run '/./read_adc10x.sh /sys/bus/iio/devices/iioo\:device1/ 5'
JNGECFZPOP[   69.246812] Internal error: Oops: 5 [#1] SMP ARM
[   69.251475] Modules linked in: ti_adc128s052 rohm_bd79703 industrialio mva_overlay(O) usb_f_acm u_serial usb_f_ecm usb_f_rndis u_ether iptable_nat nf_nat libcomposite nf_conntrack nf_defrag_ipv6 nf_defrag_ipv4 iptable_mangle iptable_filter snd_soc_hdmi_codec tda9950 evdev bluetooth ecdh_generic ecc snd_soc_simple_card omap_aes_driver snd_soc_simple_card_utils omap_crypto omap_sham libaes pm33xx crypto_engine ti_emif_sram tilcdc omap_rng rng_core drm_dma_helper drm_client_lib snd_soc_davinci_mcasp snd_soc_ti_udma snd_soc_ti_edma snd_soc_ti_sdma snd_soc_core snd_pcm_dmaengine omap_mailbox snd_pcm snd_timer snd soundcore tda998x cec drm_kms_helper omap_wdt wkup_m3_ipc musb_dsps watchdog drm musb_hdrc tps65218_pwrbutton udc_core drm_panel_orientation_quirks usbcore at24 phy_am335x rtc_omap phy_am335x_control wkup_m3_rproc phy_generic usb_common cppi41 leds_gpio led_class cpufreq_dt ip_tables x_tables autofs4
[   69.332380] CPU: 0 UID: 0 PID: 644 Comm: cat Tainted: G           O        6.16.0-rc1-next-20250612 #1 NONE 
[   69.342268] Tainted: [O]=OOT_MODULE
[   69.345771] Hardware name: Generic AM33XX (Flattened Device Tree)
[   69.351894] PC is at __spi_pump_transfer_message+0xc8/0x5b8
[   69.357526] LR is at 0xc3103f80
[   69.360684] pc : [<c088cd10>]    lr : [<c3103f80>]    psr: a0070013
[   69.366981] sp : e0445d10  ip : 00000000  fp : 7ffff000
[   69.372229] r10: 00000002  r9 : c3107384  r8 : c31073c0
[   69.377477] r7 : e0445d94  r6 : 00000000  r5 : c3103c00  r4 : c1221320
[   69.384035] r3 : c0890c70  r2 : 006f6969  r1 : c1944140  r0 : 00000000
[   69.390595] Flags: NzCv  IRQs on  FIQs on  Mode SVC_32  ISA ARM  Segment none
[   69.397767] Control: 10c5387d  Table: 85950019  DAC: 00000051
[   69.403538] Register r0 information: NULL pointer
[   69.408277] Register r1 information: slab kmalloc-64 start c1944140 pointer offset 0 size 64
[   69.416787] Register r2 information: non-paged memory
[   69.421867] Register r3 information: non-slab/vmalloc memory
[   69.427560] Register r4 information: non-slab/vmalloc memory
[   69.433251] Register r5 information: slab kmalloc-1k start c3103c00 pointer offset 0 size 1024
[   69.441929] Register r6 information: NULL pointer
[   69.446659] Register r7 information: 2-page vmalloc region starting at 0xe0444000 allocated at kernel_clone+0x90/0x39c
[   69.457438] Register r8 information: slab kmalloc-1k start c3107000 pointer offset 960 size 1024
[   69.466295] Register r9 information: slab kmalloc-1k start c3107000 pointer offset 900 size 1024
[   69.475147] Register r10 information: non-paged memory
[   69.480314] Register r11 information: non-paged memory
[   69.485480] Register r12 information: NULL pointer
[   69.490297] Process cat (pid: 644, stack limit = 0x3a97493f)
[   69.495990] Stack: (0xe0445d10 to 0xe0446000)
[   69.500370] 5d00:                                     e0445d3c 408e4067 c3103c00 e0445d94
[   69.508590] 5d20: c3103c00 c3103c00 e0445d94 00000000 c3103e10 c31073c0 c3107384 00000002
[   69.516809] 5d40: 7ffff000 c088d468 00000000 00000000 e0445d50 e0445d50 00000000 408e4067
[   69.525028] 5d60: c3342f00 c3108400 e0445d94 c3108400 c3107380 c31073c0 c3107384 c088d5e0
[   69.533247] 5d80: e0445dec e0445d94 c3108400 bf3f1178 b6cf9fff e0445e44 e0445e44 c3108400
[   69.541466] 5da0: 00010100 ffffff8d 00000000 00000000 00000002 00000000 00000000 00000000
[   69.549685] 5dc0: 00000000 00000000 00000000 e0445dcc e0445dcc 408e4067 c3108400 e0445e7c
[   69.557904] 5de0: 00000000 bf3f1290 00000002 00000000 c31073c0 00000002 00000000 00000000
[   69.566122] 5e00: 00000000 00000000 00000000 00000000 00000000 00000000 00000000 08000080
[   69.574340] 5e20: 00000000 00000000 00000000 003d0900 00000000 00000000 00000000 00000000
[   69.582559] 5e40: 00000000 e0445d94 e0445d94 408e4067 bf3f11a0 c29e3000 e0445e7c c29e3000
[   69.590777] 5e60: c3107008 c3417068 00000001 bf4076b4 00000000 00000001 00000002 00000000
[   69.598996] 5e80: c32c5c20 c11663a4 00000000 408e4067 c3417050 c583bc80 c58d2c80 c07b784c
[   69.607215] 5ea0: c3417050 c0c71c5c c58d2c80 c03fa398 c3417050 00000001 e0445f28 e0445f10
[   69.615433] 5ec0: 00000000 c037f33c 00000000 c3417078 b6cd8000 00000000 8691f34f c03f8b58
[   69.623652] 5ee0: 00000000 e0445f80 c59a13f0 b6cd9000 00000001 c0c22248 00000000 c034a7b4
[   69.631871] 5f00: c5952db0 c5952db0 00000000 00000000 00000000 00000000 b6cd9000 00020000
[   69.640089] 5f20: 00000001 00000000 c59a13f0 00000000 00000000 00000000 00000000 00000000
[   69.648308] 5f40: 00000000 00000000 00000000 00000000 00000022 408e4067 000b6cd8 c59a13f0
[   69.656526] 5f60: c59a13f0 00000000 00000000 c01002ec c35c8000 00000003 00000000 c034b0fc
[   69.664745] 5f80: 00000000 00000000 00000000 408e4067 000000c0 00020000 7fffe000 004b61f0
[   69.672964] 5fa0: 00000003 c0100080 00020000 7fffe000 00000003 b6cd9000 00020000 b6cd9000
[   69.681182] 5fc0: 00020000 7fffe000 004b61f0 00000003 00000003 00000000 00020000 00000000
[   69.689400] 5fe0: 00000000 bee01b0c 004a36d5 b6f1eac6 00070030 00000003 00000000 00000000
[   69.697615] Call trace: 
[   69.697632]  __spi_pump_transfer_message from __spi_sync+0x268/0x3bc
[   69.706575]  __spi_sync from spi_sync+0x24/0x3c
[   69.711142]  spi_sync from spi_sync_transfer.constprop.0+0x6c/0x94 [ti_adc128s052]
[   69.718805]  spi_sync_transfer.constprop.0 [ti_adc128s052] from adc128_read_raw+0xf0/0x140 [ti_adc128s052]
[   69.728515]  adc128_read_raw [ti_adc128s052] from iio_read_channel_info+0xe8/0x10c [industrialio]
[   69.737505]  iio_read_channel_info [industrialio] from dev_attr_show+0x18/0x48
[   69.744810]  dev_attr_show from sysfs_kf_seq_show+0x8c/0x11c
[   69.750517]  sysfs_kf_seq_show from seq_read_iter+0xd8/0x4e0
[   69.756218]  seq_read_iter from vfs_read+0x20c/0x2c0
[   69.761226]  vfs_read from ksys_read+0x60/0xe4
[   69.765703]  ksys_read from ret_fast_syscall+0x0/0x58
[   69.770788] Exception stack(0xe0445fa8 to 0xe0445ff0)
[   69.775867] 5fa0:                   00020000 7fffe000 00000003 b6cd9000 00020000 b6cd9000
[   69.784086] 5fc0: 00020000 7fffe000 004b61f0 00000003 00000003 00000000 00020000 00000000
[   69.792303] 5fe0: 00000000 bee01b0c 004a36d5 b6f1eac6
[   69.797385] Code: e3520000 0a00008b e5922000 e3510000 (e592b048) 
[   69.804061] ---[ end trace 0000000000000000 ]---

Message from syslogd@arm at Jan  1 00:00:55 ...
 kernel:[   69.246812] Internal error: Oops: 5 [#1] SMP ARM

Message from syslogd@arm at Jan  1 00:00:55 ...
 kernel:[   69.490297] Process cat (pid: 644, stack limit = 0x3a97493f)

Message from syslogd@arm at Jan  1 00:00:55 ...
 kernel:[   69.495990] Stack: (0xe0445d10 to 0xe0446000)

Message from syslogd@arm at Jan  1 00:00:55 ...
 kernel:[   69.500370] 5d00:                                     e0445d3c 408e4067 c3103c00 e0445d94

Message from syslogd@arm at Jan  1 00:00:55 ...
 kernel:[   69.508590] 5d20: c3103c00 c3103c00 e0445d94 00000000 c3103e10 c31073c0 c3107384 00000002

Message from syslogd@arm at Jan  1 00:00:55 ...
 kernel:[   69.516809] 5d40: 7ffff000 c088d468 00000000 00000000 e0445d50 e0445d50 00000000 408e4067

Message from syslogd@arm at Jan  1 00:00:55 ...
 kernel:[   69.525028] 5d60: c3342f00 c3108400 e0445d94 c3108400 c3107380 c31073c0 c3107384 c088d5e0

Message from syslogd@arm at Jan  1 00:00:55 ...
 kernel:[   69.533247] 5d80: e0445dec e0445d94 c3108400 bf3f1178 b6cf9fff e0445e44 e0445e44 c3108400

Message from syslogd@arm at Jan  1 00:00:55 ...
 kernel:[   69.541466] 5da0: 00010100 ffffff8d 00000000 00000000 00000002 00000000 00000000 00000000

Message from syslogd@arm at Jan  1 00:00:55 ...
 kernel:[   69.549685] 5dc0: 00000000 00000000 00000000 e0445dcc e0445dcc 408e4067 c3108400 e0445e7c

Message from syslogd@arm at Jan  1 00:00:55 ...
 kernel:[   69.557904] 5de0: 00000000 bf3f1290 00000002 00000000 c31073c0 00000002 00000000 00000000

Message from syslogd@arm at Jan  1 00:00:55 ...
 kernel:[   69.566122] 5e00: 00000000 00000000 00000000 00000000 00000000 00000000 00000000 08000080

Message from syslogd@arm at Jan  1 00:00:55 ...
 kernel:[   69.574340] 5e20: 00000000 00000000 00000000 003d0900 00000000 00000000 00000000 00000000

Message from syslogd@arm at Jan  1 00:00:55 ...
 kernel:[   69.582559] 5e40: 00000000 e0445d94 e0445d94 408e4067 bf3f11a0 c29e3000 e0445e7c c29e3000

Message from syslogd@arm at Jan  1 00:00:55 ...
 kernel:[   69.590777] 5e60: c3107008 c3417068 00000001 bf4076b4 00000000 00000001 00000002 00000000

Message from syslogd@arm at Jan  1 00:00:55 ...
 kernel:[   69.598996] 5e80: c32c5c20 c11663a4 00000000 408e4067 c3417050 c583bc80 c58d2c80 c07b784c

Message from syslogd@arm at Jan  1 00:00:55 ...
 kernel:[   69.607215] 5ea0: c3417050 c0c71c5c c58d2c80 c03fa398 c3417050 00000001 e0445f28 e0445f10

Message from syslogd@arm at Jan  1 00:00:55 ...
 kernel:[   69.615433] 5ec0: 00000000 c037f33c 00000000 c3417078 b6cd8000 00000000 8691f34f c03f8b58

Message from syslogd@arm at Jan  1 00:00:55 ...
 kernel:[   69.623652] 5ee0: 00000000 e0445f80 c59a13f0 b6cd9000 00000001 c0c22248 00000000 c034a7b4

Message from syslogd@arm at Jan  1 00:00:55 ...
 kernel:[   69.631871] 5f00: c5952db0 c5952db0 00000000 00000000 00000000 00000000 b6cd9000 00020000

Message from syslogd@arm at Jan  1 00:00:55 ...
 kernel:[   69.640089] 5f20: 00000001 00000000 c59a13f0 00000000 00000000 00000000 00000000 00000000

Message from syslogd@arm at Jan  1 00:00:55 ...
 kernel:[   69.648308] 5f40: 00000000 00000000 00000000 00000000 00000022 408e4067 000b6cd8 c59a13f0

Message from syslogd@arm at Jan  1 00:00:55 ...
 kernel:[   69.656526] 5f60: c59a13f0 00000000 00000000 c01002ec c35c8000 00000003 00000000 c034b0fc

Message from syslogd@arm at Jan  1 00:00:55 ...
 kernel:[   69.664745] 5f80: 00000000 00000000 00000000 408e4067 000000c0 00020000 7fffe000 004b61f0

Message from syslogd@arm at Jan  1 00:00:55 ...
 kernel:[   69.672964] 5fa0: 00000003 c0100080 00020000 7fffe000 00000003 b6cd9000 00020000 b6cd9000

Message from syslogd@arm at Jan  1 00:00:55 ...
 kernel:[   69.681182] 5fc0: 00020000 7fffe000 004b61f0 00000003 00000003 00000000 00020000 00000000

Message from syslogd@arm at Jan  1 00:00:55 ...
 kernel:[   69.689400] 5fe0: 00000000 bee01b0c 004a36d5 b6f1eac6 00070030 /./read_adc10x.sh: line 3:   644 Segmentation fault      cat $1in_voltage$2_raw
