Labgrid Console Logfile for main
Logfile started at 2025-11-06 07:11:56.816874
=== Log starts here ===
reading args
spl_load_image_fat_os: error reading image args, err - -1
reading u-boot.img
reading u-boot.img


U-Boot 2014.04-00014-g47880f5 (Apr 22 2014 - 13:23:54)

I2C:   ready
DRAM:  512 MiB
NAND:  0 MiB
MMC:   OMAP SD/MMC: 0, OMAP SD/MMC: 1
*** Warning - readenv() failed, using default environment

Net:   <ethaddr> not set. Validating first E-fuse MAC
cpsw, usb_ether
Hit any key to stop autoboot:  1  0 
gpio: pin 53 (gpio 53) value is 1
mmc0 is current device
gpio: pin 54 (gpio 54) value is 1
SD/MMC found on device 0
reading uEnv.txt
569 bytes read in 4 ms (138.7 KiB/s)
gpio: pin 55 (gpio 55) value is 1
Loaded environment from uEnv.txt
Importing environment from mmc ...
Checking if uenvcmd is set ...
gpio: pin 56 (gpio 56) value is 1
Running uenvcmd ...
cpsw Waiting for PHY auto negotiation to complete. done
link up on port 0, speed 100, full duplex
Using cpsw device
TFTP from server 192.168.255.126; our IP address is 192.168.255.1
Filename 'zImage'.
Load address: 0x81000000
Loading: *#################################################################
	 #################################################################
	 #################################################################
	 #################################################################
	 #################################################################
	 #################################################################
	 2.4 MiB/s
done
Bytes transferred = 5711952 (572850 hex)
link up on port 0, speed 100, full duplex
Using cpsw device
TFTP from server 192.168.255.126; our IP address is 192.168.255.1
Filename 'am335x-boneblack.dtb'.
Load address: 0x82000000
Loading: *#######
	 2.3 MiB/s
done
Bytes transferred = 98081 (17f21 hex)
Kernel image @ 0x81000000 [ 0x000000 - 0x572850 ]
## Flattened Device Tree blob at 82000000
   Booting using the fdt blob at 0x82000000
   Using Device Tree in place at 82000000, end 8201af20

Starting kernel ...

[    0.000000] Booting Linux on physical CPU 0x0
[    0.000000] Linux version 6.18.0-rc4-next-20251106 (user01@drvtest01) (arm-none-eabi-gcc (Arm GNU Toolchain 14.2.Rel1 (Build arm-14.52)) 14.2.1 20241119, GNU ld (Arm GNU Toolchain 14.2.Rel1 (Build arm-14.52)) 2.43.1.20241119) #1 SMP Thu Nov  6 07:10:26 EET 2025
[    0.000000] CPU: ARMv7 Processor [413fc082] revision 2 (ARMv7), cr=10c5387d
[    0.000000] CPU: PIPT / VIPT nonaliasing data cache, VIPT aliasing instruction cache
[    0.000000] OF: fdt: Machine model: TI AM335x BeagleBone Black
[    0.000000] Memory policy: Data cache writeback
[    0.000000] cma: Reserved 16 MiB at 0x9e800000
[    0.000000] Zone ranges:
[    0.000000]   Normal   [mem 0x0000000080000000-0x000000009fdfffff]
[    0.000000]   HighMem  empty
[    0.000000] Movable zone start for each node
[    0.000000] Early memory node ranges
[    0.000000]   node   0: [mem 0x0000000080000000-0x000000009fdfffff]
[    0.000000] Initmem setup node 0 [mem 0x0000000080000000-0x000000009fdfffff]
[    0.000000] On node 0, zone Normal: 512 pages in unavailable ranges
[    0.000000] OF: reserved mem: Reserved memory: No reserved-memory node in the DT
[    0.000000] CPU: All CPU(s) started in SVC mode.
[    0.000000] AM335X ES2.1 (sgx neon)
[    0.000000] percpu: Embedded 17 pages/cpu s40268 r8192 d21172 u69632
[    0.000000] Kernel command line: console=ttyO0,115200n8 root=/dev/nfs rw nfsroot=192.168.255.126:/home/user01/nfs,nfsvers=3 ip=192.168.255.1:192.168.255.126::255.255.255.0:bbb1:eth0 nfsrootdebug
[    0.000000] Unknown kernel command line parameters "nfsrootdebug", will be passed to user space.
[    0.000000] printk: log buffer data + meta data: 65536 + 204800 = 270336 bytes
[    0.000000] Dentry cache hash table entries: 65536 (order: 6, 262144 bytes, linear)
[    0.000000] Inode-cache hash table entries: 32768 (order: 5, 131072 bytes, linear)
[    0.000000] Built 1 zonelists, mobility grouping on.  Total pages: 130560
[    0.000000] mem auto-init: stack:off, heap alloc:off, heap free:off
[    0.000000] SLUB: HWalign=16, Order=0-3, MinObjects=0, CPUs=1, Nodes=1
[    0.000000] rcu: Hierarchical RCU implementation.
[    0.000000] rcu: 	RCU event tracing is enabled.
[    0.000000] rcu: 	RCU restricting CPUs from NR_CPUS=2 to nr_cpu_ids=1.
[    0.000000] 	Tracing variant of Tasks RCU enabled.
[    0.000000] rcu: RCU calculated value of scheduler-enlistment delay is 10 jiffies.
[    0.000000] rcu: Adjusting geometry for rcu_fanout_leaf=16, nr_cpu_ids=1
[    0.000000] RCU Tasks Trace: Setting shift to 0 and lim to 1 rcu_task_cb_adjust=1 rcu_task_cpu_ids=1.
[    0.000000] NR_IRQS: 16, nr_irqs: 16, preallocated irqs: 16
[    0.000000] IRQ: Found an INTC at 0x(ptrval) (revision 5.0) with 128 interrupts
[    0.000000] rcu: srcu_init: Setting srcu_struct sizes based on contention.
[    0.000000] TI gptimer clocksource: always-on /ocp/interconnect@44c00000/segment@200000/target-module@31000
[    0.000003] sched_clock: 32 bits at 24MHz, resolution 41ns, wraps every 89478484971ns
[    0.000026] clocksource: dmtimer: mask: 0xffffffff max_cycles: 0xffffffff, max_idle_ns: 79635851949 ns
[    0.000497] TI gptimer clockevent: 24000000 Hz at /ocp/interconnect@48000000/segment@0/target-module@40000
[    0.002082] Console: colour dummy device 80x30
[    0.002151] WARNING: Your 'console=ttyO0' has been replaced by 'ttyS0'
[    0.002159] This ensures that you still see kernel messages. Please
[    0.002164] update your kernel commandline.
[    0.002206] Calibrating delay loop... 996.14 BogoMIPS (lpj=4980736)
[    0.090612] CPU: Testing write buffer coherency: ok
[    0.090698] CPU0: Spectre v2: using BPIALL workaround
[    0.090709] pid_max: default: 32768 minimum: 301
[    0.091022] Mount-cache hash table entries: 1024 (order: 0, 4096 bytes, linear)
[    0.091045] Mountpoint-cache hash table entries: 1024 (order: 0, 4096 bytes, linear)
[    0.092647] CPU0: thread -1, cpu 0, socket -1, mpidr 0
[    0.092707] cacheinfo: Unable to detect cache hierarchy for CPU 0
[    0.094761] Setting up static identity map for 0x80100000 - 0x80100078
[    0.095091] rcu: Hierarchical SRCU implementation.
[    0.095099] rcu: 	Max phase no-delay instances is 1000.
[    0.096824] smp: Bringing up secondary CPUs ...
[    0.096879] smp: Brought up 1 node, 1 CPU
[    0.096891] SMP: Total of 1 processors activated (996.14 BogoMIPS).
[    0.096902] CPU: All CPU(s) started in SVC mode.
[    0.097108] Memory: 479952K/522240K available (12288K kernel code, 1225K rwdata, 2956K rodata, 1024K init, 257K bss, 24360K reserved, 16384K cma-reserved, 0K highmem)
[    0.097933] devtmpfs: initialized
[    0.115074] VFP support v0.3: implementor 41 architecture 3 part 30 variant c rev 3
[    0.115748] clocksource: jiffies: mask: 0xffffffff max_cycles: 0xffffffff, max_idle_ns: 19112604462750000 ns
[    0.115807] posixtimers hash table entries: 512 (order: 0, 4096 bytes, linear)
[    0.115833] futex hash table entries: 256 (16384 bytes on 1 NUMA nodes, total 16 KiB, linear).
[    0.119044] NET: Registered PF_NETLINK/PF_ROUTE protocol family
[    0.122180] DMA: preallocated 256 KiB pool for atomic coherent allocations
[    0.123152] audit: initializing netlink subsys (disabled)
[    0.124550] thermal_sys: Registered thermal governor 'fair_share'
[    0.124564] thermal_sys: Registered thermal governor 'step_wise'
[    0.124573] thermal_sys: Registered thermal governor 'user_space'
[    0.124690] audit: type=2000 audit(0.120:1): state=initialized audit_enabled=0 res=1
[    0.124763] cpuidle: using governor menu
[    0.142645] /ocp/interconnect@44c00000/segment@200000/target-module@b000/i2c@0/tda19988@70: Fixed dependency cycle(s) with /ocp/interconnect@48000000/segment@300000/target-module@e000/lcdc@0
[    0.143743] /ocp/interconnect@48000000/segment@300000/target-module@e000/lcdc@0: Fixed dependency cycle(s) with /ocp/interconnect@44c00000/segment@200000/target-module@b000/i2c@0/tda19988@70
[    0.145942] No ATAGs?
[    0.145981] hw-breakpoint: debug architecture 0x4 unsupported.
[    0.148664] kprobes: kprobe jump-optimization is enabled. All kprobes are optimized if possible.
[    0.154455] iommu: Default domain type: Translated
[    0.154478] iommu: DMA domain TLB invalidation policy: strict mode
[    0.161656] SCSI subsystem initialized
[    0.162541] pps_core: LinuxPPS API ver. 1 registered
[    0.162553] pps_core: Software ver. 5.3.6 - Copyright 2005-2007 Rodolfo Giometti <giometti@linux.it>
[    0.162578] PTP clock support registered
[    0.171084] vgaarb: loaded
[    0.171483] clocksource: Switched to clocksource dmtimer
[    0.172117] VFS: Disk quotas dquot_6.6.0
[    0.172177] VFS: Dquot-cache hash table entries: 1024 (order 0, 4096 bytes)
[    0.196528] NET: Registered PF_INET protocol family
[    0.196865] IP idents hash table entries: 8192 (order: 4, 65536 bytes, linear)
[    0.198276] tcp_listen_portaddr_hash hash table entries: 512 (order: 0, 4096 bytes, linear)
[    0.198313] Table-perturb hash table entries: 65536 (order: 6, 262144 bytes, linear)
[    0.198330] TCP established hash table entries: 4096 (order: 2, 16384 bytes, linear)
[    0.198376] TCP bind hash table entries: 4096 (order: 4, 65536 bytes, linear)
[    0.198476] TCP: Hash tables configured (established 4096 bind 4096)
[    0.198592] UDP hash table entries: 256 (order: 2, 14336 bytes, linear)
[    0.198625] UDP-Lite hash table entries: 256 (order: 2, 14336 bytes, linear)
[    0.198823] NET: Registered PF_UNIX/PF_LOCAL protocol family
[    0.202167] RPC: Registered named UNIX socket transport module.
[    0.202189] RPC: Registered udp transport module.
[    0.202194] RPC: Registered tcp transport module.
[    0.202199] RPC: Registered tcp-with-tls transport module.
[    0.202204] RPC: Registered tcp NFSv4.1 backchannel transport module.
[    0.202228] PCI: CLS 0 bytes, default 64
[    0.203686] Initialise system trusted keyrings
[    0.212469] workingset: timestamp_bits=14 max_order=17 bucket_order=3
[    0.213905] NFS: Registering the id_resolver key type
[    0.213966] Key type id_resolver registered
[    0.213974] Key type id_legacy registered
[    0.214091] jffs2: version 2.2. (NAND) (SUMMARY)  Â© 2001-2006 Red Hat, Inc.
[    0.214572] Key type asymmetric registered
[    0.214589] Asymmetric key parser 'x509' registered
[    0.214662] io scheduler mq-deadline registered
[    0.214672] io scheduler kyber registered
[    0.214752] io scheduler bfq registered
[    0.216631] target-module@4b000000:target-module@140000:pmu@0:fck: device ID is greater than 24
[    0.221744] ledtrig-cpu: registered to indicate activity on CPUs
[    0.232419] Serial: 8250/16550 driver, 6 ports, IRQ sharing enabled
[    0.268266] brd: module loaded
[    0.287391] loop: module loaded
[    0.288337] mtdoops: mtd device (mtddev=name/number) must be supplied
[    0.291336] i2c_dev: i2c /dev entries driver
[    0.292545] cpuidle: enable-method property 'ti,am3352' found operations
[    0.292994] sdhci: Secure Digital Host Controller Interface driver
[    0.293004] sdhci: Copyright(c) Pierre Ossman
[    0.293191] sdhci-pltfm: SDHCI platform and OF driver helper
[    0.301861] hw perfevents: enabled with armv7_cortex_a8 PMU driver, 5 (8000000f) counters available
[    0.302424] Initializing XFRM netlink socket
[    0.302602] NET: Registered PF_INET6 protocol family
[    0.304637] Segment Routing with IPv6
[    0.304722] In-situ OAM (IOAM) with IPv6
[    0.304822] sit: IPv6, IPv4 and MPLS over IPv4 tunneling driver
[    0.305789] NET: Registered PF_PACKET protocol family
[    0.305809] PFKEY is deprecated and scheduled to be removed in 2027, please contact the netdev mailing list
[    0.305826] NET: Registered PF_KEY protocol family
[    0.305968] Key type dns_resolver registered
[    0.306194] ThumbEE CPU extension supported.
[    0.306214] Registering SWP/SWPB emulation handler
[    0.306732] omap_voltage_late_init: Voltage driver support not added
[    0.307409] SmartReflex Class3 initialized
[    0.343325] Loading compiled-in X.509 certificates
[    0.373891] /ocp/interconnect@44c00000/segment@200000/target-module@b000/i2c@0/tda19988@70: Fixed dependency cycle(s) with /ocp/interconnect@48000000/segment@300000/target-module@e000/lcdc@0
[    0.380255] /ocp/interconnect@44c00000/segment@200000/target-module@b000/i2c@0/tda19988@70: Fixed dependency cycle(s) with /ocp/interconnect@48000000/segment@300000/target-module@e000/lcdc@0
[    0.423096] /ocp/interconnect@44c00000/segment@200000/target-module@b000/i2c@0/tda19988@70: Fixed dependency cycle(s) with /ocp/interconnect@48000000/segment@300000/t arget-module@e000/lcdc@0
[    0.423996] /ocp/interconnect@44c00000/segment@200000/target-module@b000/i2c@0/tda19988@70: Fixed dependency cycle(s) with /ocp/interconnect@48000000/segment@300000/target-module@e000/lcdc@0
[    0.427529] /ocp/interconnect@44c00000/segment@200000/target-module@10000/scm@0/pinmux@800: Fixed dependency cycle(s) with /ocp/interconnect@44c00000/segment@200000/target-module@10000/scm@0/pinmux@800/clkout2-pins
[    0.428116] pinctrl-single 44e10800.pinmux: 142 pins, size 568
[     0.470276] /ocp/interconnect@48000000/segment@300000/target-module@e000/lcdc@0: Fixed dependency cycle(s) with /ocp/interconnect@44c00000/segment@200000/target-module@b000/i2c@0/tda19988@70
[    0.515977] OMAP GPIO hardware version 0.1
[    0.563325] omap_i2c 4819c000.i2c: bus 2 rev0.11 at 100 kHz
[    0.597413] 48000000.interconnect:segment@200000:target-module@0:mpu@0:fck: device ID is greater than 24
[    0.598304] /ocp/interconnect@48000000/segment@300000/target-module@e000/lcdc@0: Fixed dependency cycle(s) with /ocp/interconnect@44c00000/segment@200000/target-module@b000/i2c@0/tda19988@70
[    0.601161] /ocp/interconnect@48000000/segment@300000/target-module@e000/lcdc@0: Fixed dependency cycle(s) with /ocp/interconnect@44c00000/segment@200000/target-module@b000/i2c@0/tda19988@70
[    0.602094] /ocp/interconnect@44c00000/segment@200000/target-module@b000/i2c@0/tda19988@70: Fixed dependency cycle(s) with /ocp/interconnect@48000000/segment@300000/target-module@e000/lcdc@0
[    0.602268] /ocp/interconnect@48000000/segment@300000/target-module@e000/lcdc@0: Fixed dependency cycle(s) with /ocp/interconnect@44c00000/segment@200000/target-module@b000/i2c@0/tda19988@70
[    0.610221] sdhci-omap 481d8000.mmc: supply pbias not found, using dummy regulator
[    0.610681] sdhci-omap 481d8000.mmc: supply vqmmc not found, using dummy regulator
[    0.672034] davinci_mdio 4a101000.mdio: davinci mdio revision 1.6, bus freq 1000000
[    0.829590] davinci_mdio 4a101000.mdio: phy[0]: device 4a101000.mdio:00, driver S
[    2.452458] tps65217-pmic: Failed to locate of_node [id: -1]
[    2.458524] tps65217-bl: Failed to locate of_node [id: -1]
[    2.466003] platform tps65217-charger: DMA mask not set
[    2.473096] platform tps65217-pwrbutton: DMA mask not set
[    2.480917] tps65217 0-0024: TPS65217 ID 0xe version 1.2
[    2.487013] /ocp/interconnect@48000000/segment@300000/target-module@e000/lcdc@0: Fixed dependency cycle(s) with /ocp/interconnect@44c00000/segment@200000/target-module@b000/i2c@0/tda19988@70
[    2.504427] /ocp/interconnect@44c00000/segment@200000/target-module@b000/i2c@0/tda19988@70: Fixed dependency cycle(s) with /ocp/interconnect@48000000/segment@300000/target-module@e000/lcdc@0
[    2.521826] omap_i2c 44e0b000.i2c: bus 0 rev0.11 at 400 kHz
[    2.529837] omap_gpio 44e07000.gpio: Could not set line 6 debounce to 200000 microseconds (-22)
[    2.538717] sdhci-omap 48060000.mmc: Got CD GPIO
[    2.543765] sdhci-omap 48060000.mmc: supply pbias not found, using dummy regulator
[    2.553946] sdhci-omap 48060000.mmc: supply vqmmc not found, using dummy regulator
[    2.563138] sdhci-omap 481d8000.mmc: supply pbias not found, using dummy regulator
[    2.571104] sdhci-omap 481d8000.mmc: supply vqmmc not found, using dummy regulator
[    2.609662] mmc1: SDHCI controller on 481d8000.mmc [481d8000.mmc] using External DMA
[    2.618750] mmc0: SDHCI controller on 48060000.mmc [48060000.mmc] using External DMA
[    2.627630] cpsw-switch 4a100000.switch: starting ndev. mode: dual_mac
[    2.691754] mmc1: new high speed MMC card at address 0001
[    2.698596] mmcblk1: mmc1:0001 MMC04G 3.60 GiB
[    2.706585]  mmcblk1: p1 p2
[    2.710348] SMSC LAN8710/LAN8720 4a101000.mdio:00: attached PHY driver (mii_bus:phy_addr=4a101000.mdio:00, irq=POLL)
[    2.722980] mmcblk1boot0: mmc1:0001 MMC04G 2.00 MiB
[    2.736900] mmcblk1boot1: mmc1:0001 MMC04G 2.00 MiB
[    2.745875] mmcblk1rpmb: mmc1:0001 MMC04G 128 KiB, chardev (249:0)
[    2.795011] mmc0: new high speed SDHC card at address aaaa
[    2.801946] mmcblk0: mmc0:aaaa SE32G 29.7 GiB
[    2.811005]  mmcblk0: p1 p2
[    5.842240] cpsw-switch 4a100000.switch eth0: Link is Up - 100Mbps/Full - flow control off
[    5.871492] IP-Config: Complete:
[    5.874765]      device=eth0, hwaddr=6c:ec:eb:68:de:78, ipaddr=192.168.255.1, mask=255.255.255.0, gw=255.255.255.255
[    5.885404]      host=bbb1, domain=, nis-domain=(none)
[    5.890571]      bootserver=192.168.255.126, rootserver=192.168.255.126, rootpath=
[    5.891002] clk: Disabling unused clocks
[    5.902865] PM: genpd: Disabling unused power domains
[    5.908027] KTAP version 1
[    5.910752] 1..0
[    5.913538] check access for rdinit=/init failed: -2, ignoring
[    5.949883] VFS: Mounted root (nfs filesystem) on device 0:17.
[    5.957027] devtmpfs: mounted
[    5.961698] Freeing unused kernel image (initmem) memory: 1024K
[    5.968443] Run /sbin/init as init process
[    6.635397] systemd[1]: System time before build time, advancing clock.
[    8.171498] random: crng init done
[    8.194212] systemd[1]: systemd 232 running in system mode. (+PAM +AUDIT +SELINUX +IMA +APPARMOR +SMACK +SYSVINIT +UTMP +LIBCRYPTSETUP +GCRYPT +GNUTLS +ACL +XZ +LZ4 +SECCOMP +BLKID +ELFUTILS +KMOD +IDN)
[    8.213303] systemd[1]: Detected architecture arm.

Welcome to [1mDebian GNU/Linux 9 (stretch)[0m!

[    8.244757] systemd[1]: Set hostname to <arm>.
[    9.359479] systemd[1]: Listening on udev Kernel Socket.
[[0;32m  OK  [0m] Listening on udev Kernel Socket.
[    9.383024] systemd[1]: Created slice System Slice.
[[0;32m  OK  [0m] Created slice System Slice.
[    9.411999] systemd[1]: dev-hugepages.mount: Couldn't determine result for ConditionVirtualization=!private-users, assuming failed: No such file or directory
[    9.428068] systemd[1]: Listening on udev Control Socket.
[[0;32m  OK  [0m] Listening on udev Control Socket.
[    9.452892] systemd[1]: Created slice User and Session Slice.
[[0;32m  OK  [0m] Created slice User and Session Slice.
[    9.492209] systemd[1]: Mounting POSIX Message Queue File System...
         Mounting POSIX Message Queue File System...
[    9.523041] systemd[1]: Started Forward Password Requests to Wall Directory Watch.
[[0;32m  OK  [0m] Started Forward Password Requests to Wall Directory Watch.
[[0;32m  OK  [0m] Listening on Journal Socket.
         Starting Load Kernel Modules...
         Starting Remount Root and Kernel File Systems...
[[0;32m  OK  [0m] Set up automount Arbitrary Executabâ€¦rmats File System Automount Point.
[[0;32m  OK  [0m] Listening on /dev/initctl Compatibility Named Pipe.
         Starting Create list of required stâ€¦ce nodes for the current kernel...
[[0;32m  OK  [0m] Created slice system-serial\x2dgetty.slice.
[[0;32m  OK  [0m] Reached target Swap.
         Mounting Debug File System...
[[0;32m  OK  [0m] Listening on Journal Audit Socket.
[[0;32m  OK  [0m] Started Dispatch Password Requests to Console Directory Watch.
[[0;32m  OK  [0m] Reached target Encrypted Volumes.
[[0;32m  OK  [0m] Reached target Paths.
[[0;32m  OK  [0m] Listening on Syslog Socket.
[[0;32m  OK  [0m] Listening on Journal Socket (/dev/log).
         Starting Journal Service...
[[0;32m  OK  [0m] Reached target Slices.
[[0;32m  OK  [0m] Reached target Remote File Systems.
[[0;32m  OK  [0m] Created slice system-getty.slice.
[[0;32m  OK  [0m] Mounted POSIX Message Queue File System.
[[0;32m  OK  [0m] Mounted Debug File System.
[[0;32m  OK  [0m] Started Load Kernel Modules.
[[0;32m  OK  [0m] Started Remount Root and Kernel File Systems.
[[0;32m  OK  [0m] Started Create list of required staâ€¦vice nodes for the current kernel.
         Starting Create Static Device Nodes in /dev...
         Starting Load/Save Random Seed...
         Starting udev Coldplug all Devices...
         Starting Apply Kernel Variables...
         Mounting Configuration File System...
[[0;32m  OK  [0m] Mounted Configuration File System.
[[0;32m  OK  [0m] Started Load/Save Random Seed.
[[0;32m  OK  [0m] Started Apply Kernel Variables.
[[0;32m  OK  [0m] Started Create Static Device Nodes in /dev.
         Starting udev Kernel Device Manager...
[[0;32m  OK  [0m] Reached target Local File Systems (Pre).
[[0;32m  OK  [0m] Reached target Local File Systems.
         Starting Raise network interfaces...
[[0;32m  OK  [0m] Started Journal Service.
         Starting Flush Journal to Persistent Storage...
[   11.644755] systemd-journald[92]: Received request to flush runtime journal from PID 1
[[0;32m  OK  [0m] Started Flush Journal to Persistent Storage.
         Starting Create Volatile Files and Directories...
[[0;32m  OK  [0m] Started udev Kernel Device Manager.
[   12.641877] omap_prm 44e00d00.prm: sync_state() pending due to 44d00000.cpu
[[0;32m  OK  [0m] Started Create Volatile Files and Directories.
         Starting Update UTMP about System Boot/Shutdown...
         Starting Network Time Synchronization...
[[0;32m  OK  [0m] Started Update UTMP about System Boot/Shutdown.
[[0;32m  OK  [0m] Started udev Coldplug all Devices.
[   14.945561] omap_rtc 44e3e000.rtc: registered as rtc0
[   14.950781] omap_rtc 44e3e000.rtc: setting system clock to 2000-01-01T00:00:00 UTC (946684800)
[   14.970638] remoteproc remoteproc0: wkup_m3 is available
[   15.160135] omap_wdt: OMAP Watchdog Timer Rev 0x01: initial timeout 60 sec
[[0;32m  OK  [0m] Found device /dev/ttyS0.
[[0;32m  OK  [0m] Started Network Time Synchronization.
[[0;32m  OK  [0m] Reached target System Initialization.
[[0;32m  OK  [0m] Started Daily Cleanup of Temporary Directories.
[   15.434283] am335x-phy-driver 47401300.usb-phy: dummy supplies not allowed for exclusive requests (id=vbus)
[[0;32m  OK  [0m] Listening on D-Bus System Message Bus Socket.
[   15.536584] at24 2-0054: supply vcc not found, using dummy regulator
[[0;32m  OK  [0m] Listening on Avahi mDNS/DNS-SD Stack Activation Socket.
[[0;32m  OK  [0m] Reached target Sockets.
[[0;32m  OK  [0m] Reached target Basic System.
[   15.670244] input: tps65217_pwrbutton as /devices/platform/ocp/44c00000.interconnect/44c00000.interconnect:segment@200000/44e0b000.target-module/44e0b000.i2c/i2c-0/0-0024/tps65217-pwrbutton/input/input0
[   15.692073] am335x-phy-driver 47401b00.usb-phy: dummy supplies not allowed for exclusive requests (id=vbus)
[   15.727684] at24 2-0055: supply vcc not found, using dummy regulator
         Starting System Logging Service...
[   15.806035] at24 2-0056: supply vcc not found, using dummy regulator
         Starting Cape Manager Service...
[   15.955093] at24 2-0057: supply vcc not found, using dummy regulator
         Starting Avahi mDNS/DNS-SD Stack...
[   16.121349] at24 0-0050: 32768 byte 24c256 EEPROM, writable, 1 bytes/write
[[0;32m  OK  [0m] Started Regular background program processing daemon.
         Starting DUN service...
[[0;32m  OK  [0m] Started D-Bus System Message Bus.
[   16.966717] usbcore: registered new interface driver usbfs
[   16.972597] usbcore: registered new interface driver hub
[   16.978049] usbcore: registered new device driver usb
[   17.899772] omap-mailbox 480c8000.mailbox: omap mailbox rev 0x400
[   17.971249] musb-hdrc musb-hdrc.1: MUSB HDRC host driver
[   17.976820] musb-hdrc musb-hdrc.1: new USB bus registered, assigned bus number 1
[   17.997266] remoteproc remoteproc0: powering up wkup_m3
[   18.202823] usb usb1: New USB device found, idVendor=1d6b, idProduct=0002, bcdDevice= 6.18
[   18.211201] usb usb1: New USB device strings: Mfr=3, Product=2, SerialNumber=1
[   18.218617] usb usb1: Product: MUSB HDRC host driver
[   18.223672] usb usb1: Manufacturer: Linux 6.18.0-rc4-next-20251106 musb-hcd
[   18.230673] usb usb1: SerialNumber: musb-hdrc.1
[   18.263418] tda998x 0-0070: found TDA19988
[   18.291972] remoteproc remoteproc0: Direct firmware load for am335x-pm-firmware.elf failed with error -2
[   18.301699] remoteproc remoteproc0: request_firmware failed: -2
[   18.307660] wkup_m3_ipc 44e11324.wkup_m3_ipc: rproc_boot failed
[   18.746981] hub 1-0:1.0: USB hub found
[   18.820331] hub 1-0:1.0: 1 port detected
[   20.645611] omap_rng 48310000.rng: Random Number Generator ver. 20
[   20.724184] tilcdc 4830e000.lcdc: bound 0-0070 (ops tda998x_driver_exit [tda998x])
[   20.813315] [drm] Initialized tilcdc 1.0.0 for 4830e000.lcdc on minor 0
[   20.873668] tilcdc 4830e000.lcdc: [drm] Cannot find any crtc or sizes
[   20.883346] tilcdc 4830e000.lcdc: [drm] Cannot find any crtc or sizes
[   20.999868] ------------[ cut here ]------------
[   21.004700] WARNING: net/8021q/vlan_core.c:236 at vlan_for_each+0x114/0x134, CPU#0: avahi-daemon/193
[   21.013982] RTNL: assertion failed at net/8021q/vlan_core.c (236)
[   21.020109] Modules linked in: tilcdc omap_rng rng_core drm_dma_helper drm_client_lib snd_soc_davinci_mcasp snd_soc_ti_udma snd_soc_ti_edma snd_soc_ti_sdma snd_soc_core snd_pcm_dmaengine snd_pcm snd_timer tda998x snd omap_mailbox musb_dsps soundcore cec musb_hdrc drm_kms_helper udc_core usbcore drm wkup_m3_ipc drm_panel_orientation_quirks tps65218_pwrbutton at24 phy_am335x phy_am335x_control phy_generic omap_wdt usb_common watchdog wkup_m3_rproc cppi41 rtc_omap leds_gpio led_class cpufreq_dt autofs4
[   21.064868] CPU: 0 UID: 107 PID: 193 Comm: avahi-daemon Not tainted 6.18.0-rc4-next-20251106 #1 NONE 
[   21.064888] Hardware name: Generic AM33XX (Flattened Device Tree)
[   21.064897] Call trace: 
[   21.064913]  unwind_backtrace from show_stack+0x10/0x14
[   21.064952]  show_stack from dump_stack_lvl+0x50/0x64
[   21.064977]  dump_stack_lvl from __warn+0x88/0x148
[   21.064995]  __warn from warn_slowpath_fmt+0x19c/0x1b0
[   21.065008]  warn_slowpath_fmt from vlan_for_each+0x114/0x134
[   21.065024]  vlan_for_each from cpsw_add_mc_addr+0x40/0xa4
[   21.065051]  cpsw_add_mc_addr from __hw_addr_ref_sync_dev+0x108/0x140
[   21.065072]  __hw_addr_ref_sync_dev from __dev_mc_add+0x7c/0x80
[   21.065087]  __dev_mc_add from igmp6_group_added+0xc8/0xe0
[   21.065118]  igmp6_group_added from __ipv6_dev_mc_inc+0x218/0x364
[   21.065142]  __ipv6_dev_mc_inc from __ipv6_sock_mc_join+0x11c/0x1c0
[   21.065165]  __ipv6_sock_mc_join from do_ipv6_setsockopt+0x1214/0x1310
[   21.065186]  do_ipv6_setsockopt from ipv6_setsockopt+0x60/0xcc
[   21.065201]  ipv6_setsockopt from udpv6_setsockopt+0x2c/0x6c
[   21.065217]  udpv6_setsockopt from sock_common_setsockopt+0x30/0x40
[   21.065238]  sock_common_setsockopt from do_sock_setsockopt+0x50/0x9c
[   21.065267]  do_sock_setsockopt from __sys_setsockopt+0x70/0xbc
[   21.065285]  __sys_setsockopt from ret_fast_syscall+0x0/0x58
[   21.065298] Exception stack(0xe0131fa8 to 0xe0131ff0)
[   21.065313] 1fa0:                   00000014 b6f4cce8 0000000d 00000029 00000014 bea3a9ec
[   21.065324] 1fc0: 00000014 b6f4cce8 00000014 00000126 0000000d b6ef5ff4 0047e988 00466558
[   21.065333] 1fe0: b6f0b088 bea3a9d8 b6ee8309 b6dbf41a
[   21.065341] ---[ end trace 0000000000000000 ]---
[[0;32m  OK  [0m] Started DUN service.
[[0;32m  OK  [0m] Started Avahi mDNS/DNS-SD Stack.
         Starting Connection service...
         Starting Telephony service...
         Starting LSB: Start busybox udhcpd at boot time...
         Starting LSB: Load kernel modules needed to enable cpufreq scaling...
         Starting Login Service...
         Starting Generic Board Startup...
[[0;32m  OK  [0m] Reached target System Time Synchronized.
[[0;32m  OK  [0m] Started Daily apt download activities.
[[0;32m  OK  [0m] Started Daily apt upgrade and clean activities.
[[0;32m  OK  [0m] Reached target Timers.
[[0;32m  OK  [0m] Started System Logging Service.
[[0;32m  OK  [0m] Started Cape Manager Service.
[   22.555049] omap-sham 53100000.sham: hw accel on OMAP rev 4.3
[   22.587281] PM: Cannot get wkup_m3_ipc handle
[   22.702521] omap-sham 53100000.sham: will run requests pump with realtime priority
[   22.717028] PM: Cannot get wkup_m3_ipc handle
[   22.804352] omap-aes 53500000.aes: OMAP AES hw accel rev: 3.2
[   22.946871] omap-aes 53500000.aes: will run requests pump with realtime priority
[   22.960143] PM: Cannot get wkup_m3_ipc handle
[   24.614493] Bluetooth: Core ver 2.22
[   24.618316] NET: Registered PF_BLUETOOTH protocol family
[   24.623890] Bluetooth: HCI device and connection manager initialized
[   24.630311] Bluetooth: HCI socket layer initialized
[   24.635274] Bluetooth: L2CAP socket layer initialized
[   24.640388] Bluetooth: SCO socket layer initialized
[   26.209857] PM: Cannot get wkup_m3_ipc handle
[   26.279862] gpio-537 (nxp,calib): gpiod_direction_output_nonotify: tried to set a GPIO tied to an IRQ as output
[   26.342192] PM: Cannot get wkup_m3_ipc handle
[   26.554727] tda9950 0-0034: TDA9950 CEC interface, hardware version 3.3
[   26.633696] PM: Cannot get wkup_m3_ipc handle
[[0;32m  OK  [0m] Started Raise network interfaces.
[[0;32m  OK  [0m] Started LSB: Start busybox udhcpd at boot time.
[[0;32m  OK  [0m] Started LSB: Load kernel modules needed to enable cpufreq scaling.
[[0;32m  OK  [0m] Started Telephony service.
[   29.546301] configfs-gadget.g_multi gadget.0: HOST MAC 1c:ba:8c:a2:ed:6c
[   29.553321] configfs-gadget.g_multi gadget.0: MAC 1c:ba:8c:a2:ed:70
[   29.560643] configfs-gadget.g_multi gadget.0: HOST MAC 1c:ba:8c:a2:ed:6c
[   29.567513] configfs-gadget.g_multi gadget.0: MAC 1c:ba:8c:a2:ed:6d
[   29.592343] PM: Cannot get wkup_m3_ipc handle
[[0;32m  OK  [0m] Started Connection service.
[[0;32m  OK  [0m] Started Login Service.
         Starting Hostname Service...
         Starting WPA supplicant...
[[0;32m  OK  [0m] Reached target Sound Card.
         Starting LSB: set CPUFreq kernel parameters...
[[0;32m  OK  [0m] Started WPA supplicant.
[[0;32m  OK  [0m] Reached target Network.
         Starting Permit User Sessions...
         Starting The Apache HTTP Server...
[[0;32m  OK  [0m] Reached target Network is Online.
         Starting LSB: Advanced IEEE 802.11 management daemon...
         Starting OpenBSD Secure Shell server...
[[0;32m  OK  [0m] Started LSB: set CPUFreq kernel parameters.
[[0;32m  OK  [0m] Started Permit User Sessions.
[[0;32m  OK  [0m] Started LSB: Advanced IEEE 802.11 management daemon.
[[0;32m  OK  [0m] Started Hostname Service.
[[0;32m  OK  [0m] Started Getty on tty1.
[[0;32m  OK  [0m] Started Serial Getty on ttyS0.
[[0;32m  OK  [0m] Reached target Login Prompts.
[[0;32m  OK  [0m] Started OpenBSD Secure Shell server.
         Stopping LSB: Start busybox udhcpd at boot time...
[[0;32m  OK  [0m] Stopped LSB: Start busybox udhcpd at boot time.
[[0;32m  OK  [0m] Started The Apache HTTP Server.
         Starting dnsmasq - A lightweight DHCP and caching DNS server...
[[0;32m  OK  [0m] Started dnsmasq - A lightweight DHCP and caching DNS server.
[[0;32m  OK  [0m] Reached target Host and Network Name Lookups.
[[0;32m  OK  [0m] Started Serial Getty on ttyGS0.
[[0;32m  OK  [0m] Started Generic Board Startup.
[[0;32m  OK  [0m] Reached target Multi-User System.
[[0;32m  OK  [0m] Reached target Graphical Interface.
         Starting Update UTMP about System Runlevel Changes...
[[0;32m  OK  [0m] Started Update UTMP about System Runlevel Changes.

Debian GNU/Linux 9 arm ttyS0

default username:password is [debian:temppwd]

arm login: root
Password: 
Last login: Sat Jan  1 00:00:35 UTC 2000 on ttyS0
root
Linux arm 6.18.0-rc4-next-20251106 #1 SMP Thu Nov  6 07:10:26 EET 2025 armv7l

The programs included with the Debian GNU/Linux system are free software;
the exact distribution terms for each program are described in the
individual files in /usr/share/doc/*/copyright.

Debian GNU/Linux comes with ABSOLUTELY NO WARRANTY, to the extent
permitted by applicable law.
root@arm:~# root
-bash: root: command not found
root@arm:~# dmesg -n 1
echo 'TMVO''XAXZBC'
root@arm:~# echo 'TMVO''XAXZBC'
TMVOXAXZBC
root@arm:~# run() { echo -n "$MARKER"; sh -c "$@"; echo "$MARKER $?"; }
root@arm:~# echo 'XNTJ''HCYHJA'
XNTJHCYHJA
root@arm:~# MARKER='WQBX''SVXUTT' run 'cat /proc/version'
WQBXSVXUTTLinux version 6.18.0-rc4-next-20251106 (user01@drvtest01) (arm-none-eabi-gcc (Arm GNU Toolchain 14.2.Rel1 (Build arm-14.52)) 14.2.1 20241119, GNU ld (Arm GNU Toolchain 14.2.Rel1 (Build arm-14.52)) 2.43.1.20241119) #1 SMP Thu Nov  6 07:10:26 EET 2025
WQBXSVXUTT 0
root@arm:~# echo 'WSTF''XMFSBT'
WSTFXMFSBT
root@arm:~# MARKER='YAMP''AZEYFS' run false
YAMPAZEYFSYAMPAZEYFS 1
root@arm:~# Labgrid Console Logfile for main
Logfile started at 2025-11-06 07:12:55.914750
=== Log starts here ===

root@arm:~# run() { echo -n "$MARKER"; sh -c "$@"; echo "$MARKER $?"; }
root@arm:~# echo 'YSVK''JZFEUB'
YSVKJZFEUB
root@arm:~# MARKER='HUFV''CLYZFY' run 'ls /iio_generic_buffer; echo $?'
HUFVCLYZFY/iio_generic_buffer
0
HUFVCLYZFY 0
root@arm:~# Labgrid Console Logfile for main
Logfile started at 2025-11-06 07:12:59.487778
=== Log starts here ===

root@arm:~# run() { echo -n "$MARKER"; sh -c "$@"; echo "$MARKER $?"; }
root@arm:~# echo 'VHNZ''LBMJHQ'
VHNZLBMJHQ
root@arm:~# MARKER='BOTT''QUMSFL' run dmesg
BOTTQUMSFL[    0.000000] Booting Linux on physical CPU 0x0
[    0.000000] Linux version 6.18.0-rc4-next-20251106 (user01@drvtest01) (arm-none-eabi-gcc (Arm GNU Toolchain 14.2.Rel1 (Build arm-14.52)) 14.2.1 20241119, GNU ld (Arm GNU Toolchain 14.2.Rel1 (Build arm-14.52)) 2.43.1.20241119) #1 SMP Thu Nov  6 07:10:26 EET 2025
[    0.000000] CPU: ARMv7 Processor [413fc082] revision 2 (ARMv7), cr=10c5387d
[    0.000000] CPU: PIPT / VIPT nonaliasing data cache, VIPT aliasing instruction cache
[    0.000000] OF: fdt: Machine model: TI AM335x BeagleBone Black
[    0.000000] Memory policy: Data cache writeback
[    0.000000] cma: Reserved 16 MiB at 0x9e800000
[    0.000000] Zone ranges:
[    0.000000]   Normal   [mem 0x0000000080000000-0x000000009fdfffff]
[    0.000000]   HighMem  empty
[    0.000000] Movable zone start for each node
[    0.000000] Early memory node ranges
[    0.000000]   node   0: [mem 0x0000000080000000-0x000000009fdfffff]
[    0.000000] Initmem setup node 0 [mem 0x0000000080000000-0x000000009fdfffff]
[    0.000000] On node 0, zone Normal: 512 pages in unavailable ranges
[    0.000000] OF: reserved mem: Reserved memory: No reserved-memory node in the DT
[    0.000000] CPU: All CPU(s) started in SVC mode.
[    0.000000] AM335X ES2.1 (sgx neon)
[    0.000000] percpu: Embedded 17 pages/cpu s40268 r8192 d21172 u69632
[    0.000000] pcpu-alloc: s40268 r8192 d21172 u69632 alloc=17*4096
[    0.000000] pcpu-alloc: [0] 0 
[    0.000000] Kernel command line: console=ttyO0,115200n8 root=/dev/nfs rw nfsroot=192.168.255.126:/home/user01/nfs,nfsvers=3 ip=192.168.255.1:192.168.255.126::255.255.255.0:bbb1:eth0 nfsrootdebug
[    0.000000] Unknown kernel command line parameters "nfsrootdebug", will be passed to user space.
[    0.000000] printk: log buffer data + meta data: 65536 + 204800 = 270336 bytes
[    0.000000] Dentry cache hash table entries: 65536 (order: 6, 262144 bytes, linear)
[    0.000000] Inode-cache hash table entries: 32768 (order: 5, 131072 bytes, linear)
[    0.000000] Built 1 zonelists, mobility grouping on.  Total pages: 130560
[    0.000000] mem auto-init: stack:off, heap alloc:off, heap free:off
[    0.000000] SLUB: HWalign=16, Order=0-3, MinObjects=0, CPUs=1, Nodes=1
[    0.000000] rcu: Hierarchical RCU implementation.
[    0.000000] rcu: 	RCU event tracing is enabled.
[    0.000000] rcu: 	RCU restricting CPUs from NR_CPUS=2 to nr_cpu_ids=1.
[    0.000000] 	Tracing variant of Tasks RCU enabled.
[    0.000000] rcu: RCU calculated value of scheduler-enlistment delay is 10 jiffies.
[    0.000000] rcu: Adjusting geometry for rcu_fanout_leaf=16, nr_cpu_ids=1
[    0.000000] RCU Tasks Trace: Setting shift to 0 and lim to 1 rcu_task_cb_adjust=1 rcu_task_cpu_ids=1.
[    0.000000] NR_IRQS: 16, nr_irqs: 16, preallocated irqs: 16
[    0.000000] IRQ: Found an INTC at 0x(ptrval) (revision 5.0) with 128 interrupts
[    0.000000] rcu: srcu_init: Setting srcu_struct sizes based on contention.
[    0.000000] TI gptimer clocksource: always-on /ocp/interconnect@44c00000/segment@200000/target-module@31000
[    0.000003] sched_clock: 32 bits at 24MHz, resolution 41ns, wraps every 89478484971ns
[    0.000026] clocksource: dmtimer: mask: 0xffffffff max_cycles: 0xffffffff, max_idle_ns: 79635851949 ns
[    0.000497] TI gptimer clockevent: 24000000 Hz at /ocp/interconnect@48000000/segment@0/target-module@40000
[    0.002082] Console: colour dummy device 80x30
[    0.002151] WARNING: Your 'console=ttyO0' has been replaced by 'ttyS0'
[    0.002159] This ensures that you still see kernel messages. Please
[    0.002164] update your kernel commandline.
[    0.002206] Calibrating delay loop... 996.14 BogoMIPS (lpj=4980736)
[    0.090612] CPU: Testing write buffer coherency: ok
[    0.090698] CPU0: Spectre v2: using BPIALL workaround
[    0.090709] pid_max: default: 32768 minimum: 301
[    0.091022] Mount-cache hash table entries: 1024 (order: 0, 4096 bytes, linear)
[    0.091045] Mountpoint-cache hash table entries: 1024 (order: 0, 4096 bytes, linear)
[    0.092647] CPU0: thread -1, cpu 0, socket -1, mpidr 0
[    0.092707] cacheinfo: Unable to detect cache hierarchy for CPU 0
[    0.094761] Setting up static identity map for 0x80100000 - 0x80100078
[    0.095091] rcu: Hierarchical SRCU implementation.
[    0.095099] rcu: 	Max phase no-delay instances is 1000.
[    0.096824] smp: Bringing up secondary CPUs ...
[    0.096879] smp: Brought up 1 node, 1 CPU
[    0.096891] SMP: Total of 1 processors activated (996.14 BogoMIPS).
[    0.096902] CPU: All CPU(s) started in SVC mode.
[    0.097108] Memory: 479952K/522240K available (12288K kernel code, 1225K rwdata, 2956K rodata, 1024K init, 257K bss, 24360K reserved, 16384K cma-reserved, 0K highmem)
[    0.097933] devtmpfs: initialized
[    0.115074] VFP support v0.3: implementor 41 architecture 3 part 30 variant c rev 3
[    0.115748] clocksource: jiffies: mask: 0xffffffff max_cycles: 0xffffffff, max_idle_ns: 19112604462750000 ns
[    0.115807] posixtimers hash table entries: 512 (order: 0, 4096 bytes, linear)
[    0.115833] futex hash table entries: 256 (16384 bytes on 1 NUMA nodes, total 16 KiB, linear).
[    0.119044] NET: Registered PF_NETLINK/PF_ROUTE protocol family
[    0.122180] DMA: preallocated 256 KiB pool for atomic coherent allocations
[    0.123152] audit: initializing netlink subsys (disabled)
[    0.124550] thermal_sys: Registered thermal governor 'fair_share'
[    0.124564] thermal_sys: Registered thermal governor 'step_wise'
[    0.124573] thermal_sys: Registered thermal governor 'user_space'
[    0.124690] audit: type=2000 audit(0.120:1): state=initialized audit_enabled=0 res=1
[    0.124763] cpuidle: using governor menu
[    0.142645] /ocp/interconnect@44c00000/segment@200000/target-module@b000/i2c@0/tda19988@70: Fixed dependency cycle(s) with /ocp/interconnect@48000000/segment@300000/target-module@e000/lcdc@0
[    0.143743] /ocp/interconnect@48000000/segment@300000/target-module@e000/lcdc@0: Fixed dependency cycle(s) with /ocp/interconnect@44c00000/segment@200000/target-module@b000/i2c@0/tda19988@70
[    0.145942] No ATAGs?
[    0.145981] hw-breakpoint: debug architecture 0x4 unsupported.
[    0.148664] kprobes: kprobe jump-optimization is enabled. All kprobes are optimized if possible.
[    0.154455] iommu: Default domain type: Translated
[    0.154478] iommu: DMA domain TLB invalidation policy: strict mode
[    0.156037] reg-fixed-voltage fixedregulator0: using DT '/fixedregulator0' for '(default)' GPIO lookup
[    0.156092] of_get_named_gpiod_flags: can't parse 'gpios' property of node '/fixedregulator0[0]'
[    0.156120] of_get_named_gpiod_flags: can't parse 'gpio' property of node '/fixedregulator0[0]'
[    0.156139] reg-fixed-voltage fixedregulator0: using lookup tables for GPIO lookup
[    0.156150] reg-fixed-voltage fixedregulator0: No GPIO consumer (default) found
[    0.161656] SCSI subsystem initialized
[    0.162154] libata version 3.00 loaded.
[    0.162541] pps_core: LinuxPPS API ver. 1 registered
[    0.162553] pps_core: Software ver. 5.3.6 - Copyright 2005-2007 Rodolfo Giometti <giometti@linux.it>
[    0.162578] PTP clock support registered
[    0.171084] vgaarb: loaded
[    0.171483] clocksource: Switched to clocksource dmtimer
[    0.172117] VFS: Disk quotas dquot_6.6.0
[    0.172177] VFS: Dquot-cache hash table entries: 1024 (order 0, 4096 bytes)
[    0.196528] NET: Registered PF_INET protocol family
[    0.196865] IP idents hash table entries: 8192 (order: 4, 65536 bytes, linear)
[    0.198276] tcp_listen_portaddr_hash hash table entries: 512 (order: 0, 4096 bytes, linear)
[    0.198313] Table-perturb hash table entries: 65536 (order: 6, 262144 bytes, linear)
[    0.198330] TCP established hash table entries: 4096 (order: 2, 16384 bytes, linear)
[    0.198376] TCP bind hash table entries: 4096 (order: 4, 65536 bytes, linear)
[    0.198476] TCP: Hash tables configured (established 4096 bind 4096)
[    0.198592] UDP hash table entries: 256 (order: 2, 14336 bytes, linear)
[    0.198625] UDP-Lite hash table entries: 256 (order: 2, 14336 bytes, linear)
[    0.198823] NET: Registered PF_UNIX/PF_LOCAL protocol family
[    0.202167] RPC: Registered named UNIX socket transport module.
[    0.202189] RPC: Registered udp transport module.
[    0.202194] RPC: Registered tcp transport module.
[    0.202199] RPC: Registered tcp-with-tls transport module.
[    0.202204] RPC: Registered tcp NFSv4.1 backchannel transport module.
[    0.202228] PCI: CLS 0 bytes, default 64
[    0.203686] Initialise system trusted keyrings
[    0.212469] workingset: timestamp_bits=14 max_order=17 bucket_order=3
[    0.213905] NFS: Registering the id_resolver key type
[    0.213966] Key type id_resolver registered
[    0.213974] Key type id_legacy registered
[    0.214091] jffs2: version 2.2. (NAND) (SUMMARY)  Â© 2001-2006 Red Hat, Inc.
[    0.214572] Key type asymmetric registered
[    0.214589] Asymmetric key parser 'x509' registered
[    0.214662] io scheduler mq-deadline registered
[    0.214672] io scheduler kyber registered
[    0.214752] io scheduler bfq registered
[    0.216631] target-module@4b000000:target-module@140000:pmu@0:fck: device ID is greater than 24
[    0.221744] ledtrig-cpu: registered to indicate activity on CPUs
[    0.232419] Serial: 8250/16550 driver, 6 ports, IRQ sharing enabled
[    0.268266] brd: module loaded
[    0.287391] loop: module loaded
[    0.288337] mtdoops: mtd device (mtddev=name/number) must be supplied
[    0.289879] mdio_bus fixed-0: using lookup tables for GPIO lookup
[    0.289903] mdio_bus fixed-0: No GPIO consumer reset found
[    0.291336] i2c_dev: i2c /dev entries driver
[    0.292545] cpuidle: enable-method property 'ti,am3352' found operations
[    0.292994] sdhci: Secure Digital Host Controller Interface driver
[    0.293004] sdhci: Copyright(c) Pierre Ossman
[    0.293191] sdhci-pltfm: SDHCI platform and OF driver helper
[    0.301861] hw perfevents: enabled with armv7_cortex_a8 PMU driver, 5 (8000000f) counters available
[    0.302424] Initializing XFRM netlink socket
[    0.302602] NET: Registered PF_INET6 protocol family
[    0.304637] Segment Routing with IPv6
[    0.304722] In-situ OAM (IOAM) with IPv6
[    0.304822] sit: IPv6, IPv4 and MPLS over IPv4 tunneling driver
[    0.305789] NET: Registered PF_PACKET protocol family
[    0.305809] PFKEY is deprecated and scheduled to be removed in 2027, please contact the netdev mailing list
[    0.305826] NET: Registered PF_KEY protocol family
[    0.305968] Key type dns_resolver registered
[    0.306194] ThumbEE CPU extension supported.
[    0.306214] Registering SWP/SWPB emulation handler
[    0.306732] omap_voltage_late_init: Voltage driver support not added
[    0.307409] SmartReflex Class3 initialized
[    0.343325] Loading compiled-in X.509 certificates
[    0.373891] /ocp/interconnect@44c00000/segment@200000/target-module@b000/i2c@0/tda19988@70: Fixed dependency cycle(s) with /ocp/interconnect@48000000/segment@300000/target-module@e000/lcdc@0
[    0.380255] /ocp/interconnect@44c00000/segment@200000/target-module@b000/i2c@0/tda19988@70: Fixed dependency cycle(s) with /ocp/interconnect@48000000/segment@300000/target-module@e000/lcdc@0
[    0.385973] gpiochip_find_base_unlocked: found new base at 512
[    0.423096] /ocp/interconnect@44c00000/segment@200000/target-module@b000/i2c@0/tda19988@70: Fixed dependency cycle(s) with /ocp/interconnect@48000000/segment@300000/target-module@e000/lcdc@0
[    0.423996] /ocp/interconnect@44c00000/segment@200000/target-module@b000/i2c@0/tda19988@70: Fixed dependency cycle(s) with /ocp/interconnect@48000000/segment@300000/target-module@e000/lcdc@0
[    0.427529] /ocp/interconnect@44c00000/segment@200000/target-module@10000/scm@0/pinmux@800: Fixed dependency cycle(s) with /ocp/interconnect@44c00000/segment@200000/target-module@10000/scm@0/pinmux@800/clkout2-pins
[    0.428116] pinctrl-single 44e10800.pinmux: 142 pins, size 568
[    0.470276] /ocp/interconnect@48000000/segment@300000/target-module@e000/lcdc@0: Fixed dependency cycle(s) with /ocp/interconnect@44c00000/segment@200000/target-module@b000/i2c@0/tda19988@70
[    0.490316] gpiochip_find_base_unlocked: found new base at 512
[    0.490432] gpio gpiochip0: (gpio-0-31): created GPIO range 0->7 ==> 44e10800.pinmux PIN 0->7
[    0.490452] gpio gpiochip0: (gpio-0-31): created GPIO range 8->11 ==> 44e10800.pinmux PIN 90->93
[    0.490468] gpio gpiochip0: (gpio-0-31): created GPIO range 12->27 ==> 44e10800.pinmux PIN 12->27
[    0.490483] gpio gpiochip0: (gpio-0-31): created GPIO range 28->31 ==> 44e10800.pinmux PIN 30->33
[    0.515642] gpio gpiochip0: (gpio-0-31): added GPIO chardev (254:0)
[    0.515889] gpio gpiochip0: registered GPIOs 512 to 543 on gpio-0-31
[    0.515977] OMAP GPIO hardware version 0.1
[    0.562324] i2c i2c-2: using DT '/ocp/interconnect@48000000/segment@100000/target-module@9c000/i2c@0' for 'scl' GPIO lookup
[    0.562398] of_get_named_gpiod_flags: can't parse 'scl-gpios' property of node '/ocp/interconnect@48000000/segment@100000/target-module@9c000/i2c@0[0]'
[    0.562439] of_get_named_gpiod_flags: can't parse 'scl-gpio' property of node '/ocp/interconnect@48000000/segment@100000/target-module@9c000/i2c@0[0]'
[    0.562475] i2c i2c-2: using lookup tables for GPIO lookup
[    0.562486] i2c i2c-2: No GPIO consumer scl found
[    0.562507] i2c i2c-2: using DT '/ocp/interconnect@48000000/segment@100000/target-module@9c000/i2c@0' for 'sda' GPIO lookup
[    0.562542] of_get_named_gpiod_flags: can't parse 'sda-gpios' property of node '/ocp/interconnect@48000000/segment@100000/target-module@9c000/i2c@0[0]'
[    0.562579] of_get_named_gpiod_flags: can't parse 'sda-gpio' property of node '/ocp/interconnect@48000000/segment@100000/target-module@9c000/i2c@0[0]'
[    0.562610] i2c i2c-2: using lookup tables for GPIO lookup
[    0.562617] i2c i2c-2: No GPIO consumer sda found
[    0.563325] omap_i2c 4819c000.i2c: bus 2 rev0.11 at 100 kHz
[    0.569037] gpiochip_find_base_unlocked: found new base at 544
[    0.569138] gpio gpiochip1: (gpio-32-63): created GPIO range 0->17 ==> 44e10800.pinmux PIN 34->51
[    0.569159] gpio gpiochip1: (gpio-32-63): created GPIO range 18->21 ==> 44e10800.pinmux PIN 77->80
[    0.569177] gpio gpiochip1: (gpio-32-63): created GPIO range 22->31 ==> 44e10800.pinmux PIN 56->65
[    0.572160] gpio gpiochip1: (gpio-32-63): added GPIO chardev (254:1)
[    0.572400] gpio gpiochip1: registered GPIOs 544 to 575 on gpio-32-63
[    0.574698] gpiochip_find_base_unlocked: found new base at 576
[    0.574787] gpio gpiochip2: (gpio-64-95): created GPIO range 0->4 ==> 44e10800.pinmux PIN 66->70
[    0.574807] gpio gpiochip2: (gpio-64-95): created GPIO range 5->6 ==> 44e10800.pinmux PIN 98->99
[    0.574822] gpio gpiochip2: (gpio-64-95): created GPIO range 7->8 ==> 44e10800.pinmux PIN 75->76
[    0.574838] gpio gpiochip2: (gpio-64-95): created GPIO range 13->13 ==> 44e10800.pinmux PIN 141->141
[    0.574855] gpio gpiochip2: (gpio-64-95): created GPIO range 14->21 ==> 44e10800.pinmux PIN 100->107
[    0.591297] gpio gpiochip2: (gpio-64-95): added GPIO chardev (254:2)
[    0.591657] gpio gpiochip2: registered GPIOs 576 to 607 on gpio-64-95
[    0.597413] 48000000.interconnect:segment@200000:target-module@0:mpu@0:fck: device ID is greater than 24
[    0.598304] /ocp/interconnect@48000000/segment@300000/target-module@e000/lcdc@0: Fixed dependency cycle(s) with /ocp/interconnect@44c00000/segment@200000/target-module@b000/i2c@0/tda19988@70
[    0.601161] /ocp/interconnect@48000000/segment@300000/target-module@e000/lcdc@0: Fixed dependency cycle(s) with /ocp/interconnect@44c00000/segment@200000/target-module@b000/i2c@0/tda19988@70
[    0.602094] /ocp/interconnect@44c00000/segment@200000/target-module@b000/i2c@0/tda19988@70: Fixed dependency cycle(s) with /ocp/interconnect@48000000/segment@300000/target-module@e000/lcdc@0
[    0.602268] /ocp/interconnect@48000000/segment@300000/target-module@e000/lcdc@0: Fixed dependency cycle(s) with /ocp/interconnect@44c00000/segment@200000/target-module@b000/i2c@0/tda19988@70
[    0.609858] sdhci-omap 481d8000.mmc: using DT '/ocp/interconnect@48000000/segment@100000/target-module@d8000/mmc@0' for 'wp' GPIO lookup
[    0.609930] of_get_named_gpiod_flags: can't parse 'wp-gpios' property of node '/ocp/interconnect@48000000/segment@100000/target-module@d8000/mmc@0[0]'
[    0.609974] of_get_named_gpiod_flags: can't parse 'wp-gpio' property of node '/ocp/interconnect@48000000/segment@100000/target-module@d8000/mmc@0[0]'
[    0.610010] sdhci-omap 481d8000.mmc: using lookup tables for GPIO lookup
[    0.610021] sdhci-omap 481d8000.mmc: No GPIO consumer wp found
[    0.610221] sdhci-omap 481d8000.mmc: supply pbias not found, using dummy regulator
[    0.610681] sdhci-omap 481d8000.mmc: supply vqmmc not found, using dummy regulator
[    0.627835] mdio_bus 4a101000.mdio: using DT '/ocp/interconnect@4a000000/segment@0/target-module@100000/switch@0/mdio@1000' for 'reset' GPIO lookup
[    0.627907] of_get_named_gpiod_flags: can't parse 'reset-gpios' property of node '/ocp/interconnect@4a000000/segment@0/target-module@100000/switch@0/mdio@1000[0]'
[    0.627954] of_get_named_gpiod_flags: can't parse 'reset-gpio' property of node '/ocp/interconnect@4a000000/segment@0/target-module@100000/switch@0/mdio@1000[0]'
[    0.628001] mdio_bus 4a101000.mdio: using lookup tables for GPIO lookup
[    0.628011] mdio_bus 4a101000.mdio: No GPIO consumer reset found
[    0.672034] davinci_mdio 4a101000.mdio: davinci mdio revision 1.6, bus freq 1000000
[    0.693650] mdio_bus 4a101000.mdio:00: using DT '/ocp/interconnect@4a000000/segment@0/target-module@100000/switch@0/mdio@1000/ethernet-phy@0' for 'reset' GPIO lookup
[    0.693752] of_get_named_gpiod_flags: parsed 'reset-gpios' property of node '/ocp/interconnect@4a000000/segment@0/target-module@100000/switch@0/mdio@1000/ethernet-phy@0[0]' - status (0)
[    0.693911] gpio gpiochip0: Persistence not supported for GPIO 8
[    0.829590] davinci_mdio 4a101000.mdio: phy[0]: device 4a101000.mdio:00, driver SMSC LAN8710/LAN8720
[    0.830358] cpsw-switch 4a100000.switch: initialized cpsw ale version 1.4
[    0.830382] cpsw-switch 4a100000.switch: ALE Table size 1024, Policers 0
[    0.830556] cpsw-switch 4a100000.switch: cpts: overflow check period 500 (jiffies)
[    0.830571] cpsw-switch 4a100000.switch: CPTS: ref_clk_freq:250000000 calc_mult:2147483648 calc_shift:29 error:0 nsec/sec
[    0.830669] cpsw-switch 4a100000.switch: Detected MACID = 6c:ec:eb:68:de:78
[    0.832730] cpsw-switch 4a100000.switch: initialized (regs 0x4a100000, pool size 256) hw_ver:0019010C 1.12 (0)
[    0.844237] debugfs: '49000000.dma' already exists in 'dmaengine'
[    0.844281] edma 49000000.dma: TI EDMA DMA engine driver
[    0.885884] ti-sysc 44e31000.target-module: Failed to create device link (0x180) with supplier ocp for /ocp/interconnect@44c00000/segment@200000/target-module@31000/timer@0
[    0.885945] ti-sysc 48040000.target-module: Failed to create device link (0x180) with supplier ocp for /ocp/interconnect@48000000/segment@0/target-module@40000/timer@0
[    0.886892] gpio-clk clk_mcasp0: using DT '/clk_mcasp0' for 'enable' GPIO lookup
[    0.886956] of_get_named_gpiod_flags: parsed 'enable-gpios' property of node '/clk_mcasp0[0]' - status (0)
[    0.886998] gpio gpiochip0: Persistence not supported for GPIO 27
[    0.887772] gpiochip_find_base_unlocked: found new base at 608
[    0.887888] gpio gpiochip3: (gpio-96-127): created GPIO range 0->7 ==> 44e10800.pinmux PIN 82->89
[    0.887910] gpio gpiochip3: (gpio-96-127): created GPIO range 8->11 ==> 44e10800.pinmux PIN 52->55
[    0.887940] gpio gpiochip3: (gpio-96-127): created GPIO range 12->15 ==> 44e10800.pinmux PIN 94->97
[    0.887957] gpio gpiochip3: (gpio-96-127): created GPIO range 16->17 ==> 44e10800.pinmux PIN 71->72
[    0.887972] gpio gpiochip3: (gpio-96-127): created GPIO range 18->18 ==> 44e10800.pinmux PIN 135->135
[    0.887989] gpio gpiochip3: (gpio-96-127): created GPIO range 19->20 ==> 44e10800.pinmux PIN 108->109
[    0.888006] gpio gpiochip3: (gpio-96-127): created GPIO range 21->21 ==> 44e10800.pinmux PIN 73->73
[    0.888023] gpio gpiochip3: (gpio-96-127): created GPIO range 22->23 ==> 44e10800.pinmux PIN 8->9
[    0.888040] gpio gpiochip3: (gpio-96-127): created GPIO range 26->27 ==> 44e10800.pinmux PIN 10->11
[    0.888058] gpio gpiochip3: (gpio-96-127): created GPIO range 28->28 ==> 44e10800.pinmux PIN 74->74
[    0.888076] gpio gpiochip3: (gpio-96-127): created GPIO range 29->29 ==> 44e10800.pinmux PIN 81->81
[    0.888095] gpio gpiochip3: (gpio-96-127): created GPIO range 30->31 ==> 44e10800.pinmux PIN 28->29
[    0.889199] gpio gpiochip3: (gpio-96-127): added GPIO chardev (254:3)
[    0.889436] gpio gpiochip3: registered GPIOs 608 to 639 on gpio-96-127
[    0.891342] omap8250 44e09000.serial: using DT '/ocp/interconnect@44c00000/segment@200000/target-module@9000/serial@0' for 'rs485-term' GPIO lookup
[    0.891414] of_get_named_gpiod_flags: can't parse 'rs485-term-gpios' property of node '/ocp/interconnect@44c00000/segment@200000/target-module@9000/serial@0[0]'
[    0.891624] of_get_named_gpiod_flags: can't parse 'rs485-term-gpio' property of node '/ocp/interconnect@44c00000/segment@200000/target-module@9000/serial@0[0]'
[    0.891671] omap8250 44e09000.serial: using lookup tables for GPIO lookup
[    0.891683] omap8250 44e09000.serial: No GPIO consumer rs485-term found
[    0.891694] omap8250 44e09000.serial: using DT '/ocp/interconnect@44c00000/segment@200000/target-module@9000/serial@0' for 'rs485-rx-during-tx' GPIO lookup
[    0.891731] of_get_named_gpiod_flags: can't parse 'rs485-rx-during-tx-gpios' property of node '/ocp/interconnect@44c00000/segment@200000/target-module@9000/serial@0[0]'
[    0.891769] of_get_named_gpiod_flags: can't parse 'rs485-rx-during-tx-gpio' property of node '/ocp/interconnect@44c00000/segment@200000/target-module@9000/serial@0[0]'
[    0.891801] omap8250 44e09000.serial: using lookup tables for GPIO lookup
[    0.891809] omap8250 44e09000.serial: No GPIO consumer rs485-rx-during-tx found
[    0.892276] 44e09000.serial: ttyS0 at MMIO 0x44e09000 (irq = 34, base_baud = 3000000) is a 8250
[    0.892393] printk: legacy console [ttyS0] enabled
[    2.436592] i2c i2c-0: using DT '/ocp/interconnect@44c00000/segment@200000/target-module@b000/i2c@0' for 'scl' GPIO lookup
[    2.436682] of_get_named_gpiod_flags: can't parse 'scl-gpios' property of node '/ocp/interconnect@44c00000/segment@200000/target-module@b000/i2c@0[0]'
[    2.436728] of_get_named_gpiod_flags: can't parse 'scl-gpio' property of node '/ocp/interconnect@44c00000/segment@200000/target-module@b000/i2c@0[0]'
[    2.436768] i2c i2c-0: using lookup tables for GPIO lookup
[    2.436782] i2c i2c-0: No GPIO consumer scl found
[    2.436807] i2c i2c-0: using DT '/ocp/interconnect@44c00000/segment@200000/target-module@b000/i2c@0' for 'sda' GPIO lookup
[    2.436846] of_get_named_gpiod_flags: can't parse 'sda-gpios' property of node '/ocp/interconnect@44c00000/segment@200000/target-module@b000/i2c@0[0]'
[    2.436888] of_get_named_gpiod_flags: can't parse 'sda-gpio' property of node '/ocp/interconnect@44c00000/segment@200000/target-module@b000/i2c@0[0]'
[    2.436923] i2c i2c-0: using lookup tables for GPIO lookup
[    2.436934] i2c i2c-0: No GPIO consumer sda found
[    2.452458] tps65217-pmic: Failed to locate of_node [id: -1]
[    2.458524] tps65217-bl: Failed to locate of_node [id: -1]
[    2.466003] platform tps65217-charger: DMA mask not set
[    2.473096] platform tps65217-pwrbutton: DMA mask not set
[    2.480917] tps65217 0-0024: TPS65217 ID 0xe version 1.2
[    2.487013] /ocp/interconnect@48000000/segment@300000/target-module@e000/lcdc@0: Fixed dependency cycle(s) with /ocp/interconnect@44c00000/segment@200000/target-module@b000/i2c@0/tda19988@70
[    2.504427] /ocp/interconnect@44c00000/segment@200000/target-module@b000/i2c@0/tda19988@70: Fixed dependency cycle(s) with /ocp/interconnect@48000000/segment@300000/target-module@e000/lcdc@0
[    2.521826] omap_i2c 44e0b000.i2c: bus 0 rev0.11 at 400 kHz
[    2.529634] sdhci-omap 48060000.mmc: using DT '/ocp/interconnect@48000000/segment@0/target-module@60000/mmc@0' for 'cd' GPIO lookup
[    2.529744] of_get_named_gpiod_flags: parsed 'cd-gpios' property of node '/ocp/interconnect@48000000/segment@0/target-module@60000/mmc@0[0]' - status (0)
[    2.529810] gpio gpiochip3: Persistence not supported for GPIO 6
[    2.529837] omap_gpio 44e07000.gpio: Could not set line 6 debounce to 200000 microseconds (-22)
[    2.538717] sdhci-omap 48060000.mmc: Got CD GPIO
[    2.543398] sdhci-omap 48060000.mmc: using DT '/ocp/interconnect@48000000/segment@0/target-module@60000/mmc@0' for 'wp' GPIO lookup
[    2.543454] of_get_named_gpiod_flags: can't parse 'wp-gpios' property of node '/ocp/interconnect@48000000/segment@0/target-module@60000/mmc@0[0]'
[    2.543500] of_get_named_gpiod_flags: can't parse 'wp-gpio' property of node '/ocp/interconnect@48000000/segment@0/target-module@60000/mmc@0[0]'
[    2.543539] sdhci-omap 48060000.mmc: using lookup tables for GPIO lookup
[    2.543554] sdhci-omap 48060000.mmc: No GPIO consumer wp found
[    2.543765] sdhci-omap 48060000.mmc: supply pbias not found, using dummy regulator
[    2.552651] sdhci-omap 481d8000.mmc: using DT '/ocp/interconnect@48000000/segment@100000/target-module@d8000/mmc@0' for 'wp' GPIO lookup
[    2.552729] of_get_named_gpiod_flags: can't parse 'wp-gpios' property of node '/ocp/interconnect@48000000/segment@100000/target-module@d8000/mmc@0[0]'
[    2.552779] of_get_named_gpiod_flags: can't parse 'wp-gpio' property of node '/ocp/interconnect@48000000/segment@100000/target-module@d8000/mmc@0[0]'
[    2.552817] sdhci-omap 481d8000.mmc: using lookup tables for GPIO lookup
[    2.552831] sdhci-omap 481d8000.mmc: No GPIO consumer wp found
[    2.553946] sdhci-omap 48060000.mmc: supply vqmmc not found, using dummy regulator
[    2.563138] sdhci-omap 481d8000.mmc: supply pbias not found, using dummy regulator
[    2.571104] sdhci-omap 481d8000.mmc: supply vqmmc not found, using dummy regulator
[    2.609662] mmc1: SDHCI controller on 481d8000.mmc [481d8000.mmc] using External DMA
[    2.618750] mmc0: SDHCI controller on 48060000.mmc [48060000.mmc] using External DMA
[    2.627630] cpsw-switch 4a100000.switch: starting ndev. mode: dual_mac
[    2.691754] mmc1: new high speed MMC card at address 0001
[    2.698596] mmcblk1: mmc1:0001 MMC04G 3.60 GiB
[    2.706585]  mmcblk1: p1 p2
[    2.710348] SMSC LAN8710/LAN8720 4a101000.mdio:00: attached PHY driver (mii_bus:phy_addr=4a101000.mdio:00, irq=POLL)
[    2.722980] mmcblk1boot0: mmc1:0001 MMC04G 2.00 MiB
[    2.736900] mmcblk1boot1: mmc1:0001 MMC04G 2.00 MiB
[    2.745875] mmcblk1rpmb: mmc1:0001 MMC04G 128 KiB, chardev (249:0)
[    2.795011] mmc0: new high speed SDHC card at address aaaa
[    2.801946] mmcblk0: mmc0:aaaa SE32G 29.7 GiB
[    2.811005]  mmcblk0: p1 p2
[    5.842240] cpsw-switch 4a100000.switch eth0: Link is Up - 100Mbps/Full - flow control off
[    5.871492] IP-Config: Complete:
[    5.874765]      device=eth0, hwaddr=6c:ec:eb:68:de:78, ipaddr=192.168.255.1, mask=255.255.255.0, gw=255.255.255.255
[    5.885404]      host=bbb1, domain=, nis-domain=(none)
[    5.890571]      bootserver=192.168.255.126, rootserver=192.168.255.126, rootpath=
[    5.891002] clk: Disabling unused clocks
[    5.902865] PM: genpd: Disabling unused power domains
[    5.908027] KTAP version 1
[    5.910752] 1..0
[    5.913538] check access for rdinit=/init failed: -2, ignoring
[    5.949883] VFS: Mounted root (nfs filesystem) on device 0:17.
[    5.957027] devtmpfs: mounted
[    5.961698] Freeing unused kernel image (initmem) memory: 1024K
[    5.968443] Run /sbin/init as init process
[    5.972663]   with arguments:
[    5.972678]     /sbin/init
[    5.972688]     nfsrootdebug
[    5.972698]   with environment:
[    5.972706]     HOME=/
[    5.972714]     TERM=linux
[    6.635397] systemd[1]: System time before build time, advancing clock.
[    8.171498] random: crng init done
[    8.194212] systemd[1]: systemd 232 running in system mode. (+PAM +AUDIT +SELINUX +IMA +APPARMOR +SMACK +SYSVINIT +UTMP +LIBCRYPTSETUP +GCRYPT +GNUTLS +ACL +XZ +LZ4 +SECCOMP +BLKID +ELFUTILS +KMOD +IDN)
[    8.213303] systemd[1]: Detected architecture arm.
[    8.244757] systemd[1]: Set hostname to <arm>.
[    9.359479] systemd[1]: Listening on udev Kernel Socket.
[    9.383024] systemd[1]: Created slice System Slice.
[    9.411999] systemd[1]: dev-hugepages.mount: Couldn't determine result for ConditionVirtualization=!private-users, assuming failed: No such file or directory
[    9.428068] systemd[1]: Listening on udev Control Socket.
[    9.452892] systemd[1]: Created slice User and Session Slice.
[    9.492209] systemd[1]: Mounting POSIX Message Queue File System...
[    9.523041] systemd[1]: Started Forward Password Requests to Wall Directory Watch.
[   11.644755] systemd-journald[92]: Received request to flush runtime journal from PID 1
[   12.641877] omap_prm 44e00d00.prm: sync_state() pending due to 44d00000.cpu
[   14.401726] leds-gpio leds: using DT '/leds/led2' for '(default)' GPIO lookup
[   14.401833] of_get_named_gpiod_flags: parsed 'gpios' property of node '/leds/led2[0]' - status (0)
[   14.401893] gpio gpiochip0: Persistence not supported for GPIO 21
[   14.401910] gpio-533 (?): no flags found for GPIO (default)
[   14.476069] leds-gpio leds: using DT '/leds/led3' for '(default)' GPIO lookup
[   14.476180] of_get_named_gpiod_flags: parsed 'gpios' property of node '/leds/led3[0]' - status (0)
[   14.476237] gpio gpiochip0: Persistence not supported for GPIO 22
[   14.476252] gpio-534 (?): no flags found for GPIO (default)
[   14.520302] leds-gpio leds: using DT '/leds/led4' for '(default)' GPIO lookup
[   14.520403] of_get_named_gpiod_flags: parsed 'gpios' property of node '/leds/led4[0]' - status (0)
[   14.520455] gpio gpiochip0: Persistence not supported for GPIO 23
[   14.520469] gpio-535 (?): no flags found for GPIO (default)
[   14.530015] leds-gpio leds: using DT '/leds/led5' for '(default)' GPIO lookup
[   14.530106] of_get_named_gpiod_flags: parsed 'gpios' property of node '/leds/led5[0]' - status (0)
[   14.530156] gpio gpiochip0: Persistence not supported for GPIO 24
[   14.530170] gpio-536 (?): no flags found for GPIO (default)
[   14.945561] omap_rtc 44e3e000.rtc: registered as rtc0
[   14.950781] omap_rtc 44e3e000.rtc: setting system clock to 2000-01-01T00:00:00 UTC (946684800)
[   14.959683] omap_rtc 44e3e000.rtc: using DT '/ocp/interconnect@44c00000/segment@200000/target-module@3e000/rtc@0' for 'wp' GPIO lookup
[   14.959758] of_get_named_gpiod_flags: can't parse 'wp-gpios' property of node '/ocp/interconnect@44c00000/segment@200000/target-module@3e000/rtc@0[0]'
[   14.959807] of_get_named_gpiod_flags: can't parse 'wp-gpio' property of node '/ocp/interconnect@44c00000/segment@200000/target-module@3e000/rtc@0[0]'
[   14.959847] omap_rtc 44e3e000.rtc: using lookup tables for GPIO lookup
[   14.959862] omap_rtc 44e3e000.rtc: No GPIO consumer wp found
[   14.970638] remoteproc remoteproc0: wkup_m3 is available
[   15.160135] omap_wdt: OMAP Watchdog Timer Rev 0x01: initial timeout 60 sec
[   15.433825] am335x-phy-driver 47401300.usb-phy: using DT '/ocp/target-module@47400000/usb-phy@1300' for 'reset' GPIO lookup
[   15.433920] of_get_named_gpiod_flags: can't parse 'reset-gpios' property of node '/ocp/target-module@47400000/usb-phy@1300[0]'
[   15.433964] of_get_named_gpiod_flags: can't parse 'reset-gpio' property of node '/ocp/target-module@47400000/usb-phy@1300[0]'
[   15.434001] am335x-phy-driver 47401300.usb-phy: using lookup tables for GPIO lookup
[   15.434016] am335x-phy-driver 47401300.usb-phy: No GPIO consumer reset found
[   15.434031] am335x-phy-driver 47401300.usb-phy: using DT '/ocp/target-module@47400000/usb-phy@1300' for 'vbus-detect' GPIO lookup
[   15.434062] of_get_named_gpiod_flags: can't parse 'vbus-detect-gpios' property of node '/ocp/target-module@47400000/usb-phy@1300[0]'
[   15.434095] of_get_named_gpiod_flags: can't parse 'vbus-detect-gpio' property of node '/ocp/target-module@47400000/usb-phy@1300[0]'
[   15.434121] am335x-phy-driver 47401300.usb-phy: using lookup tables for GPIO lookup
[   15.434133] am335x-phy-driver 47401300.usb-phy: No GPIO consumer vbus-detect found
[   15.434283] am335x-phy-driver 47401300.usb-phy: dummy supplies not allowed for exclusive requests (id=vbus)
[   15.536584] at24 2-0054: supply vcc not found, using dummy regulator
[   15.670244] input: tps65217_pwrbutton as /devices/platform/ocp/44c00000.interconnect/44c00000.interconnect:segment@200000/44e0b000.target-module/44e0b000.i2c/i2c-0/0-0024/tps65217-pwrbutton/input/input0
[   15.691589] am335x-phy-driver 47401b00.usb-phy: using DT '/ocp/target-module@47400000/usb-phy@1b00' for 'reset' GPIO lookup
[   15.691694] of_get_named_gpiod_flags: can't parse 'reset-gpios' property of node '/ocp/target-module@47400000/usb-phy@1b00[0]'
[   15.691741] of_get_named_gpiod_flags: can't parse 'reset-gpio' property of node '/ocp/target-module@47400000/usb-phy@1b00[0]'
[   15.691781] am335x-phy-driver 47401b00.usb-phy: using lookup tables for GPIO lookup
[   15.691797] am335x-phy-driver 47401b00.usb-phy: No GPIO consumer reset found
[   15.691812] am335x-phy-driver 47401b00.usb-phy: using DT '/ocp/target-module@47400000/usb-phy@1b00' for 'vbus-detect' GPIO lookup
[   15.691846] of_get_named_gpiod_flags: can't parse 'vbus-detect-gpios' property of node '/ocp/target-module@47400000/usb-phy@1b00[0]'
[   15.691882] of_get_named_gpiod_flags: can't parse 'vbus-detect-gpio' property of node '/ocp/target-module@47400000/usb-phy@1b00[0]'
[   15.691909] am335x-phy-driver 47401b00.usb-phy: using lookup tables for GPIO lookup
[   15.691922] am335x-phy-driver 47401b00.usb-phy: No GPIO consumer vbus-detect found
[   15.692073] am335x-phy-driver 47401b00.usb-phy: dummy supplies not allowed for exclusive requests (id=vbus)
[   15.727684] at24 2-0055: supply vcc not found, using dummy regulator
[   15.806035] at24 2-0056: supply vcc not found, using dummy regulator
[   15.955093] at24 2-0057: supply vcc not found, using dummy regulator
[   16.120777] at24 0-0050: using DT '/ocp/interconnect@44c00000/segment@200000/target-module@b000/i2c@0/eeprom@50' for 'wp' GPIO lookup
[   16.120901] of_get_named_gpiod_flags: can't parse 'wp-gpios' property of node '/ocp/interconnect@44c00000/segment@200000/target-module@b000/i2c@0/eeprom@50[0]'
[   16.120963] of_get_named_gpiod_flags: can't parse 'wp-gpio' property of node '/ocp/interconnect@44c00000/segment@200000/target-module@b000/i2c@0/eeprom@50[0]'
[   16.121011] at24 0-0050: using lookup tables for GPIO lookup
[   16.121026] at24 0-0050: No GPIO consumer wp found
[   16.121349] at24 0-0050: 32768 byte 24c256 EEPROM, writable, 1 bytes/write
[   16.966717] usbcore: registered new interface driver usbfs
[   16.972597] usbcore: registered new interface driver hub
[   16.978049] usbcore: registered new device driver usb
[   17.899772] omap-mailbox 480c8000.mailbox: omap mailbox rev 0x400
[   17.971249] musb-hdrc musb-hdrc.1: MUSB HDRC host driver
[   17.976820] musb-hdrc musb-hdrc.1: new USB bus registered, assigned bus number 1
[   17.997266] remoteproc remoteproc0: powering up wkup_m3
[   18.202823] usb usb1: New USB device found, idVendor=1d6b, idProduct=0002, bcdDevice= 6.18
[   18.211201] usb usb1: New USB device strings: Mfr=3, Product=2, SerialNumber=1
[   18.218617] usb usb1: Product: MUSB HDRC host driver
[   18.223672] usb usb1: Manufacturer: Linux 6.18.0-rc4-next-20251106 musb-hcd
[   18.230673] usb usb1: SerialNumber: musb-hdrc.1
[   18.263418] tda998x 0-0070: found TDA19988
[   18.291972] remoteproc remoteproc0: Direct firmware load for am335x-pm-firmware.elf failed with error -2
[   18.301699] remoteproc remoteproc0: request_firmware failed: -2
[   18.307660] wkup_m3_ipc 44e11324.wkup_m3_ipc: rproc_boot failed
[   18.746981] hub 1-0:1.0: USB hub found
[   18.820331] hub 1-0:1.0: 1 port detected
[   20.645611] omap_rng 48310000.rng: Random Number Generator ver. 20
[   20.724184] tilcdc 4830e000.lcdc: bound 0-0070 (ops tda998x_driver_exit [tda998x])
[   20.813315] [drm] Initialized tilcdc 1.0.0 for 4830e000.lcdc on minor 0
[   20.873668] tilcdc 4830e000.lcdc: [drm] Cannot find any crtc or sizes
[   20.883346] tilcdc 4830e000.lcdc: [drm] Cannot find any crtc or sizes
[   20.999868] ------------[ cut here ]------------
[   21.004700] WARNING: net/8021q/vlan_core.c:236 at vlan_for_each+0x114/0x134, CPU#0: avahi-daemon/193
[   21.013982] RTNL: assertion failed at net/8021q/vlan_core.c (236)
[   21.020109] Modules linked in: tilcdc omap_rng rng_core drm_dma_helper drm_client_lib snd_soc_davinci_mcasp snd_soc_ti_udma snd_soc_ti_edma snd_soc_ti_sdma snd_soc_core snd_pcm_dmaengine snd_pcm snd_timer tda998x snd omap_mailbox musb_dsps soundcore cec musb_hdrc drm_kms_helper udc_core usbcore drm wkup_m3_ipc drm_panel_orientation_quirks tps65218_pwrbutton at24 phy_am335x phy_am335x_control phy_generic omap_wdt usb_common watchdog wkup_m3_rproc cppi41 rtc_omap leds_gpio led_class cpufreq_dt autofs4
[   21.064868] CPU: 0 UID: 107 PID: 193 Comm: avahi-daemon Not tainted 6.18.0-rc4-next-20251106 #1 NONE 
[   21.064888] Hardware name: Generic AM33XX (Flattened Device Tree)
[   21.064897] Call trace: 
[   21.064913]  unwind_backtrace from show_stack+0x10/0x14
[   21.064952]  show_stack from dump_stack_lvl+0x50/0x64
[   21.064977]  dump_stack_lvl from __warn+0x88/0x148
[   21.064995]  __warn from warn_slowpath_fmt+0x19c/0x1b0
[   21.065008]  warn_slowpath_fmt from vlan_for_each+0x114/0x134
[   21.065024]  vlan_for_each from cpsw_add_mc_addr+0x40/0xa4
[   21.065051]  cpsw_add_mc_addr from __hw_addr_ref_sync_dev+0x108/0x140
[   21.065072]  __hw_addr_ref_sync_dev from __dev_mc_add+0x7c/0x80
[   21.065087]  __dev_mc_add from igmp6_group_added+0xc8/0xe0
[   21.065118]  igmp6_group_added from __ipv6_dev_mc_inc+0x218/0x364
[   21.065142]  __ipv6_dev_mc_inc from __ipv6_sock_mc_join+0x11c/0x1c0
[   21.065165]  __ipv6_sock_mc_join from do_ipv6_setsockopt+0x1214/0x1310
[   21.065186]  do_ipv6_setsockopt from ipv6_setsockopt+0x60/0xcc
[   21.065201]  ipv6_setsockopt from udpv6_setsockopt+0x2c/0x6c
[   21.065217]  udpv6_setsockopt from sock_common_setsockopt+0x30/0x40
[   21.065238]  sock_common_setsockopt from do_sock_setsockopt+0x50/0x9c
[   21.065267]  do_sock_setsockopt from __sys_setsockopt+0x70/0xbc
[   21.065285]  __sys_setsockopt from ret_fast_syscall+0x0/0x58
[   21.065298] Exception stack(0xe0131fa8 to 0xe0131ff0)
[   21.065313] 1fa0:                   00000014 b6f4cce8 0000000d 00000029 00000014 bea3a9ec
[   21.065324] 1fc0: 00000014 b6f4cce8 00000014 00000126 0000000d b6ef5ff4 0047e988 00466558
[   21.065333] 1fe0: b6f0b088 bea3a9d8 b6ee8309 b6dbf41a
[   21.065341] ---[ end trace 0000000000000000 ]---
[   22.555049] omap-sham 53100000.sham: hw accel on OMAP rev 4.3
[   22.587281] PM: Cannot get wkup_m3_ipc handle
[   22.702521] omap-sham 53100000.sham: will run requests pump with realtime priority
[   22.717028] PM: Cannot get wkup_m3_ipc handle
[   22.804352] omap-aes 53500000.aes: OMAP AES hw accel rev: 3.2
[   22.946871] omap-aes 53500000.aes: will run requests pump with realtime priority
[   22.960143] PM: Cannot get wkup_m3_ipc handle
[   24.614493] Bluetooth: Core ver 2.22
[   24.618316] NET: Registered PF_BLUETOOTH protocol family
[   24.623890] Bluetooth: HCI device and connection manager initialized
[   24.630311] Bluetooth: HCI socket layer initialized
[   24.635274] Bluetooth: L2CAP socket layer initialized
[   24.640388] Bluetooth: SCO socket layer initialized
[   26.209857] PM: Cannot get wkup_m3_ipc handle
[   26.215805] asoc-simple-card sound: using DT '/sound' for 'simple-audio-card,hp-det' GPIO lookup
[   26.215880] of_get_named_gpiod_flags: can't parse 'simple-audio-card,hp-det-gpios' property of node '/sound[0]'
[   26.215914] of_get_named_gpiod_flags: can't parse 'simple-audio-card,hp-det-gpio' property of node '/sound[0]'
[   26.215939] asoc-simple-card sound: using lookup tables for GPIO lookup
[   26.215954] asoc-simple-card sound: No GPIO consumer simple-audio-card,hp-det found
[   26.215969] asoc-simple-card sound: using DT '/sound' for 'simple-audio-card,mic-det' GPIO lookup
[   26.215994] of_get_named_gpiod_flags: can't parse 'simple-audio-card,mic-det-gpios' property of node '/sound[0]'
[   26.216021] of_get_named_gpiod_flags: can't parse 'simple-audio-card,mic-det-gpio' property of node '/sound[0]'
[   26.216040] asoc-simple-card sound: using lookup tables for GPIO lookup
[   26.216052] asoc-simple-card sound: No GPIO consumer simple-audio-card,mic-det found
[   26.259621] tda998x 0-0070: using DT '/ocp/interconnect@44c00000/segment@200000/target-module@b000/i2c@0/tda19988@70' for 'nxp,calib' GPIO lookup
[   26.259764] of_get_named_gpiod_flags: parsed 'nxp,calib-gpios' property of node '/ocp/interconnect@44c00000/segment@200000/target-module@b000/i2c@0/tda19988@70[0]' - status (0)
[   26.259846] gpio gpiochip0: Persistence not supported for GPIO 25
[   26.259883] gpio-537 (nxp,calib): no flags found for GPIO nxp,calib
[   26.279862] gpio-537 (nxp,calib): gpiod_direction_output_nonotify: tried to set a GPIO tied to an IRQ as output
[   26.342192] PM: Cannot get wkup_m3_ipc handle
[   26.554727] tda9950 0-0034: TDA9950 CEC interface, hardware version 3.3
[   26.633696] PM: Cannot get wkup_m3_ipc handle
[   29.346071] userial_init: registered 8 ttyGS* devices
[   29.503868] rndis_register: configNr = 0
[   29.545055] udc musb-hdrc.0: binding gadget driver [g_multi]
[   29.545150] configfs-gadget.g_multi gadget.0: adding 'rndis'/23e486d7 to config 'c'/e7dcbc0d
[   29.546301] configfs-gadget.g_multi gadget.0: HOST MAC 1c:ba:8c:a2:ed:6c
[   29.553321] configfs-gadget.g_multi gadget.0: MAC 1c:ba:8c:a2:ed:70
[   29.559688] rndis_set_param_medium: 0 0
[   29.559710] configfs-gadget.g_multi gadget.0: RNDIS: IN/ep1in OUT/ep1out NOTIFY/ep2in
[   29.559728] configfs-gadget.g_multi gadget.0: adding 'cdc_ethernet'/24388897 to config 'c'/e7dcbc0d
[   29.560643] configfs-gadget.g_multi gadget.0: HOST MAC 1c:ba:8c:a2:ed:6c
[   29.567513] configfs-gadget.g_multi gadget.0: MAC 1c:ba:8c:a2:ed:6d
[   29.573905] configfs-gadget.g_multi gadget.0: CDC Ethernet: IN/ep3in OUT/ep2out NOTIFY/ep4in
[   29.573924] configfs-gadget.g_multi gadget.0: adding 'acm'/04907bab to config 'c'/e7dcbc0d
[   29.573959] configfs-gadget.g_multi gadget.0: acm ttyGS0: IN/ep5in OUT/ep3out NOTIFY/ep6in
[   29.592343] PM: Cannot get wkup_m3_ipc handle
[   31.638880] configfs-gadget.g_multi gadget.0: eth_open
[   35.299481] gs_open: ttyGS0 (a08546aa,b2270733)
[   35.299679] gs_close: ttyGS0 (a08546aa,b2270733) ...
[   35.299713] gs_close: ttyGS0 (a08546aa,b2270733) done!
[   35.336552] gs_open: ttyGS0 (a08546aa,fb848263)
[   35.336706] gs_close: ttyGS0 (a08546aa,fb848263) ...
[   35.336730] gs_close: ttyGS0 (a08546aa,fb848263) done!
[   35.483721] gs_open: ttyGS0 (f5463a54,226e9f7b)
[   35.484837] gs_close: ttyGS0 (f5463a54,226e9f7b) ...
[   35.484892] gs_close: ttyGS0 (f5463a54,226e9f7b) done!
[   35.486920] gs_open: ttyGS0 (f5463a54,226e9f7b)
BOTTQUMSFL 0
root@arm:~# echo 'XGBK''KGTMKF'
XGBKKGTMKF
root@arm:~# MARKER='KJAE''NQQTUC' run 'modprobe test_linear_ranges'
KJAENQQTUCKJAENQQTUC 0
root@arm:~# echo 'HBXE''BGBKFK'
HBXEBGBKFK
root@arm:~# MARKER='NQMW''JOVOAU' run dmesg
NQMWJOVOAU[    0.000000] Booting Linux on physical CPU 0x0
[    0.000000] Linux version 6.18.0-rc4-next-20251106 (user01@drvtest01) (arm-none-eabi-gcc (Arm GNU Toolchain 14.2.Rel1 (Build arm-14.52)) 14.2.1 20241119, GNU ld (Arm GNU Toolchain 14.2.Rel1 (Build arm-14.52)) 2.43.1.20241119) #1 SMP Thu Nov  6 07:10:26 EET 2025
[    0.000000] CPU: ARMv7 Processor [413fc082] revision 2 (ARMv7), cr=10c5387d
[    0.000000] CPU: PIPT / VIPT nonaliasing data cache, VIPT aliasing instruction cache
[    0.000000] OF: fdt: Machine model: TI AM335x BeagleBone Black
[    0.000000] Memory policy: Data cache writeback
[    0.000000] cma: Reserved 16 MiB at 0x9e800000
[    0.000000] Zone ranges:
[    0.000000]   Normal   [mem 0x0000000080000000-0x000000009fdfffff]
[    0.000000]   HighMem  empty
[    0.000000] Movable zone start for each node
[    0.000000] Early memory node ranges
[    0.000000]   node   0: [mem 0x0000000080000000-0x000000009fdfffff]
[    0.000000] Initmem setup node 0 [mem 0x0000000080000000-0x000000009fdfffff]
[    0.000000] On node 0, zone Normal: 512 pages in unavailable ranges
[    0.000000] OF: reserved mem: Reserved memory: No reserved-memory node in the DT
[    0.000000] CPU: All CPU(s) started in SVC mode.
[    0.000000] AM335X ES2.1 (sgx neon)
[    0.000000] percpu: Embedded 17 pages/cpu s40268 r8192 d21172 u69632
[    0.000000] pcpu-alloc: s40268 r8192 d21172 u69632 alloc=17*4096
[    0.000000] pcpu-alloc: [0] 0 
[    0.000000] Kernel command line: console=ttyO0,115200n8 root=/dev/nfs rw nfsroot=192.168.255.126:/home/user01/nfs,nfsvers=3 ip=192.168.255.1:192.168.255.126::255.255.255.0:bbb1:eth0 nfsrootdebug
[    0.000000] Unknown kernel command line parameters "nfsrootdebug", will be passed to user space.
[    0.000000] printk: log buffer data + meta data: 65536 + 204800 = 270336 bytes
[    0.000000] Dentry cache hash table entries: 65536 (order: 6, 262144 bytes, linear)
[    0.000000] Inode-cache hash table entries: 32768 (order: 5, 131072 bytes, linear)
[    0.000000] Built 1 zonelists, mobility grouping on.  Total pages: 130560
[    0.000000] mem auto-init: stack:off, heap alloc:off, heap free:off
[    0.000000] SLUB: HWalign=16, Order=0-3, MinObjects=0, CPUs=1, Nodes=1
[    0.000000] rcu: Hierarchical RCU implementation.
[    0.000000] rcu: 	RCU event tracing is enabled.
[    0.000000] rcu: 	RCU restricting CPUs from NR_CPUS=2 to nr_cpu_ids=1.
[    0.000000] 	Tracing variant of Tasks RCU enabled.
[    0.000000] rcu: RCU calculated value of scheduler-enlistment delay is 10 jiffies.
[    0.000000] rcu: Adjusting geometry for rcu_fanout_leaf=16, nr_cpu_ids=1
[    0.000000] RCU Tasks Trace: Setting shift to 0 and lim to 1 rcu_task_cb_adjust=1 rcu_task_cpu_ids=1.
[    0.000000] NR_IRQS: 16, nr_irqs: 16, preallocated irqs: 16
[    0.000000] IRQ: Found an INTC at 0x(ptrval) (revision 5.0) with 128 interrupts
[    0.000000] rcu: srcu_init: Setting srcu_struct sizes based on contention.
[    0.000000] TI gptimer clocksource: always-on /ocp/interconnect@44c00000/segment@200000/target-module@31000
[    0.000003] sched_clock: 32 bits at 24MHz, resolution 41ns, wraps every 89478484971ns
[    0.000026] clocksource: dmtimer: mask: 0xffffffff max_cycles: 0xffffffff, max_idle_ns: 79635851949 ns
[    0.000497] TI gptimer clockevent: 24000000 Hz at /ocp/interconnect@48000000/segment@0/target-module@40000
[    0.002082] Console: colour dummy device 80x30
[    0.002151] WARNING: Your 'console=ttyO0' has been replaced by 'ttyS0'
[    0.002159] This ensures that you still see kernel messages. Please
[    0.002164] update your kernel commandline.
[    0.002206] Calibrating delay loop... 996.14 BogoMIPS (lpj=4980736)
[    0.090612] CPU: Testing write buffer coherency: ok
[    0.090698] CPU0: Spectre v2: using BPIALL workaround
[    0.090709] pid_max: default: 32768 minimum: 301
[    0.091022] Mount-cache hash table entries: 1024 (order: 0, 4096 bytes, linear)
[    0.091045] Mountpoint-cache hash table entries: 1024 (order: 0, 4096 bytes, linear)
[    0.092647] CPU0: thread -1, cpu 0, socket -1, mpidr 0
[    0.092707] cacheinfo: Unable to detect cache hierarchy for CPU 0
[    0.094761] Setting up static identity map for 0x80100000 - 0x80100078
[    0.095091] rcu: Hierarchical SRCU implementation.
[    0.095099] rcu: 	Max phase no-delay instances is 1000.
[    0.096824] smp: Bringing up secondary CPUs ...
[    0.096879] smp: Brought up 1 node, 1 CPU
[    0.096891] SMP: Total of 1 processors activated (996.14 BogoMIPS).
[    0.096902] CPU: All CPU(s) started in SVC mode.
[    0.097108] Memory: 479952K/522240K available (12288K kernel code, 1225K rwdata, 2956K rodata, 1024K init, 257K bss, 24360K reserved, 16384K cma-reserved, 0K highmem)
[    0.097933] devtmpfs: initialized
[    0.115074] VFP support v0.3: implementor 41 architecture 3 part 30 variant c rev 3
[    0.115748] clocksource: jiffies: mask: 0xffffffff max_cycles: 0xffffffff, max_idle_ns: 19112604462750000 ns
[    0.115807] posixtimers hash table entries: 512 (order: 0, 4096 bytes, linear)
[    0.115833] futex hash table entries: 256 (16384 bytes on 1 NUMA nodes, total 16 KiB, linear).
[    0.119044] NET: Registered PF_NETLINK/PF_ROUTE protocol family
[    0.122180] DMA: preallocated 256 KiB pool for atomic coherent allocations
[    0.123152] audit: initializing netlink subsys (disabled)
[    0.124550] thermal_sys: Registered thermal governor 'fair_share'
[    0.124564] thermal_sys: Registered thermal governor 'step_wise'
[    0.124573] thermal_sys: Registered thermal governor 'user_space'
[    0.124690] audit: type=2000 audit(0.120:1): state=initialized audit_enabled=0 res=1
[    0.124763] cpuidle: using governor menu
[    0.142645] /ocp/interconnect@44c00000/segment@200000/target-module@b000/i2c@0/tda19988@70: Fixed dependency cycle(s) with /ocp/interconnect@48000000/segment@300000/target-module@e000/lcdc@0
[    0.143743] /ocp/interconnect@48000000/segment@300000/target-module@e000/lcdc@0: Fixed dependency cycle(s) with /ocp/interconnect@44c00000/segment@200000/target-module@b000/i2c@0/tda19988@70
[    0.145942] No ATAGs?
[    0.145981] hw-breakpoint: debug architecture 0x4 unsupported.
[    0.148664] kprobes: kprobe jump-optimization is enabled. All kprobes are optimized if possible.
[    0.154455] iommu: Default domain type: Translated
[    0.154478] iommu: DMA domain TLB invalidation policy: strict mode
[    0.156037] reg-fixed-voltage fixedregulator0: using DT '/fixedregulator0' for '(default)' GPIO lookup
[    0.156092] of_get_named_gpiod_flags: can't parse 'gpios' property of node '/fixedregulator0[0]'
[    0.156120] of_get_named_gpiod_flags: can't parse 'gpio' property of node '/fixedregulator0[0]'
[    0.156139] reg-fixed-voltage fixedregulator0: using lookup tables for GPIO lookup
[    0.156150] reg-fixed-voltage fixedregulator0: No GPIO consumer (default) found
[    0.161656] SCSI subsystem initialized
[    0.162154] libata version 3.00 loaded.
[    0.162541] pps_core: LinuxPPS API ver. 1 registered
[    0.162553] pps_core: Software ver. 5.3.6 - Copyright 2005-2007 Rodolfo Giometti <giometti@linux.it>
[    0.162578] PTP clock support registered
[    0.171084] vgaarb: loaded
[    0.171483] clocksource: Switched to clocksource dmtimer
[    0.172117] VFS: Disk quotas dquot_6.6.0
[    0.172177] VFS: Dquot-cache hash table entries: 1024 (order 0, 4096 bytes)
[    0.196528] NET: Registered PF_INET protocol family
[    0.196865] IP idents hash table entries: 8192 (order: 4, 65536 bytes, linear)
[    0.198276] tcp_listen_portaddr_hash hash table entries: 512 (order: 0, 4096 bytes, linear)
[    0.198313] Table-perturb hash table entries: 65536 (order: 6, 262144 bytes, linear)
[    0.198330] TCP established hash table entries: 4096 (order: 2, 16384 bytes, linear)
[    0.198376] TCP bind hash table entries: 4096 (order: 4, 65536 bytes, linear)
[    0.198476] TCP: Hash tables configured (established 4096 bind 4096)
[    0.198592] UDP hash table entries: 256 (order: 2, 14336 bytes, linear)
[    0.198625] UDP-Lite hash table entries: 256 (order: 2, 14336 bytes, linear)
[    0.198823] NET: Registered PF_UNIX/PF_LOCAL protocol family
[    0.202167] RPC: Registered named UNIX socket transport module.
[    0.202189] RPC: Registered udp transport module.
[    0.202194] RPC: Registered tcp transport module.
[    0.202199] RPC: Registered tcp-with-tls transport module.
[    0.202204] RPC: Registered tcp NFSv4.1 backchannel transport module.
[    0.202228] PCI: CLS 0 bytes, default 64
[    0.203686] Initialise system trusted keyrings
[    0.212469] workingset: timestamp_bits=14 max_order=17 bucket_order=3
[    0.213905] NFS: Registering the id_resolver key type
[    0.213966] Key type id_resolver registered
[    0.213974] Key type id_legacy registered
[    0.214091] jffs2: version 2.2. (NAND) (SUMMARY)  Â© 2001-2006 Red Hat, Inc.
[    0.214572] Key type asymmetric registered
[    0.214589] Asymmetric key parser 'x509' registered
[    0.214662] io scheduler mq-deadline registered
[    0.214672] io scheduler kyber registered
[    0.214752] io scheduler bfq registered
[    0.216631] target-module@4b000000:target-module@140000:pmu@0:fck: device ID is greater than 24
[    0.221744] ledtrig-cpu: registered to indicate activity on CPUs
[    0.232419] Serial: 8250/16550 driver, 6 ports, IRQ sharing enabled
[    0.268266] brd: module loaded
[    0.287391] loop: module loaded
[    0.288337] mtdoops: mtd device (mtddev=name/number) must be supplied
[    0.289879] mdio_bus fixed-0: using lookup tables for GPIO lookup
[    0.289903] mdio_bus fixed-0: No GPIO consumer reset found
[    0.291336] i2c_dev: i2c /dev entries driver
[    0.292545] cpuidle: enable-method property 'ti,am3352' found operations
[    0.292994] sdhci: Secure Digital Host Controller Interface driver
[    0.293004] sdhci: Copyright(c) Pierre Ossman
[    0.293191] sdhci-pltfm: SDHCI platform and OF driver helper
[    0.301861] hw perfevents: enabled with armv7_cortex_a8 PMU driver, 5 (8000000f) counters available
[    0.302424] Initializing XFRM netlink socket
[    0.302602] NET: Registered PF_INET6 protocol family
[    0.304637] Segment Routing with IPv6
[    0.304722] In-situ OAM (IOAM) with IPv6
[    0.304822] sit: IPv6, IPv4 and MPLS over IPv4 tunneling driver
[    0.305789] NET: Registered PF_PACKET protocol family
[    0.305809] PFKEY is deprecated and scheduled to be removed in 2027, please contact the netdev mailing list
[    0.305826] NET: Registered PF_KEY protocol family
[    0.305968] Key type dns_resolver registered
[    0.306194] ThumbEE CPU extension supported.
[    0.306214] Registering SWP/SWPB emulation handler
[    0.306732] omap_voltage_late_init: Voltage driver support not added
[    0.307409] SmartReflex Class3 initialized
[    0.343325] Loading compiled-in X.509 certificates
[    0.373891] /ocp/interconnect@44c00000/segment@200000/target-module@b000/i2c@0/tda19988@70: Fixed dependency cycle(s) with /ocp/interconnect@48000000/segment@300000/target-module@e000/lcdc@0
[    0.380255] /ocp/interconnect@44c00000/segment@200000/target-module@b000/i2c@0/tda19988@70: Fixed dependency cycle(s) with /ocp/interconnect@48000000/segment@300000/target-module@e000/lcdc@0
[    0.385973] gpiochip_find_base_unlocked: found new base at 512
[    0.423096] /ocp/interconnect@44c00000/segment@200000/target-module@b000/i2c@0/tda19988@70: Fixed dependency cycle(s) with /ocp/interconnect@48000000/segment@300000/target-module@e000/lcdc@0
[    0.423996] /ocp/interconnect@44c00000/segment@200000/target-module@b000/i2c@0/tda19988@70: Fixed dependency cycle(s) with /ocp/interconnect@48000000/segment@300000/target-module@e000/lcdc@0
[    0.427529] /ocp/interconnect@44c00000/segment@200000/target-module@10000/scm@0/pinmux@800: Fixed dependency cycle(s) with /ocp/interconnect@44c00000/segment@200000/target-module@10000/scm@0/pinmux@800/clkout2-pins
[    0.428116] pinctrl-single 44e10800.pinmux: 142 pins, size 568
[    0.470276] /ocp/interconnect@48000000/segment@300000/target-module@e000/lcdc@0: Fixed dependency cycle(s) with /ocp/interconnect@44c00000/segment@200000/target-module@b000/i2c@0/tda19988@70
[    0.490316] gpiochip_find_base_unlocked: found new base at 512
[    0.490432] gpio gpiochip0: (gpio-0-31): created GPIO range 0->7 ==> 44e10800.pinmux PIN 0->7
[    0.490452] gpio gpiochip0: (gpio-0-31): created GPIO range 8->11 ==> 44e10800.pinmux PIN 90->93
[    0.490468] gpio gpiochip0: (gpio-0-31): created GPIO range 12->27 ==> 44e10800.pinmux PIN 12->27
[    0.490483] gpio gpiochip0: (gpio-0-31): created GPIO range 28->31 ==> 44e10800.pinmux PIN 30->33
[    0.515642] gpio gpiochip0: (gpio-0-31): added GPIO chardev (254:0)
[    0.515889] gpio gpiochip0: registered GPIOs 512 to 543 on gpio-0-31
[    0.515977] OMAP GPIO hardware version 0.1
[    0.562324] i2c i2c-2: using DT '/ocp/interconnect@48000000/segment@100000/target-module@9c000/i2c@0' for 'scl' GPIO lookup
[    0.562398] of_get_named_gpiod_flags: can't parse 'scl-gpios' property of node '/ocp/interconnect@48000000/segment@100000/target-module@9c000/i2c@0[0]'
[    0.562439] of_get_named_gpiod_flags: can't parse 'scl-gpio' property of node '/ocp/interconnect@48000000/segment@100000/target-module@9c000/i2c@0[0]'
[    0.562475] i2c i2c-2: using lookup tables for GPIO lookup
[    0.562486] i2c i2c-2: No GPIO consumer scl found
[    0.562507] i2c i2c-2: using DT '/ocp/interconnect@48000000/segment@100000/target-module@9c000/i2c@0' for 'sda' GPIO lookup
[    0.562542] of_get_named_gpiod_flags: can't parse 'sda-gpios' property of node '/ocp/interconnect@48000000/segment@100000/target-module@9c000/i2c@0[0]'
[    0.562579] of_get_named_gpiod_flags: can't parse 'sda-gpio' property of node '/ocp/interconnect@48000000/segment@100000/target-module@9c000/i2c@0[0]'
[    0.562610] i2c i2c-2: using lookup tables for GPIO lookup
[    0.562617] i2c i2c-2: No GPIO consumer sda found
[    0.563325] omap_i2c 4819c000.i2c: bus 2 rev0.11 at 100 kHz
[    0.569037] gpiochip_find_base_unlocked: found new base at 544
[    0.569138] gpio gpiochip1: (gpio-32-63): created GPIO range 0->17 ==> 44e10800.pinmux PIN 34->51
[    0.569159] gpio gpiochip1: (gpio-32-63): created GPIO range 18->21 ==> 44e10800.pinmux PIN 77->80
[    0.569177] gpio gpiochip1: (gpio-32-63): created GPIO range 22->31 ==> 44e10800.pinmux PIN 56->65
[    0.572160] gpio gpiochip1: (gpio-32-63): added GPIO chardev (254:1)
[    0.572400] gpio gpiochip1: registered GPIOs 544 to 575 on gpio-32-63
[    0.574698] gpiochip_find_base_unlocked: found new base at 576
[    0.574787] gpio gpiochip2: (gpio-64-95): created GPIO range 0->4 ==> 44e10800.pinmux PIN 66->70
[    0.574807] gpio gpiochip2: (gpio-64-95): created GPIO range 5->6 ==> 44e10800.pinmux PIN 98->99
[    0.574822] gpio gpiochip2: (gpio-64-95): created GPIO range 7->8 ==> 44e10800.pinmux PIN 75->76
[    0.574838] gpio gpiochip2: (gpio-64-95): created GPIO range 13->13 ==> 44e10800.pinmux PIN 141->141
[    0.574855] gpio gpiochip2: (gpio-64-95): created GPIO range 14->21 ==> 44e10800.pinmux PIN 100->107
[    0.591297] gpio gpiochip2: (gpio-64-95): added GPIO chardev (254:2)
[    0.591657] gpio gpiochip2: registered GPIOs 576 to 607 on gpio-64-95
[    0.597413] 48000000.interconnect:segment@200000:target-module@0:mpu@0:fck: device ID is greater than 24
[    0.598304] /ocp/interconnect@48000000/segment@300000/target-module@e000/lcdc@0: Fixed dependency cycle(s) with /ocp/interconnect@44c00000/segment@200000/target-module@b000/i2c@0/tda19988@70
[    0.601161] /ocp/interconnect@48000000/segment@300000/target-module@e000/lcdc@0: Fixed dependency cycle(s) with /ocp/interconnect@44c00000/segment@200000/target-module@b000/i2c@0/tda19988@70
[    0.602094] /ocp/interconnect@44c00000/segment@200000/target-module@b000/i2c@0/tda19988@70: Fixed dependency cycle(s) with /ocp/interconnect@48000000/segment@300000/target-module@e000/lcdc@0
[    0.602268] /ocp/interconnect@48000000/segment@300000/target-module@e000/lcdc@0: Fixed dependency cycle(s) with /ocp/interconnect@44c00000/segment@200000/target-module@b000/i2c@0/tda19988@70
[    0.609858] sdhci-omap 481d8000.mmc: using DT '/ocp/interconnect@48000000/segment@100000/target-module@d8000/mmc@0' for 'wp' GPIO lookup
[    0.609930] of_get_named_gpiod_flags: can't parse 'wp-gpios' property of node '/ocp/interconnect@48000000/segment@100000/target-module@d8000/mmc@0[0]'
[    0.609974] of_get_named_gpiod_flags: can't parse 'wp-gpio' property of node '/ocp/interconnect@48000000/segment@100000/target-module@d8000/mmc@0[0]'
[    0.610010] sdhci-omap 481d8000.mmc: using lookup tables for GPIO lookup
[    0.610021] sdhci-omap 481d8000.mmc: No GPIO consumer wp found
[    0.610221] sdhci-omap 481d8000.mmc: supply pbias not found, using dummy regulator
[    0.610681] sdhci-omap 481d8000.mmc: supply vqmmc not found, using dummy regulator
[    0.627835] mdio_bus 4a101000.mdio: using DT '/ocp/interconnect@4a000000/segment@0/target-module@100000/switch@0/mdio@1000' for 'reset' GPIO lookup
[    0.627907] of_get_named_gpiod_flags: can't parse 'reset-gpios' property of node '/ocp/interconnect@4a000000/segment@0/target-module@100000/switch@0/mdio@1000[0]'
[    0.627954] of_get_named_gpiod_flags: can't parse 'reset-gpio' property of node '/ocp/interconnect@4a000000/segment@0/target-module@100000/switch@0/mdio@1000[0]'
[    0.628001] mdio_bus 4a101000.mdio: using lookup tables for GPIO lookup
[    0.628011] mdio_bus 4a101000.mdio: No GPIO consumer reset found
[    0.672034] davinci_mdio 4a101000.mdio: davinci mdio revision 1.6, bus freq 1000000
[    0.693650] mdio_bus 4a101000.mdio:00: using DT '/ocp/interconnect@4a000000/segment@0/target-module@100000/switch@0/mdio@1000/ethernet-phy@0' for 'reset' GPIO lookup
[    0.693752] of_get_named_gpiod_flags: parsed 'reset-gpios' property of node '/ocp/interconnect@4a000000/segment@0/target-module@100000/switch@0/mdio@1000/ethernet-phy@0[0]' - status (0)
[    0.693911] gpio gpiochip0: Persistence not supported for GPIO 8
[    0.829590] davinci_mdio 4a101000.mdio: phy[0]: device 4a101000.mdio:00, driver SMSC LAN8710/LAN8720
[    0.830358] cpsw-switch 4a100000.switch: initialized cpsw ale version 1.4
[    0.830382] cpsw-switch 4a100000.switch: ALE Table size 1024, Policers 0
[    0.830556] cpsw-switch 4a100000.switch: cpts: overflow check period 500 (jiffies)
[    0.830571] cpsw-switch 4a100000.switch: CPTS: ref_clk_freq:250000000 calc_mult:2147483648 calc_shift:29 error:0 nsec/sec
[    0.830669] cpsw-switch 4a100000.switch: Detected MACID = 6c:ec:eb:68:de:78
[    0.832730] cpsw-switch 4a100000.switch: initialized (regs 0x4a100000, pool size 256) hw_ver:0019010C 1.12 (0)
[    0.844237] debugfs: '49000000.dma' already exists in 'dmaengine'
[    0.844281] edma 49000000.dma: TI EDMA DMA engine driver
[    0.885884] ti-sysc 44e31000.target-module: Failed to create device link (0x180) with supplier ocp for /ocp/interconnect@44c00000/segment@200000/target-module@31000/timer@0
[    0.885945] ti-sysc 48040000.target-module: Failed to create device link (0x180) with supplier ocp for /ocp/interconnect@48000000/segment@0/target-module@40000/timer@0
[    0.886892] gpio-clk clk_mcasp0: using DT '/clk_mcasp0' for 'enable' GPIO lookup
[    0.886956] of_get_named_gpiod_flags: parsed 'enable-gpios' property of node '/clk_mcasp0[0]' - status (0)
[    0.886998] gpio gpiochip0: Persistence not supported for GPIO 27
[    0.887772] gpiochip_find_base_unlocked: found new base at 608
[    0.887888] gpio gpiochip3: (gpio-96-127): created GPIO range 0->7 ==> 44e10800.pinmux PIN 82->89
[    0.887910] gpio gpiochip3: (gpio-96-127): created GPIO range 8->11 ==> 44e10800.pinmux PIN 52->55
[    0.887940] gpio gpiochip3: (gpio-96-127): created GPIO range 12->15 ==> 44e10800.pinmux PIN 94->97
[    0.887957] gpio gpiochip3: (gpio-96-127): created GPIO range 16->17 ==> 44e10800.pinmux PIN 71->72
[    0.887972] gpio gpiochip3: (gpio-96-127): created GPIO range 18->18 ==> 44e10800.pinmux PIN 135->135
[    0.887989] gpio gpiochip3: (gpio-96-127): created GPIO range 19->20 ==> 44e10800.pinmux PIN 108->109
[    0.888006] gpio gpiochip3: (gpio-96-127): created GPIO range 21->21 ==> 44e10800.pinmux PIN 73->73
[    0.888023] gpio gpiochip3: (gpio-96-127): created GPIO range 22->23 ==> 44e10800.pinmux PIN 8->9
[    0.888040] gpio gpiochip3: (gpio-96-127): created GPIO range 26->27 ==> 44e10800.pinmux PIN 10->11
[    0.888058] gpio gpiochip3: (gpio-96-127): created GPIO range 28->28 ==> 44e10800.pinmux PIN 74->74
[    0.888076] gpio gpiochip3: (gpio-96-127): created GPIO range 29->29 ==> 44e10800.pinmux PIN 81->81
[    0.888095] gpio gpiochip3: (gpio-96-127): created GPIO range 30->31 ==> 44e10800.pinmux PIN 28->29
[    0.889199] gpio gpiochip3: (gpio-96-127): added GPIO chardev (254:3)
[    0.889436] gpio gpiochip3: registered GPIOs 608 to 639 on gpio-96-127
[    0.891342] omap8250 44e09000.serial: using DT '/ocp/interconnect@44c00000/segment@200000/target-module@9000/serial@0' for 'rs485-term' GPIO lookup
[    0.891414] of_get_named_gpiod_flags: can't parse 'rs485-term-gpios' property of node '/ocp/interconnect@44c00000/segment@200000/target-module@9000/serial@0[0]'
[    0.891624] of_get_named_gpiod_flags: can't parse 'rs485-term-gpio' property of node '/ocp/interconnect@44c00000/segment@200000/target-module@9000/serial@0[0]'
[    0.891671] omap8250 44e09000.serial: using lookup tables for GPIO lookup
[    0.891683] omap8250 44e09000.serial: No GPIO consumer rs485-term found
