Labgrid Console Logfile for main
Logfile started at 2025-06-03 13:04:57.239473
=== Log starts here ===
reading args
spl_load_image_fat_os: error reading image args, err - -1
reading u-boot.img
reading u-boot.img


U-Boot 2014.04-00014-g47880f5 (Apr 22 2014 - 13:23:54)

I2C:   ready
DRAM:  512 MiB
NAND:  0 MiB
MMC:   OMAP SD/MMC: 0, OMAP SD/MMC: 1
*** Warning - readenv() failed, using default environment

Net:   <ethaddr> not set. Validating first E-fuse MAC
cpsw, usb_ether
Hit any key to stop autoboot:  1  0 
gpio: pin 53 (gpio 53) value is 1
mmc0 is current device
gpio: pin 54 (gpio 54) value is 1
SD/MMC found on device 0
reading uEnv.txt
569 bytes read in 4 ms (138.7 KiB/s)
gpio: pin 55 (gpio 55) value is 1
Loaded environment from uEnv.txt
Importing environment from mmc ...
Checking if uenvcmd is set ...
gpio: pin 56 (gpio 56) value is 1
Running uenvcmd ...
cpsw Waiting for PHY auto negotiation to complete. done
link up on port 0, speed 100, full duplex
Using cpsw device
TFTP from server 192.168.255.126; our IP address is 192.168.255.1
Filename 'zImage'.
Load address: 0x81000000
Loading: *#################################################################
	 #################################################################
	 #################################################################
	 #################################################################
	 #################################################################
	 ##########################################################
	 2.4 MiB/s
done
Bytes transferred = 5617080 (55b5b8 hex)
link up on port 0, speed 100, full duplex
Using cpsw device
TFTP from server 192.168.255.126; our IP address is 192.168.255.1
Filename 'am335x-boneblack.dtb'.
Load address: 0x82000000
Loading: *#######
	 2.3 MiB/s
done
Bytes transferred = 98244 (17fc4 hex)
Kernel image @ 0x81000000 [ 0x000000 - 0x55b5b8 ]
## Flattened Device Tree blob at 82000000
   Booting using the fdt blob at 0x82000000
   Using Device Tree in place at 82000000, end 8201afc3

Starting kernel ...

[    0.000000] Booting Linux on physical CPU 0x0
[    0.000000] Linux version 6.15.0-next-20250603 (user01@drvtest01) (arm-none-eabi-gcc (Arm GNU Toolchain 14.2.Rel1 (Build arm-14.52)) 14.2.1 20241119, GNU ld (Arm GNU Toolchain 14.2.Rel1 (Build arm-14.52)) 2.43.1.20241119) #1 SMP Tue Jun  3 13:00:32 EEST 2025
[    0.000000] CPU: ARMv7 Processor [413fc082] revision 2 (ARMv7), cr=10c5387d
[    0.000000] CPU: PIPT / VIPT nonaliasing data cache, VIPT aliasing instruction cache
[    0.000000] OF: fdt: Machine model: TI AM335x BeagleBone Black
[    0.000000] Memory policy: Data cache writeback
[    0.000000] cma: Reserved 16 MiB at 0x9e800000
[    0.000000] Zone ranges:
[    0.000000]   Normal   [mem 0x0000000080000000-0x000000009fdfffff]
[    0.000000]   HighMem  empty
[    0.000000] Movable zone start for each node
[    0.000000] Early memory node ranges
[    0.000000]   node   0: [mem 0x0000000080000000-0x000000009fdfffff]
[    0.000000] Initmem setup node 0 [mem 0x0000000080000000-0x000000009fdfffff]
[    0.000000] On node 0, zone Normal: 512 pages in unavailable ranges
[    0.000000] OF: reserved mem: Reserved memory: No reserved-memory node in the DT
[    0.000000] CPU: All CPU(s) started in SVC mode.
[    0.000000] AM335X ES2.1 (sgx neon)
[    0.000000] percpu: Embedded 17 pages/cpu s39820 r8192 d21620 u69632
[    0.000000] Kernel command line: console=ttyO0,115200n8 root=/dev/nfs rw nfsroot=192.168.255.126:/home/user01/nfs,nfsvers=3 ip=192.168.255.1:192.168.255.126::255.255.255.0:bbb1:eth0 nfsrootdebug
[    0.000000] Unknown kernel command line parameters "nfsrootdebug", will be passed to user space.
[    0.000000] printk: log buffer data + meta data: 65536 + 204800 = 270336 bytes
[    0.000000] Dentry cache hash table entries: 65536 (order: 6, 262144 bytes, linear)
[    0.000000] Inode-cache hash table entries: 32768 (order: 5, 131072 bytes, linear)
[    0.000000] Built 1 zonelists, mobility grouping on.  Total pages: 130560
[    0.000000] mem auto-init: stack:off, heap alloc:off, heap free:off
[    0.000000] SLUB: HWalign=16, Order=0-3, MinObjects=0, CPUs=1, Nodes=1
[    0.000000] rcu: Hierarchical RCU implementation.
[    0.000000] rcu: 	RCU event tracing is enabled.
[    0.000000] rcu: 	RCU restricting CPUs from NR_CPUS=2 to nr_cpu_ids=1.
[    0.000000] 	Tracing variant of Tasks RCU enabled.
[    0.000000] rcu: RCU calculated value of scheduler-enlistment delay is 10 jiffies.
[    0.000000] rcu: Adjusting geometry for rcu_fanout_leaf=16, nr_cpu_ids=1
[    0.000000] RCU Tasks Trace: Setting shift to 0 and lim to 1 rcu_task_cb_adjust=1 rcu_task_cpu_ids=1.
[    0.000000] NR_IRQS: 16, nr_irqs: 16, preallocated irqs: 16
[    0.000000] IRQ: Found an INTC at 0x(ptrval) (revision 5.0) with 128 interrupts
[    0.000000] rcu: srcu_init: Setting srcu_struct sizes based on contention.
[    0.000000] TI gptimer clocksource: always-on /ocp/interconnect@44c00000/segment@200000/target-module@31000
[    0.000003] sched_clock: 32 bits at 24MHz, resolution 41ns, wraps every 89478484971ns
[    0.000026] clocksource: dmtimer: mask: 0xffffffff max_cycles: 0xffffffff, max_idle_ns: 79635851949 ns
[    0.000514] TI gptimer clockevent: 24000000 Hz at /ocp/interconnect@48000000/segment@0/target-module@40000
[    0.002150] Console: colour dummy device 80x30
[    0.002217] WARNING: Your 'console=ttyO0' has been replaced by 'ttyS0'
[    0.002225] This ensures that you still see kernel messages. Please
[    0.002229] update your kernel commandline.
[    0.002271] Calibrating delay loop... 996.14 BogoMIPS (lpj=4980736)
[    0.090561] CPU: Testing write buffer coherency: ok
[    0.090674] CPU0: Spectre v2: using BPIALL workaround
[    0.090684] pid_max: default: 32768 minimum: 301
[    0.090838] LSM: initializing lsm=capability
[    0.091018] Mount-cache hash table entries: 1024 (order: 0, 4096 bytes, linear)
[    0.091037] Mountpoint-cache hash table entries: 1024 (order: 0, 4096 bytes, linear)
[    0.092657] CPU0: thread -1, cpu 0, socket -1, mpidr 0
[    0.092716] cacheinfo: Unable to detect cache hierarchy for CPU 0
[    0.094746] Setting up static identity map for 0x80100000 - 0x80100078
[    0.095088] rcu: Hierarchical SRCU implementation.
[    0.095100] rcu: 	Max phase no-delay instances is 1000.
[    0.096825] smp: Bringing up secondary CPUs ...
[    0.096878] smp: Brought up 1 node, 1 CPU
[    0.096890] SMP: Total of 1 processors activated (996.14 BogoMIPS).
[    0.096902] CPU: All CPU(s) started in SVC mode.
[    0.097093] Memory: 480820K/522240K available (11264K kernel code, 1221K rwdata, 2924K rodata, 1024K init, 287K bss, 23388K reserved, 16384K cma-reserved, 0K highmem)
[    0.097918] devtmpfs: initialized
[    0.115068] VFP support v0.3: implementor 41 architecture 3 part 30 variant c rev 3
[    0.115707] clocksource: jiffies: mask: 0xffffffff max_cycles: 0xffffffff, max_idle_ns: 19112604462750000 ns
[    0.115764] posixtimers hash table entries: 512 (order: 0, 4096 bytes, linear)
[    0.115790] futex hash table entries: 256 (16384 bytes on 1 NUMA nodes, total 16 KiB, linear).
[    0.116916] pinctrl core: initialized pinctrl subsystem
[    0.118970] NET: Registered PF_NETLINK/PF_ROUTE protocol family
[    0.122090] DMA: preallocated 256 KiB pool for atomic coherent allocations
[    0.123047] audit: initializing netlink subsys (disabled)
[    0.124412] thermal_sys: Registered thermal governor 'fair_share'
[    0.124426] thermal_sys: Registered thermal governor 'step_wise'
[    0.124435] thermal_sys: Registered thermal governor 'user_space'
[    0.124545] audit: type=2000 audit(0.120:1): state=initialized audit_enabled=0 res=1
[    0.124622] cpuidle: using governor menu
[    0.142489] /ocp/interconnect@44c00000/segment@200000/target-module@b000/i2c@0/tda19988@70: Fixed dependency cycle(s) with /ocp/interconnect@48000000/segment@300000/target-module@e000/lcdc@0
[    0.143628] /ocp/interconnect@48000000/segment@300000/target-module@e000/lcdc@0: Fixed dependency cycle(s) with /ocp/interconnect@44c00000/segment@200000/target-module@b000/i2c@0/tda19988@70
[    0.145840] No ATAGs?
[    0.145883] hw-breakpoint: debug architecture 0x4 unsupported.
[    0.148615] kprobes: kprobe jump-optimization is enabled. All kprobes are optimized if possible.
[    0.153946] iommu: Default domain type: Translated
[    0.153968] iommu: DMA domain TLB invalidation policy: strict mode
[    0.161374] SCSI subsystem initialized
[    0.162253] pps_core: LinuxPPS API ver. 1 registered
[    0.162262] pps_core: Software ver. 5.3.6 - Copyright 2005-2007 Rodolfo Giometti <giometti@linux.it>
[    0.162294] PTP clock support registered
[    0.170901] vgaarb: loaded
[    0.171279] clocksource: Switched to clocksource dmtimer
[    0.171941] VFS: Disk quotas dquot_6.6.0
[    0.171997] VFS: Dquot-cache hash table entries: 1024 (order 0, 4096 bytes)
[    0.195060] NET: Registered PF_INET protocol family
[    0.195404] IP idents hash table entries: 8192 (order: 4, 65536 bytes, linear)
[    0.196832] tcp_listen_portaddr_hash hash table entries: 512 (order: 0, 4096 bytes, linear)
[    0.196868] Table-perturb hash table entries: 65536 (order: 6, 262144 bytes, linear)
[    0.196888] TCP established hash table entries: 4096 (order: 2, 16384 bytes, linear)
[    0.196934] TCP bind hash table entries: 4096 (order: 4, 65536 bytes, linear)
[    0.197033] TCP: Hash tables configured (established 4096 bind 4096)
[    0.197150] UDP hash table entries: 256 (order: 1, 14336 bytes, linear)
[    0.197185] UDP-Lite hash table entries: 256 (order: 1, 14336 bytes, linear)
[    0.197376] NET: Registered PF_UNIX/PF_LOCAL protocol family
[    0.198648] RPC: Registered named UNIX socket transport module.
[    0.198669] RPC: Registered udp transport module.
[    0.198674] RPC: Registered tcp transport module.
[    0.198679] RPC: Registered tcp-with-tls transport module.
[    0.198684] RPC: Registered tcp NFSv4.1 backchannel transport module.
[    0.198708] PCI: CLS 0 bytes, default 64
[    0.200073] Initialise system trusted keyrings
[    0.211909] workingset: timestamp_bits=14 max_order=17 bucket_order=3
[    0.213266] NFS: Registering the id_resolver key type
[    0.213367] Key type id_resolver registered
[    0.213374] Key type id_legacy registered
[    0.213481] jffs2: version 2.2. (NAND) (SUMMARY)  Â© 2001-2006 Red Hat, Inc.
[    0.213940] Key type asymmetric registered
[    0.213957] Asymmetric key parser 'x509' registered
[    0.214029] io scheduler mq-deadline registered
[    0.214039] io scheduler kyber registered
[    0.214110] io scheduler bfq registered
[    0.215981] target-module@4b000000:target-module@140000:pmu@0:fck: device ID is greater than 24
[    0.222147] l3-aon-clkctrl:0000:0: failed to disable
[    0.222412] ledtrig-cpu: registered to indicate activity on CPUs
[    0.231970] Serial: 8250/16550 driver, 6 ports, IRQ sharing enabled
[    0.269344] brd: module loaded
[    0.287220] loop: module loaded
[    0.288162] mtdoops: mtd device (mtddev=name/number) must be supplied
[    0.302595] i2c_dev: i2c /dev entries driver
[    0.303592] cpuidle: enable-method property 'ti,am3352' found operations
[     0.304042] sdhci: Secure Digital Host Controller Interface driver
[    0.304051] sdhci: Copyright(c) Pierre Ossman
[    0.304234] sdhci-pltfm: SDHCI platform and OF driver helper
[    0.305699] hw perfevents: enabled with armv7_cortex_a8 PMU driver, 5 (8000000f) counters available
[    0.306212] Initializing XFRM netlink socket
[    0.306395] NET: Registered PF_INET6 protocol family
[    0.312049] l3-aon-clkctrl:0000:0: failed to disable
[    0.326636] Segment Routing with IPv6
[    0.326722] In-si tu OAM (IOAM) with IPv6
[    0.326821] sit: IPv6, IPv4 and MPLS over IPv4 tunneling driver
[    0.327775] NET: Registered PF_PACKET protocol family
[    0.327804] NET: Registered PF_KEY protocol family
[    0.327918] Key type dns_resolver registered
[    0.328140] ThumbEE CPU extension supported.
[    0.328159] Registering SWP/SWPB emulation handler
[    0.328698] omap_voltage_late_init: Voltage driver support not added
[    0.329374] SmartReflex Class3 initialized
[    0.361361] Loading compiled-in X.509 certificates
[    0.408789] /ocp/interconnect@44c00000/segment@200000/target-module@b000/i2c@0/tda19988@70: Fixed dependency cycle(s) with /ocp/interconnect@48000000/segment@300000/target-module@e000/lcdc@0
[    0.415410] /ocp/interconnect@44c00000/segment@200000/target-module@b000/i2c@0/tda19988@70: Fixed dependency cycle(s) with /ocp/interconnect@48000000/segment@300000/target-module@e000/lcdc@0
[    0.437994] /ocp/interconnect@44c00000/segment@200000/target-module@b000/i2c@0/tda19988@70: Fixed dependency cycle(s) with /ocp/interconnect@48000000/segment@300000/target-module@e000/lcdc@0
[    0.438877] /ocp/interconnect@44c00000/segment@200000/target-module@b000/i2c@0/tda19988@70: Fixed dependency cycle(s) with /ocp/interconnect@48000000/segment@300000/target-module@e000/lcdc@0
[    0.442670] /ocp/interconnect@44c00000/segment@200000/target-module@10000/scm@0/pinmux@800: Fixed dependency cycle(s) with /ocp/interconnect@44c00000/segment@200000/target-module@10000/scm@0/pinmux@800/clkout2-pins
[    nterconnect@44c00000/segment@200000/target-module@b000/i2c@0/tda19988@70
[    0.481594] ti-sysc 48040000.target-module: probe with driver ti-sysc failed with error -16
[    0.528369] OMAP GPIO hardware version 0.1
[    0.554701] omap_i2c 4819c000.i2c: bus 2 rev0.11 at 100 kHz
[    0.584958] 48000000.interconnect:segment@200000:target-module@0:mpu@0:fck: device ID is greater than 24
[    0.585853] /ocp/interconnect@48000000/segment@300000/target-module@e000/lcdc@0: Fixed dependency cycle(s) with /ocp/interconnect@44c00000/segment@200000/target-module@b000/i2c@0/tda19988@70
[    0.588715] /ocp/interconnect@48000000/segment@300000/target-module@e000/lcdc@0: Fixed dependency cycle(s) with /ocp/interconnect@44c00000/segment@200000/target-module@b000/i2c@0/tda19988@70
[    0.589422] /ocp/interconnect@44c00000/segment@200000/target-module@b000/i2c@0/tda19988@70: Fixed dependency cycle(s) with /ocp/interconnect@48000000/segment@300000/target-module@e000/lcdc@0
[    0.589582] /ocp/interconnect@48000000/segment@300000/target-module@e000/lcdc@0: Fixed dependency cycle(s) with /ocp/interconnect@44c00000/segment@200000/target-module@b000/i2c@0/tda19988@70
[    0.600977] sdhci-omap 481d8000.mmc: supply pbias not found, using dummy regulator
[    0.601929] sdhci-omap 481d8000.mmc: supply vqmmc not found, using dummy regulator
[    0.653036] davinci_mdio 4a101000.mdio: davinci mdio revision 1.6, bus freq 1000000
[    0.765801] davinci_mdio 4a101000.mdio: phy[0]: device 4a101000.mdio:00, driver SMSC LAN8710/LAN8720
[    0.766562] cpsw-switch 4a100000.switch: initialized cpsw ale version 1.4
[    0.766583] cpsw-switch 4a100000.switch: ALE Table size 1024, Policers 0
[    0.766738] cpsw-switch 4a100000.switch: cpts: overflow check period 500 (jiffies)
[    0.766754] cpsw-switch 4a100000.switch: CPTS: ref_clk_freq:250000000 calc_mult:2147483648 calc_shift:29 error:0 nsec/sec
[    0.766869] cpsw-switch 4a100000.switch: Detected MACID = 6c:ec:eb:68:de:78
[    0.768709] cpsw-switch 4a100000.switch: initialized (regs 0x4a100000, pool size 256) hw_ver:0019010C 1.12 (0)
[    0.779730] debugfs: Directory '49000000.dma' with parent 'dmaengine' already present!
[    0.779774] edma 49000000.dma: TI EDMA DMA engine driver
[    0.839879] 44e09000.serial: ttyS0 at MMIO 0x44e09000 (irq = 34, base_baud = 3000000) is a 8250
[    0.839974] printk: legacy console [ttyS0] enabled
[    2.402235] tps65217-pmic: Failed to locate of_node [id: -1]
[    2.408311] tps65217-bl: Failed to locate of_node [id: -1]
[    2.414395] platform tps65217-charger: DMA mask not set
[    2.420442] platform tps65217-pwrbutton: DMA mask not set
[    2.427816] tps65217 0-0024: TPS65217 ID 0xe version 1.2
[    2.433935] /ocp/interconnect@48000000/segment@300000/target-module@e000/lcdc@0: Fixed dependency cycle(s) with /ocp/interconnect@44c00000/segment@200000/target-module@b000/i2c@0/tda19988@70
[    2.451338] /ocp/interconnect@44c00000/segment@200000/target-module@b000/i2c@0/tda19988@70: Fixed dependency cycle(s) with /ocp/interconnect@48000000/segment@300000/target-module@e000/lcdc@0
[    2.468674] omap_i2c 44e0b000.i2c: bus 0 rev0.11 at 400 kHz
[    2.476517] omap_gpio 44e07000.gpio: Could not set line 6 debounce to 200000 microseconds (-22)
[    2.485452] sdhci-omap 48060000.mmc: Got CD GPIO
[    2.490472] sdhci-omap 48060000.mmc: supply pbias not found, using dummy regulator
[    2.500462] sdhci-omap 48060000.mmc: supply vqmmc not found, using dummy regulator
[    2.509568] sdhci-omap 481d8000.mmc: supply pbias not found, using dummy regulator
[    2.544401] sdhci-omap 481d8000.mmc: supply vqmmc not found, using dummy regulator
[    2.661810] mmc1: SDHCI controller on 481d8000.mmc [481d8000.mmc] using External DMA
[    2.670155] mmc0: SDHCI controller on 48060000.mmc [48060000.mmc] using External DMA
[    2.679043] cpsw-switch 4a100000.switch: starting ndev. mode: dual_mac
[    2.720426] mmc0: new high speed SDHC card at address 5048
[    2.727505] mmcblk0: mmc0:5048 SD16G 14.4 GiB
[    2.735511]  mmcblk0: p1 p2
[    2.738962] mmcblk0: p2 size 31221760 extends beyond EOD, truncated
[    2.762568] SMSC LAN8710/LAN8720 4a101000.mdio:00: attached PHY driver (mii_bus:phy_addr=4a101000.mdio:00, irq=POLL)
[    2.784858] mmc1: new high speed MMC card at address 0001
[    2.791891] mmcblk1: mmc1:0001 MMC04G 3.60 GiB
[    2.799223]  mmcblk1: p1 p2
[    2.803666] mmcblk1boot0: mmc1:0001 MMC04G 2.00 MiB
[    2.812188] mmcblk1boot1: mmc1:0001 MMC04G 2.00 MiB
[    2.820764] mmcblk1rpmb: mmc1:0001 MMC04G 128 KiB, chardev (249:0)
[    5.922053] cpsw-switch 4a100000.switch eth0: Link is Up - 100Mbps/Full - flow control off
[    5.951300] IP-Config: Complete:
[    5.954575]      device=eth0, hwaddr=6c:ec:eb:68:de:78, ipaddr=192.168.255.1, mask=255.255.255.0, gw=255.255.255.255
[    5.965218]      host=bbb1, domain=, nis-domain=(none)
[    5.970389]      bootserver=192.168.255.126, rootserver=192.168.255.126, rootpath=
[    5.970796] clk: Disabling unused clocks
[    5.982651] PM: genpd: Disabling unused power domains
[    5.987770] KTAP version 1
[    5.990491] 1..0
[    6.015527] VFS: Mounted root (nfs filesystem) on device 0:17.
[    6.022581] devtmpfs: mounted
[    6.027064] Freeing unused kernel image (initmem) memory: 1024K
[    6.033913] Run /sbin/init as init process
[    6.728325] systemd[1]: System time before build time, advancing clock.
[    8.211299] random: crng init done
[    8.223898] systemd[1]: systemd 232 running in system mode. (+PAM +AUDIT +SELINUX +IMA +APPARMOR +SMACK +SYSVINIT +UTMP +LIBCRYPTSETUP +GCRYPT +GNUTLS +ACL +XZ +LZ4 +SECCOMP +BLKID +ELFUTILS +KMOD +IDN)
[    8.243092] systemd[1]: Detected architecture arm.

Welcome to [1mDebian GNU/Linux 9 (stretch)[0m!

[    8.274449] systemd[1]: Set hostname to <arm>.
[    9.367255] systemd[1]: Reached target Swap.
[[0;32m  OK  [0m] Reached target Swap.
[    9.391679] systemd[1]: Reached target Remote File Systems.
[[0;32m  OK  [0m] Reached target Remote File Systems.
[    9.423150] systemd[1]: systemd-journald.socket: SO_PASSSEC failed: Operation not supported
[    9.432044] systemd[1]: systemd-journald.socket: SO_PASSSEC failed: Operation not supported
[    9.440623] systemd[1]: Listening on Journal Socket.
[[0;32m  OK  [0m] Listening on Journal Socket.
[    9.462390] systemd[1]: Listening on Journal Audit Socket.
[[0;32m  OK  [0m] Listening on Journal Audit Socket.
[    9.491917] systemd[1]: Listening on udev Kernel Socket.
[[0;32m  OK  [0m] Listening on udev Kernel Socket.
[[0;32m  OK  [0m] Listening on Syslog Socket.
[[0;32m  OK  [0m] Started Dispatch Password Requests to Console Directory Watch.
[[0;32m  OK  [0m] Started Forward Password Requests to Wall Directory Watch.
[[0;32m  OK  [0m] Listening on /dev/initctl Compatibility Named Pipe.
[[0;32m  OK  [0m] Created slice System Slice.
         Starting Load Kernel Modules...
[[0;32m  OK  [0m] Created slice system-serial\x2dgetty.slice.
         Starting Remount Root and Kernel File Systems...
         Mounting POSIX Message Queue File System...
         Starting Create list of required stâ€¦ce nodes for the current kernel...
[[0;32m  OK  [0m] Created slice system-getty.slice.
         Mounting Debug File System...
[[0;32m  OK  [0m] Set up automount Arbitrary Executabâ€¦rmats File System Automount Point.
[[0;32m  OK  [0m] Created slice User and Session Slice.
[[0;32m  OK  [0m] Reached target Slices.
[[0;32m  OK  [0m] Listening on udev Control Socket.
[[0;32m  OK  [0m] Reached target Paths.
[[0;32m  OK  [0m] Listening on Journal Socket (/dev/log).
         Starting Journal Service...
[[0;32m  OK  [0m] Reached target Encrypted Volumes.
[[0;32m  OK  [0m] Mounted POSIX Message Queue File System.
[[0;32m  OK  [0m] Mounted Debug File System.
[[0;32m  OK  [0m] Started Load Kernel Modules.
[[0;32m  OK  [0m] Started Remount Root and Kernel File Systems.
[[0;32m  OK  [0m] Started Create list of required staâ€¦vice nodes for the current kernel.
         Starting Create Static Device Nodes in /dev...
         Starting udev Coldplug all Devices...
         Starting Load/Save Random Seed...
         Mounting Configuration File System...
         Starting Apply Kernel Variables...
[[0;32m  OK  [0m] Mounted Configuration File System.
[[0;32m  OK  [0m] Started Load/Save Random Seed.
[[0;32m  OK  [0m] Started Apply Kernel Variables.
[[0;32m  OK  [0m] Started Create Static Device Nodes in /dev.
         Starting udev Kernel Device Manager...
[[0;32m  OK  [0m] Reached target Local File Systems (Pre).
[[0;32m  OK  [0m] Reached target Local File Systems.
         Starting Raise network interfaces...
[[0;32m  OK  [0m] Started Journal Service.
         Starting Flush Journal to Persistent Storage...
[   11.729609] systemd-journald[95]: Received request to flush runtime journal from PID 1
[[0;32m  OK  [0m] Started Flush Journal to Persistent Storage.
         Starting Create Volatile Files and Directories...
[[0;32m  OK  [0m] Started udev Kernel Device Manager.
[[0;32m  OK  [0m] Started Create Volatile Files and Directories.
         Starting Network Time Synchronization...
         Starting Update UTMP about System Boot/Shutdown...
[[0;32m  OK  [0m] Started Update UTMP about System Boot/Shutdown.
[[0;32m  OK  [0m] Started udev Coldplug all Devices.
[[0;32m  OK  [0m] Started Network Time Synchronization.
[[0;32m  OK  [0m] Reached target System Initialization.
[[0;32m  OK  [0m] Listening on Avahi mDNS/DNS-SD Stack Activation Socket.
[[0;32m  OK  [0m] Started Daily Cleanup of Temporary Directories.
[[0;32m  OK  [0m] Listening on D-Bus System Message Bus Socket.
[[0;32m  OK  [0m] Reached target Sockets.
[[0;32m  OK  [0m] Reached target Basic System.
         Starting LSB: Load kernel modules needed to enable cpufreq scaling...
         Starting LSB: Start busybox udhcpd at boot time...[   15.018215] remoteproc remoteproc0: wkup_m3 is available

[[0;32m  OK  [0m] Started Regular background program processing daemon.
[   15.240410] omap_rtc 44e3e000.rtc: registered as rtc0
[   15.245778] omap_rtc 44e3e000.rtc: setting system clock to 2000-01-01T00:00:00 UTC (946684800)
[   15.333838] at24 2-0054: supply vcc not found, using dummy regulator
         Starting Generic Board Startup...
[   15.383633] omap_wdt: OMAP Watchdog Timer Rev 0x01: initial timeout 60 sec
[   15.474954] at24 2-0055: supply vcc not found, using dummy regulator
         Starting System Logging Service...
[   15.632037] am335x-phy-driver 47401300.usb-phy: dummy supplies not allowed for exclusive requests (id=vbus)
[   15.656709] at24 2-0056: supply vcc not found, using dummy regulator
         Starting Cape Manager Service...
[   15.791726] at24 2-0057: supply vcc not found, using dummy regulator
         Starting Login Service...
[   15.952501] at24 0-0050: 32768 byte 24c256 EEPROM, writable, 1 bytes/write
[   16.033143] input: tps65217_pwrbutton as /devices/platform/ocp/44c00000.interconnect/44c00000.interconnect:segment@200000/44e0b000.target-module/44e0b000.i2c/i2c-0/0-0024/tps65217-pwrbutton/input/input0
[   16.069001] am335x-phy-driver 47401b00.usb-phy: dummy supplies not allowed for exclusive requests (id=vbus)
         Starting DUN service...
         Starting Avahi mDNS/DNS-SD Stack...
[[0;32m  OK  [0m] Started D-Bus System Message Bus.
[   17.439842] usbcore: registered new interface driver usbfs
[   17.445734] usbcore: registered new interface driver hub
[   17.451178] usbcore: registered new device driver usb
[   17.911856] omap-mailbox 480c8000.mailbox: omap mailbox rev 0x400
[   18.021564] remoteproc remoteproc0: powering up wkup_m3
[   18.154627] remoteproc remoteproc0: Direct firmware load for am335x-pm-firmware.elf failed with error -2
[   18.164395] remoteproc remoteproc0: request_firmware failed: -2
[   18.170361] wkup_m3_ipc 44e11324.wkup_m3_ipc: rproc_boot failed
[   18.528522] musb-hdrc musb-hdrc.1: MUSB HDRC host driver
[   18.534176] musb-hdrc musb-hdrc.1: new USB bus registered, assigned bus number 1
[   18.549769] tda998x 0-0070: found TDA19988
[   18.821520] usb usb1: New USB device found, idVendor=1d6b, idProduct=0002, bcdDevice= 6.15
[   18.829887] usb usb1: New USB device strings: Mfr=3, Product=2, SerialNumber=1
[   18.837254] usb usb1: Product: MUSB HDRC host driver
[   18.842296] usb usb1: Manufacturer: Linux 6.15.0-next-20250603 musb-hcd
[   18.848947] usb usb1: SerialNumber: musb-hdrc.1
[   19.243508] hub 1-0:1.0: USB hub found
[   19.248163] hub 1-0:1.0: 1 port detected
[   20.809039] tilcdc 4830e000.lcdc: bound 0-0070 (ops 0xbf0ab0f8)
[   20.884962] omap_rng 48310000.rng: Random Number Generator ver. 20
[   20.910360] [drm] Initialized tilcdc 1.0.0 for 4830e000.lcdc on minor 0
[   20.967809] tilcdc 4830e000.lcdc: [drm] Cannot find any crtc or sizes
[   20.975963] tilcdc 4830e000.lcdc: [drm] Cannot find any crtc or sizes
[[0;32m  OK  [0m] Started DUN service.
[[0;32m  OK  [0m] Started Avahi mDNS/DNS-SD Stack.
         Starting Connection service...
         Starting Telephony service...
[[0;32m  OK  [0m] Reached target System Time Synchronized.
[[0;32m  OK  [0m] Started Daily apt download activities.
[[0;32m  OK  [0m] Started Daily apt upgrade and clean activities.
[[0;32m  OK  [0m] Reached target Timers.
[[0;32m  OK  [0m] Started System Logging Service.
[[0;32m  OK  [0m] Started Cape Manager Service.
[   22.434267] PM: Cannot get wkup_m3_ipc handle
[   22.529256] omap-sham 53100000.sham: hw accel on OMAP rev 4.3
[   22.657942] omap-sham 53100000.sham: will run requests pump with realtime priority
[   22.668218] PM: Cannot get wkup_m3_ipc handle
[[0;32m  OK  [0m] Found device /dev/ttyS0.
[   22.909328] omap-aes 53500000.aes: OMAP AES hw accel rev: 3.2
[   23.023255] omap-aes 53500000.aes: will run requests pump with realtime priority
[   23.039085] PM: Cannot get wkup_m3_ipc handle
[   24.719545] Bluetooth: Core ver 2.22
[   24.723574] NET: Registered PF_BLUETOOTH protocol family
[   24.728928] Bluetooth: HCI device and connection manager initialized
[   24.735467] Bluetooth: HCI socket layer initialized
[   24.740384] Bluetooth: L2CAP socket layer initialized
[   24.745566] Bluetooth: SCO socket layer initialized
[   26.570263] gpio-537 (nxp,calib): gpiod_direction_output_nonotify: tried to set a GPIO tied to an IRQ as output
[   26.608646] PM: Cannot get wkup_m3_ipc handle
[   26.755410] PM: Cannot get wkup_m3_ipc handle
[   26.853335] tda9950 0-0034: TDA9950 CEC interface, hardware version 3.3
[[0;32m  OK  [0m] Started LSB: Start busybox udhcpd at boot time.
[   26.946813] PM: Cannot get wkup_m3_ipc handle
[[0;32m  OK  [0m] Started Raise network interfaces.
[   28.916216] configfs-gadget.g_multi gadget.0: HOST MAC 1c:ba:8c:a2:ed:6c
[   28.923249] configfs-gadget.g_multi gadget.0: MAC 1c:ba:8c:a2:ed:70
[   28.930581] configfs-gadget.g_multi gadget.0: HOST MAC 1c:ba:8c:a2:ed:6c
[   28.937448] configfs-gadget.g_multi gadget.0: MAC 1c:ba:8c:a2:ed:6d
[   28.951981] PM: Cannot get wkup_m3_ipc handle
[[0;32m  OK  [0m] Started LSB: Load kernel modules needed to enable cpufreq scaling.
[[0;32m  OK  [0m] Started Telephony service.
[[0;32m  OK  [0m] Started Connection service.
[[0;32m  OK  [0m] Started Login Service.
[[0;32m  OK  [0m] Reached target Sound Card.
         Starting LSB: set CPUFreq kernel parameters...
[[0;32m  OK  [0m] Reached target Network.
         Starting Permit User Sessions...
         Starting The Apache HTTP Server...
         Starting OpenBSD Secure Shell server...
[[0;32m  OK  [0m] Reached target Network is Online.
         Starting LSB: Advanced IEEE 802.11 management daemon...
[[0;32m  OK  [0m] Started Permit User Sessions.
[[0;32m  OK  [0m] Started LSB: Advanced IEEE 802.11 management daemon.
         Starting Hostname Service...
         Starting WPA supplicant...
[[0;32m  OK  [0m] Started Getty on tty1.
[[0;32m  OK  [0m] Started Serial Getty on ttyS0.
[[0;32m  OK  [0m] Reached target Login Prompts.
[[0;32m  OK  [0m] Started LSB: set CPUFreq kernel parameters.
[[0;32m  OK  [0m] Started Hostname Service.
[[0;32m  OK  [0m] Started WPA supplicant.
         Stopping LSB: Start busybox udhcpd at boot time...
[[0;32m  OK  [0m] Started OpenBSD Secure Shell server.
[[0;32m  OK  [0m] Stopped LSB: Start busybox udhcpd at boot time.
         Starting dnsmasq - A lightweight DHCP and caching DNS server...
[[0;32m  OK  [0m] Started The Apache HTTP Server.
[[0;32m  OK  [0m] Started dnsmasq - A lightweight DHCP and caching DNS server.
[[0;32m  OK  [0m] Reached target Host and Network Name Lookups.
[[0;32m  OK  [0m] Started Serial Getty on ttyGS0.
[[0;32m  OK  [0m] Started Generic Board Startup.
[[0;32m  OK  [0m] Reached target Multi-User System.
[[0;32m  OK  [0m] Reached target Graphical Interface.
         Starting Update UTMP about System Runlevel Changes...
[[0;32m  OK  [0m] Started Update UTMP about System Runlevel Changes.

Debian GNU/Linux 9 arm ttyS0

default username:password is [debian:temppwd]

arm login: root
Password: 
Last login: Sat Jan  1 00:00:30 UTC 2000 on ttyS0
root
Linux arm 6.15.0-next-20250603 #1 SMP Tue Jun  3 13:00:32 EEST 2025 armv7l

The programs included with the Debian GNU/Linux system are free software;
the exact distribution terms for each program are described in the
individual files in /usr/share/doc/*/copyright.

Debian GNU/Linux comes with ABSOLUTELY NO WARRANTY, to the extent
permitted by applicable law.
root@arm:~# root
-bash: root: command not found
root@arm:~# dmesg -n 1
echo 'MLFQ''KWOASA'
root@arm:~# echo 'MLFQ''KWOASA'
MLFQKWOASA
root@arm:~# run() { echo -n "$MARKER"; sh -c "$@"; echo "$MARKER $?"; }
root@arm:~# echo 'LHCZ''STHUWO'
LHCZSTHUWO
root@arm:~# MARKER='FNTH''VPNMFW' run 'cat /proc/version'
FNTHVPNMFWLinux version 6.15.0-next-20250603 (user01@drvtest01) (arm-none-eabi-gcc (Arm GNU Toolchain 14.2.Rel1 (Build arm-14.52)) 14.2.1 20241119, GNU ld (Arm GNU Toolchain 14.2.Rel1 (Build arm-14.52)) 2.43.1.20241119) #1 SMP Tue Jun  3 13:00:32 EEST 2025
FNTHVPNMFW 0
root@arm:~# echo 'YGHY''MPJFML'
YGHYMPJFML
root@arm:~# MARKER='NJLU''JCTEZX' run false
NJLUJCTEZXNJLUJCTEZX 1
root@arm:~# Labgrid Console Logfile for main
Logfile started at 2025-06-03 13:05:57.593091
=== Log starts here ===

root@arm:~# run() { echo -n "$MARKER"; sh -c "$@"; echo "$MARKER $?"; }
root@arm:~# echo 'CWCV''OUYPLS'
CWCVOUYPLS
root@arm:~# MARKER='VSUU''TPVEBP' run 'ls /iio_generic_buffer; echo $?'
VSUUTPVEBP/iio_generic_buffer
0
VSUUTPVEBP 0
root@arm:~# Labgrid Console Logfile for main
Logfile started at 2025-06-03 13:06:01.070567
=== Log starts here ===

root@arm:~# run() { echo -n "$MARKER"; sh -c "$@"; echo "$MARKER $?"; }
root@arm:~# echo 'CQAW''HJVKUQ'
CQAWHJVKUQ
root@arm:~# MARKER='JEAM''KZXPVW' run dmesg
JEAMKZXPVW[    0.000000] Booting Linux on physical CPU 0x0
[    0.000000] Linux version 6.15.0-next-20250603 (user01@drvtest01) (arm-none-eabi-gcc (Arm GNU Toolchain 14.2.Rel1 (Build arm-14.52)) 14.2.1 20241119, GNU ld (Arm GNU Toolchain 14.2.Rel1 (Build arm-14.52)) 2.43.1.20241119) #1 SMP Tue Jun  3 13:00:32 EEST 2025
[    0.000000] CPU: ARMv7 Processor [413fc082] revision 2 (ARMv7), cr=10c5387d
[    0.000000] CPU: PIPT / VIPT nonaliasing data cache, VIPT aliasing instruction cache
[    0.000000] OF: fdt: Machine model: TI AM335x BeagleBone Black
[    0.000000] Memory policy: Data cache writeback
[    0.000000] cma: Reserved 16 MiB at 0x9e800000
[    0.000000] Zone ranges:
[    0.000000]   Normal   [mem 0x0000000080000000-0x000000009fdfffff]
[    0.000000]   HighMem  empty
[    0.000000] Movable zone start for each node
[    0.000000] Early memory node ranges
[    0.000000]   node   0: [mem 0x0000000080000000-0x000000009fdfffff]
[    0.000000] Initmem setup node 0 [mem 0x0000000080000000-0x000000009fdfffff]
[    0.000000] On node 0, zone Normal: 512 pages in unavailable ranges
[    0.000000] OF: reserved mem: Reserved memory: No reserved-memory node in the DT
[    0.000000] CPU: All CPU(s) started in SVC mode.
[    0.000000] AM335X ES2.1 (sgx neon)
[    0.000000] percpu: Embedded 17 pages/cpu s39820 r8192 d21620 u69632
[    0.000000] pcpu-alloc: s39820 r8192 d21620 u69632 alloc=17*4096
[    0.000000] pcpu-alloc: [0] 0 
[    0.000000] Kernel command line: console=ttyO0,115200n8 root=/dev/nfs rw nfsroot=192.168.255.126:/home/user01/nfs,nfsvers=3 ip=192.168.255.1:192.168.255.126::255.255.255.0:bbb1:eth0 nfsrootdebug
[    0.000000] Unknown kernel command line parameters "nfsrootdebug", will be passed to user space.
[    0.000000] printk: log buffer data + meta data: 65536 + 204800 = 270336 bytes
[    0.000000] Dentry cache hash table entries: 65536 (order: 6, 262144 bytes, linear)
[    0.000000] Inode-cache hash table entries: 32768 (order: 5, 131072 bytes, linear)
[    0.000000] Built 1 zonelists, mobility grouping on.  Total pages: 130560
[    0.000000] mem auto-init: stack:off, heap alloc:off, heap free:off
[    0.000000] SLUB: HWalign=16, Order=0-3, MinObjects=0, CPUs=1, Nodes=1
[    0.000000] rcu: Hierarchical RCU implementation.
[    0.000000] rcu: 	RCU event tracing is enabled.
[    0.000000] rcu: 	RCU restricting CPUs from NR_CPUS=2 to nr_cpu_ids=1.
[    0.000000] 	Tracing variant of Tasks RCU enabled.
[    0.000000] rcu: RCU calculated value of scheduler-enlistment delay is 10 jiffies.
[    0.000000] rcu: Adjusting geometry for rcu_fanout_leaf=16, nr_cpu_ids=1
[    0.000000] RCU Tasks Trace: Setting shift to 0 and lim to 1 rcu_task_cb_adjust=1 rcu_task_cpu_ids=1.
[    0.000000] NR_IRQS: 16, nr_irqs: 16, preallocated irqs: 16
[    0.000000] IRQ: Found an INTC at 0x(ptrval) (revision 5.0) with 128 interrupts
[    0.000000] rcu: srcu_init: Setting srcu_struct sizes based on contention.
[    0.000000] TI gptimer clocksource: always-on /ocp/interconnect@44c00000/segment@200000/target-module@31000
[    0.000003] sched_clock: 32 bits at 24MHz, resolution 41ns, wraps every 89478484971ns
[    0.000026] clocksource: dmtimer: mask: 0xffffffff max_cycles: 0xffffffff, max_idle_ns: 79635851949 ns
[    0.000514] TI gptimer clockevent: 24000000 Hz at /ocp/interconnect@48000000/segment@0/target-module@40000
[    0.002150] Console: colour dummy device 80x30
[    0.002217] WARNING: Your 'console=ttyO0' has been replaced by 'ttyS0'
[    0.002225] This ensures that you still see kernel messages. Please
[    0.002229] update your kernel commandline.
[    0.002271] Calibrating delay loop... 996.14 BogoMIPS (lpj=4980736)
[    0.090561] CPU: Testing write buffer coherency: ok
[    0.090674] CPU0: Spectre v2: using BPIALL workaround
[    0.090684] pid_max: default: 32768 minimum: 301
[    0.090838] LSM: initializing lsm=capability
[    0.091018] Mount-cache hash table entries: 1024 (order: 0, 4096 bytes, linear)
[    0.091037] Mountpoint-cache hash table entries: 1024 (order: 0, 4096 bytes, linear)
[    0.092657] CPU0: thread -1, cpu 0, socket -1, mpidr 0
[    0.092716] cacheinfo: Unable to detect cache hierarchy for CPU 0
[    0.094746] Setting up static identity map for 0x80100000 - 0x80100078
[    0.095088] rcu: Hierarchical SRCU implementation.
[    0.095100] rcu: 	Max phase no-delay instances is 1000.
[    0.096825] smp: Bringing up secondary CPUs ...
[    0.096878] smp: Brought up 1 node, 1 CPU
[    0.096890] SMP: Total of 1 processors activated (996.14 BogoMIPS).
[    0.096902] CPU: All CPU(s) started in SVC mode.
[    0.097093] Memory: 480820K/522240K available (11264K kernel code, 1221K rwdata, 2924K rodata, 1024K init, 287K bss, 23388K reserved, 16384K cma-reserved, 0K highmem)
[    0.097918] devtmpfs: initialized
[    0.115068] VFP support v0.3: implementor 41 architecture 3 part 30 variant c rev 3
[    0.115707] clocksource: jiffies: mask: 0xffffffff max_cycles: 0xffffffff, max_idle_ns: 19112604462750000 ns
[    0.115764] posixtimers hash table entries: 512 (order: 0, 4096 bytes, linear)
[    0.115790] futex hash table entries: 256 (16384 bytes on 1 NUMA nodes, total 16 KiB, linear).
[    0.116916] pinctrl core: initialized pinctrl subsystem
[    0.118970] NET: Registered PF_NETLINK/PF_ROUTE protocol family
[    0.122090] DMA: preallocated 256 KiB pool for atomic coherent allocations
[    0.123047] audit: initializing netlink subsys (disabled)
[    0.124412] thermal_sys: Registered thermal governor 'fair_share'
[    0.124426] thermal_sys: Registered thermal governor 'step_wise'
[    0.124435] thermal_sys: Registered thermal governor 'user_space'
[    0.124545] audit: type=2000 audit(0.120:1): state=initialized audit_enabled=0 res=1
[    0.124622] cpuidle: using governor menu
[    0.142489] /ocp/interconnect@44c00000/segment@200000/target-module@b000/i2c@0/tda19988@70: Fixed dependency cycle(s) with /ocp/interconnect@48000000/segment@300000/target-module@e000/lcdc@0
[    0.143628] /ocp/interconnect@48000000/segment@300000/target-module@e000/lcdc@0: Fixed dependency cycle(s) with /ocp/interconnect@44c00000/segment@200000/target-module@b000/i2c@0/tda19988@70
[    0.145840] No ATAGs?
[    0.145883] hw-breakpoint: debug architecture 0x4 unsupported.
[    0.148615] kprobes: kprobe jump-optimization is enabled. All kprobes are optimized if possible.
[    0.153946] iommu: Default domain type: Translated
[    0.153968] iommu: DMA domain TLB invalidation policy: strict mode
[    0.155538] reg-fixed-voltage fixedregulator0: using DT '/fixedregulator0' for '(default)' GPIO lookup
[    0.155595] of_get_named_gpiod_flags: can't parse 'gpios' property of node '/fixedregulator0[0]'
[    0.155622] of_get_named_gpiod_flags: can't parse 'gpio' property of node '/fixedregulator0[0]'
[    0.155640] reg-fixed-voltage fixedregulator0: using lookup tables for GPIO lookup
[    0.155650] reg-fixed-voltage fixedregulator0: No GPIO consumer (default) found
[    0.161374] SCSI subsystem initialized
[    0.161880] libata version 3.00 loaded.
[    0.162253] pps_core: LinuxPPS API ver. 1 registered
[    0.162262] pps_core: Software ver. 5.3.6 - Copyright 2005-2007 Rodolfo Giometti <giometti@linux.it>
[    0.162294] PTP clock support registered
[    0.170901] vgaarb: loaded
[    0.171279] clocksource: Switched to clocksource dmtimer
[    0.171941] VFS: Disk quotas dquot_6.6.0
[    0.171997] VFS: Dquot-cache hash table entries: 1024 (order 0, 4096 bytes)
[    0.195060] NET: Registered PF_INET protocol family
[    0.195404] IP idents hash table entries: 8192 (order: 4, 65536 bytes, linear)
[    0.196832] tcp_listen_portaddr_hash hash table entries: 512 (order: 0, 4096 bytes, linear)
[    0.196868] Table-perturb hash table entries: 65536 (order: 6, 262144 bytes, linear)
[    0.196888] TCP established hash table entries: 4096 (order: 2, 16384 bytes, linear)
[    0.196934] TCP bind hash table entries: 4096 (order: 4, 65536 bytes, linear)
[    0.197033] TCP: Hash tables configured (established 4096 bind 4096)
[    0.197150] UDP hash table entries: 256 (order: 1, 14336 bytes, linear)
[    0.197185] UDP-Lite hash table entries: 256 (order: 1, 14336 bytes, linear)
[    0.197376] NET: Registered PF_UNIX/PF_LOCAL protocol family
[    0.198648] RPC: Registered named UNIX socket transport module.
[    0.198669] RPC: Registered udp transport module.
[    0.198674] RPC: Registered tcp transport module.
[    0.198679] RPC: Registered tcp-with-tls transport module.
[    0.198684] RPC: Registered tcp NFSv4.1 backchannel transport module.
[    0.198708] PCI: CLS 0 bytes, default 64
[    0.200073] Initialise system trusted keyrings
[    0.211909] workingset: timestamp_bits=14 max_order=17 bucket_order=3
[    0.213266] NFS: Registering the id_resolver key type
[    0.213367] Key type id_resolver registered
[    0.213374] Key type id_legacy registered
[    0.213481] jffs2: version 2.2. (NAND) (SUMMARY)  Â© 2001-2006 Red Hat, Inc.
[    0.213940] Key type asymmetric registered
[    0.213957] Asymmetric key parser 'x509' registered
[    0.214029] io scheduler mq-deadline registered
[    0.214039] io scheduler kyber registered
[    0.214110] io scheduler bfq registered
[    0.215981] target-module@4b000000:target-module@140000:pmu@0:fck: device ID is greater than 24
[    0.222147] l3-aon-clkctrl:0000:0: failed to disable
[    0.222412] ledtrig-cpu: registered to indicate activity on CPUs
[    0.231970] Serial: 8250/16550 driver, 6 ports, IRQ sharing enabled
[    0.269344] brd: module loaded
[    0.287220] loop: module loaded
[    0.288162] mtdoops: mtd device (mtddev=name/number) must be supplied
[    0.301044] mdio_bus fixed-0: using lookup tables for GPIO lookup
[    0.301071] mdio_bus fixed-0: No GPIO consumer reset found
[    0.302595] i2c_dev: i2c /dev entries driver
[    0.303592] cpuidle: enable-method property 'ti,am3352' found operations
[    0.304042] sdhci: Secure Digital Host Controller Interface driver
[    0.304051] sdhci: Copyright(c) Pierre Ossman
[    0.304234] sdhci-pltfm: SDHCI platform and OF driver helper
[    0.305699] hw perfevents: enabled with armv7_cortex_a8 PMU driver, 5 (8000000f) counters available
[    0.306212] Initializing XFRM netlink socket
[    0.306395] NET: Registered PF_INET6 protocol family
[    0.312049] l3-aon-clkctrl:0000:0: failed to disable
[    0.326636] Segment Routing with IPv6
[    0.326722] In-situ OAM (IOAM) with IPv6
[    0.326821] sit: IPv6, IPv4 and MPLS over IPv4 tunneling driver
[    0.327775] NET: Registered PF_PACKET protocol family
[    0.327804] NET: Registered PF_KEY protocol family
[    0.327918] Key type dns_resolver registered
[    0.328140] ThumbEE CPU extension supported.
[    0.328159] Registering SWP/SWPB emulation handler
[    0.328698] omap_voltage_late_init: Voltage driver support not added
[    0.329374] SmartReflex Class3 initialized
[    0.361361] Loading compiled-in X.509 certificates
[    0.408789] /ocp/interconnect@44c00000/segment@200000/target-module@b000/i2c@0/tda19988@70: Fixed dependency cycle(s) with /ocp/interconnect@48000000/segment@300000/target-module@e000/lcdc@0
[    0.415410] /ocp/interconnect@44c00000/segment@200000/target-module@b000/i2c@0/tda19988@70: Fixed dependency cycle(s) with /ocp/interconnect@48000000/segment@300000/target-module@e000/lcdc@0
[    0.420882] gpiochip_find_base_unlocked: found new base at 512
[    0.437994] /ocp/interconnect@44c00000/segment@200000/target-module@b000/i2c@0/tda19988@70: Fixed dependency cycle(s) with /ocp/interconnect@48000000/segment@300000/target-module@e000/lcdc@0
[    0.438877] /ocp/interconnect@44c00000/segment@200000/target-module@b000/i2c@0/tda19988@70: Fixed dependency cycle(s) with /ocp/interconnect@48000000/segment@300000/target-module@e000/lcdc@0
[    0.442670] /ocp/interconnect@44c00000/segment@200000/target-module@10000/scm@0/pinmux@800: Fixed dependency cycle(s) with /ocp/interconnect@44c00000/segment@200000/target-module@10000/scm@0/pinmux@800/clkout2-pins
[    0.443282] pinctrl-single 44e10800.pinmux: 142 pins, size 568
[    0.448545] ti-sysc 44e31000.target-module: probe with driver ti-sysc failed with error -16
[    0.473343] /ocp/interconnect@48000000/segment@300000/target-module@e000/lcdc@0: Fixed dependency cycle(s) with /ocp/interconnect@44c00000/segment@200000/target-module@b000/i2c@0/tda19988@70
[    0.481594] ti-sysc 48040000.target-module: probe with driver ti-sysc failed with error -16
[    0.493163] gpiochip_find_base_unlocked: found new base at 512
[    0.493262] gpio gpiochip0: (gpio-0-31): created GPIO range 0->7 ==> 44e10800.pinmux PIN 0->7
[    0.493283] gpio gpiochip0: (gpio-0-31): created GPIO range 8->11 ==> 44e10800.pinmux PIN 90->93
[    0.493298] gpio gpiochip0: (gpio-0-31): created GPIO range 12->27 ==> 44e10800.pinmux PIN 12->27
[    0.493313] gpio gpiochip0: (gpio-0-31): created GPIO range 28->31 ==> 44e10800.pinmux PIN 30->33
[    0.528132] gpio gpiochip0: (gpio-0-31): added GPIO chardev (254:0)
[    0.528283] gpio gpiochip0: registered GPIOs 512 to 543 on gpio-0-31
[    0.528369] OMAP GPIO hardware version 0.1
[    0.553694] i2c i2c-2: using DT '/ocp/interconnect@48000000/segment@100000/target-module@9c000/i2c@0' for 'scl' GPIO lookup
[    0.553766] of_get_named_gpiod_flags: can't parse 'scl-gpios' property of node '/ocp/interconnect@48000000/segment@100000/target-module@9c000/i2c@0[0]'
[    0.553807] of_get_named_gpiod_flags: can't parse 'scl-gpio' property of node '/ocp/interconnect@48000000/segment@100000/target-module@9c000/i2c@0[0]'
[    0.553842] i2c i2c-2: using lookup tables for GPIO lookup
[    0.553852] i2c i2c-2: No GPIO consumer scl found
[    0.553874] i2c i2c-2: using DT '/ocp/interconnect@48000000/segment@100000/target-module@9c000/i2c@0' for 'sda' GPIO lookup
[    0.553909] of_get_named_gpiod_flags: can't parse 'sda-gpios' property of node '/ocp/interconnect@48000000/segment@100000/target-module@9c000/i2c@0[0]'
[    0.553944] of_get_named_gpiod_flags: can't parse 'sda-gpio' property of node '/ocp/interconnect@48000000/segment@100000/target-module@9c000/i2c@0[0]'
[    0.553975] i2c i2c-2: using lookup tables for GPIO lookup
[    0.553982] i2c i2c-2: No GPIO consumer sda found
[    0.554701] omap_i2c 4819c000.i2c: bus 2 rev0.11 at 100 kHz
[    0.560304] gpiochip_find_base_unlocked: found new base at 544
[    0.560406] gpio gpiochip1: (gpio-32-63): created GPIO range 0->17 ==> 44e10800.pinmux PIN 34->51
[    0.560427] gpio gpiochip1: (gpio-32-63): created GPIO range 18->21 ==> 44e10800.pinmux PIN 77->80
[    0.560444] gpio gpiochip1: (gpio-32-63): created GPIO range 22->31 ==> 44e10800.pinmux PIN 56->65
[    0.575353] gpio gpiochip1: (gpio-32-63): added GPIO chardev (254:1)
[    0.575504] gpio gpiochip1: registered GPIOs 544 to 575 on gpio-32-63
[    0.577815] gpiochip_find_base_unlocked: found new base at 576
[    0.577914] gpio gpiochip2: (gpio-64-95): created GPIO range 0->4 ==> 44e10800.pinmux PIN 66->70
[    0.577935] gpio gpiochip2: (gpio-64-95): created GPIO range 5->6 ==> 44e10800.pinmux PIN 98->99
[    0.577952] gpio gpiochip2: (gpio-64-95): created GPIO range 7->8 ==> 44e10800.pinmux PIN 75->76
[    0.577968] gpio gpiochip2: (gpio-64-95): created GPIO range 13->13 ==> 44e10800.pinmux PIN 141->141
[    0.577984] gpio gpiochip2: (gpio-64-95): created GPIO range 14->21 ==> 44e10800.pinmux PIN 100->107
[    0.578843] gpio gpiochip2: (gpio-64-95): added GPIO chardev (254:2)
[    0.578976] gpio gpiochip2: registered GPIOs 576 to 607 on gpio-64-95
[    0.584958] 48000000.interconnect:segment@200000:target-module@0:mpu@0:fck: device ID is greater than 24
[    0.585853] /ocp/interconnect@48000000/segment@300000/target-module@e000/lcdc@0: Fixed dependency cycle(s) with /ocp/interconnect@44c00000/segment@200000/target-module@b000/i2c@0/tda19988@70
[    0.588715] /ocp/interconnect@48000000/segment@300000/target-module@e000/lcdc@0: Fixed dependency cycle(s) with /ocp/interconnect@44c00000/segment@200000/target-module@b000/i2c@0/tda19988@70
[    0.589422] /ocp/interconnect@44c00000/segment@200000/target-module@b000/i2c@0/tda19988@70: Fixed dependency cycle(s) with /ocp/interconnect@48000000/segment@300000/target-module@e000/lcdc@0
[    0.589582] /ocp/interconnect@48000000/segment@300000/target-module@e000/lcdc@0: Fixed dependency cycle(s) with /ocp/interconnect@44c00000/segment@200000/target-module@b000/i2c@0/tda19988@70
[    0.599429] mdio_bus 4a101000.mdio: using DT '/ocp/interconnect@4a000000/segment@0/target-module@100000/switch@0/mdio@1000' for 'reset' GPIO lookup
[    0.599502] of_get_named_gpiod_flags: can't parse 'reset-gpios' property of node '/ocp/interconnect@4a000000/segment@0/target-module@100000/switch@0/mdio@1000[0]'
[    0.599548] of_get_named_gpiod_flags: can't parse 'reset-gpio' property of node '/ocp/interconnect@4a000000/segment@0/target-module@100000/switch@0/mdio@1000[0]'
[    0.599594] mdio_bus 4a101000.mdio: using lookup tables for GPIO lookup
[    0.599604] mdio_bus 4a101000.mdio: No GPIO consumer reset found
[    0.600636] sdhci-omap 481d8000.mmc: using DT '/ocp/interconnect@48000000/segment@100000/target-module@d8000/mmc@0' for 'wp' GPIO lookup
[    0.600698] of_get_named_gpiod_flags: can't parse 'wp-gpios' property of node '/ocp/interconnect@48000000/segment@100000/target-module@d8000/mmc@0[0]'
[    0.600742] of_get_named_gpiod_flags: can't parse 'wp-gpio' property of node '/ocp/interconnect@48000000/segment@100000/target-module@d8000/mmc@0[0]'
[    0.600775] sdhci-omap 481d8000.mmc: using lookup tables for GPIO lookup
[    0.600784] sdhci-omap 481d8000.mmc: No GPIO consumer wp found
[    0.600977] sdhci-omap 481d8000.mmc: supply pbias not found, using dummy regulator
[    0.601929] sdhci-omap 481d8000.mmc: supply vqmmc not found, using dummy regulator
[    0.653036] davinci_mdio 4a101000.mdio: davinci mdio revision 1.6, bus freq 1000000
[    0.655002] mdio_bus 4a101000.mdio:00: using DT '/ocp/interconnect@4a000000/segment@0/target-module@100000/switch@0/mdio@1000/ethernet-phy@0' for 'reset' GPIO lookup
[    0.655105] of_get_named_gpiod_flags: parsed 'reset-gpios' property of node '/ocp/interconnect@4a000000/segment@0/target-module@100000/switch@0/mdio@1000/ethernet-phy@0[0]' - status (0)
[    0.655260] gpio gpiochip0: Persistence not supported for GPIO 8
[    0.765801] davinci_mdio 4a101000.mdio: phy[0]: device 4a101000.mdio:00, driver SMSC LAN8710/LAN8720
[    0.766562] cpsw-switch 4a100000.switch: initialized cpsw ale version 1.4
[    0.766583] cpsw-switch 4a100000.switch: ALE Table size 1024, Policers 0
[    0.766738] cpsw-switch 4a100000.switch: cpts: overflow check period 500 (jiffies)
[    0.766754] cpsw-switch 4a100000.switch: CPTS: ref_clk_freq:250000000 calc_mult:2147483648 calc_shift:29 error:0 nsec/sec
[    0.766869] cpsw-switch 4a100000.switch: Detected MACID = 6c:ec:eb:68:de:78
[    0.768709] cpsw-switch 4a100000.switch: initialized (regs 0x4a100000, pool size 256) hw_ver:0019010C 1.12 (0)
[    0.779730] debugfs: Directory '49000000.dma' with parent 'dmaengine' already present!
[    0.779774] edma 49000000.dma: TI EDMA DMA engine driver
[    0.813158] gpio-clk clk_mcasp0: using DT '/clk_mcasp0' for 'enable' GPIO lookup
[    0.813237] of_get_named_gpiod_flags: parsed 'enable-gpios' property of node '/clk_mcasp0[0]' - status (0)
[    0.813281] gpio gpiochip0: Persistence not supported for GPIO 27
[    0.814165] gpiochip_find_base_unlocked: found new base at 608
[    0.814276] gpio gpiochip3: (gpio-96-127): created GPIO range 0->7 ==> 44e10800.pinmux PIN 82->89
[    0.814296] gpio gpiochip3: (gpio-96-127): created GPIO range 8->11 ==> 44e10800.pinmux PIN 52->55
[    0.814312] gpio gpiochip3: (gpio-96-127): created GPIO range 12->15 ==> 44e10800.pinmux PIN 94->97
[    0.814327] gpio gpiochip3: (gpio-96-127): created GPIO range 16->17 ==> 44e10800.pinmux PIN 71->72
[    0.814342] gpio gpiochip3: (gpio-96-127): created GPIO range 18->18 ==> 44e10800.pinmux PIN 135->135
[    0.814358] gpio gpiochip3: (gpio-96-127): created GPIO range 19->20 ==> 44e10800.pinmux PIN 108->109
[    0.814374] gpio gpiochip3: (gpio-96-127): created GPIO range 21->21 ==> 44e10800.pinmux PIN 73->73
[    0.814391] gpio gpiochip3: (gpio-96-127): created GPIO range 22->23 ==> 44e10800.pinmux PIN 8->9
[    0.814408] gpio gpiochip3: (gpio-96-127): created GPIO range 26->27 ==> 44e10800.pinmux PIN 10->11
[    0.814425] gpio gpiochip3: (gpio-96-127): created GPIO range 28->28 ==> 44e10800.pinmux PIN 74->74
[    0.814442] gpio gpiochip3: (gpio-96-127): created GPIO range 29->29 ==> 44e10800.pinmux PIN 81->81
[    0.814461] gpio gpiochip3: (gpio-96-127): created GPIO range 30->31 ==> 44e10800.pinmux PIN 28->29
[    0.837108] gpio gpiochip3: (gpio-96-127): added GPIO chardev (254:3)
[    0.837283] gpio gpiochip3: registered GPIOs 608 to 639 on gpio-96-127
[    0.839190] omap8250 44e09000.serial: using DT '/ocp/interconnect@44c00000/segment@200000/target-module@9000/serial@0' for 'rs485-term' GPIO lookup
[    0.839261] of_get_named_gpiod_flags: can't parse 'rs485-term-gpios' property of node '/ocp/interconnect@44c00000/segment@200000/target-module@9000/serial@0[0]'
[    0.839304] of_get_named_gpiod_flags: can't parse 'rs485-term-gpio' property of node '/ocp/interconnect@44c00000/segment@200000/target-module@9000/serial@0[0]'
[    0.839340] omap8250 44e09000.serial: using lookup tables for GPIO lookup
[    0.839349] omap8250 44e09000.serial: No GPIO consumer rs485-term found
[    0.839359] omap8250 44e09000.serial: using DT '/ocp/interconnect@44c00000/segment@200000/target-module@9000/serial@0' for 'rs485-rx-during-tx' GPIO lookup
[    0.839394] of_get_named_gpiod_flags: can't parse 'rs485-rx-during-tx-gpios' property of node '/ocp/interconnect@44c00000/segment@200000/target-module@9000/serial@0[0]'
[    0.839430] of_get_named_gpiod_flags: can't parse 'rs485-rx-during-tx-gpio' property of node '/ocp/interconnect@44c00000/segment@200000/target-module@9000/serial@0[0]'
[    0.839461] omap8250 44e09000.serial: using lookup tables for GPIO lookup
[    0.839469] omap8250 44e09000.serial: No GPIO consumer rs485-rx-during-tx found
[    0.839879] 44e09000.serial: ttyS0 at MMIO 0x44e09000 (irq = 34, base_baud = 3000000) is a 8250
[    0.839974] printk: legacy console [ttyS0] enabled
[    2.385301] i2c i2c-0: using DT '/ocp/interconnect@44c00000/segment@200000/target-module@b000/i2c@0' for 'scl' GPIO lookup
[    2.385389] of_get_named_gpiod_flags: can't parse 'scl-gpios' property of node '/ocp/interconnect@44c00000/segment@200000/target-module@b000/i2c@0[0]'
[    2.385437] of_get_named_gpiod_flags: can't parse 'scl-gpio' property of node '/ocp/interconnect@44c00000/segment@200000/target-module@b000/i2c@0[0]'
[    2.385477] i2c i2c-0: using lookup tables for GPIO lookup
[    2.385491] i2c i2c-0: No GPIO consumer scl found
[    2.385515] i2c i2c-0: using DT '/ocp/interconnect@44c00000/segment@200000/target-module@b000/i2c@0' for 'sda' GPIO lookup
[    2.385555] of_get_named_gpiod_flags: can't parse 'sda-gpios' property of node '/ocp/interconnect@44c00000/segment@200000/target-module@b000/i2c@0[0]'
[    2.385595] of_get_named_gpiod_flags: can't parse 'sda-gpio' property of node '/ocp/interconnect@44c00000/segment@200000/target-module@b000/i2c@0[0]'
[    2.385630] i2c i2c-0: using lookup tables for GPIO lookup
[    2.385641] i2c i2c-0: No GPIO consumer sda found
[    2.402235] tps65217-pmic: Failed to locate of_node [id: -1]
[    2.408311] tps65217-bl: Failed to locate of_node [id: -1]
[    2.414395] platform tps65217-charger: DMA mask not set
[    2.420442] platform tps65217-pwrbutton: DMA mask not set
[    2.427816] tps65217 0-0024: TPS65217 ID 0xe version 1.2
[    2.433935] /ocp/interconnect@48000000/segment@300000/target-module@e000/lcdc@0: Fixed dependency cycle(s) with /ocp/interconnect@44c00000/segment@200000/target-module@b000/i2c@0/tda19988@70
[    2.451338] /ocp/interconnect@44c00000/segment@200000/target-module@b000/i2c@0/tda19988@70: Fixed dependency cycle(s) with /ocp/interconnect@48000000/segment@300000/target-module@e000/lcdc@0
[    2.468674] omap_i2c 44e0b000.i2c: bus 0 rev0.11 at 400 kHz
[    2.476317] sdhci-omap 48060000.mmc: using DT '/ocp/interconnect@48000000/segment@0/target-module@60000/mmc@0' for 'cd' GPIO lookup
[    2.476423] of_get_named_gpiod_flags: parsed 'cd-gpios' property of node '/ocp/interconnect@48000000/segment@0/target-module@60000/mmc@0[0]' - status (0)
[    2.476491] gpio gpiochip3: Persistence not supported for GPIO 6
[    2.476517] omap_gpio 44e07000.gpio: Could not set line 6 debounce to 200000 microseconds (-22)
[    2.485452] sdhci-omap 48060000.mmc: Got CD GPIO
[    2.490106] sdhci-omap 48060000.mmc: using DT '/ocp/interconnect@48000000/segment@0/target-module@60000/mmc@0' for 'wp' GPIO lookup
[    2.490164] of_get_named_gpiod_flags: can't parse 'wp-gpios' property of node '/ocp/interconnect@48000000/segment@0/target-module@60000/mmc@0[0]'
[    2.490208] of_get_named_gpiod_flags: can't parse 'wp-gpio' property of node '/ocp/interconnect@48000000/segment@0/target-module@60000/mmc@0[0]'
[    2.490247] sdhci-omap 48060000.mmc: using lookup tables for GPIO lookup
[    2.490261] sdhci-omap 48060000.mmc: No GPIO consumer wp found
[    2.490472] sdhci-omap 48060000.mmc: supply pbias not found, using dummy regulator
[    2.499313] sdhci-omap 481d8000.mmc: using DT '/ocp/interconnect@48000000/segment@100000/target-module@d8000/mmc@0' for 'wp' GPIO lookup
[    2.499386] of_get_named_gpiod_flags: can't parse 'wp-gpios' property of node '/ocp/interconnect@48000000/segment@100000/target-module@d8000/mmc@0[0]'
[    2.499432] of_get_named_gpiod_flags: can't parse 'wp-gpio' property of node '/ocp/interconnect@48000000/segment@100000/target-module@d8000/mmc@0[0]'
[    2.499470] sdhci-omap 481d8000.mmc: using lookup tables for GPIO lookup
[    2.499483] sdhci-omap 481d8000.mmc: No GPIO consumer wp found
[    2.500462] sdhci-omap 48060000.mmc: supply vqmmc not found, using dummy regulator
[    2.509568] sdhci-omap 481d8000.mmc: supply pbias not found, using dummy regulator
[    2.544401] sdhci-omap 481d8000.mmc: supply vqmmc not found, using dummy regulator
[    2.661810] mmc1: SDHCI controller on 481d8000.mmc [481d8000.mmc] using External DMA
[    2.670155] mmc0: SDHCI controller on 48060000.mmc [48060000.mmc] using External DMA
[    2.679043] cpsw-switch 4a100000.switch: starting ndev. mode: dual_mac
[    2.720426] mmc0: new high speed SDHC card at address 5048
[    2.727505] mmcblk0: mmc0:5048 SD16G 14.4 GiB
[    2.735511]  mmcblk0: p1 p2
[    2.738962] mmcblk0: p2 size 31221760 extends beyond EOD, truncated
[    2.762568] SMSC LAN8710/LAN8720 4a101000.mdio:00: attached PHY driver (mii_bus:phy_addr=4a101000.mdio:00, irq=POLL)
[    2.784858] mmc1: new high speed MMC card at address 0001
[    2.791891] mmcblk1: mmc1:0001 MMC04G 3.60 GiB
[    2.799223]  mmcblk1: p1 p2
[    2.803666] mmcblk1boot0: mmc1:0001 MMC04G 2.00 MiB
[    2.812188] mmcblk1boot1: mmc1:0001 MMC04G 2.00 MiB
[    2.820764] mmcblk1rpmb: mmc1:0001 MMC04G 128 KiB, chardev (249:0)
[    5.922053] cpsw-switch 4a100000.switch eth0: Link is Up - 100Mbps/Full - flow control off
[    5.951300] IP-Config: Complete:
[    5.954575]      device=eth0, hwaddr=6c:ec:eb:68:de:78, ipaddr=192.168.255.1, mask=255.255.255.0, gw=255.255.255.255
[    5.965218]      host=bbb1, domain=, nis-domain=(none)
[    5.970389]      bootserver=192.168.255.126, rootserver=192.168.255.126, rootpath=
[    5.970796] clk: Disabling unused clocks
[    5.982651] PM: genpd: Disabling unused power domains
[    5.987770] KTAP version 1
[    5.990491] 1..0
[    6.015527] VFS: Mounted root (nfs filesystem) on device 0:17.
[    6.022581] devtmpfs: mounted
[    6.027064] Freeing unused kernel image (initmem) memory: 1024K
[    6.033913] Run /sbin/init as init process
[    6.038047]   with arguments:
[    6.038059]     /sbin/init
[    6.038068]     nfsrootdebug
[    6.038077]   with environment:
[    6.038086]     HOME=/
[    6.038094]     TERM=linux
[    6.728325] systemd[1]: System time before build time, advancing clock.
[    8.211299] random: crng init done
[    8.223898] systemd[1]: systemd 232 running in system mode. (+PAM +AUDIT +SELINUX +IMA +APPARMOR +SMACK +SYSVINIT +UTMP +LIBCRYPTSETUP +GCRYPT +GNUTLS +ACL +XZ +LZ4 +SECCOMP +BLKID +ELFUTILS +KMOD +IDN)
[    8.243092] systemd[1]: Detected architecture arm.
[    8.274449] systemd[1]: Set hostname to <arm>.
[    9.367255] systemd[1]: Reached target Swap.
[    9.391679] systemd[1]: Reached target Remote File Systems.
[    9.423150] systemd[1]: systemd-journald.socket: SO_PASSSEC failed: Operation not supported
[    9.432044] systemd[1]: systemd-journald.socket: SO_PASSSEC failed: Operation not supported
[    9.440623] systemd[1]: Listening on Journal Socket.
[    9.462390] systemd[1]: Listening on Journal Audit Socket.
[    9.491917] systemd[1]: Listening on udev Kernel Socket.
[   11.729609] systemd-journald[95]: Received request to flush runtime journal from PID 1
[   14.407246] leds-gpio leds: using DT '/leds/led2' for '(default)' GPIO lookup
[   14.407353] of_get_named_gpiod_flags: parsed 'gpios' property of node '/leds/led2[0]' - status (0)
[   14.407408] gpio gpiochip0: Persistence not supported for GPIO 21
[   14.407423] gpio-533 (?): no flags found for GPIO (default)
[   14.442241] leds-gpio leds: using DT '/leds/led3' for '(default)' GPIO lookup
[   14.442497] of_get_named_gpiod_flags: parsed 'gpios' property of node '/leds/led3[0]' - status (0)
[   14.442566] gpio gpiochip0: Persistence not supported for GPIO 22
[   14.442582] gpio-534 (?): no flags found for GPIO (default)
[   14.483039] leds-gpio leds: using DT '/leds/led4' for '(default)' GPIO lookup
[   14.483329] of_get_named_gpiod_flags: parsed 'gpios' property of node '/leds/led4[0]' - status (0)
[   14.483388] gpio gpiochip0: Persistence not supported for GPIO 23
[   14.483403] gpio-535 (?): no flags found for GPIO (default)
[   14.531204] leds-gpio leds: using DT '/leds/led5' for '(default)' GPIO lookup
[   14.531527] of_get_named_gpiod_flags: parsed 'gpios' property of node '/leds/led5[0]' - status (0)
[   14.531587] gpio gpiochip0: Persistence not supported for GPIO 24
[   14.531601] gpio-536 (?): no flags found for GPIO (default)
[   15.018215] remoteproc remoteproc0: wkup_m3 is available
[   15.240410] omap_rtc 44e3e000.rtc: registered as rtc0
[   15.245778] omap_rtc 44e3e000.rtc: setting system clock to 2000-01-01T00:00:00 UTC (946684800)
[   15.254540] omap_rtc 44e3e000.rtc: using DT '/ocp/interconnect@44c00000/segment@200000/target-module@3e000/rtc@0' for 'wp' GPIO lookup
[   15.254612] of_get_named_gpiod_flags: can't parse 'wp-gpios' property of node '/ocp/interconnect@44c00000/segment@200000/target-module@3e000/rtc@0[0]'
[   15.254661] of_get_named_gpiod_flags: can't parse 'wp-gpio' property of node '/ocp/interconnect@44c00000/segment@200000/target-module@3e000/rtc@0[0]'
[   15.254701] omap_rtc 44e3e000.rtc: using lookup tables for GPIO lookup
[   15.254716] omap_rtc 44e3e000.rtc: No GPIO consumer wp found
[   15.333838] at24 2-0054: supply vcc not found, using dummy regulator
[   15.383633] omap_wdt: OMAP Watchdog Timer Rev 0x01: initial timeout 60 sec
[   15.474954] at24 2-0055: supply vcc not found, using dummy regulator
[   15.631582] am335x-phy-driver 47401300.usb-phy: using DT '/ocp/target-module@47400000/usb-phy@1300' for 'reset' GPIO lookup
[   15.631677] of_get_named_gpiod_flags: can't parse 'reset-gpios' property of node '/ocp/target-module@47400000/usb-phy@1300[0]'
[   15.631723] of_get_named_gpiod_flags: can't parse 'reset-gpio' property of node '/ocp/target-module@47400000/usb-phy@1300[0]'
[   15.631759] am335x-phy-driver 47401300.usb-phy: using lookup tables for GPIO lookup
[   15.631773] am335x-phy-driver 47401300.usb-phy: No GPIO consumer reset found
[   15.631787] am335x-phy-driver 47401300.usb-phy: using DT '/ocp/target-module@47400000/usb-phy@1300' for 'vbus-detect' GPIO lookup
[   15.631818] of_get_named_gpiod_flags: can't parse 'vbus-detect-gpios' property of node '/ocp/target-module@47400000/usb-phy@1300[0]'
[   15.631849] of_get_named_gpiod_flags: can't parse 'vbus-detect-gpio' property of node '/ocp/target-module@47400000/usb-phy@1300[0]'
[   15.631875] am335x-phy-driver 47401300.usb-phy: using lookup tables for GPIO lookup
[   15.631887] am335x-phy-driver 47401300.usb-phy: No GPIO consumer vbus-detect found
[   15.632037] am335x-phy-driver 47401300.usb-phy: dummy supplies not allowed for exclusive requests (id=vbus)
[   15.656709] at24 2-0056: supply vcc not found, using dummy regulator
[   15.791726] at24 2-0057: supply vcc not found, using dummy regulator
[   15.951893] at24 0-0050: using DT '/ocp/interconnect@44c00000/segment@200000/target-module@b000/i2c@0/eeprom@50' for 'wp' GPIO lookup
[   15.952011] of_get_named_gpiod_flags: can't parse 'wp-gpios' property of node '/ocp/interconnect@44c00000/segment@200000/target-module@b000/i2c@0/eeprom@50[0]'
[   15.952070] of_get_named_gpiod_flags: can't parse 'wp-gpio' property of node '/ocp/interconnect@44c00000/segment@200000/target-module@b000/i2c@0/eeprom@50[0]'
[   15.952117] at24 0-0050: using lookup tables for GPIO lookup
[   15.952131] at24 0-0050: No GPIO consumer wp found
[   15.952501] at24 0-0050: 32768 byte 24c256 EEPROM, writable, 1 bytes/write
[   16.033143] input: tps65217_pwrbutton as /devices/platform/ocp/44c00000.interconnect/44c00000.interconnect:segment@200000/44e0b000.target-module/44e0b000.i2c/i2c-0/0-0024/tps65217-pwrbutton/input/input0
[   16.068548] am335x-phy-driver 47401b00.usb-phy: using DT '/ocp/target-module@47400000/usb-phy@1b00' for 'reset' GPIO lookup
[   16.068643] of_get_named_gpiod_flags: can't parse 'reset-gpios' property of node '/ocp/target-module@47400000/usb-phy@1b00[0]'
[   16.068686] of_get_named_gpiod_flags: can't parse 'reset-gpio' property of node '/ocp/target-module@47400000/usb-phy@1b00[0]'
[   16.068723] am335x-phy-driver 47401b00.usb-phy: using lookup tables for GPIO lookup
[   16.068737] am335x-phy-driver 47401b00.usb-phy: No GPIO consumer reset found
[   16.068752] am335x-phy-driver 47401b00.usb-phy: using DT '/ocp/target-module@47400000/usb-phy@1b00' for 'vbus-detect' GPIO lookup
[   16.068784] of_get_named_gpiod_flags: can't parse 'vbus-detect-gpios' property of node '/ocp/target-module@47400000/usb-phy@1b00[0]'
[   16.068815] of_get_named_gpiod_flags: can't parse 'vbus-detect-gpio' property of node '/ocp/target-module@47400000/usb-phy@1b00[0]'
[   16.068842] am335x-phy-driver 47401b00.usb-phy: using lookup tables for GPIO lookup
[   16.068853] am335x-phy-driver 47401b00.usb-phy: No GPIO consumer vbus-detect found
[   16.069001] am335x-phy-driver 47401b00.usb-phy: dummy supplies not allowed for exclusive requests (id=vbus)
[   17.439842] usbcore: registered new interface driver usbfs
[   17.445734] usbcore: registered new interface driver hub
[   17.451178] usbcore: registered new device driver usb
[   17.911856] omap-mailbox 480c8000.mailbox: omap mailbox rev 0x400
[   18.021564] remoteproc remoteproc0: powering up wkup_m3
[   18.154627] remoteproc remoteproc0: Direct firmware load for am335x-pm-firmware.elf failed with error -2
[   18.164395] remoteproc remoteproc0: request_firmware failed: -2
[   18.170361] wkup_m3_ipc 44e11324.wkup_m3_ipc: rproc_boot failed
[   18.528522] musb-hdrc musb-hdrc.1: MUSB HDRC host driver
[   18.534176] musb-hdrc musb-hdrc.1: new USB bus registered, assigned bus number 1
[   18.549769] tda998x 0-0070: found TDA19988
[   18.821520] usb usb1: New USB device found, idVendor=1d6b, idProduct=0002, bcdDevice= 6.15
[   18.829887] usb usb1: New USB device strings: Mfr=3, Product=2, SerialNumber=1
[   18.837254] usb usb1: Product: MUSB HDRC host driver
[   18.842296] usb usb1: Manufacturer: Linux 6.15.0-next-20250603 musb-hcd
[   18.848947] usb usb1: SerialNumber: musb-hdrc.1
[   19.243508] hub 1-0:1.0: USB hub found
[   19.248163] hub 1-0:1.0: 1 port detected
[   20.809039] tilcdc 4830e000.lcdc: bound 0-0070 (ops 0xbf0ab0f8)
[   20.884962] omap_rng 48310000.rng: Random Number Generator ver. 20
[   20.910360] [drm] Initialized tilcdc 1.0.0 for 4830e000.lcdc on minor 0
[   20.967809] tilcdc 4830e000.lcdc: [drm] Cannot find any crtc or sizes
[   20.975963] tilcdc 4830e000.lcdc: [drm] Cannot find any crtc or sizes
[   22.434267] PM: Cannot get wkup_m3_ipc handle
[   22.529256] omap-sham 53100000.sham: hw accel on OMAP rev 4.3
[   22.657942] omap-sham 53100000.sham: will run requests pump with realtime priority
[   22.668218] PM: Cannot get wkup_m3_ipc handle
[   22.909328] omap-aes 53500000.aes: OMAP AES hw accel rev: 3.2
[   23.023255] omap-aes 53500000.aes: will run requests pump with realtime priority
[   23.039085] PM: Cannot get wkup_m3_ipc handle
[   24.719545] Bluetooth: Core ver 2.22
[   24.723574] NET: Registered PF_BLUETOOTH protocol family
[   24.728928] Bluetooth: HCI device and connection manager initialized
[   24.735467] Bluetooth: HCI socket layer initialized
[   24.740384] Bluetooth: L2CAP socket layer initialized
[   24.745566] Bluetooth: SCO socket layer initialized
[   26.552050] tda998x 0-0070: using DT '/ocp/interconnect@44c00000/segment@200000/target-module@b000/i2c@0/tda19988@70' for 'nxp,calib' GPIO lookup
[   26.552367] of_get_named_gpiod_flags: parsed 'nxp,calib-gpios' property of node '/ocp/interconnect@44c00000/segment@200000/target-module@b000/i2c@0/tda19988@70[0]' - status (0)
[   26.552506] gpio gpiochip0: Persistence not supported for GPIO 25
[   26.552524] gpio-537 (nxp,calib): no flags found for GPIO nxp,calib
[   26.570263] gpio-537 (nxp,calib): gpiod_direction_output_nonotify: tried to set a GPIO tied to an IRQ as output
[   26.608646] PM: Cannot get wkup_m3_ipc handle
[   26.614651] asoc-simple-card sound: using DT '/sound' for 'simple-audio-card,hp-det' GPIO lookup
[   26.614727] of_get_named_gpiod_flags: can't parse 'simple-audio-card,hp-det-gpios' property of node '/sound[0]'
[   26.614763] of_get_named_gpiod_flags: can't parse 'simple-audio-card,hp-det-gpio' property of node '/sound[0]'
[   26.614788] asoc-simple-card sound: using lookup tables for GPIO lookup
[   26.614801] asoc-simple-card sound: No GPIO consumer simple-audio-card,hp-det found
[   26.614816] asoc-simple-card sound: using DT '/sound' for 'simple-audio-card,mic-det' GPIO lookup
[   26.614840] of_get_named_gpiod_flags: can't parse 'simple-audio-card,mic-det-gpios' property of node '/sound[0]'
[   26.614865] of_get_named_gpiod_flags: can't parse 'simple-audio-card,mic-det-gpio' property of node '/sound[0]'
[   26.614885] asoc-simple-card sound: using lookup tables for GPIO lookup
[   26.614896] asoc-simple-card sound: No GPIO consumer simple-audio-card,mic-det found
[   26.755410] PM: Cannot get wkup_m3_ipc handle
[   26.853335] tda9950 0-0034: TDA9950 CEC interface, hardware version 3.3
[   26.946813] PM: Cannot get wkup_m3_ipc handle
[   28.508123] userial_init: registered 8 ttyGS* devices
[   28.809110] rndis_register: configNr = 0
[   28.914937] udc musb-hdrc.0: binding gadget driver [g_multi]
[   28.915034] configfs-gadget.g_multi gadget.0: adding 'rndis'/eeec2bf5 to config 'c'/ab850431
[   28.916216] configfs-gadget.g_multi gadget.0: HOST MAC 1c:ba:8c:a2:ed:6c
[   28.923249] configfs-gadget.g_multi gadget.0: MAC 1c:ba:8c:a2:ed:70
[   28.929617] rndis_set_param_medium: 0 0
[   28.929636] configfs-gadget.g_multi gadget.0: RNDIS: IN/ep1in OUT/ep1out NOTIFY/ep2in
[   28.929653] configfs-gadget.g_multi gadget.0: adding 'cdc_ethernet'/1463d734 to config 'c'/ab850431
[   28.930581] configfs-gadget.g_multi gadget.0: HOST MAC 1c:ba:8c:a2:ed:6c
[   28.937448] configfs-gadget.g_multi gadget.0: MAC 1c:ba:8c:a2:ed:6d
[   28.943812] configfs-gadget.g_multi gadget.0: CDC Ethernet: IN/ep3in OUT/ep2out NOTIFY/ep4in
[   28.943832] configfs-gadget.g_multi gadget.0: adding 'acm'/70e2381e to config 'c'/ab850431
[   28.943866] configfs-gadget.g_multi gadget.0: acm ttyGS0: IN/ep5in OUT/ep3out NOTIFY/ep6in
[   28.951981] PM: Cannot get wkup_m3_ipc handle
[   30.183020] configfs-gadget.g_multi gadget.0: eth_open
[   31.345212] configfs-gadget.g_multi gadget.0: stop stats: rx/tx 0/0, errs 0/0
[   35.600870] gs_open: ttyGS0 (847b5082,0701fe34)
[   35.601028] gs_close: ttyGS0 (847b5082,0701fe34) ...
[   35.601050] gs_close: ttyGS0 (847b5082,0701fe34) done!
[   35.607911] gs_open: ttyGS0 (b3eef28c,7198d9b5)
[   35.608054] gs_close: ttyGS0 (b3eef28c,7198d9b5) ...
[   35.608078] gs_close: ttyGS0 (b3eef28c,7198d9b5) done!
[   35.787509] gs_open: ttyGS0 (687e171a,d05853ec)
[   35.788011] gs_close: ttyGS0 (687e171a,d05853ec) ...
[   35.788052] gs_close: ttyGS0 (687e171a,d05853ec) done!
[   35.796079] gs_open: ttyGS0 (687e171a,7198d9b5)
JEAMKZXPVW 0
root@arm:~# echo 'YEPG''TQFEKM'
YEPGTQFEKM
root@arm:~# MARKER='NJQO''YKTPFT' run 'modprobe test_linear_ranges'
NJQOYKTPFTNJQOYKTPFT 0
root@arm:~# echo 'JEBZ''BZAAUN'
JEBZBZAAUN
root@arm:~# MARKER='SNZC''YSMGFY' run dmesg
SNZCYSMGFY[    0.000000] Booting Linux on physical CPU 0x0
[    0.000000] Linux version 6.15.0-next-20250603 (user01@drvtest01) (arm-none-eabi-gcc (Arm GNU Toolchain 14.2.Rel1 (Build arm-14.52)) 14.2.1 20241119, GNU ld (Arm GNU Toolchain 14.2.Rel1 (Build arm-14.52)) 2.43.1.20241119) #1 SMP Tue Jun  3 13:00:32 EEST 2025
[    0.000000] CPU: ARMv7 Processor [413fc082] revision 2 (ARMv7), cr=10c5387d
[    0.000000] CPU: PIPT / VIPT nonaliasing data cache, VIPT aliasing instruction cache
[    0.000000] OF: fdt: Machine model: TI AM335x BeagleBone Black
[    0.000000] Memory policy: Data cache writeback
[    0.000000] cma: Reserved 16 MiB at 0x9e800000
[    0.000000] Zone ranges:
[    0.000000]   Normal   [mem 0x0000000080000000-0x000000009fdfffff]
[    0.000000]   HighMem  empty
[    0.000000] Movable zone start for each node
[    0.000000] Early memory node ranges
[    0.000000]   node   0: [mem 0x0000000080000000-0x000000009fdfffff]
[    0.000000] Initmem setup node 0 [mem 0x0000000080000000-0x000000009fdfffff]
[    0.000000] On node 0, zone Normal: 512 pages in unavailable ranges
[    0.000000] OF: reserved mem: Reserved memory: No reserved-memory node in the DT
[    0.000000] CPU: All CPU(s) started in SVC mode.
[    0.000000] AM335X ES2.1 (sgx neon)
[    0.000000] percpu: Embedded 17 pages/cpu s39820 r8192 d21620 u69632
[    0.000000] pcpu-alloc: s39820 r8192 d21620 u69632 alloc=17*4096
[    0.000000] pcpu-alloc: [0] 0 
[    0.000000] Kernel command line: console=ttyO0,115200n8 root=/dev/nfs rw nfsroot=192.168.255.126:/home/user01/nfs,nfsvers=3 ip=192.168.255.1:192.168.255.126::255.255.255.0:bbb1:eth0 nfsrootdebug
[    0.000000] Unknown kernel command line parameters "nfsrootdebug", will be passed to user space.
[    0.000000] printk: log buffer data + meta data: 65536 + 204800 = 270336 bytes
[    0.000000] Dentry cache hash table entries: 65536 (order: 6, 262144 bytes, linear)
[    0.000000] Inode-cache hash table entries: 32768 (order: 5, 131072 bytes, linear)
[    0.000000] Built 1 zonelists, mobility grouping on.  Total pages: 130560
[    0.000000] mem auto-init: stack:off, heap alloc:off, heap free:off
[    0.000000] SLUB: HWalign=16, Order=0-3, MinObjects=0, CPUs=1, Nodes=1
[    0.000000] rcu: Hierarchical RCU implementation.
[    0.000000] rcu: 	RCU event tracing is enabled.
[    0.000000] rcu: 	RCU restricting CPUs from NR_CPUS=2 to nr_cpu_ids=1.
[    0.000000] 	Tracing variant of Tasks RCU enabled.
[    0.000000] rcu: RCU calculated value of scheduler-enlistment delay is 10 jiffies.
[    0.000000] rcu: Adjusting geometry for rcu_fanout_leaf=16, nr_cpu_ids=1
[    0.000000] RCU Tasks Trace: Setting shift to 0 and lim to 1 rcu_task_cb_adjust=1 rcu_task_cpu_ids=1.
[    0.000000] NR_IRQS: 16, nr_irqs: 16, preallocated irqs: 16
[    0.000000] IRQ: Found an INTC at 0x(ptrval) (revision 5.0) with 128 interrupts
[    0.000000] rcu: srcu_init: Setting srcu_struct sizes based on contention.
[    0.000000] TI gptimer clocksource: always-on /ocp/interconnect@44c00000/segment@200000/target-module@31000
[    0.000003] sched_clock: 32 bits at 24MHz, resolution 41ns, wraps every 89478484971ns
[    0.000026] clocksource: dmtimer: mask: 0xffffffff max_cycles: 0xffffffff, max_idle_ns: 79635851949 ns
[    0.000514] TI gptimer clockevent: 24000000 Hz at /ocp/interconnect@48000000/segment@0/target-module@40000
[    0.002150] Console: colour dummy device 80x30
[    0.002217] WARNING: Your 'console=ttyO0' has been replaced by 'ttyS0'
[    0.002225] This ensures that you still see kernel messages. Please
[    0.002229] update your kernel commandline.
[    0.002271] Calibrating delay loop... 996.14 BogoMIPS (lpj=4980736)
[    0.090561] CPU: Testing write buffer coherency: ok
[    0.090674] CPU0: Spectre v2: using BPIALL workaround
[    0.090684] pid_max: default: 32768 minimum: 301
[    0.090838] LSM: initializing lsm=capability
[    0.091018] Mount-cache hash table entries: 1024 (order: 0, 4096 bytes, linear)
[    0.091037] Mountpoint-cache hash table entries: 1024 (order: 0, 4096 bytes, linear)
[    0.092657] CPU0: thread -1, cpu 0, socket -1, mpidr 0
[    0.092716] cacheinfo: Unable to detect cache hierarchy for CPU 0
[    0.094746] Setting up static identity map for 0x80100000 - 0x80100078
[    0.095088] rcu: Hierarchical SRCU implementation.
[    0.095100] rcu: 	Max phase no-delay instances is 1000.
[    0.096825] smp: Bringing up secondary CPUs ...
[    0.096878] smp: Brought up 1 node, 1 CPU
[    0.096890] SMP: Total of 1 processors activated (996.14 BogoMIPS).
[    0.096902] CPU: All CPU(s) started in SVC mode.
[    0.097093] Memory: 480820K/522240K available (11264K kernel code, 1221K rwdata, 2924K rodata, 1024K init, 287K bss, 23388K reserved, 16384K cma-reserved, 0K highmem)
[    0.097918] devtmpfs: initialized
[    0.115068] VFP support v0.3: implementor 41 architecture 3 part 30 variant c rev 3
[    0.115707] clocksource: jiffies: mask: 0xffffffff max_cycles: 0xffffffff, max_idle_ns: 19112604462750000 ns
[    0.115764] posixtimers hash table entries: 512 (order: 0, 4096 bytes, linear)
[    0.115790] futex hash table entries: 256 (16384 bytes on 1 NUMA nodes, total 16 KiB, linear).
[    0.116916] pinctrl core: initialized pinctrl subsystem
[    0.118970] NET: Registered PF_NETLINK/PF_ROUTE protocol family
[    0.122090] DMA: preallocated 256 KiB pool for atomic coherent allocations
[    0.123047] audit: initializing netlink subsys (disabled)
[    0.124412] thermal_sys: Registered thermal governor 'fair_share'
[    0.124426] thermal_sys: Registered thermal governor 'step_wise'
[    0.124435] thermal_sys: Registered thermal governor 'user_space'
[    0.124545] audit: type=2000 audit(0.120:1): state=initialized audit_enabled=0 res=1
[    0.124622] cpuidle: using governor menu
[    0.142489] /ocp/interconnect@44c00000/segment@200000/target-module@b000/i2c@0/tda19988@70: Fixed dependency cycle(s) with /ocp/interconnect@48000000/segment@300000/target-module@e000/lcdc@0
[    0.143628] /ocp/interconnect@48000000/segment@300000/target-module@e000/lcdc@0: Fixed dependency cycle(s) with /ocp/interconnect@44c00000/segment@200000/target-module@b000/i2c@0/tda19988@70
[    0.145840] No ATAGs?
[    0.145883] hw-breakpoint: debug architecture 0x4 unsupported.
[    0.148615] kprobes: kprobe jump-optimization is enabled. All kprobes are optimized if possible.
[    0.153946] iommu: Default domain type: Translated
[    0.153968] iommu: DMA domain TLB invalidation policy: strict mode
[    0.155538] reg-fixed-voltage fixedregulator0: using DT '/fixedregulator0' for '(default)' GPIO lookup
[    0.155595] of_get_named_gpiod_flags: can't parse 'gpios' property of node '/fixedregulator0[0]'
[    0.155622] of_get_named_gpiod_flags: can't parse 'gpio' property of node '/fixedregulator0[0]'
[    0.155640] reg-fixed-voltage fixedregulator0: using lookup tables for GPIO lookup
[    0.155650] reg-fixed-voltage fixedregulator0: No GPIO consumer (default) found
[    0.161374] SCSI subsystem initialized
[    0.161880] libata version 3.00 loaded.
[    0.162253] pps_core: LinuxPPS API ver. 1 registered
[    0.162262] pps_core: Software ver. 5.3.6 - Copyright 2005-2007 Rodolfo Giometti <giometti@linux.it>
[    0.162294] PTP clock support registered
[    0.170901] vgaarb: loaded
[    0.171279] clocksource: Switched to clocksource dmtimer
[    0.171941] VFS: Disk quotas dquot_6.6.0
[    0.171997] VFS: Dquot-cache hash table entries: 1024 (order 0, 4096 bytes)
[    0.195060] NET: Registered PF_INET protocol family
[    0.195404] IP idents hash table entries: 8192 (order: 4, 65536 bytes, linear)
[    0.196832] tcp_listen_portaddr_hash hash table entries: 512 (order: 0, 4096 bytes, linear)
[    0.196868] Table-perturb hash table entries: 65536 (order: 6, 262144 bytes, linear)
[    0.196888] TCP established hash table entries: 4096 (order: 2, 16384 bytes, linear)
[    0.196934] TCP bind hash table entries: 4096 (order: 4, 65536 bytes, linear)
[    0.197033] TCP: Hash tables configured (established 4096 bind 4096)
[    0.197150] UDP hash table entries: 256 (order: 1, 14336 bytes, linear)
[    0.197185] UDP-Lite hash table entries: 256 (order: 1, 14336 bytes, linear)
[    0.197376] NET: Registered PF_UNIX/PF_LOCAL protocol family
[    0.198648] RPC: Registered named UNIX socket transport module.
[    0.198669] RPC: Registered udp transport module.
[    0.198674] RPC: Registered tcp transport module.
[    0.198679] RPC: Registered tcp-with-tls transport module.
[    0.198684] RPC: Registered tcp NFSv4.1 backchannel transport module.
[    0.198708] PCI: CLS 0 bytes, default 64
[    0.200073] Initialise system trusted keyrings
[    0.211909] workingset: timestamp_bits=14 max_order=17 bucket_order=3
[    0.213266] NFS: Registering the id_resolver key type
[    0.213367] Key type id_resolver registered
[    0.213374] Key type id_legacy registered
[    0.213481] jffs2: version 2.2. (NAND) (SUMMARY)  Â© 2001-2006 Red Hat, Inc.
[    0.213940] Key type asymmetric registered
[    0.213957] Asymmetric key parser 'x509' registered
[    0.214029] io scheduler mq-deadline registered
[    0.214039] io scheduler kyber registered
[    0.214110] io scheduler bfq registered
[    0.215981] target-module@4b000000:target-module@140000:pmu@0:fck: device ID is greater than 24
[    0.222147] l3-aon-clkctrl:0000:0: failed to disable
[    0.222412] ledtrig-cpu: registered to indicate activity on CPUs
[    0.231970] Serial: 8250/16550 driver, 6 ports, IRQ sharing enabled
[    0.269344] brd: module loaded
[    0.287220] loop: module loaded
[    0.288162] mtdoops: mtd device (mtddev=name/number) must be supplied
[    0.301044] mdio_bus fixed-0: using lookup tables for GPIO lookup
[    0.301071] mdio_bus fixed-0: No GPIO consumer reset found
[    0.302595] i2c_dev: i2c /dev entries driver
[    0.303592] cpuidle: enable-method property 'ti,am3352' found operations
[    0.304042] sdhci: Secure Digital Host Controller Interface driver
[    0.304051] sdhci: Copyright(c) Pierre Ossman
[    0.304234] sdhci-pltfm: SDHCI platform and OF driver helper
[    0.305699] hw perfevents: enabled with armv7_cortex_a8 PMU driver, 5 (8000000f) counters available
[    0.306212] Initializing XFRM netlink socket
[    0.306395] NET: Registered PF_INET6 protocol family
[    0.312049] l3-aon-clkctrl:0000:0: failed to disable
[    0.326636] Segment Routing with IPv6
[    0.326722] In-situ OAM (IOAM) with IPv6
[    0.326821] sit: IPv6, IPv4 and MPLS over IPv4 tunneling driver
[    0.327775] NET: Registered PF_PACKET protocol family
[    0.327804] NET: Registered PF_KEY protocol family
[    0.327918] Key type dns_resolver registered
[    0.328140] ThumbEE CPU extension supported.
[    0.328159] Registering SWP/SWPB emulation handler
[    0.328698] omap_voltage_late_init: Voltage driver support not added
[    0.329374] SmartReflex Class3 initialized
[    0.361361] Loading compiled-in X.509 certificates
[    0.408789] /ocp/interconnect@44c00000/segment@200000/target-module@b000/i2c@0/tda19988@70: Fixed dependency cycle(s) with /ocp/interconnect@48000000/segment@300000/target-module@e000/lcdc@0
[    0.415410] /ocp/interconnect@44c00000/segment@200000/target-module@b000/i2c@0/tda19988@70: Fixed dependency cycle(s) with /ocp/interconnect@48000000/segment@300000/target-module@e000/lcdc@0
[    0.420882] gpiochip_find_base_unlocked: found new base at 512
[    0.437994] /ocp/interconnect@44c00000/segment@200000/target-module@b000/i2c@0/tda19988@70: Fixed dependency cycle(s) with /ocp/interconnect@48000000/segment@300000/target-module@e000/lcdc@0
[    0.438877] /ocp/interconnect@44c00000/segment@200000/target-module@b000/i2c@0/tda19988@70: Fixed dependency cycle(s) with /ocp/interconnect@48000000/segment@300000/target-module@e000/lcdc@0
[    0.442670] /ocp/interconnect@44c00000/segment@200000/target-module@10000/scm@0/pinmux@800: Fixed dependency cycle(s) with /ocp/interconnect@44c00000/segment@200000/target-module@10000/scm@0/pinmux@800/clkout2-pins
[    0.443282] pinctrl-single 44e10800.pinmux: 142 pins, size 568
[    0.448545] ti-sysc 44e31000.target-module: probe with driver ti-sysc failed with error -16
[    0.473343] /ocp/interconnect@48000000/segment@300000/target-module@e000/lcdc@0: Fixed dependency cycle(s) with /ocp/interconnect@44c00000/segment@200000/target-module@b000/i2c@0/tda19988@70
[    0.481594] ti-sysc 48040000.target-module: probe with driver ti-sysc failed with error -16
[    0.493163] gpiochip_find_base_unlocked: found new base at 512
[    0.493262] gpio gpiochip0: (gpio-0-31): created GPIO range 0->7 ==> 44e10800.pinmux PIN 0->7
[    0.493283] gpio gpiochip0: (gpio-0-31): created GPIO range 8->11 ==> 44e10800.pinmux PIN 90->93
[    0.493298] gpio gpiochip0: (gpio-0-31): created GPIO range 12->27 ==> 44e10800.pinmux PIN 12->27
[    0.493313] gpio gpiochip0: (gpio-0-31): created GPIO range 28->31 ==> 44e10800.pinmux PIN 30->33
[    0.528132] gpio gpiochip0: (gpio-0-31): added GPIO chardev (254:0)
[    0.528283] gpio gpiochip0: registered GPIOs 512 to 543 on gpio-0-31
[    0.528369] OMAP GPIO hardware version 0.1
[    0.553694] i2c i2c-2: using DT '/ocp/interconnect@48000000/segment@100000/target-module@9c000/i2c@0' for 'scl' GPIO lookup
[    0.553766] of_get_named_gpiod_flags: can't parse 'scl-gpios' property of node '/ocp/interconnect@48000000/segment@100000/target-module@9c000/i2c@0[0]'
[    0.553807] of_get_named_gpiod_flags: can't parse 'scl-gpio' property of node '/ocp/interconnect@48000000/segment@100000/target-module@9c000/i2c@0[0]'
[    0.553842] i2c i2c-2: using lookup tables for GPIO lookup
[    0.553852] i2c i2c-2: No GPIO consumer scl found
[    0.553874] i2c i2c-2: using DT '/ocp/interconnect@48000000/segment@100000/target-module@9c000/i2c@0' for 'sda' GPIO lookup
[    0.553909] of_get_named_gpiod_flags: can't parse 'sda-gpios' property of node '/ocp/interconnect@48000000/segment@100000/target-module@9c000/i2c@0[0]'
[    0.553944] of_get_named_gpiod_flags: can't parse 'sda-gpio' property of node '/ocp/interconnect@48000000/segment@100000/target-module@9c000/i2c@0[0]'
[    0.553975] i2c i2c-2: using lookup tables for GPIO lookup
[    0.553982] i2c i2c-2: No GPIO consumer sda found
[    0.554701] omap_i2c 4819c000.i2c: bus 2 rev0.11 at 100 kHz
[    0.560304] gpiochip_find_base_unlocked: found new base at 544
[    0.560406] gpio gpiochip1: (gpio-32-63): created GPIO range 0->17 ==> 44e10800.pinmux PIN 34->51
[    0.560427] gpio gpiochip1: (gpio-32-63): created GPIO range 18->21 ==> 44e10800.pinmux PIN 77->80
[    0.560444] gpio gpiochip1: (gpio-32-63): created GPIO range 22->31 ==> 44e10800.pinmux PIN 56->65
[    0.575353] gpio gpiochip1: (gpio-32-63): added GPIO chardev (254:1)
[    0.575504] gpio gpiochip1: registered GPIOs 544 to 575 on gpio-32-63
[    0.577815] gpiochip_find_base_unlocked: found new base at 576
[    0.577914] gpio gpiochip2: (gpio-64-95): created GPIO range 0->4 ==> 44e10800.pinmux PIN 66->70
[    0.577935] gpio gpiochip2: (gpio-64-95): created GPIO range 5->6 ==> 44e10800.pinmux PIN 98->99
[    0.577952] gpio gpiochip2: (gpio-64-95): created GPIO range 7->8 ==> 44e10800.pinmux PIN 75->76
[    0.577968] gpio gpiochip2: (gpio-64-95): created GPIO range 13->13 ==> 44e10800.pinmux PIN 141->141
[    0.577984] gpio gpiochip2: (gpio-64-95): created GPIO range 14->21 ==> 44e10800.pinmux PIN 100->107
[    0.578843] gpio gpiochip2: (gpio-64-95): added GPIO chardev (254:2)
[    0.578976] gpio gpiochip2: registered GPIOs 576 to 607 on gpio-64-95
[    0.584958] 48000000.interconnect:segment@200000:target-module@0:mpu@0:fck: device ID is greater than 24
[    0.585853] /ocp/interconnect@48000000/segment@300000/target-module@e000/lcdc@0: Fixed dependency cycle(s) with /ocp/interconnect@44c00000/segment@200000/target-module@b000/i2c@0/tda19988@70
[    0.588715] /ocp/interconnect@48000000/segment@300000/target-module@e000/lcdc@0: Fixed dependency cycle(s) with /ocp/interconnect@44c00000/segment@200000/target-module@b000/i2c@0/tda19988@70
[    0.589422] /ocp/interconnect@44c00000/segment@200000/target-module@b000/i2c@0/tda19988@70: Fixed dependency cycle(s) with /ocp/interconnect@48000000/segment@300000/target-module@e000/lcdc@0
[    0.589582] /ocp/interconnect@48000000/segment@300000/target-module@e000/lcdc@0: Fixed dependency cycle(s) with /ocp/interconnect@44c00000/segment@200000/target-module@b000/i2c@0/tda19988@70
[    0.599429] mdio_bus 4a101000.mdio: using DT '/ocp/interconnect@4a000000/segment@0/target-module@100000/switch@0/mdio@1000' for 'reset' GPIO lookup
[    0.599502] of_get_named_gpiod_flags: can't parse 'reset-gpios' property of node '/ocp/interconnect@4a000000/segment@0/target-module@100000/switch@0/mdio@1000[0]'
[    0.599548] of_get_named_gpiod_flags: can't parse 'reset-gpio' property of node '/ocp/interconnect@4a000000/segment@0/target-module@100000/switch@0/mdio@1000[0]'
[    0.599594] mdio_bus 4a101000.mdio: using lookup tables for GPIO lookup
[    0.599604] mdio_bus 4a101000.mdio: No GPIO consumer reset found
[    0.600636] sdhci-omap 481d8000.mmc: using DT '/ocp/interconnect@48000000/segment@100000/target-module@d8000/mmc@0' for 'wp' GPIO lookup
[    0.600698] of_get_named_gpiod_flags: can't parse 'wp-gpios' property of node '/ocp/interconnect@48000000/segment@100000/target-module@d8000/mmc@0[0]'
[    0.600742] of_get_named_gpiod_flags: can't parse 'wp-gpio' property of node '/ocp/interconnect@48000000/segment@100000/target-module@d8000/mmc@0[0]'
[    0.600775] sdhci-omap 481d8000.mmc: using lookup tables for GPIO lookup
[    0.600784] sdhci-omap 481d8000.mmc: No GPIO consumer wp found
[    0.600977] sdhci-omap 481d8000.mmc: supply pbias not found, using dummy regulator
[    0.601929] sdhci-omap 481d8000.mmc: supply vqmmc not found, using dummy regulator
[    0.653036] davinci_mdio 4a101000.mdio: davinci mdio revision 1.6, bus freq 1000000
[    0.655002] mdio_bus 4a101000.mdio:00: using DT '/ocp/interconnect@4a000000/segment@0/target-module@100000/switch@0/mdio@1000/ethernet-phy@0' for 'reset' GPIO lookup
[    0.655105] of_get_named_gpiod_flags: parsed 'reset-gpios' property of node '/ocp/interconnect@4a000000/segment@0/target-module@100000/switch@0/mdio@1000/ethernet-phy@0[0]' - status (0)
[    0.655260] gpio gpiochip0: Persistence not supported for GPIO 8
[    0.765801] davinci_mdio 4a101000.mdio: phy[0]: device 4a101000.mdio:00, driver SMSC LAN8710/LAN8720
[    0.766562] cpsw-switch 4a100000.switch: initialized cpsw ale version 1.4
[    0.766583] cpsw-switch 4a100000.switch: ALE Table size 1024, Policers 0
[    0.766738] cpsw-switch 4a100000.switch: cpts: overflow check period 500 (jiffies)
[    0.766754] cpsw-switch 4a100000.switch: CPTS: ref_clk_freq:250000000 calc_mult:2147483648 calc_shift:29 error:0 nsec/sec
[    0.766869] cpsw-switch 4a100000.switch: Detected MACID = 6c:ec:eb:68:de:78
[    0.768709] cpsw-switch 4a100000.switch: initialized (regs 0x4a100000, pool size 256) hw_ver:0019010C 1.12 (0)
[    0.779730] debugfs: Directory '49000000.dma' with parent 'dmaengine' already present!
[    0.779774] edma 49000000.dma: TI EDMA DMA engine driver
[    0.813158] gpio-clk clk_mcasp0: using DT '/clk_mcasp0' for 'enable' GPIO lookup
[    0.813237] of_get_named_gpiod_flags: parsed 'enable-gpios' property of node '/clk_mcasp0[0]' - status (0)
[    0.813281] gpio gpiochip0: Persistence not supported for GPIO 27
[    0.814165] gpiochip_find_base_unlocked: found new base at 608
[    0.814276] gpio gpiochip3: (gpio-96-127): created GPIO range 0->7 ==> 44e10800.pinmux PIN 82->89
[    0.814296] gpio gpiochip3: (gpio-96-127): created GPIO range 8->11 ==> 44e10800.pinmux PIN 52->55
[    0.814312] gpio gpiochip3: (gpio-96-127): created GPIO range 12->15 ==> 44e10800.pinmux PIN 94->97
[    0.814327] gpio gpiochip3: (gpio-96-127): created GPIO range 16->17 ==> 44e10800.pinmux PIN 71->72
[    0.814342] gpio gpiochip3: (gpio-96-127): created GPIO range 18->18 ==> 44e10800.pinmux PIN 135->135
[    0.814358] gpio gpiochip3: (gpio-96-127): created GPIO range 19->20 ==> 44e10800.pinmux PIN 108->109
[    0.814374] gpio gpiochip3: (gpio-96-127): created GPIO range 21->21 ==> 44e10800.pinmux PIN 73->73
[    0.814391] gpio gpiochip3: (gpio-96-127): created GPIO range 22->23 ==> 44e10800.pinmux PIN 8->9
[    0.814408] gpio gpiochip3: (gpio-96-127): created GPIO range 26->27 ==> 44e10800.pinmux PIN 10->11
[    0.814425] gpio gpiochip3: (gpio-96-127): created GPIO range 28->28 ==> 44e10800.pinmux PIN 74->74
[    0.814442] gpio gpiochip3: (gpio-96-127): created GPIO range 29->29 ==> 44e10800.pinmux PIN 81->81
[    0.814461] gpio gpiochip3: (gpio-96-127): created GPIO range 30->31 ==> 44e10800.pinmux PIN 28->29
[    0.837108] gpio gpiochip3: (gpio-96-127): added GPIO chardev (254:3)
[    0.837283] gpio gpiochip3: registered GPIOs 608 to 639 on gpio-96-127
[    0.839190] omap8250 44e09000.serial: using DT '/ocp/interconnect@44c00000/segment@200000/target-module@9000/serial@0' for 'rs485-term' GPIO lookup
[    0.839261] of_get_named_gpiod_flags: can't parse 'rs485-term-gpios' property of node '/ocp/interconnect@44c00000/segment@200000/target-module@9000/serial@0[0]'
[    0.839304] of_get_named_gpiod_flags: can't parse 'rs485-term-gpio' property of node '/ocp/interconnect@44c00000/segment@200000/target-module@9000/serial@0[0]'
[    0.839340] omap8250 44e09000.serial: using lookup tables for GPIO lookup
[    0.839349] omap8250 44e09000.serial: No GPIO consumer rs485-term found
[    0.839359] omap8250 44e09000.serial: using DT '/ocp/interconnect@44c00000/segment@200000/target-module@9000/serial@0' for 'rs485-rx-during-tx' GPIO lookup
[    0.839394] of_get_named_gpiod_flags: can't parse 'rs485-rx-during-tx-gpios' property of node '/ocp/interconnect@44c00000/segment@200000/target-module@9000/serial@0[0]'
[    0.839430] of_get_named_gpiod_flags: can't parse 'rs485-rx-during-tx-gpio' property of node '/ocp/interconnect@44c00000/segment@200000/target-module@9000/serial@0[0]'
[    0.839461] omap8250 44e09000.serial: using lookup tables for GPIO lookup
[    0.839469] omap8250 44e09000.serial: No GPIO consumer rs485-rx-during-tx found
[    0.839879] 44e09000.serial: ttyS0 at MMIO 0x44e09000 (irq = 34, base_baud = 3000000) is a 8250
[    0.839974] printk: legacy console [ttyS0] enabled
[    2.385301] i2c i2c-0: using DT '/ocp/interconnect@44c00000/segment@200000/target-module@b000/i2c@0' for 'scl' GPIO lookup
[    2.385389] of_get_named_gpiod_flags: can't parse 'scl-gpios' property of node '/ocp/interconnect@44c00000/segment@200000/target-module@b000/i2c@0[0]'
[    2.385437] of_get_named_gpiod_flags: can't parse 'scl-gpio' property of node '/ocp/interconnect@44c00000/segment@200000/target-module@b000/i2c@0[0]'
[    2.385477] i2c i2c-0: using lookup tables for GPIO lookup
[    2.385491] i2c i2c-0: No GPIO consumer scl found
[    2.385515] i2c i2c-0: using DT '/ocp/interconnect@44c00000/segment@200000/target-module@b000/i2c@0' for 'sda' GPIO lookup
[    2.385555] of_get_named_gpiod_flags: can't parse 'sda-gpios' property of node '/ocp/interconnect@44c00000/segment@200000/target-module@b000/i2c@0[0]'
[    2.385595] of_get_named_gpiod_flags: can't parse 'sda-gpio' property of node '/ocp/interconnect@44c00000/segment@200000/target-module@b000/i2c@0[0]'
[    2.385630] i2c i2c-0: using lookup tables for GPIO lookup
[    2.385641] i2c i2c-0: No GPIO consumer sda found
[    2.402235] tps65217-pmic: Failed to locate of_node [id: -1]
[    2.408311] tps65217-bl: Failed to locate of_node [id: -1]
[    2.414395] platform tps65217-charger: DMA mask not set
[    2.420442] platform tps65217-pwrbutton: DMA mask not set
[    2.427816] tps65217 0-0024: TPS65217 ID 0xe version 1.2
[    2.433935] /ocp/interconnect@48000000/segment@300000/target-module@e000/lcdc@0: Fixed dependency cycle(s) with /ocp/interconnect@44c00000/segment@200000/target-module@b000/i2c@0/tda19988@70
[    2.451338] /ocp/interconnect@44c00000/segment@200000/target-module@b000/i2c@0/tda19988@70: Fixed dependency cycle(s) with /ocp/interconnect@48000000/segment@300000/target-module@e000/lcdc@0
[    2.468674] omap_i2c 44e0b000.i2c: bus 0 rev0.11 at 400 kHz
[    2.476317] sdhci-omap 48060000.mmc: using DT '/ocp/interconnect@48000000/segment@0/target-module@60000/mmc@0' for 'cd' GPIO lookup
[    2.476423] of_get_named_gpiod_flags: parsed 'cd-gpios' property of node '/ocp/interconnect@48000000/segment@0/target-module@60000/mmc@0[0]' - status (0)
[    2.476491] gpio gpiochip3: Persistence not supported for GPIO 6
[    2.476517] omap_gpio 44e07000.gpio: Could not set line 6 debounce to 200000 microseconds (-22)
[    2.485452] sdhci-omap 48060000.mmc: Got CD GPIO
[    2.490106] sdhci-omap 48060000.mmc: using DT '/ocp/interconnect@48000000/segment@0/target-module@60000/mmc@0' for 'wp' GPIO lookup
[    2.490164] of_get_named_gpiod_flags: can't parse 'wp-gpios' property of node '/ocp/interconnect@48000000/segment@0/target-module@60000/mmc@0[0]'
[    2.490208] of_get_named_gpiod_flags: can't parse 'wp-gpio' property of node '/ocp/interconnect@48000000/segment@0/target-module@60000/mmc@0[0]'
[    2.490247] sdhci-omap 48060000.mmc: using lookup tables for GPIO lookup
[    2.490261] sdhci-omap 48060000.mmc: No GPIO consumer wp found
[    2.490472] sdhci-omap 48060000.mmc: supply pbias not found, using dummy regulator
[    2.499313] sdhci-omap 481d8000.mmc: using DT '/ocp/interconnect@48000000/segment@100000/target-module@d8000/mmc@0' for 'wp' GPIO lookup
[    2.499386] of_get_named_gpiod_flags: can't parse 'wp-gpios' property of node '/ocp/interconnect@48000000/segment@100000/target-module@d8000/mmc@0[0]'
[    2.499432] of_get_named_gpiod_flags: can't parse 'wp-gpio' property of node '/ocp/interconnect@48000000/segment@100000/target-module@d8000/mmc@0[0]'
[    2.499470] sdhci-omap 481d8000.mmc: using lookup tables for GPIO lookup
[    2.499483] sdhci-omap 481d8000.mmc: No GPIO consumer wp found
