Labgrid Console Logfile for main
Logfile started at 2024-11-27 05:42:02.997637
=== Log starts here ===

U-Boot SPL 2014.04-00014-g47880f5 (Apr 22 2014 - 13:23:54)
reading args
spl_load_image_fat_os: error reading image args, err - -1
reading u-boot.img
reading u-boot.img


U-Boot 2014.04-00014-g47880f5 (Apr 22 2014 - 13:23:54)

I2C:   ready
DRAM:  512 MiB
NAND:  0 MiB
MMC:   OMAP SD/MMC: 0, OMAP SD/MMC: 1
*** Warning - readenv() failed, using default environment

Net:   <ethaddr> not set. Validating first E-fuse MAC
cpsw, usb_ether
Hit any key to stop autoboot:  1  0 
gpio: pin 53 (gpio 53) value is 1
mmc0 is current device
gpio: pin 54 (gpio 54) value is 1
SD/MMC found on device 0
reading uEnv.txt
569 bytes read in 4 ms (138.7 KiB/s)
gpio: pin 55 (gpio 55) value is 1
Loaded environment from uEnv.txt
Importing environment from mmc ...
Checking if uenvcmd is set ...
gpio: pin 56 (gpio 56) value is 1
Running uenvcmd ...
cpsw Waiting for PHY auto negotiation to complete. done
link up on port 0, speed 100, full duplex
Using cpsw device
TFTP from server 192.168.255.126; our IP address is 192.168.255.1
Filename 'zImage'.
Load address: 0x81000000
Loading: *#################################################################
	 #################################################################
	 #################################################################
	 #################################################################
	 #################################################################
	 #####################################################
	 2.4 MiB/s
done
Bytes transferred = 5539496 (5486a8 hex)
link up on port 0, speed 100, full duplex
Using cpsw device
TFTP from server 192.168.255.126; our IP address is 192.168.255.1
Filename 'am335x-boneblack.dtb'.
Load address: 0x82000000
Loading: *#######
	 2 MiB/s
done
Bytes transferred = 98244 (17fc4 hex)
Kernel image @ 0x81000000 [ 0x000000 - 0x5486a8 ]
## Flattened Device Tree blob at 82000000
   Booting using the fdt blob at 0x82000000
   Using Device Tree in place at 82000000, end 8201afc3

Starting kernel ...

[    0.000000] Booting Linux on physical CPU 0x0
[    0.000000] Linux version 6.12.0-next-20241127 (user01@drvtest01) (arm-linux-gnueabihf-gcc (Linaro GCC 6.4-2017.11) 6.4.1 20171012, GNU ld (Linaro_Binutils-2017.11) 2.27.0.20161229) #146 SMP Wed Nov 27 05:41:11 EET 2024
[    0.000000] CPU: ARMv7 Processor [413fc082] revision 2 (ARMv7), cr=10c5387d
[    0.000000] CPU: PIPT / VIPT nonaliasing data cache, VIPT aliasing instruction cache
[    0.000000] OF: fdt: Machine model: TI AM335x BeagleBone Black
[    0.000000] Memory policy: Data cache writeback
[    0.000000] cma: Reserved 16 MiB at 0x9e800000 on node -1
[    0.000000] Zone ranges:
[    0.000000]   Normal   [mem 0x0000000080000000-0x000000009fdfffff]
[    0.000000]   HighMem  empty
[    0.000000] Movable zone start for each node
[    0.000000] Early memory node ranges
[    0.000000]   node   0: [mem 0x0000000080000000-0x000000009fdfffff]
[    0.000000] Initmem setup node 0 [mem 0x0000000080000000-0x000000009fdfffff]
[    0.000000] OF: reserved mem: Reserved memory: No reserved-memory node in the DT
[    0.000000] CPU: All CPU(s) started in SVC mode.
[    0.000000] AM335X ES2.1 (sgx neon)
[    0.000000] percpu: Embedded 17 pages/cpu s39564 r8192 d21876 u69632
[    0.000000] Kernel command line: console=ttyO0,115200n8 root=/dev/nfs rw nfsroot=192.168.255.126:/home/user01/nfs,nfsvers=3 ip=192.168.255.1:192.168.255.126::255.255.255.0:bbb1:eth0 nfsrootdebug
[    0.000000] Unknown kernel command line parameters "nfsrootdebug", will be passed to user space.
[    0.000000] printk: log buffer data + meta data: 65536 + 204800 = 270336 bytes
[    0.000000] Dentry cache hash table entries: 65536 (order: 6, 262144 bytes, linear)
[    0.000000] Inode-cache hash table entries: 32768 (order: 5, 131072 bytes, linear)
[    0.000000] Built 1 zonelists, mobility grouping on.  Total pages: 130560
[    0.000000] mem auto-init: stack:off, heap alloc:off, heap free:off
[    0.000000] SLUB: HWalign=64, Order=0-3, MinObjects=0, CPUs=1, Nodes=1
[    0.000000] trace event string verifier disabled
[    0.000000] rcu: Hierarchical RCU implementation.
[    0.000000] rcu: 	RCU event tracing is enabled.
[    0.000000] rcu: 	RCU restricting CPUs from NR_CPUS=2 to nr_cpu_ids=1.
[    0.000000] 	Tracing variant of Tasks RCU enabled.
[    0.000000] rcu: RCU calculated value of scheduler-enlistment delay is 10 jiffies.
[    0.000000] rcu: Adjusting geometry for rcu_fanout_leaf=16, nr_cpu_ids=1
[    0.000000] RCU Tasks Trace: Setting shift to 0 and lim to 1 rcu_task_cb_adjust=1 rcu_task_cpu_ids=1.
[    0.000000] NR_IRQS: 16, nr_irqs: 16, preallocated irqs: 16
[    0.000000] IRQ: Found an INTC at 0x(ptrval) (revision 5.0) with 128 interrupts
[    0.000000] rcu: srcu_init: Setting srcu_struct sizes based on contention.
[    0.000000] TI gptimer clocksource: always-on /ocp/interconnect@44c00000/segment@200000/target-module@31000
[    0.000002] sched_clock: 32 bits at 24MHz, resolution 41ns, wraps every 89478484971ns
[    0.000027] clocksource: dmtimer: mask: 0xffffffff max_cycles: 0xffffffff, max_idle_ns: 79635851949 ns
[    0.000517] TI gptimer clockevent: 24000000 Hz at /ocp/interconnect@48000000/segment@0/target-module@40000
[    0.002198] Console: colour dummy device 80x30
[    0.002266] WARNING: Your 'console=ttyO0' has been replaced by 'ttyS0'
[    0.002273] This ensures that you still see kernel messages. Please
[    0.002278] update your kernel commandline.
[    0.002320] Calibrating delay loop... 996.14 BogoMIPS (lpj=4980736)
[    0.090570] CPU: Testing write buffer coherency: ok
[    0.090688] CPU0: Spectre v2: using BPIALL workaround
[    0.090700] pid_max: default: 32768 minimum: 301
[    0.090824] LSM: initializing lsm=capability
[    0.091003] Mount-cache hash table entries: 1024 (order: 0, 4096 bytes, linear)
[    0.091025] Mountpoint-cache hash table entries: 1024 (order: 0, 4096 bytes, linear)
[    0.092679] CPU0: thread -1, cpu 0, socket -1, mpidr 0
[    0.160959] Setting up static identity map for 0x80100000 - 0x80100078
[    0.170728] rcu: Hierarchical SRCU implementation.
[    0.170739] rcu: 	Max phase no-delay instances is 1000.
[    0.190782] smp: Bringing up secondary CPUs ...
[    0.190842] smp: Brought up 1 node, 1 CPU
[    0.190857] SMP: Total of 1 processors activated (996.14 BogoMIPS).
[    0.190870] CPU: All CPU(s) started in SVC mode.
[    0.191067] Memory: 480840K/522240K available (11264K kernel code, 1213K rwdata, 2896K rodata, 1024K init, 297K bss, 23388K reserved, 16384K cma-reserved, 0K highmem)
[    0.191941] devtmpfs: initialized
[    0.209093] VFP support v0.3: implementor 41 architecture 3 part 30 variant c rev 3
[    0.209460] clocksource: jiffies: mask: 0xffffffff max_cycles: 0xffffffff, max_idle_ns: 19112604462750000 ns
[    0.209497] futex hash table entries: 256 (order: 2, 16384 bytes, linear)
[    0.210965] pinctrl core: initialized pinctrl subsystem
[    0.213839] NET: Registered PF_NETLINK/PF_ROUTE protocol family
[    0.216661] DMA: preallocated 256 KiB pool for atomic coherent allocations
[    0.217581] audit: initializing netlink subsys (disabled)
[    0.219050] thermal_sys: Registered thermal governor 'fair_share'
[    0.219068] thermal_sys: Registered thermal governor 'step_wise'
[    0.219079] thermal_sys: Registered thermal governor 'user_space'
[    0.219241] audit: type=2000 audit(0.210:1): state=initialized audit_enabled=0 res=1
[    0.219278] cpuidle: using governor menu
[    0.237648] /ocp/interconnect@44c00000/segment@200000/target-module@b000/i2c@0/tda19988@70: Fixed dependency cycle(s) with /ocp/interconnect@48000000/segment@300000/target-module@e000/lcdc@0
[    0.238824] /ocp/interconnect@48000000/segment@300000/target-module@e000/lcdc@0: Fixed dependency cycle(s) with /ocp/interconnect@44c00000/segment@200000/target-module@b000/i2c@0/tda19988@70
[    0.241238] No ATAGs?
[    0.241260] hw-breakpoint: debug architecture 0x4 unsupported.
[    0.244064] kprobes: kprobe jump-optimization is enabled. All kprobes are optimized if possible.
[    0.254184] iommu: Default domain type: Translated
[    0.254208] iommu: DMA domain TLB invalidation policy: strict mode
[    0.262546] SCSI subsystem initialized
[    0.263421] pps_core: LinuxPPS API ver. 1 registered
[    0.263433] pps_core: Software ver. 5.3.6 - Copyright 2005-2007 Rodolfo Giometti <giometti@linux.it>
[    0.263457] PTP clock support registered
[    0.271089] vgaarb: loaded
[    0.271516] clocksource: Switched to clocksource dmtimer
[    0.272193] VFS: Disk quotas dquot_6.6.0
[    0.272238] VFS: Dquot-cache hash table entries: 1024 (order 0, 4096 bytes)
[    0.297184] NET: Registered PF_INET protocol family
[    0.297559] IP idents hash table entries: 8192 (order: 4, 65536 bytes, linear)
[    0.299002] tcp_listen_portaddr_hash hash table entries: 512 (order: 0, 4096 bytes, linear)
[    0.299038] Table-perturb hash table entries: 65536 (order: 6, 262144 bytes, linear)
[    0.299055] TCP established hash table entries: 4096 (order: 2, 16384 bytes, linear)
[    0.299098] TCP bind hash table entries: 4096 (order: 4, 65536 bytes, linear)
[    0.299198] TCP: Hash tables configured (established 4096 bind 4096)
[    0.299319] UDP hash table entries: 256 (order: 1, 14336 bytes, linear)
[    0.299358] UDP-Lite hash table entries: 256 (order: 1, 14336 bytes, linear)
[    0.299551] NET: Registered PF_UNIX/PF_LOCAL protocol family
[    0.312435] RPC: Registered named UNIX socket transport module.
[    0.312460] RPC: Registered udp transport module.
[    0.312466] RPC: Registered tcp transport module.
[    0.312471] RPC: Registered tcp-with-tls transport module.
[    0.312477] RPC: Registered tcp NFSv4.1 backchannel transport module.
[    0.312502] PCI: CLS 0 bytes, default 64
[    0.314039] Initialise system trusted keyrings
[    0.315268] workingset: timestamp_bits=14 max_order=17 bucket_order=3
[    0.316578] NFS: Registering the id_resolver key type
[    0.316652] Key type id_resolver registered
[    0.316661] Key type id_legacy registered
[    0.316713] jffs2: version 2.2. (NAND) (SUMMARY)  Â© 2001-2006 Red Hat, Inc.
[    0.317126] Key type asymmetric registered
[    0.317143] Asymmetric key parser 'x509' registered
[    0.317213] io scheduler mq-deadline registered
[    0.317224] io scheduler kyber registered
[    0.317296] io scheduler bfq registered
[    0.322260] ledtrig-cpu: registered to indicate activity on CPUs
[    0.325146] Serial: 8250/16550 driver, 6 ports, IRQ sharing enabled
[    0.368855] brd: module loaded
[    0.386654] loop: module loaded
[    0.387603] mtdoops: mtd device (mtddev=name/number) must be supplied
[    0.390782] i2c_dev: i2c /dev entries driver
[    0.391924] cpuidle: enable-method property 'ti,am3352' found operations
[    0.392399] sdhci: Secure Digital Host Controller Interface driver
[    0.392410] sdhci: Copyright(c) Pierre Ossman
[    0.392585] sdhci-pltfm: SDHCI platform and OF driver helper
[    0.393612] Initializing XFRM netlink socket
[    0.393763] NET: Registered PF_INET6 protocol family
[    0.408374] Segment Routing with IPv6
[    0.408467] In-situ OAM (IOAM) with IPv6
[    0.408568] sit: IPv6, IPv4 and MPLS over IPv4 tunneling driver
[    0.409541] NET: Registered PF_PACKET protocol family
[    0.409577] NET: Registered PF_KEY protocol family
[    0.409784] Key type dns_resolver registered
[    0.410063] ThumbEE CPU extension supported.
[    0.410083] Registering SWP/SWPB emulation handler
[    0.410629] omap_voltage_late_init: Voltage driver support not added
[    0.410981] SmartReflex Class3 initialized
[    0.437111] Loading compiled-in X.509 certificates
[    0.476537] /ocp/interconnect@44c00000/segment@200000/target-module@b000/i2c@0/tda19988@70: Fixed dependency cycle(s) with /ocp/interconnect@48000000/segment@300000/target-module@e000/lcdc@0
[    0.483253] /ocp/interconnect@44c00000/segment@200000/target-module@b000/i2c@0/tda19988@70: Fixed dependency cycle(s) with /ocp/interconnect@48000000/segment@300000/target-module@e000/lcdc@0
[    0.523279] /ocp/interconnect@44c00000/segment@200000/target-module@b000/i2c@0/tda19988@70: Fixed dependency cycle(s) with /ocp/interconnect@48000000/segment@300000/target-module@e000/lcdc@0
[    0.524182] /ocp/interconnect@44c00000/segment@200000/target-module@b000/i2c@0/td a19988@70: Fixed dependency cycle(s) with /ocp/interconnect@48 000000/segment@300000/target-module@e000/lcdc@0
[    0.527687] /ocp/interconnect@44c00000/segment@200000/target-module@10000/scm@0/pinmux@800: Fixed dependency cycle(s) with /ocp/interconnect@4module@b000/i2c@0/tda19988@70
[    0.720504] sdhci-omap 481d8000.mmc: supply pbias not found, using dummy regulator
[    0.721014] sdhci-omap 481d8000.mmc: supply vqmmc not found, using dummy regulator
[    0.777916] davinci_mdio 4a101000.mdio: davinci mdio revision 1.6, bus freq 1000000
[    0.932597] davinci_mdio 4a101000.mdio: phy[0]: device 4a101000.mdio:00, driver SMSC LAN8710/LAN8720
[    0.933384] cpsw-switch 4a100000.switch: initialized cpsw ale version 1.4
[    0.933409] cpsw-switch 4a100000.switch: ALE Table size 1024, Policers 0
[    0.933564] cpsw-switch 4a100000.switch: cpts: overflow check period 500 (jiffies)
[    0.933581] cpsw-switch 4a100000.switch: CPTS: ref_clk_freq:250000000 calc_mult:2147483648 calc_shift:29 error:0 nsec/sec
[    0.933690] cpsw-switch 4a100000.switch: Detected MACID = 6c:ec:eb:68:de:78
[    0.935510] cpsw-switch 4a100000.switch: initialized (regs 0x4a100000, pool size 256) hw_ver:0019010C 1.12 (0)
[    0.946723] debugfs: Directory '49000000.dma' with parent 'dmaengine' already present!
[    0.946766] edma 49000000.dma: TI EDMA DMA engine driver
[    0.966385] target-module@4b000000:target-module@140000:pmu@0:fck: device ID is greater than 24
[    0.994982] hw perfevents: enabled with armv7_cortex_a8 PMU driver, 5 (8000000f) counters available
[    1.000451] 44e09000.serial: ttyS0 at MMIO 0x44e09000 (irq = 34, base_baud = 3000000) is a 8250
[    1.000541] printk: legacy console [ttyS0] enabled
[    2.199834] l3-aon-clkctrl:0000:0: failed to disable
[    2.502563] tps65217-pmic: Failed to locate of_node [id: -1]
[    2.508639] tps65217-bl: Failed to locate of_node [id: -1]
[    2.520093] tps65217 0-0024: TPS65217 ID 0xe version 1.2
[    2.526248] /ocp/interconnect@48000000/segment@300000/target-module@e000/lcdc@0: Fixed dependency cycle(s) with /ocp/interconnect@44c00000/segment@200000/target-module@b000/i2c@0/tda19988@70
[    2.543628] /ocp/interconnect@44c00000/segment@200000/target-module@b000/i2c@0/tda19988@70: Fixed dependency cycle(s) with /ocp/interconnect@48000000/segment@300000/target-module@e000/lcdc@0
[    2.561001] omap_i2c 44e0b000.i2c: bus 0 rev0.11 at 400 kHz
[    2.569062] omap_gpio 44e07000.gpio: Could not set line 6 debounce to 200000 microseconds (-22)
[    2.577948] sdhci-omap 48060000.mmc: Got CD GPIO
[    2.582997] sdhci-omap 48060000.mmc: supply pbias not found, using dummy regulator
[    2.593278] sdhci-omap 48060000.mmc: supply vqmmc not found, using dummy regulator
[    2.602303] sdhci-omap 481d8000.mmc: supply pbias not found, using dummy regulator
[    2.610303] sdhci-omap 481d8000.mmc: supply vqmmc not found, using dummy regulator
 [    2.649333] mmc1: SDHCI controller on 481d8000.mmc [481d800 0.mmc] using External DMA
[    2.658558] mmc0: SDHCI controll er on 48060000.mmc [48060000.mmc] using External DMA
[    2.6 67344] cpsw-switch 4a100000.switch: starting ndev. mode: dual_ mac
[  
[    5.922302] cpsw-switch 4a100000.switch eth0: Link is Up - 100Mbps/Full - flow control off
[    5.961772] IP-Config: Complete:
[    5.965048]      device=eth0, hwaddr=6c:ec:eb:68:de:78, ipaddr=192.168.255.1, mask=255.255.255.0, gw=255.255.255.255
[    5.975714]      host=bbb1, domain=, nis-domain=(none)
[    5.980885]      bootserver=192.168.255.126, rootserver=192.168.255.126, rootpath=
[    5.981327] clk: Disabling unused clocks
[    5.993173] PM: genpd: Disabling unused power domains
[    5.998295] KTAP version 1
[    6.001016] 1..0
[    6.026464] VFS: Mounted root (nfs filesystem) on device 0:17.
[    6.033698] devtmpfs: mounted
[    6.038373] Freeing unused kernel image (initmem) memory: 1024K
[    6.045369] Run /sbin/init as init process
[    6.772363] systemd[1]: System time before build time, advancing clock.
[    8.231540] random: crng init done
[    8.274227] systemd[1]: systemd 232 running in system mode. (+PAM +AUDIT +SELINUX +IMA +APPARMOR +SMACK +SYSVINIT +UTMP +LIBCRYPTSETUP +GCRYPT +GNUTLS +ACL +XZ +LZ4 +SECCOMP +BLKID +ELFUTILS +KMOD +IDN)
[    8.293393] systemd[1]: Detected architecture arm.

Welcome to [1mDebian GNU/Linux 9 (stretch)[0m!

[    8.324765] systemd[1]: Set hostname to <arm>.
[    9.439732] systemd[1]: Started Dispatch Password Requests to Console Directory Watch.
[[0;32m  OK  [0m] Started Dispatch Password Requests to Console Directory Watch.
[    9.473196] systemd[1]: Created slice System Slice.
[[0;32m  OK  [0m] Created slice System Slice.
[    9.503653] systemd[1]: Listening on udev Control Socket.
[[0;32m  OK  [0m] Listening on udev Control Socket.
[    9.533616] systemd[1]: Listening on Journal Socket.
[[0;32m  OK  [0m] Listening on Journal Socket.
[    9.592149] systemd[1]: Mounting Debug File System...
         Mounting Debug File System...
[    9.613238] systemd[1]: Mounting POSIX Message Queue File System...
         Mounting POSIX Message Queue File System...
[    9.626325] systemd[1]: dev-hugepages.mount: Couldn't determine result for ConditionVirtualization=!private-users, assuming failed: No such file or directory
[[0;32m  OK  [0m] Listening on /dev/initctl Compatibility Named Pipe.
[[0;32m  OK  [0m] Listening on udev Kernel Socket.
[[0;32m  OK  [0m] Started Forward Password Requests to Wall Directory Watch.
[[0;32m  OK  [0m] Reached target Encrypted Volumes.
[[0;32m  OK  [0m] Reached target Paths.
[[0;32m  OK  [0m] Reached target Remote File Systems.
[[0;32m  OK  [0m] Listening on Journal Audit Socket.
         Starting Create list of required stâ€¦ce nodes for the current kernel...
[[0;32m  OK  [0m] Listening on Journal Socket (/dev/log).
[[0;32m  OK  [0m] Set up automount Arbitrary Executabâ€¦rmats File System Automount Point.
         Starting Load Kernel Modules...
         Starting Remount Root and Kernel File Systems...
[[0;32m  OK  [0m] Created slice User and Session Slice.
[[0;32m  OK  [0m] Reached target Slices.
[[0;32m  OK  [0m] Reached target Swap.
[[0;32m  OK  [0m] Created slice system-serial\x2dgetty.slice.
[[0;32m  OK  [0m] Created slice system-getty.slice.
[[0;32m  OK  [0m] Listening on Syslog Socket.
         Starting Journal Service...
[[0;32m  OK  [0m] Mounted POSIX Message Queue File System.
[[0;32m  OK  [0m] Mounted Debug File System.
[[0;32m  OK  [0m] Started Create list of required staâ€¦vice nodes for the current kernel.
[[0;32m  OK  [0m] Started Remount Root and Kernel File Systems.
         Starting Load/Save Random Seed...
         Starting udev Coldplug all Devices...
         Starting Create Static Device Nodes in /dev...
[[0;32m  OK  [0m] Started Load Kernel Modules.
         Mounting Configuration File System...
         Starting Apply Kernel Variables...
[[0;32m  OK  [0m] Started Load/Save Random Seed.
[[0;32m  OK  [0m] Mounted Configuration File System.
[[0;32m  OK  [0m] Started Apply Kernel Variables.
[[0;32m  OK  [0m] Started Create Static Device Nodes in /dev.
         Starting udev Kernel Device Manager...
[[0;32m  OK  [0m] Reached target Local File Systems (Pre).
[[0;32m  OK  [0m] Reached target Local File Systems.
         Starting Raise network interfaces...
[[0;32m  OK  [0m] Started Journal Service.
         Starting Flush Journal to Persistent Storage...
[   11.811039] systemd-journald[93]: Received request to flush runtime journal from PID 1
[[0;32m  OK  [0m] Started Flush Journal to Persistent Storage.
         Starting Create Volatile Files and Directories...
[[0;32m  OK  [0m] Started udev Kernel Device Manager.
[[0;32m  OK  [0m] Started Create Volatile Files and Directories.
         Starting Update UTMP about System Boot/Shutdown...
         Starting Network Time Synchronization...
[[0;32m  OK  [0m] Started udev Coldplug all Devices.
[[0;32m  OK  [0m] Started Update UTMP about System Boot/Shutdown.
[   14.681327] remoteproc remoteproc0: wkup_m3 is available
[   14.933123] omap_rtc 44e3e000.rtc: registered as rtc0
[   14.938334] omap_rtc 44e3e000.rtc: setting system clock to 2000-01-01T00:00:00 UTC (946684800)
[   15.064459] at24 2-0054: supply vcc not found, using dummy regulator
[   15.133842] omap_wdt: OMAP Watchdog Timer Rev 0x01: initial timeout 60 sec
[   15.192644] at24 2-0055: supply vcc not found, using dummy regulator
[   15.296032] at24 2-0056: supply vcc not found, using dummy regulator
[   15.425804] at24 2-0057: supply vcc not found, using dummy regulator
[   15.464259] am335x-phy-driver 47401300.usb-phy: dummy supplies not allowed for exclusive requests (id=vbus)
[[0;32m  OK  [0m] Found device /dev/ttyS0.
[   15.544337] usbcore: registered new interface driver usbfs
[   15.550642] usbcore: registered new interface driver hub
[   15.556278] usbcore: registered new device driver usb
[   15.584325] at24 0-0050: 32768 byte 24c256 EEPROM, writable, 1 bytes/write
[   15.605847] tps6521x_pwrbutton tps65217-pwrbutton: DMA mask not set
[   15.653404] am335x-phy-driver 47401b00.usb-phy: dummy supplies not allowed for exclusive requests (id=vbus)
[   15.713016] input: tps65217_pwrbutton as /devices/platform/ocp/44c00000.interconnect/44c00000.interconnect:segment@200000/44e0b000.target-module/44e0b000.i2c/i2c-0/0-0024/tps65217-pwrbutton/input/input0
[   16.078721] wkup_m3_ipc 44e11324.wkup_m3_ipc: IPC Request for A8->M3 Channel failed! -517
[   16.444508] wkup_m3_ipc 44e11324.wkup_m3_ipc: IPC Request for A8->M3 Channel failed! -517
[   16.539162] musb-hdrc musb-hdrc.1: MUSB HDRC host driver
[   16.544730] musb-hdrc musb-hdrc.1: new USB bus registered, assigned bus number 1
[   16.562481] wkup_m3_ipc 44e11324.wkup_m3_ipc: IPC Request for A8->M3 Channel failed! -517
[   16.796239] usb usb1: New USB device found, idVendor=1d6b, idProduct=0002, bcdDevice= 6.12
[   16.805064] usb usb1: New USB device strings: Mfr=3, Product=2, SerialNumber=1
[   16.812475] usb usb1: Product: MUSB HDRC host driver
[   16.817473] usb usb1: Manufacturer: Linux 6.12.0-next-20241127 musb-hcd
[   16.824173] usb usb1: SerialNumber: musb-hdrc.1
[   17.016665] tda998x 0-0070: found TDA19988
[[0;32m  OK  [0m] Started Network Time Synchronization.
[[0;32m  OK  [0m] Reached target System Initialization.
[[0;32m  OK  [0m] Started Daily Cleanup of Temporary Directories.
[   17.094933] wkup_m3_ipc 44e11324.wkup_m3_ipc: IPC Request for A8->M3 Channel failed! -517
[[0;32m  OK  [0m] Listening on Avahi mDNS/DNS-SD Stack Activation Socket.
[[0;32m  OK  [0m] Listening on D-Bus System Message Bus Socket.
[[0;32m  OK  [0m] Reached target Sockets.
[   17.222060] hub 1-0:1.0: USB hub found
[   17.227137] hub 1-0:1.0: 1 port detected
[[0;32m  OK  [0m] Reached target Basic System.
[   17.357717] omap-mailbox 480c8000.mailbox: omap mailbox rev 0x400
[   17.433306] remoteproc remoteproc0: powering up wkup_m3
[[0;32m  OK  [0m] Started Regular background program processing daemon.
[   17.649946] remoteproc remoteproc0: Direct firmware load for am335x-pm-firmware.elf failed with error -2
[   17.659926] remoteproc remoteproc0: request_firmware failed: -2
[   17.666030] wkup_m3_ipc 44e11324.wkup_m3_ipc: rproc_boot failed
         Starting System Logging Service...
         Starting Generic Board Startup...
         Starting DUN service...
         Starting Cape Manager Service...
         Starting Telephony service...
         Starting Login Service...
         Starting Avahi mDNS/DNS-SD Stack...
         Starting LSB: Load kernel modules needed to enable cpufreq scaling...
[[0;32m  OK  [0m] Started D-Bus System Message Bus.
[   19.852750] omap_rng 48310000.rng: Random Number Generator ver. 20
[   20.130941] tilcdc 4830e000.lcdc: bound 0-0070 (ops tda998x_driver_exit [tda998x])
[   20.288210] [drm] Initialized tilcdc 1.0.0 for 4830e000.lcdc on minor 0
[   20.410301] tilcdc 4830e000.lcdc: [drm] Cannot find any crtc or sizes
[   20.419832] tilcdc 4830e000.lcdc: [drm] Cannot find any crtc or sizes
[   21.225447] PM: Cannot get wkup_m3_ipc handle
[   21.312098] omap-sham 53100000.sham: hw accel on OMAP rev 4.3
[   21.442043] omap-sham 53100000.sham: will run requests pump with realtime priority
[   21.455415] PM: Cannot get wkup_m3_ipc handle
[   21.506176] omap-aes 53500000.aes: OMAP AES hw accel rev: 3.2
[   21.614392] omap-aes 53500000.aes: will run requests pump with realtime priority
[   21.624121] PM: Cannot get wkup_m3_ipc handle
[[0;32m  OK  [0m] Started Avahi mDNS/DNS-SD Stack.
[[0;32m  OK  [0m] Started DUN service.
[[0;32m  OK  [0m] Started Telephony service.
         Starting Connection service...
         Starting LSB: Start busybox udhcpd at boot time...
[[0;32m  OK  [0m] Reached target System Time Synchronized.
[[0;32m  OK  [0m] Started Daily apt download activities.
[[0;32m  OK  [0m] Started Daily apt upgrade and clean activities.
[[0;32m  OK  [0m] Reached target Timers.
[[0;32m  OK  [0m] Started System Logging Service.
[[0;32m  OK  [0m] Started Cape Manager Service.
[   24.089297] Bluetooth: Core ver 2.22
[   24.093413] NET: Registered PF_BLUETOOTH protocol family
[   24.098770] Bluetooth: HCI device and connection manager initialized
[   24.105302] Bluetooth: HCI socket layer initialized
[   24.110219] Bluetooth: L2CAP socket layer initialized
[   24.115389] Bluetooth: SCO socket layer initialized
[   24.967632] PM: Cannot get wkup_m3_ipc handle
[   25.104488] PM: Cannot get wkup_m3_ipc handle
[[0;32m  OK  [0m] Started LSB: Start busybox udhcpd at boot time.
[[0;32m  OK  [0m] Started LSB: Load kernel modules needed to enable cpufreq scaling.
[   28.477589] configfs-gadget.g_multi gadget.0: HOST MAC 1c:ba:8c:a2:ed:6c
[   28.484629] configfs-gadget.g_multi gadget.0: MAC 1c:ba:8c:a2:ed:70
[   28.492182] configfs-gadget.g_multi gadget.0: HOST MAC 1c:ba:8c:a2:ed:6c
[   28.498950] configfs-gadget.g_multi gadget.0: MAC 1c:ba:8c:a2:ed:6d
[[0;32m  OK  [0m] Started Raise network interfaces.[   28.515780] PM: Cannot get wkup_m3_ipc handle

[[0;32m  OK  [0m] Started Connection service.
[[0;32m  OK  [0m] Started Login Service.
[[0;32m  OK  [0m] Reached target Sound Card.
[[0;32m  OK  [0m] Reached target Network.
         Starting Permit User Sessions...
[[0;32m  OK  [0m] Reached target Network is Online.
         Starting LSB: Advanced IEEE 802.11 management daemon...
         Starting OpenBSD Secure Shell server...
         Starting The Apache HTTP Server...
         Starting LSB: set CPUFreq kernel parameters...
[[0;32m  OK  [0m] Started Permit User Sessions.
[[0;32m  OK  [0m] Started LSB: Advanced IEEE 802.11 management daemon.
         Starting Hostname Service...
         Starting WPA supplicant...
[[0;32m  OK  [0m] Started Getty on tty1.
[[0;32m  OK  [0m] Started Serial Getty on ttyS0.
[[0;32m  OK  [0m] Reached target Login Prompts.
[[0;32m  OK  [0m] Started LSB: set CPUFreq kernel parameters.
[[0;32m  OK  [0m] Started WPA supplicant.
[[0;32m  OK  [0m] Started Hostname Service.
         Stopping LSB: Start busybox udhcpd at boot time...
[[0;32m  OK  [0m] Started OpenBSD Secure Shell server.
[[0;32m  OK  [0m] Stopped LSB: Start busybox udhcpd at boot time.
         Starting dnsmasq - A lightweight DHCP and caching DNS server...
[[0;32m  OK  [0m] Started The Apache HTTP Server.
[[0;32m  OK  [0m] Started dnsmasq - A lightweight DHCP and caching DNS server.
[[0;32m  OK  [0m] Reached target Host and Network Name Lookups.
[[0;32m  OK  [0m] Started Serial Getty on ttyGS0.
[[0;32m  OK  [0m] Started Generic Board Startup.
[[0;32m  OK  [0m] Reached target Multi-User System.
[[0;32m  OK  [0m] Reached target Graphical Interface.
         Starting Update UTMP about System Runlevel Changes...
[[0;32m  OK  [0m] Started Update UTMP about System Runlevel Changes.

Debian GNU/Linux 9 arm ttyS0

default username:password is [debian:temppwd]

arm login: root
Password: 
Last login: Sat Jan  1 00:00:29 UTC 2000 on ttyS0
root
Linux arm 6.12.0-next-20241127 #146 SMP Wed Nov 27 05:41:11 EET 2024 armv7l

The programs included with the Debian GNU/Linux system are free software;
the exact distribution terms for each program are described in the
individual files in /usr/share/doc/*/copyright.

Debian GNU/Linux comes with ABSOLUTELY NO WARRANTY, to the extent
permitted by applicable law.
root@arm:~# root
dmesg -n 1
-bash: root: command not found
root@arm:~# dmesg -n 1
root@arm:~# echo 'UHAE''EZPUWK'
UHAEEZPUWK
root@arm:~# run() { echo -n "$MARKER"; sh -c "$@"; echo "$MARKER $?"; }
root@arm:~# echo 'MBLA''LCUUNQ'
MBLALCUUNQ
root@arm:~# MARKER='QLEE''XKQYXX' run 'cat /proc/version'
QLEEXKQYXXLinux version 6.12.0-next-20241127 (user01@drvtest01) (arm-linux-gnueabihf-gcc (Linaro GCC 6.4-2017.11) 6.4.1 20171012, GNU ld (Linaro_Binutils-2017.11) 2.27.0.20161229) #146 SMP Wed Nov 27 05:41:11 EET 2024
QLEEXKQYXX 0
root@arm:~# echo 'AHFL''KLYVAK'
AHFLKLYVAK
root@arm:~# MARKER='EZHM''LKNFKX' run false
EZHMLKNFKXEZHMLKNFKX 1
root@arm:~# Labgrid Console Logfile for main
Logfile started at 2024-11-27 05:43:06.749297
=== Log starts here ===

root@arm:~# run() { echo -n "$MARKER"; sh -c "$@"; echo "$MARKER $?"; }
root@arm:~# echo 'YVJA''VFKQCG'
YVJAVFKQCG
root@arm:~# MARKER='CKWA''NJUYSL' run dmesg
CKWANJUYSL[    0.000000] Booting Linux on physical CPU 0x0
[    0.000000] Linux version 6.12.0-next-20241127 (user01@drvtest01) (arm-linux-gnueabihf-gcc (Linaro GCC 6.4-2017.11) 6.4.1 20171012, GNU ld (Linaro_Binutils-2017.11) 2.27.0.20161229) #146 SMP Wed Nov 27 05:41:11 EET 2024
[    0.000000] CPU: ARMv7 Processor [413fc082] revision 2 (ARMv7), cr=10c5387d
[    0.000000] CPU: PIPT / VIPT nonaliasing data cache, VIPT aliasing instruction cache
[    0.000000] OF: fdt: Machine model: TI AM335x BeagleBone Black
[    0.000000] Memory policy: Data cache writeback
[    0.000000] cma: Reserved 16 MiB at 0x9e800000 on node -1
[    0.000000] Zone ranges:
[    0.000000]   Normal   [mem 0x0000000080000000-0x000000009fdfffff]
[    0.000000]   HighMem  empty
[    0.000000] Movable zone start for each node
[    0.000000] Early memory node ranges
[    0.000000]   node   0: [mem 0x0000000080000000-0x000000009fdfffff]
[    0.000000] Initmem setup node 0 [mem 0x0000000080000000-0x000000009fdfffff]
[    0.000000] OF: reserved mem: Reserved memory: No reserved-memory node in the DT
[    0.000000] CPU: All CPU(s) started in SVC mode.
[    0.000000] AM335X ES2.1 (sgx neon)
[    0.000000] percpu: Embedded 17 pages/cpu s39564 r8192 d21876 u69632
[    0.000000] pcpu-alloc: s39564 r8192 d21876 u69632 alloc=17*4096
[    0.000000] pcpu-alloc: [0] 0 
[    0.000000] Kernel command line: console=ttyO0,115200n8 root=/dev/nfs rw nfsroot=192.168.255.126:/home/user01/nfs,nfsvers=3 ip=192.168.255.1:192.168.255.126::255.255.255.0:bbb1:eth0 nfsrootdebug
[    0.000000] Unknown kernel command line parameters "nfsrootdebug", will be passed to user space.
[    0.000000] printk: log buffer data + meta data: 65536 + 204800 = 270336 bytes
[    0.000000] Dentry cache hash table entries: 65536 (order: 6, 262144 bytes, linear)
[    0.000000] Inode-cache hash table entries: 32768 (order: 5, 131072 bytes, linear)
[    0.000000] Built 1 zonelists, mobility grouping on.  Total pages: 130560
[    0.000000] mem auto-init: stack:off, heap alloc:off, heap free:off
[    0.000000] SLUB: HWalign=64, Order=0-3, MinObjects=0, CPUs=1, Nodes=1
[    0.000000] trace event string verifier disabled
[    0.000000] rcu: Hierarchical RCU implementation.
[    0.000000] rcu: 	RCU event tracing is enabled.
[    0.000000] rcu: 	RCU restricting CPUs from NR_CPUS=2 to nr_cpu_ids=1.
[    0.000000] 	Tracing variant of Tasks RCU enabled.
[    0.000000] rcu: RCU calculated value of scheduler-enlistment delay is 10 jiffies.
[    0.000000] rcu: Adjusting geometry for rcu_fanout_leaf=16, nr_cpu_ids=1
[    0.000000] RCU Tasks Trace: Setting shift to 0 and lim to 1 rcu_task_cb_adjust=1 rcu_task_cpu_ids=1.
[    0.000000] NR_IRQS: 16, nr_irqs: 16, preallocated irqs: 16
[    0.000000] IRQ: Found an INTC at 0x(ptrval) (revision 5.0) with 128 interrupts
[    0.000000] rcu: srcu_init: Setting srcu_struct sizes based on contention.
[    0.000000] TI gptimer clocksource: always-on /ocp/interconnect@44c00000/segment@200000/target-module@31000
[    0.000002] sched_clock: 32 bits at 24MHz, resolution 41ns, wraps every 89478484971ns
[    0.000027] clocksource: dmtimer: mask: 0xffffffff max_cycles: 0xffffffff, max_idle_ns: 79635851949 ns
[    0.000517] TI gptimer clockevent: 24000000 Hz at /ocp/interconnect@48000000/segment@0/target-module@40000
[    0.002198] Console: colour dummy device 80x30
[    0.002266] WARNING: Your 'console=ttyO0' has been replaced by 'ttyS0'
[    0.002273] This ensures that you still see kernel messages. Please
[    0.002278] update your kernel commandline.
[    0.002320] Calibrating delay loop... 996.14 BogoMIPS (lpj=4980736)
[    0.090570] CPU: Testing write buffer coherency: ok
[    0.090688] CPU0: Spectre v2: using BPIALL workaround
[    0.090700] pid_max: default: 32768 minimum: 301
[    0.090824] LSM: initializing lsm=capability
[    0.091003] Mount-cache hash table entries: 1024 (order: 0, 4096 bytes, linear)
[    0.091025] Mountpoint-cache hash table entries: 1024 (order: 0, 4096 bytes, linear)
[    0.092679] CPU0: thread -1, cpu 0, socket -1, mpidr 0
[    0.160959] Setting up static identity map for 0x80100000 - 0x80100078
[    0.170728] rcu: Hierarchical SRCU implementation.
[    0.170739] rcu: 	Max phase no-delay instances is 1000.
[    0.190782] smp: Bringing up secondary CPUs ...
[    0.190842] smp: Brought up 1 node, 1 CPU
[    0.190857] SMP: Total of 1 processors activated (996.14 BogoMIPS).
[    0.190870] CPU: All CPU(s) started in SVC mode.
[    0.191067] Memory: 480840K/522240K available (11264K kernel code, 1213K rwdata, 2896K rodata, 1024K init, 297K bss, 23388K reserved, 16384K cma-reserved, 0K highmem)
[    0.191941] devtmpfs: initialized
[    0.209093] VFP support v0.3: implementor 41 architecture 3 part 30 variant c rev 3
[    0.209460] clocksource: jiffies: mask: 0xffffffff max_cycles: 0xffffffff, max_idle_ns: 19112604462750000 ns
[    0.209497] futex hash table entries: 256 (order: 2, 16384 bytes, linear)
[    0.210965] pinctrl core: initialized pinctrl subsystem
[    0.213839] NET: Registered PF_NETLINK/PF_ROUTE protocol family
[    0.216661] DMA: preallocated 256 KiB pool for atomic coherent allocations
[    0.217581] audit: initializing netlink subsys (disabled)
[    0.219050] thermal_sys: Registered thermal governor 'fair_share'
[    0.219068] thermal_sys: Registered thermal governor 'step_wise'
[    0.219079] thermal_sys: Registered thermal governor 'user_space'
[    0.219241] audit: type=2000 audit(0.210:1): state=initialized audit_enabled=0 res=1
[    0.219278] cpuidle: using governor menu
[    0.237648] /ocp/interconnect@44c00000/segment@200000/target-module@b000/i2c@0/tda19988@70: Fixed dependency cycle(s) with /ocp/interconnect@48000000/segment@300000/target-module@e000/lcdc@0
[    0.238824] /ocp/interconnect@48000000/segment@300000/target-module@e000/lcdc@0: Fixed dependency cycle(s) with /ocp/interconnect@44c00000/segment@200000/target-module@b000/i2c@0/tda19988@70
[    0.241238] No ATAGs?
[    0.241260] hw-breakpoint: debug architecture 0x4 unsupported.
[    0.244064] kprobes: kprobe jump-optimization is enabled. All kprobes are optimized if possible.
[    0.254184] iommu: Default domain type: Translated
[    0.254208] iommu: DMA domain TLB invalidation policy: strict mode
[    0.261385] reg-fixed-voltage fixedregulator0: using DT '/fixedregulator0' for '(default)' GPIO lookup
[    0.261441] of_get_named_gpiod_flags: can't parse 'gpios' property of node '/fixedregulator0[0]'
[    0.261471] of_get_named_gpiod_flags: can't parse 'gpio' property of node '/fixedregulator0[0]'
[    0.261490] reg-fixed-voltage fixedregulator0: using lookup tables for GPIO lookup
[    0.261501] reg-fixed-voltage fixedregulator0: No GPIO consumer (default) found
[    0.262546] SCSI subsystem initialized
[    0.263049] libata version 3.00 loaded.
[    0.263421] pps_core: LinuxPPS API ver. 1 registered
[    0.263433] pps_core: Software ver. 5.3.6 - Copyright 2005-2007 Rodolfo Giometti <giometti@linux.it>
[    0.263457] PTP clock support registered
[    0.271089] vgaarb: loaded
[    0.271516] clocksource: Switched to clocksource dmtimer
[    0.272193] VFS: Disk quotas dquot_6.6.0
[    0.272238] VFS: Dquot-cache hash table entries: 1024 (order 0, 4096 bytes)
[    0.297184] NET: Registered PF_INET protocol family
[    0.297559] IP idents hash table entries: 8192 (order: 4, 65536 bytes, linear)
[    0.299002] tcp_listen_portaddr_hash hash table entries: 512 (order: 0, 4096 bytes, linear)
[    0.299038] Table-perturb hash table entries: 65536 (order: 6, 262144 bytes, linear)
[    0.299055] TCP established hash table entries: 4096 (order: 2, 16384 bytes, linear)
[    0.299098] TCP bind hash table entries: 4096 (order: 4, 65536 bytes, linear)
[    0.299198] TCP: Hash tables configured (established 4096 bind 4096)
[    0.299319] UDP hash table entries: 256 (order: 1, 14336 bytes, linear)
[    0.299358] UDP-Lite hash table entries: 256 (order: 1, 14336 bytes, linear)
[    0.299551] NET: Registered PF_UNIX/PF_LOCAL protocol family
[    0.312435] RPC: Registered named UNIX socket transport module.
[    0.312460] RPC: Registered udp transport module.
[    0.312466] RPC: Registered tcp transport module.
[    0.312471] RPC: Registered tcp-with-tls transport module.
[    0.312477] RPC: Registered tcp NFSv4.1 backchannel transport module.
[    0.312502] PCI: CLS 0 bytes, default 64
[    0.314039] Initialise system trusted keyrings
[    0.315268] workingset: timestamp_bits=14 max_order=17 bucket_order=3
[    0.316578] NFS: Registering the id_resolver key type
[    0.316652] Key type id_resolver registered
[    0.316661] Key type id_legacy registered
[    0.316713] jffs2: version 2.2. (NAND) (SUMMARY)  Â© 2001-2006 Red Hat, Inc.
[    0.317126] Key type asymmetric registered
[    0.317143] Asymmetric key parser 'x509' registered
[    0.317213] io scheduler mq-deadline registered
[    0.317224] io scheduler kyber registered
[    0.317296] io scheduler bfq registered
[    0.322260] ledtrig-cpu: registered to indicate activity on CPUs
[    0.325146] Serial: 8250/16550 driver, 6 ports, IRQ sharing enabled
[    0.368855] brd: module loaded
[    0.386654] loop: module loaded
[    0.387603] mtdoops: mtd device (mtddev=name/number) must be supplied
[    0.389372] mdio_bus fixed-0: using lookup tables for GPIO lookup
[    0.389401] mdio_bus fixed-0: No GPIO consumer reset found
[    0.390782] i2c_dev: i2c /dev entries driver
[    0.391924] cpuidle: enable-method property 'ti,am3352' found operations
[    0.392399] sdhci: Secure Digital Host Controller Interface driver
[    0.392410] sdhci: Copyright(c) Pierre Ossman
[    0.392585] sdhci-pltfm: SDHCI platform and OF driver helper
[    0.393612] Initializing XFRM netlink socket
[    0.393763] NET: Registered PF_INET6 protocol family
[    0.408374] Segment Routing with IPv6
[    0.408467] In-situ OAM (IOAM) with IPv6
[    0.408568] sit: IPv6, IPv4 and MPLS over IPv4 tunneling driver
[    0.409541] NET: Registered PF_PACKET protocol family
[    0.409577] NET: Registered PF_KEY protocol family
[    0.409784] Key type dns_resolver registered
[    0.410063] ThumbEE CPU extension supported.
[    0.410083] Registering SWP/SWPB emulation handler
[    0.410629] omap_voltage_late_init: Voltage driver support not added
[    0.410981] SmartReflex Class3 initialized
[    0.437111] Loading compiled-in X.509 certificates
[    0.476537] /ocp/interconnect@44c00000/segment@200000/target-module@b000/i2c@0/tda19988@70: Fixed dependency cycle(s) with /ocp/interconnect@48000000/segment@300000/target-module@e000/lcdc@0
[    0.483253] /ocp/interconnect@44c00000/segment@200000/target-module@b000/i2c@0/tda19988@70: Fixed dependency cycle(s) with /ocp/interconnect@48000000/segment@300000/target-module@e000/lcdc@0
[    0.488893] gpiochip_find_base_unlocked: found new base at 512
[    0.523279] /ocp/interconnect@44c00000/segment@200000/target-module@b000/i2c@0/tda19988@70: Fixed dependency cycle(s) with /ocp/interconnect@48000000/segment@300000/target-module@e000/lcdc@0
[    0.524182] /ocp/interconnect@44c00000/segment@200000/target-module@b000/i2c@0/tda19988@70: Fixed dependency cycle(s) with /ocp/interconnect@48000000/segment@300000/target-module@e000/lcdc@0
[    0.527687] /ocp/interconnect@44c00000/segment@200000/target-module@10000/scm@0/pinmux@800: Fixed dependency cycle(s) with /ocp/interconnect@44c00000/segment@200000/target-module@10000/scm@0/pinmux@800/clkout2-pins
[    0.528261] pinctrl-single 44e10800.pinmux: 142 pins, size 568
[    0.533747] ti-sysc 44e31000.target-module: probe with driver ti-sysc failed with error -16
[    0.573917] /ocp/interconnect@48000000/segment@300000/target-module@e000/lcdc@0: Fixed dependency cycle(s) with /ocp/interconnect@44c00000/segment@200000/target-module@b000/i2c@0/tda19988@70
[    0.582054] ti-sysc 48040000.target-module: probe with driver ti-sysc failed with error -16
[    0.593524] gpiochip_find_base_unlocked: found new base at 512
[    0.593627] gpio gpiochip0: (gpio-0-31): created GPIO range 0->7 ==> 44e10800.pinmux PIN 0->7
[    0.593648] gpio gpiochip0: (gpio-0-31): created GPIO range 8->11 ==> 44e10800.pinmux PIN 90->93
[    0.593664] gpio gpiochip0: (gpio-0-31): created GPIO range 12->27 ==> 44e10800.pinmux PIN 12->27
[    0.593680] gpio gpiochip0: (gpio-0-31): created GPIO range 28->31 ==> 44e10800.pinmux PIN 30->33
[    0.634208] gpio gpiochip0: (gpio-0-31): added GPIO chardev (254:0)
[    0.634369] gpio gpiochip0: registered GPIOs 512 to 543 on gpio-0-31
[    0.634455] OMAP GPIO hardware version 0.1
[    0.671826] i2c i2c-2: using DT '/ocp/interconnect@48000000/segment@100000/target-module@9c000/i2c@0' for 'scl' GPIO lookup
[    0.671903] of_get_named_gpiod_flags: can't parse 'scl-gpios' property of node '/ocp/interconnect@48000000/segment@100000/target-module@9c000/i2c@0[0]'
[    0.671946] of_get_named_gpiod_flags: can't parse 'scl-gpio' property of node '/ocp/interconnect@48000000/segment@100000/target-module@9c000/i2c@0[0]'
[    0.671983] i2c i2c-2: using lookup tables for GPIO lookup
[    0.671993] i2c i2c-2: No GPIO consumer scl found
[    0.672016] i2c i2c-2: using DT '/ocp/interconnect@48000000/segment@100000/target-module@9c000/i2c@0' for 'sda' GPIO lookup
[    0.672052] of_get_named_gpiod_flags: can't parse 'sda-gpios' property of node '/ocp/interconnect@48000000/segment@100000/target-module@9c000/i2c@0[0]'
[    0.672090] of_get_named_gpiod_flags: can't parse 'sda-gpio' property of node '/ocp/interconnect@48000000/segment@100000/target-module@9c000/i2c@0[0]'
[    0.672122] i2c i2c-2: using lookup tables for GPIO lookup
[    0.672130] i2c i2c-2: No GPIO consumer sda found
[    0.672845] omap_i2c 4819c000.i2c: bus 2 rev0.11 at 100 kHz
[    0.678342] gpiochip_find_base_unlocked: found new base at 544
[    0.678444] gpio gpiochip1: (gpio-32-63): created GPIO range 0->17 ==> 44e10800.pinmux PIN 34->51
[    0.678465] gpio gpiochip1: (gpio-32-63): created GPIO range 18->21 ==> 44e10800.pinmux PIN 77->80
[    0.678483] gpio gpiochip1: (gpio-32-63): created GPIO range 22->31 ==> 44e10800.pinmux PIN 56->65
[    0.695377] gpio gpiochip1: (gpio-32-63): added GPIO chardev (254:1)
[    0.695558] gpio gpiochip1: registered GPIOs 544 to 575 on gpio-32-63
[    0.697786] gpiochip_find_base_unlocked: found new base at 576
[    0.697878] gpio gpiochip2: (gpio-64-95): created GPIO range 0->4 ==> 44e10800.pinmux PIN 66->70
[    0.697898] gpio gpiochip2: (gpio-64-95): created GPIO range 5->6 ==> 44e10800.pinmux PIN 98->99
[    0.697914] gpio gpiochip2: (gpio-64-95): created GPIO range 7->8 ==> 44e10800.pinmux PIN 75->76
[    0.697930] gpio gpiochip2: (gpio-64-95): created GPIO range 13->13 ==> 44e10800.pinmux PIN 141->141
[    0.697946] gpio gpiochip2: (gpio-64-95): created GPIO range 14->21 ==> 44e10800.pinmux PIN 100->107
[    0.698621] gpio gpiochip2: (gpio-64-95): added GPIO chardev (254:2)
[    0.698755] gpio gpiochip2: registered GPIOs 576 to 607 on gpio-64-95
[    0.704689] 48000000.interconnect:segment@200000:target-module@0:mpu@0:fck: device ID is greater than 24
[    0.705590] /ocp/interconnect@48000000/segment@300000/target-module@e000/lcdc@0: Fixed dependency cycle(s) with /ocp/interconnect@44c00000/segment@200000/target-module@b000/i2c@0/tda19988@70
[    0.708388] /ocp/interconnect@48000000/segment@300000/target-module@e000/lcdc@0: Fixed dependency cycle(s) with /ocp/interconnect@44c00000/segment@200000/target-module@b000/i2c@0/tda19988@70
[    0.709097] /ocp/interconnect@44c00000/segment@200000/target-module@b000/i2c@0/tda19988@70: Fixed dependency cycle(s) with /ocp/interconnect@48000000/segment@300000/target-module@e000/lcdc@0
[    0.709263] /ocp/interconnect@48000000/segment@300000/target-module@e000/lcdc@0: Fixed dependency cycle(s) with /ocp/interconnect@44c00000/segment@200000/target-module@b000/i2c@0/tda19988@70
[    0.719060] mdio_bus 4a101000.mdio: using DT '/ocp/interconnect@4a000000/segment@0/target-module@100000/switch@0/mdio@1000' for 'reset' GPIO lookup
[    0.719136] of_get_named_gpiod_flags: can't parse 'reset-gpios' property of node '/ocp/interconnect@4a000000/segment@0/target-module@100000/switch@0/mdio@1000[0]'
[    0.719185] of_get_named_gpiod_flags: can't parse 'reset-gpio' property of node '/ocp/interconnect@4a000000/segment@0/target-module@100000/switch@0/mdio@1000[0]'
[    0.719234] mdio_bus 4a101000.mdio: using lookup tables for GPIO lookup
[    0.719244] mdio_bus 4a101000.mdio: No GPIO consumer reset found
[    0.720144] sdhci-omap 481d8000.mmc: using DT '/ocp/interconnect@48000000/segment@100000/target-module@d8000/mmc@0' for 'wp' GPIO lookup
[    0.720219] of_get_named_gpiod_flags: can't parse 'wp-gpios' property of node '/ocp/interconnect@48000000/segment@100000/target-module@d8000/mmc@0[0]'
[    0.720266] of_get_named_gpiod_flags: can't parse 'wp-gpio' property of node '/ocp/interconnect@48000000/segment@100000/target-module@d8000/mmc@0[0]'
[    0.720302] sdhci-omap 481d8000.mmc: using lookup tables for GPIO lookup
[    0.720311] sdhci-omap 481d8000.mmc: No GPIO consumer wp found
[    0.720504] sdhci-omap 481d8000.mmc: supply pbias not found, using dummy regulator
[    0.721014] sdhci-omap 481d8000.mmc: supply vqmmc not found, using dummy regulator
[    0.777916] davinci_mdio 4a101000.mdio: davinci mdio revision 1.6, bus freq 1000000
[    0.798322] mdio_bus 4a101000.mdio:00: using DT '/ocp/interconnect@4a000000/segment@0/target-module@100000/switch@0/mdio@1000/ethernet-phy@0' for 'reset' GPIO lookup
[    0.798429] of_get_named_gpiod_flags: parsed 'reset-gpios' property of node '/ocp/interconnect@4a000000/segment@0/target-module@100000/switch@0/mdio@1000/ethernet-phy@0[0]' - status (0)
[    0.798592] gpio gpiochip0: Persistence not supported for GPIO 8
[    0.932597] davinci_mdio 4a101000.mdio: phy[0]: device 4a101000.mdio:00, driver SMSC LAN8710/LAN8720
[    0.933384] cpsw-switch 4a100000.switch: initialized cpsw ale version 1.4
[    0.933409] cpsw-switch 4a100000.switch: ALE Table size 1024, Policers 0
[    0.933564] cpsw-switch 4a100000.switch: cpts: overflow check period 500 (jiffies)
[    0.933581] cpsw-switch 4a100000.switch: CPTS: ref_clk_freq:250000000 calc_mult:2147483648 calc_shift:29 error:0 nsec/sec
[    0.933690] cpsw-switch 4a100000.switch: Detected MACID = 6c:ec:eb:68:de:78
[    0.935510] cpsw-switch 4a100000.switch: initialized (regs 0x4a100000, pool size 256) hw_ver:0019010C 1.12 (0)
[    0.946723] debugfs: Directory '49000000.dma' with parent 'dmaengine' already present!
[    0.946766] edma 49000000.dma: TI EDMA DMA engine driver
[    0.966385] target-module@4b000000:target-module@140000:pmu@0:fck: device ID is greater than 24
[    0.994982] hw perfevents: enabled with armv7_cortex_a8 PMU driver, 5 (8000000f) counters available
[    0.995968] gpio-clk clk_mcasp0: using DT '/clk_mcasp0' for 'enable' GPIO lookup
[    0.996037] of_get_named_gpiod_flags: parsed 'enable-gpios' property of node '/clk_mcasp0[0]' - status (0)
[    0.996083] gpio gpiochip0: Persistence not supported for GPIO 27
[    0.996904] gpiochip_find_base_unlocked: found new base at 608
[    0.997014] gpio gpiochip3: (gpio-96-127): created GPIO range 0->7 ==> 44e10800.pinmux PIN 82->89
[    0.997034] gpio gpiochip3: (gpio-96-127): created GPIO range 8->11 ==> 44e10800.pinmux PIN 52->55
[    0.997051] gpio gpiochip3: (gpio-96-127): created GPIO range 12->15 ==> 44e10800.pinmux PIN 94->97
[    0.997067] gpio gpiochip3: (gpio-96-127): created GPIO range 16->17 ==> 44e10800.pinmux PIN 71->72
[    0.997082] gpio gpiochip3: (gpio-96-127): created GPIO range 18->18 ==> 44e10800.pinmux PIN 135->135
[    0.997099] gpio gpiochip3: (gpio-96-127): created GPIO range 19->20 ==> 44e10800.pinmux PIN 108->109
[    0.997119] gpio gpiochip3: (gpio-96-127): created GPIO range 21->21 ==> 44e10800.pinmux PIN 73->73
[    0.997137] gpio gpiochip3: (gpio-96-127): created GPIO range 22->23 ==> 44e10800.pinmux PIN 8->9
[    0.997155] gpio gpiochip3: (gpio-96-127): created GPIO range 26->27 ==> 44e10800.pinmux PIN 10->11
[    0.997173] gpio gpiochip3: (gpio-96-127): created GPIO range 28->28 ==> 44e10800.pinmux PIN 74->74
[    0.997192] gpio gpiochip3: (gpio-96-127): created GPIO range 29->29 ==> 44e10800.pinmux PIN 81->81
[    0.997210] gpio gpiochip3: (gpio-96-127): created GPIO range 30->31 ==> 44e10800.pinmux PIN 28->29
[    0.997859] gpio gpiochip3: (gpio-96-127): added GPIO chardev (254:3)
[    0.998001] gpio gpiochip3: registered GPIOs 608 to 639 on gpio-96-127
[    0.999789] omap8250 44e09000.serial: using DT '/ocp/interconnect@44c00000/segment@200000/target-module@9000/serial@0' for 'rs485-term' GPIO lookup
[    0.999864] of_get_named_gpiod_flags: can't parse 'rs485-term-gpios' property of node '/ocp/interconnect@44c00000/segment@200000/target-module@9000/serial@0[0]'
[    0.999909] of_get_named_gpiod_flags: can't parse 'rs485-term-gpio' property of node '/ocp/interconnect@44c00000/segment@200000/target-module@9000/serial@0[0]'
[    0.999947] omap8250 44e09000.serial: using lookup tables for GPIO lookup
[    0.999957] omap8250 44e09000.serial: No GPIO consumer rs485-term found
[    0.999968] omap8250 44e09000.serial: using DT '/ocp/interconnect@44c00000/segment@200000/target-module@9000/serial@0' for 'rs485-rx-during-tx' GPIO lookup
[    1.000006] of_get_named_gpiod_flags: can't parse 'rs485-rx-during-tx-gpios' property of node '/ocp/interconnect@44c00000/segment@200000/target-module@9000/serial@0[0]'
[    1.000044] of_get_named_gpiod_flags: can't parse 'rs485-rx-during-tx-gpio' property of node '/ocp/interconnect@44c00000/segment@200000/target-module@9000/serial@0[0]'
[    1.000077] omap8250 44e09000.serial: using lookup tables for GPIO lookup
[    1.000085] omap8250 44e09000.serial: No GPIO consumer rs485-rx-during-tx found
[    1.000451] 44e09000.serial: ttyS0 at MMIO 0x44e09000 (irq = 34, base_baud = 3000000) is a 8250
[    1.000541] printk: legacy console [ttyS0] enabled
[    2.199834] l3-aon-clkctrl:0000:0: failed to disable
[    2.487467] i2c i2c-0: using DT '/ocp/interconnect@44c00000/segment@200000/target-module@b000/i2c@0' for 'scl' GPIO lookup
[    2.487560] of_get_named_gpiod_flags: can't parse 'scl-gpios' property of node '/ocp/interconnect@44c00000/segment@200000/target-module@b000/i2c@0[0]'
[    2.487611] of_get_named_gpiod_flags: can't parse 'scl-gpio' property of node '/ocp/interconnect@44c00000/segment@200000/target-module@b000/i2c@0[0]'
[    2.487653] i2c i2c-0: using lookup tables for GPIO lookup
[    2.487668] i2c i2c-0: No GPIO consumer scl found
[    2.487694] i2c i2c-0: using DT '/ocp/interconnect@44c00000/segment@200000/target-module@b000/i2c@0' for 'sda' GPIO lookup
[    2.487735] of_get_named_gpiod_flags: can't parse 'sda-gpios' property of node '/ocp/interconnect@44c00000/segment@200000/target-module@b000/i2c@0[0]'
[    2.487778] of_get_named_gpiod_flags: can't parse 'sda-gpio' property of node '/ocp/interconnect@44c00000/segment@200000/target-module@b000/i2c@0[0]'
[    2.487815] i2c i2c-0: using lookup tables for GPIO lookup
[    2.487826] i2c i2c-0: No GPIO consumer sda found
[    2.502563] tps65217-pmic: Failed to locate of_node [id: -1]
[    2.508639] tps65217-bl: Failed to locate of_node [id: -1]
[    2.520093] tps65217 0-0024: TPS65217 ID 0xe version 1.2
[    2.526248] /ocp/interconnect@48000000/segment@300000/target-module@e000/lcdc@0: Fixed dependency cycle(s) with /ocp/interconnect@44c00000/segment@200000/target-module@b000/i2c@0/tda19988@70
[    2.543628] /ocp/interconnect@44c00000/segment@200000/target-module@b000/i2c@0/tda19988@70: Fixed dependency cycle(s) with /ocp/interconnect@48000000/segment@300000/target-module@e000/lcdc@0
[    2.561001] omap_i2c 44e0b000.i2c: bus 0 rev0.11 at 400 kHz
[    2.568856] sdhci-omap 48060000.mmc: using DT '/ocp/interconnect@48000000/segment@0/target-module@60000/mmc@0' for 'cd' GPIO lookup
[    2.568967] of_get_named_gpiod_flags: parsed 'cd-gpios' property of node '/ocp/interconnect@48000000/segment@0/target-module@60000/mmc@0[0]' - status (0)
[    2.569036] gpio gpiochip3: Persistence not supported for GPIO 6
[    2.569062] omap_gpio 44e07000.gpio: Could not set line 6 debounce to 200000 microseconds (-22)
[    2.577948] sdhci-omap 48060000.mmc: Got CD GPIO
[    2.582634] sdhci-omap 48060000.mmc: using DT '/ocp/interconnect@48000000/segment@0/target-module@60000/mmc@0' for 'wp' GPIO lookup
[    2.582684] of_get_named_gpiod_flags: can't parse 'wp-gpios' property of node '/ocp/interconnect@48000000/segment@0/target-module@60000/mmc@0[0]'
[    2.582730] of_get_named_gpiod_flags: can't parse 'wp-gpio' property of node '/ocp/interconnect@48000000/segment@0/target-module@60000/mmc@0[0]'
[    2.582773] sdhci-omap 48060000.mmc: using lookup tables for GPIO lookup
[    2.582787] sdhci-omap 48060000.mmc: No GPIO consumer wp found
[    2.582997] sdhci-omap 48060000.mmc: supply pbias not found, using dummy regulator
[    2.591772] sdhci-omap 481d8000.mmc: using DT '/ocp/interconnect@48000000/segment@100000/target-module@d8000/mmc@0' for 'wp' GPIO lookup
[    2.591850] of_get_named_gpiod_flags: can't parse 'wp-gpios' property of node '/ocp/interconnect@48000000/segment@100000/target-module@d8000/mmc@0[0]'
[    2.591899] of_get_named_gpiod_flags: can't parse 'wp-gpio' property of node '/ocp/interconnect@48000000/segment@100000/target-module@d8000/mmc@0[0]'
[    2.591941] sdhci-omap 481d8000.mmc: using lookup tables for GPIO lookup
[    2.591955] sdhci-omap 481d8000.mmc: No GPIO consumer wp found
[    2.593278] sdhci-omap 48060000.mmc: supply vqmmc not found, using dummy regulator
[    2.602303] sdhci-omap 481d8000.mmc: supply pbias not found, using dummy regulator
[    2.610303] sdhci-omap 481d8000.mmc: supply vqmmc not found, using dummy regulator
[    2.649333] mmc1: SDHCI controller on 481d8000.mmc [481d8000.mmc] using External DMA
[    2.658558] mmc0: SDHCI controller on 48060000.mmc [48060000.mmc] using External DMA
[    2.667344] cpsw-switch 4a100000.switch: starting ndev. mode: dual_mac
[    2.710718] mmc0: new high speed SDHC card at address 5048
[    2.717844] mmcblk0: mmc0:5048 SD16G 14.4 GiB
[    2.726047]  mmcblk0: p1 p2
[    2.729486] mmcblk0: p2 size 31221760 extends beyond EOD, truncated
[    2.742754] SMSC LAN8710/LAN8720 4a101000.mdio:00: attached PHY driver (mii_bus:phy_addr=4a101000.mdio:00, irq=POLL)
[    2.755435] mmc1: new high speed MMC card at address 0001
[    2.766523] mmcblk1: mmc1:0001 MMC04G 3.60 GiB
[    2.774052]  mmcblk1: p1 p2
[    2.778323] mmcblk1boot0: mmc1:0001 MMC04G 2.00 MiB
[    2.785794] mmcblk1boot1: mmc1:0001 MMC04G 2.00 MiB
[    2.793313] mmcblk1rpmb: mmc1:0001 MMC04G 128 KiB, chardev (250:0)
[    5.922302] cpsw-switch 4a100000.switch eth0: Link is Up - 100Mbps/Full - flow control off
[    5.961772] IP-Config: Complete:
[    5.965048]      device=eth0, hwaddr=6c:ec:eb:68:de:78, ipaddr=192.168.255.1, mask=255.255.255.0, gw=255.255.255.255
[    5.975714]      host=bbb1, domain=, nis-domain=(none)
[    5.980885]      bootserver=192.168.255.126, rootserver=192.168.255.126, rootpath=
[    5.981327] clk: Disabling unused clocks
[    5.993173] PM: genpd: Disabling unused power domains
[    5.998295] KTAP version 1
[    6.001016] 1..0
[    6.026464] VFS: Mounted root (nfs filesystem) on device 0:17.
[    6.033698] devtmpfs: mounted
[    6.038373] Freeing unused kernel image (initmem) memory: 1024K
[    6.045369] Run /sbin/init as init process
[    6.049509]   with arguments:
[    6.049522]     /sbin/init
[    6.049532]     nfsrootdebug
[    6.049541]   with environment:
[    6.049551]     HOME=/
[    6.049560]     TERM=linux
[    6.772363] systemd[1]: System time before build time, advancing clock.
[    8.231540] random: crng init done
[    8.274227] systemd[1]: systemd 232 running in system mode. (+PAM +AUDIT +SELINUX +IMA +APPARMOR +SMACK +SYSVINIT +UTMP +LIBCRYPTSETUP +GCRYPT +GNUTLS +ACL +XZ +LZ4 +SECCOMP +BLKID +ELFUTILS +KMOD +IDN)
[    8.293393] systemd[1]: Detected architecture arm.
[    8.324765] systemd[1]: Set hostname to <arm>.
[    9.439732] systemd[1]: Started Dispatch Password Requests to Console Directory Watch.
[    9.473196] systemd[1]: Created slice System Slice.
[    9.503653] systemd[1]: Listening on udev Control Socket.
[    9.533616] systemd[1]: Listening on Journal Socket.
[    9.592149] systemd[1]: Mounting Debug File System...
[    9.613238] systemd[1]: Mounting POSIX Message Queue File System...
[    9.626325] systemd[1]: dev-hugepages.mount: Couldn't determine result for ConditionVirtualization=!private-users, assuming failed: No such file or directory
[   11.811039] systemd-journald[93]: Received request to flush runtime journal from PID 1
[   14.263387] leds-gpio leds: using DT '/leds/led2' for '(default)' GPIO lookup
[   14.263500] of_get_named_gpiod_flags: parsed 'gpios' property of node '/leds/led2[0]' - status (0)
[   14.263562] gpio gpiochip0: Persistence not supported for GPIO 21
[   14.263577] gpio-533 (?): no flags found for GPIO (default)
[   14.375676] leds-gpio leds: using DT '/leds/led3' for '(default)' GPIO lookup
[   14.375799] of_get_named_gpiod_flags: parsed 'gpios' property of node '/leds/led3[0]' - status (0)
[   14.375861] gpio gpiochip0: Persistence not supported for GPIO 22
[   14.375877] gpio-534 (?): no flags found for GPIO (default)
[   14.402255] leds-gpio leds: using DT '/leds/led4' for '(default)' GPIO lookup
[   14.402359] of_get_named_gpiod_flags: parsed 'gpios' property of node '/leds/led4[0]' - status (0)
[   14.402415] gpio gpiochip0: Persistence not supported for GPIO 23
[   14.402431] gpio-535 (?): no flags found for GPIO (default)
[   14.432042] leds-gpio leds: using DT '/leds/led5' for '(default)' GPIO lookup
[   14.432144] of_get_named_gpiod_flags: parsed 'gpios' property of node '/leds/led5[0]' - status (0)
[   14.432199] gpio gpiochip0: Persistence not supported for GPIO 24
[   14.432215] gpio-536 (?): no flags found for GPIO (default)
[   14.681327] remoteproc remoteproc0: wkup_m3 is available
[   14.933123] omap_rtc 44e3e000.rtc: registered as rtc0
[   14.938334] omap_rtc 44e3e000.rtc: setting system clock to 2000-01-01T00:00:00 UTC (946684800)
[   14.947231] omap_rtc 44e3e000.rtc: using DT '/ocp/interconnect@44c00000/segment@200000/target-module@3e000/rtc@0' for 'wp' GPIO lookup
[   14.947309] of_get_named_gpiod_flags: can't parse 'wp-gpios' property of node '/ocp/interconnect@44c00000/segment@200000/target-module@3e000/rtc@0[0]'
[   14.947364] of_get_named_gpiod_flags: can't parse 'wp-gpio' property of node '/ocp/interconnect@44c00000/segment@200000/target-module@3e000/rtc@0[0]'
[   14.947407] omap_rtc 44e3e000.rtc: using lookup tables for GPIO lookup
[   14.947422] omap_rtc 44e3e000.rtc: No GPIO consumer wp found
[   15.064459] at24 2-0054: supply vcc not found, using dummy regulator
[   15.133842] omap_wdt: OMAP Watchdog Timer Rev 0x01: initial timeout 60 sec
[   15.192644] at24 2-0055: supply vcc not found, using dummy regulator
[   15.296032] at24 2-0056: supply vcc not found, using dummy regulator
[   15.425804] at24 2-0057: supply vcc not found, using dummy regulator
[   15.463784] am335x-phy-driver 47401300.usb-phy: using DT '/ocp/target-module@47400000/usb-phy@1300' for 'reset' GPIO lookup
[   15.463884] of_get_named_gpiod_flags: can't parse 'reset-gpios' property of node '/ocp/target-module@47400000/usb-phy@1300[0]'
[   15.463931] of_get_named_gpiod_flags: can't parse 'reset-gpio' property of node '/ocp/target-module@47400000/usb-phy@1300[0]'
[   15.463971] am335x-phy-driver 47401300.usb-phy: using lookup tables for GPIO lookup
[   15.463986] am335x-phy-driver 47401300.usb-phy: No GPIO consumer reset found
[   15.464001] am335x-phy-driver 47401300.usb-phy: using DT '/ocp/target-module@47400000/usb-phy@1300' for 'vbus-detect' GPIO lookup
[   15.464035] of_get_named_gpiod_flags: can't parse 'vbus-detect-gpios' property of node '/ocp/target-module@47400000/usb-phy@1300[0]'
[   15.464069] of_get_named_gpiod_flags: can't parse 'vbus-detect-gpio' property of node '/ocp/target-module@47400000/usb-phy@1300[0]'
[   15.464098] am335x-phy-driver 47401300.usb-phy: using lookup tables for GPIO lookup
[   15.464111] am335x-phy-driver 47401300.usb-phy: No GPIO consumer vbus-detect found
[   15.464259] am335x-phy-driver 47401300.usb-phy: dummy supplies not allowed for exclusive requests (id=vbus)
[   15.544337] usbcore: registered new interface driver usbfs
[   15.550642] usbcore: registered new interface driver hub
[   15.556278] usbcore: registered new device driver usb
[   15.583779] at24 0-0050: using DT '/ocp/interconnect@44c00000/segment@200000/target-module@b000/i2c@0/eeprom@50' for 'wp' GPIO lookup
[   15.583893] of_get_named_gpiod_flags: can't parse 'wp-gpios' property of node '/ocp/interconnect@44c00000/segment@200000/target-module@b000/i2c@0/eeprom@50[0]'
[   15.583953] of_get_named_gpiod_flags: can't parse 'wp-gpio' property of node '/ocp/interconnect@44c00000/segment@200000/target-module@b000/i2c@0/eeprom@50[0]'
[   15.584002] at24 0-0050: using lookup tables for GPIO lookup
[   15.584018] at24 0-0050: No GPIO consumer wp found
[   15.584325] at24 0-0050: 32768 byte 24c256 EEPROM, writable, 1 bytes/write
[   15.605847] tps6521x_pwrbutton tps65217-pwrbutton: DMA mask not set
[   15.652938] am335x-phy-driver 47401b00.usb-phy: using DT '/ocp/target-module@47400000/usb-phy@1b00' for 'reset' GPIO lookup
[   15.653033] of_get_named_gpiod_flags: can't parse 'reset-gpios' property of node '/ocp/target-module@47400000/usb-phy@1b00[0]'
[   15.653078] of_get_named_gpiod_flags: can't parse 'reset-gpio' property of node '/ocp/target-module@47400000/usb-phy@1b00[0]'
[   15.653117] am335x-phy-driver 47401b00.usb-phy: using lookup tables for GPIO lookup
[   15.653132] am335x-phy-driver 47401b00.usb-phy: No GPIO consumer reset found
[   15.653147] am335x-phy-driver 47401b00.usb-phy: using DT '/ocp/target-module@47400000/usb-phy@1b00' for 'vbus-detect' GPIO lookup
[   15.653180] of_get_named_gpiod_flags: can't parse 'vbus-detect-gpios' property of node '/ocp/target-module@47400000/usb-phy@1b00[0]'
[   15.653214] of_get_named_gpiod_flags: can't parse 'vbus-detect-gpio' property of node '/ocp/target-module@47400000/usb-phy@1b00[0]'
[   15.653242] am335x-phy-driver 47401b00.usb-phy: using lookup tables for GPIO lookup
[   15.653254] am335x-phy-driver 47401b00.usb-phy: No GPIO consumer vbus-detect found
[   15.653404] am335x-phy-driver 47401b00.usb-phy: dummy supplies not allowed for exclusive requests (id=vbus)
[   15.713016] input: tps65217_pwrbutton as /devices/platform/ocp/44c00000.interconnect/44c00000.interconnect:segment@200000/44e0b000.target-module/44e0b000.i2c/i2c-0/0-0024/tps65217-pwrbutton/input/input0
[   16.078721] wkup_m3_ipc 44e11324.wkup_m3_ipc: IPC Request for A8->M3 Channel failed! -517
[   16.444508] wkup_m3_ipc 44e11324.wkup_m3_ipc: IPC Request for A8->M3 Channel failed! -517
[   16.539162] musb-hdrc musb-hdrc.1: MUSB HDRC host driver
[   16.544730] musb-hdrc musb-hdrc.1: new USB bus registered, assigned bus number 1
[   16.562481] wkup_m3_ipc 44e11324.wkup_m3_ipc: IPC Request for A8->M3 Channel failed! -517
[   16.796239] usb usb1: New USB device found, idVendor=1d6b, idProduct=0002, bcdDevice= 6.12
[   16.805064] usb usb1: New USB device strings: Mfr=3, Product=2, SerialNumber=1
[   16.812475] usb usb1: Product: MUSB HDRC host driver
[   16.817473] usb usb1: Manufacturer: Linux 6.12.0-next-20241127 musb-hcd
[   16.824173] usb usb1: SerialNumber: musb-hdrc.1
[   17.016665] tda998x 0-0070: found TDA19988
[   17.094933] wkup_m3_ipc 44e11324.wkup_m3_ipc: IPC Request for A8->M3 Channel failed! -517
[   17.222060] hub 1-0:1.0: USB hub found
[   17.227137] hub 1-0:1.0: 1 port detected
[   17.357717] omap-mailbox 480c8000.mailbox: omap mailbox rev 0x400
[   17.433306] remoteproc remoteproc0: powering up wkup_m3
[   17.649946] remoteproc remoteproc0: Direct firmware load for am335x-pm-firmware.elf failed with error -2
[   17.659926] remoteproc remoteproc0: request_firmware failed: -2
[   17.666030] wkup_m3_ipc 44e11324.wkup_m3_ipc: rproc_boot failed
[   19.852750] omap_rng 48310000.rng: Random Number Generator ver. 20
[   20.130941] tilcdc 4830e000.lcdc: bound 0-0070 (ops tda998x_driver_exit [tda998x])
[   20.288210] [drm] Initialized tilcdc 1.0.0 for 4830e000.lcdc on minor 0
[   20.410301] tilcdc 4830e000.lcdc: [drm] Cannot find any crtc or sizes
[   20.419832] tilcdc 4830e000.lcdc: [drm] Cannot find any crtc or sizes
[   21.225447] PM: Cannot get wkup_m3_ipc handle
[   21.312098] omap-sham 53100000.sham: hw accel on OMAP rev 4.3
[   21.442043] omap-sham 53100000.sham: will run requests pump with realtime priority
[   21.455415] PM: Cannot get wkup_m3_ipc handle
[   21.506176] omap-aes 53500000.aes: OMAP AES hw accel rev: 3.2
[   21.614392] omap-aes 53500000.aes: will run requests pump with realtime priority
[   21.624121] PM: Cannot get wkup_m3_ipc handle
[   24.089297] Bluetooth: Core ver 2.22
[   24.093413] NET: Registered PF_BLUETOOTH protocol family
[   24.098770] Bluetooth: HCI device and connection manager initialized
[   24.105302] Bluetooth: HCI socket layer initialized
[   24.110219] Bluetooth: L2CAP socket layer initialized
[   24.115389] Bluetooth: SCO socket layer initialized
[   24.967632] PM: Cannot get wkup_m3_ipc handle
[   24.974700] asoc-simple-card sound: using DT '/sound' for 'simple-audio-card,hp-det' GPIO lookup
[   24.974775] of_get_named_gpiod_flags: can't parse 'simple-audio-card,hp-det-gpios' property of node '/sound[0]'
[   24.974812] of_get_named_gpiod_flags: can't parse 'simple-audio-card,hp-det-gpio' property of node '/sound[0]'
[   24.974837] asoc-simple-card sound: using lookup tables for GPIO lookup
[   24.974852] asoc-simple-card sound: No GPIO consumer simple-audio-card,hp-det found
[   24.974868] asoc-simple-card sound: using DT '/sound' for 'simple-audio-card,mic-det' GPIO lookup
[   24.974893] of_get_named_gpiod_flags: can't parse 'simple-audio-card,mic-det-gpios' property of node '/sound[0]'
[   24.974920] of_get_named_gpiod_flags: can't parse 'simple-audio-card,mic-det-gpio' property of node '/sound[0]'
[   24.974942] asoc-simple-card sound: using lookup tables for GPIO lookup
[   24.974954] asoc-simple-card sound: No GPIO consumer simple-audio-card,mic-det found
[   25.104488] PM: Cannot get wkup_m3_ipc handle
[   28.087791] userial_init: registered 8 ttyGS* devices
[   28.369084] rndis_register: configNr = 0
[   28.476317] udc musb-hdrc.0: binding gadget driver [g_multi]
[   28.476421] configfs-gadget.g_multi gadget.0: adding 'rndis'/450b11a0 to config 'c'/4ca2ebb3
[   28.477589] configfs-gadget.g_multi gadget.0: HOST MAC 1c:ba:8c:a2:ed:6c
[   28.484629] configfs-gadget.g_multi gadget.0: MAC 1c:ba:8c:a2:ed:70
[   28.491000] rndis_set_param_medium: 0 0
[   28.491023] configfs-gadget.g_multi gadget.0: RNDIS: IN/ep1in OUT/ep1out NOTIFY/ep2in
[   28.491042] configfs-gadget.g_multi gadget.0: adding 'cdc_ethernet'/7fc3cfc8 to config 'c'/4ca2ebb3
[   28.492182] configfs-gadget.g_multi gadget.0: HOST MAC 1c:ba:8c:a2:ed:6c
[   28.498950] configfs-gadget.g_multi gadget.0: MAC 1c:ba:8c:a2:ed:6d
[   28.505378] configfs-gadget.g_multi gadget.0: CDC Ethernet: IN/ep3in OUT/ep2out NOTIFY/ep4in
[   28.505399] configfs-gadget.g_multi gadget.0: adding 'acm'/47e243a0 to config 'c'/4ca2ebb3
[   28.505437] configfs-gadget.g_multi gadget.0: acm ttyGS0: IN/ep5in OUT/ep3out NOTIFY/ep6in
[   28.515780] PM: Cannot get wkup_m3_ipc handle
[   29.703168] configfs-gadget.g_multi gadget.0: eth_open
[   30.783852] configfs-gadget.g_multi gadget.0: stop stats: rx/tx 0/0, errs 0/0
[   35.165404] gs_open: ttyGS0 (3ea6d96c,66eddfd5)
[   35.165570] gs_close: ttyGS0 (3ea6d96c,66eddfd5) ...
[   35.165595] gs_close: ttyGS0 (3ea6d96c,66eddfd5) done!
[   35.185608] gs_open: ttyGS0 (3ea6d96c,51582bf5)
[   35.185740] gs_close: ttyGS0 (3ea6d96c,51582bf5) ...
[   35.185764] gs_close: ttyGS0 (3ea6d96c,51582bf5) done!
[   35.372590] gs_open: ttyGS0 (47e703e1,dc53e4de)
[   35.372837] gs_close: ttyGS0 (47e703e1,dc53e4de) ...
[   35.372870] gs_close: ttyGS0 (47e703e1,dc53e4de) done!
[   35.374934] gs_open: ttyGS0 (47e703e1,dc53e4de)
CKWANJUYSL 0
root@arm:~# echo 'HFPJ''BCSBKT'
HFPJBCSBKT
root@arm:~# MARKER='MAZK''BQVUVM' run 'modprobe test_linear_ranges'
MAZKBQVUVMMAZKBQVUVM 0
root@arm:~# echo 'BWUW''OFTJTZ'
BWUWOFTJTZ
root@arm:~# MARKER='QHXM''JELKTY' run dmesg
QHXMJELKTY[    0.000000] Booting Linux on physical CPU 0x0
[    0.000000] Linux version 6.12.0-next-20241127 (user01@drvtest01) (arm-linux-gnueabihf-gcc (Linaro GCC 6.4-2017.11) 6.4.1 20171012, GNU ld (Linaro_Binutils-2017.11) 2.27.0.20161229) #146 SMP Wed Nov 27 05:41:11 EET 2024
[    0.000000] CPU: ARMv7 Processor [413fc082] revision 2 (ARMv7), cr=10c5387d
[    0.000000] CPU: PIPT / VIPT nonaliasing data cache, VIPT aliasing instruction cache
[    0.000000] OF: fdt: Machine model: TI AM335x BeagleBone Black
[    0.000000] Memory policy: Data cache writeback
[    0.000000] cma: Reserved 16 MiB at 0x9e800000 on node -1
[    0.000000] Zone ranges:
[    0.000000]   Normal   [mem 0x0000000080000000-0x000000009fdfffff]
[    0.000000]   HighMem  empty
[    0.000000] Movable zone start for each node
[    0.000000] Early memory node ranges
[    0.000000]   node   0: [mem 0x0000000080000000-0x000000009fdfffff]
[    0.000000] Initmem setup node 0 [mem 0x0000000080000000-0x000000009fdfffff]
[    0.000000] OF: reserved mem: Reserved memory: No reserved-memory node in the DT
[    0.000000] CPU: All CPU(s) started in SVC mode.
[    0.000000] AM335X ES2.1 (sgx neon)
[    0.000000] percpu: Embedded 17 pages/cpu s39564 r8192 d21876 u69632
[    0.000000] pcpu-alloc: s39564 r8192 d21876 u69632 alloc=17*4096
[    0.000000] pcpu-alloc: [0] 0 
[    0.000000] Kernel command line: console=ttyO0,115200n8 root=/dev/nfs rw nfsroot=192.168.255.126:/home/user01/nfs,nfsvers=3 ip=192.168.255.1:192.168.255.126::255.255.255.0:bbb1:eth0 nfsrootdebug
[    0.000000] Unknown kernel command line parameters "nfsrootdebug", will be passed to user space.
[    0.000000] printk: log buffer data + meta data: 65536 + 204800 = 270336 bytes
[    0.000000] Dentry cache hash table entries: 65536 (order: 6, 262144 bytes, linear)
[    0.000000] Inode-cache hash table entries: 32768 (order: 5, 131072 bytes, linear)
[    0.000000] Built 1 zonelists, mobility grouping on.  Total pages: 130560
[    0.000000] mem auto-init: stack:off, heap alloc:off, heap free:off
[    0.000000] SLUB: HWalign=64, Order=0-3, MinObjects=0, CPUs=1, Nodes=1
[    0.000000] trace event string verifier disabled
[    0.000000] rcu: Hierarchical RCU implementation.
[    0.000000] rcu: 	RCU event tracing is enabled.
[    0.000000] rcu: 	RCU restricting CPUs from NR_CPUS=2 to nr_cpu_ids=1.
[    0.000000] 	Tracing variant of Tasks RCU enabled.
[    0.000000] rcu: RCU calculated value of scheduler-enlistment delay is 10 jiffies.
[    0.000000] rcu: Adjusting geometry for rcu_fanout_leaf=16, nr_cpu_ids=1
[    0.000000] RCU Tasks Trace: Setting shift to 0 and lim to 1 rcu_task_cb_adjust=1 rcu_task_cpu_ids=1.
[    0.000000] NR_IRQS: 16, nr_irqs: 16, preallocated irqs: 16
[    0.000000] IRQ: Found an INTC at 0x(ptrval) (revision 5.0) with 128 interrupts
[    0.000000] rcu: srcu_init: Setting srcu_struct sizes based on contention.
[    0.000000] TI gptimer clocksource: always-on /ocp/interconnect@44c00000/segment@200000/target-module@31000
[    0.000002] sched_clock: 32 bits at 24MHz, resolution 41ns, wraps every 89478484971ns
[    0.000027] clocksource: dmtimer: mask: 0xffffffff max_cycles: 0xffffffff, max_idle_ns: 79635851949 ns
[    0.000517] TI gptimer clockevent: 24000000 Hz at /ocp/interconnect@48000000/segment@0/target-module@40000
[    0.002198] Console: colour dummy device 80x30
[    0.002266] WARNING: Your 'console=ttyO0' has been replaced by 'ttyS0'
[    0.002273] This ensures that you still see kernel messages. Please
[    0.002278] update your kernel commandline.
[    0.002320] Calibrating delay loop... 996.14 BogoMIPS (lpj=4980736)
[    0.090570] CPU: Testing write buffer coherency: ok
[    0.090688] CPU0: Spectre v2: using BPIALL workaround
[    0.090700] pid_max: default: 32768 minimum: 301
[    0.090824] LSM: initializing lsm=capability
[    0.091003] Mount-cache hash table entries: 1024 (order: 0, 4096 bytes, linear)
[    0.091025] Mountpoint-cache hash table entries: 1024 (order: 0, 4096 bytes, linear)
[    0.092679] CPU0: thread -1, cpu 0, socket -1, mpidr 0
[    0.160959] Setting up static identity map for 0x80100000 - 0x80100078
[    0.170728] rcu: Hierarchical SRCU implementation.
[    0.170739] rcu: 	Max phase no-delay instances is 1000.
[    0.190782] smp: Bringing up secondary CPUs ...
[    0.190842] smp: Brought up 1 node, 1 CPU
[    0.190857] SMP: Total of 1 processors activated (996.14 BogoMIPS).
[    0.190870] CPU: All CPU(s) started in SVC mode.
[    0.191067] Memory: 480840K/522240K available (11264K kernel code, 1213K rwdata, 2896K rodata, 1024K init, 297K bss, 23388K reserved, 16384K cma-reserved, 0K highmem)
[    0.191941] devtmpfs: initialized
[    0.209093] VFP support v0.3: implementor 41 architecture 3 part 30 variant c rev 3
[    0.209460] clocksource: jiffies: mask: 0xffffffff max_cycles: 0xffffffff, max_idle_ns: 19112604462750000 ns
[    0.209497] futex hash table entries: 256 (order: 2, 16384 bytes, linear)
[    0.210965] pinctrl core: initialized pinctrl subsystem
[    0.213839] NET: Registered PF_NETLINK/PF_ROUTE protocol family
[    0.216661] DMA: preallocated 256 KiB pool for atomic coherent allocations
[    0.217581] audit: initializing netlink subsys (disabled)
[    0.219050] thermal_sys: Registered thermal governor 'fair_share'
[    0.219068] thermal_sys: Registered thermal governor 'step_wise'
[    0.219079] thermal_sys: Registered thermal governor 'user_space'
[    0.219241] audit: type=2000 audit(0.210:1): state=initialized audit_enabled=0 res=1
[    0.219278] cpuidle: using governor menu
[    0.237648] /ocp/interconnect@44c00000/segment@200000/target-module@b000/i2c@0/tda19988@70: Fixed dependency cycle(s) with /ocp/interconnect@48000000/segment@300000/target-module@e000/lcdc@0
[    0.238824] /ocp/interconnect@48000000/segment@300000/target-module@e000/lcdc@0: Fixed dependency cycle(s) with /ocp/interconnect@44c00000/segment@200000/target-module@b000/i2c@0/tda19988@70
[    0.241238] No ATAGs?
[    0.241260] hw-breakpoint: debug architecture 0x4 unsupported.
[    0.244064] kprobes: kprobe jump-optimization is enabled. All kprobes are optimized if possible.
[    0.254184] iommu: Default domain type: Translated
[    0.254208] iommu: DMA domain TLB invalidation policy: strict mode
[    0.261385] reg-fixed-voltage fixedregulator0: using DT '/fixedregulator0' for '(default)' GPIO lookup
[    0.261441] of_get_named_gpiod_flags: can't parse 'gpios' property of node '/fixedregulator0[0]'
[    0.261471] of_get_named_gpiod_flags: can't parse 'gpio' property of node '/fixedregulator0[0]'
[    0.261490] reg-fixed-voltage fixedregulator0: using lookup tables for GPIO lookup
[    0.261501] reg-fixed-voltage fixedregulator0: No GPIO consumer (default) found
[    0.262546] SCSI subsystem initialized
[    0.263049] libata version 3.00 loaded.
[    0.263421] pps_core: LinuxPPS API ver. 1 registered
[    0.263433] pps_core: Software ver. 5.3.6 - Copyright 2005-2007 Rodolfo Giometti <giometti@linux.it>
[    0.263457] PTP clock support registered
[    0.271089] vgaarb: loaded
[    0.271516] clocksource: Switched to clocksource dmtimer
[    0.272193] VFS: Disk quotas dquot_6.6.0
[    0.272238] VFS: Dquot-cache hash table entries: 1024 (order 0, 4096 bytes)
[    0.297184] NET: Registered PF_INET protocol family
[    0.297559] IP idents hash table entries: 8192 (order: 4, 65536 bytes, linear)
[    0.299002] tcp_listen_portaddr_hash hash table entries: 512 (order: 0, 4096 bytes, linear)
[    0.299038] Table-perturb hash table entries: 65536 (order: 6, 262144 bytes, linear)
[    0.299055] TCP established hash table entries: 4096 (order: 2, 16384 bytes, linear)
[    0.299098] TCP bind hash table entries: 4096 (order: 4, 65536 bytes, linear)
[    0.299198] TCP: Hash tables configured (established 4096 bind 4096)
[    0.299319] UDP hash table entries: 256 (order: 1, 14336 bytes, linear)
[    0.299358] UDP-Lite hash table entries: 256 (order: 1, 14336 bytes, linear)
[    0.299551] NET: Registered PF_UNIX/PF_LOCAL protocol family
[    0.312435] RPC: Registered named UNIX socket transport module.
[    0.312460] RPC: Registered udp transport module.
[    0.312466] RPC: Registered tcp transport module.
[    0.312471] RPC: Registered tcp-with-tls transport module.
[    0.312477] RPC: Registered tcp NFSv4.1 backchannel transport module.
[    0.312502] PCI: CLS 0 bytes, default 64
[    0.314039] Initialise system trusted keyrings
[    0.315268] workingset: timestamp_bits=14 max_order=17 bucket_order=3
[    0.316578] NFS: Registering the id_resolver key type
[    0.316652] Key type id_resolver registered
[    0.316661] Key type id_legacy registered
[    0.316713] jffs2: version 2.2. (NAND) (SUMMARY)  Â© 2001-2006 Red Hat, Inc.
[    0.317126] Key type asymmetric registered
[    0.317143] Asymmetric key parser 'x509' registered
[    0.317213] io scheduler mq-deadline registered
[    0.317224] io scheduler kyber registered
[    0.317296] io scheduler bfq registered
[    0.322260] ledtrig-cpu: registered to indicate activity on CPUs
[    0.325146] Serial: 8250/16550 driver, 6 ports, IRQ sharing enabled
[    0.368855] brd: module loaded
[    0.386654] loop: module loaded
[    0.387603] mtdoops: mtd device (mtddev=name/number) must be supplied
[    0.389372] mdio_bus fixed-0: using lookup tables for GPIO lookup
[    0.389401] mdio_bus fixed-0: No GPIO consumer reset found
[    0.390782] i2c_dev: i2c /dev entries driver
[    0.391924] cpuidle: enable-method property 'ti,am3352' found operations
[    0.392399] sdhci: Secure Digital Host Controller Interface driver
[    0.392410] sdhci: Copyright(c) Pierre Ossman
[    0.392585] sdhci-pltfm: SDHCI platform and OF driver helper
[    0.393612] Initializing XFRM netlink socket
[    0.393763] NET: Registered PF_INET6 protocol family
[    0.408374] Segment Routing with IPv6
[    0.408467] In-situ OAM (IOAM) with IPv6
[    0.408568] sit: IPv6, IPv4 and MPLS over IPv4 tunneling driver
[    0.409541] NET: Registered PF_PACKET protocol family
[    0.409577] NET: Registered PF_KEY protocol family
[    0.409784] Key type dns_resolver registered
[    0.410063] ThumbEE CPU extension supported.
[    0.410083] Registering SWP/SWPB emulation handler
[    0.410629] omap_voltage_late_init: Voltage driver support not added
[    0.410981] SmartReflex Class3 initialized
[    0.437111] Loading compiled-in X.509 certificates
[    0.476537] /ocp/interconnect@44c00000/segment@200000/target-module@b000/i2c@0/tda19988@70: Fixed dependency cycle(s) with /ocp/interconnect@48000000/segment@300000/target-module@e000/lcdc@0
[    0.483253] /ocp/interconnect@44c00000/segment@200000/target-module@b000/i2c@0/tda19988@70: Fixed dependency cycle(s) with /ocp/interconnect@48000000/segment@300000/target-module@e000/lcdc@0
[    0.488893] gpiochip_find_base_unlocked: found new base at 512
[    0.523279] /ocp/interconnect@44c00000/segment@200000/target-module@b000/i2c@0/tda19988@70: Fixed dependency cycle(s) with /ocp/interconnect@48000000/segment@300000/target-module@e000/lcdc@0
[    0.524182] /ocp/interconnect@44c00000/segment@200000/target-module@b000/i2c@0/tda19988@70: Fixed dependency cycle(s) with /ocp/interconnect@48000000/segment@300000/target-module@e000/lcdc@0
[    0.527687] /ocp/interconnect@44c00000/segment@200000/target-module@10000/scm@0/pinmux@800: Fixed dependency cycle(s) with /ocp/interconnect@44c00000/segment@200000/target-module@10000/scm@0/pinmux@800/clkout2-pins
[    0.528261] pinctrl-single 44e10800.pinmux: 142 pins, size 568
[    0.533747] ti-sysc 44e31000.target-module: probe with driver ti-sysc failed with error -16
[    0.573917] /ocp/interconnect@48000000/segment@300000/target-module@e000/lcdc@0: Fixed dependency cycle(s) with /ocp/interconnect@44c00000/segment@200000/target-module@b000/i2c@0/tda19988@70
[    0.582054] ti-sysc 48040000.target-module: probe with driver ti-sysc failed with error -16
[    0.593524] gpiochip_find_base_unlocked: found new base at 512
[    0.593627] gpio gpiochip0: (gpio-0-31): created GPIO range 0->7 ==> 44e10800.pinmux PIN 0->7
[    0.593648] gpio gpiochip0: (gpio-0-31): created GPIO range 8->11 ==> 44e10800.pinmux PIN 90->93
[    0.593664] gpio gpiochip0: (gpio-0-31): created GPIO range 12->27 ==> 44e10800.pinmux PIN 12->27
[    0.593680] gpio gpiochip0: (gpio-0-31): created GPIO range 28->31 ==> 44e10800.pinmux PIN 30->33
[    0.634208] gpio gpiochip0: (gpio-0-31): added GPIO chardev (254:0)
[    0.634369] gpio gpiochip0: registered GPIOs 512 to 543 on gpio-0-31
[    0.634455] OMAP GPIO hardware version 0.1
[    0.671826] i2c i2c-2: using DT '/ocp/interconnect@48000000/segment@100000/target-module@9c000/i2c@0' for 'scl' GPIO lookup
[    0.671903] of_get_named_gpiod_flags: can't parse 'scl-gpios' property of node '/ocp/interconnect@48000000/segment@100000/target-module@9c000/i2c@0[0]'
[    0.671946] of_get_named_gpiod_flags: can't parse 'scl-gpio' property of node '/ocp/interconnect@48000000/segment@100000/target-module@9c000/i2c@0[0]'
[    0.671983] i2c i2c-2: using lookup tables for GPIO lookup
[    0.671993] i2c i2c-2: No GPIO consumer scl found
[    0.672016] i2c i2c-2: using DT '/ocp/interconnect@48000000/segment@100000/target-module@9c000/i2c@0' for 'sda' GPIO lookup
[    0.672052] of_get_named_gpiod_flags: can't parse 'sda-gpios' property of node '/ocp/interconnect@48000000/segment@100000/target-module@9c000/i2c@0[0]'
[    0.672090] of_get_named_gpiod_flags: can't parse 'sda-gpio' property of node '/ocp/interconnect@48000000/segment@100000/target-module@9c000/i2c@0[0]'
[    0.672122] i2c i2c-2: using lookup tables for GPIO lookup
[    0.672130] i2c i2c-2: No GPIO consumer sda found
[    0.672845] omap_i2c 4819c000.i2c: bus 2 rev0.11 at 100 kHz
[    0.678342] gpiochip_find_base_unlocked: found new base at 544
[    0.678444] gpio gpiochip1: (gpio-32-63): created GPIO range 0->17 ==> 44e10800.pinmux PIN 34->51
[    0.678465] gpio gpiochip1: (gpio-32-63): created GPIO range 18->21 ==> 44e10800.pinmux PIN 77->80
[    0.678483] gpio gpiochip1: (gpio-32-63): created GPIO range 22->31 ==> 44e10800.pinmux PIN 56->65
[    0.695377] gpio gpiochip1: (gpio-32-63): added GPIO chardev (254:1)
[    0.695558] gpio gpiochip1: registered GPIOs 544 to 575 on gpio-32-63
[    0.697786] gpiochip_find_base_unlocked: found new base at 576
[    0.697878] gpio gpiochip2: (gpio-64-95): created GPIO range 0->4 ==> 44e10800.pinmux PIN 66->70
[    0.697898] gpio gpiochip2: (gpio-64-95): created GPIO range 5->6 ==> 44e10800.pinmux PIN 98->99
[    0.697914] gpio gpiochip2: (gpio-64-95): created GPIO range 7->8 ==> 44e10800.pinmux PIN 75->76
[    0.697930] gpio gpiochip2: (gpio-64-95): created GPIO range 13->13 ==> 44e10800.pinmux PIN 141->141
[    0.697946] gpio gpiochip2: (gpio-64-95): created GPIO range 14->21 ==> 44e10800.pinmux PIN 100->107
[    0.698621] gpio gpiochip2: (gpio-64-95): added GPIO chardev (254:2)
[    0.698755] gpio gpiochip2: registered GPIOs 576 to 607 on gpio-64-95
[    0.704689] 48000000.interconnect:segment@200000:target-module@0:mpu@0:fck: device ID is greater than 24
[    0.705590] /ocp/interconnect@48000000/segment@300000/target-module@e000/lcdc@0: Fixed dependency cycle(s) with /ocp/interconnect@44c00000/segment@200000/target-module@b000/i2c@0/tda19988@70
[    0.708388] /ocp/interconnect@48000000/segment@300000/target-module@e000/lcdc@0: Fixed dependency cycle(s) with /ocp/interconnect@44c00000/segment@200000/target-module@b000/i2c@0/tda19988@70
[    0.709097] /ocp/interconnect@44c00000/segment@200000/target-module@b000/i2c@0/tda19988@70: Fixed dependency cycle(s) with /ocp/interconnect@48000000/segment@300000/target-module@e000/lcdc@0
[    0.709263] /ocp/interconnect@48000000/segment@300000/target-module@e000/lcdc@0: Fixed dependency cycle(s) with /ocp/interconnect@44c00000/segment@200000/target-module@b000/i2c@0/tda19988@70
[    0.719060] mdio_bus 4a101000.mdio: using DT '/ocp/interconnect@4a000000/segment@0/target-module@100000/switch@0/mdio@1000' for 'reset' GPIO lookup
[    0.719136] of_get_named_gpiod_flags: can't parse 'reset-gpios' property of node '/ocp/interconnect@4a000000/segment@0/target-module@100000/switch@0/mdio@1000[0]'
[    0.719185] of_get_named_gpiod_flags: can't parse 'reset-gpio' property of node '/ocp/interconnect@4a000000/segment@0/target-module@100000/switch@0/mdio@1000[0]'
[    0.719234] mdio_bus 4a101000.mdio: using lookup tables for GPIO lookup
[    0.719244] mdio_bus 4a101000.mdio: No GPIO consumer reset found
[    0.720144] sdhci-omap 481d8000.mmc: using DT '/ocp/interconnect@48000000/segment@100000/target-module@d8000/mmc@0' for 'wp' GPIO lookup
[    0.720219] of_get_named_gpiod_flags: can't parse 'wp-gpios' property of node '/ocp/interconnect@48000000/segment@100000/target-module@d8000/mmc@0[0]'
[    0.720266] of_get_named_gpiod_flags: can't parse 'wp-gpio' property of node '/ocp/interconnect@48000000/segment@100000/target-module@d8000/mmc@0[0]'
[    0.720302] sdhci-omap 481d8000.mmc: using lookup tables for GPIO lookup
[    0.720311] sdhci-omap 481d8000.mmc: No GPIO consumer wp found
[    0.720504] sdhci-omap 481d8000.mmc: supply pbias not found, using dummy regulator
[    0.721014] sdhci-omap 481d8000.mmc: supply vqmmc not found, using dummy regulator
[    0.777916] davinci_mdio 4a101000.mdio: davinci mdio revision 1.6, bus freq 1000000
[    0.798322] mdio_bus 4a101000.mdio:00: using DT '/ocp/interconnect@4a000000/segment@0/target-module@100000/switch@0/mdio@1000/ethernet-phy@0' for 'reset' GPIO lookup
[    0.798429] of_get_named_gpiod_flags: parsed 'reset-gpios' property of node '/ocp/interconnect@4a000000/segment@0/target-module@100000/switch@0/mdio@1000/ethernet-phy@0[0]' - status (0)
[    0.798592] gpio gpiochip0: Persistence not supported for GPIO 8
[    0.932597] davinci_mdio 4a101000.mdio: phy[0]: device 4a101000.mdio:00, driver SMSC LAN8710/LAN8720
[    0.933384] cpsw-switch 4a100000.switch: initialized cpsw ale version 1.4
[    0.933409] cpsw-switch 4a100000.switch: ALE Table size 1024, Policers 0
[    0.933564] cpsw-switch 4a100000.switch: cpts: overflow check period 500 (jiffies)
[    0.933581] cpsw-switch 4a100000.switch: CPTS: ref_clk_freq:250000000 calc_mult:2147483648 calc_shift:29 error:0 nsec/sec
[    0.933690] cpsw-switch 4a100000.switch: Detected MACID = 6c:ec:eb:68:de:78
[    0.935510] cpsw-switch 4a100000.switch: initialized (regs 0x4a100000, pool size 256) hw_ver:0019010C 1.12 (0)
[    0.946723] debugfs: Directory '49000000.dma' with parent 'dmaengine' already present!
[    0.946766] edma 49000000.dma: TI EDMA DMA engine driver
[    0.966385] target-module@4b000000:target-module@140000:pmu@0:fck: device ID is greater than 24
[    0.994982] hw perfevents: enabled with armv7_cortex_a8 PMU driver, 5 (8000000f) counters available
[    0.995968] gpio-clk clk_mcasp0: using DT '/clk_mcasp0' for 'enable' GPIO lookup
[    0.996037] of_get_named_gpiod_flags: parsed 'enable-gpios' property of node '/clk_mcasp0[0]' - status (0)
[    0.996083] gpio gpiochip0: Persistence not supported for GPIO 27
[    0.996904] gpiochip_find_base_unlocked: found new base at 608
[    0.997014] gpio gpiochip3: (gpio-96-127): created GPIO range 0->7 ==> 44e10800.pinmux PIN 82->89
[    0.997034] gpio gpiochip3: (gpio-96-127): created GPIO range 8->11 ==> 44e10800.pinmux PIN 52->55
[    0.997051] gpio gpiochip3: (gpio-96-127): created GPIO range 12->15 ==> 44e10800.pinmux PIN 94->97
[    0.997067] gpio gpiochip3: (gpio-96-127): created GPIO range 16->17 ==> 44e10800.pinmux PIN 71->72
[    0.997082] gpio gpiochip3: (gpio-96-127): created GPIO range 18->18 ==> 44e10800.pinmux PIN 135->135
[    0.997099] gpio gpiochip3: (gpio-96-127): created GPIO range 19->20 ==> 44e10800.pinmux PIN 108->109
[    0.997119] gpio gpiochip3: (gpio-96-127): created GPIO range 21->21 ==> 44e10800.pinmux PIN 73->73
[    0.997137] gpio gpiochip3: (gpio-96-127): created GPIO range 22->23 ==> 44e10800.pinmux PIN 8->9
[    0.997155] gpio gpiochip3: (gpio-96-127): created GPIO range 26->27 ==> 44e10800.pinmux PIN 10->11
[    0.997173] gpio gpiochip3: (gpio-96-127): created GPIO range 28->28 ==> 44e10800.pinmux PIN 74->74
[    0.997192] gpio gpiochip3: (gpio-96-127): created GPIO range 29->29 ==> 44e10800.pinmux PIN 81->81
[    0.997210] gpio gpiochip3: (gpio-96-127): created GPIO range 30->31 ==> 44e10800.pinmux PIN 28->29
[    0.997859] gpio gpiochip3: (gpio-96-127): added GPIO chardev (254:3)
[    0.998001] gpio gpiochip3: registered GPIOs 608 to 639 on gpio-96-127
[    0.999789] omap8250 44e09000.serial: using DT '/ocp/interconnect@44c00000/segment@200000/target-module@9000/serial@0' for 'rs485-term' GPIO lookup
[    0.999864] of_get_named_gpiod_flags: can't parse 'rs485-term-gpios' property of node '/ocp/interconnect@44c00000/segment@200000/target-module@9000/serial@0[0]'
[    0.999909] of_get_named_gpiod_flags: can't parse 'rs485-term-gpio' property of node '/ocp/interconnect@44c00000/segment@200000/target-module@9000/serial@0[0]'
[    0.999947] omap8250 44e09000.serial: using lookup tables for GPIO lookup
[    0.999957] omap8250 44e09000.serial: No GPIO consumer rs485-term found
[    0.999968] omap8250 44e09000.serial: using DT '/ocp/interconnect@44c00000/segment@200000/target-module@9000/serial@0' for 'rs485-rx-during-tx' GPIO lookup
[    1.000006] of_get_named_gpiod_flags: can't parse 'rs485-rx-during-tx-gpios' property of node '/ocp/interconnect@44c00000/segment@200000/target-module@9000/serial@0[0]'
[    1.000044] of_get_named_gpiod_flags: can't parse 'rs485-rx-during-tx-gpio' property of node '/ocp/interconnect@44c00000/segment@200000/target-module@9000/serial@0[0]'
[    1.000077] omap8250 44e09000.serial: using lookup tables for GPIO lookup
[    1.000085] omap8250 44e09000.serial: No GPIO consumer rs485-rx-during-tx found
[    1.000451] 44e09000.serial: ttyS0 at MMIO 0x44e09000 (irq = 34, base_baud = 3000000) is a 8250
[    1.000541] printk: legacy console [ttyS0] enabled
[    2.199834] l3-aon-clkctrl:0000:0: failed to disable
[    2.487467] i2c i2c-0: using DT '/ocp/interconnect@44c00000/segment@200000/target-module@b000/i2c@0' for 'scl' GPIO lookup
[    2.487560] of_get_named_gpiod_flags: can't parse 'scl-gpios' property of node '/ocp/interconnect@44c00000/segment@200000/target-module@b000/i2c@0[0]'
[    2.487611] of_get_named_gpiod_flags: can't parse 'scl-gpio' property of node '/ocp/interconnect@44c00000/segment@200000/target-module@b000/i2c@0[0]'
[    2.487653] i2c i2c-0: using lookup tables for GPIO lookup
[    2.487668] i2c i2c-0: No GPIO consumer scl found
[    2.487694] i2c i2c-0: using DT '/ocp/interconnect@44c00000/segment@200000/target-module@b000/i2c@0' for 'sda' GPIO lookup
[    2.487735] of_get_named_gpiod_flags: can't parse 'sda-gpios' property of node '/ocp/interconnect@44c00000/segment@200000/target-module@b000/i2c@0[0]'
[    2.487778] of_get_named_gpiod_flags: can't parse 'sda-gpio' property of node '/ocp/interconnect@44c00000/segment@200000/target-module@b000/i2c@0[0]'
[    2.487815] i2c i2c-0: using lookup tables for GPIO lookup
[    2.487826] i2c i2c-0: No GPIO consumer sda found
[    2.502563] tps65217-pmic: Failed to locate of_node [id: -1]
[    2.508639] tps65217-bl: Failed to locate of_node [id: -1]
[    2.520093] tps65217 0-0024: TPS65217 ID 0xe version 1.2
[    2.526248] /ocp/interconnect@48000000/segment@300000/target-module@e000/lcdc@0: Fixed dependency cycle(s) with /ocp/interconnect@44c00000/segment@200000/target-module@b000/i2c@0/tda19988@70
[    2.543628] /ocp/interconnect@44c00000/segment@200000/target-module@b000/i2c@0/tda19988@70: Fixed dependency cycle(s) with /ocp/interconnect@48000000/segment@300000/target-module@e000/lcdc@0
[    2.561001] omap_i2c 44e0b000.i2c: bus 0 rev0.11 at 400 kHz
[    2.568856] sdhci-omap 48060000.mmc: using DT '/ocp/interconnect@48000000/segment@0/target-module@60000/mmc@0' for 'cd' GPIO lookup
[    2.568967] of_get_named_gpiod_flags: parsed 'cd-gpios' property of node '/ocp/interconnect@48000000/segment@0/target-module@60000/mmc@0[0]' - status (0)
[    2.569036] gpio gpiochip3: Persistence not supported for GPIO 6
[    2.569062] omap_gpio 44e07000.gpio: Could not set line 6 debounce to 200000 microseconds (-22)
[    2.577948] sdhci-omap 48060000.mmc: Got CD GPIO
[    2.582634] sdhci-omap 48060000.mmc: using DT '/ocp/interconnect@48000000/segment@0/target-module@60000/mmc@0' for 'wp' GPIO lookup
[    2.582684] of_get_named_gpiod_flags: can't parse 'wp-gpios' property of node '/ocp/interconnect@48000000/segment@0/target-module@60000/mmc@0[0]'
[    2.582730] of_get_named_gpiod_flags: can't parse 'wp-gpio' property of node '/ocp/interconnect@48000000/segment@0/target-module@60000/mmc@0[0]'
[    2.582773] sdhci-omap 48060000.mmc: using lookup tables for GPIO lookup
[    2.582787] sdhci-omap 48060000.mmc: No GPIO consumer wp found
[    2.582997] sdhci-omap 48060000.mmc: supply pbias not found, using dummy regulator
[    2.591772] sdhci-omap 481d8000.mmc: using DT '/ocp/interconnect@48000000/segment@100000/target-module@d8000/mmc@0' for 'wp' GPIO lookup
[    2.591850] of_get_named_gpiod_flags: can't parse 'wp-gpios' property of node '/ocp/interconnect@48000000/segment@100000/target-module@d8000/mmc@0[0]'
[    2.591899] of_get_named_gpiod_flags: can't parse 'wp-gpio' property of node '/ocp/interconnect@48000000/segment@100000/target-module@d8000/mmc@0[0]'
[    2.591941] sdhci-omap 481d8000.mmc: using lookup tables for GPIO lookup
[    2.591955] sdhci-omap 481d8000.mmc: No GPIO consumer wp found
[    2.593278] sdhci-omap 48060000.mmc: supply vqmmc not found, using dummy regulator
[    2.602303] sdhci-omap 481d8000.mmc: supply pbias not found, using dummy regulator
[    2.610303] sdhci-omap 481d8000.mmc: supply vqmmc not found, using dummy regulator
[    2.649333] mmc1: SDHCI controller on 481d8000.mmc [481d8000.mmc] using External DMA
[    2.658558] mmc0: SDHCI controller on 48060000.mmc [48060000.mmc] using External DMA
[    2.667344] cpsw-switch 4a100000.switch: starting ndev. mode: dual_mac
[    2.710718] mmc0: new high speed SDHC card at address 5048
[    2.717844] mmcblk0: mmc0:5048 SD16G 14.4 GiB
[    2.726047]  mmcblk0: p1 p2
[    2.729486] mmcblk0: p2 size 31221760 extends beyond EOD, truncated
[    2.742754] SMSC LAN8710/LAN8720 4a101000.mdio:00: attached PHY driver (mii_bus:phy_addr=4a101000.mdio:00, irq=POLL)
[    2.755435] mmc1: new high speed MMC card at address 0001
[    2.766523] mmcblk1: mmc1:0001 MMC04G 3.60 GiB
[    2.774052]  mmcblk1: p1 p2
[    2.778323] mmcblk1boot0: mmc1:0001 MMC04G 2.00 MiB
[    2.785794] mmcblk1boot1: mmc1:0001 MMC04G 2.00 MiB
[    2.793313] mmcblk1rpmb: mmc1:0001 MMC04G 128 KiB, chardev (250:0)
[    5.922302] cpsw-switch 4a100000.switch eth0: Link is Up - 100Mbps/Full - flow control off
[    5.961772] IP-Config: Complete:
[    5.965048]      device=eth0, hwaddr=6c:ec:eb:68:de:78, ipaddr=192.168.255.1, mask=255.255.255.0, gw=255.255.255.255
[    5.975714]      host=bbb1, domain=, nis-domain=(none)
[    5.980885]      bootserver=192.168.255.126, rootserver=192.168.255.126, rootpath=
[    5.981327] clk: Disabling unused clocks
[    5.993173] PM: genpd: Disabling unused power domains
[    5.998295] KTAP version 1
[    6.001016] 1..0
[    6.026464] VFS: Mounted root (nfs filesystem) on device 0:17.
[    6.033698] devtmpfs: mounted
[    6.038373] Freeing unused kernel image (initmem) memory: 1024K
[    6.045369] Run /sbin/init as init process
[    6.049509]   with arguments:
[    6.049522]     /sbin/init
[    6.049532]     nfsrootdebug
[    6.049541]   with environment:
[    6.049551]     HOME=/
[    6.049560]     TERM=linux
[    6.772363] systemd[1]: System time before build time, advancing clock.
[    8.231540] random: crng init done
[    8.274227] systemd[1]: systemd 232 running in system mode. (+PAM +AUDIT +SELINUX +IMA +APPARMOR +SMACK +SYSVINIT +UTMP +LIBCRYPTSETUP +GCRYPT +GNUTLS +ACL +XZ +LZ4 +SECCOMP +BLKID +ELFUTILS +KMOD +IDN)
[    8.293393] systemd[1]: Detected architecture arm.
[    8.324765] systemd[1]: Set hostname to <arm>.
[    9.439732] systemd[1]: Started Dispatch Password Requests to Console Directory Watch.
[    9.473196] systemd[1]: Created slice System Slice.
[    9.503653] systemd[1]: Listening on udev Control Socket.
[    9.533616] systemd[1]: Listening on Journal Socket.
[    9.592149] systemd[1]: Mounting Debug File System...
[    9.613238] systemd[1]: Mounting POSIX Message Queue File System...
[    9.626325] systemd[1]: dev-hugepages.mount: Couldn't determine result for ConditionVirtualization=!private-users, assuming failed: No such file or directory
[   11.811039] systemd-journald[93]: Received request to flush runtime journal from PID 1
[   14.263387] leds-gpio leds: using DT '/leds/led2' for '(default)' GPIO lookup
