Labgrid Console Logfile for main
Logfile started at 2024-10-11 10:32:40.273189
=== Log starts here ===
reading args
spl_load_image_fat_os: error reading image args, err - -1
reading u-boot.img
reading u-boot.img


U-Boot 2014.04-00014-g47880f5 (Apr 22 2014 - 13:23:54)

I2C:   ready
DRAM:  512 MiB
NAND:  0 MiB
MMC:   OMAP SD/MMC: 0, OMAP SD/MMC: 1
*** Warning - readenv() failed, using default environment

Net:   <ethaddr> not set. Validating first E-fuse MAC
cpsw, usb_ether
Hit any key to stop autoboot:  1  0 
gpio: pin 53 (gpio 53) value is 1
mmc0 is current device
gpio: pin 54 (gpio 54) value is 1
SD/MMC found on device 0
reading uEnv.txt
569 bytes read in 4 ms (138.7 KiB/s)
gpio: pin 55 (gpio 55) value is 1
Loaded environment from uEnv.txt
Importing environment from mmc ...
Checking if uenvcmd is set ...
gpio: pin 56 (gpio 56) value is 1
Running uenvcmd ...
cpsw Waiting for PHY auto negotiation to complete. done
link up on port 0, speed 100, full duplex
Using cpsw device
TFTP from server 192.168.255.126; our IP address is 192.168.255.1
Filename 'zImage'.
Load address: 0x81000000
Loading: *#################################################################
	 #################################################################
	 #################################################################
	 #################################################################
	 #################################################################
	 ###################################################
	 2.4 MiB/s
done
Bytes transferred = 5514064 (542350 hex)
link up on port 0, speed 100, full duplex
Using cpsw device
TFTP from server 192.168.255.126; our IP address is 192.168.255.1
Filename 'am335x-boneblack.dtb'.
Load address: 0x82000000
Loading: *#######
	 2.2 MiB/s
done
Bytes transferred = 98244 (17fc4 hex)
Kernel image @ 0x81000000 [ 0x000000 - 0x542350 ]
## Flattened Device Tree blob at 82000000
   Booting using the fdt blob at 0x82000000
   Using Device Tree in place at 82000000, end 8201afc3

Starting kernel ...

[    0.000000] Booting Linux on physical CPU 0x0
[    0.000000] Linux version 6.12.0-rc2-next-20241011 (user01@drvtest01) (arm-linux-gnueabihf-gcc (Linaro GCC 6.4-2017.11) 6.4.1 20171012, GNU ld (Linaro_Binutils-2017.11) 2.27.0.20161229) #113 SMP Fri Oct 11 10:30:19 EEST 2024
[    0.000000] CPU: ARMv7 Processor [413fc082] revision 2 (ARMv7), cr=10c5387d
[    0.000000] CPU: PIPT / VIPT nonaliasing data cache, VIPT aliasing instruction cache
[    0.000000] OF: fdt: Machine model: TI AM335x BeagleBone Black
[    0.000000] Memory policy: Data cache writeback
[    0.000000] cma: Reserved 16 MiB at 0x9e800000 on node -1
[    0.000000] Zone ranges:
[    0.000000]   Normal   [mem 0x0000000080000000-0x000000009fdfffff]
[    0.000000]   HighMem  empty
[    0.000000] Movable zone start for each node
[    0.000000] Early memory node ranges
[    0.000000]   node   0: [mem 0x0000000080000000-0x000000009fdfffff]
[    0.000000] Initmem setup node 0 [mem 0x0000000080000000-0x000000009fdfffff]
[    0.000000] CPU: All CPU(s) started in SVC mode.
[    0.000000] AM335X ES2.1 (sgx neon)
[    0.000000] percpu: Embedded 17 pages/cpu s40012 r8192 d21428 u69632
[    0.000000] Kernel command line: console=ttyO0,115200n8 root=/dev/nfs rw nfsroot=192.168.255.126:/home/user01/nfs,nfsvers=3 ip=192.168.255.1:192.168.255.126::255.255.255.0:bbb1:eth0 nfsrootdebug
[    0.000000] Unknown kernel command line parameters "nfsrootdebug", will be passed to user space.
[    0.000000] Dentry cache hash table entries: 65536 (order: 6, 262144 bytes, linear)
[    0.000000] Inode-cache hash table entries: 32768 (order: 5, 131072 bytes, linear)
[    0.000000] Built 1 zonelists, mobility grouping on.  Total pages: 130560
[    0.000000] mem auto-init: stack:off, heap alloc:off, heap free:off
[    0.000000] SLUB: HWalign=64, Order=0-3, MinObjects=0, CPUs=1, Nodes=1
[    0.000000] trace event string verifier disabled
[    0.000000] rcu: Hierarchical RCU implementation.
[    0.000000] rcu: 	RCU event tracing is enabled.
[    0.000000] rcu: 	RCU restricting CPUs from NR_CPUS=2 to nr_cpu_ids=1.
[    0.000000] 	Tracing variant of Tasks RCU enabled.
[    0.000000] rcu: RCU calculated value of scheduler-enlistment delay is 10 jiffies.
[    0.000000] rcu: Adjusting geometry for rcu_fanout_leaf=16, nr_cpu_ids=1
[    0.000000] RCU Tasks Trace: Setting shift to 0 and lim to 1 rcu_task_cb_adjust=1 rcu_task_cpu_ids=1.
[    0.000000] NR_IRQS: 16, nr_irqs: 16, preallocated irqs: 16
[    0.000000] IRQ: Found an INTC at 0x(ptrval) (revision 5.0) with 128 interrupts
[    0.000000] rcu: srcu_init: Setting srcu_struct sizes based on contention.
[    0.000000] TI gptimer clocksource: always-on /ocp/interconnect@44c00000/segment@200000/target-module@31000
[    0.000003] sched_clock: 32 bits at 24MHz, resolution 41ns, wraps every 89478484971ns
[    0.000027] clocksource: dmtimer: mask: 0xffffffff max_cycles: 0xffffffff, max_idle_ns: 79635851949 ns
[    0.000506] TI gptimer clockevent: 24000000 Hz at /ocp/interconnect@48000000/segment@0/target-module@40000
[    0.002152] Console: colour dummy device 80x30
[    0.002218] WARNING: Your 'console=ttyO0' has been replaced by 'ttyS0'
[    0.002226] This ensures that you still see kernel messages. Please
[    0.002231] update your kernel commandline.
[    0.002273] Calibrating delay loop... 996.14 BogoMIPS (lpj=4980736)
[    0.090558] CPU: Testing write buffer coherency: ok
[    0.090677] CPU0: Spectre v2: using BPIALL workaround
[    0.090690] pid_max: default: 32768 minimum: 301
[    0.090820] LSM: initializing lsm=capability
[    0.090999] Mount-cache hash table entries: 1024 (order: 0, 4096 bytes, linear)
[    0.091022] Mountpoint-cache hash table entries: 1024 (order: 0, 4096 bytes, linear)
[    0.092695] CPU0: thread -1, cpu 0, socket -1, mpidr 0
[    0.160967] Setting up static identity map for 0x80100000 - 0x80100078
[    0.170721] rcu: Hierarchical SRCU implementation.
[    0.170735] rcu: 	Max phase no-delay instances is 1000.
[    0.190771] smp: Bringing up secondary CPUs ...
[    0.190830] smp: Brought up 1 node, 1 CPU
[    0.190844] SMP: Total of 1 processors activated (996.14 BogoMIPS).
[    0.190857] CPU: All CPU(s) started in SVC mode.
[    0.191055] Memory: 480860K/522240K available (11264K kernel code, 1215K rwdata, 2880K rodata, 1024K init, 297K bss, 23368K reserved, 16384K cma-reserved, 0K highmem)
[    0.191946] devtmpfs: initialized
[    0.208871] VFP support v0.3: implementor 41 architecture 3 part 30 variant c rev 3
[    0.209223] clocksource: jiffies: mask: 0xffffffff max_cycles: 0xffffffff, max_idle_ns: 19112604462750000 ns
[    0.209256] futex hash table entries: 256 (order: 2, 16384 bytes, linear)
[    0.210519] pinctrl core: initialized pinctrl subsystem
[    0.213556] NET: Registered PF_NETLINK/PF_ROUTE protocol family
[    0.216375] DMA: preallocated 256 KiB pool for atomic coherent allocations
[    0.217262] audit: initializing netlink subsys (disabled)
[    0.218694] thermal_sys: Registered thermal governor 'fair_share'
[    0.218711] thermal_sys: Registered thermal governor 'step_wise'
[    0.218722] thermal_sys: Registered thermal governor 'user_space'
[    0.218878] audit: type=2000 audit(0.210:1): state=initialized audit_enabled=0 res=1
[    0.218917] cpuidle: using governor menu
[    0.237888] No ATAGs?
[    0.237914] hw-breakpoint: debug architecture 0x4 unsupported.
[    0.240747] kprobes: kprobe jump-optimization is enabled. All kprobes are optimized if possible.
[    0.254104] iommu: Default domain type: Translated
[    0.254127] iommu: DMA domain TLB invalidation policy: strict mode
[    0.261509] SCSI subsystem initialized
[    0.262377] pps_core: LinuxPPS API ver. 1 registered
[    0.262387] pps_core: Software ver. 5.3.6 - Copyright 2005-2007 Rodolfo Giometti <giometti@linux.it>
[    0.262412] PTP clock support registered
[    0.270863] vgaarb: loaded
[    0.271283] clocksource: Switched to clocksource dmtimer
[    0.271960] VFS: Disk quotas dquot_6.6.0
[    0.272005] VFS: Dquot-cache hash table entries: 1024 (order 0, 4096 bytes)
[    0.296789] NET: Registered PF_INET protocol family
[    0.297143] IP idents hash table entries: 8192 (order: 4, 65536 bytes, linear)
[    0.298549] tcp_listen_portaddr_hash hash table entries: 512 (order: 0, 4096 bytes, linear)
[    0.298586] Table-perturb hash table entries: 65536 (order: 6, 262144 bytes, linear)
[    0.298604] TCP established hash table entries: 4096 (order: 2, 16384 bytes, linear)
[    0.298646] TCP bind hash table entries: 4096 (order: 4, 65536 bytes, linear)
[    0.298747] TCP: Hash tables configured (established 4096 bind 4096)
[    0.298865] UDP hash table entries: 256 (order: 1, 8192 bytes, linear)
[    0.298895] UDP-Lite hash table entries: 256 (order: 1, 8192 bytes, linear)
[    0.299065] NET: Registered PF_UNIX/PF_LOCAL protocol family
[    0.301979] RPC: Registered named UNIX socket transport module.
[    0.302001] RPC: Registered udp transport module.
[    0.302007] RPC: Registered tcp transport module.
[    0.302012] RPC: Registered tcp-with-tls transport module.
[    0.302017] RPC: Registered tcp NFSv4.1 backchannel transport module.
[    0.302044] PCI: CLS 0 bytes, default 64
[    0.303543] Initialise system trusted keyrings
[    0.312324] workingset: timestamp_bits=14 max_order=17 bucket_order=3
[    0.313665] NFS: Registering the id_resolver key type
[    0.313752] Key type id_resolver registered
[    0.313761] Key type id_legacy registered
[    0.313810] jffs2: version 2.2. (NAND) (SUMMARY)  Â© 2001-2006 Red Hat, Inc.
[    0.314225] Key type asymmetric registered
[    0.314239] Asymmetric key parser 'x509' registered
[    0.314303] io scheduler mq-deadline registered
[    0.314316] io scheduler kyber registered
[    0.314385] io scheduler bfq registered
[    0.316048] ledtrig-cpu: registered to indicate activity on CPUs
[    0.322064] Serial: 8250/16550 driver, 6 ports, IRQ sharing enabled
[    0.372996] brd: module loaded
[    0.393671] loop: module loaded
[    0.394598] mtdoops: mtd device (mtddev=name/number) must be supplied
[    0.397757] i2c_dev: i2c /dev entries driver
[    0.398760] cpuidle: enable-method property 'ti,am3352' found operations
[    0.399192] sdhci: Secure Digital Host Controller Interface driver
[    0.399203] sdhci: Copyright(c) Pierre Ossman
[    0.399386] sdhci-pltfm: SDHCI platform and OF driver helper
[    0.400411] Initializing XFRM netlink socket
[    0.400564] NET: Registered PF_INET6 protocol family
[    0.402818] Segment Routing with IPv6
[    0.402912] In-situ OAM (IOAM) with IPv6
[    0.403014] sit: IPv6, IPv4 and MPLS over IPv4 tunneling driver
[    0.403976] NET: Registered PF_PACKET protocol family
[    0.404012] NET: Registered PF_KEY protocol family
[    0.404160] Key type dns_resolver registered
[    0.404438] ThumbEE CPU extension supported.
[    0.404458] Registering SWP/SWPB emulation handler
[    0.404987] omap_voltage_late_init: Voltage driver support not added
[    0.405340] SmartReflex Class3 initialized
[    0.439364] Loading compiled-in X.509 certificates
[    0.502951] platform 44e10800.pinmux: Fixed dependency cycle(s) with /ocp/interconnect@44c00000/segment@200000/target-module@10000/scm@0/pinmux@800/clkout2-pins
[    0.503515] pinctrl-single 44e10800.pinmux: 142 pins, size 568
[    0.508673] ti-sysc 44e31000.target-module: probe with driver ti-sysc failed with error -16
[    0.542753] ti-sysc 48040000.target-module: probe with driver ti-sysc failed with error -16
[    0.592738] OMAP GPIO hardware version 0.1
[    0.634651] omap_i2c 4819c000.i2c: bus 2 rev0.11 at 100 kHz
[    0.649856] 48000000.interconnect:segment@200000:target-module@0:mpu@0:fck: device ID is greater than 24
[    0.654315] platform 4830e000.lcdc: Fixed dependency cycle(s) with /ocp/interconnect@44c00000/segment@200000/target-module@b000/i2c@0/tda19988@70
[    0.665254] sdhci-omap 481d8000.mmc: supply pbias not found, using dummy regulator
[    0.665754] sdhci-omap 481d8000.mmc: supply vqmmc not found, using dummy regulator
[    0.720838] davinci_mdio 4a101000.mdio: davinci mdio revision 1.6, bus freq 1000000
[    0.853081] davinci_mdio 4a101000.mdio: phy[0]: device 4a101000.mdio:00, driver SMSC LAN8710/LAN8720
[    0.853901] cpsw-switch 4a100000.switch: initialized cpsw ale version 1.4
[    0.853925] cpsw-switch 4a100000.switch: ALE Table size 1024, Policers 0
[    0.854071] cpsw-switch 4a100000.switch: cpts: overflow check period 500 (jiffies)
[    0.854088] cpsw-switch 4a100000.switch: CPTS: ref_clk_freq:250000000 calc_mult:2147483648 calc_shift:29 error:0 nsec/sec
[    0.854185] cpsw-switch 4a100000.switch: Detected MACID = 6c:ec:eb:68:de:78
[    0.856009] cpsw-switch 4a100000.switch: initialized (regs 0x4a100000, pool size 256) hw_ver:0019010C 1.12 (0)
[    0.867045] debugfs: Directory '49000000.dma' with parent 'dmaengine' already present!
[    0.867087] edma 49000000.dma: TI EDMA DMA engine driver
[    0.885346] target-module@4b000000:target-module@140000:pmu@0:fck: device ID is greater than 24
[    0.889946] hw perfevents: enabled with armv7_cortex_a8 PMU driver, 5 (8000000f) counters available
[    0.898318] l3-aon-clkctrl:0000:0: failed to disable
[    0.918603] 44e09000.serial: ttyS0 at MMIO 0x44e09000 (irq = 34, base_baud = 3000000) is a 8250
[    0.918694] printk: legacy console [ttyS0] enabled
 [    2.292299] tps65217-pmic: Failed to locate of_node [id: -1]
[    2.298368] tps65217-bl: Failed to locate of_node [id: -1]
[    2.309810] tps65217 0-0024: TPS65217 ID 0xe version 1.2
[    2.315963] platform 4830e000.lcdc: Fixed dependency cycle(s) wi81d8000.mmc: supply vqmmc not found, using dummy regulator
[    2.431052] mmc1: SDHCI controller on 481d8000.mmc [481d8000.mmc] using External DMA
[    2.439564] mmc0: SDHCI controller on 48060000.mmc [48060000.mmc] using External DMA
[    2.448546] cpsw-switch 4a100000.switch: starting ndev. mode: dual_mac
[    2.500465] mmc0: new high speed SDHC card at address 5048
[    2.507669] mmcblk0: mmc0:5048 SD16G 14.4 GiB
[    2.515636]  mmcblk0: p1 p2
[    2.519089] mmcblk0: p2 size 31221760 extends beyond EOD, truncated
[    2.527578] SMSC LAN8710/LAN8720 4a101000.mdio:00: attached PHY driver (mii_bus:phy_addr=4a101000.mdio:00, irq=POLL)
[    2.549245] mmc1: new high speed MMC card at address 0001
[    2.556344] mmcblk1: mmc1:0001 MMC04G 3.60 GiB
[    2.563851]  mmcblk1: p1 p2
[    2.568145] mmcblk1boot0: mmc1:0001 MMC04G 2.00 MiB
[    2.575297] mmcblk1boot1: mmc1:0001 MMC04G 2.00 MiB
[    2.582654] mmcblk1rpmb: mmc1:0001 MMC04G 128 KiB, chardev (250:0)
[    5.682081] cpsw-switch 4a100000.switch eth0: Link is Up - 100Mbps/Full - flow control off
[    5.721537] IP-Config: Complete:
[    5.724817]      device=eth0, hwaddr=6c:ec:eb:68:de:78, ipaddr=192.168.255.1, mask=255.255.255.0, gw=255.255.255.255
[    5.735498]      host=bbb1, domain=, nis-domain=(none)
[    5.740670]      bootserver=192.168.255.126, rootserver=192.168.255.126, rootpath=
[    5.741115] clk: Disabling unused clocks
[    5.752953] PM: genpd: Disabling unused power domains
[    5.758073] KTAP version 1
[    5.760794] 1..0
[    5.785230] VFS: Mounted root (nfs filesystem) on device 0:17.
[    5.792256] devtmpfs: mounted
[    5.796933] Freeing unused kernel image (initmem) memory: 1024K
[    5.803907] Run /sbin/init as init process
[    6.512288] systemd[1]: System time before build time, advancing clock.
[    7.991304] random: crng init done
[    8.033511] systemd[1]: systemd 232 running in system mode. (+PAM +AUDIT +SELINUX +IMA +APPARMOR +SMACK +SYSVINIT +UTMP +LIBCRYPTSETUP +GCRYPT +GNUTLS +ACL +XZ +LZ4 +SECCOMP +BLKID +ELFUTILS +KMOD +IDN)
[    8.052560] systemd[1]: Detected architecture arm.

Welcome to [1mDebian GNU/Linux 9 (stretch)[0m!

[    8.084414] systemd[1]: Set hostname to <arm>.
[    9.172304] systemd[1]: Listening on Syslog Socket.
[[0;32m  OK  [0m] Listening on Syslog Socket.
[    9.193261] systemd[1]: Listening on /dev/initctl Compatibility Named Pipe.
[[0;32m  OK  [0m] Listening on /dev/initctl Compatibility Named Pipe.
[    9.221656] systemd[1]: Reached target Remote File Systems.
[[0;32m  OK  [0m] Reached target Remote File Systems.
[    9.252169] systemd[1]: Started Forward Password Requests to Wall Directory Watch.
[[0;32m  OK  [0m] Started Forward Password Requests to Wall Directory Watch.
[    9.282162] systemd[1]: Listening on Journal Socket.
[[0;32m  OK  [0m] Listening on Journal Socket.
[    9.312117] systemd[1]: Listening on Journal Socket (/dev/log).
[[0;32m  OK  [0m] Listening on Journal Socket (/dev/log).
[    9.342204] systemd[1]: Started Dispatch Password Requests to Console Directory Watch.
[[0;32m  OK  [0m] Started Dispatch Password Requests to Console Directory Watch.
[[0;32m  OK  [0m] Reached target Encrypted Volumes.
[[0;32m  OK  [0m] Reached target Swap.
[[0;32m  OK  [0m] Created slice System Slice.
[[0;32m  OK  [0m] Created slice system-serial\x2dgetty.slice.
[[0;32m  OK  [0m] Created slice system-getty.slice.
         Starting Remount Root and Kernel File Systems...
         Mounting POSIX Message Queue File System...
         Mounting Debug File System...
[[0;32m  OK  [0m] Reached target Paths.
         Starting Create list of required stâ€¦ce nodes for the current kernel...
[[0;32m  OK  [0m] Listening on Journal Audit Socket.
         Starting Journal Service...
[[0;32m  OK  [0m] Created slice User and Session Slice.
[[0;32m  OK  [0m] Reached target Slices.
[[0;32m  OK  [0m] Listening on udev Kernel Socket.
[[0;32m  OK  [0m] Listening on udev Control Socket.
[[0;32m  OK  [0m] Set up automount Arbitrary Executabâ€¦rmats File System Automount Point.
         Starting Load Kernel Modules...
[[0;32m  OK  [0m] Mounted POSIX Message Queue File System.
[[0;32m  OK  [0m] Mounted Debug File System.
[[0;32m  OK  [0m] Started Remount Root and Kernel File Systems.
[[0;32m  OK  [0m] Started Create list of required staâ€¦vice nodes for the current kernel.
         Starting Create Static Device Nodes in /dev...
         Starting Load/Save Random Seed...
         Starting udev Coldplug all Devices...
[[0;32m  OK  [0m] Started Load Kernel Modules.
         Mounting Configuration File System...
         Starting Apply Kernel Variables...
[[0;32m  OK  [0m] Mounted Configuration File System.
[[0;32m  OK  [0m] Started Load/Save Random Seed.
[[0;32m  OK  [0m] Started Apply Kernel Variables.
[[0;32m  OK  [0m] Started Create Static Device Nodes in /dev.
         Starting udev Kernel Device Manager...
[[0;32m  OK  [0m] Reached target Local File Systems (Pre).
[[0;32m  OK  [0m] Reached target Local File Systems.
         Starting Raise network interfaces...
[[0;32m  OK  [0m] Started Journal Service.
         Starting Flush Journal to Persistent Storage...
[   11.636798] systemd-journald[89]: Received request to flush runtime journal from PID 1
[[0;32m  OK  [0m] Started Flush Journal to Persistent Storage.
         Starting Create Volatile Files and Directories...
[[0;32m  OK  [0m] Started udev Kernel Device Manager.
[[0;32m  OK  [0m] Started Create Volatile Files and Directories.
         Starting Network Time Synchronization...
         Starting Update UTMP about System Boot/Shutdown...
[[0;32m  OK  [0m] Started Update UTMP about System Boot/Shutdown.
[[0;32m  OK  [0m] Started udev Coldplug all Devices.
[[0;32m  OK  [0m] Started Network Time Synchronization.
[   14.806289] remoteproc remoteproc0: wkup_m3 is available
[   15.068231] at24 2-0054: supply vcc not found, using dummy regulator
[   15.077144] omap_wdt: OMAP Watchdog Timer Rev 0x01: initial timeout 60 sec
[   15.202208] at24 2-0055: supply vcc not found, using dummy regulator
[   15.268770] at24 2-0056: supply vcc not found, using dummy regulator
[   15.394139] at24 2-0057: supply vcc not found, using dummy regulator
[[0;32m  OK  [0m] Found device /dev/ttyS0.
[   15.539581] at24 0-0050: 32768 byte 24c256 EEPROM, writable, 1 bytes/write
[[0;32m  OK  [0m] Reached target System Time Synchronized.
[   15.684137] tps6521x_pwrbutton tps65217-pwrbutton: DMA mask not set
[[0;32m  OK  [0m] Reached target System Initialization.
[[0;32m  OK  [0m] Started Daily Cleanup of Temporary Directories.
[   15.752679] input: tps65217_pwrbutton as /devices/platform/ocp/44c00000.interconnect/44c00000.interconnect:segment@200000/44e0b000.target-module/44e0b000.i2c/i2c-0/0-0024/tps65217-pwrbutton/input/input0
[[0;32m  OK  [0m] Listening on D-Bus System Message Bus Socket.
[   15.828600] wkup_m3_ipc 44e11324.wkup_m3_ipc: IPC Request for A8->M3 Channel failed! -517
[[0;32m  OK  [0m] Started Daily apt download activities.
[   15.886991] omap_rtc 44e3e000.rtc: registered as rtc0
[   15.892316] omap_rtc 44e3e000.rtc: setting system clock to 2000-01-01T00:00:00 UTC (946684800)
[   15.904307] wkup_m3_ipc 44e11324.wkup_m3_ipc: IPC Request for A8->M3 Channel failed! -517
[[0;32m  OK  [0m] Started Daily apt upgrade and clean activities.
[[0;32m  OK  [0m] Reached target Timers.
[[0;32m  OK  [0m] Listening on Avahi mDNS/DNS-SD Stack Activation Socket.
[   16.003084] am335x-phy-driver 47401300.usb-phy: dummy supplies not allowed for exclusive requests (id=vbus)
[[0;32m  OK  [0m] Reached target Sockets.
[   16.055397] wkup_m3_ipc 44e11324.wkup_m3_ipc: IPC Request for A8->M3 Channel failed! -517
[[0;32m  OK  [0m] Reached target Basic System.
         Starting LSB: Start busybox udhcpd at boot time...
[   16.177143] am335x-phy-driver 47401b00.usb-phy: dummy supplies not allowed for exclusive requests (id=vbus)
[   16.188441] wkup_m3_ipc 44e11324.wkup_m3_ipc: IPC Request for A8->M3 Channel failed! -517
         Starting DUN service...
         Starting System Logging Service...
[   16.508906] wkup_m3_ipc 44e11324.wkup_m3_ipc: IPC Request for A8->M3 Channel failed! -517
         Starting Generic Board Startup...
[   16.632212] usbcore: registered new interface driver usbfs
[   16.637849] usbcore: registered new interface driver hub
[   16.643428] usbcore: registered new device driver usb
         Starting Login Service...
         Starting Telephony service...
[   16.961593] tda998x 0-0070: found TDA19988
[[0;32m  OK  [0m] Started D-Bus System Message Bus.
[   17.096000] wkup_m3_ipc 44e11324.wkup_m3_ipc: IPC Request for A8->M3 Channel failed! -517
[   17.463914] wkup_m3_ipc 44e11324.wkup_m3_ipc: IPC Request for A8->M3 Channel failed! -517
[   17.592403] omap-mailbox 480c8000.mailbox: omap mailbox rev 0x400
[   17.606553] musb-hdrc musb-hdrc.1: MUSB HDRC host driver
[   17.612146] musb-hdrc musb-hdrc.1: new USB bus registered, assigned bus number 1
[   17.743992] remoteproc remoteproc0: powering up wkup_m3
[   17.904956] usb usb1: New USB device found, idVendor=1d6b, idProduct=0002, bcdDevice= 6.12
[   17.913488] usb usb1: New USB device strings: Mfr=3, Product=2, SerialNumber=1
[   17.920763] usb usb1: Product: MUSB HDRC host driver
[   17.925857] usb usb1: Manufacturer: Linux 6.12.0-rc2-next-20241011 musb-hcd
[   17.932895] usb usb1: SerialNumber: musb-hdrc.1
[   18.048403] remoteproc remoteproc0: Direct firmware load for am335x-pm-firmware.elf failed with error -2
[   18.058922] remoteproc remoteproc0: request_firmware failed: -2
[   18.065027] wkup_m3_ipc 44e11324.wkup_m3_ipc: rproc_boot failed
[   18.456477] hub 1-0:1.0: USB hub found
[   18.531676] hub 1-0:1.0: 1 port detected
[   20.311863] tilcdc 4830e000.lcdc: bound 0-0070 (ops 0xbf112030)
[   20.350346] omap_rng 48310000.rng: Random Number Generator ver. 20
[   20.382182] [drm] Initialized tilcdc 1.0.0 for 4830e000.lcdc on minor 0
[   20.459557] tilcdc 4830e000.lcdc: [drm] Cannot find any crtc or sizes
[   20.467769] tilcdc 4830e000.lcdc: [drm] Cannot find any crtc or sizes
[[0;32m  OK  [0m] Started Telephony service.
[[0;32m  OK  [0m] Started DUN service.
         Starting Connection service...
[   21.319271] PM: Cannot get wkup_m3_ipc handle
[   21.418603] omap-sham 53100000.sham: hw accel on OMAP rev 4.3
         Starting Avahi mDNS/DNS-SD Stack...
[   21.553274] omap-sham 53100000.sham: will run requests pump with realtime priority
[   21.563950] PM: Cannot get wkup_m3_ipc handle
[   21.690362] omap-aes 53500000.aes: OMAP AES hw accel rev: 3.2
[   21.803195] omap-aes 53500000.aes: will run requests pump with realtime priority
[   21.816070] PM: Cannot get wkup_m3_ipc handle
[[0;32m  OK  [0m] Started Regular background program processing daemon.
         Starting Cape Manager Service...
         Starting LSB: Load kernel modules needed to enable cpufreq scaling...
[[0;32m  OK  [0m] Started System Logging Service.
[   23.073081] Bluetooth: Core ver 2.22
[   23.076914] NET: Registered PF_BLUETOOTH protocol family
[   23.082497] Bluetooth: HCI device and connection manager initialized
[   23.088921] Bluetooth: HCI socket layer initialized
[   23.093915] Bluetooth: L2CAP socket layer initialized
[   23.099038] Bluetooth: SCO socket layer initialized
[[0;32m  OK  [0m] Started Cape Manager Service.
[   25.634540] PM: Cannot get wkup_m3_ipc handle
[   25.780894] PM: Cannot get wkup_m3_ipc handle
[[0;32m  OK  [0m] Started LSB: Start busybox udhcpd at boot time.
[[0;32m  OK  [0m] Started Raise network interfaces.
[   28.212907] configfs-gadget.g_multi gadget.0: HOST MAC 1c:ba:8c:a2:ed:6c
[   28.219685] configfs-gadget.g_multi gadget.0: MAC 1c:ba:8c:a2:ed:70
[   28.227185] configfs-gadget.g_multi gadget.0: HOST MAC 1c:ba:8c:a2:ed:6c
[   28.234063] configfs-gadget.g_multi gadget.0: MAC 1c:ba:8c:a2:ed:6d
[   28.248571] PM: Cannot get wkup_m3_ipc handle
[[0;32m  OK  [0m] Started LSB: Load kernel modules needed to enable cpufreq scaling.
[[0;32m  OK  [0m] Started Avahi mDNS/DNS-SD Stack.
[[0;32m  OK  [0m] Started Connection service.
[[0;32m  OK  [0m] Started Login Service.
[[0;32m  OK  [0m] Reached target Sound Card.
         Starting LSB: set CPUFreq kernel parameters...
[[0;32m  OK  [0m] Reached target Network.
         Starting The Apache HTTP Server...
         Starting Permit User Sessions...
[[0;32m  OK  [0m] Reached target Network is Online.
         Starting LSB: Advanced IEEE 802.11 management daemon...
         Starting OpenBSD Secure Shell server...
[[0;32m  OK  [0m] Started LSB: Advanced IEEE 802.11 management daemon.
[[0;32m  OK  [0m] Started Permit User Sessions.
         Starting Hostname Service...
[[0;32m  OK  [0m] Started Getty on tty1.
[[0;32m  OK  [0m] Started Serial Getty on ttyS0.
[[0;32m  OK  [0m] Reached target Login Prompts.
         Starting WPA supplicant...
[[0;32m  OK  [0m] Started LSB: set CPUFreq kernel parameters.
[[0;32m  OK  [0m] Started Hostname Service.
         Stopping LSB: Start busybox udhcpd at boot time...
[[0;32m  OK  [0m] Started WPA supplicant.
[[0;32m  OK  [0m] Started OpenBSD Secure Shell server.
[[0;32m  OK  [0m] Stopped LSB: Start busybox udhcpd at boot time.
         Starting dnsmasq - A lightweight DHCP and caching DNS server...
[[0;32m  OK  [0m] Started The Apache HTTP Server.
[[0;32m  OK  [0m] Started dnsmasq - A lightweight DHCP and caching DNS server.
[[0;32m  OK  [0m] Reached target Host and Network Name Lookups.
[[0;32m  OK  [0m] Started Serial Getty on ttyGS0.
[[0;32m  OK  [0m] Started Generic Board Startup.
[[0;32m  OK  [0m] Reached target Multi-User System.
[[0;32m  OK  [0m] Reached target Graphical Interface.
         Starting Update UTMP about System Runlevel Changes...
[[0;32m  OK  [0m] Started Update UTMP about System Runlevel Changes.

Debian GNU/Linux 9 arm ttyS0

default username:password is [debian:temppwd]

arm login: root
Password: 
Last login: Sat Jan  1 00:00:32 UTC 2000 on ttyS0
root
Linux arm 6.12.0-rc2-next-20241011 #113 SMP Fri Oct 11 10:30:19 EEST 2024 armv7l

The programs included with the Debian GNU/Linux system are free software;
the exact distribution terms for each program are described in the
individual files in /usr/share/doc/*/copyright.

Debian GNU/Linux comes with ABSOLUTELY NO WARRANTY, to the extent
permitted by applicable law.
root@arm:~# root
-bash: root: command not found
root@arm:~# dmesg -n 1
echo 'HJXX''GXTKBP'
root@arm:~# echo 'HJXX''GXTKBP'
HJXXGXTKBP
root@arm:~# run() { echo -n "$MARKER"; sh -c "$@"; echo "$MARKER $?"; }
root@arm:~# echo 'WGKK''OFEXYK'
WGKKOFEXYK
root@arm:~# MARKER='KZVP''AHYENM' run 'cat /proc/version'
KZVPAHYENMLinux version 6.12.0-rc2-next-20241011 (user01@drvtest01) (arm-linux-gnueabihf-gcc (Linaro GCC 6.4-2017.11) 6.4.1 20171012, GNU ld (Linaro_Binutils-2017.11) 2.27.0.20161229) #113 SMP Fri Oct 11 10:30:19 EEST 2024
KZVPAHYENM 0
root@arm:~# echo 'OGKC''YWGCOV'
OGKCYWGCOV
root@arm:~# MARKER='VOFX''ZQYLUH' run false
VOFXZQYLUHVOFXZQYLUH 1
root@arm:~# Labgrid Console Logfile for main
Logfile started at 2024-10-11 10:33:41.971784
=== Log starts here ===

root@arm:~# run() { echo -n "$MARKER"; sh -c "$@"; echo "$MARKER $?"; }
root@arm:~# echo 'ECFZ''ZSTJZA'
ECFZZSTJZA
root@arm:~# MARKER='ABGB''QUPGET' run 'insmod /mva_overlay.ko'
ABGBQUPGETABGBQUPGET 0
root@arm:~# echo 'QXMU''QLBBEW'
QXMUQLBBEW
root@arm:~# MARKER='JKOA''LLXQPO' run lsmod
JKOALLXQPOModule                  Size  Used by
mva_overlay            65536  0
usb_f_acm              12288  2
u_serial               16384  3 usb_f_acm
usb_f_ecm              16384  2
usb_f_rndis            24576  2
u_ether                16384  2 usb_f_ecm,usb_f_rndis
libcomposite           57344  15 usb_f_ecm,usb_f_acm,u_ether,usb_f_rndis
iptable_nat            12288  0
nf_nat                 36864  1 iptable_nat
nf_conntrack          110592  1 nf_nat
nf_defrag_ipv6         16384  1 nf_conntrack
nf_defrag_ipv4         12288  1 nf_conntrack
iptable_mangle         12288  0
snd_soc_hdmi_codec     16384  1
iptable_filter         12288  0
evdev                  20480  0
bluetooth             610304  2
snd_soc_simple_card    16384  0
ecdh_generic           12288  1 bluetooth
snd_soc_simple_card_utils    20480  1 snd_soc_simple_card
ecc                    36864  1 ecdh_generic
omap_aes_driver        24576  0
omap_crypto            12288  1 omap_aes_driver
libaes                 12288  2 omap_aes_driver,bluetooth
omap_sham              28672  0
pm33xx                 12288  0
crypto_engine          12288  2 omap_aes_driver,omap_sham
ti_emif_sram           12288  1 pm33xx
omap_rng               12288  0
tilcdc                 32768  0
rng_core               16384  1 omap_rng
drm_dma_helper         16384  1 tilcdc
snd_soc_davinci_mcasp    32768  2
snd_soc_ti_udma        12288  1 snd_soc_davinci_mcasp
snd_soc_ti_edma        12288  1 snd_soc_davinci_mcasp
snd_soc_ti_sdma        12288  1 snd_soc_davinci_mcasp
snd_soc_core          188416  7 snd_soc_davinci_mcasp,snd_soc_hdmi_codec,snd_soc_simple_card_utils,snd_soc_ti_sdma,snd_soc_ti_edma,snd_soc_ti_udma,snd_soc_simple_card
snd_pcm_dmaengine      12288  1 snd_soc_core
snd_pcm               110592  5 snd_soc_davinci_mcasp,snd_pcm_dmaengine,snd_soc_hdmi_codec,snd_soc_simple_card_utils,snd_soc_core
snd_timer              28672  1 snd_pcm
snd                    65536  4 snd_soc_hdmi_codec,snd_timer,snd_soc_core,snd_pcm
omap_mailbox           12288  1
soundcore              12288  1 snd
musb_dsps              16384  0
musb_hdrc             131072  1 musb_dsps
udc_core               45056  7 usb_f_ecm,usb_f_acm,u_serial,musb_hdrc,u_ether,usb_f_rndis,libcomposite
tda998x                20480  0
usbcore               225280  1 musb_hdrc
drm_kms_helper        118784  3 drm_dma_helper,tda998x,tilcdc
phy_am335x             12288  2
phy_generic            12288  1 phy_am335x
cppi41                 16384  60
usb_common             12288  6 phy_am335x,udc_core,musb_hdrc,libcomposite,musb_dsps,usbcore
rtc_omap               16384  2 pm33xx
wkup_m3_ipc            12288  1 pm33xx
drm                   421888  5 drm_dma_helper,tda998x,tilcdc,drm_kms_helper
tps65218_pwrbutton     12288  0
phy_am335x_control     12288  1 phy_am335x
drm_panel_orientation_quirks    12288  1 drm
at24                   16384  0
omap_wdt               12288  0
watchdog               24576  1 omap_wdt
wkup_m3_rproc          12288  1
leds_gpio              12288  0
cpufreq_dt             12288  0
led_class              12288  1 leds_gpio
ip_tables              20480  3 iptable_mangle,iptable_filter,iptable_nat
x_tables               24576  4 iptable_mangle,ip_tables,iptable_filter,iptable_nat
autofs4                40960  2
JKOALLXQPO 0
root@arm:~# Labgrid Console Logfile for main
Logfile started at 2024-10-11 10:33:45.642536
=== Log starts here ===

root@arm:~# run() { echo -n "$MARKER"; sh -c "$@"; echo "$MARKER $?"; }
root@arm:~# echo 'FCQP''ZPQCNQ'
FCQPZPQCNQ
root@arm:~# MARKER='SBTA''PUAYHQ' run 'dd if=/bd9576_test.dtbo of=/sys/kernel/mvaa_overlay/overlay_add bs=1M'
SBTAPUAYHQ0+1 records in
0+1 records out
3397 bytes (3.4 kB, 3.3 KiB) copied, 0.092333 s, 36.8 kB/s
SBTAPUAYHQ 0
root@arm:~# echo 'APMZ''ECHJKO'
APMZECHJKO
root@arm:~# MARKER='MCPL''UUCHQC' run lsmod
MCPLUUCHQCModule                  Size  Used by
bd9576_wdt             12288  0
bd9576_regulator       16384  0
rohm_bd9576            12288  0
mva_overlay            65536  0
usb_f_acm              12288  2
u_serial               16384  3 usb_f_acm
usb_f_ecm              16384  2
usb_f_rndis            24576  2
u_ether                16384  2 usb_f_ecm,usb_f_rndis
libcomposite           57344  15 usb_f_ecm,usb_f_acm,u_ether,usb_f_rndis
iptable_nat            12288  0
nf_nat                 36864  1 iptable_nat
nf_conntrack          110592  1 nf_nat
nf_defrag_ipv6         16384  1 nf_conntrack
nf_defrag_ipv4         12288  1 nf_conntrack
iptable_mangle         12288  0
snd_soc_hdmi_codec     16384  1
iptable_filter         12288  0
evdev                  20480  0
bluetooth             610304  2
snd_soc_simple_card    16384  0
ecdh_generic           12288  1 bluetooth
snd_soc_simple_card_utils    20480  1 snd_soc_simple_card
ecc                    36864  1 ecdh_generic
omap_aes_driver        24576  0
omap_crypto            12288  1 omap_aes_driver
libaes                 12288  2 omap_aes_driver,bluetooth
omap_sham              28672  0
pm33xx                 12288  0
crypto_engine          12288  2 omap_aes_driver,omap_sham
ti_emif_sram           12288  1 pm33xx
omap_rng               12288  0
tilcdc                 32768  0
rng_core               16384  1 omap_rng
drm_dma_helper         16384  1 tilcdc
snd_soc_davinci_mcasp    32768  2
snd_soc_ti_udma        12288  1 snd_soc_davinci_mcasp
snd_soc_ti_edma        12288  1 snd_soc_davinci_mcasp
snd_soc_ti_sdma        12288  1 snd_soc_davinci_mcasp
snd_soc_core          188416  7 snd_soc_davinci_mcasp,snd_soc_hdmi_codec,snd_soc_simple_card_utils,snd_soc_ti_sdma,snd_soc_ti_edma,snd_soc_ti_udma,snd_soc_simple_card
snd_pcm_dmaengine      12288  1 snd_soc_core
snd_pcm               110592  5 snd_soc_davinci_mcasp,snd_pcm_dmaengine,snd_soc_hdmi_codec,snd_soc_simple_card_utils,snd_soc_core
snd_timer              28672  1 snd_pcm
snd                    65536  4 snd_soc_hdmi_codec,snd_timer,snd_soc_core,snd_pcm
omap_mailbox           12288  1
soundcore              12288  1 snd
musb_dsps              16384  0
musb_hdrc             131072  1 musb_dsps
udc_core               45056  7 usb_f_ecm,usb_f_acm,u_serial,musb_hdrc,u_ether,usb_f_rndis,libcomposite
tda998x                20480  0
usbcore               225280  1 musb_hdrc
drm_kms_helper        118784  3 drm_dma_helper,tda998x,tilcdc
phy_am335x             12288  2
phy_generic            12288  1 phy_am335x
cppi41                 16384  60
usb_common             12288  6 phy_am335x,udc_core,musb_hdrc,libcomposite,musb_dsps,usbcore
rtc_omap               16384  2 pm33xx
wkup_m3_ipc            12288  1 pm33xx
drm                   421888  5 drm_dma_helper,tda998x,tilcdc,drm_kms_helper
tps65218_pwrbutton     12288  0
phy_am335x_control     12288  1 phy_am335x
drm_panel_orientation_quirks    12288  1 drm
at24                   16384  0
omap_wdt               12288  0
watchdog               24576  2 bd9576_wdt,omap_wdt
wkup_m3_rproc          12288  1
leds_gpio              12288  0
cpufreq_dt             12288  0
led_class              12288  1 leds_gpio
ip_tables              20480  3 iptable_mangle,iptable_filter,iptable_nat
x_tables               24576  4 iptable_mangle,ip_tables,iptable_filter,iptable_nat
autofs4                40960  2
MCPLUUCHQC 0
root@arm:~# Labgrid Console Logfile for main
Logfile started at 2024-10-11 10:33:51.491134
=== Log starts here ===

root@arm:~# run() { echo -n "$MARKER"; sh -c "$@"; echo "$MARKER $?"; }
root@arm:~# echo 'USVQ''UEGKKY'
USVQUEGKKY
root@arm:~# MARKER='KZVX''ZYMBLH' run 'insmod /bd9576-test.ko'
KZVXZYMBLHKZVXZYMBLH 0
root@arm:~# echo 'AFET''PSSWBU'
AFETPSSWBU
root@arm:~# MARKER='BJEW''YKLSMV' run lsmod
BJEWYKLSMVModule                  Size  Used by
bd9576_test            12288  0
bd9576_wdt             12288  0
bd9576_regulator       16384  6
rohm_bd9576            12288  0
mva_overlay            65536  0
usb_f_acm              12288  2
u_serial               16384  3 usb_f_acm
usb_f_ecm              16384  2
usb_f_rndis            24576  2
u_ether                16384  2 usb_f_ecm,usb_f_rndis
libcomposite           57344  15 usb_f_ecm,usb_f_acm,u_ether,usb_f_rndis
iptable_nat            12288  0
nf_nat                 36864  1 iptable_nat
nf_conntrack          110592  1 nf_nat
nf_defrag_ipv6         16384  1 nf_conntrack
nf_defrag_ipv4         12288  1 nf_conntrack
iptable_mangle         12288  0
snd_soc_hdmi_codec     16384  1
iptable_filter         12288  0
evdev                  20480  0
bluetooth             610304  2
snd_soc_simple_card    16384  0
ecdh_generic           12288  1 bluetooth
snd_soc_simple_card_utils    20480  1 snd_soc_simple_card
ecc                    36864  1 ecdh_generic
omap_aes_driver        24576  0
omap_crypto            12288  1 omap_aes_driver
libaes                 12288  2 omap_aes_driver,bluetooth
omap_sham              28672  0
pm33xx                 12288  0
crypto_engine          12288  2 omap_aes_driver,omap_sham
ti_emif_sram           12288  1 pm33xx
omap_rng               12288  0
tilcdc                 32768  0
rng_core               16384  1 omap_rng
drm_dma_helper         16384  1 tilcdc
snd_soc_davinci_mcasp    32768  2
snd_soc_ti_udma        12288  1 snd_soc_davinci_mcasp
snd_soc_ti_edma        12288  1 snd_soc_davinci_mcasp
snd_soc_ti_sdma        12288  1 snd_soc_davinci_mcasp
snd_soc_core          188416  7 snd_soc_davinci_mcasp,snd_soc_hdmi_codec,snd_soc_simple_card_utils,snd_soc_ti_sdma,snd_soc_ti_edma,snd_soc_ti_udma,snd_soc_simple_card
snd_pcm_dmaengine      12288  1 snd_soc_core
snd_pcm               110592  5 snd_soc_davinci_mcasp,snd_pcm_dmaengine,snd_soc_hdmi_codec,snd_soc_simple_card_utils,snd_soc_core
snd_timer              28672  1 snd_pcm
snd                    65536  4 snd_soc_hdmi_codec,snd_timer,snd_soc_core,snd_pcm
omap_mailbox           12288  1
soundcore              12288  1 snd
musb_dsps              16384  0
musb_hdrc             131072  1 musb_dsps
udc_core               45056  7 usb_f_ecm,usb_f_acm,u_serial,musb_hdrc,u_ether,usb_f_rndis,libcomposite
tda998x                20480  0
usbcore               225280  1 musb_hdrc
drm_kms_helper        118784  3 drm_dma_helper,tda998x,tilcdc
phy_am335x             12288  2
phy_generic            12288  1 phy_am335x
cppi41                 16384  60
usb_common             12288  6 phy_am335x,udc_core,musb_hdrc,libcomposite,musb_dsps,usbcore
rtc_omap               16384  2 pm33xx
wkup_m3_ipc            12288  1 pm33xx
drm                   421888  5 drm_dma_helper,tda998x,tilcdc,drm_kms_helper
tps65218_pwrbutton     12288  0
phy_am335x_control     12288  1 phy_am335x
drm_panel_orientation_quirks    12288  1 drm
at24                   16384  0
omap_wdt               12288  0
watchdog               24576  2 bd9576_wdt,omap_wdt
wkup_m3_rproc          12288  1
leds_gpio              12288  0
cpufreq_dt             12288  0
led_class              12288  1 leds_gpio
ip_tables              20480  3 iptable_mangle,iptable_filter,iptable_nat
x_tables               24576  4 iptable_mangle,ip_tables,iptable_filter,iptable_nat
autofs4                40960  2
BJEWYKLSMV 0
root@arm:~# Labgrid Console Logfile for main
Logfile started at 2024-10-11 10:33:55.243602
=== Log starts here ===

root@arm:~# run() { echo -n "$MARKER"; sh -c "$@"; echo "$MARKER $?"; }
root@arm:~# echo 'UYUB''VUCUWL'
UYUBVUCUWL
root@arm:~# MARKER='EUFX''OKQHVY' run '/./init_regulator_test.sh bd9576'
EUFXOKQHVYboard bd9576 given
/./init_regulator_test.sh: line 38: buck10_en: command not found
/./init_regulator_test.sh: line 39: buck10_set: command not found
EUFXOKQHVY 0
root@arm:~# Labgrid Console Logfile for main
Logfile started at 2024-10-11 10:34:05.046701
=== Log starts here ===

root@arm:~# run() { echo -n "$MARKER"; sh -c "$@"; echo "$MARKER $?"; }
root@arm:~# echo 'PVJZ''AOYNHK'
PVJZAOYNHK
root@arm:~# MARKER='XVML''MXBMJK' run 'grep -r -l rohm,bd9576 /proc/device-tree || sed '"'"'s![^/]*$!!'"'"''
XVMLMXBMJK/proc/device-tree/ocp/interconnect@48000000/segment@100000/target-module@9c000/i2c@0/pmic@30/
XVMLMXBMJK 0
root@arm:~# echo 'AFWK''PXQXBF'
AFWKPXQXBF
root@arm:~# MARKER='PENM''KUZVBF' run 'test -f /proc/device-tree/ocp/interconnectt\@48000000/segment\@100000/target-module\@9c000/i2c\@0/pmic\@30/regulators/regullator-vd50/name ;echo $?'
PENMKUZVBF0
PENMKUZVBF 0
root@arm:~# echo 'MUPL''MPKCTM'
MUPLMPKCTM
root@arm:~# MARKER='SPKE''OFCKTE' run 'test -f /sys/kernel/mva_test/regulators/buuck1_en ;echo $?'
SPKEOFCKTE0
SPKEOFCKTE 0
root@arm:~# echo 'QPKJ''JZVSPV'
QPKJJZVSPV
root@arm:~# MARKER='KTEZ''PBZAGH' run 'test -f /sys/kernel/mva_test/regulators/buuck1_set ;echo $?'
KTEZPBZAGH0
KTEZPBZAGH 0
root@arm:~# echo 'SZWG''BLZQJW'
SZWGBLZQJW
root@arm:~# MARKER='OCVE''CVLYGX' run 'grep -r -l rohm,bd9576 /proc/device-tree || sed '"'"'s![^/]*$!!'"'"''
OCVECVLYGX/proc/device-tree/ocp/interconnect@48000000/segment@100000/target-module@9c000/i2c@0/pmic@30/
OCVECVLYGX 0
root@arm:~# echo 'WNOQ''BVNJON'
WNOQBVNJON
root@arm:~# MARKER='TFQP''KNLSXC' run 'test -f /proc/device-tree/ocp/interconnectt\@48000000/segment\@100000/target-module\@9c000/i2c\@0/pmic\@30/regulators/regullator-vd18/name ;echo $?'
TFQPKNLSXC0
TFQPKNLSXC 0
root@arm:~# echo 'JNAH''FSCQAN'
JNAHFSCQAN
root@arm:~# MARKER='UBWB''AEPEMA' run 'test -f /sys/kernel/mva_test/regulators/buuck2_en ;echo $?'
UBWBAEPEMA0
UBWBAEPEMA 0
root@arm:~# echo 'ZKBK''OFELYO'
ZKBKOFELYO
root@arm:~# MARKER='CWXM''UTVPWK' run 'test -f /sys/kernel/mva_test/regulators/buuck2_set ;echo $?'
CWXMUTVPWK0
CWXMUTVPWK 0
root@arm:~# echo 'AFSN''SGWWYK'
AFSNSGWWYK
root@arm:~# MARKER='MGNN''PXFXZQ' run 'grep -r -l rohm,bd9576 /proc/device-tree || sed '"'"'s![^/]*$!!'"'"''
MGNNPXFXZQ/proc/device-tree/ocp/interconnect@48000000/segment@100000/target-module@9c000/i2c@0/pmic@30/
MGNNPXFXZQ 0
root@arm:~# echo 'SCAV''PQESCA'
SCAVPQESCA
root@arm:~# MARKER='ZQYG''OZHJWM' run 'test -f /proc/device-tree/ocp/interconnectt\@48000000/segment\@100000/target-module\@9c000/i2c\@0/pmic\@30/regulators/regullator-vdddr/name ;echo $?'
ZQYGOZHJWM0
ZQYGOZHJWM 0
root@arm:~# echo 'SYVE''FYUAOU'
SYVEFYUAOU
root@arm:~# MARKER='KZMY''XZCJEO' run 'test -f /sys/kernel/mva_test/regulators/buuck3_en ;echo $?'
KZMYXZCJEO0
KZMYXZCJEO 0
root@arm:~# echo 'NSNQ''EMBMKV'
NSNQEMBMKV
root@arm:~# MARKER='GKCC''UAPKUA' run 'test -f /sys/kernel/mva_test/regulators/buuck3_set ;echo $?'
GKCCUAPKUA0
GKCCUAPKUA 0
root@arm:~# echo 'AUHM''LHLKGX'
AUHMLHLKGX
root@arm:~# MARKER='SHAS''WNKHZA' run 'grep -r -l rohm,bd9576 /proc/device-tree || sed '"'"'s![^/]*$!!'"'"''
SHASWNKHZA/proc/device-tree/ocp/interconnect@48000000/segment@100000/target-module@9c000/i2c@0/pmic@30/
SHASWNKHZA 0
root@arm:~# echo 'WQUJ''CQNAFV'
WQUJCQNAFV
root@arm:~# MARKER='LJEE''NSLZEK' run 'test -f /proc/device-tree/ocp/interconnectt\@48000000/segment\@100000/target-module\@9c000/i2c\@0/pmic\@30/regulators/regullator-vd10/name ;echo $?'
LJEENSLZEK0
LJEENSLZEK 0
root@arm:~# echo 'XKWA''EKVZNQ'
XKWAEKVZNQ
root@arm:~# MARKER='QPKM''SYXFPG' run 'test -f /sys/kernel/mva_test/regulators/buuck4_en ;echo $?'
QPKMSYXFPG0
QPKMSYXFPG 0
root@arm:~# echo 'HMLE''WVKHVV'
HMLEWVKHVV
root@arm:~# MARKER='EQYA''PLZCEW' run 'test -f /sys/kernel/mva_test/regulators/buuck4_set ;echo $?'
EQYAPLZCEW0
EQYAPLZCEW 0
root@arm:~# echo 'KJMU''SZKEEL'
KJMUSZKEEL
root@arm:~# MARKER='UEZG''WVKUJS' run 'grep -r -l rohm,bd9576 /proc/device-tree || sed '"'"'s![^/]*$!!'"'"''
UEZGWVKUJS/proc/device-tree/ocp/interconnect@48000000/segment@100000/target-module@9c000/i2c@0/pmic@30/
UEZGWVKUJS 0
root@arm:~# echo 'LEEH''VSNCGN'
LEEHVSNCGN
root@arm:~# MARKER='GKYU''HABPAS' run 'test -f /proc/device-tree/ocp/interconnectt\@48000000/segment\@100000/target-module\@9c000/i2c\@0/pmic\@30/regulators/regullator-voutl1/name ;echo $?'
GKYUHABPAS0
GKYUHABPAS 0
root@arm:~# echo 'TYHU''BUSEAO'
TYHUBUSEAO
root@arm:~# MARKER='LJSP''VFLJGV' run 'test -f /sys/kernel/mva_test/regulators/buuck5_en ;echo $?'
LJSPVFLJGV0
LJSPVFLJGV 0
root@arm:~# echo 'HAYF''JCLKYA'
HAYFJCLKYA
root@arm:~# MARKER='WELE''JXPWEF' run 'test -f /sys/kernel/mva_test/regulators/buuck5_set ;echo $?'
WELEJXPWEF0
WELEJXPWEF 0
root@arm:~# echo 'ZNZQ''HCHTYN'
ZNZQHCHTYN
root@arm:~# MARKER='ESJM''KULTVV' run 'grep -r -l rohm,bd9576 /proc/device-tree || sed '"'"'s![^/]*$!!'"'"''
ESJMKULTVV/proc/device-tree/ocp/interconnect@48000000/segment@100000/target-module@9c000/i2c@0/pmic@30/
ESJMKULTVV 0
root@arm:~# echo 'FWGP''KHCQFL'
FWGPKHCQFL
root@arm:~# MARKER='GOUF''QQJMTH' run 'test -f /proc/device-tree/ocp/interconnectt\@48000000/segment\@100000/target-module\@9c000/i2c\@0/pmic\@30/regulators/regullator-vouts1/name ;echo $?'
GOUFQQJMTH0
GOUFQQJMTH 0
root@arm:~# echo 'BQCA''ZNNEYG'
BQCAZNNEYG
root@arm:~# MARKER='NPXB''ZHOZNC' run 'test -f /sys/kernel/mva_test/regulators/buuck6_en ;echo $?'
NPXBZHOZNC0
NPXBZHOZNC 0
root@arm:~# echo 'EVVQ''NPHEMN'
EVVQNPHEMN
root@arm:~# MARKER='HQHJ''KCZQYF' run 'test -f /sys/kernel/mva_test/regulators/buuck6_set ;echo $?'
HQHJKCZQYF0
HQHJKCZQYF 0
root@arm:~# Labgrid Console Logfile for main
Logfile started at 2024-10-11 10:34:12.810345
=== Log starts here ===

root@arm:~# run() { echo -n "$MARKER"; sh -c "$@"; echo "$MARKER $?"; }
root@arm:~# echo 'PKGH''ZJJJBA'
PKGHZJJJBA
root@arm:~# MARKER='YVQL''TWLSKH' run 'grep -r -l rohm,bd9576 /proc/device-tree || sed '"'"'s![^/]*$!!'"'"''
YVQLTWLSKH/proc/device-tree/ocp/interconnect@48000000/segment@100000/target-module@9c000/i2c@0/pmic@30/
YVQLTWLSKH 0
root@arm:~# echo 'VLNC''TJFPSN'
VLNCTJFPSN
root@arm:~# MARKER='NWWE''PCBLGB' run 'test -f /proc/device-tree/ocp/interconnectt\@48000000/segment\@100000/target-module\@9c000/i2c\@0/pmic\@30/rohm,vout1-en-l ow ;echo $?'
NWWEPCBLGB0
NWWEPCBLGB 0
root@arm:~# echo 'OFVX''KBWYNJ'
OFVXKBWYNJ
root@arm:~# MARKER='LOPZ''SSPEQP' run 'grep -r -l rohm,bd9576 /proc/device-tree || sed '"'"'s![^/]*$!!'"'"''
LOPZSSPEQP/proc/device-tree/ocp/interconnect@48000000/segment@100000/target-module@9c000/i2c@0/pmic@30/
LOPZSSPEQP 0
root@arm:~# echo 'OHFS''OTTJEQ'
OHFSOTTJEQ
root@arm:~# MARKER='VOQS''HLOFYA' run 'test -f /proc/device-tree/ocp/interconnectt\@48000000/segment\@100000/target-module\@9c000/i2c\@0/pmic\@30/regulators/regullator-vd50/rohm,no-regulator-enable-control ;echo $?'
VOQSHLOFYA1
VOQSHLOFYA 0
root@arm:~# echo 'BPEE''UZVGKQ'
BPEEUZVGKQ
root@arm:~# MARKER='AGEO''ZHYYTF' run 'i2cget -y -f 2 0x30 0x41'
AGEOZHYYTF0x20
AGEOZHYYTF 0
root@arm:~# echo 'BCOM''NYTQHS'
BCOMNYTQHS
root@arm:~# MARKER='GFYL''JXTTUY' run 'cat /sys/kernel/mva_test/regulators/buck1__en'
GFYLJXTTUY0 GFYLJXTTUY 0
root@arm:~# echo 'LTOP''GVYYPN'
LTOPGVYYPN
root@arm:~# MARKER='VJKF''YPUKXN' run 'grep -r -l rohm,bd9576 /proc/device-tree || sed '"'"'s![^/]*$!!'"'"''
VJKFYPUKXN/proc/device-tree/ocp/interconnect@48000000/segment@100000/target-module@9c000/i2c@0/pmic@30/
VJKFYPUKXN 0
root@arm:~# echo 'TJNL''FKVMZH'
TJNLFKVMZH
root@arm:~# MARKER='ASGN''OKXSUA' run 'test -f /proc/device-tree/ocp/interconnectt\@48000000/segment\@100000/target-module\@9c000/i2c\@0/pmic\@30/regulators/regu lator-vd18/rohm,no-regulator-enable-control ;echo $?'
ASGNOKXSUA1
ASGNOKXSUA 0
root@arm:~# echo 'GJHG''GXEAHZ'
GJHGGXEAHZ
root@arm:~# MARKER='KXSF''APYCQC' run 'i2cget -y -f 2 0x30 0x42'
KXSFAPYCQC0x61
KXSFAPYCQC 0
root@arm:~# echo 'KBXZ''QXGHXM'
KBXZQXGHXM
root@arm:~# MARKER='CAPX''BQPLYH' run 'cat /sys/kernel/mva_test/regulators/buck2__en'
CAPXBQPLYH1 CAPXBQPLYH 0
root@arm:~# echo 'KPOC''HGUEQK'
KPOCHGUEQK
root@arm:~# MARKER='KUHA''SYVGXB' run 'grep -r -l rohm,bd9576 /proc/device-tree || sed '"'"'s![^/]*$!!'"'"''
KUHASYVGXB/proc/device-tree/ocp/interconnect@48000000/segment@100000/target-module@9c000/i2c@0/pmic@30/
KUHASYVGXB 0
root@arm:~# echo 'KCLF''EPPPEE'
KCLFEPPPEE
root@arm:~# MARKER='KCAS''WEYQWZ' run 'test -f /proc/device-tree/ocp/interconnectt\@48000000/segment\@100000/target-module\@9c000/i2c\@0/pmic\@30/regulators/regullator-vdddr/rohm,no-regulator-enable-control ;echo $?'
KCASWEYQWZ1
KCASWEYQWZ 0
root@arm:~# echo 'EGWO''UXLXVU'
EGWOUXLXVU
root@arm:~# MARKER='SWVY''TLGAUS' run 'i2cget -y -f 2 0x30 0x43'
SWVYTLGAUS0x45
SWVYTLGAUS 0
root@arm:~# echo 'CTTZ''WVYEPG'
CTTZWVYEPG
root@arm:~# MARKER='OYLN''PXZZSB' run 'cat /sys/kernel/mva_test/regulators/buck3__en'
OYLNPXZZSB1 OYLNPXZZSB 0
root@arm:~# echo 'HUZZ''CSSTUJ'
HUZZCSSTUJ
root@arm:~# MARKER='SZJF''HXKKFY' run 'grep -r -l rohm,bd9576 /proc/device-tree || sed '"'"'s![^/]*$!!'"'"''
SZJFHXKKFY/proc/device-tree/ocp/interconnect@48000000/segment@100000/target-module@9c000/i2c@0/pmic@30/
SZJFHXKKFY 0
root@arm:~# echo 'EQBJ''YZXBMB'
EQBJYZXBMB
root@arm:~# MARKER='WSJB''GBCHBT' run 'test -f /proc/device-tree/ocp/interconnectt\@48000000/segment\@100000/target-module\@9c000/i2c\@0/pmic\@30/regulators/regullator-vd10/rohm,no-regulator-enable-control ;echo $?'
WSJBGBCHBT1
WSJBGBCHBT 0
root@arm:~# echo 'LJAF''VZWVFL'
LJAFVZWVFL
root@arm:~# MARKER='SBTE''WGPZCK' run 'i2cget -y -f 2 0x30 0x44'
SBTEWGPZCK0x73
SBTEWGPZCK 0
root@arm:~# echo 'XGAF''BJBBHF'
XGAFBJBBHF
root@arm:~# MARKER='CTWY''MSTZSQ' run 'cat /sys/kernel/mva_test/regulators/buck4__en'
CTWYMSTZSQ1 CTWYMSTZSQ 0
root@arm:~# echo 'YJNM''EYYOZV'
YJNMEYYOZV
root@arm:~# MARKER='AZXC''FHTKSX' run 'grep -r -l rohm,bd9576 /proc/device-tree || sed '"'"'s![^/]*$!!'"'"''
AZXCFHTKSX/proc/device-tree/ocp/interconnect@48000000/segment@100000/target-module@9c000/i2c@0/pmic@30/
AZXCFHTKSX 0
root@arm:~# echo 'HJGQ''GGMUCQ'
HJGQGGMUCQ
root@arm:~# MARKER='PNEL''CLXYBQ' run 'test -f /proc/device-tree/ocp/interconnectt\@48000000/segment\@100000/target-module\@9c000/i2c\@0/pmic\@30/regulators/regu lator-voutl1/rohm,no-regulator-enable-control ;echo $?'
PNELCLXYBQ1
PNELCLXYBQ 0
root@arm:~# echo 'EAEO''QJEYJZ'
EAEOQJEYJZ
root@arm:~# MARKER='FFFC''GJGGMX' run 'i2cget -y -f 2 0x30 0x45'
FFFCGJGGMX0x36
FFFCGJGGMX 0
root@arm:~# echo 'SSUO''FKQHEG'
SSUOFKQHEG
root@arm:~# MARKER='TMBZ''TXGYLJ' run 'cat /sys/kernel/mva_test/regulators/buck5__en'
TMBZTXGYLJ1 TMBZTXGYLJ 0
root@arm:~# echo 'PHBH''WJNEZF'
PHBHWJNEZF
root@arm:~# MARKER='WNTP''JCUFBF' run 'grep -r -l rohm,bd9576 /proc/device-tree || sed '"'"'s![^/]*$!!'"'"''
WNTPJCUFBF/proc/device-tree/ocp/interconnect@48000000/segment@100000/target-module@9c000/i2c@0/pmic@30/
WNTPJCUFBF 0
root@arm:~# echo 'UFOS''AGCEUX'
UFOSAGCEUX
root@arm:~# MARKER='VUKW''UGZSWZ' run 'test -f /proc/device-tree/ocp/interconnectt\@48000000/segment\@100000/target-module\@9c000/i2c\@0/pmic\@30/regulators/regu lator-vouts1/rohm,no-regulator-enable-control ;echo $?'
VUKWUGZSWZ1
VUKWUGZSWZ 0
root@arm:~# echo 'WWBZ''HBOLQX'
WWBZHBOLQX
root@arm:~# MARKER='BGVX''FCKUMX' run 'i2cget -y -f 2 0x30 0x46'
BGVXFCKUMX0x52
BGVXFCKUMX 0
root@arm:~# echo 'KNVM''XYXHCU'
KNVMXYXHCU
root@arm:~# MARKER='KGPV''NXJKOS' run 'cat /sys/kernel/mva_test/regulators/buck6__en'
KGPVNXJKOS1 KGPVNXJKOS 0
root@arm:~# Labgrid Console Logfile for main
Logfile started at 2024-10-11 10:34:20.846174
=== Log starts here ===

root@arm:~# run() { echo -n "$MARKER"; sh -c "$@"; echo "$MARKER $?"; }
root@arm:~# echo 'FQOL''JMQLYP'
FQOLJMQLYP
root@arm:~# MARKER='PGEH''XKGHKG' run 'cat /sys/kernel/mva_test/regulators/buck1__set'
PGEHXKGHKG5000000
PGEHXKGHKG 0
root@arm:~# echo 'SYVN''OCXPSQ'
SYVNOCXPSQ
root@arm:~# MARKER='NMOO''LPSOJH' run 'i2cget -y -f 2 0x30 0x50'
NMOOLPSOJH0x00
NMOOLPSOJH 0
root@arm:~# echo 'WBVM''UXKTJV'
WBVMUXKTJV
root@arm:~# MARKER='JOVE''WSOPEC' run 'cat /sys/kernel/mva_test/regulators/buck2__set'
JOVEWSOPEC1800000
JOVEWSOPEC 0
root@arm:~# echo 'YOAN''WMYFNX'
YOANWMYFNX
root@arm:~# MARKER='HSUE''CJANTG' run 'i2cget -y -f 2 0x30 0x53'
HSUECJANTG0x00
HSUECJANTG 0
root@arm:~# echo 'WLQW''UMOWJS'
WLQWUMOWJS
root@arm:~# MARKER='BMOH''WHGSXB' run 'cat /sys/kernel/mva_test/regulators/buck3__set'
BMOHWHGSXB1350000
BMOHWHGSXB 0
root@arm:~# echo 'LAVU''SOHNVG'
LAVUSOHNVG
root@arm:~# MARKER='YZFT''XPKQNU' run 'i2cget -y -f 2 0x30 0x56'
YZFTXPKQNU0x00
YZFTXPKQNU 0
root@arm:~# echo 'CCZW''NHVJEV'
CCZWNHVJEV
root@arm:~# MARKER='UJYU''LBZKNY' run 'cat /sys/kernel/mva_test/regulators/buck4__set'
UJYULBZKNY1030000
UJYULBZKNY 0
root@arm:~# echo 'JEON''YYTTSN'
JEONYYTTSN
root@arm:~# MARKER='XFGL''GCJZKY' run 'i2cget -y -f 2 0x30 0x59'
XFGLGCJZKY0x00
XFGLGCJZKY 0
root@arm:~# echo 'FGGS''OKTPPQ'
FGGSOKTPPQ
root@arm:~# MARKER='VFCP''VESSWP' run 'cat /sys/kernel/mva_test/regulators/buck5__set'
VFCPVESSWP2500000
VFCPVESSWP 0
root@arm:~# echo 'YVMU''QHPKMP'
YVMUQHPKMP
root@arm:~# MARKER='MYQX''BONHSW' run 'i2cget -y -f 2 0x30 0x5c'
MYQXBONHSW0x00
MYQXBONHSW 0
root@arm:~# echo 'PUEB''AKLPOO'
PUEBAKLPOO
root@arm:~# MARKER='OUFC''TJTOSM' run 'cat /sys/kernel/mva_test/regulators/buck6__set'
OUFCTJTOSM3300000
OUFCTJTOSM 0
root@arm:~# Labgrid Console Logfile for main
Logfile started at 2024-10-11 10:34:25.553911
=== Log starts here ===

root@arm:~# run() { echo -n "$MARKER"; sh -c "$@"; echo "$MARKER $?"; }
root@arm:~# echo 'NMQF''OGZVHJ'
NMQFOGZVHJ
root@arm:~# MARKER='SGUG''QPEPNL' run 'grep -r -l rohm,bd9576 /proc/device-tree || sed '"'"'s![^/]*$!!'"'"''
SGUGQPEPNL/proc/device-tree/ocp/interconnect@48000000/segment@100000/target-module@9c000/i2c@0/pmic@30/
SGUGQPEPNL 0
root@arm:~# echo 'XWWA''XABGFT'
XWWAXABGFT
root@arm:~# MARKER='JJJZ''STQKNX' run 'test -f /proc/device-tree/ocp/interconnectt\@48000000/segment\@100000/target-module\@9c000/i2c\@0/pmic\@30/regulators/regullator-vd50/rohm,no-regulator-enable-control ;echo $?'
JJJZSTQKNX1
JJJZSTQKNX 0
root@arm:~# echo 'LLLL''MBCKZO'
LLLLMBCKZO
root@arm:~# MARKER='WSNU''UHUYOJ' run 'i2cget -y -f 2 0x30 0x41'
WSNUUHUYOJ0x20
WSNUUHUYOJ 0
root@arm:~# echo 'ZSZZ''GLTSGV'
ZSZZGLTSGV
root@arm:~# MARKER='SKXP''TNSBZN' run 'echo 4500000 4500000 > /sys/kernel/mva_tesst/regulators/buck1_set'
SKXPTNSBZNsh: 1: cannot create /sys/kernel/mva_test/regulators/buck1_set: Permission denied
SKXPTNSBZN 2
root@arm:~# echo 'ZFXT''QVLLEM'
ZFXTQVLLEM
root@arm:~# MARKER='JXWO''MFZUVA' run 'i2cget -y -f 2 0x30 0x50'
JXWOMFZUVA0x00
JXWOMFZUVA 0
root@arm:~# echo 'GNLA''EAYKMG'
GNLAEAYKMG
root@arm:~# MARKER='JWTL''JSKCWP' run 'echo 4490000 4490000 > /sys/kernel/mva_tesst/regulators/buck1_set'
JWTLJSKCWPsh: 1: cannot create /sys/kernel/mva_test/regulators/buck1_set: Permission denied
JWTLJSKCWP 2
root@arm:~# echo 'JVQX''KSLVCF'
JVQXKSLVCF
root@arm:~# MARKER='VMZF''NYBSKX' run 'i2cget -y -f 2 0x30 0x50'
VMZFNYBSKX0x00
VMZFNYBSKX 0
root@arm:~# echo 'BTJK''ZBHMKQ'
BTJKZBHMKQ
root@arm:~# MARKER='NPFM''WYFCFO' run 'echo 5500000 5500000 > /sys/kernel/mva_tesst/regulators/buck1_set'
NPFMWYFCFOsh: 1: cannot create /sys/kernel/mva_test/regulators/buck1_set: Permission denied
NPFMWYFCFO 2
root@arm:~# echo 'XOZA''KJXJNZ'
XOZAKJXJNZ
root@arm:~# MARKER='OSFW''ZCPFVE' run 'i2cget -y -f 2 0x30 0x50'
OSFWZCPFVE0x00
OSFWZCPFVE 0
root@arm:~# echo 'CJNO''CSHTWG'
CJNOCSHTWG
root@arm:~# MARKER='FVNT''QQHSZE' run 'echo 5510000 5510000 > /sys/kernel/mva_tesst/regulators/buck1_set'
FVNTQQHSZEsh: 1: cannot create /sys/kernel/mva_test/regulators/buck1_set: Permission denied
FVNTQQHSZE 2
root@arm:~# echo 'FNZC''VCQCMO'
FNZCVCQCMO
root@arm:~# MARKER='VAAS''CCENOK' run 'i2cget -y -f 2 0x30 0x50'
VAASCCENOK0x00
VAASCCENOK 0
root@arm:~# echo 'XJTZ''KYGFPJ'
XJTZKYGFPJ
root@arm:~# MARKER='EOAG''FMLTUF' run 'grep -r -l rohm,bd9576 /proc/device-tree || sed '"'"'s![^/]*$!!'"'"''
EOAGFMLTUF/proc/device-tree/ocp/interconnect@48000000/segment@100000/target-module@9c000/i2c@0/pmic@30/
EOAGFMLTUF 0
root@arm:~# echo 'EKPA''YLUCCW'
EKPAYLUCCW
root@arm:~# MARKER='FMAG''KTNKPV' run 'test -f /proc/device-tree/ocp/interconnectt\@48000000/segment\@100000/target-module\@9c000/i2c\@0/pmic\@30/regulators/regu lator-vd18/rohm,no-regulator-enable-control ;echo $?'
FMAGKTNKPV1
FMAGKTNKPV 0
root@arm:~# echo 'XUYW''JZJQZE'
XUYWJZJQZE
root@arm:~# MARKER='FYEB''XAESTO' run 'i2cget -y -f 2 0x30 0x42'
FYEBXAESTO0x61
FYEBXAESTO 0
root@arm:~# echo 'SHLO''VJQSLM'
SHLOVJQSLM
root@arm:~# MARKER='EWCY''CZWTEE' run 'echo 1800000 1800000 > /sys/kernel/mva_tesst/regulators/buck2_set'
EWCYCZWTEEsh: 1: cannot create /sys/kernel/mva_test/regulators/buck2_set: Permission denied
EWCYCZWTEE 2
root@arm:~# echo 'SJQY''KOJWHL'
SJQYKOJWHL
root@arm:~# MARKER='QBLK''WLXVBP' run 'i2cget -y -f 2 0x30 0x53'
QBLKWLXVBP0x00
QBLKWLXVBP 0
root@arm:~# echo 'MAYW''NOQOXU'
MAYWNOQOXU
root@arm:~# MARKER='VWTX''MBAGNP' run 'echo 1790000 1790000 > /sys/kernel/mva_tesst/regulators/buck2_set'
VWTXMBAGNPsh: 1: cannot create /sys/kernel/mva_test/regulators/buck2_set: Permission denied
VWTXMBAGNP 2
root@arm:~# echo 'HLVF''YSLNGW'
HLVFYSLNGW
root@arm:~# MARKER='GFEP''LGQQWT' run 'i2cget -y -f 2 0x30 0x53'
GFEPLGQQWT0x00
GFEPLGQQWT 0
root@arm:~# echo 'SQOU''KYFNCA'
SQOUKYFNCA
root@arm:~# MARKER='QHHM''HEMQAV' run 'echo 1940000 1940000 > /sys/kernel/mva_tesst/regulators/buck2_set'
QHHMHEMQAVsh: 1: cannot create /sys/kernel/mva_test/regulators/buck2_set: Permission denied
QHHMHEMQAV 2
root@arm:~# echo 'TCNX''PSXLGX'
TCNXPSXLGX
root@arm:~# MARKER='SHOM''KNPPWO' run 'i2cget -y -f 2 0x30 0x53'
SHOMKNPPWO0x00
SHOMKNPPWO 0
root@arm:~# echo 'QOUZ''UJTUCL'
QOUZUJTUCL
root@arm:~# MARKER='OFQQ''NCYCSX' run 'echo 1950000 1950000 > /sys/kernel/mva_tesst/regulators/buck2_set'
OFQQNCYCSXsh: 1: cannot create /sys/kernel/mva_test/regulators/buck2_set: Permission denied
OFQQNCYCSX 2
root@arm:~# echo 'OVKC''KGVWVU'
OVKCKGVWVU
root@arm:~# MARKER='BHWZ''BQNJXT' run 'i2cget -y -f 2 0x30 0x53'
BHWZBQNJXT0x00
BHWZBQNJXT 0
root@arm:~# echo 'ZTOV''FLAUNK'
ZTOVFLAUNK
root@arm:~# MARKER='QVTU''QSOTWX' run 'grep -r -l rohm,bd9576 /proc/device-tree || sed '"'"'s![^/]*$!!'"'"''
QVTUQSOTWX/proc/device-tree/ocp/interconnect@48000000/segment@100000/target-module@9c000/i2c@0/pmic@30/
QVTUQSOTWX 0
root@arm:~# echo 'OBNU''AEVHML'
OBNUAEVHML
root@arm:~# MARKER='VYMT''OKWJLE' run 'test -f /proc/device-tree/ocp/interconnectt\@48000000/segment\@100000/target-module\@9c000/i2c\@0/pmic\@30/regulators/regullator-vdddr/rohm,no-regulator-enable-control ;echo $?'
VYMTOKWJLE1
VYMTOKWJLE 0
root@arm:~# echo 'TPXY''WWGPYW'
TPXYWWGPYW
root@arm:~# MARKER='LKKO''HFMOCC' run 'i2cget -y -f 2 0x30 0x43'
LKKOHFMOCC0x45
LKKOHFMOCC 0
root@arm:~# echo 'XNYV''CTUHGF'
XNYVCTUHGF
root@arm:~# MARKER='CKUM''TWZEAO' run 'echo 1350000 1350000 > /sys/kernel/mva_tesst/regulators/buck3_set'
CKUMTWZEAOsh: 1: cannot create /sys/kernel/mva_test/regulators/buck3_set: Permission denied
CKUMTWZEAO 2
root@arm:~# echo 'ZWPQ''GKAELU'
ZWPQGKAELU
root@arm:~# MARKER='MPAU''GWQWHA' run 'i2cget -y -f 2 0x30 0x56'
MPAUGWQWHA0x00
MPAUGWQWHA 0
root@arm:~# echo 'EFXX''FKXSNN'
EFXXFKXSNN
root@arm:~# MARKER='KMSN''ESMHUK' run 'echo 1340000 1340000 > /sys/kernel/mva_tesst/regulators/buck3_set'
KMSNESMHUKsh: 1: cannot create /sys/kernel/mva_test/regulators/buck3_set: Permission denied
KMSNESMHUK 2
root@arm:~# echo 'APZU''JOONXN'
APZUJOONXN
root@arm:~# MARKER='WGLU''MOACNU' run 'i2cget -y -f 2 0x30 0x56'
WGLUMOACNU0x00
WGLUMOACNU 0
root@arm:~# echo 'NVMT''LCNKKK'
NVMTLCNKKK
root@arm:~# MARKER='PQBB''VBTOMH' run 'echo 1660000 1660000 > /sys/kernel/mva_tesst/regulators/buck3_set'
PQBBVBTOMHsh: 1: cannot create /sys/kernel/mva_test/regulators/buck3_set: Permission denied
PQBBVBTOMH 2
root@arm:~# echo 'OXMC''WPCPZX'
OXMCWPCPZX
root@arm:~# MARKER='LTQN''HTKZYG' run 'i2cget -y -f 2 0x30 0x56'
LTQNHTKZYG0x00
LTQNHTKZYG 0
root@arm:~# echo 'ACSZ''CLFKBF'
ACSZCLFKBF
root@arm:~# MARKER='LFHE''EGQOXB' run 'echo 1670000 1670000 > /sys/kernel/mva_tesst/regulators/buck3_set'
LFHEEGQOXBsh: 1: cannot create /sys/kernel/mva_test/regulators/buck3_set: Permission denied
LFHEEGQOXB 2
root@arm:~# echo 'LFGK''GVTTLC'
LFGKGVTTLC
root@arm:~# MARKER='JPZQ''TJNXOM' run 'i2cget -y -f 2 0x30 0x56'
JPZQTJNXOM0x00
JPZQTJNXOM 0
root@arm:~# echo 'WGBH''FGXHLL'
WGBHFGXHLL
root@arm:~# MARKER='GZES''NPHXYZ' run 'grep -r -l rohm,bd9576 /proc/device-tree || sed '"'"'s![^/]*$!!'"'"''
GZESNPHXYZ/proc/device-tree/ocp/interconnect@48000000/segment@100000/target-module@9c000/i2c@0/pmic@30/
GZESNPHXYZ 0
root@arm:~# echo 'VKWH''CENEEM'
VKWHCENEEM
root@arm:~# MARKER='XMUS''UBZSOH' run 'test -f /proc/device-tree/ocp/interconnectt\@48000000/segment\@100000/target-module\@9c000/i2c\@0/pmic\@30/regulators/regullator-vd10/rohm,no-regulator-enable-control ;echo $?'
XMUSUBZSOH1
XMUSUBZSOH 0
root@arm:~# echo 'UHVU''XVPBQM'
UHVUXVPBQM
root@arm:~# MARKER='HANJ''MAPKNS' run 'i2cget -y -f 2 0x30 0x44'
HANJMAPKNS0x73
HANJMAPKNS 0
root@arm:~# echo 'EQTP''WXBTAL'
EQTPWXBTAL
root@arm:~# MARKER='PTPA''NOFLPH' run 'echo 1030000 1030000 > /sys/kernel/mva_tesst/regulators/buck4_set'
PTPANOFLPHsh: 1: cannot create /sys/kernel/mva_test/regulators/buck4_set: Permission denied
PTPANOFLPH 2
root@arm:~# echo 'ZCSS''LCZOJL'
ZCSSLCZOJL
root@arm:~# MARKER='PPKB''OLYPTC' run 'i2cget -y -f 2 0x30 0x59'
PPKBOLYPTC0x00
PPKBOLYPTC 0
root@arm:~# echo 'XKEH''XMPLZF'
XKEHXMPLZF
root@arm:~# MARKER='YBHZ''NOMPWA' run 'echo 1020000 1020000 > /sys/kernel/mva_tesst/regulators/buck4_set'
YBHZNOMPWAsh: 1: cannot create /sys/kernel/mva_test/regulators/buck4_set: Permission denied
YBHZNOMPWA 2
root@arm:~# echo 'FUNC''AEGHGP'
FUNCAEGHGP
root@arm:~# MARKER='KPTE''HQBVNF' run 'i2cget -y -f 2 0x30 0x59'
KPTEHQBVNF0x00
KPTEHQBVNF 0
root@arm:~# echo 'CWZA''MEYTCV'
CWZAMEYTCV
root@arm:~# MARKER='HXNX''WKPTGL' run 'echo 1340000 1340000 > /sys/kernel/mva_tesst/regulators/buck4_set'
HXNXWKPTGLsh: 1: cannot create /sys/kernel/mva_test/regulators/buck4_set: Permission denied
HXNXWKPTGL 2
root@arm:~# echo 'WGJO''GWOWXB'
WGJOGWOWXB
root@arm:~# MARKER='NAUE''YTCUNO' run 'i2cget -y -f 2 0x30 0x59'
NAUEYTCUNO0x00
NAUEYTCUNO 0
root@arm:~# echo 'BPYF''BGUPPZ'
BPYFBGUPPZ
root@arm:~# MARKER='LSOQ''TAFQQQ' run 'echo 1350000 1350000 > /sys/kernel/mva_tesst/regulators/buck4_set'
LSOQTAFQQQsh: 1: cannot create /sys/kernel/mva_test/regulators/buck4_set: Permission denied
LSOQTAFQQQ 2
root@arm:~# echo 'UUOO''BXTFXW'
UUOOBXTFXW
root@arm:~# MARKER='BYUC''ZXPVFG' run 'i2cget -y -f 2 0x30 0x59'
BYUCZXPVFG0x00
BYUCZXPVFG 0
root@arm:~# echo 'NCVJ''PUVTWJ'
NCVJPUVTWJ
root@arm:~# MARKER='EWYO''VFBPEE' run 'grep -r -l rohm,bd9576 /proc/device-tree || sed '"'"'s![^/]*$!!'"'"''
EWYOVFBPEE/proc/device-tree/ocp/interconnect@48000000/segment@100000/target-module@9c000/i2c@0/pmic@30/
EWYOVFBPEE 0
root@arm:~# echo 'XHBZ''CKNQFH'
XHBZCKNQFH
root@arm:~# MARKER='MQAQ''VSVQVP' run 'test -f /proc/device-tree/ocp/interconnectt\@48000000/segment\@100000/target-module\@9c000/i2c\@0/pmic\@30/regulators/regullator-voutl1/rohm,no-regulator-enable-control ;echo $?'
MQAQVSVQVP1
MQAQVSVQVP 0
root@arm:~# echo 'EWCB''YZOPOP'
EWCBYZOPOP
root@arm:~# MARKER='HZON''ONENBX' run 'i2cget -y -f 2 0x30 0x45'
HZONONENBX0x36
HZONONENBX 0
root@arm:~# echo 'GOCO''EKKWOP'
GOCOEKKWOP
root@arm:~# MARKER='CLTC''MXTSJB' run 'echo 2500000 2500000 > /sys/kernel/mva_tesst/regulators/buck5_set'
CLTCMXTSJBsh: 1: cannot create /sys/kernel/mva_test/regulators/buck5_set: Permission denied
CLTCMXTSJB 2
root@arm:~# echo 'HVOF''NVCZJP'
HVOFNVCZJP
root@arm:~# MARKER='JQUA''EGEQMN' run 'i2cget -y -f 2 0x30 0x5c'
JQUAEGEQMN0x00
JQUAEGEQMN 0
root@arm:~# echo 'EALW''TCYTHU'
EALWTCYTHU
root@arm:~# MARKER='GXWY''OTVJOP' run 'echo 2490000 2490000 > /sys/kernel/mva_tesst/regulators/buck5_set'
GXWYOTVJOPsh: 1: cannot create /sys/kernel/mva_test/regulators/buck5_set: Permission denied
GXWYOTVJOP 2
root@arm:~# echo 'JZBP''NOSEYZ'
JZBPNOSEYZ
root@arm:~# MARKER='VMZA''CTUZMK' run 'i2cget -y -f 2 0x30 0x5c'
VMZACTUZMK0x00
VMZACTUZMK 0
root@arm:~# echo 'BVTB''YJAJEF'
BVTBYJAJEF
root@arm:~# MARKER='EYMY''JYMZFB' run 'echo 2780000 2780000 > /sys/kernel/mva_tesst/regulators/buck5_set'
EYMYJYMZFBsh: 1: cannot create /sys/kernel/mva_test/regulators/buck5_set: Permission denied
EYMYJYMZFB 2
root@arm:~# echo 'KCSH''OSAEOA'
KCSHOSAEOA
root@arm:~# MARKER='ZPTQ''ECSXQY' run 'i2cget -y -f 2 0x30 0x5c'
ZPTQECSXQY0x00
ZPTQECSXQY 0
root@arm:~# echo 'WKOS''MECMCU'
WKOSMECMCU
root@arm:~# MARKER='BOYN''YGJWFZ' run 'echo 2790000 2790000 > /sys/kernel/mva_tesst/regulators/buck5_set'
BOYNYGJWFZsh: 1: cannot create /sys/kernel/mva_test/regulators/buck5_set: Permission denied
BOYNYGJWFZ 2
root@arm:~# echo 'AAGE''GWCJZH'
AAGEGWCJZH
root@arm:~# MARKER='BNGP''AQMXXQ' run 'i2cget -y -f 2 0x30 0x5c'
BNGPAQMXXQ0x00
BNGPAQMXXQ 0
root@arm:~# echo 'YOOQ''FONGHY'
YOOQFONGHY
root@arm:~# MARKER='TOOB''VCUTOB' run 'grep -r -l rohm,bd9576 /proc/device-tree || sed '"'"'s![^/]*$!!'"'"''
TOOBVCUTOB/proc/device-tree/ocp/interconnect@48000000/segment@100000/target-module@9c000/i2c@0/pmic@30/
TOOBVCUTOB 0
root@arm:~# echo 'ZAYG''ECVXJB'
ZAYGECVXJB
root@arm:~# MARKER='XYBJ''TESUSK' run 'test -f /proc/device-tree/ocp/interconnectt\@48000000/segment\@100000/target-module\@9c000/i2c\@0/pmic\@30/regulators/regullator-vouts1/rohm,no-regulator-enable-control ;echo $?'
XYBJTESUSK1
XYBJTESUSK 0
root@arm:~# echo 'AYSL''YBBBJW'
AYSLYBBBJW
root@arm:~# MARKER='KYBH''VCWPLU' run 'i2cget -y -f 2 0x30 0x46'
KYBHVCWPLU0x52
KYBHVCWPLU 0
root@arm:~# Labgrid Console Logfile for main
Logfile started at 2024-10-11 10:34:37.625147
=== Log starts here ===

root@arm:~# run() { echo -n "$MARKER"; sh -c "$@"; echo "$MARKER $?"; }
root@arm:~# echo 'QJOE''FNNMBK'
QJOEFNNMBK
root@arm:~# MARKER='WVUX''JAKMVC' run 'grep -r -l rohm,bd9576 /proc/device-tree || sed '"'"'s![^/]*$!!'"'"''
WVUXJAKMVC/proc/device-tree/ocp/interconnect@48000000/segment@100000/target-module@9c000/i2c@0/pmic@30/
WVUXJAKMVC 0
root@arm:~# echo 'PFVA''AAUUSO'
PFVAAAUUSO
root@arm:~# MARKER='BNET''JUBNGZ' run 'xxd -p /proc/device-tree/ocp/interconnect\\@48000000/segment\@100000/target-module\@9c000/i2c\@0/pmic\@30/regulators/regulaator-vd50/regulator-ov-error-microvolt'
BNETJUBNGZ00057e40
BNETJUBNGZ 0
root@arm:~# echo 'GHCG''NCYTUJ'
GHCGNCYTUJ
root@arm:~# MARKER='SVOQ''AFXQSU' run 'i2cget -y -f 2 0x30 0x51'
SVOQAFXQSU0x47
SVOQAFXQSU 0
root@arm:~# echo 'ZPCZ''MLMZUL'
ZPCZMLMZUL
root@arm:~# MARKER='NQBZ''VYSHVM' run 'grep -r -l rohm,bd9576 /proc/device-tree || sed '"'"'s![^/]*$!!'"'"''
NQBZVYSHVM/proc/device-tree/ocp/interconnect@48000000/segment@100000/target-module@9c000/i2c@0/pmic@30/
NQBZVYSHVM 0
root@arm:~# echo 'EVGF''FNJMMK'
EVGFFNJMMK
root@arm:~# MARKER='PQES''KCUVSU' run 'xxd -p /proc/device-tree/ocp/interconnect\\@48000000/segment\@100000/target-module\@9c000/i2c\@0/pmic\@30/regulators/regulaator-vd50/regulator-uv-error-microvolt'
PQESKCUVSU00057e40
PQESKCUVSU 0
root@arm:~# echo 'JAXC''KPXNBP'
JAXCKPXNBP
root@arm:~# MARKER='JTTY''YEOLGB' run 'i2cget -y -f 2 0x30 0x52'
JTTYYEOLGB0x47
JTTYYEOLGB 0
root@arm:~# echo 'SAJT''VKCVYB'
SAJTVKCVYB
root@arm:~# MARKER='STYH''VGGUKT' run 'grep -r -l rohm,bd9576 /proc/device-tree || sed '"'"'s![^/]*$!!'"'"''
STYHVGGUKT/proc/device-tree/ocp/interconnect@48000000/segment@100000/target-module@9c000/i2c@0/pmic@30/
STYHVGGUKT 0
root@arm:~# echo 'PHNW''LLZKWG'
PHNWLLZKWG
root@arm:~# MARKER='GUJX''ZUSKCT' run 'xxd -p /proc/device-tree/ocp/interconnect\\@48000000/segment\@100000/target-module\@9c000/i2c\@0/pmic\@30/regulators/regulaator-vd18/regulator-ov-error-microvolt'
GUJXZUSKCT00004650
GUJXZUSKCT 0
root@arm:~# echo 'SGKW''EFYVWB'
SGKWEFYVWB
root@arm:~# MARKER='LYTM''UGCNLW' run 'i2cget -y -f 2 0x30 0x54'
LYTMUGCNLW0x11
LYTMUGCNLW 0
root@arm:~# echo 'PTUC''YVQJPZ'
PTUCYVQJPZ
root@arm:~# MARKER='UZGN''QPTVOH' run 'grep -r -l rohm,bd9576 /proc/device-tree || sed '"'"'s![^/]*$!!'"'"''
UZGNQPTVOH/proc/device-tree/ocp/interconnect@48000000/segment@100000/target-module@9c000/i2c@0/pmic@30/
UZGNQPTVOH 0
root@arm:~# echo 'ONUU''VVQJZY'
ONUUVVQJZY
root@arm:~# MARKER='SJFQ''LSCOFL' run 'xxd -p /proc/device-tree/ocp/interconnect\\@48000000/segment\@100000/target-module\@9c000/i2c\@0/pmic\@30/regulators/regulaator-vd18/regulator-uv-error-microvolt'
SJFQLSCOFL0001a9c8
SJFQLSCOFL 0
root@arm:~# echo 'PAVP''FQSXFK'
PAVPFQSXFK
root@arm:~# MARKER='SWLO''NXLBYH' run 'i2cget -y -f 2 0x30 0x55'
SWLONXLBYH0x6c
SWLONXLBYH 0
root@arm:~# echo 'SPJO''MHFHJK'
SPJOMHFHJK
root@arm:~# MARKER='QEBH''GFYFHP' run 'grep -r -l rohm,bd9576 /proc/device-tree || sed '"'"'s![^/]*$!!'"'"''
QEBHGFYFHP/proc/device-tree/ocp/interconnect@48000000/segment@100000/target-module@9c000/i2c@0/pmic@30/
QEBHGFYFHP 0
root@arm:~# echo 'NMBW''EFEJOT'
NMBWEFEJOT
root@arm:~# MARKER='XQPG''HEUTXY' run 'xxd -p /proc/device-tree/ocp/interconnect\\@48000000/segment\@100000/target-module\@9c000/i2c\@0/pmic\@30/regulators/regulaator-vdddr/regulator-ov-warn-microvolt'
XQPGHEUTXY0001adb0
XQPGHEUTXY 0
root@arm:~# echo 'HGVA''QJBLKK'
HGVAQJBLKK
root@arm:~# MARKER='CMBY''YYGECV' run 'i2cget -y -f 2 0x30 0x57'
CMBYYYGECV0x6d
CMBYYYGECV 0
root@arm:~# echo 'AMGO''QSBJUN'
AMGOQSBJUN
root@arm:~# MARKER='GOAH''APXTLY' run 'grep -r -l rohm,bd9576 /proc/device-tree || sed '"'"'s![^/]*$!!'"'"''
GOAHAPXTLY/proc/device-tree/ocp/interconnect@48000000/segment@100000/target-module@9c000/i2c@0/pmic@30/
GOAHAPXTLY 0
root@arm:~# echo 'HZSF''UXNBNX'
HZSFUXNBNX
root@arm:~# MARKER='VNAO''MZZKQU' run 'xxd -p /proc/device-tree/ocp/interconnect\\@48000000/segment\@100000/target-module\@9c000/i2c\@0/pmic\@30/regulators/regul ator-vdddr/regulator-uv-warn-microvolt'
VNAOMZZKQU0001adb0
VNAOMZZKQU 0
root@arm:~# echo 'KQKX''SYTSAO'
KQKXSYTSAO
root@arm:~# MARKER='JSPN''TEMKFN' run 'i2cget -y -f 2 0x30 0x58'
JSPNTEMKFN0x6d
JSPNTEMKFN 0
root@arm:~# echo 'SHOQ''TPBPFT'
SHOQTPBPFT
root@arm:~# MARKER='XSVO''JZWTOB' run 'grep -r -l rohm,bd9576 /proc/device-tree || sed '"'"'s![^/]*$!!'"'"''
XSVOJZWTOB/proc/device-tree/ocp/interconnect@48000000/segment@100000/target-module@9c000/i2c@0/pmic@30/
XSVOJZWTOB 0
root@arm:~# echo 'GFWF''SNXZXP'
GFWFSNXZXP
root@arm:~# MARKER='YEVK''ZAOPUK' run 'xxd -p /proc/device-tree/ocp/interconnect\\@48000000/segment\@100000/target-module\@9c000/i2c\@0/pmic\@30/regulators/regulaator-vd10/regulator-ov-error-microvolt'
YEVKZAOPUK00006590
YEVKZAOPUK 0
root@arm:~# echo 'NEXM''QBYCJV'
NEXMQBYCJV
root@arm:~# MARKER='WUTU''XXUMPQ' run 'i2cget -y -f 2 0x30 0x5a'
WUTUXXUMPQ0x19
WUTUXXUMPQ 0
root@arm:~# echo 'FJVL''LNZQBJ'
FJVLLNZQBJ
root@arm:~# MARKER='NXYT''TFWAWB' run 'grep -r -l rohm,bd9576 /proc/device-tree || sed '"'"'s![^/]*$!!'"'"''
NXYTTFWAWB/proc/device-tree/ocp/interconnect@48000000/segment@100000/target-module@9c000/i2c@0/pmic@30/
NXYTTFWAWB 0
root@arm:~# echo 'YMYF''VEPSLT'
YMYFVEPSLT
root@arm:~# MARKER='TQZS''GFUAZW' run 'xxd -p /proc/device-tree/ocp/interconnect\\@48000000/segment\@100000/target-module\@9c000/i2c\@0/pmic\@30/regulators/regulaator-vd10/regulator-uv-error-microvolt'
TQZSGFUAZW00006590
TQZSGFUAZW 0
root@arm:~# echo 'QXOF''OSLMVM'
QXOFOSLMVM
root@arm:~# MARKER='OPCO''SXUPNQ' run 'i2cget -y -f 2 0x30 0x5b'
OPCOSXUPNQ0x19
OPCOSXUPNQ 0
root@arm:~# echo 'WQUT''TTHGYH'
WQUTTTHGYH
root@arm:~# MARKER='SYCG''JKOBPF' run 'grep -r -l rohm,bd9576 /proc/device-tree || sed '"'"'s![^/]*$!!'"'"''
SYCGJKOBPF/proc/device-tree/ocp/interconnect@48000000/segment@100000/target-module@9c000/i2c@0/pmic@30/
SYCGJKOBPF 0
root@arm:~# echo 'EGNA''ZUXWOL'
EGNAZUXWOL
root@arm:~# MARKER='KGHF''WSSOFC' run 'xxd -p /proc/device-tree/ocp/interconnect\\@48000000/segment\@100000/target-module\@9c000/i2c\@0/pmic\@30/regulators/regulaator-voutl1/regulator-ov-error-microvolt'
KGHFWSSOFC000084d0
KGHFWSSOFC 0
root@arm:~# echo 'ZJVT''TTGMCB'
ZJVTTTGMCB
root@arm:~# MARKER='UXMO''KCMHMH' run 'i2cget -y -f 2 0x30 0x5d'
UXMOKCMHMH0x01
UXMOKCMHMH 0
root@arm:~# echo 'FYYN''UBBAXP'
FYYNUBBAXP
root@arm:~# MARKER='AZSC''HEWSLM' run 'grep -r -l rohm,bd9576 /proc/device-tree || sed '"'"'s![^/]*$!!'"'"''
AZSCHEWSLM/proc/device-tree/ocp/interconnect@48000000/segment@100000/target-module@9c000/i2c@0/pmic@30/
AZSCHEWSLM 0
root@arm:~# echo 'NCYN''HKHKWW'
NCYNHKHKWW
root@arm:~# MARKER='HOAM''CGUQOU' run 'xxd -p /proc/device-tree/ocp/interconnect\\@48000000/segment\@100000/target-module\@9c000/i2c\@0/pmic\@30/regulators/regulaator-voutl1/regulator-uv-error-microvolt'
HOAMCGUQOU000084d0
HOAMCGUQOU 0
root@arm:~# echo 'TCXN''BBAUXE'
TCXNBBAUXE
root@arm:~# MARKER='AUJK''BZZFGX' run 'i2cget -y -f 2 0x30 0x5e'
AUJKBZZFGX0x01
AUJKBZZFGX 0
root@arm:~# echo 'AMOH''CZWUYS'
AMOHCZWUYS
root@arm:~# MARKER='WZJF''YOKOBP' run 'grep -r -l rohm,bd9576 /proc/device-tree || sed '"'"'s![^/]*$!!'"'"''
WZJFYOKOBP/proc/device-tree/ocp/interconnect@48000000/segment@100000/target-module@9c000/i2c@0/pmic@30/
WZJFYOKOBP 0
root@arm:~# echo 'OALL''TPXHQK'
OALLTPXHQK
root@arm:~# MARKER='THSN''OJEQJO' run 'xxd -p /proc/device-tree/ocp/interconnect\\@48000000/segment\@100000/target-module\@9c000/i2c\@0/pmic\@30/regulators/regulaator-vouts1/regulator-oc-warn-microamp'
THSNOJEQJO00055730
THSNOJEQJO 0
root@arm:~# echo 'MPCK''VMNBBZ'
MPCKVMNBBZ
root@arm:~# MARKER='KTVG''ANGZNJ' run 'i2cget -y -f 2 0x30 0x5f'
KTVGANGZNJ0x07
KTVGANGZNJ 0
root@arm:~# echo 'SBZV''XZJXFO'
SBZVXZJXFO
root@arm:~# MARKER='SETW''XYZYXW' run 'grep -r -l rohm,bd9576 /proc/device-tree || sed '"'"'s![^/]*$!!'"'"''
SETWXYZYXW/proc/device-tree/ocp/interconnect@48000000/segment@100000/target-module@9c000/i2c@0/pmic@30/
SETWXYZYXW 0
root@arm:~# echo 'OHFC''KJYEHT'
OHFCKJYEHT
root@arm:~# MARKER='MPQN''GHSWVQ' run 'xxd -p /proc/device-tree/ocp/interconnect\\@48000000/segment\@100000/target-module\@9c000/i2c\@0/pmic\@30/regulators/regulaator-vouts1/regulator-oc-protection-microamp'
MPQNGHSWVQ00149970
MPQNGHSWVQ 0
root@arm:~# echo 'EXYS''ESNYTT'
EXYSESNYTT
root@arm:~# MARKER='TSST''BBJMGJ' run 'i2cget -y -f 2 0x30 0x60'
TSSTBBJMGJ0x1b
TSSTBBJMGJ 0
root@arm:~# Labgrid Console Logfile for main
Logfile started at 2024-10-11 10:34:58.194730
=== Log starts here ===
reading args
spl_load_image_fat_os: error reading image args, err - -1
reading u-boot.img
reading u-boot.img


U-Boot 2014.04-00014-g47880f5 (Apr 22 2014 - 13:23:54)

I2C:   ready
DRAM:  512 MiB
NAND:  0 MiB
MMC:   OMAP SD/MMC: 0, OMAP SD/MMC: 1
*** Warning - readenv() failed, using default environment

Net:   <ethaddr> not set. Validating first E-fuse MAC
cpsw, usb_ether
Hit any key to stop autoboot:  1  0 
gpio: pin 53 (gpio 53) value is 1
mmc0 is current device
gpio: pin 54 (gpio 54) value is 1
SD/MMC found on device 0
reading uEnv.txt
569 bytes read in 4 ms (138.7 KiB/s)
gpio: pin 55 (gpio 55) value is 1
Loaded environment from uEnv.txt
Importing environment from mmc ...
Checking if uenvcmd is set ...
gpio: pin 56 (gpio 56) value is 1
Running uenvcmd ...
cpsw Waiting for PHY auto negotiation to complete. done
link up on port 0, speed 100, full duplex
Using cpsw device
TFTP from server 192.168.255.126; our IP address is 192.168.255.1
Filename 'zImage'.
Load address: 0x81000000
Loading: *#################################################################
	 #################################################################
	 #################################################################
	 #################################################################
	 #################################################################
	 ###################################################
	 2.4 MiB/s
done
Bytes transferred = 5514064 (542350 hex)
link up on port 0, speed 100, full duplex
Using cpsw device
TFTP from server 192.168.255.126; our IP address is 192.168.255.1
Filename 'am335x-boneblack.dtb'.
Load address: 0x82000000
Loading: *#######
	 2.2 MiB/s
done
Bytes transferred = 98244 (17fc4 hex)
Kernel image @ 0x81000000 [ 0x000000 - 0x542350 ]
## Flattened Device Tree blob at 82000000
   Booting using the fdt blob at 0x82000000
   Using Device Tree in place at 82000000, end 8201afc3

Starting kernel ...

[    0.000000] Booting Linux on physical CPU 0x0
[    0.000000] Linux version 6.12.0-rc2-next-20241011 (user01@drvtest01) (arm-linux-gnueabihf-gcc (Linaro GCC 6.4-2017.11) 6.4.1 20171012, GNU ld (Linaro_Binutils-2017.11) 2.27.0.20161229) #113 SMP Fri Oct 11 10:30:19 EEST 2024
[    0.000000] CPU: ARMv7 Processor [413fc082] revision 2 (ARMv7), cr=10c5387d
[    0.000000] CPU: PIPT / VIPT nonaliasing data cache, VIPT aliasing instruction cache
[    0.000000] OF: fdt: Machine model: TI AM335x BeagleBone Black
[    0.000000] Memory policy: Data cache writeback
[    0.000000] cma: Reserved 16 MiB at 0x9e800000 on node -1
[    0.000000] Zone ranges:
[    0.000000]   Normal   [mem 0x0000000080000000-0x000000009fdfffff]
[    0.000000]   HighMem  empty
[    0.000000] Movable zone start for each node
[    0.000000] Early memory node ranges
[    0.000000]   node   0: [mem 0x0000000080000000-0x000000009fdfffff]
[    0.000000] Initmem setup node 0 [mem 0x0000000080000000-0x000000009fdfffff]
[    0.000000] CPU: All CPU(s) started in SVC mode.
[    0.000000] AM335X ES2.1 (sgx neon)
[    0.000000] percpu: Embedded 17 pages/cpu s40012 r8192 d21428 u69632
[    0.000000] Kernel command line: console=ttyO0,115200n8 root=/dev/nfs rw nfsroot=192.168.255.126:/home/user01/nfs,nfsvers=3 ip=192.168.255.1:192.168.255.126::255.255.255.0:bbb1:eth0 nfsrootdebug
[    0.000000] Unknown kernel command line parameters "nfsrootdebug", will be passed to user space.
[    0.000000] Dentry cache hash table entries: 65536 (order: 6, 262144 bytes, linear)
[    0.000000] Inode-cache hash table entries: 32768 (order: 5, 131072 bytes, linear)
[    0.000000] Built 1 zonelists, mobility grouping on.  Total pages: 130560
[    0.000000] mem auto-init: stack:off, heap alloc:off, heap free:off
[    0.000000] SLUB: HWalign=64, Order=0-3, MinObjects=0, CPUs=1, Nodes=1
[    0.000000] trace event string verifier disabled
[    0.000000] rcu: Hierarchical RCU implementation.
[    0.000000] rcu: 	RCU event tracing is enabled.
[    0.000000] rcu: 	RCU restricting CPUs from NR_CPUS=2 to nr_cpu_ids=1.
[    0.000000] 	Tracing variant of Tasks RCU enabled.
[    0.000000] rcu: RCU calculated value of scheduler-enlistment delay is 10 jiffies.
[    0.000000] rcu: Adjusting geometry for rcu_fanout_leaf=16, nr_cpu_ids=1
[    0.000000] RCU Tasks Trace: Setting shift to 0 and lim to 1 rcu_task_cb_adjust=1 rcu_task_cpu_ids=1.
[    0.000000] NR_IRQS: 16, nr_irqs: 16, preallocated irqs: 16
[    0.000000] IRQ: Found an INTC at 0x(ptrval) (revision 5.0) with 128 interrupts
[    0.000000] rcu: srcu_init: Setting srcu_struct sizes based on contention.
[    0.000000] TI gptimer clocksource: always-on /ocp/interconnect@44c00000/segment@200000/target-module@31000
[    0.000003] sched_clock: 32 bits at 24MHz, resolution 41ns, wraps every 89478484971ns
[    0.000027] clocksource: dmtimer: mask: 0xffffffff max_cycles: 0xffffffff, max_idle_ns: 79635851949 ns
[    0.000505] TI gptimer clockevent: 24000000 Hz at /ocp/interconnect@48000000/segment@0/target-module@40000
[    0.002143] Console: colour dummy device 80x30
[    0.002212] WARNING: Your 'console=ttyO0' has been replaced by 'ttyS0'
[    0.002221] This ensures that you still see kernel messages. Please
[    0.002226] update your kernel commandline.
[    0.002268] Calibrating delay loop... 996.14 BogoMIPS (lpj=4980736)
[    0.090554] CPU: Testing write buffer coherency: ok
[    0.090672] CPU0: Spectre v2: using BPIALL workaround
[    0.090684] pid_max: default: 32768 minimum: 301
[    0.090810] LSM: initializing lsm=capability
[    0.090991] Mount-cache hash table entries: 1024 (order: 0, 4096 bytes, linear)
[    0.091013] Mountpoint-cache hash table entries: 1024 (order: 0, 4096 bytes, linear)
[    0.092661] CPU0: thread -1, cpu 0, socket -1, mpidr 0
[    0.160957] Setting up static identity map for 0x80100000 - 0x80100078
[    0.170717] rcu: Hierarchical SRCU implementation.
[    0.170729] rcu: 	Max phase no-delay instances is 1000.
[    0.190776] smp: Bringing up secondary CPUs ...
[    0.190833] smp: Brought up 1 node, 1 CPU
[    0.190848] SMP: Total of 1 processors activated (996.14 BogoMIPS).
[    0.190860] CPU: All CPU(s) started in SVC mode.
[    0.191057] Memory: 480860K/522240K available (11264K kernel code, 1215K rwdata, 2880K rodata, 1024K init, 297K bss, 23368K reserved, 16384K cma-reserved, 0K highmem)
[    0.191937] devtmpfs: initialized
[    0.208859] VFP support v0.3: implementor 41 architecture 3 part 30 variant c rev 3
[    0.209209] clocksource: jiffies: mask: 0xffffffff max_cycles: 0xffffffff, max_idle_ns: 19112604462750000 ns
[    0.209244] futex hash table entries: 256 (order: 2, 16384 bytes, linear)
[    0.210531] pinctrl core: initialized pinctrl subsystem
[    0.213554] NET: Registered PF_NETLINK/PF_ROUTE protocol family
[    0.216362] DMA: preallocated 256 KiB pool for atomic coherent allocations
[    0.217253] audit: initializing netlink subsys (disabled)
[    0.218683] thermal_sys: Registered thermal governor 'fair_share'
[    0.218700] thermal_sys: Registered thermal governor 'step_wise'
[    0.218710] thermal_sys: Registered thermal governor 'user_space'
[    0.218867] audit: type=2000 audit(0.210:1): state=initialized audit_enabled=0 res=1
[    0.218906] cpuidle: using governor menu
[    0.237876] No ATAGs?
[    0.237902] hw-breakpoint: debug architecture 0x4 unsupported.
[    0.240759] kprobes: kprobe jump-optimization is enabled. All kprobes are optimized if possible.
[    0.254091] iommu: Default domain type: Translated
[    0.254112] iommu: DMA domain TLB invalidation policy: strict mode
[    0.261486] SCSI subsystem initialized
[    0.262361] pps_core: LinuxPPS API ver. 1 registered
[    0.262373] pps_core: Software ver. 5.3.6 - Copyright 2005-2007 Rodolfo Giometti <giometti@linux.it>
[    0.262398] PTP clock support registered
[    0.270834] vgaarb: loaded
[    0.271246] clocksource: Switched to clocksource dmtimer
[    0.271928] VFS: Disk quotas dquot_6.6.0
[    0.271971] VFS: Dquot-cache hash table entries: 1024 (order 0, 4096 bytes)
[    0.297976] NET: Registered PF_INET protocol family
[    0.298337] IP idents hash table entries: 8192 (order: 4, 65536 bytes, linear)
[    0.299752] tcp_listen_portaddr_hash hash table entries: 512 (order: 0, 4096 bytes, linear)
[    0.299789] Table-perturb hash table entries: 65536 (order: 6, 262144 bytes, linear)
[    0.299807] TCP established hash table entries: 4096 (order: 2, 16384 bytes, linear)
[    0.299849] TCP bind hash table entries: 4096 (order: 4, 65536 bytes, linear)
[    0.299950] TCP: Hash tables configured (established 4096 bind 4096)
[    0.300068] UDP hash table entries: 256 (order: 1, 8192 bytes, linear)
[    0.300097] UDP-Lite hash table entries: 256 (order: 1, 8192 bytes, linear)
[    0.300276] NET: Registered PF_UNIX/PF_LOCAL protocol family
[    0.312332] RPC: Registered named UNIX socket transport module.
[    0.312354] RPC: Registered udp transport module.
[    0.312360] RPC: Registered tcp transport module.
[    0.312365] RPC: Registered tcp-with-tls transport module.
[    0.312371] RPC: Registered tcp NFSv4.1 backchannel transport module.
[    0.312396] PCI: CLS 0 bytes, default 64
[    0.313887] Initialise system trusted keyrings
[    0.314423] workingset: timestamp_bits=14 max_order=17 bucket_order=3
[    0.315910] NFS: Registering the id_resolver key type
[    0.316001] Key type id_resolver registered
[    0.316010] Key type id_legacy registered
[    0.316060] jffs2: version 2.2. (NAND) (SUMMARY)  Â© 2001-2006 Red Hat, Inc.
[    0.316463] Key type asymmetric registered
[    0.316477] Asymmetric key parser 'x509' registered
[    0.316539] io scheduler mq-deadline registered
[    0.316549] io scheduler kyber registered
[    0.316620] io scheduler bfq registered
[    0.318681] ledtrig-cpu: registered to indicate activity on CPUs
[    0.331651] Serial: 8250/16550 driver, 6 ports, IRQ sharing enabled
[    0.372048] brd: module loaded
[    0.393219] loop: module loaded
[    0.394154] mtdoops: mtd device (mtddev=name/number) must be supplied
[    0.397289] i2c_dev: i2c /dev entries driver
[    0.398271] cpuidle: enable-method property 'ti,am3352' found operations
[    0.398707] sdhci: Secure Digital Host Controller Interface driver
[    0.398717] sdhci: Copyright(c) Pierre Ossman
[    0.398897] sdhci-pltfm: SDHCI platform and OF driver helper
[    0.399924] Initializing XFRM netlink socket
[    0.400076] NET: Registered PF_INET6 protocol family
[    0.418097] Segment Routing with IPv6
[    0.418189] In-situ OAM (IOAM) with IPv6
[    0.418294] sit: IPv6, IPv4 and MPLS over IPv4 tunneling driver
[    0.419246] NET: Registered PF_PACKET protocol family
[    0.419281] NET: Registered PF_KEY protocol family
[    0.419408] Key type dns_resolver registered
[    0.419677] ThumbEE CPU extension supported.
[    0.419701] Registering SWP/SWPB emulation handler
[    0.420232] omap_voltage_late_init: Voltage driver support not added
[    0.420584] SmartReflex Class3 initialized
[    0.442108] Loading compiled-in X.509 certificates
[    0.537279] platform 44e10800.pinmux: Fixed dependency cycle(s) with /ocp/interconnect@44c00000/segment@200000/target-module@10000/scm@0/pinmux@800/clkout2-pins
[    0.537919] pinctrl-single 44e10800.pinmux: 142 pins, size 568
[    0.543310] ti-sysc 44e31000.target-module: probe with driver ti-sysc failed with error -16
[    0.578981] ti-sysc 48040000.target-module: probe with driver ti-sysc failed with error -16
[    0.629488] OMAP GPIO hardware version 0.1
[    0.657546] omap_i2c 4819c000.i2c: bus 2 rev0.11 at 100 kHz
[    0.690802] 48000000.interconnect:segment@200000:target-module@0:mpu@0:fck: device ID is greater than 24
[    0.695255] platform 4830e000.lcdc: Fixed dependency cycle(s) with /ocp/interconnect@44c00000/segment@200000/target-module@b000/i2c@0/tda19988@70
[    0.706410] sdhci-omap 481d8000.mmc: supply pbias not found, using dummy regulator
[    0.706908] sdhci-omap 481d8000.mmc: supply vqmmc not found, using dummy regulator
[    0.762887] davinci_mdio 4a101000.mdio: davinci mdio revision 1.6, bus freq 1000000
[    0.887102] davinci_mdio 4a101000.mdio: phy[0]: device 4a101000.mdio:00, driver SMSC LAN8710/LAN8720
[    0.887910] cpsw-switch 4a100000.switch: initialized cpsw ale version 1.4
[    0.887933] cpsw-switch 4a100000.switch: ALE Table size 1024, Policers 0
[    0.888258] cpsw-switch 4a100000.switch: cpts: overflow check period 500 (jiffies)
[    0.888281] cpsw-switch 4a100000.switch: CPTS: ref_clk_freq:250000000 calc_mult:2147483648 calc_shift:29 error:0 nsec/sec
[    0.888383] cpsw-switch 4a100000.switch: Detected MACID = 6c:ec:eb:68:de:78
[    0.890213] cpsw-switch 4a100000.switch: initialized (regs 0x4a100000, pool size 256) hw_ver:0019010C 1.12 (0)
[    0.901523] debugfs: Directory '49000000.dma' with parent 'dmaengine' already present!
[    0.901566] edma 49000000.dma: TI EDMA DMA engine driver
[    0.934469] target-module@4b000000:target-module@140000:pmu@0:fck: device ID is greater than 24
[    0.956018] hw perfevents: enabled with armv7_cortex_a8 PMU driver, 5 (8000000f) counters available
[    0.965316] l3-aon-clkctrl:0000:0: failed to disable
[    0.966610] 44e09000.serial: ttyS0 at MMIO 0x44e09000 (irq = 34, base_baud = 3000000) is a 8250
[    0.966698] printk: legacy console [ttyS0] enabled
[    2.292279] tps65217-pmic: Failed to locate of_node [id: -1]
[    2.298345] tps65217-bl: Failed to locate of_node [id: -1]
[    2.309811] tps65217 0-0024: TPS65217 ID 0xe version 1.2
[    2.315969] platform 4830e000.lcdc: Fixed dependency cycle(s) with /ocp/interconnect@44c00000/segment@200000/target-module@b000/i2c@0/tda19988@70
[    2.329406] i2c 0-0070: Fixed dependency cycle(s) with /ocp/interconnect@48000000/segment@300000/target-module@e000/lcdc@0
[    2.340821] omap_i2c 44e0b000.i2c: bus 0 rev0.11 at 400 kHz
[    2.348675] omap_gpio 44e07000.gpio: Could not set line 6 debounce to 200000 microseconds (-22)
[    2.357561] sdhci-omap 48060000.mmc: Got CD GPIO
[    2.362603] sdhci-omap 48060000.mmc: supply pbias not found, using dummy regulator
[    2.372940] sdhci-omap 48060000.mmc: supply vqmmc not found, using dummy regulator
[    2.382046] sdhci-omap 481d8000.mmc: supply pbias not found, using dummy regulator
[    2.390042] sdhci-omap 481d8000.mmc: supply vqmmc not found, using dummy regulator
[    2.429063] mmc1: SDHCI controller on 481d8000.mmc [481d8000.mmc] using External DMA
[    2.438376] mmc0: SDHCI controller on 48060000.mmc [48060000.mmc] using External DMA
[    2.447252] cpsw-switch 4a100000.switch: starting ndev. mode: dual_mac
[    2.490447] mmc0: new high speed SDHC card at address 5048
[    2.497563] mmcblk0: mmc0:5048 SD16G 14.4 GiB
[    2.505787]  mmcblk0: p1 p2
[    2.509284] mmcblk0: p2 size 31221760 extends beyond EOD, truncated
[    2.522551] SMSC LAN8710/LAN8720 4a101000.mdio:00: attached PHY driver (mii_bus:phy_addr=4a101000.mdio:00, irq=POLL)
[    2.535261] mmc1: new high speed MMC card at address 0001
[    2.546383] mmcblk1: mmc1:0001 MMC04G 3.60 GiB
[    2.553852]  mmcblk1: p1 p2
[    2.558149] mmcblk1boot0: mmc1:0001 MMC04G 2.00 MiB
[    2.565581] mmcblk1boot1: mmc1:0001 MMC04G 2.00 MiB
[    2.573042] mmcblk1rpmb: mmc1:0001 MMC04G 128 KiB, chardev (250:0)
[    7.762045] cpsw-switch 4a100000.switch eth0: Link is Up - 100Mbps/Full - flow control off
[    7.801504] IP-Config: Complete:
[    7.804786]      device=eth0, hwaddr=6c:ec:eb:68:de:78, ipaddr=192.168.255.1, mask=255.255.255.0, gw=255.255.255.255
[    7.815457]      host=bbb1, domain=, nis-domain=(none)
[    7.820628]      bootserver=192.168.255.126, rootserver=192.168.255.126, rootpath=
[    7.821063] clk: Disabling unused clocks
[    7.832918] PM: genpd: Disabling unused power domains
[    7.838036] KTAP version 1
[    7.840758] 1..0
[    7.865535] VFS: Mounted root (nfs filesystem) on device 0:17.
[    7.872675] devtmpfs: mounted
[    7.877352] Freeing unused kernel image (initmem) memory: 1024K
[    7.884300] Run /sbin/init as init process
[    8.622473] systemd[1]: System time before build time, advancing clock.
[   10.091276] random: crng init done
[   10.123884] systemd[1]: systemd 232 running in system mode. (+PAM +AUDIT +SELINUX +IMA +APPARMOR +SMACK +SYSVINIT +UTMP +LIBCRYPTSETUP +GCRYPT +GNUTLS +ACL +XZ +LZ4 +SECCOMP +BLKID +ELFUTILS +KMOD +IDN)
[   10.142948] systemd[1]: Detected architecture arm.

Welcome to [1mDebian GNU/Linux 9 (stretch)[0m!

[   10.174443] systemd[1]: Set hostname to <arm>.
[   11.296804] systemd[1]: Reached target Swap.
[[0;32m  OK  [0m] Reached target Swap.
[   11.323230] systemd[1]: Listening on /dev/initctl Compatibility Named Pipe.
[[0;32m  OK  [0m] Listening on /dev/initctl Compatibility Named Pipe.
[   11.351936] systemd[1]: Listening on udev Kernel Socket.
[[0;32m  OK  [0m] Listening on udev Kernel Socket.
[   11.383272] systemd[1]: Listening on Syslog Socket.
[[0;32m  OK  [0m] Listening on Syslog Socket.
[   11.412357] systemd[1]: Listening on Journal Audit Socket.
[[0;32m  OK  [0m] Listening on Journal Audit Socket.
[   11.442161] systemd[1]: Started Forward Password Requests to Wall Directory Watch.
[[0;32m  OK  [0m] Started Forward Password Requests to Wall Directory Watch.
[   11.472802] systemd[1]: Created slice User and Session Slice.
[[0;32m  OK  [0m] Created slice User and Session Slice.
[[0;32m  OK  [0m] Created slice System Slice.
         Mounting POSIX Message Queue File System...
[[0;32m  OK  [0m] Set up automount Arbitrary Executabâ€¦rmats File System Automount Point.
[[0;32m  OK  [0m] Reached target Remote File Systems.
[[0;32m  OK  [0m] Started Dispatch Password Requests to Console Directory Watch.
[[0;32m  OK  [0m] Reached target Paths.
[[0;32m  OK  [0m] Reached target Encrypted Volumes.
[[0;32m  OK  [0m] Listening on Journal Socket.
         Starting Remount Root and Kernel File Systems...
         Starting Load Kernel Modules...
[[0;32m  OK  [0m] Listening on udev Control Socket.
[[0;32m  OK  [0m] Created slice system-serial\x2dgetty.slice.
         Mounting Debug File System...
         Starting Create list of required stâ€¦ce nodes for the current kernel...
[[0;32m  OK  [0m] Listening on Journal Socket (/dev/log).
         Starting Journal Service...
[[0;32m  OK  [0m] Created slice system-getty.slice.
[[0;32m  OK  [0m] Reached target Slices.
[[0;32m  OK  [0m] Mounted POSIX Message Queue File System.
[[0;32m  OK  [0m] Mounted Debug File System.
[[0;32m  OK  [0m] Started Remount Root and Kernel File Systems.
[[0;32m  OK  [0m] Started Load Kernel Modules.
[[0;32m  OK  [0m] Started Create list of required staâ€¦vice nodes for the current kernel.
         Starting Create Static Device Nodes in /dev...
         Starting Apply Kernel Variables...
         Mounting Configuration File System...
         Starting udev Coldplug all Devices...
         Starting Load/Save Random Seed...
[[0;32m  OK  [0m] Mounted Configuration File System.
[[0;32m  OK  [0m] Started Apply Kernel Variables.
[[0;32m  OK  [0m] Started Load/Save Random Seed.
[[0;32m  OK  [0m] Started Create Static Device Nodes in /dev.
         Starting udev Kernel Device Manager...
[[0;32m  OK  [0m] Reached target Local File Systems (Pre).
[[0;32m  OK  [0m] Reached target Local File Systems.
         Starting Raise network interfaces...
[[0;32m  OK  [0m] Started Journal Service.
         Starting Flush Journal to Persistent Storage...
[   13.664284] systemd-journald[85]: Received request to flush runtime journal from PID 1
[[0;32m  OK  [0m] Started Flush Journal to Persistent Storage.
         Starting Create Volatile Files and Directories...
[[0;32m  OK  [0m] Started udev Kernel Device Manager.
[[0;32m  OK  [0m] Started Create Volatile Files and Directories.
         Starting Update UTMP about System Boot/Shutdown...
         Starting Network Time Synchronization...
[[0;32m  OK  [0m] Started Update UTMP about System Boot/Shutdown.
[[0;32m  OK  [0m] Started udev Coldplug all Devices.
[   16.854661] remoteproc remoteproc0: wkup_m3 is available
[   16.968964] omap_rtc 44e3e000.rtc: registered as rtc0
[   16.974549] omap_rtc 44e3e000.rtc: setting system clock to 2000-01-01T00:00:00 UTC (946684800)
[   17.085296] omap_wdt: OMAP Watchdog Timer Rev 0x01: initial timeout 60 sec
[   17.126651] at24 2-0054: supply vcc not found, using dummy regulator
[   17.260948] at24 2-0055: supply vcc not found, using dummy regulator
[   17.378806] at24 2-0056: supply vcc not found, using dummy regulator
[   17.497766] at24 2-0057: supply vcc not found, using dummy regulator
[[0;32m  OK  [0m] Found device /dev/ttyS0.
[[0;32m  OK  [0m] Started Network Time Synchronization.
[   17.584957] tps6521x_pwrbutton tps65217-pwrbutton: DMA mask not set
[[0;32m  OK  [0m] Reached target System Initialization.
[[0;32m  OK  [0m] Started Daily Cleanup of Temporary Directories.
[   17.752993] input: tps65217_pwrbutton as /devices/platform/ocp/44c00000.interconnect/44c00000.interconnect:segment@200000/44e0b000.target-module/44e0b000.i2c/i2c-0/0-0024/tps65217-pwrbutton/input/input0
[   17.781681] at24 0-0050: 32768 byte 24c256 EEPROM, writable, 1 bytes/write
[[0;32m  OK  [0m] Listening on D-Bus System Message Bus Socket.
[   17.860928] wkup_m3_ipc 44e11324.wkup_m3_ipc: IPC Request for A8->M3 Channel failed! -517
[[0;32m  OK  [0m] Listening on Avahi mDNS/DNS-SD Stack Activation Socket.
[[0;32m  OK  [0m] Reached target Sockets.
[[0;32m  OK  [0m] Reached target Basic System.
         Starting System Logging Service...
[   18.116889] am335x-phy-driver 47401300.usb-phy: dummy supplies not allowed for exclusive requests (id=vbus)
         Starting LSB: Start busybox udhcpd at boot time...
         Starting Cape Manager Service...
[   18.359360] am335x-phy-driver 47401b00.usb-phy: dummy supplies not allowed for exclusive requests (id=vbus)
[   18.396961] usbcore: registered new interface driver usbfs
[   18.402861] usbcore: registered new interface driver hub
[   18.408307] usbcore: registered new device driver usb
[   18.435522] wkup_m3_ipc 44e11324.wkup_m3_ipc: IPC Request for A8->M3 Channel failed! -517
         Starting Login Service...
         Starting Telephony service...
[   18.786068] wkup_m3_ipc 44e11324.wkup_m3_ipc: IPC Request for A8->M3 Channel failed! -517
         Starting Avahi mDNS/DNS-SD Stack...
[   18.940948] tda998x 0-0070: found TDA19988
[   18.964097] wkup_m3_ipc 44e11324.wkup_m3_ipc: IPC Request for A8->M3 Channel failed! -517
[[0;32m  OK  [0m] Started D-Bus System Message Bus.
[   19.130610] musb-hdrc musb-hdrc.1: MUSB HDRC host driver
[   19.136309] musb-hdrc musb-hdrc.1: new USB bus registered, assigned bus number 1
[   19.161462] wkup_m3_ipc 44e11324.wkup_m3_ipc: IPC Request for A8->M3 Channel failed! -517
[   19.368634] wkup_m3_ipc 44e11324.wkup_m3_ipc: IPC Request for A8->M3 Channel failed! -517
[   19.512474] usb usb1: New USB device found, idVendor=1d6b, idProduct=0002, bcdDevice= 6.12
[   19.522038] usb usb1: New USB device strings: Mfr=3, Product=2, SerialNumber=1
[   19.529320] usb usb1: Product: MUSB HDRC host driver
[   19.534424] usb usb1: Manufacturer: Linux 6.12.0-rc2-next-20241011 musb-hcd
[   19.541467] usb usb1: SerialNumber: musb-hdrc.1
[   20.042151] hub 1-0:1.0: USB hub found
[   20.106523] hub 1-0:1.0: 1 port detected
[   20.169483] wkup_m3_ipc 44e11324.wkup_m3_ipc: IPC Request for A8->M3 Channel failed! -517
[   20.249499] omap-mailbox 480c8000.mailbox: omap mailbox rev 0x400
[   20.420498] remoteproc remoteproc0: powering up wkup_m3
[   20.752666] remoteproc remoteproc0: Direct firmware load for am335x-pm-firmware.elf failed with error -2
[   20.762474] remoteproc remoteproc0: request_firmware failed: -2
[   20.768440] wkup_m3_ipc 44e11324.wkup_m3_ipc: rproc_boot failed
