Labgrid Console Logfile for main
Logfile started at 2025-11-25 11:48:13.179978
=== Log starts here ===
reading args
spl_load_image_fat_os: error reading image args, err - -1
reading u-boot.img
reading u-boot.img


U-Boot 2014.04-00014-g47880f5 (Apr 22 2014 - 13:23:54)

I2C:   ready
DRAM:  512 MiB
NAND:  0 MiB
MMC:   OMAP SD/MMC: 0, OMAP SD/MMC: 1
*** Warning - readenv() failed, using default environment

Net:   <ethaddr> not set. Validating first E-fuse MAC
cpsw, usb_ether
Hit any key to stop autoboot:  1  0 
gpio: pin 53 (gpio 53) value is 1
mmc0 is current device
gpio: pin 54 (gpio 54) value is 1
SD/MMC found on device 0
reading uEnv.txt
569 bytes read in 4 ms (138.7 KiB/s)
gpio: pin 55 (gpio 55) value is 1
Loaded environment from uEnv.txt
Importing environment from mmc ...
Checking if uenvcmd is set ...
gpio: pin 56 (gpio 56) value is 1
Running uenvcmd ...
cpsw Waiting for PHY auto negotiation to complete. done
link up on port 0, speed 100, full duplex
Using cpsw device
TFTP from server 192.168.255.126; our IP address is 192.168.255.1
Filename 'zImage'.
Load address: 0x81000000
Loading: *#################################################################
	 #################################################################
	 #################################################################
	 #################################################################
	 #################################################################
	 #################################################################
	 2.4 MiB/s
done
Bytes transferred = 5717856 (573f60 hex)
link up on port 0, speed 100, full duplex
Using cpsw device
TFTP from server 192.168.255.126; our IP address is 192.168.255.1
Filename 'am335x-boneblack.dtb'.
Load address: 0x82000000
Loading: *#######
	 2.3 MiB/s
done
Bytes transferred = 98077 (17f1d hex)
Kernel image @ 0x81000000 [ 0x000000 - 0x573f60 ]
## Flattened Device Tree blob at 82000000
   Booting using the fdt blob at 0x82000000
   Using Device Tree in place at 82000000, end 8201af1c

Starting kernel ...

[    0.000000] Booting Linux on physical CPU 0x0
[    0.000000] Linux version 6.18.0-rc7-next-20251125 (user01@drvtest01) (arm-none-eabi-gcc (Arm GNU Toolchain 14.2.Rel1 (Build arm-14.52)) 14.2.1 20241119, GNU ld (Arm GNU Toolchain 14.2.Rel1 (Build arm-14.52)) 2.43.1.20241119) #1 SMP Tue Nov 25 11:46:32 EET 2025
[    0.000000] CPU: ARMv7 Processor [413fc082] revision 2 (ARMv7), cr=10c5387d
[    0.000000] CPU: PIPT / VIPT nonaliasing data cache, VIPT aliasing instruction cache
[    0.000000] OF: fdt: Machine model: TI AM335x BeagleBone Black
[    0.000000] Memory policy: Data cache writeback
[    0.000000] cma: Reserved 16 MiB at 0x9e800000
[    0.000000] Zone ranges:
[    0.000000]   Normal   [mem 0x0000000080000000-0x000000009fdfffff]
[    0.000000]   HighMem  empty
[    0.000000] Movable zone start for each node
[    0.000000] Early memory node ranges
[    0.000000]   node   0: [mem 0x0000000080000000-0x000000009fdfffff]
[    0.000000] Initmem setup node 0 [mem 0x0000000080000000-0x000000009fdfffff]
[    0.000000] On node 0, zone Normal: 512 pages in unavailable ranges
[    0.000000] OF: reserved mem: Reserved memory: No reserved-memory node in the DT
[    0.000000] CPU: All CPU(s) started in SVC mode.
[    0.000000] AM335X ES2.1 (sgx neon)
[    0.000000] percpu: Embedded 17 pages/cpu s40204 r8192 d21236 u69632
[    0.000000] Kernel command line: console=ttyO0,115200n8 root=/dev/nfs rw nfsroot=192.168.255.126:/home/user01/nfs,nfsvers=3 ip=192.168.255.1:192.168.255.126::255.255.255.0:bbb1:eth0 nfsrootdebug
[    0.000000] Unknown kernel command line parameters "nfsrootdebug", will be passed to user space.
[    0.000000] printk: log buffer data + meta data: 65536 + 204800 = 270336 bytes
[    0.000000] Dentry cache hash table entries: 65536 (order: 6, 262144 bytes, linear)
[    0.000000] Inode-cache hash table entries: 32768 (order: 5, 131072 bytes, linear)
[    0.000000] Built 1 zonelists, mobility grouping on.  Total pages: 130560
[    0.000000] mem auto-init: stack:off, heap alloc:off, heap free:off
[    0.000000] SLUB: HWalign=16, Order=0-3, MinObjects=0, CPUs=1, Nodes=1
[    0.000000] rcu: Hierarchical RCU implementation.
[    0.000000] rcu: 	RCU event tracing is enabled.
[    0.000000] rcu: 	RCU restricting CPUs from NR_CPUS=2 to nr_cpu_ids=1.
[    0.000000] 	Tracing variant of Tasks RCU enabled.
[    0.000000] rcu: RCU calculated value of scheduler-enlistment delay is 10 jiffies.
[    0.000000] rcu: Adjusting geometry for rcu_fanout_leaf=16, nr_cpu_ids=1
[    0.000000] RCU Tasks Trace: Setting shift to 0 and lim to 1 rcu_task_cb_adjust=1 rcu_task_cpu_ids=1.
[    0.000000] NR_IRQS: 16, nr_irqs: 16, preallocated irqs: 16
[    0.000000] IRQ: Found an INTC at 0x(ptrval) (revision 5.0) with 128 interrupts
[    0.000000] rcu: srcu_init: Setting srcu_struct sizes based on contention.
[    0.000000] TI gptimer clocksource: always-on /ocp/interconnect@44c00000/segment@200000/target-module@31000
[    0.000003] sched_clock: 32 bits at 24MHz, resolution 41ns, wraps every 89478484971ns
[    0.000025] clocksource: dmtimer: mask: 0xffffffff max_cycles: 0xffffffff, max_idle_ns: 79635851949 ns
[    0.000558] TI gptimer clockevent: 24000000 Hz at /ocp/interconnect@48000000/segment@0/target-module@40000
[    0.002135] Console: colour dummy device 80x30
[    0.002201] WARNING: Your 'console=ttyO0' has been replaced by 'ttyS0'
[    0.002208] This ensures that you still see kernel messages. Please
[    0.002213] update your kernel commandline.
[    0.002254] Calibrating delay loop... 996.14 BogoMIPS (lpj=4980736)
[    0.090674] CPU: Testing write buffer coherency: ok
[    0.090757] CPU0: Spectre v2: using BPIALL workaround
[    0.090766] pid_max: default: 32768 minimum: 301
[    0.091080] Mount-cache hash table entries: 1024 (order: 0, 4096 bytes, linear)
[    0.091100] Mountpoint-cache hash table entries: 1024 (order: 0, 4096 bytes, linear)
[    0.092685] CPU0: thread -1, cpu 0, socket -1, mpidr 0
[    0.092741] cacheinfo: Unable to detect cache hierarchy for CPU 0
[    0.094736] Setting up static identity map for 0x80100000 - 0x80100078
[    0.095045] rcu: Hierarchical SRCU implementation.
[    0.095054] rcu: 	Max phase no-delay instances is 1000.
[    0.096791] smp: Bringing up secondary CPUs ...
[    0.096843] smp: Brought up 1 node, 1 CPU
[    0.096854] SMP: Total of 1 processors activated (996.14 BogoMIPS).
[    0.096866] CPU: All CPU(s) started in SVC mode.
[    0.097104] Memory: 479964K/522240K available (12288K kernel code, 1231K rwdata, 2956K rodata, 1024K init, 255K bss, 24364K reserved, 16384K cma-reserved, 0K highmem)
[    0.097970] devtmpfs: initialized
[    0.115570] VFP support v0.3: implementor 41 architecture 3 part 30 variant c rev 3
[    0.116256] clocksource: jiffies: mask: 0xffffffff max_cycles: 0xffffffff, max_idle_ns: 19112604462750000 ns
[    0.116308] posixtimers hash table entries: 512 (order: 0, 4096 bytes, linear)
[    0.116334] futex hash table entries: 256 (16384 bytes on 1 NUMA nodes, total 16 KiB, linear).
[    0.119510] NET: Registered PF_NETLINK/PF_ROUTE protocol family
[    0.122650] DMA: preallocated 256 KiB pool for atomic coherent allocations
[    0.123627] audit: initializing netlink subsys (disabled)
[    0.124993] thermal_sys: Registered thermal governor 'fair_share'
[    0.125010] thermal_sys: Registered thermal governor 'step_wise'
[    0.125018] thermal_sys: Registered thermal governor 'user_space'
[    0.125127] audit: type=2000 audit(0.120:1): state=initialized audit_enabled=0 res=1
[    0.125199] cpuidle: using governor menu
[    0.143120] /ocp/interconnect@44c00000/segment@200000/target-module@b000/i2c@0/tda19988@70: Fixed dependency cycle(s) with /ocp/interconnect@48000000/segment@300000/target-module@e000/lcdc@0
[    0.144206] /ocp/interconnect@48000000/segment@300000/target-module@e000/lcdc@0: Fixed dependency cycle(s) with /ocp/interconnect@44c00000/segment@200000/target-module@b000/i2c@0/tda19988@70
[    0.146369] No ATAGs?
[    0.146408] hw-breakpoint: debug architecture 0x4 unsupported.
[    0.149111] kprobes: kprobe jump-optimization is enabled. All kprobes are optimized if possible.
[    0.163749] iommu: Default domain type: Translated
[    0.163772] iommu: DMA domain TLB invalidation policy: strict mode
[    0.166558] SCSI subsystem initialized
[    0.167401] pps_core: LinuxPPS API ver. 1 registered
[    0.167410] pps_core: Software ver. 5.3.6 - Copyright 2005-2007 Rodolfo Giometti <giometti@linux.it>
[    0.167433] PTP clock support registered
[    0.180995] vgaarb: loaded
[    0.181416] clocksource: Switched to clocksource dmtimer
[    0.182027] VFS: Disk quotas dquot_6.6.0
[    0.182084] VFS: Dquot-cache hash table entries: 1024 (order 0, 4096 bytes)
[    0.205214] NET: Registered PF_INET protocol family
[    0.205544] IP idents hash table entries: 8192 (order: 4, 65536 bytes, linear)
[    0.206971] tcp_listen_portaddr_hash hash table entries: 512 (order: 0, 4096 bytes, linear)
[    0.207007] Table-perturb hash table entries: 65536 (order: 6, 262144 bytes, linear)
[    0.207025] TCP established hash table entries: 4096 (order: 2, 16384 bytes, linear)
[    0.207072] TCP bind hash table entries: 4096 (order: 4, 65536 bytes, linear)
[    0.207173] TCP: Hash tables configured (established 4096 bind 4096)
[    0.207298] UDP hash table entries: 256 (order: 2, 14336 bytes, linear)
[    0.207330] UDP-Lite hash table entries: 256 (order: 2, 14336 bytes, linear)
[    0.207543] NET: Registered PF_UNIX/PF_LOCAL protocol family
[    0.208806] RPC: Registered named UNIX socket transport module.
[    0.208824] RPC: Registered udp transport module.
[    0.208829] RPC: Registered tcp transport module.
[    0.208833] RPC: Registered tcp-with-tls transport module.
[    0.208838] RPC: Registered tcp NFSv4.1 backchannel transport module.
[    0.208863] PCI: CLS 0 bytes, default 64
[    0.210315] Initialise system trusted keyrings
[    0.222083] workingset: timestamp_bits=14 max_order=17 bucket_order=3
[    0.223568] NFS: Registering the id_resolver key type
[    0.223659] Key type id_resolver registered
[    0.223666] Key type id_legacy registered
[    0.223774] jffs2: version 2.2. (NAND) (SUMMARY)  Â© 2001-2006 Red Hat, Inc.
[    0.224321] Key type asymmetric registered
[    0.224337] Asymmetric key parser 'x509' registered
[    0.224410] io scheduler mq-deadline registered
[    0.224420] io scheduler kyber registered
[    0.224507] io scheduler bfq registered
[    0.226310] target-module@4b000000:target-module@140000:pmu@0:fck: device ID is greater than 24
[    0.227471] ledtrig-cpu: registered to indicate activity on CPUs
[    0.242156] Serial: 8250/16550 driver, 6 ports, IRQ sharing enabled
[    0.296682] brd: module loaded
[    0.305323] loop: module loaded
[    0.306253] mtdoops: mtd device (mtddev=name/number) must be supplied
[    0.316181] i2c_dev: i2c /dev entries driver
[    0.317199] cpuidle: enable-method property 'ti,am3352' found operations
[    0.317663] sdhci: Secure Digital Host Controller Interface driver
[    0.317671] sdhci: Copyright(c) Pierre Ossman
[    0.317856] sdhci-pltfm: SDHCI platform and OF driver helper
[    0.319382] hw perfevents: enabled with armv7_cortex_a8 PMU driver, 5 (8000000f) counters available
[    0.319918] Initializing XFRM netlink socket
[    0.320082] NET: Registered PF_INET6 protocol family
[    0.335840] Segment Routing with IPv6
[    0.335926] In-situ OAM (IOAM) with IPv6
[    0.336032] sit: IPv6, IPv4 and MPLS over IPv4 tunneling driver
[    0.337044] NET: Registered PF_PACKET protocol family
[    0.337064] PFKEY is deprecated and scheduled to be removed in 2027, please contact the netdev mailing list
[    0.337080] NET: Registered PF_KEY protocol family
[    0.337213] Key type dns_resolver registered
[    0.337456] ThumbEE CPU extension supported.
[    0.337476] Registering SWP/SWPB emulation handler
[    0.337996] omap_voltage_late_init: Voltage driver support not added
[    0.338655] SmartReflex Class3 initialized
[    0.364094] Loading compiled-in X.509 certificates
[    0.394405] /ocp/interconnect@44c00000/segment@200000/target-module@b000/i2c@0/tda19988@70: Fixed dependency cycle(s) with /ocp/interconnect@48000000/segment@300000/target-module@e000/lcdc@0
[    0.400765] /ocp/interconnect@44c00000/segment@200000/target-module@b000/i2c@0/tda19988@70: Fixed dependency cycle(s) with /ocp/interconnect@48000000/segment@300000/target-module@e000/lcdc@0
[    0.442043] /ocp/interconnect@44c00000/segment@200000/target-module@b000/i2c@0/tda19988@70: Fixed dependency cycle(s) with /ocp/interconnect@48000000/segment@300000/target-module@e000/lcdc@0
[    0.442996] /ocp/interconnect@44c00000/segment@200000/target-module@b000/i2c@0/tda19988@70: Fixed dependency cycle(s) with /ocp/interconnect@48000000/segment@300000/target-module@e000/lcdc@0
[    0.446531] /ocp/interconnect@44c00000/segment@200000/target-module@10000/scm@0/pinmux@800: Fixed dependency cycle(s) with /ocp/interconnect@44c00000/segment@200000/target-module@10000/scm@0/pinmux@800/clkout2-pins
[    0.447139] pinctrl-single 44e10800.pinmux: 142 pins, size 568
[    0.480800] /ocp/interconnect@48000000/segment@300000/target-module@e000/lcdc@0: Fixed dependency cycle(s) with /ocp/interconnect@44c00000/segment@200000/target-module@b000/i2c@0/tda19988@70
[    0.548697] OMAP GPIO hardware version 0.1
[    0.591798] omap_i2c 4819c000.i2c: bus 2 rev0.11 at 100 kHz
[     0.629530] 48000000.interconnect:segment@200000:target-module@0:mpu@0:fck: device ID is greater than 24
[    0.630441] /ocp/interconnect@48000000/segment@300000/target-module@e000/lcdc@0: Fixed dependency cycle(s) with /ocp/interconnect@44c00000/segment@200000/target-module@b000/i2c@0/tda19988@70
[    0.633605] /ocp/interconnect@48000000/segment@300000/target-module@e000/lcdc@0: Fixed dependency cycle(s) with /ocp/interconnect@44c00000/segment@200000/target-module@b000/i2c@0/tda19988@70
[    0.63433 3] /ocp/interconnect@44c00000/segment@200000/target-module@b000/i2c@0/tda19988@70: Fixed dependency cycle(s) with /ocp/interconnect@48000000/segment@300000/target-module@e000/lcdc@0
[    0.634506] /ocp/interconnect@48000000/segment@300000/target-module@e000/lcdc@0: Fixed dependency cycle(s) with /ocp/interconnect@44c00000/segment@200000/target-module@b000/i2c@0/tda19988@70
[    0.642330] sdhci-omap 481d8000.mmc: supply pbias not found, using dummy regulator
[    0.643317] sdhci-omap 481d8000.mmc: supply vqmmc not found, using dummy regulator
[    0.737213] davinci_mdio 4a101000.mdio: davinci mdio revision 1.6, bus freq 1000000
[    0.879383] davinci_mdio 4a101000.mdio: phy[0]: device 4a101000.mdio:00, driver SMSC LAN8710/LAN8720
[    0.880157] cpsw-switch 4a100000.switch: initialized cpsw ale version 1.4
[    0.880180] cpsw-switch 4a100000.switch: ALE Table size 1024, Policers 0
[    0.880535] cpsw-switch 4a100000.switch: cpts: overflow check period 500 (jiffies)
[    0.880556] cpsw-switch 4a100000.switch: CPTS: ref_clk_freq:250000000 calc_mult:2147483648 calc_shift:29 error:0 nsec/sec
[    0.880659] cpsw-switch 4a100000.switch: Detected MACID = 6c:ec:eb:68:de:78
[    0.882734] cpsw-switch 4a100000.switch: initialized (regs 0x4a100000, pool size 256) hw_ver:0019010C 1.12 (0)
[    0.902186] debugfs: '49000000.dma' already exists in 'dmaengine'
[    0.902228] edma 49000000.dma: TI EDMA DMA engine driver
[    0.948652] ti-sysc 44e31000.target-module: Failed to create device link (0x180) with supplier o00.target-module: Failed to create device link (0x180) with supplier ocp for /ocp/interconnect@48000000/segment@0/target-module@40000/timer@0
[    0.965971] 44e09000.serial: ttyS0 at MMIO 0x44e09000 (irq = 34, base_baud = 3000000) is a 8250
[    0.966089] printk: legacy console [ttyS0] enabled
[    2.482365] tps65217-pmic: Failed to locate of_node [id: -1]
[    2.488424] tps65217-bl: Failed to locate of_node [id: -1]
[    2.495907] platform tps65217-charger: DMA mask not set
[    2.502951] platform tps65217-pwrbutton: DMA mask not set
[    2.510705] tps65217 0-0024: TPS65217 ID 0xe version 1.2
[    2.516801] /ocp/interconnect@48000000/segment@300000/target-module@e000/lcdc@0: Fixed dependency cycle(s) with /ocp/interconnect@44c00000/segment@200000/target-module@b000/i2c@0/tda19988@70
[    2.534236] /ocp/interconnect@44c00000/segment@200000/target-module@b000/i2c@0/tda19988@70: Fixed dependency cycle(s) with /ocp/interconnect@48000000/segment@300000/target-module@e000/lcdc@0
[    2.551611] omap_i2c 44e0b000.i2c: bus 0 rev0.11 at 400 kHz
[    2.559691] omap_gpio 44e07000.gpio: Could not set line 6 debounce to 200000 microseconds (-22)
[    2.568587] sdhci-omap 48060000.mmc: Got CD GPIO
[    2.573632] sdhci-omap 48060000.mmc: supply pbias not found, using dummy regulator
[    2.584062] sdhci-omap 48060000.mmc: supply vqmmc not found, using dummy regulator
[    2.593189] sdhci-omap 481d8000.mmc: supply pbias not found, using dummy regulator
[    2.601621] sdhci-omap 481d8000.mmc: supply vqmmc not found, using dummy regulator
[    2.668039] mmc1: SDHCI controller on 481d8000.mmc [481d8000.mmc] using External DMA
[    2.676473] mmc0: SDHCI controller on 48060000.mmc [48060000.mmc] using External DMA
[    2.685330] cpsw-switch 4a100000.switch: starting ndev. mode: dual_mac
[    2.751717] mmc1: new high speed MMC card at address 0001
[    2.758557] mmcblk1: mmc1:0001 MMC04G 3.60 GiB
[    2.766434]  mmcblk1: p1 p2
[    2.770177] SMSC LAN8710/LAN8720 4a101000.mdio:00: attached PHY driver (mii_bus:phy_addr=4a101000.mdio:00, irq=POLL)
[    2.782753] mmcblk1boot0: mmc1:0001 MMC04G 2.00 MiB
[    2.796610] mmcblk1boot1: mmc1:0001 MMC04G 2.00 MiB
[    2.805558] mmcblk1rpmb: mmc1:0001 MMC04G 128 KiB, chardev (249:0)
[    2.854934] mmc0: new high speed SDHC card at address aaaa
[    2.861887] mmcblk0: mmc0:aaaa SE32G 29.7 GiB
[    2.870916]  mmcblk0: p1 p2
[    5.922146] cpsw-switch 4a100000.switch eth0: Link is Up - 100Mbps/Full - flow control off
[    5.951399] IP-Config: Complete:
[    5.954674]      device=eth0, hwaddr=6c:ec:eb:68:de:78, ipaddr=192.168.255.1, mask=255.255.255.0, gw=255.255.255.255
[    5.965313]      host=bbb1, domain=, nis-domain=(none)
[    5.970479]      bootserver=192.168.255.126, rootserver=192.168.255.126, rootpath=
[    5.970885] clk: Disabling unused clocks
[    5.982737] PM: genpd: Disabling unused power domains
[    5.987902] KTAP version 1
[    5.990628] 1..0
[    5.993465] check access for rdinit=/init failed: -2, ignoring
[    6.024258] VFS: Mounted root (nfs filesystem) on device 0:17.
[    6.031044] devtmpfs: mounted
[    6.035774] Freeing unused kernel image (initmem) memory: 1024K
[    6.042651] Run /sbin/init as init process
[    6.765256] systemd[1]: System time before build time, advancing clock.
[    8.311406] random: crng init done
[    8.344129] systemd[1]: systemd 232 running in system mode. (+PAM +AUDIT +SELINUX +IMA +APPARMOR +SMACK +SYSVINIT +UTMP +LIBCRYPTSETUP +GCRYPT +GNUTLS +ACL +XZ +LZ4 +SECCOMP +BLKID +ELFUTILS +KMOD +IDN)
[    8.363278] systemd[1]: Detected architecture arm.

Welcome to [1mDebian GNU/Linux 9 (stretch)[0m!

[    8.394860] systemd[1]: Set hostname to <arm>.
[    9.505121] systemd[1]: syslog.socket: SO_PASSSEC failed: Operation not supported
[    9.513174] systemd[1]: Listening on Syslog Socket.
[[0;32m  OK  [0m] Listening on Syslog Socket.
[    9.531821] systemd[1]: Reached target Remote File Systems.
[[0;32m  OK  [0m] Reached target Remote File Systems.
[    9.562035] systemd[1]: Listening on udev Kernel Socket.
[[0;32m  OK  [0m] Listening on udev Kernel Socket.
[    9.592298] systemd[1]: Started Dispatch Password Requests to Console Directory Watch.
[[0;32m  OK  [0m] Started Dispatch Password Requests to Console Directory Watch.
[    9.622804] systemd[1]: Created slice User and Session Slice.
[[0;32m  OK  [0m] Created slice User and Session Slice.
[    9.652051] systemd[1]: systemd-journald.socket: SO_PASSSEC failed: Operation not supported
[[0;32m  OK  [0m] Listening on Journal Socket.
[[0;32m  OK  [0m] Listening on udev Control Socket.
[[0;32m  OK  [0m] Listening on Journal Socket (/dev/log).
[[0;32m  OK  [0m] Listening on Journal Audit Socket.
[[0;32m  OK  [0m] Started Forward Password Requests to Wall Directory Watch.
[[0;32m  OK  [0m] Reached target Paths.
[[0;32m  OK  [0m] Reached target Encrypted Volumes.
[[0;32m  OK  [0m] Created slice System Slice.
         Starting Load Kernel Modules...
[[0;32m  OK  [0m] Reached target Slices.
[[0;32m  OK  [0m] Created slice system-serial\x2dgetty.slice.
         Starting Create list of required stâ€¦ce nodes for the current kernel...
         Starting Journal Service...
         Starting Remount Root and Kernel File Systems...
         Mounting Debug File System...
         Mounting POSIX Message Queue File System...
[[0;32m  OK  [0m] Set up automount Arbitrary Executabâ€¦rmats File System Automount Point.
[[0;32m  OK  [0m] Reached target Swap.
[[0;32m  OK  [0m] Created slice system-getty.slice.
[[0;32m  OK  [0m] Listening on /dev/initctl Compatibility Named Pipe.
[[0;32m  OK  [0m] Mounted POSIX Message Queue File System.
[[0;32m  OK  [0m] Mounted Debug File System.
[[0;32m  OK  [0m] Started Load Kernel Modules.
[[0;32m  OK  [0m] Started Create list of required staâ€¦vice nodes for the current kernel.
[[0;32m  OK  [0m] Started Remount Root and Kernel File Systems.
         Starting Load/Save Random Seed...
         Starting udev Coldplug all Devices...
         Starting Create Static Device Nodes in /dev...
         Starting Apply Kernel Variables...
         Mounting Configuration File System...
[[0;32m  OK  [0m] Started Load/Save Random Seed.
[[0;32m  OK  [0m] Mounted Configuration File System.
[[0;32m  OK  [0m] Started Apply Kernel Variables.
[[0;32m  OK  [0m] Started Journal Service.
         Starting Flush Journal to Persistent Storage...
[[0;32m  OK  [0m] Started Create Static Device Nodes in /dev.
         Starting udev Kernel Device Manager...
[[0;32m  OK  [0m] Reached target Local File Systems (Pre).
[[0;32m  OK  [0m] Reached target Local File Systems.
         Starting Raise network interfaces...
[   11.806049] systemd-journald[101]: Received request to flush runtime journal from PID 1
[[0;32m  OK  [0m] Started Flush Journal to Persistent Storage.
         Starting Create Volatile Files and Directories...
[[0;32m  OK  [0m] Started udev Kernel Device Manager.
[   12.657191] omap_prm 44e00d00.prm: sync_state() pending due to 44d00000.cpu
[[0;32m  OK  [0m] Started Create Volatile Files and Directories.
         Starting Update UTMP about System Boot/Shutdown...
         Starting Network Time Synchronization...
[[0;32m  OK  [0m] Started Update UTMP about System Boot/Shutdown.
[[0;32m  OK  [0m] Started udev Coldplug all Devices.
[   15.135507] remoteproc remoteproc0: wkup_m3 is available
[[0;32m  OK  [0m] Started Network Time Synchronization.
[[0;32m  OK  [0m] Reached target System Initialization.
[[0;32m  OK  [0m] Started Daily Cleanup of Temporary Directories.
[[0;32m  OK  [0m] Listening on D-Bus System Message Bus Socket.
[[0;32m  OK  [0m] Listening on Avahi mDNS/DNS-SD Stack Activation Socket.
[[0;32m  OK  [0m] Reached target Sockets.
[   15.482465] omap_rtc 44e3e000.rtc: registered as rtc0
[   15.487662] omap_rtc 44e3e000.rtc: setting system clock to 2000-01-01T00:00:00 UTC (946684800)
[[0;32m  OK  [0m] Reached target Basic System.
         Starting Cape Manager Service...
[   15.671848] omap_wdt: OMAP Watchdog Timer Rev 0x01: initial timeout 60 sec
         Starting LSB: Load kernel modules needed to enable cpufreq scaling...
[   15.793994] at24 2-0054: supply vcc not found, using dummy regulator
[   15.863968] input: tps65217_pwrbutton as /devices/platform/ocp/44c00000.interconnect/44c00000.interconnect:segment@200000/44e0b000.target-module/44e0b000.i2c/i2c-0/0-0024/tps65217-pwrbutton/input/input0
         Starting Login Service...
[   16.002429] at24 2-0055: supply vcc not found, using dummy regulator
[   16.083695] at24 2-0056: supply vcc not found, using dummy regulator
         Starting DUN service...
[   16.225876] at24 2-0057: supply vcc not found, using dummy regulator
[   16.326086] at24 0-0050: 4096 byte 24c32 EEPROM, writable, 1 bytes/write
[[0;32m  OK  [0m] Started Regular background program processing daemon.
[[0;32m  OK  [0m] Started D-Bus System Message Bus.
[   17.272435] am335x-phy-driver 47401300.usb-phy: dummy supplies not allowed for exclusive requests (id=vbus)
[   17.423598] am335x-phy-driver 47401b00.usb-phy: dummy supplies not allowed for exclusive requests (id=vbus)
[   17.978481] usbcore: registered new interface driver usbfs
[   17.984360] usbcore: registered new interface driver hub
[   17.989812] usbcore: registered new device driver usb
[   18.774625] omap-mailbox 480c8000.mailbox: omap mailbox rev 0x400
[   18.850500] remoteproc remoteproc0: powering up wkup_m3
[   18.962833] remoteproc remoteproc0: Direct firmware load for am335x-pm-firmware.elf failed with error -2
[   18.972601] remoteproc remoteproc0: request_firmware failed: -2
[   18.978565] wkup_m3_ipc 44e11324.wkup_m3_ipc: rproc_boot failed
[   19.097200] musb-hdrc musb-hdrc.1: MUSB HDRC host driver
[   19.102826] musb-hdrc musb-hdrc.1: new USB bus registered, assigned bus number 1
[   19.183515] usb usb1: New USB device found, idVendor=1d6b, idProduct=0002, bcdDevice= 6.18
[   19.191970] usb usb1: New USB device strings: Mfr=3, Product=2, SerialNumber=1
[   19.199238] usb usb1: Product: MUSB HDRC host driver
[   19.204289] usb usb1: Manufacturer: Linux 6.18.0-rc7-next-20251125 musb-hcd
[   19.211290] usb usb1: SerialNumber: musb-hdrc.1
[   19.217993] tda998x 0-0070: found TDA19988
[   19.583767] hub 1-0:1.0: USB hub found
[   19.688808] hub 1-0:1.0: 1 port detected
[[0;32m  OK  [0m] Started DUN service.
         Starting Connection service...
         Starting System Logging Service...
[   21.782308] tilcdc 4830e000.lcdc: bound 0-0070 (ops tda998x_driver_exit [tda998x])
         Starting Generic Board Startup...
[   21.851667] omap_rng 48310000.rng: Random Number Generator ver. 20
         Starting Avahi mDNS/DNS-SD Stack...
[   21.974465] [drm] Initialized tilcdc 1.0.0 for 4830e000.lcdc on minor 0
         Starting Telephony service...
[   22.058498] tilcdc 4830e000.lcdc: [drm] Cannot find any crtc or sizes
[   22.084865] tilcdc 4830e000.lcdc: [drm] Cannot find any crtc or sizes
         Starting LSB: Start busybox udhcpd at boot time...
[[0;32m  OK  [0m] Reached target System Time Synchronized.
[[0;32m  OK  [0m] Started Daily apt download activities.
[[0;32m  OK  [0m] Started Daily apt upgrade and clean activities.
[[0;32m  OK  [0m] Reached target Timers.
[[0;32m  OK  [0m] Started Cape Manager Service.
[[0;32m  OK  [0m] Found device /dev/ttyS0.
[[0;32m  OK  [0m] Started System Logging Service.
[   23.834638] PM: Cannot get wkup_m3_ipc handle
[   24.101662] omap-sham 53100000.sham: hw accel on OMAP rev 4.3
[   24.257303] omap-sham 53100000.sham: will run requests pump with realtime priority
[   24.267024] PM: Cannot get wkup_m3_ipc handle
[   24.285774] omap-aes 53500000.aes: OMAP AES hw accel rev: 3.2
[   24.361744] ------------[ cut here ]------------
[   24.366439] WARNING: net/8021q/vlan_core.c:236 at vlan_for_each+0x114/0x134, CPU#0: avahi-daemon/320
[   24.375743] RTNL: assertion failed at net/8021q/vlan_core.c (236)
[   24.381900] Modules linked in: ecdh_generic omap_aes_driver(+) omap_sham omap_crypto ecc pm33xx crypto_engine libaes ti_emif_sram omap_rng tilcdc rng_core drm_dma_helper drm_client_lib snd_soc_davinci_mcasp snd_soc_ti_udma snd_soc_ti_edma snd_soc_ti_sdma snd_soc_core snd_pcm_dmaengine snd_pcm snd_timer musb_dsps snd tda998x musb_hdrc omap_mailbox cec soundcore udc_core drm_kms_helper usbcore phy_am335x drm phy_generic usb_common wkup_m3_ipc phy_am335x_control drm_panel_orientation_quirks tps65218_pwrbutton at24 omap_wdt watchdog rtc_omap cppi41 wkup_m3_rproc leds_gpio led_class cpufreq_dt autofs4
[   24.435302] CPU: 0 UID: 107 PID: 320 Comm: avahi-daemon Not tainted 6.18.0-rc7-next-20251125 #1 NONE 
[   24.435320] Hardware name: Generic AM33XX (Flattened Device Tree)
[   24.435328] Call trace: 
[   24.435345]  unwind_backtrace from show_stack+0x10/0x14
[   24.435382]  show_stack from dump_stack_lvl+0x50/0x64
[   24.435407]  dump_stack_lvl from __warn+0x88/0x148
[   24.435424]  __warn from warn_slowpath_fmt+0x19c/0x1b0
[   24.435437]  warn_slowpath_fmt from vlan_for_each+0x114/0x134
[   24.435454]  vlan_for_each from cpsw_add_mc_addr+0x40/0xa4
[   24.435488]  cpsw_add_mc_addr from __hw_addr_ref_sync_dev+0x108/0x140
[   24.435516]  __hw_addr_ref_sync_dev from __dev_mc_add+0x7c/0x80
[   24.435534]  __dev_mc_add from igmp6_group_added+0xc8/0xe0
[   24.435555]  igmp6_group_added from __ipv6_dev_mc_inc+0x218/0x364
[   24.435570]  __ipv6_dev_mc_inc from __ipv6_sock_mc_join+0x11c/0x1c0
[   24.435584]  __ipv6_sock_mc_join from do_ipv6_setsockopt+0x1214/0x1310
[   24.435609]  do_ipv6_setsockopt from ipv6_setsockopt+0x60/0xcc
[   24.435627]  ipv6_setsockopt from udpv6_setsockopt+0x2c/0x6c
[   24.435647]  udpv6_setsockopt from sock_common_setsockopt+0x30/0x40
[   24.435674]  sock_common_setsockopt from do_sock_setsockopt+0x50/0x9c
[   24.435692]  do_sock_setsockopt from __sys_setsockopt+0x70/0xbc
[   24.435707]  __sys_setsockopt from ret_fast_syscall+0x0/0x58
[   24.435722] Exception stack(0xe0365fa8 to 0xe0365ff0)
[   24.435736] 5fa0:                   00000014 b6f37ce8 0000000d 00000029 00000014 beac89ec
[   24.435748] 5fc0: 00000014 b6f37ce8 00000014 00000126 0000000d b6ee0ff4 0044e988 00436558
[   24.435756] 5fe0: b6ef6088 beac89d8 b6ed3309 b6daa41a
[   24.435764] ---[ end trace 0000000000000000 ]---
[   24.614063] omap-aes 53500000.aes: will run requests pump with realtime priority
[   24.643540] PM: Cannot get wkup_m3_ipc handle
[   26.100033] Bluetooth: Core ver 2.22
[   26.104033] NET: Registered PF_BLUETOOTH protocol family
[   26.109385] Bluetooth: HCI device and connection manager initialized
[   26.115901] Bluetooth: HCI socket layer initialized
[   26.120818] Bluetooth: L2CAP socket layer initialized
[   26.125976] Bluetooth: SCO socket layer initialized
[[0;32m  OK  [0m] Started LSB: Start busybox udhcpd at boot time.
[   28.674232] gpio-537 (nxp,calib): gpiod_direction_output_nonotify: tried to set a GPIO tied to an IRQ as output
[   28.702654] PM: Cannot get wkup_m3_ipc handle
[   28.812605] PM: Cannot get wkup_m3_ipc handle
[   28.939971] tda9950 0-0034: TDA9950 CEC interface, hardware version 3.3
[   29.082320] PM: Cannot get wkup_m3_ipc handle
[[0;32m  OK  [0m] Started Raise network interfaces.
[[0;32m  OK  [0m] Started LSB: Load kernel modules needed to enable cpufreq scaling.
[   31.462155] configfs-gadget.g_multi gadget.0: HOST MAC 1c:ba:8c:a2:ed:6c
[   31.468932] configfs-gadget.g_multi gadget.0: MAC 1c:ba:8c:a2:ed:70
[   31.476336] configfs-gadget.g_multi gadget.0: HOST MAC 1c:ba:8c:a2:ed:6c
[   31.483181] configfs-gadget.g_multi gadget.0: MAC 1c:ba:8c:a2:ed:6d
[   31.502012] PM: Cannot get wkup_m3_ipc handle
[[0;32m  OK  [0m] Started Telephony service.
[[0;32m  OK  [0m] Started Avahi mDNS/DNS-SD Stack.
[[0;32m  OK  [0m] Started Connection service.
[[0;32m  OK  [0m] Started Login Service.
         Starting Hostname Service...
         Starting WPA supplicant...
[[0;32m  OK  [0m] Reached target Sound Card.
         Starting LSB: set CPUFreq kernel parameters...
[[0;32m  OK  [0m] Started WPA supplicant.
[[0;32m  OK  [0m] Reached target Network.
         Starting The Apache HTTP Server...
[[0;32m  OK  [0m] Reached target Network is Online.
         Starting LSB: Advanced IEEE 802.11 management daemon...
         Starting Permit User Sessions...
         Starting OpenBSD Secure Shell server...
[[0;32m  OK  [0m] Started LSB: Advanced IEEE 802.11 management daemon.
[[0;32m  OK  [0m] Started LSB: set CPUFreq kernel parameters.
[[0;32m  OK  [0m] Started Hostname Service.
[[0;32m  OK  [0m] Started Permit User Sessions.
[[0;32m  OK  [0m] Started Getty on tty1.
[[0;32m  OK  [0m] Started Serial Getty on ttyS0.
[[0;32m  OK  [0m] Reached target Login Prompts.
         Stopping LSB: Start busybox udhcpd at boot time...
[[0;32m  OK  [0m] Started OpenBSD Secure Shell server.
[[0;32m  OK  [0m] Stopped LSB: Start busybox udhcpd at boot time.
         Starting dnsmasq - A lightweight DHCP and caching DNS server...
[[0;32m  OK  [0m] Started The Apache HTTP Server.
[[0;32m  OK  [0m] Started dnsmasq - A lightweight DHCP and caching DNS server.
[[0;32m  OK  [0m] Reached target Host and Network Name Lookups.
[[0;32m  OK  [0m] Started Serial Getty on ttyGS0.
[[0;32m  OK  [0m] Started Generic Board Startup.
[[0;32m  OK  [0m] Reached target Multi-User System.
[[0;32m  OK  [0m] Reached target Graphical Interface.
         Starting Update UTMP about System Runlevel Changes...
[[0;32m  OK  [0m] Started Update UTMP about System Runlevel Changes.

Debian GNU/Linux 9 arm ttyS0

default username:password is [debian:temppwd]

arm login: rootÿ
Password: 
Last login: Sat Jan  1 00:00:34 UTC 2000 on ttyS0
root
Linux arm 6.18.0-rc7-next-20251125 #1 SMP Tue Nov 25 11:46:32 EET 2025 armv7l

The programs included with the Debian GNU/Linux system are free software;
the exact distribution terms for each program are described in the
individual files in /usr/share/doc/*/copyright.

Debian GNU/Linux comes with ABSOLUTELY NO WARRANTY, to the extent
permitted by applicable law.
root@arm:~# root
-bash: root: command not found
root@arm:~# dmesg -n 1
root@arm:~# echo 'KZTN''XYJTUN'
KZTNXYJTUN
root@arm:~# run() { echo -n "$MARKER"; sh -c "$@"; echo "$MARKER $?"; }
root@arm:~# echo 'CAUY''NFQJCG'
CAUYNFQJCG
root@arm:~# MARKER='UZWP''OPJSCT' run 'cat /proc/version'
UZWPOPJSCTLinux version 6.18.0-rc7-next-20251125 (user01@drvtest01) (arm-none-eabi-gcc (Arm GNU Toolchain 14.2.Rel1 (Build arm-14.52)) 14.2.1 20241119, GNU ld (Arm GNU Toolchain 14.2.Rel1 (Build arm-14.52)) 2.43.1.20241119) #1 SMP Tue Nov 25 11:46:32 EET 2025
UZWPOPJSCT 0
root@arm:~# echo 'MAPS''EZZWFM'
MAPSEZZWFM
root@arm:~# MARKER='CHXS''KTTHCL' run false
CHXSKTTHCLCHXSKTTHCL 1
root@arm:~# Labgrid Console Logfile for main
Logfile started at 2025-11-25 11:49:17.249104
=== Log starts here ===

root@arm:~# run() { echo -n "$MARKER"; sh -c "$@"; echo "$MARKER $?"; }
root@arm:~# echo 'POGE''CTPBWO'
POGECTPBWO
root@arm:~# MARKER='EVQA''SXKFXU' run 'ls /iio_generic_buffer; echo $?'
EVQASXKFXU/iio_generic_buffer
0
EVQASXKFXU 0
root@arm:~# Labgrid Console Logfile for main
Logfile started at 2025-11-25 11:49:20.633945
=== Log starts here ===

root@arm:~# run() { echo -n "$MARKER"; sh -c "$@"; echo "$MARKER $?"; }
root@arm:~# echo 'PNVX''LOFJCV'
PNVXLOFJCV
root@arm:~# MARKER='GCNF''FGHKCC' run dmesg
GCNFFGHKCC[    0.000000] Booting Linux on physical CPU 0x0
[    0.000000] Linux version 6.18.0-rc7-next-20251125 (user01@drvtest01) (arm-none-eabi-gcc (Arm GNU Toolchain 14.2.Rel1 (Build arm-14.52)) 14.2.1 20241119, GNU ld (Arm GNU Toolchain 14.2.Rel1 (Build arm-14.52)) 2.43.1.20241119) #1 SMP Tue Nov 25 11:46:32 EET 2025
[    0.000000] CPU: ARMv7 Processor [413fc082] revision 2 (ARMv7), cr=10c5387d
[    0.000000] CPU: PIPT / VIPT nonaliasing data cache, VIPT aliasing instruction cache
[    0.000000] OF: fdt: Machine model: TI AM335x BeagleBone Black
[    0.000000] Memory policy: Data cache writeback
[    0.000000] cma: Reserved 16 MiB at 0x9e800000
[    0.000000] Zone ranges:
[    0.000000]   Normal   [mem 0x0000000080000000-0x000000009fdfffff]
[    0.000000]   HighMem  empty
[    0.000000] Movable zone start for each node
[    0.000000] Early memory node ranges
[    0.000000]   node   0: [mem 0x0000000080000000-0x000000009fdfffff]
[    0.000000] Initmem setup node 0 [mem 0x0000000080000000-0x000000009fdfffff]
[    0.000000] On node 0, zone Normal: 512 pages in unavailable ranges
[    0.000000] OF: reserved mem: Reserved memory: No reserved-memory node in the DT
[    0.000000] CPU: All CPU(s) started in SVC mode.
[    0.000000] AM335X ES2.1 (sgx neon)
[    0.000000] percpu: Embedded 17 pages/cpu s40204 r8192 d21236 u69632
[    0.000000] pcpu-alloc: s40204 r8192 d21236 u69632 alloc=17*4096
[    0.000000] pcpu-alloc: [0] 0 
[    0.000000] Kernel command line: console=ttyO0,115200n8 root=/dev/nfs rw nfsroot=192.168.255.126:/home/user01/nfs,nfsvers=3 ip=192.168.255.1:192.168.255.126::255.255.255.0:bbb1:eth0 nfsrootdebug
[    0.000000] Unknown kernel command line parameters "nfsrootdebug", will be passed to user space.
[    0.000000] printk: log buffer data + meta data: 65536 + 204800 = 270336 bytes
[    0.000000] Dentry cache hash table entries: 65536 (order: 6, 262144 bytes, linear)
[    0.000000] Inode-cache hash table entries: 32768 (order: 5, 131072 bytes, linear)
[    0.000000] Built 1 zonelists, mobility grouping on.  Total pages: 130560
[    0.000000] mem auto-init: stack:off, heap alloc:off, heap free:off
[    0.000000] SLUB: HWalign=16, Order=0-3, MinObjects=0, CPUs=1, Nodes=1
[    0.000000] rcu: Hierarchical RCU implementation.
[    0.000000] rcu: 	RCU event tracing is enabled.
[    0.000000] rcu: 	RCU restricting CPUs from NR_CPUS=2 to nr_cpu_ids=1.
[    0.000000] 	Tracing variant of Tasks RCU enabled.
[    0.000000] rcu: RCU calculated value of scheduler-enlistment delay is 10 jiffies.
[    0.000000] rcu: Adjusting geometry for rcu_fanout_leaf=16, nr_cpu_ids=1
[    0.000000] RCU Tasks Trace: Setting shift to 0 and lim to 1 rcu_task_cb_adjust=1 rcu_task_cpu_ids=1.
[    0.000000] NR_IRQS: 16, nr_irqs: 16, preallocated irqs: 16
[    0.000000] IRQ: Found an INTC at 0x(ptrval) (revision 5.0) with 128 interrupts
[    0.000000] rcu: srcu_init: Setting srcu_struct sizes based on contention.
[    0.000000] TI gptimer clocksource: always-on /ocp/interconnect@44c00000/segment@200000/target-module@31000
[    0.000003] sched_clock: 32 bits at 24MHz, resolution 41ns, wraps every 89478484971ns
[    0.000025] clocksource: dmtimer: mask: 0xffffffff max_cycles: 0xffffffff, max_idle_ns: 79635851949 ns
[    0.000558] TI gptimer clockevent: 24000000 Hz at /ocp/interconnect@48000000/segment@0/target-module@40000
[    0.002135] Console: colour dummy device 80x30
[    0.002201] WARNING: Your 'console=ttyO0' has been replaced by 'ttyS0'
[    0.002208] This ensures that you still see kernel messages. Please
[    0.002213] update your kernel commandline.
[    0.002254] Calibrating delay loop... 996.14 BogoMIPS (lpj=4980736)
[    0.090674] CPU: Testing write buffer coherency: ok
[    0.090757] CPU0: Spectre v2: using BPIALL workaround
[    0.090766] pid_max: default: 32768 minimum: 301
[    0.091080] Mount-cache hash table entries: 1024 (order: 0, 4096 bytes, linear)
[    0.091100] Mountpoint-cache hash table entries: 1024 (order: 0, 4096 bytes, linear)
[    0.092685] CPU0: thread -1, cpu 0, socket -1, mpidr 0
[    0.092741] cacheinfo: Unable to detect cache hierarchy for CPU 0
[    0.094736] Setting up static identity map for 0x80100000 - 0x80100078
[    0.095045] rcu: Hierarchical SRCU implementation.
[    0.095054] rcu: 	Max phase no-delay instances is 1000.
[    0.096791] smp: Bringing up secondary CPUs ...
[    0.096843] smp: Brought up 1 node, 1 CPU
[    0.096854] SMP: Total of 1 processors activated (996.14 BogoMIPS).
[    0.096866] CPU: All CPU(s) started in SVC mode.
[    0.097104] Memory: 479964K/522240K available (12288K kernel code, 1231K rwdata, 2956K rodata, 1024K init, 255K bss, 24364K reserved, 16384K cma-reserved, 0K highmem)
[    0.097970] devtmpfs: initialized
[    0.115570] VFP support v0.3: implementor 41 architecture 3 part 30 variant c rev 3
[    0.116256] clocksource: jiffies: mask: 0xffffffff max_cycles: 0xffffffff, max_idle_ns: 19112604462750000 ns
[    0.116308] posixtimers hash table entries: 512 (order: 0, 4096 bytes, linear)
[    0.116334] futex hash table entries: 256 (16384 bytes on 1 NUMA nodes, total 16 KiB, linear).
[    0.119510] NET: Registered PF_NETLINK/PF_ROUTE protocol family
[    0.122650] DMA: preallocated 256 KiB pool for atomic coherent allocations
[    0.123627] audit: initializing netlink subsys (disabled)
[    0.124993] thermal_sys: Registered thermal governor 'fair_share'
[    0.125010] thermal_sys: Registered thermal governor 'step_wise'
[    0.125018] thermal_sys: Registered thermal governor 'user_space'
[    0.125127] audit: type=2000 audit(0.120:1): state=initialized audit_enabled=0 res=1
[    0.125199] cpuidle: using governor menu
[    0.143120] /ocp/interconnect@44c00000/segment@200000/target-module@b000/i2c@0/tda19988@70: Fixed dependency cycle(s) with /ocp/interconnect@48000000/segment@300000/target-module@e000/lcdc@0
[    0.144206] /ocp/interconnect@48000000/segment@300000/target-module@e000/lcdc@0: Fixed dependency cycle(s) with /ocp/interconnect@44c00000/segment@200000/target-module@b000/i2c@0/tda19988@70
[    0.146369] No ATAGs?
[    0.146408] hw-breakpoint: debug architecture 0x4 unsupported.
[    0.149111] kprobes: kprobe jump-optimization is enabled. All kprobes are optimized if possible.
[    0.163749] iommu: Default domain type: Translated
[    0.163772] iommu: DMA domain TLB invalidation policy: strict mode
[    0.165357] reg-fixed-voltage fixedregulator0: using DT '/fixedregulator0' for '(default)' GPIO lookup
[    0.165412] of_get_named_gpiod_flags: can't parse 'gpios' property of node '/fixedregulator0[0]'
[    0.165439] of_get_named_gpiod_flags: can't parse 'gpio' property of node '/fixedregulator0[0]'
[    0.165458] reg-fixed-voltage fixedregulator0: using lookup tables for GPIO lookup
[    0.165468] reg-fixed-voltage fixedregulator0: No GPIO consumer (default) found
[    0.166558] SCSI subsystem initialized
[    0.167016] libata version 3.00 loaded.
[    0.167401] pps_core: LinuxPPS API ver. 1 registered
[    0.167410] pps_core: Software ver. 5.3.6 - Copyright 2005-2007 Rodolfo Giometti <giometti@linux.it>
[    0.167433] PTP clock support registered
[    0.180995] vgaarb: loaded
[    0.181416] clocksource: Switched to clocksource dmtimer
[    0.182027] VFS: Disk quotas dquot_6.6.0
[    0.182084] VFS: Dquot-cache hash table entries: 1024 (order 0, 4096 bytes)
[    0.205214] NET: Registered PF_INET protocol family
[    0.205544] IP idents hash table entries: 8192 (order: 4, 65536 bytes, linear)
[    0.206971] tcp_listen_portaddr_hash hash table entries: 512 (order: 0, 4096 bytes, linear)
[    0.207007] Table-perturb hash table entries: 65536 (order: 6, 262144 bytes, linear)
[    0.207025] TCP established hash table entries: 4096 (order: 2, 16384 bytes, linear)
[    0.207072] TCP bind hash table entries: 4096 (order: 4, 65536 bytes, linear)
[    0.207173] TCP: Hash tables configured (established 4096 bind 4096)
[    0.207298] UDP hash table entries: 256 (order: 2, 14336 bytes, linear)
[    0.207330] UDP-Lite hash table entries: 256 (order: 2, 14336 bytes, linear)
[    0.207543] NET: Registered PF_UNIX/PF_LOCAL protocol family
[    0.208806] RPC: Registered named UNIX socket transport module.
[    0.208824] RPC: Registered udp transport module.
[    0.208829] RPC: Registered tcp transport module.
[    0.208833] RPC: Registered tcp-with-tls transport module.
[    0.208838] RPC: Registered tcp NFSv4.1 backchannel transport module.
[    0.208863] PCI: CLS 0 bytes, default 64
[    0.210315] Initialise system trusted keyrings
[    0.222083] workingset: timestamp_bits=14 max_order=17 bucket_order=3
[    0.223568] NFS: Registering the id_resolver key type
[    0.223659] Key type id_resolver registered
[    0.223666] Key type id_legacy registered
[    0.223774] jffs2: version 2.2. (NAND) (SUMMARY)  Â© 2001-2006 Red Hat, Inc.
[    0.224321] Key type asymmetric registered
[    0.224337] Asymmetric key parser 'x509' registered
[    0.224410] io scheduler mq-deadline registered
[    0.224420] io scheduler kyber registered
[    0.224507] io scheduler bfq registered
[    0.226310] target-module@4b000000:target-module@140000:pmu@0:fck: device ID is greater than 24
[    0.227471] ledtrig-cpu: registered to indicate activity on CPUs
[    0.242156] Serial: 8250/16550 driver, 6 ports, IRQ sharing enabled
[    0.296682] brd: module loaded
[    0.305323] loop: module loaded
[    0.306253] mtdoops: mtd device (mtddev=name/number) must be supplied
[    0.314710] mdio_bus fixed-0: using lookup tables for GPIO lookup
[    0.314735] mdio_bus fixed-0: No GPIO consumer reset found
[    0.316181] i2c_dev: i2c /dev entries driver
[    0.317199] cpuidle: enable-method property 'ti,am3352' found operations
[    0.317663] sdhci: Secure Digital Host Controller Interface driver
[    0.317671] sdhci: Copyright(c) Pierre Ossman
[    0.317856] sdhci-pltfm: SDHCI platform and OF driver helper
[    0.319382] hw perfevents: enabled with armv7_cortex_a8 PMU driver, 5 (8000000f) counters available
[    0.319918] Initializing XFRM netlink socket
[    0.320082] NET: Registered PF_INET6 protocol family
[    0.335840] Segment Routing with IPv6
[    0.335926] In-situ OAM (IOAM) with IPv6
[    0.336032] sit: IPv6, IPv4 and MPLS over IPv4 tunneling driver
[    0.337044] NET: Registered PF_PACKET protocol family
[    0.337064] PFKEY is deprecated and scheduled to be removed in 2027, please contact the netdev mailing list
[    0.337080] NET: Registered PF_KEY protocol family
[    0.337213] Key type dns_resolver registered
[    0.337456] ThumbEE CPU extension supported.
[    0.337476] Registering SWP/SWPB emulation handler
[    0.337996] omap_voltage_late_init: Voltage driver support not added
[    0.338655] SmartReflex Class3 initialized
[    0.364094] Loading compiled-in X.509 certificates
[    0.394405] /ocp/interconnect@44c00000/segment@200000/target-module@b000/i2c@0/tda19988@70: Fixed dependency cycle(s) with /ocp/interconnect@48000000/segment@300000/target-module@e000/lcdc@0
[    0.400765] /ocp/interconnect@44c00000/segment@200000/target-module@b000/i2c@0/tda19988@70: Fixed dependency cycle(s) with /ocp/interconnect@48000000/segment@300000/target-module@e000/lcdc@0
[    0.406490] gpiochip_find_base_unlocked: found new base at 512
[    0.442043] /ocp/interconnect@44c00000/segment@200000/target-module@b000/i2c@0/tda19988@70: Fixed dependency cycle(s) with /ocp/interconnect@48000000/segment@300000/target-module@e000/lcdc@0
[    0.442996] /ocp/interconnect@44c00000/segment@200000/target-module@b000/i2c@0/tda19988@70: Fixed dependency cycle(s) with /ocp/interconnect@48000000/segment@300000/target-module@e000/lcdc@0
[    0.446531] /ocp/interconnect@44c00000/segment@200000/target-module@10000/scm@0/pinmux@800: Fixed dependency cycle(s) with /ocp/interconnect@44c00000/segment@200000/target-module@10000/scm@0/pinmux@800/clkout2-pins
[    0.447139] pinctrl-single 44e10800.pinmux: 142 pins, size 568
[    0.480800] /ocp/interconnect@48000000/segment@300000/target-module@e000/lcdc@0: Fixed dependency cycle(s) with /ocp/interconnect@44c00000/segment@200000/target-module@b000/i2c@0/tda19988@70
[    0.500741] gpiochip_find_base_unlocked: found new base at 512
[    0.500842] gpio gpiochip0: (gpio-0-31): created GPIO range 0->7 ==> 44e10800.pinmux PIN 0->7
[    0.500862] gpio gpiochip0: (gpio-0-31): created GPIO range 8->11 ==> 44e10800.pinmux PIN 90->93
[    0.500878] gpio gpiochip0: (gpio-0-31): created GPIO range 12->27 ==> 44e10800.pinmux PIN 12->27
[    0.500894] gpio gpiochip0: (gpio-0-31): created GPIO range 28->31 ==> 44e10800.pinmux PIN 30->33
[    0.548358] gpio gpiochip0: (gpio-0-31): added GPIO chardev (254:0)
[    0.548610] gpio gpiochip0: registered GPIOs 512 to 543 on gpio-0-31
[    0.548697] OMAP GPIO hardware version 0.1
[    0.590686] i2c i2c-2: using DT '/ocp/interconnect@48000000/segment@100000/target-module@9c000/i2c@0' for 'scl' GPIO lookup
[    0.590759] of_get_named_gpiod_flags: can't parse 'scl-gpios' property of node '/ocp/interconnect@48000000/segment@100000/target-module@9c000/i2c@0[0]'
[    0.590800] of_get_named_gpiod_flags: can't parse 'scl-gpio' property of node '/ocp/interconnect@48000000/segment@100000/target-module@9c000/i2c@0[0]'
[    0.590836] i2c i2c-2: using lookup tables for GPIO lookup
[    0.590846] i2c i2c-2: No GPIO consumer scl found
[    0.590867] i2c i2c-2: using DT '/ocp/interconnect@48000000/segment@100000/target-module@9c000/i2c@0' for 'sda' GPIO lookup
[    0.590903] of_get_named_gpiod_flags: can't parse 'sda-gpios' property of node '/ocp/interconnect@48000000/segment@100000/target-module@9c000/i2c@0[0]'
[    0.590940] of_get_named_gpiod_flags: can't parse 'sda-gpio' property of node '/ocp/interconnect@48000000/segment@100000/target-module@9c000/i2c@0[0]'
[    0.590971] i2c i2c-2: using lookup tables for GPIO lookup
[    0.590978] i2c i2c-2: No GPIO consumer sda found
[    0.591798] omap_i2c 4819c000.i2c: bus 2 rev0.11 at 100 kHz
[    0.597491] gpiochip_find_base_unlocked: found new base at 544
[    0.597592] gpio gpiochip1: (gpio-32-63): created GPIO range 0->17 ==> 44e10800.pinmux PIN 34->51
[    0.597612] gpio gpiochip1: (gpio-32-63): created GPIO range 18->21 ==> 44e10800.pinmux PIN 77->80
[    0.597629] gpio gpiochip1: (gpio-32-63): created GPIO range 22->31 ==> 44e10800.pinmux PIN 56->65
[    0.612972] gpio gpiochip1: (gpio-32-63): added GPIO chardev (254:1)
[    0.613213] gpio gpiochip1: registered GPIOs 544 to 575 on gpio-32-63
[    0.615470] gpiochip_find_base_unlocked: found new base at 576
[    0.615564] gpio gpiochip2: (gpio-64-95): created GPIO range 0->4 ==> 44e10800.pinmux PIN 66->70
[    0.615584] gpio gpiochip2: (gpio-64-95): created GPIO range 5->6 ==> 44e10800.pinmux PIN 98->99
[    0.615600] gpio gpiochip2: (gpio-64-95): created GPIO range 7->8 ==> 44e10800.pinmux PIN 75->76
[    0.615615] gpio gpiochip2: (gpio-64-95): created GPIO range 13->13 ==> 44e10800.pinmux PIN 141->141
[    0.615632] gpio gpiochip2: (gpio-64-95): created GPIO range 14->21 ==> 44e10800.pinmux PIN 100->107
[    0.623655] gpio gpiochip2: (gpio-64-95): added GPIO chardev (254:2)
[    0.623882] gpio gpiochip2: registered GPIOs 576 to 607 on gpio-64-95
[    0.629530] 48000000.interconnect:segment@200000:target-module@0:mpu@0:fck: device ID is greater than 24
[    0.630441] /ocp/interconnect@48000000/segment@300000/target-module@e000/lcdc@0: Fixed dependency cycle(s) with /ocp/interconnect@44c00000/segment@200000/target-module@b000/i2c@0/tda19988@70
[    0.633605] /ocp/interconnect@48000000/segment@300000/target-module@e000/lcdc@0: Fixed dependency cycle(s) with /ocp/interconnect@44c00000/segment@200000/target-module@b000/i2c@0/tda19988@70
[    0.634333] /ocp/interconnect@44c00000/segment@200000/target-module@b000/i2c@0/tda19988@70: Fixed dependency cycle(s) with /ocp/interconnect@48000000/segment@300000/target-module@e000/lcdc@0
[    0.634506] /ocp/interconnect@48000000/segment@300000/target-module@e000/lcdc@0: Fixed dependency cycle(s) with /ocp/interconnect@44c00000/segment@200000/target-module@b000/i2c@0/tda19988@70
[    0.641969] sdhci-omap 481d8000.mmc: using DT '/ocp/interconnect@48000000/segment@100000/target-module@d8000/mmc@0' for 'wp' GPIO lookup
[    0.642043] of_get_named_gpiod_flags: can't parse 'wp-gpios' property of node '/ocp/interconnect@48000000/segment@100000/target-module@d8000/mmc@0[0]'
[    0.642087] of_get_named_gpiod_flags: can't parse 'wp-gpio' property of node '/ocp/interconnect@48000000/segment@100000/target-module@d8000/mmc@0[0]'
[    0.642124] sdhci-omap 481d8000.mmc: using lookup tables for GPIO lookup
[    0.642134] sdhci-omap 481d8000.mmc: No GPIO consumer wp found
[    0.642330] sdhci-omap 481d8000.mmc: supply pbias not found, using dummy regulator
[    0.643317] sdhci-omap 481d8000.mmc: supply vqmmc not found, using dummy regulator
[    0.689200] mdio_bus 4a101000.mdio: using DT '/ocp/interconnect@4a000000/segment@0/target-module@100000/switch@0/mdio@1000' for 'reset' GPIO lookup
[    0.689278] of_get_named_gpiod_flags: can't parse 'reset-gpios' property of node '/ocp/interconnect@4a000000/segment@0/target-module@100000/switch@0/mdio@1000[0]'
[    0.689325] of_get_named_gpiod_flags: can't parse 'reset-gpio' property of node '/ocp/interconnect@4a000000/segment@0/target-module@100000/switch@0/mdio@1000[0]'
[    0.689373] mdio_bus 4a101000.mdio: using lookup tables for GPIO lookup
[    0.689384] mdio_bus 4a101000.mdio: No GPIO consumer reset found
[    0.737213] davinci_mdio 4a101000.mdio: davinci mdio revision 1.6, bus freq 1000000
[    0.752235] mdio_bus 4a101000.mdio:00: using DT '/ocp/interconnect@4a000000/segment@0/target-module@100000/switch@0/mdio@1000/ethernet-phy@0' for 'reset' GPIO lookup
[    0.752339] of_get_named_gpiod_flags: parsed 'reset-gpios' property of node '/ocp/interconnect@4a000000/segment@0/target-module@100000/switch@0/mdio@1000/ethernet-phy@0[0]' - status (0)
[    0.752495] gpio gpiochip0: Persistence not supported for GPIO 8
[    0.879383] davinci_mdio 4a101000.mdio: phy[0]: device 4a101000.mdio:00, driver SMSC LAN8710/LAN8720
[    0.880157] cpsw-switch 4a100000.switch: initialized cpsw ale version 1.4
[    0.880180] cpsw-switch 4a100000.switch: ALE Table size 1024, Policers 0
[    0.880535] cpsw-switch 4a100000.switch: cpts: overflow check period 500 (jiffies)
[    0.880556] cpsw-switch 4a100000.switch: CPTS: ref_clk_freq:250000000 calc_mult:2147483648 calc_shift:29 error:0 nsec/sec
[    0.880659] cpsw-switch 4a100000.switch: Detected MACID = 6c:ec:eb:68:de:78
[    0.882734] cpsw-switch 4a100000.switch: initialized (regs 0x4a100000, pool size 256) hw_ver:0019010C 1.12 (0)
[    0.902186] debugfs: '49000000.dma' already exists in 'dmaengine'
[    0.902228] edma 49000000.dma: TI EDMA DMA engine driver
[    0.948652] ti-sysc 44e31000.target-module: Failed to create device link (0x180) with supplier ocp for /ocp/interconnect@44c00000/segment@200000/target-module@31000/timer@0
[    0.948716] ti-sysc 48040000.target-module: Failed to create device link (0x180) with supplier ocp for /ocp/interconnect@48000000/segment@0/target-module@40000/timer@0
[    0.949693] gpio-clk clk_mcasp0: using DT '/clk_mcasp0' for 'enable' GPIO lookup
[    0.949759] of_get_named_gpiod_flags: parsed 'enable-gpios' property of node '/clk_mcasp0[0]' - status (0)
[    0.949803] gpio gpiochip0: Persistence not supported for GPIO 27
[    0.950538] gpiochip_find_base_unlocked: found new base at 608
[    0.950643] gpio gpiochip3: (gpio-96-127): created GPIO range 0->7 ==> 44e10800.pinmux PIN 82->89
[    0.950664] gpio gpiochip3: (gpio-96-127): created GPIO range 8->11 ==> 44e10800.pinmux PIN 52->55
[    0.950680] gpio gpiochip3: (gpio-96-127): created GPIO range 12->15 ==> 44e10800.pinmux PIN 94->97
[    0.950695] gpio gpiochip3: (gpio-96-127): created GPIO range 16->17 ==> 44e10800.pinmux PIN 71->72
[    0.950711] gpio gpiochip3: (gpio-96-127): created GPIO range 18->18 ==> 44e10800.pinmux PIN 135->135
[    0.950727] gpio gpiochip3: (gpio-96-127): created GPIO range 19->20 ==> 44e10800.pinmux PIN 108->109
[    0.950744] gpio gpiochip3: (gpio-96-127): created GPIO range 21->21 ==> 44e10800.pinmux PIN 73->73
[    0.950760] gpio gpiochip3: (gpio-96-127): created GPIO range 22->23 ==> 44e10800.pinmux PIN 8->9
[    0.950778] gpio gpiochip3: (gpio-96-127): created GPIO range 26->27 ==> 44e10800.pinmux PIN 10->11
[    0.950795] gpio gpiochip3: (gpio-96-127): created GPIO range 28->28 ==> 44e10800.pinmux PIN 74->74
[    0.950813] gpio gpiochip3: (gpio-96-127): created GPIO range 29->29 ==> 44e10800.pinmux PIN 81->81
[    0.950832] gpio gpiochip3: (gpio-96-127): created GPIO range 30->31 ==> 44e10800.pinmux PIN 28->29
[    0.963028] gpio gpiochip3: (gpio-96-127): added GPIO chardev (254:3)
[    0.963283] gpio gpiochip3: registered GPIOs 608 to 639 on gpio-96-127
[    0.965232] omap8250 44e09000.serial: using DT '/ocp/interconnect@44c00000/segment@200000/target-module@9000/serial@0' for 'rs485-term' GPIO lookup
[    0.965300] of_get_named_gpiod_flags: can't parse 'rs485-term-gpios' property of node '/ocp/interconnect@44c00000/segment@200000/target-module@9000/serial@0[0]'
[    0.965344] of_get_named_gpiod_flags: can't parse 'rs485-term-gpio' property of node '/ocp/interconnect@44c00000/segment@200000/target-module@9000/serial@0[0]'
[    0.965382] omap8250 44e09000.serial: using lookup tables for GPIO lookup
[    0.965392] omap8250 44e09000.serial: No GPIO consumer rs485-term found
[    0.965402] omap8250 44e09000.serial: using DT '/ocp/interconnect@44c00000/segment@200000/target-module@9000/serial@0' for 'rs485-rx-during-tx' GPIO lookup
[    0.965437] of_get_named_gpiod_flags: can't parse 'rs485-rx-during-tx-gpios' property of node '/ocp/interconnect@44c00000/segment@200000/target-module@9000/serial@0[0]'
[    0.965474] of_get_named_gpiod_flags: can't parse 'rs485-rx-during-tx-gpio' property of node '/ocp/interconnect@44c00000/segment@200000/target-module@9000/serial@0[0]'
[    0.965507] omap8250 44e09000.serial: using lookup tables for GPIO lookup
[    0.965515] omap8250 44e09000.serial: No GPIO consumer rs485-rx-during-tx found
[    0.965971] 44e09000.serial: ttyS0 at MMIO 0x44e09000 (irq = 34, base_baud = 3000000) is a 8250
[    0.966089] printk: legacy console [ttyS0] enabled
[    2.465390] i2c i2c-0: using DT '/ocp/interconnect@44c00000/segment@200000/target-module@b000/i2c@0' for 'scl' GPIO lookup
[    2.465479] of_get_named_gpiod_flags: can't parse 'scl-gpios' property of node '/ocp/interconnect@44c00000/segment@200000/target-module@b000/i2c@0[0]'
[    2.465524] of_get_named_gpiod_flags: can't parse 'scl-gpio' property of node '/ocp/interconnect@44c00000/segment@200000/target-module@b000/i2c@0[0]'
[    2.465564] i2c i2c-0: using lookup tables for GPIO lookup
[    2.465578] i2c i2c-0: No GPIO consumer scl found
[    2.465602] i2c i2c-0: using DT '/ocp/interconnect@44c00000/segment@200000/target-module@b000/i2c@0' for 'sda' GPIO lookup
[    2.465642] of_get_named_gpiod_flags: can't parse 'sda-gpios' property of node '/ocp/interconnect@44c00000/segment@200000/target-module@b000/i2c@0[0]'
[    2.465683] of_get_named_gpiod_flags: can't parse 'sda-gpio' property of node '/ocp/interconnect@44c00000/segment@200000/target-module@b000/i2c@0[0]'
[    2.465718] i2c i2c-0: using lookup tables for GPIO lookup
[    2.465730] i2c i2c-0: No GPIO consumer sda found
[    2.482365] tps65217-pmic: Failed to locate of_node [id: -1]
[    2.488424] tps65217-bl: Failed to locate of_node [id: -1]
[    2.495907] platform tps65217-charger: DMA mask not set
[    2.502951] platform tps65217-pwrbutton: DMA mask not set
[    2.510705] tps65217 0-0024: TPS65217 ID 0xe version 1.2
[    2.516801] /ocp/interconnect@48000000/segment@300000/target-module@e000/lcdc@0: Fixed dependency cycle(s) with /ocp/interconnect@44c00000/segment@200000/target-module@b000/i2c@0/tda19988@70
[    2.534236] /ocp/interconnect@44c00000/segment@200000/target-module@b000/i2c@0/tda19988@70: Fixed dependency cycle(s) with /ocp/interconnect@48000000/segment@300000/target-module@e000/lcdc@0
[    2.551611] omap_i2c 44e0b000.i2c: bus 0 rev0.11 at 400 kHz
[    2.559485] sdhci-omap 48060000.mmc: using DT '/ocp/interconnect@48000000/segment@0/target-module@60000/mmc@0' for 'cd' GPIO lookup
[    2.559599] of_get_named_gpiod_flags: parsed 'cd-gpios' property of node '/ocp/interconnect@48000000/segment@0/target-module@60000/mmc@0[0]' - status (0)
[    2.559664] gpio gpiochip3: Persistence not supported for GPIO 6
[    2.559691] omap_gpio 44e07000.gpio: Could not set line 6 debounce to 200000 microseconds (-22)
[    2.568587] sdhci-omap 48060000.mmc: Got CD GPIO
[    2.573269] sdhci-omap 48060000.mmc: using DT '/ocp/interconnect@48000000/segment@0/target-module@60000/mmc@0' for 'wp' GPIO lookup
[    2.573323] of_get_named_gpiod_flags: can't parse 'wp-gpios' property of node '/ocp/interconnect@48000000/segment@0/target-module@60000/mmc@0[0]'
[    2.573369] of_get_named_gpiod_flags: can't parse 'wp-gpio' property of node '/ocp/interconnect@48000000/segment@0/target-module@60000/mmc@0[0]'
[    2.573408] sdhci-omap 48060000.mmc: using lookup tables for GPIO lookup
[    2.573422] sdhci-omap 48060000.mmc: No GPIO consumer wp found
[    2.573632] sdhci-omap 48060000.mmc: supply pbias not found, using dummy regulator
[    2.582529] sdhci-omap 481d8000.mmc: using DT '/ocp/interconnect@48000000/segment@100000/target-module@d8000/mmc@0' for 'wp' GPIO lookup
[    2.582607] of_get_named_gpiod_flags: can't parse 'wp-gpios' property of node '/ocp/interconnect@48000000/segment@100000/target-module@d8000/mmc@0[0]'
[    2.582655] of_get_named_gpiod_flags: can't parse 'wp-gpio' property of node '/ocp/interconnect@48000000/segment@100000/target-module@d8000/mmc@0[0]'
[    2.582695] sdhci-omap 481d8000.mmc: using lookup tables for GPIO lookup
[    2.582708] sdhci-omap 481d8000.mmc: No GPIO consumer wp found
[    2.584062] sdhci-omap 48060000.mmc: supply vqmmc not found, using dummy regulator
[    2.593189] sdhci-omap 481d8000.mmc: supply pbias not found, using dummy regulator
[    2.601621] sdhci-omap 481d8000.mmc: supply vqmmc not found, using dummy regulator
[    2.668039] mmc1: SDHCI controller on 481d8000.mmc [481d8000.mmc] using External DMA
[    2.676473] mmc0: SDHCI controller on 48060000.mmc [48060000.mmc] using External DMA
[    2.685330] cpsw-switch 4a100000.switch: starting ndev. mode: dual_mac
[    2.751717] mmc1: new high speed MMC card at address 0001
[    2.758557] mmcblk1: mmc1:0001 MMC04G 3.60 GiB
[    2.766434]  mmcblk1: p1 p2
[    2.770177] SMSC LAN8710/LAN8720 4a101000.mdio:00: attached PHY driver (mii_bus:phy_addr=4a101000.mdio:00, irq=POLL)
[    2.782753] mmcblk1boot0: mmc1:0001 MMC04G 2.00 MiB
[    2.796610] mmcblk1boot1: mmc1:0001 MMC04G 2.00 MiB
[    2.805558] mmcblk1rpmb: mmc1:0001 MMC04G 128 KiB, chardev (249:0)
[    2.854934] mmc0: new high speed SDHC card at address aaaa
[    2.861887] mmcblk0: mmc0:aaaa SE32G 29.7 GiB
[    2.870916]  mmcblk0: p1 p2
[    5.922146] cpsw-switch 4a100000.switch eth0: Link is Up - 100Mbps/Full - flow control off
[    5.951399] IP-Config: Complete:
[    5.954674]      device=eth0, hwaddr=6c:ec:eb:68:de:78, ipaddr=192.168.255.1, mask=255.255.255.0, gw=255.255.255.255
[    5.965313]      host=bbb1, domain=, nis-domain=(none)
[    5.970479]      bootserver=192.168.255.126, rootserver=192.168.255.126, rootpath=
[    5.970885] clk: Disabling unused clocks
[    5.982737] PM: genpd: Disabling unused power domains
[    5.987902] KTAP version 1
[    5.990628] 1..0
[    5.993465] check access for rdinit=/init failed: -2, ignoring
[    6.024258] VFS: Mounted root (nfs filesystem) on device 0:17.
[    6.031044] devtmpfs: mounted
[    6.035774] Freeing unused kernel image (initmem) memory: 1024K
[    6.042651] Run /sbin/init as init process
[    6.046779]   with arguments:
[    6.046792]     /sbin/init
[    6.046801]     nfsrootdebug
[    6.046811]   with environment:
[    6.046819]     HOME=/
[    6.046828]     TERM=linux
[    6.765256] systemd[1]: System time before build time, advancing clock.
[    8.311406] random: crng init done
[    8.344129] systemd[1]: systemd 232 running in system mode. (+PAM +AUDIT +SELINUX +IMA +APPARMOR +SMACK +SYSVINIT +UTMP +LIBCRYPTSETUP +GCRYPT +GNUTLS +ACL +XZ +LZ4 +SECCOMP +BLKID +ELFUTILS +KMOD +IDN)
[    8.363278] systemd[1]: Detected architecture arm.
[    8.394860] systemd[1]: Set hostname to <arm>.
[    9.505121] systemd[1]: syslog.socket: SO_PASSSEC failed: Operation not supported
[    9.513174] systemd[1]: Listening on Syslog Socket.
[    9.531821] systemd[1]: Reached target Remote File Systems.
[    9.562035] systemd[1]: Listening on udev Kernel Socket.
[    9.592298] systemd[1]: Started Dispatch Password Requests to Console Directory Watch.
[    9.622804] systemd[1]: Created slice User and Session Slice.
[    9.652051] systemd[1]: systemd-journald.socket: SO_PASSSEC failed: Operation not supported
[   11.806049] systemd-journald[101]: Received request to flush runtime journal from PID 1
[   12.657191] omap_prm 44e00d00.prm: sync_state() pending due to 44d00000.cpu
[   14.694755] leds-gpio leds: using DT '/leds/led2' for '(default)' GPIO lookup
[   14.694860] of_get_named_gpiod_flags: parsed 'gpios' property of node '/leds/led2[0]' - status (0)
[   14.694918] gpio gpiochip0: Persistence not supported for GPIO 21
[   14.694933] gpio-533 (?): no flags found for GPIO (default)
[   14.747322] leds-gpio leds: using DT '/leds/led3' for '(default)' GPIO lookup
[   14.747418] of_get_named_gpiod_flags: parsed 'gpios' property of node '/leds/led3[0]' - status (0)
[   14.747474] gpio gpiochip0: Persistence not supported for GPIO 22
[   14.747489] gpio-534 (?): no flags found for GPIO (default)
[   14.752104] leds-gpio leds: using DT '/leds/led4' for '(default)' GPIO lookup
[   14.752202] of_get_named_gpiod_flags: parsed 'gpios' property of node '/leds/led4[0]' - status (0)
[   14.752254] gpio gpiochip0: Persistence not supported for GPIO 23
[   14.752270] gpio-535 (?): no flags found for GPIO (default)
[   14.761939] leds-gpio leds: using DT '/leds/led5' for '(default)' GPIO lookup
[   14.762035] of_get_named_gpiod_flags: parsed 'gpios' property of node '/leds/led5[0]' - status (0)
[   14.762088] gpio gpiochip0: Persistence not supported for GPIO 24
[   14.762103] gpio-536 (?): no flags found for GPIO (default)
[   15.135507] remoteproc remoteproc0: wkup_m3 is available
[   15.482465] omap_rtc 44e3e000.rtc: registered as rtc0
[   15.487662] omap_rtc 44e3e000.rtc: setting system clock to 2000-01-01T00:00:00 UTC (946684800)
[   15.496474] omap_rtc 44e3e000.rtc: using DT '/ocp/interconnect@44c00000/segment@200000/target-module@3e000/rtc@0' for 'wp' GPIO lookup
[   15.496549] of_get_named_gpiod_flags: can't parse 'wp-gpios' property of node '/ocp/interconnect@44c00000/segment@200000/target-module@3e000/rtc@0[0]'
[   15.496599] of_get_named_gpiod_flags: can't parse 'wp-gpio' property of node '/ocp/interconnect@44c00000/segment@200000/target-module@3e000/rtc@0[0]'
[   15.496641] omap_rtc 44e3e000.rtc: using lookup tables for GPIO lookup
[   15.496656] omap_rtc 44e3e000.rtc: No GPIO consumer wp found
[   15.671848] omap_wdt: OMAP Watchdog Timer Rev 0x01: initial timeout 60 sec
[   15.793994] at24 2-0054: supply vcc not found, using dummy regulator
[   15.863968] input: tps65217_pwrbutton as /devices/platform/ocp/44c00000.interconnect/44c00000.interconnect:segment@200000/44e0b000.target-module/44e0b000.i2c/i2c-0/0-0024/tps65217-pwrbutton/input/input0
[   16.002429] at24 2-0055: supply vcc not found, using dummy regulator
[   16.083695] at24 2-0056: supply vcc not found, using dummy regulator
[   16.225876] at24 2-0057: supply vcc not found, using dummy regulator
[   16.325498] at24 0-0050: using DT '/ocp/interconnect@44c00000/segment@200000/target-module@b000/i2c@0/eeprom@50' for 'wp' GPIO lookup
[   16.325618] of_get_named_gpiod_flags: can't parse 'wp-gpios' property of node '/ocp/interconnect@44c00000/segment@200000/target-module@b000/i2c@0/eeprom@50[0]'
[   16.325676] of_get_named_gpiod_flags: can't parse 'wp-gpio' property of node '/ocp/interconnect@44c00000/segment@200000/target-module@b000/i2c@0/eeprom@50[0]'
[   16.325723] at24 0-0050: using lookup tables for GPIO lookup
[   16.325737] at24 0-0050: No GPIO consumer wp found
[   16.326086] at24 0-0050: 4096 byte 24c32 EEPROM, writable, 1 bytes/write
[   17.271974] am335x-phy-driver 47401300.usb-phy: using DT '/ocp/target-module@47400000/usb-phy@1300' for 'reset' GPIO lookup
[   17.272071] of_get_named_gpiod_flags: can't parse 'reset-gpios' property of node '/ocp/target-module@47400000/usb-phy@1300[0]'
[   17.272118] of_get_named_gpiod_flags: can't parse 'reset-gpio' property of node '/ocp/target-module@47400000/usb-phy@1300[0]'
[   17.272156] am335x-phy-driver 47401300.usb-phy: using lookup tables for GPIO lookup
[   17.272171] am335x-phy-driver 47401300.usb-phy: No GPIO consumer reset found
[   17.272185] am335x-phy-driver 47401300.usb-phy: using DT '/ocp/target-module@47400000/usb-phy@1300' for 'vbus-detect' GPIO lookup
[   17.272215] of_get_named_gpiod_flags: can't parse 'vbus-detect-gpios' property of node '/ocp/target-module@47400000/usb-phy@1300[0]'
[   17.272246] of_get_named_gpiod_flags: can't parse 'vbus-detect-gpio' property of node '/ocp/target-module@47400000/usb-phy@1300[0]'
[   17.272272] am335x-phy-driver 47401300.usb-phy: using lookup tables for GPIO lookup
[   17.272285] am335x-phy-driver 47401300.usb-phy: No GPIO consumer vbus-detect found
[   17.272435] am335x-phy-driver 47401300.usb-phy: dummy supplies not allowed for exclusive requests (id=vbus)
[   17.423139] am335x-phy-driver 47401b00.usb-phy: using DT '/ocp/target-module@47400000/usb-phy@1b00' for 'reset' GPIO lookup
[   17.423232] of_get_named_gpiod_flags: can't parse 'reset-gpios' property of node '/ocp/target-module@47400000/usb-phy@1b00[0]'
[   17.423275] of_get_named_gpiod_flags: can't parse 'reset-gpio' property of node '/ocp/target-module@47400000/usb-phy@1b00[0]'
[   17.423314] am335x-phy-driver 47401b00.usb-phy: using lookup tables for GPIO lookup
[   17.423329] am335x-phy-driver 47401b00.usb-phy: No GPIO consumer reset found
[   17.423343] am335x-phy-driver 47401b00.usb-phy: using DT '/ocp/target-module@47400000/usb-phy@1b00' for 'vbus-detect' GPIO lookup
[   17.423374] of_get_named_gpiod_flags: can't parse 'vbus-detect-gpios' property of node '/ocp/target-module@47400000/usb-phy@1b00[0]'
[   17.423407] of_get_named_gpiod_flags: can't parse 'vbus-detect-gpio' property of node '/ocp/target-module@47400000/usb-phy@1b00[0]'
[   17.423434] am335x-phy-driver 47401b00.usb-phy: using lookup tables for GPIO lookup
[   17.423448] am335x-phy-driver 47401b00.usb-phy: No GPIO consumer vbus-detect found
[   17.423598] am335x-phy-driver 47401b00.usb-phy: dummy supplies not allowed for exclusive requests (id=vbus)
[   17.978481] usbcore: registered new interface driver usbfs
[   17.984360] usbcore: registered new interface driver hub
[   17.989812] usbcore: registered new device driver usb
[   18.774625] omap-mailbox 480c8000.mailbox: omap mailbox rev 0x400
[   18.850500] remoteproc remoteproc0: powering up wkup_m3
[   18.962833] remoteproc remoteproc0: Direct firmware load for am335x-pm-firmware.elf failed with error -2
[   18.972601] remoteproc remoteproc0: request_firmware failed: -2
[   18.978565] wkup_m3_ipc 44e11324.wkup_m3_ipc: rproc_boot failed
[   19.097200] musb-hdrc musb-hdrc.1: MUSB HDRC host driver
[   19.102826] musb-hdrc musb-hdrc.1: new USB bus registered, assigned bus number 1
[   19.183515] usb usb1: New USB device found, idVendor=1d6b, idProduct=0002, bcdDevice= 6.18
[   19.191970] usb usb1: New USB device strings: Mfr=3, Product=2, SerialNumber=1
[   19.199238] usb usb1: Product: MUSB HDRC host driver
[   19.204289] usb usb1: Manufacturer: Linux 6.18.0-rc7-next-20251125 musb-hcd
[   19.211290] usb usb1: SerialNumber: musb-hdrc.1
[   19.217993] tda998x 0-0070: found TDA19988
[   19.583767] hub 1-0:1.0: USB hub found
[   19.688808] hub 1-0:1.0: 1 port detected
[   21.782308] tilcdc 4830e000.lcdc: bound 0-0070 (ops tda998x_driver_exit [tda998x])
[   21.851667] omap_rng 48310000.rng: Random Number Generator ver. 20
[   21.974465] [drm] Initialized tilcdc 1.0.0 for 4830e000.lcdc on minor 0
[   22.058498] tilcdc 4830e000.lcdc: [drm] Cannot find any crtc or sizes
[   22.084865] tilcdc 4830e000.lcdc: [drm] Cannot find any crtc or sizes
[   23.834638] PM: Cannot get wkup_m3_ipc handle
[   24.101662] omap-sham 53100000.sham: hw accel on OMAP rev 4.3
[   24.257303] omap-sham 53100000.sham: will run requests pump with realtime priority
[   24.267024] PM: Cannot get wkup_m3_ipc handle
[   24.285774] omap-aes 53500000.aes: OMAP AES hw accel rev: 3.2
[   24.361744] ------------[ cut here ]------------
[   24.366439] WARNING: net/8021q/vlan_core.c:236 at vlan_for_each+0x114/0x134, CPU#0: avahi-daemon/320
[   24.375743] RTNL: assertion failed at net/8021q/vlan_core.c (236)
[   24.381900] Modules linked in: ecdh_generic omap_aes_driver(+) omap_sham omap_crypto ecc pm33xx crypto_engine libaes ti_emif_sram omap_rng tilcdc rng_core drm_dma_helper drm_client_lib snd_soc_davinci_mcasp snd_soc_ti_udma snd_soc_ti_edma snd_soc_ti_sdma snd_soc_core snd_pcm_dmaengine snd_pcm snd_timer musb_dsps snd tda998x musb_hdrc omap_mailbox cec soundcore udc_core drm_kms_helper usbcore phy_am335x drm phy_generic usb_common wkup_m3_ipc phy_am335x_control drm_panel_orientation_quirks tps65218_pwrbutton at24 omap_wdt watchdog rtc_omap cppi41 wkup_m3_rproc leds_gpio led_class cpufreq_dt autofs4
[   24.435302] CPU: 0 UID: 107 PID: 320 Comm: avahi-daemon Not tainted 6.18.0-rc7-next-20251125 #1 NONE 
[   24.435320] Hardware name: Generic AM33XX (Flattened Device Tree)
[   24.435328] Call trace: 
[   24.435345]  unwind_backtrace from show_stack+0x10/0x14
[   24.435382]  show_stack from dump_stack_lvl+0x50/0x64
[   24.435407]  dump_stack_lvl from __warn+0x88/0x148
[   24.435424]  __warn from warn_slowpath_fmt+0x19c/0x1b0
[   24.435437]  warn_slowpath_fmt from vlan_for_each+0x114/0x134
[   24.435454]  vlan_for_each from cpsw_add_mc_addr+0x40/0xa4
[   24.435488]  cpsw_add_mc_addr from __hw_addr_ref_sync_dev+0x108/0x140
[   24.435516]  __hw_addr_ref_sync_dev from __dev_mc_add+0x7c/0x80
[   24.435534]  __dev_mc_add from igmp6_group_added+0xc8/0xe0
[   24.435555]  igmp6_group_added from __ipv6_dev_mc_inc+0x218/0x364
[   24.435570]  __ipv6_dev_mc_inc from __ipv6_sock_mc_join+0x11c/0x1c0
[   24.435584]  __ipv6_sock_mc_join from do_ipv6_setsockopt+0x1214/0x1310
[   24.435609]  do_ipv6_setsockopt from ipv6_setsockopt+0x60/0xcc
[   24.435627]  ipv6_setsockopt from udpv6_setsockopt+0x2c/0x6c
[   24.435647]  udpv6_setsockopt from sock_common_setsockopt+0x30/0x40
[   24.435674]  sock_common_setsockopt from do_sock_setsockopt+0x50/0x9c
[   24.435692]  do_sock_setsockopt from __sys_setsockopt+0x70/0xbc
[   24.435707]  __sys_setsockopt from ret_fast_syscall+0x0/0x58
[   24.435722] Exception stack(0xe0365fa8 to 0xe0365ff0)
[   24.435736] 5fa0:                   00000014 b6f37ce8 0000000d 00000029 00000014 beac89ec
[   24.435748] 5fc0: 00000014 b6f37ce8 00000014 00000126 0000000d b6ee0ff4 0044e988 00436558
[   24.435756] 5fe0: b6ef6088 beac89d8 b6ed3309 b6daa41a
[   24.435764] ---[ end trace 0000000000000000 ]---
[   24.614063] omap-aes 53500000.aes: will run requests pump with realtime priority
[   24.643540] PM: Cannot get wkup_m3_ipc handle
[   26.100033] Bluetooth: Core ver 2.22
[   26.104033] NET: Registered PF_BLUETOOTH protocol family
[   26.109385] Bluetooth: HCI device and connection manager initialized
[   26.115901] Bluetooth: HCI socket layer initialized
[   26.120818] Bluetooth: L2CAP socket layer initialized
[   26.125976] Bluetooth: SCO socket layer initialized
[   28.643926] tda998x 0-0070: using DT '/ocp/interconnect@44c00000/segment@200000/target-module@b000/i2c@0/tda19988@70' for 'nxp,calib' GPIO lookup
[   28.644074] of_get_named_gpiod_flags: parsed 'nxp,calib-gpios' property of node '/ocp/interconnect@44c00000/segment@200000/target-module@b000/i2c@0/tda19988@70[0]' - status (0)
[   28.644158] gpio gpiochip0: Persistence not supported for GPIO 25
[   28.644175] gpio-537 (nxp,calib): no flags found for GPIO nxp,calib
[   28.674232] gpio-537 (nxp,calib): gpiod_direction_output_nonotify: tried to set a GPIO tied to an IRQ as output
[   28.702654] PM: Cannot get wkup_m3_ipc handle
[   28.708400] asoc-simple-card sound: using DT '/sound' for 'simple-audio-card,hp-det' GPIO lookup
[   28.708473] of_get_named_gpiod_flags: can't parse 'simple-audio-card,hp-det-gpios' property of node '/sound[0]'
[   28.708507] of_get_named_gpiod_flags: can't parse 'simple-audio-card,hp-det-gpio' property of node '/sound[0]'
[   28.708532] asoc-simple-card sound: using lookup tables for GPIO lookup
[   28.708547] asoc-simple-card sound: No GPIO consumer simple-audio-card,hp-det found
[   28.708562] asoc-simple-card sound: using DT '/sound' for 'simple-audio-card,mic-det' GPIO lookup
[   28.708587] of_get_named_gpiod_flags: can't parse 'simple-audio-card,mic-det-gpios' property of node '/sound[0]'
[   28.708613] of_get_named_gpiod_flags: can't parse 'simple-audio-card,mic-det-gpio' property of node '/sound[0]'
[   28.708632] asoc-simple-card sound: using lookup tables for GPIO lookup
[   28.708644] asoc-simple-card sound: No GPIO consumer simple-audio-card,mic-det found
[   28.812605] PM: Cannot get wkup_m3_ipc handle
[   28.939971] tda9950 0-0034: TDA9950 CEC interface, hardware version 3.3
[   29.082320] PM: Cannot get wkup_m3_ipc handle
[   31.168173] userial_init: registered 8 ttyGS* devices
[   31.392649] rndis_register: configNr = 0
[   31.460668] udc musb-hdrc.0: binding gadget driver [g_multi]
[   31.460765] configfs-gadget.g_multi gadget.0: adding 'rndis'/568c2e4b to config 'c'/39e13f5b
[   31.462155] configfs-gadget.g_multi gadget.0: HOST MAC 1c:ba:8c:a2:ed:6c
[   31.468932] configfs-gadget.g_multi gadget.0: MAC 1c:ba:8c:a2:ed:70
[   31.475367] rndis_set_param_medium: 0 0
[   31.475392] configfs-gadget.g_multi gadget.0: RNDIS: IN/ep1in OUT/ep1out NOTIFY/ep2in
[   31.475411] configfs-gadget.g_multi gadget.0: adding 'cdc_ethernet'/0a01ba66 to config 'c'/39e13f5b
[   31.476336] configfs-gadget.g_multi gadget.0: HOST MAC 1c:ba:8c:a2:ed:6c
[   31.483181] configfs-gadget.g_multi gadget.0: MAC 1c:ba:8c:a2:ed:6d
[   31.489518] configfs-gadget.g_multi gadget.0: CDC Ethernet: IN/ep3in OUT/ep2out NOTIFY/ep4in
[   31.489536] configfs-gadget.g_multi gadget.0: adding 'acm'/c8055ea7 to config 'c'/39e13f5b
[   31.489574] configfs-gadget.g_multi gadget.0: acm ttyGS0: IN/ep5in OUT/ep3out NOTIFY/ep6in
[   31.502012] PM: Cannot get wkup_m3_ipc handle
[   33.071820] configfs-gadget.g_multi gadget.0: eth_open
[   37.413556] gs_open: ttyGS0 (710b9f71,cd747c04)
[   37.413713] gs_close: ttyGS0 (710b9f71,cd747c04) ...
[   37.413737] gs_close: ttyGS0 (710b9f71,cd747c04) done!
[   37.416421] gs_open: ttyGS0 (924bcdcd,4bdd4d6f)
[   37.416532] gs_close: ttyGS0 (924bcdcd,4bdd4d6f) ...
[   37.416551] gs_close: ttyGS0 (924bcdcd,4bdd4d6f) done!
[   37.576395] gs_open: ttyGS0 (924bcdcd,90f142be)
[   37.576631] gs_close: ttyGS0 (924bcdcd,90f142be) ...
[   37.576659] gs_close: ttyGS0 (924bcdcd,90f142be) done!
[   37.579482] gs_open: ttyGS0 (924bcdcd,90f142be)
GCNFFGHKCC 0
root@arm:~# echo 'WPTF''OJYOXQ'
WPTFOJYOXQ
root@arm:~# MARKER='XJTU''FVVEZQ' run 'modprobe test_linear_ranges'
XJTUFVVEZQXJTUFVVEZQ 0
root@arm:~# echo 'JGOW''ABTUNO'
JGOWABTUNO
root@arm:~# MARKER='MUKH''NVAQJB' run dmesg
MUKHNVAQJB[    0.000000] Booting Linux on physical CPU 0x0
[    0.000000] Linux version 6.18.0-rc7-next-20251125 (user01@drvtest01) (arm-none-eabi-gcc (Arm GNU Toolchain 14.2.Rel1 (Build arm-14.52)) 14.2.1 20241119, GNU ld (Arm GNU Toolchain 14.2.Rel1 (Build arm-14.52)) 2.43.1.20241119) #1 SMP Tue Nov 25 11:46:32 EET 2025
[    0.000000] CPU: ARMv7 Processor [413fc082] revision 2 (ARMv7), cr=10c5387d
[    0.000000] CPU: PIPT / VIPT nonaliasing data cache, VIPT aliasing instruction cache
[    0.000000] OF: fdt: Machine model: TI AM335x BeagleBone Black
[    0.000000] Memory policy: Data cache writeback
[    0.000000] cma: Reserved 16 MiB at 0x9e800000
[    0.000000] Zone ranges:
[    0.000000]   Normal   [mem 0x0000000080000000-0x000000009fdfffff]
[    0.000000]   HighMem  empty
[    0.000000] Movable zone start for each node
[    0.000000] Early memory node ranges
[    0.000000]   node   0: [mem 0x0000000080000000-0x000000009fdfffff]
[    0.000000] Initmem setup node 0 [mem 0x0000000080000000-0x000000009fdfffff]
[    0.000000] On node 0, zone Normal: 512 pages in unavailable ranges
[    0.000000] OF: reserved mem: Reserved memory: No reserved-memory node in the DT
[    0.000000] CPU: All CPU(s) started in SVC mode.
[    0.000000] AM335X ES2.1 (sgx neon)
[    0.000000] percpu: Embedded 17 pages/cpu s40204 r8192 d21236 u69632
[    0.000000] pcpu-alloc: s40204 r8192 d21236 u69632 alloc=17*4096
[    0.000000] pcpu-alloc: [0] 0 
[    0.000000] Kernel command line: console=ttyO0,115200n8 root=/dev/nfs rw nfsroot=192.168.255.126:/home/user01/nfs,nfsvers=3 ip=192.168.255.1:192.168.255.126::255.255.255.0:bbb1:eth0 nfsrootdebug
[    0.000000] Unknown kernel command line parameters "nfsrootdebug", will be passed to user space.
[    0.000000] printk: log buffer data + meta data: 65536 + 204800 = 270336 bytes
[    0.000000] Dentry cache hash table entries: 65536 (order: 6, 262144 bytes, linear)
[    0.000000] Inode-cache hash table entries: 32768 (order: 5, 131072 bytes, linear)
[    0.000000] Built 1 zonelists, mobility grouping on.  Total pages: 130560
[    0.000000] mem auto-init: stack:off, heap alloc:off, heap free:off
[    0.000000] SLUB: HWalign=16, Order=0-3, MinObjects=0, CPUs=1, Nodes=1
[    0.000000] rcu: Hierarchical RCU implementation.
[    0.000000] rcu: 	RCU event tracing is enabled.
[    0.000000] rcu: 	RCU restricting CPUs from NR_CPUS=2 to nr_cpu_ids=1.
[    0.000000] 	Tracing variant of Tasks RCU enabled.
[    0.000000] rcu: RCU calculated value of scheduler-enlistment delay is 10 jiffies.
[    0.000000] rcu: Adjusting geometry for rcu_fanout_leaf=16, nr_cpu_ids=1
[    0.000000] RCU Tasks Trace: Setting shift to 0 and lim to 1 rcu_task_cb_adjust=1 rcu_task_cpu_ids=1.
[    0.000000] NR_IRQS: 16, nr_irqs: 16, preallocated irqs: 16
[    0.000000] IRQ: Found an INTC at 0x(ptrval) (revision 5.0) with 128 interrupts
[    0.000000] rcu: srcu_init: Setting srcu_struct sizes based on contention.
[    0.000000] TI gptimer clocksource: always-on /ocp/interconnect@44c00000/segment@200000/target-module@31000
[    0.000003] sched_clock: 32 bits at 24MHz, resolution 41ns, wraps every 89478484971ns
[    0.000025] clocksource: dmtimer: mask: 0xffffffff max_cycles: 0xffffffff, max_idle_ns: 79635851949 ns
[    0.000558] TI gptimer clockevent: 24000000 Hz at /ocp/interconnect@48000000/segment@0/target-module@40000
[    0.002135] Console: colour dummy device 80x30
[    0.002201] WARNING: Your 'console=ttyO0' has been replaced by 'ttyS0'
[    0.002208] This ensures that you still see kernel messages. Please
[    0.002213] update your kernel commandline.
[    0.002254] Calibrating delay loop... 996.14 BogoMIPS (lpj=4980736)
[    0.090674] CPU: Testing write buffer coherency: ok
[    0.090757] CPU0: Spectre v2: using BPIALL workaround
[    0.090766] pid_max: default: 32768 minimum: 301
[    0.091080] Mount-cache hash table entries: 1024 (order: 0, 4096 bytes, linear)
[    0.091100] Mountpoint-cache hash table entries: 1024 (order: 0, 4096 bytes, linear)
[    0.092685] CPU0: thread -1, cpu 0, socket -1, mpidr 0
[    0.092741] cacheinfo: Unable to detect cache hierarchy for CPU 0
[    0.094736] Setting up static identity map for 0x80100000 - 0x80100078
[    0.095045] rcu: Hierarchical SRCU implementation.
[    0.095054] rcu: 	Max phase no-delay instances is 1000.
[    0.096791] smp: Bringing up secondary CPUs ...
[    0.096843] smp: Brought up 1 node, 1 CPU
[    0.096854] SMP: Total of 1 processors activated (996.14 BogoMIPS).
[    0.096866] CPU: All CPU(s) started in SVC mode.
[    0.097104] Memory: 479964K/522240K available (12288K kernel code, 1231K rwdata, 2956K rodata, 1024K init, 255K bss, 24364K reserved, 16384K cma-reserved, 0K highmem)
[    0.097970] devtmpfs: initialized
[    0.115570] VFP support v0.3: implementor 41 architecture 3 part 30 variant c rev 3
[    0.116256] clocksource: jiffies: mask: 0xffffffff max_cycles: 0xffffffff, max_idle_ns: 19112604462750000 ns
[    0.116308] posixtimers hash table entries: 512 (order: 0, 4096 bytes, linear)
[    0.116334] futex hash table entries: 256 (16384 bytes on 1 NUMA nodes, total 16 KiB, linear).
[    0.119510] NET: Registered PF_NETLINK/PF_ROUTE protocol family
[    0.122650] DMA: preallocated 256 KiB pool for atomic coherent allocations
[    0.123627] audit: initializing netlink subsys (disabled)
[    0.124993] thermal_sys: Registered thermal governor 'fair_share'
[    0.125010] thermal_sys: Registered thermal governor 'step_wise'
[    0.125018] thermal_sys: Registered thermal governor 'user_space'
[    0.125127] audit: type=2000 audit(0.120:1): state=initialized audit_enabled=0 res=1
[    0.125199] cpuidle: using governor menu
[    0.143120] /ocp/interconnect@44c00000/segment@200000/target-module@b000/i2c@0/tda19988@70: Fixed dependency cycle(s) with /ocp/interconnect@48000000/segment@300000/target-module@e000/lcdc@0
[    0.144206] /ocp/interconnect@48000000/segment@300000/target-module@e000/lcdc@0: Fixed dependency cycle(s) with /ocp/interconnect@44c00000/segment@200000/target-module@b000/i2c@0/tda19988@70
[    0.146369] No ATAGs?
[    0.146408] hw-breakpoint: debug architecture 0x4 unsupported.
[    0.149111] kprobes: kprobe jump-optimization is enabled. All kprobes are optimized if possible.
[    0.163749] iommu: Default domain type: Translated
[    0.163772] iommu: DMA domain TLB invalidation policy: strict mode
[    0.165357] reg-fixed-voltage fixedregulator0: using DT '/fixedregulator0' for '(default)' GPIO lookup
[    0.165412] of_get_named_gpiod_flags: can't parse 'gpios' property of node '/fixedregulator0[0]'
[    0.165439] of_get_named_gpiod_flags: can't parse 'gpio' property of node '/fixedregulator0[0]'
[    0.165458] reg-fixed-voltage fixedregulator0: using lookup tables for GPIO lookup
[    0.165468] reg-fixed-voltage fixedregulator0: No GPIO consumer (default) found
[    0.166558] SCSI subsystem initialized
[    0.167016] libata version 3.00 loaded.
[    0.167401] pps_core: LinuxPPS API ver. 1 registered
[    0.167410] pps_core: Software ver. 5.3.6 - Copyright 2005-2007 Rodolfo Giometti <giometti@linux.it>
[    0.167433] PTP clock support registered
[    0.180995] vgaarb: loaded
[    0.181416] clocksource: Switched to clocksource dmtimer
[    0.182027] VFS: Disk quotas dquot_6.6.0
[    0.182084] VFS: Dquot-cache hash table entries: 1024 (order 0, 4096 bytes)
[    0.205214] NET: Registered PF_INET protocol family
[    0.205544] IP idents hash table entries: 8192 (order: 4, 65536 bytes, linear)
[    0.206971] tcp_listen_portaddr_hash hash table entries: 512 (order: 0, 4096 bytes, linear)
[    0.207007] Table-perturb hash table entries: 65536 (order: 6, 262144 bytes, linear)
[    0.207025] TCP established hash table entries: 4096 (order: 2, 16384 bytes, linear)
[    0.207072] TCP bind hash table entries: 4096 (order: 4, 65536 bytes, linear)
[    0.207173] TCP: Hash tables configured (established 4096 bind 4096)
[    0.207298] UDP hash table entries: 256 (order: 2, 14336 bytes, linear)
[    0.207330] UDP-Lite hash table entries: 256 (order: 2, 14336 bytes, linear)
[    0.207543] NET: Registered PF_UNIX/PF_LOCAL protocol family
[    0.208806] RPC: Registered named UNIX socket transport module.
[    0.208824] RPC: Registered udp transport module.
[    0.208829] RPC: Registered tcp transport module.
[    0.208833] RPC: Registered tcp-with-tls transport module.
[    0.208838] RPC: Registered tcp NFSv4.1 backchannel transport module.
[    0.208863] PCI: CLS 0 bytes, default 64
[    0.210315] Initialise system trusted keyrings
[    0.222083] workingset: timestamp_bits=14 max_order=17 bucket_order=3
[    0.223568] NFS: Registering the id_resolver key type
[    0.223659] Key type id_resolver registered
[    0.223666] Key type id_legacy registered
[    0.223774] jffs2: version 2.2. (NAND) (SUMMARY)  Â© 2001-2006 Red Hat, Inc.
[    0.224321] Key type asymmetric registered
[    0.224337] Asymmetric key parser 'x509' registered
[    0.224410] io scheduler mq-deadline registered
[    0.224420] io scheduler kyber registered
[    0.224507] io scheduler bfq registered
[    0.226310] target-module@4b000000:target-module@140000:pmu@0:fck: device ID is greater than 24
[    0.227471] ledtrig-cpu: registered to indicate activity on CPUs
[    0.242156] Serial: 8250/16550 driver, 6 ports, IRQ sharing enabled
[    0.296682] brd: module loaded
[    0.305323] loop: module loaded
[    0.306253] mtdoops: mtd device (mtddev=name/number) must be supplied
[    0.314710] mdio_bus fixed-0: using lookup tables for GPIO lookup
[    0.314735] mdio_bus fixed-0: No GPIO consumer reset found
[    0.316181] i2c_dev: i2c /dev entries driver
[    0.317199] cpuidle: enable-method property 'ti,am3352' found operations
[    0.317663] sdhci: Secure Digital Host Controller Interface driver
[    0.317671] sdhci: Copyright(c) Pierre Ossman
[    0.317856] sdhci-pltfm: SDHCI platform and OF driver helper
[    0.319382] hw perfevents: enabled with armv7_cortex_a8 PMU driver, 5 (8000000f) counters available
[    0.319918] Initializing XFRM netlink socket
[    0.320082] NET: Registered PF_INET6 protocol family
[    0.335840] Segment Routing with IPv6
[    0.335926] In-situ OAM (IOAM) with IPv6
[    0.336032] sit: IPv6, IPv4 and MPLS over IPv4 tunneling driver
[    0.337044] NET: Registered PF_PACKET protocol family
[    0.337064] PFKEY is deprecated and scheduled to be removed in 2027, please contact the netdev mailing list
[    0.337080] NET: Registered PF_KEY protocol family
[    0.337213] Key type dns_resolver registered
[    0.337456] ThumbEE CPU extension supported.
[    0.337476] Registering SWP/SWPB emulation handler
[    0.337996] omap_voltage_late_init: Voltage driver support not added
[    0.338655] SmartReflex Class3 initialized
[    0.364094] Loading compiled-in X.509 certificates
[    0.394405] /ocp/interconnect@44c00000/segment@200000/target-module@b000/i2c@0/tda19988@70: Fixed dependency cycle(s) with /ocp/interconnect@48000000/segment@300000/target-module@e000/lcdc@0
[    0.400765] /ocp/interconnect@44c00000/segment@200000/target-module@b000/i2c@0/tda19988@70: Fixed dependency cycle(s) with /ocp/interconnect@48000000/segment@300000/target-module@e000/lcdc@0
[    0.406490] gpiochip_find_base_unlocked: found new base at 512
[    0.442043] /ocp/interconnect@44c00000/segment@200000/target-module@b000/i2c@0/tda19988@70: Fixed dependency cycle(s) with /ocp/interconnect@48000000/segment@300000/target-module@e000/lcdc@0
[    0.442996] /ocp/interconnect@44c00000/segment@200000/target-module@b000/i2c@0/tda19988@70: Fixed dependency cycle(s) with /ocp/interconnect@48000000/segment@300000/target-module@e000/lcdc@0
[    0.446531] /ocp/interconnect@44c00000/segment@200000/target-module@10000/scm@0/pinmux@800: Fixed dependency cycle(s) with /ocp/interconnect@44c00000/segment@200000/target-module@10000/scm@0/pinmux@800/clkout2-pins
[    0.447139] pinctrl-single 44e10800.pinmux: 142 pins, size 568
[    0.480800] /ocp/interconnect@48000000/segment@300000/target-module@e000/lcdc@0: Fixed dependency cycle(s) with /ocp/interconnect@44c00000/segment@200000/target-module@b000/i2c@0/tda19988@70
[    0.500741] gpiochip_find_base_unlocked: found new base at 512
[    0.500842] gpio gpiochip0: (gpio-0-31): created GPIO range 0->7 ==> 44e10800.pinmux PIN 0->7
[    0.500862] gpio gpiochip0: (gpio-0-31): created GPIO range 8->11 ==> 44e10800.pinmux PIN 90->93
[    0.500878] gpio gpiochip0: (gpio-0-31): created GPIO range 12->27 ==> 44e10800.pinmux PIN 12->27
[    0.500894] gpio gpiochip0: (gpio-0-31): created GPIO range 28->31 ==> 44e10800.pinmux PIN 30->33
[    0.548358] gpio gpiochip0: (gpio-0-31): added GPIO chardev (254:0)
[    0.548610] gpio gpiochip0: registered GPIOs 512 to 543 on gpio-0-31
[    0.548697] OMAP GPIO hardware version 0.1
[    0.590686] i2c i2c-2: using DT '/ocp/interconnect@48000000/segment@100000/target-module@9c000/i2c@0' for 'scl' GPIO lookup
[    0.590759] of_get_named_gpiod_flags: can't parse 'scl-gpios' property of node '/ocp/interconnect@48000000/segment@100000/target-module@9c000/i2c@0[0]'
[    0.590800] of_get_named_gpiod_flags: can't parse 'scl-gpio' property of node '/ocp/interconnect@48000000/segment@100000/target-module@9c000/i2c@0[0]'
[    0.590836] i2c i2c-2: using lookup tables for GPIO lookup
[    0.590846] i2c i2c-2: No GPIO consumer scl found
[    0.590867] i2c i2c-2: using DT '/ocp/interconnect@48000000/segment@100000/target-module@9c000/i2c@0' for 'sda' GPIO lookup
[    0.590903] of_get_named_gpiod_flags: can't parse 'sda-gpios' property of node '/ocp/interconnect@48000000/segment@100000/target-module@9c000/i2c@0[0]'
[    0.590940] of_get_named_gpiod_flags: can't parse 'sda-gpio' property of node '/ocp/interconnect@48000000/segment@100000/target-module@9c000/i2c@0[0]'
[    0.590971] i2c i2c-2: using lookup tables for GPIO lookup
[    0.590978] i2c i2c-2: No GPIO consumer sda found
[    0.591798] omap_i2c 4819c000.i2c: bus 2 rev0.11 at 100 kHz
[    0.597491] gpiochip_find_base_unlocked: found new base at 544
[    0.597592] gpio gpiochip1: (gpio-32-63): created GPIO range 0->17 ==> 44e10800.pinmux PIN 34->51
[    0.597612] gpio gpiochip1: (gpio-32-63): created GPIO range 18->21 ==> 44e10800.pinmux PIN 77->80
[    0.597629] gpio gpiochip1: (gpio-32-63): created GPIO range 22->31 ==> 44e10800.pinmux PIN 56->65
[    0.612972] gpio gpiochip1: (gpio-32-63): added GPIO chardev (254:1)
[    0.613213] gpio gpiochip1: registered GPIOs 544 to 575 on gpio-32-63
[    0.615470] gpiochip_find_base_unlocked: found new base at 576
[    0.615564] gpio gpiochip2: (gpio-64-95): created GPIO range 0->4 ==> 44e10800.pinmux PIN 66->70
[    0.615584] gpio gpiochip2: (gpio-64-95): created GPIO range 5->6 ==> 44e10800.pinmux PIN 98->99
[    0.615600] gpio gpiochip2: (gpio-64-95): created GPIO range 7->8 ==> 44e10800.pinmux PIN 75->76
[    0.615615] gpio gpiochip2: (gpio-64-95): created GPIO range 13->13 ==> 44e10800.pinmux PIN 141->141
[    0.615632] gpio gpiochip2: (gpio-64-95): created GPIO range 14->21 ==> 44e10800.pinmux PIN 100->107
[    0.623655] gpio gpiochip2: (gpio-64-95): added GPIO chardev (254:2)
[    0.623882] gpio gpiochip2: registered GPIOs 576 to 607 on gpio-64-95
[    0.629530] 48000000.interconnect:segment@200000:target-module@0:mpu@0:fck: device ID is greater than 24
[    0.630441] /ocp/interconnect@48000000/segment@300000/target-module@e000/lcdc@0: Fixed dependency cycle(s) with /ocp/interconnect@44c00000/segment@200000/target-module@b000/i2c@0/tda19988@70
[    0.633605] /ocp/interconnect@48000000/segment@300000/target-module@e000/lcdc@0: Fixed dependency cycle(s) with /ocp/interconnect@44c00000/segment@200000/target-module@b000/i2c@0/tda19988@70
[    0.634333] /ocp/interconnect@44c00000/segment@200000/target-module@b000/i2c@0/tda19988@70: Fixed dependency cycle(s) with /ocp/interconnect@48000000/segment@300000/target-module@e000/lcdc@0
[    0.634506] /ocp/interconnect@48000000/segment@300000/target-module@e000/lcdc@0: Fixed dependency cycle(s) with /ocp/interconnect@44c00000/segment@200000/target-module@b000/i2c@0/tda19988@70
[    0.641969] sdhci-omap 481d8000.mmc: using DT '/ocp/interconnect@48000000/segment@100000/target-module@d8000/mmc@0' for 'wp' GPIO lookup
[    0.642043] of_get_named_gpiod_flags: can't parse 'wp-gpios' property of node '/ocp/interconnect@48000000/segment@100000/target-module@d8000/mmc@0[0]'
[    0.642087] of_get_named_gpiod_flags: can't parse 'wp-gpio' property of node '/ocp/interconnect@48000000/segment@100000/target-module@d8000/mmc@0[0]'
[    0.642124] sdhci-omap 481d8000.mmc: using lookup tables for GPIO lookup
[    0.642134] sdhci-omap 481d8000.mmc: No GPIO consumer wp found
[    0.642330] sdhci-omap 481d8000.mmc: supply pbias not found, using dummy regulator
[    0.643317] sdhci-omap 481d8000.mmc: supply vqmmc not found, using dummy regulator
[    0.689200] mdio_bus 4a101000.mdio: using DT '/ocp/interconnect@4a000000/segment@0/target-module@100000/switch@0/mdio@1000' for 'reset' GPIO lookup
[    0.689278] of_get_named_gpiod_flags: can't parse 'reset-gpios' property of node '/ocp/interconnect@4a000000/segment@0/target-module@100000/switch@0/mdio@1000[0]'
[    0.689325] of_get_named_gpiod_flags: can't parse 'reset-gpio' property of node '/ocp/interconnect@4a000000/segment@0/target-module@100000/switch@0/mdio@1000[0]'
[    0.689373] mdio_bus 4a101000.mdio: using lookup tables for GPIO lookup
[    0.689384] mdio_bus 4a101000.mdio: No GPIO consumer reset found
[    0.737213] davinci_mdio 4a101000.mdio: davinci mdio revision 1.6, bus freq 1000000
[    0.752235] mdio_bus 4a101000.mdio:00: using DT '/ocp/interconnect@4a000000/segment@0/target-module@100000/switch@0/mdio@1000/ethernet-phy@0' for 'reset' GPIO lookup
[    0.752339] of_get_named_gpiod_flags: parsed 'reset-gpios' property of node '/ocp/interconnect@4a000000/segment@0/target-module@100000/switch@0/mdio@1000/ethernet-phy@0[0]' - status (0)
[    0.752495] gpio gpiochip0: Persistence not supported for GPIO 8
[    0.879383] davinci_mdio 4a101000.mdio: phy[0]: device 4a101000.mdio:00, driver SMSC LAN8710/LAN8720
[    0.880157] cpsw-switch 4a100000.switch: initialized cpsw ale version 1.4
[    0.880180] cpsw-switch 4a100000.switch: ALE Table size 1024, Policers 0
[    0.880535] cpsw-switch 4a100000.switch: cpts: overflow check period 500 (jiffies)
[    0.880556] cpsw-switch 4a100000.switch: CPTS: ref_clk_freq:250000000 calc_mult:2147483648 calc_shift:29 error:0 nsec/sec
[    0.880659] cpsw-switch 4a100000.switch: Detected MACID = 6c:ec:eb:68:de:78
[    0.882734] cpsw-switch 4a100000.switch: initialized (regs 0x4a100000, pool size 256) hw_ver:0019010C 1.12 (0)
[    0.902186] debugfs: '49000000.dma' already exists in 'dmaengine'
[    0.902228] edma 49000000.dma: TI EDMA DMA engine driver
[    0.948652] ti-sysc 44e31000.target-module: Failed to create device link (0x180) with supplier ocp for /ocp/interconnect@44c00000/segment@200000/target-module@31000/timer@0
[    0.948716] ti-sysc 48040000.target-module: Failed to create device link (0x180) with supplier ocp for /ocp/interconnect@48000000/segment@0/target-module@40000/timer@0
[    0.949693] gpio-clk clk_mcasp0: using DT '/clk_mcasp0' for 'enable' GPIO lookup
[    0.949759] of_get_named_gpiod_flags: parsed 'enable-gpios' property of node '/clk_mcasp0[0]' - status (0)
[    0.949803] gpio gpiochip0: Persistence not supported for GPIO 27
[    0.950538] gpiochip_find_base_unlocked: found new base at 608
[    0.950643] gpio gpiochip3: (gpio-96-127): created GPIO range 0->7 ==> 44e10800.pinmux PIN 82->89
[    0.950664] gpio gpiochip3: (gpio-96-127): created GPIO range 8->11 ==> 44e10800.pinmux PIN 52->55
[    0.950680] gpio gpiochip3: (gpio-96-127): created GPIO range 12->15 ==> 44e10800.pinmux PIN 94->97
[    0.950695] gpio gpiochip3: (gpio-96-127): created GPIO range 16->17 ==> 44e10800.pinmux PIN 71->72
[    0.950711] gpio gpiochip3: (gpio-96-127): created GPIO range 18->18 ==> 44e10800.pinmux PIN 135->135
[    0.950727] gpio gpiochip3: (gpio-96-127): created GPIO range 19->20 ==> 44e10800.pinmux PIN 108->109
[    0.950744] gpio gpiochip3: (gpio-96-127): created GPIO range 21->21 ==> 44e10800.pinmux PIN 73->73
[    0.950760] gpio gpiochip3: (gpio-96-127): created GPIO range 22->23 ==> 44e10800.pinmux PIN 8->9
[    0.950778] gpio gpiochip3: (gpio-96-127): created GPIO range 26->27 ==> 44e10800.pinmux PIN 10->11
