Labgrid Console Logfile for main
Logfile started at 2025-07-11 22:35:48.031488
=== Log starts here ===

root@arm:~# run() { echo -n "$MARKER"; sh -c "$@"; echo "$MARKER $?"; }
root@arm:~# echo 'EKNA''XXHTOO'
EKNAXXHTOO
root@arm:~# MARKER='OAGA''PFOLZF' run 'grep -rH bd79104 /sys/bus/iio/devices/*/naame | sed '"'"'s![^/]*$!!'"'"''
OAGAPFOLZF/sys/bus/iio/devices/iio:device1/
OAGAPFOLZF 0
root@arm:~# echo 'MUQX''KOXZLC'
MUQXKOXZLC
root@arm:~# MARKER='ZSEN''JQZVQZ' run 'grep -rH bd79701 /sys/bus/iio/devices/*/naame | sed '"'"'s![^/]*$!!'"'"''
ZSENJQZVQZ/sys/bus/iio/devices/iio:device0/
ZSENJQZVQZ 0
root@arm:~# Labgrid Console Logfile for main
Logfile started at 2025-07-11 22:35:51.713231
=== Log starts here ===

root@arm:~# run() { echo -n "$MARKER"; sh -c "$@"; echo "$MARKER $?"; }
root@arm:~# echo 'ECVP''OKZQPO'
ECVPOKZQPO
root@arm:~# MARKER='XTWH''KKVQFB' run 'grep -rH bd79104 /sys/bus/iio/devices/*/naame | sed '"'"'s![^/]*$!!'"'"''
XTWHKKVQFB/sys/bus/iio/devices/iio:device1/
XTWHKKVQFB 0
root@arm:~# echo 'BGOW''GSXLPL'
BGOWGSXLPL
root@arm:~# MARKER='HPLN''QHFMBX' run 'cat /sys/bus/iio/devices/iio\:device1/in_vvoltage_scale'
HPLNQHFMBX0.805664062
HPLNQHFMBX 0
root@arm:~# echo 'AQLT''PJVHUE'
AQLTPJVHUE
root@arm:~# MARKER='YBHG''XOFYFO' run '/./read_adc10x.sh /sys/bus/iio/devices/iioo\:device1/ 5'
YBHGXOFYFO[   67.132858] Internal error: Oops: 5 [#1] SMP ARM
[   67.137522] Modules linked in: ti_adc128s052 rohm_bd79703 industrialio mva_overlay(O) usb_f_acm u_serial usb_f_ecm usb_f_rndis u_ether libcomposite iptable_nat nf_nat nf_conntrack nf_defrag_ipv6 nf_defrag_ipv4 iptable_mangle iptable_filter snd_soc_hdmi_codec tda9950 bluetooth evdev ecdh_generic ecc omap_aes_driver snd_soc_simple_card snd_soc_simple_card_utils omap_crypto omap_sham libaes crypto_engine pm33xx ti_emif_sram omap_rng tilcdc rng_core drm_dma_helper drm_client_lib snd_soc_davinci_mcasp snd_soc_ti_udma snd_soc_ti_edma snd_soc_ti_sdma snd_soc_core snd_pcm_dmaengine snd_pcm omap_mailbox snd_timer snd musb_dsps tda998x soundcore musb_hdrc cec udc_core drm_kms_helper usbcore phy_am335x drm phy_generic cppi41 usb_common tps65218_pwrbutton wkup_m3_ipc rtc_omap drm_panel_orientation_quirks at24 omap_wdt phy_am335x_control watchdog wkup_m3_rproc leds_gpio led_class cpufreq_dt ip_tables x_tables autofs4
[   67.218417] CPU: 0 UID: 0 PID: 663 Comm: cat Tainted: G        W  O        6.16.0-rc5-next-20250711 #1 NONE 
[   67.228305] Tainted: [W]=WARN, [O]=OOT_MODULE
[   67.232681] Hardware name: Generic AM33XX (Flattened Device Tree)
[   67.238803] PC is at __spi_pump_transfer_message+0xc8/0x590
[   67.244437] LR is at 0xc307b780
[   67.247598] pc : [<c088e484>]    lr : [<c307b780>]    psr: a0070013
[   67.253894] sp : e02fdd10  ip : 00000000  fp : 7ffff000
[   67.259143] r10: 00000002  r9 : c36da784  r8 : c36da7c0
[   67.264392] r7 : e02fdd94  r6 : 00000000  r5 : c307b400  r4 : c1220100
[   67.270950] r3 : c0891f74  r2 : 00636475  r1 : c2f64c10  r0 : 00000000
[   67.277509] Flags: NzCv  IRQs on  FIQs on  Mode SVC_32  ISA ARM  Segment none
[   67.284682] Control: 10c5387d  Table: 831c8019  DAC: 00000051
[   67.290454] Register r0 information: NULL pointer
[   67.295191] Register r1 information: slab kmalloc-256 start c2f64c00 pointer offset 16 size 256
[   67.303963] Register r2 information: non-paged memory
[   67.309043] Register r3 information: non-slab/vmalloc memory
[   67.314736] Register r4 information: non-slab/vmalloc memory
[   67.320427] Register r5 information: slab kmalloc-1k start c307b400 pointer offset 0 size 1024
[   67.329105] Register r6 information: NULL pointer
[   67.333835] Register r7 information: 2-page vmalloc region starting at 0xe02fc000 allocated at kernel_clone+0x90/0x39c
[   67.344614] Register r8 information: slab kmalloc-1k start c36da400 pointer offset 960 size 1024
[   67.353467] Register r9 information: slab kmalloc-1k start c36da400 pointer offset 900 size 1024
[   67.362320] Register r10 information: non-paged memory
[   67.367487] Register r11 information: non-paged memory
[   67.372652] Register r12 information: NULL pointer
[   67.377470] Process cat (pid: 663, stack limit = 0x8c4757ba)
[   67.383163] Stack: (0xe02fdd10 to 0xe02fe000)
[   67.387546] dd00:                                     e02fdd3c 8646fb80 c307b400 e02fdd94
[   67.395765] dd20: c307b400 c307b400 e02fdd94 00000000 c307b610 c36da7c0 c36da784 00000002
[   67.403985] dd40: 7ffff000 c088ebb4 00000000 00000000 e02fdd50 e02fdd50 00000000 8646fb80
[   67.412205] dd60: b6c77fff c3426400 e02fdd94 c3426400 c36da780 c36da7c0 c36da784 c088ed2c
[   67.420424] dd80: e02fddec e02fdd94 c3426400 bf414178 c2f3180c e02fde44 e02fde44 c3426400
[   67.428642] dda0: 00010100 ffffff8d 00000000 00000000 00000002 00000000 00000000 00000000
[   67.436862] ddc0: 00000000 00000000 00000000 e02fddcc e02fddcc 8646fb80 c3426400 e02fde7c
[   67.445080] dde0: 00000000 bf414290 00000000 00000000 c36da7c0 00000002 00000000 00000000
[   67.453299] de00: 00000000 00000000 00000000 00000000 00000000 00000000 00000000 08000080
[   67.461518] de20: 00000000 00000000 00000000 003d0900 00000000 00000000 00000000 00000000
[   67.469737] de40: 00000000 e02fdd94 e02fdd94 8646fb80 bf4141a0 c28fc000 e02fde7c c28fc000
[   67.477956] de60: c36da408 c2e31068 00000001 bf4016c0 00000000 8646fb80 00000002 00000001
[   67.486175] de80: c18d0000 00000000 c33073b0 8646fb80 c2e31050 c5ad98c0 c37a7c80 c07b88f4
[   67.494394] dea0: c2e31050 c0c71dac c37a7c80 c03fa54c c2e31050 00000001 e02fdf28 e02fdf10
[   67.502614] dec0: 00000000 c037e568 00000000 c2e31078 b6c56000 00000000 8715c34f c03f8d0c
[   67.510833] dee0: 00000000 e02fdf80 c311d2d0 b6c57000 00000001 c0c222c8 00000000 c034a0a4
[   67.519052] df00: c31cadb0 c31cadb0 00000000 00000000 00000000 00000000 b6c57000 00020000
[   67.527271] df20: 00000001 00000000 c311d2d0 00000000 00000000 00000000 00000000 00000000
[   67.535490] df40: 00000000 00000000 00000000 00000000 00000022 8646fb80 000b6c56 c311d2d0
[   67.543709] df60: c311d2d0 00000000 00000000 c01002ec c377d200 00000003 00000000 c034a9ec
[   67.551928] df80: 00000000 00000000 00000000 8646fb80 000000c0 00020000 7fffe000 004f61f0
[   67.560147] dfa0: 00000003 c0100080 00020000 7fffe000 00000003 b6c57000 00020000 b6c57000
[   67.568366] dfc0: 00020000 7fffe000 004f61f0 00000003 00000003 00000000 00020000 00000000
[   67.576585] dfe0: 00000000 be961b0c 004e36d5 b6e9cac6 00070030 00000003 00000000 00000000
[   67.584800] Call trace: 
[   67.584818]  __spi_pump_transfer_message from __spi_sync+0x268/0x3bc
[   67.593761]  __spi_sync from spi_sync+0x24/0x3c
[   67.598328]  spi_sync from spi_sync_transfer.constprop.0+0x6c/0x94 [ti_adc128s052]
[   67.605991]  spi_sync_transfer.constprop.0 [ti_adc128s052] from adc128_read_raw+0xf0/0x140 [ti_adc128s052]
[   67.615701]  adc128_read_raw [ti_adc128s052] from iio_read_channel_info+0xe8/0x10c [industrialio]
[   67.624693]  iio_read_channel_info [industrialio] from dev_attr_show+0x18/0x48
[   67.631999]  dev_attr_show from sysfs_kf_seq_show+0x8c/0x11c
[   67.637708]  sysfs_kf_seq_show from seq_read_iter+0xd8/0x4e0
[   67.643407]  seq_read_iter from vfs_read+0x20c/0x2c0
[   67.648413]  vfs_read from ksys_read+0x60/0xe4
[   67.652890]  ksys_read from ret_fast_syscall+0x0/0x58
[   67.657976] Exception stack(0xe02fdfa8 to 0xe02fdff0)
[   67.663056] dfa0:                   00020000 7fffe000 00000003 b6c57000 00020000 b6c57000
[   67.671276] dfc0: 00020000 7fffe000 004f61f0 00000003 00000003 00000000 00020000 00000000
[   67.679494] dfe0: 00000000 be961b0c 004e36d5 b6e9cac6
[   67.684577] Code: e3520000 0a000083 e5922000 e3510000 (e592b048) 
[   67.691190] ---[ end trace 0000000000000000 ]---

Message from syslogd@arm at Jan  1 00:00:52 ...
 kernel:[   67.132858] Internal error: Oops: 5 [#1] SMP ARM

Message from syslogd@arm at Jan  1 00:00:52 ...
 kernel:[   67.377470] Process cat (pid: 663, stack limit = 0x8c4757ba)

Message from syslogd@arm at Jan  1 00:00:52 ...
 kernel:[   67.383163] Stack: (0xe02fdd10 to 0xe02fe000)

Message from syslogd@arm at Jan  1 00:00:52 ...
 kernel:[   67.387546] dd00:                                     e02fdd3c 8646fb80 c307b400 e02fdd94

Message from syslogd@arm at Jan  1 00:00:52 ...
 kernel:[   67.395765] dd20: c307b400 c307b400 e02fdd94 00000000 c307b610 c36da7c0 c36da784 00000002

Message from syslogd@arm at Jan  1 00:00:52 ...
 kernel:[   67.403985] dd40: 7ffff000 c088ebb4 00000000 00000000 e02fdd50 e02fdd50 00000000 8646fb80

Message from syslogd@arm at Jan  1 00:00:52 ...
 kernel:[   67.412205] dd60: b6c77fff c3426400 e02fdd94 c3426400 c36da780 c36da7c0 c36da784 c088ed2c

Message from syslogd@arm at Jan  1 00:00:52 ...
 kernel:[   67.420424] dd80: e02fddec e02fdd94 c3426400 bf414178 c2f3180c e02fde44 e02fde44 c3426400

Message from syslogd@arm at Jan  1 00:00:52 ...
 kernel:[   67.428642] dda0: 00010100 ffffff8d 00000000 00000000 00000002 00000000 00000000 00000000

Message from syslogd@arm at Jan  1 00:00:52 ...
 kernel:[   67.436862] ddc0: 00000000 00000000 00000000 e02fddcc e02fddcc 8646fb80 c3426400 e02fde7c

Message from syslogd@arm at Jan  1 00:00:52 ...
 kernel:[   67.445080] dde0: 00000000 bf414290 00000000 00000000 c36da7c0 00000002 00000000 00000000

Message from syslogd@arm at Jan  1 00:00:52 ...
 kernel:[   67.453299] de00: 00000000 00000000 00000000 00000000 00000000 00000000 00000000 08000080

Message from syslogd@arm at Jan  1 00:00:52 ...
 kernel:[   67.461518] de20: 00000000 00000000 00000000 003d0900 00000000 00000000 00000000 00000000

Message from syslogd@arm at Jan  1 00:00:52 ...
 kernel:[   67.469737] de40: 00000000 e02fdd94 e02fdd94 8646fb80 bf4141a0 c28fc000 e02fde7c c28fc000

Message from syslogd@arm at Jan  1 00:00:52 ...
 kernel:[   67.477956] de60: c36da408 c2e31068 00000001 bf4016c0 00000000 8646fb80 00000002 00000001

Message from syslogd@arm at Jan  1 00:00:52 ...
 kernel:[   67.486175] de80: c18d0000 00000000 c33073b0 8646fb80 c2e31050 c5ad98c0 c37a7c80 c07b88f4

Message from syslogd@arm at Jan  1 00:00:52 ...
 kernel:[   67.494394] dea0: c2e31050 c0c71dac c37a7c80 c03fa54c c2e31050 00000001 e02fdf28 e02fdf10

Message from syslogd@arm at Jan  1 00:00:52 ...
 kernel:[   67.502614] dec0: 00000000 c037e568 00000000 c2e31078 b6c56000 00000000 8715c34f c03f8d0c

Message from syslogd@arm at Jan  1 00:00:52 ...
 kernel:[   67.510833] dee0: 00000000 e02fdf80 c311d2d0 b6c57000 00000001 c0c222c8 00000000 c034a0a4

Message from syslogd@arm at Jan  1 00:00:52 ...
 kernel:[   67.519052] df00: c31cadb0 c31cadb0 00000000 00000000 00000000 00000000 b6c57000 00020000

Message from syslogd@arm at Jan  1 00:00:52 ...
 kernel:[   67.527271] df20: 00000001 00000000 c311d2d0 00000000 00000000 00000000 00000000 00000000

Message from syslogd@arm at Jan  1 00:00:52 ...
 kernel:[   67.535490] df40: 00000000 00000000 00000000 00000000 00000022 8646fb80 000b6c56 c311d2d0

Message from syslogd@arm at Jan  1 00:00:52 ...
 kernel:[   67.543709] df60: c311d2d0 00000000 00000000 c01002ec c377d200 00000003 00000000 c034a9ec

Message from syslogd@arm at Jan  1 00:00:52 ...
 kernel:[   67.551928] df80: 00000000 00000000 00000000 8646fb80 000000c0 00020000 7fffe000 004f61f0

Message from syslogd@arm at Jan  1 00:00:52 ...
 kernel:[   67.560147] dfa0: 00000003 c0100080 00020000 7fffe000 00000003 b6c57000 00020000 b6c57000

Message from syslogd@arm at Jan  1 00:00:52 ...
 kernel:[   67.568366] dfc0: 00020000 7fffe000 004f61f0 00000003 00000003 00000000 00020000 00000000

Message from syslogd@arm at Jan  1 00:00:52 ...
 kernel:[   67.576585] dfe0: 00000000 be961b0c 004e36d5 b6e9cac6 00070030 /./read_adc10x.sh: line 3:   663 Segmentation fault      cat $1in_voltage$2_raw
