Labgrid Console Logfile for main
Logfile started at 2025-11-19 14:11:50.683634
=== Log starts here ===
reading args
spl_load_image_fat_os: error reading image args, err - -1
reading u-boot.img
reading u-boot.img


U-Boot 2014.04-00014-g47880f5 (Apr 22 2014 - 13:23:54)

I2C:   ready
DRAM:  512 MiB
NAND:  0 MiB
MMC:   OMAP SD/MMC: 0, OMAP SD/MMC: 1
*** Warning - readenv() failed, using default environment

Net:   <ethaddr> not set. Validating first E-fuse MAC
cpsw, usb_ether
Hit any key to stop autoboot:  1  0 
gpio: pin 53 (gpio 53) value is 1
mmc0 is current device
gpio: pin 54 (gpio 54) value is 1
SD/MMC found on device 0
reading uEnv.txt
569 bytes read in 4 ms (138.7 KiB/s)
gpio: pin 55 (gpio 55) value is 1
Loaded environment from uEnv.txt
Importing environment from mmc ...
Checking if uenvcmd is set ...
gpio: pin 56 (gpio 56) value is 1
Running uenvcmd ...
cpsw Waiting for PHY auto negotiation to complete. done
link up on port 0, speed 100, full duplex
Using cpsw device
TFTP from server 192.168.255.126; our IP address is 192.168.255.1
Filename 'zImage'.
Load address: 0x81000000
Loading: *#################################################################
	 #################################################################
	 #################################################################
	 #################################################################
	 #################################################################
	 #################################################################
	 2.4 MiB/s
done
Bytes transferred = 5715832 (573778 hex)
link up on port 0, speed 100, full duplex
Using cpsw device
TFTP from server 192.168.255.126; our IP address is 192.168.255.1
Filename 'am335x-boneblack.dtb'.
Load address: 0x82000000
Loading: *#######
	 2.3 MiB/s
done
Bytes transferred = 98077 (17f1d hex)
Kernel image @ 0x81000000 [ 0x000000 - 0x573778 ]
## Flattened Device Tree blob at 82000000
   Booting using the fdt blob at 0x82000000
   Using Device Tree in place at 82000000, end 8201af1c

Starting kernel ...

[    0.000000] Booting Linux on physical CPU 0x0
[    0.000000] Linux version 6.18.0-rc6-next-20251119 (user01@drvtest01) (arm-none-eabi-gcc (Arm GNU Toolchain 14.2.Rel1 (Build arm-14.52)) 14.2.1 20241119, GNU ld (Arm GNU Toolchain 14.2.Rel1 (Build arm-14.52)) 2.43.1.20241119) #1 SMP Wed Nov 19 14:10:26 EET 2025
[    0.000000] CPU: ARMv7 Processor [413fc082] revision 2 (ARMv7), cr=10c5387d
[    0.000000] CPU: PIPT / VIPT nonaliasing data cache, VIPT aliasing instruction cache
[    0.000000] OF: fdt: Machine model: TI AM335x BeagleBone Black
[    0.000000] Memory policy: Data cache writeback
[    0.000000] cma: Reserved 16 MiB at 0x9e800000
[    0.000000] Zone ranges:
[    0.000000]   Normal   [mem 0x0000000080000000-0x000000009fdfffff]
[    0.000000]   HighMem  empty
[    0.000000] Movable zone start for each node
[    0.000000] Early memory node ranges
[    0.000000]   node   0: [mem 0x0000000080000000-0x000000009fdfffff]
[    0.000000] Initmem setup node 0 [mem 0x0000000080000000-0x000000009fdfffff]
[    0.000000] On node 0, zone Normal: 512 pages in unavailable ranges
[    0.000000] OF: reserved mem: Reserved memory: No reserved-memory node in the DT
[    0.000000] CPU: All CPU(s) started in SVC mode.
[    0.000000] AM335X ES2.1 (sgx neon)
[    0.000000] percpu: Embedded 17 pages/cpu s39948 r8192 d21492 u69632
[    0.000000] Kernel command line: console=ttyO0,115200n8 root=/dev/nfs rw nfsroot=192.168.255.126:/home/user01/nfs,nfsvers=3 ip=192.168.255.1:192.168.255.126::255.255.255.0:bbb1:eth0 nfsrootdebug
[    0.000000] Unknown kernel command line parameters "nfsrootdebug", will be passed to user space.
[    0.000000] printk: log buffer data + meta data: 65536 + 204800 = 270336 bytes
[    0.000000] Dentry cache hash table entries: 65536 (order: 6, 262144 bytes, linear)
[    0.000000] Inode-cache hash table entries: 32768 (order: 5, 131072 bytes, linear)
[    0.000000] Built 1 zonelists, mobility grouping on.  Total pages: 130560
[    0.000000] mem auto-init: stack:off, heap alloc:off, heap free:off
[    0.000000] SLUB: HWalign=16, Order=0-3, MinObjects=0, CPUs=1, Nodes=1
[    0.000000] rcu: Hierarchical RCU implementation.
[    0.000000] rcu: 	RCU event tracing is enabled.
[    0.000000] rcu: 	RCU restricting CPUs from NR_CPUS=2 to nr_cpu_ids=1.
[    0.000000] 	Tracing variant of Tasks RCU enabled.
[    0.000000] rcu: RCU calculated value of scheduler-enlistment delay is 10 jiffies.
[    0.000000] rcu: Adjusting geometry for rcu_fanout_leaf=16, nr_cpu_ids=1
[    0.000000] RCU Tasks Trace: Setting shift to 0 and lim to 1 rcu_task_cb_adjust=1 rcu_task_cpu_ids=1.
[    0.000000] NR_IRQS: 16, nr_irqs: 16, preallocated irqs: 16
[    0.000000] IRQ: Found an INTC at 0x(ptrval) (revision 5.0) with 128 interrupts
[    0.000000] rcu: srcu_init: Setting srcu_struct sizes based on contention.
[    0.000000] TI gptimer clocksource: always-on /ocp/interconnect@44c00000/segment@200000/target-module@31000
[    0.000002] sched_clock: 32 bits at 24MHz, resolution 41ns, wraps every 89478484971ns
[    0.000027] clocksource: dmtimer: mask: 0xffffffff max_cycles: 0xffffffff, max_idle_ns: 79635851949 ns
[    0.000576] TI gptimer clockevent: 24000000 Hz at /ocp/interconnect@48000000/segment@0/target-module@40000
[    0.002135] Console: colour dummy device 80x30
[    0.002199] WARNING: Your 'console=ttyO0' has been replaced by 'ttyS0'
[    0.002207] This ensures that you still see kernel messages. Please
[    0.002212] update your kernel commandline.
[    0.002253] Calibrating delay loop... 996.14 BogoMIPS (lpj=4980736)
[    0.090691] CPU: Testing write buffer coherency: ok
[    0.090773] CPU0: Spectre v2: using BPIALL workaround
[    0.090783] pid_max: default: 32768 minimum: 301
[    0.091092] Mount-cache hash table entries: 1024 (order: 0, 4096 bytes, linear)
[    0.091112] Mountpoint-cache hash table entries: 1024 (order: 0, 4096 bytes, linear)
[    0.092708] CPU0: thread -1, cpu 0, socket -1, mpidr 0
[    0.092764] cacheinfo: Unable to detect cache hierarchy for CPU 0
[    0.094773] Setting up static identity map for 0x80100000 - 0x80100078
[    0.095094] rcu: Hierarchical SRCU implementation.
[    0.095102] rcu: 	Max phase no-delay instances is 1000.
[    0.096851] smp: Bringing up secondary CPUs ...
[    0.096906] smp: Brought up 1 node, 1 CPU
[    0.096917] SMP: Total of 1 processors activated (996.14 BogoMIPS).
[    0.096929] CPU: All CPU(s) started in SVC mode.
[    0.097171] Memory: 479964K/522240K available (12288K kernel code, 1231K rwdata, 2956K rodata, 1024K init, 256K bss, 24364K reserved, 16384K cma-reserved, 0K highmem)
[    0.098027] devtmpfs: initialized
[    0.115469] VFP support v0.3: implementor 41 architecture 3 part 30 variant c rev 3
[    0.116142] clocksource: jiffies: mask: 0xffffffff max_cycles: 0xffffffff, max_idle_ns: 19112604462750000 ns
[    0.116198] posixtimers hash table entries: 512 (order: 0, 4096 bytes, linear)
[    0.116222] futex hash table entries: 256 (16384 bytes on 1 NUMA nodes, total 16 KiB, linear).
[    0.119407] NET: Registered PF_NETLINK/PF_ROUTE protocol family
[    0.122522] DMA: preallocated 256 KiB pool for atomic coherent allocations
[    0.123499] audit: initializing netlink subsys (disabled)
[    0.124862] thermal_sys: Registered thermal governor 'fair_share'
[    0.124876] thermal_sys: Registered thermal governor 'step_wise'
[    0.124884] thermal_sys: Registered thermal governor 'user_space'
[    0.124996] audit: type=2000 audit(0.120:1): state=initialized audit_enabled=0 res=1
[    0.125067] cpuidle: using governor menu
[    0.143195] /ocp/interconnect@44c00000/segment@200000/target-module@b000/i2c@0/tda19988@70: Fixed dependency cycle(s) with /ocp/interconnect@48000000/segment@300000/target-module@e000/lcdc@0
[    0.144278] /ocp/interconnect@48000000/segment@300000/target-module@e000/lcdc@0: Fixed dependency cycle(s) with /ocp/interconnect@44c00000/segment@200000/target-module@b000/i2c@0/tda19988@70
[    0.146462] No ATAGs?
[    0.146498] hw-breakpoint: debug architecture 0x4 unsupported.
[    0.149109] kprobes: kprobe jump-optimization is enabled. All kprobes are optimized if possible.
[    0.163797] iommu: Default domain type: Translated
[    0.163820] iommu: DMA domain TLB invalidation policy: strict mode
[    0.166601] SCSI subsystem initialized
[    0.167442] pps_core: LinuxPPS API ver. 1 registered
[    0.167453] pps_core: Software ver. 5.3.6 - Copyright 2005-2007 Rodolfo Giometti <giometti@linux.it>
[    0.167478] PTP clock support registered
[    0.171107] vgaarb: loaded
[    0.180829] clocksource: Switched to clocksource dmtimer
[    0.181467] VFS: Disk quotas dquot_6.6.0
[    0.181528] VFS: Dquot-cache hash table entries: 1024 (order 0, 4096 bytes)
[    0.205858] NET: Registered PF_INET protocol family
[    0.206197] IP idents hash table entries: 8192 (order: 4, 65536 bytes, linear)
[    0.207623] tcp_listen_portaddr_hash hash table entries: 512 (order: 0, 4096 bytes, linear)
[    0.207654] Table-perturb hash table entries: 65536 (order: 6, 262144 bytes, linear)
[    0.207673] TCP established hash table entries: 4096 (order: 2, 16384 bytes, linear)
[    0.207718] TCP bind hash table entries: 4096 (order: 4, 65536 bytes, linear)
[    0.207819] TCP: Hash tables configured (established 4096 bind 4096)
[    0.207940] UDP hash table entries: 256 (order: 2, 14336 bytes, linear)
[    0.207973] UDP-Lite hash table entries: 256 (order: 2, 14336 bytes, linear)
[    0.208183] NET: Registered PF_UNIX/PF_LOCAL protocol family
[    0.209478] RPC: Registered named UNIX socket transport module.
[    0.209501] RPC: Registered udp transport module.
[    0.209506] RPC: Registered tcp transport module.
[    0.209511] RPC: Registered tcp-with-tls transport module.
[    0.209516] RPC: Registered tcp NFSv4.1 backchannel transport module.
[    0.209541] PCI: CLS 0 bytes, default 64
[    0.210980] Initialise system trusted keyrings
[    0.222295] workingset: timestamp_bits=14 max_order=17 bucket_order=3
[    0.223756] NFS: Registering the id_resolver key type
[    0.223816] Key type id_resolver registered
[    0.223823] Key type id_legacy registered
[    0.223935] jffs2: version 2.2. (NAND) (SUMMARY)  Â© 2001-2006 Red Hat, Inc.
[    0.224475] Key type asymmetric registered
[    0.224490] Asymmetric key parser 'x509' registered
[    0.224561] io scheduler mq-deadline registered
[    0.224571] io scheduler kyber registered
[    0.224655] io scheduler bfq registered
[    0.226452] target-module@4b000000:target-module@140000:pmu@0:fck: device ID is greater than 24
[    0.227583] ledtrig-cpu: registered to indicate activity on CPUs
[    0.242282] Serial: 8250/16550 driver, 6 ports, IRQ sharing enabled
[    0.282486] brd: module loaded
[    0.304901] loop: module loaded
[    0.305829] mtdoops: mtd device (mtddev=name/number) must be supplied
[    0.308794] i2c_dev: i2c /dev entries driver
[    0.309819] cpuidle: enable-method property 'ti,am3352' found operations
[    0.310273] sdhci: Secure Digital Host Controller Interface driver
[    0.310283] sdhci: Copyright(c) Pierre Ossman
[    0.310465] sdhci-pltfm: SDHCI platform and OF driver helper
[    0.325571] hw perfevents: enabled with armv7_cortex_a8 PMU driver, 5 (8000000f) counters available
[    0.326116] Initializing XFRM netlink socket
[    0.326291] NET: Registered PF_INET6 protocol family
[    0.328298] Segment Routing with IPv6
[    0.328383] In-situ OAM (IOAM) with IPv6
[    0.328481] sit: IPv6, IPv4 and MPLS over IPv4 tunneling driver
[    0.329477] NET: Registered PF_PACKET protocol family
[    0.329495] PFKEY is deprecated and scheduled to be removed in 2027, please contact the netdev mailing list
[    0.329512] NET: Registered PF_KEY protocol family
[    0.329675] Key type dns_resolver registered
[    0.329906] ThumbEE CPU extension supported.
[    0.329926] Registering SWP/SWPB emulation handler
[    0.330447] omap_voltage_late_init: Voltage driver support not added
[    0.331114] SmartReflex Class3 initialized
[    0.363181] Loading compiled-in X.509 certificates
[    0.402224] /ocp/interconnect@44c00000/segment@200000/target-module@b000/i2c@0/tda19988@70: Fixed dependency cycle(s) with /ocp/interconnect@48000000/segment@300000/target-module@e000/lcdc@0
[    0.408645] /ocp/interconnect@44c00000/segment@200000/target-module@b000/i2c@0/tda19988@70: Fixed dependency cycle(s) with /ocp/interconnect@48000000/segment@300000/target-module@e000/lcdc@0
[    0.426917] /ocp/interconnect@44c00000/segment@200000/target-module@b000/i2c@0/tda19988@70: Fixed dependency cycle(s) with /ocp/interconn ect@48000000/segment@300000/target-module@e000/lcdc@0
[    0.427807] /ocp/interconnect@44c00000/segment@200000/target-module@b000/i2c@0/tda19988@70: Fixed dependency cycle(s) with /ocp/interconnect@48000000/segment@300000/target-module@e000/lcdc@0
[    0.431299] /ocp/interconnect@44c00000/segment@200000/target-module@10000/scm@0/pinmux@800: Fixed dependency cycle(s) with /ocp/interconnect@44c00000/segment@200000/target-module@10000/scm@0/pinmux@800/clkout2-pins
[    0.432137] pinctrl-single 44e10800.pi nmux: 142 pins, size 568
[    0.468037] /ocp/interconnect@48000000/segment@300000/target-module@e000/lcdc@0: Fixed dependency cycle(s) with /ocp/interconnect@44c00000/segment@200000/target-module@b000/i2c@0/tda19988@70
[    0.525505] OMAP GPIO hardware version 0.1
[    0.549023] omap_i2c 4819c000.i2c: bus 2 rev0.11 at 100 kHz
[    0.596280] 48000000.interconnect:segment@200000:target-module@0:mpu@0:fck: device ID is greater than 24
[    0.597196] /ocp/interconnect@48000000/segment@300000/target-module@e000/lcdc@0: Fixed dependency cycle(s) with /ocp/interconnect@44c00000/segment@200000/target-module@b000/i2c@0/tda19988@70
[    0.600006] /ocp/interconnect@48000000/segment@300000/target-module@e000/lcdc@0: Fixed dependency cycle(s) with /ocp/interconnect@44c00000/segment@200000/target-module@b000/i2c@0/tda19988@70
[    0.600706] /ocp/interconnect@44c00000/segment@200000/target-module@b000/i2c@0/tda19988@70: Fixed dependency cycle(s) with /ocp/interconnect@48000000/segment@300000/target-module@e000/lcdc@0
[    0.600877] /ocp/interconnect@48000000/segment@300000/target-module@e000/lcdc@0: Fixed dependency cycle(s) with /ocp/interconnect@44c00000/segment@200000/target-module@b000/i2c@0/tda19988@70
[    0.609033] sdhci-omap 481d8000.mmc: supply pbias not found, using dummy regulator
[    0.610153] sdhci-omap 481d8000.mmc: supply vqmmc not found, using dummy regulator
[    0.664240] davinci_mdio 4a101000.mdio: davinci mdio revision 1.6, bus freq 1000000
[    0.829481] davinci_mdio 4a101000.mdio: phy[0]: devi
[    2.452470] tps65217-pmic: Failed to locate of_node [id: -1]
[    2.458535] tps65217-bl: Failed to locate of_node [id: -1]
[    2.466041] platform tps65217-charger: DMA mask not set
[    2.473100] platform tps65217-pwrbutton: DMA mask not set
[    2.480888] tps65217 0-0024: TPS65217 ID 0xe version 1.2
[    2.486959] /ocp/interconnect@48000000/segment@300000/target-module@e000/lcdc@0: Fixed dependency cycle(s) with /ocp/interconnect@44c00000/segment@200000/target-module@b000/i2c@0/tda19988@70
[    2.504376] /ocp/interconnect@44c00000/segment@200000/target-module@b000/i2c@0/tda19988@70: Fixed dependency cycle(s) with /ocp/interconnect@48000000/segment@300000/target-module@e000/lcdc@0
[    2.521746] omap_i2c 44e0b000.i2c: bus 0 rev0.11 at 400 kHz
[    2.529813] omap_gpio 44e07000.gpio: Could not set line 6 debounce to 200000 microseconds (-22)
[    2.538720] sdhci-omap 48060000.mmc: Got CD GPIO
[    2.543766] sdhci-omap 48060000.mmc: supply pbias not found, using dummy regulator
[    2.554225] sdhci-omap 48060000.mmc: supply vqmmc not found, using dummy regulator
[    2.563398] sdhci-omap 481d8000.mmc: supply pbias not found, using dummy regulator
[    2.571995] sdhci-omap 481d8000.mmc: supply vqmmc not found, using dummy regulator
[    2.609072] mmc1: SDHCI controller on 481d8000.mmc [481d8000.mmc] using External DMA
[    2.617491] mmc0: SDHCI controller on 48060000.mmc [48060000.mmc] using External DMA
[    2.626365] cpsw-switch 4a100000.switch: starting ndev. mode: dual_mac
[    2.691728] mmc1: new high speed MMC card at address 0001
[    2.698574] mmcblk1: mmc1:0001 MMC04G 3.60 GiB
[    2.706409]  mmcblk1: p1 p2
[    2.710170] SMSC LAN8710/LAN8720 4a101000.mdio:00: attached PHY driver (mii_bus:phy_addr=4a101000.mdio:00, irq=POLL)
[    2.722762] mmcblk1boot0: mmc1:0001 MMC04G 2.00 MiB
[    2.736527] mmcblk1boot1: mmc1:0001 MMC04G 2.00 MiB
[    2.745409] mmcblk1rpmb: mmc1:0001 MMC04G 128 KiB, chardev (249:0)
[    2.795004] mmc0: new high speed SDHC card at address aaaa
[    2.801919] mmcblk0: mmc0:aaaa SE32G 29.7 GiB
[    2.810920]  mmcblk0: p1 p2
[    5.842245] cpsw-switch 4a100000.switch eth0: Link is Up - 100Mbps/Full - flow control off
[    5.871497] IP-Config: Complete:
[    5.874768]      device=eth0, hwaddr=6c:ec:eb:68:de:78, ipaddr=192.168.255.1, mask=255.255.255.0, gw=255.255.255.255
[    5.885406]      host=bbb1, domain=, nis-domain=(none)
[    5.890572]      bootserver=192.168.255.126, rootserver=192.168.255.126, rootpath=
[    5.890996] clk: Disabling unused clocks
[    5.902854] PM: genpd: Disabling unused power domains
[    5.908014] KTAP version 1
[    5.910738] 1..0
[    5.913567] check access for rdinit=/init failed: -2, ignoring
[    5.945041] VFS: Mounted root (nfs filesystem) on device 0:17.
[    5.951964] devtmpfs: mounted
[    5.956471] Freeing unused kernel image (initmem) memory: 1024K
[    5.963303] Run /sbin/init as init process
[    6.681246] systemd[1]: System time before build time, advancing clock.
[    8.261507] random: crng init done
[    8.274236] systemd[1]: systemd 232 running in system mode. (+PAM +AUDIT +SELINUX +IMA +APPARMOR +SMACK +SYSVINIT +UTMP +LIBCRYPTSETUP +GCRYPT +GNUTLS +ACL +XZ +LZ4 +SECCOMP +BLKID +ELFUTILS +KMOD +IDN)
[    8.293341] systemd[1]: Detected architecture arm.

Welcome to [1mDebian GNU/Linux 9 (stretch)[0m!

[    8.324483] systemd[1]: Set hostname to <arm>.
[    9.426760] systemd[1]: systemd-journald.socket: SO_PASSSEC failed: Operation not supported
[    9.435750] systemd[1]: systemd-journald.socket: SO_PASSSEC failed: Operation not supported
[    9.444632] systemd[1]: Listening on Journal Socket.
[[0;32m  OK  [0m] Listening on Journal Socket.
[    9.462181] systemd[1]: syslog.socket: SO_PASSSEC failed: Operation not supported
[    9.469892] systemd[1]: Listening on Syslog Socket.
[[0;32m  OK  [0m] Listening on Syslog Socket.
[    9.492976] systemd[1]: Created slice System Slice.
[[0;32m  OK  [0m] Created slice System Slice.
[    9.522010] systemd[1]: dev-hugepages.mount: Couldn't determine result for ConditionVirtualization=!private-users, assuming failed: No such file or directory
[[0;32m  OK  [0m] Created slice system-getty.slice.
[[0;32m  OK  [0m] Reached target Remote File Systems.
[[0;32m  OK  [0m] Started Forward Password Requests to Wall Directory Watch.
[[0;32m  OK  [0m] Created slice User and Session Slice.
[[0;32m  OK  [0m] Reached target Slices.
         Starting Load Kernel Modules...
[[0;32m  OK  [0m] Listening on /dev/initctl Compatibility Named Pipe.
[[0;32m  OK  [0m] Set up automount Arbitrary Executabâ€¦rmats File System Automount Point.
[[0;32m  OK  [0m] Listening on Journal Socket (/dev/log).
         Starting Remount Root and Kernel File Systems...
[[0;32m  OK  [0m] Listening on udev Control Socket.
[[0;32m  OK  [0m] Started Dispatch Password Requests to Console Directory Watch.
[[0;32m  OK  [0m] Reached target Encrypted Volumes.
[[0;32m  OK  [0m] Reached target Paths.
[[0;32m  OK  [0m] Created slice system-serial\x2dgetty.slice.
[[0;32m  OK  [0m] Reached target Swap.
[[0;32m  OK  [0m] Listening on udev Kernel Socket.
         Starting Create list of required stâ€¦ce nodes for the current kernel...
         Mounting POSIX Message Queue File System...
[[0;32m  OK  [0m] Listening on Journal Audit Socket.
         Starting Journal Service...
         Mounting Debug File System...
[[0;32m  OK  [0m] Started Load Kernel Modules.
[[0;32m  OK  [0m] Started Remount Root and Kernel File Systems.
[[0;32m  OK  [0m] Started Create list of required staâ€¦vice nodes for the current kernel.
[[0;32m  OK  [0m] Mounted POSIX Message Queue File System.
[[0;32m  OK  [0m] Mounted Debug File System.
         Starting Create Static Device Nodes in /dev...
         Starting udev Coldplug all Devices...
         Starting Load/Save Random Seed...
         Starting Apply Kernel Variables...
         Mounting Configuration File System...
[[0;32m  OK  [0m] Mounted Configuration File System.
[[0;32m  OK  [0m] Started Load/Save Random Seed.
[[0;32m  OK  [0m] Started Apply Kernel Variables.
[[0;32m  OK  [0m] Started Create Static Device Nodes in /dev.
[[0;32m  OK  [0m] Reached target Local File Systems (Pre).
[[0;32m  OK  [0m] Reached target Local File Systems.
         Starting Raise network interfaces...
         Starting udev Kernel Device Manager...
[[0;32m  OK  [0m] Started Journal Service.
         Starting Flush Journal to Persistent Storage...
[   11.906394] systemd-journald[108]: Received request to flush runtime journal from PID 1
[[0;32m  OK  [0m] Started Flush Journal to Persistent Storage.
         Starting Create Volatile Files and Directories...
[[0;32m  OK  [0m] Started udev Kernel Device Manager.
[   12.642622] omap_prm 44e00d00.prm: sync_state() pending due to 44d00000.cpu
[[0;32m  OK  [0m] Started Create Volatile Files and Directories.
         Starting Update UTMP about System Boot/Shutdown...
         Starting Network Time Synchronization...
[[0;32m  OK  [0m] Started Update UTMP about System Boot/Shutdown.
[[0;32m  OK  [0m] Started udev Coldplug all Devices.
[[0;32m  OK  [0m] Started Network Time Synchronization.
[[0;32m  OK  [0m] Reached target System Time Synchronized.
[[0;32m  OK  [0m] Reached target System Initialization.
[[0;32m  OK  [0m] Started Daily Cleanup of Temporary Directories.
[[0;32m  OK  [0m] Listening on Avahi mDNS/DNS-SD Stack Activation Socket.
[[0;32m  OK  [0m] Started Daily apt download activities.
[[0;32m  OK  [0m] Started Daily apt upgrade and clean activities.
[[0;32m  OK  [0m] Reached target Timers.
[[0;32m  OK  [0m] Listening on D-Bus System Message Bus Socket.
[[0;32m  OK  [0m] Reached target Sockets.
[[0;32m  OK  [0m] Reached target Basic System.
[   15.366020] remoteproc remoteproc0: wkup_m3 is available
         Starting System Logging Service...
[   15.545524] omap_rtc 44e3e000.rtc: registered as rtc0
[   15.550706] omap_rtc 44e3e000.rtc: setting system clock to 2000-01-01T00:00:00 UTC (946684800)
[[0;32m  OK  [0m] Started Regular background program processing daemon.
[   15.757742] at24 2-0054: supply vcc not found, using dummy regulator
[   15.772068] omap_wdt: OMAP Watchdog Timer Rev 0x01: initial timeout 60 sec
[   15.911863] at24 2-0055: supply vcc not found, using dummy regulator
         Starting Generic Board Startup...
[   16.092484] at24 2-0056: supply vcc not found, using dummy regulator
         Starting LSB: Load kernel modules needed to enable cpufreq scaling...
[   16.227212] at24 2-0057: supply vcc not found, using dummy regulator
         Starting Cape Manager Service...
         Starting Login Service...
[   16.384124] at24 0-0050: 4096 byte 24c32 EEPROM, writable, 1 bytes/write
         Starting Telephony service...
[[0;32m  OK  [0m] Started D-Bus System Message Bus.
[   16.751994] input: tps65217_pwrbutton as /devices/platform/ocp/44c00000.interconnect/44c00000.interconnect:segment@200000/44e0b000.target-module/44e0b000.i2c/i2c-0/0-0024/tps65217-pwrbutton/input/input0
[   17.867617] am335x-phy-driver 47401300.usb-phy: dummy supplies not allowed for exclusive requests (id=vbus)
[   18.018468] usbcore: registered new interface driver usbfs
[   18.024898] usbcore: registered new interface driver hub
[   18.030618] usbcore: registered new device driver usb
[   18.040530] am335x-phy-driver 47401b00.usb-phy: dummy supplies not allowed for exclusive requests (id=vbus)
[   18.632316] tda998x 0-0070: found TDA19988
[   19.144152] musb-hdrc musb-hdrc.1: MUSB HDRC host driver
[   19.149572] musb-hdrc musb-hdrc.1: new USB bus registered, assigned bus number 1
[   19.295015] omap-mailbox 480c8000.mailbox: omap mailbox rev 0x400
[   19.352679] remoteproc remoteproc0: powering up wkup_m3
[   19.427725] usb usb1: New USB device found, idVendor=1d6b, idProduct=0002, bcdDevice= 6.18
[   19.436266] usb usb1: New USB device strings: Mfr=3, Product=2, SerialNumber=1
[   19.443617] usb usb1: Product: MUSB HDRC host driver
[   19.448613] usb usb1: Manufacturer: Linux 6.18.0-rc6-next-20251119 musb-hcd
[   19.455639] usb usb1: SerialNumber: musb-hdrc.1
[   19.547780] remoteproc remoteproc0: Direct firmware load for am335x-pm-firmware.elf failed with error -2
[   19.557554] remoteproc remoteproc0: request_firmware failed: -2
[   19.563628] wkup_m3_ipc 44e11324.wkup_m3_ipc: rproc_boot failed
[   19.907122] hub 1-0:1.0: USB hub found
[   20.004114] hub 1-0:1.0: 1 port detected
[[0;32m  OK  [0m] Started Telephony service.
         Starting Avahi mDNS/DNS-SD Stack...
[   22.061792] omap_rng 48310000.rng: Random Number Generator ver. 20
         Starting DUN service...
         Starting Connection service...
[   22.391260] tilcdc 4830e000.lcdc: bound 0-0070 (ops tda998x_driver_exit [tda998x])
[   22.489701] [drm] Initialized tilcdc 1.0.0 for 4830e000.lcdc on minor 0
         Starting LSB: Start busybox udhcpd at boot time...
[   22.620438] tilcdc 4830e000.lcdc: [drm] Cannot find any crtc or sizes
[   22.663243] tilcdc 4830e000.lcdc: [drm] Cannot find any crtc or sizes
[[0;32m  OK  [0m] Started System Logging Service.
[[0;32m  OK  [0m] Started Cape Manager Service.
[[0;32m  OK  [0m] Found device /dev/ttyS0.
[   24.265088] PM: Cannot get wkup_m3_ipc handle
[   24.421994] omap-sham 53100000.sham: hw accel on OMAP rev 4.3
[   24.497814] omap-aes 53500000.aes: OMAP AES hw accel rev: 3.2
[   24.529434] omap-sham 53100000.sham: will run requests pump with realtime priority
[   24.547971] PM: Cannot get wkup_m3_ipc handle
[   24.564979] Bluetooth: Core ver 2.22
[   24.568798] NET: Registered PF_BLUETOOTH protocol family
[   24.574310] Bluetooth: HCI device and connection manager initialized
[   24.580897] Bluetooth: HCI socket layer initialized
[   24.585878] Bluetooth: L2CAP socket layer initialized
[   24.590994] Bluetooth: SCO socket layer initialized
[   24.658535] omap-aes 53500000.aes: will run requests pump with realtime priority
[   24.668501] PM: Cannot get wkup_m3_ipc handle
[   25.412782] ------------[ cut here ]------------
[   25.417486] WARNING: net/8021q/vlan_core.c:236 at vlan_for_each+0x114/0x134, CPU#0: avahi-daemon/348
[   25.426849] RTNL: assertion failed at net/8021q/vlan_core.c (236)
[   25.433006] Modules linked in: snd_soc_simple_card omap_aes_driver snd_soc_simple_card_utils bluetooth omap_sham omap_crypto pm33xx ti_emif_sram crypto_engine ecdh_generic ecc libaes tilcdc drm_dma_helper omap_rng drm_client_lib rng_core snd_soc_davinci_mcasp snd_soc_ti_udma snd_soc_ti_edma snd_soc_ti_sdma snd_soc_core snd_pcm_dmaengine snd_pcm snd_timer omap_mailbox snd musb_dsps soundcore musb_hdrc tda998x udc_core cec usbcore phy_am335x drm_kms_helper phy_generic usb_common wkup_m3_ipc drm phy_am335x_control tps65218_pwrbutton drm_panel_orientation_quirks omap_wdt at24 cppi41 watchdog rtc_omap wkup_m3_rproc leds_gpio led_class cpufreq_dt autofs4
[   25.491059] CPU: 0 UID: 107 PID: 348 Comm: avahi-daemon Not tainted 6.18.0-rc6-next-20251119 #1 NONE 
[   25.491079] Hardware name: Generic AM33XX (Flattened Device Tree)
[   25.491088] Call trace: 
[   25.491105]  unwind_backtrace from show_stack+0x10/0x14
[   25.491144]  show_stack from dump_stack_lvl+0x50/0x64
[   25.491170]  dump_stack_lvl from __warn+0x88/0x148
[   25.491187]  __warn from warn_slowpath_fmt+0x19c/0x1b0
[   25.491201]  warn_slowpath_fmt from vlan_for_each+0x114/0x134
[   25.491218]  vlan_for_each from cpsw_add_mc_addr+0x40/0xa4
[   25.491251]  cpsw_add_mc_addr from __hw_addr_ref_sync_dev+0x108/0x140
[   25.491279]  __hw_addr_ref_sync_dev from __dev_mc_add+0x7c/0x80
[   25.491298]  __dev_mc_add from igmp6_group_added+0xc8/0xe0
[   25.491319]  igmp6_group_added from __ipv6_dev_mc_inc+0x218/0x364
[   25.491333]  __ipv6_dev_mc_inc from __ipv6_sock_mc_join+0x11c/0x1c0
[   25.491347]  __ipv6_sock_mc_join from do_ipv6_setsockopt+0x1214/0x1310
[   25.491372]  do_ipv6_setsockopt from ipv6_setsockopt+0x60/0xcc
[   25.491389]  ipv6_setsockopt from udpv6_setsockopt+0x2c/0x6c
[   25.491410]  udpv6_setsockopt from sock_common_setsockopt+0x30/0x40
[   25.491438]  sock_common_setsockopt from do_sock_setsockopt+0x50/0x9c
[   25.491455]  do_sock_setsockopt from __sys_setsockopt+0x70/0xbc
[   25.491470]  __sys_setsockopt from ret_fast_syscall+0x0/0x58
[   25.491485] Exception stack(0xe03c5fa8 to 0xe03c5ff0)
[   25.491499] 5fa0:                   00000014 b6fd7ce8 0000000d 00000029 00000014 bed779ec
[   25.491511] 5fc0: 00000014 b6fd7ce8 00000014 00000126 0000000d b6f80ff4 0046e990 00456558
[   25.491520] 5fe0: b6f96088 bed779d8 b6f73309 b6e4a41a
[   25.640309] ---[ end trace 0000000000000000 ]---
[   27.782716] PM: Cannot get wkup_m3_ipc handle
[   27.821856] PM: Cannot get wkup_m3_ipc handle
[   27.875005] gpio-537 (nxp,calib): gpiod_direction_output_nonotify: tried to set a GPIO tied to an IRQ as output
[   28.240330] tda9950 0-0034: TDA9950 CEC interface, hardware version 3.3
[   28.368868] PM: Cannot get wkup_m3_ipc handle
[[0;32m  OK  [0m] Started Raise network interfaces.
[[0;32m  OK  [0m] Started LSB: Start busybox udhcpd at boot time.
[[0;32m  OK  [0m] Started LSB: Load kernel modules needed to enable cpufreq scaling.
[   30.232202] configfs-gadget.g_multi gadget.0: HOST MAC 1c:ba:8c:a2:ed:6c
[   30.238980] configfs-gadget.g_multi gadget.0: MAC 1c:ba:8c:a2:ed:70
[   30.246357] configfs-gadget.g_multi gadget.0: HOST MAC 1c:ba:8c:a2:ed:6c
[   30.253201] configfs-gadget.g_multi gadget.0: MAC 1c:ba:8c:a2:ed:6d
[   30.272415] PM: Cannot get wkup_m3_ipc handle
[[0;32m  OK  [0m] Started DUN service.
[[0;32m  OK  [0m] Started Avahi mDNS/DNS-SD Stack.
[[0;32m  OK  [0m] Started Connection service.
[[0;32m  OK  [0m] Started Login Service.
         Starting Hostname Service...
         Starting WPA supplicant...
[[0;32m  OK  [0m] Reached target Sound Card.
         Starting LSB: set CPUFreq kernel parameters...
[[0;32m  OK  [0m] Started Hostname Service.
[[0;32m  OK  [0m] Started WPA supplicant.
[[0;32m  OK  [0m] Reached target Network.
         Starting The Apache HTTP Server...
         Starting Permit User Sessions...
[[0;32m  OK  [0m] Reached target Network is Online.
         Starting LSB: Advanced IEEE 802.11 management daemon...
         Starting OpenBSD Secure Shell server...
[[0;32m  OK  [0m] Started LSB: set CPUFreq kernel parameters.
[[0;32m  OK  [0m] Started Permit User Sessions.
[[0;32m  OK  [0m] Started LSB: Advanced IEEE 802.11 management daemon.
         Stopping LSB: Start busybox udhcpd at boot time...
[[0;32m  OK  [0m] Started Getty on tty1.
[[0;32m  OK  [0m] Started Serial Getty on ttyS0.
[[0;32m  OK  [0m] Reached target Login Prompts.
[[0;32m  OK  [0m] Stopped LSB: Start busybox udhcpd at boot time.
[[0;32m  OK  [0m] Started OpenBSD Secure Shell server.
         Starting dnsmasq - A lightweight DHCP and caching DNS server...
[[0;32m  OK  [0m] Started The Apache HTTP Server.
[[0;32m  OK  [0m] Started dnsmasq - A lightweight DHCP and caching DNS server.
[[0;32m  OK  [0m] Reached target Host and Network Name Lookups.
[[0;32m  OK  [0m] Started Serial Getty on ttyGS0.
[[0;32m  OK  [0m] Started Generic Board Startup.
[[0;32m  OK  [0m] Reached target Multi-User System.
[[0;32m  OK  [0m] Reached target Graphical Interface.
         Starting Update UTMP about System Runlevel Changes...
[[0;32m  OK  [0m] Started Update UTMP about System Runlevel Changes.

Debian GNU/Linux 9 arm ttyS0

default username:password is [debian:temppwd]

arm login: rootÿ
Password: 
Last login: Sat Jan  1 00:00:35 UTC 2000 on ttyS0
root
Linux arm 6.18.0-rc6-next-20251119 #1 SMP Wed Nov 19 14:10:26 EET 2025 armv7l

The programs included with the Debian GNU/Linux system are free software;
the exact distribution terms for each program are described in the
individual files in /usr/share/doc/*/copyright.

Debian GNU/Linux comes with ABSOLUTELY NO WARRANTY, to the extent
permitted by applicable law.
root@arm:~# root
dmesg -n 1
-bash: root: command not found
root@arm:~# dmesg -n 1
echo 'TOWH''GHFNOB'
root@arm:~# echo 'TOWH''GHFNOB'
TOWHGHFNOB
root@arm:~# run() { echo -n "$MARKER"; sh -c "$@"; echo "$MARKER $?"; }
root@arm:~# echo 'VLHG''TEEMQE'
VLHGTEEMQE
root@arm:~# MARKER='HXOK''AGZVPZ' run 'cat /proc/version'
HXOKAGZVPZLinux version 6.18.0-rc6-next-20251119 (user01@drvtest01) (arm-none-eabi-gcc (Arm GNU Toolchain 14.2.Rel1 (Build arm-14.52)) 14.2.1 20241119, GNU ld (Arm GNU Toolchain 14.2.Rel1 (Build arm-14.52)) 2.43.1.20241119) #1 SMP Wed Nov 19 14:10:26 EET 2025
HXOKAGZVPZ 0
root@arm:~# echo 'NZQO''ZMLVPQ'
NZQOZMLVPQ
root@arm:~# MARKER='GOEQ''SYXZSV' run false
GOEQSYXZSVGOEQSYXZSV 1
root@arm:~# Labgrid Console Logfile for main
Logfile started at 2025-11-19 14:12:49.719543
=== Log starts here ===

root@arm:~# run() { echo -n "$MARKER"; sh -c "$@"; echo "$MARKER $?"; }
root@arm:~# echo 'TXNJ''JEGGHV'
TXNJJEGGHV
root@arm:~# MARKER='VJSZ''GOGMVX' run 'ls /iio_generic_buffer; echo $?'
VJSZGOGMVX/iio_generic_buffer
0
VJSZGOGMVX 0
root@arm:~# Labgrid Console Logfile for main
Logfile started at 2025-11-19 14:12:53.069357
=== Log starts here ===

root@arm:~# run() { echo -n "$MARKER"; sh -c "$@"; echo "$MARKER $?"; }
root@arm:~# echo 'MPAU''XBVPUM'
MPAUXBVPUM
root@arm:~# MARKER='AKVU''QCXXNX' run dmesg
AKVUQCXXNX[    0.000000] Booting Linux on physical CPU 0x0
[    0.000000] Linux version 6.18.0-rc6-next-20251119 (user01@drvtest01) (arm-none-eabi-gcc (Arm GNU Toolchain 14.2.Rel1 (Build arm-14.52)) 14.2.1 20241119, GNU ld (Arm GNU Toolchain 14.2.Rel1 (Build arm-14.52)) 2.43.1.20241119) #1 SMP Wed Nov 19 14:10:26 EET 2025
[    0.000000] CPU: ARMv7 Processor [413fc082] revision 2 (ARMv7), cr=10c5387d
[    0.000000] CPU: PIPT / VIPT nonaliasing data cache, VIPT aliasing instruction cache
[    0.000000] OF: fdt: Machine model: TI AM335x BeagleBone Black
[    0.000000] Memory policy: Data cache writeback
[    0.000000] cma: Reserved 16 MiB at 0x9e800000
[    0.000000] Zone ranges:
[    0.000000]   Normal   [mem 0x0000000080000000-0x000000009fdfffff]
[    0.000000]   HighMem  empty
[    0.000000] Movable zone start for each node
[    0.000000] Early memory node ranges
[    0.000000]   node   0: [mem 0x0000000080000000-0x000000009fdfffff]
[    0.000000] Initmem setup node 0 [mem 0x0000000080000000-0x000000009fdfffff]
[    0.000000] On node 0, zone Normal: 512 pages in unavailable ranges
[    0.000000] OF: reserved mem: Reserved memory: No reserved-memory node in the DT
[    0.000000] CPU: All CPU(s) started in SVC mode.
[    0.000000] AM335X ES2.1 (sgx neon)
[    0.000000] percpu: Embedded 17 pages/cpu s39948 r8192 d21492 u69632
[    0.000000] pcpu-alloc: s39948 r8192 d21492 u69632 alloc=17*4096
[    0.000000] pcpu-alloc: [0] 0 
[    0.000000] Kernel command line: console=ttyO0,115200n8 root=/dev/nfs rw nfsroot=192.168.255.126:/home/user01/nfs,nfsvers=3 ip=192.168.255.1:192.168.255.126::255.255.255.0:bbb1:eth0 nfsrootdebug
[    0.000000] Unknown kernel command line parameters "nfsrootdebug", will be passed to user space.
[    0.000000] printk: log buffer data + meta data: 65536 + 204800 = 270336 bytes
[    0.000000] Dentry cache hash table entries: 65536 (order: 6, 262144 bytes, linear)
[    0.000000] Inode-cache hash table entries: 32768 (order: 5, 131072 bytes, linear)
[    0.000000] Built 1 zonelists, mobility grouping on.  Total pages: 130560
[    0.000000] mem auto-init: stack:off, heap alloc:off, heap free:off
[    0.000000] SLUB: HWalign=16, Order=0-3, MinObjects=0, CPUs=1, Nodes=1
[    0.000000] rcu: Hierarchical RCU implementation.
[    0.000000] rcu: 	RCU event tracing is enabled.
[    0.000000] rcu: 	RCU restricting CPUs from NR_CPUS=2 to nr_cpu_ids=1.
[    0.000000] 	Tracing variant of Tasks RCU enabled.
[    0.000000] rcu: RCU calculated value of scheduler-enlistment delay is 10 jiffies.
[    0.000000] rcu: Adjusting geometry for rcu_fanout_leaf=16, nr_cpu_ids=1
[    0.000000] RCU Tasks Trace: Setting shift to 0 and lim to 1 rcu_task_cb_adjust=1 rcu_task_cpu_ids=1.
[    0.000000] NR_IRQS: 16, nr_irqs: 16, preallocated irqs: 16
[    0.000000] IRQ: Found an INTC at 0x(ptrval) (revision 5.0) with 128 interrupts
[    0.000000] rcu: srcu_init: Setting srcu_struct sizes based on contention.
[    0.000000] TI gptimer clocksource: always-on /ocp/interconnect@44c00000/segment@200000/target-module@31000
[    0.000002] sched_clock: 32 bits at 24MHz, resolution 41ns, wraps every 89478484971ns
[    0.000027] clocksource: dmtimer: mask: 0xffffffff max_cycles: 0xffffffff, max_idle_ns: 79635851949 ns
[    0.000576] TI gptimer clockevent: 24000000 Hz at /ocp/interconnect@48000000/segment@0/target-module@40000
[    0.002135] Console: colour dummy device 80x30
[    0.002199] WARNING: Your 'console=ttyO0' has been replaced by 'ttyS0'
[    0.002207] This ensures that you still see kernel messages. Please
[    0.002212] update your kernel commandline.
[    0.002253] Calibrating delay loop... 996.14 BogoMIPS (lpj=4980736)
[    0.090691] CPU: Testing write buffer coherency: ok
[    0.090773] CPU0: Spectre v2: using BPIALL workaround
[    0.090783] pid_max: default: 32768 minimum: 301
[    0.091092] Mount-cache hash table entries: 1024 (order: 0, 4096 bytes, linear)
[    0.091112] Mountpoint-cache hash table entries: 1024 (order: 0, 4096 bytes, linear)
[    0.092708] CPU0: thread -1, cpu 0, socket -1, mpidr 0
[    0.092764] cacheinfo: Unable to detect cache hierarchy for CPU 0
[    0.094773] Setting up static identity map for 0x80100000 - 0x80100078
[    0.095094] rcu: Hierarchical SRCU implementation.
[    0.095102] rcu: 	Max phase no-delay instances is 1000.
[    0.096851] smp: Bringing up secondary CPUs ...
[    0.096906] smp: Brought up 1 node, 1 CPU
[    0.096917] SMP: Total of 1 processors activated (996.14 BogoMIPS).
[    0.096929] CPU: All CPU(s) started in SVC mode.
[    0.097171] Memory: 479964K/522240K available (12288K kernel code, 1231K rwdata, 2956K rodata, 1024K init, 256K bss, 24364K reserved, 16384K cma-reserved, 0K highmem)
[    0.098027] devtmpfs: initialized
[    0.115469] VFP support v0.3: implementor 41 architecture 3 part 30 variant c rev 3
[    0.116142] clocksource: jiffies: mask: 0xffffffff max_cycles: 0xffffffff, max_idle_ns: 19112604462750000 ns
[    0.116198] posixtimers hash table entries: 512 (order: 0, 4096 bytes, linear)
[    0.116222] futex hash table entries: 256 (16384 bytes on 1 NUMA nodes, total 16 KiB, linear).
[    0.119407] NET: Registered PF_NETLINK/PF_ROUTE protocol family
[    0.122522] DMA: preallocated 256 KiB pool for atomic coherent allocations
[    0.123499] audit: initializing netlink subsys (disabled)
[    0.124862] thermal_sys: Registered thermal governor 'fair_share'
[    0.124876] thermal_sys: Registered thermal governor 'step_wise'
[    0.124884] thermal_sys: Registered thermal governor 'user_space'
[    0.124996] audit: type=2000 audit(0.120:1): state=initialized audit_enabled=0 res=1
[    0.125067] cpuidle: using governor menu
[    0.143195] /ocp/interconnect@44c00000/segment@200000/target-module@b000/i2c@0/tda19988@70: Fixed dependency cycle(s) with /ocp/interconnect@48000000/segment@300000/target-module@e000/lcdc@0
[    0.144278] /ocp/interconnect@48000000/segment@300000/target-module@e000/lcdc@0: Fixed dependency cycle(s) with /ocp/interconnect@44c00000/segment@200000/target-module@b000/i2c@0/tda19988@70
[    0.146462] No ATAGs?
[    0.146498] hw-breakpoint: debug architecture 0x4 unsupported.
[    0.149109] kprobes: kprobe jump-optimization is enabled. All kprobes are optimized if possible.
[    0.163797] iommu: Default domain type: Translated
[    0.163820] iommu: DMA domain TLB invalidation policy: strict mode
[    0.165391] reg-fixed-voltage fixedregulator0: using DT '/fixedregulator0' for '(default)' GPIO lookup
[    0.165447] of_get_named_gpiod_flags: can't parse 'gpios' property of node '/fixedregulator0[0]'
[    0.165475] of_get_named_gpiod_flags: can't parse 'gpio' property of node '/fixedregulator0[0]'
[    0.165494] reg-fixed-voltage fixedregulator0: using lookup tables for GPIO lookup
[    0.165505] reg-fixed-voltage fixedregulator0: No GPIO consumer (default) found
[    0.166601] SCSI subsystem initialized
[    0.167062] libata version 3.00 loaded.
[    0.167442] pps_core: LinuxPPS API ver. 1 registered
[    0.167453] pps_core: Software ver. 5.3.6 - Copyright 2005-2007 Rodolfo Giometti <giometti@linux.it>
[    0.167478] PTP clock support registered
[    0.171107] vgaarb: loaded
[    0.180829] clocksource: Switched to clocksource dmtimer
[    0.181467] VFS: Disk quotas dquot_6.6.0
[    0.181528] VFS: Dquot-cache hash table entries: 1024 (order 0, 4096 bytes)
[    0.205858] NET: Registered PF_INET protocol family
[    0.206197] IP idents hash table entries: 8192 (order: 4, 65536 bytes, linear)
[    0.207623] tcp_listen_portaddr_hash hash table entries: 512 (order: 0, 4096 bytes, linear)
[    0.207654] Table-perturb hash table entries: 65536 (order: 6, 262144 bytes, linear)
[    0.207673] TCP established hash table entries: 4096 (order: 2, 16384 bytes, linear)
[    0.207718] TCP bind hash table entries: 4096 (order: 4, 65536 bytes, linear)
[    0.207819] TCP: Hash tables configured (established 4096 bind 4096)
[    0.207940] UDP hash table entries: 256 (order: 2, 14336 bytes, linear)
[    0.207973] UDP-Lite hash table entries: 256 (order: 2, 14336 bytes, linear)
[    0.208183] NET: Registered PF_UNIX/PF_LOCAL protocol family
[    0.209478] RPC: Registered named UNIX socket transport module.
[    0.209501] RPC: Registered udp transport module.
[    0.209506] RPC: Registered tcp transport module.
[    0.209511] RPC: Registered tcp-with-tls transport module.
[    0.209516] RPC: Registered tcp NFSv4.1 backchannel transport module.
[    0.209541] PCI: CLS 0 bytes, default 64
[    0.210980] Initialise system trusted keyrings
[    0.222295] workingset: timestamp_bits=14 max_order=17 bucket_order=3
[    0.223756] NFS: Registering the id_resolver key type
[    0.223816] Key type id_resolver registered
[    0.223823] Key type id_legacy registered
[    0.223935] jffs2: version 2.2. (NAND) (SUMMARY)  Â© 2001-2006 Red Hat, Inc.
[    0.224475] Key type asymmetric registered
[    0.224490] Asymmetric key parser 'x509' registered
[    0.224561] io scheduler mq-deadline registered
[    0.224571] io scheduler kyber registered
[    0.224655] io scheduler bfq registered
[    0.226452] target-module@4b000000:target-module@140000:pmu@0:fck: device ID is greater than 24
[    0.227583] ledtrig-cpu: registered to indicate activity on CPUs
[    0.242282] Serial: 8250/16550 driver, 6 ports, IRQ sharing enabled
[    0.282486] brd: module loaded
[    0.304901] loop: module loaded
[    0.305829] mtdoops: mtd device (mtddev=name/number) must be supplied
[    0.307356] mdio_bus fixed-0: using lookup tables for GPIO lookup
[    0.307380] mdio_bus fixed-0: No GPIO consumer reset found
[    0.308794] i2c_dev: i2c /dev entries driver
[    0.309819] cpuidle: enable-method property 'ti,am3352' found operations
[    0.310273] sdhci: Secure Digital Host Controller Interface driver
[    0.310283] sdhci: Copyright(c) Pierre Ossman
[    0.310465] sdhci-pltfm: SDHCI platform and OF driver helper
[    0.325571] hw perfevents: enabled with armv7_cortex_a8 PMU driver, 5 (8000000f) counters available
[    0.326116] Initializing XFRM netlink socket
[    0.326291] NET: Registered PF_INET6 protocol family
[    0.328298] Segment Routing with IPv6
[    0.328383] In-situ OAM (IOAM) with IPv6
[    0.328481] sit: IPv6, IPv4 and MPLS over IPv4 tunneling driver
[    0.329477] NET: Registered PF_PACKET protocol family
[    0.329495] PFKEY is deprecated and scheduled to be removed in 2027, please contact the netdev mailing list
[    0.329512] NET: Registered PF_KEY protocol family
[    0.329675] Key type dns_resolver registered
[    0.329906] ThumbEE CPU extension supported.
[    0.329926] Registering SWP/SWPB emulation handler
[    0.330447] omap_voltage_late_init: Voltage driver support not added
[    0.331114] SmartReflex Class3 initialized
[    0.363181] Loading compiled-in X.509 certificates
[    0.402224] /ocp/interconnect@44c00000/segment@200000/target-module@b000/i2c@0/tda19988@70: Fixed dependency cycle(s) with /ocp/interconnect@48000000/segment@300000/target-module@e000/lcdc@0
[    0.408645] /ocp/interconnect@44c00000/segment@200000/target-module@b000/i2c@0/tda19988@70: Fixed dependency cycle(s) with /ocp/interconnect@48000000/segment@300000/target-module@e000/lcdc@0
[    0.414438] gpiochip_find_base_unlocked: found new base at 512
[    0.426917] /ocp/interconnect@44c00000/segment@200000/target-module@b000/i2c@0/tda19988@70: Fixed dependency cycle(s) with /ocp/interconnect@48000000/segment@300000/target-module@e000/lcdc@0
[    0.427807] /ocp/interconnect@44c00000/segment@200000/target-module@b000/i2c@0/tda19988@70: Fixed dependency cycle(s) with /ocp/interconnect@48000000/segment@300000/target-module@e000/lcdc@0
[    0.431299] /ocp/interconnect@44c00000/segment@200000/target-module@10000/scm@0/pinmux@800: Fixed dependency cycle(s) with /ocp/interconnect@44c00000/segment@200000/target-module@10000/scm@0/pinmux@800/clkout2-pins
[    0.432137] pinctrl-single 44e10800.pinmux: 142 pins, size 568
[    0.468037] /ocp/interconnect@48000000/segment@300000/target-module@e000/lcdc@0: Fixed dependency cycle(s) with /ocp/interconnect@44c00000/segment@200000/target-module@b000/i2c@0/tda19988@70
[    0.487963] gpiochip_find_base_unlocked: found new base at 512
[    0.488064] gpio gpiochip0: (gpio-0-31): created GPIO range 0->7 ==> 44e10800.pinmux PIN 0->7
[    0.488084] gpio gpiochip0: (gpio-0-31): created GPIO range 8->11 ==> 44e10800.pinmux PIN 90->93
[    0.488100] gpio gpiochip0: (gpio-0-31): created GPIO range 12->27 ==> 44e10800.pinmux PIN 12->27
[    0.488116] gpio gpiochip0: (gpio-0-31): created GPIO range 28->31 ==> 44e10800.pinmux PIN 30->33
[    0.525173] gpio gpiochip0: (gpio-0-31): added GPIO chardev (254:0)
[    0.525419] gpio gpiochip0: registered GPIOs 512 to 543 on gpio-0-31
[    0.525505] OMAP GPIO hardware version 0.1
[    0.547976] i2c i2c-2: using DT '/ocp/interconnect@48000000/segment@100000/target-module@9c000/i2c@0' for 'scl' GPIO lookup
[    0.548050] of_get_named_gpiod_flags: can't parse 'scl-gpios' property of node '/ocp/interconnect@48000000/segment@100000/target-module@9c000/i2c@0[0]'
[    0.548093] of_get_named_gpiod_flags: can't parse 'scl-gpio' property of node '/ocp/interconnect@48000000/segment@100000/target-module@9c000/i2c@0[0]'
[    0.548130] i2c i2c-2: using lookup tables for GPIO lookup
[    0.548140] i2c i2c-2: No GPIO consumer scl found
[    0.548161] i2c i2c-2: using DT '/ocp/interconnect@48000000/segment@100000/target-module@9c000/i2c@0' for 'sda' GPIO lookup
[    0.548196] of_get_named_gpiod_flags: can't parse 'sda-gpios' property of node '/ocp/interconnect@48000000/segment@100000/target-module@9c000/i2c@0[0]'
[    0.548233] of_get_named_gpiod_flags: can't parse 'sda-gpio' property of node '/ocp/interconnect@48000000/segment@100000/target-module@9c000/i2c@0[0]'
[    0.548264] i2c i2c-2: using lookup tables for GPIO lookup
[    0.548272] i2c i2c-2: No GPIO consumer sda found
[    0.549023] omap_i2c 4819c000.i2c: bus 2 rev0.11 at 100 kHz
[    0.555076] gpiochip_find_base_unlocked: found new base at 544
[    0.555183] gpio gpiochip1: (gpio-32-63): created GPIO range 0->17 ==> 44e10800.pinmux PIN 34->51
[    0.555204] gpio gpiochip1: (gpio-32-63): created GPIO range 18->21 ==> 44e10800.pinmux PIN 77->80
[    0.555220] gpio gpiochip1: (gpio-32-63): created GPIO range 22->31 ==> 44e10800.pinmux PIN 56->65
[    0.568666] gpio gpiochip1: (gpio-32-63): added GPIO chardev (254:1)
[    0.568895] gpio gpiochip1: registered GPIOs 544 to 575 on gpio-32-63
[    0.571198] gpiochip_find_base_unlocked: found new base at 576
[    0.571286] gpio gpiochip2: (gpio-64-95): created GPIO range 0->4 ==> 44e10800.pinmux PIN 66->70
[    0.571307] gpio gpiochip2: (gpio-64-95): created GPIO range 5->6 ==> 44e10800.pinmux PIN 98->99
[    0.571323] gpio gpiochip2: (gpio-64-95): created GPIO range 7->8 ==> 44e10800.pinmux PIN 75->76
[    0.571339] gpio gpiochip2: (gpio-64-95): created GPIO range 13->13 ==> 44e10800.pinmux PIN 141->141
[    0.571356] gpio gpiochip2: (gpio-64-95): created GPIO range 14->21 ==> 44e10800.pinmux PIN 100->107
[    0.590082] gpio gpiochip2: (gpio-64-95): added GPIO chardev (254:2)
[    0.590336] gpio gpiochip2: registered GPIOs 576 to 607 on gpio-64-95
[    0.596280] 48000000.interconnect:segment@200000:target-module@0:mpu@0:fck: device ID is greater than 24
[    0.597196] /ocp/interconnect@48000000/segment@300000/target-module@e000/lcdc@0: Fixed dependency cycle(s) with /ocp/interconnect@44c00000/segment@200000/target-module@b000/i2c@0/tda19988@70
[    0.600006] /ocp/interconnect@48000000/segment@300000/target-module@e000/lcdc@0: Fixed dependency cycle(s) with /ocp/interconnect@44c00000/segment@200000/target-module@b000/i2c@0/tda19988@70
[    0.600706] /ocp/interconnect@44c00000/segment@200000/target-module@b000/i2c@0/tda19988@70: Fixed dependency cycle(s) with /ocp/interconnect@48000000/segment@300000/target-module@e000/lcdc@0
[    0.600877] /ocp/interconnect@48000000/segment@300000/target-module@e000/lcdc@0: Fixed dependency cycle(s) with /ocp/interconnect@44c00000/segment@200000/target-module@b000/i2c@0/tda19988@70
[    0.608677] sdhci-omap 481d8000.mmc: using DT '/ocp/interconnect@48000000/segment@100000/target-module@d8000/mmc@0' for 'wp' GPIO lookup
[    0.608747] of_get_named_gpiod_flags: can't parse 'wp-gpios' property of node '/ocp/interconnect@48000000/segment@100000/target-module@d8000/mmc@0[0]'
[    0.608791] of_get_named_gpiod_flags: can't parse 'wp-gpio' property of node '/ocp/interconnect@48000000/segment@100000/target-module@d8000/mmc@0[0]'
[    0.608826] sdhci-omap 481d8000.mmc: using lookup tables for GPIO lookup
[    0.608836] sdhci-omap 481d8000.mmc: No GPIO consumer wp found
[    0.609033] sdhci-omap 481d8000.mmc: supply pbias not found, using dummy regulator
[    0.610153] sdhci-omap 481d8000.mmc: supply vqmmc not found, using dummy regulator
[    0.616142] mdio_bus 4a101000.mdio: using DT '/ocp/interconnect@4a000000/segment@0/target-module@100000/switch@0/mdio@1000' for 'reset' GPIO lookup
[    0.616213] of_get_named_gpiod_flags: can't parse 'reset-gpios' property of node '/ocp/interconnect@4a000000/segment@0/target-module@100000/switch@0/mdio@1000[0]'
[    0.616259] of_get_named_gpiod_flags: can't parse 'reset-gpio' property of node '/ocp/interconnect@4a000000/segment@0/target-module@100000/switch@0/mdio@1000[0]'
[    0.616307] mdio_bus 4a101000.mdio: using lookup tables for GPIO lookup
[    0.616315] mdio_bus 4a101000.mdio: No GPIO consumer reset found
[    0.664240] davinci_mdio 4a101000.mdio: davinci mdio revision 1.6, bus freq 1000000
[    0.693153] mdio_bus 4a101000.mdio:00: using DT '/ocp/interconnect@4a000000/segment@0/target-module@100000/switch@0/mdio@1000/ethernet-phy@0' for 'reset' GPIO lookup
[    0.693253] of_get_named_gpiod_flags: parsed 'reset-gpios' property of node '/ocp/interconnect@4a000000/segment@0/target-module@100000/switch@0/mdio@1000/ethernet-phy@0[0]' - status (0)
[    0.693407] gpio gpiochip0: Persistence not supported for GPIO 8
[    0.829481] davinci_mdio 4a101000.mdio: phy[0]: device 4a101000.mdio:00, driver SMSC LAN8710/LAN8720
[    0.830252] cpsw-switch 4a100000.switch: initialized cpsw ale version 1.4
[    0.830273] cpsw-switch 4a100000.switch: ALE Table size 1024, Policers 0
[    0.830442] cpsw-switch 4a100000.switch: cpts: overflow check period 500 (jiffies)
[    0.830457] cpsw-switch 4a100000.switch: CPTS: ref_clk_freq:250000000 calc_mult:2147483648 calc_shift:29 error:0 nsec/sec
[    0.830552] cpsw-switch 4a100000.switch: Detected MACID = 6c:ec:eb:68:de:78
[    0.832620] cpsw-switch 4a100000.switch: initialized (regs 0x4a100000, pool size 256) hw_ver:0019010C 1.12 (0)
[    0.845060] debugfs: '49000000.dma' already exists in 'dmaengine'
[    0.845104] edma 49000000.dma: TI EDMA DMA engine driver
[    0.899494] ti-sysc 44e31000.target-module: Failed to create device link (0x180) with supplier ocp for /ocp/interconnect@44c00000/segment@200000/target-module@31000/timer@0
[    0.899553] ti-sysc 48040000.target-module: Failed to create device link (0x180) with supplier ocp for /ocp/interconnect@48000000/segment@0/target-module@40000/timer@0
[    0.900494] gpio-clk clk_mcasp0: using DT '/clk_mcasp0' for 'enable' GPIO lookup
[    0.900559] of_get_named_gpiod_flags: parsed 'enable-gpios' property of node '/clk_mcasp0[0]' - status (0)
[    0.900601] gpio gpiochip0: Persistence not supported for GPIO 27
[    0.901329] gpiochip_find_base_unlocked: found new base at 608
[    0.901441] gpio gpiochip3: (gpio-96-127): created GPIO range 0->7 ==> 44e10800.pinmux PIN 82->89
[    0.901681] gpio gpiochip3: (gpio-96-127): created GPIO range 8->11 ==> 44e10800.pinmux PIN 52->55
[    0.901705] gpio gpiochip3: (gpio-96-127): created GPIO range 12->15 ==> 44e10800.pinmux PIN 94->97
[    0.901722] gpio gpiochip3: (gpio-96-127): created GPIO range 16->17 ==> 44e10800.pinmux PIN 71->72
[    0.901738] gpio gpiochip3: (gpio-96-127): created GPIO range 18->18 ==> 44e10800.pinmux PIN 135->135
[    0.901754] gpio gpiochip3: (gpio-96-127): created GPIO range 19->20 ==> 44e10800.pinmux PIN 108->109
[    0.901771] gpio gpiochip3: (gpio-96-127): created GPIO range 21->21 ==> 44e10800.pinmux PIN 73->73
[    0.901788] gpio gpiochip3: (gpio-96-127): created GPIO range 22->23 ==> 44e10800.pinmux PIN 8->9
[    0.901805] gpio gpiochip3: (gpio-96-127): created GPIO range 26->27 ==> 44e10800.pinmux PIN 10->11
[    0.901823] gpio gpiochip3: (gpio-96-127): created GPIO range 28->28 ==> 44e10800.pinmux PIN 74->74
[    0.901842] gpio gpiochip3: (gpio-96-127): created GPIO range 29->29 ==> 44e10800.pinmux PIN 81->81
[    0.901860] gpio gpiochip3: (gpio-96-127): created GPIO range 30->31 ==> 44e10800.pinmux PIN 28->29
[    0.913982] gpio gpiochip3: (gpio-96-127): added GPIO chardev (254:3)
[    0.914236] gpio gpiochip3: registered GPIOs 608 to 639 on gpio-96-127
[    0.916069] omap8250 44e09000.serial: using DT '/ocp/interconnect@44c00000/segment@200000/target-module@9000/serial@0' for 'rs485-term' GPIO lookup
[    0.916138] of_get_named_gpiod_flags: can't parse 'rs485-term-gpios' property of node '/ocp/interconnect@44c00000/segment@200000/target-module@9000/serial@0[0]'
[    0.916182] of_get_named_gpiod_flags: can't parse 'rs485-term-gpio' property of node '/ocp/interconnect@44c00000/segment@200000/target-module@9000/serial@0[0]'
[    0.916219] omap8250 44e09000.serial: using lookup tables for GPIO lookup
[    0.916229] omap8250 44e09000.serial: No GPIO consumer rs485-term found
[    0.916239] omap8250 44e09000.serial: using DT '/ocp/interconnect@44c00000/segment@200000/target-module@9000/serial@0' for 'rs485-rx-during-tx' GPIO lookup
[    0.916274] of_get_named_gpiod_flags: can't parse 'rs485-rx-during-tx-gpios' property of node '/ocp/interconnect@44c00000/segment@200000/target-module@9000/serial@0[0]'
[    0.916311] of_get_named_gpiod_flags: can't parse 'rs485-rx-during-tx-gpio' property of node '/ocp/interconnect@44c00000/segment@200000/target-module@9000/serial@0[0]'
[    0.916342] omap8250 44e09000.serial: using lookup tables for GPIO lookup
[    0.916350] omap8250 44e09000.serial: No GPIO consumer rs485-rx-during-tx found
[    0.916799] 44e09000.serial: ttyS0 at MMIO 0x44e09000 (irq = 34, base_baud = 3000000) is a 8250
[    0.916928] printk: legacy console [ttyS0] enabled
[    2.437194] i2c i2c-0: using DT '/ocp/interconnect@44c00000/segment@200000/target-module@b000/i2c@0' for 'scl' GPIO lookup
[    2.437284] of_get_named_gpiod_flags: can't parse 'scl-gpios' property of node '/ocp/interconnect@44c00000/segment@200000/target-module@b000/i2c@0[0]'
[    2.437331] of_get_named_gpiod_flags: can't parse 'scl-gpio' property of node '/ocp/interconnect@44c00000/segment@200000/target-module@b000/i2c@0[0]'
[    2.437371] i2c i2c-0: using lookup tables for GPIO lookup
[    2.437385] i2c i2c-0: No GPIO consumer scl found
[    2.437409] i2c i2c-0: using DT '/ocp/interconnect@44c00000/segment@200000/target-module@b000/i2c@0' for 'sda' GPIO lookup
[    2.437448] of_get_named_gpiod_flags: can't parse 'sda-gpios' property of node '/ocp/interconnect@44c00000/segment@200000/target-module@b000/i2c@0[0]'
[    2.437489] of_get_named_gpiod_flags: can't parse 'sda-gpio' property of node '/ocp/interconnect@44c00000/segment@200000/target-module@b000/i2c@0[0]'
[    2.437524] i2c i2c-0: using lookup tables for GPIO lookup
[    2.437534] i2c i2c-0: No GPIO consumer sda found
[    2.452470] tps65217-pmic: Failed to locate of_node [id: -1]
[    2.458535] tps65217-bl: Failed to locate of_node [id: -1]
[    2.466041] platform tps65217-charger: DMA mask not set
[    2.473100] platform tps65217-pwrbutton: DMA mask not set
[    2.480888] tps65217 0-0024: TPS65217 ID 0xe version 1.2
[    2.486959] /ocp/interconnect@48000000/segment@300000/target-module@e000/lcdc@0: Fixed dependency cycle(s) with /ocp/interconnect@44c00000/segment@200000/target-module@b000/i2c@0/tda19988@70
[    2.504376] /ocp/interconnect@44c00000/segment@200000/target-module@b000/i2c@0/tda19988@70: Fixed dependency cycle(s) with /ocp/interconnect@48000000/segment@300000/target-module@e000/lcdc@0
[    2.521746] omap_i2c 44e0b000.i2c: bus 0 rev0.11 at 400 kHz
[    2.529597] sdhci-omap 48060000.mmc: using DT '/ocp/interconnect@48000000/segment@0/target-module@60000/mmc@0' for 'cd' GPIO lookup
[    2.529720] of_get_named_gpiod_flags: parsed 'cd-gpios' property of node '/ocp/interconnect@48000000/segment@0/target-module@60000/mmc@0[0]' - status (0)
[    2.529788] gpio gpiochip3: Persistence not supported for GPIO 6
[    2.529813] omap_gpio 44e07000.gpio: Could not set line 6 debounce to 200000 microseconds (-22)
[    2.538720] sdhci-omap 48060000.mmc: Got CD GPIO
[    2.543406] sdhci-omap 48060000.mmc: using DT '/ocp/interconnect@48000000/segment@0/target-module@60000/mmc@0' for 'wp' GPIO lookup
[    2.543458] of_get_named_gpiod_flags: can't parse 'wp-gpios' property of node '/ocp/interconnect@48000000/segment@0/target-module@60000/mmc@0[0]'
[    2.543500] of_get_named_gpiod_flags: can't parse 'wp-gpio' property of node '/ocp/interconnect@48000000/segment@0/target-module@60000/mmc@0[0]'
[    2.543540] sdhci-omap 48060000.mmc: using lookup tables for GPIO lookup
[    2.543553] sdhci-omap 48060000.mmc: No GPIO consumer wp found
[    2.543766] sdhci-omap 48060000.mmc: supply pbias not found, using dummy regulator
[    2.552656] sdhci-omap 481d8000.mmc: using DT '/ocp/interconnect@48000000/segment@100000/target-module@d8000/mmc@0' for 'wp' GPIO lookup
[    2.552733] of_get_named_gpiod_flags: can't parse 'wp-gpios' property of node '/ocp/interconnect@48000000/segment@100000/target-module@d8000/mmc@0[0]'
[    2.552780] of_get_named_gpiod_flags: can't parse 'wp-gpio' property of node '/ocp/interconnect@48000000/segment@100000/target-module@d8000/mmc@0[0]'
[    2.552818] sdhci-omap 481d8000.mmc: using lookup tables for GPIO lookup
[    2.552831] sdhci-omap 481d8000.mmc: No GPIO consumer wp found
[    2.554225] sdhci-omap 48060000.mmc: supply vqmmc not found, using dummy regulator
[    2.563398] sdhci-omap 481d8000.mmc: supply pbias not found, using dummy regulator
[    2.571995] sdhci-omap 481d8000.mmc: supply vqmmc not found, using dummy regulator
[    2.609072] mmc1: SDHCI controller on 481d8000.mmc [481d8000.mmc] using External DMA
[    2.617491] mmc0: SDHCI controller on 48060000.mmc [48060000.mmc] using External DMA
[    2.626365] cpsw-switch 4a100000.switch: starting ndev. mode: dual_mac
[    2.691728] mmc1: new high speed MMC card at address 0001
[    2.698574] mmcblk1: mmc1:0001 MMC04G 3.60 GiB
[    2.706409]  mmcblk1: p1 p2
[    2.710170] SMSC LAN8710/LAN8720 4a101000.mdio:00: attached PHY driver (mii_bus:phy_addr=4a101000.mdio:00, irq=POLL)
[    2.722762] mmcblk1boot0: mmc1:0001 MMC04G 2.00 MiB
[    2.736527] mmcblk1boot1: mmc1:0001 MMC04G 2.00 MiB
[    2.745409] mmcblk1rpmb: mmc1:0001 MMC04G 128 KiB, chardev (249:0)
[    2.795004] mmc0: new high speed SDHC card at address aaaa
[    2.801919] mmcblk0: mmc0:aaaa SE32G 29.7 GiB
[    2.810920]  mmcblk0: p1 p2
[    5.842245] cpsw-switch 4a100000.switch eth0: Link is Up - 100Mbps/Full - flow control off
[    5.871497] IP-Config: Complete:
[    5.874768]      device=eth0, hwaddr=6c:ec:eb:68:de:78, ipaddr=192.168.255.1, mask=255.255.255.0, gw=255.255.255.255
[    5.885406]      host=bbb1, domain=, nis-domain=(none)
[    5.890572]      bootserver=192.168.255.126, rootserver=192.168.255.126, rootpath=
[    5.890996] clk: Disabling unused clocks
[    5.902854] PM: genpd: Disabling unused power domains
[    5.908014] KTAP version 1
[    5.910738] 1..0
[    5.913567] check access for rdinit=/init failed: -2, ignoring
[    5.945041] VFS: Mounted root (nfs filesystem) on device 0:17.
[    5.951964] devtmpfs: mounted
[    5.956471] Freeing unused kernel image (initmem) memory: 1024K
[    5.963303] Run /sbin/init as init process
[    5.967436]   with arguments:
[    5.967448]     /sbin/init
[    5.967457]     nfsrootdebug
[    5.967467]   with environment:
[    5.967475]     HOME=/
[    5.967484]     TERM=linux
[    6.681246] systemd[1]: System time before build time, advancing clock.
[    8.261507] random: crng init done
[    8.274236] systemd[1]: systemd 232 running in system mode. (+PAM +AUDIT +SELINUX +IMA +APPARMOR +SMACK +SYSVINIT +UTMP +LIBCRYPTSETUP +GCRYPT +GNUTLS +ACL +XZ +LZ4 +SECCOMP +BLKID +ELFUTILS +KMOD +IDN)
[    8.293341] systemd[1]: Detected architecture arm.
[    8.324483] systemd[1]: Set hostname to <arm>.
[    9.426760] systemd[1]: systemd-journald.socket: SO_PASSSEC failed: Operation not supported
[    9.435750] systemd[1]: systemd-journald.socket: SO_PASSSEC failed: Operation not supported
[    9.444632] systemd[1]: Listening on Journal Socket.
[    9.462181] systemd[1]: syslog.socket: SO_PASSSEC failed: Operation not supported
[    9.469892] systemd[1]: Listening on Syslog Socket.
[    9.492976] systemd[1]: Created slice System Slice.
[    9.522010] systemd[1]: dev-hugepages.mount: Couldn't determine result for ConditionVirtualization=!private-users, assuming failed: No such file or directory
[   11.906394] systemd-journald[108]: Received request to flush runtime journal from PID 1
[   12.642622] omap_prm 44e00d00.prm: sync_state() pending due to 44d00000.cpu
[   14.788360] leds-gpio leds: using DT '/leds/led2' for '(default)' GPIO lookup
[   14.788466] of_get_named_gpiod_flags: parsed 'gpios' property of node '/leds/led2[0]' - status (0)
[   14.788522] gpio gpiochip0: Persistence not supported for GPIO 21
[   14.788538] gpio-533 (?): no flags found for GPIO (default)
[   14.803430] leds-gpio leds: using DT '/leds/led3' for '(default)' GPIO lookup
[   14.803540] of_get_named_gpiod_flags: parsed 'gpios' property of node '/leds/led3[0]' - status (0)
[   14.803767] gpio gpiochip0: Persistence not supported for GPIO 22
[   14.803785] gpio-534 (?): no flags found for GPIO (default)
[   14.812702] leds-gpio leds: using DT '/leds/led4' for '(default)' GPIO lookup
[   14.812807] of_get_named_gpiod_flags: parsed 'gpios' property of node '/leds/led4[0]' - status (0)
[   14.812858] gpio gpiochip0: Persistence not supported for GPIO 23
[   14.812873] gpio-535 (?): no flags found for GPIO (default)
[   14.861876] leds-gpio leds: using DT '/leds/led5' for '(default)' GPIO lookup
[   14.861971] of_get_named_gpiod_flags: parsed 'gpios' property of node '/leds/led5[0]' - status (0)
[   14.862021] gpio gpiochip0: Persistence not supported for GPIO 24
[   14.862036] gpio-536 (?): no flags found for GPIO (default)
[   15.366020] remoteproc remoteproc0: wkup_m3 is available
[   15.545524] omap_rtc 44e3e000.rtc: registered as rtc0
[   15.550706] omap_rtc 44e3e000.rtc: setting system clock to 2000-01-01T00:00:00 UTC (946684800)
[   15.559546] omap_rtc 44e3e000.rtc: using DT '/ocp/interconnect@44c00000/segment@200000/target-module@3e000/rtc@0' for 'wp' GPIO lookup
[   15.559623] of_get_named_gpiod_flags: can't parse 'wp-gpios' property of node '/ocp/interconnect@44c00000/segment@200000/target-module@3e000/rtc@0[0]'
[   15.559672] of_get_named_gpiod_flags: can't parse 'wp-gpio' property of node '/ocp/interconnect@44c00000/segment@200000/target-module@3e000/rtc@0[0]'
[   15.559713] omap_rtc 44e3e000.rtc: using lookup tables for GPIO lookup
[   15.559727] omap_rtc 44e3e000.rtc: No GPIO consumer wp found
[   15.757742] at24 2-0054: supply vcc not found, using dummy regulator
[   15.772068] omap_wdt: OMAP Watchdog Timer Rev 0x01: initial timeout 60 sec
[   15.911863] at24 2-0055: supply vcc not found, using dummy regulator
[   16.092484] at24 2-0056: supply vcc not found, using dummy regulator
[   16.227212] at24 2-0057: supply vcc not found, using dummy regulator
[   16.383370] at24 0-0050: using DT '/ocp/interconnect@44c00000/segment@200000/target-module@b000/i2c@0/eeprom@50' for 'wp' GPIO lookup
[   16.383647] of_get_named_gpiod_flags: can't parse 'wp-gpios' property of node '/ocp/interconnect@44c00000/segment@200000/target-module@b000/i2c@0/eeprom@50[0]'
[   16.383711] of_get_named_gpiod_flags: can't parse 'wp-gpio' property of node '/ocp/interconnect@44c00000/segment@200000/target-module@b000/i2c@0/eeprom@50[0]'
[   16.383758] at24 0-0050: using lookup tables for GPIO lookup
[   16.383772] at24 0-0050: No GPIO consumer wp found
[   16.384124] at24 0-0050: 4096 byte 24c32 EEPROM, writable, 1 bytes/write
[   16.751994] input: tps65217_pwrbutton as /devices/platform/ocp/44c00000.interconnect/44c00000.interconnect:segment@200000/44e0b000.target-module/44e0b000.i2c/i2c-0/0-0024/tps65217-pwrbutton/input/input0
[   17.867161] am335x-phy-driver 47401300.usb-phy: using DT '/ocp/target-module@47400000/usb-phy@1300' for 'reset' GPIO lookup
[   17.867259] of_get_named_gpiod_flags: can't parse 'reset-gpios' property of node '/ocp/target-module@47400000/usb-phy@1300[0]'
[   17.867302] of_get_named_gpiod_flags: can't parse 'reset-gpio' property of node '/ocp/target-module@47400000/usb-phy@1300[0]'
[   17.867339] am335x-phy-driver 47401300.usb-phy: using lookup tables for GPIO lookup
[   17.867354] am335x-phy-driver 47401300.usb-phy: No GPIO consumer reset found
[   17.867369] am335x-phy-driver 47401300.usb-phy: using DT '/ocp/target-module@47400000/usb-phy@1300' for 'vbus-detect' GPIO lookup
[   17.867400] of_get_named_gpiod_flags: can't parse 'vbus-detect-gpios' property of node '/ocp/target-module@47400000/usb-phy@1300[0]'
[   17.867432] of_get_named_gpiod_flags: can't parse 'vbus-detect-gpio' property of node '/ocp/target-module@47400000/usb-phy@1300[0]'
[   17.867458] am335x-phy-driver 47401300.usb-phy: using lookup tables for GPIO lookup
[   17.867469] am335x-phy-driver 47401300.usb-phy: No GPIO consumer vbus-detect found
[   17.867617] am335x-phy-driver 47401300.usb-phy: dummy supplies not allowed for exclusive requests (id=vbus)
[   18.018468] usbcore: registered new interface driver usbfs
[   18.024898] usbcore: registered new interface driver hub
[   18.030618] usbcore: registered new device driver usb
[   18.040077] am335x-phy-driver 47401b00.usb-phy: using DT '/ocp/target-module@47400000/usb-phy@1b00' for 'reset' GPIO lookup
[   18.040168] of_get_named_gpiod_flags: can't parse 'reset-gpios' property of node '/ocp/target-module@47400000/usb-phy@1b00[0]'
[   18.040213] of_get_named_gpiod_flags: can't parse 'reset-gpio' property of node '/ocp/target-module@47400000/usb-phy@1b00[0]'
[   18.040250] am335x-phy-driver 47401b00.usb-phy: using lookup tables for GPIO lookup
[   18.040265] am335x-phy-driver 47401b00.usb-phy: No GPIO consumer reset found
[   18.040279] am335x-phy-driver 47401b00.usb-phy: using DT '/ocp/target-module@47400000/usb-phy@1b00' for 'vbus-detect' GPIO lookup
[   18.040310] of_get_named_gpiod_flags: can't parse 'vbus-detect-gpios' property of node '/ocp/target-module@47400000/usb-phy@1b00[0]'
[   18.040342] of_get_named_gpiod_flags: can't parse 'vbus-detect-gpio' property of node '/ocp/target-module@47400000/usb-phy@1b00[0]'
[   18.040368] am335x-phy-driver 47401b00.usb-phy: using lookup tables for GPIO lookup
[   18.040380] am335x-phy-driver 47401b00.usb-phy: No GPIO consumer vbus-detect found
[   18.040530] am335x-phy-driver 47401b00.usb-phy: dummy supplies not allowed for exclusive requests (id=vbus)
[   18.632316] tda998x 0-0070: found TDA19988
[   19.144152] musb-hdrc musb-hdrc.1: MUSB HDRC host driver
[   19.149572] musb-hdrc musb-hdrc.1: new USB bus registered, assigned bus number 1
[   19.295015] omap-mailbox 480c8000.mailbox: omap mailbox rev 0x400
[   19.352679] remoteproc remoteproc0: powering up wkup_m3
[   19.427725] usb usb1: New USB device found, idVendor=1d6b, idProduct=0002, bcdDevice= 6.18
[   19.436266] usb usb1: New USB device strings: Mfr=3, Product=2, SerialNumber=1
[   19.443617] usb usb1: Product: MUSB HDRC host driver
[   19.448613] usb usb1: Manufacturer: Linux 6.18.0-rc6-next-20251119 musb-hcd
[   19.455639] usb usb1: SerialNumber: musb-hdrc.1
[   19.547780] remoteproc remoteproc0: Direct firmware load for am335x-pm-firmware.elf failed with error -2
[   19.557554] remoteproc remoteproc0: request_firmware failed: -2
[   19.563628] wkup_m3_ipc 44e11324.wkup_m3_ipc: rproc_boot failed
[   19.907122] hub 1-0:1.0: USB hub found
[   20.004114] hub 1-0:1.0: 1 port detected
[   22.061792] omap_rng 48310000.rng: Random Number Generator ver. 20
[   22.391260] tilcdc 4830e000.lcdc: bound 0-0070 (ops tda998x_driver_exit [tda998x])
[   22.489701] [drm] Initialized tilcdc 1.0.0 for 4830e000.lcdc on minor 0
[   22.620438] tilcdc 4830e000.lcdc: [drm] Cannot find any crtc or sizes
[   22.663243] tilcdc 4830e000.lcdc: [drm] Cannot find any crtc or sizes
[   24.265088] PM: Cannot get wkup_m3_ipc handle
[   24.421994] omap-sham 53100000.sham: hw accel on OMAP rev 4.3
[   24.497814] omap-aes 53500000.aes: OMAP AES hw accel rev: 3.2
[   24.529434] omap-sham 53100000.sham: will run requests pump with realtime priority
[   24.547971] PM: Cannot get wkup_m3_ipc handle
[   24.564979] Bluetooth: Core ver 2.22
[   24.568798] NET: Registered PF_BLUETOOTH protocol family
[   24.574310] Bluetooth: HCI device and connection manager initialized
[   24.580897] Bluetooth: HCI socket layer initialized
[   24.585878] Bluetooth: L2CAP socket layer initialized
[   24.590994] Bluetooth: SCO socket layer initialized
[   24.658535] omap-aes 53500000.aes: will run requests pump with realtime priority
[   24.668501] PM: Cannot get wkup_m3_ipc handle
[   25.412782] ------------[ cut here ]------------
[   25.417486] WARNING: net/8021q/vlan_core.c:236 at vlan_for_each+0x114/0x134, CPU#0: avahi-daemon/348
[   25.426849] RTNL: assertion failed at net/8021q/vlan_core.c (236)
[   25.433006] Modules linked in: snd_soc_simple_card omap_aes_driver snd_soc_simple_card_utils bluetooth omap_sham omap_crypto pm33xx ti_emif_sram crypto_engine ecdh_generic ecc libaes tilcdc drm_dma_helper omap_rng drm_client_lib rng_core snd_soc_davinci_mcasp snd_soc_ti_udma snd_soc_ti_edma snd_soc_ti_sdma snd_soc_core snd_pcm_dmaengine snd_pcm snd_timer omap_mailbox snd musb_dsps soundcore musb_hdrc tda998x udc_core cec usbcore phy_am335x drm_kms_helper phy_generic usb_common wkup_m3_ipc drm phy_am335x_control tps65218_pwrbutton drm_panel_orientation_quirks omap_wdt at24 cppi41 watchdog rtc_omap wkup_m3_rproc leds_gpio led_class cpufreq_dt autofs4
[   25.491059] CPU: 0 UID: 107 PID: 348 Comm: avahi-daemon Not tainted 6.18.0-rc6-next-20251119 #1 NONE 
[   25.491079] Hardware name: Generic AM33XX (Flattened Device Tree)
[   25.491088] Call trace: 
[   25.491105]  unwind_backtrace from show_stack+0x10/0x14
[   25.491144]  show_stack from dump_stack_lvl+0x50/0x64
[   25.491170]  dump_stack_lvl from __warn+0x88/0x148
[   25.491187]  __warn from warn_slowpath_fmt+0x19c/0x1b0
[   25.491201]  warn_slowpath_fmt from vlan_for_each+0x114/0x134
[   25.491218]  vlan_for_each from cpsw_add_mc_addr+0x40/0xa4
[   25.491251]  cpsw_add_mc_addr from __hw_addr_ref_sync_dev+0x108/0x140
[   25.491279]  __hw_addr_ref_sync_dev from __dev_mc_add+0x7c/0x80
[   25.491298]  __dev_mc_add from igmp6_group_added+0xc8/0xe0
[   25.491319]  igmp6_group_added from __ipv6_dev_mc_inc+0x218/0x364
[   25.491333]  __ipv6_dev_mc_inc from __ipv6_sock_mc_join+0x11c/0x1c0
[   25.491347]  __ipv6_sock_mc_join from do_ipv6_setsockopt+0x1214/0x1310
[   25.491372]  do_ipv6_setsockopt from ipv6_setsockopt+0x60/0xcc
[   25.491389]  ipv6_setsockopt from udpv6_setsockopt+0x2c/0x6c
[   25.491410]  udpv6_setsockopt from sock_common_setsockopt+0x30/0x40
[   25.491438]  sock_common_setsockopt from do_sock_setsockopt+0x50/0x9c
[   25.491455]  do_sock_setsockopt from __sys_setsockopt+0x70/0xbc
[   25.491470]  __sys_setsockopt from ret_fast_syscall+0x0/0x58
[   25.491485] Exception stack(0xe03c5fa8 to 0xe03c5ff0)
[   25.491499] 5fa0:                   00000014 b6fd7ce8 0000000d 00000029 00000014 bed779ec
[   25.491511] 5fc0: 00000014 b6fd7ce8 00000014 00000126 0000000d b6f80ff4 0046e990 00456558
[   25.491520] 5fe0: b6f96088 bed779d8 b6f73309 b6e4a41a
[   25.640309] ---[ end trace 0000000000000000 ]---
[   27.782716] PM: Cannot get wkup_m3_ipc handle
[   27.788452] asoc-simple-card sound: using DT '/sound' for 'simple-audio-card,hp-det' GPIO lookup
[   27.788525] of_get_named_gpiod_flags: can't parse 'simple-audio-card,hp-det-gpios' property of node '/sound[0]'
[   27.788560] of_get_named_gpiod_flags: can't parse 'simple-audio-card,hp-det-gpio' property of node '/sound[0]'
[   27.788585] asoc-simple-card sound: using lookup tables for GPIO lookup
[   27.788599] asoc-simple-card sound: No GPIO consumer simple-audio-card,hp-det found
[   27.788613] asoc-simple-card sound: using DT '/sound' for 'simple-audio-card,mic-det' GPIO lookup
[   27.788638] of_get_named_gpiod_flags: can't parse 'simple-audio-card,mic-det-gpios' property of node '/sound[0]'
[   27.788664] of_get_named_gpiod_flags: can't parse 'simple-audio-card,mic-det-gpio' property of node '/sound[0]'
[   27.788683] asoc-simple-card sound: using lookup tables for GPIO lookup
[   27.788695] asoc-simple-card sound: No GPIO consumer simple-audio-card,mic-det found
[   27.821856] PM: Cannot get wkup_m3_ipc handle
[   27.868157] tda998x 0-0070: using DT '/ocp/interconnect@44c00000/segment@200000/target-module@b000/i2c@0/tda19988@70' for 'nxp,calib' GPIO lookup
[   27.868311] of_get_named_gpiod_flags: parsed 'nxp,calib-gpios' property of node '/ocp/interconnect@44c00000/segment@200000/target-module@b000/i2c@0/tda19988@70[0]' - status (0)
[   27.868393] gpio gpiochip0: Persistence not supported for GPIO 25
[   27.868409] gpio-537 (nxp,calib): no flags found for GPIO nxp,calib
[   27.875005] gpio-537 (nxp,calib): gpiod_direction_output_nonotify: tried to set a GPIO tied to an IRQ as output
[   28.240330] tda9950 0-0034: TDA9950 CEC interface, hardware version 3.3
[   28.368868] PM: Cannot get wkup_m3_ipc handle
[   29.930048] userial_init: registered 8 ttyGS* devices
[   30.165851] rndis_register: configNr = 0
[   30.230691] udc musb-hdrc.0: binding gadget driver [g_multi]
[   30.230793] configfs-gadget.g_multi gadget.0: adding 'rndis'/f14c0ed1 to config 'c'/8d0fcfbd
[   30.232202] configfs-gadget.g_multi gadget.0: HOST MAC 1c:ba:8c:a2:ed:6c
[   30.238980] configfs-gadget.g_multi gadget.0: MAC 1c:ba:8c:a2:ed:70
[   30.245420] rndis_set_param_medium: 0 0
[   30.245444] configfs-gadget.g_multi gadget.0: RNDIS: IN/ep1in OUT/ep1out NOTIFY/ep2in
[   30.245461] configfs-gadget.g_multi gadget.0: adding 'cdc_ethernet'/53468a43 to config 'c'/8d0fcfbd
[   30.246357] configfs-gadget.g_multi gadget.0: HOST MAC 1c:ba:8c:a2:ed:6c
[   30.253201] configfs-gadget.g_multi gadget.0: MAC 1c:ba:8c:a2:ed:6d
[   30.259531] configfs-gadget.g_multi gadget.0: CDC Ethernet: IN/ep3in OUT/ep2out NOTIFY/ep4in
[   30.259548] configfs-gadget.g_multi gadget.0: adding 'acm'/8ddbc0a5 to config 'c'/8d0fcfbd
[   30.259585] configfs-gadget.g_multi gadget.0: acm ttyGS0: IN/ep5in OUT/ep3out NOTIFY/ep6in
[   30.272415] PM: Cannot get wkup_m3_ipc handle
[   31.537905] configfs-gadget.g_multi gadget.0: eth_open
[   36.727938] gs_open: ttyGS0 (84816a95,be93d459)
[   36.728092] gs_close: ttyGS0 (84816a95,be93d459) ...
[   36.728116] gs_close: ttyGS0 (84816a95,be93d459) done!
[   36.745170] gs_open: ttyGS0 (ae6f7bc7,1e6dee76)
[   36.745297] gs_close: ttyGS0 (ae6f7bc7,1e6dee76) ...
[   36.745320] gs_close: ttyGS0 (ae6f7bc7,1e6dee76) done!
[   36.888825] gs_open: ttyGS0 (540bc3ce,45aff86e)
[   36.889068] gs_close: ttyGS0 (540bc3ce,45aff86e) ...
[   36.889095] gs_close: ttyGS0 (540bc3ce,45aff86e) done!
[   36.890774] gs_open: ttyGS0 (540bc3ce,45aff86e)
AKVUQCXXNX 0
root@arm:~# echo 'NCHP''UTWQTN'
NCHPUTWQTN
root@arm:~# MARKER='MWAP''XAXQOY' run 'modprobe test_linear_ranges'
MWAPXAXQOYMWAPXAXQOY 0
root@arm:~# echo 'SSNA''HLPALZ'
SSNAHLPALZ
root@arm:~# MARKER='ATHO''YMZHKT' run dmesg
ATHOYMZHKT[    0.000000] Booting Linux on physical CPU 0x0
[    0.000000] Linux version 6.18.0-rc6-next-20251119 (user01@drvtest01) (arm-none-eabi-gcc (Arm GNU Toolchain 14.2.Rel1 (Build arm-14.52)) 14.2.1 20241119, GNU ld (Arm GNU Toolchain 14.2.Rel1 (Build arm-14.52)) 2.43.1.20241119) #1 SMP Wed Nov 19 14:10:26 EET 2025
[    0.000000] CPU: ARMv7 Processor [413fc082] revision 2 (ARMv7), cr=10c5387d
[    0.000000] CPU: PIPT / VIPT nonaliasing data cache, VIPT aliasing instruction cache
[    0.000000] OF: fdt: Machine model: TI AM335x BeagleBone Black
[    0.000000] Memory policy: Data cache writeback
[    0.000000] cma: Reserved 16 MiB at 0x9e800000
[    0.000000] Zone ranges:
[    0.000000]   Normal   [mem 0x0000000080000000-0x000000009fdfffff]
[    0.000000]   HighMem  empty
[    0.000000] Movable zone start for each node
[    0.000000] Early memory node ranges
[    0.000000]   node   0: [mem 0x0000000080000000-0x000000009fdfffff]
[    0.000000] Initmem setup node 0 [mem 0x0000000080000000-0x000000009fdfffff]
[    0.000000] On node 0, zone Normal: 512 pages in unavailable ranges
[    0.000000] OF: reserved mem: Reserved memory: No reserved-memory node in the DT
[    0.000000] CPU: All CPU(s) started in SVC mode.
[    0.000000] AM335X ES2.1 (sgx neon)
[    0.000000] percpu: Embedded 17 pages/cpu s39948 r8192 d21492 u69632
[    0.000000] pcpu-alloc: s39948 r8192 d21492 u69632 alloc=17*4096
[    0.000000] pcpu-alloc: [0] 0 
[    0.000000] Kernel command line: console=ttyO0,115200n8 root=/dev/nfs rw nfsroot=192.168.255.126:/home/user01/nfs,nfsvers=3 ip=192.168.255.1:192.168.255.126::255.255.255.0:bbb1:eth0 nfsrootdebug
[    0.000000] Unknown kernel command line parameters "nfsrootdebug", will be passed to user space.
[    0.000000] printk: log buffer data + meta data: 65536 + 204800 = 270336 bytes
[    0.000000] Dentry cache hash table entries: 65536 (order: 6, 262144 bytes, linear)
[    0.000000] Inode-cache hash table entries: 32768 (order: 5, 131072 bytes, linear)
[    0.000000] Built 1 zonelists, mobility grouping on.  Total pages: 130560
[    0.000000] mem auto-init: stack:off, heap alloc:off, heap free:off
[    0.000000] SLUB: HWalign=16, Order=0-3, MinObjects=0, CPUs=1, Nodes=1
[    0.000000] rcu: Hierarchical RCU implementation.
[    0.000000] rcu: 	RCU event tracing is enabled.
[    0.000000] rcu: 	RCU restricting CPUs from NR_CPUS=2 to nr_cpu_ids=1.
[    0.000000] 	Tracing variant of Tasks RCU enabled.
[    0.000000] rcu: RCU calculated value of scheduler-enlistment delay is 10 jiffies.
[    0.000000] rcu: Adjusting geometry for rcu_fanout_leaf=16, nr_cpu_ids=1
[    0.000000] RCU Tasks Trace: Setting shift to 0 and lim to 1 rcu_task_cb_adjust=1 rcu_task_cpu_ids=1.
[    0.000000] NR_IRQS: 16, nr_irqs: 16, preallocated irqs: 16
[    0.000000] IRQ: Found an INTC at 0x(ptrval) (revision 5.0) with 128 interrupts
[    0.000000] rcu: srcu_init: Setting srcu_struct sizes based on contention.
[    0.000000] TI gptimer clocksource: always-on /ocp/interconnect@44c00000/segment@200000/target-module@31000
[    0.000002] sched_clock: 32 bits at 24MHz, resolution 41ns, wraps every 89478484971ns
[    0.000027] clocksource: dmtimer: mask: 0xffffffff max_cycles: 0xffffffff, max_idle_ns: 79635851949 ns
[    0.000576] TI gptimer clockevent: 24000000 Hz at /ocp/interconnect@48000000/segment@0/target-module@40000
[    0.002135] Console: colour dummy device 80x30
[    0.002199] WARNING: Your 'console=ttyO0' has been replaced by 'ttyS0'
[    0.002207] This ensures that you still see kernel messages. Please
[    0.002212] update your kernel commandline.
[    0.002253] Calibrating delay loop... 996.14 BogoMIPS (lpj=4980736)
[    0.090691] CPU: Testing write buffer coherency: ok
[    0.090773] CPU0: Spectre v2: using BPIALL workaround
[    0.090783] pid_max: default: 32768 minimum: 301
[    0.091092] Mount-cache hash table entries: 1024 (order: 0, 4096 bytes, linear)
[    0.091112] Mountpoint-cache hash table entries: 1024 (order: 0, 4096 bytes, linear)
[    0.092708] CPU0: thread -1, cpu 0, socket -1, mpidr 0
[    0.092764] cacheinfo: Unable to detect cache hierarchy for CPU 0
[    0.094773] Setting up static identity map for 0x80100000 - 0x80100078
[    0.095094] rcu: Hierarchical SRCU implementation.
[    0.095102] rcu: 	Max phase no-delay instances is 1000.
[    0.096851] smp: Bringing up secondary CPUs ...
[    0.096906] smp: Brought up 1 node, 1 CPU
[    0.096917] SMP: Total of 1 processors activated (996.14 BogoMIPS).
[    0.096929] CPU: All CPU(s) started in SVC mode.
[    0.097171] Memory: 479964K/522240K available (12288K kernel code, 1231K rwdata, 2956K rodata, 1024K init, 256K bss, 24364K reserved, 16384K cma-reserved, 0K highmem)
[    0.098027] devtmpfs: initialized
[    0.115469] VFP support v0.3: implementor 41 architecture 3 part 30 variant c rev 3
[    0.116142] clocksource: jiffies: mask: 0xffffffff max_cycles: 0xffffffff, max_idle_ns: 19112604462750000 ns
[    0.116198] posixtimers hash table entries: 512 (order: 0, 4096 bytes, linear)
[    0.116222] futex hash table entries: 256 (16384 bytes on 1 NUMA nodes, total 16 KiB, linear).
[    0.119407] NET: Registered PF_NETLINK/PF_ROUTE protocol family
[    0.122522] DMA: preallocated 256 KiB pool for atomic coherent allocations
[    0.123499] audit: initializing netlink subsys (disabled)
[    0.124862] thermal_sys: Registered thermal governor 'fair_share'
[    0.124876] thermal_sys: Registered thermal governor 'step_wise'
[    0.124884] thermal_sys: Registered thermal governor 'user_space'
[    0.124996] audit: type=2000 audit(0.120:1): state=initialized audit_enabled=0 res=1
[    0.125067] cpuidle: using governor menu
[    0.143195] /ocp/interconnect@44c00000/segment@200000/target-module@b000/i2c@0/tda19988@70: Fixed dependency cycle(s) with /ocp/interconnect@48000000/segment@300000/target-module@e000/lcdc@0
[    0.144278] /ocp/interconnect@48000000/segment@300000/target-module@e000/lcdc@0: Fixed dependency cycle(s) with /ocp/interconnect@44c00000/segment@200000/target-module@b000/i2c@0/tda19988@70
[    0.146462] No ATAGs?
[    0.146498] hw-breakpoint: debug architecture 0x4 unsupported.
[    0.149109] kprobes: kprobe jump-optimization is enabled. All kprobes are optimized if possible.
[    0.163797] iommu: Default domain type: Translated
[    0.163820] iommu: DMA domain TLB invalidation policy: strict mode
[    0.165391] reg-fixed-voltage fixedregulator0: using DT '/fixedregulator0' for '(default)' GPIO lookup
[    0.165447] of_get_named_gpiod_flags: can't parse 'gpios' property of node '/fixedregulator0[0]'
[    0.165475] of_get_named_gpiod_flags: can't parse 'gpio' property of node '/fixedregulator0[0]'
[    0.165494] reg-fixed-voltage fixedregulator0: using lookup tables for GPIO lookup
[    0.165505] reg-fixed-voltage fixedregulator0: No GPIO consumer (default) found
[    0.166601] SCSI subsystem initialized
[    0.167062] libata version 3.00 loaded.
[    0.167442] pps_core: LinuxPPS API ver. 1 registered
[    0.167453] pps_core: Software ver. 5.3.6 - Copyright 2005-2007 Rodolfo Giometti <giometti@linux.it>
[    0.167478] PTP clock support registered
[    0.171107] vgaarb: loaded
[    0.180829] clocksource: Switched to clocksource dmtimer
[    0.181467] VFS: Disk quotas dquot_6.6.0
[    0.181528] VFS: Dquot-cache hash table entries: 1024 (order 0, 4096 bytes)
[    0.205858] NET: Registered PF_INET protocol family
[    0.206197] IP idents hash table entries: 8192 (order: 4, 65536 bytes, linear)
[    0.207623] tcp_listen_portaddr_hash hash table entries: 512 (order: 0, 4096 bytes, linear)
[    0.207654] Table-perturb hash table entries: 65536 (order: 6, 262144 bytes, linear)
[    0.207673] TCP established hash table entries: 4096 (order: 2, 16384 bytes, linear)
[    0.207718] TCP bind hash table entries: 4096 (order: 4, 65536 bytes, linear)
[    0.207819] TCP: Hash tables configured (established 4096 bind 4096)
[    0.207940] UDP hash table entries: 256 (order: 2, 14336 bytes, linear)
[    0.207973] UDP-Lite hash table entries: 256 (order: 2, 14336 bytes, linear)
[    0.208183] NET: Registered PF_UNIX/PF_LOCAL protocol family
[    0.209478] RPC: Registered named UNIX socket transport module.
[    0.209501] RPC: Registered udp transport module.
[    0.209506] RPC: Registered tcp transport module.
[    0.209511] RPC: Registered tcp-with-tls transport module.
[    0.209516] RPC: Registered tcp NFSv4.1 backchannel transport module.
[    0.209541] PCI: CLS 0 bytes, default 64
[    0.210980] Initialise system trusted keyrings
[    0.222295] workingset: timestamp_bits=14 max_order=17 bucket_order=3
[    0.223756] NFS: Registering the id_resolver key type
[    0.223816] Key type id_resolver registered
[    0.223823] Key type id_legacy registered
[    0.223935] jffs2: version 2.2. (NAND) (SUMMARY)  Â© 2001-2006 Red Hat, Inc.
[    0.224475] Key type asymmetric registered
[    0.224490] Asymmetric key parser 'x509' registered
[    0.224561] io scheduler mq-deadline registered
[    0.224571] io scheduler kyber registered
[    0.224655] io scheduler bfq registered
[    0.226452] target-module@4b000000:target-module@140000:pmu@0:fck: device ID is greater than 24
[    0.227583] ledtrig-cpu: registered to indicate activity on CPUs
[    0.242282] Serial: 8250/16550 driver, 6 ports, IRQ sharing enabled
[    0.282486] brd: module loaded
[    0.304901] loop: module loaded
[    0.305829] mtdoops: mtd device (mtddev=name/number) must be supplied
[    0.307356] mdio_bus fixed-0: using lookup tables for GPIO lookup
[    0.307380] mdio_bus fixed-0: No GPIO consumer reset found
[    0.308794] i2c_dev: i2c /dev entries driver
[    0.309819] cpuidle: enable-method property 'ti,am3352' found operations
[    0.310273] sdhci: Secure Digital Host Controller Interface driver
[    0.310283] sdhci: Copyright(c) Pierre Ossman
[    0.310465] sdhci-pltfm: SDHCI platform and OF driver helper
[    0.325571] hw perfevents: enabled with armv7_cortex_a8 PMU driver, 5 (8000000f) counters available
[    0.326116] Initializing XFRM netlink socket
[    0.326291] NET: Registered PF_INET6 protocol family
[    0.328298] Segment Routing with IPv6
[    0.328383] In-situ OAM (IOAM) with IPv6
[    0.328481] sit: IPv6, IPv4 and MPLS over IPv4 tunneling driver
[    0.329477] NET: Registered PF_PACKET protocol family
[    0.329495] PFKEY is deprecated and scheduled to be removed in 2027, please contact the netdev mailing list
[    0.329512] NET: Registered PF_KEY protocol family
[    0.329675] Key type dns_resolver registered
[    0.329906] ThumbEE CPU extension supported.
[    0.329926] Registering SWP/SWPB emulation handler
[    0.330447] omap_voltage_late_init: Voltage driver support not added
[    0.331114] SmartReflex Class3 initialized
[    0.363181] Loading compiled-in X.509 certificates
[    0.402224] /ocp/interconnect@44c00000/segment@200000/target-module@b000/i2c@0/tda19988@70: Fixed dependency cycle(s) with /ocp/interconnect@48000000/segment@300000/target-module@e000/lcdc@0
[    0.408645] /ocp/interconnect@44c00000/segment@200000/target-module@b000/i2c@0/tda19988@70: Fixed dependency cycle(s) with /ocp/interconnect@48000000/segment@300000/target-module@e000/lcdc@0
[    0.414438] gpiochip_find_base_unlocked: found new base at 512
[    0.426917] /ocp/interconnect@44c00000/segment@200000/target-module@b000/i2c@0/tda19988@70: Fixed dependency cycle(s) with /ocp/interconnect@48000000/segment@300000/target-module@e000/lcdc@0
[    0.427807] /ocp/interconnect@44c00000/segment@200000/target-module@b000/i2c@0/tda19988@70: Fixed dependency cycle(s) with /ocp/interconnect@48000000/segment@300000/target-module@e000/lcdc@0
[    0.431299] /ocp/interconnect@44c00000/segment@200000/target-module@10000/scm@0/pinmux@800: Fixed dependency cycle(s) with /ocp/interconnect@44c00000/segment@200000/target-module@10000/scm@0/pinmux@800/clkout2-pins
[    0.432137] pinctrl-single 44e10800.pinmux: 142 pins, size 568
[    0.468037] /ocp/interconnect@48000000/segment@300000/target-module@e000/lcdc@0: Fixed dependency cycle(s) with /ocp/interconnect@44c00000/segment@200000/target-module@b000/i2c@0/tda19988@70
[    0.487963] gpiochip_find_base_unlocked: found new base at 512
[    0.488064] gpio gpiochip0: (gpio-0-31): created GPIO range 0->7 ==> 44e10800.pinmux PIN 0->7
[    0.488084] gpio gpiochip0: (gpio-0-31): created GPIO range 8->11 ==> 44e10800.pinmux PIN 90->93
[    0.488100] gpio gpiochip0: (gpio-0-31): created GPIO range 12->27 ==> 44e10800.pinmux PIN 12->27
[    0.488116] gpio gpiochip0: (gpio-0-31): created GPIO range 28->31 ==> 44e10800.pinmux PIN 30->33
[    0.525173] gpio gpiochip0: (gpio-0-31): added GPIO chardev (254:0)
[    0.525419] gpio gpiochip0: registered GPIOs 512 to 543 on gpio-0-31
[    0.525505] OMAP GPIO hardware version 0.1
[    0.547976] i2c i2c-2: using DT '/ocp/interconnect@48000000/segment@100000/target-module@9c000/i2c@0' for 'scl' GPIO lookup
[    0.548050] of_get_named_gpiod_flags: can't parse 'scl-gpios' property of node '/ocp/interconnect@48000000/segment@100000/target-module@9c000/i2c@0[0]'
[    0.548093] of_get_named_gpiod_flags: can't parse 'scl-gpio' property of node '/ocp/interconnect@48000000/segment@100000/target-module@9c000/i2c@0[0]'
[    0.548130] i2c i2c-2: using lookup tables for GPIO lookup
[    0.548140] i2c i2c-2: No GPIO consumer scl found
[    0.548161] i2c i2c-2: using DT '/ocp/interconnect@48000000/segment@100000/target-module@9c000/i2c@0' for 'sda' GPIO lookup
[    0.548196] of_get_named_gpiod_flags: can't parse 'sda-gpios' property of node '/ocp/interconnect@48000000/segment@100000/target-module@9c000/i2c@0[0]'
[    0.548233] of_get_named_gpiod_flags: can't parse 'sda-gpio' property of node '/ocp/interconnect@48000000/segment@100000/target-module@9c000/i2c@0[0]'
[    0.548264] i2c i2c-2: using lookup tables for GPIO lookup
[    0.548272] i2c i2c-2: No GPIO consumer sda found
[    0.549023] omap_i2c 4819c000.i2c: bus 2 rev0.11 at 100 kHz
[    0.555076] gpiochip_find_base_unlocked: found new base at 544
[    0.555183] gpio gpiochip1: (gpio-32-63): created GPIO range 0->17 ==> 44e10800.pinmux PIN 34->51
[    0.555204] gpio gpiochip1: (gpio-32-63): created GPIO range 18->21 ==> 44e10800.pinmux PIN 77->80
[    0.555220] gpio gpiochip1: (gpio-32-63): created GPIO range 22->31 ==> 44e10800.pinmux PIN 56->65
[    0.568666] gpio gpiochip1: (gpio-32-63): added GPIO chardev (254:1)
[    0.568895] gpio gpiochip1: registered GPIOs 544 to 575 on gpio-32-63
[    0.571198] gpiochip_find_base_unlocked: found new base at 576
[    0.571286] gpio gpiochip2: (gpio-64-95): created GPIO range 0->4 ==> 44e10800.pinmux PIN 66->70
[    0.571307] gpio gpiochip2: (gpio-64-95): created GPIO range 5->6 ==> 44e10800.pinmux PIN 98->99
[    0.571323] gpio gpiochip2: (gpio-64-95): created GPIO range 7->8 ==> 44e10800.pinmux PIN 75->76
[    0.571339] gpio gpiochip2: (gpio-64-95): created GPIO range 13->13 ==> 44e10800.pinmux PIN 141->141
[    0.571356] gpio gpiochip2: (gpio-64-95): created GPIO range 14->21 ==> 44e10800.pinmux PIN 100->107
[    0.590082] gpio gpiochip2: (gpio-64-95): added GPIO chardev (254:2)
[    0.590336] gpio gpiochip2: registered GPIOs 576 to 607 on gpio-64-95
[    0.596280] 48000000.interconnect:segment@200000:target-module@0:mpu@0:fck: device ID is greater than 24
[    0.597196] /ocp/interconnect@48000000/segment@300000/target-module@e000/lcdc@0: Fixed dependency cycle(s) with /ocp/interconnect@44c00000/segment@200000/target-module@b000/i2c@0/tda19988@70
[    0.600006] /ocp/interconnect@48000000/segment@300000/target-module@e000/lcdc@0: Fixed dependency cycle(s) with /ocp/interconnect@44c00000/segment@200000/target-module@b000/i2c@0/tda19988@70
[    0.600706] /ocp/interconnect@44c00000/segment@200000/target-module@b000/i2c@0/tda19988@70: Fixed dependency cycle(s) with /ocp/interconnect@48000000/segment@300000/target-module@e000/lcdc@0
[    0.600877] /ocp/interconnect@48000000/segment@300000/target-module@e000/lcdc@0: Fixed dependency cycle(s) with /ocp/interconnect@44c00000/segment@200000/target-module@b000/i2c@0/tda19988@70
[    0.608677] sdhci-omap 481d8000.mmc: using DT '/ocp/interconnect@48000000/segment@100000/target-module@d8000/mmc@0' for 'wp' GPIO lookup
[    0.608747] of_get_named_gpiod_flags: can't parse 'wp-gpios' property of node '/ocp/interconnect@48000000/segment@100000/target-module@d8000/mmc@0[0]'
[    0.608791] of_get_named_gpiod_flags: can't parse 'wp-gpio' property of node '/ocp/interconnect@48000000/segment@100000/target-module@d8000/mmc@0[0]'
[    0.608826] sdhci-omap 481d8000.mmc: using lookup tables for GPIO lookup
[    0.608836] sdhci-omap 481d8000.mmc: No GPIO consumer wp found
[    0.609033] sdhci-omap 481d8000.mmc: supply pbias not found, using dummy regulator
[    0.610153] sdhci-omap 481d8000.mmc: supply vqmmc not found, using dummy regulator
[    0.616142] mdio_bus 4a101000.mdio: using DT '/ocp/interconnect@4a000000/segment@0/target-module@100000/switch@0/mdio@1000' for 'reset' GPIO lookup
[    0.616213] of_get_named_gpiod_flags: can't parse 'reset-gpios' property of node '/ocp/interconnect@4a000000/segment@0/target-module@100000/switch@0/mdio@1000[0]'
[    0.616259] of_get_named_gpiod_flags: can't parse 'reset-gpio' property of node '/ocp/interconnect@4a000000/segment@0/target-module@100000/switch@0/mdio@1000[0]'
[    0.616307] mdio_bus 4a101000.mdio: using lookup tables for GPIO lookup
[    0.616315] mdio_bus 4a101000.mdio: No GPIO consumer reset found
[    0.664240] davinci_mdio 4a101000.mdio: davinci mdio revision 1.6, bus freq 1000000
[    0.693153] mdio_bus 4a101000.mdio:00: using DT '/ocp/interconnect@4a000000/segment@0/target-module@100000/switch@0/mdio@1000/ethernet-phy@0' for 'reset' GPIO lookup
[    0.693253] of_get_named_gpiod_flags: parsed 'reset-gpios' property of node '/ocp/interconnect@4a000000/segment@0/target-module@100000/switch@0/mdio@1000/ethernet-phy@0[0]' - status (0)
[    0.693407] gpio gpiochip0: Persistence not supported for GPIO 8
[    0.829481] davinci_mdio 4a101000.mdio: phy[0]: device 4a101000.mdio:00, driver SMSC LAN8710/LAN8720
[    0.830252] cpsw-switch 4a100000.switch: initialized cpsw ale version 1.4
[    0.830273] cpsw-switch 4a100000.switch: ALE Table size 1024, Policers 0
[    0.830442] cpsw-switch 4a100000.switch: cpts: overflow check period 500 (jiffies)
[    0.830457] cpsw-switch 4a100000.switch: CPTS: ref_clk_freq:250000000 calc_mult:2147483648 calc_shift:29 error:0 nsec/sec
[    0.830552] cpsw-switch 4a100000.switch: Detected MACID = 6c:ec:eb:68:de:78
[    0.832620] cpsw-switch 4a100000.switch: initialized (regs 0x4a100000, pool size 256) hw_ver:0019010C 1.12 (0)
[    0.845060] debugfs: '49000000.dma' already exists in 'dmaengine'
[    0.845104] edma 49000000.dma: TI EDMA DMA engine driver
[    0.899494] ti-sysc 44e31000.target-module: Failed to create device link (0x180) with supplier ocp for /ocp/interconnect@44c00000/segment@200000/target-module@31000/timer@0
[    0.899553] ti-sysc 48040000.target-module: Failed to create device link (0x180) with supplier ocp for /ocp/interconnect@48000000/segment@0/target-module@40000/timer@0
[    0.900494] gpio-clk clk_mcasp0: using DT '/clk_mcasp0' for 'enable' GPIO lookup
[    0.900559] of_get_named_gpiod_flags: parsed 'enable-gpios' property of node '/clk_mcasp0[0]' - status (0)
[    0.900601] gpio gpiochip0: Persistence not supported for GPIO 27
[    0.901329] gpiochip_find_base_unlocked: found new base at 608
[    0.901441] gpio gpiochip3: (gpio-96-127): created GPIO range 0->7 ==> 44e10800.pinmux PIN 82->89
[    0.901681] gpio gpiochip3: (gpio-96-127): created GPIO range 8->11 ==> 44e10800.pinmux PIN 52->55
[    0.901705] gpio gpiochip3: (gpio-96-127): created GPIO range 12->15 ==> 44e10800.pinmux PIN 94->97
[    0.901722] gpio gpiochip3: (gpio-96-127): created GPIO range 16->17 ==> 44e10800.pinmux PIN 71->72
[    0.901738] gpio gpiochip3: (gpio-96-127): created GPIO range 18->18 ==> 44e10800.pinmux PIN 135->135
[    0.901754] gpio gpiochip3: (gpio-96-127): created GPIO range 19->20 ==> 44e10800.pinmux PIN 108->109
[    0.901771] gpio gpiochip3: (gpio-96-127): created GPIO range 21->21 ==> 44e10800.pinmux PIN 73->73
[    0.901788] gpio gpiochip3: (gpio-96-127): created GPIO range 22->23 ==> 44e10800.pinmux PIN 8->9
[    0.901805] gpio gpiochip3: (gpio-96-127): created GPIO range 26->27 ==> 44e10800.pinmux PIN 10->11
[    0.901823] gpio gpiochip3: (gpio-96-127): created GPIO range 28->28 ==> 44e10800.pinmux PIN 74->74
[    0.901842] gpio gpiochip3: (gpio-96-127): created GPIO range 29->29 ==> 44e10800.pinmux PIN 81->81
[    0.901860] gpio gpiochip3: (gpio-96-127): created GPIO range 30->31 ==> 44e10800.pinmux PIN 28->29
[    0.913982] gpio gpiochip3: (gpio-96-127): added GPIO chardev (254:3)
[    0.914236] gpio gpiochip3: registered GPIOs 608 to 639 on gpio-96-127
[    0.916069] omap8250 44e09000.serial: using DT '/ocp/interconnect@44c00000/segment@200000/target-module@9000/serial@0' for 'rs485-term' GPIO lookup
[    0.916138] of_get_named_gpiod_flags: can't parse 'rs485-term-gpios' property of node '/ocp/interconnect@44c00000/segment@200000/target-module@9000/serial@0[0]'
