Labgrid Console Logfile for main
Logfile started at 2024-11-17 18:28:36.439703
=== Log starts here ===
reading args
spl_load_image_fat_os: error reading image args, err - -1
reading u-boot.img
reading u-boot.img


U-Boot 2014.04-00014-g47880f5 (Apr 22 2014 - 13:23:54)

I2C:   ready
DRAM:  512 MiB
NAND:  0 MiB
MMC:   OMAP SD/MMC: 0, OMAP SD/MMC: 1
*** Warning - readenv() failed, using default environment

Net:   <ethaddr> not set. Validating first E-fuse MAC
cpsw, usb_ether
Hit any key to stop autoboot:  1  0 
gpio: pin 53 (gpio 53) value is 1
mmc0 is current device
gpio: pin 54 (gpio 54) value is 1
SD/MMC found on device 0
reading uEnv.txt
569 bytes read in 4 ms (138.7 KiB/s)
gpio: pin 55 (gpio 55) value is 1
Loaded environment from uEnv.txt
Importing environment from mmc ...
Checking if uenvcmd is set ...
gpio: pin 56 (gpio 56) value is 1
Running uenvcmd ...
cpsw Waiting for PHY auto negotiation to complete. done
link up on port 0, speed 100, full duplex
Using cpsw device
TFTP from server 192.168.255.126; our IP address is 192.168.255.1
Filename 'zImage'.
Load address: 0x81000000
Loading: *#################################################################
	 #################################################################
	 #################################################################
	 #################################################################
	 #################################################################
	 ######################################
	 2.4 MiB/s
done
Bytes transferred = 5314824 (511908 hex)
link up on port 0, speed 100, full duplex
Using cpsw device
TFTP from server 192.168.255.126; our IP address is 192.168.255.1
Filename 'am335x-boneblack.dtb'.
Load address: 0x82000000
Loading: *#######
	 2.2 MiB/s
done
Bytes transferred = 97772 (17dec hex)
Kernel image @ 0x81000000 [ 0x000000 - 0x511908 ]
## Flattened Device Tree blob at 82000000
   Booting using the fdt blob at 0x82000000
   Using Device Tree in place at 82000000, end 8201adeb

Starting kernel ...

[    0.000000] Booting Linux on physical CPU 0x0
[    0.000000] Linux version 6.6.62 (user01@drvtest01) (arm-linux-gnueabihf-gcc (Linaro GCC 6.4-2017.11) 6.4.1 20171012, GNU ld (Linaro_Binutils-2017.11) 2.27.0.20161229) #13 SMP Sun Nov 17 18:26:21 EET 2024
[    0.000000] CPU: ARMv7 Processor [413fc082] revision 2 (ARMv7), cr=10c5387d
[    0.000000] CPU: PIPT / VIPT nonaliasing data cache, VIPT aliasing instruction cache
[    0.000000] OF: fdt: Machine model: TI AM335x BeagleBone Black
[    0.000000] Memory policy: Data cache writeback
[    0.000000] cma: Reserved 16 MiB at 0x9e800000 on node -1
[    0.000000] Zone ranges:
[    0.000000]   Normal   [mem 0x0000000080000000-0x000000009fdfffff]
[    0.000000]   HighMem  empty
[    0.000000] Movable zone start for each node
[    0.000000] Early memory node ranges
[    0.000000]   node   0: [mem 0x0000000080000000-0x000000009fdfffff]
[    0.000000] Initmem setup node 0 [mem 0x0000000080000000-0x000000009fdfffff]
[    0.000000] CPU: All CPU(s) started in SVC mode.
[    0.000000] AM335X ES2.1 (sgx neon)
[    0.000000] percpu: Embedded 16 pages/cpu s36052 r8192 d21292 u65536
[    0.000000] Kernel command line: console=ttyO0,115200n8 root=/dev/nfs rw nfsroot=192.168.255.126:/home/user01/nfs,nfsvers=3 ip=192.168.255.1:192.168.255.126::255.255.255.0:bbb1:eth0 nfsrootdebug
[    0.000000] Unknown kernel command line parameters "nfsrootdebug", will be passed to user space.
[    0.000000] Dentry cache hash table entries: 65536 (order: 6, 262144 bytes, linear)
[    0.000000] Inode-cache hash table entries: 32768 (order: 5, 131072 bytes, linear)
[    0.000000] Built 1 zonelists, mobility grouping on.  Total pages: 129412
[    0.000000] mem auto-init: stack:off, heap alloc:off, heap free:off
[    0.000000] Memory: 483604K/522240K available (11264K kernel code, 1163K rwdata, 2700K rodata, 1024K init, 283K bss, 22252K reserved, 16384K cma-reserved, 0K highmem)
[    0.000000] SLUB: HWalign=64, Order=0-3, MinObjects=0, CPUs=1, Nodes=1
[    0.000000] trace event string verifier disabled
[    0.000000] rcu: Hierarchical RCU implementation.
[    0.000000] rcu: 	RCU event tracing is enabled.
[    0.000000] rcu: 	RCU restricting CPUs from NR_CPUS=2 to nr_cpu_ids=1.
[    0.000000] rcu: RCU calculated value of scheduler-enlistment delay is 10 jiffies.
[    0.000000] rcu: Adjusting geometry for rcu_fanout_leaf=16, nr_cpu_ids=1
[    0.000000] NR_IRQS: 16, nr_irqs: 16, preallocated irqs: 16
[    0.000000] IRQ: Found an INTC at 0x(ptrval) (revision 5.0) with 128 interrupts
[    0.000000] rcu: srcu_init: Setting srcu_struct sizes based on contention.
[    0.000000] TI gptimer clocksource: always-on /ocp/interconnect@44c00000/segment@200000/target-module@31000
[    0.000002] sched_clock: 32 bits at 24MHz, resolution 41ns, wraps every 89478484971ns
[    0.000027] clocksource: dmtimer: mask: 0xffffffff max_cycles: 0xffffffff, max_idle_ns: 79635851949 ns
[    0.000524] TI gptimer clockevent: 24000000 Hz at /ocp/interconnect@48000000/segment@0/target-module@40000
[    0.002109] Console: colour dummy device 80x30
[    0.002160] WARNING: Your 'console=ttyO0' has been replaced by 'ttyS0'
[    0.002168] This ensures that you still see kernel messages. Please
[    0.002173] update your kernel commandline.
[    0.002213] Calibrating delay loop... 996.14 BogoMIPS (lpj=4980736)
[    0.090573] CPU: Testing write buffer coherency: ok
[    0.090681] CPU0: Spectre v2: using BPIALL workaround
[    0.090691] pid_max: default: 32768 minimum: 301
[    0.090804] LSM: initializing lsm=capability,integrity
[    0.090972] Mount-cache hash table entries: 1024 (order: 0, 4096 bytes, linear)
[    0.090990] Mountpoint-cache hash table entries: 1024 (order: 0, 4096 bytes, linear)
[    0.092504] CPU0: thread -1, cpu 0, socket -1, mpidr 0
[    0.094161] Setting up static identity map for 0x80100000 - 0x80100078
[    0.094455] rcu: Hierarchical SRCU implementation.
[    0.094466] rcu: 	Max phase no-delay instances is 1000.
[    0.095860] smp: Bringing up secondary CPUs ...
[    0.095913] smp: Brought up 1 node, 1 CPU
[    0.095926] SMP: Total of 1 processors activated (996.14 BogoMIPS).
[    0.095938] CPU: All CPU(s) started in SVC mode.
[    0.096839] devtmpfs: initialized
[    0.113875] VFP support v0.3: implementor 41 architecture 3 part 30 variant c rev 3
[    0.114226] clocksource: jiffies: mask: 0xffffffff max_cycles: 0xffffffff, max_idle_ns: 19112604462750000 ns
[    0.114260] futex hash table entries: 256 (order: 2, 16384 bytes, linear)
[    0.115552] pinctrl core: initialized pinctrl subsystem
[    0.118297] NET: Registered PF_NETLINK/PF_ROUTE protocol family
[    0.121091] DMA: preallocated 256 KiB pool for atomic coherent allocations
[    0.121734] audit: initializing netlink subsys (disabled)
[    0.123034] thermal_sys: Registered thermal governor 'fair_share'
[    0.123055] thermal_sys: Registered thermal governor 'step_wise'
[    0.123061] thermal_sys: Registered thermal governor 'user_space'
[    0.123172] audit: type=2000 audit(0.120:1): state=initialized audit_enabled=0 res=1
[    0.123250] cpuidle: using governor menu
[    0.140549] No ATAGs?
[    0.140573] hw-breakpoint: debug architecture 0x4 unsupported.
[    0.143836] kprobes: kprobe jump-optimization is enabled. All kprobes are optimized if possible.
[    0.163600] iommu: Default domain type: Translated
[    0.163622] iommu: DMA domain TLB invalidation policy: strict mode
[    0.165104] SCSI subsystem initialized
[    0.171255] pps_core: LinuxPPS API ver. 1 registered
[    0.171264] pps_core: Software ver. 5.3.6 - Copyright 2005-2007 Rodolfo Giometti <giometti@linux.it>
[    0.171288] PTP clock support registered
[    0.180890] vgaarb: loaded
[    0.181267] clocksource: Switched to clocksource dmtimer
[    0.181901] VFS: Disk quotas dquot_6.6.0
[    0.181963] VFS: Dquot-cache hash table entries: 1024 (order 0, 4096 bytes)
[    0.204882] NET: Registered PF_INET protocol family
[    0.205228] IP idents hash table entries: 8192 (order: 4, 65536 bytes, linear)
[    0.206597] tcp_listen_portaddr_hash hash table entries: 512 (order: 0, 4096 bytes, linear)
[    0.206631] Table-perturb hash table entries: 65536 (order: 6, 262144 bytes, linear)
[    0.206648] TCP established hash table entries: 4096 (order: 2, 16384 bytes, linear)
[    0.206689] TCP bind hash table entries: 4096 (order: 4, 65536 bytes, linear)
[    0.206789] TCP: Hash tables configured (established 4096 bind 4096)
[    0.206916] UDP hash table entries: 256 (order: 1, 8192 bytes, linear)
[    0.206946] UDP-Lite hash table entries: 256 (order: 1, 8192 bytes, linear)
[    0.207123] NET: Registered PF_UNIX/PF_LOCAL protocol family
[    0.212466] RPC: Registered named UNIX socket transport module.
[    0.212487] RPC: Registered udp transport module.
[    0.212493] RPC: Registered tcp transport module.
[    0.212499] RPC: Registered tcp-with-tls transport module.
[    0.212504] RPC: Registered tcp NFSv4.1 backchannel transport module.
[    0.212530] PCI: CLS 0 bytes, default 64
[    0.214195] Initialise system trusted keyrings
[    0.221631] workingset: timestamp_bits=14 max_order=17 bucket_order=3
[    0.222893] NFS: Registering the id_resolver key type
[    0.222972] Key type id_resolver registered
[    0.222980] Key type id_legacy registered
[    0.223040] jffs2: version 2.2. (NAND) (SUMMARY)  Â© 2001-2006 Red Hat, Inc.
[    0.223507] Key type asymmetric registered
[    0.223523] Asymmetric key parser 'x509' registered
[    0.223597] io scheduler mq-deadline registered
[    0.223608] io scheduler kyber registered
[    0.223674] io scheduler bfq registered
[    0.241438] Serial: 8250/16550 driver, 6 ports, IRQ sharing enabled
[    0.290330] brd: module loaded
[    0.306077] loop: module loaded
[    0.307011] mtdoops: mtd device (mtddev=name/number) must be supplied
[    0.309819] i2c_dev: i2c /dev entries driver
[    0.310789] cpuidle: enable-method property 'ti,am3352' found operations
[    0.311410] sdhci: Secure Digital Host Controller Interface driver
[    0.311423] sdhci: Copyright(c) Pierre Ossman
[    0.311643] sdhci-pltfm: SDHCI platform and OF driver helper
[    0.327765] ledtrig-cpu: registered to indicate activity on CPUs
[    0.328584] Initializing XFRM netlink socket
[    0.328741] NET: Registered PF_INET6 protocol family
[    0.330466] Segment Routing with IPv6
[    0.330543] In-situ OAM (IOAM) with IPv6
[    0.330639] sit: IPv6, IPv4 and MPLS over IPv4 tunneling driver
[    0.331810] NET: Registered PF_PACKET protocol family
[    0.331846] NET: Registered PF_KEY protocol family
[    0.331967] Key type dns_resolver registered
[    0.332251] ThumbEE CPU extension supported.
[    0.332271] Registering SWP/SWPB emulation handler
[    0.332788] omap_voltage_late_init: Voltage driver support not added
[    0.333137] SmartReflex Class3 initialized
[    0.373303] Loading compiled-in X.509 certificates
[    0.416564] platform 44e10800.pinmux: Fixed dependency cycle(s) with /ocp/interconnect@44c00000/segment@200000/target-module@10000/scm@0/pinmux@800/clkout2-pins
[    0.417143] pinctrl-single 44e10800.pinmux: 142 pins, size 568
[    0.422384] ti-sysc: probe of 44e31000.target-module failed with error -16
[    0.458840] ti-sysc: probe of 48040000.target-module failed with error -16
[    0.505190] OMAP GPIO hardware version 0.1
[    0.546633] omap_i2c 4819c000.i2c: bus 2 rev0.11 at 100 kHz
[    0.565907] platform 4830e000.lcdc: Fixed dependency cycle(s) with /ocp/interconnect@44c00000/segment@200000/target-module@b000/i2c@0/tda19988@70
[    0.577593] sdhci-omap 481d8000.mmc: supply pbias not found, using dummy regulator
[    0.578088] sdhci-omap 481d8000.mmc: supply vqmmc not found, using dummy regulator
[    0.659453] davinci_mdio 4a101000.mdio: davinci mdio revision 1.6, bus freq 1000000
[    0.775004] davinci_mdio 4a101000.mdio: phy[0]: device 4a101000.mdio:00, driver SMSC LAN8710/LAN8720
[    0.775641] cpsw-switch 4a100000.switch: initialized cpsw ale version 1.4
[    0.775663] cpsw-switch 4a100000.switch: ALE Table size 1024
[    0.775804] cpsw-switch 4a100000.switch: cpts: overflow check period 500 (jiffies)
[    0.775821] cpsw-switch 4a100000.switch: CPTS: ref_clk_freq:250000000 calc_mult:2147483648 calc_shift:29 error:0 nsec/sec
[    0.775928] cpsw-switch 4a100000.switch: Detected MACID = 6c:ec:eb:68:de:78
[    0.777745] cpsw-switch 4a100000.switch: initialized (regs 0x4a100000, pool size 256) hw_ver:0019010C 1.12 (0)
[    0.788819] debugfs: Directory '49000000.dma' with parent 'dmaengine' already present!
[    0.788857] edma 49000000.dma: TI EDMA DMA engine driver
[    0.849318] hw perfevents: enabled with armv7_cortex_a8 PMU driver, 5 counters available
[    0.855882] 44e09000.serial: ttyS0 at MMIO 0x44e09000 (irq = 34, base_baud = 3000000) is a 8250
[    0.855967] printk: console [ttyS0] enabled
[    1.831299] l3-aon-clkctrl:0000:0: failed to disable
[    1.911794] tps65217-pmic: Failed to locate of_node [id: -1]
[    1.917843] tps65217-bl: Failed to locate of_node [id: -1]
[    1.995792] tps65217 0-0024: TPS65217 ID 0xe version 1.2
[    2.001854] platform 4830e000.lcdc: Fixed dependency cycle(s) with /ocp/interconnect@44c00000/segment@200000/target-module@b000/i2c@0/tda19988@70
[    2.015258] i2c 0-0070: Fixed dependency cycle(s) with /ocp/interconnect@48000000/segment@300000/target-module@e000/lcdc@0
[    2.026660] omap_i2c 44e0b000.i2c: bus 0 rev0.11 at 400 kHz
[    2.086615] omap_gpio 44e07000.gpio: Could not set line 6 debounce to 200000 microseconds (-22)
[    2.095524] sdhci-omap 48060000.mmc: Got CD GPIO
[    2.100527] sdhci-omap 48060000.mmc: supply pbias not found, using dummy regulator
[    2.141654] sdhci-omap 48060000.mmc: supply vqmmc not found, using dummy regulator
[    2.150068] sdhci-omap 481d8000.mmc: supply pbias not found, using dummy regulator
[    2.159360] sdhci-omap 481d8000.mmc: supply vqmmc not found, using dummy regulator
[    2.198967] mmc0: SDHCI controller on 48060000.mmc [48060000.mmc] using External DMA
[    2.207307] mmc1: SDHCI controller on 481d8000.mmc [481d8000.mmc] using External DMA
[    2.216049] cpsw-switch 4a100000.switch: starting ndev. mode: dual_mac
[    2.259293] mmc0: new high speed SDHC card at address 5048
[    2.266313] mmcblk0: mmc0:5048 SD16G 14.4 GiB
[    2.274142]  mmcblk0: p1 p2
[    2.277398] mmcblk0: p2 size 31221760 extends beyond EOD, truncated
[    2.291996] mmc1: new high speed MMC card at address 0001
[    2.298716] mmcblk1: mmc1:0001 MMC04G 3.60 GiB
[    2.305923]  mmcblk1: p1 p2
[    2.310148] mmcblk1boot0: mmc1:0001 MMC04G 2.00 MiB
[    2.317501] mmcblk1boot1: mmc1:0001 MMC04G 2.00 MiB
[    2.324498] mmcblk1rpmb: mmc1:0001 MMC04G 128 KiB, chardev (250:0)
[    2.331210] SMSC LAN8710/LAN8720 4a101000.mdio:00: attached PHY driver (mii_bus:phy_addr=4a101000.mdio:00, irq=POLL)
[    5.442017] cpsw-switch 4a100000.switch eth0: Link is Up - 100Mbps/Full - flow control off
[    5.491323] IP-Config: Complete:
[    5.494592]      device=eth0, hwaddr=6c:ec:eb:68:de:78, ipaddr=192.168.255.1, mask=255.255.255.0, gw=255.255.255.255
[    5.505209]      host=bbb1, domain=, nis-domain=(none)
[    5.510373]      bootserver=192.168.255.126, rootserver=192.168.255.126, rootpath=
[    5.510799] clk: Disabling unused clocks
[    5.522655] KTAP version 1
[    5.525380] 1..0
[    5.549608] VFS: Mounted root (nfs filesystem) on device 0:16.
[    5.556699] devtmpfs: mounted
[    5.561471] Freeing unused kernel image (initmem) memory: 1024K
[    5.568221] Run /sbin/init as init process
[    6.243360] systemd[1]: System time before build time, advancing clock.
[    7.711287] random: crng init done
[    7.782514] systemd[1]: systemd 232 running in system mode. (+PAM +AUDIT +SELINUX +IMA +APPARMOR +SMACK +SYSVINIT +UTMP +LIBCRYPTSETUP +GCRYPT +GNUTLS +ACL +XZ +LZ4 +SECCOMP +BLKID +ELFUTILS +KMOD +IDN)
[    7.801693] systemd[1]: Detected architecture arm.

Welcome to [1mDebian GNU/Linux 9 (stretch)[0m!

[    7.844265] systemd[1]: Set hostname to <arm>.
[    8.926142] systemd[1]: Listening on udev Kernel Socket.
[[0;32m  OK  [0m] Listening on udev Kernel Socket.
[    8.962556] systemd[1]: Listening on Journal Audit Socket.
[[0;32m  OK  [0m] Listening on Journal Audit Socket.
[    9.003249] systemd[1]: Listening on Journal Socket (/dev/log).
[[0;32m  OK  [0m] Listening on Journal Socket (/dev/log).
[    9.042830] systemd[1]: Created slice User and Session Slice.
[[0;32m  OK  [0m] Created slice User and Session Slice.
[    9.082109] systemd[1]: Started Forward Password Requests to Wall Directory Watch.
[[0;32m  OK  [0m] Started Forward Password Requests to Wall Directory Watch.
[    9.121931] systemd[1]: Listening on Syslog Socket.
[[0;32m  OK  [0m] Listening on Syslog Socket.
[    9.163240] systemd[1]: Listening on udev Control Socket.
[[0;32m  OK  [0m] Listening on udev Control Socket.
[[0;32m  OK  [0m] Set up automount Arbitrary Executabâ€¦rmats File System Automount Point.
[[0;32m  OK  [0m] Listening on /dev/initctl Compatibility Named Pipe.
[[0;32m  OK  [0m] Created slice System Slice.
         Mounting Debug File System...
         Mounting POSIX Message Queue File System...
[[0;32m  OK  [0m] Created slice system-getty.slice.
[[0;32m  OK  [0m] Reached target Slices.
[[0;32m  OK  [0m] Created slice system-serial\x2dgetty.slice.
[[0;32m  OK  [0m] Reached target Remote File Systems.
[[0;32m  OK  [0m] Reached target Swap.
[[0;32m  OK  [0m] Started Dispatch Password Requests to Console Directory Watch.
[[0;32m  OK  [0m] Reached target Paths.
[[0;32m  OK  [0m] Reached target Encrypted Volumes.
[[0;32m  OK  [0m] Listening on Journal Socket.
         Starting Journal Service...
         Starting Load Kernel Modules...
         Starting Create list of required stâ€¦ce nodes for the current kernel...
         Starting Remount Root and Kernel File Systems...
[[0;32m  OK  [0m] Mounted POSIX Message Queue File System.
[[0;32m  OK  [0m] Mounted Debug File System.
[[0;32m  OK  [0m] Started Create list of required staâ€¦vice nodes for the current kernel.
         Starting Create Static Device Nodes in /dev...
[[0;32m  OK  [0m] Started Load Kernel Modules.
[[0;32m  OK  [0m] Started Remount Root and Kernel File Systems.
         Starting Load/Save Random Seed...
         Starting udev Coldplug all Devices...
         Starting Apply Kernel Variables...
         Mounting Configuration File System...
[[0;32m  OK  [0m] Started Load/Save Random Seed.
[[0;32m  OK  [0m] Mounted Configuration File System.
[[0;32m  OK  [0m] Started Apply Kernel Variables.
[[0;32m  OK  [0m] Started Create Static Device Nodes in /dev.
         Starting udev Kernel Device Manager...
[[0;32m  OK  [0m] Reached target Local File Systems (Pre).
[[0;32m  OK  [0m] Reached target Local File Systems.
         Starting Raise network interfaces...
[[0;32m  OK  [0m] Started Journal Service.
         Starting Flush Journal to Persistent Storage...
[   11.422865] systemd-journald[83]: Received request to flush runtime journal from PID 1
[[0;32m  OK  [0m] Started Flush Journal to Persistent Storage.
         Starting Create Volatile Files and Directories...
[[0;32m  OK  [0m] Started udev Kernel Device Manager.
[[0;32m  OK  [0m] Started Create Volatile Files and Directories.
         Starting Update UTMP about System Boot/Shutdown...
         Starting Network Time Synchronization...
[[0;32m  OK  [0m] Started Update UTMP about System Boot/Shutdown.
[[0;32m  OK  [0m] Started udev Coldplug all Devices.
[   14.496409] remoteproc remoteproc0: wkup_m3 is available
[[0;32m  OK  [0m] Found device /dev/ttyS0.
[   14.774540] wkup_m3_ipc 44e11324.wkup_m3_ipc: IPC Request for A8->M3 Channel failed! -517
[[0;32m  OK  [0m] Started Network Time Synchronization.
[   14.873832] at24 2-0054: supply vcc not found, using dummy regulator
[   14.963802] omap_wdt: OMAP Watchdog Timer Rev 0x01: initial timeout 60 sec
[   14.983795] wkup_m3_ipc 44e11324.wkup_m3_ipc: IPC Request for A8->M3 Channel failed! -517
[[0;32m  OK  [0m] Reached target System Time Synchronized.[   15.023487] at24 2-0055: supply vcc not found, using dummy regulator

[[0;32m  OK  [0m] Reached target System Initialization.
[   15.179997] omap_rtc 44e3e000.rtc: registered as rtc0
[   15.185390] omap_rtc 44e3e000.rtc: setting system clock to 2000-01-01T00:00:00 UTC (946684800)
[   15.196466] wkup_m3_ipc 44e11324.wkup_m3_ipc: IPC Request for A8->M3 Channel failed! -517
[   15.212123] at24 2-0056: supply vcc not found, using dummy regulator
[[0;32m  OK  [0m] Listening on Avahi mDNS/DNS-SD Stack Activation Socket.
[   15.298655] at24 2-0057: supply vcc not found, using dummy regulator
[[0;32m  OK  [0m] Started Daily apt download activities.
[[0;32m  OK  [0m] Started Daily apt upgrade and clean activities.
[[0;32m  OK  [0m] Started Daily Cleanup of Temporary Directories.
[   15.480203] at24 0-0050: 32768 byte 24c256 EEPROM, writable, 1 bytes/write
[[0;32m  OK  [0m] Reached target Timers.[   15.490681] wkup_m3_ipc 44e11324.wkup_m3_ipc: IPC Request for A8->M3 Channel failed! -517

[[0;32m  OK  [0m] Listening on D-Bus System Message Bus Socket.
[[0;32m  OK  [0m] Reached target Sockets.
[[0;32m  OK  [0m] Reached target Basic System.
[   15.740604] tps6521x_pwrbutton tps65217-pwrbutton: DMA mask not set
         Starting Generic Board Startup...
[   15.824506] wkup_m3_ipc 44e11324.wkup_m3_ipc: IPC Request for A8->M3 Channel failed! -517
[   15.854211] input: tps65217_pwrbutton as /devices/platform/ocp/44c00000.interconnect/44c00000.interconnect:segment@200000/44e0b000.target-module/44e0b000.i2c/i2c-0/0-0024/tps65217-pwrbutton/input/input0
         Starting Avahi mDNS/DNS-SD Stack...
[   15.928512] am335x-phy-driver 47401300.usb-phy: dummy supplies not allowed for exclusive requests
[   15.942268] wkup_m3_ipc 44e11324.wkup_m3_ipc: IPC Request for A8->M3 Channel failed! -517
         Starting DUN service...
         Starting Login Service...
[   16.272063] usbcore: registered new interface driver usbfs
[   16.277715] usbcore: registered new interface driver hub
[   16.283461] usbcore: registered new device driver usb
[   16.290411] am335x-phy-driver 47401b00.usb-phy: dummy supplies not allowed for exclusive requests
[   16.310571] wkup_m3_ipc 44e11324.wkup_m3_ipc: IPC Request for A8->M3 Channel failed! -517
         Starting LSB: Start busybox udhcpd at boot time...
         Starting Telephony service...
[   16.829571] wkup_m3_ipc 44e11324.wkup_m3_ipc: IPC Request for A8->M3 Channel failed! -517
[[0;32m  OK  [0m] Started Regular background program processing daemon.
[   17.084781] musb-hdrc musb-hdrc.1: MUSB HDRC host driver
[   17.090194] musb-hdrc musb-hdrc.1: new USB bus registered, assigned bus number 1
[   17.116347] wkup_m3_ipc 44e11324.wkup_m3_ipc: IPC Request for A8->M3 Channel failed! -517
[[0;32m  OK  [0m] Started D-Bus System Message Bus.
[   17.241766] tda998x 0-0070: found TDA19988
[   17.324725] usb usb1: New USB device found, idVendor=1d6b, idProduct=0002, bcdDevice= 6.06
[   17.333238] usb usb1: New USB device strings: Mfr=3, Product=2, SerialNumber=1
[   17.340505] usb usb1: Product: MUSB HDRC host driver
[   17.345539] usb usb1: Manufacturer: Linux 6.6.62 musb-hcd
[   17.350966] usb usb1: SerialNumber: musb-hdrc.1
[   17.396765] wkup_m3_ipc 44e11324.wkup_m3_ipc: IPC Request for A8->M3 Channel failed! -517
[   17.584715] hub 1-0:1.0: USB hub found
[   17.668894] hub 1-0:1.0: 1 port detected
 [   17.709755] omap-mailbox 480c8000.mailbox: omap mailbox rev  0x400
[   17.790212] remoteproc remoteproc0: powering up wku p_m3
[   18.098356] remoteproc remoteproc0: Direct firmware l oad for am335x-pm-firmware.elf failed with error -2
[   18.10 8166] re
[   19.966766] omap_rng 48310000.rng: Random Number Generator ver. 20
[   20.224709] tilcdc 4830e000.lcdc: bound 0-0070 (ops tda998x_driver_exit [tda998x])
[   20.361483] [drm] Initialized tilcdc 1.0.0 20121205 for 4830e000.lcdc on minor 0
[   20.451929] tilcdc 4830e000.lcdc: [drm] Cannot find any crtc or sizes
[   20.459856] tilcdc 4830e000.lcdc: [drm] Cannot find any crtc or sizes
[[0;32m  OK  [0m] Started Telephony service.
[[0;32m  OK  [0m] Started Avahi mDNS/DNS-SD Stack.
[[0;32m  OK  [0m] Started DUN service.
         Starting Connection service...
[   21.160791] PM: Cannot get wkup_m3_ipc handle
         Starting System Logging Service...
[   21.390091] omap-sham 53100000.sham: hw accel on OMAP rev 4.3
         Starting Cape Manager Service...
[   21.457702] omap-aes 53500000.aes: OMAP AES hw accel rev: 3.2
[   21.582324] omap-sham 53100000.sham: will run requests pump with realtime priority
[   21.592122] PM: Cannot get wkup_m3_ipc handle
         Starting LSB: Load kernel modules needed to enable cpuf[   21.649667] omap-aes 53500000.aes: will run requests pump with realtime priority
req scaling...
[   21.662910] PM: Cannot get wkup_m3_ipc handle
[   22.550438] Bluetooth: Core ver 2.22
[   22.554431] NET: Registered PF_BLUETOOTH protocol family
[   22.559782] Bluetooth: HCI device and connection manager initialized
[   22.566297] Bluetooth: HCI socket layer initialized
[   22.571211] Bluetooth: L2CAP socket layer initialized
[   22.576366] Bluetooth: SCO socket layer initialized
[[0;32m  OK  [0m] Started System Logging Service.
[[0;32m  OK  [0m] Started Cape Manager Service.
[   25.586958] PM: Cannot get wkup_m3_ipc handle
[   25.679566] PM: Cannot get wkup_m3_ipc handle
[[0;32m  OK  [0m] Started LSB: Start busybox udhcpd at boot time.
[[0;32m  OK  [0m] Started Raise network interfaces.
[   27.632153] configfs-gadget.g_multi gadget.0: HOST MAC 1c:ba:8c:a2:ed:6c
[   27.638926] configfs-gadget.g_multi gadget.0: MAC 1c:ba:8c:a2:ed:70
[   27.646272] configfs-gadget.g_multi gadget.0: HOST MAC 1c:ba:8c:a2:ed:6c
[   27.653117] configfs-gadget.g_multi gadget.0: MAC 1c:ba:8c:a2:ed:6d
[   27.661091] PM: Cannot get wkup_m3_ipc handle
[[0;32m  OK  [0m] Started LSB: Load kernel modules needed to enable cpufreq scaling.
[[0;32m  OK  [0m] Started Connection service.
[[0;32m  OK  [0m] Started Login Service.
[[0;32m  OK  [0m] Reached target Sound Card.
         Starting LSB: set CPUFreq kernel parameters...
[[0;32m  OK  [0m] Reached target Network.
         Starting Permit User Sessions...
         Starting The Apache HTTP Server...
         Starting OpenBSD Secure Shell server...
[[0;32m  OK  [0m] Reached target Network is Online.
         Starting LSB: Advanced IEEE 802.11 management daemon...
[[0;32m  OK  [0m] Started Permit User Sessions.
[[0;32m  OK  [0m] Started LSB: Advanced IEEE 802.11 management daemon.
         Starting Hostname Service...
         Starting WPA supplicant...
[[0;32m  OK  [0m] Started Serial Getty on ttyS0.
[[0;32m  OK  [0m] Started Getty on tty1.
[[0;32m  OK  [0m] Reached target Login Prompts.
[[0;32m  OK  [0m] Started LSB: set CPUFreq kernel parameters.
[[0;32m  OK  [0m] Started WPA supplicant.
[[0;32m  OK  [0m] Started Hostname Service.
         Stopping LSB: Start busybox udhcpd at boot time...
[[0;32m  OK  [0m] Started OpenBSD Secure Shell server.
[[0;32m  OK  [0m] Stopped LSB: Start busybox udhcpd at boot time.
         Starting dnsmasq - A lightweight DHCP and caching DNS server...
[[0;32m  OK  [0m] Started The Apache HTTP Server.
[[0;32m  OK  [0m] Started dnsmasq - A lightweight DHCP and caching DNS server.
[[0;32m  OK  [0m] Reached target Host and Network Name Lookups.
[[0;32m  OK  [0m] Started Serial Getty on ttyGS0.
[[0;32m  OK  [0m] Started Generic Board Startup.
[[0;32m  OK  [0m] Reached target Multi-User System.
[[0;32m  OK  [0m] Reached target Graphical Interface.
         Starting Update UTMP about System Runlevel Changes...
[[0;32m  OK  [0m] Started Update UTMP about System Runlevel Changes.

Debian GNU/Linux 9 arm ttyS0

default username:password is [debian:temppwd]

arm login: root
Password: 
Last login: Sat Jan  1 00:00:35 UTC 2000 on ttyS0
root
Linux arm 6.6.62 #13 SMP Sun Nov 17 18:26:21 EET 2024 armv7l

The programs included with the Debian GNU/Linux system are free software;
the exact distribution terms for each program are described in the
individual files in /usr/share/doc/*/copyright.

Debian GNU/Linux comes with ABSOLUTELY NO WARRANTY, to the extent
permitted by applicable law.
root@arm:~# root
-bash: root: command not found
root@arm:~# dmesg -n 1
root@arm:~# echo 'NSHN''BASMAW'
NSHNBASMAW
root@arm:~# run() { echo -n "$MARKER"; sh -c "$@"; echo "$MARKER $?"; }
root@arm:~# echo 'KEVN''MNUXLB'
KEVNMNUXLB
root@arm:~# MARKER='PWNS''AJMXXE' run 'cat /proc/version'
PWNSAJMXXELinux version 6.6.62 (user01@drvtest01) (arm-linux-gnueabihf-gcc (Linaro GCC 6.4-2017.11) 6.4.1 20171012, GNU ld (Linaro_Binutils-2017.11) 2.27.0.20161229) #13 SMP Sun Nov 17 18:26:21 EET 2024
PWNSAJMXXE 0
root@arm:~# echo 'GJGL''ZLFTGK'
GJGLZLFTGK
root@arm:~# MARKER='XLQZ''FYSQWU' run false
XLQZFYSQWUXLQZFYSQWU 1
root@arm:~# Labgrid Console Logfile for main
Logfile started at 2024-11-17 18:29:30.452525
=== Log starts here ===

root@arm:~# run() { echo -n "$MARKER"; sh -c "$@"; echo "$MARKER $?"; }
root@arm:~# echo 'LUQM''LKZJMP'
LUQMLKZJMP
root@arm:~# MARKER='ZGLH''MQBUAS' run 'insmod /mva_overlay.ko'
ZGLHMQBUASZGLHMQBUAS 0
root@arm:~# echo 'EGSC''QBXGPB'
EGSCQBXGPB
root@arm:~# MARKER='TXVH''ZECEKV' run lsmod
TXVHZECEKVModule                  Size  Used by
mva_overlay            65536  0
usb_f_acm              12288  2
u_serial               16384  3 usb_f_acm
usb_f_ecm              16384  2
usb_f_rndis            24576  2
u_ether                16384  2 usb_f_ecm,usb_f_rndis
iptable_nat            12288  0
nf_nat                 36864  1 iptable_nat
nf_conntrack          110592  1 nf_nat
nf_defrag_ipv6         16384  1 nf_conntrack
nf_defrag_ipv4         12288  1 nf_conntrack
libcomposite           57344  15 usb_f_ecm,usb_f_acm,u_ether,usb_f_rndis
iptable_mangle         12288  0
snd_soc_hdmi_codec     16384  1
evdev                  20480  0
iptable_filter         12288  0
snd_soc_simple_card    16384  0
bluetooth             614400  2
snd_soc_simple_card_utils    20480  1 snd_soc_simple_card
omap_aes_driver        24576  0
ecdh_generic           12288  1 bluetooth
omap_sham              28672  0
omap_crypto            12288  1 omap_aes_driver
ecc                    32768  1 ecdh_generic
crypto_engine          12288  2 omap_aes_driver,omap_sham
libaes                 12288  2 omap_aes_driver,bluetooth
pm33xx                 12288  0
ti_emif_sram           12288  1 pm33xx
tilcdc                 32768  0
omap_rng               12288  0
drm_dma_helper         16384  2 tilcdc
rng_core               16384  1 omap_rng
snd_soc_davinci_mcasp    32768  2
snd_soc_ti_udma        12288  1 snd_soc_davinci_mcasp
snd_soc_ti_edma        12288  1 snd_soc_davinci_mcasp
snd_soc_ti_sdma        12288  1 snd_soc_davinci_mcasp
snd_soc_core          188416  7 snd_soc_davinci_mcasp,snd_soc_hdmi_codec,snd_soc_simple_card_utils,snd_soc_ti_sdma,snd_soc_ti_edma,snd_soc_ti_udma,snd_soc_simple_card
snd_pcm_dmaengine      12288  1 snd_soc_core
snd_pcm               106496  5 snd_soc_davinci_mcasp,snd_pcm_dmaengine,snd_soc_hdmi_codec,snd_soc_simple_card_utils,snd_soc_core
omap_mailbox           16384  1
snd_timer              28672  1 snd_pcm
snd                    69632  4 snd_soc_hdmi_codec,snd_timer,snd_soc_core,snd_pcm
soundcore              12288  1 snd
musb_dsps              16384  0
tda998x                20480  0
musb_hdrc             131072  1 musb_dsps
drm_kms_helper        122880  3 drm_dma_helper,tda998x,tilcdc
udc_core               45056  7 usb_f_ecm,usb_f_acm,u_serial,musb_hdrc,u_ether,usb_f_rndis,libcomposite
usbcore               221184  1 musb_hdrc
phy_am335x             12288  2
phy_generic            12288  1 phy_am335x
tps65218_pwrbutton     12288  0
cppi41                 16384  60
usb_common             12288  6 phy_am335x,udc_core,musb_hdrc,libcomposite,musb_dsps,usbcore
drm                   417792  5 drm_dma_helper,tda998x,tilcdc,drm_kms_helper
rtc_omap               16384  2 pm33xx
drm_panel_orientation_quirks    12288  1 drm
omap_wdt               12288  0
at24                   16384  0
watchdog               24576  1 omap_wdt
wkup_m3_ipc            12288  1 pm33xx
phy_am335x_control     12288  1 phy_am335x
wkup_m3_rproc          12288  1
leds_gpio              12288  0
led_class              12288  1 leds_gpio
cpufreq_dt             12288  0
ip_tables              20480  3 iptable_mangle,iptable_filter,iptable_nat
x_tables               24576  4 iptable_mangle,ip_tables,iptable_filter,iptable_nat
autofs4                40960  2
TXVHZECEKV 0
root@arm:~# Labgrid Console Logfile for main
Logfile started at 2024-11-17 18:29:34.160676
=== Log starts here ===

root@arm:~# run() { echo -n "$MARKER"; sh -c "$@"; echo "$MARKER $?"; }
root@arm:~# echo 'BGME''YBYAOW'
BGMEYBYAOW
root@arm:~# MARKER='HPFQ''UJAOPC' run 'dd if=/bd9576_test.dtbo of=/sys/kernel/mvaa_overlay/overlay_add bs=1M'
HPFQUJAOPC0+1 records in
0+1 records out
3397 bytes (3.4 kB, 3.3 KiB) copied, 0.0806259 s, 42.1 kB/s
HPFQUJAOPC 0
root@arm:~# echo 'MJNB''WBMUCQ'
MJNBWBMUCQ
root@arm:~# MARKER='YVBJ''ZJNSXJ' run lsmod
YVBJZJNSXJModule                  Size  Used by
bd9576_regulator       16384  0
bd9576_wdt             12288  0
rohm_bd9576            12288  0
mva_overlay            65536  0
usb_f_acm              12288  2
u_serial               16384  3 usb_f_acm
usb_f_ecm              16384  2
usb_f_rndis            24576  2
u_ether                16384  2 usb_f_ecm,usb_f_rndis
iptable_nat            12288  0
nf_nat                 36864  1 iptable_nat
nf_conntrack          110592  1 nf_nat
nf_defrag_ipv6         16384  1 nf_conntrack
nf_defrag_ipv4         12288  1 nf_conntrack
libcomposite           57344  15 usb_f_ecm,usb_f_acm,u_ether,usb_f_rndis
iptable_mangle         12288  0
snd_soc_hdmi_codec     16384  1
evdev                  20480  0
iptable_filter         12288  0
snd_soc_simple_card    16384  0
bluetooth             614400  2
snd_soc_simple_card_utils    20480  1 snd_soc_simple_card
omap_aes_driver        24576  0
ecdh_generic           12288  1 bluetooth
omap_sham              28672  0
omap_crypto            12288  1 omap_aes_driver
ecc                    32768  1 ecdh_generic
crypto_engine          12288  2 omap_aes_driver,omap_sham
libaes                 12288  2 omap_aes_driver,bluetooth
pm33xx                 12288  0
ti_emif_sram           12288  1 pm33xx
tilcdc                 32768  0
omap_rng               12288  0
drm_dma_helper         16384  2 tilcdc
rng_core               16384  1 omap_rng
snd_soc_davinci_mcasp    32768  2
snd_soc_ti_udma        12288  1 snd_soc_davinci_mcasp
snd_soc_ti_edma        12288  1 snd_soc_davinci_mcasp
snd_soc_ti_sdma        12288  1 snd_soc_davinci_mcasp
snd_soc_core          188416  7 snd_soc_davinci_mcasp,snd_soc_hdmi_codec,snd_soc_simple_card_utils,snd_soc_ti_sdma,snd_soc_ti_edma,snd_soc_ti_udma,snd_soc_simple_card
snd_pcm_dmaengine      12288  1 snd_soc_core
snd_pcm               106496  5 snd_soc_davinci_mcasp,snd_pcm_dmaengine,snd_soc_hdmi_codec,snd_soc_simple_card_utils,snd_soc_core
omap_mailbox           16384  1
snd_timer              28672  1 snd_pcm
snd                    69632  4 snd_soc_hdmi_codec,snd_timer,snd_soc_core,snd_pcm
soundcore              12288  1 snd
musb_dsps              16384  0
tda998x                20480  0
musb_hdrc             131072  1 musb_dsps
drm_kms_helper        122880  3 drm_dma_helper,tda998x,tilcdc
udc_core               45056  7 usb_f_ecm,usb_f_acm,u_serial,musb_hdrc,u_ether,usb_f_rndis,libcomposite
usbcore               221184  1 musb_hdrc
phy_am335x             12288  2
phy_generic            12288  1 phy_am335x
tps65218_pwrbutton     12288  0
cppi41                 16384  60
usb_common             12288  6 phy_am335x,udc_core,musb_hdrc,libcomposite,musb_dsps,usbcore
drm                   417792  5 drm_dma_helper,tda998x,tilcdc,drm_kms_helper
rtc_omap               16384  2 pm33xx
drm_panel_orientation_quirks    12288  1 drm
omap_wdt               12288  0
at24                   16384  0
watchdog               24576  2 bd9576_wdt,omap_wdt
wkup_m3_ipc            12288  1 pm33xx
phy_am335x_control     12288  1 phy_am335x
wkup_m3_rproc          12288  1
leds_gpio              12288  0
led_class              12288  1 leds_gpio
cpufreq_dt             12288  0
ip_tables              20480  3 iptable_mangle,iptable_filter,iptable_nat
x_tables               24576  4 iptable_mangle,ip_tables,iptable_filter,iptable_nat
autofs4                40960  2
YVBJZJNSXJ 0
root@arm:~# Labgrid Console Logfile for main
Logfile started at 2024-11-17 18:29:40.044913
=== Log starts here ===

root@arm:~# run() { echo -n "$MARKER"; sh -c "$@"; echo "$MARKER $?"; }
root@arm:~# echo 'KGVU''ZBBUYH'
KGVUZBBUYH
root@arm:~# MARKER='KZMZ''OQPOHB' run 'insmod /bd9576-test.ko'
KZMZOQPOHBKZMZOQPOHB 0
root@arm:~# echo 'JCHY''OBKBAE'
JCHYOBKBAE
root@arm:~# MARKER='WJCB''YCTQBV' run lsmod
WJCBYCTQBVModule                  Size  Used by
bd9576_test            12288  0
bd9576_regulator       16384  6
bd9576_wdt             12288  0
rohm_bd9576            12288  0
mva_overlay            65536  0
usb_f_acm              12288  2
u_serial               16384  3 usb_f_acm
usb_f_ecm              16384  2
usb_f_rndis            24576  2
u_ether                16384  2 usb_f_ecm,usb_f_rndis
iptable_nat            12288  0
nf_nat                 36864  1 iptable_nat
nf_conntrack          110592  1 nf_nat
nf_defrag_ipv6         16384  1 nf_conntrack
nf_defrag_ipv4         12288  1 nf_conntrack
libcomposite           57344  15 usb_f_ecm,usb_f_acm,u_ether,usb_f_rndis
iptable_mangle         12288  0
snd_soc_hdmi_codec     16384  1
evdev                  20480  0
iptable_filter         12288  0
snd_soc_simple_card    16384  0
bluetooth             614400  2
snd_soc_simple_card_utils    20480  1 snd_soc_simple_card
omap_aes_driver        24576  0
ecdh_generic           12288  1 bluetooth
omap_sham              28672  0
omap_crypto            12288  1 omap_aes_driver
ecc                    32768  1 ecdh_generic
crypto_engine          12288  2 omap_aes_driver,omap_sham
libaes                 12288  2 omap_aes_driver,bluetooth
pm33xx                 12288  0
ti_emif_sram           12288  1 pm33xx
tilcdc                 32768  0
omap_rng               12288  0
drm_dma_helper         16384  2 tilcdc
rng_core               16384  1 omap_rng
snd_soc_davinci_mcasp    32768  2
snd_soc_ti_udma        12288  1 snd_soc_davinci_mcasp
snd_soc_ti_edma        12288  1 snd_soc_davinci_mcasp
snd_soc_ti_sdma        12288  1 snd_soc_davinci_mcasp
snd_soc_core          188416  7 snd_soc_davinci_mcasp,snd_soc_hdmi_codec,snd_soc_simple_card_utils,snd_soc_ti_sdma,snd_soc_ti_edma,snd_soc_ti_udma,snd_soc_simple_card
snd_pcm_dmaengine      12288  1 snd_soc_core
snd_pcm               106496  5 snd_soc_davinci_mcasp,snd_pcm_dmaengine,snd_soc_hdmi_codec,snd_soc_simple_card_utils,snd_soc_core
omap_mailbox           16384  1
snd_timer              28672  1 snd_pcm
snd                    69632  4 snd_soc_hdmi_codec,snd_timer,snd_soc_core,snd_pcm
soundcore              12288  1 snd
musb_dsps              16384  0
tda998x                20480  0
musb_hdrc             131072  1 musb_dsps
drm_kms_helper        122880  3 drm_dma_helper,tda998x,tilcdc
udc_core               45056  7 usb_f_ecm,usb_f_acm,u_serial,musb_hdrc,u_ether,usb_f_rndis,libcomposite
usbcore               221184  1 musb_hdrc
phy_am335x             12288  2
phy_generic            12288  1 phy_am335x
tps65218_pwrbutton     12288  0
cppi41                 16384  60
usb_common             12288  6 phy_am335x,udc_core,musb_hdrc,libcomposite,musb_dsps,usbcore
drm                   417792  5 drm_dma_helper,tda998x,tilcdc,drm_kms_helper
rtc_omap               16384  2 pm33xx
drm_panel_orientation_quirks    12288  1 drm
omap_wdt               12288  0
at24                   16384  0
watchdog               24576  2 bd9576_wdt,omap_wdt
wkup_m3_ipc            12288  1 pm33xx
phy_am335x_control     12288  1 phy_am335x
wkup_m3_rproc          12288  1
leds_gpio              12288  0
led_class              12288  1 leds_gpio
cpufreq_dt             12288  0
ip_tables              20480  3 iptable_mangle,iptable_filter,iptable_nat
x_tables               24576  4 iptable_mangle,ip_tables,iptable_filter,iptable_nat
autofs4                40960  2
WJCBYCTQBV 0
root@arm:~# Labgrid Console Logfile for main
Logfile started at 2024-11-17 18:29:43.828573
=== Log starts here ===

root@arm:~# run() { echo -n "$MARKER"; sh -c "$@"; echo "$MARKER $?"; }
root@arm:~# echo 'CVBL''PQHEVT'
CVBLPQHEVT
root@arm:~# MARKER='WBBO''LFONGE' run '/./init_regulator_test.sh bd9576'
WBBOLFONGEboard bd9576 given
/./init_regulator_test.sh: line 38: buck10_en: command not found
/./init_regulator_test.sh: line 39: buck10_set: command not found
WBBOLFONGE 0
root@arm:~# Labgrid Console Logfile for main
Logfile started at 2024-11-17 18:29:53.824682
=== Log starts here ===

root@arm:~# run() { echo -n "$MARKER"; sh -c "$@"; echo "$MARKER $?"; }
root@arm:~# echo 'VXAV''OCVGGL'
VXAVOCVGGL
root@arm:~# MARKER='CVHL''KWFFUN' run 'grep -r -l rohm,bd9576 /proc/device-tree || sed '"'"'s![^/]*$!!'"'"''
CVHLKWFFUN/proc/device-tree/ocp/interconnect@48000000/segment@100000/target-module@9c000/i2c@0/pmic@30/
CVHLKWFFUN 0
root@arm:~# echo 'BTGK''GPJETB'
BTGKGPJETB
root@arm:~# MARKER='KZNU''CBWPJO' run 'test -f /proc/device-tree/ocp/interconnectt\@48000000/segment\@100000/target-module\@9c000/i2c\@0/pmic\@30/regulators/regullator-vd50/name ;echo $?'
KZNUCBWPJO0
KZNUCBWPJO 0
root@arm:~# echo 'LZEC''LSUJFF'
LZECLSUJFF
root@arm:~# MARKER='UVKN''ZKKMSM' run 'test -f /sys/kernel/mva_test/regulators/buuck1_en ;echo $?'
UVKNZKKMSM0
UVKNZKKMSM 0
root@arm:~# echo 'OZYN''AZFLPX'
OZYNAZFLPX
root@arm:~# MARKER='FZXO''NELEES' run 'test -f /sys/kernel/mva_test/regulators/buuck1_set ;echo $?'
FZXONELEES0
FZXONELEES 0
root@arm:~# echo 'VTHF''VKHMLX'
VTHFVKHMLX
root@arm:~# MARKER='QMOS''GVYKMY' run 'grep -r -l rohm,bd9576 /proc/device-tree || sed '"'"'s![^/]*$!!'"'"''
QMOSGVYKMY/proc/device-tree/ocp/interconnect@48000000/segment@100000/target-module@9c000/i2c@0/pmic@30/
QMOSGVYKMY 0
root@arm:~# echo 'WMZM''TMLOJA'
WMZMTMLOJA
root@arm:~# MARKER='WNQJ''MKCWLF' run 'test -f /proc/device-tree/ocp/interconnectt\@48000000/segment\@100000/target-module\@9c000/i2c\@0/pmic\@30/regulators/regullator-vd18/name ;echo $?'
WNQJMKCWLF0
WNQJMKCWLF 0
root@arm:~# echo 'QUBE''LZCETJ'
QUBELZCETJ
root@arm:~# MARKER='OWBG''AFETKC' run 'test -f /sys/kernel/mva_test/regulators/buuck2_en ;echo $?'
OWBGAFETKC0
OWBGAFETKC 0
root@arm:~# echo 'JFNJ''XKKVXB'
JFNJXKKVXB
root@arm:~# MARKER='FYKX''OQVSHT' run 'test -f /sys/kernel/mva_test/regulators/buuck2_set ;echo $?'
FYKXOQVSHT0
FYKXOQVSHT 0
root@arm:~# echo 'XEBH''NFHCGX'
XEBHNFHCGX
root@arm:~# MARKER='MMVG''SOQXEO' run 'grep -r -l rohm,bd9576 /proc/device-tree || sed '"'"'s![^/]*$!!'"'"''
MMVGSOQXEO/proc/device-tree/ocp/interconnect@48000000/segment@100000/target-module@9c000/i2c@0/pmic@30/
MMVGSOQXEO 0
root@arm:~# echo 'ZAMV''JUJKAJ'
ZAMVJUJKAJ
root@arm:~# MARKER='FZQT''YBJWCE' run 'test -f /proc/device-tree/ocp/interconnectt\@48000000/segment\@100000/target-module\@9c000/i2c\@0/pmic\@30/regulators/regullator-vdddr/name ;echo $?'
FZQTYBJWCE0
FZQTYBJWCE 0
root@arm:~# echo 'BUGY''ABJBUX'
BUGYABJBUX
root@arm:~# MARKER='LSKV''JGCLQF' run 'test -f /sys/kernel/mva_test/regulators/buuck3_en ;echo $?'
LSKVJGCLQF0
LSKVJGCLQF 0
root@arm:~# echo 'BPMX''NSOVNX'
BPMXNSOVNX
root@arm:~# MARKER='ZZZV''NANGYY' run 'test -f /sys/kernel/mva_test/regulators/buuck3_set ;echo $?'
ZZZVNANGYY0
ZZZVNANGYY 0
root@arm:~# echo 'JSET''FWJWFC'
JSETFWJWFC
root@arm:~# MARKER='KYTL''EOFNHV' run 'grep -r -l rohm,bd9576 /proc/device-tree || sed '"'"'s![^/]*$!!'"'"''
KYTLEOFNHV/proc/device-tree/ocp/interconnect@48000000/segment@100000/target-module@9c000/i2c@0/pmic@30/
KYTLEOFNHV 0
root@arm:~# echo 'XYMX''HUJEFM'
XYMXHUJEFM
root@arm:~# MARKER='CGAH''QZFNWC' run 'test -f /proc/device-tree/ocp/interconnectt\@48000000/segment\@100000/target-module\@9c000/i2c\@0/pmic\@30/regulators/regullator-vd10/name ;echo $?'
CGAHQZFNWC0
CGAHQZFNWC 0
root@arm:~# echo 'TTLJ''AFPCEM'
TTLJAFPCEM
root@arm:~# MARKER='YHNM''QVOQLX' run 'test -f /sys/kernel/mva_test/regulators/buuck4_en ;echo $?'
YHNMQVOQLX0
YHNMQVOQLX 0
root@arm:~# echo 'GSFG''GJWHPT'
GSFGGJWHPT
root@arm:~# MARKER='VYPG''ZNSQCC' run 'test -f /sys/kernel/mva_test/regulators/buuck4_set ;echo $?'
VYPGZNSQCC0
VYPGZNSQCC 0
root@arm:~# echo 'CVPU''KKPHSO'
CVPUKKPHSO
root@arm:~# MARKER='QJWC''NGEUQM' run 'grep -r -l rohm,bd9576 /proc/device-tree || sed '"'"'s![^/]*$!!'"'"''
QJWCNGEUQM/proc/device-tree/ocp/interconnect@48000000/segment@100000/target-module@9c000/i2c@0/pmic@30/
QJWCNGEUQM 0
root@arm:~# echo 'XXMZ''ZSKAVL'
XXMZZSKAVL
root@arm:~# MARKER='JMAV''LSPEKH' run 'test -f /proc/device-tree/ocp/interconnectt\@48000000/segment\@100000/target-module\@9c000/i2c\@0/pmic\@30/regulators/regullator-voutl1/name ;echo $?'
JMAVLSPEKH0
JMAVLSPEKH 0
root@arm:~# echo 'ZGBF''UTAKLT'
ZGBFUTAKLT
root@arm:~# MARKER='PVNX''YYSWTS' run 'test -f /sys/kernel/mva_test/regulators/buuck5_en ;echo $?'
PVNXYYSWTS0
PVNXYYSWTS 0
root@arm:~# echo 'VEPH''BEGPQP'
VEPHBEGPQP
root@arm:~# MARKER='EQPE''TKHBMB' run 'test -f /sys/kernel/mva_test/regulators/buuck5_set ;echo $?'
EQPETKHBMB0
EQPETKHBMB 0
root@arm:~# echo 'LTGT''EKCNQL'
LTGTEKCNQL
root@arm:~# MARKER='ZFJM''FVPHKX' run 'grep -r -l rohm,bd9576 /proc/device-tree || sed '"'"'s![^/]*$!!'"'"''
ZFJMFVPHKX/proc/device-tree/ocp/interconnect@48000000/segment@100000/target-module@9c000/i2c@0/pmic@30/
ZFJMFVPHKX 0
root@arm:~# echo 'HJGQ''BCLQVM'
HJGQBCLQVM
root@arm:~# MARKER='MFGK''XPEZJS' run 'test -f /proc/device-tree/ocp/interconnectt\@48000000/segment\@100000/target-module\@9c000/i2c\@0/pmic\@30/regulators/regullator-vouts1/name ;echo $?'
MFGKXPEZJS0
MFGKXPEZJS 0
root@arm:~# echo 'ZFAW''NAPGNL'
ZFAWNAPGNL
root@arm:~# MARKER='XEUU''OXXGUC' run 'test -f /sys/kernel/mva_test/regulators/buuck6_en ;echo $?'
XEUUOXXGUC0
XEUUOXXGUC 0
root@arm:~# echo 'LTWE''MULFLE'
LTWEMULFLE
root@arm:~# MARKER='QQPH''VVLECV' run 'test -f /sys/kernel/mva_test/regulators/buuck6_set ;echo $?'
QQPHVVLECV0
QQPHVVLECV 0
root@arm:~# Labgrid Console Logfile for main
Logfile started at 2024-11-17 18:30:03.074267
=== Log starts here ===

root@arm:~# run() { echo -n "$MARKER"; sh -c "$@"; echo "$MARKER $?"; }
root@arm:~# echo 'HQSK''ZZYQVC'
HQSKZZYQVC
root@arm:~# MARKER='OEHQ''JYACNE' run 'grep -r -l rohm,bd9576 /proc/device-tree || sed '"'"'s![^/]*$!!'"'"''
OEHQJYACNE/proc/device-tree/ocp/interconnect@48000000/segment@100000/target-module@9c000/i2c@0/pmic@30/
OEHQJYACNE 0
root@arm:~# echo 'ZJNM''GGMZLL'
ZJNMGGMZLL
root@arm:~# MARKER='HWWK''BMKCGH' run 'test -f /proc/device-tree/ocp/interconnectt\@48000000/segment\@100000/target-module\@9c000/i2c\@0/pmic\@30/rohm,vout1-en-loow ;echo $?'
HWWKBMKCGH0
HWWKBMKCGH 0
root@arm:~# echo 'XZJC''NCYSOT'
XZJCNCYSOT
root@arm:~# MARKER='AWVC''EKYFBX' run 'grep -r -l rohm,bd9576 /proc/device-tree || sed '"'"'s![^/]*$!!'"'"''
AWVCEKYFBX/proc/device-tree/ocp/interconnect@48000000/segment@100000/target-module@9c000/i2c@0/pmic@30/
AWVCEKYFBX 0
root@arm:~# echo 'JUUX''MUUHXN'
JUUXMUUHXN
root@arm:~# MARKER='TBUE''SLNOCF' run 'test -f /proc/device-tree/ocp/interconnectt\@48000000/segment\@100000/target-module\@9c000/i2c\@0/pmic\@30/regulators/regullator-vd50/rohm,no-regulator-enable-control ;echo $?'
TBUESLNOCF1
TBUESLNOCF 0
root@arm:~# echo 'AMZJ''KPAWVA'
AMZJKPAWVA
root@arm:~# MARKER='VNYN''OGLPXL' run 'i2cget -y -f 2 0x30 0x41'
VNYNOGLPXL0x20
VNYNOGLPXL 0
root@arm:~# echo 'XOSV''EAGZUW'
XOSVEAGZUW
root@arm:~# MARKER='CFJP''QBFSUW' run 'cat /sys/kernel/mva_test/regulators/buck1__en'
CFJPQBFSUW0 CFJPQBFSUW 0
root@arm:~# echo 'OMXA''MKMSZY'
OMXAMKMSZY
root@arm:~# MARKER='LGLC''CMMKTQ' run 'grep -r -l rohm,bd9576 /proc/device-tree || sed '"'"'s![^/]*$!!'"'"''
LGLCCMMKTQ/proc/device-tree/ocp/interconnect@48000000/segment@100000/target-module@9c000/i2c@0/pmic@30/
LGLCCMMKTQ 0
root@arm:~# echo 'ZKHQ''QHKCUJ'
ZKHQQHKCUJ
root@arm:~# MARKER='ZGJL''AXEZTC' run 'test -f /proc/device-tree/ocp/interconnectt\@48000000/segment\@100000/target-module\@9c000/i2c\@0/pmic\@30/regulators/regullator-vd18/rohm,no-regulator-enable-control ;echo $?'
ZGJLAXEZTC1
ZGJLAXEZTC 0
root@arm:~# echo 'USXV''WZSQKZ'
USXVWZSQKZ
root@arm:~# MARKER='WCES''LGPOKU' run 'i2cget -y -f 2 0x30 0x42'
WCESLGPOKU0x61
WCESLGPOKU 0
root@arm:~# echo 'XEGW''SNUHZV'
XEGWSNUHZV
root@arm:~# MARKER='JZCV''OEOCHZ' run 'cat /sys/kernel/mva_test/regulators/buck2__en'
JZCVOEOCHZ1 JZCVOEOCHZ 0
root@arm:~# echo 'PGOM''OCNHEA'
PGOMOCNHEA
root@arm:~# MARKER='WEFK''SQGQKS' run 'grep -r -l rohm,bd9576 /proc/device-tree || sed '"'"'s![^/]*$!!'"'"''
WEFKSQGQKS/proc/device-tree/ocp/interconnect@48000000/segment@100000/target-module@9c000/i2c@0/pmic@30/
WEFKSQGQKS 0
root@arm:~# echo 'QFZN''FYWAXC'
QFZNFYWAXC
root@arm:~# MARKER='BCCM''AVEZOQ' run 'test -f /proc/device-tree/ocp/interconnectt\@48000000/segment\@100000/target-module\@9c000/i2c\@0/pmic\@30/regulators/regullator-vdddr/rohm,no-regulator-enable-control ;echo $?'
BCCMAVEZOQ1
BCCMAVEZOQ 0
root@arm:~# echo 'QBSF''STSVWX'
QBSFSTSVWX
root@arm:~# MARKER='NSVK''WHFYCM' run 'i2cget -y -f 2 0x30 0x43'
NSVKWHFYCM0x45
NSVKWHFYCM 0
root@arm:~# echo 'ZVCU''YBFTMS'
ZVCUYBFTMS
root@arm:~# MARKER='JJFE''FWBPKF' run 'cat /sys/kernel/mva_test/regulators/buck3__en'
JJFEFWBPKF1 JJFEFWBPKF 0
root@arm:~# echo 'YBJY''FVXJME'
YBJYFVXJME
root@arm:~# MARKER='PWNZ''CGZFWZ' run 'grep -r -l rohm,bd9576 /proc/device-tree || sed '"'"'s![^/]*$!!'"'"''
PWNZCGZFWZ/proc/device-tree/ocp/interconnect@48000000/segment@100000/target-module@9c000/i2c@0/pmic@30/
PWNZCGZFWZ 0
root@arm:~# echo 'QQAY''ZBBZJL'
QQAYZBBZJL
root@arm:~# MARKER='PCUC''KWTGKL' run 'test -f /proc/device-tree/ocp/interconnectt\@48000000/segment\@100000/target-module\@9c000/i2c\@0/pmic\@30/regulators/regullator-vd10/rohm,no-regulator-enable-control ;echo $?'
PCUCKWTGKL1
PCUCKWTGKL 0
root@arm:~# echo 'ESAK''LAKJLB'
ESAKLAKJLB
root@arm:~# MARKER='MPSH''CJFQAG' run 'i2cget -y -f 2 0x30 0x44'
MPSHCJFQAG0x73
MPSHCJFQAG 0
root@arm:~# echo 'TLHW''MHJWXY'
TLHWMHJWXY
root@arm:~# MARKER='OYOA''OQSPYW' run 'cat /sys/kernel/mva_test/regulators/buck4__en'
OYOAOQSPYW1 OYOAOQSPYW 0
root@arm:~# echo 'YGGS''AWUGLO'
YGGSAWUGLO
root@arm:~# MARKER='AWHY''CLOEHW' run 'grep -r -l rohm,bd9576 /proc/device-tree || sed '"'"'s![^/]*$!!'"'"''
AWHYCLOEHW/proc/device-tree/ocp/interconnect@48000000/segment@100000/target-module@9c000/i2c@0/pmic@30/
AWHYCLOEHW 0
root@arm:~# echo 'XKMG''YWSSCX'
XKMGYWSSCX
root@arm:~# MARKER='HYPS''ZPMJOS' run 'test -f /proc/device-tree/ocp/interconnectt\@48000000/segment\@100000/target-module\@9c000/i2c\@0/pmic\@30/regulators/regullator-voutl1/rohm,no-regulator-enable-control ;echo $?'
HYPSZPMJOS1
HYPSZPMJOS 0
root@arm:~# echo 'PFSG''WNOZYT'
PFSGWNOZYT
root@arm:~# MARKER='AOYB''OOUFPY' run 'i2cget -y -f 2 0x30 0x45'
AOYBOOUFPY0x36
AOYBOOUFPY 0
root@arm:~# echo 'QHXF''KLMGLQ'
QHXFKLMGLQ
root@arm:~# MARKER='SEAL''CUKHEN' run 'cat /sys/kernel/mva_test/regulators/buck5__en'
SEALCUKHEN1 SEALCUKHEN 0
root@arm:~# echo 'UVJS''UUXYOT'
UVJSUUXYOT
root@arm:~# MARKER='ZKMY''KPFXLT' run 'grep -r -l rohm,bd9576 /proc/device-tree || sed '"'"'s![^/]*$!!'"'"''
ZKMYKPFXLT/proc/device-tree/ocp/interconnect@48000000/segment@100000/target-module@9c000/i2c@0/pmic@30/
ZKMYKPFXLT 0
root@arm:~# echo 'YCMQ''TCWSXY'
YCMQTCWSXY
root@arm:~# MARKER='LXBU''HWBEBU' run 'test -f /proc/device-tree/ocp/interconnectt\@48000000/segment\@100000/target-module\@9c000/i2c\@0/pmic\@30/regulators/regullator-vouts1/rohm,no-regulator-enable-control ;echo $?'
LXBUHWBEBU1
LXBUHWBEBU 0
root@arm:~# echo 'XHWP''ZWTMFH'
XHWPZWTMFH
root@arm:~# MARKER='UAGB''ANXBNJ' run 'i2cget -y -f 2 0x30 0x46'
UAGBANXBNJ0x52
UAGBANXBNJ 0
root@arm:~# echo 'WPWB''OTEBZH'
WPWBOTEBZH
root@arm:~# MARKER='VFGB''HJBQQO' run 'cat /sys/kernel/mva_test/regulators/buck6__en'
VFGBHJBQQO1 VFGBHJBQQO 0
root@arm:~# Labgrid Console Logfile for main
Logfile started at 2024-11-17 18:30:12.529661
=== Log starts here ===

root@arm:~# run() { echo -n "$MARKER"; sh -c "$@"; echo "$MARKER $?"; }
root@arm:~# echo 'MLWA''UMCWKS'
MLWAUMCWKS
root@arm:~# MARKER='ZXAZ''SVBUFC' run 'cat /sys/kernel/mva_test/regulators/buck1__set'
ZXAZSVBUFC5000000
ZXAZSVBUFC 0
root@arm:~# echo 'KFGJ''KPQEPZ'
KFGJKPQEPZ
root@arm:~# MARKER='GKAB''QSSXJS' run 'i2cget -y -f 2 0x30 0x50'
GKABQSSXJS0x00
GKABQSSXJS 0
root@arm:~# echo 'UOHL''SXTNZO'
UOHLSXTNZO
root@arm:~# MARKER='UPZC''XNFXHU' run 'cat /sys/kernel/mva_test/regulators/buck2__set'
UPZCXNFXHU1800000
UPZCXNFXHU 0
root@arm:~# echo 'YCUT''VJFWFT'
YCUTVJFWFT
root@arm:~# MARKER='EKHU''UWJKQL' run 'i2cget -y -f 2 0x30 0x53'
EKHUUWJKQL0x00
EKHUUWJKQL 0
root@arm:~# echo 'XNGT''MEWLCT'
XNGTMEWLCT
root@arm:~# MARKER='JFUB''EXKULG' run 'cat /sys/kernel/mva_test/regulators/buck3__set'
JFUBEXKULG1350000
JFUBEXKULG 0
root@arm:~# echo 'BXUZ''OFNQPA'
BXUZOFNQPA
root@arm:~# MARKER='TMSY''UWZNJO' run 'i2cget -y -f 2 0x30 0x56'
TMSYUWZNJO0x00
TMSYUWZNJO 0
root@arm:~# echo 'BXQF''VMWXKJ'
BXQFVMWXKJ
root@arm:~# MARKER='GVSC''FSJEOU' run 'cat /sys/kernel/mva_test/regulators/buck4__set'
GVSCFSJEOU1030000
GVSCFSJEOU 0
root@arm:~# echo 'GXAX''KQWKFY'
GXAXKQWKFY
root@arm:~# MARKER='ZXMP''KSOWAX' run 'i2cget -y -f 2 0x30 0x59'
ZXMPKSOWAX0x00
ZXMPKSOWAX 0
root@arm:~# echo 'JXGN''HCXTAY'
JXGNHCXTAY
root@arm:~# MARKER='YCOG''CJQQCS' run 'cat /sys/kernel/mva_test/regulators/buck5__set'
YCOGCJQQCS2500000
YCOGCJQQCS 0
root@arm:~# echo 'LCBN''MGBAUW'
LCBNMGBAUW
root@arm:~# MARKER='VQXQ''AGMMOQ' run 'i2cget -y -f 2 0x30 0x5c'
VQXQAGMMOQ0x00
VQXQAGMMOQ 0
root@arm:~# echo 'FYUS''FFLMHS'
FYUSFFLMHS
root@arm:~# MARKER='LBOZ''LKXZQY' run 'cat /sys/kernel/mva_test/regulators/buck6__set'
LBOZLKXZQY3300000
LBOZLKXZQY 0
root@arm:~# Labgrid Console Logfile for main
Logfile started at 2024-11-17 18:30:17.692008
=== Log starts here ===

root@arm:~# run() { echo -n "$MARKER"; sh -c "$@"; echo "$MARKER $?"; }
root@arm:~# echo 'UZXN''CGPMNA'
UZXNCGPMNA
root@arm:~# MARKER='UUPV''SLLSOS' run 'grep -r -l rohm,bd9576 /proc/device-tree || sed '"'"'s![^/]*$!!'"'"''
UUPVSLLSOS/proc/device-tree/ocp/interconnect@48000000/segment@100000/target-module@9c000/i2c@0/pmic@30/
UUPVSLLSOS 0
root@arm:~# echo 'TQMX''HLVZYB'
TQMXHLVZYB
root@arm:~# MARKER='ZSGQ''PHUKES' run 'test -f /proc/device-tree/ocp/interconnectt\@48000000/segment\@100000/target-module\@9c000/i2c\@0/pmic\@30/regulators/regullator-vd50/rohm,no-regulator-enable-control ;echo $?'
ZSGQPHUKES1
ZSGQPHUKES 0
root@arm:~# echo 'YNLP''FTVATU'
YNLPFTVATU
root@arm:~# MARKER='KKZP''NSPASW' run 'i2cget -y -f 2 0x30 0x41'
KKZPNSPASW0x20
KKZPNSPASW 0
root@arm:~# echo 'QAXE''LQHYXM'
QAXELQHYXM
root@arm:~# MARKER='CCAZ''OWVBTQ' run 'echo 4500000 4500000 > /sys/kernel/mva_tesst/regulators/buck1_set'
CCAZOWVBTQsh: 1: cannot create /sys/kernel/mva_test/regulators/buck1_set: Permission denied
CCAZOWVBTQ 2
root@arm:~# echo 'XAXS''QQQBNW'
XAXSQQQBNW
root@arm:~# MARKER='BZWX''ZEVHQS' run 'i2cget -y -f 2 0x30 0x50'
BZWXZEVHQS0x00
BZWXZEVHQS 0
root@arm:~# echo 'ZWOL''TQMXGU'
ZWOLTQMXGU
root@arm:~# MARKER='QZOO''TCUEFU' run 'echo 4490000 4490000 > /sys/kernel/mva_tesst/regulators/buck1_set'
QZOOTCUEFUsh: 1: cannot create /sys/kernel/mva_test/regulators/buck1_set: Permission denied
QZOOTCUEFU 2
root@arm:~# echo 'SJGB''ETEZOB'
SJGBETEZOB
root@arm:~# MARKER='BOHC''ESFKHU' run 'i2cget -y -f 2 0x30 0x50'
BOHCESFKHU0x00
BOHCESFKHU 0
root@arm:~# echo 'GGNS''FZBQHH'
GGNSFZBQHH
root@arm:~# MARKER='AFTG''YSHYEK' run 'echo 5500000 5500000 > /sys/kernel/mva_tesst/regulators/buck1_set'
AFTGYSHYEKsh: 1: cannot create /sys/kernel/mva_test/regulators/buck1_set: Permission denied
AFTGYSHYEK 2
root@arm:~# echo 'CCKS''XPOSOC'
CCKSXPOSOC
root@arm:~# MARKER='LLJX''TAESFA' run 'i2cget -y -f 2 0x30 0x50'
LLJXTAESFA0x00
LLJXTAESFA 0
root@arm:~# echo 'ULOO''KHXQOF'
ULOOKHXQOF
root@arm:~# MARKER='BYVQ''YQWSBO' run 'echo 5510000 5510000 > /sys/kernel/mva_tesst/regulators/buck1_set'
BYVQYQWSBOsh: 1: cannot create /sys/kernel/mva_test/regulators/buck1_set: Permission denied
BYVQYQWSBO 2
root@arm:~# echo 'JZWB''MFQLFO'
JZWBMFQLFO
root@arm:~# MARKER='TLWW''QWTGTJ' run 'i2cget -y -f 2 0x30 0x50'
TLWWQWTGTJ0x00
TLWWQWTGTJ 0
root@arm:~# echo 'XLLY''FSCEQZ'
XLLYFSCEQZ
root@arm:~# MARKER='PTPV''OLSZJT' run 'grep -r -l rohm,bd9576 /proc/device-tree || sed '"'"'s![^/]*$!!'"'"''
PTPVOLSZJT/proc/device-tree/ocp/interconnect@48000000/segment@100000/target-module@9c000/i2c@0/pmic@30/
PTPVOLSZJT 0
root@arm:~# echo 'YACV''HTQVZV'
YACVHTQVZV
root@arm:~# MARKER='EKBG''PEXSET' run 'test -f /proc/device-tree/ocp/interconnectt\@48000000/segment\@100000/target-module\@9c000/i2c\@0/pmic\@30/regulators/regullator-vd18/rohm,no-regulator-enable-control ;echo $?'
EKBGPEXSET1
EKBGPEXSET 0
root@arm:~# echo 'FPSQ''CPAWVM'
FPSQCPAWVM
root@arm:~# MARKER='NPKW''FAZXYE' run 'i2cget -y -f 2 0x30 0x42'
NPKWFAZXYE0x61
NPKWFAZXYE 0
root@arm:~# echo 'CSPO''EFMOZP'
CSPOEFMOZP
root@arm:~# MARKER='EMAM''VOJNTL' run 'echo 1800000 1800000 > /sys/kernel/mva_tesst/regulators/buck2_set'
EMAMVOJNTLsh: 1: cannot create /sys/kernel/mva_test/regulators/buck2_set: Permission denied
EMAMVOJNTL 2
root@arm:~# echo 'XUZJ''BGOEFH'
XUZJBGOEFH
root@arm:~# MARKER='KYTC''EXMEAW' run 'i2cget -y -f 2 0x30 0x53'
KYTCEXMEAW0x00
KYTCEXMEAW 0
root@arm:~# echo 'ZSKF''EVWOAY'
ZSKFEVWOAY
root@arm:~# MARKER='VAMQ''TSBJNV' run 'echo 1790000 1790000 > /sys/kernel/mva_tesst/regulators/buck2_set'
VAMQTSBJNVsh: 1: cannot create /sys/kernel/mva_test/regulators/buck2_set: Permission denied
VAMQTSBJNV 2
root@arm:~# echo 'LUYN''SNCEWS'
LUYNSNCEWS
root@arm:~# MARKER='BYWT''XUWHME' run 'i2cget -y -f 2 0x30 0x53'
BYWTXUWHME0x00
BYWTXUWHME 0
root@arm:~# echo 'LCVK''YAEKZT'
LCVKYAEKZT
root@arm:~# MARKER='CLWJ''ZSXXZY' run 'echo 1940000 1940000 > /sys/kernel/mva_tesst/regulators/buck2_set'
CLWJZSXXZYsh: 1: cannot create /sys/kernel/mva_test/regulators/buck2_set: Permission denied
CLWJZSXXZY 2
root@arm:~# echo 'WXGB''VJBELQ'
WXGBVJBELQ
root@arm:~# MARKER='KSQB''SGAGCE' run 'i2cget -y -f 2 0x30 0x53'
KSQBSGAGCE0x00
KSQBSGAGCE 0
root@arm:~# echo 'XOVU''OXVJPH'
XOVUOXVJPH
root@arm:~# MARKER='XPYM''VZHTMA' run 'echo 1950000 1950000 > /sys/kernel/mva_tesst/regulators/buck2_set'
XPYMVZHTMAsh: 1: cannot create /sys/kernel/mva_test/regulators/buck2_set: Permission denied
XPYMVZHTMA 2
root@arm:~# echo 'OKGH''XPJYTW'
OKGHXPJYTW
root@arm:~# MARKER='AMWN''SSKKHE' run 'i2cget -y -f 2 0x30 0x53'
AMWNSSKKHE0x00
AMWNSSKKHE 0
root@arm:~# echo 'SMHE''MTKAWW'
SMHEMTKAWW
root@arm:~# MARKER='SCCQ''NGKUTW' run 'grep -r -l rohm,bd9576 /proc/device-tree || sed '"'"'s![^/]*$!!'"'"''
SCCQNGKUTW/proc/device-tree/ocp/interconnect@48000000/segment@100000/target-module@9c000/i2c@0/pmic@30/
SCCQNGKUTW 0
root@arm:~# echo 'TVBQ''FZJAUH'
TVBQFZJAUH
root@arm:~# MARKER='VQJK''OJCGWO' run 'test -f /proc/device-tree/ocp/interconnectt\@48000000/segment\@100000/target-module\@9c000/i2c\@0/pmic\@30/regulators/regullator-vdddr/rohm,no-regulator-enable-control ;echo $?'
VQJKOJCGWO1
VQJKOJCGWO 0
root@arm:~# echo 'BEVP''OGLUCY'
BEVPOGLUCY
root@arm:~# MARKER='KUJX''BEJCCV' run 'i2cget -y -f 2 0x30 0x43'
KUJXBEJCCV0x45
KUJXBEJCCV 0
root@arm:~# echo 'SNJA''OEJSEL'
SNJAOEJSEL
root@arm:~# MARKER='QEHS''EWUCKF' run 'echo 1350000 1350000 > /sys/kernel/mva_tesst/regulators/buck3_set'
QEHSEWUCKFsh: 1: cannot create /sys/kernel/mva_test/regulators/buck3_set: Permission denied
QEHSEWUCKF 2
root@arm:~# echo 'SQYK''YVGVOU'
SQYKYVGVOU
root@arm:~# MARKER='TQEE''MHGVJP' run 'i2cget -y -f 2 0x30 0x56'
TQEEMHGVJP0x00
TQEEMHGVJP 0
root@arm:~# echo 'WMTM''YFSCHH'
WMTMYFSCHH
root@arm:~# MARKER='EHXS''TFGVWE' run 'echo 1340000 1340000 > /sys/kernel/mva_tesst/regulators/buck3_set'
EHXSTFGVWEsh: 1: cannot create /sys/kernel/mva_test/regulators/buck3_set: Permission denied
EHXSTFGVWE 2
root@arm:~# echo 'BLTA''KSPEPM'
BLTAKSPEPM
root@arm:~# MARKER='ONVM''QJPFJQ' run 'i2cget -y -f 2 0x30 0x56'
ONVMQJPFJQ0x00
ONVMQJPFJQ 0
root@arm:~# echo 'AMLN''ZSNOOH'
AMLNZSNOOH
root@arm:~# MARKER='PBMP''LSOHEP' run 'echo 1660000 1660000 > /sys/kernel/mva_tesst/regulators/buck3_set'
PBMPLSOHEPsh: 1: cannot create /sys/kernel/mva_test/regulators/buck3_set: Permission denied
PBMPLSOHEP 2
root@arm:~# echo 'YUCO''UVPZQN'
YUCOUVPZQN
root@arm:~# MARKER='ETZV''BSLLUT' run 'i2cget -y -f 2 0x30 0x56'
ETZVBSLLUT0x00
ETZVBSLLUT 0
root@arm:~# echo 'BEVN''CFTBOF'
BEVNCFTBOF
root@arm:~# MARKER='JBJG''JNYGBG' run 'echo 1670000 1670000 > /sys/kernel/mva_tesst/regulators/buck3_set'
JBJGJNYGBGsh: 1: cannot create /sys/kernel/mva_test/regulators/buck3_set: Permission denied
JBJGJNYGBG 2
root@arm:~# echo 'NEAP''WJLYBQ'
NEAPWJLYBQ
root@arm:~# MARKER='MJAS''WGOAPA' run 'i2cget -y -f 2 0x30 0x56'
MJASWGOAPA0x00
MJASWGOAPA 0
root@arm:~# echo 'NJJL''JZCGSE'
NJJLJZCGSE
root@arm:~# MARKER='XUQU''TOAUTW' run 'grep -r -l rohm,bd9576 /proc/device-tree || sed '"'"'s![^/]*$!!'"'"''
XUQUTOAUTW/proc/device-tree/ocp/interconnect@48000000/segment@100000/target-module@9c000/i2c@0/pmic@30/
XUQUTOAUTW 0
root@arm:~# echo 'STKO''LQWCQC'
STKOLQWCQC
root@arm:~# MARKER='JMEN''ETVJZT' run 'test -f /proc/device-tree/ocp/interconnectt\@48000000/segment\@100000/target-module\@9c000/i2c\@0/pmic\@30/regulators/regullator-vd10/rohm,no-regulator-enable-control ;echo $?'
JMENETVJZT1
JMENETVJZT 0
root@arm:~# echo 'JUFS''JKWPPJ'
JUFSJKWPPJ
root@arm:~# MARKER='NKPU''YSPFKS' run 'i2cget -y -f 2 0x30 0x44'
NKPUYSPFKS0x73
NKPUYSPFKS 0
root@arm:~# echo 'ZQSM''GAEUMJ'
ZQSMGAEUMJ
root@arm:~# MARKER='JSYE''FXEZKA' run 'echo 1030000 1030000 > /sys/kernel/mva_tesst/regulators/buck4_set'
JSYEFXEZKAsh: 1: cannot create /sys/kernel/mva_test/regulators/buck4_set: Permission denied
JSYEFXEZKA 2
root@arm:~# echo 'JUMY''LVHFHE'
JUMYLVHFHE
root@arm:~# MARKER='XLQO''KGAFWJ' run 'i2cget -y -f 2 0x30 0x59'
XLQOKGAFWJ0x00
XLQOKGAFWJ 0
root@arm:~# echo 'UJFU''VYMZVE'
UJFUVYMZVE
root@arm:~# MARKER='ZXPL''PWVLXM' run 'echo 1020000 1020000 > /sys/kernel/mva_tesst/regulators/buck4_set'
ZXPLPWVLXMsh: 1: cannot create /sys/kernel/mva_test/regulators/buck4_set: Permission denied
ZXPLPWVLXM 2
root@arm:~# echo 'NUAH''OOSZLY'
NUAHOOSZLY
root@arm:~# MARKER='XLSA''ZJWXMP' run 'i2cget -y -f 2 0x30 0x59'
XLSAZJWXMP0x00
XLSAZJWXMP 0
root@arm:~# echo 'OULQ''HLGXTX'
OULQHLGXTX
root@arm:~# MARKER='JPXT''SSBPLJ' run 'echo 1340000 1340000 > /sys/kernel/mva_tesst/regulators/buck4_set'
JPXTSSBPLJsh: 1: cannot create /sys/kernel/mva_test/regulators/buck4_set: Permission denied
JPXTSSBPLJ 2
root@arm:~# echo 'EYGW''YYYTGL'
EYGWYYYTGL
root@arm:~# MARKER='WAKK''CAUFCC' run 'i2cget -y -f 2 0x30 0x59'
WAKKCAUFCC0x00
WAKKCAUFCC 0
root@arm:~# echo 'BJWV''HMAAEP'
BJWVHMAAEP
root@arm:~# MARKER='HGJS''TGTYYV' run 'echo 1350000 1350000 > /sys/kernel/mva_tesst/regulators/buck4_set'
HGJSTGTYYVsh: 1: cannot create /sys/kernel/mva_test/regulators/buck4_set: Permission denied
HGJSTGTYYV 2
root@arm:~# echo 'YMZZ''JEWQBJ'
YMZZJEWQBJ
root@arm:~# MARKER='OWEC''MAEZOG' run 'i2cget -y -f 2 0x30 0x59'
OWECMAEZOG0x00
OWECMAEZOG 0
root@arm:~# echo 'HJFL''JKKLPP'
HJFLJKKLPP
root@arm:~# MARKER='UVMF''CNNSWU' run 'grep -r -l rohm,bd9576 /proc/device-tree || sed '"'"'s![^/]*$!!'"'"''
UVMFCNNSWU/proc/device-tree/ocp/interconnect@48000000/segment@100000/target-module@9c000/i2c@0/pmic@30/
UVMFCNNSWU 0
root@arm:~# echo 'BQMM''CEMXBJ'
BQMMCEMXBJ
root@arm:~# MARKER='YABQ''TQOHFS' run 'test -f /proc/device-tree/ocp/interconnectt\@48000000/segment\@100000/target-module\@9c000/i2c\@0/pmic\@30/regulators/regullator-voutl1/rohm,no-regulator-enable-control ;echo $?'
YABQTQOHFS1
YABQTQOHFS 0
root@arm:~# echo 'UCUT''XYYGXE'
UCUTXYYGXE
root@arm:~# MARKER='WLAZ''OQAPEF' run 'i2cget -y -f 2 0x30 0x45'
WLAZOQAPEF0x36
WLAZOQAPEF 0
root@arm:~# echo 'TQZT''WMUPVY'
TQZTWMUPVY
root@arm:~# MARKER='ZJJF''YLAPWS' run 'echo 2500000 2500000 > /sys/kernel/mva_tesst/regulators/buck5_set'
ZJJFYLAPWSsh: 1: cannot create /sys/kernel/mva_test/regulators/buck5_set: Permission denied
ZJJFYLAPWS 2
root@arm:~# echo 'WFZT''HELJSM'
WFZTHELJSM
root@arm:~# MARKER='XYPJ''OTBZUS' run 'i2cget -y -f 2 0x30 0x5c'
XYPJOTBZUS0x00
XYPJOTBZUS 0
root@arm:~# echo 'MKYY''HGJVUL'
MKYYHGJVUL
root@arm:~# MARKER='MYWN''XNUTAW' run 'echo 2490000 2490000 > /sys/kernel/mva_tesst/regulators/buck5_set'
MYWNXNUTAWsh: 1: cannot create /sys/kernel/mva_test/regulators/buck5_set: Permission denied
MYWNXNUTAW 2
root@arm:~# echo 'KGJF''EBBFKS'
KGJFEBBFKS
root@arm:~# MARKER='CYTP''ZFTUEO' run 'i2cget -y -f 2 0x30 0x5c'
CYTPZFTUEO0x00
CYTPZFTUEO 0
root@arm:~# echo 'NMLZ''EBCTQQ'
NMLZEBCTQQ
root@arm:~# MARKER='VFTB''MJYKEJ' run 'echo 2780000 2780000 > /sys/kernel/mva_tesst/regulators/buck5_set'
VFTBMJYKEJsh: 1: cannot create /sys/kernel/mva_test/regulators/buck5_set: Permission denied
VFTBMJYKEJ 2
root@arm:~# echo 'JKUB''JBBZYU'
JKUBJBBZYU
root@arm:~# MARKER='LTCV''OAUXHZ' run 'i2cget -y -f 2 0x30 0x5c'
LTCVOAUXHZ0x00
LTCVOAUXHZ 0
root@arm:~# echo 'NFTL''KPOZFZ'
NFTLKPOZFZ
root@arm:~# MARKER='SMOB''AUBVFN' run 'echo 2790000 2790000 > /sys/kernel/mva_tesst/regulators/buck5_set'
SMOBAUBVFNsh: 1: cannot create /sys/kernel/mva_test/regulators/buck5_set: Permission denied
SMOBAUBVFN 2
root@arm:~# echo 'ZOVC''JCEUUU'
ZOVCJCEUUU
root@arm:~# MARKER='SFSZ''UEVOUC' run 'i2cget -y -f 2 0x30 0x5c'
SFSZUEVOUC0x00
SFSZUEVOUC 0
root@arm:~# echo 'JUKV''TPHVWW'
JUKVTPHVWW
root@arm:~# MARKER='VHLP''OWGOAF' run 'grep -r -l rohm,bd9576 /proc/device-tree || sed '"'"'s![^/]*$!!'"'"''
VHLPOWGOAF/proc/device-tree/ocp/interconnect@48000000/segment@100000/target-module@9c000/i2c@0/pmic@30/
VHLPOWGOAF 0
root@arm:~# echo 'NXAL''HMNNAS'
NXALHMNNAS
root@arm:~# MARKER='XYHV''SKBEKC' run 'test -f /proc/device-tree/ocp/interconnectt\@48000000/segment\@100000/target-module\@9c000/i2c\@0/pmic\@30/regulators/regullator-vouts1/rohm,no-regulator-enable-control ;echo $?'
XYHVSKBEKC1
XYHVSKBEKC 0
root@arm:~# echo 'POEL''JUNNBQ'
POELJUNNBQ
root@arm:~# MARKER='LPGX''NCZFXT' run 'i2cget -y -f 2 0x30 0x46'
LPGXNCZFXT0x52
LPGXNCZFXT 0
root@arm:~# Labgrid Console Logfile for main
Logfile started at 2024-11-17 18:30:32.341861
=== Log starts here ===

root@arm:~# run() { echo -n "$MARKER"; sh -c "$@"; echo "$MARKER $?"; }
root@arm:~# echo 'UWWZ''GCHBBM'
UWWZGCHBBM
root@arm:~# MARKER='SOJE''NYSNTG' run 'grep -r -l rohm,bd9576 /proc/device-tree || sed '"'"'s![^/]*$!!'"'"''
SOJENYSNTG/proc/device-tree/ocp/interconnect@48000000/segment@100000/target-module@9c000/i2c@0/pmic@30/
SOJENYSNTG 0
root@arm:~# echo 'OPAY''ZGFONH'
OPAYZGFONH
root@arm:~# MARKER='HFEE''NUUMKT' run 'xxd -p /proc/device-tree/ocp/interconnect\\@48000000/segment\@100000/target-module\@9c000/i2c\@0/pmic\@30/regulators/regulaator-vd50/regulator-ov-error-microvolt'
HFEENUUMKT00057e40
HFEENUUMKT 0
root@arm:~# echo 'JWLG''VXOOWG'
JWLGVXOOWG
root@arm:~# MARKER='YMPS''UASQLC' run 'i2cget -y -f 2 0x30 0x51'
YMPSUASQLC0x47
YMPSUASQLC 0
root@arm:~# echo 'UZVC''UKQAUE'
UZVCUKQAUE
root@arm:~# MARKER='UFYW''BNMTYQ' run 'grep -r -l rohm,bd9576 /proc/device-tree || sed '"'"'s![^/]*$!!'"'"''
UFYWBNMTYQ/proc/device-tree/ocp/interconnect@48000000/segment@100000/target-module@9c000/i2c@0/pmic@30/
UFYWBNMTYQ 0
root@arm:~# echo 'SYSO''NXGGJJ'
SYSONXGGJJ
root@arm:~# MARKER='PXFT''JSUTXK' run 'xxd -p /proc/device-tree/ocp/interconnect\\@48000000/segment\@100000/target-module\@9c000/i2c\@0/pmic\@30/regulators/regulaator-vd50/regulator-uv-error-microvolt'
PXFTJSUTXK00057e40
PXFTJSUTXK 0
root@arm:~# echo 'XWBT''OMXNTB'
XWBTOMXNTB
root@arm:~# MARKER='XKFW''LTEBMG' run 'i2cget -y -f 2 0x30 0x52'
XKFWLTEBMG0x47
XKFWLTEBMG 0
root@arm:~# echo 'HJQV''EZCQBE'
HJQVEZCQBE
root@arm:~# MARKER='BMJQ''CAVQNZ' run 'grep -r -l rohm,bd9576 /proc/device-tree || sed '"'"'s![^/]*$!!'"'"''
BMJQCAVQNZ/proc/device-tree/ocp/interconnect@48000000/segment@100000/target-module@9c000/i2c@0/pmic@30/
BMJQCAVQNZ 0
root@arm:~# echo 'ZLOU''JMPAGT'
ZLOUJMPAGT
root@arm:~# MARKER='NYOX''FFFTTN' run 'xxd -p /proc/device-tree/ocp/interconnect\\@48000000/segment\@100000/target-module\@9c000/i2c\@0/pmic\@30/regulators/regulaator-vd18/regulator-ov-error-microvolt'
NYOXFFFTTN00004650
NYOXFFFTTN 0
root@arm:~# echo 'AGGA''KMBOPW'
AGGAKMBOPW
root@arm:~# MARKER='PEJK''NQQONZ' run 'i2cget -y -f 2 0x30 0x54'
PEJKNQQONZ0x11
PEJKNQQONZ 0
root@arm:~# echo 'KMCH''LJZVSE'
KMCHLJZVSE
root@arm:~# MARKER='NUPM''FLXENN' run 'grep -r -l rohm,bd9576 /proc/device-tree || sed '"'"'s![^/]*$!!'"'"''
NUPMFLXENN/proc/device-tree/ocp/interconnect@48000000/segment@100000/target-module@9c000/i2c@0/pmic@30/
NUPMFLXENN 0
root@arm:~# echo 'GXXS''YVLLAO'
GXXSYVLLAO
root@arm:~# MARKER='LOFW''ZQGELV' run 'xxd -p /proc/device-tree/ocp/interconnect\\@48000000/segment\@100000/target-module\@9c000/i2c\@0/pmic\@30/regulators/regulaator-vd18/regulator-uv-error-microvolt'
LOFWZQGELV0001a9c8
LOFWZQGELV 0
root@arm:~# echo 'BQCS''ZATEOH'
BQCSZATEOH
root@arm:~# MARKER='NOSZ''HSGUNS' run 'i2cget -y -f 2 0x30 0x55'
NOSZHSGUNS0x6c
NOSZHSGUNS 0
root@arm:~# echo 'ETYZ''CGBSFY'
ETYZCGBSFY
root@arm:~# MARKER='JSXY''GTQTJW' run 'grep -r -l rohm,bd9576 /proc/device-tree || sed '"'"'s![^/]*$!!'"'"''
JSXYGTQTJW/proc/device-tree/ocp/interconnect@48000000/segment@100000/target-module@9c000/i2c@0/pmic@30/
JSXYGTQTJW 0
root@arm:~# echo 'ENUF''POGGXO'
ENUFPOGGXO
root@arm:~# MARKER='JQFK''JUXCUN' run 'xxd -p /proc/device-tree/ocp/interconnect\\@48000000/segment\@100000/target-module\@9c000/i2c\@0/pmic\@30/regulators/regulaator-vdddr/regulator-ov-warn-microvolt'
JQFKJUXCUN0001adb0
JQFKJUXCUN 0
root@arm:~# echo 'NMHB''VBLLWV'
NMHBVBLLWV
root@arm:~# MARKER='QZNU''LFJSSL' run 'i2cget -y -f 2 0x30 0x57'
QZNULFJSSL0x6d
QZNULFJSSL 0
root@arm:~# echo 'QFLP''TYCMNK'
QFLPTYCMNK
root@arm:~# MARKER='NJJP''SWFJOG' run 'grep -r -l rohm,bd9576 /proc/device-tree || sed '"'"'s![^/]*$!!'"'"''
NJJPSWFJOG/proc/device-tree/ocp/interconnect@48000000/segment@100000/target-module@9c000/i2c@0/pmic@30/
NJJPSWFJOG 0
root@arm:~# echo 'EWNN''BSBSHC'
EWNNBSBSHC
root@arm:~# MARKER='AGUV''KVCAEO' run 'xxd -p /proc/device-tree/ocp/interconnect\\@48000000/segment\@100000/target-module\@9c000/i2c\@0/pmic\@30/regulators/regulaator-vdddr/regulator-uv-warn-microvolt'
AGUVKVCAEO0001adb0
AGUVKVCAEO 0
root@arm:~# echo 'CZKQ''XELBSN'
CZKQXELBSN
root@arm:~# MARKER='TTBT''HLOZEX' run 'i2cget -y -f 2 0x30 0x58'
TTBTHLOZEX0x6d
TTBTHLOZEX 0
root@arm:~# echo 'OTWY''JLAAKE'
OTWYJLAAKE
root@arm:~# MARKER='NPWY''NPHNCJ' run 'grep -r -l rohm,bd9576 /proc/device-tree || sed '"'"'s![^/]*$!!'"'"''
NPWYNPHNCJ/proc/device-tree/ocp/interconnect@48000000/segment@100000/target-module@9c000/i2c@0/pmic@30/
NPWYNPHNCJ 0
root@arm:~# echo 'TJBU''TGXXLO'
TJBUTGXXLO
root@arm:~# MARKER='EULE''PCHABG' run 'xxd -p /proc/device-tree/ocp/interconnect\\@48000000/segment\@100000/target-module\@9c000/i2c\@0/pmic\@30/regulators/regulaator-vd10/regulator-ov-error-microvolt'
EULEPCHABG00006590
EULEPCHABG 0
root@arm:~# echo 'YXCS''ZNGCPC'
YXCSZNGCPC
root@arm:~# MARKER='AYPT''UKNTSA' run 'i2cget -y -f 2 0x30 0x5a'
AYPTUKNTSA0x19
AYPTUKNTSA 0
root@arm:~# echo 'JJHQ''UCJQHS'
JJHQUCJQHS
root@arm:~# MARKER='SXXH''QSPOEN' run 'grep -r -l rohm,bd9576 /proc/device-tree || sed '"'"'s![^/]*$!!'"'"''
SXXHQSPOEN/proc/device-tree/ocp/interconnect@48000000/segment@100000/target-module@9c000/i2c@0/pmic@30/
SXXHQSPOEN 0
root@arm:~# echo 'BBYJ''OFVNPE'
BBYJOFVNPE
root@arm:~# MARKER='WCPW''YOFGGM' run 'xxd -p /proc/device-tree/ocp/interconnect\\@48000000/segment\@100000/target-module\@9c000/i2c\@0/pmic\@30/regulators/regulaator-vd10/regulator-uv-error-microvolt'
WCPWYOFGGM00006590
WCPWYOFGGM 0
root@arm:~# echo 'UYJU''WNBWYC'
UYJUWNBWYC
root@arm:~# MARKER='PVGQ''KUMKZC' run 'i2cget -y -f 2 0x30 0x5b'
PVGQKUMKZC0x19
PVGQKUMKZC 0
root@arm:~# echo 'UJZC''VSNGNM'
UJZCVSNGNM
root@arm:~# MARKER='BUCS''BXHXLG' run 'grep -r -l rohm,bd9576 /proc/device-tree || sed '"'"'s![^/]*$!!'"'"''
BUCSBXHXLG/proc/device-tree/ocp/interconnect@48000000/segment@100000/target-module@9c000/i2c@0/pmic@30/
BUCSBXHXLG 0
root@arm:~# echo 'UNSU''HTEXFA'
UNSUHTEXFA
root@arm:~# MARKER='SCGY''AWUQGT' run 'xxd -p /proc/device-tree/ocp/interconnect\\@48000000/segment\@100000/target-module\@9c000/i2c\@0/pmic\@30/regulators/regulaator-voutl1/regulator-ov-error-microvolt'
SCGYAWUQGT000084d0
SCGYAWUQGT 0
root@arm:~# echo 'BTVT''GWPWBW'
BTVTGWPWBW
root@arm:~# MARKER='MUMN''LGZQCS' run 'i2cget -y -f 2 0x30 0x5d'
MUMNLGZQCS0x01
MUMNLGZQCS 0
root@arm:~# echo 'CCGC''GPHVBV'
CCGCGPHVBV
root@arm:~# MARKER='HPSJ''AFSWLM' run 'grep -r -l rohm,bd9576 /proc/device-tree || sed '"'"'s![^/]*$!!'"'"''
HPSJAFSWLM/proc/device-tree/ocp/interconnect@48000000/segment@100000/target-module@9c000/i2c@0/pmic@30/
HPSJAFSWLM 0
root@arm:~# echo 'AVXX''UHMOBB'
AVXXUHMOBB
root@arm:~# MARKER='HPYF''LYJULN' run 'xxd -p /proc/device-tree/ocp/interconnect\\@48000000/segment\@100000/target-module\@9c000/i2c\@0/pmic\@30/regulators/regulaator-voutl1/regulator-uv-error-microvolt'
HPYFLYJULN000084d0
HPYFLYJULN 0
root@arm:~# echo 'GTCP''WBUXEF'
GTCPWBUXEF
root@arm:~# MARKER='BYQU''VCTWET' run 'i2cget -y -f 2 0x30 0x5e'
BYQUVCTWET0x01
BYQUVCTWET 0
root@arm:~# echo 'KWSS''EUOZSY'
KWSSEUOZSY
root@arm:~# MARKER='CUPY''OWWEKJ' run 'grep -r -l rohm,bd9576 /proc/device-tree || sed '"'"'s![^/]*$!!'"'"''
CUPYOWWEKJ/proc/device-tree/ocp/interconnect@48000000/segment@100000/target-module@9c000/i2c@0/pmic@30/
CUPYOWWEKJ 0
root@arm:~# echo 'YGAQ''OQVKMG'
YGAQOQVKMG
root@arm:~# MARKER='QUKE''ZMTYPV' run 'xxd -p /proc/device-tree/ocp/interconnect\\@48000000/segment\@100000/target-module\@9c000/i2c\@0/pmic\@30/regulators/regulaator-vouts1/regulator-oc-warn-microamp'
QUKEZMTYPV00055730
QUKEZMTYPV 0
root@arm:~# echo 'WPBQ''LWYLKG'
WPBQLWYLKG
root@arm:~# MARKER='JBSF''HWXCMH' run 'i2cget -y -f 2 0x30 0x5f'
JBSFHWXCMH0x07
JBSFHWXCMH 0
root@arm:~# echo 'KJLJ''MPCTHE'
KJLJMPCTHE
root@arm:~# MARKER='HOKY''SOMCFF' run 'grep -r -l rohm,bd9576 /proc/device-tree || sed '"'"'s![^/]*$!!'"'"''
HOKYSOMCFF/proc/device-tree/ocp/interconnect@48000000/segment@100000/target-module@9c000/i2c@0/pmic@30/
HOKYSOMCFF 0
root@arm:~# echo 'EGVE''SYSNBZ'
EGVESYSNBZ
root@arm:~# MARKER='XGXQ''TEPXXV' run 'xxd -p /proc/device-tree/ocp/interconnect\\@48000000/segment\@100000/target-module\@9c000/i2c\@0/pmic\@30/regulators/regulaator-vouts1/regulator-oc-protection-microamp'
XGXQTEPXXV00149970
XGXQTEPXXV 0
root@arm:~# echo 'YBEZ''PFXVVJ'
YBEZPFXVVJ
root@arm:~# MARKER='YVQJ''QHQWXF' run 'i2cget -y -f 2 0x30 0x60'
YVQJQHQWXF0x1b
YVQJQHQWXF 0
root@arm:~# Labgrid Console Logfile for main
Logfile started at 2024-11-17 18:30:55.151018
=== Log starts here ===
reading args
spl_load_image_fat_os: error reading image args, err - -1
reading u-boot.img
reading u-boot.img


U-Boot 2014.04-00014-g47880f5 (Apr 22 2014 - 13:23:54)

I2C:   ready
DRAM:  512 MiB
NAND:  0 MiB
MMC:   OMAP SD/MMC: 0, OMAP SD/MMC: 1
*** Warning - readenv() failed, using default environment

Net:   <ethaddr> not set. Validating first E-fuse MAC
cpsw, usb_ether
Hit any key to stop autoboot:  1  0 
gpio: pin 53 (gpio 53) value is 1
mmc0 is current device
gpio: pin 54 (gpio 54) value is 1
SD/MMC found on device 0
reading uEnv.txt
569 bytes read in 4 ms (138.7 KiB/s)
gpio: pin 55 (gpio 55) value is 1
Loaded environment from uEnv.txt
Importing environment from mmc ...
Checking if uenvcmd is set ...
gpio: pin 56 (gpio 56) value is 1
Running uenvcmd ...
cpsw Waiting for PHY auto negotiation to complete. done
link up on port 0, speed 100, full duplex
Using cpsw device
TFTP from server 192.168.255.126; our IP address is 192.168.255.1
Filename 'zImage'.
Load address: 0x81000000
Loading: *T #################################################################
	 #################################################################
	 #################################################################
	 #################################################################
	 #################################################################
	 ######################################
	 732.4 KiB/s
done
Bytes transferred = 5314824 (511908 hex)
link up on port 0, speed 100, full duplex
Using cpsw device
TFTP from server 192.168.255.126; our IP address is 192.168.255.1
Filename 'am335x-boneblack.dtb'.
Load address: 0x82000000
Loading: *#######
	 2.2 MiB/s
done
Bytes transferred = 97772 (17dec hex)
Kernel image @ 0x81000000 [ 0x000000 - 0x511908 ]
## Flattened Device Tree blob at 82000000
   Booting using the fdt blob at 0x82000000
   Using Device Tree in place at 82000000, end 8201adeb

Starting kernel ...

[    0.000000] Booting Linux on physical CPU 0x0
[    0.000000] Linux version 6.6.62 (user01@drvtest01) (arm-linux-gnueabihf-gcc (Linaro GCC 6.4-2017.11) 6.4.1 20171012, GNU ld (Linaro_Binutils-2017.11) 2.27.0.20161229) #13 SMP Sun Nov 17 18:26:21 EET 2024
[    0.000000] CPU: ARMv7 Processor [413fc082] revision 2 (ARMv7), cr=10c5387d
[    0.000000] CPU: PIPT / VIPT nonaliasing data cache, VIPT aliasing instruction cache
[    0.000000] OF: fdt: Machine model: TI AM335x BeagleBone Black
[    0.000000] Memory policy: Data cache writeback
[    0.000000] cma: Reserved 16 MiB at 0x9e800000 on node -1
[    0.000000] Zone ranges:
[    0.000000]   Normal   [mem 0x0000000080000000-0x000000009fdfffff]
[    0.000000]   HighMem  empty
[    0.000000] Movable zone start for each node
[    0.000000] Early memory node ranges
[    0.000000]   node   0: [mem 0x0000000080000000-0x000000009fdfffff]
[    0.000000] Initmem setup node 0 [mem 0x0000000080000000-0x000000009fdfffff]
[    0.000000] CPU: All CPU(s) started in SVC mode.
[    0.000000] AM335X ES2.1 (sgx neon)
[    0.000000] percpu: Embedded 16 pages/cpu s36052 r8192 d21292 u65536
[    0.000000] Kernel command line: console=ttyO0,115200n8 root=/dev/nfs rw nfsroot=192.168.255.126:/home/user01/nfs,nfsvers=3 ip=192.168.255.1:192.168.255.126::255.255.255.0:bbb1:eth0 nfsrootdebug
[    0.000000] Unknown kernel command line parameters "nfsrootdebug", will be passed to user space.
[    0.000000] Dentry cache hash table entries: 65536 (order: 6, 262144 bytes, linear)
[    0.000000] Inode-cache hash table entries: 32768 (order: 5, 131072 bytes, linear)
[    0.000000] Built 1 zonelists, mobility grouping on.  Total pages: 129412
[    0.000000] mem auto-init: stack:off, heap alloc:off, heap free:off
[    0.000000] Memory: 483604K/522240K available (11264K kernel code, 1163K rwdata, 2700K rodata, 1024K init, 283K bss, 22252K reserved, 16384K cma-reserved, 0K highmem)
[    0.000000] SLUB: HWalign=64, Order=0-3, MinObjects=0, CPUs=1, Nodes=1
[    0.000000] trace event string verifier disabled
[    0.000000] rcu: Hierarchical RCU implementation.
[    0.000000] rcu: 	RCU event tracing is enabled.
[    0.000000] rcu: 	RCU restricting CPUs from NR_CPUS=2 to nr_cpu_ids=1.
[    0.000000] rcu: RCU calculated value of scheduler-enlistment delay is 10 jiffies.
[    0.000000] rcu: Adjusting geometry for rcu_fanout_leaf=16, nr_cpu_ids=1
[    0.000000] NR_IRQS: 16, nr_irqs: 16, preallocated irqs: 16
[    0.000000] IRQ: Found an INTC at 0x(ptrval) (revision 5.0) with 128 interrupts
[    0.000000] rcu: srcu_init: Setting srcu_struct sizes based on contention.
[    0.000000] TI gptimer clocksource: always-on /ocp/interconnect@44c00000/segment@200000/target-module@31000
[    0.000002] sched_clock: 32 bits at 24MHz, resolution 41ns, wraps every 89478484971ns
[    0.000027] clocksource: dmtimer: mask: 0xffffffff max_cycles: 0xffffffff, max_idle_ns: 79635851949 ns
[    0.000522] TI gptimer clockevent: 24000000 Hz at /ocp/interconnect@48000000/segment@0/target-module@40000
[    0.002112] Console: colour dummy device 80x30
[    0.002162] WARNING: Your 'console=ttyO0' has been replaced by 'ttyS0'
[    0.002170] This ensures that you still see kernel messages. Please
[    0.002175] update your kernel commandline.
[    0.002217] Calibrating delay loop... 996.14 BogoMIPS (lpj=4980736)
[    0.090575] CPU: Testing write buffer coherency: ok
[    0.090684] CPU0: Spectre v2: using BPIALL workaround
[    0.090696] pid_max: default: 32768 minimum: 301
[    0.090810] LSM: initializing lsm=capability,integrity
[    0.090984] Mount-cache hash table entries: 1024 (order: 0, 4096 bytes, linear)
[    0.091003] Mountpoint-cache hash table entries: 1024 (order: 0, 4096 bytes, linear)
[    0.092516] CPU0: thread -1, cpu 0, socket -1, mpidr 0
[    0.094162] Setting up static identity map for 0x80100000 - 0x80100078
[    0.094456] rcu: Hierarchical SRCU implementation.
[    0.094466] rcu: 	Max phase no-delay instances is 1000.
[    0.095858] smp: Bringing up secondary CPUs ...
[    0.095912] smp: Brought up 1 node, 1 CPU
[    0.095925] SMP: Total of 1 processors activated (996.14 BogoMIPS).
[    0.095937] CPU: All CPU(s) started in SVC mode.
[    0.096840] devtmpfs: initialized
[    0.113858] VFP support v0.3: implementor 41 architecture 3 part 30 variant c rev 3
[    0.114207] clocksource: jiffies: mask: 0xffffffff max_cycles: 0xffffffff, max_idle_ns: 19112604462750000 ns
[    0.114240] futex hash table entries: 256 (order: 2, 16384 bytes, linear)
[    0.115553] pinctrl core: initialized pinctrl subsystem
[    0.118288] NET: Registered PF_NETLINK/PF_ROUTE protocol family
[    0.121077] DMA: preallocated 256 KiB pool for atomic coherent allocations
[    0.121718] audit: initializing netlink subsys (disabled)
[    0.123042] thermal_sys: Registered thermal governor 'fair_share'
[    0.123061] thermal_sys: Registered thermal governor 'step_wise'
[    0.123067] thermal_sys: Registered thermal governor 'user_space'
[    0.123174] audit: type=2000 audit(0.120:1): state=initialized audit_enabled=0 res=1
[    0.123251] cpuidle: using governor menu
[    0.140534] No ATAGs?
[    0.140558] hw-breakpoint: debug architecture 0x4 unsupported.
[    0.143858] kprobes: kprobe jump-optimization is enabled. All kprobes are optimized if possible.
[    0.163608] iommu: Default domain type: Translated
[    0.163627] iommu: DMA domain TLB invalidation policy: strict mode
[    0.165100] SCSI subsystem initialized
[    0.171254] pps_core: LinuxPPS API ver. 1 registered
[    0.171263] pps_core: Software ver. 5.3.6 - Copyright 2005-2007 Rodolfo Giometti <giometti@linux.it>
[    0.171287] PTP clock support registered
[    0.180901] vgaarb: loaded
[    0.181278] clocksource: Switched to clocksource dmtimer
[    0.181895] VFS: Disk quotas dquot_6.6.0
[    0.181954] VFS: Dquot-cache hash table entries: 1024 (order 0, 4096 bytes)
[    0.204850] NET: Registered PF_INET protocol family
[    0.205201] IP idents hash table entries: 8192 (order: 4, 65536 bytes, linear)
[    0.206588] tcp_listen_portaddr_hash hash table entries: 512 (order: 0, 4096 bytes, linear)
[    0.206621] Table-perturb hash table entries: 65536 (order: 6, 262144 bytes, linear)
[    0.206638] TCP established hash table entries: 4096 (order: 2, 16384 bytes, linear)
[    0.206679] TCP bind hash table entries: 4096 (order: 4, 65536 bytes, linear)
[    0.206779] TCP: Hash tables configured (established 4096 bind 4096)
[    0.206912] UDP hash table entries: 256 (order: 1, 8192 bytes, linear)
[    0.206939] UDP-Lite hash table entries: 256 (order: 1, 8192 bytes, linear)
[    0.207115] NET: Registered PF_UNIX/PF_LOCAL protocol family
[    0.212455] RPC: Registered named UNIX socket transport module.
[    0.212476] RPC: Registered udp transport module.
[    0.212482] RPC: Registered tcp transport module.
[    0.212487] RPC: Registered tcp-with-tls transport module.
[    0.212493] RPC: Registered tcp NFSv4.1 backchannel transport module.
[    0.212518] PCI: CLS 0 bytes, default 64
[    0.214176] Initialise system trusted keyrings
[    0.221641] workingset: timestamp_bits=14 max_order=17 bucket_order=3
[    0.222899] NFS: Registering the id_resolver key type
[    0.222967] Key type id_resolver registered
[    0.222975] Key type id_legacy registered
[    0.223031] jffs2: version 2.2. (NAND) (SUMMARY)  Â© 2001-2006 Red Hat, Inc.
[    0.223501] Key type asymmetric registered
[    0.223518] Asymmetric key parser 'x509' registered
[    0.223589] io scheduler mq-deadline registered
[    0.223600] io scheduler kyber registered
[    0.223667] io scheduler bfq registered
[    0.241540] Serial: 8250/16550 driver, 6 ports, IRQ sharing enabled
[    0.290302] brd: module loaded
[    0.306033] loop: module loaded
[    0.306970] mtdoops: mtd device (mtddev=name/number) must be supplied
[    0.309777] i2c_dev: i2c /dev entries driver
[    0.310745] cpuidle: enable-method property 'ti,am3352' found operations
[    0.311205] sdhci: Secure Digital Host Controller Interface driver
[    0.311215] sdhci: Copyright(c) Pierre Ossman
[    0.311592] sdhci-pltfm: SDHCI platform and OF driver helper
[    0.327716] ledtrig-cpu: registered to indicate activity on CPUs
[    0.328542] Initializing XFRM netlink socket
[    0.328701] NET: Registered PF_INET6 protocol family
[    0.330427] Segment Routing with IPv6
[    0.330503] In-situ OAM (IOAM) with IPv6
[    0.330602] sit: IPv6, IPv4 and MPLS over IPv4 tunneling driver
[    0.331766] NET: Registered PF_PACKET protocol family
[    0.331804] NET: Registered PF_KEY protocol family
[    0.331938] Key type dns_resolver registered
[    0.332220] ThumbEE CPU extension supported.
[    0.332243] Registering SWP/SWPB emulation handler
[    0.332760] omap_voltage_late_init: Voltage driver support not added
[    0.333101] SmartReflex Class3 initialized
[    0.373241] Loading compiled-in X.509 certificates
[    0.416495] platform 44e10800.pinmux: Fixed dependency cycle(s) with /ocp/interconnect@44c00000/segment@200000/target-module@10000/scm@0/pinmux@800/clkout2-pins
[    0.417080] pinctrl-single 44e10800.pinmux: 142 pins, size 568
[    0.422282] ti-sysc: probe of 44e31000.target-module failed with error -16
[    0.458684] ti-sysc: probe of 48040000.target-module failed with error -16
[    0.495921] OMAP GPIO hardware version 0.1
[    0.546617] omap_i2c 4819c000.i2c: bus 2 rev0.11 at 100 kHz
[    0.565867] platform 4830e000.lcdc: Fixed dependency cycle(s) with /ocp/interconnect@44c00000/segment@200000/target-module@b000/i2c@0/tda19988@70
[    0.577844] sdhci-omap 481d8000.mmc: supply pbias not found, using dummy regulator
[    0.578331] sdhci-omap 481d8000.mmc: supply vqmmc not found, using dummy regulator
[    0.659511] davinci_mdio 4a101000.mdio: davinci mdio revision 1.6, bus freq 1000000
[    0.785742] davinci_mdio 4a101000.mdio: phy[0]: device 4a101000.mdio:00, driver SMSC LAN8710/LAN8720
[    0.786381] cpsw-switch 4a100000.switch: initialized cpsw ale version 1.4
[    0.786400] cpsw-switch 4a100000.switch: ALE Table size 1024
[    0.786637] cpsw-switch 4a100000.switch: cpts: overflow check period 500 (jiffies)
[    0.786655] cpsw-switch 4a100000.switch: CPTS: ref_clk_freq:250000000 calc_mult:2147483648 calc_shift:29 error:0 nsec/sec
[    0.786767] cpsw-switch 4a100000.switch: Detected MACID = 6c:ec:eb:68:de:78
[    0.788588] cpsw-switch 4a100000.switch: initialized (regs 0x4a100000, pool size 256) hw_ver:0019010C 1.12 (0)
[    0.799601] debugfs: Directory '49000000.dma' with parent 'dmaengine' already present!
[    0.799641] edma 49000000.dma: TI EDMA DMA engine driver
[    0.849349] hw perfevents: enabled with armv7_cortex_a8 PMU driver, 5 counters available
[    0.856608] 44e09000.serial: ttyS0 at MMIO 0x44e09000 (irq = 34, base_baud = 3000000) is a 8250
[    0.856691] printk: console [ttyS0] enabled
[    1.823525] l3-aon-clkctrl:0000:0: failed to disable
[    1.908005] tps65217-pmic: Failed to locate of_node [id: -1]
[    1.914139] tps65217-bl: Failed to locate of_node [id: -1]
[    1.996995] tps65217 0-0024: TPS65217 ID 0xe version 1.2
[    2.003057] platform 4830e000.lcdc: Fixed dependency cycle(s) with /ocp/interconnect@44c00000/segment@200000/target-module@b000/i2c@0/tda19988@70
[    2.016481] i2c 0-0070: Fixed dependency cycle(s) with /ocp/interconnect@48000000/segment@300000/target-module@e000/lcdc@0
[    2.027908] omap_i2c 44e0b000.i2c: bus 0 rev0.11 at 400 kHz
[    2.086919] omap_gpio 44e07000.gpio: Could not set line 6 debounce to 200000 microseconds (-22)
[    2.095827] sdhci-omap 48060000.mmc: Got CD GPIO
[    2.100829] sdhci-omap 48060000.mmc: supply pbias not found, using dummy regulator
[    2.131655] sdhci-omap 48060000.mmc: supply vqmmc not found, using dummy regulator
[    2.139976] sdhci-omap 481d8000.mmc: supply pbias not found, using dummy regulator
[    2.148231] sdhci-omap 481d8000.mmc: supply vqmmc not found, using dummy regulator
[    2.198926]  mmc1: SDHCI controller on 481d8000.mmc [481d8000.mmc] using E xternal DMA
[    2.208020] mmc0: SDHCI controller on 48060000.mmc [48060000.mmc] using External DMA
[    2.216860] cpsw-switch 4a100000.switch: starting ndev. mode: dual_mac
[    2.260448] mmhardev (250:0)
[    2.332364] SMSC LAN8710/LAN8720 4a101000.mdio:00: attached PHY driver (mii_bus:phy_addr=4a101000.mdio:00, irq=POLL)
[    5.442026] cpsw-switch 4a100000.switch eth0: Link is Up - 100Mbps/Full - flow control off
[    5.491350] IP-Config: Complete:
[    5.494622]      device=eth0, hwaddr=6c:ec:eb:68:de:78, ipaddr=192.168.255.1, mask=255.255.255.0, gw=255.255.255.255
[    5.505273]      host=bbb1, domain=, nis-domain=(none)
[    5.510441]      bootserver=192.168.255.126, rootserver=192.168.255.126, rootpath=
[    5.510861] clk: Disabling unused clocks
[    5.522719] KTAP version 1
[    5.525445] 1..0
[    5.548948] VFS: Mounted root (nfs filesystem) on device 0:16.
[    5.556039] devtmpfs: mounted
[    5.560650] Freeing unused kernel image (initmem) memory: 1024K
[    5.567519] Run /sbin/init as init process
[    6.248765] systemd[1]: System time before build time, advancing clock.
[    7.721302] random: crng init done
[    7.792535] systemd[1]: systemd 232 running in system mode. (+PAM +AUDIT +SELINUX +IMA +APPARMOR +SMACK +SYSVINIT +UTMP +LIBCRYPTSETUP +GCRYPT +GNUTLS +ACL +XZ +LZ4 +SECCOMP +BLKID +ELFUTILS +KMOD +IDN)
[    7.811617] systemd[1]: Detected architecture arm.

Welcome to [1mDebian GNU/Linux 9 (stretch)[0m!

[    7.854304] systemd[1]: Set hostname to <arm>.
[    8.930402] systemd[1]: Started Dispatch Password Requests to Console Directory Watch.
[[0;32m  OK  [0m] Started Dispatch Password Requests to Console Directory Watch.
[    8.973007] systemd[1]: Created slice User and Session Slice.
[[0;32m  OK  [0m] Created slice User and Session Slice.
[    9.013251] systemd[1]: Listening on /dev/initctl Compatibility Named Pipe.
[[0;32m  OK  [0m] Listening on /dev/initctl Compatibility Named Pipe.
[    9.051639] systemd[1]: Reached target Swap.
[[0;32m  OK  [0m] Reached target Swap.
[    9.082959] systemd[1]: Set up automount Arbitrary Executable File Formats File System Automount Point.
[[0;32m  OK  [0m] Set up automount Arbitrary Executabâ€¦rmats File System Automount Point.
[    9.122026] systemd[1]: Listening on udev Kernel Socket.
[[0;32m  OK  [0m] Listening on udev Kernel Socket.
[    9.163252] systemd[1]: Listening on Journal Socket (/dev/log).
[[0;32m  OK  [0m] Listening on Journal Socket (/dev/log).
[[0;32m  OK  [0m] Listening on udev Control Socket.
[[0;32m  OK  [0m] Reached target Remote File Systems.
[[0;32m  OK  [0m] Listening on Journal Audit Socket.
[[0;32m  OK  [0m] Listening on Journal Socket.
[[0;32m  OK  [0m] Started Forward Password Requests to Wall Directory Watch.
[[0;32m  OK  [0m] Reached target Encrypted Volumes.
[[0;32m  OK  [0m] Reached target Paths.
[[0;32m  OK  [0m] Listening on Syslog Socket.
[[0;32m  OK  [0m] Created slice System Slice.
         Starting Create list of required stâ€¦ce nodes for the current kernel...
[[0;32m  OK  [0m] Reached target Slices.
         Starting Remount Root and Kernel File Systems...
         Mounting POSIX Message Queue File System...
         Mounting Debug File System...
[[0;32m  OK  [0m] Created slice system-serial\x2dgetty.slice.
         Starting Journal Service...
         Starting Load Kernel Modules...
[[0;32m  OK  [0m] Created slice system-getty.slice.
[[0;32m  OK  [0m] Mounted POSIX Message Queue File System.
[[0;32m  OK  [0m] Mounted Debug File System.
[[0;32m  OK  [0m] Started Create list of required staâ€¦vice nodes for the current kernel.
[[0;32m  OK  [0m] Started Remount Root and Kernel File Systems.
         Starting udev Coldplug all Devices...
         Starting Load/Save Random Seed...
         Starting Create Static Device Nodes in /dev...
[[0;32m  OK  [0m] Started Load Kernel Modules.
         Mounting Configuration File System...
         Starting Apply Kernel Variables...
[[0;32m  OK  [0m] Mounted Configuration File System.
[[0;32m  OK  [0m] Started Load/Save Random Seed.
[[0;32m  OK  [0m] Started Apply Kernel Variables.
[[0;32m  OK  [0m] Started Create Static Device Nodes in /dev.
[[0;32m  OK  [0m] Reached target Local File Systems (Pre).
[[0;32m  OK  [0m] Reached target Local File Systems.
         Starting Raise network interfaces...
         Starting udev Kernel Device Manager...
[[0;32m  OK  [0m] Started Journal Service.
         Starting Flush Journal to Persistent Storage...
[   11.602038] systemd-journald[88]: Received request to flush runtime journal from PID 1
[[0;32m  OK  [0m] Started Flush Journal to Persistent Storage.
         Starting Create Volatile Files and Directories...
[[0;32m  OK  [0m] Started udev Kernel Device Manager.
[[0;32m  OK  [0m] Started Create Volatile Files and Directories.
         Starting Network Time Synchronization...
         Starting Update UTMP about System Boot/Shutdown...
[[0;32m  OK  [0m] Started Update UTMP about System Boot/Shutdown.
[[0;32m  OK  [0m] Started udev Coldplug all Devices.
[   14.633278] remoteproc remoteproc0: wkup_m3 is available
[[0;32m  OK  [0m] Started Network Time Synchronization.
[   14.981664] omap_rtc 44e3e000.rtc: registered as rtc0
[   14.986831] omap_rtc 44e3e000.rtc: setting system clock to 2000-01-01T00:00:00 UTC (946684800)
[   15.019885] omap_wdt: OMAP Watchdog Timer Rev 0x01: initial timeout 60 sec
[   15.066523] at24 2-0054: supply vcc not found, using dummy regulator
[[0;32m  OK  [0m] Found device /dev/ttyS0.
[   15.237780] at24 2-0055: supply vcc not found, using dummy regulator
[   15.380296] at24 2-0056: supply vcc not found, using dummy regulator
[   15.468863] at24 2-0057: supply vcc not found, using dummy regulator
[[0;32m  OK  [0m] Reached target System Initialization.
[[0;32m  OK  [0m] Started Daily Cleanup of Temporary Directories.
[   15.595032] at24 0-0050: 32768 byte 24c256 EEPROM, writable, 1 bytes/write
[   15.694373] tps6521x_pwrbutton tps65217-pwrbutton: DMA mask not set
[[0;32m  OK  [0m] Listening on D-Bus System Message Bus Socket.
[   15.747284] wkup_m3_ipc 44e11324.wkup_m3_ipc: IPC Request for A8->M3 Channel failed! -517
[[0;32m  OK  [0m] Listening on Avahi mDNS/DNS-SD Stack Activation Socket.
[[0;32m  OK  [0m] Reached target Sockets.
[[0;32m  OK  [0m] Reached target Basic System.
[   15.822771] input: tps65217_pwrbutton as /devices/platform/ocp/44c00000.interconnect/44c00000.interconnect:segment@200000/44e0b000.target-module/44e0b000.i2c/i2c-0/0-0024/tps65217-pwrbutton/input/input0
[   15.847658] wkup_m3_ipc 44e11324.wkup_m3_ipc: IPC Request for A8->M3 Channel failed! -517
         Starting Login Service...
[   16.051972] am335x-phy-driver 47401300.usb-phy: dummy supplies not allowed for exclusive requests
[[0;32m  OK  [0m] Started D-Bus System Message Bus.
[   16.204778] am335x-phy-driver 47401b00.usb-phy: dummy supplies not allowed for exclusive requests
[   16.216271] wkup_m3_ipc 44e11324.wkup_m3_ipc: IPC Request for A8->M3 Channel failed! -517
[   16.460269] usbcore: registered new interface driver usbfs
[   16.466083] usbcore: registered new interface driver hub
[   16.471589] usbcore: registered new device driver usb
[   16.532297] wkup_m3_ipc 44e11324.wkup_m3_ipc: IPC Request for A8->M3 Channel failed! -517
[   16.896753] tda998x 0-0070: found TDA19988
[   16.960100] wkup_m3_ipc 44e11324.wkup_m3_ipc: IPC Request for A8->M3 Channel failed! -517
[   17.076776] musb-hdrc musb-hdrc.1: MUSB HDRC host driver
[   17.082420] musb-hdrc musb-hdrc.1: new USB bus registered, assigned bus number 1
[   17.114294] wkup_m3_ipc 44e11324.wkup_m3_ipc: IPC Request for A8->M3 Channel failed! -517
[   17.206776] wkup_m3_ipc 44e11324.wkup_m3_ipc: IPC Request for A8->M3 Channel failed! -517
[   17.216517] usb usb1: New USB device found, idVendor=1d6b, idProduct=0002, bcdDevice= 6.06
[   17.225009] usb usb1: New USB device strings: Mfr=3, Product=2, SerialNumber=1
[   17.232327] usb usb1: Product: MUSB HDRC host driver
[   17.237319] usb usb1: Manufacturer: Linux 6.6.62 musb-hcd
[   17.242771] usb usb1: SerialNumber: musb-hdrc.1
[   17.431922] hub 1-0:1.0: USB hub found
[   17.486725] hub 1-0:1.0: 1 port detected
[   17.551600] wkup_m3_ipc 44e11324.wkup_m3_ipc: IPC Request for A8->M3 Channel failed! -517
[   17.571600] wkup_m3_ipc 44e11324.wkup_m3_ipc: IPC Request for A8->M3 Channel failed! -517
[   17.715326] omap-mailbox 480c8000.mailbox: omap mailbox rev 0x400
[   17.756606] remoteproc remoteproc0: powering up wkup_m3
[   17.862095] remoteproc remoteproc0: Direct firmware load for am335x-pm-firmware.elf failed with error -2
[   17.871872] remoteproc remoteproc0: request_firmware failed: -2
[   17.877833] wkup_m3_ipc 44e11324.wkup_m3_ipc: rproc_boot failed
[   19.447698] tilcdc 4830e000.lcdc: bound 0-0070 (ops tda998x_driver_exit [tda998x])
[   19.476074] omap_rng 48310000.rng: Random Number Generator ver. 20
[   19.537458] [drm] Initialized tilcdc 1.0.0 20121205 for 4830e000.lcdc on minor 0
[   19.584302] tilcdc 4830e000.lcdc: [drm] Cannot find any crtc or sizes
[   19.653735] tilcdc 4830e000.lcdc: [drm] Cannot find any crtc or sizes
         Starting Connection service...
         Starting DUN service...
         Starting LSB: Load kernel modules needed to enable cpufreq scaling...
         Starting Avahi mDNS/DNS-SD Stack...
         Starting Generic Board Startup...
         Starting System Logging Service...
         Starting LSB: Start busybox udhcpd at boot time...
         Starting Telephony service...
