Labgrid Console Logfile for main
Logfile started at 2025-03-18 16:25:45.169305
=== Log starts here ===

U-Boot SPL 2014.04-00014-g47880f5 (Apr 22 2014 - 13:23:54)
reading args
spl_load_image_fat_os: error reading image args, err - -1
reading u-boot.img
reading u-boot.img


U-Boot 2014.04-00014-g47880f5 (Apr 22 2014 - 13:23:54)

I2C:   ready
DRAM:  512 MiB
NAND:  0 MiB
MMC:   OMAP SD/MMC: 0, OMAP SD/MMC: 1
*** Warning - readenv() failed, using default environment

Net:   <ethaddr> not set. Validating first E-fuse MAC
cpsw, usb_ether
Hit any key to stop autoboot:  1  0 
gpio: pin 53 (gpio 53) value is 1
mmc0 is current device
gpio: pin 54 (gpio 54) value is 1
SD/MMC found on device 0
reading uEnv.txt
569 bytes read in 4 ms (138.7 KiB/s)
gpio: pin 55 (gpio 55) value is 1
Loaded environment from uEnv.txt
Importing environment from mmc ...
Checking if uenvcmd is set ...
gpio: pin 56 (gpio 56) value is 1
Running uenvcmd ...
cpsw Waiting for PHY auto negotiation to complete. done
link up on port 0, speed 100, full duplex
Using cpsw device
TFTP from server 192.168.255.126; our IP address is 192.168.255.1
Filename 'zImage'.
Load address: 0x81000000
Loading: *T #################################################################
	 #################################################################
	 #################################################################
	 #################################################################
	 #################################################################
	 ##########################################################
	 759.8 KiB/s
done
Bytes transferred = 5616024 (55b198 hex)
link up on port 0, speed 100, full duplex
Using cpsw device
TFTP from server 192.168.255.126; our IP address is 192.168.255.1
Filename 'am335x-boneblack.dtb'.
Load address: 0x82000000
Loading: *#######
	 2.3 MiB/s
done
Bytes transferred = 98244 (17fc4 hex)
Kernel image @ 0x81000000 [ 0x000000 - 0x55b198 ]
## Flattened Device Tree blob at 82000000
   Booting using the fdt blob at 0x82000000
   Using Device Tree in place at 82000000, end 8201afc3

Starting kernel ...

[    0.000000] Booting Linux on physical CPU 0x0
[    0.000000] Linux version 6.14.0-rc7-next-20250318 (user01@drvtest01) (arm-none-eabi-gcc (Arm GNU Toolchain 14.2.Rel1 (Build arm-14.52)) 14.2.1 20241119, GNU ld (Arm GNU Toolchain 14.2.Rel1 (Build arm-14.52)) 2.43.1.20241119) #1 SMP Tue Mar 18 16:24:19 EET 2025
[    0.000000] CPU: ARMv7 Processor [413fc082] revision 2 (ARMv7), cr=10c5387d
[    0.000000] CPU: PIPT / VIPT nonaliasing data cache, VIPT aliasing instruction cache
[    0.000000] OF: fdt: Machine model: TI AM335x BeagleBone Black
[    0.000000] Memory policy: Data cache writeback
[    0.000000] cma: Reserved 16 MiB at 0x00000000
[    0.000000] Zone ranges:
[    0.000000]   Normal   [mem 0x0000000080000000-0x000000009fdfffff]
[    0.000000]   HighMem  empty
[    0.000000] Movable zone start for each node
[    0.000000] Early memory node ranges
[    0.000000]   node   0: [mem 0x0000000080000000-0x000000009fdfffff]
[    0.000000] Initmem setup node 0 [mem 0x0000000080000000-0x000000009fdfffff]
[    0.000000] OF: reserved mem: Reserved memory: No reserved-memory node in the DT
[    0.000000] CPU: All CPU(s) started in SVC mode.
[    0.000000] AM335X ES2.1 (sgx neon)
[    0.000000] percpu: Embedded 17 pages/cpu s39692 r8192 d21748 u69632
[    0.000000] Kernel command line: console=ttyO0,115200n8 root=/dev/nfs rw nfsroot=192.168.255.126:/home/user01/nfs,nfsvers=3 ip=192.168.255.1:192.168.255.126::255.255.255.0:bbb1:eth0 nfsrootdebug
[    0.000000] Unknown kernel command line parameters "nfsrootdebug", will be passed to user space.
[    0.000000] printk: log buffer data + meta data: 65536 + 204800 = 270336 bytes
[    0.000000] Dentry cache hash table entries: 65536 (order: 6, 262144 bytes, linear)
[    0.000000] Inode-cache hash table entries: 32768 (order: 5, 131072 bytes, linear)
[    0.000000] Built 1 zonelists, mobility grouping on.  Total pages: 130560
[    0.000000] mem auto-init: stack:off, heap alloc:off, heap free:off
[    0.000000] SLUB: HWalign=16, Order=0-3, MinObjects=0, CPUs=1, Nodes=1
[    0.000000] rcu: Hierarchical RCU implementation.
[    0.000000] rcu: 	RCU event tracing is enabled.
[    0.000000] rcu: 	RCU restricting CPUs from NR_CPUS=2 to nr_cpu_ids=1.
[    0.000000] 	Tracing variant of Tasks RCU enabled.
[    0.000000] rcu: RCU calculated value of scheduler-enlistment delay is 10 jiffies.
[    0.000000] rcu: Adjusting geometry for rcu_fanout_leaf=16, nr_cpu_ids=1
[    0.000000] RCU Tasks Trace: Setting shift to 0 and lim to 1 rcu_task_cb_adjust=1 rcu_task_cpu_ids=1.
[    0.000000] NR_IRQS: 16, nr_irqs: 16, preallocated irqs: 16
[    0.000000] IRQ: Found an INTC at 0x(ptrval) (revision 5.0) with 128 interrupts
[    0.000000] rcu: srcu_init: Setting srcu_struct sizes based on contention.
[    0.000000] TI gptimer clocksource: always-on /ocp/interconnect@44c00000/segment@200000/target-module@31000
[    0.000003] sched_clock: 32 bits at 24MHz, resolution 41ns, wraps every 89478484971ns
[    0.000026] clocksource: dmtimer: mask: 0xffffffff max_cycles: 0xffffffff, max_idle_ns: 79635851949 ns
[    0.000528] TI gptimer clockevent: 24000000 Hz at /ocp/interconnect@48000000/segment@0/target-module@40000
[    0.002188] Console: colour dummy device 80x30
[    0.002255] WARNING: Your 'console=ttyO0' has been replaced by 'ttyS0'
[    0.002263] This ensures that you still see kernel messages. Please
[    0.002267] update your kernel commandline.
[    0.002307] Calibrating delay loop... 996.14 BogoMIPS (lpj=4980736)
[    0.090575] CPU: Testing write buffer coherency: ok
[    0.090689] CPU0: Spectre v2: using BPIALL workaround
[    0.090700] pid_max: default: 32768 minimum: 301
[    0.090858] LSM: initializing lsm=capability
[    0.091039] Mount-cache hash table entries: 1024 (order: 0, 4096 bytes, linear)
[    0.091058] Mountpoint-cache hash table entries: 1024 (order: 0, 4096 bytes, linear)
[    0.092667] CPU0: thread -1, cpu 0, socket -1, mpidr 0
[    0.092728] cacheinfo: Unable to detect cache hierarchy for CPU 0
[    0.160765] Setting up static identity map for 0x80100000 - 0x80100078
[    0.170717] rcu: Hierarchical SRCU implementation.
[    0.170730] rcu: 	Max phase no-delay instances is 1000.
[    0.172477] smp: Bringing up secondary CPUs ...
[    0.172530] smp: Brought up 1 node, 1 CPU
[    0.172543] SMP: Total of 1 processors activated (996.14 BogoMIPS).
[    0.172554] CPU: All CPU(s) started in SVC mode.
[    0.172738] Memory: 480824K/522240K available (11264K kernel code, 1218K rwdata, 2968K rodata, 1024K init, 285K bss, 23384K reserved, 16384K cma-reserved, 0K highmem)
[    0.173581] devtmpfs: initialized
[    0.191046] VFP support v0.3: implementor 41 architecture 3 part 30 variant c rev 3
[    0.191724] clocksource: jiffies: mask: 0xffffffff max_cycles: 0xffffffff, max_idle_ns: 19112604462750000 ns
[    0.191764] posixtimers hash table entries: 512 (order: 0, 4096 bytes, linear)
[    0.191783] futex hash table entries: 256 (order: 2, 16384 bytes, linear)
[    0.192915] pinctrl core: initialized pinctrl subsystem
[    0.195013] NET: Registered PF_NETLINK/PF_ROUTE protocol family
[    0.197806] DMA: preallocated 256 KiB pool for atomic coherent allocations
[    0.198760] audit: initializing netlink subsys (disabled)
[    0.200167] thermal_sys: Registered thermal governor 'fair_share'
[    0.200182] thermal_sys: Registered thermal governor 'step_wise'
[    0.200191] thermal_sys: Registered thermal governor 'user_space'
[    0.200306] audit: type=2000 audit(0.000:1): state=initialized audit_enabled=0 res=1
[    0.200379] cpuidle: using governor menu
[    0.219282] /ocp/interconnect@44c00000/segment@200000/target-module@b000/i2c@0/tda19988@70: Fixed dependency cycle(s) with /ocp/interconnect@48000000/segment@300000/target-module@e000/lcdc@0
[    0.220408] /ocp/interconnect@48000000/segment@300000/target-module@e000/lcdc@0: Fixed dependency cycle(s) with /ocp/interconnect@44c00000/segment@200000/target-module@b000/i2c@0/tda19988@70
[    0.222772] No ATAGs?
[    0.222817] hw-breakpoint: debug architecture 0x4 unsupported.
[    0.225529] kprobes: kprobe jump-optimization is enabled. All kprobes are optimized if possible.
[    0.234000] iommu: Default domain type: Translated
[    0.234024] iommu: DMA domain TLB invalidation policy: strict mode
[    0.241830] SCSI subsystem initialized
[    0.242690] pps_core: LinuxPPS API ver. 1 registered
[    0.242701] pps_core: Software ver. 5.3.6 - Copyright 2005-2007 Rodolfo Giometti <giometti@linux.it>
[    0.242726] PTP clock support registered
[    0.251469] vgaarb: loaded
[    0.251845] clocksource: Switched to clocksource dmtimer
[    0.252520] VFS: Disk quotas dquot_6.6.0
[    0.252577] VFS: Dquot-cache hash table entries: 1024 (order 0, 4096 bytes)
[    0.277359] NET: Registered PF_INET protocol family
[    0.277700] IP idents hash table entries: 8192 (order: 4, 65536 bytes, linear)
[    0.279131] tcp_listen_portaddr_hash hash table entries: 512 (order: 0, 4096 bytes, linear)
[    0.279168] Table-perturb hash table entries: 65536 (order: 6, 262144 bytes, linear)
[    0.279186] TCP established hash table entries: 4096 (order: 2, 16384 bytes, linear)
[    0.279233] TCP bind hash table entries: 4096 (order: 4, 65536 bytes, linear)
[    0.279331] TCP: Hash tables configured (established 4096 bind 4096)
[    0.279450] UDP hash table entries: 256 (order: 1, 14336 bytes, linear)
[    0.279486] UDP-Lite hash table entries: 256 (order: 1, 14336 bytes, linear)
[    0.279669] NET: Registered PF_UNIX/PF_LOCAL protocol family
[    0.292622] RPC: Registered named UNIX socket transport module.
[    0.292646] RPC: Registered udp transport module.
[    0.292651] RPC: Registered tcp transport module.
[    0.292656] RPC: Registered tcp-with-tls transport module.
[    0.292661] RPC: Registered tcp NFSv4.1 backchannel transport module.
[    0.292687] PCI: CLS 0 bytes, default 64
[    0.294120] Initialise system trusted keyrings
[    0.294655] workingset: timestamp_bits=14 max_order=17 bucket_order=3
[    0.296561] NFS: Registering the id_resolver key type
[    0.296656] Key type id_resolver registered
[    0.296663] Key type id_legacy registered
[    0.296777] jffs2: version 2.2. (NAND) (SUMMARY)  Â© 2001-2006 Red Hat, Inc.
[    0.297208] Key type asymmetric registered
[    0.297223] Asymmetric key parser 'x509' registered
[    0.297285] io scheduler mq-deadline registered
[    0.297295] io scheduler kyber registered
[    0.297366] io scheduler bfq registered
[    0.298967] ledtrig-cpu: registered to indicate activity on CPUs
[    0.313056] Serial: 8250/16550 driver, 6 ports, IRQ sharing enabled
[    0.362304] brd: module loaded
[    0.384635] loop: module loaded
[    0.385562] mtdoops: mtd device (mtddev=name/number) must be supplied
[    0.388718] i2c_dev: i2c /dev entries driver
[    0.389707] cpuidle: enable-method property 'ti,am3352' found operations
[    0.390157] sdhci: Secure Digital Host Controller Interface driver
[    0.390167] sdhci: Copyright(c) Pierre Ossman
[    0.390340] sdhci-pltfm: SDHCI platform and OF driver helper
[    0.391350] Initializing XFRM netlink socket
[    0.391529] NET: Registered PF_INET6 protocol family
[    0.415500] Segment Routing with IPv6
[    0.415597] In-situ OAM (IOAM) with IPv6
[    0.415695] sit: IPv6, IPv4 and MPLS over IPv4 tunneling driver
[    0.416668] NET: Registered PF_PACKET protocol family
[    0.416704] NET: Registered PF_KEY protocol family
[    0.416828] Key type dns_resolver registered
[    0.417049] ThumbEE CPU extension supported.
[    0.417067] Registering SWP/SWPB emulation handler
[    0.417610] omap_voltage_late_init: Voltage driver support not added
[    0.417957] SmartReflex Class3 initialized
[    0.445276] Loading compiled-in X.509 certificates
[    0.490118] /ocp/interconnect@44c00000/segment@200000/target-module@b000/i2c@0/tda19988@70: Fixed dependency cycle(s) with /ocp/interconnect@48000000/segment@300000/target-module@e000/lcdc@0
[    0.496887] /ocp/interconnect@44c00000/segment@200000/target-module@b000/i2c@0/tda19988@70: Fixed dependency cycle(s) with /ocp/interconnect@48000000/segment@300000/target-module@e000/lcdc@0
[    0.516387] /ocp/interconnect@44c00000/segment@200000/target-module@b000/i2c@0/tda19988@70: Fixed dependency cycle(s) with /ocp/interconnect@48000000/segment@300000/target-module@e000/lcdc@0
[    0.517302] /ocp/interconnect@44c00000/segment@200000/target-module@b000/i2c@0/tda19988@70: Fixed dependency cycle(s) with /ocp/interconnect@48000000/segment@300000/target-module@e000/lcdc@0
[    0.520893] /ocp/interconnect@44c00000/segment@200000/target-module@10000/scm@0/pinmux@800: Fixed dependency cycle(s) with /ocp/interconnect@44c00000/segment@200000/target-module@10000/scm@0/pinmux@800/clkout2-pins
[    0.521493] pinctrl-single 44e10800.pinmux: 142 pins, size 568
[    0.527451] ti-sysc 44e31000.target-module: probe with driver ti-sysc failed with error -16
[    0.567446] /ocp/interconnect@48000000/segment@300000/target-module@e000/lcdc@0: Fixed dependency cycle(s) with /ocp/interconnect@44c00000/segment@200000/target-module@b000/i2c@0/tda19988@70
[    0.576350] ti-sysc 48040000.target-module: probe with driver ti-sysc failed with error -16
[    0.626075] OMAP GPIO hardware version 0.1
[    0.658645] omap_i2c 4819c000.i2c: bus 2 rev0.11 at 100 kHz
[    0.689900] 48000000.interconnect:segment@200000:target-module@0:mpu@0:fck: device ID is greater than 24
[    0.690794] /ocp/interconnect@48000000/segment@300000/target-module@e000/lcdc@0: Fixed dependency cycle(s) with /ocp/interconnect@44c00000/segment@200000/target-module@b000/i2c@0/tda19988@70
[    0.694107] /ocp/interconnect@48000000/segment@300000/target-module@e000/lcdc@0: Fixed dependency cycle(s) with /ocp/interconnect@44c00000/segment@200000/target-module@b000/i2c@0/tda19988@70
[    0.694886] /ocp/interconnect@44c00000/segment@200000/target-module@b000/i2c@0/tda19988@70: Fixed dependency cycle(s) with /ocp/interconnect@48000000/segment@300000/target-module@e000/lcdc@0
[    0.695063] /ocp/interconnect@48000000/segment@300000/target-module@e000/lcdc@0: Fixed dependency cycle(s) with /ocp/interconnect@44c00000/segment@200000/target-module@b000/i2c@0/tda19988@70
[    0.706852] sdhci-omap 481d8000.mmc: supply pbias not found, using dummy regulator
[    0.707351] sdhci-omap 481d8000.mmc: supply vqmmc not found, using dummy regulator
[    0.753596] davinci_mdio 4a101000.mdio: davinci mdio revision 1.6, bus freq 1000000
[    0.910324] davinci_mdio 4a101000.mdio: phy[0]: device 4a101000.mdio:00, driver SMSC LAN8710/LAN8720
[    0.911107] cpsw-switch 4a100000.switch: initialized cpsw ale version 1.4
[    0.911132] cpsw-switch 4a100000.switch: ALE Table size 1024, Policers 0
[    0.911282] cpsw-switch 4a100000.switch: cpts: overflow check period 500 (jiffies)
[    0.911298] cpsw-switch 4a100000.switch: CPTS: ref_clk_freq:250000000 calc_mult:2147483648 calc_shift:29 error:0 nsec/sec
[    0.911410] cpsw-switch 4a100000.switch: Detected MACID = 6c:ec:eb:68:de:78
[    0.913457] cpsw-switch 4a100000.switch: initialized (regs 0x4a100000, pool size 256) hw_ver:0019010C 1.12 (0)
[    0.924682] debugfs: Directory '49000000.dma' with parent 'dmaengine' already present!
[    0.924723] edma 49000000.dma: TI EDMA DMA engine driver
[    0.963193] target-module@4b000000:target-module@140000:pmu@0:fck: device ID is greater than 24
[    0.988325] hw perfevents: enabled with armv7_cortex_a8 PMU driver, 5 (8000000f) counters available
[    0.997945] l3-aon-clkctrl:0000:0: failed to disable
[    0.999082] 44e09000.serial: ttyS0 at MMIO 0x44e09000 (irq = 34, base_baud = 3000000) is a 8250
[    0.999171] printk: legacy console [ttyS0] enabled
 [    2.452841] tps65217-pmic: Failed to locate of_node [id: -1 ]
[    2.458896] tps65217-bl: Failed to locate of_node [id: - 1]
[    2.466416] platform tps65217-charger: DMA mask not set 
[    2.473792] platform tps65217-pwrbutton: DMA mask not set 
[    2
[    5.842634] cpsw-switch 4a100000.switch eth0: Link is Up - 100Mbps/Full - flow control off
[    5.882101] IP-Config: Complete:
[    5.885382]      device=eth0, hwaddr=6c:ec:eb:68:de:78, ipaddr=192.168.255.1, mask=255.255.255.0, gw=255.255.255.255
[    5.896052]      host=bbb1, domain=, nis-domain=(none)
[    5.901221]      bootserver=192.168.255.126, rootserver=192.168.255.126, rootpath=
[    5.901671] clk: Disabling unused clocks
[    5.913512] PM: genpd: Disabling unused power domains
[    5.918630] KTAP version 1
[    5.921351] 1..0
[    5.969444] VFS: Mounted root (nfs filesystem) on device 0:17.
[    5.976598] devtmpfs: mounted
[    5.981092] Freeing unused kernel image (initmem) memory: 1024K
[    5.987880] Run /sbin/init as init process
[    6.702783] systemd[1]: System time before build time, advancing clock.
[    8.151869] random: crng init done
[    8.192394] systemd[1]: systemd 232 running in system mode. (+PAM +AUDIT +SELINUX +IMA +APPARMOR +SMACK +SYSVINIT +UTMP +LIBCRYPTSETUP +GCRYPT +GNUTLS +ACL +XZ +LZ4 +SECCOMP +BLKID +ELFUTILS +KMOD +IDN)
[    8.211405] systemd[1]: Detected architecture arm.

Welcome to [1mDebian GNU/Linux 9 (stretch)[0m!

[    8.245064] systemd[1]: Set hostname to <arm>.
[    9.358028] systemd[1]: Listening on Syslog Socket.
[[0;32m  OK  [0m] Listening on Syslog Socket.
[    9.383831] systemd[1]: Listening on udev Control Socket.
[[0;32m  OK  [0m] Listening on udev Control Socket.
[    9.412264] systemd[1]: Reached target Remote File Systems.
[[0;32m  OK  [0m] Reached target Remote File Systems.
[    9.443900] systemd[1]: Listening on /dev/initctl Compatibility Named Pipe.
[[0;32m  OK  [0m] Listening on /dev/initctl Compatibility Named Pipe.
[    9.473601] systemd[1]: Set up automount Arbitrary Executable File Formats File System Automount Point.
[[0;32m  OK  [0m] Set up automount Arbitrary Executabâ€¦rmats File System Automount Point.
[    9.502758] systemd[1]: Listening on Journal Socket.
[[0;32m  OK  [0m] Listening on Journal Socket.
[    9.532843] systemd[1]: Started Dispatch Password Requests to Console Directory Watch.
[[0;32m  OK  [0m] Started Dispatch Password Requests to Console Directory Watch.
[[0;32m  OK  [0m] Created slice User and Session Slice.
[[0;32m  OK  [0m] Listening on udev Kernel Socket.
[[0;32m  OK  [0m] Created slice System Slice.
         Mounting Debug File System...
         Starting Load Kernel Modules...
[[0;32m  OK  [0m] Reached target Slices.
         Starting Remount Root and Kernel File Systems...
[[0;32m  OK  [0m] Created slice system-getty.slice.
         Mounting POSIX Message Queue File System...
[[0;32m  OK  [0m] Created slice system-serial\x2dgetty.slice.
         Starting Create list of required stâ€¦ce nodes for the current kernel...
[[0;32m  OK  [0m] Listening on Journal Socket (/dev/log).
[[0;32m  OK  [0m] Listening on Journal Audit Socket.
         Starting Journal Service...
[[0;32m  OK  [0m] Started Forward Password Requests to Wall Directory Watch.
[[0;32m  OK  [0m] Reached target Paths.
[[0;32m  OK  [0m] Reached target Encrypted Volumes.
[[0;32m  OK  [0m] Reached target Swap.
[[0;32m  OK  [0m] Mounted POSIX Message Queue File System.
[[0;32m  OK  [0m] Mounted Debug File System.
[[0;32m  OK  [0m] Started Load Kernel Modules.
[[0;32m  OK  [0m] Started Remount Root and Kernel File Systems.
[[0;32m  OK  [0m] Started Create list of required staâ€¦vice nodes for the current kernel.
         Starting Create Static Device Nodes in /dev...
         Starting Load/Save Random Seed...
         Starting udev Coldplug all Devices...
         Starting Apply Kernel Variables...
         Mounting Configuration File System...
[[0;32m  OK  [0m] Started Load/Save Random Seed.
[[0;32m  OK  [0m] Mounted Configuration File System.
[[0;32m  OK  [0m] Started Apply Kernel Variables.
[[0;32m  OK  [0m] Started Create Static Device Nodes in /dev.
[[0;32m  OK  [0m] Reached target Local File Systems (Pre).
[[0;32m  OK  [0m] Reached target Local File Systems.
         Starting Raise network interfaces...
         Starting udev Kernel Device Manager...
[[0;32m  OK  [0m] Started Journal Service.
         Starting Flush Journal to Persistent Storage...
[   11.704110] systemd-journald[92]: Received request to flush runtime journal from PID 1
[[0;32m  OK  [0m] Started Flush Journal to Persistent Storage.
         Starting Create Volatile Files and Directories...
[[0;32m  OK  [0m] Started udev Kernel Device Manager.
[[0;32m  OK  [0m] Started Create Volatile Files and Directories.
         Starting Network Time Synchronization...
         Starting Update UTMP about System Boot/Shutdown...
[[0;32m  OK  [0m] Started udev Coldplug all Devices.
[[0;32m  OK  [0m] Started Update UTMP about System Boot/Shutdown.
[   14.848349] remoteproc remoteproc0: wkup_m3 is available
[   15.110593] am335x-phy-driver 47401300.usb-phy: dummy supplies not allowed for exclusive requests (id=vbus)
[   15.170504] at24 2-0054: supply vcc not found, using dummy regulator
[   15.179093] usbcore: registered new interface driver usbfs
[   15.184860] usbcore: registered new interface driver hub
[   15.190296] usbcore: registered new device driver usb
[   15.304651] at24 2-0055: supply vcc not found, using dummy regulator
[   15.322432] am335x-phy-driver 47401b00.usb-phy: dummy supplies not allowed for exclusive requests (id=vbus)
[   15.409656] at24 2-0056: supply vcc not found, using dummy regulator
[   15.518552] at24 2-0057: supply vcc not found, using dummy regulator
[[0;32m  OK  [0m] Found device /dev/ttyS0.
[   15.649630] at24 0-0050: 32768 byte 24c256 EEPROM, writable, 1 bytes/write
[   15.748556] musb-hdrc musb-hdrc.1: MUSB HDRC host driver
[   15.754313] musb-hdrc musb-hdrc.1: new USB bus registered, assigned bus number 1
[   15.853791] input: tps65217_pwrbutton as /devices/platform/ocp/44c00000.interconnect/44c00000.interconnect:segment@200000/44e0b000.target-module/44e0b000.i2c/i2c-0/0-0024/tps65217-pwrbutton/input/input0
[[0;32m  OK  [0m] Started Network Time Synchronization.
[[0;32m  OK  [0m] Reached target System Initialization.
[   16.006314] usb usb1: New USB device found, idVendor=1d6b, idProduct=0002, bcdDevice= 6.14
[   16.014866] usb usb1: New USB device strings: Mfr=3, Product=2, SerialNumber=1
[   16.022313] usb usb1: Product: MUSB HDRC host driver
[   16.027312] usb usb1: Manufacturer: Linux 6.14.0-rc7-next-20250318 musb-hcd
[   16.034365] usb usb1: SerialNumber: musb-hdrc.1
[[0;32m  OK  [0m] Listening on D-Bus System Message Bus Socket.
[[0;32m  OK  [0m] Listening on Avahi mDNS/DNS-SD Stack Activation Socket.
[   16.245939] wkup_m3_ipc 44e11324.wkup_m3_ipc: IPC Request for A8->M3 Channel failed! -517
[[0;32m  OK  [0m] Reached target Sockets.
[[0;32m  OK  [0m] Reached target Basic System.
         Starting Telephony service...[   16.420119] hub 1-0:1.0: USB hub found

[   16.516759] omap_rtc 44e3e000.rtc: registered as rtc0
[   16.522108] omap_rtc 44e3e000.rtc: setting system clock to 2000-01-01T00:00:00 UTC (946684800)
[   16.532743] wkup_m3_ipc 44e11324.wkup_m3_ipc: IPC Request for A8->M3 Channel failed! -517
[   16.551405] hub 1-0:1.0: 1 port detected
         Starting DUN service...
[   16.643614] wkup_m3_ipc 44e11324.wkup_m3_ipc: IPC Request for A8->M3 Channel failed! -517
[   16.732552] omap_wdt: OMAP Watchdog Timer Rev 0x01: initial timeout 60 sec
         Starting Cape Manager Service...
[   16.773485] wkup_m3_ipc 44e11324.wkup_m3_ipc: IPC Request for A8->M3 Channel failed! -517
         Starting System Logging Service...
         Starting LSB: Load kernel modules needed to enable cpufreq scaling...
         Starting Generic Board Startup...
[[0;32m  OK  [0m] Started D-Bus System Message Bus.
[   17.714386] omap-mailbox 480c8000.mailbox: omap mailbox rev 0x400
[   17.803305] remoteproc remoteproc0: powering up wkup_m3
[   18.094210] remoteproc remoteproc0: Direct firmware load for am335x-pm-firmware.elf failed with error -2
[   18.104006] remoteproc remoteproc0: request_firmware failed: -2
[   18.109975] wkup_m3_ipc 44e11324.wkup_m3_ipc: rproc_boot failed
[   18.265633] tda998x 0-0070: found TDA19988
[   20.452419] omap_rng 48310000.rng: Random Number Generator ver. 20
[   20.464190] tilcdc 4830e000.lcdc: bound 0-0070 (ops tda998x_audio_codec_init [tda998x])
[   20.565136] [drm] Initialized tilcdc 1.0.0 for 4830e000.lcdc on minor 0
[   20.628320] tilcdc 4830e000.lcdc: [drm] Cannot find any crtc or sizes
[   20.640723] tilcdc 4830e000.lcdc: [drm] Cannot find any crtc or sizes
[[0;32m  OK  [0m] Started DUN service.
[[0;32m  OK  [0m] Started Telephony service.
         Starting Connection service...
         Starting Login Service...
[   21.485683] PM: Cannot get wkup_m3_ipc handle
         Starting Avahi mDNS/DNS-SD Stack...
[[0;32m  OK  [0m] Started Daily Cleanup of Temporary Directories.
[   21.568223] omap-sham 53100000.sham: hw accel on OMAP rev 4.3
         Starting LSB: Start busybox udhcpd at boot time...
[   21.730302] omap-sham 53100000.sham: will run requests pump with realtime priority
[   21.740036] PM: Cannot get wkup_m3_ipc handle
[   21.910088] omap-aes 53500000.aes: OMAP AES hw accel rev: 3.2
[[0;32m  OK  [0m] Started Regular background program processing daemon.
[[0;32m  OK  [0m] Reached target System Time Synchronized.[   22.050999] omap-aes 53500000.aes: will run requests pump with realtime priority

[   22.068688] PM: Cannot get wkup_m3_ipc handle
[[0;32m  OK  [0m] Started Daily apt download activities.
[[0;32m  OK  [0m] Started Daily apt upgrade and clean activities.
[[0;32m  OK  [0m] Reached target Timers.
[[0;32m  OK  [0m] Started System Logging Service.
[[0;32m  OK  [0m] Started Cape Manager Service.
[   23.292400] Bluetooth: Core ver 2.22
[   23.296250] NET: Registered PF_BLUETOOTH protocol family
[   23.301600] Bluetooth: HCI device and connection manager initialized
[   23.308134] Bluetooth: HCI socket layer initialized
[   23.313112] Bluetooth: L2CAP socket layer initialized
[   23.318228] Bluetooth: SCO socket layer initialized
[   25.862598] PM: Cannot get wkup_m3_ipc handle
[   25.894857] gpio-537 (nxp,calib): gpiod_direction_output_nonotify: tried to set a GPIO tied to an IRQ as output
[   26.006112] PM: Cannot get wkup_m3_ipc handle
[   26.129826] tda9950 0-0034: TDA9950 CEC interface, hardware version 3.3
[   26.181355] PM: Cannot get wkup_m3_ipc handle
[[0;32m  OK  [0m] Started Raise network interfaces.
[[0;32m  OK  [0m] Started LSB: Start busybox udhcpd at boot time.
[[0;32m  OK  [0m] Started LSB: Load kernel modules needed to enable cpufreq scaling.
[   28.547670] configfs-gadget.g_multi gadget.0: HOST MAC 1c:ba:8c:a2:ed:6c
[   28.554862] configfs-gadget.g_multi gadget.0: MAC 1c:ba:8c:a2:ed:70
[   28.562377] configfs-gadget.g_multi gadget.0: HOST MAC 1c:ba:8c:a2:ed:6c
[   28.569148] configfs-gadget.g_multi gadget.0: MAC 1c:ba:8c:a2:ed:6d
[   28.576415] PM: Cannot get wkup_m3_ipc handle
[[0;32m  OK  [0m] Started Avahi mDNS/DNS-SD Stack.
[[0;32m  OK  [0m] Started Connection service.
[[0;32m  OK  [0m] Started Login Service.
[[0;32m  OK  [0m] Reached target Sound Card.
         Starting LSB: set CPUFreq kernel parameters...
[[0;32m  OK  [0m] Reached target Network.
         Starting The Apache HTTP Server...
         Starting OpenBSD Secure Shell server...
         Starting Permit User Sessions...
[[0;32m  OK  [0m] Reached target Network is Online.
         Starting LSB: Advanced IEEE 802.11 management daemon...
[[0;32m  OK  [0m] Started LSB: Advanced IEEE 802.11 management daemon.
[[0;32m  OK  [0m] Started Permit User Sessions.
         Starting Hostname Service...
         Starting WPA supplicant...
[[0;32m  OK  [0m] Started Getty on tty1.
[[0;32m  OK  [0m] Started Serial Getty on ttyS0.
[[0;32m  OK  [0m] Reached target Login Prompts.
[[0;32m  OK  [0m] Started LSB: set CPUFreq kernel parameters.
[[0;32m  OK  [0m] Started Hostname Service.
[[0;32m  OK  [0m] Started WPA supplicant.
[[0;32m  OK  [0m] Started OpenBSD Secure Shell server.
         Stopping LSB: Start busybox udhcpd at boot time...
[[0;32m  OK  [0m] Stopped LSB: Start busybox udhcpd at boot time.
[[0;32m  OK  [0m] Started The Apache HTTP Server.
         Starting dnsmasq - A lightweight DHCP and caching DNS server...
[[0;32m  OK  [0m] Started dnsmasq - A lightweight DHCP and caching DNS server.
[[0;32m  OK  [0m] Reached target Host and Network Name Lookups.
[[0;32m  OK  [0m] Started Serial Getty on ttyGS0.
[[0;32m  OK  [0m] Started Generic Board Startup.
[[0;32m  OK  [0m] Reached target Multi-User System.
[[0;32m  OK  [0m] Reached target Graphical Interface.
         Starting Update UTMP about System Runlevel Changes...
[[0;32m  OK  [0m] Started Update UTMP about System Runlevel Changes.

Debian GNU/Linux 9 arm ttyS0

default username:password is [debian:temppwd]

arm login: root
Password: 
Last login: Sat Jan  1 00:00:34 UTC 2000 on ttyS0
root
Linux arm 6.14.0-rc7-next-20250318 #1 SMP Tue Mar 18 16:24:19 EET 2025 armv7l

The programs included with the Debian GNU/Linux system are free software;
the exact distribution terms for each program are described in the
individual files in /usr/share/doc/*/copyright.

Debian GNU/Linux comes with ABSOLUTELY NO WARRANTY, to the extent
permitted by applicable law.
root@arm:~# root
dmesg -n 1
-bash: root: command not found
root@arm:~# dmesg -n 1
root@arm:~# echo 'EFSY''AAKVPV'
EFSYAAKVPV
root@arm:~# run() { echo -n "$MARKER"; sh -c "$@"; echo "$MARKER $?"; }
root@arm:~# echo 'SYLP''UUBWXA'
SYLPUUBWXA
root@arm:~# MARKER='NLWE''OTGYWY' run 'cat /proc/version'
NLWEOTGYWYLinux version 6.14.0-rc7-next-20250318 (user01@drvtest01) (arm-none-eabi-gcc (Arm GNU Toolchain 14.2.Rel1 (Build arm-14.52)) 14.2.1 20241119, GNU ld (Arm GNU Toolchain 14.2.Rel1 (Build arm-14.52)) 2.43.1.20241119) #1 SMP Tue Mar 18 16:24:19 EET 2025
NLWEOTGYWY 0
root@arm:~# echo 'KSPF''SBPGPX'
KSPFSBPGPX
root@arm:~# MARKER='JUHY''STUPWG' run false
JUHYSTUPWGJUHYSTUPWG 1
root@arm:~# Labgrid Console Logfile for main
Logfile started at 2025-03-18 16:26:48.473211
=== Log starts here ===

root@arm:~# run() { echo -n "$MARKER"; sh -c "$@"; echo "$MARKER $?"; }
root@arm:~# echo 'OFNM''NZZZTE'
OFNMNZZZTE
root@arm:~# MARKER='NYFB''UBMKGO' run 'ls /iio_generic_buffer; echo $?'
NYFBUBMKGO/iio_generic_buffer
0
NYFBUBMKGO 0
root@arm:~# Labgrid Console Logfile for main
Logfile started at 2025-03-18 16:26:51.879579
=== Log starts here ===

root@arm:~# run() { echo -n "$MARKER"; sh -c "$@"; echo "$MARKER $?"; }
root@arm:~# echo 'MGBM''VQWFAB'
MGBMVQWFAB
root@arm:~# MARKER='YKVN''UYJATP' run dmesg
YKVNUYJATP[    0.000000] Booting Linux on physical CPU 0x0
[    0.000000] Linux version 6.14.0-rc7-next-20250318 (user01@drvtest01) (arm-none-eabi-gcc (Arm GNU Toolchain 14.2.Rel1 (Build arm-14.52)) 14.2.1 20241119, GNU ld (Arm GNU Toolchain 14.2.Rel1 (Build arm-14.52)) 2.43.1.20241119) #1 SMP Tue Mar 18 16:24:19 EET 2025
[    0.000000] CPU: ARMv7 Processor [413fc082] revision 2 (ARMv7), cr=10c5387d
[    0.000000] CPU: PIPT / VIPT nonaliasing data cache, VIPT aliasing instruction cache
[    0.000000] OF: fdt: Machine model: TI AM335x BeagleBone Black
[    0.000000] Memory policy: Data cache writeback
[    0.000000] cma: Reserved 16 MiB at 0x00000000
[    0.000000] Zone ranges:
[    0.000000]   Normal   [mem 0x0000000080000000-0x000000009fdfffff]
[    0.000000]   HighMem  empty
[    0.000000] Movable zone start for each node
[    0.000000] Early memory node ranges
[    0.000000]   node   0: [mem 0x0000000080000000-0x000000009fdfffff]
[    0.000000] Initmem setup node 0 [mem 0x0000000080000000-0x000000009fdfffff]
[    0.000000] OF: reserved mem: Reserved memory: No reserved-memory node in the DT
[    0.000000] CPU: All CPU(s) started in SVC mode.
[    0.000000] AM335X ES2.1 (sgx neon)
[    0.000000] percpu: Embedded 17 pages/cpu s39692 r8192 d21748 u69632
[    0.000000] pcpu-alloc: s39692 r8192 d21748 u69632 alloc=17*4096
[    0.000000] pcpu-alloc: [0] 0 
[    0.000000] Kernel command line: console=ttyO0,115200n8 root=/dev/nfs rw nfsroot=192.168.255.126:/home/user01/nfs,nfsvers=3 ip=192.168.255.1:192.168.255.126::255.255.255.0:bbb1:eth0 nfsrootdebug
[    0.000000] Unknown kernel command line parameters "nfsrootdebug", will be passed to user space.
[    0.000000] printk: log buffer data + meta data: 65536 + 204800 = 270336 bytes
[    0.000000] Dentry cache hash table entries: 65536 (order: 6, 262144 bytes, linear)
[    0.000000] Inode-cache hash table entries: 32768 (order: 5, 131072 bytes, linear)
[    0.000000] Built 1 zonelists, mobility grouping on.  Total pages: 130560
[    0.000000] mem auto-init: stack:off, heap alloc:off, heap free:off
[    0.000000] SLUB: HWalign=16, Order=0-3, MinObjects=0, CPUs=1, Nodes=1
[    0.000000] rcu: Hierarchical RCU implementation.
[    0.000000] rcu: 	RCU event tracing is enabled.
[    0.000000] rcu: 	RCU restricting CPUs from NR_CPUS=2 to nr_cpu_ids=1.
[    0.000000] 	Tracing variant of Tasks RCU enabled.
[    0.000000] rcu: RCU calculated value of scheduler-enlistment delay is 10 jiffies.
[    0.000000] rcu: Adjusting geometry for rcu_fanout_leaf=16, nr_cpu_ids=1
[    0.000000] RCU Tasks Trace: Setting shift to 0 and lim to 1 rcu_task_cb_adjust=1 rcu_task_cpu_ids=1.
[    0.000000] NR_IRQS: 16, nr_irqs: 16, preallocated irqs: 16
[    0.000000] IRQ: Found an INTC at 0x(ptrval) (revision 5.0) with 128 interrupts
[    0.000000] rcu: srcu_init: Setting srcu_struct sizes based on contention.
[    0.000000] TI gptimer clocksource: always-on /ocp/interconnect@44c00000/segment@200000/target-module@31000
[    0.000003] sched_clock: 32 bits at 24MHz, resolution 41ns, wraps every 89478484971ns
[    0.000026] clocksource: dmtimer: mask: 0xffffffff max_cycles: 0xffffffff, max_idle_ns: 79635851949 ns
[    0.000528] TI gptimer clockevent: 24000000 Hz at /ocp/interconnect@48000000/segment@0/target-module@40000
[    0.002188] Console: colour dummy device 80x30
[    0.002255] WARNING: Your 'console=ttyO0' has been replaced by 'ttyS0'
[    0.002263] This ensures that you still see kernel messages. Please
[    0.002267] update your kernel commandline.
[    0.002307] Calibrating delay loop... 996.14 BogoMIPS (lpj=4980736)
[    0.090575] CPU: Testing write buffer coherency: ok
[    0.090689] CPU0: Spectre v2: using BPIALL workaround
[    0.090700] pid_max: default: 32768 minimum: 301
[    0.090858] LSM: initializing lsm=capability
[    0.091039] Mount-cache hash table entries: 1024 (order: 0, 4096 bytes, linear)
[    0.091058] Mountpoint-cache hash table entries: 1024 (order: 0, 4096 bytes, linear)
[    0.092667] CPU0: thread -1, cpu 0, socket -1, mpidr 0
[    0.092728] cacheinfo: Unable to detect cache hierarchy for CPU 0
[    0.160765] Setting up static identity map for 0x80100000 - 0x80100078
[    0.170717] rcu: Hierarchical SRCU implementation.
[    0.170730] rcu: 	Max phase no-delay instances is 1000.
[    0.172477] smp: Bringing up secondary CPUs ...
[    0.172530] smp: Brought up 1 node, 1 CPU
[    0.172543] SMP: Total of 1 processors activated (996.14 BogoMIPS).
[    0.172554] CPU: All CPU(s) started in SVC mode.
[    0.172738] Memory: 480824K/522240K available (11264K kernel code, 1218K rwdata, 2968K rodata, 1024K init, 285K bss, 23384K reserved, 16384K cma-reserved, 0K highmem)
[    0.173581] devtmpfs: initialized
[    0.191046] VFP support v0.3: implementor 41 architecture 3 part 30 variant c rev 3
[    0.191724] clocksource: jiffies: mask: 0xffffffff max_cycles: 0xffffffff, max_idle_ns: 19112604462750000 ns
[    0.191764] posixtimers hash table entries: 512 (order: 0, 4096 bytes, linear)
[    0.191783] futex hash table entries: 256 (order: 2, 16384 bytes, linear)
[    0.192915] pinctrl core: initialized pinctrl subsystem
[    0.195013] NET: Registered PF_NETLINK/PF_ROUTE protocol family
[    0.197806] DMA: preallocated 256 KiB pool for atomic coherent allocations
[    0.198760] audit: initializing netlink subsys (disabled)
[    0.200167] thermal_sys: Registered thermal governor 'fair_share'
[    0.200182] thermal_sys: Registered thermal governor 'step_wise'
[    0.200191] thermal_sys: Registered thermal governor 'user_space'
[    0.200306] audit: type=2000 audit(0.000:1): state=initialized audit_enabled=0 res=1
[    0.200379] cpuidle: using governor menu
[    0.219282] /ocp/interconnect@44c00000/segment@200000/target-module@b000/i2c@0/tda19988@70: Fixed dependency cycle(s) with /ocp/interconnect@48000000/segment@300000/target-module@e000/lcdc@0
[    0.220408] /ocp/interconnect@48000000/segment@300000/target-module@e000/lcdc@0: Fixed dependency cycle(s) with /ocp/interconnect@44c00000/segment@200000/target-module@b000/i2c@0/tda19988@70
[    0.222772] No ATAGs?
[    0.222817] hw-breakpoint: debug architecture 0x4 unsupported.
[    0.225529] kprobes: kprobe jump-optimization is enabled. All kprobes are optimized if possible.
[    0.234000] iommu: Default domain type: Translated
[    0.234024] iommu: DMA domain TLB invalidation policy: strict mode
[    0.235617] reg-fixed-voltage fixedregulator0: using DT '/fixedregulator0' for '(default)' GPIO lookup
[    0.235670] of_get_named_gpiod_flags: can't parse 'gpios' property of node '/fixedregulator0[0]'
[    0.235699] of_get_named_gpiod_flags: can't parse 'gpio' property of node '/fixedregulator0[0]'
[    0.235716] reg-fixed-voltage fixedregulator0: using lookup tables for GPIO lookup
[    0.235726] reg-fixed-voltage fixedregulator0: No GPIO consumer (default) found
[    0.241830] SCSI subsystem initialized
[    0.242322] libata version 3.00 loaded.
[    0.242690] pps_core: LinuxPPS API ver. 1 registered
[    0.242701] pps_core: Software ver. 5.3.6 - Copyright 2005-2007 Rodolfo Giometti <giometti@linux.it>
[    0.242726] PTP clock support registered
[    0.251469] vgaarb: loaded
[    0.251845] clocksource: Switched to clocksource dmtimer
[    0.252520] VFS: Disk quotas dquot_6.6.0
[    0.252577] VFS: Dquot-cache hash table entries: 1024 (order 0, 4096 bytes)
[    0.277359] NET: Registered PF_INET protocol family
[    0.277700] IP idents hash table entries: 8192 (order: 4, 65536 bytes, linear)
[    0.279131] tcp_listen_portaddr_hash hash table entries: 512 (order: 0, 4096 bytes, linear)
[    0.279168] Table-perturb hash table entries: 65536 (order: 6, 262144 bytes, linear)
[    0.279186] TCP established hash table entries: 4096 (order: 2, 16384 bytes, linear)
[    0.279233] TCP bind hash table entries: 4096 (order: 4, 65536 bytes, linear)
[    0.279331] TCP: Hash tables configured (established 4096 bind 4096)
[    0.279450] UDP hash table entries: 256 (order: 1, 14336 bytes, linear)
[    0.279486] UDP-Lite hash table entries: 256 (order: 1, 14336 bytes, linear)
[    0.279669] NET: Registered PF_UNIX/PF_LOCAL protocol family
[    0.292622] RPC: Registered named UNIX socket transport module.
[    0.292646] RPC: Registered udp transport module.
[    0.292651] RPC: Registered tcp transport module.
[    0.292656] RPC: Registered tcp-with-tls transport module.
[    0.292661] RPC: Registered tcp NFSv4.1 backchannel transport module.
[    0.292687] PCI: CLS 0 bytes, default 64
[    0.294120] Initialise system trusted keyrings
[    0.294655] workingset: timestamp_bits=14 max_order=17 bucket_order=3
[    0.296561] NFS: Registering the id_resolver key type
[    0.296656] Key type id_resolver registered
[    0.296663] Key type id_legacy registered
[    0.296777] jffs2: version 2.2. (NAND) (SUMMARY)  Â© 2001-2006 Red Hat, Inc.
[    0.297208] Key type asymmetric registered
[    0.297223] Asymmetric key parser 'x509' registered
[    0.297285] io scheduler mq-deadline registered
[    0.297295] io scheduler kyber registered
[    0.297366] io scheduler bfq registered
[    0.298967] ledtrig-cpu: registered to indicate activity on CPUs
[    0.313056] Serial: 8250/16550 driver, 6 ports, IRQ sharing enabled
[    0.362304] brd: module loaded
[    0.384635] loop: module loaded
[    0.385562] mtdoops: mtd device (mtddev=name/number) must be supplied
[    0.387314] mdio_bus fixed-0: using lookup tables for GPIO lookup
[    0.387340] mdio_bus fixed-0: No GPIO consumer reset found
[    0.388718] i2c_dev: i2c /dev entries driver
[    0.389707] cpuidle: enable-method property 'ti,am3352' found operations
[    0.390157] sdhci: Secure Digital Host Controller Interface driver
[    0.390167] sdhci: Copyright(c) Pierre Ossman
[    0.390340] sdhci-pltfm: SDHCI platform and OF driver helper
[    0.391350] Initializing XFRM netlink socket
[    0.391529] NET: Registered PF_INET6 protocol family
[    0.415500] Segment Routing with IPv6
[    0.415597] In-situ OAM (IOAM) with IPv6
[    0.415695] sit: IPv6, IPv4 and MPLS over IPv4 tunneling driver
[    0.416668] NET: Registered PF_PACKET protocol family
[    0.416704] NET: Registered PF_KEY protocol family
[    0.416828] Key type dns_resolver registered
[    0.417049] ThumbEE CPU extension supported.
[    0.417067] Registering SWP/SWPB emulation handler
[    0.417610] omap_voltage_late_init: Voltage driver support not added
[    0.417957] SmartReflex Class3 initialized
[    0.445276] Loading compiled-in X.509 certificates
[    0.490118] /ocp/interconnect@44c00000/segment@200000/target-module@b000/i2c@0/tda19988@70: Fixed dependency cycle(s) with /ocp/interconnect@48000000/segment@300000/target-module@e000/lcdc@0
[    0.496887] /ocp/interconnect@44c00000/segment@200000/target-module@b000/i2c@0/tda19988@70: Fixed dependency cycle(s) with /ocp/interconnect@48000000/segment@300000/target-module@e000/lcdc@0
[    0.502667] gpiochip_find_base_unlocked: found new base at 512
[    0.516387] /ocp/interconnect@44c00000/segment@200000/target-module@b000/i2c@0/tda19988@70: Fixed dependency cycle(s) with /ocp/interconnect@48000000/segment@300000/target-module@e000/lcdc@0
[    0.517302] /ocp/interconnect@44c00000/segment@200000/target-module@b000/i2c@0/tda19988@70: Fixed dependency cycle(s) with /ocp/interconnect@48000000/segment@300000/target-module@e000/lcdc@0
[    0.520893] /ocp/interconnect@44c00000/segment@200000/target-module@10000/scm@0/pinmux@800: Fixed dependency cycle(s) with /ocp/interconnect@44c00000/segment@200000/target-module@10000/scm@0/pinmux@800/clkout2-pins
[    0.521493] pinctrl-single 44e10800.pinmux: 142 pins, size 568
[    0.527451] ti-sysc 44e31000.target-module: probe with driver ti-sysc failed with error -16
[    0.567446] /ocp/interconnect@48000000/segment@300000/target-module@e000/lcdc@0: Fixed dependency cycle(s) with /ocp/interconnect@44c00000/segment@200000/target-module@b000/i2c@0/tda19988@70
[    0.576350] ti-sysc 48040000.target-module: probe with driver ti-sysc failed with error -16
[    0.588704] gpiochip_find_base_unlocked: found new base at 512
[    0.588816] gpio gpiochip0: (gpio-0-31): created GPIO range 0->7 ==> 44e10800.pinmux PIN 0->7
[    0.588836] gpio gpiochip0: (gpio-0-31): created GPIO range 8->11 ==> 44e10800.pinmux PIN 90->93
[    0.588852] gpio gpiochip0: (gpio-0-31): created GPIO range 12->27 ==> 44e10800.pinmux PIN 12->27
[    0.588867] gpio gpiochip0: (gpio-0-31): created GPIO range 28->31 ==> 44e10800.pinmux PIN 30->33
[    0.625846] gpio gpiochip0: (gpio-0-31): added GPIO chardev (254:0)
[    0.625991] gpio gpiochip0: registered GPIOs 512 to 543 on gpio-0-31
[    0.626075] OMAP GPIO hardware version 0.1
[    0.657610] i2c i2c-2: using DT '/ocp/interconnect@48000000/segment@100000/target-module@9c000/i2c@0' for 'scl' GPIO lookup
[    0.657683] of_get_named_gpiod_flags: can't parse 'scl-gpios' property of node '/ocp/interconnect@48000000/segment@100000/target-module@9c000/i2c@0[0]'
[    0.657725] of_get_named_gpiod_flags: can't parse 'scl-gpio' property of node '/ocp/interconnect@48000000/segment@100000/target-module@9c000/i2c@0[0]'
[    0.657761] i2c i2c-2: using lookup tables for GPIO lookup
[    0.657770] i2c i2c-2: No GPIO consumer scl found
[    0.657791] i2c i2c-2: using DT '/ocp/interconnect@48000000/segment@100000/target-module@9c000/i2c@0' for 'sda' GPIO lookup
[    0.657825] of_get_named_gpiod_flags: can't parse 'sda-gpios' property of node '/ocp/interconnect@48000000/segment@100000/target-module@9c000/i2c@0[0]'
[    0.657861] of_get_named_gpiod_flags: can't parse 'sda-gpio' property of node '/ocp/interconnect@48000000/segment@100000/target-module@9c000/i2c@0[0]'
[    0.657891] i2c i2c-2: using lookup tables for GPIO lookup
[    0.657898] i2c i2c-2: No GPIO consumer sda found
[    0.658645] omap_i2c 4819c000.i2c: bus 2 rev0.11 at 100 kHz
[    0.664817] gpiochip_find_base_unlocked: found new base at 544
[    0.664916] gpio gpiochip1: (gpio-32-63): created GPIO range 0->17 ==> 44e10800.pinmux PIN 34->51
[    0.664934] gpio gpiochip1: (gpio-32-63): created GPIO range 18->21 ==> 44e10800.pinmux PIN 77->80
[    0.664950] gpio gpiochip1: (gpio-32-63): created GPIO range 22->31 ==> 44e10800.pinmux PIN 56->65
[    0.673141] gpio gpiochip1: (gpio-32-63): added GPIO chardev (254:1)
[    0.673315] gpio gpiochip1: registered GPIOs 544 to 575 on gpio-32-63
[    0.675669] gpiochip_find_base_unlocked: found new base at 576
[    0.675757] gpio gpiochip2: (gpio-64-95): created GPIO range 0->4 ==> 44e10800.pinmux PIN 66->70
[    0.675776] gpio gpiochip2: (gpio-64-95): created GPIO range 5->6 ==> 44e10800.pinmux PIN 98->99
[    0.675791] gpio gpiochip2: (gpio-64-95): created GPIO range 7->8 ==> 44e10800.pinmux PIN 75->76
[    0.675807] gpio gpiochip2: (gpio-64-95): created GPIO range 13->13 ==> 44e10800.pinmux PIN 141->141
[    0.675822] gpio gpiochip2: (gpio-64-95): created GPIO range 14->21 ==> 44e10800.pinmux PIN 100->107
[    0.683852] gpio gpiochip2: (gpio-64-95): added GPIO chardev (254:2)
[    0.684015] gpio gpiochip2: registered GPIOs 576 to 607 on gpio-64-95
[    0.689900] 48000000.interconnect:segment@200000:target-module@0:mpu@0:fck: device ID is greater than 24
[    0.690794] /ocp/interconnect@48000000/segment@300000/target-module@e000/lcdc@0: Fixed dependency cycle(s) with /ocp/interconnect@44c00000/segment@200000/target-module@b000/i2c@0/tda19988@70
[    0.694107] /ocp/interconnect@48000000/segment@300000/target-module@e000/lcdc@0: Fixed dependency cycle(s) with /ocp/interconnect@44c00000/segment@200000/target-module@b000/i2c@0/tda19988@70
[    0.694886] /ocp/interconnect@44c00000/segment@200000/target-module@b000/i2c@0/tda19988@70: Fixed dependency cycle(s) with /ocp/interconnect@48000000/segment@300000/target-module@e000/lcdc@0
[    0.695063] /ocp/interconnect@48000000/segment@300000/target-module@e000/lcdc@0: Fixed dependency cycle(s) with /ocp/interconnect@44c00000/segment@200000/target-module@b000/i2c@0/tda19988@70
[    0.705192] mdio_bus 4a101000.mdio: using DT '/ocp/interconnect@4a000000/segment@0/target-module@100000/switch@0/mdio@1000' for 'reset' GPIO lookup
[    0.705263] of_get_named_gpiod_flags: can't parse 'reset-gpios' property of node '/ocp/interconnect@4a000000/segment@0/target-module@100000/switch@0/mdio@1000[0]'
[    0.705309] of_get_named_gpiod_flags: can't parse 'reset-gpio' property of node '/ocp/interconnect@4a000000/segment@0/target-module@100000/switch@0/mdio@1000[0]'
[    0.705354] mdio_bus 4a101000.mdio: using lookup tables for GPIO lookup
[    0.705363] mdio_bus 4a101000.mdio: No GPIO consumer reset found
[    0.706515] sdhci-omap 481d8000.mmc: using DT '/ocp/interconnect@48000000/segment@100000/target-module@d8000/mmc@0' for 'wp' GPIO lookup
[    0.706575] of_get_named_gpiod_flags: can't parse 'wp-gpios' property of node '/ocp/interconnect@48000000/segment@100000/target-module@d8000/mmc@0[0]'
[    0.706615] of_get_named_gpiod_flags: can't parse 'wp-gpio' property of node '/ocp/interconnect@48000000/segment@100000/target-module@d8000/mmc@0[0]'
[    0.706649] sdhci-omap 481d8000.mmc: using lookup tables for GPIO lookup
[    0.706658] sdhci-omap 481d8000.mmc: No GPIO consumer wp found
[    0.706852] sdhci-omap 481d8000.mmc: supply pbias not found, using dummy regulator
[    0.707351] sdhci-omap 481d8000.mmc: supply vqmmc not found, using dummy regulator
[    0.753596] davinci_mdio 4a101000.mdio: davinci mdio revision 1.6, bus freq 1000000
[    0.771478] mdio_bus 4a101000.mdio:00: using DT '/ocp/interconnect@4a000000/segment@0/target-module@100000/switch@0/mdio@1000/ethernet-phy@0' for 'reset' GPIO lookup
[    0.771580] of_get_named_gpiod_flags: parsed 'reset-gpios' property of node '/ocp/interconnect@4a000000/segment@0/target-module@100000/switch@0/mdio@1000/ethernet-phy@0[0]' - status (0)
[    0.771741] gpio gpiochip0: Persistence not supported for GPIO 8
[    0.910324] davinci_mdio 4a101000.mdio: phy[0]: device 4a101000.mdio:00, driver SMSC LAN8710/LAN8720
[    0.911107] cpsw-switch 4a100000.switch: initialized cpsw ale version 1.4
[    0.911132] cpsw-switch 4a100000.switch: ALE Table size 1024, Policers 0
[    0.911282] cpsw-switch 4a100000.switch: cpts: overflow check period 500 (jiffies)
[    0.911298] cpsw-switch 4a100000.switch: CPTS: ref_clk_freq:250000000 calc_mult:2147483648 calc_shift:29 error:0 nsec/sec
[    0.911410] cpsw-switch 4a100000.switch: Detected MACID = 6c:ec:eb:68:de:78
[    0.913457] cpsw-switch 4a100000.switch: initialized (regs 0x4a100000, pool size 256) hw_ver:0019010C 1.12 (0)
[    0.924682] debugfs: Directory '49000000.dma' with parent 'dmaengine' already present!
[    0.924723] edma 49000000.dma: TI EDMA DMA engine driver
[    0.963193] target-module@4b000000:target-module@140000:pmu@0:fck: device ID is greater than 24
[    0.988325] hw perfevents: enabled with armv7_cortex_a8 PMU driver, 5 (8000000f) counters available
[    0.989281] gpio-clk clk_mcasp0: using DT '/clk_mcasp0' for 'enable' GPIO lookup
[    0.989350] of_get_named_gpiod_flags: parsed 'enable-gpios' property of node '/clk_mcasp0[0]' - status (0)
[    0.989393] gpio gpiochip0: Persistence not supported for GPIO 27
[    0.990201] gpiochip_find_base_unlocked: found new base at 608
[    0.990310] gpio gpiochip3: (gpio-96-127): created GPIO range 0->7 ==> 44e10800.pinmux PIN 82->89
[    0.990331] gpio gpiochip3: (gpio-96-127): created GPIO range 8->11 ==> 44e10800.pinmux PIN 52->55
[    0.990347] gpio gpiochip3: (gpio-96-127): created GPIO range 12->15 ==> 44e10800.pinmux PIN 94->97
[    0.990362] gpio gpiochip3: (gpio-96-127): created GPIO range 16->17 ==> 44e10800.pinmux PIN 71->72
[    0.990379] gpio gpiochip3: (gpio-96-127): created GPIO range 18->18 ==> 44e10800.pinmux PIN 135->135
[    0.990396] gpio gpiochip3: (gpio-96-127): created GPIO range 19->20 ==> 44e10800.pinmux PIN 108->109
[    0.990414] gpio gpiochip3: (gpio-96-127): created GPIO range 21->21 ==> 44e10800.pinmux PIN 73->73
[    0.990431] gpio gpiochip3: (gpio-96-127): created GPIO range 22->23 ==> 44e10800.pinmux PIN 8->9
[    0.990448] gpio gpiochip3: (gpio-96-127): created GPIO range 26->27 ==> 44e10800.pinmux PIN 10->11
[    0.990465] gpio gpiochip3: (gpio-96-127): created GPIO range 28->28 ==> 44e10800.pinmux PIN 74->74
[    0.990484] gpio gpiochip3: (gpio-96-127): created GPIO range 29->29 ==> 44e10800.pinmux PIN 81->81
[    0.990503] gpio gpiochip3: (gpio-96-127): created GPIO range 30->31 ==> 44e10800.pinmux PIN 28->29
[    0.991131] gpio gpiochip3: (gpio-96-127): added GPIO chardev (254:3)
[    0.991270] gpio gpiochip3: registered GPIOs 608 to 639 on gpio-96-127
[    0.997945] l3-aon-clkctrl:0000:0: failed to disable
[    0.998401] omap8250 44e09000.serial: using DT '/ocp/interconnect@44c00000/segment@200000/target-module@9000/serial@0' for 'rs485-term' GPIO lookup
[    0.998468] of_get_named_gpiod_flags: can't parse 'rs485-term-gpios' property of node '/ocp/interconnect@44c00000/segment@200000/target-module@9000/serial@0[0]'
[    0.998512] of_get_named_gpiod_flags: can't parse 'rs485-term-gpio' property of node '/ocp/interconnect@44c00000/segment@200000/target-module@9000/serial@0[0]'
[    0.998548] omap8250 44e09000.serial: using lookup tables for GPIO lookup
[    0.998558] omap8250 44e09000.serial: No GPIO consumer rs485-term found
[    0.998568] omap8250 44e09000.serial: using DT '/ocp/interconnect@44c00000/segment@200000/target-module@9000/serial@0' for 'rs485-rx-during-tx' GPIO lookup
[    0.998603] of_get_named_gpiod_flags: can't parse 'rs485-rx-during-tx-gpios' property of node '/ocp/interconnect@44c00000/segment@200000/target-module@9000/serial@0[0]'
[    0.998639] of_get_named_gpiod_flags: can't parse 'rs485-rx-during-tx-gpio' property of node '/ocp/interconnect@44c00000/segment@200000/target-module@9000/serial@0[0]'
[    0.998669] omap8250 44e09000.serial: using lookup tables for GPIO lookup
[    0.998677] omap8250 44e09000.serial: No GPIO consumer rs485-rx-during-tx found
[    0.999082] 44e09000.serial: ttyS0 at MMIO 0x44e09000 (irq = 34, base_baud = 3000000) is a 8250
[    0.999171] printk: legacy console [ttyS0] enabled
[    2.440641] i2c i2c-0: using DT '/ocp/interconnect@44c00000/segment@200000/target-module@b000/i2c@0' for 'scl' GPIO lookup
[    2.440730] of_get_named_gpiod_flags: can't parse 'scl-gpios' property of node '/ocp/interconnect@44c00000/segment@200000/target-module@b000/i2c@0[0]'
[    2.440776] of_get_named_gpiod_flags: can't parse 'scl-gpio' property of node '/ocp/interconnect@44c00000/segment@200000/target-module@b000/i2c@0[0]'
[    2.440815] i2c i2c-0: using lookup tables for GPIO lookup
[    2.440828] i2c i2c-0: No GPIO consumer scl found
[    2.440853] i2c i2c-0: using DT '/ocp/interconnect@44c00000/segment@200000/target-module@b000/i2c@0' for 'sda' GPIO lookup
[    2.440892] of_get_named_gpiod_flags: can't parse 'sda-gpios' property of node '/ocp/interconnect@44c00000/segment@200000/target-module@b000/i2c@0[0]'
[    2.440931] of_get_named_gpiod_flags: can't parse 'sda-gpio' property of node '/ocp/interconnect@44c00000/segment@200000/target-module@b000/i2c@0[0]'
[    2.440965] i2c i2c-0: using lookup tables for GPIO lookup
[    2.440976] i2c i2c-0: No GPIO consumer sda found
[    2.452841] tps65217-pmic: Failed to locate of_node [id: -1]
[    2.458896] tps65217-bl: Failed to locate of_node [id: -1]
[    2.466416] platform tps65217-charger: DMA mask not set
[    2.473792] platform tps65217-pwrbutton: DMA mask not set
[    2.481618] tps65217 0-0024: TPS65217 ID 0xe version 1.2
[    2.487770] /ocp/interconnect@48000000/segment@300000/target-module@e000/lcdc@0: Fixed dependency cycle(s) with /ocp/interconnect@44c00000/segment@200000/target-module@b000/i2c@0/tda19988@70
[    2.505147] /ocp/interconnect@44c00000/segment@200000/target-module@b000/i2c@0/tda19988@70: Fixed dependency cycle(s) with /ocp/interconnect@48000000/segment@300000/target-module@e000/lcdc@0
[    2.522507] omap_i2c 44e0b000.i2c: bus 0 rev0.11 at 400 kHz
[    2.530239] sdhci-omap 48060000.mmc: using DT '/ocp/interconnect@48000000/segment@0/target-module@60000/mmc@0' for 'cd' GPIO lookup
[    2.530345] of_get_named_gpiod_flags: parsed 'cd-gpios' property of node '/ocp/interconnect@48000000/segment@0/target-module@60000/mmc@0[0]' - status (0)
[    2.530410] gpio gpiochip3: Persistence not supported for GPIO 6
[    2.530437] omap_gpio 44e07000.gpio: Could not set line 6 debounce to 200000 microseconds (-22)
[    2.539312] sdhci-omap 48060000.mmc: Got CD GPIO
[    2.543994] sdhci-omap 48060000.mmc: using DT '/ocp/interconnect@48000000/segment@0/target-module@60000/mmc@0' for 'wp' GPIO lookup
[    2.544043] of_get_named_gpiod_flags: can't parse 'wp-gpios' property of node '/ocp/interconnect@48000000/segment@0/target-module@60000/mmc@0[0]'
[    2.544089] of_get_named_gpiod_flags: can't parse 'wp-gpio' property of node '/ocp/interconnect@48000000/segment@0/target-module@60000/mmc@0[0]'
[    2.544126] sdhci-omap 48060000.mmc: using lookup tables for GPIO lookup
[    2.544140] sdhci-omap 48060000.mmc: No GPIO consumer wp found
[    2.544349] sdhci-omap 48060000.mmc: supply pbias not found, using dummy regulator
[    2.553163] sdhci-omap 481d8000.mmc: using DT '/ocp/interconnect@48000000/segment@100000/target-module@d8000/mmc@0' for 'wp' GPIO lookup
[    2.553252] of_get_named_gpiod_flags: can't parse 'wp-gpios' property of node '/ocp/interconnect@48000000/segment@100000/target-module@d8000/mmc@0[0]'
[    2.553300] of_get_named_gpiod_flags: can't parse 'wp-gpio' property of node '/ocp/interconnect@48000000/segment@100000/target-module@d8000/mmc@0[0]'
[    2.553337] sdhci-omap 481d8000.mmc: using lookup tables for GPIO lookup
[    2.553350] sdhci-omap 481d8000.mmc: No GPIO consumer wp found
[    2.555077] sdhci-omap 48060000.mmc: supply vqmmc not found, using dummy regulator
[    2.563564] sdhci-omap 481d8000.mmc: supply pbias not found, using dummy regulator
[    2.571563] sdhci-omap 481d8000.mmc: supply vqmmc not found, using dummy regulator
[    2.608179] mmc1: SDHCI controller on 481d8000.mmc [481d8000.mmc] using External DMA
[    2.617398] mmc0: SDHCI controller on 48060000.mmc [48060000.mmc] using External DMA
[    2.626188] cpsw-switch 4a100000.switch: starting ndev. mode: dual_mac
[    2.671114] mmc0: new high speed SDHC card at address 5048
[    2.678163] mmcblk0: mmc0:5048 SD16G 14.4 GiB
[    2.686187]  mmcblk0: p1 p2
[    2.689574] mmcblk0: p2 size 31221760 extends beyond EOD, truncated
[    2.703091] SMSC LAN8710/LAN8720 4a101000.mdio:00: attached PHY driver (mii_bus:phy_addr=4a101000.mdio:00, irq=POLL)
[    2.715249] mmc1: new high speed MMC card at address 0001
[    2.722215] mmcblk1: mmc1:0001 MMC04G 3.60 GiB
[    2.734203]  mmcblk1: p1 p2
[    2.738466] mmcblk1boot0: mmc1:0001 MMC04G 2.00 MiB
[    2.745697] mmcblk1boot1: mmc1:0001 MMC04G 2.00 MiB
[    2.753063] mmcblk1rpmb: mmc1:0001 MMC04G 128 KiB, chardev (250:0)
[    5.842634] cpsw-switch 4a100000.switch eth0: Link is Up - 100Mbps/Full - flow control off
[    5.882101] IP-Config: Complete:
[    5.885382]      device=eth0, hwaddr=6c:ec:eb:68:de:78, ipaddr=192.168.255.1, mask=255.255.255.0, gw=255.255.255.255
[    5.896052]      host=bbb1, domain=, nis-domain=(none)
[    5.901221]      bootserver=192.168.255.126, rootserver=192.168.255.126, rootpath=
[    5.901671] clk: Disabling unused clocks
[    5.913512] PM: genpd: Disabling unused power domains
[    5.918630] KTAP version 1
[    5.921351] 1..0
[    5.969444] VFS: Mounted root (nfs filesystem) on device 0:17.
[    5.976598] devtmpfs: mounted
[    5.981092] Freeing unused kernel image (initmem) memory: 1024K
[    5.987880] Run /sbin/init as init process
[    5.992085]   with arguments:
[    5.992100]     /sbin/init
[    5.992109]     nfsrootdebug
[    5.992117]   with environment:
[    5.992125]     HOME=/
[    5.992134]     TERM=linux
[    6.702783] systemd[1]: System time before build time, advancing clock.
[    8.151869] random: crng init done
[    8.192394] systemd[1]: systemd 232 running in system mode. (+PAM +AUDIT +SELINUX +IMA +APPARMOR +SMACK +SYSVINIT +UTMP +LIBCRYPTSETUP +GCRYPT +GNUTLS +ACL +XZ +LZ4 +SECCOMP +BLKID +ELFUTILS +KMOD +IDN)
[    8.211405] systemd[1]: Detected architecture arm.
[    8.245064] systemd[1]: Set hostname to <arm>.
[    9.358028] systemd[1]: Listening on Syslog Socket.
[    9.383831] systemd[1]: Listening on udev Control Socket.
[    9.412264] systemd[1]: Reached target Remote File Systems.
[    9.443900] systemd[1]: Listening on /dev/initctl Compatibility Named Pipe.
[    9.473601] systemd[1]: Set up automount Arbitrary Executable File Formats File System Automount Point.
[    9.502758] systemd[1]: Listening on Journal Socket.
[    9.532843] systemd[1]: Started Dispatch Password Requests to Console Directory Watch.
[   11.704110] systemd-journald[92]: Received request to flush runtime journal from PID 1
[   14.240575] leds-gpio leds: using DT '/leds/led2' for '(default)' GPIO lookup
[   14.240681] of_get_named_gpiod_flags: parsed 'gpios' property of node '/leds/led2[0]' - status (0)
[   14.240740] gpio gpiochip0: Persistence not supported for GPIO 21
[   14.240756] gpio-533 (?): no flags found for GPIO (default)
[   14.284246] leds-gpio leds: using DT '/leds/led3' for '(default)' GPIO lookup
[   14.284487] of_get_named_gpiod_flags: parsed 'gpios' property of node '/leds/led3[0]' - status (0)
[   14.284552] gpio gpiochip0: Persistence not supported for GPIO 22
[   14.284567] gpio-534 (?): no flags found for GPIO (default)
[   14.322348] leds-gpio leds: using DT '/leds/led4' for '(default)' GPIO lookup
[   14.322447] of_get_named_gpiod_flags: parsed 'gpios' property of node '/leds/led4[0]' - status (0)
[   14.322499] gpio gpiochip0: Persistence not supported for GPIO 23
[   14.322513] gpio-535 (?): no flags found for GPIO (default)
[   14.353678] leds-gpio leds: using DT '/leds/led5' for '(default)' GPIO lookup
[   14.353779] of_get_named_gpiod_flags: parsed 'gpios' property of node '/leds/led5[0]' - status (0)
[   14.353830] gpio gpiochip0: Persistence not supported for GPIO 24
[   14.353845] gpio-536 (?): no flags found for GPIO (default)
[   14.848349] remoteproc remoteproc0: wkup_m3 is available
[   15.110131] am335x-phy-driver 47401300.usb-phy: using DT '/ocp/target-module@47400000/usb-phy@1300' for 'reset' GPIO lookup
[   15.110230] of_get_named_gpiod_flags: can't parse 'reset-gpios' property of node '/ocp/target-module@47400000/usb-phy@1300[0]'
[   15.110279] of_get_named_gpiod_flags: can't parse 'reset-gpio' property of node '/ocp/target-module@47400000/usb-phy@1300[0]'
[   15.110314] am335x-phy-driver 47401300.usb-phy: using lookup tables for GPIO lookup
[   15.110329] am335x-phy-driver 47401300.usb-phy: No GPIO consumer reset found
[   15.110342] am335x-phy-driver 47401300.usb-phy: using DT '/ocp/target-module@47400000/usb-phy@1300' for 'vbus-detect' GPIO lookup
[   15.110374] of_get_named_gpiod_flags: can't parse 'vbus-detect-gpios' property of node '/ocp/target-module@47400000/usb-phy@1300[0]'
[   15.110408] of_get_named_gpiod_flags: can't parse 'vbus-detect-gpio' property of node '/ocp/target-module@47400000/usb-phy@1300[0]'
[   15.110433] am335x-phy-driver 47401300.usb-phy: using lookup tables for GPIO lookup
[   15.110445] am335x-phy-driver 47401300.usb-phy: No GPIO consumer vbus-detect found
[   15.110593] am335x-phy-driver 47401300.usb-phy: dummy supplies not allowed for exclusive requests (id=vbus)
[   15.170504] at24 2-0054: supply vcc not found, using dummy regulator
[   15.179093] usbcore: registered new interface driver usbfs
[   15.184860] usbcore: registered new interface driver hub
[   15.190296] usbcore: registered new device driver usb
[   15.304651] at24 2-0055: supply vcc not found, using dummy regulator
[   15.321799] am335x-phy-driver 47401b00.usb-phy: using DT '/ocp/target-module@47400000/usb-phy@1b00' for 'reset' GPIO lookup
[   15.322061] of_get_named_gpiod_flags: can't parse 'reset-gpios' property of node '/ocp/target-module@47400000/usb-phy@1b00[0]'
[   15.322112] of_get_named_gpiod_flags: can't parse 'reset-gpio' property of node '/ocp/target-module@47400000/usb-phy@1b00[0]'
[   15.322151] am335x-phy-driver 47401b00.usb-phy: using lookup tables for GPIO lookup
[   15.322166] am335x-phy-driver 47401b00.usb-phy: No GPIO consumer reset found
[   15.322180] am335x-phy-driver 47401b00.usb-phy: using DT '/ocp/target-module@47400000/usb-phy@1b00' for 'vbus-detect' GPIO lookup
[   15.322213] of_get_named_gpiod_flags: can't parse 'vbus-detect-gpios' property of node '/ocp/target-module@47400000/usb-phy@1b00[0]'
[   15.322247] of_get_named_gpiod_flags: can't parse 'vbus-detect-gpio' property of node '/ocp/target-module@47400000/usb-phy@1b00[0]'
[   15.322273] am335x-phy-driver 47401b00.usb-phy: using lookup tables for GPIO lookup
[   15.322284] am335x-phy-driver 47401b00.usb-phy: No GPIO consumer vbus-detect found
[   15.322432] am335x-phy-driver 47401b00.usb-phy: dummy supplies not allowed for exclusive requests (id=vbus)
[   15.409656] at24 2-0056: supply vcc not found, using dummy regulator
[   15.518552] at24 2-0057: supply vcc not found, using dummy regulator
[   15.648665] at24 0-0050: using DT '/ocp/interconnect@44c00000/segment@200000/target-module@b000/i2c@0/eeprom@50' for 'wp' GPIO lookup
[   15.648863] of_get_named_gpiod_flags: can't parse 'wp-gpios' property of node '/ocp/interconnect@44c00000/segment@200000/target-module@b000/i2c@0/eeprom@50[0]'
[   15.648981] of_get_named_gpiod_flags: can't parse 'wp-gpio' property of node '/ocp/interconnect@44c00000/segment@200000/target-module@b000/i2c@0/eeprom@50[0]'
[   15.649029] at24 0-0050: using lookup tables for GPIO lookup
[   15.649043] at24 0-0050: No GPIO consumer wp found
[   15.649630] at24 0-0050: 32768 byte 24c256 EEPROM, writable, 1 bytes/write
[   15.748556] musb-hdrc musb-hdrc.1: MUSB HDRC host driver
[   15.754313] musb-hdrc musb-hdrc.1: new USB bus registered, assigned bus number 1
[   15.853791] input: tps65217_pwrbutton as /devices/platform/ocp/44c00000.interconnect/44c00000.interconnect:segment@200000/44e0b000.target-module/44e0b000.i2c/i2c-0/0-0024/tps65217-pwrbutton/input/input0
[   16.006314] usb usb1: New USB device found, idVendor=1d6b, idProduct=0002, bcdDevice= 6.14
[   16.014866] usb usb1: New USB device strings: Mfr=3, Product=2, SerialNumber=1
[   16.022313] usb usb1: Product: MUSB HDRC host driver
[   16.027312] usb usb1: Manufacturer: Linux 6.14.0-rc7-next-20250318 musb-hcd
[   16.034365] usb usb1: SerialNumber: musb-hdrc.1
[   16.245939] wkup_m3_ipc 44e11324.wkup_m3_ipc: IPC Request for A8->M3 Channel failed! -517
[   16.420119] hub 1-0:1.0: USB hub found
[   16.516759] omap_rtc 44e3e000.rtc: registered as rtc0
[   16.522108] omap_rtc 44e3e000.rtc: setting system clock to 2000-01-01T00:00:00 UTC (946684800)
[   16.530807] omap_rtc 44e3e000.rtc: using DT '/ocp/interconnect@44c00000/segment@200000/target-module@3e000/rtc@0' for 'wp' GPIO lookup
[   16.530882] of_get_named_gpiod_flags: can't parse 'wp-gpios' property of node '/ocp/interconnect@44c00000/segment@200000/target-module@3e000/rtc@0[0]'
[   16.530934] of_get_named_gpiod_flags: can't parse 'wp-gpio' property of node '/ocp/interconnect@44c00000/segment@200000/target-module@3e000/rtc@0[0]'
[   16.530974] omap_rtc 44e3e000.rtc: using lookup tables for GPIO lookup
[   16.530987] omap_rtc 44e3e000.rtc: No GPIO consumer wp found
[   16.532743] wkup_m3_ipc 44e11324.wkup_m3_ipc: IPC Request for A8->M3 Channel failed! -517
[   16.551405] hub 1-0:1.0: 1 port detected
[   16.643614] wkup_m3_ipc 44e11324.wkup_m3_ipc: IPC Request for A8->M3 Channel failed! -517
[   16.732552] omap_wdt: OMAP Watchdog Timer Rev 0x01: initial timeout 60 sec
[   16.773485] wkup_m3_ipc 44e11324.wkup_m3_ipc: IPC Request for A8->M3 Channel failed! -517
[   17.714386] omap-mailbox 480c8000.mailbox: omap mailbox rev 0x400
[   17.803305] remoteproc remoteproc0: powering up wkup_m3
[   18.094210] remoteproc remoteproc0: Direct firmware load for am335x-pm-firmware.elf failed with error -2
[   18.104006] remoteproc remoteproc0: request_firmware failed: -2
[   18.109975] wkup_m3_ipc 44e11324.wkup_m3_ipc: rproc_boot failed
[   18.265633] tda998x 0-0070: found TDA19988
[   20.452419] omap_rng 48310000.rng: Random Number Generator ver. 20
[   20.464190] tilcdc 4830e000.lcdc: bound 0-0070 (ops tda998x_audio_codec_init [tda998x])
[   20.565136] [drm] Initialized tilcdc 1.0.0 for 4830e000.lcdc on minor 0
[   20.628320] tilcdc 4830e000.lcdc: [drm] Cannot find any crtc or sizes
[   20.640723] tilcdc 4830e000.lcdc: [drm] Cannot find any crtc or sizes
[   21.485683] PM: Cannot get wkup_m3_ipc handle
[   21.568223] omap-sham 53100000.sham: hw accel on OMAP rev 4.3
[   21.730302] omap-sham 53100000.sham: will run requests pump with realtime priority
[   21.740036] PM: Cannot get wkup_m3_ipc handle
[   21.910088] omap-aes 53500000.aes: OMAP AES hw accel rev: 3.2
[   22.050999] omap-aes 53500000.aes: will run requests pump with realtime priority
[   22.068688] PM: Cannot get wkup_m3_ipc handle
[   23.292400] Bluetooth: Core ver 2.22
[   23.296250] NET: Registered PF_BLUETOOTH protocol family
[   23.301600] Bluetooth: HCI device and connection manager initialized
[   23.308134] Bluetooth: HCI socket layer initialized
[   23.313112] Bluetooth: L2CAP socket layer initialized
[   23.318228] Bluetooth: SCO socket layer initialized
[   25.862598] PM: Cannot get wkup_m3_ipc handle
[   25.868365] asoc-simple-card sound: using DT '/sound' for 'simple-audio-card,hp-det' GPIO lookup
[   25.868436] of_get_named_gpiod_flags: can't parse 'simple-audio-card,hp-det-gpios' property of node '/sound[0]'
[   25.868471] of_get_named_gpiod_flags: can't parse 'simple-audio-card,hp-det-gpio' property of node '/sound[0]'
[   25.868495] asoc-simple-card sound: using lookup tables for GPIO lookup
[   25.868508] asoc-simple-card sound: No GPIO consumer simple-audio-card,hp-det found
[   25.868522] asoc-simple-card sound: using DT '/sound' for 'simple-audio-card,mic-det' GPIO lookup
[   25.868546] of_get_named_gpiod_flags: can't parse 'simple-audio-card,mic-det-gpios' property of node '/sound[0]'
[   25.868570] of_get_named_gpiod_flags: can't parse 'simple-audio-card,mic-det-gpio' property of node '/sound[0]'
[   25.868589] asoc-simple-card sound: using lookup tables for GPIO lookup
[   25.868600] asoc-simple-card sound: No GPIO consumer simple-audio-card,mic-det found
[   25.876312] tda998x 0-0070: using DT '/ocp/interconnect@44c00000/segment@200000/target-module@b000/i2c@0/tda19988@70' for 'nxp,calib' GPIO lookup
[   25.876587] of_get_named_gpiod_flags: parsed 'nxp,calib-gpios' property of node '/ocp/interconnect@44c00000/segment@200000/target-module@b000/i2c@0/tda19988@70[0]' - status (0)
[   25.876675] gpio gpiochip0: Persistence not supported for GPIO 25
[   25.876690] gpio-537 (nxp,calib): no flags found for GPIO nxp,calib
[   25.894857] gpio-537 (nxp,calib): gpiod_direction_output_nonotify: tried to set a GPIO tied to an IRQ as output
[   26.006112] PM: Cannot get wkup_m3_ipc handle
[   26.129826] tda9950 0-0034: TDA9950 CEC interface, hardware version 3.3
[   26.181355] PM: Cannot get wkup_m3_ipc handle
[   28.260481] userial_init: registered 8 ttyGS* devices
[   28.487255] rndis_register: configNr = 0
[   28.546416] udc musb-hdrc.0: binding gadget driver [g_multi]
[   28.546512] configfs-gadget.g_multi gadget.0: adding 'rndis'/8a6da24a to config 'c'/40060229
[   28.547670] configfs-gadget.g_multi gadget.0: HOST MAC 1c:ba:8c:a2:ed:6c
[   28.554862] configfs-gadget.g_multi gadget.0: MAC 1c:ba:8c:a2:ed:70
[   28.561246] rndis_set_param_medium: 0 0
[   28.561268] configfs-gadget.g_multi gadget.0: RNDIS: IN/ep1in OUT/ep1out NOTIFY/ep2in
[   28.561286] configfs-gadget.g_multi gadget.0: adding 'cdc_ethernet'/1bb388c3 to config 'c'/40060229
[   28.562377] configfs-gadget.g_multi gadget.0: HOST MAC 1c:ba:8c:a2:ed:6c
[   28.569148] configfs-gadget.g_multi gadget.0: MAC 1c:ba:8c:a2:ed:6d
[   28.575559] configfs-gadget.g_multi gadget.0: CDC Ethernet: IN/ep3in OUT/ep2out NOTIFY/ep4in
[   28.575580] configfs-gadget.g_multi gadget.0: adding 'acm'/51eef406 to config 'c'/40060229
[   28.575615] configfs-gadget.g_multi gadget.0: acm ttyGS0: IN/ep5in OUT/ep3out NOTIFY/ep6in
[   28.576415] PM: Cannot get wkup_m3_ipc handle
[   29.711729] configfs-gadget.g_multi gadget.0: eth_open
[   31.002615] configfs-gadget.g_multi gadget.0: stop stats: rx/tx 0/0, errs 0/0
[   35.130109] gs_open: ttyGS0 (22dadd6a,5aeec4cb)
[   35.130258] gs_close: ttyGS0 (22dadd6a,5aeec4cb) ...
[   35.130284] gs_close: ttyGS0 (22dadd6a,5aeec4cb) done!
[   35.130442] gs_open: ttyGS0 (fc4e6f11,5aeec4cb)
[   35.130515] gs_close: ttyGS0 (fc4e6f11,5aeec4cb) ...
[   35.130532] gs_close: ttyGS0 (fc4e6f11,5aeec4cb) done!
[   35.269940] gs_open: ttyGS0 (00516e93,7f0ed69b)
[   35.270192] gs_close: ttyGS0 (00516e93,7f0ed69b) ...
[   35.270221] gs_close: ttyGS0 (00516e93,7f0ed69b) done!
[   35.277416] gs_open: ttyGS0 (00516e93,c52820eb)
YKVNUYJATP 0
root@arm:~# echo 'EAUG''LGCCZA'
EAUGLGCCZA
root@arm:~# MARKER='LGJO''YPHQXA' run 'modprobe test_linear_ranges'
LGJOYPHQXALGJOYPHQXA 0
root@arm:~# echo 'ONYU''PPTFTE'
ONYUPPTFTE
root@arm:~# MARKER='EUNH''CEQZOG' run dmesg
EUNHCEQZOG[    0.000000] Booting Linux on physical CPU 0x0
[    0.000000] Linux version 6.14.0-rc7-next-20250318 (user01@drvtest01) (arm-none-eabi-gcc (Arm GNU Toolchain 14.2.Rel1 (Build arm-14.52)) 14.2.1 20241119, GNU ld (Arm GNU Toolchain 14.2.Rel1 (Build arm-14.52)) 2.43.1.20241119) #1 SMP Tue Mar 18 16:24:19 EET 2025
[    0.000000] CPU: ARMv7 Processor [413fc082] revision 2 (ARMv7), cr=10c5387d
[    0.000000] CPU: PIPT / VIPT nonaliasing data cache, VIPT aliasing instruction cache
[    0.000000] OF: fdt: Machine model: TI AM335x BeagleBone Black
[    0.000000] Memory policy: Data cache writeback
[    0.000000] cma: Reserved 16 MiB at 0x00000000
[    0.000000] Zone ranges:
[    0.000000]   Normal   [mem 0x0000000080000000-0x000000009fdfffff]
[    0.000000]   HighMem  empty
[    0.000000] Movable zone start for each node
[    0.000000] Early memory node ranges
[    0.000000]   node   0: [mem 0x0000000080000000-0x000000009fdfffff]
[    0.000000] Initmem setup node 0 [mem 0x0000000080000000-0x000000009fdfffff]
[    0.000000] OF: reserved mem: Reserved memory: No reserved-memory node in the DT
[    0.000000] CPU: All CPU(s) started in SVC mode.
[    0.000000] AM335X ES2.1 (sgx neon)
[    0.000000] percpu: Embedded 17 pages/cpu s39692 r8192 d21748 u69632
[    0.000000] pcpu-alloc: s39692 r8192 d21748 u69632 alloc=17*4096
[    0.000000] pcpu-alloc: [0] 0 
[    0.000000] Kernel command line: console=ttyO0,115200n8 root=/dev/nfs rw nfsroot=192.168.255.126:/home/user01/nfs,nfsvers=3 ip=192.168.255.1:192.168.255.126::255.255.255.0:bbb1:eth0 nfsrootdebug
[    0.000000] Unknown kernel command line parameters "nfsrootdebug", will be passed to user space.
[    0.000000] printk: log buffer data + meta data: 65536 + 204800 = 270336 bytes
[    0.000000] Dentry cache hash table entries: 65536 (order: 6, 262144 bytes, linear)
[    0.000000] Inode-cache hash table entries: 32768 (order: 5, 131072 bytes, linear)
[    0.000000] Built 1 zonelists, mobility grouping on.  Total pages: 130560
[    0.000000] mem auto-init: stack:off, heap alloc:off, heap free:off
[    0.000000] SLUB: HWalign=16, Order=0-3, MinObjects=0, CPUs=1, Nodes=1
[    0.000000] rcu: Hierarchical RCU implementation.
[    0.000000] rcu: 	RCU event tracing is enabled.
[    0.000000] rcu: 	RCU restricting CPUs from NR_CPUS=2 to nr_cpu_ids=1.
[    0.000000] 	Tracing variant of Tasks RCU enabled.
[    0.000000] rcu: RCU calculated value of scheduler-enlistment delay is 10 jiffies.
[    0.000000] rcu: Adjusting geometry for rcu_fanout_leaf=16, nr_cpu_ids=1
[    0.000000] RCU Tasks Trace: Setting shift to 0 and lim to 1 rcu_task_cb_adjust=1 rcu_task_cpu_ids=1.
[    0.000000] NR_IRQS: 16, nr_irqs: 16, preallocated irqs: 16
[    0.000000] IRQ: Found an INTC at 0x(ptrval) (revision 5.0) with 128 interrupts
[    0.000000] rcu: srcu_init: Setting srcu_struct sizes based on contention.
[    0.000000] TI gptimer clocksource: always-on /ocp/interconnect@44c00000/segment@200000/target-module@31000
[    0.000003] sched_clock: 32 bits at 24MHz, resolution 41ns, wraps every 89478484971ns
[    0.000026] clocksource: dmtimer: mask: 0xffffffff max_cycles: 0xffffffff, max_idle_ns: 79635851949 ns
[    0.000528] TI gptimer clockevent: 24000000 Hz at /ocp/interconnect@48000000/segment@0/target-module@40000
[    0.002188] Console: colour dummy device 80x30
[    0.002255] WARNING: Your 'console=ttyO0' has been replaced by 'ttyS0'
[    0.002263] This ensures that you still see kernel messages. Please
[    0.002267] update your kernel commandline.
[    0.002307] Calibrating delay loop... 996.14 BogoMIPS (lpj=4980736)
[    0.090575] CPU: Testing write buffer coherency: ok
[    0.090689] CPU0: Spectre v2: using BPIALL workaround
[    0.090700] pid_max: default: 32768 minimum: 301
[    0.090858] LSM: initializing lsm=capability
[    0.091039] Mount-cache hash table entries: 1024 (order: 0, 4096 bytes, linear)
[    0.091058] Mountpoint-cache hash table entries: 1024 (order: 0, 4096 bytes, linear)
[    0.092667] CPU0: thread -1, cpu 0, socket -1, mpidr 0
[    0.092728] cacheinfo: Unable to detect cache hierarchy for CPU 0
[    0.160765] Setting up static identity map for 0x80100000 - 0x80100078
[    0.170717] rcu: Hierarchical SRCU implementation.
[    0.170730] rcu: 	Max phase no-delay instances is 1000.
[    0.172477] smp: Bringing up secondary CPUs ...
[    0.172530] smp: Brought up 1 node, 1 CPU
[    0.172543] SMP: Total of 1 processors activated (996.14 BogoMIPS).
[    0.172554] CPU: All CPU(s) started in SVC mode.
[    0.172738] Memory: 480824K/522240K available (11264K kernel code, 1218K rwdata, 2968K rodata, 1024K init, 285K bss, 23384K reserved, 16384K cma-reserved, 0K highmem)
[    0.173581] devtmpfs: initialized
[    0.191046] VFP support v0.3: implementor 41 architecture 3 part 30 variant c rev 3
[    0.191724] clocksource: jiffies: mask: 0xffffffff max_cycles: 0xffffffff, max_idle_ns: 19112604462750000 ns
[    0.191764] posixtimers hash table entries: 512 (order: 0, 4096 bytes, linear)
[    0.191783] futex hash table entries: 256 (order: 2, 16384 bytes, linear)
[    0.192915] pinctrl core: initialized pinctrl subsystem
[    0.195013] NET: Registered PF_NETLINK/PF_ROUTE protocol family
[    0.197806] DMA: preallocated 256 KiB pool for atomic coherent allocations
[    0.198760] audit: initializing netlink subsys (disabled)
[    0.200167] thermal_sys: Registered thermal governor 'fair_share'
[    0.200182] thermal_sys: Registered thermal governor 'step_wise'
[    0.200191] thermal_sys: Registered thermal governor 'user_space'
[    0.200306] audit: type=2000 audit(0.000:1): state=initialized audit_enabled=0 res=1
[    0.200379] cpuidle: using governor menu
[    0.219282] /ocp/interconnect@44c00000/segment@200000/target-module@b000/i2c@0/tda19988@70: Fixed dependency cycle(s) with /ocp/interconnect@48000000/segment@300000/target-module@e000/lcdc@0
[    0.220408] /ocp/interconnect@48000000/segment@300000/target-module@e000/lcdc@0: Fixed dependency cycle(s) with /ocp/interconnect@44c00000/segment@200000/target-module@b000/i2c@0/tda19988@70
[    0.222772] No ATAGs?
[    0.222817] hw-breakpoint: debug architecture 0x4 unsupported.
[    0.225529] kprobes: kprobe jump-optimization is enabled. All kprobes are optimized if possible.
[    0.234000] iommu: Default domain type: Translated
[    0.234024] iommu: DMA domain TLB invalidation policy: strict mode
[    0.235617] reg-fixed-voltage fixedregulator0: using DT '/fixedregulator0' for '(default)' GPIO lookup
[    0.235670] of_get_named_gpiod_flags: can't parse 'gpios' property of node '/fixedregulator0[0]'
[    0.235699] of_get_named_gpiod_flags: can't parse 'gpio' property of node '/fixedregulator0[0]'
[    0.235716] reg-fixed-voltage fixedregulator0: using lookup tables for GPIO lookup
[    0.235726] reg-fixed-voltage fixedregulator0: No GPIO consumer (default) found
[    0.241830] SCSI subsystem initialized
[    0.242322] libata version 3.00 loaded.
[    0.242690] pps_core: LinuxPPS API ver. 1 registered
[    0.242701] pps_core: Software ver. 5.3.6 - Copyright 2005-2007 Rodolfo Giometti <giometti@linux.it>
[    0.242726] PTP clock support registered
[    0.251469] vgaarb: loaded
[    0.251845] clocksource: Switched to clocksource dmtimer
[    0.252520] VFS: Disk quotas dquot_6.6.0
[    0.252577] VFS: Dquot-cache hash table entries: 1024 (order 0, 4096 bytes)
[    0.277359] NET: Registered PF_INET protocol family
[    0.277700] IP idents hash table entries: 8192 (order: 4, 65536 bytes, linear)
[    0.279131] tcp_listen_portaddr_hash hash table entries: 512 (order: 0, 4096 bytes, linear)
[    0.279168] Table-perturb hash table entries: 65536 (order: 6, 262144 bytes, linear)
[    0.279186] TCP established hash table entries: 4096 (order: 2, 16384 bytes, linear)
[    0.279233] TCP bind hash table entries: 4096 (order: 4, 65536 bytes, linear)
[    0.279331] TCP: Hash tables configured (established 4096 bind 4096)
[    0.279450] UDP hash table entries: 256 (order: 1, 14336 bytes, linear)
[    0.279486] UDP-Lite hash table entries: 256 (order: 1, 14336 bytes, linear)
[    0.279669] NET: Registered PF_UNIX/PF_LOCAL protocol family
[    0.292622] RPC: Registered named UNIX socket transport module.
[    0.292646] RPC: Registered udp transport module.
[    0.292651] RPC: Registered tcp transport module.
[    0.292656] RPC: Registered tcp-with-tls transport module.
[    0.292661] RPC: Registered tcp NFSv4.1 backchannel transport module.
[    0.292687] PCI: CLS 0 bytes, default 64
[    0.294120] Initialise system trusted keyrings
[    0.294655] workingset: timestamp_bits=14 max_order=17 bucket_order=3
[    0.296561] NFS: Registering the id_resolver key type
[    0.296656] Key type id_resolver registered
[    0.296663] Key type id_legacy registered
[    0.296777] jffs2: version 2.2. (NAND) (SUMMARY)  Â© 2001-2006 Red Hat, Inc.
[    0.297208] Key type asymmetric registered
[    0.297223] Asymmetric key parser 'x509' registered
[    0.297285] io scheduler mq-deadline registered
[    0.297295] io scheduler kyber registered
[    0.297366] io scheduler bfq registered
[    0.298967] ledtrig-cpu: registered to indicate activity on CPUs
[    0.313056] Serial: 8250/16550 driver, 6 ports, IRQ sharing enabled
[    0.362304] brd: module loaded
[    0.384635] loop: module loaded
[    0.385562] mtdoops: mtd device (mtddev=name/number) must be supplied
[    0.387314] mdio_bus fixed-0: using lookup tables for GPIO lookup
[    0.387340] mdio_bus fixed-0: No GPIO consumer reset found
[    0.388718] i2c_dev: i2c /dev entries driver
[    0.389707] cpuidle: enable-method property 'ti,am3352' found operations
[    0.390157] sdhci: Secure Digital Host Controller Interface driver
[    0.390167] sdhci: Copyright(c) Pierre Ossman
[    0.390340] sdhci-pltfm: SDHCI platform and OF driver helper
[    0.391350] Initializing XFRM netlink socket
[    0.391529] NET: Registered PF_INET6 protocol family
[    0.415500] Segment Routing with IPv6
[    0.415597] In-situ OAM (IOAM) with IPv6
[    0.415695] sit: IPv6, IPv4 and MPLS over IPv4 tunneling driver
[    0.416668] NET: Registered PF_PACKET protocol family
[    0.416704] NET: Registered PF_KEY protocol family
[    0.416828] Key type dns_resolver registered
[    0.417049] ThumbEE CPU extension supported.
[    0.417067] Registering SWP/SWPB emulation handler
[    0.417610] omap_voltage_late_init: Voltage driver support not added
[    0.417957] SmartReflex Class3 initialized
[    0.445276] Loading compiled-in X.509 certificates
[    0.490118] /ocp/interconnect@44c00000/segment@200000/target-module@b000/i2c@0/tda19988@70: Fixed dependency cycle(s) with /ocp/interconnect@48000000/segment@300000/target-module@e000/lcdc@0
[    0.496887] /ocp/interconnect@44c00000/segment@200000/target-module@b000/i2c@0/tda19988@70: Fixed dependency cycle(s) with /ocp/interconnect@48000000/segment@300000/target-module@e000/lcdc@0
[    0.502667] gpiochip_find_base_unlocked: found new base at 512
[    0.516387] /ocp/interconnect@44c00000/segment@200000/target-module@b000/i2c@0/tda19988@70: Fixed dependency cycle(s) with /ocp/interconnect@48000000/segment@300000/target-module@e000/lcdc@0
[    0.517302] /ocp/interconnect@44c00000/segment@200000/target-module@b000/i2c@0/tda19988@70: Fixed dependency cycle(s) with /ocp/interconnect@48000000/segment@300000/target-module@e000/lcdc@0
[    0.520893] /ocp/interconnect@44c00000/segment@200000/target-module@10000/scm@0/pinmux@800: Fixed dependency cycle(s) with /ocp/interconnect@44c00000/segment@200000/target-module@10000/scm@0/pinmux@800/clkout2-pins
[    0.521493] pinctrl-single 44e10800.pinmux: 142 pins, size 568
[    0.527451] ti-sysc 44e31000.target-module: probe with driver ti-sysc failed with error -16
[    0.567446] /ocp/interconnect@48000000/segment@300000/target-module@e000/lcdc@0: Fixed dependency cycle(s) with /ocp/interconnect@44c00000/segment@200000/target-module@b000/i2c@0/tda19988@70
[    0.576350] ti-sysc 48040000.target-module: probe with driver ti-sysc failed with error -16
[    0.588704] gpiochip_find_base_unlocked: found new base at 512
[    0.588816] gpio gpiochip0: (gpio-0-31): created GPIO range 0->7 ==> 44e10800.pinmux PIN 0->7
[    0.588836] gpio gpiochip0: (gpio-0-31): created GPIO range 8->11 ==> 44e10800.pinmux PIN 90->93
[    0.588852] gpio gpiochip0: (gpio-0-31): created GPIO range 12->27 ==> 44e10800.pinmux PIN 12->27
[    0.588867] gpio gpiochip0: (gpio-0-31): created GPIO range 28->31 ==> 44e10800.pinmux PIN 30->33
[    0.625846] gpio gpiochip0: (gpio-0-31): added GPIO chardev (254:0)
[    0.625991] gpio gpiochip0: registered GPIOs 512 to 543 on gpio-0-31
[    0.626075] OMAP GPIO hardware version 0.1
[    0.657610] i2c i2c-2: using DT '/ocp/interconnect@48000000/segment@100000/target-module@9c000/i2c@0' for 'scl' GPIO lookup
[    0.657683] of_get_named_gpiod_flags: can't parse 'scl-gpios' property of node '/ocp/interconnect@48000000/segment@100000/target-module@9c000/i2c@0[0]'
[    0.657725] of_get_named_gpiod_flags: can't parse 'scl-gpio' property of node '/ocp/interconnect@48000000/segment@100000/target-module@9c000/i2c@0[0]'
[    0.657761] i2c i2c-2: using lookup tables for GPIO lookup
[    0.657770] i2c i2c-2: No GPIO consumer scl found
[    0.657791] i2c i2c-2: using DT '/ocp/interconnect@48000000/segment@100000/target-module@9c000/i2c@0' for 'sda' GPIO lookup
[    0.657825] of_get_named_gpiod_flags: can't parse 'sda-gpios' property of node '/ocp/interconnect@48000000/segment@100000/target-module@9c000/i2c@0[0]'
[    0.657861] of_get_named_gpiod_flags: can't parse 'sda-gpio' property of node '/ocp/interconnect@48000000/segment@100000/target-module@9c000/i2c@0[0]'
[    0.657891] i2c i2c-2: using lookup tables for GPIO lookup
[    0.657898] i2c i2c-2: No GPIO consumer sda found
[    0.658645] omap_i2c 4819c000.i2c: bus 2 rev0.11 at 100 kHz
[    0.664817] gpiochip_find_base_unlocked: found new base at 544
[    0.664916] gpio gpiochip1: (gpio-32-63): created GPIO range 0->17 ==> 44e10800.pinmux PIN 34->51
[    0.664934] gpio gpiochip1: (gpio-32-63): created GPIO range 18->21 ==> 44e10800.pinmux PIN 77->80
[    0.664950] gpio gpiochip1: (gpio-32-63): created GPIO range 22->31 ==> 44e10800.pinmux PIN 56->65
[    0.673141] gpio gpiochip1: (gpio-32-63): added GPIO chardev (254:1)
[    0.673315] gpio gpiochip1: registered GPIOs 544 to 575 on gpio-32-63
[    0.675669] gpiochip_find_base_unlocked: found new base at 576
[    0.675757] gpio gpiochip2: (gpio-64-95): created GPIO range 0->4 ==> 44e10800.pinmux PIN 66->70
[    0.675776] gpio gpiochip2: (gpio-64-95): created GPIO range 5->6 ==> 44e10800.pinmux PIN 98->99
[    0.675791] gpio gpiochip2: (gpio-64-95): created GPIO range 7->8 ==> 44e10800.pinmux PIN 75->76
[    0.675807] gpio gpiochip2: (gpio-64-95): created GPIO range 13->13 ==> 44e10800.pinmux PIN 141->141
[    0.675822] gpio gpiochip2: (gpio-64-95): created GPIO range 14->21 ==> 44e10800.pinmux PIN 100->107
[    0.683852] gpio gpiochip2: (gpio-64-95): added GPIO chardev (254:2)
[    0.684015] gpio gpiochip2: registered GPIOs 576 to 607 on gpio-64-95
[    0.689900] 48000000.interconnect:segment@200000:target-module@0:mpu@0:fck: device ID is greater than 24
[    0.690794] /ocp/interconnect@48000000/segment@300000/target-module@e000/lcdc@0: Fixed dependency cycle(s) with /ocp/interconnect@44c00000/segment@200000/target-module@b000/i2c@0/tda19988@70
[    0.694107] /ocp/interconnect@48000000/segment@300000/target-module@e000/lcdc@0: Fixed dependency cycle(s) with /ocp/interconnect@44c00000/segment@200000/target-module@b000/i2c@0/tda19988@70
[    0.694886] /ocp/interconnect@44c00000/segment@200000/target-module@b000/i2c@0/tda19988@70: Fixed dependency cycle(s) with /ocp/interconnect@48000000/segment@300000/target-module@e000/lcdc@0
[    0.695063] /ocp/interconnect@48000000/segment@300000/target-module@e000/lcdc@0: Fixed dependency cycle(s) with /ocp/interconnect@44c00000/segment@200000/target-module@b000/i2c@0/tda19988@70
[    0.705192] mdio_bus 4a101000.mdio: using DT '/ocp/interconnect@4a000000/segment@0/target-module@100000/switch@0/mdio@1000' for 'reset' GPIO lookup
[    0.705263] of_get_named_gpiod_flags: can't parse 'reset-gpios' property of node '/ocp/interconnect@4a000000/segment@0/target-module@100000/switch@0/mdio@1000[0]'
[    0.705309] of_get_named_gpiod_flags: can't parse 'reset-gpio' property of node '/ocp/interconnect@4a000000/segment@0/target-module@100000/switch@0/mdio@1000[0]'
[    0.705354] mdio_bus 4a101000.mdio: using lookup tables for GPIO lookup
[    0.705363] mdio_bus 4a101000.mdio: No GPIO consumer reset found
[    0.706515] sdhci-omap 481d8000.mmc: using DT '/ocp/interconnect@48000000/segment@100000/target-module@d8000/mmc@0' for 'wp' GPIO lookup
[    0.706575] of_get_named_gpiod_flags: can't parse 'wp-gpios' property of node '/ocp/interconnect@48000000/segment@100000/target-module@d8000/mmc@0[0]'
[    0.706615] of_get_named_gpiod_flags: can't parse 'wp-gpio' property of node '/ocp/interconnect@48000000/segment@100000/target-module@d8000/mmc@0[0]'
[    0.706649] sdhci-omap 481d8000.mmc: using lookup tables for GPIO lookup
[    0.706658] sdhci-omap 481d8000.mmc: No GPIO consumer wp found
[    0.706852] sdhci-omap 481d8000.mmc: supply pbias not found, using dummy regulator
[    0.707351] sdhci-omap 481d8000.mmc: supply vqmmc not found, using dummy regulator
[    0.753596] davinci_mdio 4a101000.mdio: davinci mdio revision 1.6, bus freq 1000000
[    0.771478] mdio_bus 4a101000.mdio:00: using DT '/ocp/interconnect@4a000000/segment@0/target-module@100000/switch@0/mdio@1000/ethernet-phy@0' for 'reset' GPIO lookup
[    0.771580] of_get_named_gpiod_flags: parsed 'reset-gpios' property of node '/ocp/interconnect@4a000000/segment@0/target-module@100000/switch@0/mdio@1000/ethernet-phy@0[0]' - status (0)
[    0.771741] gpio gpiochip0: Persistence not supported for GPIO 8
[    0.910324] davinci_mdio 4a101000.mdio: phy[0]: device 4a101000.mdio:00, driver SMSC LAN8710/LAN8720
[    0.911107] cpsw-switch 4a100000.switch: initialized cpsw ale version 1.4
[    0.911132] cpsw-switch 4a100000.switch: ALE Table size 1024, Policers 0
[    0.911282] cpsw-switch 4a100000.switch: cpts: overflow check period 500 (jiffies)
[    0.911298] cpsw-switch 4a100000.switch: CPTS: ref_clk_freq:250000000 calc_mult:2147483648 calc_shift:29 error:0 nsec/sec
[    0.911410] cpsw-switch 4a100000.switch: Detected MACID = 6c:ec:eb:68:de:78
[    0.913457] cpsw-switch 4a100000.switch: initialized (regs 0x4a100000, pool size 256) hw_ver:0019010C 1.12 (0)
[    0.924682] debugfs: Directory '49000000.dma' with parent 'dmaengine' already present!
[    0.924723] edma 49000000.dma: TI EDMA DMA engine driver
[    0.963193] target-module@4b000000:target-module@140000:pmu@0:fck: device ID is greater than 24
[    0.988325] hw perfevents: enabled with armv7_cortex_a8 PMU driver, 5 (8000000f) counters available
[    0.989281] gpio-clk clk_mcasp0: using DT '/clk_mcasp0' for 'enable' GPIO lookup
[    0.989350] of_get_named_gpiod_flags: parsed 'enable-gpios' property of node '/clk_mcasp0[0]' - status (0)
[    0.989393] gpio gpiochip0: Persistence not supported for GPIO 27
[    0.990201] gpiochip_find_base_unlocked: found new base at 608
[    0.990310] gpio gpiochip3: (gpio-96-127): created GPIO range 0->7 ==> 44e10800.pinmux PIN 82->89
[    0.990331] gpio gpiochip3: (gpio-96-127): created GPIO range 8->11 ==> 44e10800.pinmux PIN 52->55
[    0.990347] gpio gpiochip3: (gpio-96-127): created GPIO range 12->15 ==> 44e10800.pinmux PIN 94->97
[    0.990362] gpio gpiochip3: (gpio-96-127): created GPIO range 16->17 ==> 44e10800.pinmux PIN 71->72
[    0.990379] gpio gpiochip3: (gpio-96-127): created GPIO range 18->18 ==> 44e10800.pinmux PIN 135->135
[    0.990396] gpio gpiochip3: (gpio-96-127): created GPIO range 19->20 ==> 44e10800.pinmux PIN 108->109
[    0.990414] gpio gpiochip3: (gpio-96-127): created GPIO range 21->21 ==> 44e10800.pinmux PIN 73->73
[    0.990431] gpio gpiochip3: (gpio-96-127): created GPIO range 22->23 ==> 44e10800.pinmux PIN 8->9
[    0.990448] gpio gpiochip3: (gpio-96-127): created GPIO range 26->27 ==> 44e10800.pinmux PIN 10->11
[    0.990465] gpio gpiochip3: (gpio-96-127): created GPIO range 28->28 ==> 44e10800.pinmux PIN 74->74
[    0.990484] gpio gpiochip3: (gpio-96-127): created GPIO range 29->29 ==> 44e10800.pinmux PIN 81->81
[    0.990503] gpio gpiochip3: (gpio-96-127): created GPIO range 30->31 ==> 44e10800.pinmux PIN 28->29
[    0.991131] gpio gpiochip3: (gpio-96-127): added GPIO chardev (254:3)
[    0.991270] gpio gpiochip3: registered GPIOs 608 to 639 on gpio-96-127
[    0.997945] l3-aon-clkctrl:0000:0: failed to disable
[    0.998401] omap8250 44e09000.serial: using DT '/ocp/interconnect@44c00000/segment@200000/target-module@9000/serial@0' for 'rs485-term' GPIO lookup
[    0.998468] of_get_named_gpiod_flags: can't parse 'rs485-term-gpios' property of node '/ocp/interconnect@44c00000/segment@200000/target-module@9000/serial@0[0]'
[    0.998512] of_get_named_gpiod_flags: can't parse 'rs485-term-gpio' property of node '/ocp/interconnect@44c00000/segment@200000/target-module@9000/serial@0[0]'
[    0.998548] omap8250 44e09000.serial: using lookup tables for GPIO lookup
[    0.998558] omap8250 44e09000.serial: No GPIO consumer rs485-term found
[    0.998568] omap8250 44e09000.serial: using DT '/ocp/interconnect@44c00000/segment@200000/target-module@9000/serial@0' for 'rs485-rx-during-tx' GPIO lookup
[    0.998603] of_get_named_gpiod_flags: can't parse 'rs485-rx-during-tx-gpios' property of node '/ocp/interconnect@44c00000/segment@200000/target-module@9000/serial@0[0]'
[    0.998639] of_get_named_gpiod_flags: can't parse 'rs485-rx-during-tx-gpio' property of node '/ocp/interconnect@44c00000/segment@200000/target-module@9000/serial@0[0]'
[    0.998669] omap8250 44e09000.serial: using lookup tables for GPIO lookup
[    0.998677] omap8250 44e09000.serial: No GPIO consumer rs485-rx-during-tx found
[    0.999082] 44e09000.serial: ttyS0 at MMIO 0x44e09000 (irq = 34, base_baud = 3000000) is a 8250
[    0.999171] printk: legacy console [ttyS0] enabled
[    2.440641] i2c i2c-0: using DT '/ocp/interconnect@44c00000/segment@200000/target-module@b000/i2c@0' for 'scl' GPIO lookup
[    2.440730] of_get_named_gpiod_flags: can't parse 'scl-gpios' property of node '/ocp/interconnect@44c00000/segment@200000/target-module@b000/i2c@0[0]'
[    2.440776] of_get_named_gpiod_flags: can't parse 'scl-gpio' property of node '/ocp/interconnect@44c00000/segment@200000/target-module@b000/i2c@0[0]'
[    2.440815] i2c i2c-0: using lookup tables for GPIO lookup
[    2.440828] i2c i2c-0: No GPIO consumer scl found
[    2.440853] i2c i2c-0: using DT '/ocp/interconnect@44c00000/segment@200000/target-module@b000/i2c@0' for 'sda' GPIO lookup
[    2.440892] of_get_named_gpiod_flags: can't parse 'sda-gpios' property of node '/ocp/interconnect@44c00000/segment@200000/target-module@b000/i2c@0[0]'
[    2.440931] of_get_named_gpiod_flags: can't parse 'sda-gpio' property of node '/ocp/interconnect@44c00000/segment@200000/target-module@b000/i2c@0[0]'
[    2.440965] i2c i2c-0: using lookup tables for GPIO lookup
[    2.440976] i2c i2c-0: No GPIO consumer sda found
[    2.452841] tps65217-pmic: Failed to locate of_node [id: -1]
[    2.458896] tps65217-bl: Failed to locate of_node [id: -1]
[    2.466416] platform tps65217-charger: DMA mask not set
[    2.473792] platform tps65217-pwrbutton: DMA mask not set
[    2.481618] tps65217 0-0024: TPS65217 ID 0xe version 1.2
[    2.487770] /ocp/interconnect@48000000/segment@300000/target-module@e000/lcdc@0: Fixed dependency cycle(s) with /ocp/interconnect@44c00000/segment@200000/target-module@b000/i2c@0/tda19988@70
[    2.505147] /ocp/interconnect@44c00000/segment@200000/target-module@b000/i2c@0/tda19988@70: Fixed dependency cycle(s) with /ocp/interconnect@48000000/segment@300000/target-module@e000/lcdc@0
[    2.522507] omap_i2c 44e0b000.i2c: bus 0 rev0.11 at 400 kHz
[    2.530239] sdhci-omap 48060000.mmc: using DT '/ocp/interconnect@48000000/segment@0/target-module@60000/mmc@0' for 'cd' GPIO lookup
[    2.530345] of_get_named_gpiod_flags: parsed 'cd-gpios' property of node '/ocp/interconnect@48000000/segment@0/target-module@60000/mmc@0[0]' - status (0)
[    2.530410] gpio gpiochip3: Persistence not supported for GPIO 6
[    2.530437] omap_gpio 44e07000.gpio: Could not set line 6 debounce to 200000 microseconds (-22)
[    2.539312] sdhci-omap 48060000.mmc: Got CD GPIO
[    2.543994] sdhci-omap 48060000.mmc: using DT '/ocp/interconnect@48000000/segment@0/target-module@60000/mmc@0' for 'wp' GPIO lookup
[    2.544043] of_get_named_gpiod_flags: can't parse 'wp-gpios' property of node '/ocp/interconnect@48000000/segment@0/target-module@60000/mmc@0[0]'
[    2.544089] of_get_named_gpiod_flags: can't parse 'wp-gpio' property of node '/ocp/interconnect@48000000/segment@0/target-module@60000/mmc@0[0]'
[    2.544126] sdhci-omap 48060000.mmc: using lookup tables for GPIO lookup
[    2.544140] sdhci-omap 48060000.mmc: No GPIO consumer wp found
[    2.544349] sdhci-omap 48060000.mmc: supply pbias not found, using dummy regulator
[    2.553163] sdhci-omap 481d8000.mmc: using DT '/ocp/interconnect@48000000/segment@100000/target-module@d8000/mmc@0' for 'wp' GPIO lookup
[    2.553252] of_get_named_gpiod_flags: can't parse 'wp-gpios' property of node '/ocp/interconnect@48000000/segment@100000/target-module@d8000/mmc@0[0]'
[    2.553300] of_get_named_gpiod_flags: can't parse 'wp-gpio' property of node '/ocp/interconnect@48000000/segment@100000/target-module@d8000/mmc@0[0]'
[    2.553337] sdhci-omap 481d8000.mmc: using lookup tables for GPIO lookup
[    2.553350] sdhci-omap 481d8000.mmc: No GPIO consumer wp found
[    2.555077] sdhci-omap 48060000.mmc: supply vqmmc not found, using dummy regulator
[    2.563564] sdhci-omap 481d8000.mmc: supply pbias not found, using dummy regulator
[    2.571563] sdhci-omap 481d8000.mmc: supply vqmmc not found, using dummy regulator
[    2.608179] mmc1: SDHCI controller on 481d8000.mmc [481d8000.mmc] using External DMA
[    2.617398] mmc0: SDHCI controller on 48060000.mmc [48060000.mmc] using External DMA
[    2.626188] cpsw-switch 4a100000.switch: starting ndev. mode: dual_mac
[    2.671114] mmc0: new high speed SDHC card at address 5048
[    2.678163] mmcblk0: mmc0:5048 SD16G 14.4 GiB
[    2.686187]  mmcblk0: p1 p2
[    2.689574] mmcblk0: p2 size 31221760 extends beyond EOD, truncated
[    2.703091] SMSC LAN8710/LAN8720 4a101000.mdio:00: attached PHY driver (mii_bus:phy_addr=4a101000.mdio:00, irq=POLL)
[    2.715249] mmc1: new high speed MMC card at address 0001
[    2.722215] mmcblk1: mmc1:0001 MMC04G 3.60 GiB
[    2.734203]  mmcblk1: p1 p2
[    2.738466] mmcblk1boot0: mmc1:0001 MMC04G 2.00 MiB
[    2.745697] mmcblk1boot1: mmc1:0001 MMC04G 2.00 MiB
[    2.753063] mmcblk1rpmb: mmc1:0001 MMC04G 128 KiB, chardev (250:0)
