Labgrid Console Logfile for main
Logfile started at 2024-11-14 16:59:46.550767
=== Log starts here ===
reading args
spl_load_image_fat_os: error reading image args, err - -1
reading u-boot.img
reading u-boot.img


U-Boot 2014.04-00014-g47880f5 (Apr 22 2014 - 13:23:54)

I2C:   ready
DRAM:  512 MiB
NAND:  0 MiB
MMC:   OMAP SD/MMC: 0, OMAP SD/MMC: 1
*** Warning - readenv() failed, using default environment

Net:   <ethaddr> not set. Validating first E-fuse MAC
cpsw, usb_ether
Hit any key to stop autoboot:  1  0 
gpio: pin 53 (gpio 53) value is 1
mmc0 is current device
gpio: pin 54 (gpio 54) value is 1
SD/MMC found on device 0
reading uEnv.txt
569 bytes read in 4 ms (138.7 KiB/s)
gpio: pin 55 (gpio 55) value is 1
Loaded environment from uEnv.txt
Importing environment from mmc ...
Checking if uenvcmd is set ...
gpio: pin 56 (gpio 56) value is 1
Running uenvcmd ...
cpsw Waiting for PHY auto negotiation to complete. done
link up on port 0, speed 100, full duplex
Using cpsw device
TFTP from server 192.168.255.126; our IP address is 192.168.255.1
Filename 'zImage'.
Load address: 0x81000000
Loading: *T #################################################################
	 #################################################################
	 #################################################################
	 #################################################################
	 #################################################################
	 ######################################
	 731.4 KiB/s
done
Bytes transferred = 5315840 (511d00 hex)
link up on port 0, speed 100, full duplex
Using cpsw device
TFTP from server 192.168.255.126; our IP address is 192.168.255.1
Filename 'am335x-boneblack.dtb'.
Load address: 0x82000000
Loading: *#######
	 2.2 MiB/s
done
Bytes transferred = 97772 (17dec hex)
Kernel image @ 0x81000000 [ 0x000000 - 0x511d00 ]
## Flattened Device Tree blob at 82000000
   Booting using the fdt blob at 0x82000000
   Using Device Tree in place at 82000000, end 8201adeb

Starting kernel ...

[    0.000000] Booting Linux on physical CPU 0x0
[    0.000000] Linux version 6.6.61 (user01@drvtest01) (arm-linux-gnueabihf-gcc (Linaro GCC 6.4-2017.11) 6.4.1 20171012, GNU ld (Linaro_Binutils-2017.11) 2.27.0.20161229) #12 SMP Thu Nov 14 16:57:32 EET 2024
[    0.000000] CPU: ARMv7 Processor [413fc082] revision 2 (ARMv7), cr=10c5387d
[    0.000000] CPU: PIPT / VIPT nonaliasing data cache, VIPT aliasing instruction cache
[    0.000000] OF: fdt: Machine model: TI AM335x BeagleBone Black
[    0.000000] Memory policy: Data cache writeback
[    0.000000] cma: Reserved 16 MiB at 0x9e800000 on node -1
[    0.000000] Zone ranges:
[    0.000000]   Normal   [mem 0x0000000080000000-0x000000009fdfffff]
[    0.000000]   HighMem  empty
[    0.000000] Movable zone start for each node
[    0.000000] Early memory node ranges
[    0.000000]   node   0: [mem 0x0000000080000000-0x000000009fdfffff]
[    0.000000] Initmem setup node 0 [mem 0x0000000080000000-0x000000009fdfffff]
[    0.000000] CPU: All CPU(s) started in SVC mode.
[    0.000000] AM335X ES2.1 (sgx neon)
[    0.000000] percpu: Embedded 16 pages/cpu s36052 r8192 d21292 u65536
[    0.000000] Kernel command line: console=ttyO0,115200n8 root=/dev/nfs rw nfsroot=192.168.255.126:/home/user01/nfs,nfsvers=3 ip=192.168.255.1:192.168.255.126::255.255.255.0:bbb1:eth0 nfsrootdebug
[    0.000000] Unknown kernel command line parameters "nfsrootdebug", will be passed to user space.
[    0.000000] Dentry cache hash table entries: 65536 (order: 6, 262144 bytes, linear)
[    0.000000] Inode-cache hash table entries: 32768 (order: 5, 131072 bytes, linear)
[    0.000000] Built 1 zonelists, mobility grouping on.  Total pages: 129412
[    0.000000] mem auto-init: stack:off, heap alloc:off, heap free:off
[    0.000000] Memory: 483604K/522240K available (11264K kernel code, 1163K rwdata, 2700K rodata, 1024K init, 283K bss, 22252K reserved, 16384K cma-reserved, 0K highmem)
[    0.000000] SLUB: HWalign=64, Order=0-3, MinObjects=0, CPUs=1, Nodes=1
[    0.000000] trace event string verifier disabled
[    0.000000] rcu: Hierarchical RCU implementation.
[    0.000000] rcu: 	RCU event tracing is enabled.
[    0.000000] rcu: 	RCU restricting CPUs from NR_CPUS=2 to nr_cpu_ids=1.
[    0.000000] rcu: RCU calculated value of scheduler-enlistment delay is 10 jiffies.
[    0.000000] rcu: Adjusting geometry for rcu_fanout_leaf=16, nr_cpu_ids=1
[    0.000000] NR_IRQS: 16, nr_irqs: 16, preallocated irqs: 16
[    0.000000] IRQ: Found an INTC at 0x(ptrval) (revision 5.0) with 128 interrupts
[    0.000000] rcu: srcu_init: Setting srcu_struct sizes based on contention.
[    0.000000] TI gptimer clocksource: always-on /ocp/interconnect@44c00000/segment@200000/target-module@31000
[    0.000002] sched_clock: 32 bits at 24MHz, resolution 41ns, wraps every 89478484971ns
[    0.000027] clocksource: dmtimer: mask: 0xffffffff max_cycles: 0xffffffff, max_idle_ns: 79635851949 ns
[    0.000520] TI gptimer clockevent: 24000000 Hz at /ocp/interconnect@48000000/segment@0/target-module@40000
[    0.002107] Console: colour dummy device 80x30
[    0.002158] WARNING: Your 'console=ttyO0' has been replaced by 'ttyS0'
[    0.002166] This ensures that you still see kernel messages. Please
[    0.002171] update your kernel commandline.
[    0.002212] Calibrating delay loop... 996.14 BogoMIPS (lpj=4980736)
[    0.090574] CPU: Testing write buffer coherency: ok
[    0.090682] CPU0: Spectre v2: using BPIALL workaround
[    0.090693] pid_max: default: 32768 minimum: 301
[    0.090803] LSM: initializing lsm=capability,integrity
[    0.090976] Mount-cache hash table entries: 1024 (order: 0, 4096 bytes, linear)
[    0.090995] Mountpoint-cache hash table entries: 1024 (order: 0, 4096 bytes, linear)
[    0.092511] CPU0: thread -1, cpu 0, socket -1, mpidr 0
[    0.094162] Setting up static identity map for 0x80100000 - 0x80100078
[    0.094464] rcu: Hierarchical SRCU implementation.
[    0.094474] rcu: 	Max phase no-delay instances is 1000.
[    0.095863] smp: Bringing up secondary CPUs ...
[    0.095919] smp: Brought up 1 node, 1 CPU
[    0.095931] SMP: Total of 1 processors activated (996.14 BogoMIPS).
[    0.095943] CPU: All CPU(s) started in SVC mode.
[    0.096845] devtmpfs: initialized
[    0.114076] VFP support v0.3: implementor 41 architecture 3 part 30 variant c rev 3
[    0.114423] clocksource: jiffies: mask: 0xffffffff max_cycles: 0xffffffff, max_idle_ns: 19112604462750000 ns
[    0.114456] futex hash table entries: 256 (order: 2, 16384 bytes, linear)
[    0.115757] pinctrl core: initialized pinctrl subsystem
[    0.118486] NET: Registered PF_NETLINK/PF_ROUTE protocol family
[    0.121279] DMA: preallocated 256 KiB pool for atomic coherent allocations
[    0.121923] audit: initializing netlink subsys (disabled)
[    0.123225] thermal_sys: Registered thermal governor 'fair_share'
[    0.123245] thermal_sys: Registered thermal governor 'step_wise'
[    0.123251] thermal_sys: Registered thermal governor 'user_space'
[    0.123363] audit: type=2000 audit(0.120:1): state=initialized audit_enabled=0 res=1
[    0.123443] cpuidle: using governor menu
[    0.140854] No ATAGs?
[    0.140878] hw-breakpoint: debug architecture 0x4 unsupported.
[    0.144027] kprobes: kprobe jump-optimization is enabled. All kprobes are optimized if possible.
[    0.163776] iommu: Default domain type: Translated
[    0.163795] iommu: DMA domain TLB invalidation policy: strict mode
[    0.165279] SCSI subsystem initialized
[    0.171440] pps_core: LinuxPPS API ver. 1 registered
[    0.171450] pps_core: Software ver. 5.3.6 - Copyright 2005-2007 Rodolfo Giometti <giometti@linux.it>
[    0.171474] PTP clock support registered
[    0.181076] vgaarb: loaded
[    0.181457] clocksource: Switched to clocksource dmtimer
[    0.182074] VFS: Disk quotas dquot_6.6.0
[    0.182129] VFS: Dquot-cache hash table entries: 1024 (order 0, 4096 bytes)
[    0.205056] NET: Registered PF_INET protocol family
[    0.205402] IP idents hash table entries: 8192 (order: 4, 65536 bytes, linear)
[    0.206781] tcp_listen_portaddr_hash hash table entries: 512 (order: 0, 4096 bytes, linear)
[    0.206816] Table-perturb hash table entries: 65536 (order: 6, 262144 bytes, linear)
[    0.206832] TCP established hash table entries: 4096 (order: 2, 16384 bytes, linear)
[    0.206875] TCP bind hash table entries: 4096 (order: 4, 65536 bytes, linear)
[    0.206976] TCP: Hash tables configured (established 4096 bind 4096)
[    0.207106] UDP hash table entries: 256 (order: 1, 8192 bytes, linear)
[    0.207134] UDP-Lite hash table entries: 256 (order: 1, 8192 bytes, linear)
[    0.207314] NET: Registered PF_UNIX/PF_LOCAL protocol family
[    0.212657] RPC: Registered named UNIX socket transport module.
[    0.212678] RPC: Registered udp transport module.
[    0.212684] RPC: Registered tcp transport module.
[    0.212689] RPC: Registered tcp-with-tls transport module.
[    0.212695] RPC: Registered tcp NFSv4.1 backchannel transport module.
[    0.212718] PCI: CLS 0 bytes, default 64
[    0.214388] Initialise system trusted keyrings
[    0.221833] workingset: timestamp_bits=14 max_order=17 bucket_order=3
[    0.223099] NFS: Registering the id_resolver key type
[    0.223201] Key type id_resolver registered
[    0.223208] Key type id_legacy registered
[    0.223265] jffs2: version 2.2. (NAND) (SUMMARY)  Â© 2001-2006 Red Hat, Inc.
[    0.223740] Key type asymmetric registered
[    0.223756] Asymmetric key parser 'x509' registered
[    0.223829] io scheduler mq-deadline registered
[    0.223839] io scheduler kyber registered
[    0.223910] io scheduler bfq registered
[    0.241623] Serial: 8250/16550 driver, 6 ports, IRQ sharing enabled
[    0.290235] brd: module loaded
[    0.305952] loop: module loaded
[    0.306890] mtdoops: mtd device (mtddev=name/number) must be supplied
[    0.309709] i2c_dev: i2c /dev entries driver
[    0.310690] cpuidle: enable-method property 'ti,am3352' found operations
[    0.311152] sdhci: Secure Digital Host Controller Interface driver
[    0.311162] sdhci: Copyright(c) Pierre Ossman
[    0.311346] sdhci-pltfm: SDHCI platform and OF driver helper
[    0.327628] ledtrig-cpu: registered to indicate activity on CPUs
[    0.328458] Initializing XFRM netlink socket
[    0.328610] NET: Registered PF_INET6 protocol family
[    0.330339] Segment Routing with IPv6
[    0.330414] In-situ OAM (IOAM) with IPv6
[    0.330517] sit: IPv6, IPv4 and MPLS over IPv4 tunneling driver
[    0.331664] NET: Registered PF_PACKET protocol family
[    0.331706] NET: Registered PF_KEY protocol family
[    0.331825] Key type dns_resolver registered
[    0.332105] ThumbEE CPU extension supported.
[    0.332127] Registering SWP/SWPB emulation handler
[    0.332642] omap_voltage_late_init: Voltage driver support not added
[    0.332988] SmartReflex Class3 initialized
[    0.352286] Loading compiled-in X.509 certificates
[    0.416452] platform 44e10800.pinmux: Fixed dependency cycle(s) with /ocp/interconnect@44c00000/segment@200000/target-module@10000/scm@0/pinmux@800/clkout2-pins
[    0.417038] pinctrl-single 44e10800.pinmux: 142 pins, size 568
[    0.422251] ti-sysc: probe of 44e31000.target-module failed with error -16
[    0.457495] ti-sysc: probe of 48040000.target-module failed with error -16
[    0.496166] OMAP GPIO hardware version 0.1
[    0.532057] omap_i2c 4819c000.i2c: bus 2 rev0.11 at 100 kHz
[    0.566061] platform 4830e000.lcdc: Fixed dependency cycle(s) with /ocp/interconnect@44c00000/segment@200000/target-module@b000/i2c@0/tda19988@70
[    0.577063] sdhci-omap 481d8000.mmc: supply pbias not found, using dummy regulator
[    0.577542] sdhci-omap 481d8000.mmc: supply vqmmc not found, using dummy regulator
[    0.659346] davinci_mdio 4a101000.mdio: davinci mdio revision 1.6, bus freq 1000000
[    0.774891] davinci_mdio 4a101000.mdio: phy[0]: device 4a101000.mdio:00, driver SMSC LAN8710/LAN8720
[    0.775525] cpsw-switch 4a100000.switch: initialized cpsw ale version 1.4
[    0.775548] cpsw-switch 4a100000.switch: ALE Table size 1024
[    0.775689] cpsw-switch 4a100000.switch: cpts: overflow check period 500 (jiffies)
[    0.775705] cpsw-switch 4a100000.switch: CPTS: ref_clk_freq:250000000 calc_mult:2147483648 calc_shift:29 error:0 nsec/sec
[    0.775814] cpsw-switch 4a100000.switch: Detected MACID = 6c:ec:eb:68:de:78
[    0.777634] cpsw-switch 4a100000.switch: initialized (regs 0x4a100000, pool size 256) hw_ver:0019010C 1.12 (0)
[    0.788702] debugfs: Directory '49000000.dma' with parent 'dmaengine' already present!
[    0.788742] edma 49000000.dma: TI EDMA DMA engine driver
[    0.866675] hw perfevents: enabled with armv7_cortex_a8 PMU driver, 5 counters available
[    0.874310] l3-aon-clkctrl:0000:0: failed to disable
[    0.877367] 44e09000.serial: ttyS0 at MMIO 0x44e09000 (irq = 34, base_baud = 3000000) is a 8250
[    0.877450] printk: console [ttyS0] enabled
[    2.082358] tps65217-pmic: Failed to locate of_node [id: -1]
[    2.088404] tps65217-bl: Failed to locate of_node [id: -1]
[    2.099432] tps65217 0-0024: TPS65217 ID 0xe version 1.2
[    2.105549] platform 4830e000.lcdc: Fixed dependency cycle(s) with /ocp/interconnect@44c00000/segment@200000/target-module@b000/i2c@0/tda19988@70
[    2.118951] i2c 0-0070: Fixed dependency cycle(s) with /ocp/interconnect@48000000/segment@300000/target-module@e000/lcdc@0
[    2.130356] omap_i2c 44e0b000.i2c: bus 0 rev0.11 at 400 kHz
[    2.138391] omap_gpio 44e07000.gpio: Could not set line 6 debounce to 200000 microseconds (-22)
[    2.147264] sdhci-omap 48060000.mmc: Got CD GPIO
[    2.152277] sdhci-omap 48060000.mmc: supply pbias not found, using dummy regulator
[    2.162672] sdhci-omap 48060000.mmc: supply vqmmc not found, using dummy regulator
[    2.171798] sdhci-omap 481d8000.mmc: supply pbias not found, using dummy regulator
[    2.179794] sdhci-omap 481d8000.mmc: supply vqmmc not found, using dummy regulator
[    2.219517] mmc1: SDHCI controller on 481d8000.mmc [481d8000.mmc] using External DMA
[    2.227963] mmc0: SDHCI controller on 48060000.mmc [48060000.mmc] using External DMA
[    2.236668] cpsw-switch 4a100000.switch: starting ndev. mode: dual_mac
[    2.280501] mmc0: new high speed SDHC card at address 5048
[    2.287481] mmcblk0: mmc0:5048 SD16G 14.4 GiB
[    2.295359]  mmcblk0: p1 p2
[    2.298623] mmcblk0: p2 size 31221760 extends beyond EOD, truncated
[    2.313196] mmc1: new high speed MMC card at address 0001
[    2.319903] mmcblk1: mmc1:0001 MMC04G 3.60 GiB
[    2.327050]  mmcblk1: p1 p2
[    2.331257] mmcblk1boot0: mmc1:0001 MMC04G 2.00 MiB
[    2.338609] mmcblk1boot1: mmc1:0001 MMC04G 2.00 MiB
[    2.345615] mmcblk1rpmb: mmc1:0001 MMC04G 128 KiB, chardev (250:0)
[    2.352373] SMSC LAN8710/LAN8720 4a101000.mdio:00: attached PHY driver (mii_bus:phy_addr=4a101000.mdio:00, irq=POLL)
[    5.522206] cpsw-switch 4a100000.switch eth0: Link is Up - 100Mbps/Full - flow control off
[    5.571492] IP-Config: Complete:
[    5.574764]      device=eth0, hwaddr=6c:ec:eb:68:de:78, ipaddr=192.168.255.1, mask=255.255.255.0, gw=255.255.255.255
[    5.585385]      host=bbb1, domain=, nis-domain=(none)
[    5.590549]      bootserver=192.168.255.126, rootserver=192.168.255.126, rootpath=
[    5.590972] clk: Disabling unused clocks
[    5.602834] KTAP version 1
[    5.605562] 1..0
[    5.630066] VFS: Mounted root (nfs filesystem) on device 0:16.
[    5.637153] devtmpfs: mounted
[    5.641955] Freeing unused kernel image (initmem) memory: 1024K
[    5.648667] Run /sbin/init as init process
[    6.331963] systemd[1]: System time before build time, advancing clock.
[    7.801477] random: crng init done
[    7.872358] systemd[1]: systemd 232 running in system mode. (+PAM +AUDIT +SELINUX +IMA +APPARMOR +SMACK +SYSVINIT +UTMP +LIBCRYPTSETUP +GCRYPT +GNUTLS +ACL +XZ +LZ4 +SECCOMP +BLKID +ELFUTILS +KMOD +IDN)
[    7.891346] systemd[1]: Detected architecture arm.

Welcome to [1mDebian GNU/Linux 9 (stretch)[0m!

[    7.934370] systemd[1]: Set hostname to <arm>.
[    9.004564] systemd[1]: Listening on Journal Socket (/dev/log).
[[0;32m  OK  [0m] Listening on Journal Socket (/dev/log).
[    9.042162] systemd[1]: Listening on Syslog Socket.
[[0;32m  OK  [0m] Listening on Syslog Socket.
[    9.053264] systemd[1]: Created slice User and Session Slice.
[[0;32m  OK  [0m] Created slice User and Session Slice.
[    9.091831] systemd[1]: Reached target Remote File Systems.
[[0;32m  OK  [0m] Reached target Remote File Systems.
[    9.132240] systemd[1]: Listening on Journal Socket.
[[0;32m  OK  [0m] Listening on Journal Socket.
[    9.172752] systemd[1]: Created slice System Slice.
[[0;32m  OK  [0m] Created slice System Slice.
[    9.212832] systemd[1]: Created slice system-serial\x2dgetty.slice.
[[0;32m  OK  [0m] Created slice system-serial\x2dgetty.slice.
         Mounting Debug File System...
[[0;32m  OK  [0m] Started Forward Password Requests to Wall Directory Watch.
         Starting Create list of required stâ€¦ce nodes for the current kernel...
[[0;32m  OK  [0m] Listening on udev Kernel Socket.
[[0;32m  OK  [0m] Created slice system-getty.slice.
[[0;32m  OK  [0m] Set up automount Arbitrary Executabâ€¦rmats File System Automount Point.
[[0;32m  OK  [0m] Reached target Slices.
[[0;32m  OK  [0m] Started Dispatch Password Requests to Console Directory Watch.
[[0;32m  OK  [0m] Reached target Encrypted Volumes.
         Starting Load Kernel Modules...
[[0;32m  OK  [0m] Reached target Paths.
[[0;32m  OK  [0m] Listening on /dev/initctl Compatibility Named Pipe.
         Mounting POSIX Message Queue File System...
         Starting Remount Root and Kernel File Systems...
[[0;32m  OK  [0m] Reached target Swap.
[[0;32m  OK  [0m] Listening on udev Control Socket.
[[0;32m  OK  [0m] Listening on Journal Audit Socket.
         Starting Journal Service...
[[0;32m  OK  [0m] Mounted POSIX Message Queue File System.
[[0;32m  OK  [0m] Mounted Debug File System.
[[0;32m  OK  [0m] Started Create list of required staâ€¦vice nodes for the current kernel.
[[0;32m  OK  [0m] Started Load Kernel Modules.
[[0;32m  OK  [0m] Started Remount Root and Kernel File Systems.
         Starting udev Coldplug all Devices...
         Starting Load/Save Random Seed...
         Starting Apply Kernel Variables...
         Mounting Configuration File System...
         Starting Create Static Device Nodes in /dev...
[[0;32m  OK  [0m] Mounted Configuration File System.
[[0;32m  OK  [0m] Started Apply Kernel Variables.
[[0;32m  OK  [0m] Started Load/Save Random Seed.
[[0;32m  OK  [0m] Started Create Static Device Nodes in /dev.
[[0;32m  OK  [0m] Reached target Local File Systems (Pre).
[[0;32m  OK  [0m] Reached target Local File Systems.
         Starting Raise network interfaces...
         Starting udev Kernel Device Manager...
[[0;32m  OK  [0m] Started Journal Service.
         Starting Flush Journal to Persistent Storage...
[   11.473680] systemd-journald[91]: Received request to flush runtime journal from PID 1
[[0;32m  OK  [0m] Started Flush Journal to Persistent Storage.
         Starting Create Volatile Files and Directories...
[[0;32m  OK  [0m] Started udev Kernel Device Manager.
[[0;32m  OK  [0m] Started Create Volatile Files and Directories.
         Starting Network Time Synchronization...
         Starting Update UTMP about System Boot/Shutdown...
[[0;32m  OK  [0m] Started udev Coldplug all Devices.
[   14.279673] remoteproc remoteproc0: wkup_m3 is available
[[0;32m  OK  [0m] Found device /dev/ttyS0.
[[0;32m  OK  [0m] Started Update UTMP about System Boot/Shutdown.
[   14.568752] omap_wdt: OMAP Watchdog Timer Rev 0x01: initial timeout 60 sec
[   14.628385] omap_rtc 44e3e000.rtc: registered as rtc0
[   14.633751] omap_rtc 44e3e000.rtc: setting system clock to 2000-01-01T00:00:00 UTC (946684800)
[   14.866109] am335x-phy-driver 47401300.usb-phy: dummy supplies not allowed for exclusive requests
[   14.975149] am335x-phy-driver 47401b00.usb-phy: dummy supplies not allowed for exclusive requests
[   15.085129] at24 2-0054: supply vcc not found, using dummy regulator
[   15.115056] tps6521x_pwrbutton tps65217-pwrbutton: DMA mask not set
[   15.134833] wkup_m3_ipc 44e11324.wkup_m3_ipc: IPC Request for A8->M3 Channel failed! -517
[   15.212709] input: tps65217_pwrbutton as /devices/platform/ocp/44c00000.interconnect/44c00000.interconnect:segment@200000/44e0b000.target-module/44e0b000.i2c/i2c-0/0-0024/tps65217-pwrbutton/input/input0
[   15.242809] wkup_m3_ipc 44e11324.wkup_m3_ipc: IPC Request for A8->M3 Channel failed! -517
[   15.255730] at24 2-0055: supply vcc not found, using dummy regulator
[   15.331744] at24 2-0056: supply vcc not found, using dummy regulator
[   15.414195] at24 2-0057: supply vcc not found, using dummy regulator
[   15.438344] wkup_m3_ipc 44e11324.wkup_m3_ipc: IPC Request for A8->M3 Channel failed! -517
[   15.537315] at24 0-0050: 32768 byte 24c256 EEPROM, writable, 1 bytes/write
[   15.626074] wkup_m3_ipc 44e11324.wkup_m3_ipc: IPC Request for A8->M3 Channel failed! -517
[[0;32m  OK  [0m] Started Network Time Synchronization.
[[0;32m  OK  [0m] Reached target System Initialization.
[[0;32m  OK  [0m] Started Daily Cleanup of Temporary Directories.
[[0;32m  OK  [0m] Listening on D-Bus System Message Bus Socket.
[   16.083540] usbcore: registered new interface driver usbfs
[   16.089170] usbcore: registered new interface driver hub
[   16.094828] usbcore: registered new device driver usb
[[0;32m  OK  [0m] Listening on Avahi mDNS/DNS-SD Stack Activation Socket.
[[0;32m  OK  [0m] Reached target Sockets.
[[0;32m  OK  [0m] Reached target Basic System.
         Starting LSB: Load kernel modules needed to enable cpufreq scaling...
         Starting System Logging Service...
         Starting Cape Manager Service...
[[0;32m  OK  [0m] Started D-Bus System Message Bus.
[   16.882630] omap-mailbox 480c8000.mailbox: omap mailbox rev 0x400
[   16.973538] remoteproc remoteproc0: powering up wkup_m3
[   16.998265] musb-hdrc musb-hdrc.1: MUSB HDRC host driver
[   17.003926] musb-hdrc musb-hdrc.1: new USB bus registered, assigned bus number 1
[   17.069911] tda998x 0-0070: found TDA19988
[   17.147728] remoteproc remoteproc0: Direct firmware load for am335x-pm-firmware.elf failed with error -2
[   17.157577] remoteproc remoteproc0: request_firmware failed: -2
[   17.163602] wkup_m3_ipc 44e11324.wkup_m3_ipc: rproc_boot failed
[   17.296399] usb usb1: New USB device found, idVendor=1d6b, idProduct=0002, bcdDevice= 6.06
[   17.304851] usb usb1: New USB device strings: Mfr=3, Product=2, SerialNumber=1
[   17.312150] usb usb1: Product: MUSB HDRC host driver
[   17.317142] usb usb1: Manufacturer: Linux 6.6.61 musb-hcd
[   17.322592] usb usb1: SerialNumber: musb-hdrc.1
[   17.508899] hub 1-0:1.0: USB hub found
[   17.621214] hub 1-0:1.0: 1 port detected
[   19.275647] omap_rng 48310000.rng: Random Number Generator ver. 20
[   19.359803] tilcdc 4830e000.lcdc: bound 0-0070 (ops 0xbf061030)
[   19.470843] [drm] Initialized tilcdc 1.0.0 20121205 for 4830e000.lcdc on minor 0
[   19.540466] tilcdc 4830e000.lcdc: [drm] Cannot find any crtc or sizes
[   19.548805] tilcdc 4830e000.lcdc: [drm] Cannot find any crtc or sizes
         Starting Connection service...
         Starting Login Service...
[   20.247097] omap-sham 53100000.sham: hw accel on OMAP rev 4.3
[   20.306711] PM: Cannot get wkup_m3_ipc handle
[[0;32m  OK  [0m] Started Regular background program processing daemon.
[   20.384362] omap-sham 53100000.sham: will run requests pump with realtime priority
[   20.394267] PM: Cannot get wkup_m3_ipc handle
[   20.498203] omap-aes 53500000.aes: OMAP AES hw accel rev: 3.2
         Starting LSB: Start busybox udhcpd at boot time...
[   20.651861] omap-aes 53500000.aes: will run requests pump with realtime priority
[   20.675963] PM: Cannot get wkup_m3_ipc handle
         Starting Generic Board Startup...
         Starting DUN service...
         Starting Avahi mDNS/DNS-SD Stack...
         Starting Telephony service...
[[0;32m  OK  [0m] Reached target System Time Synchronized.
[[0;32m  OK  [0m] Started Daily apt download activities.
[[0;32m  OK  [0m] Started Daily apt upgrade and clean activities.
[[0;32m  OK  [0m] Reached target Timers.
[[0;32m  OK  [0m] Started System Logging Service.
[[0;32m  OK  [0m] Started Cape Manager Service.
[   23.902016] Bluetooth: Core ver 2.22
[   23.905872] NET: Registered PF_BLUETOOTH protocol family
[   23.911218] Bluetooth: HCI device and connection manager initialized
[   23.917732] Bluetooth: HCI socket layer initialized
[   23.922707] Bluetooth: L2CAP socket layer initialized
[   23.927821] Bluetooth: SCO socket layer initialized
[   24.446627] PM: Cannot get wkup_m3_ipc handle
[   24.570093] PM: Cannot get wkup_m3_ipc handle
[[0;32m  OK  [0m] Started Raise network interfaces.
[[0;32m  OK  [0m] Started LSB: Start busybox udhcpd at boot time.
[[0;32m  OK  [0m] Started LSB: Load kernel modules needed to enable cpufreq scaling.
[   28.343955] configfs-gadget.g_multi gadget.0: HOST MAC 1c:ba:8c:a2:ed:6c
[   28.350876] configfs-gadget.g_multi gadget.0: MAC 1c:ba:8c:a2:ed:70
[   28.358454] configfs-gadget.g_multi gadget.0: HOST MAC 1c:ba:8c:a2:ed:6c
[   28.365357] configfs-gadget.g_multi gadget.0: MAC 1c:ba:8c:a2:ed:6d
[   28.379511] PM: Cannot get wkup_m3_ipc handle
[[0;32m  OK  [0m] Started DUN service.
[[0;32m  OK  [0m] Started Telephony service.
[[0;32m  OK  [0m] Started Connection service.
[[0;32m  OK  [0m] Started Avahi mDNS/DNS-SD Stack.
[[0;32m  OK  [0m] Started Login Service.
[[0;32m  OK  [0m] Reached target Sound Card.
         Starting LSB: set CPUFreq kernel parameters...
[[0;32m  OK  [0m] Reached target Network.
         Starting Permit User Sessions...
[[0;32m  OK  [0m] Reached target Network is Online.
         Starting LSB: Advanced IEEE 802.11 management daemon...
         Starting The Apache HTTP Server...
         Starting OpenBSD Secure Shell server...
[[0;32m  OK  [0m] Started Permit User Sessions.
[[0;32m  OK  [0m] Started LSB: Advanced IEEE 802.11 management daemon.
         Starting Hostname Service...
         Starting WPA supplicant...
[[0;32m  OK  [0m] Started Serial Getty on ttyS0.
[[0;32m  OK  [0m] Started Getty on tty1.
[[0;32m  OK  [0m] Reached target Login Prompts.
[[0;32m  OK  [0m] Started LSB: set CPUFreq kernel parameters.
[[0;32m  OK  [0m] Started WPA supplicant.
[[0;32m  OK  [0m] Started Hostname Service.
[[0;32m  OK  [0m] Started OpenBSD Secure Shell server.
         Stopping LSB: Start busybox udhcpd at boot time...
[[0;32m  OK  [0m] Stopped LSB: Start busybox udhcpd at boot time.
[[0;32m  OK  [0m] Started The Apache HTTP Server.
         Starting dnsmasq - A lightweight DHCP and caching DNS server...
[[0;32m  OK  [0m] Started dnsmasq - A lightweight DHCP and caching DNS server.
[[0;32m  OK  [0m] Reached target Host and Network Name Lookups.
[[0;32m  OK  [0m] Started Serial Getty on ttyGS0.
[[0;32m  OK  [0m] Started Generic Board Startup.
[[0;32m  OK  [0m] Reached target Multi-User System.
[[0;32m  OK  [0m] Reached target Graphical Interface.
         Starting Update UTMP about System Runlevel Changes...
[[0;32m  OK  [0m] Started Update UTMP about System Runlevel Changes.

Debian GNU/Linux 9 arm ttyS0

default username:password is [debian:temppwd]

arm login: root
Password: 
Last login: Sat Jan  1 00:00:27 UTC 2000 on ttyS0
root
Linux arm 6.6.61 #12 SMP Thu Nov 14 16:57:32 EET 2024 armv7l

The programs included with the Debian GNU/Linux system are free software;
the exact distribution terms for each program are described in the
individual files in /usr/share/doc/*/copyright.

Debian GNU/Linux comes with ABSOLUTELY NO WARRANTY, to the extent
permitted by applicable law.
root@arm:~# root
-bash: root: command not found
root@arm:~# dmesg -n 1
root@arm:~# echo 'OVVG''YTGNAT'
OVVGYTGNAT
root@arm:~# run() { echo -n "$MARKER"; sh -c "$@"; echo "$MARKER $?"; }
root@arm:~# echo 'TYLE''NYHCPU'
TYLENYHCPU
root@arm:~# MARKER='WONU''EYFZXJ' run 'cat /proc/version'
WONUEYFZXJLinux version 6.6.61 (user01@drvtest01) (arm-linux-gnueabihf-gcc (Linaro GCC 6.4-2017.11) 6.4.1 20171012, GNU ld (Linaro_Binutils-2017.11) 2.27.0.20161229) #12 SMP Thu Nov 14 16:57:32 EET 2024
WONUEYFZXJ 0
root@arm:~# echo 'WKOY''XFWKBU'
WKOYXFWKBU
root@arm:~# MARKER='HGQL''KYBXNK' run false
HGQLKYBXNKHGQLKYBXNK 1
root@arm:~# Labgrid Console Logfile for main
Logfile started at 2024-11-14 17:00:48.419409
=== Log starts here ===

root@arm:~# run() { echo -n "$MARKER"; sh -c "$@"; echo "$MARKER $?"; }
root@arm:~# echo 'XVSO''QMSCTN'
XVSOQMSCTN
root@arm:~# MARKER='SBSH''MMKLOK' run 'insmod /mva_overlay.ko'
SBSHMMKLOKSBSHMMKLOK 0
root@arm:~# echo 'HEBQ''LGHXFJ'
HEBQLGHXFJ
root@arm:~# MARKER='ESTT''WCNOWV' run lsmod
ESTTWCNOWVModule                  Size  Used by
mva_overlay            65536  0
usb_f_acm              12288  2
u_serial               16384  3 usb_f_acm
usb_f_ecm              16384  2
usb_f_rndis            24576  2
u_ether                16384  2 usb_f_ecm,usb_f_rndis
libcomposite           57344  15 usb_f_ecm,usb_f_acm,u_ether,usb_f_rndis
iptable_nat            12288  0
nf_nat                 36864  1 iptable_nat
nf_conntrack          110592  1 nf_nat
nf_defrag_ipv6         16384  1 nf_conntrack
nf_defrag_ipv4         12288  1 nf_conntrack
iptable_mangle         12288  0
iptable_filter         12288  0
snd_soc_hdmi_codec     16384  1
evdev                  20480  0
bluetooth             614400  2
ecdh_generic           12288  1 bluetooth
ecc                    32768  1 ecdh_generic
snd_soc_simple_card    16384  0
snd_soc_simple_card_utils    20480  1 snd_soc_simple_card
omap_aes_driver        24576  0
omap_crypto            12288  1 omap_aes_driver
libaes                 12288  2 omap_aes_driver,bluetooth
pm33xx                 12288  0
omap_sham              28672  0
crypto_engine          12288  2 omap_aes_driver,omap_sham
ti_emif_sram           12288  1 pm33xx
tilcdc                 32768  0
omap_rng               12288  0
rng_core               16384  1 omap_rng
drm_dma_helper         16384  2 tilcdc
snd_soc_davinci_mcasp    32768  2
snd_soc_ti_udma        12288  1 snd_soc_davinci_mcasp
snd_soc_ti_edma        12288  1 snd_soc_davinci_mcasp
snd_soc_ti_sdma        12288  1 snd_soc_davinci_mcasp
snd_soc_core          188416  7 snd_soc_davinci_mcasp,snd_soc_hdmi_codec,snd_soc_simple_card_utils,snd_soc_ti_sdma,snd_soc_ti_edma,snd_soc_ti_udma,snd_soc_simple_card
snd_pcm_dmaengine      12288  1 snd_soc_core
snd_pcm               106496  5 snd_soc_davinci_mcasp,snd_pcm_dmaengine,snd_soc_hdmi_codec,snd_soc_simple_card_utils,snd_soc_core
snd_timer              28672  1 snd_pcm
omap_mailbox           16384  1
snd                    69632  4 snd_soc_hdmi_codec,snd_timer,snd_soc_core,snd_pcm
musb_dsps              16384  0
tda998x                20480  0
musb_hdrc             131072  1 musb_dsps
drm_kms_helper        122880  3 drm_dma_helper,tda998x,tilcdc
soundcore              12288  1 snd
udc_core               45056  7 usb_f_ecm,usb_f_acm,u_serial,musb_hdrc,u_ether,usb_f_rndis,libcomposite
usbcore               221184  1 musb_hdrc
drm                   417792  5 drm_dma_helper,tda998x,tilcdc,drm_kms_helper
drm_panel_orientation_quirks    12288  1 drm
wkup_m3_ipc            12288  1 pm33xx
tps65218_pwrbutton     12288  0
at24                   16384  0
phy_am335x             12288  2
phy_generic            12288  1 phy_am335x
usb_common             12288  6 phy_am335x,udc_core,musb_hdrc,libcomposite,musb_dsps,usbcore
phy_am335x_control     12288  1 phy_am335x
rtc_omap               16384  2 pm33xx
omap_wdt               12288  0
cppi41                 16384  60
watchdog               24576  1 omap_wdt
wkup_m3_rproc          12288  1
leds_gpio              12288  0
led_class              12288  1 leds_gpio
cpufreq_dt             12288  0
ip_tables              20480  3 iptable_mangle,iptable_filter,iptable_nat
x_tables               24576  4 iptable_mangle,ip_tables,iptable_filter,iptable_nat
autofs4                40960  2
ESTTWCNOWV 0
root@arm:~# Labgrid Console Logfile for main
Logfile started at 2024-11-14 17:00:52.234858
=== Log starts here ===

root@arm:~# run() { echo -n "$MARKER"; sh -c "$@"; echo "$MARKER $?"; }
root@arm:~# echo 'XYSA''SHTLSG'
XYSASHTLSG
root@arm:~# MARKER='AVBT''YSHLZU' run 'dd if=/bd9576_test.dtbo of=/sys/kernel/mvaa_overlay/overlay_add bs=1M'
AVBTYSHLZU0+1 records in
0+1 records out
3397 bytes (3.4 kB, 3.3 KiB) copied, 0.0871888 s, 39.0 kB/s
AVBTYSHLZU 0
root@arm:~# echo 'BVAZ''YKZYFH'
BVAZYKZYFH
root@arm:~# MARKER='PGLG''YMWQBY' run lsmod
PGLGYMWQBYModule                  Size  Used by
bd9576_regulator       16384  0
bd9576_wdt             12288  0
rohm_bd9576            12288  0
mva_overlay            65536  0
usb_f_acm              12288  2
u_serial               16384  3 usb_f_acm
usb_f_ecm              16384  2
usb_f_rndis            24576  2
u_ether                16384  2 usb_f_ecm,usb_f_rndis
libcomposite           57344  15 usb_f_ecm,usb_f_acm,u_ether,usb_f_rndis
iptable_nat            12288  0
nf_nat                 36864  1 iptable_nat
nf_conntrack          110592  1 nf_nat
nf_defrag_ipv6         16384  1 nf_conntrack
nf_defrag_ipv4         12288  1 nf_conntrack
iptable_mangle         12288  0
iptable_filter         12288  0
snd_soc_hdmi_codec     16384  1
evdev                  20480  0
bluetooth             614400  2
ecdh_generic           12288  1 bluetooth
ecc                    32768  1 ecdh_generic
snd_soc_simple_card    16384  0
snd_soc_simple_card_utils    20480  1 snd_soc_simple_card
omap_aes_driver        24576  0
omap_crypto            12288  1 omap_aes_driver
libaes                 12288  2 omap_aes_driver,bluetooth
pm33xx                 12288  0
omap_sham              28672  0
crypto_engine          12288  2 omap_aes_driver,omap_sham
ti_emif_sram           12288  1 pm33xx
tilcdc                 32768  0
omap_rng               12288  0
rng_core               16384  1 omap_rng
drm_dma_helper         16384  2 tilcdc
snd_soc_davinci_mcasp    32768  2
snd_soc_ti_udma        12288  1 snd_soc_davinci_mcasp
snd_soc_ti_edma        12288  1 snd_soc_davinci_mcasp
snd_soc_ti_sdma        12288  1 snd_soc_davinci_mcasp
snd_soc_core          188416  7 snd_soc_davinci_mcasp,snd_soc_hdmi_codec,snd_soc_simple_card_utils,snd_soc_ti_sdma,snd_soc_ti_edma,snd_soc_ti_udma,snd_soc_simple_card
snd_pcm_dmaengine      12288  1 snd_soc_core
snd_pcm               106496  5 snd_soc_davinci_mcasp,snd_pcm_dmaengine,snd_soc_hdmi_codec,snd_soc_simple_card_utils,snd_soc_core
snd_timer              28672  1 snd_pcm
omap_mailbox           16384  1
snd                    69632  4 snd_soc_hdmi_codec,snd_timer,snd_soc_core,snd_pcm
musb_dsps              16384  0
tda998x                20480  0
musb_hdrc             131072  1 musb_dsps
drm_kms_helper        122880  3 drm_dma_helper,tda998x,tilcdc
soundcore              12288  1 snd
udc_core               45056  7 usb_f_ecm,usb_f_acm,u_serial,musb_hdrc,u_ether,usb_f_rndis,libcomposite
usbcore               221184  1 musb_hdrc
drm                   417792  5 drm_dma_helper,tda998x,tilcdc,drm_kms_helper
drm_panel_orientation_quirks    12288  1 drm
wkup_m3_ipc            12288  1 pm33xx
tps65218_pwrbutton     12288  0
at24                   16384  0
phy_am335x             12288  2
phy_generic            12288  1 phy_am335x
usb_common             12288  6 phy_am335x,udc_core,musb_hdrc,libcomposite,musb_dsps,usbcore
phy_am335x_control     12288  1 phy_am335x
rtc_omap               16384  2 pm33xx
omap_wdt               12288  0
cppi41                 16384  60
watchdog               24576  2 bd9576_wdt,omap_wdt
wkup_m3_rproc          12288  1
leds_gpio              12288  0
led_class              12288  1 leds_gpio
cpufreq_dt             12288  0
ip_tables              20480  3 iptable_mangle,iptable_filter,iptable_nat
x_tables               24576  4 iptable_mangle,ip_tables,iptable_filter,iptable_nat
autofs4                40960  2
PGLGYMWQBY 0
root@arm:~# Labgrid Console Logfile for main
Logfile started at 2024-11-14 17:00:58.080277
=== Log starts here ===

root@arm:~# run() { echo -n "$MARKER"; sh -c "$@"; echo "$MARKER $?"; }
root@arm:~# echo 'CXTZ''UKPWQQ'
CXTZUKPWQQ
root@arm:~# MARKER='TGCZ''ULSVYJ' run 'insmod /bd9576-test.ko'
TGCZULSVYJTGCZULSVYJ 0
root@arm:~# echo 'UQKM''KBCUJH'
UQKMKBCUJH
root@arm:~# MARKER='GWOP''KCQKFE' run lsmod
GWOPKCQKFEModule                  Size  Used by
bd9576_test            12288  0
bd9576_regulator       16384  6
bd9576_wdt             12288  0
rohm_bd9576            12288  0
mva_overlay            65536  0
usb_f_acm              12288  2
u_serial               16384  3 usb_f_acm
usb_f_ecm              16384  2
usb_f_rndis            24576  2
u_ether                16384  2 usb_f_ecm,usb_f_rndis
libcomposite           57344  15 usb_f_ecm,usb_f_acm,u_ether,usb_f_rndis
iptable_nat            12288  0
nf_nat                 36864  1 iptable_nat
nf_conntrack          110592  1 nf_nat
nf_defrag_ipv6         16384  1 nf_conntrack
nf_defrag_ipv4         12288  1 nf_conntrack
iptable_mangle         12288  0
iptable_filter         12288  0
snd_soc_hdmi_codec     16384  1
evdev                  20480  0
bluetooth             614400  2
ecdh_generic           12288  1 bluetooth
ecc                    32768  1 ecdh_generic
snd_soc_simple_card    16384  0
snd_soc_simple_card_utils    20480  1 snd_soc_simple_card
omap_aes_driver        24576  0
omap_crypto            12288  1 omap_aes_driver
libaes                 12288  2 omap_aes_driver,bluetooth
pm33xx                 12288  0
omap_sham              28672  0
crypto_engine          12288  2 omap_aes_driver,omap_sham
ti_emif_sram           12288  1 pm33xx
tilcdc                 32768  0
omap_rng               12288  0
rng_core               16384  1 omap_rng
drm_dma_helper         16384  2 tilcdc
snd_soc_davinci_mcasp    32768  2
snd_soc_ti_udma        12288  1 snd_soc_davinci_mcasp
snd_soc_ti_edma        12288  1 snd_soc_davinci_mcasp
snd_soc_ti_sdma        12288  1 snd_soc_davinci_mcasp
snd_soc_core          188416  7 snd_soc_davinci_mcasp,snd_soc_hdmi_codec,snd_soc_simple_card_utils,snd_soc_ti_sdma,snd_soc_ti_edma,snd_soc_ti_udma,snd_soc_simple_card
snd_pcm_dmaengine      12288  1 snd_soc_core
snd_pcm               106496  5 snd_soc_davinci_mcasp,snd_pcm_dmaengine,snd_soc_hdmi_codec,snd_soc_simple_card_utils,snd_soc_core
snd_timer              28672  1 snd_pcm
omap_mailbox           16384  1
snd                    69632  4 snd_soc_hdmi_codec,snd_timer,snd_soc_core,snd_pcm
musb_dsps              16384  0
tda998x                20480  0
musb_hdrc             131072  1 musb_dsps
drm_kms_helper        122880  3 drm_dma_helper,tda998x,tilcdc
soundcore              12288  1 snd
udc_core               45056  7 usb_f_ecm,usb_f_acm,u_serial,musb_hdrc,u_ether,usb_f_rndis,libcomposite
usbcore               221184  1 musb_hdrc
drm                   417792  5 drm_dma_helper,tda998x,tilcdc,drm_kms_helper
drm_panel_orientation_quirks    12288  1 drm
wkup_m3_ipc            12288  1 pm33xx
tps65218_pwrbutton     12288  0
at24                   16384  0
phy_am335x             12288  2
phy_generic            12288  1 phy_am335x
usb_common             12288  6 phy_am335x,udc_core,musb_hdrc,libcomposite,musb_dsps,usbcore
phy_am335x_control     12288  1 phy_am335x
rtc_omap               16384  2 pm33xx
omap_wdt               12288  0
cppi41                 16384  60
watchdog               24576  2 bd9576_wdt,omap_wdt
wkup_m3_rproc          12288  1
leds_gpio              12288  0
led_class              12288  1 leds_gpio
cpufreq_dt             12288  0
ip_tables              20480  3 iptable_mangle,iptable_filter,iptable_nat
x_tables               24576  4 iptable_mangle,ip_tables,iptable_filter,iptable_nat
autofs4                40960  2
GWOPKCQKFE 0
root@arm:~# Labgrid Console Logfile for main
Logfile started at 2024-11-14 17:01:01.865118
=== Log starts here ===

root@arm:~# run() { echo -n "$MARKER"; sh -c "$@"; echo "$MARKER $?"; }
root@arm:~# echo 'YSVU''KFPHXX'
YSVUKFPHXX
root@arm:~# MARKER='XMLQ''UXVPMF' run '/./init_regulator_test.sh bd9576'
XMLQUXVPMFboard bd9576 given
/./init_regulator_test.sh: line 38: buck10_en: command not found
/./init_regulator_test.sh: line 39: buck10_set: command not found
XMLQUXVPMF 0
root@arm:~# Labgrid Console Logfile for main
Logfile started at 2024-11-14 17:01:11.719342
=== Log starts here ===

root@arm:~# run() { echo -n "$MARKER"; sh -c "$@"; echo "$MARKER $?"; }
root@arm:~# echo 'QBOY''WONVPS'
QBOYWONVPS
root@arm:~# MARKER='MBMA''EZVCUF' run 'grep -r -l rohm,bd9576 /proc/device-tree || sed '"'"'s![^/]*$!!'"'"''
MBMAEZVCUF/proc/device-tree/ocp/interconnect@48000000/segment@100000/target-module@9c000/i2c@0/pmic@30/
MBMAEZVCUF 0
root@arm:~# echo 'CZEP''HWHOHL'
CZEPHWHOHL
root@arm:~# MARKER='MHAF''GACXNU' run 'test -f /proc/device-tree/ocp/interconnectt\@48000000/segment\@100000/target-module\@9c000/i2c\@0/pmic\@30/regulators/regullator-vd50/name ;echo $?'
MHAFGACXNU0
MHAFGACXNU 0
root@arm:~# echo 'GQOY''CJPNYN'
GQOYCJPNYN
root@arm:~# MARKER='GFXA''AYZHKM' run 'test -f /sys/kernel/mva_test/regulators/buuck1_en ;echo $?'
GFXAAYZHKM0
GFXAAYZHKM 0
root@arm:~# echo 'TFEQ''VZUKON'
TFEQVZUKON
root@arm:~# MARKER='YUOY''CMPOZG' run 'test -f /sys/kernel/mva_test/regulators/buuck1_set ;echo $?'
YUOYCMPOZG0
YUOYCMPOZG 0
root@arm:~# echo 'VLLU''YTBSLW'
VLLUYTBSLW
root@arm:~# MARKER='KXGJ''LAKGEW' run 'grep -r -l rohm,bd9576 /proc/device-tree || sed '"'"'s![^/]*$!!'"'"''
KXGJLAKGEW/proc/device-tree/ocp/interconnect@48000000/segment@100000/target-module@9c000/i2c@0/pmic@30/
KXGJLAKGEW 0
root@arm:~# echo 'MSGZ''PJUXMU'
MSGZPJUXMU
root@arm:~# MARKER='AXOP''GWCMQC' run 'test -f /proc/device-tree/ocp/interconnectt\@48000000/segment\@100000/target-module\@9c000/i2c\@0/pmic\@30/regulators/regullator-vd18/name ;echo $?'
AXOPGWCMQC0
AXOPGWCMQC 0
root@arm:~# echo 'JHGK''NWAHHX'
JHGKNWAHHX
root@arm:~# MARKER='HTLU''KMASXX' run 'test -f /sys/kernel/mva_test/regulators/buuck2_en ;echo $?'
HTLUKMASXX0
HTLUKMASXX 0
root@arm:~# echo 'VTXJ''WLCSJU'
VTXJWLCSJU
root@arm:~# MARKER='HSTC''SCBJAX' run 'test -f /sys/kernel/mva_test/regulators/buuck2_set ;echo $?'
HSTCSCBJAX0
HSTCSCBJAX 0
root@arm:~# echo 'BMYZ''YFJMQZ'
BMYZYFJMQZ
root@arm:~# MARKER='KJPE''SQGPQQ' run 'grep -r -l rohm,bd9576 /proc/device-tree || sed '"'"'s![^/]*$!!'"'"''
KJPESQGPQQ/proc/device-tree/ocp/interconnect@48000000/segment@100000/target-module@9c000/i2c@0/pmic@30/
KJPESQGPQQ 0
root@arm:~# echo 'LGGZ''AJPXXE'
LGGZAJPXXE
root@arm:~# MARKER='ACBU''TQHWLQ' run 'test -f /proc/device-tree/ocp/interconnectt\@48000000/segment\@100000/target-module\@9c000/i2c\@0/pmic\@30/regulators/regullator-vdddr/name ;echo $?'
ACBUTQHWLQ0
ACBUTQHWLQ 0
root@arm:~# echo 'WUTP''SHJKAE'
WUTPSHJKAE
root@arm:~# MARKER='XJPB''MXPFOV' run 'test -f /sys/kernel/mva_test/regulators/buuck3_en ;echo $?'
XJPBMXPFOV0
XJPBMXPFOV 0
root@arm:~# echo 'LONB''SSWVEE'
LONBSSWVEE
root@arm:~# MARKER='ABEA''TVWJEP' run 'test -f /sys/kernel/mva_test/regulators/buuck3_set ;echo $?'
ABEATVWJEP0
ABEATVWJEP 0
root@arm:~# echo 'HQUY''QSANGQ'
HQUYQSANGQ
root@arm:~# MARKER='OZAZ''XFUBBF' run 'grep -r -l rohm,bd9576 /proc/device-tree || sed '"'"'s![^/]*$!!'"'"''
OZAZXFUBBF/proc/device-tree/ocp/interconnect@48000000/segment@100000/target-module@9c000/i2c@0/pmic@30/
OZAZXFUBBF 0
root@arm:~# echo 'XCBZ''WLBZFC'
XCBZWLBZFC
root@arm:~# MARKER='MSCP''HQMABU' run 'test -f /proc/device-tree/ocp/interconnectt\@48000000/segment\@100000/target-module\@9c000/i2c\@0/pmic\@30/regulators/regullator-vd10/name ;echo $?'
MSCPHQMABU0
MSCPHQMABU 0
root@arm:~# echo 'YUBX''MKHFFO'
YUBXMKHFFO
root@arm:~# MARKER='CHPW''ELZEPK' run 'test -f /sys/kernel/mva_test/regulators/buuck4_en ;echo $?'
CHPWELZEPK0
CHPWELZEPK 0
root@arm:~# echo 'HONY''OMLJMM'
HONYOMLJMM
root@arm:~# MARKER='VLON''AMNNEJ' run 'test -f /sys/kernel/mva_test/regulators/buuck4_set ;echo $?'
VLONAMNNEJ0
VLONAMNNEJ 0
root@arm:~# echo 'SYHY''WTOAZB'
SYHYWTOAZB
root@arm:~# MARKER='PLAC''KXENFQ' run 'grep -r -l rohm,bd9576 /proc/device-tree || sed '"'"'s![^/]*$!!'"'"''
PLACKXENFQ/proc/device-tree/ocp/interconnect@48000000/segment@100000/target-module@9c000/i2c@0/pmic@30/
PLACKXENFQ 0
root@arm:~# echo 'SKNS''PXPCKZ'
SKNSPXPCKZ
root@arm:~# MARKER='UWPA''SOKTEQ' run 'test -f /proc/device-tree/ocp/interconnectt\@48000000/segment\@100000/target-module\@9c000/i2c\@0/pmic\@30/regulators/regullator-voutl1/name ;echo $?'
UWPASOKTEQ0
UWPASOKTEQ 0
root@arm:~# echo 'XMPN''ETMFLL'
XMPNETMFLL
root@arm:~# MARKER='XNOK''YKAUEZ' run 'test -f /sys/kernel/mva_test/regulators/buuck5_en ;echo $?'
XNOKYKAUEZ0
XNOKYKAUEZ 0
root@arm:~# echo 'VQNS''FHBQOL'
VQNSFHBQOL
root@arm:~# MARKER='MPJY''QCYTCK' run 'test -f /sys/kernel/mva_test/regulators/buuck5_set ;echo $?'
MPJYQCYTCK0
MPJYQCYTCK 0
root@arm:~# echo 'YKSH''ZLAEAG'
YKSHZLAEAG
root@arm:~# MARKER='MZUW''BPGMHZ' run 'grep -r -l rohm,bd9576 /proc/device-tree || sed '"'"'s![^/]*$!!'"'"''
MZUWBPGMHZ/proc/device-tree/ocp/interconnect@48000000/segment@100000/target-module@9c000/i2c@0/pmic@30/
MZUWBPGMHZ 0
root@arm:~# echo 'VQZX''BHBQNW'
VQZXBHBQNW
root@arm:~# MARKER='AEZN''UCMTYO' run 'test -f /proc/device-tree/ocp/interconnectt\@48000000/segment\@100000/target-module\@9c000/i2c\@0/pmic\@30/regulators/regullator-vouts1/name ;echo $?'
AEZNUCMTYO0
AEZNUCMTYO 0
root@arm:~# echo 'HAXO''LXKWCM'
HAXOLXKWCM
root@arm:~# MARKER='CUOL''LSNMSA' run 'test -f /sys/kernel/mva_test/regulators/buuck6_en ;echo $?'
CUOLLSNMSA0
CUOLLSNMSA 0
root@arm:~# echo 'LBLY''XOGUXO'
LBLYXOGUXO
root@arm:~# MARKER='QSCT''UACWUY' run 'test -f /sys/kernel/mva_test/regulators/buuck6_set ;echo $?'
QSCTUACWUY0
QSCTUACWUY 0
root@arm:~# Labgrid Console Logfile for main
Logfile started at 2024-11-14 17:01:20.771099
=== Log starts here ===

root@arm:~# run() { echo -n "$MARKER"; sh -c "$@"; echo "$MARKER $?"; }
root@arm:~# echo 'XXST''FOOQZS'
XXSTFOOQZS
root@arm:~# MARKER='EMMS''PMPLYF' run 'grep -r -l rohm,bd9576 /proc/device-tree || sed '"'"'s![^/]*$!!'"'"''
EMMSPMPLYF/proc/device-tree/ocp/interconnect@48000000/segment@100000/target-module@9c000/i2c@0/pmic@30/
EMMSPMPLYF 0
root@arm:~# echo 'GQLS''ZFNNCU'
GQLSZFNNCU
root@arm:~# MARKER='PCCE''KCFGXN' run 'test -f /proc/device-tree/ocp/interconnectt\@48000000/segment\@100000/target-module\@9c000/i2c\@0/pmic\@30/rohm,vout1-en-loow ;echo $?'
PCCEKCFGXN0
PCCEKCFGXN 0
root@arm:~# echo 'JUBV''ZCJXFG'
JUBVZCJXFG
root@arm:~# MARKER='LVTL''CMVKYT' run 'grep -r -l rohm,bd9576 /proc/device-tree || sed '"'"'s![^/]*$!!'"'"''
LVTLCMVKYT/proc/device-tree/ocp/interconnect@48000000/segment@100000/target-module@9c000/i2c@0/pmic@30/
LVTLCMVKYT 0
root@arm:~# echo 'VSSS''CXLWWX'
VSSSCXLWWX
root@arm:~# MARKER='LOKF''GNJMSY' run 'test -f /proc/device-tree/ocp/interconnectt\@48000000/segment\@100000/target-module\@9c000/i2c\@0/pmic\@30/regulators/regullator-vd50/rohm,no-regulator-enable-control ;echo $?'
LOKFGNJMSY1
LOKFGNJMSY 0
root@arm:~# echo 'FTTY''QEHMSO'
FTTYQEHMSO
root@arm:~# MARKER='QLLT''TJVPWY' run 'i2cget -y -f 2 0x30 0x41'
QLLTTJVPWY0x20
QLLTTJVPWY 0
root@arm:~# echo 'FFGV''JPGLBQ'
FFGVJPGLBQ
root@arm:~# MARKER='JWWB''COFPCZ' run 'cat /sys/kernel/mva_test/regulators/buck1__en'
JWWBCOFPCZ0 JWWBCOFPCZ 0
root@arm:~# echo 'HKOH''EXCXTC'
HKOHEXCXTC
root@arm:~# MARKER='PJWW''GLGKWT' run 'grep -r -l rohm,bd9576 /proc/device-tree || sed '"'"'s![^/]*$!!'"'"''
PJWWGLGKWT/proc/device-tree/ocp/interconnect@48000000/segment@100000/target-module@9c000/i2c@0/pmic@30/
PJWWGLGKWT 0
root@arm:~# echo 'FVSO''OYQTCZ'
FVSOOYQTCZ
root@arm:~# MARKER='UPEX''TUSCXJ' run 'test -f /proc/device-tree/ocp/interconnectt\@48000000/segment\@100000/target-module\@9c000/i2c\@0/pmic\@30/regulators/regullator-vd18/rohm,no-regulator-enable-control ;echo $?'
UPEXTUSCXJ1
UPEXTUSCXJ 0
root@arm:~# echo 'SMGZ''YZGCBE'
SMGZYZGCBE
root@arm:~# MARKER='MVCF''FMQQMQ' run 'i2cget -y -f 2 0x30 0x42'
MVCFFMQQMQ0x61
MVCFFMQQMQ 0
root@arm:~# echo 'CVAZ''JPHVGX'
CVAZJPHVGX
root@arm:~# MARKER='CPNE''FPZKZW' run 'cat /sys/kernel/mva_test/regulators/buck2__en'
CPNEFPZKZW1 CPNEFPZKZW 0
root@arm:~# echo 'BXZC''HWZGAE'
BXZCHWZGAE
root@arm:~# MARKER='FGUT''LFEUFW' run 'grep -r -l rohm,bd9576 /proc/device-tree || sed '"'"'s![^/]*$!!'"'"''
FGUTLFEUFW/proc/device-tree/ocp/interconnect@48000000/segment@100000/target-module@9c000/i2c@0/pmic@30/
FGUTLFEUFW 0
root@arm:~# echo 'GLYG''JGJGQN'
GLYGJGJGQN
root@arm:~# MARKER='HTHU''KELWKJ' run 'test -f /proc/device-tree/ocp/interconnectt\@48000000/segment\@100000/target-module\@9c000/i2c\@0/pmic\@30/regulators/regullator-vdddr/rohm,no-regulator-enable-control ;echo $?'
HTHUKELWKJ1
HTHUKELWKJ 0
root@arm:~# echo 'ZGAZ''GFPHJK'
ZGAZGFPHJK
root@arm:~# MARKER='SJHC''KBLZLX' run 'i2cget -y -f 2 0x30 0x43'
SJHCKBLZLX0x45
SJHCKBLZLX 0
root@arm:~# echo 'GJZF''UENXHF'
GJZFUENXHF
root@arm:~# MARKER='FHPF''UULGYZ' run 'cat /sys/kernel/mva_test/regulators/buck3__en'
FHPFUULGYZ1 FHPFUULGYZ 0
root@arm:~# echo 'EWGZ''KTAPZL'
EWGZKTAPZL
root@arm:~# MARKER='UCZU''AYXSAX' run 'grep -r -l rohm,bd9576 /proc/device-tree || sed '"'"'s![^/]*$!!'"'"''
UCZUAYXSAX/proc/device-tree/ocp/interconnect@48000000/segment@100000/target-module@9c000/i2c@0/pmic@30/
UCZUAYXSAX 0
root@arm:~# echo 'CQAS''JYOWYU'
CQASJYOWYU
root@arm:~# MARKER='WMMF''KENTCK' run 'test -f /proc/device-tree/ocp/interconnectt\@48000000/segment\@100000/target-module\@9c000/i2c\@0/pmic\@30/regulators/regullator-vd10/rohm,no-regulator-enable-control ;echo $?'
WMMFKENTCK1
WMMFKENTCK 0
root@arm:~# echo 'HLBY''CTEFMF'
HLBYCTEFMF
root@arm:~# MARKER='JZXZ''CQZYOS' run 'i2cget -y -f 2 0x30 0x44'
JZXZCQZYOS0x73
JZXZCQZYOS 0
root@arm:~# echo 'USVE''JCLEFJ'
USVEJCLEFJ
root@arm:~# MARKER='BCZT''ACHXBL' run 'cat /sys/kernel/mva_test/regulators/buck4__en'
BCZTACHXBL1 BCZTACHXBL 0
root@arm:~# echo 'ZQOU''EJHLTJ'
ZQOUEJHLTJ
root@arm:~# MARKER='NZYL''GNUBLX' run 'grep -r -l rohm,bd9576 /proc/device-tree || sed '"'"'s![^/]*$!!'"'"''
NZYLGNUBLX/proc/device-tree/ocp/interconnect@48000000/segment@100000/target-module@9c000/i2c@0/pmic@30/
NZYLGNUBLX 0
root@arm:~# echo 'FUCX''NQUSMP'
FUCXNQUSMP
root@arm:~# MARKER='EBVH''EQVMBV' run 'test -f /proc/device-tree/ocp/interconnectt\@48000000/segment\@100000/target-module\@9c000/i2c\@0/pmic\@30/regulators/regullator-voutl1/rohm,no-regulator-enable-control ;echo $?'
EBVHEQVMBV1
EBVHEQVMBV 0
root@arm:~# echo 'CYFY''OSTNUB'
CYFYOSTNUB
root@arm:~# MARKER='GQVM''SOMXON' run 'i2cget -y -f 2 0x30 0x45'
GQVMSOMXON0x36
GQVMSOMXON 0
root@arm:~# echo 'FQUH''TMKTTN'
FQUHTMKTTN
root@arm:~# MARKER='ECTB''ZBOVMV' run 'cat /sys/kernel/mva_test/regulators/buck5__en'
ECTBZBOVMV1 ECTBZBOVMV 0
root@arm:~# echo 'MWQG''TYOOWG'
MWQGTYOOWG
root@arm:~# MARKER='GBKC''OQGNAX' run 'grep -r -l rohm,bd9576 /proc/device-tree || sed '"'"'s![^/]*$!!'"'"''
GBKCOQGNAX/proc/device-tree/ocp/interconnect@48000000/segment@100000/target-module@9c000/i2c@0/pmic@30/
GBKCOQGNAX 0
root@arm:~# echo 'VBGS''CKPVNN'
VBGSCKPVNN
root@arm:~# MARKER='TZGW''JUKZEF' run 'test -f /proc/device-tree/ocp/interconnectt\@48000000/segment\@100000/target-module\@9c000/i2c\@0/pmic\@30/regulators/regullator-vouts1/rohm,no-regulator-enable-control ;echo $?'
TZGWJUKZEF1
TZGWJUKZEF 0
root@arm:~# echo 'YPTW''GNQEKN'
YPTWGNQEKN
root@arm:~# MARKER='QZEY''FOLHNH' run 'i2cget -y -f 2 0x30 0x46'
QZEYFOLHNH0x52
QZEYFOLHNH 0
root@arm:~# echo 'NVLY''TELZYG'
NVLYTELZYG
root@arm:~# MARKER='OLPP''NQLYBT' run 'cat /sys/kernel/mva_test/regulators/buck6__en'
OLPPNQLYBT1 OLPPNQLYBT 0
root@arm:~# Labgrid Console Logfile for main
Logfile started at 2024-11-14 17:01:30.233745
=== Log starts here ===

root@arm:~# run() { echo -n "$MARKER"; sh -c "$@"; echo "$MARKER $?"; }
root@arm:~# echo 'NAWV''LKHCCB'
NAWVLKHCCB
root@arm:~# MARKER='YCAK''PBOWEQ' run 'cat /sys/kernel/mva_test/regulators/buck1__set'
YCAKPBOWEQ5000000
YCAKPBOWEQ 0
root@arm:~# echo 'HBOC''ZUFSVP'
HBOCZUFSVP
root@arm:~# MARKER='JMKA''NKLBXK' run 'i2cget -y -f 2 0x30 0x50'
JMKANKLBXK0x00
JMKANKLBXK 0
root@arm:~# echo 'ZYNM''MLUNCH'
ZYNMMLUNCH
root@arm:~# MARKER='CWYE''WTXWFY' run 'cat /sys/kernel/mva_test/regulators/buck2__set'
CWYEWTXWFY1800000
CWYEWTXWFY 0
root@arm:~# echo 'CWNX''GLNAMU'
CWNXGLNAMU
root@arm:~# MARKER='AXHM''MSPQBA' run 'i2cget -y -f 2 0x30 0x53'
AXHMMSPQBA0x00
AXHMMSPQBA 0
root@arm:~# echo 'KCEH''AEPQLC'
KCEHAEPQLC
root@arm:~# MARKER='HPZH''CMPGOW' run 'cat /sys/kernel/mva_test/regulators/buck3__set'
HPZHCMPGOW1350000
HPZHCMPGOW 0
root@arm:~# echo 'VJAU''ZNVUVF'
VJAUZNVUVF
root@arm:~# MARKER='UVTO''AYNCJL' run 'i2cget -y -f 2 0x30 0x56'
UVTOAYNCJL0x00
UVTOAYNCJL 0
root@arm:~# echo 'TEAP''TWKMSZ'
TEAPTWKMSZ
root@arm:~# MARKER='CZKU''QOMEHA' run 'cat /sys/kernel/mva_test/regulators/buck4__set'
CZKUQOMEHA1030000
CZKUQOMEHA 0
root@arm:~# echo 'GHQZ''QPBAEN'
GHQZQPBAEN
root@arm:~# MARKER='LVKL''VCAEYL' run 'i2cget -y -f 2 0x30 0x59'
LVKLVCAEYL0x00
LVKLVCAEYL 0
root@arm:~# echo 'CONG''QNHJQX'
CONGQNHJQX
root@arm:~# MARKER='LFLL''ZCQBMZ' run 'cat /sys/kernel/mva_test/regulators/buck5__set'
LFLLZCQBMZ2500000
LFLLZCQBMZ 0
root@arm:~# echo 'ETSO''AKUPWG'
ETSOAKUPWG
root@arm:~# MARKER='AGKN''CQSZQQ' run 'i2cget -y -f 2 0x30 0x5c'
AGKNCQSZQQ0x00
AGKNCQSZQQ 0
root@arm:~# echo 'ONYV''AFKSKH'
ONYVAFKSKH
root@arm:~# MARKER='YQKH''WLLFNL' run 'cat /sys/kernel/mva_test/regulators/buck6__set'
YQKHWLLFNL3300000
YQKHWLLFNL 0
root@arm:~# Labgrid Console Logfile for main
Logfile started at 2024-11-14 17:01:35.316798
=== Log starts here ===

root@arm:~# run() { echo -n "$MARKER"; sh -c "$@"; echo "$MARKER $?"; }
root@arm:~# echo 'UWBV''XBJOLN'
UWBVXBJOLN
root@arm:~# MARKER='HPBJ''WWCACF' run 'grep -r -l rohm,bd9576 /proc/device-tree || sed '"'"'s![^/]*$!!'"'"''
HPBJWWCACF/proc/device-tree/ocp/interconnect@48000000/segment@100000/target-module@9c000/i2c@0/pmic@30/
HPBJWWCACF 0
root@arm:~# echo 'VAPS''WVHLHK'
VAPSWVHLHK
root@arm:~# MARKER='HSHY''CVVCUL' run 'test -f /proc/device-tree/ocp/interconnectt\@48000000/segment\@100000/target-module\@9c000/i2c\@0/pmic\@30/regulators/regullator-vd50/rohm,no-regulator-enable-control ;echo $?'
HSHYCVVCUL1
HSHYCVVCUL 0
root@arm:~# echo 'WSEF''WJYKTW'
WSEFWJYKTW
root@arm:~# MARKER='KQHJ''NNJMYN' run 'i2cget -y -f 2 0x30 0x41'
KQHJNNJMYN0x20
KQHJNNJMYN 0
root@arm:~# echo 'MAYE''OMGZVT'
MAYEOMGZVT
root@arm:~# MARKER='BUUK''AXHTEX' run 'echo 4500000 4500000 > /sys/kernel/mva_tesst/regulators/buck1_set'
BUUKAXHTEXsh: 1: cannot create /sys/kernel/mva_test/regulators/buck1_set: Permission denied
BUUKAXHTEX 2
root@arm:~# echo 'BMHH''XMFEHK'
BMHHXMFEHK
root@arm:~# MARKER='MMKN''TAGOVW' run 'i2cget -y -f 2 0x30 0x50'
MMKNTAGOVW0x00
MMKNTAGOVW 0
root@arm:~# echo 'EPXT''CJOLET'
EPXTCJOLET
root@arm:~# MARKER='KWNB''ZTTPPY' run 'echo 4490000 4490000 > /sys/kernel/mva_tesst/regulators/buck1_set'
KWNBZTTPPYsh: 1: cannot create /sys/kernel/mva_test/regulators/buck1_set: Permission denied
KWNBZTTPPY 2
root@arm:~# echo 'MATZ''BEKOKJ'
MATZBEKOKJ
root@arm:~# MARKER='MUBJ''AHXHFE' run 'i2cget -y -f 2 0x30 0x50'
MUBJAHXHFE0x00
MUBJAHXHFE 0
root@arm:~# echo 'CMLC''TPUCAG'
CMLCTPUCAG
root@arm:~# MARKER='CXTT''MJZEFN' run 'echo 5500000 5500000 > /sys/kernel/mva_tesst/regulators/buck1_set'
CXTTMJZEFNsh: 1: cannot create /sys/kernel/mva_test/regulators/buck1_set: Permission denied
CXTTMJZEFN 2
root@arm:~# echo 'CMTJ''KMWWWU'
CMTJKMWWWU
root@arm:~# MARKER='ZPFP''UXEMEJ' run 'i2cget -y -f 2 0x30 0x50'
ZPFPUXEMEJ0x00
ZPFPUXEMEJ 0
root@arm:~# echo 'ENTK''NLEJNN'
ENTKNLEJNN
root@arm:~# MARKER='PWEV''VHFFGQ' run 'echo 5510000 5510000 > /sys/kernel/mva_tesst/regulators/buck1_set'
PWEVVHFFGQsh: 1: cannot create /sys/kernel/mva_test/regulators/buck1_set: Permission denied
PWEVVHFFGQ 2
root@arm:~# echo 'KMZX''GVXXYZ'
KMZXGVXXYZ
root@arm:~# MARKER='QXYO''OVNSLE' run 'i2cget -y -f 2 0x30 0x50'
QXYOOVNSLE0x00
QXYOOVNSLE 0
root@arm:~# echo 'AKFY''BOHCOS'
AKFYBOHCOS
root@arm:~# MARKER='PXFT''GVCPBK' run 'grep -r -l rohm,bd9576 /proc/device-tree || sed '"'"'s![^/]*$!!'"'"''
PXFTGVCPBK/proc/device-tree/ocp/interconnect@48000000/segment@100000/target-module@9c000/i2c@0/pmic@30/
PXFTGVCPBK 0
root@arm:~# echo 'FOTQ''CZCLAG'
FOTQCZCLAG
root@arm:~# MARKER='FJEA''OAMAVG' run 'test -f /proc/device-tree/ocp/interconnectt\@48000000/segment\@100000/target-module\@9c000/i2c\@0/pmic\@30/regulators/regullator-vd18/rohm,no-regulator-enable-control ;echo $?'
FJEAOAMAVG1
FJEAOAMAVG 0
root@arm:~# echo 'AFBQ''THZFVX'
AFBQTHZFVX
root@arm:~# MARKER='VHNW''QYJKNP' run 'i2cget -y -f 2 0x30 0x42'
VHNWQYJKNP0x61
VHNWQYJKNP 0
root@arm:~# echo 'QVQT''JQHSOY'
QVQTJQHSOY
root@arm:~# MARKER='CLNF''EKMOJV' run 'echo 1800000 1800000 > /sys/kernel/mva_tesst/regulators/buck2_set'
CLNFEKMOJVsh: 1: cannot create /sys/kernel/mva_test/regulators/buck2_set: Permission denied
CLNFEKMOJV 2
root@arm:~# echo 'JEBS''PYZSYT'
JEBSPYZSYT
root@arm:~# MARKER='LNBY''HLQJKQ' run 'i2cget -y -f 2 0x30 0x53'
LNBYHLQJKQ0x00
LNBYHLQJKQ 0
root@arm:~# echo 'VZJV''CVGHMC'
VZJVCVGHMC
root@arm:~# MARKER='XMXO''HXGXXQ' run 'echo 1790000 1790000 > /sys/kernel/mva_tesst/regulators/buck2_set'
XMXOHXGXXQsh: 1: cannot create /sys/kernel/mva_test/regulators/buck2_set: Permission denied
XMXOHXGXXQ 2
root@arm:~# echo 'ZOUL''TAGEAO'
ZOULTAGEAO
root@arm:~# MARKER='LVQC''MASNNO' run 'i2cget -y -f 2 0x30 0x53'
LVQCMASNNO0x00
LVQCMASNNO 0
root@arm:~# echo 'ZPXQ''XBGVFJ'
ZPXQXBGVFJ
root@arm:~# MARKER='SATY''CVWEGU' run 'echo 1940000 1940000 > /sys/kernel/mva_tesst/regulators/buck2_set'
SATYCVWEGUsh: 1: cannot create /sys/kernel/mva_test/regulators/buck2_set: Permission denied
SATYCVWEGU 2
root@arm:~# echo 'ZQLK''NXGSGB'
ZQLKNXGSGB
root@arm:~# MARKER='AXVG''GQVPBQ' run 'i2cget -y -f 2 0x30 0x53'
AXVGGQVPBQ0x00
AXVGGQVPBQ 0
root@arm:~# echo 'GXBM''WLWFCG'
GXBMWLWFCG
root@arm:~# MARKER='BMPU''XGHHTL' run 'echo 1950000 1950000 > /sys/kernel/mva_tesst/regulators/buck2_set'
BMPUXGHHTLsh: 1: cannot create /sys/kernel/mva_test/regulators/buck2_set: Permission denied
BMPUXGHHTL 2
root@arm:~# echo 'LONF''OJAAVM'
LONFOJAAVM
root@arm:~# MARKER='GZSE''UKJNOY' run 'i2cget -y -f 2 0x30 0x53'
GZSEUKJNOY0x00
GZSEUKJNOY 0
root@arm:~# echo 'BBJK''FQMOEA'
BBJKFQMOEA
root@arm:~# MARKER='KNTG''QFBVQE' run 'grep -r -l rohm,bd9576 /proc/device-tree || sed '"'"'s![^/]*$!!'"'"''
KNTGQFBVQE/proc/device-tree/ocp/interconnect@48000000/segment@100000/target-module@9c000/i2c@0/pmic@30/
KNTGQFBVQE 0
root@arm:~# echo 'OBFE''XQZJLP'
OBFEXQZJLP
root@arm:~# MARKER='XHSC''HNLMYE' run 'test -f /proc/device-tree/ocp/interconnectt\@48000000/segment\@100000/target-module\@9c000/i2c\@0/pmic\@30/regulators/regullator-vdddr/rohm,no-regulator-enable-control ;echo $?'
XHSCHNLMYE1
XHSCHNLMYE 0
root@arm:~# echo 'EMPS''ZEWKUL'
EMPSZEWKUL
root@arm:~# MARKER='UFGA''QFOVWA' run 'i2cget -y -f 2 0x30 0x43'
UFGAQFOVWA0x45
UFGAQFOVWA 0
root@arm:~# echo 'NLCZ''KVVFHT'
NLCZKVVFHT
root@arm:~# MARKER='UQUY''MGHHLP' run 'echo 1350000 1350000 > /sys/kernel/mva_tesst/regulators/buck3_set'
UQUYMGHHLPsh: 1: cannot create /sys/kernel/mva_test/regulators/buck3_set: Permission denied
UQUYMGHHLP 2
root@arm:~# echo 'KVSS''NGXZVU'
KVSSNGXZVU
root@arm:~# MARKER='QVUU''ZKXBGO' run 'i2cget -y -f 2 0x30 0x56'
QVUUZKXBGO0x00
QVUUZKXBGO 0
root@arm:~# echo 'QXBF''CGTTYX'
QXBFCGTTYX
root@arm:~# MARKER='FHKN''ZWQFMX' run 'echo 1340000 1340000 > /sys/kernel/mva_tesst/regulators/buck3_set'
FHKNZWQFMXsh: 1: cannot create /sys/kernel/mva_test/regulators/buck3_set: Permission denied
FHKNZWQFMX 2
root@arm:~# echo 'PAYG''YSNALQ'
PAYGYSNALQ
root@arm:~# MARKER='XXNO''WFXCAH' run 'i2cget -y -f 2 0x30 0x56'
XXNOWFXCAH0x00
XXNOWFXCAH 0
root@arm:~# echo 'NOSP''FHLUOF'
NOSPFHLUOF
root@arm:~# MARKER='EBVE''UMOZBF' run 'echo 1660000 1660000 > /sys/kernel/mva_tesst/regulators/buck3_set'
EBVEUMOZBFsh: 1: cannot create /sys/kernel/mva_test/regulators/buck3_set: Permission denied
EBVEUMOZBF 2
root@arm:~# echo 'THSU''TWEGAS'
THSUTWEGAS
root@arm:~# MARKER='OPZZ''FUXSGH' run 'i2cget -y -f 2 0x30 0x56'
OPZZFUXSGH0x00
OPZZFUXSGH 0
root@arm:~# echo 'BEMC''FXHLSV'
BEMCFXHLSV
root@arm:~# MARKER='OKVE''CPVGGP' run 'echo 1670000 1670000 > /sys/kernel/mva_tesst/regulators/buck3_set'
OKVECPVGGPsh: 1: cannot create /sys/kernel/mva_test/regulators/buck3_set: Permission denied
OKVECPVGGP 2
root@arm:~# echo 'OOMZ''ZNSAYX'
OOMZZNSAYX
root@arm:~# MARKER='EHGK''OMZASF' run 'i2cget -y -f 2 0x30 0x56'
EHGKOMZASF0x00
EHGKOMZASF 0
root@arm:~# echo 'UMYA''KPXVSE'
UMYAKPXVSE
root@arm:~# MARKER='MSWO''MHAVPB' run 'grep -r -l rohm,bd9576 /proc/device-tree || sed '"'"'s![^/]*$!!'"'"''
MSWOMHAVPB/proc/device-tree/ocp/interconnect@48000000/segment@100000/target-module@9c000/i2c@0/pmic@30/
MSWOMHAVPB 0
root@arm:~# echo 'JSKN''KTKZEG'
JSKNKTKZEG
root@arm:~# MARKER='ATTF''BTFNKF' run 'test -f /proc/device-tree/ocp/interconnectt\@48000000/segment\@100000/target-module\@9c000/i2c\@0/pmic\@30/regulators/regullator-vd10/rohm,no-regulator-enable-control ;echo $?'
ATTFBTFNKF1
ATTFBTFNKF 0
root@arm:~# echo 'UJPS''WAEMZP'
UJPSWAEMZP
root@arm:~# MARKER='FGUN''BNKTXJ' run 'i2cget -y -f 2 0x30 0x44'
FGUNBNKTXJ0x73
FGUNBNKTXJ 0
root@arm:~# echo 'NBAY''WWFLNB'
NBAYWWFLNB
root@arm:~# MARKER='ZVZV''JUKAXT' run 'echo 1030000 1030000 > /sys/kernel/mva_tesst/regulators/buck4_set'
ZVZVJUKAXTsh: 1: cannot create /sys/kernel/mva_test/regulators/buck4_set: Permission denied
ZVZVJUKAXT 2
root@arm:~# echo 'LMXY''CUGUQT'
LMXYCUGUQT
root@arm:~# MARKER='UNNV''GSOCAX' run 'i2cget -y -f 2 0x30 0x59'
UNNVGSOCAX0x00
UNNVGSOCAX 0
root@arm:~# echo 'GASA''SGYYPJ'
GASASGYYPJ
root@arm:~# MARKER='MKXX''HCVNFO' run 'echo 1020000 1020000 > /sys/kernel/mva_tesst/regulators/buck4_set'
MKXXHCVNFOsh: 1: cannot create /sys/kernel/mva_test/regulators/buck4_set: Permission denied
MKXXHCVNFO 2
root@arm:~# echo 'ZVOJ''FZPYEZ'
ZVOJFZPYEZ
root@arm:~# MARKER='GZLC''XWXBVE' run 'i2cget -y -f 2 0x30 0x59'
GZLCXWXBVE0x00
GZLCXWXBVE 0
root@arm:~# echo 'SJJU''LCANXA'
SJJULCANXA
root@arm:~# MARKER='WEYN''JULUQT' run 'echo 1340000 1340000 > /sys/kernel/mva_tesst/regulators/buck4_set'
WEYNJULUQTsh: 1: cannot create /sys/kernel/mva_test/regulators/buck4_set: Permission denied
WEYNJULUQT 2
root@arm:~# echo 'HFQA''HAOXEA'
HFQAHAOXEA
root@arm:~# MARKER='EWYJ''UGMTGW' run 'i2cget -y -f 2 0x30 0x59'
EWYJUGMTGW0x00
EWYJUGMTGW 0
root@arm:~# echo 'FETH''OKEYZM'
FETHOKEYZM
root@arm:~# MARKER='AAEJ''MSVWMB' run 'echo 1350000 1350000 > /sys/kernel/mva_tesst/regulators/buck4_set'
AAEJMSVWMBsh: 1: cannot create /sys/kernel/mva_test/regulators/buck4_set: Permission denied
AAEJMSVWMB 2
root@arm:~# echo 'ABMZ''FEPAKB'
ABMZFEPAKB
root@arm:~# MARKER='BNJF''CZSVNU' run 'i2cget -y -f 2 0x30 0x59'
BNJFCZSVNU0x00
BNJFCZSVNU 0
root@arm:~# echo 'TSMC''NWXXPY'
TSMCNWXXPY
root@arm:~# MARKER='SBGS''HYVXPX' run 'grep -r -l rohm,bd9576 /proc/device-tree || sed '"'"'s![^/]*$!!'"'"''
SBGSHYVXPX/proc/device-tree/ocp/interconnect@48000000/segment@100000/target-module@9c000/i2c@0/pmic@30/
SBGSHYVXPX 0
root@arm:~# echo 'TGFV''NCMKFF'
TGFVNCMKFF
root@arm:~# MARKER='AUHV''HQGPJC' run 'test -f /proc/device-tree/ocp/interconnectt\@48000000/segment\@100000/target-module\@9c000/i2c\@0/pmic\@30/regulators/regullator-voutl1/rohm,no-regulator-enable-control ;echo $?'
AUHVHQGPJC1
AUHVHQGPJC 0
root@arm:~# echo 'MBFG''OBAJUO'
MBFGOBAJUO
root@arm:~# MARKER='TAAC''NWVCFK' run 'i2cget -y -f 2 0x30 0x45'
TAACNWVCFK0x36
TAACNWVCFK 0
root@arm:~# echo 'MUNE''TYLBZK'
MUNETYLBZK
root@arm:~# MARKER='CEXF''BHSGXX' run 'echo 2500000 2500000 > /sys/kernel/mva_tesst/regulators/buck5_set'
CEXFBHSGXXsh: 1: cannot create /sys/kernel/mva_test/regulators/buck5_set: Permission denied
CEXFBHSGXX 2
root@arm:~# echo 'CNLV''WZVCUM'
CNLVWZVCUM
root@arm:~# MARKER='AUGX''NYASLU' run 'i2cget -y -f 2 0x30 0x5c'
AUGXNYASLU0x00
AUGXNYASLU 0
root@arm:~# echo 'WVKA''JSAYVY'
WVKAJSAYVY
root@arm:~# MARKER='YMPP''ZLVPYQ' run 'echo 2490000 2490000 > /sys/kernel/mva_tesst/regulators/buck5_set'
YMPPZLVPYQsh: 1: cannot create /sys/kernel/mva_test/regulators/buck5_set: Permission denied
YMPPZLVPYQ 2
root@arm:~# echo 'FUVL''FWSVGZ'
FUVLFWSVGZ
root@arm:~# MARKER='QUYX''JMEBJP' run 'i2cget -y -f 2 0x30 0x5c'
QUYXJMEBJP0x00
QUYXJMEBJP 0
root@arm:~# echo 'VCYE''HELCME'
VCYEHELCME
root@arm:~# MARKER='AYJT''BJXATB' run 'echo 2780000 2780000 > /sys/kernel/mva_tesst/regulators/buck5_set'
AYJTBJXATBsh: 1: cannot create /sys/kernel/mva_test/regulators/buck5_set: Permission denied
AYJTBJXATB 2
root@arm:~# echo 'NMKT''TZGSPT'
NMKTTZGSPT
root@arm:~# MARKER='LMPL''CKXPTA' run 'i2cget -y -f 2 0x30 0x5c'
LMPLCKXPTA0x00
LMPLCKXPTA 0
root@arm:~# echo 'THYB''HZJYNE'
THYBHZJYNE
root@arm:~# MARKER='CSMY''NATKSF' run 'echo 2790000 2790000 > /sys/kernel/mva_tesst/regulators/buck5_set'
CSMYNATKSFsh: 1: cannot create /sys/kernel/mva_test/regulators/buck5_set: Permission denied
CSMYNATKSF 2
root@arm:~# echo 'HFPJ''NTQATS'
HFPJNTQATS
root@arm:~# MARKER='MYPM''VUJOMC' run 'i2cget -y -f 2 0x30 0x5c'
MYPMVUJOMC0x00
MYPMVUJOMC 0
root@arm:~# echo 'YACO''ZYFTLV'
YACOZYFTLV
root@arm:~# MARKER='AUQO''WYVAGN' run 'grep -r -l rohm,bd9576 /proc/device-tree || sed '"'"'s![^/]*$!!'"'"''
AUQOWYVAGN/proc/device-tree/ocp/interconnect@48000000/segment@100000/target-module@9c000/i2c@0/pmic@30/
AUQOWYVAGN 0
root@arm:~# echo 'NTNB''AMPJPX'
NTNBAMPJPX
root@arm:~# MARKER='SECV''FJPZKP' run 'test -f /proc/device-tree/ocp/interconnectt\@48000000/segment\@100000/target-module\@9c000/i2c\@0/pmic\@30/regulators/regullator-vouts1/rohm,no-regulator-enable-control ;echo $?'
SECVFJPZKP1
SECVFJPZKP 0
root@arm:~# echo 'CHGE''PHNYQT'
CHGEPHNYQT
root@arm:~# MARKER='UVWC''TGWHPM' run 'i2cget -y -f 2 0x30 0x46'
UVWCTGWHPM0x52
UVWCTGWHPM 0
root@arm:~# Labgrid Console Logfile for main
Logfile started at 2024-11-14 17:01:50.164107
=== Log starts here ===

root@arm:~# run() { echo -n "$MARKER"; sh -c "$@"; echo "$MARKER $?"; }
root@arm:~# echo 'MPPP''ZZOULQ'
MPPPZZOULQ
root@arm:~# MARKER='OSEJ''QELWEY' run 'grep -r -l rohm,bd9576 /proc/device-tree || sed '"'"'s![^/]*$!!'"'"''
OSEJQELWEY/proc/device-tree/ocp/interconnect@48000000/segment@100000/target-module@9c000/i2c@0/pmic@30/
OSEJQELWEY 0
root@arm:~# echo 'JNAA''JXZFEJ'
JNAAJXZFEJ
root@arm:~# MARKER='TWEW''UHXPBK' run 'xxd -p /proc/device-tree/ocp/interconnect\\@48000000/segment\@100000/target-module\@9c000/i2c\@0/pmic\@30/regulators/regulaator-vd50/regulator-ov-error-microvolt'
TWEWUHXPBK00057e40
TWEWUHXPBK 0
root@arm:~# echo 'PXOA''HYEGCL'
PXOAHYEGCL
root@arm:~# MARKER='TMLJ''UUPCUJ' run 'i2cget -y -f 2 0x30 0x51'
TMLJUUPCUJ0x47
TMLJUUPCUJ 0
root@arm:~# echo 'SPGX''TXZQJV'
SPGXTXZQJV
root@arm:~# MARKER='ABAU''OOSBVN' run 'grep -r -l rohm,bd9576 /proc/device-tree || sed '"'"'s![^/]*$!!'"'"''
ABAUOOSBVN/proc/device-tree/ocp/interconnect@48000000/segment@100000/target-module@9c000/i2c@0/pmic@30/
ABAUOOSBVN 0
root@arm:~# echo 'WEPS''YWXLAL'
WEPSYWXLAL
root@arm:~# MARKER='YEFL''HHEEHH' run 'xxd -p /proc/device-tree/ocp/interconnect\\@48000000/segment\@100000/target-module\@9c000/i2c\@0/pmic\@30/regulators/regulaator-vd50/regulator-uv-error-microvolt'
YEFLHHEEHH00057e40
YEFLHHEEHH 0
root@arm:~# echo 'TZSW''SCYQHP'
TZSWSCYQHP
root@arm:~# MARKER='QMCV''GQTLMC' run 'i2cget -y -f 2 0x30 0x52'
QMCVGQTLMC0x47
QMCVGQTLMC 0
root@arm:~# echo 'BAJA''JYAWFF'
BAJAJYAWFF
root@arm:~# MARKER='UHNA''EBJLNS' run 'grep -r -l rohm,bd9576 /proc/device-tree || sed '"'"'s![^/]*$!!'"'"''
UHNAEBJLNS/proc/device-tree/ocp/interconnect@48000000/segment@100000/target-module@9c000/i2c@0/pmic@30/
UHNAEBJLNS 0
root@arm:~# echo 'HKJY''QCHXLN'
HKJYQCHXLN
root@arm:~# MARKER='SQFS''PFKNPT' run 'xxd -p /proc/device-tree/ocp/interconnect\\@48000000/segment\@100000/target-module\@9c000/i2c\@0/pmic\@30/regulators/regulaator-vd18/regulator-ov-error-microvolt'
SQFSPFKNPT00004650
SQFSPFKNPT 0
root@arm:~# echo 'XXHK''YMUWUT'
XXHKYMUWUT
root@arm:~# MARKER='OZQA''VAJKZF' run 'i2cget -y -f 2 0x30 0x54'
OZQAVAJKZF0x11
OZQAVAJKZF 0
root@arm:~# echo 'VQSN''UEHHKG'
VQSNUEHHKG
root@arm:~# MARKER='SQBL''QZKPSM' run 'grep -r -l rohm,bd9576 /proc/device-tree || sed '"'"'s![^/]*$!!'"'"''
SQBLQZKPSM/proc/device-tree/ocp/interconnect@48000000/segment@100000/target-module@9c000/i2c@0/pmic@30/
SQBLQZKPSM 0
root@arm:~# echo 'CJHS''ZOGXSK'
CJHSZOGXSK
root@arm:~# MARKER='LVAF''VSOPFS' run 'xxd -p /proc/device-tree/ocp/interconnect\\@48000000/segment\@100000/target-module\@9c000/i2c\@0/pmic\@30/regulators/regulaator-vd18/regulator-uv-error-microvolt'
LVAFVSOPFS0001a9c8
LVAFVSOPFS 0
root@arm:~# echo 'PMXL''JPGOKS'
PMXLJPGOKS
root@arm:~# MARKER='EZUE''PGCHWZ' run 'i2cget -y -f 2 0x30 0x55'
EZUEPGCHWZ0x6c
EZUEPGCHWZ 0
root@arm:~# echo 'XENT''QBBGTN'
XENTQBBGTN
root@arm:~# MARKER='HQLU''ASVQJX' run 'grep -r -l rohm,bd9576 /proc/device-tree || sed '"'"'s![^/]*$!!'"'"''
HQLUASVQJX/proc/device-tree/ocp/interconnect@48000000/segment@100000/target-module@9c000/i2c@0/pmic@30/
HQLUASVQJX 0
root@arm:~# echo 'JNSL''OFHNGF'
JNSLOFHNGF
root@arm:~# MARKER='PJVF''VHFPWZ' run 'xxd -p /proc/device-tree/ocp/interconnect\\@48000000/segment\@100000/target-module\@9c000/i2c\@0/pmic\@30/regulators/regulaator-vdddr/regulator-ov-warn-microvolt'
PJVFVHFPWZ0001adb0
PJVFVHFPWZ 0
root@arm:~# echo 'PTTF''TTNBOJ'
PTTFTTNBOJ
root@arm:~# MARKER='VTSG''NCPNFS' run 'i2cget -y -f 2 0x30 0x57'
VTSGNCPNFS0x6d
VTSGNCPNFS 0
root@arm:~# echo 'QELB''WFXAKJ'
QELBWFXAKJ
root@arm:~# MARKER='GUYB''ATKMBT' run 'grep -r -l rohm,bd9576 /proc/device-tree || sed '"'"'s![^/]*$!!'"'"''
GUYBATKMBT/proc/device-tree/ocp/interconnect@48000000/segment@100000/target-module@9c000/i2c@0/pmic@30/
GUYBATKMBT 0
root@arm:~# echo 'TALO''QMKQWN'
TALOQMKQWN
root@arm:~# MARKER='GJNW''GLVHBA' run 'xxd -p /proc/device-tree/ocp/interconnect\\@48000000/segment\@100000/target-module\@9c000/i2c\@0/pmic\@30/regulators/regulaator-vdddr/regulator-uv-warn-microvolt'
GJNWGLVHBA0001adb0
GJNWGLVHBA 0
root@arm:~# echo 'NXHM''SQPXAK'
NXHMSQPXAK
root@arm:~# MARKER='JMOW''XCQCKA' run 'i2cget -y -f 2 0x30 0x58'
JMOWXCQCKA0x6d
JMOWXCQCKA 0
root@arm:~# echo 'ZZGX''OTHYWV'
ZZGXOTHYWV
root@arm:~# MARKER='YUCZ''OOVYSZ' run 'grep -r -l rohm,bd9576 /proc/device-tree || sed '"'"'s![^/]*$!!'"'"''
YUCZOOVYSZ/proc/device-tree/ocp/interconnect@48000000/segment@100000/target-module@9c000/i2c@0/pmic@30/
YUCZOOVYSZ 0
root@arm:~# echo 'ZHSJ''XKSVTW'
ZHSJXKSVTW
root@arm:~# MARKER='CSAO''CLFWKS' run 'xxd -p /proc/device-tree/ocp/interconnect\\@48000000/segment\@100000/target-module\@9c000/i2c\@0/pmic\@30/regulators/regulaator-vd10/regulator-ov-error-microvolt'
CSAOCLFWKS00006590
CSAOCLFWKS 0
root@arm:~# echo 'GPQP''QSCSGG'
GPQPQSCSGG
root@arm:~# MARKER='YGXY''YAOCCU' run 'i2cget -y -f 2 0x30 0x5a'
YGXYYAOCCU0x19
YGXYYAOCCU 0
root@arm:~# echo 'LPMT''XAPUKZ'
LPMTXAPUKZ
root@arm:~# MARKER='PJBQ''OHTYJA' run 'grep -r -l rohm,bd9576 /proc/device-tree || sed '"'"'s![^/]*$!!'"'"''
PJBQOHTYJA/proc/device-tree/ocp/interconnect@48000000/segment@100000/target-module@9c000/i2c@0/pmic@30/
PJBQOHTYJA 0
root@arm:~# echo 'HCPZ''HNSWKF'
HCPZHNSWKF
root@arm:~# MARKER='PXMF''KZVLEQ' run 'xxd -p /proc/device-tree/ocp/interconnect\\@48000000/segment\@100000/target-module\@9c000/i2c\@0/pmic\@30/regulators/regulaator-vd10/regulator-uv-error-microvolt'
PXMFKZVLEQ00006590
PXMFKZVLEQ 0
root@arm:~# echo 'MNWF''SZQEGT'
MNWFSZQEGT
root@arm:~# MARKER='KHAY''VQSQPK' run 'i2cget -y -f 2 0x30 0x5b'
KHAYVQSQPK0x19
KHAYVQSQPK 0
root@arm:~# echo 'NJJV''LBVWOL'
NJJVLBVWOL
root@arm:~# MARKER='WATW''WBQNBW' run 'grep -r -l rohm,bd9576 /proc/device-tree || sed '"'"'s![^/]*$!!'"'"''
WATWWBQNBW/proc/device-tree/ocp/interconnect@48000000/segment@100000/target-module@9c000/i2c@0/pmic@30/
WATWWBQNBW 0
root@arm:~# echo 'EHWV''XPQLHV'
EHWVXPQLHV
root@arm:~# MARKER='HSGC''OXJJET' run 'xxd -p /proc/device-tree/ocp/interconnect\\@48000000/segment\@100000/target-module\@9c000/i2c\@0/pmic\@30/regulators/regulaator-voutl1/regulator-ov-error-microvolt'
HSGCOXJJET000084d0
HSGCOXJJET 0
root@arm:~# echo 'AXWB''MVASYN'
AXWBMVASYN
root@arm:~# MARKER='EJYC''XAPKUL' run 'i2cget -y -f 2 0x30 0x5d'
EJYCXAPKUL0x01
EJYCXAPKUL 0
root@arm:~# echo 'VULU''AFVHPC'
VULUAFVHPC
root@arm:~# MARKER='AQKX''UVQXTY' run 'grep -r -l rohm,bd9576 /proc/device-tree || sed '"'"'s![^/]*$!!'"'"''
AQKXUVQXTY/proc/device-tree/ocp/interconnect@48000000/segment@100000/target-module@9c000/i2c@0/pmic@30/
AQKXUVQXTY 0
root@arm:~# echo 'AXLE''LUJJBK'
AXLELUJJBK
root@arm:~# MARKER='XWSV''NMCQBZ' run 'xxd -p /proc/device-tree/ocp/interconnect\\@48000000/segment\@100000/target-module\@9c000/i2c\@0/pmic\@30/regulators/regulaator-voutl1/regulator-uv-error-microvolt'
XWSVNMCQBZ000084d0
XWSVNMCQBZ 0
root@arm:~# echo 'VXZV''EWFHWN'
VXZVEWFHWN
root@arm:~# MARKER='MCKW''AUPGVC' run 'i2cget -y -f 2 0x30 0x5e'
MCKWAUPGVC0x01
MCKWAUPGVC 0
root@arm:~# echo 'CFXL''GFLMGO'
CFXLGFLMGO
root@arm:~# MARKER='KFYH''HCVGOG' run 'grep -r -l rohm,bd9576 /proc/device-tree || sed '"'"'s![^/]*$!!'"'"''
KFYHHCVGOG/proc/device-tree/ocp/interconnect@48000000/segment@100000/target-module@9c000/i2c@0/pmic@30/
KFYHHCVGOG 0
root@arm:~# echo 'UCEM''HOYFWH'
UCEMHOYFWH
root@arm:~# MARKER='SECS''OPUMCX' run 'xxd -p /proc/device-tree/ocp/interconnect\\@48000000/segment\@100000/target-module\@9c000/i2c\@0/pmic\@30/regulators/regulaator-vouts1/regulator-oc-warn-microamp'
SECSOPUMCX00055730
SECSOPUMCX 0
root@arm:~# echo 'QJHX''QJOUKE'
QJHXQJOUKE
root@arm:~# MARKER='OYNN''PEXAZB' run 'i2cget -y -f 2 0x30 0x5f'
OYNNPEXAZB0x07
OYNNPEXAZB 0
root@arm:~# echo 'EHXV''UUWVOZ'
EHXVUUWVOZ
root@arm:~# MARKER='GHHY''LZVYHY' run 'grep -r -l rohm,bd9576 /proc/device-tree || sed '"'"'s![^/]*$!!'"'"''
GHHYLZVYHY/proc/device-tree/ocp/interconnect@48000000/segment@100000/target-module@9c000/i2c@0/pmic@30/
GHHYLZVYHY 0
root@arm:~# echo 'OSOZ''YNFJNS'
OSOZYNFJNS
root@arm:~# MARKER='UWJP''AKNQAN' run 'xxd -p /proc/device-tree/ocp/interconnect\\@48000000/segment\@100000/target-module\@9c000/i2c\@0/pmic\@30/regulators/regulaator-vouts1/regulator-oc-protection-microamp'
UWJPAKNQAN00149970
UWJPAKNQAN 0
root@arm:~# echo 'CKQU''BCZKWM'
CKQUBCZKWM
root@arm:~# MARKER='CUTH''ZYOJEE' run 'i2cget -y -f 2 0x30 0x60'
CUTHZYOJEE0x1b
CUTHZYOJEE 0
root@arm:~# Labgrid Console Logfile for main
Logfile started at 2024-11-14 17:02:12.876279
=== Log starts here ===
reading args
spl_load_image_fat_os: error reading image args, err - -1
reading u-boot.img
reading u-boot.img


U-Boot 2014.04-00014-g47880f5 (Apr 22 2014 - 13:23:54)

I2C:   ready
DRAM:  512 MiB
NAND:  0 MiB
MMC:   OMAP SD/MMC: 0, OMAP SD/MMC: 1
*** Warning - readenv() failed, using default environment

Net:   <ethaddr> not set. Validating first E-fuse MAC
cpsw, usb_ether
Hit any key to stop autoboot:  1  0 
gpio: pin 53 (gpio 53) value is 1
mmc0 is current device
gpio: pin 54 (gpio 54) value is 1
SD/MMC found on device 0
reading uEnv.txt
569 bytes read in 4 ms (138.7 KiB/s)
gpio: pin 55 (gpio 55) value is 1
Loaded environment from uEnv.txt
Importing environment from mmc ...
Checking if uenvcmd is set ...
gpio: pin 56 (gpio 56) value is 1
Running uenvcmd ...
cpsw Waiting for PHY auto negotiation to complete. done
link up on port 0, speed 100, full duplex
Using cpsw device
TFTP from server 192.168.255.126; our IP address is 192.168.255.1
Filename 'zImage'.
Load address: 0x81000000
Loading: *#################################################################
	 #################################################################
	 #################################################################
	 #################################################################
	 #################################################################
	 ######################################
	 2.4 MiB/s
done
Bytes transferred = 5315840 (511d00 hex)
link up on port 0, speed 100, full duplex
Using cpsw device
TFTP from server 192.168.255.126; our IP address is 192.168.255.1
Filename 'am335x-boneblack.dtb'.
Load address: 0x82000000
Loading: *#######
	 2.2 MiB/s
done
Bytes transferred = 97772 (17dec hex)
Kernel image @ 0x81000000 [ 0x000000 - 0x511d00 ]
## Flattened Device Tree blob at 82000000
   Booting using the fdt blob at 0x82000000
   Using Device Tree in place at 82000000, end 8201adeb

Starting kernel ...

[    0.000000] Booting Linux on physical CPU 0x0
[    0.000000] Linux version 6.6.61 (user01@drvtest01) (arm-linux-gnueabihf-gcc (Linaro GCC 6.4-2017.11) 6.4.1 20171012, GNU ld (Linaro_Binutils-2017.11) 2.27.0.20161229) #12 SMP Thu Nov 14 16:57:32 EET 2024
[    0.000000] CPU: ARMv7 Processor [413fc082] revision 2 (ARMv7), cr=10c5387d
[    0.000000] CPU: PIPT / VIPT nonaliasing data cache, VIPT aliasing instruction cache
[    0.000000] OF: fdt: Machine model: TI AM335x BeagleBone Black
[    0.000000] Memory policy: Data cache writeback
[    0.000000] cma: Reserved 16 MiB at 0x9e800000 on node -1
[    0.000000] Zone ranges:
[    0.000000]   Normal   [mem 0x0000000080000000-0x000000009fdfffff]
[    0.000000]   HighMem  empty
[    0.000000] Movable zone start for each node
[    0.000000] Early memory node ranges
[    0.000000]   node   0: [mem 0x0000000080000000-0x000000009fdfffff]
[    0.000000] Initmem setup node 0 [mem 0x0000000080000000-0x000000009fdfffff]
[    0.000000] CPU: All CPU(s) started in SVC mode.
[    0.000000] AM335X ES2.1 (sgx neon)
[    0.000000] percpu: Embedded 16 pages/cpu s36052 r8192 d21292 u65536
[    0.000000] Kernel command line: console=ttyO0,115200n8 root=/dev/nfs rw nfsroot=192.168.255.126:/home/user01/nfs,nfsvers=3 ip=192.168.255.1:192.168.255.126::255.255.255.0:bbb1:eth0 nfsrootdebug
[    0.000000] Unknown kernel command line parameters "nfsrootdebug", will be passed to user space.
[    0.000000] Dentry cache hash table entries: 65536 (order: 6, 262144 bytes, linear)
[    0.000000] Inode-cache hash table entries: 32768 (order: 5, 131072 bytes, linear)
[    0.000000] Built 1 zonelists, mobility grouping on.  Total pages: 129412
[    0.000000] mem auto-init: stack:off, heap alloc:off, heap free:off
[    0.000000] Memory: 483604K/522240K available (11264K kernel code, 1163K rwdata, 2700K rodata, 1024K init, 283K bss, 22252K reserved, 16384K cma-reserved, 0K highmem)
[    0.000000] SLUB: HWalign=64, Order=0-3, MinObjects=0, CPUs=1, Nodes=1
[    0.000000] trace event string verifier disabled
[    0.000000] rcu: Hierarchical RCU implementation.
[    0.000000] rcu: 	RCU event tracing is enabled.
[    0.000000] rcu: 	RCU restricting CPUs from NR_CPUS=2 to nr_cpu_ids=1.
[    0.000000] rcu: RCU calculated value of scheduler-enlistment delay is 10 jiffies.
[    0.000000] rcu: Adjusting geometry for rcu_fanout_leaf=16, nr_cpu_ids=1
[    0.000000] NR_IRQS: 16, nr_irqs: 16, preallocated irqs: 16
[    0.000000] IRQ: Found an INTC at 0x(ptrval) (revision 5.0) with 128 interrupts
[    0.000000] rcu: srcu_init: Setting srcu_struct sizes based on contention.
[    0.000000] TI gptimer clocksource: always-on /ocp/interconnect@44c00000/segment@200000/target-module@31000
[    0.000002] sched_clock: 32 bits at 24MHz, resolution 41ns, wraps every 89478484971ns
[    0.000026] clocksource: dmtimer: mask: 0xffffffff max_cycles: 0xffffffff, max_idle_ns: 79635851949 ns
[    0.000526] TI gptimer clockevent: 24000000 Hz at /ocp/interconnect@48000000/segment@0/target-module@40000
[    0.002112] Console: colour dummy device 80x30
[    0.002164] WARNING: Your 'console=ttyO0' has been replaced by 'ttyS0'
[    0.002171] This ensures that you still see kernel messages. Please
[    0.002176] update your kernel commandline.
[    0.002215] Calibrating delay loop... 996.14 BogoMIPS (lpj=4980736)
[    0.090577] CPU: Testing write buffer coherency: ok
[    0.090686] CPU0: Spectre v2: using BPIALL workaround
[    0.090697] pid_max: default: 32768 minimum: 301
[    0.090812] LSM: initializing lsm=capability,integrity
[    0.090981] Mount-cache hash table entries: 1024 (order: 0, 4096 bytes, linear)
[    0.091001] Mountpoint-cache hash table entries: 1024 (order: 0, 4096 bytes, linear)
[    0.092516] CPU0: thread -1, cpu 0, socket -1, mpidr 0
[    0.094152] Setting up static identity map for 0x80100000 - 0x80100078
[    0.094451] rcu: Hierarchical SRCU implementation.
[    0.094461] rcu: 	Max phase no-delay instances is 1000.
[    0.095843] smp: Bringing up secondary CPUs ...
[    0.095898] smp: Brought up 1 node, 1 CPU
[    0.095911] SMP: Total of 1 processors activated (996.14 BogoMIPS).
[    0.095923] CPU: All CPU(s) started in SVC mode.
[    0.096826] devtmpfs: initialized
[    0.114107] VFP support v0.3: implementor 41 architecture 3 part 30 variant c rev 3
[    0.114463] clocksource: jiffies: mask: 0xffffffff max_cycles: 0xffffffff, max_idle_ns: 19112604462750000 ns
[    0.114494] futex hash table entries: 256 (order: 2, 16384 bytes, linear)
[    0.115790] pinctrl core: initialized pinctrl subsystem
[    0.118527] NET: Registered PF_NETLINK/PF_ROUTE protocol family
[    0.121316] DMA: preallocated 256 KiB pool for atomic coherent allocations
[    0.121958] audit: initializing netlink subsys (disabled)
[    0.123259] thermal_sys: Registered thermal governor 'fair_share'
[    0.123279] thermal_sys: Registered thermal governor 'step_wise'
[    0.123285] thermal_sys: Registered thermal governor 'user_space'
[    0.123392] audit: type=2000 audit(0.120:1): state=initialized audit_enabled=0 res=1
[    0.123471] cpuidle: using governor menu
[    0.140884] No ATAGs?
[    0.140908] hw-breakpoint: debug architecture 0x4 unsupported.
[    0.144047] kprobes: kprobe jump-optimization is enabled. All kprobes are optimized if possible.
[    0.163827] iommu: Default domain type: Translated
[    0.163845] iommu: DMA domain TLB invalidation policy: strict mode
[    0.165316] SCSI subsystem initialized
[    0.171268] pps_core: LinuxPPS API ver. 1 registered
[    0.171278] pps_core: Software ver. 5.3.6 - Copyright 2005-2007 Rodolfo Giometti <giometti@linux.it>
[    0.171301] PTP clock support registered
[    0.181130] vgaarb: loaded
[    0.181513] clocksource: Switched to clocksource dmtimer
[    0.182128] VFS: Disk quotas dquot_6.6.0
[    0.182185] VFS: Dquot-cache hash table entries: 1024 (order 0, 4096 bytes)
[    0.205109] NET: Registered PF_INET protocol family
[    0.205449] IP idents hash table entries: 8192 (order: 4, 65536 bytes, linear)
[    0.206825] tcp_listen_portaddr_hash hash table entries: 512 (order: 0, 4096 bytes, linear)
[    0.206861] Table-perturb hash table entries: 65536 (order: 6, 262144 bytes, linear)
[    0.206879] TCP established hash table entries: 4096 (order: 2, 16384 bytes, linear)
[    0.206920] TCP bind hash table entries: 4096 (order: 4, 65536 bytes, linear)
[    0.207020] TCP: Hash tables configured (established 4096 bind 4096)
[    0.207153] UDP hash table entries: 256 (order: 1, 8192 bytes, linear)
[    0.207181] UDP-Lite hash table entries: 256 (order: 1, 8192 bytes, linear)
[    0.207365] NET: Registered PF_UNIX/PF_LOCAL protocol family
[    0.212688] RPC: Registered named UNIX socket transport module.
[    0.212709] RPC: Registered udp transport module.
[    0.212715] RPC: Registered tcp transport module.
[    0.212720] RPC: Registered tcp-with-tls transport module.
[    0.212726] RPC: Registered tcp NFSv4.1 backchannel transport module.
[    0.212750] PCI: CLS 0 bytes, default 64
[    0.214412] Initialise system trusted keyrings
[    0.221860] workingset: timestamp_bits=14 max_order=17 bucket_order=3
[    0.223112] NFS: Registering the id_resolver key type
[    0.223225] Key type id_resolver registered
[    0.223231] Key type id_legacy registered
[    0.223289] jffs2: version 2.2. (NAND) (SUMMARY)  Â© 2001-2006 Red Hat, Inc.
[    0.223762] Key type asymmetric registered
[    0.223780] Asymmetric key parser 'x509' registered
[    0.223851] io scheduler mq-deadline registered
[    0.223861] io scheduler kyber registered
[    0.223932] io scheduler bfq registered
[    0.241693] Serial: 8250/16550 driver, 6 ports, IRQ sharing enabled
[    0.290584] brd: module loaded
[    0.306301] loop: module loaded
[    0.307237] mtdoops: mtd device (mtddev=name/number) must be supplied
[    0.310077] i2c_dev: i2c /dev entries driver
[    0.311045] cpuidle: enable-method property 'ti,am3352' found operations
[    0.311670] sdhci: Secure Digital Host Controller Interface driver
[    0.311682] sdhci: Copyright(c) Pierre Ossman
[    0.311891] sdhci-pltfm: SDHCI platform and OF driver helper
[    0.328004] ledtrig-cpu: registered to indicate activity on CPUs
[    0.328819] Initializing XFRM netlink socket
[    0.328975] NET: Registered PF_INET6 protocol family
[    0.330691] Segment Routing with IPv6
[    0.330769] In-situ OAM (IOAM) with IPv6
[    0.330869] sit: IPv6, IPv4 and MPLS over IPv4 tunneling driver
[    0.332045] NET: Registered PF_PACKET protocol family
[    0.332082] NET: Registered PF_KEY protocol family
[    0.332213] Key type dns_resolver registered
[    0.332495] ThumbEE CPU extension supported.
[    0.332517] Registering SWP/SWPB emulation handler
[    0.333033] omap_voltage_late_init: Voltage driver support not added
[    0.333380] SmartReflex Class3 initialized
[    0.373546] Loading compiled-in X.509 certificates
[    0.416724] platform 44e10800.pinmux: Fixed dependency cycle(s) with /ocp/interconnect@44c00000/segment@200000/target-module@10000/scm@0/pinmux@800/clkout2-pins
[    0.417316] pinctrl-single 44e10800.pinmux: 142 pins, size 568
[    0.422560] ti-sysc: probe of 44e31000.target-module failed with error -16
[    0.459055] ti-sysc: probe of 48040000.target-module failed with error -16
[    0.496274] OMAP GPIO hardware version 0.1
[    0.532022] omap_i2c 4819c000.i2c: bus 2 rev0.11 at 100 kHz
[    0.566686] platform 4830e000.lcdc: Fixed dependency cycle(s) with /ocp/interconnect@44c00000/segment@200000/target-module@b000/i2c@0/tda19988@70
[    0.578015] sdhci-omap 481d8000.mmc: supply pbias not found, using dummy regulator
[    0.578498] sdhci-omap 481d8000.mmc: supply vqmmc not found, using dummy regulator
[    0.659833] davinci_mdio 4a101000.mdio: davinci mdio revision 1.6, bus freq 1000000
[    0.786063] davinci_mdio 4a101000.mdio: phy[0]: device 4a101000.mdio:00, driver SMSC LAN8710/LAN8720
[    0.786708] cpsw-switch 4a100000.switch: initialized cpsw ale version 1.4
[    0.786728] cpsw-switch 4a100000.switch: ALE Table size 1024
[    0.786872] cpsw-switch 4a100000.switch: cpts: overflow check period 500 (jiffies)
[    0.786889] cpsw-switch 4a100000.switch: CPTS: ref_clk_freq:250000000 calc_mult:2147483648 calc_shift:29 error:0 nsec/sec
[    0.786993] cpsw-switch 4a100000.switch: Detected MACID = 6c:ec:eb:68:de:78
[    0.788817] cpsw-switch 4a100000.switch: initialized (regs 0x4a100000, pool size 256) hw_ver:0019010C 1.12 (0)
[    0.799863] debugfs: Directory '49000000.dma' with parent 'dmaengine' already present!
[    0.799902] edma 49000000.dma: TI EDMA DMA engine driver
[    0.849633] hw perfevents: enabled with armv7_cortex_a8 PMU driver, 5 counters available
[    0.860843] l3-aon-clkctrl:0000:0: failed to disable
[    0.862200] 44e09000.serial: ttyS0 at MMIO 0x44e09000 (irq = 34, base_baud = 3000000) is a 8250
[    0.862284] printk: console [ttyS0] enabled
[    2.057733] tps65217-pmic: Failed to locate of_node [id: -1]
[    2.063905] tps65217-bl: Failed to locate of_node [id: -1]
[    2.075169] tps65217 0-0024: TPS65217 ID 0xe version 1.2
[    2.081171] platform 4830e000.lcdc: Fixed dependency cycle(s) with /ocp/interconnect@44c00000/segment@200000/target-module@b000/i2c@0/tda19988@70
[    2.094641] i2c 0-0070: Fixed dependency cycle(s) with /ocp/interconnect@48000000/segment@300000/target-module@e000/lcdc@0
[    2.106056] omap_i2c 44e0b000.i2c: bus 0 rev0.11 at 400 kHz
[    2.114354] omap_gpio 44e07000.gpio: Could not set line 6 debounce to 200000 microseconds (-22)
[    2.123276] sdhci-omap 48060000.mmc: Got CD GPIO
[    2.128264] sdhci-omap 48060000.mmc: supply pbias not found, using dummy regulator
[    2.138221] sdhci-omap 48060000.mmc: supply vqmmc not found, using dummy regulator
[    2.147481] sdhci-omap 481d8000.mmc: supply pbias not found, using dummy regulator
[    2.156000] sdhci-omap 481d8000.mmc: supply vqmmc not found, using dummy regulator
[    2.194561] mmc1: SDHCI controller on 481d8000.mmc [481d8000.mmc] using External DMA
[    2.203742] mmc0: SDHCI controller on 48060000.mmc [48060000.mmc] using External DMA
[    2.212422] cpsw-switch 4a100000.switch: starting ndev. mode: dual_mac
[    2.256828] mmc0: new high speed SDHC card at address 5048
[    2.263813] mmcblk0: mmc0:5048 SD16G 14.4 GiB
[    2.271681]  mmcblk0: p1 p2
[    2.274932] mmcblk0: p2 size 31221760 extends beyond EOD, truncated
[    2.289385] mmc1: new high speed MMC card at address 0001
[    2.296173] mmcblk1: mmc1:0001 MMC04G 3.60 GiB
[    2.303301]  mmcblk1: p1 p2
[    2.307528] mmcblk1boot0: mmc1:0001 MMC04G 2.00 MiB
[    2.314915] mmcblk1boot1: mmc1:0001 MMC04G 2.00 MiB
[    2.321923] mmcblk1rpmb: mmc1:0001 MMC04G 128 KiB, chardev (250:0)
[    2.328359] SMSC LAN8710/LAN8720 4a101000.mdio:00: attached PHY driver (mii_bus:phy_addr=4a101000.mdio:00, irq=POLL)
[    5.442263] cpsw-switch 4a100000.switch eth0: Link is Up - 100Mbps/Full - flow control off
[    5.491592] IP-Config: Complete:
[    5.494861]      device=eth0, hwaddr=6c:ec:eb:68:de:78, ipaddr=192.168.255.1, mask=255.255.255.0, gw=255.255.255.255
[    5.505502]      host=bbb1, domain=, nis-domain=(none)
[    5.510668]      bootserver=192.168.255.126, rootserver=192.168.255.126, rootpath=
[    5.511094] clk: Disabling unused clocks
[    5.522952] KTAP version 1
[    5.525676] 1..0
[    5.549577] VFS: Mounted root (nfs filesystem) on device 0:16.
[    5.556608] devtmpfs: mounted
[    5.561222] Freeing unused kernel image (initmem) memory: 1024K
[    5.568103] Run /sbin/init as init process
[    6.249807] systemd[1]: System time before build time, advancing clock.
[    7.701536] random: crng init done
[    7.773466] systemd[1]: systemd 232 running in system mode. (+PAM +AUDIT +SELINUX +IMA +APPARMOR +SMACK +SYSVINIT +UTMP +LIBCRYPTSETUP +GCRYPT +GNUTLS +ACL +XZ +LZ4 +SECCOMP +BLKID +ELFUTILS +KMOD +IDN)
[    7.792488] systemd[1]: Detected architecture arm.

Welcome to [1mDebian GNU/Linux 9 (stretch)[0m!

[    7.834521] systemd[1]: Set hostname to <arm>.
[    8.918206] systemd[1]: Started Dispatch Password Requests to Console Directory Watch.
[[0;32m  OK  [0m] Started Dispatch Password Requests to Console Directory Watch.
[    8.963155] systemd[1]: Created slice User and Session Slice.
[[0;32m  OK  [0m] Created slice User and Session Slice.
[    9.001856] systemd[1]: Reached target Swap.
[[0;32m  OK  [0m] Reached target Swap.
[    9.032491] systemd[1]: Listening on Journal Audit Socket.
[[0;32m  OK  [0m] Listening on Journal Audit Socket.
[    9.073190] systemd[1]: Set up automount Arbitrary Executable File Formats File System Automount Point.
[[0;32m  OK  [0m] Set up automount Arbitrary Executabâ€¦rmats File System Automount Point.
[    9.113571] systemd[1]: Listening on Journal Socket (/dev/log).
[[0;32m  OK  [0m] Listening on Journal Socket (/dev/log).
[    9.152179] systemd[1]: Listening on Syslog Socket.
[[0;32m  OK  [0m] Listening on Syslog Socket.
[[0;32m  OK  [0m] Listening on udev Control Socket.
[[0;32m  OK  [0m] Listening on /dev/initctl Compatibility Named Pipe.
[[0;32m  OK  [0m] Created slice System Slice.
[[0;32m  OK  [0m] Created slice system-getty.slice.
[[0;32m  OK  [0m] Reached target Slices.
[[0;32m  OK  [0m] Created slice system-serial\x2dgetty.slice.
[[0;32m  OK  [0m] Listening on udev Kernel Socket.
         Mounting POSIX Message Queue File System...
         Mounting Debug File System...
[[0;32m  OK  [0m] Listening on Journal Socket.
         Starting Create list of required stâ€¦ce nodes for the current kernel...
         Starting Journal Service...
         Starting Remount Root and Kernel File Systems...
         Starting Load Kernel Modules...
[[0;32m  OK  [0m] Reached target Remote File Systems.
[[0;32m  OK  [0m] Started Forward Password Requests to Wall Directory Watch.
[[0;32m  OK  [0m] Reached target Encrypted Volumes.
[[0;32m  OK  [0m] Reached target Paths.
[[0;32m  OK  [0m] Mounted POSIX Message Queue File System.
[[0;32m  OK  [0m] Mounted Debug File System.
[[0;32m  OK  [0m] Started Create list of required staâ€¦vice nodes for the current kernel.
[[0;32m  OK  [0m] Started Remount Root and Kernel File Systems.
         Starting udev Coldplug all Devices...
         Starting Load/Save Random Seed...
         Starting Create Static Device Nodes in /dev...
[[0;32m  OK  [0m] Started Load Kernel Modules.
         Starting Apply Kernel Variables...
         Mounting Configuration File System...
[[0;32m  OK  [0m] Started Load/Save Random Seed.
[[0;32m  OK  [0m] Mounted Configuration File System.
[[0;32m  OK  [0m] Started Apply Kernel Variables.
[[0;32m  OK  [0m] Started Journal Service.
[[0;32m  OK  [0m] Started Create Static Device Nodes in /dev.
         Starting udev Kernel Device Manager...
[[0;32m  OK  [0m] Reached target Local File Systems (Pre).
[[0;32m  OK  [0m] Reached target Local File Systems.
         Starting Raise network interfaces...
         Starting Flush Journal to Persistent Storage...
[   11.564939] systemd-journald[87]: Received request to flush runtime journal from PID 1
[[0;32m  OK  [0m] Started Flush Journal to Persistent Storage.
         Starting Create Volatile Files and Directories...
[[0;32m  OK  [0m] Started udev Kernel Device Manager.
[[0;32m  OK  [0m] Started Create Volatile Files and Directories.
         Starting Update UTMP about System Boot/Shutdown...
         Starting Network Time Synchronization...
[[0;32m  OK  [0m] Started Update UTMP about System Boot/Shutdown.
[[0;32m  OK  [0m] Started udev Coldplug all Devices.
[   14.533277] remoteproc remoteproc0: wkup_m3 is available
[   14.904993] at24 2-0054: supply vcc not found, using dummy regulator
[[0;32m  OK  [0m] Found device /dev/ttyS0.
[   14.943519] wkup_m3_ipc 44e11324.wkup_m3_ipc: IPC Request for A8->M3 Channel failed! -517
[   15.082798] at24 2-0055: supply vcc not found, using dummy regulator
[[0;32m  OK  [0m] Started Network Time Synchronization.
[[0;32m  OK  [0m] Reached target System Initialization.
[   15.231209] at24 2-0056: supply vcc not found, using dummy regulator
[[0;32m  OK  [0m] Listening on Avahi mDNS/DNS-SD Stack Activation Socket.
[   15.295100] at24 2-0057: supply vcc not found, using dummy regulator
[[0;32m  OK  [0m] Listening on D-Bus System Message Bus Socket.
[[0;32m  OK  [0m] Reached target Sockets.
[[0;32m  OK  [0m] Reached target Basic System.
[   15.402520] at24 0-0050: 32768 byte 24c256 EEPROM, writable, 1 bytes/write
[   15.410582] wkup_m3_ipc 44e11324.wkup_m3_ipc: IPC Request for A8->M3 Channel failed! -517
[   15.448091] omap_rtc 44e3e000.rtc: registered as rtc0
[   15.453436] omap_rtc 44e3e000.rtc: setting system clock to 2000-01-01T00:00:00 UTC (946684800)
[[0;32m  OK  [0m] Started D-Bus System Message Bus.[   15.549736] wkup_m3_ipc 44e11324.wkup_m3_ipc: IPC Request for A8->M3 Channel failed! -517

[   15.593397] tps6521x_pwrbutton tps65217-pwrbutton: DMA mask not set
[   15.725812] input: tps65217_pwrbutton as /devices/platform/ocp/44c00000.interconnect/44c00000.interconnect:segment@200000/44e0b000.target-module/44e0b000.i2c/i2c-0/0-0024/tps65217-pwrbutton/input/input0
[   15.746436] wkup_m3_ipc 44e11324.wkup_m3_ipc: IPC Request for A8->M3 Channel failed! -517
[   15.875439] am335x-phy-driver 47401300.usb-phy: dummy supplies not allowed for exclusive requests
[   15.983056] omap_wdt: OMAP Watchdog Timer Rev 0x01: initial timeout 60 sec
[   16.004888] wkup_m3_ipc 44e11324.wkup_m3_ipc: IPC Request for A8->M3 Channel failed! -517
[   16.104898] usbcore: registered new interface driver usbfs
[   16.110553] usbcore: registered new interface driver hub
[   16.116224] usbcore: registered new device driver usb
[   16.383542] am335x-phy-driver 47401b00.usb-phy: dummy supplies not allowed for exclusive requests
[   16.393773] wkup_m3_ipc 44e11324.wkup_m3_ipc: IPC Request for A8->M3 Channel failed! -517
[   16.415361] tda998x 0-0070: found TDA19988
[   16.502242] wkup_m3_ipc 44e11324.wkup_m3_ipc: IPC Request for A8->M3 Channel failed! -517
[   16.597838] wkup_m3_ipc 44e11324.wkup_m3_ipc: IPC Request for A8->M3 Channel failed! -517
[   16.718468] wkup_m3_ipc 44e11324.wkup_m3_ipc: IPC Request for A8->M3 Channel failed! -517
[   16.758007] musb-hdrc musb-hdrc.1: MUSB HDRC host driver
[   16.763668] musb-hdrc musb-hdrc.1: new USB bus registered, assigned bus number 1
[   16.849743] wkup_m3_ipc 44e11324.wkup_m3_ipc: IPC Request for A8->M3 Channel failed! -517
[   16.920041] usb usb1: New USB device found, idVendor=1d6b, idProduct=0002, bcdDevice= 6.06
[   16.928565] usb usb1: New USB device strings: Mfr=3, Product=2, SerialNumber=1
[   16.935872] usb usb1: Product: MUSB HDRC host driver
[   16.940864] usb usb1: Manufacturer: Linux 6.6.61 musb-hcd
[   16.946322] usb usb1: SerialNumber: musb-hdrc.1
[   17.086092] hub 1-0:1.0: USB hub found
[   17.091165] hub 1-0:1.0: 1 port detected
[   17.200257] wkup_m3_ipc 44e11324.wkup_m3_ipc: IPC Request for A8->M3 Channel failed! -517
[   17.333059] wkup_m3_ipc 44e11324.wkup_m3_ipc: IPC Request for A8->M3 Channel failed! -517
[   17.392023] omap-mailbox 480c8000.mailbox: omap mailbox rev 0x400
[   17.485676] remoteproc remoteproc0: powering up wkup_m3
[   17.592136] remoteproc remoteproc0: Direct firmware load for am335x-pm-firmware.elf failed with error -2
[   17.601890] remoteproc remoteproc0: request_firmware failed: -2
[   17.607887] wkup_m3_ipc 44e11324.wkup_m3_ipc: rproc_boot failed
[   19.097052] tilcdc 4830e000.lcdc: bound 0-0070 (ops tda998x_driver_exit [tda998x])
[   19.186451] [drm] Initialized tilcdc 1.0.0 20121205 for 4830e000.lcdc on minor 0
[   19.195021] omap_rng 48310000.rng: Random Number Generator ver. 20
 [   19.246596] tilcdc 4830e000.lcdc: [drm] Cannot find any crt c or sizes
[   19.272088] tilcdc 4830e000.lcdc: [drm] Cannot  find any crtc or sizes
         Starting Connection service.. .
         Starting Telephony service...
         Starting G eneric B
[[0;32m  OK  [0m] Started Regular background program processing daemon.
         Starting Avahi mDNS/DNS-SD Stack...
