Labgrid Console Logfile for main
Logfile started at 2025-11-02 15:53:22.612067
=== Log starts here ===
reading args
spl_load_image_fat_os: error reading image args, err - -1
reading u-boot.img
reading u-boot.img


U-Boot 2014.04-00014-g47880f5 (Apr 22 2014 - 13:23:54)

I2C:   ready
DRAM:  512 MiB
NAND:  0 MiB
MMC:   OMAP SD/MMC: 0, OMAP SD/MMC: 1
*** Warning - readenv() failed, using default environment

Net:   <ethaddr> not set. Validating first E-fuse MAC
cpsw, usb_ether
Hit any key to stop autoboot:  1  0 
gpio: pin 53 (gpio 53) value is 1
mmc0 is current device
gpio: pin 54 (gpio 54) value is 1
SD/MMC found on device 0
reading uEnv.txt
569 bytes read in 4 ms (138.7 KiB/s)
gpio: pin 55 (gpio 55) value is 1
Loaded environment from uEnv.txt
Importing environment from mmc ...
Checking if uenvcmd is set ...
gpio: pin 56 (gpio 56) value is 1
Running uenvcmd ...
cpsw Waiting for PHY auto negotiation to complete. done
link up on port 0, speed 100, full duplex
Using cpsw device
TFTP from server 192.168.255.126; our IP address is 192.168.255.1
Filename 'zImage'.
Load address: 0x81000000
Loading: *#################################################################
	 #################################################################
	 #################################################################
	 #################################################################
	 #################################################################
	 ####################################################
	 2.4 MiB/s
done
Bytes transferred = 5532960 (546d20 hex)
link up on port 0, speed 100, full duplex
Using cpsw device
TFTP from server 192.168.255.126; our IP address is 192.168.255.1
Filename 'am335x-boneblack.dtb'.
Load address: 0x82000000
Loading: *#######
	 2.4 MiB/s
done
Bytes transferred = 98336 (18020 hex)
Kernel image @ 0x81000000 [ 0x000000 - 0x546d20 ]
## Flattened Device Tree blob at 82000000
   Booting using the fdt blob at 0x82000000
   Using Device Tree in place at 82000000, end 8201b01f

Starting kernel ...

[    0.000000] Booting Linux on physical CPU 0x0
[    0.000000] Linux version 6.12.57 (user01@drvtest01) (arm-none-eabi-gcc (Arm GNU Toolchain 14.2.Rel1 (Build arm-14.52)) 14.2.1 20241119, GNU ld (Arm GNU Toolchain 14.2.Rel1 (Build arm-14.52)) 2.43.1.20241119) #1 SMP Sun Nov  2 15:52:04 EET 2025
[    0.000000] CPU: ARMv7 Processor [413fc082] revision 2 (ARMv7), cr=10c5387d
[    0.000000] CPU: PIPT / VIPT nonaliasing data cache, VIPT aliasing instruction cache
[    0.000000] OF: fdt: Machine model: TI AM335x BeagleBone Black
[    0.000000] Memory policy: Data cache writeback
[    0.000000] cma: Reserved 16 MiB at 0x9e800000 on node -1
[    0.000000] Zone ranges:
[    0.000000]   Normal   [mem 0x0000000080000000-0x000000009fdfffff]
[    0.000000]   HighMem  empty
[    0.000000] Movable zone start for each node
[    0.000000] Early memory node ranges
[    0.000000]   node   0: [mem 0x0000000080000000-0x000000009fdfffff]
[    0.000000] Initmem setup node 0 [mem 0x0000000080000000-0x000000009fdfffff]
[    0.000000] OF: reserved mem: Reserved memory: No reserved-memory node in the DT
[    0.000000] CPU: All CPU(s) started in SVC mode.
[    0.000000] AM335X ES2.1 (sgx neon)
[    0.000000] percpu: Embedded 17 pages/cpu s40396 r8192 d21044 u69632
[    0.000000] Kernel command line: console=ttyO0,115200n8 root=/dev/nfs rw nfsroot=192.168.255.126:/home/user01/nfs,nfsvers=3 ip=192.168.255.1:192.168.255.126::255.255.255.0:bbb1:eth0 nfsrootdebug
[    0.000000] Unknown kernel command line parameters "nfsrootdebug", will be passed to user space.
[    0.000000] Dentry cache hash table entries: 65536 (order: 6, 262144 bytes, linear)
[    0.000000] Inode-cache hash table entries: 32768 (order: 5, 131072 bytes, linear)
[    0.000000] Built 1 zonelists, mobility grouping on.  Total pages: 130560
[    0.000000] mem auto-init: stack:off, heap alloc:off, heap free:off
[    0.000000] SLUB: HWalign=64, Order=0-3, MinObjects=0, CPUs=1, Nodes=1
[    0.000000] rcu: Hierarchical RCU implementation.
[    0.000000] rcu: 	RCU event tracing is enabled.
[    0.000000] rcu: 	RCU restricting CPUs from NR_CPUS=2 to nr_cpu_ids=1.
[    0.000000] rcu: RCU calculated value of scheduler-enlistment delay is 10 jiffies.
[    0.000000] rcu: Adjusting geometry for rcu_fanout_leaf=16, nr_cpu_ids=1
[    0.000000] NR_IRQS: 16, nr_irqs: 16, preallocated irqs: 16
[    0.000000] IRQ: Found an INTC at 0x(ptrval) (revision 5.0) with 128 interrupts
[    0.000000] rcu: srcu_init: Setting srcu_struct sizes based on contention.
[    0.000000] TI gptimer clocksource: always-on /ocp/interconnect@44c00000/segment@200000/target-module@31000
[    0.000003] sched_clock: 32 bits at 24MHz, resolution 41ns, wraps every 89478484971ns
[    0.000026] clocksource: dmtimer: mask: 0xffffffff max_cycles: 0xffffffff, max_idle_ns: 79635851949 ns
[    0.000484] TI gptimer clockevent: 24000000 Hz at /ocp/interconnect@48000000/segment@0/target-module@40000
[    0.002084] Console: colour dummy device 80x30
[    0.002146] WARNING: Your 'console=ttyO0' has been replaced by 'ttyS0'
[    0.002155] This ensures that you still see kernel messages. Please
[    0.002159] update your kernel commandline.
[    0.002200] Calibrating delay loop... 996.14 BogoMIPS (lpj=4980736)
[    0.090528] CPU: Testing write buffer coherency: ok
[    0.090637] CPU0: Spectre v2: using BPIALL workaround
[    0.090647] pid_max: default: 32768 minimum: 301
[    0.090770] LSM: initializing lsm=capability
[    0.090937] Mount-cache hash table entries: 1024 (order: 0, 4096 bytes, linear)
[    0.090959] Mountpoint-cache hash table entries: 1024 (order: 0, 4096 bytes, linear)
[    0.092513] CPU0: thread -1, cpu 0, socket -1, mpidr 0
[    0.094513] Setting up static identity map for 0x80100000 - 0x80100078
[    0.094811] rcu: Hierarchical SRCU implementation.
[    0.094821] rcu: 	Max phase no-delay instances is 1000.
[    0.096550] smp: Bringing up secondary CPUs ...
[    0.096605] smp: Brought up 1 node, 1 CPU
[    0.096617] SMP: Total of 1 processors activated (996.14 BogoMIPS).
[    0.096629] CPU: All CPU(s) started in SVC mode.
[    0.096814] Memory: 480856K/522240K available (11264K kernel code, 1221K rwdata, 2884K rodata, 1024K init, 298K bss, 23372K reserved, 16384K cma-reserved, 0K highmem)
[    0.097628] devtmpfs: initialized
[    0.114147] VFP support v0.3: implementor 41 architecture 3 part 30 variant c rev 3
[    0.114488] clocksource: jiffies: mask: 0xffffffff max_cycles: 0xffffffff, max_idle_ns: 19112604462750000 ns
[    0.114521] futex hash table entries: 256 (order: 2, 16384 bytes, linear)
[    0.115859] pinctrl core: initialized pinctrl subsystem
[    0.117959] NET: Registered PF_NETLINK/PF_ROUTE protocol family
[    0.120978] DMA: preallocated 256 KiB pool for atomic coherent allocations
[    0.121894] audit: initializing netlink subsys (disabled)
[    0.123249] thermal_sys: Registered thermal governor 'fair_share'
[    0.123263] thermal_sys: Registered thermal governor 'step_wise'
[    0.123272] thermal_sys: Registered thermal governor 'user_space'
[    0.123383] audit: type=2000 audit(0.120:1): state=initialized audit_enabled=0 res=1
[    0.123456] cpuidle: using governor menu
[    0.141610] /ocp/interconnect@44c00000/segment@200000/target-module@b000/i2c@0/tda19988@70: Fixed dependency cycle(s) with /ocp/interconnect@48000000/segment@300000/target-module@e000/lcdc@0
[    0.142729] /ocp/interconnect@48000000/segment@300000/target-module@e000/lcdc@0: Fixed dependency cycle(s) with /ocp/interconnect@44c00000/segment@200000/target-module@b000/i2c@0/tda19988@70
[    0.144891] No ATAGs?
[    0.144908] hw-breakpoint: debug architecture 0x4 unsupported.
[    0.147530] kprobes: kprobe jump-optimization is enabled. All kprobes are optimized if possible.
[    0.153729] iommu: Default domain type: Translated
[    0.153751] iommu: DMA domain TLB invalidation policy: strict mode
[    0.161369] SCSI subsystem initialized
[    0.162229] pps_core: LinuxPPS API ver. 1 registered
[    0.162240] pps_core: Software ver. 5.3.6 - Copyright 2005-2007 Rodolfo Giometti <giometti@linux.it>
[    0.162264] PTP clock support registered
[    0.171312] vgaarb: loaded
[    0.171660] clocksource: Switched to clocksource dmtimer
[    0.172311] VFS: Disk quotas dquot_6.6.0
[    0.172351] VFS: Dquot-cache hash table entries: 1024 (order 0, 4096 bytes)
[    0.197015] NET: Registered PF_INET protocol family
[    0.197354] IP idents hash table entries: 8192 (order: 4, 65536 bytes, linear)
[    0.198738] tcp_listen_portaddr_hash hash table entries: 512 (order: 0, 4096 bytes, linear)
[    0.198777] Table-perturb hash table entries: 65536 (order: 6, 262144 bytes, linear)
[    0.198795] TCP established hash table entries: 4096 (order: 2, 16384 bytes, linear)
[    0.198840] TCP bind hash table entries: 4096 (order: 4, 65536 bytes, linear)
[    0.198939] TCP: Hash tables configured (established 4096 bind 4096)
[    0.199055] UDP hash table entries: 256 (order: 1, 8192 bytes, linear)
[    0.199083] UDP-Lite hash table entries: 256 (order: 1, 8192 bytes, linear)
[    0.199255] NET: Registered PF_UNIX/PF_LOCAL protocol family
[    0.200528] RPC: Registered named UNIX socket transport module.
[    0.200548] RPC: Registered udp transport module.
[    0.200554] RPC: Registered tcp transport module.
[    0.200559] RPC: Registered tcp-with-tls transport module.
[    0.200564] RPC: Registered tcp NFSv4.1 backchannel transport module.
[    0.200588] PCI: CLS 0 bytes, default 64
[    0.202127] Initialise system trusted keyrings
[    0.212813] workingset: timestamp_bits=14 max_order=17 bucket_order=3
[    0.214076] NFS: Registering the id_resolver key type
[    0.214143] Key type id_resolver registered
[    0.214150] Key type id_legacy registered
[    0.214199] jffs2: version 2.2. (NAND) (SUMMARY)  Â© 2001-2006 Red Hat, Inc.
[    0.214610] Key type asymmetric registered
[    0.214628] Asymmetric key parser 'x509' registered
[    0.214694] io scheduler mq-deadline registered
[    0.214703] io scheduler kyber registered
[    0.214769] io scheduler bfq registered
[    0.216625] target-module@4b000000:target-module@140000:pmu@0:fck: device ID is greater than 24
[    0.222773] l3-aon-clkctrl:0000:0: failed to disable
[    0.231903] ledtrig-cpu: registered to indicate activity on CPUs
[    0.234703] Serial: 8250/16550 driver, 6 ports, IRQ sharing enabled
[    0.276730] brd: module loaded
[    0.295705] loop: module loaded
[    0.296613] mtdoops: mtd device (mtddev=name/number) must be supplied
[    0.299723] i2c_dev: i2c /dev entries driver
[    0.300669] cpuidle: enable-method property 'ti,am3352' found operations
[    0.301111] sdhci: Secure Digital Host Controller Interface driver
[    0.301122] sdhci: Copyright(c) Pierre Ossman
[    0.301293] sdhci-pltfm: SDHCI platform and OF driver helper
[    0.302974] hw perfevents: enabled with armv7_cortex_a8 PMU driver, 5 (8000000f) counters available
[    0.303484] Initializing XFRM netlink socket
[    0.303624] NET: Registered PF_INET6 protocol family
[    0.309275] l3-aon-clkctrl:0000:0: failed to disable
[    0.317483] Segment Routing with IPv6
[    0.317569] In-situ OAM (IOAM) with IPv6
[    0.317677] sit: IPv6, IPv4 and MPLS over IPv4 tunneling driver
[    0.318595] NET: Registered PF_PACKET protocol family
[    0.318621] NET: Registered PF_KEY protocol family
[    0.318754] Key type dns_resolver registered
[    0.318976] ThumbEE CPU extension supported.
[    0.318996] Registering SWP/SWPB emulation handler
[    0.319515] omap_voltage_late_init: Voltage driver support not added
[    0.320208] SmartReflex Class3 initialized
[    0.342756] Loading compiled-in X.509 certificates
[    0.387830] /ocp/interconnect@44c00000/segment@200000/target-module@b000/i2c@0/tda19988@70: Fixed dependency cycle(s) with /ocp/interconnect@48000000/segment@300000/target-module@e000/lcdc@0
[    0.394147] /ocp/interconnect@44c00000/segment@200000/target-module@b000/i2c@0/tda19988@70: Fixed dependency cycle(s) with /ocp/interconnect@48000000/segment@300000/target-module@e000/lcdc@0
[    0.420494] /ocp/interconnect@44c00000/segment@200000/target-module@b000/i2c@0/tda19988@70: Fixed dependency cycle(s) with /ocp/interco nnect@48000000/segment@300000/target-module@e000/lcdc@0
[    0.421309] /ocp/interconnect@44c00000/segment@200000/target-module@b000/i2c@0/tda19988@70: Fixed dependency cycle(s) with /ocp/interconnect@48000000/segment@300000/target-module@e000/lcdc@0
[    0.424897] /ocp/interconnect@44c00000/segment@200000/target-module@10000/scm@0/pinmux@800: Fixed dependency cycle(s) with /ocp/interconnect@44c00000/segment@200000/target-module@10000/scm@0/pinmux@800/clkout2-pins
[    0.425494] pinctrl-single 44e10800. pinmux: 142 pins, size 568
[    0.430370] ti-sysc 44e31000.target-module: probe with driver ti-sysc failed with error -16
[    0.436936] /ocp/interconnect@48000000/segment@300000/target-module@e000/lcdc@0: Fixed dependency cycle(s) with /ocp/interconnect@44c00000/segment@200000/target-module@b000/i2c@0/tda19988@70
[    0.444701] ti-sysc 48040000.target-module: probe with driver ti-sysc failed with error -16
[    0.489188] OMAP GPIO hardware version 0.1
[    0.515461] omap_i2c 4819c000.i2c: bus 2 rev0.11 at 100 kHz
[    0.542506] 48000000.interconnect:segment@200000:target-module@0:mpu@0:fck: device ID is greater than 24
[    0.543421] /ocp/interconnect@48000000/segment@300000/target-module@e000/lcdc@0: Fixed dependency cycle(s) with /ocp/interconnect@44c00000/segment@200000/target-module@b000/i2c@0/tda19988@70
[    0.546023] /ocp/interconnect@48000000/segment@300000/target-module@e000/lcdc@0: Fixed dependency cycle(s) with /ocp/interconnect@44c00000/segment@200000/target-module@b000/i2c@0/tda19988@70
[    0.546678] /ocp/interconnect@44c00000/segment@200000/target-module@b000/i2c@0/tda19988@70: Fixed dependency cycle(s) with /ocp/interconnect@48000000/segment@300000/target-module@e000/lcdc@0
[    0.546836] /ocp/interconnect@48000000/segment@300000/target-module@e000/lcdc@0: Fixed dependency cycle(s) with /ocp/interconnect@44c00000/segment@200000/target-module@b000/i2c@0/tda19988@70
[    0.557657] sdhci-omap 481d8000.mmc: supply pbias not found, using dummy regulator
[    0.558144] sdhci-omap 481d8000.m
[    2.322630] tps65217-pmic: Failed to locate of_node [id: -1]
[    2.328685] tps65217-bl: Failed to locate of_node [id: -1]
[    2.339904] tps65217 0-0024: TPS65217 ID 0xe version 1.2
[    2.346036] /ocp/interconnect@48000000/segment@300000/target-module@e000/lcdc@0: Fixed dependency cycle(s) with /ocp/interconnect@44c00000/segment@200000/target-module@b000/i2c@0/tda19988@70
[    2.363383] /ocp/interconnect@44c00000/segment@200000/target-module@b000/i2c@0/tda19988@70: Fixed dependency cycle(s) with /ocp/interconnect@48000000/segment@300000/target-module@e000/lcdc@0
[    2.380730] omap_i2c 44e0b000.i2c: bus 0 rev0.11 at 400 kHz
[    2.388677] omap_gpio 44e07000.gpio: Could not set line 6 debounce to 200000 microseconds (-22)
[    2.397572] sdhci-omap 48060000.mmc: Got CD GPIO
[    2.402603] sdhci-omap 48060000.mmc: supply pbias not found, using dummy regulator
[    2.412510] sdhci-omap 48060000.mmc: supply vqmmc not found, using dummy regulator
[    2.421050] sdhci-omap 481d8000.mmc: supply pbias not found, using dummy regulator
[    2.429603] sdhci-omap 481d8000.mmc: supply vqmmc not found, using dummy regulator
[    2.467879] mmc1: SDHCI controller on 481d8000.mmc [481d8000.mmc] using External DMA
[    2.476355] mmc0: SDHCI controller on 48060000.mmc [48060000.mmc] using External DMA
[    2.485187] cpsw-switch 4a100000.switch: starting ndev. mode: dual_mac
[    2.552051] mmc1: new high speed MMC card at address 0001
[    2.558932] mmcblk1: mmc1:0001 MMC04G 3.60 GiB
[    2.566616]  mmcblk1: p1 p2
[    2.570424] SMSC LAN8710/LAN8720 4a101000.mdio:00: attached PHY driver (mii_bus:phy_addr=4a101000.mdio:00, irq=POLL)
[    2.583060] mmcblk1boot0: mmc1:0001 MMC04G 2.00 MiB
[    2.595243] mmcblk1boot1: mmc1:0001 MMC04G 2.00 MiB
[    2.602353] mmcblk1rpmb: mmc1:0001 MMC04G 128 KiB, chardev (250:0)
[    2.655242] mmc0: new high speed SDHC card at address aaaa
[    2.662158] mmcblk0: mmc0:aaaa SE32G 29.7 GiB
[    2.671126]  mmcblk0: p1 p2
[    5.762431] cpsw-switch 4a100000.switch eth0: Link is Up - 100Mbps/Full - flow control off
[    5.791682] IP-Config: Complete:
[    5.794954]      device=eth0, hwaddr=6c:ec:eb:68:de:78, ipaddr=192.168.255.1, mask=255.255.255.0, gw=255.255.255.255
[    5.805594]      host=bbb1, domain=, nis-domain=(none)
[    5.810760]      bootserver=192.168.255.126, rootserver=192.168.255.126, rootpath=
[    5.811179] clk: Disabling unused clocks
[    5.823046] PM: genpd: Disabling unused power domains
[    5.828167] KTAP version 1
[    5.830888] 1..0
[    5.860741] VFS: Mounted root (nfs filesystem) on device 0:17.
[    5.867983] devtmpfs: mounted
[    5.872558] Freeing unused kernel image (initmem) memory: 1024K
[    5.879235] Run /sbin/init as init process
[    6.580796] systemd[1]: System time before build time, advancing clock.
[    8.051682] random: crng init done
[    8.092078] systemd[1]: systemd 232 running in system mode. (+PAM +AUDIT +SELINUX +IMA +APPARMOR +SMACK +SYSVINIT +UTMP +LIBCRYPTSETUP +GCRYPT +GNUTLS +ACL +XZ +LZ4 +SECCOMP +BLKID +ELFUTILS +KMOD +IDN)
[    8.111008] systemd[1]: Detected architecture arm.

Welcome to [1mDebian GNU/Linux 9 (stretch)[0m!

[    8.144804] systemd[1]: Set hostname to <arm>.
[    9.238175] systemd[1]: Started Forward Password Requests to Wall Directory Watch.
[[0;32m  OK  [0m] Started Forward Password Requests to Wall Directory Watch.
[    9.273421] systemd[1]: Created slice User and Session Slice.
[[0;32m  OK  [0m] Created slice User and Session Slice.
[    9.303474] systemd[1]: Set up automount Arbitrary Executable File Formats File System Automount Point.
[[0;32m  OK  [0m] Set up automount Arbitrary Executabâ€¦rmats File System Automount Point.
[    9.333788] systemd[1]: Listening on udev Control Socket.
[[0;32m  OK  [0m] Listening on udev Control Socket.
[    9.362086] systemd[1]: Reached target Remote File Systems.
[[0;32m  OK  [0m] Reached target Remote File Systems.
[    9.392674] systemd[1]: Listening on Journal Audit Socket.
[[0;32m  OK  [0m] Listening on Journal Audit Socket.
[    9.422302] systemd[1]: Listening on udev Kernel Socket.
[[0;32m  OK  [0m] Listening on udev Kernel Socket.
[[0;32m  OK  [0m] Started Dispatch Password Requests to Console Directory Watch.
[[0;32m  OK  [0m] Reached target Paths.
[[0;32m  OK  [0m] Reached target Swap.
[[0;32m  OK  [0m] Created slice System Slice.
         Mounting Debug File System...
[[0;32m  OK  [0m] Created slice system-serial\x2dgetty.slice.
         Mounting POSIX Message Queue File System...
[[0;32m  OK  [0m] Listening on Journal Socket (/dev/log).
[[0;32m  OK  [0m] Reached target Encrypted Volumes.
[[0;32m  OK  [0m] Listening on Syslog Socket.
[[0;32m  OK  [0m] Created slice system-getty.slice.
[[0;32m  OK  [0m] Listening on /dev/initctl Compatibility Named Pipe.
[[0;32m  OK  [0m] Listening on Journal Socket.
         Starting Load Kernel Modules...
         Starting Create list of required stâ€¦ce nodes for the current kernel...
         Starting Remount Root and Kernel File Systems...
         Starting Journal Service...
[[0;32m  OK  [0m] Reached target Slices.
[[0;32m  OK  [0m] Mounted POSIX Message Queue File System.
[[0;32m  OK  [0m] Mounted Debug File System.
[[0;32m  OK  [0m] Started Load Kernel Modules.
[[0;32m  OK  [0m] Started Create list of required staâ€¦vice nodes for the current kernel.
         Starting Create Static Device Nodes in /dev...
         Mounting Configuration File System...
         Starting Apply Kernel Variables...
[[0;32m  OK  [0m] Started Remount Root and Kernel File Systems.
         Starting Load/Save Random Seed...
         Starting udev Coldplug all Devices...
[[0;32m  OK  [0m] Mounted Configuration File System.
[[0;32m  OK  [0m] Started Apply Kernel Variables.
[[0;32m  OK  [0m] Started Load/Save Random Seed.
[[0;32m  OK  [0m] Started Create Static Device Nodes in /dev.
[[0;32m  OK  [0m] Reached target Local File Systems (Pre).
[[0;32m  OK  [0m] Reached target Local File Systems.
         Starting Raise network interfaces...
         Starting udev Kernel Device Manager...
[[0;32m  OK  [0m] Started Journal Service.
         Starting Flush Journal to Persistent Storage...
[   11.661247] systemd-journald[92]: Received request to flush runtime journal from PID 1
[[0;32m  OK  [0m] Started Flush Journal to Persistent Storage.
         Starting Create Volatile Files and Directories...
[[0;32m  OK  [0m] Started udev Kernel Device Manager.
[[0;32m  OK  [0m] Started Create Volatile Files and Directories.
         Starting Network Time Synchronization...
         Starting Update UTMP about System Boot/Shutdown...
[[0;32m  OK  [0m] Started Update UTMP about System Boot/Shutdown.
[[0;32m  OK  [0m] Started udev Coldplug all Devices.
[[0;32m  OK  [0m] Started Network Time Synchronization.
[[0;32m  OK  [0m] Reached target System Initialization.
[[0;32m  OK  [0m] Listening on D-Bus System Message Bus Socket.
[   14.825802] remoteproc remoteproc0: wkup_m3 is available
[[0;32m  OK  [0m] Listening on Avahi mDNS/DNS-SD Stack Activation Socket.
[[0;32m  OK  [0m] Reached target Sockets.
[   14.912647] omap_rtc 44e3e000.rtc: registered as rtc0
[   14.917844] omap_rtc 44e3e000.rtc: setting system clock to 2000-01-01T00:00:00 UTC (946684800)
[[0;32m  OK  [0m] Reached target Basic System.
[   15.024593] omap_wdt: OMAP Watchdog Timer Rev 0x01: initial timeout 60 sec
         Starting Cape Manager Service...
[   15.096043] at24 2-0054: supply vcc not found, using dummy regulator
         Starting Telephony service...
[   15.232609] am335x-phy-driver 47401300.usb-phy: dummy supplies not allowed for exclusive requests (id=vbus)
[   15.248631] at24 2-0055: supply vcc not found, using dummy regulator
         Starting System Logging Service...
[   15.397477] at24 2-0056: supply vcc not found, using dummy regulator
         Starting LSB: Start busybox udhcpd at boot time...
[   15.498421] at24 2-0057: supply vcc not found, using dummy regulator
[   15.576916] tps6521x_pwrbutton tps65217-pwrbutton: DMA mask not set
[   15.762677] wkup_m3_ipc 44e11324.wkup_m3_ipc: IPC Request for A8->M3 Channel failed! -517
[   15.774936] input: tps65217_pwrbutton as /devices/platform/ocp/44c00000.interconnect/44c00000.interconnect:segment@200000/44e0b000.target-module/44e0b000.i2c/i2c-0/0-0024/tps65217-pwrbutton/input/input0
[   15.801269] wkup_m3_ipc 44e11324.wkup_m3_ipc: IPC Request for A8->M3 Channel failed! -517
[   15.833631] at24 0-0050: 32768 byte 24c256 EEPROM, writable, 1 bytes/write
[[0;32m  OK  [0m] Started Regular background program processin[   15.936370] am335x-phy-driver 47401b00.usb-phy: dummy supplies not allowed for exclusive requests (id=vbus)
g daemon.
[   16.034551] wkup_m3_ipc 44e11324.wkup_m3_ipc: IPC Request for A8->M3 Channel failed! -517
         Starting Avahi mDNS/DNS-SD Stack...
         Starting DUN service...
         Starting Generic Board Startup...
[   16.432803] wkup_m3_ipc 44e11324.wkup_m3_ipc: IPC Request for A8->M3 Channel failed! -517
         Starting Login Service...
[[0;32m  OK  [0m] Started Daily Cleanup of Temporary Directories.
         Starting LSB: Load kernel modules needed to enable cpufreq scaling...
[[0;32m  OK  [0m] Started D-Bus System Message Bus.
[   17.034215] usbcore: registered new interface driver usbfs
[   17.041059] usbcore: registered new interface driver hub
[   17.046666] usbcore: registered new device driver usb
[   17.861062] omap-mailbox 480c8000.mailbox: omap mailbox rev 0x400
[   17.937024] remoteproc remoteproc0: powering up wkup_m3
[   18.118968] musb-hdrc musb-hdrc.1: MUSB HDRC host driver
[   18.124552] musb-hdrc musb-hdrc.1: new USB bus registered, assigned bus number 1
[   18.188230] tda998x 0-0070: found TDA19988
[   18.242092] remoteproc remoteproc0: Direct firmware load for am335x-pm-firmware.elf failed with error -2
[   18.251826] remoteproc remoteproc0: request_firmware failed: -2
[   18.257789] wkup_m3_ipc 44e11324.wkup_m3_ipc: rproc_boot failed
[   18.424028] usb usb1: New USB device found, idVendor=1d6b, idProduct=0002, bcdDevice= 6.12
[   18.432539] usb usb1: New USB device strings: Mfr=3, Product=2, SerialNumber=1
[   18.439807] usb usb1: Product: MUSB HDRC host driver
[   18.444881] usb usb1: Manufacturer: Linux 6.12.57 musb-hcd
[   18.450399] usb usb1: SerialNumber: musb-hdrc.1
[   18.885350] hub 1-0:1.0: USB hub found
[   18.986788] hub 1-0:1.0: 1 port detected
[   20.284894] omap_rng 48310000.rng: Random Number Generator ver. 20
[   20.316750] tilcdc 4830e000.lcdc: bound 0-0070 (ops tda998x_audio_codec_init [tda998x])
[   20.442980] [drm] Initialized tilcdc 1.0.0 for 4830e000.lcdc on minor 0
[   20.548374] tilcdc 4830e000.lcdc: [drm] Cannot find any crtc or sizes
[   20.557533] tilcdc 4830e000.lcdc: [drm] Cannot find any crtc or sizes
[[0;32m  OK  [0m] Started Telephony service.
[[0;32m  OK  [0m] Started Avahi mDNS/DNS-SD Stack.
[[0;32m  OK  [0m] Started DUN service.
[   21.498315] omap-sham 53100000.sham: hw accel on OMAP rev 4.3
[   21.544234] PM: Cannot get wkup_m3_ipc handle
         Starting Connection service...
[[0;32m  OK  [0m] Reached target System Time Synchronized.
[[0;32m  OK  [0m] Started Daily apt download activities.
[   21.650070] omap-sham 53100000.sham: will run requests pump with realtime priority
[   21.658977] PM: Cannot get wkup_m3_ipc handle
[[0;32m  OK  [0m] Started Daily apt upgrade and clean activities.
[[0;32m  OK  [0m] Reached target Timers.
[   21.804671] omap-aes 53500000.aes: OMAP AES hw accel rev: 3.2
[[0;32m  OK  [0m] Started System Logging Service.
[   21.954757] omap-aes 53500000.aes: will run requests pump with realtime priority
[   21.968529] PM: Cannot get wkup_m3_ipc handle
[[0;32m  OK  [0m] Started Cape Manager Service.
[[0;32m  OK  [0m] Found device /dev/ttyS0.
[   23.039429] Bluetooth: Core ver 2.22
[   23.043528] NET: Registered PF_BLUETOOTH protocol family
[   23.048881] Bluetooth: HCI device and connection manager initialized
[   23.055408] Bluetooth: HCI socket layer initialized
[   23.060326] Bluetooth: L2CAP socket layer initialized
[   23.065476] Bluetooth: SCO socket layer initialized
[   25.476695] PM: Cannot get wkup_m3_ipc handle
[   25.571183] PM: Cannot get wkup_m3_ipc handle
[[0;32m  OK  [0m] Started LSB: Start busybox udhcpd at boot time.
[   28.136813] configfs-gadget.g_multi gadget.0: HOST MAC 1c:ba:8c:a2:ed:6c
[   28.143800] configfs-gadget.g_multi gadget.0: MAC 1c:ba:8c:a2:ed:70
[   28.151067] configfs-gadget.g_multi gadget.0: HOST MAC 1c:ba:8c:a2:ed:6c
[   28.157967] configfs-gadget.g_multi gadget.0: MAC 1c:ba:8c:a2:ed:6d
[   28.169738] PM: Cannot get wkup_m3_ipc handle
[[0;32m  OK  [0m] Started Raise network interfaces.
[[0;32m  OK  [0m] Started LSB: Load kernel modules needed to enable cpufreq scaling.
[[0;32m  OK  [0m] Started Connection service.
[[0;32m  OK  [0m] Started Login Service.
[[0;32m  OK  [0m] Reached target Sound Card.
         Starting LSB: set CPUFreq kernel parameters...
[[0;32m  OK  [0m] Reached target Network.
         Starting Permit User Sessions...
         Starting The Apache HTTP Server...
[[0;32m  OK  [0m] Reached target Network is Online.
         Starting LSB: Advanced IEEE 802.11 management daemon...
         Starting OpenBSD Secure Shell server...
[[0;32m  OK  [0m] Started Permit User Sessions.
[[0;32m  OK  [0m] Started LSB: Advanced IEEE 802.11 management daemon.
         Starting Hostname Service...
         Starting WPA supplicant...
[[0;32m  OK  [0m] Started Serial Getty on ttyS0.
[[0;32m  OK  [0m] Started Getty on tty1.
[[0;32m  OK  [0m] Reached target Login Prompts.
[[0;32m  OK  [0m] Started LSB: set CPUFreq kernel parameters.
[[0;32m  OK  [0m] Started WPA supplicant.
[[0;32m  OK  [0m] Started Hostname Service.
         Stopping LSB: Start busybox udhcpd at boot time...
[[0;32m  OK  [0m] Started OpenBSD Secure Shell server.
[[0;32m  OK  [0m] Stopped LSB: Start busybox udhcpd at boot time.
         Starting dnsmasq - A lightweight DHCP and caching DNS server...
[[0;32m  OK  [0m] Started The Apache HTTP Server.
[[0;32m  OK  [0m] Started dnsmasq - A lightweight DHCP and caching DNS server.
[[0;32m  OK  [0m] Reached target Host and Network Name Lookups.
[[0;32m  OK  [0m] Started Serial Getty on ttyGS0.
[[0;32m  OK  [0m] Started Generic Board Startup.
[[0;32m  OK  [0m] Reached target Multi-User System.
[[0;32m  OK  [0m] Reached target Graphical Interface.
         Starting Update UTMP about System Runlevel Changes...
[[0;32m  OK  [0m] Started Update UTMP about System Runlevel Changes.

Debian GNU/Linux 9 arm ttyS0

default username:password is [debian:temppwd]

arm login: root
Password: 
Last login: Sat Jan  1 00:00:38 UTC 2000 on ttyS0
root
Linux arm 6.12.57 #1 SMP Sun Nov  2 15:52:04 EET 2025 armv7l

The programs included with the Debian GNU/Linux system are free software;
the exact distribution terms for each program are described in the
individual files in /usr/share/doc/*/copyright.

Debian GNU/Linux comes with ABSOLUTELY NO WARRANTY, to the extent
permitted by applicable law.
root@arm:~# root
-bash: root: command not found
root@arm:~# dmesg -n 1
root@arm:~# echo 'NEVM''MBOTUT'
NEVMMBOTUT
root@arm:~# run() { echo -n "$MARKER"; sh -c "$@"; echo "$MARKER $?"; }
root@arm:~# echo 'SCAZ''CHKOLZ'
SCAZCHKOLZ
root@arm:~# MARKER='QXVP''HEKCAC' run 'cat /proc/version'
QXVPHEKCACLinux version 6.12.57 (user01@drvtest01) (arm-none-eabi-gcc (Arm GNU Toolchain 14.2.Rel1 (Build arm-14.52)) 14.2.1 20241119, GNU ld (Arm GNU Toolchain 14.2.Rel1 (Build arm-14.52)) 2.43.1.20241119) #1 SMP Sun Nov  2 15:52:04 EET 2025
QXVPHEKCAC 0
root@arm:~# echo 'NHFM''TKAFUF'
NHFMTKAFUF
root@arm:~# MARKER='ULXF''YMMCFS' run false
ULXFYMMCFSULXFYMMCFS 1
root@arm:~# Labgrid Console Logfile for main
Logfile started at 2025-11-02 15:54:28.605834
=== Log starts here ===

root@arm:~# run() { echo -n "$MARKER"; sh -c "$@"; echo "$MARKER $?"; }
root@arm:~# echo 'PZKF''VEGSXX'
PZKFVEGSXX
root@arm:~# MARKER='MQOT''YUEGAW' run 'ls /iio_generic_buffer; echo $?'
MQOTYUEGAW/iio_generic_buffer
0
MQOTYUEGAW 0
root@arm:~# Labgrid Console Logfile for main
Logfile started at 2025-11-02 15:54:32.179855
=== Log starts here ===

root@arm:~# run() { echo -n "$MARKER"; sh -c "$@"; echo "$MARKER $?"; }
root@arm:~# echo 'BNFF''MYXUNQ'
BNFFMYXUNQ
root@arm:~# MARKER='QLHH''KHHZQH' run dmesg
QLHHKHHZQH[    0.000000] Booting Linux on physical CPU 0x0
[    0.000000] Linux version 6.12.57 (user01@drvtest01) (arm-none-eabi-gcc (Arm GNU Toolchain 14.2.Rel1 (Build arm-14.52)) 14.2.1 20241119, GNU ld (Arm GNU Toolchain 14.2.Rel1 (Build arm-14.52)) 2.43.1.20241119) #1 SMP Sun Nov  2 15:52:04 EET 2025
[    0.000000] CPU: ARMv7 Processor [413fc082] revision 2 (ARMv7), cr=10c5387d
[    0.000000] CPU: PIPT / VIPT nonaliasing data cache, VIPT aliasing instruction cache
[    0.000000] OF: fdt: Machine model: TI AM335x BeagleBone Black
[    0.000000] Memory policy: Data cache writeback
[    0.000000] cma: Reserved 16 MiB at 0x9e800000 on node -1
[    0.000000] Zone ranges:
[    0.000000]   Normal   [mem 0x0000000080000000-0x000000009fdfffff]
[    0.000000]   HighMem  empty
[    0.000000] Movable zone start for each node
[    0.000000] Early memory node ranges
[    0.000000]   node   0: [mem 0x0000000080000000-0x000000009fdfffff]
[    0.000000] Initmem setup node 0 [mem 0x0000000080000000-0x000000009fdfffff]
[    0.000000] OF: reserved mem: Reserved memory: No reserved-memory node in the DT
[    0.000000] CPU: All CPU(s) started in SVC mode.
[    0.000000] AM335X ES2.1 (sgx neon)
[    0.000000] percpu: Embedded 17 pages/cpu s40396 r8192 d21044 u69632
[    0.000000] pcpu-alloc: s40396 r8192 d21044 u69632 alloc=17*4096
[    0.000000] pcpu-alloc: [0] 0 
[    0.000000] Kernel command line: console=ttyO0,115200n8 root=/dev/nfs rw nfsroot=192.168.255.126:/home/user01/nfs,nfsvers=3 ip=192.168.255.1:192.168.255.126::255.255.255.0:bbb1:eth0 nfsrootdebug
[    0.000000] Unknown kernel command line parameters "nfsrootdebug", will be passed to user space.
[    0.000000] Dentry cache hash table entries: 65536 (order: 6, 262144 bytes, linear)
[    0.000000] Inode-cache hash table entries: 32768 (order: 5, 131072 bytes, linear)
[    0.000000] Built 1 zonelists, mobility grouping on.  Total pages: 130560
[    0.000000] mem auto-init: stack:off, heap alloc:off, heap free:off
[    0.000000] SLUB: HWalign=64, Order=0-3, MinObjects=0, CPUs=1, Nodes=1
[    0.000000] rcu: Hierarchical RCU implementation.
[    0.000000] rcu: 	RCU event tracing is enabled.
[    0.000000] rcu: 	RCU restricting CPUs from NR_CPUS=2 to nr_cpu_ids=1.
[    0.000000] rcu: RCU calculated value of scheduler-enlistment delay is 10 jiffies.
[    0.000000] rcu: Adjusting geometry for rcu_fanout_leaf=16, nr_cpu_ids=1
[    0.000000] NR_IRQS: 16, nr_irqs: 16, preallocated irqs: 16
[    0.000000] IRQ: Found an INTC at 0x(ptrval) (revision 5.0) with 128 interrupts
[    0.000000] rcu: srcu_init: Setting srcu_struct sizes based on contention.
[    0.000000] TI gptimer clocksource: always-on /ocp/interconnect@44c00000/segment@200000/target-module@31000
[    0.000003] sched_clock: 32 bits at 24MHz, resolution 41ns, wraps every 89478484971ns
[    0.000026] clocksource: dmtimer: mask: 0xffffffff max_cycles: 0xffffffff, max_idle_ns: 79635851949 ns
[    0.000484] TI gptimer clockevent: 24000000 Hz at /ocp/interconnect@48000000/segment@0/target-module@40000
[    0.002084] Console: colour dummy device 80x30
[    0.002146] WARNING: Your 'console=ttyO0' has been replaced by 'ttyS0'
[    0.002155] This ensures that you still see kernel messages. Please
[    0.002159] update your kernel commandline.
[    0.002200] Calibrating delay loop... 996.14 BogoMIPS (lpj=4980736)
[    0.090528] CPU: Testing write buffer coherency: ok
[    0.090637] CPU0: Spectre v2: using BPIALL workaround
[    0.090647] pid_max: default: 32768 minimum: 301
[    0.090770] LSM: initializing lsm=capability
[    0.090937] Mount-cache hash table entries: 1024 (order: 0, 4096 bytes, linear)
[    0.090959] Mountpoint-cache hash table entries: 1024 (order: 0, 4096 bytes, linear)
[    0.092513] CPU0: thread -1, cpu 0, socket -1, mpidr 0
[    0.094513] Setting up static identity map for 0x80100000 - 0x80100078
[    0.094811] rcu: Hierarchical SRCU implementation.
[    0.094821] rcu: 	Max phase no-delay instances is 1000.
[    0.096550] smp: Bringing up secondary CPUs ...
[    0.096605] smp: Brought up 1 node, 1 CPU
[    0.096617] SMP: Total of 1 processors activated (996.14 BogoMIPS).
[    0.096629] CPU: All CPU(s) started in SVC mode.
[    0.096814] Memory: 480856K/522240K available (11264K kernel code, 1221K rwdata, 2884K rodata, 1024K init, 298K bss, 23372K reserved, 16384K cma-reserved, 0K highmem)
[    0.097628] devtmpfs: initialized
[    0.114147] VFP support v0.3: implementor 41 architecture 3 part 30 variant c rev 3
[    0.114488] clocksource: jiffies: mask: 0xffffffff max_cycles: 0xffffffff, max_idle_ns: 19112604462750000 ns
[    0.114521] futex hash table entries: 256 (order: 2, 16384 bytes, linear)
[    0.115859] pinctrl core: initialized pinctrl subsystem
[    0.117959] NET: Registered PF_NETLINK/PF_ROUTE protocol family
[    0.120978] DMA: preallocated 256 KiB pool for atomic coherent allocations
[    0.121894] audit: initializing netlink subsys (disabled)
[    0.123249] thermal_sys: Registered thermal governor 'fair_share'
[    0.123263] thermal_sys: Registered thermal governor 'step_wise'
[    0.123272] thermal_sys: Registered thermal governor 'user_space'
[    0.123383] audit: type=2000 audit(0.120:1): state=initialized audit_enabled=0 res=1
[    0.123456] cpuidle: using governor menu
[    0.141610] /ocp/interconnect@44c00000/segment@200000/target-module@b000/i2c@0/tda19988@70: Fixed dependency cycle(s) with /ocp/interconnect@48000000/segment@300000/target-module@e000/lcdc@0
[    0.142729] /ocp/interconnect@48000000/segment@300000/target-module@e000/lcdc@0: Fixed dependency cycle(s) with /ocp/interconnect@44c00000/segment@200000/target-module@b000/i2c@0/tda19988@70
[    0.144891] No ATAGs?
[    0.144908] hw-breakpoint: debug architecture 0x4 unsupported.
[    0.147530] kprobes: kprobe jump-optimization is enabled. All kprobes are optimized if possible.
[    0.153729] iommu: Default domain type: Translated
[    0.153751] iommu: DMA domain TLB invalidation policy: strict mode
[    0.155301] reg-fixed-voltage fixedregulator0: using DT '/fixedregulator0' for '(default)' GPIO lookup
[    0.155356] of_get_named_gpiod_flags: can't parse 'gpios' property of node '/fixedregulator0[0]'
[    0.155383] of_get_named_gpiod_flags: can't parse 'gpio' property of node '/fixedregulator0[0]'
[    0.155401] reg-fixed-voltage fixedregulator0: using lookup tables for GPIO lookup
[    0.155412] reg-fixed-voltage fixedregulator0: No GPIO consumer (default) found
[    0.161369] SCSI subsystem initialized
[    0.161869] libata version 3.00 loaded.
[    0.162229] pps_core: LinuxPPS API ver. 1 registered
[    0.162240] pps_core: Software ver. 5.3.6 - Copyright 2005-2007 Rodolfo Giometti <giometti@linux.it>
[    0.162264] PTP clock support registered
[    0.171312] vgaarb: loaded
[    0.171660] clocksource: Switched to clocksource dmtimer
[    0.172311] VFS: Disk quotas dquot_6.6.0
[    0.172351] VFS: Dquot-cache hash table entries: 1024 (order 0, 4096 bytes)
[    0.197015] NET: Registered PF_INET protocol family
[    0.197354] IP idents hash table entries: 8192 (order: 4, 65536 bytes, linear)
[    0.198738] tcp_listen_portaddr_hash hash table entries: 512 (order: 0, 4096 bytes, linear)
[    0.198777] Table-perturb hash table entries: 65536 (order: 6, 262144 bytes, linear)
[    0.198795] TCP established hash table entries: 4096 (order: 2, 16384 bytes, linear)
[    0.198840] TCP bind hash table entries: 4096 (order: 4, 65536 bytes, linear)
[    0.198939] TCP: Hash tables configured (established 4096 bind 4096)
[    0.199055] UDP hash table entries: 256 (order: 1, 8192 bytes, linear)
[    0.199083] UDP-Lite hash table entries: 256 (order: 1, 8192 bytes, linear)
[    0.199255] NET: Registered PF_UNIX/PF_LOCAL protocol family
[    0.200528] RPC: Registered named UNIX socket transport module.
[    0.200548] RPC: Registered udp transport module.
[    0.200554] RPC: Registered tcp transport module.
[    0.200559] RPC: Registered tcp-with-tls transport module.
[    0.200564] RPC: Registered tcp NFSv4.1 backchannel transport module.
[    0.200588] PCI: CLS 0 bytes, default 64
[    0.202127] Initialise system trusted keyrings
[    0.212813] workingset: timestamp_bits=14 max_order=17 bucket_order=3
[    0.214076] NFS: Registering the id_resolver key type
[    0.214143] Key type id_resolver registered
[    0.214150] Key type id_legacy registered
[    0.214199] jffs2: version 2.2. (NAND) (SUMMARY)  Â© 2001-2006 Red Hat, Inc.
[    0.214610] Key type asymmetric registered
[    0.214628] Asymmetric key parser 'x509' registered
[    0.214694] io scheduler mq-deadline registered
[    0.214703] io scheduler kyber registered
[    0.214769] io scheduler bfq registered
[    0.216625] target-module@4b000000:target-module@140000:pmu@0:fck: device ID is greater than 24
[    0.222773] l3-aon-clkctrl:0000:0: failed to disable
[    0.231903] ledtrig-cpu: registered to indicate activity on CPUs
[    0.234703] Serial: 8250/16550 driver, 6 ports, IRQ sharing enabled
[    0.276730] brd: module loaded
[    0.295705] loop: module loaded
[    0.296613] mtdoops: mtd device (mtddev=name/number) must be supplied
[    0.298324] mdio_bus fixed-0: using lookup tables for GPIO lookup
[    0.298348] mdio_bus fixed-0: No GPIO consumer reset found
[    0.299723] i2c_dev: i2c /dev entries driver
[    0.300669] cpuidle: enable-method property 'ti,am3352' found operations
[    0.301111] sdhci: Secure Digital Host Controller Interface driver
[    0.301122] sdhci: Copyright(c) Pierre Ossman
[    0.301293] sdhci-pltfm: SDHCI platform and OF driver helper
[    0.302974] hw perfevents: enabled with armv7_cortex_a8 PMU driver, 5 (8000000f) counters available
[    0.303484] Initializing XFRM netlink socket
[    0.303624] NET: Registered PF_INET6 protocol family
[    0.309275] l3-aon-clkctrl:0000:0: failed to disable
[    0.317483] Segment Routing with IPv6
[    0.317569] In-situ OAM (IOAM) with IPv6
[    0.317677] sit: IPv6, IPv4 and MPLS over IPv4 tunneling driver
[    0.318595] NET: Registered PF_PACKET protocol family
[    0.318621] NET: Registered PF_KEY protocol family
[    0.318754] Key type dns_resolver registered
[    0.318976] ThumbEE CPU extension supported.
[    0.318996] Registering SWP/SWPB emulation handler
[    0.319515] omap_voltage_late_init: Voltage driver support not added
[    0.320208] SmartReflex Class3 initialized
[    0.342756] Loading compiled-in X.509 certificates
[    0.387830] /ocp/interconnect@44c00000/segment@200000/target-module@b000/i2c@0/tda19988@70: Fixed dependency cycle(s) with /ocp/interconnect@48000000/segment@300000/target-module@e000/lcdc@0
[    0.394147] /ocp/interconnect@44c00000/segment@200000/target-module@b000/i2c@0/tda19988@70: Fixed dependency cycle(s) with /ocp/interconnect@48000000/segment@300000/target-module@e000/lcdc@0
[    0.399431] gpiochip_find_base_unlocked: found new base at 512
[    0.420494] /ocp/interconnect@44c00000/segment@200000/target-module@b000/i2c@0/tda19988@70: Fixed dependency cycle(s) with /ocp/interconnect@48000000/segment@300000/target-module@e000/lcdc@0
[    0.421309] /ocp/interconnect@44c00000/segment@200000/target-module@b000/i2c@0/tda19988@70: Fixed dependency cycle(s) with /ocp/interconnect@48000000/segment@300000/target-module@e000/lcdc@0
[    0.424897] /ocp/interconnect@44c00000/segment@200000/target-module@10000/scm@0/pinmux@800: Fixed dependency cycle(s) with /ocp/interconnect@44c00000/segment@200000/target-module@10000/scm@0/pinmux@800/clkout2-pins
[    0.425494] pinctrl-single 44e10800.pinmux: 142 pins, size 568
[    0.430370] ti-sysc 44e31000.target-module: probe with driver ti-sysc failed with error -16
[    0.436936] /ocp/interconnect@48000000/segment@300000/target-module@e000/lcdc@0: Fixed dependency cycle(s) with /ocp/interconnect@44c00000/segment@200000/target-module@b000/i2c@0/tda19988@70
[    0.444701] ti-sysc 48040000.target-module: probe with driver ti-sysc failed with error -16
[    0.455492] gpiochip_find_base_unlocked: found new base at 512
[    0.455594] gpio gpiochip0: (gpio-0-31): created GPIO range 0->7 ==> 44e10800.pinmux PIN 0->7
[    0.455613] gpio gpiochip0: (gpio-0-31): created GPIO range 8->11 ==> 44e10800.pinmux PIN 90->93
[    0.455629] gpio gpiochip0: (gpio-0-31): created GPIO range 12->27 ==> 44e10800.pinmux PIN 12->27
[    0.455643] gpio gpiochip0: (gpio-0-31): created GPIO range 28->31 ==> 44e10800.pinmux PIN 30->33
[    0.488918] gpio gpiochip0: (gpio-0-31): added GPIO chardev (254:0)
[    0.489090] gpio gpiochip0: registered GPIOs 512 to 543 on gpio-0-31
[    0.489188] OMAP GPIO hardware version 0.1
[    0.514459] i2c i2c-2: using DT '/ocp/interconnect@48000000/segment@100000/target-module@9c000/i2c@0' for 'scl' GPIO lookup
[    0.514532] of_get_named_gpiod_flags: can't parse 'scl-gpios' property of node '/ocp/interconnect@48000000/segment@100000/target-module@9c000/i2c@0[0]'
[    0.514573] of_get_named_gpiod_flags: can't parse 'scl-gpio' property of node '/ocp/interconnect@48000000/segment@100000/target-module@9c000/i2c@0[0]'
[    0.514609] i2c i2c-2: using lookup tables for GPIO lookup
[    0.514619] i2c i2c-2: No GPIO consumer scl found
[    0.514640] i2c i2c-2: using DT '/ocp/interconnect@48000000/segment@100000/target-module@9c000/i2c@0' for 'sda' GPIO lookup
[    0.514676] of_get_named_gpiod_flags: can't parse 'sda-gpios' property of node '/ocp/interconnect@48000000/segment@100000/target-module@9c000/i2c@0[0]'
[    0.514713] of_get_named_gpiod_flags: can't parse 'sda-gpio' property of node '/ocp/interconnect@48000000/segment@100000/target-module@9c000/i2c@0[0]'
[    0.514744] i2c i2c-2: using lookup tables for GPIO lookup
[    0.514752] i2c i2c-2: No GPIO consumer sda found
[    0.515461] omap_i2c 4819c000.i2c: bus 2 rev0.11 at 100 kHz
[    0.520600] gpiochip_find_base_unlocked: found new base at 544
[    0.520699] gpio gpiochip1: (gpio-32-63): created GPIO range 0->17 ==> 44e10800.pinmux PIN 34->51
[    0.520720] gpio gpiochip1: (gpio-32-63): created GPIO range 18->21 ==> 44e10800.pinmux PIN 77->80
[    0.520736] gpio gpiochip1: (gpio-32-63): created GPIO range 22->31 ==> 44e10800.pinmux PIN 56->65
[    0.533634] gpio gpiochip1: (gpio-32-63): added GPIO chardev (254:1)
[    0.533784] gpio gpiochip1: registered GPIOs 544 to 575 on gpio-32-63
[    0.535939] gpiochip_find_base_unlocked: found new base at 576
[    0.536032] gpio gpiochip2: (gpio-64-95): created GPIO range 0->4 ==> 44e10800.pinmux PIN 66->70
[    0.536051] gpio gpiochip2: (gpio-64-95): created GPIO range 5->6 ==> 44e10800.pinmux PIN 98->99
[    0.536066] gpio gpiochip2: (gpio-64-95): created GPIO range 7->8 ==> 44e10800.pinmux PIN 75->76
[    0.536081] gpio gpiochip2: (gpio-64-95): created GPIO range 13->13 ==> 44e10800.pinmux PIN 141->141
[    0.536096] gpio gpiochip2: (gpio-64-95): created GPIO range 14->21 ==> 44e10800.pinmux PIN 100->107
[    0.536711] gpio gpiochip2: (gpio-64-95): added GPIO chardev (254:2)
[    0.536849] gpio gpiochip2: registered GPIOs 576 to 607 on gpio-64-95
[    0.542506] 48000000.interconnect:segment@200000:target-module@0:mpu@0:fck: device ID is greater than 24
[    0.543421] /ocp/interconnect@48000000/segment@300000/target-module@e000/lcdc@0: Fixed dependency cycle(s) with /ocp/interconnect@44c00000/segment@200000/target-module@b000/i2c@0/tda19988@70
[    0.546023] /ocp/interconnect@48000000/segment@300000/target-module@e000/lcdc@0: Fixed dependency cycle(s) with /ocp/interconnect@44c00000/segment@200000/target-module@b000/i2c@0/tda19988@70
[    0.546678] /ocp/interconnect@44c00000/segment@200000/target-module@b000/i2c@0/tda19988@70: Fixed dependency cycle(s) with /ocp/interconnect@48000000/segment@300000/target-module@e000/lcdc@0
[    0.546836] /ocp/interconnect@48000000/segment@300000/target-module@e000/lcdc@0: Fixed dependency cycle(s) with /ocp/interconnect@44c00000/segment@200000/target-module@b000/i2c@0/tda19988@70
[    0.556130] mdio_bus 4a101000.mdio: using DT '/ocp/interconnect@4a000000/segment@0/target-module@100000/switch@0/mdio@1000' for 'reset' GPIO lookup
[    0.556204] of_get_named_gpiod_flags: can't parse 'reset-gpios' property of node '/ocp/interconnect@4a000000/segment@0/target-module@100000/switch@0/mdio@1000[0]'
[    0.556249] of_get_named_gpiod_flags: can't parse 'reset-gpio' property of node '/ocp/interconnect@4a000000/segment@0/target-module@100000/switch@0/mdio@1000[0]'
[    0.556296] mdio_bus 4a101000.mdio: using lookup tables for GPIO lookup
[    0.556306] mdio_bus 4a101000.mdio: No GPIO consumer reset found
[    0.557315] sdhci-omap 481d8000.mmc: using DT '/ocp/interconnect@48000000/segment@100000/target-module@d8000/mmc@0' for 'wp' GPIO lookup
[    0.557376] of_get_named_gpiod_flags: can't parse 'wp-gpios' property of node '/ocp/interconnect@48000000/segment@100000/target-module@d8000/mmc@0[0]'
[    0.557418] of_get_named_gpiod_flags: can't parse 'wp-gpio' property of node '/ocp/interconnect@48000000/segment@100000/target-module@d8000/mmc@0[0]'
[    0.557451] sdhci-omap 481d8000.mmc: using lookup tables for GPIO lookup
[    0.557462] sdhci-omap 481d8000.mmc: No GPIO consumer wp found
[    0.557657] sdhci-omap 481d8000.mmc: supply pbias not found, using dummy regulator
[    0.558144] sdhci-omap 481d8000.mmc: supply vqmmc not found, using dummy regulator
[    0.613753] davinci_mdio 4a101000.mdio: davinci mdio revision 1.6, bus freq 1000000
[    0.635653] mdio_bus 4a101000.mdio:00: using DT '/ocp/interconnect@4a000000/segment@0/target-module@100000/switch@0/mdio@1000/ethernet-phy@0' for 'reset' GPIO lookup
[    0.635754] of_get_named_gpiod_flags: parsed 'reset-gpios' property of node '/ocp/interconnect@4a000000/segment@0/target-module@100000/switch@0/mdio@1000/ethernet-phy@0[0]' - status (0)
[    0.635918] gpio gpiochip0: Persistence not supported for GPIO 8
[    0.734200] davinci_mdio 4a101000.mdio: phy[0]: device 4a101000.mdio:00, driver SMSC LAN8710/LAN8720
[    0.734975] cpsw-switch 4a100000.switch: initialized cpsw ale version 1.4
[    0.734997] cpsw-switch 4a100000.switch: ALE Table size 1024, Policers 0
[    0.735307] cpsw-switch 4a100000.switch: cpts: overflow check period 500 (jiffies)
[    0.735328] cpsw-switch 4a100000.switch: CPTS: ref_clk_freq:250000000 calc_mult:2147483648 calc_shift:29 error:0 nsec/sec
[    0.735428] cpsw-switch 4a100000.switch: Detected MACID = 6c:ec:eb:68:de:78
[    0.737282] cpsw-switch 4a100000.switch: initialized (regs 0x4a100000, pool size 256) hw_ver:0019010C 1.12 (0)
[    0.747987] debugfs: Directory '49000000.dma' with parent 'dmaengine' already present!
[    0.748027] edma 49000000.dma: TI EDMA DMA engine driver
[    0.792326] gpio-clk clk_mcasp0: using DT '/clk_mcasp0' for 'enable' GPIO lookup
[    0.792414] of_get_named_gpiod_flags: parsed 'enable-gpios' property of node '/clk_mcasp0[0]' - status (0)
[    0.792458] gpio gpiochip0: Persistence not supported for GPIO 27
[    0.793330] gpiochip_find_base_unlocked: found new base at 608
[    0.793441] gpio gpiochip3: (gpio-96-127): created GPIO range 0->7 ==> 44e10800.pinmux PIN 82->89
[    0.793463] gpio gpiochip3: (gpio-96-127): created GPIO range 8->11 ==> 44e10800.pinmux PIN 52->55
[    0.793479] gpio gpiochip3: (gpio-96-127): created GPIO range 12->15 ==> 44e10800.pinmux PIN 94->97
[    0.793494] gpio gpiochip3: (gpio-96-127): created GPIO range 16->17 ==> 44e10800.pinmux PIN 71->72
[    0.793509] gpio gpiochip3: (gpio-96-127): created GPIO range 18->18 ==> 44e10800.pinmux PIN 135->135
[    0.793531] gpio gpiochip3: (gpio-96-127): created GPIO range 19->20 ==> 44e10800.pinmux PIN 108->109
[    0.793548] gpio gpiochip3: (gpio-96-127): created GPIO range 21->21 ==> 44e10800.pinmux PIN 73->73
[    0.793564] gpio gpiochip3: (gpio-96-127): created GPIO range 22->23 ==> 44e10800.pinmux PIN 8->9
[    0.793581] gpio gpiochip3: (gpio-96-127): created GPIO range 26->27 ==> 44e10800.pinmux PIN 10->11
[    0.793598] gpio gpiochip3: (gpio-96-127): created GPIO range 28->28 ==> 44e10800.pinmux PIN 74->74
[    0.793615] gpio gpiochip3: (gpio-96-127): created GPIO range 29->29 ==> 44e10800.pinmux PIN 81->81
[    0.793633] gpio gpiochip3: (gpio-96-127): created GPIO range 30->31 ==> 44e10800.pinmux PIN 28->29
[    0.804408] gpio gpiochip3: (gpio-96-127): added GPIO chardev (254:3)
[    0.804576] gpio gpiochip3: registered GPIOs 608 to 639 on gpio-96-127
[    0.806474] omap8250 44e09000.serial: using DT '/ocp/interconnect@44c00000/segment@200000/target-module@9000/serial@0' for 'rs485-term' GPIO lookup
[    0.806544] of_get_named_gpiod_flags: can't parse 'rs485-term-gpios' property of node '/ocp/interconnect@44c00000/segment@200000/target-module@9000/serial@0[0]'
[    0.806588] of_get_named_gpiod_flags: can't parse 'rs485-term-gpio' property of node '/ocp/interconnect@44c00000/segment@200000/target-module@9000/serial@0[0]'
[    0.806624] omap8250 44e09000.serial: using lookup tables for GPIO lookup
[    0.806635] omap8250 44e09000.serial: No GPIO consumer rs485-term found
[    0.806645] omap8250 44e09000.serial: using DT '/ocp/interconnect@44c00000/segment@200000/target-module@9000/serial@0' for 'rs485-rx-during-tx' GPIO lookup
[    0.806680] of_get_named_gpiod_flags: can't parse 'rs485-rx-during-tx-gpios' property of node '/ocp/interconnect@44c00000/segment@200000/target-module@9000/serial@0[0]'
[    0.806716] of_get_named_gpiod_flags: can't parse 'rs485-rx-during-tx-gpio' property of node '/ocp/interconnect@44c00000/segment@200000/target-module@9000/serial@0[0]'
[    0.806747] omap8250 44e09000.serial: using lookup tables for GPIO lookup
[    0.806755] omap8250 44e09000.serial: No GPIO consumer rs485-rx-during-tx found
[    0.807240] 44e09000.serial: ttyS0 at MMIO 0x44e09000 (irq = 34, base_baud = 3000000) is a 8250
[    0.807331] printk: legacy console [ttyS0] enabled
[    2.309559] i2c i2c-0: using DT '/ocp/interconnect@44c00000/segment@200000/target-module@b000/i2c@0' for 'scl' GPIO lookup
[    2.309649] of_get_named_gpiod_flags: can't parse 'scl-gpios' property of node '/ocp/interconnect@44c00000/segment@200000/target-module@b000/i2c@0[0]'
[    2.309694] of_get_named_gpiod_flags: can't parse 'scl-gpio' property of node '/ocp/interconnect@44c00000/segment@200000/target-module@b000/i2c@0[0]'
[    2.309735] i2c i2c-0: using lookup tables for GPIO lookup
[    2.309749] i2c i2c-0: No GPIO consumer scl found
[    2.309775] i2c i2c-0: using DT '/ocp/interconnect@44c00000/segment@200000/target-module@b000/i2c@0' for 'sda' GPIO lookup
[    2.309815] of_get_named_gpiod_flags: can't parse 'sda-gpios' property of node '/ocp/interconnect@44c00000/segment@200000/target-module@b000/i2c@0[0]'
[    2.309857] of_get_named_gpiod_flags: can't parse 'sda-gpio' property of node '/ocp/interconnect@44c00000/segment@200000/target-module@b000/i2c@0[0]'
[    2.309892] i2c i2c-0: using lookup tables for GPIO lookup
[    2.309904] i2c i2c-0: No GPIO consumer sda found
[    2.322630] tps65217-pmic: Failed to locate of_node [id: -1]
[    2.328685] tps65217-bl: Failed to locate of_node [id: -1]
[    2.339904] tps65217 0-0024: TPS65217 ID 0xe version 1.2
[    2.346036] /ocp/interconnect@48000000/segment@300000/target-module@e000/lcdc@0: Fixed dependency cycle(s) with /ocp/interconnect@44c00000/segment@200000/target-module@b000/i2c@0/tda19988@70
[    2.363383] /ocp/interconnect@44c00000/segment@200000/target-module@b000/i2c@0/tda19988@70: Fixed dependency cycle(s) with /ocp/interconnect@48000000/segment@300000/target-module@e000/lcdc@0
[    2.380730] omap_i2c 44e0b000.i2c: bus 0 rev0.11 at 400 kHz
[    2.388479] sdhci-omap 48060000.mmc: using DT '/ocp/interconnect@48000000/segment@0/target-module@60000/mmc@0' for 'cd' GPIO lookup
[    2.388586] of_get_named_gpiod_flags: parsed 'cd-gpios' property of node '/ocp/interconnect@48000000/segment@0/target-module@60000/mmc@0[0]' - status (0)
[    2.388652] gpio gpiochip3: Persistence not supported for GPIO 6
[    2.388677] omap_gpio 44e07000.gpio: Could not set line 6 debounce to 200000 microseconds (-22)
[    2.397572] sdhci-omap 48060000.mmc: Got CD GPIO
[    2.402251] sdhci-omap 48060000.mmc: using DT '/ocp/interconnect@48000000/segment@0/target-module@60000/mmc@0' for 'wp' GPIO lookup
[    2.402300] of_get_named_gpiod_flags: can't parse 'wp-gpios' property of node '/ocp/interconnect@48000000/segment@0/target-module@60000/mmc@0[0]'
[    2.402344] of_get_named_gpiod_flags: can't parse 'wp-gpio' property of node '/ocp/interconnect@48000000/segment@0/target-module@60000/mmc@0[0]'
[    2.402383] sdhci-omap 48060000.mmc: using lookup tables for GPIO lookup
[    2.402397] sdhci-omap 48060000.mmc: No GPIO consumer wp found
[    2.402603] sdhci-omap 48060000.mmc: supply pbias not found, using dummy regulator
[    2.411263] sdhci-omap 481d8000.mmc: using DT '/ocp/interconnect@48000000/segment@100000/target-module@d8000/mmc@0' for 'wp' GPIO lookup
[    2.411342] of_get_named_gpiod_flags: can't parse 'wp-gpios' property of node '/ocp/interconnect@48000000/segment@100000/target-module@d8000/mmc@0[0]'
[    2.411393] of_get_named_gpiod_flags: can't parse 'wp-gpio' property of node '/ocp/interconnect@48000000/segment@100000/target-module@d8000/mmc@0[0]'
[    2.411432] sdhci-omap 481d8000.mmc: using lookup tables for GPIO lookup
[    2.411445] sdhci-omap 481d8000.mmc: No GPIO consumer wp found
[    2.412510] sdhci-omap 48060000.mmc: supply vqmmc not found, using dummy regulator
[    2.421050] sdhci-omap 481d8000.mmc: supply pbias not found, using dummy regulator
[    2.429603] sdhci-omap 481d8000.mmc: supply vqmmc not found, using dummy regulator
[    2.467879] mmc1: SDHCI controller on 481d8000.mmc [481d8000.mmc] using External DMA
[    2.476355] mmc0: SDHCI controller on 48060000.mmc [48060000.mmc] using External DMA
[    2.485187] cpsw-switch 4a100000.switch: starting ndev. mode: dual_mac
[    2.552051] mmc1: new high speed MMC card at address 0001
[    2.558932] mmcblk1: mmc1:0001 MMC04G 3.60 GiB
[    2.566616]  mmcblk1: p1 p2
[    2.570424] SMSC LAN8710/LAN8720 4a101000.mdio:00: attached PHY driver (mii_bus:phy_addr=4a101000.mdio:00, irq=POLL)
[    2.583060] mmcblk1boot0: mmc1:0001 MMC04G 2.00 MiB
[    2.595243] mmcblk1boot1: mmc1:0001 MMC04G 2.00 MiB
[    2.602353] mmcblk1rpmb: mmc1:0001 MMC04G 128 KiB, chardev (250:0)
[    2.655242] mmc0: new high speed SDHC card at address aaaa
[    2.662158] mmcblk0: mmc0:aaaa SE32G 29.7 GiB
[    2.671126]  mmcblk0: p1 p2
[    5.762431] cpsw-switch 4a100000.switch eth0: Link is Up - 100Mbps/Full - flow control off
[    5.791682] IP-Config: Complete:
[    5.794954]      device=eth0, hwaddr=6c:ec:eb:68:de:78, ipaddr=192.168.255.1, mask=255.255.255.0, gw=255.255.255.255
[    5.805594]      host=bbb1, domain=, nis-domain=(none)
[    5.810760]      bootserver=192.168.255.126, rootserver=192.168.255.126, rootpath=
[    5.811179] clk: Disabling unused clocks
[    5.823046] PM: genpd: Disabling unused power domains
[    5.828167] KTAP version 1
[    5.830888] 1..0
[    5.860741] VFS: Mounted root (nfs filesystem) on device 0:17.
[    5.867983] devtmpfs: mounted
[    5.872558] Freeing unused kernel image (initmem) memory: 1024K
[    5.879235] Run /sbin/init as init process
[    5.883448]   with arguments:
[    5.883464]     /sbin/init
[    5.883474]     nfsrootdebug
[    5.883483]   with environment:
[    5.883492]     HOME=/
[    5.883500]     TERM=linux
[    6.580796] systemd[1]: System time before build time, advancing clock.
[    8.051682] random: crng init done
[    8.092078] systemd[1]: systemd 232 running in system mode. (+PAM +AUDIT +SELINUX +IMA +APPARMOR +SMACK +SYSVINIT +UTMP +LIBCRYPTSETUP +GCRYPT +GNUTLS +ACL +XZ +LZ4 +SECCOMP +BLKID +ELFUTILS +KMOD +IDN)
[    8.111008] systemd[1]: Detected architecture arm.
[    8.144804] systemd[1]: Set hostname to <arm>.
[    9.238175] systemd[1]: Started Forward Password Requests to Wall Directory Watch.
[    9.273421] systemd[1]: Created slice User and Session Slice.
[    9.303474] systemd[1]: Set up automount Arbitrary Executable File Formats File System Automount Point.
[    9.333788] systemd[1]: Listening on udev Control Socket.
[    9.362086] systemd[1]: Reached target Remote File Systems.
[    9.392674] systemd[1]: Listening on Journal Audit Socket.
[    9.422302] systemd[1]: Listening on udev Kernel Socket.
[   11.661247] systemd-journald[92]: Received request to flush runtime journal from PID 1
[   14.294483] leds-gpio leds: using DT '/leds/led2' for '(default)' GPIO lookup
[   14.294587] of_get_named_gpiod_flags: parsed 'gpios' property of node '/leds/led2[0]' - status (0)
[   14.294642] gpio gpiochip0: Persistence not supported for GPIO 21
[   14.294658] gpio-533 (?): no flags found for GPIO (default)
[   14.315202] leds-gpio leds: using DT '/leds/led3' for '(default)' GPIO lookup
[   14.315314] of_get_named_gpiod_flags: parsed 'gpios' property of node '/leds/led3[0]' - status (0)
[   14.315369] gpio gpiochip0: Persistence not supported for GPIO 22
[   14.315385] gpio-534 (?): no flags found for GPIO (default)
[   14.370471] leds-gpio leds: using DT '/leds/led4' for '(default)' GPIO lookup
[   14.370793] of_get_named_gpiod_flags: parsed 'gpios' property of node '/leds/led4[0]' - status (0)
[   14.370850] gpio gpiochip0: Persistence not supported for GPIO 23
[   14.370865] gpio-535 (?): no flags found for GPIO (default)
[   14.393001] leds-gpio leds: using DT '/leds/led5' for '(default)' GPIO lookup
[   14.393102] of_get_named_gpiod_flags: parsed 'gpios' property of node '/leds/led5[0]' - status (0)
[   14.393151] gpio gpiochip0: Persistence not supported for GPIO 24
[   14.393166] gpio-536 (?): no flags found for GPIO (default)
[   14.825802] remoteproc remoteproc0: wkup_m3 is available
[   14.912647] omap_rtc 44e3e000.rtc: registered as rtc0
[   14.917844] omap_rtc 44e3e000.rtc: setting system clock to 2000-01-01T00:00:00 UTC (946684800)
[   14.926657] omap_rtc 44e3e000.rtc: using DT '/ocp/interconnect@44c00000/segment@200000/target-module@3e000/rtc@0' for 'wp' GPIO lookup
[   14.926730] of_get_named_gpiod_flags: can't parse 'wp-gpios' property of node '/ocp/interconnect@44c00000/segment@200000/target-module@3e000/rtc@0[0]'
[   14.926780] of_get_named_gpiod_flags: can't parse 'wp-gpio' property of node '/ocp/interconnect@44c00000/segment@200000/target-module@3e000/rtc@0[0]'
[   14.926820] omap_rtc 44e3e000.rtc: using lookup tables for GPIO lookup
[   14.926835] omap_rtc 44e3e000.rtc: No GPIO consumer wp found
[   15.024593] omap_wdt: OMAP Watchdog Timer Rev 0x01: initial timeout 60 sec
[   15.096043] at24 2-0054: supply vcc not found, using dummy regulator
[   15.232155] am335x-phy-driver 47401300.usb-phy: using DT '/ocp/target-module@47400000/usb-phy@1300' for 'reset' GPIO lookup
[   15.232250] of_get_named_gpiod_flags: can't parse 'reset-gpios' property of node '/ocp/target-module@47400000/usb-phy@1300[0]'
[   15.232295] of_get_named_gpiod_flags: can't parse 'reset-gpio' property of node '/ocp/target-module@47400000/usb-phy@1300[0]'
[   15.232332] am335x-phy-driver 47401300.usb-phy: using lookup tables for GPIO lookup
[   15.232347] am335x-phy-driver 47401300.usb-phy: No GPIO consumer reset found
[   15.232361] am335x-phy-driver 47401300.usb-phy: using DT '/ocp/target-module@47400000/usb-phy@1300' for 'vbus-detect' GPIO lookup
[   15.232392] of_get_named_gpiod_flags: can't parse 'vbus-detect-gpios' property of node '/ocp/target-module@47400000/usb-phy@1300[0]'
[   15.232423] of_get_named_gpiod_flags: can't parse 'vbus-detect-gpio' property of node '/ocp/target-module@47400000/usb-phy@1300[0]'
[   15.232449] am335x-phy-driver 47401300.usb-phy: using lookup tables for GPIO lookup
[   15.232461] am335x-phy-driver 47401300.usb-phy: No GPIO consumer vbus-detect found
[   15.232609] am335x-phy-driver 47401300.usb-phy: dummy supplies not allowed for exclusive requests (id=vbus)
[   15.248631] at24 2-0055: supply vcc not found, using dummy regulator
[   15.397477] at24 2-0056: supply vcc not found, using dummy regulator
[   15.498421] at24 2-0057: supply vcc not found, using dummy regulator
[   15.576916] tps6521x_pwrbutton tps65217-pwrbutton: DMA mask not set
[   15.762677] wkup_m3_ipc 44e11324.wkup_m3_ipc: IPC Request for A8->M3 Channel failed! -517
[   15.774936] input: tps65217_pwrbutton as /devices/platform/ocp/44c00000.interconnect/44c00000.interconnect:segment@200000/44e0b000.target-module/44e0b000.i2c/i2c-0/0-0024/tps65217-pwrbutton/input/input0
[   15.801269] wkup_m3_ipc 44e11324.wkup_m3_ipc: IPC Request for A8->M3 Channel failed! -517
[   15.832583] at24 0-0050: using DT '/ocp/interconnect@44c00000/segment@200000/target-module@b000/i2c@0/baseboard_eeprom@50' for 'wp' GPIO lookup
[   15.832789] of_get_named_gpiod_flags: can't parse 'wp-gpios' property of node '/ocp/interconnect@44c00000/segment@200000/target-module@b000/i2c@0/baseboard_eeprom@50[0]'
[   15.832911] of_get_named_gpiod_flags: can't parse 'wp-gpio' property of node '/ocp/interconnect@44c00000/segment@200000/target-module@b000/i2c@0/baseboard_eeprom@50[0]'
[   15.833003] at24 0-0050: using lookup tables for GPIO lookup
[   15.833020] at24 0-0050: No GPIO consumer wp found
[   15.833631] at24 0-0050: 32768 byte 24c256 EEPROM, writable, 1 bytes/write
[   15.935912] am335x-phy-driver 47401b00.usb-phy: using DT '/ocp/target-module@47400000/usb-phy@1b00' for 'reset' GPIO lookup
[   15.936008] of_get_named_gpiod_flags: can't parse 'reset-gpios' property of node '/ocp/target-module@47400000/usb-phy@1b00[0]'
[   15.936053] of_get_named_gpiod_flags: can't parse 'reset-gpio' property of node '/ocp/target-module@47400000/usb-phy@1b00[0]'
[   15.936092] am335x-phy-driver 47401b00.usb-phy: using lookup tables for GPIO lookup
[   15.936107] am335x-phy-driver 47401b00.usb-phy: No GPIO consumer reset found
[   15.936121] am335x-phy-driver 47401b00.usb-phy: using DT '/ocp/target-module@47400000/usb-phy@1b00' for 'vbus-detect' GPIO lookup
[   15.936153] of_get_named_gpiod_flags: can't parse 'vbus-detect-gpios' property of node '/ocp/target-module@47400000/usb-phy@1b00[0]'
[   15.936187] of_get_named_gpiod_flags: can't parse 'vbus-detect-gpio' property of node '/ocp/target-module@47400000/usb-phy@1b00[0]'
[   15.936213] am335x-phy-driver 47401b00.usb-phy: using lookup tables for GPIO lookup
[   15.936224] am335x-phy-driver 47401b00.usb-phy: No GPIO consumer vbus-detect found
[   15.936370] am335x-phy-driver 47401b00.usb-phy: dummy supplies not allowed for exclusive requests (id=vbus)
[   16.034551] wkup_m3_ipc 44e11324.wkup_m3_ipc: IPC Request for A8->M3 Channel failed! -517
[   16.432803] wkup_m3_ipc 44e11324.wkup_m3_ipc: IPC Request for A8->M3 Channel failed! -517
[   17.034215] usbcore: registered new interface driver usbfs
[   17.041059] usbcore: registered new interface driver hub
[   17.046666] usbcore: registered new device driver usb
[   17.861062] omap-mailbox 480c8000.mailbox: omap mailbox rev 0x400
[   17.937024] remoteproc remoteproc0: powering up wkup_m3
[   18.118968] musb-hdrc musb-hdrc.1: MUSB HDRC host driver
[   18.124552] musb-hdrc musb-hdrc.1: new USB bus registered, assigned bus number 1
[   18.188230] tda998x 0-0070: found TDA19988
[   18.242092] remoteproc remoteproc0: Direct firmware load for am335x-pm-firmware.elf failed with error -2
[   18.251826] remoteproc remoteproc0: request_firmware failed: -2
[   18.257789] wkup_m3_ipc 44e11324.wkup_m3_ipc: rproc_boot failed
[   18.424028] usb usb1: New USB device found, idVendor=1d6b, idProduct=0002, bcdDevice= 6.12
[   18.432539] usb usb1: New USB device strings: Mfr=3, Product=2, SerialNumber=1
[   18.439807] usb usb1: Product: MUSB HDRC host driver
[   18.444881] usb usb1: Manufacturer: Linux 6.12.57 musb-hcd
[   18.450399] usb usb1: SerialNumber: musb-hdrc.1
[   18.885350] hub 1-0:1.0: USB hub found
[   18.986788] hub 1-0:1.0: 1 port detected
[   20.284894] omap_rng 48310000.rng: Random Number Generator ver. 20
[   20.316750] tilcdc 4830e000.lcdc: bound 0-0070 (ops tda998x_audio_codec_init [tda998x])
[   20.442980] [drm] Initialized tilcdc 1.0.0 for 4830e000.lcdc on minor 0
[   20.548374] tilcdc 4830e000.lcdc: [drm] Cannot find any crtc or sizes
[   20.557533] tilcdc 4830e000.lcdc: [drm] Cannot find any crtc or sizes
[   21.498315] omap-sham 53100000.sham: hw accel on OMAP rev 4.3
[   21.544234] PM: Cannot get wkup_m3_ipc handle
[   21.650070] omap-sham 53100000.sham: will run requests pump with realtime priority
[   21.658977] PM: Cannot get wkup_m3_ipc handle
[   21.804671] omap-aes 53500000.aes: OMAP AES hw accel rev: 3.2
[   21.954757] omap-aes 53500000.aes: will run requests pump with realtime priority
[   21.968529] PM: Cannot get wkup_m3_ipc handle
[   23.039429] Bluetooth: Core ver 2.22
[   23.043528] NET: Registered PF_BLUETOOTH protocol family
[   23.048881] Bluetooth: HCI device and connection manager initialized
[   23.055408] Bluetooth: HCI socket layer initialized
[   23.060326] Bluetooth: L2CAP socket layer initialized
[   23.065476] Bluetooth: SCO socket layer initialized
[   25.476695] PM: Cannot get wkup_m3_ipc handle
[   25.482739] asoc-simple-card sound: using DT '/sound' for 'simple-audio-card,hp-det' GPIO lookup
[   25.482815] of_get_named_gpiod_flags: can't parse 'simple-audio-card,hp-det-gpios' property of node '/sound[0]'
[   25.482851] of_get_named_gpiod_flags: can't parse 'simple-audio-card,hp-det-gpio' property of node '/sound[0]'
[   25.482876] asoc-simple-card sound: using lookup tables for GPIO lookup
[   25.482891] asoc-simple-card sound: No GPIO consumer simple-audio-card,hp-det found
[   25.482907] asoc-simple-card sound: using DT '/sound' for 'simple-audio-card,mic-det' GPIO lookup
[   25.482931] of_get_named_gpiod_flags: can't parse 'simple-audio-card,mic-det-gpios' property of node '/sound[0]'
[   25.482956] of_get_named_gpiod_flags: can't parse 'simple-audio-card,mic-det-gpio' property of node '/sound[0]'
[   25.482977] asoc-simple-card sound: using lookup tables for GPIO lookup
[   25.482989] asoc-simple-card sound: No GPIO consumer simple-audio-card,mic-det found
[   25.571183] PM: Cannot get wkup_m3_ipc handle
[   27.687595] userial_init: registered 8 ttyGS* devices
[   28.017030] rndis_register: configNr = 0
[   28.135584] udc musb-hdrc.0: binding gadget driver [g_multi]
[   28.135680] configfs-gadget.g_multi gadget.0: adding 'rndis'/ee2a03d6 to config 'c'/e8307661
[   28.136813] configfs-gadget.g_multi gadget.0: HOST MAC 1c:ba:8c:a2:ed:6c
[   28.143800] configfs-gadget.g_multi gadget.0: MAC 1c:ba:8c:a2:ed:70
[   28.150160] rndis_set_param_medium: 0 0
[   28.150181] configfs-gadget.g_multi gadget.0: RNDIS: IN/ep1in OUT/ep1out NOTIFY/ep2in
[   28.150199] configfs-gadget.g_multi gadget.0: adding 'cdc_ethernet'/b20d974a to config 'c'/e8307661
[   28.151067] configfs-gadget.g_multi gadget.0: HOST MAC 1c:ba:8c:a2:ed:6c
[   28.157967] configfs-gadget.g_multi gadget.0: MAC 1c:ba:8c:a2:ed:6d
[   28.164359] configfs-gadget.g_multi gadget.0: CDC Ethernet: IN/ep3in OUT/ep2out NOTIFY/ep4in
[   28.164378] configfs-gadget.g_multi gadget.0: adding 'acm'/484280dc to config 'c'/e8307661
[   28.164415] configfs-gadget.g_multi gadget.0: acm ttyGS0: IN/ep5in OUT/ep3out NOTIFY/ep6in
[   28.169738] PM: Cannot get wkup_m3_ipc handle
[   29.398382] configfs-gadget.g_multi gadget.0: eth_open
[   30.520988] configfs-gadget.g_multi gadget.0: stop stats: rx/tx 0/0, errs 0/0
[   34.757238] gs_open: ttyGS0 (44d96257,c0c08136)
[   34.757370] gs_close: ttyGS0 (44d96257,c0c08136) ...
[   34.757393] gs_close: ttyGS0 (44d96257,c0c08136) done!
[   34.768727] gs_open: ttyGS0 (bf7917c9,70b5527f)
[   34.768834] gs_close: ttyGS0 (bf7917c9,70b5527f) ...
[   34.768854] gs_close: ttyGS0 (bf7917c9,70b5527f) done!
[   34.937368] gs_open: ttyGS0 (bf879035,849a98b2)
[   34.937600] gs_close: ttyGS0 (bf879035,849a98b2) ...
[   34.937628] gs_close: ttyGS0 (bf879035,849a98b2) done!
[   34.940496] gs_open: ttyGS0 (bf879035,92b0c6f6)
QLHHKHHZQH 0
root@arm:~# echo 'EPKC''JXBWHN'
EPKCJXBWHN
root@arm:~# MARKER='ZZHS''ZNYCMO' run 'modprobe test_linear_ranges'
ZZHSZNYCMOZZHSZNYCMO 0
root@arm:~# echo 'SAYK''MVLYCJ'
SAYKMVLYCJ
root@arm:~# MARKER='HPWN''OALUQV' run dmesg
HPWNOALUQV[    0.000000] Booting Linux on physical CPU 0x0
[    0.000000] Linux version 6.12.57 (user01@drvtest01) (arm-none-eabi-gcc (Arm GNU Toolchain 14.2.Rel1 (Build arm-14.52)) 14.2.1 20241119, GNU ld (Arm GNU Toolchain 14.2.Rel1 (Build arm-14.52)) 2.43.1.20241119) #1 SMP Sun Nov  2 15:52:04 EET 2025
[    0.000000] CPU: ARMv7 Processor [413fc082] revision 2 (ARMv7), cr=10c5387d
[    0.000000] CPU: PIPT / VIPT nonaliasing data cache, VIPT aliasing instruction cache
[    0.000000] OF: fdt: Machine model: TI AM335x BeagleBone Black
[    0.000000] Memory policy: Data cache writeback
[    0.000000] cma: Reserved 16 MiB at 0x9e800000 on node -1
[    0.000000] Zone ranges:
[    0.000000]   Normal   [mem 0x0000000080000000-0x000000009fdfffff]
[    0.000000]   HighMem  empty
[    0.000000] Movable zone start for each node
[    0.000000] Early memory node ranges
[    0.000000]   node   0: [mem 0x0000000080000000-0x000000009fdfffff]
[    0.000000] Initmem setup node 0 [mem 0x0000000080000000-0x000000009fdfffff]
[    0.000000] OF: reserved mem: Reserved memory: No reserved-memory node in the DT
[    0.000000] CPU: All CPU(s) started in SVC mode.
[    0.000000] AM335X ES2.1 (sgx neon)
[    0.000000] percpu: Embedded 17 pages/cpu s40396 r8192 d21044 u69632
[    0.000000] pcpu-alloc: s40396 r8192 d21044 u69632 alloc=17*4096
[    0.000000] pcpu-alloc: [0] 0 
[    0.000000] Kernel command line: console=ttyO0,115200n8 root=/dev/nfs rw nfsroot=192.168.255.126:/home/user01/nfs,nfsvers=3 ip=192.168.255.1:192.168.255.126::255.255.255.0:bbb1:eth0 nfsrootdebug
[    0.000000] Unknown kernel command line parameters "nfsrootdebug", will be passed to user space.
[    0.000000] Dentry cache hash table entries: 65536 (order: 6, 262144 bytes, linear)
[    0.000000] Inode-cache hash table entries: 32768 (order: 5, 131072 bytes, linear)
[    0.000000] Built 1 zonelists, mobility grouping on.  Total pages: 130560
[    0.000000] mem auto-init: stack:off, heap alloc:off, heap free:off
[    0.000000] SLUB: HWalign=64, Order=0-3, MinObjects=0, CPUs=1, Nodes=1
[    0.000000] rcu: Hierarchical RCU implementation.
[    0.000000] rcu: 	RCU event tracing is enabled.
[    0.000000] rcu: 	RCU restricting CPUs from NR_CPUS=2 to nr_cpu_ids=1.
[    0.000000] rcu: RCU calculated value of scheduler-enlistment delay is 10 jiffies.
[    0.000000] rcu: Adjusting geometry for rcu_fanout_leaf=16, nr_cpu_ids=1
[    0.000000] NR_IRQS: 16, nr_irqs: 16, preallocated irqs: 16
[    0.000000] IRQ: Found an INTC at 0x(ptrval) (revision 5.0) with 128 interrupts
[    0.000000] rcu: srcu_init: Setting srcu_struct sizes based on contention.
[    0.000000] TI gptimer clocksource: always-on /ocp/interconnect@44c00000/segment@200000/target-module@31000
[    0.000003] sched_clock: 32 bits at 24MHz, resolution 41ns, wraps every 89478484971ns
[    0.000026] clocksource: dmtimer: mask: 0xffffffff max_cycles: 0xffffffff, max_idle_ns: 79635851949 ns
[    0.000484] TI gptimer clockevent: 24000000 Hz at /ocp/interconnect@48000000/segment@0/target-module@40000
[    0.002084] Console: colour dummy device 80x30
[    0.002146] WARNING: Your 'console=ttyO0' has been replaced by 'ttyS0'
[    0.002155] This ensures that you still see kernel messages. Please
[    0.002159] update your kernel commandline.
[    0.002200] Calibrating delay loop... 996.14 BogoMIPS (lpj=4980736)
[    0.090528] CPU: Testing write buffer coherency: ok
[    0.090637] CPU0: Spectre v2: using BPIALL workaround
[    0.090647] pid_max: default: 32768 minimum: 301
[    0.090770] LSM: initializing lsm=capability
[    0.090937] Mount-cache hash table entries: 1024 (order: 0, 4096 bytes, linear)
[    0.090959] Mountpoint-cache hash table entries: 1024 (order: 0, 4096 bytes, linear)
[    0.092513] CPU0: thread -1, cpu 0, socket -1, mpidr 0
[    0.094513] Setting up static identity map for 0x80100000 - 0x80100078
[    0.094811] rcu: Hierarchical SRCU implementation.
[    0.094821] rcu: 	Max phase no-delay instances is 1000.
[    0.096550] smp: Bringing up secondary CPUs ...
[    0.096605] smp: Brought up 1 node, 1 CPU
[    0.096617] SMP: Total of 1 processors activated (996.14 BogoMIPS).
[    0.096629] CPU: All CPU(s) started in SVC mode.
[    0.096814] Memory: 480856K/522240K available (11264K kernel code, 1221K rwdata, 2884K rodata, 1024K init, 298K bss, 23372K reserved, 16384K cma-reserved, 0K highmem)
[    0.097628] devtmpfs: initialized
[    0.114147] VFP support v0.3: implementor 41 architecture 3 part 30 variant c rev 3
[    0.114488] clocksource: jiffies: mask: 0xffffffff max_cycles: 0xffffffff, max_idle_ns: 19112604462750000 ns
[    0.114521] futex hash table entries: 256 (order: 2, 16384 bytes, linear)
[    0.115859] pinctrl core: initialized pinctrl subsystem
[    0.117959] NET: Registered PF_NETLINK/PF_ROUTE protocol family
[    0.120978] DMA: preallocated 256 KiB pool for atomic coherent allocations
[    0.121894] audit: initializing netlink subsys (disabled)
[    0.123249] thermal_sys: Registered thermal governor 'fair_share'
[    0.123263] thermal_sys: Registered thermal governor 'step_wise'
[    0.123272] thermal_sys: Registered thermal governor 'user_space'
[    0.123383] audit: type=2000 audit(0.120:1): state=initialized audit_enabled=0 res=1
[    0.123456] cpuidle: using governor menu
[    0.141610] /ocp/interconnect@44c00000/segment@200000/target-module@b000/i2c@0/tda19988@70: Fixed dependency cycle(s) with /ocp/interconnect@48000000/segment@300000/target-module@e000/lcdc@0
[    0.142729] /ocp/interconnect@48000000/segment@300000/target-module@e000/lcdc@0: Fixed dependency cycle(s) with /ocp/interconnect@44c00000/segment@200000/target-module@b000/i2c@0/tda19988@70
[    0.144891] No ATAGs?
[    0.144908] hw-breakpoint: debug architecture 0x4 unsupported.
[    0.147530] kprobes: kprobe jump-optimization is enabled. All kprobes are optimized if possible.
[    0.153729] iommu: Default domain type: Translated
[    0.153751] iommu: DMA domain TLB invalidation policy: strict mode
[    0.155301] reg-fixed-voltage fixedregulator0: using DT '/fixedregulator0' for '(default)' GPIO lookup
[    0.155356] of_get_named_gpiod_flags: can't parse 'gpios' property of node '/fixedregulator0[0]'
[    0.155383] of_get_named_gpiod_flags: can't parse 'gpio' property of node '/fixedregulator0[0]'
[    0.155401] reg-fixed-voltage fixedregulator0: using lookup tables for GPIO lookup
[    0.155412] reg-fixed-voltage fixedregulator0: No GPIO consumer (default) found
[    0.161369] SCSI subsystem initialized
[    0.161869] libata version 3.00 loaded.
[    0.162229] pps_core: LinuxPPS API ver. 1 registered
[    0.162240] pps_core: Software ver. 5.3.6 - Copyright 2005-2007 Rodolfo Giometti <giometti@linux.it>
[    0.162264] PTP clock support registered
[    0.171312] vgaarb: loaded
[    0.171660] clocksource: Switched to clocksource dmtimer
[    0.172311] VFS: Disk quotas dquot_6.6.0
[    0.172351] VFS: Dquot-cache hash table entries: 1024 (order 0, 4096 bytes)
[    0.197015] NET: Registered PF_INET protocol family
[    0.197354] IP idents hash table entries: 8192 (order: 4, 65536 bytes, linear)
[    0.198738] tcp_listen_portaddr_hash hash table entries: 512 (order: 0, 4096 bytes, linear)
[    0.198777] Table-perturb hash table entries: 65536 (order: 6, 262144 bytes, linear)
[    0.198795] TCP established hash table entries: 4096 (order: 2, 16384 bytes, linear)
[    0.198840] TCP bind hash table entries: 4096 (order: 4, 65536 bytes, linear)
[    0.198939] TCP: Hash tables configured (established 4096 bind 4096)
[    0.199055] UDP hash table entries: 256 (order: 1, 8192 bytes, linear)
[    0.199083] UDP-Lite hash table entries: 256 (order: 1, 8192 bytes, linear)
[    0.199255] NET: Registered PF_UNIX/PF_LOCAL protocol family
[    0.200528] RPC: Registered named UNIX socket transport module.
[    0.200548] RPC: Registered udp transport module.
[    0.200554] RPC: Registered tcp transport module.
[    0.200559] RPC: Registered tcp-with-tls transport module.
[    0.200564] RPC: Registered tcp NFSv4.1 backchannel transport module.
[    0.200588] PCI: CLS 0 bytes, default 64
[    0.202127] Initialise system trusted keyrings
[    0.212813] workingset: timestamp_bits=14 max_order=17 bucket_order=3
[    0.214076] NFS: Registering the id_resolver key type
[    0.214143] Key type id_resolver registered
[    0.214150] Key type id_legacy registered
[    0.214199] jffs2: version 2.2. (NAND) (SUMMARY)  Â© 2001-2006 Red Hat, Inc.
[    0.214610] Key type asymmetric registered
[    0.214628] Asymmetric key parser 'x509' registered
[    0.214694] io scheduler mq-deadline registered
[    0.214703] io scheduler kyber registered
[    0.214769] io scheduler bfq registered
[    0.216625] target-module@4b000000:target-module@140000:pmu@0:fck: device ID is greater than 24
[    0.222773] l3-aon-clkctrl:0000:0: failed to disable
[    0.231903] ledtrig-cpu: registered to indicate activity on CPUs
[    0.234703] Serial: 8250/16550 driver, 6 ports, IRQ sharing enabled
[    0.276730] brd: module loaded
[    0.295705] loop: module loaded
[    0.296613] mtdoops: mtd device (mtddev=name/number) must be supplied
[    0.298324] mdio_bus fixed-0: using lookup tables for GPIO lookup
[    0.298348] mdio_bus fixed-0: No GPIO consumer reset found
[    0.299723] i2c_dev: i2c /dev entries driver
[    0.300669] cpuidle: enable-method property 'ti,am3352' found operations
[    0.301111] sdhci: Secure Digital Host Controller Interface driver
[    0.301122] sdhci: Copyright(c) Pierre Ossman
[    0.301293] sdhci-pltfm: SDHCI platform and OF driver helper
[    0.302974] hw perfevents: enabled with armv7_cortex_a8 PMU driver, 5 (8000000f) counters available
[    0.303484] Initializing XFRM netlink socket
[    0.303624] NET: Registered PF_INET6 protocol family
[    0.309275] l3-aon-clkctrl:0000:0: failed to disable
[    0.317483] Segment Routing with IPv6
[    0.317569] In-situ OAM (IOAM) with IPv6
[    0.317677] sit: IPv6, IPv4 and MPLS over IPv4 tunneling driver
[    0.318595] NET: Registered PF_PACKET protocol family
[    0.318621] NET: Registered PF_KEY protocol family
[    0.318754] Key type dns_resolver registered
[    0.318976] ThumbEE CPU extension supported.
[    0.318996] Registering SWP/SWPB emulation handler
[    0.319515] omap_voltage_late_init: Voltage driver support not added
[    0.320208] SmartReflex Class3 initialized
[    0.342756] Loading compiled-in X.509 certificates
[    0.387830] /ocp/interconnect@44c00000/segment@200000/target-module@b000/i2c@0/tda19988@70: Fixed dependency cycle(s) with /ocp/interconnect@48000000/segment@300000/target-module@e000/lcdc@0
[    0.394147] /ocp/interconnect@44c00000/segment@200000/target-module@b000/i2c@0/tda19988@70: Fixed dependency cycle(s) with /ocp/interconnect@48000000/segment@300000/target-module@e000/lcdc@0
[    0.399431] gpiochip_find_base_unlocked: found new base at 512
[    0.420494] /ocp/interconnect@44c00000/segment@200000/target-module@b000/i2c@0/tda19988@70: Fixed dependency cycle(s) with /ocp/interconnect@48000000/segment@300000/target-module@e000/lcdc@0
[    0.421309] /ocp/interconnect@44c00000/segment@200000/target-module@b000/i2c@0/tda19988@70: Fixed dependency cycle(s) with /ocp/interconnect@48000000/segment@300000/target-module@e000/lcdc@0
[    0.424897] /ocp/interconnect@44c00000/segment@200000/target-module@10000/scm@0/pinmux@800: Fixed dependency cycle(s) with /ocp/interconnect@44c00000/segment@200000/target-module@10000/scm@0/pinmux@800/clkout2-pins
[    0.425494] pinctrl-single 44e10800.pinmux: 142 pins, size 568
[    0.430370] ti-sysc 44e31000.target-module: probe with driver ti-sysc failed with error -16
[    0.436936] /ocp/interconnect@48000000/segment@300000/target-module@e000/lcdc@0: Fixed dependency cycle(s) with /ocp/interconnect@44c00000/segment@200000/target-module@b000/i2c@0/tda19988@70
[    0.444701] ti-sysc 48040000.target-module: probe with driver ti-sysc failed with error -16
[    0.455492] gpiochip_find_base_unlocked: found new base at 512
[    0.455594] gpio gpiochip0: (gpio-0-31): created GPIO range 0->7 ==> 44e10800.pinmux PIN 0->7
[    0.455613] gpio gpiochip0: (gpio-0-31): created GPIO range 8->11 ==> 44e10800.pinmux PIN 90->93
[    0.455629] gpio gpiochip0: (gpio-0-31): created GPIO range 12->27 ==> 44e10800.pinmux PIN 12->27
[    0.455643] gpio gpiochip0: (gpio-0-31): created GPIO range 28->31 ==> 44e10800.pinmux PIN 30->33
[    0.488918] gpio gpiochip0: (gpio-0-31): added GPIO chardev (254:0)
[    0.489090] gpio gpiochip0: registered GPIOs 512 to 543 on gpio-0-31
[    0.489188] OMAP GPIO hardware version 0.1
[    0.514459] i2c i2c-2: using DT '/ocp/interconnect@48000000/segment@100000/target-module@9c000/i2c@0' for 'scl' GPIO lookup
[    0.514532] of_get_named_gpiod_flags: can't parse 'scl-gpios' property of node '/ocp/interconnect@48000000/segment@100000/target-module@9c000/i2c@0[0]'
[    0.514573] of_get_named_gpiod_flags: can't parse 'scl-gpio' property of node '/ocp/interconnect@48000000/segment@100000/target-module@9c000/i2c@0[0]'
[    0.514609] i2c i2c-2: using lookup tables for GPIO lookup
[    0.514619] i2c i2c-2: No GPIO consumer scl found
[    0.514640] i2c i2c-2: using DT '/ocp/interconnect@48000000/segment@100000/target-module@9c000/i2c@0' for 'sda' GPIO lookup
[    0.514676] of_get_named_gpiod_flags: can't parse 'sda-gpios' property of node '/ocp/interconnect@48000000/segment@100000/target-module@9c000/i2c@0[0]'
[    0.514713] of_get_named_gpiod_flags: can't parse 'sda-gpio' property of node '/ocp/interconnect@48000000/segment@100000/target-module@9c000/i2c@0[0]'
[    0.514744] i2c i2c-2: using lookup tables for GPIO lookup
[    0.514752] i2c i2c-2: No GPIO consumer sda found
[    0.515461] omap_i2c 4819c000.i2c: bus 2 rev0.11 at 100 kHz
[    0.520600] gpiochip_find_base_unlocked: found new base at 544
[    0.520699] gpio gpiochip1: (gpio-32-63): created GPIO range 0->17 ==> 44e10800.pinmux PIN 34->51
[    0.520720] gpio gpiochip1: (gpio-32-63): created GPIO range 18->21 ==> 44e10800.pinmux PIN 77->80
[    0.520736] gpio gpiochip1: (gpio-32-63): created GPIO range 22->31 ==> 44e10800.pinmux PIN 56->65
[    0.533634] gpio gpiochip1: (gpio-32-63): added GPIO chardev (254:1)
[    0.533784] gpio gpiochip1: registered GPIOs 544 to 575 on gpio-32-63
[    0.535939] gpiochip_find_base_unlocked: found new base at 576
[    0.536032] gpio gpiochip2: (gpio-64-95): created GPIO range 0->4 ==> 44e10800.pinmux PIN 66->70
[    0.536051] gpio gpiochip2: (gpio-64-95): created GPIO range 5->6 ==> 44e10800.pinmux PIN 98->99
[    0.536066] gpio gpiochip2: (gpio-64-95): created GPIO range 7->8 ==> 44e10800.pinmux PIN 75->76
[    0.536081] gpio gpiochip2: (gpio-64-95): created GPIO range 13->13 ==> 44e10800.pinmux PIN 141->141
[    0.536096] gpio gpiochip2: (gpio-64-95): created GPIO range 14->21 ==> 44e10800.pinmux PIN 100->107
[    0.536711] gpio gpiochip2: (gpio-64-95): added GPIO chardev (254:2)
[    0.536849] gpio gpiochip2: registered GPIOs 576 to 607 on gpio-64-95
[    0.542506] 48000000.interconnect:segment@200000:target-module@0:mpu@0:fck: device ID is greater than 24
[    0.543421] /ocp/interconnect@48000000/segment@300000/target-module@e000/lcdc@0: Fixed dependency cycle(s) with /ocp/interconnect@44c00000/segment@200000/target-module@b000/i2c@0/tda19988@70
[    0.546023] /ocp/interconnect@48000000/segment@300000/target-module@e000/lcdc@0: Fixed dependency cycle(s) with /ocp/interconnect@44c00000/segment@200000/target-module@b000/i2c@0/tda19988@70
[    0.546678] /ocp/interconnect@44c00000/segment@200000/target-module@b000/i2c@0/tda19988@70: Fixed dependency cycle(s) with /ocp/interconnect@48000000/segment@300000/target-module@e000/lcdc@0
[    0.546836] /ocp/interconnect@48000000/segment@300000/target-module@e000/lcdc@0: Fixed dependency cycle(s) with /ocp/interconnect@44c00000/segment@200000/target-module@b000/i2c@0/tda19988@70
[    0.556130] mdio_bus 4a101000.mdio: using DT '/ocp/interconnect@4a000000/segment@0/target-module@100000/switch@0/mdio@1000' for 'reset' GPIO lookup
[    0.556204] of_get_named_gpiod_flags: can't parse 'reset-gpios' property of node '/ocp/interconnect@4a000000/segment@0/target-module@100000/switch@0/mdio@1000[0]'
[    0.556249] of_get_named_gpiod_flags: can't parse 'reset-gpio' property of node '/ocp/interconnect@4a000000/segment@0/target-module@100000/switch@0/mdio@1000[0]'
[    0.556296] mdio_bus 4a101000.mdio: using lookup tables for GPIO lookup
[    0.556306] mdio_bus 4a101000.mdio: No GPIO consumer reset found
[    0.557315] sdhci-omap 481d8000.mmc: using DT '/ocp/interconnect@48000000/segment@100000/target-module@d8000/mmc@0' for 'wp' GPIO lookup
[    0.557376] of_get_named_gpiod_flags: can't parse 'wp-gpios' property of node '/ocp/interconnect@48000000/segment@100000/target-module@d8000/mmc@0[0]'
[    0.557418] of_get_named_gpiod_flags: can't parse 'wp-gpio' property of node '/ocp/interconnect@48000000/segment@100000/target-module@d8000/mmc@0[0]'
[    0.557451] sdhci-omap 481d8000.mmc: using lookup tables for GPIO lookup
[    0.557462] sdhci-omap 481d8000.mmc: No GPIO consumer wp found
[    0.557657] sdhci-omap 481d8000.mmc: supply pbias not found, using dummy regulator
[    0.558144] sdhci-omap 481d8000.mmc: supply vqmmc not found, using dummy regulator
[    0.613753] davinci_mdio 4a101000.mdio: davinci mdio revision 1.6, bus freq 1000000
[    0.635653] mdio_bus 4a101000.mdio:00: using DT '/ocp/interconnect@4a000000/segment@0/target-module@100000/switch@0/mdio@1000/ethernet-phy@0' for 'reset' GPIO lookup
[    0.635754] of_get_named_gpiod_flags: parsed 'reset-gpios' property of node '/ocp/interconnect@4a000000/segment@0/target-module@100000/switch@0/mdio@1000/ethernet-phy@0[0]' - status (0)
[    0.635918] gpio gpiochip0: Persistence not supported for GPIO 8
[    0.734200] davinci_mdio 4a101000.mdio: phy[0]: device 4a101000.mdio:00, driver SMSC LAN8710/LAN8720
[    0.734975] cpsw-switch 4a100000.switch: initialized cpsw ale version 1.4
[    0.734997] cpsw-switch 4a100000.switch: ALE Table size 1024, Policers 0
[    0.735307] cpsw-switch 4a100000.switch: cpts: overflow check period 500 (jiffies)
[    0.735328] cpsw-switch 4a100000.switch: CPTS: ref_clk_freq:250000000 calc_mult:2147483648 calc_shift:29 error:0 nsec/sec
[    0.735428] cpsw-switch 4a100000.switch: Detected MACID = 6c:ec:eb:68:de:78
[    0.737282] cpsw-switch 4a100000.switch: initialized (regs 0x4a100000, pool size 256) hw_ver:0019010C 1.12 (0)
[    0.747987] debugfs: Directory '49000000.dma' with parent 'dmaengine' already present!
[    0.748027] edma 49000000.dma: TI EDMA DMA engine driver
[    0.792326] gpio-clk clk_mcasp0: using DT '/clk_mcasp0' for 'enable' GPIO lookup
[    0.792414] of_get_named_gpiod_flags: parsed 'enable-gpios' property of node '/clk_mcasp0[0]' - status (0)
[    0.792458] gpio gpiochip0: Persistence not supported for GPIO 27
[    0.793330] gpiochip_find_base_unlocked: found new base at 608
[    0.793441] gpio gpiochip3: (gpio-96-127): created GPIO range 0->7 ==> 44e10800.pinmux PIN 82->89
[    0.793463] gpio gpiochip3: (gpio-96-127): created GPIO range 8->11 ==> 44e10800.pinmux PIN 52->55
[    0.793479] gpio gpiochip3: (gpio-96-127): created GPIO range 12->15 ==> 44e10800.pinmux PIN 94->97
[    0.793494] gpio gpiochip3: (gpio-96-127): created GPIO range 16->17 ==> 44e10800.pinmux PIN 71->72
[    0.793509] gpio gpiochip3: (gpio-96-127): created GPIO range 18->18 ==> 44e10800.pinmux PIN 135->135
[    0.793531] gpio gpiochip3: (gpio-96-127): created GPIO range 19->20 ==> 44e10800.pinmux PIN 108->109
[    0.793548] gpio gpiochip3: (gpio-96-127): created GPIO range 21->21 ==> 44e10800.pinmux PIN 73->73
[    0.793564] gpio gpiochip3: (gpio-96-127): created GPIO range 22->23 ==> 44e10800.pinmux PIN 8->9
[    0.793581] gpio gpiochip3: (gpio-96-127): created GPIO range 26->27 ==> 44e10800.pinmux PIN 10->11
[    0.793598] gpio gpiochip3: (gpio-96-127): created GPIO range 28->28 ==> 44e10800.pinmux PIN 74->74
[    0.793615] gpio gpiochip3: (gpio-96-127): created GPIO range 29->29 ==> 44e10800.pinmux PIN 81->81
[    0.793633] gpio gpiochip3: (gpio-96-127): created GPIO range 30->31 ==> 44e10800.pinmux PIN 28->29
[    0.804408] gpio gpiochip3: (gpio-96-127): added GPIO chardev (254:3)
[    0.804576] gpio gpiochip3: registered GPIOs 608 to 639 on gpio-96-127
[    0.806474] omap8250 44e09000.serial: using DT '/ocp/interconnect@44c00000/segment@200000/target-module@9000/serial@0' for 'rs485-term' GPIO lookup
[    0.806544] of_get_named_gpiod_flags: can't parse 'rs485-term-gpios' property of node '/ocp/interconnect@44c00000/segment@200000/target-module@9000/serial@0[0]'
[    0.806588] of_get_named_gpiod_flags: can't parse 'rs485-term-gpio' property of node '/ocp/interconnect@44c00000/segment@200000/target-module@9000/serial@0[0]'
[    0.806624] omap8250 44e09000.serial: using lookup tables for GPIO lookup
[    0.806635] omap8250 44e09000.serial: No GPIO consumer rs485-term found
[    0.806645] omap8250 44e09000.serial: using DT '/ocp/interconnect@44c00000/segment@200000/target-module@9000/serial@0' for 'rs485-rx-during-tx' GPIO lookup
[    0.806680] of_get_named_gpiod_flags: can't parse 'rs485-rx-during-tx-gpios' property of node '/ocp/interconnect@44c00000/segment@200000/target-module@9000/serial@0[0]'
[    0.806716] of_get_named_gpiod_flags: can't parse 'rs485-rx-during-tx-gpio' property of node '/ocp/interconnect@44c00000/segment@200000/target-module@9000/serial@0[0]'
[    0.806747] omap8250 44e09000.serial: using lookup tables for GPIO lookup
[    0.806755] omap8250 44e09000.serial: No GPIO consumer rs485-rx-during-tx found
[    0.807240] 44e09000.serial: ttyS0 at MMIO 0x44e09000 (irq = 34, base_baud = 3000000) is a 8250
[    0.807331] printk: legacy console [ttyS0] enabled
[    2.309559] i2c i2c-0: using DT '/ocp/interconnect@44c00000/segment@200000/target-module@b000/i2c@0' for 'scl' GPIO lookup
[    2.309649] of_get_named_gpiod_flags: can't parse 'scl-gpios' property of node '/ocp/interconnect@44c00000/segment@200000/target-module@b000/i2c@0[0]'
[    2.309694] of_get_named_gpiod_flags: can't parse 'scl-gpio' property of node '/ocp/interconnect@44c00000/segment@200000/target-module@b000/i2c@0[0]'
[    2.309735] i2c i2c-0: using lookup tables for GPIO lookup
[    2.309749] i2c i2c-0: No GPIO consumer scl found
[    2.309775] i2c i2c-0: using DT '/ocp/interconnect@44c00000/segment@200000/target-module@b000/i2c@0' for 'sda' GPIO lookup
[    2.309815] of_get_named_gpiod_flags: can't parse 'sda-gpios' property of node '/ocp/interconnect@44c00000/segment@200000/target-module@b000/i2c@0[0]'
[    2.309857] of_get_named_gpiod_flags: can't parse 'sda-gpio' property of node '/ocp/interconnect@44c00000/segment@200000/target-module@b000/i2c@0[0]'
[    2.309892] i2c i2c-0: using lookup tables for GPIO lookup
[    2.309904] i2c i2c-0: No GPIO consumer sda found
[    2.322630] tps65217-pmic: Failed to locate of_node [id: -1]
[    2.328685] tps65217-bl: Failed to locate of_node [id: -1]
[    2.339904] tps65217 0-0024: TPS65217 ID 0xe version 1.2
[    2.346036] /ocp/interconnect@48000000/segment@300000/target-module@e000/lcdc@0: Fixed dependency cycle(s) with /ocp/interconnect@44c00000/segment@200000/target-module@b000/i2c@0/tda19988@70
[    2.363383] /ocp/interconnect@44c00000/segment@200000/target-module@b000/i2c@0/tda19988@70: Fixed dependency cycle(s) with /ocp/interconnect@48000000/segment@300000/target-module@e000/lcdc@0
[    2.380730] omap_i2c 44e0b000.i2c: bus 0 rev0.11 at 400 kHz
[    2.388479] sdhci-omap 48060000.mmc: using DT '/ocp/interconnect@48000000/segment@0/target-module@60000/mmc@0' for 'cd' GPIO lookup
[    2.388586] of_get_named_gpiod_flags: parsed 'cd-gpios' property of node '/ocp/interconnect@48000000/segment@0/target-module@60000/mmc@0[0]' - status (0)
[    2.388652] gpio gpiochip3: Persistence not supported for GPIO 6
[    2.388677] omap_gpio 44e07000.gpio: Could not set line 6 debounce to 200000 microseconds (-22)
[    2.397572] sdhci-omap 48060000.mmc: Got CD GPIO
[    2.402251] sdhci-omap 48060000.mmc: using DT '/ocp/interconnect@48000000/segment@0/target-module@60000/mmc@0' for 'wp' GPIO lookup
[    2.402300] of_get_named_gpiod_flags: can't parse 'wp-gpios' property of node '/ocp/interconnect@48000000/segment@0/target-module@60000/mmc@0[0]'
[    2.402344] of_get_named_gpiod_flags: can't parse 'wp-gpio' property of node '/ocp/interconnect@48000000/segment@0/target-module@60000/mmc@0[0]'
[    2.402383] sdhci-omap 48060000.mmc: using lookup tables for GPIO lookup
[    2.402397] sdhci-omap 48060000.mmc: No GPIO consumer wp found
[    2.402603] sdhci-omap 48060000.mmc: supply pbias not found, using dummy regulator
[    2.411263] sdhci-omap 481d8000.mmc: using DT '/ocp/interconnect@48000000/segment@100000/target-module@d8000/mmc@0' for 'wp' GPIO lookup
[    2.411342] of_get_named_gpiod_flags: can't parse 'wp-gpios' property of node '/ocp/interconnect@48000000/segment@100000/target-module@d8000/mmc@0[0]'
[    2.411393] of_get_named_gpiod_flags: can't parse 'wp-gpio' property of node '/ocp/interconnect@48000000/segment@100000/target-module@d8000/mmc@0[0]'
[    2.411432] sdhci-omap 481d8000.mmc: using lookup tables for GPIO lookup
[    2.411445] sdhci-omap 481d8000.mmc: No GPIO consumer wp found
[    2.412510] sdhci-omap 48060000.mmc: supply vqmmc not found, using dummy regulator
[    2.421050] sdhci-omap 481d8000.mmc: supply pbias not found, using dummy regulator
[    2.429603] sdhci-omap 481d8000.mmc: supply vqmmc not found, using dummy regulator
[    2.467879] mmc1: SDHCI controller on 481d8000.mmc [481d8000.mmc] using External DMA
[    2.476355] mmc0: SDHCI controller on 48060000.mmc [48060000.mmc] using External DMA
[    2.485187] cpsw-switch 4a100000.switch: starting ndev. mode: dual_mac
[    2.552051] mmc1: new high speed MMC card at address 0001
[    2.558932] mmcblk1: mmc1:0001 MMC04G 3.60 GiB
[    2.566616]  mmcblk1: p1 p2
[    2.570424] SMSC LAN8710/LAN8720 4a101000.mdio:00: attached PHY driver (mii_bus:phy_addr=4a101000.mdio:00, irq=POLL)
[    2.583060] mmcblk1boot0: mmc1:0001 MMC04G 2.00 MiB
[    2.595243] mmcblk1boot1: mmc1:0001 MMC04G 2.00 MiB
[    2.602353] mmcblk1rpmb: mmc1:0001 MMC04G 128 KiB, chardev (250:0)
[    2.655242] mmc0: new high speed SDHC card at address aaaa
[    2.662158] mmcblk0: mmc0:aaaa SE32G 29.7 GiB
[    2.671126]  mmcblk0: p1 p2
[    5.762431] cpsw-switch 4a100000.switch eth0: Link is Up - 100Mbps/Full - flow control off
[    5.791682] IP-Config: Complete:
[    5.794954]      device=eth0, hwaddr=6c:ec:eb:68:de:78, ipaddr=192.168.255.1, mask=255.255.255.0, gw=255.255.255.255
[    5.805594]      host=bbb1, domain=, nis-domain=(none)
[    5.810760]      bootserver=192.168.255.126, rootserver=192.168.255.126, rootpath=
[    5.811179] clk: Disabling unused clocks
[    5.823046] PM: genpd: Disabling unused power domains
[    5.828167] KTAP version 1
[    5.830888] 1..0
[    5.860741] VFS: Mounted root (nfs filesystem) on device 0:17.
[    5.867983] devtmpfs: mounted
[    5.872558] Freeing unused kernel image (initmem) memory: 1024K
[    5.879235] Run /sbin/init as init process
[    5.883448]   with arguments:
[    5.883464]     /sbin/init
[    5.883474]     nfsrootdebug
[    5.883483]   with environment:
[    5.883492]     HOME=/
[    5.883500]     TERM=linux
[    6.580796] systemd[1]: System time before build time, advancing clock.
[    8.051682] random: crng init done
[    8.092078] systemd[1]: systemd 232 running in system mode. (+PAM +AUDIT +SELINUX +IMA +APPARMOR +SMACK +SYSVINIT +UTMP +LIBCRYPTSETUP +GCRYPT +GNUTLS +ACL +XZ +LZ4 +SECCOMP +BLKID +ELFUTILS +KMOD +IDN)
[    8.111008] systemd[1]: Detected architecture arm.
[    8.144804] systemd[1]: Set hostname to <arm>.
[    9.238175] systemd[1]: Started Forward Password Requests to Wall Directory Watch.
[    9.273421] systemd[1]: Created slice User and Session Slice.
[    9.303474] systemd[1]: Set up automount Arbitrary Executable File Formats File System Automount Point.
[    9.333788] systemd[1]: Listening on udev Control Socket.
[    9.362086] systemd[1]: Reached target Remote File Systems.
