Labgrid Console Logfile for main
Logfile started at 2024-10-14 12:24:37.998885
=== Log starts here ===
reading args
spl_load_image_fat_os: error reading image args, err - -1
reading u-boot.img
reading u-boot.img


U-Boot 2014.04-00014-g47880f5 (Apr 22 2014 - 13:23:54)

I2C:   ready
DRAM:  512 MiB
NAND:  0 MiB
MMC:   OMAP SD/MMC: 0, OMAP SD/MMC: 1
*** Warning - readenv() failed, using default environment

Net:   <ethaddr> not set. Validating first E-fuse MAC
cpsw, usb_ether
Hit any key to stop autoboot:  1  0 
gpio: pin 53 (gpio 53) value is 1
mmc0 is current device
gpio: pin 54 (gpio 54) value is 1
SD/MMC found on device 0
reading uEnv.txt
569 bytes read in 4 ms (138.7 KiB/s)
gpio: pin 55 (gpio 55) value is 1
Loaded environment from uEnv.txt
Importing environment from mmc ...
Checking if uenvcmd is set ...
gpio: pin 56 (gpio 56) value is 1
Running uenvcmd ...
cpsw Waiting for PHY auto negotiation to complete. done
link up on port 0, speed 100, full duplex
Using cpsw device
TFTP from server 192.168.255.126; our IP address is 192.168.255.1
Filename 'zImage'.
Load address: 0x81000000
Loading: *#################################################################
	 #################################################################
	 #################################################################
	 #################################################################
	 #################################################################
	 ###################################################
	 2.4 MiB/s
done
Bytes transferred = 5514464 (5424e0 hex)
link up on port 0, speed 100, full duplex
Using cpsw device
TFTP from server 192.168.255.126; our IP address is 192.168.255.1
Filename 'am335x-boneblack.dtb'.
Load address: 0x82000000
Loading: *#######
	 2.2 MiB/s
done
Bytes transferred = 98244 (17fc4 hex)
Kernel image @ 0x81000000 [ 0x000000 - 0x5424e0 ]
## Flattened Device Tree blob at 82000000
   Booting using the fdt blob at 0x82000000
   Using Device Tree in place at 82000000, end 8201afc3

Starting kernel ...

[    0.000000] Booting Linux on physical CPU 0x0
[    0.000000] Linux version 6.12.0-rc3-next-20241014 (user01@drvtest01) (arm-linux-gnueabihf-gcc (Linaro GCC 6.4-2017.11) 6.4.1 20171012, GNU ld (Linaro_Binutils-2017.11) 2.27.0.20161229) #114 SMP Mon Oct 14 12:23:48 EEST 2024
[    0.000000] CPU: ARMv7 Processor [413fc082] revision 2 (ARMv7), cr=10c5387d
[    0.000000] CPU: PIPT / VIPT nonaliasing data cache, VIPT aliasing instruction cache
[    0.000000] OF: fdt: Machine model: TI AM335x BeagleBone Black
[    0.000000] Memory policy: Data cache writeback
[    0.000000] cma: Reserved 16 MiB at 0x9e800000 on node -1
[    0.000000] Zone ranges:
[    0.000000]   Normal   [mem 0x0000000080000000-0x000000009fdfffff]
[    0.000000]   HighMem  empty
[    0.000000] Movable zone start for each node
[    0.000000] Early memory node ranges
[    0.000000]   node   0: [mem 0x0000000080000000-0x000000009fdfffff]
[    0.000000] Initmem setup node 0 [mem 0x0000000080000000-0x000000009fdfffff]
[    0.000000] CPU: All CPU(s) started in SVC mode.
[    0.000000] AM335X ES2.1 (sgx neon)
[    0.000000] percpu: Embedded 17 pages/cpu s39756 r8192 d21684 u69632
[    0.000000] Kernel command line: console=ttyO0,115200n8 root=/dev/nfs rw nfsroot=192.168.255.126:/home/user01/nfs,nfsvers=3 ip=192.168.255.1:192.168.255.126::255.255.255.0:bbb1:eth0 nfsrootdebug
[    0.000000] Unknown kernel command line parameters "nfsrootdebug", will be passed to user space.
[    0.000000] Dentry cache hash table entries: 65536 (order: 6, 262144 bytes, linear)
[    0.000000] Inode-cache hash table entries: 32768 (order: 5, 131072 bytes, linear)
[    0.000000] Built 1 zonelists, mobility grouping on.  Total pages: 130560
[    0.000000] mem auto-init: stack:off, heap alloc:off, heap free:off
[    0.000000] SLUB: HWalign=64, Order=0-3, MinObjects=0, CPUs=1, Nodes=1
[    0.000000] trace event string verifier disabled
[    0.000000] rcu: Hierarchical RCU implementation.
[    0.000000] rcu: 	RCU event tracing is enabled.
[    0.000000] rcu: 	RCU restricting CPUs from NR_CPUS=2 to nr_cpu_ids=1.
[    0.000000] 	Tracing variant of Tasks RCU enabled.
[    0.000000] rcu: RCU calculated value of scheduler-enlistment delay is 10 jiffies.
[    0.000000] rcu: Adjusting geometry for rcu_fanout_leaf=16, nr_cpu_ids=1
[    0.000000] RCU Tasks Trace: Setting shift to 0 and lim to 1 rcu_task_cb_adjust=1 rcu_task_cpu_ids=1.
[    0.000000] NR_IRQS: 16, nr_irqs: 16, preallocated irqs: 16
[    0.000000] IRQ: Found an INTC at 0x(ptrval) (revision 5.0) with 128 interrupts
[    0.000000] rcu: srcu_init: Setting srcu_struct sizes based on contention.
[    0.000000] TI gptimer clocksource: always-on /ocp/interconnect@44c00000/segment@200000/target-module@31000
[    0.000003] sched_clock: 32 bits at 24MHz, resolution 41ns, wraps every 89478484971ns
[    0.000027] clocksource: dmtimer: mask: 0xffffffff max_cycles: 0xffffffff, max_idle_ns: 79635851949 ns
[    0.000505] TI gptimer clockevent: 24000000 Hz at /ocp/interconnect@48000000/segment@0/target-module@40000
[    0.002152] Console: colour dummy device 80x30
[    0.002217] WARNING: Your 'console=ttyO0' has been replaced by 'ttyS0'
[    0.002225] This ensures that you still see kernel messages. Please
[    0.002230] update your kernel commandline.
[    0.002273] Calibrating delay loop... 996.14 BogoMIPS (lpj=4980736)
[    0.090557] CPU: Testing write buffer coherency: ok
[    0.090654] CPU0: Spectre v2: using BPIALL workaround
[    0.090667] pid_max: default: 32768 minimum: 301
[    0.090796] LSM: initializing lsm=capability
[    0.090976] Mount-cache hash table entries: 1024 (order: 0, 4096 bytes, linear)
[    0.090999] Mountpoint-cache hash table entries: 1024 (order: 0, 4096 bytes, linear)
[    0.092661] CPU0: thread -1, cpu 0, socket -1, mpidr 0
[    0.160959] Setting up static identity map for 0x80100000 - 0x80100078
[    0.170724] rcu: Hierarchical SRCU implementation.
[    0.170736] rcu: 	Max phase no-delay instances is 1000.
[    0.190772] smp: Bringing up secondary CPUs ...
[    0.190829] smp: Brought up 1 node, 1 CPU
[    0.190845] SMP: Total of 1 processors activated (996.14 BogoMIPS).
[    0.190857] CPU: All CPU(s) started in SVC mode.
[    0.191051] Memory: 480860K/522240K available (11264K kernel code, 1212K rwdata, 2884K rodata, 1024K init, 300K bss, 23368K reserved, 16384K cma-reserved, 0K highmem)
[    0.191945] devtmpfs: initialized
[    0.208651] VFP support v0.3: implementor 41 architecture 3 part 30 variant c rev 3
[    0.209000] clocksource: jiffies: mask: 0xffffffff max_cycles: 0xffffffff, max_idle_ns: 19112604462750000 ns
[    0.209035] futex hash table entries: 256 (order: 2, 16384 bytes, linear)
[    0.210320] pinctrl core: initialized pinctrl subsystem
[    0.213380] NET: Registered PF_NETLINK/PF_ROUTE protocol family
[    0.216170] DMA: preallocated 256 KiB pool for atomic coherent allocations
[    0.217079] audit: initializing netlink subsys (disabled)
[    0.218492] thermal_sys: Registered thermal governor 'fair_share'
[    0.218509] thermal_sys: Registered thermal governor 'step_wise'
[    0.218518] thermal_sys: Registered thermal governor 'user_space'
[    0.218680] audit: type=2000 audit(0.210:1): state=initialized audit_enabled=0 res=1
[    0.218720] cpuidle: using governor menu
[    0.237823] No ATAGs?
[    0.237849] hw-breakpoint: debug architecture 0x4 unsupported.
[    0.240680] kprobes: kprobe jump-optimization is enabled. All kprobes are optimized if possible.
[    0.254111] iommu: Default domain type: Translated
[    0.254134] iommu: DMA domain TLB invalidation policy: strict mode
[    0.261566] SCSI subsystem initialized
[    0.262420] pps_core: LinuxPPS API ver. 1 registered
[    0.262432] pps_core: Software ver. 5.3.6 - Copyright 2005-2007 Rodolfo Giometti <giometti@linux.it>
[    0.262456] PTP clock support registered
[    0.270935] vgaarb: loaded
[    0.271349] clocksource: Switched to clocksource dmtimer
[    0.272018] VFS: Disk quotas dquot_6.6.0
[    0.272064] VFS: Dquot-cache hash table entries: 1024 (order 0, 4096 bytes)
[    0.297288] NET: Registered PF_INET protocol family
[    0.297648] IP idents hash table entries: 8192 (order: 4, 65536 bytes, linear)
[    0.299058] tcp_listen_portaddr_hash hash table entries: 512 (order: 0, 4096 bytes, linear)
[    0.299096] Table-perturb hash table entries: 65536 (order: 6, 262144 bytes, linear)
[    0.299114] TCP established hash table entries: 4096 (order: 2, 16384 bytes, linear)
[    0.299157] TCP bind hash table entries: 4096 (order: 4, 65536 bytes, linear)
[    0.299257] TCP: Hash tables configured (established 4096 bind 4096)
[    0.299380] UDP hash table entries: 256 (order: 1, 8192 bytes, linear)
[    0.299410] UDP-Lite hash table entries: 256 (order: 1, 8192 bytes, linear)
[    0.299583] NET: Registered PF_UNIX/PF_LOCAL protocol family
[    0.312248] RPC: Registered named UNIX socket transport module.
[    0.312270] RPC: Registered udp transport module.
[    0.312277] RPC: Registered tcp transport module.
[    0.312282] RPC: Registered tcp-with-tls transport module.
[    0.312288] RPC: Registered tcp NFSv4.1 backchannel transport module.
[    0.312313] PCI: CLS 0 bytes, default 64
[    0.313791] Initialise system trusted keyrings
[    0.314604] workingset: timestamp_bits=14 max_order=17 bucket_order=3
[    0.316297] NFS: Registering the id_resolver key type
[    0.316382] Key type id_resolver registered
[    0.316391] Key type id_legacy registered
[    0.316443] jffs2: version 2.2. (NAND) (SUMMARY)  Â© 2001-2006 Red Hat, Inc.
[    0.316855] Key type asymmetric registered
[    0.316871] Asymmetric key parser 'x509' registered
[    0.316942] io scheduler mq-deadline registered
[    0.316953] io scheduler kyber registered
[    0.317023] io scheduler bfq registered
[    0.318685] ledtrig-cpu: registered to indicate activity on CPUs
[    0.332137] Serial: 8250/16550 driver, 6 ports, IRQ sharing enabled
[    0.373170] brd: module loaded
[    0.393689] loop: module loaded
[    0.394610] mtdoops: mtd device (mtddev=name/number) must be supplied
[    0.397734] i2c_dev: i2c /dev entries driver
[    0.398733] cpuidle: enable-method property 'ti,am3352' found operations
[    0.399176] sdhci: Secure Digital Host Controller Interface driver
[    0.399187] sdhci: Copyright(c) Pierre Ossman
[    0.399371] sdhci-pltfm: SDHCI platform and OF driver helper
[    0.400380] Initializing XFRM netlink socket
[    0.400532] NET: Registered PF_INET6 protocol family
[    0.402786] Segment Routing with IPv6
[    0.402880] In-situ OAM (IOAM) with IPv6
[    0.402981] sit: IPv6, IPv4 and MPLS over IPv4 tunneling driver
[    0.403948] NET: Registered PF_PACKET protocol family
[    0.403985] NET: Registered PF_KEY protocol family
[    0.404123] Key type dns_resolver registered
[    0.404397] ThumbEE CPU extension supported.
[    0.404416] Registering SWP/SWPB emulation handler
[    0.404945] omap_voltage_late_init: Voltage driver support not added
[    0.405296] SmartReflex Class3 initialized
[    0.439959] Loading compiled-in X.509 certificates
[    0.522608] platform 44e10800.pinmux: Fixed dependency cycle(s) with /ocp/interconnect@44c00000/segment@200000/target-module@10000/scm@0/pinmux@800/clkout2-pins
[    0.523192] pinctrl-single 44e10800.pinmux: 142 pins, size 568
[    0.528206] ti-sysc 44e31000.target-module: probe with driver ti-sysc failed with error -16
[    0.567714] ti-sysc 48040000.target-module: probe with driver ti-sysc failed with error -16
[    0.606197] OMAP GPIO hardware version 0.1
[    0.634267] omap_i2c 4819c000.i2c: bus 2 rev0.11 at 100 kHz
[    0.659703] 48000000.interconnect:segment@200000:target-module@0:mpu@0:fck: device ID is greater than 24
[    0.664148] platform 4830e000.lcdc: Fixed dependency cycle(s) with /ocp/interconnect@44c00000/segment@200000/target-module@b000/i2c@0/tda19988@70
[    0.675067] sdhci-omap 481d8000.mmc: supply pbias not found, using dummy regulator
[    0.675570] sdhci-omap 481d8000.mmc: supply vqmmc not found, using dummy regulator
[    0.737197] davinci_mdio 4a101000.mdio: davinci mdio revision 1.6, bus freq 1000000
[    0.852111] davinci_mdio 4a101000.mdio: phy[0]: device 4a101000.mdio:00, driver SMSC LAN8710/LAN8720
[    0.852933] cpsw-switch 4a100000.switch: initialized cpsw ale version 1.4
[    0.852960] cpsw-switch 4a100000.switch: ALE Table size 1024, Policers 0
[    0.853103] cpsw-switch 4a100000.switch: cpts: overflow check period 500 (jiffies)
[    0.853120] cpsw-switch 4a100000.switch: CPTS: ref_clk_freq:250000000 calc_mult:2147483648 calc_shift:29 error:0 nsec/sec
[    0.853218] cpsw-switch 4a100000.switch: Detected MACID = 6c:ec:eb:68:de:78
[    0.855039] cpsw-switch 4a100000.switch: initialized (regs 0x4a100000, pool size 256) hw_ver:0019010C 1.12 (0)
[    0.866045] debugfs: Directory '49000000.dma' with parent 'dmaengine' already present!
[    0.866087] edma 49000000.dma: TI EDMA DMA engine driver
[    0.885528] target-module@4b000000:target-module@140000:pmu@0:fck: device ID is greater than 24
[    0.905911] hw perfevents: enabled with armv7_cortex_a8 PMU driver, 5 (8000000f) counters available
[    0.916153] l3-aon-clkctrl:0000:0: failed to disable
[    0.917440] 44e09000.serial: ttyS0 at MMIO 0x44e09000 (irq = 34, base_baud = 3000000) is a 8250
[    0.917526] printk: legacy console [ttyS0] enabled
 [    2.292354] tps65217-pmic: Failed to locate of_node [id: -1]
[    2.298436] tps65217-bl: Failed to locate of_node [id: -1]
[    2.309868] tps65217 0-0024: TPS65217 ID 0xe version 1.2
[    2.316018] platform 4830e000.lcdc: Fixed dependency cycle(s) wiDHCI controller on 481d8000.mmc [481d8000.mmc] using External DMA
[    2.438232] mmc0: SDHCI controller on 48060000.mmc [48060000.mmc] using External DMA
[    2.447046] cpsw-switch 4a100000.switch: starting ndev. mode: dual_mac
[    2.490681] mmc0: new high speed SDHC card at address 5048
[    2.497789] mmcblk0: mmc0:5048 SD16G 14.4 GiB
[    2.505903]  mmcblk0: p1 p2
[    2.509282] mmcblk0: p2 size 31221760 extends beyond EOD, truncated
[    2.522643] SMSC LAN8710/LAN8720 4a101000.mdio:00: attached PHY driver (mii_bus:phy_addr=4a101000.mdio:00, irq=POLL)
[    2.535323] mmc1: new high speed MMC card at address 0001
[    2.542451] mmcblk1: mmc1:0001 MMC04G 3.60 GiB
[    2.554136]  mmcblk1: p1 p2
[    2.558436] mmcblk1boot0: mmc1:0001 MMC04G 2.00 MiB
[    2.565782] mmcblk1boot1: mmc1:0001 MMC04G 2.00 MiB
[    2.573287] mmcblk1rpmb: mmc1:0001 MMC04G 128 KiB, chardev (250:0)
[    5.682131] cpsw-switch 4a100000.switch eth0: Link is Up - 100Mbps/Full - flow control off
[    5.711371] IP-Config: Complete:
[    5.714642]      device=eth0, hwaddr=6c:ec:eb:68:de:78, ipaddr=192.168.255.1, mask=255.255.255.0, gw=255.255.255.255
[    5.725288]      host=bbb1, domain=, nis-domain=(none)
[    5.730456]      bootserver=192.168.255.126, rootserver=192.168.255.126, rootpath=
[    5.730879] clk: Disabling unused clocks
[    5.742750] PM: genpd: Disabling unused power domains
[    5.747872] KTAP version 1
[    5.750593] 1..0
[    5.782762] VFS: Mounted root (nfs filesystem) on device 0:17.
[    5.789581] devtmpfs: mounted
[    5.794516] Freeing unused kernel image (initmem) memory: 1024K
[    5.801149] Run /sbin/init as init process
[    6.519610] systemd[1]: System time before build time, advancing clock.
[    7.971374] random: crng init done
[    8.012269] systemd[1]: systemd 232 running in system mode. (+PAM +AUDIT +SELINUX +IMA +APPARMOR +SMACK +SYSVINIT +UTMP +LIBCRYPTSETUP +GCRYPT +GNUTLS +ACL +XZ +LZ4 +SECCOMP +BLKID +ELFUTILS +KMOD +IDN)
[    8.031438] systemd[1]: Detected architecture arm.

Welcome to [1mDebian GNU/Linux 9 (stretch)[0m!

[    8.064650] systemd[1]: Set hostname to <arm>.
[    9.190192] systemd[1]: Started Dispatch Password Requests to Console Directory Watch.
[[0;32m  OK  [0m] Started Dispatch Password Requests to Console Directory Watch.
[    9.223352] systemd[1]: Listening on /dev/initctl Compatibility Named Pipe.
[[0;32m  OK  [0m] Listening on /dev/initctl Compatibility Named Pipe.
[    9.253235] systemd[1]: Set up automount Arbitrary Executable File Formats File System Automount Point.
[[0;32m  OK  [0m] Set up automount Arbitrary Executabâ€¦rmats File System Automount Point.
[    9.283501] systemd[1]: Listening on udev Control Socket.
[[0;32m  OK  [0m] Listening on udev Control Socket.
[    9.312977] systemd[1]: Created slice User and Session Slice.
[[0;32m  OK  [0m] Created slice User and Session Slice.
[    9.343427] systemd[1]: Listening on Syslog Socket.
[[0;32m  OK  [0m] Listening on Syslog Socket.
[    9.372224] systemd[1]: Listening on Journal Socket.
[[0;32m  OK  [0m] Listening on Journal Socket.
[[0;32m  OK  [0m] Reached target Swap.
[[0;32m  OK  [0m] Listening on Journal Audit Socket.
[[0;32m  OK  [0m] Created slice System Slice.
[[0;32m  OK  [0m] Created slice system-serial\x2dgetty.slice.
         Mounting POSIX Message Queue File System...
         Starting Load Kernel Modules...
         Starting Create list of required stâ€¦ce nodes for the current kernel...
         Starting Remount Root and Kernel File Systems...
[[0;32m  OK  [0m] Created slice system-getty.slice.
[[0;32m  OK  [0m] Listening on Journal Socket (/dev/log).
[[0;32m  OK  [0m] Reached target Slices.
[[0;32m  OK  [0m] Reached target Remote File Systems.
[[0;32m  OK  [0m] Started Forward Password Requests to Wall Directory Watch.
[[0;32m  OK  [0m] Reached target Encrypted Volumes.
[[0;32m  OK  [0m] Reached target Paths.
         Starting Journal Service...
[[0;32m  OK  [0m] Listening on udev Kernel Socket.
         Mounting Debug File System...
[[0;32m  OK  [0m] Mounted POSIX Message Queue File System.
[[0;32m  OK  [0m] Started Load Kernel Modules.
[[0;32m  OK  [0m] Started Create list of required staâ€¦vice nodes for the current kernel.
[[0;32m  OK  [0m] Started Remount Root and Kernel File Systems.
[[0;32m  OK  [0m] Mounted Debug File System.
         Starting Load/Save Random Seed...
         Starting udev Coldplug all Devices...
         Starting Create Static Device Nodes in /dev...
         Mounting Configuration File System...
         Starting Apply Kernel Variables...
[[0;32m  OK  [0m] Mounted Configuration File System.
[[0;32m  OK  [0m] Started Load/Save Random Seed.
[[0;32m  OK  [0m] Started Apply Kernel Variables.
[[0;32m  OK  [0m] Started Journal Service.
         Starting Flush Journal to Persistent Storage...
[[0;32m  OK  [0m] Started Create Static Device Nodes in /dev.
[[0;32m  OK  [0m] Reached target Local File Systems (Pre).
[[0;32m  OK  [0m] Reached target Local File Systems.
         Starting Raise network interfaces...
         Starting udev Kernel Device Manager...
[   11.402360] systemd-journald[91]: Received request to flush runtime journal from PID 1
[[0;32m  OK  [0m] Started Flush Journal to Persistent Storage.
         Starting Create Volatile Files and Directories...
[[0;32m  OK  [0m] Started udev Kernel Device Manager.
[[0;32m  OK  [0m] Started Create Volatile Files and Directories.
         Starting Update UTMP about System Boot/Shutdown...
         Starting Network Time Synchronization...
[[0;32m  OK  [0m] Started Update UTMP about System Boot/Shutdown.
[[0;32m  OK  [0m] Started udev Coldplug all Devices.
[   14.576101] remoteproc remoteproc0: wkup_m3 is available
[   14.768760] omap_rtc 44e3e000.rtc: registered as rtc0
[   14.774194] omap_rtc 44e3e000.rtc: setting system clock to 2000-01-01T00:00:00 UTC (946684800)
[[0;32m  OK  [0m] Found device /dev/ttyS0.[   14.928213] omap_wdt: OMAP Watchdog Timer Rev 0x01: initial timeout 60 sec

[   15.043205] at24 2-0054: supply vcc not found, using dummy regulator
[   15.075690] tps6521x_pwrbutton tps65217-pwrbutton: DMA mask not set
[[0;32m  OK  [0m] Started Network Time Synchronization.
[[0;32m  OK  [0m] Reached target System Initialization.
[[0;32m  OK  [0m] Listening on D-Bus System Message Bus Socket[   15.205790] input: tps65217_pwrbutton as /devices/platform/ocp/44c00000.interconnect/44c00000.interconnect:segment@200000/44e0b000.target-module/44e0b000.i2c/i2c-0/0-0024/tps65217-pwrbutton/input/input0
.
[   15.234013] at24 2-0055: supply vcc not found, using dummy regulator
[[0;32m  OK  [0m] Listening on Avahi mDNS/DNS-SD Stack Activation Socket.
[[0;32m  OK  [0m] Reached target Sockets.
[[0;32m  OK  [0m] Reached target Basic System.
[   15.341704] at24 2-0056: supply vcc not found, using dummy regulator
[   15.416232] at24 2-0057: supply vcc not found, using dummy regulator
         Starting Login Service...
         Starting LSB: Load kernel modules needed to enable cpufreq scaling...
[   15.539117] at24 0-0050: 32768 byte 24c256 EEPROM, writable, 1 bytes/write
[[0;32m  OK  [0m] Started D-Bus System Message Bus.
[   15.733543] wkup_m3_ipc 44e11324.wkup_m3_ipc: IPC Request for A8->M3 Channel failed! -517
[   16.339772] am335x-phy-driver 47401300.usb-phy: dummy supplies not allowed for exclusive requests (id=vbus)
[   16.506908] am335x-phy-driver 47401b00.usb-phy: dummy supplies not allowed for exclusive requests (id=vbus)
[   16.519712] wkup_m3_ipc 44e11324.wkup_m3_ipc: IPC Request for A8->M3 Channel failed! -517
[   16.532099] usbcore: registered new interface driver usbfs
[   16.537729] usbcore: registered new interface driver hub
[   16.543277] usbcore: registered new device driver usb
[   16.653091] wkup_m3_ipc 44e11324.wkup_m3_ipc: IPC Request for A8->M3 Channel failed! -517
[   17.109940] tda998x 0-0070: found TDA19988
[   17.234766] wkup_m3_ipc 44e11324.wkup_m3_ipc: IPC Request for A8->M3 Channel failed! -517
[   17.336899] wkup_m3_ipc 44e11324.wkup_m3_ipc: IPC Request for A8->M3 Channel failed! -517
[   17.370692] musb-hdrc musb-hdrc.1: MUSB HDRC host driver
[   17.376381] musb-hdrc musb-hdrc.1: new USB bus registered, assigned bus number 1
[   17.456965] omap-mailbox 480c8000.mailbox: omap mailbox rev 0x400
[   17.542870] remoteproc remoteproc0: powering up wkup_m3
[   17.615639] usb usb1: New USB device found, idVendor=1d6b, idProduct=0002, bcdDevice= 6.12
[   17.624309] usb usb1: New USB device strings: Mfr=3, Product=2, SerialNumber=1
[   17.631657] usb usb1: Product: MUSB HDRC host driver
[   17.636653] usb usb1: Manufacturer: Linux 6.12.0-rc3-next-20241014 musb-hcd
[   17.643685] usb usb1: SerialNumber: musb-hdrc.1
[   17.721070] remoteproc remoteproc0: Direct firmware load for am335x-pm-firmware.elf failed with error -2
[   17.730915] remoteproc remoteproc0: request_firmware failed: -2
[   17.736944] wkup_m3_ipc 44e11324.wkup_m3_ipc: rproc_boot failed
[   18.024246] hub 1-0:1.0: USB hub found
[   18.092951] hub 1-0:1.0: 1 port detected
[   19.433989] omap_rng 48310000.rng: Random Number Generator ver. 20
[   19.452935] tilcdc 4830e000.lcdc: bound 0-0070 (ops tda998x_driver_exit [tda998x])
[   19.567970] [drm] Initialized tilcdc 1.0.0 for 4830e000.lcdc on minor 0
[   19.651961] tilcdc 4830e000.lcdc: [drm] Cannot find any crtc or sizes
[   19.663510] tilcdc 4830e000.lcdc: [drm] Cannot find any crtc or sizes
         Starting Connection service...
         Starting Generic Board Startup...
         Starting Cape Manager Service...
[[0;32m  OK  [0m] Started Regular background program processing daemon.
         Starting System Logging Service...
         Starting Telephony service...
         Starting Avahi mDNS/DNS-SD Stack...
[   20.610713] PM: Cannot get wkup_m3_ipc handle
         Starting DUN service...
[   20.808374] omap-sham 53100000.sham: hw accel on OMAP rev 4.3
         Starting LSB: Start busybox udhcpd at boot time...
[[0;32m  OK  [0m] Started Daily Cleanup of Temporary Directories.
[[0;32m  OK  [0m] Reached target System Time Synchronized.
[   20.990876] omap-sham 53100000.sham: will run requests pump with realtime priority
[   21.001779] PM: Cannot get wkup_m3_ipc handle
[[0;32m  OK  [0m] Started Daily apt download activities.
[   21.078365] omap-aes 53500000.aes: OMAP AES hw accel rev: 3.2
[[0;32m  OK  [0m] Started Daily apt upgrade and clean activities.
[[0;32m  OK  [0m] Reached target Timers.
[   21.255820] omap-aes 53500000.aes: will run requests pump with realtime priority
[   21.270333] PM: Cannot get wkup_m3_ipc handle
[[0;32m  OK  [0m] Started Cape Manager Service.
[[0;32m  OK  [0m] Started System Logging Service.
[   23.892741] Bluetooth: Core ver 2.22
[   23.896582] NET: Registered PF_BLUETOOTH protocol family
[   23.902121] Bluetooth: HCI device and connection manager initialized
[   23.908540] Bluetooth: HCI socket layer initialized
[   23.913524] Bluetooth: L2CAP socket layer initialized
[   23.918643] Bluetooth: SCO socket layer initialized
[   24.859954] PM: Cannot get wkup_m3_ipc handle
[[0;32m  OK  [0m] Started LSB: Start busybox udhcpd at boot time.
[[0;32m  OK  [0m] Started Raise network interfaces.
[[0;32m  OK  [0m] Started LSB: Load kernel modules needed to enable cpufreq scaling.
[   28.798939] configfs-gadget.g_multi gadget.0: HOST MAC 1c:ba:8c:a2:ed:6c
[   28.805969] configfs-gadget.g_multi gadget.0: MAC 1c:ba:8c:a2:ed:70
[   28.813397] configfs-gadget.g_multi gadget.0: HOST MAC 1c:ba:8c:a2:ed:6c
[   28.820160] configfs-gadget.g_multi gadget.0: MAC 1c:ba:8c:a2:ed:6d
[   28.829898] PM: Cannot get wkup_m3_ipc handle
[[0;32m  OK  [0m] Started DUN service.
[[0;32m  OK  [0m] Started Telephony service.
[[0;32m  OK  [0m] Started Connection service.
[[0;32m  OK  [0m] Started Avahi mDNS/DNS-SD Stack.
[[0;32m  OK  [0m] Started Login Service.
[[0;32m  OK  [0m] Reached target Sound Card.
         Starting LSB: set CPUFreq kernel parameters...
[[0;32m  OK  [0m] Reached target Network.
         Starting Permit User Sessions...
         Starting The Apache HTTP Server...
         Starting OpenBSD Secure Shell server...
[[0;32m  OK  [0m] Reached target Network is Online.
         Starting LSB: Advanced IEEE 802.11 management daemon...
[[0;32m  OK  [0m] Started Permit User Sessions.
[[0;32m  OK  [0m] Started LSB: Advanced IEEE 802.11 management daemon.
         Starting Hostname Service...
         Starting WPA supplicant...
[[0;32m  OK  [0m] Started Serial Getty on ttyS0.
[[0;32m  OK  [0m] Started Getty on tty1.
[[0;32m  OK  [0m] Reached target Login Prompts.
[[0;32m  OK  [0m] Started LSB: set CPUFreq kernel parameters.
[[0;32m  OK  [0m] Started WPA supplicant.
[[0;32m  OK  [0m] Started Hostname Service.
[[0;32m  OK  [0m] Started OpenBSD Secure Shell server.
         Stopping LSB: Start busybox udhcpd at boot time...
[[0;32m  OK  [0m] Stopped LSB: Start busybox udhcpd at boot time.
[[0;32m  OK  [0m] Started The Apache HTTP Server.
         Starting dnsmasq - A lightweight DHCP and caching DNS server...
[[0;32m  OK  [0m] Started dnsmasq - A lightweight DHCP and caching DNS server.
[[0;32m  OK  [0m] Reached target Host and Network Name Lookups.
[[0;32m  OK  [0m] Started Serial Getty on ttyGS0.
[[0;32m  OK  [0m] Started Generic Board Startup.
[[0;32m  OK  [0m] Reached target Multi-User System.
[[0;32m  OK  [0m] Reached target Graphical Interface.
         Starting Update UTMP about System Runlevel Changes...
[[0;32m  OK  [0m] Started Update UTMP about System Runlevel Changes.

Debian GNU/Linux 9 arm ttyS0

default username:password is [debian:temppwd]

arm login: root
Password: 
Last login: Sat Jan  1 00:00:33 UTC 2000 on ttyS0
root
Linux arm 6.12.0-rc3-next-20241014 #114 SMP Mon Oct 14 12:23:48 EEST 2024 armv7l

The programs included with the Debian GNU/Linux system are free software;
the exact distribution terms for each program are described in the
individual files in /usr/share/doc/*/copyright.

Debian GNU/Linux comes with ABSOLUTELY NO WARRANTY, to the extent
permitted by applicable law.
root@arm:~# root
dmesg -n 1
-bash: root: command not found
root@arm:~# dmesg -n 1
root@arm:~# echo 'XUWB''JFXJCC'
XUWBJFXJCC
root@arm:~# run() { echo -n "$MARKER"; sh -c "$@"; echo "$MARKER $?"; }
root@arm:~# echo 'ECEY''JKZNWB'
ECEYJKZNWB
root@arm:~# MARKER='AQQB''WPFWOP' run 'cat /proc/version'
AQQBWPFWOPLinux version 6.12.0-rc3-next-20241014 (user01@drvtest01) (arm-linux-gnueabihf-gcc (Linaro GCC 6.4-2017.11) 6.4.1 20171012, GNU ld (Linaro_Binutils-2017.11) 2.27.0.20161229) #114 SMP Mon Oct 14 12:23:48 EEST 2024
AQQBWPFWOP 0
root@arm:~# echo 'NKEP''ZZWEME'
NKEPZZWEME
root@arm:~# MARKER='NTNE''BAAXAY' run false
NTNEBAAXAYNTNEBAAXAY 1
root@arm:~# Labgrid Console Logfile for main
Logfile started at 2024-10-14 12:25:38.186857
=== Log starts here ===

root@arm:~# run() { echo -n "$MARKER"; sh -c "$@"; echo "$MARKER $?"; }
root@arm:~# echo 'BFCN''UWTEMW'
BFCNUWTEMW
root@arm:~# MARKER='XVAM''HNAGKN' run dmesg
XVAMHNAGKN[    0.000000] Booting Linux on physical CPU 0x0
[    0.000000] Linux version 6.12.0-rc3-next-20241014 (user01@drvtest01) (arm-linux-gnueabihf-gcc (Linaro GCC 6.4-2017.11) 6.4.1 20171012, GNU ld (Linaro_Binutils-2017.11) 2.27.0.20161229) #114 SMP Mon Oct 14 12:23:48 EEST 2024
[    0.000000] CPU: ARMv7 Processor [413fc082] revision 2 (ARMv7), cr=10c5387d
[    0.000000] CPU: PIPT / VIPT nonaliasing data cache, VIPT aliasing instruction cache
[    0.000000] OF: fdt: Machine model: TI AM335x BeagleBone Black
[    0.000000] Memory policy: Data cache writeback
[    0.000000] cma: Reserved 16 MiB at 0x9e800000 on node -1
[    0.000000] Zone ranges:
[    0.000000]   Normal   [mem 0x0000000080000000-0x000000009fdfffff]
[    0.000000]   HighMem  empty
[    0.000000] Movable zone start for each node
[    0.000000] Early memory node ranges
[    0.000000]   node   0: [mem 0x0000000080000000-0x000000009fdfffff]
[    0.000000] Initmem setup node 0 [mem 0x0000000080000000-0x000000009fdfffff]
[    0.000000] CPU: All CPU(s) started in SVC mode.
[    0.000000] AM335X ES2.1 (sgx neon)
[    0.000000] percpu: Embedded 17 pages/cpu s39756 r8192 d21684 u69632
[    0.000000] pcpu-alloc: s39756 r8192 d21684 u69632 alloc=17*4096
[    0.000000] pcpu-alloc: [0] 0 
[    0.000000] Kernel command line: console=ttyO0,115200n8 root=/dev/nfs rw nfsroot=192.168.255.126:/home/user01/nfs,nfsvers=3 ip=192.168.255.1:192.168.255.126::255.255.255.0:bbb1:eth0 nfsrootdebug
[    0.000000] Unknown kernel command line parameters "nfsrootdebug", will be passed to user space.
[    0.000000] Dentry cache hash table entries: 65536 (order: 6, 262144 bytes, linear)
[    0.000000] Inode-cache hash table entries: 32768 (order: 5, 131072 bytes, linear)
[    0.000000] Built 1 zonelists, mobility grouping on.  Total pages: 130560
[    0.000000] mem auto-init: stack:off, heap alloc:off, heap free:off
[    0.000000] SLUB: HWalign=64, Order=0-3, MinObjects=0, CPUs=1, Nodes=1
[    0.000000] trace event string verifier disabled
[    0.000000] rcu: Hierarchical RCU implementation.
[    0.000000] rcu: 	RCU event tracing is enabled.
[    0.000000] rcu: 	RCU restricting CPUs from NR_CPUS=2 to nr_cpu_ids=1.
[    0.000000] 	Tracing variant of Tasks RCU enabled.
[    0.000000] rcu: RCU calculated value of scheduler-enlistment delay is 10 jiffies.
[    0.000000] rcu: Adjusting geometry for rcu_fanout_leaf=16, nr_cpu_ids=1
[    0.000000] RCU Tasks Trace: Setting shift to 0 and lim to 1 rcu_task_cb_adjust=1 rcu_task_cpu_ids=1.
[    0.000000] NR_IRQS: 16, nr_irqs: 16, preallocated irqs: 16
[    0.000000] IRQ: Found an INTC at 0x(ptrval) (revision 5.0) with 128 interrupts
[    0.000000] rcu: srcu_init: Setting srcu_struct sizes based on contention.
[    0.000000] TI gptimer clocksource: always-on /ocp/interconnect@44c00000/segment@200000/target-module@31000
[    0.000003] sched_clock: 32 bits at 24MHz, resolution 41ns, wraps every 89478484971ns
[    0.000027] clocksource: dmtimer: mask: 0xffffffff max_cycles: 0xffffffff, max_idle_ns: 79635851949 ns
[    0.000505] TI gptimer clockevent: 24000000 Hz at /ocp/interconnect@48000000/segment@0/target-module@40000
[    0.002152] Console: colour dummy device 80x30
[    0.002217] WARNING: Your 'console=ttyO0' has been replaced by 'ttyS0'
[    0.002225] This ensures that you still see kernel messages. Please
[    0.002230] update your kernel commandline.
[    0.002273] Calibrating delay loop... 996.14 BogoMIPS (lpj=4980736)
[    0.090557] CPU: Testing write buffer coherency: ok
[    0.090654] CPU0: Spectre v2: using BPIALL workaround
[    0.090667] pid_max: default: 32768 minimum: 301
[    0.090796] LSM: initializing lsm=capability
[    0.090976] Mount-cache hash table entries: 1024 (order: 0, 4096 bytes, linear)
[    0.090999] Mountpoint-cache hash table entries: 1024 (order: 0, 4096 bytes, linear)
[    0.092661] CPU0: thread -1, cpu 0, socket -1, mpidr 0
[    0.160959] Setting up static identity map for 0x80100000 - 0x80100078
[    0.170724] rcu: Hierarchical SRCU implementation.
[    0.170736] rcu: 	Max phase no-delay instances is 1000.
[    0.190772] smp: Bringing up secondary CPUs ...
[    0.190829] smp: Brought up 1 node, 1 CPU
[    0.190845] SMP: Total of 1 processors activated (996.14 BogoMIPS).
[    0.190857] CPU: All CPU(s) started in SVC mode.
[    0.191051] Memory: 480860K/522240K available (11264K kernel code, 1212K rwdata, 2884K rodata, 1024K init, 300K bss, 23368K reserved, 16384K cma-reserved, 0K highmem)
[    0.191945] devtmpfs: initialized
[    0.208651] VFP support v0.3: implementor 41 architecture 3 part 30 variant c rev 3
[    0.209000] clocksource: jiffies: mask: 0xffffffff max_cycles: 0xffffffff, max_idle_ns: 19112604462750000 ns
[    0.209035] futex hash table entries: 256 (order: 2, 16384 bytes, linear)
[    0.210320] pinctrl core: initialized pinctrl subsystem
[    0.213380] NET: Registered PF_NETLINK/PF_ROUTE protocol family
[    0.216170] DMA: preallocated 256 KiB pool for atomic coherent allocations
[    0.217079] audit: initializing netlink subsys (disabled)
[    0.218492] thermal_sys: Registered thermal governor 'fair_share'
[    0.218509] thermal_sys: Registered thermal governor 'step_wise'
[    0.218518] thermal_sys: Registered thermal governor 'user_space'
[    0.218680] audit: type=2000 audit(0.210:1): state=initialized audit_enabled=0 res=1
[    0.218720] cpuidle: using governor menu
[    0.237823] No ATAGs?
[    0.237849] hw-breakpoint: debug architecture 0x4 unsupported.
[    0.240680] kprobes: kprobe jump-optimization is enabled. All kprobes are optimized if possible.
[    0.254111] iommu: Default domain type: Translated
[    0.254134] iommu: DMA domain TLB invalidation policy: strict mode
[    0.255820] reg-fixed-voltage fixedregulator0: using DT '/fixedregulator0' for '(default)' GPIO lookup
[    0.255876] of_get_named_gpiod_flags: can't parse 'gpios' property of node '/fixedregulator0[0]'
[    0.255907] of_get_named_gpiod_flags: can't parse 'gpio' property of node '/fixedregulator0[0]'
[    0.255925] reg-fixed-voltage fixedregulator0: using lookup tables for GPIO lookup
[    0.255936] reg-fixed-voltage fixedregulator0: No GPIO consumer (default) found
[    0.261566] SCSI subsystem initialized
[    0.262057] libata version 3.00 loaded.
[    0.262420] pps_core: LinuxPPS API ver. 1 registered
[    0.262432] pps_core: Software ver. 5.3.6 - Copyright 2005-2007 Rodolfo Giometti <giometti@linux.it>
[    0.262456] PTP clock support registered
[    0.270935] vgaarb: loaded
[    0.271349] clocksource: Switched to clocksource dmtimer
[    0.272018] VFS: Disk quotas dquot_6.6.0
[    0.272064] VFS: Dquot-cache hash table entries: 1024 (order 0, 4096 bytes)
[    0.297288] NET: Registered PF_INET protocol family
[    0.297648] IP idents hash table entries: 8192 (order: 4, 65536 bytes, linear)
[    0.299058] tcp_listen_portaddr_hash hash table entries: 512 (order: 0, 4096 bytes, linear)
[    0.299096] Table-perturb hash table entries: 65536 (order: 6, 262144 bytes, linear)
[    0.299114] TCP established hash table entries: 4096 (order: 2, 16384 bytes, linear)
[    0.299157] TCP bind hash table entries: 4096 (order: 4, 65536 bytes, linear)
[    0.299257] TCP: Hash tables configured (established 4096 bind 4096)
[    0.299380] UDP hash table entries: 256 (order: 1, 8192 bytes, linear)
[    0.299410] UDP-Lite hash table entries: 256 (order: 1, 8192 bytes, linear)
[    0.299583] NET: Registered PF_UNIX/PF_LOCAL protocol family
[    0.312248] RPC: Registered named UNIX socket transport module.
[    0.312270] RPC: Registered udp transport module.
[    0.312277] RPC: Registered tcp transport module.
[    0.312282] RPC: Registered tcp-with-tls transport module.
[    0.312288] RPC: Registered tcp NFSv4.1 backchannel transport module.
[    0.312313] PCI: CLS 0 bytes, default 64
[    0.313791] Initialise system trusted keyrings
[    0.314604] workingset: timestamp_bits=14 max_order=17 bucket_order=3
[    0.316297] NFS: Registering the id_resolver key type
[    0.316382] Key type id_resolver registered
[    0.316391] Key type id_legacy registered
[    0.316443] jffs2: version 2.2. (NAND) (SUMMARY)  Â© 2001-2006 Red Hat, Inc.
[    0.316855] Key type asymmetric registered
[    0.316871] Asymmetric key parser 'x509' registered
[    0.316942] io scheduler mq-deadline registered
[    0.316953] io scheduler kyber registered
[    0.317023] io scheduler bfq registered
[    0.318685] ledtrig-cpu: registered to indicate activity on CPUs
[    0.332137] Serial: 8250/16550 driver, 6 ports, IRQ sharing enabled
[    0.373170] brd: module loaded
[    0.393689] loop: module loaded
[    0.394610] mtdoops: mtd device (mtddev=name/number) must be supplied
[    0.396345] mdio_bus fixed-0: using lookup tables for GPIO lookup
[    0.396372] mdio_bus fixed-0: No GPIO consumer reset found
[    0.397734] i2c_dev: i2c /dev entries driver
[    0.398733] cpuidle: enable-method property 'ti,am3352' found operations
[    0.399176] sdhci: Secure Digital Host Controller Interface driver
[    0.399187] sdhci: Copyright(c) Pierre Ossman
[    0.399371] sdhci-pltfm: SDHCI platform and OF driver helper
[    0.400380] Initializing XFRM netlink socket
[    0.400532] NET: Registered PF_INET6 protocol family
[    0.402786] Segment Routing with IPv6
[    0.402880] In-situ OAM (IOAM) with IPv6
[    0.402981] sit: IPv6, IPv4 and MPLS over IPv4 tunneling driver
[    0.403948] NET: Registered PF_PACKET protocol family
[    0.403985] NET: Registered PF_KEY protocol family
[    0.404123] Key type dns_resolver registered
[    0.404397] ThumbEE CPU extension supported.
[    0.404416] Registering SWP/SWPB emulation handler
[    0.404945] omap_voltage_late_init: Voltage driver support not added
[    0.405296] SmartReflex Class3 initialized
[    0.439959] Loading compiled-in X.509 certificates
[    0.477386] gpiochip_find_base_unlocked: found new base at 512
[    0.522608] platform 44e10800.pinmux: Fixed dependency cycle(s) with /ocp/interconnect@44c00000/segment@200000/target-module@10000/scm@0/pinmux@800/clkout2-pins
[    0.523192] pinctrl-single 44e10800.pinmux: 142 pins, size 568
[    0.528206] ti-sysc 44e31000.target-module: probe with driver ti-sysc failed with error -16
[    0.567714] ti-sysc 48040000.target-module: probe with driver ti-sysc failed with error -16
[    0.578784] gpiochip_find_base_unlocked: found new base at 512
[    0.578891] gpio gpiochip0: (gpio-0-31): created GPIO range 0->7 ==> 44e10800.pinmux PIN 0->7
[    0.578911] gpio gpiochip0: (gpio-0-31): created GPIO range 8->11 ==> 44e10800.pinmux PIN 90->93
[    0.578927] gpio gpiochip0: (gpio-0-31): created GPIO range 12->27 ==> 44e10800.pinmux PIN 12->27
[    0.578942] gpio gpiochip0: (gpio-0-31): created GPIO range 28->31 ==> 44e10800.pinmux PIN 30->33
[    0.605938] gpio gpiochip0: (gpio-0-31): added GPIO chardev (254:0)
[    0.606110] gpio gpiochip0: registered GPIOs 512 to 543 on gpio-0-31
[    0.606197] OMAP GPIO hardware version 0.1
[    0.633218] i2c i2c-2: using DT '/ocp/interconnect@48000000/segment@100000/target-module@9c000/i2c@0' for 'scl' GPIO lookup
[    0.633295] of_get_named_gpiod_flags: can't parse 'scl-gpios' property of node '/ocp/interconnect@48000000/segment@100000/target-module@9c000/i2c@0[0]'
[    0.633341] of_get_named_gpiod_flags: can't parse 'scl-gpio' property of node '/ocp/interconnect@48000000/segment@100000/target-module@9c000/i2c@0[0]'
[    0.633378] i2c i2c-2: using lookup tables for GPIO lookup
[    0.633389] i2c i2c-2: No GPIO consumer scl found
[    0.633411] i2c i2c-2: using DT '/ocp/interconnect@48000000/segment@100000/target-module@9c000/i2c@0' for 'sda' GPIO lookup
[    0.633448] of_get_named_gpiod_flags: can't parse 'sda-gpios' property of node '/ocp/interconnect@48000000/segment@100000/target-module@9c000/i2c@0[0]'
[    0.633487] of_get_named_gpiod_flags: can't parse 'sda-gpio' property of node '/ocp/interconnect@48000000/segment@100000/target-module@9c000/i2c@0[0]'
[    0.633519] i2c i2c-2: using lookup tables for GPIO lookup
[    0.633527] i2c i2c-2: No GPIO consumer sda found
[    0.634267] omap_i2c 4819c000.i2c: bus 2 rev0.11 at 100 kHz
[    0.639613] gpiochip_find_base_unlocked: found new base at 544
[    0.639716] gpio gpiochip1: (gpio-32-63): created GPIO range 0->17 ==> 44e10800.pinmux PIN 34->51
[    0.639735] gpio gpiochip1: (gpio-32-63): created GPIO range 18->21 ==> 44e10800.pinmux PIN 77->80
[    0.639751] gpio gpiochip1: (gpio-32-63): created GPIO range 22->31 ==> 44e10800.pinmux PIN 56->65
[    0.640504] gpio gpiochip1: (gpio-32-63): added GPIO chardev (254:1)
[    0.640647] gpio gpiochip1: registered GPIOs 544 to 575 on gpio-32-63
[    0.643046] gpiochip_find_base_unlocked: found new base at 576
[    0.643141] gpio gpiochip2: (gpio-64-95): created GPIO range 0->4 ==> 44e10800.pinmux PIN 66->70
[    0.643160] gpio gpiochip2: (gpio-64-95): created GPIO range 5->6 ==> 44e10800.pinmux PIN 98->99
[    0.643176] gpio gpiochip2: (gpio-64-95): created GPIO range 7->8 ==> 44e10800.pinmux PIN 75->76
[    0.643191] gpio gpiochip2: (gpio-64-95): created GPIO range 13->13 ==> 44e10800.pinmux PIN 141->141
[    0.643207] gpio gpiochip2: (gpio-64-95): created GPIO range 14->21 ==> 44e10800.pinmux PIN 100->107
[    0.654077] gpio gpiochip2: (gpio-64-95): added GPIO chardev (254:2)
[    0.654235] gpio gpiochip2: registered GPIOs 576 to 607 on gpio-64-95
[    0.659703] 48000000.interconnect:segment@200000:target-module@0:mpu@0:fck: device ID is greater than 24
[    0.664148] platform 4830e000.lcdc: Fixed dependency cycle(s) with /ocp/interconnect@44c00000/segment@200000/target-module@b000/i2c@0/tda19988@70
[    0.673529] mdio_bus 4a101000.mdio: using DT '/ocp/interconnect@4a000000/segment@0/target-module@100000/switch@0/mdio@1000' for 'reset' GPIO lookup
[    0.673606] of_get_named_gpiod_flags: can't parse 'reset-gpios' property of node '/ocp/interconnect@4a000000/segment@0/target-module@100000/switch@0/mdio@1000[0]'
[    0.673655] of_get_named_gpiod_flags: can't parse 'reset-gpio' property of node '/ocp/interconnect@4a000000/segment@0/target-module@100000/switch@0/mdio@1000[0]'
[    0.673703] mdio_bus 4a101000.mdio: using lookup tables for GPIO lookup
[    0.673714] mdio_bus 4a101000.mdio: No GPIO consumer reset found
[    0.674717] sdhci-omap 481d8000.mmc: using DT '/ocp/interconnect@48000000/segment@100000/target-module@d8000/mmc@0' for 'wp' GPIO lookup
[    0.674781] of_get_named_gpiod_flags: can't parse 'wp-gpios' property of node '/ocp/interconnect@48000000/segment@100000/target-module@d8000/mmc@0[0]'
[    0.674827] of_get_named_gpiod_flags: can't parse 'wp-gpio' property of node '/ocp/interconnect@48000000/segment@100000/target-module@d8000/mmc@0[0]'
[    0.674864] sdhci-omap 481d8000.mmc: using lookup tables for GPIO lookup
[    0.674874] sdhci-omap 481d8000.mmc: No GPIO consumer wp found
[    0.675067] sdhci-omap 481d8000.mmc: supply pbias not found, using dummy regulator
[    0.675570] sdhci-omap 481d8000.mmc: supply vqmmc not found, using dummy regulator
[    0.737197] davinci_mdio 4a101000.mdio: davinci mdio revision 1.6, bus freq 1000000
[    0.754592] mdio_bus 4a101000.mdio:00: using DT '/ocp/interconnect@4a000000/segment@0/target-module@100000/switch@0/mdio@1000/ethernet-phy@0' for 'reset' GPIO lookup
[    0.754696] of_get_named_gpiod_flags: parsed 'reset-gpios' property of node '/ocp/interconnect@4a000000/segment@0/target-module@100000/switch@0/mdio@1000/ethernet-phy@0[0]' - status (0)
[    0.754862] gpio gpiochip0: Persistence not supported for GPIO 8
[    0.852111] davinci_mdio 4a101000.mdio: phy[0]: device 4a101000.mdio:00, driver SMSC LAN8710/LAN8720
[    0.852933] cpsw-switch 4a100000.switch: initialized cpsw ale version 1.4
[    0.852960] cpsw-switch 4a100000.switch: ALE Table size 1024, Policers 0
[    0.853103] cpsw-switch 4a100000.switch: cpts: overflow check period 500 (jiffies)
[    0.853120] cpsw-switch 4a100000.switch: CPTS: ref_clk_freq:250000000 calc_mult:2147483648 calc_shift:29 error:0 nsec/sec
[    0.853218] cpsw-switch 4a100000.switch: Detected MACID = 6c:ec:eb:68:de:78
[    0.855039] cpsw-switch 4a100000.switch: initialized (regs 0x4a100000, pool size 256) hw_ver:0019010C 1.12 (0)
[    0.866045] debugfs: Directory '49000000.dma' with parent 'dmaengine' already present!
[    0.866087] edma 49000000.dma: TI EDMA DMA engine driver
[    0.885528] target-module@4b000000:target-module@140000:pmu@0:fck: device ID is greater than 24
[    0.905911] hw perfevents: enabled with armv7_cortex_a8 PMU driver, 5 (8000000f) counters available
[    0.906832] gpio-clk clk_mcasp0: using DT '/clk_mcasp0' for 'enable' GPIO lookup
[    0.906903] of_get_named_gpiod_flags: parsed 'enable-gpios' property of node '/clk_mcasp0[0]' - status (0)
[    0.906949] gpio gpiochip0: Persistence not supported for GPIO 27
[    0.907758] gpiochip_find_base_unlocked: found new base at 608
[    0.907886] gpio gpiochip3: (gpio-96-127): created GPIO range 0->7 ==> 44e10800.pinmux PIN 82->89
[    0.907908] gpio gpiochip3: (gpio-96-127): created GPIO range 8->11 ==> 44e10800.pinmux PIN 52->55
[    0.907924] gpio gpiochip3: (gpio-96-127): created GPIO range 12->15 ==> 44e10800.pinmux PIN 94->97
[    0.907939] gpio gpiochip3: (gpio-96-127): created GPIO range 16->17 ==> 44e10800.pinmux PIN 71->72
[    0.907954] gpio gpiochip3: (gpio-96-127): created GPIO range 18->18 ==> 44e10800.pinmux PIN 135->135
[    0.907971] gpio gpiochip3: (gpio-96-127): created GPIO range 19->20 ==> 44e10800.pinmux PIN 108->109
[    0.907987] gpio gpiochip3: (gpio-96-127): created GPIO range 21->21 ==> 44e10800.pinmux PIN 73->73
[    0.908004] gpio gpiochip3: (gpio-96-127): created GPIO range 22->23 ==> 44e10800.pinmux PIN 8->9
[    0.908021] gpio gpiochip3: (gpio-96-127): created GPIO range 26->27 ==> 44e10800.pinmux PIN 10->11
[    0.908038] gpio gpiochip3: (gpio-96-127): created GPIO range 28->28 ==> 44e10800.pinmux PIN 74->74
[    0.908056] gpio gpiochip3: (gpio-96-127): created GPIO range 29->29 ==> 44e10800.pinmux PIN 81->81
[    0.908074] gpio gpiochip3: (gpio-96-127): created GPIO range 30->31 ==> 44e10800.pinmux PIN 28->29
[    0.909396] gpio gpiochip3: (gpio-96-127): added GPIO chardev (254:3)
[    0.909545] gpio gpiochip3: registered GPIOs 608 to 639 on gpio-96-127
[    0.916153] l3-aon-clkctrl:0000:0: failed to disable
[    0.916757] omap8250 44e09000.serial: using DT '/ocp/interconnect@44c00000/segment@200000/target-module@9000/serial@0' for 'rs485-term' GPIO lookup
[    0.916829] of_get_named_gpiod_flags: can't parse 'rs485-term-gpios' property of node '/ocp/interconnect@44c00000/segment@200000/target-module@9000/serial@0[0]'
[    0.916875] of_get_named_gpiod_flags: can't parse 'rs485-term-gpio' property of node '/ocp/interconnect@44c00000/segment@200000/target-module@9000/serial@0[0]'
[    0.916913] omap8250 44e09000.serial: using lookup tables for GPIO lookup
[    0.916924] omap8250 44e09000.serial: No GPIO consumer rs485-term found
[    0.916934] omap8250 44e09000.serial: using DT '/ocp/interconnect@44c00000/segment@200000/target-module@9000/serial@0' for 'rs485-rx-during-tx' GPIO lookup
[    0.916971] of_get_named_gpiod_flags: can't parse 'rs485-rx-during-tx-gpios' property of node '/ocp/interconnect@44c00000/segment@200000/target-module@9000/serial@0[0]'
[    0.917011] of_get_named_gpiod_flags: can't parse 'rs485-rx-during-tx-gpio' property of node '/ocp/interconnect@44c00000/segment@200000/target-module@9000/serial@0[0]'
[    0.917044] omap8250 44e09000.serial: using lookup tables for GPIO lookup
[    0.917053] omap8250 44e09000.serial: No GPIO consumer rs485-rx-during-tx found
[    0.917440] 44e09000.serial: ttyS0 at MMIO 0x44e09000 (irq = 34, base_baud = 3000000) is a 8250
[    0.917526] printk: legacy console [ttyS0] enabled
[    2.271508] i2c i2c-0: using DT '/ocp/interconnect@44c00000/segment@200000/target-module@b000/i2c@0' for 'scl' GPIO lookup
[    2.271605] of_get_named_gpiod_flags: can't parse 'scl-gpios' property of node '/ocp/interconnect@44c00000/segment@200000/target-module@b000/i2c@0[0]'
[    2.271656] of_get_named_gpiod_flags: can't parse 'scl-gpio' property of node '/ocp/interconnect@44c00000/segment@200000/target-module@b000/i2c@0[0]'
[    2.271699] i2c i2c-0: using lookup tables for GPIO lookup
[    2.271714] i2c i2c-0: No GPIO consumer scl found
[    2.271739] i2c i2c-0: using DT '/ocp/interconnect@44c00000/segment@200000/target-module@b000/i2c@0' for 'sda' GPIO lookup
[    2.271781] of_get_named_gpiod_flags: can't parse 'sda-gpios' property of node '/ocp/interconnect@44c00000/segment@200000/target-module@b000/i2c@0[0]'
[    2.271825] of_get_named_gpiod_flags: can't parse 'sda-gpio' property of node '/ocp/interconnect@44c00000/segment@200000/target-module@b000/i2c@0[0]'
[    2.271863] i2c i2c-0: using lookup tables for GPIO lookup
[    2.271875] i2c i2c-0: No GPIO consumer sda found
[    2.292354] tps65217-pmic: Failed to locate of_node [id: -1]
[    2.298436] tps65217-bl: Failed to locate of_node [id: -1]
[    2.309868] tps65217 0-0024: TPS65217 ID 0xe version 1.2
[    2.316018] platform 4830e000.lcdc: Fixed dependency cycle(s) with /ocp/interconnect@44c00000/segment@200000/target-module@b000/i2c@0/tda19988@70
[    2.329428] i2c 0-0070: Fixed dependency cycle(s) with /ocp/interconnect@48000000/segment@300000/target-module@e000/lcdc@0
[    2.340841] omap_i2c 44e0b000.i2c: bus 0 rev0.11 at 400 kHz
[    2.348447] sdhci-omap 48060000.mmc: using DT '/ocp/interconnect@48000000/segment@0/target-module@60000/mmc@0' for 'cd' GPIO lookup
[    2.348561] of_get_named_gpiod_flags: parsed 'cd-gpios' property of node '/ocp/interconnect@48000000/segment@0/target-module@60000/mmc@0[0]' - status (0)
[    2.348630] gpio gpiochip3: Persistence not supported for GPIO 6
[    2.348655] omap_gpio 44e07000.gpio: Could not set line 6 debounce to 200000 microseconds (-22)
[    2.357554] sdhci-omap 48060000.mmc: Got CD GPIO
[    2.362238] sdhci-omap 48060000.mmc: using DT '/ocp/interconnect@48000000/segment@0/target-module@60000/mmc@0' for 'wp' GPIO lookup
[    2.362293] of_get_named_gpiod_flags: can't parse 'wp-gpios' property of node '/ocp/interconnect@48000000/segment@0/target-module@60000/mmc@0[0]'
[    2.362341] of_get_named_gpiod_flags: can't parse 'wp-gpio' property of node '/ocp/interconnect@48000000/segment@0/target-module@60000/mmc@0[0]'
[    2.362381] sdhci-omap 48060000.mmc: using lookup tables for GPIO lookup
[    2.362396] sdhci-omap 48060000.mmc: No GPIO consumer wp found
[    2.362604] sdhci-omap 48060000.mmc: supply pbias not found, using dummy regulator
[    2.371440] sdhci-omap 481d8000.mmc: using DT '/ocp/interconnect@48000000/segment@100000/target-module@d8000/mmc@0' for 'wp' GPIO lookup
[    2.371521] of_get_named_gpiod_flags: can't parse 'wp-gpios' property of node '/ocp/interconnect@48000000/segment@100000/target-module@d8000/mmc@0[0]'
[    2.371573] of_get_named_gpiod_flags: can't parse 'wp-gpio' property of node '/ocp/interconnect@48000000/segment@100000/target-module@d8000/mmc@0[0]'
[    2.371613] sdhci-omap 481d8000.mmc: using lookup tables for GPIO lookup
[    2.371628] sdhci-omap 481d8000.mmc: No GPIO consumer wp found
[    2.373002] sdhci-omap 48060000.mmc: supply vqmmc not found, using dummy regulator
[    2.382119] sdhci-omap 481d8000.mmc: supply pbias not found, using dummy regulator
[    2.390118] sdhci-omap 481d8000.mmc: supply vqmmc not found, using dummy regulator
[    2.428970] mmc1: SDHCI controller on 481d8000.mmc [481d8000.mmc] using External DMA
[    2.438232] mmc0: SDHCI controller on 48060000.mmc [48060000.mmc] using External DMA
[    2.447046] cpsw-switch 4a100000.switch: starting ndev. mode: dual_mac
[    2.490681] mmc0: new high speed SDHC card at address 5048
[    2.497789] mmcblk0: mmc0:5048 SD16G 14.4 GiB
[    2.505903]  mmcblk0: p1 p2
[    2.509282] mmcblk0: p2 size 31221760 extends beyond EOD, truncated
[    2.522643] SMSC LAN8710/LAN8720 4a101000.mdio:00: attached PHY driver (mii_bus:phy_addr=4a101000.mdio:00, irq=POLL)
[    2.535323] mmc1: new high speed MMC card at address 0001
[    2.542451] mmcblk1: mmc1:0001 MMC04G 3.60 GiB
[    2.554136]  mmcblk1: p1 p2
[    2.558436] mmcblk1boot0: mmc1:0001 MMC04G 2.00 MiB
[    2.565782] mmcblk1boot1: mmc1:0001 MMC04G 2.00 MiB
[    2.573287] mmcblk1rpmb: mmc1:0001 MMC04G 128 KiB, chardev (250:0)
[    5.682131] cpsw-switch 4a100000.switch eth0: Link is Up - 100Mbps/Full - flow control off
[    5.711371] IP-Config: Complete:
[    5.714642]      device=eth0, hwaddr=6c:ec:eb:68:de:78, ipaddr=192.168.255.1, mask=255.255.255.0, gw=255.255.255.255
[    5.725288]      host=bbb1, domain=, nis-domain=(none)
[    5.730456]      bootserver=192.168.255.126, rootserver=192.168.255.126, rootpath=
[    5.730879] clk: Disabling unused clocks
[    5.742750] PM: genpd: Disabling unused power domains
[    5.747872] KTAP version 1
[    5.750593] 1..0
[    5.782762] VFS: Mounted root (nfs filesystem) on device 0:17.
[    5.789581] devtmpfs: mounted
[    5.794516] Freeing unused kernel image (initmem) memory: 1024K
[    5.801149] Run /sbin/init as init process
[    5.805413]   with arguments:
[    5.805431]     /sbin/init
[    5.805442]     nfsrootdebug
[    5.805451]   with environment:
[    5.805460]     HOME=/
[    5.805470]     TERM=linux
[    6.519610] systemd[1]: System time before build time, advancing clock.
[    7.971374] random: crng init done
[    8.012269] systemd[1]: systemd 232 running in system mode. (+PAM +AUDIT +SELINUX +IMA +APPARMOR +SMACK +SYSVINIT +UTMP +LIBCRYPTSETUP +GCRYPT +GNUTLS +ACL +XZ +LZ4 +SECCOMP +BLKID +ELFUTILS +KMOD +IDN)
[    8.031438] systemd[1]: Detected architecture arm.
[    8.064650] systemd[1]: Set hostname to <arm>.
[    9.190192] systemd[1]: Started Dispatch Password Requests to Console Directory Watch.
[    9.223352] systemd[1]: Listening on /dev/initctl Compatibility Named Pipe.
[    9.253235] systemd[1]: Set up automount Arbitrary Executable File Formats File System Automount Point.
[    9.283501] systemd[1]: Listening on udev Control Socket.
[    9.312977] systemd[1]: Created slice User and Session Slice.
[    9.343427] systemd[1]: Listening on Syslog Socket.
[    9.372224] systemd[1]: Listening on Journal Socket.
[   11.402360] systemd-journald[91]: Received request to flush runtime journal from PID 1
[   14.191730] leds-gpio leds: using DT '/leds/led2' for '(default)' GPIO lookup
[   14.191839] of_get_named_gpiod_flags: parsed 'gpios' property of node '/leds/led2[0]' - status (0)
[   14.191899] gpio gpiochip0: Persistence not supported for GPIO 21
[   14.191915] gpio-533 (?): no flags found for GPIO (default)
[   14.278796] leds-gpio leds: using DT '/leds/led3' for '(default)' GPIO lookup
[   14.278910] of_get_named_gpiod_flags: parsed 'gpios' property of node '/leds/led3[0]' - status (0)
[   14.278969] gpio gpiochip0: Persistence not supported for GPIO 22
[   14.278985] gpio-534 (?): no flags found for GPIO (default)
[   14.312832] leds-gpio leds: using DT '/leds/led4' for '(default)' GPIO lookup
[   14.312942] of_get_named_gpiod_flags: parsed 'gpios' property of node '/leds/led4[0]' - status (0)
[   14.312996] gpio gpiochip0: Persistence not supported for GPIO 23
[   14.313012] gpio-535 (?): no flags found for GPIO (default)
[   14.343208] leds-gpio leds: using DT '/leds/led5' for '(default)' GPIO lookup
[   14.343312] of_get_named_gpiod_flags: parsed 'gpios' property of node '/leds/led5[0]' - status (0)
[   14.343365] gpio gpiochip0: Persistence not supported for GPIO 24
[   14.343381] gpio-536 (?): no flags found for GPIO (default)
[   14.576101] remoteproc remoteproc0: wkup_m3 is available
[   14.768760] omap_rtc 44e3e000.rtc: registered as rtc0
[   14.774194] omap_rtc 44e3e000.rtc: setting system clock to 2000-01-01T00:00:00 UTC (946684800)
[   14.783008] omap_rtc 44e3e000.rtc: using DT '/ocp/interconnect@44c00000/segment@200000/target-module@3e000/rtc@0' for 'wp' GPIO lookup
[   14.783084] of_get_named_gpiod_flags: can't parse 'wp-gpios' property of node '/ocp/interconnect@44c00000/segment@200000/target-module@3e000/rtc@0[0]'
[   14.783138] of_get_named_gpiod_flags: can't parse 'wp-gpio' property of node '/ocp/interconnect@44c00000/segment@200000/target-module@3e000/rtc@0[0]'
[   14.783180] omap_rtc 44e3e000.rtc: using lookup tables for GPIO lookup
[   14.783196] omap_rtc 44e3e000.rtc: No GPIO consumer wp found
[   14.928213] omap_wdt: OMAP Watchdog Timer Rev 0x01: initial timeout 60 sec
[   15.043205] at24 2-0054: supply vcc not found, using dummy regulator
[   15.075690] tps6521x_pwrbutton tps65217-pwrbutton: DMA mask not set
[   15.205790] input: tps65217_pwrbutton as /devices/platform/ocp/44c00000.interconnect/44c00000.interconnect:segment@200000/44e0b000.target-module/44e0b000.i2c/i2c-0/0-0024/tps65217-pwrbutton/input/input0
[   15.234013] at24 2-0055: supply vcc not found, using dummy regulator
[   15.341704] at24 2-0056: supply vcc not found, using dummy regulator
[   15.416232] at24 2-0057: supply vcc not found, using dummy regulator
[   15.538511] at24 0-0050: using DT '/ocp/interconnect@44c00000/segment@200000/target-module@b000/i2c@0/eeprom@50' for 'wp' GPIO lookup
[   15.538637] of_get_named_gpiod_flags: can't parse 'wp-gpios' property of node '/ocp/interconnect@44c00000/segment@200000/target-module@b000/i2c@0/eeprom@50[0]'
[   15.538703] of_get_named_gpiod_flags: can't parse 'wp-gpio' property of node '/ocp/interconnect@44c00000/segment@200000/target-module@b000/i2c@0/eeprom@50[0]'
[   15.538754] at24 0-0050: using lookup tables for GPIO lookup
[   15.538770] at24 0-0050: No GPIO consumer wp found
[   15.539117] at24 0-0050: 32768 byte 24c256 EEPROM, writable, 1 bytes/write
[   15.733543] wkup_m3_ipc 44e11324.wkup_m3_ipc: IPC Request for A8->M3 Channel failed! -517
[   16.339298] am335x-phy-driver 47401300.usb-phy: using DT '/ocp/target-module@47400000/usb-phy@1300' for 'reset' GPIO lookup
[   16.339398] of_get_named_gpiod_flags: can't parse 'reset-gpios' property of node '/ocp/target-module@47400000/usb-phy@1300[0]'
[   16.339444] of_get_named_gpiod_flags: can't parse 'reset-gpio' property of node '/ocp/target-module@47400000/usb-phy@1300[0]'
[   16.339483] am335x-phy-driver 47401300.usb-phy: using lookup tables for GPIO lookup
[   16.339499] am335x-phy-driver 47401300.usb-phy: No GPIO consumer reset found
[   16.339514] am335x-phy-driver 47401300.usb-phy: using DT '/ocp/target-module@47400000/usb-phy@1300' for 'vbus-detect' GPIO lookup
[   16.339547] of_get_named_gpiod_flags: can't parse 'vbus-detect-gpios' property of node '/ocp/target-module@47400000/usb-phy@1300[0]'
[   16.339582] of_get_named_gpiod_flags: can't parse 'vbus-detect-gpio' property of node '/ocp/target-module@47400000/usb-phy@1300[0]'
[   16.339609] am335x-phy-driver 47401300.usb-phy: using lookup tables for GPIO lookup
[   16.339622] am335x-phy-driver 47401300.usb-phy: No GPIO consumer vbus-detect found
[   16.339772] am335x-phy-driver 47401300.usb-phy: dummy supplies not allowed for exclusive requests (id=vbus)
[   16.506429] am335x-phy-driver 47401b00.usb-phy: using DT '/ocp/target-module@47400000/usb-phy@1b00' for 'reset' GPIO lookup
[   16.506533] of_get_named_gpiod_flags: can't parse 'reset-gpios' property of node '/ocp/target-module@47400000/usb-phy@1b00[0]'
[   16.506579] of_get_named_gpiod_flags: can't parse 'reset-gpio' property of node '/ocp/target-module@47400000/usb-phy@1b00[0]'
[   16.506618] am335x-phy-driver 47401b00.usb-phy: using lookup tables for GPIO lookup
[   16.506634] am335x-phy-driver 47401b00.usb-phy: No GPIO consumer reset found
[   16.506649] am335x-phy-driver 47401b00.usb-phy: using DT '/ocp/target-module@47400000/usb-phy@1b00' for 'vbus-detect' GPIO lookup
[   16.506683] of_get_named_gpiod_flags: can't parse 'vbus-detect-gpios' property of node '/ocp/target-module@47400000/usb-phy@1b00[0]'
[   16.506718] of_get_named_gpiod_flags: can't parse 'vbus-detect-gpio' property of node '/ocp/target-module@47400000/usb-phy@1b00[0]'
[   16.506747] am335x-phy-driver 47401b00.usb-phy: using lookup tables for GPIO lookup
[   16.506759] am335x-phy-driver 47401b00.usb-phy: No GPIO consumer vbus-detect found
[   16.506908] am335x-phy-driver 47401b00.usb-phy: dummy supplies not allowed for exclusive requests (id=vbus)
[   16.519712] wkup_m3_ipc 44e11324.wkup_m3_ipc: IPC Request for A8->M3 Channel failed! -517
[   16.532099] usbcore: registered new interface driver usbfs
[   16.537729] usbcore: registered new interface driver hub
[   16.543277] usbcore: registered new device driver usb
[   16.653091] wkup_m3_ipc 44e11324.wkup_m3_ipc: IPC Request for A8->M3 Channel failed! -517
[   17.109940] tda998x 0-0070: found TDA19988
[   17.234766] wkup_m3_ipc 44e11324.wkup_m3_ipc: IPC Request for A8->M3 Channel failed! -517
[   17.336899] wkup_m3_ipc 44e11324.wkup_m3_ipc: IPC Request for A8->M3 Channel failed! -517
[   17.370692] musb-hdrc musb-hdrc.1: MUSB HDRC host driver
[   17.376381] musb-hdrc musb-hdrc.1: new USB bus registered, assigned bus number 1
[   17.456965] omap-mailbox 480c8000.mailbox: omap mailbox rev 0x400
[   17.542870] remoteproc remoteproc0: powering up wkup_m3
[   17.615639] usb usb1: New USB device found, idVendor=1d6b, idProduct=0002, bcdDevice= 6.12
[   17.624309] usb usb1: New USB device strings: Mfr=3, Product=2, SerialNumber=1
[   17.631657] usb usb1: Product: MUSB HDRC host driver
[   17.636653] usb usb1: Manufacturer: Linux 6.12.0-rc3-next-20241014 musb-hcd
[   17.643685] usb usb1: SerialNumber: musb-hdrc.1
[   17.721070] remoteproc remoteproc0: Direct firmware load for am335x-pm-firmware.elf failed with error -2
[   17.730915] remoteproc remoteproc0: request_firmware failed: -2
[   17.736944] wkup_m3_ipc 44e11324.wkup_m3_ipc: rproc_boot failed
[   18.024246] hub 1-0:1.0: USB hub found
[   18.092951] hub 1-0:1.0: 1 port detected
[   19.433989] omap_rng 48310000.rng: Random Number Generator ver. 20
[   19.452935] tilcdc 4830e000.lcdc: bound 0-0070 (ops tda998x_driver_exit [tda998x])
[   19.567970] [drm] Initialized tilcdc 1.0.0 for 4830e000.lcdc on minor 0
[   19.651961] tilcdc 4830e000.lcdc: [drm] Cannot find any crtc or sizes
[   19.663510] tilcdc 4830e000.lcdc: [drm] Cannot find any crtc or sizes
[   20.610713] PM: Cannot get wkup_m3_ipc handle
[   20.808374] omap-sham 53100000.sham: hw accel on OMAP rev 4.3
[   20.990876] omap-sham 53100000.sham: will run requests pump with realtime priority
[   21.001779] PM: Cannot get wkup_m3_ipc handle
[   21.078365] omap-aes 53500000.aes: OMAP AES hw accel rev: 3.2
[   21.255820] omap-aes 53500000.aes: will run requests pump with realtime priority
[   21.270333] PM: Cannot get wkup_m3_ipc handle
[   23.892741] Bluetooth: Core ver 2.22
[   23.896582] NET: Registered PF_BLUETOOTH protocol family
[   23.902121] Bluetooth: HCI device and connection manager initialized
[   23.908540] Bluetooth: HCI socket layer initialized
[   23.913524] Bluetooth: L2CAP socket layer initialized
[   23.918643] Bluetooth: SCO socket layer initialized
[   24.781204] asoc-simple-card sound: using DT '/sound' for 'simple-audio-card,hp-det' GPIO lookup
[   24.781299] of_get_named_gpiod_flags: can't parse 'simple-audio-card,hp-det-gpios' property of node '/sound[0]'
[   24.781621] of_get_named_gpiod_flags: can't parse 'simple-audio-card,hp-det-gpio' property of node '/sound[0]'
[   24.781661] asoc-simple-card sound: using lookup tables for GPIO lookup
[   24.781676] asoc-simple-card sound: No GPIO consumer simple-audio-card,hp-det found
[   24.781693] asoc-simple-card sound: using DT '/sound' for 'simple-audio-card,mic-det' GPIO lookup
[   24.781724] of_get_named_gpiod_flags: can't parse 'simple-audio-card,mic-det-gpios' property of node '/sound[0]'
[   24.781754] of_get_named_gpiod_flags: can't parse 'simple-audio-card,mic-det-gpio' property of node '/sound[0]'
[   24.781776] asoc-simple-card sound: using lookup tables for GPIO lookup
[   24.781788] asoc-simple-card sound: No GPIO consumer simple-audio-card,mic-det found
[   24.859954] PM: Cannot get wkup_m3_ipc handle
[   28.538496] userial_init: registered 8 ttyGS* devices
[   28.731254] rndis_register: configNr = 0
[   28.797696] udc musb-hdrc.0: binding gadget driver [g_multi]
[   28.797795] configfs-gadget.g_multi gadget.0: adding 'rndis'/43f1a5a5 to config 'c'/754062fa
[   28.798939] configfs-gadget.g_multi gadget.0: HOST MAC 1c:ba:8c:a2:ed:6c
[   28.805969] configfs-gadget.g_multi gadget.0: MAC 1c:ba:8c:a2:ed:70
[   28.812384] rndis_set_param_medium: 0 0
[   28.812407] configfs-gadget.g_multi gadget.0: RNDIS: IN/ep1in OUT/ep1out NOTIFY/ep2in
[   28.812426] configfs-gadget.g_multi gadget.0: adding 'cdc_ethernet'/886da45e to config 'c'/754062fa
[   28.813397] configfs-gadget.g_multi gadget.0: HOST MAC 1c:ba:8c:a2:ed:6c
[   28.820160] configfs-gadget.g_multi gadget.0: MAC 1c:ba:8c:a2:ed:6d
[   28.826583] configfs-gadget.g_multi gadget.0: CDC Ethernet: IN/ep3in OUT/ep2out NOTIFY/ep4in
[   28.826603] configfs-gadget.g_multi gadget.0: adding 'acm'/4979576e to config 'c'/754062fa
[   28.826644] configfs-gadget.g_multi gadget.0: acm ttyGS0: IN/ep5in OUT/ep3out NOTIFY/ep6in
[   28.829898] PM: Cannot get wkup_m3_ipc handle
[   30.677369] configfs-gadget.g_multi gadget.0: eth_open
[   35.117178] gs_open: ttyGS0 (d5584636,ec321141)
[   35.117336] gs_close: ttyGS0 (d5584636,ec321141) ...
[   35.117360] gs_close: ttyGS0 (d5584636,ec321141) done!
[   35.136256] gs_open: ttyGS0 (8a0de9d1,fe523391)
[   35.136412] gs_close: ttyGS0 (8a0de9d1,fe523391) ...
[   35.136439] gs_close: ttyGS0 (8a0de9d1,fe523391) done!
[   35.319894] gs_open: ttyGS0 (12b64d15,fe523391)
[   35.320117] gs_close: ttyGS0 (12b64d15,fe523391) ...
[   35.320148] gs_close: ttyGS0 (12b64d15,fe523391) done!
[   35.320636] gs_open: ttyGS0 (12b64d15,fe523391)
XVAMHNAGKN 0
root@arm:~# echo 'VYXK''TTFZCU'
VYXKTTFZCU
root@arm:~# MARKER='NBVS''KZOWFS' run 'modprobe test_linear_ranges'
NBVSKZOWFSNBVSKZOWFS 0
root@arm:~# echo 'KMLV''OZXYCV'
KMLVOZXYCV
root@arm:~# MARKER='GUTE''MTQFHJ' run dmesg
GUTEMTQFHJ[    0.000000] Booting Linux on physical CPU 0x0
[    0.000000] Linux version 6.12.0-rc3-next-20241014 (user01@drvtest01) (arm-linux-gnueabihf-gcc (Linaro GCC 6.4-2017.11) 6.4.1 20171012, GNU ld (Linaro_Binutils-2017.11) 2.27.0.20161229) #114 SMP Mon Oct 14 12:23:48 EEST 2024
[    0.000000] CPU: ARMv7 Processor [413fc082] revision 2 (ARMv7), cr=10c5387d
[    0.000000] CPU: PIPT / VIPT nonaliasing data cache, VIPT aliasing instruction cache
[    0.000000] OF: fdt: Machine model: TI AM335x BeagleBone Black
[    0.000000] Memory policy: Data cache writeback
[    0.000000] cma: Reserved 16 MiB at 0x9e800000 on node -1
[    0.000000] Zone ranges:
[    0.000000]   Normal   [mem 0x0000000080000000-0x000000009fdfffff]
[    0.000000]   HighMem  empty
[    0.000000] Movable zone start for each node
[    0.000000] Early memory node ranges
[    0.000000]   node   0: [mem 0x0000000080000000-0x000000009fdfffff]
[    0.000000] Initmem setup node 0 [mem 0x0000000080000000-0x000000009fdfffff]
[    0.000000] CPU: All CPU(s) started in SVC mode.
[    0.000000] AM335X ES2.1 (sgx neon)
[    0.000000] percpu: Embedded 17 pages/cpu s39756 r8192 d21684 u69632
[    0.000000] pcpu-alloc: s39756 r8192 d21684 u69632 alloc=17*4096
[    0.000000] pcpu-alloc: [0] 0 
[    0.000000] Kernel command line: console=ttyO0,115200n8 root=/dev/nfs rw nfsroot=192.168.255.126:/home/user01/nfs,nfsvers=3 ip=192.168.255.1:192.168.255.126::255.255.255.0:bbb1:eth0 nfsrootdebug
[    0.000000] Unknown kernel command line parameters "nfsrootdebug", will be passed to user space.
[    0.000000] Dentry cache hash table entries: 65536 (order: 6, 262144 bytes, linear)
[    0.000000] Inode-cache hash table entries: 32768 (order: 5, 131072 bytes, linear)
[    0.000000] Built 1 zonelists, mobility grouping on.  Total pages: 130560
[    0.000000] mem auto-init: stack:off, heap alloc:off, heap free:off
[    0.000000] SLUB: HWalign=64, Order=0-3, MinObjects=0, CPUs=1, Nodes=1
[    0.000000] trace event string verifier disabled
[    0.000000] rcu: Hierarchical RCU implementation.
[    0.000000] rcu: 	RCU event tracing is enabled.
[    0.000000] rcu: 	RCU restricting CPUs from NR_CPUS=2 to nr_cpu_ids=1.
[    0.000000] 	Tracing variant of Tasks RCU enabled.
[    0.000000] rcu: RCU calculated value of scheduler-enlistment delay is 10 jiffies.
[    0.000000] rcu: Adjusting geometry for rcu_fanout_leaf=16, nr_cpu_ids=1
[    0.000000] RCU Tasks Trace: Setting shift to 0 and lim to 1 rcu_task_cb_adjust=1 rcu_task_cpu_ids=1.
[    0.000000] NR_IRQS: 16, nr_irqs: 16, preallocated irqs: 16
[    0.000000] IRQ: Found an INTC at 0x(ptrval) (revision 5.0) with 128 interrupts
[    0.000000] rcu: srcu_init: Setting srcu_struct sizes based on contention.
[    0.000000] TI gptimer clocksource: always-on /ocp/interconnect@44c00000/segment@200000/target-module@31000
[    0.000003] sched_clock: 32 bits at 24MHz, resolution 41ns, wraps every 89478484971ns
[    0.000027] clocksource: dmtimer: mask: 0xffffffff max_cycles: 0xffffffff, max_idle_ns: 79635851949 ns
[    0.000505] TI gptimer clockevent: 24000000 Hz at /ocp/interconnect@48000000/segment@0/target-module@40000
[    0.002152] Console: colour dummy device 80x30
[    0.002217] WARNING: Your 'console=ttyO0' has been replaced by 'ttyS0'
[    0.002225] This ensures that you still see kernel messages. Please
[    0.002230] update your kernel commandline.
[    0.002273] Calibrating delay loop... 996.14 BogoMIPS (lpj=4980736)
[    0.090557] CPU: Testing write buffer coherency: ok
[    0.090654] CPU0: Spectre v2: using BPIALL workaround
[    0.090667] pid_max: default: 32768 minimum: 301
[    0.090796] LSM: initializing lsm=capability
[    0.090976] Mount-cache hash table entries: 1024 (order: 0, 4096 bytes, linear)
[    0.090999] Mountpoint-cache hash table entries: 1024 (order: 0, 4096 bytes, linear)
[    0.092661] CPU0: thread -1, cpu 0, socket -1, mpidr 0
[    0.160959] Setting up static identity map for 0x80100000 - 0x80100078
[    0.170724] rcu: Hierarchical SRCU implementation.
[    0.170736] rcu: 	Max phase no-delay instances is 1000.
[    0.190772] smp: Bringing up secondary CPUs ...
[    0.190829] smp: Brought up 1 node, 1 CPU
[    0.190845] SMP: Total of 1 processors activated (996.14 BogoMIPS).
[    0.190857] CPU: All CPU(s) started in SVC mode.
[    0.191051] Memory: 480860K/522240K available (11264K kernel code, 1212K rwdata, 2884K rodata, 1024K init, 300K bss, 23368K reserved, 16384K cma-reserved, 0K highmem)
[    0.191945] devtmpfs: initialized
[    0.208651] VFP support v0.3: implementor 41 architecture 3 part 30 variant c rev 3
[    0.209000] clocksource: jiffies: mask: 0xffffffff max_cycles: 0xffffffff, max_idle_ns: 19112604462750000 ns
[    0.209035] futex hash table entries: 256 (order: 2, 16384 bytes, linear)
[    0.210320] pinctrl core: initialized pinctrl subsystem
[    0.213380] NET: Registered PF_NETLINK/PF_ROUTE protocol family
[    0.216170] DMA: preallocated 256 KiB pool for atomic coherent allocations
[    0.217079] audit: initializing netlink subsys (disabled)
[    0.218492] thermal_sys: Registered thermal governor 'fair_share'
[    0.218509] thermal_sys: Registered thermal governor 'step_wise'
[    0.218518] thermal_sys: Registered thermal governor 'user_space'
[    0.218680] audit: type=2000 audit(0.210:1): state=initialized audit_enabled=0 res=1
[    0.218720] cpuidle: using governor menu
[    0.237823] No ATAGs?
[    0.237849] hw-breakpoint: debug architecture 0x4 unsupported.
[    0.240680] kprobes: kprobe jump-optimization is enabled. All kprobes are optimized if possible.
[    0.254111] iommu: Default domain type: Translated
[    0.254134] iommu: DMA domain TLB invalidation policy: strict mode
[    0.255820] reg-fixed-voltage fixedregulator0: using DT '/fixedregulator0' for '(default)' GPIO lookup
[    0.255876] of_get_named_gpiod_flags: can't parse 'gpios' property of node '/fixedregulator0[0]'
[    0.255907] of_get_named_gpiod_flags: can't parse 'gpio' property of node '/fixedregulator0[0]'
[    0.255925] reg-fixed-voltage fixedregulator0: using lookup tables for GPIO lookup
[    0.255936] reg-fixed-voltage fixedregulator0: No GPIO consumer (default) found
[    0.261566] SCSI subsystem initialized
[    0.262057] libata version 3.00 loaded.
[    0.262420] pps_core: LinuxPPS API ver. 1 registered
[    0.262432] pps_core: Software ver. 5.3.6 - Copyright 2005-2007 Rodolfo Giometti <giometti@linux.it>
[    0.262456] PTP clock support registered
[    0.270935] vgaarb: loaded
[    0.271349] clocksource: Switched to clocksource dmtimer
[    0.272018] VFS: Disk quotas dquot_6.6.0
[    0.272064] VFS: Dquot-cache hash table entries: 1024 (order 0, 4096 bytes)
[    0.297288] NET: Registered PF_INET protocol family
[    0.297648] IP idents hash table entries: 8192 (order: 4, 65536 bytes, linear)
[    0.299058] tcp_listen_portaddr_hash hash table entries: 512 (order: 0, 4096 bytes, linear)
[    0.299096] Table-perturb hash table entries: 65536 (order: 6, 262144 bytes, linear)
[    0.299114] TCP established hash table entries: 4096 (order: 2, 16384 bytes, linear)
[    0.299157] TCP bind hash table entries: 4096 (order: 4, 65536 bytes, linear)
[    0.299257] TCP: Hash tables configured (established 4096 bind 4096)
[    0.299380] UDP hash table entries: 256 (order: 1, 8192 bytes, linear)
[    0.299410] UDP-Lite hash table entries: 256 (order: 1, 8192 bytes, linear)
[    0.299583] NET: Registered PF_UNIX/PF_LOCAL protocol family
[    0.312248] RPC: Registered named UNIX socket transport module.
[    0.312270] RPC: Registered udp transport module.
[    0.312277] RPC: Registered tcp transport module.
[    0.312282] RPC: Registered tcp-with-tls transport module.
[    0.312288] RPC: Registered tcp NFSv4.1 backchannel transport module.
[    0.312313] PCI: CLS 0 bytes, default 64
[    0.313791] Initialise system trusted keyrings
[    0.314604] workingset: timestamp_bits=14 max_order=17 bucket_order=3
[    0.316297] NFS: Registering the id_resolver key type
[    0.316382] Key type id_resolver registered
[    0.316391] Key type id_legacy registered
[    0.316443] jffs2: version 2.2. (NAND) (SUMMARY)  Â© 2001-2006 Red Hat, Inc.
[    0.316855] Key type asymmetric registered
[    0.316871] Asymmetric key parser 'x509' registered
[    0.316942] io scheduler mq-deadline registered
[    0.316953] io scheduler kyber registered
[    0.317023] io scheduler bfq registered
[    0.318685] ledtrig-cpu: registered to indicate activity on CPUs
[    0.332137] Serial: 8250/16550 driver, 6 ports, IRQ sharing enabled
[    0.373170] brd: module loaded
[    0.393689] loop: module loaded
[    0.394610] mtdoops: mtd device (mtddev=name/number) must be supplied
[    0.396345] mdio_bus fixed-0: using lookup tables for GPIO lookup
[    0.396372] mdio_bus fixed-0: No GPIO consumer reset found
[    0.397734] i2c_dev: i2c /dev entries driver
[    0.398733] cpuidle: enable-method property 'ti,am3352' found operations
[    0.399176] sdhci: Secure Digital Host Controller Interface driver
[    0.399187] sdhci: Copyright(c) Pierre Ossman
[    0.399371] sdhci-pltfm: SDHCI platform and OF driver helper
[    0.400380] Initializing XFRM netlink socket
[    0.400532] NET: Registered PF_INET6 protocol family
[    0.402786] Segment Routing with IPv6
[    0.402880] In-situ OAM (IOAM) with IPv6
[    0.402981] sit: IPv6, IPv4 and MPLS over IPv4 tunneling driver
[    0.403948] NET: Registered PF_PACKET protocol family
[    0.403985] NET: Registered PF_KEY protocol family
[    0.404123] Key type dns_resolver registered
[    0.404397] ThumbEE CPU extension supported.
[    0.404416] Registering SWP/SWPB emulation handler
[    0.404945] omap_voltage_late_init: Voltage driver support not added
[    0.405296] SmartReflex Class3 initialized
[    0.439959] Loading compiled-in X.509 certificates
[    0.477386] gpiochip_find_base_unlocked: found new base at 512
[    0.522608] platform 44e10800.pinmux: Fixed dependency cycle(s) with /ocp/interconnect@44c00000/segment@200000/target-module@10000/scm@0/pinmux@800/clkout2-pins
[    0.523192] pinctrl-single 44e10800.pinmux: 142 pins, size 568
[    0.528206] ti-sysc 44e31000.target-module: probe with driver ti-sysc failed with error -16
[    0.567714] ti-sysc 48040000.target-module: probe with driver ti-sysc failed with error -16
[    0.578784] gpiochip_find_base_unlocked: found new base at 512
[    0.578891] gpio gpiochip0: (gpio-0-31): created GPIO range 0->7 ==> 44e10800.pinmux PIN 0->7
[    0.578911] gpio gpiochip0: (gpio-0-31): created GPIO range 8->11 ==> 44e10800.pinmux PIN 90->93
[    0.578927] gpio gpiochip0: (gpio-0-31): created GPIO range 12->27 ==> 44e10800.pinmux PIN 12->27
[    0.578942] gpio gpiochip0: (gpio-0-31): created GPIO range 28->31 ==> 44e10800.pinmux PIN 30->33
[    0.605938] gpio gpiochip0: (gpio-0-31): added GPIO chardev (254:0)
[    0.606110] gpio gpiochip0: registered GPIOs 512 to 543 on gpio-0-31
[    0.606197] OMAP GPIO hardware version 0.1
[    0.633218] i2c i2c-2: using DT '/ocp/interconnect@48000000/segment@100000/target-module@9c000/i2c@0' for 'scl' GPIO lookup
[    0.633295] of_get_named_gpiod_flags: can't parse 'scl-gpios' property of node '/ocp/interconnect@48000000/segment@100000/target-module@9c000/i2c@0[0]'
[    0.633341] of_get_named_gpiod_flags: can't parse 'scl-gpio' property of node '/ocp/interconnect@48000000/segment@100000/target-module@9c000/i2c@0[0]'
[    0.633378] i2c i2c-2: using lookup tables for GPIO lookup
[    0.633389] i2c i2c-2: No GPIO consumer scl found
[    0.633411] i2c i2c-2: using DT '/ocp/interconnect@48000000/segment@100000/target-module@9c000/i2c@0' for 'sda' GPIO lookup
[    0.633448] of_get_named_gpiod_flags: can't parse 'sda-gpios' property of node '/ocp/interconnect@48000000/segment@100000/target-module@9c000/i2c@0[0]'
[    0.633487] of_get_named_gpiod_flags: can't parse 'sda-gpio' property of node '/ocp/interconnect@48000000/segment@100000/target-module@9c000/i2c@0[0]'
[    0.633519] i2c i2c-2: using lookup tables for GPIO lookup
[    0.633527] i2c i2c-2: No GPIO consumer sda found
[    0.634267] omap_i2c 4819c000.i2c: bus 2 rev0.11 at 100 kHz
[    0.639613] gpiochip_find_base_unlocked: found new base at 544
[    0.639716] gpio gpiochip1: (gpio-32-63): created GPIO range 0->17 ==> 44e10800.pinmux PIN 34->51
[    0.639735] gpio gpiochip1: (gpio-32-63): created GPIO range 18->21 ==> 44e10800.pinmux PIN 77->80
[    0.639751] gpio gpiochip1: (gpio-32-63): created GPIO range 22->31 ==> 44e10800.pinmux PIN 56->65
[    0.640504] gpio gpiochip1: (gpio-32-63): added GPIO chardev (254:1)
[    0.640647] gpio gpiochip1: registered GPIOs 544 to 575 on gpio-32-63
[    0.643046] gpiochip_find_base_unlocked: found new base at 576
[    0.643141] gpio gpiochip2: (gpio-64-95): created GPIO range 0->4 ==> 44e10800.pinmux PIN 66->70
[    0.643160] gpio gpiochip2: (gpio-64-95): created GPIO range 5->6 ==> 44e10800.pinmux PIN 98->99
[    0.643176] gpio gpiochip2: (gpio-64-95): created GPIO range 7->8 ==> 44e10800.pinmux PIN 75->76
[    0.643191] gpio gpiochip2: (gpio-64-95): created GPIO range 13->13 ==> 44e10800.pinmux PIN 141->141
[    0.643207] gpio gpiochip2: (gpio-64-95): created GPIO range 14->21 ==> 44e10800.pinmux PIN 100->107
[    0.654077] gpio gpiochip2: (gpio-64-95): added GPIO chardev (254:2)
[    0.654235] gpio gpiochip2: registered GPIOs 576 to 607 on gpio-64-95
[    0.659703] 48000000.interconnect:segment@200000:target-module@0:mpu@0:fck: device ID is greater than 24
[    0.664148] platform 4830e000.lcdc: Fixed dependency cycle(s) with /ocp/interconnect@44c00000/segment@200000/target-module@b000/i2c@0/tda19988@70
[    0.673529] mdio_bus 4a101000.mdio: using DT '/ocp/interconnect@4a000000/segment@0/target-module@100000/switch@0/mdio@1000' for 'reset' GPIO lookup
[    0.673606] of_get_named_gpiod_flags: can't parse 'reset-gpios' property of node '/ocp/interconnect@4a000000/segment@0/target-module@100000/switch@0/mdio@1000[0]'
[    0.673655] of_get_named_gpiod_flags: can't parse 'reset-gpio' property of node '/ocp/interconnect@4a000000/segment@0/target-module@100000/switch@0/mdio@1000[0]'
[    0.673703] mdio_bus 4a101000.mdio: using lookup tables for GPIO lookup
[    0.673714] mdio_bus 4a101000.mdio: No GPIO consumer reset found
[    0.674717] sdhci-omap 481d8000.mmc: using DT '/ocp/interconnect@48000000/segment@100000/target-module@d8000/mmc@0' for 'wp' GPIO lookup
[    0.674781] of_get_named_gpiod_flags: can't parse 'wp-gpios' property of node '/ocp/interconnect@48000000/segment@100000/target-module@d8000/mmc@0[0]'
[    0.674827] of_get_named_gpiod_flags: can't parse 'wp-gpio' property of node '/ocp/interconnect@48000000/segment@100000/target-module@d8000/mmc@0[0]'
[    0.674864] sdhci-omap 481d8000.mmc: using lookup tables for GPIO lookup
[    0.674874] sdhci-omap 481d8000.mmc: No GPIO consumer wp found
[    0.675067] sdhci-omap 481d8000.mmc: supply pbias not found, using dummy regulator
[    0.675570] sdhci-omap 481d8000.mmc: supply vqmmc not found, using dummy regulator
[    0.737197] davinci_mdio 4a101000.mdio: davinci mdio revision 1.6, bus freq 1000000
[    0.754592] mdio_bus 4a101000.mdio:00: using DT '/ocp/interconnect@4a000000/segment@0/target-module@100000/switch@0/mdio@1000/ethernet-phy@0' for 'reset' GPIO lookup
[    0.754696] of_get_named_gpiod_flags: parsed 'reset-gpios' property of node '/ocp/interconnect@4a000000/segment@0/target-module@100000/switch@0/mdio@1000/ethernet-phy@0[0]' - status (0)
[    0.754862] gpio gpiochip0: Persistence not supported for GPIO 8
[    0.852111] davinci_mdio 4a101000.mdio: phy[0]: device 4a101000.mdio:00, driver SMSC LAN8710/LAN8720
[    0.852933] cpsw-switch 4a100000.switch: initialized cpsw ale version 1.4
[    0.852960] cpsw-switch 4a100000.switch: ALE Table size 1024, Policers 0
[    0.853103] cpsw-switch 4a100000.switch: cpts: overflow check period 500 (jiffies)
[    0.853120] cpsw-switch 4a100000.switch: CPTS: ref_clk_freq:250000000 calc_mult:2147483648 calc_shift:29 error:0 nsec/sec
[    0.853218] cpsw-switch 4a100000.switch: Detected MACID = 6c:ec:eb:68:de:78
[    0.855039] cpsw-switch 4a100000.switch: initialized (regs 0x4a100000, pool size 256) hw_ver:0019010C 1.12 (0)
[    0.866045] debugfs: Directory '49000000.dma' with parent 'dmaengine' already present!
[    0.866087] edma 49000000.dma: TI EDMA DMA engine driver
[    0.885528] target-module@4b000000:target-module@140000:pmu@0:fck: device ID is greater than 24
[    0.905911] hw perfevents: enabled with armv7_cortex_a8 PMU driver, 5 (8000000f) counters available
[    0.906832] gpio-clk clk_mcasp0: using DT '/clk_mcasp0' for 'enable' GPIO lookup
[    0.906903] of_get_named_gpiod_flags: parsed 'enable-gpios' property of node '/clk_mcasp0[0]' - status (0)
[    0.906949] gpio gpiochip0: Persistence not supported for GPIO 27
[    0.907758] gpiochip_find_base_unlocked: found new base at 608
[    0.907886] gpio gpiochip3: (gpio-96-127): created GPIO range 0->7 ==> 44e10800.pinmux PIN 82->89
[    0.907908] gpio gpiochip3: (gpio-96-127): created GPIO range 8->11 ==> 44e10800.pinmux PIN 52->55
[    0.907924] gpio gpiochip3: (gpio-96-127): created GPIO range 12->15 ==> 44e10800.pinmux PIN 94->97
[    0.907939] gpio gpiochip3: (gpio-96-127): created GPIO range 16->17 ==> 44e10800.pinmux PIN 71->72
[    0.907954] gpio gpiochip3: (gpio-96-127): created GPIO range 18->18 ==> 44e10800.pinmux PIN 135->135
[    0.907971] gpio gpiochip3: (gpio-96-127): created GPIO range 19->20 ==> 44e10800.pinmux PIN 108->109
[    0.907987] gpio gpiochip3: (gpio-96-127): created GPIO range 21->21 ==> 44e10800.pinmux PIN 73->73
[    0.908004] gpio gpiochip3: (gpio-96-127): created GPIO range 22->23 ==> 44e10800.pinmux PIN 8->9
[    0.908021] gpio gpiochip3: (gpio-96-127): created GPIO range 26->27 ==> 44e10800.pinmux PIN 10->11
[    0.908038] gpio gpiochip3: (gpio-96-127): created GPIO range 28->28 ==> 44e10800.pinmux PIN 74->74
[    0.908056] gpio gpiochip3: (gpio-96-127): created GPIO range 29->29 ==> 44e10800.pinmux PIN 81->81
[    0.908074] gpio gpiochip3: (gpio-96-127): created GPIO range 30->31 ==> 44e10800.pinmux PIN 28->29
[    0.909396] gpio gpiochip3: (gpio-96-127): added GPIO chardev (254:3)
[    0.909545] gpio gpiochip3: registered GPIOs 608 to 639 on gpio-96-127
[    0.916153] l3-aon-clkctrl:0000:0: failed to disable
[    0.916757] omap8250 44e09000.serial: using DT '/ocp/interconnect@44c00000/segment@200000/target-module@9000/serial@0' for 'rs485-term' GPIO lookup
[    0.916829] of_get_named_gpiod_flags: can't parse 'rs485-term-gpios' property of node '/ocp/interconnect@44c00000/segment@200000/target-module@9000/serial@0[0]'
[    0.916875] of_get_named_gpiod_flags: can't parse 'rs485-term-gpio' property of node '/ocp/interconnect@44c00000/segment@200000/target-module@9000/serial@0[0]'
[    0.916913] omap8250 44e09000.serial: using lookup tables for GPIO lookup
[    0.916924] omap8250 44e09000.serial: No GPIO consumer rs485-term found
[    0.916934] omap8250 44e09000.serial: using DT '/ocp/interconnect@44c00000/segment@200000/target-module@9000/serial@0' for 'rs485-rx-during-tx' GPIO lookup
[    0.916971] of_get_named_gpiod_flags: can't parse 'rs485-rx-during-tx-gpios' property of node '/ocp/interconnect@44c00000/segment@200000/target-module@9000/serial@0[0]'
[    0.917011] of_get_named_gpiod_flags: can't parse 'rs485-rx-during-tx-gpio' property of node '/ocp/interconnect@44c00000/segment@200000/target-module@9000/serial@0[0]'
[    0.917044] omap8250 44e09000.serial: using lookup tables for GPIO lookup
[    0.917053] omap8250 44e09000.serial: No GPIO consumer rs485-rx-during-tx found
[    0.917440] 44e09000.serial: ttyS0 at MMIO 0x44e09000 (irq = 34, base_baud = 3000000) is a 8250
[    0.917526] printk: legacy console [ttyS0] enabled
[    2.271508] i2c i2c-0: using DT '/ocp/interconnect@44c00000/segment@200000/target-module@b000/i2c@0' for 'scl' GPIO lookup
[    2.271605] of_get_named_gpiod_flags: can't parse 'scl-gpios' property of node '/ocp/interconnect@44c00000/segment@200000/target-module@b000/i2c@0[0]'
[    2.271656] of_get_named_gpiod_flags: can't parse 'scl-gpio' property of node '/ocp/interconnect@44c00000/segment@200000/target-module@b000/i2c@0[0]'
[    2.271699] i2c i2c-0: using lookup tables for GPIO lookup
[    2.271714] i2c i2c-0: No GPIO consumer scl found
[    2.271739] i2c i2c-0: using DT '/ocp/interconnect@44c00000/segment@200000/target-module@b000/i2c@0' for 'sda' GPIO lookup
[    2.271781] of_get_named_gpiod_flags: can't parse 'sda-gpios' property of node '/ocp/interconnect@44c00000/segment@200000/target-module@b000/i2c@0[0]'
[    2.271825] of_get_named_gpiod_flags: can't parse 'sda-gpio' property of node '/ocp/interconnect@44c00000/segment@200000/target-module@b000/i2c@0[0]'
[    2.271863] i2c i2c-0: using lookup tables for GPIO lookup
[    2.271875] i2c i2c-0: No GPIO consumer sda found
[    2.292354] tps65217-pmic: Failed to locate of_node [id: -1]
[    2.298436] tps65217-bl: Failed to locate of_node [id: -1]
[    2.309868] tps65217 0-0024: TPS65217 ID 0xe version 1.2
[    2.316018] platform 4830e000.lcdc: Fixed dependency cycle(s) with /ocp/interconnect@44c00000/segment@200000/target-module@b000/i2c@0/tda19988@70
[    2.329428] i2c 0-0070: Fixed dependency cycle(s) with /ocp/interconnect@48000000/segment@300000/target-module@e000/lcdc@0
[    2.340841] omap_i2c 44e0b000.i2c: bus 0 rev0.11 at 400 kHz
[    2.348447] sdhci-omap 48060000.mmc: using DT '/ocp/interconnect@48000000/segment@0/target-module@60000/mmc@0' for 'cd' GPIO lookup
[    2.348561] of_get_named_gpiod_flags: parsed 'cd-gpios' property of node '/ocp/interconnect@48000000/segment@0/target-module@60000/mmc@0[0]' - status (0)
[    2.348630] gpio gpiochip3: Persistence not supported for GPIO 6
[    2.348655] omap_gpio 44e07000.gpio: Could not set line 6 debounce to 200000 microseconds (-22)
[    2.357554] sdhci-omap 48060000.mmc: Got CD GPIO
[    2.362238] sdhci-omap 48060000.mmc: using DT '/ocp/interconnect@48000000/segment@0/target-module@60000/mmc@0' for 'wp' GPIO lookup
[    2.362293] of_get_named_gpiod_flags: can't parse 'wp-gpios' property of node '/ocp/interconnect@48000000/segment@0/target-module@60000/mmc@0[0]'
[    2.362341] of_get_named_gpiod_flags: can't parse 'wp-gpio' property of node '/ocp/interconnect@48000000/segment@0/target-module@60000/mmc@0[0]'
[    2.362381] sdhci-omap 48060000.mmc: using lookup tables for GPIO lookup
[    2.362396] sdhci-omap 48060000.mmc: No GPIO consumer wp found
[    2.362604] sdhci-omap 48060000.mmc: supply pbias not found, using dummy regulator
[    2.371440] sdhci-omap 481d8000.mmc: using DT '/ocp/interconnect@48000000/segment@100000/target-module@d8000/mmc@0' for 'wp' GPIO lookup
[    2.371521] of_get_named_gpiod_flags: can't parse 'wp-gpios' property of node '/ocp/interconnect@48000000/segment@100000/target-module@d8000/mmc@0[0]'
[    2.371573] of_get_named_gpiod_flags: can't parse 'wp-gpio' property of node '/ocp/interconnect@48000000/segment@100000/target-module@d8000/mmc@0[0]'
[    2.371613] sdhci-omap 481d8000.mmc: using lookup tables for GPIO lookup
[    2.371628] sdhci-omap 481d8000.mmc: No GPIO consumer wp found
[    2.373002] sdhci-omap 48060000.mmc: supply vqmmc not found, using dummy regulator
[    2.382119] sdhci-omap 481d8000.mmc: supply pbias not found, using dummy regulator
[    2.390118] sdhci-omap 481d8000.mmc: supply vqmmc not found, using dummy regulator
[    2.428970] mmc1: SDHCI controller on 481d8000.mmc [481d8000.mmc] using External DMA
[    2.438232] mmc0: SDHCI controller on 48060000.mmc [48060000.mmc] using External DMA
[    2.447046] cpsw-switch 4a100000.switch: starting ndev. mode: dual_mac
[    2.490681] mmc0: new high speed SDHC card at address 5048
[    2.497789] mmcblk0: mmc0:5048 SD16G 14.4 GiB
[    2.505903]  mmcblk0: p1 p2
[    2.509282] mmcblk0: p2 size 31221760 extends beyond EOD, truncated
[    2.522643] SMSC LAN8710/LAN8720 4a101000.mdio:00: attached PHY driver (mii_bus:phy_addr=4a101000.mdio:00, irq=POLL)
[    2.535323] mmc1: new high speed MMC card at address 0001
[    2.542451] mmcblk1: mmc1:0001 MMC04G 3.60 GiB
[    2.554136]  mmcblk1: p1 p2
[    2.558436] mmcblk1boot0: mmc1:0001 MMC04G 2.00 MiB
[    2.565782] mmcblk1boot1: mmc1:0001 MMC04G 2.00 MiB
[    2.573287] mmcblk1rpmb: mmc1:0001 MMC04G 128 KiB, chardev (250:0)
[    5.682131] cpsw-switch 4a100000.switch eth0: Link is Up - 100Mbps/Full - flow control off
[    5.711371] IP-Config: Complete:
[    5.714642]      device=eth0, hwaddr=6c:ec:eb:68:de:78, ipaddr=192.168.255.1, mask=255.255.255.0, gw=255.255.255.255
[    5.725288]      host=bbb1, domain=, nis-domain=(none)
[    5.730456]      bootserver=192.168.255.126, rootserver=192.168.255.126, rootpath=
[    5.730879] clk: Disabling unused clocks
[    5.742750] PM: genpd: Disabling unused power domains
[    5.747872] KTAP version 1
[    5.750593] 1..0
[    5.782762] VFS: Mounted root (nfs filesystem) on device 0:17.
[    5.789581] devtmpfs: mounted
[    5.794516] Freeing unused kernel image (initmem) memory: 1024K
[    5.801149] Run /sbin/init as init process
[    5.805413]   with arguments:
[    5.805431]     /sbin/init
[    5.805442]     nfsrootdebug
[    5.805451]   with environment:
[    5.805460]     HOME=/
[    5.805470]     TERM=linux
[    6.519610] systemd[1]: System time before build time, advancing clock.
[    7.971374] random: crng init done
[    8.012269] systemd[1]: systemd 232 running in system mode. (+PAM +AUDIT +SELINUX +IMA +APPARMOR +SMACK +SYSVINIT +UTMP +LIBCRYPTSETUP +GCRYPT +GNUTLS +ACL +XZ +LZ4 +SECCOMP +BLKID +ELFUTILS +KMOD +IDN)
[    8.031438] systemd[1]: Detected architecture arm.
[    8.064650] systemd[1]: Set hostname to <arm>.
[    9.190192] systemd[1]: Started Dispatch Password Requests to Console Directory Watch.
[    9.223352] systemd[1]: Listening on /dev/initctl Compatibility Named Pipe.
[    9.253235] systemd[1]: Set up automount Arbitrary Executable File Formats File System Automount Point.
[    9.283501] systemd[1]: Listening on udev Control Socket.
[    9.312977] systemd[1]: Created slice User and Session Slice.
[    9.343427] systemd[1]: Listening on Syslog Socket.
[    9.372224] systemd[1]: Listening on Journal Socket.
[   11.402360] systemd-journald[91]: Received request to flush runtime journal from PID 1
[   14.191730] leds-gpio leds: using DT '/leds/led2' for '(default)' GPIO lookup
[   14.191839] of_get_named_gpiod_flags: parsed 'gpios' property of node '/leds/led2[0]' - status (0)
[   14.191899] gpio gpiochip0: Persistence not supported for GPIO 21
[   14.191915] gpio-533 (?): no flags found for GPIO (default)
[   14.278796] leds-gpio leds: using DT '/leds/led3' for '(default)' GPIO lookup
[   14.278910] of_get_named_gpiod_flags: parsed 'gpios' property of node '/leds/led3[0]' - status (0)
[   14.278969] gpio gpiochip0: Persistence not supported for GPIO 22
[   14.278985] gpio-534 (?): no flags found for GPIO (default)
[   14.312832] leds-gpio leds: using DT '/leds/led4' for '(default)' GPIO lookup
[   14.312942] of_get_named_gpiod_flags: parsed 'gpios' property of node '/leds/led4[0]' - status (0)
[   14.312996] gpio gpiochip0: Persistence not supported for GPIO 23
[   14.313012] gpio-535 (?): no flags found for GPIO (default)
[   14.343208] leds-gpio leds: using DT '/leds/led5' for '(default)' GPIO lookup
[   14.343312] of_get_named_gpiod_flags: parsed 'gpios' property of node '/leds/led5[0]' - status (0)
[   14.343365] gpio gpiochip0: Persistence not supported for GPIO 24
[   14.343381] gpio-536 (?): no flags found for GPIO (default)
[   14.576101] remoteproc remoteproc0: wkup_m3 is available
[   14.768760] omap_rtc 44e3e000.rtc: registered as rtc0
[   14.774194] omap_rtc 44e3e000.rtc: setting system clock to 2000-01-01T00:00:00 UTC (946684800)
[   14.783008] omap_rtc 44e3e000.rtc: using DT '/ocp/interconnect@44c00000/segment@200000/target-module@3e000/rtc@0' for 'wp' GPIO lookup
[   14.783084] of_get_named_gpiod_flags: can't parse 'wp-gpios' property of node '/ocp/interconnect@44c00000/segment@200000/target-module@3e000/rtc@0[0]'
[   14.783138] of_get_named_gpiod_flags: can't parse 'wp-gpio' property of node '/ocp/interconnect@44c00000/segment@200000/target-module@3e000/rtc@0[0]'
[   14.783180] omap_rtc 44e3e000.rtc: using lookup tables for GPIO lookup
[   14.783196] omap_rtc 44e3e000.rtc: No GPIO consumer wp found
[   14.928213] omap_wdt: OMAP Watchdog Timer Rev 0x01: initial timeout 60 sec
[   15.043205] at24 2-0054: supply vcc not found, using dummy regulator
[   15.075690] tps6521x_pwrbutton tps65217-pwrbutton: DMA mask not set
[   15.205790] input: tps65217_pwrbutton as /devices/platform/ocp/44c00000.interconnect/44c00000.interconnect:segment@200000/44e0b000.target-module/44e0b000.i2c/i2c-0/0-0024/tps65217-pwrbutton/input/input0
[   15.234013] at24 2-0055: supply vcc not found, using dummy regulator
[   15.341704] at24 2-0056: supply vcc not found, using dummy regulator
[   15.416232] at24 2-0057: supply vcc not found, using dummy regulator
[   15.538511] at24 0-0050: using DT '/ocp/interconnect@44c00000/segment@200000/target-module@b000/i2c@0/eeprom@50' for 'wp' GPIO lookup
[   15.538637] of_get_named_gpiod_flags: can't parse 'wp-gpios' property of node '/ocp/interconnect@44c00000/segment@200000/target-module@b000/i2c@0/eeprom@50[0]'
[   15.538703] of_get_named_gpiod_flags: can't parse 'wp-gpio' property of node '/ocp/interconnect@44c00000/segment@200000/target-module@b000/i2c@0/eeprom@50[0]'
[   15.538754] at24 0-0050: using lookup tables for GPIO lookup
[   15.538770] at24 0-0050: No GPIO consumer wp found
[   15.539117] at24 0-0050: 32768 byte 24c256 EEPROM, writable, 1 bytes/write
[   15.733543] wkup_m3_ipc 44e11324.wkup_m3_ipc: IPC Request for A8->M3 Channel failed! -517
[   16.339298] am335x-phy-driver 47401300.usb-phy: using DT '/ocp/target-module@47400000/usb-phy@1300' for 'reset' GPIO lookup
[   16.339398] of_get_named_gpiod_flags: can't parse 'reset-gpios' property of node '/ocp/target-module@47400000/usb-phy@1300[0]'
[   16.339444] of_get_named_gpiod_flags: can't parse 'reset-gpio' property of node '/ocp/target-module@47400000/usb-phy@1300[0]'
[   16.339483] am335x-phy-driver 47401300.usb-phy: using lookup tables for GPIO lookup
[   16.339499] am335x-phy-driver 47401300.usb-phy: No GPIO consumer reset found
[   16.339514] am335x-phy-driver 47401300.usb-phy: using DT '/ocp/target-module@47400000/usb-phy@1300' for 'vbus-detect' GPIO lookup
[   16.339547] of_get_named_gpiod_flags: can't parse 'vbus-detect-gpios' property of node '/ocp/target-module@47400000/usb-phy@1300[0]'
[   16.339582] of_get_named_gpiod_flags: can't parse 'vbus-detect-gpio' property of node '/ocp/target-module@47400000/usb-phy@1300[0]'
[   16.339609] am335x-phy-driver 47401300.usb-phy: using lookup tables for GPIO lookup
[   16.339622] am335x-phy-driver 47401300.usb-phy: No GPIO consumer vbus-detect found
[   16.339772] am335x-phy-driver 47401300.usb-phy: dummy supplies not allowed for exclusive requests (id=vbus)
[   16.506429] am335x-phy-driver 47401b00.usb-phy: using DT '/ocp/target-module@47400000/usb-phy@1b00' for 'reset' GPIO lookup
[   16.506533] of_get_named_gpiod_flags: can't parse 'reset-gpios' property of node '/ocp/target-module@47400000/usb-phy@1b00[0]'
[   16.506579] of_get_named_gpiod_flags: can't parse 'reset-gpio' property of node '/ocp/target-module@47400000/usb-phy@1b00[0]'
[   16.506618] am335x-phy-driver 47401b00.usb-phy: using lookup tables for GPIO lookup
[   16.506634] am335x-phy-driver 47401b00.usb-phy: No GPIO consumer reset found
[   16.506649] am335x-phy-driver 47401b00.usb-phy: using DT '/ocp/target-module@47400000/usb-phy@1b00' for 'vbus-detect' GPIO lookup
[   16.506683] of_get_named_gpiod_flags: can't parse 'vbus-detect-gpios' property of node '/ocp/target-module@47400000/usb-phy@1b00[0]'
[   16.506718] of_get_named_gpiod_flags: can't parse 'vbus-detect-gpio' property of node '/ocp/target-module@47400000/usb-phy@1b00[0]'
[   16.506747] am335x-phy-driver 47401b00.usb-phy: using lookup tables for GPIO lookup
[   16.506759] am335x-phy-driver 47401b00.usb-phy: No GPIO consumer vbus-detect found
