Labgrid Console Logfile for main
Logfile started at 2025-10-06 16:29:44.194291
=== Log starts here ===
reading args
spl_load_image_fat_os: error reading image args, err - -1
reading u-boot.img
reading u-boot.img


U-Boot 2014.04-00014-g47880f5 (Apr 22 2014 - 13:23:54)

I2C:   ready
DRAM:  512 MiB
NAND:  0 MiB
MMC:   OMAP SD/MMC: 0, OMAP SD/MMC: 1
*** Warning - readenv() failed, using default environment

Net:   <ethaddr> not set. Validating first E-fuse MAC
cpsw, usb_ether
Hit any key to stop autoboot:  1  0 
gpio: pin 53 (gpio 53) value is 1
mmc0 is current device
gpio: pin 54 (gpio 54) value is 1
SD/MMC found on device 0
reading uEnv.txt
569 bytes read in 4 ms (138.7 KiB/s)
gpio: pin 55 (gpio 55) value is 1
Loaded environment from uEnv.txt
Importing environment from mmc ...
Checking if uenvcmd is set ...
gpio: pin 56 (gpio 56) value is 1
Running uenvcmd ...
cpsw Waiting for PHY auto negotiation to complete. done
link up on port 0, speed 100, full duplex
Using cpsw device
TFTP from server 192.168.255.126; our IP address is 192.168.255.1
Filename 'zImage'.
Load address: 0x81000000
Loading: *#################################################################
	 #################################################################
	 #################################################################
	 #################################################################
	 #################################################################
	 ###############################################################
	 2.4 MiB/s
done
Bytes transferred = 5684056 (56bb58 hex)
link up on port 0, speed 100, full duplex
Using cpsw device
TFTP from server 192.168.255.126; our IP address is 192.168.255.1
Filename 'am335x-boneblack.dtb'.
Load address: 0x82000000
Loading: *#######
	 1.5 MiB/s
done
Bytes transferred = 98148 (17f64 hex)
Kernel image @ 0x81000000 [ 0x000000 - 0x56bb58 ]
## Flattened Device Tree blob at 82000000
   Booting using the fdt blob at 0x82000000
   Using Device Tree in place at 82000000, end 8201af63

Starting kernel ...

[    0.000000] Booting Linux on physical CPU 0x0
[    0.000000] Linux version 6.17.0-next-20251006 (user01@drvtest01) (arm-none-eabi-gcc (Arm GNU Toolchain 14.2.Rel1 (Build arm-14.52)) 14.2.1 20241119, GNU ld (Arm GNU Toolchain 14.2.Rel1 (Build arm-14.52)) 2.43.1.20241119) #1 SMP Mon Oct  6 16:27:52 EEST 2025
[    0.000000] CPU: ARMv7 Processor [413fc082] revision 2 (ARMv7), cr=10c5387d
[    0.000000] CPU: PIPT / VIPT nonaliasing data cache, VIPT aliasing instruction cache
[    0.000000] OF: fdt: Machine model: TI AM335x BeagleBone Black
[    0.000000] Memory policy: Data cache writeback
[    0.000000] cma: Reserved 16 MiB at 0x9e800000
[    0.000000] Zone ranges:
[    0.000000]   Normal   [mem 0x0000000080000000-0x000000009fdfffff]
[    0.000000]   HighMem  empty
[    0.000000] Movable zone start for each node
[    0.000000] Early memory node ranges
[    0.000000]   node   0: [mem 0x0000000080000000-0x000000009fdfffff]
[    0.000000] Initmem setup node 0 [mem 0x0000000080000000-0x000000009fdfffff]
[    0.000000] On node 0, zone Normal: 512 pages in unavailable ranges
[    0.000000] OF: reserved mem: Reserved memory: No reserved-memory node in the DT
[    0.000000] CPU: All CPU(s) started in SVC mode.
[    0.000000] AM335X ES2.1 (sgx neon)
[    0.000000] percpu: Embedded 17 pages/cpu s39884 r8192 d21556 u69632
[    0.000000] Kernel command line: console=ttyO0,115200n8 root=/dev/nfs rw nfsroot=192.168.255.126:/home/user01/nfs,nfsvers=3 ip=192.168.255.1:192.168.255.126::255.255.255.0:bbb1:eth0 nfsrootdebug
[    0.000000] Unknown kernel command line parameters "nfsrootdebug", will be passed to user space.
[    0.000000] printk: log buffer data + meta data: 65536 + 204800 = 270336 bytes
[    0.000000] Dentry cache hash table entries: 65536 (order: 6, 262144 bytes, linear)
[    0.000000] Inode-cache hash table entries: 32768 (order: 5, 131072 bytes, linear)
[    0.000000] Built 1 zonelists, mobility grouping on.  Total pages: 130560
[    0.000000] mem auto-init: stack:off, heap alloc:off, heap free:off
[    0.000000] SLUB: HWalign=16, Order=0-3, MinObjects=0, CPUs=1, Nodes=1
[    0.000000] rcu: Hierarchical RCU implementation.
[    0.000000] rcu: 	RCU event tracing is enabled.
[    0.000000] rcu: 	RCU restricting CPUs from NR_CPUS=2 to nr_cpu_ids=1.
[    0.000000] 	Tracing variant of Tasks RCU enabled.
[    0.000000] rcu: RCU calculated value of scheduler-enlistment delay is 10 jiffies.
[    0.000000] rcu: Adjusting geometry for rcu_fanout_leaf=16, nr_cpu_ids=1
[    0.000000] RCU Tasks Trace: Setting shift to 0 and lim to 1 rcu_task_cb_adjust=1 rcu_task_cpu_ids=1.
[    0.000000] NR_IRQS: 16, nr_irqs: 16, preallocated irqs: 16
[    0.000000] IRQ: Found an INTC at 0x(ptrval) (revision 5.0) with 128 interrupts
[    0.000000] rcu: srcu_init: Setting srcu_struct sizes based on contention.
[    0.000000] TI gptimer clocksource: always-on /ocp/interconnect@44c00000/segment@200000/target-module@31000
[    0.000003] sched_clock: 32 bits at 24MHz, resolution 41ns, wraps every 89478484971ns
[    0.000025] clocksource: dmtimer: mask: 0xffffffff max_cycles: 0xffffffff, max_idle_ns: 79635851949 ns
[    0.000494] TI gptimer clockevent: 24000000 Hz at /ocp/interconnect@48000000/segment@0/target-module@40000
[    0.002041] Console: colour dummy device 80x30
[    0.002107] WARNING: Your 'console=ttyO0' has been replaced by 'ttyS0'
[    0.002115] This ensures that you still see kernel messages. Please
[    0.002120] update your kernel commandline.
[    0.002164] Calibrating delay loop... 996.14 BogoMIPS (lpj=4980736)
[    0.090541] CPU: Testing write buffer coherency: ok
[    0.090652] CPU0: Spectre v2: using BPIALL workaround
[    0.090663] pid_max: default: 32768 minimum: 301
[    0.090838] LSM: initializing lsm=capability
[    0.091001] Mount-cache hash table entries: 1024 (order: 0, 4096 bytes, linear)
[    0.091019] Mountpoint-cache hash table entries: 1024 (order: 0, 4096 bytes, linear)
[    0.092592] CPU0: thread -1, cpu 0, socket -1, mpidr 0
[    0.092649] cacheinfo: Unable to detect cache hierarchy for CPU 0
[    0.094638] Setting up static identity map for 0x80100000 - 0x80100078
[    0.094945] rcu: Hierarchical SRCU implementation.
[    0.094956] rcu: 	Max phase no-delay instances is 1000.
[    0.096641] smp: Bringing up secondary CPUs ...
[    0.096696] smp: Brought up 1 node, 1 CPU
[    0.096710] SMP: Total of 1 processors activated (996.14 BogoMIPS).
[    0.096721] CPU: All CPU(s) started in SVC mode.
[    0.096916] Memory: 480864K/522240K available (11264K kernel code, 1226K rwdata, 2952K rodata, 1024K init, 256K bss, 23336K reserved, 16384K cma-reserved, 0K highmem)
[    0.097718] devtmpfs: initialized
[    0.115185] VFP support v0.3: implementor 41 architecture 3 part 30 variant c rev 3
[    0.115835] clocksource: jiffies: mask: 0xffffffff max_cycles: 0xffffffff, max_idle_ns: 19112604462750000 ns
[    0.115892] posixtimers hash table entries: 512 (order: 0, 4096 bytes, linear)
[    0.115918] futex hash table entries: 256 (16384 bytes on 1 NUMA nodes, total 16 KiB, linear).
[    0.117042] pinctrl core: initialized pinctrl subsystem
[    0.119133] NET: Registered PF_NETLINK/PF_ROUTE protocol family
[    0.122190] DMA: preallocated 256 KiB pool for atomic coherent allocations
[    0.122787] audit: initializing netlink subsys (disabled)
[    0.124130] thermal_sys: Registered thermal governor 'fair_share'
[    0.124144] thermal_sys: Registered thermal governor 'step_wise'
[    0.124153] thermal_sys: Registered thermal governor 'user_space'
[    0.124261] audit: type=2000 audit(0.120:1): state=initialized audit_enabled=0 res=1
[    0.124331] cpuidle: using governor menu
[    0.142373] /ocp/interconnect@44c00000/segment@200000/target-module@b000/i2c@0/tda19988@70: Fixed dependency cycle(s) with /ocp/interconnect@48000000/segment@300000/target-module@e000/lcdc@0
[    0.143487] /ocp/interconnect@48000000/segment@300000/target-module@e000/lcdc@0: Fixed dependency cycle(s) with /ocp/interconnect@44c00000/segment@200000/target-module@b000/i2c@0/tda19988@70
[    0.145693] No ATAGs?
[    0.145731] hw-breakpoint: debug architecture 0x4 unsupported.
[    0.148814] kprobes: kprobe jump-optimization is enabled. All kprobes are optimized if possible.
[    0.153879] iommu: Default domain type: Translated
[    0.153902] iommu: DMA domain TLB invalidation policy: strict mode
[    0.161367] SCSI subsystem initialized
[    0.162227] pps_core: LinuxPPS API ver. 1 registered
[    0.162238] pps_core: Software ver. 5.3.6 - Copyright 2005-2007 Rodolfo Giometti <giometti@linux.it>
[    0.162261] PTP clock support registered
[    0.171267] vgaarb: loaded
[    0.171644] clocksource: Switched to clocksource dmtimer
[    0.172312] VFS: Disk quotas dquot_6.6.0
[    0.172370] VFS: Dquot-cache hash table entries: 1024 (order 0, 4096 bytes)
[    0.197143] NET: Registered PF_INET protocol family
[    0.197483] IP idents hash table entries: 8192 (order: 4, 65536 bytes, linear)
[    0.198916] tcp_listen_portaddr_hash hash table entries: 512 (order: 0, 4096 bytes, linear)
[    0.198951] Table-perturb hash table entries: 65536 (order: 6, 262144 bytes, linear)
[    0.198969] TCP established hash table entries: 4096 (order: 2, 16384 bytes, linear)
[    0.199015] TCP bind hash table entries: 4096 (order: 4, 65536 bytes, linear)
[    0.199115] TCP: Hash tables configured (established 4096 bind 4096)
[    0.199237] UDP hash table entries: 256 (order: 1, 14336 bytes, linear)
[    0.199271] UDP-Lite hash table entries: 256 (order: 1, 14336 bytes, linear)
[    0.199475] NET: Registered PF_UNIX/PF_LOCAL protocol family
[    0.202892] RPC: Registered named UNIX socket transport module.
[    0.202916] RPC: Registered udp transport module.
[    0.202921] RPC: Registered tcp transport module.
[    0.202925] RPC: Registered tcp-with-tls transport module.
[    0.202930] RPC: Registered tcp NFSv4.1 backchannel transport module.
[    0.202955] PCI: CLS 0 bytes, default 64
[    0.204372] Initialise system trusted keyrings
[    0.212438] workingset: timestamp_bits=14 max_order=17 bucket_order=3
[    0.213884] NFS: Registering the id_resolver key type
[    0.213943] Key type id_resolver registered
[    0.213950] Key type id_legacy registered
[    0.214068] jffs2: version 2.2. (NAND) (SUMMARY)  Â© 2001-2006 Red Hat, Inc.
[    0.214530] Key type asymmetric registered
[    0.214547] Asymmetric key parser 'x509' registered
[    0.214622] io scheduler mq-deadline registered
[    0.214632] io scheduler kyber registered
[    0.214713] io scheduler bfq registered
[    0.216572] target-module@4b000000:target-module@140000:pmu@0:fck: device ID is greater than 24
[    0.221979] ledtrig-cpu: registered to indicate activity on CPUs
[    0.225720] Serial: 8250/16550 driver, 6 ports, IRQ sharing enabled
[    0.279120] brd: module loaded
[    0.288089] loop: module loaded
[    0.289035] mtdoops: mtd device (mtddev=name/number) must be supplied
[    0.292183] i2c_dev: i2c /dev entries driver
[    0.293216] cpuidle: enable-method property 'ti,am3352' found operations
[    0.293661] sdhci: Secure Digital Host Controller Interface driver
[    0.293671] sdhci: Copyright(c) Pierre Ossman
[    0.293857] sdhci-pltfm: SDHCI platform and OF driver helper
[    0.302016] hw perfevents: enabled with armv7_cortex_a8 PMU driver, 5 (8000000f) counters available
[    0.302564] Initializing XFRM netlink socket
[    0.302734] NET: Registered PF_INET6 protocol family
[    0.304717] Segment Routing with IPv6
[    0.304799] In-situ OAM (IOAM) with IPv6
[    0.304894] sit: IPv6, IPv4 and MPLS over IPv4 tunneling driver
[    0.305866] NET: Registered PF_PACKET protocol family
[    0.305893] NET: Registered PF_KEY protocol family
[    0.306051] Key type dns_resolver registered
[    0.306281] ThumbEE CPU extension supported.
[    0.306303] Registering SWP/SWPB emulation handler
[    0.306827] omap_voltage_late_init: Voltage driver support not added
[    0.307486] SmartReflex Class3 initialized
[    0.344204] Loading compiled-in X.509 certificates
[    0.381148] /ocp/interconnect@44c00000/segment@200000/target-module@b000/i2c@0/tda19988@70: Fixed dependency cycle(s) with /ocp/interconnect@48000000/segment@300000/target-module@e000/lcdc@0
[    0.387672] /ocp/interconnect@44c00000/segment@200000/target-module@b000/i2c@0/tda19988@70: Fixed dependency cycle(s) with /ocp/interconnect@48000000/segment@300000/target-module@e000/lcdc@0
[    0.430970] /ocp/interconnect@44c00000/segment@200000/target-module@b000/i2c@0/tda19988@70: Fixed dependency cycle(s) with /ocp/interconnect@48000000/segment@300000/target-module@e000/lcdc@0
[    0.432082] /ocp/interconnect@44c00000/segment@200000/target-module@b000/i2c@0/tda19988@70: Fixed dependency cycle(s) with /ocp/interconnect@48000000/segment@300000/target-module@e000/lcdc@0
[    0.435659] /ocp/interconnect@44c00000/segment@200000/target-module@10000/scm@0/pinmux@800: Fixed dependency cycle(s) with /ocp/interconnect@44c00000/segment@200000/target-module@10000/scm@0/pinmux@800/clkout2-pins
[    0.436245] pinctrl-single 44e10800.pinmux: 142 pins, size 568
[    0.441516] ti-sysc 44e31000.target-module: probe with driver ti-sysc failed with error -16
[    0.480628] /ocp/interconnect@48000000/segment@300000/target-module@e000/lcdc@0: Fixed dependency cycle(s) with /ocp/interconnect@44c00000/segment@200000/target-module@b000/i2c@0/tda19988@70
[    0.488864] ti-sysc 48040000.target-module: probe with driver ti-sysc failed with error -16
[    0.536924] OMAP GPIO hardware version 0.1
[    0.563795] omap_i2c 4819c000.i2c: bus 2 rev0.11 at 100 kHz
[    0.597940] 48000000.interconnect:segment@200000:target-module@0:mpu@0:fck: device ID is greater than 24
[    0.598835] /ocp/interconnect@48000000/segment@300000/target-module@e000/lcdc@0: Fixed dependency cycle(s) with /ocp/interconnect@44c00000/segment@200000/target-module@b000/i2c@0/tda19988@70
[    0.601852] /ocp/interconnect@48000000/segment@300000/target-module@e000/lcdc@0: Fixed dependency cycle(s) with /ocp/interconnect@44c00000/segment@200000/target-module@b000/i2c@0/tda19988@70
[    0.602651] /ocp/interconnect@44c00000/segment@200000/target-module@b000/i2c@0/tda19988@70: Fixed dependency cycle(s) with /ocp/interconnect@48000000/segment@300000/target-module@e000/lcdc@0
[    0.602818] /ocp/interconnect@48000000/segment@300000/target-module@e000/lcdc@0: Fixed dependency cycle(s) with /ocp/interconnect@44c00000/segment@200000/target-module@b000/i2c@0/tda19988@70
[    0.610514] sdhci-omap 481d8000.mmc: supply pbias not found, using dummy regulator
[    0.611012] sdhci-omap 481d8000.mmc: supply vqmmc not found, using dummy regulator
[    0.672789] davinci_mdio 4a101000.mdio: davinci mdio revision 1.6, bus freq 1000000
[    0.831383] davinci_mdio 4a101000.mdio: phy[0]: device 4a101000.mdio:00, driver SMSC LAN8710/LAN8720
[    0.832227] cpsw-switch 4a100000.switch: initialized cpsw al e version 1.4
[    0.832249] cpsw-switch 4a100000.switch: ALE Table size 1024, Policers 0
[    0.832498] cpsw-switch 4a100000.switch: cpts: overflow check period 500 (jiffies)
[    0.832518] cpsw-switch 4a100000.switch: CPTS: ref_clk_freq:250000000 calc_mult:2147483648 calc_shift:29 error:0 nsec/sec
[    0.832627] cpsw-switch 4a100000.switch: Detected MACID = 6c:ec:eb:68:de:78
[    0.834520] cpsw-switch 4a100000.switch: initialized (regs 0x4a100000, pool size 256) hw_ver:0019010C 1.12 (0)
[    0.845 642] debugfs: '49000000.dma' already exists in 'dmaengine'
[    0.845684] edma 49000000.dma: TI EDMA DMA engine driver
[    0.907202] 44e09000.serial: ttyS0 at MMIO 0x44e09000 (irq = 34, base_baud = 3000000) is a 8250
[    0.907293] printk: legacy console [ttyS0] enabled
[    2.442628] tps65217-pmic: Failed to locate of_node [id: -1]
[    2.448697] tps65217-bl: Failed to locate of_node [id: -1]
[    2.454770] platform tps65217-charger: DMA mask not set
[    2.460796] platform tps65217-pwrbutton: DMA mask not set
[    2.468050] tps65217 0-0024: TPS65217 ID 0xe version 1.2
[    2.474177] /ocp/interconnect@48000000/segment@300000/target-module@e000/lcdc@0: Fixed dependency cycle(s) with /ocp/interconnect@44c00000/segment@200000/target-module@b000/i2c@0/tda19988@70
[    2.491587] /ocp/interconnect@44c00000/segment@200000/target-module@b000/i2c@0/tda19988@70: Fixed dependency cycle(s) with /ocp/interconnect@48000000/segment@300000/target-module@e000/lcdc@0
[    2.508999] omap_i2c 44e0b000.i2c: bus 0 rev0.11 at 400 kHz
[    2.516981] omap_gpio 44e07000.gpio: Could not set line 6 debounce to 200000 microseconds (-22)
[    2.525866] sdhci-omap 48060000.mmc: Got CD GPIO
[    2.530872] sdhci-omap 48060000.mmc: supply pbias not found, using dummy regulator
[    2.541049] sdhci-omap 48060000.mmc: supply vqmmc not found, using dummy regulator
[    2.549853] sdhci-omap 481d8000.mmc: supply pbias not found, using dummy regulator
[    2.559683] sdhci-omap 481d8000.mmc: supply vqmmc not found, using dummy regulat
[    5.842427] cpsw-switch 4a100000.switch eth0: Link is Up - 100Mbps/Full - flow control off
[    5.881880] IP-Config: Complete:
[    5.885158]      device=eth0, hwaddr=6c:ec:eb:68:de:78, ipaddr=192.168.255.1, mask=255.255.255.0, gw=255.255.255.255
[    5.895830]      host=bbb1, domain=, nis-domain=(none)
[    5.900997]      bootserver=192.168.255.126, rootserver=192.168.255.126, rootpath=
[    5.901430] clk: Disabling unused clocks
[    5.913281] PM: genpd: Disabling unused power domains
[    5.918430] KTAP version 1
[    5.921155] 1..0
[    5.923645] check access for rdinit=/init failed: -2, ignoring
[    5.952080] VFS: Mounted root (nfs filesystem) on device 0:17.
[    5.958936] devtmpfs: mounted
[    5.963776] Freeing unused kernel image (initmem) memory: 1024K
[    5.970392] Run /sbin/init as init process
[    6.657086] systemd[1]: System time before build time, advancing clock.
[    8.181663] random: crng init done
[    8.214300] systemd[1]: systemd 232 running in system mode. (+PAM +AUDIT +SELINUX +IMA +APPARMOR +SMACK +SYSVINIT +UTMP +LIBCRYPTSETUP +GCRYPT +GNUTLS +ACL +XZ +LZ4 +SECCOMP +BLKID +ELFUTILS +KMOD +IDN)
[    8.233412] systemd[1]: Detected architecture arm.

Welcome to [1mDebian GNU/Linux 9 (stretch)[0m!

[    8.264917] systemd[1]: Set hostname to <arm>.
[    9.420629] systemd[1]: Listening on Journal Audit Socket.
[[0;32m  OK  [0m] Listening on Journal Audit Socket.
[    9.443617] systemd[1]: systemd-journald.socket: SO_PASSSEC failed: Operation not supported
[    9.452535] systemd[1]: systemd-journald.socket: SO_PASSSEC failed: Operation not supported
[    9.461122] systemd[1]: Listening on Journal Socket.
[[0;32m  OK  [0m] Listening on Journal Socket.
[    9.483594] systemd[1]: Listening on /dev/initctl Compatibility Named Pipe.
[[0;32m  OK  [0m] Listening on /dev/initctl Compatibility Named Pipe.
[    9.512304] systemd[1]: syslog.socket: SO_PASSSEC failed: Operation not supported
[    9.519994] systemd[1]: Listening on Syslog Socket.
[[0;32m  OK  [0m] Listening on Syslog Socket.
[[0;32m  OK  [0m] Reached target Remote File Systems.
[[0;32m  OK  [0m] Set up automount Arbitrary Executabâ€¦rmats File System Automount Point.
[[0;32m  OK  [0m] Started Forward Password Requests to Wall Directory Watch.
[[0;32m  OK  [0m] Created slice System Slice.
         Starting Load Kernel Modules...
[[0;32m  OK  [0m] Listening on udev Control Socket.
[[0;32m  OK  [0m] Created slice system-getty.slice.
         Mounting Debug File System...
         Starting Create list of required stâ€¦ce nodes for the current kernel...
         Starting Remount Root and Kernel File Systems...
[[0;32m  OK  [0m] Listening on Journal Socket (/dev/log).
         Starting Journal Service...
[[0;32m  OK  [0m] Created slice User and Session Slice.
[[0;32m  OK  [0m] Reached target Slices.
[[0;32m  OK  [0m] Reached target Swap.
[[0;32m  OK  [0m] Created slice system-serial\x2dgetty.slice.
         Mounting POSIX Message Queue File System...
[[0;32m  OK  [0m] Started Dispatch Password Requests to Console Directory Watch.
[[0;32m  OK  [0m] Reached target Encrypted Volumes.
[[0;32m  OK  [0m] Reached target Paths.
[[0;32m  OK  [0m] Listening on udev Kernel Socket.
[[0;32m  OK  [0m] Mounted Debug File System.
[[0;32m  OK  [0m] Started Load Kernel Modules.
[[0;32m  OK  [0m] Started Create list of required staâ€¦vice nodes for the current kernel.
[[0;32m  OK  [0m] Started Remount Root and Kernel File Systems.
[[0;32m  OK  [0m] Mounted POSIX Message Queue File System.
         Starting Load/Save Random Seed...
         Starting udev Coldplug all Devices...
         Starting Create Static Device Nodes in /dev...
         Mounting Configuration File System...
         Starting Apply Kernel Variables...
[[0;32m  OK  [0m] Mounted Configuration File System.
[[0;32m  OK  [0m] Started Load/Save Random Seed.
[[0;32m  OK  [0m] Started Apply Kernel Variables.
[[0;32m  OK  [0m] Started Create Static Device Nodes in /dev.
         Starting udev Kernel Device Manager...
[[0;32m  OK  [0m] Reached target Local File Systems (Pre).
[[0;32m  OK  [0m] Reached target Local File Systems.
         Starting Raise network interfaces...
[[0;32m  OK  [0m] Started Journal Service.
         Starting Flush Journal to Persistent Storage...
[   11.754423] systemd-journald[87]: Received request to flush runtime journal from PID 1
[[0;32m  OK  [0m] Started Flush Journal to Persistent Storage.
         Starting Create Volatile Files and Directories...
[[0;32m  OK  [0m] Started udev Kernel Device Manager.
[   12.642955] omap_prm 44e00d00.prm: sync_state() pending due to 44d00000.cpu
[[0;32m  OK  [0m] Started Create Volatile Files and Directories.
         Starting Update UTMP about System Boot/Shutdown...
         Starting Network Time Synchronization...
[[0;32m  OK  [0m] Started Update UTMP about System Boot/Shutdown.
[[0;32m  OK  [0m] Started udev Coldplug all Devices.
[   14.828636] omap_rtc 44e3e000.rtc: registered as rtc0
[   14.834022] omap_rtc 44e3e000.rtc: setting system clock to 2000-01-01T00:00:00 UTC (946684800)
[   14.876159] remoteproc remoteproc0: wkup_m3 is available
[   14.973565] omap_wdt: OMAP Watchdog Timer Rev 0x01: initial timeout 60 sec
[   15.348117] at24 2-0054: supply vcc not found, using dummy regulator
[   15.388082] am335x-phy-driver 47401300.usb-phy: dummy supplies not allowed for exclusive requests (id=vbus)
[   15.409834] usbcore: registered new interface driver usbfs
[   15.415654] usbcore: registered new interface driver hub
[   15.421103] usbcore: registered new device driver usb
[   15.517830] at24 2-0055: supply vcc not found, using dummy regulator
[   15.582589] am335x-phy-driver 47401b00.usb-phy: dummy supplies not allowed for exclusive requests (id=vbus)
[   15.649655] at24 2-0056: supply vcc not found, using dummy regulator
[[0;32m  OK  [0m] Found device /dev/ttyS0.
[   15.735328] at24 2-0057: supply vcc not found, using dummy regulator
[   15.860619] at24 0-0050: 32768 byte 24c256 EEPROM, writable, 1 bytes/write
[[0;32m  OK  [0m] Started Network Time Synchronization.
[[0;32m  OK  [0m] Reached target System Initialization.
[[0;32m  OK  [0m] Started Daily Cleanup of Temporary Directories.
[   15.964840] input: tps65217_pwrbutton as /devices/platform/ocp/44c00000.interconnect/44c00000.interconnect:segment@200000/44e0b000.target-module/44e0b000.i2c/i2c-0/0-0024/tps65217-pwrbutton/input/input0
[[0;32m  OK  [0m] Listening on D-Bus System Message Bus Socket.
[[0;32m  OK  [0m] Listening on Avahi mDNS/DNS-SD Stack Activation Socket.
[[0;32m  OK  [0m] Reached target Sockets.
[[0;32m  OK  [0m] Reached target Basic System.
         Starting Generic Board Startup...
         Starting System Logging Service...
         Starting LSB: Start busybox udhcpd at boot time...
[   16.736965] musb-hdrc musb-hdrc.1: MUSB HDRC host driver
[   16.742617] musb-hdrc musb-hdrc.1: new USB bus registered, assigned bus number 1
         Starting Telephony service...
         Starting LSB: Load kernel modules needed to enable cpufreq scaling...
[   17.052466] usb usb1: New USB device found, idVendor=1d6b, idProduct=0002, bcdDevice= 6.17
[   17.060830] usb usb1: New USB device strings: Mfr=3, Product=2, SerialNumber=1
[   17.068272] usb usb1: Product: MUSB HDRC host driver
[   17.073320] usb usb1: Manufacturer: Linux 6.17.0-next-20251006 musb-hcd
[   17.079971] usb usb1: SerialNumber: musb-hdrc.1
         Starting DUN service...
[[0;32m  OK  [0m] Started D-Bus System Message Bus.
[   17.553676] hub 1-0:1.0: USB hub found
[   17.569739] hub 1-0:1.0: 1 port detected
[   17.937502] tda998x 0-0070: found TDA19988
[   18.282786] omap-mailbox 480c8000.mailbox: omap mailbox rev 0x400
[   18.397107] remoteproc remoteproc0: powering up wkup_m3
[   18.816782] remoteproc remoteproc0: Direct firmware load for am335x-pm-firmware.elf failed with error -2
[   18.826709] remoteproc remoteproc0: request_firmware failed: -2
[   18.832794] wkup_m3_ipc 44e11324.wkup_m3_ipc: rproc_boot failed
[   20.652565] omap_rng 48310000.rng: Random Number Generator ver. 20
[   20.772902] tilcdc 4830e000.lcdc: bound 0-0070 (ops tda998x_audio_codec_init [tda998x])
[   20.877957] [drm] Initialized tilcdc 1.0.0 for 4830e000.lcdc on minor 0
[   20.931599] tilcdc 4830e000.lcdc: [drm] Cannot find any crtc or sizes
[   20.939871] tilcdc 4830e000.lcdc: [drm] Cannot find any crtc or sizes
[[0;32m  OK  [0m] Started Telephony service.
[[0;32m  OK  [0m] Started DUN service.
         Starting Connection service...
[[0;32m  OK  [0m] Started Regular background program processing daemon.
         Starting Avahi mDNS/DNS-SD Stack...
[   21.840973] PM: Cannot get wkup_m3_ipc handle
         Starting Cape Manager Service...
[   22.046844] omap-sham 53100000.sham: hw accel on OMAP rev 4.3
         Starting Login Service...
[[0;32m  OK  [0m] Reached target System Time Synchronized.
[   22.156648] omap-sham 53100000.sham: will run requests pump with realtime priority
[   22.168591] PM: Cannot get wkup_m3_ipc handle
[   22.336465] omap-aes 53500000.aes: OMAP AES hw accel rev: 3.2
[[0;32m  OK  [0m] Started Daily apt download activities.
[[0;32m  OK  [0m] Started Daily apt upgrade and clean activities.
[[0;32m  OK  [0m] Reached target Timers.
[   22.469039] omap-aes 53500000.aes: will run requests pump with realtime priority
[   22.479039] PM: Cannot get wkup_m3_ipc handle
[[0;32m  OK  [0m] Started System Logging Service.
[   23.870527] Bluetooth: Core ver 2.22
[   23.874568] NET: Registered PF_BLUETOOTH protocol family
[   23.879919] Bluetooth: HCI device and connection manager initialized
[   23.886444] Bluetooth: HCI socket layer initialized
[   23.891360] Bluetooth: L2CAP socket layer initialized
[   23.896509] Bluetooth: SCO socket layer initialized
[[0;32m  OK  [0m] Started Cape Manager Service.
[   25.058637] ------------[ cut here ]------------
[   25.063463] WARNING: net/8021q/vlan_core.c:236 at vlan_for_each+0x114/0x134, CPU#0: avahi-daemon/303
[   25.072780] RTNL: assertion failed at net/8021q/vlan_core.c (236)
[   25.078907] Modules linked in: bluetooth snd_soc_simple_card omap_aes_driver snd_soc_simple_card_utils ecdh_generic omap_crypto omap_sham ecc libaes pm33xx crypto_engine ti_emif_sram tilcdc omap_rng drm_dma_helper rng_core drm_client_lib snd_soc_davinci_mcasp snd_soc_ti_udma snd_soc_ti_edma snd_soc_ti_sdma snd_soc_core snd_pcm_dmaengine omap_mailbox snd_pcm snd_timer tda998x snd cec soundcore drm_kms_helper drm musb_dsps musb_hdrc wkup_m3_ipc udc_core tps65218_pwrbutton drm_panel_orientation_quirks usbcore phy_am335x at24 phy_am335x_control phy_generic omap_wdt usb_common wkup_m3_rproc rtc_omap watchdog cppi41 leds_gpio led_class cpufreq_dt autofs4
[   25.136972] CPU: 0 UID: 107 PID: 303 Comm: avahi-daemon Not tainted 6.17.0-next-20251006 #1 NONE 
[   25.136990] Hardware name: Generic AM33XX (Flattened Device Tree)
[   25.136999] Call trace: 
[   25.137015]  unwind_backtrace from show_stack+0x10/0x14
[   25.137051]  show_stack from dump_stack_lvl+0x50/0x64
[   25.137077]  dump_stack_lvl from __warn+0x88/0x148
[   25.137097]  __warn from warn_slowpath_fmt+0x19c/0x1b0
[   25.137111]  warn_slowpath_fmt from vlan_for_each+0x114/0x134
[   25.137131]  vlan_for_each from cpsw_add_mc_addr+0x40/0xa4
[   25.137155]  cpsw_add_mc_addr from __hw_addr_ref_sync_dev+0x108/0x140
[   25.137184]  __hw_addr_ref_sync_dev from __dev_mc_add+0x7c/0x80
[   25.137206]  __dev_mc_add from igmp6_group_added+0xc8/0xe0
[   25.137234]  igmp6_group_added from __ipv6_dev_mc_inc+0x218/0x364
[   25.137252]  __ipv6_dev_mc_inc from __ipv6_sock_mc_join+0x11c/0x1c0
[   25.137269]  __ipv6_sock_mc_join from do_ipv6_setsockopt+0x1214/0x1310
[   25.137300]  do_ipv6_setsockopt from ipv6_setsockopt+0x60/0xcc
[   25.137321]  ipv6_setsockopt from udpv6_setsockopt+0x2c/0x6c
[   25.137345]  udpv6_setsockopt from sock_common_setsockopt+0x30/0x40
[   25.137379]  sock_common_setsockopt from do_sock_setsockopt+0x50/0x9c
[   25.137401]  do_sock_setsockopt from __sys_setsockopt+0x70/0xbc
[   25.137419]  __sys_setsockopt from ret_fast_syscall+0x0/0x58
[   25.137436] Exception stack(0xe02c9fa8 to 0xe02c9ff0)
[   25.137450] 9fa0:                   00000014 b6f3ece8 0000000d 00000029 00000014 be9bc9ec
[   25.137462] 9fc0: 00000014 b6f3ece8 00000014 00000126 0000000d b6ee7ff4 0046e990 00456558
[   25.137470] 9fe0: b6efd088 be9bc9d8 b6eda309 b6db141a
[   25.137478] ---[ end trace 0000000000000000 ]---
[   26.228801] PM: Cannot get wkup_m3_ipc handle
[   26.335128] PM: Cannot get wkup_m3_ipc handle
[   26.381160] gpio-537 (nxp,calib): gpiod_direction_output_nonotify: tried to set a GPIO tied to an IRQ as output
[   26.611387] tda9950 0-0034: TDA9950 CEC interface, hardware version 3.3
[   26.682955] PM: Cannot get wkup_m3_ipc handle
[[0;32m  OK  [0m] Started LSB: Start busybox udhcpd at boot time.
[   28.705037] configfs-gadget.g_multi gadget.0: HOST MAC 1c:ba:8c:a2:ed:6c
[   28.712017] configfs-gadget.g_multi gadget.0: MAC 1c:ba:8c:a2:ed:70
[   28.719302] configfs-gadget.g_multi gadget.0: HOST MAC 1c:ba:8c:a2:ed:6c
[   28.726191] configfs-gadget.g_multi gadget.0: MAC 1c:ba:8c:a2:ed:6d
[   28.735007] PM: Cannot get wkup_m3_ipc handle
[[0;32m  OK  [0m] Started Raise network interfaces.
[[0;32m  OK  [0m] Started LSB: Load kernel modules needed to enable cpufreq scaling.
[[0;32m  OK  [0m] Started Avahi mDNS/DNS-SD Stack.
[[0;32m  OK  [0m] Started Connection service.
[[0;32m  OK  [0m] Started Login Service.
         Starting Hostname Service...
         Starting WPA supplicant...
[[0;32m  OK  [0m] Reached target Sound Card.
         Starting LSB: set CPUFreq kernel parameters...
[[0;32m  OK  [0m] Started WPA supplicant.
[[0;32m  OK  [0m] Started Hostname Service.
[[0;32m  OK  [0m] Reached target Network.
         Starting Permit User Sessions...
         Starting The Apache HTTP Server...
         Starting OpenBSD Secure Shell server...
[[0;32m  OK  [0m] Reached target Network is Online.
         Starting LSB: Advanced IEEE 802.11 management daemon...
[[0;32m  OK  [0m] Started LSB: set CPUFreq kernel parameters.
[[0;32m  OK  [0m] Started Permit User Sessions.
[[0;32m  OK  [0m] Started LSB: Advanced IEEE 802.11 management daemon.
         Stopping LSB: Start busybox udhcpd at boot time...
[[0;32m  OK  [0m] Started Getty on tty1.
[[0;32m  OK  [0m] Started Serial Getty on ttyS0.
[[0;32m  OK  [0m] Reached target Login Prompts.
[[0;32m  OK  [0m] Stopped LSB: Start busybox udhcpd at boot time.
[[0;32m  OK  [0m] Started OpenBSD Secure Shell server.
         Starting dnsmasq - A lightweight DHCP and caching DNS server...
[[0;32m  OK  [0m] Started The Apache HTTP Server.
[[0;32m  OK  [0m] Started dnsmasq - A lightweight DHCP and caching DNS server.
[[0;32m  OK  [0m] Reached target Host and Network Name Lookups.
[[0;32m  OK  [0m] Started Serial Getty on ttyGS0.
[[0;32m  OK  [0m] Started Generic Board Startup.
[[0;32m  OK  [0m] Reached target Multi-User System.
[[0;32m  OK  [0m] Reached target Graphical Interface.
         Starting Update UTMP about System Runlevel Changes...
[[0;32m  OK  [0m] Started Update UTMP about System Runlevel Changes.

Debian GNU/Linux 9 arm ttyS0

default username:password is [debian:temppwd]

arm login: root
Password: 
Last login: Sat Jan  1 00:00:37 UTC 2000 on ttyS0
root
Linux arm 6.17.0-next-20251006 #1 SMP Mon Oct  6 16:27:52 EEST 2025 armv7l

The programs included with the Debian GNU/Linux system are free software;
the exact distribution terms for each program are described in the
individual files in /usr/share/doc/*/copyright.

Debian GNU/Linux comes with ABSOLUTELY NO WARRANTY, to the extent
permitted by applicable law.
root@arm:~# root
-bash: root: command not found
root@arm:~# dmesg -n 1
echo 'BGOG''SVFXKZ'
root@arm:~# echo 'BGOG''SVFXKZ'
BGOGSVFXKZ
root@arm:~# run() { echo -n "$MARKER"; sh -c "$@"; echo "$MARKER $?"; }
root@arm:~# echo 'ZOCT''FUTJFM'
ZOCTFUTJFM
root@arm:~# MARKER='QKPQ''ANCKVM' run 'cat /proc/version'
QKPQANCKVMLinux version 6.17.0-next-20251006 (user01@drvtest01) (arm-none-eabi-gcc (Arm GNU Toolchain 14.2.Rel1 (Build arm-14.52)) 14.2.1 20241119, GNU ld (Arm GNU Toolchain 14.2.Rel1 (Build arm-14.52)) 2.43.1.20241119) #1 SMP Mon Oct  6 16:27:52 EEST 2025
QKPQANCKVM 0
root@arm:~# echo 'AKTC''FSQZEQ'
AKTCFSQZEQ
root@arm:~# MARKER='VMLJ''PYOYFY' run false
VMLJPYOYFYVMLJPYOYFY 1
root@arm:~# Labgrid Console Logfile for main
Logfile started at 2025-10-06 16:30:56.350426
=== Log starts here ===

root@arm:~# run() { echo -n "$MARKER"; sh -c "$@"; echo "$MARKER $?"; }
root@arm:~# echo 'EUCX''AGYSYB'
EUCXAGYSYB
root@arm:~# MARKER='GVVZ''MHLBPG' run 'ls /iio_generic_buffer; echo $?'
GVVZMHLBPG/iio_generic_buffer
0
GVVZMHLBPG 0
root@arm:~# Labgrid Console Logfile for main
Logfile started at 2025-10-06 16:30:59.728715
=== Log starts here ===

root@arm:~# run() { echo -n "$MARKER"; sh -c "$@"; echo "$MARKER $?"; }
root@arm:~# echo 'TYYA''MEPECL'
TYYAMEPECL
root@arm:~# MARKER='TUBN''GPGQBH' run dmesg
TUBNGPGQBH[    0.000000] Booting Linux on physical CPU 0x0
[    0.000000] Linux version 6.17.0-next-20251006 (user01@drvtest01) (arm-none-eabi-gcc (Arm GNU Toolchain 14.2.Rel1 (Build arm-14.52)) 14.2.1 20241119, GNU ld (Arm GNU Toolchain 14.2.Rel1 (Build arm-14.52)) 2.43.1.20241119) #1 SMP Mon Oct  6 16:27:52 EEST 2025
[    0.000000] CPU: ARMv7 Processor [413fc082] revision 2 (ARMv7), cr=10c5387d
[    0.000000] CPU: PIPT / VIPT nonaliasing data cache, VIPT aliasing instruction cache
[    0.000000] OF: fdt: Machine model: TI AM335x BeagleBone Black
[    0.000000] Memory policy: Data cache writeback
[    0.000000] cma: Reserved 16 MiB at 0x9e800000
[    0.000000] Zone ranges:
[    0.000000]   Normal   [mem 0x0000000080000000-0x000000009fdfffff]
[    0.000000]   HighMem  empty
[    0.000000] Movable zone start for each node
[    0.000000] Early memory node ranges
[    0.000000]   node   0: [mem 0x0000000080000000-0x000000009fdfffff]
[    0.000000] Initmem setup node 0 [mem 0x0000000080000000-0x000000009fdfffff]
[    0.000000] On node 0, zone Normal: 512 pages in unavailable ranges
[    0.000000] OF: reserved mem: Reserved memory: No reserved-memory node in the DT
[    0.000000] CPU: All CPU(s) started in SVC mode.
[    0.000000] AM335X ES2.1 (sgx neon)
[    0.000000] percpu: Embedded 17 pages/cpu s39884 r8192 d21556 u69632
[    0.000000] pcpu-alloc: s39884 r8192 d21556 u69632 alloc=17*4096
[    0.000000] pcpu-alloc: [0] 0 
[    0.000000] Kernel command line: console=ttyO0,115200n8 root=/dev/nfs rw nfsroot=192.168.255.126:/home/user01/nfs,nfsvers=3 ip=192.168.255.1:192.168.255.126::255.255.255.0:bbb1:eth0 nfsrootdebug
[    0.000000] Unknown kernel command line parameters "nfsrootdebug", will be passed to user space.
[    0.000000] printk: log buffer data + meta data: 65536 + 204800 = 270336 bytes
[    0.000000] Dentry cache hash table entries: 65536 (order: 6, 262144 bytes, linear)
[    0.000000] Inode-cache hash table entries: 32768 (order: 5, 131072 bytes, linear)
[    0.000000] Built 1 zonelists, mobility grouping on.  Total pages: 130560
[    0.000000] mem auto-init: stack:off, heap alloc:off, heap free:off
[    0.000000] SLUB: HWalign=16, Order=0-3, MinObjects=0, CPUs=1, Nodes=1
[    0.000000] rcu: Hierarchical RCU implementation.
[    0.000000] rcu: 	RCU event tracing is enabled.
[    0.000000] rcu: 	RCU restricting CPUs from NR_CPUS=2 to nr_cpu_ids=1.
[    0.000000] 	Tracing variant of Tasks RCU enabled.
[    0.000000] rcu: RCU calculated value of scheduler-enlistment delay is 10 jiffies.
[    0.000000] rcu: Adjusting geometry for rcu_fanout_leaf=16, nr_cpu_ids=1
[    0.000000] RCU Tasks Trace: Setting shift to 0 and lim to 1 rcu_task_cb_adjust=1 rcu_task_cpu_ids=1.
[    0.000000] NR_IRQS: 16, nr_irqs: 16, preallocated irqs: 16
[    0.000000] IRQ: Found an INTC at 0x(ptrval) (revision 5.0) with 128 interrupts
[    0.000000] rcu: srcu_init: Setting srcu_struct sizes based on contention.
[    0.000000] TI gptimer clocksource: always-on /ocp/interconnect@44c00000/segment@200000/target-module@31000
[    0.000003] sched_clock: 32 bits at 24MHz, resolution 41ns, wraps every 89478484971ns
[    0.000025] clocksource: dmtimer: mask: 0xffffffff max_cycles: 0xffffffff, max_idle_ns: 79635851949 ns
[    0.000494] TI gptimer clockevent: 24000000 Hz at /ocp/interconnect@48000000/segment@0/target-module@40000
[    0.002041] Console: colour dummy device 80x30
[    0.002107] WARNING: Your 'console=ttyO0' has been replaced by 'ttyS0'
[    0.002115] This ensures that you still see kernel messages. Please
[    0.002120] update your kernel commandline.
[    0.002164] Calibrating delay loop... 996.14 BogoMIPS (lpj=4980736)
[    0.090541] CPU: Testing write buffer coherency: ok
[    0.090652] CPU0: Spectre v2: using BPIALL workaround
[    0.090663] pid_max: default: 32768 minimum: 301
[    0.090838] LSM: initializing lsm=capability
[    0.091001] Mount-cache hash table entries: 1024 (order: 0, 4096 bytes, linear)
[    0.091019] Mountpoint-cache hash table entries: 1024 (order: 0, 4096 bytes, linear)
[    0.092592] CPU0: thread -1, cpu 0, socket -1, mpidr 0
[    0.092649] cacheinfo: Unable to detect cache hierarchy for CPU 0
[    0.094638] Setting up static identity map for 0x80100000 - 0x80100078
[    0.094945] rcu: Hierarchical SRCU implementation.
[    0.094956] rcu: 	Max phase no-delay instances is 1000.
[    0.096641] smp: Bringing up secondary CPUs ...
[    0.096696] smp: Brought up 1 node, 1 CPU
[    0.096710] SMP: Total of 1 processors activated (996.14 BogoMIPS).
[    0.096721] CPU: All CPU(s) started in SVC mode.
[    0.096916] Memory: 480864K/522240K available (11264K kernel code, 1226K rwdata, 2952K rodata, 1024K init, 256K bss, 23336K reserved, 16384K cma-reserved, 0K highmem)
[    0.097718] devtmpfs: initialized
[    0.115185] VFP support v0.3: implementor 41 architecture 3 part 30 variant c rev 3
[    0.115835] clocksource: jiffies: mask: 0xffffffff max_cycles: 0xffffffff, max_idle_ns: 19112604462750000 ns
[    0.115892] posixtimers hash table entries: 512 (order: 0, 4096 bytes, linear)
[    0.115918] futex hash table entries: 256 (16384 bytes on 1 NUMA nodes, total 16 KiB, linear).
[    0.117042] pinctrl core: initialized pinctrl subsystem
[    0.119133] NET: Registered PF_NETLINK/PF_ROUTE protocol family
[    0.122190] DMA: preallocated 256 KiB pool for atomic coherent allocations
[    0.122787] audit: initializing netlink subsys (disabled)
[    0.124130] thermal_sys: Registered thermal governor 'fair_share'
[    0.124144] thermal_sys: Registered thermal governor 'step_wise'
[    0.124153] thermal_sys: Registered thermal governor 'user_space'
[    0.124261] audit: type=2000 audit(0.120:1): state=initialized audit_enabled=0 res=1
[    0.124331] cpuidle: using governor menu
[    0.142373] /ocp/interconnect@44c00000/segment@200000/target-module@b000/i2c@0/tda19988@70: Fixed dependency cycle(s) with /ocp/interconnect@48000000/segment@300000/target-module@e000/lcdc@0
[    0.143487] /ocp/interconnect@48000000/segment@300000/target-module@e000/lcdc@0: Fixed dependency cycle(s) with /ocp/interconnect@44c00000/segment@200000/target-module@b000/i2c@0/tda19988@70
[    0.145693] No ATAGs?
[    0.145731] hw-breakpoint: debug architecture 0x4 unsupported.
[    0.148814] kprobes: kprobe jump-optimization is enabled. All kprobes are optimized if possible.
[    0.153879] iommu: Default domain type: Translated
[    0.153902] iommu: DMA domain TLB invalidation policy: strict mode
[    0.155458] reg-fixed-voltage fixedregulator0: using DT '/fixedregulator0' for '(default)' GPIO lookup
[    0.155510] of_get_named_gpiod_flags: can't parse 'gpios' property of node '/fixedregulator0[0]'
[    0.155538] of_get_named_gpiod_flags: can't parse 'gpio' property of node '/fixedregulator0[0]'
[    0.155556] reg-fixed-voltage fixedregulator0: using lookup tables for GPIO lookup
[    0.155566] reg-fixed-voltage fixedregulator0: No GPIO consumer (default) found
[    0.161367] SCSI subsystem initialized
[    0.161841] libata version 3.00 loaded.
[    0.162227] pps_core: LinuxPPS API ver. 1 registered
[    0.162238] pps_core: Software ver. 5.3.6 - Copyright 2005-2007 Rodolfo Giometti <giometti@linux.it>
[    0.162261] PTP clock support registered
[    0.171267] vgaarb: loaded
[    0.171644] clocksource: Switched to clocksource dmtimer
[    0.172312] VFS: Disk quotas dquot_6.6.0
[    0.172370] VFS: Dquot-cache hash table entries: 1024 (order 0, 4096 bytes)
[    0.197143] NET: Registered PF_INET protocol family
[    0.197483] IP idents hash table entries: 8192 (order: 4, 65536 bytes, linear)
[    0.198916] tcp_listen_portaddr_hash hash table entries: 512 (order: 0, 4096 bytes, linear)
[    0.198951] Table-perturb hash table entries: 65536 (order: 6, 262144 bytes, linear)
[    0.198969] TCP established hash table entries: 4096 (order: 2, 16384 bytes, linear)
[    0.199015] TCP bind hash table entries: 4096 (order: 4, 65536 bytes, linear)
[    0.199115] TCP: Hash tables configured (established 4096 bind 4096)
[    0.199237] UDP hash table entries: 256 (order: 1, 14336 bytes, linear)
[    0.199271] UDP-Lite hash table entries: 256 (order: 1, 14336 bytes, linear)
[    0.199475] NET: Registered PF_UNIX/PF_LOCAL protocol family
[    0.202892] RPC: Registered named UNIX socket transport module.
[    0.202916] RPC: Registered udp transport module.
[    0.202921] RPC: Registered tcp transport module.
[    0.202925] RPC: Registered tcp-with-tls transport module.
[    0.202930] RPC: Registered tcp NFSv4.1 backchannel transport module.
[    0.202955] PCI: CLS 0 bytes, default 64
[    0.204372] Initialise system trusted keyrings
[    0.212438] workingset: timestamp_bits=14 max_order=17 bucket_order=3
[    0.213884] NFS: Registering the id_resolver key type
[    0.213943] Key type id_resolver registered
[    0.213950] Key type id_legacy registered
[    0.214068] jffs2: version 2.2. (NAND) (SUMMARY)  Â© 2001-2006 Red Hat, Inc.
[    0.214530] Key type asymmetric registered
[    0.214547] Asymmetric key parser 'x509' registered
[    0.214622] io scheduler mq-deadline registered
[    0.214632] io scheduler kyber registered
[    0.214713] io scheduler bfq registered
[    0.216572] target-module@4b000000:target-module@140000:pmu@0:fck: device ID is greater than 24
[    0.221979] ledtrig-cpu: registered to indicate activity on CPUs
[    0.225720] Serial: 8250/16550 driver, 6 ports, IRQ sharing enabled
[    0.279120] brd: module loaded
[    0.288089] loop: module loaded
[    0.289035] mtdoops: mtd device (mtddev=name/number) must be supplied
[    0.290588] mdio_bus fixed-0: using lookup tables for GPIO lookup
[    0.290610] mdio_bus fixed-0: No GPIO consumer reset found
[    0.292183] i2c_dev: i2c /dev entries driver
[    0.293216] cpuidle: enable-method property 'ti,am3352' found operations
[    0.293661] sdhci: Secure Digital Host Controller Interface driver
[    0.293671] sdhci: Copyright(c) Pierre Ossman
[    0.293857] sdhci-pltfm: SDHCI platform and OF driver helper
[    0.302016] hw perfevents: enabled with armv7_cortex_a8 PMU driver, 5 (8000000f) counters available
[    0.302564] Initializing XFRM netlink socket
[    0.302734] NET: Registered PF_INET6 protocol family
[    0.304717] Segment Routing with IPv6
[    0.304799] In-situ OAM (IOAM) with IPv6
[    0.304894] sit: IPv6, IPv4 and MPLS over IPv4 tunneling driver
[    0.305866] NET: Registered PF_PACKET protocol family
[    0.305893] NET: Registered PF_KEY protocol family
[    0.306051] Key type dns_resolver registered
[    0.306281] ThumbEE CPU extension supported.
[    0.306303] Registering SWP/SWPB emulation handler
[    0.306827] omap_voltage_late_init: Voltage driver support not added
[    0.307486] SmartReflex Class3 initialized
[    0.344204] Loading compiled-in X.509 certificates
[    0.381148] /ocp/interconnect@44c00000/segment@200000/target-module@b000/i2c@0/tda19988@70: Fixed dependency cycle(s) with /ocp/interconnect@48000000/segment@300000/target-module@e000/lcdc@0
[    0.387672] /ocp/interconnect@44c00000/segment@200000/target-module@b000/i2c@0/tda19988@70: Fixed dependency cycle(s) with /ocp/interconnect@48000000/segment@300000/target-module@e000/lcdc@0
[    0.393349] gpiochip_find_base_unlocked: found new base at 512
[    0.430970] /ocp/interconnect@44c00000/segment@200000/target-module@b000/i2c@0/tda19988@70: Fixed dependency cycle(s) with /ocp/interconnect@48000000/segment@300000/target-module@e000/lcdc@0
[    0.432082] /ocp/interconnect@44c00000/segment@200000/target-module@b000/i2c@0/tda19988@70: Fixed dependency cycle(s) with /ocp/interconnect@48000000/segment@300000/target-module@e000/lcdc@0
[    0.435659] /ocp/interconnect@44c00000/segment@200000/target-module@10000/scm@0/pinmux@800: Fixed dependency cycle(s) with /ocp/interconnect@44c00000/segment@200000/target-module@10000/scm@0/pinmux@800/clkout2-pins
[    0.436245] pinctrl-single 44e10800.pinmux: 142 pins, size 568
[    0.441516] ti-sysc 44e31000.target-module: probe with driver ti-sysc failed with error -16
[    0.480628] /ocp/interconnect@48000000/segment@300000/target-module@e000/lcdc@0: Fixed dependency cycle(s) with /ocp/interconnect@44c00000/segment@200000/target-module@b000/i2c@0/tda19988@70
[    0.488864] ti-sysc 48040000.target-module: probe with driver ti-sysc failed with error -16
[    0.500466] gpiochip_find_base_unlocked: found new base at 512
[    0.500566] gpio gpiochip0: (gpio-0-31): created GPIO range 0->7 ==> 44e10800.pinmux PIN 0->7
[    0.500594] gpio gpiochip0: (gpio-0-31): created GPIO range 8->11 ==> 44e10800.pinmux PIN 90->93
[    0.500611] gpio gpiochip0: (gpio-0-31): created GPIO range 12->27 ==> 44e10800.pinmux PIN 12->27
[    0.500626] gpio gpiochip0: (gpio-0-31): created GPIO range 28->31 ==> 44e10800.pinmux PIN 30->33
[    0.536587] gpio gpiochip0: (gpio-0-31): added GPIO chardev (254:0)
[    0.536837] gpio gpiochip0: registered GPIOs 512 to 543 on gpio-0-31
[    0.536924] OMAP GPIO hardware version 0.1
[    0.562766] i2c i2c-2: using DT '/ocp/interconnect@48000000/segment@100000/target-module@9c000/i2c@0' for 'scl' GPIO lookup
[    0.562839] of_get_named_gpiod_flags: can't parse 'scl-gpios' property of node '/ocp/interconnect@48000000/segment@100000/target-module@9c000/i2c@0[0]'
[    0.562882] of_get_named_gpiod_flags: can't parse 'scl-gpio' property of node '/ocp/interconnect@48000000/segment@100000/target-module@9c000/i2c@0[0]'
[    0.562918] i2c i2c-2: using lookup tables for GPIO lookup
[    0.562928] i2c i2c-2: No GPIO consumer scl found
[    0.562950] i2c i2c-2: using DT '/ocp/interconnect@48000000/segment@100000/target-module@9c000/i2c@0' for 'sda' GPIO lookup
[    0.562986] of_get_named_gpiod_flags: can't parse 'sda-gpios' property of node '/ocp/interconnect@48000000/segment@100000/target-module@9c000/i2c@0[0]'
[    0.563022] of_get_named_gpiod_flags: can't parse 'sda-gpio' property of node '/ocp/interconnect@48000000/segment@100000/target-module@9c000/i2c@0[0]'
[    0.563053] i2c i2c-2: using lookup tables for GPIO lookup
[    0.563060] i2c i2c-2: No GPIO consumer sda found
[    0.563795] omap_i2c 4819c000.i2c: bus 2 rev0.11 at 100 kHz
[    0.569330] gpiochip_find_base_unlocked: found new base at 544
[    0.569439] gpio gpiochip1: (gpio-32-63): created GPIO range 0->17 ==> 44e10800.pinmux PIN 34->51
[    0.569461] gpio gpiochip1: (gpio-32-63): created GPIO range 18->21 ==> 44e10800.pinmux PIN 77->80
[    0.569477] gpio gpiochip1: (gpio-32-63): created GPIO range 22->31 ==> 44e10800.pinmux PIN 56->65
[    0.570314] gpio gpiochip1: (gpio-32-63): added GPIO chardev (254:1)
[    0.570531] gpio gpiochip1: registered GPIOs 544 to 575 on gpio-32-63
[    0.573051] gpiochip_find_base_unlocked: found new base at 576
[    0.573142] gpio gpiochip2: (gpio-64-95): created GPIO range 0->4 ==> 44e10800.pinmux PIN 66->70
[    0.573160] gpio gpiochip2: (gpio-64-95): created GPIO range 5->6 ==> 44e10800.pinmux PIN 98->99
[    0.573175] gpio gpiochip2: (gpio-64-95): created GPIO range 7->8 ==> 44e10800.pinmux PIN 75->76
[    0.573190] gpio gpiochip2: (gpio-64-95): created GPIO range 13->13 ==> 44e10800.pinmux PIN 141->141
[    0.573206] gpio gpiochip2: (gpio-64-95): created GPIO range 14->21 ==> 44e10800.pinmux PIN 100->107
[    0.592007] gpio gpiochip2: (gpio-64-95): added GPIO chardev (254:2)
[    0.592224] gpio gpiochip2: registered GPIOs 576 to 607 on gpio-64-95
[    0.597940] 48000000.interconnect:segment@200000:target-module@0:mpu@0:fck: device ID is greater than 24
[    0.598835] /ocp/interconnect@48000000/segment@300000/target-module@e000/lcdc@0: Fixed dependency cycle(s) with /ocp/interconnect@44c00000/segment@200000/target-module@b000/i2c@0/tda19988@70
[    0.601852] /ocp/interconnect@48000000/segment@300000/target-module@e000/lcdc@0: Fixed dependency cycle(s) with /ocp/interconnect@44c00000/segment@200000/target-module@b000/i2c@0/tda19988@70
[    0.602651] /ocp/interconnect@44c00000/segment@200000/target-module@b000/i2c@0/tda19988@70: Fixed dependency cycle(s) with /ocp/interconnect@48000000/segment@300000/target-module@e000/lcdc@0
[    0.602818] /ocp/interconnect@48000000/segment@300000/target-module@e000/lcdc@0: Fixed dependency cycle(s) with /ocp/interconnect@44c00000/segment@200000/target-module@b000/i2c@0/tda19988@70
[    0.610155] sdhci-omap 481d8000.mmc: using DT '/ocp/interconnect@48000000/segment@100000/target-module@d8000/mmc@0' for 'wp' GPIO lookup
[    0.610223] of_get_named_gpiod_flags: can't parse 'wp-gpios' property of node '/ocp/interconnect@48000000/segment@100000/target-module@d8000/mmc@0[0]'
[    0.610266] of_get_named_gpiod_flags: can't parse 'wp-gpio' property of node '/ocp/interconnect@48000000/segment@100000/target-module@d8000/mmc@0[0]'
[    0.610303] sdhci-omap 481d8000.mmc: using lookup tables for GPIO lookup
[    0.610314] sdhci-omap 481d8000.mmc: No GPIO consumer wp found
[    0.610514] sdhci-omap 481d8000.mmc: supply pbias not found, using dummy regulator
[    0.611012] sdhci-omap 481d8000.mmc: supply vqmmc not found, using dummy regulator
[    0.616926] mdio_bus 4a101000.mdio: using DT '/ocp/interconnect@4a000000/segment@0/target-module@100000/switch@0/mdio@1000' for 'reset' GPIO lookup
[    0.617004] of_get_named_gpiod_flags: can't parse 'reset-gpios' property of node '/ocp/interconnect@4a000000/segment@0/target-module@100000/switch@0/mdio@1000[0]'
[    0.617050] of_get_named_gpiod_flags: can't parse 'reset-gpio' property of node '/ocp/interconnect@4a000000/segment@0/target-module@100000/switch@0/mdio@1000[0]'
[    0.617098] mdio_bus 4a101000.mdio: using lookup tables for GPIO lookup
[    0.617108] mdio_bus 4a101000.mdio: No GPIO consumer reset found
[    0.672789] davinci_mdio 4a101000.mdio: davinci mdio revision 1.6, bus freq 1000000
[    0.694736] mdio_bus 4a101000.mdio:00: using DT '/ocp/interconnect@4a000000/segment@0/target-module@100000/switch@0/mdio@1000/ethernet-phy@0' for 'reset' GPIO lookup
[    0.694835] of_get_named_gpiod_flags: parsed 'reset-gpios' property of node '/ocp/interconnect@4a000000/segment@0/target-module@100000/switch@0/mdio@1000/ethernet-phy@0[0]' - status (0)
[    0.695002] gpio gpiochip0: Persistence not supported for GPIO 8
[    0.831383] davinci_mdio 4a101000.mdio: phy[0]: device 4a101000.mdio:00, driver SMSC LAN8710/LAN8720
[    0.832227] cpsw-switch 4a100000.switch: initialized cpsw ale version 1.4
[    0.832249] cpsw-switch 4a100000.switch: ALE Table size 1024, Policers 0
[    0.832498] cpsw-switch 4a100000.switch: cpts: overflow check period 500 (jiffies)
[    0.832518] cpsw-switch 4a100000.switch: CPTS: ref_clk_freq:250000000 calc_mult:2147483648 calc_shift:29 error:0 nsec/sec
[    0.832627] cpsw-switch 4a100000.switch: Detected MACID = 6c:ec:eb:68:de:78
[    0.834520] cpsw-switch 4a100000.switch: initialized (regs 0x4a100000, pool size 256) hw_ver:0019010C 1.12 (0)
[    0.845642] debugfs: '49000000.dma' already exists in 'dmaengine'
[    0.845684] edma 49000000.dma: TI EDMA DMA engine driver
[    0.888504] gpio-clk clk_mcasp0: using DT '/clk_mcasp0' for 'enable' GPIO lookup
[    0.888585] of_get_named_gpiod_flags: parsed 'enable-gpios' property of node '/clk_mcasp0[0]' - status (0)
[    0.888630] gpio gpiochip0: Persistence not supported for GPIO 27
[    0.889383] gpiochip_find_base_unlocked: found new base at 608
[    0.889496] gpio gpiochip3: (gpio-96-127): created GPIO range 0->7 ==> 44e10800.pinmux PIN 82->89
[    0.889515] gpio gpiochip3: (gpio-96-127): created GPIO range 8->11 ==> 44e10800.pinmux PIN 52->55
[    0.889540] gpio gpiochip3: (gpio-96-127): created GPIO range 12->15 ==> 44e10800.pinmux PIN 94->97
[    0.889557] gpio gpiochip3: (gpio-96-127): created GPIO range 16->17 ==> 44e10800.pinmux PIN 71->72
[    0.889573] gpio gpiochip3: (gpio-96-127): created GPIO range 18->18 ==> 44e10800.pinmux PIN 135->135
[    0.889590] gpio gpiochip3: (gpio-96-127): created GPIO range 19->20 ==> 44e10800.pinmux PIN 108->109
[    0.889606] gpio gpiochip3: (gpio-96-127): created GPIO range 21->21 ==> 44e10800.pinmux PIN 73->73
[    0.889623] gpio gpiochip3: (gpio-96-127): created GPIO range 22->23 ==> 44e10800.pinmux PIN 8->9
[    0.889640] gpio gpiochip3: (gpio-96-127): created GPIO range 26->27 ==> 44e10800.pinmux PIN 10->11
[    0.889657] gpio gpiochip3: (gpio-96-127): created GPIO range 28->28 ==> 44e10800.pinmux PIN 74->74
[    0.889675] gpio gpiochip3: (gpio-96-127): created GPIO range 29->29 ==> 44e10800.pinmux PIN 81->81
[    0.889693] gpio gpiochip3: (gpio-96-127): created GPIO range 30->31 ==> 44e10800.pinmux PIN 28->29
[    0.904427] gpio gpiochip3: (gpio-96-127): added GPIO chardev (254:3)
[    0.904674] gpio gpiochip3: registered GPIOs 608 to 639 on gpio-96-127
[    0.906474] omap8250 44e09000.serial: using DT '/ocp/interconnect@44c00000/segment@200000/target-module@9000/serial@0' for 'rs485-term' GPIO lookup
[    0.906544] of_get_named_gpiod_flags: can't parse 'rs485-term-gpios' property of node '/ocp/interconnect@44c00000/segment@200000/target-module@9000/serial@0[0]'
[    0.906587] of_get_named_gpiod_flags: can't parse 'rs485-term-gpio' property of node '/ocp/interconnect@44c00000/segment@200000/target-module@9000/serial@0[0]'
[    0.906623] omap8250 44e09000.serial: using lookup tables for GPIO lookup
[    0.906634] omap8250 44e09000.serial: No GPIO consumer rs485-term found
[    0.906644] omap8250 44e09000.serial: using DT '/ocp/interconnect@44c00000/segment@200000/target-module@9000/serial@0' for 'rs485-rx-during-tx' GPIO lookup
[    0.906679] of_get_named_gpiod_flags: can't parse 'rs485-rx-during-tx-gpios' property of node '/ocp/interconnect@44c00000/segment@200000/target-module@9000/serial@0[0]'
[    0.906716] of_get_named_gpiod_flags: can't parse 'rs485-rx-during-tx-gpio' property of node '/ocp/interconnect@44c00000/segment@200000/target-module@9000/serial@0[0]'
[    0.906747] omap8250 44e09000.serial: using lookup tables for GPIO lookup
[    0.906755] omap8250 44e09000.serial: No GPIO consumer rs485-rx-during-tx found
[    0.907202] 44e09000.serial: ttyS0 at MMIO 0x44e09000 (irq = 34, base_baud = 3000000) is a 8250
[    0.907293] printk: legacy console [ttyS0] enabled
[    2.426125] i2c i2c-0: using DT '/ocp/interconnect@44c00000/segment@200000/target-module@b000/i2c@0' for 'scl' GPIO lookup
[    2.426211] of_get_named_gpiod_flags: can't parse 'scl-gpios' property of node '/ocp/interconnect@44c00000/segment@200000/target-module@b000/i2c@0[0]'
[    2.426259] of_get_named_gpiod_flags: can't parse 'scl-gpio' property of node '/ocp/interconnect@44c00000/segment@200000/target-module@b000/i2c@0[0]'
[    2.426300] i2c i2c-0: using lookup tables for GPIO lookup
[    2.426314] i2c i2c-0: No GPIO consumer scl found
[    2.426340] i2c i2c-0: using DT '/ocp/interconnect@44c00000/segment@200000/target-module@b000/i2c@0' for 'sda' GPIO lookup
[    2.426379] of_get_named_gpiod_flags: can't parse 'sda-gpios' property of node '/ocp/interconnect@44c00000/segment@200000/target-module@b000/i2c@0[0]'
[    2.426419] of_get_named_gpiod_flags: can't parse 'sda-gpio' property of node '/ocp/interconnect@44c00000/segment@200000/target-module@b000/i2c@0[0]'
[    2.426455] i2c i2c-0: using lookup tables for GPIO lookup
[    2.426466] i2c i2c-0: No GPIO consumer sda found
[    2.442628] tps65217-pmic: Failed to locate of_node [id: -1]
[    2.448697] tps65217-bl: Failed to locate of_node [id: -1]
[    2.454770] platform tps65217-charger: DMA mask not set
[    2.460796] platform tps65217-pwrbutton: DMA mask not set
[    2.468050] tps65217 0-0024: TPS65217 ID 0xe version 1.2
[    2.474177] /ocp/interconnect@48000000/segment@300000/target-module@e000/lcdc@0: Fixed dependency cycle(s) with /ocp/interconnect@44c00000/segment@200000/target-module@b000/i2c@0/tda19988@70
[    2.491587] /ocp/interconnect@44c00000/segment@200000/target-module@b000/i2c@0/tda19988@70: Fixed dependency cycle(s) with /ocp/interconnect@48000000/segment@300000/target-module@e000/lcdc@0
[    2.508999] omap_i2c 44e0b000.i2c: bus 0 rev0.11 at 400 kHz
[    2.516782] sdhci-omap 48060000.mmc: using DT '/ocp/interconnect@48000000/segment@0/target-module@60000/mmc@0' for 'cd' GPIO lookup
[    2.516887] of_get_named_gpiod_flags: parsed 'cd-gpios' property of node '/ocp/interconnect@48000000/segment@0/target-module@60000/mmc@0[0]' - status (0)
[    2.516953] gpio gpiochip3: Persistence not supported for GPIO 6
[    2.516981] omap_gpio 44e07000.gpio: Could not set line 6 debounce to 200000 microseconds (-22)
[    2.525866] sdhci-omap 48060000.mmc: Got CD GPIO
[    2.530516] sdhci-omap 48060000.mmc: using DT '/ocp/interconnect@48000000/segment@0/target-module@60000/mmc@0' for 'wp' GPIO lookup
[    2.530564] of_get_named_gpiod_flags: can't parse 'wp-gpios' property of node '/ocp/interconnect@48000000/segment@0/target-module@60000/mmc@0[0]'
[    2.530608] of_get_named_gpiod_flags: can't parse 'wp-gpio' property of node '/ocp/interconnect@48000000/segment@0/target-module@60000/mmc@0[0]'
[    2.530647] sdhci-omap 48060000.mmc: using lookup tables for GPIO lookup
[    2.530661] sdhci-omap 48060000.mmc: No GPIO consumer wp found
[    2.530872] sdhci-omap 48060000.mmc: supply pbias not found, using dummy regulator
[    2.539685] sdhci-omap 481d8000.mmc: using DT '/ocp/interconnect@48000000/segment@100000/target-module@d8000/mmc@0' for 'wp' GPIO lookup
[    2.539762] of_get_named_gpiod_flags: can't parse 'wp-gpios' property of node '/ocp/interconnect@48000000/segment@100000/target-module@d8000/mmc@0[0]'
[    2.539811] of_get_named_gpiod_flags: can't parse 'wp-gpio' property of node '/ocp/interconnect@48000000/segment@100000/target-module@d8000/mmc@0[0]'
[    2.539849] sdhci-omap 481d8000.mmc: using lookup tables for GPIO lookup
[    2.539863] sdhci-omap 481d8000.mmc: No GPIO consumer wp found
[    2.541049] sdhci-omap 48060000.mmc: supply vqmmc not found, using dummy regulator
[    2.549853] sdhci-omap 481d8000.mmc: supply pbias not found, using dummy regulator
[    2.559683] sdhci-omap 481d8000.mmc: supply vqmmc not found, using dummy regulator
[    2.595406] mmc0: SDHCI controller on 48060000.mmc [48060000.mmc] using External DMA
[    2.603649] mmc1: SDHCI controller on 481d8000.mmc [481d8000.mmc] using External DMA
[    2.612499] cpsw-switch 4a100000.switch: starting ndev. mode: dual_mac
[    2.681951] mmc1: new high speed MMC card at address 0001
[    2.688785] mmcblk1: mmc1:0001 MMC04G 3.60 GiB
[    2.696745]  mmcblk1: p1 p2
[    2.700492] SMSC LAN8710/LAN8720 4a101000.mdio:00: attached PHY driver (mii_bus:phy_addr=4a101000.mdio:00, irq=POLL)
[    2.713129] mmcblk1boot0: mmc1:0001 MMC04G 2.00 MiB
[    2.726994] mmcblk1boot1: mmc1:0001 MMC04G 2.00 MiB
[    2.735686] mmcblk1rpmb: mmc1:0001 MMC04G 128 KiB, chardev (249:0)
[    2.785188] mmc0: new high speed SDHC card at address aaaa
[    2.792131] mmcblk0: mmc0:aaaa SE32G 29.7 GiB
[    2.801234]  mmcblk0: p1 p2
[    5.842427] cpsw-switch 4a100000.switch eth0: Link is Up - 100Mbps/Full - flow control off
[    5.881880] IP-Config: Complete:
[    5.885158]      device=eth0, hwaddr=6c:ec:eb:68:de:78, ipaddr=192.168.255.1, mask=255.255.255.0, gw=255.255.255.255
[    5.895830]      host=bbb1, domain=, nis-domain=(none)
[    5.900997]      bootserver=192.168.255.126, rootserver=192.168.255.126, rootpath=
[    5.901430] clk: Disabling unused clocks
[    5.913281] PM: genpd: Disabling unused power domains
[    5.918430] KTAP version 1
[    5.921155] 1..0
[    5.923645] check access for rdinit=/init failed: -2, ignoring
[    5.952080] VFS: Mounted root (nfs filesystem) on device 0:17.
[    5.958936] devtmpfs: mounted
[    5.963776] Freeing unused kernel image (initmem) memory: 1024K
[    5.970392] Run /sbin/init as init process
[    5.974588]   with arguments:
[    5.974602]     /sbin/init
[    5.974612]     nfsrootdebug
[    5.974622]   with environment:
[    5.974631]     HOME=/
[    5.974639]     TERM=linux
[    6.657086] systemd[1]: System time before build time, advancing clock.
[    8.181663] random: crng init done
[    8.214300] systemd[1]: systemd 232 running in system mode. (+PAM +AUDIT +SELINUX +IMA +APPARMOR +SMACK +SYSVINIT +UTMP +LIBCRYPTSETUP +GCRYPT +GNUTLS +ACL +XZ +LZ4 +SECCOMP +BLKID +ELFUTILS +KMOD +IDN)
[    8.233412] systemd[1]: Detected architecture arm.
[    8.264917] systemd[1]: Set hostname to <arm>.
[    9.420629] systemd[1]: Listening on Journal Audit Socket.
[    9.443617] systemd[1]: systemd-journald.socket: SO_PASSSEC failed: Operation not supported
[    9.452535] systemd[1]: systemd-journald.socket: SO_PASSSEC failed: Operation not supported
[    9.461122] systemd[1]: Listening on Journal Socket.
[    9.483594] systemd[1]: Listening on /dev/initctl Compatibility Named Pipe.
[    9.512304] systemd[1]: syslog.socket: SO_PASSSEC failed: Operation not supported
[    9.519994] systemd[1]: Listening on Syslog Socket.
[   11.754423] systemd-journald[87]: Received request to flush runtime journal from PID 1
[   12.642955] omap_prm 44e00d00.prm: sync_state() pending due to 44d00000.cpu
[   14.269029] leds-gpio leds: using DT '/leds/led2' for '(default)' GPIO lookup
[   14.269130] of_get_named_gpiod_flags: parsed 'gpios' property of node '/leds/led2[0]' - status (0)
[   14.269188] gpio gpiochip0: Persistence not supported for GPIO 21
[   14.269204] gpio-533 (?): no flags found for GPIO (default)
[   14.331928] leds-gpio leds: using DT '/leds/led3' for '(default)' GPIO lookup
[   14.332035] of_get_named_gpiod_flags: parsed 'gpios' property of node '/leds/led3[0]' - status (0)
[   14.332095] gpio gpiochip0: Persistence not supported for GPIO 22
[   14.332110] gpio-534 (?): no flags found for GPIO (default)
[   14.344788] leds-gpio leds: using DT '/leds/led4' for '(default)' GPIO lookup
[   14.344887] of_get_named_gpiod_flags: parsed 'gpios' property of node '/leds/led4[0]' - status (0)
[   14.344942] gpio gpiochip0: Persistence not supported for GPIO 23
[   14.344957] gpio-535 (?): no flags found for GPIO (default)
[   14.365549] leds-gpio leds: using DT '/leds/led5' for '(default)' GPIO lookup
[   14.365651] of_get_named_gpiod_flags: parsed 'gpios' property of node '/leds/led5[0]' - status (0)
[   14.365705] gpio gpiochip0: Persistence not supported for GPIO 24
[   14.365720] gpio-536 (?): no flags found for GPIO (default)
[   14.828636] omap_rtc 44e3e000.rtc: registered as rtc0
[   14.834022] omap_rtc 44e3e000.rtc: setting system clock to 2000-01-01T00:00:00 UTC (946684800)
[   14.842979] omap_rtc 44e3e000.rtc: using DT '/ocp/interconnect@44c00000/segment@200000/target-module@3e000/rtc@0' for 'wp' GPIO lookup
[   14.843063] of_get_named_gpiod_flags: can't parse 'wp-gpios' property of node '/ocp/interconnect@44c00000/segment@200000/target-module@3e000/rtc@0[0]'
[   14.843115] of_get_named_gpiod_flags: can't parse 'wp-gpio' property of node '/ocp/interconnect@44c00000/segment@200000/target-module@3e000/rtc@0[0]'
[   14.843155] omap_rtc 44e3e000.rtc: using lookup tables for GPIO lookup
[   14.843170] omap_rtc 44e3e000.rtc: No GPIO consumer wp found
[   14.876159] remoteproc remoteproc0: wkup_m3 is available
[   14.973565] omap_wdt: OMAP Watchdog Timer Rev 0x01: initial timeout 60 sec
[   15.348117] at24 2-0054: supply vcc not found, using dummy regulator
[   15.387621] am335x-phy-driver 47401300.usb-phy: using DT '/ocp/target-module@47400000/usb-phy@1300' for 'reset' GPIO lookup
[   15.387713] of_get_named_gpiod_flags: can't parse 'reset-gpios' property of node '/ocp/target-module@47400000/usb-phy@1300[0]'
[   15.387759] of_get_named_gpiod_flags: can't parse 'reset-gpio' property of node '/ocp/target-module@47400000/usb-phy@1300[0]'
[   15.387796] am335x-phy-driver 47401300.usb-phy: using lookup tables for GPIO lookup
[   15.387811] am335x-phy-driver 47401300.usb-phy: No GPIO consumer reset found
[   15.387827] am335x-phy-driver 47401300.usb-phy: using DT '/ocp/target-module@47400000/usb-phy@1300' for 'vbus-detect' GPIO lookup
[   15.387859] of_get_named_gpiod_flags: can't parse 'vbus-detect-gpios' property of node '/ocp/target-module@47400000/usb-phy@1300[0]'
[   15.387891] of_get_named_gpiod_flags: can't parse 'vbus-detect-gpio' property of node '/ocp/target-module@47400000/usb-phy@1300[0]'
[   15.387917] am335x-phy-driver 47401300.usb-phy: using lookup tables for GPIO lookup
[   15.387930] am335x-phy-driver 47401300.usb-phy: No GPIO consumer vbus-detect found
[   15.388082] am335x-phy-driver 47401300.usb-phy: dummy supplies not allowed for exclusive requests (id=vbus)
[   15.409834] usbcore: registered new interface driver usbfs
[   15.415654] usbcore: registered new interface driver hub
[   15.421103] usbcore: registered new device driver usb
[   15.517830] at24 2-0055: supply vcc not found, using dummy regulator
[   15.582131] am335x-phy-driver 47401b00.usb-phy: using DT '/ocp/target-module@47400000/usb-phy@1b00' for 'reset' GPIO lookup
[   15.582221] of_get_named_gpiod_flags: can't parse 'reset-gpios' property of node '/ocp/target-module@47400000/usb-phy@1b00[0]'
[   15.582266] of_get_named_gpiod_flags: can't parse 'reset-gpio' property of node '/ocp/target-module@47400000/usb-phy@1b00[0]'
[   15.582304] am335x-phy-driver 47401b00.usb-phy: using lookup tables for GPIO lookup
[   15.582320] am335x-phy-driver 47401b00.usb-phy: No GPIO consumer reset found
[   15.582335] am335x-phy-driver 47401b00.usb-phy: using DT '/ocp/target-module@47400000/usb-phy@1b00' for 'vbus-detect' GPIO lookup
[   15.582366] of_get_named_gpiod_flags: can't parse 'vbus-detect-gpios' property of node '/ocp/target-module@47400000/usb-phy@1b00[0]'
[   15.582399] of_get_named_gpiod_flags: can't parse 'vbus-detect-gpio' property of node '/ocp/target-module@47400000/usb-phy@1b00[0]'
[   15.582425] am335x-phy-driver 47401b00.usb-phy: using lookup tables for GPIO lookup
[   15.582437] am335x-phy-driver 47401b00.usb-phy: No GPIO consumer vbus-detect found
[   15.582589] am335x-phy-driver 47401b00.usb-phy: dummy supplies not allowed for exclusive requests (id=vbus)
[   15.649655] at24 2-0056: supply vcc not found, using dummy regulator
[   15.735328] at24 2-0057: supply vcc not found, using dummy regulator
[   15.860035] at24 0-0050: using DT '/ocp/interconnect@44c00000/segment@200000/target-module@b000/i2c@0/eeprom@50' for 'wp' GPIO lookup
[   15.860151] of_get_named_gpiod_flags: can't parse 'wp-gpios' property of node '/ocp/interconnect@44c00000/segment@200000/target-module@b000/i2c@0/eeprom@50[0]'
[   15.860210] of_get_named_gpiod_flags: can't parse 'wp-gpio' property of node '/ocp/interconnect@44c00000/segment@200000/target-module@b000/i2c@0/eeprom@50[0]'
[   15.860257] at24 0-0050: using lookup tables for GPIO lookup
[   15.860271] at24 0-0050: No GPIO consumer wp found
[   15.860619] at24 0-0050: 32768 byte 24c256 EEPROM, writable, 1 bytes/write
[   15.964840] input: tps65217_pwrbutton as /devices/platform/ocp/44c00000.interconnect/44c00000.interconnect:segment@200000/44e0b000.target-module/44e0b000.i2c/i2c-0/0-0024/tps65217-pwrbutton/input/input0
[   16.736965] musb-hdrc musb-hdrc.1: MUSB HDRC host driver
[   16.742617] musb-hdrc musb-hdrc.1: new USB bus registered, assigned bus number 1
[   17.052466] usb usb1: New USB device found, idVendor=1d6b, idProduct=0002, bcdDevice= 6.17
[   17.060830] usb usb1: New USB device strings: Mfr=3, Product=2, SerialNumber=1
[   17.068272] usb usb1: Product: MUSB HDRC host driver
[   17.073320] usb usb1: Manufacturer: Linux 6.17.0-next-20251006 musb-hcd
[   17.079971] usb usb1: SerialNumber: musb-hdrc.1
[   17.553676] hub 1-0:1.0: USB hub found
[   17.569739] hub 1-0:1.0: 1 port detected
[   17.937502] tda998x 0-0070: found TDA19988
[   18.282786] omap-mailbox 480c8000.mailbox: omap mailbox rev 0x400
[   18.397107] remoteproc remoteproc0: powering up wkup_m3
[   18.816782] remoteproc remoteproc0: Direct firmware load for am335x-pm-firmware.elf failed with error -2
[   18.826709] remoteproc remoteproc0: request_firmware failed: -2
[   18.832794] wkup_m3_ipc 44e11324.wkup_m3_ipc: rproc_boot failed
[   20.652565] omap_rng 48310000.rng: Random Number Generator ver. 20
[   20.772902] tilcdc 4830e000.lcdc: bound 0-0070 (ops tda998x_audio_codec_init [tda998x])
[   20.877957] [drm] Initialized tilcdc 1.0.0 for 4830e000.lcdc on minor 0
[   20.931599] tilcdc 4830e000.lcdc: [drm] Cannot find any crtc or sizes
[   20.939871] tilcdc 4830e000.lcdc: [drm] Cannot find any crtc or sizes
[   21.840973] PM: Cannot get wkup_m3_ipc handle
[   22.046844] omap-sham 53100000.sham: hw accel on OMAP rev 4.3
[   22.156648] omap-sham 53100000.sham: will run requests pump with realtime priority
[   22.168591] PM: Cannot get wkup_m3_ipc handle
[   22.336465] omap-aes 53500000.aes: OMAP AES hw accel rev: 3.2
[   22.469039] omap-aes 53500000.aes: will run requests pump with realtime priority
[   22.479039] PM: Cannot get wkup_m3_ipc handle
[   23.870527] Bluetooth: Core ver 2.22
[   23.874568] NET: Registered PF_BLUETOOTH protocol family
[   23.879919] Bluetooth: HCI device and connection manager initialized
[   23.886444] Bluetooth: HCI socket layer initialized
[   23.891360] Bluetooth: L2CAP socket layer initialized
[   23.896509] Bluetooth: SCO socket layer initialized
[   25.058637] ------------[ cut here ]------------
[   25.063463] WARNING: net/8021q/vlan_core.c:236 at vlan_for_each+0x114/0x134, CPU#0: avahi-daemon/303
[   25.072780] RTNL: assertion failed at net/8021q/vlan_core.c (236)
[   25.078907] Modules linked in: bluetooth snd_soc_simple_card omap_aes_driver snd_soc_simple_card_utils ecdh_generic omap_crypto omap_sham ecc libaes pm33xx crypto_engine ti_emif_sram tilcdc omap_rng drm_dma_helper rng_core drm_client_lib snd_soc_davinci_mcasp snd_soc_ti_udma snd_soc_ti_edma snd_soc_ti_sdma snd_soc_core snd_pcm_dmaengine omap_mailbox snd_pcm snd_timer tda998x snd cec soundcore drm_kms_helper drm musb_dsps musb_hdrc wkup_m3_ipc udc_core tps65218_pwrbutton drm_panel_orientation_quirks usbcore phy_am335x at24 phy_am335x_control phy_generic omap_wdt usb_common wkup_m3_rproc rtc_omap watchdog cppi41 leds_gpio led_class cpufreq_dt autofs4
[   25.136972] CPU: 0 UID: 107 PID: 303 Comm: avahi-daemon Not tainted 6.17.0-next-20251006 #1 NONE 
[   25.136990] Hardware name: Generic AM33XX (Flattened Device Tree)
[   25.136999] Call trace: 
[   25.137015]  unwind_backtrace from show_stack+0x10/0x14
[   25.137051]  show_stack from dump_stack_lvl+0x50/0x64
[   25.137077]  dump_stack_lvl from __warn+0x88/0x148
[   25.137097]  __warn from warn_slowpath_fmt+0x19c/0x1b0
[   25.137111]  warn_slowpath_fmt from vlan_for_each+0x114/0x134
[   25.137131]  vlan_for_each from cpsw_add_mc_addr+0x40/0xa4
[   25.137155]  cpsw_add_mc_addr from __hw_addr_ref_sync_dev+0x108/0x140
[   25.137184]  __hw_addr_ref_sync_dev from __dev_mc_add+0x7c/0x80
[   25.137206]  __dev_mc_add from igmp6_group_added+0xc8/0xe0
[   25.137234]  igmp6_group_added from __ipv6_dev_mc_inc+0x218/0x364
[   25.137252]  __ipv6_dev_mc_inc from __ipv6_sock_mc_join+0x11c/0x1c0
[   25.137269]  __ipv6_sock_mc_join from do_ipv6_setsockopt+0x1214/0x1310
[   25.137300]  do_ipv6_setsockopt from ipv6_setsockopt+0x60/0xcc
[   25.137321]  ipv6_setsockopt from udpv6_setsockopt+0x2c/0x6c
[   25.137345]  udpv6_setsockopt from sock_common_setsockopt+0x30/0x40
[   25.137379]  sock_common_setsockopt from do_sock_setsockopt+0x50/0x9c
[   25.137401]  do_sock_setsockopt from __sys_setsockopt+0x70/0xbc
[   25.137419]  __sys_setsockopt from ret_fast_syscall+0x0/0x58
[   25.137436] Exception stack(0xe02c9fa8 to 0xe02c9ff0)
[   25.137450] 9fa0:                   00000014 b6f3ece8 0000000d 00000029 00000014 be9bc9ec
[   25.137462] 9fc0: 00000014 b6f3ece8 00000014 00000126 0000000d b6ee7ff4 0046e990 00456558
[   25.137470] 9fe0: b6efd088 be9bc9d8 b6eda309 b6db141a
[   25.137478] ---[ end trace 0000000000000000 ]---
[   26.228801] PM: Cannot get wkup_m3_ipc handle
[   26.234885] asoc-simple-card sound: using DT '/sound' for 'simple-audio-card,hp-det' GPIO lookup
[   26.234953] of_get_named_gpiod_flags: can't parse 'simple-audio-card,hp-det-gpios' property of node '/sound[0]'
[   26.234990] of_get_named_gpiod_flags: can't parse 'simple-audio-card,hp-det-gpio' property of node '/sound[0]'
[   26.235016] asoc-simple-card sound: using lookup tables for GPIO lookup
[   26.235030] asoc-simple-card sound: No GPIO consumer simple-audio-card,hp-det found
[   26.235045] asoc-simple-card sound: using DT '/sound' for 'simple-audio-card,mic-det' GPIO lookup
[   26.235069] of_get_named_gpiod_flags: can't parse 'simple-audio-card,mic-det-gpios' property of node '/sound[0]'
[   26.235094] of_get_named_gpiod_flags: can't parse 'simple-audio-card,mic-det-gpio' property of node '/sound[0]'
[   26.235113] asoc-simple-card sound: using lookup tables for GPIO lookup
[   26.235125] asoc-simple-card sound: No GPIO consumer simple-audio-card,mic-det found
[   26.335128] PM: Cannot get wkup_m3_ipc handle
[   26.373810] tda998x 0-0070: using DT '/ocp/interconnect@44c00000/segment@200000/target-module@b000/i2c@0/tda19988@70' for 'nxp,calib' GPIO lookup
[   26.373954] of_get_named_gpiod_flags: parsed 'nxp,calib-gpios' property of node '/ocp/interconnect@44c00000/segment@200000/target-module@b000/i2c@0/tda19988@70[0]' - status (0)
[   26.374039] gpio gpiochip0: Persistence not supported for GPIO 25
[   26.374055] gpio-537 (nxp,calib): no flags found for GPIO nxp,calib
[   26.381160] gpio-537 (nxp,calib): gpiod_direction_output_nonotify: tried to set a GPIO tied to an IRQ as output
[   26.611387] tda9950 0-0034: TDA9950 CEC interface, hardware version 3.3
[   26.682955] PM: Cannot get wkup_m3_ipc handle
[   28.275366] userial_init: registered 8 ttyGS* devices
[   28.552769] rndis_register: configNr = 0
[   28.703779] udc musb-hdrc.0: binding gadget driver [g_multi]
[   28.703880] configfs-gadget.g_multi gadget.0: adding 'rndis'/fbd00b10 to config 'c'/10602032
[   28.705037] configfs-gadget.g_multi gadget.0: HOST MAC 1c:ba:8c:a2:ed:6c
[   28.712017] configfs-gadget.g_multi gadget.0: MAC 1c:ba:8c:a2:ed:70
[   28.718373] rndis_set_param_medium: 0 0
[   28.718393] configfs-gadget.g_multi gadget.0: RNDIS: IN/ep1in OUT/ep1out NOTIFY/ep2in
[   28.718410] configfs-gadget.g_multi gadget.0: adding 'cdc_ethernet'/3b6c01db to config 'c'/10602032
[   28.719302] configfs-gadget.g_multi gadget.0: HOST MAC 1c:ba:8c:a2:ed:6c
[   28.726191] configfs-gadget.g_multi gadget.0: MAC 1c:ba:8c:a2:ed:6d
[   28.732601] configfs-gadget.g_multi gadget.0: CDC Ethernet: IN/ep3in OUT/ep2out NOTIFY/ep4in
[   28.732621] configfs-gadget.g_multi gadget.0: adding 'acm'/8ffc34b3 to config 'c'/10602032
[   28.732660] configfs-gadget.g_multi gadget.0: acm ttyGS0: IN/ep5in OUT/ep3out NOTIFY/ep6in
[   28.735007] PM: Cannot get wkup_m3_ipc handle
[   30.285307] configfs-gadget.g_multi gadget.0: eth_open
[   35.290563] gs_open: ttyGS0 (d9dcdb13,1c81aabd)
[   35.290714] gs_close: ttyGS0 (d9dcdb13,1c81aabd) ...
[   35.290736] gs_close: ttyGS0 (d9dcdb13,1c81aabd) done!
[   35.305773] gs_open: ttyGS0 (87f302fc,1c81aabd)
[   35.305892] gs_close: ttyGS0 (87f302fc,1c81aabd) ...
[   35.305911] gs_close: ttyGS0 (87f302fc,1c81aabd) done!
[   35.496116] gs_open: ttyGS0 (553af63e,475e1ca8)
[   35.496358] gs_close: ttyGS0 (553af63e,475e1ca8) ...
[   35.496385] gs_close: ttyGS0 (553af63e,475e1ca8) done!
[   35.506845] gs_open: ttyGS0 (553af63e,1c81aabd)
TUBNGPGQBH 0
root@arm:~# echo 'OEUK''XJGMPU'
OEUKXJGMPU
root@arm:~# MARKER='PKVK''CXWWSN' run 'modprobe test_linear_ranges'
PKVKCXWWSNPKVKCXWWSN 0
root@arm:~# echo 'CLPK''WBUNWB'
CLPKWBUNWB
root@arm:~# MARKER='VFWG''BHBNCH' run dmesg
VFWGBHBNCH[    0.000000] Booting Linux on physical CPU 0x0
[    0.000000] Linux version 6.17.0-next-20251006 (user01@drvtest01) (arm-none-eabi-gcc (Arm GNU Toolchain 14.2.Rel1 (Build arm-14.52)) 14.2.1 20241119, GNU ld (Arm GNU Toolchain 14.2.Rel1 (Build arm-14.52)) 2.43.1.20241119) #1 SMP Mon Oct  6 16:27:52 EEST 2025
[    0.000000] CPU: ARMv7 Processor [413fc082] revision 2 (ARMv7), cr=10c5387d
[    0.000000] CPU: PIPT / VIPT nonaliasing data cache, VIPT aliasing instruction cache
[    0.000000] OF: fdt: Machine model: TI AM335x BeagleBone Black
[    0.000000] Memory policy: Data cache writeback
[    0.000000] cma: Reserved 16 MiB at 0x9e800000
[    0.000000] Zone ranges:
[    0.000000]   Normal   [mem 0x0000000080000000-0x000000009fdfffff]
[    0.000000]   HighMem  empty
[    0.000000] Movable zone start for each node
[    0.000000] Early memory node ranges
[    0.000000]   node   0: [mem 0x0000000080000000-0x000000009fdfffff]
[    0.000000] Initmem setup node 0 [mem 0x0000000080000000-0x000000009fdfffff]
[    0.000000] On node 0, zone Normal: 512 pages in unavailable ranges
[    0.000000] OF: reserved mem: Reserved memory: No reserved-memory node in the DT
[    0.000000] CPU: All CPU(s) started in SVC mode.
[    0.000000] AM335X ES2.1 (sgx neon)
[    0.000000] percpu: Embedded 17 pages/cpu s39884 r8192 d21556 u69632
[    0.000000] pcpu-alloc: s39884 r8192 d21556 u69632 alloc=17*4096
[    0.000000] pcpu-alloc: [0] 0 
[    0.000000] Kernel command line: console=ttyO0,115200n8 root=/dev/nfs rw nfsroot=192.168.255.126:/home/user01/nfs,nfsvers=3 ip=192.168.255.1:192.168.255.126::255.255.255.0:bbb1:eth0 nfsrootdebug
[    0.000000] Unknown kernel command line parameters "nfsrootdebug", will be passed to user space.
[    0.000000] printk: log buffer data + meta data: 65536 + 204800 = 270336 bytes
[    0.000000] Dentry cache hash table entries: 65536 (order: 6, 262144 bytes, linear)
[    0.000000] Inode-cache hash table entries: 32768 (order: 5, 131072 bytes, linear)
[    0.000000] Built 1 zonelists, mobility grouping on.  Total pages: 130560
[    0.000000] mem auto-init: stack:off, heap alloc:off, heap free:off
[    0.000000] SLUB: HWalign=16, Order=0-3, MinObjects=0, CPUs=1, Nodes=1
[    0.000000] rcu: Hierarchical RCU implementation.
[    0.000000] rcu: 	RCU event tracing is enabled.
[    0.000000] rcu: 	RCU restricting CPUs from NR_CPUS=2 to nr_cpu_ids=1.
[    0.000000] 	Tracing variant of Tasks RCU enabled.
[    0.000000] rcu: RCU calculated value of scheduler-enlistment delay is 10 jiffies.
[    0.000000] rcu: Adjusting geometry for rcu_fanout_leaf=16, nr_cpu_ids=1
[    0.000000] RCU Tasks Trace: Setting shift to 0 and lim to 1 rcu_task_cb_adjust=1 rcu_task_cpu_ids=1.
[    0.000000] NR_IRQS: 16, nr_irqs: 16, preallocated irqs: 16
[    0.000000] IRQ: Found an INTC at 0x(ptrval) (revision 5.0) with 128 interrupts
[    0.000000] rcu: srcu_init: Setting srcu_struct sizes based on contention.
[    0.000000] TI gptimer clocksource: always-on /ocp/interconnect@44c00000/segment@200000/target-module@31000
[    0.000003] sched_clock: 32 bits at 24MHz, resolution 41ns, wraps every 89478484971ns
[    0.000025] clocksource: dmtimer: mask: 0xffffffff max_cycles: 0xffffffff, max_idle_ns: 79635851949 ns
[    0.000494] TI gptimer clockevent: 24000000 Hz at /ocp/interconnect@48000000/segment@0/target-module@40000
[    0.002041] Console: colour dummy device 80x30
[    0.002107] WARNING: Your 'console=ttyO0' has been replaced by 'ttyS0'
[    0.002115] This ensures that you still see kernel messages. Please
[    0.002120] update your kernel commandline.
[    0.002164] Calibrating delay loop... 996.14 BogoMIPS (lpj=4980736)
[    0.090541] CPU: Testing write buffer coherency: ok
[    0.090652] CPU0: Spectre v2: using BPIALL workaround
[    0.090663] pid_max: default: 32768 minimum: 301
[    0.090838] LSM: initializing lsm=capability
[    0.091001] Mount-cache hash table entries: 1024 (order: 0, 4096 bytes, linear)
[    0.091019] Mountpoint-cache hash table entries: 1024 (order: 0, 4096 bytes, linear)
[    0.092592] CPU0: thread -1, cpu 0, socket -1, mpidr 0
[    0.092649] cacheinfo: Unable to detect cache hierarchy for CPU 0
[    0.094638] Setting up static identity map for 0x80100000 - 0x80100078
[    0.094945] rcu: Hierarchical SRCU implementation.
[    0.094956] rcu: 	Max phase no-delay instances is 1000.
[    0.096641] smp: Bringing up secondary CPUs ...
[    0.096696] smp: Brought up 1 node, 1 CPU
[    0.096710] SMP: Total of 1 processors activated (996.14 BogoMIPS).
[    0.096721] CPU: All CPU(s) started in SVC mode.
[    0.096916] Memory: 480864K/522240K available (11264K kernel code, 1226K rwdata, 2952K rodata, 1024K init, 256K bss, 23336K reserved, 16384K cma-reserved, 0K highmem)
[    0.097718] devtmpfs: initialized
[    0.115185] VFP support v0.3: implementor 41 architecture 3 part 30 variant c rev 3
[    0.115835] clocksource: jiffies: mask: 0xffffffff max_cycles: 0xffffffff, max_idle_ns: 19112604462750000 ns
[    0.115892] posixtimers hash table entries: 512 (order: 0, 4096 bytes, linear)
[    0.115918] futex hash table entries: 256 (16384 bytes on 1 NUMA nodes, total 16 KiB, linear).
[    0.117042] pinctrl core: initialized pinctrl subsystem
[    0.119133] NET: Registered PF_NETLINK/PF_ROUTE protocol family
[    0.122190] DMA: preallocated 256 KiB pool for atomic coherent allocations
[    0.122787] audit: initializing netlink subsys (disabled)
[    0.124130] thermal_sys: Registered thermal governor 'fair_share'
[    0.124144] thermal_sys: Registered thermal governor 'step_wise'
[    0.124153] thermal_sys: Registered thermal governor 'user_space'
[    0.124261] audit: type=2000 audit(0.120:1): state=initialized audit_enabled=0 res=1
[    0.124331] cpuidle: using governor menu
[    0.142373] /ocp/interconnect@44c00000/segment@200000/target-module@b000/i2c@0/tda19988@70: Fixed dependency cycle(s) with /ocp/interconnect@48000000/segment@300000/target-module@e000/lcdc@0
[    0.143487] /ocp/interconnect@48000000/segment@300000/target-module@e000/lcdc@0: Fixed dependency cycle(s) with /ocp/interconnect@44c00000/segment@200000/target-module@b000/i2c@0/tda19988@70
[    0.145693] No ATAGs?
[    0.145731] hw-breakpoint: debug architecture 0x4 unsupported.
[    0.148814] kprobes: kprobe jump-optimization is enabled. All kprobes are optimized if possible.
[    0.153879] iommu: Default domain type: Translated
[    0.153902] iommu: DMA domain TLB invalidation policy: strict mode
[    0.155458] reg-fixed-voltage fixedregulator0: using DT '/fixedregulator0' for '(default)' GPIO lookup
[    0.155510] of_get_named_gpiod_flags: can't parse 'gpios' property of node '/fixedregulator0[0]'
[    0.155538] of_get_named_gpiod_flags: can't parse 'gpio' property of node '/fixedregulator0[0]'
[    0.155556] reg-fixed-voltage fixedregulator0: using lookup tables for GPIO lookup
[    0.155566] reg-fixed-voltage fixedregulator0: No GPIO consumer (default) found
[    0.161367] SCSI subsystem initialized
[    0.161841] libata version 3.00 loaded.
[    0.162227] pps_core: LinuxPPS API ver. 1 registered
[    0.162238] pps_core: Software ver. 5.3.6 - Copyright 2005-2007 Rodolfo Giometti <giometti@linux.it>
[    0.162261] PTP clock support registered
[    0.171267] vgaarb: loaded
[    0.171644] clocksource: Switched to clocksource dmtimer
[    0.172312] VFS: Disk quotas dquot_6.6.0
[    0.172370] VFS: Dquot-cache hash table entries: 1024 (order 0, 4096 bytes)
[    0.197143] NET: Registered PF_INET protocol family
[    0.197483] IP idents hash table entries: 8192 (order: 4, 65536 bytes, linear)
[    0.198916] tcp_listen_portaddr_hash hash table entries: 512 (order: 0, 4096 bytes, linear)
[    0.198951] Table-perturb hash table entries: 65536 (order: 6, 262144 bytes, linear)
[    0.198969] TCP established hash table entries: 4096 (order: 2, 16384 bytes, linear)
[    0.199015] TCP bind hash table entries: 4096 (order: 4, 65536 bytes, linear)
[    0.199115] TCP: Hash tables configured (established 4096 bind 4096)
[    0.199237] UDP hash table entries: 256 (order: 1, 14336 bytes, linear)
[    0.199271] UDP-Lite hash table entries: 256 (order: 1, 14336 bytes, linear)
[    0.199475] NET: Registered PF_UNIX/PF_LOCAL protocol family
[    0.202892] RPC: Registered named UNIX socket transport module.
[    0.202916] RPC: Registered udp transport module.
[    0.202921] RPC: Registered tcp transport module.
[    0.202925] RPC: Registered tcp-with-tls transport module.
[    0.202930] RPC: Registered tcp NFSv4.1 backchannel transport module.
[    0.202955] PCI: CLS 0 bytes, default 64
[    0.204372] Initialise system trusted keyrings
[    0.212438] workingset: timestamp_bits=14 max_order=17 bucket_order=3
[    0.213884] NFS: Registering the id_resolver key type
[    0.213943] Key type id_resolver registered
[    0.213950] Key type id_legacy registered
[    0.214068] jffs2: version 2.2. (NAND) (SUMMARY)  Â© 2001-2006 Red Hat, Inc.
[    0.214530] Key type asymmetric registered
[    0.214547] Asymmetric key parser 'x509' registered
[    0.214622] io scheduler mq-deadline registered
[    0.214632] io scheduler kyber registered
[    0.214713] io scheduler bfq registered
[    0.216572] target-module@4b000000:target-module@140000:pmu@0:fck: device ID is greater than 24
[    0.221979] ledtrig-cpu: registered to indicate activity on CPUs
[    0.225720] Serial: 8250/16550 driver, 6 ports, IRQ sharing enabled
[    0.279120] brd: module loaded
[    0.288089] loop: module loaded
[    0.289035] mtdoops: mtd device (mtddev=name/number) must be supplied
[    0.290588] mdio_bus fixed-0: using lookup tables for GPIO lookup
[    0.290610] mdio_bus fixed-0: No GPIO consumer reset found
[    0.292183] i2c_dev: i2c /dev entries driver
[    0.293216] cpuidle: enable-method property 'ti,am3352' found operations
[    0.293661] sdhci: Secure Digital Host Controller Interface driver
[    0.293671] sdhci: Copyright(c) Pierre Ossman
[    0.293857] sdhci-pltfm: SDHCI platform and OF driver helper
[    0.302016] hw perfevents: enabled with armv7_cortex_a8 PMU driver, 5 (8000000f) counters available
[    0.302564] Initializing XFRM netlink socket
[    0.302734] NET: Registered PF_INET6 protocol family
[    0.304717] Segment Routing with IPv6
[    0.304799] In-situ OAM (IOAM) with IPv6
[    0.304894] sit: IPv6, IPv4 and MPLS over IPv4 tunneling driver
[    0.305866] NET: Registered PF_PACKET protocol family
[    0.305893] NET: Registered PF_KEY protocol family
[    0.306051] Key type dns_resolver registered
[    0.306281] ThumbEE CPU extension supported.
[    0.306303] Registering SWP/SWPB emulation handler
[    0.306827] omap_voltage_late_init: Voltage driver support not added
[    0.307486] SmartReflex Class3 initialized
[    0.344204] Loading compiled-in X.509 certificates
[    0.381148] /ocp/interconnect@44c00000/segment@200000/target-module@b000/i2c@0/tda19988@70: Fixed dependency cycle(s) with /ocp/interconnect@48000000/segment@300000/target-module@e000/lcdc@0
[    0.387672] /ocp/interconnect@44c00000/segment@200000/target-module@b000/i2c@0/tda19988@70: Fixed dependency cycle(s) with /ocp/interconnect@48000000/segment@300000/target-module@e000/lcdc@0
[    0.393349] gpiochip_find_base_unlocked: found new base at 512
[    0.430970] /ocp/interconnect@44c00000/segment@200000/target-module@b000/i2c@0/tda19988@70: Fixed dependency cycle(s) with /ocp/interconnect@48000000/segment@300000/target-module@e000/lcdc@0
[    0.432082] /ocp/interconnect@44c00000/segment@200000/target-module@b000/i2c@0/tda19988@70: Fixed dependency cycle(s) with /ocp/interconnect@48000000/segment@300000/target-module@e000/lcdc@0
[    0.435659] /ocp/interconnect@44c00000/segment@200000/target-module@10000/scm@0/pinmux@800: Fixed dependency cycle(s) with /ocp/interconnect@44c00000/segment@200000/target-module@10000/scm@0/pinmux@800/clkout2-pins
[    0.436245] pinctrl-single 44e10800.pinmux: 142 pins, size 568
[    0.441516] ti-sysc 44e31000.target-module: probe with driver ti-sysc failed with error -16
[    0.480628] /ocp/interconnect@48000000/segment@300000/target-module@e000/lcdc@0: Fixed dependency cycle(s) with /ocp/interconnect@44c00000/segment@200000/target-module@b000/i2c@0/tda19988@70
[    0.488864] ti-sysc 48040000.target-module: probe with driver ti-sysc failed with error -16
[    0.500466] gpiochip_find_base_unlocked: found new base at 512
[    0.500566] gpio gpiochip0: (gpio-0-31): created GPIO range 0->7 ==> 44e10800.pinmux PIN 0->7
[    0.500594] gpio gpiochip0: (gpio-0-31): created GPIO range 8->11 ==> 44e10800.pinmux PIN 90->93
[    0.500611] gpio gpiochip0: (gpio-0-31): created GPIO range 12->27 ==> 44e10800.pinmux PIN 12->27
[    0.500626] gpio gpiochip0: (gpio-0-31): created GPIO range 28->31 ==> 44e10800.pinmux PIN 30->33
[    0.536587] gpio gpiochip0: (gpio-0-31): added GPIO chardev (254:0)
[    0.536837] gpio gpiochip0: registered GPIOs 512 to 543 on gpio-0-31
[    0.536924] OMAP GPIO hardware version 0.1
[    0.562766] i2c i2c-2: using DT '/ocp/interconnect@48000000/segment@100000/target-module@9c000/i2c@0' for 'scl' GPIO lookup
[    0.562839] of_get_named_gpiod_flags: can't parse 'scl-gpios' property of node '/ocp/interconnect@48000000/segment@100000/target-module@9c000/i2c@0[0]'
[    0.562882] of_get_named_gpiod_flags: can't parse 'scl-gpio' property of node '/ocp/interconnect@48000000/segment@100000/target-module@9c000/i2c@0[0]'
[    0.562918] i2c i2c-2: using lookup tables for GPIO lookup
[    0.562928] i2c i2c-2: No GPIO consumer scl found
[    0.562950] i2c i2c-2: using DT '/ocp/interconnect@48000000/segment@100000/target-module@9c000/i2c@0' for 'sda' GPIO lookup
[    0.562986] of_get_named_gpiod_flags: can't parse 'sda-gpios' property of node '/ocp/interconnect@48000000/segment@100000/target-module@9c000/i2c@0[0]'
[    0.563022] of_get_named_gpiod_flags: can't parse 'sda-gpio' property of node '/ocp/interconnect@48000000/segment@100000/target-module@9c000/i2c@0[0]'
[    0.563053] i2c i2c-2: using lookup tables for GPIO lookup
[    0.563060] i2c i2c-2: No GPIO consumer sda found
[    0.563795] omap_i2c 4819c000.i2c: bus 2 rev0.11 at 100 kHz
[    0.569330] gpiochip_find_base_unlocked: found new base at 544
[    0.569439] gpio gpiochip1: (gpio-32-63): created GPIO range 0->17 ==> 44e10800.pinmux PIN 34->51
[    0.569461] gpio gpiochip1: (gpio-32-63): created GPIO range 18->21 ==> 44e10800.pinmux PIN 77->80
[    0.569477] gpio gpiochip1: (gpio-32-63): created GPIO range 22->31 ==> 44e10800.pinmux PIN 56->65
[    0.570314] gpio gpiochip1: (gpio-32-63): added GPIO chardev (254:1)
[    0.570531] gpio gpiochip1: registered GPIOs 544 to 575 on gpio-32-63
[    0.573051] gpiochip_find_base_unlocked: found new base at 576
[    0.573142] gpio gpiochip2: (gpio-64-95): created GPIO range 0->4 ==> 44e10800.pinmux PIN 66->70
[    0.573160] gpio gpiochip2: (gpio-64-95): created GPIO range 5->6 ==> 44e10800.pinmux PIN 98->99
[    0.573175] gpio gpiochip2: (gpio-64-95): created GPIO range 7->8 ==> 44e10800.pinmux PIN 75->76
[    0.573190] gpio gpiochip2: (gpio-64-95): created GPIO range 13->13 ==> 44e10800.pinmux PIN 141->141
[    0.573206] gpio gpiochip2: (gpio-64-95): created GPIO range 14->21 ==> 44e10800.pinmux PIN 100->107
[    0.592007] gpio gpiochip2: (gpio-64-95): added GPIO chardev (254:2)
[    0.592224] gpio gpiochip2: registered GPIOs 576 to 607 on gpio-64-95
[    0.597940] 48000000.interconnect:segment@200000:target-module@0:mpu@0:fck: device ID is greater than 24
[    0.598835] /ocp/interconnect@48000000/segment@300000/target-module@e000/lcdc@0: Fixed dependency cycle(s) with /ocp/interconnect@44c00000/segment@200000/target-module@b000/i2c@0/tda19988@70
[    0.601852] /ocp/interconnect@48000000/segment@300000/target-module@e000/lcdc@0: Fixed dependency cycle(s) with /ocp/interconnect@44c00000/segment@200000/target-module@b000/i2c@0/tda19988@70
[    0.602651] /ocp/interconnect@44c00000/segment@200000/target-module@b000/i2c@0/tda19988@70: Fixed dependency cycle(s) with /ocp/interconnect@48000000/segment@300000/target-module@e000/lcdc@0
[    0.602818] /ocp/interconnect@48000000/segment@300000/target-module@e000/lcdc@0: Fixed dependency cycle(s) with /ocp/interconnect@44c00000/segment@200000/target-module@b000/i2c@0/tda19988@70
[    0.610155] sdhci-omap 481d8000.mmc: using DT '/ocp/interconnect@48000000/segment@100000/target-module@d8000/mmc@0' for 'wp' GPIO lookup
[    0.610223] of_get_named_gpiod_flags: can't parse 'wp-gpios' property of node '/ocp/interconnect@48000000/segment@100000/target-module@d8000/mmc@0[0]'
[    0.610266] of_get_named_gpiod_flags: can't parse 'wp-gpio' property of node '/ocp/interconnect@48000000/segment@100000/target-module@d8000/mmc@0[0]'
[    0.610303] sdhci-omap 481d8000.mmc: using lookup tables for GPIO lookup
[    0.610314] sdhci-omap 481d8000.mmc: No GPIO consumer wp found
[    0.610514] sdhci-omap 481d8000.mmc: supply pbias not found, using dummy regulator
[    0.611012] sdhci-omap 481d8000.mmc: supply vqmmc not found, using dummy regulator
[    0.616926] mdio_bus 4a101000.mdio: using DT '/ocp/interconnect@4a000000/segment@0/target-module@100000/switch@0/mdio@1000' for 'reset' GPIO lookup
[    0.617004] of_get_named_gpiod_flags: can't parse 'reset-gpios' property of node '/ocp/interconnect@4a000000/segment@0/target-module@100000/switch@0/mdio@1000[0]'
[    0.617050] of_get_named_gpiod_flags: can't parse 'reset-gpio' property of node '/ocp/interconnect@4a000000/segment@0/target-module@100000/switch@0/mdio@1000[0]'
[    0.617098] mdio_bus 4a101000.mdio: using lookup tables for GPIO lookup
[    0.617108] mdio_bus 4a101000.mdio: No GPIO consumer reset found
[    0.672789] davinci_mdio 4a101000.mdio: davinci mdio revision 1.6, bus freq 1000000
[    0.694736] mdio_bus 4a101000.mdio:00: using DT '/ocp/interconnect@4a000000/segment@0/target-module@100000/switch@0/mdio@1000/ethernet-phy@0' for 'reset' GPIO lookup
[    0.694835] of_get_named_gpiod_flags: parsed 'reset-gpios' property of node '/ocp/interconnect@4a000000/segment@0/target-module@100000/switch@0/mdio@1000/ethernet-phy@0[0]' - status (0)
[    0.695002] gpio gpiochip0: Persistence not supported for GPIO 8
[    0.831383] davinci_mdio 4a101000.mdio: phy[0]: device 4a101000.mdio:00, driver SMSC LAN8710/LAN8720
[    0.832227] cpsw-switch 4a100000.switch: initialized cpsw ale version 1.4
[    0.832249] cpsw-switch 4a100000.switch: ALE Table size 1024, Policers 0
[    0.832498] cpsw-switch 4a100000.switch: cpts: overflow check period 500 (jiffies)
[    0.832518] cpsw-switch 4a100000.switch: CPTS: ref_clk_freq:250000000 calc_mult:2147483648 calc_shift:29 error:0 nsec/sec
[    0.832627] cpsw-switch 4a100000.switch: Detected MACID = 6c:ec:eb:68:de:78
[    0.834520] cpsw-switch 4a100000.switch: initialized (regs 0x4a100000, pool size 256) hw_ver:0019010C 1.12 (0)
[    0.845642] debugfs: '49000000.dma' already exists in 'dmaengine'
[    0.845684] edma 49000000.dma: TI EDMA DMA engine driver
[    0.888504] gpio-clk clk_mcasp0: using DT '/clk_mcasp0' for 'enable' GPIO lookup
[    0.888585] of_get_named_gpiod_flags: parsed 'enable-gpios' property of node '/clk_mcasp0[0]' - status (0)
[    0.888630] gpio gpiochip0: Persistence not supported for GPIO 27
[    0.889383] gpiochip_find_base_unlocked: found new base at 608
[    0.889496] gpio gpiochip3: (gpio-96-127): created GPIO range 0->7 ==> 44e10800.pinmux PIN 82->89
[    0.889515] gpio gpiochip3: (gpio-96-127): created GPIO range 8->11 ==> 44e10800.pinmux PIN 52->55
[    0.889540] gpio gpiochip3: (gpio-96-127): created GPIO range 12->15 ==> 44e10800.pinmux PIN 94->97
[    0.889557] gpio gpiochip3: (gpio-96-127): created GPIO range 16->17 ==> 44e10800.pinmux PIN 71->72
[    0.889573] gpio gpiochip3: (gpio-96-127): created GPIO range 18->18 ==> 44e10800.pinmux PIN 135->135
[    0.889590] gpio gpiochip3: (gpio-96-127): created GPIO range 19->20 ==> 44e10800.pinmux PIN 108->109
[    0.889606] gpio gpiochip3: (gpio-96-127): created GPIO range 21->21 ==> 44e10800.pinmux PIN 73->73
[    0.889623] gpio gpiochip3: (gpio-96-127): created GPIO range 22->23 ==> 44e10800.pinmux PIN 8->9
[    0.889640] gpio gpiochip3: (gpio-96-127): created GPIO range 26->27 ==> 44e10800.pinmux PIN 10->11
[    0.889657] gpio gpiochip3: (gpio-96-127): created GPIO range 28->28 ==> 44e10800.pinmux PIN 74->74
[    0.889675] gpio gpiochip3: (gpio-96-127): created GPIO range 29->29 ==> 44e10800.pinmux PIN 81->81
[    0.889693] gpio gpiochip3: (gpio-96-127): created GPIO range 30->31 ==> 44e10800.pinmux PIN 28->29
[    0.904427] gpio gpiochip3: (gpio-96-127): added GPIO chardev (254:3)
[    0.904674] gpio gpiochip3: registered GPIOs 608 to 639 on gpio-96-127
[    0.906474] omap8250 44e09000.serial: using DT '/ocp/interconnect@44c00000/segment@200000/target-module@9000/serial@0' for 'rs485-term' GPIO lookup
[    0.906544] of_get_named_gpiod_flags: can't parse 'rs485-term-gpios' property of node '/ocp/interconnect@44c00000/segment@200000/target-module@9000/serial@0[0]'
[    0.906587] of_get_named_gpiod_flags: can't parse 'rs485-term-gpio' property of node '/ocp/interconnect@44c00000/segment@200000/target-module@9000/serial@0[0]'
[    0.906623] omap8250 44e09000.serial: using lookup tables for GPIO lookup
[    0.906634] omap8250 44e09000.serial: No GPIO consumer rs485-term found
