Labgrid Console Logfile for main
Logfile started at 2024-11-21 08:16:50.100816
=== Log starts here ===
spl_load_image_fat_os: error reading image args, err - -1
reading u-boot.img
reading u-boot.img


U-Boot 2014.04-00014-g47880f5 (Apr 22 2014 - 13:23:54)

I2C:   ready
DRAM:  512 MiB
NAND:  0 MiB
MMC:   OMAP SD/MMC: 0, OMAP SD/MMC: 1
*** Warning - readenv() failed, using default environment

Net:   <ethaddr> not set. Validating first E-fuse MAC
cpsw, usb_ether
Hit any key to stop autoboot:  1  0 
gpio: pin 53 (gpio 53) value is 1
mmc0 is current device
gpio: pin 54 (gpio 54) value is 1
SD/MMC found on device 0
reading uEnv.txt
569 bytes read in 4 ms (138.7 KiB/s)
gpio: pin 55 (gpio 55) value is 1
Loaded environment from uEnv.txt
Importing environment from mmc ...
Checking if uenvcmd is set ...
gpio: pin 56 (gpio 56) value is 1
Running uenvcmd ...
cpsw Waiting for PHY auto negotiation to complete. done
link up on port 0, speed 100, full duplex
Using cpsw device
TFTP from server 192.168.255.126; our IP address is 192.168.255.1
Filename 'zImage'.
Load address: 0x81000000
Loading: *#################################################################
	 #################################################################
	 #################################################################
	 #################################################################
	 #################################################################
	 #####################################################
	 2.4 MiB/s
done
Bytes transferred = 5534768 (547430 hex)
link up on port 0, speed 100, full duplex
Using cpsw device
TFTP from server 192.168.255.126; our IP address is 192.168.255.1
Filename 'am335x-boneblack.dtb'.
Load address: 0x82000000
Loading: *#######
	 2.2 MiB/s
done
Bytes transferred = 98244 (17fc4 hex)
Kernel image @ 0x81000000 [ 0x000000 - 0x547430 ]
## Flattened Device Tree blob at 82000000
   Booting using the fdt blob at 0x82000000
   Using Device Tree in place at 82000000, end 8201afc3

Starting kernel ...

[    0.000000] Booting Linux on physical CPU 0x0
[    0.000000] Linux version 6.12.0-next-20241121 (user01@drvtest01) (arm-linux-gnueabihf-gcc (Linaro GCC 6.4-2017.11) 6.4.1 20171012, GNU ld (Linaro_Binutils-2017.11) 2.27.0.20161229) #142 SMP Thu Nov 21 08:13:24 EET 2024
[    0.000000] CPU: ARMv7 Processor [413fc082] revision 2 (ARMv7), cr=10c5387d
[    0.000000] CPU: PIPT / VIPT nonaliasing data cache, VIPT aliasing instruction cache
[    0.000000] OF: fdt: Machine model: TI AM335x BeagleBone Black
[    0.000000] Memory policy: Data cache writeback
[    0.000000] cma: Reserved 16 MiB at 0x9e800000 on node -1
[    0.000000] Zone ranges:
[    0.000000]   Normal   [mem 0x0000000080000000-0x000000009fdfffff]
[    0.000000]   HighMem  empty
[    0.000000] Movable zone start for each node
[    0.000000] Early memory node ranges
[    0.000000]   node   0: [mem 0x0000000080000000-0x000000009fdfffff]
[    0.000000] Initmem setup node 0 [mem 0x0000000080000000-0x000000009fdfffff]
[    0.000000] OF: reserved mem: Reserved memory: No reserved-memory node in the DT
[    0.000000] CPU: All CPU(s) started in SVC mode.
[    0.000000] AM335X ES2.1 (sgx neon)
[    0.000000] percpu: Embedded 17 pages/cpu s39564 r8192 d21876 u69632
[    0.000000] Kernel command line: console=ttyO0,115200n8 root=/dev/nfs rw nfsroot=192.168.255.126:/home/user01/nfs,nfsvers=3 ip=192.168.255.1:192.168.255.126::255.255.255.0:bbb1:eth0 nfsrootdebug
[    0.000000] Unknown kernel command line parameters "nfsrootdebug", will be passed to user space.
[    0.000000] printk: log buffer data + meta data: 65536 + 204800 = 270336 bytes
[    0.000000] Dentry cache hash table entries: 65536 (order: 6, 262144 bytes, linear)
[    0.000000] Inode-cache hash table entries: 32768 (order: 5, 131072 bytes, linear)
[    0.000000] Built 1 zonelists, mobility grouping on.  Total pages: 130560
[    0.000000] mem auto-init: stack:off, heap alloc:off, heap free:off
[    0.000000] SLUB: HWalign=64, Order=0-3, MinObjects=0, CPUs=1, Nodes=1
[    0.000000] trace event string verifier disabled
[    0.000000] rcu: Hierarchical RCU implementation.
[    0.000000] rcu: 	RCU event tracing is enabled.
[    0.000000] rcu: 	RCU restricting CPUs from NR_CPUS=2 to nr_cpu_ids=1.
[    0.000000] 	Tracing variant of Tasks RCU enabled.
[    0.000000] rcu: RCU calculated value of scheduler-enlistment delay is 10 jiffies.
[    0.000000] rcu: Adjusting geometry for rcu_fanout_leaf=16, nr_cpu_ids=1
[    0.000000] RCU Tasks Trace: Setting shift to 0 and lim to 1 rcu_task_cb_adjust=1 rcu_task_cpu_ids=1.
[    0.000000] NR_IRQS: 16, nr_irqs: 16, preallocated irqs: 16
[    0.000000] IRQ: Found an INTC at 0x(ptrval) (revision 5.0) with 128 interrupts
[    0.000000] rcu: srcu_init: Setting srcu_struct sizes based on contention.
[    0.000000] TI gptimer clocksource: always-on /ocp/interconnect@44c00000/segment@200000/target-module@31000
[    0.000003] sched_clock: 32 bits at 24MHz, resolution 41ns, wraps every 89478484971ns
[    0.000025] clocksource: dmtimer: mask: 0xffffffff max_cycles: 0xffffffff, max_idle_ns: 79635851949 ns
[    0.000511] TI gptimer clockevent: 24000000 Hz at /ocp/interconnect@48000000/segment@0/target-module@40000
[    0.002160] Console: colour dummy device 80x30
[    0.002227] WARNING: Your 'console=ttyO0' has been replaced by 'ttyS0'
[    0.002234] This ensures that you still see kernel messages. Please
[    0.002240] update your kernel commandline.
[    0.002281] Calibrating delay loop... 996.14 BogoMIPS (lpj=4980736)
[    0.090560] CPU: Testing write buffer coherency: ok
[    0.090678] CPU0: Spectre v2: using BPIALL workaround
[    0.090690] pid_max: default: 32768 minimum: 301
[    0.090816] LSM: initializing lsm=capability
[    0.090988] Mount-cache hash table entries: 1024 (order: 0, 4096 bytes, linear)
[    0.091008] Mountpoint-cache hash table entries: 1024 (order: 0, 4096 bytes, linear)
[    0.092691] CPU0: thread -1, cpu 0, socket -1, mpidr 0
[    0.160954] Setting up static identity map for 0x80100000 - 0x80100078
[    0.170717] rcu: Hierarchical SRCU implementation.
[    0.170729] rcu: 	Max phase no-delay instances is 1000.
[    0.190778] smp: Bringing up secondary CPUs ...
[    0.190839] smp: Brought up 1 node, 1 CPU
[    0.190855] SMP: Total of 1 processors activated (996.14 BogoMIPS).
[    0.190867] CPU: All CPU(s) started in SVC mode.
[    0.191059] Memory: 480840K/522240K available (11264K kernel code, 1213K rwdata, 2896K rodata, 1024K init, 297K bss, 23388K reserved, 16384K cma-reserved, 0K highmem)
[    0.191929] devtmpfs: initialized
[    0.208880] VFP support v0.3: implementor 41 architecture 3 part 30 variant c rev 3
[    0.209232] clocksource: jiffies: mask: 0xffffffff max_cycles: 0xffffffff, max_idle_ns: 19112604462750000 ns
[    0.209264] futex hash table entries: 256 (order: 2, 16384 bytes, linear)
[    0.210559] pinctrl core: initialized pinctrl subsystem
[    0.213574] NET: Registered PF_NETLINK/PF_ROUTE protocol family
[    0.216409] DMA: preallocated 256 KiB pool for atomic coherent allocations
[    0.217313] audit: initializing netlink subsys (disabled)
[    0.218767] thermal_sys: Registered thermal governor 'fair_share'
[    0.218786] thermal_sys: Registered thermal governor 'step_wise'
[    0.218796] thermal_sys: Registered thermal governor 'user_space'
[    0.218950] audit: type=2000 audit(0.210:1): state=initialized audit_enabled=0 res=1
[    0.218987] cpuidle: using governor menu
[    0.237406] /ocp/interconnect@44c00000/segment@200000/target-module@b000/i2c@0/tda19988@70: Fixed dependency cycle(s) with /ocp/interconnect@48000000/segment@300000/target-module@e000/lcdc@0
[    0.238571] /ocp/interconnect@48000000/segment@300000/target-module@e000/lcdc@0: Fixed dependency cycle(s) with /ocp/interconnect@44c00000/segment@200000/target-module@b000/i2c@0/tda19988@70
[    0.240918] No ATAGs?
[    0.240939] hw-breakpoint: debug architecture 0x4 unsupported.
[    0.243715] kprobes: kprobe jump-optimization is enabled. All kprobes are optimized if possible.
[    0.254405] iommu: Default domain type: Translated
[    0.254429] iommu: DMA domain TLB invalidation policy: strict mode
[    0.262795] SCSI subsystem initialized
[    0.263668] pps_core: LinuxPPS API ver. 1 registered
[    0.263678] pps_core: Software ver. 5.3.6 - Copyright 2005-2007 Rodolfo Giometti <giometti@linux.it>
[    0.263704] PTP clock support registered
[    0.271294] vgaarb: loaded
[    0.271714] clocksource: Switched to clocksource dmtimer
[    0.272391] VFS: Disk quotas dquot_6.6.0
[    0.272437] VFS: Dquot-cache hash table entries: 1024 (order 0, 4096 bytes)
[    0.297393] NET: Registered PF_INET protocol family
[    0.297760] IP idents hash table entries: 8192 (order: 4, 65536 bytes, linear)
[    0.299187] tcp_listen_portaddr_hash hash table entries: 512 (order: 0, 4096 bytes, linear)
[    0.299226] Table-perturb hash table entries: 65536 (order: 6, 262144 bytes, linear)
[    0.299243] TCP established hash table entries: 4096 (order: 2, 16384 bytes, linear)
[    0.299285] TCP bind hash table entries: 4096 (order: 4, 65536 bytes, linear)
[    0.299384] TCP: Hash tables configured (established 4096 bind 4096)
[    0.299501] UDP hash table entries: 256 (order: 1, 14336 bytes, linear)
[    0.299541] UDP-Lite hash table entries: 256 (order: 1, 14336 bytes, linear)
[    0.299723] NET: Registered PF_UNIX/PF_LOCAL protocol family
[    0.302510] RPC: Registered named UNIX socket transport module.
[    0.302535] RPC: Registered udp transport module.
[    0.302541] RPC: Registered tcp transport module.
[    0.302547] RPC: Registered tcp-with-tls transport module.
[    0.302552] RPC: Registered tcp NFSv4.1 backchannel transport module.
[    0.302579] PCI: CLS 0 bytes, default 64
[    0.304065] Initialise system trusted keyrings
[    0.312160] workingset: timestamp_bits=14 max_order=17 bucket_order=3
[    0.313504] NFS: Registering the id_resolver key type
[    0.313580] Key type id_resolver registered
[    0.313588] Key type id_legacy registered
[    0.313640] jffs2: version 2.2. (NAND) (SUMMARY)  Â© 2001-2006 Red Hat, Inc.
[    0.314052] Key type asymmetric registered
[    0.314067] Asymmetric key parser 'x509' registered
[    0.314134] io scheduler mq-deadline registered
[    0.314145] io scheduler kyber registered
[    0.314214] io scheduler bfq registered
[    0.315857] ledtrig-cpu: registered to indicate activity on CPUs
[    0.322455] Serial: 8250/16550 driver, 6 ports, IRQ sharing enabled
[    0.359894] brd: module loaded
[    0.384582] loop: module loaded
[    0.385515] mtdoops: mtd device (mtddev=name/number) must be supplied
[    0.401359] i2c_dev: i2c /dev entries driver
[    0.402517] cpuidle: enable-method property 'ti,am3352' found operations
[    0.402974] sdhci: Secure Digital Host Controller Interface driver
[    0.402983] sdhci: Copyright(c) Pierre Ossman
[    0.403153] sdhci-pltfm: SDHCI platform and OF driver helper
[    0.404171] Initializing XFRM netlink socket
[    0.404323] NET: Registered PF_INET6 protocol family
[    0.406299] Segment Routing with IPv6
[    0.406389] In-situ OAM (IOAM) with IPv6
[    0.406489] sit: IPv6, IPv4 and MPLS over IPv4 tunneling driver
[    0.407459] NET: Registered PF_PACKET protocol family
[    0.407497] NET: Registered PF_KEY protocol family
[    0.407625] Key type dns_resolver registered
[    0.407898] ThumbEE CPU extension supported.
[    0.407920] Registering SWP/SWPB emulation handler
[    0.408462] omap_voltage_late_init: Voltage driver support not added
[    0.408811] SmartReflex Class3 initialized
[    0.443603] Loading compiled-in X.509 certificates
[    0.491400] /ocp/interconnect@44c00000/segment@200000/target-module@b000/i2c@0/tda19988@70: Fixed dependency cycle(s) with /ocp/interconnect@48000000/segment@300000/target-module@e000/lcdc@0
[    0.498041] /ocp/interconnect@44c00000/segment@200000/target-module@b000/i2c@0/tda19988@70: Fixed dependency cycle(s) with /ocp/interconnect@48000000/segment@300000/target-module@e000/lcdc@0
[    0.527785] /ocp/interconnect@44c00000/segment@200000/target-module@b000/i2c@0/tda19988@70: Fixed dependency cycle(s) with /ocp/interconnect@48000000/segment@300000/target-module@e000/lcdc@0
[    0.528660] /ocp/interconnect@44c00000/segment@200000/target-module@b000/i2c@0/tda19988@70: Fixed dependency cycle(s) with /ocp/interconnect@48000000/segment@300000/target-module@e000/lcdc@0
[    0.532330] /ocp/interconnect@44c00000/segment@200000/target-module@10000/scm@0/pinmux@800: Fixed dependency cycle(s) with /ocp/interconnect@44c00000/segment@200000/target-module@10000/scm@0/pinmux@800/clkout2-pins
[    0.532924] pinctrl-single 44e10800.pinmux: 142 pins, size 568
[    0.538101] ti-sysc 44e31000.target-module: probe with driver ti-sysc failed with error -16
[    0.569885] /ocp/interconnect@48000000/segment@300000/target-module@e000/lcdc@0: Fixed dependency cycle(s) with /ocp/interconnect@44c00000/segment@200000/target-module@b000/i2c@0/tda19988@70
[    0.577986] ti-sysc 48040000.target-module: probe with driver ti-sysc failed with error -16
[    0.630252] OMAP GPIO hardware version 0.1
[    0.644850] omap_i2c 4819c000.i2c: bus 2 rev0.11 at 100 kHz
[    0.683724] 48000000.interconnect:segment@200000:target-module@0:mpu@0:fck: device ID is greater than 24
[    0.684647] /ocp/interconnect@48000000/segment@300000/target-module@e000/lcdc@0: Fixed dependency cycle(s) with /ocp/interconnect@44c00000/segment@200000/target-module@b000/i2c@0/tda19988@70
[    0.687370] /ocp/interconnect@48000000/segment@300000/target-module@e000/lcdc@0: Fixed dependency cycle(s) with /ocp/interconnect@44c00000/segment@200000/target-module@b000/i2c@0/tda19988@70
[    0.688073] /ocp/interconnect@44c00000/segment@200000/target-module@b000/i2c@0/tda19988@70:  Fixed dependency cycle(s) with /ocp/interconnect@48000000/segment@300000/target-module@e000/lcdc@0
[    0.688233] /ocp/interconnect@48000000/segment@300000/target-module@e000/lcdc@0: Fixed dependency cycle(s) with /ocp/interconnect@44c00000/segment@20000e of_node [id: -1]
[    2.520188] tps65217 0-0024: TPS65217 ID 0xe version 1.2
[    2.526329] /ocp/interconnect@48000000/segment@300000/target-module@e000/lcdc@0: Fixed dependency cycle(s) with /ocp/interconnect@44c00000/segment@200000/target-module@b000/i2c@0/tda19988@70
[    2.543711] /ocp/interconnect@44c00000/segment@200000/target-module@b000/i2c@0/tda19988@70: Fixed dependency cycle(s) with /ocp/interconnect@48000000/segment@300000/target-module@e000/lcdc@0
[    2.561076] omap_i2c 44e0b000.i2c: bus 0 rev0.11 at 400 kHz
[    2.569141] omap_gpio 44e07000.gpio: Could not set line 6 debounce to 200000 microseconds (-22)
[    2.578025] sdhci-omap 48060000.mmc: Got CD GPIO
[    2.583095] sdhci-omap 48060000.mmc: supply pbias not found, using dummy regulator
[    2.593393] sdhci-omap 48060000.mmc: supply vqmmc not found, using dummy regulator
[    2.602451] sdhci-omap 481d8000.mmc: supply pbias not found, using dummy regulator
[    2.610437] sdhci-omap 481d8000.mmc: supply vqmmc not found, using dummy regulator
[    2.649369] mmc1: SDHCI controller on 481d8000.mmc [481d8000.mmc] using External DMA
[    2.658647] mmc0: SDHCI controller on 48060000.mmc [48060000.mmc] using External DMA
[    2.667281] cpsw-switch 4a100000.switch: starting ndev. mode: dual_mac
[    2.711006] mmc0: new high speed SDHC card at address 5048
[    2.718124] mmcblk0: mmc0:5048 SD16G 14.4 GiB
[    2.726296]  mmcblk0: p1 p2
[    2.729713] mmcblk0: p2 size 31221760 extends beyond EOD, truncated
[    2.742964] SMSC LAN8710/LAN8720 4a101000.mdio:00: attached PHY driver (mii_bus:phy_addr=4a101000.mdio:00, irq=POLL)
[    2.759964] mmc1: new high speed MMC card at address 0001
[    2.767022] mmcblk1: mmc1:0001 MMC04G 3.60 GiB
[    2.774541]  mmcblk1: p1 p2
[    2.778790] mmcblk1boot0: mmc1:0001 MMC04G 2.00 MiB
[    2.786170] mmcblk1boot1: mmc1:0001 MMC04G 2.00 MiB
[    2.793744] mmcblk1rpmb: mmc1:0001 MMC04G 128 KiB, chardev (250:0)
[    5.922490] cpsw-switch 4a100000.switch eth0: Link is Up - 100Mbps/Full - flow control off
[    5.951735] IP-Config: Complete:
[    5.955008]      device=eth0, hwaddr=6c:ec:eb:68:de:78, ipaddr=192.168.255.1, mask=255.255.255.0, gw=255.255.255.255
[    5.965654]      host=bbb1, domain=, nis-domain=(none)
[    5.970823]      bootserver=192.168.255.126, rootserver=192.168.255.126, rootpath=
[    5.971242] clk: Disabling unused clocks
[    5.983115] PM: genpd: Disabling unused power domains
[    5.988234] KTAP version 1
[    5.990955] 1..0
[    6.016179] VFS: Mounted root (nfs filesystem) on device 0:17.
[    6.023241] devtmpfs: mounted
[    6.027909] Freeing unused kernel image (initmem) memory: 1024K
[    6.034757] Run /sbin/init as init process
[    6.754947] systemd[1]: System time before build time, advancing clock.
[    8.191740] random: crng init done
[    8.233548] systemd[1]: systemd 232 running in system mode. (+PAM +AUDIT +SELINUX +IMA +APPARMOR +SMACK +SYSVINIT +UTMP +LIBCRYPTSETUP +GCRYPT +GNUTLS +ACL +XZ +LZ4 +SECCOMP +BLKID +ELFUTILS +KMOD +IDN)
[    8.252949] systemd[1]: Detected architecture arm.

Welcome to [1mDebian GNU/Linux 9 (stretch)[0m!

[    8.284907] systemd[1]: Set hostname to <arm>.
[    9.389049] systemd[1]: Reached target Swap.
[[0;32m  OK  [0m] Reached target Swap.
[    9.413345] systemd[1]: Created slice User and Session Slice.
[[0;32m  OK  [0m] Created slice User and Session Slice.
[    9.443866] systemd[1]: Listening on udev Control Socket.
[[0;32m  OK  [0m] Listening on udev Control Socket.
[    9.473177] systemd[1]: Created slice System Slice.
[[0;32m  OK  [0m] Created slice System Slice.
[    9.532341] systemd[1]: Mounting POSIX Message Queue File System...
         Mounting POSIX Message Queue File System...
[    9.563546] systemd[1]: Created slice system-getty.slice.
[[0;32m  OK  [0m] Created slice system-getty.slice.
[    9.577818] systemd[1]: Created slice system-serial\x2dgetty.slice.
[[0;32m  OK  [0m] Created slice system-serial\x2dgetty.slice.
[[0;32m  OK  [0m] Reached target Slices.
[[0;32m  OK  [0m] Started Dispatch Password Requests to Console Directory Watch.
[[0;32m  OK  [0m] Listening on Journal Audit Socket.
[[0;32m  OK  [0m] Listening on Journal Socket (/dev/log).
[[0;32m  OK  [0m] Listening on /dev/initctl Compatibility Named Pipe.
         Mounting Debug File System...
[[0;32m  OK  [0m] Listening on udev Kernel Socket.
[[0;32m  OK  [0m] Set up automount Arbitrary Executabâ€¦rmats File System Automount Point.
[[0;32m  OK  [0m] Reached target Remote File Systems.
[[0;32m  OK  [0m] Listening on Journal Socket.
         Starting Remount Root and Kernel File Systems...
         Starting Create list of required stâ€¦ce nodes for the current kernel...
         Starting Load Kernel Modules...
[[0;32m  OK  [0m] Listening on Syslog Socket.
         Starting Journal Service...
[[0;32m  OK  [0m] Started Forward Password Requests to Wall Directory Watch.
[[0;32m  OK  [0m] Reached target Paths.
[[0;32m  OK  [0m] Reached target Encrypted Volumes.
[[0;32m  OK  [0m] Mounted POSIX Message Queue File System.
[[0;32m  OK  [0m] Mounted Debug File System.
[[0;32m  OK  [0m] Started Remount Root and Kernel File Systems.
[[0;32m  OK  [0m] Started Create list of required staâ€¦vice nodes for the current kernel.
[[0;32m  OK  [0m] Started Load Kernel Modules.
         Mounting Configuration File System...
         Starting Apply Kernel Variables...
         Starting Create Static Device Nodes in /dev...
         Starting Load/Save Random Seed...
         Starting udev Coldplug all Devices...
[[0;32m  OK  [0m] Mounted Configuration File System.
[[0;32m  OK  [0m] Started Apply Kernel Variables.
[[0;32m  OK  [0m] Started Load/Save Random Seed.
[[0;32m  OK  [0m] Started Journal Service.
[[0;32m  OK  [0m] Started Create Static Device Nodes in /dev.
[[0;32m  OK  [0m] Reached target Local File Systems (Pre).
[[0;32m  OK  [0m] Reached target Local File Systems.
         Starting Raise network interfaces...
         Starting udev Kernel Device Manager...
         Starting Flush Journal to Persistent Storage...
[   11.632877] systemd-journald[94]: Received request to flush runtime journal from PID 1
[[0;32m  OK  [0m] Started Flush Journal to Persistent Storage.
         Starting Create Volatile Files and Directories...
[[0;32m  OK  [0m] Started udev Kernel Device Manager.
[[0;32m  OK  [0m] Started Create Volatile Files and Directories.
         Starting Network Time Synchronization...
         Starting Update UTMP about System Boot/Shutdown...
[[0;32m  OK  [0m] Started Update UTMP about System Boot/Shutdown.
[[0;32m  OK  [0m] Started udev Coldplug all Devices.
[[0;32m  OK  [0m] Started Network Time Synchronization.
[[0;32m  OK  [0m] Reached target System Initialization.
[[0;32m  OK  [0m] Listening on D-Bus System Message Bus Socket.
[[0;32m  OK  [0m] Listening on Avahi mDNS/DNS-SD Stack Activation Socket.
[[0;32m  OK  [0m] Reached target Sockets.
[[0;32m  OK  [0m] Started Daily Cleanup of Temporary Directories.
[[0;32m  OK  [0m] Reached target Basic System.
[   14.940699] remoteproc remoteproc0: wkup_m3 is available
         Starting LSB: Start busybox udhcpd at boot time...
[[0;32m  OK  [0m] Started D-Bus System Message Bus.
[   15.219124] omap_rtc 44e3e000.rtc: registered as rtc0
[   15.224864] omap_rtc 44e3e000.rtc: setting system clock to 2000-01-01T00:00:00 UTC (946684800)
[   15.294673] am335x-phy-driver 47401300.usb-phy: dummy supplies not allowed for exclusive requests (id=vbus)
[   15.333171] omap_wdt: OMAP Watchdog Timer Rev 0x01: initial timeout 60 sec
[   15.647435] at24 2-0054: supply vcc not found, using dummy regulator
[   15.706132] tps6521x_pwrbutton tps65217-pwrbutton: DMA mask not set
[   15.723989] am335x-phy-driver 47401b00.usb-phy: dummy supplies not allowed for exclusive requests (id=vbus)
[   15.785949] at24 2-0055: supply vcc not found, using dummy regulator
[   15.852471] input: tps65217_pwrbutton as /devices/platform/ocp/44c00000.interconnect/44c00000.interconnect:segment@200000/44e0b000.target-module/44e0b000.i2c/i2c-0/0-0024/tps65217-pwrbutton/input/input0
[   15.893574] at24 2-0056: supply vcc not found, using dummy regulator
[   15.967626] wkup_m3_ipc 44e11324.wkup_m3_ipc: IPC Request for A8->M3 Channel failed! -517
[   15.991182] at24 2-0057: supply vcc not found, using dummy regulator
[   16.112850] at24 0-0050: 32768 byte 24c256 EEPROM, writable, 1 bytes/write
[   16.121989] wkup_m3_ipc 44e11324.wkup_m3_ipc: IPC Request for A8->M3 Channel failed! -517
[   16.673780] usbcore: registered new interface driver usbfs
[   16.679563] usbcore: registered new interface driver hub
[   16.685233] usbcore: registered new device driver usb
[   17.192102] wkup_m3_ipc 44e11324.wkup_m3_ipc: IPC Request for A8->M3 Channel failed! -517
[   17.252749] omap-mailbox 480c8000.mailbox: omap mailbox rev 0x400
[   17.315654] musb-hdrc musb-hdrc.1: MUSB HDRC host driver
[   17.321074] musb-hdrc musb-hdrc.1: new USB bus registered, assigned bus number 1
[   17.351065] remoteproc remoteproc0: powering up wkup_m3
[   17.429896] remoteproc remoteproc0: Direct firmware load for am335x-pm-firmware.elf failed with error -2
[   17.439724] remoteproc remoteproc0: request_firmware failed: -2
[   17.445812] wkup_m3_ipc 44e11324.wkup_m3_ipc: rproc_boot failed
[   17.456865] tda998x 0-0070: found TDA19988
[   17.547662] usb usb1: New USB device found, idVendor=1d6b, idProduct=0002, bcdDevice= 6.12
[   17.556410] usb usb1: New USB device strings: Mfr=3, Product=2, SerialNumber=1
[   17.563762] usb usb1: Product: MUSB HDRC host driver
[   17.568760] usb usb1: Manufacturer: Linux 6.12.0-next-20241121 musb-hcd
[   17.575451] usb usb1: SerialNumber: musb-hdrc.1
[   17.920861] hub 1-0:1.0: USB hub found
[   17.988083] hub 1-0:1.0: 1 port detected
         Starting Connection service...
[   19.336628] omap_rng 48310000.rng: Random Number Generator ver. 20
         Starting Avahi mDNS/DNS-SD Stack...
         Starting DUN service...
[   19.544806] tilcdc 4830e000.lcdc: bound 0-0070 (ops tda998x_driver_exit [tda998x])
         Starting Cape Manager Service...
[   19.691159] [drm] Initialized tilcdc 1.0.0 for 4830e000.lcdc on minor 0
[   19.776634] tilcdc 4830e000.lcdc: [drm] Cannot find any crtc or sizes
         Starting Generic Board Startup...[   19.802559] tilcdc 4830e000.lcdc: [drm] Cannot find any crtc or sizes

         Starting LSB: Load kernel modules needed to enable cpufreq scaling...
         Starting System Logging Service...
         Starting Login Service...
         Starting Telephony service...
[[0;32m  OK  [0m] Started Regular background program processing daemon.
[[0;32m  OK  [0m] Reached target System Time Synchronized.
[[0;32m  OK  [0m] Started Daily apt download activities.
[[0;32m  OK  [0m] Started Daily apt upgrade and clean activities.
[[0;32m  OK  [0m] Reached target Timers.
[   21.094760] PM: Cannot get wkup_m3_ipc handle
[   21.192060] omap-sham 53100000.sham: hw accel on OMAP rev 4.3
[   21.379487] omap-sham 53100000.sham: will run requests pump with realtime priority
[   21.406936] PM: Cannot get wkup_m3_ipc handle
[   21.434540] omap-aes 53500000.aes: OMAP AES hw accel rev: 3.2
[   21.532037] omap-aes 53500000.aes: will run requests pump with realtime priority
[   21.543623] PM: Cannot get wkup_m3_ipc handle
[[0;32m  OK  [0m] Found device /dev/ttyS0.
[[0;32m  OK  [0m] Started System Logging Service.
[[0;32m  OK  [0m] Started Cape Manager Service.
[   23.842642] Bluetooth: Core ver 2.22
[   23.846535] NET: Registered PF_BLUETOOTH protocol family
[   23.852059] Bluetooth: HCI device and connection manager initialized
[   23.858479] Bluetooth: HCI socket layer initialized
[   23.863482] Bluetooth: L2CAP socket layer initialized
[   23.868638] Bluetooth: SCO socket layer initialized
[   25.020146] PM: Cannot get wkup_m3_ipc handle
[   25.150294] PM: Cannot get wkup_m3_ipc handle
[[0;32m  OK  [0m] Started LSB: Start busybox udhcpd at boot time.
[[0;32m  OK  [0m] Started Raise network interfaces.
[[0;32m  OK  [0m] Started LSB: Load kernel modules needed to enable cpufreq scaling.
[   28.930279] configfs-gadget.g_multi gadget.0: HOST MAC 1c:ba:8c:a2:ed:6c
[   28.937296] configfs-gadget.g_multi gadget.0: MAC 1c:ba:8c:a2:ed:70
[   28.944968] configfs-gadget.g_multi gadget.0: HOST MAC 1c:ba:8c:a2:ed:6c
[   28.951841] configfs-gadget.g_multi gadget.0: MAC 1c:ba:8c:a2:ed:6d
[   28.975093] PM: Cannot get wkup_m3_ipc handle
[[0;32m  OK  [0m] Started DUN service.
[[0;32m  OK  [0m] Started Telephony service.
[[0;32m  OK  [0m] Started Avahi mDNS/DNS-SD Stack.
[[0;32m  OK  [0m] Started Connection service.
[[0;32m  OK  [0m] Started Login Service.
[[0;32m  OK  [0m] Reached target Sound Card.
         Starting LSB: set CPUFreq kernel parameters...
[[0;32m  OK  [0m] Reached target Network.
         Starting OpenBSD Secure Shell server...
[[0;32m  OK  [0m] Reached target Network is Online.
         Starting LSB: Advanced IEEE 802.11 management daemon...
         Starting Permit User Sessions...
         Starting The Apache HTTP Server...
[[0;32m  OK  [0m] Started LSB: Advanced IEEE 802.11 management daemon.
[[0;32m  OK  [0m] Started Permit User Sessions.
         Starting Hostname Service...
         Starting WPA supplicant...
[[0;32m  OK  [0m] Started Serial Getty on ttyS0.
[[0;32m  OK  [0m] Started Getty on tty1.
[[0;32m  OK  [0m] Reached target Login Prompts.
[[0;32m  OK  [0m] Started LSB: set CPUFreq kernel parameters.
[[0;32m  OK  [0m] Started WPA supplicant.
[[0;32m  OK  [0m] Started Hostname Service.
[[0;32m  OK  [0m] Started OpenBSD Secure Shell server.
         Stopping LSB: Start busybox udhcpd at boot time...
[[0;32m  OK  [0m] Stopped LSB: Start busybox udhcpd at boot time.
[[0;32m  OK  [0m] Started The Apache HTTP Server.
         Starting dnsmasq - A lightweight DHCP and caching DNS server...
[[0;32m  OK  [0m] Started dnsmasq - A lightweight DHCP and caching DNS server.
[[0;32m  OK  [0m] Reached target Host and Network Name Lookups.
[[0;32m  OK  [0m] Started Serial Getty on ttyGS0.
[[0;32m  OK  [0m] Started Generic Board Startup.
[[0;32m  OK  [0m] Reached target Multi-User System.
[[0;32m  OK  [0m] Reached target Graphical Interface.
         Starting Update UTMP about System Runlevel Changes...
[[0;32m  OK  [0m] Started Update UTMP about System Runlevel Changes.

Debian GNU/Linux 9 arm ttyS0

default username:password is [debian:temppwd]

arm login: root
Password: 
Last login: Sat Dec  9 19:10:29 UTC 2017 on ttyS0
root
Linux arm 6.12.0-next-20241121 #142 SMP Thu Nov 21 08:13:24 EET 2024 armv7l

The programs included with the Debian GNU/Linux system are free software;
the exact distribution terms for each program are described in the
individual files in /usr/share/doc/*/copyright.

Debian GNU/Linux comes with ABSOLUTELY NO WARRANTY, to the extent
permitted by applicable law.
root@arm:~# root
dmesg -n 1
-bash: root: command not found
root@arm:~# dmesg -n 1
root@arm:~# echo 'XBSW''EWXXGG'
XBSWEWXXGG
root@arm:~# run() { echo -n "$MARKER"; sh -c "$@"; echo "$MARKER $?"; }
root@arm:~# echo 'GJXY''LPKTAT'
GJXYLPKTAT
root@arm:~# MARKER='CMHE''SNHZBB' run 'cat /proc/version'
CMHESNHZBBLinux version 6.12.0-next-20241121 (user01@drvtest01) (arm-linux-gnueabihf-gcc (Linaro GCC 6.4-2017.11) 6.4.1 20171012, GNU ld (Linaro_Binutils-2017.11) 2.27.0.20161229) #142 SMP Thu Nov 21 08:13:24 EET 2024
CMHESNHZBB 0
root@arm:~# echo 'SSYN''MTJPOM'
SSYNMTJPOM
root@arm:~# MARKER='USVG''WYSZHT' run false
USVGWYSZHTUSVGWYSZHT 1
root@arm:~# Labgrid Console Logfile for main
Logfile started at 2024-11-21 08:17:49.765803
=== Log starts here ===

root@arm:~# run() { echo -n "$MARKER"; sh -c "$@"; echo "$MARKER $?"; }
root@arm:~# echo 'OBOX''ZWFTFC'
OBOXZWFTFC
root@arm:~# MARKER='QTNJ''KAGGEX' run 'insmod /mva_overlay.ko'
QTNJKAGGEXQTNJKAGGEX 0
root@arm:~# echo 'BKYP''VLKLTG'
BKYPVLKLTG
root@arm:~# MARKER='PCFN''XONBVH' run lsmod
PCFNXONBVHModule                  Size  Used by
mva_overlay            65536  0
usb_f_acm              12288  2
u_serial               16384  3 usb_f_acm
usb_f_ecm              16384  2
usb_f_rndis            24576  2
u_ether                16384  2 usb_f_ecm,usb_f_rndis
libcomposite           57344  15 usb_f_ecm,usb_f_acm,u_ether,usb_f_rndis
iptable_nat            12288  0
nf_nat                 36864  1 iptable_nat
nf_conntrack          110592  1 nf_nat
nf_defrag_ipv6         16384  1 nf_conntrack
nf_defrag_ipv4         12288  1 nf_conntrack
iptable_mangle         12288  0
snd_soc_hdmi_codec     16384  1
evdev                  20480  0
iptable_filter         12288  0
bluetooth             618496  2
ecdh_generic           12288  1 bluetooth
ecc                    36864  1 ecdh_generic
omap_aes_driver        24576  0
snd_soc_simple_card    16384  0
omap_crypto            12288  1 omap_aes_driver
omap_sham              28672  0
libaes                 12288  2 omap_aes_driver,bluetooth
snd_soc_simple_card_utils    20480  1 snd_soc_simple_card
pm33xx                 12288  0
crypto_engine          12288  2 omap_aes_driver,omap_sham
ti_emif_sram           12288  1 pm33xx
tilcdc                 32768  0
omap_rng               12288  0
drm_dma_helper         16384  1 tilcdc
rng_core               16384  1 omap_rng
drm_client_lib         12288  1 tilcdc
snd_soc_davinci_mcasp    32768  2
snd_soc_ti_udma        12288  1 snd_soc_davinci_mcasp
snd_soc_ti_edma        12288  1 snd_soc_davinci_mcasp
snd_soc_ti_sdma        12288  1 snd_soc_davinci_mcasp
snd_soc_core          188416  7 snd_soc_davinci_mcasp,snd_soc_hdmi_codec,snd_soc_simple_card_utils,snd_soc_ti_sdma,snd_soc_ti_edma,snd_soc_ti_udma,snd_soc_simple_card
snd_pcm_dmaengine      12288  1 snd_soc_core
snd_pcm               110592  5 snd_soc_davinci_mcasp,snd_pcm_dmaengine,snd_soc_hdmi_codec,snd_soc_simple_card_utils,snd_soc_core
snd_timer              28672  1 snd_pcm
snd                    65536  4 snd_soc_hdmi_codec,snd_timer,snd_soc_core,snd_pcm
soundcore              12288  1 snd
omap_mailbox           12288  1
musb_dsps              16384  0
tda998x                20480  0
musb_hdrc             131072  1 musb_dsps
udc_core               45056  7 usb_f_ecm,usb_f_acm,u_serial,musb_hdrc,u_ether,usb_f_rndis,libcomposite
drm_kms_helper        118784  4 drm_dma_helper,tda998x,tilcdc,drm_client_lib
usbcore               225280  1 musb_hdrc
drm                   421888  6 drm_dma_helper,tda998x,tilcdc,drm_client_lib,drm_kms_helper
wkup_m3_ipc            12288  1 pm33xx
tps65218_pwrbutton     12288  0
drm_panel_orientation_quirks    12288  1 drm
at24                   16384  0
phy_am335x             12288  2
omap_wdt               12288  0
rtc_omap               16384  2 pm33xx
phy_am335x_control     12288  1 phy_am335x
watchdog               24576  1 omap_wdt
phy_generic            12288  1 phy_am335x
usb_common             12288  6 phy_am335x,udc_core,musb_hdrc,libcomposite,musb_dsps,usbcore
cppi41                 16384  60
wkup_m3_rproc          12288  1
leds_gpio              12288  0
cpufreq_dt             12288  0
led_class              12288  1 leds_gpio
ip_tables              20480  3 iptable_mangle,iptable_filter,iptable_nat
x_tables               24576  4 iptable_mangle,ip_tables,iptable_filter,iptable_nat
autofs4                40960  2
PCFNXONBVH 0
root@arm:~# Labgrid Console Logfile for main
Logfile started at 2024-11-21 08:17:53.448388
=== Log starts here ===

root@arm:~# run() { echo -n "$MARKER"; sh -c "$@"; echo "$MARKER $?"; }
root@arm:~# echo 'VJNA''ZCTHZQ'
VJNAZCTHZQ
root@arm:~# MARKER='EFWU''AZBMQE' run 'dd if=/bd9576_test.dtbo of=/sys/kernel/mvaa_overlay/overlay_add bs=1M'
EFWUAZBMQE0+1 records in
0+1 records out
3397 bytes (3.4 kB, 3.3 KiB) copied, 0.0794948 s, 42.7 kB/s
EFWUAZBMQE 0
root@arm:~# echo 'NXFJ''VKJGSU'
NXFJVKJGSU
root@arm:~# MARKER='HJEP''JNXCVK' run lsmod
HJEPJNXCVKModule                  Size  Used by
bd9576_wdt             12288  0
bd9576_regulator       16384  0
rohm_bd9576            12288  0
mva_overlay            65536  0
usb_f_acm              12288  2
u_serial               16384  3 usb_f_acm
usb_f_ecm              16384  2
usb_f_rndis            24576  2
u_ether                16384  2 usb_f_ecm,usb_f_rndis
libcomposite           57344  15 usb_f_ecm,usb_f_acm,u_ether,usb_f_rndis
iptable_nat            12288  0
nf_nat                 36864  1 iptable_nat
nf_conntrack          110592  1 nf_nat
nf_defrag_ipv6         16384  1 nf_conntrack
nf_defrag_ipv4         12288  1 nf_conntrack
iptable_mangle         12288  0
snd_soc_hdmi_codec     16384  1
evdev                  20480  0
iptable_filter         12288  0
bluetooth             618496  2
ecdh_generic           12288  1 bluetooth
ecc                    36864  1 ecdh_generic
omap_aes_driver        24576  0
snd_soc_simple_card    16384  0
omap_crypto            12288  1 omap_aes_driver
omap_sham              28672  0
libaes                 12288  2 omap_aes_driver,bluetooth
snd_soc_simple_card_utils    20480  1 snd_soc_simple_card
pm33xx                 12288  0
crypto_engine          12288  2 omap_aes_driver,omap_sham
ti_emif_sram           12288  1 pm33xx
tilcdc                 32768  0
omap_rng               12288  0
drm_dma_helper         16384  1 tilcdc
rng_core               16384  1 omap_rng
drm_client_lib         12288  1 tilcdc
snd_soc_davinci_mcasp    32768  2
snd_soc_ti_udma        12288  1 snd_soc_davinci_mcasp
snd_soc_ti_edma        12288  1 snd_soc_davinci_mcasp
snd_soc_ti_sdma        12288  1 snd_soc_davinci_mcasp
snd_soc_core          188416  7 snd_soc_davinci_mcasp,snd_soc_hdmi_codec,snd_soc_simple_card_utils,snd_soc_ti_sdma,snd_soc_ti_edma,snd_soc_ti_udma,snd_soc_simple_card
snd_pcm_dmaengine      12288  1 snd_soc_core
snd_pcm               110592  5 snd_soc_davinci_mcasp,snd_pcm_dmaengine,snd_soc_hdmi_codec,snd_soc_simple_card_utils,snd_soc_core
snd_timer              28672  1 snd_pcm
snd                    65536  4 snd_soc_hdmi_codec,snd_timer,snd_soc_core,snd_pcm
soundcore              12288  1 snd
omap_mailbox           12288  1
musb_dsps              16384  0
tda998x                20480  0
musb_hdrc             131072  1 musb_dsps
udc_core               45056  7 usb_f_ecm,usb_f_acm,u_serial,musb_hdrc,u_ether,usb_f_rndis,libcomposite
drm_kms_helper        118784  4 drm_dma_helper,tda998x,tilcdc,drm_client_lib
usbcore               225280  1 musb_hdrc
drm                   421888  6 drm_dma_helper,tda998x,tilcdc,drm_client_lib,drm_kms_helper
wkup_m3_ipc            12288  1 pm33xx
tps65218_pwrbutton     12288  0
drm_panel_orientation_quirks    12288  1 drm
at24                   16384  0
phy_am335x             12288  2
omap_wdt               12288  0
rtc_omap               16384  2 pm33xx
phy_am335x_control     12288  1 phy_am335x
watchdog               24576  2 bd9576_wdt,omap_wdt
phy_generic            12288  1 phy_am335x
usb_common             12288  6 phy_am335x,udc_core,musb_hdrc,libcomposite,musb_dsps,usbcore
cppi41                 16384  60
wkup_m3_rproc          12288  1
leds_gpio              12288  0
cpufreq_dt             12288  0
led_class              12288  1 leds_gpio
ip_tables              20480  3 iptable_mangle,iptable_filter,iptable_nat
x_tables               24576  4 iptable_mangle,ip_tables,iptable_filter,iptable_nat
autofs4                40960  2
HJEPJNXCVK 0
root@arm:~# Labgrid Console Logfile for main
Logfile started at 2024-11-21 08:17:59.234874
=== Log starts here ===

root@arm:~# run() { echo -n "$MARKER"; sh -c "$@"; echo "$MARKER $?"; }
root@arm:~# echo 'WQAU''OOEHJL'
WQAUOOEHJL
root@arm:~# MARKER='WHPW''CBTTNS' run 'insmod /bd9576-test.ko'
WHPWCBTTNSWHPWCBTTNS 0
root@arm:~# echo 'GQEW''ZJMPXE'
GQEWZJMPXE
root@arm:~# MARKER='LXLN''LSTYAT' run lsmod
LXLNLSTYATModule                  Size  Used by
bd9576_test            12288  0
bd9576_wdt             12288  0
bd9576_regulator       16384  6
rohm_bd9576            12288  0
mva_overlay            65536  0
usb_f_acm              12288  2
u_serial               16384  3 usb_f_acm
usb_f_ecm              16384  2
usb_f_rndis            24576  2
u_ether                16384  2 usb_f_ecm,usb_f_rndis
libcomposite           57344  15 usb_f_ecm,usb_f_acm,u_ether,usb_f_rndis
iptable_nat            12288  0
nf_nat                 36864  1 iptable_nat
nf_conntrack          110592  1 nf_nat
nf_defrag_ipv6         16384  1 nf_conntrack
nf_defrag_ipv4         12288  1 nf_conntrack
iptable_mangle         12288  0
snd_soc_hdmi_codec     16384  1
evdev                  20480  0
iptable_filter         12288  0
bluetooth             618496  2
ecdh_generic           12288  1 bluetooth
ecc                    36864  1 ecdh_generic
omap_aes_driver        24576  0
snd_soc_simple_card    16384  0
omap_crypto            12288  1 omap_aes_driver
omap_sham              28672  0
libaes                 12288  2 omap_aes_driver,bluetooth
snd_soc_simple_card_utils    20480  1 snd_soc_simple_card
pm33xx                 12288  0
crypto_engine          12288  2 omap_aes_driver,omap_sham
ti_emif_sram           12288  1 pm33xx
tilcdc                 32768  0
omap_rng               12288  0
drm_dma_helper         16384  1 tilcdc
rng_core               16384  1 omap_rng
drm_client_lib         12288  1 tilcdc
snd_soc_davinci_mcasp    32768  2
snd_soc_ti_udma        12288  1 snd_soc_davinci_mcasp
snd_soc_ti_edma        12288  1 snd_soc_davinci_mcasp
snd_soc_ti_sdma        12288  1 snd_soc_davinci_mcasp
snd_soc_core          188416  7 snd_soc_davinci_mcasp,snd_soc_hdmi_codec,snd_soc_simple_card_utils,snd_soc_ti_sdma,snd_soc_ti_edma,snd_soc_ti_udma,snd_soc_simple_card
snd_pcm_dmaengine      12288  1 snd_soc_core
snd_pcm               110592  5 snd_soc_davinci_mcasp,snd_pcm_dmaengine,snd_soc_hdmi_codec,snd_soc_simple_card_utils,snd_soc_core
snd_timer              28672  1 snd_pcm
snd                    65536  4 snd_soc_hdmi_codec,snd_timer,snd_soc_core,snd_pcm
soundcore              12288  1 snd
omap_mailbox           12288  1
musb_dsps              16384  0
tda998x                20480  0
musb_hdrc             131072  1 musb_dsps
udc_core               45056  7 usb_f_ecm,usb_f_acm,u_serial,musb_hdrc,u_ether,usb_f_rndis,libcomposite
drm_kms_helper        118784  4 drm_dma_helper,tda998x,tilcdc,drm_client_lib
usbcore               225280  1 musb_hdrc
drm                   421888  6 drm_dma_helper,tda998x,tilcdc,drm_client_lib,drm_kms_helper
wkup_m3_ipc            12288  1 pm33xx
tps65218_pwrbutton     12288  0
drm_panel_orientation_quirks    12288  1 drm
at24                   16384  0
phy_am335x             12288  2
omap_wdt               12288  0
rtc_omap               16384  2 pm33xx
phy_am335x_control     12288  1 phy_am335x
watchdog               24576  2 bd9576_wdt,omap_wdt
phy_generic            12288  1 phy_am335x
usb_common             12288  6 phy_am335x,udc_core,musb_hdrc,libcomposite,musb_dsps,usbcore
cppi41                 16384  60
wkup_m3_rproc          12288  1
leds_gpio              12288  0
cpufreq_dt             12288  0
led_class              12288  1 leds_gpio
ip_tables              20480  3 iptable_mangle,iptable_filter,iptable_nat
x_tables               24576  4 iptable_mangle,ip_tables,iptable_filter,iptable_nat
autofs4                40960  2
LXLNLSTYAT 0
root@arm:~# Labgrid Console Logfile for main
Logfile started at 2024-11-21 08:18:02.968076
=== Log starts here ===

root@arm:~# run() { echo -n "$MARKER"; sh -c "$@"; echo "$MARKER $?"; }
root@arm:~# echo 'ZQBK''GEETXG'
ZQBKGEETXG
root@arm:~# MARKER='LLPB''GLMUPC' run '/./init_regulator_test.sh bd9576'
LLPBGLMUPCboard bd9576 given
/./init_regulator_test.sh: line 38: buck10_en: command not found
/./init_regulator_test.sh: line 39: buck10_set: command not found
LLPBGLMUPC 0
root@arm:~# Labgrid Console Logfile for main
Logfile started at 2024-11-21 08:18:12.784924
=== Log starts here ===

root@arm:~# run() { echo -n "$MARKER"; sh -c "$@"; echo "$MARKER $?"; }
root@arm:~# echo 'NSFM''EXTZZN'
NSFMEXTZZN
root@arm:~# MARKER='EBWK''VFHOCV' run 'grep -r -l rohm,bd9576 /proc/device-tree || sed '"'"'s![^/]*$!!'"'"''
EBWKVFHOCV/proc/device-tree/ocp/interconnect@48000000/segment@100000/target-module@9c000/i2c@0/pmic@30/
EBWKVFHOCV 0
root@arm:~# echo 'TJMX''WFSEMQ'
TJMXWFSEMQ
root@arm:~# MARKER='MQHC''BCQJLQ' run 'test -f /proc/device-tree/ocp/interconnectt\@48000000/segment\@100000/target-module\@9c000/i2c\@0/pmic\@30/regulators/regullator-vd50/name ;echo $?'
MQHCBCQJLQ0
MQHCBCQJLQ 0
root@arm:~# echo 'NGZT''SGNTLA'
NGZTSGNTLA
root@arm:~# MARKER='CTUC''MOMCCA' run 'test -f /sys/kernel/mva_test/regulators/buuck1_en ;echo $?'
CTUCMOMCCA0
CTUCMOMCCA 0
root@arm:~# echo 'QQVL''KQLLQK'
QQVLKQLLQK
root@arm:~# MARKER='YJEZ''GYPYAZ' run 'test -f /sys/kernel/mva_test/regulators/buuck1_set ;echo $?'
YJEZGYPYAZ0
YJEZGYPYAZ 0
root@arm:~# echo 'BFMK''EHXHBM'
BFMKEHXHBM
root@arm:~# MARKER='VXAO''VLSXSX' run 'grep -r -l rohm,bd9576 /proc/device-tree || sed '"'"'s![^/]*$!!'"'"''
VXAOVLSXSX/proc/device-tree/ocp/interconnect@48000000/segment@100000/target-module@9c000/i2c@0/pmic@30/
VXAOVLSXSX 0
root@arm:~# echo 'CGFW''AGFPGU'
CGFWAGFPGU
root@arm:~# MARKER='CPVS''GOGBWL' run 'test -f /proc/device-tree/ocp/interconnectt\@48000000/segment\@100000/target-module\@9c000/i2c\@0/pmic\@30/regulators/regullator-vd18/name ;echo $?'
CPVSGOGBWL0
CPVSGOGBWL 0
root@arm:~# echo 'QWTP''AMQGWB'
QWTPAMQGWB
root@arm:~# MARKER='SLBZ''ZVKGWX' run 'test -f /sys/kernel/mva_test/regulators/buuck2_en ;echo $?'
SLBZZVKGWX0
SLBZZVKGWX 0
root@arm:~# echo 'VHFP''OYANAE'
VHFPOYANAE
root@arm:~# MARKER='WCBA''NNANUE' run 'test -f /sys/kernel/mva_test/regulators/buuck2_set ;echo $?'
WCBANNANUE0
WCBANNANUE 0
root@arm:~# echo 'EMUJ''CASSXQ'
EMUJCASSXQ
root@arm:~# MARKER='NXSL''WWKCZK' run 'grep -r -l rohm,bd9576 /proc/device-tree || sed '"'"'s![^/]*$!!'"'"''
NXSLWWKCZK/proc/device-tree/ocp/interconnect@48000000/segment@100000/target-module@9c000/i2c@0/pmic@30/
NXSLWWKCZK 0
root@arm:~# echo 'XSCL''KAOMKM'
XSCLKAOMKM
root@arm:~# MARKER='SZBY''BKVKOJ' run 'test -f /proc/device-tree/ocp/interconnectt\@48000000/segment\@100000/target-module\@9c000/i2c\@0/pmic\@30/regulators/regullator-vdddr/name ;echo $?'
SZBYBKVKOJ0
SZBYBKVKOJ 0
root@arm:~# echo 'COXJ''GBMCWS'
COXJGBMCWS
root@arm:~# MARKER='WQBE''QTWQMN' run 'test -f /sys/kernel/mva_test/regulators/buuck3_en ;echo $?'
WQBEQTWQMN0
WQBEQTWQMN 0
root@arm:~# echo 'FVPF''HCWAFM'
FVPFHCWAFM
root@arm:~# MARKER='BMLE''HLULUJ' run 'test -f /sys/kernel/mva_test/regulators/buuck3_set ;echo $?'
BMLEHLULUJ0
BMLEHLULUJ 0
root@arm:~# echo 'MNTG''KSCPHY'
MNTGKSCPHY
root@arm:~# MARKER='BGJT''ZNTPYL' run 'grep -r -l rohm,bd9576 /proc/device-tree || sed '"'"'s![^/]*$!!'"'"''
BGJTZNTPYL/proc/device-tree/ocp/interconnect@48000000/segment@100000/target-module@9c000/i2c@0/pmic@30/
BGJTZNTPYL 0
root@arm:~# echo 'OKYN''ZKHNWT'
OKYNZKHNWT
root@arm:~# MARKER='UQYK''LVFPCO' run 'test -f /proc/device-tree/ocp/interconnectt\@48000000/segment\@100000/target-module\@9c000/i2c\@0/pmic\@30/regulators/regullator-vd10/name ;echo $?'
UQYKLVFPCO0
UQYKLVFPCO 0
root@arm:~# echo 'LVUF''QHELEO'
LVUFQHELEO
root@arm:~# MARKER='SVPN''MLOJOG' run 'test -f /sys/kernel/mva_test/regulators/buuck4_en ;echo $?'
SVPNMLOJOG0
SVPNMLOJOG 0
root@arm:~# echo 'BNHZ''BSYOUU'
BNHZBSYOUU
root@arm:~# MARKER='VMWB''PYLBNF' run 'test -f /sys/kernel/mva_test/regulators/buuck4_set ;echo $?'
VMWBPYLBNF0
VMWBPYLBNF 0
root@arm:~# echo 'TSZB''NNLGUU'
TSZBNNLGUU
root@arm:~# MARKER='OLBS''LAEQZE' run 'grep -r -l rohm,bd9576 /proc/device-tree || sed '"'"'s![^/]*$!!'"'"''
OLBSLAEQZE/proc/device-tree/ocp/interconnect@48000000/segment@100000/target-module@9c000/i2c@0/pmic@30/
OLBSLAEQZE 0
root@arm:~# echo 'MOGW''ZZUQGT'
MOGWZZUQGT
root@arm:~# MARKER='NNZC''XNJOML' run 'test -f /proc/device-tree/ocp/interconnectt\@48000000/segment\@100000/target-module\@9c000/i2c\@0/pmic\@30/regulators/regullator-voutl1/name ;echo $?'
NNZCXNJOML0
NNZCXNJOML 0
root@arm:~# echo 'ZOWA''UYMSSL'
ZOWAUYMSSL
root@arm:~# MARKER='OJAG''GOSFEE' run 'test -f /sys/kernel/mva_test/regulators/buuck5_en ;echo $?'
OJAGGOSFEE0
OJAGGOSFEE 0
root@arm:~# echo 'SYLS''LMWCVU'
SYLSLMWCVU
root@arm:~# MARKER='JEKA''LPJFWG' run 'test -f /sys/kernel/mva_test/regulators/buuck5_set ;echo $?'
JEKALPJFWG0
JEKALPJFWG 0
root@arm:~# echo 'MNXH''XJNTUM'
MNXHXJNTUM
root@arm:~# MARKER='FLHO''MUOKNC' run 'grep -r -l rohm,bd9576 /proc/device-tree || sed '"'"'s![^/]*$!!'"'"''
FLHOMUOKNC/proc/device-tree/ocp/interconnect@48000000/segment@100000/target-module@9c000/i2c@0/pmic@30/
FLHOMUOKNC 0
root@arm:~# echo 'BEXF''JKYVLZ'
BEXFJKYVLZ
root@arm:~# MARKER='BMNY''BSHWCW' run 'test -f /proc/device-tree/ocp/interconnectt\@48000000/segment\@100000/target-module\@9c000/i2c\@0/pmic\@30/regulators/regullator-vouts1/name ;echo $?'
BMNYBSHWCW0
BMNYBSHWCW 0
root@arm:~# echo 'TFWA''TJZMWS'
TFWATJZMWS
root@arm:~# MARKER='ENPZ''PAMNJZ' run 'test -f /sys/kernel/mva_test/regulators/buuck6_en ;echo $?'
ENPZPAMNJZ0
ENPZPAMNJZ 0
root@arm:~# echo 'ALWS''QFXGMY'
ALWSQFXGMY
root@arm:~# MARKER='SBVN''HPNUQM' run 'test -f /sys/kernel/mva_test/regulators/buuck6_set ;echo $?'
SBVNHPNUQM0
SBVNHPNUQM 0
root@arm:~# Labgrid Console Logfile for main
Logfile started at 2024-11-21 08:18:20.668064
=== Log starts here ===

root@arm:~# run() { echo -n "$MARKER"; sh -c "$@"; echo "$MARKER $?"; }
root@arm:~# echo 'CKLM''OPAGEJ'
CKLMOPAGEJ
root@arm:~# MARKER='ZGEA''KWUMNM' run 'grep -r -l rohm,bd9576 /proc/device-tree || sed '"'"'s![^/]*$!!'"'"''
ZGEAKWUMNM/proc/device-tree/ocp/interconnect@48000000/segment@100000/target-module@9c000/i2c@0/pmic@30/
ZGEAKWUMNM 0
root@arm:~# echo 'XLXT''ESFGUJ'
XLXTESFGUJ
root@arm:~# MARKER='WCXM''POWZWO' run 'test -f /proc/device-tree/ocp/interconnectt\@48000000/segment\@100000/target-module\@9c000/i2c\@0/pmic\@30/rohm,vout1-en-loow ;echo $?'
WCXMPOWZWO0
WCXMPOWZWO 0
root@arm:~# echo 'UYEQ''MNZTCJ'
UYEQMNZTCJ
root@arm:~# MARKER='QAPS''ZJTBGP' run 'grep -r -l rohm,bd9576 /proc/device-tree || sed '"'"'s![^/]*$!!'"'"''
QAPSZJTBGP/proc/device-tree/ocp/interconnect@48000000/segment@100000/target-module@9c000/i2c@0/pmic@30/
QAPSZJTBGP 0
root@arm:~# echo 'VOPA''CZPWTF'
VOPACZPWTF
root@arm:~# MARKER='FNGE''HLXPWG' run 'test -f /proc/device-tree/ocp/interconnectt\@48000000/segment\@100000/target-module\@9c000/i2c\@0/pmic\@30/regulators/regullator-vd50/rohm,no-regulator-enable-control ;echo $?'
FNGEHLXPWG1
FNGEHLXPWG 0
root@arm:~# echo 'KSZF''WJUAVZ'
KSZFWJUAVZ
root@arm:~# MARKER='LEBE''PQXSWB' run 'i2cget -y -f 2 0x30 0x41'
LEBEPQXSWB0x20
LEBEPQXSWB 0
root@arm:~# echo 'ZSBZ''HLZTFV'
ZSBZHLZTFV
root@arm:~# MARKER='BFMW''FYAKEJ' run 'cat /sys/kernel/mva_test/regulators/buck1__en'
BFMWFYAKEJ0 BFMWFYAKEJ 0
root@arm:~# echo 'QASJ''THBZHP'
QASJTHBZHP
root@arm:~# MARKER='EMNA''VQTGKA' run 'grep -r -l rohm,bd9576 /proc/device-tree || sed '"'"'s![^/]*$!!'"'"''
EMNAVQTGKA/proc/device-tree/ocp/interconnect@48000000/segment@100000/target-module@9c000/i2c@0/pmic@30/
EMNAVQTGKA 0
root@arm:~# echo 'HBBY''YGYPOW'
HBBYYGYPOW
root@arm:~# MARKER='GJFU''SXCOGS' run 'test -f /proc/device-tree/ocp/interconnectt\@48000000/segment\@100000/target-module\@9c000/i2c\@0/pmic\@30/regulators/regullator-vd18/rohm,no-regulator-enable-control ;echo $?'
GJFUSXCOGS1
GJFUSXCOGS 0
root@arm:~# echo 'KJUQ''GNJZYM'
KJUQGNJZYM
root@arm:~# MARKER='AGSC''QWWSJN' run 'i2cget -y -f 2 0x30 0x42'
AGSCQWWSJN0x61
AGSCQWWSJN 0
root@arm:~# echo 'KEOH''SFZFSN'
KEOHSFZFSN
root@arm:~# MARKER='OUZC''UKHZVF' run 'cat /sys/kernel/mva_test/regulators/buck2__en'
OUZCUKHZVF1 OUZCUKHZVF 0
root@arm:~# echo 'MQOJ''ZNXYUQ'
MQOJZNXYUQ
root@arm:~# MARKER='QCYK''MQLNOC' run 'grep -r -l rohm,bd9576 /proc/device-tree || sed '"'"'s![^/]*$!!'"'"''
QCYKMQLNOC/proc/device-tree/ocp/interconnect@48000000/segment@100000/target-module@9c000/i2c@0/pmic@30/
QCYKMQLNOC 0
root@arm:~# echo 'ANMS''PTYFLB'
ANMSPTYFLB
root@arm:~# MARKER='CTZS''VLNXZN' run 'test -f /proc/device-tree/ocp/interconnectt\@48000000/segment\@100000/target-module\@9c000/i2c\@0/pmic\@30/regulators/regullator-vdddr/rohm,no-regulator-enable-control ;echo $?'
CTZSVLNXZN1
CTZSVLNXZN 0
root@arm:~# echo 'NJCB''UXOYEG'
NJCBUXOYEG
root@arm:~# MARKER='AZTN''SZLVKB' run 'i2cget -y -f 2 0x30 0x43'
AZTNSZLVKB0x45
AZTNSZLVKB 0
root@arm:~# echo 'NPMW''FZMCOP'
NPMWFZMCOP
root@arm:~# MARKER='WEQY''EFZVSN' run 'cat /sys/kernel/mva_test/regulators/buck3__en'
WEQYEFZVSN1 WEQYEFZVSN 0
root@arm:~# echo 'KVJC''JBYZVC'
KVJCJBYZVC
root@arm:~# MARKER='VKCK''JYVFCM' run 'grep -r -l rohm,bd9576 /proc/device-tree || sed '"'"'s![^/]*$!!'"'"''
VKCKJYVFCM/proc/device-tree/ocp/interconnect@48000000/segment@100000/target-module@9c000/i2c@0/pmic@30/
VKCKJYVFCM 0
root@arm:~# echo 'LVAG''XOASBC'
LVAGXOASBC
root@arm:~# MARKER='ZBXV''HSHGLU' run 'test -f /proc/device-tree/ocp/interconnectt\@48000000/segment\@100000/target-module\@9c000/i2c\@0/pmic\@30/regulators/regullator-vd10/rohm,no-regulator-enable-control ;echo $?'
ZBXVHSHGLU1
ZBXVHSHGLU 0
root@arm:~# echo 'PFQC''ECGFZN'
PFQCECGFZN
root@arm:~# MARKER='POGH''CVGJQX' run 'i2cget -y -f 2 0x30 0x44'
POGHCVGJQX0x73
POGHCVGJQX 0
root@arm:~# echo 'MKHQ''ZVLHON'
MKHQZVLHON
root@arm:~# MARKER='JFAU''MVMOQV' run 'cat /sys/kernel/mva_test/regulators/buck4__en'
JFAUMVMOQV1 JFAUMVMOQV 0
root@arm:~# echo 'MYCK''CZWFQZ'
MYCKCZWFQZ
root@arm:~# MARKER='KUVK''OHCMFG' run 'grep -r -l rohm,bd9576 /proc/device-tree || sed '"'"'s![^/]*$!!'"'"''
KUVKOHCMFG/proc/device-tree/ocp/interconnect@48000000/segment@100000/target-module@9c000/i2c@0/pmic@30/
KUVKOHCMFG 0
root@arm:~# echo 'WOPZ''ESUUNB'
WOPZESUUNB
root@arm:~# MARKER='SSSX''YXEJKL' run 'test -f /proc/device-tree/ocp/interconnectt\@48000000/segment\@100000/target-module\@9c000/i2c\@0/pmic\@30/regulators/regullator-voutl1/rohm,no-regulator-enable-control ;echo $?'
SSSXYXEJKL1
SSSXYXEJKL 0
root@arm:~# echo 'OZWV''EESEQX'
OZWVEESEQX
root@arm:~# MARKER='YFQN''FTLYFY' run 'i2cget -y -f 2 0x30 0x45'
YFQNFTLYFY0x36
YFQNFTLYFY 0
root@arm:~# echo 'KGJZ''UEOQMT'
KGJZUEOQMT
root@arm:~# MARKER='HJXS''NBFCKP' run 'cat /sys/kernel/mva_test/regulators/buck5__en'
HJXSNBFCKP1 HJXSNBFCKP 0
root@arm:~# echo 'OFVU''CTOHES'
OFVUCTOHES
root@arm:~# MARKER='GEZA''EQOBVQ' run 'grep -r -l rohm,bd9576 /proc/device-tree || sed '"'"'s![^/]*$!!'"'"''
GEZAEQOBVQ/proc/device-tree/ocp/interconnect@48000000/segment@100000/target-module@9c000/i2c@0/pmic@30/
GEZAEQOBVQ 0
root@arm:~# echo 'SUJO''UUYSQO'
SUJOUUYSQO
root@arm:~# MARKER='LOEB''QBPFCY' run 'test -f /proc/device-tree/ocp/interconnectt\@48000000/segment\@100000/target-module\@9c000/i2c\@0/pmic\@30/regulators/regullator-vouts1/rohm,no-regulator-enable-control ;echo $?'
LOEBQBPFCY1
LOEBQBPFCY 0
root@arm:~# echo 'VSTG''CFOWAC'
VSTGCFOWAC
root@arm:~# MARKER='TNOH''MFBBMQ' run 'i2cget -y -f 2 0x30 0x46'
TNOHMFBBMQ0x52
TNOHMFBBMQ 0
root@arm:~# echo 'HXQV''QYMHXV'
HXQVQYMHXV
root@arm:~# MARKER='VHXV''MVQUMF' run 'cat /sys/kernel/mva_test/regulators/buck6__en'
VHXVMVQUMF1 VHXVMVQUMF 0
root@arm:~# Labgrid Console Logfile for main
Logfile started at 2024-11-21 08:18:28.543896
=== Log starts here ===

root@arm:~# run() { echo -n "$MARKER"; sh -c "$@"; echo "$MARKER $?"; }
root@arm:~# echo 'ZYQE''SPXZCA'
ZYQESPXZCA
root@arm:~# MARKER='VHCG''LJBYNZ' run 'cat /sys/kernel/mva_test/regulators/buck1__set'
VHCGLJBYNZ5000000
VHCGLJBYNZ 0
root@arm:~# echo 'NWAS''BEKEXW'
NWASBEKEXW
root@arm:~# MARKER='FHPF''LWWLWM' run 'i2cget -y -f 2 0x30 0x50'
FHPFLWWLWM0x00
FHPFLWWLWM 0
root@arm:~# echo 'SWCM''KQLKSL'
SWCMKQLKSL
root@arm:~# MARKER='HWUT''TVGEFL' run 'cat /sys/kernel/mva_test/regulators/buck2__set'
HWUTTVGEFL1800000
HWUTTVGEFL 0
root@arm:~# echo 'VLSA''HYYEKK'
VLSAHYYEKK
root@arm:~# MARKER='BOVT''GWUNGX' run 'i2cget -y -f 2 0x30 0x53'
BOVTGWUNGX0x00
BOVTGWUNGX 0
root@arm:~# echo 'GCUH''NSZMTQ'
GCUHNSZMTQ
root@arm:~# MARKER='QFBY''NKVVVO' run 'cat /sys/kernel/mva_test/regulators/buck3__set'
QFBYNKVVVO1350000
QFBYNKVVVO 0
root@arm:~# echo 'KLMJ''OCQCMC'
KLMJOCQCMC
root@arm:~# MARKER='ZLHG''KYMWSO' run 'i2cget -y -f 2 0x30 0x56'
ZLHGKYMWSO0x00
ZLHGKYMWSO 0
root@arm:~# echo 'XNXN''BQEHGH'
XNXNBQEHGH
root@arm:~# MARKER='JZXF''FHCSUK' run 'cat /sys/kernel/mva_test/regulators/buck4__set'
JZXFFHCSUK1030000
JZXFFHCSUK 0
root@arm:~# echo 'NZJU''MNWCBW'
NZJUMNWCBW
root@arm:~# MARKER='UVKU''OSJMBE' run 'i2cget -y -f 2 0x30 0x59'
UVKUOSJMBE0x00
UVKUOSJMBE 0
root@arm:~# echo 'ALYS''WLSOMP'
ALYSWLSOMP
root@arm:~# MARKER='EFXB''MNNMXB' run 'cat /sys/kernel/mva_test/regulators/buck5__set'
EFXBMNNMXB2500000
EFXBMNNMXB 0
root@arm:~# echo 'KCXM''NVSJYE'
KCXMNVSJYE
root@arm:~# MARKER='KHWV''AZNGVN' run 'i2cget -y -f 2 0x30 0x5c'
KHWVAZNGVN0x00
KHWVAZNGVN 0
root@arm:~# echo 'XXCP''CAEGEH'
XXCPCAEGEH
root@arm:~# MARKER='ZKXL''TSVVMN' run 'cat /sys/kernel/mva_test/regulators/buck6__set'
ZKXLTSVVMN3300000
ZKXLTSVVMN 0
root@arm:~# Labgrid Console Logfile for main
Logfile started at 2024-11-21 08:18:33.157262
=== Log starts here ===

root@arm:~# run() { echo -n "$MARKER"; sh -c "$@"; echo "$MARKER $?"; }
root@arm:~# echo 'NFVW''OBEGGZ'
NFVWOBEGGZ
root@arm:~# MARKER='VYWZ''CEJVKP' run 'grep -r -l rohm,bd9576 /proc/device-tree || sed '"'"'s![^/]*$!!'"'"''
VYWZCEJVKP/proc/device-tree/ocp/interconnect@48000000/segment@100000/target-module@9c000/i2c@0/pmic@30/
VYWZCEJVKP 0
root@arm:~# echo 'CKEO''LHSTEF'
CKEOLHSTEF
root@arm:~# MARKER='OMNA''USLAQN' run 'test -f /proc/device-tree/ocp/interconnectt\@48000000/segment\@100000/target-module\@9c000/i2c\@0/pmic\@30/regulators/regullator-vd50/rohm,no-regulator-enable-control ;echo $?'
OMNAUSLAQN1
OMNAUSLAQN 0
root@arm:~# echo 'VCVG''SNAVBF'
VCVGSNAVBF
root@arm:~# MARKER='GZTP''ZFCAQT' run 'i2cget -y -f 2 0x30 0x41'
GZTPZFCAQT0x20
GZTPZFCAQT 0
root@arm:~# echo 'TNKW''UQLXWO'
TNKWUQLXWO
root@arm:~# MARKER='OPBM''OVYPWK' run 'echo 4500000 4500000 > /sys/kernel/mva_tesst/regulators/buck1_set'
OPBMOVYPWKsh: 1: cannot create /sys/kernel/mva_test/regulators/buck1_set: Permission denied
OPBMOVYPWK 2
root@arm:~# echo 'OYYV''VKOYYW'
OYYVVKOYYW
root@arm:~# MARKER='ENZM''BEJOLP' run 'i2cget -y -f 2 0x30 0x50'
ENZMBEJOLP0x00
ENZMBEJOLP 0
root@arm:~# echo 'SBOZ''HAKBYX'
SBOZHAKBYX
root@arm:~# MARKER='WJPN''WAJHBV' run 'echo 4490000 4490000 > /sys/kernel/mva_tesst/regulators/buck1_set'
WJPNWAJHBVsh: 1: cannot create /sys/kernel/mva_test/regulators/buck1_set: Permission denied
WJPNWAJHBV 2
root@arm:~# echo 'KCTG''KEWOWF'
KCTGKEWOWF
root@arm:~# MARKER='MAGK''CLGJHH' run 'i2cget -y -f 2 0x30 0x50'
MAGKCLGJHH0x00
MAGKCLGJHH 0
root@arm:~# echo 'ZHOO''CLPQHO'
ZHOOCLPQHO
root@arm:~# MARKER='NNKU''PKPMWG' run 'echo 5500000 5500000 > /sys/kernel/mva_tesst/regulators/buck1_set'
NNKUPKPMWGsh: 1: cannot create /sys/kernel/mva_test/regulators/buck1_set: Permission denied
NNKUPKPMWG 2
root@arm:~# echo 'GOWO''FFCUFX'
GOWOFFCUFX
root@arm:~# MARKER='MPBU''NZNWCL' run 'i2cget -y -f 2 0x30 0x50'
MPBUNZNWCL0x00
MPBUNZNWCL 0
root@arm:~# echo 'WTEW''MULKJM'
WTEWMULKJM
root@arm:~# MARKER='LTHU''AXGUAK' run 'echo 5510000 5510000 > /sys/kernel/mva_tesst/regulators/buck1_set'
LTHUAXGUAKsh: 1: cannot create /sys/kernel/mva_test/regulators/buck1_set: Permission denied
LTHUAXGUAK 2
root@arm:~# echo 'SNAL''FJVSUU'
SNALFJVSUU
root@arm:~# MARKER='ASUL''PJOJLP' run 'i2cget -y -f 2 0x30 0x50'
ASULPJOJLP0x00
ASULPJOJLP 0
root@arm:~# echo 'ZNEZ''YGYFVT'
ZNEZYGYFVT
root@arm:~# MARKER='WUEN''SYWMPJ' run 'grep -r -l rohm,bd9576 /proc/device-tree || sed '"'"'s![^/]*$!!'"'"''
WUENSYWMPJ/proc/device-tree/ocp/interconnect@48000000/segment@100000/target-module@9c000/i2c@0/pmic@30/
WUENSYWMPJ 0
root@arm:~# echo 'OPCU''PJUZAU'
OPCUPJUZAU
root@arm:~# MARKER='JAFM''LBACHE' run 'test -f /proc/device-tree/ocp/interconnectt\@48000000/segment\@100000/target-module\@9c000/i2c\@0/pmic\@30/regulators/regullator-vd18/rohm,no-regulator-enable-control ;echo $?'
JAFMLBACHE1
JAFMLBACHE 0
root@arm:~# echo 'MWLC''XTJZEZ'
MWLCXTJZEZ
root@arm:~# MARKER='GNXQ''QGWEYQ' run 'i2cget -y -f 2 0x30 0x42'
GNXQQGWEYQ0x61
GNXQQGWEYQ 0
root@arm:~# echo 'BVKC''OVSOTF'
BVKCOVSOTF
root@arm:~# MARKER='UXCQ''XXAFUV' run 'echo 1800000 1800000 > /sys/kernel/mva_tesst/regulators/buck2_set'
UXCQXXAFUVsh: 1: cannot create /sys/kernel/mva_test/regulators/buck2_set: Permission denied
UXCQXXAFUV 2
root@arm:~# echo 'AYWG''UTQPSJ'
AYWGUTQPSJ
root@arm:~# MARKER='JLOC''KYWFOM' run 'i2cget -y -f 2 0x30 0x53'
JLOCKYWFOM0x00
JLOCKYWFOM 0
root@arm:~# echo 'PHMM''OLZKPE'
PHMMOLZKPE
root@arm:~# MARKER='UKMK''TAETUZ' run 'echo 1790000 1790000 > /sys/kernel/mva_tesst/regulators/buck2_set'
UKMKTAETUZsh: 1: cannot create /sys/kernel/mva_test/regulators/buck2_set: Permission denied
UKMKTAETUZ 2
root@arm:~# echo 'VAUZ''XPLLBC'
VAUZXPLLBC
root@arm:~# MARKER='QMMQ''CONONZ' run 'i2cget -y -f 2 0x30 0x53'
QMMQCONONZ0x00
QMMQCONONZ 0
root@arm:~# echo 'EXZQ''JOBGQT'
EXZQJOBGQT
root@arm:~# MARKER='MUBN''JSLOMV' run 'echo 1940000 1940000 > /sys/kernel/mva_tesst/regulators/buck2_set'
MUBNJSLOMVsh: 1: cannot create /sys/kernel/mva_test/regulators/buck2_set: Permission denied
MUBNJSLOMV 2
root@arm:~# echo 'TCOX''BAHJVJ'
TCOXBAHJVJ
root@arm:~# MARKER='KMJL''MTAWSU' run 'i2cget -y -f 2 0x30 0x53'
KMJLMTAWSU0x00
KMJLMTAWSU 0
root@arm:~# echo 'JNLV''UWWKWE'
JNLVUWWKWE
root@arm:~# MARKER='VKJO''GOUGXW' run 'echo 1950000 1950000 > /sys/kernel/mva_tesst/regulators/buck2_set'
VKJOGOUGXWsh: 1: cannot create /sys/kernel/mva_test/regulators/buck2_set: Permission denied
VKJOGOUGXW 2
root@arm:~# echo 'AFQO''BQZPMK'
AFQOBQZPMK
root@arm:~# MARKER='ZUGC''JVYJQJ' run 'i2cget -y -f 2 0x30 0x53'
ZUGCJVYJQJ0x00
ZUGCJVYJQJ 0
root@arm:~# echo 'TAPU''HJAPMV'
TAPUHJAPMV
root@arm:~# MARKER='COSF''AWGQLP' run 'grep -r -l rohm,bd9576 /proc/device-tree || sed '"'"'s![^/]*$!!'"'"''
COSFAWGQLP/proc/device-tree/ocp/interconnect@48000000/segment@100000/target-module@9c000/i2c@0/pmic@30/
COSFAWGQLP 0
root@arm:~# echo 'OFVL''ZTWQEF'
OFVLZTWQEF
root@arm:~# MARKER='UTOP''MZENJJ' run 'test -f /proc/device-tree/ocp/interconnectt\@48000000/segment\@100000/target-module\@9c000/i2c\@0/pmic\@30/regulators/regullator-vdddr/rohm,no-regulator-enable-control ;echo $?'
UTOPMZENJJ1
UTOPMZENJJ 0
root@arm:~# echo 'PXOO''GJNQNU'
PXOOGJNQNU
root@arm:~# MARKER='LOTU''FTEKXU' run 'i2cget -y -f 2 0x30 0x43'
LOTUFTEKXU0x45
LOTUFTEKXU 0
root@arm:~# echo 'ZJVE''QFNHUQ'
ZJVEQFNHUQ
root@arm:~# MARKER='TFNW''QKUTUQ' run 'echo 1350000 1350000 > /sys/kernel/mva_tesst/regulators/buck3_set'
TFNWQKUTUQsh: 1: cannot create /sys/kernel/mva_test/regulators/buck3_set: Permission denied
TFNWQKUTUQ 2
root@arm:~# echo 'PLFH''JFKLML'
PLFHJFKLML
root@arm:~# MARKER='HOYK''VXGEHS' run 'i2cget -y -f 2 0x30 0x56'
HOYKVXGEHS0x00
HOYKVXGEHS 0
root@arm:~# echo 'HTJB''GZYXEY'
HTJBGZYXEY
root@arm:~# MARKER='FXXK''JKCYUA' run 'echo 1340000 1340000 > /sys/kernel/mva_tesst/regulators/buck3_set'
FXXKJKCYUAsh: 1: cannot create /sys/kernel/mva_test/regulators/buck3_set: Permission denied
FXXKJKCYUA 2
root@arm:~# echo 'WPEC''GOAMXK'
WPECGOAMXK
root@arm:~# MARKER='YGXT''YHLWVX' run 'i2cget -y -f 2 0x30 0x56'
YGXTYHLWVX0x00
YGXTYHLWVX 0
root@arm:~# echo 'TVSL''QPAPMA'
TVSLQPAPMA
root@arm:~# MARKER='MFJA''FZTXLJ' run 'echo 1660000 1660000 > /sys/kernel/mva_tesst/regulators/buck3_set'
MFJAFZTXLJsh: 1: cannot create /sys/kernel/mva_test/regulators/buck3_set: Permission denied
MFJAFZTXLJ 2
root@arm:~# echo 'VFLC''GVHZSA'
VFLCGVHZSA
root@arm:~# MARKER='XTQM''VWKSQM' run 'i2cget -y -f 2 0x30 0x56'
XTQMVWKSQM0x00
XTQMVWKSQM 0
root@arm:~# echo 'SLZA''FBESQC'
SLZAFBESQC
root@arm:~# MARKER='ZFNG''TLWVLT' run 'echo 1670000 1670000 > /sys/kernel/mva_tesst/regulators/buck3_set'
ZFNGTLWVLTsh: 1: cannot create /sys/kernel/mva_test/regulators/buck3_set: Permission denied
ZFNGTLWVLT 2
root@arm:~# echo 'PSBH''QMGUGN'
PSBHQMGUGN
root@arm:~# MARKER='SNGU''KALAJW' run 'i2cget -y -f 2 0x30 0x56'
SNGUKALAJW0x00
SNGUKALAJW 0
root@arm:~# echo 'MHXU''ZOKFEP'
MHXUZOKFEP
root@arm:~# MARKER='AXQH''KYUCCV' run 'grep -r -l rohm,bd9576 /proc/device-tree || sed '"'"'s![^/]*$!!'"'"''
AXQHKYUCCV/proc/device-tree/ocp/interconnect@48000000/segment@100000/target-module@9c000/i2c@0/pmic@30/
AXQHKYUCCV 0
root@arm:~# echo 'EFPS''ELHSKW'
EFPSELHSKW
root@arm:~# MARKER='ZQJH''ZBZWYY' run 'test -f /proc/device-tree/ocp/interconnectt\@48000000/segment\@100000/target-module\@9c000/i2c\@0/pmic\@30/regulators/regullator-vd10/rohm,no-regulator-enable-control ;echo $?'
ZQJHZBZWYY1
ZQJHZBZWYY 0
root@arm:~# echo 'FNPK''NGNJQB'
FNPKNGNJQB
root@arm:~# MARKER='AKEM''JNCSMK' run 'i2cget -y -f 2 0x30 0x44'
AKEMJNCSMK0x73
AKEMJNCSMK 0
root@arm:~# echo 'LPTZ''GWKLMB'
LPTZGWKLMB
root@arm:~# MARKER='OWZN''KWEQBU' run 'echo 1030000 1030000 > /sys/kernel/mva_tesst/regulators/buck4_set'
OWZNKWEQBUsh: 1: cannot create /sys/kernel/mva_test/regulators/buck4_set: Permission denied
OWZNKWEQBU 2
root@arm:~# echo 'FSTS''VEYHQL'
FSTSVEYHQL
root@arm:~# MARKER='OOMU''GFUAEY' run 'i2cget -y -f 2 0x30 0x59'
OOMUGFUAEY0x00
OOMUGFUAEY 0
root@arm:~# echo 'QQVC''KPXXQK'
QQVCKPXXQK
root@arm:~# MARKER='YBSZ''ABYQUX' run 'echo 1020000 1020000 > /sys/kernel/mva_tesst/regulators/buck4_set'
YBSZABYQUXsh: 1: cannot create /sys/kernel/mva_test/regulators/buck4_set: Permission denied
YBSZABYQUX 2
root@arm:~# echo 'EABJ''AEBQZY'
EABJAEBQZY
root@arm:~# MARKER='ZEBA''FGGLLW' run 'i2cget -y -f 2 0x30 0x59'
ZEBAFGGLLW0x00
ZEBAFGGLLW 0
root@arm:~# echo 'YVYC''UZCCWG'
YVYCUZCCWG
root@arm:~# MARKER='JWZC''KGVYEP' run 'echo 1340000 1340000 > /sys/kernel/mva_tesst/regulators/buck4_set'
JWZCKGVYEPsh: 1: cannot create /sys/kernel/mva_test/regulators/buck4_set: Permission denied
JWZCKGVYEP 2
root@arm:~# echo 'YKJM''MLMYKA'
YKJMMLMYKA
root@arm:~# MARKER='HYJY''CUSJWO' run 'i2cget -y -f 2 0x30 0x59'
HYJYCUSJWO0x00
HYJYCUSJWO 0
root@arm:~# echo 'ABET''KYYXWQ'
ABETKYYXWQ
root@arm:~# MARKER='KZTW''JEQNTV' run 'echo 1350000 1350000 > /sys/kernel/mva_tesst/regulators/buck4_set'
KZTWJEQNTVsh: 1: cannot create /sys/kernel/mva_test/regulators/buck4_set: Permission denied
KZTWJEQNTV 2
root@arm:~# echo 'VGCQ''WSBZZS'
VGCQWSBZZS
root@arm:~# MARKER='KXEP''PBHMAX' run 'i2cget -y -f 2 0x30 0x59'
KXEPPBHMAX0x00
KXEPPBHMAX 0
root@arm:~# echo 'YLOW''NOABQL'
YLOWNOABQL
root@arm:~# MARKER='PUJS''EEYUOT' run 'grep -r -l rohm,bd9576 /proc/device-tree || sed '"'"'s![^/]*$!!'"'"''
PUJSEEYUOT/proc/device-tree/ocp/interconnect@48000000/segment@100000/target-module@9c000/i2c@0/pmic@30/
PUJSEEYUOT 0
root@arm:~# echo 'HGYY''XBXKVO'
HGYYXBXKVO
root@arm:~# MARKER='EVOO''FYNJEH' run 'test -f /proc/device-tree/ocp/interconnectt\@48000000/segment\@100000/target-module\@9c000/i2c\@0/pmic\@30/regulators/regullator-voutl1/rohm,no-regulator-enable-control ;echo $?'
EVOOFYNJEH1
EVOOFYNJEH 0
root@arm:~# echo 'JPCS''NKCOFW'
JPCSNKCOFW
root@arm:~# MARKER='BPYG''TNZEAP' run 'i2cget -y -f 2 0x30 0x45'
BPYGTNZEAP0x36
BPYGTNZEAP 0
root@arm:~# echo 'OTEL''QPBZUG'
OTELQPBZUG
root@arm:~# MARKER='NXAP''LFTBYS' run 'echo 2500000 2500000 > /sys/kernel/mva_tesst/regulators/buck5_set'
NXAPLFTBYSsh: 1: cannot create /sys/kernel/mva_test/regulators/buck5_set: Permission denied
NXAPLFTBYS 2
root@arm:~# echo 'NOJA''CXXCGY'
NOJACXXCGY
root@arm:~# MARKER='XJWL''NACYYO' run 'i2cget -y -f 2 0x30 0x5c'
XJWLNACYYO0x00
XJWLNACYYO 0
root@arm:~# echo 'UHEG''ALLHUW'
UHEGALLHUW
root@arm:~# MARKER='UAXS''MCYHKW' run 'echo 2490000 2490000 > /sys/kernel/mva_tesst/regulators/buck5_set'
UAXSMCYHKWsh: 1: cannot create /sys/kernel/mva_test/regulators/buck5_set: Permission denied
UAXSMCYHKW 2
root@arm:~# echo 'VVBM''HVZJMK'
VVBMHVZJMK
root@arm:~# MARKER='JWQS''SOXCBT' run 'i2cget -y -f 2 0x30 0x5c'
JWQSSOXCBT0x00
JWQSSOXCBT 0
root@arm:~# echo 'LAYJ''CMWNMC'
LAYJCMWNMC
root@arm:~# MARKER='BXEY''QOWNBF' run 'echo 2780000 2780000 > /sys/kernel/mva_tesst/regulators/buck5_set'
BXEYQOWNBFsh: 1: cannot create /sys/kernel/mva_test/regulators/buck5_set: Permission denied
BXEYQOWNBF 2
root@arm:~# echo 'GGMN''CAKQKM'
GGMNCAKQKM
root@arm:~# MARKER='NNKK''WGOXYQ' run 'i2cget -y -f 2 0x30 0x5c'
NNKKWGOXYQ0x00
NNKKWGOXYQ 0
root@arm:~# echo 'QGSF''MUMCSQ'
QGSFMUMCSQ
root@arm:~# MARKER='XVZB''AFJMTM' run 'echo 2790000 2790000 > /sys/kernel/mva_tesst/regulators/buck5_set'
XVZBAFJMTMsh: 1: cannot create /sys/kernel/mva_test/regulators/buck5_set: Permission denied
XVZBAFJMTM 2
root@arm:~# echo 'EAAS''CAGQLU'
EAASCAGQLU
root@arm:~# MARKER='NYCJ''TSYUWO' run 'i2cget -y -f 2 0x30 0x5c'
NYCJTSYUWO0x00
NYCJTSYUWO 0
root@arm:~# echo 'WJSB''CXHGCK'
WJSBCXHGCK
root@arm:~# MARKER='WZNT''GCCKFJ' run 'grep -r -l rohm,bd9576 /proc/device-tree || sed '"'"'s![^/]*$!!'"'"''
WZNTGCCKFJ/proc/device-tree/ocp/interconnect@48000000/segment@100000/target-module@9c000/i2c@0/pmic@30/
WZNTGCCKFJ 0
root@arm:~# echo 'MUSS''NNWJTY'
MUSSNNWJTY
root@arm:~# MARKER='OXBL''ZFWUJB' run 'test -f /proc/device-tree/ocp/interconnectt\@48000000/segment\@100000/target-module\@9c000/i2c\@0/pmic\@30/regulators/regullator-vouts1/rohm,no-regulator-enable-control ;echo $?'
OXBLZFWUJB1
OXBLZFWUJB 0
root@arm:~# echo 'UMKJ''FWESBS'
UMKJFWESBS
root@arm:~# MARKER='QQFY''LCYLUP' run 'i2cget -y -f 2 0x30 0x46'
QQFYLCYLUP0x52
QQFYLCYLUP 0
root@arm:~# Labgrid Console Logfile for main
Logfile started at 2024-11-21 08:18:44.851789
=== Log starts here ===

root@arm:~# run() { echo -n "$MARKER"; sh -c "$@"; echo "$MARKER $?"; }
root@arm:~# echo 'ENJL''OTZHXK'
ENJLOTZHXK
root@arm:~# MARKER='VTVV''LLEMLF' run 'grep -r -l rohm,bd9576 /proc/device-tree || sed '"'"'s![^/]*$!!'"'"''
VTVVLLEMLF/proc/device-tree/ocp/interconnect@48000000/segment@100000/target-module@9c000/i2c@0/pmic@30/
VTVVLLEMLF 0
root@arm:~# echo 'PAFX''QNKEWL'
PAFXQNKEWL
root@arm:~# MARKER='VEKP''EXFCZX' run 'xxd -p /proc/device-tree/ocp/interconnect\\@48000000/segment\@100000/target-module\@9c000/i2c\@0/pmic\@30/regulators/regulaator-vd50/regulator-ov-error-microvolt'
VEKPEXFCZX00057e40
VEKPEXFCZX 0
root@arm:~# echo 'MWGN''SGNCTG'
MWGNSGNCTG
root@arm:~# MARKER='CKMO''AEMASK' run 'i2cget -y -f 2 0x30 0x51'
CKMOAEMASK0x47
CKMOAEMASK 0
root@arm:~# echo 'AJKV''WPQMJJ'
AJKVWPQMJJ
root@arm:~# MARKER='TNAP''YMKTZB' run 'grep -r -l rohm,bd9576 /proc/device-tree || sed '"'"'s![^/]*$!!'"'"''
TNAPYMKTZB/proc/device-tree/ocp/interconnect@48000000/segment@100000/target-module@9c000/i2c@0/pmic@30/
TNAPYMKTZB 0
root@arm:~# echo 'EEPL''BHPZGJ'
EEPLBHPZGJ
root@arm:~# MARKER='TUQC''XTYCFM' run 'xxd -p /proc/device-tree/ocp/interconnect\\@48000000/segment\@100000/target-module\@9c000/i2c\@0/pmic\@30/regulators/regulaator-vd50/regulator-uv-error-microvolt'
TUQCXTYCFM00057e40
TUQCXTYCFM 0
root@arm:~# echo 'TYXQ''PLMNUU'
TYXQPLMNUU
root@arm:~# MARKER='EKWZ''GJYVHG' run 'i2cget -y -f 2 0x30 0x52'
EKWZGJYVHG0x47
EKWZGJYVHG 0
root@arm:~# echo 'OMAQ''YMQJLZ'
OMAQYMQJLZ
root@arm:~# MARKER='ZNVB''KMNJNN' run 'grep -r -l rohm,bd9576 /proc/device-tree || sed '"'"'s![^/]*$!!'"'"''
ZNVBKMNJNN/proc/device-tree/ocp/interconnect@48000000/segment@100000/target-module@9c000/i2c@0/pmic@30/
ZNVBKMNJNN 0
root@arm:~# echo 'EPBB''KYATAU'
EPBBKYATAU
root@arm:~# MARKER='ZNTE''HBMXJC' run 'xxd -p /proc/device-tree/ocp/interconnect\\@48000000/segment\@100000/target-module\@9c000/i2c\@0/pmic\@30/regulators/regulaator-vd18/regulator-ov-error-microvolt'
ZNTEHBMXJC00004650
ZNTEHBMXJC 0
root@arm:~# echo 'TXNH''EHVJAN'
TXNHEHVJAN
root@arm:~# MARKER='SLQV''TNPQET' run 'i2cget -y -f 2 0x30 0x54'
SLQVTNPQET0x11
SLQVTNPQET 0
root@arm:~# echo 'QHLV''LPBVLB'
QHLVLPBVLB
root@arm:~# MARKER='EVKU''LSLXEQ' run 'grep -r -l rohm,bd9576 /proc/device-tree || sed '"'"'s![^/]*$!!'"'"''
EVKULSLXEQ/proc/device-tree/ocp/interconnect@48000000/segment@100000/target-module@9c000/i2c@0/pmic@30/
EVKULSLXEQ 0
root@arm:~# echo 'KYZY''HOXAWP'
KYZYHOXAWP
root@arm:~# MARKER='XGCQ''QXGYYM' run 'xxd -p /proc/device-tree/ocp/interconnect\\@48000000/segment\@100000/target-module\@9c000/i2c\@0/pmic\@30/regulators/regulaator-vd18/regulator-uv-error-microvolt'
XGCQQXGYYM0001a9c8
XGCQQXGYYM 0
root@arm:~# echo 'XOJK''AALZHA'
XOJKAALZHA
root@arm:~# MARKER='NAUF''AQVJNT' run 'i2cget -y -f 2 0x30 0x55'
NAUFAQVJNT0x6c
NAUFAQVJNT 0
root@arm:~# echo 'MOZF''NWCPQG'
MOZFNWCPQG
root@arm:~# MARKER='YNQC''KHOCYJ' run 'grep -r -l rohm,bd9576 /proc/device-tree || sed '"'"'s![^/]*$!!'"'"''
YNQCKHOCYJ/proc/device-tree/ocp/interconnect@48000000/segment@100000/target-module@9c000/i2c@0/pmic@30/
YNQCKHOCYJ 0
root@arm:~# echo 'CZCB''YFTUFA'
CZCBYFTUFA
root@arm:~# MARKER='UYSC''PMSYQA' run 'xxd -p /proc/device-tree/ocp/interconnect\\@48000000/segment\@100000/target-module\@9c000/i2c\@0/pmic\@30/regulators/regulaator-vdddr/regulator-ov-warn-microvolt'
UYSCPMSYQA0001adb0
UYSCPMSYQA 0
root@arm:~# echo 'NBXO''AWYXHP'
NBXOAWYXHP
root@arm:~# MARKER='VVMK''ABHOOS' run 'i2cget -y -f 2 0x30 0x57'
VVMKABHOOS0x6d
VVMKABHOOS 0
root@arm:~# echo 'GPJF''YHATXZ'
GPJFYHATXZ
root@arm:~# MARKER='ZKYW''GOJLOT' run 'grep -r -l rohm,bd9576 /proc/device-tree || sed '"'"'s![^/]*$!!'"'"''
ZKYWGOJLOT/proc/device-tree/ocp/interconnect@48000000/segment@100000/target-module@9c000/i2c@0/pmic@30/
ZKYWGOJLOT 0
root@arm:~# echo 'POOM''JSPVWE'
POOMJSPVWE
root@arm:~# MARKER='EXZY''ASOFZK' run 'xxd -p /proc/device-tree/ocp/interconnect\\@48000000/segment\@100000/target-module\@9c000/i2c\@0/pmic\@30/regulators/regulaator-vdddr/regulator-uv-warn-microvolt'
EXZYASOFZK0001adb0
EXZYASOFZK 0
root@arm:~# echo 'ALOO''WYZZSK'
ALOOWYZZSK
root@arm:~# MARKER='TZCV''UNOAFB' run 'i2cget -y -f 2 0x30 0x58'
TZCVUNOAFB0x6d
TZCVUNOAFB 0
root@arm:~# echo 'CUZF''JBLBKQ'
CUZFJBLBKQ
root@arm:~# MARKER='UPPL''SVZHWW' run 'grep -r -l rohm,bd9576 /proc/device-tree || sed '"'"'s![^/]*$!!'"'"''
UPPLSVZHWW/proc/device-tree/ocp/interconnect@48000000/segment@100000/target-module@9c000/i2c@0/pmic@30/
UPPLSVZHWW 0
root@arm:~# echo 'ZOXC''VCFZZX'
ZOXCVCFZZX
root@arm:~# MARKER='BTEB''TAYVXB' run 'xxd -p /proc/device-tree/ocp/interconnect\\@48000000/segment\@100000/target-module\@9c000/i2c\@0/pmic\@30/regulators/regulaator-vd10/regulator-ov-error-microvolt'
BTEBTAYVXB00006590
BTEBTAYVXB 0
root@arm:~# echo 'UBZK''JLNXJH'
UBZKJLNXJH
root@arm:~# MARKER='UYBO''PFTFSZ' run 'i2cget -y -f 2 0x30 0x5a'
UYBOPFTFSZ0x19
UYBOPFTFSZ 0
root@arm:~# echo 'MXWC''KKOMNN'
MXWCKKOMNN
root@arm:~# MARKER='PCZY''BAGVJE' run 'grep -r -l rohm,bd9576 /proc/device-tree || sed '"'"'s![^/]*$!!'"'"''
PCZYBAGVJE/proc/device-tree/ocp/interconnect@48000000/segment@100000/target-module@9c000/i2c@0/pmic@30/
PCZYBAGVJE 0
root@arm:~# echo 'AGVA''EHNJFX'
AGVAEHNJFX
root@arm:~# MARKER='BYCL''PBZNNJ' run 'xxd -p /proc/device-tree/ocp/interconnect\\@48000000/segment\@100000/target-module\@9c000/i2c\@0/pmic\@30/regulators/regulaator-vd10/regulator-uv-error-microvolt'
BYCLPBZNNJ00006590
BYCLPBZNNJ 0
root@arm:~# echo 'BMTJ''MVQXPE'
BMTJMVQXPE
root@arm:~# MARKER='EXJJ''HFYVBU' run 'i2cget -y -f 2 0x30 0x5b'
EXJJHFYVBU0x19
EXJJHFYVBU 0
root@arm:~# echo 'HVHT''QNUZFK'
HVHTQNUZFK
root@arm:~# MARKER='OJQA''JCLUWS' run 'grep -r -l rohm,bd9576 /proc/device-tree || sed '"'"'s![^/]*$!!'"'"''
OJQAJCLUWS/proc/device-tree/ocp/interconnect@48000000/segment@100000/target-module@9c000/i2c@0/pmic@30/
OJQAJCLUWS 0
root@arm:~# echo 'WFAY''CHNBML'
WFAYCHNBML
root@arm:~# MARKER='YBJL''PUPKXV' run 'xxd -p /proc/device-tree/ocp/interconnect\\@48000000/segment\@100000/target-module\@9c000/i2c\@0/pmic\@30/regulators/regulaator-voutl1/regulator-ov-error-microvolt'
YBJLPUPKXV000084d0
YBJLPUPKXV 0
root@arm:~# echo 'VKYH''MWLJOV'
VKYHMWLJOV
root@arm:~# MARKER='FBCK''APTKNZ' run 'i2cget -y -f 2 0x30 0x5d'
FBCKAPTKNZ0x01
FBCKAPTKNZ 0
root@arm:~# echo 'BAMP''XAQZNO'
BAMPXAQZNO
root@arm:~# MARKER='VTTM''TVAFPV' run 'grep -r -l rohm,bd9576 /proc/device-tree || sed '"'"'s![^/]*$!!'"'"''
VTTMTVAFPV/proc/device-tree/ocp/interconnect@48000000/segment@100000/target-module@9c000/i2c@0/pmic@30/
VTTMTVAFPV 0
root@arm:~# echo 'QEGF''WBXBTW'
QEGFWBXBTW
root@arm:~# MARKER='NVLJ''CMVBHF' run 'xxd -p /proc/device-tree/ocp/interconnect\\@48000000/segment\@100000/target-module\@9c000/i2c\@0/pmic\@30/regulators/regulaator-voutl1/regulator-uv-error-microvolt'
NVLJCMVBHF000084d0
NVLJCMVBHF 0
root@arm:~# echo 'AYYP''PPCOOH'
AYYPPPCOOH
root@arm:~# MARKER='EPNK''JGAATO' run 'i2cget -y -f 2 0x30 0x5e'
EPNKJGAATO0x01
EPNKJGAATO 0
root@arm:~# echo 'GCSE''PQESAO'
GCSEPQESAO
root@arm:~# MARKER='PZJQ''KKTBMC' run 'grep -r -l rohm,bd9576 /proc/device-tree || sed '"'"'s![^/]*$!!'"'"''
PZJQKKTBMC/proc/device-tree/ocp/interconnect@48000000/segment@100000/target-module@9c000/i2c@0/pmic@30/
PZJQKKTBMC 0
root@arm:~# echo 'FCWW''MOFSTZ'
FCWWMOFSTZ
root@arm:~# MARKER='CBCJ''VAEJZV' run 'xxd -p /proc/device-tree/ocp/interconnect\\@48000000/segment\@100000/target-module\@9c000/i2c\@0/pmic\@30/regulators/regulaator-vouts1/regulator-oc-warn-microamp'
CBCJVAEJZV00055730
CBCJVAEJZV 0
root@arm:~# echo 'VCJP''OLJQKT'
VCJPOLJQKT
root@arm:~# MARKER='UKNY''BAEBKU' run 'i2cget -y -f 2 0x30 0x5f'
UKNYBAEBKU0x07
UKNYBAEBKU 0
root@arm:~# echo 'HGSA''HHLKTC'
HGSAHHLKTC
root@arm:~# MARKER='GQFL''FGFXBF' run 'grep -r -l rohm,bd9576 /proc/device-tree || sed '"'"'s![^/]*$!!'"'"''
GQFLFGFXBF/proc/device-tree/ocp/interconnect@48000000/segment@100000/target-module@9c000/i2c@0/pmic@30/
GQFLFGFXBF 0
root@arm:~# echo 'ZSPQ''OXFEZF'
ZSPQOXFEZF
root@arm:~# MARKER='SAGP''QQBLVO' run 'xxd -p /proc/device-tree/ocp/interconnect\\@48000000/segment\@100000/target-module\@9c000/i2c\@0/pmic\@30/regulators/regulaator-vouts1/regulator-oc-protection-microamp'
SAGPQQBLVO00149970
SAGPQQBLVO 0
root@arm:~# echo 'PCHU''MJTCQO'
PCHUMJTCQO
root@arm:~# MARKER='BABY''SNZGME' run 'i2cget -y -f 2 0x30 0x60'
BABYSNZGME0x1b
BABYSNZGME 0
root@arm:~# Labgrid Console Logfile for main
Logfile started at 2024-11-21 08:19:05.468942
=== Log starts here ===
reading args
spl_load_image_fat_os: error reading image args, err - -1
reading u-boot.img
reading u-boot.img


U-Boot 2014.04-00014-g47880f5 (Apr 22 2014 - 13:23:54)

I2C:   ready
DRAM:  512 MiB
NAND:  0 MiB
MMC:   OMAP SD/MMC: 0, OMAP SD/MMC: 1
*** Warning - readenv() failed, using default environment

Net:   <ethaddr> not set. Validating first E-fuse MAC
cpsw, usb_ether
Hit any key to stop autoboot:  1  0 
gpio: pin 53 (gpio 53) value is 1
mmc0 is current device
gpio: pin 54 (gpio 54) value is 1
SD/MMC found on device 0
reading uEnv.txt
569 bytes read in 4 ms (138.7 KiB/s)
gpio: pin 55 (gpio 55) value is 1
Loaded environment from uEnv.txt
Importing environment from mmc ...
Checking if uenvcmd is set ...
gpio: pin 56 (gpio 56) value is 1
Running uenvcmd ...
cpsw Waiting for PHY auto negotiation to complete. done
link up on port 0, speed 100, full duplex
Using cpsw device
TFTP from server 192.168.255.126; our IP address is 192.168.255.1
Filename 'zImage'.
Load address: 0x81000000
Loading: *#################################################################
	 #################################################################
	 #################################################################
	 #################################################################
	 #################################################################
	 #####################################################
	 2.4 MiB/s
done
Bytes transferred = 5534768 (547430 hex)
link up on port 0, speed 100, full duplex
Using cpsw device
TFTP from server 192.168.255.126; our IP address is 192.168.255.1
Filename 'am335x-boneblack.dtb'.
Load address: 0x82000000
Loading: *#######
	 2.2 MiB/s
done
Bytes transferred = 98244 (17fc4 hex)
Kernel image @ 0x81000000 [ 0x000000 - 0x547430 ]
## Flattened Device Tree blob at 82000000
   Booting using the fdt blob at 0x82000000
   Using Device Tree in place at 82000000, end 8201afc3

Starting kernel ...

[    0.000000] Booting Linux on physical CPU 0x0
[    0.000000] Linux version 6.12.0-next-20241121 (user01@drvtest01) (arm-linux-gnueabihf-gcc (Linaro GCC 6.4-2017.11) 6.4.1 20171012, GNU ld (Linaro_Binutils-2017.11) 2.27.0.20161229) #142 SMP Thu Nov 21 08:13:24 EET 2024
[    0.000000] CPU: ARMv7 Processor [413fc082] revision 2 (ARMv7), cr=10c5387d
[    0.000000] CPU: PIPT / VIPT nonaliasing data cache, VIPT aliasing instruction cache
[    0.000000] OF: fdt: Machine model: TI AM335x BeagleBone Black
[    0.000000] Memory policy: Data cache writeback
[    0.000000] cma: Reserved 16 MiB at 0x9e800000 on node -1
[    0.000000] Zone ranges:
[    0.000000]   Normal   [mem 0x0000000080000000-0x000000009fdfffff]
[    0.000000]   HighMem  empty
[    0.000000] Movable zone start for each node
[    0.000000] Early memory node ranges
[    0.000000]   node   0: [mem 0x0000000080000000-0x000000009fdfffff]
[    0.000000] Initmem setup node 0 [mem 0x0000000080000000-0x000000009fdfffff]
[    0.000000] OF: reserved mem: Reserved memory: No reserved-memory node in the DT
[    0.000000] CPU: All CPU(s) started in SVC mode.
[    0.000000] AM335X ES2.1 (sgx neon)
[    0.000000] percpu: Embedded 17 pages/cpu s39564 r8192 d21876 u69632
[    0.000000] Kernel command line: console=ttyO0,115200n8 root=/dev/nfs rw nfsroot=192.168.255.126:/home/user01/nfs,nfsvers=3 ip=192.168.255.1:192.168.255.126::255.255.255.0:bbb1:eth0 nfsrootdebug
[    0.000000] Unknown kernel command line parameters "nfsrootdebug", will be passed to user space.
[    0.000000] printk: log buffer data + meta data: 65536 + 204800 = 270336 bytes
[    0.000000] Dentry cache hash table entries: 65536 (order: 6, 262144 bytes, linear)
[    0.000000] Inode-cache hash table entries: 32768 (order: 5, 131072 bytes, linear)
[    0.000000] Built 1 zonelists, mobility grouping on.  Total pages: 130560
[    0.000000] mem auto-init: stack:off, heap alloc:off, heap free:off
[    0.000000] SLUB: HWalign=64, Order=0-3, MinObjects=0, CPUs=1, Nodes=1
[    0.000000] trace event string verifier disabled
[    0.000000] rcu: Hierarchical RCU implementation.
[    0.000000] rcu: 	RCU event tracing is enabled.
[    0.000000] rcu: 	RCU restricting CPUs from NR_CPUS=2 to nr_cpu_ids=1.
[    0.000000] 	Tracing variant of Tasks RCU enabled.
[    0.000000] rcu: RCU calculated value of scheduler-enlistment delay is 10 jiffies.
[    0.000000] rcu: Adjusting geometry for rcu_fanout_leaf=16, nr_cpu_ids=1
[    0.000000] RCU Tasks Trace: Setting shift to 0 and lim to 1 rcu_task_cb_adjust=1 rcu_task_cpu_ids=1.
[    0.000000] NR_IRQS: 16, nr_irqs: 16, preallocated irqs: 16
[    0.000000] IRQ: Found an INTC at 0x(ptrval) (revision 5.0) with 128 interrupts
[    0.000000] rcu: srcu_init: Setting srcu_struct sizes based on contention.
[    0.000000] TI gptimer clocksource: always-on /ocp/interconnect@44c00000/segment@200000/target-module@31000
[    0.000002] sched_clock: 32 bits at 24MHz, resolution 41ns, wraps every 89478484971ns
[    0.000026] clocksource: dmtimer: mask: 0xffffffff max_cycles: 0xffffffff, max_idle_ns: 79635851949 ns
[    0.000507] TI gptimer clockevent: 24000000 Hz at /ocp/interconnect@48000000/segment@0/target-module@40000
[    0.002151] Console: colour dummy device 80x30
[    0.002216] WARNING: Your 'console=ttyO0' has been replaced by 'ttyS0'
[    0.002225] This ensures that you still see kernel messages. Please
[    0.002229] update your kernel commandline.
[    0.002272] Calibrating delay loop... 996.14 BogoMIPS (lpj=4980736)
[    0.090555] CPU: Testing write buffer coherency: ok
[    0.090676] CPU0: Spectre v2: using BPIALL workaround
[    0.090687] pid_max: default: 32768 minimum: 301
[    0.090810] LSM: initializing lsm=capability
[    0.090983] Mount-cache hash table entries: 1024 (order: 0, 4096 bytes, linear)
[    0.091005] Mountpoint-cache hash table entries: 1024 (order: 0, 4096 bytes, linear)
[    0.092695] CPU0: thread -1, cpu 0, socket -1, mpidr 0
[    0.160955] Setting up static identity map for 0x80100000 - 0x80100078
[    0.170714] rcu: Hierarchical SRCU implementation.
[    0.170727] rcu: 	Max phase no-delay instances is 1000.
[    0.190769] smp: Bringing up secondary CPUs ...
[    0.190828] smp: Brought up 1 node, 1 CPU
[    0.190842] SMP: Total of 1 processors activated (996.14 BogoMIPS).
[    0.190854] CPU: All CPU(s) started in SVC mode.
[    0.191047] Memory: 480840K/522240K available (11264K kernel code, 1213K rwdata, 2896K rodata, 1024K init, 297K bss, 23388K reserved, 16384K cma-reserved, 0K highmem)
[    0.191925] devtmpfs: initialized
[    0.208873] VFP support v0.3: implementor 41 architecture 3 part 30 variant c rev 3
[    0.209229] clocksource: jiffies: mask: 0xffffffff max_cycles: 0xffffffff, max_idle_ns: 19112604462750000 ns
[    0.209263] futex hash table entries: 256 (order: 2, 16384 bytes, linear)
[    0.210537] pinctrl core: initialized pinctrl subsystem
[    0.213568] NET: Registered PF_NETLINK/PF_ROUTE protocol family
[    0.216403] DMA: preallocated 256 KiB pool for atomic coherent allocations
[    0.217304] audit: initializing netlink subsys (disabled)
[    0.218775] thermal_sys: Registered thermal governor 'fair_share'
[    0.218792] thermal_sys: Registered thermal governor 'step_wise'
[    0.218802] thermal_sys: Registered thermal governor 'user_space'
[    0.218958] audit: type=2000 audit(0.210:1): state=initialized audit_enabled=0 res=1
[    0.218995] cpuidle: using governor menu
[    0.237412] /ocp/interconnect@44c00000/segment@200000/target-module@b000/i2c@0/tda19988@70: Fixed dependency cycle(s) with /ocp/interconnect@48000000/segment@300000/target-module@e000/lcdc@0
[    0.238563] /ocp/interconnect@48000000/segment@300000/target-module@e000/lcdc@0: Fixed dependency cycle(s) with /ocp/interconnect@44c00000/segment@200000/target-module@b000/i2c@0/tda19988@70
[    0.240911] No ATAGs?
[    0.240932] hw-breakpoint: debug architecture 0x4 unsupported.
[    0.243707] kprobes: kprobe jump-optimization is enabled. All kprobes are optimized if possible.
[    0.254403] iommu: Default domain type: Translated
[    0.254428] iommu: DMA domain TLB invalidation policy: strict mode
[    0.262775] SCSI subsystem initialized
[    0.263645] pps_core: LinuxPPS API ver. 1 registered
[    0.263655] pps_core: Software ver. 5.3.6 - Copyright 2005-2007 Rodolfo Giometti <giometti@linux.it>
[    0.263679] PTP clock support registered
[    0.271269] vgaarb: loaded
[    0.271682] clocksource: Switched to clocksource dmtimer
[    0.272355] VFS: Disk quotas dquot_6.6.0
[    0.272402] VFS: Dquot-cache hash table entries: 1024 (order 0, 4096 bytes)
[    0.296669] NET: Registered PF_INET protocol family
[    0.297041] IP idents hash table entries: 8192 (order: 4, 65536 bytes, linear)
[    0.298464] tcp_listen_portaddr_hash hash table entries: 512 (order: 0, 4096 bytes, linear)
[    0.298503] Table-perturb hash table entries: 65536 (order: 6, 262144 bytes, linear)
[    0.298519] TCP established hash table entries: 4096 (order: 2, 16384 bytes, linear)
[    0.298562] TCP bind hash table entries: 4096 (order: 4, 65536 bytes, linear)
[    0.298662] TCP: Hash tables configured (established 4096 bind 4096)
[    0.298780] UDP hash table entries: 256 (order: 1, 14336 bytes, linear)
[    0.298820] UDP-Lite hash table entries: 256 (order: 1, 14336 bytes, linear)
[    0.299008] NET: Registered PF_UNIX/PF_LOCAL protocol family
[    0.302394] RPC: Registered named UNIX socket transport module.
[    0.302418] RPC: Registered udp transport module.
[    0.302425] RPC: Registered tcp transport module.
[    0.302431] RPC: Registered tcp-with-tls transport module.
[    0.302436] RPC: Registered tcp NFSv4.1 backchannel transport module.
[    0.302462] PCI: CLS 0 bytes, default 64
[    0.303952] Initialise system trusted keyrings
[    0.312042] workingset: timestamp_bits=14 max_order=17 bucket_order=3
[    0.313389] NFS: Registering the id_resolver key type
[    0.313460] Key type id_resolver registered
[    0.313468] Key type id_legacy registered
[    0.313520] jffs2: version 2.2. (NAND) (SUMMARY)  Â© 2001-2006 Red Hat, Inc.
[    0.313941] Key type asymmetric registered
[    0.313957] Asymmetric key parser 'x509' registered
[    0.314024] io scheduler mq-deadline registered
[    0.314035] io scheduler kyber registered
[    0.314108] io scheduler bfq registered
[    0.315744] ledtrig-cpu: registered to indicate activity on CPUs
[    0.322348] Serial: 8250/16550 driver, 6 ports, IRQ sharing enabled
[    0.375240] brd: module loaded
[    0.397348] loop: module loaded
[    0.398284] mtdoops: mtd device (mtddev=name/number) must be supplied
[    0.401417] i2c_dev: i2c /dev entries driver
[    0.402601] cpuidle: enable-method property 'ti,am3352' found operations
[    0.403053] sdhci: Secure Digital Host Controller Interface driver
[    0.403063] sdhci: Copyright(c) Pierre Ossman
[    0.403236] sdhci-pltfm: SDHCI platform and OF driver helper
[    0.404249] Initializing XFRM netlink socket
[    0.404399] NET: Registered PF_INET6 protocol family
[    0.406451] Segment Routing with IPv6
[    0.406542] In-situ OAM (IOAM) with IPv6
[    0.406642] sit: IPv6, IPv4 and MPLS over IPv4 tunneling driver
[    0.407597] NET: Registered PF_PACKET protocol family
[    0.407631] NET: Registered PF_KEY protocol family
[    0.407760] Key type dns_resolver registered
[    0.408029] ThumbEE CPU extension supported.
[    0.408050] Registering SWP/SWPB emulation handler
[    0.408591] omap_voltage_late_init: Voltage driver support not added
[    0.408945] SmartReflex Class3 initialized
[    0.443674] Loading compiled-in X.509 certificates
[    0.491397] /ocp/interconnect@44c00000/segment@200000/target-module@b000/i2c@0/tda19988@70: Fixed dependency cycle(s) with /ocp/interconnect@48000000/segment@300000/target-module@e000/lcdc@0
[    0.498037] /ocp/interconnect@44c00000/segment@200000/target-module@b000/i2c@0/tda19988@70: Fixed dependency cycle(s) with /ocp/interconnect@48000000/segment@300000/target-module@e000/lcdc@0
[    0.527750] /ocp/interconnect@44c00000/segment@200000/target-module@b000/i2c@0/tda19988@70: Fixed dependency cycle(s) with /ocp/interconnect@48000000/segment@300000/target-module@e000/lcdc@0
[    0.528666] /ocp/interconnect@44c00000/segment@200000/target-module@b000/i2c@0/tda19988@70: Fixed dependency cycle(s) with /ocp/interconnect@48000000/segment@300000/target-module@e000/lcdc@0
[    0.532353] /ocp/interconnect@44c00000/segment@200000/target-module@10000/scm@0/pinmux@800: Fixed dependency cycle(s) with /ocp/interconnect@44c00000/segment@200000/target-module@10000/scm@0/pinmux@800/clkout2-pins
[    0.532956] pinctrl-single 44e10800.pinmux: 142 pins, size 568
[    0.538134] ti-sysc 44e31000.target-module: probe with driver ti-sysc failed with error -16
[    0.570021] /ocp/interconnect@48000000/segment@300000/target-module@e000/lcdc@0: Fixed dependency cycle(s) with /ocp/interconnect@44c00000/segment@200000/target-module@b000/i2c@0/tda19988@70
[    0.578126] ti-sysc 48040000.target-module: probe with driver ti-sysc failed with error -16
[    0.630464] OMAP GPIO hardware version 0.1
[    0.655069] omap_i2c 4819c000.i2c: bus 2 rev0.11 at 100 kHz
[    0.684299] 48000000.interconnect:segment@200000:target-module@0:mpu@0:fck: device ID is greater than 24
[    0.685199] /ocp/interconnect@48000000/segment@300000/target-module@e000/lcdc@0: Fixed dependency cycle(s) with /ocp/interconnect@44c00000/segment@200000/target-module@b000/i2c@0/tda19988@70
[    0.687999] /ocp/interconnect@48000000/segment@300000/target-module@e000/lcdc@0: Fixed dependency cycle(s) with /ocp/interconnect@44c00000/segment@200000/target-module@b000/i2c@0/tda19988@70
[    0.688692] /ocp/interconnect@44c00000/segment@200000/target-module@b000/i2c@0/tda19988@70: Fixed dependency cycle(s) with /ocp/interco nnect@48000000/segment@300000/target-module@e000/lcdc@0
[     0.688852] /ocp/interconnect@48000000/segment@300000/target-module@e000/lcdc@0: Fixed dependency cycle(s) with /ocp/interconnect@44c00000/segment@200000/target-module@b000/i2c@0/tda19988@70
[    version 1.2
[    2.526325] /ocp/interconnect@48000000/segment@300000/target-module@e000/lcdc@0: Fixed dependency cycle(s) with /ocp/interconnect@44c00000/segment@200000/target-module@b000/i2c@0/tda19988@70
[    2.543705] /ocp/interconnect@44c00000/segment@200000/target-module@b000/i2c@0/tda19988@70: Fixed dependency cycle(s) with /ocp/interconnect@48000000/segment@300000/target-module@e000/lcdc@0
[    2.561072] omap_i2c 44e0b000.i2c: bus 0 rev0.11 at 400 kHz
[    2.569136] omap_gpio 44e07000.gpio: Could not set line 6 debounce to 200000 microseconds (-22)
[    2.578020] sdhci-omap 48060000.mmc: Got CD GPIO
[    2.583063] sdhci-omap 48060000.mmc: supply pbias not found, using dummy regulator
[    2.593530] sdhci-omap 48060000.mmc: supply vqmmc not found, using dummy regulator
[    2.602354] sdhci-omap 481d8000.mmc: supply pbias not found, using dummy regulator
[    2.610343] sdhci-omap 481d8000.mmc: supply vqmmc not found, using dummy regulator
[    2.649273] mmc1: SDHCI controller on 481d8000.mmc [481d8000.mmc] using External DMA
[    2.658554] mmc0: SDHCI controller on 48060000.mmc [48060000.mmc] using External DMA
[    2.667187] cpsw-switch 4a100000.switch: starting ndev. mode: dual_mac
[    2.711003] mmc0: new high speed SDHC card at address 5048
[    2.718117] mmcblk0: mmc0:5048 SD16G 14.4 GiB
[    2.726282]  mmcblk0: p1 p2
[    2.729710] mmcblk0: p2 size 31221760 extends beyond EOD, truncated
[    2.742930] SMSC LAN8710/LAN8720 4a101000.mdio:00: attached PHY driver (mii_bus:phy_addr=4a101000.mdio:00, irq=POLL)
[    2.755626] mmc1: new high speed MMC card at address 0001
[    2.762627] mmcblk1: mmc1:0001 MMC04G 3.60 GiB
[    2.774249]  mmcblk1: p1 p2
[    2.778527] mmcblk1boot0: mmc1:0001 MMC04G 2.00 MiB
[    2.785869] mmcblk1boot1: mmc1:0001 MMC04G 2.00 MiB
[    2.793294] mmcblk1rpmb: mmc1:0001 MMC04G 128 KiB, chardev (250:0)
[    5.922457] cpsw-switch 4a100000.switch eth0: Link is Up - 100Mbps/Full - flow control off
[    5.951704] IP-Config: Complete:
[    5.954980]      device=eth0, hwaddr=6c:ec:eb:68:de:78, ipaddr=192.168.255.1, mask=255.255.255.0, gw=255.255.255.255
[    5.965621]      host=bbb1, domain=, nis-domain=(none)
[    5.970789]      bootserver=192.168.255.126, rootserver=192.168.255.126, rootpath=
[    5.971210] clk: Disabling unused clocks
[    5.983098] PM: genpd: Disabling unused power domains
[    5.988219] KTAP version 1
[    5.990940] 1..0
[    6.016553] VFS: Mounted root (nfs filesystem) on device 0:17.
[    6.023714] devtmpfs: mounted
[    6.028381] Freeing unused kernel image (initmem) memory: 1024K
[    6.035244] Run /sbin/init as init process
[    6.749245] systemd[1]: System time before build time, advancing clock.
[    8.201705] random: crng init done
[    8.242941] systemd[1]: systemd 232 running in system mode. (+PAM +AUDIT +SELINUX +IMA +APPARMOR +SMACK +SYSVINIT +UTMP +LIBCRYPTSETUP +GCRYPT +GNUTLS +ACL +XZ +LZ4 +SECCOMP +BLKID +ELFUTILS +KMOD +IDN)
[    8.262158] systemd[1]: Detected architecture arm.

Welcome to [1mDebian GNU/Linux 9 (stretch)[0m!

[    8.294845] systemd[1]: Set hostname to <arm>.
[    9.397906] systemd[1]: Listening on Journal Audit Socket.
[[0;32m  OK  [0m] Listening on Journal Audit Socket.
[    9.423745] systemd[1]: Listening on udev Control Socket.
[[0;32m  OK  [0m] Listening on udev Control Socket.
[    9.453574] systemd[1]: Listening on Syslog Socket.
[[0;32m  OK  [0m] Listening on Syslog Socket.
[    9.482365] systemd[1]: Listening on udev Kernel Socket.
[[0;32m  OK  [0m] Listening on udev Kernel Socket.
[    9.512091] systemd[1]: Reached target Swap.
[[0;32m  OK  [0m] Reached target Swap.
[    9.532541] systemd[1]: Listening on Journal Socket.
[[0;32m  OK  [0m] Listening on Journal Socket.
[    9.563304] systemd[1]: Created slice User and Session Slice.
[[0;32m  OK  [0m] Created slice User and Session Slice.
[[0;32m  OK  [0m] Listening on Journal Socket (/dev/log).
[[0;32m  OK  [0m] Set up automount Arbitrary Executabâ€¦rmats File System Automount Point.
[[0;32m  OK  [0m] Started Forward Password Requests to Wall Directory Watch.
[[0;32m  OK  [0m] Created slice System Slice.
         Starting Create list of required stâ€¦ce nodes for the current kernel...
         Starting Remount Root and Kernel File Systems...
[[0;32m  OK  [0m] Created slice system-getty.slice.
         Mounting Debug File System...
         Starting Journal Service...
[[0;32m  OK  [0m] Created slice system-serial\x2dgetty.slice.
         Mounting POSIX Message Queue File System...
[[0;32m  OK  [0m] Listening on /dev/initctl Compatibility Named Pipe.
         Starting Load Kernel Modules...
[[0;32m  OK  [0m] Reached target Remote File Systems.
[[0;32m  OK  [0m] Reached target Slices.
[[0;32m  OK  [0m] Started Dispatch Password Requests to Console Directory Watch.
[[0;32m  OK  [0m] Reached target Paths.
[[0;32m  OK  [0m] Reached target Encrypted Volumes.
[[0;32m  OK  [0m] Mounted POSIX Message Queue File System.
[[0;32m  OK  [0m] Mounted Debug File System.
[[0;32m  OK  [0m] Started Create list of required staâ€¦vice nodes for the current kernel.
[[0;32m  OK  [0m] Started Remount Root and Kernel File Systems.
         Starting udev Coldplug all Devices...
         Starting Load/Save Random Seed...
         Starting Create Static Device Nodes in /dev...
[[0;32m  OK  [0m] Started Load Kernel Modules.
         Mounting Configuration File System...
         Starting Apply Kernel Variables...
[[0;32m  OK  [0m] Mounted Configuration File System.
[[0;32m  OK  [0m] Started Load/Save Random Seed.
[[0;32m  OK  [0m] Started Apply Kernel Variables.
[[0;32m  OK  [0m] Started Create Static Device Nodes in /dev.
         Starting udev Kernel Device Manager...
[[0;32m  OK  [0m] Reached target Local File Systems (Pre).
[[0;32m  OK  [0m] Reached target Local File Systems.
         Starting Raise network interfaces...
[[0;32m  OK  [0m] Started Journal Service.
         Starting Flush Journal to Persistent Storage...
[   11.872431] systemd-journald[88]: Received request to flush runtime journal from PID 1
[[0;32m  OK  [0m] Started Flush Journal to Persistent Storage.
         Starting Create Volatile Files and Directories...
[[0;32m  OK  [0m] Started udev Kernel Device Manager.
[[0;32m  OK  [0m] Started Create Volatile Files and Directories.
         Starting Update UTMP about System Boot/Shutdown...
         Starting Network Time Synchronization...
[[0;32m  OK  [0m] Started Update UTMP about System Boot/Shutdown.
[[0;32m  OK  [0m] Started udev Coldplug all Devices.
[   15.076575] am335x-phy-driver 47401300.usb-phy: dummy supplies not allowed for exclusive requests (id=vbus)
[   15.116396] remoteproc remoteproc0: wkup_m3 is available
[   15.158536] usbcore: registered new interface driver usbfs
[   15.164369] usbcore: registered new interface driver hub
[   15.169818] usbcore: registered new device driver usb
[   15.233313] am335x-phy-driver 47401b00.usb-phy: dummy supplies not allowed for exclusive requests (id=vbus)
[[0;32m  OK  [0m] Found device /dev/ttyS0.
[   15.606547] tps6521x_pwrbutton tps65217-pwrbutton: DMA mask not set
[   15.675178] at24 2-0054: supply vcc not found, using dummy regulator
[   15.730686] input: tps65217_pwrbutton as /devices/platform/ocp/44c00000.interconnect/44c00000.interconnect:segment@200000/44e0b000.target-module/44e0b000.i2c/i2c-0/0-0024/tps65217-pwrbutton/input/input0
[   15.782774] musb-hdrc musb-hdrc.1: MUSB HDRC host driver
[   15.788207] musb-hdrc musb-hdrc.1: new USB bus registered, assigned bus number 1
[   15.796496] at24 2-0055: supply vcc not found, using dummy regulator
[   15.896626] at24 2-0056: supply vcc not found, using dummy regulator
[   15.967674] at24 2-0057: supply vcc not found, using dummy regulator
[   16.002436] usb usb1: New USB device found, idVendor=1d6b, idProduct=0002, bcdDevice= 6.12
[   16.010801] usb usb1: New USB device strings: Mfr=3, Product=2, SerialNumber=1
[   16.018179] usb usb1: Product: MUSB HDRC host driver
[   16.023226] usb usb1: Manufacturer: Linux 6.12.0-next-20241121 musb-hcd
[   16.029877] usb usb1: SerialNumber: musb-hdrc.1
[   16.076967] at24 0-0050: 32768 byte 24c256 EEPROM, writable, 1 bytes/write
[   16.300177] wkup_m3_ipc 44e11324.wkup_m3_ipc: IPC Request for A8->M3 Channel failed! -517
[   16.346623] hub 1-0:1.0: USB hub found
[   16.398112] omap_rtc 44e3e000.rtc: registered as rtc0
[   16.403493] omap_rtc 44e3e000.rtc: setting system clock to 2000-01-01T00:00:00 UTC (946684800)
[   16.414910] wkup_m3_ipc 44e11324.wkup_m3_ipc: IPC Request for A8->M3 Channel failed! -517
[   16.443372] hub 1-0:1.0: 1 port detected
