Labgrid Console Logfile for main
Logfile started at 2025-09-29 01:18:44.499051
=== Log starts here ===
reading args
spl_load_image_fat_os: error reading image args, err - -1
reading u-boot.img
reading u-boot.img


U-Boot 2014.04-00014-g47880f5 (Apr 22 2014 - 13:23:54)

I2C:   ready
DRAM:  512 MiB
NAND:  0 MiB
MMC:   OMAP SD/MMC: 0, OMAP SD/MMC: 1
*** Warning - readenv() failed, using default environment

Net:   <ethaddr> not set. Validating first E-fuse MAC
cpsw, usb_ether
Hit any key to stop autoboot:  1  0 
gpio: pin 53 (gpio 53) value is 1
mmc0 is current device
gpio: pin 54 (gpio 54) value is 1
SD/MMC found on device 0
reading uEnv.txt
569 bytes read in 4 ms (138.7 KiB/s)
gpio: pin 55 (gpio 55) value is 1
Loaded environment from uEnv.txt
Importing environment from mmc ...
Checking if uenvcmd is set ...
gpio: pin 56 (gpio 56) value is 1
Running uenvcmd ...
cpsw Waiting for PHY auto negotiation to complete. done
link up on port 0, speed 100, full duplex
Using cpsw device
TFTP from server 192.168.255.126; our IP address is 192.168.255.1
Filename 'zImage'.
Load address: 0x81000000
Loading: *#################################################################
	 #################################################################
	 #################################################################
	 #################################################################
	 #################################################################
	 ############################################################
	 2.4 MiB/s
done
Bytes transferred = 5645992 (5626a8 hex)
link up on port 0, speed 100, full duplex
Using cpsw device
TFTP from server 192.168.255.126; our IP address is 192.168.255.1
Filename 'am335x-boneblack.dtb'.
Load address: 0x82000000
Loading: *#######
	 2.3 MiB/s
done
Bytes transferred = 98244 (17fc4 hex)
Kernel image @ 0x81000000 [ 0x000000 - 0x5626a8 ]
## Flattened Device Tree blob at 82000000
   Booting using the fdt blob at 0x82000000
   Using Device Tree in place at 82000000, end 8201afc3

Starting kernel ...

[    0.000000] Booting Linux on physical CPU 0x0
[    0.000000] Linux version 6.17.0 (user01@drvtest01) (arm-none-eabi-gcc (Arm GNU Toolchain 14.2.Rel1 (Build arm-14.52)) 14.2.1 20241119, GNU ld (Arm GNU Toolchain 14.2.Rel1 (Build arm-14.52)) 2.43.1.20241119) #1 SMP Mon Sep 29 01:17:26 EEST 2025
[    0.000000] CPU: ARMv7 Processor [413fc082] revision 2 (ARMv7), cr=10c5387d
[    0.000000] CPU: PIPT / VIPT nonaliasing data cache, VIPT aliasing instruction cache
[    0.000000] OF: fdt: Machine model: TI AM335x BeagleBone Black
[    0.000000] Memory policy: Data cache writeback
[    0.000000] cma: Reserved 16 MiB at 0x9e800000
[    0.000000] Zone ranges:
[    0.000000]   Normal   [mem 0x0000000080000000-0x000000009fdfffff]
[    0.000000]   HighMem  empty
[    0.000000] Movable zone start for each node
[    0.000000] Early memory node ranges
[    0.000000]   node   0: [mem 0x0000000080000000-0x000000009fdfffff]
[    0.000000] Initmem setup node 0 [mem 0x0000000080000000-0x000000009fdfffff]
[    0.000000] On node 0, zone Normal: 512 pages in unavailable ranges
[    0.000000] OF: reserved mem: Reserved memory: No reserved-memory node in the DT
[    0.000000] CPU: All CPU(s) started in SVC mode.
[    0.000000] AM335X ES2.1 (sgx neon)
[    0.000000] percpu: Embedded 17 pages/cpu s39820 r8192 d21620 u69632
[    0.000000] Kernel command line: console=ttyO0,115200n8 root=/dev/nfs rw nfsroot=192.168.255.126:/home/user01/nfs,nfsvers=3 ip=192.168.255.1:192.168.255.126::255.255.255.0:bbb1:eth0 nfsrootdebug
[    0.000000] Unknown kernel command line parameters "nfsrootdebug", will be passed to user space.
[    0.000000] printk: log buffer data + meta data: 65536 + 204800 = 270336 bytes
[    0.000000] Dentry cache hash table entries: 65536 (order: 6, 262144 bytes, linear)
[    0.000000] Inode-cache hash table entries: 32768 (order: 5, 131072 bytes, linear)
[    0.000000] Built 1 zonelists, mobility grouping on.  Total pages: 130560
[    0.000000] mem auto-init: stack:off, heap alloc:off, heap free:off
[    0.000000] SLUB: HWalign=16, Order=0-3, MinObjects=0, CPUs=1, Nodes=1
[    0.000000] rcu: Hierarchical RCU implementation.
[    0.000000] rcu: 	RCU event tracing is enabled.
[    0.000000] rcu: 	RCU restricting CPUs from NR_CPUS=2 to nr_cpu_ids=1.
[    0.000000] 	Tracing variant of Tasks RCU enabled.
[    0.000000] rcu: RCU calculated value of scheduler-enlistment delay is 10 jiffies.
[    0.000000] rcu: Adjusting geometry for rcu_fanout_leaf=16, nr_cpu_ids=1
[    0.000000] RCU Tasks Trace: Setting shift to 0 and lim to 1 rcu_task_cb_adjust=1 rcu_task_cpu_ids=1.
[    0.000000] NR_IRQS: 16, nr_irqs: 16, preallocated irqs: 16
[    0.000000] IRQ: Found an INTC at 0x(ptrval) (revision 5.0) with 128 interrupts
[    0.000000] rcu: srcu_init: Setting srcu_struct sizes based on contention.
[    0.000000] TI gptimer clocksource: always-on /ocp/interconnect@44c00000/segment@200000/target-module@31000
[    0.000003] sched_clock: 32 bits at 24MHz, resolution 41ns, wraps every 89478484971ns
[    0.000026] clocksource: dmtimer: mask: 0xffffffff max_cycles: 0xffffffff, max_idle_ns: 79635851949 ns
[    0.000522] TI gptimer clockevent: 24000000 Hz at /ocp/interconnect@48000000/segment@0/target-module@40000
[    0.002137] Console: colour dummy device 80x30
[    0.002203] WARNING: Your 'console=ttyO0' has been replaced by 'ttyS0'
[    0.002211] This ensures that you still see kernel messages. Please
[    0.002216] update your kernel commandline.
[    0.002259] Calibrating delay loop... 996.14 BogoMIPS (lpj=4980736)
[    0.090569] CPU: Testing write buffer coherency: ok
[    0.090679] CPU0: Spectre v2: using BPIALL workaround
[    0.090689] pid_max: default: 32768 minimum: 301
[    0.090842] LSM: initializing lsm=capability
[    0.091012] Mount-cache hash table entries: 1024 (order: 0, 4096 bytes, linear)
[    0.091031] Mountpoint-cache hash table entries: 1024 (order: 0, 4096 bytes, linear)
[    0.092599] CPU0: thread -1, cpu 0, socket -1, mpidr 0
[    0.092658] cacheinfo: Unable to detect cache hierarchy for CPU 0
[    0.094685] Setting up static identity map for 0x80100000 - 0x80100078
[    0.094990] rcu: Hierarchical SRCU implementation.
[    0.095001] rcu: 	Max phase no-delay instances is 1000.
[    0.096716] smp: Bringing up secondary CPUs ...
[    0.096768] smp: Brought up 1 node, 1 CPU
[    0.096782] SMP: Total of 1 processors activated (996.14 BogoMIPS).
[    0.096793] CPU: All CPU(s) started in SVC mode.
[    0.096990] Memory: 480856K/522240K available (11264K kernel code, 1218K rwdata, 2936K rodata, 1024K init, 253K bss, 23352K reserved, 16384K cma-reserved, 0K highmem)
[    0.097799] devtmpfs: initialized
[    0.114984] VFP support v0.3: implementor 41 architecture 3 part 30 variant c rev 3
[    0.115635] clocksource: jiffies: mask: 0xffffffff max_cycles: 0xffffffff, max_idle_ns: 19112604462750000 ns
[    0.115691] posixtimers hash table entries: 512 (order: 0, 4096 bytes, linear)
[    0.115718] futex hash table entries: 256 (16384 bytes on 1 NUMA nodes, total 16 KiB, linear).
[    0.116843] pinctrl core: initialized pinctrl subsystem
[    0.118993] NET: Registered PF_NETLINK/PF_ROUTE protocol family
[    0.122157] DMA: preallocated 256 KiB pool for atomic coherent allocations
[    0.122769] audit: initializing netlink subsys (disabled)
[    0.124098] thermal_sys: Registered thermal governor 'fair_share'
[    0.124113] thermal_sys: Registered thermal governor 'step_wise'
[    0.124122] thermal_sys: Registered thermal governor 'user_space'
[    0.124231] audit: type=2000 audit(0.120:1): state=initialized audit_enabled=0 res=1
[    0.124306] cpuidle: using governor menu
[    0.142550] /ocp/interconnect@44c00000/segment@200000/target-module@b000/i2c@0/tda19988@70: Fixed dependency cycle(s) with /ocp/interconnect@48000000/segment@300000/target-module@e000/lcdc@0
[    0.143675] /ocp/interconnect@48000000/segment@300000/target-module@e000/lcdc@0: Fixed dependency cycle(s) with /ocp/interconnect@44c00000/segment@200000/target-module@b000/i2c@0/tda19988@70
[    0.145918] No ATAGs?
[    0.145961] hw-breakpoint: debug architecture 0x4 unsupported.
[    0.149096] kprobes: kprobe jump-optimization is enabled. All kprobes are optimized if possible.
[    0.163848] iommu: Default domain type: Translated
[    0.163871] iommu: DMA domain TLB invalidation policy: strict mode
[    0.166667] SCSI subsystem initialized
[    0.167500] pps_core: LinuxPPS API ver. 1 registered
[    0.167511] pps_core: Software ver. 5.3.6 - Copyright 2005-2007 Rodolfo Giometti <giometti@linux.it>
[    0.167534] PTP clock support registered
[    0.171140] vgaarb: loaded
[    0.171501] clocksource: Switched to clocksource dmtimer
[    0.172170] VFS: Disk quotas dquot_6.6.0
[    0.172225] VFS: Dquot-cache hash table entries: 1024 (order 0, 4096 bytes)
[    0.204452] NET: Registered PF_INET protocol family
[    0.204794] IP idents hash table entries: 8192 (order: 4, 65536 bytes, linear)
[    0.206205] tcp_listen_portaddr_hash hash table entries: 512 (order: 0, 4096 bytes, linear)
[    0.206241] Table-perturb hash table entries: 65536 (order: 6, 262144 bytes, linear)
[    0.206260] TCP established hash table entries: 4096 (order: 2, 16384 bytes, linear)
[    0.206305] TCP bind hash table entries: 4096 (order: 4, 65536 bytes, linear)
[    0.206405] TCP: Hash tables configured (established 4096 bind 4096)
[    0.206527] UDP hash table entries: 256 (order: 1, 14336 bytes, linear)
[    0.206563] UDP-Lite hash table entries: 256 (order: 1, 14336 bytes, linear)
[    0.206752] NET: Registered PF_UNIX/PF_LOCAL protocol family
[    0.208019] RPC: Registered named UNIX socket transport module.
[    0.208042] RPC: Registered udp transport module.
[    0.208047] RPC: Registered tcp transport module.
[    0.208052] RPC: Registered tcp-with-tls transport module.
[    0.208057] RPC: Registered tcp NFSv4.1 backchannel transport module.
[    0.208083] PCI: CLS 0 bytes, default 64
[    0.209484] Initialise system trusted keyrings
[    0.210643] workingset: timestamp_bits=14 max_order=17 bucket_order=3
[    0.212262] NFS: Registering the id_resolver key type
[    0.212326] Key type id_resolver registered
[    0.212333] Key type id_legacy registered
[    0.212441] jffs2: version 2.2. (NAND) (SUMMARY)  Â© 2001-2006 Red Hat, Inc.
[    0.212969] Key type asymmetric registered
[    0.212985] Asymmetric key parser 'x509' registered
[    0.213059] io scheduler mq-deadline registered
[    0.213069] io scheduler kyber registered
[    0.213146] io scheduler bfq registered
[    0.223362] target-module@4b000000:target-module@140000:pmu@0:fck: device ID is greater than 24
[    0.229518] l3-aon-clkctrl:0000:0: failed to disable
[    0.229612] ledtrig-cpu: registered to indicate activity on CPUs
[    0.242132] Serial: 8250/16550 driver, 6 ports, IRQ sharing enabled
[    0.283218] brd: module loaded
[    0.300099] loop: module loaded
[    0.301033] mtdoops: mtd device (mtddev=name/number) must be supplied
[    0.315200] i2c_dev: i2c /dev entries driver
[    0.316209] cpuidle: enable-method property 'ti,am3352' found operations
[    0.316658] sdhci: Secure Digital Host Controller Interface driver
[    0.316667] sdhci: Copyright(c) Pierre Ossman
[    0.316845] sdhci-pltfm: SDHCI platform and OF driver helper
[    0.318334] hw perfevents: enabled with armv7_cortex_a8 PMU driver, 5 (8000000f) counters available
[    0.318841] Initializing XFRM netlink socket
[    0.319020] NET: Registered PF_INET6 protocol family
[    0.324683] l3-aon-clkctrl:0000:0: failed to disable
[    0.326302] Segment Routing with IPv6
[    0.326388] In-situ OAM (IOAM) with IPv6
[    0.326484] sit: IPv6, IPv4 and MPLS over IPv4 tunneling driver
[    0.327462] NET: Registered PF_PACKET protocol family
[    0.327491] NET: Registered PF_KEY protocol family
[    0.327610] Key type dns_resolver registered
[    0.327835] ThumbEE CPU extension supported.
[    0.327855] Registering SWP/SWPB emulation handler
[    0.328391] omap_voltage_late_init: Voltage driver support not added
[    0.329050] SmartReflex Class3 initialized
[    0.362845] Loading compiled-in X.509 certificates
[    0.405010] /ocp/interconnect@44c00000/segment@200000/target-module@b000/i2c@0/tda19988@70: Fixed dependency cycle(s) with /ocp/interconnect@48000000/segment@300000/target-module@e000/lcdc@0
[    0.411423] /ocp/interconnect@44c00000/segment@200000/target-module@b000/i2c@0/tda19988@70: Fixed dependency cycle(s) with /ocp/interconnect@48000000/segment@300000/target-module@e000/lcdc@0
[    0.439006] /ocp/interconnect@44c00000/segment@200000/target-module@b000/ i2c@0/tda19988@70: Fixed dependency cycle(s) with /ocp/interconnect@48000000/segment@300000/target-module@e000/lcdc@0
[    0.439884] /ocp/interconnect@44c00000/segment@200000/target-module@b000/i2c@0/tda19988@70: Fixed dependency cycle(s) with /ocp/interconnect@48000000/segment@300000/target-module@e000/lcdc@0
[    0.443645] /ocp/interconnect@44c00000/segment@200000/target-module@10000/scm@0/pinmux@800: Fixed dependency cycle(s) with /ocp/interconnect@44c00000/segment@200000/target-module@10000/scm@0/pi nmux@800/clkout2-pins
[    0.444235] pinctrl-single 44e10800.pinmux: 142 pins, size 568
[    0.449540] ti-sysc 44e31000.target-module: probe with driver ti-sysc failed with error -16
[    0.469543] /ocp/interconnect@48000000/segment@300000/target-module@e000/lcdc@0: Fixed dependency cycle(s) with /ocp/interconnect@44c00000/segment@200000/target-module@b000/i2c@0/tda19988@70
[    0.477933] ti-sysc 48040000.target-module: probe with driver ti-sysc failed with error -16
[    0.524566] OMAP GPIO hardware version 0.1
[    0.551185] omap_i2c 4819c000.i2c: bus 2 rev0.11 at 100 kHz
[    0.588606] 48000000.interconnect:segment@200000:target-module@0:mpu@0:fck: device ID is greater than 24
[    0.589504] /ocp/interconnect@48000000/segment@300000/target-module@e000/lcdc@0: Fixed dependency cycle(s) with /ocp/interconnect@44c00000/segment@200000/target-module@b000/i2c@0/tda19988@70
[    0.592734] /ocp/interconnect@48000000/segment@300000/target-module@e000/lcdc@0: Fixed dependency cycle(s) with /ocp/interconnect@44c00000/segment@200000/target-module@b000/i2c@0/tda19988@70
[    0.593467] /ocp/interconnect@44c00000/segment@200000/target-module@b000/i2c@0/tda19988@70: Fixed dependency cycle(s) with /ocp/interconnect@48000000/segment@300000/target-module@e000/lcdc@0
[    0.593632] /ocp/interconnect@48000000/segment@300000/target-module@e000/lcdc@0: Fixed dependency cycle(s) with /ocp/interconnect@44c00000/segment@200000/target-module@b000/i2c@0/tda19988@70
[    0.605287] sdhci-omap 481d8000.mmc: supply pbias not foun
[    2.442453] tps65217-pmic: Failed to locate of_node [id: -1]
[    2.448514] tps65217-bl: Failed to locate of_node [id: -1]
[    2.454617] platform tps65217-charger: DMA mask not set
[    2.460643] platform tps65217-pwrbutton: DMA mask not set
[    2.467945] tps65217 0-0024: TPS65217 ID 0xe version 1.2
[    2.474084] /ocp/interconnect@48000000/segment@300000/target-module@e000/lcdc@0: Fixed dependency cycle(s) with /ocp/interconnect@44c00000/segment@200000/target-module@b000/i2c@0/tda19988@70
[    2.491505] /ocp/interconnect@44c00000/segment@200000/target-module@b000/i2c@0/tda19988@70: Fixed dependency cycle(s) with /ocp/interconnect@48000000/segment@300000/target-module@e000/lcdc@0
[    2.508849] omap_i2c 44e0b000.i2c: bus 0 rev0.11 at 400 kHz
[    2.516708] omap_gpio 44e07000.gpio: Could not set line 6 debounce to 200000 microseconds (-22)
[    2.525639] sdhci-omap 48060000.mmc: Got CD GPIO
[    2.530651] sdhci-omap 48060000.mmc: supply pbias not found, using dummy regulator
[    2.540623] sdhci-omap 48060000.mmc: supply vqmmc not found, using dummy regulator
[    2.549866] sdhci-omap 481d8000.mmc: supply pbias not found, using dummy regulator
[    2.560270] sdhci-omap 481d8000.mmc: supply vqmmc not found, using dummy regulator
[    2.595225] mmc0: SDHCI controller on 48060000.mmc [48060000.mmc] using External DMA
[    2.603544] mmc1: SDHCI controller on 481d8000.mmc [481d8000.mmc] using External DMA
[    2.612385] cpsw-switch 4a100000.switch: starting ndev. mode: dual_mac
[    2.681802] mmc1: new high speed MMC card at address 0001
[    2.688637] mmcblk1: mmc1:0001 MMC04G 3.60 GiB
[    2.696526]  mmcblk1: p1 p2
[    2.700302] SMSC LAN8710/LAN8720 4a101000.mdio:00: attached PHY driver (mii_bus:phy_addr=4a101000.mdio:00, irq=POLL)
[    2.711913] mmcblk1boot0: mmc1:0001 MMC04G 2.00 MiB
[    2.726779] mmcblk1boot1: mmc1:0001 MMC04G 2.00 MiB
[    2.735482] mmcblk1rpmb: mmc1:0001 MMC04G 128 KiB, chardev (249:0)
[    2.784578] mmc0: new high speed SDHC card at address aaaa
[    2.791408] mmcblk0: mmc0:aaaa SE32G 29.7 GiB
[    2.800713]  mmcblk0: p1 p2
[    5.842267] cpsw-switch 4a100000.switch eth0: Link is Up - 100Mbps/Full - flow control off
[    5.881752] IP-Config: Complete:
[    5.885030]      device=eth0, hwaddr=6c:ec:eb:68:de:78, ipaddr=192.168.255.1, mask=255.255.255.0, gw=255.255.255.255
[    5.895705]      host=bbb1, domain=, nis-domain=(none)
[    5.900873]      bootserver=192.168.255.126, rootserver=192.168.255.126, rootpath=
[    5.901297] clk: Disabling unused clocks
[    5.913139] PM: genpd: Disabling unused power domains
[    5.918289] KTAP version 1
[    5.921012] 1..0
[    5.923497] check access for rdinit=/init failed: -2, ignoring
[    5.951913] VFS: Mounted root (nfs filesystem) on device 0:17.
[    5.958760] devtmpfs: mounted
[    5.963589] Freeing unused kernel image (initmem) memory: 1024K
[    5.970196] Run /sbin/init as init process
[    6.637496] systemd[1]: System time before build time, advancing clock.
[    8.171523] random: crng init done
[    8.184138] systemd[1]: systemd 232 running in system mode. (+PAM +AUDIT +SELINUX +IMA +APPARMOR +SMACK +SYSVINIT +UTMP +LIBCRYPTSETUP +GCRYPT +GNUTLS +ACL +XZ +LZ4 +SECCOMP +BLKID +ELFUTILS +KMOD +IDN)
[    8.203239] systemd[1]: Detected architecture arm.

Welcome to [1mDebian GNU/Linux 9 (stretch)[0m!

[    8.234642] systemd[1]: Set hostname to <arm>.
[    9.318237] systemd[1]: Started Dispatch Password Requests to Console Directory Watch.
[[0;32m  OK  [0m] Started Dispatch Password Requests to Console Directory Watch.
[    9.352088] systemd[1]: Reached target Remote File Systems.
[[0;32m  OK  [0m] Reached target Remote File Systems.
[    9.385379] systemd[1]: syslog.socket: SO_PASSSEC failed: Operation not supported
[    9.393367] systemd[1]: Listening on Syslog Socket.
[[0;32m  OK  [0m] Listening on Syslog Socket.
[    9.422157] systemd[1]: systemd-journald-dev-log.socket: SO_PASSSEC failed: Operation not supported
[    9.431748] systemd[1]: Listening on Journal Socket (/dev/log).
[[0;32m  OK  [0m] Listening on Journal Socket (/dev/log).
[    9.462134] systemd[1]: Listening on udev Kernel Socket.
[[0;32m  OK  [0m] Listening on udev Kernel Socket.
[[0;32m  OK  [0m] Created slice User and Session Slice.
[[0;32m  OK  [0m] Listening on /dev/initctl Compatibility Named Pipe.
[[0;32m  OK  [0m] Listening on Journal Socket.
[[0;32m  OK  [0m] Listening on udev Control Socket.
[[0;32m  OK  [0m] Started Forward Password Requests to Wall Directory Watch.
[[0;32m  OK  [0m] Reached target Paths.
[[0;32m  OK  [0m] Reached target Encrypted Volumes.
[[0;32m  OK  [0m] Reached target Swap.
[[0;32m  OK  [0m] Set up automount Arbitrary Executabâ€¦rmats File System Automount Point.
[[0;32m  OK  [0m] Created slice System Slice.
         Starting Remount Root and Kernel File Systems...
         Mounting Debug File System...
         Starting Load Kernel Modules...
[[0;32m  OK  [0m] Created slice system-getty.slice.
[[0;32m  OK  [0m] Reached target Slices.
         Mounting POSIX Message Queue File System...
[[0;32m  OK  [0m] Created slice system-serial\x2dgetty.slice.
         Starting Create list of required stâ€¦ce nodes for the current kernel...
[[0;32m  OK  [0m] Listening on Journal Audit Socket.
         Starting Journal Service...
[[0;32m  OK  [0m] Mounted POSIX Message Queue File System.
[[0;32m  OK  [0m] Mounted Debug File System.
[[0;32m  OK  [0m] Started Remount Root and Kernel File Systems.
[[0;32m  OK  [0m] Started Create list of required staâ€¦vice nodes for the current kernel.
         Starting Create Static Device Nodes in /dev...
         Starting udev Coldplug all Devices...
         Starting Load/Save Random Seed...
[[0;32m  OK  [0m] Started Load Kernel Modules.
         Mounting Configuration File System...
         Starting Apply Kernel Variables...
[[0;32m  OK  [0m] Mounted Configuration File System.
[[0;32m  OK  [0m] Started Load/Save Random Seed.
[[0;32m  OK  [0m] Started Apply Kernel Variables.
[[0;32m  OK  [0m] Started Create Static Device Nodes in /dev.
[[0;32m  OK  [0m] Reached target Local File Systems (Pre).
[[0;32m  OK  [0m] Reached target Local File Systems.
         Starting Raise network interfaces...
         Starting udev Kernel Device Manager...
[[0;32m  OK  [0m] Started Journal Service.
         Starting Flush Journal to Persistent Storage...
[   11.920490] systemd-journald[88]: Received request to flush runtime journal from PID 1
[[0;32m  OK  [0m] Started Flush Journal to Persistent Storage.
         Starting Create Volatile Files and Directories...
[[0;32m  OK  [0m] Started udev Kernel Device Manager.
[   12.642113] omap_prm 44e00d00.prm: sync_state() pending due to 44d00000.cpu
[[0;32m  OK  [0m] Started Create Volatile Files and Directories.
         Starting Network Time Synchronization...
         Starting Update UTMP about System Boot/Shutdown...
[[0;32m  OK  [0m] Started udev Coldplug all Devices.
[[0;32m  OK  [0m] Started Update UTMP about System Boot/Shutdown.
[   14.891172] remoteproc remoteproc0: wkup_m3 is available
[   15.184745] omap_rtc 44e3e000.rtc: registered as rtc0
[   15.189924] omap_rtc 44e3e000.rtc: setting system clock to 2000-01-01T00:00:00 UTC (946684800)
[   15.375912] at24 2-0054: supply vcc not found, using dummy regulator
[   15.453752] omap_wdt: OMAP Watchdog Timer Rev 0x01: initial timeout 60 sec
[   15.527273] at24 2-0055: supply vcc not found, using dummy regulator
[   15.656906] at24 2-0056: supply vcc not found, using dummy regulator
[   15.671186] am335x-phy-driver 47401300.usb-phy: dummy supplies not allowed for exclusive requests (id=vbus)
[   15.784682] at24 2-0057: supply vcc not found, using dummy regulator
[   15.897651] at24 0-0050: 32768 byte 24c256 EEPROM, writable, 1 bytes/write
[[0;32m  OK  [0m] Found device /dev/ttyS0.
[[0;32m  OK  [0m] Started Network Time Synchronization.
[   15.994962] input: tps65217_pwrbutton as /devices/platform/ocp/44c00000.interconnect/44c00000.interconnect:segment@200000/44e0b000.target-module/44e0b000.i2c/i2c-0/0-0024/tps65217-pwrbutton/input/input0
[[0;32m  OK  [0m] Reached target System Time Synchronized.
[   16.033757] am335x-phy-driver 47401b00.usb-phy: dummy supplies not allowed for exclusive requests (id=vbus)
[[0;32m  OK  [0m] Reached target System Initialization.
[[0;32m  OK  [0m] Listening on Avahi mDNS/DNS-SD Stack Activation Socket.
[[0;32m  OK  [0m] Listening on D-Bus System Message Bus Socket.
[[0;32m  OK  [0m] Reached target Sockets.
[[0;32m  OK  [0m] Reached target Basic System.
         Starting DUN service...
         Starting System Logging Service...
[[0;32m  OK  [0m] Started D-Bus System Message Bus.
[   17.005610] usbcore: registered new interface driver usbfs
[   17.011247] usbcore: registered new interface driver hub
[   17.016976] usbcore: registered new device driver usb
[   17.878489] musb-hdrc musb-hdrc.1: MUSB HDRC host driver
[   17.884152] musb-hdrc musb-hdrc.1: new USB bus registered, assigned bus number 1
[   17.953372] tda998x 0-0070: found TDA19988
[   18.078400] omap-mailbox 480c8000.mailbox: omap mailbox rev 0x400
[   18.170402] remoteproc remoteproc0: powering up wkup_m3
[   18.192156] usb usb1: New USB device found, idVendor=1d6b, idProduct=0002, bcdDevice= 6.17
[   18.200804] usb usb1: New USB device strings: Mfr=3, Product=2, SerialNumber=1
[   18.208192] usb usb1: Product: MUSB HDRC host driver
[   18.213224] usb usb1: Manufacturer: Linux 6.17.0 musb-hcd
[   18.218652] usb usb1: SerialNumber: musb-hdrc.1
[   18.414998] remoteproc remoteproc0: Direct firmware load for am335x-pm-firmware.elf failed with error -2
[   18.425491] remoteproc remoteproc0: request_firmware failed: -2
[   18.431648] wkup_m3_ipc 44e11324.wkup_m3_ipc: rproc_boot failed
[   18.608826] hub 1-0:1.0: USB hub found
[   18.698952] hub 1-0:1.0: 1 port detected
[   20.451996] omap_rng 48310000.rng: Random Number Generator ver. 20
[   20.605861] tilcdc 4830e000.lcdc: bound 0-0070 (ops 0xbf08b0f8)
[   20.687436] [drm] Initialized tilcdc 1.0.0 for 4830e000.lcdc on minor 0
[   20.761016] tilcdc 4830e000.lcdc: [drm] Cannot find any crtc or sizes
[   20.771071] tilcdc 4830e000.lcdc: [drm] Cannot find any crtc or sizes
[[0;32m  OK  [0m] Started DUN service.
         Starting Connection service...
         Starting Login Service...
         Starting LSB: Start busybox udhcpd at boot time...
[[0;32m  OK  [0m] Started Regular background program processing daemon.
         Starting LSB: Load kernel modules needed to enable cpufreq scaling...
         Starting Generic Board Startup...
         Starting Cape Manager Service...
         Starting Avahi mDNS/DNS-SD Stack...
         Starting Telephony service...
[[0;32m  OK  [0m] Started Daily apt download activities.
[[0;32m  OK  [0m] Started Daily apt upgrade and clean activities.
[   21.947968] omap-sham 53100000.sham: hw accel on OMAP rev 4.3
[   21.957916] PM: Cannot get wkup_m3_ipc handle
[[0;32m  OK  [0m] Started Daily Cleanup of Temporary Directories.
[[0;32m  OK  [0m] Reached target Timers.
[   22.111838] omap-sham 53100000.sham: will run requests pump with realtime priority
[   22.121419] PM: Cannot get wkup_m3_ipc handle
[[0;32m  OK  [0m] Started System Logging Service.
[   22.468273] omap-aes 53500000.aes: OMAP AES hw accel rev: 3.2
[   22.622953] omap-aes 53500000.aes: will run requests pump with realtime priority
[   22.631321] PM: Cannot get wkup_m3_ipc handle
[   24.519169] ------------[ cut here ]------------
[   24.523999] WARNING: CPU: 0 PID: 296 at net/8021q/vlan_core.c:236 vlan_for_each+0x114/0x134
[   24.532504] RTNL: assertion failed at net/8021q/vlan_core.c (236)
[   24.538632] Modules linked in: ecdh_generic ecc omap_aes_driver snd_soc_simple_card omap_crypto snd_soc_simple_card_utils libaes pm33xx omap_sham crypto_engine ti_emif_sram tilcdc omap_rng drm_dma_helper rng_core drm_client_lib snd_soc_davinci_mcasp snd_soc_ti_udma snd_soc_ti_edma snd_soc_ti_sdma snd_soc_core snd_pcm_dmaengine snd_pcm omap_mailbox snd_timer snd musb_dsps tda998x musb_hdrc soundcore cec udc_core drm_kms_helper usbcore drm wkup_m3_ipc tps65218_pwrbutton phy_am335x drm_panel_orientation_quirks phy_am335x_control phy_generic omap_wdt at24 usb_common watchdog rtc_omap cppi41 wkup_m3_rproc leds_gpio led_class cpufreq_dt autofs4
[   24.595838] CPU: 0 UID: 107 PID: 296 Comm: avahi-daemon Not tainted 6.17.0 #1 NONE 
[   24.595858] Hardware name: Generic AM33XX (Flattened Device Tree)
[   24.595867] Call trace: 
[   24.595882]  unwind_backtrace from show_stack+0x10/0x14
[   24.595920]  show_stack from dump_stack_lvl+0x50/0x64
[   24.595945]  dump_stack_lvl from __warn+0x74/0x12c
[   24.595963]  __warn from warn_slowpath_fmt+0x19c/0x1b0
[   24.595976]  warn_slowpath_fmt from vlan_for_each+0x114/0x134
[   24.596000]  vlan_for_each from cpsw_add_mc_addr+0x40/0xa4
[   24.596030]  cpsw_add_mc_addr from __hw_addr_ref_sync_dev+0x108/0x140
[   24.596063]  __hw_addr_ref_sync_dev from __dev_mc_add+0x7c/0x80
[   24.596087]  __dev_mc_add from igmp6_group_added+0xc8/0xe0
[   24.596118]  igmp6_group_added from __ipv6_dev_mc_inc+0x218/0x364
[   24.596137]  __ipv6_dev_mc_inc from __ipv6_sock_mc_join+0x11c/0x214
[   24.596156]  __ipv6_sock_mc_join from do_ipv6_setsockopt+0x1214/0x1310
[   24.596191]  do_ipv6_setsockopt from ipv6_setsockopt+0x60/0xcc
[   24.596213]  ipv6_setsockopt from udpv6_setsockopt+0x2c/0x6c
[   24.596233]  udpv6_setsockopt from sock_common_setsockopt+0x30/0x40
[   24.596249]  sock_common_setsockopt from do_sock_setsockopt+0x50/0x9c
[   24.596272]  do_sock_setsockopt from __sys_setsockopt+0x70/0xbc
[   24.596296]  __sys_setsockopt from ret_fast_syscall+0x0/0x58
[   24.596314] Exception stack(0xe02b5fa8 to 0xe02b5ff0)
[   24.596330] 5fa0:                   00000014 b6fc4ce8 0000000d 00000029 00000014 bef5a9ec
[   24.596341] 5fc0: 00000014 b6fc4ce8 00000014 00000126 0000000d b6f6dff4 0052e988 00516558
[   24.596351] 5fe0: b6f83088 bef5a9d8 b6f60309 b6e3741a
[   24.596358] ---[ end trace 0000000000000000 ]---
[[0;32m  OK  [0m] Started Cape Manager Service.
[   25.406032] Bluetooth: Core ver 2.22
[   25.409863] NET: Registered PF_BLUETOOTH protocol family
[   25.415374] Bluetooth: HCI device and connection manager initialized
[   25.421845] Bluetooth: HCI socket layer initialized
[   25.426758] Bluetooth: L2CAP socket layer initialized
[   25.431909] Bluetooth: SCO socket layer initialized
[   25.966971] gpio-537 (nxp,calib): gpiod_direction_output_nonotify: tried to set a GPIO tied to an IRQ as output
[   26.006243] PM: Cannot get wkup_m3_ipc handle
[   26.162702] PM: Cannot get wkup_m3_ipc handle
[   26.294601] tda9950 0-0034: TDA9950 CEC interface, hardware version 3.3
[   26.447074] PM: Cannot get wkup_m3_ipc handle
[[0;32m  OK  [0m] Started Raise network interfaces.
[[0;32m  OK  [0m] Started LSB: Start busybox udhcpd at boot time.
[[0;32m  OK  [0m] Started LSB: Load kernel modules needed to enable cpufreq scaling.
[[0;32m  OK  [0m] Started Telephony service.
[[0;32m  OK  [0m] Started Connection service.
[[0;32m  OK  [0m] Started Avahi mDNS/DNS-SD Stack.
[[0;32m  OK  [0m] Started Login Service.
[   30.026841] configfs-gadget.g_multi gadget.0: HOST MAC 1c:ba:8c:a2:ed:6c
[   30.033880] configfs-gadget.g_multi gadget.0: MAC 1c:ba:8c:a2:ed:70
[   30.041437] configfs-gadget.g_multi gadget.0: HOST MAC 1c:ba:8c:a2:ed:6c
[   30.048517] configfs-gadget.g_multi gadget.0: MAC 1c:ba:8c:a2:ed:6d
[   30.058549] PM: Cannot get wkup_m3_ipc handle
         Starting Hostname Service...
         Starting WPA supplicant...
[[0;32m  OK  [0m] Reached target Sound Card.
         Starting LSB: set CPUFreq kernel parameters...
[[0;32m  OK  [0m] Started Hostname Service.
[[0;32m  OK  [0m] Started WPA supplicant.
[[0;32m  OK  [0m] Reached target Network.
         Starting The Apache HTTP Server...
[[0;32m  OK  [0m] Reached target Network is Online.
         Starting LSB: Advanced IEEE 802.11 management daemon...
         Starting Permit User Sessions...
         Starting OpenBSD Secure Shell server...
[[0;32m  OK  [0m] Started LSB: Advanced IEEE 802.11 management daemon.
[[0;32m  OK  [0m] Started LSB: set CPUFreq kernel parameters.
[[0;32m  OK  [0m] Started Permit User Sessions.
[[0;32m  OK  [0m] Started Serial Getty on ttyS0.
[[0;32m  OK  [0m] Started Getty on tty1.
[[0;32m  OK  [0m] Reached target Login Prompts.
[[0;32m  OK  [0m] Started OpenBSD Secure Shell server.
         Stopping LSB: Start busybox udhcpd at boot time...
[[0;32m  OK  [0m] Stopped LSB: Start busybox udhcpd at boot time.
[[0;32m  OK  [0m] Started The Apache HTTP Server.
         Starting dnsmasq - A lightweight DHCP and caching DNS server...
[[0;32m  OK  [0m] Started dnsmasq - A lightweight DHCP and caching DNS server.
[[0;32m  OK  [0m] Reached target Host and Network Name Lookups.
[[0;32m  OK  [0m] Started Serial Getty on ttyGS0.
[[0;32m  OK  [0m] Started Generic Board Startup.
[[0;32m  OK  [0m] Reached target Multi-User System.
[[0;32m  OK  [0m] Reached target Graphical Interface.
         Starting Update UTMP about System Runlevel Changes...
[[0;32m  OK  [0m] Started Update UTMP about System Runlevel Changes.

Debian GNU/Linux 9 arm ttyS0

default username:password is [debian:temppwd]

arm login: root
Password: 
Last login: Sat Jan  1 00:00:44 UTC 2000 on ttyS0
root
Linux arm 6.17.0 #1 SMP Mon Sep 29 01:17:26 EEST 2025 armv7l

The programs included with the Debian GNU/Linux system are free software;
the exact distribution terms for each program are described in the
individual files in /usr/share/doc/*/copyright.

Debian GNU/Linux comes with ABSOLUTELY NO WARRANTY, to the extent
permitted by applicable law.
root@arm:~# root
dmesg -n 1
-bash: root: command not found
root@arm:~# dmesg -n 1
root@arm:~# echo 'OVFY''TSUJQN'
OVFYTSUJQN
root@arm:~# run() { echo -n "$MARKER"; sh -c "$@"; echo "$MARKER $?"; }
root@arm:~# echo 'WKCA''PYWJSB'
WKCAPYWJSB
root@arm:~# MARKER='GYXT''UVAMVB' run 'cat /proc/version'
GYXTUVAMVBLinux version 6.17.0 (user01@drvtest01) (arm-none-eabi-gcc (Arm GNU Toolchain 14.2.Rel1 (Build arm-14.52)) 14.2.1 20241119, GNU ld (Arm GNU Toolchain 14.2.Rel1 (Build arm-14.52)) 2.43.1.20241119) #1 SMP Mon Sep 29 01:17:26 EEST 2025
GYXTUVAMVB 0
root@arm:~# echo 'MFTB''ZPCCTT'
MFTBZPCCTT
root@arm:~# MARKER='TNJN''BXQMQE' run false
TNJNBXQMQETNJNBXQMQE 1
root@arm:~# Labgrid Console Logfile for main
Logfile started at 2025-09-29 01:19:57.436571
=== Log starts here ===

root@arm:~# run() { echo -n "$MARKER"; sh -c "$@"; echo "$MARKER $?"; }
root@arm:~# echo 'VPAN''KQMHOU'
VPANKQMHOU
root@arm:~# MARKER='HFVL''EQATPA' run 'ls /iio_generic_buffer; echo $?'
HFVLEQATPA/iio_generic_buffer
0
HFVLEQATPA 0
root@arm:~# Labgrid Console Logfile for main
Logfile started at 2025-09-29 01:20:01.183228
=== Log starts here ===

root@arm:~# run() { echo -n "$MARKER"; sh -c "$@"; echo "$MARKER $?"; }
root@arm:~# echo 'SOWQ''FKUBAX'
SOWQFKUBAX
root@arm:~# MARKER='QCFH''GWQKFY' run dmesg
QCFHGWQKFY[    0.000000] Booting Linux on physical CPU 0x0
[    0.000000] Linux version 6.17.0 (user01@drvtest01) (arm-none-eabi-gcc (Arm GNU Toolchain 14.2.Rel1 (Build arm-14.52)) 14.2.1 20241119, GNU ld (Arm GNU Toolchain 14.2.Rel1 (Build arm-14.52)) 2.43.1.20241119) #1 SMP Mon Sep 29 01:17:26 EEST 2025
[    0.000000] CPU: ARMv7 Processor [413fc082] revision 2 (ARMv7), cr=10c5387d
[    0.000000] CPU: PIPT / VIPT nonaliasing data cache, VIPT aliasing instruction cache
[    0.000000] OF: fdt: Machine model: TI AM335x BeagleBone Black
[    0.000000] Memory policy: Data cache writeback
[    0.000000] cma: Reserved 16 MiB at 0x9e800000
[    0.000000] Zone ranges:
[    0.000000]   Normal   [mem 0x0000000080000000-0x000000009fdfffff]
[    0.000000]   HighMem  empty
[    0.000000] Movable zone start for each node
[    0.000000] Early memory node ranges
[    0.000000]   node   0: [mem 0x0000000080000000-0x000000009fdfffff]
[    0.000000] Initmem setup node 0 [mem 0x0000000080000000-0x000000009fdfffff]
[    0.000000] On node 0, zone Normal: 512 pages in unavailable ranges
[    0.000000] OF: reserved mem: Reserved memory: No reserved-memory node in the DT
[    0.000000] CPU: All CPU(s) started in SVC mode.
[    0.000000] AM335X ES2.1 (sgx neon)
[    0.000000] percpu: Embedded 17 pages/cpu s39820 r8192 d21620 u69632
[    0.000000] pcpu-alloc: s39820 r8192 d21620 u69632 alloc=17*4096
[    0.000000] pcpu-alloc: [0] 0 
[    0.000000] Kernel command line: console=ttyO0,115200n8 root=/dev/nfs rw nfsroot=192.168.255.126:/home/user01/nfs,nfsvers=3 ip=192.168.255.1:192.168.255.126::255.255.255.0:bbb1:eth0 nfsrootdebug
[    0.000000] Unknown kernel command line parameters "nfsrootdebug", will be passed to user space.
[    0.000000] printk: log buffer data + meta data: 65536 + 204800 = 270336 bytes
[    0.000000] Dentry cache hash table entries: 65536 (order: 6, 262144 bytes, linear)
[    0.000000] Inode-cache hash table entries: 32768 (order: 5, 131072 bytes, linear)
[    0.000000] Built 1 zonelists, mobility grouping on.  Total pages: 130560
[    0.000000] mem auto-init: stack:off, heap alloc:off, heap free:off
[    0.000000] SLUB: HWalign=16, Order=0-3, MinObjects=0, CPUs=1, Nodes=1
[    0.000000] rcu: Hierarchical RCU implementation.
[    0.000000] rcu: 	RCU event tracing is enabled.
[    0.000000] rcu: 	RCU restricting CPUs from NR_CPUS=2 to nr_cpu_ids=1.
[    0.000000] 	Tracing variant of Tasks RCU enabled.
[    0.000000] rcu: RCU calculated value of scheduler-enlistment delay is 10 jiffies.
[    0.000000] rcu: Adjusting geometry for rcu_fanout_leaf=16, nr_cpu_ids=1
[    0.000000] RCU Tasks Trace: Setting shift to 0 and lim to 1 rcu_task_cb_adjust=1 rcu_task_cpu_ids=1.
[    0.000000] NR_IRQS: 16, nr_irqs: 16, preallocated irqs: 16
[    0.000000] IRQ: Found an INTC at 0x(ptrval) (revision 5.0) with 128 interrupts
[    0.000000] rcu: srcu_init: Setting srcu_struct sizes based on contention.
[    0.000000] TI gptimer clocksource: always-on /ocp/interconnect@44c00000/segment@200000/target-module@31000
[    0.000003] sched_clock: 32 bits at 24MHz, resolution 41ns, wraps every 89478484971ns
[    0.000026] clocksource: dmtimer: mask: 0xffffffff max_cycles: 0xffffffff, max_idle_ns: 79635851949 ns
[    0.000522] TI gptimer clockevent: 24000000 Hz at /ocp/interconnect@48000000/segment@0/target-module@40000
[    0.002137] Console: colour dummy device 80x30
[    0.002203] WARNING: Your 'console=ttyO0' has been replaced by 'ttyS0'
[    0.002211] This ensures that you still see kernel messages. Please
[    0.002216] update your kernel commandline.
[    0.002259] Calibrating delay loop... 996.14 BogoMIPS (lpj=4980736)
[    0.090569] CPU: Testing write buffer coherency: ok
[    0.090679] CPU0: Spectre v2: using BPIALL workaround
[    0.090689] pid_max: default: 32768 minimum: 301
[    0.090842] LSM: initializing lsm=capability
[    0.091012] Mount-cache hash table entries: 1024 (order: 0, 4096 bytes, linear)
[    0.091031] Mountpoint-cache hash table entries: 1024 (order: 0, 4096 bytes, linear)
[    0.092599] CPU0: thread -1, cpu 0, socket -1, mpidr 0
[    0.092658] cacheinfo: Unable to detect cache hierarchy for CPU 0
[    0.094685] Setting up static identity map for 0x80100000 - 0x80100078
[    0.094990] rcu: Hierarchical SRCU implementation.
[    0.095001] rcu: 	Max phase no-delay instances is 1000.
[    0.096716] smp: Bringing up secondary CPUs ...
[    0.096768] smp: Brought up 1 node, 1 CPU
[    0.096782] SMP: Total of 1 processors activated (996.14 BogoMIPS).
[    0.096793] CPU: All CPU(s) started in SVC mode.
[    0.096990] Memory: 480856K/522240K available (11264K kernel code, 1218K rwdata, 2936K rodata, 1024K init, 253K bss, 23352K reserved, 16384K cma-reserved, 0K highmem)
[    0.097799] devtmpfs: initialized
[    0.114984] VFP support v0.3: implementor 41 architecture 3 part 30 variant c rev 3
[    0.115635] clocksource: jiffies: mask: 0xffffffff max_cycles: 0xffffffff, max_idle_ns: 19112604462750000 ns
[    0.115691] posixtimers hash table entries: 512 (order: 0, 4096 bytes, linear)
[    0.115718] futex hash table entries: 256 (16384 bytes on 1 NUMA nodes, total 16 KiB, linear).
[    0.116843] pinctrl core: initialized pinctrl subsystem
[    0.118993] NET: Registered PF_NETLINK/PF_ROUTE protocol family
[    0.122157] DMA: preallocated 256 KiB pool for atomic coherent allocations
[    0.122769] audit: initializing netlink subsys (disabled)
[    0.124098] thermal_sys: Registered thermal governor 'fair_share'
[    0.124113] thermal_sys: Registered thermal governor 'step_wise'
[    0.124122] thermal_sys: Registered thermal governor 'user_space'
[    0.124231] audit: type=2000 audit(0.120:1): state=initialized audit_enabled=0 res=1
[    0.124306] cpuidle: using governor menu
[    0.142550] /ocp/interconnect@44c00000/segment@200000/target-module@b000/i2c@0/tda19988@70: Fixed dependency cycle(s) with /ocp/interconnect@48000000/segment@300000/target-module@e000/lcdc@0
[    0.143675] /ocp/interconnect@48000000/segment@300000/target-module@e000/lcdc@0: Fixed dependency cycle(s) with /ocp/interconnect@44c00000/segment@200000/target-module@b000/i2c@0/tda19988@70
[    0.145918] No ATAGs?
[    0.145961] hw-breakpoint: debug architecture 0x4 unsupported.
[    0.149096] kprobes: kprobe jump-optimization is enabled. All kprobes are optimized if possible.
[    0.163848] iommu: Default domain type: Translated
[    0.163871] iommu: DMA domain TLB invalidation policy: strict mode
[    0.165510] reg-fixed-voltage fixedregulator0: using DT '/fixedregulator0' for '(default)' GPIO lookup
[    0.165566] of_get_named_gpiod_flags: can't parse 'gpios' property of node '/fixedregulator0[0]'
[    0.165593] of_get_named_gpiod_flags: can't parse 'gpio' property of node '/fixedregulator0[0]'
[    0.165612] reg-fixed-voltage fixedregulator0: using lookup tables for GPIO lookup
[    0.165623] reg-fixed-voltage fixedregulator0: No GPIO consumer (default) found
[    0.166667] SCSI subsystem initialized
[    0.167122] libata version 3.00 loaded.
[    0.167500] pps_core: LinuxPPS API ver. 1 registered
[    0.167511] pps_core: Software ver. 5.3.6 - Copyright 2005-2007 Rodolfo Giometti <giometti@linux.it>
[    0.167534] PTP clock support registered
[    0.171140] vgaarb: loaded
[    0.171501] clocksource: Switched to clocksource dmtimer
[    0.172170] VFS: Disk quotas dquot_6.6.0
[    0.172225] VFS: Dquot-cache hash table entries: 1024 (order 0, 4096 bytes)
[    0.204452] NET: Registered PF_INET protocol family
[    0.204794] IP idents hash table entries: 8192 (order: 4, 65536 bytes, linear)
[    0.206205] tcp_listen_portaddr_hash hash table entries: 512 (order: 0, 4096 bytes, linear)
[    0.206241] Table-perturb hash table entries: 65536 (order: 6, 262144 bytes, linear)
[    0.206260] TCP established hash table entries: 4096 (order: 2, 16384 bytes, linear)
[    0.206305] TCP bind hash table entries: 4096 (order: 4, 65536 bytes, linear)
[    0.206405] TCP: Hash tables configured (established 4096 bind 4096)
[    0.206527] UDP hash table entries: 256 (order: 1, 14336 bytes, linear)
[    0.206563] UDP-Lite hash table entries: 256 (order: 1, 14336 bytes, linear)
[    0.206752] NET: Registered PF_UNIX/PF_LOCAL protocol family
[    0.208019] RPC: Registered named UNIX socket transport module.
[    0.208042] RPC: Registered udp transport module.
[    0.208047] RPC: Registered tcp transport module.
[    0.208052] RPC: Registered tcp-with-tls transport module.
[    0.208057] RPC: Registered tcp NFSv4.1 backchannel transport module.
[    0.208083] PCI: CLS 0 bytes, default 64
[    0.209484] Initialise system trusted keyrings
[    0.210643] workingset: timestamp_bits=14 max_order=17 bucket_order=3
[    0.212262] NFS: Registering the id_resolver key type
[    0.212326] Key type id_resolver registered
[    0.212333] Key type id_legacy registered
[    0.212441] jffs2: version 2.2. (NAND) (SUMMARY)  Â© 2001-2006 Red Hat, Inc.
[    0.212969] Key type asymmetric registered
[    0.212985] Asymmetric key parser 'x509' registered
[    0.213059] io scheduler mq-deadline registered
[    0.213069] io scheduler kyber registered
[    0.213146] io scheduler bfq registered
[    0.223362] target-module@4b000000:target-module@140000:pmu@0:fck: device ID is greater than 24
[    0.229518] l3-aon-clkctrl:0000:0: failed to disable
[    0.229612] ledtrig-cpu: registered to indicate activity on CPUs
[    0.242132] Serial: 8250/16550 driver, 6 ports, IRQ sharing enabled
[    0.283218] brd: module loaded
[    0.300099] loop: module loaded
[    0.301033] mtdoops: mtd device (mtddev=name/number) must be supplied
[    0.313768] mdio_bus fixed-0: using lookup tables for GPIO lookup
[    0.313796] mdio_bus fixed-0: No GPIO consumer reset found
[    0.315200] i2c_dev: i2c /dev entries driver
[    0.316209] cpuidle: enable-method property 'ti,am3352' found operations
[    0.316658] sdhci: Secure Digital Host Controller Interface driver
[    0.316667] sdhci: Copyright(c) Pierre Ossman
[    0.316845] sdhci-pltfm: SDHCI platform and OF driver helper
[    0.318334] hw perfevents: enabled with armv7_cortex_a8 PMU driver, 5 (8000000f) counters available
[    0.318841] Initializing XFRM netlink socket
[    0.319020] NET: Registered PF_INET6 protocol family
[    0.324683] l3-aon-clkctrl:0000:0: failed to disable
[    0.326302] Segment Routing with IPv6
[    0.326388] In-situ OAM (IOAM) with IPv6
[    0.326484] sit: IPv6, IPv4 and MPLS over IPv4 tunneling driver
[    0.327462] NET: Registered PF_PACKET protocol family
[    0.327491] NET: Registered PF_KEY protocol family
[    0.327610] Key type dns_resolver registered
[    0.327835] ThumbEE CPU extension supported.
[    0.327855] Registering SWP/SWPB emulation handler
[    0.328391] omap_voltage_late_init: Voltage driver support not added
[    0.329050] SmartReflex Class3 initialized
[    0.362845] Loading compiled-in X.509 certificates
[    0.405010] /ocp/interconnect@44c00000/segment@200000/target-module@b000/i2c@0/tda19988@70: Fixed dependency cycle(s) with /ocp/interconnect@48000000/segment@300000/target-module@e000/lcdc@0
[    0.411423] /ocp/interconnect@44c00000/segment@200000/target-module@b000/i2c@0/tda19988@70: Fixed dependency cycle(s) with /ocp/interconnect@48000000/segment@300000/target-module@e000/lcdc@0
[    0.417184] gpiochip_find_base_unlocked: found new base at 512
[    0.439006] /ocp/interconnect@44c00000/segment@200000/target-module@b000/i2c@0/tda19988@70: Fixed dependency cycle(s) with /ocp/interconnect@48000000/segment@300000/target-module@e000/lcdc@0
[    0.439884] /ocp/interconnect@44c00000/segment@200000/target-module@b000/i2c@0/tda19988@70: Fixed dependency cycle(s) with /ocp/interconnect@48000000/segment@300000/target-module@e000/lcdc@0
[    0.443645] /ocp/interconnect@44c00000/segment@200000/target-module@10000/scm@0/pinmux@800: Fixed dependency cycle(s) with /ocp/interconnect@44c00000/segment@200000/target-module@10000/scm@0/pinmux@800/clkout2-pins
[    0.444235] pinctrl-single 44e10800.pinmux: 142 pins, size 568
[    0.449540] ti-sysc 44e31000.target-module: probe with driver ti-sysc failed with error -16
[    0.469543] /ocp/interconnect@48000000/segment@300000/target-module@e000/lcdc@0: Fixed dependency cycle(s) with /ocp/interconnect@44c00000/segment@200000/target-module@b000/i2c@0/tda19988@70
[    0.477933] ti-sysc 48040000.target-module: probe with driver ti-sysc failed with error -16
[    0.489504] gpiochip_find_base_unlocked: found new base at 512
[    0.489608] gpio gpiochip0: (gpio-0-31): created GPIO range 0->7 ==> 44e10800.pinmux PIN 0->7
[    0.489629] gpio gpiochip0: (gpio-0-31): created GPIO range 8->11 ==> 44e10800.pinmux PIN 90->93
[    0.489644] gpio gpiochip0: (gpio-0-31): created GPIO range 12->27 ==> 44e10800.pinmux PIN 12->27
[    0.489660] gpio gpiochip0: (gpio-0-31): created GPIO range 28->31 ==> 44e10800.pinmux PIN 30->33
[    0.524258] gpio gpiochip0: (gpio-0-31): added GPIO chardev (254:0)
[    0.524482] gpio gpiochip0: registered GPIOs 512 to 543 on gpio-0-31
[    0.524566] OMAP GPIO hardware version 0.1
[    0.550157] i2c i2c-2: using DT '/ocp/interconnect@48000000/segment@100000/target-module@9c000/i2c@0' for 'scl' GPIO lookup
[    0.550237] of_get_named_gpiod_flags: can't parse 'scl-gpios' property of node '/ocp/interconnect@48000000/segment@100000/target-module@9c000/i2c@0[0]'
[    0.550283] of_get_named_gpiod_flags: can't parse 'scl-gpio' property of node '/ocp/interconnect@48000000/segment@100000/target-module@9c000/i2c@0[0]'
[    0.550320] i2c i2c-2: using lookup tables for GPIO lookup
[    0.550330] i2c i2c-2: No GPIO consumer scl found
[    0.550352] i2c i2c-2: using DT '/ocp/interconnect@48000000/segment@100000/target-module@9c000/i2c@0' for 'sda' GPIO lookup
[    0.550390] of_get_named_gpiod_flags: can't parse 'sda-gpios' property of node '/ocp/interconnect@48000000/segment@100000/target-module@9c000/i2c@0[0]'
[    0.550428] of_get_named_gpiod_flags: can't parse 'sda-gpio' property of node '/ocp/interconnect@48000000/segment@100000/target-module@9c000/i2c@0[0]'
[    0.550459] i2c i2c-2: using lookup tables for GPIO lookup
[    0.550467] i2c i2c-2: No GPIO consumer sda found
[    0.551185] omap_i2c 4819c000.i2c: bus 2 rev0.11 at 100 kHz
[    0.556950] gpiochip_find_base_unlocked: found new base at 544
[    0.557063] gpio gpiochip1: (gpio-32-63): created GPIO range 0->17 ==> 44e10800.pinmux PIN 34->51
[    0.557085] gpio gpiochip1: (gpio-32-63): created GPIO range 18->21 ==> 44e10800.pinmux PIN 77->80
[    0.557101] gpio gpiochip1: (gpio-32-63): created GPIO range 22->31 ==> 44e10800.pinmux PIN 56->65
[    0.566811] gpio gpiochip1: (gpio-32-63): added GPIO chardev (254:1)
[    0.567045] gpio gpiochip1: registered GPIOs 544 to 575 on gpio-32-63
[    0.569351] gpiochip_find_base_unlocked: found new base at 576
[    0.569441] gpio gpiochip2: (gpio-64-95): created GPIO range 0->4 ==> 44e10800.pinmux PIN 66->70
[    0.569461] gpio gpiochip2: (gpio-64-95): created GPIO range 5->6 ==> 44e10800.pinmux PIN 98->99
[    0.569476] gpio gpiochip2: (gpio-64-95): created GPIO range 7->8 ==> 44e10800.pinmux PIN 75->76
[    0.569491] gpio gpiochip2: (gpio-64-95): created GPIO range 13->13 ==> 44e10800.pinmux PIN 141->141
[    0.569507] gpio gpiochip2: (gpio-64-95): created GPIO range 14->21 ==> 44e10800.pinmux PIN 100->107
[    0.582698] gpio gpiochip2: (gpio-64-95): added GPIO chardev (254:2)
[    0.582914] gpio gpiochip2: registered GPIOs 576 to 607 on gpio-64-95
[    0.588606] 48000000.interconnect:segment@200000:target-module@0:mpu@0:fck: device ID is greater than 24
[    0.589504] /ocp/interconnect@48000000/segment@300000/target-module@e000/lcdc@0: Fixed dependency cycle(s) with /ocp/interconnect@44c00000/segment@200000/target-module@b000/i2c@0/tda19988@70
[    0.592734] /ocp/interconnect@48000000/segment@300000/target-module@e000/lcdc@0: Fixed dependency cycle(s) with /ocp/interconnect@44c00000/segment@200000/target-module@b000/i2c@0/tda19988@70
[    0.593467] /ocp/interconnect@44c00000/segment@200000/target-module@b000/i2c@0/tda19988@70: Fixed dependency cycle(s) with /ocp/interconnect@48000000/segment@300000/target-module@e000/lcdc@0
[    0.593632] /ocp/interconnect@48000000/segment@300000/target-module@e000/lcdc@0: Fixed dependency cycle(s) with /ocp/interconnect@44c00000/segment@200000/target-module@b000/i2c@0/tda19988@70
[    0.603509] mdio_bus 4a101000.mdio: using DT '/ocp/interconnect@4a000000/segment@0/target-module@100000/switch@0/mdio@1000' for 'reset' GPIO lookup
[    0.603579] of_get_named_gpiod_flags: can't parse 'reset-gpios' property of node '/ocp/interconnect@4a000000/segment@0/target-module@100000/switch@0/mdio@1000[0]'
[    0.603626] of_get_named_gpiod_flags: can't parse 'reset-gpio' property of node '/ocp/interconnect@4a000000/segment@0/target-module@100000/switch@0/mdio@1000[0]'
[    0.603673] mdio_bus 4a101000.mdio: using lookup tables for GPIO lookup
[    0.603683] mdio_bus 4a101000.mdio: No GPIO consumer reset found
[    0.604937] sdhci-omap 481d8000.mmc: using DT '/ocp/interconnect@48000000/segment@100000/target-module@d8000/mmc@0' for 'wp' GPIO lookup
[    0.604998] of_get_named_gpiod_flags: can't parse 'wp-gpios' property of node '/ocp/interconnect@48000000/segment@100000/target-module@d8000/mmc@0[0]'
[    0.605039] of_get_named_gpiod_flags: can't parse 'wp-gpio' property of node '/ocp/interconnect@48000000/segment@100000/target-module@d8000/mmc@0[0]'
[    0.605075] sdhci-omap 481d8000.mmc: using lookup tables for GPIO lookup
[    0.605085] sdhci-omap 481d8000.mmc: No GPIO consumer wp found
[    0.605287] sdhci-omap 481d8000.mmc: supply pbias not found, using dummy regulator
[    0.605780] sdhci-omap 481d8000.mmc: supply vqmmc not found, using dummy regulator
[    0.652339] davinci_mdio 4a101000.mdio: davinci mdio revision 1.6, bus freq 1000000
[    0.667365] mdio_bus 4a101000.mdio:00: using DT '/ocp/interconnect@4a000000/segment@0/target-module@100000/switch@0/mdio@1000/ethernet-phy@0' for 'reset' GPIO lookup
[    0.667467] of_get_named_gpiod_flags: parsed 'reset-gpios' property of node '/ocp/interconnect@4a000000/segment@0/target-module@100000/switch@0/mdio@1000/ethernet-phy@0[0]' - status (0)
[    0.667628] gpio gpiochip0: Persistence not supported for GPIO 8
[    0.793859] davinci_mdio 4a101000.mdio: phy[0]: device 4a101000.mdio:00, driver SMSC LAN8710/LAN8720
[    0.794649] cpsw-switch 4a100000.switch: initialized cpsw ale version 1.4
[    0.794671] cpsw-switch 4a100000.switch: ALE Table size 1024, Policers 0
[    0.794826] cpsw-switch 4a100000.switch: cpts: overflow check period 500 (jiffies)
[    0.794841] cpsw-switch 4a100000.switch: CPTS: ref_clk_freq:250000000 calc_mult:2147483648 calc_shift:29 error:0 nsec/sec
[    0.794948] cpsw-switch 4a100000.switch: Detected MACID = 6c:ec:eb:68:de:78
[    0.796820] cpsw-switch 4a100000.switch: initialized (regs 0x4a100000, pool size 256) hw_ver:0019010C 1.12 (0)
[    0.807954] debugfs: '49000000.dma' already exists in 'dmaengine'
[    0.807999] edma 49000000.dma: TI EDMA DMA engine driver
[    0.827848] gpio-clk clk_mcasp0: using DT '/clk_mcasp0' for 'enable' GPIO lookup
[    0.827926] of_get_named_gpiod_flags: parsed 'enable-gpios' property of node '/clk_mcasp0[0]' - status (0)
[    0.827968] gpio gpiochip0: Persistence not supported for GPIO 27
[    0.828826] gpiochip_find_base_unlocked: found new base at 608
[    0.828940] gpio gpiochip3: (gpio-96-127): created GPIO range 0->7 ==> 44e10800.pinmux PIN 82->89
[    0.828961] gpio gpiochip3: (gpio-96-127): created GPIO range 8->11 ==> 44e10800.pinmux PIN 52->55
[    0.828976] gpio gpiochip3: (gpio-96-127): created GPIO range 12->15 ==> 44e10800.pinmux PIN 94->97
[    0.828991] gpio gpiochip3: (gpio-96-127): created GPIO range 16->17 ==> 44e10800.pinmux PIN 71->72
[    0.829006] gpio gpiochip3: (gpio-96-127): created GPIO range 18->18 ==> 44e10800.pinmux PIN 135->135
[    0.829022] gpio gpiochip3: (gpio-96-127): created GPIO range 19->20 ==> 44e10800.pinmux PIN 108->109
[    0.829039] gpio gpiochip3: (gpio-96-127): created GPIO range 21->21 ==> 44e10800.pinmux PIN 73->73
[    0.829055] gpio gpiochip3: (gpio-96-127): created GPIO range 22->23 ==> 44e10800.pinmux PIN 8->9
[    0.829072] gpio gpiochip3: (gpio-96-127): created GPIO range 26->27 ==> 44e10800.pinmux PIN 10->11
[    0.829089] gpio gpiochip3: (gpio-96-127): created GPIO range 28->28 ==> 44e10800.pinmux PIN 74->74
[    0.829106] gpio gpiochip3: (gpio-96-127): created GPIO range 29->29 ==> 44e10800.pinmux PIN 81->81
[    0.829126] gpio gpiochip3: (gpio-96-127): created GPIO range 30->31 ==> 44e10800.pinmux PIN 28->29
[    0.858460] gpio gpiochip3: (gpio-96-127): added GPIO chardev (254:3)
[    0.858702] gpio gpiochip3: registered GPIOs 608 to 639 on gpio-96-127
[    0.860561] omap8250 44e09000.serial: using DT '/ocp/interconnect@44c00000/segment@200000/target-module@9000/serial@0' for 'rs485-term' GPIO lookup
[    0.860629] of_get_named_gpiod_flags: can't parse 'rs485-term-gpios' property of node '/ocp/interconnect@44c00000/segment@200000/target-module@9000/serial@0[0]'
[    0.860671] of_get_named_gpiod_flags: can't parse 'rs485-term-gpio' property of node '/ocp/interconnect@44c00000/segment@200000/target-module@9000/serial@0[0]'
[    0.860707] omap8250 44e09000.serial: using lookup tables for GPIO lookup
[    0.860717] omap8250 44e09000.serial: No GPIO consumer rs485-term found
[    0.860727] omap8250 44e09000.serial: using DT '/ocp/interconnect@44c00000/segment@200000/target-module@9000/serial@0' for 'rs485-rx-during-tx' GPIO lookup
[    0.860762] of_get_named_gpiod_flags: can't parse 'rs485-rx-during-tx-gpios' property of node '/ocp/interconnect@44c00000/segment@200000/target-module@9000/serial@0[0]'
[    0.860798] of_get_named_gpiod_flags: can't parse 'rs485-rx-during-tx-gpio' property of node '/ocp/interconnect@44c00000/segment@200000/target-module@9000/serial@0[0]'
[    0.860829] omap8250 44e09000.serial: using lookup tables for GPIO lookup
[    0.860837] omap8250 44e09000.serial: No GPIO consumer rs485-rx-during-tx found
[    0.861302] 44e09000.serial: ttyS0 at MMIO 0x44e09000 (irq = 34, base_baud = 3000000) is a 8250
[    0.861393] printk: legacy console [ttyS0] enabled
[    2.426022] i2c i2c-0: using DT '/ocp/interconnect@44c00000/segment@200000/target-module@b000/i2c@0' for 'scl' GPIO lookup
[    2.426111] of_get_named_gpiod_flags: can't parse 'scl-gpios' property of node '/ocp/interconnect@44c00000/segment@200000/target-module@b000/i2c@0[0]'
[    2.426157] of_get_named_gpiod_flags: can't parse 'scl-gpio' property of node '/ocp/interconnect@44c00000/segment@200000/target-module@b000/i2c@0[0]'
[    2.426199] i2c i2c-0: using lookup tables for GPIO lookup
[    2.426213] i2c i2c-0: No GPIO consumer scl found
[    2.426237] i2c i2c-0: using DT '/ocp/interconnect@44c00000/segment@200000/target-module@b000/i2c@0' for 'sda' GPIO lookup
[    2.426277] of_get_named_gpiod_flags: can't parse 'sda-gpios' property of node '/ocp/interconnect@44c00000/segment@200000/target-module@b000/i2c@0[0]'
[    2.426318] of_get_named_gpiod_flags: can't parse 'sda-gpio' property of node '/ocp/interconnect@44c00000/segment@200000/target-module@b000/i2c@0[0]'
[    2.426353] i2c i2c-0: using lookup tables for GPIO lookup
[    2.426365] i2c i2c-0: No GPIO consumer sda found
[    2.442453] tps65217-pmic: Failed to locate of_node [id: -1]
[    2.448514] tps65217-bl: Failed to locate of_node [id: -1]
[    2.454617] platform tps65217-charger: DMA mask not set
[    2.460643] platform tps65217-pwrbutton: DMA mask not set
[    2.467945] tps65217 0-0024: TPS65217 ID 0xe version 1.2
[    2.474084] /ocp/interconnect@48000000/segment@300000/target-module@e000/lcdc@0: Fixed dependency cycle(s) with /ocp/interconnect@44c00000/segment@200000/target-module@b000/i2c@0/tda19988@70
[    2.491505] /ocp/interconnect@44c00000/segment@200000/target-module@b000/i2c@0/tda19988@70: Fixed dependency cycle(s) with /ocp/interconnect@48000000/segment@300000/target-module@e000/lcdc@0
[    2.508849] omap_i2c 44e0b000.i2c: bus 0 rev0.11 at 400 kHz
[    2.516508] sdhci-omap 48060000.mmc: using DT '/ocp/interconnect@48000000/segment@0/target-module@60000/mmc@0' for 'cd' GPIO lookup
[    2.516619] of_get_named_gpiod_flags: parsed 'cd-gpios' property of node '/ocp/interconnect@48000000/segment@0/target-module@60000/mmc@0[0]' - status (0)
[    2.516682] gpio gpiochip3: Persistence not supported for GPIO 6
[    2.516708] omap_gpio 44e07000.gpio: Could not set line 6 debounce to 200000 microseconds (-22)
[    2.525639] sdhci-omap 48060000.mmc: Got CD GPIO
[    2.530294] sdhci-omap 48060000.mmc: using DT '/ocp/interconnect@48000000/segment@0/target-module@60000/mmc@0' for 'wp' GPIO lookup
[    2.530343] of_get_named_gpiod_flags: can't parse 'wp-gpios' property of node '/ocp/interconnect@48000000/segment@0/target-module@60000/mmc@0[0]'
[    2.530386] of_get_named_gpiod_flags: can't parse 'wp-gpio' property of node '/ocp/interconnect@48000000/segment@0/target-module@60000/mmc@0[0]'
[    2.530426] sdhci-omap 48060000.mmc: using lookup tables for GPIO lookup
[    2.530440] sdhci-omap 48060000.mmc: No GPIO consumer wp found
[    2.530651] sdhci-omap 48060000.mmc: supply pbias not found, using dummy regulator
[    2.539474] sdhci-omap 481d8000.mmc: using DT '/ocp/interconnect@48000000/segment@100000/target-module@d8000/mmc@0' for 'wp' GPIO lookup
[    2.539551] of_get_named_gpiod_flags: can't parse 'wp-gpios' property of node '/ocp/interconnect@48000000/segment@100000/target-module@d8000/mmc@0[0]'
[    2.539597] of_get_named_gpiod_flags: can't parse 'wp-gpio' property of node '/ocp/interconnect@48000000/segment@100000/target-module@d8000/mmc@0[0]'
[    2.539637] sdhci-omap 481d8000.mmc: using lookup tables for GPIO lookup
[    2.539651] sdhci-omap 481d8000.mmc: No GPIO consumer wp found
[    2.540623] sdhci-omap 48060000.mmc: supply vqmmc not found, using dummy regulator
[    2.549866] sdhci-omap 481d8000.mmc: supply pbias not found, using dummy regulator
[    2.560270] sdhci-omap 481d8000.mmc: supply vqmmc not found, using dummy regulator
[    2.595225] mmc0: SDHCI controller on 48060000.mmc [48060000.mmc] using External DMA
[    2.603544] mmc1: SDHCI controller on 481d8000.mmc [481d8000.mmc] using External DMA
[    2.612385] cpsw-switch 4a100000.switch: starting ndev. mode: dual_mac
[    2.681802] mmc1: new high speed MMC card at address 0001
[    2.688637] mmcblk1: mmc1:0001 MMC04G 3.60 GiB
[    2.696526]  mmcblk1: p1 p2
[    2.700302] SMSC LAN8710/LAN8720 4a101000.mdio:00: attached PHY driver (mii_bus:phy_addr=4a101000.mdio:00, irq=POLL)
[    2.711913] mmcblk1boot0: mmc1:0001 MMC04G 2.00 MiB
[    2.726779] mmcblk1boot1: mmc1:0001 MMC04G 2.00 MiB
[    2.735482] mmcblk1rpmb: mmc1:0001 MMC04G 128 KiB, chardev (249:0)
[    2.784578] mmc0: new high speed SDHC card at address aaaa
[    2.791408] mmcblk0: mmc0:aaaa SE32G 29.7 GiB
[    2.800713]  mmcblk0: p1 p2
[    5.842267] cpsw-switch 4a100000.switch eth0: Link is Up - 100Mbps/Full - flow control off
[    5.881752] IP-Config: Complete:
[    5.885030]      device=eth0, hwaddr=6c:ec:eb:68:de:78, ipaddr=192.168.255.1, mask=255.255.255.0, gw=255.255.255.255
[    5.895705]      host=bbb1, domain=, nis-domain=(none)
[    5.900873]      bootserver=192.168.255.126, rootserver=192.168.255.126, rootpath=
[    5.901297] clk: Disabling unused clocks
[    5.913139] PM: genpd: Disabling unused power domains
[    5.918289] KTAP version 1
[    5.921012] 1..0
[    5.923497] check access for rdinit=/init failed: -2, ignoring
[    5.951913] VFS: Mounted root (nfs filesystem) on device 0:17.
[    5.958760] devtmpfs: mounted
[    5.963589] Freeing unused kernel image (initmem) memory: 1024K
[    5.970196] Run /sbin/init as init process
[    5.974421]   with arguments:
[    5.974437]     /sbin/init
[    5.974447]     nfsrootdebug
[    5.974456]   with environment:
[    5.974465]     HOME=/
[    5.974474]     TERM=linux
[    6.637496] systemd[1]: System time before build time, advancing clock.
[    8.171523] random: crng init done
[    8.184138] systemd[1]: systemd 232 running in system mode. (+PAM +AUDIT +SELINUX +IMA +APPARMOR +SMACK +SYSVINIT +UTMP +LIBCRYPTSETUP +GCRYPT +GNUTLS +ACL +XZ +LZ4 +SECCOMP +BLKID +ELFUTILS +KMOD +IDN)
[    8.203239] systemd[1]: Detected architecture arm.
[    8.234642] systemd[1]: Set hostname to <arm>.
[    9.318237] systemd[1]: Started Dispatch Password Requests to Console Directory Watch.
[    9.352088] systemd[1]: Reached target Remote File Systems.
[    9.385379] systemd[1]: syslog.socket: SO_PASSSEC failed: Operation not supported
[    9.393367] systemd[1]: Listening on Syslog Socket.
[    9.422157] systemd[1]: systemd-journald-dev-log.socket: SO_PASSSEC failed: Operation not supported
[    9.431748] systemd[1]: Listening on Journal Socket (/dev/log).
[    9.462134] systemd[1]: Listening on udev Kernel Socket.
[   11.920490] systemd-journald[88]: Received request to flush runtime journal from PID 1
[   12.642113] omap_prm 44e00d00.prm: sync_state() pending due to 44d00000.cpu
[   14.525898] leds-gpio leds: using DT '/leds/led2' for '(default)' GPIO lookup
[   14.526006] of_get_named_gpiod_flags: parsed 'gpios' property of node '/leds/led2[0]' - status (0)
[   14.526064] gpio gpiochip0: Persistence not supported for GPIO 21
[   14.526079] gpio-533 (?): no flags found for GPIO (default)
[   14.572008] leds-gpio leds: using DT '/leds/led3' for '(default)' GPIO lookup
[   14.572116] of_get_named_gpiod_flags: parsed 'gpios' property of node '/leds/led3[0]' - status (0)
[   14.572171] gpio gpiochip0: Persistence not supported for GPIO 22
[   14.572187] gpio-534 (?): no flags found for GPIO (default)
[   14.588512] leds-gpio leds: using DT '/leds/led4' for '(default)' GPIO lookup
[   14.588615] of_get_named_gpiod_flags: parsed 'gpios' property of node '/leds/led4[0]' - status (0)
[   14.588666] gpio gpiochip0: Persistence not supported for GPIO 23
[   14.588680] gpio-535 (?): no flags found for GPIO (default)
[   14.614097] leds-gpio leds: using DT '/leds/led5' for '(default)' GPIO lookup
[   14.614197] of_get_named_gpiod_flags: parsed 'gpios' property of node '/leds/led5[0]' - status (0)
[   14.614247] gpio gpiochip0: Persistence not supported for GPIO 24
[   14.614262] gpio-536 (?): no flags found for GPIO (default)
[   14.891172] remoteproc remoteproc0: wkup_m3 is available
[   15.184745] omap_rtc 44e3e000.rtc: registered as rtc0
[   15.189924] omap_rtc 44e3e000.rtc: setting system clock to 2000-01-01T00:00:00 UTC (946684800)
[   15.198811] omap_rtc 44e3e000.rtc: using DT '/ocp/interconnect@44c00000/segment@200000/target-module@3e000/rtc@0' for 'wp' GPIO lookup
[   15.198885] of_get_named_gpiod_flags: can't parse 'wp-gpios' property of node '/ocp/interconnect@44c00000/segment@200000/target-module@3e000/rtc@0[0]'
[   15.198935] of_get_named_gpiod_flags: can't parse 'wp-gpio' property of node '/ocp/interconnect@44c00000/segment@200000/target-module@3e000/rtc@0[0]'
[   15.198976] omap_rtc 44e3e000.rtc: using lookup tables for GPIO lookup
[   15.198992] omap_rtc 44e3e000.rtc: No GPIO consumer wp found
[   15.375912] at24 2-0054: supply vcc not found, using dummy regulator
[   15.453752] omap_wdt: OMAP Watchdog Timer Rev 0x01: initial timeout 60 sec
[   15.527273] at24 2-0055: supply vcc not found, using dummy regulator
[   15.656906] at24 2-0056: supply vcc not found, using dummy regulator
[   15.670734] am335x-phy-driver 47401300.usb-phy: using DT '/ocp/target-module@47400000/usb-phy@1300' for 'reset' GPIO lookup
[   15.670825] of_get_named_gpiod_flags: can't parse 'reset-gpios' property of node '/ocp/target-module@47400000/usb-phy@1300[0]'
[   15.670870] of_get_named_gpiod_flags: can't parse 'reset-gpio' property of node '/ocp/target-module@47400000/usb-phy@1300[0]'
[   15.670909] am335x-phy-driver 47401300.usb-phy: using lookup tables for GPIO lookup
[   15.670924] am335x-phy-driver 47401300.usb-phy: No GPIO consumer reset found
[   15.670939] am335x-phy-driver 47401300.usb-phy: using DT '/ocp/target-module@47400000/usb-phy@1300' for 'vbus-detect' GPIO lookup
[   15.670970] of_get_named_gpiod_flags: can't parse 'vbus-detect-gpios' property of node '/ocp/target-module@47400000/usb-phy@1300[0]'
[   15.671002] of_get_named_gpiod_flags: can't parse 'vbus-detect-gpio' property of node '/ocp/target-module@47400000/usb-phy@1300[0]'
[   15.671028] am335x-phy-driver 47401300.usb-phy: using lookup tables for GPIO lookup
[   15.671040] am335x-phy-driver 47401300.usb-phy: No GPIO consumer vbus-detect found
[   15.671186] am335x-phy-driver 47401300.usb-phy: dummy supplies not allowed for exclusive requests (id=vbus)
[   15.784682] at24 2-0057: supply vcc not found, using dummy regulator
[   15.897136] at24 0-0050: using DT '/ocp/interconnect@44c00000/segment@200000/target-module@b000/i2c@0/eeprom@50' for 'wp' GPIO lookup
[   15.897245] of_get_named_gpiod_flags: can't parse 'wp-gpios' property of node '/ocp/interconnect@44c00000/segment@200000/target-module@b000/i2c@0/eeprom@50[0]'
[   15.897304] of_get_named_gpiod_flags: can't parse 'wp-gpio' property of node '/ocp/interconnect@44c00000/segment@200000/target-module@b000/i2c@0/eeprom@50[0]'
[   15.897351] at24 0-0050: using lookup tables for GPIO lookup
[   15.897366] at24 0-0050: No GPIO consumer wp found
[   15.897651] at24 0-0050: 32768 byte 24c256 EEPROM, writable, 1 bytes/write
[   15.994962] input: tps65217_pwrbutton as /devices/platform/ocp/44c00000.interconnect/44c00000.interconnect:segment@200000/44e0b000.target-module/44e0b000.i2c/i2c-0/0-0024/tps65217-pwrbutton/input/input0
[   16.033295] am335x-phy-driver 47401b00.usb-phy: using DT '/ocp/target-module@47400000/usb-phy@1b00' for 'reset' GPIO lookup
[   16.033388] of_get_named_gpiod_flags: can't parse 'reset-gpios' property of node '/ocp/target-module@47400000/usb-phy@1b00[0]'
[   16.033431] of_get_named_gpiod_flags: can't parse 'reset-gpio' property of node '/ocp/target-module@47400000/usb-phy@1b00[0]'
[   16.033470] am335x-phy-driver 47401b00.usb-phy: using lookup tables for GPIO lookup
[   16.033487] am335x-phy-driver 47401b00.usb-phy: No GPIO consumer reset found
[   16.033501] am335x-phy-driver 47401b00.usb-phy: using DT '/ocp/target-module@47400000/usb-phy@1b00' for 'vbus-detect' GPIO lookup
[   16.033533] of_get_named_gpiod_flags: can't parse 'vbus-detect-gpios' property of node '/ocp/target-module@47400000/usb-phy@1b00[0]'
[   16.033565] of_get_named_gpiod_flags: can't parse 'vbus-detect-gpio' property of node '/ocp/target-module@47400000/usb-phy@1b00[0]'
[   16.033592] am335x-phy-driver 47401b00.usb-phy: using lookup tables for GPIO lookup
[   16.033604] am335x-phy-driver 47401b00.usb-phy: No GPIO consumer vbus-detect found
[   16.033757] am335x-phy-driver 47401b00.usb-phy: dummy supplies not allowed for exclusive requests (id=vbus)
[   17.005610] usbcore: registered new interface driver usbfs
[   17.011247] usbcore: registered new interface driver hub
[   17.016976] usbcore: registered new device driver usb
[   17.878489] musb-hdrc musb-hdrc.1: MUSB HDRC host driver
[   17.884152] musb-hdrc musb-hdrc.1: new USB bus registered, assigned bus number 1
[   17.953372] tda998x 0-0070: found TDA19988
[   18.078400] omap-mailbox 480c8000.mailbox: omap mailbox rev 0x400
[   18.170402] remoteproc remoteproc0: powering up wkup_m3
[   18.192156] usb usb1: New USB device found, idVendor=1d6b, idProduct=0002, bcdDevice= 6.17
[   18.200804] usb usb1: New USB device strings: Mfr=3, Product=2, SerialNumber=1
[   18.208192] usb usb1: Product: MUSB HDRC host driver
[   18.213224] usb usb1: Manufacturer: Linux 6.17.0 musb-hcd
[   18.218652] usb usb1: SerialNumber: musb-hdrc.1
[   18.414998] remoteproc remoteproc0: Direct firmware load for am335x-pm-firmware.elf failed with error -2
[   18.425491] remoteproc remoteproc0: request_firmware failed: -2
[   18.431648] wkup_m3_ipc 44e11324.wkup_m3_ipc: rproc_boot failed
[   18.608826] hub 1-0:1.0: USB hub found
[   18.698952] hub 1-0:1.0: 1 port detected
[   20.451996] omap_rng 48310000.rng: Random Number Generator ver. 20
[   20.605861] tilcdc 4830e000.lcdc: bound 0-0070 (ops 0xbf08b0f8)
[   20.687436] [drm] Initialized tilcdc 1.0.0 for 4830e000.lcdc on minor 0
[   20.761016] tilcdc 4830e000.lcdc: [drm] Cannot find any crtc or sizes
[   20.771071] tilcdc 4830e000.lcdc: [drm] Cannot find any crtc or sizes
[   21.947968] omap-sham 53100000.sham: hw accel on OMAP rev 4.3
[   21.957916] PM: Cannot get wkup_m3_ipc handle
[   22.111838] omap-sham 53100000.sham: will run requests pump with realtime priority
[   22.121419] PM: Cannot get wkup_m3_ipc handle
[   22.468273] omap-aes 53500000.aes: OMAP AES hw accel rev: 3.2
[   22.622953] omap-aes 53500000.aes: will run requests pump with realtime priority
[   22.631321] PM: Cannot get wkup_m3_ipc handle
[   24.519169] ------------[ cut here ]------------
[   24.523999] WARNING: CPU: 0 PID: 296 at net/8021q/vlan_core.c:236 vlan_for_each+0x114/0x134
[   24.532504] RTNL: assertion failed at net/8021q/vlan_core.c (236)
[   24.538632] Modules linked in: ecdh_generic ecc omap_aes_driver snd_soc_simple_card omap_crypto snd_soc_simple_card_utils libaes pm33xx omap_sham crypto_engine ti_emif_sram tilcdc omap_rng drm_dma_helper rng_core drm_client_lib snd_soc_davinci_mcasp snd_soc_ti_udma snd_soc_ti_edma snd_soc_ti_sdma snd_soc_core snd_pcm_dmaengine snd_pcm omap_mailbox snd_timer snd musb_dsps tda998x musb_hdrc soundcore cec udc_core drm_kms_helper usbcore drm wkup_m3_ipc tps65218_pwrbutton phy_am335x drm_panel_orientation_quirks phy_am335x_control phy_generic omap_wdt at24 usb_common watchdog rtc_omap cppi41 wkup_m3_rproc leds_gpio led_class cpufreq_dt autofs4
[   24.595838] CPU: 0 UID: 107 PID: 296 Comm: avahi-daemon Not tainted 6.17.0 #1 NONE 
[   24.595858] Hardware name: Generic AM33XX (Flattened Device Tree)
[   24.595867] Call trace: 
[   24.595882]  unwind_backtrace from show_stack+0x10/0x14
[   24.595920]  show_stack from dump_stack_lvl+0x50/0x64
[   24.595945]  dump_stack_lvl from __warn+0x74/0x12c
[   24.595963]  __warn from warn_slowpath_fmt+0x19c/0x1b0
[   24.595976]  warn_slowpath_fmt from vlan_for_each+0x114/0x134
[   24.596000]  vlan_for_each from cpsw_add_mc_addr+0x40/0xa4
[   24.596030]  cpsw_add_mc_addr from __hw_addr_ref_sync_dev+0x108/0x140
[   24.596063]  __hw_addr_ref_sync_dev from __dev_mc_add+0x7c/0x80
[   24.596087]  __dev_mc_add from igmp6_group_added+0xc8/0xe0
[   24.596118]  igmp6_group_added from __ipv6_dev_mc_inc+0x218/0x364
[   24.596137]  __ipv6_dev_mc_inc from __ipv6_sock_mc_join+0x11c/0x214
[   24.596156]  __ipv6_sock_mc_join from do_ipv6_setsockopt+0x1214/0x1310
[   24.596191]  do_ipv6_setsockopt from ipv6_setsockopt+0x60/0xcc
[   24.596213]  ipv6_setsockopt from udpv6_setsockopt+0x2c/0x6c
[   24.596233]  udpv6_setsockopt from sock_common_setsockopt+0x30/0x40
[   24.596249]  sock_common_setsockopt from do_sock_setsockopt+0x50/0x9c
[   24.596272]  do_sock_setsockopt from __sys_setsockopt+0x70/0xbc
[   24.596296]  __sys_setsockopt from ret_fast_syscall+0x0/0x58
[   24.596314] Exception stack(0xe02b5fa8 to 0xe02b5ff0)
[   24.596330] 5fa0:                   00000014 b6fc4ce8 0000000d 00000029 00000014 bef5a9ec
[   24.596341] 5fc0: 00000014 b6fc4ce8 00000014 00000126 0000000d b6f6dff4 0052e988 00516558
[   24.596351] 5fe0: b6f83088 bef5a9d8 b6f60309 b6e3741a
[   24.596358] ---[ end trace 0000000000000000 ]---
[   25.406032] Bluetooth: Core ver 2.22
[   25.409863] NET: Registered PF_BLUETOOTH protocol family
[   25.415374] Bluetooth: HCI device and connection manager initialized
[   25.421845] Bluetooth: HCI socket layer initialized
[   25.426758] Bluetooth: L2CAP socket layer initialized
[   25.431909] Bluetooth: SCO socket layer initialized
[   25.949188] tda998x 0-0070: using DT '/ocp/interconnect@44c00000/segment@200000/target-module@b000/i2c@0/tda19988@70' for 'nxp,calib' GPIO lookup
[   25.949461] of_get_named_gpiod_flags: parsed 'nxp,calib-gpios' property of node '/ocp/interconnect@44c00000/segment@200000/target-module@b000/i2c@0/tda19988@70[0]' - status (0)
[   25.949552] gpio gpiochip0: Persistence not supported for GPIO 25
[   25.949568] gpio-537 (nxp,calib): no flags found for GPIO nxp,calib
[   25.966971] gpio-537 (nxp,calib): gpiod_direction_output_nonotify: tried to set a GPIO tied to an IRQ as output
[   26.006243] PM: Cannot get wkup_m3_ipc handle
[   26.012310] asoc-simple-card sound: using DT '/sound' for 'simple-audio-card,hp-det' GPIO lookup
[   26.012386] of_get_named_gpiod_flags: can't parse 'simple-audio-card,hp-det-gpios' property of node '/sound[0]'
[   26.012422] of_get_named_gpiod_flags: can't parse 'simple-audio-card,hp-det-gpio' property of node '/sound[0]'
[   26.012448] asoc-simple-card sound: using lookup tables for GPIO lookup
[   26.012462] asoc-simple-card sound: No GPIO consumer simple-audio-card,hp-det found
[   26.012477] asoc-simple-card sound: using DT '/sound' for 'simple-audio-card,mic-det' GPIO lookup
[   26.012502] of_get_named_gpiod_flags: can't parse 'simple-audio-card,mic-det-gpios' property of node '/sound[0]'
[   26.012528] of_get_named_gpiod_flags: can't parse 'simple-audio-card,mic-det-gpio' property of node '/sound[0]'
[   26.012549] asoc-simple-card sound: using lookup tables for GPIO lookup
[   26.012561] asoc-simple-card sound: No GPIO consumer simple-audio-card,mic-det found
[   26.162702] PM: Cannot get wkup_m3_ipc handle
[   26.294601] tda9950 0-0034: TDA9950 CEC interface, hardware version 3.3
[   26.447074] PM: Cannot get wkup_m3_ipc handle
[   29.730003] userial_init: registered 8 ttyGS* devices
[   29.963156] rndis_register: configNr = 0
[   30.025596] udc musb-hdrc.0: binding gadget driver [g_multi]
[   30.025690] configfs-gadget.g_multi gadget.0: adding 'rndis'/527e78ee to config 'c'/9383f971
[   30.026841] configfs-gadget.g_multi gadget.0: HOST MAC 1c:ba:8c:a2:ed:6c
[   30.033880] configfs-gadget.g_multi gadget.0: MAC 1c:ba:8c:a2:ed:70
[   30.040426] rndis_set_param_medium: 0 0
[   30.040452] configfs-gadget.g_multi gadget.0: RNDIS: IN/ep1in OUT/ep1out NOTIFY/ep2in
[   30.040469] configfs-gadget.g_multi gadget.0: adding 'cdc_ethernet'/eed083aa to config 'c'/9383f971
[   30.041437] configfs-gadget.g_multi gadget.0: HOST MAC 1c:ba:8c:a2:ed:6c
[   30.048517] configfs-gadget.g_multi gadget.0: MAC 1c:ba:8c:a2:ed:6d
[   30.054923] configfs-gadget.g_multi gadget.0: CDC Ethernet: IN/ep3in OUT/ep2out NOTIFY/ep4in
[   30.054945] configfs-gadget.g_multi gadget.0: adding 'acm'/d00c79d9 to config 'c'/9383f971
[   30.054982] configfs-gadget.g_multi gadget.0: acm ttyGS0: IN/ep5in OUT/ep3out NOTIFY/ep6in
[   30.058549] PM: Cannot get wkup_m3_ipc handle
[   31.905025] configfs-gadget.g_multi gadget.0: eth_open
[   35.506435] gs_open: ttyGS0 (57a15c80,2dab7b1f)
[   35.506589] gs_close: ttyGS0 (57a15c80,2dab7b1f) ...
[   35.506612] gs_close: ttyGS0 (57a15c80,2dab7b1f) done!
[   35.526768] gs_open: ttyGS0 (57a15c80,f57df46d)
[   35.526895] gs_close: ttyGS0 (57a15c80,f57df46d) ...
[   35.526917] gs_close: ttyGS0 (57a15c80,f57df46d) done!
[   35.648429] gs_open: ttyGS0 (3d88926d,101df943)
[   35.648670] gs_close: ttyGS0 (3d88926d,101df943) ...
[   35.648698] gs_close: ttyGS0 (3d88926d,101df943) done!
[   35.653952] gs_open: ttyGS0 (3d88926d,99c1ff92)
QCFHGWQKFY 0
root@arm:~# echo 'ZNET''ULZUPA'
ZNETULZUPA
root@arm:~# MARKER='PNAY''WGUMLB' run 'modprobe test_linear_ranges'
PNAYWGUMLBPNAYWGUMLB 0
root@arm:~# echo 'ZOPA''AFTELA'
ZOPAAFTELA
root@arm:~# MARKER='BWOU''XWKUHZ' run dmesg
BWOUXWKUHZ[    0.000000] Booting Linux on physical CPU 0x0
[    0.000000] Linux version 6.17.0 (user01@drvtest01) (arm-none-eabi-gcc (Arm GNU Toolchain 14.2.Rel1 (Build arm-14.52)) 14.2.1 20241119, GNU ld (Arm GNU Toolchain 14.2.Rel1 (Build arm-14.52)) 2.43.1.20241119) #1 SMP Mon Sep 29 01:17:26 EEST 2025
[    0.000000] CPU: ARMv7 Processor [413fc082] revision 2 (ARMv7), cr=10c5387d
[    0.000000] CPU: PIPT / VIPT nonaliasing data cache, VIPT aliasing instruction cache
[    0.000000] OF: fdt: Machine model: TI AM335x BeagleBone Black
[    0.000000] Memory policy: Data cache writeback
[    0.000000] cma: Reserved 16 MiB at 0x9e800000
[    0.000000] Zone ranges:
[    0.000000]   Normal   [mem 0x0000000080000000-0x000000009fdfffff]
[    0.000000]   HighMem  empty
[    0.000000] Movable zone start for each node
[    0.000000] Early memory node ranges
[    0.000000]   node   0: [mem 0x0000000080000000-0x000000009fdfffff]
[    0.000000] Initmem setup node 0 [mem 0x0000000080000000-0x000000009fdfffff]
[    0.000000] On node 0, zone Normal: 512 pages in unavailable ranges
[    0.000000] OF: reserved mem: Reserved memory: No reserved-memory node in the DT
[    0.000000] CPU: All CPU(s) started in SVC mode.
[    0.000000] AM335X ES2.1 (sgx neon)
[    0.000000] percpu: Embedded 17 pages/cpu s39820 r8192 d21620 u69632
[    0.000000] pcpu-alloc: s39820 r8192 d21620 u69632 alloc=17*4096
[    0.000000] pcpu-alloc: [0] 0 
[    0.000000] Kernel command line: console=ttyO0,115200n8 root=/dev/nfs rw nfsroot=192.168.255.126:/home/user01/nfs,nfsvers=3 ip=192.168.255.1:192.168.255.126::255.255.255.0:bbb1:eth0 nfsrootdebug
[    0.000000] Unknown kernel command line parameters "nfsrootdebug", will be passed to user space.
[    0.000000] printk: log buffer data + meta data: 65536 + 204800 = 270336 bytes
[    0.000000] Dentry cache hash table entries: 65536 (order: 6, 262144 bytes, linear)
[    0.000000] Inode-cache hash table entries: 32768 (order: 5, 131072 bytes, linear)
[    0.000000] Built 1 zonelists, mobility grouping on.  Total pages: 130560
[    0.000000] mem auto-init: stack:off, heap alloc:off, heap free:off
[    0.000000] SLUB: HWalign=16, Order=0-3, MinObjects=0, CPUs=1, Nodes=1
[    0.000000] rcu: Hierarchical RCU implementation.
[    0.000000] rcu: 	RCU event tracing is enabled.
[    0.000000] rcu: 	RCU restricting CPUs from NR_CPUS=2 to nr_cpu_ids=1.
[    0.000000] 	Tracing variant of Tasks RCU enabled.
[    0.000000] rcu: RCU calculated value of scheduler-enlistment delay is 10 jiffies.
[    0.000000] rcu: Adjusting geometry for rcu_fanout_leaf=16, nr_cpu_ids=1
[    0.000000] RCU Tasks Trace: Setting shift to 0 and lim to 1 rcu_task_cb_adjust=1 rcu_task_cpu_ids=1.
[    0.000000] NR_IRQS: 16, nr_irqs: 16, preallocated irqs: 16
[    0.000000] IRQ: Found an INTC at 0x(ptrval) (revision 5.0) with 128 interrupts
[    0.000000] rcu: srcu_init: Setting srcu_struct sizes based on contention.
[    0.000000] TI gptimer clocksource: always-on /ocp/interconnect@44c00000/segment@200000/target-module@31000
[    0.000003] sched_clock: 32 bits at 24MHz, resolution 41ns, wraps every 89478484971ns
[    0.000026] clocksource: dmtimer: mask: 0xffffffff max_cycles: 0xffffffff, max_idle_ns: 79635851949 ns
[    0.000522] TI gptimer clockevent: 24000000 Hz at /ocp/interconnect@48000000/segment@0/target-module@40000
[    0.002137] Console: colour dummy device 80x30
[    0.002203] WARNING: Your 'console=ttyO0' has been replaced by 'ttyS0'
[    0.002211] This ensures that you still see kernel messages. Please
[    0.002216] update your kernel commandline.
[    0.002259] Calibrating delay loop... 996.14 BogoMIPS (lpj=4980736)
[    0.090569] CPU: Testing write buffer coherency: ok
[    0.090679] CPU0: Spectre v2: using BPIALL workaround
[    0.090689] pid_max: default: 32768 minimum: 301
[    0.090842] LSM: initializing lsm=capability
[    0.091012] Mount-cache hash table entries: 1024 (order: 0, 4096 bytes, linear)
[    0.091031] Mountpoint-cache hash table entries: 1024 (order: 0, 4096 bytes, linear)
[    0.092599] CPU0: thread -1, cpu 0, socket -1, mpidr 0
[    0.092658] cacheinfo: Unable to detect cache hierarchy for CPU 0
[    0.094685] Setting up static identity map for 0x80100000 - 0x80100078
[    0.094990] rcu: Hierarchical SRCU implementation.
[    0.095001] rcu: 	Max phase no-delay instances is 1000.
[    0.096716] smp: Bringing up secondary CPUs ...
[    0.096768] smp: Brought up 1 node, 1 CPU
[    0.096782] SMP: Total of 1 processors activated (996.14 BogoMIPS).
[    0.096793] CPU: All CPU(s) started in SVC mode.
[    0.096990] Memory: 480856K/522240K available (11264K kernel code, 1218K rwdata, 2936K rodata, 1024K init, 253K bss, 23352K reserved, 16384K cma-reserved, 0K highmem)
[    0.097799] devtmpfs: initialized
[    0.114984] VFP support v0.3: implementor 41 architecture 3 part 30 variant c rev 3
[    0.115635] clocksource: jiffies: mask: 0xffffffff max_cycles: 0xffffffff, max_idle_ns: 19112604462750000 ns
[    0.115691] posixtimers hash table entries: 512 (order: 0, 4096 bytes, linear)
[    0.115718] futex hash table entries: 256 (16384 bytes on 1 NUMA nodes, total 16 KiB, linear).
[    0.116843] pinctrl core: initialized pinctrl subsystem
[    0.118993] NET: Registered PF_NETLINK/PF_ROUTE protocol family
[    0.122157] DMA: preallocated 256 KiB pool for atomic coherent allocations
[    0.122769] audit: initializing netlink subsys (disabled)
[    0.124098] thermal_sys: Registered thermal governor 'fair_share'
[    0.124113] thermal_sys: Registered thermal governor 'step_wise'
[    0.124122] thermal_sys: Registered thermal governor 'user_space'
[    0.124231] audit: type=2000 audit(0.120:1): state=initialized audit_enabled=0 res=1
[    0.124306] cpuidle: using governor menu
[    0.142550] /ocp/interconnect@44c00000/segment@200000/target-module@b000/i2c@0/tda19988@70: Fixed dependency cycle(s) with /ocp/interconnect@48000000/segment@300000/target-module@e000/lcdc@0
[    0.143675] /ocp/interconnect@48000000/segment@300000/target-module@e000/lcdc@0: Fixed dependency cycle(s) with /ocp/interconnect@44c00000/segment@200000/target-module@b000/i2c@0/tda19988@70
[    0.145918] No ATAGs?
[    0.145961] hw-breakpoint: debug architecture 0x4 unsupported.
[    0.149096] kprobes: kprobe jump-optimization is enabled. All kprobes are optimized if possible.
[    0.163848] iommu: Default domain type: Translated
[    0.163871] iommu: DMA domain TLB invalidation policy: strict mode
[    0.165510] reg-fixed-voltage fixedregulator0: using DT '/fixedregulator0' for '(default)' GPIO lookup
[    0.165566] of_get_named_gpiod_flags: can't parse 'gpios' property of node '/fixedregulator0[0]'
[    0.165593] of_get_named_gpiod_flags: can't parse 'gpio' property of node '/fixedregulator0[0]'
[    0.165612] reg-fixed-voltage fixedregulator0: using lookup tables for GPIO lookup
[    0.165623] reg-fixed-voltage fixedregulator0: No GPIO consumer (default) found
[    0.166667] SCSI subsystem initialized
[    0.167122] libata version 3.00 loaded.
[    0.167500] pps_core: LinuxPPS API ver. 1 registered
[    0.167511] pps_core: Software ver. 5.3.6 - Copyright 2005-2007 Rodolfo Giometti <giometti@linux.it>
[    0.167534] PTP clock support registered
[    0.171140] vgaarb: loaded
[    0.171501] clocksource: Switched to clocksource dmtimer
[    0.172170] VFS: Disk quotas dquot_6.6.0
[    0.172225] VFS: Dquot-cache hash table entries: 1024 (order 0, 4096 bytes)
[    0.204452] NET: Registered PF_INET protocol family
[    0.204794] IP idents hash table entries: 8192 (order: 4, 65536 bytes, linear)
[    0.206205] tcp_listen_portaddr_hash hash table entries: 512 (order: 0, 4096 bytes, linear)
[    0.206241] Table-perturb hash table entries: 65536 (order: 6, 262144 bytes, linear)
[    0.206260] TCP established hash table entries: 4096 (order: 2, 16384 bytes, linear)
[    0.206305] TCP bind hash table entries: 4096 (order: 4, 65536 bytes, linear)
[    0.206405] TCP: Hash tables configured (established 4096 bind 4096)
[    0.206527] UDP hash table entries: 256 (order: 1, 14336 bytes, linear)
[    0.206563] UDP-Lite hash table entries: 256 (order: 1, 14336 bytes, linear)
[    0.206752] NET: Registered PF_UNIX/PF_LOCAL protocol family
[    0.208019] RPC: Registered named UNIX socket transport module.
[    0.208042] RPC: Registered udp transport module.
[    0.208047] RPC: Registered tcp transport module.
[    0.208052] RPC: Registered tcp-with-tls transport module.
[    0.208057] RPC: Registered tcp NFSv4.1 backchannel transport module.
[    0.208083] PCI: CLS 0 bytes, default 64
[    0.209484] Initialise system trusted keyrings
[    0.210643] workingset: timestamp_bits=14 max_order=17 bucket_order=3
[    0.212262] NFS: Registering the id_resolver key type
[    0.212326] Key type id_resolver registered
[    0.212333] Key type id_legacy registered
[    0.212441] jffs2: version 2.2. (NAND) (SUMMARY)  Â© 2001-2006 Red Hat, Inc.
[    0.212969] Key type asymmetric registered
[    0.212985] Asymmetric key parser 'x509' registered
[    0.213059] io scheduler mq-deadline registered
[    0.213069] io scheduler kyber registered
[    0.213146] io scheduler bfq registered
[    0.223362] target-module@4b000000:target-module@140000:pmu@0:fck: device ID is greater than 24
[    0.229518] l3-aon-clkctrl:0000:0: failed to disable
[    0.229612] ledtrig-cpu: registered to indicate activity on CPUs
[    0.242132] Serial: 8250/16550 driver, 6 ports, IRQ sharing enabled
[    0.283218] brd: module loaded
[    0.300099] loop: module loaded
[    0.301033] mtdoops: mtd device (mtddev=name/number) must be supplied
[    0.313768] mdio_bus fixed-0: using lookup tables for GPIO lookup
[    0.313796] mdio_bus fixed-0: No GPIO consumer reset found
[    0.315200] i2c_dev: i2c /dev entries driver
[    0.316209] cpuidle: enable-method property 'ti,am3352' found operations
[    0.316658] sdhci: Secure Digital Host Controller Interface driver
[    0.316667] sdhci: Copyright(c) Pierre Ossman
[    0.316845] sdhci-pltfm: SDHCI platform and OF driver helper
[    0.318334] hw perfevents: enabled with armv7_cortex_a8 PMU driver, 5 (8000000f) counters available
[    0.318841] Initializing XFRM netlink socket
[    0.319020] NET: Registered PF_INET6 protocol family
[    0.324683] l3-aon-clkctrl:0000:0: failed to disable
[    0.326302] Segment Routing with IPv6
[    0.326388] In-situ OAM (IOAM) with IPv6
[    0.326484] sit: IPv6, IPv4 and MPLS over IPv4 tunneling driver
[    0.327462] NET: Registered PF_PACKET protocol family
[    0.327491] NET: Registered PF_KEY protocol family
[    0.327610] Key type dns_resolver registered
[    0.327835] ThumbEE CPU extension supported.
[    0.327855] Registering SWP/SWPB emulation handler
[    0.328391] omap_voltage_late_init: Voltage driver support not added
[    0.329050] SmartReflex Class3 initialized
[    0.362845] Loading compiled-in X.509 certificates
[    0.405010] /ocp/interconnect@44c00000/segment@200000/target-module@b000/i2c@0/tda19988@70: Fixed dependency cycle(s) with /ocp/interconnect@48000000/segment@300000/target-module@e000/lcdc@0
[    0.411423] /ocp/interconnect@44c00000/segment@200000/target-module@b000/i2c@0/tda19988@70: Fixed dependency cycle(s) with /ocp/interconnect@48000000/segment@300000/target-module@e000/lcdc@0
[    0.417184] gpiochip_find_base_unlocked: found new base at 512
[    0.439006] /ocp/interconnect@44c00000/segment@200000/target-module@b000/i2c@0/tda19988@70: Fixed dependency cycle(s) with /ocp/interconnect@48000000/segment@300000/target-module@e000/lcdc@0
[    0.439884] /ocp/interconnect@44c00000/segment@200000/target-module@b000/i2c@0/tda19988@70: Fixed dependency cycle(s) with /ocp/interconnect@48000000/segment@300000/target-module@e000/lcdc@0
[    0.443645] /ocp/interconnect@44c00000/segment@200000/target-module@10000/scm@0/pinmux@800: Fixed dependency cycle(s) with /ocp/interconnect@44c00000/segment@200000/target-module@10000/scm@0/pinmux@800/clkout2-pins
[    0.444235] pinctrl-single 44e10800.pinmux: 142 pins, size 568
[    0.449540] ti-sysc 44e31000.target-module: probe with driver ti-sysc failed with error -16
[    0.469543] /ocp/interconnect@48000000/segment@300000/target-module@e000/lcdc@0: Fixed dependency cycle(s) with /ocp/interconnect@44c00000/segment@200000/target-module@b000/i2c@0/tda19988@70
[    0.477933] ti-sysc 48040000.target-module: probe with driver ti-sysc failed with error -16
[    0.489504] gpiochip_find_base_unlocked: found new base at 512
[    0.489608] gpio gpiochip0: (gpio-0-31): created GPIO range 0->7 ==> 44e10800.pinmux PIN 0->7
[    0.489629] gpio gpiochip0: (gpio-0-31): created GPIO range 8->11 ==> 44e10800.pinmux PIN 90->93
[    0.489644] gpio gpiochip0: (gpio-0-31): created GPIO range 12->27 ==> 44e10800.pinmux PIN 12->27
[    0.489660] gpio gpiochip0: (gpio-0-31): created GPIO range 28->31 ==> 44e10800.pinmux PIN 30->33
[    0.524258] gpio gpiochip0: (gpio-0-31): added GPIO chardev (254:0)
[    0.524482] gpio gpiochip0: registered GPIOs 512 to 543 on gpio-0-31
[    0.524566] OMAP GPIO hardware version 0.1
[    0.550157] i2c i2c-2: using DT '/ocp/interconnect@48000000/segment@100000/target-module@9c000/i2c@0' for 'scl' GPIO lookup
[    0.550237] of_get_named_gpiod_flags: can't parse 'scl-gpios' property of node '/ocp/interconnect@48000000/segment@100000/target-module@9c000/i2c@0[0]'
[    0.550283] of_get_named_gpiod_flags: can't parse 'scl-gpio' property of node '/ocp/interconnect@48000000/segment@100000/target-module@9c000/i2c@0[0]'
[    0.550320] i2c i2c-2: using lookup tables for GPIO lookup
[    0.550330] i2c i2c-2: No GPIO consumer scl found
[    0.550352] i2c i2c-2: using DT '/ocp/interconnect@48000000/segment@100000/target-module@9c000/i2c@0' for 'sda' GPIO lookup
[    0.550390] of_get_named_gpiod_flags: can't parse 'sda-gpios' property of node '/ocp/interconnect@48000000/segment@100000/target-module@9c000/i2c@0[0]'
[    0.550428] of_get_named_gpiod_flags: can't parse 'sda-gpio' property of node '/ocp/interconnect@48000000/segment@100000/target-module@9c000/i2c@0[0]'
[    0.550459] i2c i2c-2: using lookup tables for GPIO lookup
[    0.550467] i2c i2c-2: No GPIO consumer sda found
[    0.551185] omap_i2c 4819c000.i2c: bus 2 rev0.11 at 100 kHz
[    0.556950] gpiochip_find_base_unlocked: found new base at 544
[    0.557063] gpio gpiochip1: (gpio-32-63): created GPIO range 0->17 ==> 44e10800.pinmux PIN 34->51
[    0.557085] gpio gpiochip1: (gpio-32-63): created GPIO range 18->21 ==> 44e10800.pinmux PIN 77->80
[    0.557101] gpio gpiochip1: (gpio-32-63): created GPIO range 22->31 ==> 44e10800.pinmux PIN 56->65
[    0.566811] gpio gpiochip1: (gpio-32-63): added GPIO chardev (254:1)
[    0.567045] gpio gpiochip1: registered GPIOs 544 to 575 on gpio-32-63
[    0.569351] gpiochip_find_base_unlocked: found new base at 576
[    0.569441] gpio gpiochip2: (gpio-64-95): created GPIO range 0->4 ==> 44e10800.pinmux PIN 66->70
[    0.569461] gpio gpiochip2: (gpio-64-95): created GPIO range 5->6 ==> 44e10800.pinmux PIN 98->99
[    0.569476] gpio gpiochip2: (gpio-64-95): created GPIO range 7->8 ==> 44e10800.pinmux PIN 75->76
[    0.569491] gpio gpiochip2: (gpio-64-95): created GPIO range 13->13 ==> 44e10800.pinmux PIN 141->141
[    0.569507] gpio gpiochip2: (gpio-64-95): created GPIO range 14->21 ==> 44e10800.pinmux PIN 100->107
[    0.582698] gpio gpiochip2: (gpio-64-95): added GPIO chardev (254:2)
[    0.582914] gpio gpiochip2: registered GPIOs 576 to 607 on gpio-64-95
[    0.588606] 48000000.interconnect:segment@200000:target-module@0:mpu@0:fck: device ID is greater than 24
[    0.589504] /ocp/interconnect@48000000/segment@300000/target-module@e000/lcdc@0: Fixed dependency cycle(s) with /ocp/interconnect@44c00000/segment@200000/target-module@b000/i2c@0/tda19988@70
[    0.592734] /ocp/interconnect@48000000/segment@300000/target-module@e000/lcdc@0: Fixed dependency cycle(s) with /ocp/interconnect@44c00000/segment@200000/target-module@b000/i2c@0/tda19988@70
[    0.593467] /ocp/interconnect@44c00000/segment@200000/target-module@b000/i2c@0/tda19988@70: Fixed dependency cycle(s) with /ocp/interconnect@48000000/segment@300000/target-module@e000/lcdc@0
[    0.593632] /ocp/interconnect@48000000/segment@300000/target-module@e000/lcdc@0: Fixed dependency cycle(s) with /ocp/interconnect@44c00000/segment@200000/target-module@b000/i2c@0/tda19988@70
[    0.603509] mdio_bus 4a101000.mdio: using DT '/ocp/interconnect@4a000000/segment@0/target-module@100000/switch@0/mdio@1000' for 'reset' GPIO lookup
[    0.603579] of_get_named_gpiod_flags: can't parse 'reset-gpios' property of node '/ocp/interconnect@4a000000/segment@0/target-module@100000/switch@0/mdio@1000[0]'
[    0.603626] of_get_named_gpiod_flags: can't parse 'reset-gpio' property of node '/ocp/interconnect@4a000000/segment@0/target-module@100000/switch@0/mdio@1000[0]'
[    0.603673] mdio_bus 4a101000.mdio: using lookup tables for GPIO lookup
[    0.603683] mdio_bus 4a101000.mdio: No GPIO consumer reset found
[    0.604937] sdhci-omap 481d8000.mmc: using DT '/ocp/interconnect@48000000/segment@100000/target-module@d8000/mmc@0' for 'wp' GPIO lookup
[    0.604998] of_get_named_gpiod_flags: can't parse 'wp-gpios' property of node '/ocp/interconnect@48000000/segment@100000/target-module@d8000/mmc@0[0]'
[    0.605039] of_get_named_gpiod_flags: can't parse 'wp-gpio' property of node '/ocp/interconnect@48000000/segment@100000/target-module@d8000/mmc@0[0]'
[    0.605075] sdhci-omap 481d8000.mmc: using lookup tables for GPIO lookup
[    0.605085] sdhci-omap 481d8000.mmc: No GPIO consumer wp found
[    0.605287] sdhci-omap 481d8000.mmc: supply pbias not found, using dummy regulator
[    0.605780] sdhci-omap 481d8000.mmc: supply vqmmc not found, using dummy regulator
[    0.652339] davinci_mdio 4a101000.mdio: davinci mdio revision 1.6, bus freq 1000000
[    0.667365] mdio_bus 4a101000.mdio:00: using DT '/ocp/interconnect@4a000000/segment@0/target-module@100000/switch@0/mdio@1000/ethernet-phy@0' for 'reset' GPIO lookup
[    0.667467] of_get_named_gpiod_flags: parsed 'reset-gpios' property of node '/ocp/interconnect@4a000000/segment@0/target-module@100000/switch@0/mdio@1000/ethernet-phy@0[0]' - status (0)
[    0.667628] gpio gpiochip0: Persistence not supported for GPIO 8
[    0.793859] davinci_mdio 4a101000.mdio: phy[0]: device 4a101000.mdio:00, driver SMSC LAN8710/LAN8720
[    0.794649] cpsw-switch 4a100000.switch: initialized cpsw ale version 1.4
[    0.794671] cpsw-switch 4a100000.switch: ALE Table size 1024, Policers 0
[    0.794826] cpsw-switch 4a100000.switch: cpts: overflow check period 500 (jiffies)
[    0.794841] cpsw-switch 4a100000.switch: CPTS: ref_clk_freq:250000000 calc_mult:2147483648 calc_shift:29 error:0 nsec/sec
[    0.794948] cpsw-switch 4a100000.switch: Detected MACID = 6c:ec:eb:68:de:78
[    0.796820] cpsw-switch 4a100000.switch: initialized (regs 0x4a100000, pool size 256) hw_ver:0019010C 1.12 (0)
[    0.807954] debugfs: '49000000.dma' already exists in 'dmaengine'
[    0.807999] edma 49000000.dma: TI EDMA DMA engine driver
[    0.827848] gpio-clk clk_mcasp0: using DT '/clk_mcasp0' for 'enable' GPIO lookup
[    0.827926] of_get_named_gpiod_flags: parsed 'enable-gpios' property of node '/clk_mcasp0[0]' - status (0)
[    0.827968] gpio gpiochip0: Persistence not supported for GPIO 27
[    0.828826] gpiochip_find_base_unlocked: found new base at 608
[    0.828940] gpio gpiochip3: (gpio-96-127): created GPIO range 0->7 ==> 44e10800.pinmux PIN 82->89
[    0.828961] gpio gpiochip3: (gpio-96-127): created GPIO range 8->11 ==> 44e10800.pinmux PIN 52->55
[    0.828976] gpio gpiochip3: (gpio-96-127): created GPIO range 12->15 ==> 44e10800.pinmux PIN 94->97
[    0.828991] gpio gpiochip3: (gpio-96-127): created GPIO range 16->17 ==> 44e10800.pinmux PIN 71->72
[    0.829006] gpio gpiochip3: (gpio-96-127): created GPIO range 18->18 ==> 44e10800.pinmux PIN 135->135
[    0.829022] gpio gpiochip3: (gpio-96-127): created GPIO range 19->20 ==> 44e10800.pinmux PIN 108->109
[    0.829039] gpio gpiochip3: (gpio-96-127): created GPIO range 21->21 ==> 44e10800.pinmux PIN 73->73
[    0.829055] gpio gpiochip3: (gpio-96-127): created GPIO range 22->23 ==> 44e10800.pinmux PIN 8->9
[    0.829072] gpio gpiochip3: (gpio-96-127): created GPIO range 26->27 ==> 44e10800.pinmux PIN 10->11
[    0.829089] gpio gpiochip3: (gpio-96-127): created GPIO range 28->28 ==> 44e10800.pinmux PIN 74->74
[    0.829106] gpio gpiochip3: (gpio-96-127): created GPIO range 29->29 ==> 44e10800.pinmux PIN 81->81
[    0.829126] gpio gpiochip3: (gpio-96-127): created GPIO range 30->31 ==> 44e10800.pinmux PIN 28->29
[    0.858460] gpio gpiochip3: (gpio-96-127): added GPIO chardev (254:3)
[    0.858702] gpio gpiochip3: registered GPIOs 608 to 639 on gpio-96-127
[    0.860561] omap8250 44e09000.serial: using DT '/ocp/interconnect@44c00000/segment@200000/target-module@9000/serial@0' for 'rs485-term' GPIO lookup
[    0.860629] of_get_named_gpiod_flags: can't parse 'rs485-term-gpios' property of node '/ocp/interconnect@44c00000/segment@200000/target-module@9000/serial@0[0]'
[    0.860671] of_get_named_gpiod_flags: can't parse 'rs485-term-gpio' property of node '/ocp/interconnect@44c00000/segment@200000/target-module@9000/serial@0[0]'
[    0.860707] omap8250 44e09000.serial: using lookup tables for GPIO lookup
[    0.860717] omap8250 44e09000.serial: No GPIO consumer rs485-term found
[    0.860727] omap8250 44e09000.serial: using DT '/ocp/interconnect@44c00000/segment@200000/target-module@9000/serial@0' for 'rs485-rx-during-tx' GPIO lookup
