Labgrid Console Logfile for main
Logfile started at 2024-10-31 08:45:32.313090
=== Log starts here ===
reading args
spl_load_image_fat_os: error reading image args, err - -1
reading u-boot.img
reading u-boot.img


U-Boot 2014.04-00014-g47880f5 (Apr 22 2014 - 13:23:54)

I2C:   ready
DRAM:  512 MiB
NAND:  0 MiB
MMC:   OMAP SD/MMC: 0, OMAP SD/MMC: 1
*** Warning - readenv() failed, using default environment

Net:   <ethaddr> not set. Validating first E-fuse MAC
cpsw, usb_ether
Hit any key to stop autoboot:  1  0 
gpio: pin 53 (gpio 53) value is 1
mmc0 is current device
gpio: pin 54 (gpio 54) value is 1
SD/MMC found on device 0
reading uEnv.txt
569 bytes read in 3 ms (184.6 KiB/s)
gpio: pin 55 (gpio 55) value is 1
Loaded environment from uEnv.txt
Importing environment from mmc ...
Checking if uenvcmd is set ...
gpio: pin 56 (gpio 56) value is 1
Running uenvcmd ...
cpsw Waiting for PHY auto negotiation to complete. done
link up on port 0, speed 100, full duplex
Using cpsw device
TFTP from server 192.168.255.126; our IP address is 192.168.255.1
Filename 'zImage'.
Load address: 0x81000000
Loading: *#################################################################
	 #################################################################
	 #################################################################
	 #################################################################
	 #################################################################
	 ####################################################
	 2.4 MiB/s
done
Bytes transferred = 5525928 (5451a8 hex)
link up on port 0, speed 100, full duplex
Using cpsw device
TFTP from server 192.168.255.126; our IP address is 192.168.255.1
Filename 'am335x-boneblack.dtb'.
Load address: 0x82000000
Loading: *#######
	 2.3 MiB/s
done
Bytes transferred = 98244 (17fc4 hex)
Kernel image @ 0x81000000 [ 0x000000 - 0x5451a8 ]
## Flattened Device Tree blob at 82000000
   Booting using the fdt blob at 0x82000000
   Using Device Tree in place at 82000000, end 8201afc3

Starting kernel ...

[    0.000000] Booting Linux on physical CPU 0x0
[    0.000000] Linux version 6.12.0-rc5-next-20241031 (user01@drvtest01) (arm-linux-gnueabihf-gcc (Linaro GCC 6.4-2017.11) 6.4.1 20171012, GNU ld (Linaro_Binutils-2017.11) 2.27.0.20161229) #127 SMP Thu Oct 31 08:43:07 EET 2024
[    0.000000] CPU: ARMv7 Processor [413fc082] revision 2 (ARMv7), cr=10c5387d
[    0.000000] CPU: PIPT / VIPT nonaliasing data cache, VIPT aliasing instruction cache
[    0.000000] OF: fdt: Machine model: TI AM335x BeagleBone Black
[    0.000000] Memory policy: Data cache writeback
[    0.000000] cma: Reserved 16 MiB at 0x9e800000 on node -1
[    0.000000] Zone ranges:
[    0.000000]   Normal   [mem 0x0000000080000000-0x000000009fdfffff]
[    0.000000]   HighMem  empty
[    0.000000] Movable zone start for each node
[    0.000000] Early memory node ranges
[    0.000000]   node   0: [mem 0x0000000080000000-0x000000009fdfffff]
[    0.000000] Initmem setup node 0 [mem 0x0000000080000000-0x000000009fdfffff]
[    0.000000] OF: reserved mem: Reserved memory: No reserved-memory node in the DT
[    0.000000] CPU: All CPU(s) started in SVC mode.
[    0.000000] AM335X ES2.1 (sgx neon)
[    0.000000] percpu: Embedded 17 pages/cpu s39244 r8192 d22196 u69632
[    0.000000] Kernel command line: console=ttyO0,115200n8 root=/dev/nfs rw nfsroot=192.168.255.126:/home/user01/nfs,nfsvers=3 ip=192.168.255.1:192.168.255.126::255.255.255.0:bbb1:eth0 nfsrootdebug
[    0.000000] Unknown kernel command line parameters "nfsrootdebug", will be passed to user space.
[    0.000000] printk: log buffer data + meta data: 65536 + 204800 = 270336 bytes
[    0.000000] Dentry cache hash table entries: 65536 (order: 6, 262144 bytes, linear)
[    0.000000] Inode-cache hash table entries: 32768 (order: 5, 131072 bytes, linear)
[    0.000000] Built 1 zonelists, mobility grouping on.  Total pages: 130560
[    0.000000] mem auto-init: stack:off, heap alloc:off, heap free:off
[    0.000000] SLUB: HWalign=64, Order=0-3, MinObjects=0, CPUs=1, Nodes=1
[    0.000000] trace event string verifier disabled
[    0.000000] rcu: Hierarchical RCU implementation.
[    0.000000] rcu: 	RCU event tracing is enabled.
[    0.000000] rcu: 	RCU restricting CPUs from NR_CPUS=2 to nr_cpu_ids=1.
[    0.000000] 	Tracing variant of Tasks RCU enabled.
[    0.000000] rcu: RCU calculated value of scheduler-enlistment delay is 10 jiffies.
[    0.000000] rcu: Adjusting geometry for rcu_fanout_leaf=16, nr_cpu_ids=1
[    0.000000] RCU Tasks Trace: Setting shift to 0 and lim to 1 rcu_task_cb_adjust=1 rcu_task_cpu_ids=1.
[    0.000000] NR_IRQS: 16, nr_irqs: 16, preallocated irqs: 16
[    0.000000] IRQ: Found an INTC at 0x(ptrval) (revision 5.0) with 128 interrupts
[    0.000000] rcu: srcu_init: Setting srcu_struct sizes based on contention.
[    0.000000] TI gptimer clocksource: always-on /ocp/interconnect@44c00000/segment@200000/target-module@31000
[    0.000002] sched_clock: 32 bits at 24MHz, resolution 41ns, wraps every 89478484971ns
[    0.000028] clocksource: dmtimer: mask: 0xffffffff max_cycles: 0xffffffff, max_idle_ns: 79635851949 ns
[    0.000507] TI gptimer clockevent: 24000000 Hz at /ocp/interconnect@48000000/segment@0/target-module@40000
[    0.002150] Console: colour dummy device 80x30
[    0.002217] WARNING: Your 'console=ttyO0' has been replaced by 'ttyS0'
[    0.002226] This ensures that you still see kernel messages. Please
[    0.002231] update your kernel commandline.
[    0.002273] Calibrating delay loop... 996.14 BogoMIPS (lpj=4980736)
[    0.090560] CPU: Testing write buffer coherency: ok
[    0.090661] CPU0: Spectre v2: using BPIALL workaround
[    0.090673] pid_max: default: 32768 minimum: 301
[    0.090801] LSM: initializing lsm=capability
[    0.090978] Mount-cache hash table entries: 1024 (order: 0, 4096 bytes, linear)
[    0.090999] Mountpoint-cache hash table entries: 1024 (order: 0, 4096 bytes, linear)
[    0.092636] CPU0: thread -1, cpu 0, socket -1, mpidr 0
[    0.160950] Setting up static identity map for 0x80100000 - 0x80100078
[    0.170718] rcu: Hierarchical SRCU implementation.
[    0.170730] rcu: 	Max phase no-delay instances is 1000.
[    0.190776] smp: Bringing up secondary CPUs ...
[    0.190835] smp: Brought up 1 node, 1 CPU
[    0.190851] SMP: Total of 1 processors activated (996.14 BogoMIPS).
[    0.190863] CPU: All CPU(s) started in SVC mode.
[    0.191060] Memory: 480860K/522240K available (11264K kernel code, 1217K rwdata, 2892K rodata, 1024K init, 297K bss, 23368K reserved, 16384K cma-reserved, 0K highmem)
[    0.191929] devtmpfs: initialized
[    0.209198] VFP support v0.3: implementor 41 architecture 3 part 30 variant c rev 3
[    0.209551] clocksource: jiffies: mask: 0xffffffff max_cycles: 0xffffffff, max_idle_ns: 19112604462750000 ns
[    0.209587] futex hash table entries: 256 (order: 2, 16384 bytes, linear)
[    0.211065] pinctrl core: initialized pinctrl subsystem
[    0.213910] NET: Registered PF_NETLINK/PF_ROUTE protocol family
[    0.216747] DMA: preallocated 256 KiB pool for atomic coherent allocations
[    0.217676] audit: initializing netlink subsys (disabled)
[    0.219109] thermal_sys: Registered thermal governor 'fair_share'
[    0.219125] thermal_sys: Registered thermal governor 'step_wise'
[    0.219136] thermal_sys: Registered thermal governor 'user_space'
[    0.219282] audit: type=2000 audit(0.210:1): state=initialized audit_enabled=0 res=1
[    0.219322] cpuidle: using governor menu
[    0.238512] No ATAGs?
[    0.238537] hw-breakpoint: debug architecture 0x4 unsupported.
[    0.241434] kprobes: kprobe jump-optimization is enabled. All kprobes are optimized if possible.
[    0.254302] iommu: Default domain type: Translated
[    0.254324] iommu: DMA domain TLB invalidation policy: strict mode
[    0.262004] SCSI subsystem initialized
[    0.262866] pps_core: LinuxPPS API ver. 1 registered
[    0.262877] pps_core: Software ver. 5.3.6 - Copyright 2005-2007 Rodolfo Giometti <giometti@linux.it>
[    0.262903] PTP clock support registered
[    0.270929] vgaarb: loaded
[    0.271342] clocksource: Switched to clocksource dmtimer
[    0.272037] VFS: Disk quotas dquot_6.6.0
[    0.272081] VFS: Dquot-cache hash table entries: 1024 (order 0, 4096 bytes)
[    0.296567] NET: Registered PF_INET protocol family
[    0.296927] IP idents hash table entries: 8192 (order: 4, 65536 bytes, linear)
[    0.298342] tcp_listen_portaddr_hash hash table entries: 512 (order: 0, 4096 bytes, linear)
[    0.298378] Table-perturb hash table entries: 65536 (order: 6, 262144 bytes, linear)
[    0.298401] TCP established hash table entries: 4096 (order: 2, 16384 bytes, linear)
[    0.298446] TCP bind hash table entries: 4096 (order: 4, 65536 bytes, linear)
[    0.298546] TCP: Hash tables configured (established 4096 bind 4096)
[    0.298668] UDP hash table entries: 256 (order: 1, 8192 bytes, linear)
[    0.298699] UDP-Lite hash table entries: 256 (order: 1, 8192 bytes, linear)
[    0.298873] NET: Registered PF_UNIX/PF_LOCAL protocol family
[    0.302047] RPC: Registered named UNIX socket transport module.
[    0.302068] RPC: Registered udp transport module.
[    0.302075] RPC: Registered tcp transport module.
[    0.302080] RPC: Registered tcp-with-tls transport module.
[    0.302086] RPC: Registered tcp NFSv4.1 backchannel transport module.
[    0.302111] PCI: CLS 0 bytes, default 64
[    0.303619] Initialise system trusted keyrings
[    0.312071] workingset: timestamp_bits=14 max_order=17 bucket_order=3
[    0.313409] NFS: Registering the id_resolver key type
[    0.313479] Key type id_resolver registered
[    0.313488] Key type id_legacy registered
[    0.313535] jffs2: version 2.2. (NAND) (SUMMARY)  Â© 2001-2006 Red Hat, Inc.
[    0.313944] Key type asymmetric registered
[    0.313957] Asymmetric key parser 'x509' registered
[    0.314024] io scheduler mq-deadline registered
[    0.314035] io scheduler kyber registered
[    0.314105] io scheduler bfq registered
[    0.315753] ledtrig-cpu: registered to indicate activity on CPUs
[    0.322543] Serial: 8250/16550 driver, 6 ports, IRQ sharing enabled
[    0.373984] brd: module loaded
[    0.395288] loop: module loaded
[    0.396238] mtdoops: mtd device (mtddev=name/number) must be supplied
[    0.399421] i2c_dev: i2c /dev entries driver
[    0.400415] cpuidle: enable-method property 'ti,am3352' found operations
[    0.400878] sdhci: Secure Digital Host Controller Interface driver
[    0.400887] sdhci: Copyright(c) Pierre Ossman
[    0.401063] sdhci-pltfm: SDHCI platform and OF driver helper
[    0.402306] Initializing XFRM netlink socket
[    0.402463] NET: Registered PF_INET6 protocol family
[    0.420189] Segment Routing with IPv6
[    0.420286] In-situ OAM (IOAM) with IPv6
[    0.420386] sit: IPv6, IPv4 and MPLS over IPv4 tunneling driver
[    0.421566] NET: Registered PF_PACKET protocol family
[    0.421605] NET: Registered PF_KEY protocol family
[    0.421746] Key type dns_resolver registered
[    0.422037] ThumbEE CPU extension supported.
[    0.422061] Registering SWP/SWPB emulation handler
[    0.422593] omap_voltage_late_init: Voltage driver support not added
[    0.422947] SmartReflex Class3 initialized
[    0.444238] Loading compiled-in X.509 certificates
[    0.505035] platform 44e10800.pinmux: Fixed dependency cycle(s) with /ocp/interconnect@44c00000/segment@200000/target-module@10000/scm@0/pinmux@800/clkout2-pins
[    0.505676] pinctrl-single 44e10800.pinmux: 142 pins, size 568
[    0.510732] ti-sysc 44e31000.target-module: probe with driver ti-sysc failed with error -16
[    0.544922] ti-sysc 48040000.target-module: probe with driver ti-sysc failed with error -16
[    0.584247] OMAP GPIO hardware version 0.1
[    0.623288] omap_i2c 4819c000.i2c: bus 2 rev0.11 at 100 kHz
[    0.652017] 48000000.interconnect:segment@200000:target-module@0:mpu@0:fck: device ID is greater than 24
[    0.656200] platform 4830e000.lcdc: Fixed dependency cycle(s) with /ocp/interconnect@44c00000/segment@200000/target-module@b000/i2c@0/tda19988@70
[    0.667273] sdhci-omap 481d8000.mmc: supply pbias not found, using dummy regulator
[    0.667780] sdhci-omap 481d8000.mmc: supply vqmmc not found, using dummy regulator
[    0.719059] davinci_mdio 4a101000.mdio: davinci mdio revision 1.6, bus freq 1000000
[    0.811521] davinci_mdio 4a101000.mdio: phy[0]: device 4a101000.mdio:00, driver SMSC LAN8710/LAN8720
[    0.812312] cpsw-switch 4a100000.switch: initialized cpsw ale version 1.4
[    0.812335] cpsw-switch 4a100000.switch: ALE Table size 1024, Policers 0
[    0.812484] cpsw-switch 4a100000.switch: cpts: overflow check period 500 (jiffies)
[    0.812501] cpsw-switch 4a100000.switch: CPTS: ref_clk_freq:250000000 calc_mult:2147483648 calc_shift:29 error:0 nsec/sec
[    0.812610] cpsw-switch 4a100000.switch: Detected MACID = 6c:ec:eb:68:de:78
[    0.814455] cpsw-switch 4a100000.switch: initialized (regs 0x4a100000, pool size 256) hw_ver:0019010C 1.12 (0)
[    0.825534] debugfs: Directory '49000000.dma' with parent 'dmaengine' already present!
[    0.825574] edma 49000000.dma: TI EDMA DMA engine driver
[    0.858351] target-module@4b000000:target-module@140000:pmu@0:fck: device ID is greater than 24
[    0.872142] hw perfevents: enabled with armv7_cortex_a8 PMU driver, 5 (8000000f) counters available
[    0.879577] l3-aon-clkctrl:0000:0: failed to disable
[    0.899930] 44e09000.serial: ttyS0 at MMIO 0x44e09000 (irq = 34, base_baud = 3000000) is a 8250
[    0.900018] printk: legacy console [ttyS0] enabled
[    2.332353] tps65217-pmic: Failed to locate of_node [id: -1]
[    2.338412] tps65217-bl: Failed to locate of_node [id: -1]
[    2.349850] tps65217 0-0024: TPS65217 ID 0xe version 1.2
[    2.355998] platform 4830e000.lcdc: Fixed dependency cycle(s) with /ocp/interconnect@44c00000/segment@200000/target-module@b000/i2c@0/tda19988@70
[    2.369430] i2c 0-0070: Fixed dependency cycle(s) with /ocp/interconnect@48000000/segment@300000/target-module@e000/lcdc@0
[    2.380839] omap_i2c 44e0b000.i2c: bus 0 rev0.11 at 400 kHz
[    2.388666] omap_gpio 44e07000.gpio: Could not set line 6 debounce to 200000 microseconds (-22)
[    2.397579] sdhci-omap 48060000.mmc: Got CD GPIO
[    2.402638] sdhci-omap 48060000.mmc: supply pbias not found, using dummy regulator
[    2.413087] sdhci-omap 48060000.mmc: supply vqmmc not found, using dummy regulator
[    2.422139] sdhci-omap 481d8000.mmc: supply pbias not found, using dummy regulator
[    2.430142] sdhci-omap 481d8000.mmc: supply vqmmc not found, using dummy regulator
[    2.521173] mmc1: SDHCI controller on 481d8000.mmc [481d8000.mmc] using External DMA
[    2.530363] mmc0: SDHCI controller on 48060000.mmc [48060000.mmc] using External DMA
[    2.539058] cpsw-switch 4a100000.switch: starting ndev. mode: dual_mac
[    2.590529] mmc0: new high speed SDHC card at address 5048
[    2.597661] mmcblk0: mmc0:5048 SD16G 14.4 GiB
[    2.605870]  mmcblk0: p1 p2
[    2.609414] mmcblk0: p2 size 31221760 extends beyond EOD, truncated
[    2.620395] mmc1: new high speed MMC card at address 0001
[    2.627439] mmcblk1: mmc1:0001 MMC04G 3.60 GiB
[    2.635088]  mmcblk1: p1 p2
[    2.639346] mmcblk1boot0: mmc1:0001 MMC04G 2.00 MiB
[    2.645274] SMSC LAN8710/LAN8720 4a101000.mdio:00: attached PHY driver (mii_bus:phy_addr=4a101000.mdio:00, irq=POLL)
[    2.657532] mmcblk1boot1: mmc1:0001 MMC04G 2.00 MiB
[    2.670290] mmcblk1rpmb: mmc1:0001 MMC04G 128 KiB, chardev (250:0)
[    5.842131] cpsw-switch 4a100000.switch eth0: Link is Up - 100Mbps/Full - flow control off
[    5.881581] IP-Config: Complete:
[    5.884857]      device=eth0, hwaddr=6c:ec:eb:68:de:78, ipaddr=192.168.255.1, mask=255.255.255.0, gw=255.255.255.255
[    5.895526]      host=bbb1, domain=, nis-domain=(none)
[    5.900697]      bootserver=192.168.255.126, rootserver=192.168.255.126, rootpath=
[    5.901127] clk: Disabling unused clocks
[    5.913000] PM: genpd: Disabling unused power domains
[    5.918120] KTAP version 1
[    5.920840] 1..0
[    5.946426] VFS: Mounted root (nfs filesystem) on device 0:17.
[    5.953532] devtmpfs: mounted
[    5.958196] Freeing unused kernel image (initmem) memory: 1024K
[    5.965205] Run /sbin/init as init process
[    6.764586] systemd[1]: System time before build time, advancing clock.
[    8.241369] random: crng init done
[    8.282191] systemd[1]: systemd 232 running in system mode. (+PAM +AUDIT +SELINUX +IMA +APPARMOR +SMACK +SYSVINIT +UTMP +LIBCRYPTSETUP +GCRYPT +GNUTLS +ACL +XZ +LZ4 +SECCOMP +BLKID +ELFUTILS +KMOD +IDN)
[    8.301225] systemd[1]: Detected architecture arm.

Welcome to [1mDebian GNU/Linux 9 (stretch)[0m!

[    8.334472] systemd[1]: Set hostname to <arm>.
[    9.446591] systemd[1]: Listening on Syslog Socket.
[[0;32m  OK  [0m] Listening on Syslog Socket.
[    9.472432] systemd[1]: Listening on Journal Audit Socket.
[[0;32m  OK  [0m] Listening on Journal Audit Socket.
[    9.501781] systemd[1]: Reached target Swap.
[[0;32m  OK  [0m] Reached target Swap.
[    9.521991] systemd[1]: Listening on udev Kernel Socket.
[[0;32m  OK  [0m] Listening on udev Kernel Socket.
[    9.552984] systemd[1]: Created slice System Slice.
[[0;32m  OK  [0m] Created slice System Slice.
[    9.611958] systemd[1]: Mounting Debug File System...
         Mounting Debug File System...
[    9.633049] systemd[1]: Mounting POSIX Message Queue File System...
         Mounting POSIX Message Queue File System...
[[0;32m  OK  [0m] Created slice system-serial\x2dgetty.slice.
[[0;32m  OK  [0m] Listening on Journal Socket.
         Starting Remount Root and Kernel File Systems...
         Starting Create list of required stâ€¦ce nodes for the current kernel...
[[0;32m  OK  [0m] Started Dispatch Password Requests to Console Directory Watch.
[[0;32m  OK  [0m] Reached target Remote File Systems.
[[0;32m  OK  [0m] Started Forward Password Requests to Wall Directory Watch.
[[0;32m  OK  [0m] Reached target Paths.
[[0;32m  OK  [0m] Listening on Journal Socket (/dev/log).
         Starting Journal Service...
[[0;32m  OK  [0m] Set up automount Arbitrary Executabâ€¦rmats File System Automount Point.
[[0;32m  OK  [0m] Listening on /dev/initctl Compatibility Named Pipe.
         Starting Load Kernel Modules...
[[0;32m  OK  [0m] Created slice User and Session Slice.
[[0;32m  OK  [0m] Reached target Slices.
[[0;32m  OK  [0m] Created slice system-getty.slice.
[[0;32m  OK  [0m] Reached target Encrypted Volumes.
[[0;32m  OK  [0m] Listening on udev Control Socket.
[[0;32m  OK  [0m] Mounted POSIX Message Queue File System.
[[0;32m  OK  [0m] Mounted Debug File System.
[[0;32m  OK  [0m] Started Remount Root and Kernel File Systems.
[[0;32m  OK  [0m] Started Create list of required staâ€¦vice nodes for the current kernel.
[[0;32m  OK  [0m] Started Load Kernel Modules.
         Starting Apply Kernel Variables...
         Mounting Configuration File System...
         Starting Create Static Device Nodes in /dev...
         Starting Load/Save Random Seed...
         Starting udev Coldplug all Devices...
[[0;32m  OK  [0m] Mounted Configuration File System.
[[0;32m  OK  [0m] Started Apply Kernel Variables.
[[0;32m  OK  [0m] Started Load/Save Random Seed.
[[0;32m  OK  [0m] Started Journal Service.
         Starting Flush Journal to Persistent Storage...
[[0;32m  OK  [0m] Started Create Static Device Nodes in /dev.
[[0;32m  OK  [0m] Reached target Local File Systems (Pre).
[[0;32m  OK  [0m] Reached target Local File Systems.
         Starting Raise network interfaces...
         Starting udev Kernel Device Manager...
[   11.456209] systemd-journald[86]: Received request to flush runtime journal from PID 1
[[0;32m  OK  [0m] Started Flush Journal to Persistent Storage.
         Starting Create Volatile Files and Directories...
[[0;32m  OK  [0m] Started udev Kernel Device Manager.
[[0;32m  OK  [0m] Started Create Volatile Files and Directories.
         Starting Network Time Synchronization...
         Starting Update UTMP about System Boot/Shutdown...
[[0;32m  OK  [0m] Started Update UTMP about System Boot/Shutdown.
[[0;32m  OK  [0m] Started Network Time Synchronization.
[[0;32m  OK  [0m] Reached target System Time Synchronized.
[[0;32m  OK  [0m] Started udev Coldplug all Devices.
[[0;32m  OK  [0m] Reached target System Initialization.
[[0;32m  OK  [0m] Started Daily Cleanup of Temporary Directories.
[[0;32m  OK  [0m] Listening on Avahi mDNS/DNS-SD Stack Activation Socket.
[[0;32m  OK  [0m] Started Daily apt download activities.
[[0;32m  OK  [0m] Started Daily apt upgrade and clean activities.
[[0;32m  OK  [0m] Reached target Timers.
[[0;32m  OK  [0m] Listening on D-Bus System Message Bus Socket.
[   15.011920] remoteproc remoteproc0: wkup_m3 is available
[[0;32m  OK  [0m] Reached target Sockets.
[[0;32m  OK  [0m] Reached target Basic System.
[   15.194861] at24 2-0054: supply vcc not found, using dummy regulator
         Starting Generic Board Startup...
[   15.342277] at24 2-0055: supply vcc not found, using dummy regulator
[[0;32m  OK  [0m] Started D-Bus System Message Bus.
[   15.436790] at24 2-0056: supply vcc not found, using dummy regulator
[   15.516161] at24 2-0057: supply vcc not found, using dummy regulator
[   15.577000] tps6521x_pwrbutton tps65217-pwrbutton: DMA mask not set
[   15.652617] input: tps65217_pwrbutton as /devices/platform/ocp/44c00000.interconnect/44c00000.interconnect:segment@200000/44e0b000.target-module/44e0b000.i2c/i2c-0/0-0024/tps65217-pwrbutton/input/input0
[   15.673445] at24 0-0050: 32768 byte 24c256 EEPROM, writable, 1 bytes/write
[   15.907973] wkup_m3_ipc 44e11324.wkup_m3_ipc: IPC Request for A8->M3 Channel failed! -517
[   15.944143] omap_rtc 44e3e000.rtc: registered as rtc0
[   15.949323] omap_rtc 44e3e000.rtc: setting system clock to 2000-01-01T00:00:00 UTC (946684800)
[   15.960105] wkup_m3_ipc 44e11324.wkup_m3_ipc: IPC Request for A8->M3 Channel failed! -517
[   16.097127] omap_wdt: OMAP Watchdog Timer Rev 0x01: initial timeout 60 sec
[   16.106992] wkup_m3_ipc 44e11324.wkup_m3_ipc: IPC Request for A8->M3 Channel failed! -517
[   16.371045] am335x-phy-driver 47401300.usb-phy: dummy supplies not allowed for exclusive requests (id=vbus)
[   16.564928] am335x-phy-driver 47401b00.usb-phy: dummy supplies not allowed for exclusive requests (id=vbus)
[   16.582379] wkup_m3_ipc 44e11324.wkup_m3_ipc: IPC Request for A8->M3 Channel failed! -517
[   16.679054] wkup_m3_ipc 44e11324.wkup_m3_ipc: IPC Request for A8->M3 Channel failed! -517
[   16.750110] usbcore: registered new interface driver usbfs
[   16.756082] usbcore: registered new interface driver hub
[   16.761667] usbcore: registered new device driver usb
[   16.896429] tda998x 0-0070: found TDA19988
[   16.999334] wkup_m3_ipc 44e11324.wkup_m3_ipc: IPC Request for A8->M3 Channel failed! -517
[   17.147915] wkup_m3_ipc 44e11324.wkup_m3_ipc: IPC Request for A8->M3 Channel failed! -517
[   17.256860] musb-hdrc musb-hdrc.1: MUSB HDRC host driver
[   17.262537] musb-hdrc musb-hdrc.1: new USB bus registered, assigned bus number 1
[   17.271607] wkup_m3_ipc 44e11324.wkup_m3_ipc: IPC Request for A8->M3 Channel failed! -517
[   17.410666] usb usb1: New USB device found, idVendor=1d6b, idProduct=0002, bcdDevice= 6.12
[   17.419224] usb usb1: New USB device strings: Mfr=3, Product=2, SerialNumber=1
[   17.426566] usb usb1: Product: MUSB HDRC host driver
[   17.431622] usb usb1: Manufacturer: Linux 6.12.0-rc5-next-20241031 musb-hcd
[   17.438623] usb usb1: SerialNumber: musb-hdrc.1
[   17.566412] omap-mailbox 480c8000.mailbox: omap mailbox rev 0x400
[   17.663708] remoteproc remoteproc0: powering up wkup_m3
[   17.835071] hub 1-0:1.0: USB hub found
[   17.872430] hub 1-0:1.0: 1 port detected
[   17.892402] remoteproc remoteproc0: Direct firmware load for am335x-pm-firmware.elf failed with error -2
[   17.902163] remoteproc remoteproc0: request_firmware failed: -2
[   17.908128] wkup_m3_ipc 44e11324.wkup_m3_ipc: rproc_boot failed
[   19.662170] omap_rng 48310000.rng: Random Number Generator ver. 20
         Starting Connection service...
[   19.857679] tilcdc 4830e000.lcdc: bound 0-0070 (ops tda998x_driver_exit [tda998x])
[   19.970617] [drm] Initialized tilcdc 1.0.0 for 4830e000.lcdc on minor 0
[[0;32m  OK  [0m] Started Regular background program processing daemon.
[   20.047457] tilcdc 4830e000.lcdc: [drm] Cannot find any crtc or sizes
[   20.058738] tilcdc 4830e000.lcdc: [drm] Cannot find any crtc or sizes
         Starting LSB: Start busybox udhcpd at boot time...
         Starting System Logging Service...
         Starting Cape Manager Service...
         Starting Avahi mDNS/DNS-SD Stack...
         Starting Telephony service...
         Starting DUN service...
         Starting LSB: Load kernel modules needed to enable cpufreq scaling...
         Starting Login Service...
[   21.773716] PM: Cannot get wkup_m3_ipc handle
[   21.791284] omap-sham 53100000.sham: hw accel on OMAP rev 4.3
[   21.941108] omap-sham 53100000.sham: will run requests pump with realtime priority
[   21.954424] PM: Cannot get wkup_m3_ipc handle
[   22.128020] omap-aes 53500000.aes: OMAP AES hw accel rev: 3.2
[   22.294038] omap-aes 53500000.aes: will run requests pump with realtime priority
[   22.307401] PM: Cannot get wkup_m3_ipc handle
[[0;32m  OK  [0m] Found device /dev/ttyS0.
[[0;32m  OK  [0m] Started System Logging Service.
[[0;32m  OK  [0m] Started Cape Manager Service.
[   24.607545] Bluetooth: Core ver 2.22
[   24.611583] NET: Registered PF_BLUETOOTH protocol family
[   24.616939] Bluetooth: HCI device and connection manager initialized
[   24.623422] Bluetooth: HCI socket layer initialized
[   24.628334] Bluetooth: L2CAP socket layer initialized
[   24.633529] Bluetooth: SCO socket layer initialized
[   26.256911] PM: Cannot get wkup_m3_ipc handle
[   26.388348] PM: Cannot get wkup_m3_ipc handle
[[0;32m  OK  [0m] Started LSB: Start busybox udhcpd at boot time.
[[0;32m  OK  [0m] Started Raise network interfaces.
[[0;32m  OK  [0m] Started LSB: Load kernel modules needed to enable cpufreq scaling.
[   29.116185] configfs-gadget.g_multi gadget.0: HOST MAC 1c:ba:8c:a2:ed:6c
[   29.123235] configfs-gadget.g_multi gadget.0: MAC 1c:ba:8c:a2:ed:70
[   29.130670] configfs-gadget.g_multi gadget.0: HOST MAC 1c:ba:8c:a2:ed:6c
[   29.137550] configfs-gadget.g_multi gadget.0: MAC 1c:ba:8c:a2:ed:6d
[   29.147882] PM: Cannot get wkup_m3_ipc handle
[[0;32m  OK  [0m] Started DUN service.
[[0;32m  OK  [0m] Started Telephony service.
[[0;32m  OK  [0m] Started Connection service.
[[0;32m  OK  [0m] Started Avahi mDNS/DNS-SD Stack.
[[0;32m  OK  [0m] Started Login Service.
[[0;32m  OK  [0m] Reached target Sound Card.
         Starting LSB: set CPUFreq kernel parameters...
[[0;32m  OK  [0m] Reached target Network.
         Starting The Apache HTTP Server...
         Starting OpenBSD Secure Shell server...
         Starting Permit User Sessions...
[[0;32m  OK  [0m] Reached target Network is Online.
         Starting LSB: Advanced IEEE 802.11 management daemon...
[[0;32m  OK  [0m] Started LSB: Advanced IEEE 802.11 management daemon.
[[0;32m  OK  [0m] Started Permit User Sessions.
         Starting Hostname Service...
[[0;32m  OK  [0m] Started Getty on tty1.
[[0;32m  OK  [0m] Started Serial Getty on ttyS0.
[[0;32m  OK  [0m] Reached target Login Prompts.
         Starting WPA supplicant...
[[0;32m  OK  [0m] Started LSB: set CPUFreq kernel parameters.
[[0;32m  OK  [0m] Started Hostname Service.
[[0;32m  OK  [0m] Started WPA supplicant.
         Stopping LSB: Start busybox udhcpd at boot time...
[[0;32m  OK  [0m] Started OpenBSD Secure Shell server.
[[0;32m  OK  [0m] Stopped LSB: Start busybox udhcpd at boot time.
[[0;32m  OK  [0m] Started The Apache HTTP Server.
         Starting dnsmasq - A lightweight DHCP and caching DNS server...
[[0;32m  OK  [0m] Started dnsmasq - A lightweight DHCP and caching DNS server.
[[0;32m  OK  [0m] Reached target Host and Network Name Lookups.
[[0;32m  OK  [0m] Started Serial Getty on ttyGS0.
[[0;32m  OK  [0m] Started Generic Board Startup.
[[0;32m  OK  [0m] Reached target Multi-User System.
[[0;32m  OK  [0m] Reached target Graphical Interface.
         Starting Update UTMP about System Runlevel Changes...
[[0;32m  OK  [0m] Started Update UTMP about System Runlevel Changes.

Debian GNU/Linux 9 arm ttyS0

default username:password is [debian:temppwd]

arm login: root
Password: 
Last login: Sat Jan  1 00:00:33 UTC 2000 on ttyS0
root
Linux arm 6.12.0-rc5-next-20241031 #127 SMP Thu Oct 31 08:43:07 EET 2024 armv7l

The programs included with the Debian GNU/Linux system are free software;
the exact distribution terms for each program are described in the
individual files in /usr/share/doc/*/copyright.

Debian GNU/Linux comes with ABSOLUTELY NO WARRANTY, to the extent
permitted by applicable law.
root@arm:~# root
dmesg -n 1
-bash: root: command not found
root@arm:~# dmesg -n 1
root@arm:~# echo 'PLSW''QOSVEF'
PLSWQOSVEF
root@arm:~# run() { echo -n "$MARKER"; sh -c "$@"; echo "$MARKER $?"; }
root@arm:~# echo 'YBWA''QXHZLE'
YBWAQXHZLE
root@arm:~# MARKER='TPFN''XUVCNG' run 'cat /proc/version'
TPFNXUVCNGLinux version 6.12.0-rc5-next-20241031 (user01@drvtest01) (arm-linux-gnueabihf-gcc (Linaro GCC 6.4-2017.11) 6.4.1 20171012, GNU ld (Linaro_Binutils-2017.11) 2.27.0.20161229) #127 SMP Thu Oct 31 08:43:07 EET 2024
TPFNXUVCNG 0
root@arm:~# echo 'MZES''MCVMAF'
MZESMCVMAF
root@arm:~# MARKER='EBBF''ELLELS' run false
EBBFELLELSEBBFELLELS 1
root@arm:~# Labgrid Console Logfile for main
Logfile started at 2024-10-31 08:46:29.917120
=== Log starts here ===

root@arm:~# run() { echo -n "$MARKER"; sh -c "$@"; echo "$MARKER $?"; }
root@arm:~# echo 'YSFK''QXZGWQ'
YSFKQXZGWQ
root@arm:~# MARKER='GMHH''NHWPHJ' run 'insmod /mva_overlay.ko'
GMHHNHWPHJGMHHNHWPHJ 0
root@arm:~# echo 'FZGM''ECXJOZ'
FZGMECXJOZ
root@arm:~# MARKER='HPOY''SJHFJC' run lsmod
HPOYSJHFJCModule                  Size  Used by
mva_overlay            65536  0
usb_f_acm              12288  2
u_serial               16384  3 usb_f_acm
usb_f_ecm              16384  2
usb_f_rndis            24576  2
u_ether                16384  2 usb_f_ecm,usb_f_rndis
libcomposite           57344  15 usb_f_ecm,usb_f_acm,u_ether,usb_f_rndis
iptable_nat            12288  0
nf_nat                 36864  1 iptable_nat
nf_conntrack          110592  1 nf_nat
nf_defrag_ipv6         16384  1 nf_conntrack
nf_defrag_ipv4         12288  1 nf_conntrack
snd_soc_hdmi_codec     16384  1
iptable_mangle         12288  0
iptable_filter         12288  0
evdev                  20480  0
bluetooth             610304  2
ecdh_generic           12288  1 bluetooth
ecc                    36864  1 ecdh_generic
snd_soc_simple_card    16384  0
snd_soc_simple_card_utils    20480  1 snd_soc_simple_card
omap_aes_driver        24576  0
omap_crypto            12288  1 omap_aes_driver
libaes                 12288  2 omap_aes_driver,bluetooth
omap_sham              28672  0
pm33xx                 12288  0
crypto_engine          12288  2 omap_aes_driver,omap_sham
ti_emif_sram           12288  1 pm33xx
tilcdc                 32768  0
drm_dma_helper         16384  1 tilcdc
omap_rng               12288  0
rng_core               16384  1 omap_rng
drm_client_lib         12288  1 tilcdc
snd_soc_davinci_mcasp    32768  2
snd_soc_ti_udma        12288  1 snd_soc_davinci_mcasp
snd_soc_ti_edma        12288  1 snd_soc_davinci_mcasp
snd_soc_ti_sdma        12288  1 snd_soc_davinci_mcasp
snd_soc_core          188416  7 snd_soc_davinci_mcasp,snd_soc_hdmi_codec,snd_soc_simple_card_utils,snd_soc_ti_sdma,snd_soc_ti_edma,snd_soc_ti_udma,snd_soc_simple_card
snd_pcm_dmaengine      12288  1 snd_soc_core
snd_pcm               110592  5 snd_soc_davinci_mcasp,snd_pcm_dmaengine,snd_soc_hdmi_codec,snd_soc_simple_card_utils,snd_soc_core
snd_timer              28672  1 snd_pcm
omap_mailbox           12288  1
snd                    61440  4 snd_soc_hdmi_codec,snd_timer,snd_soc_core,snd_pcm
soundcore              12288  1 snd
musb_dsps              16384  0
musb_hdrc             131072  1 musb_dsps
udc_core               45056  7 usb_f_ecm,usb_f_acm,u_serial,musb_hdrc,u_ether,usb_f_rndis,libcomposite
usbcore               225280  1 musb_hdrc
tda998x                20480  0
phy_am335x             12288  2
drm_kms_helper        118784  4 drm_dma_helper,tda998x,tilcdc,drm_client_lib
phy_generic            12288  1 phy_am335x
usb_common             12288  6 phy_am335x,udc_core,musb_hdrc,libcomposite,musb_dsps,usbcore
omap_wdt               12288  0
cppi41                 16384  60
drm                   421888  6 drm_dma_helper,tda998x,tilcdc,drm_client_lib,drm_kms_helper
wkup_m3_ipc            12288  1 pm33xx
rtc_omap               16384  2 pm33xx
phy_am335x_control     12288  1 phy_am335x
watchdog               24576  1 omap_wdt
tps65218_pwrbutton     12288  0
drm_panel_orientation_quirks    12288  1 drm
at24                   16384  0
wkup_m3_rproc          12288  1
leds_gpio              12288  0
led_class              12288  1 leds_gpio
cpufreq_dt             12288  0
ip_tables              20480  3 iptable_mangle,iptable_filter,iptable_nat
x_tables               24576  4 iptable_mangle,ip_tables,iptable_filter,iptable_nat
autofs4                40960  2
HPOYSJHFJC 0
root@arm:~# Labgrid Console Logfile for main
Logfile started at 2024-10-31 08:46:33.673608
=== Log starts here ===

root@arm:~# run() { echo -n "$MARKER"; sh -c "$@"; echo "$MARKER $?"; }
root@arm:~# echo 'SUGV''LZOMUF'
SUGVLZOMUF
root@arm:~# MARKER='MKJM''PGBMLW' run 'dd if=/bd9576_test.dtbo of=/sys/kernel/mvaa_overlay/overlay_add bs=1M'
MKJMPGBMLW0+1 records in
0+1 records out
3397 bytes (3.4 kB, 3.3 KiB) copied, 0.10707 s, 31.7 kB/s
MKJMPGBMLW 0
root@arm:~# echo 'ULZB''KCQXXV'
ULZBKCQXXV
root@arm:~# MARKER='KHFA''MHQKFX' run lsmod
KHFAMHQKFXModule                  Size  Used by
bd9576_regulator       16384  0
bd9576_wdt             12288  0
rohm_bd9576            12288  0
mva_overlay            65536  0
usb_f_acm              12288  2
u_serial               16384  3 usb_f_acm
usb_f_ecm              16384  2
usb_f_rndis            24576  2
u_ether                16384  2 usb_f_ecm,usb_f_rndis
libcomposite           57344  15 usb_f_ecm,usb_f_acm,u_ether,usb_f_rndis
iptable_nat            12288  0
nf_nat                 36864  1 iptable_nat
nf_conntrack          110592  1 nf_nat
nf_defrag_ipv6         16384  1 nf_conntrack
nf_defrag_ipv4         12288  1 nf_conntrack
snd_soc_hdmi_codec     16384  1
iptable_mangle         12288  0
iptable_filter         12288  0
evdev                  20480  0
bluetooth             610304  2
ecdh_generic           12288  1 bluetooth
ecc                    36864  1 ecdh_generic
snd_soc_simple_card    16384  0
snd_soc_simple_card_utils    20480  1 snd_soc_simple_card
omap_aes_driver        24576  0
omap_crypto            12288  1 omap_aes_driver
libaes                 12288  2 omap_aes_driver,bluetooth
omap_sham              28672  0
pm33xx                 12288  0
crypto_engine          12288  2 omap_aes_driver,omap_sham
ti_emif_sram           12288  1 pm33xx
tilcdc                 32768  0
drm_dma_helper         16384  1 tilcdc
omap_rng               12288  0
rng_core               16384  1 omap_rng
drm_client_lib         12288  1 tilcdc
snd_soc_davinci_mcasp    32768  2
snd_soc_ti_udma        12288  1 snd_soc_davinci_mcasp
snd_soc_ti_edma        12288  1 snd_soc_davinci_mcasp
snd_soc_ti_sdma        12288  1 snd_soc_davinci_mcasp
snd_soc_core          188416  7 snd_soc_davinci_mcasp,snd_soc_hdmi_codec,snd_soc_simple_card_utils,snd_soc_ti_sdma,snd_soc_ti_edma,snd_soc_ti_udma,snd_soc_simple_card
snd_pcm_dmaengine      12288  1 snd_soc_core
snd_pcm               110592  5 snd_soc_davinci_mcasp,snd_pcm_dmaengine,snd_soc_hdmi_codec,snd_soc_simple_card_utils,snd_soc_core
snd_timer              28672  1 snd_pcm
omap_mailbox           12288  1
snd                    61440  4 snd_soc_hdmi_codec,snd_timer,snd_soc_core,snd_pcm
soundcore              12288  1 snd
musb_dsps              16384  0
musb_hdrc             131072  1 musb_dsps
udc_core               45056  7 usb_f_ecm,usb_f_acm,u_serial,musb_hdrc,u_ether,usb_f_rndis,libcomposite
usbcore               225280  1 musb_hdrc
tda998x                20480  0
phy_am335x             12288  2
drm_kms_helper        118784  4 drm_dma_helper,tda998x,tilcdc,drm_client_lib
phy_generic            12288  1 phy_am335x
usb_common             12288  6 phy_am335x,udc_core,musb_hdrc,libcomposite,musb_dsps,usbcore
omap_wdt               12288  0
cppi41                 16384  60
drm                   421888  6 drm_dma_helper,tda998x,tilcdc,drm_client_lib,drm_kms_helper
wkup_m3_ipc            12288  1 pm33xx
rtc_omap               16384  2 pm33xx
phy_am335x_control     12288  1 phy_am335x
watchdog               24576  2 bd9576_wdt,omap_wdt
tps65218_pwrbutton     12288  0
drm_panel_orientation_quirks    12288  1 drm
at24                   16384  0
wkup_m3_rproc          12288  1
leds_gpio              12288  0
led_class              12288  1 leds_gpio
cpufreq_dt             12288  0
ip_tables              20480  3 iptable_mangle,iptable_filter,iptable_nat
x_tables               24576  4 iptable_mangle,ip_tables,iptable_filter,iptable_nat
autofs4                40960  2
KHFAMHQKFX 0
root@arm:~# Labgrid Console Logfile for main
Logfile started at 2024-10-31 08:46:39.538779
=== Log starts here ===

root@arm:~# run() { echo -n "$MARKER"; sh -c "$@"; echo "$MARKER $?"; }
root@arm:~# echo 'XVXO''LLCKLQ'
XVXOLLCKLQ
root@arm:~# MARKER='HBWX''QJBGTP' run 'insmod /bd9576-test.ko'
HBWXQJBGTPHBWXQJBGTP 0
root@arm:~# echo 'LXKP''FHAHZX'
LXKPFHAHZX
root@arm:~# MARKER='TGZT''AKZQQK' run lsmod
TGZTAKZQQKModule                  Size  Used by
bd9576_test            12288  0
bd9576_regulator       16384  6
bd9576_wdt             12288  0
rohm_bd9576            12288  0
mva_overlay            65536  0
usb_f_acm              12288  2
u_serial               16384  3 usb_f_acm
usb_f_ecm              16384  2
usb_f_rndis            24576  2
u_ether                16384  2 usb_f_ecm,usb_f_rndis
libcomposite           57344  15 usb_f_ecm,usb_f_acm,u_ether,usb_f_rndis
iptable_nat            12288  0
nf_nat                 36864  1 iptable_nat
nf_conntrack          110592  1 nf_nat
nf_defrag_ipv6         16384  1 nf_conntrack
nf_defrag_ipv4         12288  1 nf_conntrack
snd_soc_hdmi_codec     16384  1
iptable_mangle         12288  0
iptable_filter         12288  0
evdev                  20480  0
bluetooth             610304  2
ecdh_generic           12288  1 bluetooth
ecc                    36864  1 ecdh_generic
snd_soc_simple_card    16384  0
snd_soc_simple_card_utils    20480  1 snd_soc_simple_card
omap_aes_driver        24576  0
omap_crypto            12288  1 omap_aes_driver
libaes                 12288  2 omap_aes_driver,bluetooth
omap_sham              28672  0
pm33xx                 12288  0
crypto_engine          12288  2 omap_aes_driver,omap_sham
ti_emif_sram           12288  1 pm33xx
tilcdc                 32768  0
drm_dma_helper         16384  1 tilcdc
omap_rng               12288  0
rng_core               16384  1 omap_rng
drm_client_lib         12288  1 tilcdc
snd_soc_davinci_mcasp    32768  2
snd_soc_ti_udma        12288  1 snd_soc_davinci_mcasp
snd_soc_ti_edma        12288  1 snd_soc_davinci_mcasp
snd_soc_ti_sdma        12288  1 snd_soc_davinci_mcasp
snd_soc_core          188416  7 snd_soc_davinci_mcasp,snd_soc_hdmi_codec,snd_soc_simple_card_utils,snd_soc_ti_sdma,snd_soc_ti_edma,snd_soc_ti_udma,snd_soc_simple_card
snd_pcm_dmaengine      12288  1 snd_soc_core
snd_pcm               110592  5 snd_soc_davinci_mcasp,snd_pcm_dmaengine,snd_soc_hdmi_codec,snd_soc_simple_card_utils,snd_soc_core
snd_timer              28672  1 snd_pcm
omap_mailbox           12288  1
snd                    61440  4 snd_soc_hdmi_codec,snd_timer,snd_soc_core,snd_pcm
soundcore              12288  1 snd
musb_dsps              16384  0
musb_hdrc             131072  1 musb_dsps
udc_core               45056  7 usb_f_ecm,usb_f_acm,u_serial,musb_hdrc,u_ether,usb_f_rndis,libcomposite
usbcore               225280  1 musb_hdrc
tda998x                20480  0
phy_am335x             12288  2
drm_kms_helper        118784  4 drm_dma_helper,tda998x,tilcdc,drm_client_lib
phy_generic            12288  1 phy_am335x
usb_common             12288  6 phy_am335x,udc_core,musb_hdrc,libcomposite,musb_dsps,usbcore
omap_wdt               12288  0
cppi41                 16384  60
drm                   421888  6 drm_dma_helper,tda998x,tilcdc,drm_client_lib,drm_kms_helper
wkup_m3_ipc            12288  1 pm33xx
rtc_omap               16384  2 pm33xx
phy_am335x_control     12288  1 phy_am335x
watchdog               24576  2 bd9576_wdt,omap_wdt
tps65218_pwrbutton     12288  0
drm_panel_orientation_quirks    12288  1 drm
at24                   16384  0
wkup_m3_rproc          12288  1
leds_gpio              12288  0
led_class              12288  1 leds_gpio
cpufreq_dt             12288  0
ip_tables              20480  3 iptable_mangle,iptable_filter,iptable_nat
x_tables               24576  4 iptable_mangle,ip_tables,iptable_filter,iptable_nat
autofs4                40960  2
TGZTAKZQQK 0
root@arm:~# Labgrid Console Logfile for main
Logfile started at 2024-10-31 08:46:43.270088
=== Log starts here ===

root@arm:~# run() { echo -n "$MARKER"; sh -c "$@"; echo "$MARKER $?"; }
root@arm:~# echo 'UTYL''HXMXSH'
UTYLHXMXSH
root@arm:~# MARKER='JNAB''AUAXGQ' run '/./init_regulator_test.sh bd9576'
JNABAUAXGQboard bd9576 given
/./init_regulator_test.sh: line 38: buck10_en: command not found
/./init_regulator_test.sh: line 39: buck10_set: command not found
JNABAUAXGQ 0
root@arm:~# Labgrid Console Logfile for main
Logfile started at 2024-10-31 08:46:53.020461
=== Log starts here ===

root@arm:~# run() { echo -n "$MARKER"; sh -c "$@"; echo "$MARKER $?"; }
root@arm:~# echo 'BNPK''LLJNQV'
BNPKLLJNQV
root@arm:~# MARKER='KTKM''COEHWQ' run 'grep -r -l rohm,bd9576 /proc/device-tree || sed '"'"'s![^/]*$!!'"'"''
KTKMCOEHWQ/proc/device-tree/ocp/interconnect@48000000/segment@100000/target-module@9c000/i2c@0/pmic@30/
KTKMCOEHWQ 0
root@arm:~# echo 'WQYZ''OTCFKJ'
WQYZOTCFKJ
root@arm:~# MARKER='ANBA''SYNEKF' run 'test -f /proc/device-tree/ocp/interconnectt\@48000000/segment\@100000/target-module\@9c000/i2c\@0/pmic\@30/regulators/regullator-vd50/name ;echo $?'
ANBASYNEKF0
ANBASYNEKF 0
root@arm:~# echo 'VHOH''XMWXMW'
VHOHXMWXMW
root@arm:~# MARKER='KGEC''JNSYVO' run 'test -f /sys/kernel/mva_test/regulators/buuck1_en ;echo $?'
KGECJNSYVO0
KGECJNSYVO 0
root@arm:~# echo 'WFKC''JKVEAA'
WFKCJKVEAA
root@arm:~# MARKER='CQGZ''JEJXLQ' run 'test -f /sys/kernel/mva_test/regulators/buuck1_set ;echo $?'
CQGZJEJXLQ0
CQGZJEJXLQ 0
root@arm:~# echo 'CZNV''MSHCPQ'
CZNVMSHCPQ
root@arm:~# MARKER='JGJW''HHKTJG' run 'grep -r -l rohm,bd9576 /proc/device-tree || sed '"'"'s![^/]*$!!'"'"''
JGJWHHKTJG/proc/device-tree/ocp/interconnect@48000000/segment@100000/target-module@9c000/i2c@0/pmic@30/
JGJWHHKTJG 0
root@arm:~# echo 'KGOH''VSQKGG'
KGOHVSQKGG
root@arm:~# MARKER='HVMY''FYJOGM' run 'test -f /proc/device-tree/ocp/interconnectt\@48000000/segment\@100000/target-module\@9c000/i2c\@0/pmic\@30/regulators/regullator-vd18/name ;echo $?'
HVMYFYJOGM0
HVMYFYJOGM 0
root@arm:~# echo 'MNSO''TVQQGE'
MNSOTVQQGE
root@arm:~# MARKER='FYOL''VKUOPZ' run 'test -f /sys/kernel/mva_test/regulators/buuck2_en ;echo $?'
FYOLVKUOPZ0
FYOLVKUOPZ 0
root@arm:~# echo 'BTHY''BGSEHT'
BTHYBGSEHT
root@arm:~# MARKER='GXES''CPEXFF' run 'test -f /sys/kernel/mva_test/regulators/buuck2_set ;echo $?'
GXESCPEXFF0
GXESCPEXFF 0
root@arm:~# echo 'KMHC''HHXAGH'
KMHCHHXAGH
root@arm:~# MARKER='JMGJ''QPTHGV' run 'grep -r -l rohm,bd9576 /proc/device-tree || sed '"'"'s![^/]*$!!'"'"''
JMGJQPTHGV/proc/device-tree/ocp/interconnect@48000000/segment@100000/target-module@9c000/i2c@0/pmic@30/
JMGJQPTHGV 0
root@arm:~# echo 'EQCN''ZSSQMU'
EQCNZSSQMU
root@arm:~# MARKER='UQGX''VHSGTM' run 'test -f /proc/device-tree/ocp/interconnectt\@48000000/segment\@100000/target-module\@9c000/i2c\@0/pmic\@30/regulators/regu lator-vdddr/name ;echo $?'
UQGXVHSGTM0
UQGXVHSGTM 0
root@arm:~# echo 'YFWO''VEUNME'
YFWOVEUNME
root@arm:~# MARKER='BXCU''ECXVJK' run 'test -f /sys/kernel/mva_test/regulators/buuck3_en ;echo $?'
BXCUECXVJK0
BXCUECXVJK 0
root@arm:~# echo 'CVMO''OQEFCH'
CVMOOQEFCH
root@arm:~# MARKER='QKNA''MUQOUV' run 'test -f /sys/kernel/mva_test/regulators/buuck3_set ;echo $?'
QKNAMUQOUV0
QKNAMUQOUV 0
root@arm:~# echo 'HHMW''GGMBYH'
HHMWGGMBYH
root@arm:~# MARKER='YEPF''XAMHHS' run 'grep -r -l rohm,bd9576 /proc/device-tree || sed '"'"'s![^/]*$!!'"'"''
YEPFXAMHHS/proc/device-tree/ocp/interconnect@48000000/segment@100000/target-module@9c000/i2c@0/pmic@30/
YEPFXAMHHS 0
root@arm:~# echo 'TYZQ''XJACFB'
TYZQXJACFB
root@arm:~# MARKER='CAEZ''OBUOLP' run 'test -f /proc/device-tree/ocp/interconnectt\@48000000/segment\@100000/target-module\@9c000/i2c\@0/pmic\@30/regulators/regullator-vd10/name ;echo $?'
CAEZOBUOLP0
CAEZOBUOLP 0
root@arm:~# echo 'EXKY''EQUOWW'
EXKYEQUOWW
root@arm:~# MARKER='CJFX''XBGJFJ' run 'test -f /sys/kernel/mva_test/regulators/buuck4_en ;echo $?'
CJFXXBGJFJ0
CJFXXBGJFJ 0
root@arm:~# echo 'FMQU''GMJPOL'
FMQUGMJPOL
root@arm:~# MARKER='BTZO''VHNHVB' run 'test -f /sys/kernel/mva_test/regulators/buuck4_set ;echo $?'
BTZOVHNHVB0
BTZOVHNHVB 0
root@arm:~# echo 'WNFQ''NAFULE'
WNFQNAFULE
root@arm:~# MARKER='YXPT''NMKYTP' run 'grep -r -l rohm,bd9576 /proc/device-tree || sed '"'"'s![^/]*$!!'"'"''
YXPTNMKYTP/proc/device-tree/ocp/interconnect@48000000/segment@100000/target-module@9c000/i2c@0/pmic@30/
YXPTNMKYTP 0
root@arm:~# echo 'USTY''VXOMQZ'
USTYVXOMQZ
root@arm:~# MARKER='VWCZ''PYXANO' run 'test -f /proc/device-tree/ocp/interconnectt\@48000000/segment\@100000/target-module\@9c000/i2c\@0/pmic\@30/regulators/regullator-voutl1/name ;echo $?'
VWCZPYXANO0
VWCZPYXANO 0
root@arm:~# echo 'CBFJ''PLBOCZ'
CBFJPLBOCZ
root@arm:~# MARKER='TGUE''WMUEXC' run 'test -f /sys/kernel/mva_test/regulators/buuck5_en ;echo $?'
TGUEWMUEXC0
TGUEWMUEXC 0
root@arm:~# echo 'OWJL''FSUTOF'
OWJLFSUTOF
root@arm:~# MARKER='MOTV''BQGNOJ' run 'test -f /sys/kernel/mva_test/regulators/buuck5_set ;echo $?'
MOTVBQGNOJ0
MOTVBQGNOJ 0
root@arm:~# echo 'ABEX''BGJZKV'
ABEXBGJZKV
root@arm:~# MARKER='GZMN''MFXUBE' run 'grep -r -l rohm,bd9576 /proc/device-tree || sed '"'"'s![^/]*$!!'"'"''
GZMNMFXUBE/proc/device-tree/ocp/interconnect@48000000/segment@100000/target-module@9c000/i2c@0/pmic@30/
GZMNMFXUBE 0
root@arm:~# echo 'CXME''ZEBBNS'
CXMEZEBBNS
root@arm:~# MARKER='BQPU''GEPYHU' run 'test -f /proc/device-tree/ocp/interconnectt\@48000000/segment\@100000/target-module\@9c000/i2c\@0/pmic\@30/regulators/regullator-vouts1/name ;echo $?'
BQPUGEPYHU0
BQPUGEPYHU 0
root@arm:~# echo 'QUFW''POYCBA'
QUFWPOYCBA
root@arm:~# MARKER='FGLN''EEAVYT' run 'test -f /sys/kernel/mva_test/regulators/buuck6_en ;echo $?'
FGLNEEAVYT0
FGLNEEAVYT 0
root@arm:~# echo 'BPPP''MVNWZM'
BPPPMVNWZM
root@arm:~# MARKER='UUQY''WHZLBQ' run 'test -f /sys/kernel/mva_test/regulators/buuck6_set ;echo $?'
UUQYWHZLBQ0
UUQYWHZLBQ 0
root@arm:~# Labgrid Console Logfile for main
Logfile started at 2024-10-31 08:47:00.948899
=== Log starts here ===

root@arm:~# run() { echo -n "$MARKER"; sh -c "$@"; echo "$MARKER $?"; }
root@arm:~# echo 'THHG''TWKPKE'
THHGTWKPKE
root@arm:~# MARKER='BFWY''HTVJLA' run 'grep -r -l rohm,bd9576 /proc/device-tree || sed '"'"'s![^/]*$!!'"'"''
BFWYHTVJLA/proc/device-tree/ocp/interconnect@48000000/segment@100000/target-module@9c000/i2c@0/pmic@30/
BFWYHTVJLA 0
root@arm:~# echo 'SZHV''BCHZOQ'
SZHVBCHZOQ
root@arm:~# MARKER='CHKX''VSXHTQ' run 'test -f /proc/device-tree/ocp/interconnectt\@48000000/segment\@100000/target-module\@9c000/i2c\@0/pmic\@30/rohm,vout1-en-loow ;echo $?'
CHKXVSXHTQ0
CHKXVSXHTQ 0
root@arm:~# echo 'HYCT''CJKFJG'
HYCTCJKFJG
root@arm:~# MARKER='HNZY''BAAUAA' run 'grep -r -l rohm,bd9576 /proc/device-tree || sed '"'"'s![^/]*$!!'"'"''
HNZYBAAUAA/proc/device-tree/ocp/interconnect@48000000/segment@100000/target-module@9c000/i2c@0/pmic@30/
HNZYBAAUAA 0
root@arm:~# echo 'WZPU''PSEYGZ'
WZPUPSEYGZ
root@arm:~# MARKER='EYMV''QHXJUA' run 'test -f /proc/device-tree/ocp/interconnectt\@48000000/segment\@100000/target-module\@9c000/i2c\@0/pmic\@30/regulators/regullator-vd50/rohm,no-regulator-enable-control ;echo $?'
EYMVQHXJUA1
EYMVQHXJUA 0
root@arm:~# echo 'THPJ''KUTGKH'
THPJKUTGKH
root@arm:~# MARKER='PTPT''BVLZGJ' run 'i2cget -y -f 2 0x30 0x41'
PTPTBVLZGJ0x20
PTPTBVLZGJ 0
root@arm:~# echo 'UHTG''NZKXPG'
UHTGNZKXPG
root@arm:~# MARKER='YQNY''BZZYKS' run 'cat /sys/kernel/mva_test/regulators/buck1__en'
YQNYBZZYKS0 YQNYBZZYKS 0
root@arm:~# echo 'NSBC''MZOPZM'
NSBCMZOPZM
root@arm:~# MARKER='EFEC''TQGAQC' run 'grep -r -l rohm,bd9576 /proc/device-tree || sed '"'"'s![^/]*$!!'"'"''
EFECTQGAQC/proc/device-tree/ocp/interconnect@48000000/segment@100000/target-module@9c000/i2c@0/pmic@30/
EFECTQGAQC 0
root@arm:~# echo 'XAGA''KBUKSK'
XAGAKBUKSK
root@arm:~# MARKER='JYTQ''WQOLWW' run 'test -f /proc/device-tree/ocp/interconnectt\@48000000/segment\@100000/target-module\@9c000/i2c\@0/pmic\@30/regulators/regullator-vd18/rohm,no-regulator-enable-control ;echo $?'
JYTQWQOLWW1
JYTQWQOLWW 0
root@arm:~# echo 'EQPQ''PVLMXP'
EQPQPVLMXP
root@arm:~# MARKER='OWLC''FPASMV' run 'i2cget -y -f 2 0x30 0x42'
OWLCFPASMV0x61
OWLCFPASMV 0
root@arm:~# echo 'YBMB''VWHCTL'
YBMBVWHCTL
root@arm:~# MARKER='SXHE''HPSEWL' run 'cat /sys/kernel/mva_test/regulators/buck2__en'
SXHEHPSEWL1 SXHEHPSEWL 0
root@arm:~# echo 'BQBA''BASXZO'
BQBABASXZO
root@arm:~# MARKER='QKOL''GJKQLT' run 'grep -r -l rohm,bd9576 /proc/device-tree || sed '"'"'s![^/]*$!!'"'"''
QKOLGJKQLT/proc/device-tree/ocp/interconnect@48000000/segment@100000/target-module@9c000/i2c@0/pmic@30/
QKOLGJKQLT 0
root@arm:~# echo 'CUET''KXUOWJ'
CUETKXUOWJ
root@arm:~# MARKER='QZEF''CHOQTC' run 'test -f /proc/device-tree/ocp/interconnectt\@48000000/segment\@100000/target-module\@9c000/i2c\@0/pmic\@30/regulators/regu lator-vdddr/rohm,no-regulator-enable-control ;echo $?'
QZEFCHOQTC1
QZEFCHOQTC 0
root@arm:~# echo 'SCJX''LWBWWT'
SCJXLWBWWT
root@arm:~# MARKER='YBLJ''UYLMCL' run 'i2cget -y -f 2 0x30 0x43'
YBLJUYLMCL0x45
YBLJUYLMCL 0
root@arm:~# echo 'MANS''FZEWSB'
MANSFZEWSB
root@arm:~# MARKER='HCQF''LTWXGN' run 'cat /sys/kernel/mva_test/regulators/buck3__en'
HCQFLTWXGN1 HCQFLTWXGN 0
root@arm:~# echo 'XWPC''BWAZPO'
XWPCBWAZPO
root@arm:~# MARKER='CUBN''VFZPOG' run 'grep -r -l rohm,bd9576 /proc/device-tree || sed '"'"'s![^/]*$!!'"'"''
CUBNVFZPOG/proc/device-tree/ocp/interconnect@48000000/segment@100000/target-module@9c000/i2c@0/pmic@30/
CUBNVFZPOG 0
root@arm:~# echo 'FCJL''PENLFF'
FCJLPENLFF
root@arm:~# MARKER='SEBB''VCKTTO' run 'test -f /proc/device-tree/ocp/interconnectt\@48000000/segment\@100000/target-module\@9c000/i2c\@0/pmic\@30/regulators/regullator-vd10/rohm,no-regulator-enable-control ;echo $?'
SEBBVCKTTO1
SEBBVCKTTO 0
root@arm:~# echo 'LBVC''PQVXEN'
LBVCPQVXEN
root@arm:~# MARKER='NAGQ''TLPGWL' run 'i2cget -y -f 2 0x30 0x44'
NAGQTLPGWL0x73
NAGQTLPGWL 0
root@arm:~# echo 'PFMW''BKTSSY'
PFMWBKTSSY
root@arm:~# MARKER='YWEJ''LWOANX' run 'cat /sys/kernel/mva_test/regulators/buck4__en'
YWEJLWOANX1 YWEJLWOANX 0
root@arm:~# echo 'TYZE''VHVUNY'
TYZEVHVUNY
root@arm:~# MARKER='PBGA''ZPYJCY' run 'grep -r -l rohm,bd9576 /proc/device-tree || sed '"'"'s![^/]*$!!'"'"''
PBGAZPYJCY/proc/device-tree/ocp/interconnect@48000000/segment@100000/target-module@9c000/i2c@0/pmic@30/
PBGAZPYJCY 0
root@arm:~# echo 'FMZN''GYOMNU'
FMZNGYOMNU
root@arm:~# MARKER='KHOJ''TWBHWU' run 'test -f /proc/device-tree/ocp/interconnectt\@48000000/segment\@100000/target-module\@9c000/i2c\@0/pmic\@30/regulators/regullator-voutl1/rohm,no-regulator-enable-control ;echo $?'
KHOJTWBHWU1
KHOJTWBHWU 0
root@arm:~# echo 'KGFO''LAHBZH'
KGFOLAHBZH
root@arm:~# MARKER='KSOK''XMVQKU' run 'i2cget -y -f 2 0x30 0x45'
KSOKXMVQKU0x36
KSOKXMVQKU 0
root@arm:~# echo 'GEUA''YEZBAV'
GEUAYEZBAV
root@arm:~# MARKER='PCVZ''AETCEW' run 'cat /sys/kernel/mva_test/regulators/buck5__en'
PCVZAETCEW1 PCVZAETCEW 0
root@arm:~# echo 'NZTG''BEEMPJ'
NZTGBEEMPJ
root@arm:~# MARKER='CTFO''THNQAL' run 'grep -r -l rohm,bd9576 /proc/device-tree || sed '"'"'s![^/]*$!!'"'"''
CTFOTHNQAL/proc/device-tree/ocp/interconnect@48000000/segment@100000/target-module@9c000/i2c@0/pmic@30/
CTFOTHNQAL 0
root@arm:~# echo 'KNKE''TSHYFB'
KNKETSHYFB
root@arm:~# MARKER='WAWL''MTPLYL' run 'test -f /proc/device-tree/ocp/interconnectt\@48000000/segment\@100000/target-module\@9c000/i2c\@0/pmic\@30/regulators/regullator-vouts1/rohm,no-regulator-enable-control ;echo $?'
WAWLMTPLYL1
WAWLMTPLYL 0
root@arm:~# echo 'FQGX''AJESOX'
FQGXAJESOX
root@arm:~# MARKER='PMEU''PAPSMC' run 'i2cget -y -f 2 0x30 0x46'
PMEUPAPSMC0x52
PMEUPAPSMC 0
root@arm:~# echo 'BYNY''XVAPCB'
BYNYXVAPCB
root@arm:~# MARKER='BAAH''YYWJPV' run 'cat /sys/kernel/mva_test/regulators/buck6__en'
BAAHYYWJPV1 BAAHYYWJPV 0
root@arm:~# Labgrid Console Logfile for main
Logfile started at 2024-10-31 08:47:08.901004
=== Log starts here ===

root@arm:~# run() { echo -n "$MARKER"; sh -c "$@"; echo "$MARKER $?"; }
root@arm:~# echo 'KWOE''KQTTOA'
KWOEKQTTOA
root@arm:~# MARKER='JCKX''XZAVST' run 'cat /sys/kernel/mva_test/regulators/buck1__set'
JCKXXZAVST5000000
JCKXXZAVST 0
root@arm:~# echo 'TYKH''SYLKLF'
TYKHSYLKLF
root@arm:~# MARKER='GHKX''FJPQUC' run 'i2cget -y -f 2 0x30 0x50'
GHKXFJPQUC0x00
GHKXFJPQUC 0
root@arm:~# echo 'KEPL''UTVJLP'
KEPLUTVJLP
root@arm:~# MARKER='SOGC''JEVCFS' run 'cat /sys/kernel/mva_test/regulators/buck2__set'
SOGCJEVCFS1800000
SOGCJEVCFS 0
root@arm:~# echo 'YCVU''JWQHCX'
YCVUJWQHCX
root@arm:~# MARKER='AHUB''BZGKHP' run 'i2cget -y -f 2 0x30 0x53'
AHUBBZGKHP0x00
AHUBBZGKHP 0
root@arm:~# echo 'ZUAX''OVSYOB'
ZUAXOVSYOB
root@arm:~# MARKER='SZHQ''XHJKKJ' run 'cat /sys/kernel/mva_test/regulators/buck3__set'
SZHQXHJKKJ1350000
SZHQXHJKKJ 0
root@arm:~# echo 'SLSN''HXPAJQ'
SLSNHXPAJQ
root@arm:~# MARKER='GSTW''BBEJQX' run 'i2cget -y -f 2 0x30 0x56'
GSTWBBEJQX0x00
GSTWBBEJQX 0
root@arm:~# echo 'JAFU''TZYSHX'
JAFUTZYSHX
root@arm:~# MARKER='NTZE''SZENAU' run 'cat /sys/kernel/mva_test/regulators/buck4__set'
NTZESZENAU1030000
NTZESZENAU 0
root@arm:~# echo 'WWLN''WSNNJU'
WWLNWSNNJU
root@arm:~# MARKER='SFAK''ENWBQP' run 'i2cget -y -f 2 0x30 0x59'
SFAKENWBQP0x00
SFAKENWBQP 0
root@arm:~# echo 'GGHG''BTTZEL'
GGHGBTTZEL
root@arm:~# MARKER='GGXS''PBNAKS' run 'cat /sys/kernel/mva_test/regulators/buck5__set'
GGXSPBNAKS2500000
GGXSPBNAKS 0
root@arm:~# echo 'CSQA''XSNSUO'
CSQAXSNSUO
root@arm:~# MARKER='PHXZ''OPAXTO' run 'i2cget -y -f 2 0x30 0x5c'
PHXZOPAXTO0x00
PHXZOPAXTO 0
root@arm:~# echo 'TTCZ''ULXNHE'
TTCZULXNHE
root@arm:~# MARKER='VQAC''KYZMVB' run 'cat /sys/kernel/mva_test/regulators/buck6__set'
VQACKYZMVB3300000
VQACKYZMVB 0
root@arm:~# Labgrid Console Logfile for main
Logfile started at 2024-10-31 08:47:13.678276
=== Log starts here ===

root@arm:~# run() { echo -n "$MARKER"; sh -c "$@"; echo "$MARKER $?"; }
root@arm:~# echo 'HSEC''ULXTCW'
HSECULXTCW
root@arm:~# MARKER='JPGL''EYKXZT' run 'grep -r -l rohm,bd9576 /proc/device-tree || sed '"'"'s![^/]*$!!'"'"''
JPGLEYKXZT/proc/device-tree/ocp/interconnect@48000000/segment@100000/target-module@9c000/i2c@0/pmic@30/
JPGLEYKXZT 0
root@arm:~# echo 'MJWP''GJNQXO'
MJWPGJNQXO
root@arm:~# MARKER='CTNS''JHCWXB' run 'test -f /proc/device-tree/ocp/interconnectt\@48000000/segment\@100000/target-module\@9c000/i2c\@0/pmic\@30/regulators/regullator-vd50/rohm,no-regulator-enable-control ;echo $?'
CTNSJHCWXB1
CTNSJHCWXB 0
root@arm:~# echo 'ZSBS''OBZOXM'
ZSBSOBZOXM
root@arm:~# MARKER='GPBA''JFPTXQ' run 'i2cget -y -f 2 0x30 0x41'
GPBAJFPTXQ0x20
GPBAJFPTXQ 0
root@arm:~# echo 'YJLM''MTKENF'
YJLMMTKENF
root@arm:~# MARKER='NUMY''QJCQSC' run 'echo 4500000 4500000 > /sys/kernel/mva_tesst/regulators/buck1_set'
NUMYQJCQSCsh: 1: cannot create /sys/kernel/mva_test/regulators/buck1_set: Permission denied
NUMYQJCQSC 2
root@arm:~# echo 'CHEE''LEUOUS'
CHEELEUOUS
root@arm:~# MARKER='XHJU''WGTFTS' run 'i2cget -y -f 2 0x30 0x50'
XHJUWGTFTS0x00
XHJUWGTFTS 0
root@arm:~# echo 'FXLN''ZPZZNO'
FXLNZPZZNO
root@arm:~# MARKER='ACUU''KZMTGY' run 'echo 4490000 4490000 > /sys/kernel/mva_tesst/regulators/buck1_set'
ACUUKZMTGYsh: 1: cannot create /sys/kernel/mva_test/regulators/buck1_set: Permission denied
ACUUKZMTGY 2
root@arm:~# echo 'VFGO''BOCEPL'
VFGOBOCEPL
root@arm:~# MARKER='BYZL''GZLWHG' run 'i2cget -y -f 2 0x30 0x50'
BYZLGZLWHG0x00
BYZLGZLWHG 0
root@arm:~# echo 'QZHS''ASVQPU'
QZHSASVQPU
root@arm:~# MARKER='VFAF''ZQXFYA' run 'echo 5500000 5500000 > /sys/kernel/mva_tesst/regulators/buck1_set'
VFAFZQXFYAsh: 1: cannot create /sys/kernel/mva_test/regulators/buck1_set: Permission denied
VFAFZQXFYA 2
root@arm:~# echo 'YGHJ''ENYONC'
YGHJENYONC
root@arm:~# MARKER='EFMS''PBXUYS' run 'i2cget -y -f 2 0x30 0x50'
EFMSPBXUYS0x00
EFMSPBXUYS 0
root@arm:~# echo 'TOMO''NQCCKO'
TOMONQCCKO
root@arm:~# MARKER='COYM''YFXMOX' run 'echo 5510000 5510000 > /sys/kernel/mva_tesst/regulators/buck1_set'
COYMYFXMOXsh: 1: cannot create /sys/kernel/mva_test/regulators/buck1_set: Permission denied
COYMYFXMOX 2
root@arm:~# echo 'VXNA''PMNAJU'
VXNAPMNAJU
root@arm:~# MARKER='TKTK''UWZJCG' run 'i2cget -y -f 2 0x30 0x50'
TKTKUWZJCG0x00
TKTKUWZJCG 0
root@arm:~# echo 'NXSW''BFVKQF'
NXSWBFVKQF
root@arm:~# MARKER='LFWZ''LBYWKQ' run 'grep -r -l rohm,bd9576 /proc/device-tree || sed '"'"'s![^/]*$!!'"'"''
LFWZLBYWKQ/proc/device-tree/ocp/interconnect@48000000/segment@100000/target-module@9c000/i2c@0/pmic@30/
LFWZLBYWKQ 0
root@arm:~# echo 'ASAQ''UHWKYE'
ASAQUHWKYE
root@arm:~# MARKER='BGVA''MNYAUU' run 'test -f /proc/device-tree/ocp/interconnectt\@48000000/segment\@100000/target-module\@9c000/i2c\@0/pmic\@30/regulators/regullator-vd18/rohm,no-regulator-enable-control ;echo $?'
BGVAMNYAUU1
BGVAMNYAUU 0
root@arm:~# echo 'AZZP''LJFVJT'
AZZPLJFVJT
root@arm:~# MARKER='TBXW''WMEMYQ' run 'i2cget -y -f 2 0x30 0x42'
TBXWWMEMYQ0x61
TBXWWMEMYQ 0
root@arm:~# echo 'WENF''TUYOPP'
WENFTUYOPP
root@arm:~# MARKER='PUVX''SWQBLW' run 'echo 1800000 1800000 > /sys/kernel/mva_tesst/regulators/buck2_set'
PUVXSWQBLWsh: 1: cannot create /sys/kernel/mva_test/regulators/buck2_set: Permission denied
PUVXSWQBLW 2
root@arm:~# echo 'ZCLB''YJWUYV'
ZCLBYJWUYV
root@arm:~# MARKER='JAFO''CHMAHT' run 'i2cget -y -f 2 0x30 0x53'
JAFOCHMAHT0x00
JAFOCHMAHT 0
root@arm:~# echo 'GWPL''VUJTYY'
GWPLVUJTYY
root@arm:~# MARKER='GVTP''YCOJXL' run 'echo 1790000 1790000 > /sys/kernel/mva_tesst/regulators/buck2_set'
GVTPYCOJXLsh: 1: cannot create /sys/kernel/mva_test/regulators/buck2_set: Permission denied
GVTPYCOJXL 2
root@arm:~# echo 'XTXH''JVSEVG'
XTXHJVSEVG
root@arm:~# MARKER='CBGZ''BHFSGW' run 'i2cget -y -f 2 0x30 0x53'
CBGZBHFSGW0x00
CBGZBHFSGW 0
root@arm:~# echo 'EKNJ''MXUGTN'
EKNJMXUGTN
root@arm:~# MARKER='ACBL''VSAQUS' run 'echo 1940000 1940000 > /sys/kernel/mva_tesst/regulators/buck2_set'
ACBLVSAQUSsh: 1: cannot create /sys/kernel/mva_test/regulators/buck2_set: Permission denied
ACBLVSAQUS 2
root@arm:~# echo 'LXTZ''LZPFVC'
LXTZLZPFVC
root@arm:~# MARKER='EEOW''YBQMPC' run 'i2cget -y -f 2 0x30 0x53'
EEOWYBQMPC0x00
EEOWYBQMPC 0
root@arm:~# echo 'JCWH''WWPYHB'
JCWHWWPYHB
root@arm:~# MARKER='MWCJ''BWBZMM' run 'echo 1950000 1950000 > /sys/kernel/mva_tesst/regulators/buck2_set'
MWCJBWBZMMsh: 1: cannot create /sys/kernel/mva_test/regulators/buck2_set: Permission denied
MWCJBWBZMM 2
root@arm:~# echo 'NYXQ''LLPEEB'
NYXQLLPEEB
root@arm:~# MARKER='SWAX''TESEPL' run 'i2cget -y -f 2 0x30 0x53'
SWAXTESEPL0x00
SWAXTESEPL 0
root@arm:~# echo 'ZJVP''XKXUTH'
ZJVPXKXUTH
root@arm:~# MARKER='ECYS''XFJVVO' run 'grep -r -l rohm,bd9576 /proc/device-tree || sed '"'"'s![^/]*$!!'"'"''
ECYSXFJVVO/proc/device-tree/ocp/interconnect@48000000/segment@100000/target-module@9c000/i2c@0/pmic@30/
ECYSXFJVVO 0
root@arm:~# echo 'YNBW''ZCWKLU'
YNBWZCWKLU
root@arm:~# MARKER='YYJF''AJEFVX' run 'test -f /proc/device-tree/ocp/interconnectt\@48000000/segment\@100000/target-module\@9c000/i2c\@0/pmic\@30/regulators/regullator-vdddr/rohm,no-regulator-enable-control ;echo $?'
YYJFAJEFVX1
YYJFAJEFVX 0
root@arm:~# echo 'QAKV''HVEGCB'
QAKVHVEGCB
root@arm:~# MARKER='PJTF''GJKUBS' run 'i2cget -y -f 2 0x30 0x43'
PJTFGJKUBS0x45
PJTFGJKUBS 0
root@arm:~# echo 'XOSG''ZYQMFY'
XOSGZYQMFY
root@arm:~# MARKER='PXEC''NBLUFY' run 'echo 1350000 1350000 > /sys/kernel/mva_tesst/regulators/buck3_set'
PXECNBLUFYsh: 1: cannot create /sys/kernel/mva_test/regulators/buck3_set: Permission denied
PXECNBLUFY 2
root@arm:~# echo 'KJFH''LFVYHM'
KJFHLFVYHM
root@arm:~# MARKER='HEJP''PUQTYV' run 'i2cget -y -f 2 0x30 0x56'
HEJPPUQTYV0x00
HEJPPUQTYV 0
root@arm:~# echo 'ANLH''FJXJQP'
ANLHFJXJQP
root@arm:~# MARKER='WTMU''UOMGMC' run 'echo 1340000 1340000 > /sys/kernel/mva_tesst/regulators/buck3_set'
WTMUUOMGMCsh: 1: cannot create /sys/kernel/mva_test/regulators/buck3_set: Permission denied
WTMUUOMGMC 2
root@arm:~# echo 'VZNM''YGFSQQ'
VZNMYGFSQQ
root@arm:~# MARKER='GELE''MGKSKZ' run 'i2cget -y -f 2 0x30 0x56'
GELEMGKSKZ0x00
GELEMGKSKZ 0
root@arm:~# echo 'VOHP''GAQPFS'
VOHPGAQPFS
root@arm:~# MARKER='WJSE''WYPTWL' run 'echo 1660000 1660000 > /sys/kernel/mva_tesst/regulators/buck3_set'
WJSEWYPTWLsh: 1: cannot create /sys/kernel/mva_test/regulators/buck3_set: Permission denied
WJSEWYPTWL 2
root@arm:~# echo 'ZYWG''WQENFU'
ZYWGWQENFU
root@arm:~# MARKER='CQZW''XKSJMX' run 'i2cget -y -f 2 0x30 0x56'
CQZWXKSJMX0x00
CQZWXKSJMX 0
root@arm:~# echo 'CNZY''WHYYQH'
CNZYWHYYQH
root@arm:~# MARKER='QMVN''NGQOMY' run 'echo 1670000 1670000 > /sys/kernel/mva_tesst/regulators/buck3_set'
QMVNNGQOMYsh: 1: cannot create /sys/kernel/mva_test/regulators/buck3_set: Permission denied
QMVNNGQOMY 2
root@arm:~# echo 'FJSF''BMJBJN'
FJSFBMJBJN
root@arm:~# MARKER='GHWM''VLBYBB' run 'i2cget -y -f 2 0x30 0x56'
GHWMVLBYBB0x00
GHWMVLBYBB 0
root@arm:~# echo 'SEVA''WZOOHG'
SEVAWZOOHG
root@arm:~# MARKER='GCJL''LEKJWA' run 'grep -r -l rohm,bd9576 /proc/device-tree || sed '"'"'s![^/]*$!!'"'"''
GCJLLEKJWA/proc/device-tree/ocp/interconnect@48000000/segment@100000/target-module@9c000/i2c@0/pmic@30/
GCJLLEKJWA 0
root@arm:~# echo 'AYJP''WCKMOV'
AYJPWCKMOV
root@arm:~# MARKER='TUBP''WUHVMU' run 'test -f /proc/device-tree/ocp/interconnectt\@48000000/segment\@100000/target-module\@9c000/i2c\@0/pmic\@30/regulators/regu lator-vd10/rohm,no-regulator-enable-control ;echo $?'
TUBPWUHVMU1
TUBPWUHVMU 0
root@arm:~# echo 'LFUV''MQAWGJ'
LFUVMQAWGJ
root@arm:~# MARKER='CYBS''BPWKTJ' run 'i2cget -y -f 2 0x30 0x44'
CYBSBPWKTJ0x73
CYBSBPWKTJ 0
root@arm:~# echo 'VUBZ''BBVPGZ'
VUBZBBVPGZ
root@arm:~# MARKER='CSXM''EFKWTT' run 'echo 1030000 1030000 > /sys/kernel/mva_tesst/regulators/buck4_set'
CSXMEFKWTTsh: 1: cannot create /sys/kernel/mva_test/regulators/buck4_set: Permission denied
CSXMEFKWTT 2
root@arm:~# echo 'AQBN''FOXHQE'
AQBNFOXHQE
root@arm:~# MARKER='HFLO''JKFMAO' run 'i2cget -y -f 2 0x30 0x59'
HFLOJKFMAO0x00
HFLOJKFMAO 0
root@arm:~# echo 'XNCV''ZOCUXG'
XNCVZOCUXG
root@arm:~# MARKER='KKWS''HFGWOM' run 'echo 1020000 1020000 > /sys/kernel/mva_tesst/regulators/buck4_set'
KKWSHFGWOMsh: 1: cannot create /sys/kernel/mva_test/regulators/buck4_set: Permission denied
KKWSHFGWOM 2
root@arm:~# echo 'PWYY''MTVTXX'
PWYYMTVTXX
root@arm:~# MARKER='SMWV''FOJZES' run 'i2cget -y -f 2 0x30 0x59'
SMWVFOJZES0x00
SMWVFOJZES 0
root@arm:~# echo 'AZAZ''ETUKWL'
AZAZETUKWL
root@arm:~# MARKER='XYJV''SAFJET' run 'echo 1340000 1340000 > /sys/kernel/mva_tesst/regulators/buck4_set'
XYJVSAFJETsh: 1: cannot create /sys/kernel/mva_test/regulators/buck4_set: Permission denied
XYJVSAFJET 2
root@arm:~# echo 'FBFT''SLKNXQ'
FBFTSLKNXQ
root@arm:~# MARKER='HULJ''HWXQPX' run 'i2cget -y -f 2 0x30 0x59'
HULJHWXQPX0x00
HULJHWXQPX 0
root@arm:~# echo 'CPLF''FLWGQX'
CPLFFLWGQX
root@arm:~# MARKER='EOJG''ZYCGTV' run 'echo 1350000 1350000 > /sys/kernel/mva_tesst/regulators/buck4_set'
EOJGZYCGTVsh: 1: cannot create /sys/kernel/mva_test/regulators/buck4_set: Permission denied
EOJGZYCGTV 2
root@arm:~# echo 'KGSK''NAHZMF'
KGSKNAHZMF
root@arm:~# MARKER='BNFP''PMYUVF' run 'i2cget -y -f 2 0x30 0x59'
BNFPPMYUVF0x00
BNFPPMYUVF 0
root@arm:~# echo 'UAAB''UUMYYM'
UAABUUMYYM
root@arm:~# MARKER='JJVA''YCVQLU' run 'grep -r -l rohm,bd9576 /proc/device-tree || sed '"'"'s![^/]*$!!'"'"''
JJVAYCVQLU/proc/device-tree/ocp/interconnect@48000000/segment@100000/target-module@9c000/i2c@0/pmic@30/
JJVAYCVQLU 0
root@arm:~# echo 'ECTJ''YPPVJS'
ECTJYPPVJS
root@arm:~# MARKER='QXBC''UGGWLZ' run 'test -f /proc/device-tree/ocp/interconnectt\@48000000/segment\@100000/target-module\@9c000/i2c\@0/pmic\@30/regulators/regullator-voutl1/rohm,no-regulator-enable-control ;echo $?'
QXBCUGGWLZ1
QXBCUGGWLZ 0
root@arm:~# echo 'UNQE''VOPNAT'
UNQEVOPNAT
root@arm:~# MARKER='QFLM''VFZMLK' run 'i2cget -y -f 2 0x30 0x45'
QFLMVFZMLK0x36
QFLMVFZMLK 0
root@arm:~# echo 'TJTJ''BXSHXX'
TJTJBXSHXX
root@arm:~# MARKER='BMOO''BCNHBG' run 'echo 2500000 2500000 > /sys/kernel/mva_tesst/regulators/buck5_set'
BMOOBCNHBGsh: 1: cannot create /sys/kernel/mva_test/regulators/buck5_set: Permission denied
BMOOBCNHBG 2
root@arm:~# echo 'CUXE''BBHEFW'
CUXEBBHEFW
root@arm:~# MARKER='MMVV''VCQKJC' run 'i2cget -y -f 2 0x30 0x5c'
MMVVVCQKJC0x00
MMVVVCQKJC 0
root@arm:~# echo 'MSFJ''FUJLUL'
MSFJFUJLUL
root@arm:~# MARKER='QFHS''FPHSTY' run 'echo 2490000 2490000 > /sys/kernel/mva_tesst/regulators/buck5_set'
QFHSFPHSTYsh: 1: cannot create /sys/kernel/mva_test/regulators/buck5_set: Permission denied
QFHSFPHSTY 2
root@arm:~# echo 'WPEN''CEYPAT'
WPENCEYPAT
root@arm:~# MARKER='BKHN''HNHFFL' run 'i2cget -y -f 2 0x30 0x5c'
BKHNHNHFFL0x00
BKHNHNHFFL 0
root@arm:~# echo 'GUQC''LLKQFM'
GUQCLLKQFM
root@arm:~# MARKER='GGME''UTUWGT' run 'echo 2780000 2780000 > /sys/kernel/mva_tesst/regulators/buck5_set'
GGMEUTUWGTsh: 1: cannot create /sys/kernel/mva_test/regulators/buck5_set: Permission denied
GGMEUTUWGT 2
root@arm:~# echo 'WEJF''YLTEAF'
WEJFYLTEAF
root@arm:~# MARKER='QOYB''GEWMZP' run 'i2cget -y -f 2 0x30 0x5c'
QOYBGEWMZP0x00
QOYBGEWMZP 0
root@arm:~# echo 'KQNL''YHKCOH'
KQNLYHKCOH
root@arm:~# MARKER='AWQM''PSFKBO' run 'echo 2790000 2790000 > /sys/kernel/mva_tesst/regulators/buck5_set'
AWQMPSFKBOsh: 1: cannot create /sys/kernel/mva_test/regulators/buck5_set: Permission denied
AWQMPSFKBO 2
root@arm:~# echo 'YTZN''BUUOCS'
YTZNBUUOCS
root@arm:~# MARKER='NJHF''OHSBCG' run 'i2cget -y -f 2 0x30 0x5c'
NJHFOHSBCG0x00
NJHFOHSBCG 0
root@arm:~# echo 'MULO''VJCCLG'
MULOVJCCLG
root@arm:~# MARKER='GFEV''KOTUMN' run 'grep -r -l rohm,bd9576 /proc/device-tree || sed '"'"'s![^/]*$!!'"'"''
GFEVKOTUMN/proc/device-tree/ocp/interconnect@48000000/segment@100000/target-module@9c000/i2c@0/pmic@30/
GFEVKOTUMN 0
root@arm:~# echo 'WQMM''HWHEZV'
WQMMHWHEZV
root@arm:~# MARKER='ZFZF''VNLNUT' run 'test -f /proc/device-tree/ocp/interconnectt\@48000000/segment\@100000/target-module\@9c000/i2c\@0/pmic\@30/regulators/regullator-vouts1/rohm,no-regulator-enable-control ;echo $?'
ZFZFVNLNUT1
ZFZFVNLNUT 0
root@arm:~# echo 'HZAN''EJKFNW'
HZANEJKFNW
root@arm:~# MARKER='XGUF''JWBWOA' run 'i2cget -y -f 2 0x30 0x46'
XGUFJWBWOA0x52
XGUFJWBWOA 0
root@arm:~# Labgrid Console Logfile for main
Logfile started at 2024-10-31 08:47:25.483741
=== Log starts here ===

root@arm:~# run() { echo -n "$MARKER"; sh -c "$@"; echo "$MARKER $?"; }
root@arm:~# echo 'ECHU''LLYMOS'
ECHULLYMOS
root@arm:~# MARKER='OUVX''PLBGZP' run 'grep -r -l rohm,bd9576 /proc/device-tree || sed '"'"'s![^/]*$!!'"'"''
OUVXPLBGZP/proc/device-tree/ocp/interconnect@48000000/segment@100000/target-module@9c000/i2c@0/pmic@30/
OUVXPLBGZP 0
root@arm:~# echo 'LMQZ''SUXXYN'
LMQZSUXXYN
root@arm:~# MARKER='BJYC''ZXFWGV' run 'xxd -p /proc/device-tree/ocp/interconnect\\@48000000/segment\@100000/target-module\@9c000/i2c\@0/pmic\@30/regulators/regulaator-vd50/regulator-ov-error-microvolt'
BJYCZXFWGV00057e40
BJYCZXFWGV 0
root@arm:~# echo 'BXEG''GBYWFF'
BXEGGBYWFF
root@arm:~# MARKER='CGKZ''JHMSWC' run 'i2cget -y -f 2 0x30 0x51'
CGKZJHMSWC0x47
CGKZJHMSWC 0
root@arm:~# echo 'GWYH''QUXAMH'
GWYHQUXAMH
root@arm:~# MARKER='LTKA''ATUTYG' run 'grep -r -l rohm,bd9576 /proc/device-tree || sed '"'"'s![^/]*$!!'"'"''
LTKAATUTYG/proc/device-tree/ocp/interconnect@48000000/segment@100000/target-module@9c000/i2c@0/pmic@30/
LTKAATUTYG 0
root@arm:~# echo 'EJQP''ZBJPWQ'
EJQPZBJPWQ
root@arm:~# MARKER='EXBT''WELJHP' run 'xxd -p /proc/device-tree/ocp/interconnect\\@48000000/segment\@100000/target-module\@9c000/i2c\@0/pmic\@30/regulators/regulaator-vd50/regulator-uv-error-microvolt'
EXBTWELJHP00057e40
EXBTWELJHP 0
root@arm:~# echo 'GFXO''LXCTMQ'
GFXOLXCTMQ
root@arm:~# MARKER='VEUK''YQPWXC' run 'i2cget -y -f 2 0x30 0x52'
VEUKYQPWXC0x47
VEUKYQPWXC 0
root@arm:~# echo 'WHFJ''HTTSQQ'
WHFJHTTSQQ
root@arm:~# MARKER='VQTZ''QAYUBH' run 'grep -r -l rohm,bd9576 /proc/device-tree || sed '"'"'s![^/]*$!!'"'"''
VQTZQAYUBH/proc/device-tree/ocp/interconnect@48000000/segment@100000/target-module@9c000/i2c@0/pmic@30/
VQTZQAYUBH 0
root@arm:~# echo 'BSLA''UCKQNV'
BSLAUCKQNV
root@arm:~# MARKER='QZHP''JEQEXM' run 'xxd -p /proc/device-tree/ocp/interconnect\\@48000000/segment\@100000/target-module\@9c000/i2c\@0/pmic\@30/regulators/regulaator-vd18/regulator-ov-error-microvolt'
QZHPJEQEXM00004650
QZHPJEQEXM 0
root@arm:~# echo 'ZFYJ''MOSJNZ'
ZFYJMOSJNZ
root@arm:~# MARKER='UYKJ''LJWENO' run 'i2cget -y -f 2 0x30 0x54'
UYKJLJWENO0x11
UYKJLJWENO 0
root@arm:~# echo 'STWK''WUGVEL'
STWKWUGVEL
root@arm:~# MARKER='MPJY''HQNOYY' run 'grep -r -l rohm,bd9576 /proc/device-tree || sed '"'"'s![^/]*$!!'"'"''
MPJYHQNOYY/proc/device-tree/ocp/interconnect@48000000/segment@100000/target-module@9c000/i2c@0/pmic@30/
MPJYHQNOYY 0
root@arm:~# echo 'VYLN''MYOEWZ'
VYLNMYOEWZ
root@arm:~# MARKER='WOZZ''TEHBLG' run 'xxd -p /proc/device-tree/ocp/interconnect\\@48000000/segment\@100000/target-module\@9c000/i2c\@0/pmic\@30/regulators/regulaator-vd18/regulator-uv-error-microvolt'
WOZZTEHBLG0001a9c8
WOZZTEHBLG 0
root@arm:~# echo 'TQGF''ZFECOS'
TQGFZFECOS
root@arm:~# MARKER='UVGU''FPLKBO' run 'i2cget -y -f 2 0x30 0x55'
UVGUFPLKBO0x6c
UVGUFPLKBO 0
root@arm:~# echo 'WLQK''YAWATE'
WLQKYAWATE
root@arm:~# MARKER='XMWW''SJYFVF' run 'grep -r -l rohm,bd9576 /proc/device-tree || sed '"'"'s![^/]*$!!'"'"''
XMWWSJYFVF/proc/device-tree/ocp/interconnect@48000000/segment@100000/target-module@9c000/i2c@0/pmic@30/
XMWWSJYFVF 0
root@arm:~# echo 'TPBT''UZQQOT'
TPBTUZQQOT
root@arm:~# MARKER='OACG''XNXMBM' run 'xxd -p /proc/device-tree/ocp/interconnect\\@48000000/segment\@100000/target-module\@9c000/i2c\@0/pmic\@30/regulators/regulaator-vdddr/regulator-ov-warn-microvolt'
OACGXNXMBM0001adb0
OACGXNXMBM 0
root@arm:~# echo 'CZMH''MFHAGL'
CZMHMFHAGL
root@arm:~# MARKER='TONC''SBNHNY' run 'i2cget -y -f 2 0x30 0x57'
TONCSBNHNY0x6d
TONCSBNHNY 0
root@arm:~# echo 'FTJO''PTEHYM'
FTJOPTEHYM
root@arm:~# MARKER='UCAC''PZATAM' run 'grep -r -l rohm,bd9576 /proc/device-tree || sed '"'"'s![^/]*$!!'"'"''
UCACPZATAM/proc/device-tree/ocp/interconnect@48000000/segment@100000/target-module@9c000/i2c@0/pmic@30/
UCACPZATAM 0
root@arm:~# echo 'WCLW''TPULMK'
WCLWTPULMK
root@arm:~# MARKER='ZTVV''FAUWGB' run 'xxd -p /proc/device-tree/ocp/interconnect\\@48000000/segment\@100000/target-module\@9c000/i2c\@0/pmic\@30/regulators/regulaator-vdddr/regulator-uv-warn-microvolt'
ZTVVFAUWGB0001adb0
ZTVVFAUWGB 0
root@arm:~# echo 'VTZW''GOOCBC'
VTZWGOOCBC
root@arm:~# MARKER='HYST''ONACNV' run 'i2cget -y -f 2 0x30 0x58'
HYSTONACNV0x6d
HYSTONACNV 0
root@arm:~# echo 'AHTT''VCGFFX'
AHTTVCGFFX
root@arm:~# MARKER='QYVY''YFTUVZ' run 'grep -r -l rohm,bd9576 /proc/device-tree || sed '"'"'s![^/]*$!!'"'"''
QYVYYFTUVZ/proc/device-tree/ocp/interconnect@48000000/segment@100000/target-module@9c000/i2c@0/pmic@30/
QYVYYFTUVZ 0
root@arm:~# echo 'SGBO''APJJKA'
SGBOAPJJKA
root@arm:~# MARKER='ZXAV''HPLALH' run 'xxd -p /proc/device-tree/ocp/interconnect\\@48000000/segment\@100000/target-module\@9c000/i2c\@0/pmic\@30/regulators/regul ator-vd10/regulator-ov-error-microvolt'
ZXAVHPLALH00006590
ZXAVHPLALH 0
root@arm:~# echo 'SQZZ''EZOMNX'
SQZZEZOMNX
root@arm:~# MARKER='CMAO''FHTGAH' run 'i2cget -y -f 2 0x30 0x5a'
CMAOFHTGAH0x19
CMAOFHTGAH 0
root@arm:~# echo 'ZPXE''UGXKKB'
ZPXEUGXKKB
root@arm:~# MARKER='XJBE''ULQBPF' run 'grep -r -l rohm,bd9576 /proc/device-tree || sed '"'"'s![^/]*$!!'"'"''
XJBEULQBPF/proc/device-tree/ocp/interconnect@48000000/segment@100000/target-module@9c000/i2c@0/pmic@30/
XJBEULQBPF 0
root@arm:~# echo 'JLKE''YYHLUO'
JLKEYYHLUO
root@arm:~# MARKER='SNUV''FFCBWP' run 'xxd -p /proc/device-tree/ocp/interconnect\\@48000000/segment\@100000/target-module\@9c000/i2c\@0/pmic\@30/regulators/regulaator-vd10/regulator-uv-error-microvolt'
SNUVFFCBWP00006590
SNUVFFCBWP 0
root@arm:~# echo 'VJLZ''OVBQBU'
VJLZOVBQBU
root@arm:~# MARKER='SCHF''MMJVNC' run 'i2cget -y -f 2 0x30 0x5b'
SCHFMMJVNC0x19
SCHFMMJVNC 0
root@arm:~# echo 'WHGE''ZMFOCM'
WHGEZMFOCM
root@arm:~# MARKER='BSLW''TUMOKO' run 'grep -r -l rohm,bd9576 /proc/device-tree || sed '"'"'s![^/]*$!!'"'"''
BSLWTUMOKO/proc/device-tree/ocp/interconnect@48000000/segment@100000/target-module@9c000/i2c@0/pmic@30/
BSLWTUMOKO 0
root@arm:~# echo 'JHZS''EULOSK'
JHZSEULOSK
root@arm:~# MARKER='GJTV''VEOZYA' run 'xxd -p /proc/device-tree/ocp/interconnect\\@48000000/segment\@100000/target-module\@9c000/i2c\@0/pmic\@30/regulators/regulaator-voutl1/regulator-ov-error-microvolt'
GJTVVEOZYA000084d0
GJTVVEOZYA 0
root@arm:~# echo 'YPMV''LBUOVE'
YPMVLBUOVE
root@arm:~# MARKER='FNEG''AZOYFB' run 'i2cget -y -f 2 0x30 0x5d'
FNEGAZOYFB0x01
FNEGAZOYFB 0
root@arm:~# echo 'CZYY''TCCNAZ'
CZYYTCCNAZ
root@arm:~# MARKER='SKAZ''BKFQSS' run 'grep -r -l rohm,bd9576 /proc/device-tree || sed '"'"'s![^/]*$!!'"'"''
SKAZBKFQSS/proc/device-tree/ocp/interconnect@48000000/segment@100000/target-module@9c000/i2c@0/pmic@30/
SKAZBKFQSS 0
root@arm:~# echo 'CNZO''ZOYYET'
CNZOZOYYET
root@arm:~# MARKER='NTJC''OLQVNX' run 'xxd -p /proc/device-tree/ocp/interconnect\\@48000000/segment\@100000/target-module\@9c000/i2c\@0/pmic\@30/regulators/regulaator-voutl1/regulator-uv-error-microvolt'
NTJCOLQVNX000084d0
NTJCOLQVNX 0
root@arm:~# echo 'FNFQ''JSMAFM'
FNFQJSMAFM
root@arm:~# MARKER='OJYT''AVPUXT' run 'i2cget -y -f 2 0x30 0x5e'
OJYTAVPUXT0x01
OJYTAVPUXT 0
root@arm:~# echo 'POGV''THSZWE'
POGVTHSZWE
root@arm:~# MARKER='XWUT''VGWFON' run 'grep -r -l rohm,bd9576 /proc/device-tree || sed '"'"'s![^/]*$!!'"'"''
XWUTVGWFON/proc/device-tree/ocp/interconnect@48000000/segment@100000/target-module@9c000/i2c@0/pmic@30/
XWUTVGWFON 0
root@arm:~# echo 'EFSG''KTYKMW'
EFSGKTYKMW
root@arm:~# MARKER='SVZK''XJSVCH' run 'xxd -p /proc/device-tree/ocp/interconnect\\@48000000/segment\@100000/target-module\@9c000/i2c\@0/pmic\@30/regulators/regulaator-vouts1/regulator-oc-warn-microamp'
SVZKXJSVCH00055730
SVZKXJSVCH 0
root@arm:~# echo 'VKEO''WWFUVV'
VKEOWWFUVV
root@arm:~# MARKER='CFTE''JYPGJY' run 'i2cget -y -f 2 0x30 0x5f'
CFTEJYPGJY0x07
CFTEJYPGJY 0
root@arm:~# echo 'UWFC''HXHOGV'
UWFCHXHOGV
root@arm:~# MARKER='VUON''GHUWWN' run 'grep -r -l rohm,bd9576 /proc/device-tree || sed '"'"'s![^/]*$!!'"'"''
VUONGHUWWN/proc/device-tree/ocp/interconnect@48000000/segment@100000/target-module@9c000/i2c@0/pmic@30/
VUONGHUWWN 0
root@arm:~# echo 'TQYG''EAUCHW'
TQYGEAUCHW
root@arm:~# MARKER='PUVF''KLONNO' run 'xxd -p /proc/device-tree/ocp/interconnect\\@48000000/segment\@100000/target-module\@9c000/i2c\@0/pmic\@30/regulators/regulaator-vouts1/regulator-oc-protection-microamp'
PUVFKLONNO00149970
PUVFKLONNO 0
root@arm:~# echo 'LKVW''XTMGMV'
LKVWXTMGMV
root@arm:~# MARKER='JPZF''JAKSXP' run 'i2cget -y -f 2 0x30 0x60'
JPZFJAKSXP0x1b
JPZFJAKSXP 0
root@arm:~# Labgrid Console Logfile for main
Logfile started at 2024-10-31 08:47:46.139039
=== Log starts here ===
reading args
spl_load_image_fat_os: error reading image args, err - -1
reading u-boot.img
reading u-boot.img


U-Boot 2014.04-00014-g47880f5 (Apr 22 2014 - 13:23:54)

I2C:   ready
DRAM:  512 MiB
NAND:  0 MiB
MMC:   OMAP SD/MMC: 0, OMAP SD/MMC: 1
*** Warning - readenv() failed, using default environment

Net:   <ethaddr> not set. Validating first E-fuse MAC
cpsw, usb_ether
Hit any key to stop autoboot:  1  0 
gpio: pin 53 (gpio 53) value is 1
mmc0 is current device
gpio: pin 54 (gpio 54) value is 1
SD/MMC found on device 0
reading uEnv.txt
569 bytes read in 3 ms (184.6 KiB/s)
gpio: pin 55 (gpio 55) value is 1
Loaded environment from uEnv.txt
Importing environment from mmc ...
Checking if uenvcmd is set ...
gpio: pin 56 (gpio 56) value is 1
Running uenvcmd ...
cpsw Waiting for PHY auto negotiation to complete. done
link up on port 0, speed 100, full duplex
Using cpsw device
TFTP from server 192.168.255.126; our IP address is 192.168.255.1
Filename 'zImage'.
Load address: 0x81000000
Loading: *#################################################################
	 #################################################################
	 #################################################################
	 #################################################################
	 #################################################################
	 ####################################################
	 2.4 MiB/s
done
Bytes transferred = 5525928 (5451a8 hex)
link up on port 0, speed 100, full duplex
Using cpsw device
TFTP from server 192.168.255.126; our IP address is 192.168.255.1
Filename 'am335x-boneblack.dtb'.
Load address: 0x82000000
Loading: *#######
	 2.2 MiB/s
done
Bytes transferred = 98244 (17fc4 hex)
Kernel image @ 0x81000000 [ 0x000000 - 0x5451a8 ]
## Flattened Device Tree blob at 82000000
   Booting using the fdt blob at 0x82000000
   Using Device Tree in place at 82000000, end 8201afc3

Starting kernel ...

[    0.000000] Booting Linux on physical CPU 0x0
[    0.000000] Linux version 6.12.0-rc5-next-20241031 (user01@drvtest01) (arm-linux-gnueabihf-gcc (Linaro GCC 6.4-2017.11) 6.4.1 20171012, GNU ld (Linaro_Binutils-2017.11) 2.27.0.20161229) #127 SMP Thu Oct 31 08:43:07 EET 2024
[    0.000000] CPU: ARMv7 Processor [413fc082] revision 2 (ARMv7), cr=10c5387d
[    0.000000] CPU: PIPT / VIPT nonaliasing data cache, VIPT aliasing instruction cache
[    0.000000] OF: fdt: Machine model: TI AM335x BeagleBone Black
[    0.000000] Memory policy: Data cache writeback
[    0.000000] cma: Reserved 16 MiB at 0x9e800000 on node -1
[    0.000000] Zone ranges:
[    0.000000]   Normal   [mem 0x0000000080000000-0x000000009fdfffff]
[    0.000000]   HighMem  empty
[    0.000000] Movable zone start for each node
[    0.000000] Early memory node ranges
[    0.000000]   node   0: [mem 0x0000000080000000-0x000000009fdfffff]
[    0.000000] Initmem setup node 0 [mem 0x0000000080000000-0x000000009fdfffff]
[    0.000000] OF: reserved mem: Reserved memory: No reserved-memory node in the DT
[    0.000000] CPU: All CPU(s) started in SVC mode.
[    0.000000] AM335X ES2.1 (sgx neon)
[    0.000000] percpu: Embedded 17 pages/cpu s39244 r8192 d22196 u69632
[    0.000000] Kernel command line: console=ttyO0,115200n8 root=/dev/nfs rw nfsroot=192.168.255.126:/home/user01/nfs,nfsvers=3 ip=192.168.255.1:192.168.255.126::255.255.255.0:bbb1:eth0 nfsrootdebug
[    0.000000] Unknown kernel command line parameters "nfsrootdebug", will be passed to user space.
[    0.000000] printk: log buffer data + meta data: 65536 + 204800 = 270336 bytes
[    0.000000] Dentry cache hash table entries: 65536 (order: 6, 262144 bytes, linear)
[    0.000000] Inode-cache hash table entries: 32768 (order: 5, 131072 bytes, linear)
[    0.000000] Built 1 zonelists, mobility grouping on.  Total pages: 130560
[    0.000000] mem auto-init: stack:off, heap alloc:off, heap free:off
[    0.000000] SLUB: HWalign=64, Order=0-3, MinObjects=0, CPUs=1, Nodes=1
[    0.000000] trace event string verifier disabled
[    0.000000] rcu: Hierarchical RCU implementation.
[    0.000000] rcu: 	RCU event tracing is enabled.
[    0.000000] rcu: 	RCU restricting CPUs from NR_CPUS=2 to nr_cpu_ids=1.
[    0.000000] 	Tracing variant of Tasks RCU enabled.
[    0.000000] rcu: RCU calculated value of scheduler-enlistment delay is 10 jiffies.
[    0.000000] rcu: Adjusting geometry for rcu_fanout_leaf=16, nr_cpu_ids=1
[    0.000000] RCU Tasks Trace: Setting shift to 0 and lim to 1 rcu_task_cb_adjust=1 rcu_task_cpu_ids=1.
[    0.000000] NR_IRQS: 16, nr_irqs: 16, preallocated irqs: 16
[    0.000000] IRQ: Found an INTC at 0x(ptrval) (revision 5.0) with 128 interrupts
[    0.000000] rcu: srcu_init: Setting srcu_struct sizes based on contention.
[    0.000000] TI gptimer clocksource: always-on /ocp/interconnect@44c00000/segment@200000/target-module@31000
[    0.000002] sched_clock: 32 bits at 24MHz, resolution 41ns, wraps every 89478484971ns
[    0.000028] clocksource: dmtimer: mask: 0xffffffff max_cycles: 0xffffffff, max_idle_ns: 79635851949 ns
[    0.000507] TI gptimer clockevent: 24000000 Hz at /ocp/interconnect@48000000/segment@0/target-module@40000
[    0.002146] Console: colour dummy device 80x30
[    0.002212] WARNING: Your 'console=ttyO0' has been replaced by 'ttyS0'
[    0.002221] This ensures that you still see kernel messages. Please
[    0.002226] update your kernel commandline.
[    0.002270] Calibrating delay loop... 996.14 BogoMIPS (lpj=4980736)
[    0.090559] CPU: Testing write buffer coherency: ok
[    0.090663] CPU0: Spectre v2: using BPIALL workaround
[    0.090674] pid_max: default: 32768 minimum: 301
[    0.090804] LSM: initializing lsm=capability
[    0.090983] Mount-cache hash table entries: 1024 (order: 0, 4096 bytes, linear)
[    0.091003] Mountpoint-cache hash table entries: 1024 (order: 0, 4096 bytes, linear)
[    0.092655] CPU0: thread -1, cpu 0, socket -1, mpidr 0
[    0.160934] Setting up static identity map for 0x80100000 - 0x80100078
[    0.170721] rcu: Hierarchical SRCU implementation.
[    0.170735] rcu: 	Max phase no-delay instances is 1000.
[    0.190773] smp: Bringing up secondary CPUs ...
[    0.190830] smp: Brought up 1 node, 1 CPU
[    0.190846] SMP: Total of 1 processors activated (996.14 BogoMIPS).
[    0.190858] CPU: All CPU(s) started in SVC mode.
[    0.191049] Memory: 480860K/522240K available (11264K kernel code, 1217K rwdata, 2892K rodata, 1024K init, 297K bss, 23368K reserved, 16384K cma-reserved, 0K highmem)
[    0.191915] devtmpfs: initialized
[    0.209186] VFP support v0.3: implementor 41 architecture 3 part 30 variant c rev 3
[    0.209541] clocksource: jiffies: mask: 0xffffffff max_cycles: 0xffffffff, max_idle_ns: 19112604462750000 ns
[    0.209576] futex hash table entries: 256 (order: 2, 16384 bytes, linear)
[    0.211097] pinctrl core: initialized pinctrl subsystem
[    0.213936] NET: Registered PF_NETLINK/PF_ROUTE protocol family
[    0.216765] DMA: preallocated 256 KiB pool for atomic coherent allocations
[    0.217692] audit: initializing netlink subsys (disabled)
[    0.219133] thermal_sys: Registered thermal governor 'fair_share'
[    0.219149] thermal_sys: Registered thermal governor 'step_wise'
[    0.219158] thermal_sys: Registered thermal governor 'user_space'
[    0.219308] audit: type=2000 audit(0.210:1): state=initialized audit_enabled=0 res=1
[    0.219345] cpuidle: using governor menu
[    0.238565] No ATAGs?
[    0.238591] hw-breakpoint: debug architecture 0x4 unsupported.
[    0.241472] kprobes: kprobe jump-optimization is enabled. All kprobes are optimized if possible.
[    0.254336] iommu: Default domain type: Translated
[    0.254359] iommu: DMA domain TLB invalidation policy: strict mode
[    0.262045] SCSI subsystem initialized
[    0.262905] pps_core: LinuxPPS API ver. 1 registered
[    0.262914] pps_core: Software ver. 5.3.6 - Copyright 2005-2007 Rodolfo Giometti <giometti@linux.it>
[    0.262938] PTP clock support registered
[    0.270959] vgaarb: loaded
[    0.271372] clocksource: Switched to clocksource dmtimer
[    0.272057] VFS: Disk quotas dquot_6.6.0
[    0.272101] VFS: Dquot-cache hash table entries: 1024 (order 0, 4096 bytes)
[    0.296740] NET: Registered PF_INET protocol family
[    0.297098] IP idents hash table entries: 8192 (order: 4, 65536 bytes, linear)
[    0.298521] tcp_listen_portaddr_hash hash table entries: 512 (order: 0, 4096 bytes, linear)
[    0.298555] Table-perturb hash table entries: 65536 (order: 6, 262144 bytes, linear)
[    0.298578] TCP established hash table entries: 4096 (order: 2, 16384 bytes, linear)
[    0.298621] TCP bind hash table entries: 4096 (order: 4, 65536 bytes, linear)
[    0.298723] TCP: Hash tables configured (established 4096 bind 4096)
[    0.298841] UDP hash table entries: 256 (order: 1, 8192 bytes, linear)
[    0.298870] UDP-Lite hash table entries: 256 (order: 1, 8192 bytes, linear)
[    0.299053] NET: Registered PF_UNIX/PF_LOCAL protocol family
[    0.302033] RPC: Registered named UNIX socket transport module.
[    0.302057] RPC: Registered udp transport module.
[    0.302063] RPC: Registered tcp transport module.
[    0.302068] RPC: Registered tcp-with-tls transport module.
[    0.302074] RPC: Registered tcp NFSv4.1 backchannel transport module.
[    0.302099] PCI: CLS 0 bytes, default 64
[    0.303591] Initialise system trusted keyrings
[    0.312156] workingset: timestamp_bits=14 max_order=17 bucket_order=3
[    0.313489] NFS: Registering the id_resolver key type
[    0.313562] Key type id_resolver registered
[    0.313571] Key type id_legacy registered
[    0.313620] jffs2: version 2.2. (NAND) (SUMMARY)  Â© 2001-2006 Red Hat, Inc.
[    0.314026] Key type asymmetric registered
[    0.314039] Asymmetric key parser 'x509' registered
[    0.314105] io scheduler mq-deadline registered
[    0.314117] io scheduler kyber registered
[    0.314187] io scheduler bfq registered
[    0.315813] ledtrig-cpu: registered to indicate activity on CPUs
[    0.322603] Serial: 8250/16550 driver, 6 ports, IRQ sharing enabled
[    0.375084] brd: module loaded
[    0.395470] loop: module loaded
[    0.396415] mtdoops: mtd device (mtddev=name/number) must be supplied
[    0.399593] i2c_dev: i2c /dev entries driver
[    0.400600] cpuidle: enable-method property 'ti,am3352' found operations
[    0.401064] sdhci: Secure Digital Host Controller Interface driver
[    0.401073] sdhci: Copyright(c) Pierre Ossman
[    0.401251] sdhci-pltfm: SDHCI platform and OF driver helper
[    0.402494] Initializing XFRM netlink socket
[    0.402651] NET: Registered PF_INET6 protocol family
[    0.420386] Segment Routing with IPv6
[    0.420475] In-situ OAM (IOAM) with IPv6
[    0.420578] sit: IPv6, IPv4 and MPLS over IPv4 tunneling driver
[    0.421767] NET: Registered PF_PACKET protocol family
[    0.421810] NET: Registered PF_KEY protocol family
[    0.421940] Key type dns_resolver registered
[    0.422228] ThumbEE CPU extension supported.
[    0.422251] Registering SWP/SWPB emulation handler
[    0.422781] omap_voltage_late_init: Voltage driver support not added
[    0.423138] SmartReflex Class3 initialized
[    0.441767] Loading compiled-in X.509 certificates
[    0.538869] platform 44e10800.pinmux: Fixed dependency cycle(s) with /ocp/interconnect@44c00000/segment@200000/target-module@10000/scm@0/pinmux@800/clkout2-pins
[    0.539413] pinctrl-single 44e10800.pinmux: 142 pins, size 568
[    0.544783] ti-sysc 44e31000.target-module: probe with driver ti-sysc failed with error -16
[    0.569371] ti-sysc 48040000.target-module: probe with driver ti-sysc failed with error -16
[    0.608106] OMAP GPIO hardware version 0.1
[    0.635620] omap_i2c 4819c000.i2c: bus 2 rev0.11 at 100 kHz
[    0.662059] 48000000.interconnect:segment@200000:target-module@0:mpu@0:fck: device ID is greater than 24
[    0.666255] platform 4830e000.lcdc: Fixed dependency cycle(s) with /ocp/interconnect@44c00000/segment@200000/target-module@b000/i2c@0/tda19988@70
[    0.677338] sdhci-omap 481d8000.mmc: supply pbias not found, using dummy regulator
[    0.677844] sdhci-omap 481d8000.mmc: supply vqmmc not found, using dummy regulator
[    0.734756] davinci_mdio 4a101000.mdio: davinci mdio revision 1.6, bus freq 1000000
[    0.823236] davinci_mdio 4a101000.mdio: phy[0]: device 4a101000.mdio:00, driver SMSC LAN8710/LAN8720
[    0.824026] cpsw-switch 4a100000.switch: initialized cpsw ale version 1.4
[    0.824050] cpsw-switch 4a100000.switch: ALE Table size 1024, Policers 0
[    0.824210] cpsw-switch 4a100000.switch: cpts: overflow check period 500 (jiffies)
[    0.824228] cpsw-switch 4a100000.switch: CPTS: ref_clk_freq:250000000 calc_mult:2147483648 calc_shift:29 error:0 nsec/sec
[    0.824337] cpsw-switch 4a100000.switch: Detected MACID = 6c:ec:eb:68:de:78
[    0.826181] cpsw-switch 4a100000.switch: initialized (regs 0x4a100000, pool size 256) hw_ver:0019010C 1.12 (0)
[    0.837327] debugfs: Directory '49000000.dma' with parent 'dmaengine' already present!
[    0.837367] edma 49000000.dma: TI EDMA DMA engine driver
[    0.886527] target-module@4b000000:target-module@140000:pmu@0:fck: device ID is greater than 24
[    0.896883] hw perfevents: enabled with armv7_cortex_a8 PMU driver, 5 (8000000f) counters available
[    0.904367] l3-aon-clkctrl:0000:0: failed to disable
[    0.916491] 44e09000.serial: ttyS0 at MMIO 0x44e09000 (irq = 34, base_baud = 3000000) is a 8250
[    0.916580] printk: legacy console [ttyS0] enabled
 [    2.332363] tps65217-pmic: Failed to locate of_node [id: -1 ]
[    2.338435] tps65217-bl: Failed to locate of_node [id: - 1]
[    2.349869] tps65217 0-0024: TPS65217 ID 0xe version 1. 2
[    2.356018] platform 4830e000.lcdc: Fixed dependency cycle(s) wi
[    2.413078] sdhci-omap 48060000.mmc: supply vqmmc not found, using dummy regulator
[    2.422126] sdhci-omap 481d8000.mmc: supply pbias not found, using dummy regulator
[    2.430127] sdhci-omap 481d8000.mmc: supply vqmmc not found, using dummy regulator
[    2.521164] mmc1: SDHCI controller on 481d8000.mmc [481d8000.mmc] using External DMA
[    2.530422] mmc0: SDHCI controller on 48060000.mmc [48060000.mmc] using External DMA
[    2.539072] cpsw-switch 4a100000.switch: starting ndev. mode: dual_mac
[    2.590560] mmc0: new high speed SDHC card at address 5048
[    2.597801] mmcblk0: mmc0:5048 SD16G 14.4 GiB
[    2.605896]  mmcblk0: p1 p2
[    2.609472] mmcblk0: p2 size 31221760 extends beyond EOD, truncated
[    2.617957] SMSC LAN8710/LAN8720 4a101000.mdio:00: attached PHY driver (mii_bus:phy_addr=4a101000.mdio:00, irq=POLL)
[    2.635382] mmc1: new high speed MMC card at address 0001
[    2.642459] mmcblk1: mmc1:0001 MMC04G 3.60 GiB
[    2.649835]  mmcblk1: p1 p2
[    2.654486] mmcblk1boot0: mmc1:0001 MMC04G 2.00 MiB
[    2.661839] mmcblk1boot1: mmc1:0001 MMC04G 2.00 MiB
[    2.668720] mmcblk1rpmb: mmc1:0001 MMC04G 128 KiB, chardev (250:0)
[    5.762143] cpsw-switch 4a100000.switch eth0: Link is Up - 100Mbps/Full - flow control off
[    5.791391] IP-Config: Complete:
[    5.794665]      device=eth0, hwaddr=6c:ec:eb:68:de:78, ipaddr=192.168.255.1, mask=255.255.255.0, gw=255.255.255.255
[    5.805310]      host=bbb1, domain=, nis-domain=(none)
[    5.810481]      bootserver=192.168.255.126, rootserver=192.168.255.126, rootpath=
[    5.810907] clk: Disabling unused clocks
[    5.822789] PM: genpd: Disabling unused power domains
[    5.827909] KTAP version 1
[    5.830630] 1..0
[    5.855488] VFS: Mounted root (nfs filesystem) on device 0:17.
[    5.862629] devtmpfs: mounted
[    5.867329] Freeing unused kernel image (initmem) memory: 1024K
[    5.874202] Run /sbin/init as init process
[    6.652544] systemd[1]: System time before build time, advancing clock.
[    8.151398] random: crng init done
[    8.192229] systemd[1]: systemd 232 running in system mode. (+PAM +AUDIT +SELINUX +IMA +APPARMOR +SMACK +SYSVINIT +UTMP +LIBCRYPTSETUP +GCRYPT +GNUTLS +ACL +XZ +LZ4 +SECCOMP +BLKID +ELFUTILS +KMOD +IDN)
[    8.211520] systemd[1]: Detected architecture arm.

Welcome to [1mDebian GNU/Linux 9 (stretch)[0m!

[    8.244460] systemd[1]: Set hostname to <arm>.
[    9.346453] systemd[1]: Listening on Journal Socket (/dev/log).
[[0;32m  OK  [0m] Listening on Journal Socket (/dev/log).
[    9.373042] systemd[1]: Created slice System Slice.
[[0;32m  OK  [0m] Created slice System Slice.
[    9.431979] systemd[1]: Mounting POSIX Message Queue File System...
         Mounting POSIX Message Queue File System...
[    9.462823] systemd[1]: Listening on Journal Socket.
[[0;32m  OK  [0m] Listening on Journal Socket.
[    9.516814] systemd[1]: Starting Remount Root and Kernel File Systems...
         Starting Remount Root and Kernel File Systems...
[    9.622740] systemd[1]: Starting Load Kernel Modules...
         Starting Load Kernel Modules...
[    9.647942] systemd[1]: Started Forward Password Requests to Wall Directory Watch.
[[0;32m  OK  [0m] Started Forward Password Requests to Wall Directory Watch.
[[0;32m  OK  [0m] Listening on udev Control Socket.
[[0;32m  OK  [0m] Set up automount Arbitrary Executabâ€¦rmats File System Automount Point.
[[0;32m  OK  [0m] Listening on Journal Audit Socket.
[[0;32m  OK  [0m] Listening on /dev/initctl Compatibility Named Pipe.
[[0;32m  OK  [0m] Listening on Syslog Socket.
         Starting Journal Service...
[[0;32m  OK  [0m] Created slice User and Session Slice.
[[0;32m  OK  [0m] Reached target Slices.
[[0;32m  OK  [0m] Reached target Swap.
[[0;32m  OK  [0m] Listening on udev Kernel Socket.
[[0;32m  OK  [0m] Reached target Remote File Systems.
[[0;32m  OK  [0m] Created slice system-getty.slice.
         Mounting Debug File System...
[[0;32m  OK  [0m] Created slice system-serial\x2dgetty.slice.
[[0;32m  OK  [0m] Started Dispatch Password Requests to Console Directory Watch.
[[0;32m  OK  [0m] Reached target Encrypted Volumes.
[[0;32m  OK  [0m] Reached target Paths.
         Starting Create list of required stâ€¦ce nodes for the current kernel...
[[0;32m  OK  [0m] Mounted POSIX Message Queue File System.
[[0;32m  OK  [0m] Mounted Debug File System.
[[0;32m  OK  [0m] Started Remount Root and Kernel File Systems.
[[0;32m  OK  [0m] Started Load Kernel Modules.
[[0;32m  OK  [0m] Started Create list of required staâ€¦vice nodes for the current kernel.
         Starting Create Static Device Nodes in /dev...
         Mounting Configuration File System...
         Starting Apply Kernel Variables...
         Starting udev Coldplug all Devices...
         Starting Load/Save Random Seed...
[[0;32m  OK  [0m] Mounted Configuration File System.
[[0;32m  OK  [0m] Started Apply Kernel Variables.
[[0;32m  OK  [0m] Started Journal Service.
         Starting Flush Journal to Persistent Storage...
[[0;32m  OK  [0m] Started Load/Save Random Seed.
[[0;32m  OK  [0m] Started Create Static Device Nodes in /dev.
[   11.112257] systemd-journald[85]: Received request to flush runtime journal from PID 1
         Starting udev Kernel Device Manager...
[[0;32m  OK  [0m] Reached target Local File Systems (Pre).
[[0;32m  OK  [0m] Reached target Local File Systems.
         Starting Raise network interfaces...
[[0;32m  OK  [0m] Started Flush Journal to Persistent Storage.
         Starting Create Volatile Files and Directories...
[[0;32m  OK  [0m] Started udev Kernel Device Manager.
[[0;32m  OK  [0m] Started Create Volatile Files and Directories.
         Starting Network Time Synchronization...
         Starting Update UTMP about System Boot/Shutdown...
[[0;32m  OK  [0m] Started Update UTMP about System Boot/Shutdown.
[[0;32m  OK  [0m] Started Network Time Synchronization.
[[0;32m  OK  [0m] Reached target System Time Synchronized.
[[0;32m  OK  [0m] Started udev Coldplug all Devices.
[[0;32m  OK  [0m] Reached target System Initialization.
[[0;32m  OK  [0m] Listening on D-Bus System Message Bus Socket.
[[0;32m  OK  [0m] Started Daily apt download activities.
[[0;32m  OK  [0m] Started Daily apt upgrade and clean activities.
[[0;32m  OK  [0m] Listening on Avahi mDNS/DNS-SD Stack Activation Socket.
[[0;32m  OK  [0m] Reached target Sockets.
[[0;32m  OK  [0m] Started Daily Cleanup of Temporary Directories.
[[0;32m  OK  [0m] Reached target Timers.
[[0;32m  OK  [0m] Reached target Basic System.
[   14.875307] remoteproc remoteproc0: wkup_m3 is available
[[0;32m  OK  [0m] Started Regular background program processing daemon.
[   15.073820] at24 2-0054: supply vcc not found, using dummy regulator
[[0;32m  OK  [0m] Started D-Bus System Message Bus.
[   15.222094] at24 2-0055: supply vcc not found, using dummy regulator
[   15.370326] at24 2-0056: supply vcc not found, using dummy regulator
[   15.478548] at24 2-0057: supply vcc not found, using dummy regulator
[   15.584315] tps6521x_pwrbutton tps65217-pwrbutton: DMA mask not set
[   15.654642] wkup_m3_ipc 44e11324.wkup_m3_ipc: IPC Request for A8->M3 Channel failed! -517
[   15.670689] input: tps65217_pwrbutton as /devices/platform/ocp/44c00000.interconnect/44c00000.interconnect:segment@200000/44e0b000.target-module/44e0b000.i2c/i2c-0/0-0024/tps65217-pwrbutton/input/input0
[   15.697401] wkup_m3_ipc 44e11324.wkup_m3_ipc: IPC Request for A8->M3 Channel failed! -517
[   15.706819] at24 0-0050: 32768 byte 24c256 EEPROM, writable, 1 bytes/write
[   15.813115] wkup_m3_ipc 44e11324.wkup_m3_ipc: IPC Request for A8->M3 Channel failed! -517
[   15.901989] omap_rtc 44e3e000.rtc: registered as rtc0
[   15.907192] omap_rtc 44e3e000.rtc: setting system clock to 2000-01-01T00:00:01 UTC (946684801)
[   15.971183] wkup_m3_ipc 44e11324.wkup_m3_ipc: IPC Request for A8->M3 Channel failed! -517
[   16.067850] omap_wdt: OMAP Watchdog Timer Rev 0x01: initial timeout 60 sec
[   16.077096] wkup_m3_ipc 44e11324.wkup_m3_ipc: IPC Request for A8->M3 Channel failed! -517
[   16.229874] wkup_m3_ipc 44e11324.wkup_m3_ipc: IPC Request for A8->M3 Channel failed! -517
[   16.407442] am335x-phy-driver 47401300.usb-phy: dummy supplies not allowed for exclusive requests (id=vbus)
[   16.592906] usbcore: registered new interface driver usbfs
[   16.598552] usbcore: registered new interface driver hub
[   16.604183] usbcore: registered new device driver usb
[   16.707204] tda998x 0-0070: found TDA19988
[   16.734031] am335x-phy-driver 47401b00.usb-phy: dummy supplies not allowed for exclusive requests (id=vbus)
[   16.745433] wkup_m3_ipc 44e11324.wkup_m3_ipc: IPC Request for A8->M3 Channel failed! -517
[   16.845210] wkup_m3_ipc 44e11324.wkup_m3_ipc: IPC Request for A8->M3 Channel failed! -517
[   16.934023] wkup_m3_ipc 44e11324.wkup_m3_ipc: IPC Request for A8->M3 Channel failed! -517
