Labgrid Console Logfile for main
Logfile started at 2025-03-04 12:14:31.891187
=== Log starts here ===

U-Boot SPL 2014.04-00014-g47880f5 (Apr 22 2014 - 13:23:54)
reading args
spl_load_image_fat_os: error reading image args, err - -1
reading u-boot.img
reading u-boot.img


U-Boot 2014.04-00014-g47880f5 (Apr 22 2014 - 13:23:54)

I2C:   ready
DRAM:  512 MiB
NAND:  0 MiB
MMC:   OMAP SD/MMC: 0, OMAP SD/MMC: 1
*** Warning - readenv() failed, using default environment

Net:   <ethaddr> not set. Validating first E-fuse MAC
cpsw, usb_ether
Hit any key to stop autoboot:  1  0 
gpio: pin 53 (gpio 53) value is 1
mmc0 is current device
gpio: pin 54 (gpio 54) value is 1
SD/MMC found on device 0
reading uEnv.txt
569 bytes read in 4 ms (138.7 KiB/s)
gpio: pin 55 (gpio 55) value is 1
Loaded environment from uEnv.txt
Importing environment from mmc ...
Checking if uenvcmd is set ...
gpio: pin 56 (gpio 56) value is 1
Running uenvcmd ...
cpsw Waiting for PHY auto negotiation to complete. done
link up on port 0, speed 100, full duplex
Using cpsw device
TFTP from server 192.168.255.126; our IP address is 192.168.255.1
Filename 'zImage'.
Load address: 0x81000000
Loading: *#################################################################
	 #################################################################
	 #################################################################
	 #################################################################
	 #################################################################
	 ######################################################
	 2.4 MiB/s
done
Bytes transferred = 5549824 (54af00 hex)
link up on port 0, speed 100, full duplex
Using cpsw device
TFTP from server 192.168.255.126; our IP address is 192.168.255.1
Filename 'am335x-boneblack.dtb'.
Load address: 0x82000000
Loading: *#######
	 1.3 MiB/s
done
Bytes transferred = 98244 (17fc4 hex)
Kernel image @ 0x81000000 [ 0x000000 - 0x54af00 ]
## Flattened Device Tree blob at 82000000
   Booting using the fdt blob at 0x82000000
   Using Device Tree in place at 82000000, end 8201afc3

Starting kernel ...

[    0.000000] Booting Linux on physical CPU 0x0
[    0.000000] Linux version 6.14.0-rc5-next-20250304 (user01@drvtest01) (arm-none-eabi-gcc (Arm GNU Toolchain 14.2.Rel1 (Build arm-14.52)) 14.2.1 20241119, GNU ld (Arm GNU Toolchain 14.2.Rel1 (Build arm-14.52)) 2.43.1.20241119) #1 SMP Tue Mar  4 12:13:14 EET 2025
[    0.000000] CPU: ARMv7 Processor [413fc082] revision 2 (ARMv7), cr=10c5387d
[    0.000000] CPU: PIPT / VIPT nonaliasing data cache, VIPT aliasing instruction cache
[    0.000000] OF: fdt: Machine model: TI AM335x BeagleBone Black
[    0.000000] Memory policy: Data cache writeback
[    0.000000] cma: Reserved 16 MiB at 0x9e800000 on node -1
[    0.000000] Zone ranges:
[    0.000000]   Normal   [mem 0x0000000080000000-0x000000009fdfffff]
[    0.000000]   HighMem  empty
[    0.000000] Movable zone start for each node
[    0.000000] Early memory node ranges
[    0.000000]   node   0: [mem 0x0000000080000000-0x000000009fdfffff]
[    0.000000] Initmem setup node 0 [mem 0x0000000080000000-0x000000009fdfffff]
[    0.000000] OF: reserved mem: Reserved memory: No reserved-memory node in the DT
[    0.000000] CPU: All CPU(s) started in SVC mode.
[    0.000000] AM335X ES2.1 (sgx neon)
[    0.000000] percpu: Embedded 17 pages/cpu s39692 r8192 d21748 u69632
[    0.000000] Kernel command line: console=ttyO0,115200n8 root=/dev/nfs rw nfsroot=192.168.255.126:/home/user01/nfs,nfsvers=3 ip=192.168.255.1:192.168.255.126::255.255.255.0:bbb1:eth0 nfsrootdebug
[    0.000000] Unknown kernel command line parameters "nfsrootdebug", will be passed to user space.
[    0.000000] printk: log buffer data + meta data: 65536 + 204800 = 270336 bytes
[    0.000000] Dentry cache hash table entries: 65536 (order: 6, 262144 bytes, linear)
[    0.000000] Inode-cache hash table entries: 32768 (order: 5, 131072 bytes, linear)
[    0.000000] Built 1 zonelists, mobility grouping on.  Total pages: 130560
[    0.000000] mem auto-init: stack:off, heap alloc:off, heap free:off
[    0.000000] SLUB: HWalign=16, Order=0-3, MinObjects=0, CPUs=1, Nodes=1
[    0.000000] rcu: Hierarchical RCU implementation.
[    0.000000] rcu: 	RCU event tracing is enabled.
[    0.000000] rcu: 	RCU restricting CPUs from NR_CPUS=2 to nr_cpu_ids=1.
[    0.000000] 	Tracing variant of Tasks RCU enabled.
[    0.000000] rcu: RCU calculated value of scheduler-enlistment delay is 10 jiffies.
[    0.000000] rcu: Adjusting geometry for rcu_fanout_leaf=16, nr_cpu_ids=1
[    0.000000] RCU Tasks Trace: Setting shift to 0 and lim to 1 rcu_task_cb_adjust=1 rcu_task_cpu_ids=1.
[    0.000000] NR_IRQS: 16, nr_irqs: 16, preallocated irqs: 16
[    0.000000] IRQ: Found an INTC at 0x(ptrval) (revision 5.0) with 128 interrupts
[    0.000000] rcu: srcu_init: Setting srcu_struct sizes based on contention.
[    0.000000] TI gptimer clocksource: always-on /ocp/interconnect@44c00000/segment@200000/target-module@31000
[    0.000002] sched_clock: 32 bits at 24MHz, resolution 41ns, wraps every 89478484971ns
[    0.000027] clocksource: dmtimer: mask: 0xffffffff max_cycles: 0xffffffff, max_idle_ns: 79635851949 ns
[    0.000510] TI gptimer clockevent: 24000000 Hz at /ocp/interconnect@48000000/segment@0/target-module@40000
[    0.002126] Console: colour dummy device 80x30
[    0.002190] WARNING: Your 'console=ttyO0' has been replaced by 'ttyS0'
[    0.002197] This ensures that you still see kernel messages. Please
[    0.002202] update your kernel commandline.
[    0.002246] Calibrating delay loop... 996.14 BogoMIPS (lpj=4980736)
[    0.090555] CPU: Testing write buffer coherency: ok
[    0.090673] CPU0: Spectre v2: using BPIALL workaround
[    0.090683] pid_max: default: 32768 minimum: 301
[    0.090835] LSM: initializing lsm=capability
[    0.091010] Mount-cache hash table entries: 1024 (order: 0, 4096 bytes, linear)
[    0.091030] Mountpoint-cache hash table entries: 1024 (order: 0, 4096 bytes, linear)
[    0.092611] CPU0: thread -1, cpu 0, socket -1, mpidr 0
[    0.092668] cacheinfo: Unable to detect cache hierarchy for CPU 0
[    0.160758] Setting up static identity map for 0x80100000 - 0x80100078
[    0.170700] rcu: Hierarchical SRCU implementation.
[    0.170711] rcu: 	Max phase no-delay instances is 1000.
[    0.172455] smp: Bringing up secondary CPUs ...
[    0.172507] smp: Brought up 1 node, 1 CPU
[    0.172520] SMP: Total of 1 processors activated (996.14 BogoMIPS).
[    0.172532] CPU: All CPU(s) started in SVC mode.
[    0.172722] Memory: 480828K/522240K available (11264K kernel code, 1216K rwdata, 2896K rodata, 1024K init, 289K bss, 23384K reserved, 16384K cma-reserved, 0K highmem)
[    0.173521] devtmpfs: initialized
[    0.190967] VFP support v0.3: implementor 41 architecture 3 part 30 variant c rev 3
[    0.191646] clocksource: jiffies: mask: 0xffffffff max_cycles: 0xffffffff, max_idle_ns: 19112604462750000 ns
[    0.191687] futex hash table entries: 256 (order: 2, 16384 bytes, linear)
[    0.193077] pinctrl core: initialized pinctrl subsystem
[    0.195751] NET: Registered PF_NETLINK/PF_ROUTE protocol family
[    0.198553] DMA: preallocated 256 KiB pool for atomic coherent allocations
[    0.199483] audit: initializing netlink subsys (disabled)
[    0.201006] thermal_sys: Registered thermal governor 'fair_share'
[    0.201023] thermal_sys: Registered thermal governor 'step_wise'
[    0.201031] thermal_sys: Registered thermal governor 'user_space'
[    0.201150] audit: type=2000 audit(0.000:1): state=initialized audit_enabled=0 res=1
[    0.201221] cpuidle: using governor menu
[    0.219188] /ocp/interconnect@44c00000/segment@200000/target-module@b000/i2c@0/tda19988@70: Fixed dependency cycle(s) with /ocp/interconnect@48000000/segment@300000/target-module@e000/lcdc@0
[    0.220297] /ocp/interconnect@48000000/segment@300000/target-module@e000/lcdc@0: Fixed dependency cycle(s) with /ocp/interconnect@44c00000/segment@200000/target-module@b000/i2c@0/tda19988@70
[    0.222660] No ATAGs?
[    0.222704] hw-breakpoint: debug architecture 0x4 unsupported.
[    0.225416] kprobes: kprobe jump-optimization is enabled. All kprobes are optimized if possible.
[    0.233900] iommu: Default domain type: Translated
[    0.233919] iommu: DMA domain TLB invalidation policy: strict mode
[    0.241800] SCSI subsystem initialized
[    0.242652] pps_core: LinuxPPS API ver. 1 registered
[    0.242662] pps_core: Software ver. 5.3.6 - Copyright 2005-2007 Rodolfo Giometti <giometti@linux.it>
[    0.242686] PTP clock support registered
[    0.250883] vgaarb: loaded
[    0.251268] clocksource: Switched to clocksource dmtimer
[    0.251944] VFS: Disk quotas dquot_6.6.0
[    0.252000] VFS: Dquot-cache hash table entries: 1024 (order 0, 4096 bytes)
[    0.275551] NET: Registered PF_INET protocol family
[    0.275896] IP idents hash table entries: 8192 (order: 4, 65536 bytes, linear)
[    0.277329] tcp_listen_portaddr_hash hash table entries: 512 (order: 0, 4096 bytes, linear)
[    0.277366] Table-perturb hash table entries: 65536 (order: 6, 262144 bytes, linear)
[    0.277385] TCP established hash table entries: 4096 (order: 2, 16384 bytes, linear)
[    0.277428] TCP bind hash table entries: 4096 (order: 4, 65536 bytes, linear)
[    0.277527] TCP: Hash tables configured (established 4096 bind 4096)
[    0.277646] UDP hash table entries: 256 (order: 1, 14336 bytes, linear)
[    0.277683] UDP-Lite hash table entries: 256 (order: 1, 14336 bytes, linear)
[    0.277866] NET: Registered PF_UNIX/PF_LOCAL protocol family
[    0.281936] RPC: Registered named UNIX socket transport module.
[    0.281956] RPC: Registered udp transport module.
[    0.281961] RPC: Registered tcp transport module.
[    0.281965] RPC: Registered tcp-with-tls transport module.
[    0.281970] RPC: Registered tcp NFSv4.1 backchannel transport module.
[    0.281993] PCI: CLS 0 bytes, default 64
[    0.283412] Initialise system trusted keyrings
[    0.291927] workingset: timestamp_bits=14 max_order=17 bucket_order=3
[    0.293271] NFS: Registering the id_resolver key type
[    0.293346] Key type id_resolver registered
[    0.293354] Key type id_legacy registered
[    0.293461] jffs2: version 2.2. (NAND) (SUMMARY)  Â© 2001-2006 Red Hat, Inc.
[    0.293885] Key type asymmetric registered
[    0.293902] Asymmetric key parser 'x509' registered
[    0.293965] io scheduler mq-deadline registered
[    0.293975] io scheduler kyber registered
[    0.294045] io scheduler bfq registered
[    0.295601] ledtrig-cpu: registered to indicate activity on CPUs
[    0.301886] Serial: 8250/16550 driver, 6 ports, IRQ sharing enabled
[    0.338994] brd: module loaded
[    0.357201] loop: module loaded
[    0.358112] mtdoops: mtd device (mtddev=name/number) must be supplied
[    0.361385] i2c_dev: i2c /dev entries driver
[    0.362396] cpuidle: enable-method property 'ti,am3352' found operations
[    0.362862] sdhci: Secure Digital Host Controller Interface driver
[    0.362870] sdhci: Copyright(c) Pierre Ossman
[    0.363045] sdhci-pltfm: SDHCI platform and OF driver helper
[    0.364049] Initializing XFRM netlink socket
[    0.364216] NET: Registered PF_INET6 protocol family
[    0.376268] Segment Routing with IPv6
[    0.376365] In-situ OAM (IOAM) with IPv6
[    0.376464] sit: IPv6, IPv4 and MPLS over IPv4 tunneling driver
[    0.377415] NET: Registered PF_PACKET protocol family
[    0.377448] NET: Registered PF_KEY protocol fa mily
[    0.377590] Key type dns_resolver registered
[    0. 377813] ThumbEE CPU extension supported.
[    0.377831] Registering SWP/SWPB emulation handler
[    0.378375] omap_voltage_late_init: Voltage driver support not added
[    0.378720] SmartReflp/interconnect@48000000/segment@300000/target-module@e000/lcdc@0
[    0.461997] /ocp/interconnect@44c00000/segment@200000/target-module@b000/i2c@0/tda19988@70: Fixed dependency cycle(s) with /ocp/interconnect@48000000/segment@300000/target-module@e000/lcdc@0
[    0.501030] /ocp/interconnect@44c00000/segment@200000/target-module@b000/i2c@0/tda19988@70: Fixed dependency cycle(s) with /ocp/interconnect@48000000/segment@300000/target-module@e000/lcdc@0
[    0.502146] /ocp/interconnect@44c00000/segment@200000/target-module@b000/i2c@0/tda19988@70: Fixed dependency cycle(s) with /ocp/interconnect@48000000/segment@300000/target-module@e000/lcdc@0
[    0.505575] /ocp/interconnect@44c00000/segment@200000/target-module@10000/scm@0/pinmux@800: Fixed dependency cycle(s) with /ocp/interconnect@44c00000/segment@200000/target-module@10000/scm@0/pinmux@800/clkout2-pins
[    0.506169] pinctrl-single 44e10800.pinmux: 142 pins, size 568
[    0.511418] ti-sysc 44e31000.target-module: probe with driver ti-sysc failed with error -16
[    0.547878] /ocp/interconnect@48000000/segment@300000/target-module@e000/lcdc@0: Fixed dependency cycle(s) with /ocp/interconnect@44c00000/segment@200000/target-module@b000/i2c@0/tda19988@70
[    0.555991] ti-sysc 48040000.target-module: probe with driver ti-sysc failed with error -16
[    0.601553] OMAP GPIO hardware version 0.1
[    0.629519] omap_i2c 4819c000.i2c: bus 2 rev0.11 at 100 kHz
[    0.655312] 48000000.interconnect:segment@200000:target-module@0:mpu@0:fck: device ID is greater than 24
[    0.656188] /ocp/interconnect@48000000/segment@300000/target-module@e000/lcdc@0: Fixed dependency cycle(s) with /ocp/interconnect@44c00000/segment@200000/target-module@b000/i2c@0/tda19988@70
[    0.658854] /ocp/interconnect@48000000/segment@300000/target-module@e000/lcdc@0: Fixed dependency cycle(s) with /ocp/interconnect@44c00000/segment@200000/target-module@b000/i2c@0/tda19988@70
[    0.659528] /ocp/interconnect@44c00000/segment@200000/target-module@b000/i2c@0/tda19988@70: Fixed dependency cycle(s) with /ocp/interconnect@48000000/segment@300000/target-module@e000/lcdc@0
[    0.659696] /ocp/interconnect@48000000/segment@300000/target-module@e000/lcdc@0: Fixed dependency cycle(s) with /ocp/interconnect@44c00000/segment@200000/target-module@b000/i2c@0/tda19988@70
[    0.670640] sdhci-omap 481d8000.mmc: supply pbias not found, using dummy regulator
[    0.671151] sdhci-omap 481d8000.mmc: supply vqmmc not found, using dummy regulator
[    0.716352] davinci_mdio 4a101000.mdio: davinci mdio revision 1.6, bus freq 1000000
[    0.876366] davinci_mdio 4a101000.mdio: phy[0]: device 4a101000.mdio:00, driver SMSC LAN8710/LAN8720
[    0.877126] cpsw-switch 4a100000.switch: initialized cpsw ale version 1.4
[    0.877148] cpsw-switch 4a100000.switch: ALE Table size 1024, Policers 0
[    0.877299] cpsw-switch 4a100000.switch: cpts: overflow check period 500 (jiffies)
[    0.877315] cpsw-switch 4a100000.switch: CPTS: ref_clk_freq:250000000 calc_mult:2147483648 calc_shift:29 error:0 nsec/sec
[    0.877426] cpsw-switch 4a100000.switch: Detected MACID = 6c:ec:eb:68:de:78
[    0.879231] cpsw-switch 4a100000.switch: initialized (regs 0x4a100000, pool size 256) hw_ver:0019010C 1.12 (0)
[    0.890120] debugfs: Directory '49000000.dma' with parent 'dmaengine' already present!
[    0.890161] edma 49000000.dma: TI EDMA DMA engine driver
[    0.939298] target-module@4b000000:target-module@140000:pmu@0:fck: device ID is greater than 24
[    0.942542] hw perfevents: enabled with armv7_cortex_a8 PMU driver, 5 (8000000f) counters available
[    0.951077] l3-aon-clkctrl:0000:0: failed to disable
[    0.966026] 44e09000.serial: ttyS0 at MMIO  0x44e09000 (irq = 34, base_baud = 3000000) is a 8250
[    0. 966112] printk: legacy console [ttyS0] enabled
[    2.422233] tps65217-pmic: Failed to locate of_node [id: -1]
[    2.428295] tps65217-bl: Failed to locate of_node [id: -1]
[    2.439510] tpsmy regulator
[    2.512253] sdhci-omap 48060000.mmc: supply vqmmc not found, using dummy regulator
[    2.520827] sdhci-omap 481d8000.mmc: supply pbias not found, using dummy regulator
[    2.529388] sdhci-omap 481d8000.mmc: supply vqmmc not found, using dummy regulator
[    2.565013] mmc0: SDHCI controller on 48060000.mmc [48060000.mmc] using External DMA
[    2.573309] mmc1: SDHCI controller on 481d8000.mmc [481d8000.mmc] using External DMA
[    2.582168] cpsw-switch 4a100000.switch: starting ndev. mode: dual_mac
[    2.630431] mmc0: new high speed SDHC card at address 5048
[    2.637485] mmcblk0: mmc0:5048 SD16G 14.4 GiB
[    2.645548]  mmcblk0: p1 p2
[    2.648958] mmcblk0: p2 size 31221760 extends beyond EOD, truncated
[    2.662572] SMSC LAN8710/LAN8720 4a101000.mdio:00: attached PHY driver (mii_bus:phy_addr=4a101000.mdio:00, irq=POLL)
[    2.675151] mmc1: new high speed MMC card at address 0001
[    2.682065] mmcblk1: mmc1:0001 MMC04G 3.60 GiB
[    2.693604]  mmcblk1: p1 p2
[    2.697818] mmcblk1boot0: mmc1:0001 MMC04G 2.00 MiB
[    2.705045] mmcblk1boot1: mmc1:0001 MMC04G 2.00 MiB
[    2.712358] mmcblk1rpmb: mmc1:0001 MMC04G 128 KiB, chardev (250:0)
[    5.842046] cpsw-switch 4a100000.switch eth0: Link is Up - 100Mbps/Full - flow control off
[    5.881533] IP-Config: Complete:
[    5.884808]      device=eth0, hwaddr=6c:ec:eb:68:de:78, ipaddr=192.168.255.1, mask=255.255.255.0, gw=255.255.255.255
[    5.895475]      host=bbb1, domain=, nis-domain=(none)
[    5.900645]      bootserver=192.168.255.126, rootserver=192.168.255.126, rootpath=
[    5.901064] clk: Disabling unused clocks
[    5.912906] PM: genpd: Disabling unused power domains
[    5.918020] KTAP version 1
[    5.920740] 1..0
[    5.945408] VFS: Mounted root (nfs filesystem) on device 0:17.
[    5.952435] devtmpfs: mounted
[    5.956883] Freeing unused kernel image (initmem) memory: 1024K
[    5.963797] Run /sbin/init as init process
[    6.654247] systemd[1]: System time before build time, advancing clock.
[    8.131289] random: crng init done
[    8.172862] systemd[1]: systemd 232 running in system mode. (+PAM +AUDIT +SELINUX +IMA +APPARMOR +SMACK +SYSVINIT +UTMP +LIBCRYPTSETUP +GCRYPT +GNUTLS +ACL +XZ +LZ4 +SECCOMP +BLKID +ELFUTILS +KMOD +IDN)
[    8.192002] systemd[1]: Detected architecture arm.

Welcome to [1mDebian GNU/Linux 9 (stretch)[0m!

[    8.224512] systemd[1]: Set hostname to <arm>.
[    9.307806] systemd[1]: Listening on udev Kernel Socket.
[[0;32m  OK  [0m] Listening on udev Kernel Socket.
[    9.332871] systemd[1]: Created slice User and Session Slice.
[[0;32m  OK  [0m] Created slice User and Session Slice.
[    9.363317] systemd[1]: Listening on udev Control Socket.
[[0;32m  OK  [0m] Listening on udev Control Socket.
[    9.391711] systemd[1]: Reached target Remote File Systems.
[[0;32m  OK  [0m] Reached target Remote File Systems.
[    9.423144] systemd[1]: Listening on Syslog Socket.
[[0;32m  OK  [0m] Listening on Syslog Socket.
[    9.452164] systemd[1]: Listening on Journal Socket.
[[0;32m  OK  [0m] Listening on Journal Socket.
[    9.481689] systemd[1]: Reached target Swap.
[[0;32m  OK  [0m] Reached target Swap.
[[0;32m  OK  [0m] Listening on /dev/initctl Compatibility Named Pipe.
[[0;32m  OK  [0m] Listening on Journal Socket (/dev/log).
[[0;32m  OK  [0m] Started Forward Password Requests to Wall Directory Watch.
[[0;32m  OK  [0m] Listening on Journal Audit Socket.
[[0;32m  OK  [0m] Started Dispatch Password Requests to Console Directory Watch.
[[0;32m  OK  [0m] Reached target Encrypted Volumes.
[[0;32m  OK  [0m] Reached target Paths.
[[0;32m  OK  [0m] Created slice System Slice.
         Starting Load Kernel Modules...
[[0;32m  OK  [0m] Created slice system-serial\x2dgetty.slice.
         Starting Journal Service...
         Mounting POSIX Message Queue File System...
         Starting Remount Root and Kernel File Systems...
         Mounting Debug File System...
[[0;32m  OK  [0m] Reached target Slices.
[[0;32m  OK  [0m] Set up automount Arbitrary Executabâ€¦rmats File System Automount Point.
         Starting Create list of required stâ€¦ce nodes for the current kernel...
[[0;32m  OK  [0m] Created slice system-getty.slice.
[[0;32m  OK  [0m] Mounted POSIX Message Queue File System.
[[0;32m  OK  [0m] Mounted Debug File System.
[[0;32m  OK  [0m] Started Load Kernel Modules.
[[0;32m  OK  [0m] Started Remount Root and Kernel File Systems.
[[0;32m  OK  [0m] Started Create list of required staâ€¦vice nodes for the current kernel.
         Starting Create Static Device Nodes in /dev...
         Starting Load/Save Random Seed...
         Starting udev Coldplug all Devices...
         Starting Apply Kernel Variables...
         Mounting Configuration File System...
[[0;32m  OK  [0m] Started Load/Save Random Seed.
[[0;32m  OK  [0m] Mounted Configuration File System.
[[0;32m  OK  [0m] Started Apply Kernel Variables.
[[0;32m  OK  [0m] Started Create Static Device Nodes in /dev.
         Starting udev Kernel Device Manager...
[[0;32m  OK  [0m] Reached target Local File Systems (Pre).
[[0;32m  OK  [0m] Reached target Local File Systems.
         Starting Raise network interfaces...
[[0;32m  OK  [0m] Started Journal Service.
         Starting Flush Journal to Persistent Storage...
[   11.796073] systemd-journald[88]: Received request to flush runtime journal from PID 1
[[0;32m  OK  [0m] Started Flush Journal to Persistent Storage.
         Starting Create Volatile Files and Directories...
[[0;32m  OK  [0m] Started udev Kernel Device Manager.
[[0;32m  OK  [0m] Started Create Volatile Files and Directories.
         Starting Update UTMP about System Boot/Shutdown...
         Starting Network Time Synchronization...
[[0;32m  OK  [0m] Started Update UTMP about System Boot/Shutdown.
[[0;32m  OK  [0m] Started udev Coldplug all Devices.
[   14.794433] remoteproc remoteproc0: wkup_m3 is available
[   14.915995] at24 2-0054: supply vcc not found, using dummy regulator
[   15.022931] at24 2-0055: supply vcc not found, using dummy regulator
[   15.097788] at24 2-0056: supply vcc not found, using dummy regulator
[   15.222494] at24 2-0057: supply vcc not found, using dummy regulator
[   15.357043] at24 0-0050: 32768 byte 24c256 EEPROM, writable, 1 bytes/write
[[0;32m  OK  [0m] Found device /dev/ttyS0.
[   15.633306] tps6521x_pwrbutton tps65217-pwrbutton: DMA mask not set
[   15.683189] input: tps65217_pwrbutton as /devices/platform/ocp/44c00000.interconnect/44c00000.interconnect:segment@200000/44e0b000.target-module/44e0b000.i2c/i2c-0/0-0024/tps65217-pwrbutton/input/input0
[   15.707096] omap_rtc 44e3e000.rtc: registered as rtc0
[   15.713562] omap_rtc 44e3e000.rtc: setting system clock to 2000-01-01T00:00:00 UTC (946684800)
[   15.733473] wkup_m3_ipc 44e11324.wkup_m3_ipc: IPC Request for A8->M3 Channel failed! -517
[   15.856095] wkup_m3_ipc 44e11324.wkup_m3_ipc: IPC Request for A8->M3 Channel failed! -517
[   15.994649] omap_wdt: OMAP Watchdog Timer Rev 0x01: initial timeout 60 sec
[   16.004593] wkup_m3_ipc 44e11324.wkup_m3_ipc: IPC Request for A8->M3 Channel failed! -517
[   16.284428] am335x-phy-driver 47401300.usb-phy: dummy supplies not allowed for exclusive requests (id=vbus)
[   16.476902] usbcore: registered new interface driver usbfs
[   16.482769] usbcore: registered new interface driver hub
[   16.488216] usbcore: registered new device driver usb
[[0;32m  OK  [0m] Started Network Time Synchronization.
[[0;32m  OK  [0m] Reached target System Time Synchronized.[   16.690373] am335x-phy-driver 47401b00.usb-phy: dummy supplies not allowed for exclusive requests (id=vbus)

[   16.702201] wkup_m3_ipc 44e11324.wkup_m3_ipc: IPC Request for A8->M3 Channel failed! -517
[[0;32m  OK  [0m] Reached target System Initialization.
[   16.807631] wkup_m3_ipc 44e11324.wkup_m3_ipc: IPC Request for A8->M3 Channel failed! -517
[[0;32m  OK  [0m] Listening on Avahi mDNS/DNS-SD Stack Activation Socket.
[   16.887106] tda998x 0-0070: found TDA19988
[[0;32m  OK  [0m] Started Daily apt download activities.
[[0;32m  OK  [0m] Started Daily apt upgrade and clean activities.
[   17.013647] wkup_m3_ipc 44e11324.wkup_m3_ipc: IPC Request for A8->M3 Channel failed! -517
[   17.110579] musb-hdrc musb-hdrc.1: MUSB HDRC host driver
[   17.116225] musb-hdrc musb-hdrc.1: new USB bus registered, assigned bus number 1
[[0;32m  OK  [0m] Listening on D-Bus System Message Bus Socket.
[   17.142371] wkup_m3_ipc 44e11324.wkup_m3_ipc: IPC Request for A8->M3 Channel failed! -517
[[0;32m  OK  [0m] Reached target Sockets.
[[0;32m  OK  [0m] Reached target Basic System.
         Starting Generic Board Startup...
[   17.396404] usb usb1: New USB device found, idVendor=1d6b, idProduct=0002, bcdDevice= 6.14
[   17.404919] usb usb1: New USB device strings: Mfr=3, Product=2, SerialNumber=1
[   17.412236] usb usb1: Product: MUSB HDRC host driver
[   17.417232] usb usb1: Manufacturer: Linux 6.14.0-rc5-next-20250304 musb-hcd
[   17.424275] usb usb1: SerialNumber: musb-hdrc.1
         Starting Avahi mDNS/DNS-SD Stack...
[   17.669712] omap-mailbox 480c8000.mailbox: omap mailbox rev 0x400
         Starting Cape Manager Service...
[   17.746164] remoteproc remoteproc0: powering up wkup_m3
         Starting Login Service...
[   17.932274] hub 1-0:1.0: USB hub found
[   18.015056] hub 1-0:1.0: 1 port detected
[   18.027023] remoteproc remoteproc0: Direct firmware load for am335x-pm-firmware.elf failed with error -2
[   18.036783] remoteproc remoteproc0: request_firmware failed: -2
[   18.042834] wkup_m3_ipc 44e11324.wkup_m3_ipc: rproc_boot failed
         Starting DUN service...
         Starting LSB: Load kernel modules needed to enable cpufreq scaling...
         Starting LSB: Start busybox udhcpd at boot time...
[[0;32m  OK  [0m] Started D-Bus System Message Bus.
[   20.079575] omap_rng 48310000.rng: Random Number Generator ver. 20
[   20.213082] tilcdc 4830e000.lcdc: bound 0-0070 (ops tda998x_audio_codec_init [tda998x])
[   20.375741] [drm] Initialized tilcdc 1.0.0 for 4830e000.lcdc on minor 0
[   20.468603] tilcdc 4830e000.lcdc: [drm] Cannot find any crtc or sizes
[   20.477063] tilcdc 4830e000.lcdc: [drm] Cannot find any crtc or sizes
[   21.374828] omap-sham 53100000.sham: hw accel on OMAP rev 4.3
[   21.463282] PM: Cannot get wkup_m3_ipc handle
[   21.512596] omap-sham 53100000.sham: will run requests pump with realtime priority
[   21.549780] PM: Cannot get wkup_m3_ipc handle
[   21.569449] omap-aes 53500000.aes: OMAP AES hw accel rev: 3.2
[   21.704128] omap-aes 53500000.aes: will run requests pump with realtime priority
[   21.717378] PM: Cannot get wkup_m3_ipc handle
[[0;32m  OK  [0m] Started Avahi mDNS/DNS-SD Stack.
[[0;32m  OK  [0m] Started DUN service.
         Starting Connection service...
[[0;32m  OK  [0m] Started Regular background program processing daemon.
         Starting Telephony service...
         Starting System Logging Service...
[[0;32m  OK  [0m] Started Daily Cleanup of Temporary Directories.
[[0;32m  OK  [0m] Reached target Timers.
[[0;32m  OK  [0m] Started Cape Manager Service.
[[0;32m  OK  [0m] Started System Logging Service.
[   25.328861] PM: Cannot get wkup_m3_ipc handle
[   25.357204] gpio-537 (nxp,calib): gpiod_direction_output_nonotify: tried to set a GPIO tied to an IRQ as output
[   25.449683] PM: Cannot get wkup_m3_ipc handle
[   25.549494] Bluetooth: Core ver 2.22
[   25.553498] NET: Registered PF_BLUETOOTH protocol family
[   25.558851] Bluetooth: HCI device and connection manager initialized
[   25.565354] Bluetooth: HCI socket layer initialized
[   25.570270] Bluetooth: L2CAP socket layer initialized
[   25.575444] Bluetooth: SCO socket layer initialized
[   25.631591] tda9950 0-0034: TDA9950 CEC interface, hardware version 3.3
[   25.700915] PM: Cannot get wkup_m3_ipc handle
[[0;32m  OK  [0m] Started Raise network interfaces.
[[0;32m  OK  [0m] Started LSB: Start busybox udhcpd at boot time.
[[0;32m  OK  [0m] Started LSB: Load kernel modules needed to enable cpufreq scaling.
[   28.572473] configfs-gadget.g_multi gadget.0: HOST MAC 1c:ba:8c:a2:ed:6c
[   28.579513] configfs-gadget.g_multi gadget.0: MAC 1c:ba:8c:a2:ed:70
[   28.586925] configfs-gadget.g_multi gadget.0: HOST MAC 1c:ba:8c:a2:ed:6c
[   28.593761] configfs-gadget.g_multi gadget.0: MAC 1c:ba:8c:a2:ed:6d
[   28.612049] PM: Cannot get wkup_m3_ipc handle
[[0;32m  OK  [0m] Started Telephony service.
[[0;32m  OK  [0m] Started Connection service.
[[0;32m  OK  [0m] Started Login Service.
[[0;32m  OK  [0m] Reached target Sound Card.
         Starting LSB: set CPUFreq kernel parameters...
[[0;32m  OK  [0m] Reached target Network.
[[0;32m  OK  [0m] Reached target Network is Online.
         Starting LSB: Advanced IEEE 802.11 management daemon...
         Starting OpenBSD Secure Shell server...
         Starting The Apache HTTP Server...
         Starting Permit User Sessions...
[[0;32m  OK  [0m] Started LSB: Advanced IEEE 802.11 management daemon.
[[0;32m  OK  [0m] Started Permit User Sessions.
         Starting Hostname Service...
         Starting WPA supplicant...
[[0;32m  OK  [0m] Started Getty on tty1.
[[0;32m  OK  [0m] Started Serial Getty on ttyS0.
[[0;32m  OK  [0m] Reached target Login Prompts.
[[0;32m  OK  [0m] Started LSB: set CPUFreq kernel parameters.
[[0;32m  OK  [0m] Started Hostname Service.
[[0;32m  OK  [0m] Started WPA supplicant.
[[0;32m  OK  [0m] Started OpenBSD Secure Shell server.
         Stopping LSB: Start busybox udhcpd at boot time...
[[0;32m  OK  [0m] Stopped LSB: Start busybox udhcpd at boot time.
[[0;32m  OK  [0m] Started The Apache HTTP Server.
         Starting dnsmasq - A lightweight DHCP and caching DNS server...
[[0;32m  OK  [0m] Started dnsmasq - A lightweight DHCP and caching DNS server.
[[0;32m  OK  [0m] Reached target Host and Network Name Lookups.
[[0;32m  OK  [0m] Started Serial Getty on ttyGS0.
[[0;32m  OK  [0m] Started Generic Board Startup.
[[0;32m  OK  [0m] Reached target Multi-User System.
[[0;32m  OK  [0m] Reached target Graphical Interface.
         Starting Update UTMP about System Runlevel Changes...
[[0;32m  OK  [0m] Started Update UTMP about System Runlevel Changes.

Debian GNU/Linux 9 arm ttyS0

default username:password is [debian:temppwd]

arm login: root
Password: 
Last login: Sat Jan  1 00:00:31 UTC 2000 on ttyS0
root
Linux arm 6.14.0-rc5-next-20250304 #1 SMP Tue Mar  4 12:13:14 EET 2025 armv7l

The programs included with the Debian GNU/Linux system are free software;
the exact distribution terms for each program are described in the
individual files in /usr/share/doc/*/copyright.

Debian GNU/Linux comes with ABSOLUTELY NO WARRANTY, to the extent
permitted by applicable law.
root@arm:~# root
dmesg -n 1
-bash: root: command not found
root@arm:~# dmesg -n 1
root@arm:~# echo 'PHSP''YMWKNF'
PHSPYMWKNF
root@arm:~# run() { echo -n "$MARKER"; sh -c "$@"; echo "$MARKER $?"; }
root@arm:~# echo 'KMNQ''JHZNCS'
KMNQJHZNCS
root@arm:~# MARKER='UUJG''FCHYWL' run 'cat /proc/version'
UUJGFCHYWLLinux version 6.14.0-rc5-next-20250304 (user01@drvtest01) (arm-none-eabi-gcc (Arm GNU Toolchain 14.2.Rel1 (Build arm-14.52)) 14.2.1 20241119, GNU ld (Arm GNU Toolchain 14.2.Rel1 (Build arm-14.52)) 2.43.1.20241119) #1 SMP Tue Mar  4 12:13:14 EET 2025
UUJGFCHYWL 0
root@arm:~# echo 'SLHQ''TOCKJP'
SLHQTOCKJP
root@arm:~# MARKER='YGPX''TSLGTM' run false
YGPXTSLGTMYGPXTSLGTM 1
root@arm:~# Labgrid Console Logfile for main
Logfile started at 2025-03-04 12:15:30.567057
=== Log starts here ===

root@arm:~# run() { echo -n "$MARKER"; sh -c "$@"; echo "$MARKER $?"; }
root@arm:~# echo 'GSOJ''FVCBFJ'
GSOJFVCBFJ
root@arm:~# MARKER='LMTL''SCUUGG' run 'ls /iio_generic_buffer; echo $?'
LMTLSCUUGG/iio_generic_buffer
0
LMTLSCUUGG 0
root@arm:~# Labgrid Console Logfile for main
Logfile started at 2025-03-04 12:15:33.989342
=== Log starts here ===

root@arm:~# run() { echo -n "$MARKER"; sh -c "$@"; echo "$MARKER $?"; }
root@arm:~# echo 'HLPM''LMGJFQ'
HLPMLMGJFQ
root@arm:~# MARKER='XVSL''KWVNLS' run dmesg
XVSLKWVNLS[    0.000000] Booting Linux on physical CPU 0x0
[    0.000000] Linux version 6.14.0-rc5-next-20250304 (user01@drvtest01) (arm-none-eabi-gcc (Arm GNU Toolchain 14.2.Rel1 (Build arm-14.52)) 14.2.1 20241119, GNU ld (Arm GNU Toolchain 14.2.Rel1 (Build arm-14.52)) 2.43.1.20241119) #1 SMP Tue Mar  4 12:13:14 EET 2025
[    0.000000] CPU: ARMv7 Processor [413fc082] revision 2 (ARMv7), cr=10c5387d
[    0.000000] CPU: PIPT / VIPT nonaliasing data cache, VIPT aliasing instruction cache
[    0.000000] OF: fdt: Machine model: TI AM335x BeagleBone Black
[    0.000000] Memory policy: Data cache writeback
[    0.000000] cma: Reserved 16 MiB at 0x9e800000 on node -1
[    0.000000] Zone ranges:
[    0.000000]   Normal   [mem 0x0000000080000000-0x000000009fdfffff]
[    0.000000]   HighMem  empty
[    0.000000] Movable zone start for each node
[    0.000000] Early memory node ranges
[    0.000000]   node   0: [mem 0x0000000080000000-0x000000009fdfffff]
[    0.000000] Initmem setup node 0 [mem 0x0000000080000000-0x000000009fdfffff]
[    0.000000] OF: reserved mem: Reserved memory: No reserved-memory node in the DT
[    0.000000] CPU: All CPU(s) started in SVC mode.
[    0.000000] AM335X ES2.1 (sgx neon)
[    0.000000] percpu: Embedded 17 pages/cpu s39692 r8192 d21748 u69632
[    0.000000] pcpu-alloc: s39692 r8192 d21748 u69632 alloc=17*4096
[    0.000000] pcpu-alloc: [0] 0 
[    0.000000] Kernel command line: console=ttyO0,115200n8 root=/dev/nfs rw nfsroot=192.168.255.126:/home/user01/nfs,nfsvers=3 ip=192.168.255.1:192.168.255.126::255.255.255.0:bbb1:eth0 nfsrootdebug
[    0.000000] Unknown kernel command line parameters "nfsrootdebug", will be passed to user space.
[    0.000000] printk: log buffer data + meta data: 65536 + 204800 = 270336 bytes
[    0.000000] Dentry cache hash table entries: 65536 (order: 6, 262144 bytes, linear)
[    0.000000] Inode-cache hash table entries: 32768 (order: 5, 131072 bytes, linear)
[    0.000000] Built 1 zonelists, mobility grouping on.  Total pages: 130560
[    0.000000] mem auto-init: stack:off, heap alloc:off, heap free:off
[    0.000000] SLUB: HWalign=16, Order=0-3, MinObjects=0, CPUs=1, Nodes=1
[    0.000000] rcu: Hierarchical RCU implementation.
[    0.000000] rcu: 	RCU event tracing is enabled.
[    0.000000] rcu: 	RCU restricting CPUs from NR_CPUS=2 to nr_cpu_ids=1.
[    0.000000] 	Tracing variant of Tasks RCU enabled.
[    0.000000] rcu: RCU calculated value of scheduler-enlistment delay is 10 jiffies.
[    0.000000] rcu: Adjusting geometry for rcu_fanout_leaf=16, nr_cpu_ids=1
[    0.000000] RCU Tasks Trace: Setting shift to 0 and lim to 1 rcu_task_cb_adjust=1 rcu_task_cpu_ids=1.
[    0.000000] NR_IRQS: 16, nr_irqs: 16, preallocated irqs: 16
[    0.000000] IRQ: Found an INTC at 0x(ptrval) (revision 5.0) with 128 interrupts
[    0.000000] rcu: srcu_init: Setting srcu_struct sizes based on contention.
[    0.000000] TI gptimer clocksource: always-on /ocp/interconnect@44c00000/segment@200000/target-module@31000
[    0.000002] sched_clock: 32 bits at 24MHz, resolution 41ns, wraps every 89478484971ns
[    0.000027] clocksource: dmtimer: mask: 0xffffffff max_cycles: 0xffffffff, max_idle_ns: 79635851949 ns
[    0.000510] TI gptimer clockevent: 24000000 Hz at /ocp/interconnect@48000000/segment@0/target-module@40000
[    0.002126] Console: colour dummy device 80x30
[    0.002190] WARNING: Your 'console=ttyO0' has been replaced by 'ttyS0'
[    0.002197] This ensures that you still see kernel messages. Please
[    0.002202] update your kernel commandline.
[    0.002246] Calibrating delay loop... 996.14 BogoMIPS (lpj=4980736)
[    0.090555] CPU: Testing write buffer coherency: ok
[    0.090673] CPU0: Spectre v2: using BPIALL workaround
[    0.090683] pid_max: default: 32768 minimum: 301
[    0.090835] LSM: initializing lsm=capability
[    0.091010] Mount-cache hash table entries: 1024 (order: 0, 4096 bytes, linear)
[    0.091030] Mountpoint-cache hash table entries: 1024 (order: 0, 4096 bytes, linear)
[    0.092611] CPU0: thread -1, cpu 0, socket -1, mpidr 0
[    0.092668] cacheinfo: Unable to detect cache hierarchy for CPU 0
[    0.160758] Setting up static identity map for 0x80100000 - 0x80100078
[    0.170700] rcu: Hierarchical SRCU implementation.
[    0.170711] rcu: 	Max phase no-delay instances is 1000.
[    0.172455] smp: Bringing up secondary CPUs ...
[    0.172507] smp: Brought up 1 node, 1 CPU
[    0.172520] SMP: Total of 1 processors activated (996.14 BogoMIPS).
[    0.172532] CPU: All CPU(s) started in SVC mode.
[    0.172722] Memory: 480828K/522240K available (11264K kernel code, 1216K rwdata, 2896K rodata, 1024K init, 289K bss, 23384K reserved, 16384K cma-reserved, 0K highmem)
[    0.173521] devtmpfs: initialized
[    0.190967] VFP support v0.3: implementor 41 architecture 3 part 30 variant c rev 3
[    0.191646] clocksource: jiffies: mask: 0xffffffff max_cycles: 0xffffffff, max_idle_ns: 19112604462750000 ns
[    0.191687] futex hash table entries: 256 (order: 2, 16384 bytes, linear)
[    0.193077] pinctrl core: initialized pinctrl subsystem
[    0.195751] NET: Registered PF_NETLINK/PF_ROUTE protocol family
[    0.198553] DMA: preallocated 256 KiB pool for atomic coherent allocations
[    0.199483] audit: initializing netlink subsys (disabled)
[    0.201006] thermal_sys: Registered thermal governor 'fair_share'
[    0.201023] thermal_sys: Registered thermal governor 'step_wise'
[    0.201031] thermal_sys: Registered thermal governor 'user_space'
[    0.201150] audit: type=2000 audit(0.000:1): state=initialized audit_enabled=0 res=1
[    0.201221] cpuidle: using governor menu
[    0.219188] /ocp/interconnect@44c00000/segment@200000/target-module@b000/i2c@0/tda19988@70: Fixed dependency cycle(s) with /ocp/interconnect@48000000/segment@300000/target-module@e000/lcdc@0
[    0.220297] /ocp/interconnect@48000000/segment@300000/target-module@e000/lcdc@0: Fixed dependency cycle(s) with /ocp/interconnect@44c00000/segment@200000/target-module@b000/i2c@0/tda19988@70
[    0.222660] No ATAGs?
[    0.222704] hw-breakpoint: debug architecture 0x4 unsupported.
[    0.225416] kprobes: kprobe jump-optimization is enabled. All kprobes are optimized if possible.
[    0.233900] iommu: Default domain type: Translated
[    0.233919] iommu: DMA domain TLB invalidation policy: strict mode
[    0.235473] reg-fixed-voltage fixedregulator0: using DT '/fixedregulator0' for '(default)' GPIO lookup
[    0.235526] of_get_named_gpiod_flags: can't parse 'gpios' property of node '/fixedregulator0[0]'
[    0.235553] of_get_named_gpiod_flags: can't parse 'gpio' property of node '/fixedregulator0[0]'
[    0.235571] reg-fixed-voltage fixedregulator0: using lookup tables for GPIO lookup
[    0.235581] reg-fixed-voltage fixedregulator0: No GPIO consumer (default) found
[    0.241800] SCSI subsystem initialized
[    0.242284] libata version 3.00 loaded.
[    0.242652] pps_core: LinuxPPS API ver. 1 registered
[    0.242662] pps_core: Software ver. 5.3.6 - Copyright 2005-2007 Rodolfo Giometti <giometti@linux.it>
[    0.242686] PTP clock support registered
[    0.250883] vgaarb: loaded
[    0.251268] clocksource: Switched to clocksource dmtimer
[    0.251944] VFS: Disk quotas dquot_6.6.0
[    0.252000] VFS: Dquot-cache hash table entries: 1024 (order 0, 4096 bytes)
[    0.275551] NET: Registered PF_INET protocol family
[    0.275896] IP idents hash table entries: 8192 (order: 4, 65536 bytes, linear)
[    0.277329] tcp_listen_portaddr_hash hash table entries: 512 (order: 0, 4096 bytes, linear)
[    0.277366] Table-perturb hash table entries: 65536 (order: 6, 262144 bytes, linear)
[    0.277385] TCP established hash table entries: 4096 (order: 2, 16384 bytes, linear)
[    0.277428] TCP bind hash table entries: 4096 (order: 4, 65536 bytes, linear)
[    0.277527] TCP: Hash tables configured (established 4096 bind 4096)
[    0.277646] UDP hash table entries: 256 (order: 1, 14336 bytes, linear)
[    0.277683] UDP-Lite hash table entries: 256 (order: 1, 14336 bytes, linear)
[    0.277866] NET: Registered PF_UNIX/PF_LOCAL protocol family
[    0.281936] RPC: Registered named UNIX socket transport module.
[    0.281956] RPC: Registered udp transport module.
[    0.281961] RPC: Registered tcp transport module.
[    0.281965] RPC: Registered tcp-with-tls transport module.
[    0.281970] RPC: Registered tcp NFSv4.1 backchannel transport module.
[    0.281993] PCI: CLS 0 bytes, default 64
[    0.283412] Initialise system trusted keyrings
[    0.291927] workingset: timestamp_bits=14 max_order=17 bucket_order=3
[    0.293271] NFS: Registering the id_resolver key type
[    0.293346] Key type id_resolver registered
[    0.293354] Key type id_legacy registered
[    0.293461] jffs2: version 2.2. (NAND) (SUMMARY)  Â© 2001-2006 Red Hat, Inc.
[    0.293885] Key type asymmetric registered
[    0.293902] Asymmetric key parser 'x509' registered
[    0.293965] io scheduler mq-deadline registered
[    0.293975] io scheduler kyber registered
[    0.294045] io scheduler bfq registered
[    0.295601] ledtrig-cpu: registered to indicate activity on CPUs
[    0.301886] Serial: 8250/16550 driver, 6 ports, IRQ sharing enabled
[    0.338994] brd: module loaded
[    0.357201] loop: module loaded
[    0.358112] mtdoops: mtd device (mtddev=name/number) must be supplied
[    0.359837] mdio_bus fixed-0: using lookup tables for GPIO lookup
[    0.359860] mdio_bus fixed-0: No GPIO consumer reset found
[    0.361385] i2c_dev: i2c /dev entries driver
[    0.362396] cpuidle: enable-method property 'ti,am3352' found operations
[    0.362862] sdhci: Secure Digital Host Controller Interface driver
[    0.362870] sdhci: Copyright(c) Pierre Ossman
[    0.363045] sdhci-pltfm: SDHCI platform and OF driver helper
[    0.364049] Initializing XFRM netlink socket
[    0.364216] NET: Registered PF_INET6 protocol family
[    0.376268] Segment Routing with IPv6
[    0.376365] In-situ OAM (IOAM) with IPv6
[    0.376464] sit: IPv6, IPv4 and MPLS over IPv4 tunneling driver
[    0.377415] NET: Registered PF_PACKET protocol family
[    0.377448] NET: Registered PF_KEY protocol family
[    0.377590] Key type dns_resolver registered
[    0.377813] ThumbEE CPU extension supported.
[    0.377831] Registering SWP/SWPB emulation handler
[    0.378375] omap_voltage_late_init: Voltage driver support not added
[    0.378720] SmartReflex Class3 initialized
[    0.422851] Loading compiled-in X.509 certificates
[    0.455513] /ocp/interconnect@44c00000/segment@200000/target-module@b000/i2c@0/tda19988@70: Fixed dependency cycle(s) with /ocp/interconnect@48000000/segment@300000/target-module@e000/lcdc@0
[    0.461997] /ocp/interconnect@44c00000/segment@200000/target-module@b000/i2c@0/tda19988@70: Fixed dependency cycle(s) with /ocp/interconnect@48000000/segment@300000/target-module@e000/lcdc@0
[    0.467463] gpiochip_find_base_unlocked: found new base at 512
[    0.501030] /ocp/interconnect@44c00000/segment@200000/target-module@b000/i2c@0/tda19988@70: Fixed dependency cycle(s) with /ocp/interconnect@48000000/segment@300000/target-module@e000/lcdc@0
[    0.502146] /ocp/interconnect@44c00000/segment@200000/target-module@b000/i2c@0/tda19988@70: Fixed dependency cycle(s) with /ocp/interconnect@48000000/segment@300000/target-module@e000/lcdc@0
[    0.505575] /ocp/interconnect@44c00000/segment@200000/target-module@10000/scm@0/pinmux@800: Fixed dependency cycle(s) with /ocp/interconnect@44c00000/segment@200000/target-module@10000/scm@0/pinmux@800/clkout2-pins
[    0.506169] pinctrl-single 44e10800.pinmux: 142 pins, size 568
[    0.511418] ti-sysc 44e31000.target-module: probe with driver ti-sysc failed with error -16
[    0.547878] /ocp/interconnect@48000000/segment@300000/target-module@e000/lcdc@0: Fixed dependency cycle(s) with /ocp/interconnect@44c00000/segment@200000/target-module@b000/i2c@0/tda19988@70
[    0.555991] ti-sysc 48040000.target-module: probe with driver ti-sysc failed with error -16
[    0.567084] gpiochip_find_base_unlocked: found new base at 512
[    0.567183] gpio gpiochip0: (gpio-0-31): created GPIO range 0->7 ==> 44e10800.pinmux PIN 0->7
[    0.567203] gpio gpiochip0: (gpio-0-31): created GPIO range 8->11 ==> 44e10800.pinmux PIN 90->93
[    0.567219] gpio gpiochip0: (gpio-0-31): created GPIO range 12->27 ==> 44e10800.pinmux PIN 12->27
[    0.567234] gpio gpiochip0: (gpio-0-31): created GPIO range 28->31 ==> 44e10800.pinmux PIN 30->33
[    0.601198] gpio gpiochip0: (gpio-0-31): added GPIO chardev (254:0)
[    0.601467] gpio gpiochip0: registered GPIOs 512 to 543 on gpio-0-31
[    0.601553] OMAP GPIO hardware version 0.1
[    0.628522] i2c i2c-2: using DT '/ocp/interconnect@48000000/segment@100000/target-module@9c000/i2c@0' for 'scl' GPIO lookup
[    0.628592] of_get_named_gpiod_flags: can't parse 'scl-gpios' property of node '/ocp/interconnect@48000000/segment@100000/target-module@9c000/i2c@0[0]'
[    0.628633] of_get_named_gpiod_flags: can't parse 'scl-gpio' property of node '/ocp/interconnect@48000000/segment@100000/target-module@9c000/i2c@0[0]'
[    0.628668] i2c i2c-2: using lookup tables for GPIO lookup
[    0.628678] i2c i2c-2: No GPIO consumer scl found
[    0.628699] i2c i2c-2: using DT '/ocp/interconnect@48000000/segment@100000/target-module@9c000/i2c@0' for 'sda' GPIO lookup
[    0.628733] of_get_named_gpiod_flags: can't parse 'sda-gpios' property of node '/ocp/interconnect@48000000/segment@100000/target-module@9c000/i2c@0[0]'
[    0.628769] of_get_named_gpiod_flags: can't parse 'sda-gpio' property of node '/ocp/interconnect@48000000/segment@100000/target-module@9c000/i2c@0[0]'
[    0.628799] i2c i2c-2: using lookup tables for GPIO lookup
[    0.628807] i2c i2c-2: No GPIO consumer sda found
[    0.629519] omap_i2c 4819c000.i2c: bus 2 rev0.11 at 100 kHz
[    0.635202] gpiochip_find_base_unlocked: found new base at 544
[    0.635303] gpio gpiochip1: (gpio-32-63): created GPIO range 0->17 ==> 44e10800.pinmux PIN 34->51
[    0.635323] gpio gpiochip1: (gpio-32-63): created GPIO range 18->21 ==> 44e10800.pinmux PIN 77->80
[    0.635339] gpio gpiochip1: (gpio-32-63): created GPIO range 22->31 ==> 44e10800.pinmux PIN 56->65
[    0.646329] gpio gpiochip1: (gpio-32-63): added GPIO chardev (254:1)
[    0.646476] gpio gpiochip1: registered GPIOs 544 to 575 on gpio-32-63
[    0.648669] gpiochip_find_base_unlocked: found new base at 576
[    0.648757] gpio gpiochip2: (gpio-64-95): created GPIO range 0->4 ==> 44e10800.pinmux PIN 66->70
[    0.648777] gpio gpiochip2: (gpio-64-95): created GPIO range 5->6 ==> 44e10800.pinmux PIN 98->99
[    0.648792] gpio gpiochip2: (gpio-64-95): created GPIO range 7->8 ==> 44e10800.pinmux PIN 75->76
[    0.648807] gpio gpiochip2: (gpio-64-95): created GPIO range 13->13 ==> 44e10800.pinmux PIN 141->141
[    0.648823] gpio gpiochip2: (gpio-64-95): created GPIO range 14->21 ==> 44e10800.pinmux PIN 100->107
[    0.649480] gpio gpiochip2: (gpio-64-95): added GPIO chardev (254:2)
[    0.649617] gpio gpiochip2: registered GPIOs 576 to 607 on gpio-64-95
[    0.655312] 48000000.interconnect:segment@200000:target-module@0:mpu@0:fck: device ID is greater than 24
[    0.656188] /ocp/interconnect@48000000/segment@300000/target-module@e000/lcdc@0: Fixed dependency cycle(s) with /ocp/interconnect@44c00000/segment@200000/target-module@b000/i2c@0/tda19988@70
[    0.658854] /ocp/interconnect@48000000/segment@300000/target-module@e000/lcdc@0: Fixed dependency cycle(s) with /ocp/interconnect@44c00000/segment@200000/target-module@b000/i2c@0/tda19988@70
[    0.659528] /ocp/interconnect@44c00000/segment@200000/target-module@b000/i2c@0/tda19988@70: Fixed dependency cycle(s) with /ocp/interconnect@48000000/segment@300000/target-module@e000/lcdc@0
[    0.659696] /ocp/interconnect@48000000/segment@300000/target-module@e000/lcdc@0: Fixed dependency cycle(s) with /ocp/interconnect@44c00000/segment@200000/target-module@b000/i2c@0/tda19988@70
[    0.669239] mdio_bus 4a101000.mdio: using DT '/ocp/interconnect@4a000000/segment@0/target-module@100000/switch@0/mdio@1000' for 'reset' GPIO lookup
[    0.669313] of_get_named_gpiod_flags: can't parse 'reset-gpios' property of node '/ocp/interconnect@4a000000/segment@0/target-module@100000/switch@0/mdio@1000[0]'
[    0.669358] of_get_named_gpiod_flags: can't parse 'reset-gpio' property of node '/ocp/interconnect@4a000000/segment@0/target-module@100000/switch@0/mdio@1000[0]'
[    0.669404] mdio_bus 4a101000.mdio: using lookup tables for GPIO lookup
[    0.669414] mdio_bus 4a101000.mdio: No GPIO consumer reset found
[    0.670305] sdhci-omap 481d8000.mmc: using DT '/ocp/interconnect@48000000/segment@100000/target-module@d8000/mmc@0' for 'wp' GPIO lookup
[    0.670363] of_get_named_gpiod_flags: can't parse 'wp-gpios' property of node '/ocp/interconnect@48000000/segment@100000/target-module@d8000/mmc@0[0]'
[    0.670404] of_get_named_gpiod_flags: can't parse 'wp-gpio' property of node '/ocp/interconnect@48000000/segment@100000/target-module@d8000/mmc@0[0]'
[    0.670438] sdhci-omap 481d8000.mmc: using lookup tables for GPIO lookup
[    0.670447] sdhci-omap 481d8000.mmc: No GPIO consumer wp found
[    0.670640] sdhci-omap 481d8000.mmc: supply pbias not found, using dummy regulator
[    0.671151] sdhci-omap 481d8000.mmc: supply vqmmc not found, using dummy regulator
[    0.716352] davinci_mdio 4a101000.mdio: davinci mdio revision 1.6, bus freq 1000000
[    0.737425] mdio_bus 4a101000.mdio:00: using DT '/ocp/interconnect@4a000000/segment@0/target-module@100000/switch@0/mdio@1000/ethernet-phy@0' for 'reset' GPIO lookup
[    0.737526] of_get_named_gpiod_flags: parsed 'reset-gpios' property of node '/ocp/interconnect@4a000000/segment@0/target-module@100000/switch@0/mdio@1000/ethernet-phy@0[0]' - status (0)
[    0.737690] gpio gpiochip0: Persistence not supported for GPIO 8
[    0.876366] davinci_mdio 4a101000.mdio: phy[0]: device 4a101000.mdio:00, driver SMSC LAN8710/LAN8720
[    0.877126] cpsw-switch 4a100000.switch: initialized cpsw ale version 1.4
[    0.877148] cpsw-switch 4a100000.switch: ALE Table size 1024, Policers 0
[    0.877299] cpsw-switch 4a100000.switch: cpts: overflow check period 500 (jiffies)
[    0.877315] cpsw-switch 4a100000.switch: CPTS: ref_clk_freq:250000000 calc_mult:2147483648 calc_shift:29 error:0 nsec/sec
[    0.877426] cpsw-switch 4a100000.switch: Detected MACID = 6c:ec:eb:68:de:78
[    0.879231] cpsw-switch 4a100000.switch: initialized (regs 0x4a100000, pool size 256) hw_ver:0019010C 1.12 (0)
[    0.890120] debugfs: Directory '49000000.dma' with parent 'dmaengine' already present!
[    0.890161] edma 49000000.dma: TI EDMA DMA engine driver
[    0.939298] target-module@4b000000:target-module@140000:pmu@0:fck: device ID is greater than 24
[    0.942542] hw perfevents: enabled with armv7_cortex_a8 PMU driver, 5 (8000000f) counters available
[    0.943422] gpio-clk clk_mcasp0: using DT '/clk_mcasp0' for 'enable' GPIO lookup
[    0.943493] of_get_named_gpiod_flags: parsed 'enable-gpios' property of node '/clk_mcasp0[0]' - status (0)
[    0.943536] gpio gpiochip0: Persistence not supported for GPIO 27
[    0.944339] gpiochip_find_base_unlocked: found new base at 608
[    0.944445] gpio gpiochip3: (gpio-96-127): created GPIO range 0->7 ==> 44e10800.pinmux PIN 82->89
[    0.944470] gpio gpiochip3: (gpio-96-127): created GPIO range 8->11 ==> 44e10800.pinmux PIN 52->55
[    0.944487] gpio gpiochip3: (gpio-96-127): created GPIO range 12->15 ==> 44e10800.pinmux PIN 94->97
[    0.944503] gpio gpiochip3: (gpio-96-127): created GPIO range 16->17 ==> 44e10800.pinmux PIN 71->72
[    0.944519] gpio gpiochip3: (gpio-96-127): created GPIO range 18->18 ==> 44e10800.pinmux PIN 135->135
[    0.944535] gpio gpiochip3: (gpio-96-127): created GPIO range 19->20 ==> 44e10800.pinmux PIN 108->109
[    0.944552] gpio gpiochip3: (gpio-96-127): created GPIO range 21->21 ==> 44e10800.pinmux PIN 73->73
[    0.944569] gpio gpiochip3: (gpio-96-127): created GPIO range 22->23 ==> 44e10800.pinmux PIN 8->9
[    0.944586] gpio gpiochip3: (gpio-96-127): created GPIO range 26->27 ==> 44e10800.pinmux PIN 10->11
[    0.944603] gpio gpiochip3: (gpio-96-127): created GPIO range 28->28 ==> 44e10800.pinmux PIN 74->74
[    0.944638] gpio gpiochip3: (gpio-96-127): created GPIO range 29->29 ==> 44e10800.pinmux PIN 81->81
[    0.944657] gpio gpiochip3: (gpio-96-127): created GPIO range 30->31 ==> 44e10800.pinmux PIN 28->29
[    0.951077] l3-aon-clkctrl:0000:0: failed to disable
[    0.952435] gpio gpiochip3: (gpio-96-127): added GPIO chardev (254:3)
[    0.952601] gpio gpiochip3: registered GPIOs 608 to 639 on gpio-96-127
[    0.965373] omap8250 44e09000.serial: using DT '/ocp/interconnect@44c00000/segment@200000/target-module@9000/serial@0' for 'rs485-term' GPIO lookup
[    0.965446] of_get_named_gpiod_flags: can't parse 'rs485-term-gpios' property of node '/ocp/interconnect@44c00000/segment@200000/target-module@9000/serial@0[0]'
[    0.965490] of_get_named_gpiod_flags: can't parse 'rs485-term-gpio' property of node '/ocp/interconnect@44c00000/segment@200000/target-module@9000/serial@0[0]'
[    0.965526] omap8250 44e09000.serial: using lookup tables for GPIO lookup
[    0.965536] omap8250 44e09000.serial: No GPIO consumer rs485-term found
[    0.965546] omap8250 44e09000.serial: using DT '/ocp/interconnect@44c00000/segment@200000/target-module@9000/serial@0' for 'rs485-rx-during-tx' GPIO lookup
[    0.965580] of_get_named_gpiod_flags: can't parse 'rs485-rx-during-tx-gpios' property of node '/ocp/interconnect@44c00000/segment@200000/target-module@9000/serial@0[0]'
[    0.965616] of_get_named_gpiod_flags: can't parse 'rs485-rx-during-tx-gpio' property of node '/ocp/interconnect@44c00000/segment@200000/target-module@9000/serial@0[0]'
[    0.965647] omap8250 44e09000.serial: using lookup tables for GPIO lookup
[    0.965655] omap8250 44e09000.serial: No GPIO consumer rs485-rx-during-tx found
[    0.966026] 44e09000.serial: ttyS0 at MMIO 0x44e09000 (irq = 34, base_baud = 3000000) is a 8250
[    0.966112] printk: legacy console [ttyS0] enabled
[    2.407057] i2c i2c-0: using DT '/ocp/interconnect@44c00000/segment@200000/target-module@b000/i2c@0' for 'scl' GPIO lookup
[    2.407145] of_get_named_gpiod_flags: can't parse 'scl-gpios' property of node '/ocp/interconnect@44c00000/segment@200000/target-module@b000/i2c@0[0]'
[    2.407190] of_get_named_gpiod_flags: can't parse 'scl-gpio' property of node '/ocp/interconnect@44c00000/segment@200000/target-module@b000/i2c@0[0]'
[    2.407230] i2c i2c-0: using lookup tables for GPIO lookup
[    2.407243] i2c i2c-0: No GPIO consumer scl found
[    2.407269] i2c i2c-0: using DT '/ocp/interconnect@44c00000/segment@200000/target-module@b000/i2c@0' for 'sda' GPIO lookup
[    2.407308] of_get_named_gpiod_flags: can't parse 'sda-gpios' property of node '/ocp/interconnect@44c00000/segment@200000/target-module@b000/i2c@0[0]'
[    2.407349] of_get_named_gpiod_flags: can't parse 'sda-gpio' property of node '/ocp/interconnect@44c00000/segment@200000/target-module@b000/i2c@0[0]'
[    2.407384] i2c i2c-0: using lookup tables for GPIO lookup
[    2.407395] i2c i2c-0: No GPIO consumer sda found
[    2.422233] tps65217-pmic: Failed to locate of_node [id: -1]
[    2.428295] tps65217-bl: Failed to locate of_node [id: -1]
[    2.439510] tps65217 0-0024: TPS65217 ID 0xe version 1.2
[    2.445634] /ocp/interconnect@48000000/segment@300000/target-module@e000/lcdc@0: Fixed dependency cycle(s) with /ocp/interconnect@44c00000/segment@200000/target-module@b000/i2c@0/tda19988@70
[    2.462996] /ocp/interconnect@44c00000/segment@200000/target-module@b000/i2c@0/tda19988@70: Fixed dependency cycle(s) with /ocp/interconnect@48000000/segment@300000/target-module@e000/lcdc@0
[    2.480361] omap_i2c 44e0b000.i2c: bus 0 rev0.11 at 400 kHz
[    2.488146] sdhci-omap 48060000.mmc: using DT '/ocp/interconnect@48000000/segment@0/target-module@60000/mmc@0' for 'cd' GPIO lookup
[    2.488252] of_get_named_gpiod_flags: parsed 'cd-gpios' property of node '/ocp/interconnect@48000000/segment@0/target-module@60000/mmc@0[0]' - status (0)
[    2.488316] gpio gpiochip3: Persistence not supported for GPIO 6
[    2.488350] omap_gpio 44e07000.gpio: Could not set line 6 debounce to 200000 microseconds (-22)
[    2.497232] sdhci-omap 48060000.mmc: Got CD GPIO
[    2.501911] sdhci-omap 48060000.mmc: using DT '/ocp/interconnect@48000000/segment@0/target-module@60000/mmc@0' for 'wp' GPIO lookup
[    2.501963] of_get_named_gpiod_flags: can't parse 'wp-gpios' property of node '/ocp/interconnect@48000000/segment@0/target-module@60000/mmc@0[0]'
[    2.502009] of_get_named_gpiod_flags: can't parse 'wp-gpio' property of node '/ocp/interconnect@48000000/segment@0/target-module@60000/mmc@0[0]'
[    2.502048] sdhci-omap 48060000.mmc: using lookup tables for GPIO lookup
[    2.502061] sdhci-omap 48060000.mmc: No GPIO consumer wp found
[    2.502269] sdhci-omap 48060000.mmc: supply pbias not found, using dummy regulator
[    2.510969] sdhci-omap 481d8000.mmc: using DT '/ocp/interconnect@48000000/segment@100000/target-module@d8000/mmc@0' for 'wp' GPIO lookup
[    2.511040] of_get_named_gpiod_flags: can't parse 'wp-gpios' property of node '/ocp/interconnect@48000000/segment@100000/target-module@d8000/mmc@0[0]'
[    2.511087] of_get_named_gpiod_flags: can't parse 'wp-gpio' property of node '/ocp/interconnect@48000000/segment@100000/target-module@d8000/mmc@0[0]'
[    2.511125] sdhci-omap 481d8000.mmc: using lookup tables for GPIO lookup
[    2.511138] sdhci-omap 481d8000.mmc: No GPIO consumer wp found
[    2.512253] sdhci-omap 48060000.mmc: supply vqmmc not found, using dummy regulator
[    2.520827] sdhci-omap 481d8000.mmc: supply pbias not found, using dummy regulator
[    2.529388] sdhci-omap 481d8000.mmc: supply vqmmc not found, using dummy regulator
[    2.565013] mmc0: SDHCI controller on 48060000.mmc [48060000.mmc] using External DMA
[    2.573309] mmc1: SDHCI controller on 481d8000.mmc [481d8000.mmc] using External DMA
[    2.582168] cpsw-switch 4a100000.switch: starting ndev. mode: dual_mac
[    2.630431] mmc0: new high speed SDHC card at address 5048
[    2.637485] mmcblk0: mmc0:5048 SD16G 14.4 GiB
[    2.645548]  mmcblk0: p1 p2
[    2.648958] mmcblk0: p2 size 31221760 extends beyond EOD, truncated
[    2.662572] SMSC LAN8710/LAN8720 4a101000.mdio:00: attached PHY driver (mii_bus:phy_addr=4a101000.mdio:00, irq=POLL)
[    2.675151] mmc1: new high speed MMC card at address 0001
[    2.682065] mmcblk1: mmc1:0001 MMC04G 3.60 GiB
[    2.693604]  mmcblk1: p1 p2
[    2.697818] mmcblk1boot0: mmc1:0001 MMC04G 2.00 MiB
[    2.705045] mmcblk1boot1: mmc1:0001 MMC04G 2.00 MiB
[    2.712358] mmcblk1rpmb: mmc1:0001 MMC04G 128 KiB, chardev (250:0)
[    5.842046] cpsw-switch 4a100000.switch eth0: Link is Up - 100Mbps/Full - flow control off
[    5.881533] IP-Config: Complete:
[    5.884808]      device=eth0, hwaddr=6c:ec:eb:68:de:78, ipaddr=192.168.255.1, mask=255.255.255.0, gw=255.255.255.255
[    5.895475]      host=bbb1, domain=, nis-domain=(none)
[    5.900645]      bootserver=192.168.255.126, rootserver=192.168.255.126, rootpath=
[    5.901064] clk: Disabling unused clocks
[    5.912906] PM: genpd: Disabling unused power domains
[    5.918020] KTAP version 1
[    5.920740] 1..0
[    5.945408] VFS: Mounted root (nfs filesystem) on device 0:17.
[    5.952435] devtmpfs: mounted
[    5.956883] Freeing unused kernel image (initmem) memory: 1024K
[    5.963797] Run /sbin/init as init process
[    5.967932]   with arguments:
[    5.967944]     /sbin/init
[    5.967954]     nfsrootdebug
[    5.967963]   with environment:
[    5.967971]     HOME=/
[    5.967980]     TERM=linux
[    6.654247] systemd[1]: System time before build time, advancing clock.
[    8.131289] random: crng init done
[    8.172862] systemd[1]: systemd 232 running in system mode. (+PAM +AUDIT +SELINUX +IMA +APPARMOR +SMACK +SYSVINIT +UTMP +LIBCRYPTSETUP +GCRYPT +GNUTLS +ACL +XZ +LZ4 +SECCOMP +BLKID +ELFUTILS +KMOD +IDN)
[    8.192002] systemd[1]: Detected architecture arm.
[    8.224512] systemd[1]: Set hostname to <arm>.
[    9.307806] systemd[1]: Listening on udev Kernel Socket.
[    9.332871] systemd[1]: Created slice User and Session Slice.
[    9.363317] systemd[1]: Listening on udev Control Socket.
[    9.391711] systemd[1]: Reached target Remote File Systems.
[    9.423144] systemd[1]: Listening on Syslog Socket.
[    9.452164] systemd[1]: Listening on Journal Socket.
[    9.481689] systemd[1]: Reached target Swap.
[   11.796073] systemd-journald[88]: Received request to flush runtime journal from PID 1
[   14.402465] leds-gpio leds: using DT '/leds/led2' for '(default)' GPIO lookup
[   14.402569] of_get_named_gpiod_flags: parsed 'gpios' property of node '/leds/led2[0]' - status (0)
[   14.402627] gpio gpiochip0: Persistence not supported for GPIO 21
[   14.402643] gpio-533 (?): no flags found for GPIO (default)
[   14.487241] leds-gpio leds: using DT '/leds/led3' for '(default)' GPIO lookup
[   14.487350] of_get_named_gpiod_flags: parsed 'gpios' property of node '/leds/led3[0]' - status (0)
[   14.487408] gpio gpiochip0: Persistence not supported for GPIO 22
[   14.487424] gpio-534 (?): no flags found for GPIO (default)
[   14.503416] leds-gpio leds: using DT '/leds/led4' for '(default)' GPIO lookup
[   14.503517] of_get_named_gpiod_flags: parsed 'gpios' property of node '/leds/led4[0]' - status (0)
[   14.503570] gpio gpiochip0: Persistence not supported for GPIO 23
[   14.503586] gpio-535 (?): no flags found for GPIO (default)
[   14.540378] leds-gpio leds: using DT '/leds/led5' for '(default)' GPIO lookup
[   14.540475] of_get_named_gpiod_flags: parsed 'gpios' property of node '/leds/led5[0]' - status (0)
[   14.540526] gpio gpiochip0: Persistence not supported for GPIO 24
[   14.540542] gpio-536 (?): no flags found for GPIO (default)
[   14.794433] remoteproc remoteproc0: wkup_m3 is available
[   14.915995] at24 2-0054: supply vcc not found, using dummy regulator
[   15.022931] at24 2-0055: supply vcc not found, using dummy regulator
[   15.097788] at24 2-0056: supply vcc not found, using dummy regulator
[   15.222494] at24 2-0057: supply vcc not found, using dummy regulator
[   15.356491] at24 0-0050: using DT '/ocp/interconnect@44c00000/segment@200000/target-module@b000/i2c@0/eeprom@50' for 'wp' GPIO lookup
[   15.356603] of_get_named_gpiod_flags: can't parse 'wp-gpios' property of node '/ocp/interconnect@44c00000/segment@200000/target-module@b000/i2c@0/eeprom@50[0]'
[   15.356661] of_get_named_gpiod_flags: can't parse 'wp-gpio' property of node '/ocp/interconnect@44c00000/segment@200000/target-module@b000/i2c@0/eeprom@50[0]'
[   15.356706] at24 0-0050: using lookup tables for GPIO lookup
[   15.356721] at24 0-0050: No GPIO consumer wp found
[   15.357043] at24 0-0050: 32768 byte 24c256 EEPROM, writable, 1 bytes/write
[   15.633306] tps6521x_pwrbutton tps65217-pwrbutton: DMA mask not set
[   15.683189] input: tps65217_pwrbutton as /devices/platform/ocp/44c00000.interconnect/44c00000.interconnect:segment@200000/44e0b000.target-module/44e0b000.i2c/i2c-0/0-0024/tps65217-pwrbutton/input/input0
[   15.707096] omap_rtc 44e3e000.rtc: registered as rtc0
[   15.713562] omap_rtc 44e3e000.rtc: setting system clock to 2000-01-01T00:00:00 UTC (946684800)
[   15.722412] omap_rtc 44e3e000.rtc: using DT '/ocp/interconnect@44c00000/segment@200000/target-module@3e000/rtc@0' for 'wp' GPIO lookup
[   15.722490] of_get_named_gpiod_flags: can't parse 'wp-gpios' property of node '/ocp/interconnect@44c00000/segment@200000/target-module@3e000/rtc@0[0]'
[   15.722540] of_get_named_gpiod_flags: can't parse 'wp-gpio' property of node '/ocp/interconnect@44c00000/segment@200000/target-module@3e000/rtc@0[0]'
[   15.722581] omap_rtc 44e3e000.rtc: using lookup tables for GPIO lookup
[   15.722595] omap_rtc 44e3e000.rtc: No GPIO consumer wp found
[   15.733473] wkup_m3_ipc 44e11324.wkup_m3_ipc: IPC Request for A8->M3 Channel failed! -517
[   15.856095] wkup_m3_ipc 44e11324.wkup_m3_ipc: IPC Request for A8->M3 Channel failed! -517
[   15.994649] omap_wdt: OMAP Watchdog Timer Rev 0x01: initial timeout 60 sec
[   16.004593] wkup_m3_ipc 44e11324.wkup_m3_ipc: IPC Request for A8->M3 Channel failed! -517
[   16.283971] am335x-phy-driver 47401300.usb-phy: using DT '/ocp/target-module@47400000/usb-phy@1300' for 'reset' GPIO lookup
[   16.284068] of_get_named_gpiod_flags: can't parse 'reset-gpios' property of node '/ocp/target-module@47400000/usb-phy@1300[0]'
[   16.284112] of_get_named_gpiod_flags: can't parse 'reset-gpio' property of node '/ocp/target-module@47400000/usb-phy@1300[0]'
[   16.284149] am335x-phy-driver 47401300.usb-phy: using lookup tables for GPIO lookup
[   16.284164] am335x-phy-driver 47401300.usb-phy: No GPIO consumer reset found
[   16.284178] am335x-phy-driver 47401300.usb-phy: using DT '/ocp/target-module@47400000/usb-phy@1300' for 'vbus-detect' GPIO lookup
[   16.284210] of_get_named_gpiod_flags: can't parse 'vbus-detect-gpios' property of node '/ocp/target-module@47400000/usb-phy@1300[0]'
[   16.284242] of_get_named_gpiod_flags: can't parse 'vbus-detect-gpio' property of node '/ocp/target-module@47400000/usb-phy@1300[0]'
[   16.284269] am335x-phy-driver 47401300.usb-phy: using lookup tables for GPIO lookup
[   16.284281] am335x-phy-driver 47401300.usb-phy: No GPIO consumer vbus-detect found
[   16.284428] am335x-phy-driver 47401300.usb-phy: dummy supplies not allowed for exclusive requests (id=vbus)
[   16.476902] usbcore: registered new interface driver usbfs
[   16.482769] usbcore: registered new interface driver hub
[   16.488216] usbcore: registered new device driver usb
[   16.689921] am335x-phy-driver 47401b00.usb-phy: using DT '/ocp/target-module@47400000/usb-phy@1b00' for 'reset' GPIO lookup
[   16.690015] of_get_named_gpiod_flags: can't parse 'reset-gpios' property of node '/ocp/target-module@47400000/usb-phy@1b00[0]'
[   16.690059] of_get_named_gpiod_flags: can't parse 'reset-gpio' property of node '/ocp/target-module@47400000/usb-phy@1b00[0]'
[   16.690096] am335x-phy-driver 47401b00.usb-phy: using lookup tables for GPIO lookup
[   16.690110] am335x-phy-driver 47401b00.usb-phy: No GPIO consumer reset found
[   16.690125] am335x-phy-driver 47401b00.usb-phy: using DT '/ocp/target-module@47400000/usb-phy@1b00' for 'vbus-detect' GPIO lookup
[   16.690156] of_get_named_gpiod_flags: can't parse 'vbus-detect-gpios' property of node '/ocp/target-module@47400000/usb-phy@1b00[0]'
[   16.690188] of_get_named_gpiod_flags: can't parse 'vbus-detect-gpio' property of node '/ocp/target-module@47400000/usb-phy@1b00[0]'
[   16.690214] am335x-phy-driver 47401b00.usb-phy: using lookup tables for GPIO lookup
[   16.690226] am335x-phy-driver 47401b00.usb-phy: No GPIO consumer vbus-detect found
[   16.690373] am335x-phy-driver 47401b00.usb-phy: dummy supplies not allowed for exclusive requests (id=vbus)
[   16.702201] wkup_m3_ipc 44e11324.wkup_m3_ipc: IPC Request for A8->M3 Channel failed! -517
[   16.807631] wkup_m3_ipc 44e11324.wkup_m3_ipc: IPC Request for A8->M3 Channel failed! -517
[   16.887106] tda998x 0-0070: found TDA19988
[   17.013647] wkup_m3_ipc 44e11324.wkup_m3_ipc: IPC Request for A8->M3 Channel failed! -517
[   17.110579] musb-hdrc musb-hdrc.1: MUSB HDRC host driver
[   17.116225] musb-hdrc musb-hdrc.1: new USB bus registered, assigned bus number 1
[   17.142371] wkup_m3_ipc 44e11324.wkup_m3_ipc: IPC Request for A8->M3 Channel failed! -517
[   17.396404] usb usb1: New USB device found, idVendor=1d6b, idProduct=0002, bcdDevice= 6.14
[   17.404919] usb usb1: New USB device strings: Mfr=3, Product=2, SerialNumber=1
[   17.412236] usb usb1: Product: MUSB HDRC host driver
[   17.417232] usb usb1: Manufacturer: Linux 6.14.0-rc5-next-20250304 musb-hcd
[   17.424275] usb usb1: SerialNumber: musb-hdrc.1
[   17.669712] omap-mailbox 480c8000.mailbox: omap mailbox rev 0x400
[   17.746164] remoteproc remoteproc0: powering up wkup_m3
[   17.932274] hub 1-0:1.0: USB hub found
[   18.015056] hub 1-0:1.0: 1 port detected
[   18.027023] remoteproc remoteproc0: Direct firmware load for am335x-pm-firmware.elf failed with error -2
[   18.036783] remoteproc remoteproc0: request_firmware failed: -2
[   18.042834] wkup_m3_ipc 44e11324.wkup_m3_ipc: rproc_boot failed
[   20.079575] omap_rng 48310000.rng: Random Number Generator ver. 20
[   20.213082] tilcdc 4830e000.lcdc: bound 0-0070 (ops tda998x_audio_codec_init [tda998x])
[   20.375741] [drm] Initialized tilcdc 1.0.0 for 4830e000.lcdc on minor 0
[   20.468603] tilcdc 4830e000.lcdc: [drm] Cannot find any crtc or sizes
[   20.477063] tilcdc 4830e000.lcdc: [drm] Cannot find any crtc or sizes
[   21.374828] omap-sham 53100000.sham: hw accel on OMAP rev 4.3
[   21.463282] PM: Cannot get wkup_m3_ipc handle
[   21.512596] omap-sham 53100000.sham: will run requests pump with realtime priority
[   21.549780] PM: Cannot get wkup_m3_ipc handle
[   21.569449] omap-aes 53500000.aes: OMAP AES hw accel rev: 3.2
[   21.704128] omap-aes 53500000.aes: will run requests pump with realtime priority
[   21.717378] PM: Cannot get wkup_m3_ipc handle
[   25.328861] PM: Cannot get wkup_m3_ipc handle
[   25.334877] asoc-simple-card sound: using DT '/sound' for 'simple-audio-card,hp-det' GPIO lookup
[   25.334949] of_get_named_gpiod_flags: can't parse 'simple-audio-card,hp-det-gpios' property of node '/sound[0]'
[   25.334984] of_get_named_gpiod_flags: can't parse 'simple-audio-card,hp-det-gpio' property of node '/sound[0]'
[   25.335008] asoc-simple-card sound: using lookup tables for GPIO lookup
[   25.335023] asoc-simple-card sound: No GPIO consumer simple-audio-card,hp-det found
[   25.335039] asoc-simple-card sound: using DT '/sound' for 'simple-audio-card,mic-det' GPIO lookup
[   25.335062] of_get_named_gpiod_flags: can't parse 'simple-audio-card,mic-det-gpios' property of node '/sound[0]'
[   25.335086] of_get_named_gpiod_flags: can't parse 'simple-audio-card,mic-det-gpio' property of node '/sound[0]'
[   25.335106] asoc-simple-card sound: using lookup tables for GPIO lookup
[   25.335118] asoc-simple-card sound: No GPIO consumer simple-audio-card,mic-det found
[   25.349447] tda998x 0-0070: using DT '/ocp/interconnect@44c00000/segment@200000/target-module@b000/i2c@0/tda19988@70' for 'nxp,calib' GPIO lookup
[   25.349592] of_get_named_gpiod_flags: parsed 'nxp,calib-gpios' property of node '/ocp/interconnect@44c00000/segment@200000/target-module@b000/i2c@0/tda19988@70[0]' - status (0)
[   25.349676] gpio gpiochip0: Persistence not supported for GPIO 25
[   25.349692] gpio-537 (nxp,calib): no flags found for GPIO nxp,calib
[   25.357204] gpio-537 (nxp,calib): gpiod_direction_output_nonotify: tried to set a GPIO tied to an IRQ as output
[   25.449683] PM: Cannot get wkup_m3_ipc handle
[   25.549494] Bluetooth: Core ver 2.22
[   25.553498] NET: Registered PF_BLUETOOTH protocol family
[   25.558851] Bluetooth: HCI device and connection manager initialized
[   25.565354] Bluetooth: HCI socket layer initialized
[   25.570270] Bluetooth: L2CAP socket layer initialized
[   25.575444] Bluetooth: SCO socket layer initialized
[   25.631591] tda9950 0-0034: TDA9950 CEC interface, hardware version 3.3
[   25.700915] PM: Cannot get wkup_m3_ipc handle
[   28.234778] userial_init: registered 8 ttyGS* devices
[   28.489718] rndis_register: configNr = 0
[   28.570876] udc musb-hdrc.0: binding gadget driver [g_multi]
[   28.570976] configfs-gadget.g_multi gadget.0: adding 'rndis'/8fbad72e to config 'c'/a4394b72
[   28.572473] configfs-gadget.g_multi gadget.0: HOST MAC 1c:ba:8c:a2:ed:6c
[   28.579513] configfs-gadget.g_multi gadget.0: MAC 1c:ba:8c:a2:ed:70
[   28.585980] rndis_set_param_medium: 0 0
[   28.586004] configfs-gadget.g_multi gadget.0: RNDIS: IN/ep1in OUT/ep1out NOTIFY/ep2in
[   28.586022] configfs-gadget.g_multi gadget.0: adding 'cdc_ethernet'/ceea085e to config 'c'/a4394b72
[   28.586925] configfs-gadget.g_multi gadget.0: HOST MAC 1c:ba:8c:a2:ed:6c
[   28.593761] configfs-gadget.g_multi gadget.0: MAC 1c:ba:8c:a2:ed:6d
[   28.600093] configfs-gadget.g_multi gadget.0: CDC Ethernet: IN/ep3in OUT/ep2out NOTIFY/ep4in
[   28.600112] configfs-gadget.g_multi gadget.0: adding 'acm'/40e793ee to config 'c'/a4394b72
[   28.600148] configfs-gadget.g_multi gadget.0: acm ttyGS0: IN/ep5in OUT/ep3out NOTIFY/ep6in
[   28.612049] PM: Cannot get wkup_m3_ipc handle
[   29.723393] configfs-gadget.g_multi gadget.0: eth_open
[   31.126522] configfs-gadget.g_multi gadget.0: stop stats: rx/tx 0/0, errs 0/0
[   35.104062] gs_open: ttyGS0 (d9d8dce5,7f12fdd5)
[   35.104223] gs_close: ttyGS0 (d9d8dce5,7f12fdd5) ...
[   35.104245] gs_close: ttyGS0 (d9d8dce5,7f12fdd5) done!
[   35.105310] gs_open: ttyGS0 (de997cda,7f12fdd5)
[   35.105412] gs_close: ttyGS0 (de997cda,7f12fdd5) ...
[   35.105432] gs_close: ttyGS0 (de997cda,7f12fdd5) done!
[   35.260363] gs_open: ttyGS0 (d9d8dce5,13cfee79)
[   35.260607] gs_close: ttyGS0 (d9d8dce5,13cfee79) ...
[   35.260634] gs_close: ttyGS0 (d9d8dce5,13cfee79) done!
[   35.265577] gs_open: ttyGS0 (d9d8dce5,95a84abf)
XVSLKWVNLS 0
root@arm:~# echo 'YQAA''PFWPSH'
YQAAPFWPSH
root@arm:~# MARKER='TPXH''ONSNBL' run 'modprobe test_linear_ranges'
TPXHONSNBLTPXHONSNBL 0
root@arm:~# echo 'UFQG''KGEQAT'
UFQGKGEQAT
root@arm:~# MARKER='TZVM''CBZBMZ' run dmesg
TZVMCBZBMZ[    0.000000] Booting Linux on physical CPU 0x0
[    0.000000] Linux version 6.14.0-rc5-next-20250304 (user01@drvtest01) (arm-none-eabi-gcc (Arm GNU Toolchain 14.2.Rel1 (Build arm-14.52)) 14.2.1 20241119, GNU ld (Arm GNU Toolchain 14.2.Rel1 (Build arm-14.52)) 2.43.1.20241119) #1 SMP Tue Mar  4 12:13:14 EET 2025
[    0.000000] CPU: ARMv7 Processor [413fc082] revision 2 (ARMv7), cr=10c5387d
[    0.000000] CPU: PIPT / VIPT nonaliasing data cache, VIPT aliasing instruction cache
[    0.000000] OF: fdt: Machine model: TI AM335x BeagleBone Black
[    0.000000] Memory policy: Data cache writeback
[    0.000000] cma: Reserved 16 MiB at 0x9e800000 on node -1
[    0.000000] Zone ranges:
[    0.000000]   Normal   [mem 0x0000000080000000-0x000000009fdfffff]
[    0.000000]   HighMem  empty
[    0.000000] Movable zone start for each node
[    0.000000] Early memory node ranges
[    0.000000]   node   0: [mem 0x0000000080000000-0x000000009fdfffff]
[    0.000000] Initmem setup node 0 [mem 0x0000000080000000-0x000000009fdfffff]
[    0.000000] OF: reserved mem: Reserved memory: No reserved-memory node in the DT
[    0.000000] CPU: All CPU(s) started in SVC mode.
[    0.000000] AM335X ES2.1 (sgx neon)
[    0.000000] percpu: Embedded 17 pages/cpu s39692 r8192 d21748 u69632
[    0.000000] pcpu-alloc: s39692 r8192 d21748 u69632 alloc=17*4096
[    0.000000] pcpu-alloc: [0] 0 
[    0.000000] Kernel command line: console=ttyO0,115200n8 root=/dev/nfs rw nfsroot=192.168.255.126:/home/user01/nfs,nfsvers=3 ip=192.168.255.1:192.168.255.126::255.255.255.0:bbb1:eth0 nfsrootdebug
[    0.000000] Unknown kernel command line parameters "nfsrootdebug", will be passed to user space.
[    0.000000] printk: log buffer data + meta data: 65536 + 204800 = 270336 bytes
[    0.000000] Dentry cache hash table entries: 65536 (order: 6, 262144 bytes, linear)
[    0.000000] Inode-cache hash table entries: 32768 (order: 5, 131072 bytes, linear)
[    0.000000] Built 1 zonelists, mobility grouping on.  Total pages: 130560
[    0.000000] mem auto-init: stack:off, heap alloc:off, heap free:off
[    0.000000] SLUB: HWalign=16, Order=0-3, MinObjects=0, CPUs=1, Nodes=1
[    0.000000] rcu: Hierarchical RCU implementation.
[    0.000000] rcu: 	RCU event tracing is enabled.
[    0.000000] rcu: 	RCU restricting CPUs from NR_CPUS=2 to nr_cpu_ids=1.
[    0.000000] 	Tracing variant of Tasks RCU enabled.
[    0.000000] rcu: RCU calculated value of scheduler-enlistment delay is 10 jiffies.
[    0.000000] rcu: Adjusting geometry for rcu_fanout_leaf=16, nr_cpu_ids=1
[    0.000000] RCU Tasks Trace: Setting shift to 0 and lim to 1 rcu_task_cb_adjust=1 rcu_task_cpu_ids=1.
[    0.000000] NR_IRQS: 16, nr_irqs: 16, preallocated irqs: 16
[    0.000000] IRQ: Found an INTC at 0x(ptrval) (revision 5.0) with 128 interrupts
[    0.000000] rcu: srcu_init: Setting srcu_struct sizes based on contention.
[    0.000000] TI gptimer clocksource: always-on /ocp/interconnect@44c00000/segment@200000/target-module@31000
[    0.000002] sched_clock: 32 bits at 24MHz, resolution 41ns, wraps every 89478484971ns
[    0.000027] clocksource: dmtimer: mask: 0xffffffff max_cycles: 0xffffffff, max_idle_ns: 79635851949 ns
[    0.000510] TI gptimer clockevent: 24000000 Hz at /ocp/interconnect@48000000/segment@0/target-module@40000
[    0.002126] Console: colour dummy device 80x30
[    0.002190] WARNING: Your 'console=ttyO0' has been replaced by 'ttyS0'
[    0.002197] This ensures that you still see kernel messages. Please
[    0.002202] update your kernel commandline.
[    0.002246] Calibrating delay loop... 996.14 BogoMIPS (lpj=4980736)
[    0.090555] CPU: Testing write buffer coherency: ok
[    0.090673] CPU0: Spectre v2: using BPIALL workaround
[    0.090683] pid_max: default: 32768 minimum: 301
[    0.090835] LSM: initializing lsm=capability
[    0.091010] Mount-cache hash table entries: 1024 (order: 0, 4096 bytes, linear)
[    0.091030] Mountpoint-cache hash table entries: 1024 (order: 0, 4096 bytes, linear)
[    0.092611] CPU0: thread -1, cpu 0, socket -1, mpidr 0
[    0.092668] cacheinfo: Unable to detect cache hierarchy for CPU 0
[    0.160758] Setting up static identity map for 0x80100000 - 0x80100078
[    0.170700] rcu: Hierarchical SRCU implementation.
[    0.170711] rcu: 	Max phase no-delay instances is 1000.
[    0.172455] smp: Bringing up secondary CPUs ...
[    0.172507] smp: Brought up 1 node, 1 CPU
[    0.172520] SMP: Total of 1 processors activated (996.14 BogoMIPS).
[    0.172532] CPU: All CPU(s) started in SVC mode.
[    0.172722] Memory: 480828K/522240K available (11264K kernel code, 1216K rwdata, 2896K rodata, 1024K init, 289K bss, 23384K reserved, 16384K cma-reserved, 0K highmem)
[    0.173521] devtmpfs: initialized
[    0.190967] VFP support v0.3: implementor 41 architecture 3 part 30 variant c rev 3
[    0.191646] clocksource: jiffies: mask: 0xffffffff max_cycles: 0xffffffff, max_idle_ns: 19112604462750000 ns
[    0.191687] futex hash table entries: 256 (order: 2, 16384 bytes, linear)
[    0.193077] pinctrl core: initialized pinctrl subsystem
[    0.195751] NET: Registered PF_NETLINK/PF_ROUTE protocol family
[    0.198553] DMA: preallocated 256 KiB pool for atomic coherent allocations
[    0.199483] audit: initializing netlink subsys (disabled)
[    0.201006] thermal_sys: Registered thermal governor 'fair_share'
[    0.201023] thermal_sys: Registered thermal governor 'step_wise'
[    0.201031] thermal_sys: Registered thermal governor 'user_space'
[    0.201150] audit: type=2000 audit(0.000:1): state=initialized audit_enabled=0 res=1
[    0.201221] cpuidle: using governor menu
[    0.219188] /ocp/interconnect@44c00000/segment@200000/target-module@b000/i2c@0/tda19988@70: Fixed dependency cycle(s) with /ocp/interconnect@48000000/segment@300000/target-module@e000/lcdc@0
[    0.220297] /ocp/interconnect@48000000/segment@300000/target-module@e000/lcdc@0: Fixed dependency cycle(s) with /ocp/interconnect@44c00000/segment@200000/target-module@b000/i2c@0/tda19988@70
[    0.222660] No ATAGs?
[    0.222704] hw-breakpoint: debug architecture 0x4 unsupported.
[    0.225416] kprobes: kprobe jump-optimization is enabled. All kprobes are optimized if possible.
[    0.233900] iommu: Default domain type: Translated
[    0.233919] iommu: DMA domain TLB invalidation policy: strict mode
[    0.235473] reg-fixed-voltage fixedregulator0: using DT '/fixedregulator0' for '(default)' GPIO lookup
[    0.235526] of_get_named_gpiod_flags: can't parse 'gpios' property of node '/fixedregulator0[0]'
[    0.235553] of_get_named_gpiod_flags: can't parse 'gpio' property of node '/fixedregulator0[0]'
[    0.235571] reg-fixed-voltage fixedregulator0: using lookup tables for GPIO lookup
[    0.235581] reg-fixed-voltage fixedregulator0: No GPIO consumer (default) found
[    0.241800] SCSI subsystem initialized
[    0.242284] libata version 3.00 loaded.
[    0.242652] pps_core: LinuxPPS API ver. 1 registered
[    0.242662] pps_core: Software ver. 5.3.6 - Copyright 2005-2007 Rodolfo Giometti <giometti@linux.it>
[    0.242686] PTP clock support registered
[    0.250883] vgaarb: loaded
[    0.251268] clocksource: Switched to clocksource dmtimer
[    0.251944] VFS: Disk quotas dquot_6.6.0
[    0.252000] VFS: Dquot-cache hash table entries: 1024 (order 0, 4096 bytes)
[    0.275551] NET: Registered PF_INET protocol family
[    0.275896] IP idents hash table entries: 8192 (order: 4, 65536 bytes, linear)
[    0.277329] tcp_listen_portaddr_hash hash table entries: 512 (order: 0, 4096 bytes, linear)
[    0.277366] Table-perturb hash table entries: 65536 (order: 6, 262144 bytes, linear)
[    0.277385] TCP established hash table entries: 4096 (order: 2, 16384 bytes, linear)
[    0.277428] TCP bind hash table entries: 4096 (order: 4, 65536 bytes, linear)
[    0.277527] TCP: Hash tables configured (established 4096 bind 4096)
[    0.277646] UDP hash table entries: 256 (order: 1, 14336 bytes, linear)
[    0.277683] UDP-Lite hash table entries: 256 (order: 1, 14336 bytes, linear)
[    0.277866] NET: Registered PF_UNIX/PF_LOCAL protocol family
[    0.281936] RPC: Registered named UNIX socket transport module.
[    0.281956] RPC: Registered udp transport module.
[    0.281961] RPC: Registered tcp transport module.
[    0.281965] RPC: Registered tcp-with-tls transport module.
[    0.281970] RPC: Registered tcp NFSv4.1 backchannel transport module.
[    0.281993] PCI: CLS 0 bytes, default 64
[    0.283412] Initialise system trusted keyrings
[    0.291927] workingset: timestamp_bits=14 max_order=17 bucket_order=3
[    0.293271] NFS: Registering the id_resolver key type
[    0.293346] Key type id_resolver registered
[    0.293354] Key type id_legacy registered
[    0.293461] jffs2: version 2.2. (NAND) (SUMMARY)  Â© 2001-2006 Red Hat, Inc.
[    0.293885] Key type asymmetric registered
[    0.293902] Asymmetric key parser 'x509' registered
[    0.293965] io scheduler mq-deadline registered
[    0.293975] io scheduler kyber registered
[    0.294045] io scheduler bfq registered
[    0.295601] ledtrig-cpu: registered to indicate activity on CPUs
[    0.301886] Serial: 8250/16550 driver, 6 ports, IRQ sharing enabled
[    0.338994] brd: module loaded
[    0.357201] loop: module loaded
[    0.358112] mtdoops: mtd device (mtddev=name/number) must be supplied
[    0.359837] mdio_bus fixed-0: using lookup tables for GPIO lookup
[    0.359860] mdio_bus fixed-0: No GPIO consumer reset found
[    0.361385] i2c_dev: i2c /dev entries driver
[    0.362396] cpuidle: enable-method property 'ti,am3352' found operations
[    0.362862] sdhci: Secure Digital Host Controller Interface driver
[    0.362870] sdhci: Copyright(c) Pierre Ossman
[    0.363045] sdhci-pltfm: SDHCI platform and OF driver helper
[    0.364049] Initializing XFRM netlink socket
[    0.364216] NET: Registered PF_INET6 protocol family
[    0.376268] Segment Routing with IPv6
[    0.376365] In-situ OAM (IOAM) with IPv6
[    0.376464] sit: IPv6, IPv4 and MPLS over IPv4 tunneling driver
[    0.377415] NET: Registered PF_PACKET protocol family
[    0.377448] NET: Registered PF_KEY protocol family
[    0.377590] Key type dns_resolver registered
[    0.377813] ThumbEE CPU extension supported.
[    0.377831] Registering SWP/SWPB emulation handler
[    0.378375] omap_voltage_late_init: Voltage driver support not added
[    0.378720] SmartReflex Class3 initialized
[    0.422851] Loading compiled-in X.509 certificates
[    0.455513] /ocp/interconnect@44c00000/segment@200000/target-module@b000/i2c@0/tda19988@70: Fixed dependency cycle(s) with /ocp/interconnect@48000000/segment@300000/target-module@e000/lcdc@0
[    0.461997] /ocp/interconnect@44c00000/segment@200000/target-module@b000/i2c@0/tda19988@70: Fixed dependency cycle(s) with /ocp/interconnect@48000000/segment@300000/target-module@e000/lcdc@0
[    0.467463] gpiochip_find_base_unlocked: found new base at 512
[    0.501030] /ocp/interconnect@44c00000/segment@200000/target-module@b000/i2c@0/tda19988@70: Fixed dependency cycle(s) with /ocp/interconnect@48000000/segment@300000/target-module@e000/lcdc@0
[    0.502146] /ocp/interconnect@44c00000/segment@200000/target-module@b000/i2c@0/tda19988@70: Fixed dependency cycle(s) with /ocp/interconnect@48000000/segment@300000/target-module@e000/lcdc@0
[    0.505575] /ocp/interconnect@44c00000/segment@200000/target-module@10000/scm@0/pinmux@800: Fixed dependency cycle(s) with /ocp/interconnect@44c00000/segment@200000/target-module@10000/scm@0/pinmux@800/clkout2-pins
[    0.506169] pinctrl-single 44e10800.pinmux: 142 pins, size 568
[    0.511418] ti-sysc 44e31000.target-module: probe with driver ti-sysc failed with error -16
[    0.547878] /ocp/interconnect@48000000/segment@300000/target-module@e000/lcdc@0: Fixed dependency cycle(s) with /ocp/interconnect@44c00000/segment@200000/target-module@b000/i2c@0/tda19988@70
[    0.555991] ti-sysc 48040000.target-module: probe with driver ti-sysc failed with error -16
[    0.567084] gpiochip_find_base_unlocked: found new base at 512
[    0.567183] gpio gpiochip0: (gpio-0-31): created GPIO range 0->7 ==> 44e10800.pinmux PIN 0->7
[    0.567203] gpio gpiochip0: (gpio-0-31): created GPIO range 8->11 ==> 44e10800.pinmux PIN 90->93
[    0.567219] gpio gpiochip0: (gpio-0-31): created GPIO range 12->27 ==> 44e10800.pinmux PIN 12->27
[    0.567234] gpio gpiochip0: (gpio-0-31): created GPIO range 28->31 ==> 44e10800.pinmux PIN 30->33
[    0.601198] gpio gpiochip0: (gpio-0-31): added GPIO chardev (254:0)
[    0.601467] gpio gpiochip0: registered GPIOs 512 to 543 on gpio-0-31
[    0.601553] OMAP GPIO hardware version 0.1
[    0.628522] i2c i2c-2: using DT '/ocp/interconnect@48000000/segment@100000/target-module@9c000/i2c@0' for 'scl' GPIO lookup
[    0.628592] of_get_named_gpiod_flags: can't parse 'scl-gpios' property of node '/ocp/interconnect@48000000/segment@100000/target-module@9c000/i2c@0[0]'
[    0.628633] of_get_named_gpiod_flags: can't parse 'scl-gpio' property of node '/ocp/interconnect@48000000/segment@100000/target-module@9c000/i2c@0[0]'
[    0.628668] i2c i2c-2: using lookup tables for GPIO lookup
[    0.628678] i2c i2c-2: No GPIO consumer scl found
[    0.628699] i2c i2c-2: using DT '/ocp/interconnect@48000000/segment@100000/target-module@9c000/i2c@0' for 'sda' GPIO lookup
[    0.628733] of_get_named_gpiod_flags: can't parse 'sda-gpios' property of node '/ocp/interconnect@48000000/segment@100000/target-module@9c000/i2c@0[0]'
[    0.628769] of_get_named_gpiod_flags: can't parse 'sda-gpio' property of node '/ocp/interconnect@48000000/segment@100000/target-module@9c000/i2c@0[0]'
[    0.628799] i2c i2c-2: using lookup tables for GPIO lookup
[    0.628807] i2c i2c-2: No GPIO consumer sda found
[    0.629519] omap_i2c 4819c000.i2c: bus 2 rev0.11 at 100 kHz
[    0.635202] gpiochip_find_base_unlocked: found new base at 544
[    0.635303] gpio gpiochip1: (gpio-32-63): created GPIO range 0->17 ==> 44e10800.pinmux PIN 34->51
[    0.635323] gpio gpiochip1: (gpio-32-63): created GPIO range 18->21 ==> 44e10800.pinmux PIN 77->80
[    0.635339] gpio gpiochip1: (gpio-32-63): created GPIO range 22->31 ==> 44e10800.pinmux PIN 56->65
[    0.646329] gpio gpiochip1: (gpio-32-63): added GPIO chardev (254:1)
[    0.646476] gpio gpiochip1: registered GPIOs 544 to 575 on gpio-32-63
[    0.648669] gpiochip_find_base_unlocked: found new base at 576
[    0.648757] gpio gpiochip2: (gpio-64-95): created GPIO range 0->4 ==> 44e10800.pinmux PIN 66->70
[    0.648777] gpio gpiochip2: (gpio-64-95): created GPIO range 5->6 ==> 44e10800.pinmux PIN 98->99
[    0.648792] gpio gpiochip2: (gpio-64-95): created GPIO range 7->8 ==> 44e10800.pinmux PIN 75->76
[    0.648807] gpio gpiochip2: (gpio-64-95): created GPIO range 13->13 ==> 44e10800.pinmux PIN 141->141
[    0.648823] gpio gpiochip2: (gpio-64-95): created GPIO range 14->21 ==> 44e10800.pinmux PIN 100->107
[    0.649480] gpio gpiochip2: (gpio-64-95): added GPIO chardev (254:2)
[    0.649617] gpio gpiochip2: registered GPIOs 576 to 607 on gpio-64-95
[    0.655312] 48000000.interconnect:segment@200000:target-module@0:mpu@0:fck: device ID is greater than 24
[    0.656188] /ocp/interconnect@48000000/segment@300000/target-module@e000/lcdc@0: Fixed dependency cycle(s) with /ocp/interconnect@44c00000/segment@200000/target-module@b000/i2c@0/tda19988@70
[    0.658854] /ocp/interconnect@48000000/segment@300000/target-module@e000/lcdc@0: Fixed dependency cycle(s) with /ocp/interconnect@44c00000/segment@200000/target-module@b000/i2c@0/tda19988@70
[    0.659528] /ocp/interconnect@44c00000/segment@200000/target-module@b000/i2c@0/tda19988@70: Fixed dependency cycle(s) with /ocp/interconnect@48000000/segment@300000/target-module@e000/lcdc@0
[    0.659696] /ocp/interconnect@48000000/segment@300000/target-module@e000/lcdc@0: Fixed dependency cycle(s) with /ocp/interconnect@44c00000/segment@200000/target-module@b000/i2c@0/tda19988@70
[    0.669239] mdio_bus 4a101000.mdio: using DT '/ocp/interconnect@4a000000/segment@0/target-module@100000/switch@0/mdio@1000' for 'reset' GPIO lookup
[    0.669313] of_get_named_gpiod_flags: can't parse 'reset-gpios' property of node '/ocp/interconnect@4a000000/segment@0/target-module@100000/switch@0/mdio@1000[0]'
[    0.669358] of_get_named_gpiod_flags: can't parse 'reset-gpio' property of node '/ocp/interconnect@4a000000/segment@0/target-module@100000/switch@0/mdio@1000[0]'
[    0.669404] mdio_bus 4a101000.mdio: using lookup tables for GPIO lookup
[    0.669414] mdio_bus 4a101000.mdio: No GPIO consumer reset found
[    0.670305] sdhci-omap 481d8000.mmc: using DT '/ocp/interconnect@48000000/segment@100000/target-module@d8000/mmc@0' for 'wp' GPIO lookup
[    0.670363] of_get_named_gpiod_flags: can't parse 'wp-gpios' property of node '/ocp/interconnect@48000000/segment@100000/target-module@d8000/mmc@0[0]'
[    0.670404] of_get_named_gpiod_flags: can't parse 'wp-gpio' property of node '/ocp/interconnect@48000000/segment@100000/target-module@d8000/mmc@0[0]'
[    0.670438] sdhci-omap 481d8000.mmc: using lookup tables for GPIO lookup
[    0.670447] sdhci-omap 481d8000.mmc: No GPIO consumer wp found
[    0.670640] sdhci-omap 481d8000.mmc: supply pbias not found, using dummy regulator
[    0.671151] sdhci-omap 481d8000.mmc: supply vqmmc not found, using dummy regulator
[    0.716352] davinci_mdio 4a101000.mdio: davinci mdio revision 1.6, bus freq 1000000
[    0.737425] mdio_bus 4a101000.mdio:00: using DT '/ocp/interconnect@4a000000/segment@0/target-module@100000/switch@0/mdio@1000/ethernet-phy@0' for 'reset' GPIO lookup
[    0.737526] of_get_named_gpiod_flags: parsed 'reset-gpios' property of node '/ocp/interconnect@4a000000/segment@0/target-module@100000/switch@0/mdio@1000/ethernet-phy@0[0]' - status (0)
[    0.737690] gpio gpiochip0: Persistence not supported for GPIO 8
[    0.876366] davinci_mdio 4a101000.mdio: phy[0]: device 4a101000.mdio:00, driver SMSC LAN8710/LAN8720
[    0.877126] cpsw-switch 4a100000.switch: initialized cpsw ale version 1.4
[    0.877148] cpsw-switch 4a100000.switch: ALE Table size 1024, Policers 0
[    0.877299] cpsw-switch 4a100000.switch: cpts: overflow check period 500 (jiffies)
[    0.877315] cpsw-switch 4a100000.switch: CPTS: ref_clk_freq:250000000 calc_mult:2147483648 calc_shift:29 error:0 nsec/sec
[    0.877426] cpsw-switch 4a100000.switch: Detected MACID = 6c:ec:eb:68:de:78
[    0.879231] cpsw-switch 4a100000.switch: initialized (regs 0x4a100000, pool size 256) hw_ver:0019010C 1.12 (0)
[    0.890120] debugfs: Directory '49000000.dma' with parent 'dmaengine' already present!
[    0.890161] edma 49000000.dma: TI EDMA DMA engine driver
[    0.939298] target-module@4b000000:target-module@140000:pmu@0:fck: device ID is greater than 24
[    0.942542] hw perfevents: enabled with armv7_cortex_a8 PMU driver, 5 (8000000f) counters available
[    0.943422] gpio-clk clk_mcasp0: using DT '/clk_mcasp0' for 'enable' GPIO lookup
[    0.943493] of_get_named_gpiod_flags: parsed 'enable-gpios' property of node '/clk_mcasp0[0]' - status (0)
[    0.943536] gpio gpiochip0: Persistence not supported for GPIO 27
[    0.944339] gpiochip_find_base_unlocked: found new base at 608
[    0.944445] gpio gpiochip3: (gpio-96-127): created GPIO range 0->7 ==> 44e10800.pinmux PIN 82->89
[    0.944470] gpio gpiochip3: (gpio-96-127): created GPIO range 8->11 ==> 44e10800.pinmux PIN 52->55
[    0.944487] gpio gpiochip3: (gpio-96-127): created GPIO range 12->15 ==> 44e10800.pinmux PIN 94->97
[    0.944503] gpio gpiochip3: (gpio-96-127): created GPIO range 16->17 ==> 44e10800.pinmux PIN 71->72
[    0.944519] gpio gpiochip3: (gpio-96-127): created GPIO range 18->18 ==> 44e10800.pinmux PIN 135->135
[    0.944535] gpio gpiochip3: (gpio-96-127): created GPIO range 19->20 ==> 44e10800.pinmux PIN 108->109
[    0.944552] gpio gpiochip3: (gpio-96-127): created GPIO range 21->21 ==> 44e10800.pinmux PIN 73->73
[    0.944569] gpio gpiochip3: (gpio-96-127): created GPIO range 22->23 ==> 44e10800.pinmux PIN 8->9
[    0.944586] gpio gpiochip3: (gpio-96-127): created GPIO range 26->27 ==> 44e10800.pinmux PIN 10->11
[    0.944603] gpio gpiochip3: (gpio-96-127): created GPIO range 28->28 ==> 44e10800.pinmux PIN 74->74
[    0.944638] gpio gpiochip3: (gpio-96-127): created GPIO range 29->29 ==> 44e10800.pinmux PIN 81->81
[    0.944657] gpio gpiochip3: (gpio-96-127): created GPIO range 30->31 ==> 44e10800.pinmux PIN 28->29
[    0.951077] l3-aon-clkctrl:0000:0: failed to disable
[    0.952435] gpio gpiochip3: (gpio-96-127): added GPIO chardev (254:3)
[    0.952601] gpio gpiochip3: registered GPIOs 608 to 639 on gpio-96-127
[    0.965373] omap8250 44e09000.serial: using DT '/ocp/interconnect@44c00000/segment@200000/target-module@9000/serial@0' for 'rs485-term' GPIO lookup
[    0.965446] of_get_named_gpiod_flags: can't parse 'rs485-term-gpios' property of node '/ocp/interconnect@44c00000/segment@200000/target-module@9000/serial@0[0]'
[    0.965490] of_get_named_gpiod_flags: can't parse 'rs485-term-gpio' property of node '/ocp/interconnect@44c00000/segment@200000/target-module@9000/serial@0[0]'
[    0.965526] omap8250 44e09000.serial: using lookup tables for GPIO lookup
[    0.965536] omap8250 44e09000.serial: No GPIO consumer rs485-term found
[    0.965546] omap8250 44e09000.serial: using DT '/ocp/interconnect@44c00000/segment@200000/target-module@9000/serial@0' for 'rs485-rx-during-tx' GPIO lookup
[    0.965580] of_get_named_gpiod_flags: can't parse 'rs485-rx-during-tx-gpios' property of node '/ocp/interconnect@44c00000/segment@200000/target-module@9000/serial@0[0]'
[    0.965616] of_get_named_gpiod_flags: can't parse 'rs485-rx-during-tx-gpio' property of node '/ocp/interconnect@44c00000/segment@200000/target-module@9000/serial@0[0]'
[    0.965647] omap8250 44e09000.serial: using lookup tables for GPIO lookup
[    0.965655] omap8250 44e09000.serial: No GPIO consumer rs485-rx-during-tx found
[    0.966026] 44e09000.serial: ttyS0 at MMIO 0x44e09000 (irq = 34, base_baud = 3000000) is a 8250
[    0.966112] printk: legacy console [ttyS0] enabled
[    2.407057] i2c i2c-0: using DT '/ocp/interconnect@44c00000/segment@200000/target-module@b000/i2c@0' for 'scl' GPIO lookup
[    2.407145] of_get_named_gpiod_flags: can't parse 'scl-gpios' property of node '/ocp/interconnect@44c00000/segment@200000/target-module@b000/i2c@0[0]'
[    2.407190] of_get_named_gpiod_flags: can't parse 'scl-gpio' property of node '/ocp/interconnect@44c00000/segment@200000/target-module@b000/i2c@0[0]'
[    2.407230] i2c i2c-0: using lookup tables for GPIO lookup
[    2.407243] i2c i2c-0: No GPIO consumer scl found
[    2.407269] i2c i2c-0: using DT '/ocp/interconnect@44c00000/segment@200000/target-module@b000/i2c@0' for 'sda' GPIO lookup
[    2.407308] of_get_named_gpiod_flags: can't parse 'sda-gpios' property of node '/ocp/interconnect@44c00000/segment@200000/target-module@b000/i2c@0[0]'
[    2.407349] of_get_named_gpiod_flags: can't parse 'sda-gpio' property of node '/ocp/interconnect@44c00000/segment@200000/target-module@b000/i2c@0[0]'
[    2.407384] i2c i2c-0: using lookup tables for GPIO lookup
[    2.407395] i2c i2c-0: No GPIO consumer sda found
[    2.422233] tps65217-pmic: Failed to locate of_node [id: -1]
[    2.428295] tps65217-bl: Failed to locate of_node [id: -1]
[    2.439510] tps65217 0-0024: TPS65217 ID 0xe version 1.2
[    2.445634] /ocp/interconnect@48000000/segment@300000/target-module@e000/lcdc@0: Fixed dependency cycle(s) with /ocp/interconnect@44c00000/segment@200000/target-module@b000/i2c@0/tda19988@70
[    2.462996] /ocp/interconnect@44c00000/segment@200000/target-module@b000/i2c@0/tda19988@70: Fixed dependency cycle(s) with /ocp/interconnect@48000000/segment@300000/target-module@e000/lcdc@0
[    2.480361] omap_i2c 44e0b000.i2c: bus 0 rev0.11 at 400 kHz
[    2.488146] sdhci-omap 48060000.mmc: using DT '/ocp/interconnect@48000000/segment@0/target-module@60000/mmc@0' for 'cd' GPIO lookup
[    2.488252] of_get_named_gpiod_flags: parsed 'cd-gpios' property of node '/ocp/interconnect@48000000/segment@0/target-module@60000/mmc@0[0]' - status (0)
[    2.488316] gpio gpiochip3: Persistence not supported for GPIO 6
[    2.488350] omap_gpio 44e07000.gpio: Could not set line 6 debounce to 200000 microseconds (-22)
[    2.497232] sdhci-omap 48060000.mmc: Got CD GPIO
[    2.501911] sdhci-omap 48060000.mmc: using DT '/ocp/interconnect@48000000/segment@0/target-module@60000/mmc@0' for 'wp' GPIO lookup
[    2.501963] of_get_named_gpiod_flags: can't parse 'wp-gpios' property of node '/ocp/interconnect@48000000/segment@0/target-module@60000/mmc@0[0]'
[    2.502009] of_get_named_gpiod_flags: can't parse 'wp-gpio' property of node '/ocp/interconnect@48000000/segment@0/target-module@60000/mmc@0[0]'
[    2.502048] sdhci-omap 48060000.mmc: using lookup tables for GPIO lookup
[    2.502061] sdhci-omap 48060000.mmc: No GPIO consumer wp found
[    2.502269] sdhci-omap 48060000.mmc: supply pbias not found, using dummy regulator
[    2.510969] sdhci-omap 481d8000.mmc: using DT '/ocp/interconnect@48000000/segment@100000/target-module@d8000/mmc@0' for 'wp' GPIO lookup
[    2.511040] of_get_named_gpiod_flags: can't parse 'wp-gpios' property of node '/ocp/interconnect@48000000/segment@100000/target-module@d8000/mmc@0[0]'
[    2.511087] of_get_named_gpiod_flags: can't parse 'wp-gpio' property of node '/ocp/interconnect@48000000/segment@100000/target-module@d8000/mmc@0[0]'
[    2.511125] sdhci-omap 481d8000.mmc: using lookup tables for GPIO lookup
[    2.511138] sdhci-omap 481d8000.mmc: No GPIO consumer wp found
[    2.512253] sdhci-omap 48060000.mmc: supply vqmmc not found, using dummy regulator
[    2.520827] sdhci-omap 481d8000.mmc: supply pbias not found, using dummy regulator
[    2.529388] sdhci-omap 481d8000.mmc: supply vqmmc not found, using dummy regulator
