Labgrid Console Logfile for main
Logfile started at 2024-11-04 08:40:42.921786
=== Log starts here ===
reading args
spl_load_image_fat_os: error reading image args, err - -1
reading u-boot.img
reading u-boot.img


U-Boot 2014.04-00014-g47880f5 (Apr 22 2014 - 13:23:54)

I2C:   ready
DRAM:  512 MiB
NAND:  0 MiB
MMC:   OMAP SD/MMC: 0, OMAP SD/MMC: 1
*** Warning - readenv() failed, using default environment

Net:   <ethaddr> not set. Validating first E-fuse MAC
cpsw, usb_ether
Hit any key to stop autoboot:  1  0 
gpio: pin 53 (gpio 53) value is 1
mmc0 is current device
gpio: pin 54 (gpio 54) value is 1
SD/MMC found on device 0
reading uEnv.txt
569 bytes read in 3 ms (184.6 KiB/s)
gpio: pin 55 (gpio 55) value is 1
Loaded environment from uEnv.txt
Importing environment from mmc ...
Checking if uenvcmd is set ...
gpio: pin 56 (gpio 56) value is 1
Running uenvcmd ...
cpsw Waiting for PHY auto negotiation to complete. done
link up on port 0, speed 100, full duplex
Using cpsw device
TFTP from server 192.168.255.126; our IP address is 192.168.255.1
Filename 'zImage'.
Load address: 0x81000000
Loading: *#################################################################
	 #################################################################
	 #################################################################
	 #################################################################
	 #################################################################
	 ####################################################
	 2.4 MiB/s
done
Bytes transferred = 5531656 (546808 hex)
link up on port 0, speed 100, full duplex
Using cpsw device
TFTP from server 192.168.255.126; our IP address is 192.168.255.1
Filename 'am335x-boneblack.dtb'.
Load address: 0x82000000
Loading: *#######
	 2.2 MiB/s
done
Bytes transferred = 98244 (17fc4 hex)
Kernel image @ 0x81000000 [ 0x000000 - 0x546808 ]
## Flattened Device Tree blob at 82000000
   Booting using the fdt blob at 0x82000000
   Using Device Tree in place at 82000000, end 8201afc3

Starting kernel ...

[    0.000000] Booting Linux on physical CPU 0x0
[    0.000000] Linux version 6.12.0-rc5-next-20241104 (user01@drvtest01) (arm-linux-gnueabihf-gcc (Linaro GCC 6.4-2017.11) 6.4.1 20171012, GNU ld (Linaro_Binutils-2017.11) 2.27.0.20161229) #129 SMP Mon Nov  4 08:38:21 EET 2024
[    0.000000] CPU: ARMv7 Processor [413fc082] revision 2 (ARMv7), cr=10c5387d
[    0.000000] CPU: PIPT / VIPT nonaliasing data cache, VIPT aliasing instruction cache
[    0.000000] OF: fdt: Machine model: TI AM335x BeagleBone Black
[    0.000000] Memory policy: Data cache writeback
[    0.000000] cma: Reserved 16 MiB at 0x9e800000 on node -1
[    0.000000] Zone ranges:
[    0.000000]   Normal   [mem 0x0000000080000000-0x000000009fdfffff]
[    0.000000]   HighMem  empty
[    0.000000] Movable zone start for each node
[    0.000000] Early memory node ranges
[    0.000000]   node   0: [mem 0x0000000080000000-0x000000009fdfffff]
[    0.000000] Initmem setup node 0 [mem 0x0000000080000000-0x000000009fdfffff]
[    0.000000] OF: reserved mem: Reserved memory: No reserved-memory node in the DT
[    0.000000] CPU: All CPU(s) started in SVC mode.
[    0.000000] AM335X ES2.1 (sgx neon)
[    0.000000] percpu: Embedded 17 pages/cpu s39564 r8192 d21876 u69632
[    0.000000] Kernel command line: console=ttyO0,115200n8 root=/dev/nfs rw nfsroot=192.168.255.126:/home/user01/nfs,nfsvers=3 ip=192.168.255.1:192.168.255.126::255.255.255.0:bbb1:eth0 nfsrootdebug
[    0.000000] Unknown kernel command line parameters "nfsrootdebug", will be passed to user space.
[    0.000000] printk: log buffer data + meta data: 65536 + 204800 = 270336 bytes
[    0.000000] Dentry cache hash table entries: 65536 (order: 6, 262144 bytes, linear)
[    0.000000] Inode-cache hash table entries: 32768 (order: 5, 131072 bytes, linear)
[    0.000000] Built 1 zonelists, mobility grouping on.  Total pages: 130560
[    0.000000] mem auto-init: stack:off, heap alloc:off, heap free:off
[    0.000000] SLUB: HWalign=64, Order=0-3, MinObjects=0, CPUs=1, Nodes=1
[    0.000000] trace event string verifier disabled
[    0.000000] rcu: Hierarchical RCU implementation.
[    0.000000] rcu: 	RCU event tracing is enabled.
[    0.000000] rcu: 	RCU restricting CPUs from NR_CPUS=2 to nr_cpu_ids=1.
[    0.000000] 	Tracing variant of Tasks RCU enabled.
[    0.000000] rcu: RCU calculated value of scheduler-enlistment delay is 10 jiffies.
[    0.000000] rcu: Adjusting geometry for rcu_fanout_leaf=16, nr_cpu_ids=1
[    0.000000] RCU Tasks Trace: Setting shift to 0 and lim to 1 rcu_task_cb_adjust=1 rcu_task_cpu_ids=1.
[    0.000000] NR_IRQS: 16, nr_irqs: 16, preallocated irqs: 16
[    0.000000] IRQ: Found an INTC at 0x(ptrval) (revision 5.0) with 128 interrupts
[    0.000000] rcu: srcu_init: Setting srcu_struct sizes based on contention.
[    0.000000] TI gptimer clocksource: always-on /ocp/interconnect@44c00000/segment@200000/target-module@31000
[    0.000003] sched_clock: 32 bits at 24MHz, resolution 41ns, wraps every 89478484971ns
[    0.000026] clocksource: dmtimer: mask: 0xffffffff max_cycles: 0xffffffff, max_idle_ns: 79635851949 ns
[    0.000500] TI gptimer clockevent: 24000000 Hz at /ocp/interconnect@48000000/segment@0/target-module@40000
[    0.002127] Console: colour dummy device 80x30
[    0.002195] WARNING: Your 'console=ttyO0' has been replaced by 'ttyS0'
[    0.002203] This ensures that you still see kernel messages. Please
[    0.002208] update your kernel commandline.
[    0.002252] Calibrating delay loop... 996.14 BogoMIPS (lpj=4980736)
[    0.090550] CPU: Testing write buffer coherency: ok
[    0.090653] CPU0: Spectre v2: using BPIALL workaround
[    0.090664] pid_max: default: 32768 minimum: 301
[    0.090792] LSM: initializing lsm=capability
[    0.090969] Mount-cache hash table entries: 1024 (order: 0, 4096 bytes, linear)
[    0.090990] Mountpoint-cache hash table entries: 1024 (order: 0, 4096 bytes, linear)
[    0.092633] CPU0: thread -1, cpu 0, socket -1, mpidr 0
[    0.160928] Setting up static identity map for 0x80100000 - 0x80100078
[    0.170706] rcu: Hierarchical SRCU implementation.
[    0.170719] rcu: 	Max phase no-delay instances is 1000.
[    0.190761] smp: Bringing up secondary CPUs ...
[    0.190819] smp: Brought up 1 node, 1 CPU
[    0.190832] SMP: Total of 1 processors activated (996.14 BogoMIPS).
[    0.190844] CPU: All CPU(s) started in SVC mode.
[    0.191039] Memory: 480864K/522240K available (11264K kernel code, 1213K rwdata, 2892K rodata, 1024K init, 297K bss, 23364K reserved, 16384K cma-reserved, 0K highmem)
[    0.191902] devtmpfs: initialized
[    0.209636] VFP support v0.3: implementor 41 architecture 3 part 30 variant c rev 3
[    0.209997] clocksource: jiffies: mask: 0xffffffff max_cycles: 0xffffffff, max_idle_ns: 19112604462750000 ns
[    0.210029] futex hash table entries: 256 (order: 2, 16384 bytes, linear)
[    0.211566] pinctrl core: initialized pinctrl subsystem
[    0.214421] NET: Registered PF_NETLINK/PF_ROUTE protocol family
[    0.217249] DMA: preallocated 256 KiB pool for atomic coherent allocations
[    0.218203] audit: initializing netlink subsys (disabled)
[    0.219643] thermal_sys: Registered thermal governor 'fair_share'
[    0.219661] thermal_sys: Registered thermal governor 'step_wise'
[    0.219670] thermal_sys: Registered thermal governor 'user_space'
[    0.219822] audit: type=2000 audit(0.210:1): state=initialized audit_enabled=0 res=1
[    0.219859] cpuidle: using governor menu
[    0.238981] No ATAGs?
[    0.239007] hw-breakpoint: debug architecture 0x4 unsupported.
[    0.241885] kprobes: kprobe jump-optimization is enabled. All kprobes are optimized if possible.
[    0.254031] iommu: Default domain type: Translated
[    0.254055] iommu: DMA domain TLB invalidation policy: strict mode
[    0.261693] SCSI subsystem initialized
[    0.262565] pps_core: LinuxPPS API ver. 1 registered
[    0.262576] pps_core: Software ver. 5.3.6 - Copyright 2005-2007 Rodolfo Giometti <giometti@linux.it>
[    0.262600] PTP clock support registered
[    0.270991] vgaarb: loaded
[    0.271398] clocksource: Switched to clocksource dmtimer
[    0.272091] VFS: Disk quotas dquot_6.6.0
[    0.272138] VFS: Dquot-cache hash table entries: 1024 (order 0, 4096 bytes)
[    0.297399] NET: Registered PF_INET protocol family
[    0.297756] IP idents hash table entries: 8192 (order: 4, 65536 bytes, linear)
[    0.299168] tcp_listen_portaddr_hash hash table entries: 512 (order: 0, 4096 bytes, linear)
[    0.299204] Table-perturb hash table entries: 65536 (order: 6, 262144 bytes, linear)
[    0.299225] TCP established hash table entries: 4096 (order: 2, 16384 bytes, linear)
[    0.299269] TCP bind hash table entries: 4096 (order: 4, 65536 bytes, linear)
[    0.299369] TCP: Hash tables configured (established 4096 bind 4096)
[    0.299487] UDP hash table entries: 256 (order: 1, 8192 bytes, linear)
[    0.299515] UDP-Lite hash table entries: 256 (order: 1, 8192 bytes, linear)
[    0.299693] NET: Registered PF_UNIX/PF_LOCAL protocol family
[    0.312731] RPC: Registered named UNIX socket transport module.
[    0.312755] RPC: Registered udp transport module.
[    0.312761] RPC: Registered tcp transport module.
[    0.312766] RPC: Registered tcp-with-tls transport module.
[    0.312772] RPC: Registered tcp NFSv4.1 backchannel transport module.
[    0.312796] PCI: CLS 0 bytes, default 64
[    0.314305] Initialise system trusted keyrings
[    0.315102] workingset: timestamp_bits=14 max_order=17 bucket_order=3
[    0.316759] NFS: Registering the id_resolver key type
[    0.316836] Key type id_resolver registered
[    0.316844] Key type id_legacy registered
[    0.316895] jffs2: version 2.2. (NAND) (SUMMARY)  Â© 2001-2006 Red Hat, Inc.
[    0.317313] Key type asymmetric registered
[    0.317327] Asymmetric key parser 'x509' registered
[    0.317392] io scheduler mq-deadline registered
[    0.317404] io scheduler kyber registered
[    0.317473] io scheduler bfq registered
[    0.319113] ledtrig-cpu: registered to indicate activity on CPUs
[    0.331949] Serial: 8250/16550 driver, 6 ports, IRQ sharing enabled
[    0.386523] brd: module loaded
[    0.395472] loop: module loaded
[    0.396420] mtdoops: mtd device (mtddev=name/number) must be supplied
[    0.399648] i2c_dev: i2c /dev entries driver
[    0.400630] cpuidle: enable-method property 'ti,am3352' found operations
[    0.401083] sdhci: Secure Digital Host Controller Interface driver
[    0.401092] sdhci: Copyright(c) Pierre Ossman
[    0.401271] sdhci-pltfm: SDHCI platform and OF driver helper
[    0.402522] Initializing XFRM netlink socket
[    0.402672] NET: Registered PF_INET6 protocol family
[    0.420397] Segment Routing with IPv6
[    0.420486] In-situ OAM (IOAM) with IPv6
[    0.420586] sit: IPv6, IPv4 and MPLS over IPv4 tunneling driver
[    0.421738] NET: Registered PF_PACKET protocol family
[    0.421782] NET: Registered PF_KEY protocol family
[    0.421915] Key type dns_resolver registered
[    0.422197] ThumbEE CPU extension supported.
[    0.422218] Registering SWP/SWPB emulation handler
[    0.422748] omap_voltage_late_init: Voltage driver support not added
[    0.423105] SmartReflex Class3 initialized
[    0.441945] Loading compiled-in X.509 certificates
[    0.539822] platform 44e10800.pinmux: Fixed dependency cycle(s) with /ocp/interconnect@44c00000/segment@200000/target-module@10000/scm@0/pinmux@800/clkout2-pins
[    0.540461] pinctrl-single 44e10800.pinmux: 142 pins, size 568
[    0.545814] ti-sysc 44e31000.target-module: probe with driver ti-sysc failed with error -16
[    0.570533] ti-sysc 48040000.target-module: probe with driver ti-sysc failed with error -16
[    0.609179] OMAP GPIO hardware version 0.1
[    0.636882] omap_i2c 4819c000.i2c: bus 2 rev0.11 at 100 kHz
[    0.662642] 48000000.interconnect:segment@200000:target-module@0:mpu@0:fck: device ID is greater than 24
[    0.666810] platform 4830e000.lcdc: Fixed dependency cycle(s) with /ocp/interconnect@44c00000/segment@200000/target-module@b000/i2c@0/tda19988@70
[    0.677897] sdhci-omap 481d8000.mmc: supply pbias not found, using dummy regulator
[    0.678404] sdhci-omap 481d8000.mmc: supply vqmmc not found, using dummy regulator
[    0.739505] davinci_mdio 4a101000.mdio: davinci mdio revision 1.6, bus freq 1000000
[    0.887050] davinci_mdio 4a101000.mdio: phy[0]: device 4a101000.mdio:00, driver SMSC LAN8710/LAN8720
[    0.887841] cpsw-switch 4a100000.switch: initialized cpsw ale version 1.4
[    0.887865] cpsw-switch 4a100000.switch: ALE Table size 1024, Policers 0
[    0.888186] cpsw-switch 4a100000.switch: cpts: overflow check period 500 (jiffies)
[    0.888208] cpsw-switch 4a100000.switch: CPTS: ref_clk_freq:250000000 calc_mult:2147483648 calc_shift:29 error:0 nsec/sec
[    0.888318] cpsw-switch 4a100000.switch: Detected MACID = 6c:ec:eb:68:de:78
[    0.890185] cpsw-switch 4a100000.switch: initialized (regs 0x4a100000, pool size 256) hw_ver:0019010C 1.12 (0)
[    0.901525] debugfs: Directory '49000000.dma' with parent 'dmaengine' already present!
[    0.901569] edma 49000000.dma: TI EDMA DMA engine driver
[    0.934376] target-module@4b000000:target-module@140000:pmu@0:fck: device ID is greater than 24
[    0.955759] hw perfevents: enabled with armv7_cortex_a8 PMU driver, 5 (8000000f) counters available
[    0.963436] l3-aon-clkctrl:0000:0: failed to disable
[    0.978156] 44e09000.serial: ttyS0 at MMIO 0x44e09000 (irq = 34, base_baud = 3000000) is a 8250
[    0.978242] printk: legacy console [ttyS0] enabled
[    2.312408] tps65217-pmic: Failed to locate of_node [id: -1]
[    2.318480] tps65217-bl: Failed to locate of_node [id: -1]
[    2.329858] tps65217 0-0024: TPS65217 ID 0xe version 1.2
[    2.336008] platform 4830e000.lcdc: Fixed dependency cycle(s) with /ocp/interconnect@44c00000/segment@200000/target-module@b000/i2c@0/tda19988@70
[    2.349447] i2c 0-0070: Fixed dependency cycle(s) with /ocp/interconnect@48000000/segment@300000/target-module@e000/lcdc@0
[    2.360850] omap_i2c 44e0b000.i2c: bus 0 rev0.11 at 400 kHz
[    2.368682] omap_gpio 44e07000.gpio: Could not set line 6 debounce to 200000 microseconds (-22)
[    2.377569] sdhci-omap 48060000.mmc: Got CD GPIO
[    2.382631] sdhci-omap 48060000.mmc: supply pbias not found, using dummy regulator
[    2.393005] sdhci-omap 48060000.mmc: supply vqmmc not found, using dummy regulator
[    2.402067] sdhci-omap 481d8000.mmc: supply pbias not found, using dummy regulator
[    2.410047] sdhci-omap 481d8000.mmc: supply vqmmc not found, using dummy regulator
[    2.445392] mmc0: SDHCI controller on 48060000.mmc [48060000.mmc] using External DMA
[    2.453731] mmc1: SDHCI controller on 481d8000.mmc [481d8000.mmc] using External DMA
[    2.462491] cpsw-switch 4a100000.switch: starting ndev. mode: dual_mac
[    2.512332] mmc0: new high speed SDHC card at address 5048
[    2.519391] mmcblk0: mmc0:5048 SD16G 14.4 GiB
[    2.527734]  mmcblk0: p1 p2
[    2.531159] mmcblk0: p2 size 31221760 extends beyond EOD, truncated
[    2.542705] SMSC LAN8710/LAN8720 4a101000.mdio:00: attached PHY driver (mii_bus:phy_addr=4a101000.mdio:00, irq=POLL)
[    2.560646] mmc1: new high speed MMC card at address 0001
[    2.567688] mmcblk1: mmc1:0001 MMC04G 3.60 GiB
[    2.575257]  mmcblk1: p1 p2
[    2.579654] mmcblk1boot0: mmc1:0001 MMC04G 2.00 MiB
[    2.586802] mmcblk1boot1: mmc1:0001 MMC04G 2.00 MiB
[    2.594252] mmcblk1rpmb: mmc1:0001 MMC04G 128 KiB, chardev (250:0)
[    5.682176] cpsw-switch 4a100000.switch eth0: Link is Up - 100Mbps/Full - flow control off
[    5.711415] IP-Config: Complete:
[    5.714690]      device=eth0, hwaddr=6c:ec:eb:68:de:78, ipaddr=192.168.255.1, mask=255.255.255.0, gw=255.255.255.255
[    5.725329]      host=bbb1, domain=, nis-domain=(none)
[    5.730498]      bootserver=192.168.255.126, rootserver=192.168.255.126, rootpath=
[    5.730941] clk: Disabling unused clocks
[    5.742816] PM: genpd: Disabling unused power domains
[    5.747939] KTAP version 1
[    5.750661] 1..0
[    5.776128] VFS: Mounted root (nfs filesystem) on device 0:17.
[    5.783264] devtmpfs: mounted
[    5.787931] Freeing unused kernel image (initmem) memory: 1024K
[    5.794833] Run /sbin/init as init process
[    6.502407] systemd[1]: System time before build time, advancing clock.
[    7.991422] random: crng init done
[    8.031817] systemd[1]: systemd 232 running in system mode. (+PAM +AUDIT +SELINUX +IMA +APPARMOR +SMACK +SYSVINIT +UTMP +LIBCRYPTSETUP +GCRYPT +GNUTLS +ACL +XZ +LZ4 +SECCOMP +BLKID +ELFUTILS +KMOD +IDN)
[    8.050774] systemd[1]: Detected architecture arm.

Welcome to [1mDebian GNU/Linux 9 (stretch)[0m!

[    8.084658] systemd[1]: Set hostname to <arm>.
[    9.207436] systemd[1]: Started Dispatch Password Requests to Console Directory Watch.
[[0;32m  OK  [0m] Started Dispatch Password Requests to Console Directory Watch.
[    9.242014] systemd[1]: Reached target Remote File Systems.
[[0;32m  OK  [0m] Reached target Remote File Systems.
[    9.272228] systemd[1]: Started Forward Password Requests to Wall Directory Watch.
[[0;32m  OK  [0m] Started Forward Password Requests to Wall Directory Watch.
[    9.302033] systemd[1]: Listening on udev Kernel Socket.
[[0;32m  OK  [0m] Listening on udev Kernel Socket.
[    9.331754] systemd[1]: Reached target Paths.
[[0;32m  OK  [0m] Reached target Paths.
[    9.353379] systemd[1]: Listening on Syslog Socket.
[[0;32m  OK  [0m] Listening on Syslog Socket.
[    9.383311] systemd[1]: Listening on /dev/initctl Compatibility Named Pipe.
[[0;32m  OK  [0m] Listening on /dev/initctl Compatibility Named Pipe.
[[0;32m  OK  [0m] Reached target Swap.
[[0;32m  OK  [0m] Listening on Journal Socket.
[[0;32m  OK  [0m] Set up automount Arbitrary Executabâ€¦rmats File System Automount Point.
[[0;32m  OK  [0m] Created slice User and Session Slice.
[[0;32m  OK  [0m] Reached target Encrypted Volumes.
[[0;32m  OK  [0m] Listening on Journal Socket (/dev/log).
[[0;32m  OK  [0m] Listening on Journal Audit Socket.
[[0;32m  OK  [0m] Listening on udev Control Socket.
[[0;32m  OK  [0m] Created slice System Slice.
         Starting Journal Service...
         Starting Remount Root and Kernel File Systems...
[[0;32m  OK  [0m] Created slice system-getty.slice.
         Starting Create list of required stâ€¦ce nodes for the current kernel...
[[0;32m  OK  [0m] Created slice system-serial\x2dgetty.slice.
[[0;32m  OK  [0m] Reached target Slices.
         Starting Load Kernel Modules...
         Mounting Debug File System...
         Mounting POSIX Message Queue File System...
[[0;32m  OK  [0m] Started Remount Root and Kernel File Systems.
[[0;32m  OK  [0m] Started Create list of required staâ€¦vice nodes for the current kernel.
         Starting Create Static Device Nodes in /dev...
         Starting Load/Save Random Seed...
         Starting udev Coldplug all Devices...
[[0;32m  OK  [0m] Mounted POSIX Message Queue File System.
[[0;32m  OK  [0m] Mounted Debug File System.
[[0;32m  OK  [0m] Started Load Kernel Modules.
         Mounting Configuration File System...
         Starting Apply Kernel Variables...
[[0;32m  OK  [0m] Started Load/Save Random Seed.
[[0;32m  OK  [0m] Mounted Configuration File System.
[[0;32m  OK  [0m] Started Apply Kernel Variables.
[[0;32m  OK  [0m] Started Journal Service.
         Starting Flush Journal to Persistent Storage...
[[0;32m  OK  [0m] Started Create Static Device Nodes in /dev.
[[0;32m  OK  [0m] Reached target Local File Systems (Pre).
[[0;32m  OK  [0m] Reached target Local File Systems.
         Starting Raise network interfaces...
         Starting udev Kernel Device Manager...
[   11.571257] systemd-journald[80]: Received request to flush runtime journal from PID 1
[[0;32m  OK  [0m] Started Flush Journal to Persistent Storage.
         Starting Create Volatile Files and Directories...
[[0;32m  OK  [0m] Started udev Kernel Device Manager.
[[0;32m  OK  [0m] Started Create Volatile Files and Directories.
         Starting Update UTMP about System Boot/Shutdown...
         Starting Network Time Synchronization...
[[0;32m  OK  [0m] Started Update UTMP about System Boot/Shutdown.
[[0;32m  OK  [0m] Started udev Coldplug all Devices.
[[0;32m  OK  [0m] Started Network Time Synchronization.
[[0;32m  OK  [0m] Reached target System Initialization.
[[0;32m  OK  [0m] Started Daily Cleanup of Temporary Directories.
[[0;32m  OK  [0m] Listening on D-Bus System Message Bus Socket.
[[0;32m  OK  [0m] Listening on Avahi mDNS/DNS-SD Stack Activation Socket.
[[0;32m  OK  [0m] Reached target Sockets.
[[0;32m  OK  [0m] Reached target Basic System.
         Starting DUN service...
[   14.948208] remoteproc remoteproc0: wkup_m3 is available
         Starting LSB: Start busybox udhcpd at boot time...
[[0;32m  OK  [0m] Started D-Bus System Message Bus.
[   15.203201] omap_rtc 44e3e000.rtc: registered as rtc0
[   15.208417] omap_rtc 44e3e000.rtc: setting system clock to 2000-01-01T00:00:00 UTC (946684800)
[   15.551036] omap_wdt: OMAP Watchdog Timer Rev 0x01: initial timeout 60 sec
[   15.775094] at24 2-0054: supply vcc not found, using dummy regulator
[   15.816836] am335x-phy-driver 47401300.usb-phy: dummy supplies not allowed for exclusive requests (id=vbus)
[   15.871891] tps6521x_pwrbutton tps65217-pwrbutton: DMA mask not set
[   15.942636] usbcore: registered new interface driver usbfs
[   15.948493] usbcore: registered new interface driver hub
[   15.954131] usbcore: registered new device driver usb
[   15.991100] at24 2-0055: supply vcc not found, using dummy regulator
[   16.014486] input: tps65217_pwrbutton as /devices/platform/ocp/44c00000.interconnect/44c00000.interconnect:segment@200000/44e0b000.target-module/44e0b000.i2c/i2c-0/0-0024/tps65217-pwrbutton/input/input0
[   16.036340] am335x-phy-driver 47401b00.usb-phy: dummy supplies not allowed for exclusive requests (id=vbus)
[   16.145337] at24 2-0056: supply vcc not found, using dummy regulator
[   16.242308] at24 2-0057: supply vcc not found, using dummy regulator
[   16.372702] at24 0-0050: 32768 byte 24c256 EEPROM, writable, 1 bytes/write
[   16.410410] wkup_m3_ipc 44e11324.wkup_m3_ipc: IPC Request for A8->M3 Channel failed! -517
[   16.881353] wkup_m3_ipc 44e11324.wkup_m3_ipc: IPC Request for A8->M3 Channel failed! -517
[   16.991712] musb-hdrc musb-hdrc.1: MUSB HDRC host driver
[   16.997150] musb-hdrc musb-hdrc.1: new USB bus registered, assigned bus number 1
[   17.024944] wkup_m3_ipc 44e11324.wkup_m3_ipc: IPC Request for A8->M3 Channel failed! -517
[   17.198355] usb usb1: New USB device found, idVendor=1d6b, idProduct=0002, bcdDevice= 6.12
[   17.206907] usb usb1: New USB device strings: Mfr=3, Product=2, SerialNumber=1
[   17.214248] usb usb1: Product: MUSB HDRC host driver
[   17.219246] usb usb1: Manufacturer: Linux 6.12.0-rc5-next-20241104 musb-hcd
[   17.226282] usb usb1: SerialNumber: musb-hdrc.1
[   17.556236] tda998x 0-0070: found TDA19988
[   17.572182] hub 1-0:1.0: USB hub found
[   17.628556] hub 1-0:1.0: 1 port detected
[   17.661248] wkup_m3_ipc 44e11324.wkup_m3_ipc: IPC Request for A8->M3 Channel failed! -517
[   17.792641] wkup_m3_ipc 44e11324.wkup_m3_ipc: IPC Request for A8->M3 Channel failed! -517
[   17.856742] omap-mailbox 480c8000.mailbox: omap mailbox rev 0x400
[   17.967120] remoteproc remoteproc0: powering up wkup_m3
[   18.096108] remoteproc remoteproc0: Direct firmware load for am335x-pm-firmware.elf failed with error -2
[   18.105957] remoteproc remoteproc0: request_firmware failed: -2
[   18.112023] wkup_m3_ipc 44e11324.wkup_m3_ipc: rproc_boot failed
[[0;32m  OK  [0m] Started DUN service.
[   19.694129] tilcdc 4830e000.lcdc: bound 0-0070 (ops tda998x_driver_exit [tda998x])
[   19.750037] omap_rng 48310000.rng: Random Number Generator ver. 20
         Starting Connection service...
[   19.810513] [drm] Initialized tilcdc 1.0.0 for 4830e000.lcdc on minor 0
         Starting Cape Manager Service...
[   19.909057] tilcdc 4830e000.lcdc: [drm] Cannot find any crtc or sizes
[   19.936774] tilcdc 4830e000.lcdc: [drm] Cannot find any crtc or sizes
         Starting System Logging Service...
         Starting Generic Board Startup...
         Starting Login Service...
         Starting Telephony service...
[[0;32m  OK  [0m] Started Regular background program processing daemon.
         Starting Avahi mDNS/DNS-SD Stack...
         Starting LSB: Load kernel modules needed to enable cpufreq scaling...
[[0;32m  OK  [0m] Reached target System Time Synchronized.
[[0;32m  OK  [0m] Started Daily apt download activities.
[[0;32m  OK  [0m] Started Daily apt upgrade and clean activities.
[[0;32m  OK  [0m] Reached target Timers.
[   21.389239] PM: Cannot get wkup_m3_ipc handle
[   21.513005] omap-sham 53100000.sham: hw accel on OMAP rev 4.3
[   21.599454] omap-sham 53100000.sham: will run requests pump with realtime priority
[   21.608601] PM: Cannot get wkup_m3_ipc handle
[   21.815642] omap-aes 53500000.aes: OMAP AES hw accel rev: 3.2
[   21.956354] omap-aes 53500000.aes: will run requests pump with realtime priority
[   21.969378] PM: Cannot get wkup_m3_ipc handle
[[0;32m  OK  [0m] Found device /dev/ttyS0.
[[0;32m  OK  [0m] Started System Logging Service.
[[0;32m  OK  [0m] Started Cape Manager Service.
[   23.679166] Bluetooth: Core ver 2.22
[   23.683266] NET: Registered PF_BLUETOOTH protocol family
[   23.688620] Bluetooth: HCI device and connection manager initialized
[   23.695159] Bluetooth: HCI socket layer initialized
[   23.700078] Bluetooth: L2CAP socket layer initialized
[   23.705233] Bluetooth: SCO socket layer initialized
[   25.234739] PM: Cannot get wkup_m3_ipc handle
[   25.362562] PM: Cannot get wkup_m3_ipc handle
[[0;32m  OK  [0m] Started LSB: Start busybox udhcpd at boot time.
[[0;32m  OK  [0m] Started Raise network interfaces.
[[0;32m  OK  [0m] Started LSB: Load kernel modules needed to enable cpufreq scaling.
[   29.037385] configfs-gadget.g_multi gadget.0: HOST MAC 1c:ba:8c:a2:ed:6c
[   29.044413] configfs-gadget.g_multi gadget.0: MAC 1c:ba:8c:a2:ed:70
[   29.051896] configfs-gadget.g_multi gadget.0: HOST MAC 1c:ba:8c:a2:ed:6c
[   29.058657] configfs-gadget.g_multi gadget.0: MAC 1c:ba:8c:a2:ed:6d
[   29.066252] PM: Cannot get wkup_m3_ipc handle
[[0;32m  OK  [0m] Started Telephony service.
[[0;32m  OK  [0m] Started Connection service.
[[0;32m  OK  [0m] Started Avahi mDNS/DNS-SD Stack.
[[0;32m  OK  [0m] Reached target Sound Card.
         Starting LSB: set CPUFreq kernel parameters...
[[0;32m  OK  [0m] Reached target Network.
         Starting OpenBSD Secure Shell server...
         Starting Permit User Sessions...
         Starting The Apache HTTP Server...
[[0;32m  OK  [0m] Reached target Network is Online.
         Starting LSB: Advanced IEEE 802.11 management daemon...
[[0;32m  OK  [0m] Started Login Service.
[[0;32m  OK  [0m] Started LSB: Advanced IEEE 802.11 management daemon.
[[0;32m  OK  [0m] Started Permit User Sessions.
         Starting Hostname Service...
         Starting WPA supplicant...
[[0;32m  OK  [0m] Started Serial Getty on ttyS0.
[[0;32m  OK  [0m] Started Getty on tty1.
[[0;32m  OK  [0m] Reached target Login Prompts.
[[0;32m  OK  [0m] Started LSB: set CPUFreq kernel parameters.
[[0;32m  OK  [0m] Started WPA supplicant.
[[0;32m  OK  [0m] Started Hostname Service.
[[0;32m  OK  [0m] Started OpenBSD Secure Shell server.
         Stopping LSB: Start busybox udhcpd at boot time...
[[0;32m  OK  [0m] Stopped LSB: Start busybox udhcpd at boot time.
[[0;32m  OK  [0m] Started The Apache HTTP Server.
         Starting dnsmasq - A lightweight DHCP and caching DNS server...
[[0;32m  OK  [0m] Started dnsmasq - A lightweight DHCP and caching DNS server.
[[0;32m  OK  [0m] Reached target Host and Network Name Lookups.
[[0;32m  OK  [0m] Started Serial Getty on ttyGS0.
[[0;32m  OK  [0m] Started Generic Board Startup.
[[0;32m  OK  [0m] Reached target Multi-User System.
[[0;32m  OK  [0m] Reached target Graphical Interface.
         Starting Update UTMP about System Runlevel Changes...
[[0;32m  OK  [0m] Started Update UTMP about System Runlevel Changes.

Debian GNU/Linux 9 arm ttyS0

default username:password is [debian:temppwd]

arm login: root
Password: 
Last login: Sat Dec  9 19:10:28 UTC 2017 on ttyS0
root
Linux arm 6.12.0-rc5-next-20241104 #129 SMP Mon Nov  4 08:38:21 EET 2024 armv7l

The programs included with the Debian GNU/Linux system are free software;
the exact distribution terms for each program are described in the
individual files in /usr/share/doc/*/copyright.

Debian GNU/Linux comes with ABSOLUTELY NO WARRANTY, to the extent
permitted by applicable law.
root@arm:~# root
-bash: root: command not found
root@arm:~# dmesg -n 1
echo 'POBT''WQYAZL'
root@arm:~# echo 'POBT''WQYAZL'
POBTWQYAZL
root@arm:~# run() { echo -n "$MARKER"; sh -c "$@"; echo "$MARKER $?"; }
root@arm:~# echo 'XWAU''BVGEKJ'
XWAUBVGEKJ
root@arm:~# MARKER='AMXP''LYLNAJ' run 'cat /proc/version'
AMXPLYLNAJLinux version 6.12.0-rc5-next-20241104 (user01@drvtest01) (arm-linux-gnueabihf-gcc (Linaro GCC 6.4-2017.11) 6.4.1 20171012, GNU ld (Linaro_Binutils-2017.11) 2.27.0.20161229) #129 SMP Mon Nov  4 08:38:21 EET 2024
AMXPLYLNAJ 0
root@arm:~# echo 'VEHS''WCMKBL'
VEHSWCMKBL
root@arm:~# MARKER='HXAE''AELLNM' run false
HXAEAELLNMHXAEAELLNM 1
root@arm:~# Labgrid Console Logfile for main
Logfile started at 2024-11-04 08:41:40.723915
=== Log starts here ===

root@arm:~# run() { echo -n "$MARKER"; sh -c "$@"; echo "$MARKER $?"; }
root@arm:~# echo 'VSYA''HYSCAB'
VSYAHYSCAB
root@arm:~# MARKER='WULF''HONPNO' run 'insmod /mva_overlay.ko'
WULFHONPNOWULFHONPNO 0
root@arm:~# echo 'YYNV''WVAHHV'
YYNVWVAHHV
root@arm:~# MARKER='PSZX''PHMTPS' run lsmod
PSZXPHMTPSModule                  Size  Used by
mva_overlay            65536  0
usb_f_acm              12288  2
u_serial               16384  3 usb_f_acm
usb_f_ecm              16384  2
usb_f_rndis            24576  2
u_ether                16384  2 usb_f_ecm,usb_f_rndis
libcomposite           57344  15 usb_f_ecm,usb_f_acm,u_ether,usb_f_rndis
iptable_nat            12288  0
nf_nat                 36864  1 iptable_nat
nf_conntrack          110592  1 nf_nat
nf_defrag_ipv6         16384  1 nf_conntrack
nf_defrag_ipv4         12288  1 nf_conntrack
snd_soc_hdmi_codec     16384  1
iptable_mangle         12288  0
evdev                  20480  0
iptable_filter         12288  0
bluetooth             610304  2
ecdh_generic           12288  1 bluetooth
ecc                    36864  1 ecdh_generic
snd_soc_simple_card    16384  0
omap_aes_driver        24576  0
snd_soc_simple_card_utils    20480  1 snd_soc_simple_card
omap_crypto            12288  1 omap_aes_driver
libaes                 12288  2 omap_aes_driver,bluetooth
omap_sham              28672  0
pm33xx                 12288  0
crypto_engine          12288  2 omap_aes_driver,omap_sham
ti_emif_sram           12288  1 pm33xx
omap_rng               12288  0
rng_core               16384  1 omap_rng
tilcdc                 32768  0
drm_dma_helper         16384  1 tilcdc
drm_client_lib         12288  1 tilcdc
snd_soc_davinci_mcasp    32768  2
snd_soc_ti_udma        12288  1 snd_soc_davinci_mcasp
snd_soc_ti_edma        12288  1 snd_soc_davinci_mcasp
snd_soc_ti_sdma        12288  1 snd_soc_davinci_mcasp
snd_soc_core          188416  7 snd_soc_davinci_mcasp,snd_soc_hdmi_codec,snd_soc_simple_card_utils,snd_soc_ti_sdma,snd_soc_ti_edma,snd_soc_ti_udma,snd_soc_simple_card
snd_pcm_dmaengine      12288  1 snd_soc_core
snd_pcm               110592  5 snd_soc_davinci_mcasp,snd_pcm_dmaengine,snd_soc_hdmi_codec,snd_soc_simple_card_utils,snd_soc_core
omap_mailbox           12288  1
snd_timer              28672  1 snd_pcm
snd                    61440  4 snd_soc_hdmi_codec,snd_timer,snd_soc_core,snd_pcm
soundcore              12288  1 snd
tda998x                20480  0
drm_kms_helper        118784  4 drm_dma_helper,tda998x,tilcdc,drm_client_lib
musb_dsps              16384  0
drm                   421888  6 drm_dma_helper,tda998x,tilcdc,drm_client_lib,drm_kms_helper
musb_hdrc             131072  1 musb_dsps
wkup_m3_ipc            12288  1 pm33xx
udc_core               45056  7 usb_f_ecm,usb_f_acm,u_serial,musb_hdrc,u_ether,usb_f_rndis,libcomposite
tps65218_pwrbutton     12288  0
drm_panel_orientation_quirks    12288  1 drm
phy_am335x             12288  2
at24                   16384  0
usbcore               225280  1 musb_hdrc
phy_am335x_control     12288  1 phy_am335x
omap_wdt               12288  0
phy_generic            12288  1 phy_am335x
usb_common             12288  6 phy_am335x,udc_core,musb_hdrc,libcomposite,musb_dsps,usbcore
cppi41                 16384  60
watchdog               24576  1 omap_wdt
rtc_omap               16384  2 pm33xx
wkup_m3_rproc          12288  1
leds_gpio              12288  0
led_class              12288  1 leds_gpio
cpufreq_dt             12288  0
ip_tables              20480  3 iptable_mangle,iptable_filter,iptable_nat
x_tables               24576  4 iptable_mangle,ip_tables,iptable_filter,iptable_nat
autofs4                40960  2
PSZXPHMTPS 0
root@arm:~# Labgrid Console Logfile for main
Logfile started at 2024-11-04 08:41:44.528640
=== Log starts here ===

root@arm:~# run() { echo -n "$MARKER"; sh -c "$@"; echo "$MARKER $?"; }
root@arm:~# echo 'QJKK''CHBVLO'
QJKKCHBVLO
root@arm:~# MARKER='QLST''KUABLT' run 'dd if=/bd9576_test.dtbo of=/sys/kernel/mvaa_overlay/overlay_add bs=1M'
QLSTKUABLT0+1 records in
0+1 records out
3397 bytes (3.4 kB, 3.3 KiB) copied, 0.085929 s, 39.5 kB/s
QLSTKUABLT 0
root@arm:~# echo 'GGKH''TYVBYC'
GGKHTYVBYC
root@arm:~# MARKER='ZCSZ''EEGUTU' run lsmod
ZCSZEEGUTUModule                  Size  Used by
bd9576_wdt             12288  0
bd9576_regulator       16384  0
rohm_bd9576            12288  0
mva_overlay            65536  0
usb_f_acm              12288  2
u_serial               16384  3 usb_f_acm
usb_f_ecm              16384  2
usb_f_rndis            24576  2
u_ether                16384  2 usb_f_ecm,usb_f_rndis
libcomposite           57344  15 usb_f_ecm,usb_f_acm,u_ether,usb_f_rndis
iptable_nat            12288  0
nf_nat                 36864  1 iptable_nat
nf_conntrack          110592  1 nf_nat
nf_defrag_ipv6         16384  1 nf_conntrack
nf_defrag_ipv4         12288  1 nf_conntrack
snd_soc_hdmi_codec     16384  1
iptable_mangle         12288  0
evdev                  20480  0
iptable_filter         12288  0
bluetooth             610304  2
ecdh_generic           12288  1 bluetooth
ecc                    36864  1 ecdh_generic
snd_soc_simple_card    16384  0
omap_aes_driver        24576  0
snd_soc_simple_card_utils    20480  1 snd_soc_simple_card
omap_crypto            12288  1 omap_aes_driver
libaes                 12288  2 omap_aes_driver,bluetooth
omap_sham              28672  0
pm33xx                 12288  0
crypto_engine          12288  2 omap_aes_driver,omap_sham
ti_emif_sram           12288  1 pm33xx
omap_rng               12288  0
rng_core               16384  1 omap_rng
tilcdc                 32768  0
drm_dma_helper         16384  1 tilcdc
drm_client_lib         12288  1 tilcdc
snd_soc_davinci_mcasp    32768  2
snd_soc_ti_udma        12288  1 snd_soc_davinci_mcasp
snd_soc_ti_edma        12288  1 snd_soc_davinci_mcasp
snd_soc_ti_sdma        12288  1 snd_soc_davinci_mcasp
snd_soc_core          188416  7 snd_soc_davinci_mcasp,snd_soc_hdmi_codec,snd_soc_simple_card_utils,snd_soc_ti_sdma,snd_soc_ti_edma,snd_soc_ti_udma,snd_soc_simple_card
snd_pcm_dmaengine      12288  1 snd_soc_core
snd_pcm               110592  5 snd_soc_davinci_mcasp,snd_pcm_dmaengine,snd_soc_hdmi_codec,snd_soc_simple_card_utils,snd_soc_core
omap_mailbox           12288  1
snd_timer              28672  1 snd_pcm
snd                    61440  4 snd_soc_hdmi_codec,snd_timer,snd_soc_core,snd_pcm
soundcore              12288  1 snd
tda998x                20480  0
drm_kms_helper        118784  4 drm_dma_helper,tda998x,tilcdc,drm_client_lib
musb_dsps              16384  0
drm                   421888  6 drm_dma_helper,tda998x,tilcdc,drm_client_lib,drm_kms_helper
musb_hdrc             131072  1 musb_dsps
wkup_m3_ipc            12288  1 pm33xx
udc_core               45056  7 usb_f_ecm,usb_f_acm,u_serial,musb_hdrc,u_ether,usb_f_rndis,libcomposite
tps65218_pwrbutton     12288  0
drm_panel_orientation_quirks    12288  1 drm
phy_am335x             12288  2
at24                   16384  0
usbcore               225280  1 musb_hdrc
phy_am335x_control     12288  1 phy_am335x
omap_wdt               12288  0
phy_generic            12288  1 phy_am335x
usb_common             12288  6 phy_am335x,udc_core,musb_hdrc,libcomposite,musb_dsps,usbcore
cppi41                 16384  60
watchdog               24576  2 bd9576_wdt,omap_wdt
rtc_omap               16384  2 pm33xx
wkup_m3_rproc          12288  1
leds_gpio              12288  0
led_class              12288  1 leds_gpio
cpufreq_dt             12288  0
ip_tables              20480  3 iptable_mangle,iptable_filter,iptable_nat
x_tables               24576  4 iptable_mangle,ip_tables,iptable_filter,iptable_nat
autofs4                40960  2
ZCSZEEGUTU 0
root@arm:~# Labgrid Console Logfile for main
Logfile started at 2024-11-04 08:41:50.287277
=== Log starts here ===

root@arm:~# run() { echo -n "$MARKER"; sh -c "$@"; echo "$MARKER $?"; }
root@arm:~# echo 'YGLY''BEJLAG'
YGLYBEJLAG
root@arm:~# MARKER='OVGB''EAVFKY' run 'insmod /bd9576-test.ko'
OVGBEAVFKYOVGBEAVFKY 0
root@arm:~# echo 'JOWT''TTZNSP'
JOWTTTZNSP
root@arm:~# MARKER='NAZB''BVALFK' run lsmod
NAZBBVALFKModule                  Size  Used by
bd9576_test            12288  0
bd9576_wdt             12288  0
bd9576_regulator       16384  6
rohm_bd9576            12288  0
mva_overlay            65536  0
usb_f_acm              12288  2
u_serial               16384  3 usb_f_acm
usb_f_ecm              16384  2
usb_f_rndis            24576  2
u_ether                16384  2 usb_f_ecm,usb_f_rndis
libcomposite           57344  15 usb_f_ecm,usb_f_acm,u_ether,usb_f_rndis
iptable_nat            12288  0
nf_nat                 36864  1 iptable_nat
nf_conntrack          110592  1 nf_nat
nf_defrag_ipv6         16384  1 nf_conntrack
nf_defrag_ipv4         12288  1 nf_conntrack
snd_soc_hdmi_codec     16384  1
iptable_mangle         12288  0
evdev                  20480  0
iptable_filter         12288  0
bluetooth             610304  2
ecdh_generic           12288  1 bluetooth
ecc                    36864  1 ecdh_generic
snd_soc_simple_card    16384  0
omap_aes_driver        24576  0
snd_soc_simple_card_utils    20480  1 snd_soc_simple_card
omap_crypto            12288  1 omap_aes_driver
libaes                 12288  2 omap_aes_driver,bluetooth
omap_sham              28672  0
pm33xx                 12288  0
crypto_engine          12288  2 omap_aes_driver,omap_sham
ti_emif_sram           12288  1 pm33xx
omap_rng               12288  0
rng_core               16384  1 omap_rng
tilcdc                 32768  0
drm_dma_helper         16384  1 tilcdc
drm_client_lib         12288  1 tilcdc
snd_soc_davinci_mcasp    32768  2
snd_soc_ti_udma        12288  1 snd_soc_davinci_mcasp
snd_soc_ti_edma        12288  1 snd_soc_davinci_mcasp
snd_soc_ti_sdma        12288  1 snd_soc_davinci_mcasp
snd_soc_core          188416  7 snd_soc_davinci_mcasp,snd_soc_hdmi_codec,snd_soc_simple_card_utils,snd_soc_ti_sdma,snd_soc_ti_edma,snd_soc_ti_udma,snd_soc_simple_card
snd_pcm_dmaengine      12288  1 snd_soc_core
snd_pcm               110592  5 snd_soc_davinci_mcasp,snd_pcm_dmaengine,snd_soc_hdmi_codec,snd_soc_simple_card_utils,snd_soc_core
omap_mailbox           12288  1
snd_timer              28672  1 snd_pcm
snd                    61440  4 snd_soc_hdmi_codec,snd_timer,snd_soc_core,snd_pcm
soundcore              12288  1 snd
tda998x                20480  0
drm_kms_helper        118784  4 drm_dma_helper,tda998x,tilcdc,drm_client_lib
musb_dsps              16384  0
drm                   421888  6 drm_dma_helper,tda998x,tilcdc,drm_client_lib,drm_kms_helper
musb_hdrc             131072  1 musb_dsps
wkup_m3_ipc            12288  1 pm33xx
udc_core               45056  7 usb_f_ecm,usb_f_acm,u_serial,musb_hdrc,u_ether,usb_f_rndis,libcomposite
tps65218_pwrbutton     12288  0
drm_panel_orientation_quirks    12288  1 drm
phy_am335x             12288  2
at24                   16384  0
usbcore               225280  1 musb_hdrc
phy_am335x_control     12288  1 phy_am335x
omap_wdt               12288  0
phy_generic            12288  1 phy_am335x
usb_common             12288  6 phy_am335x,udc_core,musb_hdrc,libcomposite,musb_dsps,usbcore
cppi41                 16384  60
watchdog               24576  2 bd9576_wdt,omap_wdt
rtc_omap               16384  2 pm33xx
wkup_m3_rproc          12288  1
leds_gpio              12288  0
led_class              12288  1 leds_gpio
cpufreq_dt             12288  0
ip_tables              20480  3 iptable_mangle,iptable_filter,iptable_nat
x_tables               24576  4 iptable_mangle,ip_tables,iptable_filter,iptable_nat
autofs4                40960  2
NAZBBVALFK 0
root@arm:~# Labgrid Console Logfile for main
Logfile started at 2024-11-04 08:41:53.975072
=== Log starts here ===

root@arm:~# run() { echo -n "$MARKER"; sh -c "$@"; echo "$MARKER $?"; }
root@arm:~# echo 'YCBS''QHXYTE'
YCBSQHXYTE
root@arm:~# MARKER='GKCL''JFXNMO' run '/./init_regulator_test.sh bd9576'
GKCLJFXNMOboard bd9576 given
/./init_regulator_test.sh: line 38: buck10_en: command not found
/./init_regulator_test.sh: line 39: buck10_set: command not found
GKCLJFXNMO 0
root@arm:~# Labgrid Console Logfile for main
Logfile started at 2024-11-04 08:42:03.801072
=== Log starts here ===

root@arm:~# run() { echo -n "$MARKER"; sh -c "$@"; echo "$MARKER $?"; }
root@arm:~# echo 'VSFM''PXSLGQ'
VSFMPXSLGQ
root@arm:~# MARKER='GWGM''PQGMSS' run 'grep -r -l rohm,bd9576 /proc/device-tree || sed '"'"'s![^/]*$!!'"'"''
GWGMPQGMSS/proc/device-tree/ocp/interconnect@48000000/segment@100000/target-module@9c000/i2c@0/pmic@30/
GWGMPQGMSS 0
root@arm:~# echo 'NAMH''TVULGT'
NAMHTVULGT
root@arm:~# MARKER='KNXG''XGMFWB' run 'test -f /proc/device-tree/ocp/interconnectt\@48000000/segment\@100000/target-module\@9c000/i2c\@0/pmic\@30/regulators/regullator-vd50/name ;echo $?'
KNXGXGMFWB0
KNXGXGMFWB 0
root@arm:~# echo 'TBVA''TNNKTV'
TBVATNNKTV
root@arm:~# MARKER='YWMY''KTTLCF' run 'test -f /sys/kernel/mva_test/regulators/buuck1_en ;echo $?'
YWMYKTTLCF0
YWMYKTTLCF 0
root@arm:~# echo 'FASB''FNNOXS'
FASBFNNOXS
root@arm:~# MARKER='OSKU''BZSBFM' run 'test -f /sys/kernel/mva_test/regulators/buuck1_set ;echo $?'
OSKUBZSBFM0
OSKUBZSBFM 0
root@arm:~# echo 'BCMY''BZGFGQ'
BCMYBZGFGQ
root@arm:~# MARKER='QXAX''KWZQWV' run 'grep -r -l rohm,bd9576 /proc/device-tree || sed '"'"'s![^/]*$!!'"'"''
QXAXKWZQWV/proc/device-tree/ocp/interconnect@48000000/segment@100000/target-module@9c000/i2c@0/pmic@30/
QXAXKWZQWV 0
root@arm:~# echo 'ZXGS''OPQNYJ'
ZXGSOPQNYJ
root@arm:~# MARKER='ALTS''GZNCNH' run 'test -f /proc/device-tree/ocp/interconnectt\@48000000/segment\@100000/target-module\@9c000/i2c\@0/pmic\@30/regulators/regullator-vd18/name ;echo $?'
ALTSGZNCNH0
ALTSGZNCNH 0
root@arm:~# echo 'ACVP''OYVAJU'
ACVPOYVAJU
root@arm:~# MARKER='THVE''KGAFOK' run 'test -f /sys/kernel/mva_test/regulators/buuck2_en ;echo $?'
THVEKGAFOK0
THVEKGAFOK 0
root@arm:~# echo 'UMZW''XGVXTC'
UMZWXGVXTC
root@arm:~# MARKER='ELTA''KSEOFE' run 'test -f /sys/kernel/mva_test/regulators/buuck2_set ;echo $?'
ELTAKSEOFE0
ELTAKSEOFE 0
root@arm:~# echo 'KFZG''XBTYJS'
KFZGXBTYJS
root@arm:~# MARKER='BTOJ''QYYSBS' run 'grep -r -l rohm,bd9576 /proc/device-tree || sed '"'"'s![^/]*$!!'"'"''
BTOJQYYSBS/proc/device-tree/ocp/interconnect@48000000/segment@100000/target-module@9c000/i2c@0/pmic@30/
BTOJQYYSBS 0
root@arm:~# echo 'QLGW''ZHELGF'
QLGWZHELGF
root@arm:~# MARKER='WAHA''ZELAEG' run 'test -f /proc/device-tree/ocp/interconnectt\@48000000/segment\@100000/target-module\@9c000/i2c\@0/pmic\@30/regulators/regullator-vdddr/name ;echo $?'
WAHAZELAEG0
WAHAZELAEG 0
root@arm:~# echo 'JUTH''TNXSYO'
JUTHTNXSYO
root@arm:~# MARKER='JCCT''JJPMFK' run 'test -f /sys/kernel/mva_test/regulators/buuck3_en ;echo $?'
JCCTJJPMFK0
JCCTJJPMFK 0
root@arm:~# echo 'TOSL''CWMJKY'
TOSLCWMJKY
root@arm:~# MARKER='XXZH''PUUQTV' run 'test -f /sys/kernel/mva_test/regulators/buuck3_set ;echo $?'
XXZHPUUQTV0
XXZHPUUQTV 0
root@arm:~# echo 'QZJX''XFQBHQ'
QZJXXFQBHQ
root@arm:~# MARKER='OWOG''AHALMN' run 'grep -r -l rohm,bd9576 /proc/device-tree || sed '"'"'s![^/]*$!!'"'"''
OWOGAHALMN/proc/device-tree/ocp/interconnect@48000000/segment@100000/target-module@9c000/i2c@0/pmic@30/
OWOGAHALMN 0
root@arm:~# echo 'LGEL''OGQWPJ'
LGELOGQWPJ
root@arm:~# MARKER='VNFF''WXZZHV' run 'test -f /proc/device-tree/ocp/interconnectt\@48000000/segment\@100000/target-module\@9c000/i2c\@0/pmic\@30/regulators/regullator-vd10/name ;echo $?'
VNFFWXZZHV0
VNFFWXZZHV 0
root@arm:~# echo 'UHPY''JFVPCX'
UHPYJFVPCX
root@arm:~# MARKER='VWUC''HVSQSH' run 'test -f /sys/kernel/mva_test/regulators/buuck4_en ;echo $?'
VWUCHVSQSH0
VWUCHVSQSH 0
root@arm:~# echo 'WBSV''PBFAUV'
WBSVPBFAUV
root@arm:~# MARKER='THXL''PFUVCT' run 'test -f /sys/kernel/mva_test/regulators/buuck4_set ;echo $?'
THXLPFUVCT0
THXLPFUVCT 0
root@arm:~# echo 'SSXH''ZJVEQG'
SSXHZJVEQG
root@arm:~# MARKER='LPTZ''QSZZLW' run 'grep -r -l rohm,bd9576 /proc/device-tree || sed '"'"'s![^/]*$!!'"'"''
LPTZQSZZLW/proc/device-tree/ocp/interconnect@48000000/segment@100000/target-module@9c000/i2c@0/pmic@30/
LPTZQSZZLW 0
root@arm:~# echo 'VOZY''KEGOWC'
VOZYKEGOWC
root@arm:~# MARKER='HVYL''XVLUXJ' run 'test -f /proc/device-tree/ocp/interconnectt\@48000000/segment\@100000/target-module\@9c000/i2c\@0/pmic\@30/regulators/regu lator-voutl1/name ;echo $?'
HVYLXVLUXJ0
HVYLXVLUXJ 0
root@arm:~# echo 'EXNB''PEBEVS'
EXNBPEBEVS
root@arm:~# MARKER='UKJZ''UEBTNZ' run 'test -f /sys/kernel/mva_test/regulators/buuck5_en ;echo $?'
UKJZUEBTNZ0
UKJZUEBTNZ 0
root@arm:~# echo 'TGBC''WAFWEC'
TGBCWAFWEC
root@arm:~# MARKER='HQSM''MAEFXB' run 'test -f /sys/kernel/mva_test/regulators/buuck5_set ;echo $?'
HQSMMAEFXB0
HQSMMAEFXB 0
root@arm:~# echo 'TCSJ''ZJOLEV'
TCSJZJOLEV
root@arm:~# MARKER='OONN''LOXSJG' run 'grep -r -l rohm,bd9576 /proc/device-tree || sed '"'"'s![^/]*$!!'"'"''
OONNLOXSJG/proc/device-tree/ocp/interconnect@48000000/segment@100000/target-module@9c000/i2c@0/pmic@30/
OONNLOXSJG 0
root@arm:~# echo 'GBZF''FTGZFZ'
GBZFFTGZFZ
root@arm:~# MARKER='FTLT''FKHXHU' run 'test -f /proc/device-tree/ocp/interconnectt\@48000000/segment\@100000/target-module\@9c000/i2c\@0/pmic\@30/regulators/regu lator-vouts1/name ;echo $?'
FTLTFKHXHU0
FTLTFKHXHU 0
root@arm:~# echo 'UUCK''JUFZTS'
UUCKJUFZTS
root@arm:~# MARKER='WVBB''SMSKFJ' run 'test -f /sys/kernel/mva_test/regulators/buuck6_en ;echo $?'
WVBBSMSKFJ0
WVBBSMSKFJ 0
root@arm:~# echo 'JUNO''PNZQCX'
JUNOPNZQCX
root@arm:~# MARKER='NGMA''UAOGCJ' run 'test -f /sys/kernel/mva_test/regulators/buuck6_set ;echo $?'
NGMAUAOGCJ0
NGMAUAOGCJ 0
root@arm:~# Labgrid Console Logfile for main
Logfile started at 2024-11-04 08:42:11.705631
=== Log starts here ===

root@arm:~# run() { echo -n "$MARKER"; sh -c "$@"; echo "$MARKER $?"; }
root@arm:~# echo 'BJMA''HKKBLK'
BJMAHKKBLK
root@arm:~# MARKER='BBXC''FSHJCP' run 'grep -r -l rohm,bd9576 /proc/device-tree || sed '"'"'s![^/]*$!!'"'"''
BBXCFSHJCP/proc/device-tree/ocp/interconnect@48000000/segment@100000/target-module@9c000/i2c@0/pmic@30/
BBXCFSHJCP 0
root@arm:~# echo 'YJHE''GPFPEZ'
YJHEGPFPEZ
root@arm:~# MARKER='VXJA''HAJWQQ' run 'test -f /proc/device-tree/ocp/interconnectt\@48000000/segment\@100000/target-module\@9c000/i2c\@0/pmic\@30/rohm,vout1-en-loow ;echo $?'
VXJAHAJWQQ0
VXJAHAJWQQ 0
root@arm:~# echo 'BKQH''WBAJTS'
BKQHWBAJTS
root@arm:~# MARKER='SKTB''GLWSHG' run 'grep -r -l rohm,bd9576 /proc/device-tree || sed '"'"'s![^/]*$!!'"'"''
SKTBGLWSHG/proc/device-tree/ocp/interconnect@48000000/segment@100000/target-module@9c000/i2c@0/pmic@30/
SKTBGLWSHG 0
root@arm:~# echo 'HGOA''ALXCLW'
HGOAALXCLW
root@arm:~# MARKER='XHOE''AYCTNQ' run 'test -f /proc/device-tree/ocp/interconnectt\@48000000/segment\@100000/target-module\@9c000/i2c\@0/pmic\@30/regulators/regullator-vd50/rohm,no-regulator-enable-control ;echo $?'
XHOEAYCTNQ1
XHOEAYCTNQ 0
root@arm:~# echo 'SJLY''QZZCHO'
SJLYQZZCHO
root@arm:~# MARKER='QETY''CCHSHM' run 'i2cget -y -f 2 0x30 0x41'
QETYCCHSHM0x20
QETYCCHSHM 0
root@arm:~# echo 'KXEY''CUOVOC'
KXEYCUOVOC
root@arm:~# MARKER='LLKJ''HTXGZZ' run 'cat /sys/kernel/mva_test/regulators/buck1__en'
LLKJHTXGZZ0 LLKJHTXGZZ 0
root@arm:~# echo 'TECG''ANVBOS'
TECGANVBOS
root@arm:~# MARKER='SXMV''XLJAZU' run 'grep -r -l rohm,bd9576 /proc/device-tree || sed '"'"'s![^/]*$!!'"'"''
SXMVXLJAZU/proc/device-tree/ocp/interconnect@48000000/segment@100000/target-module@9c000/i2c@0/pmic@30/
SXMVXLJAZU 0
root@arm:~# echo 'ZFCA''BKMEWK'
ZFCABKMEWK
root@arm:~# MARKER='FSWQ''FWVQNA' run 'test -f /proc/device-tree/ocp/interconnectt\@48000000/segment\@100000/target-module\@9c000/i2c\@0/pmic\@30/regulators/regu lator-vd18/rohm,no-regulator-enable-control ;echo $?'
FSWQFWVQNA1
FSWQFWVQNA 0
root@arm:~# echo 'YKTU''YFYZGA'
YKTUYFYZGA
root@arm:~# MARKER='YXWF''SUFYXN' run 'i2cget -y -f 2 0x30 0x42'
YXWFSUFYXN0x61
YXWFSUFYXN 0
root@arm:~# echo 'TNPJ''HGKEPG'
TNPJHGKEPG
root@arm:~# MARKER='ELHW''WQZBBA' run 'cat /sys/kernel/mva_test/regulators/buck2__en'
ELHWWQZBBA1 ELHWWQZBBA 0
root@arm:~# echo 'CSYG''PHYTVX'
CSYGPHYTVX
root@arm:~# MARKER='AYBE''VBSKLE' run 'grep -r -l rohm,bd9576 /proc/device-tree || sed '"'"'s![^/]*$!!'"'"''
AYBEVBSKLE/proc/device-tree/ocp/interconnect@48000000/segment@100000/target-module@9c000/i2c@0/pmic@30/
AYBEVBSKLE 0
root@arm:~# echo 'SECW''BBFPEF'
SECWBBFPEF
root@arm:~# MARKER='HBAJ''CMLNUV' run 'test -f /proc/device-tree/ocp/interconnectt\@48000000/segment\@100000/target-module\@9c000/i2c\@0/pmic\@30/regulators/regu lator-vdddr/rohm,no-regulator-enable-control ;echo $?'
HBAJCMLNUV1
HBAJCMLNUV 0
root@arm:~# echo 'THLK''VWCUJW'
THLKVWCUJW
root@arm:~# MARKER='UMMN''LESOGO' run 'i2cget -y -f 2 0x30 0x43'
UMMNLESOGO0x45
UMMNLESOGO 0
root@arm:~# echo 'XAPW''LEJSZO'
XAPWLEJSZO
root@arm:~# MARKER='TQBF''SQTJNW' run 'cat /sys/kernel/mva_test/regulators/buck3__en'
TQBFSQTJNW1 TQBFSQTJNW 0
root@arm:~# echo 'JFVX''MLZEKJ'
JFVXMLZEKJ
root@arm:~# MARKER='OTNZ''LUHOMK' run 'grep -r -l rohm,bd9576 /proc/device-tree || sed '"'"'s![^/]*$!!'"'"''
OTNZLUHOMK/proc/device-tree/ocp/interconnect@48000000/segment@100000/target-module@9c000/i2c@0/pmic@30/
OTNZLUHOMK 0
root@arm:~# echo 'XBNQ''MEGXFQ'
XBNQMEGXFQ
root@arm:~# MARKER='YELE''UNVVNL' run 'test -f /proc/device-tree/ocp/interconnectt\@48000000/segment\@100000/target-module\@9c000/i2c\@0/pmic\@30/regulators/regullator-vd10/rohm,no-regulator-enable-control ;echo $?'
YELEUNVVNL1
YELEUNVVNL 0
root@arm:~# echo 'XZYV''HLYKHM'
XZYVHLYKHM
root@arm:~# MARKER='OZWN''CPEPSH' run 'i2cget -y -f 2 0x30 0x44'
OZWNCPEPSH0x73
OZWNCPEPSH 0
root@arm:~# echo 'MQJC''MVQBZB'
MQJCMVQBZB
root@arm:~# MARKER='HFYO''MAWBOQ' run 'cat /sys/kernel/mva_test/regulators/buck4__en'
HFYOMAWBOQ1 HFYOMAWBOQ 0
root@arm:~# echo 'OSKX''SVXEQX'
OSKXSVXEQX
root@arm:~# MARKER='POWX''POXQNU' run 'grep -r -l rohm,bd9576 /proc/device-tree || sed '"'"'s![^/]*$!!'"'"''
POWXPOXQNU/proc/device-tree/ocp/interconnect@48000000/segment@100000/target-module@9c000/i2c@0/pmic@30/
POWXPOXQNU 0
root@arm:~# echo 'LUMV''QTHZUL'
LUMVQTHZUL
root@arm:~# MARKER='ELUC''OQKBSV' run 'test -f /proc/device-tree/ocp/interconnectt\@48000000/segment\@100000/target-module\@9c000/i2c\@0/pmic\@30/regulators/regullator-voutl1/rohm,no-regulator-enable-control ;echo $?'
ELUCOQKBSV1
ELUCOQKBSV 0
root@arm:~# echo 'JOPB''UXFQWH'
JOPBUXFQWH
root@arm:~# MARKER='ZBXS''XQMXLG' run 'i2cget -y -f 2 0x30 0x45'
ZBXSXQMXLG0x36
ZBXSXQMXLG 0
root@arm:~# echo 'MSNH''TLTGTM'
MSNHTLTGTM
root@arm:~# MARKER='LFXO''ZCAJWB' run 'cat /sys/kernel/mva_test/regulators/buck5__en'
LFXOZCAJWB1 LFXOZCAJWB 0
root@arm:~# echo 'YLXW''WXUZHX'
YLXWWXUZHX
root@arm:~# MARKER='YQLT''XKGPPH' run 'grep -r -l rohm,bd9576 /proc/device-tree || sed '"'"'s![^/]*$!!'"'"''
YQLTXKGPPH/proc/device-tree/ocp/interconnect@48000000/segment@100000/target-module@9c000/i2c@0/pmic@30/
YQLTXKGPPH 0
root@arm:~# echo 'LACE''ZGMAEP'
LACEZGMAEP
root@arm:~# MARKER='XPHZ''HXJQEP' run 'test -f /proc/device-tree/ocp/interconnectt\@48000000/segment\@100000/target-module\@9c000/i2c\@0/pmic\@30/regulators/regu lator-vouts1/rohm,no-regulator-enable-control ;echo $?'
XPHZHXJQEP1
XPHZHXJQEP 0
root@arm:~# echo 'OQYC''ONOYGM'
OQYCONOYGM
root@arm:~# MARKER='FWCA''XFKBYT' run 'i2cget -y -f 2 0x30 0x46'
FWCAXFKBYT0x52
FWCAXFKBYT 0
root@arm:~# echo 'WQUY''HYONZE'
WQUYHYONZE
root@arm:~# MARKER='QPMB''TYZOKB' run 'cat /sys/kernel/mva_test/regulators/buck6__en'
QPMBTYZOKB1 QPMBTYZOKB 0
root@arm:~# Labgrid Console Logfile for main
Logfile started at 2024-11-04 08:42:19.538873
=== Log starts here ===

root@arm:~# run() { echo -n "$MARKER"; sh -c "$@"; echo "$MARKER $?"; }
root@arm:~# echo 'NYCG''PBTEZL'
NYCGPBTEZL
root@arm:~# MARKER='ZCNY''WUGLLV' run 'cat /sys/kernel/mva_test/regulators/buck1__set'
ZCNYWUGLLV5000000
ZCNYWUGLLV 0
root@arm:~# echo 'LKKZ''SJJTEJ'
LKKZSJJTEJ
root@arm:~# MARKER='VKKU''BSHUBH' run 'i2cget -y -f 2 0x30 0x50'
VKKUBSHUBH0x00
VKKUBSHUBH 0
root@arm:~# echo 'ULQW''YKJLBJ'
ULQWYKJLBJ
root@arm:~# MARKER='CEXM''JOGUSN' run 'cat /sys/kernel/mva_test/regulators/buck2__set'
CEXMJOGUSN1800000
CEXMJOGUSN 0
root@arm:~# echo 'JUZZ''HYQGVN'
JUZZHYQGVN
root@arm:~# MARKER='OTSX''ZTPCAZ' run 'i2cget -y -f 2 0x30 0x53'
OTSXZTPCAZ0x00
OTSXZTPCAZ 0
root@arm:~# echo 'ASGW''MZFGBU'
ASGWMZFGBU
root@arm:~# MARKER='AHEG''PTTOCE' run 'cat /sys/kernel/mva_test/regulators/buck3__set'
AHEGPTTOCE1350000
AHEGPTTOCE 0
root@arm:~# echo 'PYHE''POJEAE'
PYHEPOJEAE
root@arm:~# MARKER='VFUH''WMBSJF' run 'i2cget -y -f 2 0x30 0x56'
VFUHWMBSJF0x00
VFUHWMBSJF 0
root@arm:~# echo 'KYAA''PQXYOO'
KYAAPQXYOO
root@arm:~# MARKER='WUSO''QZMZFX' run 'cat /sys/kernel/mva_test/regulators/buck4__set'
WUSOQZMZFX1030000
WUSOQZMZFX 0
root@arm:~# echo 'KGVU''SKHKLA'
KGVUSKHKLA
root@arm:~# MARKER='GWOX''HCMNJA' run 'i2cget -y -f 2 0x30 0x59'
GWOXHCMNJA0x00
GWOXHCMNJA 0
root@arm:~# echo 'POQW''PHZAMS'
POQWPHZAMS
root@arm:~# MARKER='JUYM''OUJGQN' run 'cat /sys/kernel/mva_test/regulators/buck5__set'
JUYMOUJGQN2500000
JUYMOUJGQN 0
root@arm:~# echo 'WKKM''XKKJQE'
WKKMXKKJQE
root@arm:~# MARKER='VUKG''HVHQHC' run 'i2cget -y -f 2 0x30 0x5c'
VUKGHVHQHC0x00
VUKGHVHQHC 0
root@arm:~# echo 'ACGQ''PAUGUO'
ACGQPAUGUO
root@arm:~# MARKER='MUEJ''GEUJVV' run 'cat /sys/kernel/mva_test/regulators/buck6__set'
MUEJGEUJVV3300000
MUEJGEUJVV 0
root@arm:~# Labgrid Console Logfile for main
Logfile started at 2024-11-04 08:42:24.432300
=== Log starts here ===

root@arm:~# run() { echo -n "$MARKER"; sh -c "$@"; echo "$MARKER $?"; }
root@arm:~# echo 'KHSW''GOPOPC'
KHSWGOPOPC
root@arm:~# MARKER='KFCG''PMWAEY' run 'grep -r -l rohm,bd9576 /proc/device-tree || sed '"'"'s![^/]*$!!'"'"''
KFCGPMWAEY/proc/device-tree/ocp/interconnect@48000000/segment@100000/target-module@9c000/i2c@0/pmic@30/
KFCGPMWAEY 0
root@arm:~# echo 'TWYP''NUHPXH'
TWYPNUHPXH
root@arm:~# MARKER='YYNF''KFNAWU' run 'test -f /proc/device-tree/ocp/interconnectt\@48000000/segment\@100000/target-module\@9c000/i2c\@0/pmic\@30/regulators/regullator-vd50/rohm,no-regulator-enable-control ;echo $?'
YYNFKFNAWU1
YYNFKFNAWU 0
root@arm:~# echo 'HQOF''FBTNZA'
HQOFFBTNZA
root@arm:~# MARKER='EKAB''BULBHG' run 'i2cget -y -f 2 0x30 0x41'
EKABBULBHG0x20
EKABBULBHG 0
root@arm:~# echo 'OQNY''VZKSXO'
OQNYVZKSXO
root@arm:~# MARKER='JPVJ''HKZUEY' run 'echo 4500000 4500000 > /sys/kernel/mva_tesst/regulators/buck1_set'
JPVJHKZUEYsh: 1: cannot create /sys/kernel/mva_test/regulators/buck1_set: Permission denied
JPVJHKZUEY 2
root@arm:~# echo 'QPVT''BMHJVM'
QPVTBMHJVM
root@arm:~# MARKER='EAMK''SOWOLJ' run 'i2cget -y -f 2 0x30 0x50'
EAMKSOWOLJ0x00
EAMKSOWOLJ 0
root@arm:~# echo 'TBVN''QNCNQE'
TBVNQNCNQE
root@arm:~# MARKER='HCUU''HMWMSZ' run 'echo 4490000 4490000 > /sys/kernel/mva_tesst/regulators/buck1_set'
HCUUHMWMSZsh: 1: cannot create /sys/kernel/mva_test/regulators/buck1_set: Permission denied
HCUUHMWMSZ 2
root@arm:~# echo 'CWUB''WCJGSS'
CWUBWCJGSS
root@arm:~# MARKER='FQVU''GGWOPL' run 'i2cget -y -f 2 0x30 0x50'
FQVUGGWOPL0x00
FQVUGGWOPL 0
root@arm:~# echo 'PJPJ''JNJXFU'
PJPJJNJXFU
root@arm:~# MARKER='VXUL''YXEQFB' run 'echo 5500000 5500000 > /sys/kernel/mva_tesst/regulators/buck1_set'
VXULYXEQFBsh: 1: cannot create /sys/kernel/mva_test/regulators/buck1_set: Permission denied
VXULYXEQFB 2
root@arm:~# echo 'YMKE''TUGMVW'
YMKETUGMVW
root@arm:~# MARKER='ZULA''FESFJP' run 'i2cget -y -f 2 0x30 0x50'
ZULAFESFJP0x00
ZULAFESFJP 0
root@arm:~# echo 'LMMG''BQCTST'
LMMGBQCTST
root@arm:~# MARKER='EQOY''FTGVXK' run 'echo 5510000 5510000 > /sys/kernel/mva_tesst/regulators/buck1_set'
EQOYFTGVXKsh: 1: cannot create /sys/kernel/mva_test/regulators/buck1_set: Permission denied
EQOYFTGVXK 2
root@arm:~# echo 'QPJL''BHYOFS'
QPJLBHYOFS
root@arm:~# MARKER='MWYE''HQZJTL' run 'i2cget -y -f 2 0x30 0x50'
MWYEHQZJTL0x00
MWYEHQZJTL 0
root@arm:~# echo 'VQBV''ZPFJQY'
VQBVZPFJQY
root@arm:~# MARKER='ESOL''GGZTPX' run 'grep -r -l rohm,bd9576 /proc/device-tree || sed '"'"'s![^/]*$!!'"'"''
ESOLGGZTPX/proc/device-tree/ocp/interconnect@48000000/segment@100000/target-module@9c000/i2c@0/pmic@30/
ESOLGGZTPX 0
root@arm:~# echo 'PFBV''NVGYFN'
PFBVNVGYFN
root@arm:~# MARKER='QPTN''MTQZQM' run 'test -f /proc/device-tree/ocp/interconnectt\@48000000/segment\@100000/target-module\@9c000/i2c\@0/pmic\@30/regulators/regu lator-vd18/rohm,no-regulator-enable-control ;echo $?'
QPTNMTQZQM1
QPTNMTQZQM 0
root@arm:~# echo 'MKZT''VYYLYO'
MKZTVYYLYO
root@arm:~# MARKER='CKBL''HKBJTT' run 'i2cget -y -f 2 0x30 0x42'
CKBLHKBJTT0x61
CKBLHKBJTT 0
root@arm:~# echo 'KEUG''ZHTTZB'
KEUGZHTTZB
root@arm:~# MARKER='XOBT''EELMNW' run 'echo 1800000 1800000 > /sys/kernel/mva_tesst/regulators/buck2_set'
XOBTEELMNWsh: 1: cannot create /sys/kernel/mva_test/regulators/buck2_set: Permission denied
XOBTEELMNW 2
root@arm:~# echo 'NFUT''UNYWWY'
NFUTUNYWWY
root@arm:~# MARKER='XWUN''LPCPEC' run 'i2cget -y -f 2 0x30 0x53'
XWUNLPCPEC0x00
XWUNLPCPEC 0
root@arm:~# echo 'FFTA''AFESXC'
FFTAAFESXC
root@arm:~# MARKER='QLNN''LMXLVS' run 'echo 1790000 1790000 > /sys/kernel/mva_tesst/regulators/buck2_set'
QLNNLMXLVSsh: 1: cannot create /sys/kernel/mva_test/regulators/buck2_set: Permission denied
QLNNLMXLVS 2
root@arm:~# echo 'FFEG''UVLZON'
FFEGUVLZON
root@arm:~# MARKER='WMPU''SLOUHX' run 'i2cget -y -f 2 0x30 0x53'
WMPUSLOUHX0x00
WMPUSLOUHX 0
root@arm:~# echo 'TVQU''PJQPEE'
TVQUPJQPEE
root@arm:~# MARKER='QEXJ''TTBZPU' run 'echo 1940000 1940000 > /sys/kernel/mva_tesst/regulators/buck2_set'
QEXJTTBZPUsh: 1: cannot create /sys/kernel/mva_test/regulators/buck2_set: Permission denied
QEXJTTBZPU 2
root@arm:~# echo 'QCOQ''EPJVQF'
QCOQEPJVQF
root@arm:~# MARKER='KZXY''QGKMHX' run 'i2cget -y -f 2 0x30 0x53'
KZXYQGKMHX0x00
KZXYQGKMHX 0
root@arm:~# echo 'UFZS''ZOXCUX'
UFZSZOXCUX
root@arm:~# MARKER='KWJK''SXNBWX' run 'echo 1950000 1950000 > /sys/kernel/mva_tesst/regulators/buck2_set'
KWJKSXNBWXsh: 1: cannot create /sys/kernel/mva_test/regulators/buck2_set: Permission denied
KWJKSXNBWX 2
root@arm:~# echo 'VYEM''KSANWG'
VYEMKSANWG
root@arm:~# MARKER='PBYQ''JKSSBP' run 'i2cget -y -f 2 0x30 0x53'
PBYQJKSSBP0x00
PBYQJKSSBP 0
root@arm:~# echo 'EWOM''FMFYWM'
EWOMFMFYWM
root@arm:~# MARKER='OYTS''WHFNNV' run 'grep -r -l rohm,bd9576 /proc/device-tree || sed '"'"'s![^/]*$!!'"'"''
OYTSWHFNNV/proc/device-tree/ocp/interconnect@48000000/segment@100000/target-module@9c000/i2c@0/pmic@30/
OYTSWHFNNV 0
root@arm:~# echo 'EFNX''KQPHGZ'
EFNXKQPHGZ
root@arm:~# MARKER='VBTK''MJSBHG' run 'test -f /proc/device-tree/ocp/interconnectt\@48000000/segment\@100000/target-module\@9c000/i2c\@0/pmic\@30/regulators/regullator-vdddr/rohm,no-regulator-enable-control ;echo $?'
VBTKMJSBHG1
VBTKMJSBHG 0
root@arm:~# echo 'JULK''MFBESP'
JULKMFBESP
root@arm:~# MARKER='NCPW''XKMTWG' run 'i2cget -y -f 2 0x30 0x43'
NCPWXKMTWG0x45
NCPWXKMTWG 0
root@arm:~# echo 'WALQ''TSTBSQ'
WALQTSTBSQ
root@arm:~# MARKER='THMJ''AVKKTF' run 'echo 1350000 1350000 > /sys/kernel/mva_tesst/regulators/buck3_set'
THMJAVKKTFsh: 1: cannot create /sys/kernel/mva_test/regulators/buck3_set: Permission denied
THMJAVKKTF 2
root@arm:~# echo 'WMPM''VSKWUK'
WMPMVSKWUK
root@arm:~# MARKER='JKCN''YJTNJX' run 'i2cget -y -f 2 0x30 0x56'
JKCNYJTNJX0x00
JKCNYJTNJX 0
root@arm:~# echo 'FVEA''FJWGEZ'
FVEAFJWGEZ
root@arm:~# MARKER='ZWOH''WKWAXY' run 'echo 1340000 1340000 > /sys/kernel/mva_tesst/regulators/buck3_set'
ZWOHWKWAXYsh: 1: cannot create /sys/kernel/mva_test/regulators/buck3_set: Permission denied
ZWOHWKWAXY 2
root@arm:~# echo 'AZNE''QJSLYV'
AZNEQJSLYV
root@arm:~# MARKER='ZUWF''JUZVTC' run 'i2cget -y -f 2 0x30 0x56'
ZUWFJUZVTC0x00
ZUWFJUZVTC 0
root@arm:~# echo 'FFLS''WYAFNF'
FFLSWYAFNF
root@arm:~# MARKER='HSJG''XXEMGE' run 'echo 1660000 1660000 > /sys/kernel/mva_tesst/regulators/buck3_set'
HSJGXXEMGEsh: 1: cannot create /sys/kernel/mva_test/regulators/buck3_set: Permission denied
HSJGXXEMGE 2
root@arm:~# echo 'WBSV''MFMKNV'
WBSVMFMKNV
root@arm:~# MARKER='POKX''QYLWAJ' run 'i2cget -y -f 2 0x30 0x56'
POKXQYLWAJ0x00
POKXQYLWAJ 0
root@arm:~# echo 'TBJV''BBGGSN'
TBJVBBGGSN
root@arm:~# MARKER='EPJP''TUVYZT' run 'echo 1670000 1670000 > /sys/kernel/mva_tesst/regulators/buck3_set'
EPJPTUVYZTsh: 1: cannot create /sys/kernel/mva_test/regulators/buck3_set: Permission denied
EPJPTUVYZT 2
root@arm:~# echo 'TWNK''PVMKAA'
TWNKPVMKAA
root@arm:~# MARKER='OKGN''ZHOLQM' run 'i2cget -y -f 2 0x30 0x56'
OKGNZHOLQM0x00
OKGNZHOLQM 0
root@arm:~# echo 'SCHN''SVQBLB'
SCHNSVQBLB
root@arm:~# MARKER='GQXQ''TPMGAE' run 'grep -r -l rohm,bd9576 /proc/device-tree || sed '"'"'s![^/]*$!!'"'"''
GQXQTPMGAE/proc/device-tree/ocp/interconnect@48000000/segment@100000/target-module@9c000/i2c@0/pmic@30/
GQXQTPMGAE 0
root@arm:~# echo 'GHQW''LPEAYB'
GHQWLPEAYB
root@arm:~# MARKER='AHBS''PEXOGY' run 'test -f /proc/device-tree/ocp/interconnectt\@48000000/segment\@100000/target-module\@9c000/i2c\@0/pmic\@30/regulators/regu lator-vd10/rohm,no-regulator-enable-control ;echo $?'
AHBSPEXOGY1
AHBSPEXOGY 0
root@arm:~# echo 'SZLN''CUSHMU'
SZLNCUSHMU
root@arm:~# MARKER='CFGU''CBZCKH' run 'i2cget -y -f 2 0x30 0x44'
CFGUCBZCKH0x73
CFGUCBZCKH 0
root@arm:~# echo 'PQLM''BQEJCU'
PQLMBQEJCU
root@arm:~# MARKER='SSWA''FZOVUE' run 'echo 1030000 1030000 > /sys/kernel/mva_tesst/regulators/buck4_set'
SSWAFZOVUEsh: 1: cannot create /sys/kernel/mva_test/regulators/buck4_set: Permission denied
SSWAFZOVUE 2
root@arm:~# echo 'XOSL''YCBZON'
XOSLYCBZON
root@arm:~# MARKER='UJOJ''ZMEWQU' run 'i2cget -y -f 2 0x30 0x59'
UJOJZMEWQU0x00
UJOJZMEWQU 0
root@arm:~# echo 'HGTS''CYJMOP'
HGTSCYJMOP
root@arm:~# MARKER='XTNC''OKBQAO' run 'echo 1020000 1020000 > /sys/kernel/mva_tesst/regulators/buck4_set'
XTNCOKBQAOsh: 1: cannot create /sys/kernel/mva_test/regulators/buck4_set: Permission denied
XTNCOKBQAO 2
root@arm:~# echo 'FNFX''BPOHMZ'
FNFXBPOHMZ
root@arm:~# MARKER='OKTS''BFMXMX' run 'i2cget -y -f 2 0x30 0x59'
OKTSBFMXMX0x00
OKTSBFMXMX 0
root@arm:~# echo 'BVHQ''OJMCBC'
BVHQOJMCBC
root@arm:~# MARKER='PUEK''XLQMOV' run 'echo 1340000 1340000 > /sys/kernel/mva_tesst/regulators/buck4_set'
PUEKXLQMOVsh: 1: cannot create /sys/kernel/mva_test/regulators/buck4_set: Permission denied
PUEKXLQMOV 2
root@arm:~# echo 'HKKG''NCOVUH'
HKKGNCOVUH
root@arm:~# MARKER='LLOE''EPQAMX' run 'i2cget -y -f 2 0x30 0x59'
LLOEEPQAMX0x00
LLOEEPQAMX 0
root@arm:~# echo 'QGUA''NCCUWB'
QGUANCCUWB
root@arm:~# MARKER='XFWW''BQKFAM' run 'echo 1350000 1350000 > /sys/kernel/mva_tesst/regulators/buck4_set'
XFWWBQKFAMsh: 1: cannot create /sys/kernel/mva_test/regulators/buck4_set: Permission denied
XFWWBQKFAM 2
root@arm:~# echo 'LMBA''GZQKHM'
LMBAGZQKHM
root@arm:~# MARKER='UVBE''PTEFJW' run 'i2cget -y -f 2 0x30 0x59'
UVBEPTEFJW0x00
UVBEPTEFJW 0
root@arm:~# echo 'YWQW''TJYHOM'
YWQWTJYHOM
root@arm:~# MARKER='CCOX''LXBEWZ' run 'grep -r -l rohm,bd9576 /proc/device-tree || sed '"'"'s![^/]*$!!'"'"''
CCOXLXBEWZ/proc/device-tree/ocp/interconnect@48000000/segment@100000/target-module@9c000/i2c@0/pmic@30/
CCOXLXBEWZ 0
root@arm:~# echo 'BJML''VMBKPB'
BJMLVMBKPB
root@arm:~# MARKER='OCLL''XUULBH' run 'test -f /proc/device-tree/ocp/interconnectt\@48000000/segment\@100000/target-module\@9c000/i2c\@0/pmic\@30/regulators/regullator-voutl1/rohm,no-regulator-enable-control ;echo $?'
OCLLXUULBH1
OCLLXUULBH 0
root@arm:~# echo 'FXWK''USOUSQ'
FXWKUSOUSQ
root@arm:~# MARKER='BVKX''CBOMCY' run 'i2cget -y -f 2 0x30 0x45'
BVKXCBOMCY0x36
BVKXCBOMCY 0
root@arm:~# echo 'FTWY''VZBWOF'
FTWYVZBWOF
root@arm:~# MARKER='YXKO''MWVYHT' run 'echo 2500000 2500000 > /sys/kernel/mva_tesst/regulators/buck5_set'
YXKOMWVYHTsh: 1: cannot create /sys/kernel/mva_test/regulators/buck5_set: Permission denied
YXKOMWVYHT 2
root@arm:~# echo 'MNGZ''EXLAWE'
MNGZEXLAWE
root@arm:~# MARKER='NJYE''NWFXJO' run 'i2cget -y -f 2 0x30 0x5c'
NJYENWFXJO0x00
NJYENWFXJO 0
root@arm:~# echo 'OWOQ''SSVZMH'
OWOQSSVZMH
root@arm:~# MARKER='TMPP''ZZLSAH' run 'echo 2490000 2490000 > /sys/kernel/mva_tesst/regulators/buck5_set'
TMPPZZLSAHsh: 1: cannot create /sys/kernel/mva_test/regulators/buck5_set: Permission denied
TMPPZZLSAH 2
root@arm:~# echo 'YPCE''JATEWU'
YPCEJATEWU
root@arm:~# MARKER='XZMN''QUZZOT' run 'i2cget -y -f 2 0x30 0x5c'
XZMNQUZZOT0x00
XZMNQUZZOT 0
root@arm:~# echo 'AXCE''QXTEVT'
AXCEQXTEVT
root@arm:~# MARKER='CMQJ''GZPJSE' run 'echo 2780000 2780000 > /sys/kernel/mva_tesst/regulators/buck5_set'
CMQJGZPJSEsh: 1: cannot create /sys/kernel/mva_test/regulators/buck5_set: Permission denied
CMQJGZPJSE 2
root@arm:~# echo 'EMET''CAFGOG'
EMETCAFGOG
root@arm:~# MARKER='QLCQ''ZJKSOE' run 'i2cget -y -f 2 0x30 0x5c'
QLCQZJKSOE0x00
QLCQZJKSOE 0
root@arm:~# echo 'XSJL''QGZTMJ'
XSJLQGZTMJ
root@arm:~# MARKER='GGWC''LGPVCA' run 'echo 2790000 2790000 > /sys/kernel/mva_tesst/regulators/buck5_set'
GGWCLGPVCAsh: 1: cannot create /sys/kernel/mva_test/regulators/buck5_set: Permission denied
GGWCLGPVCA 2
root@arm:~# echo 'ONAY''ZJHXKF'
ONAYZJHXKF
root@arm:~# MARKER='MLPV''GAOLEW' run 'i2cget -y -f 2 0x30 0x5c'
MLPVGAOLEW0x00
MLPVGAOLEW 0
root@arm:~# echo 'XBXU''PYVELZ'
XBXUPYVELZ
root@arm:~# MARKER='FLLL''UFMACA' run 'grep -r -l rohm,bd9576 /proc/device-tree || sed '"'"'s![^/]*$!!'"'"''
FLLLUFMACA/proc/device-tree/ocp/interconnect@48000000/segment@100000/target-module@9c000/i2c@0/pmic@30/
FLLLUFMACA 0
root@arm:~# echo 'QOXT''UTPHNT'
QOXTUTPHNT
root@arm:~# MARKER='OBMU''MZBCNW' run 'test -f /proc/device-tree/ocp/interconnectt\@48000000/segment\@100000/target-module\@9c000/i2c\@0/pmic\@30/regulators/regu lator-vouts1/rohm,no-regulator-enable-control ;echo $?'
OBMUMZBCNW1
OBMUMZBCNW 0
root@arm:~# echo 'SUFH''JBFVBM'
SUFHJBFVBM
root@arm:~# MARKER='CFBW''ZTVBMX' run 'i2cget -y -f 2 0x30 0x46'
CFBWZTVBMX0x52
CFBWZTVBMX 0
root@arm:~# Labgrid Console Logfile for main
Logfile started at 2024-11-04 08:42:36.212505
=== Log starts here ===

root@arm:~# run() { echo -n "$MARKER"; sh -c "$@"; echo "$MARKER $?"; }
root@arm:~# echo 'LGBJ''TSQSQU'
LGBJTSQSQU
root@arm:~# MARKER='KBAW''NZVUXL' run 'grep -r -l rohm,bd9576 /proc/device-tree || sed '"'"'s![^/]*$!!'"'"''
KBAWNZVUXL/proc/device-tree/ocp/interconnect@48000000/segment@100000/target-module@9c000/i2c@0/pmic@30/
KBAWNZVUXL 0
root@arm:~# echo 'GYKK''CVFOEQ'
GYKKCVFOEQ
root@arm:~# MARKER='YBNY''PBLQTB' run 'xxd -p /proc/device-tree/ocp/interconnect\\@48000000/segment\@100000/target-module\@9c000/i2c\@0/pmic\@30/regulators/regulaator-vd50/regulator-ov-error-microvolt'
YBNYPBLQTB00057e40
YBNYPBLQTB 0
root@arm:~# echo 'JWCE''FKXTMA'
JWCEFKXTMA
root@arm:~# MARKER='ZAJJ''ATJUXS' run 'i2cget -y -f 2 0x30 0x51'
ZAJJATJUXS0x47
ZAJJATJUXS 0
root@arm:~# echo 'SMBA''SNLSAA'
SMBASNLSAA
root@arm:~# MARKER='FZGZ''HSPSHH' run 'grep -r -l rohm,bd9576 /proc/device-tree || sed '"'"'s![^/]*$!!'"'"''
FZGZHSPSHH/proc/device-tree/ocp/interconnect@48000000/segment@100000/target-module@9c000/i2c@0/pmic@30/
FZGZHSPSHH 0
root@arm:~# echo 'TTBM''XCTXGC'
TTBMXCTXGC
root@arm:~# MARKER='XJBG''PFQGMO' run 'xxd -p /proc/device-tree/ocp/interconnect\\@48000000/segment\@100000/target-module\@9c000/i2c\@0/pmic\@30/regulators/regulaator-vd50/regulator-uv-error-microvolt'
XJBGPFQGMO00057e40
XJBGPFQGMO 0
root@arm:~# echo 'LNKU''ABJYTK'
LNKUABJYTK
root@arm:~# MARKER='OXVH''TJNEYH' run 'i2cget -y -f 2 0x30 0x52'
OXVHTJNEYH0x47
OXVHTJNEYH 0
root@arm:~# echo 'KOGJ''AFVXMG'
KOGJAFVXMG
root@arm:~# MARKER='MEWH''QTEALW' run 'grep -r -l rohm,bd9576 /proc/device-tree || sed '"'"'s![^/]*$!!'"'"''
MEWHQTEALW/proc/device-tree/ocp/interconnect@48000000/segment@100000/target-module@9c000/i2c@0/pmic@30/
MEWHQTEALW 0
root@arm:~# echo 'GQUW''CKYCFX'
GQUWCKYCFX
root@arm:~# MARKER='HVGQ''NYFACG' run 'xxd -p /proc/device-tree/ocp/interconnect\\@48000000/segment\@100000/target-module\@9c000/i2c\@0/pmic\@30/regulators/regulaator-vd18/regulator-ov-error-microvolt'
HVGQNYFACG00004650
HVGQNYFACG 0
root@arm:~# echo 'ZYJE''LEAMCT'
ZYJELEAMCT
root@arm:~# MARKER='EECN''OOLZYV' run 'i2cget -y -f 2 0x30 0x54'
EECNOOLZYV0x11
EECNOOLZYV 0
root@arm:~# echo 'NYCE''TBVPUC'
NYCETBVPUC
root@arm:~# MARKER='UNOT''CEECEF' run 'grep -r -l rohm,bd9576 /proc/device-tree || sed '"'"'s![^/]*$!!'"'"''
UNOTCEECEF/proc/device-tree/ocp/interconnect@48000000/segment@100000/target-module@9c000/i2c@0/pmic@30/
UNOTCEECEF 0
root@arm:~# echo 'UXSU''HZJOUU'
UXSUHZJOUU
root@arm:~# MARKER='LNXM''UPNGYO' run 'xxd -p /proc/device-tree/ocp/interconnect\\@48000000/segment\@100000/target-module\@9c000/i2c\@0/pmic\@30/regulators/regulaator-vd18/regulator-uv-error-microvolt'
LNXMUPNGYO0001a9c8
LNXMUPNGYO 0
root@arm:~# echo 'FSGK''OTQCKJ'
FSGKOTQCKJ
root@arm:~# MARKER='OZQH''GVEGZC' run 'i2cget -y -f 2 0x30 0x55'
OZQHGVEGZC0x6c
OZQHGVEGZC 0
root@arm:~# echo 'PUXV''HWZQUQ'
PUXVHWZQUQ
root@arm:~# MARKER='HXOQ''UAYZTP' run 'grep -r -l rohm,bd9576 /proc/device-tree  | sed '"'"'s![^/]*$!!'"'"''
HXOQUAYZTP/proc/device-tree/ocp/interconnect@48000000/segment@100000/target-module@9c000/i2c@0/pmic@30/
HXOQUAYZTP 0
root@arm:~# echo 'AUYZ''ZOFNNX'
AUYZZOFNNX
root@arm:~# MARKER='UOGN''HXMMHX' run 'xxd -p /proc/device-tree/ocp/interconnect\\@48000000/segment\@100000/target-module\@9c000/i2c\@0/pmic\@30/regulators/regulaator-vdddr/regulator-ov-warn-microvolt'
UOGNHXMMHX0001adb0
UOGNHXMMHX 0
root@arm:~# echo 'OVFG''ECPUZW'
OVFGECPUZW
root@arm:~# MARKER='SXFG''WYNCNK' run 'i2cget -y -f 2 0x30 0x57'
SXFGWYNCNK0x6d
SXFGWYNCNK 0
root@arm:~# echo 'EWNC''BOGGWY'
EWNCBOGGWY
root@arm:~# MARKER='YHJP''EVTPOF' run 'grep -r -l rohm,bd9576 /proc/device-tree || sed '"'"'s![^/]*$!!'"'"''
YHJPEVTPOF/proc/device-tree/ocp/interconnect@48000000/segment@100000/target-module@9c000/i2c@0/pmic@30/
YHJPEVTPOF 0
root@arm:~# echo 'ZNVL''CSHAAE'
ZNVLCSHAAE
root@arm:~# MARKER='JFJT''BKHCQT' run 'xxd -p /proc/device-tree/ocp/interconnect\\@48000000/segment\@100000/target-module\@9c000/i2c\@0/pmic\@30/regulators/regul ator-vdddr/regulator-uv-warn-microvolt'
JFJTBKHCQT0001adb0
JFJTBKHCQT 0
root@arm:~# echo 'OOKS''UBBKJQ'
OOKSUBBKJQ
root@arm:~# MARKER='MVNT''APNMXX' run 'i2cget -y -f 2 0x30 0x58'
MVNTAPNMXX0x6d
MVNTAPNMXX 0
root@arm:~# echo 'ACHN''TOXFFL'
ACHNTOXFFL
root@arm:~# MARKER='BGAY''MBWECC' run 'grep -r -l rohm,bd9576 /proc/device-tree || sed '"'"'s![^/]*$!!'"'"''
BGAYMBWECC/proc/device-tree/ocp/interconnect@48000000/segment@100000/target-module@9c000/i2c@0/pmic@30/
BGAYMBWECC 0
root@arm:~# echo 'WMQZ''CKBHHG'
WMQZCKBHHG
root@arm:~# MARKER='FOEN''SOSAMH' run 'xxd -p /proc/device-tree/ocp/interconnect\\@48000000/segment\@100000/target-module\@9c000/i2c\@0/pmic\@30/regulators/regulaator-vd10/regulator-ov-error-microvolt'
FOENSOSAMH00006590
FOENSOSAMH 0
root@arm:~# echo 'KFMH''PNUEKP'
KFMHPNUEKP
root@arm:~# MARKER='PNNT''QNESQJ' run 'i2cget -y -f 2 0x30 0x5a'
PNNTQNESQJ0x19
PNNTQNESQJ 0
root@arm:~# echo 'OHOJ''OPWVZB'
OHOJOPWVZB
root@arm:~# MARKER='ZNPB''FZTPKC' run 'grep -r -l rohm,bd9576 /proc/device-tree || sed '"'"'s![^/]*$!!'"'"''
ZNPBFZTPKC/proc/device-tree/ocp/interconnect@48000000/segment@100000/target-module@9c000/i2c@0/pmic@30/
ZNPBFZTPKC 0
root@arm:~# echo 'HLVC''LUQUMW'
HLVCLUQUMW
root@arm:~# MARKER='ZFTQ''VSOCXA' run 'xxd -p /proc/device-tree/ocp/interconnect\\@48000000/segment\@100000/target-module\@9c000/i2c\@0/pmic\@30/regulators/regulaator-vd10/regulator-uv-error-microvolt'
ZFTQVSOCXA00006590
ZFTQVSOCXA 0
root@arm:~# echo 'BPGU''JSTTWP'
BPGUJSTTWP
root@arm:~# MARKER='EYFG''YVKKHP' run 'i2cget -y -f 2 0x30 0x5b'
EYFGYVKKHP0x19
EYFGYVKKHP 0
root@arm:~# echo 'KATJ''CUJHZM'
KATJCUJHZM
root@arm:~# MARKER='ZAUY''XUPTWG' run 'grep -r -l rohm,bd9576 /proc/device-tree || sed '"'"'s![^/]*$!!'"'"''
ZAUYXUPTWG/proc/device-tree/ocp/interconnect@48000000/segment@100000/target-module@9c000/i2c@0/pmic@30/
ZAUYXUPTWG 0
root@arm:~# echo 'EBHQ''UKHVCX'
EBHQUKHVCX
root@arm:~# MARKER='GTPK''HOMKFS' run 'xxd -p /proc/device-tree/ocp/interconnect\\@48000000/segment\@100000/target-module\@9c000/i2c\@0/pmic\@30/regulators/regulaator-voutl1/regulator-ov-error-microvolt'
GTPKHOMKFS000084d0
GTPKHOMKFS 0
root@arm:~# echo 'LSSU''HGHJSA'
LSSUHGHJSA
root@arm:~# MARKER='YWUO''WQBVKM' run 'i2cget -y -f 2 0x30 0x5d'
YWUOWQBVKM0x01
YWUOWQBVKM 0
root@arm:~# echo 'UOBA''EKNFZX'
UOBAEKNFZX
root@arm:~# MARKER='FPCM''AFANGK' run 'grep -r -l rohm,bd9576 /proc/device-tree || sed '"'"'s![^/]*$!!'"'"''
FPCMAFANGK/proc/device-tree/ocp/interconnect@48000000/segment@100000/target-module@9c000/i2c@0/pmic@30/
FPCMAFANGK 0
root@arm:~# echo 'ULNA''POMEOA'
ULNAPOMEOA
root@arm:~# MARKER='AZFL''XNGVPJ' run 'xxd -p /proc/device-tree/ocp/interconnect\\@48000000/segment\@100000/target-module\@9c000/i2c\@0/pmic\@30/regulators/regulaator-voutl1/regulator-uv-error-microvolt'
AZFLXNGVPJ000084d0
AZFLXNGVPJ 0
root@arm:~# echo 'CBJJ''BGAQNL'
CBJJBGAQNL
root@arm:~# MARKER='KQLY''XCVEXK' run 'i2cget -y -f 2 0x30 0x5e'
KQLYXCVEXK0x01
KQLYXCVEXK 0
root@arm:~# echo 'NZWM''TWXXZN'
NZWMTWXXZN
root@arm:~# MARKER='XHPT''HCULVW' run 'grep -r -l rohm,bd9576 /proc/device-tree || sed '"'"'s![^/]*$!!'"'"''
XHPTHCULVW/proc/device-tree/ocp/interconnect@48000000/segment@100000/target-module@9c000/i2c@0/pmic@30/
XHPTHCULVW 0
root@arm:~# echo 'ZTGE''QZZGNY'
ZTGEQZZGNY
root@arm:~# MARKER='TNPU''ZSSGXE' run 'xxd -p /proc/device-tree/ocp/interconnect\\@48000000/segment\@100000/target-module\@9c000/i2c\@0/pmic\@30/regulators/regulaator-vouts1/regulator-oc-warn-microamp'
TNPUZSSGXE00055730
TNPUZSSGXE 0
root@arm:~# echo 'ZUEE''PNBEKB'
ZUEEPNBEKB
root@arm:~# MARKER='XAEW''HNVHCF' run 'i2cget -y -f 2 0x30 0x5f'
XAEWHNVHCF0x07
XAEWHNVHCF 0
root@arm:~# echo 'CGJA''KYAQQB'
CGJAKYAQQB
root@arm:~# MARKER='CGGW''UNKOCA' run 'grep -r -l rohm,bd9576 /proc/device-tree || sed '"'"'s![^/]*$!!'"'"''
CGGWUNKOCA/proc/device-tree/ocp/interconnect@48000000/segment@100000/target-module@9c000/i2c@0/pmic@30/
CGGWUNKOCA 0
root@arm:~# echo 'TFOT''JFGXFP'
TFOTJFGXFP
root@arm:~# MARKER='OSCN''HXSUNG' run 'xxd -p /proc/device-tree/ocp/interconnect\\@48000000/segment\@100000/target-module\@9c000/i2c\@0/pmic\@30/regulators/regulaator-vouts1/regulator-oc-protection-microamp'
OSCNHXSUNG00149970
OSCNHXSUNG 0
root@arm:~# echo 'FHYZ''ZKHENP'
FHYZZKHENP
root@arm:~# MARKER='XXMO''FYJQUV' run 'i2cget -y -f 2 0x30 0x60'
XXMOFYJQUV0x1b
XXMOFYJQUV 0
root@arm:~# Labgrid Console Logfile for main
Logfile started at 2024-11-04 08:42:56.680586
=== Log starts here ===
reading args
spl_load_image_fat_os: error reading image args, err - -1
reading u-boot.img
reading u-boot.img


U-Boot 2014.04-00014-g47880f5 (Apr 22 2014 - 13:23:54)

I2C:   ready
DRAM:  512 MiB
NAND:  0 MiB
MMC:   OMAP SD/MMC: 0, OMAP SD/MMC: 1
*** Warning - readenv() failed, using default environment

Net:   <ethaddr> not set. Validating first E-fuse MAC
cpsw, usb_ether
Hit any key to stop autoboot:  1  0 
gpio: pin 53 (gpio 53) value is 1
mmc0 is current device
gpio: pin 54 (gpio 54) value is 1
SD/MMC found on device 0
reading uEnv.txt
569 bytes read in 4 ms (138.7 KiB/s)
gpio: pin 55 (gpio 55) value is 1
Loaded environment from uEnv.txt
Importing environment from mmc ...
Checking if uenvcmd is set ...
gpio: pin 56 (gpio 56) value is 1
Running uenvcmd ...
cpsw Waiting for PHY auto negotiation to complete. done
link up on port 0, speed 100, full duplex
Using cpsw device
TFTP from server 192.168.255.126; our IP address is 192.168.255.1
Filename 'zImage'.
Load address: 0x81000000
Loading: *#################################################################
	 #################################################################
	 #################################################################
	 #################################################################
	 #################################################################
	 ####################################################
	 2.4 MiB/s
done
Bytes transferred = 5531656 (546808 hex)
link up on port 0, speed 100, full duplex
Using cpsw device
TFTP from server 192.168.255.126; our IP address is 192.168.255.1
Filename 'am335x-boneblack.dtb'.
Load address: 0x82000000
Loading: *#######
	 2.2 MiB/s
done
Bytes transferred = 98244 (17fc4 hex)
Kernel image @ 0x81000000 [ 0x000000 - 0x546808 ]
## Flattened Device Tree blob at 82000000
   Booting using the fdt blob at 0x82000000
   Using Device Tree in place at 82000000, end 8201afc3

Starting kernel ...

[    0.000000] Booting Linux on physical CPU 0x0
[    0.000000] Linux version 6.12.0-rc5-next-20241104 (user01@drvtest01) (arm-linux-gnueabihf-gcc (Linaro GCC 6.4-2017.11) 6.4.1 20171012, GNU ld (Linaro_Binutils-2017.11) 2.27.0.20161229) #129 SMP Mon Nov  4 08:38:21 EET 2024
[    0.000000] CPU: ARMv7 Processor [413fc082] revision 2 (ARMv7), cr=10c5387d
[    0.000000] CPU: PIPT / VIPT nonaliasing data cache, VIPT aliasing instruction cache
[    0.000000] OF: fdt: Machine model: TI AM335x BeagleBone Black
[    0.000000] Memory policy: Data cache writeback
[    0.000000] cma: Reserved 16 MiB at 0x9e800000 on node -1
[    0.000000] Zone ranges:
[    0.000000]   Normal   [mem 0x0000000080000000-0x000000009fdfffff]
[    0.000000]   HighMem  empty
[    0.000000] Movable zone start for each node
[    0.000000] Early memory node ranges
[    0.000000]   node   0: [mem 0x0000000080000000-0x000000009fdfffff]
[    0.000000] Initmem setup node 0 [mem 0x0000000080000000-0x000000009fdfffff]
[    0.000000] OF: reserved mem: Reserved memory: No reserved-memory node in the DT
[    0.000000] CPU: All CPU(s) started in SVC mode.
[    0.000000] AM335X ES2.1 (sgx neon)
[    0.000000] percpu: Embedded 17 pages/cpu s39564 r8192 d21876 u69632
[    0.000000] Kernel command line: console=ttyO0,115200n8 root=/dev/nfs rw nfsroot=192.168.255.126:/home/user01/nfs,nfsvers=3 ip=192.168.255.1:192.168.255.126::255.255.255.0:bbb1:eth0 nfsrootdebug
[    0.000000] Unknown kernel command line parameters "nfsrootdebug", will be passed to user space.
[    0.000000] printk: log buffer data + meta data: 65536 + 204800 = 270336 bytes
[    0.000000] Dentry cache hash table entries: 65536 (order: 6, 262144 bytes, linear)
[    0.000000] Inode-cache hash table entries: 32768 (order: 5, 131072 bytes, linear)
[    0.000000] Built 1 zonelists, mobility grouping on.  Total pages: 130560
[    0.000000] mem auto-init: stack:off, heap alloc:off, heap free:off
[    0.000000] SLUB: HWalign=64, Order=0-3, MinObjects=0, CPUs=1, Nodes=1
[    0.000000] trace event string verifier disabled
[    0.000000] rcu: Hierarchical RCU implementation.
[    0.000000] rcu: 	RCU event tracing is enabled.
[    0.000000] rcu: 	RCU restricting CPUs from NR_CPUS=2 to nr_cpu_ids=1.
[    0.000000] 	Tracing variant of Tasks RCU enabled.
[    0.000000] rcu: RCU calculated value of scheduler-enlistment delay is 10 jiffies.
[    0.000000] rcu: Adjusting geometry for rcu_fanout_leaf=16, nr_cpu_ids=1
[    0.000000] RCU Tasks Trace: Setting shift to 0 and lim to 1 rcu_task_cb_adjust=1 rcu_task_cpu_ids=1.
[    0.000000] NR_IRQS: 16, nr_irqs: 16, preallocated irqs: 16
[    0.000000] IRQ: Found an INTC at 0x(ptrval) (revision 5.0) with 128 interrupts
[    0.000000] rcu: srcu_init: Setting srcu_struct sizes based on contention.
[    0.000000] TI gptimer clocksource: always-on /ocp/interconnect@44c00000/segment@200000/target-module@31000
[    0.000003] sched_clock: 32 bits at 24MHz, resolution 41ns, wraps every 89478484971ns
[    0.000026] clocksource: dmtimer: mask: 0xffffffff max_cycles: 0xffffffff, max_idle_ns: 79635851949 ns
[    0.000493] TI gptimer clockevent: 24000000 Hz at /ocp/interconnect@48000000/segment@0/target-module@40000
[    0.002124] Console: colour dummy device 80x30
[    0.002192] WARNING: Your 'console=ttyO0' has been replaced by 'ttyS0'
[    0.002200] This ensures that you still see kernel messages. Please
[    0.002205] update your kernel commandline.
[    0.002248] Calibrating delay loop... 996.14 BogoMIPS (lpj=4980736)
[    0.090542] CPU: Testing write buffer coherency: ok
[    0.090659] CPU0: Spectre v2: using BPIALL workaround
[    0.090672] pid_max: default: 32768 minimum: 301
[    0.090797] LSM: initializing lsm=capability
[    0.090978] Mount-cache hash table entries: 1024 (order: 0, 4096 bytes, linear)
[    0.090998] Mountpoint-cache hash table entries: 1024 (order: 0, 4096 bytes, linear)
[    0.092650] CPU0: thread -1, cpu 0, socket -1, mpidr 0
[    0.160918] Setting up static identity map for 0x80100000 - 0x80100078
[    0.170699] rcu: Hierarchical SRCU implementation.
[    0.170710] rcu: 	Max phase no-delay instances is 1000.
[    0.190760] smp: Bringing up secondary CPUs ...
[    0.190818] smp: Brought up 1 node, 1 CPU
[    0.190833] SMP: Total of 1 processors activated (996.14 BogoMIPS).
[    0.190845] CPU: All CPU(s) started in SVC mode.
[    0.191039] Memory: 480864K/522240K available (11264K kernel code, 1213K rwdata, 2892K rodata, 1024K init, 297K bss, 23364K reserved, 16384K cma-reserved, 0K highmem)
[    0.191907] devtmpfs: initialized
[    0.209655] VFP support v0.3: implementor 41 architecture 3 part 30 variant c rev 3
[    0.210019] clocksource: jiffies: mask: 0xffffffff max_cycles: 0xffffffff, max_idle_ns: 19112604462750000 ns
[    0.210056] futex hash table entries: 256 (order: 2, 16384 bytes, linear)
[    0.211558] pinctrl core: initialized pinctrl subsystem
[    0.214430] NET: Registered PF_NETLINK/PF_ROUTE protocol family
[    0.217253] DMA: preallocated 256 KiB pool for atomic coherent allocations
[    0.218206] audit: initializing netlink subsys (disabled)
[    0.219651] thermal_sys: Registered thermal governor 'fair_share'
[    0.219668] thermal_sys: Registered thermal governor 'step_wise'
[    0.219677] thermal_sys: Registered thermal governor 'user_space'
[    0.219832] audit: type=2000 audit(0.210:1): state=initialized audit_enabled=0 res=1
[    0.219870] cpuidle: using governor menu
[    0.239017] No ATAGs?
[    0.239042] hw-breakpoint: debug architecture 0x4 unsupported.
[    0.241885] kprobes: kprobe jump-optimization is enabled. All kprobes are optimized if possible.
[    0.254018] iommu: Default domain type: Translated
[    0.254042] iommu: DMA domain TLB invalidation policy: strict mode
[    0.261680] SCSI subsystem initialized
[    0.262542] pps_core: LinuxPPS API ver. 1 registered
[    0.262552] pps_core: Software ver. 5.3.6 - Copyright 2005-2007 Rodolfo Giometti <giometti@linux.it>
[    0.262575] PTP clock support registered
[    0.270963] vgaarb: loaded
[    0.271370] clocksource: Switched to clocksource dmtimer
[    0.272079] VFS: Disk quotas dquot_6.6.0
[    0.272123] VFS: Dquot-cache hash table entries: 1024 (order 0, 4096 bytes)
[    0.297403] NET: Registered PF_INET protocol family
[    0.297758] IP idents hash table entries: 8192 (order: 4, 65536 bytes, linear)
[    0.299183] tcp_listen_portaddr_hash hash table entries: 512 (order: 0, 4096 bytes, linear)
[    0.299221] Table-perturb hash table entries: 65536 (order: 6, 262144 bytes, linear)
[    0.299244] TCP established hash table entries: 4096 (order: 2, 16384 bytes, linear)
[    0.299288] TCP bind hash table entries: 4096 (order: 4, 65536 bytes, linear)
[    0.299388] TCP: Hash tables configured (established 4096 bind 4096)
[    0.299507] UDP hash table entries: 256 (order: 1, 8192 bytes, linear)
[    0.299535] UDP-Lite hash table entries: 256 (order: 1, 8192 bytes, linear)
[    0.299705] NET: Registered PF_UNIX/PF_LOCAL protocol family
[    0.312766] RPC: Registered named UNIX socket transport module.
[    0.312788] RPC: Registered udp transport module.
[    0.312794] RPC: Registered tcp transport module.
[    0.312799] RPC: Registered tcp-with-tls transport module.
[    0.312805] RPC: Registered tcp NFSv4.1 backchannel transport module.
[    0.312830] PCI: CLS 0 bytes, default 64
[    0.314346] Initialise system trusted keyrings
[    0.315147] workingset: timestamp_bits=14 max_order=17 bucket_order=3
[    0.316798] NFS: Registering the id_resolver key type
[    0.316879] Key type id_resolver registered
[    0.316888] Key type id_legacy registered
[    0.316937] jffs2: version 2.2. (NAND) (SUMMARY)  Â© 2001-2006 Red Hat, Inc.
[    0.317353] Key type asymmetric registered
[    0.317366] Asymmetric key parser 'x509' registered
[    0.317432] io scheduler mq-deadline registered
[    0.317442] io scheduler kyber registered
[    0.317514] io scheduler bfq registered
[    0.319158] ledtrig-cpu: registered to indicate activity on CPUs
[    0.331992] Serial: 8250/16550 driver, 6 ports, IRQ sharing enabled
[    0.375104] brd: module loaded
[    0.396023] loop: module loaded
[    0.396973] mtdoops: mtd device (mtddev=name/number) must be supplied
[    0.400197] i2c_dev: i2c /dev entries driver
[    0.401186] cpuidle: enable-method property 'ti,am3352' found operations
[    0.401847] sdhci: Secure Digital Host Controller Interface driver
[    0.401861] sdhci: Copyright(c) Pierre Ossman
[    0.402040] sdhci-pltfm: SDHCI platform and OF driver helper
[    0.403073] Initializing XFRM netlink socket
[    0.403221] NET: Registered PF_INET6 protocol family
[    0.413206] Segment Routing with IPv6
[    0.413299] In-situ OAM (IOAM) with IPv6
[    0.413398] sit: IPv6, IPv4 and MPLS over IPv4 tunneling driver
[    0.414379] NET: Registered PF_PACKET protocol family
[    0.414417] NET: Registered PF_KEY protocol family
[    0.414554] Key type dns_resolver registered
[    0.414827] ThumbEE CPU extension supported.
[    0.414847] Registering SWP/SWPB emulation handler
[    0.415377] omap_voltage_late_init: Voltage driver support not added
[    0.415730] SmartReflex Class3 initialized
[    0.442803] Loading compiled-in X.509 certificates
[    0.540271] platform 44e10800.pinmux: Fixed dependency cycle(s) with /ocp/interconnect@44c00000/segment@200000/target-module@10000/scm@0/pinmux@800/clkout2-pins
[    0.540826] pinctrl-single 44e10800.pinmux: 142 pins, size 568
[    0.546332] ti-sysc 44e31000.target-module: probe with driver ti-sysc failed with error -16
[    0.581907] ti-sysc 48040000.target-module: probe with driver ti-sysc failed with error -16
[    0.623375] OMAP GPIO hardware version 0.1
[    0.647684] omap_i2c 4819c000.i2c: bus 2 rev0.11 at 100 kHz
[    0.693064] 48000000.interconnect:segment@200000:target-module@0:mpu@0:fck: device ID is greater than 24
[    0.697234] platform 4830e000.lcdc: Fixed dependency cycle(s) with /ocp/interconnect@44c00000/segment@200000/target-module@b000/i2c@0/tda19988@70
[    0.708251] sdhci-omap 481d8000.mmc: supply pbias not found, using dummy regulator
[    0.708763] sdhci-omap 481d8000.mmc: supply vqmmc not found, using dummy regulator
[    0.765098] davinci_mdio 4a101000.mdio: davinci mdio revision 1.6, bus freq 1000000
[    0.931026] davinci_mdio 4a101000.mdio: phy[0]: device 4a101000.mdio:00, driver SMSC LAN8710/LAN8720
[    0.931921] cpsw-switch 4a100000.switch: initialized cpsw ale version 1.4
[    0.931945] cpsw-switch 4a100000.switch: ALE Table size 1024, Policers 0
[    0.932095] cpsw-switch 4a100000.switch: cpts: overflow check period 500 (jiffies)
[    0.932112] cpsw-switch 4a100000.switch: CPTS: ref_clk_freq:250000000 calc_mult:2147483648 calc_shift:29 error:0 nsec/sec
[    0.932222] cpsw-switch 4a100000.switch: Detected MACID = 6c:ec:eb:68:de:78
[    0.934111] cpsw-switch 4a100000.switch: initialized (regs 0x4a100000, pool size 256) hw_ver:0019010C 1.12 (0)
[    0.945248] debugfs: Directory '49000000.dma' with parent 'dmaengine' already present!
[    0.945290] edma 49000000.dma: TI EDMA DMA engine driver
[    0.996763] target-module@4b000000:target-module@140000:pmu@0:fck: device ID is greater than 24
[    1.016787] hw perfevents: enabled with armv7_cortex_a8 PMU driver, 5 (8000000f) counters available
[    1.024571] l3-aon-clkctrl:0000:0: failed to disable
[    1.035582] 44e09000.serial: ttyS0 at MMIO 0x44e09000 (irq = 34, base_baud = 3000000) is a 8250
[    1.035669] printk: legacy console [ttyS0] enabled
 [    2.312365] tps65217-pmic: Failed to locate of_node [id: -1 ]
[    2.318469] tps65217-bl: Failed to locate of_node [id: -1]
[    2.329857] tps65217 0-0024: TPS65217 ID 0xe version 1.2
[    2.336003] platform 4830e000.lcdc: Fixed dependency cycle(s) wi0/LAN8720 4a101000.mdio:00: attached PHY driver (mii_bus:phy_addr=4a101000.mdio:00, irq=POLL)
[    2.560734] mmc1: new high speed MMC card at address 0001
[    2.567728] mmcblk1: mmc1:0001 MMC04G 3.60 GiB
[    2.575288]  mmcblk1: p1 p2
[    2.579692] mmcblk1boot0: mmc1:0001 MMC04G 2.00 MiB
[    2.586862] mmcblk1boot1: mmc1:0001 MMC04G 2.00 MiB
[    2.594295] mmcblk1rpmb: mmc1:0001 MMC04G 128 KiB, chardev (250:0)
[    5.682165] cpsw-switch 4a100000.switch eth0: Link is Up - 100Mbps/Full - flow control off
[    5.711387] IP-Config: Complete:
[    5.714662]      device=eth0, hwaddr=6c:ec:eb:68:de:78, ipaddr=192.168.255.1, mask=255.255.255.0, gw=255.255.255.255
[    5.725306]      host=bbb1, domain=, nis-domain=(none)
[    5.730476]      bootserver=192.168.255.126, rootserver=192.168.255.126, rootpath=
[    5.730900] clk: Disabling unused clocks
[    5.742765] PM: genpd: Disabling unused power domains
[    5.747890] KTAP version 1
[    5.750612] 1..0
[    5.776158] VFS: Mounted root (nfs filesystem) on device 0:17.
[    5.783333] devtmpfs: mounted
[    5.788000] Freeing unused kernel image (initmem) memory: 1024K
[    5.794837] Run /sbin/init as init process
[    6.501997] systemd[1]: System time before build time, advancing clock.
[    7.981398] random: crng init done
[    8.023439] systemd[1]: systemd 232 running in system mode. (+PAM +AUDIT +SELINUX +IMA +APPARMOR +SMACK +SYSVINIT +UTMP +LIBCRYPTSETUP +GCRYPT +GNUTLS +ACL +XZ +LZ4 +SECCOMP +BLKID +ELFUTILS +KMOD +IDN)
[    8.042482] systemd[1]: Detected architecture arm.

Welcome to [1mDebian GNU/Linux 9 (stretch)[0m!

[    8.074613] systemd[1]: Set hostname to <arm>.
[    9.198902] systemd[1]: Listening on udev Control Socket.
[[0;32m  OK  [0m] Listening on udev Control Socket.
[    9.221800] systemd[1]: Reached target Swap.
[[0;32m  OK  [0m] Reached target Swap.
[    9.243292] systemd[1]: Set up automount Arbitrary Executable File Formats File System Automount Point.
[[0;32m  OK  [0m] Set up automount Arbitrary Executabâ€¦rmats File System Automount Point.
[    9.271839] systemd[1]: Reached target Remote File Systems.
[[0;32m  OK  [0m] Reached target Remote File Systems.
[    9.302965] systemd[1]: Created slice System Slice.
[[0;32m  OK  [0m] Created slice System Slice.
[    9.331898] systemd[1]: dev-hugepages.mount: Couldn't determine result for ConditionVirtualization=!private-users, assuming failed: No such file or directory
[    9.381961] systemd[1]: Mounting POSIX Message Queue File System...
         Mounting POSIX Message Queue File System...
[[0;32m  OK  [0m] Created slice system-getty.slice.
         Mounting Debug File System...
[[0;32m  OK  [0m] Listening on Journal Socket (/dev/log).
[[0;32m  OK  [0m] Listening on /dev/initctl Compatibility Named Pipe.
[[0;32m  OK  [0m] Listening on Syslog Socket.
[[0;32m  OK  [0m] Listening on udev Kernel Socket.
[[0;32m  OK  [0m] Listening on Journal Audit Socket.
[[0;32m  OK  [0m] Created slice system-serial\x2dgetty.slice.
[[0;32m  OK  [0m] Created slice User and Session Slice.
[[0;32m  OK  [0m] Reached target Slices.
[[0;32m  OK  [0m] Started Forward Password Requests to Wall Directory Watch.
[[0;32m  OK  [0m] Listening on Journal Socket.
         Starting Journal Service...
         Starting Create list of required stâ€¦ce nodes for the current kernel...
         Starting Remount Root and Kernel File Systems...
         Starting Load Kernel Modules...
[[0;32m  OK  [0m] Started Dispatch Password Requests to Console Directory Watch.
[[0;32m  OK  [0m] Reached target Paths.
[[0;32m  OK  [0m] Reached target Encrypted Volumes.
[[0;32m  OK  [0m] Mounted POSIX Message Queue File System.
[[0;32m  OK  [0m] Mounted Debug File System.
[[0;32m  OK  [0m] Started Create list of required staâ€¦vice nodes for the current kernel.
[[0;32m  OK  [0m] Started Remount Root and Kernel File Systems.
         Starting udev Coldplug all Devices...
         Starting Load/Save Random Seed...
         Starting Create Static Device Nodes in /dev...
[[0;32m  OK  [0m] Started Load Kernel Modules.
         Mounting Configuration File System...
         Starting Apply Kernel Variables...
[[0;32m  OK  [0m] Mounted Configuration File System.
[[0;32m  OK  [0m] Started Load/Save Random Seed.
[[0;32m  OK  [0m] Started Apply Kernel Variables.
[[0;32m  OK  [0m] Started Journal Service.
         Starting Flush Journal to Persistent Storage...
[[0;32m  OK  [0m] Started Create Static Device Nodes in /dev.
         Starting udev Kernel Device Manager...
[[0;32m  OK  [0m] Reached target Local File Systems (Pre).
[[0;32m  OK  [0m] Reached target Local File Systems.
         Starting Raise network interfaces...
[   11.310894] systemd-journald[89]: Received request to flush runtime journal from PID 1
[[0;32m  OK  [0m] Started Flush Journal to Persistent Storage.
         Starting Create Volatile Files and Directories...
[[0;32m  OK  [0m] Started udev Kernel Device Manager.
[[0;32m  OK  [0m] Started Create Volatile Files and Directories.
         Starting Update UTMP about System Boot/Shutdown...
         Starting Network Time Synchronization...
[[0;32m  OK  [0m] Started Update UTMP about System Boot/Shutdown.
[[0;32m  OK  [0m] Started udev Coldplug all Devices.
[   14.473512] remoteproc remoteproc0: wkup_m3 is available
[   14.739290] omap_wdt: OMAP Watchdog Timer Rev 0x01: initial timeout 60 sec
[   14.794943] at24 2-0054: supply vcc not found, using dummy regulator
[   14.900206] at24 2-0055: supply vcc not found, using dummy regulator
[   15.018525] at24 2-0056: supply vcc not found, using dummy regulator
[[0;32m  OK  [0m] Found device /dev/ttyS0.
[[0;32m  OK  [0m] Started Network Time Synchronization.[   15.140235] at24 2-0057: supply vcc not found, using dummy regulator

[[0;32m  OK  [0m] Reached target System Time Synchronized.
[[0;32m  OK  [0m] Reached target System Initialization.
[   15.224670] tps6521x_pwrbutton tps65217-pwrbutton: DMA mask not set
[   15.300717] input: tps65217_pwrbutton as /devices/platform/ocp/44c00000.interconnect/44c00000.interconnect:segment@200000/44e0b000.target-module/44e0b000.i2c/i2c-0/0-0024/tps65217-pwrbutton/input/input0
[   15.326723] at24 0-0050: 32768 byte 24c256 EEPROM, writable, 1 bytes/write
[   15.352139] wkup_m3_ipc 44e11324.wkup_m3_ipc: IPC Request for A8->M3 Channel failed! -517
[[0;32m  OK  [0m] Started Daily apt download activities.
[   15.409759] wkup_m3_ipc 44e11324.wkup_m3_ipc: IPC Request for A8->M3 Channel failed! -517
[[0;32m  OK  [0m] Started Daily apt upgrade and clean activities.
[   15.509274] omap_rtc 44e3e000.rtc: registered as rtc0
[   15.514644] omap_rtc 44e3e000.rtc: setting system clock to 2000-01-01T00:00:00 UTC (946684800)
[[0;32m  OK  [0m] Listening on D-Bus System Message Bus Socket[   15.576212] wkup_m3_ipc 44e11324.wkup_m3_ipc: IPC Request for A8->M3 Channel failed! -517
.
[[0;32m  OK  [0m] Listening on Avahi mDNS/DNS-SD Stack Activation Socket.
[[0;32m  OK  [0m] Reached target Sockets.
[[0;32m  OK  [0m] Reached target Basic System.
         Starting DUN service...
[   15.812189] am335x-phy-driver 47401300.usb-phy: dummy supplies not allowed for exclusive requests (id=vbus)
         Starting LSB: Start busybox udhcpd at boot time...
[   15.992509] usbcore: registered new interface driver usbfs
[   15.998176] usbcore: registered new interface driver hub
[   16.003851] usbcore: registered new device driver usb
         Starting Login Service...
         Starting Telephony service...
[   16.329719] am335x-phy-driver 47401b00.usb-phy: dummy supplies not allowed for exclusive requests (id=vbus)
[   16.341291] wkup_m3_ipc 44e11324.wkup_m3_ipc: IPC Request for A8->M3 Channel failed! -517
         Starting System Logging Service...
         Starting Avahi mDNS/DNS-SD Stack...
[   16.528047] wkup_m3_ipc 44e11324.wkup_m3_ipc: IPC Request for A8->M3 Channel failed! -517
         Starting Generic Board Startup...
[[0;32m  OK  [0m] Started D-Bus System Message Bus.
[   16.843551] wkup_m3_ipc 44e11324.wkup_m3_ipc: IPC Request for A8->M3 Channel failed! -517
[   17.002036] musb-hdrc musb-hdrc.1: MUSB HDRC host driver
[   17.007498] musb-hdrc musb-hdrc.1: new USB bus registered, assigned bus number 1
[   17.017369] wkup_m3_ipc 44e11324.wkup_m3_ipc: IPC Request for A8->M3 Channel failed! -517
[   17.041065] tda998x 0-0070: found TDA19988
[   17.190350] wkup_m3_ipc 44e11324.wkup_m3_ipc: IPC Request for A8->M3 Channel failed! -517
[   17.355690] usb usb1: New USB device found, idVendor=1d6b, idProduct=0002, bcdDevice= 6.12
[   17.365815] usb usb1: New USB device strings: Mfr=3, Product=2, SerialNumber=1
[   17.373826] usb usb1: Product: MUSB HDRC host driver
[   17.378831] usb usb1: Manufacturer: Linux 6.12.0-rc5-next-20241104 musb-hcd
[   17.385898] usb usb1: SerialNumber: musb-hdrc.1
[   17.532064] omap-mailbox 480c8000.mailbox: omap mailbox rev 0x400
[   17.665193] remoteproc remoteproc0: powering up wkup_m3
[   17.915930] hub 1-0:1.0: USB hub found
[   17.928474] remoteproc remoteproc0: Direct firmware load for am335x-pm-firmware.elf failed with error -2
