Labgrid Console Logfile for main
Logfile started at 2025-04-02 07:14:09.870270
=== Log starts here ===

U-Boot SPL 2014.04-00014-g47880f5 (Apr 22 2014 - 13:23:54)
reading args
spl_load_image_fat_os: error reading image args, err - -1
reading u-boot.img
reading u-boot.img


U-Boot 2014.04-00014-g47880f5 (Apr 22 2014 - 13:23:54)

I2C:   ready
DRAM:  512 MiB
NAND:  0 MiB
MMC:   OMAP SD/MMC: 0, OMAP SD/MMC: 1
*** Warning - readenv() failed, using default environment

Net:   <ethaddr> not set. Validating first E-fuse MAC
cpsw, usb_ether
Hit any key to stop autoboot:  1  0 
gpio: pin 53 (gpio 53) value is 1
mmc0 is current device
gpio: pin 54 (gpio 54) value is 1
SD/MMC found on device 0
reading uEnv.txt
569 bytes read in 3 ms (184.6 KiB/s)
gpio: pin 55 (gpio 55) value is 1
Loaded environment from uEnv.txt
Importing environment from mmc ...
Checking if uenvcmd is set ...
gpio: pin 56 (gpio 56) value is 1
Running uenvcmd ...
cpsw Waiting for PHY auto negotiation to complete. done
link up on port 0, speed 100, full duplex
Using cpsw device
TFTP from server 192.168.255.126; our IP address is 192.168.255.1
Filename 'zImage'.
Load address: 0x81000000
Loading: *T #################################################################
	 #################################################################
	 #################################################################
	 #################################################################
	 #################################################################
	 ############################################################
	 762.7 KiB/s
done
Bytes transferred = 5642376 (561888 hex)
link up on port 0, speed 100, full duplex
Using cpsw device
TFTP from server 192.168.255.126; our IP address is 192.168.255.1
Filename 'am335x-boneblack.dtb'.
Load address: 0x82000000
Loading: *#######
	 2.2 MiB/s
done
Bytes transferred = 98244 (17fc4 hex)
Kernel image @ 0x81000000 [ 0x000000 - 0x561888 ]
## Flattened Device Tree blob at 82000000
   Booting using the fdt blob at 0x82000000
   Using Device Tree in place at 82000000, end 8201afc3

Starting kernel ...

[    0.000000] Booting Linux on physical CPU 0x0
[    0.000000] Linux version 6.14.0-next-20250402 (user01@drvtest01) (arm-none-eabi-gcc (Arm GNU Toolchain 14.2.Rel1 (Build arm-14.52)) 14.2.1 20241119, GNU ld (Arm GNU Toolchain 14.2.Rel1 (Build arm-14.52)) 2.43.1.20241119) #1 SMP Wed Apr  2 07:12:50 EEST 2025
[    0.000000] CPU: ARMv7 Processor [413fc082] revision 2 (ARMv7), cr=10c5387d
[    0.000000] CPU: PIPT / VIPT nonaliasing data cache, VIPT aliasing instruction cache
[    0.000000] OF: fdt: Machine model: TI AM335x BeagleBone Black
[    0.000000] Memory policy: Data cache writeback
[    0.000000] cma: Reserved 16 MiB at 0x00000000
[    0.000000] Zone ranges:
[    0.000000]   Normal   [mem 0x0000000080000000-0x000000009fdfffff]
[    0.000000]   HighMem  empty
[    0.000000] Movable zone start for each node
[    0.000000] Early memory node ranges
[    0.000000]   node   0: [mem 0x0000000080000000-0x000000009fdfffff]
[    0.000000] Initmem setup node 0 [mem 0x0000000080000000-0x000000009fdfffff]
[    0.000000] On node 0, zone Normal: 512 pages in unavailable ranges
[    0.000000] OF: reserved mem: Reserved memory: No reserved-memory node in the DT
[    0.000000] CPU: All CPU(s) started in SVC mode.
[    0.000000] AM335X ES2.1 (sgx neon)
[    0.000000] percpu: Embedded 17 pages/cpu s39692 r8192 d21748 u69632
[    0.000000] Kernel command line: console=ttyO0,115200n8 root=/dev/nfs rw nfsroot=192.168.255.126:/home/user01/nfs,nfsvers=3 ip=192.168.255.1:192.168.255.126::255.255.255.0:bbb1:eth0 nfsrootdebug
[    0.000000] Unknown kernel command line parameters "nfsrootdebug", will be passed to user space.
[    0.000000] printk: log buffer data + meta data: 65536 + 204800 = 270336 bytes
[    0.000000] Dentry cache hash table entries: 65536 (order: 6, 262144 bytes, linear)
[    0.000000] Inode-cache hash table entries: 32768 (order: 5, 131072 bytes, linear)
[    0.000000] Built 1 zonelists, mobility grouping on.  Total pages: 130560
[    0.000000] mem auto-init: stack:off, heap alloc:off, heap free:off
[    0.000000] SLUB: HWalign=16, Order=0-3, MinObjects=0, CPUs=1, Nodes=1
[    0.000000] rcu: Hierarchical RCU implementation.
[    0.000000] rcu: 	RCU event tracing is enabled.
[    0.000000] rcu: 	RCU restricting CPUs from NR_CPUS=2 to nr_cpu_ids=1.
[    0.000000] 	Tracing variant of Tasks RCU enabled.
[    0.000000] rcu: RCU calculated value of scheduler-enlistment delay is 10 jiffies.
[    0.000000] rcu: Adjusting geometry for rcu_fanout_leaf=16, nr_cpu_ids=1
[    0.000000] RCU Tasks Trace: Setting shift to 0 and lim to 1 rcu_task_cb_adjust=1 rcu_task_cpu_ids=1.
[    0.000000] NR_IRQS: 16, nr_irqs: 16, preallocated irqs: 16
[    0.000000] IRQ: Found an INTC at 0x(ptrval) (revision 5.0) with 128 interrupts
[    0.000000] rcu: srcu_init: Setting srcu_struct sizes based on contention.
[    0.000000] TI gptimer clocksource: always-on /ocp/interconnect@44c00000/segment@200000/target-module@31000
[    0.000003] sched_clock: 32 bits at 24MHz, resolution 41ns, wraps every 89478484971ns
[    0.000025] clocksource: dmtimer: mask: 0xffffffff max_cycles: 0xffffffff, max_idle_ns: 79635851949 ns
[    0.000496] TI gptimer clockevent: 24000000 Hz at /ocp/interconnect@48000000/segment@0/target-module@40000
[    0.002114] Console: colour dummy device 80x30
[    0.002180] WARNING: Your 'console=ttyO0' has been replaced by 'ttyS0'
[    0.002188] This ensures that you still see kernel messages. Please
[    0.002192] update your kernel commandline.
[    0.002234] Calibrating delay loop... 996.14 BogoMIPS (lpj=4980736)
[    0.090546] CPU: Testing write buffer coherency: ok
[    0.090659] CPU0: Spectre v2: using BPIALL workaround
[    0.090668] pid_max: default: 32768 minimum: 301
[    0.090825] LSM: initializing lsm=capability
[    0.091006] Mount-cache hash table entries: 1024 (order: 0, 4096 bytes, linear)
[    0.091025] Mountpoint-cache hash table entries: 1024 (order: 0, 4096 bytes, linear)
[    0.092633] CPU0: thread -1, cpu 0, socket -1, mpidr 0
[    0.092691] cacheinfo: Unable to detect cache hierarchy for CPU 0
[    0.150734] Setting up static identity map for 0x80100000 - 0x80100078
[    0.160685] rcu: Hierarchical SRCU implementation.
[    0.160697] rcu: 	Max phase no-delay instances is 1000.
[    0.180742] smp: Bringing up secondary CPUs ...
[    0.180798] smp: Brought up 1 node, 1 CPU
[    0.180812] SMP: Total of 1 processors activated (996.14 BogoMIPS).
[    0.180823] CPU: All CPU(s) started in SVC mode.
[    0.181013] Memory: 480824K/522240K available (11264K kernel code, 1216K rwdata, 2976K rodata, 1024K init, 288K bss, 23384K reserved, 16384K cma-reserved, 0K highmem)
[    0.181854] devtmpfs: initialized
[    0.199268] VFP support v0.3: implementor 41 architecture 3 part 30 variant c rev 3
[    0.199898] clocksource: jiffies: mask: 0xffffffff max_cycles: 0xffffffff, max_idle_ns: 19112604462750000 ns
[    0.199938] posixtimers hash table entries: 512 (order: 0, 4096 bytes, linear)
[    0.199958] futex hash table entries: 256 (order: 2, 16384 bytes, linear)
[    0.201273] pinctrl core: initialized pinctrl subsystem
[    0.203421] NET: Registered PF_NETLINK/PF_ROUTE protocol family
[    0.206232] DMA: preallocated 256 KiB pool for atomic coherent allocations
[    0.207171] audit: initializing netlink subsys (disabled)
[    0.208573] thermal_sys: Registered thermal governor 'fair_share'
[    0.208591] thermal_sys: Registered thermal governor 'step_wise'
[    0.208600] thermal_sys: Registered thermal governor 'user_space'
[    0.208741] audit: type=2000 audit(0.200:1): state=initialized audit_enabled=0 res=1
[    0.208772] cpuidle: using governor menu
[    0.227042] /ocp/interconnect@44c00000/segment@200000/target-module@b000/i2c@0/tda19988@70: Fixed dependency cycle(s) with /ocp/interconnect@48000000/segment@300000/target-module@e000/lcdc@0
[    0.228216] /ocp/interconnect@48000000/segment@300000/target-module@e000/lcdc@0: Fixed dependency cycle(s) with /ocp/interconnect@44c00000/segment@200000/target-module@b000/i2c@0/tda19988@70
[    0.230452] No ATAGs?
[    0.230495] hw-breakpoint: debug architecture 0x4 unsupported.
[    0.233352] kprobes: kprobe jump-optimization is enabled. All kprobes are optimized if possible.
[    0.243567] iommu: Default domain type: Translated
[    0.243590] iommu: DMA domain TLB invalidation policy: strict mode
[    0.251420] SCSI subsystem initialized
[    0.252282] pps_core: LinuxPPS API ver. 1 registered
[    0.252294] pps_core: Software ver. 5.3.6 - Copyright 2005-2007 Rodolfo Giometti <giometti@linux.it>
[    0.252317] PTP clock support registered
[    0.260919] vgaarb: loaded
[    0.261288] clocksource: Switched to clocksource dmtimer
[    0.261947] VFS: Disk quotas dquot_6.6.0
[    0.262012] VFS: Dquot-cache hash table entries: 1024 (order 0, 4096 bytes)
[    0.286396] NET: Registered PF_INET protocol family
[    0.286735] IP idents hash table entries: 8192 (order: 4, 65536 bytes, linear)
[    0.288163] tcp_listen_portaddr_hash hash table entries: 512 (order: 0, 4096 bytes, linear)
[    0.288202] Table-perturb hash table entries: 65536 (order: 6, 262144 bytes, linear)
[    0.288221] TCP established hash table entries: 4096 (order: 2, 16384 bytes, linear)
[    0.288266] TCP bind hash table entries: 4096 (order: 4, 65536 bytes, linear)
[    0.288366] TCP: Hash tables configured (established 4096 bind 4096)
[    0.288486] UDP hash table entries: 256 (order: 1, 14336 bytes, linear)
[    0.288520] UDP-Lite hash table entries: 256 (order: 1, 14336 bytes, linear)
[    0.288705] NET: Registered PF_UNIX/PF_LOCAL protocol family
[    0.289963] RPC: Registered named UNIX socket transport module.
[    0.289987] RPC: Registered udp transport module.
[    0.289992] RPC: Registered tcp transport module.
[    0.289996] RPC: Registered tcp-with-tls transport module.
[    0.290001] RPC: Registered tcp NFSv4.1 backchannel transport module.
[    0.290024] PCI: CLS 0 bytes, default 64
[    0.291575] Initialise system trusted keyrings
[    0.302015] workingset: timestamp_bits=14 max_order=17 bucket_order=3
[    0.303379] NFS: Registering the id_resolver key type
[    0.303459] Key type id_resolver registered
[    0.303466] Key type id_legacy registered
[    0.303572] jffs2: version 2.2. (NAND) (SUMMARY)  Â© 2001-2006 Red Hat, Inc.
[    0.303987] Key type asymmetric registered
[    0.304004] Asymmetric key parser 'x509' registered
[    0.304066] io scheduler mq-deadline registered
[    0.304078] io scheduler kyber registered
[    0.304154] io scheduler bfq registered
[    0.305744] ledtrig-cpu: registered to indicate activity on CPUs
[    0.311850] Serial: 8250/16550 driver, 6 ports, IRQ sharing enabled
[    0.357795] brd: module loaded
[    0.377376] loop: module loaded
[    0.378296] mtdoops: mtd device (mtddev=name/number) must be supplied
[    0.381562] i2c_dev: i2c /dev entries driver
[    0.382573] cpuidle: enable-method property 'ti,am3352' found operations
[    0.383027] sdhci: Secure Digital Host Controller Interface driver
[    0.383037] sdhci: Copyright(c) Pierre Ossman
[    0.383205] sdhci-pltfm: SDHCI platform and OF driver helper
[    0.384206] Initializing XFRM netlink socket
[    0.384381] NET: Registered PF_INET6 protocol family
[    0.392964] Segment Routing with IPv6
[    0.393053] In-situ OAM (IOAM) with IPv6
[    0.393150] sit: IPv6, IPv4 and MPLS over IPv4 tunneling driver
[    0.394113] NET: Registered PF_PACKET protocol family
[    0.394148] NET: Registered PF_KEY protocol family
[    0.394261] Key type dns_resolver registered
[    0.394482] ThumbEE CPU extension supported.
[    0.394500] Registering SWP/SWPB emulation handler
[    0.395037] omap_voltage_late_init: Voltage driver support not added
[    0.395383] SmartReflex Class3 initialized
[    0.432752] Loading compiled-in X.509 certificates
[    0.465661] /ocp/interconnect@44c00000/segment@200000/target-module@b000/i2c@0/tda19988@70: Fixed dependency cycle(s) with /ocp/interconnect@48000000/segment@300000/target-module@e000/lcdc@0
[    0.472427] /ocp/interconnect@44c00000/segment@200000/target-module@b000/i2c@0/tda19988@70: Fixed dependency cycle(s) with /ocp/interconnect@48000000/segment@300000/target-module@e000/lcdc@0
[    0.498870] /ocp/interconnect@44c00000/segment@200000/target-module@b000/i2c@0/tda19988@70: Fixed dependency cycle(s) with /ocp/interconnect@48000000/segment@300000/target-module@e000/lcdc@0
[    0.499746] /ocp/interconnect@44c00000/segment@200000/target-module@b000/i2c@0/tda19988@70: Fixed dependency cycle(s) with /ocp/interconnect@48000000/segment@300000/target-module@e000/lcdc@0
[    0.503603] /ocp/interconnect@44c00000/segment@200000/target-module@10000/scm@0/pinmux@800: Fixed dependency cycle(s) with /ocp/interconnect@44c00000/segment@200000/target-module@10000/scm@0/pinmux@800/clkout2-pins
[    0.504213] pinctrl-single 44e10800.pinmux: 142 pins, size 568
[    0.509546] ti-sysc 44e31000.target-module: probe with driver ti-sysc failed with error -16
[    0.537924] /ocp/interconnect@48000000/segment@300000/target-module@e000/lcdc@0: Fixed dependency cycle(s) with /ocp/interconnect@44c00000/segment@200000/target-module@b000/i2c@0/tda19988@70
[    0.546334] ti-sysc 48040000.target-module: probe with driver ti-sysc failed with error -16
[    0.581971] OMAP GPIO hardware version 0.1
[    0.616490] omap_i2c 4819c000.i2c: bus 2 rev0.11 at 100 kHz
[    0.644397] 48000000.interconnect:segment@200000:target-module@0:mpu@0:fck: device ID is greater than 24
[    0.645315] /ocp/interconnect@48000000/segment@300000/target-module@e000/lcdc@0: Fixed dependency cycle(s) with /ocp/interconnect@44c00000/segment@200000/target-module@b000/i2c@0/tda19988@70
[    0.648178] /ocp/interconnect@48000000/segment@300000/target-module@e000/lcdc@0: Fixed dependency cycle(s) with /ocp/interconnect@44c00000/segment@200000/target-module@b000/i2c@0/tda19988@70
[    0.648887] /ocp/interconnect@44c00000/segment@200000/target-module@b000/i2c@0/tda19988@70: Fixed dependency cycle(s) with /ocp/interconnect@48000000/segment@300000/target-module@e000/lcdc@0
[    0.649072] /ocp/interconnect@48000000/segment@300000/target-module@e000/lcdc@0: Fixed dependency cycle(s) with /ocp/interconnect@44c00000/segment@200000/target-module@b000/i2c@0/tda19988@70
[    0.660277] sdhci-omap 481d8000.mmc: supply pbias not found, using dummy regulator
[    0.660773] sdhci-omap 481d8000.mmc: supply vqmmc not found, using dummy regulator
[    0.702413] davinci_mdio 4a101000.mdio: davinci mdio revision 1.6, bus freq 1000000
[    0.845541] davinci_mdio 4a101000.mdio: phy[0]: device 4a101000.mdio:00, driver SMSC LAN8710/LAN8720
[    0.846322] cpsw-switch 4a100000.switch: initialized cpsw ale version 1.4
[    0.846343] cpsw-switch 4a100000.switch: ALE Table size 1024, Policers 0
[    0.846654] cpsw-switch 4a100000.switch: cpts: overflow check period 500 (jiffies)
[    0.846674] cpsw-switch 4a100000.switch: CPTS: ref_clk_freq:250000000 calc_mult:2147483648 calc_shift:29 error:0 nsec/sec
[    0.846787] cpsw-switch 4a100000.switch: Detected MACID = 6c:ec:eb:68:de:78
[    0.848645] cpsw-switch 4a100000.switch: initialized (regs 0x4a100000, pool size 256) hw_ver:0019010C 1.12 (0)
[    0.859754] debugfs: Directory '49000000.dma' with parent 'dmaengine' already present!
[    0.859797] edma 49000000.dma: TI EDMA DMA engine driver
[    0.897432] target-module@4b000000:target-module@140000:pmu@0:fck: device ID is greater than 24
[    0.928779] hw perfevents: enabled with armv7_cortex_a8 PMU driver, 5 (8000000f) counters available
[    0.934335] 44e09000.serial: ttyS0 at MMIO 0x44e09000 (irq = 34, base_baud = 3000000) is a 8250
[    0.934426] printk: legacy console [ttyS0] enabled
[    2.150979] l3-aon-clkctrl:0000:0: failed to  disable
[    2.452256] tps65217-pmic: Failed to locate of_no de [id: -1]
[    2.458322] tps65217-bl: Failed to locate of_n ode [id: -1]
[    2.465806] platform tps65217-charger: DMA ma sk not set
[    2.473143] platform tps65217-pwrbutton: DMA ma sk not s
[    5.842070] cpsw-switch 4a100000.switch eth0: Link is Up - 100Mbps/Full - flow control off
[    5.881551] IP-Config: Complete:
[    5.884830]      device=eth0, hwaddr=6c:ec:eb:68:de:78, ipaddr=192.168.255.1, mask=255.255.255.0, gw=255.255.255.255
[    5.895493]      host=bbb1, domain=, nis-domain=(none)
[    5.900663]      bootserver=192.168.255.126, rootserver=192.168.255.126, rootpath=
[    5.901098] clk: Disabling unused clocks
[    5.912942] PM: genpd: Disabling unused power domains
[    5.918060] KTAP version 1
[    5.920780] 1..0
[    5.951135] VFS: Mounted root (nfs filesystem) on device 0:17.
[    5.958339] devtmpfs: mounted
[    5.963150] Freeing unused kernel image (initmem) memory: 1024K
[    5.969770] Run /sbin/init as init process
[    6.663169] systemd[1]: System time before build time, advancing clock.
[    8.141313] random: crng init done
[    8.182584] systemd[1]: systemd 232 running in system mode. (+PAM +AUDIT +SELINUX +IMA +APPARMOR +SMACK +SYSVINIT +UTMP +LIBCRYPTSETUP +GCRYPT +GNUTLS +ACL +XZ +LZ4 +SECCOMP +BLKID +ELFUTILS +KMOD +IDN)
[    8.201760] systemd[1]: Detected architecture arm.

Welcome to [1mDebian GNU/Linux 9 (stretch)[0m!

[    8.234451] systemd[1]: Set hostname to <arm>.
[    9.328666] systemd[1]: Set up automount Arbitrary Executable File Formats File System Automount Point.
[[0;32m  OK  [0m] Set up automount Arbitrary Executabâ€¦rmats File System Automount Point.
[    9.363534] systemd[1]: Listening on udev Control Socket.
[[0;32m  OK  [0m] Listening on udev Control Socket.
[    9.391963] systemd[1]: Listening on udev Kernel Socket.
[[0;32m  OK  [0m] Listening on udev Kernel Socket.
[    9.422221] systemd[1]: Started Dispatch Password Requests to Console Directory Watch.
[[0;32m  OK  [0m] Started Dispatch Password Requests to Console Directory Watch.
[    9.451665] systemd[1]: Reached target Remote File Systems.
[[0;32m  OK  [0m] Reached target Remote File Systems.
[    9.483190] systemd[1]: Listening on Syslog Socket.
[[0;32m  OK  [0m] Listening on Syslog Socket.
[    9.512362] systemd[1]: Listening on Journal Audit Socket.
[[0;32m  OK  [0m] Listening on Journal Audit Socket.
[[0;32m  OK  [0m] Created slice System Slice.
         Mounting Debug File System...
[[0;32m  OK  [0m] Created slice system-serial\x2dgetty.slice.
[[0;32m  OK  [0m] Started Forward Password Requests to Wall Directory Watch.
[[0;32m  OK  [0m] Reached target Encrypted Volumes.
[[0;32m  OK  [0m] Created slice system-getty.slice.
[[0;32m  OK  [0m] Reached target Paths.
[[0;32m  OK  [0m] Listening on Journal Socket.
         Starting Remount Root and Kernel File Systems...
         Starting Load Kernel Modules...
[[0;32m  OK  [0m] Reached target Swap.
         Mounting POSIX Message Queue File System...
         Starting Create list of required stâ€¦ce nodes for the current kernel...
[[0;32m  OK  [0m] Created slice User and Session Slice.
[[0;32m  OK  [0m] Reached target Slices.
[[0;32m  OK  [0m] Listening on Journal Socket (/dev/log).
         Starting Journal Service...
[[0;32m  OK  [0m] Listening on /dev/initctl Compatibility Named Pipe.
[[0;32m  OK  [0m] Mounted POSIX Message Queue File System.
[[0;32m  OK  [0m] Mounted Debug File System.
[[0;32m  OK  [0m] Started Remount Root and Kernel File Systems.
[[0;32m  OK  [0m] Started Create list of required staâ€¦vice nodes for the current kernel.
[[0;32m  OK  [0m] Started Load Kernel Modules.
         Mounting Configuration File System...
         Starting Apply Kernel Variables...
         Starting Create Static Device Nodes in /dev...
         Starting Load/Save Random Seed...
         Starting udev Coldplug all Devices...
[[0;32m  OK  [0m] Mounted Configuration File System.
[[0;32m  OK  [0m] Started Apply Kernel Variables.
[[0;32m  OK  [0m] Started Load/Save Random Seed.
[[0;32m  OK  [0m] Started Create Static Device Nodes in /dev.
[[0;32m  OK  [0m] Reached target Local File Systems (Pre).
[[0;32m  OK  [0m] Reached target Local File Systems.
         Starting Raise network interfaces...
         Starting udev Kernel Device Manager...
[[0;32m  OK  [0m] Started Journal Service.
         Starting Flush Journal to Persistent Storage...
[   11.638169] systemd-journald[93]: Received request to flush runtime journal from PID 1
[[0;32m  OK  [0m] Started Flush Journal to Persistent Storage.
         Starting Create Volatile Files and Directories...
[[0;32m  OK  [0m] Started udev Kernel Device Manager.
[[0;32m  OK  [0m] Started Create Volatile Files and Directories.
         Starting Update UTMP about System Boot/Shutdown...
         Starting Network Time Synchronization...
[[0;32m  OK  [0m] Started Update UTMP about System Boot/Shutdown.
[[0;32m  OK  [0m] Started udev Coldplug all Devices.
[   14.885240] remoteproc remoteproc0: wkup_m3 is available
[   14.956360] omap_rtc 44e3e000.rtc: registered as rtc0
[   14.961712] omap_rtc 44e3e000.rtc: setting system clock to 2000-01-01T00:00:00 UTC (946684800)
[   15.005470] at24 2-0054: supply vcc not found, using dummy regulator
[   15.126926] at24 2-0055: supply vcc not found, using dummy regulator
[   15.250062] at24 2-0056: supply vcc not found, using dummy regulator
[   15.314108] input: tps65217_pwrbutton as /devices/platform/ocp/44c00000.interconnect/44c00000.interconnect:segment@200000/44e0b000.target-module/44e0b000.i2c/i2c-0/0-0024/tps65217-pwrbutton/input/input0
[   15.394099] at24 2-0057: supply vcc not found, using dummy regulator
[[0;32m  OK  [0m] Found device /dev/ttyS0.
[   15.503509] at24 0-0050: 32768 byte 24c256 EEPROM, writable, 1 bytes/write
[   15.776494] wkup_m3_ipc 44e11324.wkup_m3_ipc: IPC Request for A8->M3 Channel failed! -517
[   15.957433] wkup_m3_ipc 44e11324.wkup_m3_ipc: IPC Request for A8->M3 Channel failed! -517
[[0;32m  OK  [0m] Started Network Time Synchronization.[   15.991707] omap_wdt: OMAP Watchdog Timer Rev 0x01: initial timeout 60 sec

[[0;32m  OK  [0m] Reached target System Initialization.
[   16.074595] am335x-phy-driver 47401300.usb-phy: dummy supplies not allowed for exclusive requests (id=vbus)
[[0;32m  OK  [0m] Listening on D-Bus System Message Bus Socket.
[   16.127336] wkup_m3_ipc 44e11324.wkup_m3_ipc: IPC Request for A8->M3 Channel failed! -517
[[0;32m  OK  [0m] Listening on Avahi mDNS/DNS-SD Stack Activation Socket.
[[0;32m  OK  [0m] Reached target Sockets.
[[0;32m  OK  [0m] Started Daily Cleanup of Temporary Directories.
[[0;32m  OK  [0m] Reached target Basic System.
         Starting System Logging Service...
[   16.514791] usbcore: registered new interface driver usbfs
[   16.520502] usbcore: registered new interface driver hub
[   16.526064] usbcore: registered new device driver usb
         Starting DUN service...
[   16.568276] am335x-phy-driver 47401b00.usb-phy: dummy supplies not allowed for exclusive requests (id=vbus)
[   16.580691] wkup_m3_ipc 44e11324.wkup_m3_ipc: IPC Request for A8->M3 Channel failed! -517
         Starting Login Service...
[   16.757681] wkup_m3_ipc 44e11324.wkup_m3_ipc: IPC Request for A8->M3 Channel failed! -517
         Starting LSB: Start busybox udhcpd at boot time...
         Starting LSB: Load kernel modules needed to enable cpufreq scaling...
[   17.056950] tda998x 0-0070: found TDA19988
[   17.179626] wkup_m3_ipc 44e11324.wkup_m3_ipc: IPC Request for A8->M3 Channel failed! -517
[[0;32m  OK  [0m] Started Regular background program processing daemon.
[   17.324928] wkup_m3_ipc 44e11324.wkup_m3_ipc: IPC Request for A8->M3 Channel failed! -517
[[0;32m  OK  [0m] Started D-Bus System Message Bus.
[   17.477100] musb-hdrc musb-hdrc.1: MUSB HDRC host driver
[   17.482737] musb-hdrc musb-hdrc.1: new USB bus registered, assigned bus number 1
[   17.517986] wkup_m3_ipc 44e11324.wkup_m3_ipc: IPC Request for A8->M3 Channel failed! -517
[   17.628627] omap-mailbox 480c8000.mailbox: omap mailbox rev 0x400
[   17.774015] remoteproc remoteproc0: powering up wkup_m3
[   17.825713] usb usb1: New USB device found, idVendor=1d6b, idProduct=0002, bcdDevice= 6.14
[   17.834194] usb usb1: New USB device strings: Mfr=3, Product=2, SerialNumber=1
[   17.841536] usb usb1: Product: MUSB HDRC host driver
[   17.846533] usb usb1: Manufacturer: Linux 6.14.0-next-20250402 musb-hcd
[   17.853212] usb usb1: SerialNumber: musb-hdrc.1
[   18.121807] remoteproc remoteproc0: Direct firmware load for am335x-pm-firmware.elf failed with error -2
[   18.131516] remoteproc remoteproc0: request_firmware failed: -2
[   18.137477] wkup_m3_ipc 44e11324.wkup_m3_ipc: rproc_boot failed
[   18.329825] hub 1-0:1.0: USB hub found
[   18.397254] hub 1-0:1.0: 1 port detected
[   20.514261] omap_rng 48310000.rng: Random Number Generator ver. 20
[   20.561758] tilcdc 4830e000.lcdc: bound 0-0070 (ops tda998x_audio_codec_init [tda998x])
[   20.605707] [drm] Initialized tilcdc 1.0.0 for 4830e000.lcdc on minor 0
[   20.667916] tilcdc 4830e000.lcdc: [drm] Cannot find any crtc or sizes
[   20.676213] tilcdc 4830e000.lcdc: [drm] Cannot find any crtc or sizes
 [[0;32m  OK  [0m] Started DUN service.
         Starting Connection service...
         Starting Generic Board Startup...
         Starting Avahi mDNS/DNS-SD Stack...
[   21.242668] omap-sham 53100000.sham: hw accel on OMAP rev 4.3
[   21.267899] PMOK  [0m] Reached target System Time Synchronized.
[   21.558960] omap-aes 53500000.aes: OMAP AES hw accel rev: 3.2
[[0;32m  OK  [0m] Started Daily apt download activities.
[[0;32m  OK  [0m] Started Daily apt upgrade and clean activiti[   21.648371] omap-aes 53500000.aes: will run requests pump with realtime priority
es.
[   21.666564] PM: Cannot get wkup_m3_ipc handle
[[0;32m  OK  [0m] Reached target Timers.
[[0;32m  OK  [0m] Started System Logging Service.
[[0;32m  OK  [0m] Started Cape Manager Service.
[   24.531154] Bluetooth: Core ver 2.22
[   24.535186] NET: Registered PF_BLUETOOTH protocol family
[   24.540540] Bluetooth: HCI device and connection manager initialized
[   24.547036] Bluetooth: HCI socket layer initialized
[   24.551986] Bluetooth: L2CAP socket layer initialized
[   24.557101] Bluetooth: SCO socket layer initialized
[   24.942818] gpio-537 (nxp,calib): gpiod_direction_output_nonotify: tried to set a GPIO tied to an IRQ as output
[   25.116483] PM: Cannot get wkup_m3_ipc handle
[   25.194305] tda9950 0-0034: TDA9950 CEC interface, hardware version 3.3
[   25.252472] PM: Cannot get wkup_m3_ipc handle
[   25.315401] PM: Cannot get wkup_m3_ipc handle
[[0;32m  OK  [0m] Started LSB: Start busybox udhcpd at boot time.
[[0;32m  OK  [0m] Started Raise network interfaces.
[[0;32m  OK  [0m] Started LSB: Load kernel modules needed to enable cpufreq scaling.
[[0;32m  OK  [0m] Started Telephony service.
[   29.170084] configfs-gadget.g_multi gadget.0: HOST MAC 1c:ba:8c:a2:ed:6c
[   29.177085] configfs-gadget.g_multi gadget.0: MAC 1c:ba:8c:a2:ed:70
[   29.184522] configfs-gadget.g_multi gadget.0: HOST MAC 1c:ba:8c:a2:ed:6c
[   29.191376] configfs-gadget.g_multi gadget.0: MAC 1c:ba:8c:a2:ed:6d
[   29.202852] PM: Cannot get wkup_m3_ipc handle
[[0;32m  OK  [0m] Started Connection service.
[[0;32m  OK  [0m] Started Avahi mDNS/DNS-SD Stack.
[[0;32m  OK  [0m] Started Login Service.
[[0;32m  OK  [0m] Reached target Sound Card.
         Starting LSB: set CPUFreq kernel parameters...
[[0;32m  OK  [0m] Reached target Network.
         Starting The Apache HTTP Server...
         Starting Permit User Sessions...
         Starting OpenBSD Secure Shell server...
[[0;32m  OK  [0m] Reached target Network is Online.
         Starting LSB: Advanced IEEE 802.11 management daemon...
[[0;32m  OK  [0m] Started LSB: Advanced IEEE 802.11 management daemon.
[[0;32m  OK  [0m] Started Permit User Sessions.
         Starting Hostname Service...
         Starting WPA supplicant...
[[0;32m  OK  [0m] Started Getty on tty1.
[[0;32m  OK  [0m] Started Serial Getty on ttyS0.
[[0;32m  OK  [0m] Reached target Login Prompts.
[[0;32m  OK  [0m] Started LSB: set CPUFreq kernel parameters.
[[0;32m  OK  [0m] Started WPA supplicant.
[[0;32m  OK  [0m] Started Hostname Service.
[[0;32m  OK  [0m] Started OpenBSD Secure Shell server.
         Stopping LSB: Start busybox udhcpd at boot time...
[[0;32m  OK  [0m] Stopped LSB: Start busybox udhcpd at boot time.
[[0;32m  OK  [0m] Started The Apache HTTP Server.
         Starting dnsmasq - A lightweight DHCP and caching DNS server...
[[0;32m  OK  [0m] Started dnsmasq - A lightweight DHCP and caching DNS server.
[[0;32m  OK  [0m] Reached target Host and Network Name Lookups.
[[0;32m  OK  [0m] Started Serial Getty on ttyGS0.
[[0;32m  OK  [0m] Started Generic Board Startup.
[[0;32m  OK  [0m] Reached target Multi-User System.
[[0;32m  OK  [0m] Reached target Graphical Interface.
         Starting Update UTMP about System Runlevel Changes...
[[0;32m  OK  [0m] Started Update UTMP about System Runlevel Changes.

Debian GNU/Linux 9 arm ttyS0

default username:password is [debian:temppwd]

arm login: root
Password: 
Last login: Sat Jan  1 00:00:30 UTC 2000 on ttyS0
root
Linux arm 6.14.0-next-20250402 #1 SMP Wed Apr  2 07:12:50 EEST 2025 armv7l

The programs included with the Debian GNU/Linux system are free software;
the exact distribution terms for each program are described in the
individual files in /usr/share/doc/*/copyright.

Debian GNU/Linux comes with ABSOLUTELY NO WARRANTY, to the extent
permitted by applicable law.
root@arm:~# root
-bash: root: command not found
root@arm:~# dmesg -n 1
root@arm:~# echo 'TYTM''AKPEGC'
TYTMAKPEGC
root@arm:~# run() { echo -n "$MARKER"; sh -c "$@"; echo "$MARKER $?"; }
root@arm:~# echo 'TMHX''UOGJKJ'
TMHXUOGJKJ
root@arm:~# MARKER='KYEE''LHUHAF' run 'cat /proc/version'
KYEELHUHAFLinux version 6.14.0-next-20250402 (user01@drvtest01) (arm-none-eabi-gcc (Arm GNU Toolchain 14.2.Rel1 (Build arm-14.52)) 14.2.1 20241119, GNU ld (Arm GNU Toolchain 14.2.Rel1 (Build arm-14.52)) 2.43.1.20241119) #1 SMP Wed Apr  2 07:12:50 EEST 2025
KYEELHUHAF 0
root@arm:~# echo 'SJHC''YOCPSO'
SJHCYOCPSO
root@arm:~# MARKER='QKOJ''YUTLOM' run false
QKOJYUTLOMQKOJYUTLOM 1
root@arm:~# Labgrid Console Logfile for main
Logfile started at 2025-04-02 07:15:16.250815
=== Log starts here ===

root@arm:~# run() { echo -n "$MARKER"; sh -c "$@"; echo "$MARKER $?"; }
root@arm:~# echo 'ONLV''EOOPNY'
ONLVEOOPNY
root@arm:~# MARKER='NZVG''PSMKAP' run 'ls /iio_generic_buffer; echo $?'
NZVGPSMKAP/iio_generic_buffer
0
NZVGPSMKAP 0
root@arm:~# Labgrid Console Logfile for main
Logfile started at 2025-04-02 07:15:19.689749
=== Log starts here ===

root@arm:~# run() { echo -n "$MARKER"; sh -c "$@"; echo "$MARKER $?"; }
root@arm:~# echo 'VUXC''GAGYYC'
VUXCGAGYYC
root@arm:~# MARKER='YLCV''VONUQU' run dmesg
YLCVVONUQU[    0.000000] Booting Linux on physical CPU 0x0
[    0.000000] Linux version 6.14.0-next-20250402 (user01@drvtest01) (arm-none-eabi-gcc (Arm GNU Toolchain 14.2.Rel1 (Build arm-14.52)) 14.2.1 20241119, GNU ld (Arm GNU Toolchain 14.2.Rel1 (Build arm-14.52)) 2.43.1.20241119) #1 SMP Wed Apr  2 07:12:50 EEST 2025
[    0.000000] CPU: ARMv7 Processor [413fc082] revision 2 (ARMv7), cr=10c5387d
[    0.000000] CPU: PIPT / VIPT nonaliasing data cache, VIPT aliasing instruction cache
[    0.000000] OF: fdt: Machine model: TI AM335x BeagleBone Black
[    0.000000] Memory policy: Data cache writeback
[    0.000000] cma: Reserved 16 MiB at 0x00000000
[    0.000000] Zone ranges:
[    0.000000]   Normal   [mem 0x0000000080000000-0x000000009fdfffff]
[    0.000000]   HighMem  empty
[    0.000000] Movable zone start for each node
[    0.000000] Early memory node ranges
[    0.000000]   node   0: [mem 0x0000000080000000-0x000000009fdfffff]
[    0.000000] Initmem setup node 0 [mem 0x0000000080000000-0x000000009fdfffff]
[    0.000000] On node 0, zone Normal: 512 pages in unavailable ranges
[    0.000000] OF: reserved mem: Reserved memory: No reserved-memory node in the DT
[    0.000000] CPU: All CPU(s) started in SVC mode.
[    0.000000] AM335X ES2.1 (sgx neon)
[    0.000000] percpu: Embedded 17 pages/cpu s39692 r8192 d21748 u69632
[    0.000000] pcpu-alloc: s39692 r8192 d21748 u69632 alloc=17*4096
[    0.000000] pcpu-alloc: [0] 0 
[    0.000000] Kernel command line: console=ttyO0,115200n8 root=/dev/nfs rw nfsroot=192.168.255.126:/home/user01/nfs,nfsvers=3 ip=192.168.255.1:192.168.255.126::255.255.255.0:bbb1:eth0 nfsrootdebug
[    0.000000] Unknown kernel command line parameters "nfsrootdebug", will be passed to user space.
[    0.000000] printk: log buffer data + meta data: 65536 + 204800 = 270336 bytes
[    0.000000] Dentry cache hash table entries: 65536 (order: 6, 262144 bytes, linear)
[    0.000000] Inode-cache hash table entries: 32768 (order: 5, 131072 bytes, linear)
[    0.000000] Built 1 zonelists, mobility grouping on.  Total pages: 130560
[    0.000000] mem auto-init: stack:off, heap alloc:off, heap free:off
[    0.000000] SLUB: HWalign=16, Order=0-3, MinObjects=0, CPUs=1, Nodes=1
[    0.000000] rcu: Hierarchical RCU implementation.
[    0.000000] rcu: 	RCU event tracing is enabled.
[    0.000000] rcu: 	RCU restricting CPUs from NR_CPUS=2 to nr_cpu_ids=1.
[    0.000000] 	Tracing variant of Tasks RCU enabled.
[    0.000000] rcu: RCU calculated value of scheduler-enlistment delay is 10 jiffies.
[    0.000000] rcu: Adjusting geometry for rcu_fanout_leaf=16, nr_cpu_ids=1
[    0.000000] RCU Tasks Trace: Setting shift to 0 and lim to 1 rcu_task_cb_adjust=1 rcu_task_cpu_ids=1.
[    0.000000] NR_IRQS: 16, nr_irqs: 16, preallocated irqs: 16
[    0.000000] IRQ: Found an INTC at 0x(ptrval) (revision 5.0) with 128 interrupts
[    0.000000] rcu: srcu_init: Setting srcu_struct sizes based on contention.
[    0.000000] TI gptimer clocksource: always-on /ocp/interconnect@44c00000/segment@200000/target-module@31000
[    0.000003] sched_clock: 32 bits at 24MHz, resolution 41ns, wraps every 89478484971ns
[    0.000025] clocksource: dmtimer: mask: 0xffffffff max_cycles: 0xffffffff, max_idle_ns: 79635851949 ns
[    0.000496] TI gptimer clockevent: 24000000 Hz at /ocp/interconnect@48000000/segment@0/target-module@40000
[    0.002114] Console: colour dummy device 80x30
[    0.002180] WARNING: Your 'console=ttyO0' has been replaced by 'ttyS0'
[    0.002188] This ensures that you still see kernel messages. Please
[    0.002192] update your kernel commandline.
[    0.002234] Calibrating delay loop... 996.14 BogoMIPS (lpj=4980736)
[    0.090546] CPU: Testing write buffer coherency: ok
[    0.090659] CPU0: Spectre v2: using BPIALL workaround
[    0.090668] pid_max: default: 32768 minimum: 301
[    0.090825] LSM: initializing lsm=capability
[    0.091006] Mount-cache hash table entries: 1024 (order: 0, 4096 bytes, linear)
[    0.091025] Mountpoint-cache hash table entries: 1024 (order: 0, 4096 bytes, linear)
[    0.092633] CPU0: thread -1, cpu 0, socket -1, mpidr 0
[    0.092691] cacheinfo: Unable to detect cache hierarchy for CPU 0
[    0.150734] Setting up static identity map for 0x80100000 - 0x80100078
[    0.160685] rcu: Hierarchical SRCU implementation.
[    0.160697] rcu: 	Max phase no-delay instances is 1000.
[    0.180742] smp: Bringing up secondary CPUs ...
[    0.180798] smp: Brought up 1 node, 1 CPU
[    0.180812] SMP: Total of 1 processors activated (996.14 BogoMIPS).
[    0.180823] CPU: All CPU(s) started in SVC mode.
[    0.181013] Memory: 480824K/522240K available (11264K kernel code, 1216K rwdata, 2976K rodata, 1024K init, 288K bss, 23384K reserved, 16384K cma-reserved, 0K highmem)
[    0.181854] devtmpfs: initialized
[    0.199268] VFP support v0.3: implementor 41 architecture 3 part 30 variant c rev 3
[    0.199898] clocksource: jiffies: mask: 0xffffffff max_cycles: 0xffffffff, max_idle_ns: 19112604462750000 ns
[    0.199938] posixtimers hash table entries: 512 (order: 0, 4096 bytes, linear)
[    0.199958] futex hash table entries: 256 (order: 2, 16384 bytes, linear)
[    0.201273] pinctrl core: initialized pinctrl subsystem
[    0.203421] NET: Registered PF_NETLINK/PF_ROUTE protocol family
[    0.206232] DMA: preallocated 256 KiB pool for atomic coherent allocations
[    0.207171] audit: initializing netlink subsys (disabled)
[    0.208573] thermal_sys: Registered thermal governor 'fair_share'
[    0.208591] thermal_sys: Registered thermal governor 'step_wise'
[    0.208600] thermal_sys: Registered thermal governor 'user_space'
[    0.208741] audit: type=2000 audit(0.200:1): state=initialized audit_enabled=0 res=1
[    0.208772] cpuidle: using governor menu
[    0.227042] /ocp/interconnect@44c00000/segment@200000/target-module@b000/i2c@0/tda19988@70: Fixed dependency cycle(s) with /ocp/interconnect@48000000/segment@300000/target-module@e000/lcdc@0
[    0.228216] /ocp/interconnect@48000000/segment@300000/target-module@e000/lcdc@0: Fixed dependency cycle(s) with /ocp/interconnect@44c00000/segment@200000/target-module@b000/i2c@0/tda19988@70
[    0.230452] No ATAGs?
[    0.230495] hw-breakpoint: debug architecture 0x4 unsupported.
[    0.233352] kprobes: kprobe jump-optimization is enabled. All kprobes are optimized if possible.
[    0.243567] iommu: Default domain type: Translated
[    0.243590] iommu: DMA domain TLB invalidation policy: strict mode
[    0.245207] reg-fixed-voltage fixedregulator0: using DT '/fixedregulator0' for '(default)' GPIO lookup
[    0.245262] of_get_named_gpiod_flags: can't parse 'gpios' property of node '/fixedregulator0[0]'
[    0.245290] of_get_named_gpiod_flags: can't parse 'gpio' property of node '/fixedregulator0[0]'
[    0.245308] reg-fixed-voltage fixedregulator0: using lookup tables for GPIO lookup
[    0.245318] reg-fixed-voltage fixedregulator0: No GPIO consumer (default) found
[    0.251420] SCSI subsystem initialized
[    0.251911] libata version 3.00 loaded.
[    0.252282] pps_core: LinuxPPS API ver. 1 registered
[    0.252294] pps_core: Software ver. 5.3.6 - Copyright 2005-2007 Rodolfo Giometti <giometti@linux.it>
[    0.252317] PTP clock support registered
[    0.260919] vgaarb: loaded
[    0.261288] clocksource: Switched to clocksource dmtimer
[    0.261947] VFS: Disk quotas dquot_6.6.0
[    0.262012] VFS: Dquot-cache hash table entries: 1024 (order 0, 4096 bytes)
[    0.286396] NET: Registered PF_INET protocol family
[    0.286735] IP idents hash table entries: 8192 (order: 4, 65536 bytes, linear)
[    0.288163] tcp_listen_portaddr_hash hash table entries: 512 (order: 0, 4096 bytes, linear)
[    0.288202] Table-perturb hash table entries: 65536 (order: 6, 262144 bytes, linear)
[    0.288221] TCP established hash table entries: 4096 (order: 2, 16384 bytes, linear)
[    0.288266] TCP bind hash table entries: 4096 (order: 4, 65536 bytes, linear)
[    0.288366] TCP: Hash tables configured (established 4096 bind 4096)
[    0.288486] UDP hash table entries: 256 (order: 1, 14336 bytes, linear)
[    0.288520] UDP-Lite hash table entries: 256 (order: 1, 14336 bytes, linear)
[    0.288705] NET: Registered PF_UNIX/PF_LOCAL protocol family
[    0.289963] RPC: Registered named UNIX socket transport module.
[    0.289987] RPC: Registered udp transport module.
[    0.289992] RPC: Registered tcp transport module.
[    0.289996] RPC: Registered tcp-with-tls transport module.
[    0.290001] RPC: Registered tcp NFSv4.1 backchannel transport module.
[    0.290024] PCI: CLS 0 bytes, default 64
[    0.291575] Initialise system trusted keyrings
[    0.302015] workingset: timestamp_bits=14 max_order=17 bucket_order=3
[    0.303379] NFS: Registering the id_resolver key type
[    0.303459] Key type id_resolver registered
[    0.303466] Key type id_legacy registered
[    0.303572] jffs2: version 2.2. (NAND) (SUMMARY)  Â© 2001-2006 Red Hat, Inc.
[    0.303987] Key type asymmetric registered
[    0.304004] Asymmetric key parser 'x509' registered
[    0.304066] io scheduler mq-deadline registered
[    0.304078] io scheduler kyber registered
[    0.304154] io scheduler bfq registered
[    0.305744] ledtrig-cpu: registered to indicate activity on CPUs
[    0.311850] Serial: 8250/16550 driver, 6 ports, IRQ sharing enabled
[    0.357795] brd: module loaded
[    0.377376] loop: module loaded
[    0.378296] mtdoops: mtd device (mtddev=name/number) must be supplied
[    0.379996] mdio_bus fixed-0: using lookup tables for GPIO lookup
[    0.380022] mdio_bus fixed-0: No GPIO consumer reset found
[    0.381562] i2c_dev: i2c /dev entries driver
[    0.382573] cpuidle: enable-method property 'ti,am3352' found operations
[    0.383027] sdhci: Secure Digital Host Controller Interface driver
[    0.383037] sdhci: Copyright(c) Pierre Ossman
[    0.383205] sdhci-pltfm: SDHCI platform and OF driver helper
[    0.384206] Initializing XFRM netlink socket
[    0.384381] NET: Registered PF_INET6 protocol family
[    0.392964] Segment Routing with IPv6
[    0.393053] In-situ OAM (IOAM) with IPv6
[    0.393150] sit: IPv6, IPv4 and MPLS over IPv4 tunneling driver
[    0.394113] NET: Registered PF_PACKET protocol family
[    0.394148] NET: Registered PF_KEY protocol family
[    0.394261] Key type dns_resolver registered
[    0.394482] ThumbEE CPU extension supported.
[    0.394500] Registering SWP/SWPB emulation handler
[    0.395037] omap_voltage_late_init: Voltage driver support not added
[    0.395383] SmartReflex Class3 initialized
[    0.432752] Loading compiled-in X.509 certificates
[    0.465661] /ocp/interconnect@44c00000/segment@200000/target-module@b000/i2c@0/tda19988@70: Fixed dependency cycle(s) with /ocp/interconnect@48000000/segment@300000/target-module@e000/lcdc@0
[    0.472427] /ocp/interconnect@44c00000/segment@200000/target-module@b000/i2c@0/tda19988@70: Fixed dependency cycle(s) with /ocp/interconnect@48000000/segment@300000/target-module@e000/lcdc@0
[    0.478066] gpiochip_find_base_unlocked: found new base at 512
[    0.498870] /ocp/interconnect@44c00000/segment@200000/target-module@b000/i2c@0/tda19988@70: Fixed dependency cycle(s) with /ocp/interconnect@48000000/segment@300000/target-module@e000/lcdc@0
[    0.499746] /ocp/interconnect@44c00000/segment@200000/target-module@b000/i2c@0/tda19988@70: Fixed dependency cycle(s) with /ocp/interconnect@48000000/segment@300000/target-module@e000/lcdc@0
[    0.503603] /ocp/interconnect@44c00000/segment@200000/target-module@10000/scm@0/pinmux@800: Fixed dependency cycle(s) with /ocp/interconnect@44c00000/segment@200000/target-module@10000/scm@0/pinmux@800/clkout2-pins
[    0.504213] pinctrl-single 44e10800.pinmux: 142 pins, size 568
[    0.509546] ti-sysc 44e31000.target-module: probe with driver ti-sysc failed with error -16
[    0.537924] /ocp/interconnect@48000000/segment@300000/target-module@e000/lcdc@0: Fixed dependency cycle(s) with /ocp/interconnect@44c00000/segment@200000/target-module@b000/i2c@0/tda19988@70
[    0.546334] ti-sysc 48040000.target-module: probe with driver ti-sysc failed with error -16
[    0.557866] gpiochip_find_base_unlocked: found new base at 512
[    0.557967] gpio gpiochip0: (gpio-0-31): created GPIO range 0->7 ==> 44e10800.pinmux PIN 0->7
[    0.557986] gpio gpiochip0: (gpio-0-31): created GPIO range 8->11 ==> 44e10800.pinmux PIN 90->93
[    0.558001] gpio gpiochip0: (gpio-0-31): created GPIO range 12->27 ==> 44e10800.pinmux PIN 12->27
[    0.558017] gpio gpiochip0: (gpio-0-31): created GPIO range 28->31 ==> 44e10800.pinmux PIN 30->33
[    0.581723] gpio gpiochip0: (gpio-0-31): added GPIO chardev (254:0)
[    0.581886] gpio gpiochip0: registered GPIOs 512 to 543 on gpio-0-31
[    0.581971] OMAP GPIO hardware version 0.1
[    0.615501] i2c i2c-2: using DT '/ocp/interconnect@48000000/segment@100000/target-module@9c000/i2c@0' for 'scl' GPIO lookup
[    0.615575] of_get_named_gpiod_flags: can't parse 'scl-gpios' property of node '/ocp/interconnect@48000000/segment@100000/target-module@9c000/i2c@0[0]'
[    0.615616] of_get_named_gpiod_flags: can't parse 'scl-gpio' property of node '/ocp/interconnect@48000000/segment@100000/target-module@9c000/i2c@0[0]'
[    0.615653] i2c i2c-2: using lookup tables for GPIO lookup
[    0.615662] i2c i2c-2: No GPIO consumer scl found
[    0.615683] i2c i2c-2: using DT '/ocp/interconnect@48000000/segment@100000/target-module@9c000/i2c@0' for 'sda' GPIO lookup
[    0.615718] of_get_named_gpiod_flags: can't parse 'sda-gpios' property of node '/ocp/interconnect@48000000/segment@100000/target-module@9c000/i2c@0[0]'
[    0.615755] of_get_named_gpiod_flags: can't parse 'sda-gpio' property of node '/ocp/interconnect@48000000/segment@100000/target-module@9c000/i2c@0[0]'
[    0.615786] i2c i2c-2: using lookup tables for GPIO lookup
[    0.615793] i2c i2c-2: No GPIO consumer sda found
[    0.616490] omap_i2c 4819c000.i2c: bus 2 rev0.11 at 100 kHz
[    0.622344] gpiochip_find_base_unlocked: found new base at 544
[    0.622446] gpio gpiochip1: (gpio-32-63): created GPIO range 0->17 ==> 44e10800.pinmux PIN 34->51
[    0.622465] gpio gpiochip1: (gpio-32-63): created GPIO range 18->21 ==> 44e10800.pinmux PIN 77->80
[    0.622481] gpio gpiochip1: (gpio-32-63): created GPIO range 22->31 ==> 44e10800.pinmux PIN 56->65
[    0.635064] gpio gpiochip1: (gpio-32-63): added GPIO chardev (254:1)
[    0.635243] gpio gpiochip1: registered GPIOs 544 to 575 on gpio-32-63
[    0.637519] gpiochip_find_base_unlocked: found new base at 576
[    0.637611] gpio gpiochip2: (gpio-64-95): created GPIO range 0->4 ==> 44e10800.pinmux PIN 66->70
[    0.637630] gpio gpiochip2: (gpio-64-95): created GPIO range 5->6 ==> 44e10800.pinmux PIN 98->99
[    0.637646] gpio gpiochip2: (gpio-64-95): created GPIO range 7->8 ==> 44e10800.pinmux PIN 75->76
[    0.637661] gpio gpiochip2: (gpio-64-95): created GPIO range 13->13 ==> 44e10800.pinmux PIN 141->141
[    0.637678] gpio gpiochip2: (gpio-64-95): created GPIO range 14->21 ==> 44e10800.pinmux PIN 100->107
[    0.638323] gpio gpiochip2: (gpio-64-95): added GPIO chardev (254:2)
[    0.638460] gpio gpiochip2: registered GPIOs 576 to 607 on gpio-64-95
[    0.644397] 48000000.interconnect:segment@200000:target-module@0:mpu@0:fck: device ID is greater than 24
[    0.645315] /ocp/interconnect@48000000/segment@300000/target-module@e000/lcdc@0: Fixed dependency cycle(s) with /ocp/interconnect@44c00000/segment@200000/target-module@b000/i2c@0/tda19988@70
[    0.648178] /ocp/interconnect@48000000/segment@300000/target-module@e000/lcdc@0: Fixed dependency cycle(s) with /ocp/interconnect@44c00000/segment@200000/target-module@b000/i2c@0/tda19988@70
[    0.648887] /ocp/interconnect@44c00000/segment@200000/target-module@b000/i2c@0/tda19988@70: Fixed dependency cycle(s) with /ocp/interconnect@48000000/segment@300000/target-module@e000/lcdc@0
[    0.649072] /ocp/interconnect@48000000/segment@300000/target-module@e000/lcdc@0: Fixed dependency cycle(s) with /ocp/interconnect@44c00000/segment@200000/target-module@b000/i2c@0/tda19988@70
[    0.658887] mdio_bus 4a101000.mdio: using DT '/ocp/interconnect@4a000000/segment@0/target-module@100000/switch@0/mdio@1000' for 'reset' GPIO lookup
[    0.658958] of_get_named_gpiod_flags: can't parse 'reset-gpios' property of node '/ocp/interconnect@4a000000/segment@0/target-module@100000/switch@0/mdio@1000[0]'
[    0.659004] of_get_named_gpiod_flags: can't parse 'reset-gpio' property of node '/ocp/interconnect@4a000000/segment@0/target-module@100000/switch@0/mdio@1000[0]'
[    0.659051] mdio_bus 4a101000.mdio: using lookup tables for GPIO lookup
[    0.659061] mdio_bus 4a101000.mdio: No GPIO consumer reset found
[    0.659941] sdhci-omap 481d8000.mmc: using DT '/ocp/interconnect@48000000/segment@100000/target-module@d8000/mmc@0' for 'wp' GPIO lookup
[    0.660002] of_get_named_gpiod_flags: can't parse 'wp-gpios' property of node '/ocp/interconnect@48000000/segment@100000/target-module@d8000/mmc@0[0]'
[    0.660044] of_get_named_gpiod_flags: can't parse 'wp-gpio' property of node '/ocp/interconnect@48000000/segment@100000/target-module@d8000/mmc@0[0]'
[    0.660078] sdhci-omap 481d8000.mmc: using lookup tables for GPIO lookup
[    0.660087] sdhci-omap 481d8000.mmc: No GPIO consumer wp found
[    0.660277] sdhci-omap 481d8000.mmc: supply pbias not found, using dummy regulator
[    0.660773] sdhci-omap 481d8000.mmc: supply vqmmc not found, using dummy regulator
[    0.702413] davinci_mdio 4a101000.mdio: davinci mdio revision 1.6, bus freq 1000000
[    0.723685] mdio_bus 4a101000.mdio:00: using DT '/ocp/interconnect@4a000000/segment@0/target-module@100000/switch@0/mdio@1000/ethernet-phy@0' for 'reset' GPIO lookup
[    0.723789] of_get_named_gpiod_flags: parsed 'reset-gpios' property of node '/ocp/interconnect@4a000000/segment@0/target-module@100000/switch@0/mdio@1000/ethernet-phy@0[0]' - status (0)
[    0.723951] gpio gpiochip0: Persistence not supported for GPIO 8
[    0.845541] davinci_mdio 4a101000.mdio: phy[0]: device 4a101000.mdio:00, driver SMSC LAN8710/LAN8720
[    0.846322] cpsw-switch 4a100000.switch: initialized cpsw ale version 1.4
[    0.846343] cpsw-switch 4a100000.switch: ALE Table size 1024, Policers 0
[    0.846654] cpsw-switch 4a100000.switch: cpts: overflow check period 500 (jiffies)
[    0.846674] cpsw-switch 4a100000.switch: CPTS: ref_clk_freq:250000000 calc_mult:2147483648 calc_shift:29 error:0 nsec/sec
[    0.846787] cpsw-switch 4a100000.switch: Detected MACID = 6c:ec:eb:68:de:78
[    0.848645] cpsw-switch 4a100000.switch: initialized (regs 0x4a100000, pool size 256) hw_ver:0019010C 1.12 (0)
[    0.859754] debugfs: Directory '49000000.dma' with parent 'dmaengine' already present!
[    0.859797] edma 49000000.dma: TI EDMA DMA engine driver
[    0.897432] target-module@4b000000:target-module@140000:pmu@0:fck: device ID is greater than 24
[    0.928779] hw perfevents: enabled with armv7_cortex_a8 PMU driver, 5 (8000000f) counters available
[    0.929739] gpio-clk clk_mcasp0: using DT '/clk_mcasp0' for 'enable' GPIO lookup
[    0.929814] of_get_named_gpiod_flags: parsed 'enable-gpios' property of node '/clk_mcasp0[0]' - status (0)
[    0.929859] gpio gpiochip0: Persistence not supported for GPIO 27
[    0.930657] gpiochip_find_base_unlocked: found new base at 608
[    0.930764] gpio gpiochip3: (gpio-96-127): created GPIO range 0->7 ==> 44e10800.pinmux PIN 82->89
[    0.930782] gpio gpiochip3: (gpio-96-127): created GPIO range 8->11 ==> 44e10800.pinmux PIN 52->55
[    0.930798] gpio gpiochip3: (gpio-96-127): created GPIO range 12->15 ==> 44e10800.pinmux PIN 94->97
[    0.930814] gpio gpiochip3: (gpio-96-127): created GPIO range 16->17 ==> 44e10800.pinmux PIN 71->72
[    0.930830] gpio gpiochip3: (gpio-96-127): created GPIO range 18->18 ==> 44e10800.pinmux PIN 135->135
[    0.930846] gpio gpiochip3: (gpio-96-127): created GPIO range 19->20 ==> 44e10800.pinmux PIN 108->109
[    0.930863] gpio gpiochip3: (gpio-96-127): created GPIO range 21->21 ==> 44e10800.pinmux PIN 73->73
[    0.930880] gpio gpiochip3: (gpio-96-127): created GPIO range 22->23 ==> 44e10800.pinmux PIN 8->9
[    0.930897] gpio gpiochip3: (gpio-96-127): created GPIO range 26->27 ==> 44e10800.pinmux PIN 10->11
[    0.930915] gpio gpiochip3: (gpio-96-127): created GPIO range 28->28 ==> 44e10800.pinmux PIN 74->74
[    0.930933] gpio gpiochip3: (gpio-96-127): created GPIO range 29->29 ==> 44e10800.pinmux PIN 81->81
[    0.930952] gpio gpiochip3: (gpio-96-127): created GPIO range 30->31 ==> 44e10800.pinmux PIN 28->29
[    0.931798] gpio gpiochip3: (gpio-96-127): added GPIO chardev (254:3)
[    0.931958] gpio gpiochip3: registered GPIOs 608 to 639 on gpio-96-127
[    0.933680] omap8250 44e09000.serial: using DT '/ocp/interconnect@44c00000/segment@200000/target-module@9000/serial@0' for 'rs485-term' GPIO lookup
[    0.933752] of_get_named_gpiod_flags: can't parse 'rs485-term-gpios' property of node '/ocp/interconnect@44c00000/segment@200000/target-module@9000/serial@0[0]'
[    0.933795] of_get_named_gpiod_flags: can't parse 'rs485-term-gpio' property of node '/ocp/interconnect@44c00000/segment@200000/target-module@9000/serial@0[0]'
[    0.933832] omap8250 44e09000.serial: using lookup tables for GPIO lookup
[    0.933841] omap8250 44e09000.serial: No GPIO consumer rs485-term found
[    0.933852] omap8250 44e09000.serial: using DT '/ocp/interconnect@44c00000/segment@200000/target-module@9000/serial@0' for 'rs485-rx-during-tx' GPIO lookup
[    0.933887] of_get_named_gpiod_flags: can't parse 'rs485-rx-during-tx-gpios' property of node '/ocp/interconnect@44c00000/segment@200000/target-module@9000/serial@0[0]'
[    0.933924] of_get_named_gpiod_flags: can't parse 'rs485-rx-during-tx-gpio' property of node '/ocp/interconnect@44c00000/segment@200000/target-module@9000/serial@0[0]'
[    0.933956] omap8250 44e09000.serial: using lookup tables for GPIO lookup
[    0.933964] omap8250 44e09000.serial: No GPIO consumer rs485-rx-during-tx found
[    0.934335] 44e09000.serial: ttyS0 at MMIO 0x44e09000 (irq = 34, base_baud = 3000000) is a 8250
[    0.934426] printk: legacy console [ttyS0] enabled
[    2.150979] l3-aon-clkctrl:0000:0: failed to disable
[    2.434451] i2c i2c-0: using DT '/ocp/interconnect@44c00000/segment@200000/target-module@b000/i2c@0' for 'scl' GPIO lookup
[    2.434541] of_get_named_gpiod_flags: can't parse 'scl-gpios' property of node '/ocp/interconnect@44c00000/segment@200000/target-module@b000/i2c@0[0]'
[    2.434588] of_get_named_gpiod_flags: can't parse 'scl-gpio' property of node '/ocp/interconnect@44c00000/segment@200000/target-module@b000/i2c@0[0]'
[    2.434629] i2c i2c-0: using lookup tables for GPIO lookup
[    2.434642] i2c i2c-0: No GPIO consumer scl found
[    2.434668] i2c i2c-0: using DT '/ocp/interconnect@44c00000/segment@200000/target-module@b000/i2c@0' for 'sda' GPIO lookup
[    2.434707] of_get_named_gpiod_flags: can't parse 'sda-gpios' property of node '/ocp/interconnect@44c00000/segment@200000/target-module@b000/i2c@0[0]'
[    2.434748] of_get_named_gpiod_flags: can't parse 'sda-gpio' property of node '/ocp/interconnect@44c00000/segment@200000/target-module@b000/i2c@0[0]'
[    2.434782] i2c i2c-0: using lookup tables for GPIO lookup
[    2.434794] i2c i2c-0: No GPIO consumer sda found
[    2.452256] tps65217-pmic: Failed to locate of_node [id: -1]
[    2.458322] tps65217-bl: Failed to locate of_node [id: -1]
[    2.465806] platform tps65217-charger: DMA mask not set
[    2.473143] platform tps65217-pwrbutton: DMA mask not set
[    2.480974] tps65217 0-0024: TPS65217 ID 0xe version 1.2
[    2.487097] /ocp/interconnect@48000000/segment@300000/target-module@e000/lcdc@0: Fixed dependency cycle(s) with /ocp/interconnect@44c00000/segment@200000/target-module@b000/i2c@0/tda19988@70
[    2.504464] /ocp/interconnect@44c00000/segment@200000/target-module@b000/i2c@0/tda19988@70: Fixed dependency cycle(s) with /ocp/interconnect@48000000/segment@300000/target-module@e000/lcdc@0
[    2.521834] omap_i2c 44e0b000.i2c: bus 0 rev0.11 at 400 kHz
[    2.529533] sdhci-omap 48060000.mmc: using DT '/ocp/interconnect@48000000/segment@0/target-module@60000/mmc@0' for 'cd' GPIO lookup
[    2.529639] of_get_named_gpiod_flags: parsed 'cd-gpios' property of node '/ocp/interconnect@48000000/segment@0/target-module@60000/mmc@0[0]' - status (0)
[    2.529707] gpio gpiochip3: Persistence not supported for GPIO 6
[    2.529735] omap_gpio 44e07000.gpio: Could not set line 6 debounce to 200000 microseconds (-22)
[    2.538613] sdhci-omap 48060000.mmc: Got CD GPIO
[    2.543295] sdhci-omap 48060000.mmc: using DT '/ocp/interconnect@48000000/segment@0/target-module@60000/mmc@0' for 'wp' GPIO lookup
[    2.543345] of_get_named_gpiod_flags: can't parse 'wp-gpios' property of node '/ocp/interconnect@48000000/segment@0/target-module@60000/mmc@0[0]'
[    2.543388] of_get_named_gpiod_flags: can't parse 'wp-gpio' property of node '/ocp/interconnect@48000000/segment@0/target-module@60000/mmc@0[0]'
[    2.543427] sdhci-omap 48060000.mmc: using lookup tables for GPIO lookup
[    2.543440] sdhci-omap 48060000.mmc: No GPIO consumer wp found
[    2.543645] sdhci-omap 48060000.mmc: supply pbias not found, using dummy regulator
[    2.552458] sdhci-omap 481d8000.mmc: using DT '/ocp/interconnect@48000000/segment@100000/target-module@d8000/mmc@0' for 'wp' GPIO lookup
[    2.552549] of_get_named_gpiod_flags: can't parse 'wp-gpios' property of node '/ocp/interconnect@48000000/segment@100000/target-module@d8000/mmc@0[0]'
[    2.552597] of_get_named_gpiod_flags: can't parse 'wp-gpio' property of node '/ocp/interconnect@48000000/segment@100000/target-module@d8000/mmc@0[0]'
[    2.552635] sdhci-omap 481d8000.mmc: using lookup tables for GPIO lookup
[    2.552648] sdhci-omap 481d8000.mmc: No GPIO consumer wp found
[    2.553692] sdhci-omap 48060000.mmc: supply vqmmc not found, using dummy regulator
[    2.562716] sdhci-omap 481d8000.mmc: supply pbias not found, using dummy regulator
[    2.570718] sdhci-omap 481d8000.mmc: supply vqmmc not found, using dummy regulator
[    2.609036] mmc1: SDHCI controller on 481d8000.mmc [481d8000.mmc] using External DMA
[    2.618073] mmc0: SDHCI controller on 48060000.mmc [48060000.mmc] using External DMA
[    2.626985] cpsw-switch 4a100000.switch: starting ndev. mode: dual_mac
[    2.670455] mmc0: new high speed SDHC card at address 5048
[    2.677530] mmcblk0: mmc0:5048 SD16G 14.4 GiB
[    2.685554]  mmcblk0: p1 p2
[    2.688950] mmcblk0: p2 size 31221760 extends beyond EOD, truncated
[    2.702596] SMSC LAN8710/LAN8720 4a101000.mdio:00: attached PHY driver (mii_bus:phy_addr=4a101000.mdio:00, irq=POLL)
[    2.714706] mmc1: new high speed MMC card at address 0001
[    2.721654] mmcblk1: mmc1:0001 MMC04G 3.60 GiB
[    2.733630]  mmcblk1: p1 p2
[    2.737890] mmcblk1boot0: mmc1:0001 MMC04G 2.00 MiB
[    2.745135] mmcblk1boot1: mmc1:0001 MMC04G 2.00 MiB
[    2.752543] mmcblk1rpmb: mmc1:0001 MMC04G 128 KiB, chardev (250:0)
[    5.842070] cpsw-switch 4a100000.switch eth0: Link is Up - 100Mbps/Full - flow control off
[    5.881551] IP-Config: Complete:
[    5.884830]      device=eth0, hwaddr=6c:ec:eb:68:de:78, ipaddr=192.168.255.1, mask=255.255.255.0, gw=255.255.255.255
[    5.895493]      host=bbb1, domain=, nis-domain=(none)
[    5.900663]      bootserver=192.168.255.126, rootserver=192.168.255.126, rootpath=
[    5.901098] clk: Disabling unused clocks
[    5.912942] PM: genpd: Disabling unused power domains
[    5.918060] KTAP version 1
[    5.920780] 1..0
[    5.951135] VFS: Mounted root (nfs filesystem) on device 0:17.
[    5.958339] devtmpfs: mounted
[    5.963150] Freeing unused kernel image (initmem) memory: 1024K
[    5.969770] Run /sbin/init as init process
[    5.973996]   with arguments:
[    5.974010]     /sbin/init
[    5.974021]     nfsrootdebug
[    5.974030]   with environment:
[    5.974038]     HOME=/
[    5.974047]     TERM=linux
[    6.663169] systemd[1]: System time before build time, advancing clock.
[    8.141313] random: crng init done
[    8.182584] systemd[1]: systemd 232 running in system mode. (+PAM +AUDIT +SELINUX +IMA +APPARMOR +SMACK +SYSVINIT +UTMP +LIBCRYPTSETUP +GCRYPT +GNUTLS +ACL +XZ +LZ4 +SECCOMP +BLKID +ELFUTILS +KMOD +IDN)
[    8.201760] systemd[1]: Detected architecture arm.
[    8.234451] systemd[1]: Set hostname to <arm>.
[    9.328666] systemd[1]: Set up automount Arbitrary Executable File Formats File System Automount Point.
[    9.363534] systemd[1]: Listening on udev Control Socket.
[    9.391963] systemd[1]: Listening on udev Kernel Socket.
[    9.422221] systemd[1]: Started Dispatch Password Requests to Console Directory Watch.
[    9.451665] systemd[1]: Reached target Remote File Systems.
[    9.483190] systemd[1]: Listening on Syslog Socket.
[    9.512362] systemd[1]: Listening on Journal Audit Socket.
[   11.638169] systemd-journald[93]: Received request to flush runtime journal from PID 1
[   14.397332] leds-gpio leds: using DT '/leds/led2' for '(default)' GPIO lookup
[   14.397442] of_get_named_gpiod_flags: parsed 'gpios' property of node '/leds/led2[0]' - status (0)
[   14.397501] gpio gpiochip0: Persistence not supported for GPIO 21
[   14.397516] gpio-533 (?): no flags found for GPIO (default)
[   14.512727] leds-gpio leds: using DT '/leds/led3' for '(default)' GPIO lookup
[   14.513061] of_get_named_gpiod_flags: parsed 'gpios' property of node '/leds/led3[0]' - status (0)
[   14.513129] gpio gpiochip0: Persistence not supported for GPIO 22
[   14.513144] gpio-534 (?): no flags found for GPIO (default)
[   14.588771] leds-gpio leds: using DT '/leds/led4' for '(default)' GPIO lookup
[   14.588871] of_get_named_gpiod_flags: parsed 'gpios' property of node '/leds/led4[0]' - status (0)
[   14.588924] gpio gpiochip0: Persistence not supported for GPIO 23
[   14.588939] gpio-535 (?): no flags found for GPIO (default)
[   14.638740] leds-gpio leds: using DT '/leds/led5' for '(default)' GPIO lookup
[   14.638840] of_get_named_gpiod_flags: parsed 'gpios' property of node '/leds/led5[0]' - status (0)
[   14.638893] gpio gpiochip0: Persistence not supported for GPIO 24
[   14.638908] gpio-536 (?): no flags found for GPIO (default)
[   14.885240] remoteproc remoteproc0: wkup_m3 is available
[   14.956360] omap_rtc 44e3e000.rtc: registered as rtc0
[   14.961712] omap_rtc 44e3e000.rtc: setting system clock to 2000-01-01T00:00:00 UTC (946684800)
[   14.970413] omap_rtc 44e3e000.rtc: using DT '/ocp/interconnect@44c00000/segment@200000/target-module@3e000/rtc@0' for 'wp' GPIO lookup
[   14.970483] of_get_named_gpiod_flags: can't parse 'wp-gpios' property of node '/ocp/interconnect@44c00000/segment@200000/target-module@3e000/rtc@0[0]'
[   14.970531] of_get_named_gpiod_flags: can't parse 'wp-gpio' property of node '/ocp/interconnect@44c00000/segment@200000/target-module@3e000/rtc@0[0]'
[   14.970571] omap_rtc 44e3e000.rtc: using lookup tables for GPIO lookup
[   14.970585] omap_rtc 44e3e000.rtc: No GPIO consumer wp found
[   15.005470] at24 2-0054: supply vcc not found, using dummy regulator
[   15.126926] at24 2-0055: supply vcc not found, using dummy regulator
[   15.250062] at24 2-0056: supply vcc not found, using dummy regulator
[   15.314108] input: tps65217_pwrbutton as /devices/platform/ocp/44c00000.interconnect/44c00000.interconnect:segment@200000/44e0b000.target-module/44e0b000.i2c/i2c-0/0-0024/tps65217-pwrbutton/input/input0
[   15.394099] at24 2-0057: supply vcc not found, using dummy regulator
[   15.502416] at24 0-0050: using DT '/ocp/interconnect@44c00000/segment@200000/target-module@b000/i2c@0/eeprom@50' for 'wp' GPIO lookup
[   15.502642] of_get_named_gpiod_flags: can't parse 'wp-gpios' property of node '/ocp/interconnect@44c00000/segment@200000/target-module@b000/i2c@0/eeprom@50[0]'
[   15.502762] of_get_named_gpiod_flags: can't parse 'wp-gpio' property of node '/ocp/interconnect@44c00000/segment@200000/target-module@b000/i2c@0/eeprom@50[0]'
[   15.502853] at24 0-0050: using lookup tables for GPIO lookup
[   15.502869] at24 0-0050: No GPIO consumer wp found
[   15.503509] at24 0-0050: 32768 byte 24c256 EEPROM, writable, 1 bytes/write
[   15.776494] wkup_m3_ipc 44e11324.wkup_m3_ipc: IPC Request for A8->M3 Channel failed! -517
[   15.957433] wkup_m3_ipc 44e11324.wkup_m3_ipc: IPC Request for A8->M3 Channel failed! -517
[   15.991707] omap_wdt: OMAP Watchdog Timer Rev 0x01: initial timeout 60 sec
[   16.074135] am335x-phy-driver 47401300.usb-phy: using DT '/ocp/target-module@47400000/usb-phy@1300' for 'reset' GPIO lookup
[   16.074234] of_get_named_gpiod_flags: can't parse 'reset-gpios' property of node '/ocp/target-module@47400000/usb-phy@1300[0]'
[   16.074279] of_get_named_gpiod_flags: can't parse 'reset-gpio' property of node '/ocp/target-module@47400000/usb-phy@1300[0]'
[   16.074316] am335x-phy-driver 47401300.usb-phy: using lookup tables for GPIO lookup
[   16.074330] am335x-phy-driver 47401300.usb-phy: No GPIO consumer reset found
[   16.074345] am335x-phy-driver 47401300.usb-phy: using DT '/ocp/target-module@47400000/usb-phy@1300' for 'vbus-detect' GPIO lookup
[   16.074375] of_get_named_gpiod_flags: can't parse 'vbus-detect-gpios' property of node '/ocp/target-module@47400000/usb-phy@1300[0]'
[   16.074407] of_get_named_gpiod_flags: can't parse 'vbus-detect-gpio' property of node '/ocp/target-module@47400000/usb-phy@1300[0]'
[   16.074434] am335x-phy-driver 47401300.usb-phy: using lookup tables for GPIO lookup
[   16.074446] am335x-phy-driver 47401300.usb-phy: No GPIO consumer vbus-detect found
[   16.074595] am335x-phy-driver 47401300.usb-phy: dummy supplies not allowed for exclusive requests (id=vbus)
[   16.127336] wkup_m3_ipc 44e11324.wkup_m3_ipc: IPC Request for A8->M3 Channel failed! -517
[   16.514791] usbcore: registered new interface driver usbfs
[   16.520502] usbcore: registered new interface driver hub
[   16.526064] usbcore: registered new device driver usb
[   16.567600] am335x-phy-driver 47401b00.usb-phy: using DT '/ocp/target-module@47400000/usb-phy@1b00' for 'reset' GPIO lookup
[   16.567750] of_get_named_gpiod_flags: can't parse 'reset-gpios' property of node '/ocp/target-module@47400000/usb-phy@1b00[0]'
[   16.567853] of_get_named_gpiod_flags: can't parse 'reset-gpio' property of node '/ocp/target-module@47400000/usb-phy@1b00[0]'
[   16.567895] am335x-phy-driver 47401b00.usb-phy: using lookup tables for GPIO lookup
[   16.567958] am335x-phy-driver 47401b00.usb-phy: No GPIO consumer reset found
[   16.567975] am335x-phy-driver 47401b00.usb-phy: using DT '/ocp/target-module@47400000/usb-phy@1b00' for 'vbus-detect' GPIO lookup
[   16.568049] of_get_named_gpiod_flags: can't parse 'vbus-detect-gpios' property of node '/ocp/target-module@47400000/usb-phy@1b00[0]'
[   16.568084] of_get_named_gpiod_flags: can't parse 'vbus-detect-gpio' property of node '/ocp/target-module@47400000/usb-phy@1b00[0]'
[   16.568112] am335x-phy-driver 47401b00.usb-phy: using lookup tables for GPIO lookup
[   16.568125] am335x-phy-driver 47401b00.usb-phy: No GPIO consumer vbus-detect found
[   16.568276] am335x-phy-driver 47401b00.usb-phy: dummy supplies not allowed for exclusive requests (id=vbus)
[   16.580691] wkup_m3_ipc 44e11324.wkup_m3_ipc: IPC Request for A8->M3 Channel failed! -517
[   16.757681] wkup_m3_ipc 44e11324.wkup_m3_ipc: IPC Request for A8->M3 Channel failed! -517
[   17.056950] tda998x 0-0070: found TDA19988
[   17.179626] wkup_m3_ipc 44e11324.wkup_m3_ipc: IPC Request for A8->M3 Channel failed! -517
[   17.324928] wkup_m3_ipc 44e11324.wkup_m3_ipc: IPC Request for A8->M3 Channel failed! -517
[   17.477100] musb-hdrc musb-hdrc.1: MUSB HDRC host driver
[   17.482737] musb-hdrc musb-hdrc.1: new USB bus registered, assigned bus number 1
[   17.517986] wkup_m3_ipc 44e11324.wkup_m3_ipc: IPC Request for A8->M3 Channel failed! -517
[   17.628627] omap-mailbox 480c8000.mailbox: omap mailbox rev 0x400
[   17.774015] remoteproc remoteproc0: powering up wkup_m3
[   17.825713] usb usb1: New USB device found, idVendor=1d6b, idProduct=0002, bcdDevice= 6.14
[   17.834194] usb usb1: New USB device strings: Mfr=3, Product=2, SerialNumber=1
[   17.841536] usb usb1: Product: MUSB HDRC host driver
[   17.846533] usb usb1: Manufacturer: Linux 6.14.0-next-20250402 musb-hcd
[   17.853212] usb usb1: SerialNumber: musb-hdrc.1
[   18.121807] remoteproc remoteproc0: Direct firmware load for am335x-pm-firmware.elf failed with error -2
[   18.131516] remoteproc remoteproc0: request_firmware failed: -2
[   18.137477] wkup_m3_ipc 44e11324.wkup_m3_ipc: rproc_boot failed
[   18.329825] hub 1-0:1.0: USB hub found
[   18.397254] hub 1-0:1.0: 1 port detected
[   20.514261] omap_rng 48310000.rng: Random Number Generator ver. 20
[   20.561758] tilcdc 4830e000.lcdc: bound 0-0070 (ops tda998x_audio_codec_init [tda998x])
[   20.605707] [drm] Initialized tilcdc 1.0.0 for 4830e000.lcdc on minor 0
[   20.667916] tilcdc 4830e000.lcdc: [drm] Cannot find any crtc or sizes
[   20.676213] tilcdc 4830e000.lcdc: [drm] Cannot find any crtc or sizes
[   21.242668] omap-sham 53100000.sham: hw accel on OMAP rev 4.3
[   21.267899] PM: Cannot get wkup_m3_ipc handle
[   21.406945] omap-sham 53100000.sham: will run requests pump with realtime priority
[   21.422130] PM: Cannot get wkup_m3_ipc handle
[   21.558960] omap-aes 53500000.aes: OMAP AES hw accel rev: 3.2
[   21.648371] omap-aes 53500000.aes: will run requests pump with realtime priority
[   21.666564] PM: Cannot get wkup_m3_ipc handle
[   24.531154] Bluetooth: Core ver 2.22
[   24.535186] NET: Registered PF_BLUETOOTH protocol family
[   24.540540] Bluetooth: HCI device and connection manager initialized
[   24.547036] Bluetooth: HCI socket layer initialized
[   24.551986] Bluetooth: L2CAP socket layer initialized
[   24.557101] Bluetooth: SCO socket layer initialized
[   24.925317] tda998x 0-0070: using DT '/ocp/interconnect@44c00000/segment@200000/target-module@b000/i2c@0/tda19988@70' for 'nxp,calib' GPIO lookup
[   24.925466] of_get_named_gpiod_flags: parsed 'nxp,calib-gpios' property of node '/ocp/interconnect@44c00000/segment@200000/target-module@b000/i2c@0/tda19988@70[0]' - status (0)
[   24.925550] gpio gpiochip0: Persistence not supported for GPIO 25
[   24.925566] gpio-537 (nxp,calib): no flags found for GPIO nxp,calib
[   24.942818] gpio-537 (nxp,calib): gpiod_direction_output_nonotify: tried to set a GPIO tied to an IRQ as output
[   25.116483] PM: Cannot get wkup_m3_ipc handle
[   25.122613] asoc-simple-card sound: using DT '/sound' for 'simple-audio-card,hp-det' GPIO lookup
[   25.122688] of_get_named_gpiod_flags: can't parse 'simple-audio-card,hp-det-gpios' property of node '/sound[0]'
[   25.122722] of_get_named_gpiod_flags: can't parse 'simple-audio-card,hp-det-gpio' property of node '/sound[0]'
[   25.122748] asoc-simple-card sound: using lookup tables for GPIO lookup
[   25.122763] asoc-simple-card sound: No GPIO consumer simple-audio-card,hp-det found
[   25.122778] asoc-simple-card sound: using DT '/sound' for 'simple-audio-card,mic-det' GPIO lookup
[   25.122803] of_get_named_gpiod_flags: can't parse 'simple-audio-card,mic-det-gpios' property of node '/sound[0]'
[   25.122828] of_get_named_gpiod_flags: can't parse 'simple-audio-card,mic-det-gpio' property of node '/sound[0]'
[   25.122847] asoc-simple-card sound: using lookup tables for GPIO lookup
[   25.122859] asoc-simple-card sound: No GPIO consumer simple-audio-card,mic-det found
[   25.194305] tda9950 0-0034: TDA9950 CEC interface, hardware version 3.3
[   25.252472] PM: Cannot get wkup_m3_ipc handle
[   25.315401] PM: Cannot get wkup_m3_ipc handle
[   28.905777] userial_init: registered 8 ttyGS* devices
[   29.098316] rndis_register: configNr = 0
[   29.168839] udc musb-hdrc.0: binding gadget driver [g_multi]
[   29.168942] configfs-gadget.g_multi gadget.0: adding 'rndis'/14414c7e to config 'c'/cc88feef
[   29.170084] configfs-gadget.g_multi gadget.0: HOST MAC 1c:ba:8c:a2:ed:6c
[   29.177085] configfs-gadget.g_multi gadget.0: MAC 1c:ba:8c:a2:ed:70
[   29.183562] rndis_set_param_medium: 0 0
[   29.183585] configfs-gadget.g_multi gadget.0: RNDIS: IN/ep1in OUT/ep1out NOTIFY/ep2in
[   29.183603] configfs-gadget.g_multi gadget.0: adding 'cdc_ethernet'/ecc43ad9 to config 'c'/cc88feef
[   29.184522] configfs-gadget.g_multi gadget.0: HOST MAC 1c:ba:8c:a2:ed:6c
[   29.191376] configfs-gadget.g_multi gadget.0: MAC 1c:ba:8c:a2:ed:6d
[   29.197708] configfs-gadget.g_multi gadget.0: CDC Ethernet: IN/ep3in OUT/ep2out NOTIFY/ep4in
[   29.197725] configfs-gadget.g_multi gadget.0: adding 'acm'/af55de7f to config 'c'/cc88feef
[   29.197760] configfs-gadget.g_multi gadget.0: acm ttyGS0: IN/ep5in OUT/ep3out NOTIFY/ep6in
[   29.202852] PM: Cannot get wkup_m3_ipc handle
[   31.567674] configfs-gadget.g_multi gadget.0: eth_open
[   35.369988] gs_open: ttyGS0 (5c033637,e2096db3)
[   35.370138] gs_close: ttyGS0 (5c033637,e2096db3) ...
[   35.370162] gs_close: ttyGS0 (5c033637,e2096db3) done!
[   35.374560] gs_open: ttyGS0 (e4dfb920,420ed96a)
[   35.374695] gs_close: ttyGS0 (e4dfb920,420ed96a) ...
[   35.374718] gs_close: ttyGS0 (e4dfb920,420ed96a) done!
[   35.527562] gs_open: ttyGS0 (4f3efc7b,871d601e)
[   35.527804] gs_close: ttyGS0 (4f3efc7b,871d601e) ...
[   35.527832] gs_close: ttyGS0 (4f3efc7b,871d601e) done!
[   35.541774] gs_open: ttyGS0 (4f3efc7b,871d601e)
YLCVVONUQU 0
root@arm:~# echo 'QFFF''LGWGPV'
QFFFLGWGPV
root@arm:~# MARKER='AZWQ''EBSWJM' run 'modprobe test_linear_ranges'
AZWQEBSWJMAZWQEBSWJM 0
root@arm:~# echo 'ZABE''TMUXKT'
ZABETMUXKT
root@arm:~# MARKER='OPZX''ZESZBM' run dmesg
OPZXZESZBM[    0.000000] Booting Linux on physical CPU 0x0
[    0.000000] Linux version 6.14.0-next-20250402 (user01@drvtest01) (arm-none-eabi-gcc (Arm GNU Toolchain 14.2.Rel1 (Build arm-14.52)) 14.2.1 20241119, GNU ld (Arm GNU Toolchain 14.2.Rel1 (Build arm-14.52)) 2.43.1.20241119) #1 SMP Wed Apr  2 07:12:50 EEST 2025
[    0.000000] CPU: ARMv7 Processor [413fc082] revision 2 (ARMv7), cr=10c5387d
[    0.000000] CPU: PIPT / VIPT nonaliasing data cache, VIPT aliasing instruction cache
[    0.000000] OF: fdt: Machine model: TI AM335x BeagleBone Black
[    0.000000] Memory policy: Data cache writeback
[    0.000000] cma: Reserved 16 MiB at 0x00000000
[    0.000000] Zone ranges:
[    0.000000]   Normal   [mem 0x0000000080000000-0x000000009fdfffff]
[    0.000000]   HighMem  empty
[    0.000000] Movable zone start for each node
[    0.000000] Early memory node ranges
[    0.000000]   node   0: [mem 0x0000000080000000-0x000000009fdfffff]
[    0.000000] Initmem setup node 0 [mem 0x0000000080000000-0x000000009fdfffff]
[    0.000000] On node 0, zone Normal: 512 pages in unavailable ranges
[    0.000000] OF: reserved mem: Reserved memory: No reserved-memory node in the DT
[    0.000000] CPU: All CPU(s) started in SVC mode.
[    0.000000] AM335X ES2.1 (sgx neon)
[    0.000000] percpu: Embedded 17 pages/cpu s39692 r8192 d21748 u69632
[    0.000000] pcpu-alloc: s39692 r8192 d21748 u69632 alloc=17*4096
[    0.000000] pcpu-alloc: [0] 0 
[    0.000000] Kernel command line: console=ttyO0,115200n8 root=/dev/nfs rw nfsroot=192.168.255.126:/home/user01/nfs,nfsvers=3 ip=192.168.255.1:192.168.255.126::255.255.255.0:bbb1:eth0 nfsrootdebug
[    0.000000] Unknown kernel command line parameters "nfsrootdebug", will be passed to user space.
[    0.000000] printk: log buffer data + meta data: 65536 + 204800 = 270336 bytes
[    0.000000] Dentry cache hash table entries: 65536 (order: 6, 262144 bytes, linear)
[    0.000000] Inode-cache hash table entries: 32768 (order: 5, 131072 bytes, linear)
[    0.000000] Built 1 zonelists, mobility grouping on.  Total pages: 130560
[    0.000000] mem auto-init: stack:off, heap alloc:off, heap free:off
[    0.000000] SLUB: HWalign=16, Order=0-3, MinObjects=0, CPUs=1, Nodes=1
[    0.000000] rcu: Hierarchical RCU implementation.
[    0.000000] rcu: 	RCU event tracing is enabled.
[    0.000000] rcu: 	RCU restricting CPUs from NR_CPUS=2 to nr_cpu_ids=1.
[    0.000000] 	Tracing variant of Tasks RCU enabled.
[    0.000000] rcu: RCU calculated value of scheduler-enlistment delay is 10 jiffies.
[    0.000000] rcu: Adjusting geometry for rcu_fanout_leaf=16, nr_cpu_ids=1
[    0.000000] RCU Tasks Trace: Setting shift to 0 and lim to 1 rcu_task_cb_adjust=1 rcu_task_cpu_ids=1.
[    0.000000] NR_IRQS: 16, nr_irqs: 16, preallocated irqs: 16
[    0.000000] IRQ: Found an INTC at 0x(ptrval) (revision 5.0) with 128 interrupts
[    0.000000] rcu: srcu_init: Setting srcu_struct sizes based on contention.
[    0.000000] TI gptimer clocksource: always-on /ocp/interconnect@44c00000/segment@200000/target-module@31000
[    0.000003] sched_clock: 32 bits at 24MHz, resolution 41ns, wraps every 89478484971ns
[    0.000025] clocksource: dmtimer: mask: 0xffffffff max_cycles: 0xffffffff, max_idle_ns: 79635851949 ns
[    0.000496] TI gptimer clockevent: 24000000 Hz at /ocp/interconnect@48000000/segment@0/target-module@40000
[    0.002114] Console: colour dummy device 80x30
[    0.002180] WARNING: Your 'console=ttyO0' has been replaced by 'ttyS0'
[    0.002188] This ensures that you still see kernel messages. Please
[    0.002192] update your kernel commandline.
[    0.002234] Calibrating delay loop... 996.14 BogoMIPS (lpj=4980736)
[    0.090546] CPU: Testing write buffer coherency: ok
[    0.090659] CPU0: Spectre v2: using BPIALL workaround
[    0.090668] pid_max: default: 32768 minimum: 301
[    0.090825] LSM: initializing lsm=capability
[    0.091006] Mount-cache hash table entries: 1024 (order: 0, 4096 bytes, linear)
[    0.091025] Mountpoint-cache hash table entries: 1024 (order: 0, 4096 bytes, linear)
[    0.092633] CPU0: thread -1, cpu 0, socket -1, mpidr 0
[    0.092691] cacheinfo: Unable to detect cache hierarchy for CPU 0
[    0.150734] Setting up static identity map for 0x80100000 - 0x80100078
[    0.160685] rcu: Hierarchical SRCU implementation.
[    0.160697] rcu: 	Max phase no-delay instances is 1000.
[    0.180742] smp: Bringing up secondary CPUs ...
[    0.180798] smp: Brought up 1 node, 1 CPU
[    0.180812] SMP: Total of 1 processors activated (996.14 BogoMIPS).
[    0.180823] CPU: All CPU(s) started in SVC mode.
[    0.181013] Memory: 480824K/522240K available (11264K kernel code, 1216K rwdata, 2976K rodata, 1024K init, 288K bss, 23384K reserved, 16384K cma-reserved, 0K highmem)
[    0.181854] devtmpfs: initialized
[    0.199268] VFP support v0.3: implementor 41 architecture 3 part 30 variant c rev 3
[    0.199898] clocksource: jiffies: mask: 0xffffffff max_cycles: 0xffffffff, max_idle_ns: 19112604462750000 ns
[    0.199938] posixtimers hash table entries: 512 (order: 0, 4096 bytes, linear)
[    0.199958] futex hash table entries: 256 (order: 2, 16384 bytes, linear)
[    0.201273] pinctrl core: initialized pinctrl subsystem
[    0.203421] NET: Registered PF_NETLINK/PF_ROUTE protocol family
[    0.206232] DMA: preallocated 256 KiB pool for atomic coherent allocations
[    0.207171] audit: initializing netlink subsys (disabled)
[    0.208573] thermal_sys: Registered thermal governor 'fair_share'
[    0.208591] thermal_sys: Registered thermal governor 'step_wise'
[    0.208600] thermal_sys: Registered thermal governor 'user_space'
[    0.208741] audit: type=2000 audit(0.200:1): state=initialized audit_enabled=0 res=1
[    0.208772] cpuidle: using governor menu
[    0.227042] /ocp/interconnect@44c00000/segment@200000/target-module@b000/i2c@0/tda19988@70: Fixed dependency cycle(s) with /ocp/interconnect@48000000/segment@300000/target-module@e000/lcdc@0
[    0.228216] /ocp/interconnect@48000000/segment@300000/target-module@e000/lcdc@0: Fixed dependency cycle(s) with /ocp/interconnect@44c00000/segment@200000/target-module@b000/i2c@0/tda19988@70
[    0.230452] No ATAGs?
[    0.230495] hw-breakpoint: debug architecture 0x4 unsupported.
[    0.233352] kprobes: kprobe jump-optimization is enabled. All kprobes are optimized if possible.
[    0.243567] iommu: Default domain type: Translated
[    0.243590] iommu: DMA domain TLB invalidation policy: strict mode
[    0.245207] reg-fixed-voltage fixedregulator0: using DT '/fixedregulator0' for '(default)' GPIO lookup
[    0.245262] of_get_named_gpiod_flags: can't parse 'gpios' property of node '/fixedregulator0[0]'
[    0.245290] of_get_named_gpiod_flags: can't parse 'gpio' property of node '/fixedregulator0[0]'
[    0.245308] reg-fixed-voltage fixedregulator0: using lookup tables for GPIO lookup
[    0.245318] reg-fixed-voltage fixedregulator0: No GPIO consumer (default) found
[    0.251420] SCSI subsystem initialized
[    0.251911] libata version 3.00 loaded.
[    0.252282] pps_core: LinuxPPS API ver. 1 registered
[    0.252294] pps_core: Software ver. 5.3.6 - Copyright 2005-2007 Rodolfo Giometti <giometti@linux.it>
[    0.252317] PTP clock support registered
[    0.260919] vgaarb: loaded
[    0.261288] clocksource: Switched to clocksource dmtimer
[    0.261947] VFS: Disk quotas dquot_6.6.0
[    0.262012] VFS: Dquot-cache hash table entries: 1024 (order 0, 4096 bytes)
[    0.286396] NET: Registered PF_INET protocol family
[    0.286735] IP idents hash table entries: 8192 (order: 4, 65536 bytes, linear)
[    0.288163] tcp_listen_portaddr_hash hash table entries: 512 (order: 0, 4096 bytes, linear)
[    0.288202] Table-perturb hash table entries: 65536 (order: 6, 262144 bytes, linear)
[    0.288221] TCP established hash table entries: 4096 (order: 2, 16384 bytes, linear)
[    0.288266] TCP bind hash table entries: 4096 (order: 4, 65536 bytes, linear)
[    0.288366] TCP: Hash tables configured (established 4096 bind 4096)
[    0.288486] UDP hash table entries: 256 (order: 1, 14336 bytes, linear)
[    0.288520] UDP-Lite hash table entries: 256 (order: 1, 14336 bytes, linear)
[    0.288705] NET: Registered PF_UNIX/PF_LOCAL protocol family
[    0.289963] RPC: Registered named UNIX socket transport module.
[    0.289987] RPC: Registered udp transport module.
[    0.289992] RPC: Registered tcp transport module.
[    0.289996] RPC: Registered tcp-with-tls transport module.
[    0.290001] RPC: Registered tcp NFSv4.1 backchannel transport module.
[    0.290024] PCI: CLS 0 bytes, default 64
[    0.291575] Initialise system trusted keyrings
[    0.302015] workingset: timestamp_bits=14 max_order=17 bucket_order=3
[    0.303379] NFS: Registering the id_resolver key type
[    0.303459] Key type id_resolver registered
[    0.303466] Key type id_legacy registered
[    0.303572] jffs2: version 2.2. (NAND) (SUMMARY)  Â© 2001-2006 Red Hat, Inc.
[    0.303987] Key type asymmetric registered
[    0.304004] Asymmetric key parser 'x509' registered
[    0.304066] io scheduler mq-deadline registered
[    0.304078] io scheduler kyber registered
[    0.304154] io scheduler bfq registered
[    0.305744] ledtrig-cpu: registered to indicate activity on CPUs
[    0.311850] Serial: 8250/16550 driver, 6 ports, IRQ sharing enabled
[    0.357795] brd: module loaded
[    0.377376] loop: module loaded
[    0.378296] mtdoops: mtd device (mtddev=name/number) must be supplied
[    0.379996] mdio_bus fixed-0: using lookup tables for GPIO lookup
[    0.380022] mdio_bus fixed-0: No GPIO consumer reset found
[    0.381562] i2c_dev: i2c /dev entries driver
[    0.382573] cpuidle: enable-method property 'ti,am3352' found operations
[    0.383027] sdhci: Secure Digital Host Controller Interface driver
[    0.383037] sdhci: Copyright(c) Pierre Ossman
[    0.383205] sdhci-pltfm: SDHCI platform and OF driver helper
[    0.384206] Initializing XFRM netlink socket
[    0.384381] NET: Registered PF_INET6 protocol family
[    0.392964] Segment Routing with IPv6
[    0.393053] In-situ OAM (IOAM) with IPv6
[    0.393150] sit: IPv6, IPv4 and MPLS over IPv4 tunneling driver
[    0.394113] NET: Registered PF_PACKET protocol family
[    0.394148] NET: Registered PF_KEY protocol family
[    0.394261] Key type dns_resolver registered
[    0.394482] ThumbEE CPU extension supported.
[    0.394500] Registering SWP/SWPB emulation handler
[    0.395037] omap_voltage_late_init: Voltage driver support not added
[    0.395383] SmartReflex Class3 initialized
[    0.432752] Loading compiled-in X.509 certificates
[    0.465661] /ocp/interconnect@44c00000/segment@200000/target-module@b000/i2c@0/tda19988@70: Fixed dependency cycle(s) with /ocp/interconnect@48000000/segment@300000/target-module@e000/lcdc@0
[    0.472427] /ocp/interconnect@44c00000/segment@200000/target-module@b000/i2c@0/tda19988@70: Fixed dependency cycle(s) with /ocp/interconnect@48000000/segment@300000/target-module@e000/lcdc@0
[    0.478066] gpiochip_find_base_unlocked: found new base at 512
[    0.498870] /ocp/interconnect@44c00000/segment@200000/target-module@b000/i2c@0/tda19988@70: Fixed dependency cycle(s) with /ocp/interconnect@48000000/segment@300000/target-module@e000/lcdc@0
[    0.499746] /ocp/interconnect@44c00000/segment@200000/target-module@b000/i2c@0/tda19988@70: Fixed dependency cycle(s) with /ocp/interconnect@48000000/segment@300000/target-module@e000/lcdc@0
[    0.503603] /ocp/interconnect@44c00000/segment@200000/target-module@10000/scm@0/pinmux@800: Fixed dependency cycle(s) with /ocp/interconnect@44c00000/segment@200000/target-module@10000/scm@0/pinmux@800/clkout2-pins
[    0.504213] pinctrl-single 44e10800.pinmux: 142 pins, size 568
[    0.509546] ti-sysc 44e31000.target-module: probe with driver ti-sysc failed with error -16
[    0.537924] /ocp/interconnect@48000000/segment@300000/target-module@e000/lcdc@0: Fixed dependency cycle(s) with /ocp/interconnect@44c00000/segment@200000/target-module@b000/i2c@0/tda19988@70
[    0.546334] ti-sysc 48040000.target-module: probe with driver ti-sysc failed with error -16
[    0.557866] gpiochip_find_base_unlocked: found new base at 512
[    0.557967] gpio gpiochip0: (gpio-0-31): created GPIO range 0->7 ==> 44e10800.pinmux PIN 0->7
[    0.557986] gpio gpiochip0: (gpio-0-31): created GPIO range 8->11 ==> 44e10800.pinmux PIN 90->93
[    0.558001] gpio gpiochip0: (gpio-0-31): created GPIO range 12->27 ==> 44e10800.pinmux PIN 12->27
[    0.558017] gpio gpiochip0: (gpio-0-31): created GPIO range 28->31 ==> 44e10800.pinmux PIN 30->33
[    0.581723] gpio gpiochip0: (gpio-0-31): added GPIO chardev (254:0)
[    0.581886] gpio gpiochip0: registered GPIOs 512 to 543 on gpio-0-31
[    0.581971] OMAP GPIO hardware version 0.1
[    0.615501] i2c i2c-2: using DT '/ocp/interconnect@48000000/segment@100000/target-module@9c000/i2c@0' for 'scl' GPIO lookup
[    0.615575] of_get_named_gpiod_flags: can't parse 'scl-gpios' property of node '/ocp/interconnect@48000000/segment@100000/target-module@9c000/i2c@0[0]'
[    0.615616] of_get_named_gpiod_flags: can't parse 'scl-gpio' property of node '/ocp/interconnect@48000000/segment@100000/target-module@9c000/i2c@0[0]'
[    0.615653] i2c i2c-2: using lookup tables for GPIO lookup
[    0.615662] i2c i2c-2: No GPIO consumer scl found
[    0.615683] i2c i2c-2: using DT '/ocp/interconnect@48000000/segment@100000/target-module@9c000/i2c@0' for 'sda' GPIO lookup
[    0.615718] of_get_named_gpiod_flags: can't parse 'sda-gpios' property of node '/ocp/interconnect@48000000/segment@100000/target-module@9c000/i2c@0[0]'
[    0.615755] of_get_named_gpiod_flags: can't parse 'sda-gpio' property of node '/ocp/interconnect@48000000/segment@100000/target-module@9c000/i2c@0[0]'
[    0.615786] i2c i2c-2: using lookup tables for GPIO lookup
[    0.615793] i2c i2c-2: No GPIO consumer sda found
[    0.616490] omap_i2c 4819c000.i2c: bus 2 rev0.11 at 100 kHz
[    0.622344] gpiochip_find_base_unlocked: found new base at 544
[    0.622446] gpio gpiochip1: (gpio-32-63): created GPIO range 0->17 ==> 44e10800.pinmux PIN 34->51
[    0.622465] gpio gpiochip1: (gpio-32-63): created GPIO range 18->21 ==> 44e10800.pinmux PIN 77->80
[    0.622481] gpio gpiochip1: (gpio-32-63): created GPIO range 22->31 ==> 44e10800.pinmux PIN 56->65
[    0.635064] gpio gpiochip1: (gpio-32-63): added GPIO chardev (254:1)
[    0.635243] gpio gpiochip1: registered GPIOs 544 to 575 on gpio-32-63
[    0.637519] gpiochip_find_base_unlocked: found new base at 576
[    0.637611] gpio gpiochip2: (gpio-64-95): created GPIO range 0->4 ==> 44e10800.pinmux PIN 66->70
[    0.637630] gpio gpiochip2: (gpio-64-95): created GPIO range 5->6 ==> 44e10800.pinmux PIN 98->99
[    0.637646] gpio gpiochip2: (gpio-64-95): created GPIO range 7->8 ==> 44e10800.pinmux PIN 75->76
[    0.637661] gpio gpiochip2: (gpio-64-95): created GPIO range 13->13 ==> 44e10800.pinmux PIN 141->141
[    0.637678] gpio gpiochip2: (gpio-64-95): created GPIO range 14->21 ==> 44e10800.pinmux PIN 100->107
[    0.638323] gpio gpiochip2: (gpio-64-95): added GPIO chardev (254:2)
[    0.638460] gpio gpiochip2: registered GPIOs 576 to 607 on gpio-64-95
[    0.644397] 48000000.interconnect:segment@200000:target-module@0:mpu@0:fck: device ID is greater than 24
[    0.645315] /ocp/interconnect@48000000/segment@300000/target-module@e000/lcdc@0: Fixed dependency cycle(s) with /ocp/interconnect@44c00000/segment@200000/target-module@b000/i2c@0/tda19988@70
[    0.648178] /ocp/interconnect@48000000/segment@300000/target-module@e000/lcdc@0: Fixed dependency cycle(s) with /ocp/interconnect@44c00000/segment@200000/target-module@b000/i2c@0/tda19988@70
[    0.648887] /ocp/interconnect@44c00000/segment@200000/target-module@b000/i2c@0/tda19988@70: Fixed dependency cycle(s) with /ocp/interconnect@48000000/segment@300000/target-module@e000/lcdc@0
[    0.649072] /ocp/interconnect@48000000/segment@300000/target-module@e000/lcdc@0: Fixed dependency cycle(s) with /ocp/interconnect@44c00000/segment@200000/target-module@b000/i2c@0/tda19988@70
[    0.658887] mdio_bus 4a101000.mdio: using DT '/ocp/interconnect@4a000000/segment@0/target-module@100000/switch@0/mdio@1000' for 'reset' GPIO lookup
[    0.658958] of_get_named_gpiod_flags: can't parse 'reset-gpios' property of node '/ocp/interconnect@4a000000/segment@0/target-module@100000/switch@0/mdio@1000[0]'
[    0.659004] of_get_named_gpiod_flags: can't parse 'reset-gpio' property of node '/ocp/interconnect@4a000000/segment@0/target-module@100000/switch@0/mdio@1000[0]'
[    0.659051] mdio_bus 4a101000.mdio: using lookup tables for GPIO lookup
[    0.659061] mdio_bus 4a101000.mdio: No GPIO consumer reset found
[    0.659941] sdhci-omap 481d8000.mmc: using DT '/ocp/interconnect@48000000/segment@100000/target-module@d8000/mmc@0' for 'wp' GPIO lookup
[    0.660002] of_get_named_gpiod_flags: can't parse 'wp-gpios' property of node '/ocp/interconnect@48000000/segment@100000/target-module@d8000/mmc@0[0]'
[    0.660044] of_get_named_gpiod_flags: can't parse 'wp-gpio' property of node '/ocp/interconnect@48000000/segment@100000/target-module@d8000/mmc@0[0]'
[    0.660078] sdhci-omap 481d8000.mmc: using lookup tables for GPIO lookup
[    0.660087] sdhci-omap 481d8000.mmc: No GPIO consumer wp found
[    0.660277] sdhci-omap 481d8000.mmc: supply pbias not found, using dummy regulator
[    0.660773] sdhci-omap 481d8000.mmc: supply vqmmc not found, using dummy regulator
[    0.702413] davinci_mdio 4a101000.mdio: davinci mdio revision 1.6, bus freq 1000000
[    0.723685] mdio_bus 4a101000.mdio:00: using DT '/ocp/interconnect@4a000000/segment@0/target-module@100000/switch@0/mdio@1000/ethernet-phy@0' for 'reset' GPIO lookup
[    0.723789] of_get_named_gpiod_flags: parsed 'reset-gpios' property of node '/ocp/interconnect@4a000000/segment@0/target-module@100000/switch@0/mdio@1000/ethernet-phy@0[0]' - status (0)
[    0.723951] gpio gpiochip0: Persistence not supported for GPIO 8
[    0.845541] davinci_mdio 4a101000.mdio: phy[0]: device 4a101000.mdio:00, driver SMSC LAN8710/LAN8720
[    0.846322] cpsw-switch 4a100000.switch: initialized cpsw ale version 1.4
[    0.846343] cpsw-switch 4a100000.switch: ALE Table size 1024, Policers 0
[    0.846654] cpsw-switch 4a100000.switch: cpts: overflow check period 500 (jiffies)
[    0.846674] cpsw-switch 4a100000.switch: CPTS: ref_clk_freq:250000000 calc_mult:2147483648 calc_shift:29 error:0 nsec/sec
[    0.846787] cpsw-switch 4a100000.switch: Detected MACID = 6c:ec:eb:68:de:78
[    0.848645] cpsw-switch 4a100000.switch: initialized (regs 0x4a100000, pool size 256) hw_ver:0019010C 1.12 (0)
[    0.859754] debugfs: Directory '49000000.dma' with parent 'dmaengine' already present!
[    0.859797] edma 49000000.dma: TI EDMA DMA engine driver
[    0.897432] target-module@4b000000:target-module@140000:pmu@0:fck: device ID is greater than 24
[    0.928779] hw perfevents: enabled with armv7_cortex_a8 PMU driver, 5 (8000000f) counters available
[    0.929739] gpio-clk clk_mcasp0: using DT '/clk_mcasp0' for 'enable' GPIO lookup
[    0.929814] of_get_named_gpiod_flags: parsed 'enable-gpios' property of node '/clk_mcasp0[0]' - status (0)
[    0.929859] gpio gpiochip0: Persistence not supported for GPIO 27
[    0.930657] gpiochip_find_base_unlocked: found new base at 608
[    0.930764] gpio gpiochip3: (gpio-96-127): created GPIO range 0->7 ==> 44e10800.pinmux PIN 82->89
[    0.930782] gpio gpiochip3: (gpio-96-127): created GPIO range 8->11 ==> 44e10800.pinmux PIN 52->55
[    0.930798] gpio gpiochip3: (gpio-96-127): created GPIO range 12->15 ==> 44e10800.pinmux PIN 94->97
[    0.930814] gpio gpiochip3: (gpio-96-127): created GPIO range 16->17 ==> 44e10800.pinmux PIN 71->72
[    0.930830] gpio gpiochip3: (gpio-96-127): created GPIO range 18->18 ==> 44e10800.pinmux PIN 135->135
[    0.930846] gpio gpiochip3: (gpio-96-127): created GPIO range 19->20 ==> 44e10800.pinmux PIN 108->109
[    0.930863] gpio gpiochip3: (gpio-96-127): created GPIO range 21->21 ==> 44e10800.pinmux PIN 73->73
[    0.930880] gpio gpiochip3: (gpio-96-127): created GPIO range 22->23 ==> 44e10800.pinmux PIN 8->9
[    0.930897] gpio gpiochip3: (gpio-96-127): created GPIO range 26->27 ==> 44e10800.pinmux PIN 10->11
[    0.930915] gpio gpiochip3: (gpio-96-127): created GPIO range 28->28 ==> 44e10800.pinmux PIN 74->74
[    0.930933] gpio gpiochip3: (gpio-96-127): created GPIO range 29->29 ==> 44e10800.pinmux PIN 81->81
[    0.930952] gpio gpiochip3: (gpio-96-127): created GPIO range 30->31 ==> 44e10800.pinmux PIN 28->29
[    0.931798] gpio gpiochip3: (gpio-96-127): added GPIO chardev (254:3)
[    0.931958] gpio gpiochip3: registered GPIOs 608 to 639 on gpio-96-127
[    0.933680] omap8250 44e09000.serial: using DT '/ocp/interconnect@44c00000/segment@200000/target-module@9000/serial@0' for 'rs485-term' GPIO lookup
[    0.933752] of_get_named_gpiod_flags: can't parse 'rs485-term-gpios' property of node '/ocp/interconnect@44c00000/segment@200000/target-module@9000/serial@0[0]'
[    0.933795] of_get_named_gpiod_flags: can't parse 'rs485-term-gpio' property of node '/ocp/interconnect@44c00000/segment@200000/target-module@9000/serial@0[0]'
[    0.933832] omap8250 44e09000.serial: using lookup tables for GPIO lookup
[    0.933841] omap8250 44e09000.serial: No GPIO consumer rs485-term found
[    0.933852] omap8250 44e09000.serial: using DT '/ocp/interconnect@44c00000/segment@200000/target-module@9000/serial@0' for 'rs485-rx-during-tx' GPIO lookup
[    0.933887] of_get_named_gpiod_flags: can't parse 'rs485-rx-during-tx-gpios' property of node '/ocp/interconnect@44c00000/segment@200000/target-module@9000/serial@0[0]'
[    0.933924] of_get_named_gpiod_flags: can't parse 'rs485-rx-during-tx-gpio' property of node '/ocp/interconnect@44c00000/segment@200000/target-module@9000/serial@0[0]'
[    0.933956] omap8250 44e09000.serial: using lookup tables for GPIO lookup
[    0.933964] omap8250 44e09000.serial: No GPIO consumer rs485-rx-during-tx found
[    0.934335] 44e09000.serial: ttyS0 at MMIO 0x44e09000 (irq = 34, base_baud = 3000000) is a 8250
[    0.934426] printk: legacy console [ttyS0] enabled
[    2.150979] l3-aon-clkctrl:0000:0: failed to disable
[    2.434451] i2c i2c-0: using DT '/ocp/interconnect@44c00000/segment@200000/target-module@b000/i2c@0' for 'scl' GPIO lookup
[    2.434541] of_get_named_gpiod_flags: can't parse 'scl-gpios' property of node '/ocp/interconnect@44c00000/segment@200000/target-module@b000/i2c@0[0]'
[    2.434588] of_get_named_gpiod_flags: can't parse 'scl-gpio' property of node '/ocp/interconnect@44c00000/segment@200000/target-module@b000/i2c@0[0]'
[    2.434629] i2c i2c-0: using lookup tables for GPIO lookup
[    2.434642] i2c i2c-0: No GPIO consumer scl found
[    2.434668] i2c i2c-0: using DT '/ocp/interconnect@44c00000/segment@200000/target-module@b000/i2c@0' for 'sda' GPIO lookup
[    2.434707] of_get_named_gpiod_flags: can't parse 'sda-gpios' property of node '/ocp/interconnect@44c00000/segment@200000/target-module@b000/i2c@0[0]'
[    2.434748] of_get_named_gpiod_flags: can't parse 'sda-gpio' property of node '/ocp/interconnect@44c00000/segment@200000/target-module@b000/i2c@0[0]'
[    2.434782] i2c i2c-0: using lookup tables for GPIO lookup
[    2.434794] i2c i2c-0: No GPIO consumer sda found
[    2.452256] tps65217-pmic: Failed to locate of_node [id: -1]
[    2.458322] tps65217-bl: Failed to locate of_node [id: -1]
[    2.465806] platform tps65217-charger: DMA mask not set
[    2.473143] platform tps65217-pwrbutton: DMA mask not set
[    2.480974] tps65217 0-0024: TPS65217 ID 0xe version 1.2
[    2.487097] /ocp/interconnect@48000000/segment@300000/target-module@e000/lcdc@0: Fixed dependency cycle(s) with /ocp/interconnect@44c00000/segment@200000/target-module@b000/i2c@0/tda19988@70
[    2.504464] /ocp/interconnect@44c00000/segment@200000/target-module@b000/i2c@0/tda19988@70: Fixed dependency cycle(s) with /ocp/interconnect@48000000/segment@300000/target-module@e000/lcdc@0
[    2.521834] omap_i2c 44e0b000.i2c: bus 0 rev0.11 at 400 kHz
[    2.529533] sdhci-omap 48060000.mmc: using DT '/ocp/interconnect@48000000/segment@0/target-module@60000/mmc@0' for 'cd' GPIO lookup
[    2.529639] of_get_named_gpiod_flags: parsed 'cd-gpios' property of node '/ocp/interconnect@48000000/segment@0/target-module@60000/mmc@0[0]' - status (0)
[    2.529707] gpio gpiochip3: Persistence not supported for GPIO 6
[    2.529735] omap_gpio 44e07000.gpio: Could not set line 6 debounce to 200000 microseconds (-22)
[    2.538613] sdhci-omap 48060000.mmc: Got CD GPIO
[    2.543295] sdhci-omap 48060000.mmc: using DT '/ocp/interconnect@48000000/segment@0/target-module@60000/mmc@0' for 'wp' GPIO lookup
[    2.543345] of_get_named_gpiod_flags: can't parse 'wp-gpios' property of node '/ocp/interconnect@48000000/segment@0/target-module@60000/mmc@0[0]'
[    2.543388] of_get_named_gpiod_flags: can't parse 'wp-gpio' property of node '/ocp/interconnect@48000000/segment@0/target-module@60000/mmc@0[0]'
[    2.543427] sdhci-omap 48060000.mmc: using lookup tables for GPIO lookup
[    2.543440] sdhci-omap 48060000.mmc: No GPIO consumer wp found
[    2.543645] sdhci-omap 48060000.mmc: supply pbias not found, using dummy regulator
[    2.552458] sdhci-omap 481d8000.mmc: using DT '/ocp/interconnect@48000000/segment@100000/target-module@d8000/mmc@0' for 'wp' GPIO lookup
[    2.552549] of_get_named_gpiod_flags: can't parse 'wp-gpios' property of node '/ocp/interconnect@48000000/segment@100000/target-module@d8000/mmc@0[0]'
[    2.552597] of_get_named_gpiod_flags: can't parse 'wp-gpio' property of node '/ocp/interconnect@48000000/segment@100000/target-module@d8000/mmc@0[0]'
[    2.552635] sdhci-omap 481d8000.mmc: using lookup tables for GPIO lookup
[    2.552648] sdhci-omap 481d8000.mmc: No GPIO consumer wp found
[    2.553692] sdhci-omap 48060000.mmc: supply vqmmc not found, using dummy regulator
[    2.562716] sdhci-omap 481d8000.mmc: supply pbias not found, using dummy regulator
[    2.570718] sdhci-omap 481d8000.mmc: supply vqmmc not found, using dummy regulator
[    2.609036] mmc1: SDHCI controller on 481d8000.mmc [481d8000.mmc] using External DMA
[    2.618073] mmc0: SDHCI controller on 48060000.mmc [48060000.mmc] using External DMA
[    2.626985] cpsw-switch 4a100000.switch: starting ndev. mode: dual_mac
[    2.670455] mmc0: new high speed SDHC card at address 5048
[    2.677530] mmcblk0: mmc0:5048 SD16G 14.4 GiB
[    2.685554]  mmcblk0: p1 p2
