Labgrid Console Logfile for main
Logfile started at 2024-10-04 09:30:26.525408
=== Log starts here ===

U-Boot SPL 2014.04-00014-g47880f5 (Apr 22 2014 - 13:23:54)
reading args
spl_load_image_fat_os: error reading image args, err - -1
reading u-boot.img
reading u-boot.img


U-Boot 2014.04-00014-g47880f5 (Apr 22 2014 - 13:23:54)

I2C:   ready
DRAM:  512 MiB
NAND:  0 MiB
MMC:   OMAP SD/MMC: 0, OMAP SD/MMC: 1
*** Warning - readenv() failed, using default environment

Net:   <ethaddr> not set. Validating first E-fuse MAC
cpsw, usb_ether
Hit any key to stop autoboot:  1  0 
gpio: pin 53 (gpio 53) value is 1
mmc0 is current device
gpio: pin 54 (gpio 54) value is 1
SD/MMC found on device 0
reading uEnv.txt
569 bytes read in 3 ms (184.6 KiB/s)
gpio: pin 55 (gpio 55) value is 1
Loaded environment from uEnv.txt
Importing environment from mmc ...
Checking if uenvcmd is set ...
gpio: pin 56 (gpio 56) value is 1
Running uenvcmd ...
cpsw Waiting for PHY auto negotiation to complete. done
link up on port 0, speed 100, full duplex
Using cpsw device
TFTP from server 192.168.255.126; our IP address is 192.168.255.1
Filename 'zImage'.
Load address: 0x81000000
Loading: *#################################################################
	 #################################################################
	 #################################################################
	 #################################################################
	 #################################################################
	 ##################################################
	 2.4 MiB/s
done
Bytes transferred = 5501304 (53f178 hex)
link up on port 0, speed 100, full duplex
Using cpsw device
TFTP from server 192.168.255.126; our IP address is 192.168.255.1
Filename 'am335x-boneblack.dtb'.
Load address: 0x82000000
Loading: *#######
	 2.2 MiB/s
done
Bytes transferred = 98336 (18020 hex)
Kernel image @ 0x81000000 [ 0x000000 - 0x53f178 ]
## Flattened Device Tree blob at 82000000
   Booting using the fdt blob at 0x82000000
   Using Device Tree in place at 82000000, end 8201b01f

Starting kernel ...

[    0.000000] Booting Linux on physical CPU 0x0
[    0.000000] Linux version 6.12.0-rc1-next-20241004 (user01@drvtest01) (arm-linux-gnueabihf-gcc (Linaro GCC 6.4-2017.11) 6.4.1 20171012, GNU ld (Linaro_Binutils-2017.11) 2.27.0.20161229) #110 SMP Fri Oct  4 09:29:39 EEST 2024
[    0.000000] CPU: ARMv7 Processor [413fc082] revision 2 (ARMv7), cr=10c5387d
[    0.000000] CPU: PIPT / VIPT nonaliasing data cache, VIPT aliasing instruction cache
[    0.000000] OF: fdt: Machine model: TI AM335x BeagleBone Black
[    0.000000] Memory policy: Data cache writeback
[    0.000000] cma: Reserved 16 MiB at 0x9e800000 on node -1
[    0.000000] Zone ranges:
[    0.000000]   Normal   [mem 0x0000000080000000-0x000000009fdfffff]
[    0.000000]   HighMem  empty
[    0.000000] Movable zone start for each node
[    0.000000] Early memory node ranges
[    0.000000]   node   0: [mem 0x0000000080000000-0x000000009fdfffff]
[    0.000000] Initmem setup node 0 [mem 0x0000000080000000-0x000000009fdfffff]
[    0.000000] CPU: All CPU(s) started in SVC mode.
[    0.000000] AM335X ES2.1 (sgx neon)
[    0.000000] percpu: Embedded 17 pages/cpu s40268 r8192 d21172 u69632
[    0.000000] Kernel command line: console=ttyO0,115200n8 root=/dev/nfs rw nfsroot=192.168.255.126:/home/user01/nfs,nfsvers=3 ip=192.168.255.1:192.168.255.126::255.255.255.0:bbb1:eth0 nfsrootdebug
[    0.000000] Unknown kernel command line parameters "nfsrootdebug", will be passed to user space.
[    0.000000] Dentry cache hash table entries: 65536 (order: 6, 262144 bytes, linear)
[    0.000000] Inode-cache hash table entries: 32768 (order: 5, 131072 bytes, linear)
[    0.000000] Built 1 zonelists, mobility grouping on.  Total pages: 130560
[    0.000000] mem auto-init: stack:off, heap alloc:off, heap free:off
[    0.000000] SLUB: HWalign=64, Order=0-3, MinObjects=0, CPUs=1, Nodes=1
[    0.000000] trace event string verifier disabled
[    0.000000] rcu: Hierarchical RCU implementation.
[    0.000000] rcu: 	RCU event tracing is enabled.
[    0.000000] rcu: 	RCU restricting CPUs from NR_CPUS=2 to nr_cpu_ids=1.
[    0.000000] rcu: RCU calculated value of scheduler-enlistment delay is 10 jiffies.
[    0.000000] rcu: Adjusting geometry for rcu_fanout_leaf=16, nr_cpu_ids=1
[    0.000000] NR_IRQS: 16, nr_irqs: 16, preallocated irqs: 16
[    0.000000] IRQ: Found an INTC at 0x(ptrval) (revision 5.0) with 128 interrupts
[    0.000000] rcu: srcu_init: Setting srcu_struct sizes based on contention.
[    0.000000] TI gptimer clocksource: always-on /ocp/interconnect@44c00000/segment@200000/target-module@31000
[    0.000003] sched_clock: 32 bits at 24MHz, resolution 41ns, wraps every 89478484971ns
[    0.000027] clocksource: dmtimer: mask: 0xffffffff max_cycles: 0xffffffff, max_idle_ns: 79635851949 ns
[    0.000497] TI gptimer clockevent: 24000000 Hz at /ocp/interconnect@48000000/segment@0/target-module@40000
[    0.002140] Console: colour dummy device 80x30
[    0.002206] WARNING: Your 'console=ttyO0' has been replaced by 'ttyS0'
[    0.002215] This ensures that you still see kernel messages. Please
[    0.002220] update your kernel commandline.
[    0.002266] Calibrating delay loop... 996.14 BogoMIPS (lpj=4980736)
[    0.090550] CPU: Testing write buffer coherency: ok
[    0.090647] CPU0: Spectre v2: using BPIALL workaround
[    0.090660] pid_max: default: 32768 minimum: 301
[    0.090785] LSM: initializing lsm=capability
[    0.090961] Mount-cache hash table entries: 1024 (order: 0, 4096 bytes, linear)
[    0.090984] Mountpoint-cache hash table entries: 1024 (order: 0, 4096 bytes, linear)
[    0.092616] CPU0: thread -1, cpu 0, socket -1, mpidr 0
[    0.160730] Setting up static identity map for 0x80100000 - 0x80100078
[    0.170701] rcu: Hierarchical SRCU implementation.
[    0.170714] rcu: 	Max phase no-delay instances is 1000.
[    0.172549] smp: Bringing up secondary CPUs ...
[    0.172605] smp: Brought up 1 node, 1 CPU
[    0.172619] SMP: Total of 1 processors activated (996.14 BogoMIPS).
[    0.172631] CPU: All CPU(s) started in SVC mode.
[    0.172819] Memory: 480860K/522240K available (11264K kernel code, 1215K rwdata, 2876K rodata, 1024K init, 299K bss, 23368K reserved, 16384K cma-reserved, 0K highmem)
[    0.173656] devtmpfs: initialized
[    0.190361] VFP support v0.3: implementor 41 architecture 3 part 30 variant c rev 3
[    0.190901] clocksource: jiffies: mask: 0xffffffff max_cycles: 0xffffffff, max_idle_ns: 19112604462750000 ns
[    0.190941] futex hash table entries: 256 (order: 2, 16384 bytes, linear)
[    0.192201] pinctrl core: initialized pinctrl subsystem
[    0.195095] NET: Registered PF_NETLINK/PF_ROUTE protocol family
[    0.197891] DMA: preallocated 256 KiB pool for atomic coherent allocations
[    0.198792] audit: initializing netlink subsys (disabled)
[    0.200222] thermal_sys: Registered thermal governor 'fair_share'
[    0.200238] thermal_sys: Registered thermal governor 'step_wise'
[    0.200249] thermal_sys: Registered thermal governor 'user_space'
[    0.200368] audit: type=2000 audit(0.190:1): state=initialized audit_enabled=0 res=1
[    0.200445] cpuidle: using governor menu
[    0.219313] No ATAGs?
[    0.219340] hw-breakpoint: debug architecture 0x4 unsupported.
[    0.222257] kprobes: kprobe jump-optimization is enabled. All kprobes are optimized if possible.
[    0.234010] iommu: Default domain type: Translated
[    0.234033] iommu: DMA domain TLB invalidation policy: strict mode
[    0.241356] SCSI subsystem initialized
[    0.242211] pps_core: LinuxPPS API ver. 1 registered
[    0.242222] pps_core: Software ver. 5.3.6 - Copyright 2005-2007 Rodolfo Giometti <giometti@linux.it>
[    0.242248] PTP clock support registered
[    0.250961] vgaarb: loaded
[    0.251364] clocksource: Switched to clocksource dmtimer
[    0.252034] VFS: Disk quotas dquot_6.6.0
[    0.252081] VFS: Dquot-cache hash table entries: 1024 (order 0, 4096 bytes)
[    0.277278] NET: Registered PF_INET protocol family
[    0.277638] IP idents hash table entries: 8192 (order: 4, 65536 bytes, linear)
[    0.279040] tcp_listen_portaddr_hash hash table entries: 512 (order: 0, 4096 bytes, linear)
[    0.279079] Table-perturb hash table entries: 65536 (order: 6, 262144 bytes, linear)
[    0.279097] TCP established hash table entries: 4096 (order: 2, 16384 bytes, linear)
[    0.279141] TCP bind hash table entries: 4096 (order: 4, 65536 bytes, linear)
[    0.279241] TCP: Hash tables configured (established 4096 bind 4096)
[    0.279363] UDP hash table entries: 256 (order: 1, 8192 bytes, linear)
[    0.279392] UDP-Lite hash table entries: 256 (order: 1, 8192 bytes, linear)
[    0.279581] NET: Registered PF_UNIX/PF_LOCAL protocol family
[    0.291968] RPC: Registered named UNIX socket transport module.
[    0.291991] RPC: Registered udp transport module.
[    0.291997] RPC: Registered tcp transport module.
[    0.292002] RPC: Registered tcp-with-tls transport module.
[    0.292007] RPC: Registered tcp NFSv4.1 backchannel transport module.
[    0.292032] PCI: CLS 0 bytes, default 64
[    0.293537] Initialise system trusted keyrings
[    0.294327] workingset: timestamp_bits=14 max_order=17 bucket_order=3
[    0.295975] NFS: Registering the id_resolver key type
[    0.296057] Key type id_resolver registered
[    0.296066] Key type id_legacy registered
[    0.296117] jffs2: version 2.2. (NAND) (SUMMARY)  Â© 2001-2006 Red Hat, Inc.
[    0.296525] Key type asymmetric registered
[    0.296542] Asymmetric key parser 'x509' registered
[    0.296610] io scheduler mq-deadline registered
[    0.296621] io scheduler kyber registered
[    0.296691] io scheduler bfq registered
[    0.301579] ledtrig-cpu: registered to indicate activity on CPUs
[    0.304385] Serial: 8250/16550 driver, 6 ports, IRQ sharing enabled
[    0.354187] brd: module loaded
[    0.374392] loop: module loaded
[    0.375335] mtdoops: mtd device (mtddev=name/number) must be supplied
[    0.378493] i2c_dev: i2c /dev entries driver
[    0.379489] cpuidle: enable-method property 'ti,am3352' found operations
[    0.379925] sdhci: Secure Digital Host Controller Interface driver
[    0.379936] sdhci: Copyright(c) Pierre Ossman
[    0.380124] sdhci-pltfm: SDHCI platform and OF driver helper
[    0.381146] Initializing XFRM netlink socket
[    0.381277] NET: Registered PF_INET6 protocol family
[    0.383409] Segment Routing with IPv6
[    0.383498] In-situ OAM (IOAM) with IPv6
[    0.383598] sit: IPv6, IPv4 and MPLS over IPv4 tunneling driver
[    0.384555] NET: Registered PF_PACKET protocol family
[    0.384591] NET: Registered PF_KEY protocol family
[    0.384721] Key type dns_resolver registered
[    0.385003] ThumbEE CPU extension supported.
[    0.385023] Registering SWP/SWPB emulation handler
[    0.385553] omap_voltage_late_init: Voltage driver support not added
[    0.385905] SmartReflex Class3 initialized
[    0.419186] Loading compiled-in X.509 certificates
[    0.482700] platform 44e10800.pinmux: Fixed dependency cycle(s) with /ocp/interconnect@44c00000/segment@200000/target-module@10000/scm@0/pinmux@800/clkout2-pins
[    0.483258] pinctrl-single 44e10800.pinmux: 142 pins, size 568
[    0.488283] ti-sysc 44e31000.target-module: probe with driver ti-sysc failed with error -16
[    0.522405] ti-sysc 48040000.target-module: probe with driver ti-sysc failed with error -16
[    0.586080] OMAP GPIO hardware version 0.1
[    0.613853] omap_i2c 4819c000.i2c: bus 2 rev0.11 at 100 kHz
[    0.629032] 48000000.interconnect:segment@200000:target-module@0:mpu@0:fck: device ID is greater than 24
[    0.633523] platform 4830e000.lcdc: Fixed dependency cycle(s) with /ocp/interconnect@44c00000/segment@200000/target-module@b000/i2c@0/tda19988@70
[    0.644439] sdhci-omap 481d8000.mmc: supply pbias not found, using dummy regulator
[    0.644949] sdhci-omap 481d8000.mmc: supply vqmmc not found, using dummy regulator
[    0.708208] davinci_mdio 4a101000.mdio: davinci mdio revision 1.6, bus freq 1000000
[    0.831903] davinci_mdio 4a101000.mdio: phy[0]: device 4a101000.mdio:00, driver SMSC LAN8710/LAN8720
[    0.832711] cpsw-switch 4a100000.switch: initialized cpsw ale version 1.4
[    0.832735] cpsw-switch 4a100000.switch: ALE Table size 1024, Policers 0
[    0.832879] cpsw-switch 4a100000.switch: cpts: overflow check period 500 (jiffies)
[    0.832897] cpsw-switch 4a100000.switch: CPTS: ref_clk_freq:250000000 calc_mult:2147483648 calc_shift:29 error:0 nsec/sec
[    0.833001] cpsw-switch 4a100000.switch: Detected MACID = 6c:ec:eb:68:de:78
[    0.834841] cpsw-switch 4a100000.switch: initialized (regs 0x4a100000, pool size 256) hw_ver:0019010C 1.12 (0)
[    0.845896] debugfs: Directory '49000000.dma' with parent 'dmaengine' already present!
[    0.845938] edma 49000000.dma: TI EDMA DMA engine driver
[    0.865022] target-module@4b000000:target-module@140000:pmu@0:fck: device ID is greater than 24
[    0.886392] hw perfevents: enabled with armv7_cortex_a8 PMU driver, 5 (8000000f) counters available
[    0.894117] l3-aon-clkctrl:0000:0: failed to disable
[    0.897058] 44e09000.serial: ttyS0 at MMIO 0x44e09000 (irq = 34, base_baud = 3000000) is a 8250
[    0.897147] printk: legacy console [ttyS0] enabled
 [    2.252349] tps65217-pmic: Failed to locate of_node [id: -1 ]
[    2.258410] tps65217-bl: Failed to locate of_node [id: - 1]
[    2.269827] tps65217 0-0024: TPS65217 ID 0xe version 1. 2
[    2.275972] platform 4830e000.lcdc: Fixed dependency cyc le(s) wi
[    5.682154] cpsw-switch 4a100000.switch eth0: Link is Up - 100Mbps/Full - flow control off
[    5.711389] IP-Config: Complete:
[    5.714663]      device=eth0, hwaddr=6c:ec:eb:68:de:78, ipaddr=192.168.255.1, mask=255.255.255.0, gw=255.255.255.255
[    5.725313]      host=bbb1, domain=, nis-domain=(none)
[    5.730483]      bootserver=192.168.255.126, rootserver=192.168.255.126, rootpath=
[    5.730910] clk: Disabling unused clocks
[    5.742770] PM: genpd: Disabling unused power domains
[    5.747889] KTAP version 1
[    5.750610] 1..0
[    5.797602] VFS: Mounted root (nfs filesystem) on device 0:17.
[    5.804984] devtmpfs: mounted
[    5.809657] Freeing unused kernel image (initmem) memory: 1024K
[    5.816466] Run /sbin/init as init process
[    6.583938] systemd[1]: System time before build time, advancing clock.
[    8.051389] random: crng init done
[    8.091842] systemd[1]: systemd 232 running in system mode. (+PAM +AUDIT +SELINUX +IMA +APPARMOR +SMACK +SYSVINIT +UTMP +LIBCRYPTSETUP +GCRYPT +GNUTLS +ACL +XZ +LZ4 +SECCOMP +BLKID +ELFUTILS +KMOD +IDN)
[    8.110943] systemd[1]: Detected architecture arm.

Welcome to [1mDebian GNU/Linux 9 (stretch)[0m!

[    8.144859] systemd[1]: Set hostname to <arm>.
[    9.270688] systemd[1]: Listening on udev Kernel Socket.
[[0;32m  OK  [0m] Listening on udev Kernel Socket.
[    9.293536] systemd[1]: Listening on Journal Socket.
[[0;32m  OK  [0m] Listening on Journal Socket.
[    9.321831] systemd[1]: Reached target Remote File Systems.
[[0;32m  OK  [0m] Reached target Remote File Systems.
[    9.352276] systemd[1]: Started Forward Password Requests to Wall Directory Watch.
[[0;32m  OK  [0m] Started Forward Password Requests to Wall Directory Watch.
[    9.381709] systemd[1]: Reached target Swap.
[[0;32m  OK  [0m] Reached target Swap.
[    9.402013] systemd[1]: Listening on Syslog Socket.
[[0;32m  OK  [0m] Listening on Syslog Socket.
[    9.432899] systemd[1]: Created slice User and Session Slice.
[[0;32m  OK  [0m] Created slice User and Session Slice.
[[0;32m  OK  [0m] Set up automount Arbitrary Executabâ€¦rmats File System Automount Point.
[[0;32m  OK  [0m] Listening on /dev/initctl Compatibility Named Pipe.
[[0;32m  OK  [0m] Listening on Journal Audit Socket.
[[0;32m  OK  [0m] Created slice System Slice.
[[0;32m  OK  [0m] Created slice system-getty.slice.
         Starting Create list of required stâ€¦ce nodes for the current kernel...
         Starting Remount Root and Kernel File Systems...
[[0;32m  OK  [0m] Created slice system-serial\x2dgetty.slice.
         Starting Load Kernel Modules...
[[0;32m  OK  [0m] Listening on Journal Socket (/dev/log).
         Starting Journal Service...
         Mounting POSIX Message Queue File System...
[[0;32m  OK  [0m] Started Dispatch Password Requests to Console Directory Watch.
[[0;32m  OK  [0m] Reached target Encrypted Volumes.
         Mounting Debug File System...
[[0;32m  OK  [0m] Reached target Slices.
[[0;32m  OK  [0m] Reached target Paths.
[[0;32m  OK  [0m] Listening on udev Control Socket.
[[0;32m  OK  [0m] Started Create list of required staâ€¦vice nodes for the current kernel.
[[0;32m  OK  [0m] Started Remount Root and Kernel File Systems.
         Starting Load/Save Random Seed...
         Starting udev Coldplug all Devices...
         Starting Create Static Device Nodes in /dev...
[[0;32m  OK  [0m] Mounted POSIX Message Queue File System.
[[0;32m  OK  [0m] Mounted Debug File System.
[[0;32m  OK  [0m] Started Load Kernel Modules.
         Starting Apply Kernel Variables...
         Mounting Configuration File System...
[[0;32m  OK  [0m] Started Load/Save Random Seed.
[[0;32m  OK  [0m] Mounted Configuration File System.
[[0;32m  OK  [0m] Started Apply Kernel Variables.
[[0;32m  OK  [0m] Started Create Static Device Nodes in /dev.
[[0;32m  OK  [0m] Reached target Local File Systems (Pre).
[[0;32m  OK  [0m] Reached target Local File Systems.
         Starting Raise network interfaces...
         Starting udev Kernel Device Manager...
[[0;32m  OK  [0m] Started Journal Service.
         Starting Flush Journal to Persistent Storage...
[   11.747161] systemd-journald[88]: Received request to flush runtime journal from PID 1
[[0;32m  OK  [0m] Started Flush Journal to Persistent Storage.
         Starting Create Volatile Files and Directories...
[[0;32m  OK  [0m] Started udev Kernel Device Manager.
[[0;32m  OK  [0m] Started Create Volatile Files and Directories.
         Starting Network Time Synchronization...
         Starting Update UTMP about System Boot/Shutdown...
[[0;32m  OK  [0m] Started udev Coldplug all Devices.
[[0;32m  OK  [0m] Started Update UTMP about System Boot/Shutdown.
[   14.884673] remoteproc remoteproc0: wkup_m3 is available
[   14.956925] am335x-phy-driver 47401300.usb-phy: dummy supplies not allowed for exclusive requests (id=vbus)
[   15.045012] at24 2-0054: supply vcc not found, using dummy regulator
[   15.196497] at24 2-0055: supply vcc not found, using dummy regulator
[   15.291237] at24 2-0056: supply vcc not found, using dummy regulator
[   15.393091] at24 2-0057: supply vcc not found, using dummy regulator
[[0;32m  OK  [0m] Found device /dev/ttyS0.
[   15.428173] am335x-phy-driver 47401b00.usb-phy: dummy supplies not allowed for exclusive requests (id=vbus)
[   15.457898] at24 0-0050: 32768 byte 24c256 EEPROM, writable, 1 bytes/write
[[0;32m  OK  [0m] Started Network Time Synchronization.
[   15.571970] tps6521x_pwrbutton tps65217-pwrbutton: DMA mask not set
[[0;32m  OK  [0m] Reached target System Time Synchronized.
[[0;32m  OK  [0m] Reached target System Initialization.[   15.638060] wkup_m3_ipc 44e11324.wkup_m3_ipc: IPC Request for A8->M3 Channel failed! -517

[[0;32m  OK  [0m] Started Daily Cleanup of Temporary Directories.
[   15.687126] input: tps65217_pwrbutton as /devices/platform/ocp/44c00000.interconnect/44c00000.interconnect:segment@200000/44e0b000.target-module/44e0b000.i2c/i2c-0/0-0024/tps65217-pwrbutton/input/input0
[   15.708584] wkup_m3_ipc 44e11324.wkup_m3_ipc: IPC Request for A8->M3 Channel failed! -517
[[0;32m  OK  [0m] Listening on D-Bus System Message Bus Socket.
[[0;32m  OK  [0m] Listening on Avahi mDNS/DNS-SD Stack Activation Socket.
[   15.812423] omap_rtc 44e3e000.rtc: registered as rtc0
[   15.817601] omap_rtc 44e3e000.rtc: setting system clock to 2000-01-01T00:00:00 UTC (946684800)
[[0;32m  OK  [0m] Reached target Sockets.[   15.835020] wkup_m3_ipc 44e11324.wkup_m3_ipc: IPC Request for A8->M3 Channel failed! -517

[[0;32m  OK  [0m] Reached target Basic System.
[   15.920604] omap_wdt: OMAP Watchdog Timer Rev 0x01: initial timeout 60 sec
         Starting DUN service...
[   16.040578] wkup_m3_ipc 44e11324.wkup_m3_ipc: IPC Request for A8->M3 Channel failed! -517
         Starting Cape Manager Service...
[[0;32m  OK  [0m] Started D-Bus System Message Bus.
[   16.404635] usbcore: registered new interface driver usbfs
[   16.410280] usbcore: registered new interface driver hub
[   16.415931] usbcore: registered new device driver usb
[   17.006865] wkup_m3_ipc 44e11324.wkup_m3_ipc: IPC Request for A8->M3 Channel failed! -517
[   17.107562] musb-hdrc musb-hdrc.1: MUSB HDRC host driver
[   17.113200] musb-hdrc musb-hdrc.1: new USB bus registered, assigned bus number 1
[   17.143471] wkup_m3_ipc 44e11324.wkup_m3_ipc: IPC Request for A8->M3 Channel failed! -517
[   17.191207] tda998x 0-0070: found TDA19988
[   17.299941] wkup_m3_ipc 44e11324.wkup_m3_ipc: IPC Request for A8->M3 Channel failed! -517
[   17.333536] usb usb1: New USB device found, idVendor=1d6b, idProduct=0002, bcdDevice= 6.12
[   17.342174] usb usb1: New USB device strings: Mfr=3, Product=2, SerialNumber=1
[   17.349448] usb usb1: Product: MUSB HDRC host driver
[   17.354545] usb usb1: Manufacturer: Linux 6.12.0-rc1-next-20241004 musb-hcd
[   17.361593] usb usb1: SerialNumber: musb-hdrc.1
[   17.440134] omap-mailbox 480c8000.mailbox: omap mailbox rev 0x400
[   17.511606] remoteproc remoteproc0: powering up wkup_m3
[   17.610190] remoteproc remoteproc0: Direct firmware load for am335x-pm-firmware.elf failed with error -2
[   17.620113] remoteproc remoteproc0: request_firmware failed: -2
[   17.626232] wkup_m3_ipc 44e11324.wkup_m3_ipc: rproc_boot failed
[   17.803137] hub 1-0:1.0: USB hub found
[   17.871695] hub 1-0:1.0: 1 port detected
[   19.359782] omap_rng 48310000.rng: Random Number Generator ver. 20
[   19.413535] tilcdc 4830e000.lcdc: bound 0-0070 (ops tda998x_driver_exit [tda998x])
[   19.520772] [drm] Initialized tilcdc 1.0.0 for 4830e000.lcdc on minor 0
[   19.613817] tilcdc 4830e000.lcdc: [drm] Cannot find any crtc or sizes
[   19.635376] tilcdc 4830e000.lcdc: [drm] Cannot find any crtc or sizes
[[0;32m  OK  [0m] Started DUN service.
         Starting Connection service...
[[0;32m  OK  [0m] Started Regular background program processing daemon.
[   20.468358] PM: Cannot get wkup_m3_ipc handle
[   20.546170] omap-sham 53100000.sham: hw accel on OMAP rev 4.3
         Starting System Logging Service...
[   20.698360] omap-sham 53100000.sham: will run requests pump with realtime priority
[   20.707236] PM: Cannot get wkup_m3_ipc handle
         Starting LSB: Load kernel modules needed to enable cpufreq scaling...
[   20.818756] omap-aes 53500000.aes: OMAP AES hw accel rev: 3.2
         Starting Login Service...
[   20.953980] omap-aes 53500000.aes: will run requests pump with realtime priority
[   20.963424] PM: Cannot get wkup_m3_ipc handle
         Starting Generic Board Startup...
         Starting Avahi mDNS/DNS-SD Stack...
         Starting LSB: Start busybox udhcpd at boot time...
[[0;32m  OK  [0m] Started Daily apt download activities.
[[0;32m  OK  [0m] Started Daily apt upgrade and clean activities.
[[0;32m  OK  [0m] Reached target Timers.
         Starting Telephony service...
[[0;32m  OK  [0m] Started Cape Manager Service.
[[0;32m  OK  [0m] Started System Logging Service.
[   24.252179] Bluetooth: Core ver 2.22
[   24.256013] NET: Registered PF_BLUETOOTH protocol family
[   24.261506] Bluetooth: HCI device and connection manager initialized
[   24.267922] Bluetooth: HCI socket layer initialized
[   24.272914] Bluetooth: L2CAP socket layer initialized
[   24.278035] Bluetooth: SCO socket layer initialized
[   24.629228] PM: Cannot get wkup_m3_ipc handle
[   24.752722] PM: Cannot get wkup_m3_ipc handle
[[0;32m  OK  [0m] Started LSB: Start busybox udhcpd at boot time.
[[0;32m  OK  [0m] Started LSB: Load kernel modules needed to enable cpufreq scaling.
[[0;32m  OK  [0m] Started Raise network interfaces.
[   28.941861] configfs-gadget.g_multi gadget.0: HOST MAC 1c:ba:8c:a2:ed:6c
[   28.948643] configfs-gadget.g_multi gadget.0: MAC 1c:ba:8c:a2:ed:70
[   28.956031] configfs-gadget.g_multi gadget.0: HOST MAC 1c:ba:8c:a2:ed:6c
[   28.962885] configfs-gadget.g_multi gadget.0: MAC 1c:ba:8c:a2:ed:6d
[   28.971885] PM: Cannot get wkup_m3_ipc handle
[[0;32m  OK  [0m] Started Telephony service.
[[0;32m  OK  [0m] Started Connection service.
[[0;32m  OK  [0m] Started Avahi mDNS/DNS-SD Stack.
[[0;32m  OK  [0m] Started Login Service.
[[0;32m  OK  [0m] Reached target Sound Card.
[[0;32m  OK  [0m] Reached target Network.
[[0;32m  OK  [0m] Reached target Network is Online.
         Starting LSB: Advanced IEEE 802.11 management daemon...
         Starting OpenBSD Secure Shell server...
         Starting Permit User Sessions...
         Starting The Apache HTTP Server...
         Starting LSB: set CPUFreq kernel parameters...
[[0;32m  OK  [0m] Started LSB: Advanced IEEE 802.11 management daemon.
[[0;32m  OK  [0m] Started Permit User Sessions.
         Starting Hostname Service...
[[0;32m  OK  [0m] Started Getty on tty1.
[[0;32m  OK  [0m] Started Serial Getty on ttyS0.
[[0;32m  OK  [0m] Reached target Login Prompts.
         Starting WPA supplicant...
[[0;32m  OK  [0m] Started LSB: set CPUFreq kernel parameters.
[[0;32m  OK  [0m] Started Hostname Service.
[[0;32m  OK  [0m] Started WPA supplicant.
[[0;32m  OK  [0m] Started OpenBSD Secure Shell server.
         Stopping LSB: Start busybox udhcpd at boot time...
[[0;32m  OK  [0m] Stopped LSB: Start busybox udhcpd at boot time.
[[0;32m  OK  [0m] Started The Apache HTTP Server.
         Starting dnsmasq - A lightweight DHCP and caching DNS server...
[[0;32m  OK  [0m] Started dnsmasq - A lightweight DHCP and caching DNS server.
[[0;32m  OK  [0m] Reached target Host and Network Name Lookups.
[[0;32m  OK  [0m] Started Serial Getty on ttyGS0.
[[0;32m  OK  [0m] Started Generic Board Startup.
[[0;32m  OK  [0m] Reached target Multi-User System.
[[0;32m  OK  [0m] Reached target Graphical Interface.
         Starting Update UTMP about System Runlevel Changes...
[[0;32m  OK  [0m] Started Update UTMP about System Runlevel Changes.

Debian GNU/Linux 9 arm ttyS0

default username:password is [debian:temppwd]

arm login: root
Password: 
Last login: Sat Jan  1 00:00:36 UTC 2000 on ttyS0
root
Linux arm 6.12.0-rc1-next-20241004 #110 SMP Fri Oct  4 09:29:39 EEST 2024 armv7l

The programs included with the Debian GNU/Linux system are free software;
the exact distribution terms for each program are described in the
individual files in /usr/share/doc/*/copyright.

Debian GNU/Linux comes with ABSOLUTELY NO WARRANTY, to the extent
permitted by applicable law.
root@arm:~# root
-bash: root: command not found
dmesg -n 1
root@arm:~# dmesg -n 1
echo 'CHVF''KXVPZN'
root@arm:~# echo 'CHVF''KXVPZN'
CHVFKXVPZN
root@arm:~# run() { echo -n "$MARKER"; sh -c "$@"; echo "$MARKER $?"; }
root@arm:~# echo 'KBQY''TJHKHB'
KBQYTJHKHB
root@arm:~# MARKER='ZLPQ''EOOWXQ' run 'cat /proc/version'
ZLPQEOOWXQLinux version 6.12.0-rc1-next-20241004 (user01@drvtest01) (arm-linux-gnueabihf-gcc (Linaro GCC 6.4-2017.11) 6.4.1 20171012, GNU ld (Linaro_Binutils-2017.11) 2.27.0.20161229) #110 SMP Fri Oct  4 09:29:39 EEST 2024
ZLPQEOOWXQ 0
root@arm:~# echo 'XBXO''MBZZKV'
XBXOMBZZKV
root@arm:~# MARKER='AVGJ''NPNWNU' run false
AVGJNPNWNUAVGJNPNWNU 1
root@arm:~# Labgrid Console Logfile for main
Logfile started at 2024-10-04 09:31:30.083035
=== Log starts here ===

root@arm:~# run() { echo -n "$MARKER"; sh -c "$@"; echo "$MARKER $?"; }
root@arm:~# echo 'CZOK''FHKNPQ'
CZOKFHKNPQ
root@arm:~# MARKER='QFMC''TTQLCB' run dmesg
QFMCTTQLCB[    0.000000] Booting Linux on physical CPU 0x0
[    0.000000] Linux version 6.12.0-rc1-next-20241004 (user01@drvtest01) (arm-linux-gnueabihf-gcc (Linaro GCC 6.4-2017.11) 6.4.1 20171012, GNU ld (Linaro_Binutils-2017.11) 2.27.0.20161229) #110 SMP Fri Oct  4 09:29:39 EEST 2024
[    0.000000] CPU: ARMv7 Processor [413fc082] revision 2 (ARMv7), cr=10c5387d
[    0.000000] CPU: PIPT / VIPT nonaliasing data cache, VIPT aliasing instruction cache
[    0.000000] OF: fdt: Machine model: TI AM335x BeagleBone Black
[    0.000000] Memory policy: Data cache writeback
[    0.000000] cma: Reserved 16 MiB at 0x9e800000 on node -1
[    0.000000] Zone ranges:
[    0.000000]   Normal   [mem 0x0000000080000000-0x000000009fdfffff]
[    0.000000]   HighMem  empty
[    0.000000] Movable zone start for each node
[    0.000000] Early memory node ranges
[    0.000000]   node   0: [mem 0x0000000080000000-0x000000009fdfffff]
[    0.000000] Initmem setup node 0 [mem 0x0000000080000000-0x000000009fdfffff]
[    0.000000] CPU: All CPU(s) started in SVC mode.
[    0.000000] AM335X ES2.1 (sgx neon)
[    0.000000] percpu: Embedded 17 pages/cpu s40268 r8192 d21172 u69632
[    0.000000] pcpu-alloc: s40268 r8192 d21172 u69632 alloc=17*4096
[    0.000000] pcpu-alloc: [0] 0 
[    0.000000] Kernel command line: console=ttyO0,115200n8 root=/dev/nfs rw nfsroot=192.168.255.126:/home/user01/nfs,nfsvers=3 ip=192.168.255.1:192.168.255.126::255.255.255.0:bbb1:eth0 nfsrootdebug
[    0.000000] Unknown kernel command line parameters "nfsrootdebug", will be passed to user space.
[    0.000000] Dentry cache hash table entries: 65536 (order: 6, 262144 bytes, linear)
[    0.000000] Inode-cache hash table entries: 32768 (order: 5, 131072 bytes, linear)
[    0.000000] Built 1 zonelists, mobility grouping on.  Total pages: 130560
[    0.000000] mem auto-init: stack:off, heap alloc:off, heap free:off
[    0.000000] SLUB: HWalign=64, Order=0-3, MinObjects=0, CPUs=1, Nodes=1
[    0.000000] trace event string verifier disabled
[    0.000000] rcu: Hierarchical RCU implementation.
[    0.000000] rcu: 	RCU event tracing is enabled.
[    0.000000] rcu: 	RCU restricting CPUs from NR_CPUS=2 to nr_cpu_ids=1.
[    0.000000] rcu: RCU calculated value of scheduler-enlistment delay is 10 jiffies.
[    0.000000] rcu: Adjusting geometry for rcu_fanout_leaf=16, nr_cpu_ids=1
[    0.000000] NR_IRQS: 16, nr_irqs: 16, preallocated irqs: 16
[    0.000000] IRQ: Found an INTC at 0x(ptrval) (revision 5.0) with 128 interrupts
[    0.000000] rcu: srcu_init: Setting srcu_struct sizes based on contention.
[    0.000000] TI gptimer clocksource: always-on /ocp/interconnect@44c00000/segment@200000/target-module@31000
[    0.000003] sched_clock: 32 bits at 24MHz, resolution 41ns, wraps every 89478484971ns
[    0.000027] clocksource: dmtimer: mask: 0xffffffff max_cycles: 0xffffffff, max_idle_ns: 79635851949 ns
[    0.000497] TI gptimer clockevent: 24000000 Hz at /ocp/interconnect@48000000/segment@0/target-module@40000
[    0.002140] Console: colour dummy device 80x30
[    0.002206] WARNING: Your 'console=ttyO0' has been replaced by 'ttyS0'
[    0.002215] This ensures that you still see kernel messages. Please
[    0.002220] update your kernel commandline.
[    0.002266] Calibrating delay loop... 996.14 BogoMIPS (lpj=4980736)
[    0.090550] CPU: Testing write buffer coherency: ok
[    0.090647] CPU0: Spectre v2: using BPIALL workaround
[    0.090660] pid_max: default: 32768 minimum: 301
[    0.090785] LSM: initializing lsm=capability
[    0.090961] Mount-cache hash table entries: 1024 (order: 0, 4096 bytes, linear)
[    0.090984] Mountpoint-cache hash table entries: 1024 (order: 0, 4096 bytes, linear)
[    0.092616] CPU0: thread -1, cpu 0, socket -1, mpidr 0
[    0.160730] Setting up static identity map for 0x80100000 - 0x80100078
[    0.170701] rcu: Hierarchical SRCU implementation.
[    0.170714] rcu: 	Max phase no-delay instances is 1000.
[    0.172549] smp: Bringing up secondary CPUs ...
[    0.172605] smp: Brought up 1 node, 1 CPU
[    0.172619] SMP: Total of 1 processors activated (996.14 BogoMIPS).
[    0.172631] CPU: All CPU(s) started in SVC mode.
[    0.172819] Memory: 480860K/522240K available (11264K kernel code, 1215K rwdata, 2876K rodata, 1024K init, 299K bss, 23368K reserved, 16384K cma-reserved, 0K highmem)
[    0.173656] devtmpfs: initialized
[    0.190361] VFP support v0.3: implementor 41 architecture 3 part 30 variant c rev 3
[    0.190901] clocksource: jiffies: mask: 0xffffffff max_cycles: 0xffffffff, max_idle_ns: 19112604462750000 ns
[    0.190941] futex hash table entries: 256 (order: 2, 16384 bytes, linear)
[    0.192201] pinctrl core: initialized pinctrl subsystem
[    0.195095] NET: Registered PF_NETLINK/PF_ROUTE protocol family
[    0.197891] DMA: preallocated 256 KiB pool for atomic coherent allocations
[    0.198792] audit: initializing netlink subsys (disabled)
[    0.200222] thermal_sys: Registered thermal governor 'fair_share'
[    0.200238] thermal_sys: Registered thermal governor 'step_wise'
[    0.200249] thermal_sys: Registered thermal governor 'user_space'
[    0.200368] audit: type=2000 audit(0.190:1): state=initialized audit_enabled=0 res=1
[    0.200445] cpuidle: using governor menu
[    0.219313] No ATAGs?
[    0.219340] hw-breakpoint: debug architecture 0x4 unsupported.
[    0.222257] kprobes: kprobe jump-optimization is enabled. All kprobes are optimized if possible.
[    0.234010] iommu: Default domain type: Translated
[    0.234033] iommu: DMA domain TLB invalidation policy: strict mode
[    0.235699] reg-fixed-voltage fixedregulator0: using DT '/fixedregulator0' for '(default)' GPIO lookup
[    0.235754] of_get_named_gpiod_flags: can't parse 'gpios' property of node '/fixedregulator0[0]'
[    0.235784] of_get_named_gpiod_flags: can't parse 'gpio' property of node '/fixedregulator0[0]'
[    0.235804] reg-fixed-voltage fixedregulator0: using lookup tables for GPIO lookup
[    0.235815] reg-fixed-voltage fixedregulator0: No GPIO consumer (default) found
[    0.241356] SCSI subsystem initialized
[    0.241849] libata version 3.00 loaded.
[    0.242211] pps_core: LinuxPPS API ver. 1 registered
[    0.242222] pps_core: Software ver. 5.3.6 - Copyright 2005-2007 Rodolfo Giometti <giometti@linux.it>
[    0.242248] PTP clock support registered
[    0.250961] vgaarb: loaded
[    0.251364] clocksource: Switched to clocksource dmtimer
[    0.252034] VFS: Disk quotas dquot_6.6.0
[    0.252081] VFS: Dquot-cache hash table entries: 1024 (order 0, 4096 bytes)
[    0.277278] NET: Registered PF_INET protocol family
[    0.277638] IP idents hash table entries: 8192 (order: 4, 65536 bytes, linear)
[    0.279040] tcp_listen_portaddr_hash hash table entries: 512 (order: 0, 4096 bytes, linear)
[    0.279079] Table-perturb hash table entries: 65536 (order: 6, 262144 bytes, linear)
[    0.279097] TCP established hash table entries: 4096 (order: 2, 16384 bytes, linear)
[    0.279141] TCP bind hash table entries: 4096 (order: 4, 65536 bytes, linear)
[    0.279241] TCP: Hash tables configured (established 4096 bind 4096)
[    0.279363] UDP hash table entries: 256 (order: 1, 8192 bytes, linear)
[    0.279392] UDP-Lite hash table entries: 256 (order: 1, 8192 bytes, linear)
[    0.279581] NET: Registered PF_UNIX/PF_LOCAL protocol family
[    0.291968] RPC: Registered named UNIX socket transport module.
[    0.291991] RPC: Registered udp transport module.
[    0.291997] RPC: Registered tcp transport module.
[    0.292002] RPC: Registered tcp-with-tls transport module.
[    0.292007] RPC: Registered tcp NFSv4.1 backchannel transport module.
[    0.292032] PCI: CLS 0 bytes, default 64
[    0.293537] Initialise system trusted keyrings
[    0.294327] workingset: timestamp_bits=14 max_order=17 bucket_order=3
[    0.295975] NFS: Registering the id_resolver key type
[    0.296057] Key type id_resolver registered
[    0.296066] Key type id_legacy registered
[    0.296117] jffs2: version 2.2. (NAND) (SUMMARY)  Â© 2001-2006 Red Hat, Inc.
[    0.296525] Key type asymmetric registered
[    0.296542] Asymmetric key parser 'x509' registered
[    0.296610] io scheduler mq-deadline registered
[    0.296621] io scheduler kyber registered
[    0.296691] io scheduler bfq registered
[    0.301579] ledtrig-cpu: registered to indicate activity on CPUs
[    0.304385] Serial: 8250/16550 driver, 6 ports, IRQ sharing enabled
[    0.354187] brd: module loaded
[    0.374392] loop: module loaded
[    0.375335] mtdoops: mtd device (mtddev=name/number) must be supplied
[    0.377089] mdio_bus fixed-0: using lookup tables for GPIO lookup
[    0.377114] mdio_bus fixed-0: No GPIO consumer reset found
[    0.378493] i2c_dev: i2c /dev entries driver
[    0.379489] cpuidle: enable-method property 'ti,am3352' found operations
[    0.379925] sdhci: Secure Digital Host Controller Interface driver
[    0.379936] sdhci: Copyright(c) Pierre Ossman
[    0.380124] sdhci-pltfm: SDHCI platform and OF driver helper
[    0.381146] Initializing XFRM netlink socket
[    0.381277] NET: Registered PF_INET6 protocol family
[    0.383409] Segment Routing with IPv6
[    0.383498] In-situ OAM (IOAM) with IPv6
[    0.383598] sit: IPv6, IPv4 and MPLS over IPv4 tunneling driver
[    0.384555] NET: Registered PF_PACKET protocol family
[    0.384591] NET: Registered PF_KEY protocol family
[    0.384721] Key type dns_resolver registered
[    0.385003] ThumbEE CPU extension supported.
[    0.385023] Registering SWP/SWPB emulation handler
[    0.385553] omap_voltage_late_init: Voltage driver support not added
[    0.385905] SmartReflex Class3 initialized
[    0.419186] Loading compiled-in X.509 certificates
[    0.474667] gpiochip_find_base_unlocked: found new base at 512
[    0.482700] platform 44e10800.pinmux: Fixed dependency cycle(s) with /ocp/interconnect@44c00000/segment@200000/target-module@10000/scm@0/pinmux@800/clkout2-pins
[    0.483258] pinctrl-single 44e10800.pinmux: 142 pins, size 568
[    0.488283] ti-sysc 44e31000.target-module: probe with driver ti-sysc failed with error -16
[    0.522405] ti-sysc 48040000.target-module: probe with driver ti-sysc failed with error -16
[    0.533541] gpiochip_find_base_unlocked: found new base at 512
[    0.533645] gpio gpiochip0: (gpio-0-31): created GPIO range 0->7 ==> 44e10800.pinmux PIN 0->7
[    0.533666] gpio gpiochip0: (gpio-0-31): created GPIO range 8->11 ==> 44e10800.pinmux PIN 90->93
[    0.533682] gpio gpiochip0: (gpio-0-31): created GPIO range 12->27 ==> 44e10800.pinmux PIN 12->27
[    0.533699] gpio gpiochip0: (gpio-0-31): created GPIO range 28->31 ==> 44e10800.pinmux PIN 30->33
[    0.585812] gpio gpiochip0: (gpio-0-31): added GPIO chardev (254:0)
[    0.585993] gpio gpiochip0: registered GPIOs 512 to 543 on gpio-0-31
[    0.586080] OMAP GPIO hardware version 0.1
[    0.612823] i2c i2c-2: using DT '/ocp/interconnect@48000000/segment@100000/target-module@9c000/i2c@0' for 'scl' GPIO lookup
[    0.612898] of_get_named_gpiod_flags: can't parse 'scl-gpios' property of node '/ocp/interconnect@48000000/segment@100000/target-module@9c000/i2c@0[0]'
[    0.612943] of_get_named_gpiod_flags: can't parse 'scl-gpio' property of node '/ocp/interconnect@48000000/segment@100000/target-module@9c000/i2c@0[0]'
[    0.612981] i2c i2c-2: using lookup tables for GPIO lookup
[    0.612992] i2c i2c-2: No GPIO consumer scl found
[    0.613014] i2c i2c-2: using DT '/ocp/interconnect@48000000/segment@100000/target-module@9c000/i2c@0' for 'sda' GPIO lookup
[    0.613051] of_get_named_gpiod_flags: can't parse 'sda-gpios' property of node '/ocp/interconnect@48000000/segment@100000/target-module@9c000/i2c@0[0]'
[    0.613090] of_get_named_gpiod_flags: can't parse 'sda-gpio' property of node '/ocp/interconnect@48000000/segment@100000/target-module@9c000/i2c@0[0]'
[    0.613123] i2c i2c-2: using lookup tables for GPIO lookup
[    0.613131] i2c i2c-2: No GPIO consumer sda found
[    0.613853] omap_i2c 4819c000.i2c: bus 2 rev0.11 at 100 kHz
[    0.619145] gpiochip_find_base_unlocked: found new base at 544
[    0.619250] gpio gpiochip1: (gpio-32-63): created GPIO range 0->17 ==> 44e10800.pinmux PIN 34->51
[    0.619270] gpio gpiochip1: (gpio-32-63): created GPIO range 18->21 ==> 44e10800.pinmux PIN 77->80
[    0.619286] gpio gpiochip1: (gpio-32-63): created GPIO range 22->31 ==> 44e10800.pinmux PIN 56->65
[    0.620047] gpio gpiochip1: (gpio-32-63): added GPIO chardev (254:1)
[    0.620179] gpio gpiochip1: registered GPIOs 544 to 575 on gpio-32-63
[    0.622497] gpiochip_find_base_unlocked: found new base at 576
[    0.622594] gpio gpiochip2: (gpio-64-95): created GPIO range 0->4 ==> 44e10800.pinmux PIN 66->70
[    0.622614] gpio gpiochip2: (gpio-64-95): created GPIO range 5->6 ==> 44e10800.pinmux PIN 98->99
[    0.622629] gpio gpiochip2: (gpio-64-95): created GPIO range 7->8 ==> 44e10800.pinmux PIN 75->76
[    0.622644] gpio gpiochip2: (gpio-64-95): created GPIO range 13->13 ==> 44e10800.pinmux PIN 141->141
[    0.622661] gpio gpiochip2: (gpio-64-95): created GPIO range 14->21 ==> 44e10800.pinmux PIN 100->107
[    0.623493] gpio gpiochip2: (gpio-64-95): added GPIO chardev (254:2)
[    0.623633] gpio gpiochip2: registered GPIOs 576 to 607 on gpio-64-95
[    0.629032] 48000000.interconnect:segment@200000:target-module@0:mpu@0:fck: device ID is greater than 24
[    0.633523] platform 4830e000.lcdc: Fixed dependency cycle(s) with /ocp/interconnect@44c00000/segment@200000/target-module@b000/i2c@0/tda19988@70
[    0.642924] mdio_bus 4a101000.mdio: using DT '/ocp/interconnect@4a000000/segment@0/target-module@100000/switch@0/mdio@1000' for 'reset' GPIO lookup
[    0.642998] of_get_named_gpiod_flags: can't parse 'reset-gpios' property of node '/ocp/interconnect@4a000000/segment@0/target-module@100000/switch@0/mdio@1000[0]'
[    0.643049] of_get_named_gpiod_flags: can't parse 'reset-gpio' property of node '/ocp/interconnect@4a000000/segment@0/target-module@100000/switch@0/mdio@1000[0]'
[    0.643100] mdio_bus 4a101000.mdio: using lookup tables for GPIO lookup
[    0.643111] mdio_bus 4a101000.mdio: No GPIO consumer reset found
[    0.644092] sdhci-omap 481d8000.mmc: using DT '/ocp/interconnect@48000000/segment@100000/target-module@d8000/mmc@0' for 'wp' GPIO lookup
[    0.644156] of_get_named_gpiod_flags: can't parse 'wp-gpios' property of node '/ocp/interconnect@48000000/segment@100000/target-module@d8000/mmc@0[0]'
[    0.644201] of_get_named_gpiod_flags: can't parse 'wp-gpio' property of node '/ocp/interconnect@48000000/segment@100000/target-module@d8000/mmc@0[0]'
[    0.644239] sdhci-omap 481d8000.mmc: using lookup tables for GPIO lookup
[    0.644249] sdhci-omap 481d8000.mmc: No GPIO consumer wp found
[    0.644439] sdhci-omap 481d8000.mmc: supply pbias not found, using dummy regulator
[    0.644949] sdhci-omap 481d8000.mmc: supply vqmmc not found, using dummy regulator
[    0.708208] davinci_mdio 4a101000.mdio: davinci mdio revision 1.6, bus freq 1000000
[    0.725650] mdio_bus 4a101000.mdio:00: using DT '/ocp/interconnect@4a000000/segment@0/target-module@100000/switch@0/mdio@1000/ethernet-phy@0' for 'reset' GPIO lookup
[    0.725755] of_get_named_gpiod_flags: parsed 'reset-gpios' property of node '/ocp/interconnect@4a000000/segment@0/target-module@100000/switch@0/mdio@1000/ethernet-phy@0[0]' - status (0)
[    0.725924] gpio gpiochip0: Persistence not supported for GPIO 8
[    0.831903] davinci_mdio 4a101000.mdio: phy[0]: device 4a101000.mdio:00, driver SMSC LAN8710/LAN8720
[    0.832711] cpsw-switch 4a100000.switch: initialized cpsw ale version 1.4
[    0.832735] cpsw-switch 4a100000.switch: ALE Table size 1024, Policers 0
[    0.832879] cpsw-switch 4a100000.switch: cpts: overflow check period 500 (jiffies)
[    0.832897] cpsw-switch 4a100000.switch: CPTS: ref_clk_freq:250000000 calc_mult:2147483648 calc_shift:29 error:0 nsec/sec
[    0.833001] cpsw-switch 4a100000.switch: Detected MACID = 6c:ec:eb:68:de:78
[    0.834841] cpsw-switch 4a100000.switch: initialized (regs 0x4a100000, pool size 256) hw_ver:0019010C 1.12 (0)
[    0.845896] debugfs: Directory '49000000.dma' with parent 'dmaengine' already present!
[    0.845938] edma 49000000.dma: TI EDMA DMA engine driver
[    0.865022] target-module@4b000000:target-module@140000:pmu@0:fck: device ID is greater than 24
[    0.886392] hw perfevents: enabled with armv7_cortex_a8 PMU driver, 5 (8000000f) counters available
[    0.887350] gpio-clk clk_mcasp0: using DT '/clk_mcasp0' for 'enable' GPIO lookup
[    0.887419] of_get_named_gpiod_flags: parsed 'enable-gpios' property of node '/clk_mcasp0[0]' - status (0)
[    0.887464] gpio gpiochip0: Persistence not supported for GPIO 27
[    0.888270] gpiochip_find_base_unlocked: found new base at 608
[    0.888400] gpio gpiochip3: (gpio-96-127): created GPIO range 0->7 ==> 44e10800.pinmux PIN 82->89
[    0.888420] gpio gpiochip3: (gpio-96-127): created GPIO range 8->11 ==> 44e10800.pinmux PIN 52->55
[    0.888436] gpio gpiochip3: (gpio-96-127): created GPIO range 12->15 ==> 44e10800.pinmux PIN 94->97
[    0.888451] gpio gpiochip3: (gpio-96-127): created GPIO range 16->17 ==> 44e10800.pinmux PIN 71->72
[    0.888467] gpio gpiochip3: (gpio-96-127): created GPIO range 18->18 ==> 44e10800.pinmux PIN 135->135
[    0.888483] gpio gpiochip3: (gpio-96-127): created GPIO range 19->20 ==> 44e10800.pinmux PIN 108->109
[    0.888500] gpio gpiochip3: (gpio-96-127): created GPIO range 21->21 ==> 44e10800.pinmux PIN 73->73
[    0.888517] gpio gpiochip3: (gpio-96-127): created GPIO range 22->23 ==> 44e10800.pinmux PIN 8->9
[    0.888533] gpio gpiochip3: (gpio-96-127): created GPIO range 26->27 ==> 44e10800.pinmux PIN 10->11
[    0.888551] gpio gpiochip3: (gpio-96-127): created GPIO range 28->28 ==> 44e10800.pinmux PIN 74->74
[    0.888568] gpio gpiochip3: (gpio-96-127): created GPIO range 29->29 ==> 44e10800.pinmux PIN 81->81
[    0.888587] gpio gpiochip3: (gpio-96-127): created GPIO range 30->31 ==> 44e10800.pinmux PIN 28->29
[    0.894117] l3-aon-clkctrl:0000:0: failed to disable
[    0.894477] gpio gpiochip3: (gpio-96-127): added GPIO chardev (254:3)
[    0.894620] gpio gpiochip3: registered GPIOs 608 to 639 on gpio-96-127
[    0.896352] omap8250 44e09000.serial: using DT '/ocp/interconnect@44c00000/segment@200000/target-module@9000/serial@0' for 'rs485-term' GPIO lookup
[    0.896424] of_get_named_gpiod_flags: can't parse 'rs485-term-gpios' property of node '/ocp/interconnect@44c00000/segment@200000/target-module@9000/serial@0[0]'
[    0.896469] of_get_named_gpiod_flags: can't parse 'rs485-term-gpio' property of node '/ocp/interconnect@44c00000/segment@200000/target-module@9000/serial@0[0]'
[    0.896508] omap8250 44e09000.serial: using lookup tables for GPIO lookup
[    0.896518] omap8250 44e09000.serial: No GPIO consumer rs485-term found
[    0.896528] omap8250 44e09000.serial: using DT '/ocp/interconnect@44c00000/segment@200000/target-module@9000/serial@0' for 'rs485-rx-during-tx' GPIO lookup
[    0.896566] of_get_named_gpiod_flags: can't parse 'rs485-rx-during-tx-gpios' property of node '/ocp/interconnect@44c00000/segment@200000/target-module@9000/serial@0[0]'
[    0.896606] of_get_named_gpiod_flags: can't parse 'rs485-rx-during-tx-gpio' property of node '/ocp/interconnect@44c00000/segment@200000/target-module@9000/serial@0[0]'
[    0.896640] omap8250 44e09000.serial: using lookup tables for GPIO lookup
[    0.896648] omap8250 44e09000.serial: No GPIO consumer rs485-rx-during-tx found
[    0.897058] 44e09000.serial: ttyS0 at MMIO 0x44e09000 (irq = 34, base_baud = 3000000) is a 8250
[    0.897147] printk: legacy console [ttyS0] enabled
[    2.237128] i2c i2c-0: using DT '/ocp/interconnect@44c00000/segment@200000/target-module@b000/i2c@0' for 'scl' GPIO lookup
[    2.237218] of_get_named_gpiod_flags: can't parse 'scl-gpios' property of node '/ocp/interconnect@44c00000/segment@200000/target-module@b000/i2c@0[0]'
[    2.237269] of_get_named_gpiod_flags: can't parse 'scl-gpio' property of node '/ocp/interconnect@44c00000/segment@200000/target-module@b000/i2c@0[0]'
[    2.237311] i2c i2c-0: using lookup tables for GPIO lookup
[    2.237326] i2c i2c-0: No GPIO consumer scl found
[    2.237352] i2c i2c-0: using DT '/ocp/interconnect@44c00000/segment@200000/target-module@b000/i2c@0' for 'sda' GPIO lookup
[    2.237394] of_get_named_gpiod_flags: can't parse 'sda-gpios' property of node '/ocp/interconnect@44c00000/segment@200000/target-module@b000/i2c@0[0]'
[    2.237438] of_get_named_gpiod_flags: can't parse 'sda-gpio' property of node '/ocp/interconnect@44c00000/segment@200000/target-module@b000/i2c@0[0]'
[    2.237475] i2c i2c-0: using lookup tables for GPIO lookup
[    2.237487] i2c i2c-0: No GPIO consumer sda found
[    2.252349] tps65217-pmic: Failed to locate of_node [id: -1]
[    2.258410] tps65217-bl: Failed to locate of_node [id: -1]
[    2.269827] tps65217 0-0024: TPS65217 ID 0xe version 1.2
[    2.275972] platform 4830e000.lcdc: Fixed dependency cycle(s) with /ocp/interconnect@44c00000/segment@200000/target-module@b000/i2c@0/tda19988@70
[    2.289401] i2c 0-0070: Fixed dependency cycle(s) with /ocp/interconnect@48000000/segment@300000/target-module@e000/lcdc@0
[    2.300816] omap_i2c 44e0b000.i2c: bus 0 rev0.11 at 400 kHz
[    2.308411] sdhci-omap 48060000.mmc: using DT '/ocp/interconnect@48000000/segment@0/target-module@60000/mmc@0' for 'cd' GPIO lookup
[    2.308523] of_get_named_gpiod_flags: parsed 'cd-gpios' property of node '/ocp/interconnect@48000000/segment@0/target-module@60000/mmc@0[0]' - status (0)
[    2.308590] gpio gpiochip3: Persistence not supported for GPIO 6
[    2.308616] omap_gpio 44e07000.gpio: Could not set line 6 debounce to 200000 microseconds (-22)
[    2.317511] sdhci-omap 48060000.mmc: Got CD GPIO
[    2.322199] sdhci-omap 48060000.mmc: using DT '/ocp/interconnect@48000000/segment@0/target-module@60000/mmc@0' for 'wp' GPIO lookup
[    2.322251] of_get_named_gpiod_flags: can't parse 'wp-gpios' property of node '/ocp/interconnect@48000000/segment@0/target-module@60000/mmc@0[0]'
[    2.322297] of_get_named_gpiod_flags: can't parse 'wp-gpio' property of node '/ocp/interconnect@48000000/segment@0/target-module@60000/mmc@0[0]'
[    2.322339] sdhci-omap 48060000.mmc: using lookup tables for GPIO lookup
[    2.322354] sdhci-omap 48060000.mmc: No GPIO consumer wp found
[    2.322566] sdhci-omap 48060000.mmc: supply pbias not found, using dummy regulator
[    2.331250] sdhci-omap 481d8000.mmc: using DT '/ocp/interconnect@48000000/segment@100000/target-module@d8000/mmc@0' for 'wp' GPIO lookup
[    2.331440] of_get_named_gpiod_flags: can't parse 'wp-gpios' property of node '/ocp/interconnect@48000000/segment@100000/target-module@d8000/mmc@0[0]'
[    2.331501] of_get_named_gpiod_flags: can't parse 'wp-gpio' property of node '/ocp/interconnect@48000000/segment@100000/target-module@d8000/mmc@0[0]'
[    2.331544] sdhci-omap 481d8000.mmc: using lookup tables for GPIO lookup
[    2.331559] sdhci-omap 481d8000.mmc: No GPIO consumer wp found
[    2.332922] sdhci-omap 48060000.mmc: supply vqmmc not found, using dummy regulator
[    2.342018] sdhci-omap 481d8000.mmc: supply pbias not found, using dummy regulator
[    2.350030] sdhci-omap 481d8000.mmc: supply vqmmc not found, using dummy regulator
[    2.388818] mmc1: SDHCI controller on 481d8000.mmc [481d8000.mmc] using External DMA
[    2.398040] mmc0: SDHCI controller on 48060000.mmc [48060000.mmc] using External DMA
[    2.406805] cpsw-switch 4a100000.switch: starting ndev. mode: dual_mac
[    2.450568] mmc0: new high speed SDHC card at address 5048
[    2.457821] mmcblk0: mmc0:5048 SD16G 14.4 GiB
[    2.465987]  mmcblk0: p1 p2
[    2.469380] mmcblk0: p2 size 31221760 extends beyond EOD, truncated
[    2.482642] SMSC LAN8710/LAN8720 4a101000.mdio:00: attached PHY driver (mii_bus:phy_addr=4a101000.mdio:00, irq=POLL)
[    2.495384] mmc1: new high speed MMC card at address 0001
[    2.502330] mmcblk1: mmc1:0001 MMC04G 3.60 GiB
[    2.514013]  mmcblk1: p1 p2
[    2.518296] mmcblk1boot0: mmc1:0001 MMC04G 2.00 MiB
[    2.525506] mmcblk1boot1: mmc1:0001 MMC04G 2.00 MiB
[    2.532949] mmcblk1rpmb: mmc1:0001 MMC04G 128 KiB, chardev (250:0)
[    5.682154] cpsw-switch 4a100000.switch eth0: Link is Up - 100Mbps/Full - flow control off
[    5.711389] IP-Config: Complete:
[    5.714663]      device=eth0, hwaddr=6c:ec:eb:68:de:78, ipaddr=192.168.255.1, mask=255.255.255.0, gw=255.255.255.255
[    5.725313]      host=bbb1, domain=, nis-domain=(none)
[    5.730483]      bootserver=192.168.255.126, rootserver=192.168.255.126, rootpath=
[    5.730910] clk: Disabling unused clocks
[    5.742770] PM: genpd: Disabling unused power domains
[    5.747889] KTAP version 1
[    5.750610] 1..0
[    5.797602] VFS: Mounted root (nfs filesystem) on device 0:17.
[    5.804984] devtmpfs: mounted
[    5.809657] Freeing unused kernel image (initmem) memory: 1024K
[    5.816466] Run /sbin/init as init process
[    5.820599]   with arguments:
[    5.820612]     /sbin/init
[    5.820622]     nfsrootdebug
[    5.820631]   with environment:
[    5.820640]     HOME=/
[    5.820649]     TERM=linux
[    6.583938] systemd[1]: System time before build time, advancing clock.
[    8.051389] random: crng init done
[    8.091842] systemd[1]: systemd 232 running in system mode. (+PAM +AUDIT +SELINUX +IMA +APPARMOR +SMACK +SYSVINIT +UTMP +LIBCRYPTSETUP +GCRYPT +GNUTLS +ACL +XZ +LZ4 +SECCOMP +BLKID +ELFUTILS +KMOD +IDN)
[    8.110943] systemd[1]: Detected architecture arm.
[    8.144859] systemd[1]: Set hostname to <arm>.
[    9.270688] systemd[1]: Listening on udev Kernel Socket.
[    9.293536] systemd[1]: Listening on Journal Socket.
[    9.321831] systemd[1]: Reached target Remote File Systems.
[    9.352276] systemd[1]: Started Forward Password Requests to Wall Directory Watch.
[    9.381709] systemd[1]: Reached target Swap.
[    9.402013] systemd[1]: Listening on Syslog Socket.
[    9.432899] systemd[1]: Created slice User and Session Slice.
[   11.747161] systemd-journald[88]: Received request to flush runtime journal from PID 1
[   14.219086] leds-gpio leds: using DT '/leds/led2' for '(default)' GPIO lookup
[   14.219191] of_get_named_gpiod_flags: parsed 'gpios' property of node '/leds/led2[0]' - status (0)
[   14.219249] gpio gpiochip0: Persistence not supported for GPIO 21
[   14.219265] gpio-533 (?): no flags found for GPIO (default)
[   14.251703] leds-gpio leds: using DT '/leds/led3' for '(default)' GPIO lookup
[   14.251814] of_get_named_gpiod_flags: parsed 'gpios' property of node '/leds/led3[0]' - status (0)
[   14.251873] gpio gpiochip0: Persistence not supported for GPIO 22
[   14.251889] gpio-534 (?): no flags found for GPIO (default)
[   14.290788] leds-gpio leds: using DT '/leds/led4' for '(default)' GPIO lookup
[   14.290890] of_get_named_gpiod_flags: parsed 'gpios' property of node '/leds/led4[0]' - status (0)
[   14.290944] gpio gpiochip0: Persistence not supported for GPIO 23
[   14.290959] gpio-535 (?): no flags found for GPIO (default)
[   14.308268] leds-gpio leds: using DT '/leds/led5' for '(default)' GPIO lookup
[   14.308368] of_get_named_gpiod_flags: parsed 'gpios' property of node '/leds/led5[0]' - status (0)
[   14.308421] gpio gpiochip0: Persistence not supported for GPIO 24
[   14.308437] gpio-536 (?): no flags found for GPIO (default)
[   14.884673] remoteproc remoteproc0: wkup_m3 is available
[   14.956449] am335x-phy-driver 47401300.usb-phy: using DT '/ocp/target-module@47400000/usb-phy@1300' for 'reset' GPIO lookup
[   14.956546] of_get_named_gpiod_flags: can't parse 'reset-gpios' property of node '/ocp/target-module@47400000/usb-phy@1300[0]'
[   14.956594] of_get_named_gpiod_flags: can't parse 'reset-gpio' property of node '/ocp/target-module@47400000/usb-phy@1300[0]'
[   14.956634] am335x-phy-driver 47401300.usb-phy: using lookup tables for GPIO lookup
[   14.956650] am335x-phy-driver 47401300.usb-phy: No GPIO consumer reset found
[   14.956665] am335x-phy-driver 47401300.usb-phy: using DT '/ocp/target-module@47400000/usb-phy@1300' for 'vbus-detect' GPIO lookup
[   14.956699] of_get_named_gpiod_flags: can't parse 'vbus-detect-gpios' property of node '/ocp/target-module@47400000/usb-phy@1300[0]'
[   14.956732] of_get_named_gpiod_flags: can't parse 'vbus-detect-gpio' property of node '/ocp/target-module@47400000/usb-phy@1300[0]'
[   14.956761] am335x-phy-driver 47401300.usb-phy: using lookup tables for GPIO lookup
[   14.956774] am335x-phy-driver 47401300.usb-phy: No GPIO consumer vbus-detect found
[   14.956925] am335x-phy-driver 47401300.usb-phy: dummy supplies not allowed for exclusive requests (id=vbus)
[   15.045012] at24 2-0054: supply vcc not found, using dummy regulator
[   15.196497] at24 2-0055: supply vcc not found, using dummy regulator
[   15.291237] at24 2-0056: supply vcc not found, using dummy regulator
[   15.393091] at24 2-0057: supply vcc not found, using dummy regulator
[   15.427703] am335x-phy-driver 47401b00.usb-phy: using DT '/ocp/target-module@47400000/usb-phy@1b00' for 'reset' GPIO lookup
[   15.427796] of_get_named_gpiod_flags: can't parse 'reset-gpios' property of node '/ocp/target-module@47400000/usb-phy@1b00[0]'
[   15.427842] of_get_named_gpiod_flags: can't parse 'reset-gpio' property of node '/ocp/target-module@47400000/usb-phy@1b00[0]'
[   15.427881] am335x-phy-driver 47401b00.usb-phy: using lookup tables for GPIO lookup
[   15.427897] am335x-phy-driver 47401b00.usb-phy: No GPIO consumer reset found
[   15.427913] am335x-phy-driver 47401b00.usb-phy: using DT '/ocp/target-module@47400000/usb-phy@1b00' for 'vbus-detect' GPIO lookup
[   15.427945] of_get_named_gpiod_flags: can't parse 'vbus-detect-gpios' property of node '/ocp/target-module@47400000/usb-phy@1b00[0]'
[   15.427980] of_get_named_gpiod_flags: can't parse 'vbus-detect-gpio' property of node '/ocp/target-module@47400000/usb-phy@1b00[0]'
[   15.428008] am335x-phy-driver 47401b00.usb-phy: using lookup tables for GPIO lookup
[   15.428021] am335x-phy-driver 47401b00.usb-phy: No GPIO consumer vbus-detect found
[   15.428173] am335x-phy-driver 47401b00.usb-phy: dummy supplies not allowed for exclusive requests (id=vbus)
[   15.457366] at24 0-0050: using DT '/ocp/interconnect@44c00000/segment@200000/target-module@b000/i2c@0/baseboard_eeprom@50' for 'wp' GPIO lookup
[   15.457477] of_get_named_gpiod_flags: can't parse 'wp-gpios' property of node '/ocp/interconnect@44c00000/segment@200000/target-module@b000/i2c@0/baseboard_eeprom@50[0]'
[   15.457538] of_get_named_gpiod_flags: can't parse 'wp-gpio' property of node '/ocp/interconnect@44c00000/segment@200000/target-module@b000/i2c@0/baseboard_eeprom@50[0]'
[   15.457588] at24 0-0050: using lookup tables for GPIO lookup
[   15.457603] at24 0-0050: No GPIO consumer wp found
[   15.457898] at24 0-0050: 32768 byte 24c256 EEPROM, writable, 1 bytes/write
[   15.571970] tps6521x_pwrbutton tps65217-pwrbutton: DMA mask not set
[   15.638060] wkup_m3_ipc 44e11324.wkup_m3_ipc: IPC Request for A8->M3 Channel failed! -517
[   15.687126] input: tps65217_pwrbutton as /devices/platform/ocp/44c00000.interconnect/44c00000.interconnect:segment@200000/44e0b000.target-module/44e0b000.i2c/i2c-0/0-0024/tps65217-pwrbutton/input/input0
[   15.708584] wkup_m3_ipc 44e11324.wkup_m3_ipc: IPC Request for A8->M3 Channel failed! -517
[   15.812423] omap_rtc 44e3e000.rtc: registered as rtc0
[   15.817601] omap_rtc 44e3e000.rtc: setting system clock to 2000-01-01T00:00:00 UTC (946684800)
[   15.826475] omap_rtc 44e3e000.rtc: using DT '/ocp/interconnect@44c00000/segment@200000/target-module@3e000/rtc@0' for 'wp' GPIO lookup
[   15.826548] of_get_named_gpiod_flags: can't parse 'wp-gpios' property of node '/ocp/interconnect@44c00000/segment@200000/target-module@3e000/rtc@0[0]'
[   15.826600] of_get_named_gpiod_flags: can't parse 'wp-gpio' property of node '/ocp/interconnect@44c00000/segment@200000/target-module@3e000/rtc@0[0]'
[   15.826645] omap_rtc 44e3e000.rtc: using lookup tables for GPIO lookup
[   15.826660] omap_rtc 44e3e000.rtc: No GPIO consumer wp found
[   15.835020] wkup_m3_ipc 44e11324.wkup_m3_ipc: IPC Request for A8->M3 Channel failed! -517
[   15.920604] omap_wdt: OMAP Watchdog Timer Rev 0x01: initial timeout 60 sec
[   16.040578] wkup_m3_ipc 44e11324.wkup_m3_ipc: IPC Request for A8->M3 Channel failed! -517
[   16.404635] usbcore: registered new interface driver usbfs
[   16.410280] usbcore: registered new interface driver hub
[   16.415931] usbcore: registered new device driver usb
[   17.006865] wkup_m3_ipc 44e11324.wkup_m3_ipc: IPC Request for A8->M3 Channel failed! -517
[   17.107562] musb-hdrc musb-hdrc.1: MUSB HDRC host driver
[   17.113200] musb-hdrc musb-hdrc.1: new USB bus registered, assigned bus number 1
[   17.143471] wkup_m3_ipc 44e11324.wkup_m3_ipc: IPC Request for A8->M3 Channel failed! -517
[   17.191207] tda998x 0-0070: found TDA19988
[   17.299941] wkup_m3_ipc 44e11324.wkup_m3_ipc: IPC Request for A8->M3 Channel failed! -517
[   17.333536] usb usb1: New USB device found, idVendor=1d6b, idProduct=0002, bcdDevice= 6.12
[   17.342174] usb usb1: New USB device strings: Mfr=3, Product=2, SerialNumber=1
[   17.349448] usb usb1: Product: MUSB HDRC host driver
[   17.354545] usb usb1: Manufacturer: Linux 6.12.0-rc1-next-20241004 musb-hcd
[   17.361593] usb usb1: SerialNumber: musb-hdrc.1
[   17.440134] omap-mailbox 480c8000.mailbox: omap mailbox rev 0x400
[   17.511606] remoteproc remoteproc0: powering up wkup_m3
[   17.610190] remoteproc remoteproc0: Direct firmware load for am335x-pm-firmware.elf failed with error -2
[   17.620113] remoteproc remoteproc0: request_firmware failed: -2
[   17.626232] wkup_m3_ipc 44e11324.wkup_m3_ipc: rproc_boot failed
[   17.803137] hub 1-0:1.0: USB hub found
[   17.871695] hub 1-0:1.0: 1 port detected
[   19.359782] omap_rng 48310000.rng: Random Number Generator ver. 20
[   19.413535] tilcdc 4830e000.lcdc: bound 0-0070 (ops tda998x_driver_exit [tda998x])
[   19.520772] [drm] Initialized tilcdc 1.0.0 for 4830e000.lcdc on minor 0
[   19.613817] tilcdc 4830e000.lcdc: [drm] Cannot find any crtc or sizes
[   19.635376] tilcdc 4830e000.lcdc: [drm] Cannot find any crtc or sizes
[   20.468358] PM: Cannot get wkup_m3_ipc handle
[   20.546170] omap-sham 53100000.sham: hw accel on OMAP rev 4.3
[   20.698360] omap-sham 53100000.sham: will run requests pump with realtime priority
[   20.707236] PM: Cannot get wkup_m3_ipc handle
[   20.818756] omap-aes 53500000.aes: OMAP AES hw accel rev: 3.2
[   20.953980] omap-aes 53500000.aes: will run requests pump with realtime priority
[   20.963424] PM: Cannot get wkup_m3_ipc handle
[   24.252179] Bluetooth: Core ver 2.22
[   24.256013] NET: Registered PF_BLUETOOTH protocol family
[   24.261506] Bluetooth: HCI device and connection manager initialized
[   24.267922] Bluetooth: HCI socket layer initialized
[   24.272914] Bluetooth: L2CAP socket layer initialized
[   24.278035] Bluetooth: SCO socket layer initialized
[   24.629228] PM: Cannot get wkup_m3_ipc handle
[   24.635191] asoc-simple-card sound: using DT '/sound' for 'simple-audio-card,hp-det' GPIO lookup
[   24.635266] of_get_named_gpiod_flags: can't parse 'simple-audio-card,hp-det-gpios' property of node '/sound[0]'
[   24.635302] of_get_named_gpiod_flags: can't parse 'simple-audio-card,hp-det-gpio' property of node '/sound[0]'
[   24.635330] asoc-simple-card sound: using lookup tables for GPIO lookup
[   24.635345] asoc-simple-card sound: No GPIO consumer simple-audio-card,hp-det found
[   24.635362] asoc-simple-card sound: using DT '/sound' for 'simple-audio-card,mic-det' GPIO lookup
[   24.635388] of_get_named_gpiod_flags: can't parse 'simple-audio-card,mic-det-gpios' property of node '/sound[0]'
[   24.635414] of_get_named_gpiod_flags: can't parse 'simple-audio-card,mic-det-gpio' property of node '/sound[0]'
[   24.635435] asoc-simple-card sound: using lookup tables for GPIO lookup
[   24.635448] asoc-simple-card sound: No GPIO consumer simple-audio-card,mic-det found
[   24.752722] PM: Cannot get wkup_m3_ipc handle
[   28.689309] userial_init: registered 8 ttyGS* devices
[   28.876870] rndis_register: configNr = 0
[   28.940308] udc musb-hdrc.0: binding gadget driver [g_multi]
[   28.940410] configfs-gadget.g_multi gadget.0: adding 'rndis'/8e03e41c to config 'c'/5845b110
[   28.941861] configfs-gadget.g_multi gadget.0: HOST MAC 1c:ba:8c:a2:ed:6c
[   28.948643] configfs-gadget.g_multi gadget.0: MAC 1c:ba:8c:a2:ed:70
[   28.955080] rndis_set_param_medium: 0 0
[   28.955107] configfs-gadget.g_multi gadget.0: RNDIS: IN/ep1in OUT/ep1out NOTIFY/ep2in
[   28.955125] configfs-gadget.g_multi gadget.0: adding 'cdc_ethernet'/5b5b0dc5 to config 'c'/5845b110
[   28.956031] configfs-gadget.g_multi gadget.0: HOST MAC 1c:ba:8c:a2:ed:6c
[   28.962885] configfs-gadget.g_multi gadget.0: MAC 1c:ba:8c:a2:ed:6d
[   28.969219] configfs-gadget.g_multi gadget.0: CDC Ethernet: IN/ep3in OUT/ep2out NOTIFY/ep4in
[   28.969238] configfs-gadget.g_multi gadget.0: adding 'acm'/c6a1d561 to config 'c'/5845b110
[   28.969274] configfs-gadget.g_multi gadget.0: acm ttyGS0: IN/ep5in OUT/ep3out NOTIFY/ep6in
[   28.971885] PM: Cannot get wkup_m3_ipc handle
[   31.205583] configfs-gadget.g_multi gadget.0: eth_open
[   35.170465] gs_open: ttyGS0 (69f7e320,faf8ee22)
[   35.170624] gs_close: ttyGS0 (69f7e320,faf8ee22) ...
[   35.170650] gs_close: ttyGS0 (69f7e320,faf8ee22) done!
[   35.189845] gs_open: ttyGS0 (41c513a1,46bef7ef)
[   35.190000] gs_close: ttyGS0 (41c513a1,46bef7ef) ...
[   35.190023] gs_close: ttyGS0 (41c513a1,46bef7ef) done!
[   35.383025] gs_open: ttyGS0 (69f7e320,60a7f717)
[   35.383272] gs_close: ttyGS0 (69f7e320,60a7f717) ...
[   35.383305] gs_close: ttyGS0 (69f7e320,60a7f717) done!
[   35.388130] gs_open: ttyGS0 (69f7e320,764dc7f4)
QFMCTTQLCB 0
root@arm:~# echo 'OTHY''PEOCYE'
OTHYPEOCYE
root@arm:~# MARKER='BHKT''SWVBWH' run 'modprobe test_linear_ranges'
BHKTSWVBWHBHKTSWVBWH 0
root@arm:~# echo 'ZUUM''PVALWF'
ZUUMPVALWF
root@arm:~# MARKER='NPAS''SOOSKZ' run dmesg
NPASSOOSKZ[    0.000000] Booting Linux on physical CPU 0x0
[    0.000000] Linux version 6.12.0-rc1-next-20241004 (user01@drvtest01) (arm-linux-gnueabihf-gcc (Linaro GCC 6.4-2017.11) 6.4.1 20171012, GNU ld (Linaro_Binutils-2017.11) 2.27.0.20161229) #110 SMP Fri Oct  4 09:29:39 EEST 2024
[    0.000000] CPU: ARMv7 Processor [413fc082] revision 2 (ARMv7), cr=10c5387d
[    0.000000] CPU: PIPT / VIPT nonaliasing data cache, VIPT aliasing instruction cache
[    0.000000] OF: fdt: Machine model: TI AM335x BeagleBone Black
[    0.000000] Memory policy: Data cache writeback
[    0.000000] cma: Reserved 16 MiB at 0x9e800000 on node -1
[    0.000000] Zone ranges:
[    0.000000]   Normal   [mem 0x0000000080000000-0x000000009fdfffff]
[    0.000000]   HighMem  empty
[    0.000000] Movable zone start for each node
[    0.000000] Early memory node ranges
[    0.000000]   node   0: [mem 0x0000000080000000-0x000000009fdfffff]
[    0.000000] Initmem setup node 0 [mem 0x0000000080000000-0x000000009fdfffff]
[    0.000000] CPU: All CPU(s) started in SVC mode.
[    0.000000] AM335X ES2.1 (sgx neon)
[    0.000000] percpu: Embedded 17 pages/cpu s40268 r8192 d21172 u69632
[    0.000000] pcpu-alloc: s40268 r8192 d21172 u69632 alloc=17*4096
[    0.000000] pcpu-alloc: [0] 0 
[    0.000000] Kernel command line: console=ttyO0,115200n8 root=/dev/nfs rw nfsroot=192.168.255.126:/home/user01/nfs,nfsvers=3 ip=192.168.255.1:192.168.255.126::255.255.255.0:bbb1:eth0 nfsrootdebug
[    0.000000] Unknown kernel command line parameters "nfsrootdebug", will be passed to user space.
[    0.000000] Dentry cache hash table entries: 65536 (order: 6, 262144 bytes, linear)
[    0.000000] Inode-cache hash table entries: 32768 (order: 5, 131072 bytes, linear)
[    0.000000] Built 1 zonelists, mobility grouping on.  Total pages: 130560
[    0.000000] mem auto-init: stack:off, heap alloc:off, heap free:off
[    0.000000] SLUB: HWalign=64, Order=0-3, MinObjects=0, CPUs=1, Nodes=1
[    0.000000] trace event string verifier disabled
[    0.000000] rcu: Hierarchical RCU implementation.
[    0.000000] rcu: 	RCU event tracing is enabled.
[    0.000000] rcu: 	RCU restricting CPUs from NR_CPUS=2 to nr_cpu_ids=1.
[    0.000000] rcu: RCU calculated value of scheduler-enlistment delay is 10 jiffies.
[    0.000000] rcu: Adjusting geometry for rcu_fanout_leaf=16, nr_cpu_ids=1
[    0.000000] NR_IRQS: 16, nr_irqs: 16, preallocated irqs: 16
[    0.000000] IRQ: Found an INTC at 0x(ptrval) (revision 5.0) with 128 interrupts
[    0.000000] rcu: srcu_init: Setting srcu_struct sizes based on contention.
[    0.000000] TI gptimer clocksource: always-on /ocp/interconnect@44c00000/segment@200000/target-module@31000
[    0.000003] sched_clock: 32 bits at 24MHz, resolution 41ns, wraps every 89478484971ns
[    0.000027] clocksource: dmtimer: mask: 0xffffffff max_cycles: 0xffffffff, max_idle_ns: 79635851949 ns
[    0.000497] TI gptimer clockevent: 24000000 Hz at /ocp/interconnect@48000000/segment@0/target-module@40000
[    0.002140] Console: colour dummy device 80x30
[    0.002206] WARNING: Your 'console=ttyO0' has been replaced by 'ttyS0'
[    0.002215] This ensures that you still see kernel messages. Please
[    0.002220] update your kernel commandline.
[    0.002266] Calibrating delay loop... 996.14 BogoMIPS (lpj=4980736)
[    0.090550] CPU: Testing write buffer coherency: ok
[    0.090647] CPU0: Spectre v2: using BPIALL workaround
[    0.090660] pid_max: default: 32768 minimum: 301
[    0.090785] LSM: initializing lsm=capability
[    0.090961] Mount-cache hash table entries: 1024 (order: 0, 4096 bytes, linear)
[    0.090984] Mountpoint-cache hash table entries: 1024 (order: 0, 4096 bytes, linear)
[    0.092616] CPU0: thread -1, cpu 0, socket -1, mpidr 0
[    0.160730] Setting up static identity map for 0x80100000 - 0x80100078
[    0.170701] rcu: Hierarchical SRCU implementation.
[    0.170714] rcu: 	Max phase no-delay instances is 1000.
[    0.172549] smp: Bringing up secondary CPUs ...
[    0.172605] smp: Brought up 1 node, 1 CPU
[    0.172619] SMP: Total of 1 processors activated (996.14 BogoMIPS).
[    0.172631] CPU: All CPU(s) started in SVC mode.
[    0.172819] Memory: 480860K/522240K available (11264K kernel code, 1215K rwdata, 2876K rodata, 1024K init, 299K bss, 23368K reserved, 16384K cma-reserved, 0K highmem)
[    0.173656] devtmpfs: initialized
[    0.190361] VFP support v0.3: implementor 41 architecture 3 part 30 variant c rev 3
[    0.190901] clocksource: jiffies: mask: 0xffffffff max_cycles: 0xffffffff, max_idle_ns: 19112604462750000 ns
[    0.190941] futex hash table entries: 256 (order: 2, 16384 bytes, linear)
[    0.192201] pinctrl core: initialized pinctrl subsystem
[    0.195095] NET: Registered PF_NETLINK/PF_ROUTE protocol family
[    0.197891] DMA: preallocated 256 KiB pool for atomic coherent allocations
[    0.198792] audit: initializing netlink subsys (disabled)
[    0.200222] thermal_sys: Registered thermal governor 'fair_share'
[    0.200238] thermal_sys: Registered thermal governor 'step_wise'
[    0.200249] thermal_sys: Registered thermal governor 'user_space'
[    0.200368] audit: type=2000 audit(0.190:1): state=initialized audit_enabled=0 res=1
[    0.200445] cpuidle: using governor menu
[    0.219313] No ATAGs?
[    0.219340] hw-breakpoint: debug architecture 0x4 unsupported.
[    0.222257] kprobes: kprobe jump-optimization is enabled. All kprobes are optimized if possible.
[    0.234010] iommu: Default domain type: Translated
[    0.234033] iommu: DMA domain TLB invalidation policy: strict mode
[    0.235699] reg-fixed-voltage fixedregulator0: using DT '/fixedregulator0' for '(default)' GPIO lookup
[    0.235754] of_get_named_gpiod_flags: can't parse 'gpios' property of node '/fixedregulator0[0]'
[    0.235784] of_get_named_gpiod_flags: can't parse 'gpio' property of node '/fixedregulator0[0]'
[    0.235804] reg-fixed-voltage fixedregulator0: using lookup tables for GPIO lookup
[    0.235815] reg-fixed-voltage fixedregulator0: No GPIO consumer (default) found
[    0.241356] SCSI subsystem initialized
[    0.241849] libata version 3.00 loaded.
[    0.242211] pps_core: LinuxPPS API ver. 1 registered
[    0.242222] pps_core: Software ver. 5.3.6 - Copyright 2005-2007 Rodolfo Giometti <giometti@linux.it>
[    0.242248] PTP clock support registered
[    0.250961] vgaarb: loaded
[    0.251364] clocksource: Switched to clocksource dmtimer
[    0.252034] VFS: Disk quotas dquot_6.6.0
[    0.252081] VFS: Dquot-cache hash table entries: 1024 (order 0, 4096 bytes)
[    0.277278] NET: Registered PF_INET protocol family
[    0.277638] IP idents hash table entries: 8192 (order: 4, 65536 bytes, linear)
[    0.279040] tcp_listen_portaddr_hash hash table entries: 512 (order: 0, 4096 bytes, linear)
[    0.279079] Table-perturb hash table entries: 65536 (order: 6, 262144 bytes, linear)
[    0.279097] TCP established hash table entries: 4096 (order: 2, 16384 bytes, linear)
[    0.279141] TCP bind hash table entries: 4096 (order: 4, 65536 bytes, linear)
[    0.279241] TCP: Hash tables configured (established 4096 bind 4096)
[    0.279363] UDP hash table entries: 256 (order: 1, 8192 bytes, linear)
[    0.279392] UDP-Lite hash table entries: 256 (order: 1, 8192 bytes, linear)
[    0.279581] NET: Registered PF_UNIX/PF_LOCAL protocol family
[    0.291968] RPC: Registered named UNIX socket transport module.
[    0.291991] RPC: Registered udp transport module.
[    0.291997] RPC: Registered tcp transport module.
[    0.292002] RPC: Registered tcp-with-tls transport module.
[    0.292007] RPC: Registered tcp NFSv4.1 backchannel transport module.
[    0.292032] PCI: CLS 0 bytes, default 64
[    0.293537] Initialise system trusted keyrings
[    0.294327] workingset: timestamp_bits=14 max_order=17 bucket_order=3
[    0.295975] NFS: Registering the id_resolver key type
[    0.296057] Key type id_resolver registered
[    0.296066] Key type id_legacy registered
[    0.296117] jffs2: version 2.2. (NAND) (SUMMARY)  Â© 2001-2006 Red Hat, Inc.
[    0.296525] Key type asymmetric registered
[    0.296542] Asymmetric key parser 'x509' registered
[    0.296610] io scheduler mq-deadline registered
[    0.296621] io scheduler kyber registered
[    0.296691] io scheduler bfq registered
[    0.301579] ledtrig-cpu: registered to indicate activity on CPUs
[    0.304385] Serial: 8250/16550 driver, 6 ports, IRQ sharing enabled
[    0.354187] brd: module loaded
[    0.374392] loop: module loaded
[    0.375335] mtdoops: mtd device (mtddev=name/number) must be supplied
[    0.377089] mdio_bus fixed-0: using lookup tables for GPIO lookup
[    0.377114] mdio_bus fixed-0: No GPIO consumer reset found
[    0.378493] i2c_dev: i2c /dev entries driver
[    0.379489] cpuidle: enable-method property 'ti,am3352' found operations
[    0.379925] sdhci: Secure Digital Host Controller Interface driver
[    0.379936] sdhci: Copyright(c) Pierre Ossman
[    0.380124] sdhci-pltfm: SDHCI platform and OF driver helper
[    0.381146] Initializing XFRM netlink socket
[    0.381277] NET: Registered PF_INET6 protocol family
[    0.383409] Segment Routing with IPv6
[    0.383498] In-situ OAM (IOAM) with IPv6
[    0.383598] sit: IPv6, IPv4 and MPLS over IPv4 tunneling driver
[    0.384555] NET: Registered PF_PACKET protocol family
[    0.384591] NET: Registered PF_KEY protocol family
[    0.384721] Key type dns_resolver registered
[    0.385003] ThumbEE CPU extension supported.
[    0.385023] Registering SWP/SWPB emulation handler
[    0.385553] omap_voltage_late_init: Voltage driver support not added
[    0.385905] SmartReflex Class3 initialized
[    0.419186] Loading compiled-in X.509 certificates
[    0.474667] gpiochip_find_base_unlocked: found new base at 512
[    0.482700] platform 44e10800.pinmux: Fixed dependency cycle(s) with /ocp/interconnect@44c00000/segment@200000/target-module@10000/scm@0/pinmux@800/clkout2-pins
[    0.483258] pinctrl-single 44e10800.pinmux: 142 pins, size 568
[    0.488283] ti-sysc 44e31000.target-module: probe with driver ti-sysc failed with error -16
[    0.522405] ti-sysc 48040000.target-module: probe with driver ti-sysc failed with error -16
[    0.533541] gpiochip_find_base_unlocked: found new base at 512
[    0.533645] gpio gpiochip0: (gpio-0-31): created GPIO range 0->7 ==> 44e10800.pinmux PIN 0->7
[    0.533666] gpio gpiochip0: (gpio-0-31): created GPIO range 8->11 ==> 44e10800.pinmux PIN 90->93
[    0.533682] gpio gpiochip0: (gpio-0-31): created GPIO range 12->27 ==> 44e10800.pinmux PIN 12->27
[    0.533699] gpio gpiochip0: (gpio-0-31): created GPIO range 28->31 ==> 44e10800.pinmux PIN 30->33
[    0.585812] gpio gpiochip0: (gpio-0-31): added GPIO chardev (254:0)
[    0.585993] gpio gpiochip0: registered GPIOs 512 to 543 on gpio-0-31
[    0.586080] OMAP GPIO hardware version 0.1
[    0.612823] i2c i2c-2: using DT '/ocp/interconnect@48000000/segment@100000/target-module@9c000/i2c@0' for 'scl' GPIO lookup
[    0.612898] of_get_named_gpiod_flags: can't parse 'scl-gpios' property of node '/ocp/interconnect@48000000/segment@100000/target-module@9c000/i2c@0[0]'
[    0.612943] of_get_named_gpiod_flags: can't parse 'scl-gpio' property of node '/ocp/interconnect@48000000/segment@100000/target-module@9c000/i2c@0[0]'
[    0.612981] i2c i2c-2: using lookup tables for GPIO lookup
[    0.612992] i2c i2c-2: No GPIO consumer scl found
[    0.613014] i2c i2c-2: using DT '/ocp/interconnect@48000000/segment@100000/target-module@9c000/i2c@0' for 'sda' GPIO lookup
[    0.613051] of_get_named_gpiod_flags: can't parse 'sda-gpios' property of node '/ocp/interconnect@48000000/segment@100000/target-module@9c000/i2c@0[0]'
[    0.613090] of_get_named_gpiod_flags: can't parse 'sda-gpio' property of node '/ocp/interconnect@48000000/segment@100000/target-module@9c000/i2c@0[0]'
[    0.613123] i2c i2c-2: using lookup tables for GPIO lookup
[    0.613131] i2c i2c-2: No GPIO consumer sda found
[    0.613853] omap_i2c 4819c000.i2c: bus 2 rev0.11 at 100 kHz
[    0.619145] gpiochip_find_base_unlocked: found new base at 544
[    0.619250] gpio gpiochip1: (gpio-32-63): created GPIO range 0->17 ==> 44e10800.pinmux PIN 34->51
[    0.619270] gpio gpiochip1: (gpio-32-63): created GPIO range 18->21 ==> 44e10800.pinmux PIN 77->80
[    0.619286] gpio gpiochip1: (gpio-32-63): created GPIO range 22->31 ==> 44e10800.pinmux PIN 56->65
[    0.620047] gpio gpiochip1: (gpio-32-63): added GPIO chardev (254:1)
[    0.620179] gpio gpiochip1: registered GPIOs 544 to 575 on gpio-32-63
[    0.622497] gpiochip_find_base_unlocked: found new base at 576
[    0.622594] gpio gpiochip2: (gpio-64-95): created GPIO range 0->4 ==> 44e10800.pinmux PIN 66->70
[    0.622614] gpio gpiochip2: (gpio-64-95): created GPIO range 5->6 ==> 44e10800.pinmux PIN 98->99
[    0.622629] gpio gpiochip2: (gpio-64-95): created GPIO range 7->8 ==> 44e10800.pinmux PIN 75->76
[    0.622644] gpio gpiochip2: (gpio-64-95): created GPIO range 13->13 ==> 44e10800.pinmux PIN 141->141
[    0.622661] gpio gpiochip2: (gpio-64-95): created GPIO range 14->21 ==> 44e10800.pinmux PIN 100->107
[    0.623493] gpio gpiochip2: (gpio-64-95): added GPIO chardev (254:2)
[    0.623633] gpio gpiochip2: registered GPIOs 576 to 607 on gpio-64-95
[    0.629032] 48000000.interconnect:segment@200000:target-module@0:mpu@0:fck: device ID is greater than 24
[    0.633523] platform 4830e000.lcdc: Fixed dependency cycle(s) with /ocp/interconnect@44c00000/segment@200000/target-module@b000/i2c@0/tda19988@70
[    0.642924] mdio_bus 4a101000.mdio: using DT '/ocp/interconnect@4a000000/segment@0/target-module@100000/switch@0/mdio@1000' for 'reset' GPIO lookup
[    0.642998] of_get_named_gpiod_flags: can't parse 'reset-gpios' property of node '/ocp/interconnect@4a000000/segment@0/target-module@100000/switch@0/mdio@1000[0]'
[    0.643049] of_get_named_gpiod_flags: can't parse 'reset-gpio' property of node '/ocp/interconnect@4a000000/segment@0/target-module@100000/switch@0/mdio@1000[0]'
[    0.643100] mdio_bus 4a101000.mdio: using lookup tables for GPIO lookup
[    0.643111] mdio_bus 4a101000.mdio: No GPIO consumer reset found
[    0.644092] sdhci-omap 481d8000.mmc: using DT '/ocp/interconnect@48000000/segment@100000/target-module@d8000/mmc@0' for 'wp' GPIO lookup
[    0.644156] of_get_named_gpiod_flags: can't parse 'wp-gpios' property of node '/ocp/interconnect@48000000/segment@100000/target-module@d8000/mmc@0[0]'
[    0.644201] of_get_named_gpiod_flags: can't parse 'wp-gpio' property of node '/ocp/interconnect@48000000/segment@100000/target-module@d8000/mmc@0[0]'
[    0.644239] sdhci-omap 481d8000.mmc: using lookup tables for GPIO lookup
[    0.644249] sdhci-omap 481d8000.mmc: No GPIO consumer wp found
[    0.644439] sdhci-omap 481d8000.mmc: supply pbias not found, using dummy regulator
[    0.644949] sdhci-omap 481d8000.mmc: supply vqmmc not found, using dummy regulator
[    0.708208] davinci_mdio 4a101000.mdio: davinci mdio revision 1.6, bus freq 1000000
[    0.725650] mdio_bus 4a101000.mdio:00: using DT '/ocp/interconnect@4a000000/segment@0/target-module@100000/switch@0/mdio@1000/ethernet-phy@0' for 'reset' GPIO lookup
[    0.725755] of_get_named_gpiod_flags: parsed 'reset-gpios' property of node '/ocp/interconnect@4a000000/segment@0/target-module@100000/switch@0/mdio@1000/ethernet-phy@0[0]' - status (0)
[    0.725924] gpio gpiochip0: Persistence not supported for GPIO 8
[    0.831903] davinci_mdio 4a101000.mdio: phy[0]: device 4a101000.mdio:00, driver SMSC LAN8710/LAN8720
[    0.832711] cpsw-switch 4a100000.switch: initialized cpsw ale version 1.4
[    0.832735] cpsw-switch 4a100000.switch: ALE Table size 1024, Policers 0
[    0.832879] cpsw-switch 4a100000.switch: cpts: overflow check period 500 (jiffies)
[    0.832897] cpsw-switch 4a100000.switch: CPTS: ref_clk_freq:250000000 calc_mult:2147483648 calc_shift:29 error:0 nsec/sec
[    0.833001] cpsw-switch 4a100000.switch: Detected MACID = 6c:ec:eb:68:de:78
[    0.834841] cpsw-switch 4a100000.switch: initialized (regs 0x4a100000, pool size 256) hw_ver:0019010C 1.12 (0)
[    0.845896] debugfs: Directory '49000000.dma' with parent 'dmaengine' already present!
[    0.845938] edma 49000000.dma: TI EDMA DMA engine driver
[    0.865022] target-module@4b000000:target-module@140000:pmu@0:fck: device ID is greater than 24
[    0.886392] hw perfevents: enabled with armv7_cortex_a8 PMU driver, 5 (8000000f) counters available
[    0.887350] gpio-clk clk_mcasp0: using DT '/clk_mcasp0' for 'enable' GPIO lookup
[    0.887419] of_get_named_gpiod_flags: parsed 'enable-gpios' property of node '/clk_mcasp0[0]' - status (0)
[    0.887464] gpio gpiochip0: Persistence not supported for GPIO 27
[    0.888270] gpiochip_find_base_unlocked: found new base at 608
[    0.888400] gpio gpiochip3: (gpio-96-127): created GPIO range 0->7 ==> 44e10800.pinmux PIN 82->89
[    0.888420] gpio gpiochip3: (gpio-96-127): created GPIO range 8->11 ==> 44e10800.pinmux PIN 52->55
[    0.888436] gpio gpiochip3: (gpio-96-127): created GPIO range 12->15 ==> 44e10800.pinmux PIN 94->97
[    0.888451] gpio gpiochip3: (gpio-96-127): created GPIO range 16->17 ==> 44e10800.pinmux PIN 71->72
[    0.888467] gpio gpiochip3: (gpio-96-127): created GPIO range 18->18 ==> 44e10800.pinmux PIN 135->135
[    0.888483] gpio gpiochip3: (gpio-96-127): created GPIO range 19->20 ==> 44e10800.pinmux PIN 108->109
[    0.888500] gpio gpiochip3: (gpio-96-127): created GPIO range 21->21 ==> 44e10800.pinmux PIN 73->73
[    0.888517] gpio gpiochip3: (gpio-96-127): created GPIO range 22->23 ==> 44e10800.pinmux PIN 8->9
[    0.888533] gpio gpiochip3: (gpio-96-127): created GPIO range 26->27 ==> 44e10800.pinmux PIN 10->11
[    0.888551] gpio gpiochip3: (gpio-96-127): created GPIO range 28->28 ==> 44e10800.pinmux PIN 74->74
[    0.888568] gpio gpiochip3: (gpio-96-127): created GPIO range 29->29 ==> 44e10800.pinmux PIN 81->81
[    0.888587] gpio gpiochip3: (gpio-96-127): created GPIO range 30->31 ==> 44e10800.pinmux PIN 28->29
[    0.894117] l3-aon-clkctrl:0000:0: failed to disable
[    0.894477] gpio gpiochip3: (gpio-96-127): added GPIO chardev (254:3)
[    0.894620] gpio gpiochip3: registered GPIOs 608 to 639 on gpio-96-127
[    0.896352] omap8250 44e09000.serial: using DT '/ocp/interconnect@44c00000/segment@200000/target-module@9000/serial@0' for 'rs485-term' GPIO lookup
[    0.896424] of_get_named_gpiod_flags: can't parse 'rs485-term-gpios' property of node '/ocp/interconnect@44c00000/segment@200000/target-module@9000/serial@0[0]'
[    0.896469] of_get_named_gpiod_flags: can't parse 'rs485-term-gpio' property of node '/ocp/interconnect@44c00000/segment@200000/target-module@9000/serial@0[0]'
[    0.896508] omap8250 44e09000.serial: using lookup tables for GPIO lookup
[    0.896518] omap8250 44e09000.serial: No GPIO consumer rs485-term found
[    0.896528] omap8250 44e09000.serial: using DT '/ocp/interconnect@44c00000/segment@200000/target-module@9000/serial@0' for 'rs485-rx-during-tx' GPIO lookup
[    0.896566] of_get_named_gpiod_flags: can't parse 'rs485-rx-during-tx-gpios' property of node '/ocp/interconnect@44c00000/segment@200000/target-module@9000/serial@0[0]'
[    0.896606] of_get_named_gpiod_flags: can't parse 'rs485-rx-during-tx-gpio' property of node '/ocp/interconnect@44c00000/segment@200000/target-module@9000/serial@0[0]'
[    0.896640] omap8250 44e09000.serial: using lookup tables for GPIO lookup
[    0.896648] omap8250 44e09000.serial: No GPIO consumer rs485-rx-during-tx found
[    0.897058] 44e09000.serial: ttyS0 at MMIO 0x44e09000 (irq = 34, base_baud = 3000000) is a 8250
[    0.897147] printk: legacy console [ttyS0] enabled
[    2.237128] i2c i2c-0: using DT '/ocp/interconnect@44c00000/segment@200000/target-module@b000/i2c@0' for 'scl' GPIO lookup
[    2.237218] of_get_named_gpiod_flags: can't parse 'scl-gpios' property of node '/ocp/interconnect@44c00000/segment@200000/target-module@b000/i2c@0[0]'
[    2.237269] of_get_named_gpiod_flags: can't parse 'scl-gpio' property of node '/ocp/interconnect@44c00000/segment@200000/target-module@b000/i2c@0[0]'
[    2.237311] i2c i2c-0: using lookup tables for GPIO lookup
[    2.237326] i2c i2c-0: No GPIO consumer scl found
[    2.237352] i2c i2c-0: using DT '/ocp/interconnect@44c00000/segment@200000/target-module@b000/i2c@0' for 'sda' GPIO lookup
[    2.237394] of_get_named_gpiod_flags: can't parse 'sda-gpios' property of node '/ocp/interconnect@44c00000/segment@200000/target-module@b000/i2c@0[0]'
[    2.237438] of_get_named_gpiod_flags: can't parse 'sda-gpio' property of node '/ocp/interconnect@44c00000/segment@200000/target-module@b000/i2c@0[0]'
[    2.237475] i2c i2c-0: using lookup tables for GPIO lookup
[    2.237487] i2c i2c-0: No GPIO consumer sda found
[    2.252349] tps65217-pmic: Failed to locate of_node [id: -1]
[    2.258410] tps65217-bl: Failed to locate of_node [id: -1]
[    2.269827] tps65217 0-0024: TPS65217 ID 0xe version 1.2
[    2.275972] platform 4830e000.lcdc: Fixed dependency cycle(s) with /ocp/interconnect@44c00000/segment@200000/target-module@b000/i2c@0/tda19988@70
[    2.289401] i2c 0-0070: Fixed dependency cycle(s) with /ocp/interconnect@48000000/segment@300000/target-module@e000/lcdc@0
[    2.300816] omap_i2c 44e0b000.i2c: bus 0 rev0.11 at 400 kHz
[    2.308411] sdhci-omap 48060000.mmc: using DT '/ocp/interconnect@48000000/segment@0/target-module@60000/mmc@0' for 'cd' GPIO lookup
[    2.308523] of_get_named_gpiod_flags: parsed 'cd-gpios' property of node '/ocp/interconnect@48000000/segment@0/target-module@60000/mmc@0[0]' - status (0)
[    2.308590] gpio gpiochip3: Persistence not supported for GPIO 6
[    2.308616] omap_gpio 44e07000.gpio: Could not set line 6 debounce to 200000 microseconds (-22)
[    2.317511] sdhci-omap 48060000.mmc: Got CD GPIO
[    2.322199] sdhci-omap 48060000.mmc: using DT '/ocp/interconnect@48000000/segment@0/target-module@60000/mmc@0' for 'wp' GPIO lookup
[    2.322251] of_get_named_gpiod_flags: can't parse 'wp-gpios' property of node '/ocp/interconnect@48000000/segment@0/target-module@60000/mmc@0[0]'
[    2.322297] of_get_named_gpiod_flags: can't parse 'wp-gpio' property of node '/ocp/interconnect@48000000/segment@0/target-module@60000/mmc@0[0]'
[    2.322339] sdhci-omap 48060000.mmc: using lookup tables for GPIO lookup
[    2.322354] sdhci-omap 48060000.mmc: No GPIO consumer wp found
[    2.322566] sdhci-omap 48060000.mmc: supply pbias not found, using dummy regulator
[    2.331250] sdhci-omap 481d8000.mmc: using DT '/ocp/interconnect@48000000/segment@100000/target-module@d8000/mmc@0' for 'wp' GPIO lookup
[    2.331440] of_get_named_gpiod_flags: can't parse 'wp-gpios' property of node '/ocp/interconnect@48000000/segment@100000/target-module@d8000/mmc@0[0]'
[    2.331501] of_get_named_gpiod_flags: can't parse 'wp-gpio' property of node '/ocp/interconnect@48000000/segment@100000/target-module@d8000/mmc@0[0]'
[    2.331544] sdhci-omap 481d8000.mmc: using lookup tables for GPIO lookup
[    2.331559] sdhci-omap 481d8000.mmc: No GPIO consumer wp found
[    2.332922] sdhci-omap 48060000.mmc: supply vqmmc not found, using dummy regulator
[    2.342018] sdhci-omap 481d8000.mmc: supply pbias not found, using dummy regulator
[    2.350030] sdhci-omap 481d8000.mmc: supply vqmmc not found, using dummy regulator
[    2.388818] mmc1: SDHCI controller on 481d8000.mmc [481d8000.mmc] using External DMA
[    2.398040] mmc0: SDHCI controller on 48060000.mmc [48060000.mmc] using External DMA
[    2.406805] cpsw-switch 4a100000.switch: starting ndev. mode: dual_mac
[    2.450568] mmc0: new high speed SDHC card at address 5048
[    2.457821] mmcblk0: mmc0:5048 SD16G 14.4 GiB
[    2.465987]  mmcblk0: p1 p2
[    2.469380] mmcblk0: p2 size 31221760 extends beyond EOD, truncated
[    2.482642] SMSC LAN8710/LAN8720 4a101000.mdio:00: attached PHY driver (mii_bus:phy_addr=4a101000.mdio:00, irq=POLL)
[    2.495384] mmc1: new high speed MMC card at address 0001
[    2.502330] mmcblk1: mmc1:0001 MMC04G 3.60 GiB
[    2.514013]  mmcblk1: p1 p2
[    2.518296] mmcblk1boot0: mmc1:0001 MMC04G 2.00 MiB
[    2.525506] mmcblk1boot1: mmc1:0001 MMC04G 2.00 MiB
[    2.532949] mmcblk1rpmb: mmc1:0001 MMC04G 128 KiB, chardev (250:0)
[    5.682154] cpsw-switch 4a100000.switch eth0: Link is Up - 100Mbps/Full - flow control off
[    5.711389] IP-Config: Complete:
[    5.714663]      device=eth0, hwaddr=6c:ec:eb:68:de:78, ipaddr=192.168.255.1, mask=255.255.255.0, gw=255.255.255.255
[    5.725313]      host=bbb1, domain=, nis-domain=(none)
[    5.730483]      bootserver=192.168.255.126, rootserver=192.168.255.126, rootpath=
[    5.730910] clk: Disabling unused clocks
[    5.742770] PM: genpd: Disabling unused power domains
[    5.747889] KTAP version 1
[    5.750610] 1..0
[    5.797602] VFS: Mounted root (nfs filesystem) on device 0:17.
[    5.804984] devtmpfs: mounted
[    5.809657] Freeing unused kernel image (initmem) memory: 1024K
[    5.816466] Run /sbin/init as init process
[    5.820599]   with arguments:
[    5.820612]     /sbin/init
[    5.820622]     nfsrootdebug
[    5.820631]   with environment:
[    5.820640]     HOME=/
[    5.820649]     TERM=linux
[    6.583938] systemd[1]: System time before build time, advancing clock.
[    8.051389] random: crng init done
[    8.091842] systemd[1]: systemd 232 running in system mode. (+PAM +AUDIT +SELINUX +IMA +APPARMOR +SMACK +SYSVINIT +UTMP +LIBCRYPTSETUP +GCRYPT +GNUTLS +ACL +XZ +LZ4 +SECCOMP +BLKID +ELFUTILS +KMOD +IDN)
[    8.110943] systemd[1]: Detected architecture arm.
[    8.144859] systemd[1]: Set hostname to <arm>.
[    9.270688] systemd[1]: Listening on udev Kernel Socket.
[    9.293536] systemd[1]: Listening on Journal Socket.
[    9.321831] systemd[1]: Reached target Remote File Systems.
[    9.352276] systemd[1]: Started Forward Password Requests to Wall Directory Watch.
[    9.381709] systemd[1]: Reached target Swap.
[    9.402013] systemd[1]: Listening on Syslog Socket.
[    9.432899] systemd[1]: Created slice User and Session Slice.
[   11.747161] systemd-journald[88]: Received request to flush runtime journal from PID 1
[   14.219086] leds-gpio leds: using DT '/leds/led2' for '(default)' GPIO lookup
[   14.219191] of_get_named_gpiod_flags: parsed 'gpios' property of node '/leds/led2[0]' - status (0)
[   14.219249] gpio gpiochip0: Persistence not supported for GPIO 21
[   14.219265] gpio-533 (?): no flags found for GPIO (default)
[   14.251703] leds-gpio leds: using DT '/leds/led3' for '(default)' GPIO lookup
[   14.251814] of_get_named_gpiod_flags: parsed 'gpios' property of node '/leds/led3[0]' - status (0)
[   14.251873] gpio gpiochip0: Persistence not supported for GPIO 22
[   14.251889] gpio-534 (?): no flags found for GPIO (default)
[   14.290788] leds-gpio leds: using DT '/leds/led4' for '(default)' GPIO lookup
[   14.290890] of_get_named_gpiod_flags: parsed 'gpios' property of node '/leds/led4[0]' - status (0)
[   14.290944] gpio gpiochip0: Persistence not supported for GPIO 23
[   14.290959] gpio-535 (?): no flags found for GPIO (default)
[   14.308268] leds-gpio leds: using DT '/leds/led5' for '(default)' GPIO lookup
[   14.308368] of_get_named_gpiod_flags: parsed 'gpios' property of node '/leds/led5[0]' - status (0)
[   14.308421] gpio gpiochip0: Persistence not supported for GPIO 24
[   14.308437] gpio-536 (?): no flags found for GPIO (default)
[   14.884673] remoteproc remoteproc0: wkup_m3 is available
[   14.956449] am335x-phy-driver 47401300.usb-phy: using DT '/ocp/target-module@47400000/usb-phy@1300' for 'reset' GPIO lookup
[   14.956546] of_get_named_gpiod_flags: can't parse 'reset-gpios' property of node '/ocp/target-module@47400000/usb-phy@1300[0]'
[   14.956594] of_get_named_gpiod_flags: can't parse 'reset-gpio' property of node '/ocp/target-module@47400000/usb-phy@1300[0]'
[   14.956634] am335x-phy-driver 47401300.usb-phy: using lookup tables for GPIO lookup
[   14.956650] am335x-phy-driver 47401300.usb-phy: No GPIO consumer reset found
[   14.956665] am335x-phy-driver 47401300.usb-phy: using DT '/ocp/target-module@47400000/usb-phy@1300' for 'vbus-detect' GPIO lookup
[   14.956699] of_get_named_gpiod_flags: can't parse 'vbus-detect-gpios' property of node '/ocp/target-module@47400000/usb-phy@1300[0]'
[   14.956732] of_get_named_gpiod_flags: can't parse 'vbus-detect-gpio' property of node '/ocp/target-module@47400000/usb-phy@1300[0]'
[   14.956761] am335x-phy-driver 47401300.usb-phy: using lookup tables for GPIO lookup
[   14.956774] am335x-phy-driver 47401300.usb-phy: No GPIO consumer vbus-detect found
[   14.956925] am335x-phy-driver 47401300.usb-phy: dummy supplies not allowed for exclusive requests (id=vbus)
[   15.045012] at24 2-0054: supply vcc not found, using dummy regulator
[   15.196497] at24 2-0055: supply vcc not found, using dummy regulator
[   15.291237] at24 2-0056: supply vcc not found, using dummy regulator
[   15.393091] at24 2-0057: supply vcc not found, using dummy regulator
[   15.427703] am335x-phy-driver 47401b00.usb-phy: using DT '/ocp/target-module@47400000/usb-phy@1b00' for 'reset' GPIO lookup
[   15.427796] of_get_named_gpiod_flags: can't parse 'reset-gpios' property of node '/ocp/target-module@47400000/usb-phy@1b00[0]'
[   15.427842] of_get_named_gpiod_flags: can't parse 'reset-gpio' property of node '/ocp/target-module@47400000/usb-phy@1b00[0]'
[   15.427881] am335x-phy-driver 47401b00.usb-phy: using lookup tables for GPIO lookup
[   15.427897] am335x-phy-driver 47401b00.usb-phy: No GPIO consumer reset found
[   15.427913] am335x-phy-driver 47401b00.usb-phy: using DT '/ocp/target-module@47400000/usb-phy@1b00' for 'vbus-detect' GPIO lookup
[   15.427945] of_get_named_gpiod_flags: can't parse 'vbus-detect-gpios' property of node '/ocp/target-module@47400000/usb-phy@1b00[0]'
[   15.427980] of_get_named_gpiod_flags: can't parse 'vbus-detect-gpio' property of node '/ocp/target-module@47400000/usb-phy@1b00[0]'
[   15.428008] am335x-phy-driver 47401b00.usb-phy: using lookup tables for GPIO lookup
[   15.428021] am335x-phy-driver 47401b00.usb-phy: No GPIO consumer vbus-detect found
[   15.428173] am335x-phy-driver 47401b00.usb-phy: dummy supplies not allowed for exclusive requests (id=vbus)
[   15.457366] at24 0-0050: using DT '/ocp/interconnect@44c00000/segment@200000/target-module@b000/i2c@0/baseboard_eeprom@50' for 'wp' GPIO lookup
[   15.457477] of_get_named_gpiod_flags: can't parse 'wp-gpios' property of node '/ocp/interconnect@44c00000/segment@200000/target-module@b000/i2c@0/baseboard_eeprom@50[0]'
[   15.457538] of_get_named_gpiod_flags: can't parse 'wp-gpio' property of node '/ocp/interconnect@44c00000/segment@200000/target-module@b000/i2c@0/baseboard_eeprom@50[0]'
[   15.457588] at24 0-0050: using lookup tables for GPIO lookup
[   15.457603] at24 0-0050: No GPIO consumer wp found
[   15.457898] at24 0-0050: 32768 byte 24c256 EEPROM, writable, 1 bytes/write
[   15.571970] tps6521x_pwrbutton tps65217-pwrbutton: DMA mask not set
[   15.638060] wkup_m3_ipc 44e11324.wkup_m3_ipc: IPC Request for A8->M3 Channel failed! -517
[   15.687126] input: tps65217_pwrbutton as /devices/platform/ocp/44c00000.interconnect/44c00000.interconnect:segment@200000/44e0b000.target-module/44e0b000.i2c/i2c-0/0-0024/tps65217-pwrbutton/input/input0
[   15.708584] wkup_m3_ipc 44e11324.wkup_m3_ipc: IPC Request for A8->M3 Channel failed! -517
[   15.812423] omap_rtc 44e3e000.rtc: registered as rtc0
[   15.817601] omap_rtc 44e3e000.rtc: setting system clock to 2000-01-01T00:00:00 UTC (946684800)
[   15.826475] omap_rtc 44e3e000.rtc: using DT '/ocp/interconnect@44c00000/segment@200000/target-module@3e000/rtc@0' for 'wp' GPIO lookup
[   15.826548] of_get_named_gpiod_flags: can't parse 'wp-gpios' property of node '/ocp/interconnect@44c00000/segment@200000/target-module@3e000/rtc@0[0]'
[   15.826600] of_get_named_gpiod_flags: can't parse 'wp-gpio' property of node '/ocp/interconnect@44c00000/segment@200000/target-module@3e000/rtc@0[0]'
[   15.826645] omap_rtc 44e3e000.rtc: using lookup tables for GPIO lookup
[   15.826660] omap_rtc 44e3e000.rtc: No GPIO consumer wp found
[   15.835020] wkup_m3_ipc 44e11324.wkup_m3_ipc: IPC Request for A8->M3 Channel failed! -517
[   15.920604] omap_wdt: OMAP Watchdog Timer Rev 0x01: initial timeout 60 sec
[   16.040578] wkup_m3_ipc 44e11324.wkup_m3_ipc: IPC Request for A8->M3 Channel failed! -517
[   16.404635] usbcore: registered new interface driver usbfs
[   16.410280] usbcore: registered new interface driver hub
[   16.415931] usbcore: registered new device driver usb
[   17.006865] wkup_m3_ipc 44e11324.wkup_m3_ipc: IPC Request for A8->M3 Channel failed! -517
[   17.107562] musb-hdrc musb-hdrc.1: MUSB HDRC host driver
[   17.113200] musb-hdrc musb-hdrc.1: new USB bus registered, assigned bus number 1
[   17.143471] wkup_m3_ipc 44e11324.wkup_m3_ipc: IPC Request for A8->M3 Channel failed! -517
[   17.191207] tda998x 0-0070: found TDA19988
