Labgrid Console Logfile for main
Logfile started at 2025-02-19 09:28:30.369473
=== Log starts here ===
ready
DRAM:  512 MiB
NAND:  0 MiB
MMC:   OMAP SD/MMC: 0, OMAP SD/MMC: 1
*** Warning - readenv() failed, using default environment

Net:   <ethaddr> not set. Validating first E-fuse MAC
cpsw, usb_ether
Hit any key to stop autoboot:  1  0 
gpio: pin 53 (gpio 53) value is 1
mmc0 is current device
gpio: pin 54 (gpio 54) value is 1
SD/MMC found on device 0
reading uEnv.txt
569 bytes read in 3 ms (184.6 KiB/s)
gpio: pin 55 (gpio 55) value is 1
Loaded environment from uEnv.txt
Importing environment from mmc ...
Checking if uenvcmd is set ...
gpio: pin 56 (gpio 56) value is 1
Running uenvcmd ...
cpsw Waiting for PHY auto negotiation to complete. done
link up on port 0, speed 100, full duplex
Using cpsw device
TFTP from server 192.168.255.126; our IP address is 192.168.255.1
Filename 'zImage'.
Load address: 0x81000000
Loading: *#################################################################
	 #################################################################
	 #################################################################
	 #################################################################
	 #################################################################
	 #####################################################
	 2.4 MiB/s
done
Bytes transferred = 5547264 (54a500 hex)
link up on port 0, speed 100, full duplex
Using cpsw device
TFTP from server 192.168.255.126; our IP address is 192.168.255.1
Filename 'am335x-boneblack.dtb'.
Load address: 0x82000000
Loading: *#######
	 1.4 MiB/s
done
Bytes transferred = 98244 (17fc4 hex)
Kernel image @ 0x81000000 [ 0x000000 - 0x54a500 ]
## Flattened Device Tree blob at 82000000
   Booting using the fdt blob at 0x82000000
   Using Device Tree in place at 82000000, end 8201afc3

Starting kernel ...

[    0.000000] Booting Linux on physical CPU 0x0
[    0.000000] Linux version 6.14.0-rc3-next-20250219 (user01@drvtest01) (arm-none-eabi-gcc (Arm GNU Toolchain 14.2.Rel1 (Build arm-14.52)) 14.2.1 20241119, GNU ld (Arm GNU Toolchain 14.2.Rel1 (Build arm-14.52)) 2.43.1.20241119) #1 SMP Wed Feb 19 09:27:09 EET 2025
[    0.000000] CPU: ARMv7 Processor [413fc082] revision 2 (ARMv7), cr=10c5387d
[    0.000000] CPU: PIPT / VIPT nonaliasing data cache, VIPT aliasing instruction cache
[    0.000000] OF: fdt: Machine model: TI AM335x BeagleBone Black
[    0.000000] Memory policy: Data cache writeback
[    0.000000] cma: Reserved 16 MiB at 0x9e800000 on node -1
[    0.000000] Zone ranges:
[    0.000000]   Normal   [mem 0x0000000080000000-0x000000009fdfffff]
[    0.000000]   HighMem  empty
[    0.000000] Movable zone start for each node
[    0.000000] Early memory node ranges
[    0.000000]   node   0: [mem 0x0000000080000000-0x000000009fdfffff]
[    0.000000] Initmem setup node 0 [mem 0x0000000080000000-0x000000009fdfffff]
[    0.000000] OF: reserved mem: Reserved memory: No reserved-memory node in the DT
[    0.000000] CPU: All CPU(s) started in SVC mode.
[    0.000000] AM335X ES2.1 (sgx neon)
[    0.000000] percpu: Embedded 17 pages/cpu s39628 r8192 d21812 u69632
[    0.000000] Kernel command line: console=ttyO0,115200n8 root=/dev/nfs rw nfsroot=192.168.255.126:/home/user01/nfs,nfsvers=3 ip=192.168.255.1:192.168.255.126::255.255.255.0:bbb1:eth0 nfsrootdebug
[    0.000000] Unknown kernel command line parameters "nfsrootdebug", will be passed to user space.
[    0.000000] printk: log buffer data + meta data: 65536 + 204800 = 270336 bytes
[    0.000000] Dentry cache hash table entries: 65536 (order: 6, 262144 bytes, linear)
[    0.000000] Inode-cache hash table entries: 32768 (order: 5, 131072 bytes, linear)
[    0.000000] Built 1 zonelists, mobility grouping on.  Total pages: 130560
[    0.000000] mem auto-init: stack:off, heap alloc:off, heap free:off
[    0.000000] SLUB: HWalign=16, Order=0-3, MinObjects=0, CPUs=1, Nodes=1
[    0.000000] rcu: Hierarchical RCU implementation.
[    0.000000] rcu: 	RCU event tracing is enabled.
[    0.000000] rcu: 	RCU restricting CPUs from NR_CPUS=2 to nr_cpu_ids=1.
[    0.000000] 	Tracing variant of Tasks RCU enabled.
[    0.000000] rcu: RCU calculated value of scheduler-enlistment delay is 10 jiffies.
[    0.000000] rcu: Adjusting geometry for rcu_fanout_leaf=16, nr_cpu_ids=1
[    0.000000] RCU Tasks Trace: Setting shift to 0 and lim to 1 rcu_task_cb_adjust=1 rcu_task_cpu_ids=1.
[    0.000000] NR_IRQS: 16, nr_irqs: 16, preallocated irqs: 16
[    0.000000] IRQ: Found an INTC at 0x(ptrval) (revision 5.0) with 128 interrupts
[    0.000000] rcu: srcu_init: Setting srcu_struct sizes based on contention.
[    0.000000] TI gptimer clocksource: always-on /ocp/interconnect@44c00000/segment@200000/target-module@31000
[    0.000003] sched_clock: 32 bits at 24MHz, resolution 41ns, wraps every 89478484971ns
[    0.000025] clocksource: dmtimer: mask: 0xffffffff max_cycles: 0xffffffff, max_idle_ns: 79635851949 ns
[    0.000496] TI gptimer clockevent: 24000000 Hz at /ocp/interconnect@48000000/segment@0/target-module@40000
[    0.002124] Console: colour dummy device 80x30
[    0.002188] WARNING: Your 'console=ttyO0' has been replaced by 'ttyS0'
[    0.002196] This ensures that you still see kernel messages. Please
[    0.002200] update your kernel commandline.
[    0.002242] Calibrating delay loop... 996.14 BogoMIPS (lpj=4980736)
[    0.090540] CPU: Testing write buffer coherency: ok
[    0.090661] CPU0: Spectre v2: using BPIALL workaround
[    0.090671] pid_max: default: 32768 minimum: 301
[    0.090825] LSM: initializing lsm=capability
[    0.090997] Mount-cache hash table entries: 1024 (order: 0, 4096 bytes, linear)
[    0.091015] Mountpoint-cache hash table entries: 1024 (order: 0, 4096 bytes, linear)
[    0.092606] CPU0: thread -1, cpu 0, socket -1, mpidr 0
[    0.092663] cacheinfo: Unable to detect cache hierarchy for CPU 0
[    0.160734] Setting up static identity map for 0x80100000 - 0x80100078
[    0.170693] rcu: Hierarchical SRCU implementation.
[    0.170705] rcu: 	Max phase no-delay instances is 1000.
[    0.190740] smp: Bringing up secondary CPUs ...
[    0.190798] smp: Brought up 1 node, 1 CPU
[    0.190811] SMP: Total of 1 processors activated (996.14 BogoMIPS).
[    0.190823] CPU: All CPU(s) started in SVC mode.
[    0.191012] Memory: 480832K/522240K available (11264K kernel code, 1214K rwdata, 2896K rodata, 1024K init, 287K bss, 23380K reserved, 16384K cma-reserved, 0K highmem)
[    0.191845] devtmpfs: initialized
[    0.209179] VFP support v0.3: implementor 41 architecture 3 part 30 variant c rev 3
[    0.209819] clocksource: jiffies: mask: 0xffffffff max_cycles: 0xffffffff, max_idle_ns: 19112604462750000 ns
[    0.209860] futex hash table entries: 256 (order: 2, 16384 bytes, linear)
[    0.211412] pinctrl core: initialized pinctrl subsystem
[    0.214213] NET: Registered PF_NETLINK/PF_ROUTE protocol family
[    0.216973] DMA: preallocated 256 KiB pool for atomic coherent allocations
[    0.217907] audit: initializing netlink subsys (disabled)
[    0.219262] thermal_sys: Registered thermal governor 'fair_share'
[    0.219277] thermal_sys: Registered thermal governor 'step_wise'
[    0.219287] thermal_sys: Registered thermal governor 'user_space'
[    0.219433] audit: type=2000 audit(0.210:1): state=initialized audit_enabled=0 res=1
[    0.219469] cpuidle: using governor menu
[    0.237353] /ocp/interconnect@44c00000/segment@200000/target-module@b000/i2c@0/tda19988@70: Fixed dependency cycle(s) with /ocp/interconnect@48000000/segment@300000/target-module@e000/lcdc@0
[    0.238451] /ocp/interconnect@48000000/segment@300000/target-module@e000/lcdc@0: Fixed dependency cycle(s) with /ocp/interconnect@44c00000/segment@200000/target-module@b000/i2c@0/tda19988@70
[    0.240790] No ATAGs?
[    0.240835] hw-breakpoint: debug architecture 0x4 unsupported.
[    0.243589] kprobes: kprobe jump-optimization is enabled. All kprobes are optimized if possible.
[    0.254077] iommu: Default domain type: Translated
[    0.254099] iommu: DMA domain TLB invalidation policy: strict mode
[    0.262383] SCSI subsystem initialized
[    0.263228] pps_core: LinuxPPS API ver. 1 registered
[    0.263239] pps_core: Software ver. 5.3.6 - Copyright 2005-2007 Rodolfo Giometti <giometti@linux.it>
[    0.263264] PTP clock support registered
[    0.270828] vgaarb: loaded
[    0.271187] clocksource: Switched to clocksource dmtimer
[    0.271856] VFS: Disk quotas dquot_6.6.0
[    0.271914] VFS: Dquot-cache hash table entries: 1024 (order 0, 4096 bytes)
[    0.295840] NET: Registered PF_INET protocol family
[    0.296189] IP idents hash table entries: 8192 (order: 4, 65536 bytes, linear)
[    0.297620] tcp_listen_portaddr_hash hash table entries: 512 (order: 0, 4096 bytes, linear)
[    0.297657] Table-perturb hash table entries: 65536 (order: 6, 262144 bytes, linear)
[    0.297677] TCP established hash table entries: 4096 (order: 2, 16384 bytes, linear)
[    0.297721] TCP bind hash table entries: 4096 (order: 4, 65536 bytes, linear)
[    0.297820] TCP: Hash tables configured (established 4096 bind 4096)
[    0.297942] UDP hash table entries: 256 (order: 1, 14336 bytes, linear)
[    0.297979] UDP-Lite hash table entries: 256 (order: 1, 14336 bytes, linear)
[    0.298178] NET: Registered PF_UNIX/PF_LOCAL protocol family
[    0.301946] RPC: Registered named UNIX socket transport module.
[    0.301969] RPC: Registered udp transport module.
[    0.301975] RPC: Registered tcp transport module.
[    0.301980] RPC: Registered tcp-with-tls transport module.
[    0.301985] RPC: Registered tcp NFSv4.1 backchannel transport module.
[    0.302008] PCI: CLS 0 bytes, default 64
[    0.303435] Initialise system trusted keyrings
[    0.311980] workingset: timestamp_bits=14 max_order=17 bucket_order=3
[    0.313371] NFS: Registering the id_resolver key type
[    0.313466] Key type id_resolver registered
[    0.313474] Key type id_legacy registered
[    0.313582] jffs2: version 2.2. (NAND) (SUMMARY)  Â© 2001-2006 Red Hat, Inc.
[    0.314013] Key type asymmetric registered
[    0.314031] Asymmetric key parser 'x509' registered
[    0.314092] io scheduler mq-deadline registered
[    0.314102] io scheduler kyber registered
[    0.314178] io scheduler bfq registered
[    0.315747] ledtrig-cpu: registered to indicate activity on CPUs
[    0.322071] Serial: 8250/16550 driver, 6 ports, IRQ sharing enabled
[    0.362090] brd: module loaded
[    0.389935] loop: module loaded
[    0.390845] mtdoops: mtd device (mtddev=name/number) must be supplied
[    0.394089] i2c_dev: i2c /dev entries driver
[    0.395045] cpuidle: enable-method property 'ti,am3352' found operations
[    0.395494] sdhci: Secure Digital Host Controller Interface driver
[    0.395503] sdhci: Copyright(c) Pierre Ossman
[    0.395678] sdhci-pltfm: SDHCI platform and OF driver helper
[    0.396680] Initializing XFRM netlink socket
[    0.396858] NET: Registered PF_INET6 protocol family
[    0.405715] Segment Routing with IPv6
[    0.405809] In-situ OAM (IOAM) with IPv6
[    0.405916] sit: IPv6, IPv4 and MPLS over IPv4 tunneling driver
[    0.406870] NET: Registered PF_PACKET protocol family
[    0.406904] NET: Registered PF_KEY protocol family
[    0.407041] Key type dns_resolver registered
[    0.407274] ThumbEE CPU extension supported.
[    0.407295] Registering SWP/SWPB emulation handler
[    0.407838] omap_voltage_late_init: Voltage driver support not added
[    0.408181] SmartReflex Class3 initialized
[    0.431745] Loading compiled-in X.509 certificates
[    0.479464] /ocp/interconnect@44c00000/segment@200000/target-module@b000/i2c@0/tda19988@70: Fixed dependency cycle(s) with /ocp/interconnect@48000000/segment@300000/target-module@e000/lcdc@0
[    0.485954] /ocp/interconnect@44c00000/segment@200000/target-module@b000/i2c@0/tda19988@70: Fixed dependency cycle(s) with /ocp/interconnect@48000000/segment@300000/target-module@e000/lcdc@0
[    0.525656] /ocp/interconnect@44c00000/segment@200000/target-module@b000/i2c@0/tda19988@70: Fixed dependency cycle(s) with /ocp/interconnect@48000000/segment@300000/target-module@e000/lcdc@0
[    0.526539] /ocp/interconnect@44c00000/segment@200000/target-module@b000/i2c@0/tda19988@70: Fixed dependency cycle(s) with /ocp/interconnect@48000000/segment@300000/target-module@e000/lcdc@0
[    0.529906] /ocp/interconnect@44c00000/segment@200000/target-module@10000/scm@0/pinmux@800: Fixed dependency cycle(s) with /ocp/interconnect@44c00000/segment@200000/target-module@10000/scm@0/pinmux@800/clkout2-pins
[    0.530497] pinctrl-single 44e10800.pinmux: 142 pins, size 568
[    0.535956] ti-sysc 44e31000.target-module: probe with driver ti-sysc failed with error -16
[    0.560843] /ocp/interconnect@48000000/segment@300000/target-module@e000/lcdc@0: Fixed dependency cycle(s) with /ocp/interconnect@44c00000/segment@200000/target-module@b000/i2c@0/tda19988@70
[    0.568833] ti-sysc 48040000.target-module: probe with driver ti-sysc failed with error -16
[    0.615468] OMAP GPIO hardware version 0.1
[    0.642143] omap_i2c 4819c000.i2c: bus 2 rev0.11 at 100 kHz
[    0.671871] 48000000.interconnect:s egment@200000:target-module@0:mpu@0:fck: device ID is greater  than 24
[    0.672785] /ocp/interconnect@48000000/segment@300 000/target-module@e000/lcdc@0: Fixed dependency cycle(s) with  /ocp/interconnect@44c00000/segment@200000/target-module@b000/i 2c@0/tda
[    2.482181] tps65217-pmic: Failed to locate of_node [id: -1]
[    2.488244] tps65217-bl: Failed to locate of_node [id: -1]
[    2.499614] tps65217 0-0024: TPS65217 ID 0xe version 1.2
[    2.505760] /ocp/interconnect@48000000/segment@300000/target-module@e000/lcdc@0: Fixed dependency cycle(s) with /ocp/interconnect@44c00000/segment@200000/target-module@b000/i2c@0/tda19988@70
[    2.523125] /ocp/interconnect@44c00000/segment@200000/target-module@b000/i2c@0/tda19988@70: Fixed dependency cycle(s) with /ocp/interconnect@48000000/segment@300000/target-module@e000/lcdc@0
[    2.540508] omap_i2c 44e0b000.i2c: bus 0 rev0.11 at 400 kHz
[    2.548490] omap_gpio 44e07000.gpio: Could not set line 6 debounce to 200000 microseconds (-22)
[    2.557372] sdhci-omap 48060000.mmc: Got CD GPIO
[    2.562409] sdhci-omap 48060000.mmc: supply pbias not found, using dummy regulator
[    2.572686] sdhci-omap 48060000.mmc: supply vqmmc not found, using dummy regulator
[    2.581679] sdhci-omap 481d8000.mmc: supply pbias not found, using dummy regulator
[    2.589680] sdhci-omap 481d8000.mmc: supply vqmmc not found, using dummy regulator
[    2.731762] mmc1: SDHCI controller on 481d8000.mmc [481d8000.mmc] using External DMA
[    2.740094] mmc0: SDHCI controller on 48060000.mmc [48060000.mmc] using External DMA
[    2.748914] cpsw-switch 4a100000.switch: starting ndev. mode: dual_mac
[    2.800310] mmc0: new high speed SDHC card at address 5048
[    2.807371] mmcblk0: mmc0:5048 SD16G 14.4 GiB
[    2.815426]  mmcblk0: p1 p2
[    2.818820] mmcblk0: p2 size 31221760 extends beyond EOD, truncated
[    2.832466] SMSC LAN8710/LAN8720 4a101000.mdio:00: attached PHY driver (mii_bus:phy_addr=4a101000.mdio:00, irq=POLL)
[    2.844563] mmc1: new high speed MMC card at address 0001
[    2.851582] mmcblk1: mmc1:0001 MMC04G 3.60 GiB
[    2.863587]  mmcblk1: p1 p2
[    2.867845] mmcblk1boot0: mmc1:0001 MMC04G 2.00 MiB
[    2.875260] mmcblk1boot1: mmc1:0001 MMC04G 2.00 MiB
[    2.882736] mmcblk1rpmb: mmc1:0001 MMC04G 128 KiB, chardev (250:0)
[    6.001961] cpsw-switch 4a100000.switch eth0: Link is Up - 100Mbps/Full - flow control off
[    6.031211] IP-Config: Complete:
[    6.034481]      device=eth0, hwaddr=6c:ec:eb:68:de:78, ipaddr=192.168.255.1, mask=255.255.255.0, gw=255.255.255.255
[    6.045131]      host=bbb1, domain=, nis-domain=(none)
[    6.050300]      bootserver=192.168.255.126, rootserver=192.168.255.126, rootpath=
[    6.050711] clk: Disabling unused clocks
[    6.062571] PM: genpd: Disabling unused power domains
[    6.067692] KTAP version 1
[    6.070412] 1..0
[    6.095056] VFS: Mounted root (nfs filesystem) on device 0:17.
[    6.101919] devtmpfs: mounted
[    6.106375] Freeing unused kernel image (initmem) memory: 1024K
[    6.113157] Run /sbin/init as init process
[    6.877855] systemd[1]: System time before build time, advancing clock.
[    8.341217] random: crng init done
[    8.373804] systemd[1]: systemd 232 running in system mode. (+PAM +AUDIT +SELINUX +IMA +APPARMOR +SMACK +SYSVINIT +UTMP +LIBCRYPTSETUP +GCRYPT +GNUTLS +ACL +XZ +LZ4 +SECCOMP +BLKID +ELFUTILS +KMOD +IDN)
[    8.392788] systemd[1]: Detected architecture arm.

Welcome to [1mDebian GNU/Linux 9 (stretch)[0m!

[    8.424294] systemd[1]: Set hostname to <arm>.
[    9.525800] systemd[1]: Reached target Remote File Systems.
[[0;32m  OK  [0m] Reached target Remote File Systems.
[    9.552770] systemd[1]: Created slice User and Session Slice.
[[0;32m  OK  [0m] Created slice User and Session Slice.
[    9.582114] systemd[1]: Started Forward Password Requests to Wall Directory Watch.
[[0;32m  OK  [0m] Started Forward Password Requests to Wall Directory Watch.
[    9.613270] systemd[1]: Listening on Journal Socket (/dev/log).
[[0;32m  OK  [0m] Listening on Journal Socket (/dev/log).
[    9.643170] systemd[1]: Listening on /dev/initctl Compatibility Named Pipe.
[[0;32m  OK  [0m] Listening on /dev/initctl Compatibility Named Pipe.
[    9.671917] systemd[1]: Listening on Syslog Socket.
[[0;32m  OK  [0m] Listening on Syslog Socket.
[    9.702037] systemd[1]: Listening on Journal Socket.
[[0;32m  OK  [0m] Listening on Journal Socket.
[[0;32m  OK  [0m] Listening on udev Control Socket.
[[0;32m  OK  [0m] Listening on udev Kernel Socket.
[[0;32m  OK  [0m] Reached target Swap.
[[0;32m  OK  [0m] Created slice System Slice.
[[0;32m  OK  [0m] Created slice system-getty.slice.
         Starting Remount Root and Kernel File Systems...
         Starting Create list of required stâ€¦ce nodes for the current kernel...
         Mounting POSIX Message Queue File System...
[[0;32m  OK  [0m] Created slice system-serial\x2dgetty.slice.
         Mounting Debug File System...
         Starting Load Kernel Modules...
[[0;32m  OK  [0m] Listening on Journal Audit Socket.
         Starting Journal Service...
[[0;32m  OK  [0m] Reached target Slices.
[[0;32m  OK  [0m] Set up automount Arbitrary Executabâ€¦rmats File System Automount Point.
[[0;32m  OK  [0m] Started Dispatch Password Requests to Console Directory Watch.
[[0;32m  OK  [0m] Reached target Encrypted Volumes.
[[0;32m  OK  [0m] Reached target Paths.
[[0;32m  OK  [0m] Mounted POSIX Message Queue File System.
[[0;32m  OK  [0m] Mounted Debug File System.
[[0;32m  OK  [0m] Started Remount Root and Kernel File Systems.
[[0;32m  OK  [0m] Started Create list of required staâ€¦vice nodes for the current kernel.
         Starting Create Static Device Nodes in /dev...
         Starting Load/Save Random Seed...
         Starting udev Coldplug all Devices...
[[0;32m  OK  [0m] Started Load Kernel Modules.
         Starting Apply Kernel Variables...
         Mounting Configuration File System...
[[0;32m  OK  [0m] Started Load/Save Random Seed.
[[0;32m  OK  [0m] Mounted Configuration File System.
[[0;32m  OK  [0m] Started Apply Kernel Variables.
[[0;32m  OK  [0m] Started Create Static Device Nodes in /dev.
[[0;32m  OK  [0m] Reached target Local File Systems (Pre).
[[0;32m  OK  [0m] Reached target Local File Systems.
         Starting Raise network interfaces...
         Starting udev Kernel Device Manager...
[[0;32m  OK  [0m] Started Journal Service.
         Starting Flush Journal to Persistent Storage...
[   11.919525] systemd-journald[91]: Received request to flush runtime journal from PID 1
[[0;32m  OK  [0m] Started Flush Journal to Persistent Storage.
         Starting Create Volatile Files and Directories...
[[0;32m  OK  [0m] Started udev Kernel Device Manager.
[[0;32m  OK  [0m] Started Create Volatile Files and Directories.
         Starting Network Time Synchronization...
         Starting Update UTMP about System Boot/Shutdown...
[[0;32m  OK  [0m] Started Update UTMP about System Boot/Shutdown.
[[0;32m  OK  [0m] Started udev Coldplug all Devices.
[   15.007532] remoteproc remoteproc0: wkup_m3 is available
[   15.139373] at24 2-0054: supply vcc not found, using dummy regulator
[   15.237112] omap_wdt: OMAP Watchdog Timer Rev 0x01: initial timeout 60 sec
[   15.272174] at24 2-0055: supply vcc not found, using dummy regulator
[   15.391074] at24 2-0056: supply vcc not found, using dummy regulator
[   15.445259] tps6521x_pwrbutton tps65217-pwrbutton: DMA mask not set
[   15.497797] at24 2-0057: supply vcc not found, using dummy regulator
[[0;32m  OK  [0m] Found device /dev/ttyS0.
[[0;32m  OK  [0m] Started Network Time Synchronization.
[   15.572240] input: tps65217_pwrbutton as /devices/platform/ocp/44c00000.interconnect/44c00000.interconnect:segment@200000/44e0b000.target-module/44e0b000.i2c/i2c-0/0-0024/tps65217-pwrbutton/input/input0
[   15.681461] wkup_m3_ipc 44e11324.wkup_m3_ipc: IPC Request for A8->M3 Channel failed! -517
[   15.722292] at24 0-0050: 32768 byte 24c256 EEPROM, writable, 1 bytes/write
[   15.730716] wkup_m3_ipc 44e11324.wkup_m3_ipc: IPC Request for A8->M3 Channel failed! -517
[   15.744200] omap_rtc 44e3e000.rtc: registered as rtc0
[   15.750353] omap_rtc 44e3e000.rtc: setting system clock to 2000-01-01T00:00:00 UTC (946684800)
[   15.842367] wkup_m3_ipc 44e11324.wkup_m3_ipc: IPC Request for A8->M3 Channel failed! -517
[   16.217562] am335x-phy-driver 47401300.usb-phy: dummy supplies not allowed for exclusive requests (id=vbus)
[[0;32m  OK  [0m] Reached target System Time Synchronized.
[[0;32m  OK  [0m] Reached target System Initialization.
[[0;32m  OK  [0m] Listening on Avahi mDNS/DNS-SD Stack Activation Socket.
[[0;32m  OK  [0m] Listening on D-Bus System Message Bus Socket.
[   16.534880] wkup_m3_ipc 44e11324.wkup_m3_ipc: IPC Request for A8->M3 Channel failed! -517
[[0;32m  OK  [0m] Reached target Sockets.
[[0;32m  OK  [0m] Reached target Basic System.
[   16.584295] am335x-phy-driver 47401b00.usb-phy: dummy supplies not allowed for exclusive requests (id=vbus)
[   16.659924] usbcore: registered new interface driver usbfs
[   16.665733] usbcore: registered new interface driver hub
[   16.671237] usbcore: registered new device driver usb
         Starting Avahi mDNS/DNS-SD Stack...
[   16.752069] wkup_m3_ipc 44e11324.wkup_m3_ipc: IPC Request for A8->M3 Channel failed! -517
[   16.777981] wkup_m3_ipc 44e11324.wkup_m3_ipc: IPC Request for A8->M3 Channel failed! -517
         Starting DUN service...
[[0;32m  OK  [0m] Started Daily apt download activities.
[[0;32m  OK  [0m] Started Daily apt upgrade and clean activities.
         Starting Telephony service...
         Starting LSB: Load kernel modules needed to enable cpuf[   17.400811] tda998x 0-0070: found TDA19988
req scaling...
[   17.553497] wkup_m3_ipc 44e11324.wkup_m3_ipc: IPC Request for A8->M3 Channel failed! -517
         Starting Cape Manager Service...
[   17.676472] musb-hdrc musb-hdrc.1: MUSB HDRC host driver
[   17.682047] musb-hdrc musb-hdrc.1: new USB bus registered, assigned bus number 1
[   17.704378] wkup_m3_ipc 44e11324.wkup_m3_ipc: IPC Request for A8->M3 Channel failed! -517
         Starting Generic Board Startup...
[   17.864851] omap-mailbox 480c8000.mailbox: omap mailbox rev 0x400
[[0;32m  OK  [0m] Started D-Bus System Message Bus.[   17.968737] remoteproc remoteproc0: powering up wkup_m3

[   18.014847] usb usb1: New USB device found, idVendor=1d6b, idProduct=0002, bcdDevice= 6.14
[   18.023364] usb usb1: New USB device strings: Mfr=3, Product=2, SerialNumber=1
[   18.030635] usb usb1: Product: MUSB HDRC host driver
[   18.035696] usb usb1: Manufacturer: Linux 6.14.0-rc3-next-20250219 musb-hcd
[   18.042750] usb usb1: SerialNumber: musb-hdrc.1
[   18.232165] remoteproc remoteproc0: Direct firmware load for am335x-pm-firmware.elf failed with error -2
[   18.241878] remoteproc remoteproc0: request_firmware failed: -2
[   18.247841] wkup_m3_ipc 44e11324.wkup_m3_ipc: rproc_boot failed
[   18.557118] hub 1-0:1.0: USB hub found
[   18.646643] hub 1-0:1.0: 1 port detected
[   20.558763] omap_rng 48310000.rng: Random Number Generator ver. 20
[   20.688909] tilcdc 4830e000.lcdc: bound 0-0070 (ops tda998x_audio_codec_init [tda998x])
[   20.790029] [drm] Initialized tilcdc 1.0.0 for 4830e000.lcdc on minor 0
[   20.866864] tilcdc 4830e000.lcdc: [drm] Cannot find any crtc or sizes
[   20.880327] tilcdc 4830e000.lcdc: [drm] Cannot find any crtc or sizes
[[0;32m  OK  [0m] Started DUN service.
[[0;32m  OK  [0m] Started Avahi mDNS/DNS-SD Stack.
[[0;32m  OK  [0m] Started Telephony service.
         Starting Connection service...
         Starting Login Service...
         Starting LSB: Start busybox udhcpd at boot time...
[   21.799330] omap-sham 53100000.sham: hw accel on OMAP rev 4.3
[   21.838509] PM: Cannot get wkup_m3_ipc handle
[   21.936206] omap-sham 53100000.sham: will run requests pump with realtime priority
[   21.945216] PM: Cannot get wkup_m3_ipc handle
[[0;32m  OK  [0m] Started Regular background program processing daemon.
[   22.080525] omap-aes 53500000.aes: OMAP AES hw accel rev: 3.2
         Starting System Logging Service...
[[0;32m  OK  [0m] Started Daily Cleanup of Temporary Directories.
[[0;32m  OK  [0m] Reached target Timers.
[   22.212535] omap-aes 53500000.aes: will run requests pump with realtime priority
[   22.221613] PM: Cannot get wkup_m3_ipc handle
[[0;32m  OK  [0m] Started Cape Manager Service.
[   23.744109] Bluetooth: Core ver 2.22
[   23.748207] NET: Registered PF_BLUETOOTH protocol family
[   23.753780] Bluetooth: HCI device and connection manager initialized
[   23.760197] Bluetooth: HCI socket layer initialized
[   23.765188] Bluetooth: L2CAP socket layer initialized
[   23.770307] Bluetooth: SCO socket layer initialized
[[0;32m  OK  [0m] Started System Logging Service.
[   25.740372] gpio-537 (nxp,calib): gpiod_direction_output_nonotify: tried to set a GPIO tied to an IRQ as output
[   25.791928] PM: Cannot get wkup_m3_ipc handle
[   25.974881] PM: Cannot get wkup_m3_ipc handle
[   26.026694] tda9950 0-0034: TDA9950 CEC interface, hardware version 3.3
[   26.143631] PM: Cannot get wkup_m3_ipc handle
[[0;32m  OK  [0m] Started Raise network interfaces.
[[0;32m  OK  [0m] Started LSB: Start busybox udhcpd at boot time.
[[0;32m  OK  [0m] Started LSB: Load kernel modules needed to enable cpufreq scaling.
[   28.901029] configfs-gadget.g_multi gadget.0: HOST MAC 1c:ba:8c:a2:ed:6c
[   28.908006] configfs-gadget.g_multi gadget.0: MAC 1c:ba:8c:a2:ed:70
[   28.915406] configfs-gadget.g_multi gadget.0: HOST MAC 1c:ba:8c:a2:ed:6c
[   28.922274] configfs-gadget.g_multi gadget.0: MAC 1c:ba:8c:a2:ed:6d
[   28.941719] PM: Cannot get wkup_m3_ipc handle
[[0;32m  OK  [0m] Started Connection service.
[[0;32m  OK  [0m] Reached target Sound Card.
         Starting LSB: set CPUFreq kernel parameters...
[[0;32m  OK  [0m] Reached target Network.
         Starting The Apache HTTP Server...
         Starting Permit User Sessions...
         Starting OpenBSD Secure Shell server...
[[0;32m  OK  [0m] Reached target Network is Online.
         Starting LSB: Advanced IEEE 802.11 management daemon...
[[0;32m  OK  [0m] Started Permit User Sessions.
[[0;32m  OK  [0m] Started LSB: Advanced IEEE 802.11 management daemon.
[[0;32m  OK  [0m] Started Login Service.
[[0;32m  OK  [0m] Started LSB: set CPUFreq kernel parameters.
         Starting Hostname Service...
         Starting WPA supplicant...
[[0;32m  OK  [0m] Started Getty on tty1.
[[0;32m  OK  [0m] Started Serial Getty on ttyS0.
[[0;32m  OK  [0m] Reached target Login Prompts.
[[0;32m  OK  [0m] Started WPA supplicant.
[[0;32m  OK  [0m] Started Hostname Service.
         Stopping LSB: Start busybox udhcpd at boot time...
[[0;32m  OK  [0m] Started OpenBSD Secure Shell server.
[[0;32m  OK  [0m] Stopped LSB: Start busybox udhcpd at boot time.
[[0;32m  OK  [0m] Started The Apache HTTP Server.
         Starting dnsmasq - A lightweight DHCP and caching DNS server...
[[0;32m  OK  [0m] Started dnsmasq - A lightweight DHCP and caching DNS server.
[[0;32m  OK  [0m] Reached target Host and Network Name Lookups.
[[0;32m  OK  [0m] Started Serial Getty on ttyGS0.
[[0;32m  OK  [0m] Started Generic Board Startup.
[[0;32m  OK  [0m] Reached target Multi-User System.
[[0;32m  OK  [0m] Reached target Graphical Interface.
         Starting Update UTMP about System Runlevel Changes...
[[0;32m  OK  [0m] Started Update UTMP about System Runlevel Changes.

Debian GNU/Linux 9 arm ttyS0

default username:password is [debian:temppwd]

arm login: root
Password: 
Last login: Sat Jan  1 00:00:30 UTC 2000 on ttyS0
root
Linux arm 6.14.0-rc3-next-20250219 #1 SMP Wed Feb 19 09:27:09 EET 2025 armv7l

The programs included with the Debian GNU/Linux system are free software;
the exact distribution terms for each program are described in the
individual files in /usr/share/doc/*/copyright.

Debian GNU/Linux comes with ABSOLUTELY NO WARRANTY, to the extent
permitted by applicable law.
root@arm:~# root
dmesg -n 1
-bash: root: command not found
root@arm:~# dmesg -n 1
root@arm:~# echo 'CFPA''TWYPEM'
CFPATWYPEM
root@arm:~# run() { echo -n "$MARKER"; sh -c "$@"; echo "$MARKER $?"; }
root@arm:~# echo 'ONCO''WGEJWA'
ONCOWGEJWA
root@arm:~# MARKER='LCSQ''QJXFOA' run 'cat /proc/version'
LCSQQJXFOALinux version 6.14.0-rc3-next-20250219 (user01@drvtest01) (arm-none-eabi-gcc (Arm GNU Toolchain 14.2.Rel1 (Build arm-14.52)) 14.2.1 20241119, GNU ld (Arm GNU Toolchain 14.2.Rel1 (Build arm-14.52)) 2.43.1.20241119) #1 SMP Wed Feb 19 09:27:09 EET 2025
LCSQQJXFOA 0
root@arm:~# echo 'UXAE''BUCMBK'
UXAEBUCMBK
root@arm:~# MARKER='FQUY''OTMKUG' run false
FQUYOTMKUGFQUYOTMKUG 1
root@arm:~# Labgrid Console Logfile for main
Logfile started at 2025-02-19 09:29:26.819976
=== Log starts here ===

root@arm:~# run() { echo -n "$MARKER"; sh -c "$@"; echo "$MARKER $?"; }
root@arm:~# echo 'AJOZ''GOHAVP'
AJOZGOHAVP
root@arm:~# MARKER='VKLO''PPBPWG' run 'ls /iio_generic_buffer; echo $?'
VKLOPPBPWG/iio_generic_buffer
0
VKLOPPBPWG 0
root@arm:~# Labgrid Console Logfile for main
Logfile started at 2025-02-19 09:29:30.291175
=== Log starts here ===

root@arm:~# run() { echo -n "$MARKER"; sh -c "$@"; echo "$MARKER $?"; }
root@arm:~# echo 'PJXJ''EQEMLS'
PJXJEQEMLS
root@arm:~# MARKER='TLLZ''PECGHQ' run dmesg
TLLZPECGHQ[    0.000000] Booting Linux on physical CPU 0x0
[    0.000000] Linux version 6.14.0-rc3-next-20250219 (user01@drvtest01) (arm-none-eabi-gcc (Arm GNU Toolchain 14.2.Rel1 (Build arm-14.52)) 14.2.1 20241119, GNU ld (Arm GNU Toolchain 14.2.Rel1 (Build arm-14.52)) 2.43.1.20241119) #1 SMP Wed Feb 19 09:27:09 EET 2025
[    0.000000] CPU: ARMv7 Processor [413fc082] revision 2 (ARMv7), cr=10c5387d
[    0.000000] CPU: PIPT / VIPT nonaliasing data cache, VIPT aliasing instruction cache
[    0.000000] OF: fdt: Machine model: TI AM335x BeagleBone Black
[    0.000000] Memory policy: Data cache writeback
[    0.000000] cma: Reserved 16 MiB at 0x9e800000 on node -1
[    0.000000] Zone ranges:
[    0.000000]   Normal   [mem 0x0000000080000000-0x000000009fdfffff]
[    0.000000]   HighMem  empty
[    0.000000] Movable zone start for each node
[    0.000000] Early memory node ranges
[    0.000000]   node   0: [mem 0x0000000080000000-0x000000009fdfffff]
[    0.000000] Initmem setup node 0 [mem 0x0000000080000000-0x000000009fdfffff]
[    0.000000] OF: reserved mem: Reserved memory: No reserved-memory node in the DT
[    0.000000] CPU: All CPU(s) started in SVC mode.
[    0.000000] AM335X ES2.1 (sgx neon)
[    0.000000] percpu: Embedded 17 pages/cpu s39628 r8192 d21812 u69632
[    0.000000] pcpu-alloc: s39628 r8192 d21812 u69632 alloc=17*4096
[    0.000000] pcpu-alloc: [0] 0 
[    0.000000] Kernel command line: console=ttyO0,115200n8 root=/dev/nfs rw nfsroot=192.168.255.126:/home/user01/nfs,nfsvers=3 ip=192.168.255.1:192.168.255.126::255.255.255.0:bbb1:eth0 nfsrootdebug
[    0.000000] Unknown kernel command line parameters "nfsrootdebug", will be passed to user space.
[    0.000000] printk: log buffer data + meta data: 65536 + 204800 = 270336 bytes
[    0.000000] Dentry cache hash table entries: 65536 (order: 6, 262144 bytes, linear)
[    0.000000] Inode-cache hash table entries: 32768 (order: 5, 131072 bytes, linear)
[    0.000000] Built 1 zonelists, mobility grouping on.  Total pages: 130560
[    0.000000] mem auto-init: stack:off, heap alloc:off, heap free:off
[    0.000000] SLUB: HWalign=16, Order=0-3, MinObjects=0, CPUs=1, Nodes=1
[    0.000000] rcu: Hierarchical RCU implementation.
[    0.000000] rcu: 	RCU event tracing is enabled.
[    0.000000] rcu: 	RCU restricting CPUs from NR_CPUS=2 to nr_cpu_ids=1.
[    0.000000] 	Tracing variant of Tasks RCU enabled.
[    0.000000] rcu: RCU calculated value of scheduler-enlistment delay is 10 jiffies.
[    0.000000] rcu: Adjusting geometry for rcu_fanout_leaf=16, nr_cpu_ids=1
[    0.000000] RCU Tasks Trace: Setting shift to 0 and lim to 1 rcu_task_cb_adjust=1 rcu_task_cpu_ids=1.
[    0.000000] NR_IRQS: 16, nr_irqs: 16, preallocated irqs: 16
[    0.000000] IRQ: Found an INTC at 0x(ptrval) (revision 5.0) with 128 interrupts
[    0.000000] rcu: srcu_init: Setting srcu_struct sizes based on contention.
[    0.000000] TI gptimer clocksource: always-on /ocp/interconnect@44c00000/segment@200000/target-module@31000
[    0.000003] sched_clock: 32 bits at 24MHz, resolution 41ns, wraps every 89478484971ns
[    0.000025] clocksource: dmtimer: mask: 0xffffffff max_cycles: 0xffffffff, max_idle_ns: 79635851949 ns
[    0.000496] TI gptimer clockevent: 24000000 Hz at /ocp/interconnect@48000000/segment@0/target-module@40000
[    0.002124] Console: colour dummy device 80x30
[    0.002188] WARNING: Your 'console=ttyO0' has been replaced by 'ttyS0'
[    0.002196] This ensures that you still see kernel messages. Please
[    0.002200] update your kernel commandline.
[    0.002242] Calibrating delay loop... 996.14 BogoMIPS (lpj=4980736)
[    0.090540] CPU: Testing write buffer coherency: ok
[    0.090661] CPU0: Spectre v2: using BPIALL workaround
[    0.090671] pid_max: default: 32768 minimum: 301
[    0.090825] LSM: initializing lsm=capability
[    0.090997] Mount-cache hash table entries: 1024 (order: 0, 4096 bytes, linear)
[    0.091015] Mountpoint-cache hash table entries: 1024 (order: 0, 4096 bytes, linear)
[    0.092606] CPU0: thread -1, cpu 0, socket -1, mpidr 0
[    0.092663] cacheinfo: Unable to detect cache hierarchy for CPU 0
[    0.160734] Setting up static identity map for 0x80100000 - 0x80100078
[    0.170693] rcu: Hierarchical SRCU implementation.
[    0.170705] rcu: 	Max phase no-delay instances is 1000.
[    0.190740] smp: Bringing up secondary CPUs ...
[    0.190798] smp: Brought up 1 node, 1 CPU
[    0.190811] SMP: Total of 1 processors activated (996.14 BogoMIPS).
[    0.190823] CPU: All CPU(s) started in SVC mode.
[    0.191012] Memory: 480832K/522240K available (11264K kernel code, 1214K rwdata, 2896K rodata, 1024K init, 287K bss, 23380K reserved, 16384K cma-reserved, 0K highmem)
[    0.191845] devtmpfs: initialized
[    0.209179] VFP support v0.3: implementor 41 architecture 3 part 30 variant c rev 3
[    0.209819] clocksource: jiffies: mask: 0xffffffff max_cycles: 0xffffffff, max_idle_ns: 19112604462750000 ns
[    0.209860] futex hash table entries: 256 (order: 2, 16384 bytes, linear)
[    0.211412] pinctrl core: initialized pinctrl subsystem
[    0.214213] NET: Registered PF_NETLINK/PF_ROUTE protocol family
[    0.216973] DMA: preallocated 256 KiB pool for atomic coherent allocations
[    0.217907] audit: initializing netlink subsys (disabled)
[    0.219262] thermal_sys: Registered thermal governor 'fair_share'
[    0.219277] thermal_sys: Registered thermal governor 'step_wise'
[    0.219287] thermal_sys: Registered thermal governor 'user_space'
[    0.219433] audit: type=2000 audit(0.210:1): state=initialized audit_enabled=0 res=1
[    0.219469] cpuidle: using governor menu
[    0.237353] /ocp/interconnect@44c00000/segment@200000/target-module@b000/i2c@0/tda19988@70: Fixed dependency cycle(s) with /ocp/interconnect@48000000/segment@300000/target-module@e000/lcdc@0
[    0.238451] /ocp/interconnect@48000000/segment@300000/target-module@e000/lcdc@0: Fixed dependency cycle(s) with /ocp/interconnect@44c00000/segment@200000/target-module@b000/i2c@0/tda19988@70
[    0.240790] No ATAGs?
[    0.240835] hw-breakpoint: debug architecture 0x4 unsupported.
[    0.243589] kprobes: kprobe jump-optimization is enabled. All kprobes are optimized if possible.
[    0.254077] iommu: Default domain type: Translated
[    0.254099] iommu: DMA domain TLB invalidation policy: strict mode
[    0.261230] reg-fixed-voltage fixedregulator0: using DT '/fixedregulator0' for '(default)' GPIO lookup
[    0.261282] of_get_named_gpiod_flags: can't parse 'gpios' property of node '/fixedregulator0[0]'
[    0.261310] of_get_named_gpiod_flags: can't parse 'gpio' property of node '/fixedregulator0[0]'
[    0.261328] reg-fixed-voltage fixedregulator0: using lookup tables for GPIO lookup
[    0.261338] reg-fixed-voltage fixedregulator0: No GPIO consumer (default) found
[    0.262383] SCSI subsystem initialized
[    0.262866] libata version 3.00 loaded.
[    0.263228] pps_core: LinuxPPS API ver. 1 registered
[    0.263239] pps_core: Software ver. 5.3.6 - Copyright 2005-2007 Rodolfo Giometti <giometti@linux.it>
[    0.263264] PTP clock support registered
[    0.270828] vgaarb: loaded
[    0.271187] clocksource: Switched to clocksource dmtimer
[    0.271856] VFS: Disk quotas dquot_6.6.0
[    0.271914] VFS: Dquot-cache hash table entries: 1024 (order 0, 4096 bytes)
[    0.295840] NET: Registered PF_INET protocol family
[    0.296189] IP idents hash table entries: 8192 (order: 4, 65536 bytes, linear)
[    0.297620] tcp_listen_portaddr_hash hash table entries: 512 (order: 0, 4096 bytes, linear)
[    0.297657] Table-perturb hash table entries: 65536 (order: 6, 262144 bytes, linear)
[    0.297677] TCP established hash table entries: 4096 (order: 2, 16384 bytes, linear)
[    0.297721] TCP bind hash table entries: 4096 (order: 4, 65536 bytes, linear)
[    0.297820] TCP: Hash tables configured (established 4096 bind 4096)
[    0.297942] UDP hash table entries: 256 (order: 1, 14336 bytes, linear)
[    0.297979] UDP-Lite hash table entries: 256 (order: 1, 14336 bytes, linear)
[    0.298178] NET: Registered PF_UNIX/PF_LOCAL protocol family
[    0.301946] RPC: Registered named UNIX socket transport module.
[    0.301969] RPC: Registered udp transport module.
[    0.301975] RPC: Registered tcp transport module.
[    0.301980] RPC: Registered tcp-with-tls transport module.
[    0.301985] RPC: Registered tcp NFSv4.1 backchannel transport module.
[    0.302008] PCI: CLS 0 bytes, default 64
[    0.303435] Initialise system trusted keyrings
[    0.311980] workingset: timestamp_bits=14 max_order=17 bucket_order=3
[    0.313371] NFS: Registering the id_resolver key type
[    0.313466] Key type id_resolver registered
[    0.313474] Key type id_legacy registered
[    0.313582] jffs2: version 2.2. (NAND) (SUMMARY)  Â© 2001-2006 Red Hat, Inc.
[    0.314013] Key type asymmetric registered
[    0.314031] Asymmetric key parser 'x509' registered
[    0.314092] io scheduler mq-deadline registered
[    0.314102] io scheduler kyber registered
[    0.314178] io scheduler bfq registered
[    0.315747] ledtrig-cpu: registered to indicate activity on CPUs
[    0.322071] Serial: 8250/16550 driver, 6 ports, IRQ sharing enabled
[    0.362090] brd: module loaded
[    0.389935] loop: module loaded
[    0.390845] mtdoops: mtd device (mtddev=name/number) must be supplied
[    0.392724] mdio_bus fixed-0: using lookup tables for GPIO lookup
[    0.392752] mdio_bus fixed-0: No GPIO consumer reset found
[    0.394089] i2c_dev: i2c /dev entries driver
[    0.395045] cpuidle: enable-method property 'ti,am3352' found operations
[    0.395494] sdhci: Secure Digital Host Controller Interface driver
[    0.395503] sdhci: Copyright(c) Pierre Ossman
[    0.395678] sdhci-pltfm: SDHCI platform and OF driver helper
[    0.396680] Initializing XFRM netlink socket
[    0.396858] NET: Registered PF_INET6 protocol family
[    0.405715] Segment Routing with IPv6
[    0.405809] In-situ OAM (IOAM) with IPv6
[    0.405916] sit: IPv6, IPv4 and MPLS over IPv4 tunneling driver
[    0.406870] NET: Registered PF_PACKET protocol family
[    0.406904] NET: Registered PF_KEY protocol family
[    0.407041] Key type dns_resolver registered
[    0.407274] ThumbEE CPU extension supported.
[    0.407295] Registering SWP/SWPB emulation handler
[    0.407838] omap_voltage_late_init: Voltage driver support not added
[    0.408181] SmartReflex Class3 initialized
[    0.431745] Loading compiled-in X.509 certificates
[    0.479464] /ocp/interconnect@44c00000/segment@200000/target-module@b000/i2c@0/tda19988@70: Fixed dependency cycle(s) with /ocp/interconnect@48000000/segment@300000/target-module@e000/lcdc@0
[    0.485954] /ocp/interconnect@44c00000/segment@200000/target-module@b000/i2c@0/tda19988@70: Fixed dependency cycle(s) with /ocp/interconnect@48000000/segment@300000/target-module@e000/lcdc@0
[    0.491479] gpiochip_find_base_unlocked: found new base at 512
[    0.525656] /ocp/interconnect@44c00000/segment@200000/target-module@b000/i2c@0/tda19988@70: Fixed dependency cycle(s) with /ocp/interconnect@48000000/segment@300000/target-module@e000/lcdc@0
[    0.526539] /ocp/interconnect@44c00000/segment@200000/target-module@b000/i2c@0/tda19988@70: Fixed dependency cycle(s) with /ocp/interconnect@48000000/segment@300000/target-module@e000/lcdc@0
[    0.529906] /ocp/interconnect@44c00000/segment@200000/target-module@10000/scm@0/pinmux@800: Fixed dependency cycle(s) with /ocp/interconnect@44c00000/segment@200000/target-module@10000/scm@0/pinmux@800/clkout2-pins
[    0.530497] pinctrl-single 44e10800.pinmux: 142 pins, size 568
[    0.535956] ti-sysc 44e31000.target-module: probe with driver ti-sysc failed with error -16
[    0.560843] /ocp/interconnect@48000000/segment@300000/target-module@e000/lcdc@0: Fixed dependency cycle(s) with /ocp/interconnect@44c00000/segment@200000/target-module@b000/i2c@0/tda19988@70
[    0.568833] ti-sysc 48040000.target-module: probe with driver ti-sysc failed with error -16
[    0.580058] gpiochip_find_base_unlocked: found new base at 512
[    0.580158] gpio gpiochip0: (gpio-0-31): created GPIO range 0->7 ==> 44e10800.pinmux PIN 0->7
[    0.580178] gpio gpiochip0: (gpio-0-31): created GPIO range 8->11 ==> 44e10800.pinmux PIN 90->93
[    0.580195] gpio gpiochip0: (gpio-0-31): created GPIO range 12->27 ==> 44e10800.pinmux PIN 12->27
[    0.580210] gpio gpiochip0: (gpio-0-31): created GPIO range 28->31 ==> 44e10800.pinmux PIN 30->33
[    0.615226] gpio gpiochip0: (gpio-0-31): added GPIO chardev (254:0)
[    0.615384] gpio gpiochip0: registered GPIOs 512 to 543 on gpio-0-31
[    0.615468] OMAP GPIO hardware version 0.1
[    0.640932] i2c i2c-2: using DT '/ocp/interconnect@48000000/segment@100000/target-module@9c000/i2c@0' for 'scl' GPIO lookup
[    0.641004] of_get_named_gpiod_flags: can't parse 'scl-gpios' property of node '/ocp/interconnect@48000000/segment@100000/target-module@9c000/i2c@0[0]'
[    0.641045] of_get_named_gpiod_flags: can't parse 'scl-gpio' property of node '/ocp/interconnect@48000000/segment@100000/target-module@9c000/i2c@0[0]'
[    0.641081] i2c i2c-2: using lookup tables for GPIO lookup
[    0.641090] i2c i2c-2: No GPIO consumer scl found
[    0.641112] i2c i2c-2: using DT '/ocp/interconnect@48000000/segment@100000/target-module@9c000/i2c@0' for 'sda' GPIO lookup
[    0.641309] of_get_named_gpiod_flags: can't parse 'sda-gpios' property of node '/ocp/interconnect@48000000/segment@100000/target-module@9c000/i2c@0[0]'
[    0.641362] of_get_named_gpiod_flags: can't parse 'sda-gpio' property of node '/ocp/interconnect@48000000/segment@100000/target-module@9c000/i2c@0[0]'
[    0.641396] i2c i2c-2: using lookup tables for GPIO lookup
[    0.641404] i2c i2c-2: No GPIO consumer sda found
[    0.642143] omap_i2c 4819c000.i2c: bus 2 rev0.11 at 100 kHz
[    0.647535] gpiochip_find_base_unlocked: found new base at 544
[    0.647637] gpio gpiochip1: (gpio-32-63): created GPIO range 0->17 ==> 44e10800.pinmux PIN 34->51
[    0.647663] gpio gpiochip1: (gpio-32-63): created GPIO range 18->21 ==> 44e10800.pinmux PIN 77->80
[    0.647681] gpio gpiochip1: (gpio-32-63): created GPIO range 22->31 ==> 44e10800.pinmux PIN 56->65
[    0.662873] gpio gpiochip1: (gpio-32-63): added GPIO chardev (254:1)
[    0.663028] gpio gpiochip1: registered GPIOs 544 to 575 on gpio-32-63
[    0.665235] gpiochip_find_base_unlocked: found new base at 576
[    0.665324] gpio gpiochip2: (gpio-64-95): created GPIO range 0->4 ==> 44e10800.pinmux PIN 66->70
[    0.665345] gpio gpiochip2: (gpio-64-95): created GPIO range 5->6 ==> 44e10800.pinmux PIN 98->99
[    0.665360] gpio gpiochip2: (gpio-64-95): created GPIO range 7->8 ==> 44e10800.pinmux PIN 75->76
[    0.665375] gpio gpiochip2: (gpio-64-95): created GPIO range 13->13 ==> 44e10800.pinmux PIN 141->141
[    0.665391] gpio gpiochip2: (gpio-64-95): created GPIO range 14->21 ==> 44e10800.pinmux PIN 100->107
[    0.666038] gpio gpiochip2: (gpio-64-95): added GPIO chardev (254:2)
[    0.666165] gpio gpiochip2: registered GPIOs 576 to 607 on gpio-64-95
[    0.671871] 48000000.interconnect:segment@200000:target-module@0:mpu@0:fck: device ID is greater than 24
[    0.672785] /ocp/interconnect@48000000/segment@300000/target-module@e000/lcdc@0: Fixed dependency cycle(s) with /ocp/interconnect@44c00000/segment@200000/target-module@b000/i2c@0/tda19988@70
[    0.675508] /ocp/interconnect@48000000/segment@300000/target-module@e000/lcdc@0: Fixed dependency cycle(s) with /ocp/interconnect@44c00000/segment@200000/target-module@b000/i2c@0/tda19988@70
[    0.676196] /ocp/interconnect@44c00000/segment@200000/target-module@b000/i2c@0/tda19988@70: Fixed dependency cycle(s) with /ocp/interconnect@48000000/segment@300000/target-module@e000/lcdc@0
[    0.676361] /ocp/interconnect@48000000/segment@300000/target-module@e000/lcdc@0: Fixed dependency cycle(s) with /ocp/interconnect@44c00000/segment@200000/target-module@b000/i2c@0/tda19988@70
[    0.685951] mdio_bus 4a101000.mdio: using DT '/ocp/interconnect@4a000000/segment@0/target-module@100000/switch@0/mdio@1000' for 'reset' GPIO lookup
[    0.686025] of_get_named_gpiod_flags: can't parse 'reset-gpios' property of node '/ocp/interconnect@4a000000/segment@0/target-module@100000/switch@0/mdio@1000[0]'
[    0.686071] of_get_named_gpiod_flags: can't parse 'reset-gpio' property of node '/ocp/interconnect@4a000000/segment@0/target-module@100000/switch@0/mdio@1000[0]'
[    0.686118] mdio_bus 4a101000.mdio: using lookup tables for GPIO lookup
[    0.686128] mdio_bus 4a101000.mdio: No GPIO consumer reset found
[    0.687257] sdhci-omap 481d8000.mmc: using DT '/ocp/interconnect@48000000/segment@100000/target-module@d8000/mmc@0' for 'wp' GPIO lookup
[    0.687318] of_get_named_gpiod_flags: can't parse 'wp-gpios' property of node '/ocp/interconnect@48000000/segment@100000/target-module@d8000/mmc@0[0]'
[    0.687362] of_get_named_gpiod_flags: can't parse 'wp-gpio' property of node '/ocp/interconnect@48000000/segment@100000/target-module@d8000/mmc@0[0]'
[    0.687395] sdhci-omap 481d8000.mmc: using lookup tables for GPIO lookup
[    0.687405] sdhci-omap 481d8000.mmc: No GPIO consumer wp found
[    0.687598] sdhci-omap 481d8000.mmc: supply pbias not found, using dummy regulator
[    0.688103] sdhci-omap 481d8000.mmc: supply vqmmc not found, using dummy regulator
[    0.746954] davinci_mdio 4a101000.mdio: davinci mdio revision 1.6, bus freq 1000000
[    0.748424] mdio_bus 4a101000.mdio:00: using DT '/ocp/interconnect@4a000000/segment@0/target-module@100000/switch@0/mdio@1000/ethernet-phy@0' for 'reset' GPIO lookup
[    0.748526] of_get_named_gpiod_flags: parsed 'reset-gpios' property of node '/ocp/interconnect@4a000000/segment@0/target-module@100000/switch@0/mdio@1000/ethernet-phy@0[0]' - status (0)
[    0.748682] gpio gpiochip0: Persistence not supported for GPIO 8
[    0.854995] davinci_mdio 4a101000.mdio: phy[0]: device 4a101000.mdio:00, driver SMSC LAN8710/LAN8720
[    0.855786] cpsw-switch 4a100000.switch: initialized cpsw ale version 1.4
[    0.855807] cpsw-switch 4a100000.switch: ALE Table size 1024, Policers 0
[    0.856104] cpsw-switch 4a100000.switch: cpts: overflow check period 500 (jiffies)
[    0.856122] cpsw-switch 4a100000.switch: CPTS: ref_clk_freq:250000000 calc_mult:2147483648 calc_shift:29 error:0 nsec/sec
[    0.856233] cpsw-switch 4a100000.switch: Detected MACID = 6c:ec:eb:68:de:78
[    0.858048] cpsw-switch 4a100000.switch: initialized (regs 0x4a100000, pool size 256) hw_ver:0019010C 1.12 (0)
[    0.868991] debugfs: Directory '49000000.dma' with parent 'dmaengine' already present!
[    0.869034] edma 49000000.dma: TI EDMA DMA engine driver
[    0.914552] target-module@4b000000:target-module@140000:pmu@0:fck: device ID is greater than 24
[    0.926563] hw perfevents: enabled with armv7_cortex_a8 PMU driver, 5 (8000000f) counters available
[    0.927497] gpio-clk clk_mcasp0: using DT '/clk_mcasp0' for 'enable' GPIO lookup
[    0.927563] of_get_named_gpiod_flags: parsed 'enable-gpios' property of node '/clk_mcasp0[0]' - status (0)
[    0.927604] gpio gpiochip0: Persistence not supported for GPIO 27
[    0.928411] gpiochip_find_base_unlocked: found new base at 608
[    0.928519] gpio gpiochip3: (gpio-96-127): created GPIO range 0->7 ==> 44e10800.pinmux PIN 82->89
[    0.928540] gpio gpiochip3: (gpio-96-127): created GPIO range 8->11 ==> 44e10800.pinmux PIN 52->55
[    0.928556] gpio gpiochip3: (gpio-96-127): created GPIO range 12->15 ==> 44e10800.pinmux PIN 94->97
[    0.928571] gpio gpiochip3: (gpio-96-127): created GPIO range 16->17 ==> 44e10800.pinmux PIN 71->72
[    0.928586] gpio gpiochip3: (gpio-96-127): created GPIO range 18->18 ==> 44e10800.pinmux PIN 135->135
[    0.928621] gpio gpiochip3: (gpio-96-127): created GPIO range 19->20 ==> 44e10800.pinmux PIN 108->109
[    0.928639] gpio gpiochip3: (gpio-96-127): created GPIO range 21->21 ==> 44e10800.pinmux PIN 73->73
[    0.928656] gpio gpiochip3: (gpio-96-127): created GPIO range 22->23 ==> 44e10800.pinmux PIN 8->9
[    0.928673] gpio gpiochip3: (gpio-96-127): created GPIO range 26->27 ==> 44e10800.pinmux PIN 10->11
[    0.928691] gpio gpiochip3: (gpio-96-127): created GPIO range 28->28 ==> 44e10800.pinmux PIN 74->74
[    0.928709] gpio gpiochip3: (gpio-96-127): created GPIO range 29->29 ==> 44e10800.pinmux PIN 81->81
[    0.928727] gpio gpiochip3: (gpio-96-127): created GPIO range 30->31 ==> 44e10800.pinmux PIN 28->29
[    0.934283] l3-aon-clkctrl:0000:0: failed to disable
[    0.942794] gpio gpiochip3: (gpio-96-127): added GPIO chardev (254:3)
[    0.942943] gpio gpiochip3: registered GPIOs 608 to 639 on gpio-96-127
[    0.944671] omap8250 44e09000.serial: using DT '/ocp/interconnect@44c00000/segment@200000/target-module@9000/serial@0' for 'rs485-term' GPIO lookup
[    0.944739] of_get_named_gpiod_flags: can't parse 'rs485-term-gpios' property of node '/ocp/interconnect@44c00000/segment@200000/target-module@9000/serial@0[0]'
[    0.944781] of_get_named_gpiod_flags: can't parse 'rs485-term-gpio' property of node '/ocp/interconnect@44c00000/segment@200000/target-module@9000/serial@0[0]'
[    0.944818] omap8250 44e09000.serial: using lookup tables for GPIO lookup
[    0.944828] omap8250 44e09000.serial: No GPIO consumer rs485-term found
[    0.944838] omap8250 44e09000.serial: using DT '/ocp/interconnect@44c00000/segment@200000/target-module@9000/serial@0' for 'rs485-rx-during-tx' GPIO lookup
[    0.944873] of_get_named_gpiod_flags: can't parse 'rs485-rx-during-tx-gpios' property of node '/ocp/interconnect@44c00000/segment@200000/target-module@9000/serial@0[0]'
[    0.944909] of_get_named_gpiod_flags: can't parse 'rs485-rx-during-tx-gpio' property of node '/ocp/interconnect@44c00000/segment@200000/target-module@9000/serial@0[0]'
[    0.944940] omap8250 44e09000.serial: using lookup tables for GPIO lookup
[    0.944948] omap8250 44e09000.serial: No GPIO consumer rs485-rx-during-tx found
[    0.945341] 44e09000.serial: ttyS0 at MMIO 0x44e09000 (irq = 34, base_baud = 3000000) is a 8250
[    0.945426] printk: legacy console [ttyS0] enabled
[    2.468019] i2c i2c-0: using DT '/ocp/interconnect@44c00000/segment@200000/target-module@b000/i2c@0' for 'scl' GPIO lookup
[    2.468108] of_get_named_gpiod_flags: can't parse 'scl-gpios' property of node '/ocp/interconnect@44c00000/segment@200000/target-module@b000/i2c@0[0]'
[    2.468155] of_get_named_gpiod_flags: can't parse 'scl-gpio' property of node '/ocp/interconnect@44c00000/segment@200000/target-module@b000/i2c@0[0]'
[    2.468195] i2c i2c-0: using lookup tables for GPIO lookup
[    2.468209] i2c i2c-0: No GPIO consumer scl found
[    2.468233] i2c i2c-0: using DT '/ocp/interconnect@44c00000/segment@200000/target-module@b000/i2c@0' for 'sda' GPIO lookup
[    2.468273] of_get_named_gpiod_flags: can't parse 'sda-gpios' property of node '/ocp/interconnect@44c00000/segment@200000/target-module@b000/i2c@0[0]'
[    2.468314] of_get_named_gpiod_flags: can't parse 'sda-gpio' property of node '/ocp/interconnect@44c00000/segment@200000/target-module@b000/i2c@0[0]'
[    2.468348] i2c i2c-0: using lookup tables for GPIO lookup
[    2.468359] i2c i2c-0: No GPIO consumer sda found
[    2.482181] tps65217-pmic: Failed to locate of_node [id: -1]
[    2.488244] tps65217-bl: Failed to locate of_node [id: -1]
[    2.499614] tps65217 0-0024: TPS65217 ID 0xe version 1.2
[    2.505760] /ocp/interconnect@48000000/segment@300000/target-module@e000/lcdc@0: Fixed dependency cycle(s) with /ocp/interconnect@44c00000/segment@200000/target-module@b000/i2c@0/tda19988@70
[    2.523125] /ocp/interconnect@44c00000/segment@200000/target-module@b000/i2c@0/tda19988@70: Fixed dependency cycle(s) with /ocp/interconnect@48000000/segment@300000/target-module@e000/lcdc@0
[    2.540508] omap_i2c 44e0b000.i2c: bus 0 rev0.11 at 400 kHz
[    2.548291] sdhci-omap 48060000.mmc: using DT '/ocp/interconnect@48000000/segment@0/target-module@60000/mmc@0' for 'cd' GPIO lookup
[    2.548399] of_get_named_gpiod_flags: parsed 'cd-gpios' property of node '/ocp/interconnect@48000000/segment@0/target-module@60000/mmc@0[0]' - status (0)
[    2.548466] gpio gpiochip3: Persistence not supported for GPIO 6
[    2.548490] omap_gpio 44e07000.gpio: Could not set line 6 debounce to 200000 microseconds (-22)
[    2.557372] sdhci-omap 48060000.mmc: Got CD GPIO
[    2.562056] sdhci-omap 48060000.mmc: using DT '/ocp/interconnect@48000000/segment@0/target-module@60000/mmc@0' for 'wp' GPIO lookup
[    2.562108] of_get_named_gpiod_flags: can't parse 'wp-gpios' property of node '/ocp/interconnect@48000000/segment@0/target-module@60000/mmc@0[0]'
[    2.562151] of_get_named_gpiod_flags: can't parse 'wp-gpio' property of node '/ocp/interconnect@48000000/segment@0/target-module@60000/mmc@0[0]'
[    2.562190] sdhci-omap 48060000.mmc: using lookup tables for GPIO lookup
[    2.562203] sdhci-omap 48060000.mmc: No GPIO consumer wp found
[    2.562409] sdhci-omap 48060000.mmc: supply pbias not found, using dummy regulator
[    2.571090] sdhci-omap 481d8000.mmc: using DT '/ocp/interconnect@48000000/segment@100000/target-module@d8000/mmc@0' for 'wp' GPIO lookup
[    2.571288] of_get_named_gpiod_flags: can't parse 'wp-gpios' property of node '/ocp/interconnect@48000000/segment@100000/target-module@d8000/mmc@0[0]'
[    2.571341] of_get_named_gpiod_flags: can't parse 'wp-gpio' property of node '/ocp/interconnect@48000000/segment@100000/target-module@d8000/mmc@0[0]'
[    2.571382] sdhci-omap 481d8000.mmc: using lookup tables for GPIO lookup
[    2.571396] sdhci-omap 481d8000.mmc: No GPIO consumer wp found
[    2.572686] sdhci-omap 48060000.mmc: supply vqmmc not found, using dummy regulator
[    2.581679] sdhci-omap 481d8000.mmc: supply pbias not found, using dummy regulator
[    2.589680] sdhci-omap 481d8000.mmc: supply vqmmc not found, using dummy regulator
[    2.731762] mmc1: SDHCI controller on 481d8000.mmc [481d8000.mmc] using External DMA
[    2.740094] mmc0: SDHCI controller on 48060000.mmc [48060000.mmc] using External DMA
[    2.748914] cpsw-switch 4a100000.switch: starting ndev. mode: dual_mac
[    2.800310] mmc0: new high speed SDHC card at address 5048
[    2.807371] mmcblk0: mmc0:5048 SD16G 14.4 GiB
[    2.815426]  mmcblk0: p1 p2
[    2.818820] mmcblk0: p2 size 31221760 extends beyond EOD, truncated
[    2.832466] SMSC LAN8710/LAN8720 4a101000.mdio:00: attached PHY driver (mii_bus:phy_addr=4a101000.mdio:00, irq=POLL)
[    2.844563] mmc1: new high speed MMC card at address 0001
[    2.851582] mmcblk1: mmc1:0001 MMC04G 3.60 GiB
[    2.863587]  mmcblk1: p1 p2
[    2.867845] mmcblk1boot0: mmc1:0001 MMC04G 2.00 MiB
[    2.875260] mmcblk1boot1: mmc1:0001 MMC04G 2.00 MiB
[    2.882736] mmcblk1rpmb: mmc1:0001 MMC04G 128 KiB, chardev (250:0)
[    6.001961] cpsw-switch 4a100000.switch eth0: Link is Up - 100Mbps/Full - flow control off
[    6.031211] IP-Config: Complete:
[    6.034481]      device=eth0, hwaddr=6c:ec:eb:68:de:78, ipaddr=192.168.255.1, mask=255.255.255.0, gw=255.255.255.255
[    6.045131]      host=bbb1, domain=, nis-domain=(none)
[    6.050300]      bootserver=192.168.255.126, rootserver=192.168.255.126, rootpath=
[    6.050711] clk: Disabling unused clocks
[    6.062571] PM: genpd: Disabling unused power domains
[    6.067692] KTAP version 1
[    6.070412] 1..0
[    6.095056] VFS: Mounted root (nfs filesystem) on device 0:17.
[    6.101919] devtmpfs: mounted
[    6.106375] Freeing unused kernel image (initmem) memory: 1024K
[    6.113157] Run /sbin/init as init process
[    6.117288]   with arguments:
[    6.117301]     /sbin/init
[    6.117310]     nfsrootdebug
[    6.117320]   with environment:
[    6.117328]     HOME=/
[    6.117337]     TERM=linux
[    6.877855] systemd[1]: System time before build time, advancing clock.
[    8.341217] random: crng init done
[    8.373804] systemd[1]: systemd 232 running in system mode. (+PAM +AUDIT +SELINUX +IMA +APPARMOR +SMACK +SYSVINIT +UTMP +LIBCRYPTSETUP +GCRYPT +GNUTLS +ACL +XZ +LZ4 +SECCOMP +BLKID +ELFUTILS +KMOD +IDN)
[    8.392788] systemd[1]: Detected architecture arm.
[    8.424294] systemd[1]: Set hostname to <arm>.
[    9.525800] systemd[1]: Reached target Remote File Systems.
[    9.552770] systemd[1]: Created slice User and Session Slice.
[    9.582114] systemd[1]: Started Forward Password Requests to Wall Directory Watch.
[    9.613270] systemd[1]: Listening on Journal Socket (/dev/log).
[    9.643170] systemd[1]: Listening on /dev/initctl Compatibility Named Pipe.
[    9.671917] systemd[1]: Listening on Syslog Socket.
[    9.702037] systemd[1]: Listening on Journal Socket.
[   11.919525] systemd-journald[91]: Received request to flush runtime journal from PID 1
[   14.590079] leds-gpio leds: using DT '/leds/led2' for '(default)' GPIO lookup
[   14.590188] of_get_named_gpiod_flags: parsed 'gpios' property of node '/leds/led2[0]' - status (0)
[   14.590248] gpio gpiochip0: Persistence not supported for GPIO 21
[   14.590264] gpio-533 (?): no flags found for GPIO (default)
[   14.656106] leds-gpio leds: using DT '/leds/led3' for '(default)' GPIO lookup
[   14.656218] of_get_named_gpiod_flags: parsed 'gpios' property of node '/leds/led3[0]' - status (0)
[   14.656410] gpio gpiochip0: Persistence not supported for GPIO 22
[   14.656430] gpio-534 (?): no flags found for GPIO (default)
[   14.682108] leds-gpio leds: using DT '/leds/led4' for '(default)' GPIO lookup
[   14.682204] of_get_named_gpiod_flags: parsed 'gpios' property of node '/leds/led4[0]' - status (0)
[   14.682255] gpio gpiochip0: Persistence not supported for GPIO 23
[   14.682270] gpio-535 (?): no flags found for GPIO (default)
[   14.702998] leds-gpio leds: using DT '/leds/led5' for '(default)' GPIO lookup
[   14.703111] of_get_named_gpiod_flags: parsed 'gpios' property of node '/leds/led5[0]' - status (0)
[   14.703167] gpio gpiochip0: Persistence not supported for GPIO 24
[   14.703183] gpio-536 (?): no flags found for GPIO (default)
[   15.007532] remoteproc remoteproc0: wkup_m3 is available
[   15.139373] at24 2-0054: supply vcc not found, using dummy regulator
[   15.237112] omap_wdt: OMAP Watchdog Timer Rev 0x01: initial timeout 60 sec
[   15.272174] at24 2-0055: supply vcc not found, using dummy regulator
[   15.391074] at24 2-0056: supply vcc not found, using dummy regulator
[   15.445259] tps6521x_pwrbutton tps65217-pwrbutton: DMA mask not set
[   15.497797] at24 2-0057: supply vcc not found, using dummy regulator
[   15.572240] input: tps65217_pwrbutton as /devices/platform/ocp/44c00000.interconnect/44c00000.interconnect:segment@200000/44e0b000.target-module/44e0b000.i2c/i2c-0/0-0024/tps65217-pwrbutton/input/input0
[   15.681461] wkup_m3_ipc 44e11324.wkup_m3_ipc: IPC Request for A8->M3 Channel failed! -517
[   15.721720] at24 0-0050: using DT '/ocp/interconnect@44c00000/segment@200000/target-module@b000/i2c@0/eeprom@50' for 'wp' GPIO lookup
[   15.721834] of_get_named_gpiod_flags: can't parse 'wp-gpios' property of node '/ocp/interconnect@44c00000/segment@200000/target-module@b000/i2c@0/eeprom@50[0]'
[   15.721891] of_get_named_gpiod_flags: can't parse 'wp-gpio' property of node '/ocp/interconnect@44c00000/segment@200000/target-module@b000/i2c@0/eeprom@50[0]'
[   15.721937] at24 0-0050: using lookup tables for GPIO lookup
[   15.721951] at24 0-0050: No GPIO consumer wp found
[   15.722292] at24 0-0050: 32768 byte 24c256 EEPROM, writable, 1 bytes/write
[   15.730716] wkup_m3_ipc 44e11324.wkup_m3_ipc: IPC Request for A8->M3 Channel failed! -517
[   15.744200] omap_rtc 44e3e000.rtc: registered as rtc0
[   15.750353] omap_rtc 44e3e000.rtc: setting system clock to 2000-01-01T00:00:00 UTC (946684800)
[   15.759550] omap_rtc 44e3e000.rtc: using DT '/ocp/interconnect@44c00000/segment@200000/target-module@3e000/rtc@0' for 'wp' GPIO lookup
[   15.759628] of_get_named_gpiod_flags: can't parse 'wp-gpios' property of node '/ocp/interconnect@44c00000/segment@200000/target-module@3e000/rtc@0[0]'
[   15.759678] of_get_named_gpiod_flags: can't parse 'wp-gpio' property of node '/ocp/interconnect@44c00000/segment@200000/target-module@3e000/rtc@0[0]'
[   15.759720] omap_rtc 44e3e000.rtc: using lookup tables for GPIO lookup
[   15.759733] omap_rtc 44e3e000.rtc: No GPIO consumer wp found
[   15.842367] wkup_m3_ipc 44e11324.wkup_m3_ipc: IPC Request for A8->M3 Channel failed! -517
[   16.217107] am335x-phy-driver 47401300.usb-phy: using DT '/ocp/target-module@47400000/usb-phy@1300' for 'reset' GPIO lookup
[   16.217201] of_get_named_gpiod_flags: can't parse 'reset-gpios' property of node '/ocp/target-module@47400000/usb-phy@1300[0]'
[   16.217246] of_get_named_gpiod_flags: can't parse 'reset-gpio' property of node '/ocp/target-module@47400000/usb-phy@1300[0]'
[   16.217283] am335x-phy-driver 47401300.usb-phy: using lookup tables for GPIO lookup
[   16.217297] am335x-phy-driver 47401300.usb-phy: No GPIO consumer reset found
[   16.217311] am335x-phy-driver 47401300.usb-phy: using DT '/ocp/target-module@47400000/usb-phy@1300' for 'vbus-detect' GPIO lookup
[   16.217344] of_get_named_gpiod_flags: can't parse 'vbus-detect-gpios' property of node '/ocp/target-module@47400000/usb-phy@1300[0]'
[   16.217375] of_get_named_gpiod_flags: can't parse 'vbus-detect-gpio' property of node '/ocp/target-module@47400000/usb-phy@1300[0]'
[   16.217402] am335x-phy-driver 47401300.usb-phy: using lookup tables for GPIO lookup
[   16.217414] am335x-phy-driver 47401300.usb-phy: No GPIO consumer vbus-detect found
[   16.217562] am335x-phy-driver 47401300.usb-phy: dummy supplies not allowed for exclusive requests (id=vbus)
[   16.534880] wkup_m3_ipc 44e11324.wkup_m3_ipc: IPC Request for A8->M3 Channel failed! -517
[   16.583851] am335x-phy-driver 47401b00.usb-phy: using DT '/ocp/target-module@47400000/usb-phy@1b00' for 'reset' GPIO lookup
[   16.583941] of_get_named_gpiod_flags: can't parse 'reset-gpios' property of node '/ocp/target-module@47400000/usb-phy@1b00[0]'
[   16.583984] of_get_named_gpiod_flags: can't parse 'reset-gpio' property of node '/ocp/target-module@47400000/usb-phy@1b00[0]'
[   16.584021] am335x-phy-driver 47401b00.usb-phy: using lookup tables for GPIO lookup
[   16.584035] am335x-phy-driver 47401b00.usb-phy: No GPIO consumer reset found
[   16.584049] am335x-phy-driver 47401b00.usb-phy: using DT '/ocp/target-module@47400000/usb-phy@1b00' for 'vbus-detect' GPIO lookup
[   16.584080] of_get_named_gpiod_flags: can't parse 'vbus-detect-gpios' property of node '/ocp/target-module@47400000/usb-phy@1b00[0]'
[   16.584112] of_get_named_gpiod_flags: can't parse 'vbus-detect-gpio' property of node '/ocp/target-module@47400000/usb-phy@1b00[0]'
[   16.584138] am335x-phy-driver 47401b00.usb-phy: using lookup tables for GPIO lookup
[   16.584149] am335x-phy-driver 47401b00.usb-phy: No GPIO consumer vbus-detect found
[   16.584295] am335x-phy-driver 47401b00.usb-phy: dummy supplies not allowed for exclusive requests (id=vbus)
[   16.659924] usbcore: registered new interface driver usbfs
[   16.665733] usbcore: registered new interface driver hub
[   16.671237] usbcore: registered new device driver usb
[   16.752069] wkup_m3_ipc 44e11324.wkup_m3_ipc: IPC Request for A8->M3 Channel failed! -517
[   16.777981] wkup_m3_ipc 44e11324.wkup_m3_ipc: IPC Request for A8->M3 Channel failed! -517
[   17.400811] tda998x 0-0070: found TDA19988
[   17.553497] wkup_m3_ipc 44e11324.wkup_m3_ipc: IPC Request for A8->M3 Channel failed! -517
[   17.676472] musb-hdrc musb-hdrc.1: MUSB HDRC host driver
[   17.682047] musb-hdrc musb-hdrc.1: new USB bus registered, assigned bus number 1
[   17.704378] wkup_m3_ipc 44e11324.wkup_m3_ipc: IPC Request for A8->M3 Channel failed! -517
[   17.864851] omap-mailbox 480c8000.mailbox: omap mailbox rev 0x400
[   17.968737] remoteproc remoteproc0: powering up wkup_m3
[   18.014847] usb usb1: New USB device found, idVendor=1d6b, idProduct=0002, bcdDevice= 6.14
[   18.023364] usb usb1: New USB device strings: Mfr=3, Product=2, SerialNumber=1
[   18.030635] usb usb1: Product: MUSB HDRC host driver
[   18.035696] usb usb1: Manufacturer: Linux 6.14.0-rc3-next-20250219 musb-hcd
[   18.042750] usb usb1: SerialNumber: musb-hdrc.1
[   18.232165] remoteproc remoteproc0: Direct firmware load for am335x-pm-firmware.elf failed with error -2
[   18.241878] remoteproc remoteproc0: request_firmware failed: -2
[   18.247841] wkup_m3_ipc 44e11324.wkup_m3_ipc: rproc_boot failed
[   18.557118] hub 1-0:1.0: USB hub found
[   18.646643] hub 1-0:1.0: 1 port detected
[   20.558763] omap_rng 48310000.rng: Random Number Generator ver. 20
[   20.688909] tilcdc 4830e000.lcdc: bound 0-0070 (ops tda998x_audio_codec_init [tda998x])
[   20.790029] [drm] Initialized tilcdc 1.0.0 for 4830e000.lcdc on minor 0
[   20.866864] tilcdc 4830e000.lcdc: [drm] Cannot find any crtc or sizes
[   20.880327] tilcdc 4830e000.lcdc: [drm] Cannot find any crtc or sizes
[   21.799330] omap-sham 53100000.sham: hw accel on OMAP rev 4.3
[   21.838509] PM: Cannot get wkup_m3_ipc handle
[   21.936206] omap-sham 53100000.sham: will run requests pump with realtime priority
[   21.945216] PM: Cannot get wkup_m3_ipc handle
[   22.080525] omap-aes 53500000.aes: OMAP AES hw accel rev: 3.2
[   22.212535] omap-aes 53500000.aes: will run requests pump with realtime priority
[   22.221613] PM: Cannot get wkup_m3_ipc handle
[   23.744109] Bluetooth: Core ver 2.22
[   23.748207] NET: Registered PF_BLUETOOTH protocol family
[   23.753780] Bluetooth: HCI device and connection manager initialized
[   23.760197] Bluetooth: HCI socket layer initialized
[   23.765188] Bluetooth: L2CAP socket layer initialized
[   23.770307] Bluetooth: SCO socket layer initialized
[   25.726860] tda998x 0-0070: using DT '/ocp/interconnect@44c00000/segment@200000/target-module@b000/i2c@0/tda19988@70' for 'nxp,calib' GPIO lookup
[   25.727203] of_get_named_gpiod_flags: parsed 'nxp,calib-gpios' property of node '/ocp/interconnect@44c00000/segment@200000/target-module@b000/i2c@0/tda19988@70[0]' - status (0)
[   25.727304] gpio gpiochip0: Persistence not supported for GPIO 25
[   25.727320] gpio-537 (nxp,calib): no flags found for GPIO nxp,calib
[   25.740372] gpio-537 (nxp,calib): gpiod_direction_output_nonotify: tried to set a GPIO tied to an IRQ as output
[   25.791928] PM: Cannot get wkup_m3_ipc handle
[   25.797711] asoc-simple-card sound: using DT '/sound' for 'simple-audio-card,hp-det' GPIO lookup
[   25.797783] of_get_named_gpiod_flags: can't parse 'simple-audio-card,hp-det-gpios' property of node '/sound[0]'
[   25.797819] of_get_named_gpiod_flags: can't parse 'simple-audio-card,hp-det-gpio' property of node '/sound[0]'
[   25.797843] asoc-simple-card sound: using lookup tables for GPIO lookup
[   25.797857] asoc-simple-card sound: No GPIO consumer simple-audio-card,hp-det found
[   25.797873] asoc-simple-card sound: using DT '/sound' for 'simple-audio-card,mic-det' GPIO lookup
[   25.797897] of_get_named_gpiod_flags: can't parse 'simple-audio-card,mic-det-gpios' property of node '/sound[0]'
[   25.797922] of_get_named_gpiod_flags: can't parse 'simple-audio-card,mic-det-gpio' property of node '/sound[0]'
[   25.797941] asoc-simple-card sound: using lookup tables for GPIO lookup
[   25.797952] asoc-simple-card sound: No GPIO consumer simple-audio-card,mic-det found
[   25.974881] PM: Cannot get wkup_m3_ipc handle
[   26.026694] tda9950 0-0034: TDA9950 CEC interface, hardware version 3.3
[   26.143631] PM: Cannot get wkup_m3_ipc handle
[   28.598480] userial_init: registered 8 ttyGS* devices
[   28.828427] rndis_register: configNr = 0
[   28.899756] udc musb-hdrc.0: binding gadget driver [g_multi]
[   28.899858] configfs-gadget.g_multi gadget.0: adding 'rndis'/d839e1d3 to config 'c'/432d027a
[   28.901029] configfs-gadget.g_multi gadget.0: HOST MAC 1c:ba:8c:a2:ed:6c
[   28.908006] configfs-gadget.g_multi gadget.0: MAC 1c:ba:8c:a2:ed:70
[   28.914456] rndis_set_param_medium: 0 0
[   28.914480] configfs-gadget.g_multi gadget.0: RNDIS: IN/ep1in OUT/ep1out NOTIFY/ep2in
[   28.914497] configfs-gadget.g_multi gadget.0: adding 'cdc_ethernet'/81918ab5 to config 'c'/432d027a
[   28.915406] configfs-gadget.g_multi gadget.0: HOST MAC 1c:ba:8c:a2:ed:6c
[   28.922274] configfs-gadget.g_multi gadget.0: MAC 1c:ba:8c:a2:ed:6d
[   28.928608] configfs-gadget.g_multi gadget.0: CDC Ethernet: IN/ep3in OUT/ep2out NOTIFY/ep4in
[   28.928626] configfs-gadget.g_multi gadget.0: adding 'acm'/e7367cea to config 'c'/432d027a
[   28.928661] configfs-gadget.g_multi gadget.0: acm ttyGS0: IN/ep5in OUT/ep3out NOTIFY/ep6in
[   28.941719] PM: Cannot get wkup_m3_ipc handle
[   30.067676] configfs-gadget.g_multi gadget.0: eth_open
[   31.373829] configfs-gadget.g_multi gadget.0: stop stats: rx/tx 0/0, errs 0/0
[   35.360333] gs_open: ttyGS0 (076faa53,31723312)
[   35.360486] gs_close: ttyGS0 (076faa53,31723312) ...
[   35.360508] gs_close: ttyGS0 (076faa53,31723312) done!
[   35.376670] gs_open: ttyGS0 (107635fe,3caf5cc0)
[   35.376824] gs_close: ttyGS0 (107635fe,3caf5cc0) ...
[   35.376848] gs_close: ttyGS0 (107635fe,3caf5cc0) done!
[   35.547714] gs_open: ttyGS0 (107635fe,57305f08)
[   35.547946] gs_close: ttyGS0 (107635fe,57305f08) ...
[   35.547974] gs_close: ttyGS0 (107635fe,57305f08) done!
[   35.550344] gs_open: ttyGS0 (107635fe,75f6d23e)
TLLZPECGHQ 0
root@arm:~# echo 'BFVN''XMXMYX'
BFVNXMXMYX
root@arm:~# MARKER='JOAQ''ZNTWQM' run 'modprobe test_linear_ranges'
JOAQZNTWQMJOAQZNTWQM 0
root@arm:~# echo 'EZZH''NLAUXO'
EZZHNLAUXO
root@arm:~# MARKER='PXJH''EPHXQM' run dmesg
PXJHEPHXQM[    0.000000] Booting Linux on physical CPU 0x0
[    0.000000] Linux version 6.14.0-rc3-next-20250219 (user01@drvtest01) (arm-none-eabi-gcc (Arm GNU Toolchain 14.2.Rel1 (Build arm-14.52)) 14.2.1 20241119, GNU ld (Arm GNU Toolchain 14.2.Rel1 (Build arm-14.52)) 2.43.1.20241119) #1 SMP Wed Feb 19 09:27:09 EET 2025
[    0.000000] CPU: ARMv7 Processor [413fc082] revision 2 (ARMv7), cr=10c5387d
[    0.000000] CPU: PIPT / VIPT nonaliasing data cache, VIPT aliasing instruction cache
[    0.000000] OF: fdt: Machine model: TI AM335x BeagleBone Black
[    0.000000] Memory policy: Data cache writeback
[    0.000000] cma: Reserved 16 MiB at 0x9e800000 on node -1
[    0.000000] Zone ranges:
[    0.000000]   Normal   [mem 0x0000000080000000-0x000000009fdfffff]
[    0.000000]   HighMem  empty
[    0.000000] Movable zone start for each node
[    0.000000] Early memory node ranges
[    0.000000]   node   0: [mem 0x0000000080000000-0x000000009fdfffff]
[    0.000000] Initmem setup node 0 [mem 0x0000000080000000-0x000000009fdfffff]
[    0.000000] OF: reserved mem: Reserved memory: No reserved-memory node in the DT
[    0.000000] CPU: All CPU(s) started in SVC mode.
[    0.000000] AM335X ES2.1 (sgx neon)
[    0.000000] percpu: Embedded 17 pages/cpu s39628 r8192 d21812 u69632
[    0.000000] pcpu-alloc: s39628 r8192 d21812 u69632 alloc=17*4096
[    0.000000] pcpu-alloc: [0] 0 
[    0.000000] Kernel command line: console=ttyO0,115200n8 root=/dev/nfs rw nfsroot=192.168.255.126:/home/user01/nfs,nfsvers=3 ip=192.168.255.1:192.168.255.126::255.255.255.0:bbb1:eth0 nfsrootdebug
[    0.000000] Unknown kernel command line parameters "nfsrootdebug", will be passed to user space.
[    0.000000] printk: log buffer data + meta data: 65536 + 204800 = 270336 bytes
[    0.000000] Dentry cache hash table entries: 65536 (order: 6, 262144 bytes, linear)
[    0.000000] Inode-cache hash table entries: 32768 (order: 5, 131072 bytes, linear)
[    0.000000] Built 1 zonelists, mobility grouping on.  Total pages: 130560
[    0.000000] mem auto-init: stack:off, heap alloc:off, heap free:off
[    0.000000] SLUB: HWalign=16, Order=0-3, MinObjects=0, CPUs=1, Nodes=1
[    0.000000] rcu: Hierarchical RCU implementation.
[    0.000000] rcu: 	RCU event tracing is enabled.
[    0.000000] rcu: 	RCU restricting CPUs from NR_CPUS=2 to nr_cpu_ids=1.
[    0.000000] 	Tracing variant of Tasks RCU enabled.
[    0.000000] rcu: RCU calculated value of scheduler-enlistment delay is 10 jiffies.
[    0.000000] rcu: Adjusting geometry for rcu_fanout_leaf=16, nr_cpu_ids=1
[    0.000000] RCU Tasks Trace: Setting shift to 0 and lim to 1 rcu_task_cb_adjust=1 rcu_task_cpu_ids=1.
[    0.000000] NR_IRQS: 16, nr_irqs: 16, preallocated irqs: 16
[    0.000000] IRQ: Found an INTC at 0x(ptrval) (revision 5.0) with 128 interrupts
[    0.000000] rcu: srcu_init: Setting srcu_struct sizes based on contention.
[    0.000000] TI gptimer clocksource: always-on /ocp/interconnect@44c00000/segment@200000/target-module@31000
[    0.000003] sched_clock: 32 bits at 24MHz, resolution 41ns, wraps every 89478484971ns
[    0.000025] clocksource: dmtimer: mask: 0xffffffff max_cycles: 0xffffffff, max_idle_ns: 79635851949 ns
[    0.000496] TI gptimer clockevent: 24000000 Hz at /ocp/interconnect@48000000/segment@0/target-module@40000
[    0.002124] Console: colour dummy device 80x30
[    0.002188] WARNING: Your 'console=ttyO0' has been replaced by 'ttyS0'
[    0.002196] This ensures that you still see kernel messages. Please
[    0.002200] update your kernel commandline.
[    0.002242] Calibrating delay loop... 996.14 BogoMIPS (lpj=4980736)
[    0.090540] CPU: Testing write buffer coherency: ok
[    0.090661] CPU0: Spectre v2: using BPIALL workaround
[    0.090671] pid_max: default: 32768 minimum: 301
[    0.090825] LSM: initializing lsm=capability
[    0.090997] Mount-cache hash table entries: 1024 (order: 0, 4096 bytes, linear)
[    0.091015] Mountpoint-cache hash table entries: 1024 (order: 0, 4096 bytes, linear)
[    0.092606] CPU0: thread -1, cpu 0, socket -1, mpidr 0
[    0.092663] cacheinfo: Unable to detect cache hierarchy for CPU 0
[    0.160734] Setting up static identity map for 0x80100000 - 0x80100078
[    0.170693] rcu: Hierarchical SRCU implementation.
[    0.170705] rcu: 	Max phase no-delay instances is 1000.
[    0.190740] smp: Bringing up secondary CPUs ...
[    0.190798] smp: Brought up 1 node, 1 CPU
[    0.190811] SMP: Total of 1 processors activated (996.14 BogoMIPS).
[    0.190823] CPU: All CPU(s) started in SVC mode.
[    0.191012] Memory: 480832K/522240K available (11264K kernel code, 1214K rwdata, 2896K rodata, 1024K init, 287K bss, 23380K reserved, 16384K cma-reserved, 0K highmem)
[    0.191845] devtmpfs: initialized
[    0.209179] VFP support v0.3: implementor 41 architecture 3 part 30 variant c rev 3
[    0.209819] clocksource: jiffies: mask: 0xffffffff max_cycles: 0xffffffff, max_idle_ns: 19112604462750000 ns
[    0.209860] futex hash table entries: 256 (order: 2, 16384 bytes, linear)
[    0.211412] pinctrl core: initialized pinctrl subsystem
[    0.214213] NET: Registered PF_NETLINK/PF_ROUTE protocol family
[    0.216973] DMA: preallocated 256 KiB pool for atomic coherent allocations
[    0.217907] audit: initializing netlink subsys (disabled)
[    0.219262] thermal_sys: Registered thermal governor 'fair_share'
[    0.219277] thermal_sys: Registered thermal governor 'step_wise'
[    0.219287] thermal_sys: Registered thermal governor 'user_space'
[    0.219433] audit: type=2000 audit(0.210:1): state=initialized audit_enabled=0 res=1
[    0.219469] cpuidle: using governor menu
[    0.237353] /ocp/interconnect@44c00000/segment@200000/target-module@b000/i2c@0/tda19988@70: Fixed dependency cycle(s) with /ocp/interconnect@48000000/segment@300000/target-module@e000/lcdc@0
[    0.238451] /ocp/interconnect@48000000/segment@300000/target-module@e000/lcdc@0: Fixed dependency cycle(s) with /ocp/interconnect@44c00000/segment@200000/target-module@b000/i2c@0/tda19988@70
[    0.240790] No ATAGs?
[    0.240835] hw-breakpoint: debug architecture 0x4 unsupported.
[    0.243589] kprobes: kprobe jump-optimization is enabled. All kprobes are optimized if possible.
[    0.254077] iommu: Default domain type: Translated
[    0.254099] iommu: DMA domain TLB invalidation policy: strict mode
[    0.261230] reg-fixed-voltage fixedregulator0: using DT '/fixedregulator0' for '(default)' GPIO lookup
[    0.261282] of_get_named_gpiod_flags: can't parse 'gpios' property of node '/fixedregulator0[0]'
[    0.261310] of_get_named_gpiod_flags: can't parse 'gpio' property of node '/fixedregulator0[0]'
[    0.261328] reg-fixed-voltage fixedregulator0: using lookup tables for GPIO lookup
[    0.261338] reg-fixed-voltage fixedregulator0: No GPIO consumer (default) found
[    0.262383] SCSI subsystem initialized
[    0.262866] libata version 3.00 loaded.
[    0.263228] pps_core: LinuxPPS API ver. 1 registered
[    0.263239] pps_core: Software ver. 5.3.6 - Copyright 2005-2007 Rodolfo Giometti <giometti@linux.it>
[    0.263264] PTP clock support registered
[    0.270828] vgaarb: loaded
[    0.271187] clocksource: Switched to clocksource dmtimer
[    0.271856] VFS: Disk quotas dquot_6.6.0
[    0.271914] VFS: Dquot-cache hash table entries: 1024 (order 0, 4096 bytes)
[    0.295840] NET: Registered PF_INET protocol family
[    0.296189] IP idents hash table entries: 8192 (order: 4, 65536 bytes, linear)
[    0.297620] tcp_listen_portaddr_hash hash table entries: 512 (order: 0, 4096 bytes, linear)
[    0.297657] Table-perturb hash table entries: 65536 (order: 6, 262144 bytes, linear)
[    0.297677] TCP established hash table entries: 4096 (order: 2, 16384 bytes, linear)
[    0.297721] TCP bind hash table entries: 4096 (order: 4, 65536 bytes, linear)
[    0.297820] TCP: Hash tables configured (established 4096 bind 4096)
[    0.297942] UDP hash table entries: 256 (order: 1, 14336 bytes, linear)
[    0.297979] UDP-Lite hash table entries: 256 (order: 1, 14336 bytes, linear)
[    0.298178] NET: Registered PF_UNIX/PF_LOCAL protocol family
[    0.301946] RPC: Registered named UNIX socket transport module.
[    0.301969] RPC: Registered udp transport module.
[    0.301975] RPC: Registered tcp transport module.
[    0.301980] RPC: Registered tcp-with-tls transport module.
[    0.301985] RPC: Registered tcp NFSv4.1 backchannel transport module.
[    0.302008] PCI: CLS 0 bytes, default 64
[    0.303435] Initialise system trusted keyrings
[    0.311980] workingset: timestamp_bits=14 max_order=17 bucket_order=3
[    0.313371] NFS: Registering the id_resolver key type
[    0.313466] Key type id_resolver registered
[    0.313474] Key type id_legacy registered
[    0.313582] jffs2: version 2.2. (NAND) (SUMMARY)  Â© 2001-2006 Red Hat, Inc.
[    0.314013] Key type asymmetric registered
[    0.314031] Asymmetric key parser 'x509' registered
[    0.314092] io scheduler mq-deadline registered
[    0.314102] io scheduler kyber registered
[    0.314178] io scheduler bfq registered
[    0.315747] ledtrig-cpu: registered to indicate activity on CPUs
[    0.322071] Serial: 8250/16550 driver, 6 ports, IRQ sharing enabled
[    0.362090] brd: module loaded
[    0.389935] loop: module loaded
[    0.390845] mtdoops: mtd device (mtddev=name/number) must be supplied
[    0.392724] mdio_bus fixed-0: using lookup tables for GPIO lookup
[    0.392752] mdio_bus fixed-0: No GPIO consumer reset found
[    0.394089] i2c_dev: i2c /dev entries driver
[    0.395045] cpuidle: enable-method property 'ti,am3352' found operations
[    0.395494] sdhci: Secure Digital Host Controller Interface driver
[    0.395503] sdhci: Copyright(c) Pierre Ossman
[    0.395678] sdhci-pltfm: SDHCI platform and OF driver helper
[    0.396680] Initializing XFRM netlink socket
[    0.396858] NET: Registered PF_INET6 protocol family
[    0.405715] Segment Routing with IPv6
[    0.405809] In-situ OAM (IOAM) with IPv6
[    0.405916] sit: IPv6, IPv4 and MPLS over IPv4 tunneling driver
[    0.406870] NET: Registered PF_PACKET protocol family
[    0.406904] NET: Registered PF_KEY protocol family
[    0.407041] Key type dns_resolver registered
[    0.407274] ThumbEE CPU extension supported.
[    0.407295] Registering SWP/SWPB emulation handler
[    0.407838] omap_voltage_late_init: Voltage driver support not added
[    0.408181] SmartReflex Class3 initialized
[    0.431745] Loading compiled-in X.509 certificates
[    0.479464] /ocp/interconnect@44c00000/segment@200000/target-module@b000/i2c@0/tda19988@70: Fixed dependency cycle(s) with /ocp/interconnect@48000000/segment@300000/target-module@e000/lcdc@0
[    0.485954] /ocp/interconnect@44c00000/segment@200000/target-module@b000/i2c@0/tda19988@70: Fixed dependency cycle(s) with /ocp/interconnect@48000000/segment@300000/target-module@e000/lcdc@0
[    0.491479] gpiochip_find_base_unlocked: found new base at 512
[    0.525656] /ocp/interconnect@44c00000/segment@200000/target-module@b000/i2c@0/tda19988@70: Fixed dependency cycle(s) with /ocp/interconnect@48000000/segment@300000/target-module@e000/lcdc@0
[    0.526539] /ocp/interconnect@44c00000/segment@200000/target-module@b000/i2c@0/tda19988@70: Fixed dependency cycle(s) with /ocp/interconnect@48000000/segment@300000/target-module@e000/lcdc@0
[    0.529906] /ocp/interconnect@44c00000/segment@200000/target-module@10000/scm@0/pinmux@800: Fixed dependency cycle(s) with /ocp/interconnect@44c00000/segment@200000/target-module@10000/scm@0/pinmux@800/clkout2-pins
[    0.530497] pinctrl-single 44e10800.pinmux: 142 pins, size 568
[    0.535956] ti-sysc 44e31000.target-module: probe with driver ti-sysc failed with error -16
[    0.560843] /ocp/interconnect@48000000/segment@300000/target-module@e000/lcdc@0: Fixed dependency cycle(s) with /ocp/interconnect@44c00000/segment@200000/target-module@b000/i2c@0/tda19988@70
[    0.568833] ti-sysc 48040000.target-module: probe with driver ti-sysc failed with error -16
[    0.580058] gpiochip_find_base_unlocked: found new base at 512
[    0.580158] gpio gpiochip0: (gpio-0-31): created GPIO range 0->7 ==> 44e10800.pinmux PIN 0->7
[    0.580178] gpio gpiochip0: (gpio-0-31): created GPIO range 8->11 ==> 44e10800.pinmux PIN 90->93
[    0.580195] gpio gpiochip0: (gpio-0-31): created GPIO range 12->27 ==> 44e10800.pinmux PIN 12->27
[    0.580210] gpio gpiochip0: (gpio-0-31): created GPIO range 28->31 ==> 44e10800.pinmux PIN 30->33
[    0.615226] gpio gpiochip0: (gpio-0-31): added GPIO chardev (254:0)
[    0.615384] gpio gpiochip0: registered GPIOs 512 to 543 on gpio-0-31
[    0.615468] OMAP GPIO hardware version 0.1
[    0.640932] i2c i2c-2: using DT '/ocp/interconnect@48000000/segment@100000/target-module@9c000/i2c@0' for 'scl' GPIO lookup
[    0.641004] of_get_named_gpiod_flags: can't parse 'scl-gpios' property of node '/ocp/interconnect@48000000/segment@100000/target-module@9c000/i2c@0[0]'
[    0.641045] of_get_named_gpiod_flags: can't parse 'scl-gpio' property of node '/ocp/interconnect@48000000/segment@100000/target-module@9c000/i2c@0[0]'
[    0.641081] i2c i2c-2: using lookup tables for GPIO lookup
[    0.641090] i2c i2c-2: No GPIO consumer scl found
[    0.641112] i2c i2c-2: using DT '/ocp/interconnect@48000000/segment@100000/target-module@9c000/i2c@0' for 'sda' GPIO lookup
[    0.641309] of_get_named_gpiod_flags: can't parse 'sda-gpios' property of node '/ocp/interconnect@48000000/segment@100000/target-module@9c000/i2c@0[0]'
[    0.641362] of_get_named_gpiod_flags: can't parse 'sda-gpio' property of node '/ocp/interconnect@48000000/segment@100000/target-module@9c000/i2c@0[0]'
[    0.641396] i2c i2c-2: using lookup tables for GPIO lookup
[    0.641404] i2c i2c-2: No GPIO consumer sda found
[    0.642143] omap_i2c 4819c000.i2c: bus 2 rev0.11 at 100 kHz
[    0.647535] gpiochip_find_base_unlocked: found new base at 544
[    0.647637] gpio gpiochip1: (gpio-32-63): created GPIO range 0->17 ==> 44e10800.pinmux PIN 34->51
[    0.647663] gpio gpiochip1: (gpio-32-63): created GPIO range 18->21 ==> 44e10800.pinmux PIN 77->80
[    0.647681] gpio gpiochip1: (gpio-32-63): created GPIO range 22->31 ==> 44e10800.pinmux PIN 56->65
[    0.662873] gpio gpiochip1: (gpio-32-63): added GPIO chardev (254:1)
[    0.663028] gpio gpiochip1: registered GPIOs 544 to 575 on gpio-32-63
[    0.665235] gpiochip_find_base_unlocked: found new base at 576
[    0.665324] gpio gpiochip2: (gpio-64-95): created GPIO range 0->4 ==> 44e10800.pinmux PIN 66->70
[    0.665345] gpio gpiochip2: (gpio-64-95): created GPIO range 5->6 ==> 44e10800.pinmux PIN 98->99
[    0.665360] gpio gpiochip2: (gpio-64-95): created GPIO range 7->8 ==> 44e10800.pinmux PIN 75->76
[    0.665375] gpio gpiochip2: (gpio-64-95): created GPIO range 13->13 ==> 44e10800.pinmux PIN 141->141
[    0.665391] gpio gpiochip2: (gpio-64-95): created GPIO range 14->21 ==> 44e10800.pinmux PIN 100->107
[    0.666038] gpio gpiochip2: (gpio-64-95): added GPIO chardev (254:2)
[    0.666165] gpio gpiochip2: registered GPIOs 576 to 607 on gpio-64-95
[    0.671871] 48000000.interconnect:segment@200000:target-module@0:mpu@0:fck: device ID is greater than 24
[    0.672785] /ocp/interconnect@48000000/segment@300000/target-module@e000/lcdc@0: Fixed dependency cycle(s) with /ocp/interconnect@44c00000/segment@200000/target-module@b000/i2c@0/tda19988@70
[    0.675508] /ocp/interconnect@48000000/segment@300000/target-module@e000/lcdc@0: Fixed dependency cycle(s) with /ocp/interconnect@44c00000/segment@200000/target-module@b000/i2c@0/tda19988@70
[    0.676196] /ocp/interconnect@44c00000/segment@200000/target-module@b000/i2c@0/tda19988@70: Fixed dependency cycle(s) with /ocp/interconnect@48000000/segment@300000/target-module@e000/lcdc@0
[    0.676361] /ocp/interconnect@48000000/segment@300000/target-module@e000/lcdc@0: Fixed dependency cycle(s) with /ocp/interconnect@44c00000/segment@200000/target-module@b000/i2c@0/tda19988@70
[    0.685951] mdio_bus 4a101000.mdio: using DT '/ocp/interconnect@4a000000/segment@0/target-module@100000/switch@0/mdio@1000' for 'reset' GPIO lookup
[    0.686025] of_get_named_gpiod_flags: can't parse 'reset-gpios' property of node '/ocp/interconnect@4a000000/segment@0/target-module@100000/switch@0/mdio@1000[0]'
[    0.686071] of_get_named_gpiod_flags: can't parse 'reset-gpio' property of node '/ocp/interconnect@4a000000/segment@0/target-module@100000/switch@0/mdio@1000[0]'
[    0.686118] mdio_bus 4a101000.mdio: using lookup tables for GPIO lookup
[    0.686128] mdio_bus 4a101000.mdio: No GPIO consumer reset found
[    0.687257] sdhci-omap 481d8000.mmc: using DT '/ocp/interconnect@48000000/segment@100000/target-module@d8000/mmc@0' for 'wp' GPIO lookup
[    0.687318] of_get_named_gpiod_flags: can't parse 'wp-gpios' property of node '/ocp/interconnect@48000000/segment@100000/target-module@d8000/mmc@0[0]'
[    0.687362] of_get_named_gpiod_flags: can't parse 'wp-gpio' property of node '/ocp/interconnect@48000000/segment@100000/target-module@d8000/mmc@0[0]'
[    0.687395] sdhci-omap 481d8000.mmc: using lookup tables for GPIO lookup
[    0.687405] sdhci-omap 481d8000.mmc: No GPIO consumer wp found
[    0.687598] sdhci-omap 481d8000.mmc: supply pbias not found, using dummy regulator
[    0.688103] sdhci-omap 481d8000.mmc: supply vqmmc not found, using dummy regulator
[    0.746954] davinci_mdio 4a101000.mdio: davinci mdio revision 1.6, bus freq 1000000
[    0.748424] mdio_bus 4a101000.mdio:00: using DT '/ocp/interconnect@4a000000/segment@0/target-module@100000/switch@0/mdio@1000/ethernet-phy@0' for 'reset' GPIO lookup
[    0.748526] of_get_named_gpiod_flags: parsed 'reset-gpios' property of node '/ocp/interconnect@4a000000/segment@0/target-module@100000/switch@0/mdio@1000/ethernet-phy@0[0]' - status (0)
[    0.748682] gpio gpiochip0: Persistence not supported for GPIO 8
[    0.854995] davinci_mdio 4a101000.mdio: phy[0]: device 4a101000.mdio:00, driver SMSC LAN8710/LAN8720
[    0.855786] cpsw-switch 4a100000.switch: initialized cpsw ale version 1.4
[    0.855807] cpsw-switch 4a100000.switch: ALE Table size 1024, Policers 0
[    0.856104] cpsw-switch 4a100000.switch: cpts: overflow check period 500 (jiffies)
[    0.856122] cpsw-switch 4a100000.switch: CPTS: ref_clk_freq:250000000 calc_mult:2147483648 calc_shift:29 error:0 nsec/sec
[    0.856233] cpsw-switch 4a100000.switch: Detected MACID = 6c:ec:eb:68:de:78
[    0.858048] cpsw-switch 4a100000.switch: initialized (regs 0x4a100000, pool size 256) hw_ver:0019010C 1.12 (0)
[    0.868991] debugfs: Directory '49000000.dma' with parent 'dmaengine' already present!
[    0.869034] edma 49000000.dma: TI EDMA DMA engine driver
[    0.914552] target-module@4b000000:target-module@140000:pmu@0:fck: device ID is greater than 24
[    0.926563] hw perfevents: enabled with armv7_cortex_a8 PMU driver, 5 (8000000f) counters available
[    0.927497] gpio-clk clk_mcasp0: using DT '/clk_mcasp0' for 'enable' GPIO lookup
[    0.927563] of_get_named_gpiod_flags: parsed 'enable-gpios' property of node '/clk_mcasp0[0]' - status (0)
[    0.927604] gpio gpiochip0: Persistence not supported for GPIO 27
[    0.928411] gpiochip_find_base_unlocked: found new base at 608
[    0.928519] gpio gpiochip3: (gpio-96-127): created GPIO range 0->7 ==> 44e10800.pinmux PIN 82->89
[    0.928540] gpio gpiochip3: (gpio-96-127): created GPIO range 8->11 ==> 44e10800.pinmux PIN 52->55
[    0.928556] gpio gpiochip3: (gpio-96-127): created GPIO range 12->15 ==> 44e10800.pinmux PIN 94->97
[    0.928571] gpio gpiochip3: (gpio-96-127): created GPIO range 16->17 ==> 44e10800.pinmux PIN 71->72
[    0.928586] gpio gpiochip3: (gpio-96-127): created GPIO range 18->18 ==> 44e10800.pinmux PIN 135->135
[    0.928621] gpio gpiochip3: (gpio-96-127): created GPIO range 19->20 ==> 44e10800.pinmux PIN 108->109
[    0.928639] gpio gpiochip3: (gpio-96-127): created GPIO range 21->21 ==> 44e10800.pinmux PIN 73->73
[    0.928656] gpio gpiochip3: (gpio-96-127): created GPIO range 22->23 ==> 44e10800.pinmux PIN 8->9
[    0.928673] gpio gpiochip3: (gpio-96-127): created GPIO range 26->27 ==> 44e10800.pinmux PIN 10->11
[    0.928691] gpio gpiochip3: (gpio-96-127): created GPIO range 28->28 ==> 44e10800.pinmux PIN 74->74
[    0.928709] gpio gpiochip3: (gpio-96-127): created GPIO range 29->29 ==> 44e10800.pinmux PIN 81->81
[    0.928727] gpio gpiochip3: (gpio-96-127): created GPIO range 30->31 ==> 44e10800.pinmux PIN 28->29
[    0.934283] l3-aon-clkctrl:0000:0: failed to disable
[    0.942794] gpio gpiochip3: (gpio-96-127): added GPIO chardev (254:3)
[    0.942943] gpio gpiochip3: registered GPIOs 608 to 639 on gpio-96-127
[    0.944671] omap8250 44e09000.serial: using DT '/ocp/interconnect@44c00000/segment@200000/target-module@9000/serial@0' for 'rs485-term' GPIO lookup
[    0.944739] of_get_named_gpiod_flags: can't parse 'rs485-term-gpios' property of node '/ocp/interconnect@44c00000/segment@200000/target-module@9000/serial@0[0]'
[    0.944781] of_get_named_gpiod_flags: can't parse 'rs485-term-gpio' property of node '/ocp/interconnect@44c00000/segment@200000/target-module@9000/serial@0[0]'
[    0.944818] omap8250 44e09000.serial: using lookup tables for GPIO lookup
[    0.944828] omap8250 44e09000.serial: No GPIO consumer rs485-term found
[    0.944838] omap8250 44e09000.serial: using DT '/ocp/interconnect@44c00000/segment@200000/target-module@9000/serial@0' for 'rs485-rx-during-tx' GPIO lookup
[    0.944873] of_get_named_gpiod_flags: can't parse 'rs485-rx-during-tx-gpios' property of node '/ocp/interconnect@44c00000/segment@200000/target-module@9000/serial@0[0]'
[    0.944909] of_get_named_gpiod_flags: can't parse 'rs485-rx-during-tx-gpio' property of node '/ocp/interconnect@44c00000/segment@200000/target-module@9000/serial@0[0]'
[    0.944940] omap8250 44e09000.serial: using lookup tables for GPIO lookup
[    0.944948] omap8250 44e09000.serial: No GPIO consumer rs485-rx-during-tx found
[    0.945341] 44e09000.serial: ttyS0 at MMIO 0x44e09000 (irq = 34, base_baud = 3000000) is a 8250
[    0.945426] printk: legacy console [ttyS0] enabled
[    2.468019] i2c i2c-0: using DT '/ocp/interconnect@44c00000/segment@200000/target-module@b000/i2c@0' for 'scl' GPIO lookup
[    2.468108] of_get_named_gpiod_flags: can't parse 'scl-gpios' property of node '/ocp/interconnect@44c00000/segment@200000/target-module@b000/i2c@0[0]'
[    2.468155] of_get_named_gpiod_flags: can't parse 'scl-gpio' property of node '/ocp/interconnect@44c00000/segment@200000/target-module@b000/i2c@0[0]'
[    2.468195] i2c i2c-0: using lookup tables for GPIO lookup
[    2.468209] i2c i2c-0: No GPIO consumer scl found
[    2.468233] i2c i2c-0: using DT '/ocp/interconnect@44c00000/segment@200000/target-module@b000/i2c@0' for 'sda' GPIO lookup
[    2.468273] of_get_named_gpiod_flags: can't parse 'sda-gpios' property of node '/ocp/interconnect@44c00000/segment@200000/target-module@b000/i2c@0[0]'
[    2.468314] of_get_named_gpiod_flags: can't parse 'sda-gpio' property of node '/ocp/interconnect@44c00000/segment@200000/target-module@b000/i2c@0[0]'
[    2.468348] i2c i2c-0: using lookup tables for GPIO lookup
[    2.468359] i2c i2c-0: No GPIO consumer sda found
[    2.482181] tps65217-pmic: Failed to locate of_node [id: -1]
[    2.488244] tps65217-bl: Failed to locate of_node [id: -1]
[    2.499614] tps65217 0-0024: TPS65217 ID 0xe version 1.2
[    2.505760] /ocp/interconnect@48000000/segment@300000/target-module@e000/lcdc@0: Fixed dependency cycle(s) with /ocp/interconnect@44c00000/segment@200000/target-module@b000/i2c@0/tda19988@70
[    2.523125] /ocp/interconnect@44c00000/segment@200000/target-module@b000/i2c@0/tda19988@70: Fixed dependency cycle(s) with /ocp/interconnect@48000000/segment@300000/target-module@e000/lcdc@0
[    2.540508] omap_i2c 44e0b000.i2c: bus 0 rev0.11 at 400 kHz
[    2.548291] sdhci-omap 48060000.mmc: using DT '/ocp/interconnect@48000000/segment@0/target-module@60000/mmc@0' for 'cd' GPIO lookup
[    2.548399] of_get_named_gpiod_flags: parsed 'cd-gpios' property of node '/ocp/interconnect@48000000/segment@0/target-module@60000/mmc@0[0]' - status (0)
[    2.548466] gpio gpiochip3: Persistence not supported for GPIO 6
[    2.548490] omap_gpio 44e07000.gpio: Could not set line 6 debounce to 200000 microseconds (-22)
[    2.557372] sdhci-omap 48060000.mmc: Got CD GPIO
[    2.562056] sdhci-omap 48060000.mmc: using DT '/ocp/interconnect@48000000/segment@0/target-module@60000/mmc@0' for 'wp' GPIO lookup
[    2.562108] of_get_named_gpiod_flags: can't parse 'wp-gpios' property of node '/ocp/interconnect@48000000/segment@0/target-module@60000/mmc@0[0]'
[    2.562151] of_get_named_gpiod_flags: can't parse 'wp-gpio' property of node '/ocp/interconnect@48000000/segment@0/target-module@60000/mmc@0[0]'
[    2.562190] sdhci-omap 48060000.mmc: using lookup tables for GPIO lookup
[    2.562203] sdhci-omap 48060000.mmc: No GPIO consumer wp found
[    2.562409] sdhci-omap 48060000.mmc: supply pbias not found, using dummy regulator
[    2.571090] sdhci-omap 481d8000.mmc: using DT '/ocp/interconnect@48000000/segment@100000/target-module@d8000/mmc@0' for 'wp' GPIO lookup
[    2.571288] of_get_named_gpiod_flags: can't parse 'wp-gpios' property of node '/ocp/interconnect@48000000/segment@100000/target-module@d8000/mmc@0[0]'
[    2.571341] of_get_named_gpiod_flags: can't parse 'wp-gpio' property of node '/ocp/interconnect@48000000/segment@100000/target-module@d8000/mmc@0[0]'
[    2.571382] sdhci-omap 481d8000.mmc: using lookup tables for GPIO lookup
[    2.571396] sdhci-omap 481d8000.mmc: No GPIO consumer wp found
[    2.572686] sdhci-omap 48060000.mmc: supply vqmmc not found, using dummy regulator
[    2.581679] sdhci-omap 481d8000.mmc: supply pbias not found, using dummy regulator
[    2.589680] sdhci-omap 481d8000.mmc: supply vqmmc not found, using dummy regulator
[    2.731762] mmc1: SDHCI controller on 481d8000.mmc [481d8000.mmc] using External DMA
[    2.740094] mmc0: SDHCI controller on 48060000.mmc [48060000.mmc] using External DMA
[    2.748914] cpsw-switch 4a100000.switch: starting ndev. mode: dual_mac
[    2.800310] mmc0: new high speed SDHC card at address 5048
[    2.807371] mmcblk0: mmc0:5048 SD16G 14.4 GiB
[    2.815426]  mmcblk0: p1 p2
[    2.818820] mmcblk0: p2 size 31221760 extends beyond EOD, truncated
[    2.832466] SMSC LAN8710/LAN8720 4a101000.mdio:00: attached PHY driver (mii_bus:phy_addr=4a101000.mdio:00, irq=POLL)
[    2.844563] mmc1: new high speed MMC card at address 0001
[    2.851582] mmcblk1: mmc1:0001 MMC04G 3.60 GiB
[    2.863587]  mmcblk1: p1 p2
[    2.867845] mmcblk1boot0: mmc1:0001 MMC04G 2.00 MiB
[    2.875260] mmcblk1boot1: mmc1:0001 MMC04G 2.00 MiB
[    2.882736] mmcblk1rpmb: mmc1:0001 MMC04G 128 KiB, chardev (250:0)
[    6.001961] cpsw-switch 4a100000.switch eth0: Link is Up - 100Mbps/Full - flow control off
[    6.031211] IP-Config: Complete:
