Labgrid Console Logfile for main
Logfile started at 2025-09-12 09:05:55.479138
=== Log starts here ===
reading args
spl_load_image_fat_os: error reading image args, err - -1
reading u-boot.img
reading u-boot.img


U-Boot 2014.04-00014-g47880f5 (Apr 22 2014 - 13:23:54)

I2C:   ready
DRAM:  512 MiB
NAND:  0 MiB
MMC:   OMAP SD/MMC: 0, OMAP SD/MMC: 1
*** Warning - readenv() failed, using default environment

Net:   <ethaddr> not set. Validating first E-fuse MAC
cpsw, usb_ether
Hit any key to stop autoboot:  1  0 
gpio: pin 53 (gpio 53) value is 1
mmc0 is current device
gpio: pin 54 (gpio 54) value is 1
SD/MMC found on device 0
reading uEnv.txt
569 bytes read in 3 ms (184.6 KiB/s)
gpio: pin 55 (gpio 55) value is 1
Loaded environment from uEnv.txt
Importing environment from mmc ...
Checking if uenvcmd is set ...
gpio: pin 56 (gpio 56) value is 1
Running uenvcmd ...
cpsw Waiting for PHY auto negotiation to complete. done
link up on port 0, speed 100, full duplex
Using cpsw device
TFTP from server 192.168.255.126; our IP address is 192.168.255.1
Filename 'zImage'.
Load address: 0x81000000
Loading: *#################################################################
	 #################################################################
	 #################################################################
	 #################################################################
	 #################################################################
	 ##############################################################
	 2.4 MiB/s
done
Bytes transferred = 5667040 (5678e0 hex)
link up on port 0, speed 100, full duplex
Using cpsw device
TFTP from server 192.168.255.126; our IP address is 192.168.255.1
Filename 'am335x-boneblack.dtb'.
Load address: 0x82000000
Loading: *#######
	 1.4 MiB/s
done
Bytes transferred = 98148 (17f64 hex)
Kernel image @ 0x81000000 [ 0x000000 - 0x5678e0 ]
## Flattened Device Tree blob at 82000000
   Booting using the fdt blob at 0x82000000
   Using Device Tree in place at 82000000, end 8201af63

Starting kernel ...

[    0.000000] Booting Linux on physical CPU 0x0
[    0.000000] Linux version 6.17.0-rc5-next-20250912 (user01@drvtest01) (arm-none-eabi-gcc (Arm GNU Toolchain 14.2.Rel1 (Build arm-14.52)) 14.2.1 20241119, GNU ld (Arm GNU Toolchain 14.2.Rel1 (Build arm-14.52)) 2.43.1.20241119) #1 SMP Fri Sep 12 09:04:19 EEST 2025
[    0.000000] CPU: ARMv7 Processor [413fc082] revision 2 (ARMv7), cr=10c5387d
[    0.000000] CPU: PIPT / VIPT nonaliasing data cache, VIPT aliasing instruction cache
[    0.000000] OF: fdt: Machine model: TI AM335x BeagleBone Black
[    0.000000] Memory policy: Data cache writeback
[    0.000000] cma: Reserved 16 MiB at 0x9e800000
[    0.000000] Zone ranges:
[    0.000000]   Normal   [mem 0x0000000080000000-0x000000009fdfffff]
[    0.000000]   HighMem  empty
[    0.000000] Movable zone start for each node
[    0.000000] Early memory node ranges
[    0.000000]   node   0: [mem 0x0000000080000000-0x000000009fdfffff]
[    0.000000] Initmem setup node 0 [mem 0x0000000080000000-0x000000009fdfffff]
[    0.000000] On node 0, zone Normal: 512 pages in unavailable ranges
[    0.000000] OF: reserved mem: Reserved memory: No reserved-memory node in the DT
[    0.000000] CPU: All CPU(s) started in SVC mode.
[    0.000000] AM335X ES2.1 (sgx neon)
[    0.000000] percpu: Embedded 17 pages/cpu s39820 r8192 d21620 u69632
[    0.000000] Kernel command line: console=ttyO0,115200n8 root=/dev/nfs rw nfsroot=192.168.255.126:/home/user01/nfs,nfsvers=3 ip=192.168.255.1:192.168.255.126::255.255.255.0:bbb1:eth0 nfsrootdebug
[    0.000000] Unknown kernel command line parameters "nfsrootdebug", will be passed to user space.
[    0.000000] printk: log buffer data + meta data: 65536 + 204800 = 270336 bytes
[    0.000000] Dentry cache hash table entries: 65536 (order: 6, 262144 bytes, linear)
[    0.000000] Inode-cache hash table entries: 32768 (order: 5, 131072 bytes, linear)
[    0.000000] Built 1 zonelists, mobility grouping on.  Total pages: 130560
[    0.000000] mem auto-init: stack:off, heap alloc:off, heap free:off
[    0.000000] SLUB: HWalign=16, Order=0-3, MinObjects=0, CPUs=1, Nodes=1
[    0.000000] rcu: Hierarchical RCU implementation.
[    0.000000] rcu: 	RCU event tracing is enabled.
[    0.000000] rcu: 	RCU restricting CPUs from NR_CPUS=2 to nr_cpu_ids=1.
[    0.000000] 	Tracing variant of Tasks RCU enabled.
[    0.000000] rcu: RCU calculated value of scheduler-enlistment delay is 10 jiffies.
[    0.000000] rcu: Adjusting geometry for rcu_fanout_leaf=16, nr_cpu_ids=1
[    0.000000] RCU Tasks Trace: Setting shift to 0 and lim to 1 rcu_task_cb_adjust=1 rcu_task_cpu_ids=1.
[    0.000000] NR_IRQS: 16, nr_irqs: 16, preallocated irqs: 16
[    0.000000] IRQ: Found an INTC at 0x(ptrval) (revision 5.0) with 128 interrupts
[    0.000000] rcu: srcu_init: Setting srcu_struct sizes based on contention.
[    0.000000] TI gptimer clocksource: always-on /ocp/interconnect@44c00000/segment@200000/target-module@31000
[    0.000003] sched_clock: 32 bits at 24MHz, resolution 41ns, wraps every 89478484971ns
[    0.000025] clocksource: dmtimer: mask: 0xffffffff max_cycles: 0xffffffff, max_idle_ns: 79635851949 ns
[    0.000498] TI gptimer clockevent: 24000000 Hz at /ocp/interconnect@48000000/segment@0/target-module@40000
[    0.002067] Console: colour dummy device 80x30
[    0.002133] WARNING: Your 'console=ttyO0' has been replaced by 'ttyS0'
[    0.002141] This ensures that you still see kernel messages. Please
[    0.002146] update your kernel commandline.
[    0.002189] Calibrating delay loop... 996.14 BogoMIPS (lpj=4980736)
[    0.090610] CPU: Testing write buffer coherency: ok
[    0.090693] CPU0: Spectre v2: using BPIALL workaround
[    0.090703] pid_max: default: 32768 minimum: 301
[    0.090868] LSM: initializing lsm=capability
[    0.091024] Mount-cache hash table entries: 1024 (order: 0, 4096 bytes, linear)
[    0.091044] Mountpoint-cache hash table entries: 1024 (order: 0, 4096 bytes, linear)
[    0.092621] CPU0: thread -1, cpu 0, socket -1, mpidr 0
[    0.092682] cacheinfo: Unable to detect cache hierarchy for CPU 0
[    0.094693] Setting up static identity map for 0x80100000 - 0x80100078
[    0.095003] rcu: Hierarchical SRCU implementation.
[    0.095013] rcu: 	Max phase no-delay instances is 1000.
[    0.096693] smp: Bringing up secondary CPUs ...
[    0.096746] smp: Brought up 1 node, 1 CPU
[    0.096758] SMP: Total of 1 processors activated (996.14 BogoMIPS).
[    0.096770] CPU: All CPU(s) started in SVC mode.
[    0.096964] Memory: 480872K/522240K available (11264K kernel code, 1221K rwdata, 2944K rodata, 1024K init, 255K bss, 23332K reserved, 16384K cma-reserved, 0K highmem)
[    0.097781] devtmpfs: initialized
[    0.115277] VFP support v0.3: implementor 41 architecture 3 part 30 variant c rev 3
[    0.115922] clocksource: jiffies: mask: 0xffffffff max_cycles: 0xffffffff, max_idle_ns: 19112604462750000 ns
[    0.115980] posixtimers hash table entries: 512 (order: 0, 4096 bytes, linear)
[    0.116006] futex hash table entries: 256 (16384 bytes on 1 NUMA nodes, total 16 KiB, linear).
[    0.117131] pinctrl core: initialized pinctrl subsystem
[    0.119224] NET: Registered PF_NETLINK/PF_ROUTE protocol family
[    0.122289] DMA: preallocated 256 KiB pool for atomic coherent allocations
[    0.122888] audit: initializing netlink subsys (disabled)
[    0.124214] thermal_sys: Registered thermal governor 'fair_share'
[    0.124229] thermal_sys: Registered thermal governor 'step_wise'
[    0.124239] thermal_sys: Registered thermal governor 'user_space'
[    0.124349] audit: type=2000 audit(0.120:1): state=initialized audit_enabled=0 res=1
[    0.124422] cpuidle: using governor menu
[    0.142326] /ocp/interconnect@44c00000/segment@200000/target-module@b000/i2c@0/tda19988@70: Fixed dependency cycle(s) with /ocp/interconnect@48000000/segment@300000/target-module@e000/lcdc@0
[    0.143451] /ocp/interconnect@48000000/segment@300000/target-module@e000/lcdc@0: Fixed dependency cycle(s) with /ocp/interconnect@44c00000/segment@200000/target-module@b000/i2c@0/tda19988@70
[    0.145675] No ATAGs?
[    0.145713] hw-breakpoint: debug architecture 0x4 unsupported.
[    0.148801] kprobes: kprobe jump-optimization is enabled. All kprobes are optimized if possible.
[    0.153802] iommu: Default domain type: Translated
[    0.153825] iommu: DMA domain TLB invalidation policy: strict mode
[    0.161676] SCSI subsystem initialized
[    0.162517] pps_core: LinuxPPS API ver. 1 registered
[    0.162529] pps_core: Software ver. 5.3.6 - Copyright 2005-2007 Rodolfo Giometti <giometti@linux.it>
[    0.162554] PTP clock support registered
[    0.170997] vgaarb: loaded
[    0.171357] clocksource: Switched to clocksource dmtimer
[    0.172020] VFS: Disk quotas dquot_6.6.0
[    0.172079] VFS: Dquot-cache hash table entries: 1024 (order 0, 4096 bytes)
[    0.196442] NET: Registered PF_INET protocol family
[    0.196773] IP idents hash table entries: 8192 (order: 4, 65536 bytes, linear)
[    0.198184] tcp_listen_portaddr_hash hash table entries: 512 (order: 0, 4096 bytes, linear)
[    0.198224] Table-perturb hash table entries: 65536 (order: 6, 262144 bytes, linear)
[    0.198243] TCP established hash table entries: 4096 (order: 2, 16384 bytes, linear)
[    0.198288] TCP bind hash table entries: 4096 (order: 4, 65536 bytes, linear)
[    0.198388] TCP: Hash tables configured (established 4096 bind 4096)
[    0.198512] UDP hash table entries: 256 (order: 1, 14336 bytes, linear)
[    0.198546] UDP-Lite hash table entries: 256 (order: 1, 14336 bytes, linear)
[    0.198754] NET: Registered PF_UNIX/PF_LOCAL protocol family
[    0.202386] RPC: Registered named UNIX socket transport module.
[    0.202411] RPC: Registered udp transport module.
[    0.202416] RPC: Registered tcp transport module.
[    0.202421] RPC: Registered tcp-with-tls transport module.
[    0.202425] RPC: Registered tcp NFSv4.1 backchannel transport module.
[    0.202451] PCI: CLS 0 bytes, default 64
[    0.203856] Initialise system trusted keyrings
[    0.212031] workingset: timestamp_bits=14 max_order=17 bucket_order=3
[    0.213472] NFS: Registering the id_resolver key type
[    0.213531] Key type id_resolver registered
[    0.213538] Key type id_legacy registered
[    0.213647] jffs2: version 2.2. (NAND) (SUMMARY)  Â© 2001-2006 Red Hat, Inc.
[    0.214096] Key type asymmetric registered
[    0.214114] Asymmetric key parser 'x509' registered
[    0.214189] io scheduler mq-deadline registered
[    0.214199] io scheduler kyber registered
[    0.214277] io scheduler bfq registered
[    0.216152] target-module@4b000000:target-module@140000:pmu@0:fck: device ID is greater than 24
[    0.222340] l3-aon-clkctrl:0000:0: failed to disable
[    0.232088] ledtrig-cpu: registered to indicate activity on CPUs
[    0.235901] Serial: 8250/16550 driver, 6 ports, IRQ sharing enabled
[    0.282625] brd: module loaded
[    0.291275] loop: module loaded
[    0.292356] mtdoops: mtd device (mtddev=name/number) must be supplied
[    0.295394] i2c_dev: i2c /dev entries driver
[    0.296410] cpuidle: enable-method property 'ti,am3352' found operations
[    0.296863] sdhci: Secure Digital Host Controller Interface driver
[    0.296874] sdhci: Copyright(c) Pierre Ossman
[    0.297055] sdhci-pltfm: SDHCI platform and OF driver helper
[    0.317395] hw perfevents: enabled with armv7_cortex_a8 PMU driver, 5 (8000000f) counters available
[    0.317952] Initializing XFRM netlink socket
[    0.318120] NET: Registered PF_INET6 protocol family
[    0.323776] l3-aon-clkctrl:0000:0: failed to disable
[    0.325401] Segment Routing with IPv6
[    0.325481] In-situ OAM (IOAM) with IPv6
[    0.325577] sit: IPv6, IPv4 and MPLS over IPv4 tunneling driver
[    0.326540] NET: Registered PF_PACKET protocol family
[    0.326571] NET: Registered PF_KEY protocol family
[    0.326695] Key type dns_resolve r registered
[    0.326916] ThumbEE CPU extension supported.
[    0.326937] Registering SWP/SWPB emulation handler
[    0.327463] omap_voltage_late_init: Voltage driver support not added
[    0.328121] SmartReflex Class3 initialized
[    0.351682] Loading compiled-in X.509 certificates
[    0.383204] /ocp/interconnect@44c00000/segment@200000/target-module@b000/i2c@0/tda19988@70: Fixed dependency cycle(s) with /ocp/interconnect@48000000/segment@300000/target-module@e000/lcdc@0
[    0.389645] /ocp/in terconnect@44c00000/segment@200000/target-module@b000/i2c@0/tda19988@70: Fixed dependency cycle(s) with /ocp/interconnect@48000000/segment@300000/target-module@e000/lcdc@0
[    0.422026] /ocp/interconnect@44c00000/segment@200000/target-module@b000/i2c@0/tda19988@70: Fixed dependency cycle(s) with /ocp/interconnect@48000000/segment@300000/target-module@e000/lcdc@0
[    0.422980] /ocp/interconnect@44c00000/segment@200000/target-module@b000/i2c@0/tda19988@70: Fixed dependency cycle(s) with /ocp/interconnect@48000000/segment@300000/target-module@e000/lcdc@0
[    0.426527] /ocp/interconnect@44c00000/segment@200000/target-module@10000/scm@0/pinmux@800: Fixed dependency cycle(s) with /ocp/interconnect@44c00000/segment@200000/target-module@10000/scm@0/pinmux@800/clkout2-pins
[    0.427114] pinctrl-single 44e10800.pinmux: 142 pins, size 568
[    0.432664] ti-sysc 44e31000.target-module: probe with driver ti-sysc failed with error -16
[    0.456863] /ocp/interconnect@48000000/segment@300000/target-module@e000/lcdc@0: Fixed dependency cycle(s) with /ocp/interconnect@44c00000/segment@200000/target-module@b000/i2c@0/tda19988@70
[    0.465357] ti-sysc 48040000.target-module: probe with driver ti-sysc failed with error -16
[    0.524270] OMAP GPIO hardware version 0.1
[    0.550850] omap_i2c 4819c000.i2c: bus 2 rev0.11 at 100 kHz
[    0.588178] 48000000.interconnect:segment@200000:target-module@0:mpu@0:fck: device ID is greater than 24
[    0.589089] /ocp/interconnect@48000000/segment@300000/target-module@e000/lcdc@0
[    2.442284] tps65217-pmic: Failed to locate of_node [id: -1]
[    2.448359] tps65217-bl: Failed to locate of_node [id: -1]
[    2.454413] platform tps65217-charger: DMA mask not set
[    2.460443] platform tps65217-pwrbutton: DMA mask not set
[    2.467678] tps65217 0-0024: TPS65217 ID 0xe version 1.2
[    2.473787] /ocp/interconnect@48000000/segment@300000/target-module@e000/lcdc@0: Fixed dependency cycle(s) with /ocp/interconnect@44c00000/segment@200000/target-module@b000/i2c@0/tda19988@70
[    2.491193] /ocp/interconnect@44c00000/segment@200000/target-module@b000/i2c@0/tda19988@70: Fixed dependency cycle(s) with /ocp/interconnect@48000000/segment@300000/target-module@e000/lcdc@0
[    2.508578] omap_i2c 44e0b000.i2c: bus 0 rev0.11 at 400 kHz
[    2.516573] omap_gpio 44e07000.gpio: Could not set line 6 debounce to 200000 microseconds (-22)
[    2.525459] sdhci-omap 48060000.mmc: Got CD GPIO
[    2.530467] sdhci-omap 48060000.mmc: supply pbias not found, using dummy regulator
[    2.541058] sdhci-omap 48060000.mmc: supply vqmmc not found, using dummy regulator
[    2.549596] sdhci-omap 481d8000.mmc: supply pbias not found, using dummy regulator
[    2.558254] sdhci-omap 481d8000.mmc: supply vqmmc not found, using dummy regulator
[    2.595063] mmc0: SDHCI controller on 48060000.mmc [48060000.mmc] using External DMA
[    2.603306] mmc1: SDHCI controller on 481d8000.mmc [481d8000.mmc] using External DMA
[    2.612140] cpsw-switch 4a100000.switch: starting ndev. mode: dual_mac
[    2.681648] mmc1: new high speed MMC card at address 0001
[    2.688461] mmcblk1: mmc1:0001 MMC04G 3.60 GiB
[    2.696354]  mmcblk1: p1 p2
[    2.700072] SMSC LAN8710/LAN8720 4a101000.mdio:00: attached PHY driver (mii_bus:phy_addr=4a101000.mdio:00, irq=POLL)
[    2.717144] mmcblk1boot0: mmc1:0001 MMC04G 2.00 MiB
[    2.726523] mmcblk1boot1: mmc1:0001 MMC04G 2.00 MiB
[    2.735380] mmcblk1rpmb: mmc1:0001 MMC04G 128 KiB, chardev (249:0)
[    2.784423] mmc0: new high speed SDHC card at address aaaa
[    2.791246] mmcblk0: mmc0:aaaa SE32G 29.7 GiB
[    2.800638]  mmcblk0: p1 p2
[    5.842119] cpsw-switch 4a100000.switch eth0: Link is Up - 100Mbps/Full - flow control off
[    5.871368] IP-Config: Complete:
[    5.874637]      device=eth0, hwaddr=6c:ec:eb:68:de:78, ipaddr=192.168.255.1, mask=255.255.255.0, gw=255.255.255.255
[    5.885278]      host=bbb1, domain=, nis-domain=(none)
[    5.890445]      bootserver=192.168.255.126, rootserver=192.168.255.126, rootpath=
[    5.890878] clk: Disabling unused clocks
[    5.902741] PM: genpd: Disabling unused power domains
[    5.907889] KTAP version 1
[    5.910612] 1..0
[    5.913350] check access for rdinit=/init failed: -2, ignoring
[    5.952287] VFS: Mounted root (nfs filesystem) on device 0:17.
[    5.959088] devtmpfs: mounted
[    5.963772] Freeing unused kernel image (initmem) memory: 1024K
[    5.970385] Run /sbin/init as init process
[    6.643236] systemd[1]: System time before build time, advancing clock.
[    8.201380] random: crng init done
[    8.214086] systemd[1]: systemd 232 running in system mode. (+PAM +AUDIT +SELINUX +IMA +APPARMOR +SMACK +SYSVINIT +UTMP +LIBCRYPTSETUP +GCRYPT +GNUTLS +ACL +XZ +LZ4 +SECCOMP +BLKID +ELFUTILS +KMOD +IDN)
[    8.233192] systemd[1]: Detected architecture arm.

Welcome to [1mDebian GNU/Linux 9 (stretch)[0m!

[    8.264468] systemd[1]: Set hostname to <arm>.
[    9.370991] systemd[1]: syslog.socket: SO_PASSSEC failed: Operation not supported
[    9.379084] systemd[1]: Listening on Syslog Socket.
[[0;32m  OK  [0m] Listening on Syslog Socket.
[    9.403360] systemd[1]: Listening on udev Control Socket.
[[0;32m  OK  [0m] Listening on udev Control Socket.
[    9.431774] systemd[1]: Reached target Remote File Systems.
[[0;32m  OK  [0m] Reached target Remote File Systems.
[    9.463349] systemd[1]: Listening on /dev/initctl Compatibility Named Pipe.
[[0;32m  OK  [0m] Listening on /dev/initctl Compatibility Named Pipe.
[    9.492021] systemd[1]: systemd-journald.socket: SO_PASSSEC failed: Operation not supported
[    9.500622] systemd[1]: systemd-journald.socket: SO_PASSSEC failed: Operation not supported
[[0;32m  OK  [0m] Listening on Journal Socket.
[[0;32m  OK  [0m] Listening on udev Kernel Socket.
[[0;32m  OK  [0m] Created slice User and Session Slice.
[[0;32m  OK  [0m] Listening on Journal Socket (/dev/log).
[[0;32m  OK  [0m] Set up automount Arbitrary Executabâ€¦rmats File System Automount Point.
[[0;32m  OK  [0m] Created slice System Slice.
         Mounting Debug File System...
[[0;32m  OK  [0m] Created slice system-serial\x2dgetty.slice.
         Starting Remount Root and Kernel File Systems...
         Mounting POSIX Message Queue File System...
[[0;32m  OK  [0m] Created slice system-getty.slice.
[[0;32m  OK  [0m] Started Dispatch Password Requests to Console Directory Watch.
         Starting Load Kernel Modules...
         Starting Create list of required stâ€¦ce nodes for the current kernel...
[[0;32m  OK  [0m] Reached target Slices.
[[0;32m  OK  [0m] Listening on Journal Audit Socket.
         Starting Journal Service...
[[0;32m  OK  [0m] Started Forward Password Requests to Wall Directory Watch.
[[0;32m  OK  [0m] Reached target Paths.
[[0;32m  OK  [0m] Reached target Encrypted Volumes.
[[0;32m  OK  [0m] Reached target Swap.
[[0;32m  OK  [0m] Mounted POSIX Message Queue File System.
[[0;32m  OK  [0m] Mounted Debug File System.
[[0;32m  OK  [0m] Started Remount Root and Kernel File Systems.
[[0;32m  OK  [0m] Started Create list of required staâ€¦vice nodes for the current kernel.
         Starting Create Static Device Nodes in /dev...
         Starting udev Coldplug all Devices...
         Starting Load/Save Random Seed...
[[0;32m  OK  [0m] Started Load Kernel Modules.
         Starting Apply Kernel Variables...
         Mounting Configuration File System...
[[0;32m  OK  [0m] Mounted Configuration File System.
[[0;32m  OK  [0m] Started Load/Save Random Seed.
[[0;32m  OK  [0m] Started Apply Kernel Variables.
[[0;32m  OK  [0m] Started Create Static Device Nodes in /dev.
[[0;32m  OK  [0m] Reached target Local File Systems (Pre).
[[0;32m  OK  [0m] Reached target Local File Systems.
         Starting Raise network interfaces...
         Starting udev Kernel Device Manager...
[[0;32m  OK  [0m] Started Journal Service.
         Starting Flush Journal to Persistent Storage...
[   11.807464] systemd-journald[88]: Received request to flush runtime journal from PID 1
[[0;32m  OK  [0m] Started Flush Journal to Persistent Storage.
         Starting Create Volatile Files and Directories...
[[0;32m  OK  [0m] Started udev Kernel Device Manager.
[   12.643630] omap_prm 44e00d00.prm: sync_state() pending due to 44d00000.cpu
[[0;32m  OK  [0m] Started Create Volatile Files and Directories.
         Starting Update UTMP about System Boot/Shutdown...
         Starting Network Time Synchronization...
[[0;32m  OK  [0m] Started Update UTMP about System Boot/Shutdown.
[[0;32m  OK  [0m] Started udev Coldplug all Devices.
[   14.872648] remoteproc remoteproc0: wkup_m3 is available
[   15.038926] at24 2-0054: supply vcc not found, using dummy regulator
[   15.165593] at24 2-0055: supply vcc not found, using dummy regulator
[   15.271147] at24 2-0056: supply vcc not found, using dummy regulator
[   15.392355] at24 2-0057: supply vcc not found, using dummy regulator
[   15.475843] at24 0-0050: 32768 byte 24c256 EEPROM, writable, 1 bytes/write
[   15.554624] input: tps65217_pwrbutton as /devices/platform/ocp/44c00000.interconnect/44c00000.interconnect:segment@200000/44e0b000.target-module/44e0b000.i2c/i2c-0/0-0024/tps65217-pwrbutton/input/input0
[   15.785613] omap_rtc 44e3e000.rtc: registered as rtc0
[   15.790816] omap_rtc 44e3e000.rtc: setting system clock to 2000-01-01T00:00:00 UTC (946684800)
[[0;32m  OK  [0m] Found device /dev/ttyS0.
[   15.999577] omap_wdt: OMAP Watchdog Timer Rev 0x01: initial timeout 60 sec
[[0;32m  OK  [0m] Started Network Time Synchronization.
[[0;32m  OK  [0m] Reached target System Initialization.
[   16.133005] am335x-phy-driver 47401300.usb-phy: dummy supplies not allowed for exclusive requests (id=vbus)
[[0;32m  OK  [0m] Listening on Avahi mDNS/DNS-SD Stack Activation Socket.
[[0;32m  OK  [0m] Started Daily Cleanup of Temporary Directories.
[   16.303724] am335x-phy-driver 47401b00.usb-phy: dummy supplies not allowed for exclusive requests (id=vbus)
[[0;32m  OK  [0m] Listening on D-Bus System Message Bus Socket.
[[0;32m  OK  [0m] Reached target Sockets.
[[0;32m  OK  [0m] Reached target Basic System.
[   16.671083] usbcore: registered new interface driver usbfs
[   16.676959] usbcore: registered new interface driver hub
[   16.682671] usbcore: registered new device driver usb
[[0;32m  OK  [0m] Started Regular background program processing daemon.
         Starting Cape Manager Service...
         Starting DUN service...
[   17.056262] tda998x 0-0070: found TDA19988
         Starting Avahi mDNS/DNS-SD Stack...
         Starting LSB: Load kernel modules needed to enable cpufreq scaling...
[[0;32m  OK  [0m] Started D-Bus System Message Bus.
[   17.479193] musb-hdrc musb-hdrc.1: MUSB HDRC host driver
[   17.484867] musb-hdrc musb-hdrc.1: new USB bus registered, assigned bus number 1
[   17.804106] usb usb1: New USB device found, idVendor=1d6b, idProduct=0002, bcdDevice= 6.17
[   17.812639] usb usb1: New USB device strings: Mfr=3, Product=2, SerialNumber=1
[   17.819910] usb usb1: Product: MUSB HDRC host driver
[   17.824970] usb usb1: Manufacturer: Linux 6.17.0-rc5-next-20250912 musb-hcd
[   17.832002] usb usb1: SerialNumber: musb-hdrc.1
[   18.090021] omap-mailbox 480c8000.mailbox: omap mailbox rev 0x400
[   18.191692] remoteproc remoteproc0: powering up wkup_m3
[   18.297220] hub 1-0:1.0: USB hub found
[   18.366552] hub 1-0:1.0: 1 port detected
[   18.434017] remoteproc remoteproc0: Direct firmware load for am335x-pm-firmware.elf failed with error -2
[   18.443900] remoteproc remoteproc0: request_firmware failed: -2
[   18.449865] wkup_m3_ipc 44e11324.wkup_m3_ipc: rproc_boot failed
[   20.728506] omap_rng 48310000.rng: Random Number Generator ver. 20
[   20.865786] tilcdc 4830e000.lcdc: bound 0-0070 (ops tda998x_audio_codec_init [tda998x])
[   20.916509] [drm] Initialized tilcdc 1.0.0 for 4830e000.lcdc on minor 0
[   20.989362] tilcdc 4830e000.lcdc: [drm] Cannot find any crtc or sizes
[   20.999932] tilcdc 4830e000.lcdc: [drm] Cannot find any crtc or sizes
[[0;32m  OK  [0m] Started Avahi mDNS/DNS-SD Stack.
[   21.170535] ------------[ cut here ]------------
[   21.175348] WARNING: net/8021q/vlan_core.c:236 at vlan_for_each+0x114/0x134, CPU#0: avahi-daemon/199
[   21.184653] RTNL: assertion failed at net/8021q/vlan_core.c (236)
[   21.190781] Modules linked in: tilcdc omap_rng drm_dma_helper drm_client_lib rng_core snd_soc_davinci_mcasp snd_soc_ti_udma snd_soc_ti_edma snd_soc_ti_sdma snd_soc_core snd_pcm_dmaengine snd_pcm snd_timer omap_mailbox snd soundcore musb_dsps musb_hdrc tda998x udc_core cec usbcore drm_kms_helper phy_am335x cppi41 phy_generic usb_common omap_wdt drm watchdog rtc_omap wkup_m3_ipc phy_am335x_control tps65218_pwrbutton drm_panel_orientation_quirks at24 wkup_m3_rproc leds_gpio led_class cpufreq_dt autofs4
[   21.235518] CPU: 0 UID: 107 PID: 199 Comm: avahi-daemon Not tainted 6.17.0-rc5-next-20250912 #1 NONE 
[   21.235537] Hardware name: Generic AM33XX (Flattened Device Tree)
[   21.235545] Call trace: 
[   21.235561]  unwind_backtrace from show_stack+0x10/0x14
[   21.235599]  show_stack from dump_stack_lvl+0x50/0x64
[   21.235625]  dump_stack_lvl from __warn+0x88/0x148
[   21.235644]  __warn from warn_slowpath_fmt+0x19c/0x1b0
[   21.235658]  warn_slowpath_fmt from vlan_for_each+0x114/0x134
[   21.235676]  vlan_for_each from cpsw_add_mc_addr+0x40/0xa4
[   21.235709]  cpsw_add_mc_addr from __hw_addr_ref_sync_dev+0x108/0x140
[   21.235737]  __hw_addr_ref_sync_dev from __dev_mc_add+0x7c/0x80
[   21.235755]  __dev_mc_add from igmp6_group_added+0xc8/0xe0
[   21.235775]  igmp6_group_added from __ipv6_dev_mc_inc+0x218/0x364
[   21.235788]  __ipv6_dev_mc_inc from __ipv6_sock_mc_join+0x11c/0x1c0
[   21.235801]  __ipv6_sock_mc_join from do_ipv6_setsockopt+0x1214/0x1310
[   21.235824]  do_ipv6_setsockopt from ipv6_setsockopt+0x60/0xcc
[   21.235841]  ipv6_setsockopt from udpv6_setsockopt+0x2c/0x6c
[   21.235861]  udpv6_setsockopt from sock_common_setsockopt+0x30/0x40
[   21.235887]  sock_common_setsockopt from do_sock_setsockopt+0x50/0x9c
[   21.235905]  do_sock_setsockopt from __sys_setsockopt+0x70/0xbc
[   21.235920]  __sys_setsockopt from ret_fast_syscall+0x0/0x58
[   21.235935] Exception stack(0xe0105fa8 to 0xe0105ff0)
[   21.235950] 5fa0:                   00000014 b6fb0ce8 0000000d 00000029 00000014 bea769ec
[   21.235961] 5fc0: 00000014 b6fb0ce8 00000014 00000126 0000000d b6f59ff4 004be988 004a6558
[   21.235970] 5fe0: b6f6f088 bea769d8 b6f4c309 b6e2341a
[   21.235977] ---[ end trace 0000000000000000 ]---
[[0;32m  OK  [0m] Started DUN service.
         Starting LSB: Start busybox udhcpd at boot time...
         Starting Generic Board Startup...
         Starting Connection service...
         Starting System Logging Service...
         Starting Login Service...
         Starting Telephony service...
[[0;32m  OK  [0m] Reached target System Time Synchronized.
[   22.157145] PM: Cannot get wkup_m3_ipc handle
[[0;32m  OK  [0m] Started Daily apt download activities.
[[0;32m  OK  [0m] Started Daily apt upgrade and clean activities.
[[0;32m  OK  [0m] Reached target Timers.
[   22.422814] omap-sham 53100000.sham: hw accel on OMAP rev 4.3
[   22.572107] omap-sham 53100000.sham: will run requests pump with realtime priority
[   22.580852] PM: Cannot get wkup_m3_ipc handle
[[0;32m  OK  [0m] Started Cape Manager Service.
[   22.785165] omap-aes 53500000.aes: OMAP AES hw accel rev: 3.2
[   22.942168] omap-aes 53500000.aes: will run requests pump with realtime priority
[   22.952801] PM: Cannot get wkup_m3_ipc handle
[[0;32m  OK  [0m] Started System Logging Service.
[   25.072331] Bluetooth: Core ver 2.22
[   25.076172] NET: Registered PF_BLUETOOTH protocol family
[   25.081698] Bluetooth: HCI device and connection manager initialized
[   25.088112] Bluetooth: HCI socket layer initialized
[   25.093096] Bluetooth: L2CAP socket layer initialized
[   25.098210] Bluetooth: SCO socket layer initialized
[   26.009819] PM: Cannot get wkup_m3_ipc handle
[   26.032749] gpio-537 (nxp,calib): gpiod_direction_output_nonotify: tried to set a GPIO tied to an IRQ as output
[   26.136590] PM: Cannot get wkup_m3_ipc handle
[   26.313267] tda9950 0-0034: TDA9950 CEC interface, hardware version 3.3
[   26.417888] PM: Cannot get wkup_m3_ipc handle
[[0;32m  OK  [0m] Started Raise network interfaces.
[[0;32m  OK  [0m] Started LSB: Start busybox udhcpd at boot time.
[[0;32m  OK  [0m] Started LSB: Load kernel modules needed to enable cpufreq scaling.
[[0;32m  OK  [0m] Started Telephony service.
[[0;32m  OK  [0m] Started Connection service.
[   29.729740] configfs-gadget.g_multi gadget.0: HOST MAC 1c:ba:8c:a2:ed:6c
[   29.729769] configfs-gadget.g_multi gadget.0: MAC 1c:ba:8c:a2:ed:70
[   29.730714] configfs-gadget.g_multi gadget.0: HOST MAC 1c:ba:8c:a2:ed:6c
[   29.730736] configfs-gadget.g_multi gadget.0: MAC 1c:ba:8c:a2:ed:6d
[   29.732557] PM: Cannot get wkup_m3_ipc handle
[[0;32m  OK  [0m] Started Login Service.
         Starting Hostname Service...
         Starting WPA supplicant...
[[0;32m  OK  [0m] Reached target Sound Card.
         Starting LSB: set CPUFreq kernel parameters...
[[0;32m  OK  [0m] Started WPA supplicant.
[[0;32m  OK  [0m] Started Hostname Service.
[[0;32m  OK  [0m] Reached target Network.
         Starting OpenBSD Secure Shell server...
         Starting The Apache HTTP Server...
[[0;32m  OK  [0m] Reached target Network is Online.
         Starting LSB: Advanced IEEE 802.11 management daemon...
         Starting Permit User Sessions...
[[0;32m  OK  [0m] Started LSB: Advanced IEEE 802.11 management daemon.
[[0;32m  OK  [0m] Started LSB: set CPUFreq kernel parameters.
[[0;32m  OK  [0m] Started Permit User Sessions.
[[0;32m  OK  [0m] Started Getty on tty1.
[[0;32m  OK  [0m] Started Serial Getty on ttyS0.
[[0;32m  OK  [0m] Reached target Login Prompts.
[[0;32m  OK  [0m] Started OpenBSD Secure Shell server.
         Stopping LSB: Start busybox udhcpd at boot time...
[[0;32m  OK  [0m] Stopped LSB: Start busybox udhcpd at boot time.
         Starting dnsmasq - A lightweight DHCP and caching DNS server...
[[0;32m  OK  [0m] Started The Apache HTTP Server.
[[0;32m  OK  [0m] Started dnsmasq - A lightweight DHCP and caching DNS server.
[[0;32m  OK  [0m] Reached target Host and Network Name Lookups.
[[0;32m  OK  [0m] Started Serial Getty on ttyGS0.
[[0;32m  OK  [0m] Started Generic Board Startup.
[[0;32m  OK  [0m] Reached target Multi-User System.
[[0;32m  OK  [0m] Reached target Graphical Interface.
         Starting Update UTMP about System Runlevel Changes...
[[0;32m  OK  [0m] Started Update UTMP about System Runlevel Changes.

Debian GNU/Linux 9 arm ttyS0

default username:password is [debian:temppwd]

arm login: root
Password: 
Last login: Sat Jan  1 00:00:35 UTC 2000 on ttyS0
root
Linux arm 6.17.0-rc5-next-20250912 #1 SMP Fri Sep 12 09:04:19 EEST 2025 armv7l

The programs included with the Debian GNU/Linux system are free software;
the exact distribution terms for each program are described in the
individual files in /usr/share/doc/*/copyright.

Debian GNU/Linux comes with ABSOLUTELY NO WARRANTY, to the extent
permitted by applicable law.
root@arm:~# root
dmesg -n 1
-bash: root: command not found
root@arm:~# dmesg -n 1
root@arm:~# echo 'BSMX''WJCTYA'
BSMXWJCTYA
root@arm:~# run() { echo -n "$MARKER"; sh -c "$@"; echo "$MARKER $?"; }
root@arm:~# echo 'CFMW''JKLBKT'
CFMWJKLBKT
root@arm:~# MARKER='XULZ''BFSWWT' run 'cat /proc/version'
XULZBFSWWTLinux version 6.17.0-rc5-next-20250912 (user01@drvtest01) (arm-none-eabi-gcc (Arm GNU Toolchain 14.2.Rel1 (Build arm-14.52)) 14.2.1 20241119, GNU ld (Arm GNU Toolchain 14.2.Rel1 (Build arm-14.52)) 2.43.1.20241119) #1 SMP Fri Sep 12 09:04:19 EEST 2025
XULZBFSWWT 0
root@arm:~# echo 'KNVB''JMNZUN'
KNVBJMNZUN
root@arm:~# MARKER='TZQT''XSOCBW' run false
TZQTXSOCBWTZQTXSOCBW 1
root@arm:~# Labgrid Console Logfile for main
Logfile started at 2025-09-12 09:06:55.938494
=== Log starts here ===

root@arm:~# run() { echo -n "$MARKER"; sh -c "$@"; echo "$MARKER $?"; }
root@arm:~# echo 'KZPW''VLCXXZ'
KZPWVLCXXZ
root@arm:~# MARKER='QUKJ''EGLNGK' run 'ls /iio_generic_buffer; echo $?'
QUKJEGLNGK/iio_generic_buffer
0
QUKJEGLNGK 0
root@arm:~# Labgrid Console Logfile for main
Logfile started at 2025-09-12 09:06:59.528732
=== Log starts here ===

root@arm:~# run() { echo -n "$MARKER"; sh -c "$@"; echo "$MARKER $?"; }
root@arm:~# echo 'XYQY''KJWQCV'
XYQYKJWQCV
root@arm:~# MARKER='EMQQ''WFSOZO' run dmesg
EMQQWFSOZO[    0.000000] Booting Linux on physical CPU 0x0
[    0.000000] Linux version 6.17.0-rc5-next-20250912 (user01@drvtest01) (arm-none-eabi-gcc (Arm GNU Toolchain 14.2.Rel1 (Build arm-14.52)) 14.2.1 20241119, GNU ld (Arm GNU Toolchain 14.2.Rel1 (Build arm-14.52)) 2.43.1.20241119) #1 SMP Fri Sep 12 09:04:19 EEST 2025
[    0.000000] CPU: ARMv7 Processor [413fc082] revision 2 (ARMv7), cr=10c5387d
[    0.000000] CPU: PIPT / VIPT nonaliasing data cache, VIPT aliasing instruction cache
[    0.000000] OF: fdt: Machine model: TI AM335x BeagleBone Black
[    0.000000] Memory policy: Data cache writeback
[    0.000000] cma: Reserved 16 MiB at 0x9e800000
[    0.000000] Zone ranges:
[    0.000000]   Normal   [mem 0x0000000080000000-0x000000009fdfffff]
[    0.000000]   HighMem  empty
[    0.000000] Movable zone start for each node
[    0.000000] Early memory node ranges
[    0.000000]   node   0: [mem 0x0000000080000000-0x000000009fdfffff]
[    0.000000] Initmem setup node 0 [mem 0x0000000080000000-0x000000009fdfffff]
[    0.000000] On node 0, zone Normal: 512 pages in unavailable ranges
[    0.000000] OF: reserved mem: Reserved memory: No reserved-memory node in the DT
[    0.000000] CPU: All CPU(s) started in SVC mode.
[    0.000000] AM335X ES2.1 (sgx neon)
[    0.000000] percpu: Embedded 17 pages/cpu s39820 r8192 d21620 u69632
[    0.000000] pcpu-alloc: s39820 r8192 d21620 u69632 alloc=17*4096
[    0.000000] pcpu-alloc: [0] 0 
[    0.000000] Kernel command line: console=ttyO0,115200n8 root=/dev/nfs rw nfsroot=192.168.255.126:/home/user01/nfs,nfsvers=3 ip=192.168.255.1:192.168.255.126::255.255.255.0:bbb1:eth0 nfsrootdebug
[    0.000000] Unknown kernel command line parameters "nfsrootdebug", will be passed to user space.
[    0.000000] printk: log buffer data + meta data: 65536 + 204800 = 270336 bytes
[    0.000000] Dentry cache hash table entries: 65536 (order: 6, 262144 bytes, linear)
[    0.000000] Inode-cache hash table entries: 32768 (order: 5, 131072 bytes, linear)
[    0.000000] Built 1 zonelists, mobility grouping on.  Total pages: 130560
[    0.000000] mem auto-init: stack:off, heap alloc:off, heap free:off
[    0.000000] SLUB: HWalign=16, Order=0-3, MinObjects=0, CPUs=1, Nodes=1
[    0.000000] rcu: Hierarchical RCU implementation.
[    0.000000] rcu: 	RCU event tracing is enabled.
[    0.000000] rcu: 	RCU restricting CPUs from NR_CPUS=2 to nr_cpu_ids=1.
[    0.000000] 	Tracing variant of Tasks RCU enabled.
[    0.000000] rcu: RCU calculated value of scheduler-enlistment delay is 10 jiffies.
[    0.000000] rcu: Adjusting geometry for rcu_fanout_leaf=16, nr_cpu_ids=1
[    0.000000] RCU Tasks Trace: Setting shift to 0 and lim to 1 rcu_task_cb_adjust=1 rcu_task_cpu_ids=1.
[    0.000000] NR_IRQS: 16, nr_irqs: 16, preallocated irqs: 16
[    0.000000] IRQ: Found an INTC at 0x(ptrval) (revision 5.0) with 128 interrupts
[    0.000000] rcu: srcu_init: Setting srcu_struct sizes based on contention.
[    0.000000] TI gptimer clocksource: always-on /ocp/interconnect@44c00000/segment@200000/target-module@31000
[    0.000003] sched_clock: 32 bits at 24MHz, resolution 41ns, wraps every 89478484971ns
[    0.000025] clocksource: dmtimer: mask: 0xffffffff max_cycles: 0xffffffff, max_idle_ns: 79635851949 ns
[    0.000498] TI gptimer clockevent: 24000000 Hz at /ocp/interconnect@48000000/segment@0/target-module@40000
[    0.002067] Console: colour dummy device 80x30
[    0.002133] WARNING: Your 'console=ttyO0' has been replaced by 'ttyS0'
[    0.002141] This ensures that you still see kernel messages. Please
[    0.002146] update your kernel commandline.
[    0.002189] Calibrating delay loop... 996.14 BogoMIPS (lpj=4980736)
[    0.090610] CPU: Testing write buffer coherency: ok
[    0.090693] CPU0: Spectre v2: using BPIALL workaround
[    0.090703] pid_max: default: 32768 minimum: 301
[    0.090868] LSM: initializing lsm=capability
[    0.091024] Mount-cache hash table entries: 1024 (order: 0, 4096 bytes, linear)
[    0.091044] Mountpoint-cache hash table entries: 1024 (order: 0, 4096 bytes, linear)
[    0.092621] CPU0: thread -1, cpu 0, socket -1, mpidr 0
[    0.092682] cacheinfo: Unable to detect cache hierarchy for CPU 0
[    0.094693] Setting up static identity map for 0x80100000 - 0x80100078
[    0.095003] rcu: Hierarchical SRCU implementation.
[    0.095013] rcu: 	Max phase no-delay instances is 1000.
[    0.096693] smp: Bringing up secondary CPUs ...
[    0.096746] smp: Brought up 1 node, 1 CPU
[    0.096758] SMP: Total of 1 processors activated (996.14 BogoMIPS).
[    0.096770] CPU: All CPU(s) started in SVC mode.
[    0.096964] Memory: 480872K/522240K available (11264K kernel code, 1221K rwdata, 2944K rodata, 1024K init, 255K bss, 23332K reserved, 16384K cma-reserved, 0K highmem)
[    0.097781] devtmpfs: initialized
[    0.115277] VFP support v0.3: implementor 41 architecture 3 part 30 variant c rev 3
[    0.115922] clocksource: jiffies: mask: 0xffffffff max_cycles: 0xffffffff, max_idle_ns: 19112604462750000 ns
[    0.115980] posixtimers hash table entries: 512 (order: 0, 4096 bytes, linear)
[    0.116006] futex hash table entries: 256 (16384 bytes on 1 NUMA nodes, total 16 KiB, linear).
[    0.117131] pinctrl core: initialized pinctrl subsystem
[    0.119224] NET: Registered PF_NETLINK/PF_ROUTE protocol family
[    0.122289] DMA: preallocated 256 KiB pool for atomic coherent allocations
[    0.122888] audit: initializing netlink subsys (disabled)
[    0.124214] thermal_sys: Registered thermal governor 'fair_share'
[    0.124229] thermal_sys: Registered thermal governor 'step_wise'
[    0.124239] thermal_sys: Registered thermal governor 'user_space'
[    0.124349] audit: type=2000 audit(0.120:1): state=initialized audit_enabled=0 res=1
[    0.124422] cpuidle: using governor menu
[    0.142326] /ocp/interconnect@44c00000/segment@200000/target-module@b000/i2c@0/tda19988@70: Fixed dependency cycle(s) with /ocp/interconnect@48000000/segment@300000/target-module@e000/lcdc@0
[    0.143451] /ocp/interconnect@48000000/segment@300000/target-module@e000/lcdc@0: Fixed dependency cycle(s) with /ocp/interconnect@44c00000/segment@200000/target-module@b000/i2c@0/tda19988@70
[    0.145675] No ATAGs?
[    0.145713] hw-breakpoint: debug architecture 0x4 unsupported.
[    0.148801] kprobes: kprobe jump-optimization is enabled. All kprobes are optimized if possible.
[    0.153802] iommu: Default domain type: Translated
[    0.153825] iommu: DMA domain TLB invalidation policy: strict mode
[    0.155376] reg-fixed-voltage fixedregulator0: using DT '/fixedregulator0' for '(default)' GPIO lookup
[    0.155430] of_get_named_gpiod_flags: can't parse 'gpios' property of node '/fixedregulator0[0]'
[    0.155458] of_get_named_gpiod_flags: can't parse 'gpio' property of node '/fixedregulator0[0]'
[    0.155476] reg-fixed-voltage fixedregulator0: using lookup tables for GPIO lookup
[    0.155487] reg-fixed-voltage fixedregulator0: No GPIO consumer (default) found
[    0.161676] SCSI subsystem initialized
[    0.162136] libata version 3.00 loaded.
[    0.162517] pps_core: LinuxPPS API ver. 1 registered
[    0.162529] pps_core: Software ver. 5.3.6 - Copyright 2005-2007 Rodolfo Giometti <giometti@linux.it>
[    0.162554] PTP clock support registered
[    0.170997] vgaarb: loaded
[    0.171357] clocksource: Switched to clocksource dmtimer
[    0.172020] VFS: Disk quotas dquot_6.6.0
[    0.172079] VFS: Dquot-cache hash table entries: 1024 (order 0, 4096 bytes)
[    0.196442] NET: Registered PF_INET protocol family
[    0.196773] IP idents hash table entries: 8192 (order: 4, 65536 bytes, linear)
[    0.198184] tcp_listen_portaddr_hash hash table entries: 512 (order: 0, 4096 bytes, linear)
[    0.198224] Table-perturb hash table entries: 65536 (order: 6, 262144 bytes, linear)
[    0.198243] TCP established hash table entries: 4096 (order: 2, 16384 bytes, linear)
[    0.198288] TCP bind hash table entries: 4096 (order: 4, 65536 bytes, linear)
[    0.198388] TCP: Hash tables configured (established 4096 bind 4096)
[    0.198512] UDP hash table entries: 256 (order: 1, 14336 bytes, linear)
[    0.198546] UDP-Lite hash table entries: 256 (order: 1, 14336 bytes, linear)
[    0.198754] NET: Registered PF_UNIX/PF_LOCAL protocol family
[    0.202386] RPC: Registered named UNIX socket transport module.
[    0.202411] RPC: Registered udp transport module.
[    0.202416] RPC: Registered tcp transport module.
[    0.202421] RPC: Registered tcp-with-tls transport module.
[    0.202425] RPC: Registered tcp NFSv4.1 backchannel transport module.
[    0.202451] PCI: CLS 0 bytes, default 64
[    0.203856] Initialise system trusted keyrings
[    0.212031] workingset: timestamp_bits=14 max_order=17 bucket_order=3
[    0.213472] NFS: Registering the id_resolver key type
[    0.213531] Key type id_resolver registered
[    0.213538] Key type id_legacy registered
[    0.213647] jffs2: version 2.2. (NAND) (SUMMARY)  Â© 2001-2006 Red Hat, Inc.
[    0.214096] Key type asymmetric registered
[    0.214114] Asymmetric key parser 'x509' registered
[    0.214189] io scheduler mq-deadline registered
[    0.214199] io scheduler kyber registered
[    0.214277] io scheduler bfq registered
[    0.216152] target-module@4b000000:target-module@140000:pmu@0:fck: device ID is greater than 24
[    0.222340] l3-aon-clkctrl:0000:0: failed to disable
[    0.232088] ledtrig-cpu: registered to indicate activity on CPUs
[    0.235901] Serial: 8250/16550 driver, 6 ports, IRQ sharing enabled
[    0.282625] brd: module loaded
[    0.291275] loop: module loaded
[    0.292356] mtdoops: mtd device (mtddev=name/number) must be supplied
[    0.293932] mdio_bus fixed-0: using lookup tables for GPIO lookup
[    0.293958] mdio_bus fixed-0: No GPIO consumer reset found
[    0.295394] i2c_dev: i2c /dev entries driver
[    0.296410] cpuidle: enable-method property 'ti,am3352' found operations
[    0.296863] sdhci: Secure Digital Host Controller Interface driver
[    0.296874] sdhci: Copyright(c) Pierre Ossman
[    0.297055] sdhci-pltfm: SDHCI platform and OF driver helper
[    0.317395] hw perfevents: enabled with armv7_cortex_a8 PMU driver, 5 (8000000f) counters available
[    0.317952] Initializing XFRM netlink socket
[    0.318120] NET: Registered PF_INET6 protocol family
[    0.323776] l3-aon-clkctrl:0000:0: failed to disable
[    0.325401] Segment Routing with IPv6
[    0.325481] In-situ OAM (IOAM) with IPv6
[    0.325577] sit: IPv6, IPv4 and MPLS over IPv4 tunneling driver
[    0.326540] NET: Registered PF_PACKET protocol family
[    0.326571] NET: Registered PF_KEY protocol family
[    0.326695] Key type dns_resolver registered
[    0.326916] ThumbEE CPU extension supported.
[    0.326937] Registering SWP/SWPB emulation handler
[    0.327463] omap_voltage_late_init: Voltage driver support not added
[    0.328121] SmartReflex Class3 initialized
[    0.351682] Loading compiled-in X.509 certificates
[    0.383204] /ocp/interconnect@44c00000/segment@200000/target-module@b000/i2c@0/tda19988@70: Fixed dependency cycle(s) with /ocp/interconnect@48000000/segment@300000/target-module@e000/lcdc@0
[    0.389645] /ocp/interconnect@44c00000/segment@200000/target-module@b000/i2c@0/tda19988@70: Fixed dependency cycle(s) with /ocp/interconnect@48000000/segment@300000/target-module@e000/lcdc@0
[    0.395434] gpiochip_find_base_unlocked: found new base at 512
[    0.422026] /ocp/interconnect@44c00000/segment@200000/target-module@b000/i2c@0/tda19988@70: Fixed dependency cycle(s) with /ocp/interconnect@48000000/segment@300000/target-module@e000/lcdc@0
[    0.422980] /ocp/interconnect@44c00000/segment@200000/target-module@b000/i2c@0/tda19988@70: Fixed dependency cycle(s) with /ocp/interconnect@48000000/segment@300000/target-module@e000/lcdc@0
[    0.426527] /ocp/interconnect@44c00000/segment@200000/target-module@10000/scm@0/pinmux@800: Fixed dependency cycle(s) with /ocp/interconnect@44c00000/segment@200000/target-module@10000/scm@0/pinmux@800/clkout2-pins
[    0.427114] pinctrl-single 44e10800.pinmux: 142 pins, size 568
[    0.432664] ti-sysc 44e31000.target-module: probe with driver ti-sysc failed with error -16
[    0.456863] /ocp/interconnect@48000000/segment@300000/target-module@e000/lcdc@0: Fixed dependency cycle(s) with /ocp/interconnect@44c00000/segment@200000/target-module@b000/i2c@0/tda19988@70
[    0.465357] ti-sysc 48040000.target-module: probe with driver ti-sysc failed with error -16
[    0.477105] gpiochip_find_base_unlocked: found new base at 512
[    0.477209] gpio gpiochip0: (gpio-0-31): created GPIO range 0->7 ==> 44e10800.pinmux PIN 0->7
[    0.477229] gpio gpiochip0: (gpio-0-31): created GPIO range 8->11 ==> 44e10800.pinmux PIN 90->93
[    0.477253] gpio gpiochip0: (gpio-0-31): created GPIO range 12->27 ==> 44e10800.pinmux PIN 12->27
[    0.477270] gpio gpiochip0: (gpio-0-31): created GPIO range 28->31 ==> 44e10800.pinmux PIN 30->33
[    0.523954] gpio gpiochip0: (gpio-0-31): added GPIO chardev (254:0)
[    0.524182] gpio gpiochip0: registered GPIOs 512 to 543 on gpio-0-31
[    0.524270] OMAP GPIO hardware version 0.1
[    0.549827] i2c i2c-2: using DT '/ocp/interconnect@48000000/segment@100000/target-module@9c000/i2c@0' for 'scl' GPIO lookup
[    0.549902] of_get_named_gpiod_flags: can't parse 'scl-gpios' property of node '/ocp/interconnect@48000000/segment@100000/target-module@9c000/i2c@0[0]'
[    0.549945] of_get_named_gpiod_flags: can't parse 'scl-gpio' property of node '/ocp/interconnect@48000000/segment@100000/target-module@9c000/i2c@0[0]'
[    0.549981] i2c i2c-2: using lookup tables for GPIO lookup
[    0.549991] i2c i2c-2: No GPIO consumer scl found
[    0.550012] i2c i2c-2: using DT '/ocp/interconnect@48000000/segment@100000/target-module@9c000/i2c@0' for 'sda' GPIO lookup
[    0.550049] of_get_named_gpiod_flags: can't parse 'sda-gpios' property of node '/ocp/interconnect@48000000/segment@100000/target-module@9c000/i2c@0[0]'
[    0.550085] of_get_named_gpiod_flags: can't parse 'sda-gpio' property of node '/ocp/interconnect@48000000/segment@100000/target-module@9c000/i2c@0[0]'
[    0.550117] i2c i2c-2: using lookup tables for GPIO lookup
[    0.550124] i2c i2c-2: No GPIO consumer sda found
[    0.550850] omap_i2c 4819c000.i2c: bus 2 rev0.11 at 100 kHz
[    0.556739] gpiochip_find_base_unlocked: found new base at 544
[    0.556843] gpio gpiochip1: (gpio-32-63): created GPIO range 0->17 ==> 44e10800.pinmux PIN 34->51
[    0.556864] gpio gpiochip1: (gpio-32-63): created GPIO range 18->21 ==> 44e10800.pinmux PIN 77->80
[    0.556880] gpio gpiochip1: (gpio-32-63): created GPIO range 22->31 ==> 44e10800.pinmux PIN 56->65
[    0.578707] gpio gpiochip1: (gpio-32-63): added GPIO chardev (254:1)
[    0.578931] gpio gpiochip1: registered GPIOs 544 to 575 on gpio-32-63
[    0.581266] gpiochip_find_base_unlocked: found new base at 576
[    0.581520] gpio gpiochip2: (gpio-64-95): created GPIO range 0->4 ==> 44e10800.pinmux PIN 66->70
[    0.581544] gpio gpiochip2: (gpio-64-95): created GPIO range 5->6 ==> 44e10800.pinmux PIN 98->99
[    0.581560] gpio gpiochip2: (gpio-64-95): created GPIO range 7->8 ==> 44e10800.pinmux PIN 75->76
[    0.581575] gpio gpiochip2: (gpio-64-95): created GPIO range 13->13 ==> 44e10800.pinmux PIN 141->141
[    0.581593] gpio gpiochip2: (gpio-64-95): created GPIO range 14->21 ==> 44e10800.pinmux PIN 100->107
[    0.582274] gpio gpiochip2: (gpio-64-95): added GPIO chardev (254:2)
[    0.582489] gpio gpiochip2: registered GPIOs 576 to 607 on gpio-64-95
[    0.588178] 48000000.interconnect:segment@200000:target-module@0:mpu@0:fck: device ID is greater than 24
[    0.589089] /ocp/interconnect@48000000/segment@300000/target-module@e000/lcdc@0: Fixed dependency cycle(s) with /ocp/interconnect@44c00000/segment@200000/target-module@b000/i2c@0/tda19988@70
[    0.592221] /ocp/interconnect@48000000/segment@300000/target-module@e000/lcdc@0: Fixed dependency cycle(s) with /ocp/interconnect@44c00000/segment@200000/target-module@b000/i2c@0/tda19988@70
[    0.592985] /ocp/interconnect@44c00000/segment@200000/target-module@b000/i2c@0/tda19988@70: Fixed dependency cycle(s) with /ocp/interconnect@48000000/segment@300000/target-module@e000/lcdc@0
[    0.593163] /ocp/interconnect@48000000/segment@300000/target-module@e000/lcdc@0: Fixed dependency cycle(s) with /ocp/interconnect@44c00000/segment@200000/target-module@b000/i2c@0/tda19988@70
[    0.603002] mdio_bus 4a101000.mdio: using DT '/ocp/interconnect@4a000000/segment@0/target-module@100000/switch@0/mdio@1000' for 'reset' GPIO lookup
[    0.603075] of_get_named_gpiod_flags: can't parse 'reset-gpios' property of node '/ocp/interconnect@4a000000/segment@0/target-module@100000/switch@0/mdio@1000[0]'
[    0.603122] of_get_named_gpiod_flags: can't parse 'reset-gpio' property of node '/ocp/interconnect@4a000000/segment@0/target-module@100000/switch@0/mdio@1000[0]'
[    0.603170] mdio_bus 4a101000.mdio: using lookup tables for GPIO lookup
[    0.603180] mdio_bus 4a101000.mdio: No GPIO consumer reset found
[    0.604112] sdhci-omap 481d8000.mmc: using DT '/ocp/interconnect@48000000/segment@100000/target-module@d8000/mmc@0' for 'wp' GPIO lookup
[    0.604170] of_get_named_gpiod_flags: can't parse 'wp-gpios' property of node '/ocp/interconnect@48000000/segment@100000/target-module@d8000/mmc@0[0]'
[    0.604212] of_get_named_gpiod_flags: can't parse 'wp-gpio' property of node '/ocp/interconnect@48000000/segment@100000/target-module@d8000/mmc@0[0]'
[    0.604247] sdhci-omap 481d8000.mmc: using lookup tables for GPIO lookup
[    0.604257] sdhci-omap 481d8000.mmc: No GPIO consumer wp found
[    0.604448] sdhci-omap 481d8000.mmc: supply pbias not found, using dummy regulator
[    0.604940] sdhci-omap 481d8000.mmc: supply vqmmc not found, using dummy regulator
[    0.665173] davinci_mdio 4a101000.mdio: davinci mdio revision 1.6, bus freq 1000000
[    0.680170] mdio_bus 4a101000.mdio:00: using DT '/ocp/interconnect@4a000000/segment@0/target-module@100000/switch@0/mdio@1000/ethernet-phy@0' for 'reset' GPIO lookup
[    0.680270] of_get_named_gpiod_flags: parsed 'reset-gpios' property of node '/ocp/interconnect@4a000000/segment@0/target-module@100000/switch@0/mdio@1000/ethernet-phy@0[0]' - status (0)
[    0.680434] gpio gpiochip0: Persistence not supported for GPIO 8
[    0.829271] davinci_mdio 4a101000.mdio: phy[0]: device 4a101000.mdio:00, driver SMSC LAN8710/LAN8720
[    0.830117] cpsw-switch 4a100000.switch: initialized cpsw ale version 1.4
[    0.830140] cpsw-switch 4a100000.switch: ALE Table size 1024, Policers 0
[    0.830475] cpsw-switch 4a100000.switch: cpts: overflow check period 500 (jiffies)
[    0.830494] cpsw-switch 4a100000.switch: CPTS: ref_clk_freq:250000000 calc_mult:2147483648 calc_shift:29 error:0 nsec/sec
[    0.830594] cpsw-switch 4a100000.switch: Detected MACID = 6c:ec:eb:68:de:78
[    0.832733] cpsw-switch 4a100000.switch: initialized (regs 0x4a100000, pool size 256) hw_ver:0019010C 1.12 (0)
[    0.843793] debugfs: '49000000.dma' already exists in 'dmaengine'
[    0.843836] edma 49000000.dma: TI EDMA DMA engine driver
[    0.892612] gpio-clk clk_mcasp0: using DT '/clk_mcasp0' for 'enable' GPIO lookup
[    0.892689] of_get_named_gpiod_flags: parsed 'enable-gpios' property of node '/clk_mcasp0[0]' - status (0)
[    0.892735] gpio gpiochip0: Persistence not supported for GPIO 27
[    0.893610] gpiochip_find_base_unlocked: found new base at 608
[    0.893726] gpio gpiochip3: (gpio-96-127): created GPIO range 0->7 ==> 44e10800.pinmux PIN 82->89
[    0.893750] gpio gpiochip3: (gpio-96-127): created GPIO range 8->11 ==> 44e10800.pinmux PIN 52->55
[    0.893767] gpio gpiochip3: (gpio-96-127): created GPIO range 12->15 ==> 44e10800.pinmux PIN 94->97
[    0.893784] gpio gpiochip3: (gpio-96-127): created GPIO range 16->17 ==> 44e10800.pinmux PIN 71->72
[    0.893800] gpio gpiochip3: (gpio-96-127): created GPIO range 18->18 ==> 44e10800.pinmux PIN 135->135
[    0.893816] gpio gpiochip3: (gpio-96-127): created GPIO range 19->20 ==> 44e10800.pinmux PIN 108->109
[    0.893849] gpio gpiochip3: (gpio-96-127): created GPIO range 21->21 ==> 44e10800.pinmux PIN 73->73
[    0.893868] gpio gpiochip3: (gpio-96-127): created GPIO range 22->23 ==> 44e10800.pinmux PIN 8->9
[    0.893886] gpio gpiochip3: (gpio-96-127): created GPIO range 26->27 ==> 44e10800.pinmux PIN 10->11
[    0.893904] gpio gpiochip3: (gpio-96-127): created GPIO range 28->28 ==> 44e10800.pinmux PIN 74->74
[    0.893922] gpio gpiochip3: (gpio-96-127): created GPIO range 29->29 ==> 44e10800.pinmux PIN 81->81
[    0.893941] gpio gpiochip3: (gpio-96-127): created GPIO range 30->31 ==> 44e10800.pinmux PIN 28->29
[    0.919391] gpio gpiochip3: (gpio-96-127): added GPIO chardev (254:3)
[    0.919624] gpio gpiochip3: registered GPIOs 608 to 639 on gpio-96-127
[    0.921733] omap8250 44e09000.serial: using DT '/ocp/interconnect@44c00000/segment@200000/target-module@9000/serial@0' for 'rs485-term' GPIO lookup
[    0.921805] of_get_named_gpiod_flags: can't parse 'rs485-term-gpios' property of node '/ocp/interconnect@44c00000/segment@200000/target-module@9000/serial@0[0]'
[    0.921849] of_get_named_gpiod_flags: can't parse 'rs485-term-gpio' property of node '/ocp/interconnect@44c00000/segment@200000/target-module@9000/serial@0[0]'
[    0.921885] omap8250 44e09000.serial: using lookup tables for GPIO lookup
[    0.921895] omap8250 44e09000.serial: No GPIO consumer rs485-term found
[    0.921905] omap8250 44e09000.serial: using DT '/ocp/interconnect@44c00000/segment@200000/target-module@9000/serial@0' for 'rs485-rx-during-tx' GPIO lookup
[    0.921941] of_get_named_gpiod_flags: can't parse 'rs485-rx-during-tx-gpios' property of node '/ocp/interconnect@44c00000/segment@200000/target-module@9000/serial@0[0]'
[    0.921978] of_get_named_gpiod_flags: can't parse 'rs485-rx-during-tx-gpio' property of node '/ocp/interconnect@44c00000/segment@200000/target-module@9000/serial@0[0]'
[    0.922009] omap8250 44e09000.serial: using lookup tables for GPIO lookup
[    0.922017] omap8250 44e09000.serial: No GPIO consumer rs485-rx-during-tx found
[    0.922443] 44e09000.serial: ttyS0 at MMIO 0x44e09000 (irq = 34, base_baud = 3000000) is a 8250
[    0.922533] printk: legacy console [ttyS0] enabled
[    2.423059] i2c i2c-0: using DT '/ocp/interconnect@44c00000/segment@200000/target-module@b000/i2c@0' for 'scl' GPIO lookup
[    2.423149] of_get_named_gpiod_flags: can't parse 'scl-gpios' property of node '/ocp/interconnect@44c00000/segment@200000/target-module@b000/i2c@0[0]'
[    2.423196] of_get_named_gpiod_flags: can't parse 'scl-gpio' property of node '/ocp/interconnect@44c00000/segment@200000/target-module@b000/i2c@0[0]'
[    2.423237] i2c i2c-0: using lookup tables for GPIO lookup
[    2.423251] i2c i2c-0: No GPIO consumer scl found
[    2.423275] i2c i2c-0: using DT '/ocp/interconnect@44c00000/segment@200000/target-module@b000/i2c@0' for 'sda' GPIO lookup
[    2.423315] of_get_named_gpiod_flags: can't parse 'sda-gpios' property of node '/ocp/interconnect@44c00000/segment@200000/target-module@b000/i2c@0[0]'
[    2.423355] of_get_named_gpiod_flags: can't parse 'sda-gpio' property of node '/ocp/interconnect@44c00000/segment@200000/target-module@b000/i2c@0[0]'
[    2.423391] i2c i2c-0: using lookup tables for GPIO lookup
[    2.423402] i2c i2c-0: No GPIO consumer sda found
[    2.442284] tps65217-pmic: Failed to locate of_node [id: -1]
[    2.448359] tps65217-bl: Failed to locate of_node [id: -1]
[    2.454413] platform tps65217-charger: DMA mask not set
[    2.460443] platform tps65217-pwrbutton: DMA mask not set
[    2.467678] tps65217 0-0024: TPS65217 ID 0xe version 1.2
[    2.473787] /ocp/interconnect@48000000/segment@300000/target-module@e000/lcdc@0: Fixed dependency cycle(s) with /ocp/interconnect@44c00000/segment@200000/target-module@b000/i2c@0/tda19988@70
[    2.491193] /ocp/interconnect@44c00000/segment@200000/target-module@b000/i2c@0/tda19988@70: Fixed dependency cycle(s) with /ocp/interconnect@48000000/segment@300000/target-module@e000/lcdc@0
[    2.508578] omap_i2c 44e0b000.i2c: bus 0 rev0.11 at 400 kHz
[    2.516358] sdhci-omap 48060000.mmc: using DT '/ocp/interconnect@48000000/segment@0/target-module@60000/mmc@0' for 'cd' GPIO lookup
[    2.516461] of_get_named_gpiod_flags: parsed 'cd-gpios' property of node '/ocp/interconnect@48000000/segment@0/target-module@60000/mmc@0[0]' - status (0)
[    2.516528] gpio gpiochip3: Persistence not supported for GPIO 6
[    2.516573] omap_gpio 44e07000.gpio: Could not set line 6 debounce to 200000 microseconds (-22)
[    2.525459] sdhci-omap 48060000.mmc: Got CD GPIO
[    2.530109] sdhci-omap 48060000.mmc: using DT '/ocp/interconnect@48000000/segment@0/target-module@60000/mmc@0' for 'wp' GPIO lookup
[    2.530158] of_get_named_gpiod_flags: can't parse 'wp-gpios' property of node '/ocp/interconnect@48000000/segment@0/target-module@60000/mmc@0[0]'
[    2.530203] of_get_named_gpiod_flags: can't parse 'wp-gpio' property of node '/ocp/interconnect@48000000/segment@0/target-module@60000/mmc@0[0]'
[    2.530241] sdhci-omap 48060000.mmc: using lookup tables for GPIO lookup
[    2.530256] sdhci-omap 48060000.mmc: No GPIO consumer wp found
[    2.530467] sdhci-omap 48060000.mmc: supply pbias not found, using dummy regulator
[    2.539292] sdhci-omap 481d8000.mmc: using DT '/ocp/interconnect@48000000/segment@100000/target-module@d8000/mmc@0' for 'wp' GPIO lookup
[    2.539366] of_get_named_gpiod_flags: can't parse 'wp-gpios' property of node '/ocp/interconnect@48000000/segment@100000/target-module@d8000/mmc@0[0]'
[    2.539415] of_get_named_gpiod_flags: can't parse 'wp-gpio' property of node '/ocp/interconnect@48000000/segment@100000/target-module@d8000/mmc@0[0]'
[    2.539455] sdhci-omap 481d8000.mmc: using lookup tables for GPIO lookup
[    2.539468] sdhci-omap 481d8000.mmc: No GPIO consumer wp found
[    2.541058] sdhci-omap 48060000.mmc: supply vqmmc not found, using dummy regulator
[    2.549596] sdhci-omap 481d8000.mmc: supply pbias not found, using dummy regulator
[    2.558254] sdhci-omap 481d8000.mmc: supply vqmmc not found, using dummy regulator
[    2.595063] mmc0: SDHCI controller on 48060000.mmc [48060000.mmc] using External DMA
[    2.603306] mmc1: SDHCI controller on 481d8000.mmc [481d8000.mmc] using External DMA
[    2.612140] cpsw-switch 4a100000.switch: starting ndev. mode: dual_mac
[    2.681648] mmc1: new high speed MMC card at address 0001
[    2.688461] mmcblk1: mmc1:0001 MMC04G 3.60 GiB
[    2.696354]  mmcblk1: p1 p2
[    2.700072] SMSC LAN8710/LAN8720 4a101000.mdio:00: attached PHY driver (mii_bus:phy_addr=4a101000.mdio:00, irq=POLL)
[    2.717144] mmcblk1boot0: mmc1:0001 MMC04G 2.00 MiB
[    2.726523] mmcblk1boot1: mmc1:0001 MMC04G 2.00 MiB
[    2.735380] mmcblk1rpmb: mmc1:0001 MMC04G 128 KiB, chardev (249:0)
[    2.784423] mmc0: new high speed SDHC card at address aaaa
[    2.791246] mmcblk0: mmc0:aaaa SE32G 29.7 GiB
[    2.800638]  mmcblk0: p1 p2
[    5.842119] cpsw-switch 4a100000.switch eth0: Link is Up - 100Mbps/Full - flow control off
[    5.871368] IP-Config: Complete:
[    5.874637]      device=eth0, hwaddr=6c:ec:eb:68:de:78, ipaddr=192.168.255.1, mask=255.255.255.0, gw=255.255.255.255
[    5.885278]      host=bbb1, domain=, nis-domain=(none)
[    5.890445]      bootserver=192.168.255.126, rootserver=192.168.255.126, rootpath=
[    5.890878] clk: Disabling unused clocks
[    5.902741] PM: genpd: Disabling unused power domains
[    5.907889] KTAP version 1
[    5.910612] 1..0
[    5.913350] check access for rdinit=/init failed: -2, ignoring
[    5.952287] VFS: Mounted root (nfs filesystem) on device 0:17.
[    5.959088] devtmpfs: mounted
[    5.963772] Freeing unused kernel image (initmem) memory: 1024K
[    5.970385] Run /sbin/init as init process
[    5.974622]   with arguments:
[    5.974638]     /sbin/init
[    5.974647]     nfsrootdebug
[    5.974657]   with environment:
[    5.974665]     HOME=/
[    5.974674]     TERM=linux
[    6.643236] systemd[1]: System time before build time, advancing clock.
[    8.201380] random: crng init done
[    8.214086] systemd[1]: systemd 232 running in system mode. (+PAM +AUDIT +SELINUX +IMA +APPARMOR +SMACK +SYSVINIT +UTMP +LIBCRYPTSETUP +GCRYPT +GNUTLS +ACL +XZ +LZ4 +SECCOMP +BLKID +ELFUTILS +KMOD +IDN)
[    8.233192] systemd[1]: Detected architecture arm.
[    8.264468] systemd[1]: Set hostname to <arm>.
[    9.370991] systemd[1]: syslog.socket: SO_PASSSEC failed: Operation not supported
[    9.379084] systemd[1]: Listening on Syslog Socket.
[    9.403360] systemd[1]: Listening on udev Control Socket.
[    9.431774] systemd[1]: Reached target Remote File Systems.
[    9.463349] systemd[1]: Listening on /dev/initctl Compatibility Named Pipe.
[    9.492021] systemd[1]: systemd-journald.socket: SO_PASSSEC failed: Operation not supported
[    9.500622] systemd[1]: systemd-journald.socket: SO_PASSSEC failed: Operation not supported
[   11.807464] systemd-journald[88]: Received request to flush runtime journal from PID 1
[   12.643630] omap_prm 44e00d00.prm: sync_state() pending due to 44d00000.cpu
[   14.483362] leds-gpio leds: using DT '/leds/led2' for '(default)' GPIO lookup
[   14.483475] of_get_named_gpiod_flags: parsed 'gpios' property of node '/leds/led2[0]' - status (0)
[   14.483536] gpio gpiochip0: Persistence not supported for GPIO 21
[   14.483551] gpio-533 (?): no flags found for GPIO (default)
[   14.558658] leds-gpio leds: using DT '/leds/led3' for '(default)' GPIO lookup
[   14.558936] of_get_named_gpiod_flags: parsed 'gpios' property of node '/leds/led3[0]' - status (0)
[   14.559004] gpio gpiochip0: Persistence not supported for GPIO 22
[   14.559019] gpio-534 (?): no flags found for GPIO (default)
[   14.599977] leds-gpio leds: using DT '/leds/led4' for '(default)' GPIO lookup
[   14.600077] of_get_named_gpiod_flags: parsed 'gpios' property of node '/leds/led4[0]' - status (0)
[   14.600132] gpio gpiochip0: Persistence not supported for GPIO 23
[   14.600147] gpio-535 (?): no flags found for GPIO (default)
[   14.633803] leds-gpio leds: using DT '/leds/led5' for '(default)' GPIO lookup
[   14.633902] of_get_named_gpiod_flags: parsed 'gpios' property of node '/leds/led5[0]' - status (0)
[   14.633953] gpio gpiochip0: Persistence not supported for GPIO 24
[   14.633968] gpio-536 (?): no flags found for GPIO (default)
[   14.872648] remoteproc remoteproc0: wkup_m3 is available
[   15.038926] at24 2-0054: supply vcc not found, using dummy regulator
[   15.165593] at24 2-0055: supply vcc not found, using dummy regulator
[   15.271147] at24 2-0056: supply vcc not found, using dummy regulator
[   15.392355] at24 2-0057: supply vcc not found, using dummy regulator
[   15.475330] at24 0-0050: using DT '/ocp/interconnect@44c00000/segment@200000/target-module@b000/i2c@0/eeprom@50' for 'wp' GPIO lookup
[   15.475436] of_get_named_gpiod_flags: can't parse 'wp-gpios' property of node '/ocp/interconnect@44c00000/segment@200000/target-module@b000/i2c@0/eeprom@50[0]'
[   15.475494] of_get_named_gpiod_flags: can't parse 'wp-gpio' property of node '/ocp/interconnect@44c00000/segment@200000/target-module@b000/i2c@0/eeprom@50[0]'
[   15.475541] at24 0-0050: using lookup tables for GPIO lookup
[   15.475556] at24 0-0050: No GPIO consumer wp found
[   15.475843] at24 0-0050: 32768 byte 24c256 EEPROM, writable, 1 bytes/write
[   15.554624] input: tps65217_pwrbutton as /devices/platform/ocp/44c00000.interconnect/44c00000.interconnect:segment@200000/44e0b000.target-module/44e0b000.i2c/i2c-0/0-0024/tps65217-pwrbutton/input/input0
[   15.785613] omap_rtc 44e3e000.rtc: registered as rtc0
[   15.790816] omap_rtc 44e3e000.rtc: setting system clock to 2000-01-01T00:00:00 UTC (946684800)
[   15.799701] omap_rtc 44e3e000.rtc: using DT '/ocp/interconnect@44c00000/segment@200000/target-module@3e000/rtc@0' for 'wp' GPIO lookup
[   15.799776] of_get_named_gpiod_flags: can't parse 'wp-gpios' property of node '/ocp/interconnect@44c00000/segment@200000/target-module@3e000/rtc@0[0]'
[   15.799827] of_get_named_gpiod_flags: can't parse 'wp-gpio' property of node '/ocp/interconnect@44c00000/segment@200000/target-module@3e000/rtc@0[0]'
[   15.799867] omap_rtc 44e3e000.rtc: using lookup tables for GPIO lookup
[   15.799882] omap_rtc 44e3e000.rtc: No GPIO consumer wp found
[   15.999577] omap_wdt: OMAP Watchdog Timer Rev 0x01: initial timeout 60 sec
[   16.132547] am335x-phy-driver 47401300.usb-phy: using DT '/ocp/target-module@47400000/usb-phy@1300' for 'reset' GPIO lookup
[   16.132641] of_get_named_gpiod_flags: can't parse 'reset-gpios' property of node '/ocp/target-module@47400000/usb-phy@1300[0]'
[   16.132686] of_get_named_gpiod_flags: can't parse 'reset-gpio' property of node '/ocp/target-module@47400000/usb-phy@1300[0]'
[   16.132723] am335x-phy-driver 47401300.usb-phy: using lookup tables for GPIO lookup
[   16.132739] am335x-phy-driver 47401300.usb-phy: No GPIO consumer reset found
[   16.132753] am335x-phy-driver 47401300.usb-phy: using DT '/ocp/target-module@47400000/usb-phy@1300' for 'vbus-detect' GPIO lookup
[   16.132784] of_get_named_gpiod_flags: can't parse 'vbus-detect-gpios' property of node '/ocp/target-module@47400000/usb-phy@1300[0]'
[   16.132816] of_get_named_gpiod_flags: can't parse 'vbus-detect-gpio' property of node '/ocp/target-module@47400000/usb-phy@1300[0]'
[   16.132843] am335x-phy-driver 47401300.usb-phy: using lookup tables for GPIO lookup
[   16.132855] am335x-phy-driver 47401300.usb-phy: No GPIO consumer vbus-detect found
[   16.133005] am335x-phy-driver 47401300.usb-phy: dummy supplies not allowed for exclusive requests (id=vbus)
[   16.302951] am335x-phy-driver 47401b00.usb-phy: using DT '/ocp/target-module@47400000/usb-phy@1b00' for 'reset' GPIO lookup
[   16.303098] of_get_named_gpiod_flags: can't parse 'reset-gpios' property of node '/ocp/target-module@47400000/usb-phy@1b00[0]'
[   16.303195] of_get_named_gpiod_flags: can't parse 'reset-gpio' property of node '/ocp/target-module@47400000/usb-phy@1b00[0]'
[   16.303238] am335x-phy-driver 47401b00.usb-phy: using lookup tables for GPIO lookup
[   16.303301] am335x-phy-driver 47401b00.usb-phy: No GPIO consumer reset found
[   16.303318] am335x-phy-driver 47401b00.usb-phy: using DT '/ocp/target-module@47400000/usb-phy@1b00' for 'vbus-detect' GPIO lookup
[   16.303352] of_get_named_gpiod_flags: can't parse 'vbus-detect-gpios' property of node '/ocp/target-module@47400000/usb-phy@1b00[0]'
[   16.303432] of_get_named_gpiod_flags: can't parse 'vbus-detect-gpio' property of node '/ocp/target-module@47400000/usb-phy@1b00[0]'
[   16.303463] am335x-phy-driver 47401b00.usb-phy: using lookup tables for GPIO lookup
[   16.303476] am335x-phy-driver 47401b00.usb-phy: No GPIO consumer vbus-detect found
[   16.303724] am335x-phy-driver 47401b00.usb-phy: dummy supplies not allowed for exclusive requests (id=vbus)
[   16.671083] usbcore: registered new interface driver usbfs
[   16.676959] usbcore: registered new interface driver hub
[   16.682671] usbcore: registered new device driver usb
[   17.056262] tda998x 0-0070: found TDA19988
[   17.479193] musb-hdrc musb-hdrc.1: MUSB HDRC host driver
[   17.484867] musb-hdrc musb-hdrc.1: new USB bus registered, assigned bus number 1
[   17.804106] usb usb1: New USB device found, idVendor=1d6b, idProduct=0002, bcdDevice= 6.17
[   17.812639] usb usb1: New USB device strings: Mfr=3, Product=2, SerialNumber=1
[   17.819910] usb usb1: Product: MUSB HDRC host driver
[   17.824970] usb usb1: Manufacturer: Linux 6.17.0-rc5-next-20250912 musb-hcd
[   17.832002] usb usb1: SerialNumber: musb-hdrc.1
[   18.090021] omap-mailbox 480c8000.mailbox: omap mailbox rev 0x400
[   18.191692] remoteproc remoteproc0: powering up wkup_m3
[   18.297220] hub 1-0:1.0: USB hub found
[   18.366552] hub 1-0:1.0: 1 port detected
[   18.434017] remoteproc remoteproc0: Direct firmware load for am335x-pm-firmware.elf failed with error -2
[   18.443900] remoteproc remoteproc0: request_firmware failed: -2
[   18.449865] wkup_m3_ipc 44e11324.wkup_m3_ipc: rproc_boot failed
[   20.728506] omap_rng 48310000.rng: Random Number Generator ver. 20
[   20.865786] tilcdc 4830e000.lcdc: bound 0-0070 (ops tda998x_audio_codec_init [tda998x])
[   20.916509] [drm] Initialized tilcdc 1.0.0 for 4830e000.lcdc on minor 0
[   20.989362] tilcdc 4830e000.lcdc: [drm] Cannot find any crtc or sizes
[   20.999932] tilcdc 4830e000.lcdc: [drm] Cannot find any crtc or sizes
[   21.170535] ------------[ cut here ]------------
[   21.175348] WARNING: net/8021q/vlan_core.c:236 at vlan_for_each+0x114/0x134, CPU#0: avahi-daemon/199
[   21.184653] RTNL: assertion failed at net/8021q/vlan_core.c (236)
[   21.190781] Modules linked in: tilcdc omap_rng drm_dma_helper drm_client_lib rng_core snd_soc_davinci_mcasp snd_soc_ti_udma snd_soc_ti_edma snd_soc_ti_sdma snd_soc_core snd_pcm_dmaengine snd_pcm snd_timer omap_mailbox snd soundcore musb_dsps musb_hdrc tda998x udc_core cec usbcore drm_kms_helper phy_am335x cppi41 phy_generic usb_common omap_wdt drm watchdog rtc_omap wkup_m3_ipc phy_am335x_control tps65218_pwrbutton drm_panel_orientation_quirks at24 wkup_m3_rproc leds_gpio led_class cpufreq_dt autofs4
[   21.235518] CPU: 0 UID: 107 PID: 199 Comm: avahi-daemon Not tainted 6.17.0-rc5-next-20250912 #1 NONE 
[   21.235537] Hardware name: Generic AM33XX (Flattened Device Tree)
[   21.235545] Call trace: 
[   21.235561]  unwind_backtrace from show_stack+0x10/0x14
[   21.235599]  show_stack from dump_stack_lvl+0x50/0x64
[   21.235625]  dump_stack_lvl from __warn+0x88/0x148
[   21.235644]  __warn from warn_slowpath_fmt+0x19c/0x1b0
[   21.235658]  warn_slowpath_fmt from vlan_for_each+0x114/0x134
[   21.235676]  vlan_for_each from cpsw_add_mc_addr+0x40/0xa4
[   21.235709]  cpsw_add_mc_addr from __hw_addr_ref_sync_dev+0x108/0x140
[   21.235737]  __hw_addr_ref_sync_dev from __dev_mc_add+0x7c/0x80
[   21.235755]  __dev_mc_add from igmp6_group_added+0xc8/0xe0
[   21.235775]  igmp6_group_added from __ipv6_dev_mc_inc+0x218/0x364
[   21.235788]  __ipv6_dev_mc_inc from __ipv6_sock_mc_join+0x11c/0x1c0
[   21.235801]  __ipv6_sock_mc_join from do_ipv6_setsockopt+0x1214/0x1310
[   21.235824]  do_ipv6_setsockopt from ipv6_setsockopt+0x60/0xcc
[   21.235841]  ipv6_setsockopt from udpv6_setsockopt+0x2c/0x6c
[   21.235861]  udpv6_setsockopt from sock_common_setsockopt+0x30/0x40
[   21.235887]  sock_common_setsockopt from do_sock_setsockopt+0x50/0x9c
[   21.235905]  do_sock_setsockopt from __sys_setsockopt+0x70/0xbc
[   21.235920]  __sys_setsockopt from ret_fast_syscall+0x0/0x58
[   21.235935] Exception stack(0xe0105fa8 to 0xe0105ff0)
[   21.235950] 5fa0:                   00000014 b6fb0ce8 0000000d 00000029 00000014 bea769ec
[   21.235961] 5fc0: 00000014 b6fb0ce8 00000014 00000126 0000000d b6f59ff4 004be988 004a6558
[   21.235970] 5fe0: b6f6f088 bea769d8 b6f4c309 b6e2341a
[   21.235977] ---[ end trace 0000000000000000 ]---
[   22.157145] PM: Cannot get wkup_m3_ipc handle
[   22.422814] omap-sham 53100000.sham: hw accel on OMAP rev 4.3
[   22.572107] omap-sham 53100000.sham: will run requests pump with realtime priority
[   22.580852] PM: Cannot get wkup_m3_ipc handle
[   22.785165] omap-aes 53500000.aes: OMAP AES hw accel rev: 3.2
[   22.942168] omap-aes 53500000.aes: will run requests pump with realtime priority
[   22.952801] PM: Cannot get wkup_m3_ipc handle
[   25.072331] Bluetooth: Core ver 2.22
[   25.076172] NET: Registered PF_BLUETOOTH protocol family
[   25.081698] Bluetooth: HCI device and connection manager initialized
[   25.088112] Bluetooth: HCI socket layer initialized
[   25.093096] Bluetooth: L2CAP socket layer initialized
[   25.098210] Bluetooth: SCO socket layer initialized
[   26.009819] PM: Cannot get wkup_m3_ipc handle
[   26.015838] asoc-simple-card sound: using DT '/sound' for 'simple-audio-card,hp-det' GPIO lookup
[   26.015912] of_get_named_gpiod_flags: can't parse 'simple-audio-card,hp-det-gpios' property of node '/sound[0]'
[   26.015949] of_get_named_gpiod_flags: can't parse 'simple-audio-card,hp-det-gpio' property of node '/sound[0]'
[   26.015973] asoc-simple-card sound: using lookup tables for GPIO lookup
[   26.015988] asoc-simple-card sound: No GPIO consumer simple-audio-card,hp-det found
[   26.016003] asoc-simple-card sound: using DT '/sound' for 'simple-audio-card,mic-det' GPIO lookup
[   26.016027] of_get_named_gpiod_flags: can't parse 'simple-audio-card,mic-det-gpios' property of node '/sound[0]'
[   26.016053] of_get_named_gpiod_flags: can't parse 'simple-audio-card,mic-det-gpio' property of node '/sound[0]'
[   26.016073] asoc-simple-card sound: using lookup tables for GPIO lookup
[   26.016085] asoc-simple-card sound: No GPIO consumer simple-audio-card,mic-det found
[   26.018773] tda998x 0-0070: using DT '/ocp/interconnect@44c00000/segment@200000/target-module@b000/i2c@0/tda19988@70' for 'nxp,calib' GPIO lookup
[   26.019040] of_get_named_gpiod_flags: parsed 'nxp,calib-gpios' property of node '/ocp/interconnect@44c00000/segment@200000/target-module@b000/i2c@0/tda19988@70[0]' - status (0)
[   26.019130] gpio gpiochip0: Persistence not supported for GPIO 25
[   26.019145] gpio-537 (nxp,calib): no flags found for GPIO nxp,calib
[   26.032749] gpio-537 (nxp,calib): gpiod_direction_output_nonotify: tried to set a GPIO tied to an IRQ as output
[   26.136590] PM: Cannot get wkup_m3_ipc handle
[   26.313267] tda9950 0-0034: TDA9950 CEC interface, hardware version 3.3
[   26.417888] PM: Cannot get wkup_m3_ipc handle
[   29.483227] userial_init: registered 8 ttyGS* devices
[   29.671637] rndis_register: configNr = 0
[   29.728534] udc musb-hdrc.0: binding gadget driver [g_multi]
[   29.728617] configfs-gadget.g_multi gadget.0: adding 'rndis'/73b11b64 to config 'c'/2e4ca17c
[   29.729740] configfs-gadget.g_multi gadget.0: HOST MAC 1c:ba:8c:a2:ed:6c
[   29.729769] configfs-gadget.g_multi gadget.0: MAC 1c:ba:8c:a2:ed:70
[   29.729839] rndis_set_param_medium: 0 0
[   29.729855] configfs-gadget.g_multi gadget.0: RNDIS: IN/ep1in OUT/ep1out NOTIFY/ep2in
[   29.729869] configfs-gadget.g_multi gadget.0: adding 'cdc_ethernet'/bec21aff to config 'c'/2e4ca17c
[   29.730714] configfs-gadget.g_multi gadget.0: HOST MAC 1c:ba:8c:a2:ed:6c
[   29.730736] configfs-gadget.g_multi gadget.0: MAC 1c:ba:8c:a2:ed:6d
[   29.730769] configfs-gadget.g_multi gadget.0: CDC Ethernet: IN/ep3in OUT/ep2out NOTIFY/ep4in
[   29.730783] configfs-gadget.g_multi gadget.0: adding 'acm'/ad506cd8 to config 'c'/2e4ca17c
[   29.730815] configfs-gadget.g_multi gadget.0: acm ttyGS0: IN/ep5in OUT/ep3out NOTIFY/ep6in
[   29.732557] PM: Cannot get wkup_m3_ipc handle
[   31.431873] configfs-gadget.g_multi gadget.0: eth_open
[   35.440207] gs_open: ttyGS0 (ff0c1fc6,f7a06fd5)
[   35.440347] gs_close: ttyGS0 (ff0c1fc6,f7a06fd5) ...
[   35.440369] gs_close: ttyGS0 (ff0c1fc6,f7a06fd5) done!
[   35.447321] gs_open: ttyGS0 (dfcb9e48,f36c7ddd)
[   35.447460] gs_close: ttyGS0 (dfcb9e48,f36c7ddd) ...
[   35.447484] gs_close: ttyGS0 (dfcb9e48,f36c7ddd) done!
[   35.647582] gs_open: ttyGS0 (c772ef14,b0117085)
[   35.647822] gs_close: ttyGS0 (c772ef14,b0117085) ...
[   35.647850] gs_close: ttyGS0 (c772ef14,b0117085) done!
[   35.648775] gs_open: ttyGS0 (c772ef14,917cdad1)
EMQQWFSOZO 0
root@arm:~# echo 'HPKP''SGPONG'
HPKPSGPONG
root@arm:~# MARKER='LYQO''NUWKFB' run 'modprobe test_linear_ranges'
LYQONUWKFBLYQONUWKFB 0
root@arm:~# echo 'OWLZ''HATUPE'
OWLZHATUPE
root@arm:~# MARKER='LFOH''JQQWGZ' run dmesg
LFOHJQQWGZ[    0.000000] Booting Linux on physical CPU 0x0
[    0.000000] Linux version 6.17.0-rc5-next-20250912 (user01@drvtest01) (arm-none-eabi-gcc (Arm GNU Toolchain 14.2.Rel1 (Build arm-14.52)) 14.2.1 20241119, GNU ld (Arm GNU Toolchain 14.2.Rel1 (Build arm-14.52)) 2.43.1.20241119) #1 SMP Fri Sep 12 09:04:19 EEST 2025
[    0.000000] CPU: ARMv7 Processor [413fc082] revision 2 (ARMv7), cr=10c5387d
[    0.000000] CPU: PIPT / VIPT nonaliasing data cache, VIPT aliasing instruction cache
[    0.000000] OF: fdt: Machine model: TI AM335x BeagleBone Black
[    0.000000] Memory policy: Data cache writeback
[    0.000000] cma: Reserved 16 MiB at 0x9e800000
[    0.000000] Zone ranges:
[    0.000000]   Normal   [mem 0x0000000080000000-0x000000009fdfffff]
[    0.000000]   HighMem  empty
[    0.000000] Movable zone start for each node
[    0.000000] Early memory node ranges
[    0.000000]   node   0: [mem 0x0000000080000000-0x000000009fdfffff]
[    0.000000] Initmem setup node 0 [mem 0x0000000080000000-0x000000009fdfffff]
[    0.000000] On node 0, zone Normal: 512 pages in unavailable ranges
[    0.000000] OF: reserved mem: Reserved memory: No reserved-memory node in the DT
[    0.000000] CPU: All CPU(s) started in SVC mode.
[    0.000000] AM335X ES2.1 (sgx neon)
[    0.000000] percpu: Embedded 17 pages/cpu s39820 r8192 d21620 u69632
[    0.000000] pcpu-alloc: s39820 r8192 d21620 u69632 alloc=17*4096
[    0.000000] pcpu-alloc: [0] 0 
[    0.000000] Kernel command line: console=ttyO0,115200n8 root=/dev/nfs rw nfsroot=192.168.255.126:/home/user01/nfs,nfsvers=3 ip=192.168.255.1:192.168.255.126::255.255.255.0:bbb1:eth0 nfsrootdebug
[    0.000000] Unknown kernel command line parameters "nfsrootdebug", will be passed to user space.
[    0.000000] printk: log buffer data + meta data: 65536 + 204800 = 270336 bytes
[    0.000000] Dentry cache hash table entries: 65536 (order: 6, 262144 bytes, linear)
[    0.000000] Inode-cache hash table entries: 32768 (order: 5, 131072 bytes, linear)
[    0.000000] Built 1 zonelists, mobility grouping on.  Total pages: 130560
[    0.000000] mem auto-init: stack:off, heap alloc:off, heap free:off
[    0.000000] SLUB: HWalign=16, Order=0-3, MinObjects=0, CPUs=1, Nodes=1
[    0.000000] rcu: Hierarchical RCU implementation.
[    0.000000] rcu: 	RCU event tracing is enabled.
[    0.000000] rcu: 	RCU restricting CPUs from NR_CPUS=2 to nr_cpu_ids=1.
[    0.000000] 	Tracing variant of Tasks RCU enabled.
[    0.000000] rcu: RCU calculated value of scheduler-enlistment delay is 10 jiffies.
[    0.000000] rcu: Adjusting geometry for rcu_fanout_leaf=16, nr_cpu_ids=1
[    0.000000] RCU Tasks Trace: Setting shift to 0 and lim to 1 rcu_task_cb_adjust=1 rcu_task_cpu_ids=1.
[    0.000000] NR_IRQS: 16, nr_irqs: 16, preallocated irqs: 16
[    0.000000] IRQ: Found an INTC at 0x(ptrval) (revision 5.0) with 128 interrupts
[    0.000000] rcu: srcu_init: Setting srcu_struct sizes based on contention.
[    0.000000] TI gptimer clocksource: always-on /ocp/interconnect@44c00000/segment@200000/target-module@31000
[    0.000003] sched_clock: 32 bits at 24MHz, resolution 41ns, wraps every 89478484971ns
[    0.000025] clocksource: dmtimer: mask: 0xffffffff max_cycles: 0xffffffff, max_idle_ns: 79635851949 ns
[    0.000498] TI gptimer clockevent: 24000000 Hz at /ocp/interconnect@48000000/segment@0/target-module@40000
[    0.002067] Console: colour dummy device 80x30
[    0.002133] WARNING: Your 'console=ttyO0' has been replaced by 'ttyS0'
[    0.002141] This ensures that you still see kernel messages. Please
[    0.002146] update your kernel commandline.
[    0.002189] Calibrating delay loop... 996.14 BogoMIPS (lpj=4980736)
[    0.090610] CPU: Testing write buffer coherency: ok
[    0.090693] CPU0: Spectre v2: using BPIALL workaround
[    0.090703] pid_max: default: 32768 minimum: 301
[    0.090868] LSM: initializing lsm=capability
[    0.091024] Mount-cache hash table entries: 1024 (order: 0, 4096 bytes, linear)
[    0.091044] Mountpoint-cache hash table entries: 1024 (order: 0, 4096 bytes, linear)
[    0.092621] CPU0: thread -1, cpu 0, socket -1, mpidr 0
[    0.092682] cacheinfo: Unable to detect cache hierarchy for CPU 0
[    0.094693] Setting up static identity map for 0x80100000 - 0x80100078
[    0.095003] rcu: Hierarchical SRCU implementation.
[    0.095013] rcu: 	Max phase no-delay instances is 1000.
[    0.096693] smp: Bringing up secondary CPUs ...
[    0.096746] smp: Brought up 1 node, 1 CPU
[    0.096758] SMP: Total of 1 processors activated (996.14 BogoMIPS).
[    0.096770] CPU: All CPU(s) started in SVC mode.
[    0.096964] Memory: 480872K/522240K available (11264K kernel code, 1221K rwdata, 2944K rodata, 1024K init, 255K bss, 23332K reserved, 16384K cma-reserved, 0K highmem)
[    0.097781] devtmpfs: initialized
[    0.115277] VFP support v0.3: implementor 41 architecture 3 part 30 variant c rev 3
[    0.115922] clocksource: jiffies: mask: 0xffffffff max_cycles: 0xffffffff, max_idle_ns: 19112604462750000 ns
[    0.115980] posixtimers hash table entries: 512 (order: 0, 4096 bytes, linear)
[    0.116006] futex hash table entries: 256 (16384 bytes on 1 NUMA nodes, total 16 KiB, linear).
[    0.117131] pinctrl core: initialized pinctrl subsystem
[    0.119224] NET: Registered PF_NETLINK/PF_ROUTE protocol family
[    0.122289] DMA: preallocated 256 KiB pool for atomic coherent allocations
[    0.122888] audit: initializing netlink subsys (disabled)
[    0.124214] thermal_sys: Registered thermal governor 'fair_share'
[    0.124229] thermal_sys: Registered thermal governor 'step_wise'
[    0.124239] thermal_sys: Registered thermal governor 'user_space'
[    0.124349] audit: type=2000 audit(0.120:1): state=initialized audit_enabled=0 res=1
[    0.124422] cpuidle: using governor menu
[    0.142326] /ocp/interconnect@44c00000/segment@200000/target-module@b000/i2c@0/tda19988@70: Fixed dependency cycle(s) with /ocp/interconnect@48000000/segment@300000/target-module@e000/lcdc@0
[    0.143451] /ocp/interconnect@48000000/segment@300000/target-module@e000/lcdc@0: Fixed dependency cycle(s) with /ocp/interconnect@44c00000/segment@200000/target-module@b000/i2c@0/tda19988@70
[    0.145675] No ATAGs?
[    0.145713] hw-breakpoint: debug architecture 0x4 unsupported.
[    0.148801] kprobes: kprobe jump-optimization is enabled. All kprobes are optimized if possible.
[    0.153802] iommu: Default domain type: Translated
[    0.153825] iommu: DMA domain TLB invalidation policy: strict mode
[    0.155376] reg-fixed-voltage fixedregulator0: using DT '/fixedregulator0' for '(default)' GPIO lookup
[    0.155430] of_get_named_gpiod_flags: can't parse 'gpios' property of node '/fixedregulator0[0]'
[    0.155458] of_get_named_gpiod_flags: can't parse 'gpio' property of node '/fixedregulator0[0]'
[    0.155476] reg-fixed-voltage fixedregulator0: using lookup tables for GPIO lookup
[    0.155487] reg-fixed-voltage fixedregulator0: No GPIO consumer (default) found
[    0.161676] SCSI subsystem initialized
[    0.162136] libata version 3.00 loaded.
[    0.162517] pps_core: LinuxPPS API ver. 1 registered
[    0.162529] pps_core: Software ver. 5.3.6 - Copyright 2005-2007 Rodolfo Giometti <giometti@linux.it>
[    0.162554] PTP clock support registered
[    0.170997] vgaarb: loaded
[    0.171357] clocksource: Switched to clocksource dmtimer
[    0.172020] VFS: Disk quotas dquot_6.6.0
[    0.172079] VFS: Dquot-cache hash table entries: 1024 (order 0, 4096 bytes)
[    0.196442] NET: Registered PF_INET protocol family
[    0.196773] IP idents hash table entries: 8192 (order: 4, 65536 bytes, linear)
[    0.198184] tcp_listen_portaddr_hash hash table entries: 512 (order: 0, 4096 bytes, linear)
[    0.198224] Table-perturb hash table entries: 65536 (order: 6, 262144 bytes, linear)
[    0.198243] TCP established hash table entries: 4096 (order: 2, 16384 bytes, linear)
[    0.198288] TCP bind hash table entries: 4096 (order: 4, 65536 bytes, linear)
[    0.198388] TCP: Hash tables configured (established 4096 bind 4096)
[    0.198512] UDP hash table entries: 256 (order: 1, 14336 bytes, linear)
[    0.198546] UDP-Lite hash table entries: 256 (order: 1, 14336 bytes, linear)
[    0.198754] NET: Registered PF_UNIX/PF_LOCAL protocol family
[    0.202386] RPC: Registered named UNIX socket transport module.
[    0.202411] RPC: Registered udp transport module.
[    0.202416] RPC: Registered tcp transport module.
[    0.202421] RPC: Registered tcp-with-tls transport module.
[    0.202425] RPC: Registered tcp NFSv4.1 backchannel transport module.
[    0.202451] PCI: CLS 0 bytes, default 64
[    0.203856] Initialise system trusted keyrings
[    0.212031] workingset: timestamp_bits=14 max_order=17 bucket_order=3
[    0.213472] NFS: Registering the id_resolver key type
[    0.213531] Key type id_resolver registered
[    0.213538] Key type id_legacy registered
[    0.213647] jffs2: version 2.2. (NAND) (SUMMARY)  Â© 2001-2006 Red Hat, Inc.
[    0.214096] Key type asymmetric registered
[    0.214114] Asymmetric key parser 'x509' registered
[    0.214189] io scheduler mq-deadline registered
[    0.214199] io scheduler kyber registered
[    0.214277] io scheduler bfq registered
[    0.216152] target-module@4b000000:target-module@140000:pmu@0:fck: device ID is greater than 24
[    0.222340] l3-aon-clkctrl:0000:0: failed to disable
[    0.232088] ledtrig-cpu: registered to indicate activity on CPUs
[    0.235901] Serial: 8250/16550 driver, 6 ports, IRQ sharing enabled
[    0.282625] brd: module loaded
[    0.291275] loop: module loaded
[    0.292356] mtdoops: mtd device (mtddev=name/number) must be supplied
[    0.293932] mdio_bus fixed-0: using lookup tables for GPIO lookup
[    0.293958] mdio_bus fixed-0: No GPIO consumer reset found
[    0.295394] i2c_dev: i2c /dev entries driver
[    0.296410] cpuidle: enable-method property 'ti,am3352' found operations
[    0.296863] sdhci: Secure Digital Host Controller Interface driver
[    0.296874] sdhci: Copyright(c) Pierre Ossman
[    0.297055] sdhci-pltfm: SDHCI platform and OF driver helper
[    0.317395] hw perfevents: enabled with armv7_cortex_a8 PMU driver, 5 (8000000f) counters available
[    0.317952] Initializing XFRM netlink socket
[    0.318120] NET: Registered PF_INET6 protocol family
[    0.323776] l3-aon-clkctrl:0000:0: failed to disable
[    0.325401] Segment Routing with IPv6
[    0.325481] In-situ OAM (IOAM) with IPv6
[    0.325577] sit: IPv6, IPv4 and MPLS over IPv4 tunneling driver
[    0.326540] NET: Registered PF_PACKET protocol family
[    0.326571] NET: Registered PF_KEY protocol family
[    0.326695] Key type dns_resolver registered
[    0.326916] ThumbEE CPU extension supported.
[    0.326937] Registering SWP/SWPB emulation handler
[    0.327463] omap_voltage_late_init: Voltage driver support not added
[    0.328121] SmartReflex Class3 initialized
[    0.351682] Loading compiled-in X.509 certificates
[    0.383204] /ocp/interconnect@44c00000/segment@200000/target-module@b000/i2c@0/tda19988@70: Fixed dependency cycle(s) with /ocp/interconnect@48000000/segment@300000/target-module@e000/lcdc@0
[    0.389645] /ocp/interconnect@44c00000/segment@200000/target-module@b000/i2c@0/tda19988@70: Fixed dependency cycle(s) with /ocp/interconnect@48000000/segment@300000/target-module@e000/lcdc@0
[    0.395434] gpiochip_find_base_unlocked: found new base at 512
[    0.422026] /ocp/interconnect@44c00000/segment@200000/target-module@b000/i2c@0/tda19988@70: Fixed dependency cycle(s) with /ocp/interconnect@48000000/segment@300000/target-module@e000/lcdc@0
[    0.422980] /ocp/interconnect@44c00000/segment@200000/target-module@b000/i2c@0/tda19988@70: Fixed dependency cycle(s) with /ocp/interconnect@48000000/segment@300000/target-module@e000/lcdc@0
[    0.426527] /ocp/interconnect@44c00000/segment@200000/target-module@10000/scm@0/pinmux@800: Fixed dependency cycle(s) with /ocp/interconnect@44c00000/segment@200000/target-module@10000/scm@0/pinmux@800/clkout2-pins
[    0.427114] pinctrl-single 44e10800.pinmux: 142 pins, size 568
[    0.432664] ti-sysc 44e31000.target-module: probe with driver ti-sysc failed with error -16
[    0.456863] /ocp/interconnect@48000000/segment@300000/target-module@e000/lcdc@0: Fixed dependency cycle(s) with /ocp/interconnect@44c00000/segment@200000/target-module@b000/i2c@0/tda19988@70
[    0.465357] ti-sysc 48040000.target-module: probe with driver ti-sysc failed with error -16
[    0.477105] gpiochip_find_base_unlocked: found new base at 512
[    0.477209] gpio gpiochip0: (gpio-0-31): created GPIO range 0->7 ==> 44e10800.pinmux PIN 0->7
[    0.477229] gpio gpiochip0: (gpio-0-31): created GPIO range 8->11 ==> 44e10800.pinmux PIN 90->93
[    0.477253] gpio gpiochip0: (gpio-0-31): created GPIO range 12->27 ==> 44e10800.pinmux PIN 12->27
[    0.477270] gpio gpiochip0: (gpio-0-31): created GPIO range 28->31 ==> 44e10800.pinmux PIN 30->33
[    0.523954] gpio gpiochip0: (gpio-0-31): added GPIO chardev (254:0)
[    0.524182] gpio gpiochip0: registered GPIOs 512 to 543 on gpio-0-31
[    0.524270] OMAP GPIO hardware version 0.1
[    0.549827] i2c i2c-2: using DT '/ocp/interconnect@48000000/segment@100000/target-module@9c000/i2c@0' for 'scl' GPIO lookup
[    0.549902] of_get_named_gpiod_flags: can't parse 'scl-gpios' property of node '/ocp/interconnect@48000000/segment@100000/target-module@9c000/i2c@0[0]'
[    0.549945] of_get_named_gpiod_flags: can't parse 'scl-gpio' property of node '/ocp/interconnect@48000000/segment@100000/target-module@9c000/i2c@0[0]'
[    0.549981] i2c i2c-2: using lookup tables for GPIO lookup
[    0.549991] i2c i2c-2: No GPIO consumer scl found
[    0.550012] i2c i2c-2: using DT '/ocp/interconnect@48000000/segment@100000/target-module@9c000/i2c@0' for 'sda' GPIO lookup
[    0.550049] of_get_named_gpiod_flags: can't parse 'sda-gpios' property of node '/ocp/interconnect@48000000/segment@100000/target-module@9c000/i2c@0[0]'
[    0.550085] of_get_named_gpiod_flags: can't parse 'sda-gpio' property of node '/ocp/interconnect@48000000/segment@100000/target-module@9c000/i2c@0[0]'
[    0.550117] i2c i2c-2: using lookup tables for GPIO lookup
[    0.550124] i2c i2c-2: No GPIO consumer sda found
[    0.550850] omap_i2c 4819c000.i2c: bus 2 rev0.11 at 100 kHz
[    0.556739] gpiochip_find_base_unlocked: found new base at 544
[    0.556843] gpio gpiochip1: (gpio-32-63): created GPIO range 0->17 ==> 44e10800.pinmux PIN 34->51
[    0.556864] gpio gpiochip1: (gpio-32-63): created GPIO range 18->21 ==> 44e10800.pinmux PIN 77->80
[    0.556880] gpio gpiochip1: (gpio-32-63): created GPIO range 22->31 ==> 44e10800.pinmux PIN 56->65
[    0.578707] gpio gpiochip1: (gpio-32-63): added GPIO chardev (254:1)
[    0.578931] gpio gpiochip1: registered GPIOs 544 to 575 on gpio-32-63
[    0.581266] gpiochip_find_base_unlocked: found new base at 576
[    0.581520] gpio gpiochip2: (gpio-64-95): created GPIO range 0->4 ==> 44e10800.pinmux PIN 66->70
[    0.581544] gpio gpiochip2: (gpio-64-95): created GPIO range 5->6 ==> 44e10800.pinmux PIN 98->99
[    0.581560] gpio gpiochip2: (gpio-64-95): created GPIO range 7->8 ==> 44e10800.pinmux PIN 75->76
[    0.581575] gpio gpiochip2: (gpio-64-95): created GPIO range 13->13 ==> 44e10800.pinmux PIN 141->141
[    0.581593] gpio gpiochip2: (gpio-64-95): created GPIO range 14->21 ==> 44e10800.pinmux PIN 100->107
[    0.582274] gpio gpiochip2: (gpio-64-95): added GPIO chardev (254:2)
[    0.582489] gpio gpiochip2: registered GPIOs 576 to 607 on gpio-64-95
[    0.588178] 48000000.interconnect:segment@200000:target-module@0:mpu@0:fck: device ID is greater than 24
[    0.589089] /ocp/interconnect@48000000/segment@300000/target-module@e000/lcdc@0: Fixed dependency cycle(s) with /ocp/interconnect@44c00000/segment@200000/target-module@b000/i2c@0/tda19988@70
[    0.592221] /ocp/interconnect@48000000/segment@300000/target-module@e000/lcdc@0: Fixed dependency cycle(s) with /ocp/interconnect@44c00000/segment@200000/target-module@b000/i2c@0/tda19988@70
[    0.592985] /ocp/interconnect@44c00000/segment@200000/target-module@b000/i2c@0/tda19988@70: Fixed dependency cycle(s) with /ocp/interconnect@48000000/segment@300000/target-module@e000/lcdc@0
[    0.593163] /ocp/interconnect@48000000/segment@300000/target-module@e000/lcdc@0: Fixed dependency cycle(s) with /ocp/interconnect@44c00000/segment@200000/target-module@b000/i2c@0/tda19988@70
[    0.603002] mdio_bus 4a101000.mdio: using DT '/ocp/interconnect@4a000000/segment@0/target-module@100000/switch@0/mdio@1000' for 'reset' GPIO lookup
[    0.603075] of_get_named_gpiod_flags: can't parse 'reset-gpios' property of node '/ocp/interconnect@4a000000/segment@0/target-module@100000/switch@0/mdio@1000[0]'
[    0.603122] of_get_named_gpiod_flags: can't parse 'reset-gpio' property of node '/ocp/interconnect@4a000000/segment@0/target-module@100000/switch@0/mdio@1000[0]'
[    0.603170] mdio_bus 4a101000.mdio: using lookup tables for GPIO lookup
[    0.603180] mdio_bus 4a101000.mdio: No GPIO consumer reset found
[    0.604112] sdhci-omap 481d8000.mmc: using DT '/ocp/interconnect@48000000/segment@100000/target-module@d8000/mmc@0' for 'wp' GPIO lookup
[    0.604170] of_get_named_gpiod_flags: can't parse 'wp-gpios' property of node '/ocp/interconnect@48000000/segment@100000/target-module@d8000/mmc@0[0]'
[    0.604212] of_get_named_gpiod_flags: can't parse 'wp-gpio' property of node '/ocp/interconnect@48000000/segment@100000/target-module@d8000/mmc@0[0]'
[    0.604247] sdhci-omap 481d8000.mmc: using lookup tables for GPIO lookup
[    0.604257] sdhci-omap 481d8000.mmc: No GPIO consumer wp found
[    0.604448] sdhci-omap 481d8000.mmc: supply pbias not found, using dummy regulator
[    0.604940] sdhci-omap 481d8000.mmc: supply vqmmc not found, using dummy regulator
[    0.665173] davinci_mdio 4a101000.mdio: davinci mdio revision 1.6, bus freq 1000000
[    0.680170] mdio_bus 4a101000.mdio:00: using DT '/ocp/interconnect@4a000000/segment@0/target-module@100000/switch@0/mdio@1000/ethernet-phy@0' for 'reset' GPIO lookup
[    0.680270] of_get_named_gpiod_flags: parsed 'reset-gpios' property of node '/ocp/interconnect@4a000000/segment@0/target-module@100000/switch@0/mdio@1000/ethernet-phy@0[0]' - status (0)
[    0.680434] gpio gpiochip0: Persistence not supported for GPIO 8
[    0.829271] davinci_mdio 4a101000.mdio: phy[0]: device 4a101000.mdio:00, driver SMSC LAN8710/LAN8720
[    0.830117] cpsw-switch 4a100000.switch: initialized cpsw ale version 1.4
[    0.830140] cpsw-switch 4a100000.switch: ALE Table size 1024, Policers 0
[    0.830475] cpsw-switch 4a100000.switch: cpts: overflow check period 500 (jiffies)
[    0.830494] cpsw-switch 4a100000.switch: CPTS: ref_clk_freq:250000000 calc_mult:2147483648 calc_shift:29 error:0 nsec/sec
[    0.830594] cpsw-switch 4a100000.switch: Detected MACID = 6c:ec:eb:68:de:78
[    0.832733] cpsw-switch 4a100000.switch: initialized (regs 0x4a100000, pool size 256) hw_ver:0019010C 1.12 (0)
[    0.843793] debugfs: '49000000.dma' already exists in 'dmaengine'
[    0.843836] edma 49000000.dma: TI EDMA DMA engine driver
[    0.892612] gpio-clk clk_mcasp0: using DT '/clk_mcasp0' for 'enable' GPIO lookup
[    0.892689] of_get_named_gpiod_flags: parsed 'enable-gpios' property of node '/clk_mcasp0[0]' - status (0)
[    0.892735] gpio gpiochip0: Persistence not supported for GPIO 27
[    0.893610] gpiochip_find_base_unlocked: found new base at 608
[    0.893726] gpio gpiochip3: (gpio-96-127): created GPIO range 0->7 ==> 44e10800.pinmux PIN 82->89
[    0.893750] gpio gpiochip3: (gpio-96-127): created GPIO range 8->11 ==> 44e10800.pinmux PIN 52->55
[    0.893767] gpio gpiochip3: (gpio-96-127): created GPIO range 12->15 ==> 44e10800.pinmux PIN 94->97
[    0.893784] gpio gpiochip3: (gpio-96-127): created GPIO range 16->17 ==> 44e10800.pinmux PIN 71->72
[    0.893800] gpio gpiochip3: (gpio-96-127): created GPIO range 18->18 ==> 44e10800.pinmux PIN 135->135
[    0.893816] gpio gpiochip3: (gpio-96-127): created GPIO range 19->20 ==> 44e10800.pinmux PIN 108->109
[    0.893849] gpio gpiochip3: (gpio-96-127): created GPIO range 21->21 ==> 44e10800.pinmux PIN 73->73
[    0.893868] gpio gpiochip3: (gpio-96-127): created GPIO range 22->23 ==> 44e10800.pinmux PIN 8->9
[    0.893886] gpio gpiochip3: (gpio-96-127): created GPIO range 26->27 ==> 44e10800.pinmux PIN 10->11
[    0.893904] gpio gpiochip3: (gpio-96-127): created GPIO range 28->28 ==> 44e10800.pinmux PIN 74->74
[    0.893922] gpio gpiochip3: (gpio-96-127): created GPIO range 29->29 ==> 44e10800.pinmux PIN 81->81
[    0.893941] gpio gpiochip3: (gpio-96-127): created GPIO range 30->31 ==> 44e10800.pinmux PIN 28->29
[    0.919391] gpio gpiochip3: (gpio-96-127): added GPIO chardev (254:3)
[    0.919624] gpio gpiochip3: registered GPIOs 608 to 639 on gpio-96-127
[    0.921733] omap8250 44e09000.serial: using DT '/ocp/interconnect@44c00000/segment@200000/target-module@9000/serial@0' for 'rs485-term' GPIO lookup
[    0.921805] of_get_named_gpiod_flags: can't parse 'rs485-term-gpios' property of node '/ocp/interconnect@44c00000/segment@200000/target-module@9000/serial@0[0]'
[    0.921849] of_get_named_gpiod_flags: can't parse 'rs485-term-gpio' property of node '/ocp/interconnect@44c00000/segment@200000/target-module@9000/serial@0[0]'
[    0.921885] omap8250 44e09000.serial: using lookup tables for GPIO lookup
[    0.921895] omap8250 44e09000.serial: No GPIO consumer rs485-term found
[    0.921905] omap8250 44e09000.serial: using DT '/ocp/interconnect@44c00000/segment@200000/target-module@9000/serial@0' for 'rs485-rx-during-tx' GPIO lookup
[    0.921941] of_get_named_gpiod_flags: can't parse 'rs485-rx-during-tx-gpios' property of node '/ocp/interconnect@44c00000/segment@200000/target-module@9000/serial@0[0]'
[    0.921978] of_get_named_gpiod_flags: can't parse 'rs485-rx-during-tx-gpio' property of node '/ocp/interconnect@44c00000/segment@200000/target-module@9000/serial@0[0]'
[    0.922009] omap8250 44e09000.serial: using lookup tables for GPIO lookup
[    0.922017] omap8250 44e09000.serial: No GPIO consumer rs485-rx-during-tx found
[    0.922443] 44e09000.serial: ttyS0 at MMIO 0x44e09000 (irq = 34, base_baud = 3000000) is a 8250
[    0.922533] printk: legacy console [ttyS0] enabled
[    2.423059] i2c i2c-0: using DT '/ocp/interconnect@44c00000/segment@200000/target-module@b000/i2c@0' for 'scl' GPIO lookup
