Labgrid Console Logfile for main
Logfile started at 2025-09-09 22:50:37.211223
=== Log starts here ===
reading args
spl_load_image_fat_os: error reading image args, err - -1
reading u-boot.img
reading u-boot.img


U-Boot 2014.04-00014-g47880f5 (Apr 22 2014 - 13:23:54)

I2C:   ready
DRAM:  512 MiB
NAND:  0 MiB
MMC:   OMAP SD/MMC: 0, OMAP SD/MMC: 1
*** Warning - readenv() failed, using default environment

Net:   <ethaddr> not set. Validating first E-fuse MAC
cpsw, usb_ether
Hit any key to stop autoboot:  1  0 
gpio: pin 53 (gpio 53) value is 1
mmc0 is current device
gpio: pin 54 (gpio 54) value is 1
SD/MMC found on device 0
reading uEnv.txt
569 bytes read in 4 ms (138.7 KiB/s)
gpio: pin 55 (gpio 55) value is 1
Loaded environment from uEnv.txt
Importing environment from mmc ...
Checking if uenvcmd is set ...
gpio: pin 56 (gpio 56) value is 1
Running uenvcmd ...
cpsw Waiting for PHY auto negotiation to complete. done
link up on port 0, speed 100, full duplex
Using cpsw device
TFTP from server 192.168.255.126; our IP address is 192.168.255.1
Filename 'zImage'.
Load address: 0x81000000
Loading: *#################################################################
	 #################################################################
	 #################################################################
	 #################################################################
	 #################################################################
	 ########################################
	 2.4 MiB/s
done
Bytes transferred = 5353184 (51aee0 hex)
link up on port 0, speed 100, full duplex
Using cpsw device
TFTP from server 192.168.255.126; our IP address is 192.168.255.1
Filename 'am335x-boneblack.dtb'.
Load address: 0x82000000
Loading: *#######
	 1.3 MiB/s
done
Bytes transferred = 97772 (17dec hex)
Kernel image @ 0x81000000 [ 0x000000 - 0x51aee0 ]
## Flattened Device Tree blob at 82000000
   Booting using the fdt blob at 0x82000000
   Using Device Tree in place at 82000000, end 8201adeb

Starting kernel ...

[    0.000000] Booting Linux on physical CPU 0x0
[    0.000000] Linux version 6.6.105 (user01@drvtest01) (arm-none-eabi-gcc (Arm GNU Toolchain 14.2.Rel1 (Build arm-14.52)) 14.2.1 20241119, GNU ld (Arm GNU Toolchain 14.2.Rel1 (Build arm-14.52)) 2.43.1.20241119) #1 SMP Tue Sep  9 22:49:07 EEST 2025
[    0.000000] CPU: ARMv7 Processor [413fc082] revision 2 (ARMv7), cr=10c5387d
[    0.000000] CPU: PIPT / VIPT nonaliasing data cache, VIPT aliasing instruction cache
[    0.000000] OF: fdt: Machine model: TI AM335x BeagleBone Black
[    0.000000] Memory policy: Data cache writeback
[    0.000000] cma: Reserved 16 MiB at 0x9e800000 on node -1
[    0.000000] Zone ranges:
[    0.000000]   Normal   [mem 0x0000000080000000-0x000000009fdfffff]
[    0.000000]   HighMem  empty
[    0.000000] Movable zone start for each node
[    0.000000] Early memory node ranges
[    0.000000]   node   0: [mem 0x0000000080000000-0x000000009fdfffff]
[    0.000000] Initmem setup node 0 [mem 0x0000000080000000-0x000000009fdfffff]
[    0.000000] CPU: All CPU(s) started in SVC mode.
[    0.000000] AM335X ES2.1 (sgx neon)
[    0.000000] percpu: Embedded 16 pages/cpu s36116 r8192 d21228 u65536
[    0.000000] Kernel command line: console=ttyO0,115200n8 root=/dev/nfs rw nfsroot=192.168.255.126:/home/user01/nfs,nfsvers=3 ip=192.168.255.1:192.168.255.126::255.255.255.0:bbb1:eth0 nfsrootdebug
[    0.000000] Unknown kernel command line parameters "nfsrootdebug", will be passed to user space.
[    0.000000] Dentry cache hash table entries: 65536 (order: 6, 262144 bytes, linear)
[    0.000000] Inode-cache hash table entries: 32768 (order: 5, 131072 bytes, linear)
[    0.000000] Built 1 zonelists, mobility grouping on.  Total pages: 129412
[    0.000000] mem auto-init: stack:off, heap alloc:off, heap free:off
[    0.000000] Memory: 483604K/522240K available (11264K kernel code, 1165K rwdata, 2704K rodata, 1024K init, 282K bss, 22252K reserved, 16384K cma-reserved, 0K highmem)
[    0.000000] SLUB: HWalign=64, Order=0-3, MinObjects=0, CPUs=1, Nodes=1
[    0.000000] rcu: Hierarchical RCU implementation.
[    0.000000] rcu: 	RCU event tracing is enabled.
[    0.000000] rcu: 	RCU restricting CPUs from NR_CPUS=2 to nr_cpu_ids=1.
[    0.000000] rcu: RCU calculated value of scheduler-enlistment delay is 10 jiffies.
[    0.000000] rcu: Adjusting geometry for rcu_fanout_leaf=16, nr_cpu_ids=1
[    0.000000] NR_IRQS: 16, nr_irqs: 16, preallocated irqs: 16
[    0.000000] IRQ: Found an INTC at 0x(ptrval) (revision 5.0) with 128 interrupts
[    0.000000] rcu: srcu_init: Setting srcu_struct sizes based on contention.
[    0.000000] TI gptimer clocksource: always-on /ocp/interconnect@44c00000/segment@200000/target-module@31000
[    0.000003] sched_clock: 32 bits at 24MHz, resolution 41ns, wraps every 89478484971ns
[    0.000028] clocksource: dmtimer: mask: 0xffffffff max_cycles: 0xffffffff, max_idle_ns: 79635851949 ns
[    0.000514] TI gptimer clockevent: 24000000 Hz at /ocp/interconnect@48000000/segment@0/target-module@40000
[    0.002081] Console: colour dummy device 80x30
[    0.002128] WARNING: Your 'console=ttyO0' has been replaced by 'ttyS0'
[    0.002135] This ensures that you still see kernel messages. Please
[    0.002140] update your kernel commandline.
[    0.002179] Calibrating delay loop... 996.14 BogoMIPS (lpj=4980736)
[    0.090569] CPU: Testing write buffer coherency: ok
[    0.090667] CPU0: Spectre v2: using BPIALL workaround
[    0.090679] pid_max: default: 32768 minimum: 301
[    0.090792] LSM: initializing lsm=capability,integrity
[    0.090955] Mount-cache hash table entries: 1024 (order: 0, 4096 bytes, linear)
[    0.090975] Mountpoint-cache hash table entries: 1024 (order: 0, 4096 bytes, linear)
[    0.092442] CPU0: thread -1, cpu 0, socket -1, mpidr 0
[    0.094025] Setting up static identity map for 0x80100000 - 0x80100078
[    0.094314] rcu: Hierarchical SRCU implementation.
[    0.094324] rcu: 	Max phase no-delay instances is 1000.
[    0.095681] smp: Bringing up secondary CPUs ...
[    0.095739] smp: Brought up 1 node, 1 CPU
[    0.095754] SMP: Total of 1 processors activated (996.14 BogoMIPS).
[    0.095766] CPU: All CPU(s) started in SVC mode.
[    0.096656] devtmpfs: initialized
[    0.113454] VFP support v0.3: implementor 41 architecture 3 part 30 variant c rev 3
[    0.113810] clocksource: jiffies: mask: 0xffffffff max_cycles: 0xffffffff, max_idle_ns: 19112604462750000 ns
[    0.113845] futex hash table entries: 256 (order: 2, 16384 bytes, linear)
[    0.115144] pinctrl core: initialized pinctrl subsystem
[    0.117296] NET: Registered PF_NETLINK/PF_ROUTE protocol family
[    0.119814] DMA: preallocated 256 KiB pool for atomic coherent allocations
[    0.120421] audit: initializing netlink subsys (disabled)
[    0.121981] thermal_sys: Registered thermal governor 'fair_share'
[    0.122004] thermal_sys: Registered thermal governor 'step_wise'
[    0.122011] thermal_sys: Registered thermal governor 'user_space'
[    0.122113] audit: type=2000 audit(0.120:1): state=initialized audit_enabled=0 res=1
[    0.122191] cpuidle: using governor menu
[    0.138435] /ocp/interconnect@44c00000/segment@200000/target-module@b000/i2c@0/tda19988@70: Fixed dependency cycle(s) with /ocp/interconnect@48000000/segment@300000/target-module@e000/lcdc@0
[    0.139495] /ocp/interconnect@48000000/segment@300000/target-module@e000/lcdc@0: Fixed dependency cycle(s) with /ocp/interconnect@44c00000/segment@200000/target-module@b000/i2c@0/tda19988@70
[    0.141699] No ATAGs?
[    0.141720] hw-breakpoint: debug architecture 0x4 unsupported.
[    0.144737] kprobes: kprobe jump-optimization is enabled. All kprobes are optimized if possible.
[    0.163388] iommu: Default domain type: Translated
[    0.163408] iommu: DMA domain TLB invalidation policy: strict mode
[    0.164851] SCSI subsystem initialized
[    0.166681] pps_core: LinuxPPS API ver. 1 registered
[    0.166695] pps_core: Software ver. 5.3.6 - Copyright 2005-2007 Rodolfo Giometti <giometti@linux.it>
[    0.166717] PTP clock support registered
[    0.170879] vgaarb: loaded
[    0.171216] clocksource: Switched to clocksource dmtimer
[    0.171816] VFS: Disk quotas dquot_6.6.0
[    0.171876] VFS: Dquot-cache hash table entries: 1024 (order 0, 4096 bytes)
[    0.203066] NET: Registered PF_INET protocol family
[    0.203410] IP idents hash table entries: 8192 (order: 4, 65536 bytes, linear)
[    0.204743] tcp_listen_portaddr_hash hash table entries: 512 (order: 0, 4096 bytes, linear)
[    0.204784] Table-perturb hash table entries: 65536 (order: 6, 262144 bytes, linear)
[    0.204803] TCP established hash table entries: 4096 (order: 2, 16384 bytes, linear)
[    0.204849] TCP bind hash table entries: 4096 (order: 4, 65536 bytes, linear)
[    0.204950] TCP: Hash tables configured (established 4096 bind 4096)
[    0.205081] UDP hash table entries: 256 (order: 1, 8192 bytes, linear)
[    0.205110] UDP-Lite hash table entries: 256 (order: 1, 8192 bytes, linear)
[    0.205280] NET: Registered PF_UNIX/PF_LOCAL protocol family
[    0.212164] RPC: Registered named UNIX socket transport module.
[    0.212185] RPC: Registered udp transport module.
[    0.212190] RPC: Registered tcp transport module.
[    0.212196] RPC: Registered tcp-with-tls transport module.
[    0.212201] RPC: Registered tcp NFSv4.1 backchannel transport module.
[    0.212225] PCI: CLS 0 bytes, default 64
[    0.213813] Initialise system trusted keyrings
[    0.222000] workingset: timestamp_bits=14 max_order=17 bucket_order=3
[    0.223234] NFS: Registering the id_resolver key type
[    0.223335] Key type id_resolver registered
[    0.223343] Key type id_legacy registered
[    0.223396] jffs2: version 2.2. (NAND) (SUMMARY)  Â© 2001-2006 Red Hat, Inc.
[    0.223786] Key type asymmetric registered
[    0.223802] Asymmetric key parser 'x509' registered
[    0.223875] io scheduler mq-deadline registered
[    0.223885] io scheduler kyber registered
[    0.223951] io scheduler bfq registered
[    0.232233] hw perfevents: enabled with armv7_cortex_a8 PMU driver, 5 counters available
[    0.240727] l3-aon-clkctrl:0000:0: failed to disable
[    0.240874] Serial: 8250/16550 driver, 6 ports, IRQ sharing enabled
[    0.293945] brd: module loaded
[    0.313247] loop: module loaded
[    0.314174] mtdoops: mtd device (mtddev=name/number) must be supplied
[    0.316922] i2c_dev: i2c /dev entries driver
[    0.317890] cpuidle: enable-method property 'ti,am3352' found operations
[    0.318348] sdhci: Secure Digital Host Controller Interface driver
[    0.318357] sdhci: Copyright(c) Pierre Ossman
[    0.318546] sdhci-pltfm: SDHCI platform and OF driver helper
[    0.318821] ledtrig-cpu: registered to indicate activity on CPUs
[    0.319585] Initializing XFRM netlink socket
[    0.319711] NET: Registered PF_INET6 protocol family
[    0.321626] Segment Routing with IPv6
[    0.321704] In-situ OAM (IOAM) with IPv6
[    0.321813] sit: IPv6, IPv4 and MPLS over IPv4 tunneling driver
[    0.322788] NET: Registered PF_PACKET protocol family
[    0.322821] NET: Registered PF_KEY protocol family
[    0.322943] Key type dns_resolver registered
[    0.323165] ThumbEE CPU extension supported.
[    0.323186] Registering SWP/SWPB emulation handler
[    0.323696] omap_voltage_late_ init: Voltage driver support not added
[    0.324343] SmartReflex Class3 initialized
[    0.359584] Loading compiled-in X.509 certificates
[    0.398401] /ocp/interconnect@44c00000/segment@200000/target-module@b000/i2c@0/tda19988@70: Fixed dependency cycle(s) with /ocp/interconnect@48000000/segment@300000/target-module@e000/lcdc@0
[    0.404703] /ocp/interconnect@44c00000/segment@200000/target-module@b000/i2c@0/tda19988@70: Fixed dependency cycle(s) with /ocp/interconnect@48000000/segment@300000/targe t-module@e000/lcdc@0
[    0.412561] /ocp/interconnect@44c00000/segment@200000/target-module@b000/i2c@0/tda19988@70: Fixed dependency cycle(s) with /ocp/interconnect@48000000/segment@300000/target-module@e000/lcdc@0
[    0.413430] /ocp/interconnect@44c00000/segment@200000/target-module@b000/i2c@0/tda19988@70: Fixed dependency cycle(s) with /ocp/interconnect@48000000/segment@300000/target-module@e000/lcdc@0
[    0.416640] /ocp/interconnect@44c00000/segment@200000/target-module@10000/scm@0/pinmux@800: Fixed dependency cycle(s) with /ocp/interconnect@44c00000/segment@200000/target-module@10000/scm@0/pinmux@800/clkout2-pins
[    0.417254] pinctrl-single 44e10800.pinmux: 142 pins, size 568
[    0.422397] ti-sysc: probe of 44e31000.target-module failed with error -16
[    0.449002] /ocp/interconnect@48000000/segment@300000/target-module@e000/lcdc@0: Fixed dependency cycle(s) with /ocp/interconnect@44c00000/segment@200000/target-module@b000/i2c@0/tda19988@70
[    0.456842] ti-sysc: probe of 48040000.target-module failed with error -16
[    0.499175] OMAP GPIO hardware version 0.1
[    0.525044] omap_i2c 4819c000.i2c: bus 2 rev0.11 at 100 kHz
[    0.550859] /ocp/interconnect@48000000/segment@300000/target-module@e000/lcdc@0: Fixed dependency cycle(s) with /ocp/interconnect@44c00000/segment@200000/target-module@b000/i2c@0/tda19988@70
[    0.553836] /ocp/interconnect@48000000/segment@300000/target-module@e000/lcdc@0: Fixed dependency cycle(s) with /ocp/interconnect@44c00000/segment@200000/target-module@b000/i2c@0e version 1.4
[    0.833488] cpsw-switch 4a100000.switch: ALE Table size 1024
[    0.833634] cpsw-switch 4a100000.switch: cpts: overflow check period 500 (jiffies)
[    0.833651] cpsw-switch 4a100000.switch: CPTS: ref_clk_freq:250000000 calc_mult:2147483648 calc_shift:29 error:0 nsec/sec
[    0.833749] cpsw-switch 4a100000.switch: Detected MACID = 6c:ec:eb:68:de:78
[    0.835565] cpsw-switch 4a100000.switch: initialized (regs 0x4a100000, pool size 256) hw_ver:0019010C 1.12 (0)
[    0.846273] debugfs: Directory '49000000.dma' with parent 'dmaengine' already present!
[    0.846318] edma 49000000.dma: TI EDMA DMA engine driver
[    0.904769] 44e09000.serial: ttyS0 at MMIO 0x44e09000 (irq = 34, base_baud = 3000000) is a 8250
[    0.904851] printk: console [ttyS0] enabled
[    2.131497] tps65217-pmic: Failed to locate of_node [id: -1]
[    2.137560] tps65217-bl: Failed to locate of_node [id: -1]
[    2.154973] tps65217 0-0024: TPS65217 ID 0xe version 1.2
[    2.160973] /ocp/interconnect@48000000/segment@300000/target-module@e000/lcdc@0: Fixed dependency cycle(s) with /ocp/interconnect@44c00000/segment@200000/target-module@b000/i2c@0/tda19988@70
[    2.178411] /ocp/interconnect@44c00000/segment@200000/target-module@b000/i2c@0/tda19988@70: Fixed dependency cycle(s) with /ocp/interconnect@48000000/segment@300000/target-module@e000/lcdc@0
[    2.195786] omap_i2c 44e0b000.i2c: bus 0 rev0.11 at 400 kHz
[    2.203857] omap_gpio 44e07000.gpio: Could not set line 6 debounce to 200000 microseconds (-22)
[    2.212768] sdhci-omap 48060000.mmc: Got CD GPIO
[    2.217758] sdhci-omap 48060000.mmc: supply pbias not found, using dummy regulator
[    2.227835] sdhci-omap 48060000.mmc: supply vqmmc not found, using dummy regulator
[    2.236887] sdhci-omap 481d8000.mmc: supply pbias not found, using dummy regulator
[    2.246825] sdhci-omap 481d8000.mmc: supply vqmmc not found, using dummy regulator
[    2.281951] mmc0: SDHCI controller on 48060000.mmc [48060000.mmc] using External DMA
[    2.290127] mmc1: SDHCI controller on 481d8000.mmc [481d8000.mmc] using External DMA
[    2.298824] cpsw-switch 4a100000.switch: starting ndev. mode: dual_mac
[    2.368829] mmc0: new high speed SDHC card at address aaaa
[    2.375795] mmcblk0: mmc0:aaaa SE32G 29.7 GiB
[    2.383347] mmc1: new high speed MMC card at address 0001
[    2.389720]  mmcblk0: p1 p2
[    2.394308] mmcblk1: mmc1:0001 MMC04G 3.60 GiB
[    2.401366]  mmcblk1: p1 p2
[    2.405542] mmcblk1boot0: mmc1:0001 MMC04G 2.00 MiB
[    2.412639] mmcblk1boot1: mmc1:0001 MMC04G 2.00 MiB
[    2.419375] mmcblk1rpmb: mmc1:0001 MMC04G 128 KiB, chardev (250:0)
[    2.462404] SMSC LAN8710/LAN8720 4a101000.mdio:00: attached PHY driver (mii_bus:phy_addr=4a101000.mdio:00, irq=POLL)
[    5.601961] cpsw-switch 4a100000.switch eth0: Link is Up - 100Mbps/Full - flow control off
[    5.651261] IP-Config: Complete:
[    5.654533]      device=eth0, hwaddr=6c:ec:eb:68:de:78, ipaddr=192.168.255.1, mask=255.255.255.0, gw=255.255.255.255
[    5.665150]      host=bbb1, domain=, nis-domain=(none)
[    5.670313]      bootserver=192.168.255.126, rootserver=192.168.255.126, rootpath=
[    5.670728] clk: Disabling unused clocks
[    5.682579] KTAP version 1
[    5.685308] 1..0
[    5.708287] VFS: Mounted root (nfs filesystem) on device 0:16.
[    5.715290] devtmpfs: mounted
[    5.719910] Freeing unused kernel image (initmem) memory: 1024K
[    5.726779] Run /sbin/init as init process
[    6.414459] systemd[1]: System time before build time, advancing clock.
[    7.871234] random: crng init done
[    7.941690] systemd[1]: systemd 232 running in system mode. (+PAM +AUDIT +SELINUX +IMA +APPARMOR +SMACK +SYSVINIT +UTMP +LIBCRYPTSETUP +GCRYPT +GNUTLS +ACL +XZ +LZ4 +SECCOMP +BLKID +ELFUTILS +KMOD +IDN)
[    7.960624] systemd[1]: Detected architecture arm.

Welcome to [1mDebian GNU/Linux 9 (stretch)[0m!

[    8.004053] systemd[1]: Set hostname to <arm>.
[    9.064267] systemd[1]: Reached target Swap.
[[0;32m  OK  [0m] Reached target Swap.
[    9.103251] systemd[1]: Listening on /dev/initctl Compatibility Named Pipe.
[[0;32m  OK  [0m] Listening on /dev/initctl Compatibility Named Pipe.
[    9.141542] systemd[1]: Reached target Remote File Systems.
[[0;32m  OK  [0m] Reached target Remote File Systems.
[    9.182023] systemd[1]: Started Forward Password Requests to Wall Directory Watch.
[[0;32m  OK  [0m] Started Forward Password Requests to Wall Directory Watch.
[    9.222821] systemd[1]: Set up automount Arbitrary Executable File Formats File System Automount Point.
[[0;32m  OK  [0m] Set up automount Arbitrary Executabâ€¦rmats File System Automount Point.
[    9.262292] systemd[1]: Listening on Journal Audit Socket.
[[0;32m  OK  [0m] Listening on Journal Audit Socket.
[    9.302098] systemd[1]: Started Dispatch Password Requests to Console Directory Watch.
[[0;32m  OK  [0m] Started Dispatch Password Requests to Console Directory Watch.
[[0;32m  OK  [0m] Listening on Syslog Socket.
[[0;32m  OK  [0m] Listening on Journal Socket.
[[0;32m  OK  [0m] Listening on udev Kernel Socket.
[[0;32m  OK  [0m] Created slice User and Session Slice.
[[0;32m  OK  [0m] Reached target Paths.
[[0;32m  OK  [0m] Listening on Journal Socket (/dev/log).
[[0;32m  OK  [0m] Reached target Encrypted Volumes.
[[0;32m  OK  [0m] Listening on udev Control Socket.
[[0;32m  OK  [0m] Created slice System Slice.
         Starting Remount Root and Kernel File Systems...
[[0;32m  OK  [0m] Created slice system-serial\x2dgetty.slice.
         Starting Journal Service...
         Starting Create list of required stâ€¦ce nodes for the current kernel...
         Mounting POSIX Message Queue File System...
[[0;32m  OK  [0m] Created slice system-getty.slice.
[[0;32m  OK  [0m] Reached target Slices.
         Mounting Debug File System...
         Starting Load Kernel Modules...
[[0;32m  OK  [0m] Mounted POSIX Message Queue File System.
[[0;32m  OK  [0m] Mounted Debug File System.
[[0;32m  OK  [0m] Started Remount Root and Kernel File Systems.
[[0;32m  OK  [0m] Started Create list of required staâ€¦vice nodes for the current kernel.
         Starting Create Static Device Nodes in /dev...
         Starting udev Coldplug all Devices...
         Starting Load/Save Random Seed...
[[0;32m  OK  [0m] Started Load Kernel Modules.
         Starting Apply Kernel Variables...
         Mounting Configuration File System...
[[0;32m  OK  [0m] Mounted Configuration File System.
[[0;32m  OK  [0m] Started Load/Save Random Seed.
[[0;32m  OK  [0m] Started Apply Kernel Variables.
[[0;32m  OK  [0m] Started Journal Service.
         Starting Flush Journal to Persistent Storage...
[[0;32m  OK  [0m] Started Create Static Device Nodes in /dev.
         Starting udev Kernel Device Manager...
[[0;32m  OK  [0m] Reached target Local File Systems (Pre).
[[0;32m  OK  [0m] Reached target Local File Systems.
         Starting Raise network interfaces...
[   11.475546] systemd-journald[83]: Received request to flush runtime journal from PID 1
[[0;32m  OK  [0m] Started Flush Journal to Persistent Storage.
         Starting Create Volatile Files and Directories...
[[0;32m  OK  [0m] Started udev Kernel Device Manager.
[[0;32m  OK  [0m] Started Create Volatile Files and Directories.
         Starting Update UTMP about System Boot/Shutdown...
         Starting Network Time Synchronization...
[[0;32m  OK  [0m] Started Update UTMP about System Boot/Shutdown.
[[0;32m  OK  [0m] Started Network Time Synchronization.
[[0;32m  OK  [0m] Reached target System Time Synchronized.
[[0;32m  OK  [0m] Started udev Coldplug all Devices.
[[0;32m  OK  [0m] Reached target System Initialization.
[[0;32m  OK  [0m] Started Daily apt download activities.
[[0;32m  OK  [0m] Started Daily Cleanup of Temporary Directories.
[[0;32m  OK  [0m] Started Daily apt upgrade and clean activities.
[[0;32m  OK  [0m] Reached target Timers.
[[0;32m  OK  [0m] Listening on Avahi mDNS/DNS-SD Stack Activation Socket.
[[0;32m  OK  [0m] Listening on D-Bus System Message Bus Socket.
[[0;32m  OK  [0m] Reached target Sockets.
[[0;32m  OK  [0m] Reached target Basic System.
         Starting System Logging Service...
         Starting LSB: Start busybox udhcpd at boot time...
[   15.103799] remoteproc remoteproc0: wkup_m3 is available
[   15.180094] omap_wdt: OMAP Watchdog Timer Rev 0x01: initial timeout 60 sec
         Starting DUN service...
[   15.276325] omap_rtc 44e3e000.rtc: registered as rtc0
[   15.281695] omap_rtc 44e3e000.rtc: setting system clock to 2000-01-01T00:00:00 UTC (946684800)
[[0;32m  OK  [0m] Started Regular background program processing daemon.
[   15.396110] at24 2-0054: supply vcc not found, using dummy regulator
[   15.576769] at24 2-0055: supply vcc not found, using dummy regulator
         Starting Generic Board Startup...
[   15.702872] at24 2-0056: supply vcc not found, using dummy regulator
[   15.824416] at24 2-0057: supply vcc not found, using dummy regulator
         Starting Cape Manager Service...
[   15.962575] at24 0-0050: 32768 byte 24c256 EEPROM, writable, 1 bytes/write
[   15.983215] tps6521x_pwrbutton tps65217-pwrbutton: DMA mask not set
         Starting LSB: Load kernel modules needed to enable cpufreq scaling...
[   16.119012] input: tps65217_pwrbutton as /devices/platform/ocp/44c00000.interconnect/44c00000.interconnect:segment@200000/44e0b000.target-module/44e0b000.i2c/i2c-0/0-0024/tps65217-pwrbutton/input/input0
[   16.190002] wkup_m3_ipc 44e11324.wkup_m3_ipc: IPC Request for A8->M3 Channel failed! -517
[[0;32m  OK  [0m] Started D-Bus System Message Bus.
[   16.557753] wkup_m3_ipc 44e11324.wkup_m3_ipc: IPC Request for A8->M3 Channel failed! -517
[   16.585196] am335x-phy-driver 47401300.usb-phy: dummy supplies not allowed for exclusive requests
[   16.710849] am335x-phy-driver 47401b00.usb-phy: dummy supplies not allowed for exclusive requests
[   16.721413] wkup_m3_ipc 44e11324.wkup_m3_ipc: IPC Request for A8->M3 Channel failed! -517
[   16.883622] usbcore: registered new interface driver usbfs
[   16.889250] usbcore: registered new interface driver hub
[   16.894871] usbcore: registered new device driver usb
[   16.922067] wkup_m3_ipc 44e11324.wkup_m3_ipc: IPC Request for A8->M3 Channel failed! -517
[   17.413047] tda998x 0-0070: found TDA19988
[   17.521526] wkup_m3_ipc 44e11324.wkup_m3_ipc: IPC Request for A8->M3 Channel failed! -517
[   17.559803] wkup_m3_ipc 44e11324.wkup_m3_ipc: IPC Request for A8->M3 Channel failed! -517
[   17.708993] musb-hdrc musb-hdrc.1: MUSB HDRC host driver
[   17.714637] musb-hdrc musb-hdrc.1: new USB bus registered, assigned bus number 1
[   17.752187] wkup_m3_ipc 44e11324.wkup_m3_ipc: IPC Request for A8->M3 Channel failed! -517
[   17.874386] usb usb1: New USB device found, idVendor=1d6b, idProduct=0002, bcdDevice= 6.06
[   17.884462] usb usb1: New USB device strings: Mfr=3, Product=2, SerialNumber=1
[   17.892593] usb usb1: Product: MUSB HDRC host driver
[   17.897596] usb usb1: Manufacturer: Linux 6.6.105 musb-hcd
[   17.903166] usb usb1: SerialNumber: musb-hdrc.1
[   18.042522] hub 1-0:1.0: USB hub found
[   18.100672] hub 1-0:1.0: 1 port detected
[   18.183115] wkup_m3_ipc 44e11324.wkup_m3_ipc: IPC Request for A8->M3 Channel failed! -517
[   18.204256] omap-mailbox 480c8000.mailbox: omap mailbox rev 0x400
[   18.386602] remoteproc remoteproc0: powering up wkup_m3
[   18.501747] remoteproc remoteproc0: Direct firmware load for am335x-pm-firmware.elf failed with error -2
[   18.511452] remoteproc remoteproc0: request_firmware failed: -2
[   18.517411] wkup_m3_ipc 44e11324.wkup_m3_ipc: rproc_boot failed
[   20.108362] tilcdc 4830e000.lcdc: bound 0-0070 (ops 0xbf0860fc)
[   20.239059] [drm] Initialized tilcdc 1.0.0 20121205 for 4830e000.lcdc on minor 0
[   20.266775] omap_rng 48310000.rng: Random Number Generator ver. 20
[   20.330484] tilcdc 4830e000.lcdc: [drm] Cannot find any crtc or sizes
[   20.342042] tilcdc 4830e000.lcdc: [drm] Cannot find any crtc or sizes
[[0;32m  OK  [0m] Started DUN service.
         Starting Telephony service...
         Starting Avahi mDNS/DNS-SD Stack...
         Starting Login Service...
         Starting Connection service...
[[0;32m  OK  [0m] Started System Logging Service.
[[0;32m  OK  [0m] Started Cape Manager Service.
[   21.677029] PM: Cannot get wkup_m3_ipc handle
[[0;32m  OK  [0m] Found device /dev/ttyS0.
[   21.885640] omap-sham 53100000.sham: hw accel on OMAP rev 4.3
[   22.022033] omap-aes 53500000.aes: OMAP AES hw accel rev: 3.2
[   22.047803] omap-sham 53100000.sham: will run requests pump with realtime priority
[   22.057321] PM: Cannot get wkup_m3_ipc handle
[   22.184191] omap-aes 53500000.aes: will run requests pump with realtime priority
[   22.193380] PM: Cannot get wkup_m3_ipc handle
[   23.595347] Bluetooth: Core ver 2.22
[   23.599145] NET: Registered PF_BLUETOOTH protocol family
[   23.604650] Bluetooth: HCI device and connection manager initialized
[   23.611066] Bluetooth: HCI socket layer initialized
[   23.616008] Bluetooth: L2CAP socket layer initialized
[   23.621113] Bluetooth: SCO socket layer initialized
[   25.470314] PM: Cannot get wkup_m3_ipc handle
[   25.578304] PM: Cannot get wkup_m3_ipc handle
[[0;32m  OK  [0m] Started LSB: Start busybox udhcpd at boot time.
[[0;32m  OK  [0m] Started Raise network interfaces.
[   28.094590] configfs-gadget.g_multi gadget.0: HOST MAC 1c:ba:8c:a2:ed:6c
[   28.101581] configfs-gadget.g_multi gadget.0: MAC 1c:ba:8c:a2:ed:70
[   28.108935] configfs-gadget.g_multi gadget.0: HOST MAC 1c:ba:8c:a2:ed:6c
[   28.115827] configfs-gadget.g_multi gadget.0: MAC 1c:ba:8c:a2:ed:6d
[   28.130176] PM: Cannot get wkup_m3_ipc handle
[[0;32m  OK  [0m] Started LSB: Load kernel modules needed to enable cpufreq scaling.
[[0;32m  OK  [0m] Started Telephony service.
[[0;32m  OK  [0m] Started Avahi mDNS/DNS-SD Stack.
[[0;32m  OK  [0m] Started Connection service.
[[0;32m  OK  [0m] Started Login Service.
[[0;32m  OK  [0m] Reached target Sound Card.
         Starting LSB: set CPUFreq kernel parameters...
[[0;32m  OK  [0m] Reached target Network.
         Starting The Apache HTTP Server...
         Starting Permit User Sessions...
         Starting OpenBSD Secure Shell server...
[[0;32m  OK  [0m] Reached target Network is Online.
         Starting LSB: Advanced IEEE 802.11 management daemon...
[[0;32m  OK  [0m] Started LSB: Advanced IEEE 802.11 management daemon.
[[0;32m  OK  [0m] Started Permit User Sessions.
         Starting Hostname Service...
[[0;32m  OK  [0m] Started Getty on tty1.
[[0;32m  OK  [0m] Started Serial Getty on ttyS0.
[[0;32m  OK  [0m] Reached target Login Prompts.
         Starting WPA supplicant...
[[0;32m  OK  [0m] Started LSB: set CPUFreq kernel parameters.
[[0;32m  OK  [0m] Started Hostname Service.
[[0;32m  OK  [0m] Started WPA supplicant.
         Stopping LSB: Start busybox udhcpd at boot time...
[[0;32m  OK  [0m] Started OpenBSD Secure Shell server.
[[0;32m  OK  [0m] Stopped LSB: Start busybox udhcpd at boot time.
         Starting dnsmasq - A lightweight DHCP and caching DNS server...
[[0;32m  OK  [0m] Started The Apache HTTP Server.
[[0;32m  OK  [0m] Started dnsmasq - A lightweight DHCP and caching DNS server.
[[0;32m  OK  [0m] Reached target Host and Network Name Lookups.
[[0;32m  OK  [0m] Started Serial Getty on ttyGS0.
[[0;32m  OK  [0m] Started Generic Board Startup.
[[0;32m  OK  [0m] Reached target Multi-User System.
[[0;32m  OK  [0m] Reached target Graphical Interface.
         Starting Update UTMP about System Runlevel Changes...
[[0;32m  OK  [0m] Started Update UTMP about System Runlevel Changes.

Debian GNU/Linux 9 arm ttyS0

default username:password is [debian:temppwd]

arm login: root
Password: 
Last login: Sat Jan  1 00:00:34 UTC 2000 on ttyS0
root
Linux arm 6.6.105 #1 SMP Tue Sep  9 22:49:07 EEST 2025 armv7l

The programs included with the Debian GNU/Linux system are free software;
the exact distribution terms for each program are described in the
individual files in /usr/share/doc/*/copyright.

Debian GNU/Linux comes with ABSOLUTELY NO WARRANTY, to the extent
permitted by applicable law.
root@arm:~# root
-bash: root: command not found
root@arm:~# dmesg -n 1
root@arm:~# echo 'TZAV''LGLVGM'
TZAVLGLVGM
root@arm:~# run() { echo -n "$MARKER"; sh -c "$@"; echo "$MARKER $?"; }
root@arm:~# echo 'FNUT''JXFULO'
FNUTJXFULO
root@arm:~# MARKER='ALLZ''MYFCAC' run 'cat /proc/version'
ALLZMYFCACLinux version 6.6.105 (user01@drvtest01) (arm-none-eabi-gcc (Arm GNU Toolchain 14.2.Rel1 (Build arm-14.52)) 14.2.1 20241119, GNU ld (Arm GNU Toolchain 14.2.Rel1 (Build arm-14.52)) 2.43.1.20241119) #1 SMP Tue Sep  9 22:49:07 EEST 2025
ALLZMYFCAC 0
root@arm:~# echo 'TEMA''QBQBOL'
TEMAQBQBOL
root@arm:~# MARKER='JTZK''UHAUUZ' run false
JTZKUHAUUZJTZKUHAUUZ 1
root@arm:~# Labgrid Console Logfile for main
Logfile started at 2025-09-09 22:51:34.845058
=== Log starts here ===

root@arm:~# run() { echo -n "$MARKER"; sh -c "$@"; echo "$MARKER $?"; }
root@arm:~# echo 'NKCQ''UZOYKM'
NKCQUZOYKM
root@arm:~# MARKER='MPQL''ACKHPL' run 'ls /iio_generic_buffer; echo $?'
MPQLACKHPL/iio_generic_buffer
0
MPQLACKHPL 0
root@arm:Labgrid Console Logfile for main
Logfile started at 2025-09-09 22:51:38.485098
=== Log starts here ===

root@arm:~# run() { echo -n "$MARKER"; sh -c "$@"; echo "$MARKER $?"; }
root@arm:~# echo 'MGPB''PSBCUW'
MGPBPSBCUW
root@arm:~# MARKER='TCWM''HLGPFH' run dmesg
TCWMHLGPFH[    0.000000] Booting Linux on physical CPU 0x0
[    0.000000] Linux version 6.6.105 (user01@drvtest01) (arm-none-eabi-gcc (Arm GNU Toolchain 14.2.Rel1 (Build arm-14.52)) 14.2.1 20241119, GNU ld (Arm GNU Toolchain 14.2.Rel1 (Build arm-14.52)) 2.43.1.20241119) #1 SMP Tue Sep  9 22:49:07 EEST 2025
[    0.000000] CPU: ARMv7 Processor [413fc082] revision 2 (ARMv7), cr=10c5387d
[    0.000000] CPU: PIPT / VIPT nonaliasing data cache, VIPT aliasing instruction cache
[    0.000000] OF: fdt: Machine model: TI AM335x BeagleBone Black
[    0.000000] Memory policy: Data cache writeback
[    0.000000] cma: Reserved 16 MiB at 0x9e800000 on node -1
[    0.000000] Zone ranges:
[    0.000000]   Normal   [mem 0x0000000080000000-0x000000009fdfffff]
[    0.000000]   HighMem  empty
[    0.000000] Movable zone start for each node
[    0.000000] Early memory node ranges
[    0.000000]   node   0: [mem 0x0000000080000000-0x000000009fdfffff]
[    0.000000] Initmem setup node 0 [mem 0x0000000080000000-0x000000009fdfffff]
[    0.000000] CPU: All CPU(s) started in SVC mode.
[    0.000000] AM335X ES2.1 (sgx neon)
[    0.000000] percpu: Embedded 16 pages/cpu s36116 r8192 d21228 u65536
[    0.000000] pcpu-alloc: s36116 r8192 d21228 u65536 alloc=16*4096
[    0.000000] pcpu-alloc: [0] 0 
[    0.000000] Kernel command line: console=ttyO0,115200n8 root=/dev/nfs rw nfsroot=192.168.255.126:/home/user01/nfs,nfsvers=3 ip=192.168.255.1:192.168.255.126::255.255.255.0:bbb1:eth0 nfsrootdebug
[    0.000000] Unknown kernel command line parameters "nfsrootdebug", will be passed to user space.
[    0.000000] Dentry cache hash table entries: 65536 (order: 6, 262144 bytes, linear)
[    0.000000] Inode-cache hash table entries: 32768 (order: 5, 131072 bytes, linear)
[    0.000000] Built 1 zonelists, mobility grouping on.  Total pages: 129412
[    0.000000] mem auto-init: stack:off, heap alloc:off, heap free:off
[    0.000000] Memory: 483604K/522240K available (11264K kernel code, 1165K rwdata, 2704K rodata, 1024K init, 282K bss, 22252K reserved, 16384K cma-reserved, 0K highmem)
[    0.000000] SLUB: HWalign=64, Order=0-3, MinObjects=0, CPUs=1, Nodes=1
[    0.000000] rcu: Hierarchical RCU implementation.
[    0.000000] rcu: 	RCU event tracing is enabled.
[    0.000000] rcu: 	RCU restricting CPUs from NR_CPUS=2 to nr_cpu_ids=1.
[    0.000000] rcu: RCU calculated value of scheduler-enlistment delay is 10 jiffies.
[    0.000000] rcu: Adjusting geometry for rcu_fanout_leaf=16, nr_cpu_ids=1
[    0.000000] NR_IRQS: 16, nr_irqs: 16, preallocated irqs: 16
[    0.000000] IRQ: Found an INTC at 0x(ptrval) (revision 5.0) with 128 interrupts
[    0.000000] rcu: srcu_init: Setting srcu_struct sizes based on contention.
[    0.000000] TI gptimer clocksource: always-on /ocp/interconnect@44c00000/segment@200000/target-module@31000
[    0.000003] sched_clock: 32 bits at 24MHz, resolution 41ns, wraps every 89478484971ns
[    0.000028] clocksource: dmtimer: mask: 0xffffffff max_cycles: 0xffffffff, max_idle_ns: 79635851949 ns
[    0.000514] TI gptimer clockevent: 24000000 Hz at /ocp/interconnect@48000000/segment@0/target-module@40000
[    0.002081] Console: colour dummy device 80x30
[    0.002128] WARNING: Your 'console=ttyO0' has been replaced by 'ttyS0'
[    0.002135] This ensures that you still see kernel messages. Please
[    0.002140] update your kernel commandline.
[    0.002179] Calibrating delay loop... 996.14 BogoMIPS (lpj=4980736)
[    0.090569] CPU: Testing write buffer coherency: ok
[    0.090667] CPU0: Spectre v2: using BPIALL workaround
[    0.090679] pid_max: default: 32768 minimum: 301
[    0.090792] LSM: initializing lsm=capability,integrity
[    0.090955] Mount-cache hash table entries: 1024 (order: 0, 4096 bytes, linear)
[    0.090975] Mountpoint-cache hash table entries: 1024 (order: 0, 4096 bytes, linear)
[    0.092442] CPU0: thread -1, cpu 0, socket -1, mpidr 0
[    0.094025] Setting up static identity map for 0x80100000 - 0x80100078
[    0.094314] rcu: Hierarchical SRCU implementation.
[    0.094324] rcu: 	Max phase no-delay instances is 1000.
[    0.095681] smp: Bringing up secondary CPUs ...
[    0.095739] smp: Brought up 1 node, 1 CPU
[    0.095754] SMP: Total of 1 processors activated (996.14 BogoMIPS).
[    0.095766] CPU: All CPU(s) started in SVC mode.
[    0.096656] devtmpfs: initialized
[    0.113454] VFP support v0.3: implementor 41 architecture 3 part 30 variant c rev 3
[    0.113810] clocksource: jiffies: mask: 0xffffffff max_cycles: 0xffffffff, max_idle_ns: 19112604462750000 ns
[    0.113845] futex hash table entries: 256 (order: 2, 16384 bytes, linear)
[    0.115144] pinctrl core: initialized pinctrl subsystem
[    0.117296] NET: Registered PF_NETLINK/PF_ROUTE protocol family
[    0.119814] DMA: preallocated 256 KiB pool for atomic coherent allocations
[    0.120421] audit: initializing netlink subsys (disabled)
[    0.121981] thermal_sys: Registered thermal governor 'fair_share'
[    0.122004] thermal_sys: Registered thermal governor 'step_wise'
[    0.122011] thermal_sys: Registered thermal governor 'user_space'
[    0.122113] audit: type=2000 audit(0.120:1): state=initialized audit_enabled=0 res=1
[    0.122191] cpuidle: using governor menu
[    0.138435] /ocp/interconnect@44c00000/segment@200000/target-module@b000/i2c@0/tda19988@70: Fixed dependency cycle(s) with /ocp/interconnect@48000000/segment@300000/target-module@e000/lcdc@0
[    0.139495] /ocp/interconnect@48000000/segment@300000/target-module@e000/lcdc@0: Fixed dependency cycle(s) with /ocp/interconnect@44c00000/segment@200000/target-module@b000/i2c@0/tda19988@70
[    0.141699] No ATAGs?
[    0.141720] hw-breakpoint: debug architecture 0x4 unsupported.
[    0.144737] kprobes: kprobe jump-optimization is enabled. All kprobes are optimized if possible.
[    0.163388] iommu: Default domain type: Translated
[    0.163408] iommu: DMA domain TLB invalidation policy: strict mode
[    0.164851] SCSI subsystem initialized
[    0.165678] reg-fixed-voltage fixedregulator0: using DT '/fixedregulator0' for '(null)' GPIO lookup
[    0.165734] of_get_named_gpiod_flags: can't parse 'gpios' property of node '/fixedregulator0[0]'
[    0.165764] of_get_named_gpiod_flags: can't parse 'gpio' property of node '/fixedregulator0[0]'
[    0.165782] reg-fixed-voltage fixedregulator0: using lookup tables for GPIO lookup
[    0.165792] reg-fixed-voltage fixedregulator0: No GPIO consumer (null) found
[    0.166324] libata version 3.00 loaded.
[    0.166681] pps_core: LinuxPPS API ver. 1 registered
[    0.166695] pps_core: Software ver. 5.3.6 - Copyright 2005-2007 Rodolfo Giometti <giometti@linux.it>
[    0.166717] PTP clock support registered
[    0.170879] vgaarb: loaded
[    0.171216] clocksource: Switched to clocksource dmtimer
[    0.171816] VFS: Disk quotas dquot_6.6.0
[    0.171876] VFS: Dquot-cache hash table entries: 1024 (order 0, 4096 bytes)
[    0.203066] NET: Registered PF_INET protocol family
[    0.203410] IP idents hash table entries: 8192 (order: 4, 65536 bytes, linear)
[    0.204743] tcp_listen_portaddr_hash hash table entries: 512 (order: 0, 4096 bytes, linear)
[    0.204784] Table-perturb hash table entries: 65536 (order: 6, 262144 bytes, linear)
[    0.204803] TCP established hash table entries: 4096 (order: 2, 16384 bytes, linear)
[    0.204849] TCP bind hash table entries: 4096 (order: 4, 65536 bytes, linear)
[    0.204950] TCP: Hash tables configured (established 4096 bind 4096)
[    0.205081] UDP hash table entries: 256 (order: 1, 8192 bytes, linear)
[    0.205110] UDP-Lite hash table entries: 256 (order: 1, 8192 bytes, linear)
[    0.205280] NET: Registered PF_UNIX/PF_LOCAL protocol family
[    0.212164] RPC: Registered named UNIX socket transport module.
[    0.212185] RPC: Registered udp transport module.
[    0.212190] RPC: Registered tcp transport module.
[    0.212196] RPC: Registered tcp-with-tls transport module.
[    0.212201] RPC: Registered tcp NFSv4.1 backchannel transport module.
[    0.212225] PCI: CLS 0 bytes, default 64
[    0.213813] Initialise system trusted keyrings
[    0.222000] workingset: timestamp_bits=14 max_order=17 bucket_order=3
[    0.223234] NFS: Registering the id_resolver key type
[    0.223335] Key type id_resolver registered
[    0.223343] Key type id_legacy registered
[    0.223396] jffs2: version 2.2. (NAND) (SUMMARY)  Â© 2001-2006 Red Hat, Inc.
[    0.223786] Key type asymmetric registered
[    0.223802] Asymmetric key parser 'x509' registered
[    0.223875] io scheduler mq-deadline registered
[    0.223885] io scheduler kyber registered
[    0.223951] io scheduler bfq registered
[    0.232233] hw perfevents: enabled with armv7_cortex_a8 PMU driver, 5 counters available
[    0.240727] l3-aon-clkctrl:0000:0: failed to disable
[    0.240874] Serial: 8250/16550 driver, 6 ports, IRQ sharing enabled
[    0.293945] brd: module loaded
[    0.313247] loop: module loaded
[    0.314174] mtdoops: mtd device (mtddev=name/number) must be supplied
[    0.315672] mdio_bus fixed-0: using lookup tables for GPIO lookup
[    0.315697] mdio_bus fixed-0: No GPIO consumer reset found
[    0.316922] i2c_dev: i2c /dev entries driver
[    0.317890] cpuidle: enable-method property 'ti,am3352' found operations
[    0.318348] sdhci: Secure Digital Host Controller Interface driver
[    0.318357] sdhci: Copyright(c) Pierre Ossman
[    0.318546] sdhci-pltfm: SDHCI platform and OF driver helper
[    0.318821] ledtrig-cpu: registered to indicate activity on CPUs
[    0.319585] Initializing XFRM netlink socket
[    0.319711] NET: Registered PF_INET6 protocol family
[    0.321626] Segment Routing with IPv6
[    0.321704] In-situ OAM (IOAM) with IPv6
[    0.321813] sit: IPv6, IPv4 and MPLS over IPv4 tunneling driver
[    0.322788] NET: Registered PF_PACKET protocol family
[    0.322821] NET: Registered PF_KEY protocol family
[    0.322943] Key type dns_resolver registered
[    0.323165] ThumbEE CPU extension supported.
[    0.323186] Registering SWP/SWPB emulation handler
[    0.323696] omap_voltage_late_init: Voltage driver support not added
[    0.324343] SmartReflex Class3 initialized
[    0.359584] Loading compiled-in X.509 certificates
[    0.398401] /ocp/interconnect@44c00000/segment@200000/target-module@b000/i2c@0/tda19988@70: Fixed dependency cycle(s) with /ocp/interconnect@48000000/segment@300000/target-module@e000/lcdc@0
[    0.404703] /ocp/interconnect@44c00000/segment@200000/target-module@b000/i2c@0/tda19988@70: Fixed dependency cycle(s) with /ocp/interconnect@48000000/segment@300000/target-module@e000/lcdc@0
[    0.409898] gpiochip_find_base: found new base at 512
[    0.412561] /ocp/interconnect@44c00000/segment@200000/target-module@b000/i2c@0/tda19988@70: Fixed dependency cycle(s) with /ocp/interconnect@48000000/segment@300000/target-module@e000/lcdc@0
[    0.413430] /ocp/interconnect@44c00000/segment@200000/target-module@b000/i2c@0/tda19988@70: Fixed dependency cycle(s) with /ocp/interconnect@48000000/segment@300000/target-module@e000/lcdc@0
[    0.416640] /ocp/interconnect@44c00000/segment@200000/target-module@10000/scm@0/pinmux@800: Fixed dependency cycle(s) with /ocp/interconnect@44c00000/segment@200000/target-module@10000/scm@0/pinmux@800/clkout2-pins
[    0.417254] pinctrl-single 44e10800.pinmux: 142 pins, size 568
[    0.422397] ti-sysc: probe of 44e31000.target-module failed with error -16
[    0.449002] /ocp/interconnect@48000000/segment@300000/target-module@e000/lcdc@0: Fixed dependency cycle(s) with /ocp/interconnect@44c00000/segment@200000/target-module@b000/i2c@0/tda19988@70
[    0.456842] ti-sysc: probe of 48040000.target-module failed with error -16
[    0.467825] gpiochip_find_base: found new base at 512
[    0.467895] gpio gpiochip0: (gpio-0-31): created GPIO range 0->7 ==> 44e10800.pinmux PIN 0->7
[    0.467915] gpio gpiochip0: (gpio-0-31): created GPIO range 8->11 ==> 44e10800.pinmux PIN 90->93
[    0.467931] gpio gpiochip0: (gpio-0-31): created GPIO range 12->27 ==> 44e10800.pinmux PIN 12->27
[    0.467946] gpio gpiochip0: (gpio-0-31): created GPIO range 28->31 ==> 44e10800.pinmux PIN 30->33
[    0.498930] gpio gpiochip0: (gpio-0-31): added GPIO chardev (254:0)
[    0.499092] gpio gpiochip0: registered GPIOs 512 to 543 on gpio-0-31
[    0.499175] OMAP GPIO hardware version 0.1
[    0.524041] i2c i2c-2: using DT '/ocp/interconnect@48000000/segment@100000/target-module@9c000/i2c@0' for 'scl' GPIO lookup
[    0.524118] of_get_named_gpiod_flags: can't parse 'scl-gpios' property of node '/ocp/interconnect@48000000/segment@100000/target-module@9c000/i2c@0[0]'
[    0.524162] of_get_named_gpiod_flags: can't parse 'scl-gpio' property of node '/ocp/interconnect@48000000/segment@100000/target-module@9c000/i2c@0[0]'
[    0.524197] i2c i2c-2: using lookup tables for GPIO lookup
[    0.524206] i2c i2c-2: No GPIO consumer scl found
[    0.524227] i2c i2c-2: using DT '/ocp/interconnect@48000000/segment@100000/target-module@9c000/i2c@0' for 'sda' GPIO lookup
[    0.524262] of_get_named_gpiod_flags: can't parse 'sda-gpios' property of node '/ocp/interconnect@48000000/segment@100000/target-module@9c000/i2c@0[0]'
[    0.524299] of_get_named_gpiod_flags: can't parse 'sda-gpio' property of node '/ocp/interconnect@48000000/segment@100000/target-module@9c000/i2c@0[0]'
[    0.524330] i2c i2c-2: using lookup tables for GPIO lookup
[    0.524338] i2c i2c-2: No GPIO consumer sda found
[    0.525044] omap_i2c 4819c000.i2c: bus 2 rev0.11 at 100 kHz
[    0.530223] gpiochip_find_base: found new base at 544
[    0.530288] gpio gpiochip1: (gpio-32-63): created GPIO range 0->17 ==> 44e10800.pinmux PIN 34->51
[    0.530308] gpio gpiochip1: (gpio-32-63): created GPIO range 18->21 ==> 44e10800.pinmux PIN 77->80
[    0.530323] gpio gpiochip1: (gpio-32-63): created GPIO range 22->31 ==> 44e10800.pinmux PIN 56->65
[    0.541572] gpio gpiochip1: (gpio-32-63): added GPIO chardev (254:1)
[    0.541738] gpio gpiochip1: registered GPIOs 544 to 575 on gpio-32-63
[    0.543960] gpiochip_find_base: found new base at 576
[    0.544021] gpio gpiochip2: (gpio-64-95): created GPIO range 0->4 ==> 44e10800.pinmux PIN 66->70
[    0.544040] gpio gpiochip2: (gpio-64-95): created GPIO range 5->6 ==> 44e10800.pinmux PIN 98->99
[    0.544055] gpio gpiochip2: (gpio-64-95): created GPIO range 7->8 ==> 44e10800.pinmux PIN 75->76
[    0.544070] gpio gpiochip2: (gpio-64-95): created GPIO range 13->13 ==> 44e10800.pinmux PIN 141->141
[    0.544087] gpio gpiochip2: (gpio-64-95): created GPIO range 14->21 ==> 44e10800.pinmux PIN 100->107
[    0.544607] gpio gpiochip2: (gpio-64-95): added GPIO chardev (254:2)
[    0.544730] gpio gpiochip2: registered GPIOs 576 to 607 on gpio-64-95
[    0.550859] /ocp/interconnect@48000000/segment@300000/target-module@e000/lcdc@0: Fixed dependency cycle(s) with /ocp/interconnect@44c00000/segment@200000/target-module@b000/i2c@0/tda19988@70
[    0.553836] /ocp/interconnect@48000000/segment@300000/target-module@e000/lcdc@0: Fixed dependency cycle(s) with /ocp/interconnect@44c00000/segment@200000/target-module@b000/i2c@0/tda19988@70
[    0.554521] /ocp/interconnect@44c00000/segment@200000/target-module@b000/i2c@0/tda19988@70: Fixed dependency cycle(s) with /ocp/interconnect@48000000/segment@300000/target-module@e000/lcdc@0
[    0.554686] /ocp/interconnect@48000000/segment@300000/target-module@e000/lcdc@0: Fixed dependency cycle(s) with /ocp/interconnect@44c00000/segment@200000/target-module@b000/i2c@0/tda19988@70
[    0.564023] mdio_bus 4a101000.mdio: using DT '/ocp/interconnect@4a000000/segment@0/target-module@100000/switch@0/mdio@1000' for 'reset' GPIO lookup
[    0.564096] of_get_named_gpiod_flags: can't parse 'reset-gpios' property of node '/ocp/interconnect@4a000000/segment@0/target-module@100000/switch@0/mdio@1000[0]'
[    0.564144] of_get_named_gpiod_flags: can't parse 'reset-gpio' property of node '/ocp/interconnect@4a000000/segment@0/target-module@100000/switch@0/mdio@1000[0]'
[    0.564191] mdio_bus 4a101000.mdio: using lookup tables for GPIO lookup
[    0.564201] mdio_bus 4a101000.mdio: No GPIO consumer reset found
[    0.565220] sdhci-omap 481d8000.mmc: using DT '/ocp/interconnect@48000000/segment@100000/target-module@d8000/mmc@0' for 'wp' GPIO lookup
[    0.565283] of_get_named_gpiod_flags: can't parse 'wp-gpios' property of node '/ocp/interconnect@48000000/segment@100000/target-module@d8000/mmc@0[0]'
[    0.565327] of_get_named_gpiod_flags: can't parse 'wp-gpio' property of node '/ocp/interconnect@48000000/segment@100000/target-module@d8000/mmc@0[0]'
[    0.565360] sdhci-omap 481d8000.mmc: using lookup tables for GPIO lookup
[    0.565370] sdhci-omap 481d8000.mmc: No GPIO consumer wp found
[    0.565558] sdhci-omap 481d8000.mmc: supply pbias not found, using dummy regulator
[    0.566032] sdhci-omap 481d8000.mmc: supply vqmmc not found, using dummy regulator
[    0.647140] davinci_mdio 4a101000.mdio: davinci mdio revision 1.6, bus freq 1000000
[    0.660846] mdio_bus 4a101000.mdio:00: using DT '/ocp/interconnect@4a000000/segment@0/target-module@100000/switch@0/mdio@1000/ethernet-phy@0' for 'reset' GPIO lookup
[    0.660950] of_get_named_gpiod_flags: parsed 'reset-gpios' property of node '/ocp/interconnect@4a000000/segment@0/target-module@100000/switch@0/mdio@1000/ethernet-phy@0[0]' - status (0)
[    0.661115] gpio gpiochip0: Persistence not supported for GPIO 8
[    0.832831] davinci_mdio 4a101000.mdio: phy[0]: device 4a101000.mdio:00, driver SMSC LAN8710/LAN8720
[    0.833465] cpsw-switch 4a100000.switch: initialized cpsw ale version 1.4
[    0.833488] cpsw-switch 4a100000.switch: ALE Table size 1024
[    0.833634] cpsw-switch 4a100000.switch: cpts: overflow check period 500 (jiffies)
[    0.833651] cpsw-switch 4a100000.switch: CPTS: ref_clk_freq:250000000 calc_mult:2147483648 calc_shift:29 error:0 nsec/sec
[    0.833749] cpsw-switch 4a100000.switch: Detected MACID = 6c:ec:eb:68:de:78
[    0.835565] cpsw-switch 4a100000.switch: initialized (regs 0x4a100000, pool size 256) hw_ver:0019010C 1.12 (0)
[    0.846273] debugfs: Directory '49000000.dma' with parent 'dmaengine' already present!
[    0.846318] edma 49000000.dma: TI EDMA DMA engine driver
[    0.888955] gpio-clk clk_mcasp0: using DT '/clk_mcasp0' for 'enable' GPIO lookup
[    0.889032] of_get_named_gpiod_flags: parsed 'enable-gpios' property of node '/clk_mcasp0[0]' - status (0)
[    0.889076] gpio gpiochip0: Persistence not supported for GPIO 27
[    0.889926] gpiochip_find_base: found new base at 608
[    0.889990] gpio gpiochip3: (gpio-96-127): created GPIO range 0->7 ==> 44e10800.pinmux PIN 82->89
[    0.890009] gpio gpiochip3: (gpio-96-127): created GPIO range 8->11 ==> 44e10800.pinmux PIN 52->55
[    0.890025] gpio gpiochip3: (gpio-96-127): created GPIO range 12->15 ==> 44e10800.pinmux PIN 94->97
[    0.890040] gpio gpiochip3: (gpio-96-127): created GPIO range 16->17 ==> 44e10800.pinmux PIN 71->72
[    0.890056] gpio gpiochip3: (gpio-96-127): created GPIO range 18->18 ==> 44e10800.pinmux PIN 135->135
[    0.890072] gpio gpiochip3: (gpio-96-127): created GPIO range 19->20 ==> 44e10800.pinmux PIN 108->109
[    0.890088] gpio gpiochip3: (gpio-96-127): created GPIO range 21->21 ==> 44e10800.pinmux PIN 73->73
[    0.890105] gpio gpiochip3: (gpio-96-127): created GPIO range 22->23 ==> 44e10800.pinmux PIN 8->9
[    0.890122] gpio gpiochip3: (gpio-96-127): created GPIO range 26->27 ==> 44e10800.pinmux PIN 10->11
[    0.890139] gpio gpiochip3: (gpio-96-127): created GPIO range 28->28 ==> 44e10800.pinmux PIN 74->74
[    0.890157] gpio gpiochip3: (gpio-96-127): created GPIO range 29->29 ==> 44e10800.pinmux PIN 81->81
[    0.890175] gpio gpiochip3: (gpio-96-127): created GPIO range 30->31 ==> 44e10800.pinmux PIN 28->29
[    0.901656] gpio gpiochip3: (gpio-96-127): added GPIO chardev (254:3)
[    0.901815] gpio gpiochip3: registered GPIOs 608 to 639 on gpio-96-127
[    0.904104] omap8250 44e09000.serial: using DT '/ocp/interconnect@44c00000/segment@200000/target-module@9000/serial@0' for 'rs485-term' GPIO lookup
[    0.904183] of_get_named_gpiod_flags: can't parse 'rs485-term-gpios' property of node '/ocp/interconnect@44c00000/segment@200000/target-module@9000/serial@0[0]'
[    0.904228] of_get_named_gpiod_flags: can't parse 'rs485-term-gpio' property of node '/ocp/interconnect@44c00000/segment@200000/target-module@9000/serial@0[0]'
[    0.904263] omap8250 44e09000.serial: using lookup tables for GPIO lookup
[    0.904273] omap8250 44e09000.serial: No GPIO consumer rs485-term found
[    0.904282] omap8250 44e09000.serial: using DT '/ocp/interconnect@44c00000/segment@200000/target-module@9000/serial@0' for 'rs485-rx-during-tx' GPIO lookup
[    0.904317] of_get_named_gpiod_flags: can't parse 'rs485-rx-during-tx-gpios' property of node '/ocp/interconnect@44c00000/segment@200000/target-module@9000/serial@0[0]'
[    0.904354] of_get_named_gpiod_flags: can't parse 'rs485-rx-during-tx-gpio' property of node '/ocp/interconnect@44c00000/segment@200000/target-module@9000/serial@0[0]'
[    0.904385] omap8250 44e09000.serial: using lookup tables for GPIO lookup
[    0.904394] omap8250 44e09000.serial: No GPIO consumer rs485-rx-during-tx found
[    0.904769] 44e09000.serial: ttyS0 at MMIO 0x44e09000 (irq = 34, base_baud = 3000000) is a 8250
[    0.904851] printk: console [ttyS0] enabled
[    2.093679] i2c i2c-0: using DT '/ocp/interconnect@44c00000/segment@200000/target-module@b000/i2c@0' for 'scl' GPIO lookup
[    2.093771] of_get_named_gpiod_flags: can't parse 'scl-gpios' property of node '/ocp/interconnect@44c00000/segment@200000/target-module@b000/i2c@0[0]'
[    2.093819] of_get_named_gpiod_flags: can't parse 'scl-gpio' property of node '/ocp/interconnect@44c00000/segment@200000/target-module@b000/i2c@0[0]'
[    2.093857] i2c i2c-0: using lookup tables for GPIO lookup
[    2.093870] i2c i2c-0: No GPIO consumer scl found
[    2.093893] i2c i2c-0: using DT '/ocp/interconnect@44c00000/segment@200000/target-module@b000/i2c@0' for 'sda' GPIO lookup
[    2.093931] of_get_named_gpiod_flags: can't parse 'sda-gpios' property of node '/ocp/interconnect@44c00000/segment@200000/target-module@b000/i2c@0[0]'
[    2.093971] of_get_named_gpiod_flags: can't parse 'sda-gpio' property of node '/ocp/interconnect@44c00000/segment@200000/target-module@b000/i2c@0[0]'
[    2.094004] i2c i2c-0: using lookup tables for GPIO lookup
[    2.094014] i2c i2c-0: No GPIO consumer sda found
[    2.131497] tps65217-pmic: Failed to locate of_node [id: -1]
[    2.137560] tps65217-bl: Failed to locate of_node [id: -1]
[    2.154973] tps65217 0-0024: TPS65217 ID 0xe version 1.2
[    2.160973] /ocp/interconnect@48000000/segment@300000/target-module@e000/lcdc@0: Fixed dependency cycle(s) with /ocp/interconnect@44c00000/segment@200000/target-module@b000/i2c@0/tda19988@70
[    2.178411] /ocp/interconnect@44c00000/segment@200000/target-module@b000/i2c@0/tda19988@70: Fixed dependency cycle(s) with /ocp/interconnect@48000000/segment@300000/target-module@e000/lcdc@0
[    2.195786] omap_i2c 44e0b000.i2c: bus 0 rev0.11 at 400 kHz
[    2.203605] sdhci-omap 48060000.mmc: using DT '/ocp/interconnect@48000000/segment@0/target-module@60000/mmc@0' for 'cd' GPIO lookup
[    2.203708] of_get_named_gpiod_flags: parsed 'cd-gpios' property of node '/ocp/interconnect@48000000/segment@0/target-module@60000/mmc@0[0]' - status (0)
[    2.203831] gpio gpiochip3: Persistence not supported for GPIO 6
[    2.203857] omap_gpio 44e07000.gpio: Could not set line 6 debounce to 200000 microseconds (-22)
[    2.212768] sdhci-omap 48060000.mmc: Got CD GPIO
[    2.217420] sdhci-omap 48060000.mmc: using DT '/ocp/interconnect@48000000/segment@0/target-module@60000/mmc@0' for 'wp' GPIO lookup
[    2.217471] of_get_named_gpiod_flags: can't parse 'wp-gpios' property of node '/ocp/interconnect@48000000/segment@0/target-module@60000/mmc@0[0]'
[    2.217513] of_get_named_gpiod_flags: can't parse 'wp-gpio' property of node '/ocp/interconnect@48000000/segment@0/target-module@60000/mmc@0[0]'
[    2.217549] sdhci-omap 48060000.mmc: using lookup tables for GPIO lookup
[    2.217562] sdhci-omap 48060000.mmc: No GPIO consumer wp found
[    2.217758] sdhci-omap 48060000.mmc: supply pbias not found, using dummy regulator
[    2.226831] sdhci-omap 481d8000.mmc: using DT '/ocp/interconnect@48000000/segment@100000/target-module@d8000/mmc@0' for 'wp' GPIO lookup
[    2.226908] of_get_named_gpiod_flags: can't parse 'wp-gpios' property of node '/ocp/interconnect@48000000/segment@100000/target-module@d8000/mmc@0[0]'
[    2.226957] of_get_named_gpiod_flags: can't parse 'wp-gpio' property of node '/ocp/interconnect@48000000/segment@100000/target-module@d8000/mmc@0[0]'
[    2.226994] sdhci-omap 481d8000.mmc: using lookup tables for GPIO lookup
[    2.227005] sdhci-omap 481d8000.mmc: No GPIO consumer wp found
[    2.227835] sdhci-omap 48060000.mmc: supply vqmmc not found, using dummy regulator
[    2.236887] sdhci-omap 481d8000.mmc: supply pbias not found, using dummy regulator
[    2.246825] sdhci-omap 481d8000.mmc: supply vqmmc not found, using dummy regulator
[    2.281951] mmc0: SDHCI controller on 48060000.mmc [48060000.mmc] using External DMA
[    2.290127] mmc1: SDHCI controller on 481d8000.mmc [481d8000.mmc] using External DMA
[    2.298824] cpsw-switch 4a100000.switch: starting ndev. mode: dual_mac
[    2.368829] mmc0: new high speed SDHC card at address aaaa
[    2.375795] mmcblk0: mmc0:aaaa SE32G 29.7 GiB
[    2.383347] mmc1: new high speed MMC card at address 0001
[    2.389720]  mmcblk0: p1 p2
[    2.394308] mmcblk1: mmc1:0001 MMC04G 3.60 GiB
[    2.401366]  mmcblk1: p1 p2
[    2.405542] mmcblk1boot0: mmc1:0001 MMC04G 2.00 MiB
[    2.412639] mmcblk1boot1: mmc1:0001 MMC04G 2.00 MiB
[    2.419375] mmcblk1rpmb: mmc1:0001 MMC04G 128 KiB, chardev (250:0)
[    2.462404] SMSC LAN8710/LAN8720 4a101000.mdio:00: attached PHY driver (mii_bus:phy_addr=4a101000.mdio:00, irq=POLL)
[    5.601961] cpsw-switch 4a100000.switch eth0: Link is Up - 100Mbps/Full - flow control off
[    5.651261] IP-Config: Complete:
[    5.654533]      device=eth0, hwaddr=6c:ec:eb:68:de:78, ipaddr=192.168.255.1, mask=255.255.255.0, gw=255.255.255.255
[    5.665150]      host=bbb1, domain=, nis-domain=(none)
[    5.670313]      bootserver=192.168.255.126, rootserver=192.168.255.126, rootpath=
[    5.670728] clk: Disabling unused clocks
[    5.682579] KTAP version 1
[    5.685308] 1..0
[    5.708287] VFS: Mounted root (nfs filesystem) on device 0:16.
[    5.715290] devtmpfs: mounted
[    5.719910] Freeing unused kernel image (initmem) memory: 1024K
[    5.726779] Run /sbin/init as init process
[    5.730913]   with arguments:
[    5.730924]     /sbin/init
[    5.730932]     nfsrootdebug
[    5.730939]   with environment:
[    5.730946]     HOME=/
[    5.730954]     TERM=linux
[    6.414459] systemd[1]: System time before build time, advancing clock.
[    7.871234] random: crng init done
[    7.941690] systemd[1]: systemd 232 running in system mode. (+PAM +AUDIT +SELINUX +IMA +APPARMOR +SMACK +SYSVINIT +UTMP +LIBCRYPTSETUP +GCRYPT +GNUTLS +ACL +XZ +LZ4 +SECCOMP +BLKID +ELFUTILS +KMOD +IDN)
[    7.960624] systemd[1]: Detected architecture arm.
[    8.004053] systemd[1]: Set hostname to <arm>.
[    9.064267] systemd[1]: Reached target Swap.
[    9.103251] systemd[1]: Listening on /dev/initctl Compatibility Named Pipe.
[    9.141542] systemd[1]: Reached target Remote File Systems.
[    9.182023] systemd[1]: Started Forward Password Requests to Wall Directory Watch.
[    9.222821] systemd[1]: Set up automount Arbitrary Executable File Formats File System Automount Point.
[    9.262292] systemd[1]: Listening on Journal Audit Socket.
[    9.302098] systemd[1]: Started Dispatch Password Requests to Console Directory Watch.
[   11.475546] systemd-journald[83]: Received request to flush runtime journal from PID 1
[   14.505196] leds-gpio leds: using DT '/leds/led2' for '(null)' GPIO lookup
[   14.505297] of_get_named_gpiod_flags: parsed 'gpios' property of node '/leds/led2[0]' - status (0)
[   14.505350] gpio gpiochip0: Persistence not supported for GPIO 21
[   14.505363] gpio-533 (?): no flags found for (null)
[   14.505671] leds-gpio leds: using DT '/leds/led3' for '(null)' GPIO lookup
[   14.505725] of_get_named_gpiod_flags: parsed 'gpios' property of node '/leds/led3[0]' - status (0)
[   14.505760] gpio gpiochip0: Persistence not supported for GPIO 22
[   14.505771] gpio-534 (?): no flags found for (null)
[   14.541689] leds-gpio leds: using DT '/leds/led4' for '(null)' GPIO lookup
[   14.541784] of_get_named_gpiod_flags: parsed 'gpios' property of node '/leds/led4[0]' - status (0)
[   14.541830] gpio gpiochip0: Persistence not supported for GPIO 23
[   14.541843] gpio-535 (?): no flags found for (null)
[   14.631634] leds-gpio leds: using DT '/leds/led5' for '(null)' GPIO lookup
[   14.631727] of_get_named_gpiod_flags: parsed 'gpios' property of node '/leds/led5[0]' - status (0)
[   14.631775] gpio gpiochip0: Persistence not supported for GPIO 24
[   14.631788] gpio-536 (?): no flags found for (null)
[   15.103799] remoteproc remoteproc0: wkup_m3 is available
[   15.180094] omap_wdt: OMAP Watchdog Timer Rev 0x01: initial timeout 60 sec
[   15.276325] omap_rtc 44e3e000.rtc: registered as rtc0
[   15.281695] omap_rtc 44e3e000.rtc: setting system clock to 2000-01-01T00:00:00 UTC (946684800)
[   15.290388] omap_rtc 44e3e000.rtc: using DT '/ocp/interconnect@44c00000/segment@200000/target-module@3e000/rtc@0' for 'wp' GPIO lookup
[   15.290456] of_get_named_gpiod_flags: can't parse 'wp-gpios' property of node '/ocp/interconnect@44c00000/segment@200000/target-module@3e000/rtc@0[0]'
[   15.290505] of_get_named_gpiod_flags: can't parse 'wp-gpio' property of node '/ocp/interconnect@44c00000/segment@200000/target-module@3e000/rtc@0[0]'
[   15.290543] omap_rtc 44e3e000.rtc: using lookup tables for GPIO lookup
[   15.290556] omap_rtc 44e3e000.rtc: No GPIO consumer wp found
[   15.396110] at24 2-0054: supply vcc not found, using dummy regulator
[   15.576769] at24 2-0055: supply vcc not found, using dummy regulator
[   15.702872] at24 2-0056: supply vcc not found, using dummy regulator
[   15.824416] at24 2-0057: supply vcc not found, using dummy regulator
[   15.961582] at24 0-0050: using DT '/ocp/interconnect@44c00000/segment@200000/target-module@b000/i2c@0/baseboard_eeprom@50' for 'wp' GPIO lookup
[   15.961843] of_get_named_gpiod_flags: can't parse 'wp-gpios' property of node '/ocp/interconnect@44c00000/segment@200000/target-module@b000/i2c@0/baseboard_eeprom@50[0]'
[   15.961960] of_get_named_gpiod_flags: can't parse 'wp-gpio' property of node '/ocp/interconnect@44c00000/segment@200000/target-module@b000/i2c@0/baseboard_eeprom@50[0]'
[   15.962048] at24 0-0050: using lookup tables for GPIO lookup
[   15.962062] at24 0-0050: No GPIO consumer wp found
[   15.962575] at24 0-0050: 32768 byte 24c256 EEPROM, writable, 1 bytes/write
[   15.983215] tps6521x_pwrbutton tps65217-pwrbutton: DMA mask not set
[   16.119012] input: tps65217_pwrbutton as /devices/platform/ocp/44c00000.interconnect/44c00000.interconnect:segment@200000/44e0b000.target-module/44e0b000.i2c/i2c-0/0-0024/tps65217-pwrbutton/input/input0
[   16.190002] wkup_m3_ipc 44e11324.wkup_m3_ipc: IPC Request for A8->M3 Channel failed! -517
[   16.557753] wkup_m3_ipc 44e11324.wkup_m3_ipc: IPC Request for A8->M3 Channel failed! -517
[   16.584747] am335x-phy-driver 47401300.usb-phy: using DT '/ocp/target-module@47400000/usb-phy@1300' for 'reset' GPIO lookup
[   16.584846] of_get_named_gpiod_flags: can't parse 'reset-gpios' property of node '/ocp/target-module@47400000/usb-phy@1300[0]'
[   16.584894] of_get_named_gpiod_flags: can't parse 'reset-gpio' property of node '/ocp/target-module@47400000/usb-phy@1300[0]'
[   16.584930] am335x-phy-driver 47401300.usb-phy: using lookup tables for GPIO lookup
[   16.584942] am335x-phy-driver 47401300.usb-phy: No GPIO consumer reset found
[   16.584955] am335x-phy-driver 47401300.usb-phy: using DT '/ocp/target-module@47400000/usb-phy@1300' for 'vbus-detect' GPIO lookup
[   16.584985] of_get_named_gpiod_flags: can't parse 'vbus-detect-gpios' property of node '/ocp/target-module@47400000/usb-phy@1300[0]'
[   16.585017] of_get_named_gpiod_flags: can't parse 'vbus-detect-gpio' property of node '/ocp/target-module@47400000/usb-phy@1300[0]'
[   16.585042] am335x-phy-driver 47401300.usb-phy: using lookup tables for GPIO lookup
[   16.585052] am335x-phy-driver 47401300.usb-phy: No GPIO consumer vbus-detect found
[   16.585196] am335x-phy-driver 47401300.usb-phy: dummy supplies not allowed for exclusive requests
[   16.710414] am335x-phy-driver 47401b00.usb-phy: using DT '/ocp/target-module@47400000/usb-phy@1b00' for 'reset' GPIO lookup
[   16.710505] of_get_named_gpiod_flags: can't parse 'reset-gpios' property of node '/ocp/target-module@47400000/usb-phy@1b00[0]'
[   16.710549] of_get_named_gpiod_flags: can't parse 'reset-gpio' property of node '/ocp/target-module@47400000/usb-phy@1b00[0]'
[   16.710586] am335x-phy-driver 47401b00.usb-phy: using lookup tables for GPIO lookup
[   16.710597] am335x-phy-driver 47401b00.usb-phy: No GPIO consumer reset found
[   16.710610] am335x-phy-driver 47401b00.usb-phy: using DT '/ocp/target-module@47400000/usb-phy@1b00' for 'vbus-detect' GPIO lookup
[   16.710638] of_get_named_gpiod_flags: can't parse 'vbus-detect-gpios' property of node '/ocp/target-module@47400000/usb-phy@1b00[0]'
[   16.710669] of_get_named_gpiod_flags: can't parse 'vbus-detect-gpio' property of node '/ocp/target-module@47400000/usb-phy@1b00[0]'
[   16.710694] am335x-phy-driver 47401b00.usb-phy: using lookup tables for GPIO lookup
[   16.710704] am335x-phy-driver 47401b00.usb-phy: No GPIO consumer vbus-detect found
[   16.710849] am335x-phy-driver 47401b00.usb-phy: dummy supplies not allowed for exclusive requests
[   16.721413] wkup_m3_ipc 44e11324.wkup_m3_ipc: IPC Request for A8->M3 Channel failed! -517
[   16.883622] usbcore: registered new interface driver usbfs
[   16.889250] usbcore: registered new interface driver hub
[   16.894871] usbcore: registered new device driver usb
[   16.922067] wkup_m3_ipc 44e11324.wkup_m3_ipc: IPC Request for A8->M3 Channel failed! -517
[   17.413047] tda998x 0-0070: found TDA19988
[   17.521526] wkup_m3_ipc 44e11324.wkup_m3_ipc: IPC Request for A8->M3 Channel failed! -517
[   17.559803] wkup_m3_ipc 44e11324.wkup_m3_ipc: IPC Request for A8->M3 Channel failed! -517
[   17.708993] musb-hdrc musb-hdrc.1: MUSB HDRC host driver
[   17.714637] musb-hdrc musb-hdrc.1: new USB bus registered, assigned bus number 1
[   17.752187] wkup_m3_ipc 44e11324.wkup_m3_ipc: IPC Request for A8->M3 Channel failed! -517
[   17.874386] usb usb1: New USB device found, idVendor=1d6b, idProduct=0002, bcdDevice= 6.06
[   17.884462] usb usb1: New USB device strings: Mfr=3, Product=2, SerialNumber=1
[   17.892593] usb usb1: Product: MUSB HDRC host driver
[   17.897596] usb usb1: Manufacturer: Linux 6.6.105 musb-hcd
[   17.903166] usb usb1: SerialNumber: musb-hdrc.1
[   18.042522] hub 1-0:1.0: USB hub found
[   18.100672] hub 1-0:1.0: 1 port detected
[   18.183115] wkup_m3_ipc 44e11324.wkup_m3_ipc: IPC Request for A8->M3 Channel failed! -517
[   18.204256] omap-mailbox 480c8000.mailbox: omap mailbox rev 0x400
[   18.386602] remoteproc remoteproc0: powering up wkup_m3
[   18.501747] remoteproc remoteproc0: Direct firmware load for am335x-pm-firmware.elf failed with error -2
[   18.511452] remoteproc remoteproc0: request_firmware failed: -2
[   18.517411] wkup_m3_ipc 44e11324.wkup_m3_ipc: rproc_boot failed
[   20.108362] tilcdc 4830e000.lcdc: bound 0-0070 (ops 0xbf0860fc)
[   20.239059] [drm] Initialized tilcdc 1.0.0 20121205 for 4830e000.lcdc on minor 0
[   20.266775] omap_rng 48310000.rng: Random Number Generator ver. 20
[   20.330484] tilcdc 4830e000.lcdc: [drm] Cannot find any crtc or sizes
[   20.342042] tilcdc 4830e000.lcdc: [drm] Cannot find any crtc or sizes
[   21.677029] PM: Cannot get wkup_m3_ipc handle
[   21.885640] omap-sham 53100000.sham: hw accel on OMAP rev 4.3
[   22.022033] omap-aes 53500000.aes: OMAP AES hw accel rev: 3.2
[   22.047803] omap-sham 53100000.sham: will run requests pump with realtime priority
[   22.057321] PM: Cannot get wkup_m3_ipc handle
[   22.184191] omap-aes 53500000.aes: will run requests pump with realtime priority
[   22.193380] PM: Cannot get wkup_m3_ipc handle
[   23.595347] Bluetooth: Core ver 2.22
[   23.599145] NET: Registered PF_BLUETOOTH protocol family
[   23.604650] Bluetooth: HCI device and connection manager initialized
[   23.611066] Bluetooth: HCI socket layer initialized
[   23.616008] Bluetooth: L2CAP socket layer initialized
[   23.621113] Bluetooth: SCO socket layer initialized
[   25.470314] PM: Cannot get wkup_m3_ipc handle
[   25.476257] asoc-simple-card sound: using DT '/sound' for 'simple-audio-card,hp-det' GPIO lookup
[   25.476329] of_get_named_gpiod_flags: can't parse 'simple-audio-card,hp-det-gpios' property of node '/sound[0]'
[   25.476364] of_get_named_gpiod_flags: can't parse 'simple-audio-card,hp-det-gpio' property of node '/sound[0]'
[   25.476385] asoc-simple-card sound: using lookup tables for GPIO lookup
[   25.476397] asoc-simple-card sound: No GPIO consumer simple-audio-card,hp-det found
[   25.476410] asoc-simple-card sound: using DT '/sound' for 'simple-audio-card,mic-det' GPIO lookup
[   25.476433] of_get_named_gpiod_flags: can't parse 'simple-audio-card,mic-det-gpios' property of node '/sound[0]'
[   25.476457] of_get_named_gpiod_flags: can't parse 'simple-audio-card,mic-det-gpio' property of node '/sound[0]'
[   25.476475] asoc-simple-card sound: using lookup tables for GPIO lookup
[   25.476485] asoc-simple-card sound: No GPIO consumer simple-audio-card,mic-det found
[   25.578304] PM: Cannot get wkup_m3_ipc handle
[   27.673229] userial_init: registered 8 ttyGS* devices
[   27.979286] rndis_register: configNr = 0
[   28.093371] udc musb-hdrc.0: binding gadget driver [g_multi]
[   28.093469] configfs-gadget.g_multi gadget.0: adding 'rndis'/5710370e to config 'c'/a03bddd4
[   28.094590] configfs-gadget.g_multi gadget.0: HOST MAC 1c:ba:8c:a2:ed:6c
[   28.101581] configfs-gadget.g_multi gadget.0: MAC 1c:ba:8c:a2:ed:70
[   28.107944] rndis_set_param_medium: 0 0
[   28.107961] configfs-gadget.g_multi gadget.0: RNDIS: IN/ep1in OUT/ep1out NOTIFY/ep2in
[   28.107977] configfs-gadget.g_multi gadget.0: adding 'cdc_ethernet'/ff6c9af5 to config 'c'/a03bddd4
[   28.108935] configfs-gadget.g_multi gadget.0: HOST MAC 1c:ba:8c:a2:ed:6c
[   28.115827] configfs-gadget.g_multi gadget.0: MAC 1c:ba:8c:a2:ed:6d
[   28.122189] configfs-gadget.g_multi gadget.0: CDC Ethernet: IN/ep3in OUT/ep2out NOTIFY/ep4in
[   28.122206] configfs-gadget.g_multi gadget.0: adding 'acm'/f530ad1a to config 'c'/a03bddd4
[   28.122237] configfs-gadget.g_multi gadget.0: acm ttyGS0: IN/ep5in OUT/ep3out NOTIFY/ep6in
[   28.130176] PM: Cannot get wkup_m3_ipc handle
[   29.366708] configfs-gadget.g_multi gadget.0: eth_open
[   30.164434] configfs-gadget.g_multi gadget.0: stop stats: rx/tx 0/0, errs 0/0
[   34.820870] gs_open: ttyGS0 (65b4b598,6c96967c)
[   34.821013] gs_close: ttyGS0 (65b4b598,6c96967c) ...
[   34.821031] gs_close: ttyGS0 (65b4b598,6c96967c) done!
[   34.824256] gs_open: ttyGS0 (6876568c,1e79a4ed)
[   34.824399] gs_close: ttyGS0 (6876568c,1e79a4ed) ...
[   34.824422] gs_close: ttyGS0 (6876568c,1e79a4ed) done!
[   34.982875] gs_open: ttyGS0 (ee4804f9,a4e7a3f8)
[   34.983104] gs_close: ttyGS0 (ee4804f9,a4e7a3f8) ...
[   34.983127] gs_close: ttyGS0 (ee4804f9,a4e7a3f8) done!
[   34.983933] gs_open: ttyGS0 (ee4804f9,678ae5b3)
TCWMHLGPFH 0
root@arm:~# echo 'FQQG''APMTGZ'
FQQGAPMTGZ
root@arm:~# MARKER='PMEP''ZCONGN' run 'modprobe test_linear_ranges'
PMEPZCONGNPMEPZCONGN 0
root@arm:~# echo 'JHYB''YPUGPY'
JHYBYPUGPY
root@arm:~# MARKER='TWYJ''OXMWCM' run dmesg
TWYJOXMWCM[    0.000000] Booting Linux on physical CPU 0x0
[    0.000000] Linux version 6.6.105 (user01@drvtest01) (arm-none-eabi-gcc (Arm GNU Toolchain 14.2.Rel1 (Build arm-14.52)) 14.2.1 20241119, GNU ld (Arm GNU Toolchain 14.2.Rel1 (Build arm-14.52)) 2.43.1.20241119) #1 SMP Tue Sep  9 22:49:07 EEST 2025
[    0.000000] CPU: ARMv7 Processor [413fc082] revision 2 (ARMv7), cr=10c5387d
[    0.000000] CPU: PIPT / VIPT nonaliasing data cache, VIPT aliasing instruction cache
[    0.000000] OF: fdt: Machine model: TI AM335x BeagleBone Black
[    0.000000] Memory policy: Data cache writeback
[    0.000000] cma: Reserved 16 MiB at 0x9e800000 on node -1
[    0.000000] Zone ranges:
[    0.000000]   Normal   [mem 0x0000000080000000-0x000000009fdfffff]
[    0.000000]   HighMem  empty
[    0.000000] Movable zone start for each node
[    0.000000] Early memory node ranges
[    0.000000]   node   0: [mem 0x0000000080000000-0x000000009fdfffff]
[    0.000000] Initmem setup node 0 [mem 0x0000000080000000-0x000000009fdfffff]
[    0.000000] CPU: All CPU(s) started in SVC mode.
[    0.000000] AM335X ES2.1 (sgx neon)
[    0.000000] percpu: Embedded 16 pages/cpu s36116 r8192 d21228 u65536
[    0.000000] pcpu-alloc: s36116 r8192 d21228 u65536 alloc=16*4096
[    0.000000] pcpu-alloc: [0] 0 
[    0.000000] Kernel command line: console=ttyO0,115200n8 root=/dev/nfs rw nfsroot=192.168.255.126:/home/user01/nfs,nfsvers=3 ip=192.168.255.1:192.168.255.126::255.255.255.0:bbb1:eth0 nfsrootdebug
[    0.000000] Unknown kernel command line parameters "nfsrootdebug", will be passed to user space.
[    0.000000] Dentry cache hash table entries: 65536 (order: 6, 262144 bytes, linear)
[    0.000000] Inode-cache hash table entries: 32768 (order: 5, 131072 bytes, linear)
[    0.000000] Built 1 zonelists, mobility grouping on.  Total pages: 129412
[    0.000000] mem auto-init: stack:off, heap alloc:off, heap free:off
[    0.000000] Memory: 483604K/522240K available (11264K kernel code, 1165K rwdata, 2704K rodata, 1024K init, 282K bss, 22252K reserved, 16384K cma-reserved, 0K highmem)
[    0.000000] SLUB: HWalign=64, Order=0-3, MinObjects=0, CPUs=1, Nodes=1
[    0.000000] rcu: Hierarchical RCU implementation.
[    0.000000] rcu: 	RCU event tracing is enabled.
[    0.000000] rcu: 	RCU restricting CPUs from NR_CPUS=2 to nr_cpu_ids=1.
[    0.000000] rcu: RCU calculated value of scheduler-enlistment delay is 10 jiffies.
[    0.000000] rcu: Adjusting geometry for rcu_fanout_leaf=16, nr_cpu_ids=1
[    0.000000] NR_IRQS: 16, nr_irqs: 16, preallocated irqs: 16
[    0.000000] IRQ: Found an INTC at 0x(ptrval) (revision 5.0) with 128 interrupts
[    0.000000] rcu: srcu_init: Setting srcu_struct sizes based on contention.
[    0.000000] TI gptimer clocksource: always-on /ocp/interconnect@44c00000/segment@200000/target-module@31000
[    0.000003] sched_clock: 32 bits at 24MHz, resolution 41ns, wraps every 89478484971ns
[    0.000028] clocksource: dmtimer: mask: 0xffffffff max_cycles: 0xffffffff, max_idle_ns: 79635851949 ns
[    0.000514] TI gptimer clockevent: 24000000 Hz at /ocp/interconnect@48000000/segment@0/target-module@40000
[    0.002081] Console: colour dummy device 80x30
[    0.002128] WARNING: Your 'console=ttyO0' has been replaced by 'ttyS0'
[    0.002135] This ensures that you still see kernel messages. Please
[    0.002140] update your kernel commandline.
[    0.002179] Calibrating delay loop... 996.14 BogoMIPS (lpj=4980736)
[    0.090569] CPU: Testing write buffer coherency: ok
[    0.090667] CPU0: Spectre v2: using BPIALL workaround
[    0.090679] pid_max: default: 32768 minimum: 301
[    0.090792] LSM: initializing lsm=capability,integrity
[    0.090955] Mount-cache hash table entries: 1024 (order: 0, 4096 bytes, linear)
[    0.090975] Mountpoint-cache hash table entries: 1024 (order: 0, 4096 bytes, linear)
[    0.092442] CPU0: thread -1, cpu 0, socket -1, mpidr 0
[    0.094025] Setting up static identity map for 0x80100000 - 0x80100078
[    0.094314] rcu: Hierarchical SRCU implementation.
[    0.094324] rcu: 	Max phase no-delay instances is 1000.
[    0.095681] smp: Bringing up secondary CPUs ...
[    0.095739] smp: Brought up 1 node, 1 CPU
[    0.095754] SMP: Total of 1 processors activated (996.14 BogoMIPS).
[    0.095766] CPU: All CPU(s) started in SVC mode.
[    0.096656] devtmpfs: initialized
[    0.113454] VFP support v0.3: implementor 41 architecture 3 part 30 variant c rev 3
[    0.113810] clocksource: jiffies: mask: 0xffffffff max_cycles: 0xffffffff, max_idle_ns: 19112604462750000 ns
[    0.113845] futex hash table entries: 256 (order: 2, 16384 bytes, linear)
[    0.115144] pinctrl core: initialized pinctrl subsystem
[    0.117296] NET: Registered PF_NETLINK/PF_ROUTE protocol family
[    0.119814] DMA: preallocated 256 KiB pool for atomic coherent allocations
[    0.120421] audit: initializing netlink subsys (disabled)
[    0.121981] thermal_sys: Registered thermal governor 'fair_share'
[    0.122004] thermal_sys: Registered thermal governor 'step_wise'
[    0.122011] thermal_sys: Registered thermal governor 'user_space'
[    0.122113] audit: type=2000 audit(0.120:1): state=initialized audit_enabled=0 res=1
[    0.122191] cpuidle: using governor menu
[    0.138435] /ocp/interconnect@44c00000/segment@200000/target-module@b000/i2c@0/tda19988@70: Fixed dependency cycle(s) with /ocp/interconnect@48000000/segment@300000/target-module@e000/lcdc@0
[    0.139495] /ocp/interconnect@48000000/segment@300000/target-module@e000/lcdc@0: Fixed dependency cycle(s) with /ocp/interconnect@44c00000/segment@200000/target-module@b000/i2c@0/tda19988@70
[    0.141699] No ATAGs?
[    0.141720] hw-breakpoint: debug architecture 0x4 unsupported.
[    0.144737] kprobes: kprobe jump-optimization is enabled. All kprobes are optimized if possible.
[    0.163388] iommu: Default domain type: Translated
[    0.163408] iommu: DMA domain TLB invalidation policy: strict mode
[    0.164851] SCSI subsystem initialized
[    0.165678] reg-fixed-voltage fixedregulator0: using DT '/fixedregulator0' for '(null)' GPIO lookup
[    0.165734] of_get_named_gpiod_flags: can't parse 'gpios' property of node '/fixedregulator0[0]'
[    0.165764] of_get_named_gpiod_flags: can't parse 'gpio' property of node '/fixedregulator0[0]'
[    0.165782] reg-fixed-voltage fixedregulator0: using lookup tables for GPIO lookup
[    0.165792] reg-fixed-voltage fixedregulator0: No GPIO consumer (null) found
[    0.166324] libata version 3.00 loaded.
[    0.166681] pps_core: LinuxPPS API ver. 1 registered
[    0.166695] pps_core: Software ver. 5.3.6 - Copyright 2005-2007 Rodolfo Giometti <giometti@linux.it>
[    0.166717] PTP clock support registered
[    0.170879] vgaarb: loaded
[    0.171216] clocksource: Switched to clocksource dmtimer
[    0.171816] VFS: Disk quotas dquot_6.6.0
[    0.171876] VFS: Dquot-cache hash table entries: 1024 (order 0, 4096 bytes)
[    0.203066] NET: Registered PF_INET protocol family
[    0.203410] IP idents hash table entries: 8192 (order: 4, 65536 bytes, linear)
[    0.204743] tcp_listen_portaddr_hash hash table entries: 512 (order: 0, 4096 bytes, linear)
[    0.204784] Table-perturb hash table entries: 65536 (order: 6, 262144 bytes, linear)
[    0.204803] TCP established hash table entries: 4096 (order: 2, 16384 bytes, linear)
[    0.204849] TCP bind hash table entries: 4096 (order: 4, 65536 bytes, linear)
[    0.204950] TCP: Hash tables configured (established 4096 bind 4096)
[    0.205081] UDP hash table entries: 256 (order: 1, 8192 bytes, linear)
[    0.205110] UDP-Lite hash table entries: 256 (order: 1, 8192 bytes, linear)
[    0.205280] NET: Registered PF_UNIX/PF_LOCAL protocol family
[    0.212164] RPC: Registered named UNIX socket transport module.
[    0.212185] RPC: Registered udp transport module.
[    0.212190] RPC: Registered tcp transport module.
[    0.212196] RPC: Registered tcp-with-tls transport module.
[    0.212201] RPC: Registered tcp NFSv4.1 backchannel transport module.
[    0.212225] PCI: CLS 0 bytes, default 64
[    0.213813] Initialise system trusted keyrings
[    0.222000] workingset: timestamp_bits=14 max_order=17 bucket_order=3
[    0.223234] NFS: Registering the id_resolver key type
[    0.223335] Key type id_resolver registered
[    0.223343] Key type id_legacy registered
[    0.223396] jffs2: version 2.2. (NAND) (SUMMARY)  Â© 2001-2006 Red Hat, Inc.
[    0.223786] Key type asymmetric registered
[    0.223802] Asymmetric key parser 'x509' registered
[    0.223875] io scheduler mq-deadline registered
[    0.223885] io scheduler kyber registered
[    0.223951] io scheduler bfq registered
[    0.232233] hw perfevents: enabled with armv7_cortex_a8 PMU driver, 5 counters available
[    0.240727] l3-aon-clkctrl:0000:0: failed to disable
[    0.240874] Serial: 8250/16550 driver, 6 ports, IRQ sharing enabled
[    0.293945] brd: module loaded
[    0.313247] loop: module loaded
[    0.314174] mtdoops: mtd device (mtddev=name/number) must be supplied
[    0.315672] mdio_bus fixed-0: using lookup tables for GPIO lookup
[    0.315697] mdio_bus fixed-0: No GPIO consumer reset found
[    0.316922] i2c_dev: i2c /dev entries driver
[    0.317890] cpuidle: enable-method property 'ti,am3352' found operations
[    0.318348] sdhci: Secure Digital Host Controller Interface driver
[    0.318357] sdhci: Copyright(c) Pierre Ossman
[    0.318546] sdhci-pltfm: SDHCI platform and OF driver helper
[    0.318821] ledtrig-cpu: registered to indicate activity on CPUs
[    0.319585] Initializing XFRM netlink socket
[    0.319711] NET: Registered PF_INET6 protocol family
[    0.321626] Segment Routing with IPv6
[    0.321704] In-situ OAM (IOAM) with IPv6
[    0.321813] sit: IPv6, IPv4 and MPLS over IPv4 tunneling driver
[    0.322788] NET: Registered PF_PACKET protocol family
[    0.322821] NET: Registered PF_KEY protocol family
[    0.322943] Key type dns_resolver registered
[    0.323165] ThumbEE CPU extension supported.
[    0.323186] Registering SWP/SWPB emulation handler
[    0.323696] omap_voltage_late_init: Voltage driver support not added
[    0.324343] SmartReflex Class3 initialized
[    0.359584] Loading compiled-in X.509 certificates
[    0.398401] /ocp/interconnect@44c00000/segment@200000/target-module@b000/i2c@0/tda19988@70: Fixed dependency cycle(s) with /ocp/interconnect@48000000/segment@300000/target-module@e000/lcdc@0
[    0.404703] /ocp/interconnect@44c00000/segment@200000/target-module@b000/i2c@0/tda19988@70: Fixed dependency cycle(s) with /ocp/interconnect@48000000/segment@300000/target-module@e000/lcdc@0
[    0.409898] gpiochip_find_base: found new base at 512
[    0.412561] /ocp/interconnect@44c00000/segment@200000/target-module@b000/i2c@0/tda19988@70: Fixed dependency cycle(s) with /ocp/interconnect@48000000/segment@300000/target-module@e000/lcdc@0
[    0.413430] /ocp/interconnect@44c00000/segment@200000/target-module@b000/i2c@0/tda19988@70: Fixed dependency cycle(s) with /ocp/interconnect@48000000/segment@300000/target-module@e000/lcdc@0
[    0.416640] /ocp/interconnect@44c00000/segment@200000/target-module@10000/scm@0/pinmux@800: Fixed dependency cycle(s) with /ocp/interconnect@44c00000/segment@200000/target-module@10000/scm@0/pinmux@800/clkout2-pins
[    0.417254] pinctrl-single 44e10800.pinmux: 142 pins, size 568
[    0.422397] ti-sysc: probe of 44e31000.target-module failed with error -16
[    0.449002] /ocp/interconnect@48000000/segment@300000/target-module@e000/lcdc@0: Fixed dependency cycle(s) with /ocp/interconnect@44c00000/segment@200000/target-module@b000/i2c@0/tda19988@70
[    0.456842] ti-sysc: probe of 48040000.target-module failed with error -16
[    0.467825] gpiochip_find_base: found new base at 512
[    0.467895] gpio gpiochip0: (gpio-0-31): created GPIO range 0->7 ==> 44e10800.pinmux PIN 0->7
[    0.467915] gpio gpiochip0: (gpio-0-31): created GPIO range 8->11 ==> 44e10800.pinmux PIN 90->93
[    0.467931] gpio gpiochip0: (gpio-0-31): created GPIO range 12->27 ==> 44e10800.pinmux PIN 12->27
[    0.467946] gpio gpiochip0: (gpio-0-31): created GPIO range 28->31 ==> 44e10800.pinmux PIN 30->33
[    0.498930] gpio gpiochip0: (gpio-0-31): added GPIO chardev (254:0)
[    0.499092] gpio gpiochip0: registered GPIOs 512 to 543 on gpio-0-31
[    0.499175] OMAP GPIO hardware version 0.1
[    0.524041] i2c i2c-2: using DT '/ocp/interconnect@48000000/segment@100000/target-module@9c000/i2c@0' for 'scl' GPIO lookup
[    0.524118] of_get_named_gpiod_flags: can't parse 'scl-gpios' property of node '/ocp/interconnect@48000000/segment@100000/target-module@9c000/i2c@0[0]'
[    0.524162] of_get_named_gpiod_flags: can't parse 'scl-gpio' property of node '/ocp/interconnect@48000000/segment@100000/target-module@9c000/i2c@0[0]'
[    0.524197] i2c i2c-2: using lookup tables for GPIO lookup
[    0.524206] i2c i2c-2: No GPIO consumer scl found
[    0.524227] i2c i2c-2: using DT '/ocp/interconnect@48000000/segment@100000/target-module@9c000/i2c@0' for 'sda' GPIO lookup
[    0.524262] of_get_named_gpiod_flags: can't parse 'sda-gpios' property of node '/ocp/interconnect@48000000/segment@100000/target-module@9c000/i2c@0[0]'
[    0.524299] of_get_named_gpiod_flags: can't parse 'sda-gpio' property of node '/ocp/interconnect@48000000/segment@100000/target-module@9c000/i2c@0[0]'
[    0.524330] i2c i2c-2: using lookup tables for GPIO lookup
[    0.524338] i2c i2c-2: No GPIO consumer sda found
[    0.525044] omap_i2c 4819c000.i2c: bus 2 rev0.11 at 100 kHz
[    0.530223] gpiochip_find_base: found new base at 544
[    0.530288] gpio gpiochip1: (gpio-32-63): created GPIO range 0->17 ==> 44e10800.pinmux PIN 34->51
[    0.530308] gpio gpiochip1: (gpio-32-63): created GPIO range 18->21 ==> 44e10800.pinmux PIN 77->80
[    0.530323] gpio gpiochip1: (gpio-32-63): created GPIO range 22->31 ==> 44e10800.pinmux PIN 56->65
[    0.541572] gpio gpiochip1: (gpio-32-63): added GPIO chardev (254:1)
[    0.541738] gpio gpiochip1: registered GPIOs 544 to 575 on gpio-32-63
[    0.543960] gpiochip_find_base: found new base at 576
[    0.544021] gpio gpiochip2: (gpio-64-95): created GPIO range 0->4 ==> 44e10800.pinmux PIN 66->70
[    0.544040] gpio gpiochip2: (gpio-64-95): created GPIO range 5->6 ==> 44e10800.pinmux PIN 98->99
[    0.544055] gpio gpiochip2: (gpio-64-95): created GPIO range 7->8 ==> 44e10800.pinmux PIN 75->76
[    0.544070] gpio gpiochip2: (gpio-64-95): created GPIO range 13->13 ==> 44e10800.pinmux PIN 141->141
[    0.544087] gpio gpiochip2: (gpio-64-95): created GPIO range 14->21 ==> 44e10800.pinmux PIN 100->107
[    0.544607] gpio gpiochip2: (gpio-64-95): added GPIO chardev (254:2)
[    0.544730] gpio gpiochip2: registered GPIOs 576 to 607 on gpio-64-95
[    0.550859] /ocp/interconnect@48000000/segment@300000/target-module@e000/lcdc@0: Fixed dependency cycle(s) with /ocp/interconnect@44c00000/segment@200000/target-module@b000/i2c@0/tda19988@70
[    0.553836] /ocp/interconnect@48000000/segment@300000/target-module@e000/lcdc@0: Fixed dependency cycle(s) with /ocp/interconnect@44c00000/segment@200000/target-module@b000/i2c@0/tda19988@70
[    0.554521] /ocp/interconnect@44c00000/segment@200000/target-module@b000/i2c@0/tda19988@70: Fixed dependency cycle(s) with /ocp/interconnect@48000000/segment@300000/target-module@e000/lcdc@0
[    0.554686] /ocp/interconnect@48000000/segment@300000/target-module@e000/lcdc@0: Fixed dependency cycle(s) with /ocp/interconnect@44c00000/segment@200000/target-module@b000/i2c@0/tda19988@70
[    0.564023] mdio_bus 4a101000.mdio: using DT '/ocp/interconnect@4a000000/segment@0/target-module@100000/switch@0/mdio@1000' for 'reset' GPIO lookup
[    0.564096] of_get_named_gpiod_flags: can't parse 'reset-gpios' property of node '/ocp/interconnect@4a000000/segment@0/target-module@100000/switch@0/mdio@1000[0]'
[    0.564144] of_get_named_gpiod_flags: can't parse 'reset-gpio' property of node '/ocp/interconnect@4a000000/segment@0/target-module@100000/switch@0/mdio@1000[0]'
[    0.564191] mdio_bus 4a101000.mdio: using lookup tables for GPIO lookup
[    0.564201] mdio_bus 4a101000.mdio: No GPIO consumer reset found
[    0.565220] sdhci-omap 481d8000.mmc: using DT '/ocp/interconnect@48000000/segment@100000/target-module@d8000/mmc@0' for 'wp' GPIO lookup
[    0.565283] of_get_named_gpiod_flags: can't parse 'wp-gpios' property of node '/ocp/interconnect@48000000/segment@100000/target-module@d8000/mmc@0[0]'
[    0.565327] of_get_named_gpiod_flags: can't parse 'wp-gpio' property of node '/ocp/interconnect@48000000/segment@100000/target-module@d8000/mmc@0[0]'
[    0.565360] sdhci-omap 481d8000.mmc: using lookup tables for GPIO lookup
[    0.565370] sdhci-omap 481d8000.mmc: No GPIO consumer wp found
[    0.565558] sdhci-omap 481d8000.mmc: supply pbias not found, using dummy regulator
[    0.566032] sdhci-omap 481d8000.mmc: supply vqmmc not found, using dummy regulator
[    0.647140] davinci_mdio 4a101000.mdio: davinci mdio revision 1.6, bus freq 1000000
[    0.660846] mdio_bus 4a101000.mdio:00: using DT '/ocp/interconnect@4a000000/segment@0/target-module@100000/switch@0/mdio@1000/ethernet-phy@0' for 'reset' GPIO lookup
[    0.660950] of_get_named_gpiod_flags: parsed 'reset-gpios' property of node '/ocp/interconnect@4a000000/segment@0/target-module@100000/switch@0/mdio@1000/ethernet-phy@0[0]' - status (0)
[    0.661115] gpio gpiochip0: Persistence not supported for GPIO 8
[    0.832831] davinci_mdio 4a101000.mdio: phy[0]: device 4a101000.mdio:00, driver SMSC LAN8710/LAN8720
[    0.833465] cpsw-switch 4a100000.switch: initialized cpsw ale version 1.4
[    0.833488] cpsw-switch 4a100000.switch: ALE Table size 1024
[    0.833634] cpsw-switch 4a100000.switch: cpts: overflow check period 500 (jiffies)
[    0.833651] cpsw-switch 4a100000.switch: CPTS: ref_clk_freq:250000000 calc_mult:2147483648 calc_shift:29 error:0 nsec/sec
[    0.833749] cpsw-switch 4a100000.switch: Detected MACID = 6c:ec:eb:68:de:78
[    0.835565] cpsw-switch 4a100000.switch: initialized (regs 0x4a100000, pool size 256) hw_ver:0019010C 1.12 (0)
[    0.846273] debugfs: Directory '49000000.dma' with parent 'dmaengine' already present!
[    0.846318] edma 49000000.dma: TI EDMA DMA engine driver
[    0.888955] gpio-clk clk_mcasp0: using DT '/clk_mcasp0' for 'enable' GPIO lookup
[    0.889032] of_get_named_gpiod_flags: parsed 'enable-gpios' property of node '/clk_mcasp0[0]' - status (0)
[    0.889076] gpio gpiochip0: Persistence not supported for GPIO 27
[    0.889926] gpiochip_find_base: found new base at 608
[    0.889990] gpio gpiochip3: (gpio-96-127): created GPIO range 0->7 ==> 44e10800.pinmux PIN 82->89
[    0.890009] gpio gpiochip3: (gpio-96-127): created GPIO range 8->11 ==> 44e10800.pinmux PIN 52->55
[    0.890025] gpio gpiochip3: (gpio-96-127): created GPIO range 12->15 ==> 44e10800.pinmux PIN 94->97
[    0.890040] gpio gpiochip3: (gpio-96-127): created GPIO range 16->17 ==> 44e10800.pinmux PIN 71->72
[    0.890056] gpio gpiochip3: (gpio-96-127): created GPIO range 18->18 ==> 44e10800.pinmux PIN 135->135
[    0.890072] gpio gpiochip3: (gpio-96-127): created GPIO range 19->20 ==> 44e10800.pinmux PIN 108->109
[    0.890088] gpio gpiochip3: (gpio-96-127): created GPIO range 21->21 ==> 44e10800.pinmux PIN 73->73
[    0.890105] gpio gpiochip3: (gpio-96-127): created GPIO range 22->23 ==> 44e10800.pinmux PIN 8->9
[    0.890122] gpio gpiochip3: (gpio-96-127): created GPIO range 26->27 ==> 44e10800.pinmux PIN 10->11
[    0.890139] gpio gpiochip3: (gpio-96-127): created GPIO range 28->28 ==> 44e10800.pinmux PIN 74->74
[    0.890157] gpio gpiochip3: (gpio-96-127): created GPIO range 29->29 ==> 44e10800.pinmux PIN 81->81
[    0.890175] gpio gpiochip3: (gpio-96-127): created GPIO range 30->31 ==> 44e10800.pinmux PIN 28->29
[    0.901656] gpio gpiochip3: (gpio-96-127): added GPIO chardev (254:3)
[    0.901815] gpio gpiochip3: registered GPIOs 608 to 639 on gpio-96-127
[    0.904104] omap8250 44e09000.serial: using DT '/ocp/interconnect@44c00000/segment@200000/target-module@9000/serial@0' for 'rs485-term' GPIO lookup
[    0.904183] of_get_named_gpiod_flags: can't parse 'rs485-term-gpios' property of node '/ocp/interconnect@44c00000/segment@200000/target-module@9000/serial@0[0]'
[    0.904228] of_get_named_gpiod_flags: can't parse 'rs485-term-gpio' property of node '/ocp/interconnect@44c00000/segment@200000/target-module@9000/serial@0[0]'
[    0.904263] omap8250 44e09000.serial: using lookup tables for GPIO lookup
[    0.904273] omap8250 44e09000.serial: No GPIO consumer rs485-term found
[    0.904282] omap8250 44e09000.serial: using DT '/ocp/interconnect@44c00000/segment@200000/target-module@9000/serial@0' for 'rs485-rx-during-tx' GPIO lookup
[    0.904317] of_get_named_gpiod_flags: can't parse 'rs485-rx-during-tx-gpios' property of node '/ocp/interconnect@44c00000/segment@200000/target-module@9000/serial@0[0]'
[    0.904354] of_get_named_gpiod_flags: can't parse 'rs485-rx-during-tx-gpio' property of node '/ocp/interconnect@44c00000/segment@200000/target-module@9000/serial@0[0]'
[    0.904385] omap8250 44e09000.serial: using lookup tables for GPIO lookup
[    0.904394] omap8250 44e09000.serial: No GPIO consumer rs485-rx-during-tx found
[    0.904769] 44e09000.serial: ttyS0 at MMIO 0x44e09000 (irq = 34, base_baud = 3000000) is a 8250
[    0.904851] printk: console [ttyS0] enabled
[    2.093679] i2c i2c-0: using DT '/ocp/interconnect@44c00000/segment@200000/target-module@b000/i2c@0' for 'scl' GPIO lookup
[    2.093771] of_get_named_gpiod_flags: can't parse 'scl-gpios' property of node '/ocp/interconnect@44c00000/segment@200000/target-module@b000/i2c@0[0]'
[    2.093819] of_get_named_gpiod_flags: can't parse 'scl-gpio' property of node '/ocp/interconnect@44c00000/segment@200000/target-module@b000/i2c@0[0]'
[    2.093857] i2c i2c-0: using lookup tables for GPIO lookup
[    2.093870] i2c i2c-0: No GPIO consumer scl found
[    2.093893] i2c i2c-0: using DT '/ocp/interconnect@44c00000/segment@200000/target-module@b000/i2c@0' for 'sda' GPIO lookup
[    2.093931] of_get_named_gpiod_flags: can't parse 'sda-gpios' property of node '/ocp/interconnect@44c00000/segment@200000/target-module@b000/i2c@0[0]'
[    2.093971] of_get_named_gpiod_flags: can't parse 'sda-gpio' property of node '/ocp/interconnect@44c00000/segment@200000/target-module@b000/i2c@0[0]'
[    2.094004] i2c i2c-0: using lookup tables for GPIO lookup
[    2.094014] i2c i2c-0: No GPIO consumer sda found
[    2.131497] tps65217-pmic: Failed to locate of_node [id: -1]
[    2.137560] tps65217-bl: Failed to locate of_node [id: -1]
[    2.154973] tps65217 0-0024: TPS65217 ID 0xe version 1.2
[    2.160973] /ocp/interconnect@48000000/segment@300000/target-module@e000/lcdc@0: Fixed dependency cycle(s) with /ocp/interconnect@44c00000/segment@200000/target-module@b000/i2c@0/tda19988@70
[    2.178411] /ocp/interconnect@44c00000/segment@200000/target-module@b000/i2c@0/tda19988@70: Fixed dependency cycle(s) with /ocp/interconnect@48000000/segment@300000/target-module@e000/lcdc@0
[    2.195786] omap_i2c 44e0b000.i2c: bus 0 rev0.11 at 400 kHz
[    2.203605] sdhci-omap 48060000.mmc: using DT '/ocp/interconnect@48000000/segment@0/target-module@60000/mmc@0' for 'cd' GPIO lookup
[    2.203708] of_get_named_gpiod_flags: parsed 'cd-gpios' property of node '/ocp/interconnect@48000000/segment@0/target-module@60000/mmc@0[0]' - status (0)
[    2.203831] gpio gpiochip3: Persistence not supported for GPIO 6
[    2.203857] omap_gpio 44e07000.gpio: Could not set line 6 debounce to 200000 microseconds (-22)
[    2.212768] sdhci-omap 48060000.mmc: Got CD GPIO
[    2.217420] sdhci-omap 48060000.mmc: using DT '/ocp/interconnect@48000000/segment@0/target-module@60000/mmc@0' for 'wp' GPIO lookup
[    2.217471] of_get_named_gpiod_flags: can't parse 'wp-gpios' property of node '/ocp/interconnect@48000000/segment@0/target-module@60000/mmc@0[0]'
[    2.217513] of_get_named_gpiod_flags: can't parse 'wp-gpio' property of node '/ocp/interconnect@48000000/segment@0/target-module@60000/mmc@0[0]'
[    2.217549] sdhci-omap 48060000.mmc: using lookup tables for GPIO lookup
[    2.217562] sdhci-omap 48060000.mmc: No GPIO consumer wp found
[    2.217758] sdhci-omap 48060000.mmc: supply pbias not found, using dummy regulator
[    2.226831] sdhci-omap 481d8000.mmc: using DT '/ocp/interconnect@48000000/segment@100000/target-module@d8000/mmc@0' for 'wp' GPIO lookup
[    2.226908] of_get_named_gpiod_flags: can't parse 'wp-gpios' property of node '/ocp/interconnect@48000000/segment@100000/target-module@d8000/mmc@0[0]'
[    2.226957] of_get_named_gpiod_flags: can't parse 'wp-gpio' property of node '/ocp/interconnect@48000000/segment@100000/target-module@d8000/mmc@0[0]'
[    2.226994] sdhci-omap 481d8000.mmc: using lookup tables for GPIO lookup
[    2.227005] sdhci-omap 481d8000.mmc: No GPIO consumer wp found
[    2.227835] sdhci-omap 48060000.mmc: supply vqmmc not found, using dummy regulator
[    2.236887] sdhci-omap 481d8000.mmc: supply pbias not found, using dummy regulator
[    2.246825] sdhci-omap 481d8000.mmc: supply vqmmc not found, using dummy regulator
[    2.281951] mmc0: SDHCI controller on 48060000.mmc [48060000.mmc] using External DMA
[    2.290127] mmc1: SDHCI controller on 481d8000.mmc [481d8000.mmc] using External DMA
[    2.298824] cpsw-switch 4a100000.switch: starting ndev. mode: dual_mac
[    2.368829] mmc0: new high speed SDHC card at address aaaa
[    2.375795] mmcblk0: mmc0:aaaa SE32G 29.7 GiB
[    2.383347] mmc1: new high speed MMC card at address 0001
[    2.389720]  mmcblk0: p1 p2
[    2.394308] mmcblk1: mmc1:0001 MMC04G 3.60 GiB
[    2.401366]  mmcblk1: p1 p2
[    2.405542] mmcblk1boot0: mmc1:0001 MMC04G 2.00 MiB
[    2.412639] mmcblk1boot1: mmc1:0001 MMC04G 2.00 MiB
[    2.419375] mmcblk1rpmb: mmc1:0001 MMC04G 128 KiB, chardev (250:0)
[    2.462404] SMSC LAN8710/LAN8720 4a101000.mdio:00: attached PHY driver (mii_bus:phy_addr=4a101000.mdio:00, irq=POLL)
[    5.601961] cpsw-switch 4a100000.switch eth0: Link is Up - 100Mbps/Full - flow control off
[    5.651261] IP-Config: Complete:
[    5.654533]      device=eth0, hwaddr=6c:ec:eb:68:de:78, ipaddr=192.168.255.1, mask=255.255.255.0, gw=255.255.255.255
[    5.665150]      host=bbb1, domain=, nis-domain=(none)
[    5.670313]      bootserver=192.168.255.126, rootserver=192.168.255.126, rootpath=
[    5.670728] clk: Disabling unused clocks
[    5.682579] KTAP version 1
[    5.685308] 1..0
[    5.708287] VFS: Mounted root (nfs filesystem) on device 0:16.
[    5.715290] devtmpfs: mounted
[    5.719910] Freeing unused kernel image (initmem) memory: 1024K
[    5.726779] Run /sbin/init as init process
[    5.730913]   with arguments:
[    5.730924]     /sbin/init
[    5.730932]     nfsrootdebug
[    5.730939]   with environment:
[    5.730946]     HOME=/
[    5.730954]     TERM=linux
[    6.414459] systemd[1]: System time before build time, advancing clock.
[    7.871234] random: crng init done
[    7.941690] systemd[1]: systemd 232 running in system mode. (+PAM +AUDIT +SELINUX +IMA +APPARMOR +SMACK +SYSVINIT +UTMP +LIBCRYPTSETUP +GCRYPT +GNUTLS +ACL +XZ +LZ4 +SECCOMP +BLKID +ELFUTILS +KMOD +IDN)
[    7.960624] systemd[1]: Detected architecture arm.
[    8.004053] systemd[1]: Set hostname to <arm>.
[    9.064267] systemd[1]: Reached target Swap.
[    9.103251] systemd[1]: Listening on /dev/initctl Compatibility Named Pipe.
[    9.141542] systemd[1]: Reached target Remote File Systems.
[    9.182023] systemd[1]: Started Forward Password Requests to Wall Directory Watch.
[    9.222821] systemd[1]: Set up automount Arbitrary Executable File Formats File System Automount Point.
[    9.262292] systemd[1]: Listening on Journal Audit Socket.
[    9.302098] systemd[1]: Started Dispatch Password Requests to Console Directory Watch.
[   11.475546] systemd-journald[83]: Received request to flush runtime journal from PID 1
[   14.505196] leds-gpio leds: using DT '/leds/led2' for '(null)' GPIO lookup
[   14.505297] of_get_named_gpiod_flags: parsed 'gpios' property of node '/leds/led2[0]' - status (0)
[   14.505350] gpio gpiochip0: Persistence not supported for GPIO 21
