Labgrid Console Logfile for main
Logfile started at 2025-06-23 11:09:13.011872
=== Log starts here ===
reading args
spl_load_image_fat_os: error reading image args, err - -1
reading u-boot.img
reading u-boot.img


U-Boot 2014.04-00014-g47880f5 (Apr 22 2014 - 13:23:54)

I2C:   ready
DRAM:  512 MiB
NAND:  0 MiB
MMC:   OMAP SD/MMC: 0, OMAP SD/MMC: 1
*** Warning - readenv() failed, using default environment

Net:   <ethaddr> not set. Validating first E-fuse MAC
cpsw, usb_ether
Hit any key to stop autoboot:  1  0 
gpio: pin 53 (gpio 53) value is 1
mmc0 is current device
gpio: pin 54 (gpio 54) value is 1
SD/MMC found on device 0
reading uEnv.txt
569 bytes read in 3 ms (184.6 KiB/s)
gpio: pin 55 (gpio 55) value is 1
Loaded environment from uEnv.txt
Importing environment from mmc ...
Checking if uenvcmd is set ...
gpio: pin 56 (gpio 56) value is 1
Running uenvcmd ...
cpsw Waiting for PHY auto negotiation to complete. done
link up on port 0, speed 100, full duplex
Using cpsw device
TFTP from server 192.168.255.126; our IP address is 192.168.255.1
Filename 'zImage'.
Load address: 0x81000000
Loading: *#################################################################
	 #################################################################
	 #################################################################
	 #################################################################
	 #################################################################
	 ###########################################################
	 2.4 MiB/s
done
Bytes transferred = 5623680 (55cf80 hex)
link up on port 0, speed 100, full duplex
Using cpsw device
TFTP from server 192.168.255.126; our IP address is 192.168.255.1
Filename 'am335x-boneblack.dtb'.
Load address: 0x82000000
Loading: *#######
	 2.4 MiB/s
done
Bytes transferred = 98244 (17fc4 hex)
Kernel image @ 0x81000000 [ 0x000000 - 0x55cf80 ]
## Flattened Device Tree blob at 82000000
   Booting using the fdt blob at 0x82000000
   Using Device Tree in place at 82000000, end 8201afc3

Starting kernel ...

[    0.000000] Booting Linux on physical CPU 0x0
[    0.000000] Linux version 6.16.0-rc3-next-20250623 (user01@drvtest01) (arm-none-eabi-gcc (Arm GNU Toolchain 14.2.Rel1 (Build arm-14.52)) 14.2.1 20241119, GNU ld (Arm GNU Toolchain 14.2.Rel1 (Build arm-14.52)) 2.43.1.20241119) #1 SMP Mon Jun 23 11:05:48 EEST 2025
[    0.000000] CPU: ARMv7 Processor [413fc082] revision 2 (ARMv7), cr=10c5387d
[    0.000000] CPU: PIPT / VIPT nonaliasing data cache, VIPT aliasing instruction cache
[    0.000000] OF: fdt: Machine model: TI AM335x BeagleBone Black
[    0.000000] Memory policy: Data cache writeback
[    0.000000] cma: Reserved 16 MiB at 0x9e800000
[    0.000000] Zone ranges:
[    0.000000]   Normal   [mem 0x0000000080000000-0x000000009fdfffff]
[    0.000000]   HighMem  empty
[    0.000000] Movable zone start for each node
[    0.000000] Early memory node ranges
[    0.000000]   node   0: [mem 0x0000000080000000-0x000000009fdfffff]
[    0.000000] Initmem setup node 0 [mem 0x0000000080000000-0x000000009fdfffff]
[    0.000000] On node 0, zone Normal: 512 pages in unavailable ranges
[    0.000000] OF: reserved mem: Reserved memory: No reserved-memory node in the DT
[    0.000000] CPU: All CPU(s) started in SVC mode.
[    0.000000] AM335X ES2.1 (sgx neon)
[    0.000000] percpu: Embedded 17 pages/cpu s39820 r8192 d21620 u69632
[    0.000000] Kernel command line: console=ttyO0,115200n8 root=/dev/nfs rw nfsroot=192.168.255.126:/home/user01/nfs,nfsvers=3 ip=192.168.255.1:192.168.255.126::255.255.255.0:bbb1:eth0 nfsrootdebug
[    0.000000] Unknown kernel command line parameters "nfsrootdebug", will be passed to user space.
[    0.000000] printk: log buffer data + meta data: 65536 + 204800 = 270336 bytes
[    0.000000] Dentry cache hash table entries: 65536 (order: 6, 262144 bytes, linear)
[    0.000000] Inode-cache hash table entries: 32768 (order: 5, 131072 bytes, linear)
[    0.000000] Built 1 zonelists, mobility grouping on.  Total pages: 130560
[    0.000000] mem auto-init: stack:off, heap alloc:off, heap free:off
[    0.000000] SLUB: HWalign=16, Order=0-3, MinObjects=0, CPUs=1, Nodes=1
[    0.000000] rcu: Hierarchical RCU implementation.
[    0.000000] rcu: 	RCU event tracing is enabled.
[    0.000000] rcu: 	RCU restricting CPUs from NR_CPUS=2 to nr_cpu_ids=1.
[    0.000000] 	Tracing variant of Tasks RCU enabled.
[    0.000000] rcu: RCU calculated value of scheduler-enlistment delay is 10 jiffies.
[    0.000000] rcu: Adjusting geometry for rcu_fanout_leaf=16, nr_cpu_ids=1
[    0.000000] RCU Tasks Trace: Setting shift to 0 and lim to 1 rcu_task_cb_adjust=1 rcu_task_cpu_ids=1.
[    0.000000] NR_IRQS: 16, nr_irqs: 16, preallocated irqs: 16
[    0.000000] IRQ: Found an INTC at 0x(ptrval) (revision 5.0) with 128 interrupts
[    0.000000] rcu: srcu_init: Setting srcu_struct sizes based on contention.
[    0.000000] TI gptimer clocksource: always-on /ocp/interconnect@44c00000/segment@200000/target-module@31000
[    0.000003] sched_clock: 32 bits at 24MHz, resolution 41ns, wraps every 89478484971ns
[    0.000026] clocksource: dmtimer: mask: 0xffffffff max_cycles: 0xffffffff, max_idle_ns: 79635851949 ns
[    0.000528] TI gptimer clockevent: 24000000 Hz at /ocp/interconnect@48000000/segment@0/target-module@40000
[    0.002160] Console: colour dummy device 80x30
[    0.002228] WARNING: Your 'console=ttyO0' has been replaced by 'ttyS0'
[    0.002236] This ensures that you still see kernel messages. Please
[    0.002241] update your kernel commandline.
[    0.002282] Calibrating delay loop... 996.14 BogoMIPS (lpj=4980736)
[    0.090577] CPU: Testing write buffer coherency: ok
[    0.090691] CPU0: Spectre v2: using BPIALL workaround
[    0.090700] pid_max: default: 32768 minimum: 301
[    0.090860] LSM: initializing lsm=capability
[    0.091029] Mount-cache hash table entries: 1024 (order: 0, 4096 bytes, linear)
[    0.091050] Mountpoint-cache hash table entries: 1024 (order: 0, 4096 bytes, linear)
[    0.092694] CPU0: thread -1, cpu 0, socket -1, mpidr 0
[    0.092753] cacheinfo: Unable to detect cache hierarchy for CPU 0
[    0.094829] Setting up static identity map for 0x80100000 - 0x80100078
[    0.095152] rcu: Hierarchical SRCU implementation.
[    0.095163] rcu: 	Max phase no-delay instances is 1000.
[    0.096895] smp: Bringing up secondary CPUs ...
[    0.096947] smp: Brought up 1 node, 1 CPU
[    0.096962] SMP: Total of 1 processors activated (996.14 BogoMIPS).
[    0.096973] CPU: All CPU(s) started in SVC mode.
[    0.097161] Memory: 480828K/522240K available (11264K kernel code, 1215K rwdata, 2924K rodata, 1024K init, 285K bss, 23380K reserved, 16384K cma-reserved, 0K highmem)
[    0.097986] devtmpfs: initialized
[    0.115838] VFP support v0.3: implementor 41 architecture 3 part 30 variant c rev 3
[    0.116489] clocksource: jiffies: mask: 0xffffffff max_cycles: 0xffffffff, max_idle_ns: 19112604462750000 ns
[    0.116551] posixtimers hash table entries: 512 (order: 0, 4096 bytes, linear)
[    0.116577] futex hash table entries: 256 (16384 bytes on 1 NUMA nodes, total 16 KiB, linear).
[    0.117705] pinctrl core: initialized pinctrl subsystem
[    0.119770] NET: Registered PF_NETLINK/PF_ROUTE protocol family
[    0.122894] DMA: preallocated 256 KiB pool for atomic coherent allocations
[    0.123862] audit: initializing netlink subsys (disabled)
[    0.125248] thermal_sys: Registered thermal governor 'fair_share'
[    0.125264] thermal_sys: Registered thermal governor 'step_wise'
[    0.125274] thermal_sys: Registered thermal governor 'user_space'
[    0.125387] audit: type=2000 audit(0.120:1): state=initialized audit_enabled=0 res=1
[    0.125458] cpuidle: using governor menu
[    0.143511] /ocp/interconnect@44c00000/segment@200000/target-module@b000/i2c@0/tda19988@70: Fixed dependency cycle(s) with /ocp/interconnect@48000000/segment@300000/target-module@e000/lcdc@0
[    0.144650] /ocp/interconnect@48000000/segment@300000/target-module@e000/lcdc@0: Fixed dependency cycle(s) with /ocp/interconnect@44c00000/segment@200000/target-module@b000/i2c@0/tda19988@70
[    0.146838] No ATAGs?
[    0.146880] hw-breakpoint: debug architecture 0x4 unsupported.
[    0.149611] kprobes: kprobe jump-optimization is enabled. All kprobes are optimized if possible.
[    0.163372] iommu: Default domain type: Translated
[    0.163395] iommu: DMA domain TLB invalidation policy: strict mode
[    0.166175] SCSI subsystem initialized
[    0.167028] pps_core: LinuxPPS API ver. 1 registered
[    0.167037] pps_core: Software ver. 5.3.6 - Copyright 2005-2007 Rodolfo Giometti <giometti@linux.it>
[    0.167061] PTP clock support registered
[    0.171163] vgaarb: loaded
[    0.171536] clocksource: Switched to clocksource dmtimer
[    0.172206] VFS: Disk quotas dquot_6.6.0
[    0.172265] VFS: Dquot-cache hash table entries: 1024 (order 0, 4096 bytes)
[    0.205686] NET: Registered PF_INET protocol family
[    0.206030] IP idents hash table entries: 8192 (order: 4, 65536 bytes, linear)
[    0.207449] tcp_listen_portaddr_hash hash table entries: 512 (order: 0, 4096 bytes, linear)
[    0.207484] Table-perturb hash table entries: 65536 (order: 6, 262144 bytes, linear)
[    0.207503] TCP established hash table entries: 4096 (order: 2, 16384 bytes, linear)
[    0.207550] TCP bind hash table entries: 4096 (order: 4, 65536 bytes, linear)
[    0.207649] TCP: Hash tables configured (established 4096 bind 4096)
[    0.207768] UDP hash table entries: 256 (order: 1, 14336 bytes, linear)
[    0.207803] UDP-Lite hash table entries: 256 (order: 1, 14336 bytes, linear)
[    0.207995] NET: Registered PF_UNIX/PF_LOCAL protocol family
[    0.209281] RPC: Registered named UNIX socket transport module.
[    0.209301] RPC: Registered udp transport module.
[    0.209306] RPC: Registered tcp transport module.
[    0.209311] RPC: Registered tcp-with-tls transport module.
[    0.209316] RPC: Registered tcp NFSv4.1 backchannel transport module.
[    0.209340] PCI: CLS 0 bytes, default 64
[    0.210739] Initialise system trusted keyrings
[    0.212093] workingset: timestamp_bits=14 max_order=17 bucket_order=3
[    0.213461] NFS: Registering the id_resolver key type
[    0.213575] Key type id_resolver registered
[    0.213582] Key type id_legacy registered
[    0.213691] jffs2: version 2.2. (NAND) (SUMMARY)  Â© 2001-2006 Red Hat, Inc.
[    0.214236] Key type asymmetric registered
[    0.214255] Asymmetric key parser 'x509' registered
[    0.214324] io scheduler mq-deadline registered
[    0.214334] io scheduler kyber registered
[    0.214413] io scheduler bfq registered
[    0.224001] target-module@4b000000:target-module@140000:pmu@0:fck: device ID is greater than 24
[    0.230209] l3-aon-clkctrl:0000:0: failed to disable
[    0.230270] ledtrig-cpu: registered to indicate activity on CPUs
[    0.233369] Serial: 8250/16550 driver, 6 ports, IRQ sharing enabled
[    0.276066] brd: module loaded
[    0.299186] loop: module loaded
[    0.300118] mtdoops: mtd device (mtddev=name/number) must be supplied
[    0.303439] i2c_dev: i2c /dev entries driver
[    0.304441] cpuidle: enable-method property 'ti,am3352' found operations
[    0.304895] sdhci: Secure Digital Host Controller Interface driver
[    0.304903] sdhci: Copyright(c) Pierre Ossman
[    0.305085] sdhci-pltfm: SDHCI platform and OF driver helper
[    0.313178] hw perfevents: enabled with armv7_cortex_a8 PMU driver, 5 (8000000f) counters available
[    0.313695] Initializing XFRM netlink socket
[    0.313883] NET: Registered PF_INET6 protocol family
[    0.319562] l3-aon-clkctrl:0000:0: failed to disable
[    0.320951] Segment Routing with IPv6
[    0.321035] In-situ OAM (IOAM) with IPv6
[    0.321127] sit: IPv6, IPv4 and MPLS over IPv4 tunneling driver
[    0.322315] NET: Registered PF_PACKET protocol family
[    0.322345] NET: Registered PF_KEY protocol family
[    0.322458] Key type dns_resolver registered
[    0.322682] ThumbEE CPU extension supported.
[    0.322702] Registering SWP/SWPB emulation handler
[    0.323239] omap_voltage_late_init: Voltage driver support not added
[    0.323907] SmartReflex Class3 initialized
[    0.361879] Loading compiled-in X.509 certificates
[    0.409368] /ocp/interconnect@44c00000/segment@200000/target-module@b000/i2c@0/tda19988@70: Fixed dependency cycle(s) with /ocp/interconnect@48000000/segment@300000/target-module@e000/lcdc@0
[    0.416005] /ocp/interconnect@44c00000/segment@200000/target-module@b000/i2c@0/tda19988@70: Fixed dependency cycle(s) with /ocp/interconnect@48000000/segment@300000/target-module@e000/lcdc@0
[    0.447670] /ocp/interconnect@44c00000/segment@200000/target-module@b000/i2c@0/tda19988@70: Fixed dependency cycle(s) with /ocp/interconnect@48000000/segment@300000/target-module@e000/lcdc@0
[    0.448563] /ocp/interconnect@44c00000/segment@200000/target-module@b000/i2c@0/tda19988@70: Fixed dependency cycle(s) with /ocp/interconnect@48000000/segment@300000/target-module@e000/lcdc@0
[    0.452260] /ocp/interconnect@44c00000/segment@200000/target-module@10000/scm@0/pinmux@800: Fixed dependency cycle(s) with /ocp/interconnect@44c00000/segment@200000/target-module@10000/scm@0/pinmux@800/clkout2-pins
[    0.452878] pinctrl-single 44e10800.pinmux: 142 pins, size 568
[    0.458182] ti-sysc 44e31000.target-module: probe with driver ti-sysc failed with error -16
[    0.497432] /ocp/interconnect@48000000/segment@300000/target-module@e000/lcdc@0: Fixed dependency cycle(s) with /ocp/interconnect@44c00000/segment@200000/target-module@b000/i2c@0/tda19988@70
[    0.505924] ti-sysc 48040000.target-module: probe with driver ti-sysc failed with error -16
[    0.528580] OMAP GPIO hardware version 0.1
[    0.555135] omap_i2c 4819c000.i2c: bus 2 rev0.11 at 100 kHz
[    0.585594] 48000000.interconnect:segment@200000:target-module@0:mpu@0:fck: device ID is greater than 24
[    0.586497] /ocp/interconnect@48000000/segment@300000/target-module@e000/lcdc@0: Fixed dependency cycle(s) with /ocp/interconnect@44c00000/segment@200000/target-module@b000/i2c@0/tda19988@70
[    0.589357] /ocp/interconnect@48000000/segment@300000/target-module@e000/lcdc@0: Fixed dependency cycle(s) with /ocp/interconnect@44c00000/segment@200000/target-module@b000/i2c@0/tda19988@70
[    0.590079] /ocp/interconnect@44c00000/segment@200000/target-module@b000/i2c@0/tda19988@70: Fixed dependency cycle(s) with /ocp/interconnect@48000000/segment@300000/target- module@e000/lcdc@0
[    0.590240] /ocp/interconnect@48000000/segment@300000/target-module@e000/lcdc@0: Fixed dependency cycle(s) with /ocp/interconnect@44c00000/segment@200000/target-module@b000/i2c@0/tda19988@70
[    0.601802] sdhci-omap 481d8000.mmc: supply pbias not found, using dummy regulator
[    0.602411] sdhci-omap 481d8000.mmc: supply vqmmc not found, using dummy regulator
[    0.643542] davinci_mdio 4a101000.mdio: davinci mdio revision 1.6, bus freq 1000000
[    0.807924] davinci_mdio 4a101 000.mdio: phy[0]: device 4a101000.mdio:00, driver SMSC LAN8710/LAN8720
[    0.808687] cpsw-switch 4a100000.switch: initialized cpsw ale version 1.4
[    0.808711] cpsw-switch 4a100000.switch: ALE Table size 1024, Policers 0
[    0.809037] cpsw-switch 4a100000.switch: cpts: overflow check period 500 (jiffies)
[    0.809058] cpsw-switch 4a100000.switch: CPTS: ref_clk_freq:250000000 calc_mult:2147483648 calc_shift:29 error:0 nsec/sec
[    0.809176] cpsw-switch 4a100000.switch: Detected MACID = 6c:ec:eb:68:de:78
[    0.811043] cpsw-switch 4a100000.switch: initialized (regs 0x4a100000, pool size 256) hw_ver:0019010C 1.12 (0)
[    0.822284] debugfs: Directory '49000000.dma' with parent 'dmaengine' already present!
[    0.822324] edma 49000000.dma: TI EDMA DMA engine driver
[    0.897931] 44e09000.serial: ttyS0 at MMIO 0x44e09000 (irq = 34, base_baud = 3000000) is a 8250
[    0.898021] printk: legacy console [ttyS0] enabled
[    2.372539] tps65217-pmic: Failed to locate of_node [id: -1]
[    2.378606] tps65217-bl: Failed to locate of_node [id: -1]
[    2.384678] platform tps65217-charger: DMA mask not set
[    2.390727] platform tps65217-pwrbutton: DMA mask not set
[    2.398116] tps65217 0-0024: TPS65217 ID 0xe version 1.2
[    2.404272] /ocp/interconnect@48000000/segment@300000/target-module@e000/lcdc@0: Fixed dependency cycle(s) with /ocp/interconnect@44c00000/segment@200000/target-module@b000/i2c@0/tda19988@70
[    2.421672] /ocp/interconnect@44c00000/segment@200000/target-module@b000/i2c@0/tda19988
[    5.762323] cpsw-switch 4a100000.switch eth0: Link is Up - 100Mbps/Full - flow control off
[    5.801792] IP-Config: Complete:
[    5.805072]      device=eth0, hwaddr=6c:ec:eb:68:de:78, ipaddr=192.168.255.1, mask=255.255.255.0, gw=255.255.255.255
[    5.815741]      host=bbb1, domain=, nis-domain=(none)
[    5.820912]      bootserver=192.168.255.126, rootserver=192.168.255.126, rootpath=
[    5.821337] clk: Disabling unused clocks
[    5.833187] PM: genpd: Disabling unused power domains
[    5.838299] KTAP version 1
[    5.841021] 1..0
[    5.875596] VFS: Mounted root (nfs filesystem) on device 0:17.
[    5.883082] devtmpfs: mounted
[    5.887552] Freeing unused kernel image (initmem) memory: 1024K
[    5.894378] Run /sbin/init as init process
[    6.586693] systemd[1]: System time before build time, advancing clock.
[    8.111559] random: crng init done
[    8.127992] systemd[1]: systemd 232 running in system mode. (+PAM +AUDIT +SELINUX +IMA +APPARMOR +SMACK +SYSVINIT +UTMP +LIBCRYPTSETUP +GCRYPT +GNUTLS +ACL +XZ +LZ4 +SECCOMP +BLKID +ELFUTILS +KMOD +IDN)
[    8.147041] systemd[1]: Detected architecture arm.

Welcome to [1mDebian GNU/Linux 9 (stretch)[0m!

[    8.175126] systemd[1]: Set hostname to <arm>.
[    9.333716] systemd[1]: Reached target Swap.
[[0;32m  OK  [0m] Reached target Swap.
[    9.355830] systemd[1]: Listening on udev Control Socket.
[[0;32m  OK  [0m] Listening on udev Control Socket.
[    9.382518] systemd[1]: Started Dispatch Password Requests to Console Directory Watch.
[[0;32m  OK  [0m] Started Dispatch Password Requests to Console Directory Watch.
[    9.411998] systemd[1]: Reached target Remote File Systems.
[[0;32m  OK  [0m] Reached target Remote File Systems.
[    9.443589] systemd[1]: Listening on /dev/initctl Compatibility Named Pipe.
[[0;32m  OK  [0m] Listening on /dev/initctl Compatibility Named Pipe.
[    9.473341] systemd[1]: systemd-journald-dev-log.socket: SO_PASSSEC failed: Operation not supported
[    9.483042] systemd[1]: Listening on Journal Socket (/dev/log).
[[0;32m  OK  [0m] Listening on Journal Socket (/dev/log).
[[0;32m  OK  [0m] Started Forward Password Requests to Wall Directory Watch.
[[0;32m  OK  [0m] Reached target Paths.
[[0;32m  OK  [0m] Reached target Encrypted Volumes.
[[0;32m  OK  [0m] Listening on Journal Audit Socket.
[[0;32m  OK  [0m] Set up automount Arbitrary Executabâ€¦rmats File System Automount Point.
[[0;32m  OK  [0m] Created slice User and Session Slice.
[[0;32m  OK  [0m] Listening on Journal Socket.
[[0;32m  OK  [0m] Listening on udev Kernel Socket.
[[0;32m  OK  [0m] Listening on Syslog Socket.
[[0;32m  OK  [0m] Created slice System Slice.
         Starting Remount Root and Kernel File Systems...
         Mounting Debug File System...
         Mounting POSIX Message Queue File System...
[[0;32m  OK  [0m] Reached target Slices.
[[0;32m  OK  [0m] Created slice system-getty.slice.
[[0;32m  OK  [0m] Created slice system-serial\x2dgetty.slice.
         Starting Load Kernel Modules...
         Starting Journal Service...
         Starting Create list of required stâ€¦ce nodes for the current kernel...
[[0;32m  OK  [0m] Mounted POSIX Message Queue File System.
[[0;32m  OK  [0m] Mounted Debug File System.
[[0;32m  OK  [0m] Started Remount Root and Kernel File Systems.
         Starting udev Coldplug all Devices...
         Starting Load/Save Random Seed...
[[0;32m  OK  [0m] Started Create list of required staâ€¦vice nodes for the current kernel.
         Starting Create Static Device Nodes in /dev...
[[0;32m  OK  [0m] Started Load Kernel Modules.
         Mounting Configuration File System...
         Starting Apply Kernel Variables...
[[0;32m  OK  [0m] Mounted Configuration File System.
[[0;32m  OK  [0m] Started Load/Save Random Seed.
[[0;32m  OK  [0m] Started Apply Kernel Variables.
[[0;32m  OK  [0m] Started Create Static Device Nodes in /dev.
         Starting udev Kernel Device Manager...
[[0;32m  OK  [0m] Reached target Local File Systems (Pre).
[[0;32m  OK  [0m] Reached target Local File Systems.
         Starting Raise network interfaces...
[[0;32m  OK  [0m] Started Journal Service.
         Starting Flush Journal to Persistent Storage...
[   11.836948] systemd-journald[85]: Received request to flush runtime journal from PID 1
[[0;32m  OK  [0m] Started Flush Journal to Persistent Storage.
         Starting Create Volatile Files and Directories...
[[0;32m  OK  [0m] Started udev Kernel Device Manager.
[[0;32m  OK  [0m] Started Create Volatile Files and Directories.
         Starting Network Time Synchronization...
         Starting Update UTMP about System Boot/Shutdown...
[[0;32m  OK  [0m] Started udev Coldplug all Devices.
[[0;32m  OK  [0m] Started Update UTMP about System Boot/Shutdown.
[   14.750646] remoteproc remoteproc0: wkup_m3 is available
[   14.975384] omap_wdt: OMAP Watchdog Timer Rev 0x01: initial timeout 60 sec
[   15.124857] at24 2-0054: supply vcc not found, using dummy regulator
[   15.265499] at24 2-0055: supply vcc not found, using dummy regulator
[   15.372238] input: tps65217_pwrbutton as /devices/platform/ocp/44c00000.interconnect/44c00000.interconnect:segment@200000/44e0b000.target-module/44e0b000.i2c/i2c-0/0-0024/tps65217-pwrbutton/input/input0
[[0;32m  OK  [0m] Found device /dev/ttyS0.
[   15.412520] at24 2-0056: supply vcc not found, using dummy regulator
[   15.436361] omap_rtc 44e3e000.rtc: registered as rtc0
[   15.443002] omap_rtc 44e3e000.rtc: setting system clock to 2000-01-01T00:00:00 UTC (946684800)
[   15.497039] at24 2-0057: supply vcc not found, using dummy regulator
[   15.589642] at24 0-0050: 32768 byte 24c256 EEPROM, writable, 1 bytes/write
[   16.130252] am335x-phy-driver 47401300.usb-phy: dummy supplies not allowed for exclusive requests (id=vbus)
[[0;32m  OK  [0m] Started Network Time Synchronization.
[[0;32m  OK  [0m] Reached target System Initialization.
[[0;32m  OK  [0m] Started Daily Cleanup of Temporary Directories.
[   16.293264] am335x-phy-driver 47401b00.usb-phy: dummy supplies not allowed for exclusive requests (id=vbus)
[[0;32m  OK  [0m] Listening on D-Bus System Message Bus Socket.
[   16.430229] usbcore: registered new interface driver usbfs
[   16.436154] usbcore: registered new interface driver hub
[   16.441720] usbcore: registered new device driver usb
[[0;32m  OK  [0m] Listening on Avahi mDNS/DNS-SD Stack Activation Socket.
[[0;32m  OK  [0m] Reached target Sockets.
[[0;32m  OK  [0m] Reached target Basic System.
         Starting System Logging Service...
         Starting DUN service...
[[0;32m  OK  [0m] Started Regular background program processing daemon.
[[0;32m  OK  [0m] Started D-Bus System Message Bus.[   17.203114] tda998x 0-0070: found TDA19988

[   17.366256] musb-hdrc musb-hdrc.1: MUSB HDRC host driver
[   17.371783] musb-hdrc musb-hdrc.1: new USB bus registered, assigned bus number 1
[   17.469417] omap-mailbox 480c8000.mailbox: omap mailbox rev 0x400
[   17.546014] remoteproc remoteproc0: powering up wkup_m3
[   17.644359] usb usb1: New USB device found, idVendor=1d6b, idProduct=0002, bcdDevice= 6.16
[   17.652991] usb usb1: New USB device strings: Mfr=3, Product=2, SerialNumber=1
[   17.660265] usb usb1: Product: MUSB HDRC host driver
[   17.665373] usb usb1: Manufacturer: Linux 6.16.0-rc3-next-20250623 musb-hcd
[   17.672430] usb usb1: SerialNumber: musb-hdrc.1
[   17.770105] remoteproc remoteproc0: Direct firmware load for am335x-pm-firmware.elf failed with error -2
[   17.779994] remoteproc remoteproc0: request_firmware failed: -2
[   17.786075] wkup_m3_ipc 44e11324.wkup_m3_ipc: rproc_boot failed
[   18.098581] hub 1-0:1.0: USB hub found
[   18.182514] hub 1-0:1.0: 1 port detected
[   19.595765] omap_rng 48310000.rng: Random Number Generator ver. 20
[   19.812043] tilcdc 4830e000.lcdc: bound 0-0070 (ops tda998x_audio_codec_init [tda998x])
[   19.890987] [drm] Initialized tilcdc 1.0.0 for 4830e000.lcdc on minor 0
[   19.969419] tilcdc 4830e000.lcdc: [drm] Cannot find any crtc or sizes
[   19.977473] tilcdc 4830e000.lcdc: [drm] Cannot find any crtc or sizes
[[0;32m  OK  [0m] Started DUN service.
         Starting Connection service...
         Starting Telephony service...
         Starting Generic Board Startup...
         Starting LSB: Start busybox udhcpd at boot time...
         Starting Login Service...
         Starting LSB: Load kernel modules needed to enable cpufreq scaling...
[   20.945204] omap-sham 53100000.sham: hw accel on OMAP rev 4.3
[   20.954694] PM: Cannot get wkup_m3_ipc handle
         Starting Avahi mDNS/DNS-SD Stack...
[   21.108594] omap-sham 53100000.sham: will run requests pump with realtime priority
[   21.118802] PM: Cannot get wkup_m3_ipc handle
[   21.158825] omap-aes 53500000.aes: OMAP AES hw accel rev: 3.2
         Starting Cape Manager Service...
[[0;32m  OK  [0m] Reached target System Time Synchronized.
[   21.311341] omap-aes 53500000.aes: will run requests pump with realtime priority
[   21.320293] PM: Cannot get wkup_m3_ipc handle
[[0;32m  OK  [0m] Started Daily apt download activities.
[[0;32m  OK  [0m] Started Daily apt upgrade and clean activities.
[[0;32m  OK  [0m] Reached target Timers.
[[0;32m  OK  [0m] Started System Logging Service.
[[0;32m  OK  [0m] Started Cape Manager Service.
[   23.815109] Bluetooth: Core ver 2.22
[   23.818934] NET: Registered PF_BLUETOOTH protocol family
[   23.824516] Bluetooth: HCI device and connection manager initialized
[   23.830938] Bluetooth: HCI socket layer initialized
[   23.835935] Bluetooth: L2CAP socket layer initialized
[   23.841054] Bluetooth: SCO socket layer initialized
[   24.771355] gpio-537 (nxp,calib): gpiod_direction_output_nonotify: tried to set a GPIO tied to an IRQ as output
[   24.802436] PM: Cannot get wkup_m3_ipc handle
[   24.983211] PM: Cannot get wkup_m3_ipc handle
[   25.157285] tda9950 0-0034: TDA9950 CEC interface, hardware version 3.3
[   25.254627] PM: Cannot get wkup_m3_ipc handle
[[0;32m  OK  [0m] Started LSB: Start busybox udhcpd at boot time.
[[0;32m  OK  [0m] Started Raise network interfaces.
[[0;32m  OK  [0m] Started LSB: Load kernel modules needed to enable cpufreq scaling.
[   29.007075] configfs-gadget.g_multi gadget.0: HOST MAC 1c:ba:8c:a2:ed:6c
[   29.014093] configfs-gadget.g_multi gadget.0: MAC 1c:ba:8c:a2:ed:70
[   29.021439] configfs-gadget.g_multi gadget.0: HOST MAC 1c:ba:8c:a2:ed:6c
[   29.028310] configfs-gadget.g_multi gadget.0: MAC 1c:ba:8c:a2:ed:6d
[   29.036627] PM: Cannot get wkup_m3_ipc handle
[[0;32m  OK  [0m] Started Telephony service.
[[0;32m  OK  [0m] Started Connection service.
[[0;32m  OK  [0m] Started Avahi mDNS/DNS-SD Stack.
[[0;32m  OK  [0m] Started Login Service.
[[0;32m  OK  [0m] Reached target Sound Card.
         Starting LSB: set CPUFreq kernel parameters...
[[0;32m  OK  [0m] Reached target Network.
         Starting Permit User Sessions...
[[0;32m  OK  [0m] Reached target Network is Online.
         Starting LSB: Advanced IEEE 802.11 management daemon...
         Starting The Apache HTTP Server...
         Starting OpenBSD Secure Shell server...
[[0;32m  OK  [0m] Started Permit User Sessions.
[[0;32m  OK  [0m] Started LSB: Advanced IEEE 802.11 management daemon.
         Starting Hostname Service...
         Starting WPA supplicant...
[[0;32m  OK  [0m] Started Getty on tty1.
[[0;32m  OK  [0m] Started Serial Getty on ttyS0.
[[0;32m  OK  [0m] Reached target Login Prompts.
[[0;32m  OK  [0m] Started LSB: set CPUFreq kernel parameters.
[[0;32m  OK  [0m] Started WPA supplicant.
[[0;32m  OK  [0m] Started Hostname Service.
[[0;32m  OK  [0m] Started OpenBSD Secure Shell server.
         Stopping LSB: Start busybox udhcpd at boot time...
[[0;32m  OK  [0m] Stopped LSB: Start busybox udhcpd at boot time.
[[0;32m  OK  [0m] Started The Apache HTTP Server.
         Starting dnsmasq - A lightweight DHCP and caching DNS server...
[[0;32m  OK  [0m] Started dnsmasq - A lightweight DHCP and caching DNS server.
[[0;32m  OK  [0m] Reached target Host and Network Name Lookups.
[[0;32m  OK  [0m] Started Serial Getty on ttyGS0.
[[0;32m  OK  [0m] Started Generic Board Startup.
[[0;32m  OK  [0m] Reached target Multi-User System.
[[0;32m  OK  [0m] Reached target Graphical Interface.
         Starting Update UTMP about System Runlevel Changes...
[[0;32m  OK  [0m] Started Update UTMP about System Runlevel Changes.

Debian GNU/Linux 9 arm ttyS0

default username:password is [debian:temppwd]

arm login: root
Password: 
Last login: Sat Jan  1 00:00:38 UTC 2000 on ttyS0
root
Linux arm 6.16.0-rc3-next-20250623 #1 SMP Mon Jun 23 11:05:48 EEST 2025 armv7l

The programs included with the Debian GNU/Linux system are free software;
the exact distribution terms for each program are described in the
individual files in /usr/share/doc/*/copyright.

Debian GNU/Linux comes with ABSOLUTELY NO WARRANTY, to the extent
permitted by applicable law.
root@arm:~# root
-bash: root: command not found
root@arm:~# dmesg -n 1
root@arm:~# echo 'VNAQ''QEBQVN'
VNAQQEBQVN
root@arm:~# run() { echo -n "$MARKER"; sh -c "$@"; echo "$MARKER $?"; }
root@arm:~# echo 'CAXF''JOTLKZ'
CAXFJOTLKZ
root@arm:~# MARKER='YVYJ''WWWLBC' run 'cat /proc/version'
YVYJWWWLBCLinux version 6.16.0-rc3-next-20250623 (user01@drvtest01) (arm-none-eabi-gcc (Arm GNU Toolchain 14.2.Rel1 (Build arm-14.52)) 14.2.1 20241119, GNU ld (Arm GNU Toolchain 14.2.Rel1 (Build arm-14.52)) 2.43.1.20241119) #1 SMP Mon Jun 23 11:05:48 EEST 2025
YVYJWWWLBC 0
root@arm:~# echo 'USBA''BGYGYO'
USBABGYGYO
root@arm:~# MARKER='TMHH''WVSQXF' run false
TMHHWVSQXFTMHHWVSQXF 1
root@arm:~# Labgrid Console Logfile for main
Logfile started at 2025-06-23 11:10:16.075725
=== Log starts here ===

root@arm:~# run() { echo -n "$MARKER"; sh -c "$@"; echo "$MARKER $?"; }
root@arm:~# echo 'JZKX''JYJTVU'
JZKXJYJTVU
root@arm:~# MARKER='XBWC''QHHYFJ' run 'ls /iio_generic_buffer; echo $?'
XBWCQHHYFJ/iio_generic_buffer
0
XBWCQHHYFJ 0
root@arm:~# Labgrid Console Logfile for main
Logfile started at 2025-06-23 11:10:19.512238
=== Log starts here ===

root@arm:~# run() { echo -n "$MARKER"; sh -c "$@"; echo "$MARKER $?"; }
root@arm:~# echo 'QWHP''HWJHCO'
QWHPHWJHCO
root@arm:~# MARKER='JNPL''GQJWKZ' run dmesg
JNPLGQJWKZ[    0.000000] Booting Linux on physical CPU 0x0
[    0.000000] Linux version 6.16.0-rc3-next-20250623 (user01@drvtest01) (arm-none-eabi-gcc (Arm GNU Toolchain 14.2.Rel1 (Build arm-14.52)) 14.2.1 20241119, GNU ld (Arm GNU Toolchain 14.2.Rel1 (Build arm-14.52)) 2.43.1.20241119) #1 SMP Mon Jun 23 11:05:48 EEST 2025
[    0.000000] CPU: ARMv7 Processor [413fc082] revision 2 (ARMv7), cr=10c5387d
[    0.000000] CPU: PIPT / VIPT nonaliasing data cache, VIPT aliasing instruction cache
[    0.000000] OF: fdt: Machine model: TI AM335x BeagleBone Black
[    0.000000] Memory policy: Data cache writeback
[    0.000000] cma: Reserved 16 MiB at 0x9e800000
[    0.000000] Zone ranges:
[    0.000000]   Normal   [mem 0x0000000080000000-0x000000009fdfffff]
[    0.000000]   HighMem  empty
[    0.000000] Movable zone start for each node
[    0.000000] Early memory node ranges
[    0.000000]   node   0: [mem 0x0000000080000000-0x000000009fdfffff]
[    0.000000] Initmem setup node 0 [mem 0x0000000080000000-0x000000009fdfffff]
[    0.000000] On node 0, zone Normal: 512 pages in unavailable ranges
[    0.000000] OF: reserved mem: Reserved memory: No reserved-memory node in the DT
[    0.000000] CPU: All CPU(s) started in SVC mode.
[    0.000000] AM335X ES2.1 (sgx neon)
[    0.000000] percpu: Embedded 17 pages/cpu s39820 r8192 d21620 u69632
[    0.000000] pcpu-alloc: s39820 r8192 d21620 u69632 alloc=17*4096
[    0.000000] pcpu-alloc: [0] 0 
[    0.000000] Kernel command line: console=ttyO0,115200n8 root=/dev/nfs rw nfsroot=192.168.255.126:/home/user01/nfs,nfsvers=3 ip=192.168.255.1:192.168.255.126::255.255.255.0:bbb1:eth0 nfsrootdebug
[    0.000000] Unknown kernel command line parameters "nfsrootdebug", will be passed to user space.
[    0.000000] printk: log buffer data + meta data: 65536 + 204800 = 270336 bytes
[    0.000000] Dentry cache hash table entries: 65536 (order: 6, 262144 bytes, linear)
[    0.000000] Inode-cache hash table entries: 32768 (order: 5, 131072 bytes, linear)
[    0.000000] Built 1 zonelists, mobility grouping on.  Total pages: 130560
[    0.000000] mem auto-init: stack:off, heap alloc:off, heap free:off
[    0.000000] SLUB: HWalign=16, Order=0-3, MinObjects=0, CPUs=1, Nodes=1
[    0.000000] rcu: Hierarchical RCU implementation.
[    0.000000] rcu: 	RCU event tracing is enabled.
[    0.000000] rcu: 	RCU restricting CPUs from NR_CPUS=2 to nr_cpu_ids=1.
[    0.000000] 	Tracing variant of Tasks RCU enabled.
[    0.000000] rcu: RCU calculated value of scheduler-enlistment delay is 10 jiffies.
[    0.000000] rcu: Adjusting geometry for rcu_fanout_leaf=16, nr_cpu_ids=1
[    0.000000] RCU Tasks Trace: Setting shift to 0 and lim to 1 rcu_task_cb_adjust=1 rcu_task_cpu_ids=1.
[    0.000000] NR_IRQS: 16, nr_irqs: 16, preallocated irqs: 16
[    0.000000] IRQ: Found an INTC at 0x(ptrval) (revision 5.0) with 128 interrupts
[    0.000000] rcu: srcu_init: Setting srcu_struct sizes based on contention.
[    0.000000] TI gptimer clocksource: always-on /ocp/interconnect@44c00000/segment@200000/target-module@31000
[    0.000003] sched_clock: 32 bits at 24MHz, resolution 41ns, wraps every 89478484971ns
[    0.000026] clocksource: dmtimer: mask: 0xffffffff max_cycles: 0xffffffff, max_idle_ns: 79635851949 ns
[    0.000528] TI gptimer clockevent: 24000000 Hz at /ocp/interconnect@48000000/segment@0/target-module@40000
[    0.002160] Console: colour dummy device 80x30
[    0.002228] WARNING: Your 'console=ttyO0' has been replaced by 'ttyS0'
[    0.002236] This ensures that you still see kernel messages. Please
[    0.002241] update your kernel commandline.
[    0.002282] Calibrating delay loop... 996.14 BogoMIPS (lpj=4980736)
[    0.090577] CPU: Testing write buffer coherency: ok
[    0.090691] CPU0: Spectre v2: using BPIALL workaround
[    0.090700] pid_max: default: 32768 minimum: 301
[    0.090860] LSM: initializing lsm=capability
[    0.091029] Mount-cache hash table entries: 1024 (order: 0, 4096 bytes, linear)
[    0.091050] Mountpoint-cache hash table entries: 1024 (order: 0, 4096 bytes, linear)
[    0.092694] CPU0: thread -1, cpu 0, socket -1, mpidr 0
[    0.092753] cacheinfo: Unable to detect cache hierarchy for CPU 0
[    0.094829] Setting up static identity map for 0x80100000 - 0x80100078
[    0.095152] rcu: Hierarchical SRCU implementation.
[    0.095163] rcu: 	Max phase no-delay instances is 1000.
[    0.096895] smp: Bringing up secondary CPUs ...
[    0.096947] smp: Brought up 1 node, 1 CPU
[    0.096962] SMP: Total of 1 processors activated (996.14 BogoMIPS).
[    0.096973] CPU: All CPU(s) started in SVC mode.
[    0.097161] Memory: 480828K/522240K available (11264K kernel code, 1215K rwdata, 2924K rodata, 1024K init, 285K bss, 23380K reserved, 16384K cma-reserved, 0K highmem)
[    0.097986] devtmpfs: initialized
[    0.115838] VFP support v0.3: implementor 41 architecture 3 part 30 variant c rev 3
[    0.116489] clocksource: jiffies: mask: 0xffffffff max_cycles: 0xffffffff, max_idle_ns: 19112604462750000 ns
[    0.116551] posixtimers hash table entries: 512 (order: 0, 4096 bytes, linear)
[    0.116577] futex hash table entries: 256 (16384 bytes on 1 NUMA nodes, total 16 KiB, linear).
[    0.117705] pinctrl core: initialized pinctrl subsystem
[    0.119770] NET: Registered PF_NETLINK/PF_ROUTE protocol family
[    0.122894] DMA: preallocated 256 KiB pool for atomic coherent allocations
[    0.123862] audit: initializing netlink subsys (disabled)
[    0.125248] thermal_sys: Registered thermal governor 'fair_share'
[    0.125264] thermal_sys: Registered thermal governor 'step_wise'
[    0.125274] thermal_sys: Registered thermal governor 'user_space'
[    0.125387] audit: type=2000 audit(0.120:1): state=initialized audit_enabled=0 res=1
[    0.125458] cpuidle: using governor menu
[    0.143511] /ocp/interconnect@44c00000/segment@200000/target-module@b000/i2c@0/tda19988@70: Fixed dependency cycle(s) with /ocp/interconnect@48000000/segment@300000/target-module@e000/lcdc@0
[    0.144650] /ocp/interconnect@48000000/segment@300000/target-module@e000/lcdc@0: Fixed dependency cycle(s) with /ocp/interconnect@44c00000/segment@200000/target-module@b000/i2c@0/tda19988@70
[    0.146838] No ATAGs?
[    0.146880] hw-breakpoint: debug architecture 0x4 unsupported.
[    0.149611] kprobes: kprobe jump-optimization is enabled. All kprobes are optimized if possible.
[    0.163372] iommu: Default domain type: Translated
[    0.163395] iommu: DMA domain TLB invalidation policy: strict mode
[    0.164984] reg-fixed-voltage fixedregulator0: using DT '/fixedregulator0' for '(default)' GPIO lookup
[    0.165039] of_get_named_gpiod_flags: can't parse 'gpios' property of node '/fixedregulator0[0]'
[    0.165067] of_get_named_gpiod_flags: can't parse 'gpio' property of node '/fixedregulator0[0]'
[    0.165084] reg-fixed-voltage fixedregulator0: using lookup tables for GPIO lookup
[    0.165094] reg-fixed-voltage fixedregulator0: No GPIO consumer (default) found
[    0.166175] SCSI subsystem initialized
[    0.166655] libata version 3.00 loaded.
[    0.167028] pps_core: LinuxPPS API ver. 1 registered
[    0.167037] pps_core: Software ver. 5.3.6 - Copyright 2005-2007 Rodolfo Giometti <giometti@linux.it>
[    0.167061] PTP clock support registered
[    0.171163] vgaarb: loaded
[    0.171536] clocksource: Switched to clocksource dmtimer
[    0.172206] VFS: Disk quotas dquot_6.6.0
[    0.172265] VFS: Dquot-cache hash table entries: 1024 (order 0, 4096 bytes)
[    0.205686] NET: Registered PF_INET protocol family
[    0.206030] IP idents hash table entries: 8192 (order: 4, 65536 bytes, linear)
[    0.207449] tcp_listen_portaddr_hash hash table entries: 512 (order: 0, 4096 bytes, linear)
[    0.207484] Table-perturb hash table entries: 65536 (order: 6, 262144 bytes, linear)
[    0.207503] TCP established hash table entries: 4096 (order: 2, 16384 bytes, linear)
[    0.207550] TCP bind hash table entries: 4096 (order: 4, 65536 bytes, linear)
[    0.207649] TCP: Hash tables configured (established 4096 bind 4096)
[    0.207768] UDP hash table entries: 256 (order: 1, 14336 bytes, linear)
[    0.207803] UDP-Lite hash table entries: 256 (order: 1, 14336 bytes, linear)
[    0.207995] NET: Registered PF_UNIX/PF_LOCAL protocol family
[    0.209281] RPC: Registered named UNIX socket transport module.
[    0.209301] RPC: Registered udp transport module.
[    0.209306] RPC: Registered tcp transport module.
[    0.209311] RPC: Registered tcp-with-tls transport module.
[    0.209316] RPC: Registered tcp NFSv4.1 backchannel transport module.
[    0.209340] PCI: CLS 0 bytes, default 64
[    0.210739] Initialise system trusted keyrings
[    0.212093] workingset: timestamp_bits=14 max_order=17 bucket_order=3
[    0.213461] NFS: Registering the id_resolver key type
[    0.213575] Key type id_resolver registered
[    0.213582] Key type id_legacy registered
[    0.213691] jffs2: version 2.2. (NAND) (SUMMARY)  Â© 2001-2006 Red Hat, Inc.
[    0.214236] Key type asymmetric registered
[    0.214255] Asymmetric key parser 'x509' registered
[    0.214324] io scheduler mq-deadline registered
[    0.214334] io scheduler kyber registered
[    0.214413] io scheduler bfq registered
[    0.224001] target-module@4b000000:target-module@140000:pmu@0:fck: device ID is greater than 24
[    0.230209] l3-aon-clkctrl:0000:0: failed to disable
[    0.230270] ledtrig-cpu: registered to indicate activity on CPUs
[    0.233369] Serial: 8250/16550 driver, 6 ports, IRQ sharing enabled
[    0.276066] brd: module loaded
[    0.299186] loop: module loaded
[    0.300118] mtdoops: mtd device (mtddev=name/number) must be supplied
[    0.302002] mdio_bus fixed-0: using lookup tables for GPIO lookup
[    0.302028] mdio_bus fixed-0: No GPIO consumer reset found
[    0.303439] i2c_dev: i2c /dev entries driver
[    0.304441] cpuidle: enable-method property 'ti,am3352' found operations
[    0.304895] sdhci: Secure Digital Host Controller Interface driver
[    0.304903] sdhci: Copyright(c) Pierre Ossman
[    0.305085] sdhci-pltfm: SDHCI platform and OF driver helper
[    0.313178] hw perfevents: enabled with armv7_cortex_a8 PMU driver, 5 (8000000f) counters available
[    0.313695] Initializing XFRM netlink socket
[    0.313883] NET: Registered PF_INET6 protocol family
[    0.319562] l3-aon-clkctrl:0000:0: failed to disable
[    0.320951] Segment Routing with IPv6
[    0.321035] In-situ OAM (IOAM) with IPv6
[    0.321127] sit: IPv6, IPv4 and MPLS over IPv4 tunneling driver
[    0.322315] NET: Registered PF_PACKET protocol family
[    0.322345] NET: Registered PF_KEY protocol family
[    0.322458] Key type dns_resolver registered
[    0.322682] ThumbEE CPU extension supported.
[    0.322702] Registering SWP/SWPB emulation handler
[    0.323239] omap_voltage_late_init: Voltage driver support not added
[    0.323907] SmartReflex Class3 initialized
[    0.361879] Loading compiled-in X.509 certificates
[    0.409368] /ocp/interconnect@44c00000/segment@200000/target-module@b000/i2c@0/tda19988@70: Fixed dependency cycle(s) with /ocp/interconnect@48000000/segment@300000/target-module@e000/lcdc@0
[    0.416005] /ocp/interconnect@44c00000/segment@200000/target-module@b000/i2c@0/tda19988@70: Fixed dependency cycle(s) with /ocp/interconnect@48000000/segment@300000/target-module@e000/lcdc@0
[    0.421394] gpiochip_find_base_unlocked: found new base at 512
[    0.447670] /ocp/interconnect@44c00000/segment@200000/target-module@b000/i2c@0/tda19988@70: Fixed dependency cycle(s) with /ocp/interconnect@48000000/segment@300000/target-module@e000/lcdc@0
[    0.448563] /ocp/interconnect@44c00000/segment@200000/target-module@b000/i2c@0/tda19988@70: Fixed dependency cycle(s) with /ocp/interconnect@48000000/segment@300000/target-module@e000/lcdc@0
[    0.452260] /ocp/interconnect@44c00000/segment@200000/target-module@10000/scm@0/pinmux@800: Fixed dependency cycle(s) with /ocp/interconnect@44c00000/segment@200000/target-module@10000/scm@0/pinmux@800/clkout2-pins
[    0.452878] pinctrl-single 44e10800.pinmux: 142 pins, size 568
[    0.458182] ti-sysc 44e31000.target-module: probe with driver ti-sysc failed with error -16
[    0.497432] /ocp/interconnect@48000000/segment@300000/target-module@e000/lcdc@0: Fixed dependency cycle(s) with /ocp/interconnect@44c00000/segment@200000/target-module@b000/i2c@0/tda19988@70
[    0.505924] ti-sysc 48040000.target-module: probe with driver ti-sysc failed with error -16
[    0.517504] gpiochip_find_base_unlocked: found new base at 512
[    0.517602] gpio gpiochip0: (gpio-0-31): created GPIO range 0->7 ==> 44e10800.pinmux PIN 0->7
[    0.517622] gpio gpiochip0: (gpio-0-31): created GPIO range 8->11 ==> 44e10800.pinmux PIN 90->93
[    0.517637] gpio gpiochip0: (gpio-0-31): created GPIO range 12->27 ==> 44e10800.pinmux PIN 12->27
[    0.517652] gpio gpiochip0: (gpio-0-31): created GPIO range 28->31 ==> 44e10800.pinmux PIN 30->33
[    0.528352] gpio gpiochip0: (gpio-0-31): added GPIO chardev (254:0)
[    0.528494] gpio gpiochip0: registered GPIOs 512 to 543 on gpio-0-31
[    0.528580] OMAP GPIO hardware version 0.1
[    0.554110] i2c i2c-2: using DT '/ocp/interconnect@48000000/segment@100000/target-module@9c000/i2c@0' for 'scl' GPIO lookup
[    0.554182] of_get_named_gpiod_flags: can't parse 'scl-gpios' property of node '/ocp/interconnect@48000000/segment@100000/target-module@9c000/i2c@0[0]'
[    0.554224] of_get_named_gpiod_flags: can't parse 'scl-gpio' property of node '/ocp/interconnect@48000000/segment@100000/target-module@9c000/i2c@0[0]'
[    0.554259] i2c i2c-2: using lookup tables for GPIO lookup
[    0.554268] i2c i2c-2: No GPIO consumer scl found
[    0.554288] i2c i2c-2: using DT '/ocp/interconnect@48000000/segment@100000/target-module@9c000/i2c@0' for 'sda' GPIO lookup
[    0.554323] of_get_named_gpiod_flags: can't parse 'sda-gpios' property of node '/ocp/interconnect@48000000/segment@100000/target-module@9c000/i2c@0[0]'
[    0.554359] of_get_named_gpiod_flags: can't parse 'sda-gpio' property of node '/ocp/interconnect@48000000/segment@100000/target-module@9c000/i2c@0[0]'
[    0.554389] i2c i2c-2: using lookup tables for GPIO lookup
[    0.554396] i2c i2c-2: No GPIO consumer sda found
[    0.555135] omap_i2c 4819c000.i2c: bus 2 rev0.11 at 100 kHz
[    0.560764] gpiochip_find_base_unlocked: found new base at 544
[    0.560861] gpio gpiochip1: (gpio-32-63): created GPIO range 0->17 ==> 44e10800.pinmux PIN 34->51
[    0.560881] gpio gpiochip1: (gpio-32-63): created GPIO range 18->21 ==> 44e10800.pinmux PIN 77->80
[    0.560897] gpio gpiochip1: (gpio-32-63): created GPIO range 22->31 ==> 44e10800.pinmux PIN 56->65
[    0.575987] gpio gpiochip1: (gpio-32-63): added GPIO chardev (254:1)
[    0.576160] gpio gpiochip1: registered GPIOs 544 to 575 on gpio-32-63
[    0.578435] gpiochip_find_base_unlocked: found new base at 576
[    0.578542] gpio gpiochip2: (gpio-64-95): created GPIO range 0->4 ==> 44e10800.pinmux PIN 66->70
[    0.578563] gpio gpiochip2: (gpio-64-95): created GPIO range 5->6 ==> 44e10800.pinmux PIN 98->99
[    0.578579] gpio gpiochip2: (gpio-64-95): created GPIO range 7->8 ==> 44e10800.pinmux PIN 75->76
[    0.578594] gpio gpiochip2: (gpio-64-95): created GPIO range 13->13 ==> 44e10800.pinmux PIN 141->141
[    0.578610] gpio gpiochip2: (gpio-64-95): created GPIO range 14->21 ==> 44e10800.pinmux PIN 100->107
[    0.579269] gpio gpiochip2: (gpio-64-95): added GPIO chardev (254:2)
[    0.579402] gpio gpiochip2: registered GPIOs 576 to 607 on gpio-64-95
[    0.585594] 48000000.interconnect:segment@200000:target-module@0:mpu@0:fck: device ID is greater than 24
[    0.586497] /ocp/interconnect@48000000/segment@300000/target-module@e000/lcdc@0: Fixed dependency cycle(s) with /ocp/interconnect@44c00000/segment@200000/target-module@b000/i2c@0/tda19988@70
[    0.589357] /ocp/interconnect@48000000/segment@300000/target-module@e000/lcdc@0: Fixed dependency cycle(s) with /ocp/interconnect@44c00000/segment@200000/target-module@b000/i2c@0/tda19988@70
[    0.590079] /ocp/interconnect@44c00000/segment@200000/target-module@b000/i2c@0/tda19988@70: Fixed dependency cycle(s) with /ocp/interconnect@48000000/segment@300000/target-module@e000/lcdc@0
[    0.590240] /ocp/interconnect@48000000/segment@300000/target-module@e000/lcdc@0: Fixed dependency cycle(s) with /ocp/interconnect@44c00000/segment@200000/target-module@b000/i2c@0/tda19988@70
[    0.600128] mdio_bus 4a101000.mdio: using DT '/ocp/interconnect@4a000000/segment@0/target-module@100000/switch@0/mdio@1000' for 'reset' GPIO lookup
[    0.600201] of_get_named_gpiod_flags: can't parse 'reset-gpios' property of node '/ocp/interconnect@4a000000/segment@0/target-module@100000/switch@0/mdio@1000[0]'
[    0.600248] of_get_named_gpiod_flags: can't parse 'reset-gpio' property of node '/ocp/interconnect@4a000000/segment@0/target-module@100000/switch@0/mdio@1000[0]'
[    0.600294] mdio_bus 4a101000.mdio: using lookup tables for GPIO lookup
[    0.600303] mdio_bus 4a101000.mdio: No GPIO consumer reset found
[    0.601309] sdhci-omap 481d8000.mmc: using DT '/ocp/interconnect@48000000/segment@100000/target-module@d8000/mmc@0' for 'wp' GPIO lookup
[    0.601370] of_get_named_gpiod_flags: can't parse 'wp-gpios' property of node '/ocp/interconnect@48000000/segment@100000/target-module@d8000/mmc@0[0]'
[    0.601410] of_get_named_gpiod_flags: can't parse 'wp-gpio' property of node '/ocp/interconnect@48000000/segment@100000/target-module@d8000/mmc@0[0]'
[    0.601442] sdhci-omap 481d8000.mmc: using lookup tables for GPIO lookup
[    0.601451] sdhci-omap 481d8000.mmc: No GPIO consumer wp found
[    0.601802] sdhci-omap 481d8000.mmc: supply pbias not found, using dummy regulator
[    0.602411] sdhci-omap 481d8000.mmc: supply vqmmc not found, using dummy regulator
[    0.643542] davinci_mdio 4a101000.mdio: davinci mdio revision 1.6, bus freq 1000000
[    0.667811] mdio_bus 4a101000.mdio:00: using DT '/ocp/interconnect@4a000000/segment@0/target-module@100000/switch@0/mdio@1000/ethernet-phy@0' for 'reset' GPIO lookup
[    0.667912] of_get_named_gpiod_flags: parsed 'reset-gpios' property of node '/ocp/interconnect@4a000000/segment@0/target-module@100000/switch@0/mdio@1000/ethernet-phy@0[0]' - status (0)
[    0.668070] gpio gpiochip0: Persistence not supported for GPIO 8
[    0.807924] davinci_mdio 4a101000.mdio: phy[0]: device 4a101000.mdio:00, driver SMSC LAN8710/LAN8720
[    0.808687] cpsw-switch 4a100000.switch: initialized cpsw ale version 1.4
[    0.808711] cpsw-switch 4a100000.switch: ALE Table size 1024, Policers 0
[    0.809037] cpsw-switch 4a100000.switch: cpts: overflow check period 500 (jiffies)
[    0.809058] cpsw-switch 4a100000.switch: CPTS: ref_clk_freq:250000000 calc_mult:2147483648 calc_shift:29 error:0 nsec/sec
[    0.809176] cpsw-switch 4a100000.switch: Detected MACID = 6c:ec:eb:68:de:78
[    0.811043] cpsw-switch 4a100000.switch: initialized (regs 0x4a100000, pool size 256) hw_ver:0019010C 1.12 (0)
[    0.822284] debugfs: Directory '49000000.dma' with parent 'dmaengine' already present!
[    0.822324] edma 49000000.dma: TI EDMA DMA engine driver
[    0.871119] gpio-clk clk_mcasp0: using DT '/clk_mcasp0' for 'enable' GPIO lookup
[    0.871197] of_get_named_gpiod_flags: parsed 'enable-gpios' property of node '/clk_mcasp0[0]' - status (0)
[    0.871240] gpio gpiochip0: Persistence not supported for GPIO 27
[    0.872356] gpiochip_find_base_unlocked: found new base at 608
[    0.872472] gpio gpiochip3: (gpio-96-127): created GPIO range 0->7 ==> 44e10800.pinmux PIN 82->89
[    0.872492] gpio gpiochip3: (gpio-96-127): created GPIO range 8->11 ==> 44e10800.pinmux PIN 52->55
[    0.872507] gpio gpiochip3: (gpio-96-127): created GPIO range 12->15 ==> 44e10800.pinmux PIN 94->97
[    0.872523] gpio gpiochip3: (gpio-96-127): created GPIO range 16->17 ==> 44e10800.pinmux PIN 71->72
[    0.872538] gpio gpiochip3: (gpio-96-127): created GPIO range 18->18 ==> 44e10800.pinmux PIN 135->135
[    0.872555] gpio gpiochip3: (gpio-96-127): created GPIO range 19->20 ==> 44e10800.pinmux PIN 108->109
[    0.872571] gpio gpiochip3: (gpio-96-127): created GPIO range 21->21 ==> 44e10800.pinmux PIN 73->73
[    0.872588] gpio gpiochip3: (gpio-96-127): created GPIO range 22->23 ==> 44e10800.pinmux PIN 8->9
[    0.872605] gpio gpiochip3: (gpio-96-127): created GPIO range 26->27 ==> 44e10800.pinmux PIN 10->11
[    0.872622] gpio gpiochip3: (gpio-96-127): created GPIO range 28->28 ==> 44e10800.pinmux PIN 74->74
[    0.872640] gpio gpiochip3: (gpio-96-127): created GPIO range 29->29 ==> 44e10800.pinmux PIN 81->81
[    0.872658] gpio gpiochip3: (gpio-96-127): created GPIO range 30->31 ==> 44e10800.pinmux PIN 28->29
[    0.884370] gpio gpiochip3: (gpio-96-127): added GPIO chardev (254:3)
[    0.884552] gpio gpiochip3: registered GPIOs 608 to 639 on gpio-96-127
[    0.897192] omap8250 44e09000.serial: using DT '/ocp/interconnect@44c00000/segment@200000/target-module@9000/serial@0' for 'rs485-term' GPIO lookup
[    0.897267] of_get_named_gpiod_flags: can't parse 'rs485-term-gpios' property of node '/ocp/interconnect@44c00000/segment@200000/target-module@9000/serial@0[0]'
[    0.897310] of_get_named_gpiod_flags: can't parse 'rs485-term-gpio' property of node '/ocp/interconnect@44c00000/segment@200000/target-module@9000/serial@0[0]'
[    0.897346] omap8250 44e09000.serial: using lookup tables for GPIO lookup
[    0.897356] omap8250 44e09000.serial: No GPIO consumer rs485-term found
[    0.897365] omap8250 44e09000.serial: using DT '/ocp/interconnect@44c00000/segment@200000/target-module@9000/serial@0' for 'rs485-rx-during-tx' GPIO lookup
[    0.897401] of_get_named_gpiod_flags: can't parse 'rs485-rx-during-tx-gpios' property of node '/ocp/interconnect@44c00000/segment@200000/target-module@9000/serial@0[0]'
[    0.897437] of_get_named_gpiod_flags: can't parse 'rs485-rx-during-tx-gpio' property of node '/ocp/interconnect@44c00000/segment@200000/target-module@9000/serial@0[0]'
[    0.897467] omap8250 44e09000.serial: using lookup tables for GPIO lookup
[    0.897475] omap8250 44e09000.serial: No GPIO consumer rs485-rx-during-tx found
[    0.897931] 44e09000.serial: ttyS0 at MMIO 0x44e09000 (irq = 34, base_baud = 3000000) is a 8250
[    0.898021] printk: legacy console [ttyS0] enabled
[    2.359887] i2c i2c-0: using DT '/ocp/interconnect@44c00000/segment@200000/target-module@b000/i2c@0' for 'scl' GPIO lookup
[    2.359978] of_get_named_gpiod_flags: can't parse 'scl-gpios' property of node '/ocp/interconnect@44c00000/segment@200000/target-module@b000/i2c@0[0]'
[    2.360026] of_get_named_gpiod_flags: can't parse 'scl-gpio' property of node '/ocp/interconnect@44c00000/segment@200000/target-module@b000/i2c@0[0]'
[    2.360065] i2c i2c-0: using lookup tables for GPIO lookup
[    2.360080] i2c i2c-0: No GPIO consumer scl found
[    2.360104] i2c i2c-0: using DT '/ocp/interconnect@44c00000/segment@200000/target-module@b000/i2c@0' for 'sda' GPIO lookup
[    2.360143] of_get_named_gpiod_flags: can't parse 'sda-gpios' property of node '/ocp/interconnect@44c00000/segment@200000/target-module@b000/i2c@0[0]'
[    2.360183] of_get_named_gpiod_flags: can't parse 'sda-gpio' property of node '/ocp/interconnect@44c00000/segment@200000/target-module@b000/i2c@0[0]'
[    2.360218] i2c i2c-0: using lookup tables for GPIO lookup
[    2.360229] i2c i2c-0: No GPIO consumer sda found
[    2.372539] tps65217-pmic: Failed to locate of_node [id: -1]
[    2.378606] tps65217-bl: Failed to locate of_node [id: -1]
[    2.384678] platform tps65217-charger: DMA mask not set
[    2.390727] platform tps65217-pwrbutton: DMA mask not set
[    2.398116] tps65217 0-0024: TPS65217 ID 0xe version 1.2
[    2.404272] /ocp/interconnect@48000000/segment@300000/target-module@e000/lcdc@0: Fixed dependency cycle(s) with /ocp/interconnect@44c00000/segment@200000/target-module@b000/i2c@0/tda19988@70
[    2.421672] /ocp/interconnect@44c00000/segment@200000/target-module@b000/i2c@0/tda19988@70: Fixed dependency cycle(s) with /ocp/interconnect@48000000/segment@300000/target-module@e000/lcdc@0
[    2.439030] omap_i2c 44e0b000.i2c: bus 0 rev0.11 at 400 kHz
[    2.446704] sdhci-omap 48060000.mmc: using DT '/ocp/interconnect@48000000/segment@0/target-module@60000/mmc@0' for 'cd' GPIO lookup
[    2.446813] of_get_named_gpiod_flags: parsed 'cd-gpios' property of node '/ocp/interconnect@48000000/segment@0/target-module@60000/mmc@0[0]' - status (0)
[    2.446882] gpio gpiochip3: Persistence not supported for GPIO 6
[    2.446910] omap_gpio 44e07000.gpio: Could not set line 6 debounce to 200000 microseconds (-22)
[    2.455829] sdhci-omap 48060000.mmc: Got CD GPIO
[    2.460484] sdhci-omap 48060000.mmc: using DT '/ocp/interconnect@48000000/segment@0/target-module@60000/mmc@0' for 'wp' GPIO lookup
[    2.460534] of_get_named_gpiod_flags: can't parse 'wp-gpios' property of node '/ocp/interconnect@48000000/segment@0/target-module@60000/mmc@0[0]'
[    2.460577] of_get_named_gpiod_flags: can't parse 'wp-gpio' property of node '/ocp/interconnect@48000000/segment@0/target-module@60000/mmc@0[0]'
[    2.460614] sdhci-omap 48060000.mmc: using lookup tables for GPIO lookup
[    2.460628] sdhci-omap 48060000.mmc: No GPIO consumer wp found
[    2.460836] sdhci-omap 48060000.mmc: supply pbias not found, using dummy regulator
[    2.469648] sdhci-omap 481d8000.mmc: using DT '/ocp/interconnect@48000000/segment@100000/target-module@d8000/mmc@0' for 'wp' GPIO lookup
[    2.469733] of_get_named_gpiod_flags: can't parse 'wp-gpios' property of node '/ocp/interconnect@48000000/segment@100000/target-module@d8000/mmc@0[0]'
[    2.469781] of_get_named_gpiod_flags: can't parse 'wp-gpio' property of node '/ocp/interconnect@48000000/segment@100000/target-module@d8000/mmc@0[0]'
[    2.469819] sdhci-omap 481d8000.mmc: using lookup tables for GPIO lookup
[    2.469832] sdhci-omap 481d8000.mmc: No GPIO consumer wp found
[    2.470859] sdhci-omap 48060000.mmc: supply vqmmc not found, using dummy regulator
[    2.480107] sdhci-omap 481d8000.mmc: supply pbias not found, using dummy regulator
[    2.489858] sdhci-omap 481d8000.mmc: supply vqmmc not found, using dummy regulator
[    2.525484] mmc0: SDHCI controller on 48060000.mmc [48060000.mmc] using External DMA
[    2.533799] mmc1: SDHCI controller on 481d8000.mmc [481d8000.mmc] using External DMA
[    2.542547] cpsw-switch 4a100000.switch: starting ndev. mode: dual_mac
[    2.590684] mmc0: new high speed SDHC card at address 5048
[    2.597751] mmcblk0: mmc0:5048 SD16G 14.4 GiB
[    2.606050]  mmcblk0: p1 p2
[    2.609444] mmcblk0: p2 size 31221760 extends beyond EOD, truncated
[    2.622918] SMSC LAN8710/LAN8720 4a101000.mdio:00: attached PHY driver (mii_bus:phy_addr=4a101000.mdio:00, irq=POLL)
[    2.633912] mmc1: new high speed MMC card at address 0001
[    2.646460] mmcblk1: mmc1:0001 MMC04G 3.60 GiB
[    2.654099]  mmcblk1: p1 p2
[    2.658318] mmcblk1boot0: mmc1:0001 MMC04G 2.00 MiB
[    2.667077] mmcblk1boot1: mmc1:0001 MMC04G 2.00 MiB
[    2.676319] mmcblk1rpmb: mmc1:0001 MMC04G 128 KiB, chardev (249:0)
[    5.762323] cpsw-switch 4a100000.switch eth0: Link is Up - 100Mbps/Full - flow control off
[    5.801792] IP-Config: Complete:
[    5.805072]      device=eth0, hwaddr=6c:ec:eb:68:de:78, ipaddr=192.168.255.1, mask=255.255.255.0, gw=255.255.255.255
[    5.815741]      host=bbb1, domain=, nis-domain=(none)
[    5.820912]      bootserver=192.168.255.126, rootserver=192.168.255.126, rootpath=
[    5.821337] clk: Disabling unused clocks
[    5.833187] PM: genpd: Disabling unused power domains
[    5.838299] KTAP version 1
[    5.841021] 1..0
[    5.875596] VFS: Mounted root (nfs filesystem) on device 0:17.
[    5.883082] devtmpfs: mounted
[    5.887552] Freeing unused kernel image (initmem) memory: 1024K
[    5.894378] Run /sbin/init as init process
[    5.898513]   with arguments:
[    5.898526]     /sbin/init
[    5.898535]     nfsrootdebug
[    5.898544]   with environment:
[    5.898553]     HOME=/
[    5.898562]     TERM=linux
[    6.586693] systemd[1]: System time before build time, advancing clock.
[    8.111559] random: crng init done
[    8.127992] systemd[1]: systemd 232 running in system mode. (+PAM +AUDIT +SELINUX +IMA +APPARMOR +SMACK +SYSVINIT +UTMP +LIBCRYPTSETUP +GCRYPT +GNUTLS +ACL +XZ +LZ4 +SECCOMP +BLKID +ELFUTILS +KMOD +IDN)
[    8.147041] systemd[1]: Detected architecture arm.
[    8.175126] systemd[1]: Set hostname to <arm>.
[    9.333716] systemd[1]: Reached target Swap.
[    9.355830] systemd[1]: Listening on udev Control Socket.
[    9.382518] systemd[1]: Started Dispatch Password Requests to Console Directory Watch.
[    9.411998] systemd[1]: Reached target Remote File Systems.
[    9.443589] systemd[1]: Listening on /dev/initctl Compatibility Named Pipe.
[    9.473341] systemd[1]: systemd-journald-dev-log.socket: SO_PASSSEC failed: Operation not supported
[    9.483042] systemd[1]: Listening on Journal Socket (/dev/log).
[   11.836948] systemd-journald[85]: Received request to flush runtime journal from PID 1
[   14.328853] leds-gpio leds: using DT '/leds/led2' for '(default)' GPIO lookup
[   14.328959] of_get_named_gpiod_flags: parsed 'gpios' property of node '/leds/led2[0]' - status (0)
[   14.329018] gpio gpiochip0: Persistence not supported for GPIO 21
[   14.329034] gpio-533 (?): no flags found for GPIO (default)
[   14.374508] leds-gpio leds: using DT '/leds/led3' for '(default)' GPIO lookup
[   14.374617] of_get_named_gpiod_flags: parsed 'gpios' property of node '/leds/led3[0]' - status (0)
[   14.374675] gpio gpiochip0: Persistence not supported for GPIO 22
[   14.374689] gpio-534 (?): no flags found for GPIO (default)
[   14.471999] leds-gpio leds: using DT '/leds/led4' for '(default)' GPIO lookup
[   14.472099] of_get_named_gpiod_flags: parsed 'gpios' property of node '/leds/led4[0]' - status (0)
[   14.472150] gpio gpiochip0: Persistence not supported for GPIO 23
[   14.472166] gpio-535 (?): no flags found for GPIO (default)
[   14.492393] leds-gpio leds: using DT '/leds/led5' for '(default)' GPIO lookup
[   14.492489] of_get_named_gpiod_flags: parsed 'gpios' property of node '/leds/led5[0]' - status (0)
[   14.492540] gpio gpiochip0: Persistence not supported for GPIO 24
[   14.492555] gpio-536 (?): no flags found for GPIO (default)
[   14.750646] remoteproc remoteproc0: wkup_m3 is available
[   14.975384] omap_wdt: OMAP Watchdog Timer Rev 0x01: initial timeout 60 sec
[   15.124857] at24 2-0054: supply vcc not found, using dummy regulator
[   15.265499] at24 2-0055: supply vcc not found, using dummy regulator
[   15.372238] input: tps65217_pwrbutton as /devices/platform/ocp/44c00000.interconnect/44c00000.interconnect:segment@200000/44e0b000.target-module/44e0b000.i2c/i2c-0/0-0024/tps65217-pwrbutton/input/input0
[   15.412520] at24 2-0056: supply vcc not found, using dummy regulator
[   15.436361] omap_rtc 44e3e000.rtc: registered as rtc0
[   15.443002] omap_rtc 44e3e000.rtc: setting system clock to 2000-01-01T00:00:00 UTC (946684800)
[   15.452150] omap_rtc 44e3e000.rtc: using DT '/ocp/interconnect@44c00000/segment@200000/target-module@3e000/rtc@0' for 'wp' GPIO lookup
[   15.452229] of_get_named_gpiod_flags: can't parse 'wp-gpios' property of node '/ocp/interconnect@44c00000/segment@200000/target-module@3e000/rtc@0[0]'
[   15.452282] of_get_named_gpiod_flags: can't parse 'wp-gpio' property of node '/ocp/interconnect@44c00000/segment@200000/target-module@3e000/rtc@0[0]'
[   15.452322] omap_rtc 44e3e000.rtc: using lookup tables for GPIO lookup
[   15.452337] omap_rtc 44e3e000.rtc: No GPIO consumer wp found
[   15.497039] at24 2-0057: supply vcc not found, using dummy regulator
[   15.589132] at24 0-0050: using DT '/ocp/interconnect@44c00000/segment@200000/target-module@b000/i2c@0/eeprom@50' for 'wp' GPIO lookup
[   15.589243] of_get_named_gpiod_flags: can't parse 'wp-gpios' property of node '/ocp/interconnect@44c00000/segment@200000/target-module@b000/i2c@0/eeprom@50[0]'
[   15.589303] of_get_named_gpiod_flags: can't parse 'wp-gpio' property of node '/ocp/interconnect@44c00000/segment@200000/target-module@b000/i2c@0/eeprom@50[0]'
[   15.589349] at24 0-0050: using lookup tables for GPIO lookup
[   15.589363] at24 0-0050: No GPIO consumer wp found
[   15.589642] at24 0-0050: 32768 byte 24c256 EEPROM, writable, 1 bytes/write
[   16.129515] am335x-phy-driver 47401300.usb-phy: using DT '/ocp/target-module@47400000/usb-phy@1300' for 'reset' GPIO lookup
[   16.129661] of_get_named_gpiod_flags: can't parse 'reset-gpios' property of node '/ocp/target-module@47400000/usb-phy@1300[0]'
[   16.129760] of_get_named_gpiod_flags: can't parse 'reset-gpio' property of node '/ocp/target-module@47400000/usb-phy@1300[0]'
[   16.129839] am335x-phy-driver 47401300.usb-phy: using lookup tables for GPIO lookup
[   16.129855] am335x-phy-driver 47401300.usb-phy: No GPIO consumer reset found
[   16.129870] am335x-phy-driver 47401300.usb-phy: using DT '/ocp/target-module@47400000/usb-phy@1300' for 'vbus-detect' GPIO lookup
[   16.129941] of_get_named_gpiod_flags: can't parse 'vbus-detect-gpios' property of node '/ocp/target-module@47400000/usb-phy@1300[0]'
[   16.129977] of_get_named_gpiod_flags: can't parse 'vbus-detect-gpio' property of node '/ocp/target-module@47400000/usb-phy@1300[0]'
[   16.130005] am335x-phy-driver 47401300.usb-phy: using lookup tables for GPIO lookup
[   16.130018] am335x-phy-driver 47401300.usb-phy: No GPIO consumer vbus-detect found
[   16.130252] am335x-phy-driver 47401300.usb-phy: dummy supplies not allowed for exclusive requests (id=vbus)
[   16.292813] am335x-phy-driver 47401b00.usb-phy: using DT '/ocp/target-module@47400000/usb-phy@1b00' for 'reset' GPIO lookup
[   16.292905] of_get_named_gpiod_flags: can't parse 'reset-gpios' property of node '/ocp/target-module@47400000/usb-phy@1b00[0]'
[   16.292950] of_get_named_gpiod_flags: can't parse 'reset-gpio' property of node '/ocp/target-module@47400000/usb-phy@1b00[0]'
[   16.292987] am335x-phy-driver 47401b00.usb-phy: using lookup tables for GPIO lookup
[   16.293002] am335x-phy-driver 47401b00.usb-phy: No GPIO consumer reset found
[   16.293016] am335x-phy-driver 47401b00.usb-phy: using DT '/ocp/target-module@47400000/usb-phy@1b00' for 'vbus-detect' GPIO lookup
[   16.293045] of_get_named_gpiod_flags: can't parse 'vbus-detect-gpios' property of node '/ocp/target-module@47400000/usb-phy@1b00[0]'
[   16.293077] of_get_named_gpiod_flags: can't parse 'vbus-detect-gpio' property of node '/ocp/target-module@47400000/usb-phy@1b00[0]'
[   16.293103] am335x-phy-driver 47401b00.usb-phy: using lookup tables for GPIO lookup
[   16.293115] am335x-phy-driver 47401b00.usb-phy: No GPIO consumer vbus-detect found
[   16.293264] am335x-phy-driver 47401b00.usb-phy: dummy supplies not allowed for exclusive requests (id=vbus)
[   16.430229] usbcore: registered new interface driver usbfs
[   16.436154] usbcore: registered new interface driver hub
[   16.441720] usbcore: registered new device driver usb
[   17.203114] tda998x 0-0070: found TDA19988
[   17.366256] musb-hdrc musb-hdrc.1: MUSB HDRC host driver
[   17.371783] musb-hdrc musb-hdrc.1: new USB bus registered, assigned bus number 1
[   17.469417] omap-mailbox 480c8000.mailbox: omap mailbox rev 0x400
[   17.546014] remoteproc remoteproc0: powering up wkup_m3
[   17.644359] usb usb1: New USB device found, idVendor=1d6b, idProduct=0002, bcdDevice= 6.16
[   17.652991] usb usb1: New USB device strings: Mfr=3, Product=2, SerialNumber=1
[   17.660265] usb usb1: Product: MUSB HDRC host driver
[   17.665373] usb usb1: Manufacturer: Linux 6.16.0-rc3-next-20250623 musb-hcd
[   17.672430] usb usb1: SerialNumber: musb-hdrc.1
[   17.770105] remoteproc remoteproc0: Direct firmware load for am335x-pm-firmware.elf failed with error -2
[   17.779994] remoteproc remoteproc0: request_firmware failed: -2
[   17.786075] wkup_m3_ipc 44e11324.wkup_m3_ipc: rproc_boot failed
[   18.098581] hub 1-0:1.0: USB hub found
[   18.182514] hub 1-0:1.0: 1 port detected
[   19.595765] omap_rng 48310000.rng: Random Number Generator ver. 20
[   19.812043] tilcdc 4830e000.lcdc: bound 0-0070 (ops tda998x_audio_codec_init [tda998x])
[   19.890987] [drm] Initialized tilcdc 1.0.0 for 4830e000.lcdc on minor 0
[   19.969419] tilcdc 4830e000.lcdc: [drm] Cannot find any crtc or sizes
[   19.977473] tilcdc 4830e000.lcdc: [drm] Cannot find any crtc or sizes
[   20.945204] omap-sham 53100000.sham: hw accel on OMAP rev 4.3
[   20.954694] PM: Cannot get wkup_m3_ipc handle
[   21.108594] omap-sham 53100000.sham: will run requests pump with realtime priority
[   21.118802] PM: Cannot get wkup_m3_ipc handle
[   21.158825] omap-aes 53500000.aes: OMAP AES hw accel rev: 3.2
[   21.311341] omap-aes 53500000.aes: will run requests pump with realtime priority
[   21.320293] PM: Cannot get wkup_m3_ipc handle
[   23.815109] Bluetooth: Core ver 2.22
[   23.818934] NET: Registered PF_BLUETOOTH protocol family
[   23.824516] Bluetooth: HCI device and connection manager initialized
[   23.830938] Bluetooth: HCI socket layer initialized
[   23.835935] Bluetooth: L2CAP socket layer initialized
[   23.841054] Bluetooth: SCO socket layer initialized
[   24.741849] tda998x 0-0070: using DT '/ocp/interconnect@44c00000/segment@200000/target-module@b000/i2c@0/tda19988@70' for 'nxp,calib' GPIO lookup
[   24.741994] of_get_named_gpiod_flags: parsed 'nxp,calib-gpios' property of node '/ocp/interconnect@44c00000/segment@200000/target-module@b000/i2c@0/tda19988@70[0]' - status (0)
[   24.742079] gpio gpiochip0: Persistence not supported for GPIO 25
[   24.742097] gpio-537 (nxp,calib): no flags found for GPIO nxp,calib
[   24.771355] gpio-537 (nxp,calib): gpiod_direction_output_nonotify: tried to set a GPIO tied to an IRQ as output
[   24.802436] PM: Cannot get wkup_m3_ipc handle
[   24.808276] asoc-simple-card sound: using DT '/sound' for 'simple-audio-card,hp-det' GPIO lookup
[   24.808354] of_get_named_gpiod_flags: can't parse 'simple-audio-card,hp-det-gpios' property of node '/sound[0]'
[   24.808394] of_get_named_gpiod_flags: can't parse 'simple-audio-card,hp-det-gpio' property of node '/sound[0]'
[   24.808418] asoc-simple-card sound: using lookup tables for GPIO lookup
[   24.808431] asoc-simple-card sound: No GPIO consumer simple-audio-card,hp-det found
[   24.808446] asoc-simple-card sound: using DT '/sound' for 'simple-audio-card,mic-det' GPIO lookup
[   24.808472] of_get_named_gpiod_flags: can't parse 'simple-audio-card,mic-det-gpios' property of node '/sound[0]'
[   24.808499] of_get_named_gpiod_flags: can't parse 'simple-audio-card,mic-det-gpio' property of node '/sound[0]'
[   24.808518] asoc-simple-card sound: using lookup tables for GPIO lookup
[   24.808529] asoc-simple-card sound: No GPIO consumer simple-audio-card,mic-det found
[   24.983211] PM: Cannot get wkup_m3_ipc handle
[   25.157285] tda9950 0-0034: TDA9950 CEC interface, hardware version 3.3
[   25.254627] PM: Cannot get wkup_m3_ipc handle
[   28.757395] userial_init: registered 8 ttyGS* devices
[   28.945883] rndis_register: configNr = 0
[   29.005825] udc musb-hdrc.0: binding gadget driver [g_multi]
[   29.005920] configfs-gadget.g_multi gadget.0: adding 'rndis'/e7c75e85 to config 'c'/1b3a77c7
[   29.007075] configfs-gadget.g_multi gadget.0: HOST MAC 1c:ba:8c:a2:ed:6c
[   29.014093] configfs-gadget.g_multi gadget.0: MAC 1c:ba:8c:a2:ed:70
[   29.020443] rndis_set_param_medium: 0 0
[   29.020463] configfs-gadget.g_multi gadget.0: RNDIS: IN/ep1in OUT/ep1out NOTIFY/ep2in
[   29.020480] configfs-gadget.g_multi gadget.0: adding 'cdc_ethernet'/5f36b51e to config 'c'/1b3a77c7
[   29.021439] configfs-gadget.g_multi gadget.0: HOST MAC 1c:ba:8c:a2:ed:6c
[   29.028310] configfs-gadget.g_multi gadget.0: MAC 1c:ba:8c:a2:ed:6d
[   29.034692] configfs-gadget.g_multi gadget.0: CDC Ethernet: IN/ep3in OUT/ep2out NOTIFY/ep4in
[   29.034712] configfs-gadget.g_multi gadget.0: adding 'acm'/7db03c68 to config 'c'/1b3a77c7
[   29.034747] configfs-gadget.g_multi gadget.0: acm ttyGS0: IN/ep5in OUT/ep3out NOTIFY/ep6in
[   29.036627] PM: Cannot get wkup_m3_ipc handle
[   31.222487] configfs-gadget.g_multi gadget.0: eth_open
[   35.075697] gs_open: ttyGS0 (69a15fff,425f7f27)
[   35.075858] gs_close: ttyGS0 (69a15fff,425f7f27) ...
[   35.075882] gs_close: ttyGS0 (69a15fff,425f7f27) done!
[   35.092179] gs_open: ttyGS0 (f5dfb344,425f7f27)
[   35.092314] gs_close: ttyGS0 (f5dfb344,425f7f27) ...
[   35.092339] gs_close: ttyGS0 (f5dfb344,425f7f27) done!
[   35.259283] gs_open: ttyGS0 (e593b8c4,0592aaaa)
[   35.259530] gs_close: ttyGS0 (e593b8c4,0592aaaa) ...
[   35.259558] gs_close: ttyGS0 (e593b8c4,0592aaaa) done!
[   35.264703] gs_open: ttyGS0 (e593b8c4,b4e5028b)
JNPLGQJWKZ 0
root@arm:~# echo 'ZCTF''HOOFWF'
ZCTFHOOFWF
root@arm:~# MARKER='SUNW''LVBZNL' run 'modprobe test_linear_ranges'
SUNWLVBZNLSUNWLVBZNL 0
root@arm:~# echo 'WXAS''EOTALM'
WXASEOTALM
root@arm:~# MARKER='VXZQ''XYFECC' run dmesg
VXZQXYFECC[    0.000000] Booting Linux on physical CPU 0x0
[    0.000000] Linux version 6.16.0-rc3-next-20250623 (user01@drvtest01) (arm-none-eabi-gcc (Arm GNU Toolchain 14.2.Rel1 (Build arm-14.52)) 14.2.1 20241119, GNU ld (Arm GNU Toolchain 14.2.Rel1 (Build arm-14.52)) 2.43.1.20241119) #1 SMP Mon Jun 23 11:05:48 EEST 2025
[    0.000000] CPU: ARMv7 Processor [413fc082] revision 2 (ARMv7), cr=10c5387d
[    0.000000] CPU: PIPT / VIPT nonaliasing data cache, VIPT aliasing instruction cache
[    0.000000] OF: fdt: Machine model: TI AM335x BeagleBone Black
[    0.000000] Memory policy: Data cache writeback
[    0.000000] cma: Reserved 16 MiB at 0x9e800000
[    0.000000] Zone ranges:
[    0.000000]   Normal   [mem 0x0000000080000000-0x000000009fdfffff]
[    0.000000]   HighMem  empty
[    0.000000] Movable zone start for each node
[    0.000000] Early memory node ranges
[    0.000000]   node   0: [mem 0x0000000080000000-0x000000009fdfffff]
[    0.000000] Initmem setup node 0 [mem 0x0000000080000000-0x000000009fdfffff]
[    0.000000] On node 0, zone Normal: 512 pages in unavailable ranges
[    0.000000] OF: reserved mem: Reserved memory: No reserved-memory node in the DT
[    0.000000] CPU: All CPU(s) started in SVC mode.
[    0.000000] AM335X ES2.1 (sgx neon)
[    0.000000] percpu: Embedded 17 pages/cpu s39820 r8192 d21620 u69632
[    0.000000] pcpu-alloc: s39820 r8192 d21620 u69632 alloc=17*4096
[    0.000000] pcpu-alloc: [0] 0 
[    0.000000] Kernel command line: console=ttyO0,115200n8 root=/dev/nfs rw nfsroot=192.168.255.126:/home/user01/nfs,nfsvers=3 ip=192.168.255.1:192.168.255.126::255.255.255.0:bbb1:eth0 nfsrootdebug
[    0.000000] Unknown kernel command line parameters "nfsrootdebug", will be passed to user space.
[    0.000000] printk: log buffer data + meta data: 65536 + 204800 = 270336 bytes
[    0.000000] Dentry cache hash table entries: 65536 (order: 6, 262144 bytes, linear)
[    0.000000] Inode-cache hash table entries: 32768 (order: 5, 131072 bytes, linear)
[    0.000000] Built 1 zonelists, mobility grouping on.  Total pages: 130560
[    0.000000] mem auto-init: stack:off, heap alloc:off, heap free:off
[    0.000000] SLUB: HWalign=16, Order=0-3, MinObjects=0, CPUs=1, Nodes=1
[    0.000000] rcu: Hierarchical RCU implementation.
[    0.000000] rcu: 	RCU event tracing is enabled.
[    0.000000] rcu: 	RCU restricting CPUs from NR_CPUS=2 to nr_cpu_ids=1.
[    0.000000] 	Tracing variant of Tasks RCU enabled.
[    0.000000] rcu: RCU calculated value of scheduler-enlistment delay is 10 jiffies.
[    0.000000] rcu: Adjusting geometry for rcu_fanout_leaf=16, nr_cpu_ids=1
[    0.000000] RCU Tasks Trace: Setting shift to 0 and lim to 1 rcu_task_cb_adjust=1 rcu_task_cpu_ids=1.
[    0.000000] NR_IRQS: 16, nr_irqs: 16, preallocated irqs: 16
[    0.000000] IRQ: Found an INTC at 0x(ptrval) (revision 5.0) with 128 interrupts
[    0.000000] rcu: srcu_init: Setting srcu_struct sizes based on contention.
[    0.000000] TI gptimer clocksource: always-on /ocp/interconnect@44c00000/segment@200000/target-module@31000
[    0.000003] sched_clock: 32 bits at 24MHz, resolution 41ns, wraps every 89478484971ns
[    0.000026] clocksource: dmtimer: mask: 0xffffffff max_cycles: 0xffffffff, max_idle_ns: 79635851949 ns
[    0.000528] TI gptimer clockevent: 24000000 Hz at /ocp/interconnect@48000000/segment@0/target-module@40000
[    0.002160] Console: colour dummy device 80x30
[    0.002228] WARNING: Your 'console=ttyO0' has been replaced by 'ttyS0'
[    0.002236] This ensures that you still see kernel messages. Please
[    0.002241] update your kernel commandline.
[    0.002282] Calibrating delay loop... 996.14 BogoMIPS (lpj=4980736)
[    0.090577] CPU: Testing write buffer coherency: ok
[    0.090691] CPU0: Spectre v2: using BPIALL workaround
[    0.090700] pid_max: default: 32768 minimum: 301
[    0.090860] LSM: initializing lsm=capability
[    0.091029] Mount-cache hash table entries: 1024 (order: 0, 4096 bytes, linear)
[    0.091050] Mountpoint-cache hash table entries: 1024 (order: 0, 4096 bytes, linear)
[    0.092694] CPU0: thread -1, cpu 0, socket -1, mpidr 0
[    0.092753] cacheinfo: Unable to detect cache hierarchy for CPU 0
[    0.094829] Setting up static identity map for 0x80100000 - 0x80100078
[    0.095152] rcu: Hierarchical SRCU implementation.
[    0.095163] rcu: 	Max phase no-delay instances is 1000.
[    0.096895] smp: Bringing up secondary CPUs ...
[    0.096947] smp: Brought up 1 node, 1 CPU
[    0.096962] SMP: Total of 1 processors activated (996.14 BogoMIPS).
[    0.096973] CPU: All CPU(s) started in SVC mode.
[    0.097161] Memory: 480828K/522240K available (11264K kernel code, 1215K rwdata, 2924K rodata, 1024K init, 285K bss, 23380K reserved, 16384K cma-reserved, 0K highmem)
[    0.097986] devtmpfs: initialized
[    0.115838] VFP support v0.3: implementor 41 architecture 3 part 30 variant c rev 3
[    0.116489] clocksource: jiffies: mask: 0xffffffff max_cycles: 0xffffffff, max_idle_ns: 19112604462750000 ns
[    0.116551] posixtimers hash table entries: 512 (order: 0, 4096 bytes, linear)
[    0.116577] futex hash table entries: 256 (16384 bytes on 1 NUMA nodes, total 16 KiB, linear).
[    0.117705] pinctrl core: initialized pinctrl subsystem
[    0.119770] NET: Registered PF_NETLINK/PF_ROUTE protocol family
[    0.122894] DMA: preallocated 256 KiB pool for atomic coherent allocations
[    0.123862] audit: initializing netlink subsys (disabled)
[    0.125248] thermal_sys: Registered thermal governor 'fair_share'
[    0.125264] thermal_sys: Registered thermal governor 'step_wise'
[    0.125274] thermal_sys: Registered thermal governor 'user_space'
[    0.125387] audit: type=2000 audit(0.120:1): state=initialized audit_enabled=0 res=1
[    0.125458] cpuidle: using governor menu
[    0.143511] /ocp/interconnect@44c00000/segment@200000/target-module@b000/i2c@0/tda19988@70: Fixed dependency cycle(s) with /ocp/interconnect@48000000/segment@300000/target-module@e000/lcdc@0
[    0.144650] /ocp/interconnect@48000000/segment@300000/target-module@e000/lcdc@0: Fixed dependency cycle(s) with /ocp/interconnect@44c00000/segment@200000/target-module@b000/i2c@0/tda19988@70
[    0.146838] No ATAGs?
[    0.146880] hw-breakpoint: debug architecture 0x4 unsupported.
[    0.149611] kprobes: kprobe jump-optimization is enabled. All kprobes are optimized if possible.
[    0.163372] iommu: Default domain type: Translated
[    0.163395] iommu: DMA domain TLB invalidation policy: strict mode
[    0.164984] reg-fixed-voltage fixedregulator0: using DT '/fixedregulator0' for '(default)' GPIO lookup
[    0.165039] of_get_named_gpiod_flags: can't parse 'gpios' property of node '/fixedregulator0[0]'
[    0.165067] of_get_named_gpiod_flags: can't parse 'gpio' property of node '/fixedregulator0[0]'
[    0.165084] reg-fixed-voltage fixedregulator0: using lookup tables for GPIO lookup
[    0.165094] reg-fixed-voltage fixedregulator0: No GPIO consumer (default) found
[    0.166175] SCSI subsystem initialized
[    0.166655] libata version 3.00 loaded.
[    0.167028] pps_core: LinuxPPS API ver. 1 registered
[    0.167037] pps_core: Software ver. 5.3.6 - Copyright 2005-2007 Rodolfo Giometti <giometti@linux.it>
[    0.167061] PTP clock support registered
[    0.171163] vgaarb: loaded
[    0.171536] clocksource: Switched to clocksource dmtimer
[    0.172206] VFS: Disk quotas dquot_6.6.0
[    0.172265] VFS: Dquot-cache hash table entries: 1024 (order 0, 4096 bytes)
[    0.205686] NET: Registered PF_INET protocol family
[    0.206030] IP idents hash table entries: 8192 (order: 4, 65536 bytes, linear)
[    0.207449] tcp_listen_portaddr_hash hash table entries: 512 (order: 0, 4096 bytes, linear)
[    0.207484] Table-perturb hash table entries: 65536 (order: 6, 262144 bytes, linear)
[    0.207503] TCP established hash table entries: 4096 (order: 2, 16384 bytes, linear)
[    0.207550] TCP bind hash table entries: 4096 (order: 4, 65536 bytes, linear)
[    0.207649] TCP: Hash tables configured (established 4096 bind 4096)
[    0.207768] UDP hash table entries: 256 (order: 1, 14336 bytes, linear)
[    0.207803] UDP-Lite hash table entries: 256 (order: 1, 14336 bytes, linear)
[    0.207995] NET: Registered PF_UNIX/PF_LOCAL protocol family
[    0.209281] RPC: Registered named UNIX socket transport module.
[    0.209301] RPC: Registered udp transport module.
[    0.209306] RPC: Registered tcp transport module.
[    0.209311] RPC: Registered tcp-with-tls transport module.
[    0.209316] RPC: Registered tcp NFSv4.1 backchannel transport module.
[    0.209340] PCI: CLS 0 bytes, default 64
[    0.210739] Initialise system trusted keyrings
[    0.212093] workingset: timestamp_bits=14 max_order=17 bucket_order=3
[    0.213461] NFS: Registering the id_resolver key type
[    0.213575] Key type id_resolver registered
[    0.213582] Key type id_legacy registered
[    0.213691] jffs2: version 2.2. (NAND) (SUMMARY)  Â© 2001-2006 Red Hat, Inc.
[    0.214236] Key type asymmetric registered
[    0.214255] Asymmetric key parser 'x509' registered
[    0.214324] io scheduler mq-deadline registered
[    0.214334] io scheduler kyber registered
[    0.214413] io scheduler bfq registered
[    0.224001] target-module@4b000000:target-module@140000:pmu@0:fck: device ID is greater than 24
[    0.230209] l3-aon-clkctrl:0000:0: failed to disable
[    0.230270] ledtrig-cpu: registered to indicate activity on CPUs
[    0.233369] Serial: 8250/16550 driver, 6 ports, IRQ sharing enabled
[    0.276066] brd: module loaded
[    0.299186] loop: module loaded
[    0.300118] mtdoops: mtd device (mtddev=name/number) must be supplied
[    0.302002] mdio_bus fixed-0: using lookup tables for GPIO lookup
[    0.302028] mdio_bus fixed-0: No GPIO consumer reset found
[    0.303439] i2c_dev: i2c /dev entries driver
[    0.304441] cpuidle: enable-method property 'ti,am3352' found operations
[    0.304895] sdhci: Secure Digital Host Controller Interface driver
[    0.304903] sdhci: Copyright(c) Pierre Ossman
[    0.305085] sdhci-pltfm: SDHCI platform and OF driver helper
[    0.313178] hw perfevents: enabled with armv7_cortex_a8 PMU driver, 5 (8000000f) counters available
[    0.313695] Initializing XFRM netlink socket
[    0.313883] NET: Registered PF_INET6 protocol family
[    0.319562] l3-aon-clkctrl:0000:0: failed to disable
[    0.320951] Segment Routing with IPv6
[    0.321035] In-situ OAM (IOAM) with IPv6
[    0.321127] sit: IPv6, IPv4 and MPLS over IPv4 tunneling driver
[    0.322315] NET: Registered PF_PACKET protocol family
[    0.322345] NET: Registered PF_KEY protocol family
[    0.322458] Key type dns_resolver registered
[    0.322682] ThumbEE CPU extension supported.
[    0.322702] Registering SWP/SWPB emulation handler
[    0.323239] omap_voltage_late_init: Voltage driver support not added
[    0.323907] SmartReflex Class3 initialized
[    0.361879] Loading compiled-in X.509 certificates
[    0.409368] /ocp/interconnect@44c00000/segment@200000/target-module@b000/i2c@0/tda19988@70: Fixed dependency cycle(s) with /ocp/interconnect@48000000/segment@300000/target-module@e000/lcdc@0
[    0.416005] /ocp/interconnect@44c00000/segment@200000/target-module@b000/i2c@0/tda19988@70: Fixed dependency cycle(s) with /ocp/interconnect@48000000/segment@300000/target-module@e000/lcdc@0
[    0.421394] gpiochip_find_base_unlocked: found new base at 512
[    0.447670] /ocp/interconnect@44c00000/segment@200000/target-module@b000/i2c@0/tda19988@70: Fixed dependency cycle(s) with /ocp/interconnect@48000000/segment@300000/target-module@e000/lcdc@0
[    0.448563] /ocp/interconnect@44c00000/segment@200000/target-module@b000/i2c@0/tda19988@70: Fixed dependency cycle(s) with /ocp/interconnect@48000000/segment@300000/target-module@e000/lcdc@0
[    0.452260] /ocp/interconnect@44c00000/segment@200000/target-module@10000/scm@0/pinmux@800: Fixed dependency cycle(s) with /ocp/interconnect@44c00000/segment@200000/target-module@10000/scm@0/pinmux@800/clkout2-pins
[    0.452878] pinctrl-single 44e10800.pinmux: 142 pins, size 568
[    0.458182] ti-sysc 44e31000.target-module: probe with driver ti-sysc failed with error -16
[    0.497432] /ocp/interconnect@48000000/segment@300000/target-module@e000/lcdc@0: Fixed dependency cycle(s) with /ocp/interconnect@44c00000/segment@200000/target-module@b000/i2c@0/tda19988@70
[    0.505924] ti-sysc 48040000.target-module: probe with driver ti-sysc failed with error -16
[    0.517504] gpiochip_find_base_unlocked: found new base at 512
[    0.517602] gpio gpiochip0: (gpio-0-31): created GPIO range 0->7 ==> 44e10800.pinmux PIN 0->7
[    0.517622] gpio gpiochip0: (gpio-0-31): created GPIO range 8->11 ==> 44e10800.pinmux PIN 90->93
[    0.517637] gpio gpiochip0: (gpio-0-31): created GPIO range 12->27 ==> 44e10800.pinmux PIN 12->27
[    0.517652] gpio gpiochip0: (gpio-0-31): created GPIO range 28->31 ==> 44e10800.pinmux PIN 30->33
[    0.528352] gpio gpiochip0: (gpio-0-31): added GPIO chardev (254:0)
[    0.528494] gpio gpiochip0: registered GPIOs 512 to 543 on gpio-0-31
[    0.528580] OMAP GPIO hardware version 0.1
[    0.554110] i2c i2c-2: using DT '/ocp/interconnect@48000000/segment@100000/target-module@9c000/i2c@0' for 'scl' GPIO lookup
[    0.554182] of_get_named_gpiod_flags: can't parse 'scl-gpios' property of node '/ocp/interconnect@48000000/segment@100000/target-module@9c000/i2c@0[0]'
[    0.554224] of_get_named_gpiod_flags: can't parse 'scl-gpio' property of node '/ocp/interconnect@48000000/segment@100000/target-module@9c000/i2c@0[0]'
[    0.554259] i2c i2c-2: using lookup tables for GPIO lookup
[    0.554268] i2c i2c-2: No GPIO consumer scl found
[    0.554288] i2c i2c-2: using DT '/ocp/interconnect@48000000/segment@100000/target-module@9c000/i2c@0' for 'sda' GPIO lookup
[    0.554323] of_get_named_gpiod_flags: can't parse 'sda-gpios' property of node '/ocp/interconnect@48000000/segment@100000/target-module@9c000/i2c@0[0]'
[    0.554359] of_get_named_gpiod_flags: can't parse 'sda-gpio' property of node '/ocp/interconnect@48000000/segment@100000/target-module@9c000/i2c@0[0]'
[    0.554389] i2c i2c-2: using lookup tables for GPIO lookup
[    0.554396] i2c i2c-2: No GPIO consumer sda found
[    0.555135] omap_i2c 4819c000.i2c: bus 2 rev0.11 at 100 kHz
[    0.560764] gpiochip_find_base_unlocked: found new base at 544
[    0.560861] gpio gpiochip1: (gpio-32-63): created GPIO range 0->17 ==> 44e10800.pinmux PIN 34->51
[    0.560881] gpio gpiochip1: (gpio-32-63): created GPIO range 18->21 ==> 44e10800.pinmux PIN 77->80
[    0.560897] gpio gpiochip1: (gpio-32-63): created GPIO range 22->31 ==> 44e10800.pinmux PIN 56->65
[    0.575987] gpio gpiochip1: (gpio-32-63): added GPIO chardev (254:1)
[    0.576160] gpio gpiochip1: registered GPIOs 544 to 575 on gpio-32-63
[    0.578435] gpiochip_find_base_unlocked: found new base at 576
[    0.578542] gpio gpiochip2: (gpio-64-95): created GPIO range 0->4 ==> 44e10800.pinmux PIN 66->70
[    0.578563] gpio gpiochip2: (gpio-64-95): created GPIO range 5->6 ==> 44e10800.pinmux PIN 98->99
[    0.578579] gpio gpiochip2: (gpio-64-95): created GPIO range 7->8 ==> 44e10800.pinmux PIN 75->76
[    0.578594] gpio gpiochip2: (gpio-64-95): created GPIO range 13->13 ==> 44e10800.pinmux PIN 141->141
[    0.578610] gpio gpiochip2: (gpio-64-95): created GPIO range 14->21 ==> 44e10800.pinmux PIN 100->107
[    0.579269] gpio gpiochip2: (gpio-64-95): added GPIO chardev (254:2)
[    0.579402] gpio gpiochip2: registered GPIOs 576 to 607 on gpio-64-95
[    0.585594] 48000000.interconnect:segment@200000:target-module@0:mpu@0:fck: device ID is greater than 24
[    0.586497] /ocp/interconnect@48000000/segment@300000/target-module@e000/lcdc@0: Fixed dependency cycle(s) with /ocp/interconnect@44c00000/segment@200000/target-module@b000/i2c@0/tda19988@70
[    0.589357] /ocp/interconnect@48000000/segment@300000/target-module@e000/lcdc@0: Fixed dependency cycle(s) with /ocp/interconnect@44c00000/segment@200000/target-module@b000/i2c@0/tda19988@70
[    0.590079] /ocp/interconnect@44c00000/segment@200000/target-module@b000/i2c@0/tda19988@70: Fixed dependency cycle(s) with /ocp/interconnect@48000000/segment@300000/target-module@e000/lcdc@0
[    0.590240] /ocp/interconnect@48000000/segment@300000/target-module@e000/lcdc@0: Fixed dependency cycle(s) with /ocp/interconnect@44c00000/segment@200000/target-module@b000/i2c@0/tda19988@70
[    0.600128] mdio_bus 4a101000.mdio: using DT '/ocp/interconnect@4a000000/segment@0/target-module@100000/switch@0/mdio@1000' for 'reset' GPIO lookup
[    0.600201] of_get_named_gpiod_flags: can't parse 'reset-gpios' property of node '/ocp/interconnect@4a000000/segment@0/target-module@100000/switch@0/mdio@1000[0]'
[    0.600248] of_get_named_gpiod_flags: can't parse 'reset-gpio' property of node '/ocp/interconnect@4a000000/segment@0/target-module@100000/switch@0/mdio@1000[0]'
[    0.600294] mdio_bus 4a101000.mdio: using lookup tables for GPIO lookup
[    0.600303] mdio_bus 4a101000.mdio: No GPIO consumer reset found
[    0.601309] sdhci-omap 481d8000.mmc: using DT '/ocp/interconnect@48000000/segment@100000/target-module@d8000/mmc@0' for 'wp' GPIO lookup
[    0.601370] of_get_named_gpiod_flags: can't parse 'wp-gpios' property of node '/ocp/interconnect@48000000/segment@100000/target-module@d8000/mmc@0[0]'
[    0.601410] of_get_named_gpiod_flags: can't parse 'wp-gpio' property of node '/ocp/interconnect@48000000/segment@100000/target-module@d8000/mmc@0[0]'
[    0.601442] sdhci-omap 481d8000.mmc: using lookup tables for GPIO lookup
[    0.601451] sdhci-omap 481d8000.mmc: No GPIO consumer wp found
[    0.601802] sdhci-omap 481d8000.mmc: supply pbias not found, using dummy regulator
[    0.602411] sdhci-omap 481d8000.mmc: supply vqmmc not found, using dummy regulator
[    0.643542] davinci_mdio 4a101000.mdio: davinci mdio revision 1.6, bus freq 1000000
[    0.667811] mdio_bus 4a101000.mdio:00: using DT '/ocp/interconnect@4a000000/segment@0/target-module@100000/switch@0/mdio@1000/ethernet-phy@0' for 'reset' GPIO lookup
[    0.667912] of_get_named_gpiod_flags: parsed 'reset-gpios' property of node '/ocp/interconnect@4a000000/segment@0/target-module@100000/switch@0/mdio@1000/ethernet-phy@0[0]' - status (0)
[    0.668070] gpio gpiochip0: Persistence not supported for GPIO 8
[    0.807924] davinci_mdio 4a101000.mdio: phy[0]: device 4a101000.mdio:00, driver SMSC LAN8710/LAN8720
[    0.808687] cpsw-switch 4a100000.switch: initialized cpsw ale version 1.4
[    0.808711] cpsw-switch 4a100000.switch: ALE Table size 1024, Policers 0
[    0.809037] cpsw-switch 4a100000.switch: cpts: overflow check period 500 (jiffies)
[    0.809058] cpsw-switch 4a100000.switch: CPTS: ref_clk_freq:250000000 calc_mult:2147483648 calc_shift:29 error:0 nsec/sec
[    0.809176] cpsw-switch 4a100000.switch: Detected MACID = 6c:ec:eb:68:de:78
[    0.811043] cpsw-switch 4a100000.switch: initialized (regs 0x4a100000, pool size 256) hw_ver:0019010C 1.12 (0)
[    0.822284] debugfs: Directory '49000000.dma' with parent 'dmaengine' already present!
[    0.822324] edma 49000000.dma: TI EDMA DMA engine driver
[    0.871119] gpio-clk clk_mcasp0: using DT '/clk_mcasp0' for 'enable' GPIO lookup
[    0.871197] of_get_named_gpiod_flags: parsed 'enable-gpios' property of node '/clk_mcasp0[0]' - status (0)
[    0.871240] gpio gpiochip0: Persistence not supported for GPIO 27
[    0.872356] gpiochip_find_base_unlocked: found new base at 608
[    0.872472] gpio gpiochip3: (gpio-96-127): created GPIO range 0->7 ==> 44e10800.pinmux PIN 82->89
[    0.872492] gpio gpiochip3: (gpio-96-127): created GPIO range 8->11 ==> 44e10800.pinmux PIN 52->55
[    0.872507] gpio gpiochip3: (gpio-96-127): created GPIO range 12->15 ==> 44e10800.pinmux PIN 94->97
[    0.872523] gpio gpiochip3: (gpio-96-127): created GPIO range 16->17 ==> 44e10800.pinmux PIN 71->72
[    0.872538] gpio gpiochip3: (gpio-96-127): created GPIO range 18->18 ==> 44e10800.pinmux PIN 135->135
[    0.872555] gpio gpiochip3: (gpio-96-127): created GPIO range 19->20 ==> 44e10800.pinmux PIN 108->109
[    0.872571] gpio gpiochip3: (gpio-96-127): created GPIO range 21->21 ==> 44e10800.pinmux PIN 73->73
[    0.872588] gpio gpiochip3: (gpio-96-127): created GPIO range 22->23 ==> 44e10800.pinmux PIN 8->9
[    0.872605] gpio gpiochip3: (gpio-96-127): created GPIO range 26->27 ==> 44e10800.pinmux PIN 10->11
[    0.872622] gpio gpiochip3: (gpio-96-127): created GPIO range 28->28 ==> 44e10800.pinmux PIN 74->74
[    0.872640] gpio gpiochip3: (gpio-96-127): created GPIO range 29->29 ==> 44e10800.pinmux PIN 81->81
[    0.872658] gpio gpiochip3: (gpio-96-127): created GPIO range 30->31 ==> 44e10800.pinmux PIN 28->29
[    0.884370] gpio gpiochip3: (gpio-96-127): added GPIO chardev (254:3)
[    0.884552] gpio gpiochip3: registered GPIOs 608 to 639 on gpio-96-127
[    0.897192] omap8250 44e09000.serial: using DT '/ocp/interconnect@44c00000/segment@200000/target-module@9000/serial@0' for 'rs485-term' GPIO lookup
[    0.897267] of_get_named_gpiod_flags: can't parse 'rs485-term-gpios' property of node '/ocp/interconnect@44c00000/segment@200000/target-module@9000/serial@0[0]'
[    0.897310] of_get_named_gpiod_flags: can't parse 'rs485-term-gpio' property of node '/ocp/interconnect@44c00000/segment@200000/target-module@9000/serial@0[0]'
[    0.897346] omap8250 44e09000.serial: using lookup tables for GPIO lookup
[    0.897356] omap8250 44e09000.serial: No GPIO consumer rs485-term found
[    0.897365] omap8250 44e09000.serial: using DT '/ocp/interconnect@44c00000/segment@200000/target-module@9000/serial@0' for 'rs485-rx-during-tx' GPIO lookup
[    0.897401] of_get_named_gpiod_flags: can't parse 'rs485-rx-during-tx-gpios' property of node '/ocp/interconnect@44c00000/segment@200000/target-module@9000/serial@0[0]'
[    0.897437] of_get_named_gpiod_flags: can't parse 'rs485-rx-during-tx-gpio' property of node '/ocp/interconnect@44c00000/segment@200000/target-module@9000/serial@0[0]'
[    0.897467] omap8250 44e09000.serial: using lookup tables for GPIO lookup
[    0.897475] omap8250 44e09000.serial: No GPIO consumer rs485-rx-during-tx found
[    0.897931] 44e09000.serial: ttyS0 at MMIO 0x44e09000 (irq = 34, base_baud = 3000000) is a 8250
[    0.898021] printk: legacy console [ttyS0] enabled
[    2.359887] i2c i2c-0: using DT '/ocp/interconnect@44c00000/segment@200000/target-module@b000/i2c@0' for 'scl' GPIO lookup
[    2.359978] of_get_named_gpiod_flags: can't parse 'scl-gpios' property of node '/ocp/interconnect@44c00000/segment@200000/target-module@b000/i2c@0[0]'
[    2.360026] of_get_named_gpiod_flags: can't parse 'scl-gpio' property of node '/ocp/interconnect@44c00000/segment@200000/target-module@b000/i2c@0[0]'
[    2.360065] i2c i2c-0: using lookup tables for GPIO lookup
[    2.360080] i2c i2c-0: No GPIO consumer scl found
[    2.360104] i2c i2c-0: using DT '/ocp/interconnect@44c00000/segment@200000/target-module@b000/i2c@0' for 'sda' GPIO lookup
[    2.360143] of_get_named_gpiod_flags: can't parse 'sda-gpios' property of node '/ocp/interconnect@44c00000/segment@200000/target-module@b000/i2c@0[0]'
[    2.360183] of_get_named_gpiod_flags: can't parse 'sda-gpio' property of node '/ocp/interconnect@44c00000/segment@200000/target-module@b000/i2c@0[0]'
[    2.360218] i2c i2c-0: using lookup tables for GPIO lookup
[    2.360229] i2c i2c-0: No GPIO consumer sda found
[    2.372539] tps65217-pmic: Failed to locate of_node [id: -1]
[    2.378606] tps65217-bl: Failed to locate of_node [id: -1]
[    2.384678] platform tps65217-charger: DMA mask not set
[    2.390727] platform tps65217-pwrbutton: DMA mask not set
[    2.398116] tps65217 0-0024: TPS65217 ID 0xe version 1.2
[    2.404272] /ocp/interconnect@48000000/segment@300000/target-module@e000/lcdc@0: Fixed dependency cycle(s) with /ocp/interconnect@44c00000/segment@200000/target-module@b000/i2c@0/tda19988@70
[    2.421672] /ocp/interconnect@44c00000/segment@200000/target-module@b000/i2c@0/tda19988@70: Fixed dependency cycle(s) with /ocp/interconnect@48000000/segment@300000/target-module@e000/lcdc@0
[    2.439030] omap_i2c 44e0b000.i2c: bus 0 rev0.11 at 400 kHz
[    2.446704] sdhci-omap 48060000.mmc: using DT '/ocp/interconnect@48000000/segment@0/target-module@60000/mmc@0' for 'cd' GPIO lookup
[    2.446813] of_get_named_gpiod_flags: parsed 'cd-gpios' property of node '/ocp/interconnect@48000000/segment@0/target-module@60000/mmc@0[0]' - status (0)
[    2.446882] gpio gpiochip3: Persistence not supported for GPIO 6
[    2.446910] omap_gpio 44e07000.gpio: Could not set line 6 debounce to 200000 microseconds (-22)
[    2.455829] sdhci-omap 48060000.mmc: Got CD GPIO
[    2.460484] sdhci-omap 48060000.mmc: using DT '/ocp/interconnect@48000000/segment@0/target-module@60000/mmc@0' for 'wp' GPIO lookup
[    2.460534] of_get_named_gpiod_flags: can't parse 'wp-gpios' property of node '/ocp/interconnect@48000000/segment@0/target-module@60000/mmc@0[0]'
[    2.460577] of_get_named_gpiod_flags: can't parse 'wp-gpio' property of node '/ocp/interconnect@48000000/segment@0/target-module@60000/mmc@0[0]'
[    2.460614] sdhci-omap 48060000.mmc: using lookup tables for GPIO lookup
[    2.460628] sdhci-omap 48060000.mmc: No GPIO consumer wp found
[    2.460836] sdhci-omap 48060000.mmc: supply pbias not found, using dummy regulator
[    2.469648] sdhci-omap 481d8000.mmc: using DT '/ocp/interconnect@48000000/segment@100000/target-module@d8000/mmc@0' for 'wp' GPIO lookup
[    2.469733] of_get_named_gpiod_flags: can't parse 'wp-gpios' property of node '/ocp/interconnect@48000000/segment@100000/target-module@d8000/mmc@0[0]'
[    2.469781] of_get_named_gpiod_flags: can't parse 'wp-gpio' property of node '/ocp/interconnect@48000000/segment@100000/target-module@d8000/mmc@0[0]'
[    2.469819] sdhci-omap 481d8000.mmc: using lookup tables for GPIO lookup
[    2.469832] sdhci-omap 481d8000.mmc: No GPIO consumer wp found
[    2.470859] sdhci-omap 48060000.mmc: supply vqmmc not found, using dummy regulator
[    2.480107] sdhci-omap 481d8000.mmc: supply pbias not found, using dummy regulator
[    2.489858] sdhci-omap 481d8000.mmc: supply vqmmc not found, using dummy regulator
[    2.525484] mmc0: SDHCI controller on 48060000.mmc [48060000.mmc] using External DMA
[    2.533799] mmc1: SDHCI controller on 481d8000.mmc [481d8000.mmc] using External DMA
[    2.542547] cpsw-switch 4a100000.switch: starting ndev. mode: dual_mac
[    2.590684] mmc0: new high speed SDHC card at address 5048
[    2.597751] mmcblk0: mmc0:5048 SD16G 14.4 GiB
[    2.606050]  mmcblk0: p1 p2
[    2.609444] mmcblk0: p2 size 31221760 extends beyond EOD, truncated
[    2.622918] SMSC LAN8710/LAN8720 4a101000.mdio:00: attached PHY driver (mii_bus:phy_addr=4a101000.mdio:00, irq=POLL)
[    2.633912] mmc1: new high speed MMC card at address 0001
[    2.646460] mmcblk1: mmc1:0001 MMC04G 3.60 GiB
[    2.654099]  mmcblk1: p1 p2
[    2.658318] mmcblk1boot0: mmc1:0001 MMC04G 2.00 MiB
[    2.667077] mmcblk1boot1: mmc1:0001 MMC04G 2.00 MiB
[    2.676319] mmcblk1rpmb: mmc1:0001 MMC04G 128 KiB, chardev (249:0)
[    5.762323] cpsw-switch 4a100000.switch eth0: Link is Up - 100Mbps/Full - flow control off
[    5.801792] IP-Config: Complete:
