Labgrid Console Logfile for main
Logfile started at 2024-11-05 09:42:27.520946
=== Log starts here ===

U-Boot SPL 2014.04-00014-g47880f5 (Apr 22 2014 - 13:23:54)
reading args
spl_load_image_fat_os: error reading image args, err - -1
reading u-boot.img
reading u-boot.img


U-Boot 2014.04-00014-g47880f5 (Apr 22 2014 - 13:23:54)

I2C:   ready
DRAM:  512 MiB
NAND:  0 MiB
MMC:   OMAP SD/MMC: 0, OMAP SD/MMC: 1
*** Warning - readenv() failed, using default environment

Net:   <ethaddr> not set. Validating first E-fuse MAC
cpsw, usb_ether
Hit any key to stop autoboot:  1  0 
gpio: pin 53 (gpio 53) value is 1
mmc0 is current device
gpio: pin 54 (gpio 54) value is 1
SD/MMC found on device 0
reading uEnv.txt
569 bytes read in 4 ms (138.7 KiB/s)
gpio: pin 55 (gpio 55) value is 1
Loaded environment from uEnv.txt
Importing environment from mmc ...
Checking if uenvcmd is set ...
gpio: pin 56 (gpio 56) value is 1
Running uenvcmd ...
cpsw Waiting for PHY auto negotiation to complete. done
link up on port 0, speed 100, full duplex
Using cpsw device
TFTP from server 192.168.255.126; our IP address is 192.168.255.1
Filename 'zImage'.
Load address: 0x81000000
Loading: *#################################################################
	 #################################################################
	 #################################################################
	 #################################################################
	 #################################################################
	 ####################################################
	 2.4 MiB/s
done
Bytes transferred = 5531576 (5467b8 hex)
link up on port 0, speed 100, full duplex
Using cpsw device
TFTP from server 192.168.255.126; our IP address is 192.168.255.1
Filename 'am335x-boneblack.dtb'.
Load address: 0x82000000
Loading: *#######
	 1.3 MiB/s
done
Bytes transferred = 98244 (17fc4 hex)
Kernel image @ 0x81000000 [ 0x000000 - 0x5467b8 ]
## Flattened Device Tree blob at 82000000
   Booting using the fdt blob at 0x82000000
   Using Device Tree in place at 82000000, end 8201afc3

Starting kernel ...

[    0.000000] Booting Linux on physical CPU 0x0
[    0.000000] Linux version 6.12.0-rc6-next-20241105 (user01@drvtest01) (arm-linux-gnueabihf-gcc (Linaro GCC 6.4-2017.11) 6.4.1 20171012, GNU ld (Linaro_Binutils-2017.11) 2.27.0.20161229) #130 SMP Tue Nov  5 09:41:37 EET 2024
[    0.000000] CPU: ARMv7 Processor [413fc082] revision 2 (ARMv7), cr=10c5387d
[    0.000000] CPU: PIPT / VIPT nonaliasing data cache, VIPT aliasing instruction cache
[    0.000000] OF: fdt: Machine model: TI AM335x BeagleBone Black
[    0.000000] Memory policy: Data cache writeback
[    0.000000] cma: Reserved 16 MiB at 0x9e800000 on node -1
[    0.000000] Zone ranges:
[    0.000000]   Normal   [mem 0x0000000080000000-0x000000009fdfffff]
[    0.000000]   HighMem  empty
[    0.000000] Movable zone start for each node
[    0.000000] Early memory node ranges
[    0.000000]   node   0: [mem 0x0000000080000000-0x000000009fdfffff]
[    0.000000] Initmem setup node 0 [mem 0x0000000080000000-0x000000009fdfffff]
[    0.000000] OF: reserved mem: Reserved memory: No reserved-memory node in the DT
[    0.000000] CPU: All CPU(s) started in SVC mode.
[    0.000000] AM335X ES2.1 (sgx neon)
[    0.000000] percpu: Embedded 17 pages/cpu s39564 r8192 d21876 u69632
[    0.000000] Kernel command line: console=ttyO0,115200n8 root=/dev/nfs rw nfsroot=192.168.255.126:/home/user01/nfs,nfsvers=3 ip=192.168.255.1:192.168.255.126::255.255.255.0:bbb1:eth0 nfsrootdebug
[    0.000000] Unknown kernel command line parameters "nfsrootdebug", will be passed to user space.
[    0.000000] printk: log buffer data + meta data: 65536 + 204800 = 270336 bytes
[    0.000000] Dentry cache hash table entries: 65536 (order: 6, 262144 bytes, linear)
[    0.000000] Inode-cache hash table entries: 32768 (order: 5, 131072 bytes, linear)
[    0.000000] Built 1 zonelists, mobility grouping on.  Total pages: 130560
[    0.000000] mem auto-init: stack:off, heap alloc:off, heap free:off
[    0.000000] SLUB: HWalign=64, Order=0-3, MinObjects=0, CPUs=1, Nodes=1
[    0.000000] trace event string verifier disabled
[    0.000000] rcu: Hierarchical RCU implementation.
[    0.000000] rcu: 	RCU event tracing is enabled.
[    0.000000] rcu: 	RCU restricting CPUs from NR_CPUS=2 to nr_cpu_ids=1.
[    0.000000] 	Tracing variant of Tasks RCU enabled.
[    0.000000] rcu: RCU calculated value of scheduler-enlistment delay is 10 jiffies.
[    0.000000] rcu: Adjusting geometry for rcu_fanout_leaf=16, nr_cpu_ids=1
[    0.000000] RCU Tasks Trace: Setting shift to 0 and lim to 1 rcu_task_cb_adjust=1 rcu_task_cpu_ids=1.
[    0.000000] NR_IRQS: 16, nr_irqs: 16, preallocated irqs: 16
[    0.000000] IRQ: Found an INTC at 0x(ptrval) (revision 5.0) with 128 interrupts
[    0.000000] rcu: srcu_init: Setting srcu_struct sizes based on contention.
[    0.000000] TI gptimer clocksource: always-on /ocp/interconnect@44c00000/segment@200000/target-module@31000
[    0.000002] sched_clock: 32 bits at 24MHz, resolution 41ns, wraps every 89478484971ns
[    0.000026] clocksource: dmtimer: mask: 0xffffffff max_cycles: 0xffffffff, max_idle_ns: 79635851949 ns
[    0.000500] TI gptimer clockevent: 24000000 Hz at /ocp/interconnect@48000000/segment@0/target-module@40000
[    0.002149] Console: colour dummy device 80x30
[    0.002219] WARNING: Your 'console=ttyO0' has been replaced by 'ttyS0'
[    0.002226] This ensures that you still see kernel messages. Please
[    0.002231] update your kernel commandline.
[    0.002272] Calibrating delay loop... 996.14 BogoMIPS (lpj=4980736)
[    0.090554] CPU: Testing write buffer coherency: ok
[    0.090656] CPU0: Spectre v2: using BPIALL workaround
[    0.090667] pid_max: default: 32768 minimum: 301
[    0.090793] LSM: initializing lsm=capability
[    0.090976] Mount-cache hash table entries: 1024 (order: 0, 4096 bytes, linear)
[    0.090996] Mountpoint-cache hash table entries: 1024 (order: 0, 4096 bytes, linear)
[    0.092652] CPU0: thread -1, cpu 0, socket -1, mpidr 0
[    0.160939] Setting up static identity map for 0x80100000 - 0x80100078
[    0.170709] rcu: Hierarchical SRCU implementation.
[    0.170722] rcu: 	Max phase no-delay instances is 1000.
[    0.190764] smp: Bringing up secondary CPUs ...
[    0.190825] smp: Brought up 1 node, 1 CPU
[    0.190841] SMP: Total of 1 processors activated (996.14 BogoMIPS).
[    0.190852] CPU: All CPU(s) started in SVC mode.
[    0.191047] Memory: 480864K/522240K available (11264K kernel code, 1213K rwdata, 2892K rodata, 1024K init, 297K bss, 23364K reserved, 16384K cma-reserved, 0K highmem)
[    0.191924] devtmpfs: initialized
[    0.209075] VFP support v0.3: implementor 41 architecture 3 part 30 variant c rev 3
[    0.209430] clocksource: jiffies: mask: 0xffffffff max_cycles: 0xffffffff, max_idle_ns: 19112604462750000 ns
[    0.209463] futex hash table entries: 256 (order: 2, 16384 bytes, linear)
[    0.210965] pinctrl core: initialized pinctrl subsystem
[    0.213806] NET: Registered PF_NETLINK/PF_ROUTE protocol family
[    0.216629] DMA: preallocated 256 KiB pool for atomic coherent allocations
[    0.217562] audit: initializing netlink subsys (disabled)
[    0.219017] thermal_sys: Registered thermal governor 'fair_share'
[    0.219035] thermal_sys: Registered thermal governor 'step_wise'
[    0.219045] thermal_sys: Registered thermal governor 'user_space'
[    0.219206] audit: type=2000 audit(0.210:1): state=initialized audit_enabled=0 res=1
[    0.219242] cpuidle: using governor menu
[    0.238288] No ATAGs?
[    0.238312] hw-breakpoint: debug architecture 0x4 unsupported.
[    0.241201] kprobes: kprobe jump-optimization is enabled. All kprobes are optimized if possible.
[    0.254139] iommu: Default domain type: Translated
[    0.254163] iommu: DMA domain TLB invalidation policy: strict mode
[    0.261923] SCSI subsystem initialized
[    0.262777] pps_core: LinuxPPS API ver. 1 registered
[    0.262788] pps_core: Software ver. 5.3.6 - Copyright 2005-2007 Rodolfo Giometti <giometti@linux.it>
[    0.262813] PTP clock support registered
[    0.270915] vgaarb: loaded
[    0.271331] clocksource: Switched to clocksource dmtimer
[    0.272046] VFS: Disk quotas dquot_6.6.0
[    0.272090] VFS: Dquot-cache hash table entries: 1024 (order 0, 4096 bytes)
[    0.297017] NET: Registered PF_INET protocol family
[    0.297378] IP idents hash table entries: 8192 (order: 4, 65536 bytes, linear)
[    0.298790] tcp_listen_portaddr_hash hash table entries: 512 (order: 0, 4096 bytes, linear)
[    0.298829] Table-perturb hash table entries: 65536 (order: 6, 262144 bytes, linear)
[    0.298853] TCP established hash table entries: 4096 (order: 2, 16384 bytes, linear)
[    0.298896] TCP bind hash table entries: 4096 (order: 4, 65536 bytes, linear)
[    0.298997] TCP: Hash tables configured (established 4096 bind 4096)
[    0.299119] UDP hash table entries: 256 (order: 1, 8192 bytes, linear)
[    0.299147] UDP-Lite hash table entries: 256 (order: 1, 8192 bytes, linear)
[    0.299323] NET: Registered PF_UNIX/PF_LOCAL protocol family
[    0.312536] RPC: Registered named UNIX socket transport module.
[    0.312557] RPC: Registered udp transport module.
[    0.312562] RPC: Registered tcp transport module.
[    0.312568] RPC: Registered tcp-with-tls transport module.
[    0.312573] RPC: Registered tcp NFSv4.1 backchannel transport module.
[    0.312598] PCI: CLS 0 bytes, default 64
[    0.314083] Initialise system trusted keyrings
[    0.314650] workingset: timestamp_bits=14 max_order=17 bucket_order=3
[    0.316109] NFS: Registering the id_resolver key type
[    0.316175] Key type id_resolver registered
[    0.316183] Key type id_legacy registered
[    0.316232] jffs2: version 2.2. (NAND) (SUMMARY)  Â© 2001-2006 Red Hat, Inc.
[    0.316641] Key type asymmetric registered
[    0.316656] Asymmetric key parser 'x509' registered
[    0.316721] io scheduler mq-deadline registered
[    0.316732] io scheduler kyber registered
[    0.316805] io scheduler bfq registered
[    0.318876] ledtrig-cpu: registered to indicate activity on CPUs
[    0.331730] Serial: 8250/16550 driver, 6 ports, IRQ sharing enabled
[    0.375032] brd: module loaded
[    0.395711] loop: module loaded
[    0.396650] mtdoops: mtd device (mtddev=name/number) must be supplied
[    0.399820] i2c_dev: i2c /dev entries driver
[    0.400813] cpuidle: enable-method property 'ti,am3352' found operations
[    0.401261] sdhci: Secure Digital Host Controller Interface driver
[    0.401271] sdhci: Copyright(c) Pierre Ossman
[    0.401644] sdhci-pltfm: SDHCI platform and OF driver helper
[    0.402683] Initializing XFRM netlink socket
[    0.402838] NET: Registered PF_INET6 protocol family
[    0.412822] Segment Routing with IPv6
[    0.412914] In-situ OAM (IOAM) with IPv6
[    0.413013] sit: IPv6, IPv4 and MPLS over IPv4 tunneling driver
[    0.413985] NET: Registered PF_PACKET protocol family
[    0.414022] NET: Registered PF_KEY protocol family
[    0.414229] Key type dns_resolver registered
[    0.414506] ThumbEE CPU extension supported.
[    0.414527] Registering SWP/SWPB emulation handler
[    0.415056] omap_voltage_late_init: Voltage driver support not added
[    0.415409] SmartReflex Class3 initialized
[    0.442710] Loading compiled-in X.509 certificates
[    0.524680] platform 44e10800.pinmux: Fixed dependency cycle(s) with /ocp/interconnect@44c00000/segment@200000/target-module@10000/scm@0/pinmux@800/clkout2-pins
[    0.525236] pinctrl-single 44e10800.pinmux: 142 pins, size 568
[    0.530249] ti-sysc 44e31000.target-module: probe with driver ti-sysc failed with error -16
[    0.569595] ti-sysc 48040000.target-module: probe with driver ti-sysc failed with error -16
[    0.608474] OMAP GPIO hardware version 0.1
[    0.636245] omap_i2c 4819c000.i2c: bus 2 rev0.11 at 100 kHz
[    0.662092] 48000000.interconnect:segment@200000:target-module@0:mpu@0:fck: device ID is greater than 24
[    0.666318] platform 4830e000.lcdc: Fixed dependency cycle(s) with /ocp/interconnect@44c00000/segment@200000/target-module@b000/i2c@0/tda19988@70
[    0.677551] sdhci-omap 481d8000.mmc: supply pbias not found, using dummy regulator
[    0.678063] sdhci-omap 481d8000.mmc: supply vqmmc not found, using dummy regulator
[    0.739202] davinci_mdio 4a101000.mdio: davinci mdio revision 1.6, bus freq 1000000
[     0.886832] davinci_mdio 4a101000.mdio: phy[0]: device 4a101 000.mdio:00, driver SMSC LAN8710/LAN8720
[    0.887623] cpsw- switch 4a100000.switch: initialized cpsw ale version 1.4
[     0.887645] cpsw-switch 4a100000.switch: ALE Table size 1024, P olicers 
[    2.312338] tps65217-pmic: Failed to locate of_node [id: -1]
[    2.318400] tps65217-bl: Failed to locate of_node [id: -1]
[    2.329825] tps65217 0-0024: TPS65217 ID 0xe version 1.2
[    2.335989] platform 4830e000.lcdc: Fixed dependency cycle(s) with /ocp/interconnect@44c00000/segment@200000/target-module@b000/i2c@0/tda19988@70
[    2.349434] i2c 0-0070: Fixed dependency cycle(s) with /ocp/interconnect@48000000/segment@300000/target-module@e000/lcdc@0
[    2.360837] omap_i2c 44e0b000.i2c: bus 0 rev0.11 at 400 kHz
[    2.368678] omap_gpio 44e07000.gpio: Could not set line 6 debounce to 200000 microseconds (-22)
[    2.377561] sdhci-omap 48060000.mmc: Got CD GPIO
[    2.382627] sdhci-omap 48060000.mmc: supply pbias not found, using dummy regulator
[    2.393057] sdhci-omap 48060000.mmc: supply vqmmc not found, using dummy regulator
[    2.402085] sdhci-omap 481d8000.mmc: supply pbias not found, using dummy regulator
[    2.410072] sdhci-omap 481d8000.mmc: supply vqmmc not found, using dummy regulator
[    2.448537] mmc1: SDHCI controller on 481d8000.mmc [481d8000.mmc] using External DMA
[    2.457804] mmc0: SDHCI controller on 48060000.mmc [48060000.mmc] using External DMA
[    2.466453] cpsw-switch 4a100000.switch: starting ndev. mode: dual_mac
[    2.510625] mmc0: new high speed SDHC card at address 5048
[    2.517732] mmcblk0: mmc0:5048 SD16G 14.4 GiB
[    2.525887]  mmcblk0: p1 p2
[    2.529308] mmcblk0: p2 size 31221760 extends beyond EOD, truncated
[    2.542571] SMSC LAN8710/LAN8720 4a101000.mdio:00: attached PHY driver (mii_bus:phy_addr=4a101000.mdio:00, irq=POLL)
[    2.555245] mmc1: new high speed MMC card at address 0001
[    2.562271] mmcblk1: mmc1:0001 MMC04G 3.60 GiB
[    2.573918]  mmcblk1: p1 p2
[    2.578237] mmcblk1boot0: mmc1:0001 MMC04G 2.00 MiB
[    2.585615] mmcblk1boot1: mmc1:0001 MMC04G 2.00 MiB
[    2.593167] mmcblk1rpmb: mmc1:0001 MMC04G 128 KiB, chardev (250:0)
[    5.682108] cpsw-switch 4a100000.switch eth0: Link is Up - 100Mbps/Full - flow control off
[    5.711352] IP-Config: Complete:
[    5.714628]      device=eth0, hwaddr=6c:ec:eb:68:de:78, ipaddr=192.168.255.1, mask=255.255.255.0, gw=255.255.255.255
[    5.725272]      host=bbb1, domain=, nis-domain=(none)
[    5.730441]      bootserver=192.168.255.126, rootserver=192.168.255.126, rootpath=
[    5.730885] clk: Disabling unused clocks
[    5.742754] PM: genpd: Disabling unused power domains
[    5.747874] KTAP version 1
[    5.750596] 1..0
[    5.779973] VFS: Mounted root (nfs filesystem) on device 0:17.
[    5.787106] devtmpfs: mounted
[    5.791964] Freeing unused kernel image (initmem) memory: 1024K
[    5.798675] Run /sbin/init as init process
[    6.503892] systemd[1]: System time before build time, advancing clock.
[    7.981357] random: crng init done
[    8.014079] systemd[1]: systemd 232 running in system mode. (+PAM +AUDIT +SELINUX +IMA +APPARMOR +SMACK +SYSVINIT +UTMP +LIBCRYPTSETUP +GCRYPT +GNUTLS +ACL +XZ +LZ4 +SECCOMP +BLKID +ELFUTILS +KMOD +IDN)
[    8.033145] systemd[1]: Detected architecture arm.

Welcome to [1mDebian GNU/Linux 9 (stretch)[0m!

[    8.064566] systemd[1]: Set hostname to <arm>.
[    9.221281] systemd[1]: Created slice User and Session Slice.
[[0;32m  OK  [0m] Created slice User and Session Slice.
[    9.243280] systemd[1]: Listening on Syslog Socket.
[[0;32m  OK  [0m] Listening on Syslog Socket.
[    9.272417] systemd[1]: Listening on Journal Audit Socket.
[[0;32m  OK  [0m] Listening on Journal Audit Socket.
[    9.303176] systemd[1]: Set up automount Arbitrary Executable File Formats File System Automount Point.
[[0;32m  OK  [0m] Set up automount Arbitrary Executabâ€¦rmats File System Automount Point.
[    9.332026] systemd[1]: Listening on udev Kernel Socket.
[[0;32m  OK  [0m] Listening on udev Kernel Socket.
[    9.361775] systemd[1]: Reached target Remote File Systems.
[[0;32m  OK  [0m] Reached target Remote File Systems.
[    9.393397] systemd[1]: Listening on /dev/initctl Compatibility Named Pipe.
[[0;32m  OK  [0m] Listening on /dev/initctl Compatibility Named Pipe.
[[0;32m  OK  [0m] Listening on Journal Socket (/dev/log).
[[0;32m  OK  [0m] Listening on udev Control Socket.
[[0;32m  OK  [0m] Started Dispatch Password Requests to Console Directory Watch.
[[0;32m  OK  [0m] Created slice System Slice.
[[0;32m  OK  [0m] Reached target Slices.
         Mounting POSIX Message Queue File System...
         Mounting Debug File System...
[[0;32m  OK  [0m] Created slice system-getty.slice.
[[0;32m  OK  [0m] Created slice system-serial\x2dgetty.slice.
[[0;32m  OK  [0m] Listening on Journal Socket.
         Starting Load Kernel Modules...
         Starting Create list of required stâ€¦ce nodes for the current kernel...
         Starting Remount Root and Kernel File Systems...
         Starting Journal Service...
[[0;32m  OK  [0m] Started Forward Password Requests to Wall Directory Watch.
[[0;32m  OK  [0m] Reached target Encrypted Volumes.
[[0;32m  OK  [0m] Reached target Paths.
[[0;32m  OK  [0m] Reached target Swap.
[[0;32m  OK  [0m] Mounted POSIX Message Queue File System.
[[0;32m  OK  [0m] Mounted Debug File System.
[[0;32m  OK  [0m] Started Load Kernel Modules.
[[0;32m  OK  [0m] Started Create list of required staâ€¦vice nodes for the current kernel.
[[0;32m  OK  [0m] Started Remount Root and Kernel File Systems.
         Starting Load/Save Random Seed...
         Starting udev Coldplug all Devices...
         Starting Create Static Device Nodes in /dev...
         Mounting Configuration File System...
         Starting Apply Kernel Variables...
[[0;32m  OK  [0m] Started Load/Save Random Seed.
[[0;32m  OK  [0m] Mounted Configuration File System.
[[0;32m  OK  [0m] Started Apply Kernel Variables.
[[0;32m  OK  [0m] Started Create Static Device Nodes in /dev.
         Starting udev Kernel Device Manager...
[[0;32m  OK  [0m] Reached target Local File Systems (Pre).
[[0;32m  OK  [0m] Reached target Local File Systems.
         Starting Raise network interfaces...
[[0;32m  OK  [0m] Started Journal Service.
         Starting Flush Journal to Persistent Storage...
[   11.785897] systemd-journald[86]: Received request to flush runtime journal from PID 1
[[0;32m  OK  [0m] Started Flush Journal to Persistent Storage.
         Starting Create Volatile Files and Directories...
[[0;32m  OK  [0m] Started udev Kernel Device Manager.
[[0;32m  OK  [0m] Started Create Volatile Files and Directories.
         Starting Update UTMP about System Boot/Shutdown...
         Starting Network Time Synchronization...
[[0;32m  OK  [0m] Started udev Coldplug all Devices.
[   14.456972] remoteproc remoteproc0: wkup_m3 is available
[[0;32m  OK  [0m] Started Update UTMP about System Boot/Shutdown.
[   14.867891] am335x-phy-driver 47401300.usb-phy: dummy supplies not allowed for exclusive requests (id=vbus)
[   14.897958] at24 2-0054: supply vcc not found, using dummy regulator
[   15.026291] at24 2-0055: supply vcc not found, using dummy regulator
[   15.055416] tps6521x_pwrbutton tps65217-pwrbutton: DMA mask not set
[   15.134946] at24 2-0056: supply vcc not found, using dummy regulator
[   15.173116] input: tps65217_pwrbutton as /devices/platform/ocp/44c00000.interconnect/44c00000.interconnect:segment@200000/44e0b000.target-module/44e0b000.i2c/i2c-0/0-0024/tps65217-pwrbutton/input/input0
[[0;32m  OK  [0m] Found device /dev/ttyS0.
[   15.252666] am335x-phy-driver 47401b00.usb-phy: dummy supplies not allowed for exclusive requests (id=vbus)
[   15.269031] at24 2-0057: supply vcc not found, using dummy regulator
[   15.379684] wkup_m3_ipc 44e11324.wkup_m3_ipc: IPC Request for A8->M3 Channel failed! -517
[   15.404637] at24 0-0050: 32768 byte 24c256 EEPROM, writable, 1 bytes/write
[   15.427433] wkup_m3_ipc 44e11324.wkup_m3_ipc: IPC Request for A8->M3 Channel failed! -517
[   15.442542] omap_rtc 44e3e000.rtc: registered as rtc0
[   15.449097] omap_rtc 44e3e000.rtc: setting system clock to 2000-01-01T00:00:00 UTC (946684800)
[   15.642369] wkup_m3_ipc 44e11324.wkup_m3_ipc: IPC Request for A8->M3 Channel failed! -517
[   15.720676] omap_wdt: OMAP Watchdog Timer Rev 0x01: initial timeout 60 sec
[   15.730373] wkup_m3_ipc 44e11324.wkup_m3_ipc: IPC Request for A8->M3 Channel failed! -517
[   16.189581] usbcore: registered new interface driver usbfs
[   16.195437] usbcore: registered new interface driver hub
[   16.200896] usbcore: registered new device driver usb
[   16.720356] wkup_m3_ipc 44e11324.wkup_m3_ipc: IPC Request for A8->M3 Channel failed! -517
[   16.827136] musb-hdrc musb-hdrc.1: MUSB HDRC host driver
[   16.832814] musb-hdrc musb-hdrc.1: new USB bus registered, assigned bus number 1
[   16.843595] wkup_m3_ipc 44e11324.wkup_m3_ipc: IPC Request for A8->M3 Channel failed! -517
[[0;32m  OK  [0m] Started Network Time Synchronization.
[[0;32m  OK  [0m] Reached target System Time Synchronized.
[[0;32m  OK  [0m] Reached target System Initialization.
[   16.959628] tda998x 0-0070: found TDA19988
[   16.964004] usb usb1: New USB device found, idVendor=1d6b, idProduct=0002, bcdDevice= 6.12
[   16.972391] usb usb1: New USB device strings: Mfr=3, Product=2, SerialNumber=1
[   16.979654] usb usb1: Product: MUSB HDRC host driver
[   16.984690] usb usb1: Manufacturer: Linux 6.12.0-rc6-next-20241105 musb-hcd
[   16.991718] usb usb1: SerialNumber: musb-hdrc.1
[   17.046687] omap-mailbox 480c8000.mailbox: omap mailbox rev 0x400
[[0;32m  OK  [0m] Listening on D-Bus System Message Bus Socket.
[   17.148493] remoteproc remoteproc0: powering up wkup_m3
[[0;32m  OK  [0m] Started Daily apt download activities.
[   17.245264] remoteproc remoteproc0: Direct firmware load for am335x-pm-firmware.elf failed with error -2
[   17.255119] remoteproc remoteproc0: request_firmware failed: -2
[   17.261088] wkup_m3_ipc 44e11324.wkup_m3_ipc: rproc_boot failed
[[0;32m  OK  [0m] Started Daily apt upgrade and clean activities.
[   17.390800] hub 1-0:1.0: USB hub found
[[0;32m  OK  [0m] Listening on Avahi mDNS/DNS-SD Stack Activation Socket.
[[0;32m  OK  [0m] Reached target Sockets.
[[0;32m  OK  [0m] Reached target Basic System.[   17.452298] hub 1-0:1.0: 1 port detected

         Starting Login Service...
         Starting Telephony service...
         Starting System Logging Service...
[[0;32m  OK  [0m] Started Regular background program processing daemon.
         Starting Cape Manager Service...
         Starting Generic Board Startup...
[[0;32m  OK  [0m] Started Daily Cleanup of Temporary Directories.
[[0;32m  OK  [0m] Reached target Timers.
         Starting DUN service...
[[0;32m  OK  [0m] Started D-Bus System Message Bus.
[   19.821241] omap_rng 48310000.rng: Random Number Generator ver. 20
[   20.011241] tilcdc 4830e000.lcdc: bound 0-0070 (ops tda998x_driver_exit [tda998x])
[   20.126993] [drm] Initialized tilcdc 1.0.0 for 4830e000.lcdc on minor 0
[   20.227539] tilcdc 4830e000.lcdc: [drm] Cannot find any crtc or sizes
[   20.236063] tilcdc 4830e000.lcdc: [drm] Cannot find any crtc or sizes
[   20.998258] PM: Cannot get wkup_m3_ipc handle
[   21.030914] omap-sham 53100000.sham: hw accel on OMAP rev 4.3
[   21.108957] omap-aes 53500000.aes: OMAP AES hw accel rev: 3.2
[   21.159408] omap-sham 53100000.sham: will run requests pump with realtime priority
[   21.171960] PM: Cannot get wkup_m3_ipc handle
[   21.233558] omap-aes 53500000.aes: will run requests pump with realtime priority
[   21.246061] PM: Cannot get wkup_m3_ipc handle
[[0;32m  OK  [0m] Started Telephony service.
[[0;32m  OK  [0m] Started DUN service.
         Starting Connection service...
         Starting Avahi mDNS/DNS-SD Stack...
         Starting LSB: Load kernel modules needed to enable cpufreq scaling...
         Starting LSB: Start busybox udhcpd at boot time...
[[0;32m  OK  [0m] Started System Logging Service.
[[0;32m  OK  [0m] Started Cape Manager Service.
[   23.816145] Bluetooth: Core ver 2.22
[   23.820036] NET: Registered PF_BLUETOOTH protocol family
[   23.825581] Bluetooth: HCI device and connection manager initialized
[   23.832093] Bluetooth: HCI socket layer initialized
[   23.837011] Bluetooth: L2CAP socket layer initialized
[   23.842174] Bluetooth: SCO socket layer initialized
[   24.974853] PM: Cannot get wkup_m3_ipc handle
[   25.119677] PM: Cannot get wkup_m3_ipc handle
[[0;32m  OK  [0m] Started LSB: Start busybox udhcpd at boot time.
[[0;32m  OK  [0m] Started Raise network interfaces.
[[0;32m  OK  [0m] Started LSB: Load kernel modules needed to enable cpufreq scaling.
[   28.500743] configfs-gadget.g_multi gadget.0: HOST MAC 1c:ba:8c:a2:ed:6c
[   28.507751] configfs-gadget.g_multi gadget.0: MAC 1c:ba:8c:a2:ed:70
[   28.515212] configfs-gadget.g_multi gadget.0: HOST MAC 1c:ba:8c:a2:ed:6c
[   28.522073] configfs-gadget.g_multi gadget.0: MAC 1c:ba:8c:a2:ed:6d
[   28.532378] PM: Cannot get wkup_m3_ipc handle
[[0;32m  OK  [0m] Started Avahi mDNS/DNS-SD Stack.
[[0;32m  OK  [0m] Started Connection service.
[[0;32m  OK  [0m] Started Login Service.
[[0;32m  OK  [0m] Reached target Sound Card.
         Starting LSB: set CPUFreq kernel parameters...
[[0;32m  OK  [0m] Reached target Network.
[[0;32m  OK  [0m] Reached target Network is Online.
         Starting LSB: Advanced IEEE 802.11 management daemon...
         Starting OpenBSD Secure Shell server...
         Starting The Apache HTTP Server...
         Starting Permit User Sessions...
[[0;32m  OK  [0m] Started LSB: Advanced IEEE 802.11 management daemon.
[[0;32m  OK  [0m] Started Permit User Sessions.
         Starting Hostname Service...
         Starting WPA supplicant...
[[0;32m  OK  [0m] Started Getty on tty1.
[[0;32m  OK  [0m] Started Serial Getty on ttyS0.
[[0;32m  OK  [0m] Reached target Login Prompts.
[[0;32m  OK  [0m] Started LSB: set CPUFreq kernel parameters.
[[0;32m  OK  [0m] Started WPA supplicant.
[[0;32m  OK  [0m] Started Hostname Service.
[[0;32m  OK  [0m] Started OpenBSD Secure Shell server.
         Stopping LSB: Start busybox udhcpd at boot time...
[[0;32m  OK  [0m] Stopped LSB: Start busybox udhcpd at boot time.
[[0;32m  OK  [0m] Started The Apache HTTP Server.
         Starting dnsmasq - A lightweight DHCP and caching DNS server...
[[0;32m  OK  [0m] Started dnsmasq - A lightweight DHCP and caching DNS server.
[[0;32m  OK  [0m] Reached target Host and Network Name Lookups.
[[0;32m  OK  [0m] Started Serial Getty on ttyGS0.
[[0;32m  OK  [0m] Started Generic Board Startup.
[[0;32m  OK  [0m] Reached target Multi-User System.
[[0;32m  OK  [0m] Reached target Graphical Interface.
         Starting Update UTMP about System Runlevel Changes...
[[0;32m  OK  [0m] Started Update UTMP about System Runlevel Changes.

Debian GNU/Linux 9 arm ttyS0

default username:password is [debian:temppwd]

arm login: root
Password: 
Last login: Sat Jan  1 00:00:34 UTC 2000 on ttyS0
root
Linux arm 6.12.0-rc6-next-20241105 #130 SMP Tue Nov  5 09:41:37 EET 2024 armv7l

The programs included with the Debian GNU/Linux system are free software;
the exact distribution terms for each program are described in the
individual files in /usr/share/doc/*/copyright.

Debian GNU/Linux comes with ABSOLUTELY NO WARRANTY, to the extent
permitted by applicable law.
root@arm:~# root
dmesg -n 1
-bash: root: command not found
root@arm:~# dmesg -n 1
root@arm:~# echo 'XEQX''FZOYAQ'
XEQXFZOYAQ
root@arm:~# run() { echo -n "$MARKER"; sh -c "$@"; echo "$MARKER $?"; }
root@arm:~# echo 'QOXK''VUVZHT'
QOXKVUVZHT
root@arm:~# MARKER='PJHJ''CMCKWK' run 'cat /proc/version'
PJHJCMCKWKLinux version 6.12.0-rc6-next-20241105 (user01@drvtest01) (arm-linux-gnueabihf-gcc (Linaro GCC 6.4-2017.11) 6.4.1 20171012, GNU ld (Linaro_Binutils-2017.11) 2.27.0.20161229) #130 SMP Tue Nov  5 09:41:37 EET 2024
PJHJCMCKWK 0
root@arm:~# echo 'NMKM''AWXJUT'
NMKMAWXJUT
root@arm:~# MARKER='CFOG''UTOVCF' run false
CFOGUTOVCFCFOGUTOVCF 1
root@arm:~# Labgrid Console Logfile for main
Logfile started at 2024-11-05 09:43:25.889673
=== Log starts here ===

root@arm:~# run() { echo -n "$MARKER"; sh -c "$@"; echo "$MARKER $?"; }
root@arm:~# echo 'EBUZ''SEFVEX'
EBUZSEFVEX
root@arm:~# MARKER='VXTX''LQYMLO' run dmesg
VXTXLQYMLO[    0.000000] Booting Linux on physical CPU 0x0
[    0.000000] Linux version 6.12.0-rc6-next-20241105 (user01@drvtest01) (arm-linux-gnueabihf-gcc (Linaro GCC 6.4-2017.11) 6.4.1 20171012, GNU ld (Linaro_Binutils-2017.11) 2.27.0.20161229) #130 SMP Tue Nov  5 09:41:37 EET 2024
[    0.000000] CPU: ARMv7 Processor [413fc082] revision 2 (ARMv7), cr=10c5387d
[    0.000000] CPU: PIPT / VIPT nonaliasing data cache, VIPT aliasing instruction cache
[    0.000000] OF: fdt: Machine model: TI AM335x BeagleBone Black
[    0.000000] Memory policy: Data cache writeback
[    0.000000] cma: Reserved 16 MiB at 0x9e800000 on node -1
[    0.000000] Zone ranges:
[    0.000000]   Normal   [mem 0x0000000080000000-0x000000009fdfffff]
[    0.000000]   HighMem  empty
[    0.000000] Movable zone start for each node
[    0.000000] Early memory node ranges
[    0.000000]   node   0: [mem 0x0000000080000000-0x000000009fdfffff]
[    0.000000] Initmem setup node 0 [mem 0x0000000080000000-0x000000009fdfffff]
[    0.000000] OF: reserved mem: Reserved memory: No reserved-memory node in the DT
[    0.000000] CPU: All CPU(s) started in SVC mode.
[    0.000000] AM335X ES2.1 (sgx neon)
[    0.000000] percpu: Embedded 17 pages/cpu s39564 r8192 d21876 u69632
[    0.000000] pcpu-alloc: s39564 r8192 d21876 u69632 alloc=17*4096
[    0.000000] pcpu-alloc: [0] 0 
[    0.000000] Kernel command line: console=ttyO0,115200n8 root=/dev/nfs rw nfsroot=192.168.255.126:/home/user01/nfs,nfsvers=3 ip=192.168.255.1:192.168.255.126::255.255.255.0:bbb1:eth0 nfsrootdebug
[    0.000000] Unknown kernel command line parameters "nfsrootdebug", will be passed to user space.
[    0.000000] printk: log buffer data + meta data: 65536 + 204800 = 270336 bytes
[    0.000000] Dentry cache hash table entries: 65536 (order: 6, 262144 bytes, linear)
[    0.000000] Inode-cache hash table entries: 32768 (order: 5, 131072 bytes, linear)
[    0.000000] Built 1 zonelists, mobility grouping on.  Total pages: 130560
[    0.000000] mem auto-init: stack:off, heap alloc:off, heap free:off
[    0.000000] SLUB: HWalign=64, Order=0-3, MinObjects=0, CPUs=1, Nodes=1
[    0.000000] trace event string verifier disabled
[    0.000000] rcu: Hierarchical RCU implementation.
[    0.000000] rcu: 	RCU event tracing is enabled.
[    0.000000] rcu: 	RCU restricting CPUs from NR_CPUS=2 to nr_cpu_ids=1.
[    0.000000] 	Tracing variant of Tasks RCU enabled.
[    0.000000] rcu: RCU calculated value of scheduler-enlistment delay is 10 jiffies.
[    0.000000] rcu: Adjusting geometry for rcu_fanout_leaf=16, nr_cpu_ids=1
[    0.000000] RCU Tasks Trace: Setting shift to 0 and lim to 1 rcu_task_cb_adjust=1 rcu_task_cpu_ids=1.
[    0.000000] NR_IRQS: 16, nr_irqs: 16, preallocated irqs: 16
[    0.000000] IRQ: Found an INTC at 0x(ptrval) (revision 5.0) with 128 interrupts
[    0.000000] rcu: srcu_init: Setting srcu_struct sizes based on contention.
[    0.000000] TI gptimer clocksource: always-on /ocp/interconnect@44c00000/segment@200000/target-module@31000
[    0.000002] sched_clock: 32 bits at 24MHz, resolution 41ns, wraps every 89478484971ns
[    0.000026] clocksource: dmtimer: mask: 0xffffffff max_cycles: 0xffffffff, max_idle_ns: 79635851949 ns
[    0.000500] TI gptimer clockevent: 24000000 Hz at /ocp/interconnect@48000000/segment@0/target-module@40000
[    0.002149] Console: colour dummy device 80x30
[    0.002219] WARNING: Your 'console=ttyO0' has been replaced by 'ttyS0'
[    0.002226] This ensures that you still see kernel messages. Please
[    0.002231] update your kernel commandline.
[    0.002272] Calibrating delay loop... 996.14 BogoMIPS (lpj=4980736)
[    0.090554] CPU: Testing write buffer coherency: ok
[    0.090656] CPU0: Spectre v2: using BPIALL workaround
[    0.090667] pid_max: default: 32768 minimum: 301
[    0.090793] LSM: initializing lsm=capability
[    0.090976] Mount-cache hash table entries: 1024 (order: 0, 4096 bytes, linear)
[    0.090996] Mountpoint-cache hash table entries: 1024 (order: 0, 4096 bytes, linear)
[    0.092652] CPU0: thread -1, cpu 0, socket -1, mpidr 0
[    0.160939] Setting up static identity map for 0x80100000 - 0x80100078
[    0.170709] rcu: Hierarchical SRCU implementation.
[    0.170722] rcu: 	Max phase no-delay instances is 1000.
[    0.190764] smp: Bringing up secondary CPUs ...
[    0.190825] smp: Brought up 1 node, 1 CPU
[    0.190841] SMP: Total of 1 processors activated (996.14 BogoMIPS).
[    0.190852] CPU: All CPU(s) started in SVC mode.
[    0.191047] Memory: 480864K/522240K available (11264K kernel code, 1213K rwdata, 2892K rodata, 1024K init, 297K bss, 23364K reserved, 16384K cma-reserved, 0K highmem)
[    0.191924] devtmpfs: initialized
[    0.209075] VFP support v0.3: implementor 41 architecture 3 part 30 variant c rev 3
[    0.209430] clocksource: jiffies: mask: 0xffffffff max_cycles: 0xffffffff, max_idle_ns: 19112604462750000 ns
[    0.209463] futex hash table entries: 256 (order: 2, 16384 bytes, linear)
[    0.210965] pinctrl core: initialized pinctrl subsystem
[    0.213806] NET: Registered PF_NETLINK/PF_ROUTE protocol family
[    0.216629] DMA: preallocated 256 KiB pool for atomic coherent allocations
[    0.217562] audit: initializing netlink subsys (disabled)
[    0.219017] thermal_sys: Registered thermal governor 'fair_share'
[    0.219035] thermal_sys: Registered thermal governor 'step_wise'
[    0.219045] thermal_sys: Registered thermal governor 'user_space'
[    0.219206] audit: type=2000 audit(0.210:1): state=initialized audit_enabled=0 res=1
[    0.219242] cpuidle: using governor menu
[    0.238288] No ATAGs?
[    0.238312] hw-breakpoint: debug architecture 0x4 unsupported.
[    0.241201] kprobes: kprobe jump-optimization is enabled. All kprobes are optimized if possible.
[    0.254139] iommu: Default domain type: Translated
[    0.254163] iommu: DMA domain TLB invalidation policy: strict mode
[    0.255848] reg-fixed-voltage fixedregulator0: using DT '/fixedregulator0' for '(default)' GPIO lookup
[    0.255902] of_get_named_gpiod_flags: can't parse 'gpios' property of node '/fixedregulator0[0]'
[    0.255931] of_get_named_gpiod_flags: can't parse 'gpio' property of node '/fixedregulator0[0]'
[    0.255949] reg-fixed-voltage fixedregulator0: using lookup tables for GPIO lookup
[    0.255960] reg-fixed-voltage fixedregulator0: No GPIO consumer (default) found
[    0.261923] SCSI subsystem initialized
[    0.262413] libata version 3.00 loaded.
[    0.262777] pps_core: LinuxPPS API ver. 1 registered
[    0.262788] pps_core: Software ver. 5.3.6 - Copyright 2005-2007 Rodolfo Giometti <giometti@linux.it>
[    0.262813] PTP clock support registered
[    0.270915] vgaarb: loaded
[    0.271331] clocksource: Switched to clocksource dmtimer
[    0.272046] VFS: Disk quotas dquot_6.6.0
[    0.272090] VFS: Dquot-cache hash table entries: 1024 (order 0, 4096 bytes)
[    0.297017] NET: Registered PF_INET protocol family
[    0.297378] IP idents hash table entries: 8192 (order: 4, 65536 bytes, linear)
[    0.298790] tcp_listen_portaddr_hash hash table entries: 512 (order: 0, 4096 bytes, linear)
[    0.298829] Table-perturb hash table entries: 65536 (order: 6, 262144 bytes, linear)
[    0.298853] TCP established hash table entries: 4096 (order: 2, 16384 bytes, linear)
[    0.298896] TCP bind hash table entries: 4096 (order: 4, 65536 bytes, linear)
[    0.298997] TCP: Hash tables configured (established 4096 bind 4096)
[    0.299119] UDP hash table entries: 256 (order: 1, 8192 bytes, linear)
[    0.299147] UDP-Lite hash table entries: 256 (order: 1, 8192 bytes, linear)
[    0.299323] NET: Registered PF_UNIX/PF_LOCAL protocol family
[    0.312536] RPC: Registered named UNIX socket transport module.
[    0.312557] RPC: Registered udp transport module.
[    0.312562] RPC: Registered tcp transport module.
[    0.312568] RPC: Registered tcp-with-tls transport module.
[    0.312573] RPC: Registered tcp NFSv4.1 backchannel transport module.
[    0.312598] PCI: CLS 0 bytes, default 64
[    0.314083] Initialise system trusted keyrings
[    0.314650] workingset: timestamp_bits=14 max_order=17 bucket_order=3
[    0.316109] NFS: Registering the id_resolver key type
[    0.316175] Key type id_resolver registered
[    0.316183] Key type id_legacy registered
[    0.316232] jffs2: version 2.2. (NAND) (SUMMARY)  Â© 2001-2006 Red Hat, Inc.
[    0.316641] Key type asymmetric registered
[    0.316656] Asymmetric key parser 'x509' registered
[    0.316721] io scheduler mq-deadline registered
[    0.316732] io scheduler kyber registered
[    0.316805] io scheduler bfq registered
[    0.318876] ledtrig-cpu: registered to indicate activity on CPUs
[    0.331730] Serial: 8250/16550 driver, 6 ports, IRQ sharing enabled
[    0.375032] brd: module loaded
[    0.395711] loop: module loaded
[    0.396650] mtdoops: mtd device (mtddev=name/number) must be supplied
[    0.398395] mdio_bus fixed-0: using lookup tables for GPIO lookup
[    0.398420] mdio_bus fixed-0: No GPIO consumer reset found
[    0.399820] i2c_dev: i2c /dev entries driver
[    0.400813] cpuidle: enable-method property 'ti,am3352' found operations
[    0.401261] sdhci: Secure Digital Host Controller Interface driver
[    0.401271] sdhci: Copyright(c) Pierre Ossman
[    0.401644] sdhci-pltfm: SDHCI platform and OF driver helper
[    0.402683] Initializing XFRM netlink socket
[    0.402838] NET: Registered PF_INET6 protocol family
[    0.412822] Segment Routing with IPv6
[    0.412914] In-situ OAM (IOAM) with IPv6
[    0.413013] sit: IPv6, IPv4 and MPLS over IPv4 tunneling driver
[    0.413985] NET: Registered PF_PACKET protocol family
[    0.414022] NET: Registered PF_KEY protocol family
[    0.414229] Key type dns_resolver registered
[    0.414506] ThumbEE CPU extension supported.
[    0.414527] Registering SWP/SWPB emulation handler
[    0.415056] omap_voltage_late_init: Voltage driver support not added
[    0.415409] SmartReflex Class3 initialized
[    0.442710] Loading compiled-in X.509 certificates
[    0.496478] gpiochip_find_base_unlocked: found new base at 512
[    0.524680] platform 44e10800.pinmux: Fixed dependency cycle(s) with /ocp/interconnect@44c00000/segment@200000/target-module@10000/scm@0/pinmux@800/clkout2-pins
[    0.525236] pinctrl-single 44e10800.pinmux: 142 pins, size 568
[    0.530249] ti-sysc 44e31000.target-module: probe with driver ti-sysc failed with error -16
[    0.569595] ti-sysc 48040000.target-module: probe with driver ti-sysc failed with error -16
[    0.580738] gpiochip_find_base_unlocked: found new base at 512
[    0.580844] gpio gpiochip0: (gpio-0-31): created GPIO range 0->7 ==> 44e10800.pinmux PIN 0->7
[    0.580864] gpio gpiochip0: (gpio-0-31): created GPIO range 8->11 ==> 44e10800.pinmux PIN 90->93
[    0.580880] gpio gpiochip0: (gpio-0-31): created GPIO range 12->27 ==> 44e10800.pinmux PIN 12->27
[    0.580895] gpio gpiochip0: (gpio-0-31): created GPIO range 28->31 ==> 44e10800.pinmux PIN 30->33
[    0.608242] gpio gpiochip0: (gpio-0-31): added GPIO chardev (254:0)
[    0.608386] gpio gpiochip0: registered GPIOs 512 to 543 on gpio-0-31
[    0.608474] OMAP GPIO hardware version 0.1
[    0.635206] i2c i2c-2: using DT '/ocp/interconnect@48000000/segment@100000/target-module@9c000/i2c@0' for 'scl' GPIO lookup
[    0.635278] of_get_named_gpiod_flags: can't parse 'scl-gpios' property of node '/ocp/interconnect@48000000/segment@100000/target-module@9c000/i2c@0[0]'
[    0.635321] of_get_named_gpiod_flags: can't parse 'scl-gpio' property of node '/ocp/interconnect@48000000/segment@100000/target-module@9c000/i2c@0[0]'
[    0.635360] i2c i2c-2: using lookup tables for GPIO lookup
[    0.635370] i2c i2c-2: No GPIO consumer scl found
[    0.635391] i2c i2c-2: using DT '/ocp/interconnect@48000000/segment@100000/target-module@9c000/i2c@0' for 'sda' GPIO lookup
[    0.635428] of_get_named_gpiod_flags: can't parse 'sda-gpios' property of node '/ocp/interconnect@48000000/segment@100000/target-module@9c000/i2c@0[0]'
[    0.635466] of_get_named_gpiod_flags: can't parse 'sda-gpio' property of node '/ocp/interconnect@48000000/segment@100000/target-module@9c000/i2c@0[0]'
[    0.635498] i2c i2c-2: using lookup tables for GPIO lookup
[    0.635506] i2c i2c-2: No GPIO consumer sda found
[    0.636245] omap_i2c 4819c000.i2c: bus 2 rev0.11 at 100 kHz
[    0.641827] gpiochip_find_base_unlocked: found new base at 544
[    0.641934] gpio gpiochip1: (gpio-32-63): created GPIO range 0->17 ==> 44e10800.pinmux PIN 34->51
[    0.641954] gpio gpiochip1: (gpio-32-63): created GPIO range 18->21 ==> 44e10800.pinmux PIN 77->80
[    0.641970] gpio gpiochip1: (gpio-32-63): created GPIO range 22->31 ==> 44e10800.pinmux PIN 56->65
[    0.652986] gpio gpiochip1: (gpio-32-63): added GPIO chardev (254:1)
[    0.653149] gpio gpiochip1: registered GPIOs 544 to 575 on gpio-32-63
[    0.655386] gpiochip_find_base_unlocked: found new base at 576
[    0.655482] gpio gpiochip2: (gpio-64-95): created GPIO range 0->4 ==> 44e10800.pinmux PIN 66->70
[    0.655501] gpio gpiochip2: (gpio-64-95): created GPIO range 5->6 ==> 44e10800.pinmux PIN 98->99
[    0.655517] gpio gpiochip2: (gpio-64-95): created GPIO range 7->8 ==> 44e10800.pinmux PIN 75->76
[    0.655532] gpio gpiochip2: (gpio-64-95): created GPIO range 13->13 ==> 44e10800.pinmux PIN 141->141
[    0.655548] gpio gpiochip2: (gpio-64-95): created GPIO range 14->21 ==> 44e10800.pinmux PIN 100->107
[    0.656220] gpio gpiochip2: (gpio-64-95): added GPIO chardev (254:2)
[    0.656357] gpio gpiochip2: registered GPIOs 576 to 607 on gpio-64-95
[    0.662092] 48000000.interconnect:segment@200000:target-module@0:mpu@0:fck: device ID is greater than 24
[    0.666318] platform 4830e000.lcdc: Fixed dependency cycle(s) with /ocp/interconnect@44c00000/segment@200000/target-module@b000/i2c@0/tda19988@70
[    0.675767] mdio_bus 4a101000.mdio: using DT '/ocp/interconnect@4a000000/segment@0/target-module@100000/switch@0/mdio@1000' for 'reset' GPIO lookup
[    0.675840] of_get_named_gpiod_flags: can't parse 'reset-gpios' property of node '/ocp/interconnect@4a000000/segment@0/target-module@100000/switch@0/mdio@1000[0]'
[    0.675888] of_get_named_gpiod_flags: can't parse 'reset-gpio' property of node '/ocp/interconnect@4a000000/segment@0/target-module@100000/switch@0/mdio@1000[0]'
[    0.675938] mdio_bus 4a101000.mdio: using lookup tables for GPIO lookup
[    0.675948] mdio_bus 4a101000.mdio: No GPIO consumer reset found
[    0.677189] sdhci-omap 481d8000.mmc: using DT '/ocp/interconnect@48000000/segment@100000/target-module@d8000/mmc@0' for 'wp' GPIO lookup
[    0.677261] of_get_named_gpiod_flags: can't parse 'wp-gpios' property of node '/ocp/interconnect@48000000/segment@100000/target-module@d8000/mmc@0[0]'
[    0.677308] of_get_named_gpiod_flags: can't parse 'wp-gpio' property of node '/ocp/interconnect@48000000/segment@100000/target-module@d8000/mmc@0[0]'
[    0.677344] sdhci-omap 481d8000.mmc: using lookup tables for GPIO lookup
[    0.677354] sdhci-omap 481d8000.mmc: No GPIO consumer wp found
[    0.677551] sdhci-omap 481d8000.mmc: supply pbias not found, using dummy regulator
[    0.678063] sdhci-omap 481d8000.mmc: supply vqmmc not found, using dummy regulator
[    0.739202] davinci_mdio 4a101000.mdio: davinci mdio revision 1.6, bus freq 1000000
[    0.756456] mdio_bus 4a101000.mdio:00: using DT '/ocp/interconnect@4a000000/segment@0/target-module@100000/switch@0/mdio@1000/ethernet-phy@0' for 'reset' GPIO lookup
[    0.756560] of_get_named_gpiod_flags: parsed 'reset-gpios' property of node '/ocp/interconnect@4a000000/segment@0/target-module@100000/switch@0/mdio@1000/ethernet-phy@0[0]' - status (0)
[    0.756727] gpio gpiochip0: Persistence not supported for GPIO 8
[    0.886832] davinci_mdio 4a101000.mdio: phy[0]: device 4a101000.mdio:00, driver SMSC LAN8710/LAN8720
[    0.887623] cpsw-switch 4a100000.switch: initialized cpsw ale version 1.4
[    0.887645] cpsw-switch 4a100000.switch: ALE Table size 1024, Policers 0
[    0.887960] cpsw-switch 4a100000.switch: cpts: overflow check period 500 (jiffies)
[    0.887981] cpsw-switch 4a100000.switch: CPTS: ref_clk_freq:250000000 calc_mult:2147483648 calc_shift:29 error:0 nsec/sec
[    0.888090] cpsw-switch 4a100000.switch: Detected MACID = 6c:ec:eb:68:de:78
[    0.889941] cpsw-switch 4a100000.switch: initialized (regs 0x4a100000, pool size 256) hw_ver:0019010C 1.12 (0)
[    0.901049] debugfs: Directory '49000000.dma' with parent 'dmaengine' already present!
[    0.901090] edma 49000000.dma: TI EDMA DMA engine driver
[    0.934180] target-module@4b000000:target-module@140000:pmu@0:fck: device ID is greater than 24
[    0.955586] hw perfevents: enabled with armv7_cortex_a8 PMU driver, 5 (8000000f) counters available
[    0.956488] gpio-clk clk_mcasp0: using DT '/clk_mcasp0' for 'enable' GPIO lookup
[    0.956555] of_get_named_gpiod_flags: parsed 'enable-gpios' property of node '/clk_mcasp0[0]' - status (0)
[    0.956599] gpio gpiochip0: Persistence not supported for GPIO 27
[    0.957409] gpiochip_find_base_unlocked: found new base at 608
[    0.957521] gpio gpiochip3: (gpio-96-127): created GPIO range 0->7 ==> 44e10800.pinmux PIN 82->89
[    0.957541] gpio gpiochip3: (gpio-96-127): created GPIO range 8->11 ==> 44e10800.pinmux PIN 52->55
[    0.957556] gpio gpiochip3: (gpio-96-127): created GPIO range 12->15 ==> 44e10800.pinmux PIN 94->97
[    0.957573] gpio gpiochip3: (gpio-96-127): created GPIO range 16->17 ==> 44e10800.pinmux PIN 71->72
[    0.957589] gpio gpiochip3: (gpio-96-127): created GPIO range 18->18 ==> 44e10800.pinmux PIN 135->135
[    0.957606] gpio gpiochip3: (gpio-96-127): created GPIO range 19->20 ==> 44e10800.pinmux PIN 108->109
[    0.957623] gpio gpiochip3: (gpio-96-127): created GPIO range 21->21 ==> 44e10800.pinmux PIN 73->73
[    0.957639] gpio gpiochip3: (gpio-96-127): created GPIO range 22->23 ==> 44e10800.pinmux PIN 8->9
[    0.957657] gpio gpiochip3: (gpio-96-127): created GPIO range 26->27 ==> 44e10800.pinmux PIN 10->11
[    0.957674] gpio gpiochip3: (gpio-96-127): created GPIO range 28->28 ==> 44e10800.pinmux PIN 74->74
[    0.957692] gpio gpiochip3: (gpio-96-127): created GPIO range 29->29 ==> 44e10800.pinmux PIN 81->81
[    0.957711] gpio gpiochip3: (gpio-96-127): created GPIO range 30->31 ==> 44e10800.pinmux PIN 28->29
[    0.963282] l3-aon-clkctrl:0000:0: failed to disable
[    0.963807] gpio gpiochip3: (gpio-96-127): added GPIO chardev (254:3)
[    0.963950] gpio gpiochip3: registered GPIOs 608 to 639 on gpio-96-127
[    0.977629] omap8250 44e09000.serial: using DT '/ocp/interconnect@44c00000/segment@200000/target-module@9000/serial@0' for 'rs485-term' GPIO lookup
[    0.977703] of_get_named_gpiod_flags: can't parse 'rs485-term-gpios' property of node '/ocp/interconnect@44c00000/segment@200000/target-module@9000/serial@0[0]'
[    0.977747] of_get_named_gpiod_flags: can't parse 'rs485-term-gpio' property of node '/ocp/interconnect@44c00000/segment@200000/target-module@9000/serial@0[0]'
[    0.977784] omap8250 44e09000.serial: using lookup tables for GPIO lookup
[    0.977795] omap8250 44e09000.serial: No GPIO consumer rs485-term found
[    0.977805] omap8250 44e09000.serial: using DT '/ocp/interconnect@44c00000/segment@200000/target-module@9000/serial@0' for 'rs485-rx-during-tx' GPIO lookup
[    0.977841] of_get_named_gpiod_flags: can't parse 'rs485-rx-during-tx-gpios' property of node '/ocp/interconnect@44c00000/segment@200000/target-module@9000/serial@0[0]'
[    0.977879] of_get_named_gpiod_flags: can't parse 'rs485-rx-during-tx-gpio' property of node '/ocp/interconnect@44c00000/segment@200000/target-module@9000/serial@0[0]'
[    0.977912] omap8250 44e09000.serial: using lookup tables for GPIO lookup
[    0.977921] omap8250 44e09000.serial: No GPIO consumer rs485-rx-during-tx found
[    0.978304] 44e09000.serial: ttyS0 at MMIO 0x44e09000 (irq = 34, base_baud = 3000000) is a 8250
[    0.978395] printk: legacy console [ttyS0] enabled
[    2.292743] i2c i2c-0: using DT '/ocp/interconnect@44c00000/segment@200000/target-module@b000/i2c@0' for 'scl' GPIO lookup
[    2.292842] of_get_named_gpiod_flags: can't parse 'scl-gpios' property of node '/ocp/interconnect@44c00000/segment@200000/target-module@b000/i2c@0[0]'
[    2.292893] of_get_named_gpiod_flags: can't parse 'scl-gpio' property of node '/ocp/interconnect@44c00000/segment@200000/target-module@b000/i2c@0[0]'
[    2.292935] i2c i2c-0: using lookup tables for GPIO lookup
[    2.292950] i2c i2c-0: No GPIO consumer scl found
[    2.292977] i2c i2c-0: using DT '/ocp/interconnect@44c00000/segment@200000/target-module@b000/i2c@0' for 'sda' GPIO lookup
[    2.293019] of_get_named_gpiod_flags: can't parse 'sda-gpios' property of node '/ocp/interconnect@44c00000/segment@200000/target-module@b000/i2c@0[0]'
[    2.293061] of_get_named_gpiod_flags: can't parse 'sda-gpio' property of node '/ocp/interconnect@44c00000/segment@200000/target-module@b000/i2c@0[0]'
[    2.293098] i2c i2c-0: using lookup tables for GPIO lookup
[    2.293110] i2c i2c-0: No GPIO consumer sda found
[    2.312338] tps65217-pmic: Failed to locate of_node [id: -1]
[    2.318400] tps65217-bl: Failed to locate of_node [id: -1]
[    2.329825] tps65217 0-0024: TPS65217 ID 0xe version 1.2
[    2.335989] platform 4830e000.lcdc: Fixed dependency cycle(s) with /ocp/interconnect@44c00000/segment@200000/target-module@b000/i2c@0/tda19988@70
[    2.349434] i2c 0-0070: Fixed dependency cycle(s) with /ocp/interconnect@48000000/segment@300000/target-module@e000/lcdc@0
[    2.360837] omap_i2c 44e0b000.i2c: bus 0 rev0.11 at 400 kHz
[    2.368476] sdhci-omap 48060000.mmc: using DT '/ocp/interconnect@48000000/segment@0/target-module@60000/mmc@0' for 'cd' GPIO lookup
[    2.368586] of_get_named_gpiod_flags: parsed 'cd-gpios' property of node '/ocp/interconnect@48000000/segment@0/target-module@60000/mmc@0[0]' - status (0)
[    2.368654] gpio gpiochip3: Persistence not supported for GPIO 6
[    2.368678] omap_gpio 44e07000.gpio: Could not set line 6 debounce to 200000 microseconds (-22)
[    2.377561] sdhci-omap 48060000.mmc: Got CD GPIO
[    2.382260] sdhci-omap 48060000.mmc: using DT '/ocp/interconnect@48000000/segment@0/target-module@60000/mmc@0' for 'wp' GPIO lookup
[    2.382312] of_get_named_gpiod_flags: can't parse 'wp-gpios' property of node '/ocp/interconnect@48000000/segment@0/target-module@60000/mmc@0[0]'
[    2.382358] of_get_named_gpiod_flags: can't parse 'wp-gpio' property of node '/ocp/interconnect@48000000/segment@0/target-module@60000/mmc@0[0]'
[    2.382400] sdhci-omap 48060000.mmc: using lookup tables for GPIO lookup
[    2.382415] sdhci-omap 48060000.mmc: No GPIO consumer wp found
[    2.382627] sdhci-omap 48060000.mmc: supply pbias not found, using dummy regulator
[    2.391424] sdhci-omap 481d8000.mmc: using DT '/ocp/interconnect@48000000/segment@100000/target-module@d8000/mmc@0' for 'wp' GPIO lookup
[    2.391527] of_get_named_gpiod_flags: can't parse 'wp-gpios' property of node '/ocp/interconnect@48000000/segment@100000/target-module@d8000/mmc@0[0]'
[    2.391580] of_get_named_gpiod_flags: can't parse 'wp-gpio' property of node '/ocp/interconnect@48000000/segment@100000/target-module@d8000/mmc@0[0]'
[    2.391622] sdhci-omap 481d8000.mmc: using lookup tables for GPIO lookup
[    2.391637] sdhci-omap 481d8000.mmc: No GPIO consumer wp found
[    2.393057] sdhci-omap 48060000.mmc: supply vqmmc not found, using dummy regulator
[    2.402085] sdhci-omap 481d8000.mmc: supply pbias not found, using dummy regulator
[    2.410072] sdhci-omap 481d8000.mmc: supply vqmmc not found, using dummy regulator
[    2.448537] mmc1: SDHCI controller on 481d8000.mmc [481d8000.mmc] using External DMA
[    2.457804] mmc0: SDHCI controller on 48060000.mmc [48060000.mmc] using External DMA
[    2.466453] cpsw-switch 4a100000.switch: starting ndev. mode: dual_mac
[    2.510625] mmc0: new high speed SDHC card at address 5048
[    2.517732] mmcblk0: mmc0:5048 SD16G 14.4 GiB
[    2.525887]  mmcblk0: p1 p2
[    2.529308] mmcblk0: p2 size 31221760 extends beyond EOD, truncated
[    2.542571] SMSC LAN8710/LAN8720 4a101000.mdio:00: attached PHY driver (mii_bus:phy_addr=4a101000.mdio:00, irq=POLL)
[    2.555245] mmc1: new high speed MMC card at address 0001
[    2.562271] mmcblk1: mmc1:0001 MMC04G 3.60 GiB
[    2.573918]  mmcblk1: p1 p2
[    2.578237] mmcblk1boot0: mmc1:0001 MMC04G 2.00 MiB
[    2.585615] mmcblk1boot1: mmc1:0001 MMC04G 2.00 MiB
[    2.593167] mmcblk1rpmb: mmc1:0001 MMC04G 128 KiB, chardev (250:0)
[    5.682108] cpsw-switch 4a100000.switch eth0: Link is Up - 100Mbps/Full - flow control off
[    5.711352] IP-Config: Complete:
[    5.714628]      device=eth0, hwaddr=6c:ec:eb:68:de:78, ipaddr=192.168.255.1, mask=255.255.255.0, gw=255.255.255.255
[    5.725272]      host=bbb1, domain=, nis-domain=(none)
[    5.730441]      bootserver=192.168.255.126, rootserver=192.168.255.126, rootpath=
[    5.730885] clk: Disabling unused clocks
[    5.742754] PM: genpd: Disabling unused power domains
[    5.747874] KTAP version 1
[    5.750596] 1..0
[    5.779973] VFS: Mounted root (nfs filesystem) on device 0:17.
[    5.787106] devtmpfs: mounted
[    5.791964] Freeing unused kernel image (initmem) memory: 1024K
[    5.798675] Run /sbin/init as init process
[    5.802937]   with arguments:
[    5.802954]     /sbin/init
[    5.802963]     nfsrootdebug
[    5.802973]   with environment:
[    5.802982]     HOME=/
[    5.802991]     TERM=linux
[    6.503892] systemd[1]: System time before build time, advancing clock.
[    7.981357] random: crng init done
[    8.014079] systemd[1]: systemd 232 running in system mode. (+PAM +AUDIT +SELINUX +IMA +APPARMOR +SMACK +SYSVINIT +UTMP +LIBCRYPTSETUP +GCRYPT +GNUTLS +ACL +XZ +LZ4 +SECCOMP +BLKID +ELFUTILS +KMOD +IDN)
[    8.033145] systemd[1]: Detected architecture arm.
[    8.064566] systemd[1]: Set hostname to <arm>.
[    9.221281] systemd[1]: Created slice User and Session Slice.
[    9.243280] systemd[1]: Listening on Syslog Socket.
[    9.272417] systemd[1]: Listening on Journal Audit Socket.
[    9.303176] systemd[1]: Set up automount Arbitrary Executable File Formats File System Automount Point.
[    9.332026] systemd[1]: Listening on udev Kernel Socket.
[    9.361775] systemd[1]: Reached target Remote File Systems.
[    9.393397] systemd[1]: Listening on /dev/initctl Compatibility Named Pipe.
[   11.785897] systemd-journald[86]: Received request to flush runtime journal from PID 1
[   14.063758] leds-gpio leds: using DT '/leds/led2' for '(default)' GPIO lookup
[   14.063863] of_get_named_gpiod_flags: parsed 'gpios' property of node '/leds/led2[0]' - status (0)
[   14.063922] gpio gpiochip0: Persistence not supported for GPIO 21
[   14.063938] gpio-533 (?): no flags found for GPIO (default)
[   14.088904] leds-gpio leds: using DT '/leds/led3' for '(default)' GPIO lookup
[   14.089019] of_get_named_gpiod_flags: parsed 'gpios' property of node '/leds/led3[0]' - status (0)
[   14.089323] gpio gpiochip0: Persistence not supported for GPIO 22
[   14.089343] gpio-534 (?): no flags found for GPIO (default)
[   14.123469] leds-gpio leds: using DT '/leds/led4' for '(default)' GPIO lookup
[   14.123573] of_get_named_gpiod_flags: parsed 'gpios' property of node '/leds/led4[0]' - status (0)
[   14.123626] gpio gpiochip0: Persistence not supported for GPIO 23
[   14.123642] gpio-535 (?): no flags found for GPIO (default)
[   14.165407] leds-gpio leds: using DT '/leds/led5' for '(default)' GPIO lookup
[   14.165509] of_get_named_gpiod_flags: parsed 'gpios' property of node '/leds/led5[0]' - status (0)
[   14.165562] gpio gpiochip0: Persistence not supported for GPIO 24
[   14.165578] gpio-536 (?): no flags found for GPIO (default)
[   14.456972] remoteproc remoteproc0: wkup_m3 is available
[   14.867392] am335x-phy-driver 47401300.usb-phy: using DT '/ocp/target-module@47400000/usb-phy@1300' for 'reset' GPIO lookup
[   14.867516] of_get_named_gpiod_flags: can't parse 'reset-gpios' property of node '/ocp/target-module@47400000/usb-phy@1300[0]'
[   14.867563] of_get_named_gpiod_flags: can't parse 'reset-gpio' property of node '/ocp/target-module@47400000/usb-phy@1300[0]'
[   14.867604] am335x-phy-driver 47401300.usb-phy: using lookup tables for GPIO lookup
[   14.867620] am335x-phy-driver 47401300.usb-phy: No GPIO consumer reset found
[   14.867637] am335x-phy-driver 47401300.usb-phy: using DT '/ocp/target-module@47400000/usb-phy@1300' for 'vbus-detect' GPIO lookup
[   14.867668] of_get_named_gpiod_flags: can't parse 'vbus-detect-gpios' property of node '/ocp/target-module@47400000/usb-phy@1300[0]'
[   14.867701] of_get_named_gpiod_flags: can't parse 'vbus-detect-gpio' property of node '/ocp/target-module@47400000/usb-phy@1300[0]'
[   14.867729] am335x-phy-driver 47401300.usb-phy: using lookup tables for GPIO lookup
[   14.867742] am335x-phy-driver 47401300.usb-phy: No GPIO consumer vbus-detect found
[   14.867891] am335x-phy-driver 47401300.usb-phy: dummy supplies not allowed for exclusive requests (id=vbus)
[   14.897958] at24 2-0054: supply vcc not found, using dummy regulator
[   15.026291] at24 2-0055: supply vcc not found, using dummy regulator
[   15.055416] tps6521x_pwrbutton tps65217-pwrbutton: DMA mask not set
[   15.134946] at24 2-0056: supply vcc not found, using dummy regulator
[   15.173116] input: tps65217_pwrbutton as /devices/platform/ocp/44c00000.interconnect/44c00000.interconnect:segment@200000/44e0b000.target-module/44e0b000.i2c/i2c-0/0-0024/tps65217-pwrbutton/input/input0
[   15.252182] am335x-phy-driver 47401b00.usb-phy: using DT '/ocp/target-module@47400000/usb-phy@1b00' for 'reset' GPIO lookup
[   15.252283] of_get_named_gpiod_flags: can't parse 'reset-gpios' property of node '/ocp/target-module@47400000/usb-phy@1b00[0]'
[   15.252333] of_get_named_gpiod_flags: can't parse 'reset-gpio' property of node '/ocp/target-module@47400000/usb-phy@1b00[0]'
[   15.252373] am335x-phy-driver 47401b00.usb-phy: using lookup tables for GPIO lookup
[   15.252390] am335x-phy-driver 47401b00.usb-phy: No GPIO consumer reset found
[   15.252405] am335x-phy-driver 47401b00.usb-phy: using DT '/ocp/target-module@47400000/usb-phy@1b00' for 'vbus-detect' GPIO lookup
[   15.252438] of_get_named_gpiod_flags: can't parse 'vbus-detect-gpios' property of node '/ocp/target-module@47400000/usb-phy@1b00[0]'
[   15.252473] of_get_named_gpiod_flags: can't parse 'vbus-detect-gpio' property of node '/ocp/target-module@47400000/usb-phy@1b00[0]'
[   15.252501] am335x-phy-driver 47401b00.usb-phy: using lookup tables for GPIO lookup
[   15.252514] am335x-phy-driver 47401b00.usb-phy: No GPIO consumer vbus-detect found
[   15.252666] am335x-phy-driver 47401b00.usb-phy: dummy supplies not allowed for exclusive requests (id=vbus)
[   15.269031] at24 2-0057: supply vcc not found, using dummy regulator
[   15.379684] wkup_m3_ipc 44e11324.wkup_m3_ipc: IPC Request for A8->M3 Channel failed! -517
[   15.404044] at24 0-0050: using DT '/ocp/interconnect@44c00000/segment@200000/target-module@b000/i2c@0/eeprom@50' for 'wp' GPIO lookup
[   15.404167] of_get_named_gpiod_flags: can't parse 'wp-gpios' property of node '/ocp/interconnect@44c00000/segment@200000/target-module@b000/i2c@0/eeprom@50[0]'
[   15.404231] of_get_named_gpiod_flags: can't parse 'wp-gpio' property of node '/ocp/interconnect@44c00000/segment@200000/target-module@b000/i2c@0/eeprom@50[0]'
[   15.404280] at24 0-0050: using lookup tables for GPIO lookup
[   15.404295] at24 0-0050: No GPIO consumer wp found
[   15.404637] at24 0-0050: 32768 byte 24c256 EEPROM, writable, 1 bytes/write
[   15.427433] wkup_m3_ipc 44e11324.wkup_m3_ipc: IPC Request for A8->M3 Channel failed! -517
[   15.442542] omap_rtc 44e3e000.rtc: registered as rtc0
[   15.449097] omap_rtc 44e3e000.rtc: setting system clock to 2000-01-01T00:00:00 UTC (946684800)
[   15.458635] omap_rtc 44e3e000.rtc: using DT '/ocp/interconnect@44c00000/segment@200000/target-module@3e000/rtc@0' for 'wp' GPIO lookup
[   15.458717] of_get_named_gpiod_flags: can't parse 'wp-gpios' property of node '/ocp/interconnect@44c00000/segment@200000/target-module@3e000/rtc@0[0]'
[   15.458771] of_get_named_gpiod_flags: can't parse 'wp-gpio' property of node '/ocp/interconnect@44c00000/segment@200000/target-module@3e000/rtc@0[0]'
[   15.458814] omap_rtc 44e3e000.rtc: using lookup tables for GPIO lookup
[   15.458831] omap_rtc 44e3e000.rtc: No GPIO consumer wp found
[   15.642369] wkup_m3_ipc 44e11324.wkup_m3_ipc: IPC Request for A8->M3 Channel failed! -517
[   15.720676] omap_wdt: OMAP Watchdog Timer Rev 0x01: initial timeout 60 sec
[   15.730373] wkup_m3_ipc 44e11324.wkup_m3_ipc: IPC Request for A8->M3 Channel failed! -517
[   16.189581] usbcore: registered new interface driver usbfs
[   16.195437] usbcore: registered new interface driver hub
[   16.200896] usbcore: registered new device driver usb
[   16.720356] wkup_m3_ipc 44e11324.wkup_m3_ipc: IPC Request for A8->M3 Channel failed! -517
[   16.827136] musb-hdrc musb-hdrc.1: MUSB HDRC host driver
[   16.832814] musb-hdrc musb-hdrc.1: new USB bus registered, assigned bus number 1
[   16.843595] wkup_m3_ipc 44e11324.wkup_m3_ipc: IPC Request for A8->M3 Channel failed! -517
[   16.959628] tda998x 0-0070: found TDA19988
[   16.964004] usb usb1: New USB device found, idVendor=1d6b, idProduct=0002, bcdDevice= 6.12
[   16.972391] usb usb1: New USB device strings: Mfr=3, Product=2, SerialNumber=1
[   16.979654] usb usb1: Product: MUSB HDRC host driver
[   16.984690] usb usb1: Manufacturer: Linux 6.12.0-rc6-next-20241105 musb-hcd
[   16.991718] usb usb1: SerialNumber: musb-hdrc.1
[   17.046687] omap-mailbox 480c8000.mailbox: omap mailbox rev 0x400
[   17.148493] remoteproc remoteproc0: powering up wkup_m3
[   17.245264] remoteproc remoteproc0: Direct firmware load for am335x-pm-firmware.elf failed with error -2
[   17.255119] remoteproc remoteproc0: request_firmware failed: -2
[   17.261088] wkup_m3_ipc 44e11324.wkup_m3_ipc: rproc_boot failed
[   17.390800] hub 1-0:1.0: USB hub found
[   17.452298] hub 1-0:1.0: 1 port detected
[   19.821241] omap_rng 48310000.rng: Random Number Generator ver. 20
[   20.011241] tilcdc 4830e000.lcdc: bound 0-0070 (ops tda998x_driver_exit [tda998x])
[   20.126993] [drm] Initialized tilcdc 1.0.0 for 4830e000.lcdc on minor 0
[   20.227539] tilcdc 4830e000.lcdc: [drm] Cannot find any crtc or sizes
[   20.236063] tilcdc 4830e000.lcdc: [drm] Cannot find any crtc or sizes
[   20.998258] PM: Cannot get wkup_m3_ipc handle
[   21.030914] omap-sham 53100000.sham: hw accel on OMAP rev 4.3
[   21.108957] omap-aes 53500000.aes: OMAP AES hw accel rev: 3.2
[   21.159408] omap-sham 53100000.sham: will run requests pump with realtime priority
[   21.171960] PM: Cannot get wkup_m3_ipc handle
[   21.233558] omap-aes 53500000.aes: will run requests pump with realtime priority
[   21.246061] PM: Cannot get wkup_m3_ipc handle
[   23.816145] Bluetooth: Core ver 2.22
[   23.820036] NET: Registered PF_BLUETOOTH protocol family
[   23.825581] Bluetooth: HCI device and connection manager initialized
[   23.832093] Bluetooth: HCI socket layer initialized
[   23.837011] Bluetooth: L2CAP socket layer initialized
[   23.842174] Bluetooth: SCO socket layer initialized
[   24.974853] PM: Cannot get wkup_m3_ipc handle
[   24.980632] asoc-simple-card sound: using DT '/sound' for 'simple-audio-card,hp-det' GPIO lookup
[   24.980700] of_get_named_gpiod_flags: can't parse 'simple-audio-card,hp-det-gpios' property of node '/sound[0]'
[   24.980737] of_get_named_gpiod_flags: can't parse 'simple-audio-card,hp-det-gpio' property of node '/sound[0]'
[   24.980764] asoc-simple-card sound: using lookup tables for GPIO lookup
[   24.980779] asoc-simple-card sound: No GPIO consumer simple-audio-card,hp-det found
[   24.980794] asoc-simple-card sound: using DT '/sound' for 'simple-audio-card,mic-det' GPIO lookup
[   24.980821] of_get_named_gpiod_flags: can't parse 'simple-audio-card,mic-det-gpios' property of node '/sound[0]'
[   24.980847] of_get_named_gpiod_flags: can't parse 'simple-audio-card,mic-det-gpio' property of node '/sound[0]'
[   24.980867] asoc-simple-card sound: using lookup tables for GPIO lookup
[   24.980880] asoc-simple-card sound: No GPIO consumer simple-audio-card,mic-det found
[   25.119677] PM: Cannot get wkup_m3_ipc handle
[   28.150781] userial_init: registered 8 ttyGS* devices
[   28.428144] rndis_register: configNr = 0
[   28.499466] udc musb-hdrc.0: binding gadget driver [g_multi]
[   28.499562] configfs-gadget.g_multi gadget.0: adding 'rndis'/227ddf60 to config 'c'/3b6528bc
[   28.500743] configfs-gadget.g_multi gadget.0: HOST MAC 1c:ba:8c:a2:ed:6c
[   28.507751] configfs-gadget.g_multi gadget.0: MAC 1c:ba:8c:a2:ed:70
[   28.514203] rndis_set_param_medium: 0 0
[   28.514227] configfs-gadget.g_multi gadget.0: RNDIS: IN/ep1in OUT/ep1out NOTIFY/ep2in
[   28.514245] configfs-gadget.g_multi gadget.0: adding 'cdc_ethernet'/2fb35b07 to config 'c'/3b6528bc
[   28.515212] configfs-gadget.g_multi gadget.0: HOST MAC 1c:ba:8c:a2:ed:6c
[   28.522073] configfs-gadget.g_multi gadget.0: MAC 1c:ba:8c:a2:ed:6d
[   28.528421] configfs-gadget.g_multi gadget.0: CDC Ethernet: IN/ep3in OUT/ep2out NOTIFY/ep4in
[   28.528440] configfs-gadget.g_multi gadget.0: adding 'acm'/638c7b6e to config 'c'/3b6528bc
[   28.528480] configfs-gadget.g_multi gadget.0: acm ttyGS0: IN/ep5in OUT/ep3out NOTIFY/ep6in
[   28.532378] PM: Cannot get wkup_m3_ipc handle
[   29.655595] configfs-gadget.g_multi gadget.0: eth_open
[   30.943735] configfs-gadget.g_multi gadget.0: stop stats: rx/tx 0/0, errs 0/0
[   35.082806] gs_open: ttyGS0 (97897ffd,8937b287)
[   35.082974] gs_close: ttyGS0 (97897ffd,8937b287) ...
[   35.082999] gs_close: ttyGS0 (97897ffd,8937b287) done!
[   35.087530] gs_open: ttyGS0 (97897ffd,8937b287)
[   35.087646] gs_close: ttyGS0 (97897ffd,8937b287) ...
[   35.087669] gs_close: ttyGS0 (97897ffd,8937b287) done!
[   35.281963] gs_open: ttyGS0 (97897ffd,05a3c2d7)
[   35.282184] gs_close: ttyGS0 (97897ffd,05a3c2d7) ...
[   35.282213] gs_close: ttyGS0 (97897ffd,05a3c2d7) done!
[   35.284673] gs_open: ttyGS0 (c86c14f2,075095f6)
VXTXLQYMLO 0
root@arm:~# echo 'VZKP''KQCPEL'
VZKPKQCPEL
root@arm:~# MARKER='CXLC''VWJPOX' run 'modprobe test_linear_ranges'
CXLCVWJPOXCXLCVWJPOX 0
root@arm:~# echo 'XHLL''ONMTUV'
XHLLONMTUV
root@arm:~# MARKER='MNPJ''VNSTXC' run dmesg
MNPJVNSTXC[    0.000000] Booting Linux on physical CPU 0x0
[    0.000000] Linux version 6.12.0-rc6-next-20241105 (user01@drvtest01) (arm-linux-gnueabihf-gcc (Linaro GCC 6.4-2017.11) 6.4.1 20171012, GNU ld (Linaro_Binutils-2017.11) 2.27.0.20161229) #130 SMP Tue Nov  5 09:41:37 EET 2024
[    0.000000] CPU: ARMv7 Processor [413fc082] revision 2 (ARMv7), cr=10c5387d
[    0.000000] CPU: PIPT / VIPT nonaliasing data cache, VIPT aliasing instruction cache
[    0.000000] OF: fdt: Machine model: TI AM335x BeagleBone Black
[    0.000000] Memory policy: Data cache writeback
[    0.000000] cma: Reserved 16 MiB at 0x9e800000 on node -1
[    0.000000] Zone ranges:
[    0.000000]   Normal   [mem 0x0000000080000000-0x000000009fdfffff]
[    0.000000]   HighMem  empty
[    0.000000] Movable zone start for each node
[    0.000000] Early memory node ranges
[    0.000000]   node   0: [mem 0x0000000080000000-0x000000009fdfffff]
[    0.000000] Initmem setup node 0 [mem 0x0000000080000000-0x000000009fdfffff]
[    0.000000] OF: reserved mem: Reserved memory: No reserved-memory node in the DT
[    0.000000] CPU: All CPU(s) started in SVC mode.
[    0.000000] AM335X ES2.1 (sgx neon)
[    0.000000] percpu: Embedded 17 pages/cpu s39564 r8192 d21876 u69632
[    0.000000] pcpu-alloc: s39564 r8192 d21876 u69632 alloc=17*4096
[    0.000000] pcpu-alloc: [0] 0 
[    0.000000] Kernel command line: console=ttyO0,115200n8 root=/dev/nfs rw nfsroot=192.168.255.126:/home/user01/nfs,nfsvers=3 ip=192.168.255.1:192.168.255.126::255.255.255.0:bbb1:eth0 nfsrootdebug
[    0.000000] Unknown kernel command line parameters "nfsrootdebug", will be passed to user space.
[    0.000000] printk: log buffer data + meta data: 65536 + 204800 = 270336 bytes
[    0.000000] Dentry cache hash table entries: 65536 (order: 6, 262144 bytes, linear)
[    0.000000] Inode-cache hash table entries: 32768 (order: 5, 131072 bytes, linear)
[    0.000000] Built 1 zonelists, mobility grouping on.  Total pages: 130560
[    0.000000] mem auto-init: stack:off, heap alloc:off, heap free:off
[    0.000000] SLUB: HWalign=64, Order=0-3, MinObjects=0, CPUs=1, Nodes=1
[    0.000000] trace event string verifier disabled
[    0.000000] rcu: Hierarchical RCU implementation.
[    0.000000] rcu: 	RCU event tracing is enabled.
[    0.000000] rcu: 	RCU restricting CPUs from NR_CPUS=2 to nr_cpu_ids=1.
[    0.000000] 	Tracing variant of Tasks RCU enabled.
[    0.000000] rcu: RCU calculated value of scheduler-enlistment delay is 10 jiffies.
[    0.000000] rcu: Adjusting geometry for rcu_fanout_leaf=16, nr_cpu_ids=1
[    0.000000] RCU Tasks Trace: Setting shift to 0 and lim to 1 rcu_task_cb_adjust=1 rcu_task_cpu_ids=1.
[    0.000000] NR_IRQS: 16, nr_irqs: 16, preallocated irqs: 16
[    0.000000] IRQ: Found an INTC at 0x(ptrval) (revision 5.0) with 128 interrupts
[    0.000000] rcu: srcu_init: Setting srcu_struct sizes based on contention.
[    0.000000] TI gptimer clocksource: always-on /ocp/interconnect@44c00000/segment@200000/target-module@31000
[    0.000002] sched_clock: 32 bits at 24MHz, resolution 41ns, wraps every 89478484971ns
[    0.000026] clocksource: dmtimer: mask: 0xffffffff max_cycles: 0xffffffff, max_idle_ns: 79635851949 ns
[    0.000500] TI gptimer clockevent: 24000000 Hz at /ocp/interconnect@48000000/segment@0/target-module@40000
[    0.002149] Console: colour dummy device 80x30
[    0.002219] WARNING: Your 'console=ttyO0' has been replaced by 'ttyS0'
[    0.002226] This ensures that you still see kernel messages. Please
[    0.002231] update your kernel commandline.
[    0.002272] Calibrating delay loop... 996.14 BogoMIPS (lpj=4980736)
[    0.090554] CPU: Testing write buffer coherency: ok
[    0.090656] CPU0: Spectre v2: using BPIALL workaround
[    0.090667] pid_max: default: 32768 minimum: 301
[    0.090793] LSM: initializing lsm=capability
[    0.090976] Mount-cache hash table entries: 1024 (order: 0, 4096 bytes, linear)
[    0.090996] Mountpoint-cache hash table entries: 1024 (order: 0, 4096 bytes, linear)
[    0.092652] CPU0: thread -1, cpu 0, socket -1, mpidr 0
[    0.160939] Setting up static identity map for 0x80100000 - 0x80100078
[    0.170709] rcu: Hierarchical SRCU implementation.
[    0.170722] rcu: 	Max phase no-delay instances is 1000.
[    0.190764] smp: Bringing up secondary CPUs ...
[    0.190825] smp: Brought up 1 node, 1 CPU
[    0.190841] SMP: Total of 1 processors activated (996.14 BogoMIPS).
[    0.190852] CPU: All CPU(s) started in SVC mode.
[    0.191047] Memory: 480864K/522240K available (11264K kernel code, 1213K rwdata, 2892K rodata, 1024K init, 297K bss, 23364K reserved, 16384K cma-reserved, 0K highmem)
[    0.191924] devtmpfs: initialized
[    0.209075] VFP support v0.3: implementor 41 architecture 3 part 30 variant c rev 3
[    0.209430] clocksource: jiffies: mask: 0xffffffff max_cycles: 0xffffffff, max_idle_ns: 19112604462750000 ns
[    0.209463] futex hash table entries: 256 (order: 2, 16384 bytes, linear)
[    0.210965] pinctrl core: initialized pinctrl subsystem
[    0.213806] NET: Registered PF_NETLINK/PF_ROUTE protocol family
[    0.216629] DMA: preallocated 256 KiB pool for atomic coherent allocations
[    0.217562] audit: initializing netlink subsys (disabled)
[    0.219017] thermal_sys: Registered thermal governor 'fair_share'
[    0.219035] thermal_sys: Registered thermal governor 'step_wise'
[    0.219045] thermal_sys: Registered thermal governor 'user_space'
[    0.219206] audit: type=2000 audit(0.210:1): state=initialized audit_enabled=0 res=1
[    0.219242] cpuidle: using governor menu
[    0.238288] No ATAGs?
[    0.238312] hw-breakpoint: debug architecture 0x4 unsupported.
[    0.241201] kprobes: kprobe jump-optimization is enabled. All kprobes are optimized if possible.
[    0.254139] iommu: Default domain type: Translated
[    0.254163] iommu: DMA domain TLB invalidation policy: strict mode
[    0.255848] reg-fixed-voltage fixedregulator0: using DT '/fixedregulator0' for '(default)' GPIO lookup
[    0.255902] of_get_named_gpiod_flags: can't parse 'gpios' property of node '/fixedregulator0[0]'
[    0.255931] of_get_named_gpiod_flags: can't parse 'gpio' property of node '/fixedregulator0[0]'
[    0.255949] reg-fixed-voltage fixedregulator0: using lookup tables for GPIO lookup
[    0.255960] reg-fixed-voltage fixedregulator0: No GPIO consumer (default) found
[    0.261923] SCSI subsystem initialized
[    0.262413] libata version 3.00 loaded.
[    0.262777] pps_core: LinuxPPS API ver. 1 registered
[    0.262788] pps_core: Software ver. 5.3.6 - Copyright 2005-2007 Rodolfo Giometti <giometti@linux.it>
[    0.262813] PTP clock support registered
[    0.270915] vgaarb: loaded
[    0.271331] clocksource: Switched to clocksource dmtimer
[    0.272046] VFS: Disk quotas dquot_6.6.0
[    0.272090] VFS: Dquot-cache hash table entries: 1024 (order 0, 4096 bytes)
[    0.297017] NET: Registered PF_INET protocol family
[    0.297378] IP idents hash table entries: 8192 (order: 4, 65536 bytes, linear)
[    0.298790] tcp_listen_portaddr_hash hash table entries: 512 (order: 0, 4096 bytes, linear)
[    0.298829] Table-perturb hash table entries: 65536 (order: 6, 262144 bytes, linear)
[    0.298853] TCP established hash table entries: 4096 (order: 2, 16384 bytes, linear)
[    0.298896] TCP bind hash table entries: 4096 (order: 4, 65536 bytes, linear)
[    0.298997] TCP: Hash tables configured (established 4096 bind 4096)
[    0.299119] UDP hash table entries: 256 (order: 1, 8192 bytes, linear)
[    0.299147] UDP-Lite hash table entries: 256 (order: 1, 8192 bytes, linear)
[    0.299323] NET: Registered PF_UNIX/PF_LOCAL protocol family
[    0.312536] RPC: Registered named UNIX socket transport module.
[    0.312557] RPC: Registered udp transport module.
[    0.312562] RPC: Registered tcp transport module.
[    0.312568] RPC: Registered tcp-with-tls transport module.
[    0.312573] RPC: Registered tcp NFSv4.1 backchannel transport module.
[    0.312598] PCI: CLS 0 bytes, default 64
[    0.314083] Initialise system trusted keyrings
[    0.314650] workingset: timestamp_bits=14 max_order=17 bucket_order=3
[    0.316109] NFS: Registering the id_resolver key type
[    0.316175] Key type id_resolver registered
[    0.316183] Key type id_legacy registered
[    0.316232] jffs2: version 2.2. (NAND) (SUMMARY)  Â© 2001-2006 Red Hat, Inc.
[    0.316641] Key type asymmetric registered
[    0.316656] Asymmetric key parser 'x509' registered
[    0.316721] io scheduler mq-deadline registered
[    0.316732] io scheduler kyber registered
[    0.316805] io scheduler bfq registered
[    0.318876] ledtrig-cpu: registered to indicate activity on CPUs
[    0.331730] Serial: 8250/16550 driver, 6 ports, IRQ sharing enabled
[    0.375032] brd: module loaded
[    0.395711] loop: module loaded
[    0.396650] mtdoops: mtd device (mtddev=name/number) must be supplied
[    0.398395] mdio_bus fixed-0: using lookup tables for GPIO lookup
[    0.398420] mdio_bus fixed-0: No GPIO consumer reset found
[    0.399820] i2c_dev: i2c /dev entries driver
[    0.400813] cpuidle: enable-method property 'ti,am3352' found operations
[    0.401261] sdhci: Secure Digital Host Controller Interface driver
[    0.401271] sdhci: Copyright(c) Pierre Ossman
[    0.401644] sdhci-pltfm: SDHCI platform and OF driver helper
[    0.402683] Initializing XFRM netlink socket
[    0.402838] NET: Registered PF_INET6 protocol family
[    0.412822] Segment Routing with IPv6
[    0.412914] In-situ OAM (IOAM) with IPv6
[    0.413013] sit: IPv6, IPv4 and MPLS over IPv4 tunneling driver
[    0.413985] NET: Registered PF_PACKET protocol family
[    0.414022] NET: Registered PF_KEY protocol family
[    0.414229] Key type dns_resolver registered
[    0.414506] ThumbEE CPU extension supported.
[    0.414527] Registering SWP/SWPB emulation handler
[    0.415056] omap_voltage_late_init: Voltage driver support not added
[    0.415409] SmartReflex Class3 initialized
[    0.442710] Loading compiled-in X.509 certificates
[    0.496478] gpiochip_find_base_unlocked: found new base at 512
[    0.524680] platform 44e10800.pinmux: Fixed dependency cycle(s) with /ocp/interconnect@44c00000/segment@200000/target-module@10000/scm@0/pinmux@800/clkout2-pins
[    0.525236] pinctrl-single 44e10800.pinmux: 142 pins, size 568
[    0.530249] ti-sysc 44e31000.target-module: probe with driver ti-sysc failed with error -16
[    0.569595] ti-sysc 48040000.target-module: probe with driver ti-sysc failed with error -16
[    0.580738] gpiochip_find_base_unlocked: found new base at 512
[    0.580844] gpio gpiochip0: (gpio-0-31): created GPIO range 0->7 ==> 44e10800.pinmux PIN 0->7
[    0.580864] gpio gpiochip0: (gpio-0-31): created GPIO range 8->11 ==> 44e10800.pinmux PIN 90->93
[    0.580880] gpio gpiochip0: (gpio-0-31): created GPIO range 12->27 ==> 44e10800.pinmux PIN 12->27
[    0.580895] gpio gpiochip0: (gpio-0-31): created GPIO range 28->31 ==> 44e10800.pinmux PIN 30->33
[    0.608242] gpio gpiochip0: (gpio-0-31): added GPIO chardev (254:0)
[    0.608386] gpio gpiochip0: registered GPIOs 512 to 543 on gpio-0-31
[    0.608474] OMAP GPIO hardware version 0.1
[    0.635206] i2c i2c-2: using DT '/ocp/interconnect@48000000/segment@100000/target-module@9c000/i2c@0' for 'scl' GPIO lookup
[    0.635278] of_get_named_gpiod_flags: can't parse 'scl-gpios' property of node '/ocp/interconnect@48000000/segment@100000/target-module@9c000/i2c@0[0]'
[    0.635321] of_get_named_gpiod_flags: can't parse 'scl-gpio' property of node '/ocp/interconnect@48000000/segment@100000/target-module@9c000/i2c@0[0]'
[    0.635360] i2c i2c-2: using lookup tables for GPIO lookup
[    0.635370] i2c i2c-2: No GPIO consumer scl found
[    0.635391] i2c i2c-2: using DT '/ocp/interconnect@48000000/segment@100000/target-module@9c000/i2c@0' for 'sda' GPIO lookup
[    0.635428] of_get_named_gpiod_flags: can't parse 'sda-gpios' property of node '/ocp/interconnect@48000000/segment@100000/target-module@9c000/i2c@0[0]'
[    0.635466] of_get_named_gpiod_flags: can't parse 'sda-gpio' property of node '/ocp/interconnect@48000000/segment@100000/target-module@9c000/i2c@0[0]'
[    0.635498] i2c i2c-2: using lookup tables for GPIO lookup
[    0.635506] i2c i2c-2: No GPIO consumer sda found
[    0.636245] omap_i2c 4819c000.i2c: bus 2 rev0.11 at 100 kHz
[    0.641827] gpiochip_find_base_unlocked: found new base at 544
[    0.641934] gpio gpiochip1: (gpio-32-63): created GPIO range 0->17 ==> 44e10800.pinmux PIN 34->51
[    0.641954] gpio gpiochip1: (gpio-32-63): created GPIO range 18->21 ==> 44e10800.pinmux PIN 77->80
[    0.641970] gpio gpiochip1: (gpio-32-63): created GPIO range 22->31 ==> 44e10800.pinmux PIN 56->65
[    0.652986] gpio gpiochip1: (gpio-32-63): added GPIO chardev (254:1)
[    0.653149] gpio gpiochip1: registered GPIOs 544 to 575 on gpio-32-63
[    0.655386] gpiochip_find_base_unlocked: found new base at 576
[    0.655482] gpio gpiochip2: (gpio-64-95): created GPIO range 0->4 ==> 44e10800.pinmux PIN 66->70
[    0.655501] gpio gpiochip2: (gpio-64-95): created GPIO range 5->6 ==> 44e10800.pinmux PIN 98->99
[    0.655517] gpio gpiochip2: (gpio-64-95): created GPIO range 7->8 ==> 44e10800.pinmux PIN 75->76
[    0.655532] gpio gpiochip2: (gpio-64-95): created GPIO range 13->13 ==> 44e10800.pinmux PIN 141->141
[    0.655548] gpio gpiochip2: (gpio-64-95): created GPIO range 14->21 ==> 44e10800.pinmux PIN 100->107
[    0.656220] gpio gpiochip2: (gpio-64-95): added GPIO chardev (254:2)
[    0.656357] gpio gpiochip2: registered GPIOs 576 to 607 on gpio-64-95
[    0.662092] 48000000.interconnect:segment@200000:target-module@0:mpu@0:fck: device ID is greater than 24
[    0.666318] platform 4830e000.lcdc: Fixed dependency cycle(s) with /ocp/interconnect@44c00000/segment@200000/target-module@b000/i2c@0/tda19988@70
[    0.675767] mdio_bus 4a101000.mdio: using DT '/ocp/interconnect@4a000000/segment@0/target-module@100000/switch@0/mdio@1000' for 'reset' GPIO lookup
[    0.675840] of_get_named_gpiod_flags: can't parse 'reset-gpios' property of node '/ocp/interconnect@4a000000/segment@0/target-module@100000/switch@0/mdio@1000[0]'
[    0.675888] of_get_named_gpiod_flags: can't parse 'reset-gpio' property of node '/ocp/interconnect@4a000000/segment@0/target-module@100000/switch@0/mdio@1000[0]'
[    0.675938] mdio_bus 4a101000.mdio: using lookup tables for GPIO lookup
[    0.675948] mdio_bus 4a101000.mdio: No GPIO consumer reset found
[    0.677189] sdhci-omap 481d8000.mmc: using DT '/ocp/interconnect@48000000/segment@100000/target-module@d8000/mmc@0' for 'wp' GPIO lookup
[    0.677261] of_get_named_gpiod_flags: can't parse 'wp-gpios' property of node '/ocp/interconnect@48000000/segment@100000/target-module@d8000/mmc@0[0]'
[    0.677308] of_get_named_gpiod_flags: can't parse 'wp-gpio' property of node '/ocp/interconnect@48000000/segment@100000/target-module@d8000/mmc@0[0]'
[    0.677344] sdhci-omap 481d8000.mmc: using lookup tables for GPIO lookup
[    0.677354] sdhci-omap 481d8000.mmc: No GPIO consumer wp found
[    0.677551] sdhci-omap 481d8000.mmc: supply pbias not found, using dummy regulator
[    0.678063] sdhci-omap 481d8000.mmc: supply vqmmc not found, using dummy regulator
[    0.739202] davinci_mdio 4a101000.mdio: davinci mdio revision 1.6, bus freq 1000000
[    0.756456] mdio_bus 4a101000.mdio:00: using DT '/ocp/interconnect@4a000000/segment@0/target-module@100000/switch@0/mdio@1000/ethernet-phy@0' for 'reset' GPIO lookup
[    0.756560] of_get_named_gpiod_flags: parsed 'reset-gpios' property of node '/ocp/interconnect@4a000000/segment@0/target-module@100000/switch@0/mdio@1000/ethernet-phy@0[0]' - status (0)
[    0.756727] gpio gpiochip0: Persistence not supported for GPIO 8
[    0.886832] davinci_mdio 4a101000.mdio: phy[0]: device 4a101000.mdio:00, driver SMSC LAN8710/LAN8720
[    0.887623] cpsw-switch 4a100000.switch: initialized cpsw ale version 1.4
[    0.887645] cpsw-switch 4a100000.switch: ALE Table size 1024, Policers 0
[    0.887960] cpsw-switch 4a100000.switch: cpts: overflow check period 500 (jiffies)
[    0.887981] cpsw-switch 4a100000.switch: CPTS: ref_clk_freq:250000000 calc_mult:2147483648 calc_shift:29 error:0 nsec/sec
[    0.888090] cpsw-switch 4a100000.switch: Detected MACID = 6c:ec:eb:68:de:78
[    0.889941] cpsw-switch 4a100000.switch: initialized (regs 0x4a100000, pool size 256) hw_ver:0019010C 1.12 (0)
[    0.901049] debugfs: Directory '49000000.dma' with parent 'dmaengine' already present!
[    0.901090] edma 49000000.dma: TI EDMA DMA engine driver
[    0.934180] target-module@4b000000:target-module@140000:pmu@0:fck: device ID is greater than 24
[    0.955586] hw perfevents: enabled with armv7_cortex_a8 PMU driver, 5 (8000000f) counters available
[    0.956488] gpio-clk clk_mcasp0: using DT '/clk_mcasp0' for 'enable' GPIO lookup
[    0.956555] of_get_named_gpiod_flags: parsed 'enable-gpios' property of node '/clk_mcasp0[0]' - status (0)
[    0.956599] gpio gpiochip0: Persistence not supported for GPIO 27
[    0.957409] gpiochip_find_base_unlocked: found new base at 608
[    0.957521] gpio gpiochip3: (gpio-96-127): created GPIO range 0->7 ==> 44e10800.pinmux PIN 82->89
[    0.957541] gpio gpiochip3: (gpio-96-127): created GPIO range 8->11 ==> 44e10800.pinmux PIN 52->55
[    0.957556] gpio gpiochip3: (gpio-96-127): created GPIO range 12->15 ==> 44e10800.pinmux PIN 94->97
[    0.957573] gpio gpiochip3: (gpio-96-127): created GPIO range 16->17 ==> 44e10800.pinmux PIN 71->72
[    0.957589] gpio gpiochip3: (gpio-96-127): created GPIO range 18->18 ==> 44e10800.pinmux PIN 135->135
[    0.957606] gpio gpiochip3: (gpio-96-127): created GPIO range 19->20 ==> 44e10800.pinmux PIN 108->109
[    0.957623] gpio gpiochip3: (gpio-96-127): created GPIO range 21->21 ==> 44e10800.pinmux PIN 73->73
[    0.957639] gpio gpiochip3: (gpio-96-127): created GPIO range 22->23 ==> 44e10800.pinmux PIN 8->9
[    0.957657] gpio gpiochip3: (gpio-96-127): created GPIO range 26->27 ==> 44e10800.pinmux PIN 10->11
[    0.957674] gpio gpiochip3: (gpio-96-127): created GPIO range 28->28 ==> 44e10800.pinmux PIN 74->74
[    0.957692] gpio gpiochip3: (gpio-96-127): created GPIO range 29->29 ==> 44e10800.pinmux PIN 81->81
[    0.957711] gpio gpiochip3: (gpio-96-127): created GPIO range 30->31 ==> 44e10800.pinmux PIN 28->29
[    0.963282] l3-aon-clkctrl:0000:0: failed to disable
[    0.963807] gpio gpiochip3: (gpio-96-127): added GPIO chardev (254:3)
[    0.963950] gpio gpiochip3: registered GPIOs 608 to 639 on gpio-96-127
[    0.977629] omap8250 44e09000.serial: using DT '/ocp/interconnect@44c00000/segment@200000/target-module@9000/serial@0' for 'rs485-term' GPIO lookup
[    0.977703] of_get_named_gpiod_flags: can't parse 'rs485-term-gpios' property of node '/ocp/interconnect@44c00000/segment@200000/target-module@9000/serial@0[0]'
[    0.977747] of_get_named_gpiod_flags: can't parse 'rs485-term-gpio' property of node '/ocp/interconnect@44c00000/segment@200000/target-module@9000/serial@0[0]'
[    0.977784] omap8250 44e09000.serial: using lookup tables for GPIO lookup
[    0.977795] omap8250 44e09000.serial: No GPIO consumer rs485-term found
[    0.977805] omap8250 44e09000.serial: using DT '/ocp/interconnect@44c00000/segment@200000/target-module@9000/serial@0' for 'rs485-rx-during-tx' GPIO lookup
[    0.977841] of_get_named_gpiod_flags: can't parse 'rs485-rx-during-tx-gpios' property of node '/ocp/interconnect@44c00000/segment@200000/target-module@9000/serial@0[0]'
[    0.977879] of_get_named_gpiod_flags: can't parse 'rs485-rx-during-tx-gpio' property of node '/ocp/interconnect@44c00000/segment@200000/target-module@9000/serial@0[0]'
[    0.977912] omap8250 44e09000.serial: using lookup tables for GPIO lookup
[    0.977921] omap8250 44e09000.serial: No GPIO consumer rs485-rx-during-tx found
[    0.978304] 44e09000.serial: ttyS0 at MMIO 0x44e09000 (irq = 34, base_baud = 3000000) is a 8250
[    0.978395] printk: legacy console [ttyS0] enabled
[    2.292743] i2c i2c-0: using DT '/ocp/interconnect@44c00000/segment@200000/target-module@b000/i2c@0' for 'scl' GPIO lookup
[    2.292842] of_get_named_gpiod_flags: can't parse 'scl-gpios' property of node '/ocp/interconnect@44c00000/segment@200000/target-module@b000/i2c@0[0]'
[    2.292893] of_get_named_gpiod_flags: can't parse 'scl-gpio' property of node '/ocp/interconnect@44c00000/segment@200000/target-module@b000/i2c@0[0]'
[    2.292935] i2c i2c-0: using lookup tables for GPIO lookup
[    2.292950] i2c i2c-0: No GPIO consumer scl found
[    2.292977] i2c i2c-0: using DT '/ocp/interconnect@44c00000/segment@200000/target-module@b000/i2c@0' for 'sda' GPIO lookup
[    2.293019] of_get_named_gpiod_flags: can't parse 'sda-gpios' property of node '/ocp/interconnect@44c00000/segment@200000/target-module@b000/i2c@0[0]'
[    2.293061] of_get_named_gpiod_flags: can't parse 'sda-gpio' property of node '/ocp/interconnect@44c00000/segment@200000/target-module@b000/i2c@0[0]'
[    2.293098] i2c i2c-0: using lookup tables for GPIO lookup
[    2.293110] i2c i2c-0: No GPIO consumer sda found
[    2.312338] tps65217-pmic: Failed to locate of_node [id: -1]
[    2.318400] tps65217-bl: Failed to locate of_node [id: -1]
[    2.329825] tps65217 0-0024: TPS65217 ID 0xe version 1.2
[    2.335989] platform 4830e000.lcdc: Fixed dependency cycle(s) with /ocp/interconnect@44c00000/segment@200000/target-module@b000/i2c@0/tda19988@70
[    2.349434] i2c 0-0070: Fixed dependency cycle(s) with /ocp/interconnect@48000000/segment@300000/target-module@e000/lcdc@0
[    2.360837] omap_i2c 44e0b000.i2c: bus 0 rev0.11 at 400 kHz
[    2.368476] sdhci-omap 48060000.mmc: using DT '/ocp/interconnect@48000000/segment@0/target-module@60000/mmc@0' for 'cd' GPIO lookup
[    2.368586] of_get_named_gpiod_flags: parsed 'cd-gpios' property of node '/ocp/interconnect@48000000/segment@0/target-module@60000/mmc@0[0]' - status (0)
[    2.368654] gpio gpiochip3: Persistence not supported for GPIO 6
[    2.368678] omap_gpio 44e07000.gpio: Could not set line 6 debounce to 200000 microseconds (-22)
[    2.377561] sdhci-omap 48060000.mmc: Got CD GPIO
[    2.382260] sdhci-omap 48060000.mmc: using DT '/ocp/interconnect@48000000/segment@0/target-module@60000/mmc@0' for 'wp' GPIO lookup
[    2.382312] of_get_named_gpiod_flags: can't parse 'wp-gpios' property of node '/ocp/interconnect@48000000/segment@0/target-module@60000/mmc@0[0]'
[    2.382358] of_get_named_gpiod_flags: can't parse 'wp-gpio' property of node '/ocp/interconnect@48000000/segment@0/target-module@60000/mmc@0[0]'
[    2.382400] sdhci-omap 48060000.mmc: using lookup tables for GPIO lookup
[    2.382415] sdhci-omap 48060000.mmc: No GPIO consumer wp found
[    2.382627] sdhci-omap 48060000.mmc: supply pbias not found, using dummy regulator
[    2.391424] sdhci-omap 481d8000.mmc: using DT '/ocp/interconnect@48000000/segment@100000/target-module@d8000/mmc@0' for 'wp' GPIO lookup
[    2.391527] of_get_named_gpiod_flags: can't parse 'wp-gpios' property of node '/ocp/interconnect@48000000/segment@100000/target-module@d8000/mmc@0[0]'
[    2.391580] of_get_named_gpiod_flags: can't parse 'wp-gpio' property of node '/ocp/interconnect@48000000/segment@100000/target-module@d8000/mmc@0[0]'
[    2.391622] sdhci-omap 481d8000.mmc: using lookup tables for GPIO lookup
[    2.391637] sdhci-omap 481d8000.mmc: No GPIO consumer wp found
[    2.393057] sdhci-omap 48060000.mmc: supply vqmmc not found, using dummy regulator
[    2.402085] sdhci-omap 481d8000.mmc: supply pbias not found, using dummy regulator
[    2.410072] sdhci-omap 481d8000.mmc: supply vqmmc not found, using dummy regulator
[    2.448537] mmc1: SDHCI controller on 481d8000.mmc [481d8000.mmc] using External DMA
[    2.457804] mmc0: SDHCI controller on 48060000.mmc [48060000.mmc] using External DMA
[    2.466453] cpsw-switch 4a100000.switch: starting ndev. mode: dual_mac
[    2.510625] mmc0: new high speed SDHC card at address 5048
[    2.517732] mmcblk0: mmc0:5048 SD16G 14.4 GiB
[    2.525887]  mmcblk0: p1 p2
[    2.529308] mmcblk0: p2 size 31221760 extends beyond EOD, truncated
[    2.542571] SMSC LAN8710/LAN8720 4a101000.mdio:00: attached PHY driver (mii_bus:phy_addr=4a101000.mdio:00, irq=POLL)
[    2.555245] mmc1: new high speed MMC card at address 0001
[    2.562271] mmcblk1: mmc1:0001 MMC04G 3.60 GiB
[    2.573918]  mmcblk1: p1 p2
[    2.578237] mmcblk1boot0: mmc1:0001 MMC04G 2.00 MiB
[    2.585615] mmcblk1boot1: mmc1:0001 MMC04G 2.00 MiB
[    2.593167] mmcblk1rpmb: mmc1:0001 MMC04G 128 KiB, chardev (250:0)
[    5.682108] cpsw-switch 4a100000.switch eth0: Link is Up - 100Mbps/Full - flow control off
[    5.711352] IP-Config: Complete:
[    5.714628]      device=eth0, hwaddr=6c:ec:eb:68:de:78, ipaddr=192.168.255.1, mask=255.255.255.0, gw=255.255.255.255
[    5.725272]      host=bbb1, domain=, nis-domain=(none)
[    5.730441]      bootserver=192.168.255.126, rootserver=192.168.255.126, rootpath=
[    5.730885] clk: Disabling unused clocks
[    5.742754] PM: genpd: Disabling unused power domains
[    5.747874] KTAP version 1
[    5.750596] 1..0
[    5.779973] VFS: Mounted root (nfs filesystem) on device 0:17.
[    5.787106] devtmpfs: mounted
[    5.791964] Freeing unused kernel image (initmem) memory: 1024K
[    5.798675] Run /sbin/init as init process
[    5.802937]   with arguments:
[    5.802954]     /sbin/init
[    5.802963]     nfsrootdebug
[    5.802973]   with environment:
[    5.802982]     HOME=/
[    5.802991]     TERM=linux
[    6.503892] systemd[1]: System time before build time, advancing clock.
[    7.981357] random: crng init done
[    8.014079] systemd[1]: systemd 232 running in system mode. (+PAM +AUDIT +SELINUX +IMA +APPARMOR +SMACK +SYSVINIT +UTMP +LIBCRYPTSETUP +GCRYPT +GNUTLS +ACL +XZ +LZ4 +SECCOMP +BLKID +ELFUTILS +KMOD +IDN)
[    8.033145] systemd[1]: Detected architecture arm.
[    8.064566] systemd[1]: Set hostname to <arm>.
[    9.221281] systemd[1]: Created slice User and Session Slice.
[    9.243280] systemd[1]: Listening on Syslog Socket.
[    9.272417] systemd[1]: Listening on Journal Audit Socket.
[    9.303176] systemd[1]: Set up automount Arbitrary Executable File Formats File System Automount Point.
[    9.332026] systemd[1]: Listening on udev Kernel Socket.
[    9.361775] systemd[1]: Reached target Remote File Systems.
[    9.393397] systemd[1]: Listening on /dev/initctl Compatibility Named Pipe.
[   11.785897] systemd-journald[86]: Received request to flush runtime journal from PID 1
[   14.063758] leds-gpio leds: using DT '/leds/led2' for '(default)' GPIO lookup
[   14.063863] of_get_named_gpiod_flags: parsed 'gpios' property of node '/leds/led2[0]' - status (0)
[   14.063922] gpio gpiochip0: Persistence not supported for GPIO 21
[   14.063938] gpio-533 (?): no flags found for GPIO (default)
[   14.088904] leds-gpio leds: using DT '/leds/led3' for '(default)' GPIO lookup
[   14.089019] of_get_named_gpiod_flags: parsed 'gpios' property of node '/leds/led3[0]' - status (0)
[   14.089323] gpio gpiochip0: Persistence not supported for GPIO 22
[   14.089343] gpio-534 (?): no flags found for GPIO (default)
[   14.123469] leds-gpio leds: using DT '/leds/led4' for '(default)' GPIO lookup
[   14.123573] of_get_named_gpiod_flags: parsed 'gpios' property of node '/leds/led4[0]' - status (0)
[   14.123626] gpio gpiochip0: Persistence not supported for GPIO 23
[   14.123642] gpio-535 (?): no flags found for GPIO (default)
[   14.165407] leds-gpio leds: using DT '/leds/led5' for '(default)' GPIO lookup
[   14.165509] of_get_named_gpiod_flags: parsed 'gpios' property of node '/leds/led5[0]' - status (0)
[   14.165562] gpio gpiochip0: Persistence not supported for GPIO 24
[   14.165578] gpio-536 (?): no flags found for GPIO (default)
[   14.456972] remoteproc remoteproc0: wkup_m3 is available
[   14.867392] am335x-phy-driver 47401300.usb-phy: using DT '/ocp/target-module@47400000/usb-phy@1300' for 'reset' GPIO lookup
[   14.867516] of_get_named_gpiod_flags: can't parse 'reset-gpios' property of node '/ocp/target-module@47400000/usb-phy@1300[0]'
[   14.867563] of_get_named_gpiod_flags: can't parse 'reset-gpio' property of node '/ocp/target-module@47400000/usb-phy@1300[0]'
[   14.867604] am335x-phy-driver 47401300.usb-phy: using lookup tables for GPIO lookup
[   14.867620] am335x-phy-driver 47401300.usb-phy: No GPIO consumer reset found
[   14.867637] am335x-phy-driver 47401300.usb-phy: using DT '/ocp/target-module@47400000/usb-phy@1300' for 'vbus-detect' GPIO lookup
[   14.867668] of_get_named_gpiod_flags: can't parse 'vbus-detect-gpios' property of node '/ocp/target-module@47400000/usb-phy@1300[0]'
[   14.867701] of_get_named_gpiod_flags: can't parse 'vbus-detect-gpio' property of node '/ocp/target-module@47400000/usb-phy@1300[0]'
[   14.867729] am335x-phy-driver 47401300.usb-phy: using lookup tables for GPIO lookup
[   14.867742] am335x-phy-driver 47401300.usb-phy: No GPIO consumer vbus-detect found
[   14.867891] am335x-phy-driver 47401300.usb-phy: dummy supplies not allowed for exclusive requests (id=vbus)
[   14.897958] at24 2-0054: supply vcc not found, using dummy regulator
[   15.026291] at24 2-0055: supply vcc not found, using dummy regulator
[   15.055416] tps6521x_pwrbutton tps65217-pwrbutton: DMA mask not set
[   15.134946] at24 2-0056: supply vcc not found, using dummy regulator
[   15.173116] input: tps65217_pwrbutton as /devices/platform/ocp/44c00000.interconnect/44c00000.interconnect:segment@200000/44e0b000.target-module/44e0b000.i2c/i2c-0/0-0024/tps65217-pwrbutton/input/input0
[   15.252182] am335x-phy-driver 47401b00.usb-phy: using DT '/ocp/target-module@47400000/usb-phy@1b00' for 'reset' GPIO lookup
[   15.252283] of_get_named_gpiod_flags: can't parse 'reset-gpios' property of node '/ocp/target-module@47400000/usb-phy@1b00[0]'
[   15.252333] of_get_named_gpiod_flags: can't parse 'reset-gpio' property of node '/ocp/target-module@47400000/usb-phy@1b00[0]'
[   15.252373] am335x-phy-driver 47401b00.usb-phy: using lookup tables for GPIO lookup
[   15.252390] am335x-phy-driver 47401b00.usb-phy: No GPIO consumer reset found
[   15.252405] am335x-phy-driver 47401b00.usb-phy: using DT '/ocp/target-module@47400000/usb-phy@1b00' for 'vbus-detect' GPIO lookup
[   15.252438] of_get_named_gpiod_flags: can't parse 'vbus-detect-gpios' property of node '/ocp/target-module@47400000/usb-phy@1b00[0]'
[   15.252473] of_get_named_gpiod_flags: can't parse 'vbus-detect-gpio' property of node '/ocp/target-module@47400000/usb-phy@1b00[0]'
[   15.252501] am335x-phy-driver 47401b00.usb-phy: using lookup tables for GPIO lookup
[   15.252514] am335x-phy-driver 47401b00.usb-phy: No GPIO consumer vbus-detect found
[   15.252666] am335x-phy-driver 47401b00.usb-phy: dummy supplies not allowed for exclusive requests (id=vbus)
[   15.269031] at24 2-0057: supply vcc not found, using dummy regulator
[   15.379684] wkup_m3_ipc 44e11324.wkup_m3_ipc: IPC Request for A8->M3 Channel failed! -517
[   15.404044] at24 0-0050: using DT '/ocp/interconnect@44c00000/segment@200000/target-module@b000/i2c@0/eeprom@50' for 'wp' GPIO lookup
[   15.404167] of_get_named_gpiod_flags: can't parse 'wp-gpios' property of node '/ocp/interconnect@44c00000/segment@200000/target-module@b000/i2c@0/eeprom@50[0]'
[   15.404231] of_get_named_gpiod_flags: can't parse 'wp-gpio' property of node '/ocp/interconnect@44c00000/segment@200000/target-module@b000/i2c@0/eeprom@50[0]'
[   15.404280] at24 0-0050: using lookup tables for GPIO lookup
[   15.404295] at24 0-0050: No GPIO consumer wp found
[   15.404637] at24 0-0050: 32768 byte 24c256 EEPROM, writable, 1 bytes/write
