Labgrid Console Logfile for main
Logfile started at 2025-10-09 15:29:19.256002
=== Log starts here ===
reading args
spl_load_image_fat_os: error reading image args, err - -1
reading u-boot.img
reading u-boot.img


U-Boot 2014.04-00014-g47880f5 (Apr 22 2014 - 13:23:54)

I2C:   ready
DRAM:  512 MiB
NAND:  0 MiB
MMC:   OMAP SD/MMC: 0, OMAP SD/MMC: 1
*** Warning - readenv() failed, using default environment

Net:   <ethaddr> not set. Validating first E-fuse MAC
cpsw, usb_ether
Hit any key to stop autoboot:  1  0 
gpio: pin 53 (gpio 53) value is 1
mmc0 is current device
gpio: pin 54 (gpio 54) value is 1
SD/MMC found on device 0
reading uEnv.txt
569 bytes read in 3 ms (184.6 KiB/s)
gpio: pin 55 (gpio 55) value is 1
Loaded environment from uEnv.txt
Importing environment from mmc ...
Checking if uenvcmd is set ...
gpio: pin 56 (gpio 56) value is 1
Running uenvcmd ...
cpsw Waiting for PHY auto negotiation to complete. done
link up on port 0, speed 100, full duplex
Using cpsw device
TFTP from server 192.168.255.126; our IP address is 192.168.255.1
Filename 'zImage'.
Load address: 0x81000000
Loading: *#################################################################
	 #################################################################
	 #################################################################
	 #################################################################
	 #################################################################
	 ###############################################################
	 2.4 MiB/s
done
Bytes transferred = 5681720 (56b238 hex)
link up on port 0, speed 100, full duplex
Using cpsw device
TFTP from server 192.168.255.126; our IP address is 192.168.255.1
Filename 'am335x-boneblack.dtb'.
Load address: 0x82000000
Loading: *#######
	 2.4 MiB/s
done
Bytes transferred = 98148 (17f64 hex)
Kernel image @ 0x81000000 [ 0x000000 - 0x56b238 ]
## Flattened Device Tree blob at 82000000
   Booting using the fdt blob at 0x82000000
   Using Device Tree in place at 82000000, end 8201af63

Starting kernel ...

[    0.000000] Booting Linux on physical CPU 0x0
[    0.000000] Linux version 6.17.0-next-20251009 (user01@drvtest01) (arm-none-eabi-gcc (Arm GNU Toolchain 14.2.Rel1 (Build arm-14.52)) 14.2.1 20241119, GNU ld (Arm GNU Toolchain 14.2.Rel1 (Build arm-14.52)) 2.43.1.20241119) #1 SMP Thu Oct  9 15:28:00 EEST 2025
[    0.000000] CPU: ARMv7 Processor [413fc082] revision 2 (ARMv7), cr=10c5387d
[    0.000000] CPU: PIPT / VIPT nonaliasing data cache, VIPT aliasing instruction cache
[    0.000000] OF: fdt: Machine model: TI AM335x BeagleBone Black
[    0.000000] Memory policy: Data cache writeback
[    0.000000] cma: Reserved 16 MiB at 0x9e800000
[    0.000000] Zone ranges:
[    0.000000]   Normal   [mem 0x0000000080000000-0x000000009fdfffff]
[    0.000000]   HighMem  empty
[    0.000000] Movable zone start for each node
[    0.000000] Early memory node ranges
[    0.000000]   node   0: [mem 0x0000000080000000-0x000000009fdfffff]
[    0.000000] Initmem setup node 0 [mem 0x0000000080000000-0x000000009fdfffff]
[    0.000000] On node 0, zone Normal: 512 pages in unavailable ranges
[    0.000000] OF: reserved mem: Reserved memory: No reserved-memory node in the DT
[    0.000000] CPU: All CPU(s) started in SVC mode.
[    0.000000] AM335X ES2.1 (sgx neon)
[    0.000000] percpu: Embedded 17 pages/cpu s39884 r8192 d21556 u69632
[    0.000000] Kernel command line: console=ttyO0,115200n8 root=/dev/nfs rw nfsroot=192.168.255.126:/home/user01/nfs,nfsvers=3 ip=192.168.255.1:192.168.255.126::255.255.255.0:bbb1:eth0 nfsrootdebug
[    0.000000] Unknown kernel command line parameters "nfsrootdebug", will be passed to user space.
[    0.000000] printk: log buffer data + meta data: 65536 + 204800 = 270336 bytes
[    0.000000] Dentry cache hash table entries: 65536 (order: 6, 262144 bytes, linear)
[    0.000000] Inode-cache hash table entries: 32768 (order: 5, 131072 bytes, linear)
[    0.000000] Built 1 zonelists, mobility grouping on.  Total pages: 130560
[    0.000000] mem auto-init: stack:off, heap alloc:off, heap free:off
[    0.000000] SLUB: HWalign=16, Order=0-3, MinObjects=0, CPUs=1, Nodes=1
[    0.000000] rcu: Hierarchical RCU implementation.
[    0.000000] rcu: 	RCU event tracing is enabled.
[    0.000000] rcu: 	RCU restricting CPUs from NR_CPUS=2 to nr_cpu_ids=1.
[    0.000000] 	Tracing variant of Tasks RCU enabled.
[    0.000000] rcu: RCU calculated value of scheduler-enlistment delay is 10 jiffies.
[    0.000000] rcu: Adjusting geometry for rcu_fanout_leaf=16, nr_cpu_ids=1
[    0.000000] RCU Tasks Trace: Setting shift to 0 and lim to 1 rcu_task_cb_adjust=1 rcu_task_cpu_ids=1.
[    0.000000] NR_IRQS: 16, nr_irqs: 16, preallocated irqs: 16
[    0.000000] IRQ: Found an INTC at 0x(ptrval) (revision 5.0) with 128 interrupts
[    0.000000] rcu: srcu_init: Setting srcu_struct sizes based on contention.
[    0.000000] TI gptimer clocksource: always-on /ocp/interconnect@44c00000/segment@200000/target-module@31000
[    0.000003] sched_clock: 32 bits at 24MHz, resolution 41ns, wraps every 89478484971ns
[    0.000025] clocksource: dmtimer: mask: 0xffffffff max_cycles: 0xffffffff, max_idle_ns: 79635851949 ns
[    0.000491] TI gptimer clockevent: 24000000 Hz at /ocp/interconnect@48000000/segment@0/target-module@40000
[    0.002055] Console: colour dummy device 80x30
[    0.002120] WARNING: Your 'console=ttyO0' has been replaced by 'ttyS0'
[    0.002128] This ensures that you still see kernel messages. Please
[    0.002132] update your kernel commandline.
[    0.002175] Calibrating delay loop... 996.14 BogoMIPS (lpj=4980736)
[    0.090538] CPU: Testing write buffer coherency: ok
[    0.090647] CPU0: Spectre v2: using BPIALL workaround
[    0.090657] pid_max: default: 32768 minimum: 301
[    0.090833] LSM: initializing lsm=capability
[    0.090993] Mount-cache hash table entries: 1024 (order: 0, 4096 bytes, linear)
[    0.091011] Mountpoint-cache hash table entries: 1024 (order: 0, 4096 bytes, linear)
[    0.092600] CPU0: thread -1, cpu 0, socket -1, mpidr 0
[    0.092657] cacheinfo: Unable to detect cache hierarchy for CPU 0
[    0.094647] Setting up static identity map for 0x80100000 - 0x80100078
[    0.094953] rcu: Hierarchical SRCU implementation.
[    0.094962] rcu: 	Max phase no-delay instances is 1000.
[    0.096635] smp: Bringing up secondary CPUs ...
[    0.096686] smp: Brought up 1 node, 1 CPU
[    0.096698] SMP: Total of 1 processors activated (996.14 BogoMIPS).
[    0.096709] CPU: All CPU(s) started in SVC mode.
[    0.096912] Memory: 480864K/522240K available (11264K kernel code, 1226K rwdata, 2952K rodata, 1024K init, 256K bss, 23336K reserved, 16384K cma-reserved, 0K highmem)
[    0.097720] devtmpfs: initialized
[    0.115503] VFP support v0.3: implementor 41 architecture 3 part 30 variant c rev 3
[    0.116153] clocksource: jiffies: mask: 0xffffffff max_cycles: 0xffffffff, max_idle_ns: 19112604462750000 ns
[    0.116211] posixtimers hash table entries: 512 (order: 0, 4096 bytes, linear)
[    0.116239] futex hash table entries: 256 (16384 bytes on 1 NUMA nodes, total 16 KiB, linear).
[    0.117362] pinctrl core: initialized pinctrl subsystem
[    0.119455] NET: Registered PF_NETLINK/PF_ROUTE protocol family
[    0.122522] DMA: preallocated 256 KiB pool for atomic coherent allocations
[    0.123141] audit: initializing netlink subsys (disabled)
[    0.124515] thermal_sys: Registered thermal governor 'fair_share'
[    0.124529] thermal_sys: Registered thermal governor 'step_wise'
[    0.124538] thermal_sys: Registered thermal governor 'user_space'
[    0.124653] audit: type=2000 audit(0.120:1): state=initialized audit_enabled=0 res=1
[    0.124724] cpuidle: using governor menu
[    0.143038] /ocp/interconnect@44c00000/segment@200000/target-module@b000/i2c@0/tda19988@70: Fixed dependency cycle(s) with /ocp/interconnect@48000000/segment@300000/target-module@e000/lcdc@0
[    0.144132] /ocp/interconnect@48000000/segment@300000/target-module@e000/lcdc@0: Fixed dependency cycle(s) with /ocp/interconnect@44c00000/segment@200000/target-module@b000/i2c@0/tda19988@70
[    0.146337] No ATAGs?
[    0.146375] hw-breakpoint: debug architecture 0x4 unsupported.
[    0.149462] kprobes: kprobe jump-optimization is enabled. All kprobes are optimized if possible.
[    0.164280] iommu: Default domain type: Translated
[    0.164303] iommu: DMA domain TLB invalidation policy: strict mode
[    0.171617] SCSI subsystem initialized
[    0.172465] pps_core: LinuxPPS API ver. 1 registered
[    0.172477] pps_core: Software ver. 5.3.6 - Copyright 2005-2007 Rodolfo Giometti <giometti@linux.it>
[    0.172500] PTP clock support registered
[    0.174508] vgaarb: loaded
[    0.180728] clocksource: Switched to clocksource dmtimer
[    0.181426] VFS: Disk quotas dquot_6.6.0
[    0.181486] VFS: Dquot-cache hash table entries: 1024 (order 0, 4096 bytes)
[    0.209636] NET: Registered PF_INET protocol family
[    0.209982] IP idents hash table entries: 8192 (order: 4, 65536 bytes, linear)
[    0.211410] tcp_listen_portaddr_hash hash table entries: 512 (order: 0, 4096 bytes, linear)
[    0.211448] Table-perturb hash table entries: 65536 (order: 6, 262144 bytes, linear)
[    0.211464] TCP established hash table entries: 4096 (order: 2, 16384 bytes, linear)
[    0.211508] TCP bind hash table entries: 4096 (order: 4, 65536 bytes, linear)
[    0.211608] TCP: Hash tables configured (established 4096 bind 4096)
[    0.211730] UDP hash table entries: 256 (order: 1, 14336 bytes, linear)
[    0.211764] UDP-Lite hash table entries: 256 (order: 1, 14336 bytes, linear)
[    0.211972] NET: Registered PF_UNIX/PF_LOCAL protocol family
[    0.215891] RPC: Registered named UNIX socket transport module.
[    0.215913] RPC: Registered udp transport module.
[    0.215918] RPC: Registered tcp transport module.
[    0.215922] RPC: Registered tcp-with-tls transport module.
[    0.215927] RPC: Registered tcp NFSv4.1 backchannel transport module.
[    0.215953] PCI: CLS 0 bytes, default 64
[    0.217377] Initialise system trusted keyrings
[    0.225465] workingset: timestamp_bits=14 max_order=17 bucket_order=3
[    0.226917] NFS: Registering the id_resolver key type
[    0.226983] Key type id_resolver registered
[    0.226992] Key type id_legacy registered
[    0.227107] jffs2: version 2.2. (NAND) (SUMMARY)  Â© 2001-2006 Red Hat, Inc.
[    0.227563] Key type asymmetric registered
[    0.227578] Asymmetric key parser 'x509' registered
[    0.227648] io scheduler mq-deadline registered
[    0.227658] io scheduler kyber registered
[    0.227740] io scheduler bfq registered
[    0.229600] target-module@4b000000:target-module@140000:pmu@0:fck: device ID is greater than 24
[    0.235121] ledtrig-cpu: registered to indicate activity on CPUs
[    0.238890] Serial: 8250/16550 driver, 6 ports, IRQ sharing enabled
[    0.288545] brd: module loaded
[    0.307885] loop: module loaded
[    0.308831] mtdoops: mtd device (mtddev=name/number) must be supplied
[    0.311869] i2c_dev: i2c /dev entries driver
[    0.312882] cpuidle: enable-method property 'ti,am3352' found operations
[    0.313339] sdhci: Secure Digital Host Controller Interface driver
[    0.313347] sdhci: Copyright(c) Pierre Ossman
[    0.313534] sdhci-pltfm: SDHCI platform and OF driver helper
[    0.315234] hw perfevents: enabled with armv7_cortex_a8 PMU driver, 5 (8000000f) counters available
[    0.315764] Initializing XFRM netlink socket
[    0.315936] NET: Registered PF_INET6 protocol family
[    0.331486] Segment Routing with IPv6
[    0.331570] In-situ OAM (IOAM) with IPv6
[    0.331666] sit: IPv6, IPv4 and MPLS over IPv4 tunneling driver
[    0.332646] NET: Registered PF_PACKET protocol family
[    0.332674] NET: Registered PF_KEY protocol family
[    0.332798] Key type dns_resolver registered
[    0.333034] ThumbEE CPU extension supported.
[    0.333055] Registering SWP/SWPB emulation handler
[    0.333579] omap_voltage_late_init: Voltage driver support not added
[    0.334240] SmartReflex Class3 initialized
[    0.366450] Loading compiled-in X.509 certificates
[    0.398289] /ocp/interconnect@44c00000/segment@200000/target-module@b000/i2c@0/tda19988@70: Fixed dependency cycle(s) with /ocp/interconnect@48000000/segment@300000/target-module@e000/lcdc@0
[    0.404628] /ocp/interconnect@44c00000/segment@200000/target-module@b000/i2c@0/tda19988@70: Fixed dependency cycle(s) with /ocp/interconnect@48000000/segment@300000/target-module@e000/lcdc@0
[    0.445456] /ocp/interconnect@44c00000/segment@200000/target-module@b000/i2c@0/tda19988@70: Fixed dependency cycle(s) with /ocp/interconnect@48000000/segment@300000/target-module@e000/lcdc@0
[    0.446397] /ocp/interconnect@44c00000/segment@200000/target-module@b000/i2c@0/tda19988@70: Fixed dependency cycle(s) with /ocp/interconnect@48000000/segment@300000/target-module@e000/lcdc@0
[    0.449896] /ocp/interconnect@44c00000/segment@200000/target-module@10000/scm@0/pinmux@800: Fixed dependency cycle(s) with /ocp/interconnect@44c00000/segment@200000/target-module@10000/scm@0/pinmux@800/clkout2-pins
[    0.450489] pinctrl-single 44e10800.pinmux: 142 pins, size 568
[    0.455983] ti-sysc 44e31000.target-module: probe with driver ti-sysc failed with error -16
[    0.482913] /ocp/interconnect@48000000/segment@300000/target-module@e000/lcdc@0: Fixed dependency cycle(s) with /ocp/interconnect@44c00000/segment@200000/target-module@b000/i2c@0/tda19988@70
[    0.491242] ti-sysc 48040000.target-module: probe with driver ti-sysc failed with error -16
[    0.537601] OMAP GPIO hardware version 0.1
[    0.564347] omap_i2c 4819c000.i2c: bus 2 rev0.11 at 100 kHz
[    0.598592] 48000000.interconnect:segment@200000:target-module@0:mpu@0:fck: device ID is greater than 24
[    0.599489] /ocp/interconnect@48000000/segment@300000/target-module@e000/lcdc@0: Fixed dependency cycle(s) with /ocp/interconnect@44c00000/segment@200000/target-module@b000/i2c@0/tda19988@70
[    0.602294] /ocp/interconnect@48000000/segment@300000/target-module@e000/lcdc@0: Fixed dependency cycle(s) with /ocp/interconnect@44c00000/segment@200000/target-module@b000/i2c@0/tda19988@70
[    0.602984] /ocp/interconnect@44c00000/segment@200000/target-module@b000/i2c@0/tda19988@70: Fixed dependency cycle(s) with /ocp/interconnect@48000000/segment@300000/target-module@e000/lcdc@0
[    0.603154] /ocp/interconnect@48000000/segment@300000/target-module@e000/lcdc@0: Fixed dependency cycle(s) with /ocp/interconnect@44c00000/segment@200000/target-module@b000/i2c@0/tda19988@70
[    0.610799] sdhci-omap 481d8000.mmc: supply pbias not found, using dummy regulator
[    0.611289] sdhci-omap 481d8000.mmc: supply vqmmc not found, using dummy regulator
[    0.703588] davinci_mdio 4a101000.mdio: davinci mdio revision 1.6, bus freq 1000000
[    0.851281] davinci_mdio 4a101000.mdio: phy[0]: device 4a101000.mdio:00, driver SMSC LAN8710/LAN8720
[    0.852053] cpsw-switch 4a100000.switch: initialized cpsw ale version 1.4
[    0.852074] cpsw-switch 4a100000.switch: ALE Table size 1024, Policers 0
[    0.852248] cpsw-switch 4a100000.switch: cpts: overflow check period 500 (jiffies)
[    0.852265] cpsw-switch 4a100000.switch: CPTS: ref_clk_freq:250000000 calc_mult:2147483648 calc_shift:29 error:0 nsec/sec
[    0.852370] cpsw-switch 4a100000.switch: Detected MACID = 6c:ec:eb:68:de:78
[    0.854252] cpsw-switch 4a100000.switch: initialized (regs 0x4a100000, pool size 256) hw_ver:0019010C 1.12 (0)
[    0.865704] debugfs: '49000000.dma' already exists in 'dmaengine'
[    0.865748] edma 49000000.dma: TI EDMA DMA engine driver
[    0.927044] 44e09000.serial: ttyS0 at MMIO 0x44e09000 (irq = 34, base_baud = 3000000) is a 8250
[    0.927138] printk: legacy console [ttyS0] enabled
[    2.435852] tps65217-pmic: Failed to locate of_node [id: -1]
[    2.441919] tps65217-bl: Failed to locate of_node [id: -1]
[    2.447998] platform tps65217-charger: DMA mask not set
[    2.454030] platform tps65217-pwrbutton: DMA mask not set
[    2.461299] tps65217 0-0024: TPS65217 ID 0xe version 1.2
[    2.467425] /ocp/interconnect@48000000/segment@300000/target-module@e000/lcdc@0: Fixed dependency cycle(s) with /ocp/interconnect@44c00000/segment@200000/target-module@b000/i2c@0/tda19988@70
[    2.484866] /ocp/interconnect@44c00000/segment@200000/target-module@b000/i2c@0/tda19988@70: Fixed dependency cycle(s) with /ocp/interconnect@48000000/segment@300000/target-module@e000/lcdc@0
[    2.502223] omap_i2c 44e0b000.i2c: bus 0 rev0.11 at 400 kHz
[    2.510219] omap_gpio 44e07000.gpio: Could not set line 6 debounce to 200000 microseconds (-22)
[    2.519100] sdhci-omap 48060000.mmc: Got CD GPIO
[    2.524100] sdhci-omap 48060000.mmc: supply pbias not found, using dummy regulator
[    2.534285] sdhci-omap 48060000.mmc: supply vqmmc not found, using dummy regulator
[    2.543271] sdhci-omap 481d8000.mmc: supply pbias not found, using dummy regulator
[    2.553813] sdhci-omap 481d8000.mmc: supply vqmmc not found, using dummy regulator
[    2.588571] mmc0: SDHCI controller on 48060000.mmc [48060000.mmc] using External DMA
[    2.596811] mmc1: SDHCI controller on 481d8000.mmc [481d8000.mmc] using External DMA
[    2.605642] cpsw-switch 4a100000.switch: starting ndev. mode: dual_mac
[    2.675156] mmc1: new high speed MMC card at address 0001
[    2.681983] mmcblk1: mmc1:0001 MMC04G 3.60 GiB
[    2.689908]  mmcblk1: p1 p2
[    2.693652] SMSC LAN8710/LAN8720 4a101000.mdio:00: attached PHY driver (mii_bus:phy_addr=4a101000.mdio:00, irq=POLL)
[    2.706287] mmcblk1boot0: mmc1:0001 MMC04G 2.00 MiB
[    2.720181] mmcblk1boot1: mmc1:0001 MMC04G 2.00 MiB
[    2.728892] mmcblk1rpmb: mmc1:0001 MMC04G 128 KiB, chardev (249:0)
[    2.778390] mmc0: new high speed SDHC card at address aaaa
[    2.785352] mmcblk0: mmc0:aaaa SE32G 29.7 GiB
[    2.794473]  mmcblk0: p1 p2
[    5.845611] cpsw-switch 4a100000.switch eth0: Link is Up - 100Mbps/Full - flow control off
[    5.874870] IP-Config: Complete:
[    5.878142]      device=eth0, hwaddr=6c:ec:eb:68:de:78, ipaddr=192.168.255.1, mask=255.255.255.0, gw=255.255.255.255
[    5.888786]      host=bbb1, domain=, nis-domain=(none)
[    5.893956]      bootserver=192.168.255.126, rootserver=192.168.255.126, rootpath=
[    5.894385] clk: Disabling unused clocks
[    5.906246] PM: genpd: Disabling unused power domains
[    5.911393] KTAP version 1
[    5.914117] 1..0
[    5.916856] check access for rdinit=/init failed: -2, ignoring
[    5.943984] VFS: Mounted root (nfs filesystem) on device 0:17.
[    5.951048] devtmpfs: mounted
[    5.955646] Freeing unused kernel image (initmem) memory: 1024K
[    5.962401] Run /sbin/init as init process
[    6.634043] systemd[1]: System time before build time, advancing clock.
[    8.174874] random: crng init done
[    8.187727] systemd[1]: systemd 232 running in system mode. (+PAM +AUDIT +SELINUX +IMA +APPARMOR +SMACK +SYSVINIT +UTMP +LIBCRYPTSETUP +GCRYPT +GNUTLS +ACL +XZ +LZ4 +SECCOMP +BLKID +ELFUTILS +KMOD +IDN)
[    8.206841] systemd[1]: Detected architecture arm.

Welcome to [1mDebian GNU/Linux 9 (stretch)[0m!

[    8.237898] systemd[1]: Set hostname to <arm>.
[    9.315725] systemd[1]: Reached target Remote File Systems.
[[0;32m  OK  [0m] Reached target Remote File Systems.
[    9.335852] systemd[1]: Started Forward Password Requests to Wall Directory Watch.
[[0;32m  OK  [0m] Started Forward Password Requests to Wall Directory Watch.
[    9.366378] systemd[1]: Created slice User and Session Slice.
[[0;32m  OK  [0m] Created slice User and Session Slice.
[    9.398422] systemd[1]: Listening on Journal Audit Socket.
[[0;32m  OK  [0m] Listening on Journal Audit Socket.
[    9.426629] systemd[1]: Set up automount Arbitrary Executable File Formats File System Automount Point.
[[0;32m  OK  [0m] Set up automount Arbitrary Executabâ€¦rmats File System Automount Point.
[    9.455829] systemd[1]: Started Dispatch Password Requests to Console Directory Watch.
[[0;32m  OK  [0m] Started Dispatch Password Requests to Console Directory Watch.
[    9.485223] systemd[1]: Reached target Paths.
[[0;32m  OK  [0m] Reached target Paths.
[[0;32m  OK  [0m] Reached target Encrypted Volumes.
[[0;32m  OK  [0m] Listening on udev Control Socket.
[[0;32m  OK  [0m] Listening on Journal Socket (/dev/log).
[[0;32m  OK  [0m] Listening on udev Kernel Socket.
[[0;32m  OK  [0m] Listening on /dev/initctl Compatibility Named Pipe.
[[0;32m  OK  [0m] Created slice System Slice.
[[0;32m  OK  [0m] Created slice system-serial\x2dgetty.slice.
[[0;32m  OK  [0m] Created slice system-getty.slice.
         Mounting POSIX Message Queue File System...
         Mounting Debug File System...
[[0;32m  OK  [0m] Reached target Swap.
[[0;32m  OK  [0m] Listening on Journal Socket.
         Starting Remount Root and Kernel File Systems...
         Starting Create list of required stâ€¦ce nodes for the current kernel...
         Starting Load Kernel Modules...
[[0;32m  OK  [0m] Reached target Slices.
[[0;32m  OK  [0m] Listening on Syslog Socket.
         Starting Journal Service...
[[0;32m  OK  [0m] Mounted POSIX Message Queue File System.
[[0;32m  OK  [0m] Mounted Debug File System.
[[0;32m  OK  [0m] Started Remount Root and Kernel File Systems.
[[0;32m  OK  [0m] Started Create list of required staâ€¦vice nodes for the current kernel.
         Starting Create Static Device Nodes in /dev...
         Starting udev Coldplug all Devices...
         Starting Load/Save Random Seed...
[[0;32m  OK  [0m] Started Load Kernel Modules.
         Starting Apply Kernel Variables...
         Mounting Configuration File System...
[[0;32m  OK  [0m] Mounted Configuration File System.
[[0;32m  OK  [0m] Started Load/Save Random Seed.
[[0;32m  OK  [0m] Started Apply Kernel Variables.
[[0;32m  OK  [0m] Started Create Static Device Nodes in /dev.
         Starting udev Kernel Device Manager...
[[0;32m  OK  [0m] Reached target Local File Systems (Pre).
[[0;32m  OK  [0m] Reached target Local File Systems.
         Starting Raise network interfaces...
[[0;32m  OK  [0m] Started Journal Service.
         Starting Flush Journal to Persistent Storage...
[   11.881305] systemd-journald[89]: Received request to flush runtime journal from PID 1
[[0;32m  OK  [0m] Started Flush Journal to Persistent Storage.
         Starting Create Volatile Files and Directories...
[[0;32m  OK  [0m] Started udev Kernel Device Manager.
[   12.645398] omap_prm 44e00d00.prm: sync_state() pending due to 44d00000.cpu
[[0;32m  OK  [0m] Started Create Volatile Files and Directories.
         Starting Update UTMP about System Boot/Shutdown...
         Starting Network Time Synchronization...
[[0;32m  OK  [0m] Started Update UTMP about System Boot/Shutdown.
[[0;32m  OK  [0m] Started udev Coldplug all Devices.
[   14.815579] remoteproc remoteproc0: wkup_m3 is available
[   15.067123] at24 2-0054: supply vcc not found, using dummy regulator
[   15.191177] at24 2-0055: supply vcc not found, using dummy regulator
[[0;32m  OK  [0m] Found device /dev/ttyS0.
[   15.307718] at24 2-0056: supply vcc not found, using dummy regulator
[   15.364800] input: tps65217_pwrbutton as /devices/platform/ocp/44c00000.interconnect/44c00000.interconnect:segment@200000/44e0b000.target-module/44e0b000.i2c/i2c-0/0-0024/tps65217-pwrbutton/input/input0
[   15.455442] at24 2-0057: supply vcc not found, using dummy regulator
[[0;32m  OK  [0m] Started Network Time Synchronization.
[[0;32m  OK  [0m] Reached target System Time Synchronized.
[[0;32m  OK  [0m] Reached target System Initialization.
[   15.588375] at24 0-0050: 32768 byte 24c256 EEPROM, writable, 1 bytes/write
[[0;32m  OK  [0m] Listening on Avahi mDNS/DNS-SD Stack Activation Socket.
[[0;32m  OK  [0m] Listening on D-Bus System Message Bus Socket.
[[0;32m  OK  [0m] Reached target Sockets.
[[0;32m  OK  [0m] Reached target Basic System.
         Starting System Logging Service...
[   16.022873] omap_rtc 44e3e000.rtc: registered as rtc0
[   16.028252] omap_rtc 44e3e000.rtc: setting system clock to 2000-01-01T00:00:00 UTC (946684800)
         Starting Generic Board Startup...
         Starting Avahi mDNS/DNS-SD Stack...
         Starting Cape Manager Service...[   16.259902] omap_wdt: OMAP Watchdog Timer Rev 0x01: initial timeout 60 sec

         Starting DUN service...
[   16.506088] am335x-phy-driver 47401300.usb-phy: dummy supplies not allowed for exclusive requests (id=vbus)
[[0;32m  OK  [0m] Started D-Bus System Message Bus.
[   16.783689] am335x-phy-driver 47401b00.usb-phy: dummy supplies not allowed for exclusive requests (id=vbus)
[   16.967639] usbcore: registered new interface driver usbfs
[   16.973988] usbcore: registered new interface driver hub
[   16.979735] usbcore: registered new device driver usb
[   17.876800] musb-hdrc musb-hdrc.1: MUSB HDRC host driver
[   17.882218] musb-hdrc musb-hdrc.1: new USB bus registered, assigned bus number 1
[   18.032010] tda998x 0-0070: found TDA19988
[   18.134561] usb usb1: New USB device found, idVendor=1d6b, idProduct=0002, bcdDevice= 6.17
[   18.143128] usb usb1: New USB device strings: Mfr=3, Product=2, SerialNumber=1
[   18.150483] usb usb1: Product: MUSB HDRC host driver
[   18.155525] usb usb1: Manufacturer: Linux 6.17.0-next-20251009 musb-hcd
[   18.162177] usb usb1: SerialNumber: musb-hdrc.1
[   18.220811] omap-mailbox 480c8000.mailbox: omap mailbox rev 0x400
[   18.414211] remoteproc remoteproc0: powering up wkup_m3
[   18.706445] hub 1-0:1.0: USB hub found
[   18.731487] remoteproc remoteproc0: Direct firmware load for am335x-pm-firmware.elf failed with error -2
[   18.741301] remoteproc remoteproc0: request_firmware failed: -2
[   18.747338] wkup_m3_ipc 44e11324.wkup_m3_ipc: rproc_boot failed
[   18.807720] hub 1-0:1.0: 1 port detected
[   21.203869] omap_rng 48310000.rng: Random Number Generator ver. 20
[   21.226104] tilcdc 4830e000.lcdc: bound 0-0070 (ops tda998x_audio_codec_init [tda998x])
[   21.284811] ------------[ cut here ]------------
[   21.289638] WARNING: net/8021q/vlan_core.c:236 at vlan_for_each+0x114/0x134, CPU#0: avahi-daemon/191
[   21.298937] RTNL: assertion failed at net/8021q/vlan_core.c (236)
[   21.305090] Modules linked in: omap_rng tilcdc(+) rng_core drm_dma_helper drm_client_lib snd_soc_davinci_mcasp snd_soc_ti_udma snd_soc_ti_edma snd_soc_ti_sdma snd_soc_core snd_pcm_dmaengine snd_pcm snd_timer omap_mailbox snd soundcore tda998x musb_dsps cec musb_hdrc drm_kms_helper udc_core usbcore phy_am335x drm phy_generic omap_wdt cppi41 usb_common rtc_omap watchdog wkup_m3_ipc phy_am335x_control drm_panel_orientation_quirks tps65218_pwrbutton at24 wkup_m3_rproc leds_gpio led_class cpufreq_dt autofs4
[   21.350099] CPU: 0 UID: 107 PID: 191 Comm: avahi-daemon Not tainted 6.17.0-next-20251009 #1 NONE 
[   21.350116] Hardware name: Generic AM33XX (Flattened Device Tree)
[   21.350126] Call trace: 
[   21.350142]  unwind_backtrace from show_stack+0x10/0x14
[   21.350178]  show_stack from dump_stack_lvl+0x50/0x64
[   21.350204]  dump_stack_lvl from __warn+0x88/0x148
[   21.350222]  __warn from warn_slowpath_fmt+0x19c/0x1b0
[   21.350235]  warn_slowpath_fmt from vlan_for_each+0x114/0x134
[   21.350255]  vlan_for_each from cpsw_add_mc_addr+0x40/0xa4
[   21.350280]  cpsw_add_mc_addr from __hw_addr_ref_sync_dev+0x108/0x140
[   21.350310]  __hw_addr_ref_sync_dev from __dev_mc_add+0x7c/0x80
[   21.350332]  __dev_mc_add from igmp6_group_added+0xc8/0xe0
[   21.350360]  igmp6_group_added from __ipv6_dev_mc_inc+0x218/0x364
[   21.350378]  __ipv6_dev_mc_inc from __ipv6_sock_mc_join+0x11c/0x1c0
[   21.350395]  __ipv6_sock_mc_join from do_ipv6_setsockopt+0x1214/0x1310
[   21.350426]  do_ipv6_setsockopt from ipv6_setsockopt+0x60/0xcc
[   21.350447]  ipv6_setsockopt from udpv6_setsockopt+0x2c/0x6c
[   21.350472]  udpv6_setsockopt from sock_common_setsockopt+0x30/0x40
[   21.350506]  sock_common_setsockopt from do_sock_setsockopt+0x50/0x9c
[   21.350527]  do_sock_setsockopt from __sys_setsockopt+0x70/0xbc
[   21.350546]  __sys_setsockopt from ret_fast_syscall+0x0/0x58
[   21.350563] Exception stack(0xe017dfa8 to 0xe017dff0)
[   21.350577] dfa0:                   00000014 b6f9cce8 0000000d 00000029 00000014 beea59ec
[   21.350589] dfc0: 00000014 b6f9cce8 00000014 00000126 0000000d b6f45ff4 0050e988 004f6558
[   21.350597] dfe0: b6f5b088 beea59d8 b6f38309 b6e0f41a
[   21.350605] ---[ end trace 0000000000000000 ]---
[   21.535356] [drm] Initialized tilcdc 1.0.0 for 4830e000.lcdc on minor 0
[[0;32m  OK  [0m] Started DUN service.
[   21.560772] tilcdc 4830e000.lcdc: [drm] Cannot find any crtc or sizes
[   21.588508] tilcdc 4830e000.lcdc: [drm] Cannot find any crtc or sizes
[[0;32m  OK  [0m] Started Avahi mDNS/DNS-SD Stack.
         Starting Connection service...
         Starting Telephony service...
         Starting LSB: Load kernel modules needed to enable cpufreq scaling...
         Starting Login Service...
         Starting LSB: Start busybox udhcpd at boot time...
[[0;32m  OK  [0m] Started Daily Cleanup of Temporary Directories.
[[0;32m  OK  [0m] Started Regular background program processing daemon.
[[0;32m  OK  [0m] Started Daily apt download activities.
[[0;32m  OK  [0m] Started Daily apt upgrade and clean activities.
[[0;32m  OK  [0m] Reached target Timers.
[[0;32m  OK  [0m] Started System Logging Service.
[   22.823828] PM: Cannot get wkup_m3_ipc handle
[   22.880722] omap-sham 53100000.sham: hw accel on OMAP rev 4.3
[[0;32m  OK  [0m] Started Cape Manager Service.
[   23.036972] omap-sham 53100000.sham: will run requests pump with realtime priority
[   23.055471] PM: Cannot get wkup_m3_ipc handle
[   23.240245] omap-aes 53500000.aes: OMAP AES hw accel rev: 3.2
[   23.369827] omap-aes 53500000.aes: will run requests pump with realtime priority
[   23.399906] PM: Cannot get wkup_m3_ipc handle
[   25.438384] Bluetooth: Core ver 2.22
[   25.442210] NET: Registered PF_BLUETOOTH protocol family
[   25.447846] Bluetooth: HCI device and connection manager initialized
[   25.454269] Bluetooth: HCI socket layer initialized
[   25.459238] Bluetooth: L2CAP socket layer initialized
[   25.464354] Bluetooth: SCO socket layer initialized
[   26.825459] gpio-537 (nxp,calib): gpiod_direction_output_nonotify: tried to set a GPIO tied to an IRQ as output
[   26.843723] PM: Cannot get wkup_m3_ipc handle
[   26.981816] PM: Cannot get wkup_m3_ipc handle
[   27.156863] tda9950 0-0034: TDA9950 CEC interface, hardware version 3.3
[[0;32m  OK  [0m] Started Raise network interfaces.
[   27.258046] PM: Cannot get wkup_m3_ipc handle
[[0;32m  OK  [0m] Started LSB: Start busybox udhcpd at boot time.
[   29.235099] configfs-gadget.g_multi gadget.0: HOST MAC 1c:ba:8c:a2:ed:6c
[   29.241880] configfs-gadget.g_multi gadget.0: MAC 1c:ba:8c:a2:ed:70
[   29.249325] configfs-gadget.g_multi gadget.0: HOST MAC 1c:ba:8c:a2:ed:6c
[   29.256194] configfs-gadget.g_multi gadget.0: MAC 1c:ba:8c:a2:ed:6d
[   29.263729] PM: Cannot get wkup_m3_ipc handle
[[0;32m  OK  [0m] Started LSB: Load kernel modules needed to enable cpufreq scaling.
[[0;32m  OK  [0m] Started Telephony service.
[[0;32m  OK  [0m] Started Connection service.
[[0;32m  OK  [0m] Started Login Service.
         Starting Hostname Service...
         Starting WPA supplicant...
[[0;32m  OK  [0m] Reached target Sound Card.
         Starting LSB: set CPUFreq kernel parameters...
[[0;32m  OK  [0m] Started WPA supplicant.
[[0;32m  OK  [0m] Started Hostname Service.
[[0;32m  OK  [0m] Reached target Network.
         Starting OpenBSD Secure Shell server...
         Starting Permit User Sessions...
[[0;32m  OK  [0m] Reached target Network is Online.
         Starting LSB: Advanced IEEE 802.11 management daemon...
         Starting The Apache HTTP Server...
[[0;32m  OK  [0m] Started LSB: set CPUFreq kernel parameters.
[[0;32m  OK  [0m] Started LSB: Advanced IEEE 802.11 management daemon.
[[0;32m  OK  [0m] Started Permit User Sessions.
[[0;32m  OK  [0m] Started Getty on tty1.
[[0;32m  OK  [0m] Started Serial Getty on ttyS0.
[[0;32m  OK  [0m] Reached target Login Prompts.
         Stopping LSB: Start busybox udhcpd at boot time...
[[0;32m  OK  [0m] Stopped LSB: Start busybox udhcpd at boot time.
[[0;32m  OK  [0m] Started OpenBSD Secure Shell server.
         Starting dnsmasq - A lightweight DHCP and caching DNS server...
[[0;32m  OK  [0m] Started The Apache HTTP Server.
[[0;32m  OK  [0m] Started dnsmasq - A lightweight DHCP and caching DNS server.
[[0;32m  OK  [0m] Reached target Host and Network Name Lookups.
[[0;32m  OK  [0m] Started Serial Getty on ttyGS0.
[[0;32m  OK  [0m] Started Generic Board Startup.
[[0;32m  OK  [0m] Reached target Multi-User System.
[[0;32m  OK  [0m] Reached target Graphical Interface.
         Starting Update UTMP about System Runlevel Changes...
[[0;32m  OK  [0m] Started Update UTMP about System Runlevel Changes.

Debian GNU/Linux 9 arm ttyS0

default username:password is [debian:temppwd]

arm login: root
Password: 
Last login: Sat Jan  1 00:00:39 UTC 2000 on ttyS0
root
Linux arm 6.17.0-next-20251009 #1 SMP Thu Oct  9 15:28:00 EEST 2025 armv7l

The programs included with the Debian GNU/Linux system are free software;
the exact distribution terms for each program are described in the
individual files in /usr/share/doc/*/copyright.

Debian GNU/Linux comes with ABSOLUTELY NO WARRANTY, to the extent
permitted by applicable law.
root@arm:~# root
-bash: root: command not found
root@arm:~# dmesg -n 1
root@arm:~# echo 'XTAV''GZQEJA'
XTAVGZQEJA
root@arm:~# run() { echo -n "$MARKER"; sh -c "$@"; echo "$MARKER $?"; }
root@arm:~# echo 'MHKF''EEYFKO'
MHKFEEYFKO
root@arm:~# MARKER='TNXU''XWQBCT' run 'cat /proc/version'
TNXUXWQBCTLinux version 6.17.0-next-20251009 (user01@drvtest01) (arm-none-eabi-gcc (Arm GNU Toolchain 14.2.Rel1 (Build arm-14.52)) 14.2.1 20241119, GNU ld (Arm GNU Toolchain 14.2.Rel1 (Build arm-14.52)) 2.43.1.20241119) #1 SMP Thu Oct  9 15:28:00 EEST 2025
TNXUXWQBCT 0
root@arm:~# echo 'BJKA''NZTTMM'
BJKANZTTMM
root@arm:~# MARKER='GWNM''HTQUVX' run false
GWNMHTQUVXGWNMHTQUVX 1
root@arm:~# Labgrid Console Logfile for main
Logfile started at 2025-10-09 15:30:28.719398
=== Log starts here ===

root@arm:~# run() { echo -n "$MARKER"; sh -c "$@"; echo "$MARKER $?"; }
root@arm:~# echo 'WBYO''MCVXBB'
WBYOMCVXBB
root@arm:~# MARKER='MUPH''BKOHPL' run 'ls /iio_generic_buffer; echo $?'
MUPHBKOHPL/iio_generic_buffer
0
MUPHBKOHPL 0
root@arm:~# Labgrid Console Logfile for main
Logfile started at 2025-10-09 15:30:32.101567
=== Log starts here ===

root@arm:~# run() { echo -n "$MARKER"; sh -c "$@"; echo "$MARKER $?"; }
root@arm:~# echo 'ZYBN''JTVAOH'
ZYBNJTVAOH
root@arm:~# MARKER='TELK''JWHYKL' run dmesg
TELKJWHYKL[    0.000000] Booting Linux on physical CPU 0x0
[    0.000000] Linux version 6.17.0-next-20251009 (user01@drvtest01) (arm-none-eabi-gcc (Arm GNU Toolchain 14.2.Rel1 (Build arm-14.52)) 14.2.1 20241119, GNU ld (Arm GNU Toolchain 14.2.Rel1 (Build arm-14.52)) 2.43.1.20241119) #1 SMP Thu Oct  9 15:28:00 EEST 2025
[    0.000000] CPU: ARMv7 Processor [413fc082] revision 2 (ARMv7), cr=10c5387d
[    0.000000] CPU: PIPT / VIPT nonaliasing data cache, VIPT aliasing instruction cache
[    0.000000] OF: fdt: Machine model: TI AM335x BeagleBone Black
[    0.000000] Memory policy: Data cache writeback
[    0.000000] cma: Reserved 16 MiB at 0x9e800000
[    0.000000] Zone ranges:
[    0.000000]   Normal   [mem 0x0000000080000000-0x000000009fdfffff]
[    0.000000]   HighMem  empty
[    0.000000] Movable zone start for each node
[    0.000000] Early memory node ranges
[    0.000000]   node   0: [mem 0x0000000080000000-0x000000009fdfffff]
[    0.000000] Initmem setup node 0 [mem 0x0000000080000000-0x000000009fdfffff]
[    0.000000] On node 0, zone Normal: 512 pages in unavailable ranges
[    0.000000] OF: reserved mem: Reserved memory: No reserved-memory node in the DT
[    0.000000] CPU: All CPU(s) started in SVC mode.
[    0.000000] AM335X ES2.1 (sgx neon)
[    0.000000] percpu: Embedded 17 pages/cpu s39884 r8192 d21556 u69632
[    0.000000] pcpu-alloc: s39884 r8192 d21556 u69632 alloc=17*4096
[    0.000000] pcpu-alloc: [0] 0 
[    0.000000] Kernel command line: console=ttyO0,115200n8 root=/dev/nfs rw nfsroot=192.168.255.126:/home/user01/nfs,nfsvers=3 ip=192.168.255.1:192.168.255.126::255.255.255.0:bbb1:eth0 nfsrootdebug
[    0.000000] Unknown kernel command line parameters "nfsrootdebug", will be passed to user space.
[    0.000000] printk: log buffer data + meta data: 65536 + 204800 = 270336 bytes
[    0.000000] Dentry cache hash table entries: 65536 (order: 6, 262144 bytes, linear)
[    0.000000] Inode-cache hash table entries: 32768 (order: 5, 131072 bytes, linear)
[    0.000000] Built 1 zonelists, mobility grouping on.  Total pages: 130560
[    0.000000] mem auto-init: stack:off, heap alloc:off, heap free:off
[    0.000000] SLUB: HWalign=16, Order=0-3, MinObjects=0, CPUs=1, Nodes=1
[    0.000000] rcu: Hierarchical RCU implementation.
[    0.000000] rcu: 	RCU event tracing is enabled.
[    0.000000] rcu: 	RCU restricting CPUs from NR_CPUS=2 to nr_cpu_ids=1.
[    0.000000] 	Tracing variant of Tasks RCU enabled.
[    0.000000] rcu: RCU calculated value of scheduler-enlistment delay is 10 jiffies.
[    0.000000] rcu: Adjusting geometry for rcu_fanout_leaf=16, nr_cpu_ids=1
[    0.000000] RCU Tasks Trace: Setting shift to 0 and lim to 1 rcu_task_cb_adjust=1 rcu_task_cpu_ids=1.
[    0.000000] NR_IRQS: 16, nr_irqs: 16, preallocated irqs: 16
[    0.000000] IRQ: Found an INTC at 0x(ptrval) (revision 5.0) with 128 interrupts
[    0.000000] rcu: srcu_init: Setting srcu_struct sizes based on contention.
[    0.000000] TI gptimer clocksource: always-on /ocp/interconnect@44c00000/segment@200000/target-module@31000
[    0.000003] sched_clock: 32 bits at 24MHz, resolution 41ns, wraps every 89478484971ns
[    0.000025] clocksource: dmtimer: mask: 0xffffffff max_cycles: 0xffffffff, max_idle_ns: 79635851949 ns
[    0.000491] TI gptimer clockevent: 24000000 Hz at /ocp/interconnect@48000000/segment@0/target-module@40000
[    0.002055] Console: colour dummy device 80x30
[    0.002120] WARNING: Your 'console=ttyO0' has been replaced by 'ttyS0'
[    0.002128] This ensures that you still see kernel messages. Please
[    0.002132] update your kernel commandline.
[    0.002175] Calibrating delay loop... 996.14 BogoMIPS (lpj=4980736)
[    0.090538] CPU: Testing write buffer coherency: ok
[    0.090647] CPU0: Spectre v2: using BPIALL workaround
[    0.090657] pid_max: default: 32768 minimum: 301
[    0.090833] LSM: initializing lsm=capability
[    0.090993] Mount-cache hash table entries: 1024 (order: 0, 4096 bytes, linear)
[    0.091011] Mountpoint-cache hash table entries: 1024 (order: 0, 4096 bytes, linear)
[    0.092600] CPU0: thread -1, cpu 0, socket -1, mpidr 0
[    0.092657] cacheinfo: Unable to detect cache hierarchy for CPU 0
[    0.094647] Setting up static identity map for 0x80100000 - 0x80100078
[    0.094953] rcu: Hierarchical SRCU implementation.
[    0.094962] rcu: 	Max phase no-delay instances is 1000.
[    0.096635] smp: Bringing up secondary CPUs ...
[    0.096686] smp: Brought up 1 node, 1 CPU
[    0.096698] SMP: Total of 1 processors activated (996.14 BogoMIPS).
[    0.096709] CPU: All CPU(s) started in SVC mode.
[    0.096912] Memory: 480864K/522240K available (11264K kernel code, 1226K rwdata, 2952K rodata, 1024K init, 256K bss, 23336K reserved, 16384K cma-reserved, 0K highmem)
[    0.097720] devtmpfs: initialized
[    0.115503] VFP support v0.3: implementor 41 architecture 3 part 30 variant c rev 3
[    0.116153] clocksource: jiffies: mask: 0xffffffff max_cycles: 0xffffffff, max_idle_ns: 19112604462750000 ns
[    0.116211] posixtimers hash table entries: 512 (order: 0, 4096 bytes, linear)
[    0.116239] futex hash table entries: 256 (16384 bytes on 1 NUMA nodes, total 16 KiB, linear).
[    0.117362] pinctrl core: initialized pinctrl subsystem
[    0.119455] NET: Registered PF_NETLINK/PF_ROUTE protocol family
[    0.122522] DMA: preallocated 256 KiB pool for atomic coherent allocations
[    0.123141] audit: initializing netlink subsys (disabled)
[    0.124515] thermal_sys: Registered thermal governor 'fair_share'
[    0.124529] thermal_sys: Registered thermal governor 'step_wise'
[    0.124538] thermal_sys: Registered thermal governor 'user_space'
[    0.124653] audit: type=2000 audit(0.120:1): state=initialized audit_enabled=0 res=1
[    0.124724] cpuidle: using governor menu
[    0.143038] /ocp/interconnect@44c00000/segment@200000/target-module@b000/i2c@0/tda19988@70: Fixed dependency cycle(s) with /ocp/interconnect@48000000/segment@300000/target-module@e000/lcdc@0
[    0.144132] /ocp/interconnect@48000000/segment@300000/target-module@e000/lcdc@0: Fixed dependency cycle(s) with /ocp/interconnect@44c00000/segment@200000/target-module@b000/i2c@0/tda19988@70
[    0.146337] No ATAGs?
[    0.146375] hw-breakpoint: debug architecture 0x4 unsupported.
[    0.149462] kprobes: kprobe jump-optimization is enabled. All kprobes are optimized if possible.
[    0.164280] iommu: Default domain type: Translated
[    0.164303] iommu: DMA domain TLB invalidation policy: strict mode
[    0.165852] reg-fixed-voltage fixedregulator0: using DT '/fixedregulator0' for '(default)' GPIO lookup
[    0.165906] of_get_named_gpiod_flags: can't parse 'gpios' property of node '/fixedregulator0[0]'
[    0.165935] of_get_named_gpiod_flags: can't parse 'gpio' property of node '/fixedregulator0[0]'
[    0.165954] reg-fixed-voltage fixedregulator0: using lookup tables for GPIO lookup
[    0.165964] reg-fixed-voltage fixedregulator0: No GPIO consumer (default) found
[    0.171617] SCSI subsystem initialized
[    0.172076] libata version 3.00 loaded.
[    0.172465] pps_core: LinuxPPS API ver. 1 registered
[    0.172477] pps_core: Software ver. 5.3.6 - Copyright 2005-2007 Rodolfo Giometti <giometti@linux.it>
[    0.172500] PTP clock support registered
[    0.174508] vgaarb: loaded
[    0.180728] clocksource: Switched to clocksource dmtimer
[    0.181426] VFS: Disk quotas dquot_6.6.0
[    0.181486] VFS: Dquot-cache hash table entries: 1024 (order 0, 4096 bytes)
[    0.209636] NET: Registered PF_INET protocol family
[    0.209982] IP idents hash table entries: 8192 (order: 4, 65536 bytes, linear)
[    0.211410] tcp_listen_portaddr_hash hash table entries: 512 (order: 0, 4096 bytes, linear)
[    0.211448] Table-perturb hash table entries: 65536 (order: 6, 262144 bytes, linear)
[    0.211464] TCP established hash table entries: 4096 (order: 2, 16384 bytes, linear)
[    0.211508] TCP bind hash table entries: 4096 (order: 4, 65536 bytes, linear)
[    0.211608] TCP: Hash tables configured (established 4096 bind 4096)
[    0.211730] UDP hash table entries: 256 (order: 1, 14336 bytes, linear)
[    0.211764] UDP-Lite hash table entries: 256 (order: 1, 14336 bytes, linear)
[    0.211972] NET: Registered PF_UNIX/PF_LOCAL protocol family
[    0.215891] RPC: Registered named UNIX socket transport module.
[    0.215913] RPC: Registered udp transport module.
[    0.215918] RPC: Registered tcp transport module.
[    0.215922] RPC: Registered tcp-with-tls transport module.
[    0.215927] RPC: Registered tcp NFSv4.1 backchannel transport module.
[    0.215953] PCI: CLS 0 bytes, default 64
[    0.217377] Initialise system trusted keyrings
[    0.225465] workingset: timestamp_bits=14 max_order=17 bucket_order=3
[    0.226917] NFS: Registering the id_resolver key type
[    0.226983] Key type id_resolver registered
[    0.226992] Key type id_legacy registered
[    0.227107] jffs2: version 2.2. (NAND) (SUMMARY)  Â© 2001-2006 Red Hat, Inc.
[    0.227563] Key type asymmetric registered
[    0.227578] Asymmetric key parser 'x509' registered
[    0.227648] io scheduler mq-deadline registered
[    0.227658] io scheduler kyber registered
[    0.227740] io scheduler bfq registered
[    0.229600] target-module@4b000000:target-module@140000:pmu@0:fck: device ID is greater than 24
[    0.235121] ledtrig-cpu: registered to indicate activity on CPUs
[    0.238890] Serial: 8250/16550 driver, 6 ports, IRQ sharing enabled
[    0.288545] brd: module loaded
[    0.307885] loop: module loaded
[    0.308831] mtdoops: mtd device (mtddev=name/number) must be supplied
[    0.310411] mdio_bus fixed-0: using lookup tables for GPIO lookup
[    0.310431] mdio_bus fixed-0: No GPIO consumer reset found
[    0.311869] i2c_dev: i2c /dev entries driver
[    0.312882] cpuidle: enable-method property 'ti,am3352' found operations
[    0.313339] sdhci: Secure Digital Host Controller Interface driver
[    0.313347] sdhci: Copyright(c) Pierre Ossman
[    0.313534] sdhci-pltfm: SDHCI platform and OF driver helper
[    0.315234] hw perfevents: enabled with armv7_cortex_a8 PMU driver, 5 (8000000f) counters available
[    0.315764] Initializing XFRM netlink socket
[    0.315936] NET: Registered PF_INET6 protocol family
[    0.331486] Segment Routing with IPv6
[    0.331570] In-situ OAM (IOAM) with IPv6
[    0.331666] sit: IPv6, IPv4 and MPLS over IPv4 tunneling driver
[    0.332646] NET: Registered PF_PACKET protocol family
[    0.332674] NET: Registered PF_KEY protocol family
[    0.332798] Key type dns_resolver registered
[    0.333034] ThumbEE CPU extension supported.
[    0.333055] Registering SWP/SWPB emulation handler
[    0.333579] omap_voltage_late_init: Voltage driver support not added
[    0.334240] SmartReflex Class3 initialized
[    0.366450] Loading compiled-in X.509 certificates
[    0.398289] /ocp/interconnect@44c00000/segment@200000/target-module@b000/i2c@0/tda19988@70: Fixed dependency cycle(s) with /ocp/interconnect@48000000/segment@300000/target-module@e000/lcdc@0
[    0.404628] /ocp/interconnect@44c00000/segment@200000/target-module@b000/i2c@0/tda19988@70: Fixed dependency cycle(s) with /ocp/interconnect@48000000/segment@300000/target-module@e000/lcdc@0
[    0.410384] gpiochip_find_base_unlocked: found new base at 512
[    0.445456] /ocp/interconnect@44c00000/segment@200000/target-module@b000/i2c@0/tda19988@70: Fixed dependency cycle(s) with /ocp/interconnect@48000000/segment@300000/target-module@e000/lcdc@0
[    0.446397] /ocp/interconnect@44c00000/segment@200000/target-module@b000/i2c@0/tda19988@70: Fixed dependency cycle(s) with /ocp/interconnect@48000000/segment@300000/target-module@e000/lcdc@0
[    0.449896] /ocp/interconnect@44c00000/segment@200000/target-module@10000/scm@0/pinmux@800: Fixed dependency cycle(s) with /ocp/interconnect@44c00000/segment@200000/target-module@10000/scm@0/pinmux@800/clkout2-pins
[    0.450489] pinctrl-single 44e10800.pinmux: 142 pins, size 568
[    0.455983] ti-sysc 44e31000.target-module: probe with driver ti-sysc failed with error -16
[    0.482913] /ocp/interconnect@48000000/segment@300000/target-module@e000/lcdc@0: Fixed dependency cycle(s) with /ocp/interconnect@44c00000/segment@200000/target-module@b000/i2c@0/tda19988@70
[    0.491242] ti-sysc 48040000.target-module: probe with driver ti-sysc failed with error -16
[    0.502841] gpiochip_find_base_unlocked: found new base at 512
[    0.502942] gpio gpiochip0: (gpio-0-31): created GPIO range 0->7 ==> 44e10800.pinmux PIN 0->7
[    0.502970] gpio gpiochip0: (gpio-0-31): created GPIO range 8->11 ==> 44e10800.pinmux PIN 90->93
[    0.502986] gpio gpiochip0: (gpio-0-31): created GPIO range 12->27 ==> 44e10800.pinmux PIN 12->27
[    0.503001] gpio gpiochip0: (gpio-0-31): created GPIO range 28->31 ==> 44e10800.pinmux PIN 30->33
[    0.537287] gpio gpiochip0: (gpio-0-31): added GPIO chardev (254:0)
[    0.537513] gpio gpiochip0: registered GPIOs 512 to 543 on gpio-0-31
[    0.537601] OMAP GPIO hardware version 0.1
[    0.563309] i2c i2c-2: using DT '/ocp/interconnect@48000000/segment@100000/target-module@9c000/i2c@0' for 'scl' GPIO lookup
[    0.563383] of_get_named_gpiod_flags: can't parse 'scl-gpios' property of node '/ocp/interconnect@48000000/segment@100000/target-module@9c000/i2c@0[0]'
[    0.563426] of_get_named_gpiod_flags: can't parse 'scl-gpio' property of node '/ocp/interconnect@48000000/segment@100000/target-module@9c000/i2c@0[0]'
[    0.563463] i2c i2c-2: using lookup tables for GPIO lookup
[    0.563472] i2c i2c-2: No GPIO consumer scl found
[    0.563494] i2c i2c-2: using DT '/ocp/interconnect@48000000/segment@100000/target-module@9c000/i2c@0' for 'sda' GPIO lookup
[    0.563529] of_get_named_gpiod_flags: can't parse 'sda-gpios' property of node '/ocp/interconnect@48000000/segment@100000/target-module@9c000/i2c@0[0]'
[    0.563566] of_get_named_gpiod_flags: can't parse 'sda-gpio' property of node '/ocp/interconnect@48000000/segment@100000/target-module@9c000/i2c@0[0]'
[    0.563597] i2c i2c-2: using lookup tables for GPIO lookup
[    0.563605] i2c i2c-2: No GPIO consumer sda found
[    0.564347] omap_i2c 4819c000.i2c: bus 2 rev0.11 at 100 kHz
[    0.570153] gpiochip_find_base_unlocked: found new base at 544
[    0.570265] gpio gpiochip1: (gpio-32-63): created GPIO range 0->17 ==> 44e10800.pinmux PIN 34->51
[    0.570287] gpio gpiochip1: (gpio-32-63): created GPIO range 18->21 ==> 44e10800.pinmux PIN 77->80
[    0.570303] gpio gpiochip1: (gpio-32-63): created GPIO range 22->31 ==> 44e10800.pinmux PIN 56->65
[    0.589112] gpio gpiochip1: (gpio-32-63): added GPIO chardev (254:1)
[    0.589352] gpio gpiochip1: registered GPIOs 544 to 575 on gpio-32-63
[    0.591674] gpiochip_find_base_unlocked: found new base at 576
[    0.591763] gpio gpiochip2: (gpio-64-95): created GPIO range 0->4 ==> 44e10800.pinmux PIN 66->70
[    0.591783] gpio gpiochip2: (gpio-64-95): created GPIO range 5->6 ==> 44e10800.pinmux PIN 98->99
[    0.591798] gpio gpiochip2: (gpio-64-95): created GPIO range 7->8 ==> 44e10800.pinmux PIN 75->76
[    0.591813] gpio gpiochip2: (gpio-64-95): created GPIO range 13->13 ==> 44e10800.pinmux PIN 141->141
[    0.591829] gpio gpiochip2: (gpio-64-95): created GPIO range 14->21 ==> 44e10800.pinmux PIN 100->107
[    0.592484] gpio gpiochip2: (gpio-64-95): added GPIO chardev (254:2)
[    0.592684] gpio gpiochip2: registered GPIOs 576 to 607 on gpio-64-95
[    0.598592] 48000000.interconnect:segment@200000:target-module@0:mpu@0:fck: device ID is greater than 24
[    0.599489] /ocp/interconnect@48000000/segment@300000/target-module@e000/lcdc@0: Fixed dependency cycle(s) with /ocp/interconnect@44c00000/segment@200000/target-module@b000/i2c@0/tda19988@70
[    0.602294] /ocp/interconnect@48000000/segment@300000/target-module@e000/lcdc@0: Fixed dependency cycle(s) with /ocp/interconnect@44c00000/segment@200000/target-module@b000/i2c@0/tda19988@70
[    0.602984] /ocp/interconnect@44c00000/segment@200000/target-module@b000/i2c@0/tda19988@70: Fixed dependency cycle(s) with /ocp/interconnect@48000000/segment@300000/target-module@e000/lcdc@0
[    0.603154] /ocp/interconnect@48000000/segment@300000/target-module@e000/lcdc@0: Fixed dependency cycle(s) with /ocp/interconnect@44c00000/segment@200000/target-module@b000/i2c@0/tda19988@70
[    0.610443] sdhci-omap 481d8000.mmc: using DT '/ocp/interconnect@48000000/segment@100000/target-module@d8000/mmc@0' for 'wp' GPIO lookup
[    0.610515] of_get_named_gpiod_flags: can't parse 'wp-gpios' property of node '/ocp/interconnect@48000000/segment@100000/target-module@d8000/mmc@0[0]'
[    0.610558] of_get_named_gpiod_flags: can't parse 'wp-gpio' property of node '/ocp/interconnect@48000000/segment@100000/target-module@d8000/mmc@0[0]'
[    0.610595] sdhci-omap 481d8000.mmc: using lookup tables for GPIO lookup
[    0.610606] sdhci-omap 481d8000.mmc: No GPIO consumer wp found
[    0.610799] sdhci-omap 481d8000.mmc: supply pbias not found, using dummy regulator
[    0.611289] sdhci-omap 481d8000.mmc: supply vqmmc not found, using dummy regulator
[    0.643169] mdio_bus 4a101000.mdio: using DT '/ocp/interconnect@4a000000/segment@0/target-module@100000/switch@0/mdio@1000' for 'reset' GPIO lookup
[    0.643310] of_get_named_gpiod_flags: can't parse 'reset-gpios' property of node '/ocp/interconnect@4a000000/segment@0/target-module@100000/switch@0/mdio@1000[0]'
[    0.643358] of_get_named_gpiod_flags: can't parse 'reset-gpio' property of node '/ocp/interconnect@4a000000/segment@0/target-module@100000/switch@0/mdio@1000[0]'
[    0.643406] mdio_bus 4a101000.mdio: using lookup tables for GPIO lookup
[    0.643415] mdio_bus 4a101000.mdio: No GPIO consumer reset found
[    0.703588] davinci_mdio 4a101000.mdio: davinci mdio revision 1.6, bus freq 1000000
[    0.718605] mdio_bus 4a101000.mdio:00: using DT '/ocp/interconnect@4a000000/segment@0/target-module@100000/switch@0/mdio@1000/ethernet-phy@0' for 'reset' GPIO lookup
[    0.718704] of_get_named_gpiod_flags: parsed 'reset-gpios' property of node '/ocp/interconnect@4a000000/segment@0/target-module@100000/switch@0/mdio@1000/ethernet-phy@0[0]' - status (0)
[    0.718868] gpio gpiochip0: Persistence not supported for GPIO 8
[    0.851281] davinci_mdio 4a101000.mdio: phy[0]: device 4a101000.mdio:00, driver SMSC LAN8710/LAN8720
[    0.852053] cpsw-switch 4a100000.switch: initialized cpsw ale version 1.4
[    0.852074] cpsw-switch 4a100000.switch: ALE Table size 1024, Policers 0
[    0.852248] cpsw-switch 4a100000.switch: cpts: overflow check period 500 (jiffies)
[    0.852265] cpsw-switch 4a100000.switch: CPTS: ref_clk_freq:250000000 calc_mult:2147483648 calc_shift:29 error:0 nsec/sec
[    0.852370] cpsw-switch 4a100000.switch: Detected MACID = 6c:ec:eb:68:de:78
[    0.854252] cpsw-switch 4a100000.switch: initialized (regs 0x4a100000, pool size 256) hw_ver:0019010C 1.12 (0)
[    0.865704] debugfs: '49000000.dma' already exists in 'dmaengine'
[    0.865748] edma 49000000.dma: TI EDMA DMA engine driver
[    0.910865] gpio-clk clk_mcasp0: using DT '/clk_mcasp0' for 'enable' GPIO lookup
[    0.910940] of_get_named_gpiod_flags: parsed 'enable-gpios' property of node '/clk_mcasp0[0]' - status (0)
[    0.910984] gpio gpiochip0: Persistence not supported for GPIO 27
[    0.911746] gpiochip_find_base_unlocked: found new base at 608
[    0.911859] gpio gpiochip3: (gpio-96-127): created GPIO range 0->7 ==> 44e10800.pinmux PIN 82->89
[    0.911879] gpio gpiochip3: (gpio-96-127): created GPIO range 8->11 ==> 44e10800.pinmux PIN 52->55
[    0.911901] gpio gpiochip3: (gpio-96-127): created GPIO range 12->15 ==> 44e10800.pinmux PIN 94->97
[    0.911919] gpio gpiochip3: (gpio-96-127): created GPIO range 16->17 ==> 44e10800.pinmux PIN 71->72
[    0.911934] gpio gpiochip3: (gpio-96-127): created GPIO range 18->18 ==> 44e10800.pinmux PIN 135->135
[    0.911950] gpio gpiochip3: (gpio-96-127): created GPIO range 19->20 ==> 44e10800.pinmux PIN 108->109
[    0.911966] gpio gpiochip3: (gpio-96-127): created GPIO range 21->21 ==> 44e10800.pinmux PIN 73->73
[    0.911983] gpio gpiochip3: (gpio-96-127): created GPIO range 22->23 ==> 44e10800.pinmux PIN 8->9
[    0.912000] gpio gpiochip3: (gpio-96-127): created GPIO range 26->27 ==> 44e10800.pinmux PIN 10->11
[    0.912017] gpio gpiochip3: (gpio-96-127): created GPIO range 28->28 ==> 44e10800.pinmux PIN 74->74
[    0.912034] gpio gpiochip3: (gpio-96-127): created GPIO range 29->29 ==> 44e10800.pinmux PIN 81->81
[    0.912052] gpio gpiochip3: (gpio-96-127): created GPIO range 30->31 ==> 44e10800.pinmux PIN 28->29
[    0.913095] gpio gpiochip3: (gpio-96-127): added GPIO chardev (254:3)
[    0.913334] gpio gpiochip3: registered GPIOs 608 to 639 on gpio-96-127
[    0.926282] omap8250 44e09000.serial: using DT '/ocp/interconnect@44c00000/segment@200000/target-module@9000/serial@0' for 'rs485-term' GPIO lookup
[    0.926358] of_get_named_gpiod_flags: can't parse 'rs485-term-gpios' property of node '/ocp/interconnect@44c00000/segment@200000/target-module@9000/serial@0[0]'
[    0.926402] of_get_named_gpiod_flags: can't parse 'rs485-term-gpio' property of node '/ocp/interconnect@44c00000/segment@200000/target-module@9000/serial@0[0]'
[    0.926440] omap8250 44e09000.serial: using lookup tables for GPIO lookup
[    0.926451] omap8250 44e09000.serial: No GPIO consumer rs485-term found
[    0.926461] omap8250 44e09000.serial: using DT '/ocp/interconnect@44c00000/segment@200000/target-module@9000/serial@0' for 'rs485-rx-during-tx' GPIO lookup
[    0.926497] of_get_named_gpiod_flags: can't parse 'rs485-rx-during-tx-gpios' property of node '/ocp/interconnect@44c00000/segment@200000/target-module@9000/serial@0[0]'
[    0.926535] of_get_named_gpiod_flags: can't parse 'rs485-rx-during-tx-gpio' property of node '/ocp/interconnect@44c00000/segment@200000/target-module@9000/serial@0[0]'
[    0.926566] omap8250 44e09000.serial: using lookup tables for GPIO lookup
[    0.926574] omap8250 44e09000.serial: No GPIO consumer rs485-rx-during-tx found
[    0.927044] 44e09000.serial: ttyS0 at MMIO 0x44e09000 (irq = 34, base_baud = 3000000) is a 8250
[    0.927138] printk: legacy console [ttyS0] enabled
[    2.422242] i2c i2c-0: using DT '/ocp/interconnect@44c00000/segment@200000/target-module@b000/i2c@0' for 'scl' GPIO lookup
[    2.422327] of_get_named_gpiod_flags: can't parse 'scl-gpios' property of node '/ocp/interconnect@44c00000/segment@200000/target-module@b000/i2c@0[0]'
[    2.422373] of_get_named_gpiod_flags: can't parse 'scl-gpio' property of node '/ocp/interconnect@44c00000/segment@200000/target-module@b000/i2c@0[0]'
[    2.422414] i2c i2c-0: using lookup tables for GPIO lookup
[    2.422428] i2c i2c-0: No GPIO consumer scl found
[    2.422453] i2c i2c-0: using DT '/ocp/interconnect@44c00000/segment@200000/target-module@b000/i2c@0' for 'sda' GPIO lookup
[    2.422493] of_get_named_gpiod_flags: can't parse 'sda-gpios' property of node '/ocp/interconnect@44c00000/segment@200000/target-module@b000/i2c@0[0]'
[    2.422534] of_get_named_gpiod_flags: can't parse 'sda-gpio' property of node '/ocp/interconnect@44c00000/segment@200000/target-module@b000/i2c@0[0]'
[    2.422569] i2c i2c-0: using lookup tables for GPIO lookup
[    2.422580] i2c i2c-0: No GPIO consumer sda found
[    2.435852] tps65217-pmic: Failed to locate of_node [id: -1]
[    2.441919] tps65217-bl: Failed to locate of_node [id: -1]
[    2.447998] platform tps65217-charger: DMA mask not set
[    2.454030] platform tps65217-pwrbutton: DMA mask not set
[    2.461299] tps65217 0-0024: TPS65217 ID 0xe version 1.2
[    2.467425] /ocp/interconnect@48000000/segment@300000/target-module@e000/lcdc@0: Fixed dependency cycle(s) with /ocp/interconnect@44c00000/segment@200000/target-module@b000/i2c@0/tda19988@70
[    2.484866] /ocp/interconnect@44c00000/segment@200000/target-module@b000/i2c@0/tda19988@70: Fixed dependency cycle(s) with /ocp/interconnect@48000000/segment@300000/target-module@e000/lcdc@0
[    2.502223] omap_i2c 44e0b000.i2c: bus 0 rev0.11 at 400 kHz
[    2.510019] sdhci-omap 48060000.mmc: using DT '/ocp/interconnect@48000000/segment@0/target-module@60000/mmc@0' for 'cd' GPIO lookup
[    2.510126] of_get_named_gpiod_flags: parsed 'cd-gpios' property of node '/ocp/interconnect@48000000/segment@0/target-module@60000/mmc@0[0]' - status (0)
[    2.510194] gpio gpiochip3: Persistence not supported for GPIO 6
[    2.510219] omap_gpio 44e07000.gpio: Could not set line 6 debounce to 200000 microseconds (-22)
[    2.519100] sdhci-omap 48060000.mmc: Got CD GPIO
[    2.523749] sdhci-omap 48060000.mmc: using DT '/ocp/interconnect@48000000/segment@0/target-module@60000/mmc@0' for 'wp' GPIO lookup
[    2.523798] of_get_named_gpiod_flags: can't parse 'wp-gpios' property of node '/ocp/interconnect@48000000/segment@0/target-module@60000/mmc@0[0]'
[    2.523841] of_get_named_gpiod_flags: can't parse 'wp-gpio' property of node '/ocp/interconnect@48000000/segment@0/target-module@60000/mmc@0[0]'
[    2.523880] sdhci-omap 48060000.mmc: using lookup tables for GPIO lookup
[    2.523895] sdhci-omap 48060000.mmc: No GPIO consumer wp found
[    2.524100] sdhci-omap 48060000.mmc: supply pbias not found, using dummy regulator
[    2.532942] sdhci-omap 481d8000.mmc: using DT '/ocp/interconnect@48000000/segment@100000/target-module@d8000/mmc@0' for 'wp' GPIO lookup
[    2.533019] of_get_named_gpiod_flags: can't parse 'wp-gpios' property of node '/ocp/interconnect@48000000/segment@100000/target-module@d8000/mmc@0[0]'
[    2.533068] of_get_named_gpiod_flags: can't parse 'wp-gpio' property of node '/ocp/interconnect@48000000/segment@100000/target-module@d8000/mmc@0[0]'
[    2.533107] sdhci-omap 481d8000.mmc: using lookup tables for GPIO lookup
[    2.533121] sdhci-omap 481d8000.mmc: No GPIO consumer wp found
[    2.534285] sdhci-omap 48060000.mmc: supply vqmmc not found, using dummy regulator
[    2.543271] sdhci-omap 481d8000.mmc: supply pbias not found, using dummy regulator
[    2.553813] sdhci-omap 481d8000.mmc: supply vqmmc not found, using dummy regulator
[    2.588571] mmc0: SDHCI controller on 48060000.mmc [48060000.mmc] using External DMA
[    2.596811] mmc1: SDHCI controller on 481d8000.mmc [481d8000.mmc] using External DMA
[    2.605642] cpsw-switch 4a100000.switch: starting ndev. mode: dual_mac
[    2.675156] mmc1: new high speed MMC card at address 0001
[    2.681983] mmcblk1: mmc1:0001 MMC04G 3.60 GiB
[    2.689908]  mmcblk1: p1 p2
[    2.693652] SMSC LAN8710/LAN8720 4a101000.mdio:00: attached PHY driver (mii_bus:phy_addr=4a101000.mdio:00, irq=POLL)
[    2.706287] mmcblk1boot0: mmc1:0001 MMC04G 2.00 MiB
[    2.720181] mmcblk1boot1: mmc1:0001 MMC04G 2.00 MiB
[    2.728892] mmcblk1rpmb: mmc1:0001 MMC04G 128 KiB, chardev (249:0)
[    2.778390] mmc0: new high speed SDHC card at address aaaa
[    2.785352] mmcblk0: mmc0:aaaa SE32G 29.7 GiB
[    2.794473]  mmcblk0: p1 p2
[    5.845611] cpsw-switch 4a100000.switch eth0: Link is Up - 100Mbps/Full - flow control off
[    5.874870] IP-Config: Complete:
[    5.878142]      device=eth0, hwaddr=6c:ec:eb:68:de:78, ipaddr=192.168.255.1, mask=255.255.255.0, gw=255.255.255.255
[    5.888786]      host=bbb1, domain=, nis-domain=(none)
[    5.893956]      bootserver=192.168.255.126, rootserver=192.168.255.126, rootpath=
[    5.894385] clk: Disabling unused clocks
[    5.906246] PM: genpd: Disabling unused power domains
[    5.911393] KTAP version 1
[    5.914117] 1..0
[    5.916856] check access for rdinit=/init failed: -2, ignoring
[    5.943984] VFS: Mounted root (nfs filesystem) on device 0:17.
[    5.951048] devtmpfs: mounted
[    5.955646] Freeing unused kernel image (initmem) memory: 1024K
[    5.962401] Run /sbin/init as init process
[    5.966626]   with arguments:
[    5.966641]     /sbin/init
[    5.966651]     nfsrootdebug
[    5.966661]   with environment:
[    5.966669]     HOME=/
[    5.966678]     TERM=linux
[    6.634043] systemd[1]: System time before build time, advancing clock.
[    8.174874] random: crng init done
[    8.187727] systemd[1]: systemd 232 running in system mode. (+PAM +AUDIT +SELINUX +IMA +APPARMOR +SMACK +SYSVINIT +UTMP +LIBCRYPTSETUP +GCRYPT +GNUTLS +ACL +XZ +LZ4 +SECCOMP +BLKID +ELFUTILS +KMOD +IDN)
[    8.206841] systemd[1]: Detected architecture arm.
[    8.237898] systemd[1]: Set hostname to <arm>.
[    9.315725] systemd[1]: Reached target Remote File Systems.
[    9.335852] systemd[1]: Started Forward Password Requests to Wall Directory Watch.
[    9.366378] systemd[1]: Created slice User and Session Slice.
[    9.398422] systemd[1]: Listening on Journal Audit Socket.
[    9.426629] systemd[1]: Set up automount Arbitrary Executable File Formats File System Automount Point.
[    9.455829] systemd[1]: Started Dispatch Password Requests to Console Directory Watch.
[    9.485223] systemd[1]: Reached target Paths.
[   11.881305] systemd-journald[89]: Received request to flush runtime journal from PID 1
[   12.645398] omap_prm 44e00d00.prm: sync_state() pending due to 44d00000.cpu
[   14.563647] leds-gpio leds: using DT '/leds/led2' for '(default)' GPIO lookup
[   14.563750] of_get_named_gpiod_flags: parsed 'gpios' property of node '/leds/led2[0]' - status (0)
[   14.563808] gpio gpiochip0: Persistence not supported for GPIO 21
[   14.563823] gpio-533 (?): no flags found for GPIO (default)
[   14.649901] leds-gpio leds: using DT '/leds/led3' for '(default)' GPIO lookup
[   14.650013] of_get_named_gpiod_flags: parsed 'gpios' property of node '/leds/led3[0]' - status (0)
[   14.650071] gpio gpiochip0: Persistence not supported for GPIO 22
[   14.650086] gpio-534 (?): no flags found for GPIO (default)
[   14.708458] leds-gpio leds: using DT '/leds/led4' for '(default)' GPIO lookup
[   14.708556] of_get_named_gpiod_flags: parsed 'gpios' property of node '/leds/led4[0]' - status (0)
[   14.708609] gpio gpiochip0: Persistence not supported for GPIO 23
[   14.708624] gpio-535 (?): no flags found for GPIO (default)
[   14.727525] leds-gpio leds: using DT '/leds/led5' for '(default)' GPIO lookup
[   14.727618] of_get_named_gpiod_flags: parsed 'gpios' property of node '/leds/led5[0]' - status (0)
[   14.727672] gpio gpiochip0: Persistence not supported for GPIO 24
[   14.727686] gpio-536 (?): no flags found for GPIO (default)
[   14.815579] remoteproc remoteproc0: wkup_m3 is available
[   15.067123] at24 2-0054: supply vcc not found, using dummy regulator
[   15.191177] at24 2-0055: supply vcc not found, using dummy regulator
[   15.307718] at24 2-0056: supply vcc not found, using dummy regulator
[   15.364800] input: tps65217_pwrbutton as /devices/platform/ocp/44c00000.interconnect/44c00000.interconnect:segment@200000/44e0b000.target-module/44e0b000.i2c/i2c-0/0-0024/tps65217-pwrbutton/input/input0
[   15.455442] at24 2-0057: supply vcc not found, using dummy regulator
[   15.587323] at24 0-0050: using DT '/ocp/interconnect@44c00000/segment@200000/target-module@b000/i2c@0/eeprom@50' for 'wp' GPIO lookup
[   15.587531] of_get_named_gpiod_flags: can't parse 'wp-gpios' property of node '/ocp/interconnect@44c00000/segment@200000/target-module@b000/i2c@0/eeprom@50[0]'
[   15.587641] of_get_named_gpiod_flags: can't parse 'wp-gpio' property of node '/ocp/interconnect@44c00000/segment@200000/target-module@b000/i2c@0/eeprom@50[0]'
[   15.587693] at24 0-0050: using lookup tables for GPIO lookup
[   15.587754] at24 0-0050: No GPIO consumer wp found
[   15.588375] at24 0-0050: 32768 byte 24c256 EEPROM, writable, 1 bytes/write
[   16.022873] omap_rtc 44e3e000.rtc: registered as rtc0
[   16.028252] omap_rtc 44e3e000.rtc: setting system clock to 2000-01-01T00:00:00 UTC (946684800)
[   16.037017] omap_rtc 44e3e000.rtc: using DT '/ocp/interconnect@44c00000/segment@200000/target-module@3e000/rtc@0' for 'wp' GPIO lookup
[   16.037090] of_get_named_gpiod_flags: can't parse 'wp-gpios' property of node '/ocp/interconnect@44c00000/segment@200000/target-module@3e000/rtc@0[0]'
[   16.037140] of_get_named_gpiod_flags: can't parse 'wp-gpio' property of node '/ocp/interconnect@44c00000/segment@200000/target-module@3e000/rtc@0[0]'
[   16.037181] omap_rtc 44e3e000.rtc: using lookup tables for GPIO lookup
[   16.037195] omap_rtc 44e3e000.rtc: No GPIO consumer wp found
[   16.259902] omap_wdt: OMAP Watchdog Timer Rev 0x01: initial timeout 60 sec
[   16.505613] am335x-phy-driver 47401300.usb-phy: using DT '/ocp/target-module@47400000/usb-phy@1300' for 'reset' GPIO lookup
[   16.505722] of_get_named_gpiod_flags: can't parse 'reset-gpios' property of node '/ocp/target-module@47400000/usb-phy@1300[0]'
[   16.505770] of_get_named_gpiod_flags: can't parse 'reset-gpio' property of node '/ocp/target-module@47400000/usb-phy@1300[0]'
[   16.505809] am335x-phy-driver 47401300.usb-phy: using lookup tables for GPIO lookup
[   16.505825] am335x-phy-driver 47401300.usb-phy: No GPIO consumer reset found
[   16.505839] am335x-phy-driver 47401300.usb-phy: using DT '/ocp/target-module@47400000/usb-phy@1300' for 'vbus-detect' GPIO lookup
[   16.505870] of_get_named_gpiod_flags: can't parse 'vbus-detect-gpios' property of node '/ocp/target-module@47400000/usb-phy@1300[0]'
[   16.505901] of_get_named_gpiod_flags: can't parse 'vbus-detect-gpio' property of node '/ocp/target-module@47400000/usb-phy@1300[0]'
[   16.505927] am335x-phy-driver 47401300.usb-phy: using lookup tables for GPIO lookup
[   16.505939] am335x-phy-driver 47401300.usb-phy: No GPIO consumer vbus-detect found
[   16.506088] am335x-phy-driver 47401300.usb-phy: dummy supplies not allowed for exclusive requests (id=vbus)
[   16.782864] am335x-phy-driver 47401b00.usb-phy: using DT '/ocp/target-module@47400000/usb-phy@1b00' for 'reset' GPIO lookup
[   16.783058] of_get_named_gpiod_flags: can't parse 'reset-gpios' property of node '/ocp/target-module@47400000/usb-phy@1b00[0]'
[   16.783106] of_get_named_gpiod_flags: can't parse 'reset-gpio' property of node '/ocp/target-module@47400000/usb-phy@1b00[0]'
[   16.783199] am335x-phy-driver 47401b00.usb-phy: using lookup tables for GPIO lookup
[   16.783215] am335x-phy-driver 47401b00.usb-phy: No GPIO consumer reset found
[   16.783230] am335x-phy-driver 47401b00.usb-phy: using DT '/ocp/target-module@47400000/usb-phy@1b00' for 'vbus-detect' GPIO lookup
[   16.783308] of_get_named_gpiod_flags: can't parse 'vbus-detect-gpios' property of node '/ocp/target-module@47400000/usb-phy@1b00[0]'
[   16.783345] of_get_named_gpiod_flags: can't parse 'vbus-detect-gpio' property of node '/ocp/target-module@47400000/usb-phy@1b00[0]'
[   16.783418] am335x-phy-driver 47401b00.usb-phy: using lookup tables for GPIO lookup
[   16.783432] am335x-phy-driver 47401b00.usb-phy: No GPIO consumer vbus-detect found
[   16.783689] am335x-phy-driver 47401b00.usb-phy: dummy supplies not allowed for exclusive requests (id=vbus)
[   16.967639] usbcore: registered new interface driver usbfs
[   16.973988] usbcore: registered new interface driver hub
[   16.979735] usbcore: registered new device driver usb
[   17.876800] musb-hdrc musb-hdrc.1: MUSB HDRC host driver
[   17.882218] musb-hdrc musb-hdrc.1: new USB bus registered, assigned bus number 1
[   18.032010] tda998x 0-0070: found TDA19988
[   18.134561] usb usb1: New USB device found, idVendor=1d6b, idProduct=0002, bcdDevice= 6.17
[   18.143128] usb usb1: New USB device strings: Mfr=3, Product=2, SerialNumber=1
[   18.150483] usb usb1: Product: MUSB HDRC host driver
[   18.155525] usb usb1: Manufacturer: Linux 6.17.0-next-20251009 musb-hcd
[   18.162177] usb usb1: SerialNumber: musb-hdrc.1
[   18.220811] omap-mailbox 480c8000.mailbox: omap mailbox rev 0x400
[   18.414211] remoteproc remoteproc0: powering up wkup_m3
[   18.706445] hub 1-0:1.0: USB hub found
[   18.731487] remoteproc remoteproc0: Direct firmware load for am335x-pm-firmware.elf failed with error -2
[   18.741301] remoteproc remoteproc0: request_firmware failed: -2
[   18.747338] wkup_m3_ipc 44e11324.wkup_m3_ipc: rproc_boot failed
[   18.807720] hub 1-0:1.0: 1 port detected
[   21.203869] omap_rng 48310000.rng: Random Number Generator ver. 20
[   21.226104] tilcdc 4830e000.lcdc: bound 0-0070 (ops tda998x_audio_codec_init [tda998x])
[   21.284811] ------------[ cut here ]------------
[   21.289638] WARNING: net/8021q/vlan_core.c:236 at vlan_for_each+0x114/0x134, CPU#0: avahi-daemon/191
[   21.298937] RTNL: assertion failed at net/8021q/vlan_core.c (236)
[   21.305090] Modules linked in: omap_rng tilcdc(+) rng_core drm_dma_helper drm_client_lib snd_soc_davinci_mcasp snd_soc_ti_udma snd_soc_ti_edma snd_soc_ti_sdma snd_soc_core snd_pcm_dmaengine snd_pcm snd_timer omap_mailbox snd soundcore tda998x musb_dsps cec musb_hdrc drm_kms_helper udc_core usbcore phy_am335x drm phy_generic omap_wdt cppi41 usb_common rtc_omap watchdog wkup_m3_ipc phy_am335x_control drm_panel_orientation_quirks tps65218_pwrbutton at24 wkup_m3_rproc leds_gpio led_class cpufreq_dt autofs4
[   21.350099] CPU: 0 UID: 107 PID: 191 Comm: avahi-daemon Not tainted 6.17.0-next-20251009 #1 NONE 
[   21.350116] Hardware name: Generic AM33XX (Flattened Device Tree)
[   21.350126] Call trace: 
[   21.350142]  unwind_backtrace from show_stack+0x10/0x14
[   21.350178]  show_stack from dump_stack_lvl+0x50/0x64
[   21.350204]  dump_stack_lvl from __warn+0x88/0x148
[   21.350222]  __warn from warn_slowpath_fmt+0x19c/0x1b0
[   21.350235]  warn_slowpath_fmt from vlan_for_each+0x114/0x134
[   21.350255]  vlan_for_each from cpsw_add_mc_addr+0x40/0xa4
[   21.350280]  cpsw_add_mc_addr from __hw_addr_ref_sync_dev+0x108/0x140
[   21.350310]  __hw_addr_ref_sync_dev from __dev_mc_add+0x7c/0x80
[   21.350332]  __dev_mc_add from igmp6_group_added+0xc8/0xe0
[   21.350360]  igmp6_group_added from __ipv6_dev_mc_inc+0x218/0x364
[   21.350378]  __ipv6_dev_mc_inc from __ipv6_sock_mc_join+0x11c/0x1c0
[   21.350395]  __ipv6_sock_mc_join from do_ipv6_setsockopt+0x1214/0x1310
[   21.350426]  do_ipv6_setsockopt from ipv6_setsockopt+0x60/0xcc
[   21.350447]  ipv6_setsockopt from udpv6_setsockopt+0x2c/0x6c
[   21.350472]  udpv6_setsockopt from sock_common_setsockopt+0x30/0x40
[   21.350506]  sock_common_setsockopt from do_sock_setsockopt+0x50/0x9c
[   21.350527]  do_sock_setsockopt from __sys_setsockopt+0x70/0xbc
[   21.350546]  __sys_setsockopt from ret_fast_syscall+0x0/0x58
[   21.350563] Exception stack(0xe017dfa8 to 0xe017dff0)
[   21.350577] dfa0:                   00000014 b6f9cce8 0000000d 00000029 00000014 beea59ec
[   21.350589] dfc0: 00000014 b6f9cce8 00000014 00000126 0000000d b6f45ff4 0050e988 004f6558
[   21.350597] dfe0: b6f5b088 beea59d8 b6f38309 b6e0f41a
[   21.350605] ---[ end trace 0000000000000000 ]---
[   21.535356] [drm] Initialized tilcdc 1.0.0 for 4830e000.lcdc on minor 0
[   21.560772] tilcdc 4830e000.lcdc: [drm] Cannot find any crtc or sizes
[   21.588508] tilcdc 4830e000.lcdc: [drm] Cannot find any crtc or sizes
[   22.823828] PM: Cannot get wkup_m3_ipc handle
[   22.880722] omap-sham 53100000.sham: hw accel on OMAP rev 4.3
[   23.036972] omap-sham 53100000.sham: will run requests pump with realtime priority
[   23.055471] PM: Cannot get wkup_m3_ipc handle
[   23.240245] omap-aes 53500000.aes: OMAP AES hw accel rev: 3.2
[   23.369827] omap-aes 53500000.aes: will run requests pump with realtime priority
[   23.399906] PM: Cannot get wkup_m3_ipc handle
[   25.438384] Bluetooth: Core ver 2.22
[   25.442210] NET: Registered PF_BLUETOOTH protocol family
[   25.447846] Bluetooth: HCI device and connection manager initialized
[   25.454269] Bluetooth: HCI socket layer initialized
[   25.459238] Bluetooth: L2CAP socket layer initialized
[   25.464354] Bluetooth: SCO socket layer initialized
[   26.807097] tda998x 0-0070: using DT '/ocp/interconnect@44c00000/segment@200000/target-module@b000/i2c@0/tda19988@70' for 'nxp,calib' GPIO lookup
[   26.807429] of_get_named_gpiod_flags: parsed 'nxp,calib-gpios' property of node '/ocp/interconnect@44c00000/segment@200000/target-module@b000/i2c@0/tda19988@70[0]' - status (0)
[   26.807526] gpio gpiochip0: Persistence not supported for GPIO 25
[   26.807541] gpio-537 (nxp,calib): no flags found for GPIO nxp,calib
[   26.825459] gpio-537 (nxp,calib): gpiod_direction_output_nonotify: tried to set a GPIO tied to an IRQ as output
[   26.843723] PM: Cannot get wkup_m3_ipc handle
[   26.849797] asoc-simple-card sound: using DT '/sound' for 'simple-audio-card,hp-det' GPIO lookup
[   26.849870] of_get_named_gpiod_flags: can't parse 'simple-audio-card,hp-det-gpios' property of node '/sound[0]'
[   26.849905] of_get_named_gpiod_flags: can't parse 'simple-audio-card,hp-det-gpio' property of node '/sound[0]'
[   26.849931] asoc-simple-card sound: using lookup tables for GPIO lookup
[   26.849945] asoc-simple-card sound: No GPIO consumer simple-audio-card,hp-det found
[   26.849959] asoc-simple-card sound: using DT '/sound' for 'simple-audio-card,mic-det' GPIO lookup
[   26.849983] of_get_named_gpiod_flags: can't parse 'simple-audio-card,mic-det-gpios' property of node '/sound[0]'
[   26.850009] of_get_named_gpiod_flags: can't parse 'simple-audio-card,mic-det-gpio' property of node '/sound[0]'
[   26.850028] asoc-simple-card sound: using lookup tables for GPIO lookup
[   26.850039] asoc-simple-card sound: No GPIO consumer simple-audio-card,mic-det found
[   26.981816] PM: Cannot get wkup_m3_ipc handle
[   27.156863] tda9950 0-0034: TDA9950 CEC interface, hardware version 3.3
[   27.258046] PM: Cannot get wkup_m3_ipc handle
[   28.889525] userial_init: registered 8 ttyGS* devices
[   29.139717] rndis_register: configNr = 0
[   29.233597] udc musb-hdrc.0: binding gadget driver [g_multi]
[   29.233693] configfs-gadget.g_multi gadget.0: adding 'rndis'/14107c32 to config 'c'/cb3cfbe5
[   29.235099] configfs-gadget.g_multi gadget.0: HOST MAC 1c:ba:8c:a2:ed:6c
[   29.241880] configfs-gadget.g_multi gadget.0: MAC 1c:ba:8c:a2:ed:70
[   29.248342] rndis_set_param_medium: 0 0
[   29.248363] configfs-gadget.g_multi gadget.0: RNDIS: IN/ep1in OUT/ep1out NOTIFY/ep2in
[   29.248381] configfs-gadget.g_multi gadget.0: adding 'cdc_ethernet'/604c81a2 to config 'c'/cb3cfbe5
[   29.249325] configfs-gadget.g_multi gadget.0: HOST MAC 1c:ba:8c:a2:ed:6c
[   29.256194] configfs-gadget.g_multi gadget.0: MAC 1c:ba:8c:a2:ed:6d
[   29.262533] configfs-gadget.g_multi gadget.0: CDC Ethernet: IN/ep3in OUT/ep2out NOTIFY/ep4in
[   29.262550] configfs-gadget.g_multi gadget.0: adding 'acm'/297c598c to config 'c'/cb3cfbe5
[   29.262587] configfs-gadget.g_multi gadget.0: acm ttyGS0: IN/ep5in OUT/ep3out NOTIFY/ep6in
[   29.263729] PM: Cannot get wkup_m3_ipc handle
[   30.565370] configfs-gadget.g_multi gadget.0: eth_open
[   35.581548] gs_open: ttyGS0 (a3d51557,6d39da36)
[   35.581676] gs_close: ttyGS0 (a3d51557,6d39da36) ...
[   35.581696] gs_close: ttyGS0 (a3d51557,6d39da36) done!
[   35.581843] gs_open: ttyGS0 (71186717,6d39da36)
[   35.581910] gs_close: ttyGS0 (71186717,6d39da36) ...
[   35.581928] gs_close: ttyGS0 (71186717,6d39da36) done!
[   35.749195] gs_open: ttyGS0 (a3d51557,09b57209)
[   35.749438] gs_close: ttyGS0 (a3d51557,09b57209) ...
[   35.749466] gs_close: ttyGS0 (a3d51557,09b57209) done!
[   35.752354] gs_open: ttyGS0 (a3d51557,d7312b35)
TELKJWHYKL 0
root@arm:~# echo 'MQSJ''GAFXMK'
MQSJGAFXMK
root@arm:~# MARKER='MZFS''PBVFTK' run 'modprobe test_linear_ranges'
MZFSPBVFTKMZFSPBVFTK 0
root@arm:~# echo 'CFHZ''NFKSKV'
CFHZNFKSKV
root@arm:~# MARKER='ZCZO''UJEVYA' run dmesg
ZCZOUJEVYA[    0.000000] Booting Linux on physical CPU 0x0
[    0.000000] Linux version 6.17.0-next-20251009 (user01@drvtest01) (arm-none-eabi-gcc (Arm GNU Toolchain 14.2.Rel1 (Build arm-14.52)) 14.2.1 20241119, GNU ld (Arm GNU Toolchain 14.2.Rel1 (Build arm-14.52)) 2.43.1.20241119) #1 SMP Thu Oct  9 15:28:00 EEST 2025
[    0.000000] CPU: ARMv7 Processor [413fc082] revision 2 (ARMv7), cr=10c5387d
[    0.000000] CPU: PIPT / VIPT nonaliasing data cache, VIPT aliasing instruction cache
[    0.000000] OF: fdt: Machine model: TI AM335x BeagleBone Black
[    0.000000] Memory policy: Data cache writeback
[    0.000000] cma: Reserved 16 MiB at 0x9e800000
[    0.000000] Zone ranges:
[    0.000000]   Normal   [mem 0x0000000080000000-0x000000009fdfffff]
[    0.000000]   HighMem  empty
[    0.000000] Movable zone start for each node
[    0.000000] Early memory node ranges
[    0.000000]   node   0: [mem 0x0000000080000000-0x000000009fdfffff]
[    0.000000] Initmem setup node 0 [mem 0x0000000080000000-0x000000009fdfffff]
[    0.000000] On node 0, zone Normal: 512 pages in unavailable ranges
[    0.000000] OF: reserved mem: Reserved memory: No reserved-memory node in the DT
[    0.000000] CPU: All CPU(s) started in SVC mode.
[    0.000000] AM335X ES2.1 (sgx neon)
[    0.000000] percpu: Embedded 17 pages/cpu s39884 r8192 d21556 u69632
[    0.000000] pcpu-alloc: s39884 r8192 d21556 u69632 alloc=17*4096
[    0.000000] pcpu-alloc: [0] 0 
[    0.000000] Kernel command line: console=ttyO0,115200n8 root=/dev/nfs rw nfsroot=192.168.255.126:/home/user01/nfs,nfsvers=3 ip=192.168.255.1:192.168.255.126::255.255.255.0:bbb1:eth0 nfsrootdebug
[    0.000000] Unknown kernel command line parameters "nfsrootdebug", will be passed to user space.
[    0.000000] printk: log buffer data + meta data: 65536 + 204800 = 270336 bytes
[    0.000000] Dentry cache hash table entries: 65536 (order: 6, 262144 bytes, linear)
[    0.000000] Inode-cache hash table entries: 32768 (order: 5, 131072 bytes, linear)
[    0.000000] Built 1 zonelists, mobility grouping on.  Total pages: 130560
[    0.000000] mem auto-init: stack:off, heap alloc:off, heap free:off
[    0.000000] SLUB: HWalign=16, Order=0-3, MinObjects=0, CPUs=1, Nodes=1
[    0.000000] rcu: Hierarchical RCU implementation.
[    0.000000] rcu: 	RCU event tracing is enabled.
[    0.000000] rcu: 	RCU restricting CPUs from NR_CPUS=2 to nr_cpu_ids=1.
[    0.000000] 	Tracing variant of Tasks RCU enabled.
[    0.000000] rcu: RCU calculated value of scheduler-enlistment delay is 10 jiffies.
[    0.000000] rcu: Adjusting geometry for rcu_fanout_leaf=16, nr_cpu_ids=1
[    0.000000] RCU Tasks Trace: Setting shift to 0 and lim to 1 rcu_task_cb_adjust=1 rcu_task_cpu_ids=1.
[    0.000000] NR_IRQS: 16, nr_irqs: 16, preallocated irqs: 16
[    0.000000] IRQ: Found an INTC at 0x(ptrval) (revision 5.0) with 128 interrupts
[    0.000000] rcu: srcu_init: Setting srcu_struct sizes based on contention.
[    0.000000] TI gptimer clocksource: always-on /ocp/interconnect@44c00000/segment@200000/target-module@31000
[    0.000003] sched_clock: 32 bits at 24MHz, resolution 41ns, wraps every 89478484971ns
[    0.000025] clocksource: dmtimer: mask: 0xffffffff max_cycles: 0xffffffff, max_idle_ns: 79635851949 ns
[    0.000491] TI gptimer clockevent: 24000000 Hz at /ocp/interconnect@48000000/segment@0/target-module@40000
[    0.002055] Console: colour dummy device 80x30
[    0.002120] WARNING: Your 'console=ttyO0' has been replaced by 'ttyS0'
[    0.002128] This ensures that you still see kernel messages. Please
[    0.002132] update your kernel commandline.
[    0.002175] Calibrating delay loop... 996.14 BogoMIPS (lpj=4980736)
[    0.090538] CPU: Testing write buffer coherency: ok
[    0.090647] CPU0: Spectre v2: using BPIALL workaround
[    0.090657] pid_max: default: 32768 minimum: 301
[    0.090833] LSM: initializing lsm=capability
[    0.090993] Mount-cache hash table entries: 1024 (order: 0, 4096 bytes, linear)
[    0.091011] Mountpoint-cache hash table entries: 1024 (order: 0, 4096 bytes, linear)
[    0.092600] CPU0: thread -1, cpu 0, socket -1, mpidr 0
[    0.092657] cacheinfo: Unable to detect cache hierarchy for CPU 0
[    0.094647] Setting up static identity map for 0x80100000 - 0x80100078
[    0.094953] rcu: Hierarchical SRCU implementation.
[    0.094962] rcu: 	Max phase no-delay instances is 1000.
[    0.096635] smp: Bringing up secondary CPUs ...
[    0.096686] smp: Brought up 1 node, 1 CPU
[    0.096698] SMP: Total of 1 processors activated (996.14 BogoMIPS).
[    0.096709] CPU: All CPU(s) started in SVC mode.
[    0.096912] Memory: 480864K/522240K available (11264K kernel code, 1226K rwdata, 2952K rodata, 1024K init, 256K bss, 23336K reserved, 16384K cma-reserved, 0K highmem)
[    0.097720] devtmpfs: initialized
[    0.115503] VFP support v0.3: implementor 41 architecture 3 part 30 variant c rev 3
[    0.116153] clocksource: jiffies: mask: 0xffffffff max_cycles: 0xffffffff, max_idle_ns: 19112604462750000 ns
[    0.116211] posixtimers hash table entries: 512 (order: 0, 4096 bytes, linear)
[    0.116239] futex hash table entries: 256 (16384 bytes on 1 NUMA nodes, total 16 KiB, linear).
[    0.117362] pinctrl core: initialized pinctrl subsystem
[    0.119455] NET: Registered PF_NETLINK/PF_ROUTE protocol family
[    0.122522] DMA: preallocated 256 KiB pool for atomic coherent allocations
[    0.123141] audit: initializing netlink subsys (disabled)
[    0.124515] thermal_sys: Registered thermal governor 'fair_share'
[    0.124529] thermal_sys: Registered thermal governor 'step_wise'
[    0.124538] thermal_sys: Registered thermal governor 'user_space'
[    0.124653] audit: type=2000 audit(0.120:1): state=initialized audit_enabled=0 res=1
[    0.124724] cpuidle: using governor menu
[    0.143038] /ocp/interconnect@44c00000/segment@200000/target-module@b000/i2c@0/tda19988@70: Fixed dependency cycle(s) with /ocp/interconnect@48000000/segment@300000/target-module@e000/lcdc@0
[    0.144132] /ocp/interconnect@48000000/segment@300000/target-module@e000/lcdc@0: Fixed dependency cycle(s) with /ocp/interconnect@44c00000/segment@200000/target-module@b000/i2c@0/tda19988@70
[    0.146337] No ATAGs?
[    0.146375] hw-breakpoint: debug architecture 0x4 unsupported.
[    0.149462] kprobes: kprobe jump-optimization is enabled. All kprobes are optimized if possible.
[    0.164280] iommu: Default domain type: Translated
[    0.164303] iommu: DMA domain TLB invalidation policy: strict mode
[    0.165852] reg-fixed-voltage fixedregulator0: using DT '/fixedregulator0' for '(default)' GPIO lookup
[    0.165906] of_get_named_gpiod_flags: can't parse 'gpios' property of node '/fixedregulator0[0]'
[    0.165935] of_get_named_gpiod_flags: can't parse 'gpio' property of node '/fixedregulator0[0]'
[    0.165954] reg-fixed-voltage fixedregulator0: using lookup tables for GPIO lookup
[    0.165964] reg-fixed-voltage fixedregulator0: No GPIO consumer (default) found
[    0.171617] SCSI subsystem initialized
[    0.172076] libata version 3.00 loaded.
[    0.172465] pps_core: LinuxPPS API ver. 1 registered
[    0.172477] pps_core: Software ver. 5.3.6 - Copyright 2005-2007 Rodolfo Giometti <giometti@linux.it>
[    0.172500] PTP clock support registered
[    0.174508] vgaarb: loaded
[    0.180728] clocksource: Switched to clocksource dmtimer
[    0.181426] VFS: Disk quotas dquot_6.6.0
[    0.181486] VFS: Dquot-cache hash table entries: 1024 (order 0, 4096 bytes)
[    0.209636] NET: Registered PF_INET protocol family
[    0.209982] IP idents hash table entries: 8192 (order: 4, 65536 bytes, linear)
[    0.211410] tcp_listen_portaddr_hash hash table entries: 512 (order: 0, 4096 bytes, linear)
[    0.211448] Table-perturb hash table entries: 65536 (order: 6, 262144 bytes, linear)
[    0.211464] TCP established hash table entries: 4096 (order: 2, 16384 bytes, linear)
[    0.211508] TCP bind hash table entries: 4096 (order: 4, 65536 bytes, linear)
[    0.211608] TCP: Hash tables configured (established 4096 bind 4096)
[    0.211730] UDP hash table entries: 256 (order: 1, 14336 bytes, linear)
[    0.211764] UDP-Lite hash table entries: 256 (order: 1, 14336 bytes, linear)
[    0.211972] NET: Registered PF_UNIX/PF_LOCAL protocol family
[    0.215891] RPC: Registered named UNIX socket transport module.
[    0.215913] RPC: Registered udp transport module.
[    0.215918] RPC: Registered tcp transport module.
[    0.215922] RPC: Registered tcp-with-tls transport module.
[    0.215927] RPC: Registered tcp NFSv4.1 backchannel transport module.
[    0.215953] PCI: CLS 0 bytes, default 64
[    0.217377] Initialise system trusted keyrings
[    0.225465] workingset: timestamp_bits=14 max_order=17 bucket_order=3
[    0.226917] NFS: Registering the id_resolver key type
[    0.226983] Key type id_resolver registered
[    0.226992] Key type id_legacy registered
[    0.227107] jffs2: version 2.2. (NAND) (SUMMARY)  Â© 2001-2006 Red Hat, Inc.
[    0.227563] Key type asymmetric registered
[    0.227578] Asymmetric key parser 'x509' registered
[    0.227648] io scheduler mq-deadline registered
[    0.227658] io scheduler kyber registered
[    0.227740] io scheduler bfq registered
[    0.229600] target-module@4b000000:target-module@140000:pmu@0:fck: device ID is greater than 24
[    0.235121] ledtrig-cpu: registered to indicate activity on CPUs
[    0.238890] Serial: 8250/16550 driver, 6 ports, IRQ sharing enabled
[    0.288545] brd: module loaded
[    0.307885] loop: module loaded
[    0.308831] mtdoops: mtd device (mtddev=name/number) must be supplied
[    0.310411] mdio_bus fixed-0: using lookup tables for GPIO lookup
[    0.310431] mdio_bus fixed-0: No GPIO consumer reset found
[    0.311869] i2c_dev: i2c /dev entries driver
[    0.312882] cpuidle: enable-method property 'ti,am3352' found operations
[    0.313339] sdhci: Secure Digital Host Controller Interface driver
[    0.313347] sdhci: Copyright(c) Pierre Ossman
[    0.313534] sdhci-pltfm: SDHCI platform and OF driver helper
[    0.315234] hw perfevents: enabled with armv7_cortex_a8 PMU driver, 5 (8000000f) counters available
[    0.315764] Initializing XFRM netlink socket
[    0.315936] NET: Registered PF_INET6 protocol family
[    0.331486] Segment Routing with IPv6
[    0.331570] In-situ OAM (IOAM) with IPv6
[    0.331666] sit: IPv6, IPv4 and MPLS over IPv4 tunneling driver
[    0.332646] NET: Registered PF_PACKET protocol family
[    0.332674] NET: Registered PF_KEY protocol family
[    0.332798] Key type dns_resolver registered
[    0.333034] ThumbEE CPU extension supported.
[    0.333055] Registering SWP/SWPB emulation handler
[    0.333579] omap_voltage_late_init: Voltage driver support not added
[    0.334240] SmartReflex Class3 initialized
[    0.366450] Loading compiled-in X.509 certificates
[    0.398289] /ocp/interconnect@44c00000/segment@200000/target-module@b000/i2c@0/tda19988@70: Fixed dependency cycle(s) with /ocp/interconnect@48000000/segment@300000/target-module@e000/lcdc@0
[    0.404628] /ocp/interconnect@44c00000/segment@200000/target-module@b000/i2c@0/tda19988@70: Fixed dependency cycle(s) with /ocp/interconnect@48000000/segment@300000/target-module@e000/lcdc@0
[    0.410384] gpiochip_find_base_unlocked: found new base at 512
[    0.445456] /ocp/interconnect@44c00000/segment@200000/target-module@b000/i2c@0/tda19988@70: Fixed dependency cycle(s) with /ocp/interconnect@48000000/segment@300000/target-module@e000/lcdc@0
[    0.446397] /ocp/interconnect@44c00000/segment@200000/target-module@b000/i2c@0/tda19988@70: Fixed dependency cycle(s) with /ocp/interconnect@48000000/segment@300000/target-module@e000/lcdc@0
[    0.449896] /ocp/interconnect@44c00000/segment@200000/target-module@10000/scm@0/pinmux@800: Fixed dependency cycle(s) with /ocp/interconnect@44c00000/segment@200000/target-module@10000/scm@0/pinmux@800/clkout2-pins
[    0.450489] pinctrl-single 44e10800.pinmux: 142 pins, size 568
[    0.455983] ti-sysc 44e31000.target-module: probe with driver ti-sysc failed with error -16
[    0.482913] /ocp/interconnect@48000000/segment@300000/target-module@e000/lcdc@0: Fixed dependency cycle(s) with /ocp/interconnect@44c00000/segment@200000/target-module@b000/i2c@0/tda19988@70
[    0.491242] ti-sysc 48040000.target-module: probe with driver ti-sysc failed with error -16
[    0.502841] gpiochip_find_base_unlocked: found new base at 512
[    0.502942] gpio gpiochip0: (gpio-0-31): created GPIO range 0->7 ==> 44e10800.pinmux PIN 0->7
[    0.502970] gpio gpiochip0: (gpio-0-31): created GPIO range 8->11 ==> 44e10800.pinmux PIN 90->93
[    0.502986] gpio gpiochip0: (gpio-0-31): created GPIO range 12->27 ==> 44e10800.pinmux PIN 12->27
[    0.503001] gpio gpiochip0: (gpio-0-31): created GPIO range 28->31 ==> 44e10800.pinmux PIN 30->33
[    0.537287] gpio gpiochip0: (gpio-0-31): added GPIO chardev (254:0)
[    0.537513] gpio gpiochip0: registered GPIOs 512 to 543 on gpio-0-31
[    0.537601] OMAP GPIO hardware version 0.1
[    0.563309] i2c i2c-2: using DT '/ocp/interconnect@48000000/segment@100000/target-module@9c000/i2c@0' for 'scl' GPIO lookup
[    0.563383] of_get_named_gpiod_flags: can't parse 'scl-gpios' property of node '/ocp/interconnect@48000000/segment@100000/target-module@9c000/i2c@0[0]'
[    0.563426] of_get_named_gpiod_flags: can't parse 'scl-gpio' property of node '/ocp/interconnect@48000000/segment@100000/target-module@9c000/i2c@0[0]'
[    0.563463] i2c i2c-2: using lookup tables for GPIO lookup
[    0.563472] i2c i2c-2: No GPIO consumer scl found
[    0.563494] i2c i2c-2: using DT '/ocp/interconnect@48000000/segment@100000/target-module@9c000/i2c@0' for 'sda' GPIO lookup
[    0.563529] of_get_named_gpiod_flags: can't parse 'sda-gpios' property of node '/ocp/interconnect@48000000/segment@100000/target-module@9c000/i2c@0[0]'
[    0.563566] of_get_named_gpiod_flags: can't parse 'sda-gpio' property of node '/ocp/interconnect@48000000/segment@100000/target-module@9c000/i2c@0[0]'
[    0.563597] i2c i2c-2: using lookup tables for GPIO lookup
[    0.563605] i2c i2c-2: No GPIO consumer sda found
[    0.564347] omap_i2c 4819c000.i2c: bus 2 rev0.11 at 100 kHz
[    0.570153] gpiochip_find_base_unlocked: found new base at 544
[    0.570265] gpio gpiochip1: (gpio-32-63): created GPIO range 0->17 ==> 44e10800.pinmux PIN 34->51
[    0.570287] gpio gpiochip1: (gpio-32-63): created GPIO range 18->21 ==> 44e10800.pinmux PIN 77->80
[    0.570303] gpio gpiochip1: (gpio-32-63): created GPIO range 22->31 ==> 44e10800.pinmux PIN 56->65
[    0.589112] gpio gpiochip1: (gpio-32-63): added GPIO chardev (254:1)
[    0.589352] gpio gpiochip1: registered GPIOs 544 to 575 on gpio-32-63
[    0.591674] gpiochip_find_base_unlocked: found new base at 576
[    0.591763] gpio gpiochip2: (gpio-64-95): created GPIO range 0->4 ==> 44e10800.pinmux PIN 66->70
[    0.591783] gpio gpiochip2: (gpio-64-95): created GPIO range 5->6 ==> 44e10800.pinmux PIN 98->99
[    0.591798] gpio gpiochip2: (gpio-64-95): created GPIO range 7->8 ==> 44e10800.pinmux PIN 75->76
[    0.591813] gpio gpiochip2: (gpio-64-95): created GPIO range 13->13 ==> 44e10800.pinmux PIN 141->141
[    0.591829] gpio gpiochip2: (gpio-64-95): created GPIO range 14->21 ==> 44e10800.pinmux PIN 100->107
[    0.592484] gpio gpiochip2: (gpio-64-95): added GPIO chardev (254:2)
[    0.592684] gpio gpiochip2: registered GPIOs 576 to 607 on gpio-64-95
[    0.598592] 48000000.interconnect:segment@200000:target-module@0:mpu@0:fck: device ID is greater than 24
[    0.599489] /ocp/interconnect@48000000/segment@300000/target-module@e000/lcdc@0: Fixed dependency cycle(s) with /ocp/interconnect@44c00000/segment@200000/target-module@b000/i2c@0/tda19988@70
[    0.602294] /ocp/interconnect@48000000/segment@300000/target-module@e000/lcdc@0: Fixed dependency cycle(s) with /ocp/interconnect@44c00000/segment@200000/target-module@b000/i2c@0/tda19988@70
[    0.602984] /ocp/interconnect@44c00000/segment@200000/target-module@b000/i2c@0/tda19988@70: Fixed dependency cycle(s) with /ocp/interconnect@48000000/segment@300000/target-module@e000/lcdc@0
[    0.603154] /ocp/interconnect@48000000/segment@300000/target-module@e000/lcdc@0: Fixed dependency cycle(s) with /ocp/interconnect@44c00000/segment@200000/target-module@b000/i2c@0/tda19988@70
[    0.610443] sdhci-omap 481d8000.mmc: using DT '/ocp/interconnect@48000000/segment@100000/target-module@d8000/mmc@0' for 'wp' GPIO lookup
[    0.610515] of_get_named_gpiod_flags: can't parse 'wp-gpios' property of node '/ocp/interconnect@48000000/segment@100000/target-module@d8000/mmc@0[0]'
[    0.610558] of_get_named_gpiod_flags: can't parse 'wp-gpio' property of node '/ocp/interconnect@48000000/segment@100000/target-module@d8000/mmc@0[0]'
[    0.610595] sdhci-omap 481d8000.mmc: using lookup tables for GPIO lookup
[    0.610606] sdhci-omap 481d8000.mmc: No GPIO consumer wp found
[    0.610799] sdhci-omap 481d8000.mmc: supply pbias not found, using dummy regulator
[    0.611289] sdhci-omap 481d8000.mmc: supply vqmmc not found, using dummy regulator
[    0.643169] mdio_bus 4a101000.mdio: using DT '/ocp/interconnect@4a000000/segment@0/target-module@100000/switch@0/mdio@1000' for 'reset' GPIO lookup
[    0.643310] of_get_named_gpiod_flags: can't parse 'reset-gpios' property of node '/ocp/interconnect@4a000000/segment@0/target-module@100000/switch@0/mdio@1000[0]'
[    0.643358] of_get_named_gpiod_flags: can't parse 'reset-gpio' property of node '/ocp/interconnect@4a000000/segment@0/target-module@100000/switch@0/mdio@1000[0]'
[    0.643406] mdio_bus 4a101000.mdio: using lookup tables for GPIO lookup
[    0.643415] mdio_bus 4a101000.mdio: No GPIO consumer reset found
[    0.703588] davinci_mdio 4a101000.mdio: davinci mdio revision 1.6, bus freq 1000000
[    0.718605] mdio_bus 4a101000.mdio:00: using DT '/ocp/interconnect@4a000000/segment@0/target-module@100000/switch@0/mdio@1000/ethernet-phy@0' for 'reset' GPIO lookup
[    0.718704] of_get_named_gpiod_flags: parsed 'reset-gpios' property of node '/ocp/interconnect@4a000000/segment@0/target-module@100000/switch@0/mdio@1000/ethernet-phy@0[0]' - status (0)
[    0.718868] gpio gpiochip0: Persistence not supported for GPIO 8
[    0.851281] davinci_mdio 4a101000.mdio: phy[0]: device 4a101000.mdio:00, driver SMSC LAN8710/LAN8720
[    0.852053] cpsw-switch 4a100000.switch: initialized cpsw ale version 1.4
[    0.852074] cpsw-switch 4a100000.switch: ALE Table size 1024, Policers 0
[    0.852248] cpsw-switch 4a100000.switch: cpts: overflow check period 500 (jiffies)
[    0.852265] cpsw-switch 4a100000.switch: CPTS: ref_clk_freq:250000000 calc_mult:2147483648 calc_shift:29 error:0 nsec/sec
[    0.852370] cpsw-switch 4a100000.switch: Detected MACID = 6c:ec:eb:68:de:78
[    0.854252] cpsw-switch 4a100000.switch: initialized (regs 0x4a100000, pool size 256) hw_ver:0019010C 1.12 (0)
[    0.865704] debugfs: '49000000.dma' already exists in 'dmaengine'
[    0.865748] edma 49000000.dma: TI EDMA DMA engine driver
[    0.910865] gpio-clk clk_mcasp0: using DT '/clk_mcasp0' for 'enable' GPIO lookup
[    0.910940] of_get_named_gpiod_flags: parsed 'enable-gpios' property of node '/clk_mcasp0[0]' - status (0)
[    0.910984] gpio gpiochip0: Persistence not supported for GPIO 27
[    0.911746] gpiochip_find_base_unlocked: found new base at 608
[    0.911859] gpio gpiochip3: (gpio-96-127): created GPIO range 0->7 ==> 44e10800.pinmux PIN 82->89
[    0.911879] gpio gpiochip3: (gpio-96-127): created GPIO range 8->11 ==> 44e10800.pinmux PIN 52->55
[    0.911901] gpio gpiochip3: (gpio-96-127): created GPIO range 12->15 ==> 44e10800.pinmux PIN 94->97
[    0.911919] gpio gpiochip3: (gpio-96-127): created GPIO range 16->17 ==> 44e10800.pinmux PIN 71->72
[    0.911934] gpio gpiochip3: (gpio-96-127): created GPIO range 18->18 ==> 44e10800.pinmux PIN 135->135
[    0.911950] gpio gpiochip3: (gpio-96-127): created GPIO range 19->20 ==> 44e10800.pinmux PIN 108->109
[    0.911966] gpio gpiochip3: (gpio-96-127): created GPIO range 21->21 ==> 44e10800.pinmux PIN 73->73
[    0.911983] gpio gpiochip3: (gpio-96-127): created GPIO range 22->23 ==> 44e10800.pinmux PIN 8->9
[    0.912000] gpio gpiochip3: (gpio-96-127): created GPIO range 26->27 ==> 44e10800.pinmux PIN 10->11
[    0.912017] gpio gpiochip3: (gpio-96-127): created GPIO range 28->28 ==> 44e10800.pinmux PIN 74->74
[    0.912034] gpio gpiochip3: (gpio-96-127): created GPIO range 29->29 ==> 44e10800.pinmux PIN 81->81
[    0.912052] gpio gpiochip3: (gpio-96-127): created GPIO range 30->31 ==> 44e10800.pinmux PIN 28->29
[    0.913095] gpio gpiochip3: (gpio-96-127): added GPIO chardev (254:3)
[    0.913334] gpio gpiochip3: registered GPIOs 608 to 639 on gpio-96-127
