Labgrid Console Logfile for main
Logfile started at 2025-08-15 15:35:58.934514
=== Log starts here ===
reading args
spl_load_image_fat_os: error reading image args, err - -1
reading u-boot.img
reading u-boot.img


U-Boot 2014.04-00014-g47880f5 (Apr 22 2014 - 13:23:54)

I2C:   ready
DRAM:  512 MiB
NAND:  0 MiB
MMC:   OMAP SD/MMC: 0, OMAP SD/MMC: 1
*** Warning - readenv() failed, using default environment

Net:   <ethaddr> not set. Validating first E-fuse MAC
cpsw, usb_ether
Hit any key to stop autoboot:  1  0 
gpio: pin 53 (gpio 53) value is 1
mmc0 is current device
gpio: pin 54 (gpio 54) value is 1
SD/MMC found on device 0
reading uEnv.txt
569 bytes read in 3 ms (184.6 KiB/s)
gpio: pin 55 (gpio 55) value is 1
Loaded environment from uEnv.txt
Importing environment from mmc ...
Checking if uenvcmd is set ...
gpio: pin 56 (gpio 56) value is 1
Running uenvcmd ...
cpsw Waiting for PHY auto negotiation to complete. done
link up on port 0, speed 100, full duplex
Using cpsw device
TFTP from server 192.168.255.126; our IP address is 192.168.255.1
Filename 'zImage'.
Load address: 0x81000000
Loading: *#################################################################
	 #################################################################
	 #################################################################
	 #################################################################
	 #################################################################
	 ####################################################
	 2.4 MiB/s
done
Bytes transferred = 5525200 (544ed0 hex)
link up on port 0, speed 100, full duplex
Using cpsw device
TFTP from server 192.168.255.126; our IP address is 192.168.255.1
Filename 'am335x-boneblack.dtb'.
Load address: 0x82000000
Loading: *#######
	 2.3 MiB/s
done
Bytes transferred = 98336 (18020 hex)
Kernel image @ 0x81000000 [ 0x000000 - 0x544ed0 ]
## Flattened Device Tree blob at 82000000
   Booting using the fdt blob at 0x82000000
   Using Device Tree in place at 82000000, end 8201b01f

Starting kernel ...

[    0.000000] Booting Linux on physical CPU 0x0
[    0.000000] Linux version 6.12.42 (user01@drvtest01) (arm-none-eabi-gcc (Arm GNU Toolchain 14.2.Rel1 (Build arm-14.52)) 14.2.1 20241119, GNU ld (Arm GNU Toolchain 14.2.Rel1 (Build arm-14.52)) 2.43.1.20241119) #1 SMP Fri Aug 15 15:31:13 EEST 2025
[    0.000000] CPU: ARMv7 Processor [413fc082] revision 2 (ARMv7), cr=10c5387d
[    0.000000] CPU: PIPT / VIPT nonaliasing data cache, VIPT aliasing instruction cache
[    0.000000] OF: fdt: Machine model: TI AM335x BeagleBone Black
[    0.000000] Memory policy: Data cache writeback
[    0.000000] cma: Reserved 16 MiB at 0x9e800000 on node -1
[    0.000000] Zone ranges:
[    0.000000]   Normal   [mem 0x0000000080000000-0x000000009fdfffff]
[    0.000000]   HighMem  empty
[    0.000000] Movable zone start for each node
[    0.000000] Early memory node ranges
[    0.000000]   node   0: [mem 0x0000000080000000-0x000000009fdfffff]
[    0.000000] Initmem setup node 0 [mem 0x0000000080000000-0x000000009fdfffff]
[    0.000000] OF: reserved mem: Reserved memory: No reserved-memory node in the DT
[    0.000000] CPU: All CPU(s) started in SVC mode.
[    0.000000] AM335X ES2.1 (sgx neon)
[    0.000000] percpu: Embedded 17 pages/cpu s40396 r8192 d21044 u69632
[    0.000000] Kernel command line: console=ttyO0,115200n8 root=/dev/nfs rw nfsroot=192.168.255.126:/home/user01/nfs,nfsvers=3 ip=192.168.255.1:192.168.255.126::255.255.255.0:bbb1:eth0 nfsrootdebug
[    0.000000] Unknown kernel command line parameters "nfsrootdebug", will be passed to user space.
[    0.000000] Dentry cache hash table entries: 65536 (order: 6, 262144 bytes, linear)
[    0.000000] Inode-cache hash table entries: 32768 (order: 5, 131072 bytes, linear)
[    0.000000] Built 1 zonelists, mobility grouping on.  Total pages: 130560
[    0.000000] mem auto-init: stack:off, heap alloc:off, heap free:off
[    0.000000] SLUB: HWalign=64, Order=0-3, MinObjects=0, CPUs=1, Nodes=1
[    0.000000] rcu: Hierarchical RCU implementation.
[    0.000000] rcu: 	RCU event tracing is enabled.
[    0.000000] rcu: 	RCU restricting CPUs from NR_CPUS=2 to nr_cpu_ids=1.
[    0.000000] rcu: RCU calculated value of scheduler-enlistment delay is 10 jiffies.
[    0.000000] rcu: Adjusting geometry for rcu_fanout_leaf=16, nr_cpu_ids=1
[    0.000000] NR_IRQS: 16, nr_irqs: 16, preallocated irqs: 16
[    0.000000] IRQ: Found an INTC at 0x(ptrval) (revision 5.0) with 128 interrupts
[    0.000000] rcu: srcu_init: Setting srcu_struct sizes based on contention.
[    0.000000] TI gptimer clocksource: always-on /ocp/interconnect@44c00000/segment@200000/target-module@31000
[    0.000003] sched_clock: 32 bits at 24MHz, resolution 41ns, wraps every 89478484971ns
[    0.000028] clocksource: dmtimer: mask: 0xffffffff max_cycles: 0xffffffff, max_idle_ns: 79635851949 ns
[    0.000496] TI gptimer clockevent: 24000000 Hz at /ocp/interconnect@48000000/segment@0/target-module@40000
[    0.002083] Console: colour dummy device 80x30
[    0.002146] WARNING: Your 'console=ttyO0' has been replaced by 'ttyS0'
[    0.002155] This ensures that you still see kernel messages. Please
[    0.002160] update your kernel commandline.
[    0.002202] Calibrating delay loop... 996.14 BogoMIPS (lpj=4980736)
[    0.090544] CPU: Testing write buffer coherency: ok
[    0.090658] CPU0: Spectre v2: using BPIALL workaround
[    0.090668] pid_max: default: 32768 minimum: 301
[    0.090798] LSM: initializing lsm=capability
[    0.090961] Mount-cache hash table entries: 1024 (order: 0, 4096 bytes, linear)
[    0.090982] Mountpoint-cache hash table entries: 1024 (order: 0, 4096 bytes, linear)
[    0.092540] CPU0: thread -1, cpu 0, socket -1, mpidr 0
[    0.094578] Setting up static identity map for 0x80100000 - 0x80100078
[    0.094893] rcu: Hierarchical SRCU implementation.
[    0.094903] rcu: 	Max phase no-delay instances is 1000.
[    0.096650] smp: Bringing up secondary CPUs ...
[    0.096705] smp: Brought up 1 node, 1 CPU
[    0.096718] SMP: Total of 1 processors activated (996.14 BogoMIPS).
[    0.096730] CPU: All CPU(s) started in SVC mode.
[    0.096915] Memory: 480868K/522240K available (11264K kernel code, 1211K rwdata, 2880K rodata, 1024K init, 295K bss, 23360K reserved, 16384K cma-reserved, 0K highmem)
[    0.097728] devtmpfs: initialized
[    0.114288] VFP support v0.3: implementor 41 architecture 3 part 30 variant c rev 3
[    0.114637] clocksource: jiffies: mask: 0xffffffff max_cycles: 0xffffffff, max_idle_ns: 19112604462750000 ns
[    0.114671] futex hash table entries: 256 (order: 2, 16384 bytes, linear)
[    0.115954] pinctrl core: initialized pinctrl subsystem
[    0.118060] NET: Registered PF_NETLINK/PF_ROUTE protocol family
[    0.121076] DMA: preallocated 256 KiB pool for atomic coherent allocations
[    0.121993] audit: initializing netlink subsys (disabled)
[    0.123329] thermal_sys: Registered thermal governor 'fair_share'
[    0.123346] thermal_sys: Registered thermal governor 'step_wise'
[    0.123356] thermal_sys: Registered thermal governor 'user_space'
[    0.123475] audit: type=2000 audit(0.120:1): state=initialized audit_enabled=0 res=1
[    0.123547] cpuidle: using governor menu
[    0.141241] /ocp/interconnect@44c00000/segment@200000/target-module@b000/i2c@0/tda19988@70: Fixed dependency cycle(s) with /ocp/interconnect@48000000/segment@300000/target-module@e000/lcdc@0
[    0.142368] /ocp/interconnect@48000000/segment@300000/target-module@e000/lcdc@0: Fixed dependency cycle(s) with /ocp/interconnect@44c00000/segment@200000/target-module@b000/i2c@0/tda19988@70
[    0.144528] No ATAGs?
[    0.144546] hw-breakpoint: debug architecture 0x4 unsupported.
[    0.147169] kprobes: kprobe jump-optimization is enabled. All kprobes are optimized if possible.
[    0.154113] iommu: Default domain type: Translated
[    0.154136] iommu: DMA domain TLB invalidation policy: strict mode
[    0.161837] SCSI subsystem initialized
[    0.162683] pps_core: LinuxPPS API ver. 1 registered
[    0.162694] pps_core: Software ver. 5.3.6 - Copyright 2005-2007 Rodolfo Giometti <giometti@linux.it>
[    0.162719] PTP clock support registered
[    0.171193] vgaarb: loaded
[    0.171545] clocksource: Switched to clocksource dmtimer
[    0.172196] VFS: Disk quotas dquot_6.6.0
[    0.172240] VFS: Dquot-cache hash table entries: 1024 (order 0, 4096 bytes)
[    0.196627] NET: Registered PF_INET protocol family
[    0.196963] IP idents hash table entries: 8192 (order: 4, 65536 bytes, linear)
[    0.198325] tcp_listen_portaddr_hash hash table entries: 512 (order: 0, 4096 bytes, linear)
[    0.198359] Table-perturb hash table entries: 65536 (order: 6, 262144 bytes, linear)
[    0.198376] TCP established hash table entries: 4096 (order: 2, 16384 bytes, linear)
[    0.198422] TCP bind hash table entries: 4096 (order: 4, 65536 bytes, linear)
[    0.198521] TCP: Hash tables configured (established 4096 bind 4096)
[    0.198646] UDP hash table entries: 256 (order: 1, 8192 bytes, linear)
[    0.198674] UDP-Lite hash table entries: 256 (order: 1, 8192 bytes, linear)
[    0.198840] NET: Registered PF_UNIX/PF_LOCAL protocol family
[    0.200106] RPC: Registered named UNIX socket transport module.
[    0.200125] RPC: Registered udp transport module.
[    0.200131] RPC: Registered tcp transport module.
[    0.200136] RPC: Registered tcp-with-tls transport module.
[    0.200140] RPC: Registered tcp NFSv4.1 backchannel transport module.
[    0.200164] PCI: CLS 0 bytes, default 64
[    0.201686] Initialise system trusted keyrings
[    0.212417] workingset: timestamp_bits=14 max_order=17 bucket_order=3
[    0.213687] NFS: Registering the id_resolver key type
[    0.213763] Key type id_resolver registered
[    0.213770] Key type id_legacy registered
[    0.213816] jffs2: version 2.2. (NAND) (SUMMARY)  Â© 2001-2006 Red Hat, Inc.
[    0.214219] Key type asymmetric registered
[    0.214233] Asymmetric key parser 'x509' registered
[    0.214299] io scheduler mq-deadline registered
[    0.214309] io scheduler kyber registered
[    0.214375] io scheduler bfq registered
[    0.216212] target-module@4b000000:target-module@140000:pmu@0:fck: device ID is greater than 24
[    0.222415] l3-aon-clkctrl:0000:0: failed to disable
[    0.222678] ledtrig-cpu: registered to indicate activity on CPUs
[    0.232146] Serial: 8250/16550 driver, 6 ports, IRQ sharing enabled
[    0.274082] brd: module loaded
[    0.292604] loop: module loaded
[    0.293520] mtdoops: mtd device (mtddev=name/number) must be supplied
[    0.296606] i2c_dev: i2c /dev entries driver
[    0.297569] cpuidle: enable-method property 'ti,am3352' found operations
[    0.298005] sdhci: Secure Digital Host Controller Interface driver
[    0.298015] sdhci: Copyright(c) Pierre Ossman
[    0.298187] sdhci-pltfm: SDHCI platform and OF driver helper
[    0.299640] hw perfevents: enabled with armv7_cortex_a8 PMU driver, 5 (8000000f) counters available
[    0.300143] Initializing XFRM netlink socket
[    0.300272] NET: Registered PF_INET6 protocol family
[    0.305916] l3-aon-clkctrl:0000:0: failed to disable
[    0.314059] Segment Routing with IPv6
[    0.314147] In-situ OAM (IOAM) with IPv6
[    0.314241] sit: IPv6, IPv4 and MPLS over IPv4 tunneling driver
[    0.315165] NET: Registered PF_PACKET protocol family
[    0.315193] NET: Registered PF_KEY protocol family
[    0.315317] Key type dns_resolver registered
[    0.315544] ThumbEE CPU extension supported.
[    0.315564] Registering SWP/SWPB emulation handler
[    0.316080] omap_voltage_late_init: Voltage driver support not added
[    0.316769] SmartReflex Class3 initialized
[    0.354241] Loading compiled-in X.509 certificates
[    0.383272] /ocp/interconnect@44c00000/segment@200000/target-module@b000/i2c@0/tda19988@70: Fixed dependency cycle(s) with /ocp/interconnect@48000000/segment@300000/target-module@e000/lcdc@0
[    0.389414] /ocp/interconnect@44c00000/segment@200000/target-module@b000/i2c@0/tda19988@70: Fixed dependency cycle(s) with /ocp/interconnect@48000000/segment@300000/target-module@e000/lcdc@0
[    0.415858] /ocp/interconnect@44c00000/segment@200000/target-module@b000/i2c@0/tda19988@70: Fixed dependency cycle(s) with /ocp/interconnect@48000000/segment@300000/target-module@e000/lcdc@0
[    0.416722] /ocp/interconnect@44c00000/segment@200000/target-module@b000/i2c@0/tda19988@70: Fixed dependency cycle(s) with /ocp/interconnect@48000000/segment@300000/target-modu le@e000/lcdc@0
[    0.419950] /ocp/interconnect@44c00000/segment@200000/target-module@10000/scm@0/pinmux@800: Fixed dependency cycle(s) with /ocp/interconnect@44c00000/segment@200000/target-module@10000/scm@0/pinmux@800/clkout2-pins
[    0.420533] pinctrl-single 44e10800.pinmux: 142 pins, size 568
[    0.425765] ti-sysc 44e31000.target-module: probe with driver ti-sysc failed with error -16
[    0.462768] /ocp/interconnect@48000000/segment@300000/target-module@e000/lcdc@0: Fixed dependency cycle(s) wi th /ocp/interconnect@44c00000/segment@200000/target-module@b000/i2c@0/tda19988@70
[    0.470133] ti-sysc 48040000.target-module: probe with driver ti-sysc failed with error -16
[    0.507514] OMAP GPIO hardware version 0.1
[    0.529769] omap_i2c 4819c000.i2c: bus 2 rev0.11 at 100 kHz
[    0.570945] 48000000.interconnect:segment@200000:target-module@0:mpu@0:fck: device ID is greater than 24
[    0.572062] /ocp/interconnect@48000000/segment@300000/target-module@e000/lcdc@0: Fixed dependency cycle(s) with /ocp/interconnect@44c00000/segment@200000/target-module@b000/i2c@0/tda19988@70
[    0.574703] /ocp/interconnect@48000000/segment@300000/target-module@e000/lcdc@0: Fixed dependency cycle(s) with /ocp/interconnect@44c00000/segment@200000/target-module@b000/i2c@0/tda19988@70
[    0.575362] /ocp/interconnect@44c00000/segment@200000/target-module@b000/i2c@0/tda19988@70: Fixed dependency cycle(s) with /ocp/interconnect@48000000/segment@300000/target-module@e000/lcdc@0
[    0.575521] /ocp/interconnect@48000000/segment@300000/target-module@e000/lcdc@0: Fixed dependency cycle(s) with /ocp/interconnect@44c00000/segment@200000/target-module@b000/i2c@0/tda19988@70
[    0.586249] sdhci-omap 481d8000.mmc: supply pbias not found, using dummy regulator
[    0.586724] sdhci-omap 481d8000.mmc: supply vqmmc not found, using dummy regulator
[    0.634685] davinci_mdio 4a101000.mdio: davinci mdio revision 1.6, bus freq 1000000
[    0.738949] davinci_mdio 4a101000.mdio: phy[0]: device 4a101000.mdio:00, driver SMSC LAN8710/L] tps65217-pmic: Failed to locate of_node [id: -1]
[    2.298586] tps65217-bl: Failed to locate of_node [id: -1]
[    2.309912] tps65217 0-0024: TPS65217 ID 0xe version 1.2
[    2.316044] /ocp/interconnect@48000000/segment@300000/target-module@e000/lcdc@0: Fixed dependency cycle(s) with /ocp/interconnect@44c00000/segment@200000/target-module@b000/i2c@0/tda19988@70
[    2.333393] /ocp/interconnect@44c00000/segment@200000/target-module@b000/i2c@0/tda19988@70: Fixed dependency cycle(s) with /ocp/interconnect@48000000/segment@300000/target-module@e000/lcdc@0
[    2.350767] omap_i2c 44e0b000.i2c: bus 0 rev0.11 at 400 kHz
[    2.358752] omap_gpio 44e07000.gpio: Could not set line 6 debounce to 200000 microseconds (-22)
[    2.367636] sdhci-omap 48060000.mmc: Got CD GPIO
[    2.372675] sdhci-omap 48060000.mmc: supply pbias not found, using dummy regulator
[    2.382895] sdhci-omap 48060000.mmc: supply vqmmc not found, using dummy regulator
[    2.391834] sdhci-omap 481d8000.mmc: supply pbias not found, using dummy regulator
[    2.399806] sdhci-omap 481d8000.mmc: supply vqmmc not found, using dummy regulator
[    2.439062] mmc1: SDHCI controller on 481d8000.mmc [481d8000.mmc] using External DMA
[    2.447543] mmc0: SDHCI controller on 48060000.mmc [48060000.mmc] using External DMA
[    2.456354] cpsw-switch 4a100000.switch: starting ndev. mode: dual_mac
[    2.521948] mmc1: new high speed MMC card at address 0001
[    2.528786] mmcblk1: mmc1:0001 MMC04G 3.60 GiB
[    2.536435]  mmcblk1: p1 p2
[    2.540187] SMSC LAN8710/LAN8720 4a101000.mdio:00: attached PHY driver (mii_bus:phy_addr=4a101000.mdio:00, irq=POLL)
[    2.552735] mmcblk1boot0: mmc1:0001 MMC04G 2.00 MiB
[    2.564827] mmcblk1boot1: mmc1:0001 MMC04G 2.00 MiB
[    2.571927] mmcblk1rpmb: mmc1:0001 MMC04G 128 KiB, chardev (250:0)
[    2.624696] mmc0: new high speed SDHC card at address aaaa
[    2.631491] mmcblk0: mmc0:aaaa SE32G 29.7 GiB
[    2.640564]  mmcblk0: p1 p2
[    5.682337] cpsw-switch 4a100000.switch eth0: Link is Up - 100Mbps/Full - flow control off
[    5.721559] IP-Config: Complete:
[    5.724829]      device=eth0, hwaddr=6c:ec:eb:68:de:78, ipaddr=192.168.255.1, mask=255.255.255.0, gw=255.255.255.255
[    5.735449]      host=bbb1, domain=, nis-domain=(none)
[    5.740615]      bootserver=192.168.255.126, rootserver=192.168.255.126, rootpath=
[    5.741034] clk: Disabling unused clocks
[    5.752888] PM: genpd: Disabling unused power domains
[    5.758008] KTAP version 1
[    5.760728] 1..0
[    5.785171] VFS: Mounted root (nfs filesystem) on device 0:17.
[    5.792112] devtmpfs: mounted
[    5.796517] Freeing unused kernel image (initmem) memory: 1024K
[    5.803361] Run /sbin/init as init process
[    6.490910] systemd[1]: System time before build time, advancing clock.
[    7.961566] random: crng init done
[    8.002817] systemd[1]: systemd 232 running in system mode. (+PAM +AUDIT +SELINUX +IMA +APPARMOR +SMACK +SYSVINIT +UTMP +LIBCRYPTSETUP +GCRYPT +GNUTLS +ACL +XZ +LZ4 +SECCOMP +BLKID +ELFUTILS +KMOD +IDN)
[    8.021983] systemd[1]: Detected architecture arm.

Welcome to [1mDebian GNU/Linux 9 (stretch)[0m!

[    8.054524] systemd[1]: Set hostname to <arm>.
[    9.119541] systemd[1]: Started Forward Password Requests to Wall Directory Watch.
[[0;32m  OK  [0m] Started Forward Password Requests to Wall Directory Watch.
[    9.152200] systemd[1]: Listening on udev Kernel Socket.
[[0;32m  OK  [0m] Listening on udev Kernel Socket.
[    9.183111] systemd[1]: Created slice User and Session Slice.
[[0;32m  OK  [0m] Created slice User and Session Slice.
[    9.213576] systemd[1]: Listening on Journal Socket (/dev/log).
[[0;32m  OK  [0m] Listening on Journal Socket (/dev/log).
[    9.241951] systemd[1]: Reached target Remote File Systems.
[[0;32m  OK  [0m] Reached target Remote File Systems.
[    9.272208] systemd[1]: Listening on Syslog Socket.
[[0;32m  OK  [0m] Listening on Syslog Socket.
[    9.302337] systemd[1]: Listening on Journal Socket.
[[0;32m  OK  [0m] Listening on Journal Socket.
[[0;32m  OK  [0m] Reached target Swap.
[[0;32m  OK  [0m] Set up automount Arbitrary Executabâ€¦rmats File System Automount Point.
[[0;32m  OK  [0m] Created slice System Slice.
         Mounting Debug File System...
[[0;32m  OK  [0m] Reached target Slices.
[[0;32m  OK  [0m] Listening on udev Control Socket.
[[0;32m  OK  [0m] Listening on /dev/initctl Compatibility Named Pipe.
[[0;32m  OK  [0m] Created slice system-getty.slice.
         Mounting POSIX Message Queue File System...
[[0;32m  OK  [0m] Started Dispatch Password Requests to Console Directory Watch.
[[0;32m  OK  [0m] Reached target Encrypted Volumes.
         Starting Create list of required stâ€¦ce nodes for the current kernel...
[[0;32m  OK  [0m] Listening on Journal Audit Socket.
         Starting Journal Service...
[[0;32m  OK  [0m] Reached target Paths.
         Starting Remount Root and Kernel File Systems...
         Starting Load Kernel Modules...
[[0;32m  OK  [0m] Created slice system-serial\x2dgetty.slice.
[[0;32m  OK  [0m] Mounted POSIX Message Queue File System.
[[0;32m  OK  [0m] Mounted Debug File System.
[[0;32m  OK  [0m] Started Create list of required staâ€¦vice nodes for the current kernel.
         Starting Create Static Device Nodes in /dev...
[[0;32m  OK  [0m] Started Remount Root and Kernel File Systems.
         Starting udev Coldplug all Devices...
         Starting Load/Save Random Seed...
[[0;32m  OK  [0m] Started Load Kernel Modules.
         Mounting Configuration File System...
         Starting Apply Kernel Variables...
[[0;32m  OK  [0m] Mounted Configuration File System.
[[0;32m  OK  [0m] Started Load/Save Random Seed.
[[0;32m  OK  [0m] Started Apply Kernel Variables.
[[0;32m  OK  [0m] Started Create Static Device Nodes in /dev.
         Starting udev Kernel Device Manager...
[[0;32m  OK  [0m] Reached target Local File Systems (Pre).
[[0;32m  OK  [0m] Reached target Local File Systems.
         Starting Raise network interfaces...
[[0;32m  OK  [0m] Started Journal Service.
         Starting Flush Journal to Persistent Storage...
[   11.508434] systemd-journald[84]: Received request to flush runtime journal from PID 1
[[0;32m  OK  [0m] Started Flush Journal to Persistent Storage.
         Starting Create Volatile Files and Directories...
[[0;32m  OK  [0m] Started udev Kernel Device Manager.
[[0;32m  OK  [0m] Started Create Volatile Files and Directories.
         Starting Network Time Synchronization...
         Starting Update UTMP about System Boot/Shutdown...
[[0;32m  OK  [0m] Started Update UTMP about System Boot/Shutdown.
[[0;32m  OK  [0m] Started udev Coldplug all Devices.
[   14.624849] remoteproc remoteproc0: wkup_m3 is available
[[0;32m  OK  [0m] Started Network Time Synchronization.
[   14.828262] omap_rtc 44e3e000.rtc: registered as rtc0
[   14.833647] omap_rtc 44e3e000.rtc: setting system clock to 2000-01-01T00:00:00 UTC (946684800)
[[0;32m  OK  [0m] Reached target System Initialization.
[[0;32m  OK  [0m] Listening on Avahi mDNS/DNS-SD Stack Activation Socket.
[[0;32m  OK  [0m] Listening on D-Bus System Message Bus Socket.
[[0;32m  OK  [0m] Reached target Sockets.
[[0;32m  OK  [0m] Reached target Basic System.
[   15.190607] am335x-phy-driver 47401300.usb-phy: dummy supplies not allowed for exclusive requests (id=vbus)
[   15.313607] tps6521x_pwrbutton tps65217-pwrbutton: DMA mask not set
[   15.348053] at24 2-0054: supply vcc not found, using dummy regulator
[   15.392429] usbcore: registered new interface driver usbfs
[   15.398072] usbcore: registered new interface driver hub
[   15.403690] usbcore: registered new device driver usb
         Starting LSB: Start busybox udhcpd at boot time...
[   15.462930] input: tps65217_pwrbutton as /devices/platform/ocp/44c00000.interconnect/44c00000.interconnect:segment@200000/44e0b000.target-module/44e0b000.i2c/i2c-0/0-0024/tps65217-pwrbutton/input/input0
[   15.488132] at24 2-0055: supply vcc not found, using dummy regulator
[   15.570575] am335x-phy-driver 47401b00.usb-phy: dummy supplies not allowed for exclusive requests (id=vbus)
         Starting LSB: Load kernel modules needed to enable cpufreq scaling...
[   15.636394] at24 2-0056: supply vcc not found, using dummy regulator
         Starting Generic Board Startup...
[   15.744667] at24 2-0057: supply vcc not found, using dummy regulator
[   15.863536] wkup_m3_ipc 44e11324.wkup_m3_ipc: IPC Request for A8->M3 Channel failed! -517
[   15.887254] at24 0-0050: 32768 byte 24c256 EEPROM, writable, 1 bytes/write
[   15.895567] wkup_m3_ipc 44e11324.wkup_m3_ipc: IPC Request for A8->M3 Channel failed! -517
[[0;32m  OK  [0m] Started D-Bus System Message Bus.
[   16.150021] wkup_m3_ipc 44e11324.wkup_m3_ipc: IPC Request for A8->M3 Channel failed! -517
[   16.381922] wkup_m3_ipc 44e11324.wkup_m3_ipc: IPC Request for A8->M3 Channel failed! -517
[   16.507614] musb-hdrc musb-hdrc.1: MUSB HDRC host driver
[   16.513269] musb-hdrc musb-hdrc.1: new USB bus registered, assigned bus number 1
[   16.540779] omap_wdt: OMAP Watchdog Timer Rev 0x01: initial timeout 60 sec
[   16.558661] wkup_m3_ipc 44e11324.wkup_m3_ipc: IPC Request for A8->M3 Channel failed! -517
[   16.772582] usb usb1: New USB device found, idVendor=1d6b, idProduct=0002, bcdDevice= 6.12
[   16.780946] usb usb1: New USB device strings: Mfr=3, Product=2, SerialNumber=1
[   16.788325] usb usb1: Product: MUSB HDRC host driver
[   16.793360] usb usb1: Manufacturer: Linux 6.12.42 musb-hcd
[   16.798877] usb usb1: SerialNumber: musb-hdrc.1
[   17.213390] hub 1-0:1.0: USB hub found
[   17.259144] tda998x 0-0070: found TDA19988
[   17.272015] hub 1-0:1.0: 1 port detected
[   17.397196] wkup_m3_ipc 44e11324.wkup_m3_ipc: IPC Request for A8->M3 Channel failed! -517
[   17.537326] wkup_m3_ipc 44e11324.wkup_m3_ipc: IPC Request for A8->M3 Channel failed! -517
[   17.723945] omap-mailbox 480c8000.mailbox: omap mailbox rev 0x400
[   17.791799] remoteproc remoteproc0: powering up wkup_m3
[   17.975436] remoteproc remoteproc0: Direct firmware load for am335x-pm-firmware.elf failed with error -2
[   17.985370] remoteproc remoteproc0: request_firmware failed: -2
[   17.991425] wkup_m3_ipc 44e11324.wkup_m3_ipc: rproc_boot failed
[   19.540896] omap_rng 48310000.rng: Random Number Generator ver. 20
[   19.580779] tilcdc 4830e000.lcdc: bound 0-0070 (ops tda998x_audio_codec_init [tda998x])
[   19.710874] [drm] Initialized tilcdc 1.0.0 for 4830e000.lcdc on minor 0
[   19.793050] tilcdc 4830e000.lcdc: [drm] Cannot find any crtc or sizes
[   19.801285] tilcdc 4830e000.lcdc: [drm] Cannot find any crtc or sizes
         Starting System Logging Service...
         Starting Telephony service...
         Starting Cape Manager Service...
         Starting Avahi mDNS/DNS-SD Stack...
         Starting Login Service...
         Starting Connection service...
         Starting DUN service...
[   20.948056] PM: Cannot get wkup_m3_ipc handle
[   21.012465] omap-sham 53100000.sham: hw accel on OMAP rev 4.3
[[0;32m  OK  [0m] Started Regular background program processing daemon.
[[0;32m  OK  [0m] Started Daily Cleanup of Temporary Directories.
[[0;32m  OK  [0m] Reached target System Time Synchronized.
[[0;32m  OK  [0m] Started Daily apt download activities.
[   21.227672] omap-sham 53100000.sham: will run requests pump with realtime priority
[   21.239695] PM: Cannot get wkup_m3_ipc handle
[   21.294601] omap-aes 53500000.aes: OMAP AES hw accel rev: 3.2
[[0;32m  OK  [0m] Started Daily apt upgrade and clean activities.
[[0;32m  OK  [0m] Reached target Timers.
[   21.407939] omap-aes 53500000.aes: will run requests pump with realtime priority
[   21.424482] PM: Cannot get wkup_m3_ipc handle
[[0;32m  OK  [0m] Found device /dev/ttyS0.
[[0;32m  OK  [0m] Started Cape Manager Service.
[[0;32m  OK  [0m] Started System Logging Service.
[   23.916834] Bluetooth: Core ver 2.22
[   23.920670] NET: Registered PF_BLUETOOTH protocol family
[   23.926243] Bluetooth: HCI device and connection manager initialized
[   23.932745] Bluetooth: HCI socket layer initialized
[   23.937661] Bluetooth: L2CAP socket layer initialized
[   23.942811] Bluetooth: SCO socket layer initialized
[   25.195433] PM: Cannot get wkup_m3_ipc handle
[   25.308541] PM: Cannot get wkup_m3_ipc handle
[[0;32m  OK  [0m] Started LSB: Start busybox udhcpd at boot time.
[[0;32m  OK  [0m] Started Raise network interfaces.
[[0;32m  OK  [0m] Started LSB: Load kernel modules needed to enable cpufreq scaling.
[   28.107686] configfs-gadget.g_multi gadget.0: HOST MAC 1c:ba:8c:a2:ed:6c
[   28.114688] configfs-gadget.g_multi gadget.0: MAC 1c:ba:8c:a2:ed:70
[   28.122038] configfs-gadget.g_multi gadget.0: HOST MAC 1c:ba:8c:a2:ed:6c
[   28.128801] configfs-gadget.g_multi gadget.0: MAC 1c:ba:8c:a2:ed:6d
[   28.142156] PM: Cannot get wkup_m3_ipc handle
[[0;32m  OK  [0m] Started Telephony service.
[[0;32m  OK  [0m] Started DUN service.
[[0;32m  OK  [0m] Started Avahi mDNS/DNS-SD Stack.
[[0;32m  OK  [0m] Started Connection service.
[[0;32m  OK  [0m] Started Login Service.
[[0;32m  OK  [0m] Reached target Sound Card.
         Starting LSB: set CPUFreq kernel parameters...
[[0;32m  OK  [0m] Reached target Network.
         Starting Permit User Sessions...
         Starting The Apache HTTP Server...
         Starting OpenBSD Secure Shell server...
[[0;32m  OK  [0m] Reached target Network is Online.
         Starting LSB: Advanced IEEE 802.11 management daemon...
[[0;32m  OK  [0m] Started Permit User Sessions.
[[0;32m  OK  [0m] Started LSB: Advanced IEEE 802.11 management daemon.
         Starting Hostname Service...
         Starting WPA supplicant...
[[0;32m  OK  [0m] Started Serial Getty on ttyS0.
[[0;32m  OK  [0m] Started Getty on tty1.
[[0;32m  OK  [0m] Reached target Login Prompts.
[[0;32m  OK  [0m] Started LSB: set CPUFreq kernel parameters.
[[0;32m  OK  [0m] Started WPA supplicant.
[[0;32m  OK  [0m] Started Hostname Service.
[[0;32m  OK  [0m] Started OpenBSD Secure Shell server.
         Stopping LSB: Start busybox udhcpd at boot time...
[[0;32m  OK  [0m] Stopped LSB: Start busybox udhcpd at boot time.
[[0;32m  OK  [0m] Started The Apache HTTP Server.
         Starting dnsmasq - A lightweight DHCP and caching DNS server...
[[0;32m  OK  [0m] Started dnsmasq - A lightweight DHCP and caching DNS server.
[[0;32m  OK  [0m] Reached target Host and Network Name Lookups.
[[0;32m  OK  [0m] Started Serial Getty on ttyGS0.
[[0;32m  OK  [0m] Started Generic Board Startup.
[[0;32m  OK  [0m] Reached target Multi-User System.
[[0;32m  OK  [0m] Reached target Graphical Interface.
         Starting Update UTMP about System Runlevel Changes...
[[0;32m  OK  [0m] Started Update UTMP about System Runlevel Changes.

Debian GNU/Linux 9 arm ttyS0

default username:password is [debian:temppwd]

arm login: root
Password: 
Last login: Sat Jan  1 00:00:30 UTC 2000 on ttyS0
root
Linux arm 6.12.42 #1 SMP Fri Aug 15 15:31:13 EEST 2025 armv7l

The programs included with the Debian GNU/Linux system are free software;
the exact distribution terms for each program are described in the
individual files in /usr/share/doc/*/copyright.

Debian GNU/Linux comes with ABSOLUTELY NO WARRANTY, to the extent
permitted by applicable law.
root@arm:~# root
dmesg -n 1
-bash: root: command not found
root@arm:~# dmesg -n 1
root@arm:~# echo 'ACWL''PQOHWP'
ACWLPQOHWP
root@arm:~# run() { echo -n "$MARKER"; sh -c "$@"; echo "$MARKER $?"; }
root@arm:~# echo 'VAGL''WGJWKH'
VAGLWGJWKH
root@arm:~# MARKER='ZMBO''NTUYWM' run 'cat /proc/version'
ZMBONTUYWMLinux version 6.12.42 (user01@drvtest01) (arm-none-eabi-gcc (Arm GNU Toolchain 14.2.Rel1 (Build arm-14.52)) 14.2.1 20241119, GNU ld (Arm GNU Toolchain 14.2.Rel1 (Build arm-14.52)) 2.43.1.20241119) #1 SMP Fri Aug 15 15:31:13 EEST 2025
ZMBONTUYWM 0
root@arm:~# echo 'WFCV''JKOLSX'
WFCVJKOLSX
root@arm:~# MARKER='GWFO''VAZEQG' run false
GWFOVAZEQGGWFOVAZEQG 1
root@arm:~# Labgrid Console Logfile for main
Logfile started at 2025-08-15 15:37:05.500923
=== Log starts here ===

root@arm:~# run() { echo -n "$MARKER"; sh -c "$@"; echo "$MARKER $?"; }
root@arm:~# echo 'CKGO''BXAMWS'
CKGOBXAMWS
root@arm:~# MARKER='WBFK''SBFYLA' run 'ls /iio_generic_buffer; echo $?'
WBFKSBFYLA/iio_generic_buffer
0
WBFKSBFYLA 0
root@arm:~# Labgrid Console Logfile for main
Logfile started at 2025-08-15 15:37:08.899735
=== Log starts here ===

root@arm:~# run() { echo -n "$MARKER"; sh -c "$@"; echo "$MARKER $?"; }
root@arm:~# echo 'SZZF''BSZNLG'
SZZFBSZNLG
root@arm:~# MARKER='WAXC''SJPNCH' run dmesg
WAXCSJPNCH[    0.000000] Booting Linux on physical CPU 0x0
[    0.000000] Linux version 6.12.42 (user01@drvtest01) (arm-none-eabi-gcc (Arm GNU Toolchain 14.2.Rel1 (Build arm-14.52)) 14.2.1 20241119, GNU ld (Arm GNU Toolchain 14.2.Rel1 (Build arm-14.52)) 2.43.1.20241119) #1 SMP Fri Aug 15 15:31:13 EEST 2025
[    0.000000] CPU: ARMv7 Processor [413fc082] revision 2 (ARMv7), cr=10c5387d
[    0.000000] CPU: PIPT / VIPT nonaliasing data cache, VIPT aliasing instruction cache
[    0.000000] OF: fdt: Machine model: TI AM335x BeagleBone Black
[    0.000000] Memory policy: Data cache writeback
[    0.000000] cma: Reserved 16 MiB at 0x9e800000 on node -1
[    0.000000] Zone ranges:
[    0.000000]   Normal   [mem 0x0000000080000000-0x000000009fdfffff]
[    0.000000]   HighMem  empty
[    0.000000] Movable zone start for each node
[    0.000000] Early memory node ranges
[    0.000000]   node   0: [mem 0x0000000080000000-0x000000009fdfffff]
[    0.000000] Initmem setup node 0 [mem 0x0000000080000000-0x000000009fdfffff]
[    0.000000] OF: reserved mem: Reserved memory: No reserved-memory node in the DT
[    0.000000] CPU: All CPU(s) started in SVC mode.
[    0.000000] AM335X ES2.1 (sgx neon)
[    0.000000] percpu: Embedded 17 pages/cpu s40396 r8192 d21044 u69632
[    0.000000] pcpu-alloc: s40396 r8192 d21044 u69632 alloc=17*4096
[    0.000000] pcpu-alloc: [0] 0 
[    0.000000] Kernel command line: console=ttyO0,115200n8 root=/dev/nfs rw nfsroot=192.168.255.126:/home/user01/nfs,nfsvers=3 ip=192.168.255.1:192.168.255.126::255.255.255.0:bbb1:eth0 nfsrootdebug
[    0.000000] Unknown kernel command line parameters "nfsrootdebug", will be passed to user space.
[    0.000000] Dentry cache hash table entries: 65536 (order: 6, 262144 bytes, linear)
[    0.000000] Inode-cache hash table entries: 32768 (order: 5, 131072 bytes, linear)
[    0.000000] Built 1 zonelists, mobility grouping on.  Total pages: 130560
[    0.000000] mem auto-init: stack:off, heap alloc:off, heap free:off
[    0.000000] SLUB: HWalign=64, Order=0-3, MinObjects=0, CPUs=1, Nodes=1
[    0.000000] rcu: Hierarchical RCU implementation.
[    0.000000] rcu: 	RCU event tracing is enabled.
[    0.000000] rcu: 	RCU restricting CPUs from NR_CPUS=2 to nr_cpu_ids=1.
[    0.000000] rcu: RCU calculated value of scheduler-enlistment delay is 10 jiffies.
[    0.000000] rcu: Adjusting geometry for rcu_fanout_leaf=16, nr_cpu_ids=1
[    0.000000] NR_IRQS: 16, nr_irqs: 16, preallocated irqs: 16
[    0.000000] IRQ: Found an INTC at 0x(ptrval) (revision 5.0) with 128 interrupts
[    0.000000] rcu: srcu_init: Setting srcu_struct sizes based on contention.
[    0.000000] TI gptimer clocksource: always-on /ocp/interconnect@44c00000/segment@200000/target-module@31000
[    0.000003] sched_clock: 32 bits at 24MHz, resolution 41ns, wraps every 89478484971ns
[    0.000028] clocksource: dmtimer: mask: 0xffffffff max_cycles: 0xffffffff, max_idle_ns: 79635851949 ns
[    0.000496] TI gptimer clockevent: 24000000 Hz at /ocp/interconnect@48000000/segment@0/target-module@40000
[    0.002083] Console: colour dummy device 80x30
[    0.002146] WARNING: Your 'console=ttyO0' has been replaced by 'ttyS0'
[    0.002155] This ensures that you still see kernel messages. Please
[    0.002160] update your kernel commandline.
[    0.002202] Calibrating delay loop... 996.14 BogoMIPS (lpj=4980736)
[    0.090544] CPU: Testing write buffer coherency: ok
[    0.090658] CPU0: Spectre v2: using BPIALL workaround
[    0.090668] pid_max: default: 32768 minimum: 301
[    0.090798] LSM: initializing lsm=capability
[    0.090961] Mount-cache hash table entries: 1024 (order: 0, 4096 bytes, linear)
[    0.090982] Mountpoint-cache hash table entries: 1024 (order: 0, 4096 bytes, linear)
[    0.092540] CPU0: thread -1, cpu 0, socket -1, mpidr 0
[    0.094578] Setting up static identity map for 0x80100000 - 0x80100078
[    0.094893] rcu: Hierarchical SRCU implementation.
[    0.094903] rcu: 	Max phase no-delay instances is 1000.
[    0.096650] smp: Bringing up secondary CPUs ...
[    0.096705] smp: Brought up 1 node, 1 CPU
[    0.096718] SMP: Total of 1 processors activated (996.14 BogoMIPS).
[    0.096730] CPU: All CPU(s) started in SVC mode.
[    0.096915] Memory: 480868K/522240K available (11264K kernel code, 1211K rwdata, 2880K rodata, 1024K init, 295K bss, 23360K reserved, 16384K cma-reserved, 0K highmem)
[    0.097728] devtmpfs: initialized
[    0.114288] VFP support v0.3: implementor 41 architecture 3 part 30 variant c rev 3
[    0.114637] clocksource: jiffies: mask: 0xffffffff max_cycles: 0xffffffff, max_idle_ns: 19112604462750000 ns
[    0.114671] futex hash table entries: 256 (order: 2, 16384 bytes, linear)
[    0.115954] pinctrl core: initialized pinctrl subsystem
[    0.118060] NET: Registered PF_NETLINK/PF_ROUTE protocol family
[    0.121076] DMA: preallocated 256 KiB pool for atomic coherent allocations
[    0.121993] audit: initializing netlink subsys (disabled)
[    0.123329] thermal_sys: Registered thermal governor 'fair_share'
[    0.123346] thermal_sys: Registered thermal governor 'step_wise'
[    0.123356] thermal_sys: Registered thermal governor 'user_space'
[    0.123475] audit: type=2000 audit(0.120:1): state=initialized audit_enabled=0 res=1
[    0.123547] cpuidle: using governor menu
[    0.141241] /ocp/interconnect@44c00000/segment@200000/target-module@b000/i2c@0/tda19988@70: Fixed dependency cycle(s) with /ocp/interconnect@48000000/segment@300000/target-module@e000/lcdc@0
[    0.142368] /ocp/interconnect@48000000/segment@300000/target-module@e000/lcdc@0: Fixed dependency cycle(s) with /ocp/interconnect@44c00000/segment@200000/target-module@b000/i2c@0/tda19988@70
[    0.144528] No ATAGs?
[    0.144546] hw-breakpoint: debug architecture 0x4 unsupported.
[    0.147169] kprobes: kprobe jump-optimization is enabled. All kprobes are optimized if possible.
[    0.154113] iommu: Default domain type: Translated
[    0.154136] iommu: DMA domain TLB invalidation policy: strict mode
[    0.155690] reg-fixed-voltage fixedregulator0: using DT '/fixedregulator0' for '(default)' GPIO lookup
[    0.155747] of_get_named_gpiod_flags: can't parse 'gpios' property of node '/fixedregulator0[0]'
[    0.155776] of_get_named_gpiod_flags: can't parse 'gpio' property of node '/fixedregulator0[0]'
[    0.155793] reg-fixed-voltage fixedregulator0: using lookup tables for GPIO lookup
[    0.155803] reg-fixed-voltage fixedregulator0: No GPIO consumer (default) found
[    0.161837] SCSI subsystem initialized
[    0.162319] libata version 3.00 loaded.
[    0.162683] pps_core: LinuxPPS API ver. 1 registered
[    0.162694] pps_core: Software ver. 5.3.6 - Copyright 2005-2007 Rodolfo Giometti <giometti@linux.it>
[    0.162719] PTP clock support registered
[    0.171193] vgaarb: loaded
[    0.171545] clocksource: Switched to clocksource dmtimer
[    0.172196] VFS: Disk quotas dquot_6.6.0
[    0.172240] VFS: Dquot-cache hash table entries: 1024 (order 0, 4096 bytes)
[    0.196627] NET: Registered PF_INET protocol family
[    0.196963] IP idents hash table entries: 8192 (order: 4, 65536 bytes, linear)
[    0.198325] tcp_listen_portaddr_hash hash table entries: 512 (order: 0, 4096 bytes, linear)
[    0.198359] Table-perturb hash table entries: 65536 (order: 6, 262144 bytes, linear)
[    0.198376] TCP established hash table entries: 4096 (order: 2, 16384 bytes, linear)
[    0.198422] TCP bind hash table entries: 4096 (order: 4, 65536 bytes, linear)
[    0.198521] TCP: Hash tables configured (established 4096 bind 4096)
[    0.198646] UDP hash table entries: 256 (order: 1, 8192 bytes, linear)
[    0.198674] UDP-Lite hash table entries: 256 (order: 1, 8192 bytes, linear)
[    0.198840] NET: Registered PF_UNIX/PF_LOCAL protocol family
[    0.200106] RPC: Registered named UNIX socket transport module.
[    0.200125] RPC: Registered udp transport module.
[    0.200131] RPC: Registered tcp transport module.
[    0.200136] RPC: Registered tcp-with-tls transport module.
[    0.200140] RPC: Registered tcp NFSv4.1 backchannel transport module.
[    0.200164] PCI: CLS 0 bytes, default 64
[    0.201686] Initialise system trusted keyrings
[    0.212417] workingset: timestamp_bits=14 max_order=17 bucket_order=3
[    0.213687] NFS: Registering the id_resolver key type
[    0.213763] Key type id_resolver registered
[    0.213770] Key type id_legacy registered
[    0.213816] jffs2: version 2.2. (NAND) (SUMMARY)  Â© 2001-2006 Red Hat, Inc.
[    0.214219] Key type asymmetric registered
[    0.214233] Asymmetric key parser 'x509' registered
[    0.214299] io scheduler mq-deadline registered
[    0.214309] io scheduler kyber registered
[    0.214375] io scheduler bfq registered
[    0.216212] target-module@4b000000:target-module@140000:pmu@0:fck: device ID is greater than 24
[    0.222415] l3-aon-clkctrl:0000:0: failed to disable
[    0.222678] ledtrig-cpu: registered to indicate activity on CPUs
[    0.232146] Serial: 8250/16550 driver, 6 ports, IRQ sharing enabled
[    0.274082] brd: module loaded
[    0.292604] loop: module loaded
[    0.293520] mtdoops: mtd device (mtddev=name/number) must be supplied
[    0.295217] mdio_bus fixed-0: using lookup tables for GPIO lookup
[    0.295244] mdio_bus fixed-0: No GPIO consumer reset found
[    0.296606] i2c_dev: i2c /dev entries driver
[    0.297569] cpuidle: enable-method property 'ti,am3352' found operations
[    0.298005] sdhci: Secure Digital Host Controller Interface driver
[    0.298015] sdhci: Copyright(c) Pierre Ossman
[    0.298187] sdhci-pltfm: SDHCI platform and OF driver helper
[    0.299640] hw perfevents: enabled with armv7_cortex_a8 PMU driver, 5 (8000000f) counters available
[    0.300143] Initializing XFRM netlink socket
[    0.300272] NET: Registered PF_INET6 protocol family
[    0.305916] l3-aon-clkctrl:0000:0: failed to disable
[    0.314059] Segment Routing with IPv6
[    0.314147] In-situ OAM (IOAM) with IPv6
[    0.314241] sit: IPv6, IPv4 and MPLS over IPv4 tunneling driver
[    0.315165] NET: Registered PF_PACKET protocol family
[    0.315193] NET: Registered PF_KEY protocol family
[    0.315317] Key type dns_resolver registered
[    0.315544] ThumbEE CPU extension supported.
[    0.315564] Registering SWP/SWPB emulation handler
[    0.316080] omap_voltage_late_init: Voltage driver support not added
[    0.316769] SmartReflex Class3 initialized
[    0.354241] Loading compiled-in X.509 certificates
[    0.383272] /ocp/interconnect@44c00000/segment@200000/target-module@b000/i2c@0/tda19988@70: Fixed dependency cycle(s) with /ocp/interconnect@48000000/segment@300000/target-module@e000/lcdc@0
[    0.389414] /ocp/interconnect@44c00000/segment@200000/target-module@b000/i2c@0/tda19988@70: Fixed dependency cycle(s) with /ocp/interconnect@48000000/segment@300000/target-module@e000/lcdc@0
[    0.394929] gpiochip_find_base_unlocked: found new base at 512
[    0.415858] /ocp/interconnect@44c00000/segment@200000/target-module@b000/i2c@0/tda19988@70: Fixed dependency cycle(s) with /ocp/interconnect@48000000/segment@300000/target-module@e000/lcdc@0
[    0.416722] /ocp/interconnect@44c00000/segment@200000/target-module@b000/i2c@0/tda19988@70: Fixed dependency cycle(s) with /ocp/interconnect@48000000/segment@300000/target-module@e000/lcdc@0
[    0.419950] /ocp/interconnect@44c00000/segment@200000/target-module@10000/scm@0/pinmux@800: Fixed dependency cycle(s) with /ocp/interconnect@44c00000/segment@200000/target-module@10000/scm@0/pinmux@800/clkout2-pins
[    0.420533] pinctrl-single 44e10800.pinmux: 142 pins, size 568
[    0.425765] ti-sysc 44e31000.target-module: probe with driver ti-sysc failed with error -16
[    0.462768] /ocp/interconnect@48000000/segment@300000/target-module@e000/lcdc@0: Fixed dependency cycle(s) with /ocp/interconnect@44c00000/segment@200000/target-module@b000/i2c@0/tda19988@70
[    0.470133] ti-sysc 48040000.target-module: probe with driver ti-sysc failed with error -16
[    0.480891] gpiochip_find_base_unlocked: found new base at 512
[    0.480991] gpio gpiochip0: (gpio-0-31): created GPIO range 0->7 ==> 44e10800.pinmux PIN 0->7
[    0.481010] gpio gpiochip0: (gpio-0-31): created GPIO range 8->11 ==> 44e10800.pinmux PIN 90->93
[    0.481026] gpio gpiochip0: (gpio-0-31): created GPIO range 12->27 ==> 44e10800.pinmux PIN 12->27
[    0.481041] gpio gpiochip0: (gpio-0-31): created GPIO range 28->31 ==> 44e10800.pinmux PIN 30->33
[    0.507249] gpio gpiochip0: (gpio-0-31): added GPIO chardev (254:0)
[    0.507425] gpio gpiochip0: registered GPIOs 512 to 543 on gpio-0-31
[    0.507514] OMAP GPIO hardware version 0.1
[    0.528767] i2c i2c-2: using DT '/ocp/interconnect@48000000/segment@100000/target-module@9c000/i2c@0' for 'scl' GPIO lookup
[    0.528840] of_get_named_gpiod_flags: can't parse 'scl-gpios' property of node '/ocp/interconnect@48000000/segment@100000/target-module@9c000/i2c@0[0]'
[    0.528883] of_get_named_gpiod_flags: can't parse 'scl-gpio' property of node '/ocp/interconnect@48000000/segment@100000/target-module@9c000/i2c@0[0]'
[    0.528918] i2c i2c-2: using lookup tables for GPIO lookup
[    0.528928] i2c i2c-2: No GPIO consumer scl found
[    0.528949] i2c i2c-2: using DT '/ocp/interconnect@48000000/segment@100000/target-module@9c000/i2c@0' for 'sda' GPIO lookup
[    0.528986] of_get_named_gpiod_flags: can't parse 'sda-gpios' property of node '/ocp/interconnect@48000000/segment@100000/target-module@9c000/i2c@0[0]'
[    0.529023] of_get_named_gpiod_flags: can't parse 'sda-gpio' property of node '/ocp/interconnect@48000000/segment@100000/target-module@9c000/i2c@0[0]'
[    0.529054] i2c i2c-2: using lookup tables for GPIO lookup
[    0.529062] i2c i2c-2: No GPIO consumer sda found
[    0.529769] omap_i2c 4819c000.i2c: bus 2 rev0.11 at 100 kHz
[    0.535223] gpiochip_find_base_unlocked: found new base at 544
[    0.535325] gpio gpiochip1: (gpio-32-63): created GPIO range 0->17 ==> 44e10800.pinmux PIN 34->51
[    0.535346] gpio gpiochip1: (gpio-32-63): created GPIO range 18->21 ==> 44e10800.pinmux PIN 77->80
[    0.535362] gpio gpiochip1: (gpio-32-63): created GPIO range 22->31 ==> 44e10800.pinmux PIN 56->65
[    0.552114] gpio gpiochip1: (gpio-32-63): added GPIO chardev (254:1)
[    0.552294] gpio gpiochip1: registered GPIOs 544 to 575 on gpio-32-63
[    0.554458] gpiochip_find_base_unlocked: found new base at 576
[    0.554549] gpio gpiochip2: (gpio-64-95): created GPIO range 0->4 ==> 44e10800.pinmux PIN 66->70
[    0.554569] gpio gpiochip2: (gpio-64-95): created GPIO range 5->6 ==> 44e10800.pinmux PIN 98->99
[    0.554586] gpio gpiochip2: (gpio-64-95): created GPIO range 7->8 ==> 44e10800.pinmux PIN 75->76
[    0.554602] gpio gpiochip2: (gpio-64-95): created GPIO range 13->13 ==> 44e10800.pinmux PIN 141->141
[    0.554619] gpio gpiochip2: (gpio-64-95): created GPIO range 14->21 ==> 44e10800.pinmux PIN 100->107
[    0.565435] gpio gpiochip2: (gpio-64-95): added GPIO chardev (254:2)
[    0.565582] gpio gpiochip2: registered GPIOs 576 to 607 on gpio-64-95
[    0.570945] 48000000.interconnect:segment@200000:target-module@0:mpu@0:fck: device ID is greater than 24
[    0.572062] /ocp/interconnect@48000000/segment@300000/target-module@e000/lcdc@0: Fixed dependency cycle(s) with /ocp/interconnect@44c00000/segment@200000/target-module@b000/i2c@0/tda19988@70
[    0.574703] /ocp/interconnect@48000000/segment@300000/target-module@e000/lcdc@0: Fixed dependency cycle(s) with /ocp/interconnect@44c00000/segment@200000/target-module@b000/i2c@0/tda19988@70
[    0.575362] /ocp/interconnect@44c00000/segment@200000/target-module@b000/i2c@0/tda19988@70: Fixed dependency cycle(s) with /ocp/interconnect@48000000/segment@300000/target-module@e000/lcdc@0
[    0.575521] /ocp/interconnect@48000000/segment@300000/target-module@e000/lcdc@0: Fixed dependency cycle(s) with /ocp/interconnect@44c00000/segment@200000/target-module@b000/i2c@0/tda19988@70
[    0.584827] mdio_bus 4a101000.mdio: using DT '/ocp/interconnect@4a000000/segment@0/target-module@100000/switch@0/mdio@1000' for 'reset' GPIO lookup
[    0.584901] of_get_named_gpiod_flags: can't parse 'reset-gpios' property of node '/ocp/interconnect@4a000000/segment@0/target-module@100000/switch@0/mdio@1000[0]'
[    0.584948] of_get_named_gpiod_flags: can't parse 'reset-gpio' property of node '/ocp/interconnect@4a000000/segment@0/target-module@100000/switch@0/mdio@1000[0]'
[    0.584993] mdio_bus 4a101000.mdio: using lookup tables for GPIO lookup
[    0.585003] mdio_bus 4a101000.mdio: No GPIO consumer reset found
[    0.585919] sdhci-omap 481d8000.mmc: using DT '/ocp/interconnect@48000000/segment@100000/target-module@d8000/mmc@0' for 'wp' GPIO lookup
[    0.585977] of_get_named_gpiod_flags: can't parse 'wp-gpios' property of node '/ocp/interconnect@48000000/segment@100000/target-module@d8000/mmc@0[0]'
[    0.586018] of_get_named_gpiod_flags: can't parse 'wp-gpio' property of node '/ocp/interconnect@48000000/segment@100000/target-module@d8000/mmc@0[0]'
[    0.586051] sdhci-omap 481d8000.mmc: using lookup tables for GPIO lookup
[    0.586060] sdhci-omap 481d8000.mmc: No GPIO consumer wp found
[    0.586249] sdhci-omap 481d8000.mmc: supply pbias not found, using dummy regulator
[    0.586724] sdhci-omap 481d8000.mmc: supply vqmmc not found, using dummy regulator
[    0.634685] davinci_mdio 4a101000.mdio: davinci mdio revision 1.6, bus freq 1000000
[    0.652291] mdio_bus 4a101000.mdio:00: using DT '/ocp/interconnect@4a000000/segment@0/target-module@100000/switch@0/mdio@1000/ethernet-phy@0' for 'reset' GPIO lookup
[    0.652395] of_get_named_gpiod_flags: parsed 'reset-gpios' property of node '/ocp/interconnect@4a000000/segment@0/target-module@100000/switch@0/mdio@1000/ethernet-phy@0[0]' - status (0)
[    0.652560] gpio gpiochip0: Persistence not supported for GPIO 8
[    0.738949] davinci_mdio 4a101000.mdio: phy[0]: device 4a101000.mdio:00, driver SMSC LAN8710/LAN8720
[    0.739708] cpsw-switch 4a100000.switch: initialized cpsw ale version 1.4
[    0.739729] cpsw-switch 4a100000.switch: ALE Table size 1024, Policers 0
[    0.751263] cpsw-switch 4a100000.switch: cpts: overflow check period 500 (jiffies)
[    0.751286] cpsw-switch 4a100000.switch: CPTS: ref_clk_freq:250000000 calc_mult:2147483648 calc_shift:29 error:0 nsec/sec
[    0.751400] cpsw-switch 4a100000.switch: Detected MACID = 6c:ec:eb:68:de:78
[    0.753336] cpsw-switch 4a100000.switch: initialized (regs 0x4a100000, pool size 256) hw_ver:0019010C 1.12 (0)
[    0.763877] debugfs: Directory '49000000.dma' with parent 'dmaengine' already present!
[    0.763918] edma 49000000.dma: TI EDMA DMA engine driver
[    0.825926] gpio-clk clk_mcasp0: using DT '/clk_mcasp0' for 'enable' GPIO lookup
[    0.826011] of_get_named_gpiod_flags: parsed 'enable-gpios' property of node '/clk_mcasp0[0]' - status (0)
[    0.826059] gpio gpiochip0: Persistence not supported for GPIO 27
[    0.826928] gpiochip_find_base_unlocked: found new base at 608
[    0.827044] gpio gpiochip3: (gpio-96-127): created GPIO range 0->7 ==> 44e10800.pinmux PIN 82->89
[    0.827069] gpio gpiochip3: (gpio-96-127): created GPIO range 8->11 ==> 44e10800.pinmux PIN 52->55
[    0.827086] gpio gpiochip3: (gpio-96-127): created GPIO range 12->15 ==> 44e10800.pinmux PIN 94->97
[    0.827102] gpio gpiochip3: (gpio-96-127): created GPIO range 16->17 ==> 44e10800.pinmux PIN 71->72
[    0.827119] gpio gpiochip3: (gpio-96-127): created GPIO range 18->18 ==> 44e10800.pinmux PIN 135->135
[    0.827136] gpio gpiochip3: (gpio-96-127): created GPIO range 19->20 ==> 44e10800.pinmux PIN 108->109
[    0.827153] gpio gpiochip3: (gpio-96-127): created GPIO range 21->21 ==> 44e10800.pinmux PIN 73->73
[    0.827171] gpio gpiochip3: (gpio-96-127): created GPIO range 22->23 ==> 44e10800.pinmux PIN 8->9
[    0.827188] gpio gpiochip3: (gpio-96-127): created GPIO range 26->27 ==> 44e10800.pinmux PIN 10->11
[    0.827205] gpio gpiochip3: (gpio-96-127): created GPIO range 28->28 ==> 44e10800.pinmux PIN 74->74
[    0.827223] gpio gpiochip3: (gpio-96-127): created GPIO range 29->29 ==> 44e10800.pinmux PIN 81->81
[    0.827241] gpio gpiochip3: (gpio-96-127): created GPIO range 30->31 ==> 44e10800.pinmux PIN 28->29
[    0.857492] gpio gpiochip3: (gpio-96-127): added GPIO chardev (254:3)
[    0.857648] gpio gpiochip3: registered GPIOs 608 to 639 on gpio-96-127
[    0.859543] omap8250 44e09000.serial: using DT '/ocp/interconnect@44c00000/segment@200000/target-module@9000/serial@0' for 'rs485-term' GPIO lookup
[    0.859615] of_get_named_gpiod_flags: can't parse 'rs485-term-gpios' property of node '/ocp/interconnect@44c00000/segment@200000/target-module@9000/serial@0[0]'
[    0.859658] of_get_named_gpiod_flags: can't parse 'rs485-term-gpio' property of node '/ocp/interconnect@44c00000/segment@200000/target-module@9000/serial@0[0]'
[    0.859693] omap8250 44e09000.serial: using lookup tables for GPIO lookup
[    0.859703] omap8250 44e09000.serial: No GPIO consumer rs485-term found
[    0.859713] omap8250 44e09000.serial: using DT '/ocp/interconnect@44c00000/segment@200000/target-module@9000/serial@0' for 'rs485-rx-during-tx' GPIO lookup
[    0.859749] of_get_named_gpiod_flags: can't parse 'rs485-rx-during-tx-gpios' property of node '/ocp/interconnect@44c00000/segment@200000/target-module@9000/serial@0[0]'
[    0.859786] of_get_named_gpiod_flags: can't parse 'rs485-rx-during-tx-gpio' property of node '/ocp/interconnect@44c00000/segment@200000/target-module@9000/serial@0[0]'
[    0.859818] omap8250 44e09000.serial: using lookup tables for GPIO lookup
[    0.859826] omap8250 44e09000.serial: No GPIO consumer rs485-rx-during-tx found
[    0.860252] 44e09000.serial: ttyS0 at MMIO 0x44e09000 (irq = 34, base_baud = 3000000) is a 8250
[    0.860342] printk: legacy console [ttyS0] enabled
[    2.278858] i2c i2c-0: using DT '/ocp/interconnect@44c00000/segment@200000/target-module@b000/i2c@0' for 'scl' GPIO lookup
[    2.278947] of_get_named_gpiod_flags: can't parse 'scl-gpios' property of node '/ocp/interconnect@44c00000/segment@200000/target-module@b000/i2c@0[0]'
[    2.278993] of_get_named_gpiod_flags: can't parse 'scl-gpio' property of node '/ocp/interconnect@44c00000/segment@200000/target-module@b000/i2c@0[0]'
[    2.279033] i2c i2c-0: using lookup tables for GPIO lookup
[    2.279047] i2c i2c-0: No GPIO consumer scl found
[    2.279073] i2c i2c-0: using DT '/ocp/interconnect@44c00000/segment@200000/target-module@b000/i2c@0' for 'sda' GPIO lookup
[    2.279113] of_get_named_gpiod_flags: can't parse 'sda-gpios' property of node '/ocp/interconnect@44c00000/segment@200000/target-module@b000/i2c@0[0]'
[    2.279154] of_get_named_gpiod_flags: can't parse 'sda-gpio' property of node '/ocp/interconnect@44c00000/segment@200000/target-module@b000/i2c@0[0]'
[    2.279189] i2c i2c-0: using lookup tables for GPIO lookup
[    2.279201] i2c i2c-0: No GPIO consumer sda found
[    2.292529] tps65217-pmic: Failed to locate of_node [id: -1]
[    2.298586] tps65217-bl: Failed to locate of_node [id: -1]
[    2.309912] tps65217 0-0024: TPS65217 ID 0xe version 1.2
[    2.316044] /ocp/interconnect@48000000/segment@300000/target-module@e000/lcdc@0: Fixed dependency cycle(s) with /ocp/interconnect@44c00000/segment@200000/target-module@b000/i2c@0/tda19988@70
[    2.333393] /ocp/interconnect@44c00000/segment@200000/target-module@b000/i2c@0/tda19988@70: Fixed dependency cycle(s) with /ocp/interconnect@48000000/segment@300000/target-module@e000/lcdc@0
[    2.350767] omap_i2c 44e0b000.i2c: bus 0 rev0.11 at 400 kHz
[    2.358553] sdhci-omap 48060000.mmc: using DT '/ocp/interconnect@48000000/segment@0/target-module@60000/mmc@0' for 'cd' GPIO lookup
[    2.358661] of_get_named_gpiod_flags: parsed 'cd-gpios' property of node '/ocp/interconnect@48000000/segment@0/target-module@60000/mmc@0[0]' - status (0)
[    2.358727] gpio gpiochip3: Persistence not supported for GPIO 6
[    2.358752] omap_gpio 44e07000.gpio: Could not set line 6 debounce to 200000 microseconds (-22)
[    2.367636] sdhci-omap 48060000.mmc: Got CD GPIO
[    2.372319] sdhci-omap 48060000.mmc: using DT '/ocp/interconnect@48000000/segment@0/target-module@60000/mmc@0' for 'wp' GPIO lookup
[    2.372368] of_get_named_gpiod_flags: can't parse 'wp-gpios' property of node '/ocp/interconnect@48000000/segment@0/target-module@60000/mmc@0[0]'
[    2.372412] of_get_named_gpiod_flags: can't parse 'wp-gpio' property of node '/ocp/interconnect@48000000/segment@0/target-module@60000/mmc@0[0]'
[    2.372450] sdhci-omap 48060000.mmc: using lookup tables for GPIO lookup
[    2.372464] sdhci-omap 48060000.mmc: No GPIO consumer wp found
[    2.372675] sdhci-omap 48060000.mmc: supply pbias not found, using dummy regulator
[    2.381343] sdhci-omap 481d8000.mmc: using DT '/ocp/interconnect@48000000/segment@100000/target-module@d8000/mmc@0' for 'wp' GPIO lookup
[    2.381418] of_get_named_gpiod_flags: can't parse 'wp-gpios' property of node '/ocp/interconnect@48000000/segment@100000/target-module@d8000/mmc@0[0]'
[    2.381466] of_get_named_gpiod_flags: can't parse 'wp-gpio' property of node '/ocp/interconnect@48000000/segment@100000/target-module@d8000/mmc@0[0]'
[    2.381606] sdhci-omap 481d8000.mmc: using lookup tables for GPIO lookup
[    2.381627] sdhci-omap 481d8000.mmc: No GPIO consumer wp found
[    2.382895] sdhci-omap 48060000.mmc: supply vqmmc not found, using dummy regulator
[    2.391834] sdhci-omap 481d8000.mmc: supply pbias not found, using dummy regulator
[    2.399806] sdhci-omap 481d8000.mmc: supply vqmmc not found, using dummy regulator
[    2.439062] mmc1: SDHCI controller on 481d8000.mmc [481d8000.mmc] using External DMA
[    2.447543] mmc0: SDHCI controller on 48060000.mmc [48060000.mmc] using External DMA
[    2.456354] cpsw-switch 4a100000.switch: starting ndev. mode: dual_mac
[    2.521948] mmc1: new high speed MMC card at address 0001
[    2.528786] mmcblk1: mmc1:0001 MMC04G 3.60 GiB
[    2.536435]  mmcblk1: p1 p2
[    2.540187] SMSC LAN8710/LAN8720 4a101000.mdio:00: attached PHY driver (mii_bus:phy_addr=4a101000.mdio:00, irq=POLL)
[    2.552735] mmcblk1boot0: mmc1:0001 MMC04G 2.00 MiB
[    2.564827] mmcblk1boot1: mmc1:0001 MMC04G 2.00 MiB
[    2.571927] mmcblk1rpmb: mmc1:0001 MMC04G 128 KiB, chardev (250:0)
[    2.624696] mmc0: new high speed SDHC card at address aaaa
[    2.631491] mmcblk0: mmc0:aaaa SE32G 29.7 GiB
[    2.640564]  mmcblk0: p1 p2
[    5.682337] cpsw-switch 4a100000.switch eth0: Link is Up - 100Mbps/Full - flow control off
[    5.721559] IP-Config: Complete:
[    5.724829]      device=eth0, hwaddr=6c:ec:eb:68:de:78, ipaddr=192.168.255.1, mask=255.255.255.0, gw=255.255.255.255
[    5.735449]      host=bbb1, domain=, nis-domain=(none)
[    5.740615]      bootserver=192.168.255.126, rootserver=192.168.255.126, rootpath=
[    5.741034] clk: Disabling unused clocks
[    5.752888] PM: genpd: Disabling unused power domains
[    5.758008] KTAP version 1
[    5.760728] 1..0
[    5.785171] VFS: Mounted root (nfs filesystem) on device 0:17.
[    5.792112] devtmpfs: mounted
[    5.796517] Freeing unused kernel image (initmem) memory: 1024K
[    5.803361] Run /sbin/init as init process
[    5.807492]   with arguments:
[    5.807505]     /sbin/init
[    5.807514]     nfsrootdebug
[    5.807523]   with environment:
[    5.807532]     HOME=/
[    5.807540]     TERM=linux
[    6.490910] systemd[1]: System time before build time, advancing clock.
[    7.961566] random: crng init done
[    8.002817] systemd[1]: systemd 232 running in system mode. (+PAM +AUDIT +SELINUX +IMA +APPARMOR +SMACK +SYSVINIT +UTMP +LIBCRYPTSETUP +GCRYPT +GNUTLS +ACL +XZ +LZ4 +SECCOMP +BLKID +ELFUTILS +KMOD +IDN)
[    8.021983] systemd[1]: Detected architecture arm.
[    8.054524] systemd[1]: Set hostname to <arm>.
[    9.119541] systemd[1]: Started Forward Password Requests to Wall Directory Watch.
[    9.152200] systemd[1]: Listening on udev Kernel Socket.
[    9.183111] systemd[1]: Created slice User and Session Slice.
[    9.213576] systemd[1]: Listening on Journal Socket (/dev/log).
[    9.241951] systemd[1]: Reached target Remote File Systems.
[    9.272208] systemd[1]: Listening on Syslog Socket.
[    9.302337] systemd[1]: Listening on Journal Socket.
[   11.508434] systemd-journald[84]: Received request to flush runtime journal from PID 1
[   14.187154] leds-gpio leds: using DT '/leds/led2' for '(default)' GPIO lookup
[   14.187260] of_get_named_gpiod_flags: parsed 'gpios' property of node '/leds/led2[0]' - status (0)
[   14.187317] gpio gpiochip0: Persistence not supported for GPIO 21
[   14.187332] gpio-533 (?): no flags found for GPIO (default)
[   14.257472] leds-gpio leds: using DT '/leds/led3' for '(default)' GPIO lookup
[   14.257583] of_get_named_gpiod_flags: parsed 'gpios' property of node '/leds/led3[0]' - status (0)
[   14.257855] gpio gpiochip0: Persistence not supported for GPIO 22
[   14.257874] gpio-534 (?): no flags found for GPIO (default)
[   14.306561] leds-gpio leds: using DT '/leds/led4' for '(default)' GPIO lookup
[   14.306662] of_get_named_gpiod_flags: parsed 'gpios' property of node '/leds/led4[0]' - status (0)
[   14.306714] gpio gpiochip0: Persistence not supported for GPIO 23
[   14.306729] gpio-535 (?): no flags found for GPIO (default)
[   14.341936] leds-gpio leds: using DT '/leds/led5' for '(default)' GPIO lookup
[   14.342035] of_get_named_gpiod_flags: parsed 'gpios' property of node '/leds/led5[0]' - status (0)
[   14.342087] gpio gpiochip0: Persistence not supported for GPIO 24
[   14.342102] gpio-536 (?): no flags found for GPIO (default)
[   14.624849] remoteproc remoteproc0: wkup_m3 is available
[   14.828262] omap_rtc 44e3e000.rtc: registered as rtc0
[   14.833647] omap_rtc 44e3e000.rtc: setting system clock to 2000-01-01T00:00:00 UTC (946684800)
[   14.842436] omap_rtc 44e3e000.rtc: using DT '/ocp/interconnect@44c00000/segment@200000/target-module@3e000/rtc@0' for 'wp' GPIO lookup
[   14.842508] of_get_named_gpiod_flags: can't parse 'wp-gpios' property of node '/ocp/interconnect@44c00000/segment@200000/target-module@3e000/rtc@0[0]'
[   14.842558] of_get_named_gpiod_flags: can't parse 'wp-gpio' property of node '/ocp/interconnect@44c00000/segment@200000/target-module@3e000/rtc@0[0]'
[   14.842597] omap_rtc 44e3e000.rtc: using lookup tables for GPIO lookup
[   14.842611] omap_rtc 44e3e000.rtc: No GPIO consumer wp found
[   15.190135] am335x-phy-driver 47401300.usb-phy: using DT '/ocp/target-module@47400000/usb-phy@1300' for 'reset' GPIO lookup
[   15.190237] of_get_named_gpiod_flags: can't parse 'reset-gpios' property of node '/ocp/target-module@47400000/usb-phy@1300[0]'
[   15.190286] of_get_named_gpiod_flags: can't parse 'reset-gpio' property of node '/ocp/target-module@47400000/usb-phy@1300[0]'
[   15.190322] am335x-phy-driver 47401300.usb-phy: using lookup tables for GPIO lookup
[   15.190336] am335x-phy-driver 47401300.usb-phy: No GPIO consumer reset found
[   15.190351] am335x-phy-driver 47401300.usb-phy: using DT '/ocp/target-module@47400000/usb-phy@1300' for 'vbus-detect' GPIO lookup
[   15.190385] of_get_named_gpiod_flags: can't parse 'vbus-detect-gpios' property of node '/ocp/target-module@47400000/usb-phy@1300[0]'
[   15.190419] of_get_named_gpiod_flags: can't parse 'vbus-detect-gpio' property of node '/ocp/target-module@47400000/usb-phy@1300[0]'
[   15.190445] am335x-phy-driver 47401300.usb-phy: using lookup tables for GPIO lookup
[   15.190458] am335x-phy-driver 47401300.usb-phy: No GPIO consumer vbus-detect found
[   15.190607] am335x-phy-driver 47401300.usb-phy: dummy supplies not allowed for exclusive requests (id=vbus)
[   15.313607] tps6521x_pwrbutton tps65217-pwrbutton: DMA mask not set
[   15.348053] at24 2-0054: supply vcc not found, using dummy regulator
[   15.392429] usbcore: registered new interface driver usbfs
[   15.398072] usbcore: registered new interface driver hub
[   15.403690] usbcore: registered new device driver usb
[   15.462930] input: tps65217_pwrbutton as /devices/platform/ocp/44c00000.interconnect/44c00000.interconnect:segment@200000/44e0b000.target-module/44e0b000.i2c/i2c-0/0-0024/tps65217-pwrbutton/input/input0
[   15.488132] at24 2-0055: supply vcc not found, using dummy regulator
[   15.570120] am335x-phy-driver 47401b00.usb-phy: using DT '/ocp/target-module@47400000/usb-phy@1b00' for 'reset' GPIO lookup
[   15.570211] of_get_named_gpiod_flags: can't parse 'reset-gpios' property of node '/ocp/target-module@47400000/usb-phy@1b00[0]'
[   15.570256] of_get_named_gpiod_flags: can't parse 'reset-gpio' property of node '/ocp/target-module@47400000/usb-phy@1b00[0]'
[   15.570295] am335x-phy-driver 47401b00.usb-phy: using lookup tables for GPIO lookup
[   15.570310] am335x-phy-driver 47401b00.usb-phy: No GPIO consumer reset found
[   15.570325] am335x-phy-driver 47401b00.usb-phy: using DT '/ocp/target-module@47400000/usb-phy@1b00' for 'vbus-detect' GPIO lookup
[   15.570356] of_get_named_gpiod_flags: can't parse 'vbus-detect-gpios' property of node '/ocp/target-module@47400000/usb-phy@1b00[0]'
[   15.570388] of_get_named_gpiod_flags: can't parse 'vbus-detect-gpio' property of node '/ocp/target-module@47400000/usb-phy@1b00[0]'
[   15.570415] am335x-phy-driver 47401b00.usb-phy: using lookup tables for GPIO lookup
[   15.570427] am335x-phy-driver 47401b00.usb-phy: No GPIO consumer vbus-detect found
[   15.570575] am335x-phy-driver 47401b00.usb-phy: dummy supplies not allowed for exclusive requests (id=vbus)
[   15.636394] at24 2-0056: supply vcc not found, using dummy regulator
[   15.744667] at24 2-0057: supply vcc not found, using dummy regulator
[   15.863536] wkup_m3_ipc 44e11324.wkup_m3_ipc: IPC Request for A8->M3 Channel failed! -517
[   15.886662] at24 0-0050: using DT '/ocp/interconnect@44c00000/segment@200000/target-module@b000/i2c@0/baseboard_eeprom@50' for 'wp' GPIO lookup
[   15.886791] of_get_named_gpiod_flags: can't parse 'wp-gpios' property of node '/ocp/interconnect@44c00000/segment@200000/target-module@b000/i2c@0/baseboard_eeprom@50[0]'
[   15.886852] of_get_named_gpiod_flags: can't parse 'wp-gpio' property of node '/ocp/interconnect@44c00000/segment@200000/target-module@b000/i2c@0/baseboard_eeprom@50[0]'
[   15.886899] at24 0-0050: using lookup tables for GPIO lookup
[   15.886913] at24 0-0050: No GPIO consumer wp found
[   15.887254] at24 0-0050: 32768 byte 24c256 EEPROM, writable, 1 bytes/write
[   15.895567] wkup_m3_ipc 44e11324.wkup_m3_ipc: IPC Request for A8->M3 Channel failed! -517
[   16.150021] wkup_m3_ipc 44e11324.wkup_m3_ipc: IPC Request for A8->M3 Channel failed! -517
[   16.381922] wkup_m3_ipc 44e11324.wkup_m3_ipc: IPC Request for A8->M3 Channel failed! -517
[   16.507614] musb-hdrc musb-hdrc.1: MUSB HDRC host driver
[   16.513269] musb-hdrc musb-hdrc.1: new USB bus registered, assigned bus number 1
[   16.540779] omap_wdt: OMAP Watchdog Timer Rev 0x01: initial timeout 60 sec
[   16.558661] wkup_m3_ipc 44e11324.wkup_m3_ipc: IPC Request for A8->M3 Channel failed! -517
[   16.772582] usb usb1: New USB device found, idVendor=1d6b, idProduct=0002, bcdDevice= 6.12
[   16.780946] usb usb1: New USB device strings: Mfr=3, Product=2, SerialNumber=1
[   16.788325] usb usb1: Product: MUSB HDRC host driver
[   16.793360] usb usb1: Manufacturer: Linux 6.12.42 musb-hcd
[   16.798877] usb usb1: SerialNumber: musb-hdrc.1
[   17.213390] hub 1-0:1.0: USB hub found
[   17.259144] tda998x 0-0070: found TDA19988
[   17.272015] hub 1-0:1.0: 1 port detected
[   17.397196] wkup_m3_ipc 44e11324.wkup_m3_ipc: IPC Request for A8->M3 Channel failed! -517
[   17.537326] wkup_m3_ipc 44e11324.wkup_m3_ipc: IPC Request for A8->M3 Channel failed! -517
[   17.723945] omap-mailbox 480c8000.mailbox: omap mailbox rev 0x400
[   17.791799] remoteproc remoteproc0: powering up wkup_m3
[   17.975436] remoteproc remoteproc0: Direct firmware load for am335x-pm-firmware.elf failed with error -2
[   17.985370] remoteproc remoteproc0: request_firmware failed: -2
[   17.991425] wkup_m3_ipc 44e11324.wkup_m3_ipc: rproc_boot failed
[   19.540896] omap_rng 48310000.rng: Random Number Generator ver. 20
[   19.580779] tilcdc 4830e000.lcdc: bound 0-0070 (ops tda998x_audio_codec_init [tda998x])
[   19.710874] [drm] Initialized tilcdc 1.0.0 for 4830e000.lcdc on minor 0
[   19.793050] tilcdc 4830e000.lcdc: [drm] Cannot find any crtc or sizes
[   19.801285] tilcdc 4830e000.lcdc: [drm] Cannot find any crtc or sizes
[   20.948056] PM: Cannot get wkup_m3_ipc handle
[   21.012465] omap-sham 53100000.sham: hw accel on OMAP rev 4.3
[   21.227672] omap-sham 53100000.sham: will run requests pump with realtime priority
[   21.239695] PM: Cannot get wkup_m3_ipc handle
[   21.294601] omap-aes 53500000.aes: OMAP AES hw accel rev: 3.2
[   21.407939] omap-aes 53500000.aes: will run requests pump with realtime priority
[   21.424482] PM: Cannot get wkup_m3_ipc handle
[   23.916834] Bluetooth: Core ver 2.22
[   23.920670] NET: Registered PF_BLUETOOTH protocol family
[   23.926243] Bluetooth: HCI device and connection manager initialized
[   23.932745] Bluetooth: HCI socket layer initialized
[   23.937661] Bluetooth: L2CAP socket layer initialized
[   23.942811] Bluetooth: SCO socket layer initialized
[   25.195433] PM: Cannot get wkup_m3_ipc handle
[   25.201190] asoc-simple-card sound: using DT '/sound' for 'simple-audio-card,hp-det' GPIO lookup
[   25.201263] of_get_named_gpiod_flags: can't parse 'simple-audio-card,hp-det-gpios' property of node '/sound[0]'
[   25.201298] of_get_named_gpiod_flags: can't parse 'simple-audio-card,hp-det-gpio' property of node '/sound[0]'
[   25.201321] asoc-simple-card sound: using lookup tables for GPIO lookup
[   25.201335] asoc-simple-card sound: No GPIO consumer simple-audio-card,hp-det found
[   25.201350] asoc-simple-card sound: using DT '/sound' for 'simple-audio-card,mic-det' GPIO lookup
[   25.201373] of_get_named_gpiod_flags: can't parse 'simple-audio-card,mic-det-gpios' property of node '/sound[0]'
[   25.201398] of_get_named_gpiod_flags: can't parse 'simple-audio-card,mic-det-gpio' property of node '/sound[0]'
[   25.201417] asoc-simple-card sound: using lookup tables for GPIO lookup
[   25.201429] asoc-simple-card sound: No GPIO consumer simple-audio-card,mic-det found
[   25.308541] PM: Cannot get wkup_m3_ipc handle
[   27.819046] userial_init: registered 8 ttyGS* devices
[   28.034272] rndis_register: configNr = 0
[   28.106474] udc musb-hdrc.0: binding gadget driver [g_multi]
[   28.106572] configfs-gadget.g_multi gadget.0: adding 'rndis'/28b27a0f to config 'c'/a3bd1f47
[   28.107686] configfs-gadget.g_multi gadget.0: HOST MAC 1c:ba:8c:a2:ed:6c
[   28.114688] configfs-gadget.g_multi gadget.0: MAC 1c:ba:8c:a2:ed:70
[   28.121056] rndis_set_param_medium: 0 0
[   28.121076] configfs-gadget.g_multi gadget.0: RNDIS: IN/ep1in OUT/ep1out NOTIFY/ep2in
[   28.121093] configfs-gadget.g_multi gadget.0: adding 'cdc_ethernet'/33df27ec to config 'c'/a3bd1f47
[   28.122038] configfs-gadget.g_multi gadget.0: HOST MAC 1c:ba:8c:a2:ed:6c
[   28.128801] configfs-gadget.g_multi gadget.0: MAC 1c:ba:8c:a2:ed:6d
[   28.135237] configfs-gadget.g_multi gadget.0: CDC Ethernet: IN/ep3in OUT/ep2out NOTIFY/ep4in
[   28.135258] configfs-gadget.g_multi gadget.0: adding 'acm'/2e0dd225 to config 'c'/a3bd1f47
[   28.135298] configfs-gadget.g_multi gadget.0: acm ttyGS0: IN/ep5in OUT/ep3out NOTIFY/ep6in
[   28.142156] PM: Cannot get wkup_m3_ipc handle
[   29.275229] configfs-gadget.g_multi gadget.0: eth_open
[   30.134804] configfs-gadget.g_multi gadget.0: stop stats: rx/tx 0/0, errs 0/0
[   34.615802] gs_open: ttyGS0 (6c532eee,96149574)
[   34.615960] gs_close: ttyGS0 (6c532eee,96149574) ...
[   34.615984] gs_close: ttyGS0 (6c532eee,96149574) done!
[   34.636164] gs_open: ttyGS0 (788254c8,47833d06)
[   34.636279] gs_close: ttyGS0 (788254c8,47833d06) ...
[   34.636300] gs_close: ttyGS0 (788254c8,47833d06) done!
[   34.801196] gs_open: ttyGS0 (6c532eee,b8299d96)
[   34.801434] gs_close: ttyGS0 (6c532eee,b8299d96) ...
[   34.801463] gs_close: ttyGS0 (6c532eee,b8299d96) done!
[   34.807821] gs_open: ttyGS0 (36d1e34d,c24015de)
WAXCSJPNCH 0
root@arm:~# echo 'ECLK''FLBOGY'
ECLKFLBOGY
root@arm:~# MARKER='OVLJ''VCPPHM' run 'modprobe test_linear_ranges'
OVLJVCPPHMOVLJVCPPHM 0
root@arm:~# echo 'KNEK''ZUKEMO'
KNEKZUKEMO
root@arm:~# MARKER='MCML''OQLUTV' run dmesg
MCMLOQLUTV[    0.000000] Booting Linux on physical CPU 0x0
[    0.000000] Linux version 6.12.42 (user01@drvtest01) (arm-none-eabi-gcc (Arm GNU Toolchain 14.2.Rel1 (Build arm-14.52)) 14.2.1 20241119, GNU ld (Arm GNU Toolchain 14.2.Rel1 (Build arm-14.52)) 2.43.1.20241119) #1 SMP Fri Aug 15 15:31:13 EEST 2025
[    0.000000] CPU: ARMv7 Processor [413fc082] revision 2 (ARMv7), cr=10c5387d
[    0.000000] CPU: PIPT / VIPT nonaliasing data cache, VIPT aliasing instruction cache
[    0.000000] OF: fdt: Machine model: TI AM335x BeagleBone Black
[    0.000000] Memory policy: Data cache writeback
[    0.000000] cma: Reserved 16 MiB at 0x9e800000 on node -1
[    0.000000] Zone ranges:
[    0.000000]   Normal   [mem 0x0000000080000000-0x000000009fdfffff]
[    0.000000]   HighMem  empty
[    0.000000] Movable zone start for each node
[    0.000000] Early memory node ranges
[    0.000000]   node   0: [mem 0x0000000080000000-0x000000009fdfffff]
[    0.000000] Initmem setup node 0 [mem 0x0000000080000000-0x000000009fdfffff]
[    0.000000] OF: reserved mem: Reserved memory: No reserved-memory node in the DT
[    0.000000] CPU: All CPU(s) started in SVC mode.
[    0.000000] AM335X ES2.1 (sgx neon)
[    0.000000] percpu: Embedded 17 pages/cpu s40396 r8192 d21044 u69632
[    0.000000] pcpu-alloc: s40396 r8192 d21044 u69632 alloc=17*4096
[    0.000000] pcpu-alloc: [0] 0 
[    0.000000] Kernel command line: console=ttyO0,115200n8 root=/dev/nfs rw nfsroot=192.168.255.126:/home/user01/nfs,nfsvers=3 ip=192.168.255.1:192.168.255.126::255.255.255.0:bbb1:eth0 nfsrootdebug
[    0.000000] Unknown kernel command line parameters "nfsrootdebug", will be passed to user space.
[    0.000000] Dentry cache hash table entries: 65536 (order: 6, 262144 bytes, linear)
[    0.000000] Inode-cache hash table entries: 32768 (order: 5, 131072 bytes, linear)
[    0.000000] Built 1 zonelists, mobility grouping on.  Total pages: 130560
[    0.000000] mem auto-init: stack:off, heap alloc:off, heap free:off
[    0.000000] SLUB: HWalign=64, Order=0-3, MinObjects=0, CPUs=1, Nodes=1
[    0.000000] rcu: Hierarchical RCU implementation.
[    0.000000] rcu: 	RCU event tracing is enabled.
[    0.000000] rcu: 	RCU restricting CPUs from NR_CPUS=2 to nr_cpu_ids=1.
[    0.000000] rcu: RCU calculated value of scheduler-enlistment delay is 10 jiffies.
[    0.000000] rcu: Adjusting geometry for rcu_fanout_leaf=16, nr_cpu_ids=1
[    0.000000] NR_IRQS: 16, nr_irqs: 16, preallocated irqs: 16
[    0.000000] IRQ: Found an INTC at 0x(ptrval) (revision 5.0) with 128 interrupts
[    0.000000] rcu: srcu_init: Setting srcu_struct sizes based on contention.
[    0.000000] TI gptimer clocksource: always-on /ocp/interconnect@44c00000/segment@200000/target-module@31000
[    0.000003] sched_clock: 32 bits at 24MHz, resolution 41ns, wraps every 89478484971ns
[    0.000028] clocksource: dmtimer: mask: 0xffffffff max_cycles: 0xffffffff, max_idle_ns: 79635851949 ns
[    0.000496] TI gptimer clockevent: 24000000 Hz at /ocp/interconnect@48000000/segment@0/target-module@40000
[    0.002083] Console: colour dummy device 80x30
[    0.002146] WARNING: Your 'console=ttyO0' has been replaced by 'ttyS0'
[    0.002155] This ensures that you still see kernel messages. Please
[    0.002160] update your kernel commandline.
[    0.002202] Calibrating delay loop... 996.14 BogoMIPS (lpj=4980736)
[    0.090544] CPU: Testing write buffer coherency: ok
[    0.090658] CPU0: Spectre v2: using BPIALL workaround
[    0.090668] pid_max: default: 32768 minimum: 301
[    0.090798] LSM: initializing lsm=capability
[    0.090961] Mount-cache hash table entries: 1024 (order: 0, 4096 bytes, linear)
[    0.090982] Mountpoint-cache hash table entries: 1024 (order: 0, 4096 bytes, linear)
[    0.092540] CPU0: thread -1, cpu 0, socket -1, mpidr 0
[    0.094578] Setting up static identity map for 0x80100000 - 0x80100078
[    0.094893] rcu: Hierarchical SRCU implementation.
[    0.094903] rcu: 	Max phase no-delay instances is 1000.
[    0.096650] smp: Bringing up secondary CPUs ...
[    0.096705] smp: Brought up 1 node, 1 CPU
[    0.096718] SMP: Total of 1 processors activated (996.14 BogoMIPS).
[    0.096730] CPU: All CPU(s) started in SVC mode.
[    0.096915] Memory: 480868K/522240K available (11264K kernel code, 1211K rwdata, 2880K rodata, 1024K init, 295K bss, 23360K reserved, 16384K cma-reserved, 0K highmem)
[    0.097728] devtmpfs: initialized
[    0.114288] VFP support v0.3: implementor 41 architecture 3 part 30 variant c rev 3
[    0.114637] clocksource: jiffies: mask: 0xffffffff max_cycles: 0xffffffff, max_idle_ns: 19112604462750000 ns
[    0.114671] futex hash table entries: 256 (order: 2, 16384 bytes, linear)
[    0.115954] pinctrl core: initialized pinctrl subsystem
[    0.118060] NET: Registered PF_NETLINK/PF_ROUTE protocol family
[    0.121076] DMA: preallocated 256 KiB pool for atomic coherent allocations
[    0.121993] audit: initializing netlink subsys (disabled)
[    0.123329] thermal_sys: Registered thermal governor 'fair_share'
[    0.123346] thermal_sys: Registered thermal governor 'step_wise'
[    0.123356] thermal_sys: Registered thermal governor 'user_space'
[    0.123475] audit: type=2000 audit(0.120:1): state=initialized audit_enabled=0 res=1
[    0.123547] cpuidle: using governor menu
[    0.141241] /ocp/interconnect@44c00000/segment@200000/target-module@b000/i2c@0/tda19988@70: Fixed dependency cycle(s) with /ocp/interconnect@48000000/segment@300000/target-module@e000/lcdc@0
[    0.142368] /ocp/interconnect@48000000/segment@300000/target-module@e000/lcdc@0: Fixed dependency cycle(s) with /ocp/interconnect@44c00000/segment@200000/target-module@b000/i2c@0/tda19988@70
[    0.144528] No ATAGs?
[    0.144546] hw-breakpoint: debug architecture 0x4 unsupported.
[    0.147169] kprobes: kprobe jump-optimization is enabled. All kprobes are optimized if possible.
[    0.154113] iommu: Default domain type: Translated
[    0.154136] iommu: DMA domain TLB invalidation policy: strict mode
[    0.155690] reg-fixed-voltage fixedregulator0: using DT '/fixedregulator0' for '(default)' GPIO lookup
[    0.155747] of_get_named_gpiod_flags: can't parse 'gpios' property of node '/fixedregulator0[0]'
[    0.155776] of_get_named_gpiod_flags: can't parse 'gpio' property of node '/fixedregulator0[0]'
[    0.155793] reg-fixed-voltage fixedregulator0: using lookup tables for GPIO lookup
[    0.155803] reg-fixed-voltage fixedregulator0: No GPIO consumer (default) found
[    0.161837] SCSI subsystem initialized
[    0.162319] libata version 3.00 loaded.
[    0.162683] pps_core: LinuxPPS API ver. 1 registered
[    0.162694] pps_core: Software ver. 5.3.6 - Copyright 2005-2007 Rodolfo Giometti <giometti@linux.it>
[    0.162719] PTP clock support registered
[    0.171193] vgaarb: loaded
[    0.171545] clocksource: Switched to clocksource dmtimer
[    0.172196] VFS: Disk quotas dquot_6.6.0
[    0.172240] VFS: Dquot-cache hash table entries: 1024 (order 0, 4096 bytes)
[    0.196627] NET: Registered PF_INET protocol family
[    0.196963] IP idents hash table entries: 8192 (order: 4, 65536 bytes, linear)
[    0.198325] tcp_listen_portaddr_hash hash table entries: 512 (order: 0, 4096 bytes, linear)
[    0.198359] Table-perturb hash table entries: 65536 (order: 6, 262144 bytes, linear)
[    0.198376] TCP established hash table entries: 4096 (order: 2, 16384 bytes, linear)
[    0.198422] TCP bind hash table entries: 4096 (order: 4, 65536 bytes, linear)
[    0.198521] TCP: Hash tables configured (established 4096 bind 4096)
[    0.198646] UDP hash table entries: 256 (order: 1, 8192 bytes, linear)
[    0.198674] UDP-Lite hash table entries: 256 (order: 1, 8192 bytes, linear)
[    0.198840] NET: Registered PF_UNIX/PF_LOCAL protocol family
[    0.200106] RPC: Registered named UNIX socket transport module.
[    0.200125] RPC: Registered udp transport module.
[    0.200131] RPC: Registered tcp transport module.
[    0.200136] RPC: Registered tcp-with-tls transport module.
[    0.200140] RPC: Registered tcp NFSv4.1 backchannel transport module.
[    0.200164] PCI: CLS 0 bytes, default 64
[    0.201686] Initialise system trusted keyrings
[    0.212417] workingset: timestamp_bits=14 max_order=17 bucket_order=3
[    0.213687] NFS: Registering the id_resolver key type
[    0.213763] Key type id_resolver registered
[    0.213770] Key type id_legacy registered
[    0.213816] jffs2: version 2.2. (NAND) (SUMMARY)  Â© 2001-2006 Red Hat, Inc.
[    0.214219] Key type asymmetric registered
[    0.214233] Asymmetric key parser 'x509' registered
[    0.214299] io scheduler mq-deadline registered
[    0.214309] io scheduler kyber registered
[    0.214375] io scheduler bfq registered
[    0.216212] target-module@4b000000:target-module@140000:pmu@0:fck: device ID is greater than 24
[    0.222415] l3-aon-clkctrl:0000:0: failed to disable
[    0.222678] ledtrig-cpu: registered to indicate activity on CPUs
[    0.232146] Serial: 8250/16550 driver, 6 ports, IRQ sharing enabled
[    0.274082] brd: module loaded
[    0.292604] loop: module loaded
[    0.293520] mtdoops: mtd device (mtddev=name/number) must be supplied
[    0.295217] mdio_bus fixed-0: using lookup tables for GPIO lookup
[    0.295244] mdio_bus fixed-0: No GPIO consumer reset found
[    0.296606] i2c_dev: i2c /dev entries driver
[    0.297569] cpuidle: enable-method property 'ti,am3352' found operations
[    0.298005] sdhci: Secure Digital Host Controller Interface driver
[    0.298015] sdhci: Copyright(c) Pierre Ossman
[    0.298187] sdhci-pltfm: SDHCI platform and OF driver helper
[    0.299640] hw perfevents: enabled with armv7_cortex_a8 PMU driver, 5 (8000000f) counters available
[    0.300143] Initializing XFRM netlink socket
[    0.300272] NET: Registered PF_INET6 protocol family
[    0.305916] l3-aon-clkctrl:0000:0: failed to disable
[    0.314059] Segment Routing with IPv6
[    0.314147] In-situ OAM (IOAM) with IPv6
[    0.314241] sit: IPv6, IPv4 and MPLS over IPv4 tunneling driver
[    0.315165] NET: Registered PF_PACKET protocol family
[    0.315193] NET: Registered PF_KEY protocol family
[    0.315317] Key type dns_resolver registered
[    0.315544] ThumbEE CPU extension supported.
[    0.315564] Registering SWP/SWPB emulation handler
[    0.316080] omap_voltage_late_init: Voltage driver support not added
[    0.316769] SmartReflex Class3 initialized
[    0.354241] Loading compiled-in X.509 certificates
[    0.383272] /ocp/interconnect@44c00000/segment@200000/target-module@b000/i2c@0/tda19988@70: Fixed dependency cycle(s) with /ocp/interconnect@48000000/segment@300000/target-module@e000/lcdc@0
[    0.389414] /ocp/interconnect@44c00000/segment@200000/target-module@b000/i2c@0/tda19988@70: Fixed dependency cycle(s) with /ocp/interconnect@48000000/segment@300000/target-module@e000/lcdc@0
[    0.394929] gpiochip_find_base_unlocked: found new base at 512
[    0.415858] /ocp/interconnect@44c00000/segment@200000/target-module@b000/i2c@0/tda19988@70: Fixed dependency cycle(s) with /ocp/interconnect@48000000/segment@300000/target-module@e000/lcdc@0
[    0.416722] /ocp/interconnect@44c00000/segment@200000/target-module@b000/i2c@0/tda19988@70: Fixed dependency cycle(s) with /ocp/interconnect@48000000/segment@300000/target-module@e000/lcdc@0
[    0.419950] /ocp/interconnect@44c00000/segment@200000/target-module@10000/scm@0/pinmux@800: Fixed dependency cycle(s) with /ocp/interconnect@44c00000/segment@200000/target-module@10000/scm@0/pinmux@800/clkout2-pins
[    0.420533] pinctrl-single 44e10800.pinmux: 142 pins, size 568
[    0.425765] ti-sysc 44e31000.target-module: probe with driver ti-sysc failed with error -16
[    0.462768] /ocp/interconnect@48000000/segment@300000/target-module@e000/lcdc@0: Fixed dependency cycle(s) with /ocp/interconnect@44c00000/segment@200000/target-module@b000/i2c@0/tda19988@70
[    0.470133] ti-sysc 48040000.target-module: probe with driver ti-sysc failed with error -16
[    0.480891] gpiochip_find_base_unlocked: found new base at 512
[    0.480991] gpio gpiochip0: (gpio-0-31): created GPIO range 0->7 ==> 44e10800.pinmux PIN 0->7
[    0.481010] gpio gpiochip0: (gpio-0-31): created GPIO range 8->11 ==> 44e10800.pinmux PIN 90->93
[    0.481026] gpio gpiochip0: (gpio-0-31): created GPIO range 12->27 ==> 44e10800.pinmux PIN 12->27
[    0.481041] gpio gpiochip0: (gpio-0-31): created GPIO range 28->31 ==> 44e10800.pinmux PIN 30->33
[    0.507249] gpio gpiochip0: (gpio-0-31): added GPIO chardev (254:0)
[    0.507425] gpio gpiochip0: registered GPIOs 512 to 543 on gpio-0-31
[    0.507514] OMAP GPIO hardware version 0.1
[    0.528767] i2c i2c-2: using DT '/ocp/interconnect@48000000/segment@100000/target-module@9c000/i2c@0' for 'scl' GPIO lookup
[    0.528840] of_get_named_gpiod_flags: can't parse 'scl-gpios' property of node '/ocp/interconnect@48000000/segment@100000/target-module@9c000/i2c@0[0]'
[    0.528883] of_get_named_gpiod_flags: can't parse 'scl-gpio' property of node '/ocp/interconnect@48000000/segment@100000/target-module@9c000/i2c@0[0]'
[    0.528918] i2c i2c-2: using lookup tables for GPIO lookup
[    0.528928] i2c i2c-2: No GPIO consumer scl found
[    0.528949] i2c i2c-2: using DT '/ocp/interconnect@48000000/segment@100000/target-module@9c000/i2c@0' for 'sda' GPIO lookup
[    0.528986] of_get_named_gpiod_flags: can't parse 'sda-gpios' property of node '/ocp/interconnect@48000000/segment@100000/target-module@9c000/i2c@0[0]'
[    0.529023] of_get_named_gpiod_flags: can't parse 'sda-gpio' property of node '/ocp/interconnect@48000000/segment@100000/target-module@9c000/i2c@0[0]'
[    0.529054] i2c i2c-2: using lookup tables for GPIO lookup
[    0.529062] i2c i2c-2: No GPIO consumer sda found
[    0.529769] omap_i2c 4819c000.i2c: bus 2 rev0.11 at 100 kHz
[    0.535223] gpiochip_find_base_unlocked: found new base at 544
[    0.535325] gpio gpiochip1: (gpio-32-63): created GPIO range 0->17 ==> 44e10800.pinmux PIN 34->51
[    0.535346] gpio gpiochip1: (gpio-32-63): created GPIO range 18->21 ==> 44e10800.pinmux PIN 77->80
[    0.535362] gpio gpiochip1: (gpio-32-63): created GPIO range 22->31 ==> 44e10800.pinmux PIN 56->65
[    0.552114] gpio gpiochip1: (gpio-32-63): added GPIO chardev (254:1)
[    0.552294] gpio gpiochip1: registered GPIOs 544 to 575 on gpio-32-63
[    0.554458] gpiochip_find_base_unlocked: found new base at 576
[    0.554549] gpio gpiochip2: (gpio-64-95): created GPIO range 0->4 ==> 44e10800.pinmux PIN 66->70
[    0.554569] gpio gpiochip2: (gpio-64-95): created GPIO range 5->6 ==> 44e10800.pinmux PIN 98->99
[    0.554586] gpio gpiochip2: (gpio-64-95): created GPIO range 7->8 ==> 44e10800.pinmux PIN 75->76
[    0.554602] gpio gpiochip2: (gpio-64-95): created GPIO range 13->13 ==> 44e10800.pinmux PIN 141->141
[    0.554619] gpio gpiochip2: (gpio-64-95): created GPIO range 14->21 ==> 44e10800.pinmux PIN 100->107
[    0.565435] gpio gpiochip2: (gpio-64-95): added GPIO chardev (254:2)
[    0.565582] gpio gpiochip2: registered GPIOs 576 to 607 on gpio-64-95
[    0.570945] 48000000.interconnect:segment@200000:target-module@0:mpu@0:fck: device ID is greater than 24
[    0.572062] /ocp/interconnect@48000000/segment@300000/target-module@e000/lcdc@0: Fixed dependency cycle(s) with /ocp/interconnect@44c00000/segment@200000/target-module@b000/i2c@0/tda19988@70
[    0.574703] /ocp/interconnect@48000000/segment@300000/target-module@e000/lcdc@0: Fixed dependency cycle(s) with /ocp/interconnect@44c00000/segment@200000/target-module@b000/i2c@0/tda19988@70
[    0.575362] /ocp/interconnect@44c00000/segment@200000/target-module@b000/i2c@0/tda19988@70: Fixed dependency cycle(s) with /ocp/interconnect@48000000/segment@300000/target-module@e000/lcdc@0
[    0.575521] /ocp/interconnect@48000000/segment@300000/target-module@e000/lcdc@0: Fixed dependency cycle(s) with /ocp/interconnect@44c00000/segment@200000/target-module@b000/i2c@0/tda19988@70
[    0.584827] mdio_bus 4a101000.mdio: using DT '/ocp/interconnect@4a000000/segment@0/target-module@100000/switch@0/mdio@1000' for 'reset' GPIO lookup
[    0.584901] of_get_named_gpiod_flags: can't parse 'reset-gpios' property of node '/ocp/interconnect@4a000000/segment@0/target-module@100000/switch@0/mdio@1000[0]'
[    0.584948] of_get_named_gpiod_flags: can't parse 'reset-gpio' property of node '/ocp/interconnect@4a000000/segment@0/target-module@100000/switch@0/mdio@1000[0]'
[    0.584993] mdio_bus 4a101000.mdio: using lookup tables for GPIO lookup
[    0.585003] mdio_bus 4a101000.mdio: No GPIO consumer reset found
[    0.585919] sdhci-omap 481d8000.mmc: using DT '/ocp/interconnect@48000000/segment@100000/target-module@d8000/mmc@0' for 'wp' GPIO lookup
[    0.585977] of_get_named_gpiod_flags: can't parse 'wp-gpios' property of node '/ocp/interconnect@48000000/segment@100000/target-module@d8000/mmc@0[0]'
[    0.586018] of_get_named_gpiod_flags: can't parse 'wp-gpio' property of node '/ocp/interconnect@48000000/segment@100000/target-module@d8000/mmc@0[0]'
[    0.586051] sdhci-omap 481d8000.mmc: using lookup tables for GPIO lookup
[    0.586060] sdhci-omap 481d8000.mmc: No GPIO consumer wp found
[    0.586249] sdhci-omap 481d8000.mmc: supply pbias not found, using dummy regulator
[    0.586724] sdhci-omap 481d8000.mmc: supply vqmmc not found, using dummy regulator
[    0.634685] davinci_mdio 4a101000.mdio: davinci mdio revision 1.6, bus freq 1000000
[    0.652291] mdio_bus 4a101000.mdio:00: using DT '/ocp/interconnect@4a000000/segment@0/target-module@100000/switch@0/mdio@1000/ethernet-phy@0' for 'reset' GPIO lookup
[    0.652395] of_get_named_gpiod_flags: parsed 'reset-gpios' property of node '/ocp/interconnect@4a000000/segment@0/target-module@100000/switch@0/mdio@1000/ethernet-phy@0[0]' - status (0)
[    0.652560] gpio gpiochip0: Persistence not supported for GPIO 8
[    0.738949] davinci_mdio 4a101000.mdio: phy[0]: device 4a101000.mdio:00, driver SMSC LAN8710/LAN8720
[    0.739708] cpsw-switch 4a100000.switch: initialized cpsw ale version 1.4
[    0.739729] cpsw-switch 4a100000.switch: ALE Table size 1024, Policers 0
[    0.751263] cpsw-switch 4a100000.switch: cpts: overflow check period 500 (jiffies)
[    0.751286] cpsw-switch 4a100000.switch: CPTS: ref_clk_freq:250000000 calc_mult:2147483648 calc_shift:29 error:0 nsec/sec
[    0.751400] cpsw-switch 4a100000.switch: Detected MACID = 6c:ec:eb:68:de:78
[    0.753336] cpsw-switch 4a100000.switch: initialized (regs 0x4a100000, pool size 256) hw_ver:0019010C 1.12 (0)
[    0.763877] debugfs: Directory '49000000.dma' with parent 'dmaengine' already present!
[    0.763918] edma 49000000.dma: TI EDMA DMA engine driver
[    0.825926] gpio-clk clk_mcasp0: using DT '/clk_mcasp0' for 'enable' GPIO lookup
[    0.826011] of_get_named_gpiod_flags: parsed 'enable-gpios' property of node '/clk_mcasp0[0]' - status (0)
[    0.826059] gpio gpiochip0: Persistence not supported for GPIO 27
[    0.826928] gpiochip_find_base_unlocked: found new base at 608
[    0.827044] gpio gpiochip3: (gpio-96-127): created GPIO range 0->7 ==> 44e10800.pinmux PIN 82->89
[    0.827069] gpio gpiochip3: (gpio-96-127): created GPIO range 8->11 ==> 44e10800.pinmux PIN 52->55
[    0.827086] gpio gpiochip3: (gpio-96-127): created GPIO range 12->15 ==> 44e10800.pinmux PIN 94->97
[    0.827102] gpio gpiochip3: (gpio-96-127): created GPIO range 16->17 ==> 44e10800.pinmux PIN 71->72
[    0.827119] gpio gpiochip3: (gpio-96-127): created GPIO range 18->18 ==> 44e10800.pinmux PIN 135->135
[    0.827136] gpio gpiochip3: (gpio-96-127): created GPIO range 19->20 ==> 44e10800.pinmux PIN 108->109
[    0.827153] gpio gpiochip3: (gpio-96-127): created GPIO range 21->21 ==> 44e10800.pinmux PIN 73->73
[    0.827171] gpio gpiochip3: (gpio-96-127): created GPIO range 22->23 ==> 44e10800.pinmux PIN 8->9
[    0.827188] gpio gpiochip3: (gpio-96-127): created GPIO range 26->27 ==> 44e10800.pinmux PIN 10->11
[    0.827205] gpio gpiochip3: (gpio-96-127): created GPIO range 28->28 ==> 44e10800.pinmux PIN 74->74
[    0.827223] gpio gpiochip3: (gpio-96-127): created GPIO range 29->29 ==> 44e10800.pinmux PIN 81->81
[    0.827241] gpio gpiochip3: (gpio-96-127): created GPIO range 30->31 ==> 44e10800.pinmux PIN 28->29
[    0.857492] gpio gpiochip3: (gpio-96-127): added GPIO chardev (254:3)
[    0.857648] gpio gpiochip3: registered GPIOs 608 to 639 on gpio-96-127
[    0.859543] omap8250 44e09000.serial: using DT '/ocp/interconnect@44c00000/segment@200000/target-module@9000/serial@0' for 'rs485-term' GPIO lookup
[    0.859615] of_get_named_gpiod_flags: can't parse 'rs485-term-gpios' property of node '/ocp/interconnect@44c00000/segment@200000/target-module@9000/serial@0[0]'
[    0.859658] of_get_named_gpiod_flags: can't parse 'rs485-term-gpio' property of node '/ocp/interconnect@44c00000/segment@200000/target-module@9000/serial@0[0]'
[    0.859693] omap8250 44e09000.serial: using lookup tables for GPIO lookup
[    0.859703] omap8250 44e09000.serial: No GPIO consumer rs485-term found
[    0.859713] omap8250 44e09000.serial: using DT '/ocp/interconnect@44c00000/segment@200000/target-module@9000/serial@0' for 'rs485-rx-during-tx' GPIO lookup
[    0.859749] of_get_named_gpiod_flags: can't parse 'rs485-rx-during-tx-gpios' property of node '/ocp/interconnect@44c00000/segment@200000/target-module@9000/serial@0[0]'
[    0.859786] of_get_named_gpiod_flags: can't parse 'rs485-rx-during-tx-gpio' property of node '/ocp/interconnect@44c00000/segment@200000/target-module@9000/serial@0[0]'
[    0.859818] omap8250 44e09000.serial: using lookup tables for GPIO lookup
[    0.859826] omap8250 44e09000.serial: No GPIO consumer rs485-rx-during-tx found
[    0.860252] 44e09000.serial: ttyS0 at MMIO 0x44e09000 (irq = 34, base_baud = 3000000) is a 8250
[    0.860342] printk: legacy console [ttyS0] enabled
[    2.278858] i2c i2c-0: using DT '/ocp/interconnect@44c00000/segment@200000/target-module@b000/i2c@0' for 'scl' GPIO lookup
[    2.278947] of_get_named_gpiod_flags: can't parse 'scl-gpios' property of node '/ocp/interconnect@44c00000/segment@200000/target-module@b000/i2c@0[0]'
[    2.278993] of_get_named_gpiod_flags: can't parse 'scl-gpio' property of node '/ocp/interconnect@44c00000/segment@200000/target-module@b000/i2c@0[0]'
[    2.279033] i2c i2c-0: using lookup tables for GPIO lookup
[    2.279047] i2c i2c-0: No GPIO consumer scl found
[    2.279073] i2c i2c-0: using DT '/ocp/interconnect@44c00000/segment@200000/target-module@b000/i2c@0' for 'sda' GPIO lookup
[    2.279113] of_get_named_gpiod_flags: can't parse 'sda-gpios' property of node '/ocp/interconnect@44c00000/segment@200000/target-module@b000/i2c@0[0]'
[    2.279154] of_get_named_gpiod_flags: can't parse 'sda-gpio' property of node '/ocp/interconnect@44c00000/segment@200000/target-module@b000/i2c@0[0]'
[    2.279189] i2c i2c-0: using lookup tables for GPIO lookup
[    2.279201] i2c i2c-0: No GPIO consumer sda found
[    2.292529] tps65217-pmic: Failed to locate of_node [id: -1]
[    2.298586] tps65217-bl: Failed to locate of_node [id: -1]
[    2.309912] tps65217 0-0024: TPS65217 ID 0xe version 1.2
[    2.316044] /ocp/interconnect@48000000/segment@300000/target-module@e000/lcdc@0: Fixed dependency cycle(s) with /ocp/interconnect@44c00000/segment@200000/target-module@b000/i2c@0/tda19988@70
[    2.333393] /ocp/interconnect@44c00000/segment@200000/target-module@b000/i2c@0/tda19988@70: Fixed dependency cycle(s) with /ocp/interconnect@48000000/segment@300000/target-module@e000/lcdc@0
[    2.350767] omap_i2c 44e0b000.i2c: bus 0 rev0.11 at 400 kHz
[    2.358553] sdhci-omap 48060000.mmc: using DT '/ocp/interconnect@48000000/segment@0/target-module@60000/mmc@0' for 'cd' GPIO lookup
[    2.358661] of_get_named_gpiod_flags: parsed 'cd-gpios' property of node '/ocp/interconnect@48000000/segment@0/target-module@60000/mmc@0[0]' - status (0)
[    2.358727] gpio gpiochip3: Persistence not supported for GPIO 6
[    2.358752] omap_gpio 44e07000.gpio: Could not set line 6 debounce to 200000 microseconds (-22)
[    2.367636] sdhci-omap 48060000.mmc: Got CD GPIO
[    2.372319] sdhci-omap 48060000.mmc: using DT '/ocp/interconnect@48000000/segment@0/target-module@60000/mmc@0' for 'wp' GPIO lookup
[    2.372368] of_get_named_gpiod_flags: can't parse 'wp-gpios' property of node '/ocp/interconnect@48000000/segment@0/target-module@60000/mmc@0[0]'
[    2.372412] of_get_named_gpiod_flags: can't parse 'wp-gpio' property of node '/ocp/interconnect@48000000/segment@0/target-module@60000/mmc@0[0]'
[    2.372450] sdhci-omap 48060000.mmc: using lookup tables for GPIO lookup
[    2.372464] sdhci-omap 48060000.mmc: No GPIO consumer wp found
[    2.372675] sdhci-omap 48060000.mmc: supply pbias not found, using dummy regulator
[    2.381343] sdhci-omap 481d8000.mmc: using DT '/ocp/interconnect@48000000/segment@100000/target-module@d8000/mmc@0' for 'wp' GPIO lookup
[    2.381418] of_get_named_gpiod_flags: can't parse 'wp-gpios' property of node '/ocp/interconnect@48000000/segment@100000/target-module@d8000/mmc@0[0]'
[    2.381466] of_get_named_gpiod_flags: can't parse 'wp-gpio' property of node '/ocp/interconnect@48000000/segment@100000/target-module@d8000/mmc@0[0]'
[    2.381606] sdhci-omap 481d8000.mmc: using lookup tables for GPIO lookup
[    2.381627] sdhci-omap 481d8000.mmc: No GPIO consumer wp found
[    2.382895] sdhci-omap 48060000.mmc: supply vqmmc not found, using dummy regulator
[    2.391834] sdhci-omap 481d8000.mmc: supply pbias not found, using dummy regulator
[    2.399806] sdhci-omap 481d8000.mmc: supply vqmmc not found, using dummy regulator
[    2.439062] mmc1: SDHCI controller on 481d8000.mmc [481d8000.mmc] using External DMA
[    2.447543] mmc0: SDHCI controller on 48060000.mmc [48060000.mmc] using External DMA
[    2.456354] cpsw-switch 4a100000.switch: starting ndev. mode: dual_mac
[    2.521948] mmc1: new high speed MMC card at address 0001
[    2.528786] mmcblk1: mmc1:0001 MMC04G 3.60 GiB
[    2.536435]  mmcblk1: p1 p2
[    2.540187] SMSC LAN8710/LAN8720 4a101000.mdio:00: attached PHY driver (mii_bus:phy_addr=4a101000.mdio:00, irq=POLL)
[    2.552735] mmcblk1boot0: mmc1:0001 MMC04G 2.00 MiB
[    2.564827] mmcblk1boot1: mmc1:0001 MMC04G 2.00 MiB
[    2.571927] mmcblk1rpmb: mmc1:0001 MMC04G 128 KiB, chardev (250:0)
[    2.624696] mmc0: new high speed SDHC card at address aaaa
[    2.631491] mmcblk0: mmc0:aaaa SE32G 29.7 GiB
[    2.640564]  mmcblk0: p1 p2
[    5.682337] cpsw-switch 4a100000.switch eth0: Link is Up - 100Mbps/Full - flow control off
[    5.721559] IP-Config: Complete:
[    5.724829]      device=eth0, hwaddr=6c:ec:eb:68:de:78, ipaddr=192.168.255.1, mask=255.255.255.0, gw=255.255.255.255
[    5.735449]      host=bbb1, domain=, nis-domain=(none)
[    5.740615]      bootserver=192.168.255.126, rootserver=192.168.255.126, rootpath=
[    5.741034] clk: Disabling unused clocks
[    5.752888] PM: genpd: Disabling unused power domains
[    5.758008] KTAP version 1
[    5.760728] 1..0
[    5.785171] VFS: Mounted root (nfs filesystem) on device 0:17.
[    5.792112] devtmpfs: mounted
[    5.796517] Freeing unused kernel image (initmem) memory: 1024K
[    5.803361] Run /sbin/init as init process
[    5.807492]   with arguments:
[    5.807505]     /sbin/init
[    5.807514]     nfsrootdebug
[    5.807523]   with environment:
[    5.807532]     HOME=/
[    5.807540]     TERM=linux
[    6.490910] systemd[1]: System time before build time, advancing clock.
[    7.961566] random: crng init done
