Labgrid Console Logfile for main
Logfile started at 2025-11-18 06:35:04.717131
=== Log starts here ===
reading args
spl_load_image_fat_os: error reading image args, err - -1
reading u-boot.img
reading u-boot.img


U-Boot 2014.04-00014-g47880f5 (Apr 22 2014 - 13:23:54)

I2C:   ready
DRAM:  512 MiB
NAND:  0 MiB
MMC:   OMAP SD/MMC: 0, OMAP SD/MMC: 1
*** Warning - readenv() failed, using default environment

Net:   <ethaddr> not set. Validating first E-fuse MAC
cpsw, usb_ether
Hit any key to stop autoboot:  1  0 
gpio: pin 53 (gpio 53) value is 1
mmc0 is current device
gpio: pin 54 (gpio 54) value is 1
SD/MMC found on device 0
reading uEnv.txt
569 bytes read in 4 ms (138.7 KiB/s)
gpio: pin 55 (gpio 55) value is 1
Loaded environment from uEnv.txt
Importing environment from mmc ...
Checking if uenvcmd is set ...
gpio: pin 56 (gpio 56) value is 1
Running uenvcmd ...
cpsw Waiting for PHY auto negotiation to complete. done
link up on port 0, speed 100, full duplex
Using cpsw device
TFTP from server 192.168.255.126; our IP address is 192.168.255.1
Filename 'zImage'.
Load address: 0x81000000
Loading: *#################################################################
	 #################################################################
	 #################################################################
	 #################################################################
	 #################################################################
	 #################################################################
	 2.4 MiB/s
done
Bytes transferred = 5717600 (573e60 hex)
link up on port 0, speed 100, full duplex
Using cpsw device
TFTP from server 192.168.255.126; our IP address is 192.168.255.1
Filename 'am335x-boneblack.dtb'.
Load address: 0x82000000
Loading: *#######
	 2.3 MiB/s
done
Bytes transferred = 98077 (17f1d hex)
Kernel image @ 0x81000000 [ 0x000000 - 0x573e60 ]
## Flattened Device Tree blob at 82000000
   Booting using the fdt blob at 0x82000000
   Using Device Tree in place at 82000000, end 8201af1c

Starting kernel ...

[    0.000000] Booting Linux on physical CPU 0x0
[    0.000000] Linux version 6.18.0-rc6-next-20251118 (user01@drvtest01) (arm-none-eabi-gcc (Arm GNU Toolchain 14.2.Rel1 (Build arm-14.52)) 14.2.1 20241119, GNU ld (Arm GNU Toolchain 14.2.Rel1 (Build arm-14.52)) 2.43.1.20241119) #1 SMP Tue Nov 18 06:33:25 EET 2025
[    0.000000] CPU: ARMv7 Processor [413fc082] revision 2 (ARMv7), cr=10c5387d
[    0.000000] CPU: PIPT / VIPT nonaliasing data cache, VIPT aliasing instruction cache
[    0.000000] OF: fdt: Machine model: TI AM335x BeagleBone Black
[    0.000000] Memory policy: Data cache writeback
[    0.000000] cma: Reserved 16 MiB at 0x9e800000
[    0.000000] Zone ranges:
[    0.000000]   Normal   [mem 0x0000000080000000-0x000000009fdfffff]
[    0.000000]   HighMem  empty
[    0.000000] Movable zone start for each node
[    0.000000] Early memory node ranges
[    0.000000]   node   0: [mem 0x0000000080000000-0x000000009fdfffff]
[    0.000000] Initmem setup node 0 [mem 0x0000000080000000-0x000000009fdfffff]
[    0.000000] On node 0, zone Normal: 512 pages in unavailable ranges
[    0.000000] OF: reserved mem: Reserved memory: No reserved-memory node in the DT
[    0.000000] CPU: All CPU(s) started in SVC mode.
[    0.000000] AM335X ES2.1 (sgx neon)
[    0.000000] percpu: Embedded 17 pages/cpu s39948 r8192 d21492 u69632
[    0.000000] Kernel command line: console=ttyO0,115200n8 root=/dev/nfs rw nfsroot=192.168.255.126:/home/user01/nfs,nfsvers=3 ip=192.168.255.1:192.168.255.126::255.255.255.0:bbb1:eth0 nfsrootdebug
[    0.000000] Unknown kernel command line parameters "nfsrootdebug", will be passed to user space.
[    0.000000] printk: log buffer data + meta data: 65536 + 204800 = 270336 bytes
[    0.000000] Dentry cache hash table entries: 65536 (order: 6, 262144 bytes, linear)
[    0.000000] Inode-cache hash table entries: 32768 (order: 5, 131072 bytes, linear)
[    0.000000] Built 1 zonelists, mobility grouping on.  Total pages: 130560
[    0.000000] mem auto-init: stack:off, heap alloc:off, heap free:off
[    0.000000] SLUB: HWalign=16, Order=0-3, MinObjects=0, CPUs=1, Nodes=1
[    0.000000] rcu: Hierarchical RCU implementation.
[    0.000000] rcu: 	RCU event tracing is enabled.
[    0.000000] rcu: 	RCU restricting CPUs from NR_CPUS=2 to nr_cpu_ids=1.
[    0.000000] 	Tracing variant of Tasks RCU enabled.
[    0.000000] rcu: RCU calculated value of scheduler-enlistment delay is 10 jiffies.
[    0.000000] rcu: Adjusting geometry for rcu_fanout_leaf=16, nr_cpu_ids=1
[    0.000000] RCU Tasks Trace: Setting shift to 0 and lim to 1 rcu_task_cb_adjust=1 rcu_task_cpu_ids=1.
[    0.000000] NR_IRQS: 16, nr_irqs: 16, preallocated irqs: 16
[    0.000000] IRQ: Found an INTC at 0x(ptrval) (revision 5.0) with 128 interrupts
[    0.000000] rcu: srcu_init: Setting srcu_struct sizes based on contention.
[    0.000000] TI gptimer clocksource: always-on /ocp/interconnect@44c00000/segment@200000/target-module@31000
[    0.000003] sched_clock: 32 bits at 24MHz, resolution 41ns, wraps every 89478484971ns
[    0.000027] clocksource: dmtimer: mask: 0xffffffff max_cycles: 0xffffffff, max_idle_ns: 79635851949 ns
[    0.000565] TI gptimer clockevent: 24000000 Hz at /ocp/interconnect@48000000/segment@0/target-module@40000
[    0.002121] Console: colour dummy device 80x30
[    0.002187] WARNING: Your 'console=ttyO0' has been replaced by 'ttyS0'
[    0.002195] This ensures that you still see kernel messages. Please
[    0.002199] update your kernel commandline.
[    0.002241] Calibrating delay loop... 996.14 BogoMIPS (lpj=4980736)
[    0.090677] CPU: Testing write buffer coherency: ok
[    0.090757] CPU0: Spectre v2: using BPIALL workaround
[    0.090768] pid_max: default: 32768 minimum: 301
[    0.091075] Mount-cache hash table entries: 1024 (order: 0, 4096 bytes, linear)
[    0.091095] Mountpoint-cache hash table entries: 1024 (order: 0, 4096 bytes, linear)
[    0.092687] CPU0: thread -1, cpu 0, socket -1, mpidr 0
[    0.092742] cacheinfo: Unable to detect cache hierarchy for CPU 0
[    0.094744] Setting up static identity map for 0x80100000 - 0x80100078
[    0.095061] rcu: Hierarchical SRCU implementation.
[    0.095071] rcu: 	Max phase no-delay instances is 1000.
[    0.096809] smp: Bringing up secondary CPUs ...
[    0.096864] smp: Brought up 1 node, 1 CPU
[    0.096876] SMP: Total of 1 processors activated (996.14 BogoMIPS).
[    0.096888] CPU: All CPU(s) started in SVC mode.
[    0.097135] Memory: 479964K/522240K available (12288K kernel code, 1231K rwdata, 2956K rodata, 1024K init, 256K bss, 24364K reserved, 16384K cma-reserved, 0K highmem)
[    0.097995] devtmpfs: initialized
[    0.115364] VFP support v0.3: implementor 41 architecture 3 part 30 variant c rev 3
[    0.116046] clocksource: jiffies: mask: 0xffffffff max_cycles: 0xffffffff, max_idle_ns: 19112604462750000 ns
[    0.116103] posixtimers hash table entries: 512 (order: 0, 4096 bytes, linear)
[    0.116128] futex hash table entries: 256 (16384 bytes on 1 NUMA nodes, total 16 KiB, linear).
[    0.119309] NET: Registered PF_NETLINK/PF_ROUTE protocol family
[    0.122458] DMA: preallocated 256 KiB pool for atomic coherent allocations
[    0.123429] audit: initializing netlink subsys (disabled)
[    0.124779] thermal_sys: Registered thermal governor 'fair_share'
[    0.124795] thermal_sys: Registered thermal governor 'step_wise'
[    0.124804] thermal_sys: Registered thermal governor 'user_space'
[    0.124917] audit: type=2000 audit(0.120:1): state=initialized audit_enabled=0 res=1
[    0.124990] cpuidle: using governor menu
[    0.143032] /ocp/interconnect@44c00000/segment@200000/target-module@b000/i2c@0/tda19988@70: Fixed dependency cycle(s) with /ocp/interconnect@48000000/segment@300000/target-module@e000/lcdc@0
[    0.144102] /ocp/interconnect@48000000/segment@300000/target-module@e000/lcdc@0: Fixed dependency cycle(s) with /ocp/interconnect@44c00000/segment@200000/target-module@b000/i2c@0/tda19988@70
[    0.146286] No ATAGs?
[    0.146322] hw-breakpoint: debug architecture 0x4 unsupported.
[    0.148944] kprobes: kprobe jump-optimization is enabled. All kprobes are optimized if possible.
[    0.153588] iommu: Default domain type: Translated
[    0.153611] iommu: DMA domain TLB invalidation policy: strict mode
[    0.161435] SCSI subsystem initialized
[    0.162301] pps_core: LinuxPPS API ver. 1 registered
[    0.162312] pps_core: Software ver. 5.3.6 - Copyright 2005-2007 Rodolfo Giometti <giometti@linux.it>
[    0.162335] PTP clock support registered
[    0.171209] vgaarb: loaded
[    0.171631] clocksource: Switched to clocksource dmtimer
[    0.172246] VFS: Disk quotas dquot_6.6.0
[    0.172307] VFS: Dquot-cache hash table entries: 1024 (order 0, 4096 bytes)
[    0.196595] NET: Registered PF_INET protocol family
[    0.196938] IP idents hash table entries: 8192 (order: 4, 65536 bytes, linear)
[    0.198377] tcp_listen_portaddr_hash hash table entries: 512 (order: 0, 4096 bytes, linear)
[    0.198411] Table-perturb hash table entries: 65536 (order: 6, 262144 bytes, linear)
[    0.198429] TCP established hash table entries: 4096 (order: 2, 16384 bytes, linear)
[    0.198474] TCP bind hash table entries: 4096 (order: 4, 65536 bytes, linear)
[    0.198574] TCP: Hash tables configured (established 4096 bind 4096)
[    0.198695] UDP hash table entries: 256 (order: 2, 14336 bytes, linear)
[    0.198727] UDP-Lite hash table entries: 256 (order: 2, 14336 bytes, linear)
[    0.198938] NET: Registered PF_UNIX/PF_LOCAL protocol family
[    0.212310] RPC: Registered named UNIX socket transport module.
[    0.212333] RPC: Registered udp transport module.
[    0.212338] RPC: Registered tcp transport module.
[    0.212343] RPC: Registered tcp-with-tls transport module.
[    0.212348] RPC: Registered tcp NFSv4.1 backchannel transport module.
[    0.212374] PCI: CLS 0 bytes, default 64
[    0.213810] Initialise system trusted keyrings
[    0.214408] workingset: timestamp_bits=14 max_order=17 bucket_order=3
[    0.216177] NFS: Registering the id_resolver key type
[    0.216247] Key type id_resolver registered
[    0.216254] Key type id_legacy registered
[    0.216360] jffs2: version 2.2. (NAND) (SUMMARY)  Â© 2001-2006 Red Hat, Inc.
[    0.217261] Key type asymmetric registered
[    0.217281] Asymmetric key parser 'x509' registered
[    0.217353] io scheduler mq-deadline registered
[    0.217363] io scheduler kyber registered
[    0.217441] io scheduler bfq registered
[    0.219252] target-module@4b000000:target-module@140000:pmu@0:fck: device ID is greater than 24
[    0.231907] ledtrig-cpu: registered to indicate activity on CPUs
[    0.235711] Serial: 8250/16550 driver, 6 ports, IRQ sharing enabled
[    0.277393] brd: module loaded
[    0.305116] loop: module loaded
[    0.306042] mtdoops: mtd device (mtddev=name/number) must be supplied
[    0.309007] i2c_dev: i2c /dev entries driver
[    0.310024] cpuidle: enable-method property 'ti,am3352' found operations
[    0.310471] sdhci: Secure Digital Host Controller Interface driver
[    0.310481] sdhci: Copyright(c) Pierre Ossman
[    0.310669] sdhci-pltfm: SDHCI platform and OF driver helper
[    0.312340] hw perfevents: enabled with armv7_cortex_a8 PMU driver, 5 (8000000f) counters available
[    0.312887] Initializing XFRM netlink socket
[    0.313057] NET: Registered PF_INET6 protocol family
[    0.315067] Segment Routing with IPv6
[    0.315147] In-situ OAM (IOAM) with IPv6
[    0.315243] sit: IPv6, IPv4 and MPLS over IPv4 tunneling driver
[    0.316206] NET: Registered PF_PACKET protocol family
[    0.316224] PFKEY is deprecated and scheduled to be removed in 2027, please contact the netdev mailing list
[    0.316240] NET: Registered PF_KEY protocol family
[    0.316360] Key type dns_resolver registered
[    0.316587] ThumbEE CPU extension supported.
[    0.316607] Registering SWP/SWPB emulation handler
[    0.317127] omap_voltage_late_init: Voltage driver support not added
[    0.317796] SmartReflex Class3 initialized
[    0.348811] Loading compiled-in X.509 certificates
[    0.392812] /ocp/interconnect@44c00000/segment@200000/target-module@b000/i2c@0/tda19988@70: Fixed dependency cycle(s) with /ocp/interconnect@48000000/segment@300000/target-module@e000/lcdc@0
[    0.399248] /ocp/interconnect@44c00000/segment@200000/target-module@b000/i2c@0/tda19988@70: Fixed dependency cycle(s) with /ocp/interconnect@4800 0000/segment@300000/target-module@e000/lcdc@0
[    0.420039] /ocp/interconnect@44c00000/segment@200000/target-module@b000/i2c@0/tda19988@70: Fixed dependency cycle(s) with /ocp/interconnect@48000000/segment@300000/target-module@e000/lcdc@0
[    0.420942] /ocp/interconnect@44c00000/segment@200000/target-module@b000/i2c@0/tda19988@70: Fixed dependency cycle(s) with /ocp/interconnect@48000000/segment@300000/target-module@e000/lcdc@0
[    0.424849] /ocp/interconnect@44c00000/segment@200000/target-module@10 000/scm@0/pinmux@800: Fixed dependency cycle(s) with /ocp/interconnect@44c00000/segment@200000/target-module@10000/scm@0/pinmux@800/clkout2-pins
[    0.425461] pinctrl-single 44e10800.pinmux: 142 pins, size 568
[    0.468147] /ocp/interconnect@48000000/segment@300000/target-module@e000/lcdc@0: Fixed dependency cycle(s) with /ocp/interconnect@44c00000/segment@200000/target-module@b000/i2c@0/tda19988@70
[    0.525582] OMAP GPIO hardware version 0.1
[    0.549121] omap_i2c 4819c000.i2c: bus 2 rev0.11 at 100 kHz
[    0.578331] 48000000.interconnect:segment@200000:target-module@0:mpu@0:fck: device ID is greater than 24
[    0.579228] /ocp/interconnect@48000000/segment@300000/target-module@e000/lcdc@0: Fixed dependency cycle(s) with /ocp/interconnect@44c00000/segment@200000/target-module@b000/i2c@0/tda19988@70
[    0.582392] /ocp/interconnect@48000000/segment@300000/target-module@e000/lcdc@0: Fixed dependency cycle(s) with /ocp/interconnect@44c00000/segment@200000/target-module@b000/i2c@0/tda19988@70
[    0.583166] /ocp/interconnect@44c00000/segment@200000/target-module@b000/i2c@0/tda19988@70: Fixed dependency cycle(s) with /ocp/interconnect@48000000/segment@300000/target-module@e000/lcdc@0
[    0.583339] /ocp/interconnect@48000000/segment@300000/target-module@e000/lcdc@0: Fixed dependency cycle(s) with /ocp/interconnect@44c00000/segment@200000/target-module@b000/i2c@0/tda19988@70
[    0.591257] sdhci-omap 481d8000.mmc: supply pbias not found, using dummy regulator
[    0.592552] sdhci-omap 481d8000.mmc: sup
[    2.452592] tps65217-pmic: Failed to locate of_node [id: -1]
[    2.458650] tps65217-bl: Failed to locate of_node [id: -1]
[    2.466125] platform tps65217-charger: DMA mask not set
[    2.473158] platform tps65217-pwrbutton: DMA mask not set
[    2.480916] tps65217 0-0024: TPS65217 ID 0xe version 1.2
[    2.486991] /ocp/interconnect@48000000/segment@300000/target-module@e000/lcdc@0: Fixed dependency cycle(s) with /ocp/interconnect@44c00000/segment@200000/target-module@b000/i2c@0/tda19988@70
[    2.504415] /ocp/interconnect@44c00000/segment@200000/target-module@b000/i2c@0/tda19988@70: Fixed dependency cycle(s) with /ocp/interconnect@48000000/segment@300000/target-module@e000/lcdc@0
[    2.521826] omap_i2c 44e0b000.i2c: bus 0 rev0.11 at 400 kHz
[    2.529886] omap_gpio 44e07000.gpio: Could not set line 6 debounce to 200000 microseconds (-22)
[    2.538766] sdhci-omap 48060000.mmc: Got CD GPIO
[    2.543816] sdhci-omap 48060000.mmc: supply pbias not found, using dummy regulator
[    2.554012] sdhci-omap 48060000.mmc: supply vqmmc not found, using dummy regulator
[    2.563209] sdhci-omap 481d8000.mmc: supply pbias not found, using dummy regulator
[    2.571364] sdhci-omap 481d8000.mmc: supply vqmmc not found, using dummy regulator
[    2.610317] mmc1: SDHCI controller on 481d8000.mmc [481d8000.mmc] using External DMA
[    2.619367] mmc0: SDHCI controller on 48060000.mmc [48060000.mmc] using External DMA
[    2.628249] cpsw-switch 4a100000.switch: starting ndev. mode: dual_mac
[    2.691904] mmc1: new high speed MMC card at address 0001
[    2.698737] mmcblk1: mmc1:0001 MMC04G 3.60 GiB
[    2.706561]  mmcblk1: p1 p2
[    2.710329] SMSC LAN8710/LAN8720 4a101000.mdio:00: attached PHY driver (mii_bus:phy_addr=4a101000.mdio:00, irq=POLL)
[    2.721866] mmcblk1boot0: mmc1:0001 MMC04G 2.00 MiB
[    2.736821] mmcblk1boot1: mmc1:0001 MMC04G 2.00 MiB
[    2.745761] mmcblk1rpmb: mmc1:0001 MMC04G 128 KiB, chardev (249:0)
[    2.795115] mmc0: new high speed SDHC card at address aaaa
[    2.802042] mmcblk0: mmc0:aaaa SE32G 29.7 GiB
[    2.811051]  mmcblk0: p1 p2
[    5.842354] cpsw-switch 4a100000.switch eth0: Link is Up - 100Mbps/Full - flow control off
[    5.871606] IP-Config: Complete:
[    5.874877]      device=eth0, hwaddr=6c:ec:eb:68:de:78, ipaddr=192.168.255.1, mask=255.255.255.0, gw=255.255.255.255
[    5.885514]      host=bbb1, domain=, nis-domain=(none)
[    5.890681]      bootserver=192.168.255.126, rootserver=192.168.255.126, rootpath=
[    5.891108] clk: Disabling unused clocks
[    5.902964] PM: genpd: Disabling unused power domains
[    5.908132] KTAP version 1
[    5.910858] 1..0
[    5.913748] check access for rdinit=/init failed: -2, ignoring
[    5.947409] VFS: Mounted root (nfs filesystem) on device 0:17.
[    5.954467] devtmpfs: mounted
[    5.958990] Freeing unused kernel image (initmem) memory: 1024K
[    5.965995] Run /sbin/init as init process
[    6.668229] systemd[1]: System time before build time, advancing clock.
[    8.241618] random: crng init done
[    8.264164] systemd[1]: systemd 232 running in system mode. (+PAM +AUDIT +SELINUX +IMA +APPARMOR +SMACK +SYSVINIT +UTMP +LIBCRYPTSETUP +GCRYPT +GNUTLS +ACL +XZ +LZ4 +SECCOMP +BLKID +ELFUTILS +KMOD +IDN)
[    8.283277] systemd[1]: Detected architecture arm.

Welcome to [1mDebian GNU/Linux 9 (stretch)[0m!

[    8.314629] systemd[1]: Set hostname to <arm>.
[    9.423884] systemd[1]: Created slice System Slice.
[[0;32m  OK  [0m] Created slice System Slice.
[    9.446012] systemd[1]: syslog.socket: SO_PASSSEC failed: Operation not supported
[    9.454048] systemd[1]: Listening on Syslog Socket.
[[0;32m  OK  [0m] Listening on Syslog Socket.
[    9.495542] systemd[1]: Mounting POSIX Message Queue File System...
         Mounting POSIX Message Queue File System...
[    9.524324] systemd[1]: Listening on udev Control Socket.
[[0;32m  OK  [0m] Listening on udev Control Socket.
[    9.558122] systemd[1]: systemd-journald.socket: SO_PASSSEC failed: Operation not supported
[    9.592589] systemd[1]: systemd-journald.socket: SO_PASSSEC failed: Operation not supported
[[0;32m  OK  [0m] Listening on Journal Socket.
         Starting Load Kernel Modules...
[[0;32m  OK  [0m] Started Dispatch Password Requests to Console Directory Watch.
[[0;32m  OK  [0m] Created slice system-serial\x2dgetty.slice.
[[0;32m  OK  [0m] Listening on Journal Socket (/dev/log).
         Starting Remount Root and Kernel File Systems...
[[0;32m  OK  [0m] Listening on /dev/initctl Compatibility Named Pipe.
[[0;32m  OK  [0m] Created slice system-getty.slice.
[[0;32m  OK  [0m] Reached target Remote File Systems.
[[0;32m  OK  [0m] Listening on Journal Audit Socket.
         Starting Journal Service...
[[0;32m  OK  [0m] Created slice User and Session Slice.
[[0;32m  OK  [0m] Set up automount Arbitrary Executabâ€¦rmats File System Automount Point.
         Starting Create list of required stâ€¦ce nodes for the current kernel...
[[0;32m  OK  [0m] Listening on udev Kernel Socket.
[[0;32m  OK  [0m] Started Forward Password Requests to Wall Directory Watch.
[[0;32m  OK  [0m] Reached target Paths.
[[0;32m  OK  [0m] Reached target Encrypted Volumes.
[[0;32m  OK  [0m] Reached target Swap.
[[0;32m  OK  [0m] Reached target Slices.
         Mounting Debug File System...
[[0;32m  OK  [0m] Mounted POSIX Message Queue File System.
[[0;32m  OK  [0m] Mounted Debug File System.
[[0;32m  OK  [0m] Started Load Kernel Modules.
[[0;32m  OK  [0m] Started Remount Root and Kernel File Systems.
[[0;32m  OK  [0m] Started Create list of required staâ€¦vice nodes for the current kernel.
         Starting Create Static Device Nodes in /dev...
         Starting Load/Save Random Seed...
         Starting udev Coldplug all Devices...
         Starting Apply Kernel Variables...
         Mounting Configuration File System...
[[0;32m  OK  [0m] Started Journal Service.
         Starting Flush Journal to Persistent Storage...
[[0;32m  OK  [0m] Mounted Configuration File System.
[[0;32m  OK  [0m] Started Load/Save Random Seed.
[[0;32m  OK  [0m] Started Apply Kernel Variables.
[   11.133278] systemd-journald[112]: Received request to flush runtime journal from PID 1
[[0;32m  OK  [0m] Started Create Static Device Nodes in /dev.
[[0;32m  OK  [0m] Reached target Local File Systems (Pre).
[[0;32m  OK  [0m] Reached target Local File Systems.
         Starting Raise network interfaces...
         Starting udev Kernel Device Manager...
[[0;32m  OK  [0m] Started Flush Journal to Persistent Storage.
         Starting Create Volatile Files and Directories...
[[0;32m  OK  [0m] Started udev Kernel Device Manager.
[[0;32m  OK  [0m] Started Create Volatile Files and Directories.
[   12.642055] omap_prm 44e00d00.prm: sync_state() pending due to 44d00000.cpu
         Starting Update UTMP about System Boot/Shutdown...
         Starting Network Time Synchronization...
[[0;32m  OK  [0m] Started Update UTMP about System Boot/Shutdown.
[[0;32m  OK  [0m] Started Network Time Synchronization.
[[0;32m  OK  [0m] Reached target System Time Synchronized.
[[0;32m  OK  [0m] Started udev Coldplug all Devices.
[[0;32m  OK  [0m] Reached target System Initialization.
[[0;32m  OK  [0m] Started Daily apt download activities.
[[0;32m  OK  [0m] Started Daily apt upgrade and clean activities.
[[0;32m  OK  [0m] Started Daily Cleanup of Temporary Directories.
[[0;32m  OK  [0m] Reached target Timers.
[[0;32m  OK  [0m] Listening on D-Bus System Message Bus Socket.
[[0;32m  OK  [0m] Listening on Avahi mDNS/DNS-SD Stack Activat[   15.054760] remoteproc remoteproc0: wkup_m3 is available
ion Socket.
[[0;32m  OK  [0m] Reached target Sockets.
[[0;32m  OK  [0m] Reached target Basic System.
[[0;32m  OK  [0m] Started Regular background program processing daemon.
[   15.314581] at24 2-0054: supply vcc not found, using dummy regulator
         Starting LSB: Load kernel modules needed to enable cpufreq scaling...
[   15.462124] at24 2-0055: supply vcc not found, using dummy regulator
[[0;32m  OK  [0m] Started D-Bus System Message Bus.
[   15.585424] at24 2-0056: supply vcc not found, using dummy regulator
[   15.697701] at24 2-0057: supply vcc not found, using dummy regulator
[   15.831500] at24 0-0050: 4096 byte 24c32 EEPROM, writable, 1 bytes/write
[   16.012985] input: tps65217_pwrbutton as /devices/platform/ocp/44c00000.interconnect/44c00000.interconnect:segment@200000/44e0b000.target-module/44e0b000.i2c/i2c-0/0-0024/tps65217-pwrbutton/input/input0
[   16.301792] omap_rtc 44e3e000.rtc: registered as rtc0
[   16.306985] omap_rtc 44e3e000.rtc: setting system clock to 2000-01-01T00:00:00 UTC (946684800)
[   16.552066] omap_wdt: OMAP Watchdog Timer Rev 0x01: initial timeout 60 sec
[   16.754611] am335x-phy-driver 47401300.usb-phy: dummy supplies not allowed for exclusive requests (id=vbus)
[   16.930270] am335x-phy-driver 47401b00.usb-phy: dummy supplies not allowed for exclusive requests (id=vbus)
[   17.339889] usbcore: registered new interface driver usbfs
[   17.345787] usbcore: registered new interface driver hub
[   17.351223] usbcore: registered new device driver usb
[   18.020595] musb-hdrc musb-hdrc.1: MUSB HDRC host driver
[   18.026251] musb-hdrc musb-hdrc.1: new USB bus registered, assigned bus number 1
[   18.072267] tda998x 0-0070: found TDA19988
[   18.088873] omap-mailbox 480c8000.mailbox: omap mailbox rev 0x400
[   18.137399] remoteproc remoteproc0: powering up wkup_m3
[   18.238413] remoteproc remoteproc0: Direct firmware load for am335x-pm-firmware.elf failed with error -2
[   18.248186] remoteproc remoteproc0: request_firmware failed: -2
[   18.254235] wkup_m3_ipc 44e11324.wkup_m3_ipc: rproc_boot failed
[   18.260996] usb usb1: New USB device found, idVendor=1d6b, idProduct=0002, bcdDevice= 6.18
[   18.269409] usb usb1: New USB device strings: Mfr=3, Product=2, SerialNumber=1
[   18.276701] usb usb1: Product: MUSB HDRC host driver
[   18.281818] usb usb1: Manufacturer: Linux 6.18.0-rc6-next-20251118 musb-hcd
[   18.288821] usb usb1: SerialNumber: musb-hdrc.1
[   18.622881] hub 1-0:1.0: USB hub found
[   18.692723] hub 1-0:1.0: 1 port detected
         Starting Connection service...
         Starting DUN service...
         Starting Generic Board Startup...
         Starting Cape Manager Service...
[   20.551997] omap_rng 48310000.rng: Random Number Generator ver. 20
         Starting Login Service...
         Starting Avahi mDNS/DNS-SD Stack...
[   21.014688] tilcdc 4830e000.lcdc: bound 0-0070 (ops tda998x_driver_exit [tda998x])
         Starting System Logging Service...
         Starting Telephony service...[   21.185258] [drm] Initialized tilcdc 1.0.0 for 4830e000.lcdc on minor 0

         Starting LSB: Start busybox udhcpd at boot time...
[   21.377340] tilcdc 4830e000.lcdc: [drm] Cannot find any crtc or sizes
[   21.403041] tilcdc 4830e000.lcdc: [drm] Cannot find any crtc or sizes
[[0;32m  OK  [0m] Found device /dev/ttyS0.
[   22.706785] PM: Cannot get wkup_m3_ipc handle
[   22.745535] omap-sham 53100000.sham: hw accel on OMAP rev 4.3
[   22.864156] omap-sham 53100000.sham: will run requests pump with realtime priority
[   22.873031] PM: Cannot get wkup_m3_ipc handle
[   23.043764] omap-aes 53500000.aes: OMAP AES hw accel rev: 3.2
[   23.160803] omap-aes 53500000.aes: will run requests pump with realtime priority
[   23.172157] PM: Cannot get wkup_m3_ipc handle
[[0;32m  OK  [0m] Started Cape Manager Service.
[[0;32m  OK  [0m] Started System Logging Service.
[   24.606000] ------------[ cut here ]------------
[   24.610701] WARNING: net/8021q/vlan_core.c:236 at vlan_for_each+0x114/0x134, CPU#0: avahi-daemon/320
[   24.620047] RTNL: assertion failed at net/8021q/vlan_core.c (236)
[   24.626205] Modules linked in: ecdh_generic ecc snd_soc_simple_card omap_aes_driver snd_soc_simple_card_utils omap_crypto omap_sham pm33xx libaes ti_emif_sram crypto_engine tilcdc drm_dma_helper omap_rng drm_client_lib rng_core snd_soc_davinci_mcasp snd_soc_ti_udma snd_soc_ti_edma snd_soc_ti_sdma snd_soc_core snd_pcm_dmaengine snd_pcm snd_timer snd omap_mailbox musb_dsps musb_hdrc tda998x soundcore cec udc_core drm_kms_helper usbcore phy_am335x phy_generic drm omap_wdt usb_common cppi41 rtc_omap watchdog wkup_m3_ipc tps65218_pwrbutton drm_panel_orientation_quirks at24 phy_am335x_control wkup_m3_rproc leds_gpio led_class cpufreq_dt autofs4
[   24.683433] CPU: 0 UID: 107 PID: 320 Comm: avahi-daemon Not tainted 6.18.0-rc6-next-20251118 #1 NONE 
[   24.683454] Hardware name: Generic AM33XX (Flattened Device Tree)
[   24.683463] Call trace: 
[   24.683480]  unwind_backtrace from show_stack+0x10/0x14
[   24.683517]  show_stack from dump_stack_lvl+0x50/0x64
[   24.683543]  dump_stack_lvl from __warn+0x88/0x148
[   24.683561]  __warn from warn_slowpath_fmt+0x19c/0x1b0
[   24.683574]  warn_slowpath_fmt from vlan_for_each+0x114/0x134
[   24.683592]  vlan_for_each from cpsw_add_mc_addr+0x40/0xa4
[   24.683625]  cpsw_add_mc_addr from __hw_addr_ref_sync_dev+0x108/0x140
[   24.683652]  __hw_addr_ref_sync_dev from __dev_mc_add+0x7c/0x80
[   24.683671]  __dev_mc_add from igmp6_group_added+0xc8/0xe0
[   24.683691]  igmp6_group_added from __ipv6_dev_mc_inc+0x218/0x364
[   24.683706]  __ipv6_dev_mc_inc from __ipv6_sock_mc_join+0x11c/0x1c0
[   24.683720]  __ipv6_sock_mc_join from do_ipv6_setsockopt+0x1214/0x1310
[   24.683744]  do_ipv6_setsockopt from ipv6_setsockopt+0x60/0xcc
[   24.683762]  ipv6_setsockopt from udpv6_setsockopt+0x2c/0x6c
[   24.683782]  udpv6_setsockopt from sock_common_setsockopt+0x30/0x40
[   24.683808]  sock_common_setsockopt from do_sock_setsockopt+0x50/0x9c
[   24.683842]  do_sock_setsockopt from __sys_setsockopt+0x70/0xbc
[   24.683862]  __sys_setsockopt from ret_fast_syscall+0x0/0x58
[   24.683877] Exception stack(0xe02e5fa8 to 0xe02e5ff0)
[   24.683892] 5fa0:                   00000014 b6fb8ce8 0000000d 00000029 00000014 befa29ec
[   24.683904] 5fc0: 00000014 b6fb8ce8 00000014 00000126 0000000d b6f61ff4 0047e988 00466558
[   24.683913] 5fe0: b6f77088 befa29d8 b6f54309 b6e2b41a
[   24.683920] ---[ end trace 0000000000000000 ]---
[   25.478453] Bluetooth: Core ver 2.22
[   25.482448] NET: Registered PF_BLUETOOTH protocol family
[   25.487800] Bluetooth: HCI device and connection manager initialized
[   25.494302] Bluetooth: HCI socket layer initialized
[   25.499219] Bluetooth: L2CAP socket layer initialized
[   25.504382] Bluetooth: SCO socket layer initialized
[   26.825200] PM: Cannot get wkup_m3_ipc handle
[   26.973905] PM: Cannot get wkup_m3_ipc handle
[   26.992040] gpio-537 (nxp,calib): gpiod_direction_output_nonotify: tried to set a GPIO tied to an IRQ as output
[   27.276080] tda9950 0-0034: TDA9950 CEC interface, hardware version 3.3
[   27.360782] PM: Cannot get wkup_m3_ipc handle
[[0;32m  OK  [0m] Started LSB: Start busybox udhcpd at boot time.
[[0;32m  OK  [0m] Started LSB: Load kernel modules needed to enable cpufreq scaling.
[[0;32m  OK  [0m] Started Raise network interfaces.
[[0;32m  OK  [0m] Started DUN service.
[[0;32m  OK  [0m] Started Telephony service.
[   30.393170] configfs-gadget.g_multi gadget.0: HOST MAC 1c:ba:8c:a2:ed:6c
[   30.399948] configfs-gadget.g_multi gadget.0: MAC 1c:ba:8c:a2:ed:70
[   30.407381] configfs-gadget.g_multi gadget.0: HOST MAC 1c:ba:8c:a2:ed:6c
[   30.414248] configfs-gadget.g_multi gadget.0: MAC 1c:ba:8c:a2:ed:6d
[   30.422500] PM: Cannot get wkup_m3_ipc handle
[[0;32m  OK  [0m] Started Connection service.
[[0;32m  OK  [0m] Started Avahi mDNS/DNS-SD Stack.
[[0;32m  OK  [0m] Started Login Service.
         Starting Hostname Service...
         Starting WPA supplicant...
[[0;32m  OK  [0m] Reached target Sound Card.
         Starting LSB: set CPUFreq kernel parameters...
[[0;32m  OK  [0m] Started WPA supplicant.
[[0;32m  OK  [0m] Reached target Network.
         Starting OpenBSD Secure Shell server...
         Starting The Apache HTTP Server...
         Starting Permit User Sessions...
[[0;32m  OK  [0m] Reached target Network is Online.
         Starting LSB: Advanced IEEE 802.11 management daemon...
[[0;32m  OK  [0m] Started Hostname Service.
[[0;32m  OK  [0m] Started LSB: set CPUFreq kernel parameters.
[[0;32m  OK  [0m] Started LSB: Advanced IEEE 802.11 management daemon.
[[0;32m  OK  [0m] Started Permit User Sessions.
[[0;32m  OK  [0m] Started Getty on tty1.
[[0;32m  OK  [0m] Started Serial Getty on ttyS0.
[[0;32m  OK  [0m] Reached target Login Prompts.
[[0;32m  OK  [0m] Started OpenBSD Secure Shell server.
         Stopping LSB: Start busybox udhcpd at boot time...
[[0;32m  OK  [0m] Stopped LSB: Start busybox udhcpd at boot time.
[[0;32m  OK  [0m] Started The Apache HTTP Server.
         Starting dnsmasq - A lightweight DHCP and caching DNS server...
[[0;32m  OK  [0m] Started dnsmasq - A lightweight DHCP and caching DNS server.
[[0;32m  OK  [0m] Reached target Host and Network Name Lookups.
[[0;32m  OK  [0m] Started Serial Getty on ttyGS0.
[[0;32m  OK  [0m] Started Generic Board Startup.
[[0;32m  OK  [0m] Reached target Multi-User System.
[[0;32m  OK  [0m] Reached target Graphical Interface.
         Starting Update UTMP about System Runlevel Changes...
[[0;32m  OK  [0m] Started Update UTMP about System Runlevel Changes.

Debian GNU/Linux 9 arm ttyS0

default username:password is [debian:temppwd]

arm login: root
Password: 
Last login: Sat Jan  1 00:00:35 UTC 2000 on ttyS0
root
Linux arm 6.18.0-rc6-next-20251118 #1 SMP Tue Nov 18 06:33:25 EET 2025 armv7l

The programs included with the Debian GNU/Linux system are free software;
the exact distribution terms for each program are described in the
individual files in /usr/share/doc/*/copyright.

Debian GNU/Linux comes with ABSOLUTELY NO WARRANTY, to the extent
permitted by applicable law.
root@arm:~# root
-bash: root: command not found
root@arm:~# dmesg -n 1
root@arm:~# echo 'SFYK''UMHALT'
SFYKUMHALT
root@arm:~# run() { echo -n "$MARKER"; sh -c "$@"; echo "$MARKER $?"; }
root@arm:~# echo 'BNUF''FQVEXA'
BNUFFQVEXA
root@arm:~# MARKER='EHNK''YMALSL' run 'cat /proc/version'
EHNKYMALSLLinux version 6.18.0-rc6-next-20251118 (user01@drvtest01) (arm-none-eabi-gcc (Arm GNU Toolchain 14.2.Rel1 (Build arm-14.52)) 14.2.1 20241119, GNU ld (Arm GNU Toolchain 14.2.Rel1 (Build arm-14.52)) 2.43.1.20241119) #1 SMP Tue Nov 18 06:33:25 EET 2025
EHNKYMALSL 0
root@arm:~# echo 'LUON''LSSEJX'
LUONLSSEJX
root@arm:~# MARKER='SXTT''WXNHXE' run false
SXTTWXNHXESXTTWXNHXE 1
root@arm:~# Labgrid Console Logfile for main
Logfile started at 2025-11-18 06:36:16.444630
=== Log starts here ===

root@arm:~# run() { echo -n "$MARKER"; sh -c "$@"; echo "$MARKER $?"; }
root@arm:~# echo 'PXUN''HVKKST'
PXUNHVKKST
root@arm:~# MARKER='NGEP''OAGGGP' run 'ls /iio_generic_buffer; echo $?'
NGEPOAGGGP/iio_generic_buffer
0
NGEPOAGGGP 0
root@arm:~# Labgrid Console Logfile for main
Logfile started at 2025-11-18 06:36:19.813095
=== Log starts here ===

root@arm:~# run() { echo -n "$MARKER"; sh -c "$@"; echo "$MARKER $?"; }
root@arm:~# echo 'EXQM''SPZBPB'
EXQMSPZBPB
root@arm:~# MARKER='QOPJ''CCHLHN' run dmesg
QOPJCCHLHN[    0.000000] Booting Linux on physical CPU 0x0
[    0.000000] Linux version 6.18.0-rc6-next-20251118 (user01@drvtest01) (arm-none-eabi-gcc (Arm GNU Toolchain 14.2.Rel1 (Build arm-14.52)) 14.2.1 20241119, GNU ld (Arm GNU Toolchain 14.2.Rel1 (Build arm-14.52)) 2.43.1.20241119) #1 SMP Tue Nov 18 06:33:25 EET 2025
[    0.000000] CPU: ARMv7 Processor [413fc082] revision 2 (ARMv7), cr=10c5387d
[    0.000000] CPU: PIPT / VIPT nonaliasing data cache, VIPT aliasing instruction cache
[    0.000000] OF: fdt: Machine model: TI AM335x BeagleBone Black
[    0.000000] Memory policy: Data cache writeback
[    0.000000] cma: Reserved 16 MiB at 0x9e800000
[    0.000000] Zone ranges:
[    0.000000]   Normal   [mem 0x0000000080000000-0x000000009fdfffff]
[    0.000000]   HighMem  empty
[    0.000000] Movable zone start for each node
[    0.000000] Early memory node ranges
[    0.000000]   node   0: [mem 0x0000000080000000-0x000000009fdfffff]
[    0.000000] Initmem setup node 0 [mem 0x0000000080000000-0x000000009fdfffff]
[    0.000000] On node 0, zone Normal: 512 pages in unavailable ranges
[    0.000000] OF: reserved mem: Reserved memory: No reserved-memory node in the DT
[    0.000000] CPU: All CPU(s) started in SVC mode.
[    0.000000] AM335X ES2.1 (sgx neon)
[    0.000000] percpu: Embedded 17 pages/cpu s39948 r8192 d21492 u69632
[    0.000000] pcpu-alloc: s39948 r8192 d21492 u69632 alloc=17*4096
[    0.000000] pcpu-alloc: [0] 0 
[    0.000000] Kernel command line: console=ttyO0,115200n8 root=/dev/nfs rw nfsroot=192.168.255.126:/home/user01/nfs,nfsvers=3 ip=192.168.255.1:192.168.255.126::255.255.255.0:bbb1:eth0 nfsrootdebug
[    0.000000] Unknown kernel command line parameters "nfsrootdebug", will be passed to user space.
[    0.000000] printk: log buffer data + meta data: 65536 + 204800 = 270336 bytes
[    0.000000] Dentry cache hash table entries: 65536 (order: 6, 262144 bytes, linear)
[    0.000000] Inode-cache hash table entries: 32768 (order: 5, 131072 bytes, linear)
[    0.000000] Built 1 zonelists, mobility grouping on.  Total pages: 130560
[    0.000000] mem auto-init: stack:off, heap alloc:off, heap free:off
[    0.000000] SLUB: HWalign=16, Order=0-3, MinObjects=0, CPUs=1, Nodes=1
[    0.000000] rcu: Hierarchical RCU implementation.
[    0.000000] rcu: 	RCU event tracing is enabled.
[    0.000000] rcu: 	RCU restricting CPUs from NR_CPUS=2 to nr_cpu_ids=1.
[    0.000000] 	Tracing variant of Tasks RCU enabled.
[    0.000000] rcu: RCU calculated value of scheduler-enlistment delay is 10 jiffies.
[    0.000000] rcu: Adjusting geometry for rcu_fanout_leaf=16, nr_cpu_ids=1
[    0.000000] RCU Tasks Trace: Setting shift to 0 and lim to 1 rcu_task_cb_adjust=1 rcu_task_cpu_ids=1.
[    0.000000] NR_IRQS: 16, nr_irqs: 16, preallocated irqs: 16
[    0.000000] IRQ: Found an INTC at 0x(ptrval) (revision 5.0) with 128 interrupts
[    0.000000] rcu: srcu_init: Setting srcu_struct sizes based on contention.
[    0.000000] TI gptimer clocksource: always-on /ocp/interconnect@44c00000/segment@200000/target-module@31000
[    0.000003] sched_clock: 32 bits at 24MHz, resolution 41ns, wraps every 89478484971ns
[    0.000027] clocksource: dmtimer: mask: 0xffffffff max_cycles: 0xffffffff, max_idle_ns: 79635851949 ns
[    0.000565] TI gptimer clockevent: 24000000 Hz at /ocp/interconnect@48000000/segment@0/target-module@40000
[    0.002121] Console: colour dummy device 80x30
[    0.002187] WARNING: Your 'console=ttyO0' has been replaced by 'ttyS0'
[    0.002195] This ensures that you still see kernel messages. Please
[    0.002199] update your kernel commandline.
[    0.002241] Calibrating delay loop... 996.14 BogoMIPS (lpj=4980736)
[    0.090677] CPU: Testing write buffer coherency: ok
[    0.090757] CPU0: Spectre v2: using BPIALL workaround
[    0.090768] pid_max: default: 32768 minimum: 301
[    0.091075] Mount-cache hash table entries: 1024 (order: 0, 4096 bytes, linear)
[    0.091095] Mountpoint-cache hash table entries: 1024 (order: 0, 4096 bytes, linear)
[    0.092687] CPU0: thread -1, cpu 0, socket -1, mpidr 0
[    0.092742] cacheinfo: Unable to detect cache hierarchy for CPU 0
[    0.094744] Setting up static identity map for 0x80100000 - 0x80100078
[    0.095061] rcu: Hierarchical SRCU implementation.
[    0.095071] rcu: 	Max phase no-delay instances is 1000.
[    0.096809] smp: Bringing up secondary CPUs ...
[    0.096864] smp: Brought up 1 node, 1 CPU
[    0.096876] SMP: Total of 1 processors activated (996.14 BogoMIPS).
[    0.096888] CPU: All CPU(s) started in SVC mode.
[    0.097135] Memory: 479964K/522240K available (12288K kernel code, 1231K rwdata, 2956K rodata, 1024K init, 256K bss, 24364K reserved, 16384K cma-reserved, 0K highmem)
[    0.097995] devtmpfs: initialized
[    0.115364] VFP support v0.3: implementor 41 architecture 3 part 30 variant c rev 3
[    0.116046] clocksource: jiffies: mask: 0xffffffff max_cycles: 0xffffffff, max_idle_ns: 19112604462750000 ns
[    0.116103] posixtimers hash table entries: 512 (order: 0, 4096 bytes, linear)
[    0.116128] futex hash table entries: 256 (16384 bytes on 1 NUMA nodes, total 16 KiB, linear).
[    0.119309] NET: Registered PF_NETLINK/PF_ROUTE protocol family
[    0.122458] DMA: preallocated 256 KiB pool for atomic coherent allocations
[    0.123429] audit: initializing netlink subsys (disabled)
[    0.124779] thermal_sys: Registered thermal governor 'fair_share'
[    0.124795] thermal_sys: Registered thermal governor 'step_wise'
[    0.124804] thermal_sys: Registered thermal governor 'user_space'
[    0.124917] audit: type=2000 audit(0.120:1): state=initialized audit_enabled=0 res=1
[    0.124990] cpuidle: using governor menu
[    0.143032] /ocp/interconnect@44c00000/segment@200000/target-module@b000/i2c@0/tda19988@70: Fixed dependency cycle(s) with /ocp/interconnect@48000000/segment@300000/target-module@e000/lcdc@0
[    0.144102] /ocp/interconnect@48000000/segment@300000/target-module@e000/lcdc@0: Fixed dependency cycle(s) with /ocp/interconnect@44c00000/segment@200000/target-module@b000/i2c@0/tda19988@70
[    0.146286] No ATAGs?
[    0.146322] hw-breakpoint: debug architecture 0x4 unsupported.
[    0.148944] kprobes: kprobe jump-optimization is enabled. All kprobes are optimized if possible.
[    0.153588] iommu: Default domain type: Translated
[    0.153611] iommu: DMA domain TLB invalidation policy: strict mode
[    0.155173] reg-fixed-voltage fixedregulator0: using DT '/fixedregulator0' for '(default)' GPIO lookup
[    0.155227] of_get_named_gpiod_flags: can't parse 'gpios' property of node '/fixedregulator0[0]'
[    0.155254] of_get_named_gpiod_flags: can't parse 'gpio' property of node '/fixedregulator0[0]'
[    0.155272] reg-fixed-voltage fixedregulator0: using lookup tables for GPIO lookup
[    0.155283] reg-fixed-voltage fixedregulator0: No GPIO consumer (default) found
[    0.161435] SCSI subsystem initialized
[    0.161919] libata version 3.00 loaded.
[    0.162301] pps_core: LinuxPPS API ver. 1 registered
[    0.162312] pps_core: Software ver. 5.3.6 - Copyright 2005-2007 Rodolfo Giometti <giometti@linux.it>
[    0.162335] PTP clock support registered
[    0.171209] vgaarb: loaded
[    0.171631] clocksource: Switched to clocksource dmtimer
[    0.172246] VFS: Disk quotas dquot_6.6.0
[    0.172307] VFS: Dquot-cache hash table entries: 1024 (order 0, 4096 bytes)
[    0.196595] NET: Registered PF_INET protocol family
[    0.196938] IP idents hash table entries: 8192 (order: 4, 65536 bytes, linear)
[    0.198377] tcp_listen_portaddr_hash hash table entries: 512 (order: 0, 4096 bytes, linear)
[    0.198411] Table-perturb hash table entries: 65536 (order: 6, 262144 bytes, linear)
[    0.198429] TCP established hash table entries: 4096 (order: 2, 16384 bytes, linear)
[    0.198474] TCP bind hash table entries: 4096 (order: 4, 65536 bytes, linear)
[    0.198574] TCP: Hash tables configured (established 4096 bind 4096)
[    0.198695] UDP hash table entries: 256 (order: 2, 14336 bytes, linear)
[    0.198727] UDP-Lite hash table entries: 256 (order: 2, 14336 bytes, linear)
[    0.198938] NET: Registered PF_UNIX/PF_LOCAL protocol family
[    0.212310] RPC: Registered named UNIX socket transport module.
[    0.212333] RPC: Registered udp transport module.
[    0.212338] RPC: Registered tcp transport module.
[    0.212343] RPC: Registered tcp-with-tls transport module.
[    0.212348] RPC: Registered tcp NFSv4.1 backchannel transport module.
[    0.212374] PCI: CLS 0 bytes, default 64
[    0.213810] Initialise system trusted keyrings
[    0.214408] workingset: timestamp_bits=14 max_order=17 bucket_order=3
[    0.216177] NFS: Registering the id_resolver key type
[    0.216247] Key type id_resolver registered
[    0.216254] Key type id_legacy registered
[    0.216360] jffs2: version 2.2. (NAND) (SUMMARY)  Â© 2001-2006 Red Hat, Inc.
[    0.217261] Key type asymmetric registered
[    0.217281] Asymmetric key parser 'x509' registered
[    0.217353] io scheduler mq-deadline registered
[    0.217363] io scheduler kyber registered
[    0.217441] io scheduler bfq registered
[    0.219252] target-module@4b000000:target-module@140000:pmu@0:fck: device ID is greater than 24
[    0.231907] ledtrig-cpu: registered to indicate activity on CPUs
[    0.235711] Serial: 8250/16550 driver, 6 ports, IRQ sharing enabled
[    0.277393] brd: module loaded
[    0.305116] loop: module loaded
[    0.306042] mtdoops: mtd device (mtddev=name/number) must be supplied
[    0.307574] mdio_bus fixed-0: using lookup tables for GPIO lookup
[    0.307598] mdio_bus fixed-0: No GPIO consumer reset found
[    0.309007] i2c_dev: i2c /dev entries driver
[    0.310024] cpuidle: enable-method property 'ti,am3352' found operations
[    0.310471] sdhci: Secure Digital Host Controller Interface driver
[    0.310481] sdhci: Copyright(c) Pierre Ossman
[    0.310669] sdhci-pltfm: SDHCI platform and OF driver helper
[    0.312340] hw perfevents: enabled with armv7_cortex_a8 PMU driver, 5 (8000000f) counters available
[    0.312887] Initializing XFRM netlink socket
[    0.313057] NET: Registered PF_INET6 protocol family
[    0.315067] Segment Routing with IPv6
[    0.315147] In-situ OAM (IOAM) with IPv6
[    0.315243] sit: IPv6, IPv4 and MPLS over IPv4 tunneling driver
[    0.316206] NET: Registered PF_PACKET protocol family
[    0.316224] PFKEY is deprecated and scheduled to be removed in 2027, please contact the netdev mailing list
[    0.316240] NET: Registered PF_KEY protocol family
[    0.316360] Key type dns_resolver registered
[    0.316587] ThumbEE CPU extension supported.
[    0.316607] Registering SWP/SWPB emulation handler
[    0.317127] omap_voltage_late_init: Voltage driver support not added
[    0.317796] SmartReflex Class3 initialized
[    0.348811] Loading compiled-in X.509 certificates
[    0.392812] /ocp/interconnect@44c00000/segment@200000/target-module@b000/i2c@0/tda19988@70: Fixed dependency cycle(s) with /ocp/interconnect@48000000/segment@300000/target-module@e000/lcdc@0
[    0.399248] /ocp/interconnect@44c00000/segment@200000/target-module@b000/i2c@0/tda19988@70: Fixed dependency cycle(s) with /ocp/interconnect@48000000/segment@300000/target-module@e000/lcdc@0
[    0.404991] gpiochip_find_base_unlocked: found new base at 512
[    0.420039] /ocp/interconnect@44c00000/segment@200000/target-module@b000/i2c@0/tda19988@70: Fixed dependency cycle(s) with /ocp/interconnect@48000000/segment@300000/target-module@e000/lcdc@0
[    0.420942] /ocp/interconnect@44c00000/segment@200000/target-module@b000/i2c@0/tda19988@70: Fixed dependency cycle(s) with /ocp/interconnect@48000000/segment@300000/target-module@e000/lcdc@0
[    0.424849] /ocp/interconnect@44c00000/segment@200000/target-module@10000/scm@0/pinmux@800: Fixed dependency cycle(s) with /ocp/interconnect@44c00000/segment@200000/target-module@10000/scm@0/pinmux@800/clkout2-pins
[    0.425461] pinctrl-single 44e10800.pinmux: 142 pins, size 568
[    0.468147] /ocp/interconnect@48000000/segment@300000/target-module@e000/lcdc@0: Fixed dependency cycle(s) with /ocp/interconnect@44c00000/segment@200000/target-module@b000/i2c@0/tda19988@70
[    0.488273] gpiochip_find_base_unlocked: found new base at 512
[    0.488374] gpio gpiochip0: (gpio-0-31): created GPIO range 0->7 ==> 44e10800.pinmux PIN 0->7
[    0.488394] gpio gpiochip0: (gpio-0-31): created GPIO range 8->11 ==> 44e10800.pinmux PIN 90->93
[    0.488410] gpio gpiochip0: (gpio-0-31): created GPIO range 12->27 ==> 44e10800.pinmux PIN 12->27
[    0.488426] gpio gpiochip0: (gpio-0-31): created GPIO range 28->31 ==> 44e10800.pinmux PIN 30->33
[    0.525260] gpio gpiochip0: (gpio-0-31): added GPIO chardev (254:0)
[    0.525494] gpio gpiochip0: registered GPIOs 512 to 543 on gpio-0-31
[    0.525582] OMAP GPIO hardware version 0.1
[    0.548100] i2c i2c-2: using DT '/ocp/interconnect@48000000/segment@100000/target-module@9c000/i2c@0' for 'scl' GPIO lookup
[    0.548172] of_get_named_gpiod_flags: can't parse 'scl-gpios' property of node '/ocp/interconnect@48000000/segment@100000/target-module@9c000/i2c@0[0]'
[    0.548215] of_get_named_gpiod_flags: can't parse 'scl-gpio' property of node '/ocp/interconnect@48000000/segment@100000/target-module@9c000/i2c@0[0]'
[    0.548251] i2c i2c-2: using lookup tables for GPIO lookup
[    0.548261] i2c i2c-2: No GPIO consumer scl found
[    0.548283] i2c i2c-2: using DT '/ocp/interconnect@48000000/segment@100000/target-module@9c000/i2c@0' for 'sda' GPIO lookup
[    0.548318] of_get_named_gpiod_flags: can't parse 'sda-gpios' property of node '/ocp/interconnect@48000000/segment@100000/target-module@9c000/i2c@0[0]'
[    0.548355] of_get_named_gpiod_flags: can't parse 'sda-gpio' property of node '/ocp/interconnect@48000000/segment@100000/target-module@9c000/i2c@0[0]'
[    0.548387] i2c i2c-2: using lookup tables for GPIO lookup
[    0.548394] i2c i2c-2: No GPIO consumer sda found
[    0.549121] omap_i2c 4819c000.i2c: bus 2 rev0.11 at 100 kHz
[    0.555212] gpiochip_find_base_unlocked: found new base at 544
[    0.555326] gpio gpiochip1: (gpio-32-63): created GPIO range 0->17 ==> 44e10800.pinmux PIN 34->51
[    0.555347] gpio gpiochip1: (gpio-32-63): created GPIO range 18->21 ==> 44e10800.pinmux PIN 77->80
[    0.555363] gpio gpiochip1: (gpio-32-63): created GPIO range 22->31 ==> 44e10800.pinmux PIN 56->65
[    0.568787] gpio gpiochip1: (gpio-32-63): added GPIO chardev (254:1)
[    0.569008] gpio gpiochip1: registered GPIOs 544 to 575 on gpio-32-63
[    0.571321] gpiochip_find_base_unlocked: found new base at 576
[    0.571410] gpio gpiochip2: (gpio-64-95): created GPIO range 0->4 ==> 44e10800.pinmux PIN 66->70
[    0.571430] gpio gpiochip2: (gpio-64-95): created GPIO range 5->6 ==> 44e10800.pinmux PIN 98->99
[    0.571446] gpio gpiochip2: (gpio-64-95): created GPIO range 7->8 ==> 44e10800.pinmux PIN 75->76
[    0.571461] gpio gpiochip2: (gpio-64-95): created GPIO range 13->13 ==> 44e10800.pinmux PIN 141->141
[    0.571478] gpio gpiochip2: (gpio-64-95): created GPIO range 14->21 ==> 44e10800.pinmux PIN 100->107
[    0.572346] gpio gpiochip2: (gpio-64-95): added GPIO chardev (254:2)
[    0.572585] gpio gpiochip2: registered GPIOs 576 to 607 on gpio-64-95
[    0.578331] 48000000.interconnect:segment@200000:target-module@0:mpu@0:fck: device ID is greater than 24
[    0.579228] /ocp/interconnect@48000000/segment@300000/target-module@e000/lcdc@0: Fixed dependency cycle(s) with /ocp/interconnect@44c00000/segment@200000/target-module@b000/i2c@0/tda19988@70
[    0.582392] /ocp/interconnect@48000000/segment@300000/target-module@e000/lcdc@0: Fixed dependency cycle(s) with /ocp/interconnect@44c00000/segment@200000/target-module@b000/i2c@0/tda19988@70
[    0.583166] /ocp/interconnect@44c00000/segment@200000/target-module@b000/i2c@0/tda19988@70: Fixed dependency cycle(s) with /ocp/interconnect@48000000/segment@300000/target-module@e000/lcdc@0
[    0.583339] /ocp/interconnect@48000000/segment@300000/target-module@e000/lcdc@0: Fixed dependency cycle(s) with /ocp/interconnect@44c00000/segment@200000/target-module@b000/i2c@0/tda19988@70
[    0.590894] sdhci-omap 481d8000.mmc: using DT '/ocp/interconnect@48000000/segment@100000/target-module@d8000/mmc@0' for 'wp' GPIO lookup
[    0.590968] of_get_named_gpiod_flags: can't parse 'wp-gpios' property of node '/ocp/interconnect@48000000/segment@100000/target-module@d8000/mmc@0[0]'
[    0.591013] of_get_named_gpiod_flags: can't parse 'wp-gpio' property of node '/ocp/interconnect@48000000/segment@100000/target-module@d8000/mmc@0[0]'
[    0.591050] sdhci-omap 481d8000.mmc: using lookup tables for GPIO lookup
[    0.591060] sdhci-omap 481d8000.mmc: No GPIO consumer wp found
[    0.591257] sdhci-omap 481d8000.mmc: supply pbias not found, using dummy regulator
[    0.592552] sdhci-omap 481d8000.mmc: supply vqmmc not found, using dummy regulator
[    0.607823] mdio_bus 4a101000.mdio: using DT '/ocp/interconnect@4a000000/segment@0/target-module@100000/switch@0/mdio@1000' for 'reset' GPIO lookup
[    0.607894] of_get_named_gpiod_flags: can't parse 'reset-gpios' property of node '/ocp/interconnect@4a000000/segment@0/target-module@100000/switch@0/mdio@1000[0]'
[    0.607941] of_get_named_gpiod_flags: can't parse 'reset-gpio' property of node '/ocp/interconnect@4a000000/segment@0/target-module@100000/switch@0/mdio@1000[0]'
[    0.607988] mdio_bus 4a101000.mdio: using lookup tables for GPIO lookup
[    0.607999] mdio_bus 4a101000.mdio: No GPIO consumer reset found
[    0.657216] davinci_mdio 4a101000.mdio: davinci mdio revision 1.6, bus freq 1000000
[    0.693226] mdio_bus 4a101000.mdio:00: using DT '/ocp/interconnect@4a000000/segment@0/target-module@100000/switch@0/mdio@1000/ethernet-phy@0' for 'reset' GPIO lookup
[    0.693324] of_get_named_gpiod_flags: parsed 'reset-gpios' property of node '/ocp/interconnect@4a000000/segment@0/target-module@100000/switch@0/mdio@1000/ethernet-phy@0[0]' - status (0)
[    0.693480] gpio gpiochip0: Persistence not supported for GPIO 8
[    0.829470] davinci_mdio 4a101000.mdio: phy[0]: device 4a101000.mdio:00, driver SMSC LAN8710/LAN8720
[    0.830238] cpsw-switch 4a100000.switch: initialized cpsw ale version 1.4
[    0.830258] cpsw-switch 4a100000.switch: ALE Table size 1024, Policers 0
[    0.830431] cpsw-switch 4a100000.switch: cpts: overflow check period 500 (jiffies)
[    0.830447] cpsw-switch 4a100000.switch: CPTS: ref_clk_freq:250000000 calc_mult:2147483648 calc_shift:29 error:0 nsec/sec
[    0.830544] cpsw-switch 4a100000.switch: Detected MACID = 6c:ec:eb:68:de:78
[    0.832599] cpsw-switch 4a100000.switch: initialized (regs 0x4a100000, pool size 256) hw_ver:0019010C 1.12 (0)
[    0.845993] debugfs: '49000000.dma' already exists in 'dmaengine'
[    0.846038] edma 49000000.dma: TI EDMA DMA engine driver
[    0.893390] ti-sysc 44e31000.target-module: Failed to create device link (0x180) with supplier ocp for /ocp/interconnect@44c00000/segment@200000/target-module@31000/timer@0
[    0.893451] ti-sysc 48040000.target-module: Failed to create device link (0x180) with supplier ocp for /ocp/interconnect@48000000/segment@0/target-module@40000/timer@0
[    0.894395] gpio-clk clk_mcasp0: using DT '/clk_mcasp0' for 'enable' GPIO lookup
[    0.894461] of_get_named_gpiod_flags: parsed 'enable-gpios' property of node '/clk_mcasp0[0]' - status (0)
[    0.894504] gpio gpiochip0: Persistence not supported for GPIO 27
[    0.895252] gpiochip_find_base_unlocked: found new base at 608
[    0.895364] gpio gpiochip3: (gpio-96-127): created GPIO range 0->7 ==> 44e10800.pinmux PIN 82->89
[    0.895384] gpio gpiochip3: (gpio-96-127): created GPIO range 8->11 ==> 44e10800.pinmux PIN 52->55
[    0.895401] gpio gpiochip3: (gpio-96-127): created GPIO range 12->15 ==> 44e10800.pinmux PIN 94->97
[    0.895417] gpio gpiochip3: (gpio-96-127): created GPIO range 16->17 ==> 44e10800.pinmux PIN 71->72
[    0.895432] gpio gpiochip3: (gpio-96-127): created GPIO range 18->18 ==> 44e10800.pinmux PIN 135->135
[    0.895449] gpio gpiochip3: (gpio-96-127): created GPIO range 19->20 ==> 44e10800.pinmux PIN 108->109
[    0.895466] gpio gpiochip3: (gpio-96-127): created GPIO range 21->21 ==> 44e10800.pinmux PIN 73->73
[    0.895483] gpio gpiochip3: (gpio-96-127): created GPIO range 22->23 ==> 44e10800.pinmux PIN 8->9
[    0.895500] gpio gpiochip3: (gpio-96-127): created GPIO range 26->27 ==> 44e10800.pinmux PIN 10->11
[    0.895518] gpio gpiochip3: (gpio-96-127): created GPIO range 28->28 ==> 44e10800.pinmux PIN 74->74
[    0.895536] gpio gpiochip3: (gpio-96-127): created GPIO range 29->29 ==> 44e10800.pinmux PIN 81->81
[    0.895554] gpio gpiochip3: (gpio-96-127): created GPIO range 30->31 ==> 44e10800.pinmux PIN 28->29
[    0.903623] gpio gpiochip3: (gpio-96-127): added GPIO chardev (254:3)
[    0.903869] gpio gpiochip3: registered GPIOs 608 to 639 on gpio-96-127
[    0.905797] omap8250 44e09000.serial: using DT '/ocp/interconnect@44c00000/segment@200000/target-module@9000/serial@0' for 'rs485-term' GPIO lookup
[    0.905868] of_get_named_gpiod_flags: can't parse 'rs485-term-gpios' property of node '/ocp/interconnect@44c00000/segment@200000/target-module@9000/serial@0[0]'
[    0.905912] of_get_named_gpiod_flags: can't parse 'rs485-term-gpio' property of node '/ocp/interconnect@44c00000/segment@200000/target-module@9000/serial@0[0]'
[    0.905949] omap8250 44e09000.serial: using lookup tables for GPIO lookup
[    0.905960] omap8250 44e09000.serial: No GPIO consumer rs485-term found
[    0.905971] omap8250 44e09000.serial: using DT '/ocp/interconnect@44c00000/segment@200000/target-module@9000/serial@0' for 'rs485-rx-during-tx' GPIO lookup
[    0.906006] of_get_named_gpiod_flags: can't parse 'rs485-rx-during-tx-gpios' property of node '/ocp/interconnect@44c00000/segment@200000/target-module@9000/serial@0[0]'
[    0.906044] of_get_named_gpiod_flags: can't parse 'rs485-rx-during-tx-gpio' property of node '/ocp/interconnect@44c00000/segment@200000/target-module@9000/serial@0[0]'
[    0.906076] omap8250 44e09000.serial: using lookup tables for GPIO lookup
[    0.906084] omap8250 44e09000.serial: No GPIO consumer rs485-rx-during-tx found
[    0.906533] 44e09000.serial: ttyS0 at MMIO 0x44e09000 (irq = 34, base_baud = 3000000) is a 8250
[    0.906654] printk: legacy console [ttyS0] enabled
[    2.437462] i2c i2c-0: using DT '/ocp/interconnect@44c00000/segment@200000/target-module@b000/i2c@0' for 'scl' GPIO lookup
[    2.437550] of_get_named_gpiod_flags: can't parse 'scl-gpios' property of node '/ocp/interconnect@44c00000/segment@200000/target-module@b000/i2c@0[0]'
[    2.437599] of_get_named_gpiod_flags: can't parse 'scl-gpio' property of node '/ocp/interconnect@44c00000/segment@200000/target-module@b000/i2c@0[0]'
[    2.437640] i2c i2c-0: using lookup tables for GPIO lookup
[    2.437654] i2c i2c-0: No GPIO consumer scl found
[    2.437679] i2c i2c-0: using DT '/ocp/interconnect@44c00000/segment@200000/target-module@b000/i2c@0' for 'sda' GPIO lookup
[    2.437719] of_get_named_gpiod_flags: can't parse 'sda-gpios' property of node '/ocp/interconnect@44c00000/segment@200000/target-module@b000/i2c@0[0]'
[    2.437760] of_get_named_gpiod_flags: can't parse 'sda-gpio' property of node '/ocp/interconnect@44c00000/segment@200000/target-module@b000/i2c@0[0]'
[    2.437796] i2c i2c-0: using lookup tables for GPIO lookup
[    2.437807] i2c i2c-0: No GPIO consumer sda found
[    2.452592] tps65217-pmic: Failed to locate of_node [id: -1]
[    2.458650] tps65217-bl: Failed to locate of_node [id: -1]
[    2.466125] platform tps65217-charger: DMA mask not set
[    2.473158] platform tps65217-pwrbutton: DMA mask not set
[    2.480916] tps65217 0-0024: TPS65217 ID 0xe version 1.2
[    2.486991] /ocp/interconnect@48000000/segment@300000/target-module@e000/lcdc@0: Fixed dependency cycle(s) with /ocp/interconnect@44c00000/segment@200000/target-module@b000/i2c@0/tda19988@70
[    2.504415] /ocp/interconnect@44c00000/segment@200000/target-module@b000/i2c@0/tda19988@70: Fixed dependency cycle(s) with /ocp/interconnect@48000000/segment@300000/target-module@e000/lcdc@0
[    2.521826] omap_i2c 44e0b000.i2c: bus 0 rev0.11 at 400 kHz
[    2.529666] sdhci-omap 48060000.mmc: using DT '/ocp/interconnect@48000000/segment@0/target-module@60000/mmc@0' for 'cd' GPIO lookup
[    2.529793] of_get_named_gpiod_flags: parsed 'cd-gpios' property of node '/ocp/interconnect@48000000/segment@0/target-module@60000/mmc@0[0]' - status (0)
[    2.529859] gpio gpiochip3: Persistence not supported for GPIO 6
[    2.529886] omap_gpio 44e07000.gpio: Could not set line 6 debounce to 200000 microseconds (-22)
[    2.538766] sdhci-omap 48060000.mmc: Got CD GPIO
[    2.543450] sdhci-omap 48060000.mmc: using DT '/ocp/interconnect@48000000/segment@0/target-module@60000/mmc@0' for 'wp' GPIO lookup
[    2.543503] of_get_named_gpiod_flags: can't parse 'wp-gpios' property of node '/ocp/interconnect@48000000/segment@0/target-module@60000/mmc@0[0]'
[    2.543547] of_get_named_gpiod_flags: can't parse 'wp-gpio' property of node '/ocp/interconnect@48000000/segment@0/target-module@60000/mmc@0[0]'
[    2.543587] sdhci-omap 48060000.mmc: using lookup tables for GPIO lookup
[    2.543601] sdhci-omap 48060000.mmc: No GPIO consumer wp found
[    2.543816] sdhci-omap 48060000.mmc: supply pbias not found, using dummy regulator
[    2.552726] sdhci-omap 481d8000.mmc: using DT '/ocp/interconnect@48000000/segment@100000/target-module@d8000/mmc@0' for 'wp' GPIO lookup
[    2.552802] of_get_named_gpiod_flags: can't parse 'wp-gpios' property of node '/ocp/interconnect@48000000/segment@100000/target-module@d8000/mmc@0[0]'
[    2.552849] of_get_named_gpiod_flags: can't parse 'wp-gpio' property of node '/ocp/interconnect@48000000/segment@100000/target-module@d8000/mmc@0[0]'
[    2.552889] sdhci-omap 481d8000.mmc: using lookup tables for GPIO lookup
[    2.552903] sdhci-omap 481d8000.mmc: No GPIO consumer wp found
[    2.554012] sdhci-omap 48060000.mmc: supply vqmmc not found, using dummy regulator
[    2.563209] sdhci-omap 481d8000.mmc: supply pbias not found, using dummy regulator
[    2.571364] sdhci-omap 481d8000.mmc: supply vqmmc not found, using dummy regulator
[    2.610317] mmc1: SDHCI controller on 481d8000.mmc [481d8000.mmc] using External DMA
[    2.619367] mmc0: SDHCI controller on 48060000.mmc [48060000.mmc] using External DMA
[    2.628249] cpsw-switch 4a100000.switch: starting ndev. mode: dual_mac
[    2.691904] mmc1: new high speed MMC card at address 0001
[    2.698737] mmcblk1: mmc1:0001 MMC04G 3.60 GiB
[    2.706561]  mmcblk1: p1 p2
[    2.710329] SMSC LAN8710/LAN8720 4a101000.mdio:00: attached PHY driver (mii_bus:phy_addr=4a101000.mdio:00, irq=POLL)
[    2.721866] mmcblk1boot0: mmc1:0001 MMC04G 2.00 MiB
[    2.736821] mmcblk1boot1: mmc1:0001 MMC04G 2.00 MiB
[    2.745761] mmcblk1rpmb: mmc1:0001 MMC04G 128 KiB, chardev (249:0)
[    2.795115] mmc0: new high speed SDHC card at address aaaa
[    2.802042] mmcblk0: mmc0:aaaa SE32G 29.7 GiB
[    2.811051]  mmcblk0: p1 p2
[    5.842354] cpsw-switch 4a100000.switch eth0: Link is Up - 100Mbps/Full - flow control off
[    5.871606] IP-Config: Complete:
[    5.874877]      device=eth0, hwaddr=6c:ec:eb:68:de:78, ipaddr=192.168.255.1, mask=255.255.255.0, gw=255.255.255.255
[    5.885514]      host=bbb1, domain=, nis-domain=(none)
[    5.890681]      bootserver=192.168.255.126, rootserver=192.168.255.126, rootpath=
[    5.891108] clk: Disabling unused clocks
[    5.902964] PM: genpd: Disabling unused power domains
[    5.908132] KTAP version 1
[    5.910858] 1..0
[    5.913748] check access for rdinit=/init failed: -2, ignoring
[    5.947409] VFS: Mounted root (nfs filesystem) on device 0:17.
[    5.954467] devtmpfs: mounted
[    5.958990] Freeing unused kernel image (initmem) memory: 1024K
[    5.965995] Run /sbin/init as init process
[    5.970129]   with arguments:
[    5.970141]     /sbin/init
[    5.970150]     nfsrootdebug
[    5.970160]   with environment:
[    5.970169]     HOME=/
[    5.970177]     TERM=linux
[    6.668229] systemd[1]: System time before build time, advancing clock.
[    8.241618] random: crng init done
[    8.264164] systemd[1]: systemd 232 running in system mode. (+PAM +AUDIT +SELINUX +IMA +APPARMOR +SMACK +SYSVINIT +UTMP +LIBCRYPTSETUP +GCRYPT +GNUTLS +ACL +XZ +LZ4 +SECCOMP +BLKID +ELFUTILS +KMOD +IDN)
[    8.283277] systemd[1]: Detected architecture arm.
[    8.314629] systemd[1]: Set hostname to <arm>.
[    9.423884] systemd[1]: Created slice System Slice.
[    9.446012] systemd[1]: syslog.socket: SO_PASSSEC failed: Operation not supported
[    9.454048] systemd[1]: Listening on Syslog Socket.
[    9.495542] systemd[1]: Mounting POSIX Message Queue File System...
[    9.524324] systemd[1]: Listening on udev Control Socket.
[    9.558122] systemd[1]: systemd-journald.socket: SO_PASSSEC failed: Operation not supported
[    9.592589] systemd[1]: systemd-journald.socket: SO_PASSSEC failed: Operation not supported
[   11.133278] systemd-journald[112]: Received request to flush runtime journal from PID 1
[   12.642055] omap_prm 44e00d00.prm: sync_state() pending due to 44d00000.cpu
[   14.733389] leds-gpio leds: using DT '/leds/led2' for '(default)' GPIO lookup
[   14.733492] of_get_named_gpiod_flags: parsed 'gpios' property of node '/leds/led2[0]' - status (0)
[   14.733549] gpio gpiochip0: Persistence not supported for GPIO 21
[   14.733564] gpio-533 (?): no flags found for GPIO (default)
[   14.772009] leds-gpio leds: using DT '/leds/led3' for '(default)' GPIO lookup
[   14.772116] of_get_named_gpiod_flags: parsed 'gpios' property of node '/leds/led3[0]' - status (0)
[   14.772171] gpio gpiochip0: Persistence not supported for GPIO 22
[   14.772187] gpio-534 (?): no flags found for GPIO (default)
[   14.792259] leds-gpio leds: using DT '/leds/led4' for '(default)' GPIO lookup
[   14.792356] of_get_named_gpiod_flags: parsed 'gpios' property of node '/leds/led4[0]' - status (0)
[   14.792409] gpio gpiochip0: Persistence not supported for GPIO 23
[   14.792424] gpio-535 (?): no flags found for GPIO (default)
[   14.861706] leds-gpio leds: using DT '/leds/led5' for '(default)' GPIO lookup
[   14.861808] of_get_named_gpiod_flags: parsed 'gpios' property of node '/leds/led5[0]' - status (0)
[   14.861861] gpio gpiochip0: Persistence not supported for GPIO 24
[   14.861876] gpio-536 (?): no flags found for GPIO (default)
[   15.054760] remoteproc remoteproc0: wkup_m3 is available
[   15.314581] at24 2-0054: supply vcc not found, using dummy regulator
[   15.462124] at24 2-0055: supply vcc not found, using dummy regulator
[   15.585424] at24 2-0056: supply vcc not found, using dummy regulator
[   15.697701] at24 2-0057: supply vcc not found, using dummy regulator
[   15.830335] at24 0-0050: using DT '/ocp/interconnect@44c00000/segment@200000/target-module@b000/i2c@0/eeprom@50' for 'wp' GPIO lookup
[   15.830450] of_get_named_gpiod_flags: can't parse 'wp-gpios' property of node '/ocp/interconnect@44c00000/segment@200000/target-module@b000/i2c@0/eeprom@50[0]'
[   15.830509] of_get_named_gpiod_flags: can't parse 'wp-gpio' property of node '/ocp/interconnect@44c00000/segment@200000/target-module@b000/i2c@0/eeprom@50[0]'
[   15.830557] at24 0-0050: using lookup tables for GPIO lookup
[   15.830572] at24 0-0050: No GPIO consumer wp found
[   15.831500] at24 0-0050: 4096 byte 24c32 EEPROM, writable, 1 bytes/write
[   16.012985] input: tps65217_pwrbutton as /devices/platform/ocp/44c00000.interconnect/44c00000.interconnect:segment@200000/44e0b000.target-module/44e0b000.i2c/i2c-0/0-0024/tps65217-pwrbutton/input/input0
[   16.301792] omap_rtc 44e3e000.rtc: registered as rtc0
[   16.306985] omap_rtc 44e3e000.rtc: setting system clock to 2000-01-01T00:00:00 UTC (946684800)
[   16.315780] omap_rtc 44e3e000.rtc: using DT '/ocp/interconnect@44c00000/segment@200000/target-module@3e000/rtc@0' for 'wp' GPIO lookup
[   16.315855] of_get_named_gpiod_flags: can't parse 'wp-gpios' property of node '/ocp/interconnect@44c00000/segment@200000/target-module@3e000/rtc@0[0]'
[   16.315906] of_get_named_gpiod_flags: can't parse 'wp-gpio' property of node '/ocp/interconnect@44c00000/segment@200000/target-module@3e000/rtc@0[0]'
[   16.315948] omap_rtc 44e3e000.rtc: using lookup tables for GPIO lookup
[   16.315962] omap_rtc 44e3e000.rtc: No GPIO consumer wp found
[   16.552066] omap_wdt: OMAP Watchdog Timer Rev 0x01: initial timeout 60 sec
[   16.754153] am335x-phy-driver 47401300.usb-phy: using DT '/ocp/target-module@47400000/usb-phy@1300' for 'reset' GPIO lookup
[   16.754246] of_get_named_gpiod_flags: can't parse 'reset-gpios' property of node '/ocp/target-module@47400000/usb-phy@1300[0]'
[   16.754291] of_get_named_gpiod_flags: can't parse 'reset-gpio' property of node '/ocp/target-module@47400000/usb-phy@1300[0]'
[   16.754331] am335x-phy-driver 47401300.usb-phy: using lookup tables for GPIO lookup
[   16.754346] am335x-phy-driver 47401300.usb-phy: No GPIO consumer reset found
[   16.754361] am335x-phy-driver 47401300.usb-phy: using DT '/ocp/target-module@47400000/usb-phy@1300' for 'vbus-detect' GPIO lookup
[   16.754392] of_get_named_gpiod_flags: can't parse 'vbus-detect-gpios' property of node '/ocp/target-module@47400000/usb-phy@1300[0]'
[   16.754424] of_get_named_gpiod_flags: can't parse 'vbus-detect-gpio' property of node '/ocp/target-module@47400000/usb-phy@1300[0]'
[   16.754450] am335x-phy-driver 47401300.usb-phy: using lookup tables for GPIO lookup
[   16.754462] am335x-phy-driver 47401300.usb-phy: No GPIO consumer vbus-detect found
[   16.754611] am335x-phy-driver 47401300.usb-phy: dummy supplies not allowed for exclusive requests (id=vbus)
[   16.929812] am335x-phy-driver 47401b00.usb-phy: using DT '/ocp/target-module@47400000/usb-phy@1b00' for 'reset' GPIO lookup
[   16.929905] of_get_named_gpiod_flags: can't parse 'reset-gpios' property of node '/ocp/target-module@47400000/usb-phy@1b00[0]'
[   16.929947] of_get_named_gpiod_flags: can't parse 'reset-gpio' property of node '/ocp/target-module@47400000/usb-phy@1b00[0]'
[   16.929987] am335x-phy-driver 47401b00.usb-phy: using lookup tables for GPIO lookup
[   16.930002] am335x-phy-driver 47401b00.usb-phy: No GPIO consumer reset found
[   16.930018] am335x-phy-driver 47401b00.usb-phy: using DT '/ocp/target-module@47400000/usb-phy@1b00' for 'vbus-detect' GPIO lookup
[   16.930049] of_get_named_gpiod_flags: can't parse 'vbus-detect-gpios' property of node '/ocp/target-module@47400000/usb-phy@1b00[0]'
[   16.930082] of_get_named_gpiod_flags: can't parse 'vbus-detect-gpio' property of node '/ocp/target-module@47400000/usb-phy@1b00[0]'
[   16.930108] am335x-phy-driver 47401b00.usb-phy: using lookup tables for GPIO lookup
[   16.930120] am335x-phy-driver 47401b00.usb-phy: No GPIO consumer vbus-detect found
[   16.930270] am335x-phy-driver 47401b00.usb-phy: dummy supplies not allowed for exclusive requests (id=vbus)
[   17.339889] usbcore: registered new interface driver usbfs
[   17.345787] usbcore: registered new interface driver hub
[   17.351223] usbcore: registered new device driver usb
[   18.020595] musb-hdrc musb-hdrc.1: MUSB HDRC host driver
[   18.026251] musb-hdrc musb-hdrc.1: new USB bus registered, assigned bus number 1
[   18.072267] tda998x 0-0070: found TDA19988
[   18.088873] omap-mailbox 480c8000.mailbox: omap mailbox rev 0x400
[   18.137399] remoteproc remoteproc0: powering up wkup_m3
[   18.238413] remoteproc remoteproc0: Direct firmware load for am335x-pm-firmware.elf failed with error -2
[   18.248186] remoteproc remoteproc0: request_firmware failed: -2
[   18.254235] wkup_m3_ipc 44e11324.wkup_m3_ipc: rproc_boot failed
[   18.260996] usb usb1: New USB device found, idVendor=1d6b, idProduct=0002, bcdDevice= 6.18
[   18.269409] usb usb1: New USB device strings: Mfr=3, Product=2, SerialNumber=1
[   18.276701] usb usb1: Product: MUSB HDRC host driver
[   18.281818] usb usb1: Manufacturer: Linux 6.18.0-rc6-next-20251118 musb-hcd
[   18.288821] usb usb1: SerialNumber: musb-hdrc.1
[   18.622881] hub 1-0:1.0: USB hub found
[   18.692723] hub 1-0:1.0: 1 port detected
[   20.551997] omap_rng 48310000.rng: Random Number Generator ver. 20
[   21.014688] tilcdc 4830e000.lcdc: bound 0-0070 (ops tda998x_driver_exit [tda998x])
[   21.185258] [drm] Initialized tilcdc 1.0.0 for 4830e000.lcdc on minor 0
[   21.377340] tilcdc 4830e000.lcdc: [drm] Cannot find any crtc or sizes
[   21.403041] tilcdc 4830e000.lcdc: [drm] Cannot find any crtc or sizes
[   22.706785] PM: Cannot get wkup_m3_ipc handle
[   22.745535] omap-sham 53100000.sham: hw accel on OMAP rev 4.3
[   22.864156] omap-sham 53100000.sham: will run requests pump with realtime priority
[   22.873031] PM: Cannot get wkup_m3_ipc handle
[   23.043764] omap-aes 53500000.aes: OMAP AES hw accel rev: 3.2
[   23.160803] omap-aes 53500000.aes: will run requests pump with realtime priority
[   23.172157] PM: Cannot get wkup_m3_ipc handle
[   24.606000] ------------[ cut here ]------------
[   24.610701] WARNING: net/8021q/vlan_core.c:236 at vlan_for_each+0x114/0x134, CPU#0: avahi-daemon/320
[   24.620047] RTNL: assertion failed at net/8021q/vlan_core.c (236)
[   24.626205] Modules linked in: ecdh_generic ecc snd_soc_simple_card omap_aes_driver snd_soc_simple_card_utils omap_crypto omap_sham pm33xx libaes ti_emif_sram crypto_engine tilcdc drm_dma_helper omap_rng drm_client_lib rng_core snd_soc_davinci_mcasp snd_soc_ti_udma snd_soc_ti_edma snd_soc_ti_sdma snd_soc_core snd_pcm_dmaengine snd_pcm snd_timer snd omap_mailbox musb_dsps musb_hdrc tda998x soundcore cec udc_core drm_kms_helper usbcore phy_am335x phy_generic drm omap_wdt usb_common cppi41 rtc_omap watchdog wkup_m3_ipc tps65218_pwrbutton drm_panel_orientation_quirks at24 phy_am335x_control wkup_m3_rproc leds_gpio led_class cpufreq_dt autofs4
[   24.683433] CPU: 0 UID: 107 PID: 320 Comm: avahi-daemon Not tainted 6.18.0-rc6-next-20251118 #1 NONE 
[   24.683454] Hardware name: Generic AM33XX (Flattened Device Tree)
[   24.683463] Call trace: 
[   24.683480]  unwind_backtrace from show_stack+0x10/0x14
[   24.683517]  show_stack from dump_stack_lvl+0x50/0x64
[   24.683543]  dump_stack_lvl from __warn+0x88/0x148
[   24.683561]  __warn from warn_slowpath_fmt+0x19c/0x1b0
[   24.683574]  warn_slowpath_fmt from vlan_for_each+0x114/0x134
[   24.683592]  vlan_for_each from cpsw_add_mc_addr+0x40/0xa4
[   24.683625]  cpsw_add_mc_addr from __hw_addr_ref_sync_dev+0x108/0x140
[   24.683652]  __hw_addr_ref_sync_dev from __dev_mc_add+0x7c/0x80
[   24.683671]  __dev_mc_add from igmp6_group_added+0xc8/0xe0
[   24.683691]  igmp6_group_added from __ipv6_dev_mc_inc+0x218/0x364
[   24.683706]  __ipv6_dev_mc_inc from __ipv6_sock_mc_join+0x11c/0x1c0
[   24.683720]  __ipv6_sock_mc_join from do_ipv6_setsockopt+0x1214/0x1310
[   24.683744]  do_ipv6_setsockopt from ipv6_setsockopt+0x60/0xcc
[   24.683762]  ipv6_setsockopt from udpv6_setsockopt+0x2c/0x6c
[   24.683782]  udpv6_setsockopt from sock_common_setsockopt+0x30/0x40
[   24.683808]  sock_common_setsockopt from do_sock_setsockopt+0x50/0x9c
[   24.683842]  do_sock_setsockopt from __sys_setsockopt+0x70/0xbc
[   24.683862]  __sys_setsockopt from ret_fast_syscall+0x0/0x58
[   24.683877] Exception stack(0xe02e5fa8 to 0xe02e5ff0)
[   24.683892] 5fa0:                   00000014 b6fb8ce8 0000000d 00000029 00000014 befa29ec
[   24.683904] 5fc0: 00000014 b6fb8ce8 00000014 00000126 0000000d b6f61ff4 0047e988 00466558
[   24.683913] 5fe0: b6f77088 befa29d8 b6f54309 b6e2b41a
[   24.683920] ---[ end trace 0000000000000000 ]---
[   25.478453] Bluetooth: Core ver 2.22
[   25.482448] NET: Registered PF_BLUETOOTH protocol family
[   25.487800] Bluetooth: HCI device and connection manager initialized
[   25.494302] Bluetooth: HCI socket layer initialized
[   25.499219] Bluetooth: L2CAP socket layer initialized
[   25.504382] Bluetooth: SCO socket layer initialized
[   26.825200] PM: Cannot get wkup_m3_ipc handle
[   26.830937] asoc-simple-card sound: using DT '/sound' for 'simple-audio-card,hp-det' GPIO lookup
[   26.831014] of_get_named_gpiod_flags: can't parse 'simple-audio-card,hp-det-gpios' property of node '/sound[0]'
[   26.831049] of_get_named_gpiod_flags: can't parse 'simple-audio-card,hp-det-gpio' property of node '/sound[0]'
[   26.831075] asoc-simple-card sound: using lookup tables for GPIO lookup
[   26.831089] asoc-simple-card sound: No GPIO consumer simple-audio-card,hp-det found
[   26.831103] asoc-simple-card sound: using DT '/sound' for 'simple-audio-card,mic-det' GPIO lookup
[   26.831128] of_get_named_gpiod_flags: can't parse 'simple-audio-card,mic-det-gpios' property of node '/sound[0]'
[   26.831156] of_get_named_gpiod_flags: can't parse 'simple-audio-card,mic-det-gpio' property of node '/sound[0]'
[   26.831176] asoc-simple-card sound: using lookup tables for GPIO lookup
[   26.831187] asoc-simple-card sound: No GPIO consumer simple-audio-card,mic-det found
[   26.942036] tda998x 0-0070: using DT '/ocp/interconnect@44c00000/segment@200000/target-module@b000/i2c@0/tda19988@70' for 'nxp,calib' GPIO lookup
[   26.942180] of_get_named_gpiod_flags: parsed 'nxp,calib-gpios' property of node '/ocp/interconnect@44c00000/segment@200000/target-module@b000/i2c@0/tda19988@70[0]' - status (0)
[   26.942262] gpio gpiochip0: Persistence not supported for GPIO 25
[   26.942277] gpio-537 (nxp,calib): no flags found for GPIO nxp,calib
[   26.973905] PM: Cannot get wkup_m3_ipc handle
[   26.992040] gpio-537 (nxp,calib): gpiod_direction_output_nonotify: tried to set a GPIO tied to an IRQ as output
[   27.276080] tda9950 0-0034: TDA9950 CEC interface, hardware version 3.3
[   27.360782] PM: Cannot get wkup_m3_ipc handle
[   30.183738] userial_init: registered 8 ttyGS* devices
[   30.348369] rndis_register: configNr = 0
[   30.391913] udc musb-hdrc.0: binding gadget driver [g_multi]
[   30.392012] configfs-gadget.g_multi gadget.0: adding 'rndis'/4bd778e7 to config 'c'/69185026
[   30.393170] configfs-gadget.g_multi gadget.0: HOST MAC 1c:ba:8c:a2:ed:6c
[   30.399948] configfs-gadget.g_multi gadget.0: MAC 1c:ba:8c:a2:ed:70
[   30.406446] rndis_set_param_medium: 0 0
[   30.406472] configfs-gadget.g_multi gadget.0: RNDIS: IN/ep1in OUT/ep1out NOTIFY/ep2in
[   30.406489] configfs-gadget.g_multi gadget.0: adding 'cdc_ethernet'/f0f55b08 to config 'c'/69185026
[   30.407381] configfs-gadget.g_multi gadget.0: HOST MAC 1c:ba:8c:a2:ed:6c
[   30.414248] configfs-gadget.g_multi gadget.0: MAC 1c:ba:8c:a2:ed:6d
[   30.420582] configfs-gadget.g_multi gadget.0: CDC Ethernet: IN/ep3in OUT/ep2out NOTIFY/ep4in
[   30.420600] configfs-gadget.g_multi gadget.0: adding 'acm'/c1dc2875 to config 'c'/69185026
[   30.420648] configfs-gadget.g_multi gadget.0: acm ttyGS0: IN/ep5in OUT/ep3out NOTIFY/ep6in
[   30.422500] PM: Cannot get wkup_m3_ipc handle
[   32.362822] configfs-gadget.g_multi gadget.0: eth_open
[   36.335071] gs_open: ttyGS0 (8e358c3e,1999e94b)
[   36.335222] gs_close: ttyGS0 (8e358c3e,1999e94b) ...
[   36.335246] gs_close: ttyGS0 (8e358c3e,1999e94b) done!
[   36.352165] gs_open: ttyGS0 (a3fa6b91,3499b8a2)
[   36.352314] gs_close: ttyGS0 (a3fa6b91,3499b8a2) ...
[   36.352341] gs_close: ttyGS0 (a3fa6b91,3499b8a2) done!
[   36.486118] gs_open: ttyGS0 (39ca0dbd,1245a837)
[   36.486393] gs_close: ttyGS0 (39ca0dbd,1245a837) ...
[   36.486428] gs_close: ttyGS0 (39ca0dbd,1245a837) done!
[   36.488290] gs_open: ttyGS0 (39ca0dbd,ac8f771f)
QOPJCCHLHN 0
root@arm:~# echo 'LASB''WVVMFC'
LASBWVVMFC
root@arm:~# MARKER='ULOG''KJZQNE' run 'modprobe test_linear_ranges'
ULOGKJZQNEULOGKJZQNE 0
root@arm:~# echo 'HVBZ''FPZBNF'
HVBZFPZBNF
root@arm:~# MARKER='LTXZ''XYBXQJ' run dmesg
LTXZXYBXQJ[    0.000000] Booting Linux on physical CPU 0x0
[    0.000000] Linux version 6.18.0-rc6-next-20251118 (user01@drvtest01) (arm-none-eabi-gcc (Arm GNU Toolchain 14.2.Rel1 (Build arm-14.52)) 14.2.1 20241119, GNU ld (Arm GNU Toolchain 14.2.Rel1 (Build arm-14.52)) 2.43.1.20241119) #1 SMP Tue Nov 18 06:33:25 EET 2025
[    0.000000] CPU: ARMv7 Processor [413fc082] revision 2 (ARMv7), cr=10c5387d
[    0.000000] CPU: PIPT / VIPT nonaliasing data cache, VIPT aliasing instruction cache
[    0.000000] OF: fdt: Machine model: TI AM335x BeagleBone Black
[    0.000000] Memory policy: Data cache writeback
[    0.000000] cma: Reserved 16 MiB at 0x9e800000
[    0.000000] Zone ranges:
[    0.000000]   Normal   [mem 0x0000000080000000-0x000000009fdfffff]
[    0.000000]   HighMem  empty
[    0.000000] Movable zone start for each node
[    0.000000] Early memory node ranges
[    0.000000]   node   0: [mem 0x0000000080000000-0x000000009fdfffff]
[    0.000000] Initmem setup node 0 [mem 0x0000000080000000-0x000000009fdfffff]
[    0.000000] On node 0, zone Normal: 512 pages in unavailable ranges
[    0.000000] OF: reserved mem: Reserved memory: No reserved-memory node in the DT
[    0.000000] CPU: All CPU(s) started in SVC mode.
[    0.000000] AM335X ES2.1 (sgx neon)
[    0.000000] percpu: Embedded 17 pages/cpu s39948 r8192 d21492 u69632
[    0.000000] pcpu-alloc: s39948 r8192 d21492 u69632 alloc=17*4096
[    0.000000] pcpu-alloc: [0] 0 
[    0.000000] Kernel command line: console=ttyO0,115200n8 root=/dev/nfs rw nfsroot=192.168.255.126:/home/user01/nfs,nfsvers=3 ip=192.168.255.1:192.168.255.126::255.255.255.0:bbb1:eth0 nfsrootdebug
[    0.000000] Unknown kernel command line parameters "nfsrootdebug", will be passed to user space.
[    0.000000] printk: log buffer data + meta data: 65536 + 204800 = 270336 bytes
[    0.000000] Dentry cache hash table entries: 65536 (order: 6, 262144 bytes, linear)
[    0.000000] Inode-cache hash table entries: 32768 (order: 5, 131072 bytes, linear)
[    0.000000] Built 1 zonelists, mobility grouping on.  Total pages: 130560
[    0.000000] mem auto-init: stack:off, heap alloc:off, heap free:off
[    0.000000] SLUB: HWalign=16, Order=0-3, MinObjects=0, CPUs=1, Nodes=1
[    0.000000] rcu: Hierarchical RCU implementation.
[    0.000000] rcu: 	RCU event tracing is enabled.
[    0.000000] rcu: 	RCU restricting CPUs from NR_CPUS=2 to nr_cpu_ids=1.
[    0.000000] 	Tracing variant of Tasks RCU enabled.
[    0.000000] rcu: RCU calculated value of scheduler-enlistment delay is 10 jiffies.
[    0.000000] rcu: Adjusting geometry for rcu_fanout_leaf=16, nr_cpu_ids=1
[    0.000000] RCU Tasks Trace: Setting shift to 0 and lim to 1 rcu_task_cb_adjust=1 rcu_task_cpu_ids=1.
[    0.000000] NR_IRQS: 16, nr_irqs: 16, preallocated irqs: 16
[    0.000000] IRQ: Found an INTC at 0x(ptrval) (revision 5.0) with 128 interrupts
[    0.000000] rcu: srcu_init: Setting srcu_struct sizes based on contention.
[    0.000000] TI gptimer clocksource: always-on /ocp/interconnect@44c00000/segment@200000/target-module@31000
[    0.000003] sched_clock: 32 bits at 24MHz, resolution 41ns, wraps every 89478484971ns
[    0.000027] clocksource: dmtimer: mask: 0xffffffff max_cycles: 0xffffffff, max_idle_ns: 79635851949 ns
[    0.000565] TI gptimer clockevent: 24000000 Hz at /ocp/interconnect@48000000/segment@0/target-module@40000
[    0.002121] Console: colour dummy device 80x30
[    0.002187] WARNING: Your 'console=ttyO0' has been replaced by 'ttyS0'
[    0.002195] This ensures that you still see kernel messages. Please
[    0.002199] update your kernel commandline.
[    0.002241] Calibrating delay loop... 996.14 BogoMIPS (lpj=4980736)
[    0.090677] CPU: Testing write buffer coherency: ok
[    0.090757] CPU0: Spectre v2: using BPIALL workaround
[    0.090768] pid_max: default: 32768 minimum: 301
[    0.091075] Mount-cache hash table entries: 1024 (order: 0, 4096 bytes, linear)
[    0.091095] Mountpoint-cache hash table entries: 1024 (order: 0, 4096 bytes, linear)
[    0.092687] CPU0: thread -1, cpu 0, socket -1, mpidr 0
[    0.092742] cacheinfo: Unable to detect cache hierarchy for CPU 0
[    0.094744] Setting up static identity map for 0x80100000 - 0x80100078
[    0.095061] rcu: Hierarchical SRCU implementation.
[    0.095071] rcu: 	Max phase no-delay instances is 1000.
[    0.096809] smp: Bringing up secondary CPUs ...
[    0.096864] smp: Brought up 1 node, 1 CPU
[    0.096876] SMP: Total of 1 processors activated (996.14 BogoMIPS).
[    0.096888] CPU: All CPU(s) started in SVC mode.
[    0.097135] Memory: 479964K/522240K available (12288K kernel code, 1231K rwdata, 2956K rodata, 1024K init, 256K bss, 24364K reserved, 16384K cma-reserved, 0K highmem)
[    0.097995] devtmpfs: initialized
[    0.115364] VFP support v0.3: implementor 41 architecture 3 part 30 variant c rev 3
[    0.116046] clocksource: jiffies: mask: 0xffffffff max_cycles: 0xffffffff, max_idle_ns: 19112604462750000 ns
[    0.116103] posixtimers hash table entries: 512 (order: 0, 4096 bytes, linear)
[    0.116128] futex hash table entries: 256 (16384 bytes on 1 NUMA nodes, total 16 KiB, linear).
[    0.119309] NET: Registered PF_NETLINK/PF_ROUTE protocol family
[    0.122458] DMA: preallocated 256 KiB pool for atomic coherent allocations
[    0.123429] audit: initializing netlink subsys (disabled)
[    0.124779] thermal_sys: Registered thermal governor 'fair_share'
[    0.124795] thermal_sys: Registered thermal governor 'step_wise'
[    0.124804] thermal_sys: Registered thermal governor 'user_space'
[    0.124917] audit: type=2000 audit(0.120:1): state=initialized audit_enabled=0 res=1
[    0.124990] cpuidle: using governor menu
[    0.143032] /ocp/interconnect@44c00000/segment@200000/target-module@b000/i2c@0/tda19988@70: Fixed dependency cycle(s) with /ocp/interconnect@48000000/segment@300000/target-module@e000/lcdc@0
[    0.144102] /ocp/interconnect@48000000/segment@300000/target-module@e000/lcdc@0: Fixed dependency cycle(s) with /ocp/interconnect@44c00000/segment@200000/target-module@b000/i2c@0/tda19988@70
[    0.146286] No ATAGs?
[    0.146322] hw-breakpoint: debug architecture 0x4 unsupported.
[    0.148944] kprobes: kprobe jump-optimization is enabled. All kprobes are optimized if possible.
[    0.153588] iommu: Default domain type: Translated
[    0.153611] iommu: DMA domain TLB invalidation policy: strict mode
[    0.155173] reg-fixed-voltage fixedregulator0: using DT '/fixedregulator0' for '(default)' GPIO lookup
[    0.155227] of_get_named_gpiod_flags: can't parse 'gpios' property of node '/fixedregulator0[0]'
[    0.155254] of_get_named_gpiod_flags: can't parse 'gpio' property of node '/fixedregulator0[0]'
[    0.155272] reg-fixed-voltage fixedregulator0: using lookup tables for GPIO lookup
[    0.155283] reg-fixed-voltage fixedregulator0: No GPIO consumer (default) found
[    0.161435] SCSI subsystem initialized
[    0.161919] libata version 3.00 loaded.
[    0.162301] pps_core: LinuxPPS API ver. 1 registered
[    0.162312] pps_core: Software ver. 5.3.6 - Copyright 2005-2007 Rodolfo Giometti <giometti@linux.it>
[    0.162335] PTP clock support registered
[    0.171209] vgaarb: loaded
[    0.171631] clocksource: Switched to clocksource dmtimer
[    0.172246] VFS: Disk quotas dquot_6.6.0
[    0.172307] VFS: Dquot-cache hash table entries: 1024 (order 0, 4096 bytes)
[    0.196595] NET: Registered PF_INET protocol family
[    0.196938] IP idents hash table entries: 8192 (order: 4, 65536 bytes, linear)
[    0.198377] tcp_listen_portaddr_hash hash table entries: 512 (order: 0, 4096 bytes, linear)
[    0.198411] Table-perturb hash table entries: 65536 (order: 6, 262144 bytes, linear)
[    0.198429] TCP established hash table entries: 4096 (order: 2, 16384 bytes, linear)
[    0.198474] TCP bind hash table entries: 4096 (order: 4, 65536 bytes, linear)
[    0.198574] TCP: Hash tables configured (established 4096 bind 4096)
[    0.198695] UDP hash table entries: 256 (order: 2, 14336 bytes, linear)
[    0.198727] UDP-Lite hash table entries: 256 (order: 2, 14336 bytes, linear)
[    0.198938] NET: Registered PF_UNIX/PF_LOCAL protocol family
[    0.212310] RPC: Registered named UNIX socket transport module.
[    0.212333] RPC: Registered udp transport module.
[    0.212338] RPC: Registered tcp transport module.
[    0.212343] RPC: Registered tcp-with-tls transport module.
[    0.212348] RPC: Registered tcp NFSv4.1 backchannel transport module.
[    0.212374] PCI: CLS 0 bytes, default 64
[    0.213810] Initialise system trusted keyrings
[    0.214408] workingset: timestamp_bits=14 max_order=17 bucket_order=3
[    0.216177] NFS: Registering the id_resolver key type
[    0.216247] Key type id_resolver registered
[    0.216254] Key type id_legacy registered
[    0.216360] jffs2: version 2.2. (NAND) (SUMMARY)  Â© 2001-2006 Red Hat, Inc.
[    0.217261] Key type asymmetric registered
[    0.217281] Asymmetric key parser 'x509' registered
[    0.217353] io scheduler mq-deadline registered
[    0.217363] io scheduler kyber registered
[    0.217441] io scheduler bfq registered
[    0.219252] target-module@4b000000:target-module@140000:pmu@0:fck: device ID is greater than 24
[    0.231907] ledtrig-cpu: registered to indicate activity on CPUs
[    0.235711] Serial: 8250/16550 driver, 6 ports, IRQ sharing enabled
[    0.277393] brd: module loaded
[    0.305116] loop: module loaded
[    0.306042] mtdoops: mtd device (mtddev=name/number) must be supplied
[    0.307574] mdio_bus fixed-0: using lookup tables for GPIO lookup
[    0.307598] mdio_bus fixed-0: No GPIO consumer reset found
[    0.309007] i2c_dev: i2c /dev entries driver
[    0.310024] cpuidle: enable-method property 'ti,am3352' found operations
[    0.310471] sdhci: Secure Digital Host Controller Interface driver
[    0.310481] sdhci: Copyright(c) Pierre Ossman
[    0.310669] sdhci-pltfm: SDHCI platform and OF driver helper
[    0.312340] hw perfevents: enabled with armv7_cortex_a8 PMU driver, 5 (8000000f) counters available
[    0.312887] Initializing XFRM netlink socket
[    0.313057] NET: Registered PF_INET6 protocol family
[    0.315067] Segment Routing with IPv6
[    0.315147] In-situ OAM (IOAM) with IPv6
[    0.315243] sit: IPv6, IPv4 and MPLS over IPv4 tunneling driver
[    0.316206] NET: Registered PF_PACKET protocol family
[    0.316224] PFKEY is deprecated and scheduled to be removed in 2027, please contact the netdev mailing list
[    0.316240] NET: Registered PF_KEY protocol family
[    0.316360] Key type dns_resolver registered
[    0.316587] ThumbEE CPU extension supported.
[    0.316607] Registering SWP/SWPB emulation handler
[    0.317127] omap_voltage_late_init: Voltage driver support not added
[    0.317796] SmartReflex Class3 initialized
[    0.348811] Loading compiled-in X.509 certificates
[    0.392812] /ocp/interconnect@44c00000/segment@200000/target-module@b000/i2c@0/tda19988@70: Fixed dependency cycle(s) with /ocp/interconnect@48000000/segment@300000/target-module@e000/lcdc@0
[    0.399248] /ocp/interconnect@44c00000/segment@200000/target-module@b000/i2c@0/tda19988@70: Fixed dependency cycle(s) with /ocp/interconnect@48000000/segment@300000/target-module@e000/lcdc@0
[    0.404991] gpiochip_find_base_unlocked: found new base at 512
[    0.420039] /ocp/interconnect@44c00000/segment@200000/target-module@b000/i2c@0/tda19988@70: Fixed dependency cycle(s) with /ocp/interconnect@48000000/segment@300000/target-module@e000/lcdc@0
[    0.420942] /ocp/interconnect@44c00000/segment@200000/target-module@b000/i2c@0/tda19988@70: Fixed dependency cycle(s) with /ocp/interconnect@48000000/segment@300000/target-module@e000/lcdc@0
[    0.424849] /ocp/interconnect@44c00000/segment@200000/target-module@10000/scm@0/pinmux@800: Fixed dependency cycle(s) with /ocp/interconnect@44c00000/segment@200000/target-module@10000/scm@0/pinmux@800/clkout2-pins
[    0.425461] pinctrl-single 44e10800.pinmux: 142 pins, size 568
[    0.468147] /ocp/interconnect@48000000/segment@300000/target-module@e000/lcdc@0: Fixed dependency cycle(s) with /ocp/interconnect@44c00000/segment@200000/target-module@b000/i2c@0/tda19988@70
[    0.488273] gpiochip_find_base_unlocked: found new base at 512
[    0.488374] gpio gpiochip0: (gpio-0-31): created GPIO range 0->7 ==> 44e10800.pinmux PIN 0->7
[    0.488394] gpio gpiochip0: (gpio-0-31): created GPIO range 8->11 ==> 44e10800.pinmux PIN 90->93
[    0.488410] gpio gpiochip0: (gpio-0-31): created GPIO range 12->27 ==> 44e10800.pinmux PIN 12->27
[    0.488426] gpio gpiochip0: (gpio-0-31): created GPIO range 28->31 ==> 44e10800.pinmux PIN 30->33
[    0.525260] gpio gpiochip0: (gpio-0-31): added GPIO chardev (254:0)
[    0.525494] gpio gpiochip0: registered GPIOs 512 to 543 on gpio-0-31
[    0.525582] OMAP GPIO hardware version 0.1
[    0.548100] i2c i2c-2: using DT '/ocp/interconnect@48000000/segment@100000/target-module@9c000/i2c@0' for 'scl' GPIO lookup
[    0.548172] of_get_named_gpiod_flags: can't parse 'scl-gpios' property of node '/ocp/interconnect@48000000/segment@100000/target-module@9c000/i2c@0[0]'
[    0.548215] of_get_named_gpiod_flags: can't parse 'scl-gpio' property of node '/ocp/interconnect@48000000/segment@100000/target-module@9c000/i2c@0[0]'
[    0.548251] i2c i2c-2: using lookup tables for GPIO lookup
[    0.548261] i2c i2c-2: No GPIO consumer scl found
[    0.548283] i2c i2c-2: using DT '/ocp/interconnect@48000000/segment@100000/target-module@9c000/i2c@0' for 'sda' GPIO lookup
[    0.548318] of_get_named_gpiod_flags: can't parse 'sda-gpios' property of node '/ocp/interconnect@48000000/segment@100000/target-module@9c000/i2c@0[0]'
[    0.548355] of_get_named_gpiod_flags: can't parse 'sda-gpio' property of node '/ocp/interconnect@48000000/segment@100000/target-module@9c000/i2c@0[0]'
[    0.548387] i2c i2c-2: using lookup tables for GPIO lookup
[    0.548394] i2c i2c-2: No GPIO consumer sda found
[    0.549121] omap_i2c 4819c000.i2c: bus 2 rev0.11 at 100 kHz
[    0.555212] gpiochip_find_base_unlocked: found new base at 544
[    0.555326] gpio gpiochip1: (gpio-32-63): created GPIO range 0->17 ==> 44e10800.pinmux PIN 34->51
[    0.555347] gpio gpiochip1: (gpio-32-63): created GPIO range 18->21 ==> 44e10800.pinmux PIN 77->80
[    0.555363] gpio gpiochip1: (gpio-32-63): created GPIO range 22->31 ==> 44e10800.pinmux PIN 56->65
[    0.568787] gpio gpiochip1: (gpio-32-63): added GPIO chardev (254:1)
[    0.569008] gpio gpiochip1: registered GPIOs 544 to 575 on gpio-32-63
[    0.571321] gpiochip_find_base_unlocked: found new base at 576
[    0.571410] gpio gpiochip2: (gpio-64-95): created GPIO range 0->4 ==> 44e10800.pinmux PIN 66->70
[    0.571430] gpio gpiochip2: (gpio-64-95): created GPIO range 5->6 ==> 44e10800.pinmux PIN 98->99
[    0.571446] gpio gpiochip2: (gpio-64-95): created GPIO range 7->8 ==> 44e10800.pinmux PIN 75->76
[    0.571461] gpio gpiochip2: (gpio-64-95): created GPIO range 13->13 ==> 44e10800.pinmux PIN 141->141
[    0.571478] gpio gpiochip2: (gpio-64-95): created GPIO range 14->21 ==> 44e10800.pinmux PIN 100->107
[    0.572346] gpio gpiochip2: (gpio-64-95): added GPIO chardev (254:2)
[    0.572585] gpio gpiochip2: registered GPIOs 576 to 607 on gpio-64-95
[    0.578331] 48000000.interconnect:segment@200000:target-module@0:mpu@0:fck: device ID is greater than 24
[    0.579228] /ocp/interconnect@48000000/segment@300000/target-module@e000/lcdc@0: Fixed dependency cycle(s) with /ocp/interconnect@44c00000/segment@200000/target-module@b000/i2c@0/tda19988@70
[    0.582392] /ocp/interconnect@48000000/segment@300000/target-module@e000/lcdc@0: Fixed dependency cycle(s) with /ocp/interconnect@44c00000/segment@200000/target-module@b000/i2c@0/tda19988@70
[    0.583166] /ocp/interconnect@44c00000/segment@200000/target-module@b000/i2c@0/tda19988@70: Fixed dependency cycle(s) with /ocp/interconnect@48000000/segment@300000/target-module@e000/lcdc@0
[    0.583339] /ocp/interconnect@48000000/segment@300000/target-module@e000/lcdc@0: Fixed dependency cycle(s) with /ocp/interconnect@44c00000/segment@200000/target-module@b000/i2c@0/tda19988@70
[    0.590894] sdhci-omap 481d8000.mmc: using DT '/ocp/interconnect@48000000/segment@100000/target-module@d8000/mmc@0' for 'wp' GPIO lookup
[    0.590968] of_get_named_gpiod_flags: can't parse 'wp-gpios' property of node '/ocp/interconnect@48000000/segment@100000/target-module@d8000/mmc@0[0]'
[    0.591013] of_get_named_gpiod_flags: can't parse 'wp-gpio' property of node '/ocp/interconnect@48000000/segment@100000/target-module@d8000/mmc@0[0]'
[    0.591050] sdhci-omap 481d8000.mmc: using lookup tables for GPIO lookup
[    0.591060] sdhci-omap 481d8000.mmc: No GPIO consumer wp found
[    0.591257] sdhci-omap 481d8000.mmc: supply pbias not found, using dummy regulator
[    0.592552] sdhci-omap 481d8000.mmc: supply vqmmc not found, using dummy regulator
[    0.607823] mdio_bus 4a101000.mdio: using DT '/ocp/interconnect@4a000000/segment@0/target-module@100000/switch@0/mdio@1000' for 'reset' GPIO lookup
[    0.607894] of_get_named_gpiod_flags: can't parse 'reset-gpios' property of node '/ocp/interconnect@4a000000/segment@0/target-module@100000/switch@0/mdio@1000[0]'
[    0.607941] of_get_named_gpiod_flags: can't parse 'reset-gpio' property of node '/ocp/interconnect@4a000000/segment@0/target-module@100000/switch@0/mdio@1000[0]'
[    0.607988] mdio_bus 4a101000.mdio: using lookup tables for GPIO lookup
[    0.607999] mdio_bus 4a101000.mdio: No GPIO consumer reset found
[    0.657216] davinci_mdio 4a101000.mdio: davinci mdio revision 1.6, bus freq 1000000
[    0.693226] mdio_bus 4a101000.mdio:00: using DT '/ocp/interconnect@4a000000/segment@0/target-module@100000/switch@0/mdio@1000/ethernet-phy@0' for 'reset' GPIO lookup
[    0.693324] of_get_named_gpiod_flags: parsed 'reset-gpios' property of node '/ocp/interconnect@4a000000/segment@0/target-module@100000/switch@0/mdio@1000/ethernet-phy@0[0]' - status (0)
[    0.693480] gpio gpiochip0: Persistence not supported for GPIO 8
[    0.829470] davinci_mdio 4a101000.mdio: phy[0]: device 4a101000.mdio:00, driver SMSC LAN8710/LAN8720
[    0.830238] cpsw-switch 4a100000.switch: initialized cpsw ale version 1.4
[    0.830258] cpsw-switch 4a100000.switch: ALE Table size 1024, Policers 0
[    0.830431] cpsw-switch 4a100000.switch: cpts: overflow check period 500 (jiffies)
[    0.830447] cpsw-switch 4a100000.switch: CPTS: ref_clk_freq:250000000 calc_mult:2147483648 calc_shift:29 error:0 nsec/sec
[    0.830544] cpsw-switch 4a100000.switch: Detected MACID = 6c:ec:eb:68:de:78
[    0.832599] cpsw-switch 4a100000.switch: initialized (regs 0x4a100000, pool size 256) hw_ver:0019010C 1.12 (0)
[    0.845993] debugfs: '49000000.dma' already exists in 'dmaengine'
[    0.846038] edma 49000000.dma: TI EDMA DMA engine driver
[    0.893390] ti-sysc 44e31000.target-module: Failed to create device link (0x180) with supplier ocp for /ocp/interconnect@44c00000/segment@200000/target-module@31000/timer@0
[    0.893451] ti-sysc 48040000.target-module: Failed to create device link (0x180) with supplier ocp for /ocp/interconnect@48000000/segment@0/target-module@40000/timer@0
[    0.894395] gpio-clk clk_mcasp0: using DT '/clk_mcasp0' for 'enable' GPIO lookup
[    0.894461] of_get_named_gpiod_flags: parsed 'enable-gpios' property of node '/clk_mcasp0[0]' - status (0)
[    0.894504] gpio gpiochip0: Persistence not supported for GPIO 27
[    0.895252] gpiochip_find_base_unlocked: found new base at 608
[    0.895364] gpio gpiochip3: (gpio-96-127): created GPIO range 0->7 ==> 44e10800.pinmux PIN 82->89
[    0.895384] gpio gpiochip3: (gpio-96-127): created GPIO range 8->11 ==> 44e10800.pinmux PIN 52->55
[    0.895401] gpio gpiochip3: (gpio-96-127): created GPIO range 12->15 ==> 44e10800.pinmux PIN 94->97
[    0.895417] gpio gpiochip3: (gpio-96-127): created GPIO range 16->17 ==> 44e10800.pinmux PIN 71->72
[    0.895432] gpio gpiochip3: (gpio-96-127): created GPIO range 18->18 ==> 44e10800.pinmux PIN 135->135
[    0.895449] gpio gpiochip3: (gpio-96-127): created GPIO range 19->20 ==> 44e10800.pinmux PIN 108->109
[    0.895466] gpio gpiochip3: (gpio-96-127): created GPIO range 21->21 ==> 44e10800.pinmux PIN 73->73
[    0.895483] gpio gpiochip3: (gpio-96-127): created GPIO range 22->23 ==> 44e10800.pinmux PIN 8->9
[    0.895500] gpio gpiochip3: (gpio-96-127): created GPIO range 26->27 ==> 44e10800.pinmux PIN 10->11
[    0.895518] gpio gpiochip3: (gpio-96-127): created GPIO range 28->28 ==> 44e10800.pinmux PIN 74->74
[    0.895536] gpio gpiochip3: (gpio-96-127): created GPIO range 29->29 ==> 44e10800.pinmux PIN 81->81
[    0.895554] gpio gpiochip3: (gpio-96-127): created GPIO range 30->31 ==> 44e10800.pinmux PIN 28->29
[    0.903623] gpio gpiochip3: (gpio-96-127): added GPIO chardev (254:3)
[    0.903869] gpio gpiochip3: registered GPIOs 608 to 639 on gpio-96-127
[    0.905797] omap8250 44e09000.serial: using DT '/ocp/interconnect@44c00000/segment@200000/target-module@9000/serial@0' for 'rs485-term' GPIO lookup
[    0.905868] of_get_named_gpiod_flags: can't parse 'rs485-term-gpios' property of node '/ocp/interconnect@44c00000/segment@200000/target-module@9000/serial@0[0]'
[    0.905912] of_get_named_gpiod_flags: can't parse 'rs485-term-gpio' property of node '/ocp/interconnect@44c00000/segment@200000/target-module@9000/serial@0[0]'
[    0.905949] omap8250 44e09000.serial: using lookup tables for GPIO lookup
[    0.905960] omap8250 44e09000.serial: No GPIO consumer rs485-term found
