Labgrid Console Logfile for main
Logfile started at 2025-11-24 12:15:47.161355
=== Log starts here ===
reading args
spl_load_image_fat_os: error reading image args, err - -1
reading u-boot.img
reading u-boot.img


U-Boot 2014.04-00014-g47880f5 (Apr 22 2014 - 13:23:54)

I2C:   ready
DRAM:  512 MiB
NAND:  0 MiB
MMC:   OMAP SD/MMC: 0, OMAP SD/MMC: 1
*** Warning - readenv() failed, using default environment

Net:   <ethaddr> not set. Validating first E-fuse MAC
cpsw, usb_ether
Hit any key to stop autoboot:  1  0 
gpio: pin 53 (gpio 53) value is 1
mmc0 is current device
gpio: pin 54 (gpio 54) value is 1
SD/MMC found on device 0
reading uEnv.txt
569 bytes read in 4 ms (138.7 KiB/s)
gpio: pin 55 (gpio 55) value is 1
Loaded environment from uEnv.txt
Importing environment from mmc ...
Checking if uenvcmd is set ...
gpio: pin 56 (gpio 56) value is 1
Running uenvcmd ...
cpsw Waiting for PHY auto negotiation to complete. done
link up on port 0, speed 100, full duplex
Using cpsw device
TFTP from server 192.168.255.126; our IP address is 192.168.255.1
Filename 'zImage'.
Load address: 0x81000000
Loading: *#################################################################
	 #################################################################
	 #################################################################
	 #################################################################
	 #################################################################
	 #################################################################
	 2.4 MiB/s
done
Bytes transferred = 5716072 (573868 hex)
link up on port 0, speed 100, full duplex
Using cpsw device
TFTP from server 192.168.255.126; our IP address is 192.168.255.1
Filename 'am335x-boneblack.dtb'.
Load address: 0x82000000
Loading: *#######
	 2.4 MiB/s
done
Bytes transferred = 98077 (17f1d hex)
Kernel image @ 0x81000000 [ 0x000000 - 0x573868 ]
## Flattened Device Tree blob at 82000000
   Booting using the fdt blob at 0x82000000
   Using Device Tree in place at 82000000, end 8201af1c

Starting kernel ...

[    0.000000] Booting Linux on physical CPU 0x0
[    0.000000] Linux version 6.18.0-rc6-next-20251121 (user01@drvtest01) (arm-none-eabi-gcc (Arm GNU Toolchain 14.2.Rel1 (Build arm-14.52)) 14.2.1 20241119, GNU ld (Arm GNU Toolchain 14.2.Rel1 (Build arm-14.52)) 2.43.1.20241119) #1 SMP Mon Nov 24 12:14:06 EET 2025
[    0.000000] CPU: ARMv7 Processor [413fc082] revision 2 (ARMv7), cr=10c5387d
[    0.000000] CPU: PIPT / VIPT nonaliasing data cache, VIPT aliasing instruction cache
[    0.000000] OF: fdt: Machine model: TI AM335x BeagleBone Black
[    0.000000] Memory policy: Data cache writeback
[    0.000000] cma: Reserved 16 MiB at 0x9e800000
[    0.000000] Zone ranges:
[    0.000000]   Normal   [mem 0x0000000080000000-0x000000009fdfffff]
[    0.000000]   HighMem  empty
[    0.000000] Movable zone start for each node
[    0.000000] Early memory node ranges
[    0.000000]   node   0: [mem 0x0000000080000000-0x000000009fdfffff]
[    0.000000] Initmem setup node 0 [mem 0x0000000080000000-0x000000009fdfffff]
[    0.000000] On node 0, zone Normal: 512 pages in unavailable ranges
[    0.000000] OF: reserved mem: Reserved memory: No reserved-memory node in the DT
[    0.000000] CPU: All CPU(s) started in SVC mode.
[    0.000000] AM335X ES2.1 (sgx neon)
[    0.000000] percpu: Embedded 17 pages/cpu s40204 r8192 d21236 u69632
[    0.000000] Kernel command line: console=ttyO0,115200n8 root=/dev/nfs rw nfsroot=192.168.255.126:/home/user01/nfs,nfsvers=3 ip=192.168.255.1:192.168.255.126::255.255.255.0:bbb1:eth0 nfsrootdebug
[    0.000000] Unknown kernel command line parameters "nfsrootdebug", will be passed to user space.
[    0.000000] printk: log buffer data + meta data: 65536 + 204800 = 270336 bytes
[    0.000000] Dentry cache hash table entries: 65536 (order: 6, 262144 bytes, linear)
[    0.000000] Inode-cache hash table entries: 32768 (order: 5, 131072 bytes, linear)
[    0.000000] Built 1 zonelists, mobility grouping on.  Total pages: 130560
[    0.000000] mem auto-init: stack:off, heap alloc:off, heap free:off
[    0.000000] SLUB: HWalign=16, Order=0-3, MinObjects=0, CPUs=1, Nodes=1
[    0.000000] rcu: Hierarchical RCU implementation.
[    0.000000] rcu: 	RCU event tracing is enabled.
[    0.000000] rcu: 	RCU restricting CPUs from NR_CPUS=2 to nr_cpu_ids=1.
[    0.000000] 	Tracing variant of Tasks RCU enabled.
[    0.000000] rcu: RCU calculated value of scheduler-enlistment delay is 10 jiffies.
[    0.000000] rcu: Adjusting geometry for rcu_fanout_leaf=16, nr_cpu_ids=1
[    0.000000] RCU Tasks Trace: Setting shift to 0 and lim to 1 rcu_task_cb_adjust=1 rcu_task_cpu_ids=1.
[    0.000000] NR_IRQS: 16, nr_irqs: 16, preallocated irqs: 16
[    0.000000] IRQ: Found an INTC at 0x(ptrval) (revision 5.0) with 128 interrupts
[    0.000000] rcu: srcu_init: Setting srcu_struct sizes based on contention.
[    0.000000] TI gptimer clocksource: always-on /ocp/interconnect@44c00000/segment@200000/target-module@31000
[    0.000002] sched_clock: 32 bits at 24MHz, resolution 41ns, wraps every 89478484971ns
[    0.000026] clocksource: dmtimer: mask: 0xffffffff max_cycles: 0xffffffff, max_idle_ns: 79635851949 ns
[    0.000566] TI gptimer clockevent: 24000000 Hz at /ocp/interconnect@48000000/segment@0/target-module@40000
[    0.002146] Console: colour dummy device 80x30
[    0.002212] WARNING: Your 'console=ttyO0' has been replaced by 'ttyS0'
[    0.002220] This ensures that you still see kernel messages. Please
[    0.002224] update your kernel commandline.
[    0.002265] Calibrating delay loop... 996.14 BogoMIPS (lpj=4980736)
[    0.090682] CPU: Testing write buffer coherency: ok
[    0.090765] CPU0: Spectre v2: using BPIALL workaround
[    0.090775] pid_max: default: 32768 minimum: 301
[    0.091091] Mount-cache hash table entries: 1024 (order: 0, 4096 bytes, linear)
[    0.091111] Mountpoint-cache hash table entries: 1024 (order: 0, 4096 bytes, linear)
[    0.092695] CPU0: thread -1, cpu 0, socket -1, mpidr 0
[    0.092750] cacheinfo: Unable to detect cache hierarchy for CPU 0
[    0.094753] Setting up static identity map for 0x80100000 - 0x80100078
[    0.095080] rcu: Hierarchical SRCU implementation.
[    0.095088] rcu: 	Max phase no-delay instances is 1000.
[    0.095560] Timer migration: 1 hierarchy levels; 8 children per group; 1 crossnode level
[    0.096867] smp: Bringing up secondary CPUs ...
[    0.096921] smp: Brought up 1 node, 1 CPU
[    0.096934] SMP: Total of 1 processors activated (996.14 BogoMIPS).
[    0.096945] CPU: All CPU(s) started in SVC mode.
[    0.097185] Memory: 479964K/522240K available (12288K kernel code, 1231K rwdata, 2956K rodata, 1024K init, 255K bss, 24364K reserved, 16384K cma-reserved, 0K highmem)
[    0.098057] devtmpfs: initialized
[    0.115418] VFP support v0.3: implementor 41 architecture 3 part 30 variant c rev 3
[    0.116084] clocksource: jiffies: mask: 0xffffffff max_cycles: 0xffffffff, max_idle_ns: 19112604462750000 ns
[    0.116147] posixtimers hash table entries: 2048 (order: 2, 16384 bytes, linear)
[    0.116200] futex hash table entries: 1024 (65536 bytes on 1 NUMA nodes, total 64 KiB, linear).
[    0.119364] NET: Registered PF_NETLINK/PF_ROUTE protocol family
[    0.122475] DMA: preallocated 256 KiB pool for atomic coherent allocations
[    0.123447] audit: initializing netlink subsys (disabled)
[    0.124804] thermal_sys: Registered thermal governor 'fair_share'
[    0.124821] thermal_sys: Registered thermal governor 'step_wise'
[    0.124831] thermal_sys: Registered thermal governor 'user_space'
[    0.124939] audit: type=2000 audit(0.120:1): state=initialized audit_enabled=0 res=1
[    0.125011] cpuidle: using governor menu
[    0.143002] /ocp/interconnect@44c00000/segment@200000/target-module@b000/i2c@0/tda19988@70: Fixed dependency cycle(s) with /ocp/interconnect@48000000/segment@300000/target-module@e000/lcdc@0
[    0.144082] /ocp/interconnect@48000000/segment@300000/target-module@e000/lcdc@0: Fixed dependency cycle(s) with /ocp/interconnect@44c00000/segment@200000/target-module@b000/i2c@0/tda19988@70
[    0.146269] No ATAGs?
[    0.146307] hw-breakpoint: debug architecture 0x4 unsupported.
[    0.148968] kprobes: kprobe jump-optimization is enabled. All kprobes are optimized if possible.
[    0.154019] iommu: Default domain type: Translated
[    0.154043] iommu: DMA domain TLB invalidation policy: strict mode
[    0.161460] SCSI subsystem initialized
[    0.162332] pps_core: LinuxPPS API ver. 1 registered
[    0.162342] pps_core: Software ver. 5.3.6 - Copyright 2005-2007 Rodolfo Giometti <giometti@linux.it>
[    0.162365] PTP clock support registered
[    0.171398] vgaarb: loaded
[    0.171788] clocksource: Switched to clocksource dmtimer
[    0.172406] VFS: Disk quotas dquot_6.6.0
[    0.172464] VFS: Dquot-cache hash table entries: 1024 (order 0, 4096 bytes)
[    0.196598] NET: Registered PF_INET protocol family
[    0.196935] IP idents hash table entries: 8192 (order: 4, 65536 bytes, linear)
[    0.198386] tcp_listen_portaddr_hash hash table entries: 512 (order: 0, 4096 bytes, linear)
[    0.198425] Table-perturb hash table entries: 65536 (order: 6, 262144 bytes, linear)
[    0.198443] TCP established hash table entries: 4096 (order: 2, 16384 bytes, linear)
[    0.198490] TCP bind hash table entries: 4096 (order: 4, 65536 bytes, linear)
[    0.198590] TCP: Hash tables configured (established 4096 bind 4096)
[    0.198716] UDP hash table entries: 256 (order: 2, 14336 bytes, linear)
[    0.198751] UDP-Lite hash table entries: 256 (order: 2, 14336 bytes, linear)
[    0.198959] NET: Registered PF_UNIX/PF_LOCAL protocol family
[    0.202715] RPC: Registered named UNIX socket transport module.
[    0.202737] RPC: Registered udp transport module.
[    0.202743] RPC: Registered tcp transport module.
[    0.202747] RPC: Registered tcp-with-tls transport module.
[    0.202752] RPC: Registered tcp NFSv4.1 backchannel transport module.
[    0.202779] PCI: CLS 0 bytes, default 64
[    0.204215] Initialise system trusted keyrings
[    0.212326] workingset: timestamp_bits=14 max_order=17 bucket_order=3
[    0.213756] NFS: Registering the id_resolver key type
[    0.213818] Key type id_resolver registered
[    0.213825] Key type id_legacy registered
[    0.213934] jffs2: version 2.2. (NAND) (SUMMARY)  Â© 2001-2006 Red Hat, Inc.
[    0.214484] Key type asymmetric registered
[    0.214504] Asymmetric key parser 'x509' registered
[    0.214576] io scheduler mq-deadline registered
[    0.214586] io scheduler kyber registered
[    0.214665] io scheduler bfq registered
[    0.216491] target-module@4b000000:target-module@140000:pmu@0:fck: device ID is greater than 24
[    0.217682] ledtrig-cpu: registered to indicate activity on CPUs
[    0.232157] Serial: 8250/16550 driver, 6 ports, IRQ sharing enabled
[    0.264966] brd: module loaded
[    0.286445] loop: module loaded
[    0.287375] mtdoops: mtd device (mtddev=name/number) must be supplied
[    0.290345] i2c_dev: i2c /dev entries driver
[    0.291379] cpuidle: enable-method property 'ti,am3352' found operations
[    0.292000] sdhci: Secure Digital Host Controller Interface driver
[    0.292012] sdhci: Copyright(c) Pierre Ossman
[    0.292226] sdhci-pltfm: SDHCI platform and OF driver helper
[    0.293368] hw perfevents: unable to set irq affinity (irq=17, cpu=0)
[    0.293381] hw perfevents: unable to request IRQ17 for ARM PMU counters
[    0.293407] armv7-pmu target-module@4b000000:target-module@140000:pmu@0: probe with driver armv7-pmu failed with error -22
[    0.293890] Initializing XFRM netlink socket
[    0.294055] NET: Registered PF_INET6 protocol family
[    0.303413] Segment Routing with IPv6
[    0.303500] In-situ OAM (IOAM) with IPv6
[    0.303596] sit: IPv6, IPv4 and MPLS over IPv4 tunneling driver
[    0.304634] NET: Registered PF_PACKET protocol family
[    0.304655] PFKEY is deprecated and scheduled to be removed in 2027, please contact the netdev mailing list
[    0.304681] NET: Registered PF_KEY protocol family
[    0.304801] Key type dns_resolver registered
[    0.305041] ThumbEE CPU extension supported.
[    0.305063] Registering SWP/SWPB emulation handler
[    0.305584] omap_voltage_late_init: Voltage driver support not added
[    0.306237] SmartReflex Class3 initialized
[    0.335870] Loading compiled-in X.509 certificates
[    0.371128] /ocp/interconnect@44c00000/segment@200000/target-module@b000/i2c@0/tda19988@70: Fixed dependency cycle(s) with /ocp/interconnect@48000000/segment@300000/target-module@e000/lcdc@0
[    0.377699] /ocp/interconnect@44c00000/segment@200000/target-module@b000/i2c@0/tda19988@70: Fixed dependency cycle(s) with /ocp/interconnect@48000000/segment@300000/target-module@e000/lcdc@0
[    0.410184] /ocp/interconnect@44c00000/segment@200000/target-module@b000/i2c@0/tda19988@70: Fixed dependency cycle(s) with /ocp/interconnect@48000000/segment@300000/target-module@e000/lcdc@0
[    0.411079] /ocp/interconnect@44c00000/segment@200000/target-module@b000/i2c@0/tda19988@70: Fixed dependency cycle(s) with /ocp/interconnect@48000000/segment@300000/target-module@e000/lcdc@0
[    0.414986] /ocp/interconnect@44c00000/segment@200000/target-module@10000/scm@0/pinmux@800: Fixed dependency cycle(s) with /ocp/interconnect@44c00000/segment@200000/target-module@10000/scm@0/pinmux@800/clkout2-pins
[    0.415606] pinctrl-single 44e10800.pinmux: 142 pins, size 568
[    0.469051] /ocp/interconnect@48000000/segment@300000/target-module@e000/lcdc@0: Fixed dependency cycle(s) with /ocp/interconnect@44c00000/segment@200000/target-module@b000/i2c@0/tda19988@70
[    0.514749] OMAP GPIO hardware version 0.1
[    0.562912] omap_i2c 4819c000.i2c: bus 2 rev0.11 at 100 kHz
[    0.597198] 48000000.interconnect:segment@200000:target-module@0:mpu@0:fck: device ID is greater than 24
[    0.598122] /ocp/interconnect@48000000/segment@300000/target-module@e000/lcdc@0: Fixed dependency cycle(s) with /ocp/interconnect@44c00000/segment@200000/target-module@b000/i2c@0/tda19988@70
[    0.600966] /ocp/interconnect@48000000/segment@300000/target-module@e000/lcdc@0: Fixed dependency cycle(s) with /ocp/interconnect@44c00000/segment@200000/target-module@b000/i2c@0/tda19988@70
[    0.601695] /ocp/interconnect@44c00000/segment@200000/target-module@b000/i2c@0/tda19988@70: Fixed dependency cycle(s) with /ocp/interconnect@48000000/segment@300000/target-module@e000/lcdc@0
[    0.602045] /ocp/interconnect@48000000/segment@300000/target-module@e000/lcdc@0: Fixed dependency cycle(s) with /ocp/interconnect@44c00000/segment@200000/target-module@b000/i2c@0/tda19988@70
[    0.610578] sdhci-omap 481d8000.mmc: supply pbias not found, using dummy regulator
[    0.611661] sdhci-omap 481d8000.mmc: supply vqmmc not found, using dummy regulator
[    0.672830] davinci_mdio 4a101000.mdio: davinci mdio revision 1.6, bus freq 1000000
[    0.831468] davinci_mdio 4a101000.mdio: phy[0]: device 4a101000.mdio:00, driver SMSC LAN8710/LAN8720
[    0.832361] cpsw-switch 4a100000.switch: initialized cpsw ale version 1.4
[    0.832385] cpsw-switch 4a100000.switch: ALE Table size 1024, Policers 0
[    0.832545] cpsw-switch 4a100000.switch: cpts: overflow check period 500 (jiffies)
[    0.832562] cpsw-switch 4a100000.switch: CPTS: ref_clk_freq:250000000 calc_mult:2147483648 calc_shift:29 error:0 nsec/sec
[    0.832664] cpsw-switch 4a100000.switch: Detected MACID = 6c:ec:eb:68:de:78
[    0.834531] cpsw-switch 4a100000.switch: initialized (regs 0x4a100000, pool size 256) hw_ver:0019010C 1.12 (0)
[    0.845963] debugfs: '49000000.dma' already exists in 'dmaengine'
[    0.846007] edma 49000000.dma: TI EDMA DMA engine driver
[    0.882453] ti-sysc 44e31000.target-module: Failed to create device link (0x180) with supplier ocp for /ocp/interconnect@44c00000/segment@200000/target-module@31000/timer@0
[    0.882516] ti-sysc 48040000.target-module: Failed to create device link (0x180) with supplier ocp for /ocp/interconnect@48000000/segment@0/target-module@40000/timer@0
[    0.895676] 44e09000.serial: ttyS0 at MMIO 0x44e09000 (irq = 34, base_baud = 3000000) is a 8250
[    0.895795] printk: legacy console [ttyS0] enabled
[    2.482767] tps65217-pmic: Failed to locate of_node [id: -1]
[    2.488833] tps65217-bl: Failed to locate of_node [id: -1]
[    2.496296] platform tps65217-charger: DMA mask not set
[    2.503334] platform tps65217-pwrbutton: DMA mask not set
[    2.511165] tps65217 0-0024: TPS65217 ID 0xe version 1.2
[    2.517254] /ocp/interconnect@48000000/segment@300000/target-module@e000/lcdc@0: Fixed dependency cycle(s) with /ocp/interconnect@44c00000/segment@200000/target-module@b000/i2c@0/tda19988@70
[    2.534684] /ocp/interconnect@44c00000/segment@200000/target-module@b000/i2c@0/tda19988@70: Fixed dependency cycle(s) with /ocp/interconnect@48000000/segment@300000/target-module@e000/lcdc@0
[    2.552080] omap_i2c 44e0b000.i2c: bus 0 rev0.11 at 400 kHz
[    2.560186] omap_gpio 44e07000.gpio: Could not set line 6 debounce to 200000 microseconds (-22)
[    2.569074] sdhci-omap 48060000.mmc: Got CD GPIO
[    2.574117] sdhci-omap 48060000.mmc: supply pbias not found, using dummy regulator
[    2.584561] sdhci-omap 48060000.mmc: supply vqmmc not found, using dummy regulator
[    2.593763] sdhci-omap 481d8000.mmc: supply pbias not found, using dummy regulator
[    2.602333] sdhci-omap 481d8000.mmc: supply vqmmc not found, using dummy regulator
[    2.639614] mmc1: SDHCI controller on 481d8000.mmc [481d8000.mmc] using External DMA
[    2.648043] mmc0: SDHCI controller on 48060000.mmc [48060000.mmc] using External DMA
[    2.656958] cpsw-switch 4a100000.switch: starting ndev. mode: dual_mac
[    2.722175] mmc1: new high speed MMC card at address 0001
[    2.729015] mmcblk1: mmc1:0001 MMC04G 3.60 GiB
[    2.736905]  mmcblk1: p1 p2
[    2.740705] SMSC LAN8710/LAN8720 4a101000.mdio:00: attached PHY driver (mii_bus:phy_addr=4a101000.mdio:00, irq=POLL)
[    2.752251] mmcblk1boot0: mmc1:0001 MMC04G 2.00 MiB
[    2.762052] mmcblk1boot1: mmc1:0001 MMC04G 2.00 MiB
[    2.775357] mmcblk1rpmb: mmc1:0001 MMC04G 128 KiB, chardev (249:0)
[    2.825359] mmc0: new high speed SDHC card at address aaaa
[    2.832364] mmcblk0: mmc0:aaaa SE32G 29.7 GiB
[    2.841383]  mmcblk0: p1 p2
[    5.922551] cpsw-switch 4a100000.switch eth0: Link is Up - 100Mbps/Full - flow control off
[    5.951802] IP-Config: Complete:
[    5.955072]      device=eth0, hwaddr=6c:ec:eb:68:de:78, ipaddr=192.168.255.1, mask=255.255.255.0, gw=255.255.255.255
[    5.965721]      host=bbb1, domain=, nis-domain=(none)
[    5.970890]      bootserver=192.168.255.126, rootserver=192.168.255.126, rootpath=
[    5.971301] clk: Disabling unused clocks
[    5.983163] PM: genpd: Disabling unused power domains
[    5.988331] KTAP version 1
[    5.991056] 1..0
[    5.993952] check access for rdinit=/init failed: -2, ignoring
[    6.025755] VFS: Mounted root (nfs filesystem) on device 0:17.
[    6.032710] devtmpfs: mounted
[    6.037191] Freeing unused kernel image (initmem) memory: 1024K
[    6.044234] Run /sbin/init as init process
[    6.774378] systemd[1]: System time before build time, advancing clock.
[    8.321818] random: crng init done
[    8.354562] systemd[1]: systemd 232 running in system mode. (+PAM +AUDIT +SELINUX +IMA +APPARMOR +SMACK +SYSVINIT +UTMP +LIBCRYPTSETUP +GCRYPT +GNUTLS +ACL +XZ +LZ4 +SECCOMP +BLKID +ELFUTILS +KMOD +IDN)
[    8.373696] systemd[1]: Detected architecture arm.

Welcome to [1mDebian GNU/Linux 9 (stretch)[0m!

[    8.404930] systemd[1]: Set hostname to <arm>.
[    9.513591] systemd[1]: Created slice User and Session Slice.
[[0;32m  OK  [0m] Created slice User and Session Slice.
[    9.535795] systemd[1]: systemd-journald-dev-log.socket: SO_PASSSEC failed: Operation not supported
[    9.545517] systemd[1]: Listening on Journal Socket (/dev/log).
[[0;32m  OK  [0m] Listening on Journal Socket (/dev/log).
[    9.572438] systemd[1]: Listening on udev Kernel Socket.
[[0;32m  OK  [0m] Listening on udev Kernel Socket.
[    9.602727] systemd[1]: Started Dispatch Password Requests to Console Directory Watch.
[[0;32m  OK  [0m] Started Dispatch Password Requests to Console Directory Watch.
[    9.633550] systemd[1]: Set up automount Arbitrary Executable File Formats File System Automount Point.
[[0;32m  OK  [0m] Set up automount Arbitrary Executabâ€¦rmats File System Automount Point.
[    9.662873] systemd[1]: Listening on Journal Audit Socket.
[[0;32m  OK  [0m] Listening on Journal Audit Socket.
[[0;32m  OK  [0m] Listening on udev Control Socket.
[[0;32m  OK  [0m] Started Forward Password Requests to Wall Directory Watch.
[[0;32m  OK  [0m] Reached target Encrypted Volumes.
[[0;32m  OK  [0m] Listening on Syslog Socket.
[[0;32m  OK  [0m] Listening on Journal Socket.
[[0;32m  OK  [0m] Listening on /dev/initctl Compatibility Named Pipe.
[[0;32m  OK  [0m] Created slice System Slice.
         Starting Load Kernel Modules...
         Starting Remount Root and Kernel File Systems...
         Starting Journal Service...
[[0;32m  OK  [0m] Created slice system-serial\x2dgetty.slice.
[[0;32m  OK  [0m] Reached target Paths.
         Mounting Debug File System...
[[0;32m  OK  [0m] Reached target Remote File Systems.
[[0;32m  OK  [0m] Created slice system-getty.slice.
[[0;32m  OK  [0m] Reached target Slices.
         Mounting POSIX Message Queue File System...
         Starting Create list of required stâ€¦ce nodes for the current kernel...
[[0;32m  OK  [0m] Reached target Swap.
[[0;32m  OK  [0m] Mounted Debug File System.
[[0;32m  OK  [0m] Started Load Kernel Modules.
[[0;32m  OK  [0m] Started Remount Root and Kernel File Systems.
[[0;32m  OK  [0m] Mounted POSIX Message Queue File System.
[[0;32m  OK  [0m] Started Create list of required staâ€¦vice nodes for the current kernel.
         Starting Create Static Device Nodes in /dev...
         Starting Load/Save Random Seed...
         Starting udev Coldplug all Devices...
         Mounting Configuration File System...
         Starting Apply Kernel Variables...
[[0;32m  OK  [0m] Mounted Configuration File System.
[[0;32m  OK  [0m] Started Load/Save Random Seed.
[[0;32m  OK  [0m] Started Apply Kernel Variables.
[[0;32m  OK  [0m] Started Create Static Device Nodes in /dev.
         Starting udev Kernel Device Manager...
[[0;32m  OK  [0m] Reached target Local File Systems (Pre).
[[0;32m  OK  [0m] Reached target Local File Systems.
         Starting Raise network interfaces...
[[0;32m  OK  [0m] Started Journal Service.
         Starting Flush Journal to Persistent Storage...
[   12.017914] systemd-journald[103]: Received request to flush runtime journal from PID 1
[[0;32m  OK  [0m] Started Flush Journal to Persistent Storage.
         Starting Create Volatile Files and Directories...
[[0;32m  OK  [0m] Started udev Kernel Device Manager.
[   12.651719] omap_prm 44e00d00.prm: sync_state() pending due to 44d00000.cpu
[[0;32m  OK  [0m] Started Create Volatile Files and Directories.
         Starting Network Time Synchronization...
         Starting Update UTMP about System Boot/Shutdown...
[[0;32m  OK  [0m] Started Update UTMP about System Boot/Shutdown.
[[0;32m  OK  [0m] Started udev Coldplug all Devices.
[[0;32m  OK  [0m] Started Network Time Synchronization.
[[0;32m  OK  [0m] Reached target System Initialization.
[[0;32m  OK  [0m] Listening on Avahi mDNS/DNS-SD Stack Activation Socket.
[[0;32m  OK  [0m] Started Daily Cleanup of Temporary Directories.
[[0;32m  OK  [0m] Listening on D-Bus System Message Bus Socket.
[[0;32m  OK  [0m] Reached target Sockets.
[[0;32m  OK  [0m] Reached target Basic System.
         Starting Cape Manager Service...
[   15.404325] remoteproc remoteproc0: wkup_m3 is available
[[0;32m  OK  [0m] Started Regular background program processing daemon.
[   15.622809] omap_rtc 44e3e000.rtc: registered as rtc0
[   15.627987] omap_rtc 44e3e000.rtc: setting system clock to 2000-01-01T00:00:00 UTC (946684800)
         Starting LSB: Load kernel modules needed to enable cpufreq scaling...
[   15.803765] omap_wdt: OMAP Watchdog Timer Rev 0x01: initial timeout 60 sec
         Starting System Logging Service...
         Starting LSB: Start busybox udhcpd at boot time...
         Starting Telephony service...
[   16.221370] at24 2-0054: supply vcc not found, using dummy regulator
         Starting Avahi mDNS/DNS-SD Stack...
[   16.395902] at24 2-0055: supply vcc not found, using dummy regulator
[   16.407947] input: tps65217_pwrbutton as /devices/platform/ocp/44c00000.interconnect/44c00000.interconnect:segment@200000/44e0b000.target-module/44e0b000.i2c/i2c-0/0-0024/tps65217-pwrbutton/input/input0
         Starting DUN service...
[   16.533858] at24 2-0056: supply vcc not found, using dummy regulator
         Starting Login Service...
[   16.655283] at24 2-0057: supply vcc not found, using dummy regulator
[[0;32m  OK  [0m] Started D-Bus System Message Bus.
[   16.819365] at24 0-0050: 4096 byte 24c32 EEPROM, writable, 1 bytes/write
[   17.643017] am335x-phy-driver 47401300.usb-phy: dummy supplies not allowed for exclusive requests (id=vbus)
[   17.776752] am335x-phy-driver 47401b00.usb-phy: dummy supplies not allowed for exclusive requests (id=vbus)
[   18.190590] usbcore: registered new interface driver usbfs
[   18.196454] usbcore: registered new interface driver hub
[   18.202022] usbcore: registered new device driver usb
[   19.277889] omap-mailbox 480c8000.mailbox: omap mailbox rev 0x400
[   19.343079] remoteproc remoteproc0: powering up wkup_m3
[   19.504920] remoteproc remoteproc0: Direct firmware load for am335x-pm-firmware.elf failed with error -2
[   19.514680] remoteproc remoteproc0: request_firmware failed: -2
[   19.520644] wkup_m3_ipc 44e11324.wkup_m3_ipc: rproc_boot failed
[   19.642574] musb-hdrc musb-hdrc.1: MUSB HDRC host driver
[   19.648008] musb-hdrc musb-hdrc.1: new USB bus registered, assigned bus number 1
[   19.827478] usb usb1: New USB device found, idVendor=1d6b, idProduct=0002, bcdDevice= 6.18
[   19.836019] usb usb1: New USB device strings: Mfr=3, Product=2, SerialNumber=1
[   19.843395] usb usb1: Product: MUSB HDRC host driver
[   19.848390] usb usb1: Manufacturer: Linux 6.18.0-rc6-next-20251121 musb-hcd
[   19.855429] usb usb1: SerialNumber: musb-hdrc.1
[   19.897509] tda998x 0-0070: found TDA19988
[   20.280660] hub 1-0:1.0: USB hub found
[   20.352196] hub 1-0:1.0: 1 port detected
[   21.989433] tilcdc 4830e000.lcdc: bound 0-0070 (ops tda998x_driver_exit [tda998x])
[   22.019035] omap_rng 48310000.rng: Random Number Generator ver. 20
[   22.113919] [drm] Initialized tilcdc 1.0.0 for 4830e000.lcdc on minor 0
[   22.225443] tilcdc 4830e000.lcdc: [drm] Cannot find any crtc or sizes
[   22.234509] tilcdc 4830e000.lcdc: [drm] Cannot find any crtc or sizes
[   22.324649] ------------[ cut here ]------------
[   22.329347] WARNING: net/8021q/vlan_core.c:236 at vlan_for_each+0x114/0x134, CPU#0: avahi-daemon/222
[   22.338711] RTNL: assertion failed at net/8021q/vlan_core.c (236)
[   22.344911] Modules linked in: omap_rng rng_core tilcdc drm_dma_helper drm_client_lib snd_soc_davinci_mcasp snd_soc_ti_udma snd_soc_ti_edma snd_soc_ti_sdma snd_soc_core snd_pcm_dmaengine snd_pcm tda998x snd_timer musb_dsps cec musb_hdrc omap_mailbox snd drm_kms_helper udc_core soundcore drm usbcore phy_am335x phy_generic wkup_m3_ipc usb_common drm_panel_orientation_quirks tps65218_pwrbutton phy_am335x_control at24 omap_wdt watchdog cppi41 rtc_omap wkup_m3_rproc leds_gpio led_class cpufreq_dt autofs4
[   22.389632] CPU: 0 UID: 107 PID: 222 Comm: avahi-daemon Not tainted 6.18.0-rc6-next-20251121 #1 NONE 
[   22.389650] Hardware name: Generic AM33XX (Flattened Device Tree)
[   22.389659] Call trace: 
[   22.389676]  unwind_backtrace from show_stack+0x10/0x14
[   22.389713]  show_stack from dump_stack_lvl+0x50/0x64
[   22.389738]  dump_stack_lvl from __warn+0x88/0x148
[   22.389755]  __warn from warn_slowpath_fmt+0x19c/0x1b0
[   22.389769]  warn_slowpath_fmt from vlan_for_each+0x114/0x134
[   22.389788]  vlan_for_each from cpsw_add_mc_addr+0x40/0xa4
[   22.389821]  cpsw_add_mc_addr from __hw_addr_ref_sync_dev+0x108/0x140
[   22.389848]  __hw_addr_ref_sync_dev from __dev_mc_add+0x7c/0x80
[   22.389867]  __dev_mc_add from igmp6_group_added+0xc8/0xe0
[   22.389888]  igmp6_group_added from __ipv6_dev_mc_inc+0x218/0x364
[   22.389902]  __ipv6_dev_mc_inc from __ipv6_sock_mc_join+0x11c/0x1c0
[   22.389916]  __ipv6_sock_mc_join from do_ipv6_setsockopt+0x1214/0x1310
[   22.389941]  do_ipv6_setsockopt from ipv6_setsockopt+0x60/0xcc
[   22.389958]  ipv6_setsockopt from udpv6_setsockopt+0x2c/0x6c
[   22.389979]  udpv6_setsockopt from sock_common_setsockopt+0x30/0x40
[   22.390005]  sock_common_setsockopt from do_sock_setsockopt+0x50/0x9c
[   22.390023]  do_sock_setsockopt from __sys_setsockopt+0x70/0xbc
[   22.390037]  __sys_setsockopt from ret_fast_syscall+0x0/0x58
[   22.390052] Exception stack(0xe016dfa8 to 0xe016dff0)
[   22.390066] dfa0:                   00000014 b6f21ce8 0000000d 00000029 00000014 be90f9ec
[   22.390078] dfc0: 00000014 b6f21ce8 00000014 00000126 0000000d b6ecaff4 004de988 004c6558
[   22.390087] dfe0: b6ee0088 be90f9d8 b6ebd309 b6d9441a
[   22.390094] ---[ end trace 0000000000000000 ]---
[[0;32m  OK  [0m] Started Avahi mDNS/DNS-SD Stack.
[[0;32m  OK  [0m] Started DUN service.
[[0;32m  OK  [0m] Started Telephony service.
         Starting Connection service...
         Starting Generic Board Startup...
[[0;32m  OK  [0m] Reached target System Time Synchronized.
[[0;32m  OK  [0m] Started Daily apt download activities.
[[0;32m  OK  [0m] Started Daily apt upgrade and clean activities.
[[0;32m  OK  [0m] Reached target Timers.
[[0;32m  OK  [0m] Started System Logging Service.
[[0;32m  OK  [0m] Started Cape Manager Service.
[   24.048028] PM: Cannot get wkup_m3_ipc handle
[   24.370444] omap-sham 53100000.sham: hw accel on OMAP rev 4.3
[   24.504101] omap-sham 53100000.sham: will run requests pump with realtime priority
[   24.514570] PM: Cannot get wkup_m3_ipc handle
[[0;32m  OK  [0m] Found device /dev/ttyS0.
[   24.587140] omap-aes 53500000.aes: OMAP AES hw accel rev: 3.2
[   24.665478] Bluetooth: Core ver 2.22
[   24.669378] NET: Registered PF_BLUETOOTH protocol family
[   24.674891] Bluetooth: HCI device and connection manager initialized
[   24.681306] Bluetooth: HCI socket layer initialized
[   24.686271] Bluetooth: L2CAP socket layer initialized
[   24.691390] Bluetooth: SCO socket layer initialized
[   24.734075] omap-aes 53500000.aes: will run requests pump with realtime priority
[   24.745374] PM: Cannot get wkup_m3_ipc handle
[   27.590931] PM: Cannot get wkup_m3_ipc handle
[   27.622572] gpio-537 (nxp,calib): gpiod_direction_output_nonotify: tried to set a GPIO tied to an IRQ as output
[   27.722897] PM: Cannot get wkup_m3_ipc handle
[   27.929098] tda9950 0-0034: TDA9950 CEC interface, hardware version 3.3
[   27.968809] PM: Cannot get wkup_m3_ipc handle
[[0;32m  OK  [0m] Started LSB: Start busybox udhcpd at boot time.
[[0;32m  OK  [0m] Started LSB: Load kernel modules needed to enable cpufreq scaling.
[[0;32m  OK  [0m] Started Raise network interfaces.
[[0;32m  OK  [0m] Started Connection service.
[   31.089581] configfs-gadget.g_multi gadget.0: HOST MAC 1c:ba:8c:a2:ed:6c
[   31.096586] configfs-gadget.g_multi gadget.0: MAC 1c:ba:8c:a2:ed:70
[   31.103988] configfs-gadget.g_multi gadget.0: HOST MAC 1c:ba:8c:a2:ed:6c
[   31.110750] configfs-gadget.g_multi gadget.0: MAC 1c:ba:8c:a2:ed:6d
[   31.118001] PM: Cannot get wkup_m3_ipc handle
[[0;32m  OK  [0m] Started Login Service.
         Starting Hostname Service...
         Starting WPA supplicant...
[[0;32m  OK  [0m] Reached target Sound Card.
         Starting LSB: set CPUFreq kernel parameters...
[[0;32m  OK  [0m] Started Hostname Service.
[[0;32m  OK  [0m] Started WPA supplicant.
[[0;32m  OK  [0m] Reached target Network.
         Starting The Apache HTTP Server...
         Starting OpenBSD Secure Shell server...
         Starting Permit User Sessions...
[[0;32m  OK  [0m] Reached target Network is Online.
         Starting LSB: Advanced IEEE 802.11 management daemon...
[[0;32m  OK  [0m] Started LSB: set CPUFreq kernel parameters.
[[0;32m  OK  [0m] Started LSB: Advanced IEEE 802.11 management daemon.
[[0;32m  OK  [0m] Started Permit User Sessions.
[[0;32m  OK  [0m] Started Getty on tty1.
[[0;32m  OK  [0m] Started Serial Getty on ttyS0.
[[0;32m  OK  [0m] Reached target Login Prompts.
[[0;32m  OK  [0m] Started OpenBSD Secure Shell server.
         Stopping LSB: Start busybox udhcpd at boot time...
[[0;32m  OK  [0m] Stopped LSB: Start busybox udhcpd at boot time.
[[0;32m  OK  [0m] Started The Apache HTTP Server.
         Starting dnsmasq - A lightweight DHCP and caching DNS server...
[[0;32m  OK  [0m] Started dnsmasq - A lightweight DHCP and caching DNS server.
[[0;32m  OK  [0m] Reached target Host and Network Name Lookups.
[[0;32m  OK  [0m] Started Serial Getty on ttyGS0.
[[0;32m  OK  [0m] Started Generic Board Startup.
[[0;32m  OK  [0m] Reached target Multi-User System.
[[0;32m  OK  [0m] Reached target Graphical Interface.
         Starting Update UTMP about System Runlevel Changes...
[[0;32m  OK  [0m] Started Update UTMP about System Runlevel Changes.

Debian GNU/Linux 9 arm ttyS0

default username:password is [debian:temppwd]

arm login: root
Password: 
Last login: Sat Jan  1 00:00:35 UTC 2000 on ttyS0
root
Linux arm 6.18.0-rc6-next-20251121 #1 SMP Mon Nov 24 12:14:06 EET 2025 armv7l

The programs included with the Debian GNU/Linux system are free software;
the exact distribution terms for each program are described in the
individual files in /usr/share/doc/*/copyright.

Debian GNU/Linux comes with ABSOLUTELY NO WARRANTY, to the extent
permitted by applicable law.
root@arm:~# root
-bash: root: command not found
root@arm:~# dmesg -n 1
root@arm:~# echo 'EJWG''LBLSEF'
EJWGLBLSEF
root@arm:~# run() { echo -n "$MARKER"; sh -c "$@"; echo "$MARKER $?"; }
root@arm:~# echo 'PJHS''USKOSM'
PJHSUSKOSM
root@arm:~# MARKER='WGAJ''HOSOME' run 'cat /proc/version'
WGAJHOSOMELinux version 6.18.0-rc6-next-20251121 (user01@drvtest01) (arm-none-eabi-gcc (Arm GNU Toolchain 14.2.Rel1 (Build arm-14.52)) 14.2.1 20241119, GNU ld (Arm GNU Toolchain 14.2.Rel1 (Build arm-14.52)) 2.43.1.20241119) #1 SMP Mon Nov 24 12:14:06 EET 2025
WGAJHOSOME 0
root@arm:~# echo 'NBHB''CUCSSY'
NBHBCUCSSY
root@arm:~# MARKER='JVAP''NXAPBK' run false
JVAPNXAPBKJVAPNXAPBK 1
root@arm:~# Labgrid Console Logfile for main
Logfile started at 2025-11-24 12:16:57.121821
=== Log starts here ===

root@arm:~# run() { echo -n "$MARKER"; sh -c "$@"; echo "$MARKER $?"; }
root@arm:~# echo 'GHBN''FEMEOA'
GHBNFEMEOA
root@arm:~# MARKER='GJQQ''YYGZZP' run 'ls /iio_generic_buffer; echo $?'
GJQQYYGZZP/iio_generic_buffer
0
GJQQYYGZZP 0
root@arm:~# Labgrid Console Logfile for main
Logfile started at 2025-11-24 12:17:00.479187
=== Log starts here ===

root@arm:~# run() { echo -n "$MARKER"; sh -c "$@"; echo "$MARKER $?"; }
root@arm:~# echo 'LZZL''EYFOLS'
LZZLEYFOLS
root@arm:~# MARKER='QYSG''CQGBKL' run dmesg
QYSGCQGBKL[    0.000000] Booting Linux on physical CPU 0x0
[    0.000000] Linux version 6.18.0-rc6-next-20251121 (user01@drvtest01) (arm-none-eabi-gcc (Arm GNU Toolchain 14.2.Rel1 (Build arm-14.52)) 14.2.1 20241119, GNU ld (Arm GNU Toolchain 14.2.Rel1 (Build arm-14.52)) 2.43.1.20241119) #1 SMP Mon Nov 24 12:14:06 EET 2025
[    0.000000] CPU: ARMv7 Processor [413fc082] revision 2 (ARMv7), cr=10c5387d
[    0.000000] CPU: PIPT / VIPT nonaliasing data cache, VIPT aliasing instruction cache
[    0.000000] OF: fdt: Machine model: TI AM335x BeagleBone Black
[    0.000000] Memory policy: Data cache writeback
[    0.000000] cma: Reserved 16 MiB at 0x9e800000
[    0.000000] Zone ranges:
[    0.000000]   Normal   [mem 0x0000000080000000-0x000000009fdfffff]
[    0.000000]   HighMem  empty
[    0.000000] Movable zone start for each node
[    0.000000] Early memory node ranges
[    0.000000]   node   0: [mem 0x0000000080000000-0x000000009fdfffff]
[    0.000000] Initmem setup node 0 [mem 0x0000000080000000-0x000000009fdfffff]
[    0.000000] On node 0, zone Normal: 512 pages in unavailable ranges
[    0.000000] OF: reserved mem: Reserved memory: No reserved-memory node in the DT
[    0.000000] CPU: All CPU(s) started in SVC mode.
[    0.000000] AM335X ES2.1 (sgx neon)
[    0.000000] percpu: Embedded 17 pages/cpu s40204 r8192 d21236 u69632
[    0.000000] pcpu-alloc: s40204 r8192 d21236 u69632 alloc=17*4096
[    0.000000] pcpu-alloc: [0] 0 
[    0.000000] Kernel command line: console=ttyO0,115200n8 root=/dev/nfs rw nfsroot=192.168.255.126:/home/user01/nfs,nfsvers=3 ip=192.168.255.1:192.168.255.126::255.255.255.0:bbb1:eth0 nfsrootdebug
[    0.000000] Unknown kernel command line parameters "nfsrootdebug", will be passed to user space.
[    0.000000] printk: log buffer data + meta data: 65536 + 204800 = 270336 bytes
[    0.000000] Dentry cache hash table entries: 65536 (order: 6, 262144 bytes, linear)
[    0.000000] Inode-cache hash table entries: 32768 (order: 5, 131072 bytes, linear)
[    0.000000] Built 1 zonelists, mobility grouping on.  Total pages: 130560
[    0.000000] mem auto-init: stack:off, heap alloc:off, heap free:off
[    0.000000] SLUB: HWalign=16, Order=0-3, MinObjects=0, CPUs=1, Nodes=1
[    0.000000] rcu: Hierarchical RCU implementation.
[    0.000000] rcu: 	RCU event tracing is enabled.
[    0.000000] rcu: 	RCU restricting CPUs from NR_CPUS=2 to nr_cpu_ids=1.
[    0.000000] 	Tracing variant of Tasks RCU enabled.
[    0.000000] rcu: RCU calculated value of scheduler-enlistment delay is 10 jiffies.
[    0.000000] rcu: Adjusting geometry for rcu_fanout_leaf=16, nr_cpu_ids=1
[    0.000000] RCU Tasks Trace: Setting shift to 0 and lim to 1 rcu_task_cb_adjust=1 rcu_task_cpu_ids=1.
[    0.000000] NR_IRQS: 16, nr_irqs: 16, preallocated irqs: 16
[    0.000000] IRQ: Found an INTC at 0x(ptrval) (revision 5.0) with 128 interrupts
[    0.000000] rcu: srcu_init: Setting srcu_struct sizes based on contention.
[    0.000000] TI gptimer clocksource: always-on /ocp/interconnect@44c00000/segment@200000/target-module@31000
[    0.000002] sched_clock: 32 bits at 24MHz, resolution 41ns, wraps every 89478484971ns
[    0.000026] clocksource: dmtimer: mask: 0xffffffff max_cycles: 0xffffffff, max_idle_ns: 79635851949 ns
[    0.000566] TI gptimer clockevent: 24000000 Hz at /ocp/interconnect@48000000/segment@0/target-module@40000
[    0.002146] Console: colour dummy device 80x30
[    0.002212] WARNING: Your 'console=ttyO0' has been replaced by 'ttyS0'
[    0.002220] This ensures that you still see kernel messages. Please
[    0.002224] update your kernel commandline.
[    0.002265] Calibrating delay loop... 996.14 BogoMIPS (lpj=4980736)
[    0.090682] CPU: Testing write buffer coherency: ok
[    0.090765] CPU0: Spectre v2: using BPIALL workaround
[    0.090775] pid_max: default: 32768 minimum: 301
[    0.091091] Mount-cache hash table entries: 1024 (order: 0, 4096 bytes, linear)
[    0.091111] Mountpoint-cache hash table entries: 1024 (order: 0, 4096 bytes, linear)
[    0.092695] CPU0: thread -1, cpu 0, socket -1, mpidr 0
[    0.092750] cacheinfo: Unable to detect cache hierarchy for CPU 0
[    0.094753] Setting up static identity map for 0x80100000 - 0x80100078
[    0.095080] rcu: Hierarchical SRCU implementation.
[    0.095088] rcu: 	Max phase no-delay instances is 1000.
[    0.095560] Timer migration: 1 hierarchy levels; 8 children per group; 1 crossnode level
[    0.096867] smp: Bringing up secondary CPUs ...
[    0.096921] smp: Brought up 1 node, 1 CPU
[    0.096934] SMP: Total of 1 processors activated (996.14 BogoMIPS).
[    0.096945] CPU: All CPU(s) started in SVC mode.
[    0.097185] Memory: 479964K/522240K available (12288K kernel code, 1231K rwdata, 2956K rodata, 1024K init, 255K bss, 24364K reserved, 16384K cma-reserved, 0K highmem)
[    0.098057] devtmpfs: initialized
[    0.115418] VFP support v0.3: implementor 41 architecture 3 part 30 variant c rev 3
[    0.116084] clocksource: jiffies: mask: 0xffffffff max_cycles: 0xffffffff, max_idle_ns: 19112604462750000 ns
[    0.116147] posixtimers hash table entries: 2048 (order: 2, 16384 bytes, linear)
[    0.116200] futex hash table entries: 1024 (65536 bytes on 1 NUMA nodes, total 64 KiB, linear).
[    0.119364] NET: Registered PF_NETLINK/PF_ROUTE protocol family
[    0.122475] DMA: preallocated 256 KiB pool for atomic coherent allocations
[    0.123447] audit: initializing netlink subsys (disabled)
[    0.124804] thermal_sys: Registered thermal governor 'fair_share'
[    0.124821] thermal_sys: Registered thermal governor 'step_wise'
[    0.124831] thermal_sys: Registered thermal governor 'user_space'
[    0.124939] audit: type=2000 audit(0.120:1): state=initialized audit_enabled=0 res=1
[    0.125011] cpuidle: using governor menu
[    0.143002] /ocp/interconnect@44c00000/segment@200000/target-module@b000/i2c@0/tda19988@70: Fixed dependency cycle(s) with /ocp/interconnect@48000000/segment@300000/target-module@e000/lcdc@0
[    0.144082] /ocp/interconnect@48000000/segment@300000/target-module@e000/lcdc@0: Fixed dependency cycle(s) with /ocp/interconnect@44c00000/segment@200000/target-module@b000/i2c@0/tda19988@70
[    0.146269] No ATAGs?
[    0.146307] hw-breakpoint: debug architecture 0x4 unsupported.
[    0.148968] kprobes: kprobe jump-optimization is enabled. All kprobes are optimized if possible.
[    0.154019] iommu: Default domain type: Translated
[    0.154043] iommu: DMA domain TLB invalidation policy: strict mode
[    0.155618] reg-fixed-voltage fixedregulator0: using DT '/fixedregulator0' for '(default)' GPIO lookup
[    0.155671] of_get_named_gpiod_flags: can't parse 'gpios' property of node '/fixedregulator0[0]'
[    0.155699] of_get_named_gpiod_flags: can't parse 'gpio' property of node '/fixedregulator0[0]'
[    0.155717] reg-fixed-voltage fixedregulator0: using lookup tables for GPIO lookup
[    0.155728] reg-fixed-voltage fixedregulator0: No GPIO consumer (default) found
[    0.161460] SCSI subsystem initialized
[    0.161949] libata version 3.00 loaded.
[    0.162332] pps_core: LinuxPPS API ver. 1 registered
[    0.162342] pps_core: Software ver. 5.3.6 - Copyright 2005-2007 Rodolfo Giometti <giometti@linux.it>
[    0.162365] PTP clock support registered
[    0.171398] vgaarb: loaded
[    0.171788] clocksource: Switched to clocksource dmtimer
[    0.172406] VFS: Disk quotas dquot_6.6.0
[    0.172464] VFS: Dquot-cache hash table entries: 1024 (order 0, 4096 bytes)
[    0.196598] NET: Registered PF_INET protocol family
[    0.196935] IP idents hash table entries: 8192 (order: 4, 65536 bytes, linear)
[    0.198386] tcp_listen_portaddr_hash hash table entries: 512 (order: 0, 4096 bytes, linear)
[    0.198425] Table-perturb hash table entries: 65536 (order: 6, 262144 bytes, linear)
[    0.198443] TCP established hash table entries: 4096 (order: 2, 16384 bytes, linear)
[    0.198490] TCP bind hash table entries: 4096 (order: 4, 65536 bytes, linear)
[    0.198590] TCP: Hash tables configured (established 4096 bind 4096)
[    0.198716] UDP hash table entries: 256 (order: 2, 14336 bytes, linear)
[    0.198751] UDP-Lite hash table entries: 256 (order: 2, 14336 bytes, linear)
[    0.198959] NET: Registered PF_UNIX/PF_LOCAL protocol family
[    0.202715] RPC: Registered named UNIX socket transport module.
[    0.202737] RPC: Registered udp transport module.
[    0.202743] RPC: Registered tcp transport module.
[    0.202747] RPC: Registered tcp-with-tls transport module.
[    0.202752] RPC: Registered tcp NFSv4.1 backchannel transport module.
[    0.202779] PCI: CLS 0 bytes, default 64
[    0.204215] Initialise system trusted keyrings
[    0.212326] workingset: timestamp_bits=14 max_order=17 bucket_order=3
[    0.213756] NFS: Registering the id_resolver key type
[    0.213818] Key type id_resolver registered
[    0.213825] Key type id_legacy registered
[    0.213934] jffs2: version 2.2. (NAND) (SUMMARY)  Â© 2001-2006 Red Hat, Inc.
[    0.214484] Key type asymmetric registered
[    0.214504] Asymmetric key parser 'x509' registered
[    0.214576] io scheduler mq-deadline registered
[    0.214586] io scheduler kyber registered
[    0.214665] io scheduler bfq registered
[    0.216491] target-module@4b000000:target-module@140000:pmu@0:fck: device ID is greater than 24
[    0.217682] ledtrig-cpu: registered to indicate activity on CPUs
[    0.232157] Serial: 8250/16550 driver, 6 ports, IRQ sharing enabled
[    0.264966] brd: module loaded
[    0.286445] loop: module loaded
[    0.287375] mtdoops: mtd device (mtddev=name/number) must be supplied
[    0.288910] mdio_bus fixed-0: using lookup tables for GPIO lookup
[    0.288934] mdio_bus fixed-0: No GPIO consumer reset found
[    0.290345] i2c_dev: i2c /dev entries driver
[    0.291379] cpuidle: enable-method property 'ti,am3352' found operations
[    0.292000] sdhci: Secure Digital Host Controller Interface driver
[    0.292012] sdhci: Copyright(c) Pierre Ossman
[    0.292226] sdhci-pltfm: SDHCI platform and OF driver helper
[    0.293368] hw perfevents: unable to set irq affinity (irq=17, cpu=0)
[    0.293381] hw perfevents: unable to request IRQ17 for ARM PMU counters
[    0.293407] armv7-pmu target-module@4b000000:target-module@140000:pmu@0: probe with driver armv7-pmu failed with error -22
[    0.293890] Initializing XFRM netlink socket
[    0.294055] NET: Registered PF_INET6 protocol family
[    0.303413] Segment Routing with IPv6
[    0.303500] In-situ OAM (IOAM) with IPv6
[    0.303596] sit: IPv6, IPv4 and MPLS over IPv4 tunneling driver
[    0.304634] NET: Registered PF_PACKET protocol family
[    0.304655] PFKEY is deprecated and scheduled to be removed in 2027, please contact the netdev mailing list
[    0.304681] NET: Registered PF_KEY protocol family
[    0.304801] Key type dns_resolver registered
[    0.305041] ThumbEE CPU extension supported.
[    0.305063] Registering SWP/SWPB emulation handler
[    0.305584] omap_voltage_late_init: Voltage driver support not added
[    0.306237] SmartReflex Class3 initialized
[    0.335870] Loading compiled-in X.509 certificates
[    0.371128] /ocp/interconnect@44c00000/segment@200000/target-module@b000/i2c@0/tda19988@70: Fixed dependency cycle(s) with /ocp/interconnect@48000000/segment@300000/target-module@e000/lcdc@0
[    0.377699] /ocp/interconnect@44c00000/segment@200000/target-module@b000/i2c@0/tda19988@70: Fixed dependency cycle(s) with /ocp/interconnect@48000000/segment@300000/target-module@e000/lcdc@0
[    0.383468] gpiochip_find_base_unlocked: found new base at 512
[    0.410184] /ocp/interconnect@44c00000/segment@200000/target-module@b000/i2c@0/tda19988@70: Fixed dependency cycle(s) with /ocp/interconnect@48000000/segment@300000/target-module@e000/lcdc@0
[    0.411079] /ocp/interconnect@44c00000/segment@200000/target-module@b000/i2c@0/tda19988@70: Fixed dependency cycle(s) with /ocp/interconnect@48000000/segment@300000/target-module@e000/lcdc@0
[    0.414986] /ocp/interconnect@44c00000/segment@200000/target-module@10000/scm@0/pinmux@800: Fixed dependency cycle(s) with /ocp/interconnect@44c00000/segment@200000/target-module@10000/scm@0/pinmux@800/clkout2-pins
[    0.415606] pinctrl-single 44e10800.pinmux: 142 pins, size 568
[    0.469051] /ocp/interconnect@48000000/segment@300000/target-module@e000/lcdc@0: Fixed dependency cycle(s) with /ocp/interconnect@44c00000/segment@200000/target-module@b000/i2c@0/tda19988@70
[    0.489299] gpiochip_find_base_unlocked: found new base at 512
[    0.489402] gpio gpiochip0: (gpio-0-31): created GPIO range 0->7 ==> 44e10800.pinmux PIN 0->7
[    0.489422] gpio gpiochip0: (gpio-0-31): created GPIO range 8->11 ==> 44e10800.pinmux PIN 90->93
[    0.489438] gpio gpiochip0: (gpio-0-31): created GPIO range 12->27 ==> 44e10800.pinmux PIN 12->27
[    0.489453] gpio gpiochip0: (gpio-0-31): created GPIO range 28->31 ==> 44e10800.pinmux PIN 30->33
[    0.514422] gpio gpiochip0: (gpio-0-31): added GPIO chardev (254:0)
[    0.514661] gpio gpiochip0: registered GPIOs 512 to 543 on gpio-0-31
[    0.514749] OMAP GPIO hardware version 0.1
[    0.561879] i2c i2c-2: using DT '/ocp/interconnect@48000000/segment@100000/target-module@9c000/i2c@0' for 'scl' GPIO lookup
[    0.561958] of_get_named_gpiod_flags: can't parse 'scl-gpios' property of node '/ocp/interconnect@48000000/segment@100000/target-module@9c000/i2c@0[0]'
[    0.562001] of_get_named_gpiod_flags: can't parse 'scl-gpio' property of node '/ocp/interconnect@48000000/segment@100000/target-module@9c000/i2c@0[0]'
[    0.562039] i2c i2c-2: using lookup tables for GPIO lookup
[    0.562048] i2c i2c-2: No GPIO consumer scl found
[    0.562069] i2c i2c-2: using DT '/ocp/interconnect@48000000/segment@100000/target-module@9c000/i2c@0' for 'sda' GPIO lookup
[    0.562105] of_get_named_gpiod_flags: can't parse 'sda-gpios' property of node '/ocp/interconnect@48000000/segment@100000/target-module@9c000/i2c@0[0]'
[    0.562142] of_get_named_gpiod_flags: can't parse 'sda-gpio' property of node '/ocp/interconnect@48000000/segment@100000/target-module@9c000/i2c@0[0]'
[    0.562174] i2c i2c-2: using lookup tables for GPIO lookup
[    0.562182] i2c i2c-2: No GPIO consumer sda found
[    0.562912] omap_i2c 4819c000.i2c: bus 2 rev0.11 at 100 kHz
[    0.568672] gpiochip_find_base_unlocked: found new base at 544
[    0.568788] gpio gpiochip1: (gpio-32-63): created GPIO range 0->17 ==> 44e10800.pinmux PIN 34->51
[    0.568808] gpio gpiochip1: (gpio-32-63): created GPIO range 18->21 ==> 44e10800.pinmux PIN 77->80
[    0.568823] gpio gpiochip1: (gpio-32-63): created GPIO range 22->31 ==> 44e10800.pinmux PIN 56->65
[    0.587640] gpio gpiochip1: (gpio-32-63): added GPIO chardev (254:1)
[    0.587884] gpio gpiochip1: registered GPIOs 544 to 575 on gpio-32-63
[    0.590199] gpiochip_find_base_unlocked: found new base at 576
[    0.590294] gpio gpiochip2: (gpio-64-95): created GPIO range 0->4 ==> 44e10800.pinmux PIN 66->70
[    0.590314] gpio gpiochip2: (gpio-64-95): created GPIO range 5->6 ==> 44e10800.pinmux PIN 98->99
[    0.590330] gpio gpiochip2: (gpio-64-95): created GPIO range 7->8 ==> 44e10800.pinmux PIN 75->76
[    0.590345] gpio gpiochip2: (gpio-64-95): created GPIO range 13->13 ==> 44e10800.pinmux PIN 141->141
[    0.590361] gpio gpiochip2: (gpio-64-95): created GPIO range 14->21 ==> 44e10800.pinmux PIN 100->107
[    0.591032] gpio gpiochip2: (gpio-64-95): added GPIO chardev (254:2)
[    0.591245] gpio gpiochip2: registered GPIOs 576 to 607 on gpio-64-95
[    0.597198] 48000000.interconnect:segment@200000:target-module@0:mpu@0:fck: device ID is greater than 24
[    0.598122] /ocp/interconnect@48000000/segment@300000/target-module@e000/lcdc@0: Fixed dependency cycle(s) with /ocp/interconnect@44c00000/segment@200000/target-module@b000/i2c@0/tda19988@70
[    0.600966] /ocp/interconnect@48000000/segment@300000/target-module@e000/lcdc@0: Fixed dependency cycle(s) with /ocp/interconnect@44c00000/segment@200000/target-module@b000/i2c@0/tda19988@70
[    0.601695] /ocp/interconnect@44c00000/segment@200000/target-module@b000/i2c@0/tda19988@70: Fixed dependency cycle(s) with /ocp/interconnect@48000000/segment@300000/target-module@e000/lcdc@0
[    0.602045] /ocp/interconnect@48000000/segment@300000/target-module@e000/lcdc@0: Fixed dependency cycle(s) with /ocp/interconnect@44c00000/segment@200000/target-module@b000/i2c@0/tda19988@70
[    0.610181] sdhci-omap 481d8000.mmc: using DT '/ocp/interconnect@48000000/segment@100000/target-module@d8000/mmc@0' for 'wp' GPIO lookup
[    0.610283] of_get_named_gpiod_flags: can't parse 'wp-gpios' property of node '/ocp/interconnect@48000000/segment@100000/target-module@d8000/mmc@0[0]'
[    0.610329] of_get_named_gpiod_flags: can't parse 'wp-gpio' property of node '/ocp/interconnect@48000000/segment@100000/target-module@d8000/mmc@0[0]'
[    0.610367] sdhci-omap 481d8000.mmc: using lookup tables for GPIO lookup
[    0.610377] sdhci-omap 481d8000.mmc: No GPIO consumer wp found
[    0.610578] sdhci-omap 481d8000.mmc: supply pbias not found, using dummy regulator
[    0.611661] sdhci-omap 481d8000.mmc: supply vqmmc not found, using dummy regulator
[    0.629735] mdio_bus 4a101000.mdio: using DT '/ocp/interconnect@4a000000/segment@0/target-module@100000/switch@0/mdio@1000' for 'reset' GPIO lookup
[    0.629811] of_get_named_gpiod_flags: can't parse 'reset-gpios' property of node '/ocp/interconnect@4a000000/segment@0/target-module@100000/switch@0/mdio@1000[0]'
[    0.629858] of_get_named_gpiod_flags: can't parse 'reset-gpio' property of node '/ocp/interconnect@4a000000/segment@0/target-module@100000/switch@0/mdio@1000[0]'
[    0.629908] mdio_bus 4a101000.mdio: using lookup tables for GPIO lookup
[    0.629917] mdio_bus 4a101000.mdio: No GPIO consumer reset found
[    0.672830] davinci_mdio 4a101000.mdio: davinci mdio revision 1.6, bus freq 1000000
[    0.694820] mdio_bus 4a101000.mdio:00: using DT '/ocp/interconnect@4a000000/segment@0/target-module@100000/switch@0/mdio@1000/ethernet-phy@0' for 'reset' GPIO lookup
[    0.694928] of_get_named_gpiod_flags: parsed 'reset-gpios' property of node '/ocp/interconnect@4a000000/segment@0/target-module@100000/switch@0/mdio@1000/ethernet-phy@0[0]' - status (0)
[    0.695085] gpio gpiochip0: Persistence not supported for GPIO 8
[    0.831468] davinci_mdio 4a101000.mdio: phy[0]: device 4a101000.mdio:00, driver SMSC LAN8710/LAN8720
[    0.832361] cpsw-switch 4a100000.switch: initialized cpsw ale version 1.4
[    0.832385] cpsw-switch 4a100000.switch: ALE Table size 1024, Policers 0
[    0.832545] cpsw-switch 4a100000.switch: cpts: overflow check period 500 (jiffies)
[    0.832562] cpsw-switch 4a100000.switch: CPTS: ref_clk_freq:250000000 calc_mult:2147483648 calc_shift:29 error:0 nsec/sec
[    0.832664] cpsw-switch 4a100000.switch: Detected MACID = 6c:ec:eb:68:de:78
[    0.834531] cpsw-switch 4a100000.switch: initialized (regs 0x4a100000, pool size 256) hw_ver:0019010C 1.12 (0)
[    0.845963] debugfs: '49000000.dma' already exists in 'dmaengine'
[    0.846007] edma 49000000.dma: TI EDMA DMA engine driver
[    0.882453] ti-sysc 44e31000.target-module: Failed to create device link (0x180) with supplier ocp for /ocp/interconnect@44c00000/segment@200000/target-module@31000/timer@0
[    0.882516] ti-sysc 48040000.target-module: Failed to create device link (0x180) with supplier ocp for /ocp/interconnect@48000000/segment@0/target-module@40000/timer@0
[    0.883463] gpio-clk clk_mcasp0: using DT '/clk_mcasp0' for 'enable' GPIO lookup
[    0.883533] of_get_named_gpiod_flags: parsed 'enable-gpios' property of node '/clk_mcasp0[0]' - status (0)
[    0.883578] gpio gpiochip0: Persistence not supported for GPIO 27
[    0.884347] gpiochip_find_base_unlocked: found new base at 608
[    0.884456] gpio gpiochip3: (gpio-96-127): created GPIO range 0->7 ==> 44e10800.pinmux PIN 82->89
[    0.884478] gpio gpiochip3: (gpio-96-127): created GPIO range 8->11 ==> 44e10800.pinmux PIN 52->55
[    0.884493] gpio gpiochip3: (gpio-96-127): created GPIO range 12->15 ==> 44e10800.pinmux PIN 94->97
[    0.884509] gpio gpiochip3: (gpio-96-127): created GPIO range 16->17 ==> 44e10800.pinmux PIN 71->72
[    0.884525] gpio gpiochip3: (gpio-96-127): created GPIO range 18->18 ==> 44e10800.pinmux PIN 135->135
[    0.884541] gpio gpiochip3: (gpio-96-127): created GPIO range 19->20 ==> 44e10800.pinmux PIN 108->109
[    0.884558] gpio gpiochip3: (gpio-96-127): created GPIO range 21->21 ==> 44e10800.pinmux PIN 73->73
[    0.884574] gpio gpiochip3: (gpio-96-127): created GPIO range 22->23 ==> 44e10800.pinmux PIN 8->9
[    0.884591] gpio gpiochip3: (gpio-96-127): created GPIO range 26->27 ==> 44e10800.pinmux PIN 10->11
[    0.884608] gpio gpiochip3: (gpio-96-127): created GPIO range 28->28 ==> 44e10800.pinmux PIN 74->74
[    0.884626] gpio gpiochip3: (gpio-96-127): created GPIO range 29->29 ==> 44e10800.pinmux PIN 81->81
[    0.884644] gpio gpiochip3: (gpio-96-127): created GPIO range 30->31 ==> 44e10800.pinmux PIN 28->29
[    0.892725] gpio gpiochip3: (gpio-96-127): added GPIO chardev (254:3)
[    0.892960] gpio gpiochip3: registered GPIOs 608 to 639 on gpio-96-127
[    0.894925] omap8250 44e09000.serial: using DT '/ocp/interconnect@44c00000/segment@200000/target-module@9000/serial@0' for 'rs485-term' GPIO lookup
[    0.895007] of_get_named_gpiod_flags: can't parse 'rs485-term-gpios' property of node '/ocp/interconnect@44c00000/segment@200000/target-module@9000/serial@0[0]'
[    0.895051] of_get_named_gpiod_flags: can't parse 'rs485-term-gpio' property of node '/ocp/interconnect@44c00000/segment@200000/target-module@9000/serial@0[0]'
[    0.895088] omap8250 44e09000.serial: using lookup tables for GPIO lookup
[    0.895097] omap8250 44e09000.serial: No GPIO consumer rs485-term found
[    0.895107] omap8250 44e09000.serial: using DT '/ocp/interconnect@44c00000/segment@200000/target-module@9000/serial@0' for 'rs485-rx-during-tx' GPIO lookup
[    0.895143] of_get_named_gpiod_flags: can't parse 'rs485-rx-during-tx-gpios' property of node '/ocp/interconnect@44c00000/segment@200000/target-module@9000/serial@0[0]'
[    0.895181] of_get_named_gpiod_flags: can't parse 'rs485-rx-during-tx-gpio' property of node '/ocp/interconnect@44c00000/segment@200000/target-module@9000/serial@0[0]'
[    0.895213] omap8250 44e09000.serial: using lookup tables for GPIO lookup
[    0.895221] omap8250 44e09000.serial: No GPIO consumer rs485-rx-during-tx found
[    0.895676] 44e09000.serial: ttyS0 at MMIO 0x44e09000 (irq = 34, base_baud = 3000000) is a 8250
[    0.895795] printk: legacy console [ttyS0] enabled
[    2.464049] i2c i2c-0: using DT '/ocp/interconnect@44c00000/segment@200000/target-module@b000/i2c@0' for 'scl' GPIO lookup
[    2.464138] of_get_named_gpiod_flags: can't parse 'scl-gpios' property of node '/ocp/interconnect@44c00000/segment@200000/target-module@b000/i2c@0[0]'
[    2.464184] of_get_named_gpiod_flags: can't parse 'scl-gpio' property of node '/ocp/interconnect@44c00000/segment@200000/target-module@b000/i2c@0[0]'
[    2.464227] i2c i2c-0: using lookup tables for GPIO lookup
[    2.464241] i2c i2c-0: No GPIO consumer scl found
[    2.464266] i2c i2c-0: using DT '/ocp/interconnect@44c00000/segment@200000/target-module@b000/i2c@0' for 'sda' GPIO lookup
[    2.464306] of_get_named_gpiod_flags: can't parse 'sda-gpios' property of node '/ocp/interconnect@44c00000/segment@200000/target-module@b000/i2c@0[0]'
[    2.464347] of_get_named_gpiod_flags: can't parse 'sda-gpio' property of node '/ocp/interconnect@44c00000/segment@200000/target-module@b000/i2c@0[0]'
[    2.464383] i2c i2c-0: using lookup tables for GPIO lookup
[    2.464394] i2c i2c-0: No GPIO consumer sda found
[    2.482767] tps65217-pmic: Failed to locate of_node [id: -1]
[    2.488833] tps65217-bl: Failed to locate of_node [id: -1]
[    2.496296] platform tps65217-charger: DMA mask not set
[    2.503334] platform tps65217-pwrbutton: DMA mask not set
[    2.511165] tps65217 0-0024: TPS65217 ID 0xe version 1.2
[    2.517254] /ocp/interconnect@48000000/segment@300000/target-module@e000/lcdc@0: Fixed dependency cycle(s) with /ocp/interconnect@44c00000/segment@200000/target-module@b000/i2c@0/tda19988@70
[    2.534684] /ocp/interconnect@44c00000/segment@200000/target-module@b000/i2c@0/tda19988@70: Fixed dependency cycle(s) with /ocp/interconnect@48000000/segment@300000/target-module@e000/lcdc@0
[    2.552080] omap_i2c 44e0b000.i2c: bus 0 rev0.11 at 400 kHz
[    2.559982] sdhci-omap 48060000.mmc: using DT '/ocp/interconnect@48000000/segment@0/target-module@60000/mmc@0' for 'cd' GPIO lookup
[    2.560093] of_get_named_gpiod_flags: parsed 'cd-gpios' property of node '/ocp/interconnect@48000000/segment@0/target-module@60000/mmc@0[0]' - status (0)
[    2.560162] gpio gpiochip3: Persistence not supported for GPIO 6
[    2.560186] omap_gpio 44e07000.gpio: Could not set line 6 debounce to 200000 microseconds (-22)
[    2.569074] sdhci-omap 48060000.mmc: Got CD GPIO
[    2.573758] sdhci-omap 48060000.mmc: using DT '/ocp/interconnect@48000000/segment@0/target-module@60000/mmc@0' for 'wp' GPIO lookup
[    2.573806] of_get_named_gpiod_flags: can't parse 'wp-gpios' property of node '/ocp/interconnect@48000000/segment@0/target-module@60000/mmc@0[0]'
[    2.573851] of_get_named_gpiod_flags: can't parse 'wp-gpio' property of node '/ocp/interconnect@48000000/segment@0/target-module@60000/mmc@0[0]'
[    2.573891] sdhci-omap 48060000.mmc: using lookup tables for GPIO lookup
[    2.573905] sdhci-omap 48060000.mmc: No GPIO consumer wp found
[    2.574117] sdhci-omap 48060000.mmc: supply pbias not found, using dummy regulator
[    2.583028] sdhci-omap 481d8000.mmc: using DT '/ocp/interconnect@48000000/segment@100000/target-module@d8000/mmc@0' for 'wp' GPIO lookup
[    2.583108] of_get_named_gpiod_flags: can't parse 'wp-gpios' property of node '/ocp/interconnect@48000000/segment@100000/target-module@d8000/mmc@0[0]'
[    2.583157] of_get_named_gpiod_flags: can't parse 'wp-gpio' property of node '/ocp/interconnect@48000000/segment@100000/target-module@d8000/mmc@0[0]'
[    2.583197] sdhci-omap 481d8000.mmc: using lookup tables for GPIO lookup
[    2.583211] sdhci-omap 481d8000.mmc: No GPIO consumer wp found
[    2.584561] sdhci-omap 48060000.mmc: supply vqmmc not found, using dummy regulator
[    2.593763] sdhci-omap 481d8000.mmc: supply pbias not found, using dummy regulator
[    2.602333] sdhci-omap 481d8000.mmc: supply vqmmc not found, using dummy regulator
[    2.639614] mmc1: SDHCI controller on 481d8000.mmc [481d8000.mmc] using External DMA
[    2.648043] mmc0: SDHCI controller on 48060000.mmc [48060000.mmc] using External DMA
[    2.656958] cpsw-switch 4a100000.switch: starting ndev. mode: dual_mac
[    2.722175] mmc1: new high speed MMC card at address 0001
[    2.729015] mmcblk1: mmc1:0001 MMC04G 3.60 GiB
[    2.736905]  mmcblk1: p1 p2
[    2.740705] SMSC LAN8710/LAN8720 4a101000.mdio:00: attached PHY driver (mii_bus:phy_addr=4a101000.mdio:00, irq=POLL)
[    2.752251] mmcblk1boot0: mmc1:0001 MMC04G 2.00 MiB
[    2.762052] mmcblk1boot1: mmc1:0001 MMC04G 2.00 MiB
[    2.775357] mmcblk1rpmb: mmc1:0001 MMC04G 128 KiB, chardev (249:0)
[    2.825359] mmc0: new high speed SDHC card at address aaaa
[    2.832364] mmcblk0: mmc0:aaaa SE32G 29.7 GiB
[    2.841383]  mmcblk0: p1 p2
[    5.922551] cpsw-switch 4a100000.switch eth0: Link is Up - 100Mbps/Full - flow control off
[    5.951802] IP-Config: Complete:
[    5.955072]      device=eth0, hwaddr=6c:ec:eb:68:de:78, ipaddr=192.168.255.1, mask=255.255.255.0, gw=255.255.255.255
[    5.965721]      host=bbb1, domain=, nis-domain=(none)
[    5.970890]      bootserver=192.168.255.126, rootserver=192.168.255.126, rootpath=
[    5.971301] clk: Disabling unused clocks
[    5.983163] PM: genpd: Disabling unused power domains
[    5.988331] KTAP version 1
[    5.991056] 1..0
[    5.993952] check access for rdinit=/init failed: -2, ignoring
[    6.025755] VFS: Mounted root (nfs filesystem) on device 0:17.
[    6.032710] devtmpfs: mounted
[    6.037191] Freeing unused kernel image (initmem) memory: 1024K
[    6.044234] Run /sbin/init as init process
[    6.048373]   with arguments:
[    6.048385]     /sbin/init
[    6.048394]     nfsrootdebug
[    6.048404]   with environment:
[    6.048412]     HOME=/
[    6.048421]     TERM=linux
[    6.774378] systemd[1]: System time before build time, advancing clock.
[    8.321818] random: crng init done
[    8.354562] systemd[1]: systemd 232 running in system mode. (+PAM +AUDIT +SELINUX +IMA +APPARMOR +SMACK +SYSVINIT +UTMP +LIBCRYPTSETUP +GCRYPT +GNUTLS +ACL +XZ +LZ4 +SECCOMP +BLKID +ELFUTILS +KMOD +IDN)
[    8.373696] systemd[1]: Detected architecture arm.
[    8.404930] systemd[1]: Set hostname to <arm>.
[    9.513591] systemd[1]: Created slice User and Session Slice.
[    9.535795] systemd[1]: systemd-journald-dev-log.socket: SO_PASSSEC failed: Operation not supported
[    9.545517] systemd[1]: Listening on Journal Socket (/dev/log).
[    9.572438] systemd[1]: Listening on udev Kernel Socket.
[    9.602727] systemd[1]: Started Dispatch Password Requests to Console Directory Watch.
[    9.633550] systemd[1]: Set up automount Arbitrary Executable File Formats File System Automount Point.
[    9.662873] systemd[1]: Listening on Journal Audit Socket.
[   12.017914] systemd-journald[103]: Received request to flush runtime journal from PID 1
[   12.651719] omap_prm 44e00d00.prm: sync_state() pending due to 44d00000.cpu
[   14.893835] leds-gpio leds: using DT '/leds/led2' for '(default)' GPIO lookup
[   14.893938] of_get_named_gpiod_flags: parsed 'gpios' property of node '/leds/led2[0]' - status (0)
[   14.893998] gpio gpiochip0: Persistence not supported for GPIO 21
[   14.894013] gpio-533 (?): no flags found for GPIO (default)
[   14.924517] leds-gpio leds: using DT '/leds/led3' for '(default)' GPIO lookup
[   14.924628] of_get_named_gpiod_flags: parsed 'gpios' property of node '/leds/led3[0]' - status (0)
[   14.924685] gpio gpiochip0: Persistence not supported for GPIO 22
[   14.924699] gpio-534 (?): no flags found for GPIO (default)
[   14.943508] leds-gpio leds: using DT '/leds/led4' for '(default)' GPIO lookup
[   14.943616] of_get_named_gpiod_flags: parsed 'gpios' property of node '/leds/led4[0]' - status (0)
[   14.943671] gpio gpiochip0: Persistence not supported for GPIO 23
[   14.943686] gpio-535 (?): no flags found for GPIO (default)
[   14.972382] leds-gpio leds: using DT '/leds/led5' for '(default)' GPIO lookup
[   14.972483] of_get_named_gpiod_flags: parsed 'gpios' property of node '/leds/led5[0]' - status (0)
[   14.972536] gpio gpiochip0: Persistence not supported for GPIO 24
[   14.972551] gpio-536 (?): no flags found for GPIO (default)
[   15.404325] remoteproc remoteproc0: wkup_m3 is available
[   15.622809] omap_rtc 44e3e000.rtc: registered as rtc0
[   15.627987] omap_rtc 44e3e000.rtc: setting system clock to 2000-01-01T00:00:00 UTC (946684800)
[   15.636857] omap_rtc 44e3e000.rtc: using DT '/ocp/interconnect@44c00000/segment@200000/target-module@3e000/rtc@0' for 'wp' GPIO lookup
[   15.636933] of_get_named_gpiod_flags: can't parse 'wp-gpios' property of node '/ocp/interconnect@44c00000/segment@200000/target-module@3e000/rtc@0[0]'
[   15.636985] of_get_named_gpiod_flags: can't parse 'wp-gpio' property of node '/ocp/interconnect@44c00000/segment@200000/target-module@3e000/rtc@0[0]'
[   15.637027] omap_rtc 44e3e000.rtc: using lookup tables for GPIO lookup
[   15.637041] omap_rtc 44e3e000.rtc: No GPIO consumer wp found
[   15.803765] omap_wdt: OMAP Watchdog Timer Rev 0x01: initial timeout 60 sec
[   16.221370] at24 2-0054: supply vcc not found, using dummy regulator
[   16.395902] at24 2-0055: supply vcc not found, using dummy regulator
[   16.407947] input: tps65217_pwrbutton as /devices/platform/ocp/44c00000.interconnect/44c00000.interconnect:segment@200000/44e0b000.target-module/44e0b000.i2c/i2c-0/0-0024/tps65217-pwrbutton/input/input0
[   16.533858] at24 2-0056: supply vcc not found, using dummy regulator
[   16.655283] at24 2-0057: supply vcc not found, using dummy regulator
[   16.818811] at24 0-0050: using DT '/ocp/interconnect@44c00000/segment@200000/target-module@b000/i2c@0/eeprom@50' for 'wp' GPIO lookup
[   16.818925] of_get_named_gpiod_flags: can't parse 'wp-gpios' property of node '/ocp/interconnect@44c00000/segment@200000/target-module@b000/i2c@0/eeprom@50[0]'
[   16.818985] of_get_named_gpiod_flags: can't parse 'wp-gpio' property of node '/ocp/interconnect@44c00000/segment@200000/target-module@b000/i2c@0/eeprom@50[0]'
[   16.819034] at24 0-0050: using lookup tables for GPIO lookup
[   16.819048] at24 0-0050: No GPIO consumer wp found
[   16.819365] at24 0-0050: 4096 byte 24c32 EEPROM, writable, 1 bytes/write
[   17.642537] am335x-phy-driver 47401300.usb-phy: using DT '/ocp/target-module@47400000/usb-phy@1300' for 'reset' GPIO lookup
[   17.642645] of_get_named_gpiod_flags: can't parse 'reset-gpios' property of node '/ocp/target-module@47400000/usb-phy@1300[0]'
[   17.642693] of_get_named_gpiod_flags: can't parse 'reset-gpio' property of node '/ocp/target-module@47400000/usb-phy@1300[0]'
[   17.642732] am335x-phy-driver 47401300.usb-phy: using lookup tables for GPIO lookup
[   17.642746] am335x-phy-driver 47401300.usb-phy: No GPIO consumer reset found
[   17.642761] am335x-phy-driver 47401300.usb-phy: using DT '/ocp/target-module@47400000/usb-phy@1300' for 'vbus-detect' GPIO lookup
[   17.642793] of_get_named_gpiod_flags: can't parse 'vbus-detect-gpios' property of node '/ocp/target-module@47400000/usb-phy@1300[0]'
[   17.642825] of_get_named_gpiod_flags: can't parse 'vbus-detect-gpio' property of node '/ocp/target-module@47400000/usb-phy@1300[0]'
[   17.642852] am335x-phy-driver 47401300.usb-phy: using lookup tables for GPIO lookup
[   17.642864] am335x-phy-driver 47401300.usb-phy: No GPIO consumer vbus-detect found
[   17.643017] am335x-phy-driver 47401300.usb-phy: dummy supplies not allowed for exclusive requests (id=vbus)
[   17.776285] am335x-phy-driver 47401b00.usb-phy: using DT '/ocp/target-module@47400000/usb-phy@1b00' for 'reset' GPIO lookup
[   17.776381] of_get_named_gpiod_flags: can't parse 'reset-gpios' property of node '/ocp/target-module@47400000/usb-phy@1b00[0]'
[   17.776425] of_get_named_gpiod_flags: can't parse 'reset-gpio' property of node '/ocp/target-module@47400000/usb-phy@1b00[0]'
[   17.776463] am335x-phy-driver 47401b00.usb-phy: using lookup tables for GPIO lookup
[   17.776478] am335x-phy-driver 47401b00.usb-phy: No GPIO consumer reset found
[   17.776492] am335x-phy-driver 47401b00.usb-phy: using DT '/ocp/target-module@47400000/usb-phy@1b00' for 'vbus-detect' GPIO lookup
[   17.776523] of_get_named_gpiod_flags: can't parse 'vbus-detect-gpios' property of node '/ocp/target-module@47400000/usb-phy@1b00[0]'
[   17.776556] of_get_named_gpiod_flags: can't parse 'vbus-detect-gpio' property of node '/ocp/target-module@47400000/usb-phy@1b00[0]'
[   17.776583] am335x-phy-driver 47401b00.usb-phy: using lookup tables for GPIO lookup
[   17.776595] am335x-phy-driver 47401b00.usb-phy: No GPIO consumer vbus-detect found
[   17.776752] am335x-phy-driver 47401b00.usb-phy: dummy supplies not allowed for exclusive requests (id=vbus)
[   18.190590] usbcore: registered new interface driver usbfs
[   18.196454] usbcore: registered new interface driver hub
[   18.202022] usbcore: registered new device driver usb
[   19.277889] omap-mailbox 480c8000.mailbox: omap mailbox rev 0x400
[   19.343079] remoteproc remoteproc0: powering up wkup_m3
[   19.504920] remoteproc remoteproc0: Direct firmware load for am335x-pm-firmware.elf failed with error -2
[   19.514680] remoteproc remoteproc0: request_firmware failed: -2
[   19.520644] wkup_m3_ipc 44e11324.wkup_m3_ipc: rproc_boot failed
[   19.642574] musb-hdrc musb-hdrc.1: MUSB HDRC host driver
[   19.648008] musb-hdrc musb-hdrc.1: new USB bus registered, assigned bus number 1
[   19.827478] usb usb1: New USB device found, idVendor=1d6b, idProduct=0002, bcdDevice= 6.18
[   19.836019] usb usb1: New USB device strings: Mfr=3, Product=2, SerialNumber=1
[   19.843395] usb usb1: Product: MUSB HDRC host driver
[   19.848390] usb usb1: Manufacturer: Linux 6.18.0-rc6-next-20251121 musb-hcd
[   19.855429] usb usb1: SerialNumber: musb-hdrc.1
[   19.897509] tda998x 0-0070: found TDA19988
[   20.280660] hub 1-0:1.0: USB hub found
[   20.352196] hub 1-0:1.0: 1 port detected
[   21.989433] tilcdc 4830e000.lcdc: bound 0-0070 (ops tda998x_driver_exit [tda998x])
[   22.019035] omap_rng 48310000.rng: Random Number Generator ver. 20
[   22.113919] [drm] Initialized tilcdc 1.0.0 for 4830e000.lcdc on minor 0
[   22.225443] tilcdc 4830e000.lcdc: [drm] Cannot find any crtc or sizes
[   22.234509] tilcdc 4830e000.lcdc: [drm] Cannot find any crtc or sizes
[   22.324649] ------------[ cut here ]------------
[   22.329347] WARNING: net/8021q/vlan_core.c:236 at vlan_for_each+0x114/0x134, CPU#0: avahi-daemon/222
[   22.338711] RTNL: assertion failed at net/8021q/vlan_core.c (236)
[   22.344911] Modules linked in: omap_rng rng_core tilcdc drm_dma_helper drm_client_lib snd_soc_davinci_mcasp snd_soc_ti_udma snd_soc_ti_edma snd_soc_ti_sdma snd_soc_core snd_pcm_dmaengine snd_pcm tda998x snd_timer musb_dsps cec musb_hdrc omap_mailbox snd drm_kms_helper udc_core soundcore drm usbcore phy_am335x phy_generic wkup_m3_ipc usb_common drm_panel_orientation_quirks tps65218_pwrbutton phy_am335x_control at24 omap_wdt watchdog cppi41 rtc_omap wkup_m3_rproc leds_gpio led_class cpufreq_dt autofs4
[   22.389632] CPU: 0 UID: 107 PID: 222 Comm: avahi-daemon Not tainted 6.18.0-rc6-next-20251121 #1 NONE 
[   22.389650] Hardware name: Generic AM33XX (Flattened Device Tree)
[   22.389659] Call trace: 
[   22.389676]  unwind_backtrace from show_stack+0x10/0x14
[   22.389713]  show_stack from dump_stack_lvl+0x50/0x64
[   22.389738]  dump_stack_lvl from __warn+0x88/0x148
[   22.389755]  __warn from warn_slowpath_fmt+0x19c/0x1b0
[   22.389769]  warn_slowpath_fmt from vlan_for_each+0x114/0x134
[   22.389788]  vlan_for_each from cpsw_add_mc_addr+0x40/0xa4
[   22.389821]  cpsw_add_mc_addr from __hw_addr_ref_sync_dev+0x108/0x140
[   22.389848]  __hw_addr_ref_sync_dev from __dev_mc_add+0x7c/0x80
[   22.389867]  __dev_mc_add from igmp6_group_added+0xc8/0xe0
[   22.389888]  igmp6_group_added from __ipv6_dev_mc_inc+0x218/0x364
[   22.389902]  __ipv6_dev_mc_inc from __ipv6_sock_mc_join+0x11c/0x1c0
[   22.389916]  __ipv6_sock_mc_join from do_ipv6_setsockopt+0x1214/0x1310
[   22.389941]  do_ipv6_setsockopt from ipv6_setsockopt+0x60/0xcc
[   22.389958]  ipv6_setsockopt from udpv6_setsockopt+0x2c/0x6c
[   22.389979]  udpv6_setsockopt from sock_common_setsockopt+0x30/0x40
[   22.390005]  sock_common_setsockopt from do_sock_setsockopt+0x50/0x9c
[   22.390023]  do_sock_setsockopt from __sys_setsockopt+0x70/0xbc
[   22.390037]  __sys_setsockopt from ret_fast_syscall+0x0/0x58
[   22.390052] Exception stack(0xe016dfa8 to 0xe016dff0)
[   22.390066] dfa0:                   00000014 b6f21ce8 0000000d 00000029 00000014 be90f9ec
[   22.390078] dfc0: 00000014 b6f21ce8 00000014 00000126 0000000d b6ecaff4 004de988 004c6558
[   22.390087] dfe0: b6ee0088 be90f9d8 b6ebd309 b6d9441a
[   22.390094] ---[ end trace 0000000000000000 ]---
[   24.048028] PM: Cannot get wkup_m3_ipc handle
[   24.370444] omap-sham 53100000.sham: hw accel on OMAP rev 4.3
[   24.504101] omap-sham 53100000.sham: will run requests pump with realtime priority
[   24.514570] PM: Cannot get wkup_m3_ipc handle
[   24.587140] omap-aes 53500000.aes: OMAP AES hw accel rev: 3.2
[   24.665478] Bluetooth: Core ver 2.22
[   24.669378] NET: Registered PF_BLUETOOTH protocol family
[   24.674891] Bluetooth: HCI device and connection manager initialized
[   24.681306] Bluetooth: HCI socket layer initialized
[   24.686271] Bluetooth: L2CAP socket layer initialized
[   24.691390] Bluetooth: SCO socket layer initialized
[   24.734075] omap-aes 53500000.aes: will run requests pump with realtime priority
[   24.745374] PM: Cannot get wkup_m3_ipc handle
[   27.564274] tda998x 0-0070: using DT '/ocp/interconnect@44c00000/segment@200000/target-module@b000/i2c@0/tda19988@70' for 'nxp,calib' GPIO lookup
[   27.564418] of_get_named_gpiod_flags: parsed 'nxp,calib-gpios' property of node '/ocp/interconnect@44c00000/segment@200000/target-module@b000/i2c@0/tda19988@70[0]' - status (0)
[   27.564506] gpio gpiochip0: Persistence not supported for GPIO 25
[   27.564521] gpio-537 (nxp,calib): no flags found for GPIO nxp,calib
[   27.590931] PM: Cannot get wkup_m3_ipc handle
[   27.596959] asoc-simple-card sound: using DT '/sound' for 'simple-audio-card,hp-det' GPIO lookup
[   27.597036] of_get_named_gpiod_flags: can't parse 'simple-audio-card,hp-det-gpios' property of node '/sound[0]'
[   27.597073] of_get_named_gpiod_flags: can't parse 'simple-audio-card,hp-det-gpio' property of node '/sound[0]'
[   27.597099] asoc-simple-card sound: using lookup tables for GPIO lookup
[   27.597113] asoc-simple-card sound: No GPIO consumer simple-audio-card,hp-det found
[   27.597128] asoc-simple-card sound: using DT '/sound' for 'simple-audio-card,mic-det' GPIO lookup
[   27.597154] of_get_named_gpiod_flags: can't parse 'simple-audio-card,mic-det-gpios' property of node '/sound[0]'
[   27.597180] of_get_named_gpiod_flags: can't parse 'simple-audio-card,mic-det-gpio' property of node '/sound[0]'
[   27.597200] asoc-simple-card sound: using lookup tables for GPIO lookup
[   27.597212] asoc-simple-card sound: No GPIO consumer simple-audio-card,mic-det found
[   27.622572] gpio-537 (nxp,calib): gpiod_direction_output_nonotify: tried to set a GPIO tied to an IRQ as output
[   27.722897] PM: Cannot get wkup_m3_ipc handle
[   27.929098] tda9950 0-0034: TDA9950 CEC interface, hardware version 3.3
[   27.968809] PM: Cannot get wkup_m3_ipc handle
[   30.859131] userial_init: registered 8 ttyGS* devices
[   31.022569] rndis_register: configNr = 0
[   31.088305] udc musb-hdrc.0: binding gadget driver [g_multi]
[   31.088405] configfs-gadget.g_multi gadget.0: adding 'rndis'/2de0aaf6 to config 'c'/f6bd2bfe
[   31.089581] configfs-gadget.g_multi gadget.0: HOST MAC 1c:ba:8c:a2:ed:6c
[   31.096586] configfs-gadget.g_multi gadget.0: MAC 1c:ba:8c:a2:ed:70
[   31.103034] rndis_set_param_medium: 0 0
[   31.103058] configfs-gadget.g_multi gadget.0: RNDIS: IN/ep1in OUT/ep1out NOTIFY/ep2in
[   31.103076] configfs-gadget.g_multi gadget.0: adding 'cdc_ethernet'/e4d6f47b to config 'c'/f6bd2bfe
[   31.103988] configfs-gadget.g_multi gadget.0: HOST MAC 1c:ba:8c:a2:ed:6c
[   31.110750] configfs-gadget.g_multi gadget.0: MAC 1c:ba:8c:a2:ed:6d
[   31.117175] configfs-gadget.g_multi gadget.0: CDC Ethernet: IN/ep3in OUT/ep2out NOTIFY/ep4in
[   31.117194] configfs-gadget.g_multi gadget.0: adding 'acm'/f5abf55c to config 'c'/f6bd2bfe
[   31.117232] configfs-gadget.g_multi gadget.0: acm ttyGS0: IN/ep5in OUT/ep3out NOTIFY/ep6in
[   31.118001] PM: Cannot get wkup_m3_ipc handle
[   33.179132] configfs-gadget.g_multi gadget.0: eth_open
[   37.008136] gs_open: ttyGS0 (9d655941,620dfb93)
[   37.008288] gs_close: ttyGS0 (9d655941,620dfb93) ...
[   37.008310] gs_close: ttyGS0 (9d655941,620dfb93) done!
[   37.023226] gs_open: ttyGS0 (39884801,69e14055)
[   37.023481] gs_close: ttyGS0 (39884801,69e14055) ...
[   37.023511] gs_close: ttyGS0 (39884801,69e14055) done!
[   37.209716] gs_open: ttyGS0 (39884801,bf471ff1)
[   37.209979] gs_close: ttyGS0 (39884801,bf471ff1) ...
[   37.210005] gs_close: ttyGS0 (39884801,bf471ff1) done!
[   37.210312] gs_open: ttyGS0 (39884801,bf471ff1)
QYSGCQGBKL 0
root@arm:~# echo 'VMYA''ZYFHJV'
VMYAZYFHJV
root@arm:~# MARKER='GSQK''LYBXBO' run 'modprobe test_linear_ranges'
GSQKLYBXBOGSQKLYBXBO 0
root@arm:~# echo 'GUPQ''XUPMKX'
GUPQXUPMKX
root@arm:~# MARKER='STEV''GZWMCH' run dmesg
STEVGZWMCH[    0.000000] Booting Linux on physical CPU 0x0
[    0.000000] Linux version 6.18.0-rc6-next-20251121 (user01@drvtest01) (arm-none-eabi-gcc (Arm GNU Toolchain 14.2.Rel1 (Build arm-14.52)) 14.2.1 20241119, GNU ld (Arm GNU Toolchain 14.2.Rel1 (Build arm-14.52)) 2.43.1.20241119) #1 SMP Mon Nov 24 12:14:06 EET 2025
[    0.000000] CPU: ARMv7 Processor [413fc082] revision 2 (ARMv7), cr=10c5387d
[    0.000000] CPU: PIPT / VIPT nonaliasing data cache, VIPT aliasing instruction cache
[    0.000000] OF: fdt: Machine model: TI AM335x BeagleBone Black
[    0.000000] Memory policy: Data cache writeback
[    0.000000] cma: Reserved 16 MiB at 0x9e800000
[    0.000000] Zone ranges:
[    0.000000]   Normal   [mem 0x0000000080000000-0x000000009fdfffff]
[    0.000000]   HighMem  empty
[    0.000000] Movable zone start for each node
[    0.000000] Early memory node ranges
[    0.000000]   node   0: [mem 0x0000000080000000-0x000000009fdfffff]
[    0.000000] Initmem setup node 0 [mem 0x0000000080000000-0x000000009fdfffff]
[    0.000000] On node 0, zone Normal: 512 pages in unavailable ranges
[    0.000000] OF: reserved mem: Reserved memory: No reserved-memory node in the DT
[    0.000000] CPU: All CPU(s) started in SVC mode.
[    0.000000] AM335X ES2.1 (sgx neon)
[    0.000000] percpu: Embedded 17 pages/cpu s40204 r8192 d21236 u69632
[    0.000000] pcpu-alloc: s40204 r8192 d21236 u69632 alloc=17*4096
[    0.000000] pcpu-alloc: [0] 0 
[    0.000000] Kernel command line: console=ttyO0,115200n8 root=/dev/nfs rw nfsroot=192.168.255.126:/home/user01/nfs,nfsvers=3 ip=192.168.255.1:192.168.255.126::255.255.255.0:bbb1:eth0 nfsrootdebug
[    0.000000] Unknown kernel command line parameters "nfsrootdebug", will be passed to user space.
[    0.000000] printk: log buffer data + meta data: 65536 + 204800 = 270336 bytes
[    0.000000] Dentry cache hash table entries: 65536 (order: 6, 262144 bytes, linear)
[    0.000000] Inode-cache hash table entries: 32768 (order: 5, 131072 bytes, linear)
[    0.000000] Built 1 zonelists, mobility grouping on.  Total pages: 130560
[    0.000000] mem auto-init: stack:off, heap alloc:off, heap free:off
[    0.000000] SLUB: HWalign=16, Order=0-3, MinObjects=0, CPUs=1, Nodes=1
[    0.000000] rcu: Hierarchical RCU implementation.
[    0.000000] rcu: 	RCU event tracing is enabled.
[    0.000000] rcu: 	RCU restricting CPUs from NR_CPUS=2 to nr_cpu_ids=1.
[    0.000000] 	Tracing variant of Tasks RCU enabled.
[    0.000000] rcu: RCU calculated value of scheduler-enlistment delay is 10 jiffies.
[    0.000000] rcu: Adjusting geometry for rcu_fanout_leaf=16, nr_cpu_ids=1
[    0.000000] RCU Tasks Trace: Setting shift to 0 and lim to 1 rcu_task_cb_adjust=1 rcu_task_cpu_ids=1.
[    0.000000] NR_IRQS: 16, nr_irqs: 16, preallocated irqs: 16
[    0.000000] IRQ: Found an INTC at 0x(ptrval) (revision 5.0) with 128 interrupts
[    0.000000] rcu: srcu_init: Setting srcu_struct sizes based on contention.
[    0.000000] TI gptimer clocksource: always-on /ocp/interconnect@44c00000/segment@200000/target-module@31000
[    0.000002] sched_clock: 32 bits at 24MHz, resolution 41ns, wraps every 89478484971ns
[    0.000026] clocksource: dmtimer: mask: 0xffffffff max_cycles: 0xffffffff, max_idle_ns: 79635851949 ns
[    0.000566] TI gptimer clockevent: 24000000 Hz at /ocp/interconnect@48000000/segment@0/target-module@40000
[    0.002146] Console: colour dummy device 80x30
[    0.002212] WARNING: Your 'console=ttyO0' has been replaced by 'ttyS0'
[    0.002220] This ensures that you still see kernel messages. Please
[    0.002224] update your kernel commandline.
[    0.002265] Calibrating delay loop... 996.14 BogoMIPS (lpj=4980736)
[    0.090682] CPU: Testing write buffer coherency: ok
[    0.090765] CPU0: Spectre v2: using BPIALL workaround
[    0.090775] pid_max: default: 32768 minimum: 301
[    0.091091] Mount-cache hash table entries: 1024 (order: 0, 4096 bytes, linear)
[    0.091111] Mountpoint-cache hash table entries: 1024 (order: 0, 4096 bytes, linear)
[    0.092695] CPU0: thread -1, cpu 0, socket -1, mpidr 0
[    0.092750] cacheinfo: Unable to detect cache hierarchy for CPU 0
[    0.094753] Setting up static identity map for 0x80100000 - 0x80100078
[    0.095080] rcu: Hierarchical SRCU implementation.
[    0.095088] rcu: 	Max phase no-delay instances is 1000.
[    0.095560] Timer migration: 1 hierarchy levels; 8 children per group; 1 crossnode level
[    0.096867] smp: Bringing up secondary CPUs ...
[    0.096921] smp: Brought up 1 node, 1 CPU
[    0.096934] SMP: Total of 1 processors activated (996.14 BogoMIPS).
[    0.096945] CPU: All CPU(s) started in SVC mode.
[    0.097185] Memory: 479964K/522240K available (12288K kernel code, 1231K rwdata, 2956K rodata, 1024K init, 255K bss, 24364K reserved, 16384K cma-reserved, 0K highmem)
[    0.098057] devtmpfs: initialized
[    0.115418] VFP support v0.3: implementor 41 architecture 3 part 30 variant c rev 3
[    0.116084] clocksource: jiffies: mask: 0xffffffff max_cycles: 0xffffffff, max_idle_ns: 19112604462750000 ns
[    0.116147] posixtimers hash table entries: 2048 (order: 2, 16384 bytes, linear)
[    0.116200] futex hash table entries: 1024 (65536 bytes on 1 NUMA nodes, total 64 KiB, linear).
[    0.119364] NET: Registered PF_NETLINK/PF_ROUTE protocol family
[    0.122475] DMA: preallocated 256 KiB pool for atomic coherent allocations
[    0.123447] audit: initializing netlink subsys (disabled)
[    0.124804] thermal_sys: Registered thermal governor 'fair_share'
[    0.124821] thermal_sys: Registered thermal governor 'step_wise'
[    0.124831] thermal_sys: Registered thermal governor 'user_space'
[    0.124939] audit: type=2000 audit(0.120:1): state=initialized audit_enabled=0 res=1
[    0.125011] cpuidle: using governor menu
[    0.143002] /ocp/interconnect@44c00000/segment@200000/target-module@b000/i2c@0/tda19988@70: Fixed dependency cycle(s) with /ocp/interconnect@48000000/segment@300000/target-module@e000/lcdc@0
[    0.144082] /ocp/interconnect@48000000/segment@300000/target-module@e000/lcdc@0: Fixed dependency cycle(s) with /ocp/interconnect@44c00000/segment@200000/target-module@b000/i2c@0/tda19988@70
[    0.146269] No ATAGs?
[    0.146307] hw-breakpoint: debug architecture 0x4 unsupported.
[    0.148968] kprobes: kprobe jump-optimization is enabled. All kprobes are optimized if possible.
[    0.154019] iommu: Default domain type: Translated
[    0.154043] iommu: DMA domain TLB invalidation policy: strict mode
[    0.155618] reg-fixed-voltage fixedregulator0: using DT '/fixedregulator0' for '(default)' GPIO lookup
[    0.155671] of_get_named_gpiod_flags: can't parse 'gpios' property of node '/fixedregulator0[0]'
[    0.155699] of_get_named_gpiod_flags: can't parse 'gpio' property of node '/fixedregulator0[0]'
[    0.155717] reg-fixed-voltage fixedregulator0: using lookup tables for GPIO lookup
[    0.155728] reg-fixed-voltage fixedregulator0: No GPIO consumer (default) found
[    0.161460] SCSI subsystem initialized
[    0.161949] libata version 3.00 loaded.
[    0.162332] pps_core: LinuxPPS API ver. 1 registered
[    0.162342] pps_core: Software ver. 5.3.6 - Copyright 2005-2007 Rodolfo Giometti <giometti@linux.it>
[    0.162365] PTP clock support registered
[    0.171398] vgaarb: loaded
[    0.171788] clocksource: Switched to clocksource dmtimer
[    0.172406] VFS: Disk quotas dquot_6.6.0
[    0.172464] VFS: Dquot-cache hash table entries: 1024 (order 0, 4096 bytes)
[    0.196598] NET: Registered PF_INET protocol family
[    0.196935] IP idents hash table entries: 8192 (order: 4, 65536 bytes, linear)
[    0.198386] tcp_listen_portaddr_hash hash table entries: 512 (order: 0, 4096 bytes, linear)
[    0.198425] Table-perturb hash table entries: 65536 (order: 6, 262144 bytes, linear)
[    0.198443] TCP established hash table entries: 4096 (order: 2, 16384 bytes, linear)
[    0.198490] TCP bind hash table entries: 4096 (order: 4, 65536 bytes, linear)
[    0.198590] TCP: Hash tables configured (established 4096 bind 4096)
[    0.198716] UDP hash table entries: 256 (order: 2, 14336 bytes, linear)
[    0.198751] UDP-Lite hash table entries: 256 (order: 2, 14336 bytes, linear)
[    0.198959] NET: Registered PF_UNIX/PF_LOCAL protocol family
[    0.202715] RPC: Registered named UNIX socket transport module.
[    0.202737] RPC: Registered udp transport module.
[    0.202743] RPC: Registered tcp transport module.
[    0.202747] RPC: Registered tcp-with-tls transport module.
[    0.202752] RPC: Registered tcp NFSv4.1 backchannel transport module.
[    0.202779] PCI: CLS 0 bytes, default 64
[    0.204215] Initialise system trusted keyrings
[    0.212326] workingset: timestamp_bits=14 max_order=17 bucket_order=3
[    0.213756] NFS: Registering the id_resolver key type
[    0.213818] Key type id_resolver registered
[    0.213825] Key type id_legacy registered
[    0.213934] jffs2: version 2.2. (NAND) (SUMMARY)  Â© 2001-2006 Red Hat, Inc.
[    0.214484] Key type asymmetric registered
[    0.214504] Asymmetric key parser 'x509' registered
[    0.214576] io scheduler mq-deadline registered
[    0.214586] io scheduler kyber registered
[    0.214665] io scheduler bfq registered
[    0.216491] target-module@4b000000:target-module@140000:pmu@0:fck: device ID is greater than 24
[    0.217682] ledtrig-cpu: registered to indicate activity on CPUs
[    0.232157] Serial: 8250/16550 driver, 6 ports, IRQ sharing enabled
[    0.264966] brd: module loaded
[    0.286445] loop: module loaded
[    0.287375] mtdoops: mtd device (mtddev=name/number) must be supplied
[    0.288910] mdio_bus fixed-0: using lookup tables for GPIO lookup
[    0.288934] mdio_bus fixed-0: No GPIO consumer reset found
[    0.290345] i2c_dev: i2c /dev entries driver
[    0.291379] cpuidle: enable-method property 'ti,am3352' found operations
[    0.292000] sdhci: Secure Digital Host Controller Interface driver
[    0.292012] sdhci: Copyright(c) Pierre Ossman
[    0.292226] sdhci-pltfm: SDHCI platform and OF driver helper
[    0.293368] hw perfevents: unable to set irq affinity (irq=17, cpu=0)
[    0.293381] hw perfevents: unable to request IRQ17 for ARM PMU counters
[    0.293407] armv7-pmu target-module@4b000000:target-module@140000:pmu@0: probe with driver armv7-pmu failed with error -22
[    0.293890] Initializing XFRM netlink socket
[    0.294055] NET: Registered PF_INET6 protocol family
[    0.303413] Segment Routing with IPv6
[    0.303500] In-situ OAM (IOAM) with IPv6
[    0.303596] sit: IPv6, IPv4 and MPLS over IPv4 tunneling driver
[    0.304634] NET: Registered PF_PACKET protocol family
[    0.304655] PFKEY is deprecated and scheduled to be removed in 2027, please contact the netdev mailing list
[    0.304681] NET: Registered PF_KEY protocol family
[    0.304801] Key type dns_resolver registered
[    0.305041] ThumbEE CPU extension supported.
[    0.305063] Registering SWP/SWPB emulation handler
[    0.305584] omap_voltage_late_init: Voltage driver support not added
[    0.306237] SmartReflex Class3 initialized
[    0.335870] Loading compiled-in X.509 certificates
[    0.371128] /ocp/interconnect@44c00000/segment@200000/target-module@b000/i2c@0/tda19988@70: Fixed dependency cycle(s) with /ocp/interconnect@48000000/segment@300000/target-module@e000/lcdc@0
[    0.377699] /ocp/interconnect@44c00000/segment@200000/target-module@b000/i2c@0/tda19988@70: Fixed dependency cycle(s) with /ocp/interconnect@48000000/segment@300000/target-module@e000/lcdc@0
[    0.383468] gpiochip_find_base_unlocked: found new base at 512
[    0.410184] /ocp/interconnect@44c00000/segment@200000/target-module@b000/i2c@0/tda19988@70: Fixed dependency cycle(s) with /ocp/interconnect@48000000/segment@300000/target-module@e000/lcdc@0
[    0.411079] /ocp/interconnect@44c00000/segment@200000/target-module@b000/i2c@0/tda19988@70: Fixed dependency cycle(s) with /ocp/interconnect@48000000/segment@300000/target-module@e000/lcdc@0
[    0.414986] /ocp/interconnect@44c00000/segment@200000/target-module@10000/scm@0/pinmux@800: Fixed dependency cycle(s) with /ocp/interconnect@44c00000/segment@200000/target-module@10000/scm@0/pinmux@800/clkout2-pins
[    0.415606] pinctrl-single 44e10800.pinmux: 142 pins, size 568
[    0.469051] /ocp/interconnect@48000000/segment@300000/target-module@e000/lcdc@0: Fixed dependency cycle(s) with /ocp/interconnect@44c00000/segment@200000/target-module@b000/i2c@0/tda19988@70
[    0.489299] gpiochip_find_base_unlocked: found new base at 512
[    0.489402] gpio gpiochip0: (gpio-0-31): created GPIO range 0->7 ==> 44e10800.pinmux PIN 0->7
[    0.489422] gpio gpiochip0: (gpio-0-31): created GPIO range 8->11 ==> 44e10800.pinmux PIN 90->93
[    0.489438] gpio gpiochip0: (gpio-0-31): created GPIO range 12->27 ==> 44e10800.pinmux PIN 12->27
[    0.489453] gpio gpiochip0: (gpio-0-31): created GPIO range 28->31 ==> 44e10800.pinmux PIN 30->33
[    0.514422] gpio gpiochip0: (gpio-0-31): added GPIO chardev (254:0)
[    0.514661] gpio gpiochip0: registered GPIOs 512 to 543 on gpio-0-31
[    0.514749] OMAP GPIO hardware version 0.1
[    0.561879] i2c i2c-2: using DT '/ocp/interconnect@48000000/segment@100000/target-module@9c000/i2c@0' for 'scl' GPIO lookup
[    0.561958] of_get_named_gpiod_flags: can't parse 'scl-gpios' property of node '/ocp/interconnect@48000000/segment@100000/target-module@9c000/i2c@0[0]'
[    0.562001] of_get_named_gpiod_flags: can't parse 'scl-gpio' property of node '/ocp/interconnect@48000000/segment@100000/target-module@9c000/i2c@0[0]'
[    0.562039] i2c i2c-2: using lookup tables for GPIO lookup
[    0.562048] i2c i2c-2: No GPIO consumer scl found
[    0.562069] i2c i2c-2: using DT '/ocp/interconnect@48000000/segment@100000/target-module@9c000/i2c@0' for 'sda' GPIO lookup
[    0.562105] of_get_named_gpiod_flags: can't parse 'sda-gpios' property of node '/ocp/interconnect@48000000/segment@100000/target-module@9c000/i2c@0[0]'
[    0.562142] of_get_named_gpiod_flags: can't parse 'sda-gpio' property of node '/ocp/interconnect@48000000/segment@100000/target-module@9c000/i2c@0[0]'
[    0.562174] i2c i2c-2: using lookup tables for GPIO lookup
[    0.562182] i2c i2c-2: No GPIO consumer sda found
[    0.562912] omap_i2c 4819c000.i2c: bus 2 rev0.11 at 100 kHz
[    0.568672] gpiochip_find_base_unlocked: found new base at 544
[    0.568788] gpio gpiochip1: (gpio-32-63): created GPIO range 0->17 ==> 44e10800.pinmux PIN 34->51
[    0.568808] gpio gpiochip1: (gpio-32-63): created GPIO range 18->21 ==> 44e10800.pinmux PIN 77->80
[    0.568823] gpio gpiochip1: (gpio-32-63): created GPIO range 22->31 ==> 44e10800.pinmux PIN 56->65
[    0.587640] gpio gpiochip1: (gpio-32-63): added GPIO chardev (254:1)
[    0.587884] gpio gpiochip1: registered GPIOs 544 to 575 on gpio-32-63
[    0.590199] gpiochip_find_base_unlocked: found new base at 576
[    0.590294] gpio gpiochip2: (gpio-64-95): created GPIO range 0->4 ==> 44e10800.pinmux PIN 66->70
[    0.590314] gpio gpiochip2: (gpio-64-95): created GPIO range 5->6 ==> 44e10800.pinmux PIN 98->99
[    0.590330] gpio gpiochip2: (gpio-64-95): created GPIO range 7->8 ==> 44e10800.pinmux PIN 75->76
[    0.590345] gpio gpiochip2: (gpio-64-95): created GPIO range 13->13 ==> 44e10800.pinmux PIN 141->141
[    0.590361] gpio gpiochip2: (gpio-64-95): created GPIO range 14->21 ==> 44e10800.pinmux PIN 100->107
[    0.591032] gpio gpiochip2: (gpio-64-95): added GPIO chardev (254:2)
[    0.591245] gpio gpiochip2: registered GPIOs 576 to 607 on gpio-64-95
[    0.597198] 48000000.interconnect:segment@200000:target-module@0:mpu@0:fck: device ID is greater than 24
[    0.598122] /ocp/interconnect@48000000/segment@300000/target-module@e000/lcdc@0: Fixed dependency cycle(s) with /ocp/interconnect@44c00000/segment@200000/target-module@b000/i2c@0/tda19988@70
[    0.600966] /ocp/interconnect@48000000/segment@300000/target-module@e000/lcdc@0: Fixed dependency cycle(s) with /ocp/interconnect@44c00000/segment@200000/target-module@b000/i2c@0/tda19988@70
[    0.601695] /ocp/interconnect@44c00000/segment@200000/target-module@b000/i2c@0/tda19988@70: Fixed dependency cycle(s) with /ocp/interconnect@48000000/segment@300000/target-module@e000/lcdc@0
[    0.602045] /ocp/interconnect@48000000/segment@300000/target-module@e000/lcdc@0: Fixed dependency cycle(s) with /ocp/interconnect@44c00000/segment@200000/target-module@b000/i2c@0/tda19988@70
[    0.610181] sdhci-omap 481d8000.mmc: using DT '/ocp/interconnect@48000000/segment@100000/target-module@d8000/mmc@0' for 'wp' GPIO lookup
[    0.610283] of_get_named_gpiod_flags: can't parse 'wp-gpios' property of node '/ocp/interconnect@48000000/segment@100000/target-module@d8000/mmc@0[0]'
[    0.610329] of_get_named_gpiod_flags: can't parse 'wp-gpio' property of node '/ocp/interconnect@48000000/segment@100000/target-module@d8000/mmc@0[0]'
[    0.610367] sdhci-omap 481d8000.mmc: using lookup tables for GPIO lookup
[    0.610377] sdhci-omap 481d8000.mmc: No GPIO consumer wp found
[    0.610578] sdhci-omap 481d8000.mmc: supply pbias not found, using dummy regulator
[    0.611661] sdhci-omap 481d8000.mmc: supply vqmmc not found, using dummy regulator
[    0.629735] mdio_bus 4a101000.mdio: using DT '/ocp/interconnect@4a000000/segment@0/target-module@100000/switch@0/mdio@1000' for 'reset' GPIO lookup
[    0.629811] of_get_named_gpiod_flags: can't parse 'reset-gpios' property of node '/ocp/interconnect@4a000000/segment@0/target-module@100000/switch@0/mdio@1000[0]'
[    0.629858] of_get_named_gpiod_flags: can't parse 'reset-gpio' property of node '/ocp/interconnect@4a000000/segment@0/target-module@100000/switch@0/mdio@1000[0]'
[    0.629908] mdio_bus 4a101000.mdio: using lookup tables for GPIO lookup
[    0.629917] mdio_bus 4a101000.mdio: No GPIO consumer reset found
[    0.672830] davinci_mdio 4a101000.mdio: davinci mdio revision 1.6, bus freq 1000000
[    0.694820] mdio_bus 4a101000.mdio:00: using DT '/ocp/interconnect@4a000000/segment@0/target-module@100000/switch@0/mdio@1000/ethernet-phy@0' for 'reset' GPIO lookup
[    0.694928] of_get_named_gpiod_flags: parsed 'reset-gpios' property of node '/ocp/interconnect@4a000000/segment@0/target-module@100000/switch@0/mdio@1000/ethernet-phy@0[0]' - status (0)
[    0.695085] gpio gpiochip0: Persistence not supported for GPIO 8
[    0.831468] davinci_mdio 4a101000.mdio: phy[0]: device 4a101000.mdio:00, driver SMSC LAN8710/LAN8720
[    0.832361] cpsw-switch 4a100000.switch: initialized cpsw ale version 1.4
[    0.832385] cpsw-switch 4a100000.switch: ALE Table size 1024, Policers 0
[    0.832545] cpsw-switch 4a100000.switch: cpts: overflow check period 500 (jiffies)
[    0.832562] cpsw-switch 4a100000.switch: CPTS: ref_clk_freq:250000000 calc_mult:2147483648 calc_shift:29 error:0 nsec/sec
[    0.832664] cpsw-switch 4a100000.switch: Detected MACID = 6c:ec:eb:68:de:78
[    0.834531] cpsw-switch 4a100000.switch: initialized (regs 0x4a100000, pool size 256) hw_ver:0019010C 1.12 (0)
[    0.845963] debugfs: '49000000.dma' already exists in 'dmaengine'
[    0.846007] edma 49000000.dma: TI EDMA DMA engine driver
[    0.882453] ti-sysc 44e31000.target-module: Failed to create device link (0x180) with supplier ocp for /ocp/interconnect@44c00000/segment@200000/target-module@31000/timer@0
[    0.882516] ti-sysc 48040000.target-module: Failed to create device link (0x180) with supplier ocp for /ocp/interconnect@48000000/segment@0/target-module@40000/timer@0
[    0.883463] gpio-clk clk_mcasp0: using DT '/clk_mcasp0' for 'enable' GPIO lookup
[    0.883533] of_get_named_gpiod_flags: parsed 'enable-gpios' property of node '/clk_mcasp0[0]' - status (0)
[    0.883578] gpio gpiochip0: Persistence not supported for GPIO 27
[    0.884347] gpiochip_find_base_unlocked: found new base at 608
[    0.884456] gpio gpiochip3: (gpio-96-127): created GPIO range 0->7 ==> 44e10800.pinmux PIN 82->89
