Labgrid Console Logfile for main
Logfile started at 2024-12-09 08:48:53.982676
=== Log starts here ===
reading args
spl_load_image_fat_os: error reading image args, err - -1
reading u-boot.img
reading u-boot.img


U-Boot 2014.04-00014-g47880f5 (Apr 22 2014 - 13:23:54)

I2C:   ready
DRAM:  512 MiB
NAND:  0 MiB
MMC:   OMAP SD/MMC: 0, OMAP SD/MMC: 1
*** Warning - readenv() failed, using default environment

Net:   <ethaddr> not set. Validating first E-fuse MAC
cpsw, usb_ether
Hit any key to stop autoboot:  1  0 
gpio: pin 53 (gpio 53) value is 1
mmc0 is current device
gpio: pin 54 (gpio 54) value is 1
SD/MMC found on device 0
reading uEnv.txt
569 bytes read in 4 ms (138.7 KiB/s)
gpio: pin 55 (gpio 55) value is 1
Loaded environment from uEnv.txt
Importing environment from mmc ...
Checking if uenvcmd is set ...
gpio: pin 56 (gpio 56) value is 1
Running uenvcmd ...
cpsw Waiting for PHY auto negotiation to complete. done
link up on port 0, speed 100, full duplex
Using cpsw device
TFTP from server 192.168.255.126; our IP address is 192.168.255.1
Filename 'zImage'.
Load address: 0x81000000
Loading: *#################################################################
	 #################################################################
	 #################################################################
	 #################################################################
	 #################################################################
	 #####################################################
	 2.4 MiB/s
done
Bytes transferred = 5540808 (548bc8 hex)
link up on port 0, speed 100, full duplex
Using cpsw device
TFTP from server 192.168.255.126; our IP address is 192.168.255.1
Filename 'am335x-boneblack.dtb'.
Load address: 0x82000000
Loading: *#######
	 2.2 MiB/s
done
Bytes transferred = 98244 (17fc4 hex)
Kernel image @ 0x81000000 [ 0x000000 - 0x548bc8 ]
## Flattened Device Tree blob at 82000000
   Booting using the fdt blob at 0x82000000
   Using Device Tree in place at 82000000, end 8201afc3

Starting kernel ...

[    0.000000] Booting Linux on physical CPU 0x0
[    0.000000] Linux version 6.13.0-rc2-next-20241209 (user01@drvtest01) (arm-linux-gnueabihf-gcc (Linaro GCC 6.4-2017.11) 6.4.1 20171012, GNU ld (Linaro_Binutils-2017.11) 2.27.0.20161229) #152 SMP Mon Dec  9 08:46:24 EET 2024
[    0.000000] CPU: ARMv7 Processor [413fc082] revision 2 (ARMv7), cr=10c5387d
[    0.000000] CPU: PIPT / VIPT nonaliasing data cache, VIPT aliasing instruction cache
[    0.000000] OF: fdt: Machine model: TI AM335x BeagleBone Black
[    0.000000] Memory policy: Data cache writeback
[    0.000000] cma: Reserved 16 MiB at 0x9e800000 on node -1
[    0.000000] Zone ranges:
[    0.000000]   Normal   [mem 0x0000000080000000-0x000000009fdfffff]
[    0.000000]   HighMem  empty
[    0.000000] Movable zone start for each node
[    0.000000] Early memory node ranges
[    0.000000]   node   0: [mem 0x0000000080000000-0x000000009fdfffff]
[    0.000000] Initmem setup node 0 [mem 0x0000000080000000-0x000000009fdfffff]
[    0.000000] OF: reserved mem: Reserved memory: No reserved-memory node in the DT
[    0.000000] CPU: All CPU(s) started in SVC mode.
[    0.000000] AM335X ES2.1 (sgx neon)
[    0.000000] percpu: Embedded 17 pages/cpu s39628 r8192 d21812 u69632
[    0.000000] Kernel command line: console=ttyO0,115200n8 root=/dev/nfs rw nfsroot=192.168.255.126:/home/user01/nfs,nfsvers=3 ip=192.168.255.1:192.168.255.126::255.255.255.0:bbb1:eth0 nfsrootdebug
[    0.000000] Unknown kernel command line parameters "nfsrootdebug", will be passed to user space.
[    0.000000] printk: log buffer data + meta data: 65536 + 204800 = 270336 bytes
[    0.000000] Dentry cache hash table entries: 65536 (order: 6, 262144 bytes, linear)
[    0.000000] Inode-cache hash table entries: 32768 (order: 5, 131072 bytes, linear)
[    0.000000] Built 1 zonelists, mobility grouping on.  Total pages: 130560
[    0.000000] mem auto-init: stack:off, heap alloc:off, heap free:off
[    0.000000] SLUB: HWalign=64, Order=0-3, MinObjects=0, CPUs=1, Nodes=1
[    0.000000] trace event string verifier disabled
[    0.000000] rcu: Hierarchical RCU implementation.
[    0.000000] rcu: 	RCU event tracing is enabled.
[    0.000000] rcu: 	RCU restricting CPUs from NR_CPUS=2 to nr_cpu_ids=1.
[    0.000000] 	Tracing variant of Tasks RCU enabled.
[    0.000000] rcu: RCU calculated value of scheduler-enlistment delay is 10 jiffies.
[    0.000000] rcu: Adjusting geometry for rcu_fanout_leaf=16, nr_cpu_ids=1
[    0.000000] RCU Tasks Trace: Setting shift to 0 and lim to 1 rcu_task_cb_adjust=1 rcu_task_cpu_ids=1.
[    0.000000] NR_IRQS: 16, nr_irqs: 16, preallocated irqs: 16
[    0.000000] IRQ: Found an INTC at 0x(ptrval) (revision 5.0) with 128 interrupts
[    0.000000] rcu: srcu_init: Setting srcu_struct sizes based on contention.
[    0.000000] TI gptimer clocksource: always-on /ocp/interconnect@44c00000/segment@200000/target-module@31000
[    0.000003] sched_clock: 32 bits at 24MHz, resolution 41ns, wraps every 89478484971ns
[    0.000027] clocksource: dmtimer: mask: 0xffffffff max_cycles: 0xffffffff, max_idle_ns: 79635851949 ns
[    0.000512] TI gptimer clockevent: 24000000 Hz at /ocp/interconnect@48000000/segment@0/target-module@40000
[    0.002163] Console: colour dummy device 80x30
[    0.002231] WARNING: Your 'console=ttyO0' has been replaced by 'ttyS0'
[    0.002240] This ensures that you still see kernel messages. Please
[    0.002245] update your kernel commandline.
[    0.002287] Calibrating delay loop... 996.14 BogoMIPS (lpj=4980736)
[    0.090562] CPU: Testing write buffer coherency: ok
[    0.090685] CPU0: Spectre v2: using BPIALL workaround
[    0.090697] pid_max: default: 32768 minimum: 301
[    0.090816] LSM: initializing lsm=capability
[    0.090992] Mount-cache hash table entries: 1024 (order: 0, 4096 bytes, linear)
[    0.091015] Mountpoint-cache hash table entries: 1024 (order: 0, 4096 bytes, linear)
[    0.092701] CPU0: thread -1, cpu 0, socket -1, mpidr 0
[    0.160951] Setting up static identity map for 0x80100000 - 0x80100078
[    0.170714] rcu: Hierarchical SRCU implementation.
[    0.170727] rcu: 	Max phase no-delay instances is 1000.
[    0.190766] smp: Bringing up secondary CPUs ...
[    0.190825] smp: Brought up 1 node, 1 CPU
[    0.190843] SMP: Total of 1 processors activated (996.14 BogoMIPS).
[    0.190854] CPU: All CPU(s) started in SVC mode.
[    0.191043] Memory: 480840K/522240K available (11264K kernel code, 1215K rwdata, 2900K rodata, 1024K init, 296K bss, 23388K reserved, 16384K cma-reserved, 0K highmem)
[    0.191915] devtmpfs: initialized
[    0.208948] VFP support v0.3: implementor 41 architecture 3 part 30 variant c rev 3
[    0.209309] clocksource: jiffies: mask: 0xffffffff max_cycles: 0xffffffff, max_idle_ns: 19112604462750000 ns
[    0.209344] futex hash table entries: 256 (order: 2, 16384 bytes, linear)
[    0.210847] pinctrl core: initialized pinctrl subsystem
[    0.213687] NET: Registered PF_NETLINK/PF_ROUTE protocol family
[    0.216499] DMA: preallocated 256 KiB pool for atomic coherent allocations
[    0.217422] audit: initializing netlink subsys (disabled)
[    0.218876] thermal_sys: Registered thermal governor 'fair_share'
[    0.218893] thermal_sys: Registered thermal governor 'step_wise'
[    0.218904] thermal_sys: Registered thermal governor 'user_space'
[    0.219059] audit: type=2000 audit(0.210:1): state=initialized audit_enabled=0 res=1
[    0.219096] cpuidle: using governor menu
[    0.237520] /ocp/interconnect@44c00000/segment@200000/target-module@b000/i2c@0/tda19988@70: Fixed dependency cycle(s) with /ocp/interconnect@48000000/segment@300000/target-module@e000/lcdc@0
[    0.238693] /ocp/interconnect@48000000/segment@300000/target-module@e000/lcdc@0: Fixed dependency cycle(s) with /ocp/interconnect@44c00000/segment@200000/target-module@b000/i2c@0/tda19988@70
[    0.241041] No ATAGs?
[    0.241062] hw-breakpoint: debug architecture 0x4 unsupported.
[    0.243903] kprobes: kprobe jump-optimization is enabled. All kprobes are optimized if possible.
[    0.254041] iommu: Default domain type: Translated
[    0.254063] iommu: DMA domain TLB invalidation policy: strict mode
[    0.261635] SCSI subsystem initialized
[    0.262514] pps_core: LinuxPPS API ver. 1 registered
[    0.262527] pps_core: Software ver. 5.3.6 - Copyright 2005-2007 Rodolfo Giometti <giometti@linux.it>
[    0.262551] PTP clock support registered
[    0.270976] vgaarb: loaded
[    0.271392] clocksource: Switched to clocksource dmtimer
[    0.272060] VFS: Disk quotas dquot_6.6.0
[    0.272107] VFS: Dquot-cache hash table entries: 1024 (order 0, 4096 bytes)
[    0.296373] NET: Registered PF_INET protocol family
[    0.296734] IP idents hash table entries: 8192 (order: 4, 65536 bytes, linear)
[    0.298173] tcp_listen_portaddr_hash hash table entries: 512 (order: 0, 4096 bytes, linear)
[    0.298212] Table-perturb hash table entries: 65536 (order: 6, 262144 bytes, linear)
[    0.298232] TCP established hash table entries: 4096 (order: 2, 16384 bytes, linear)
[    0.298274] TCP bind hash table entries: 4096 (order: 4, 65536 bytes, linear)
[    0.298375] TCP: Hash tables configured (established 4096 bind 4096)
[    0.298492] UDP hash table entries: 256 (order: 1, 14336 bytes, linear)
[    0.298528] UDP-Lite hash table entries: 256 (order: 1, 14336 bytes, linear)
[    0.298713] NET: Registered PF_UNIX/PF_LOCAL protocol family
[    0.302720] RPC: Registered named UNIX socket transport module.
[    0.302744] RPC: Registered udp transport module.
[    0.302750] RPC: Registered tcp transport module.
[    0.302755] RPC: Registered tcp-with-tls transport module.
[    0.302761] RPC: Registered tcp NFSv4.1 backchannel transport module.
[    0.302785] PCI: CLS 0 bytes, default 64
[    0.304307] Initialise system trusted keyrings
[    0.312068] workingset: timestamp_bits=14 max_order=17 bucket_order=3
[    0.313407] NFS: Registering the id_resolver key type
[    0.313516] Key type id_resolver registered
[    0.313524] Key type id_legacy registered
[    0.313578] jffs2: version 2.2. (NAND) (SUMMARY)  Â© 2001-2006 Red Hat, Inc.
[    0.313992] Key type asymmetric registered
[    0.314007] Asymmetric key parser 'x509' registered
[    0.314074] io scheduler mq-deadline registered
[    0.314085] io scheduler kyber registered
[    0.314159] io scheduler bfq registered
[    0.315788] ledtrig-cpu: registered to indicate activity on CPUs
[    0.321897] Serial: 8250/16550 driver, 6 ports, IRQ sharing enabled
[    0.367823] brd: module loaded
[    0.386469] loop: module loaded
[    0.387422] mtdoops: mtd device (mtddev=name/number) must be supplied
[    0.390615] i2c_dev: i2c /dev entries driver
[    0.391766] cpuidle: enable-method property 'ti,am3352' found operations
[    0.392243] sdhci: Secure Digital Host Controller Interface driver
[    0.392255] sdhci: Copyright(c) Pierre Ossman
[    0.392434] sdhci-pltfm: SDHCI platform and OF driver helper
[    0.393472] Initializing XFRM netlink socket
[    0.393621] NET: Registered PF_INET6 protocol family
[    0.407258] Segment Routing with IPv6
[    0.407353] In-situ OAM (IOAM) with IPv6
[    0.407453] sit: IPv6, IPv4 and MPLS over IPv4 tunneling driver
[    0.408420] NET: Registered PF_PACKET protocol family
[    0.408459] NET: Registered PF_KEY protocol family
[    0.408601] Key type dns_resolver registered
[    0.408875] ThumbEE CPU extension supported.
[    0.408896] Registering SWP/SWPB emulation handler
[    0.409439] omap_voltage_late_init: Voltage driver support not added
[    0.409812] SmartReflex Class3 initialized
[    0.443770] Loading compiled-in X.509 certificates
[    0.492848] /ocp/interconnect@44c00000/segment@200000/target-module@b000/i2c@0/tda19988@70: Fixed dependency cycle(s) with /ocp/interconnect@48000000/segment@300000/target-module@e000/lcdc@0
[    0.499261] /ocp/interconnect@44c00000/segment@200000/target-module@b000/i2c@0/tda19988@70: Fixed dependency cycle(s) with /ocp/interconnect@48000000/segment@300000/target-module@e000/lcdc@0
[    0.529192] /ocp/interconnect@44c00000/segment@200000/target-module@b000/i2c@0/tda19988@70: Fixed dependency cycle(s) with /ocp/interconnect@48000000/segment@300000/target-module@e000/lcdc@0
[    0.530067] /ocp/interconnect@44c00000/segment@200000/target-module@b000/i2c@0/tda19988@70: Fixed dependency cycle(s) with /ocp/interconnect@48000000/segment@300000/target-module@e000/lcdc@0
[    0.533803] /ocp/interconnect@44c00000/segment@200000/target-module@10000/scm@0/pinmux@800: Fixed dependency cycle(s) with /ocp/interconnect@44c00000/segment@200000/target-module@10000/scm@0/pinmux@800/clkout2-pins
[    0.534387] pinctrl-single 44e10800.pinmux: 142 pins, size 568
[    0.539682] ti-sysc 44e31000.target-module: probe with driver ti-sysc failed with error -16
[    0.560731] /ocp/interconnect@48000000/segment@300000/target-module@e000/lcdc@0: Fixed dependency cycle(s) with /ocp/interconnect@44c00000/segment@200000/target-module@b000/i2c@0/tda19988@70
[    0.568891] ti-sysc 48040000.target-module: probe with driver ti-sysc failed with error -16
[    0.604883] OMAP GPIO hardware version 0.1
[    0.647779] omap_i2c 4819c000.i2c: bus 2 rev0.11 at 100 kHz
[    0.687340] 48000000.interconnect:segment@200000:target-module@0:mpu@0:fck: device ID is greater than 24
[    0.688235] /ocp/interconnect@48000000/segment@300000/target-module@e000/lcdc@0: Fixed dependency cycle(s) with /ocp/interconnect@44c00000/segment@200000/target-module@b000/i2c@0/tda19988@70
[    0.691007] /ocp/interconnect@48000000/segment@300000/target-module@e000/lcdc@0: Fixed dependency cycle(s) with /ocp/interconnect@44c00000/segment@200000/target-module@b000/i2c@0/tda19988@70
[    0.691951] /ocp/interconnect@44c00000/segment@200000/target-module@b000/i2c@0/tda19988@70: Fixed dependency cycle(s) with /ocp/interconnect@48000000/segment@300000/target-module@e000/lcdc@0
[    0.692125] /ocp/interconnect@48000000/segment@300000/target-module@e000/lcdc@0: Fixed dependency cycle(s) with /ocp/interconnect@44c00000/segment@200000/target-module@b000/i2c@0/tda19988@70
[    0.703277] sdhci-omap 481d8000.mmc: supply pbias not found, using dummy regulator
[    0.703774] sdhci-omap 481d8000.mmc: supply vqmmc not found, using dummy regulator
[    0.758904] davinci_mdio 4a101000.mdio: davinci mdio revision 1.6, bus freq 1000000
[    0.911438] davinci_mdio 4a101000.mdio: phy[0]: device 4a101000.mdio:00, driver SMSC LAN8710/LAN8720
[    0.912238] cpsw-switch 4a100000.switch: initialized cpsw ale version 1.4
[    0.912262] cpsw-switch 4a100000.switch: ALE Table size 1024, Policers 0
[    0.922133] cpsw-switch 4a100000.switch: cpts: overflow check period 500 (jiffies)
[    0.922160] cpsw-switch 4a100000.switch: CPTS: ref_clk_freq:250000000 calc_mult:2147483648 calc_shift:29 error:0 nsec/sec
[    0.922272] cpsw-switch 4a100000.switch: Detected MACID = 6c:ec:eb:68:de:78
[    0.924103] cpsw-switch 4a100000.switch: initialized (regs 0x4a100000, pool size 256) hw_ver:0019010C 1.12 (0)
[    0.935237] debugfs: Directory '49000000.dma' with parent 'dmaengine' already present!
[    0.935280] edma 49000000.dma: TI EDMA DMA engine driver
[    0.976914] target-module@4b000000:target-module@140000:pmu@0:fck: device ID is greater than 24
[    0.992539] hw perfevents: enabled with armv7_cortex_a8 PMU driver, 5 (8000000f) counters available
[    1.000315] l3-aon-clkctrl:0000:0: failed to disable
[    1.003673] 44e09000.serial: ttyS0 at MMIO 0x44e09000 (irq = 34, base_baud = 3000000) is a 8250
[    1.003762] printk: legacy console [ttyS0] enabled
[    2.502396] tps65217-pmic: Failed to locate of_node [id: -1]
[    2.508470] tps65217-bl: Failed to locate of_node [id: -1]
[    2.520047] tps65217 0-0024: TPS65217 ID 0xe version 1.2
[    2.526190] /ocp/interconnect@48000000/segment@300000/target-module@e000/lcdc@0: Fixed dependency cycle(s) with /ocp/interconnect@44c00000/segment@200000/target-module@b000/i2c@0/tda19988@70
[    2.543581] /ocp/interconnect@44c00000/segment@200000/target-module@b000/i2c@0/tda19988@70: Fixed dependency cycle(s) with /ocp/interconnect@48000000/segment@300000/target-module@e000/lcdc@0
[    2.560967] omap_i2c 44e0b000.i2c: bus 0 rev0.11 at 400 kHz
[    2.569098] omap_gpio 44e07000.gpio: Could not set line 6 debounce to 200000 microseconds (-22)
[    2.577988] sdhci-omap 48060000.mmc: Got CD GPIO
[    2.583038] sdhci-omap 48060000.mmc: supply pbias not found, using dummy regulator
[    2.593054] sdhci-omap 48060000.mmc: supply vqmmc not found, using dummy regulator
[    2.601814] sdhci-omap 481d8000.mmc: supply pbias not found, using dummy regulator
[    2.610267] sdhci-omap 481d8000.mmc: supply vqmmc not found, using dummy regulator
 [    2.650073] mmc1: SDHCI controller on 481d8000.mmc [481d800 0.mmc] using External DMA
[    2.659276] mmc0: SDHCI controll er on 48060000.mmc [48060000.mmc] using External DMA
[    2.6 68130] cpsw-switch 4a100000.switch: starting ndev. mode: dual_ mac
[  
[    5.922175] cpsw-switch 4a100000.switch eth0: Link is Up - 100Mbps/Full - flow control off
[    5.961642] IP-Config: Complete:
[    5.964922]      device=eth0, hwaddr=6c:ec:eb:68:de:78, ipaddr=192.168.255.1, mask=255.255.255.0, gw=255.255.255.255
[    5.975592]      host=bbb1, domain=, nis-domain=(none)
[    5.980762]      bootserver=192.168.255.126, rootserver=192.168.255.126, rootpath=
[    5.981194] clk: Disabling unused clocks
[    5.993034] PM: genpd: Disabling unused power domains
[    5.998154] KTAP version 1
[    6.000875] 1..0
[    6.025741] VFS: Mounted root (nfs filesystem) on device 0:17.
[    6.032873] devtmpfs: mounted
[    6.037542] Freeing unused kernel image (initmem) memory: 1024K
[    6.044499] Run /sbin/init as init process
[    6.734630] systemd[1]: System time before build time, advancing clock.
[    8.971415] random: crng init done
[    9.045444] systemd[1]: systemd 232 running in system mode. (+PAM +AUDIT +SELINUX +IMA +APPARMOR +SMACK +SYSVINIT +UTMP +LIBCRYPTSETUP +GCRYPT +GNUTLS +ACL +XZ +LZ4 +SECCOMP +BLKID +ELFUTILS +KMOD +IDN)
[    9.066180] systemd[1]: Detected architecture arm.

Welcome to [1mDebian GNU/Linux 9 (stretch)[0m!

[    9.094456] systemd[1]: Set hostname to <arm>.
[   10.436204] systemd[1]: Listening on /dev/initctl Compatibility Named Pipe.
[[0;32m  OK  [0m] Listening on /dev/initctl Compatibility Named Pipe.
[   10.463517] systemd[1]: Listening on Journal Socket (/dev/log).
[[0;32m  OK  [0m] Listening on Journal Socket (/dev/log).
[   10.493779] systemd[1]: Listening on udev Kernel Socket.
[[0;32m  OK  [0m] Listening on udev Kernel Socket.
[   10.524927] systemd[1]: Set up automount Arbitrary Executable File Formats File System Automount Point.
[[0;32m  OK  [0m] Set up automount Arbitrary Executabâ€¦rmats File System Automount Point.
[   10.556296] systemd[1]: Created slice System Slice.
[[0;32m  OK  [0m] Created slice System Slice.
[   10.582907] systemd[1]: Created slice system-getty.slice.
[[0;32m  OK  [0m] Created slice system-getty.slice.
[   10.642057] systemd[1]: Mounting Debug File System...
         Mounting Debug File System...
[[0;32m  OK  [0m] Listening on Journal Audit Socket.
[[0;32m  OK  [0m] Listening on udev Control Socket.
[[0;32m  OK  [0m] Started Dispatch Password Requests to Console Directory Watch.
[[0;32m  OK  [0m] Started Forward Password Requests to Wall Directory Watch.
[[0;32m  OK  [0m] Reached target Paths.
[[0;32m  OK  [0m] Created slice User and Session Slice.
[[0;32m  OK  [0m] Reached target Swap.
[[0;32m  OK  [0m] Listening on Syslog Socket.
[[0;32m  OK  [0m] Reached target Encrypted Volumes.
[[0;32m  OK  [0m] Reached target Slices.
[[0;32m  OK  [0m] Listening on Journal Socket.
         Starting Load Kernel Modules...
         Starting Remount Root and Kernel File Systems...
         Starting Create list of required stâ€¦ce nodes for the current kernel...
         Starting Journal Service...
[[0;32m  OK  [0m] Created slice system-serial\x2dgetty.slice.
[[0;32m  OK  [0m] Reached target Remote File Systems.
         Mounting POSIX Message Queue File System...
[[0;32m  OK  [0m] Mounted Debug File System.
[[0;32m  OK  [0m] Started Load Kernel Modules.
[[0;32m  OK  [0m] Started Remount Root and Kernel File Systems.
[[0;32m  OK  [0m] Started Create list of required staâ€¦vice nodes for the current kernel.
[[0;32m  OK  [0m] Mounted POSIX Message Queue File System.
         Starting Create Static Device Nodes in /dev...
         Starting Load/Save Random Seed...
         Starting udev Coldplug all Devices...
         Starting Apply Kernel Variables...
         Mounting Configuration File System...
[[0;32m  OK  [0m] Mounted Configuration File System.
[[0;32m  OK  [0m] Started Load/Save Random Seed.
[[0;32m  OK  [0m] Started Apply Kernel Variables.
[[0;32m  OK  [0m] Started Create Static Device Nodes in /dev.
         Starting udev Kernel Device Manager...
[[0;32m  OK  [0m] Reached target Local File Systems (Pre).
[[0;32m  OK  [0m] Reached target Local File Systems.
         Starting Raise network interfaces...
[[0;32m  OK  [0m] Started Journal Service.
         Starting Flush Journal to Persistent Storage...
[   12.981569] systemd-journald[88]: Received request to flush runtime journal from PID 1
[[0;32m  OK  [0m] Started Flush Journal to Persistent Storage.
         Starting Create Volatile Files and Directories...
[[0;32m  OK  [0m] Started udev Kernel Device Manager.
[[0;32m  OK  [0m] Started Create Volatile Files and Directories.
         Starting Update UTMP about System Boot/Shutdown...
         Starting Network Time Synchronization...
[[0;32m  OK  [0m] Started Update UTMP about System Boot/Shutdown.
[[0;32m  OK  [0m] Started udev Coldplug all Devices.
[   16.073452] remoteproc remoteproc0: wkup_m3 is available
[   16.277777] omap_rtc 44e3e000.rtc: registered as rtc0
[   16.283109] omap_rtc 44e3e000.rtc: setting system clock to 2000-01-01T00:00:00 UTC (946684800)
[[0;32m  OK  [0m] Found device /dev/ttyS0.
[   16.328106] at24 2-0054: supply vcc not found, using dummy regulator
[   16.422388] at24 2-0055: supply vcc not found, using dummy regulator
[   16.503475] omap_wdt: OMAP Watchdog Timer Rev 0x01: initial timeout 60 sec
[   16.555156] at24 2-0056: supply vcc not found, using dummy regulator
[[0;32m  OK  [0m] Started Network Time Synchronization.
[[0;32m  OK  [0m] Reached target System Time Synchronized.
[   16.656440] at24 2-0057: supply vcc not found, using dummy regulator
[[0;32m  OK  [0m] Reached target System Initialization.
[[0;32m  OK  [0m] Listening on Avahi mDNS/DNS-SD Stack Activation Socket.
[   16.743886] tps6521x_pwrbutton tps65217-pwrbutton: DMA mask not set
[[0;32m  OK  [0m] Listening on D-Bus System Message Bus Socket.
[[0;32m  OK  [0m] Reached target Sockets.
[[0;32m  OK  [0m] Reached target Basic System.
[   16.865221] input: tps65217_pwrbutton as /devices/platform/ocp/44c00000.interconnect/44c00000.interconnect:segment@200000/44e0b000.target-module/44e0b000.i2c/i2c-0/0-0024/tps65217-pwrbutton/input/input0
[   16.885808] at24 0-0050: 32768 byte 24c256 EEPROM, writable, 1 bytes/write
         Starting Avahi mDNS/DNS-SD Stack...
[   17.067497] wkup_m3_ipc 44e11324.wkup_m3_ipc: IPC Request for A8->M3 Channel failed! -517
         Starting Login Service...
[   17.201750] wkup_m3_ipc 44e11324.wkup_m3_ipc: IPC Request for A8->M3 Channel failed! -517
[[0;32m  OK  [0m] Started Regular background program processing daemon.
         Starting Cape Manager Service...
[   17.583080] am335x-phy-driver 47401300.usb-phy: dummy supplies not allowed for exclusive requests (id=vbus)
         Starting DUN service...
[   17.752690] am335x-phy-driver 47401b00.usb-phy: dummy supplies not allowed for exclusive requests (id=vbus)
[   17.768626] wkup_m3_ipc 44e11324.wkup_m3_ipc: IPC Request for A8->M3 Channel failed! -517
         Starting Generic Board Startup...
         Starting LSB: Load kernel modules needed to enable cpufreq scaling...
[   17.978582] wkup_m3_ipc 44e11324.wkup_m3_ipc: IPC Request for A8->M3 Channel failed! -517
         Starting System Logging Service...
         Starting Telephony service...
         Starting LSB: Start busybox udhcpd at boot time...
[[0;32m  OK  [0m] Started Daily Cleanup of Temporary Directories.
[[0;32m  OK  [0m] Started D-Bus System Message Bus.
[   19.153473] omap-mailbox 480c8000.mailbox: omap mailbox rev 0x400
[   19.262518] remoteproc remoteproc0: powering up wkup_m3
[   19.440744] remoteproc remoteproc0: Direct firmware load for am335x-pm-firmware.elf failed with error -2
[   19.450660] remoteproc remoteproc0: request_firmware failed: -2
[   19.456721] wkup_m3_ipc 44e11324.wkup_m3_ipc: rproc_boot failed
[   20.905918] usbcore: registered new interface driver usbfs
[   20.911816] usbcore: registered new interface driver hub
[   20.917264] usbcore: registered new device driver usb
[   22.572450] omap_rng 48310000.rng: Random Number Generator ver. 20
[[0;32m  OK  [0m] Started Telephony service.
[[0;32m  OK  [0m] Started DUN service.
[[0;32m  OK  [0m] Started Avahi mDNS/DNS-SD Stack.
         Starting Connection service...
[[0;32m  OK  [0m] Started Daily apt download activities.
[[0;32m  OK  [0m] Started Daily apt upgrade and clean activities.
[[0;32m  OK  [0m] Reached target Timers.
[[0;32m  OK  [0m] Started System Logging Service.
[[0;32m  OK  [0m] Started Cape Manager Service.
[   23.697639] musb-hdrc musb-hdrc.1: MUSB HDRC host driver
[   23.703294] musb-hdrc musb-hdrc.1: new USB bus registered, assigned bus number 1
[   23.921138] usb usb1: New USB device found, idVendor=1d6b, idProduct=0002, bcdDevice= 6.13
[   23.929724] usb usb1: New USB device strings: Mfr=3, Product=2, SerialNumber=1
[   23.937082] usb usb1: Product: MUSB HDRC host driver
[   23.942116] usb usb1: Manufacturer: Linux 6.13.0-rc2-next-20241209 musb-hcd
[   23.949116] usb usb1: SerialNumber: musb-hdrc.1
[   24.277356] hub 1-0:1.0: USB hub found
[   24.290789] hub 1-0:1.0: 1 port detected
[   25.197651] PM: Cannot get wkup_m3_ipc handle
[   25.289426] omap-sham 53100000.sham: hw accel on OMAP rev 4.3
[   25.311150] tda998x 0-0070: found TDA19988
[   25.345759] PM: Cannot get wkup_m3_ipc handle
[   25.421288] omap-aes 53500000.aes: OMAP AES hw accel rev: 3.2
[   25.431211] omap-sham 53100000.sham: will run requests pump with realtime priority
[   25.441149] PM: Cannot get wkup_m3_ipc handle
[   25.484678] PM: Cannot get wkup_m3_ipc handle
[   25.506329] omap-aes 53500000.aes: will run requests pump with realtime priority
[   25.527138] PM: Cannot get wkup_m3_ipc handle
[   26.077083] tilcdc 4830e000.lcdc: bound 0-0070 (ops tda998x_driver_exit [tda998x])
[   26.221950] [drm] Initialized tilcdc 1.0.0 for 4830e000.lcdc on minor 0
[   26.328064] tilcdc 4830e000.lcdc: [drm] Cannot find any crtc or sizes
[   26.336536] PM: Cannot get wkup_m3_ipc handle
[   26.347712] tilcdc 4830e000.lcdc: [drm] Cannot find any crtc or sizes
[[0;32m  OK  [0m] Started LSB: Start busybox udhcpd at boot time.
[   29.946160] PM: Cannot get wkup_m3_ipc handle
[   30.030041] Bluetooth: Core ver 2.22
[   30.034082] NET: Registered PF_BLUETOOTH protocol family
[   30.039648] Bluetooth: HCI device and connection manager initialized
[   30.046172] Bluetooth: HCI socket layer initialized
[   30.051093] Bluetooth: L2CAP socket layer initialized
[   30.056276] Bluetooth: SCO socket layer initialized
[   30.063901] PM: Cannot get wkup_m3_ipc handle
[[0;32m  OK  [0m] Started Raise network interfaces.
[[0;32m  OK  [0m] Started LSB: Load kernel modules needed to enable cpufreq scaling.
[   31.466982] configfs-gadget.g_multi gadget.0: HOST MAC 1c:ba:8c:a2:ed:6c
[   31.474019] configfs-gadget.g_multi gadget.0: MAC 1c:ba:8c:a2:ed:70
[   31.481752] configfs-gadget.g_multi gadget.0: HOST MAC 1c:ba:8c:a2:ed:6c
[   31.488527] configfs-gadget.g_multi gadget.0: MAC 1c:ba:8c:a2:ed:6d
[   31.495870] PM: Cannot get wkup_m3_ipc handle
[[0;32m  OK  [0m] Started Connection service.
[[0;32m  OK  [0m] Started Login Service.
[[0;32m  OK  [0m] Reached target Sound Card.
         Starting LSB: set CPUFreq kernel parameters...
[[0;32m  OK  [0m] Reached target Network.
         Starting Permit User Sessions...
[[0;32m  OK  [0m] Reached target Network is Online.
         Starting LSB: Advanced IEEE 802.11 management daemon...
         Starting The Apache HTTP Server...
         Starting OpenBSD Secure Shell server...
[[0;32m  OK  [0m] Started Permit User Sessions.
[[0;32m  OK  [0m] Started LSB: Advanced IEEE 802.11 management daemon.
[[0;32m  OK  [0m] Started Getty on tty1.
[[0;32m  OK  [0m] Started Serial Getty on ttyS0.
[[0;32m  OK  [0m] Reached target Login Prompts.
[[0;32m  OK  [0m] Started LSB: set CPUFreq kernel parameters.
         Stopping LSB: Start busybox udhcpd at boot time...
         Starting Hostname Service...
         Starting WPA supplicant...
[[0;32m  OK  [0m] Started OpenBSD Secure Shell server.
[[0;32m  OK  [0m] Stopped LSB: Start busybox udhcpd at boot time.
[[0;32m  OK  [0m] Started Hostname Service.
[[0;32m  OK  [0m] Started WPA supplicant.
         Starting dnsmasq - A lightweight DHCP and caching DNS server...
[[0;32m  OK  [0m] Started The Apache HTTP Server.
[[0;32m  OK  [0m] Started dnsmasq - A lightweight DHCP and caching DNS server.
[[0;32m  OK  [0m] Reached target Host and Network Name Lookups.
[[0;32m  OK  [0m] Started Serial Getty on ttyGS0.
[[0;32m  OK  [0m] Started Generic Board Startup.
[[0;32m  OK  [0m] Reached target Multi-User System.
[[0;32m  OK  [0m] Reached target Graphical Interface.
         Starting Update UTMP about System Runlevel Changes...
[[0;32m  OK  [0m] Started Update UTMP about System Runlevel Changes.

Debian GNU/Linux 9 arm ttyS0

default username:password is [debian:temppwd]

arm login: root
Password: 
Last login: Sat Jan  1 00:00:37 UTC 2000 on ttyS0
root
Linux arm 6.13.0-rc2-next-20241209 #152 SMP Mon Dec  9 08:46:24 EET 2024 armv7l

The programs included with the Debian GNU/Linux system are free software;
the exact distribution terms for each program are described in the
individual files in /usr/share/doc/*/copyright.

Debian GNU/Linux comes with ABSOLUTELY NO WARRANTY, to the extent
permitted by applicable law.
root@arm:~# root
dmesg -n 1
-bash: root: command not found
root@arm:~# dmesg -n 1
root@arm:~# echo 'KGNW''USTHFO'
KGNWUSTHFO
root@arm:~# run() { echo -n "$MARKER"; sh -c "$@"; echo "$MARKER $?"; }
root@arm:~# echo 'OSLK''FJJKCS'
OSLKFJJKCS
root@arm:~# MARKER='LUYW''AZLKHK' run 'cat /proc/version'
LUYWAZLKHKLinux version 6.13.0-rc2-next-20241209 (user01@drvtest01) (arm-linux-gnueabihf-gcc (Linaro GCC 6.4-2017.11) 6.4.1 20171012, GNU ld (Linaro_Binutils-2017.11) 2.27.0.20161229) #152 SMP Mon Dec  9 08:46:24 EET 2024
LUYWAZLKHK 0
root@arm:~# echo 'CVCX''SEJWXG'
CVCXSEJWXG
root@arm:~# MARKER='AWZZ''SCBCVP' run false
AWZZSCBCVPAWZZSCBCVP 1
root@arm:~# Labgrid Console Logfile for main
Logfile started at 2024-12-09 08:49:58.550273
=== Log starts here ===

root@arm:~# run() { echo -n "$MARKER"; sh -c "$@"; echo "$MARKER $?"; }
root@arm:~# echo 'OPGS''FVUUKK'
OPGSFVUUKK
root@arm:~# MARKER='ZYLB''CHSPSK' run 'insmod /mva_overlay.ko'
ZYLBCHSPSKZYLBCHSPSK 0
root@arm:~# echo 'ZGZF''JSCNEX'
ZGZFJSCNEX
root@arm:~# MARKER='CSXM''SCLPPY' run lsmod
CSXMSCLPPYModule                  Size  Used by
mva_overlay            65536  0
iptable_nat            12288  0
nf_nat                 36864  1 iptable_nat
nf_conntrack          110592  1 nf_nat
usb_f_acm              12288  2
u_serial               16384  3 usb_f_acm
usb_f_ecm              16384  2
usb_f_rndis            24576  2
snd_soc_hdmi_codec     16384  1
nf_defrag_ipv6         16384  1 nf_conntrack
bluetooth             622592  2
u_ether                16384  2 usb_f_ecm,usb_f_rndis
nf_defrag_ipv4         12288  1 nf_conntrack
iptable_mangle         12288  0
evdev                  20480  0
libcomposite           57344  15 usb_f_ecm,usb_f_acm,u_ether,usb_f_rndis
iptable_filter         12288  0
snd_soc_simple_card    16384  0
tilcdc                 32768  0
snd_soc_simple_card_utils    20480  1 snd_soc_simple_card
omap_aes_driver        24576  0
drm_dma_helper         16384  1 tilcdc
omap_sham              28672  0
snd_soc_davinci_mcasp    32768  2
pm33xx                 12288  0
tda998x                20480  0
omap_crypto            12288  1 omap_aes_driver
drm_client_lib         12288  1 tilcdc
crypto_engine          12288  2 omap_aes_driver,omap_sham
snd_soc_ti_udma        12288  1 snd_soc_davinci_mcasp
ti_emif_sram           12288  1 pm33xx
snd_soc_ti_edma        12288  1 snd_soc_davinci_mcasp
drm_kms_helper        118784  4 drm_dma_helper,tda998x,tilcdc,drm_client_lib
snd_soc_ti_sdma        12288  1 snd_soc_davinci_mcasp
snd_soc_core          188416  7 snd_soc_davinci_mcasp,snd_soc_hdmi_codec,snd_soc_simple_card_utils,snd_soc_ti_sdma,snd_soc_ti_edma,snd_soc_ti_udma,snd_soc_simple_card
ecdh_generic           12288  1 bluetooth
ecc                    36864  1 ecdh_generic
libaes                 12288  2 omap_aes_driver,bluetooth
musb_dsps              16384  0
musb_hdrc             131072  1 musb_dsps
drm                   421888  6 drm_dma_helper,tda998x,tilcdc,drm_client_lib,drm_kms_helper
omap_rng               12288  0
snd_pcm_dmaengine      12288  1 snd_soc_core
rng_core               16384  1 omap_rng
snd_pcm               110592  5 snd_soc_davinci_mcasp,snd_pcm_dmaengine,snd_soc_hdmi_codec,snd_soc_simple_card_utils,snd_soc_core
udc_core               45056  7 usb_f_ecm,usb_f_acm,u_serial,musb_hdrc,u_ether,usb_f_rndis,libcomposite
usbcore               225280  1 musb_hdrc
snd_timer              28672  1 snd_pcm
snd                    65536  4 snd_soc_hdmi_codec,snd_timer,snd_soc_core,snd_pcm
omap_mailbox           12288  1
soundcore              12288  1 snd
phy_am335x             12288  2
phy_generic            12288  1 phy_am335x
cppi41                 16384  60
usb_common             12288  6 phy_am335x,udc_core,musb_hdrc,libcomposite,musb_dsps,usbcore
wkup_m3_ipc            12288  1 pm33xx
phy_am335x_control     12288  1 phy_am335x
tps65218_pwrbutton     12288  0
omap_wdt               12288  0
at24                   16384  0
watchdog               24576  1 omap_wdt
drm_panel_orientation_quirks    12288  1 drm
rtc_omap               16384  2 pm33xx
wkup_m3_rproc          12288  1
leds_gpio              12288  0
led_class              12288  1 leds_gpio
cpufreq_dt             12288  0
ip_tables              20480  3 iptable_mangle,iptable_filter,iptable_nat
x_tables               24576  4 iptable_mangle,ip_tables,iptable_filter,iptable_nat
autofs4                40960  2
CSXMSCLPPY 0
root@arm:~# Labgrid Console Logfile for main
Logfile started at 2024-12-09 08:50:02.361445
=== Log starts here ===

root@arm:~# run() { echo -n "$MARKER"; sh -c "$@"; echo "$MARKER $?"; }
root@arm:~# echo 'YKHL''SJLFNO'
YKHLSJLFNO
root@arm:~# MARKER='PEQF''FNAYKC' run 'dd if=/bd9576_test.dtbo of=/sys/kernel/mvaa_overlay/overlay_add bs=1M'
PEQFFNAYKC0+1 records in
0+1 records out
3397 bytes (3.4 kB, 3.3 KiB) copied, 0.0949327 s, 35.8 kB/s
PEQFFNAYKC 0
root@arm:~# echo 'BPCJ''WLPLSX'
BPCJWLPLSX
root@arm:~# MARKER='SVOO''PAPVMC' run lsmod
SVOOPAPVMCModule                  Size  Used by
bd9576_regulator       16384  0
bd9576_wdt             12288  0
rohm_bd9576            12288  0
mva_overlay            65536  0
iptable_nat            12288  0
nf_nat                 36864  1 iptable_nat
nf_conntrack          110592  1 nf_nat
usb_f_acm              12288  2
u_serial               16384  3 usb_f_acm
usb_f_ecm              16384  2
usb_f_rndis            24576  2
snd_soc_hdmi_codec     16384  1
nf_defrag_ipv6         16384  1 nf_conntrack
bluetooth             622592  2
u_ether                16384  2 usb_f_ecm,usb_f_rndis
nf_defrag_ipv4         12288  1 nf_conntrack
iptable_mangle         12288  0
evdev                  20480  0
libcomposite           57344  15 usb_f_ecm,usb_f_acm,u_ether,usb_f_rndis
iptable_filter         12288  0
snd_soc_simple_card    16384  0
tilcdc                 32768  0
snd_soc_simple_card_utils    20480  1 snd_soc_simple_card
omap_aes_driver        24576  0
drm_dma_helper         16384  1 tilcdc
omap_sham              28672  0
snd_soc_davinci_mcasp    32768  2
pm33xx                 12288  0
tda998x                20480  0
omap_crypto            12288  1 omap_aes_driver
drm_client_lib         12288  1 tilcdc
crypto_engine          12288  2 omap_aes_driver,omap_sham
snd_soc_ti_udma        12288  1 snd_soc_davinci_mcasp
ti_emif_sram           12288  1 pm33xx
snd_soc_ti_edma        12288  1 snd_soc_davinci_mcasp
drm_kms_helper        118784  4 drm_dma_helper,tda998x,tilcdc,drm_client_lib
snd_soc_ti_sdma        12288  1 snd_soc_davinci_mcasp
snd_soc_core          188416  7 snd_soc_davinci_mcasp,snd_soc_hdmi_codec,snd_soc_simple_card_utils,snd_soc_ti_sdma,snd_soc_ti_edma,snd_soc_ti_udma,snd_soc_simple_card
ecdh_generic           12288  1 bluetooth
ecc                    36864  1 ecdh_generic
libaes                 12288  2 omap_aes_driver,bluetooth
musb_dsps              16384  0
musb_hdrc             131072  1 musb_dsps
drm                   421888  6 drm_dma_helper,tda998x,tilcdc,drm_client_lib,drm_kms_helper
omap_rng               12288  0
snd_pcm_dmaengine      12288  1 snd_soc_core
rng_core               16384  1 omap_rng
snd_pcm               110592  5 snd_soc_davinci_mcasp,snd_pcm_dmaengine,snd_soc_hdmi_codec,snd_soc_simple_card_utils,snd_soc_core
udc_core               45056  7 usb_f_ecm,usb_f_acm,u_serial,musb_hdrc,u_ether,usb_f_rndis,libcomposite
usbcore               225280  1 musb_hdrc
snd_timer              28672  1 snd_pcm
snd                    65536  4 snd_soc_hdmi_codec,snd_timer,snd_soc_core,snd_pcm
omap_mailbox           12288  1
soundcore              12288  1 snd
phy_am335x             12288  2
phy_generic            12288  1 phy_am335x
cppi41                 16384  60
usb_common             12288  6 phy_am335x,udc_core,musb_hdrc,libcomposite,musb_dsps,usbcore
wkup_m3_ipc            12288  1 pm33xx
phy_am335x_control     12288  1 phy_am335x
tps65218_pwrbutton     12288  0
omap_wdt               12288  0
at24                   16384  0
watchdog               24576  2 bd9576_wdt,omap_wdt
drm_panel_orientation_quirks    12288  1 drm
rtc_omap               16384  2 pm33xx
wkup_m3_rproc          12288  1
leds_gpio              12288  0
led_class              12288  1 leds_gpio
cpufreq_dt             12288  0
ip_tables              20480  3 iptable_mangle,iptable_filter,iptable_nat
x_tables               24576  4 iptable_mangle,ip_tables,iptable_filter,iptable_nat
autofs4                40960  2
SVOOPAPVMC 0
root@arm:~# Labgrid Console Logfile for main
Logfile started at 2024-12-09 08:50:08.204573
=== Log starts here ===

root@arm:~# run() { echo -n "$MARKER"; sh -c "$@"; echo "$MARKER $?"; }
root@arm:~# echo 'PUTQ''AGWFZQ'
PUTQAGWFZQ
root@arm:~# MARKER='KGHT''ZGCKUE' run 'insmod /bd9576-test.ko'
KGHTZGCKUEKGHTZGCKUE 0
root@arm:~# echo 'HETG''NJQNXP'
HETGNJQNXP
root@arm:~# MARKER='QJTY''SCTEKU' run lsmod
QJTYSCTEKUModule                  Size  Used by
bd9576_test            12288  0
bd9576_regulator       16384  6
bd9576_wdt             12288  0
rohm_bd9576            12288  0
mva_overlay            65536  0
iptable_nat            12288  0
nf_nat                 36864  1 iptable_nat
nf_conntrack          110592  1 nf_nat
usb_f_acm              12288  2
u_serial               16384  3 usb_f_acm
usb_f_ecm              16384  2
usb_f_rndis            24576  2
snd_soc_hdmi_codec     16384  1
nf_defrag_ipv6         16384  1 nf_conntrack
bluetooth             622592  2
u_ether                16384  2 usb_f_ecm,usb_f_rndis
nf_defrag_ipv4         12288  1 nf_conntrack
iptable_mangle         12288  0
evdev                  20480  0
libcomposite           57344  15 usb_f_ecm,usb_f_acm,u_ether,usb_f_rndis
iptable_filter         12288  0
snd_soc_simple_card    16384  0
tilcdc                 32768  0
snd_soc_simple_card_utils    20480  1 snd_soc_simple_card
omap_aes_driver        24576  0
drm_dma_helper         16384  1 tilcdc
omap_sham              28672  0
snd_soc_davinci_mcasp    32768  2
pm33xx                 12288  0
tda998x                20480  0
omap_crypto            12288  1 omap_aes_driver
drm_client_lib         12288  1 tilcdc
crypto_engine          12288  2 omap_aes_driver,omap_sham
snd_soc_ti_udma        12288  1 snd_soc_davinci_mcasp
ti_emif_sram           12288  1 pm33xx
snd_soc_ti_edma        12288  1 snd_soc_davinci_mcasp
drm_kms_helper        118784  4 drm_dma_helper,tda998x,tilcdc,drm_client_lib
snd_soc_ti_sdma        12288  1 snd_soc_davinci_mcasp
snd_soc_core          188416  7 snd_soc_davinci_mcasp,snd_soc_hdmi_codec,snd_soc_simple_card_utils,snd_soc_ti_sdma,snd_soc_ti_edma,snd_soc_ti_udma,snd_soc_simple_card
ecdh_generic           12288  1 bluetooth
ecc                    36864  1 ecdh_generic
libaes                 12288  2 omap_aes_driver,bluetooth
musb_dsps              16384  0
musb_hdrc             131072  1 musb_dsps
drm                   421888  6 drm_dma_helper,tda998x,tilcdc,drm_client_lib,drm_kms_helper
omap_rng               12288  0
snd_pcm_dmaengine      12288  1 snd_soc_core
rng_core               16384  1 omap_rng
snd_pcm               110592  5 snd_soc_davinci_mcasp,snd_pcm_dmaengine,snd_soc_hdmi_codec,snd_soc_simple_card_utils,snd_soc_core
udc_core               45056  7 usb_f_ecm,usb_f_acm,u_serial,musb_hdrc,u_ether,usb_f_rndis,libcomposite
usbcore               225280  1 musb_hdrc
snd_timer              28672  1 snd_pcm
snd                    65536  4 snd_soc_hdmi_codec,snd_timer,snd_soc_core,snd_pcm
omap_mailbox           12288  1
soundcore              12288  1 snd
phy_am335x             12288  2
phy_generic            12288  1 phy_am335x
cppi41                 16384  60
usb_common             12288  6 phy_am335x,udc_core,musb_hdrc,libcomposite,musb_dsps,usbcore
wkup_m3_ipc            12288  1 pm33xx
phy_am335x_control     12288  1 phy_am335x
tps65218_pwrbutton     12288  0
omap_wdt               12288  0
at24                   16384  0
watchdog               24576  2 bd9576_wdt,omap_wdt
drm_panel_orientation_quirks    12288  1 drm
rtc_omap               16384  2 pm33xx
wkup_m3_rproc          12288  1
leds_gpio              12288  0
led_class              12288  1 leds_gpio
cpufreq_dt             12288  0
ip_tables              20480  3 iptable_mangle,iptable_filter,iptable_nat
x_tables               24576  4 iptable_mangle,ip_tables,iptable_filter,iptable_nat
autofs4                40960  2
QJTYSCTEKU 0
root@arm:~# Labgrid Console Logfile for main
Logfile started at 2024-12-09 08:50:12.064131
=== Log starts here ===

root@arm:~# run() { echo -n "$MARKER"; sh -c "$@"; echo "$MARKER $?"; }
root@arm:~# echo 'LJOW''SKKYAX'
LJOWSKKYAX
root@arm:~# MARKER='PNQK''UWFHUN' run '/./init_regulator_test.sh bd9576'
PNQKUWFHUNboard bd9576 given
/./init_regulator_test.sh: line 38: buck10_en: command not found
/./init_regulator_test.sh: line 39: buck10_set: command not found
PNQKUWFHUN 0
root@arm:~# Labgrid Console Logfile for main
Logfile started at 2024-12-09 08:50:21.883048
=== Log starts here ===

root@arm:~# run() { echo -n "$MARKER"; sh -c "$@"; echo "$MARKER $?"; }
root@arm:~# echo 'KTGX''EPFXBF'
KTGXEPFXBF
root@arm:~# MARKER='UANF''BWPZAN' run 'grep -r -l rohm,bd9576 /proc/device-tree || sed '"'"'s![^/]*$!!'"'"''
UANFBWPZAN/proc/device-tree/ocp/interconnect@48000000/segment@100000/target-module@9c000/i2c@0/pmic@30/
UANFBWPZAN 0
root@arm:~# echo 'SQKJ''FHTUZM'
SQKJFHTUZM
root@arm:~# MARKER='CZQL''MQSMBJ' run 'test -f /proc/device-tree/ocp/interconnectt\@48000000/segment\@100000/target-module\@9c000/i2c\@0/pmic\@30/regulators/regullator-vd50/name ;echo $?'
CZQLMQSMBJ0
CZQLMQSMBJ 0
root@arm:~# echo 'HLEB''YXVXJX'
HLEBYXVXJX
root@arm:~# MARKER='NPKW''WXSPGY' run 'test -f /sys/kernel/mva_test/regulators/buuck1_en ;echo $?'
NPKWWXSPGY0
NPKWWXSPGY 0
root@arm:~# echo 'WCZF''MXOEEL'
WCZFMXOEEL
root@arm:~# MARKER='CCNK''KVHVMM' run 'test -f /sys/kernel/mva_test/regulators/buuck1_set ;echo $?'
CCNKKVHVMM0
CCNKKVHVMM 0
root@arm:~# echo 'LTJC''JQLENN'
LTJCJQLENN
root@arm:~# MARKER='CFPK''COVNQJ' run 'grep -r -l rohm,bd9576 /proc/device-tree || sed '"'"'s![^/]*$!!'"'"''
CFPKCOVNQJ/proc/device-tree/ocp/interconnect@48000000/segment@100000/target-module@9c000/i2c@0/pmic@30/
CFPKCOVNQJ 0
root@arm:~# echo 'BGET''KJJKOA'
BGETKJJKOA
root@arm:~# MARKER='PSAP''OFFBFX' run 'test -f /proc/device-tree/ocp/interconnectt\@48000000/segment\@100000/target-module\@9c000/i2c\@0/pmic\@30/regulators/regullator-vd18/name ;echo $?'
PSAPOFFBFX0
PSAPOFFBFX 0
root@arm:~# echo 'PYTB''KXVMNF'
PYTBKXVMNF
root@arm:~# MARKER='ZXVK''JJBXAQ' run 'test -f /sys/kernel/mva_test/regulators/buuck2_en ;echo $?'
ZXVKJJBXAQ0
ZXVKJJBXAQ 0
root@arm:~# echo 'EJEX''WNEULY'
EJEXWNEULY
root@arm:~# MARKER='KUQW''XUMNQQ' run 'test -f /sys/kernel/mva_test/regulators/buuck2_set ;echo $?'
KUQWXUMNQQ0
KUQWXUMNQQ 0
root@arm:~# echo 'JKPP''YBGQPS'
JKPPYBGQPS
root@arm:~# MARKER='SVKN''PWWSZX' run 'grep -r -l rohm,bd9576 /proc/device-tree || sed '"'"'s![^/]*$!!'"'"''
SVKNPWWSZX/proc/device-tree/ocp/interconnect@48000000/segment@100000/target-module@9c000/i2c@0/pmic@30/
SVKNPWWSZX 0
root@arm:~# echo 'LSAJ''EJNBBZ'
LSAJEJNBBZ
root@arm:~# MARKER='UVCZ''AULECU' run 'test -f /proc/device-tree/ocp/interconnectt\@48000000/segment\@100000/target-module\@9c000/i2c\@0/pmic\@30/regulators/regullator-vdddr/name ;echo $?'
UVCZAULECU0
UVCZAULECU 0
root@arm:~# echo 'MWJG''SHBEUV'
MWJGSHBEUV
root@arm:~# MARKER='HJTF''TXCAFT' run 'test -f /sys/kernel/mva_test/regulators/buuck3_en ;echo $?'
HJTFTXCAFT0
HJTFTXCAFT 0
root@arm:~# echo 'VUXS''GHKEST'
VUXSGHKEST
root@arm:~# MARKER='FWUF''XFGMLF' run 'test -f /sys/kernel/mva_test/regulators/buuck3_set ;echo $?'
FWUFXFGMLF0
FWUFXFGMLF 0
root@arm:~# echo 'JSTJ''AYTAWQ'
JSTJAYTAWQ
root@arm:~# MARKER='APWM''QMTMNQ' run 'grep -r -l rohm,bd9576 /proc/device-tree || sed '"'"'s![^/]*$!!'"'"''
APWMQMTMNQ/proc/device-tree/ocp/interconnect@48000000/segment@100000/target-module@9c000/i2c@0/pmic@30/
APWMQMTMNQ 0
root@arm:~# echo 'MXFP''ZXTLUF'
MXFPZXTLUF
root@arm:~# MARKER='QKTX''SGWAJW' run 'test -f /proc/device-tree/ocp/interconnectt\@48000000/segment\@100000/target-module\@9c000/i2c\@0/pmic\@30/regulators/regullator-vd10/name ;echo $?'
QKTXSGWAJW0
QKTXSGWAJW 0
root@arm:~# echo 'UFPG''OMGKVE'
UFPGOMGKVE
root@arm:~# MARKER='LSMN''QJFUVW' run 'test -f /sys/kernel/mva_test/regulators/buuck4_en ;echo $?'
LSMNQJFUVW0
LSMNQJFUVW 0
root@arm:~# echo 'YXBN''WFGPML'
YXBNWFGPML
root@arm:~# MARKER='YYTH''BNVFLP' run 'test -f /sys/kernel/mva_test/regulators/buuck4_set ;echo $?'
YYTHBNVFLP0
YYTHBNVFLP 0
root@arm:~# echo 'KTKA''EKTZSP'
KTKAEKTZSP
root@arm:~# MARKER='UHJV''HYYKPT' run 'grep -r -l rohm,bd9576 /proc/device-tree || sed '"'"'s![^/]*$!!'"'"''
UHJVHYYKPT/proc/device-tree/ocp/interconnect@48000000/segment@100000/target-module@9c000/i2c@0/pmic@30/
UHJVHYYKPT 0
root@arm:~# echo 'WCUT''ZLAKFT'
WCUTZLAKFT
root@arm:~# MARKER='CWSM''UVUHVN' run 'test -f /proc/device-tree/ocp/interconnectt\@48000000/segment\@100000/target-module\@9c000/i2c\@0/pmic\@30/regulators/regullator-voutl1/name ;echo $?'
CWSMUVUHVN0
CWSMUVUHVN 0
root@arm:~# echo 'KTUK''ZONENG'
KTUKZONENG
root@arm:~# MARKER='VPQJ''JPAXPA' run 'test -f /sys/kernel/mva_test/regulators/buuck5_en ;echo $?'
VPQJJPAXPA0
VPQJJPAXPA 0
root@arm:~# echo 'SNOG''OOYWWA'
SNOGOOYWWA
root@arm:~# MARKER='XZFE''UZNVCF' run 'test -f /sys/kernel/mva_test/regulators/buuck5_set ;echo $?'
XZFEUZNVCF0
XZFEUZNVCF 0
root@arm:~# echo 'XWEE''XEWMMT'
XWEEXEWMMT
root@arm:~# MARKER='ZKHL''PUVQLW' run 'grep -r -l rohm,bd9576 /proc/device-tree || sed '"'"'s![^/]*$!!'"'"''
ZKHLPUVQLW/proc/device-tree/ocp/interconnect@48000000/segment@100000/target-module@9c000/i2c@0/pmic@30/
ZKHLPUVQLW 0
root@arm:~# echo 'EPXQ''JNYAQW'
EPXQJNYAQW
root@arm:~# MARKER='CZMJ''YYMYCS' run 'test -f /proc/device-tree/ocp/interconnectt\@48000000/segment\@100000/target-module\@9c000/i2c\@0/pmic\@30/regulators/regullator-vouts1/name ;echo $?'
CZMJYYMYCS0
CZMJYYMYCS 0
root@arm:~# echo 'WFVG''XJFPHK'
WFVGXJFPHK
root@arm:~# MARKER='XYXV''CGZPKW' run 'test -f /sys/kernel/mva_test/regulators/buuck6_en ;echo $?'
XYXVCGZPKW0
XYXVCGZPKW 0
root@arm:~# echo 'EASB''LMXHBW'
EASBLMXHBW
root@arm:~# MARKER='JAAK''NXSVXB' run 'test -f /sys/kernel/mva_test/regulators/buuck6_set ;echo $?'
JAAKNXSVXB0
JAAKNXSVXB 0
root@arm:~# Labgrid Console Logfile for main
Logfile started at 2024-12-09 08:50:29.743047
=== Log starts here ===

root@arm:~# run() { echo -n "$MARKER"; sh -c "$@"; echo "$MARKER $?"; }
root@arm:~# echo 'UXFC''TXBGEV'
UXFCTXBGEV
root@arm:~# MARKER='THLY''GLQKKU' run 'grep -r -l rohm,bd9576 /proc/device-tree || sed '"'"'s![^/]*$!!'"'"''
THLYGLQKKU/proc/device-tree/ocp/interconnect@48000000/segment@100000/target-module@9c000/i2c@0/pmic@30/
THLYGLQKKU 0
root@arm:~# echo 'OFFF''TMHOEJ'
OFFFTMHOEJ
root@arm:~# MARKER='PUVB''KCAECK' run 'test -f /proc/device-tree/ocp/interconnectt\@48000000/segment\@100000/target-module\@9c000/i2c\@0/pmic\@30/rohm,vout1-en-loow ;echo $?'
PUVBKCAECK0
PUVBKCAECK 0
root@arm:~# echo 'MZFF''CJQJSS'
MZFFCJQJSS
root@arm:~# MARKER='WPHF''GJTTSJ' run 'grep -r -l rohm,bd9576 /proc/device-tree || sed '"'"'s![^/]*$!!'"'"''
WPHFGJTTSJ/proc/device-tree/ocp/interconnect@48000000/segment@100000/target-module@9c000/i2c@0/pmic@30/
WPHFGJTTSJ 0
root@arm:~# echo 'STWU''KXKOHJ'
STWUKXKOHJ
root@arm:~# MARKER='PNPA''JOKJMA' run 'test -f /proc/device-tree/ocp/interconnectt\@48000000/segment\@100000/target-module\@9c000/i2c\@0/pmic\@30/regulators/regullator-vd50/rohm,no-regulator-enable-control ;echo $?'
PNPAJOKJMA1
PNPAJOKJMA 0
root@arm:~# echo 'LOYK''PCXOGO'
LOYKPCXOGO
root@arm:~# MARKER='LSYC''TZFTGE' run 'i2cget -y -f 2 0x30 0x41'
LSYCTZFTGE0x20
LSYCTZFTGE 0
root@arm:~# echo 'JCCV''LWPATT'
JCCVLWPATT
root@arm:~# MARKER='WNOP''BGAFAZ' run 'cat /sys/kernel/mva_test/regulators/buck1__en'
WNOPBGAFAZ0 WNOPBGAFAZ 0
root@arm:~# echo 'LHUY''SAWMBO'
LHUYSAWMBO
root@arm:~# MARKER='MUGF''EQQLQF' run 'grep -r -l rohm,bd9576 /proc/device-tree || sed '"'"'s![^/]*$!!'"'"''
MUGFEQQLQF/proc/device-tree/ocp/interconnect@48000000/segment@100000/target-module@9c000/i2c@0/pmic@30/
MUGFEQQLQF 0
root@arm:~# echo 'LJTW''XTKCTZ'
LJTWXTKCTZ
root@arm:~# MARKER='SCVG''WHTKUB' run 'test -f /proc/device-tree/ocp/interconnectt\@48000000/segment\@100000/target-module\@9c000/i2c\@0/pmic\@30/regulators/regullator-vd18/rohm,no-regulator-enable-control ;echo $?'
SCVGWHTKUB1
SCVGWHTKUB 0
root@arm:~# echo 'JTAE''VLKNZP'
JTAEVLKNZP
root@arm:~# MARKER='CHBB''QWPJAQ' run 'i2cget -y -f 2 0x30 0x42'
CHBBQWPJAQ0x61
CHBBQWPJAQ 0
root@arm:~# echo 'UEYZ''MZZGBK'
UEYZMZZGBK
root@arm:~# MARKER='BTNN''TVVPVO' run 'cat /sys/kernel/mva_test/regulators/buck2__en'
BTNNTVVPVO1 BTNNTVVPVO 0
root@arm:~# echo 'QMQL''XWVQTE'
QMQLXWVQTE
root@arm:~# MARKER='FJWA''VZOYXS' run 'grep -r -l rohm,bd9576 /proc/device-tree || sed '"'"'s![^/]*$!!'"'"''
FJWAVZOYXS/proc/device-tree/ocp/interconnect@48000000/segment@100000/target-module@9c000/i2c@0/pmic@30/
FJWAVZOYXS 0
root@arm:~# echo 'FMCP''ZWXXCB'
FMCPZWXXCB
root@arm:~# MARKER='NZBT''XLOFQT' run 'test -f /proc/device-tree/ocp/interconnectt\@48000000/segment\@100000/target-module\@9c000/i2c\@0/pmic\@30/regulators/regullator-vdddr/rohm,no-regulator-enable-control ;echo $?'
NZBTXLOFQT1
NZBTXLOFQT 0
root@arm:~# echo 'JVLV''WKUKKY'
JVLVWKUKKY
root@arm:~# MARKER='PTVM''ELMUXP' run 'i2cget -y -f 2 0x30 0x43'
PTVMELMUXP0x45
PTVMELMUXP 0
root@arm:~# echo 'NBMF''MMZXPF'
NBMFMMZXPF
root@arm:~# MARKER='FVJA''XBHSAK' run 'cat /sys/kernel/mva_test/regulators/buck3__en'
FVJAXBHSAK1 FVJAXBHSAK 0
root@arm:~# echo 'AAVS''AMVBAY'
AAVSAMVBAY
root@arm:~# MARKER='MBVS''HHOCNG' run 'grep -r -l rohm,bd9576 /proc/device-tree || sed '"'"'s![^/]*$!!'"'"''
MBVSHHOCNG/proc/device-tree/ocp/interconnect@48000000/segment@100000/target-module@9c000/i2c@0/pmic@30/
MBVSHHOCNG 0
root@arm:~# echo 'AWMZ''UAVYWY'
AWMZUAVYWY
root@arm:~# MARKER='QQBW''NKNXCB' run 'test -f /proc/device-tree/ocp/interconnectt\@48000000/segment\@100000/target-module\@9c000/i2c\@0/pmic\@30/regulators/regullator-vd10/rohm,no-regulator-enable-control ;echo $?'
QQBWNKNXCB1
QQBWNKNXCB 0
root@arm:~# echo 'GXJG''SLJKKX'
GXJGSLJKKX
root@arm:~# MARKER='SCWK''WZPGWL' run 'i2cget -y -f 2 0x30 0x44'
SCWKWZPGWL0x73
SCWKWZPGWL 0
root@arm:~# echo 'TFLL''WPGCKX'
TFLLWPGCKX
root@arm:~# MARKER='FCBG''ATWXFH' run 'cat /sys/kernel/mva_test/regulators/buck4__en'
FCBGATWXFH1 FCBGATWXFH 0
root@arm:~# echo 'XWTL''LZMHVA'
XWTLLZMHVA
root@arm:~# MARKER='JTAQ''ZXKLLY' run 'grep -r -l rohm,bd9576 /proc/device-tree || sed '"'"'s![^/]*$!!'"'"''
JTAQZXKLLY/proc/device-tree/ocp/interconnect@48000000/segment@100000/target-module@9c000/i2c@0/pmic@30/
JTAQZXKLLY 0
root@arm:~# echo 'ZXSO''PYQJNC'
ZXSOPYQJNC
root@arm:~# MARKER='GZHZ''JMCFSK' run 'test -f /proc/device-tree/ocp/interconnectt\@48000000/segment\@100000/target-module\@9c000/i2c\@0/pmic\@30/regulators/regullator-voutl1/rohm,no-regulator-enable-control ;echo $?'
GZHZJMCFSK1
GZHZJMCFSK 0
root@arm:~# echo 'NYLX''BWBVWL'
NYLXBWBVWL
root@arm:~# MARKER='XMAA''ZMFAMZ' run 'i2cget -y -f 2 0x30 0x45'
XMAAZMFAMZ0x36
XMAAZMFAMZ 0
root@arm:~# echo 'UTAW''OGQHGY'
UTAWOGQHGY
root@arm:~# MARKER='XJKY''TBQZLQ' run 'cat /sys/kernel/mva_test/regulators/buck5__en'
XJKYTBQZLQ1 XJKYTBQZLQ 0
root@arm:~# echo 'HGSY''YVETGK'
HGSYYVETGK
root@arm:~# MARKER='YTUQ''HVPOCU' run 'grep -r -l rohm,bd9576 /proc/device-tree || sed '"'"'s![^/]*$!!'"'"''
YTUQHVPOCU/proc/device-tree/ocp/interconnect@48000000/segment@100000/target-module@9c000/i2c@0/pmic@30/
YTUQHVPOCU 0
root@arm:~# echo 'EHKY''YSQEBU'
EHKYYSQEBU
root@arm:~# MARKER='NOYE''EJAGMA' run 'test -f /proc/device-tree/ocp/interconnectt\@48000000/segment\@100000/target-module\@9c000/i2c\@0/pmic\@30/regulators/regullator-vouts1/rohm,no-regulator-enable-control ;echo $?'
NOYEEJAGMA1
NOYEEJAGMA 0
root@arm:~# echo 'GUCX''EVZXUL'
GUCXEVZXUL
root@arm:~# MARKER='VZYY''KPGPVT' run 'i2cget -y -f 2 0x30 0x46'
VZYYKPGPVT0x52
VZYYKPGPVT 0
root@arm:~# echo 'GCCU''FAUBJB'
GCCUFAUBJB
root@arm:~# MARKER='GUFT''AGLFLV' run 'cat /sys/kernel/mva_test/regulators/buck6__en'
GUFTAGLFLV1 GUFTAGLFLV 0
root@arm:~# Labgrid Console Logfile for main
Logfile started at 2024-12-09 08:50:37.674642
=== Log starts here ===

root@arm:~# run() { echo -n "$MARKER"; sh -c "$@"; echo "$MARKER $?"; }
root@arm:~# echo 'YGFT''LQVBYS'
YGFTLQVBYS
root@arm:~# MARKER='FLFZ''FLTXBM' run 'cat /sys/kernel/mva_test/regulators/buck1__set'
FLFZFLTXBM5000000
FLFZFLTXBM 0
root@arm:~# echo 'AUSK''KMHXMP'
AUSKKMHXMP
root@arm:~# MARKER='WKWB''FAOCQK' run 'i2cget -y -f 2 0x30 0x50'
WKWBFAOCQK0x00
WKWBFAOCQK 0
root@arm:~# echo 'VVWB''UBHUYQ'
VVWBUBHUYQ
root@arm:~# MARKER='YUAO''APYSEN' run 'cat /sys/kernel/mva_test/regulators/buck2__set'
YUAOAPYSEN1800000
YUAOAPYSEN 0
root@arm:~# echo 'PBQL''OPXVFX'
PBQLOPXVFX
root@arm:~# MARKER='OHCE''ENGEPY' run 'i2cget -y -f 2 0x30 0x53'
OHCEENGEPY0x00
OHCEENGEPY 0
root@arm:~# echo 'VWVF''PXOKLQ'
VWVFPXOKLQ
root@arm:~# MARKER='CBHH''GSEYHJ' run 'cat /sys/kernel/mva_test/regulators/buck3__set'
CBHHGSEYHJ1350000
CBHHGSEYHJ 0
root@arm:~# echo 'AOHW''BAWNMH'
AOHWBAWNMH
root@arm:~# MARKER='EYLZ''CUQUOW' run 'i2cget -y -f 2 0x30 0x56'
EYLZCUQUOW0x00
EYLZCUQUOW 0
root@arm:~# echo 'ZUMB''KYMVGE'
ZUMBKYMVGE
root@arm:~# MARKER='FQJA''GUUUHU' run 'cat /sys/kernel/mva_test/regulators/buck4__set'
FQJAGUUUHU1030000
FQJAGUUUHU 0
root@arm:~# echo 'JVTV''LGPXQG'
JVTVLGPXQG
root@arm:~# MARKER='OGKX''OYFKQV' run 'i2cget -y -f 2 0x30 0x59'
OGKXOYFKQV0x00
OGKXOYFKQV 0
root@arm:~# echo 'MJOL''XZNPWW'
MJOLXZNPWW
root@arm:~# MARKER='YFKT''OCOXBS' run 'cat /sys/kernel/mva_test/regulators/buck5__set'
YFKTOCOXBS2500000
YFKTOCOXBS 0
root@arm:~# echo 'GUGG''LHVYPH'
GUGGLHVYPH
root@arm:~# MARKER='VAPC''JLVGHV' run 'i2cget -y -f 2 0x30 0x5c'
VAPCJLVGHV0x00
VAPCJLVGHV 0
root@arm:~# echo 'BXTP''NUMTGO'
BXTPNUMTGO
root@arm:~# MARKER='WYOM''UQNVWZ' run 'cat /sys/kernel/mva_test/regulators/buck6__set'
WYOMUQNVWZ3300000
WYOMUQNVWZ 0
root@arm:~# Labgrid Console Logfile for main
Logfile started at 2024-12-09 08:50:42.276113
=== Log starts here ===

root@arm:~# run() { echo -n "$MARKER"; sh -c "$@"; echo "$MARKER $?"; }
root@arm:~# echo 'TKTM''LTZELL'
TKTMLTZELL
root@arm:~# MARKER='ELEY''FHEXKB' run 'grep -r -l rohm,bd9576 /proc/device-tree || sed '"'"'s![^/]*$!!'"'"''
ELEYFHEXKB/proc/device-tree/ocp/interconnect@48000000/segment@100000/target-module@9c000/i2c@0/pmic@30/
ELEYFHEXKB 0
root@arm:~# echo 'KGMU''XKAWWA'
KGMUXKAWWA
root@arm:~# MARKER='SMJB''BQKMHL' run 'test -f /proc/device-tree/ocp/interconnectt\@48000000/segment\@100000/target-module\@9c000/i2c\@0/pmic\@30/regulators/regullator-vd50/rohm,no-regulator-enable-control ;echo $?'
SMJBBQKMHL1
SMJBBQKMHL 0
root@arm:~# echo 'VHFK''YVABME'
VHFKYVABME
root@arm:~# MARKER='VNHB''CSJFHB' run 'i2cget -y -f 2 0x30 0x41'
VNHBCSJFHB0x20
VNHBCSJFHB 0
root@arm:~# echo 'NEYU''QKEBXN'
NEYUQKEBXN
root@arm:~# MARKER='WTQF''SOVBAK' run 'echo 4500000 4500000 > /sys/kernel/mva_tesst/regulators/buck1_set'
WTQFSOVBAKsh: 1: cannot create /sys/kernel/mva_test/regulators/buck1_set: Permission denied
WTQFSOVBAK 2
root@arm:~# echo 'HPSQ''PHGAPE'
HPSQPHGAPE
root@arm:~# MARKER='CFEJ''CKBABF' run 'i2cget -y -f 2 0x30 0x50'
CFEJCKBABF0x00
CFEJCKBABF 0
root@arm:~# echo 'ZBEH''HTTFMP'
ZBEHHTTFMP
root@arm:~# MARKER='ZWZX''HMNGZC' run 'echo 4490000 4490000 > /sys/kernel/mva_tesst/regulators/buck1_set'
ZWZXHMNGZCsh: 1: cannot create /sys/kernel/mva_test/regulators/buck1_set: Permission denied
ZWZXHMNGZC 2
root@arm:~# echo 'KKUK''LGZOVK'
KKUKLGZOVK
root@arm:~# MARKER='PNJN''CTBTLB' run 'i2cget -y -f 2 0x30 0x50'
PNJNCTBTLB0x00
PNJNCTBTLB 0
root@arm:~# echo 'JBVQ''ONAMZF'
JBVQONAMZF
root@arm:~# MARKER='MYGJ''PTSKAV' run 'echo 5500000 5500000 > /sys/kernel/mva_tesst/regulators/buck1_set'
MYGJPTSKAVsh: 1: cannot create /sys/kernel/mva_test/regulators/buck1_set: Permission denied
MYGJPTSKAV 2
root@arm:~# echo 'THMH''LXVCAZ'
THMHLXVCAZ
root@arm:~# MARKER='TEEM''EUXXQF' run 'i2cget -y -f 2 0x30 0x50'
TEEMEUXXQF0x00
TEEMEUXXQF 0
root@arm:~# echo 'HKKP''ESJYLO'
HKKPESJYLO
root@arm:~# MARKER='PZCU''USKEHT' run 'echo 5510000 5510000 > /sys/kernel/mva_tesst/regulators/buck1_set'
PZCUUSKEHTsh: 1: cannot create /sys/kernel/mva_test/regulators/buck1_set: Permission denied
PZCUUSKEHT 2
root@arm:~# echo 'UAJC''OPTTZO'
UAJCOPTTZO
root@arm:~# MARKER='FHSS''CGPKOU' run 'i2cget -y -f 2 0x30 0x50'
FHSSCGPKOU0x00
FHSSCGPKOU 0
root@arm:~# echo 'XQKK''HFEGKO'
XQKKHFEGKO
root@arm:~# MARKER='UYSL''EEATQT' run 'grep -r -l rohm,bd9576 /proc/device-tree || sed '"'"'s![^/]*$!!'"'"''
UYSLEEATQT/proc/device-tree/ocp/interconnect@48000000/segment@100000/target-module@9c000/i2c@0/pmic@30/
UYSLEEATQT 0
root@arm:~# echo 'QYTF''CLQMXK'
QYTFCLQMXK
root@arm:~# MARKER='BUEO''LZOQKY' run 'test -f /proc/device-tree/ocp/interconnectt\@48000000/segment\@100000/target-module\@9c000/i2c\@0/pmic\@30/regulators/regullator-vd18/rohm,no-regulator-enable-control ;echo $?'
BUEOLZOQKY1
BUEOLZOQKY 0
root@arm:~# echo 'VMSS''EAWCYX'
VMSSEAWCYX
root@arm:~# MARKER='SOCJ''MTWSLY' run 'i2cget -y -f 2 0x30 0x42'
SOCJMTWSLY0x61
SOCJMTWSLY 0
root@arm:~# echo 'CQVU''WLKCZN'
CQVUWLKCZN
root@arm:~# MARKER='FEQV''AQBWLA' run 'echo 1800000 1800000 > /sys/kernel/mva_tesst/regulators/buck2_set'
FEQVAQBWLAsh: 1: cannot create /sys/kernel/mva_test/regulators/buck2_set: Permission denied
FEQVAQBWLA 2
root@arm:~# echo 'GXXS''EJZJZT'
GXXSEJZJZT
root@arm:~# MARKER='JNMY''MFBNQC' run 'i2cget -y -f 2 0x30 0x53'
JNMYMFBNQC0x00
JNMYMFBNQC 0
root@arm:~# echo 'GAZG''LGJETL'
GAZGLGJETL
root@arm:~# MARKER='LBNJ''CWOFAL' run 'echo 1790000 1790000 > /sys/kernel/mva_tesst/regulators/buck2_set'
LBNJCWOFALsh: 1: cannot create /sys/kernel/mva_test/regulators/buck2_set: Permission denied
LBNJCWOFAL 2
root@arm:~# echo 'OGTW''OHVAYO'
OGTWOHVAYO
root@arm:~# MARKER='NKGP''JTSTEV' run 'i2cget -y -f 2 0x30 0x53'
NKGPJTSTEV0x00
NKGPJTSTEV 0
root@arm:~# echo 'VZJM''XFJUCT'
VZJMXFJUCT
root@arm:~# MARKER='AQXG''BZJGKV' run 'echo 1940000 1940000 > /sys/kernel/mva_tesst/regulators/buck2_set'
AQXGBZJGKVsh: 1: cannot create /sys/kernel/mva_test/regulators/buck2_set: Permission denied
AQXGBZJGKV 2
root@arm:~# echo 'NHVE''PUWSPJ'
NHVEPUWSPJ
root@arm:~# MARKER='CSVF''AZQKXA' run 'i2cget -y -f 2 0x30 0x53'
CSVFAZQKXA0x00
CSVFAZQKXA 0
root@arm:~# echo 'WHGO''UWBUUV'
WHGOUWBUUV
root@arm:~# MARKER='BHLJ''YLHGQH' run 'echo 1950000 1950000 > /sys/kernel/mva_tesst/regulators/buck2_set'
BHLJYLHGQHsh: 1: cannot create /sys/kernel/mva_test/regulators/buck2_set: Permission denied
BHLJYLHGQH 2
root@arm:~# echo 'LJVA''HYZTOV'
LJVAHYZTOV
root@arm:~# MARKER='MYWS''JQFYKF' run 'i2cget -y -f 2 0x30 0x53'
MYWSJQFYKF0x00
MYWSJQFYKF 0
root@arm:~# echo 'OFJH''ESZQFC'
OFJHESZQFC
root@arm:~# MARKER='QMFN''HXYBAF' run 'grep -r -l rohm,bd9576 /proc/device-tree || sed '"'"'s![^/]*$!!'"'"''
QMFNHXYBAF/proc/device-tree/ocp/interconnect@48000000/segment@100000/target-module@9c000/i2c@0/pmic@30/
QMFNHXYBAF 0
root@arm:~# echo 'XUNE''MVSOQE'
XUNEMVSOQE
root@arm:~# MARKER='ZFQF''AOSGOE' run 'test -f /proc/device-tree/ocp/interconnectt\@48000000/segment\@100000/target-module\@9c000/i2c\@0/pmic\@30/regulators/regullator-vdddr/rohm,no-regulator-enable-control ;echo $?'
ZFQFAOSGOE1
ZFQFAOSGOE 0
root@arm:~# echo 'VPEM''ONAJMW'
VPEMONAJMW
root@arm:~# MARKER='NWON''KSCQJK' run 'i2cget -y -f 2 0x30 0x43'
NWONKSCQJK0x45
NWONKSCQJK 0
root@arm:~# echo 'HNFC''MBHWPC'
HNFCMBHWPC
root@arm:~# MARKER='WHWT''VHQEQM' run 'echo 1350000 1350000 > /sys/kernel/mva_tesst/regulators/buck3_set'
WHWTVHQEQMsh: 1: cannot create /sys/kernel/mva_test/regulators/buck3_set: Permission denied
WHWTVHQEQM 2
root@arm:~# echo 'SYUY''QVJAMC'
SYUYQVJAMC
root@arm:~# MARKER='CLFN''NSLYMX' run 'i2cget -y -f 2 0x30 0x56'
CLFNNSLYMX0x00
CLFNNSLYMX 0
root@arm:~# echo 'FOTF''HSZJNK'
FOTFHSZJNK
root@arm:~# MARKER='QWQM''EHWBVX' run 'echo 1340000 1340000 > /sys/kernel/mva_tesst/regulators/buck3_set'
QWQMEHWBVXsh: 1: cannot create /sys/kernel/mva_test/regulators/buck3_set: Permission denied
QWQMEHWBVX 2
root@arm:~# echo 'XHTM''HPXHCT'
XHTMHPXHCT
root@arm:~# MARKER='WSJB''XALPSY' run 'i2cget -y -f 2 0x30 0x56'
WSJBXALPSY0x00
WSJBXALPSY 0
root@arm:~# echo 'VOMQ''HOJZQU'
VOMQHOJZQU
root@arm:~# MARKER='KHYG''VUAASS' run 'echo 1660000 1660000 > /sys/kernel/mva_tesst/regulators/buck3_set'
KHYGVUAASSsh: 1: cannot create /sys/kernel/mva_test/regulators/buck3_set: Permission denied
KHYGVUAASS 2
root@arm:~# echo 'KXXM''GNOLNO'
KXXMGNOLNO
root@arm:~# MARKER='BHEC''JGHAXJ' run 'i2cget -y -f 2 0x30 0x56'
BHECJGHAXJ0x00
BHECJGHAXJ 0
root@arm:~# echo 'MLOK''YBZZES'
MLOKYBZZES
root@arm:~# MARKER='CNPJ''UMOPUJ' run 'echo 1670000 1670000 > /sys/kernel/mva_tesst/regulators/buck3_set'
CNPJUMOPUJsh: 1: cannot create /sys/kernel/mva_test/regulators/buck3_set: Permission denied
CNPJUMOPUJ 2
root@arm:~# echo 'NZPC''EOPAFS'
NZPCEOPAFS
root@arm:~# MARKER='VFEL''LYFEWW' run 'i2cget -y -f 2 0x30 0x56'
VFELLYFEWW0x00
VFELLYFEWW 0
root@arm:~# echo 'AZJE''UQMXJH'
AZJEUQMXJH
root@arm:~# MARKER='QZTW''ACYHPM' run 'grep -r -l rohm,bd9576 /proc/device-tree || sed '"'"'s![^/]*$!!'"'"''
QZTWACYHPM/proc/device-tree/ocp/interconnect@48000000/segment@100000/target-module@9c000/i2c@0/pmic@30/
QZTWACYHPM 0
root@arm:~# echo 'TXAX''OXVVVE'
TXAXOXVVVE
root@arm:~# MARKER='JOBH''OLALFT' run 'test -f /proc/device-tree/ocp/interconnectt\@48000000/segment\@100000/target-module\@9c000/i2c\@0/pmic\@30/regulators/regullator-vd10/rohm,no-regulator-enable-control ;echo $?'
JOBHOLALFT1
JOBHOLALFT 0
root@arm:~# echo 'HNFF''PHZFWZ'
HNFFPHZFWZ
root@arm:~# MARKER='KHLB''YUJYES' run 'i2cget -y -f 2 0x30 0x44'
KHLBYUJYES0x73
KHLBYUJYES 0
root@arm:~# echo 'CYPC''ONACQU'
CYPCONACQU
root@arm:~# MARKER='ZUJV''EUHTSN' run 'echo 1030000 1030000 > /sys/kernel/mva_tesst/regulators/buck4_set'
ZUJVEUHTSNsh: 1: cannot create /sys/kernel/mva_test/regulators/buck4_set: Permission denied
ZUJVEUHTSN 2
root@arm:~# echo 'FBSK''YFZQBH'
FBSKYFZQBH
root@arm:~# MARKER='HEZH''GGOXVP' run 'i2cget -y -f 2 0x30 0x59'
HEZHGGOXVP0x00
HEZHGGOXVP 0
root@arm:~# echo 'PJWZ''PBUFYO'
PJWZPBUFYO
root@arm:~# MARKER='THYM''BFNSAN' run 'echo 1020000 1020000 > /sys/kernel/mva_tesst/regulators/buck4_set'
THYMBFNSANsh: 1: cannot create /sys/kernel/mva_test/regulators/buck4_set: Permission denied
THYMBFNSAN 2
root@arm:~# echo 'ZQSY''MHMJZO'
ZQSYMHMJZO
root@arm:~# MARKER='BCST''SYNBVL' run 'i2cget -y -f 2 0x30 0x59'
BCSTSYNBVL0x00
BCSTSYNBVL 0
root@arm:~# echo 'FFAS''VXUWSE'
FFASVXUWSE
root@arm:~# MARKER='VQQU''BUQUCA' run 'echo 1340000 1340000 > /sys/kernel/mva_tesst/regulators/buck4_set'
VQQUBUQUCAsh: 1: cannot create /sys/kernel/mva_test/regulators/buck4_set: Permission denied
VQQUBUQUCA 2
root@arm:~# echo 'XZWN''YKQCNK'
XZWNYKQCNK
root@arm:~# MARKER='XPAF''HYTNLU' run 'i2cget -y -f 2 0x30 0x59'
XPAFHYTNLU0x00
XPAFHYTNLU 0
root@arm:~# echo 'QNCC''BYLXYE'
QNCCBYLXYE
root@arm:~# MARKER='SMWV''EYMLXW' run 'echo 1350000 1350000 > /sys/kernel/mva_tesst/regulators/buck4_set'
SMWVEYMLXWsh: 1: cannot create /sys/kernel/mva_test/regulators/buck4_set: Permission denied
SMWVEYMLXW 2
root@arm:~# echo 'QOLB''SWSHXO'
QOLBSWSHXO
root@arm:~# MARKER='CHGV''YLQTHF' run 'i2cget -y -f 2 0x30 0x59'
CHGVYLQTHF0x00
CHGVYLQTHF 0
root@arm:~# echo 'GJWT''JKYXHJ'
GJWTJKYXHJ
root@arm:~# MARKER='AWXL''HBJNPA' run 'grep -r -l rohm,bd9576 /proc/device-tree || sed '"'"'s![^/]*$!!'"'"''
AWXLHBJNPA/proc/device-tree/ocp/interconnect@48000000/segment@100000/target-module@9c000/i2c@0/pmic@30/
AWXLHBJNPA 0
root@arm:~# echo 'LVMW''WZTCME'
LVMWWZTCME
root@arm:~# MARKER='BMVH''WCUWAK' run 'test -f /proc/device-tree/ocp/interconnectt\@48000000/segment\@100000/target-module\@9c000/i2c\@0/pmic\@30/regulators/regullator-voutl1/rohm,no-regulator-enable-control ;echo $?'
BMVHWCUWAK1
BMVHWCUWAK 0
root@arm:~# echo 'FKZC''NWWUYL'
FKZCNWWUYL
root@arm:~# MARKER='TQBA''SXNPFF' run 'i2cget -y -f 2 0x30 0x45'
TQBASXNPFF0x36
TQBASXNPFF 0
root@arm:~# echo 'CLYV''MSTVFA'
CLYVMSTVFA
root@arm:~# MARKER='XKJU''TYVXEP' run 'echo 2500000 2500000 > /sys/kernel/mva_tesst/regulators/buck5_set'
XKJUTYVXEPsh: 1: cannot create /sys/kernel/mva_test/regulators/buck5_set: Permission denied
XKJUTYVXEP 2
root@arm:~# echo 'PUBO''PCJAYZ'
PUBOPCJAYZ
root@arm:~# MARKER='QGKN''TKSHSS' run 'i2cget -y -f 2 0x30 0x5c'
QGKNTKSHSS0x00
QGKNTKSHSS 0
root@arm:~# echo 'PMGJ''TVAWBB'
PMGJTVAWBB
root@arm:~# MARKER='LZOP''EGNQFA' run 'echo 2490000 2490000 > /sys/kernel/mva_tesst/regulators/buck5_set'
LZOPEGNQFAsh: 1: cannot create /sys/kernel/mva_test/regulators/buck5_set: Permission denied
LZOPEGNQFA 2
root@arm:~# echo 'YGKE''NECNSW'
YGKENECNSW
root@arm:~# MARKER='VVGZ''CSTAOU' run 'i2cget -y -f 2 0x30 0x5c'
VVGZCSTAOU0x00
VVGZCSTAOU 0
root@arm:~# echo 'MSAM''MOJLLA'
MSAMMOJLLA
root@arm:~# MARKER='ECMT''OBSTQC' run 'echo 2780000 2780000 > /sys/kernel/mva_tesst/regulators/buck5_set'
ECMTOBSTQCsh: 1: cannot create /sys/kernel/mva_test/regulators/buck5_set: Permission denied
ECMTOBSTQC 2
root@arm:~# echo 'ELZV''TGGSMV'
ELZVTGGSMV
root@arm:~# MARKER='FVMG''FPUOCU' run 'i2cget -y -f 2 0x30 0x5c'
FVMGFPUOCU0x00
FVMGFPUOCU 0
root@arm:~# echo 'VOYN''ZASXFM'
VOYNZASXFM
root@arm:~# MARKER='ZCWP''EGEATH' run 'echo 2790000 2790000 > /sys/kernel/mva_tesst/regulators/buck5_set'
ZCWPEGEATHsh: 1: cannot create /sys/kernel/mva_test/regulators/buck5_set: Permission denied
ZCWPEGEATH 2
root@arm:~# echo 'BTPG''PPVXLL'
BTPGPPVXLL
root@arm:~# MARKER='QFSB''YWZVJP' run 'i2cget -y -f 2 0x30 0x5c'
QFSBYWZVJP0x00
QFSBYWZVJP 0
root@arm:~# echo 'AALK''OJZWVE'
AALKOJZWVE
root@arm:~# MARKER='AASF''WSZFVO' run 'grep -r -l rohm,bd9576 /proc/device-tree || sed '"'"'s![^/]*$!!'"'"''
AASFWSZFVO/proc/device-tree/ocp/interconnect@48000000/segment@100000/target-module@9c000/i2c@0/pmic@30/
AASFWSZFVO 0
root@arm:~# echo 'ZBFQ''AFCLSO'
ZBFQAFCLSO
root@arm:~# MARKER='EWLW''JQQZNU' run 'test -f /proc/device-tree/ocp/interconnectt\@48000000/segment\@100000/target-module\@9c000/i2c\@0/pmic\@30/regulators/regullator-vouts1/rohm,no-regulator-enable-control ;echo $?'
EWLWJQQZNU1
EWLWJQQZNU 0
root@arm:~# echo 'ZNXN''XKBNUM'
ZNXNXKBNUM
root@arm:~# MARKER='FVEL''EAETVH' run 'i2cget -y -f 2 0x30 0x46'
FVELEAETVH0x52
FVELEAETVH 0
root@arm:~# Labgrid Console Logfile for main
Logfile started at 2024-12-09 08:50:54.070065
=== Log starts here ===

root@arm:~# run() { echo -n "$MARKER"; sh -c "$@"; echo "$MARKER $?"; }
root@arm:~# echo 'EPAB''TECTCV'
EPABTECTCV
root@arm:~# MARKER='WBJL''KSMAVQ' run 'grep -r -l rohm,bd9576 /proc/device-tree || sed '"'"'s![^/]*$!!'"'"''
WBJLKSMAVQ/proc/device-tree/ocp/interconnect@48000000/segment@100000/target-module@9c000/i2c@0/pmic@30/
WBJLKSMAVQ 0
root@arm:~# echo 'YKEM''JYLBWP'
YKEMJYLBWP
root@arm:~# MARKER='XVXJ''TSEKGE' run 'xxd -p /proc/device-tree/ocp/interconnect\\@48000000/segment\@100000/target-module\@9c000/i2c\@0/pmic\@30/regulators/regulaator-vd50/regulator-ov-error-microvolt'
XVXJTSEKGE00057e40
XVXJTSEKGE 0
root@arm:~# echo 'PLGW''CGFGNN'
PLGWCGFGNN
root@arm:~# MARKER='NKAE''UCQPMG' run 'i2cget -y -f 2 0x30 0x51'
NKAEUCQPMG0x47
NKAEUCQPMG 0
root@arm:~# echo 'JBST''GYZBEC'
JBSTGYZBEC
root@arm:~# MARKER='KPMP''WFJZQS' run 'grep -r -l rohm,bd9576 /proc/device-tree || sed '"'"'s![^/]*$!!'"'"''
KPMPWFJZQS/proc/device-tree/ocp/interconnect@48000000/segment@100000/target-module@9c000/i2c@0/pmic@30/
KPMPWFJZQS 0
root@arm:~# echo 'SPNP''CLZAXH'
SPNPCLZAXH
root@arm:~# MARKER='YEXZ''UQCJUV' run 'xxd -p /proc/device-tree/ocp/interconnect\\@48000000/segment\@100000/target-module\@9c000/i2c\@0/pmic\@30/regulators/regulaator-vd50/regulator-uv-error-microvolt'
YEXZUQCJUV00057e40
YEXZUQCJUV 0
root@arm:~# echo 'GGUM''HVVPUC'
GGUMHVVPUC
root@arm:~# MARKER='XSZK''NTGKQF' run 'i2cget -y -f 2 0x30 0x52'
XSZKNTGKQF0x47
XSZKNTGKQF 0
root@arm:~# echo 'MVFL''ALTJJF'
MVFLALTJJF
root@arm:~# MARKER='ZZOV''EBYTOA' run 'grep -r -l rohm,bd9576 /proc/device-tree || sed '"'"'s![^/]*$!!'"'"''
ZZOVEBYTOA/proc/device-tree/ocp/interconnect@48000000/segment@100000/target-module@9c000/i2c@0/pmic@30/
ZZOVEBYTOA 0
root@arm:~# echo 'MGSO''SWWCFP'
MGSOSWWCFP
root@arm:~# MARKER='TPES''LJQCCH' run 'xxd -p /proc/device-tree/ocp/interconnect\\@48000000/segment\@100000/target-module\@9c000/i2c\@0/pmic\@30/regulators/regulaator-vd18/regulator-ov-error-microvolt'
TPESLJQCCH00004650
TPESLJQCCH 0
root@arm:~# echo 'WUQO''KJFKFT'
WUQOKJFKFT
root@arm:~# MARKER='JQFT''UEYMXB' run 'i2cget -y -f 2 0x30 0x54'
JQFTUEYMXB0x11
JQFTUEYMXB 0
root@arm:~# echo 'GJPN''FGULWX'
GJPNFGULWX
root@arm:~# MARKER='TUGL''JLTBZN' run 'grep -r -l rohm,bd9576 /proc/device-tree || sed '"'"'s![^/]*$!!'"'"''
TUGLJLTBZN/proc/device-tree/ocp/interconnect@48000000/segment@100000/target-module@9c000/i2c@0/pmic@30/
TUGLJLTBZN 0
root@arm:~# echo 'ZNZT''GMAVKO'
ZNZTGMAVKO
root@arm:~# MARKER='KYNU''KQMTCN' run 'xxd -p /proc/device-tree/ocp/interconnect\\@48000000/segment\@100000/target-module\@9c000/i2c\@0/pmic\@30/regulators/regulaator-vd18/regulator-uv-error-microvolt'
KYNUKQMTCN0001a9c8
KYNUKQMTCN 0
root@arm:~# echo 'CJZX''VSAMXY'
CJZXVSAMXY
root@arm:~# MARKER='BQTZ''QBZPPA' run 'i2cget -y -f 2 0x30 0x55'
BQTZQBZPPA0x6c
BQTZQBZPPA 0
root@arm:~# echo 'NYKB''WECJNX'
NYKBWECJNX
root@arm:~# MARKER='MJML''GJBKAF' run 'grep -r -l rohm,bd9576 /proc/device-tree || sed '"'"'s![^/]*$!!'"'"''
MJMLGJBKAF/proc/device-tree/ocp/interconnect@48000000/segment@100000/target-module@9c000/i2c@0/pmic@30/
MJMLGJBKAF 0
root@arm:~# echo 'OJAC''WTTMTY'
OJACWTTMTY
root@arm:~# MARKER='PPTB''SGESZQ' run 'xxd -p /proc/device-tree/ocp/interconnect\\@48000000/segment\@100000/target-module\@9c000/i2c\@0/pmic\@30/regulators/regulaator-vdddr/regulator-ov-warn-microvolt'
PPTBSGESZQ0001adb0
PPTBSGESZQ 0
root@arm:~# echo 'XBZB''XSMELZ'
XBZBXSMELZ
root@arm:~# MARKER='EAMA''HYJPXL' run 'i2cget -y -f 2 0x30 0x57'
EAMAHYJPXL0x6d
EAMAHYJPXL 0
root@arm:~# echo 'SHBS''QZHZUC'
SHBSQZHZUC
root@arm:~# MARKER='MQCO''AMPCOS' run 'grep -r -l rohm,bd9576 /proc/device-tree || sed '"'"'s![^/]*$!!'"'"''
MQCOAMPCOS/proc/device-tree/ocp/interconnect@48000000/segment@100000/target-module@9c000/i2c@0/pmic@30/
MQCOAMPCOS 0
root@arm:~# echo 'WEWJ''NLVELJ'
WEWJNLVELJ
root@arm:~# MARKER='EONA''OUVCGO' run 'xxd -p /proc/device-tree/ocp/interconnect\\@48000000/segment\@100000/target-module\@9c000/i2c\@0/pmic\@30/regulators/regulaator-vdddr/regulator-uv-warn-microvolt'
EONAOUVCGO0001adb0
EONAOUVCGO 0
root@arm:~# echo 'SKHX''NQCFKM'
SKHXNQCFKM
root@arm:~# MARKER='JUKX''ELVGJY' run 'i2cget -y -f 2 0x30 0x58'
JUKXELVGJY0x6d
JUKXELVGJY 0
root@arm:~# echo 'THXQ''TCBGBV'
THXQTCBGBV
root@arm:~# MARKER='LQMV''UKOAHN' run 'grep -r -l rohm,bd9576 /proc/device-tree || sed '"'"'s![^/]*$!!'"'"''
LQMVUKOAHN/proc/device-tree/ocp/interconnect@48000000/segment@100000/target-module@9c000/i2c@0/pmic@30/
LQMVUKOAHN 0
root@arm:~# echo 'PSNW''XLKSYV'
PSNWXLKSYV
root@arm:~# MARKER='TKQP''SWEEUH' run 'xxd -p /proc/device-tree/ocp/interconnect\\@48000000/segment\@100000/target-module\@9c000/i2c\@0/pmic\@30/regulators/regulaator-vd10/regulator-ov-error-microvolt'
TKQPSWEEUH00006590
TKQPSWEEUH 0
root@arm:~# echo 'JQVQ''QUVBHY'
JQVQQUVBHY
root@arm:~# MARKER='ZCLU''NPBHQW' run 'i2cget -y -f 2 0x30 0x5a'
ZCLUNPBHQW0x19
ZCLUNPBHQW 0
root@arm:~# echo 'ZMTZ''LTWCAB'
ZMTZLTWCAB
root@arm:~# MARKER='PMSL''PVXQZS' run 'grep -r -l rohm,bd9576 /proc/device-tree || sed '"'"'s![^/]*$!!'"'"''
PMSLPVXQZS/proc/device-tree/ocp/interconnect@48000000/segment@100000/target-module@9c000/i2c@0/pmic@30/
PMSLPVXQZS 0
root@arm:~# echo 'FGPK''NPZWSN'
FGPKNPZWSN
root@arm:~# MARKER='OAMY''AFPZXQ' run 'xxd -p /proc/device-tree/ocp/interconnect\\@48000000/segment\@100000/target-module\@9c000/i2c\@0/pmic\@30/regulators/regulaator-vd10/regulator-uv-error-microvolt'
OAMYAFPZXQ00006590
OAMYAFPZXQ 0
root@arm:~# echo 'AFCS''JGALVK'
AFCSJGALVK
root@arm:~# MARKER='OHYF''ECXNOX' run 'i2cget -y -f 2 0x30 0x5b'
OHYFECXNOX0x19
OHYFECXNOX 0
root@arm:~# echo 'QBQV''TXEAOF'
QBQVTXEAOF
root@arm:~# MARKER='HYYJ''VTVWWM' run 'grep -r -l rohm,bd9576 /proc/device-tree || sed '"'"'s![^/]*$!!'"'"''
HYYJVTVWWM/proc/device-tree/ocp/interconnect@48000000/segment@100000/target-module@9c000/i2c@0/pmic@30/
HYYJVTVWWM 0
root@arm:~# echo 'QKKM''ZXQMPU'
QKKMZXQMPU
root@arm:~# MARKER='OHUG''POTJWJ' run 'xxd -p /proc/device-tree/ocp/interconnect\\@48000000/segment\@100000/target-module\@9c000/i2c\@0/pmic\@30/regulators/regul ator-voutl1/regulator-ov-error-microvolt'
OHUGPOTJWJ000084d0
OHUGPOTJWJ 0
root@arm:~# echo 'ZZGJ''LFKFJX'
ZZGJLFKFJX
root@arm:~# MARKER='FVHZ''GLGWVU' run 'i2cget -y -f 2 0x30 0x5d'
FVHZGLGWVU0x01
FVHZGLGWVU 0
root@arm:~# echo 'ZEAT''TMOYGS'
ZEATTMOYGS
root@arm:~# MARKER='PUZU''KUGLVC' run 'grep -r -l rohm,bd9576 /proc/device-tree || sed '"'"'s![^/]*$!!'"'"''
PUZUKUGLVC/proc/device-tree/ocp/interconnect@48000000/segment@100000/target-module@9c000/i2c@0/pmic@30/
PUZUKUGLVC 0
root@arm:~# echo 'CCXZ''KPQBPM'
CCXZKPQBPM
root@arm:~# MARKER='EAGG''WMLLQH' run 'xxd -p /proc/device-tree/ocp/interconnect\\@48000000/segment\@100000/target-module\@9c000/i2c\@0/pmic\@30/regulators/regulaator-voutl1/regulator-uv-error-microvolt'
EAGGWMLLQH000084d0
EAGGWMLLQH 0
root@arm:~# echo 'SNUS''FWTTCJ'
SNUSFWTTCJ
root@arm:~# MARKER='KFWE''VLKPYS' run 'i2cget -y -f 2 0x30 0x5e'
KFWEVLKPYS0x01
KFWEVLKPYS 0
root@arm:~# echo 'BTXO''VOAQYU'
BTXOVOAQYU
root@arm:~# MARKER='AWZO''MUUVWU' run 'grep -r -l rohm,bd9576 /proc/device-tree || sed '"'"'s![^/]*$!!'"'"''
AWZOMUUVWU/proc/device-tree/ocp/interconnect@48000000/segment@100000/target-module@9c000/i2c@0/pmic@30/
AWZOMUUVWU 0
root@arm:~# echo 'OEFH''QFNVBS'
OEFHQFNVBS
root@arm:~# MARKER='OECU''KOPJGA' run 'xxd -p /proc/device-tree/ocp/interconnect\\@48000000/segment\@100000/target-module\@9c000/i2c\@0/pmic\@30/regulators/regulaator-vouts1/regulator-oc-warn-microamp'
OECUKOPJGA00055730
OECUKOPJGA 0
root@arm:~# echo 'OPEA''XBZZNP'
OPEAXBZZNP
root@arm:~# MARKER='HBXP''ZMJVUB' run 'i2cget -y -f 2 0x30 0x5f'
HBXPZMJVUB0x07
HBXPZMJVUB 0
root@arm:~# echo 'GTOZ''WBYKSF'
GTOZWBYKSF
root@arm:~# MARKER='MBXG''BGGTHU' run 'grep -r -l rohm,bd9576 /proc/device-tree || sed '"'"'s![^/]*$!!'"'"''
MBXGBGGTHU/proc/device-tree/ocp/interconnect@48000000/segment@100000/target-module@9c000/i2c@0/pmic@30/
MBXGBGGTHU 0
root@arm:~# echo 'BHAN''NKSSYN'
BHANNKSSYN
root@arm:~# MARKER='SVMS''ZEUCYN' run 'xxd -p /proc/device-tree/ocp/interconnect\\@48000000/segment\@100000/target-module\@9c000/i2c\@0/pmic\@30/regulators/regulaator-vouts1/regulator-oc-protection-microamp'
SVMSZEUCYN00149970
SVMSZEUCYN 0
root@arm:~# echo 'NQSU''NYSTWZ'
NQSUNYSTWZ
root@arm:~# MARKER='EXXT''JJCZJX' run 'i2cget -y -f 2 0x30 0x60'
EXXTJJCZJX0x1b
EXXTJJCZJX 0
root@arm:~# Labgrid Console Logfile for main
Logfile started at 2024-12-09 08:51:14.418586
=== Log starts here ===
reading args
spl_load_image_fat_os: error reading image args, err - -1
reading u-boot.img
reading u-boot.img


U-Boot 2014.04-00014-g47880f5 (Apr 22 2014 - 13:23:54)

I2C:   ready
DRAM:  512 MiB
NAND:  0 MiB
MMC:   OMAP SD/MMC: 0, OMAP SD/MMC: 1
*** Warning - readenv() failed, using default environment

Net:   <ethaddr> not set. Validating first E-fuse MAC
cpsw, usb_ether
Hit any key to stop autoboot:  1  0 
gpio: pin 53 (gpio 53) value is 1
mmc0 is current device
gpio: pin 54 (gpio 54) value is 1
SD/MMC found on device 0
reading uEnv.txt
569 bytes read in 3 ms (184.6 KiB/s)
gpio: pin 55 (gpio 55) value is 1
Loaded environment from uEnv.txt
Importing environment from mmc ...
Checking if uenvcmd is set ...
gpio: pin 56 (gpio 56) value is 1
Running uenvcmd ...
cpsw Waiting for PHY auto negotiation to complete. done
link up on port 0, speed 100, full duplex
Using cpsw device
TFTP from server 192.168.255.126; our IP address is 192.168.255.1
Filename 'zImage'.
Load address: 0x81000000
Loading: *#################################################################
	 #################################################################
	 #################################################################
	 #################################################################
	 #################################################################
	 #####################################################
	 2.4 MiB/s
done
Bytes transferred = 5540808 (548bc8 hex)
link up on port 0, speed 100, full duplex
Using cpsw device
TFTP from server 192.168.255.126; our IP address is 192.168.255.1
Filename 'am335x-boneblack.dtb'.
Load address: 0x82000000
Loading: *#######
	 2.2 MiB/s
done
Bytes transferred = 98244 (17fc4 hex)
Kernel image @ 0x81000000 [ 0x000000 - 0x548bc8 ]
## Flattened Device Tree blob at 82000000
   Booting using the fdt blob at 0x82000000
   Using Device Tree in place at 82000000, end 8201afc3

Starting kernel ...

[    0.000000] Booting Linux on physical CPU 0x0
[    0.000000] Linux version 6.13.0-rc2-next-20241209 (user01@drvtest01) (arm-linux-gnueabihf-gcc (Linaro GCC 6.4-2017.11) 6.4.1 20171012, GNU ld (Linaro_Binutils-2017.11) 2.27.0.20161229) #152 SMP Mon Dec  9 08:46:24 EET 2024
[    0.000000] CPU: ARMv7 Processor [413fc082] revision 2 (ARMv7), cr=10c5387d
[    0.000000] CPU: PIPT / VIPT nonaliasing data cache, VIPT aliasing instruction cache
[    0.000000] OF: fdt: Machine model: TI AM335x BeagleBone Black
[    0.000000] Memory policy: Data cache writeback
[    0.000000] cma: Reserved 16 MiB at 0x9e800000 on node -1
[    0.000000] Zone ranges:
[    0.000000]   Normal   [mem 0x0000000080000000-0x000000009fdfffff]
[    0.000000]   HighMem  empty
[    0.000000] Movable zone start for each node
[    0.000000] Early memory node ranges
[    0.000000]   node   0: [mem 0x0000000080000000-0x000000009fdfffff]
[    0.000000] Initmem setup node 0 [mem 0x0000000080000000-0x000000009fdfffff]
[    0.000000] OF: reserved mem: Reserved memory: No reserved-memory node in the DT
[    0.000000] CPU: All CPU(s) started in SVC mode.
[    0.000000] AM335X ES2.1 (sgx neon)
[    0.000000] percpu: Embedded 17 pages/cpu s39628 r8192 d21812 u69632
[    0.000000] Kernel command line: console=ttyO0,115200n8 root=/dev/nfs rw nfsroot=192.168.255.126:/home/user01/nfs,nfsvers=3 ip=192.168.255.1:192.168.255.126::255.255.255.0:bbb1:eth0 nfsrootdebug
[    0.000000] Unknown kernel command line parameters "nfsrootdebug", will be passed to user space.
[    0.000000] printk: log buffer data + meta data: 65536 + 204800 = 270336 bytes
[    0.000000] Dentry cache hash table entries: 65536 (order: 6, 262144 bytes, linear)
[    0.000000] Inode-cache hash table entries: 32768 (order: 5, 131072 bytes, linear)
[    0.000000] Built 1 zonelists, mobility grouping on.  Total pages: 130560
[    0.000000] mem auto-init: stack:off, heap alloc:off, heap free:off
[    0.000000] SLUB: HWalign=64, Order=0-3, MinObjects=0, CPUs=1, Nodes=1
[    0.000000] trace event string verifier disabled
[    0.000000] rcu: Hierarchical RCU implementation.
[    0.000000] rcu: 	RCU event tracing is enabled.
[    0.000000] rcu: 	RCU restricting CPUs from NR_CPUS=2 to nr_cpu_ids=1.
[    0.000000] 	Tracing variant of Tasks RCU enabled.
[    0.000000] rcu: RCU calculated value of scheduler-enlistment delay is 10 jiffies.
[    0.000000] rcu: Adjusting geometry for rcu_fanout_leaf=16, nr_cpu_ids=1
[    0.000000] RCU Tasks Trace: Setting shift to 0 and lim to 1 rcu_task_cb_adjust=1 rcu_task_cpu_ids=1.
[    0.000000] NR_IRQS: 16, nr_irqs: 16, preallocated irqs: 16
[    0.000000] IRQ: Found an INTC at 0x(ptrval) (revision 5.0) with 128 interrupts
[    0.000000] rcu: srcu_init: Setting srcu_struct sizes based on contention.
[    0.000000] TI gptimer clocksource: always-on /ocp/interconnect@44c00000/segment@200000/target-module@31000
[    0.000003] sched_clock: 32 bits at 24MHz, resolution 41ns, wraps every 89478484971ns
[    0.000027] clocksource: dmtimer: mask: 0xffffffff max_cycles: 0xffffffff, max_idle_ns: 79635851949 ns
[    0.000515] TI gptimer clockevent: 24000000 Hz at /ocp/interconnect@48000000/segment@0/target-module@40000
[    0.002162] Console: colour dummy device 80x30
[    0.002227] WARNING: Your 'console=ttyO0' has been replaced by 'ttyS0'
[    0.002235] This ensures that you still see kernel messages. Please
[    0.002240] update your kernel commandline.
[    0.002282] Calibrating delay loop... 996.14 BogoMIPS (lpj=4980736)
[    0.090567] CPU: Testing write buffer coherency: ok
[    0.090691] CPU0: Spectre v2: using BPIALL workaround
[    0.090702] pid_max: default: 32768 minimum: 301
[    0.090820] LSM: initializing lsm=capability
[    0.091003] Mount-cache hash table entries: 1024 (order: 0, 4096 bytes, linear)
[    0.091025] Mountpoint-cache hash table entries: 1024 (order: 0, 4096 bytes, linear)
[    0.092704] CPU0: thread -1, cpu 0, socket -1, mpidr 0
[    0.160938] Setting up static identity map for 0x80100000 - 0x80100078
[    0.170718] rcu: Hierarchical SRCU implementation.
[    0.170730] rcu: 	Max phase no-delay instances is 1000.
[    0.190769] smp: Bringing up secondary CPUs ...
[    0.190825] smp: Brought up 1 node, 1 CPU
[    0.190843] SMP: Total of 1 processors activated (996.14 BogoMIPS).
[    0.190855] CPU: All CPU(s) started in SVC mode.
[    0.191045] Memory: 480840K/522240K available (11264K kernel code, 1215K rwdata, 2900K rodata, 1024K init, 296K bss, 23388K reserved, 16384K cma-reserved, 0K highmem)
[    0.191926] devtmpfs: initialized
[    0.208980] VFP support v0.3: implementor 41 architecture 3 part 30 variant c rev 3
[    0.209340] clocksource: jiffies: mask: 0xffffffff max_cycles: 0xffffffff, max_idle_ns: 19112604462750000 ns
[    0.209376] futex hash table entries: 256 (order: 2, 16384 bytes, linear)
[    0.210886] pinctrl core: initialized pinctrl subsystem
[    0.213736] NET: Registered PF_NETLINK/PF_ROUTE protocol family
[    0.216553] DMA: preallocated 256 KiB pool for atomic coherent allocations
[    0.217478] audit: initializing netlink subsys (disabled)
[    0.218929] thermal_sys: Registered thermal governor 'fair_share'
[    0.218945] thermal_sys: Registered thermal governor 'step_wise'
[    0.218954] thermal_sys: Registered thermal governor 'user_space'
[    0.219111] audit: type=2000 audit(0.210:1): state=initialized audit_enabled=0 res=1
[    0.219148] cpuidle: using governor menu
[    0.237570] /ocp/interconnect@44c00000/segment@200000/target-module@b000/i2c@0/tda19988@70: Fixed dependency cycle(s) with /ocp/interconnect@48000000/segment@300000/target-module@e000/lcdc@0
[    0.238749] /ocp/interconnect@48000000/segment@300000/target-module@e000/lcdc@0: Fixed dependency cycle(s) with /ocp/interconnect@44c00000/segment@200000/target-module@b000/i2c@0/tda19988@70
[    0.241130] No ATAGs?
[    0.241150] hw-breakpoint: debug architecture 0x4 unsupported.
[    0.243986] kprobes: kprobe jump-optimization is enabled. All kprobes are optimized if possible.
[    0.254063] iommu: Default domain type: Translated
[    0.254086] iommu: DMA domain TLB invalidation policy: strict mode
[    0.262393] SCSI subsystem initialized
[    0.263265] pps_core: LinuxPPS API ver. 1 registered
[    0.263276] pps_core: Software ver. 5.3.6 - Copyright 2005-2007 Rodolfo Giometti <giometti@linux.it>
[    0.263300] PTP clock support registered
[    0.270965] vgaarb: loaded
[    0.271376] clocksource: Switched to clocksource dmtimer
[    0.272038] VFS: Disk quotas dquot_6.6.0
[    0.272084] VFS: Dquot-cache hash table entries: 1024 (order 0, 4096 bytes)
[    0.296366] NET: Registered PF_INET protocol family
[    0.296725] IP idents hash table entries: 8192 (order: 4, 65536 bytes, linear)
[    0.298154] tcp_listen_portaddr_hash hash table entries: 512 (order: 0, 4096 bytes, linear)
[    0.298193] Table-perturb hash table entries: 65536 (order: 6, 262144 bytes, linear)
[    0.298212] TCP established hash table entries: 4096 (order: 2, 16384 bytes, linear)
[    0.298256] TCP bind hash table entries: 4096 (order: 4, 65536 bytes, linear)
[    0.298356] TCP: Hash tables configured (established 4096 bind 4096)
[    0.298477] UDP hash table entries: 256 (order: 1, 14336 bytes, linear)
[    0.298515] UDP-Lite hash table entries: 256 (order: 1, 14336 bytes, linear)
[    0.298698] NET: Registered PF_UNIX/PF_LOCAL protocol family
[    0.302090] RPC: Registered named UNIX socket transport module.
[    0.302116] RPC: Registered udp transport module.
[    0.302122] RPC: Registered tcp transport module.
[    0.302127] RPC: Registered tcp-with-tls transport module.
[    0.302133] RPC: Registered tcp NFSv4.1 backchannel transport module.
[    0.302158] PCI: CLS 0 bytes, default 64
[    0.303683] Initialise system trusted keyrings
[    0.311702] workingset: timestamp_bits=14 max_order=17 bucket_order=3
[    0.313044] NFS: Registering the id_resolver key type
[    0.313114] Key type id_resolver registered
[    0.313122] Key type id_legacy registered
[    0.313174] jffs2: version 2.2. (NAND) (SUMMARY)  Â© 2001-2006 Red Hat, Inc.
[    0.313585] Key type asymmetric registered
[    0.313599] Asymmetric key parser 'x509' registered
[    0.313665] io scheduler mq-deadline registered
[    0.313676] io scheduler kyber registered
[    0.313746] io scheduler bfq registered
[    0.315371] ledtrig-cpu: registered to indicate activity on CPUs
[    0.321930] Serial: 8250/16550 driver, 6 ports, IRQ sharing enabled
[    0.368098] brd: module loaded
[    0.386453] loop: module loaded
[    0.387405] mtdoops: mtd device (mtddev=name/number) must be supplied
[    0.390587] i2c_dev: i2c /dev entries driver
[    0.391739] cpuidle: enable-method property 'ti,am3352' found operations
[    0.392208] sdhci: Secure Digital Host Controller Interface driver
[    0.392217] sdhci: Copyright(c) Pierre Ossman
[    0.392391] sdhci-pltfm: SDHCI platform and OF driver helper
[    0.393423] Initializing XFRM netlink socket
[    0.393573] NET: Registered PF_INET6 protocol family
[    0.407457] Segment Routing with IPv6
[    0.407552] In-situ OAM (IOAM) with IPv6
[    0.407652] sit: IPv6, IPv4 and MPLS over IPv4 tunneling driver
[    0.408623] NET: Registered PF_PACKET protocol family
[    0.408659] NET: Registered PF_KEY protocol family
[    0.408811] Key type dns_resolver registered
[    0.409087] ThumbEE CPU extension supported.
[    0.409108] Registering SWP/SWPB emulation handler
[    0.409652] omap_voltage_late_init: Voltage driver support not added
[    0.410021] SmartReflex Class3 initialized
[    0.443939] Loading compiled-in X.509 certificates
[    0.493042] /ocp/interconnect@44c00000/segment@200000/target-module@b000/i2c@0/tda19988@70: Fixed dependency cycle(s) with /ocp/interconnect@48000000/segment@300000/target-module@e000/lcdc@0
[    0.499473] /ocp/interconnect@44c00000/segment@200000/target-module@b000/i2c@0/tda19988@70: Fixed dependency cycle(s) with /ocp/interconnect@48000000/segment@300000/target-module@e000/lcdc@0
[    0.529369] /ocp/interconnect@44c00000/segment@200000/target-module@b000/i2c@0/tda19988@70: Fixed dependency cycle(s) with /ocp/interconnect@48000000/segment@300000/target-module@e000/lcdc@0
[    0.530255] /ocp/interconnect@44c00000/segment@200000/target-module@b000/i2c@0/tda19988@70: Fixed dependency cycle(s) with /ocp/interconnect@48000000/segment@300000/target-module@e000/lcdc@0
[    0.534019] /ocp/interconnect@44c00000/segment@200000/target-module@10000/scm@0/pinmux@800: Fixed dependency cycle(s) with /ocp/interconnect@44c00000/segment@200000/target-module@10000/scm@0/pinmux@800/clkout2-pins
[    0.534697] pinctrl-single 44e10800.pinmux: 142 pins, size 568
[    0.539866] ti-sysc 44e31000.target-module: probe with driver ti-sysc failed with error -16
[    0.560905] /ocp/interconnect@48000000/segment@300000/target-module@e000/lcdc@0: Fixed dependency cycle(s) with /ocp/interconnect@44c00000/segment@200000/target-module@b000/i2c@0/tda19988@70
[    0.569043] ti-sysc 48040000.target-module: probe with driver ti-sysc failed with error -16
[    0.604949] OMAP GPIO hardware version 0.1
[    0.647893] omap_i2c 4819c000.i2c: bus 2 rev0.11 at 100 kHz
[    0.687453] 48000000.interconnect:segment@200000:target-module@0:mpu@0:fck: device ID is greater than 24
[    0.688342] /ocp/interconnect@48000000/segment@300000/target-module@e000/lcdc@0: Fixed dependency cycle(s) with /ocp/interconnect@44c00000/segment@200000/target-module@b000/i2c@0/tda19988@70
[    0.691130] /ocp/interconnect@48000000/segment@300000/target-module@e000/lcdc@0: Fixed dependency cycle(s) with /ocp/interconnect@44c00000/segment@200000/target-module@b000/i2c@0/tda19988@70
[    0.692116] /ocp/interconnect@44c00000/segment@200000/target-module@b000/i2c@0/tda19988@70: Fixed dependenc y cycle(s) with /ocp/interconnect@48000000/segment@300000/targ et-module@e000/lcdc@0
[    0.692286] /ocp/interconnect@480000 00/segment@300000/target-module@e000/lcdc@0: Fixed dependency  cycle(s) with /ocp/interconnect@44c00000/segment@200000/target-module@
[    2.520069] tps65217 0-0024: TPS65217 ID 0xe version 1.2
[    2.526211] /ocp/interconnect@48000000/segment@300000/target-module@e000/lcdc@0: Fixed dependency cycle(s) with /ocp/interconnect@44c00000/segment@200000/target-module@b000/i2c@0/tda19988@70
[    2.543598] /ocp/interconnect@44c00000/segment@200000/target-module@b000/i2c@0/tda19988@70: Fixed dependency cycle(s) with /ocp/interconnect@48000000/segment@300000/target-module@e000/lcdc@0
[    2.560982] omap_i2c 44e0b000.i2c: bus 0 rev0.11 at 400 kHz
[    2.569086] omap_gpio 44e07000.gpio: Could not set line 6 debounce to 200000 microseconds (-22)
[    2.577976] sdhci-omap 48060000.mmc: Got CD GPIO
[    2.583023] sdhci-omap 48060000.mmc: supply pbias not found, using dummy regulator
[    2.593185] sdhci-omap 48060000.mmc: supply vqmmc not found, using dummy regulator
[    2.602463] sdhci-omap 481d8000.mmc: supply pbias not found, using dummy regulator
[    2.610472] sdhci-omap 481d8000.mmc: supply vqmmc not found, using dummy regulator
[    2.649414] mmc1: SDHCI controller on 481d8000.mmc [481d8000.mmc] using External DMA
[    2.658676] mmc0: SDHCI controller on 48060000.mmc [48060000.mmc] using External DMA
[    2.667524] cpsw-switch 4a100000.switch: starting ndev. mode: dual_mac
[    2.710587] mmc0: new high speed SDHC card at address 5048
[    2.717733] mmcblk0: mmc0:5048 SD16G 14.4 GiB
[    2.725925]  mmcblk0: p1 p2
[    2.729323] mmcblk0: p2 size 31221760 extends beyond EOD, truncated
[    2.742624] SMSC LAN8710/LAN8720 4a101000.mdio:00: attached PHY driver (mii_bus:phy_addr=4a101000.mdio:00, irq=POLL)
[    2.755310] mmc1: new high speed MMC card at address 0001
[    2.766443] mmcblk1: mmc1:0001 MMC04G 3.60 GiB
[    2.773973]  mmcblk1: p1 p2
[    2.778238] mmcblk1boot0: mmc1:0001 MMC04G 2.00 MiB
[    2.785675] mmcblk1boot1: mmc1:0001 MMC04G 2.00 MiB
[    2.793150] mmcblk1rpmb: mmc1:0001 MMC04G 128 KiB, chardev (250:0)
[    5.922169] cpsw-switch 4a100000.switch eth0: Link is Up - 100Mbps/Full - flow control off
[    5.961617] IP-Config: Complete:
[    5.964899]      device=eth0, hwaddr=6c:ec:eb:68:de:78, ipaddr=192.168.255.1, mask=255.255.255.0, gw=255.255.255.255
[    5.975574]      host=bbb1, domain=, nis-domain=(none)
[    5.980746]      bootserver=192.168.255.126, rootserver=192.168.255.126, rootpath=
[    5.981182] clk: Disabling unused clocks
[    5.993032] PM: genpd: Disabling unused power domains
[    5.998153] KTAP version 1
[    6.000875] 1..0
[    6.026536] VFS: Mounted root (nfs filesystem) on device 0:17.
[    6.033685] devtmpfs: mounted
[    6.038350] Freeing unused kernel image (initmem) memory: 1024K
[    6.045293] Run /sbin/init as init process
[    6.753520] systemd[1]: System time before build time, advancing clock.
[    8.991397] random: crng init done
[    9.065117] systemd[1]: systemd 232 running in system mode. (+PAM +AUDIT +SELINUX +IMA +APPARMOR +SMACK +SYSVINIT +UTMP +LIBCRYPTSETUP +GCRYPT +GNUTLS +ACL +XZ +LZ4 +SECCOMP +BLKID +ELFUTILS +KMOD +IDN)
[    9.085862] systemd[1]: Detected architecture arm.

Welcome to [1mDebian GNU/Linux 9 (stretch)[0m!

[    9.114429] systemd[1]: Set hostname to <arm>.
[   10.444267] systemd[1]: Started Dispatch Password Requests to Console Directory Watch.
[[0;32m  OK  [0m] Started Dispatch Password Requests to Console Directory Watch.
[   10.480384] systemd[1]: Listening on Journal Socket (/dev/log).
[[0;32m  OK  [0m] Listening on Journal Socket (/dev/log).
[   10.511794] systemd[1]: Reached target Swap.
[[0;32m  OK  [0m] Reached target Swap.
[   10.531795] systemd[1]: Reached target Remote File Systems.
[[0;32m  OK  [0m] Reached target Remote File Systems.
[   10.563420] systemd[1]: Listening on /dev/initctl Compatibility Named Pipe.
[[0;32m  OK  [0m] Listening on /dev/initctl Compatibility Named Pipe.
[   10.594166] systemd[1]: Listening on Journal Audit Socket.
[[0;32m  OK  [0m] Listening on Journal Audit Socket.
[   10.626100] systemd[1]: Created slice User and Session Slice.
[[0;32m  OK  [0m] Created slice User and Session Slice.
[[0;32m  OK  [0m] Started Forward Password Requests to Wall Directory Watch.
[[0;32m  OK  [0m] Reached target Paths.
[[0;32m  OK  [0m] Set up automount Arbitrary Executabâ€¦rmats File System Automount Point.
[[0;32m  OK  [0m] Listening on Journal Socket.
[[0;32m  OK  [0m] Listening on Syslog Socket.
[[0;32m  OK  [0m] Listening on udev Control Socket.
[[0;32m  OK  [0m] Created slice System Slice.
[[0;32m  OK  [0m] Created slice system-serial\x2dgetty.slice.
         Mounting Debug File System...
         Mounting POSIX Message Queue File System...
         Starting Journal Service...
         Starting Create list of required stâ€¦ce nodes for the current kernel...
[[0;32m  OK  [0m] Reached target Slices.
[[0;32m  OK  [0m] Listening on udev Kernel Socket.
[[0;32m  OK  [0m] Reached target Encrypted Volumes.
         Starting Remount Root and Kernel File Systems...
         Starting Load Kernel Modules...
[[0;32m  OK  [0m] Created slice system-getty.slice.
[[0;32m  OK  [0m] Mounted POSIX Message Queue File System.
[[0;32m  OK  [0m] Mounted Debug File System.
[[0;32m  OK  [0m] Started Create list of required staâ€¦vice nodes for the current kernel.
         Starting Create Static Device Nodes in /dev...
[[0;32m  OK  [0m] Started Remount Root and Kernel File Systems.
         Starting Load/Save Random Seed...
         Starting udev Coldplug all Devices...
[[0;32m  OK  [0m] Started Load Kernel Modules.
         Mounting Configuration File System...
         Starting Apply Kernel Variables...
[[0;32m  OK  [0m] Started Load/Save Random Seed.
[[0;32m  OK  [0m] Mounted Configuration File System.
[[0;32m  OK  [0m] Started Apply Kernel Variables.
[[0;32m  OK  [0m] Started Create Static Device Nodes in /dev.
         Starting udev Kernel Device Manager...
[[0;32m  OK  [0m] Reached target Local File Systems (Pre).
[[0;32m  OK  [0m] Reached target Local File Systems.
         Starting Raise network interfaces...
[[0;32m  OK  [0m] Started Journal Service.
         Starting Flush Journal to Persistent Storage...
[   13.103558] systemd-journald[85]: Received request to flush runtime journal from PID 1
[[0;32m  OK  [0m] Started Flush Journal to Persistent Storage.
         Starting Create Volatile Files and Directories...
[[0;32m  OK  [0m] Started udev Kernel Device Manager.
[[0;32m  OK  [0m] Started Create Volatile Files and Directories.
         Starting Update UTMP about System Boot/Shutdown...
         Starting Network Time Synchronization...
[[0;32m  OK  [0m] Started Update UTMP about System Boot/Shutdown.
[[0;32m  OK  [0m] Started udev Coldplug all Devices.
[   16.114038] remoteproc remoteproc0: wkup_m3 is available
[   16.567233] at24 2-0054: supply vcc not found, using dummy regulator
[[0;32m  OK  [0m] Found device /dev/ttyS0.
[[0;32m  OK  [0m] Started Network Time Synchronization.
[   16.689937] at24 2-0055: supply vcc not found, using dummy regulator
[[0;32m  OK  [0m] Reached target System Time Synchronized.[   16.715685] tps6521x_pwrbutton tps65217-pwrbutton: DMA mask not set

[[0;32m  OK  [0m] Reached target System Initialization.
[   16.780611] wkup_m3_ipc 44e11324.wkup_m3_ipc: IPC Request for A8->M3 Channel failed! -517
