Labgrid Console Logfile for main
Logfile started at 2025-10-02 16:53:53.055573
=== Log starts here ===
reading args
spl_load_image_fat_os: error reading image args, err - -1
reading u-boot.img
reading u-boot.img


U-Boot 2014.04-00014-g47880f5 (Apr 22 2014 - 13:23:54)

I2C:   ready
DRAM:  512 MiB
NAND:  0 MiB
MMC:   OMAP SD/MMC: 0, OMAP SD/MMC: 1
*** Warning - readenv() failed, using default environment

Net:   <ethaddr> not set. Validating first E-fuse MAC
cpsw, usb_ether
Hit any key to stop autoboot:  1  0 
gpio: pin 53 (gpio 53) value is 1
mmc0 is current device
gpio: pin 54 (gpio 54) value is 1
SD/MMC found on device 0
reading uEnv.txt
569 bytes read in 4 ms (138.7 KiB/s)
gpio: pin 55 (gpio 55) value is 1
Loaded environment from uEnv.txt
Importing environment from mmc ...
Checking if uenvcmd is set ...
gpio: pin 56 (gpio 56) value is 1
Running uenvcmd ...
cpsw Waiting for PHY auto negotiation to complete. done
link up on port 0, speed 100, full duplex
Using cpsw device
TFTP from server 192.168.255.126; our IP address is 192.168.255.1
Filename 'zImage'.
Load address: 0x81000000
Loading: *T #################################################################
	 #################################################################
	 #################################################################
	 #################################################################
	 #################################################################
	 ####################################################
	 752 KiB/s
done
Bytes transferred = 5530976 (546560 hex)
link up on port 0, speed 100, full duplex
Using cpsw device
TFTP from server 192.168.255.126; our IP address is 192.168.255.1
Filename 'am335x-boneblack.dtb'.
Load address: 0x82000000
Loading: *#######
	 2.3 MiB/s
done
Bytes transferred = 98336 (18020 hex)
Kernel image @ 0x81000000 [ 0x000000 - 0x546560 ]
## Flattened Device Tree blob at 82000000
   Booting using the fdt blob at 0x82000000
   Using Device Tree in place at 82000000, end 8201b01f

Starting kernel ...

[    0.000000] Booting Linux on physical CPU 0x0
[    0.000000] Linux version 6.12.50 (user01@drvtest01) (arm-none-eabi-gcc (Arm GNU Toolchain 14.2.Rel1 (Build arm-14.52)) 14.2.1 20241119, GNU ld (Arm GNU Toolchain 14.2.Rel1 (Build arm-14.52)) 2.43.1.20241119) #1 SMP Thu Oct  2 16:52:01 EEST 2025
[    0.000000] CPU: ARMv7 Processor [413fc082] revision 2 (ARMv7), cr=10c5387d
[    0.000000] CPU: PIPT / VIPT nonaliasing data cache, VIPT aliasing instruction cache
[    0.000000] OF: fdt: Machine model: TI AM335x BeagleBone Black
[    0.000000] Memory policy: Data cache writeback
[    0.000000] cma: Reserved 16 MiB at 0x9e800000 on node -1
[    0.000000] Zone ranges:
[    0.000000]   Normal   [mem 0x0000000080000000-0x000000009fdfffff]
[    0.000000]   HighMem  empty
[    0.000000] Movable zone start for each node
[    0.000000] Early memory node ranges
[    0.000000]   node   0: [mem 0x0000000080000000-0x000000009fdfffff]
[    0.000000] Initmem setup node 0 [mem 0x0000000080000000-0x000000009fdfffff]
[    0.000000] OF: reserved mem: Reserved memory: No reserved-memory node in the DT
[    0.000000] CPU: All CPU(s) started in SVC mode.
[    0.000000] AM335X ES2.1 (sgx neon)
[    0.000000] percpu: Embedded 17 pages/cpu s40396 r8192 d21044 u69632
[    0.000000] Kernel command line: console=ttyO0,115200n8 root=/dev/nfs rw nfsroot=192.168.255.126:/home/user01/nfs,nfsvers=3 ip=192.168.255.1:192.168.255.126::255.255.255.0:bbb1:eth0 nfsrootdebug
[    0.000000] Unknown kernel command line parameters "nfsrootdebug", will be passed to user space.
[    0.000000] Dentry cache hash table entries: 65536 (order: 6, 262144 bytes, linear)
[    0.000000] Inode-cache hash table entries: 32768 (order: 5, 131072 bytes, linear)
[    0.000000] Built 1 zonelists, mobility grouping on.  Total pages: 130560
[    0.000000] mem auto-init: stack:off, heap alloc:off, heap free:off
[    0.000000] SLUB: HWalign=64, Order=0-3, MinObjects=0, CPUs=1, Nodes=1
[    0.000000] rcu: Hierarchical RCU implementation.
[    0.000000] rcu: 	RCU event tracing is enabled.
[    0.000000] rcu: 	RCU restricting CPUs from NR_CPUS=2 to nr_cpu_ids=1.
[    0.000000] rcu: RCU calculated value of scheduler-enlistment delay is 10 jiffies.
[    0.000000] rcu: Adjusting geometry for rcu_fanout_leaf=16, nr_cpu_ids=1
[    0.000000] NR_IRQS: 16, nr_irqs: 16, preallocated irqs: 16
[    0.000000] IRQ: Found an INTC at 0x(ptrval) (revision 5.0) with 128 interrupts
[    0.000000] rcu: srcu_init: Setting srcu_struct sizes based on contention.
[    0.000000] TI gptimer clocksource: always-on /ocp/interconnect@44c00000/segment@200000/target-module@31000
[    0.000002] sched_clock: 32 bits at 24MHz, resolution 41ns, wraps every 89478484971ns
[    0.000027] clocksource: dmtimer: mask: 0xffffffff max_cycles: 0xffffffff, max_idle_ns: 79635851949 ns
[    0.000495] TI gptimer clockevent: 24000000 Hz at /ocp/interconnect@48000000/segment@0/target-module@40000
[    0.002095] Console: colour dummy device 80x30
[    0.002160] WARNING: Your 'console=ttyO0' has been replaced by 'ttyS0'
[    0.002168] This ensures that you still see kernel messages. Please
[    0.002173] update your kernel commandline.
[    0.002215] Calibrating delay loop... 996.14 BogoMIPS (lpj=4980736)
[    0.090608] CPU: Testing write buffer coherency: ok
[    0.090691] CPU0: Spectre v2: using BPIALL workaround
[    0.090702] pid_max: default: 32768 minimum: 301
[    0.090827] LSM: initializing lsm=capability
[    0.091002] Mount-cache hash table entries: 1024 (order: 0, 4096 bytes, linear)
[    0.091023] Mountpoint-cache hash table entries: 1024 (order: 0, 4096 bytes, linear)
[    0.092584] CPU0: thread -1, cpu 0, socket -1, mpidr 0
[    0.094654] Setting up static identity map for 0x80100000 - 0x80100078
[    0.094968] rcu: Hierarchical SRCU implementation.
[    0.094977] rcu: 	Max phase no-delay instances is 1000.
[    0.096739] smp: Bringing up secondary CPUs ...
[    0.096791] smp: Brought up 1 node, 1 CPU
[    0.096805] SMP: Total of 1 processors activated (996.14 BogoMIPS).
[    0.096817] CPU: All CPU(s) started in SVC mode.
[    0.097004] Memory: 480856K/522240K available (11264K kernel code, 1220K rwdata, 2880K rodata, 1024K init, 298K bss, 23372K reserved, 16384K cma-reserved, 0K highmem)
[    0.097826] devtmpfs: initialized
[    0.114331] VFP support v0.3: implementor 41 architecture 3 part 30 variant c rev 3
[    0.114667] clocksource: jiffies: mask: 0xffffffff max_cycles: 0xffffffff, max_idle_ns: 19112604462750000 ns
[    0.114701] futex hash table entries: 256 (order: 2, 16384 bytes, linear)
[    0.115964] pinctrl core: initialized pinctrl subsystem
[    0.118084] NET: Registered PF_NETLINK/PF_ROUTE protocol family
[    0.121183] DMA: preallocated 256 KiB pool for atomic coherent allocations
[    0.122092] audit: initializing netlink subsys (disabled)
[    0.123442] thermal_sys: Registered thermal governor 'fair_share'
[    0.123459] thermal_sys: Registered thermal governor 'step_wise'
[    0.123467] thermal_sys: Registered thermal governor 'user_space'
[    0.123581] audit: type=2000 audit(0.120:1): state=initialized audit_enabled=0 res=1
[    0.123654] cpuidle: using governor menu
[    0.141404] /ocp/interconnect@44c00000/segment@200000/target-module@b000/i2c@0/tda19988@70: Fixed dependency cycle(s) with /ocp/interconnect@48000000/segment@300000/target-module@e000/lcdc@0
[    0.142529] /ocp/interconnect@48000000/segment@300000/target-module@e000/lcdc@0: Fixed dependency cycle(s) with /ocp/interconnect@44c00000/segment@200000/target-module@b000/i2c@0/tda19988@70
[    0.144695] No ATAGs?
[    0.144714] hw-breakpoint: debug architecture 0x4 unsupported.
[    0.147332] kprobes: kprobe jump-optimization is enabled. All kprobes are optimized if possible.
[    0.153985] iommu: Default domain type: Translated
[    0.154008] iommu: DMA domain TLB invalidation policy: strict mode
[    0.161413] SCSI subsystem initialized
[    0.162263] pps_core: LinuxPPS API ver. 1 registered
[    0.162274] pps_core: Software ver. 5.3.6 - Copyright 2005-2007 Rodolfo Giometti <giometti@linux.it>
[    0.162298] PTP clock support registered
[    0.171129] vgaarb: loaded
[    0.171484] clocksource: Switched to clocksource dmtimer
[    0.172128] VFS: Disk quotas dquot_6.6.0
[    0.172168] VFS: Dquot-cache hash table entries: 1024 (order 0, 4096 bytes)
[    0.197489] NET: Registered PF_INET protocol family
[    0.197856] IP idents hash table entries: 8192 (order: 4, 65536 bytes, linear)
[    0.199233] tcp_listen_portaddr_hash hash table entries: 512 (order: 0, 4096 bytes, linear)
[    0.199268] Table-perturb hash table entries: 65536 (order: 6, 262144 bytes, linear)
[    0.199285] TCP established hash table entries: 4096 (order: 2, 16384 bytes, linear)
[    0.199330] TCP bind hash table entries: 4096 (order: 4, 65536 bytes, linear)
[    0.199430] TCP: Hash tables configured (established 4096 bind 4096)
[    0.199546] UDP hash table entries: 256 (order: 1, 8192 bytes, linear)
[    0.199573] UDP-Lite hash table entries: 256 (order: 1, 8192 bytes, linear)
[    0.199740] NET: Registered PF_UNIX/PF_LOCAL protocol family
[    0.201022] RPC: Registered named UNIX socket transport module.
[    0.201043] RPC: Registered udp transport module.
[    0.201049] RPC: Registered tcp transport module.
[    0.201054] RPC: Registered tcp-with-tls transport module.
[    0.201059] RPC: Registered tcp NFSv4.1 backchannel transport module.
[    0.201081] PCI: CLS 0 bytes, default 64
[    0.202606] Initialise system trusted keyrings
[    0.212101] workingset: timestamp_bits=14 max_order=17 bucket_order=3
[    0.213406] NFS: Registering the id_resolver key type
[    0.213471] Key type id_resolver registered
[    0.213478] Key type id_legacy registered
[    0.213527] jffs2: version 2.2. (NAND) (SUMMARY)  Â© 2001-2006 Red Hat, Inc.
[    0.213942] Key type asymmetric registered
[    0.213957] Asymmetric key parser 'x509' registered
[    0.214026] io scheduler mq-deadline registered
[    0.214036] io scheduler kyber registered
[    0.214101] io scheduler bfq registered
[    0.215952] target-module@4b000000:target-module@140000:pmu@0:fck: device ID is greater than 24
[    0.222112] l3-aon-clkctrl:0000:0: failed to disable
[    0.222378] ledtrig-cpu: registered to indicate activity on CPUs
[    0.232318] Serial: 8250/16550 driver, 6 ports, IRQ sharing enabled
[    0.267511] brd: module loaded
[    0.285315] loop: module loaded
[    0.286232] mtdoops: mtd device (mtddev=name/number) must be supplied
[    0.289317] i2c_dev: i2c /dev entries driver
[    0.290285] cpuidle: enable-method property 'ti,am3352' found operations
[    0.290725] sdhci: Secure Digital Host Controller Interface driver
[    0.290733] sdhci: Copyright(c) Pierre Ossman
[    0.290908] sdhci-pltfm: SDHCI platform and OF driver helper
[    0.303654] hw perfevents: enabled with armv7_cortex_a8 PMU driver, 5 (8000000f) counters available
[    0.304176] Initializing XFRM netlink socket
[    0.304315] NET: Registered PF_INET6 protocol family
[    0.309962] l3-aon-clkctrl:0000:0: failed to disable
[    0.311316] Segment Routing with IPv6
[    0.311396] In-situ OAM (IOAM) with IPv6
[    0.311648] sit: IPv6, IPv4 and MPLS over IPv4 tunneling driver
[    0.312599] NET: Registered PF_PACKET protocol family
[    0.312625] NET: Registered PF_KEY protocol family
[    0.312739] Key type dns_resolver registered
[    0.312963] ThumbEE CPU extension supported.
[    0.312985] Registering SWP/SWPB emulation handler
[    0.313503] omap_voltage_late_init: Voltage driver support not added
[    0.314196] SmartReflex Class3 initialized
[    0.343965] Loading compiled-in X.509 certificates
[    0.388064] /ocp/interconnect@44c00000/segment@200000/target-module@b000/i2c@0/tda19988@70: Fixed dependency cycle(s) with /ocp/interconnect@48000000/segment@300000/target-module@e000/lcdc@0
[    0.394448] /ocp/interconnect@44c00000/segment@200000/target-module@b000/i2c@0/tda19988@70: Fixed dependency cycle(s) with /ocp/interconnect@48000000/segment@300000/target-module@e000/lcdc@0
[    0.433765] /ocp/interconnect@44c00000/segment@200000/target-module@b000/i2c@0/tda19988@70: Fixed dependency cycle(s) with /ocp/interconnect@48000000/segment@300000/target-module@e000/lcdc@0
[    0.434618] /ocp/interconnect@44c00000/segment@200000/target-module@b000/i2c@0/tda19988@70: Fixed dependency cycle(s) with /ocp/interconnect@48000000/segment@300000/target-module@e000/lcdc@0
[    0.437834] /ocp/interconnect@44c00000/segment@200000/target-module@10000/scm@0/pinmux@800: Fixed dependency cycle(s) with /ocp/interconnect@44c00000/segment@200000/target-module@10000/scm@0/pinmux@800/clkout2-pins
[    0.438432] pinctrl-single 44e10800.pinmux: 142 pins, size 568
[    0.443636] ti-sysc 44e31000.target-module: probe with driver ti-sysc failed with error -16
[    0.469614] /ocp/interconnect@48000000/segment@300000/target-module@e000/lcdc@0: Fixed dependency cycle(s) with /ocp/interconnect@44c00000/segment@200000/target-module@b000/i2c@0/tda19988@70
[    0.477401] ti-sysc 48040000.target-module: probe with driver ti-sysc failed with error -16
[    0.522338] OMAP GPIO hardware version 0.1
[    0.562725] omap_i2c 4819c000.i2c: bus 2 rev0.11 at 100 kHz
[    0.602235] 48000000.interconnect:segment@200000:target-module@0:mpu@0:fck: device ID is greater than 24
[    0.603135] /ocp/interconnect@48000000/segment@300000/target-module@e000/lcdc@0: Fixed dependency cycle(s) with /ocp/interconnect@44c00000/segment@200000/target-module@b000/i2c@0/tda19988@70
[    0.605749] /ocp/interconnect@48000000/segment@300000/target-module@e000/lcdc@0: Fixed dependency cycle(s) with /ocp/interconnect@44c00000/segment@200000/target-module@b000/i2c@0/tda19988@70
[    0.606420] /ocp/interconnect@44c00000/segment@200000/target-module@b000/i2c@0/tda19988@70: Fixed dependency cycle(s) with /ocp/interconnect@48000000/segment@300000/target-module@e000/lcdc@0
[    0.606580] /ocp/interconnect@48000000/segment@300000/target-module@e000/lcdc@0: Fixed dependency cycle(s) with /ocp/interconnect@44c00000/segment@200000/target-module@b000/i2c@0/tda19988@70
[    0.617314] sdhci-omap 481d8000.mmc: supply pbias not found, using dummy regulator
[    0.617792] sdhci-omap 481d8000.mmc: supply vqmmc not found, using dummy regulator
[    0.680535] davinci_mdio 4a101000.mdio: davinci mdio revision 1.6, bus freq 1000000
[    0.786964] davinci_mdio 4a101000.mdio: phy[0]: device 4a101000.mdio:00, driver SMSC LAN8710/LAN8720
[    0.787730] cpsw-switch 4a100000.switch: initialized cpsw ale version 1.4
[    0.787753] cpsw-switch 4a100000.switch: ALE Table size 1024, Policers 0
[    0.787896] cpsw-switch 4a100000.switch: cpts: overflow check period 500 (jiffies)
[    0.787911] cpsw-switch 4a100000.switch: CPTS: ref_clk_freq:250000000 calc_mult:2147483648 calc_shift:29 error:0 nsec/sec
[    0.788016] cpsw-switch 4a100000.switch: Detected MACID = 6c:ec:eb:68:de:78
[    0.789848] cpsw-switch 4a100000.switch: initialized (regs 0x4a100000, pool size 256) hw_ver:0019010C 1.12 (0)
[    0.800390] debugfs: Directory '49000000.dma' with parent 'dmaengine' already present!
[    0.800431] edma 49000000.dma: TI EDMA DMA engine driver
[    0.852556] 44e09000.serial: ttyS0 at MMIO 0x44e09000 (irq = 34, base_baud = 3000000) is a 8250
[    0.852645] printk: legacy console [ttyS0] enabled
[    2.322483] tps65217-pmic: Failed to locate of_node [id: -1]
[    2.328562] tps65217-bl: Failed to locate of_node [id: -1]
[    2.339842] tps65217 0-0024: TPS65217 ID 0xe version 1.2
[    2.345970] /ocp/interconnect@48000000/segment@300000/target-module@e000/lcdc@0: Fixed dependency cycle(s) with /ocp/interconnect@44c00000/segment@200000/target-module@b000/i2c@0/tda19988@70
[    2.363319] /ocp/interconnect@44c00000/segment@200000/target-module@b000/i2c@0/tda19988@70: Fixed dependency cycle(s) with /ocp/interconnect@48000000/segment@300000/target-module@e000/lcdc@0
[    2.380688] omap_i2c 44e0b000.i2c: bus 0 rev0.11 at 400 kHz
[    2.388668] omap_gpio 44e07000.gpio: Could not set line 6 debounce to 200000 microseconds (-22)
[    2.397552] sdhci-omap 48060000.mmc: Got CD GPIO
[    2.402604] sdhci-omap 48060000.mmc: supply pbias not found, using dummy regulator
[    2.412575] sdhci-omap 48060000.mmc: supply vqmmc not found, using dummy regulator
[    2.421421] sdhci-omap 481d8000.mmc: supply pbias not found, using dummy regulator
[    2.429544] sdhci-omap 481d8000.mmc: supply vqmmc not found, using dummy regulator
[    2.467489] mmc1: SDHCI controller on 481d8000.mmc [481d8000.mmc] using External DMA
[    2.476550] mmc0: SDHCI controller on 48060000.mmc [48060000.mmc] using External DMA
[    2.485412] cpsw-switch 4a100000.switch: starting ndev. mode: dual_mac
[    2.551872] mmc1: new high speed MMC card at address 0001
[    2.558682] mmcblk1: mmc1:0001 MMC04G 3.60 GiB
[    2.566344]  mmcblk1: p1 p2
[    2.570149] SMSC LAN8710/LAN8720 4a101000.mdio:00: attached PHY driver (mii_bus:phy_addr=4a101000.mdio:00, irq=POLL)
[    2.582716] mmcblk1boot0: mmc1:0001 MMC04G 2.00 MiB
[    2.594916] mmcblk1boot1: mmc1:0001 MMC04G 2.00 MiB
[    2.602044] mmcblk1rpmb: mmc1:0001 MMC04G 128 KiB, chardev (250:0)
[    2.655104] mmc0: new high speed SDHC card at address aaaa
[    2.662014] mmcblk0: mmc0:aaaa SE32G 29.7 GiB
[    2.670976]  mmcblk0: p1 p2
[    5.762256] cpsw-switch 4a100000.switch eth0: Link is Up - 100Mbps/Full - flow control off
[    5.791503] IP-Config: Complete:
[    5.794775]      device=eth0, hwaddr=6c:ec:eb:68:de:78, ipaddr=192.168.255.1, mask=255.255.255.0, gw=255.255.255.255
[    5.805415]      host=bbb1, domain=, nis-domain=(none)
[    5.810583]      bootserver=192.168.255.126, rootserver=192.168.255.126, rootpath=
[    5.810996] clk: Disabling unused clocks
[    5.822855] PM: genpd: Disabling unused power domains
[    5.827973] KTAP version 1
[    5.830694] 1..0
[    5.855563] VFS: Mounted root (nfs filesystem) on device 0:17.
[    5.862714] devtmpfs: mounted
[    5.867123] Freeing unused kernel image (initmem) memory: 1024K
[    5.873995] Run /sbin/init as init process
[    6.565584] systemd[1]: System time before build time, advancing clock.
[    8.031508] random: crng init done
[    8.073129] systemd[1]: systemd 232 running in system mode. (+PAM +AUDIT +SELINUX +IMA +APPARMOR +SMACK +SYSVINIT +UTMP +LIBCRYPTSETUP +GCRYPT +GNUTLS +ACL +XZ +LZ4 +SECCOMP +BLKID +ELFUTILS +KMOD +IDN)
[    8.092308] systemd[1]: Detected architecture arm.

Welcome to [1mDebian GNU/Linux 9 (stretch)[0m!

[    8.124613] systemd[1]: Set hostname to <arm>.
[    9.210541] systemd[1]: Listening on Journal Socket.
[[0;32m  OK  [0m] Listening on Journal Socket.
[    9.233065] systemd[1]: Created slice User and Session Slice.
[[0;32m  OK  [0m] Created slice User and Session Slice.
[    9.262563] systemd[1]: Listening on Journal Audit Socket.
[[0;32m  OK  [0m] Listening on Journal Audit Socket.
[    9.291893] systemd[1]: Reached target Swap.
[[0;32m  OK  [0m] Reached target Swap.
[    9.312353] systemd[1]: Started Dispatch Password Requests to Console Directory Watch.
[[0;32m  OK  [0m] Started Dispatch Password Requests to Console Directory Watch.
[    9.342274] systemd[1]: Started Forward Password Requests to Wall Directory Watch.
[[0;32m  OK  [0m] Started Forward Password Requests to Wall Directory Watch.
[    9.371822] systemd[1]: Reached target Encrypted Volumes.
[[0;32m  OK  [0m] Reached target Encrypted Volumes.
[[0;32m  OK  [0m] Listening on /dev/initctl Compatibility Named Pipe.
[[0;32m  OK  [0m] Listening on Syslog Socket.
[[0;32m  OK  [0m] Created slice System Slice.
[[0;32m  OK  [0m] Created slice system-serial\x2dgetty.slice.
         Mounting POSIX Message Queue File System...
         Starting Remount Root and Kernel File Systems...
         Mounting Debug File System...
[[0;32m  OK  [0m] Listening on udev Kernel Socket.
[[0;32m  OK  [0m] Set up automount Arbitrary Executabâ€¦rmats File System Automount Point.
[[0;32m  OK  [0m] Listening on udev Control Socket.
         Starting Create list of required stâ€¦ce nodes for the current kernel...
[[0;32m  OK  [0m] Created slice system-getty.slice.
[[0;32m  OK  [0m] Reached target Paths.
[[0;32m  OK  [0m] Listening on Journal Socket (/dev/log).
         Starting Journal Service...
[[0;32m  OK  [0m] Reached target Remote File Systems.
[[0;32m  OK  [0m] Reached target Slices.
         Starting Load Kernel Modules...
[[0;32m  OK  [0m] Mounted POSIX Message Queue File System.
[[0;32m  OK  [0m] Mounted Debug File System.
[[0;32m  OK  [0m] Started Remount Root and Kernel File Systems.
[[0;32m  OK  [0m] Started Create list of required staâ€¦vice nodes for the current kernel.
         Starting Create Static Device Nodes in /dev...
         Starting Load/Save Random Seed...
         Starting udev Coldplug all Devices...
[[0;32m  OK  [0m] Started Load Kernel Modules.
         Starting Apply Kernel Variables...
         Mounting Configuration File System...
[[0;32m  OK  [0m] Started Load/Save Random Seed.
[[0;32m  OK  [0m] Mounted Configuration File System.
[[0;32m  OK  [0m] Started Apply Kernel Variables.
[[0;32m  OK  [0m] Started Create Static Device Nodes in /dev.
         Starting udev Kernel Device Manager...
[[0;32m  OK  [0m] Reached target Local File Systems (Pre).
[[0;32m  OK  [0m] Reached target Local File Systems.
         Starting Raise network interfaces...
[[0;32m  OK  [0m] Started Journal Service.
         Starting Flush Journal to Persistent Storage...
[   11.633784] systemd-journald[85]: Received request to flush runtime journal from PID 1
[[0;32m  OK  [0m] Started Flush Journal to Persistent Storage.
         Starting Create Volatile Files and Directories...
[[0;32m  OK  [0m] Started udev Kernel Device Manager.
[[0;32m  OK  [0m] Started Create Volatile Files and Directories.
         Starting Network Time Synchronization...
         Starting Update UTMP about System Boot/Shutdown...
[[0;32m  OK  [0m] Started Update UTMP about System Boot/Shutdown.
[[0;32m  OK  [0m] Started udev Coldplug all Devices.
[   14.800756] remoteproc remoteproc0: wkup_m3 is available
[   14.826842] omap_rtc 44e3e000.rtc: registered as rtc0
[   14.832232] omap_rtc 44e3e000.rtc: setting system clock to 2000-01-01T00:00:00 UTC (946684800)
[   14.973408] at24 2-0054: supply vcc not found, using dummy regulator
[   15.034943] omap_wdt: OMAP Watchdog Timer Rev 0x01: initial timeout 60 sec
[   15.112601] am335x-phy-driver 47401300.usb-phy: dummy supplies not allowed for exclusive requests (id=vbus)
[   15.154151] at24 2-0055: supply vcc not found, using dummy regulator
[   15.257199] at24 2-0056: supply vcc not found, using dummy regulator
[[0;32m  OK  [0m] Found device /dev/ttyS0.
[[0;32m  OK  [0m] Started Network Time Synchronization.
[   15.339932] am335x-phy-driver 47401b00.usb-phy: dummy supplies not allowed for exclusive requests (id=vbus)
[   15.362582] at24 2-0057: supply vcc not found, using dummy regulator
[   15.456112] tps6521x_pwrbutton tps65217-pwrbutton: DMA mask not set
[   15.555461] input: tps65217_pwrbutton as /devices/platform/ocp/44c00000.interconnect/44c00000.interconnect:segment@200000/44e0b000.target-module/44e0b000.i2c/i2c-0/0-0024/tps65217-pwrbutton/input/input0
[   15.575611] at24 0-0050: 32768 byte 24c256 EEPROM, writable, 1 bytes/write
[[0;32m  OK  [0m] Reached target System Initialization.
[[0;32m  OK  [0m] Started Daily Cleanup of Temporary Directories.
[[0;32m  OK  [0m] Listening on Avahi mDNS/DNS-SD Stack Activation Socket.
[   15.970944] wkup_m3_ipc 44e11324.wkup_m3_ipc: IPC Request for A8->M3 Channel failed! -517
[[0;32m  OK  [0m] Listening on D-Bus System Message Bus Socket.
[[0;32m  OK  [0m] Reached target Sockets.
[[0;32m  OK  [0m] Reached target Basic System.
         Starting LSB: Start busybox udhcpd at boot time...
         Starting Login Service...
[   16.504241] usbcore: registered new interface driver usbfs
[   16.509891] usbcore: registered new interface driver hub
[   16.515518] usbcore: registered new device driver usb
         Starting Generic Board Startup...
         Starting DUN service...
         Starting Avahi mDNS/DNS-SD Stack...
[[0;32m  OK  [0m] Started D-Bus System Message Bus.
[   17.264714] omap-mailbox 480c8000.mailbox: omap mailbox rev 0x400
[   17.318344] remoteproc remoteproc0: powering up wkup_m3
[   17.434817] remoteproc remoteproc0: Direct firmware load for am335x-pm-firmware.elf failed with error -2
[   17.444671] remoteproc remoteproc0: request_firmware failed: -2
[   17.450640] wkup_m3_ipc 44e11324.wkup_m3_ipc: rproc_boot failed
[   17.533387] musb-hdrc musb-hdrc.1: MUSB HDRC host driver
[   17.538892] musb-hdrc musb-hdrc.1: new USB bus registered, assigned bus number 1
[   17.675478] tda998x 0-0070: found TDA19988
[   17.805306] usb usb1: New USB device found, idVendor=1d6b, idProduct=0002, bcdDevice= 6.12
[   17.813873] usb usb1: New USB device strings: Mfr=3, Product=2, SerialNumber=1
[   17.821142] usb usb1: Product: MUSB HDRC host driver
[   17.826217] usb usb1: Manufacturer: Linux 6.12.50 musb-hcd
[   17.831764] usb usb1: SerialNumber: musb-hdrc.1
[   18.282138] hub 1-0:1.0: USB hub found
[   18.331770] hub 1-0:1.0: 1 port detected
[   19.542267] omap_rng 48310000.rng: Random Number Generator ver. 20
[   19.681851] tilcdc 4830e000.lcdc: bound 0-0070 (ops tda998x_audio_codec_init [tda998x])
[   19.816412] [drm] Initialized tilcdc 1.0.0 for 4830e000.lcdc on minor 0
[   19.919449] tilcdc 4830e000.lcdc: [drm] Cannot find any crtc or sizes
[   19.939422] tilcdc 4830e000.lcdc: [drm] Cannot find any crtc or sizes
[   20.793722] PM: Cannot get wkup_m3_ipc handle
[   20.900458] omap-sham 53100000.sham: hw accel on OMAP rev 4.3
[[0;32m  OK  [0m] Started Avahi mDNS/DNS-SD Stack.
[[0;32m  OK  [0m] Started DUN service.
[   21.049182] omap-sham 53100000.sham: will run requests pump with realtime priority
[   21.066950] PM: Cannot get wkup_m3_ipc handle
         Starting Connection service...
[   21.158951] omap-aes 53500000.aes: OMAP AES hw accel rev: 3.2
         Starting System Logging Service...
[   21.243702] omap-aes 53500000.aes: will run requests pump with realtime priority
[   21.252648] PM: Cannot get wkup_m3_ipc handle
         Starting LSB: Load kernel modules needed to enable cpufreq scaling...
         Starting Telephony service...
[[0;32m  OK  [0m] Started Regular background program processing daemon.
         Starting Cape Manager Service...
[[0;32m  OK  [0m] Reached target System Time Synchronized.
[[0;32m  OK  [0m] Started Daily apt download activities.
[[0;32m  OK  [0m] Started Daily apt upgrade and clean activities.
[[0;32m  OK  [0m] Reached target Timers.
[[0;32m  OK  [0m] Started System Logging Service.
[[0;32m  OK  [0m] Started Cape Manager Service.
[   24.562742] Bluetooth: Core ver 2.22
[   24.566567] NET: Registered PF_BLUETOOTH protocol family
[   24.572072] Bluetooth: HCI device and connection manager initialized
[   24.578488] Bluetooth: HCI socket layer initialized
[   24.583477] Bluetooth: L2CAP socket layer initialized
[   24.588589] Bluetooth: SCO socket layer initialized
[   25.139927] PM: Cannot get wkup_m3_ipc handle
[   25.265393] PM: Cannot get wkup_m3_ipc handle
[[0;32m  OK  [0m] Started LSB: Start busybox udhcpd at boot time.
[[0;32m  OK  [0m] Started Raise network interfaces.
[   27.984744] configfs-gadget.g_multi gadget.0: HOST MAC 1c:ba:8c:a2:ed:6c
[   27.991739] configfs-gadget.g_multi gadget.0: MAC 1c:ba:8c:a2:ed:70
[   27.999143] configfs-gadget.g_multi gadget.0: HOST MAC 1c:ba:8c:a2:ed:6c
[   28.006019] configfs-gadget.g_multi gadget.0: MAC 1c:ba:8c:a2:ed:6d
[   28.022196] PM: Cannot get wkup_m3_ipc handle
[[0;32m  OK  [0m] Started LSB: Load kernel modules needed to enable cpufreq scaling.
[[0;32m  OK  [0m] Started Telephony service.
[[0;32m  OK  [0m] Started Connection service.
[[0;32m  OK  [0m] Started Login Service.
[[0;32m  OK  [0m] Reached target Sound Card.
         Starting LSB: set CPUFreq kernel parameters...
[[0;32m  OK  [0m] Reached target Network.
         Starting The Apache HTTP Server...
         Starting Permit User Sessions...
         Starting OpenBSD Secure Shell server...
[[0;32m  OK  [0m] Reached target Network is Online.
         Starting LSB: Advanced IEEE 802.11 management daemon...
[[0;32m  OK  [0m] Started Permit User Sessions.
[[0;32m  OK  [0m] Started LSB: Advanced IEEE 802.11 management daemon.
         Starting Hostname Service...
         Starting WPA supplicant...
[[0;32m  OK  [0m] Started Getty on tty1.
[[0;32m  OK  [0m] Started Serial Getty on ttyS0.
[[0;32m  OK  [0m] Reached target Login Prompts.
[[0;32m  OK  [0m] Started LSB: set CPUFreq kernel parameters.
         Stopping LSB: Start busybox udhcpd at boot time...
[[0;32m  OK  [0m] Started WPA supplicant.
[[0;32m  OK  [0m] Started Hostname Service.
[[0;32m  OK  [0m] Started OpenBSD Secure Shell server.
[[0;32m  OK  [0m] Stopped LSB: Start busybox udhcpd at boot time.
         Starting dnsmasq - A lightweight DHCP and caching DNS server...
[[0;32m  OK  [0m] Started The Apache HTTP Server.
[[0;32m  OK  [0m] Started dnsmasq - A lightweight DHCP and caching DNS server.
[[0;32m  OK  [0m] Reached target Host and Network Name Lookups.
[[0;32m  OK  [0m] Started Serial Getty on ttyGS0.
[[0;32m  OK  [0m] Started Generic Board Startup.
[[0;32m  OK  [0m] Reached target Multi-User System.
[[0;32m  OK  [0m] Reached target Graphical Interface.
         Starting Update UTMP about System Runlevel Changes...
[[0;32m  OK  [0m] Started Update UTMP about System Runlevel Changes.

Debian GNU/Linux 9 arm ttyS0

default username:password is [debian:temppwd]

arm login: root
Password: 
Last login: Sat Jan  1 00:00:33 UTC 2000 on ttyS0
root
Linux arm 6.12.50 #1 SMP Thu Oct  2 16:52:01 EEST 2025 armv7l

The programs included with the Debian GNU/Linux system are free software;
the exact distribution terms for each program are described in the
individual files in /usr/share/doc/*/copyright.

Debian GNU/Linux comes with ABSOLUTELY NO WARRANTY, to the extent
permitted by applicable law.
root@arm:~# root
-bash: root: command not found
root@arm:~# dmesg -n 1
root@arm:~# echo 'MTCM''NCLVXK'
MTCMNCLVXK
root@arm:~# run() { echo -n "$MARKER"; sh -c "$@"; echo "$MARKER $?"; }
root@arm:~# echo 'GAFB''YWAWQX'
GAFBYWAWQX
root@arm:~# MARKER='XWME''BEQPOW' run 'cat /proc/version'
XWMEBEQPOWLinux version 6.12.50 (user01@drvtest01) (arm-none-eabi-gcc (Arm GNU Toolchain 14.2.Rel1 (Build arm-14.52)) 14.2.1 20241119, GNU ld (Arm GNU Toolchain 14.2.Rel1 (Build arm-14.52)) 2.43.1.20241119) #1 SMP Thu Oct  2 16:52:01 EEST 2025
XWMEBEQPOW 0
root@arm:~# echo 'MENS''MHJMEZ'
MENSMHJMEZ
root@arm:~# MARKER='ZHAZ''ZUJWUW' run false
ZHAZZUJWUWZHAZZUJWUW 1
root@arm:~# Labgrid Console Logfile for main
Logfile started at 2025-10-02 16:55:02.064583
=== Log starts here ===

root@arm:~# run() { echo -n "$MARKER"; sh -c "$@"; echo "$MARKER $?"; }
root@arm:~# echo 'PUVT''GAVXAF'
PUVTGAVXAF
root@arm:~# MARKER='LPZV''ESFHVT' run 'ls /iio_generic_buffer; echo $?'
LPZVESFHVT/iio_generic_buffer
0
LPZVESFHVT 0
root@arm:~# Labgrid Console Logfile for main
Logfile started at 2025-10-02 16:55:05.392737
=== Log starts here ===

root@arm:~# run() { echo -n "$MARKER"; sh -c "$@"; echo "$MARKER $?"; }
root@arm:~# echo 'FGPC''UXNUES'
FGPCUXNUES
root@arm:~# MARKER='NHWF''FOXZKK' run dmesg
NHWFFOXZKK[    0.000000] Booting Linux on physical CPU 0x0
[    0.000000] Linux version 6.12.50 (user01@drvtest01) (arm-none-eabi-gcc (Arm GNU Toolchain 14.2.Rel1 (Build arm-14.52)) 14.2.1 20241119, GNU ld (Arm GNU Toolchain 14.2.Rel1 (Build arm-14.52)) 2.43.1.20241119) #1 SMP Thu Oct  2 16:52:01 EEST 2025
[    0.000000] CPU: ARMv7 Processor [413fc082] revision 2 (ARMv7), cr=10c5387d
[    0.000000] CPU: PIPT / VIPT nonaliasing data cache, VIPT aliasing instruction cache
[    0.000000] OF: fdt: Machine model: TI AM335x BeagleBone Black
[    0.000000] Memory policy: Data cache writeback
[    0.000000] cma: Reserved 16 MiB at 0x9e800000 on node -1
[    0.000000] Zone ranges:
[    0.000000]   Normal   [mem 0x0000000080000000-0x000000009fdfffff]
[    0.000000]   HighMem  empty
[    0.000000] Movable zone start for each node
[    0.000000] Early memory node ranges
[    0.000000]   node   0: [mem 0x0000000080000000-0x000000009fdfffff]
[    0.000000] Initmem setup node 0 [mem 0x0000000080000000-0x000000009fdfffff]
[    0.000000] OF: reserved mem: Reserved memory: No reserved-memory node in the DT
[    0.000000] CPU: All CPU(s) started in SVC mode.
[    0.000000] AM335X ES2.1 (sgx neon)
[    0.000000] percpu: Embedded 17 pages/cpu s40396 r8192 d21044 u69632
[    0.000000] pcpu-alloc: s40396 r8192 d21044 u69632 alloc=17*4096
[    0.000000] pcpu-alloc: [0] 0 
[    0.000000] Kernel command line: console=ttyO0,115200n8 root=/dev/nfs rw nfsroot=192.168.255.126:/home/user01/nfs,nfsvers=3 ip=192.168.255.1:192.168.255.126::255.255.255.0:bbb1:eth0 nfsrootdebug
[    0.000000] Unknown kernel command line parameters "nfsrootdebug", will be passed to user space.
[    0.000000] Dentry cache hash table entries: 65536 (order: 6, 262144 bytes, linear)
[    0.000000] Inode-cache hash table entries: 32768 (order: 5, 131072 bytes, linear)
[    0.000000] Built 1 zonelists, mobility grouping on.  Total pages: 130560
[    0.000000] mem auto-init: stack:off, heap alloc:off, heap free:off
[    0.000000] SLUB: HWalign=64, Order=0-3, MinObjects=0, CPUs=1, Nodes=1
[    0.000000] rcu: Hierarchical RCU implementation.
[    0.000000] rcu: 	RCU event tracing is enabled.
[    0.000000] rcu: 	RCU restricting CPUs from NR_CPUS=2 to nr_cpu_ids=1.
[    0.000000] rcu: RCU calculated value of scheduler-enlistment delay is 10 jiffies.
[    0.000000] rcu: Adjusting geometry for rcu_fanout_leaf=16, nr_cpu_ids=1
[    0.000000] NR_IRQS: 16, nr_irqs: 16, preallocated irqs: 16
[    0.000000] IRQ: Found an INTC at 0x(ptrval) (revision 5.0) with 128 interrupts
[    0.000000] rcu: srcu_init: Setting srcu_struct sizes based on contention.
[    0.000000] TI gptimer clocksource: always-on /ocp/interconnect@44c00000/segment@200000/target-module@31000
[    0.000002] sched_clock: 32 bits at 24MHz, resolution 41ns, wraps every 89478484971ns
[    0.000027] clocksource: dmtimer: mask: 0xffffffff max_cycles: 0xffffffff, max_idle_ns: 79635851949 ns
[    0.000495] TI gptimer clockevent: 24000000 Hz at /ocp/interconnect@48000000/segment@0/target-module@40000
[    0.002095] Console: colour dummy device 80x30
[    0.002160] WARNING: Your 'console=ttyO0' has been replaced by 'ttyS0'
[    0.002168] This ensures that you still see kernel messages. Please
[    0.002173] update your kernel commandline.
[    0.002215] Calibrating delay loop... 996.14 BogoMIPS (lpj=4980736)
[    0.090608] CPU: Testing write buffer coherency: ok
[    0.090691] CPU0: Spectre v2: using BPIALL workaround
[    0.090702] pid_max: default: 32768 minimum: 301
[    0.090827] LSM: initializing lsm=capability
[    0.091002] Mount-cache hash table entries: 1024 (order: 0, 4096 bytes, linear)
[    0.091023] Mountpoint-cache hash table entries: 1024 (order: 0, 4096 bytes, linear)
[    0.092584] CPU0: thread -1, cpu 0, socket -1, mpidr 0
[    0.094654] Setting up static identity map for 0x80100000 - 0x80100078
[    0.094968] rcu: Hierarchical SRCU implementation.
[    0.094977] rcu: 	Max phase no-delay instances is 1000.
[    0.096739] smp: Bringing up secondary CPUs ...
[    0.096791] smp: Brought up 1 node, 1 CPU
[    0.096805] SMP: Total of 1 processors activated (996.14 BogoMIPS).
[    0.096817] CPU: All CPU(s) started in SVC mode.
[    0.097004] Memory: 480856K/522240K available (11264K kernel code, 1220K rwdata, 2880K rodata, 1024K init, 298K bss, 23372K reserved, 16384K cma-reserved, 0K highmem)
[    0.097826] devtmpfs: initialized
[    0.114331] VFP support v0.3: implementor 41 architecture 3 part 30 variant c rev 3
[    0.114667] clocksource: jiffies: mask: 0xffffffff max_cycles: 0xffffffff, max_idle_ns: 19112604462750000 ns
[    0.114701] futex hash table entries: 256 (order: 2, 16384 bytes, linear)
[    0.115964] pinctrl core: initialized pinctrl subsystem
[    0.118084] NET: Registered PF_NETLINK/PF_ROUTE protocol family
[    0.121183] DMA: preallocated 256 KiB pool for atomic coherent allocations
[    0.122092] audit: initializing netlink subsys (disabled)
[    0.123442] thermal_sys: Registered thermal governor 'fair_share'
[    0.123459] thermal_sys: Registered thermal governor 'step_wise'
[    0.123467] thermal_sys: Registered thermal governor 'user_space'
[    0.123581] audit: type=2000 audit(0.120:1): state=initialized audit_enabled=0 res=1
[    0.123654] cpuidle: using governor menu
[    0.141404] /ocp/interconnect@44c00000/segment@200000/target-module@b000/i2c@0/tda19988@70: Fixed dependency cycle(s) with /ocp/interconnect@48000000/segment@300000/target-module@e000/lcdc@0
[    0.142529] /ocp/interconnect@48000000/segment@300000/target-module@e000/lcdc@0: Fixed dependency cycle(s) with /ocp/interconnect@44c00000/segment@200000/target-module@b000/i2c@0/tda19988@70
[    0.144695] No ATAGs?
[    0.144714] hw-breakpoint: debug architecture 0x4 unsupported.
[    0.147332] kprobes: kprobe jump-optimization is enabled. All kprobes are optimized if possible.
[    0.153985] iommu: Default domain type: Translated
[    0.154008] iommu: DMA domain TLB invalidation policy: strict mode
[    0.155567] reg-fixed-voltage fixedregulator0: using DT '/fixedregulator0' for '(default)' GPIO lookup
[    0.155622] of_get_named_gpiod_flags: can't parse 'gpios' property of node '/fixedregulator0[0]'
[    0.155653] of_get_named_gpiod_flags: can't parse 'gpio' property of node '/fixedregulator0[0]'
[    0.155672] reg-fixed-voltage fixedregulator0: using lookup tables for GPIO lookup
[    0.155685] reg-fixed-voltage fixedregulator0: No GPIO consumer (default) found
[    0.161413] SCSI subsystem initialized
[    0.161903] libata version 3.00 loaded.
[    0.162263] pps_core: LinuxPPS API ver. 1 registered
[    0.162274] pps_core: Software ver. 5.3.6 - Copyright 2005-2007 Rodolfo Giometti <giometti@linux.it>
[    0.162298] PTP clock support registered
[    0.171129] vgaarb: loaded
[    0.171484] clocksource: Switched to clocksource dmtimer
[    0.172128] VFS: Disk quotas dquot_6.6.0
[    0.172168] VFS: Dquot-cache hash table entries: 1024 (order 0, 4096 bytes)
[    0.197489] NET: Registered PF_INET protocol family
[    0.197856] IP idents hash table entries: 8192 (order: 4, 65536 bytes, linear)
[    0.199233] tcp_listen_portaddr_hash hash table entries: 512 (order: 0, 4096 bytes, linear)
[    0.199268] Table-perturb hash table entries: 65536 (order: 6, 262144 bytes, linear)
[    0.199285] TCP established hash table entries: 4096 (order: 2, 16384 bytes, linear)
[    0.199330] TCP bind hash table entries: 4096 (order: 4, 65536 bytes, linear)
[    0.199430] TCP: Hash tables configured (established 4096 bind 4096)
[    0.199546] UDP hash table entries: 256 (order: 1, 8192 bytes, linear)
[    0.199573] UDP-Lite hash table entries: 256 (order: 1, 8192 bytes, linear)
[    0.199740] NET: Registered PF_UNIX/PF_LOCAL protocol family
[    0.201022] RPC: Registered named UNIX socket transport module.
[    0.201043] RPC: Registered udp transport module.
[    0.201049] RPC: Registered tcp transport module.
[    0.201054] RPC: Registered tcp-with-tls transport module.
[    0.201059] RPC: Registered tcp NFSv4.1 backchannel transport module.
[    0.201081] PCI: CLS 0 bytes, default 64
[    0.202606] Initialise system trusted keyrings
[    0.212101] workingset: timestamp_bits=14 max_order=17 bucket_order=3
[    0.213406] NFS: Registering the id_resolver key type
[    0.213471] Key type id_resolver registered
[    0.213478] Key type id_legacy registered
[    0.213527] jffs2: version 2.2. (NAND) (SUMMARY)  Â© 2001-2006 Red Hat, Inc.
[    0.213942] Key type asymmetric registered
[    0.213957] Asymmetric key parser 'x509' registered
[    0.214026] io scheduler mq-deadline registered
[    0.214036] io scheduler kyber registered
[    0.214101] io scheduler bfq registered
[    0.215952] target-module@4b000000:target-module@140000:pmu@0:fck: device ID is greater than 24
[    0.222112] l3-aon-clkctrl:0000:0: failed to disable
[    0.222378] ledtrig-cpu: registered to indicate activity on CPUs
[    0.232318] Serial: 8250/16550 driver, 6 ports, IRQ sharing enabled
[    0.267511] brd: module loaded
[    0.285315] loop: module loaded
[    0.286232] mtdoops: mtd device (mtddev=name/number) must be supplied
[    0.287936] mdio_bus fixed-0: using lookup tables for GPIO lookup
[    0.287959] mdio_bus fixed-0: No GPIO consumer reset found
[    0.289317] i2c_dev: i2c /dev entries driver
[    0.290285] cpuidle: enable-method property 'ti,am3352' found operations
[    0.290725] sdhci: Secure Digital Host Controller Interface driver
[    0.290733] sdhci: Copyright(c) Pierre Ossman
[    0.290908] sdhci-pltfm: SDHCI platform and OF driver helper
[    0.303654] hw perfevents: enabled with armv7_cortex_a8 PMU driver, 5 (8000000f) counters available
[    0.304176] Initializing XFRM netlink socket
[    0.304315] NET: Registered PF_INET6 protocol family
[    0.309962] l3-aon-clkctrl:0000:0: failed to disable
[    0.311316] Segment Routing with IPv6
[    0.311396] In-situ OAM (IOAM) with IPv6
[    0.311648] sit: IPv6, IPv4 and MPLS over IPv4 tunneling driver
[    0.312599] NET: Registered PF_PACKET protocol family
[    0.312625] NET: Registered PF_KEY protocol family
[    0.312739] Key type dns_resolver registered
[    0.312963] ThumbEE CPU extension supported.
[    0.312985] Registering SWP/SWPB emulation handler
[    0.313503] omap_voltage_late_init: Voltage driver support not added
[    0.314196] SmartReflex Class3 initialized
[    0.343965] Loading compiled-in X.509 certificates
[    0.388064] /ocp/interconnect@44c00000/segment@200000/target-module@b000/i2c@0/tda19988@70: Fixed dependency cycle(s) with /ocp/interconnect@48000000/segment@300000/target-module@e000/lcdc@0
[    0.394448] /ocp/interconnect@44c00000/segment@200000/target-module@b000/i2c@0/tda19988@70: Fixed dependency cycle(s) with /ocp/interconnect@48000000/segment@300000/target-module@e000/lcdc@0
[    0.399716] gpiochip_find_base_unlocked: found new base at 512
[    0.433765] /ocp/interconnect@44c00000/segment@200000/target-module@b000/i2c@0/tda19988@70: Fixed dependency cycle(s) with /ocp/interconnect@48000000/segment@300000/target-module@e000/lcdc@0
[    0.434618] /ocp/interconnect@44c00000/segment@200000/target-module@b000/i2c@0/tda19988@70: Fixed dependency cycle(s) with /ocp/interconnect@48000000/segment@300000/target-module@e000/lcdc@0
[    0.437834] /ocp/interconnect@44c00000/segment@200000/target-module@10000/scm@0/pinmux@800: Fixed dependency cycle(s) with /ocp/interconnect@44c00000/segment@200000/target-module@10000/scm@0/pinmux@800/clkout2-pins
[    0.438432] pinctrl-single 44e10800.pinmux: 142 pins, size 568
[    0.443636] ti-sysc 44e31000.target-module: probe with driver ti-sysc failed with error -16
[    0.469614] /ocp/interconnect@48000000/segment@300000/target-module@e000/lcdc@0: Fixed dependency cycle(s) with /ocp/interconnect@44c00000/segment@200000/target-module@b000/i2c@0/tda19988@70
[    0.477401] ti-sysc 48040000.target-module: probe with driver ti-sysc failed with error -16
[    0.488254] gpiochip_find_base_unlocked: found new base at 512
[    0.488350] gpio gpiochip0: (gpio-0-31): created GPIO range 0->7 ==> 44e10800.pinmux PIN 0->7
[    0.488369] gpio gpiochip0: (gpio-0-31): created GPIO range 8->11 ==> 44e10800.pinmux PIN 90->93
[    0.488384] gpio gpiochip0: (gpio-0-31): created GPIO range 12->27 ==> 44e10800.pinmux PIN 12->27
[    0.488399] gpio gpiochip0: (gpio-0-31): created GPIO range 28->31 ==> 44e10800.pinmux PIN 30->33
[    0.522079] gpio gpiochip0: (gpio-0-31): added GPIO chardev (254:0)
[    0.522247] gpio gpiochip0: registered GPIOs 512 to 543 on gpio-0-31
[    0.522338] OMAP GPIO hardware version 0.1
[    0.561721] i2c i2c-2: using DT '/ocp/interconnect@48000000/segment@100000/target-module@9c000/i2c@0' for 'scl' GPIO lookup
[    0.561793] of_get_named_gpiod_flags: can't parse 'scl-gpios' property of node '/ocp/interconnect@48000000/segment@100000/target-module@9c000/i2c@0[0]'
[    0.561837] of_get_named_gpiod_flags: can't parse 'scl-gpio' property of node '/ocp/interconnect@48000000/segment@100000/target-module@9c000/i2c@0[0]'
[    0.561874] i2c i2c-2: using lookup tables for GPIO lookup
[    0.561884] i2c i2c-2: No GPIO consumer scl found
[    0.561905] i2c i2c-2: using DT '/ocp/interconnect@48000000/segment@100000/target-module@9c000/i2c@0' for 'sda' GPIO lookup
[    0.561940] of_get_named_gpiod_flags: can't parse 'sda-gpios' property of node '/ocp/interconnect@48000000/segment@100000/target-module@9c000/i2c@0[0]'
[    0.561977] of_get_named_gpiod_flags: can't parse 'sda-gpio' property of node '/ocp/interconnect@48000000/segment@100000/target-module@9c000/i2c@0[0]'
[    0.562008] i2c i2c-2: using lookup tables for GPIO lookup
[    0.562015] i2c i2c-2: No GPIO consumer sda found
[    0.562725] omap_i2c 4819c000.i2c: bus 2 rev0.11 at 100 kHz
[    0.567954] gpiochip_find_base_unlocked: found new base at 544
[    0.568050] gpio gpiochip1: (gpio-32-63): created GPIO range 0->17 ==> 44e10800.pinmux PIN 34->51
[    0.568070] gpio gpiochip1: (gpio-32-63): created GPIO range 18->21 ==> 44e10800.pinmux PIN 77->80
[    0.568085] gpio gpiochip1: (gpio-32-63): created GPIO range 22->31 ==> 44e10800.pinmux PIN 56->65
[    0.579174] gpio gpiochip1: (gpio-32-63): added GPIO chardev (254:1)
[    0.579342] gpio gpiochip1: registered GPIOs 544 to 575 on gpio-32-63
[    0.581678] gpiochip_find_base_unlocked: found new base at 576
[    0.581777] gpio gpiochip2: (gpio-64-95): created GPIO range 0->4 ==> 44e10800.pinmux PIN 66->70
[    0.581797] gpio gpiochip2: (gpio-64-95): created GPIO range 5->6 ==> 44e10800.pinmux PIN 98->99
[    0.581812] gpio gpiochip2: (gpio-64-95): created GPIO range 7->8 ==> 44e10800.pinmux PIN 75->76
[    0.581826] gpio gpiochip2: (gpio-64-95): created GPIO range 13->13 ==> 44e10800.pinmux PIN 141->141
[    0.581842] gpio gpiochip2: (gpio-64-95): created GPIO range 14->21 ==> 44e10800.pinmux PIN 100->107
[    0.596534] gpio gpiochip2: (gpio-64-95): added GPIO chardev (254:2)
[    0.596670] gpio gpiochip2: registered GPIOs 576 to 607 on gpio-64-95
[    0.602235] 48000000.interconnect:segment@200000:target-module@0:mpu@0:fck: device ID is greater than 24
[    0.603135] /ocp/interconnect@48000000/segment@300000/target-module@e000/lcdc@0: Fixed dependency cycle(s) with /ocp/interconnect@44c00000/segment@200000/target-module@b000/i2c@0/tda19988@70
[    0.605749] /ocp/interconnect@48000000/segment@300000/target-module@e000/lcdc@0: Fixed dependency cycle(s) with /ocp/interconnect@44c00000/segment@200000/target-module@b000/i2c@0/tda19988@70
[    0.606420] /ocp/interconnect@44c00000/segment@200000/target-module@b000/i2c@0/tda19988@70: Fixed dependency cycle(s) with /ocp/interconnect@48000000/segment@300000/target-module@e000/lcdc@0
[    0.606580] /ocp/interconnect@48000000/segment@300000/target-module@e000/lcdc@0: Fixed dependency cycle(s) with /ocp/interconnect@44c00000/segment@200000/target-module@b000/i2c@0/tda19988@70
[    0.615881] mdio_bus 4a101000.mdio: using DT '/ocp/interconnect@4a000000/segment@0/target-module@100000/switch@0/mdio@1000' for 'reset' GPIO lookup
[    0.615953] of_get_named_gpiod_flags: can't parse 'reset-gpios' property of node '/ocp/interconnect@4a000000/segment@0/target-module@100000/switch@0/mdio@1000[0]'
[    0.616002] of_get_named_gpiod_flags: can't parse 'reset-gpio' property of node '/ocp/interconnect@4a000000/segment@0/target-module@100000/switch@0/mdio@1000[0]'
[    0.616050] mdio_bus 4a101000.mdio: using lookup tables for GPIO lookup
[    0.616059] mdio_bus 4a101000.mdio: No GPIO consumer reset found
[    0.616978] sdhci-omap 481d8000.mmc: using DT '/ocp/interconnect@48000000/segment@100000/target-module@d8000/mmc@0' for 'wp' GPIO lookup
[    0.617034] of_get_named_gpiod_flags: can't parse 'wp-gpios' property of node '/ocp/interconnect@48000000/segment@100000/target-module@d8000/mmc@0[0]'
[    0.617078] of_get_named_gpiod_flags: can't parse 'wp-gpio' property of node '/ocp/interconnect@48000000/segment@100000/target-module@d8000/mmc@0[0]'
[    0.617112] sdhci-omap 481d8000.mmc: using lookup tables for GPIO lookup
[    0.617122] sdhci-omap 481d8000.mmc: No GPIO consumer wp found
[    0.617314] sdhci-omap 481d8000.mmc: supply pbias not found, using dummy regulator
[    0.617792] sdhci-omap 481d8000.mmc: supply vqmmc not found, using dummy regulator
[    0.680535] davinci_mdio 4a101000.mdio: davinci mdio revision 1.6, bus freq 1000000
[    0.695303] mdio_bus 4a101000.mdio:00: using DT '/ocp/interconnect@4a000000/segment@0/target-module@100000/switch@0/mdio@1000/ethernet-phy@0' for 'reset' GPIO lookup
[    0.695407] of_get_named_gpiod_flags: parsed 'reset-gpios' property of node '/ocp/interconnect@4a000000/segment@0/target-module@100000/switch@0/mdio@1000/ethernet-phy@0[0]' - status (0)
[    0.695570] gpio gpiochip0: Persistence not supported for GPIO 8
[    0.786964] davinci_mdio 4a101000.mdio: phy[0]: device 4a101000.mdio:00, driver SMSC LAN8710/LAN8720
[    0.787730] cpsw-switch 4a100000.switch: initialized cpsw ale version 1.4
[    0.787753] cpsw-switch 4a100000.switch: ALE Table size 1024, Policers 0
[    0.787896] cpsw-switch 4a100000.switch: cpts: overflow check period 500 (jiffies)
[    0.787911] cpsw-switch 4a100000.switch: CPTS: ref_clk_freq:250000000 calc_mult:2147483648 calc_shift:29 error:0 nsec/sec
[    0.788016] cpsw-switch 4a100000.switch: Detected MACID = 6c:ec:eb:68:de:78
[    0.789848] cpsw-switch 4a100000.switch: initialized (regs 0x4a100000, pool size 256) hw_ver:0019010C 1.12 (0)
[    0.800390] debugfs: Directory '49000000.dma' with parent 'dmaengine' already present!
[    0.800431] edma 49000000.dma: TI EDMA DMA engine driver
[    0.845981] gpio-clk clk_mcasp0: using DT '/clk_mcasp0' for 'enable' GPIO lookup
[    0.846061] of_get_named_gpiod_flags: parsed 'enable-gpios' property of node '/clk_mcasp0[0]' - status (0)
[    0.846105] gpio gpiochip0: Persistence not supported for GPIO 27
[    0.846986] gpiochip_find_base_unlocked: found new base at 608
[    0.847097] gpio gpiochip3: (gpio-96-127): created GPIO range 0->7 ==> 44e10800.pinmux PIN 82->89
[    0.847117] gpio gpiochip3: (gpio-96-127): created GPIO range 8->11 ==> 44e10800.pinmux PIN 52->55
[    0.847132] gpio gpiochip3: (gpio-96-127): created GPIO range 12->15 ==> 44e10800.pinmux PIN 94->97
[    0.847148] gpio gpiochip3: (gpio-96-127): created GPIO range 16->17 ==> 44e10800.pinmux PIN 71->72
[    0.847163] gpio gpiochip3: (gpio-96-127): created GPIO range 18->18 ==> 44e10800.pinmux PIN 135->135
[    0.847179] gpio gpiochip3: (gpio-96-127): created GPIO range 19->20 ==> 44e10800.pinmux PIN 108->109
[    0.847195] gpio gpiochip3: (gpio-96-127): created GPIO range 21->21 ==> 44e10800.pinmux PIN 73->73
[    0.847212] gpio gpiochip3: (gpio-96-127): created GPIO range 22->23 ==> 44e10800.pinmux PIN 8->9
[    0.847228] gpio gpiochip3: (gpio-96-127): created GPIO range 26->27 ==> 44e10800.pinmux PIN 10->11
[    0.847245] gpio gpiochip3: (gpio-96-127): created GPIO range 28->28 ==> 44e10800.pinmux PIN 74->74
[    0.847262] gpio gpiochip3: (gpio-96-127): created GPIO range 29->29 ==> 44e10800.pinmux PIN 81->81
[    0.847280] gpio gpiochip3: (gpio-96-127): created GPIO range 30->31 ==> 44e10800.pinmux PIN 28->29
[    0.849551] gpio gpiochip3: (gpio-96-127): added GPIO chardev (254:3)
[    0.849714] gpio gpiochip3: registered GPIOs 608 to 639 on gpio-96-127
[    0.851827] omap8250 44e09000.serial: using DT '/ocp/interconnect@44c00000/segment@200000/target-module@9000/serial@0' for 'rs485-term' GPIO lookup
[    0.851903] of_get_named_gpiod_flags: can't parse 'rs485-term-gpios' property of node '/ocp/interconnect@44c00000/segment@200000/target-module@9000/serial@0[0]'
[    0.851950] of_get_named_gpiod_flags: can't parse 'rs485-term-gpio' property of node '/ocp/interconnect@44c00000/segment@200000/target-module@9000/serial@0[0]'
[    0.851987] omap8250 44e09000.serial: using lookup tables for GPIO lookup
[    0.851996] omap8250 44e09000.serial: No GPIO consumer rs485-term found
[    0.852006] omap8250 44e09000.serial: using DT '/ocp/interconnect@44c00000/segment@200000/target-module@9000/serial@0' for 'rs485-rx-during-tx' GPIO lookup
[    0.852041] of_get_named_gpiod_flags: can't parse 'rs485-rx-during-tx-gpios' property of node '/ocp/interconnect@44c00000/segment@200000/target-module@9000/serial@0[0]'
[    0.852078] of_get_named_gpiod_flags: can't parse 'rs485-rx-during-tx-gpio' property of node '/ocp/interconnect@44c00000/segment@200000/target-module@9000/serial@0[0]'
[    0.852109] omap8250 44e09000.serial: using lookup tables for GPIO lookup
[    0.852117] omap8250 44e09000.serial: No GPIO consumer rs485-rx-during-tx found
[    0.852556] 44e09000.serial: ttyS0 at MMIO 0x44e09000 (irq = 34, base_baud = 3000000) is a 8250
[    0.852645] printk: legacy console [ttyS0] enabled
[    2.309857] i2c i2c-0: using DT '/ocp/interconnect@44c00000/segment@200000/target-module@b000/i2c@0' for 'scl' GPIO lookup
[    2.309943] of_get_named_gpiod_flags: can't parse 'scl-gpios' property of node '/ocp/interconnect@44c00000/segment@200000/target-module@b000/i2c@0[0]'
[    2.309992] of_get_named_gpiod_flags: can't parse 'scl-gpio' property of node '/ocp/interconnect@44c00000/segment@200000/target-module@b000/i2c@0[0]'
[    2.310033] i2c i2c-0: using lookup tables for GPIO lookup
[    2.310047] i2c i2c-0: No GPIO consumer scl found
[    2.310073] i2c i2c-0: using DT '/ocp/interconnect@44c00000/segment@200000/target-module@b000/i2c@0' for 'sda' GPIO lookup
[    2.310112] of_get_named_gpiod_flags: can't parse 'sda-gpios' property of node '/ocp/interconnect@44c00000/segment@200000/target-module@b000/i2c@0[0]'
[    2.310153] of_get_named_gpiod_flags: can't parse 'sda-gpio' property of node '/ocp/interconnect@44c00000/segment@200000/target-module@b000/i2c@0[0]'
[    2.310189] i2c i2c-0: using lookup tables for GPIO lookup
[    2.310200] i2c i2c-0: No GPIO consumer sda found
[    2.322483] tps65217-pmic: Failed to locate of_node [id: -1]
[    2.328562] tps65217-bl: Failed to locate of_node [id: -1]
[    2.339842] tps65217 0-0024: TPS65217 ID 0xe version 1.2
[    2.345970] /ocp/interconnect@48000000/segment@300000/target-module@e000/lcdc@0: Fixed dependency cycle(s) with /ocp/interconnect@44c00000/segment@200000/target-module@b000/i2c@0/tda19988@70
[    2.363319] /ocp/interconnect@44c00000/segment@200000/target-module@b000/i2c@0/tda19988@70: Fixed dependency cycle(s) with /ocp/interconnect@48000000/segment@300000/target-module@e000/lcdc@0
[    2.380688] omap_i2c 44e0b000.i2c: bus 0 rev0.11 at 400 kHz
[    2.388467] sdhci-omap 48060000.mmc: using DT '/ocp/interconnect@48000000/segment@0/target-module@60000/mmc@0' for 'cd' GPIO lookup
[    2.388575] of_get_named_gpiod_flags: parsed 'cd-gpios' property of node '/ocp/interconnect@48000000/segment@0/target-module@60000/mmc@0[0]' - status (0)
[    2.388642] gpio gpiochip3: Persistence not supported for GPIO 6
[    2.388668] omap_gpio 44e07000.gpio: Could not set line 6 debounce to 200000 microseconds (-22)
[    2.397552] sdhci-omap 48060000.mmc: Got CD GPIO
[    2.402251] sdhci-omap 48060000.mmc: using DT '/ocp/interconnect@48000000/segment@0/target-module@60000/mmc@0' for 'wp' GPIO lookup
[    2.402300] of_get_named_gpiod_flags: can't parse 'wp-gpios' property of node '/ocp/interconnect@48000000/segment@0/target-module@60000/mmc@0[0]'
[    2.402344] of_get_named_gpiod_flags: can't parse 'wp-gpio' property of node '/ocp/interconnect@48000000/segment@0/target-module@60000/mmc@0[0]'
[    2.402383] sdhci-omap 48060000.mmc: using lookup tables for GPIO lookup
[    2.402397] sdhci-omap 48060000.mmc: No GPIO consumer wp found
[    2.402604] sdhci-omap 48060000.mmc: supply pbias not found, using dummy regulator
[    2.411252] sdhci-omap 481d8000.mmc: using DT '/ocp/interconnect@48000000/segment@100000/target-module@d8000/mmc@0' for 'wp' GPIO lookup
[    2.411324] of_get_named_gpiod_flags: can't parse 'wp-gpios' property of node '/ocp/interconnect@48000000/segment@100000/target-module@d8000/mmc@0[0]'
[    2.411373] of_get_named_gpiod_flags: can't parse 'wp-gpio' property of node '/ocp/interconnect@48000000/segment@100000/target-module@d8000/mmc@0[0]'
[    2.411413] sdhci-omap 481d8000.mmc: using lookup tables for GPIO lookup
[    2.411426] sdhci-omap 481d8000.mmc: No GPIO consumer wp found
[    2.412575] sdhci-omap 48060000.mmc: supply vqmmc not found, using dummy regulator
[    2.421421] sdhci-omap 481d8000.mmc: supply pbias not found, using dummy regulator
[    2.429544] sdhci-omap 481d8000.mmc: supply vqmmc not found, using dummy regulator
[    2.467489] mmc1: SDHCI controller on 481d8000.mmc [481d8000.mmc] using External DMA
[    2.476550] mmc0: SDHCI controller on 48060000.mmc [48060000.mmc] using External DMA
[    2.485412] cpsw-switch 4a100000.switch: starting ndev. mode: dual_mac
[    2.551872] mmc1: new high speed MMC card at address 0001
[    2.558682] mmcblk1: mmc1:0001 MMC04G 3.60 GiB
[    2.566344]  mmcblk1: p1 p2
[    2.570149] SMSC LAN8710/LAN8720 4a101000.mdio:00: attached PHY driver (mii_bus:phy_addr=4a101000.mdio:00, irq=POLL)
[    2.582716] mmcblk1boot0: mmc1:0001 MMC04G 2.00 MiB
[    2.594916] mmcblk1boot1: mmc1:0001 MMC04G 2.00 MiB
[    2.602044] mmcblk1rpmb: mmc1:0001 MMC04G 128 KiB, chardev (250:0)
[    2.655104] mmc0: new high speed SDHC card at address aaaa
[    2.662014] mmcblk0: mmc0:aaaa SE32G 29.7 GiB
[    2.670976]  mmcblk0: p1 p2
[    5.762256] cpsw-switch 4a100000.switch eth0: Link is Up - 100Mbps/Full - flow control off
[    5.791503] IP-Config: Complete:
[    5.794775]      device=eth0, hwaddr=6c:ec:eb:68:de:78, ipaddr=192.168.255.1, mask=255.255.255.0, gw=255.255.255.255
[    5.805415]      host=bbb1, domain=, nis-domain=(none)
[    5.810583]      bootserver=192.168.255.126, rootserver=192.168.255.126, rootpath=
[    5.810996] clk: Disabling unused clocks
[    5.822855] PM: genpd: Disabling unused power domains
[    5.827973] KTAP version 1
[    5.830694] 1..0
[    5.855563] VFS: Mounted root (nfs filesystem) on device 0:17.
[    5.862714] devtmpfs: mounted
[    5.867123] Freeing unused kernel image (initmem) memory: 1024K
[    5.873995] Run /sbin/init as init process
[    5.878128]   with arguments:
[    5.878141]     /sbin/init
[    5.878150]     nfsrootdebug
[    5.878159]   with environment:
[    5.878168]     HOME=/
[    5.878177]     TERM=linux
[    6.565584] systemd[1]: System time before build time, advancing clock.
[    8.031508] random: crng init done
[    8.073129] systemd[1]: systemd 232 running in system mode. (+PAM +AUDIT +SELINUX +IMA +APPARMOR +SMACK +SYSVINIT +UTMP +LIBCRYPTSETUP +GCRYPT +GNUTLS +ACL +XZ +LZ4 +SECCOMP +BLKID +ELFUTILS +KMOD +IDN)
[    8.092308] systemd[1]: Detected architecture arm.
[    8.124613] systemd[1]: Set hostname to <arm>.
[    9.210541] systemd[1]: Listening on Journal Socket.
[    9.233065] systemd[1]: Created slice User and Session Slice.
[    9.262563] systemd[1]: Listening on Journal Audit Socket.
[    9.291893] systemd[1]: Reached target Swap.
[    9.312353] systemd[1]: Started Dispatch Password Requests to Console Directory Watch.
[    9.342274] systemd[1]: Started Forward Password Requests to Wall Directory Watch.
[    9.371822] systemd[1]: Reached target Encrypted Volumes.
[   11.633784] systemd-journald[85]: Received request to flush runtime journal from PID 1
[   14.175606] leds-gpio leds: using DT '/leds/led2' for '(default)' GPIO lookup
[   14.175707] of_get_named_gpiod_flags: parsed 'gpios' property of node '/leds/led2[0]' - status (0)
[   14.175764] gpio gpiochip0: Persistence not supported for GPIO 21
[   14.175780] gpio-533 (?): no flags found for GPIO (default)
[   14.242104] leds-gpio leds: using DT '/leds/led3' for '(default)' GPIO lookup
[   14.242212] of_get_named_gpiod_flags: parsed 'gpios' property of node '/leds/led3[0]' - status (0)
[   14.242271] gpio gpiochip0: Persistence not supported for GPIO 22
[   14.242286] gpio-534 (?): no flags found for GPIO (default)
[   14.272802] leds-gpio leds: using DT '/leds/led4' for '(default)' GPIO lookup
[   14.272912] of_get_named_gpiod_flags: parsed 'gpios' property of node '/leds/led4[0]' - status (0)
[   14.272966] gpio gpiochip0: Persistence not supported for GPIO 23
[   14.272981] gpio-535 (?): no flags found for GPIO (default)
[   14.324186] leds-gpio leds: using DT '/leds/led5' for '(default)' GPIO lookup
[   14.324291] of_get_named_gpiod_flags: parsed 'gpios' property of node '/leds/led5[0]' - status (0)
[   14.324343] gpio gpiochip0: Persistence not supported for GPIO 24
[   14.324358] gpio-536 (?): no flags found for GPIO (default)
[   14.800756] remoteproc remoteproc0: wkup_m3 is available
[   14.826842] omap_rtc 44e3e000.rtc: registered as rtc0
[   14.832232] omap_rtc 44e3e000.rtc: setting system clock to 2000-01-01T00:00:00 UTC (946684800)
[   14.841132] omap_rtc 44e3e000.rtc: using DT '/ocp/interconnect@44c00000/segment@200000/target-module@3e000/rtc@0' for 'wp' GPIO lookup
[   14.841207] of_get_named_gpiod_flags: can't parse 'wp-gpios' property of node '/ocp/interconnect@44c00000/segment@200000/target-module@3e000/rtc@0[0]'
[   14.841258] of_get_named_gpiod_flags: can't parse 'wp-gpio' property of node '/ocp/interconnect@44c00000/segment@200000/target-module@3e000/rtc@0[0]'
[   14.841300] omap_rtc 44e3e000.rtc: using lookup tables for GPIO lookup
[   14.841315] omap_rtc 44e3e000.rtc: No GPIO consumer wp found
[   14.973408] at24 2-0054: supply vcc not found, using dummy regulator
[   15.034943] omap_wdt: OMAP Watchdog Timer Rev 0x01: initial timeout 60 sec
[   15.112149] am335x-phy-driver 47401300.usb-phy: using DT '/ocp/target-module@47400000/usb-phy@1300' for 'reset' GPIO lookup
[   15.112241] of_get_named_gpiod_flags: can't parse 'reset-gpios' property of node '/ocp/target-module@47400000/usb-phy@1300[0]'
[   15.112286] of_get_named_gpiod_flags: can't parse 'reset-gpio' property of node '/ocp/target-module@47400000/usb-phy@1300[0]'
[   15.112324] am335x-phy-driver 47401300.usb-phy: using lookup tables for GPIO lookup
[   15.112339] am335x-phy-driver 47401300.usb-phy: No GPIO consumer reset found
[   15.112353] am335x-phy-driver 47401300.usb-phy: using DT '/ocp/target-module@47400000/usb-phy@1300' for 'vbus-detect' GPIO lookup
[   15.112384] of_get_named_gpiod_flags: can't parse 'vbus-detect-gpios' property of node '/ocp/target-module@47400000/usb-phy@1300[0]'
[   15.112416] of_get_named_gpiod_flags: can't parse 'vbus-detect-gpio' property of node '/ocp/target-module@47400000/usb-phy@1300[0]'
[   15.112442] am335x-phy-driver 47401300.usb-phy: using lookup tables for GPIO lookup
[   15.112454] am335x-phy-driver 47401300.usb-phy: No GPIO consumer vbus-detect found
[   15.112601] am335x-phy-driver 47401300.usb-phy: dummy supplies not allowed for exclusive requests (id=vbus)
[   15.154151] at24 2-0055: supply vcc not found, using dummy regulator
[   15.257199] at24 2-0056: supply vcc not found, using dummy regulator
[   15.339477] am335x-phy-driver 47401b00.usb-phy: using DT '/ocp/target-module@47400000/usb-phy@1b00' for 'reset' GPIO lookup
[   15.339570] of_get_named_gpiod_flags: can't parse 'reset-gpios' property of node '/ocp/target-module@47400000/usb-phy@1b00[0]'
[   15.339615] of_get_named_gpiod_flags: can't parse 'reset-gpio' property of node '/ocp/target-module@47400000/usb-phy@1b00[0]'
[   15.339653] am335x-phy-driver 47401b00.usb-phy: using lookup tables for GPIO lookup
[   15.339667] am335x-phy-driver 47401b00.usb-phy: No GPIO consumer reset found
[   15.339681] am335x-phy-driver 47401b00.usb-phy: using DT '/ocp/target-module@47400000/usb-phy@1b00' for 'vbus-detect' GPIO lookup
[   15.339713] of_get_named_gpiod_flags: can't parse 'vbus-detect-gpios' property of node '/ocp/target-module@47400000/usb-phy@1b00[0]'
[   15.339746] of_get_named_gpiod_flags: can't parse 'vbus-detect-gpio' property of node '/ocp/target-module@47400000/usb-phy@1b00[0]'
[   15.339772] am335x-phy-driver 47401b00.usb-phy: using lookup tables for GPIO lookup
[   15.339783] am335x-phy-driver 47401b00.usb-phy: No GPIO consumer vbus-detect found
[   15.339932] am335x-phy-driver 47401b00.usb-phy: dummy supplies not allowed for exclusive requests (id=vbus)
[   15.362582] at24 2-0057: supply vcc not found, using dummy regulator
[   15.456112] tps6521x_pwrbutton tps65217-pwrbutton: DMA mask not set
[   15.555461] input: tps65217_pwrbutton as /devices/platform/ocp/44c00000.interconnect/44c00000.interconnect:segment@200000/44e0b000.target-module/44e0b000.i2c/i2c-0/0-0024/tps65217-pwrbutton/input/input0
[   15.575101] at24 0-0050: using DT '/ocp/interconnect@44c00000/segment@200000/target-module@b000/i2c@0/baseboard_eeprom@50' for 'wp' GPIO lookup
[   15.575196] of_get_named_gpiod_flags: can't parse 'wp-gpios' property of node '/ocp/interconnect@44c00000/segment@200000/target-module@b000/i2c@0/baseboard_eeprom@50[0]'
[   15.575255] of_get_named_gpiod_flags: can't parse 'wp-gpio' property of node '/ocp/interconnect@44c00000/segment@200000/target-module@b000/i2c@0/baseboard_eeprom@50[0]'
[   15.575303] at24 0-0050: using lookup tables for GPIO lookup
[   15.575317] at24 0-0050: No GPIO consumer wp found
[   15.575611] at24 0-0050: 32768 byte 24c256 EEPROM, writable, 1 bytes/write
[   15.970944] wkup_m3_ipc 44e11324.wkup_m3_ipc: IPC Request for A8->M3 Channel failed! -517
[   16.504241] usbcore: registered new interface driver usbfs
[   16.509891] usbcore: registered new interface driver hub
[   16.515518] usbcore: registered new device driver usb
[   17.264714] omap-mailbox 480c8000.mailbox: omap mailbox rev 0x400
[   17.318344] remoteproc remoteproc0: powering up wkup_m3
[   17.434817] remoteproc remoteproc0: Direct firmware load for am335x-pm-firmware.elf failed with error -2
[   17.444671] remoteproc remoteproc0: request_firmware failed: -2
[   17.450640] wkup_m3_ipc 44e11324.wkup_m3_ipc: rproc_boot failed
[   17.533387] musb-hdrc musb-hdrc.1: MUSB HDRC host driver
[   17.538892] musb-hdrc musb-hdrc.1: new USB bus registered, assigned bus number 1
[   17.675478] tda998x 0-0070: found TDA19988
[   17.805306] usb usb1: New USB device found, idVendor=1d6b, idProduct=0002, bcdDevice= 6.12
[   17.813873] usb usb1: New USB device strings: Mfr=3, Product=2, SerialNumber=1
[   17.821142] usb usb1: Product: MUSB HDRC host driver
[   17.826217] usb usb1: Manufacturer: Linux 6.12.50 musb-hcd
[   17.831764] usb usb1: SerialNumber: musb-hdrc.1
[   18.282138] hub 1-0:1.0: USB hub found
[   18.331770] hub 1-0:1.0: 1 port detected
[   19.542267] omap_rng 48310000.rng: Random Number Generator ver. 20
[   19.681851] tilcdc 4830e000.lcdc: bound 0-0070 (ops tda998x_audio_codec_init [tda998x])
[   19.816412] [drm] Initialized tilcdc 1.0.0 for 4830e000.lcdc on minor 0
[   19.919449] tilcdc 4830e000.lcdc: [drm] Cannot find any crtc or sizes
[   19.939422] tilcdc 4830e000.lcdc: [drm] Cannot find any crtc or sizes
[   20.793722] PM: Cannot get wkup_m3_ipc handle
[   20.900458] omap-sham 53100000.sham: hw accel on OMAP rev 4.3
[   21.049182] omap-sham 53100000.sham: will run requests pump with realtime priority
[   21.066950] PM: Cannot get wkup_m3_ipc handle
[   21.158951] omap-aes 53500000.aes: OMAP AES hw accel rev: 3.2
[   21.243702] omap-aes 53500000.aes: will run requests pump with realtime priority
[   21.252648] PM: Cannot get wkup_m3_ipc handle
[   24.562742] Bluetooth: Core ver 2.22
[   24.566567] NET: Registered PF_BLUETOOTH protocol family
[   24.572072] Bluetooth: HCI device and connection manager initialized
[   24.578488] Bluetooth: HCI socket layer initialized
[   24.583477] Bluetooth: L2CAP socket layer initialized
[   24.588589] Bluetooth: SCO socket layer initialized
[   25.139927] PM: Cannot get wkup_m3_ipc handle
[   25.146061] asoc-simple-card sound: using DT '/sound' for 'simple-audio-card,hp-det' GPIO lookup
[   25.146136] of_get_named_gpiod_flags: can't parse 'simple-audio-card,hp-det-gpios' property of node '/sound[0]'
[   25.146173] of_get_named_gpiod_flags: can't parse 'simple-audio-card,hp-det-gpio' property of node '/sound[0]'
[   25.146201] asoc-simple-card sound: using lookup tables for GPIO lookup
[   25.146214] asoc-simple-card sound: No GPIO consumer simple-audio-card,hp-det found
[   25.146230] asoc-simple-card sound: using DT '/sound' for 'simple-audio-card,mic-det' GPIO lookup
[   25.146254] of_get_named_gpiod_flags: can't parse 'simple-audio-card,mic-det-gpios' property of node '/sound[0]'
[   25.146280] of_get_named_gpiod_flags: can't parse 'simple-audio-card,mic-det-gpio' property of node '/sound[0]'
[   25.146300] asoc-simple-card sound: using lookup tables for GPIO lookup
[   25.146311] asoc-simple-card sound: No GPIO consumer simple-audio-card,mic-det found
[   25.265393] PM: Cannot get wkup_m3_ipc handle
[   27.594472] userial_init: registered 8 ttyGS* devices
[   27.871140] rndis_register: configNr = 0
[   27.983499] udc musb-hdrc.0: binding gadget driver [g_multi]
[   27.983591] configfs-gadget.g_multi gadget.0: adding 'rndis'/02c55fc2 to config 'c'/fb7ffc21
[   27.984744] configfs-gadget.g_multi gadget.0: HOST MAC 1c:ba:8c:a2:ed:6c
[   27.991739] configfs-gadget.g_multi gadget.0: MAC 1c:ba:8c:a2:ed:70
[   27.998111] rndis_set_param_medium: 0 0
[   27.998130] configfs-gadget.g_multi gadget.0: RNDIS: IN/ep1in OUT/ep1out NOTIFY/ep2in
[   27.998146] configfs-gadget.g_multi gadget.0: adding 'cdc_ethernet'/a721105e to config 'c'/fb7ffc21
[   27.999143] configfs-gadget.g_multi gadget.0: HOST MAC 1c:ba:8c:a2:ed:6c
[   28.006019] configfs-gadget.g_multi gadget.0: MAC 1c:ba:8c:a2:ed:6d
[   28.012402] configfs-gadget.g_multi gadget.0: CDC Ethernet: IN/ep3in OUT/ep2out NOTIFY/ep4in
[   28.012422] configfs-gadget.g_multi gadget.0: adding 'acm'/6eafd5fe to config 'c'/fb7ffc21
[   28.012459] configfs-gadget.g_multi gadget.0: acm ttyGS0: IN/ep5in OUT/ep3out NOTIFY/ep6in
[   28.022196] PM: Cannot get wkup_m3_ipc handle
[   29.351265] configfs-gadget.g_multi gadget.0: eth_open
[   30.303631] configfs-gadget.g_multi gadget.0: stop stats: rx/tx 0/0, errs 0/0
[   34.707800] gs_open: ttyGS0 (6faeb8c9,20d0fb29)
[   34.707956] gs_close: ttyGS0 (6faeb8c9,20d0fb29) ...
[   34.707980] gs_close: ttyGS0 (6faeb8c9,20d0fb29) done!
[   34.722841] gs_open: ttyGS0 (6faeb8c9,20d0fb29)
[   34.722951] gs_close: ttyGS0 (6faeb8c9,20d0fb29) ...
[   34.722974] gs_close: ttyGS0 (6faeb8c9,20d0fb29) done!
[   34.867494] gs_open: ttyGS0 (3efb0963,6735e742)
[   34.867725] gs_close: ttyGS0 (3efb0963,6735e742) ...
[   34.867751] gs_close: ttyGS0 (3efb0963,6735e742) done!
[   34.870851] gs_open: ttyGS0 (3efb0963,c507bc3c)
NHWFFOXZKK 0
root@arm:~# echo 'GJBQ''ENTJTU'
GJBQENTJTU
root@arm:~# MARKER='PMPV''BUXSQN' run 'modprobe test_linear_ranges'
PMPVBUXSQNPMPVBUXSQN 0
root@arm:~# echo 'CJXG''CAGTJU'
CJXGCAGTJU
root@arm:~# MARKER='FFHN''WYJSFX' run dmesg
FFHNWYJSFX[    0.000000] Booting Linux on physical CPU 0x0
[    0.000000] Linux version 6.12.50 (user01@drvtest01) (arm-none-eabi-gcc (Arm GNU Toolchain 14.2.Rel1 (Build arm-14.52)) 14.2.1 20241119, GNU ld (Arm GNU Toolchain 14.2.Rel1 (Build arm-14.52)) 2.43.1.20241119) #1 SMP Thu Oct  2 16:52:01 EEST 2025
[    0.000000] CPU: ARMv7 Processor [413fc082] revision 2 (ARMv7), cr=10c5387d
[    0.000000] CPU: PIPT / VIPT nonaliasing data cache, VIPT aliasing instruction cache
[    0.000000] OF: fdt: Machine model: TI AM335x BeagleBone Black
[    0.000000] Memory policy: Data cache writeback
[    0.000000] cma: Reserved 16 MiB at 0x9e800000 on node -1
[    0.000000] Zone ranges:
[    0.000000]   Normal   [mem 0x0000000080000000-0x000000009fdfffff]
[    0.000000]   HighMem  empty
[    0.000000] Movable zone start for each node
[    0.000000] Early memory node ranges
[    0.000000]   node   0: [mem 0x0000000080000000-0x000000009fdfffff]
[    0.000000] Initmem setup node 0 [mem 0x0000000080000000-0x000000009fdfffff]
[    0.000000] OF: reserved mem: Reserved memory: No reserved-memory node in the DT
[    0.000000] CPU: All CPU(s) started in SVC mode.
[    0.000000] AM335X ES2.1 (sgx neon)
[    0.000000] percpu: Embedded 17 pages/cpu s40396 r8192 d21044 u69632
[    0.000000] pcpu-alloc: s40396 r8192 d21044 u69632 alloc=17*4096
[    0.000000] pcpu-alloc: [0] 0 
[    0.000000] Kernel command line: console=ttyO0,115200n8 root=/dev/nfs rw nfsroot=192.168.255.126:/home/user01/nfs,nfsvers=3 ip=192.168.255.1:192.168.255.126::255.255.255.0:bbb1:eth0 nfsrootdebug
[    0.000000] Unknown kernel command line parameters "nfsrootdebug", will be passed to user space.
[    0.000000] Dentry cache hash table entries: 65536 (order: 6, 262144 bytes, linear)
[    0.000000] Inode-cache hash table entries: 32768 (order: 5, 131072 bytes, linear)
[    0.000000] Built 1 zonelists, mobility grouping on.  Total pages: 130560
[    0.000000] mem auto-init: stack:off, heap alloc:off, heap free:off
[    0.000000] SLUB: HWalign=64, Order=0-3, MinObjects=0, CPUs=1, Nodes=1
[    0.000000] rcu: Hierarchical RCU implementation.
[    0.000000] rcu: 	RCU event tracing is enabled.
[    0.000000] rcu: 	RCU restricting CPUs from NR_CPUS=2 to nr_cpu_ids=1.
[    0.000000] rcu: RCU calculated value of scheduler-enlistment delay is 10 jiffies.
[    0.000000] rcu: Adjusting geometry for rcu_fanout_leaf=16, nr_cpu_ids=1
[    0.000000] NR_IRQS: 16, nr_irqs: 16, preallocated irqs: 16
[    0.000000] IRQ: Found an INTC at 0x(ptrval) (revision 5.0) with 128 interrupts
[    0.000000] rcu: srcu_init: Setting srcu_struct sizes based on contention.
[    0.000000] TI gptimer clocksource: always-on /ocp/interconnect@44c00000/segment@200000/target-module@31000
[    0.000002] sched_clock: 32 bits at 24MHz, resolution 41ns, wraps every 89478484971ns
[    0.000027] clocksource: dmtimer: mask: 0xffffffff max_cycles: 0xffffffff, max_idle_ns: 79635851949 ns
[    0.000495] TI gptimer clockevent: 24000000 Hz at /ocp/interconnect@48000000/segment@0/target-module@40000
[    0.002095] Console: colour dummy device 80x30
[    0.002160] WARNING: Your 'console=ttyO0' has been replaced by 'ttyS0'
[    0.002168] This ensures that you still see kernel messages. Please
[    0.002173] update your kernel commandline.
[    0.002215] Calibrating delay loop... 996.14 BogoMIPS (lpj=4980736)
[    0.090608] CPU: Testing write buffer coherency: ok
[    0.090691] CPU0: Spectre v2: using BPIALL workaround
[    0.090702] pid_max: default: 32768 minimum: 301
[    0.090827] LSM: initializing lsm=capability
[    0.091002] Mount-cache hash table entries: 1024 (order: 0, 4096 bytes, linear)
[    0.091023] Mountpoint-cache hash table entries: 1024 (order: 0, 4096 bytes, linear)
[    0.092584] CPU0: thread -1, cpu 0, socket -1, mpidr 0
[    0.094654] Setting up static identity map for 0x80100000 - 0x80100078
[    0.094968] rcu: Hierarchical SRCU implementation.
[    0.094977] rcu: 	Max phase no-delay instances is 1000.
[    0.096739] smp: Bringing up secondary CPUs ...
[    0.096791] smp: Brought up 1 node, 1 CPU
[    0.096805] SMP: Total of 1 processors activated (996.14 BogoMIPS).
[    0.096817] CPU: All CPU(s) started in SVC mode.
[    0.097004] Memory: 480856K/522240K available (11264K kernel code, 1220K rwdata, 2880K rodata, 1024K init, 298K bss, 23372K reserved, 16384K cma-reserved, 0K highmem)
[    0.097826] devtmpfs: initialized
[    0.114331] VFP support v0.3: implementor 41 architecture 3 part 30 variant c rev 3
[    0.114667] clocksource: jiffies: mask: 0xffffffff max_cycles: 0xffffffff, max_idle_ns: 19112604462750000 ns
[    0.114701] futex hash table entries: 256 (order: 2, 16384 bytes, linear)
[    0.115964] pinctrl core: initialized pinctrl subsystem
[    0.118084] NET: Registered PF_NETLINK/PF_ROUTE protocol family
[    0.121183] DMA: preallocated 256 KiB pool for atomic coherent allocations
[    0.122092] audit: initializing netlink subsys (disabled)
[    0.123442] thermal_sys: Registered thermal governor 'fair_share'
[    0.123459] thermal_sys: Registered thermal governor 'step_wise'
[    0.123467] thermal_sys: Registered thermal governor 'user_space'
[    0.123581] audit: type=2000 audit(0.120:1): state=initialized audit_enabled=0 res=1
[    0.123654] cpuidle: using governor menu
[    0.141404] /ocp/interconnect@44c00000/segment@200000/target-module@b000/i2c@0/tda19988@70: Fixed dependency cycle(s) with /ocp/interconnect@48000000/segment@300000/target-module@e000/lcdc@0
[    0.142529] /ocp/interconnect@48000000/segment@300000/target-module@e000/lcdc@0: Fixed dependency cycle(s) with /ocp/interconnect@44c00000/segment@200000/target-module@b000/i2c@0/tda19988@70
[    0.144695] No ATAGs?
[    0.144714] hw-breakpoint: debug architecture 0x4 unsupported.
[    0.147332] kprobes: kprobe jump-optimization is enabled. All kprobes are optimized if possible.
[    0.153985] iommu: Default domain type: Translated
[    0.154008] iommu: DMA domain TLB invalidation policy: strict mode
[    0.155567] reg-fixed-voltage fixedregulator0: using DT '/fixedregulator0' for '(default)' GPIO lookup
[    0.155622] of_get_named_gpiod_flags: can't parse 'gpios' property of node '/fixedregulator0[0]'
[    0.155653] of_get_named_gpiod_flags: can't parse 'gpio' property of node '/fixedregulator0[0]'
[    0.155672] reg-fixed-voltage fixedregulator0: using lookup tables for GPIO lookup
[    0.155685] reg-fixed-voltage fixedregulator0: No GPIO consumer (default) found
[    0.161413] SCSI subsystem initialized
[    0.161903] libata version 3.00 loaded.
[    0.162263] pps_core: LinuxPPS API ver. 1 registered
[    0.162274] pps_core: Software ver. 5.3.6 - Copyright 2005-2007 Rodolfo Giometti <giometti@linux.it>
[    0.162298] PTP clock support registered
[    0.171129] vgaarb: loaded
[    0.171484] clocksource: Switched to clocksource dmtimer
[    0.172128] VFS: Disk quotas dquot_6.6.0
[    0.172168] VFS: Dquot-cache hash table entries: 1024 (order 0, 4096 bytes)
[    0.197489] NET: Registered PF_INET protocol family
[    0.197856] IP idents hash table entries: 8192 (order: 4, 65536 bytes, linear)
[    0.199233] tcp_listen_portaddr_hash hash table entries: 512 (order: 0, 4096 bytes, linear)
[    0.199268] Table-perturb hash table entries: 65536 (order: 6, 262144 bytes, linear)
[    0.199285] TCP established hash table entries: 4096 (order: 2, 16384 bytes, linear)
[    0.199330] TCP bind hash table entries: 4096 (order: 4, 65536 bytes, linear)
[    0.199430] TCP: Hash tables configured (established 4096 bind 4096)
[    0.199546] UDP hash table entries: 256 (order: 1, 8192 bytes, linear)
[    0.199573] UDP-Lite hash table entries: 256 (order: 1, 8192 bytes, linear)
[    0.199740] NET: Registered PF_UNIX/PF_LOCAL protocol family
[    0.201022] RPC: Registered named UNIX socket transport module.
[    0.201043] RPC: Registered udp transport module.
[    0.201049] RPC: Registered tcp transport module.
[    0.201054] RPC: Registered tcp-with-tls transport module.
[    0.201059] RPC: Registered tcp NFSv4.1 backchannel transport module.
[    0.201081] PCI: CLS 0 bytes, default 64
[    0.202606] Initialise system trusted keyrings
[    0.212101] workingset: timestamp_bits=14 max_order=17 bucket_order=3
[    0.213406] NFS: Registering the id_resolver key type
[    0.213471] Key type id_resolver registered
[    0.213478] Key type id_legacy registered
[    0.213527] jffs2: version 2.2. (NAND) (SUMMARY)  Â© 2001-2006 Red Hat, Inc.
[    0.213942] Key type asymmetric registered
[    0.213957] Asymmetric key parser 'x509' registered
[    0.214026] io scheduler mq-deadline registered
[    0.214036] io scheduler kyber registered
[    0.214101] io scheduler bfq registered
[    0.215952] target-module@4b000000:target-module@140000:pmu@0:fck: device ID is greater than 24
[    0.222112] l3-aon-clkctrl:0000:0: failed to disable
[    0.222378] ledtrig-cpu: registered to indicate activity on CPUs
[    0.232318] Serial: 8250/16550 driver, 6 ports, IRQ sharing enabled
[    0.267511] brd: module loaded
[    0.285315] loop: module loaded
[    0.286232] mtdoops: mtd device (mtddev=name/number) must be supplied
[    0.287936] mdio_bus fixed-0: using lookup tables for GPIO lookup
[    0.287959] mdio_bus fixed-0: No GPIO consumer reset found
[    0.289317] i2c_dev: i2c /dev entries driver
[    0.290285] cpuidle: enable-method property 'ti,am3352' found operations
[    0.290725] sdhci: Secure Digital Host Controller Interface driver
[    0.290733] sdhci: Copyright(c) Pierre Ossman
[    0.290908] sdhci-pltfm: SDHCI platform and OF driver helper
[    0.303654] hw perfevents: enabled with armv7_cortex_a8 PMU driver, 5 (8000000f) counters available
[    0.304176] Initializing XFRM netlink socket
[    0.304315] NET: Registered PF_INET6 protocol family
[    0.309962] l3-aon-clkctrl:0000:0: failed to disable
[    0.311316] Segment Routing with IPv6
[    0.311396] In-situ OAM (IOAM) with IPv6
[    0.311648] sit: IPv6, IPv4 and MPLS over IPv4 tunneling driver
[    0.312599] NET: Registered PF_PACKET protocol family
[    0.312625] NET: Registered PF_KEY protocol family
[    0.312739] Key type dns_resolver registered
[    0.312963] ThumbEE CPU extension supported.
[    0.312985] Registering SWP/SWPB emulation handler
[    0.313503] omap_voltage_late_init: Voltage driver support not added
[    0.314196] SmartReflex Class3 initialized
[    0.343965] Loading compiled-in X.509 certificates
[    0.388064] /ocp/interconnect@44c00000/segment@200000/target-module@b000/i2c@0/tda19988@70: Fixed dependency cycle(s) with /ocp/interconnect@48000000/segment@300000/target-module@e000/lcdc@0
[    0.394448] /ocp/interconnect@44c00000/segment@200000/target-module@b000/i2c@0/tda19988@70: Fixed dependency cycle(s) with /ocp/interconnect@48000000/segment@300000/target-module@e000/lcdc@0
[    0.399716] gpiochip_find_base_unlocked: found new base at 512
[    0.433765] /ocp/interconnect@44c00000/segment@200000/target-module@b000/i2c@0/tda19988@70: Fixed dependency cycle(s) with /ocp/interconnect@48000000/segment@300000/target-module@e000/lcdc@0
[    0.434618] /ocp/interconnect@44c00000/segment@200000/target-module@b000/i2c@0/tda19988@70: Fixed dependency cycle(s) with /ocp/interconnect@48000000/segment@300000/target-module@e000/lcdc@0
[    0.437834] /ocp/interconnect@44c00000/segment@200000/target-module@10000/scm@0/pinmux@800: Fixed dependency cycle(s) with /ocp/interconnect@44c00000/segment@200000/target-module@10000/scm@0/pinmux@800/clkout2-pins
[    0.438432] pinctrl-single 44e10800.pinmux: 142 pins, size 568
[    0.443636] ti-sysc 44e31000.target-module: probe with driver ti-sysc failed with error -16
[    0.469614] /ocp/interconnect@48000000/segment@300000/target-module@e000/lcdc@0: Fixed dependency cycle(s) with /ocp/interconnect@44c00000/segment@200000/target-module@b000/i2c@0/tda19988@70
[    0.477401] ti-sysc 48040000.target-module: probe with driver ti-sysc failed with error -16
[    0.488254] gpiochip_find_base_unlocked: found new base at 512
[    0.488350] gpio gpiochip0: (gpio-0-31): created GPIO range 0->7 ==> 44e10800.pinmux PIN 0->7
[    0.488369] gpio gpiochip0: (gpio-0-31): created GPIO range 8->11 ==> 44e10800.pinmux PIN 90->93
[    0.488384] gpio gpiochip0: (gpio-0-31): created GPIO range 12->27 ==> 44e10800.pinmux PIN 12->27
[    0.488399] gpio gpiochip0: (gpio-0-31): created GPIO range 28->31 ==> 44e10800.pinmux PIN 30->33
[    0.522079] gpio gpiochip0: (gpio-0-31): added GPIO chardev (254:0)
[    0.522247] gpio gpiochip0: registered GPIOs 512 to 543 on gpio-0-31
[    0.522338] OMAP GPIO hardware version 0.1
[    0.561721] i2c i2c-2: using DT '/ocp/interconnect@48000000/segment@100000/target-module@9c000/i2c@0' for 'scl' GPIO lookup
[    0.561793] of_get_named_gpiod_flags: can't parse 'scl-gpios' property of node '/ocp/interconnect@48000000/segment@100000/target-module@9c000/i2c@0[0]'
[    0.561837] of_get_named_gpiod_flags: can't parse 'scl-gpio' property of node '/ocp/interconnect@48000000/segment@100000/target-module@9c000/i2c@0[0]'
[    0.561874] i2c i2c-2: using lookup tables for GPIO lookup
[    0.561884] i2c i2c-2: No GPIO consumer scl found
[    0.561905] i2c i2c-2: using DT '/ocp/interconnect@48000000/segment@100000/target-module@9c000/i2c@0' for 'sda' GPIO lookup
[    0.561940] of_get_named_gpiod_flags: can't parse 'sda-gpios' property of node '/ocp/interconnect@48000000/segment@100000/target-module@9c000/i2c@0[0]'
[    0.561977] of_get_named_gpiod_flags: can't parse 'sda-gpio' property of node '/ocp/interconnect@48000000/segment@100000/target-module@9c000/i2c@0[0]'
[    0.562008] i2c i2c-2: using lookup tables for GPIO lookup
[    0.562015] i2c i2c-2: No GPIO consumer sda found
[    0.562725] omap_i2c 4819c000.i2c: bus 2 rev0.11 at 100 kHz
[    0.567954] gpiochip_find_base_unlocked: found new base at 544
[    0.568050] gpio gpiochip1: (gpio-32-63): created GPIO range 0->17 ==> 44e10800.pinmux PIN 34->51
[    0.568070] gpio gpiochip1: (gpio-32-63): created GPIO range 18->21 ==> 44e10800.pinmux PIN 77->80
[    0.568085] gpio gpiochip1: (gpio-32-63): created GPIO range 22->31 ==> 44e10800.pinmux PIN 56->65
[    0.579174] gpio gpiochip1: (gpio-32-63): added GPIO chardev (254:1)
[    0.579342] gpio gpiochip1: registered GPIOs 544 to 575 on gpio-32-63
[    0.581678] gpiochip_find_base_unlocked: found new base at 576
[    0.581777] gpio gpiochip2: (gpio-64-95): created GPIO range 0->4 ==> 44e10800.pinmux PIN 66->70
[    0.581797] gpio gpiochip2: (gpio-64-95): created GPIO range 5->6 ==> 44e10800.pinmux PIN 98->99
[    0.581812] gpio gpiochip2: (gpio-64-95): created GPIO range 7->8 ==> 44e10800.pinmux PIN 75->76
[    0.581826] gpio gpiochip2: (gpio-64-95): created GPIO range 13->13 ==> 44e10800.pinmux PIN 141->141
[    0.581842] gpio gpiochip2: (gpio-64-95): created GPIO range 14->21 ==> 44e10800.pinmux PIN 100->107
[    0.596534] gpio gpiochip2: (gpio-64-95): added GPIO chardev (254:2)
[    0.596670] gpio gpiochip2: registered GPIOs 576 to 607 on gpio-64-95
[    0.602235] 48000000.interconnect:segment@200000:target-module@0:mpu@0:fck: device ID is greater than 24
[    0.603135] /ocp/interconnect@48000000/segment@300000/target-module@e000/lcdc@0: Fixed dependency cycle(s) with /ocp/interconnect@44c00000/segment@200000/target-module@b000/i2c@0/tda19988@70
[    0.605749] /ocp/interconnect@48000000/segment@300000/target-module@e000/lcdc@0: Fixed dependency cycle(s) with /ocp/interconnect@44c00000/segment@200000/target-module@b000/i2c@0/tda19988@70
[    0.606420] /ocp/interconnect@44c00000/segment@200000/target-module@b000/i2c@0/tda19988@70: Fixed dependency cycle(s) with /ocp/interconnect@48000000/segment@300000/target-module@e000/lcdc@0
[    0.606580] /ocp/interconnect@48000000/segment@300000/target-module@e000/lcdc@0: Fixed dependency cycle(s) with /ocp/interconnect@44c00000/segment@200000/target-module@b000/i2c@0/tda19988@70
[    0.615881] mdio_bus 4a101000.mdio: using DT '/ocp/interconnect@4a000000/segment@0/target-module@100000/switch@0/mdio@1000' for 'reset' GPIO lookup
[    0.615953] of_get_named_gpiod_flags: can't parse 'reset-gpios' property of node '/ocp/interconnect@4a000000/segment@0/target-module@100000/switch@0/mdio@1000[0]'
[    0.616002] of_get_named_gpiod_flags: can't parse 'reset-gpio' property of node '/ocp/interconnect@4a000000/segment@0/target-module@100000/switch@0/mdio@1000[0]'
[    0.616050] mdio_bus 4a101000.mdio: using lookup tables for GPIO lookup
[    0.616059] mdio_bus 4a101000.mdio: No GPIO consumer reset found
[    0.616978] sdhci-omap 481d8000.mmc: using DT '/ocp/interconnect@48000000/segment@100000/target-module@d8000/mmc@0' for 'wp' GPIO lookup
[    0.617034] of_get_named_gpiod_flags: can't parse 'wp-gpios' property of node '/ocp/interconnect@48000000/segment@100000/target-module@d8000/mmc@0[0]'
[    0.617078] of_get_named_gpiod_flags: can't parse 'wp-gpio' property of node '/ocp/interconnect@48000000/segment@100000/target-module@d8000/mmc@0[0]'
[    0.617112] sdhci-omap 481d8000.mmc: using lookup tables for GPIO lookup
[    0.617122] sdhci-omap 481d8000.mmc: No GPIO consumer wp found
[    0.617314] sdhci-omap 481d8000.mmc: supply pbias not found, using dummy regulator
[    0.617792] sdhci-omap 481d8000.mmc: supply vqmmc not found, using dummy regulator
[    0.680535] davinci_mdio 4a101000.mdio: davinci mdio revision 1.6, bus freq 1000000
[    0.695303] mdio_bus 4a101000.mdio:00: using DT '/ocp/interconnect@4a000000/segment@0/target-module@100000/switch@0/mdio@1000/ethernet-phy@0' for 'reset' GPIO lookup
[    0.695407] of_get_named_gpiod_flags: parsed 'reset-gpios' property of node '/ocp/interconnect@4a000000/segment@0/target-module@100000/switch@0/mdio@1000/ethernet-phy@0[0]' - status (0)
[    0.695570] gpio gpiochip0: Persistence not supported for GPIO 8
[    0.786964] davinci_mdio 4a101000.mdio: phy[0]: device 4a101000.mdio:00, driver SMSC LAN8710/LAN8720
[    0.787730] cpsw-switch 4a100000.switch: initialized cpsw ale version 1.4
[    0.787753] cpsw-switch 4a100000.switch: ALE Table size 1024, Policers 0
[    0.787896] cpsw-switch 4a100000.switch: cpts: overflow check period 500 (jiffies)
[    0.787911] cpsw-switch 4a100000.switch: CPTS: ref_clk_freq:250000000 calc_mult:2147483648 calc_shift:29 error:0 nsec/sec
[    0.788016] cpsw-switch 4a100000.switch: Detected MACID = 6c:ec:eb:68:de:78
[    0.789848] cpsw-switch 4a100000.switch: initialized (regs 0x4a100000, pool size 256) hw_ver:0019010C 1.12 (0)
[    0.800390] debugfs: Directory '49000000.dma' with parent 'dmaengine' already present!
[    0.800431] edma 49000000.dma: TI EDMA DMA engine driver
[    0.845981] gpio-clk clk_mcasp0: using DT '/clk_mcasp0' for 'enable' GPIO lookup
[    0.846061] of_get_named_gpiod_flags: parsed 'enable-gpios' property of node '/clk_mcasp0[0]' - status (0)
[    0.846105] gpio gpiochip0: Persistence not supported for GPIO 27
[    0.846986] gpiochip_find_base_unlocked: found new base at 608
[    0.847097] gpio gpiochip3: (gpio-96-127): created GPIO range 0->7 ==> 44e10800.pinmux PIN 82->89
[    0.847117] gpio gpiochip3: (gpio-96-127): created GPIO range 8->11 ==> 44e10800.pinmux PIN 52->55
[    0.847132] gpio gpiochip3: (gpio-96-127): created GPIO range 12->15 ==> 44e10800.pinmux PIN 94->97
[    0.847148] gpio gpiochip3: (gpio-96-127): created GPIO range 16->17 ==> 44e10800.pinmux PIN 71->72
[    0.847163] gpio gpiochip3: (gpio-96-127): created GPIO range 18->18 ==> 44e10800.pinmux PIN 135->135
[    0.847179] gpio gpiochip3: (gpio-96-127): created GPIO range 19->20 ==> 44e10800.pinmux PIN 108->109
[    0.847195] gpio gpiochip3: (gpio-96-127): created GPIO range 21->21 ==> 44e10800.pinmux PIN 73->73
[    0.847212] gpio gpiochip3: (gpio-96-127): created GPIO range 22->23 ==> 44e10800.pinmux PIN 8->9
[    0.847228] gpio gpiochip3: (gpio-96-127): created GPIO range 26->27 ==> 44e10800.pinmux PIN 10->11
[    0.847245] gpio gpiochip3: (gpio-96-127): created GPIO range 28->28 ==> 44e10800.pinmux PIN 74->74
[    0.847262] gpio gpiochip3: (gpio-96-127): created GPIO range 29->29 ==> 44e10800.pinmux PIN 81->81
[    0.847280] gpio gpiochip3: (gpio-96-127): created GPIO range 30->31 ==> 44e10800.pinmux PIN 28->29
[    0.849551] gpio gpiochip3: (gpio-96-127): added GPIO chardev (254:3)
[    0.849714] gpio gpiochip3: registered GPIOs 608 to 639 on gpio-96-127
[    0.851827] omap8250 44e09000.serial: using DT '/ocp/interconnect@44c00000/segment@200000/target-module@9000/serial@0' for 'rs485-term' GPIO lookup
[    0.851903] of_get_named_gpiod_flags: can't parse 'rs485-term-gpios' property of node '/ocp/interconnect@44c00000/segment@200000/target-module@9000/serial@0[0]'
[    0.851950] of_get_named_gpiod_flags: can't parse 'rs485-term-gpio' property of node '/ocp/interconnect@44c00000/segment@200000/target-module@9000/serial@0[0]'
[    0.851987] omap8250 44e09000.serial: using lookup tables for GPIO lookup
[    0.851996] omap8250 44e09000.serial: No GPIO consumer rs485-term found
[    0.852006] omap8250 44e09000.serial: using DT '/ocp/interconnect@44c00000/segment@200000/target-module@9000/serial@0' for 'rs485-rx-during-tx' GPIO lookup
[    0.852041] of_get_named_gpiod_flags: can't parse 'rs485-rx-during-tx-gpios' property of node '/ocp/interconnect@44c00000/segment@200000/target-module@9000/serial@0[0]'
[    0.852078] of_get_named_gpiod_flags: can't parse 'rs485-rx-during-tx-gpio' property of node '/ocp/interconnect@44c00000/segment@200000/target-module@9000/serial@0[0]'
[    0.852109] omap8250 44e09000.serial: using lookup tables for GPIO lookup
[    0.852117] omap8250 44e09000.serial: No GPIO consumer rs485-rx-during-tx found
[    0.852556] 44e09000.serial: ttyS0 at MMIO 0x44e09000 (irq = 34, base_baud = 3000000) is a 8250
[    0.852645] printk: legacy console [ttyS0] enabled
[    2.309857] i2c i2c-0: using DT '/ocp/interconnect@44c00000/segment@200000/target-module@b000/i2c@0' for 'scl' GPIO lookup
[    2.309943] of_get_named_gpiod_flags: can't parse 'scl-gpios' property of node '/ocp/interconnect@44c00000/segment@200000/target-module@b000/i2c@0[0]'
[    2.309992] of_get_named_gpiod_flags: can't parse 'scl-gpio' property of node '/ocp/interconnect@44c00000/segment@200000/target-module@b000/i2c@0[0]'
[    2.310033] i2c i2c-0: using lookup tables for GPIO lookup
[    2.310047] i2c i2c-0: No GPIO consumer scl found
[    2.310073] i2c i2c-0: using DT '/ocp/interconnect@44c00000/segment@200000/target-module@b000/i2c@0' for 'sda' GPIO lookup
[    2.310112] of_get_named_gpiod_flags: can't parse 'sda-gpios' property of node '/ocp/interconnect@44c00000/segment@200000/target-module@b000/i2c@0[0]'
[    2.310153] of_get_named_gpiod_flags: can't parse 'sda-gpio' property of node '/ocp/interconnect@44c00000/segment@200000/target-module@b000/i2c@0[0]'
[    2.310189] i2c i2c-0: using lookup tables for GPIO lookup
[    2.310200] i2c i2c-0: No GPIO consumer sda found
[    2.322483] tps65217-pmic: Failed to locate of_node [id: -1]
[    2.328562] tps65217-bl: Failed to locate of_node [id: -1]
[    2.339842] tps65217 0-0024: TPS65217 ID 0xe version 1.2
[    2.345970] /ocp/interconnect@48000000/segment@300000/target-module@e000/lcdc@0: Fixed dependency cycle(s) with /ocp/interconnect@44c00000/segment@200000/target-module@b000/i2c@0/tda19988@70
[    2.363319] /ocp/interconnect@44c00000/segment@200000/target-module@b000/i2c@0/tda19988@70: Fixed dependency cycle(s) with /ocp/interconnect@48000000/segment@300000/target-module@e000/lcdc@0
[    2.380688] omap_i2c 44e0b000.i2c: bus 0 rev0.11 at 400 kHz
[    2.388467] sdhci-omap 48060000.mmc: using DT '/ocp/interconnect@48000000/segment@0/target-module@60000/mmc@0' for 'cd' GPIO lookup
[    2.388575] of_get_named_gpiod_flags: parsed 'cd-gpios' property of node '/ocp/interconnect@48000000/segment@0/target-module@60000/mmc@0[0]' - status (0)
[    2.388642] gpio gpiochip3: Persistence not supported for GPIO 6
[    2.388668] omap_gpio 44e07000.gpio: Could not set line 6 debounce to 200000 microseconds (-22)
[    2.397552] sdhci-omap 48060000.mmc: Got CD GPIO
[    2.402251] sdhci-omap 48060000.mmc: using DT '/ocp/interconnect@48000000/segment@0/target-module@60000/mmc@0' for 'wp' GPIO lookup
[    2.402300] of_get_named_gpiod_flags: can't parse 'wp-gpios' property of node '/ocp/interconnect@48000000/segment@0/target-module@60000/mmc@0[0]'
[    2.402344] of_get_named_gpiod_flags: can't parse 'wp-gpio' property of node '/ocp/interconnect@48000000/segment@0/target-module@60000/mmc@0[0]'
[    2.402383] sdhci-omap 48060000.mmc: using lookup tables for GPIO lookup
[    2.402397] sdhci-omap 48060000.mmc: No GPIO consumer wp found
[    2.402604] sdhci-omap 48060000.mmc: supply pbias not found, using dummy regulator
[    2.411252] sdhci-omap 481d8000.mmc: using DT '/ocp/interconnect@48000000/segment@100000/target-module@d8000/mmc@0' for 'wp' GPIO lookup
[    2.411324] of_get_named_gpiod_flags: can't parse 'wp-gpios' property of node '/ocp/interconnect@48000000/segment@100000/target-module@d8000/mmc@0[0]'
[    2.411373] of_get_named_gpiod_flags: can't parse 'wp-gpio' property of node '/ocp/interconnect@48000000/segment@100000/target-module@d8000/mmc@0[0]'
[    2.411413] sdhci-omap 481d8000.mmc: using lookup tables for GPIO lookup
[    2.411426] sdhci-omap 481d8000.mmc: No GPIO consumer wp found
[    2.412575] sdhci-omap 48060000.mmc: supply vqmmc not found, using dummy regulator
[    2.421421] sdhci-omap 481d8000.mmc: supply pbias not found, using dummy regulator
[    2.429544] sdhci-omap 481d8000.mmc: supply vqmmc not found, using dummy regulator
[    2.467489] mmc1: SDHCI controller on 481d8000.mmc [481d8000.mmc] using External DMA
[    2.476550] mmc0: SDHCI controller on 48060000.mmc [48060000.mmc] using External DMA
[    2.485412] cpsw-switch 4a100000.switch: starting ndev. mode: dual_mac
[    2.551872] mmc1: new high speed MMC card at address 0001
[    2.558682] mmcblk1: mmc1:0001 MMC04G 3.60 GiB
[    2.566344]  mmcblk1: p1 p2
[    2.570149] SMSC LAN8710/LAN8720 4a101000.mdio:00: attached PHY driver (mii_bus:phy_addr=4a101000.mdio:00, irq=POLL)
[    2.582716] mmcblk1boot0: mmc1:0001 MMC04G 2.00 MiB
[    2.594916] mmcblk1boot1: mmc1:0001 MMC04G 2.00 MiB
[    2.602044] mmcblk1rpmb: mmc1:0001 MMC04G 128 KiB, chardev (250:0)
[    2.655104] mmc0: new high speed SDHC card at address aaaa
[    2.662014] mmcblk0: mmc0:aaaa SE32G 29.7 GiB
[    2.670976]  mmcblk0: p1 p2
[    5.762256] cpsw-switch 4a100000.switch eth0: Link is Up - 100Mbps/Full - flow control off
[    5.791503] IP-Config: Complete:
[    5.794775]      device=eth0, hwaddr=6c:ec:eb:68:de:78, ipaddr=192.168.255.1, mask=255.255.255.0, gw=255.255.255.255
[    5.805415]      host=bbb1, domain=, nis-domain=(none)
[    5.810583]      bootserver=192.168.255.126, rootserver=192.168.255.126, rootpath=
[    5.810996] clk: Disabling unused clocks
[    5.822855] PM: genpd: Disabling unused power domains
[    5.827973] KTAP version 1
[    5.830694] 1..0
[    5.855563] VFS: Mounted root (nfs filesystem) on device 0:17.
[    5.862714] devtmpfs: mounted
[    5.867123] Freeing unused kernel image (initmem) memory: 1024K
[    5.873995] Run /sbin/init as init process
[    5.878128]   with arguments:
[    5.878141]     /sbin/init
[    5.878150]     nfsrootdebug
[    5.878159]   with environment:
[    5.878168]     HOME=/
[    5.878177]     TERM=linux
[    6.565584] systemd[1]: System time before build time, advancing clock.
[    8.031508] random: crng init done
[    8.073129] systemd[1]: systemd 232 running in system mode. (+PAM +AUDIT +SELINUX +IMA +APPARMOR +SMACK +SYSVINIT +UTMP +LIBCRYPTSETUP +GCRYPT +GNUTLS +ACL +XZ +LZ4 +SECCOMP +BLKID +ELFUTILS +KMOD +IDN)
