Labgrid Console Logfile for main
Logfile started at 2025-07-14 17:30:07.934259
=== Log starts here ===
reading args
spl_load_image_fat_os: error reading image args, err - -1
reading u-boot.img
reading u-boot.img


U-Boot 2014.04-00014-g47880f5 (Apr 22 2014 - 13:23:54)

I2C:   ready
DRAM:  512 MiB
NAND:  0 MiB
MMC:   OMAP SD/MMC: 0, OMAP SD/MMC: 1
*** Warning - readenv() failed, using default environment

Net:   <ethaddr> not set. Validating first E-fuse MAC
cpsw, usb_ether
Hit any key to stop autoboot:  1  0 
gpio: pin 53 (gpio 53) value is 1
mmc0 is current device
gpio: pin 54 (gpio 54) value is 1
SD/MMC found on device 0
reading uEnv.txt
569 bytes read in 4 ms (138.7 KiB/s)
gpio: pin 55 (gpio 55) value is 1
Loaded environment from uEnv.txt
Importing environment from mmc ...
Checking if uenvcmd is set ...
gpio: pin 56 (gpio 56) value is 1
Running uenvcmd ...
cpsw Waiting for PHY auto negotiation to complete. done
link up on port 0, speed 100, full duplex
Using cpsw device
TFTP from server 192.168.255.126; our IP address is 192.168.255.1
Filename 'zImage'.
Load address: 0x81000000
Loading: *#################################################################
	 #################################################################
	 #################################################################
	 #################################################################
	 #################################################################
	 #######
	 2.4 MiB/s
done
Bytes transferred = 4873616 (4a5d90 hex)
link up on port 0, speed 100, full duplex
Using cpsw device
TFTP from server 192.168.255.126; our IP address is 192.168.255.1
Filename 'am335x-boneblack.dtb'.
Load address: 0x82000000
Loading: *#######
	 2.4 MiB/s
done
Bytes transferred = 94874 (1729a hex)
Kernel image @ 0x81000000 [ 0x000000 - 0x4a5d90 ]
## Flattened Device Tree blob at 82000000
   Booting using the fdt blob at 0x82000000
   Using Device Tree in place at 82000000, end 8201a299

Starting kernel ...

[    0.000000] Booting Linux on physical CPU 0x0
[    0.000000] Linux version 5.15.188 (user01@drvtest01) (arm-none-eabi-gcc (Arm GNU Toolchain 14.2.Rel1 (Build arm-14.52)) 14.2.1 20241119, GNU ld (Arm GNU Toolchain 14.2.Rel1 (Build arm-14.52)) 2.43.1.20241119) #1 SMP Mon Jul 14 17:17:50 EEST 2025
[    0.000000] CPU: ARMv7 Processor [413fc082] revision 2 (ARMv7), cr=10c5387d
[    0.000000] CPU: PIPT / VIPT nonaliasing data cache, VIPT aliasing instruction cache
[    0.000000] OF: fdt: Machine model: TI AM335x BeagleBone Black
[    0.000000] Memory policy: Data cache writeback
[    0.000000] cma: Reserved 16 MiB at 0x9e800000
[    0.000000] Zone ranges:
[    0.000000]   Normal   [mem 0x0000000080000000-0x000000009fdfffff]
[    0.000000]   HighMem  empty
[    0.000000] Movable zone start for each node
[    0.000000] Early memory node ranges
[    0.000000]   node   0: [mem 0x0000000080000000-0x000000009fdfffff]
[    0.000000] Initmem setup node 0 [mem 0x0000000080000000-0x000000009fdfffff]
[    0.000000] CPU: All CPU(s) started in SVC mode.
[    0.000000] AM335X ES2.1 (sgx neon)
[    0.000000] percpu: Embedded 16 pages/cpu s33804 r8192 d23540 u65536
[    0.000000] Built 1 zonelists, mobility grouping on.  Total pages: 129412
[    0.000000] Kernel command line: console=ttyO0,115200n8 root=/dev/nfs rw nfsroot=192.168.255.126:/home/user01/nfs,nfsvers=3 ip=192.168.255.1:192.168.255.126::255.255.255.0:bbb1:eth0 nfsrootdebug
[    0.000000] Unknown kernel command line parameters "nfsrootdebug", will be passed to user space.
[    0.000000] Dentry cache hash table entries: 65536 (order: 6, 262144 bytes, linear)
[    0.000000] Inode-cache hash table entries: 32768 (order: 5, 131072 bytes, linear)
[    0.000000] mem auto-init: stack:off, heap alloc:off, heap free:off
[    0.000000] Memory: 484756K/522240K available (10240K kernel code, 1079K rwdata, 2392K rodata, 1024K init, 242K bss, 21100K reserved, 16384K cma-reserved, 0K highmem)
[    0.000000] trace event string verifier disabled
[    0.000000] rcu: Hierarchical RCU implementation.
[    0.000000] rcu: 	RCU event tracing is enabled.
[    0.000000] rcu: 	RCU restricting CPUs from NR_CPUS=2 to nr_cpu_ids=1.
[    0.000000] rcu: RCU calculated value of scheduler-enlistment delay is 10 jiffies.
[    0.000000] rcu: Adjusting geometry for rcu_fanout_leaf=16, nr_cpu_ids=1
[    0.000000] NR_IRQS: 16, nr_irqs: 16, preallocated irqs: 16
[    0.000000] IRQ: Found an INTC at 0x(ptrval) (revision 5.0) with 128 interrupts
[    0.000000] TI gptimer clocksource: always-on /ocp/interconnect@44c00000/segment@200000/target-module@31000
[    0.000002] sched_clock: 32 bits at 24MHz, resolution 41ns, wraps every 89478484971ns
[    0.000028] clocksource: dmtimer: mask: 0xffffffff max_cycles: 0xffffffff, max_idle_ns: 79635851949 ns
[    0.000450] TI gptimer clockevent: 24000000 Hz at /ocp/interconnect@48000000/segment@0/target-module@40000
[    0.002290] Console: colour dummy device 80x30
[    0.002351] WARNING: Your 'console=ttyO0' has been replaced by 'ttyS0'
[    0.002363] This ensures that you still see kernel messages. Please
[    0.002372] update your kernel commandline.
[    0.002418] Calibrating delay loop... 996.14 BogoMIPS (lpj=4980736)
[    0.090565] CPU: Testing write buffer coherency: ok
[    0.090656] CPU0: Spectre v2: using BPIALL workaround
[    0.090670] pid_max: default: 32768 minimum: 301
[    0.090815] LSM: Security Framework initializing
[    0.090998] Mount-cache hash table entries: 1024 (order: 0, 4096 bytes, linear)
[    0.091025] Mountpoint-cache hash table entries: 1024 (order: 0, 4096 bytes, linear)
[    0.092593] CPU0: thread -1, cpu 0, socket -1, mpidr 0
[    0.093634] Setting up static identity map for 0x80100000 - 0x80100078
[    0.093857] rcu: Hierarchical SRCU implementation.
[    0.095068] smp: Bringing up secondary CPUs ...
[    0.095097] smp: Brought up 1 node, 1 CPU
[    0.095112] SMP: Total of 1 processors activated (996.14 BogoMIPS).
[    0.095126] CPU: All CPU(s) started in SVC mode.
[    0.095891] devtmpfs: initialized
[    0.110068] VFP support v0.3: implementor 41 architecture 3 part 30 variant c rev 3
[    0.110394] clocksource: jiffies: mask: 0xffffffff max_cycles: 0xffffffff, max_idle_ns: 19112604462750000 ns
[    0.110428] futex hash table entries: 256 (order: 2, 16384 bytes, linear)
[    0.111872] pinctrl core: initialized pinctrl subsystem
[    0.113798] NET: Registered PF_NETLINK/PF_ROUTE protocol family
[    0.116583] DMA: preallocated 256 KiB pool for atomic coherent allocations
[    0.117145] audit: initializing netlink subsys (disabled)
[    0.118326] thermal_sys: Registered thermal governor 'fair_share'
[    0.118347] thermal_sys: Registered thermal governor 'step_wise'
[    0.118362] thermal_sys: Registered thermal governor 'user_space'
[    0.118720] cpuidle: using governor menu
[    0.135036] No ATAGs?
[    0.135074] hw-breakpoint: debug architecture 0x4 unsupported.
[    0.143049] kprobes: kprobe jump-optimization is enabled. All kprobes are optimized if possible.
[    0.143391] audit: type=2000 audit(0.110:1): state=initialized audit_enabled=0 res=1
[    0.149458] iommu: Default domain type: Translated 
[    0.149483] iommu: DMA domain TLB invalidation policy: strict mode 
[    0.150881] vgaarb: loaded
[    0.151418] SCSI subsystem initialized
[    0.152141] pps_core: LinuxPPS API ver. 1 registered
[    0.152159] pps_core: Software ver. 5.3.6 - Copyright 2005-2007 Rodolfo Giometti <giometti@linux.it>
[    0.152188] PTP clock support registered
[    0.153504] clocksource: Switched to clocksource dmtimer
[    0.198455] VFS: Disk quotas dquot_6.6.0
[    0.198577] VFS: Dquot-cache hash table entries: 1024 (order 0, 4096 bytes)
[    0.261876] NET: Registered PF_INET protocol family
[    0.262212] IP idents hash table entries: 8192 (order: 4, 65536 bytes, linear)
[    0.263164] tcp_listen_portaddr_hash hash table entries: 512 (order: 0, 4096 bytes, linear)
[    0.263217] Table-perturb hash table entries: 65536 (order: 6, 262144 bytes, linear)
[    0.263246] TCP established hash table entries: 4096 (order: 2, 16384 bytes, linear)
[    0.263296] TCP bind hash table entries: 4096 (order: 3, 32768 bytes, linear)
[    0.263360] TCP: Hash tables configured (established 4096 bind 4096)
[    0.263563] UDP hash table entries: 256 (order: 1, 8192 bytes, linear)
[    0.263597] UDP-Lite hash table entries: 256 (order: 1, 8192 bytes, linear)
[    0.263791] NET: Registered PF_UNIX/PF_LOCAL protocol family
[    0.285016] RPC: Registered named UNIX socket transport module.
[    0.285052] RPC: Registered udp transport module.
[    0.285062] RPC: Registered tcp transport module.
[    0.285070] RPC: Registered tcp NFSv4.1 backchannel transport module.
[    0.285092] PCI: CLS 0 bytes, default 64
[    0.286486] Initialise system trusted keyrings
[    0.287405] workingset: timestamp_bits=14 max_order=17 bucket_order=3
[    0.288617] NFS: Registering the id_resolver key type
[    0.288688] Key type id_resolver registered
[    0.288700] Key type id_legacy registered
[    0.288754] jffs2: version 2.2. (NAND) (SUMMARY)  Â© 2001-2006 Red Hat, Inc.
[    0.289124] Key type asymmetric registered
[    0.289147] Asymmetric key parser 'x509' registered
[    0.289214] io scheduler mq-deadline registered
[    0.289229] io scheduler kyber registered
[    0.291795] hw perfevents: enabled with armv7_cortex_a8 PMU driver, 5 counters available
[    0.299902] l3-aon-clkctrl:0000:0: failed to disable
[    0.300203] Serial: 8250/16550 driver, 6 ports, IRQ sharing enabled
[    0.341805] brd: module loaded
[    0.349101] loop: module loaded
[    0.350008] mtdoops: mtd device (mtddev=name/number) must be supplied
[    0.352314] i2c_dev: i2c /dev entries driver
[    0.353213] cpuidle: enable-method property 'ti,am3352' found operations
[    0.353748] sdhci: Secure Digital Host Controller Interface driver
[    0.353768] sdhci: Copyright(c) Pierre Ossman
[    0.353953] sdhci-pltfm: SDHCI platform and OF driver helper
[    0.354160] ledtrig-cpu: registered to indicate activity on CPUs
[    0.354697] Initializing XFRM netlink socket
[    0.354906] NET: Registered PF_INET6 protocol family
[    0.356442] Segment Routing with IPv6
[    0.356524] In-situ OAM (IOAM) with IPv6
[    0.356623] sit: IPv6, IPv4 and MPLS over IPv4 tunneling driver
[    0.357430] NET: Registered PF_PACKET protocol family
[    0.357481] NET: Registered PF_KEY protocol family
[    0.357619] Key type dns_resolver registered
[    0.357719] ThumbEE CPU extension supported.
[    0.357740] Registering SWP/SWPB emulation handler
[    0.358243] omap_voltage_late_init: Voltage driver support not added
[    0.358873] SmartReflex Class3 initialized
[    0.359683] Loading compiled-in X.509 certificates
[    0.391973] pinctrl-single 44e10800.pinmux: 142 pins, size 568
[    0.396451] ti-sysc: probe of 44e31000.target-module failed with error -16
[    0.428599] ti-sysc: probe of 48040000.target-module failed with error -16
[    0.469408] OMAP GPIO hardware version 0.1
[    0.492988] omap_i2c 4819c000.i2c: bus 2 rev0.11 at 100 kHz
[    0.533580] sdhci-omap 481d8000.mmc: supply vqmmc not found, using dummy regulator
[    0.584397] davinci_mdio 4a101000.mdio: davinci mdio revision 1.6, bus freq 1000000
[    0.783364] davinci_mdio 4a101000.mdio: phy[0]: device 4a101000.mdio:00, driver SMSC LAN8710/LAN8720
[    0.784003] cpsw-switch 4a100000.switch: initialized cpsw ale version 1.4
[    0.784032] cpsw-switch 4a100000.switch: ALE Table size 1024
[    0.794985] cpsw-switch 4a100000.switch: cpts: overflow check period 500 (jiffies)
[    0.795013] cpsw-switch 4a100000.switch: CPTS: ref_clk_freq:250000000 calc_mult:2147483648 calc_shift:29 error:0 nsec/sec
[    0.795125] cpsw-switch 4a100000.switch: Detected MACID = 6c:ec:eb:68:de:78
[    0.796690] cpsw-switch 4a100000.switch: initialized (regs 0x4a100000, pool size 256) hw_ver:0019010C 1.12 (0)
[    0.806085] debugfs: Directory '49000000.dma' with parent 'dmaengine' already present!
[    0.806142] edma 49000000.dma: TI EDMA DMA engine driver
[    0.859376] 44e09000.serial: ttyS0 at MMIO 0x44e09000 (irq = 19, base_baud = 3000000) is a 8250
[    1.842970] printk: console [ttyS0] enabled
[    1.874275] tps65217-pmic: Failed to locate of_node [id: -1]
[    1.889404] tps65217-bl: Failed to locate of_node [id: -1]
[    1.897830] tps65217 0-0024: TPS65217 ID 0xe version 1.2
[    1.903819] i2c 0-0070: Fixing up cyclic dependency with 4830e000.lcdc
[    1.910671] omap_i2c 44e0b000.i2c: bus 0 rev0.11 at 400 kHz
[    1.918100] omap_gpio 44e07000.gpio: Could not set line 6 debounce to 200000 microseconds (-22)
[    1.926939] sdhci-omap 48060000.mmc: Got CD GPIO
[    1.931897] sdhci-omap 48060000.mmc: supply vqmmc not found, using dummy regulator
[    1.944099] sdhci-omap 481d8000.mmc: supply vqmmc not found, using dummy regulator
[    1.976777] mmc0: SDHCI controller on 48060000.mmc [48060000.mmc] using External DMA
[    1.984831] mmc1: SDHCI controller on 481d8000.mmc [481d8000.mmc] using External DMA
[    1.993287] cpsw-switch 4a100000.switch: starting ndev. mode: dual_mac
[    2.037605] mmc0: new high speed SDHC card at address 5048
[    2.044394] mmcblk0: mmc0:5048 SD16G 14.4 GiB 
[    2.052123]  mmcblk0: p1 p2
[    2.055323] mmcblk0: p2 size 31221760 extends beyond EOD, truncated
[    2.083747] mmc1: new high speed MMC card at address 0001
[    2.090303] mmcblk1: mmc1:0001 MMC04G 3.60 GiB 
[    2.097488]  mmcblk1: p1 p2
[    2.101478] mmcblk1boot0: mmc1:0001 MMC04G 2.00 MiB 
[    2.108584] mmcblk1boot1: mmc1:0001 MMC04G 2.00 MiB 
[    2.115429] mmcblk1rpmb: mmc1:0001 MMC04G 128 KiB, chardev (250:0)
[    2.155318] SMSC LAN8710/LAN8720 4a101000.mdio:00: attached PHY driver (mii_bus:phy_addr=4a101000.mdio:00, irq=POLL)
[    5.284242] cpsw-switch 4a100000.switch eth0: Link is Up - 100Mbps/Full - flow control off
[    5.313550] IPv6: ADDRCONF(NETDEV_CHANGE): eth0: link becomes ready
[    5.343510] IP-Config: Complete:
[    5.346769]      device=eth0, hwaddr=6c:ec:eb:68:de:78, ipaddr=192.168.255.1, mask=255.255.255.0, gw=255.255.255.255
[    5.357378]      host=bbb1, domain=, nis-domain=(none)
[    5.362540]      bootserver=192.168.255.126, rootserver=192.168.255.126, rootpath=
[    5.362909] clk: Disabling unused clocks
[    5.374751] TAP version 14
[    5.377476] 1..0
[    5.411541] VFS: Mounted root (nfs filesystem) on device 0:16.
[    5.418403] devtmpfs: mounted
[    5.422691] Freeing unused kernel image (initmem) memory: 1024K
[    5.429283] Run /sbin/init as init process
[    6.118387] systemd[1]: System time before build time, advancing clock.
[    6.314750] random: systemd: uninitialized urandom read (16 bytes read)
[    6.326517] random: systemd: uninitialized urandom read (16 bytes read)
[    6.336919] systemd[1]: systemd 232 running in system mode. (+PAM +AUDIT +SELINUX +IMA +APPARMOR +SMACK +SYSVINIT +UTMP +LIBCRYPTSETUP +GCRYPT +GNUTLS +ACL +XZ +LZ4 +SECCOMP +BLKID +ELFUTILS +KMOD +IDN)
[    6.356074] systemd[1]: Detected architecture arm.

Welcome to [1mDebian GNU/Linux 9 (stretch)[0m!

[    6.396254] systemd[1]: Set hostname to <arm>.
[    6.759009] random: systemd-cryptse: uninitialized urandom read (16 bytes read)
[    7.325965] random: systemd: uninitialized urandom read (16 bytes read)
[    7.367285] random: systemd: uninitialized urandom read (16 bytes read)
[    7.374487] random: systemd: uninitialized urandom read (16 bytes read)
[    7.388538] systemd[1]: Listening on udev Control Socket.
[[0;32m  OK  [0m] Listening on udev Control Socket.
[    7.425060] systemd[1]: Created slice System Slice.
[[0;32m  OK  [0m] Created slice System Slice.
[    7.464888] systemd[1]: Created slice system-getty.slice.
[[0;32m  OK  [0m] Created slice system-getty.slice.
[    7.505122] systemd[1]: Set up automount Arbitrary Executable File Formats File System Automount Point.
[[0;32m  OK  [0m] Set up automount Arbitrary Executabâ€¦rmats File System Automount Point.
[    7.545471] systemd[1]: Listening on Journal Socket.
[[0;32m  OK  [0m] Listening on Journal Socket.
[    7.589573] systemd[1]: Starting Create list of required static device nodes for the current kernel...
         Starting Create list of required stâ€¦ce nodes for the current kernel...
[    7.647842] systemd[1]: Starting Load Kernel Modules...
         Starting Load Kernel Modules...
[[0;32m  OK  [0m] Created slice User and Session Slice.
[[0;32m  OK  [0m] Reached target Slices.
[[0;32m  OK  [0m] Started Forward Password Requests to Wall Directory Watch.
[[0;32m  OK  [0m] Reached target Swap.
[[0;32m  OK  [0m] Listening on Journal Socket (/dev/log).
[[0;32m  OK  [0m] Listening on udev Kernel Socket.
[[0;32m  OK  [0m] Listening on /dev/initctl Compatibility Named Pipe.
         Mounting POSIX Message Queue File System...
         Mounting Debug File System...
         Starting Remount Root and Kernel File Systems...
[[0;32m  OK  [0m] Listening on Syslog Socket.
[[0;32m  OK  [0m] Created slice system-serial\x2dgetty.slice.
[[0;32m  OK  [0m] Reached target Remote File Systems.
[[0;32m  OK  [0m] Listening on Journal Audit Socket.
         Starting Journal Service...
[[0;32m  OK  [0m] Started Dispatch Password Requests to Console Directory Watch.
[[0;32m  OK  [0m] Reached target Encrypted Volumes.
[[0;32m  OK  [0m] Reached target Paths.
[[0;32m  OK  [0m] Mounted POSIX Message Queue File System.
[[0;32m  OK  [0m] Mounted Debug File System.
[[0;32m  OK  [0m] Started Create list of required staâ€¦vice nodes for the current kernel.
[[0;32m  OK  [0m] Started Load Kernel Modules.
[[0;32m  OK  [0m] Started Remount Root and Kernel File Systems.
         Starting udev Coldplug all Devices...
         Starting Load/Save Random Seed...
         Starting Apply Kernel Variables...
[    8.339820] random: systemd-journal: uninitialized urandom read (16 bytes read)
[    8.348509] random: systemd: uninitialized urandom read (16 bytes read)
[    8.399056] random: udevadm: uninitialized urandom read (16 bytes read)
         Mounting Configuration File System...
         Starting Create Static Device Nodes in /dev...
[[0;32m  OK  [0m] Mounted Configuration File System.
[[0;32m  OK  [0m] Started Load/Save Random Seed.
[[0;32m  OK  [0m] Started Apply Kernel Variables.
[[0;32m  OK  [0m] Started Create Static Device Nodes in /dev.
         Starting udev Kernel Device Manager...
[[0;32m  OK  [0m] Reached target Local File Systems (Pre).
[[0;32m  OK  [0m] Reached target Local File Systems.
         Starting Raise network interfaces...
[    9.368209] random: systemd-journal: uninitialized urandom read (16 bytes read)
[[0;32m  OK  [0m] Started Journal Service.
         Starting Flush Journal to Persistent Storage...
[[0;32m  OK  [0m] Started udev Kernel Device Manager.
[    9.922112] systemd-journald[97]: Received request to flush runtime journal from PID 1
[[0;32m  OK  [0m] Started Flush Journal to Persistent Storage.
         Starting Create Volatile Files and Directories...
[[0;32m  OK  [0m] Started Create Volatile Files and Directories.
         Starting Network Time Synchronization...
         Starting Update UTMP about System Boot/Shutdown...
[[0;32m  OK  [0m] Started Update UTMP about System Boot/Shutdown.
[   11.853646] random: crng init done
[   11.857102] random: 467 urandom warning(s) missed due to ratelimiting
[[0;32m  OK  [0m] Started Network Time Synchronization.
[[0;32m  OK  [0m] Reached target System Time Synchronized.
[[0;32m  OK  [0m] Started udev Coldplug all Devices.
[[0;32m  OK  [0m] Reached target System Initialization.[   12.562263] remoteproc remoteproc0: wkup_m3 is available

[[0;32m  OK  [0m] Started Daily Cleanup of Temporary Directories.
[[0;32m  OK  [0m] Listening on Avahi mDNS/DNS-SD Stack Activation Socket.
[[0;32m  OK  [0m] Started Daily apt download activities.
[[0;32m  OK  [0m] Started Daily apt upgrade and clean activities.
[[0;32m  OK  [0m] Reached target Timers.
[[0;32m  OK  [0m] Listening on D-Bus System Message Bus Socket.
[[0;32m  OK  [0m] Reached target Sockets.
[[0;32m  OK  [0m] Reached target Basic System.
[   12.851572] at24 2-0054: supply vcc not found, using dummy regulator
[[0;32m  OK  [0m] Started Regular background program processing daemon.
         Starting Avahi mDNS/DNS-SD Stack...
[   13.034782] at24 2-0055: supply vcc not found, using dummy regulator
         Starting LSB: Start busybox udhcpd at boot time...
[   13.196256] at24 2-0056: supply vcc not found, using dummy regulator
         Starting Cape Manager Service...
[   13.274217] at24 2-0057: supply vcc not found, using dummy regulator
         Starting Login Service...
[   13.345886] tps6521x_pwrbutton tps65217-pwrbutton: DMA mask not set
         Starting Generic Board Startup...
[   13.443833] input: tps65217_pwrbutton as /devices/platform/ocp/44c00000.interconnect/44c00000.interconnect:segment@200000/44e0b000.target-module/44e0b000.i2c/i2c-0/0-0024/tps65217-pwrbutton/input/input0
[   13.471852] at24 0-0050: supply vcc not found, using dummy regulator
         Starting DUN service...
[   13.580638] omap_rtc 44e3e000.rtc: registered as rtc0
[   13.585911] omap_rtc 44e3e000.rtc: setting system clock to 2000-01-01T00:00:00 UTC (946684800)
[   13.618090] omap_wdt: OMAP Watchdog Timer Rev 0x01: initial timeout 60 sec
[   13.634879] at24 0-0050: 32768 byte 24c256 EEPROM, writable, 1 bytes/write
         Starting Telephony service...
         Starting LSB: Load kernel modules needed to enable cpufreq scaling...
         Starting System Logging Service...
[   13.997782] am335x-phy-driver 47401300.usb-phy: supply vcc not found, using dummy regulator
[[0;32m  OK  [0m] Started D-Bus System Message Bus.
[   14.148560] am335x-phy-driver 47401b00.usb-phy: supply vcc not found, using dummy regulator
[   14.382807] usbcore: registered new interface driver usbfs
[   14.388550] usbcore: registered new interface driver hub
[   14.394015] usbcore: registered new device driver usb
[   15.252725] musb-hdrc musb-hdrc.1: MUSB HDRC host driver
[   15.258259] musb-hdrc musb-hdrc.1: new USB bus registered, assigned bus number 1
[   15.308694] omap-mailbox 480c8000.mailbox: omap mailbox rev 0x400
[   15.322909] remoteproc remoteproc0: powering up wkup_m3
[   15.383341] remoteproc remoteproc0: Direct firmware load for am335x-pm-firmware.elf failed with error -2
[   15.393128] remoteproc remoteproc0: request_firmware failed: -2
[   15.399141] wkup_m3_ipc 44e11324.wkup_m3_ipc: rproc_boot failed
[   15.627183] usb usb1: New USB device found, idVendor=1d6b, idProduct=0002, bcdDevice= 5.15
[   15.635650] usb usb1: New USB device strings: Mfr=3, Product=2, SerialNumber=1
[   15.642914] usb usb1: Product: MUSB HDRC host driver
[   15.647947] usb usb1: Manufacturer: Linux 5.15.188 musb-hcd
[   15.653567] usb usb1: SerialNumber: musb-hdrc.1
[   15.731193] tda998x 0-0070: found TDA19988
[   16.264092] hub 1-0:1.0: USB hub found
[   16.328071] hub 1-0:1.0: 1 port detected
[   17.191161] omap_rng 48310000.rng: Random Number Generator ver. 20
[   17.344283] tilcdc 4830e000.lcdc: bound 0-0070 (ops tda998x_driver_exit [tda998x])
[   17.524978] [drm] Initialized tilcdc 1.0.0 20121205 for 4830e000.lcdc on minor 0
[[0;32m  OK  [0m] Started Avahi mDNS/DNS-SD Stack.
[[0;32m  OK  [0m] Started Telephony service.
[[0;32m  OK  [0m] Started DUN service.[   17.612944] tilcdc 4830e000.lcdc: [drm] Cannot find any crtc or sizes

[   17.650847] tilcdc 4830e000.lcdc: [drm] Cannot find any crtc or sizes
         Starting Connection service...
[[0;32m  OK  [0m] Started System Logging Service.
[[0;32m  OK  [0m] Started Cape Manager Service.
[   18.547991] PM: Cannot get wkup_m3_ipc handle
[   18.711226] Bluetooth: Core ver 2.22
[   18.715144] NET: Registered PF_BLUETOOTH protocol family
[   18.720488] Bluetooth: HCI device and connection manager initialized
[   18.726971] Bluetooth: HCI socket layer initialized
[   18.731881] Bluetooth: L2CAP socket layer initialized
[   18.737013] Bluetooth: SCO socket layer initialized
[[0;32m  OK  [0m] Found device /dev/ttyS0.
[   18.918014] omap-aes 53500000.aes: OMAP AES hw accel rev: 3.2
[   18.938681] omap-sham 53100000.sham: hw accel on OMAP rev 4.3
[   19.022900] omap-aes 53500000.aes: will run requests pump with realtime priority
[   19.042517] omap-sham 53100000.sham: will run requests pump with realtime priority
[   19.267021] PM: Cannot get wkup_m3_ipc handle
[   19.340802] PM: Cannot get wkup_m3_ipc handle
[[0;32m  OK  [0m] Started Raise network interfaces.
[[0;32m  OK  [0m] Started LSB: Start busybox udhcpd at boot time.
[   22.255352] PM: Cannot get wkup_m3_ipc handle
[   22.632999] PM: Cannot get wkup_m3_ipc handle
[   22.946151] using random self ethernet address
[   22.950663] using random host ethernet address
[   23.186601] using random self ethernet address
[   23.191112] using random host ethernet address
[   23.781467] usb0: HOST MAC 1c:ba:8c:a2:ed:6c
[   23.785957] usb0: MAC 1c:ba:8c:a2:ed:70
[   23.790644] usb1: HOST MAC 1c:ba:8c:a2:ed:6c
[   23.795031] usb1: MAC 1c:ba:8c:a2:ed:6d
[[0;32m  OK  [0m] Started LSB: Load kernel modules needed to enable cpufreq scaling.
[[0;32m  OK  [0m] Started Connection service.
[[0;32m  OK  [0m] Started Login Service.
         Starting Hostname Service...
         Starting WPA supplicant...
[[0;32m  OK  [0m] Reached target Sound Card.
         Starting LSB: set CPUFreq kernel parameters...
[[0;32m  OK  [0m] Started WPA supplicant.
[[0;32m  OK  [0m] Reached target Network.
[[0;32m  OK  [0m] Reached target Network is Online.
         Starting LSB: Advanced IEEE 802.11 management daemon...
         Starting Permit User Sessions...
         Starting The Apache HTTP Server...
         Starting OpenBSD Secure Shell server...
[[0;32m  OK  [0m] Started LSB: Advanced IEEE 802.11 management daemon.
[[0;32m  OK  [0m] Started Permit User Sessions.
[[0;32m  OK  [0m] Started Hostname Service.
[[0;32m  OK  [0m] Started Getty on tty1.
[[0;32m  OK  [0m] Started Serial Getty on ttyS0.
[[0;32m  OK  [0m] Reached target Login Prompts.
[[0;32m  OK  [0m] Started LSB: set CPUFreq kernel parameters.
         Stopping LSB: Start busybox udhcpd at boot time...
[[0;32m  OK  [0m] Started OpenBSD Secure Shell server.
[[0;32m  OK  [0m] Stopped LSB: Start busybox udhcpd at boot time.
         Starting dnsmasq - A lightweight DHCP and caching DNS server...
[[0;32m  OK  [0m] Started The Apache HTTP Server.
[[0;32m  OK  [0m] Started dnsmasq - A lightweight DHCP and caching DNS server.
[[0;32m  OK  [0m] Reached target Host and Network Name Lookups.
[[0;32m  OK  [0m] Started Serial Getty on ttyGS0.
[[0;32m  OK  [0m] Started Generic Board Startup.
[[0;32m  OK  [0m] Reached target Multi-User System.
[[0;32m  OK  [0m] Reached target Graphical Interface.
         Starting Update UTMP about System Runlevel Changes...
[[0;32m  OK  [0m] Started Update UTMP about System Runlevel Changes.

Debian GNU/Linux 9 arm ttyS0

default username:password is [debian:temppwd]

arm login: root
Password: 
Last login: Sat Jan  1 00:00:36 UTC 2000 on ttyS0
root
Linux arm 5.15.188 #1 SMP Mon Jul 14 17:17:50 EEST 2025 armv7l

The programs included with the Debian GNU/Linux system are free software;
the exact distribution terms for each program are described in the
individual files in /usr/share/doc/*/copyright.

Debian GNU/Linux comes with ABSOLUTELY NO WARRANTY, to the extent
permitted by applicable law.
root@arm:~# root
-bash: root: command not found
root@arm:~# dmesg -n 1
root@arm:~# echo 'HVYA''USSCNF'
HVYAUSSCNF
root@arm:~# run() { echo -n "$MARKER"; sh -c "$@"; echo "$MARKER $?"; }
root@arm:~# echo 'CAXJ''TNQWTC'
CAXJTNQWTC
root@arm:~# MARKER='VHTM''NHZTYU' run 'cat /proc/version'
VHTMNHZTYULinux version 5.15.188 (user01@drvtest01) (arm-none-eabi-gcc (Arm GNU Toolchain 14.2.Rel1 (Build arm-14.52)) 14.2.1 20241119, GNU ld (Arm GNU Toolchain 14.2.Rel1 (Build arm-14.52)) 2.43.1.20241119) #1 SMP Mon Jul 14 17:17:50 EEST 2025
VHTMNHZTYU 0
root@arm:~# echo 'ZBEU''OPWHYC'
ZBEUOPWHYC
root@arm:~# MARKER='BQKL''LAOATG' run false
BQKLLAOATGBQKLLAOATG 1
root@arm:~# Labgrid Console Logfile for main
Logfile started at 2025-07-14 17:31:04.079537
=== Log starts here ===

root@arm:~# run() { echo -n "$MARKER"; sh -c "$@"; echo "$MARKER $?"; }
root@arm:~# echo 'KFMS''ZSBQML'
KFMSZSBQML
root@arm:~# MARKER='TWWO''NUSCTW' run 'ls /iio_generic_buffer; echo $?'
TWWONUSCTW/iio_generic_buffer
0
TWWONUSCTW 0
root@arm:~# Labgrid Console Logfile for main
Logfile started at 2025-07-14 17:31:07.536752
=== Log starts here ===

root@arm:~# run() { echo -n "$MARKER"; sh -c "$@"; echo "$MARKER $?"; }
root@arm:~# echo 'KCZV''SXFWJY'
KCZVSXFWJY
root@arm:~# MARKER='PAVU''CSVXPZ' run dmesg
PAVUCSVXPZ[    0.000000] Booting Linux on physical CPU 0x0
[    0.000000] Linux version 5.15.188 (user01@drvtest01) (arm-none-eabi-gcc (Arm GNU Toolchain 14.2.Rel1 (Build arm-14.52)) 14.2.1 20241119, GNU ld (Arm GNU Toolchain 14.2.Rel1 (Build arm-14.52)) 2.43.1.20241119) #1 SMP Mon Jul 14 17:17:50 EEST 2025
[    0.000000] CPU: ARMv7 Processor [413fc082] revision 2 (ARMv7), cr=10c5387d
[    0.000000] CPU: PIPT / VIPT nonaliasing data cache, VIPT aliasing instruction cache
[    0.000000] OF: fdt: Machine model: TI AM335x BeagleBone Black
[    0.000000] Memory policy: Data cache writeback
[    0.000000] cma: Reserved 16 MiB at 0x9e800000
[    0.000000] Zone ranges:
[    0.000000]   Normal   [mem 0x0000000080000000-0x000000009fdfffff]
[    0.000000]   HighMem  empty
[    0.000000] Movable zone start for each node
[    0.000000] Early memory node ranges
[    0.000000]   node   0: [mem 0x0000000080000000-0x000000009fdfffff]
[    0.000000] Initmem setup node 0 [mem 0x0000000080000000-0x000000009fdfffff]
[    0.000000] CPU: All CPU(s) started in SVC mode.
[    0.000000] AM335X ES2.1 (sgx neon)
[    0.000000] percpu: Embedded 16 pages/cpu s33804 r8192 d23540 u65536
[    0.000000] pcpu-alloc: s33804 r8192 d23540 u65536 alloc=16*4096
[    0.000000] pcpu-alloc: [0] 0 
[    0.000000] Built 1 zonelists, mobility grouping on.  Total pages: 129412
[    0.000000] Kernel command line: console=ttyO0,115200n8 root=/dev/nfs rw nfsroot=192.168.255.126:/home/user01/nfs,nfsvers=3 ip=192.168.255.1:192.168.255.126::255.255.255.0:bbb1:eth0 nfsrootdebug
[    0.000000] Unknown kernel command line parameters "nfsrootdebug", will be passed to user space.
[    0.000000] Dentry cache hash table entries: 65536 (order: 6, 262144 bytes, linear)
[    0.000000] Inode-cache hash table entries: 32768 (order: 5, 131072 bytes, linear)
[    0.000000] mem auto-init: stack:off, heap alloc:off, heap free:off
[    0.000000] Memory: 484756K/522240K available (10240K kernel code, 1079K rwdata, 2392K rodata, 1024K init, 242K bss, 21100K reserved, 16384K cma-reserved, 0K highmem)
[    0.000000] trace event string verifier disabled
[    0.000000] rcu: Hierarchical RCU implementation.
[    0.000000] rcu: 	RCU event tracing is enabled.
[    0.000000] rcu: 	RCU restricting CPUs from NR_CPUS=2 to nr_cpu_ids=1.
[    0.000000] rcu: RCU calculated value of scheduler-enlistment delay is 10 jiffies.
[    0.000000] rcu: Adjusting geometry for rcu_fanout_leaf=16, nr_cpu_ids=1
[    0.000000] NR_IRQS: 16, nr_irqs: 16, preallocated irqs: 16
[    0.000000] IRQ: Found an INTC at 0x(ptrval) (revision 5.0) with 128 interrupts
[    0.000000] TI gptimer clocksource: always-on /ocp/interconnect@44c00000/segment@200000/target-module@31000
[    0.000002] sched_clock: 32 bits at 24MHz, resolution 41ns, wraps every 89478484971ns
[    0.000028] clocksource: dmtimer: mask: 0xffffffff max_cycles: 0xffffffff, max_idle_ns: 79635851949 ns
[    0.000450] TI gptimer clockevent: 24000000 Hz at /ocp/interconnect@48000000/segment@0/target-module@40000
[    0.002290] Console: colour dummy device 80x30
[    0.002351] WARNING: Your 'console=ttyO0' has been replaced by 'ttyS0'
[    0.002363] This ensures that you still see kernel messages. Please
[    0.002372] update your kernel commandline.
[    0.002418] Calibrating delay loop... 996.14 BogoMIPS (lpj=4980736)
[    0.090565] CPU: Testing write buffer coherency: ok
[    0.090656] CPU0: Spectre v2: using BPIALL workaround
[    0.090670] pid_max: default: 32768 minimum: 301
[    0.090815] LSM: Security Framework initializing
[    0.090998] Mount-cache hash table entries: 1024 (order: 0, 4096 bytes, linear)
[    0.091025] Mountpoint-cache hash table entries: 1024 (order: 0, 4096 bytes, linear)
[    0.092593] CPU0: thread -1, cpu 0, socket -1, mpidr 0
[    0.093634] Setting up static identity map for 0x80100000 - 0x80100078
[    0.093857] rcu: Hierarchical SRCU implementation.
[    0.095068] smp: Bringing up secondary CPUs ...
[    0.095097] smp: Brought up 1 node, 1 CPU
[    0.095112] SMP: Total of 1 processors activated (996.14 BogoMIPS).
[    0.095126] CPU: All CPU(s) started in SVC mode.
[    0.095891] devtmpfs: initialized
[    0.110068] VFP support v0.3: implementor 41 architecture 3 part 30 variant c rev 3
[    0.110394] clocksource: jiffies: mask: 0xffffffff max_cycles: 0xffffffff, max_idle_ns: 19112604462750000 ns
[    0.110428] futex hash table entries: 256 (order: 2, 16384 bytes, linear)
[    0.111872] pinctrl core: initialized pinctrl subsystem
[    0.113798] NET: Registered PF_NETLINK/PF_ROUTE protocol family
[    0.116583] DMA: preallocated 256 KiB pool for atomic coherent allocations
[    0.117145] audit: initializing netlink subsys (disabled)
[    0.118326] thermal_sys: Registered thermal governor 'fair_share'
[    0.118347] thermal_sys: Registered thermal governor 'step_wise'
[    0.118362] thermal_sys: Registered thermal governor 'user_space'
[    0.118720] cpuidle: using governor menu
[    0.135036] No ATAGs?
[    0.135074] hw-breakpoint: debug architecture 0x4 unsupported.
[    0.143049] kprobes: kprobe jump-optimization is enabled. All kprobes are optimized if possible.
[    0.143391] audit: type=2000 audit(0.110:1): state=initialized audit_enabled=0 res=1
[    0.148235] reg-fixed-voltage fixedregulator0: GPIO lookup for consumer (null)
[    0.148263] reg-fixed-voltage fixedregulator0: using device tree for GPIO lookup
[    0.148283] of_get_named_gpiod_flags: can't parse 'gpios' property of node '/fixedregulator0[0]'
[    0.148320] of_get_named_gpiod_flags: can't parse 'gpio' property of node '/fixedregulator0[0]'
[    0.148341] reg-fixed-voltage fixedregulator0: using lookup tables for GPIO lookup
[    0.148354] reg-fixed-voltage fixedregulator0: No GPIO consumer (null) found
[    0.149458] iommu: Default domain type: Translated 
[    0.149483] iommu: DMA domain TLB invalidation policy: strict mode 
[    0.150881] vgaarb: loaded
[    0.151418] SCSI subsystem initialized
[    0.151819] libata version 3.00 loaded.
[    0.152141] pps_core: LinuxPPS API ver. 1 registered
[    0.152159] pps_core: Software ver. 5.3.6 - Copyright 2005-2007 Rodolfo Giometti <giometti@linux.it>
[    0.152188] PTP clock support registered
[    0.153504] clocksource: Switched to clocksource dmtimer
[    0.198455] VFS: Disk quotas dquot_6.6.0
[    0.198577] VFS: Dquot-cache hash table entries: 1024 (order 0, 4096 bytes)
[    0.261876] NET: Registered PF_INET protocol family
[    0.262212] IP idents hash table entries: 8192 (order: 4, 65536 bytes, linear)
[    0.263164] tcp_listen_portaddr_hash hash table entries: 512 (order: 0, 4096 bytes, linear)
[    0.263217] Table-perturb hash table entries: 65536 (order: 6, 262144 bytes, linear)
[    0.263246] TCP established hash table entries: 4096 (order: 2, 16384 bytes, linear)
[    0.263296] TCP bind hash table entries: 4096 (order: 3, 32768 bytes, linear)
[    0.263360] TCP: Hash tables configured (established 4096 bind 4096)
[    0.263563] UDP hash table entries: 256 (order: 1, 8192 bytes, linear)
[    0.263597] UDP-Lite hash table entries: 256 (order: 1, 8192 bytes, linear)
[    0.263791] NET: Registered PF_UNIX/PF_LOCAL protocol family
[    0.285016] RPC: Registered named UNIX socket transport module.
[    0.285052] RPC: Registered udp transport module.
[    0.285062] RPC: Registered tcp transport module.
[    0.285070] RPC: Registered tcp NFSv4.1 backchannel transport module.
[    0.285092] PCI: CLS 0 bytes, default 64
[    0.286486] Initialise system trusted keyrings
[    0.287405] workingset: timestamp_bits=14 max_order=17 bucket_order=3
[    0.288617] NFS: Registering the id_resolver key type
[    0.288688] Key type id_resolver registered
[    0.288700] Key type id_legacy registered
[    0.288754] jffs2: version 2.2. (NAND) (SUMMARY)  Â© 2001-2006 Red Hat, Inc.
[    0.289124] Key type asymmetric registered
[    0.289147] Asymmetric key parser 'x509' registered
[    0.289214] io scheduler mq-deadline registered
[    0.289229] io scheduler kyber registered
[    0.291795] hw perfevents: enabled with armv7_cortex_a8 PMU driver, 5 counters available
[    0.299902] l3-aon-clkctrl:0000:0: failed to disable
[    0.300203] Serial: 8250/16550 driver, 6 ports, IRQ sharing enabled
[    0.341805] brd: module loaded
[    0.349101] loop: module loaded
[    0.350008] mtdoops: mtd device (mtddev=name/number) must be supplied
[    0.351253] mdio_bus fixed-0: GPIO lookup for consumer reset
[    0.351277] mdio_bus fixed-0: using lookup tables for GPIO lookup
[    0.351288] mdio_bus fixed-0: No GPIO consumer reset found
[    0.352314] i2c_dev: i2c /dev entries driver
[    0.353213] cpuidle: enable-method property 'ti,am3352' found operations
[    0.353748] sdhci: Secure Digital Host Controller Interface driver
[    0.353768] sdhci: Copyright(c) Pierre Ossman
[    0.353953] sdhci-pltfm: SDHCI platform and OF driver helper
[    0.354160] ledtrig-cpu: registered to indicate activity on CPUs
[    0.354697] Initializing XFRM netlink socket
[    0.354906] NET: Registered PF_INET6 protocol family
[    0.356442] Segment Routing with IPv6
[    0.356524] In-situ OAM (IOAM) with IPv6
[    0.356623] sit: IPv6, IPv4 and MPLS over IPv4 tunneling driver
[    0.357430] NET: Registered PF_PACKET protocol family
[    0.357481] NET: Registered PF_KEY protocol family
[    0.357619] Key type dns_resolver registered
[    0.357719] ThumbEE CPU extension supported.
[    0.357740] Registering SWP/SWPB emulation handler
[    0.358243] omap_voltage_late_init: Voltage driver support not added
[    0.358873] SmartReflex Class3 initialized
[    0.359683] Loading compiled-in X.509 certificates
[    0.391973] pinctrl-single 44e10800.pinmux: 142 pins, size 568
[    0.396451] ti-sysc: probe of 44e31000.target-module failed with error -16
[    0.428599] ti-sysc: probe of 48040000.target-module failed with error -16
[    0.438742] gpio gpiochip0: (gpio-0-31): created GPIO range 0->7 ==> 44e10800.pinmux PIN 0->7
[    0.438785] gpio gpiochip0: (gpio-0-31): created GPIO range 8->11 ==> 44e10800.pinmux PIN 90->93
[    0.438802] gpio gpiochip0: (gpio-0-31): created GPIO range 12->27 ==> 44e10800.pinmux PIN 12->27
[    0.438819] gpio gpiochip0: (gpio-0-31): created GPIO range 28->31 ==> 44e10800.pinmux PIN 30->33
[    0.469145] gpio gpiochip0: (gpio-0-31): added GPIO chardev (254:0)
[    0.469316] gpio gpiochip0: registered GPIOs 0 to 31 on gpio-0-31
[    0.469408] OMAP GPIO hardware version 0.1
[    0.492033] i2c i2c-2: GPIO lookup for consumer scl
[    0.492068] i2c i2c-2: using device tree for GPIO lookup
[    0.492095] of_get_named_gpiod_flags: can't parse 'scl-gpios' property of node '/ocp/interconnect@48000000/segment@100000/target-module@9c000/i2c@0[0]'
[    0.492142] of_get_named_gpiod_flags: can't parse 'scl-gpio' property of node '/ocp/interconnect@48000000/segment@100000/target-module@9c000/i2c@0[0]'
[    0.492184] i2c i2c-2: using lookup tables for GPIO lookup
[    0.492196] i2c i2c-2: No GPIO consumer scl found
[    0.492217] i2c i2c-2: GPIO lookup for consumer sda
[    0.492226] i2c i2c-2: using device tree for GPIO lookup
[    0.492241] of_get_named_gpiod_flags: can't parse 'sda-gpios' property of node '/ocp/interconnect@48000000/segment@100000/target-module@9c000/i2c@0[0]'
[    0.492280] of_get_named_gpiod_flags: can't parse 'sda-gpio' property of node '/ocp/interconnect@48000000/segment@100000/target-module@9c000/i2c@0[0]'
[    0.492316] i2c i2c-2: using lookup tables for GPIO lookup
[    0.492326] i2c i2c-2: No GPIO consumer sda found
[    0.492988] omap_i2c 4819c000.i2c: bus 2 rev0.11 at 100 kHz
[    0.498287] gpio gpiochip1: (gpio-32-63): created GPIO range 0->17 ==> 44e10800.pinmux PIN 34->51
[    0.498326] gpio gpiochip1: (gpio-32-63): created GPIO range 18->21 ==> 44e10800.pinmux PIN 77->80
[    0.498342] gpio gpiochip1: (gpio-32-63): created GPIO range 22->31 ==> 44e10800.pinmux PIN 56->65
[    0.511793] gpio gpiochip1: (gpio-32-63): added GPIO chardev (254:1)
[    0.511938] gpio gpiochip1: registered GPIOs 32 to 63 on gpio-32-63
[    0.514141] gpio gpiochip2: (gpio-64-95): created GPIO range 0->4 ==> 44e10800.pinmux PIN 66->70
[    0.514175] gpio gpiochip2: (gpio-64-95): created GPIO range 5->6 ==> 44e10800.pinmux PIN 98->99
[    0.514193] gpio gpiochip2: (gpio-64-95): created GPIO range 7->8 ==> 44e10800.pinmux PIN 75->76
[    0.514209] gpio gpiochip2: (gpio-64-95): created GPIO range 13->13 ==> 44e10800.pinmux PIN 141->141
[    0.514226] gpio gpiochip2: (gpio-64-95): created GPIO range 14->21 ==> 44e10800.pinmux PIN 100->107
[    0.514634] gpio gpiochip2: (gpio-64-95): added GPIO chardev (254:2)
[    0.514751] gpio gpiochip2: registered GPIOs 64 to 95 on gpio-64-95
[    0.532039] mdio_bus 4a101000.mdio: GPIO lookup for consumer reset
[    0.532075] mdio_bus 4a101000.mdio: using device tree for GPIO lookup
[    0.532099] of_get_named_gpiod_flags: can't parse 'reset-gpios' property of node '/ocp/interconnect@4a000000/segment@0/target-module@100000/switch@0/mdio@1000[0]'
[    0.532150] of_get_named_gpiod_flags: can't parse 'reset-gpio' property of node '/ocp/interconnect@4a000000/segment@0/target-module@100000/switch@0/mdio@1000[0]'
[    0.532197] mdio_bus 4a101000.mdio: using lookup tables for GPIO lookup
[    0.532208] mdio_bus 4a101000.mdio: No GPIO consumer reset found
[    0.533154] sdhci-omap 481d8000.mmc: GPIO lookup for consumer wp
[    0.533177] sdhci-omap 481d8000.mmc: using device tree for GPIO lookup
[    0.533198] of_get_named_gpiod_flags: can't parse 'wp-gpios' property of node '/ocp/interconnect@48000000/segment@100000/target-module@d8000/mmc@0[0]'
[    0.533250] of_get_named_gpiod_flags: can't parse 'wp-gpio' property of node '/ocp/interconnect@48000000/segment@100000/target-module@d8000/mmc@0[0]'
[    0.533288] sdhci-omap 481d8000.mmc: using lookup tables for GPIO lookup
[    0.533298] sdhci-omap 481d8000.mmc: No GPIO consumer wp found
[    0.533580] sdhci-omap 481d8000.mmc: supply vqmmc not found, using dummy regulator
[    0.584397] davinci_mdio 4a101000.mdio: davinci mdio revision 1.6, bus freq 1000000
[    0.604383] mdio_bus 4a101000.mdio:00: GPIO lookup for consumer reset
[    0.604408] mdio_bus 4a101000.mdio:00: using device tree for GPIO lookup
[    0.604450] of_get_named_gpiod_flags: parsed 'reset-gpios' property of node '/ocp/interconnect@4a000000/segment@0/target-module@100000/switch@0/mdio@1000/ethernet-phy@0[0]' - status (0)
[    0.604611] gpio gpiochip0: Persistence not supported for GPIO 8
[    0.783364] davinci_mdio 4a101000.mdio: phy[0]: device 4a101000.mdio:00, driver SMSC LAN8710/LAN8720
[    0.784003] cpsw-switch 4a100000.switch: initialized cpsw ale version 1.4
[    0.784032] cpsw-switch 4a100000.switch: ALE Table size 1024
[    0.794985] cpsw-switch 4a100000.switch: cpts: overflow check period 500 (jiffies)
[    0.795013] cpsw-switch 4a100000.switch: CPTS: ref_clk_freq:250000000 calc_mult:2147483648 calc_shift:29 error:0 nsec/sec
[    0.795125] cpsw-switch 4a100000.switch: Detected MACID = 6c:ec:eb:68:de:78
[    0.796690] cpsw-switch 4a100000.switch: initialized (regs 0x4a100000, pool size 256) hw_ver:0019010C 1.12 (0)
[    0.806085] debugfs: Directory '49000000.dma' with parent 'dmaengine' already present!
[    0.806142] edma 49000000.dma: TI EDMA DMA engine driver
[    0.841763] gpio-clk clk_mcasp0: GPIO lookup for consumer enable
[    0.841800] gpio-clk clk_mcasp0: using device tree for GPIO lookup
[    0.841839] of_get_named_gpiod_flags: parsed 'enable-gpios' property of node '/clk_mcasp0[0]' - status (0)
[    0.841879] gpio gpiochip0: Persistence not supported for GPIO 27
[    0.842609] gpio gpiochip3: (gpio-96-127): created GPIO range 0->7 ==> 44e10800.pinmux PIN 82->89
[    0.842640] gpio gpiochip3: (gpio-96-127): created GPIO range 8->11 ==> 44e10800.pinmux PIN 52->55
[    0.842656] gpio gpiochip3: (gpio-96-127): created GPIO range 12->15 ==> 44e10800.pinmux PIN 94->97
[    0.842673] gpio gpiochip3: (gpio-96-127): created GPIO range 16->17 ==> 44e10800.pinmux PIN 71->72
[    0.842690] gpio gpiochip3: (gpio-96-127): created GPIO range 18->18 ==> 44e10800.pinmux PIN 135->135
[    0.842707] gpio gpiochip3: (gpio-96-127): created GPIO range 19->20 ==> 44e10800.pinmux PIN 108->109
[    0.842724] gpio gpiochip3: (gpio-96-127): created GPIO range 21->21 ==> 44e10800.pinmux PIN 73->73
[    0.842742] gpio gpiochip3: (gpio-96-127): created GPIO range 22->23 ==> 44e10800.pinmux PIN 8->9
[    0.842760] gpio gpiochip3: (gpio-96-127): created GPIO range 26->27 ==> 44e10800.pinmux PIN 10->11
[    0.842778] gpio gpiochip3: (gpio-96-127): created GPIO range 28->28 ==> 44e10800.pinmux PIN 74->74
[    0.842797] gpio gpiochip3: (gpio-96-127): created GPIO range 29->29 ==> 44e10800.pinmux PIN 81->81
[    0.842817] gpio gpiochip3: (gpio-96-127): created GPIO range 30->31 ==> 44e10800.pinmux PIN 28->29
[    0.857602] gpio gpiochip3: (gpio-96-127): added GPIO chardev (254:3)
[    0.857750] gpio gpiochip3: registered GPIOs 96 to 127 on gpio-96-127
[    0.859169] omap8250 44e09000.serial: GPIO lookup for consumer rs485-term
[    0.859198] omap8250 44e09000.serial: using device tree for GPIO lookup
[    0.859222] of_get_named_gpiod_flags: can't parse 'rs485-term-gpios' property of node '/ocp/interconnect@44c00000/segment@200000/target-module@9000/serial@0[0]'
[    0.859273] of_get_named_gpiod_flags: can't parse 'rs485-term-gpio' property of node '/ocp/interconnect@44c00000/segment@200000/target-module@9000/serial@0[0]'
[    0.859314] omap8250 44e09000.serial: using lookup tables for GPIO lookup
[    0.859326] omap8250 44e09000.serial: No GPIO consumer rs485-term found
[    0.859376] 44e09000.serial: ttyS0 at MMIO 0x44e09000 (irq = 19, base_baud = 3000000) is a 8250
[    1.842970] printk: console [ttyS0] enabled
[    1.849441] i2c i2c-0: GPIO lookup for consumer scl
[    1.849472] i2c i2c-0: using device tree for GPIO lookup
[    1.849497] of_get_named_gpiod_flags: can't parse 'scl-gpios' property of node '/ocp/interconnect@44c00000/segment@200000/target-module@b000/i2c@0[0]'
[    1.849543] of_get_named_gpiod_flags: can't parse 'scl-gpio' property of node '/ocp/interconnect@44c00000/segment@200000/target-module@b000/i2c@0[0]'
[    1.849584] i2c i2c-0: using lookup tables for GPIO lookup
[    1.849596] i2c i2c-0: No GPIO consumer scl found
[    1.849617] i2c i2c-0: GPIO lookup for consumer sda
[    1.849626] i2c i2c-0: using device tree for GPIO lookup
[    1.849641] of_get_named_gpiod_flags: can't parse 'sda-gpios' property of node '/ocp/interconnect@44c00000/segment@200000/target-module@b000/i2c@0[0]'
[    1.849680] of_get_named_gpiod_flags: can't parse 'sda-gpio' property of node '/ocp/interconnect@44c00000/segment@200000/target-module@b000/i2c@0[0]'
[    1.849716] i2c i2c-0: using lookup tables for GPIO lookup
[    1.849724] i2c i2c-0: No GPIO consumer sda found
[    1.874275] tps65217-pmic: Failed to locate of_node [id: -1]
[    1.889404] tps65217-bl: Failed to locate of_node [id: -1]
[    1.897830] tps65217 0-0024: TPS65217 ID 0xe version 1.2
[    1.903819] i2c 0-0070: Fixing up cyclic dependency with 4830e000.lcdc
[    1.910671] omap_i2c 44e0b000.i2c: bus 0 rev0.11 at 400 kHz
[    1.917893] sdhci-omap 48060000.mmc: GPIO lookup for consumer cd
[    1.917920] sdhci-omap 48060000.mmc: using device tree for GPIO lookup
[    1.917959] of_get_named_gpiod_flags: parsed 'cd-gpios' property of node '/ocp/interconnect@48000000/segment@0/target-module@60000/mmc@0[0]' - status (0)
[    1.918079] gpio gpiochip3: Persistence not supported for GPIO 6
[    1.918100] omap_gpio 44e07000.gpio: Could not set line 6 debounce to 200000 microseconds (-22)
[    1.926939] sdhci-omap 48060000.mmc: Got CD GPIO
[    1.931585] sdhci-omap 48060000.mmc: GPIO lookup for consumer wp
[    1.931596] sdhci-omap 48060000.mmc: using device tree for GPIO lookup
[    1.931613] of_get_named_gpiod_flags: can't parse 'wp-gpios' property of node '/ocp/interconnect@48000000/segment@0/target-module@60000/mmc@0[0]'
[    1.931658] of_get_named_gpiod_flags: can't parse 'wp-gpio' property of node '/ocp/interconnect@48000000/segment@0/target-module@60000/mmc@0[0]'
[    1.931698] sdhci-omap 48060000.mmc: using lookup tables for GPIO lookup
[    1.931708] sdhci-omap 48060000.mmc: No GPIO consumer wp found
[    1.931897] sdhci-omap 48060000.mmc: supply vqmmc not found, using dummy regulator
[    1.940546] sdhci-omap 481d8000.mmc: GPIO lookup for consumer wp
[    1.940569] sdhci-omap 481d8000.mmc: using device tree for GPIO lookup
[    1.940591] of_get_named_gpiod_flags: can't parse 'wp-gpios' property of node '/ocp/interconnect@48000000/segment@100000/target-module@d8000/mmc@0[0]'
[    1.940644] of_get_named_gpiod_flags: can't parse 'wp-gpio' property of node '/ocp/interconnect@48000000/segment@100000/target-module@d8000/mmc@0[0]'
[    1.940683] sdhci-omap 481d8000.mmc: using lookup tables for GPIO lookup
[    1.940694] sdhci-omap 481d8000.mmc: No GPIO consumer wp found
[    1.944099] sdhci-omap 481d8000.mmc: supply vqmmc not found, using dummy regulator
[    1.976777] mmc0: SDHCI controller on 48060000.mmc [48060000.mmc] using External DMA
[    1.984831] mmc1: SDHCI controller on 481d8000.mmc [481d8000.mmc] using External DMA
[    1.993287] cpsw-switch 4a100000.switch: starting ndev. mode: dual_mac
[    2.037605] mmc0: new high speed SDHC card at address 5048
[    2.044394] mmcblk0: mmc0:5048 SD16G 14.4 GiB 
[    2.052123]  mmcblk0: p1 p2
[    2.055323] mmcblk0: p2 size 31221760 extends beyond EOD, truncated
[    2.083747] mmc1: new high speed MMC card at address 0001
[    2.090303] mmcblk1: mmc1:0001 MMC04G 3.60 GiB 
[    2.097488]  mmcblk1: p1 p2
[    2.101478] mmcblk1boot0: mmc1:0001 MMC04G 2.00 MiB 
[    2.108584] mmcblk1boot1: mmc1:0001 MMC04G 2.00 MiB 
[    2.115429] mmcblk1rpmb: mmc1:0001 MMC04G 128 KiB, chardev (250:0)
[    2.155318] SMSC LAN8710/LAN8720 4a101000.mdio:00: attached PHY driver (mii_bus:phy_addr=4a101000.mdio:00, irq=POLL)
[    5.284242] cpsw-switch 4a100000.switch eth0: Link is Up - 100Mbps/Full - flow control off
[    5.313550] IPv6: ADDRCONF(NETDEV_CHANGE): eth0: link becomes ready
[    5.343510] IP-Config: Complete:
[    5.346769]      device=eth0, hwaddr=6c:ec:eb:68:de:78, ipaddr=192.168.255.1, mask=255.255.255.0, gw=255.255.255.255
[    5.357378]      host=bbb1, domain=, nis-domain=(none)
[    5.362540]      bootserver=192.168.255.126, rootserver=192.168.255.126, rootpath=
[    5.362909] clk: Disabling unused clocks
[    5.374751] TAP version 14
[    5.377476] 1..0
[    5.411541] VFS: Mounted root (nfs filesystem) on device 0:16.
[    5.418403] devtmpfs: mounted
[    5.422691] Freeing unused kernel image (initmem) memory: 1024K
[    5.429283] Run /sbin/init as init process
[    5.433407]   with arguments:
[    5.433416]     /sbin/init
[    5.433423]     nfsrootdebug
[    5.433429]   with environment:
[    5.433436]     HOME=/
[    5.433442]     TERM=linux
[    6.118387] systemd[1]: System time before build time, advancing clock.
[    6.314750] random: systemd: uninitialized urandom read (16 bytes read)
[    6.326517] random: systemd: uninitialized urandom read (16 bytes read)
[    6.336919] systemd[1]: systemd 232 running in system mode. (+PAM +AUDIT +SELINUX +IMA +APPARMOR +SMACK +SYSVINIT +UTMP +LIBCRYPTSETUP +GCRYPT +GNUTLS +ACL +XZ +LZ4 +SECCOMP +BLKID +ELFUTILS +KMOD +IDN)
[    6.356074] systemd[1]: Detected architecture arm.
[    6.396254] systemd[1]: Set hostname to <arm>.
[    6.759009] random: systemd-cryptse: uninitialized urandom read (16 bytes read)
[    7.325965] random: systemd: uninitialized urandom read (16 bytes read)
[    7.367285] random: systemd: uninitialized urandom read (16 bytes read)
[    7.374487] random: systemd: uninitialized urandom read (16 bytes read)
[    7.388538] systemd[1]: Listening on udev Control Socket.
[    7.425060] systemd[1]: Created slice System Slice.
[    7.464888] systemd[1]: Created slice system-getty.slice.
[    7.505122] systemd[1]: Set up automount Arbitrary Executable File Formats File System Automount Point.
[    7.545471] systemd[1]: Listening on Journal Socket.
[    7.589573] systemd[1]: Starting Create list of required static device nodes for the current kernel...
[    7.647842] systemd[1]: Starting Load Kernel Modules...
[    8.339820] random: systemd-journal: uninitialized urandom read (16 bytes read)
[    8.348509] random: systemd: uninitialized urandom read (16 bytes read)
[    8.399056] random: udevadm: uninitialized urandom read (16 bytes read)
[    9.368209] random: systemd-journal: uninitialized urandom read (16 bytes read)
[    9.922112] systemd-journald[97]: Received request to flush runtime journal from PID 1
[   11.853646] random: crng init done
[   11.857102] random: 467 urandom warning(s) missed due to ratelimiting
[   12.333163] of_get_named_gpiod_flags: parsed 'gpios' property of node '/leds/led2[0]' - status (0)
[   12.333249] gpio gpiochip0: Persistence not supported for GPIO 21
[   12.333262] gpio-21 (?): no flags found for gpios
[   12.333715] of_get_named_gpiod_flags: parsed 'gpios' property of node '/leds/led3[0]' - status (0)
[   12.333769] gpio gpiochip0: Persistence not supported for GPIO 22
[   12.333779] gpio-22 (?): no flags found for gpios
[   12.333998] of_get_named_gpiod_flags: parsed 'gpios' property of node '/leds/led4[0]' - status (0)
[   12.334032] gpio gpiochip0: Persistence not supported for GPIO 23
[   12.334041] gpio-23 (?): no flags found for gpios
[   12.334195] of_get_named_gpiod_flags: parsed 'gpios' property of node '/leds/led5[0]' - status (0)
[   12.334227] gpio gpiochip0: Persistence not supported for GPIO 24
[   12.334236] gpio-24 (?): no flags found for gpios
[   12.562263] remoteproc remoteproc0: wkup_m3 is available
[   12.851572] at24 2-0054: supply vcc not found, using dummy regulator
[   13.034782] at24 2-0055: supply vcc not found, using dummy regulator
[   13.196256] at24 2-0056: supply vcc not found, using dummy regulator
[   13.274217] at24 2-0057: supply vcc not found, using dummy regulator
[   13.345886] tps6521x_pwrbutton tps65217-pwrbutton: DMA mask not set
[   13.443833] input: tps65217_pwrbutton as /devices/platform/ocp/44c00000.interconnect/44c00000.interconnect:segment@200000/44e0b000.target-module/44e0b000.i2c/i2c-0/0-0024/tps65217-pwrbutton/input/input0
[   13.471852] at24 0-0050: supply vcc not found, using dummy regulator
[   13.580638] omap_rtc 44e3e000.rtc: registered as rtc0
[   13.585911] omap_rtc 44e3e000.rtc: setting system clock to 2000-01-01T00:00:00 UTC (946684800)
[   13.594628] omap_rtc 44e3e000.rtc: GPIO lookup for consumer wp
[   13.594642] omap_rtc 44e3e000.rtc: using device tree for GPIO lookup
[   13.594671] of_get_named_gpiod_flags: can't parse 'wp-gpios' property of node '/ocp/interconnect@44c00000/segment@200000/target-module@3e000/rtc@0[0]'
[   13.594730] of_get_named_gpiod_flags: can't parse 'wp-gpio' property of node '/ocp/interconnect@44c00000/segment@200000/target-module@3e000/rtc@0[0]'
[   13.594774] omap_rtc 44e3e000.rtc: using lookup tables for GPIO lookup
[   13.594786] omap_rtc 44e3e000.rtc: No GPIO consumer wp found
[   13.618090] omap_wdt: OMAP Watchdog Timer Rev 0x01: initial timeout 60 sec
[   13.634410] at24 0-0050: GPIO lookup for consumer wp
[   13.634452] at24 0-0050: using device tree for GPIO lookup
[   13.634484] of_get_named_gpiod_flags: can't parse 'wp-gpios' property of node '/ocp/interconnect@44c00000/segment@200000/target-module@b000/i2c@0/baseboard_eeprom@50[0]'
[   13.634557] of_get_named_gpiod_flags: can't parse 'wp-gpio' property of node '/ocp/interconnect@44c00000/segment@200000/target-module@b000/i2c@0/baseboard_eeprom@50[0]'
[   13.634607] at24 0-0050: using lookup tables for GPIO lookup
[   13.634619] at24 0-0050: No GPIO consumer wp found
[   13.634879] at24 0-0050: 32768 byte 24c256 EEPROM, writable, 1 bytes/write
[   13.997390] am335x-phy-driver 47401300.usb-phy: GPIO lookup for consumer reset
[   13.997432] am335x-phy-driver 47401300.usb-phy: using device tree for GPIO lookup
[   13.997465] of_get_named_gpiod_flags: can't parse 'reset-gpios' property of node '/ocp/target-module@47400000/usb-phy@1300[0]'
[   13.997516] of_get_named_gpiod_flags: can't parse 'reset-gpio' property of node '/ocp/target-module@47400000/usb-phy@1300[0]'
[   13.997548] am335x-phy-driver 47401300.usb-phy: using lookup tables for GPIO lookup
[   13.997560] am335x-phy-driver 47401300.usb-phy: No GPIO consumer reset found
[   13.997570] am335x-phy-driver 47401300.usb-phy: GPIO lookup for consumer vbus-detect
[   13.997580] am335x-phy-driver 47401300.usb-phy: using device tree for GPIO lookup
[   13.997595] of_get_named_gpiod_flags: can't parse 'vbus-detect-gpios' property of node '/ocp/target-module@47400000/usb-phy@1300[0]'
[   13.997625] of_get_named_gpiod_flags: can't parse 'vbus-detect-gpio' property of node '/ocp/target-module@47400000/usb-phy@1300[0]'
[   13.997651] am335x-phy-driver 47401300.usb-phy: using lookup tables for GPIO lookup
[   13.997660] am335x-phy-driver 47401300.usb-phy: No GPIO consumer vbus-detect found
[   13.997782] am335x-phy-driver 47401300.usb-phy: supply vcc not found, using dummy regulator
[   14.148176] am335x-phy-driver 47401b00.usb-phy: GPIO lookup for consumer reset
[   14.148217] am335x-phy-driver 47401b00.usb-phy: using device tree for GPIO lookup
[   14.148246] of_get_named_gpiod_flags: can't parse 'reset-gpios' property of node '/ocp/target-module@47400000/usb-phy@1b00[0]'
[   14.148293] of_get_named_gpiod_flags: can't parse 'reset-gpio' property of node '/ocp/target-module@47400000/usb-phy@1b00[0]'
[   14.148325] am335x-phy-driver 47401b00.usb-phy: using lookup tables for GPIO lookup
[   14.148337] am335x-phy-driver 47401b00.usb-phy: No GPIO consumer reset found
[   14.148348] am335x-phy-driver 47401b00.usb-phy: GPIO lookup for consumer vbus-detect
[   14.148357] am335x-phy-driver 47401b00.usb-phy: using device tree for GPIO lookup
[   14.148372] of_get_named_gpiod_flags: can't parse 'vbus-detect-gpios' property of node '/ocp/target-module@47400000/usb-phy@1b00[0]'
[   14.148404] of_get_named_gpiod_flags: can't parse 'vbus-detect-gpio' property of node '/ocp/target-module@47400000/usb-phy@1b00[0]'
[   14.148430] am335x-phy-driver 47401b00.usb-phy: using lookup tables for GPIO lookup
[   14.148440] am335x-phy-driver 47401b00.usb-phy: No GPIO consumer vbus-detect found
[   14.148560] am335x-phy-driver 47401b00.usb-phy: supply vcc not found, using dummy regulator
[   14.382807] usbcore: registered new interface driver usbfs
[   14.388550] usbcore: registered new interface driver hub
[   14.394015] usbcore: registered new device driver usb
[   15.252725] musb-hdrc musb-hdrc.1: MUSB HDRC host driver
[   15.258259] musb-hdrc musb-hdrc.1: new USB bus registered, assigned bus number 1
[   15.308694] omap-mailbox 480c8000.mailbox: omap mailbox rev 0x400
[   15.322909] remoteproc remoteproc0: powering up wkup_m3
[   15.383341] remoteproc remoteproc0: Direct firmware load for am335x-pm-firmware.elf failed with error -2
[   15.393128] remoteproc remoteproc0: request_firmware failed: -2
[   15.399141] wkup_m3_ipc 44e11324.wkup_m3_ipc: rproc_boot failed
[   15.627183] usb usb1: New USB device found, idVendor=1d6b, idProduct=0002, bcdDevice= 5.15
[   15.635650] usb usb1: New USB device strings: Mfr=3, Product=2, SerialNumber=1
[   15.642914] usb usb1: Product: MUSB HDRC host driver
[   15.647947] usb usb1: Manufacturer: Linux 5.15.188 musb-hcd
[   15.653567] usb usb1: SerialNumber: musb-hdrc.1
[   15.731193] tda998x 0-0070: found TDA19988
[   16.264092] hub 1-0:1.0: USB hub found
[   16.328071] hub 1-0:1.0: 1 port detected
[   17.191161] omap_rng 48310000.rng: Random Number Generator ver. 20
[   17.344283] tilcdc 4830e000.lcdc: bound 0-0070 (ops tda998x_driver_exit [tda998x])
[   17.524978] [drm] Initialized tilcdc 1.0.0 20121205 for 4830e000.lcdc on minor 0
[   17.612944] tilcdc 4830e000.lcdc: [drm] Cannot find any crtc or sizes
[   17.650847] tilcdc 4830e000.lcdc: [drm] Cannot find any crtc or sizes
[   18.547991] PM: Cannot get wkup_m3_ipc handle
[   18.711226] Bluetooth: Core ver 2.22
[   18.715144] NET: Registered PF_BLUETOOTH protocol family
[   18.720488] Bluetooth: HCI device and connection manager initialized
[   18.726971] Bluetooth: HCI socket layer initialized
[   18.731881] Bluetooth: L2CAP socket layer initialized
[   18.737013] Bluetooth: SCO socket layer initialized
[   18.918014] omap-aes 53500000.aes: OMAP AES hw accel rev: 3.2
[   18.938681] omap-sham 53100000.sham: hw accel on OMAP rev 4.3
[   19.022900] omap-aes 53500000.aes: will run requests pump with realtime priority
[   19.042517] omap-sham 53100000.sham: will run requests pump with realtime priority
[   19.267021] PM: Cannot get wkup_m3_ipc handle
[   19.340802] PM: Cannot get wkup_m3_ipc handle
[   22.255352] PM: Cannot get wkup_m3_ipc handle
[   22.260975] of_get_named_gpiod_flags: can't parse 'simple-audio-card,hp-det-gpio' property of node '/sound[0]'
[   22.261033] of_get_named_gpiod_flags: can't parse 'simple-audio-card,mic-det-gpio' property of node '/sound[0]'
[   22.632999] PM: Cannot get wkup_m3_ipc handle
[   22.946151] using random self ethernet address
[   22.950663] using random host ethernet address
[   23.186601] using random self ethernet address
[   23.191112] using random host ethernet address
[   23.458493] userial_init: registered 8 ttyGS* devices
[   23.680811] rndis_register: configNr = 0
[   23.780386] udc musb-hdrc.0: registering UDC driver [g_multi]
[   23.780484] configfs-gadget gadget: adding 'rndis'/f98d048e to config 'c'/f63b319a
[   23.781467] usb0: HOST MAC 1c:ba:8c:a2:ed:6c
[   23.785957] usb0: MAC 1c:ba:8c:a2:ed:70
[   23.789862] rndis_set_param_medium: 0 0
[   23.789879] configfs-gadget gadget: RNDIS: dual speed IN/ep1in OUT/ep1out NOTIFY/ep2in
[   23.789894] configfs-gadget gadget: adding 'cdc_ethernet'/993ffa68 to config 'c'/f63b319a
[   23.790644] usb1: HOST MAC 1c:ba:8c:a2:ed:6c
[   23.795031] usb1: MAC 1c:ba:8c:a2:ed:6d
[   23.798914] configfs-gadget gadget: CDC Ethernet: dual speed IN/ep3in OUT/ep2out NOTIFY/ep4in
[   23.798929] configfs-gadget gadget: adding 'acm'/6e98469e to config 'c'/f63b319a
[   23.798956] configfs-gadget gadget: acm ttyGS0: dual speed IN/ep5in OUT/ep3out NOTIFY/ep6in
[   24.982728] usb1: eth_open
[   29.652564] gs_open: ttyGS0 (ee99f477,31687d9b)
[   29.652716] gs_close: ttyGS0 (ee99f477,31687d9b) ...
[   29.652735] gs_close: ttyGS0 (ee99f477,31687d9b) done!
[   29.668291] gs_open: ttyGS0 (ea29cb87,7cdacb22)
[   29.668424] gs_close: ttyGS0 (ea29cb87,7cdacb22) ...
[   29.668442] gs_close: ttyGS0 (ea29cb87,7cdacb22) done!
[   29.821342] gs_open: ttyGS0 (ee99f477,eb825c81)
[   29.821948] gs_close: ttyGS0 (ee99f477,eb825c81) ...
[   29.821982] gs_close: ttyGS0 (ee99f477,eb825c81) done!
[   29.822271] gs_open: ttyGS0 (ee99f477,adf0207a)
PAVUCSVXPZ 0
root@arm:~# echo 'KLXZ''ACLYYW'
KLXZACLYYW
root@arm:~# MARKER='PSZE''MJBBFX' run 'modprobe test_linear_ranges'
PSZEMJBBFXPSZEMJBBFX 0
root@arm:~# echo 'ONPK''ZKLOLC'
ONPKZKLOLC
root@arm:~# MARKER='OTOP''JFWWTB' run dmesg
OTOPJFWWTB[    0.000000] Booting Linux on physical CPU 0x0
[    0.000000] Linux version 5.15.188 (user01@drvtest01) (arm-none-eabi-gcc (Arm GNU Toolchain 14.2.Rel1 (Build arm-14.52)) 14.2.1 20241119, GNU ld (Arm GNU Toolchain 14.2.Rel1 (Build arm-14.52)) 2.43.1.20241119) #1 SMP Mon Jul 14 17:17:50 EEST 2025
[    0.000000] CPU: ARMv7 Processor [413fc082] revision 2 (ARMv7), cr=10c5387d
[    0.000000] CPU: PIPT / VIPT nonaliasing data cache, VIPT aliasing instruction cache
[    0.000000] OF: fdt: Machine model: TI AM335x BeagleBone Black
[    0.000000] Memory policy: Data cache writeback
[    0.000000] cma: Reserved 16 MiB at 0x9e800000
[    0.000000] Zone ranges:
[    0.000000]   Normal   [mem 0x0000000080000000-0x000000009fdfffff]
[    0.000000]   HighMem  empty
[    0.000000] Movable zone start for each node
[    0.000000] Early memory node ranges
[    0.000000]   node   0: [mem 0x0000000080000000-0x000000009fdfffff]
[    0.000000] Initmem setup node 0 [mem 0x0000000080000000-0x000000009fdfffff]
[    0.000000] CPU: All CPU(s) started in SVC mode.
[    0.000000] AM335X ES2.1 (sgx neon)
[    0.000000] percpu: Embedded 16 pages/cpu s33804 r8192 d23540 u65536
[    0.000000] pcpu-alloc: s33804 r8192 d23540 u65536 alloc=16*4096
[    0.000000] pcpu-alloc: [0] 0 
[    0.000000] Built 1 zonelists, mobility grouping on.  Total pages: 129412
[    0.000000] Kernel command line: console=ttyO0,115200n8 root=/dev/nfs rw nfsroot=192.168.255.126:/home/user01/nfs,nfsvers=3 ip=192.168.255.1:192.168.255.126::255.255.255.0:bbb1:eth0 nfsrootdebug
[    0.000000] Unknown kernel command line parameters "nfsrootdebug", will be passed to user space.
[    0.000000] Dentry cache hash table entries: 65536 (order: 6, 262144 bytes, linear)
[    0.000000] Inode-cache hash table entries: 32768 (order: 5, 131072 bytes, linear)
[    0.000000] mem auto-init: stack:off, heap alloc:off, heap free:off
[    0.000000] Memory: 484756K/522240K available (10240K kernel code, 1079K rwdata, 2392K rodata, 1024K init, 242K bss, 21100K reserved, 16384K cma-reserved, 0K highmem)
[    0.000000] trace event string verifier disabled
[    0.000000] rcu: Hierarchical RCU implementation.
[    0.000000] rcu: 	RCU event tracing is enabled.
[    0.000000] rcu: 	RCU restricting CPUs from NR_CPUS=2 to nr_cpu_ids=1.
[    0.000000] rcu: RCU calculated value of scheduler-enlistment delay is 10 jiffies.
[    0.000000] rcu: Adjusting geometry for rcu_fanout_leaf=16, nr_cpu_ids=1
[    0.000000] NR_IRQS: 16, nr_irqs: 16, preallocated irqs: 16
[    0.000000] IRQ: Found an INTC at 0x(ptrval) (revision 5.0) with 128 interrupts
[    0.000000] TI gptimer clocksource: always-on /ocp/interconnect@44c00000/segment@200000/target-module@31000
[    0.000002] sched_clock: 32 bits at 24MHz, resolution 41ns, wraps every 89478484971ns
[    0.000028] clocksource: dmtimer: mask: 0xffffffff max_cycles: 0xffffffff, max_idle_ns: 79635851949 ns
[    0.000450] TI gptimer clockevent: 24000000 Hz at /ocp/interconnect@48000000/segment@0/target-module@40000
[    0.002290] Console: colour dummy device 80x30
[    0.002351] WARNING: Your 'console=ttyO0' has been replaced by 'ttyS0'
[    0.002363] This ensures that you still see kernel messages. Please
[    0.002372] update your kernel commandline.
[    0.002418] Calibrating delay loop... 996.14 BogoMIPS (lpj=4980736)
[    0.090565] CPU: Testing write buffer coherency: ok
[    0.090656] CPU0: Spectre v2: using BPIALL workaround
[    0.090670] pid_max: default: 32768 minimum: 301
[    0.090815] LSM: Security Framework initializing
[    0.090998] Mount-cache hash table entries: 1024 (order: 0, 4096 bytes, linear)
[    0.091025] Mountpoint-cache hash table entries: 1024 (order: 0, 4096 bytes, linear)
[    0.092593] CPU0: thread -1, cpu 0, socket -1, mpidr 0
[    0.093634] Setting up static identity map for 0x80100000 - 0x80100078
[    0.093857] rcu: Hierarchical SRCU implementation.
[    0.095068] smp: Bringing up secondary CPUs ...
[    0.095097] smp: Brought up 1 node, 1 CPU
[    0.095112] SMP: Total of 1 processors activated (996.14 BogoMIPS).
[    0.095126] CPU: All CPU(s) started in SVC mode.
[    0.095891] devtmpfs: initialized
[    0.110068] VFP support v0.3: implementor 41 architecture 3 part 30 variant c rev 3
[    0.110394] clocksource: jiffies: mask: 0xffffffff max_cycles: 0xffffffff, max_idle_ns: 19112604462750000 ns
[    0.110428] futex hash table entries: 256 (order: 2, 16384 bytes, linear)
[    0.111872] pinctrl core: initialized pinctrl subsystem
[    0.113798] NET: Registered PF_NETLINK/PF_ROUTE protocol family
[    0.116583] DMA: preallocated 256 KiB pool for atomic coherent allocations
[    0.117145] audit: initializing netlink subsys (disabled)
[    0.118326] thermal_sys: Registered thermal governor 'fair_share'
[    0.118347] thermal_sys: Registered thermal governor 'step_wise'
[    0.118362] thermal_sys: Registered thermal governor 'user_space'
[    0.118720] cpuidle: using governor menu
[    0.135036] No ATAGs?
[    0.135074] hw-breakpoint: debug architecture 0x4 unsupported.
[    0.143049] kprobes: kprobe jump-optimization is enabled. All kprobes are optimized if possible.
[    0.143391] audit: type=2000 audit(0.110:1): state=initialized audit_enabled=0 res=1
[    0.148235] reg-fixed-voltage fixedregulator0: GPIO lookup for consumer (null)
[    0.148263] reg-fixed-voltage fixedregulator0: using device tree for GPIO lookup
[    0.148283] of_get_named_gpiod_flags: can't parse 'gpios' property of node '/fixedregulator0[0]'
[    0.148320] of_get_named_gpiod_flags: can't parse 'gpio' property of node '/fixedregulator0[0]'
[    0.148341] reg-fixed-voltage fixedregulator0: using lookup tables for GPIO lookup
[    0.148354] reg-fixed-voltage fixedregulator0: No GPIO consumer (null) found
[    0.149458] iommu: Default domain type: Translated 
[    0.149483] iommu: DMA domain TLB invalidation policy: strict mode 
[    0.150881] vgaarb: loaded
[    0.151418] SCSI subsystem initialized
[    0.151819] libata version 3.00 loaded.
[    0.152141] pps_core: LinuxPPS API ver. 1 registered
[    0.152159] pps_core: Software ver. 5.3.6 - Copyright 2005-2007 Rodolfo Giometti <giometti@linux.it>
[    0.152188] PTP clock support registered
[    0.153504] clocksource: Switched to clocksource dmtimer
[    0.198455] VFS: Disk quotas dquot_6.6.0
[    0.198577] VFS: Dquot-cache hash table entries: 1024 (order 0, 4096 bytes)
[    0.261876] NET: Registered PF_INET protocol family
[    0.262212] IP idents hash table entries: 8192 (order: 4, 65536 bytes, linear)
[    0.263164] tcp_listen_portaddr_hash hash table entries: 512 (order: 0, 4096 bytes, linear)
[    0.263217] Table-perturb hash table entries: 65536 (order: 6, 262144 bytes, linear)
[    0.263246] TCP established hash table entries: 4096 (order: 2, 16384 bytes, linear)
[    0.263296] TCP bind hash table entries: 4096 (order: 3, 32768 bytes, linear)
[    0.263360] TCP: Hash tables configured (established 4096 bind 4096)
[    0.263563] UDP hash table entries: 256 (order: 1, 8192 bytes, linear)
[    0.263597] UDP-Lite hash table entries: 256 (order: 1, 8192 bytes, linear)
[    0.263791] NET: Registered PF_UNIX/PF_LOCAL protocol family
[    0.285016] RPC: Registered named UNIX socket transport module.
[    0.285052] RPC: Registered udp transport module.
[    0.285062] RPC: Registered tcp transport module.
[    0.285070] RPC: Registered tcp NFSv4.1 backchannel transport module.
[    0.285092] PCI: CLS 0 bytes, default 64
[    0.286486] Initialise system trusted keyrings
[    0.287405] workingset: timestamp_bits=14 max_order=17 bucket_order=3
[    0.288617] NFS: Registering the id_resolver key type
[    0.288688] Key type id_resolver registered
[    0.288700] Key type id_legacy registered
[    0.288754] jffs2: version 2.2. (NAND) (SUMMARY)  Â© 2001-2006 Red Hat, Inc.
[    0.289124] Key type asymmetric registered
[    0.289147] Asymmetric key parser 'x509' registered
[    0.289214] io scheduler mq-deadline registered
[    0.289229] io scheduler kyber registered
[    0.291795] hw perfevents: enabled with armv7_cortex_a8 PMU driver, 5 counters available
[    0.299902] l3-aon-clkctrl:0000:0: failed to disable
[    0.300203] Serial: 8250/16550 driver, 6 ports, IRQ sharing enabled
[    0.341805] brd: module loaded
[    0.349101] loop: module loaded
[    0.350008] mtdoops: mtd device (mtddev=name/number) must be supplied
[    0.351253] mdio_bus fixed-0: GPIO lookup for consumer reset
[    0.351277] mdio_bus fixed-0: using lookup tables for GPIO lookup
[    0.351288] mdio_bus fixed-0: No GPIO consumer reset found
[    0.352314] i2c_dev: i2c /dev entries driver
[    0.353213] cpuidle: enable-method property 'ti,am3352' found operations
[    0.353748] sdhci: Secure Digital Host Controller Interface driver
[    0.353768] sdhci: Copyright(c) Pierre Ossman
[    0.353953] sdhci-pltfm: SDHCI platform and OF driver helper
[    0.354160] ledtrig-cpu: registered to indicate activity on CPUs
[    0.354697] Initializing XFRM netlink socket
[    0.354906] NET: Registered PF_INET6 protocol family
[    0.356442] Segment Routing with IPv6
[    0.356524] In-situ OAM (IOAM) with IPv6
[    0.356623] sit: IPv6, IPv4 and MPLS over IPv4 tunneling driver
[    0.357430] NET: Registered PF_PACKET protocol family
[    0.357481] NET: Registered PF_KEY protocol family
[    0.357619] Key type dns_resolver registered
[    0.357719] ThumbEE CPU extension supported.
[    0.357740] Registering SWP/SWPB emulation handler
[    0.358243] omap_voltage_late_init: Voltage driver support not added
[    0.358873] SmartReflex Class3 initialized
[    0.359683] Loading compiled-in X.509 certificates
[    0.391973] pinctrl-single 44e10800.pinmux: 142 pins, size 568
[    0.396451] ti-sysc: probe of 44e31000.target-module failed with error -16
[    0.428599] ti-sysc: probe of 48040000.target-module failed with error -16
[    0.438742] gpio gpiochip0: (gpio-0-31): created GPIO range 0->7 ==> 44e10800.pinmux PIN 0->7
[    0.438785] gpio gpiochip0: (gpio-0-31): created GPIO range 8->11 ==> 44e10800.pinmux PIN 90->93
[    0.438802] gpio gpiochip0: (gpio-0-31): created GPIO range 12->27 ==> 44e10800.pinmux PIN 12->27
[    0.438819] gpio gpiochip0: (gpio-0-31): created GPIO range 28->31 ==> 44e10800.pinmux PIN 30->33
[    0.469145] gpio gpiochip0: (gpio-0-31): added GPIO chardev (254:0)
[    0.469316] gpio gpiochip0: registered GPIOs 0 to 31 on gpio-0-31
[    0.469408] OMAP GPIO hardware version 0.1
[    0.492033] i2c i2c-2: GPIO lookup for consumer scl
[    0.492068] i2c i2c-2: using device tree for GPIO lookup
[    0.492095] of_get_named_gpiod_flags: can't parse 'scl-gpios' property of node '/ocp/interconnect@48000000/segment@100000/target-module@9c000/i2c@0[0]'
[    0.492142] of_get_named_gpiod_flags: can't parse 'scl-gpio' property of node '/ocp/interconnect@48000000/segment@100000/target-module@9c000/i2c@0[0]'
[    0.492184] i2c i2c-2: using lookup tables for GPIO lookup
[    0.492196] i2c i2c-2: No GPIO consumer scl found
[    0.492217] i2c i2c-2: GPIO lookup for consumer sda
[    0.492226] i2c i2c-2: using device tree for GPIO lookup
[    0.492241] of_get_named_gpiod_flags: can't parse 'sda-gpios' property of node '/ocp/interconnect@48000000/segment@100000/target-module@9c000/i2c@0[0]'
[    0.492280] of_get_named_gpiod_flags: can't parse 'sda-gpio' property of node '/ocp/interconnect@48000000/segment@100000/target-module@9c000/i2c@0[0]'
[    0.492316] i2c i2c-2: using lookup tables for GPIO lookup
[    0.492326] i2c i2c-2: No GPIO consumer sda found
[    0.492988] omap_i2c 4819c000.i2c: bus 2 rev0.11 at 100 kHz
[    0.498287] gpio gpiochip1: (gpio-32-63): created GPIO range 0->17 ==> 44e10800.pinmux PIN 34->51
[    0.498326] gpio gpiochip1: (gpio-32-63): created GPIO range 18->21 ==> 44e10800.pinmux PIN 77->80
[    0.498342] gpio gpiochip1: (gpio-32-63): created GPIO range 22->31 ==> 44e10800.pinmux PIN 56->65
[    0.511793] gpio gpiochip1: (gpio-32-63): added GPIO chardev (254:1)
[    0.511938] gpio gpiochip1: registered GPIOs 32 to 63 on gpio-32-63
[    0.514141] gpio gpiochip2: (gpio-64-95): created GPIO range 0->4 ==> 44e10800.pinmux PIN 66->70
[    0.514175] gpio gpiochip2: (gpio-64-95): created GPIO range 5->6 ==> 44e10800.pinmux PIN 98->99
[    0.514193] gpio gpiochip2: (gpio-64-95): created GPIO range 7->8 ==> 44e10800.pinmux PIN 75->76
[    0.514209] gpio gpiochip2: (gpio-64-95): created GPIO range 13->13 ==> 44e10800.pinmux PIN 141->141
[    0.514226] gpio gpiochip2: (gpio-64-95): created GPIO range 14->21 ==> 44e10800.pinmux PIN 100->107
[    0.514634] gpio gpiochip2: (gpio-64-95): added GPIO chardev (254:2)
[    0.514751] gpio gpiochip2: registered GPIOs 64 to 95 on gpio-64-95
[    0.532039] mdio_bus 4a101000.mdio: GPIO lookup for consumer reset
[    0.532075] mdio_bus 4a101000.mdio: using device tree for GPIO lookup
[    0.532099] of_get_named_gpiod_flags: can't parse 'reset-gpios' property of node '/ocp/interconnect@4a000000/segment@0/target-module@100000/switch@0/mdio@1000[0]'
[    0.532150] of_get_named_gpiod_flags: can't parse 'reset-gpio' property of node '/ocp/interconnect@4a000000/segment@0/target-module@100000/switch@0/mdio@1000[0]'
[    0.532197] mdio_bus 4a101000.mdio: using lookup tables for GPIO lookup
[    0.532208] mdio_bus 4a101000.mdio: No GPIO consumer reset found
[    0.533154] sdhci-omap 481d8000.mmc: GPIO lookup for consumer wp
[    0.533177] sdhci-omap 481d8000.mmc: using device tree for GPIO lookup
[    0.533198] of_get_named_gpiod_flags: can't parse 'wp-gpios' property of node '/ocp/interconnect@48000000/segment@100000/target-module@d8000/mmc@0[0]'
[    0.533250] of_get_named_gpiod_flags: can't parse 'wp-gpio' property of node '/ocp/interconnect@48000000/segment@100000/target-module@d8000/mmc@0[0]'
[    0.533288] sdhci-omap 481d8000.mmc: using lookup tables for GPIO lookup
[    0.533298] sdhci-omap 481d8000.mmc: No GPIO consumer wp found
[    0.533580] sdhci-omap 481d8000.mmc: supply vqmmc not found, using dummy regulator
[    0.584397] davinci_mdio 4a101000.mdio: davinci mdio revision 1.6, bus freq 1000000
[    0.604383] mdio_bus 4a101000.mdio:00: GPIO lookup for consumer reset
[    0.604408] mdio_bus 4a101000.mdio:00: using device tree for GPIO lookup
[    0.604450] of_get_named_gpiod_flags: parsed 'reset-gpios' property of node '/ocp/interconnect@4a000000/segment@0/target-module@100000/switch@0/mdio@1000/ethernet-phy@0[0]' - status (0)
[    0.604611] gpio gpiochip0: Persistence not supported for GPIO 8
[    0.783364] davinci_mdio 4a101000.mdio: phy[0]: device 4a101000.mdio:00, driver SMSC LAN8710/LAN8720
[    0.784003] cpsw-switch 4a100000.switch: initialized cpsw ale version 1.4
[    0.784032] cpsw-switch 4a100000.switch: ALE Table size 1024
[    0.794985] cpsw-switch 4a100000.switch: cpts: overflow check period 500 (jiffies)
[    0.795013] cpsw-switch 4a100000.switch: CPTS: ref_clk_freq:250000000 calc_mult:2147483648 calc_shift:29 error:0 nsec/sec
[    0.795125] cpsw-switch 4a100000.switch: Detected MACID = 6c:ec:eb:68:de:78
[    0.796690] cpsw-switch 4a100000.switch: initialized (regs 0x4a100000, pool size 256) hw_ver:0019010C 1.12 (0)
[    0.806085] debugfs: Directory '49000000.dma' with parent 'dmaengine' already present!
[    0.806142] edma 49000000.dma: TI EDMA DMA engine driver
[    0.841763] gpio-clk clk_mcasp0: GPIO lookup for consumer enable
[    0.841800] gpio-clk clk_mcasp0: using device tree for GPIO lookup
[    0.841839] of_get_named_gpiod_flags: parsed 'enable-gpios' property of node '/clk_mcasp0[0]' - status (0)
[    0.841879] gpio gpiochip0: Persistence not supported for GPIO 27
[    0.842609] gpio gpiochip3: (gpio-96-127): created GPIO range 0->7 ==> 44e10800.pinmux PIN 82->89
[    0.842640] gpio gpiochip3: (gpio-96-127): created GPIO range 8->11 ==> 44e10800.pinmux PIN 52->55
[    0.842656] gpio gpiochip3: (gpio-96-127): created GPIO range 12->15 ==> 44e10800.pinmux PIN 94->97
[    0.842673] gpio gpiochip3: (gpio-96-127): created GPIO range 16->17 ==> 44e10800.pinmux PIN 71->72
[    0.842690] gpio gpiochip3: (gpio-96-127): created GPIO range 18->18 ==> 44e10800.pinmux PIN 135->135
[    0.842707] gpio gpiochip3: (gpio-96-127): created GPIO range 19->20 ==> 44e10800.pinmux PIN 108->109
[    0.842724] gpio gpiochip3: (gpio-96-127): created GPIO range 21->21 ==> 44e10800.pinmux PIN 73->73
[    0.842742] gpio gpiochip3: (gpio-96-127): created GPIO range 22->23 ==> 44e10800.pinmux PIN 8->9
[    0.842760] gpio gpiochip3: (gpio-96-127): created GPIO range 26->27 ==> 44e10800.pinmux PIN 10->11
[    0.842778] gpio gpiochip3: (gpio-96-127): created GPIO range 28->28 ==> 44e10800.pinmux PIN 74->74
[    0.842797] gpio gpiochip3: (gpio-96-127): created GPIO range 29->29 ==> 44e10800.pinmux PIN 81->81
[    0.842817] gpio gpiochip3: (gpio-96-127): created GPIO range 30->31 ==> 44e10800.pinmux PIN 28->29
[    0.857602] gpio gpiochip3: (gpio-96-127): added GPIO chardev (254:3)
[    0.857750] gpio gpiochip3: registered GPIOs 96 to 127 on gpio-96-127
[    0.859169] omap8250 44e09000.serial: GPIO lookup for consumer rs485-term
[    0.859198] omap8250 44e09000.serial: using device tree for GPIO lookup
[    0.859222] of_get_named_gpiod_flags: can't parse 'rs485-term-gpios' property of node '/ocp/interconnect@44c00000/segment@200000/target-module@9000/serial@0[0]'
[    0.859273] of_get_named_gpiod_flags: can't parse 'rs485-term-gpio' property of node '/ocp/interconnect@44c00000/segment@200000/target-module@9000/serial@0[0]'
[    0.859314] omap8250 44e09000.serial: using lookup tables for GPIO lookup
[    0.859326] omap8250 44e09000.serial: No GPIO consumer rs485-term found
[    0.859376] 44e09000.serial: ttyS0 at MMIO 0x44e09000 (irq = 19, base_baud = 3000000) is a 8250
[    1.842970] printk: console [ttyS0] enabled
[    1.849441] i2c i2c-0: GPIO lookup for consumer scl
[    1.849472] i2c i2c-0: using device tree for GPIO lookup
[    1.849497] of_get_named_gpiod_flags: can't parse 'scl-gpios' property of node '/ocp/interconnect@44c00000/segment@200000/target-module@b000/i2c@0[0]'
[    1.849543] of_get_named_gpiod_flags: can't parse 'scl-gpio' property of node '/ocp/interconnect@44c00000/segment@200000/target-module@b000/i2c@0[0]'
[    1.849584] i2c i2c-0: using lookup tables for GPIO lookup
[    1.849596] i2c i2c-0: No GPIO consumer scl found
[    1.849617] i2c i2c-0: GPIO lookup for consumer sda
[    1.849626] i2c i2c-0: using device tree for GPIO lookup
[    1.849641] of_get_named_gpiod_flags: can't parse 'sda-gpios' property of node '/ocp/interconnect@44c00000/segment@200000/target-module@b000/i2c@0[0]'
[    1.849680] of_get_named_gpiod_flags: can't parse 'sda-gpio' property of node '/ocp/interconnect@44c00000/segment@200000/target-module@b000/i2c@0[0]'
[    1.849716] i2c i2c-0: using lookup tables for GPIO lookup
[    1.849724] i2c i2c-0: No GPIO consumer sda found
[    1.874275] tps65217-pmic: Failed to locate of_node [id: -1]
[    1.889404] tps65217-bl: Failed to locate of_node [id: -1]
[    1.897830] tps65217 0-0024: TPS65217 ID 0xe version 1.2
[    1.903819] i2c 0-0070: Fixing up cyclic dependency with 4830e000.lcdc
[    1.910671] omap_i2c 44e0b000.i2c: bus 0 rev0.11 at 400 kHz
[    1.917893] sdhci-omap 48060000.mmc: GPIO lookup for consumer cd
[    1.917920] sdhci-omap 48060000.mmc: using device tree for GPIO lookup
[    1.917959] of_get_named_gpiod_flags: parsed 'cd-gpios' property of node '/ocp/interconnect@48000000/segment@0/target-module@60000/mmc@0[0]' - status (0)
[    1.918079] gpio gpiochip3: Persistence not supported for GPIO 6
[    1.918100] omap_gpio 44e07000.gpio: Could not set line 6 debounce to 200000 microseconds (-22)
[    1.926939] sdhci-omap 48060000.mmc: Got CD GPIO
[    1.931585] sdhci-omap 48060000.mmc: GPIO lookup for consumer wp
[    1.931596] sdhci-omap 48060000.mmc: using device tree for GPIO lookup
[    1.931613] of_get_named_gpiod_flags: can't parse 'wp-gpios' property of node '/ocp/interconnect@48000000/segment@0/target-module@60000/mmc@0[0]'
[    1.931658] of_get_named_gpiod_flags: can't parse 'wp-gpio' property of node '/ocp/interconnect@48000000/segment@0/target-module@60000/mmc@0[0]'
[    1.931698] sdhci-omap 48060000.mmc: using lookup tables for GPIO lookup
[    1.931708] sdhci-omap 48060000.mmc: No GPIO consumer wp found
[    1.931897] sdhci-omap 48060000.mmc: supply vqmmc not found, using dummy regulator
[    1.940546] sdhci-omap 481d8000.mmc: GPIO lookup for consumer wp
[    1.940569] sdhci-omap 481d8000.mmc: using device tree for GPIO lookup
[    1.940591] of_get_named_gpiod_flags: can't parse 'wp-gpios' property of node '/ocp/interconnect@48000000/segment@100000/target-module@d8000/mmc@0[0]'
[    1.940644] of_get_named_gpiod_flags: can't parse 'wp-gpio' property of node '/ocp/interconnect@48000000/segment@100000/target-module@d8000/mmc@0[0]'
[    1.940683] sdhci-omap 481d8000.mmc: using lookup tables for GPIO lookup
[    1.940694] sdhci-omap 481d8000.mmc: No GPIO consumer wp found
[    1.944099] sdhci-omap 481d8000.mmc: supply vqmmc not found, using dummy regulator
[    1.976777] mmc0: SDHCI controller on 48060000.mmc [48060000.mmc] using External DMA
[    1.984831] mmc1: SDHCI controller on 481d8000.mmc [481d8000.mmc] using External DMA
[    1.993287] cpsw-switch 4a100000.switch: starting ndev. mode: dual_mac
[    2.037605] mmc0: new high speed SDHC card at address 5048
[    2.044394] mmcblk0: mmc0:5048 SD16G 14.4 GiB 
[    2.052123]  mmcblk0: p1 p2
[    2.055323] mmcblk0: p2 size 31221760 extends beyond EOD, truncated
[    2.083747] mmc1: new high speed MMC card at address 0001
[    2.090303] mmcblk1: mmc1:0001 MMC04G 3.60 GiB 
[    2.097488]  mmcblk1: p1 p2
[    2.101478] mmcblk1boot0: mmc1:0001 MMC04G 2.00 MiB 
[    2.108584] mmcblk1boot1: mmc1:0001 MMC04G 2.00 MiB 
[    2.115429] mmcblk1rpmb: mmc1:0001 MMC04G 128 KiB, chardev (250:0)
[    2.155318] SMSC LAN8710/LAN8720 4a101000.mdio:00: attached PHY driver (mii_bus:phy_addr=4a101000.mdio:00, irq=POLL)
[    5.284242] cpsw-switch 4a100000.switch eth0: Link is Up - 100Mbps/Full - flow control off
[    5.313550] IPv6: ADDRCONF(NETDEV_CHANGE): eth0: link becomes ready
[    5.343510] IP-Config: Complete:
[    5.346769]      device=eth0, hwaddr=6c:ec:eb:68:de:78, ipaddr=192.168.255.1, mask=255.255.255.0, gw=255.255.255.255
[    5.357378]      host=bbb1, domain=, nis-domain=(none)
[    5.362540]      bootserver=192.168.255.126, rootserver=192.168.255.126, rootpath=
[    5.362909] clk: Disabling unused clocks
[    5.374751] TAP version 14
[    5.377476] 1..0
[    5.411541] VFS: Mounted root (nfs filesystem) on device 0:16.
[    5.418403] devtmpfs: mounted
[    5.422691] Freeing unused kernel image (initmem) memory: 1024K
[    5.429283] Run /sbin/init as init process
[    5.433407]   with arguments:
[    5.433416]     /sbin/init
[    5.433423]     nfsrootdebug
[    5.433429]   with environment:
[    5.433436]     HOME=/
[    5.433442]     TERM=linux
[    6.118387] systemd[1]: System time before build time, advancing clock.
[    6.314750] random: systemd: uninitialized urandom read (16 bytes read)
[    6.326517] random: systemd: uninitialized urandom read (16 bytes read)
[    6.336919] systemd[1]: systemd 232 running in system mode. (+PAM +AUDIT +SELINUX +IMA +APPARMOR +SMACK +SYSVINIT +UTMP +LIBCRYPTSETUP +GCRYPT +GNUTLS +ACL +XZ +LZ4 +SECCOMP +BLKID +ELFUTILS +KMOD +IDN)
[    6.356074] systemd[1]: Detected architecture arm.
[    6.396254] systemd[1]: Set hostname to <arm>.
[    6.759009] random: systemd-cryptse: uninitialized urandom read (16 bytes read)
[    7.325965] random: systemd: uninitialized urandom read (16 bytes read)
[    7.367285] random: systemd: uninitialized urandom read (16 bytes read)
[    7.374487] random: systemd: uninitialized urandom read (16 bytes read)
[    7.388538] systemd[1]: Listening on udev Control Socket.
[    7.425060] systemd[1]: Created slice System Slice.
[    7.464888] systemd[1]: Created slice system-getty.slice.
[    7.505122] systemd[1]: Set up automount Arbitrary Executable File Formats File System Automount Point.
[    7.545471] systemd[1]: Listening on Journal Socket.
[    7.589573] systemd[1]: Starting Create list of required static device nodes for the current kernel...
[    7.647842] systemd[1]: Starting Load Kernel Modules...
[    8.339820] random: systemd-journal: uninitialized urandom read (16 bytes read)
[    8.348509] random: systemd: uninitialized urandom read (16 bytes read)
[    8.399056] random: udevadm: uninitialized urandom read (16 bytes read)
[    9.368209] random: systemd-journal: uninitialized urandom read (16 bytes read)
[    9.922112] systemd-journald[97]: Received request to flush runtime journal from PID 1
[   11.853646] random: crng init done
[   11.857102] random: 467 urandom warning(s) missed due to ratelimiting
[   12.333163] of_get_named_gpiod_flags: parsed 'gpios' property of node '/leds/led2[0]' - status (0)
[   12.333249] gpio gpiochip0: Persistence not supported for GPIO 21
[   12.333262] gpio-21 (?): no flags found for gpios
[   12.333715] of_get_named_gpiod_flags: parsed 'gpios' property of node '/leds/led3[0]' - status (0)
[   12.333769] gpio gpiochip0: Persistence not supported for GPIO 22
[   12.333779] gpio-22 (?): no flags found for gpios
[   12.333998] of_get_named_gpiod_flags: parsed 'gpios' property of node '/leds/led4[0]' - status (0)
[   12.334032] gpio gpiochip0: Persistence not supported for GPIO 23
[   12.334041] gpio-23 (?): no flags found for gpios
[   12.334195] of_get_named_gpiod_flags: parsed 'gpios' property of node '/leds/led5[0]' - status (0)
[   12.334227] gpio gpiochip0: Persistence not supported for GPIO 24
[   12.334236] gpio-24 (?): no flags found for gpios
[   12.562263] remoteproc remoteproc0: wkup_m3 is available
[   12.851572] at24 2-0054: supply vcc not found, using dummy regulator
[   13.034782] at24 2-0055: supply vcc not found, using dummy regulator
[   13.196256] at24 2-0056: supply vcc not found, using dummy regulator
[   13.274217] at24 2-0057: supply vcc not found, using dummy regulator
[   13.345886] tps6521x_pwrbutton tps65217-pwrbutton: DMA mask not set
[   13.443833] input: tps65217_pwrbutton as /devices/platform/ocp/44c00000.interconnect/44c00000.interconnect:segment@200000/44e0b000.target-module/44e0b000.i2c/i2c-0/0-0024/tps65217-pwrbutton/input/input0
[   13.471852] at24 0-0050: supply vcc not found, using dummy regulator
[   13.580638] omap_rtc 44e3e000.rtc: registered as rtc0
[   13.585911] omap_rtc 44e3e000.rtc: setting system clock to 2000-01-01T00:00:00 UTC (946684800)
[   13.594628] omap_rtc 44e3e000.rtc: GPIO lookup for consumer wp
[   13.594642] omap_rtc 44e3e000.rtc: using device tree for GPIO lookup
[   13.594671] of_get_named_gpiod_flags: can't parse 'wp-gpios' property of node '/ocp/interconnect@44c00000/segment@200000/target-module@3e000/rtc@0[0]'
[   13.594730] of_get_named_gpiod_flags: can't parse 'wp-gpio' property of node '/ocp/interconnect@44c00000/segment@200000/target-module@3e000/rtc@0[0]'
[   13.594774] omap_rtc 44e3e000.rtc: using lookup tables for GPIO lookup
[   13.594786] omap_rtc 44e3e000.rtc: No GPIO consumer wp found
[   13.618090] omap_wdt: OMAP Watchdog Timer Rev 0x01: initial timeout 60 sec
[   13.634410] at24 0-0050: GPIO lookup for consumer wp
[   13.634452] at24 0-0050: using device tree for GPIO lookup
[   13.634484] of_get_named_gpiod_flags: can't parse 'wp-gpios' property of node '/ocp/interconnect@44c00000/segment@200000/target-module@b000/i2c@0/baseboard_eeprom@50[0]'
[   13.634557] of_get_named_gpiod_flags: can't parse 'wp-gpio' property of node '/ocp/interconnect@44c00000/segment@200000/target-module@b000/i2c@0/baseboard_eeprom@50[0]'
[   13.634607] at24 0-0050: using lookup tables for GPIO lookup
[   13.634619] at24 0-0050: No GPIO consumer wp found
[   13.634879] at24 0-0050: 32768 byte 24c256 EEPROM, writable, 1 bytes/write
[   13.997390] am335x-phy-driver 47401300.usb-phy: GPIO lookup for consumer reset
[   13.997432] am335x-phy-driver 47401300.usb-phy: using device tree for GPIO lookup
[   13.997465] of_get_named_gpiod_flags: can't parse 'reset-gpios' property of node '/ocp/target-module@47400000/usb-phy@1300[0]'
[   13.997516] of_get_named_gpiod_flags: can't parse 'reset-gpio' property of node '/ocp/target-module@47400000/usb-phy@1300[0]'
[   13.997548] am335x-phy-driver 47401300.usb-phy: using lookup tables for GPIO lookup
[   13.997560] am335x-phy-driver 47401300.usb-phy: No GPIO consumer reset found
[   13.997570] am335x-phy-driver 47401300.usb-phy: GPIO lookup for consumer vbus-detect
[   13.997580] am335x-phy-driver 47401300.usb-phy: using device tree for GPIO lookup
[   13.997595] of_get_named_gpiod_flags: can't parse 'vbus-detect-gpios' property of node '/ocp/target-module@47400000/usb-phy@1300[0]'
[   13.997625] of_get_named_gpiod_flags: can't parse 'vbus-detect-gpio' property of node '/ocp/target-module@47400000/usb-phy@1300[0]'
[   13.997651] am335x-phy-driver 47401300.usb-phy: using lookup tables for GPIO lookup
[   13.997660] am335x-phy-driver 47401300.usb-phy: No GPIO consumer vbus-detect found
[   13.997782] am335x-phy-driver 47401300.usb-phy: supply vcc not found, using dummy regulator
[   14.148176] am335x-phy-driver 47401b00.usb-phy: GPIO lookup for consumer reset
[   14.148217] am335x-phy-driver 47401b00.usb-phy: using device tree for GPIO lookup
[   14.148246] of_get_named_gpiod_flags: can't parse 'reset-gpios' property of node '/ocp/target-module@47400000/usb-phy@1b00[0]'
[   14.148293] of_get_named_gpiod_flags: can't parse 'reset-gpio' property of node '/ocp/target-module@47400000/usb-phy@1b00[0]'
[   14.148325] am335x-phy-driver 47401b00.usb-phy: using lookup tables for GPIO lookup
[   14.148337] am335x-phy-driver 47401b00.usb-phy: No GPIO consumer reset found
[   14.148348] am335x-phy-driver 47401b00.usb-phy: GPIO lookup for consumer vbus-detect
[   14.148357] am335x-phy-driver 47401b00.usb-phy: using device tree for GPIO lookup
[   14.148372] of_get_named_gpiod_flags: can't parse 'vbus-detect-gpios' property of node '/ocp/target-module@47400000/usb-phy@1b00[0]'
[   14.148404] of_get_named_gpiod_flags: can't parse 'vbus-detect-gpio' property of node '/ocp/target-module@47400000/usb-phy@1b00[0]'
[   14.148430] am335x-phy-driver 47401b00.usb-phy: using lookup tables for GPIO lookup
[   14.148440] am335x-phy-driver 47401b00.usb-phy: No GPIO consumer vbus-detect found
[   14.148560] am335x-phy-driver 47401b00.usb-phy: supply vcc not found, using dummy regulator
[   14.382807] usbcore: registered new interface driver usbfs
[   14.388550] usbcore: registered new interface driver hub
[   14.394015] usbcore: registered new device driver usb
[   15.252725] musb-hdrc musb-hdrc.1: MUSB HDRC host driver
[   15.258259] musb-hdrc musb-hdrc.1: new USB bus registered, assigned bus number 1
[   15.308694] omap-mailbox 480c8000.mailbox: omap mailbox rev 0x400
[   15.322909] remoteproc remoteproc0: powering up wkup_m3
[   15.383341] remoteproc remoteproc0: Direct firmware load for am335x-pm-firmware.elf failed with error -2
[   15.393128] remoteproc remoteproc0: request_firmware failed: -2
[   15.399141] wkup_m3_ipc 44e11324.wkup_m3_ipc: rproc_boot failed
[   15.627183] usb usb1: New USB device found, idVendor=1d6b, idProduct=0002, bcdDevice= 5.15
[   15.635650] usb usb1: New USB device strings: Mfr=3, Product=2, SerialNumber=1
[   15.642914] usb usb1: Product: MUSB HDRC host driver
[   15.647947] usb usb1: Manufacturer: Linux 5.15.188 musb-hcd
[   15.653567] usb usb1: SerialNumber: musb-hdrc.1
[   15.731193] tda998x 0-0070: found TDA19988
[   16.264092] hub 1-0:1.0: USB hub found
[   16.328071] hub 1-0:1.0: 1 port detected
[   17.191161] omap_rng 48310000.rng: Random Number Generator ver. 20
[   17.344283] tilcdc 4830e000.lcdc: bound 0-0070 (ops tda998x_driver_exit [tda998x])
[   17.524978] [drm] Initialized tilcdc 1.0.0 20121205 for 4830e000.lcdc on minor 0
[   17.612944] tilcdc 4830e000.lcdc: [drm] Cannot find any crtc or sizes
[   17.650847] tilcdc 4830e000.lcdc: [drm] Cannot find any crtc or sizes
[   18.547991] PM: Cannot get wkup_m3_ipc handle
[   18.711226] Bluetooth: Core ver 2.22
[   18.715144] NET: Registered PF_BLUETOOTH protocol family
[   18.720488] Bluetooth: HCI device and connection manager initialized
[   18.726971] Bluetooth: HCI socket layer initialized
[   18.731881] Bluetooth: L2CAP socket layer initialized
[   18.737013] Bluetooth: SCO socket layer initialized
[   18.918014] omap-aes 53500000.aes: OMAP AES hw accel rev: 3.2
[   18.938681] omap-sham 53100000.sham: hw accel on OMAP rev 4.3
[   19.022900] omap-aes 53500000.aes: will run requests pump with realtime priority
[   19.042517] omap-sham 53100000.sham: will run requests pump with realtime priority
[   19.267021] PM: Cannot get wkup_m3_ipc handle
[   19.340802] PM: Cannot get wkup_m3_ipc handle
[   22.255352] PM: Cannot get wkup_m3_ipc handle
[   22.260975] of_get_named_gpiod_flags: can't parse 'simple-audio-card,hp-det-gpio' property of node '/sound[0]'
[   22.261033] of_get_named_gpiod_flags: can't parse 'simple-audio-card,mic-det-gpio' property of node '/sound[0]'
[   22.632999] PM: Cannot get wkup_m3_ipc handle
[   22.946151] using random self ethernet address
[   22.950663] using random host ethernet address
[   23.186601] using random self ethernet address
[   23.191112] using random host ethernet address
[   23.458493] userial_init: registered 8 ttyGS* devices
[   23.680811] rndis_register: configNr = 0
[   23.780386] udc musb-hdrc.0: registering UDC driver [g_multi]
[   23.780484] configfs-gadget gadget: adding 'rndis'/f98d048e to config 'c'/f63b319a
[   23.781467] usb0: HOST MAC 1c:ba:8c:a2:ed:6c
[   23.785957] usb0: MAC 1c:ba:8c:a2:ed:70
[   23.789862] rndis_set_param_medium: 0 0
[   23.789879] configfs-gadget gadget: RNDIS: dual speed IN/ep1in OUT/ep1out NOTIFY/ep2in
[   23.789894] configfs-gadget gadget: adding 'cdc_ethernet'/993ffa68 to config 'c'/f63b319a
[   23.790644] usb1: HOST MAC 1c:ba:8c:a2:ed:6c
[   23.795031] usb1: MAC 1c:ba:8c:a2:ed:6d
[   23.798914] configfs-gadget gadget: CDC Ethernet: dual speed IN/ep3in OUT/ep2out NOTIFY/ep4in
[   23.798929] configfs-gadget gadget: adding 'acm'/6e98469e to config 'c'/f63b319a
[   23.798956] configfs-gadget gadget: acm ttyGS0: dual speed IN/ep5in OUT/ep3out NOTIFY/ep6in
[   24.982728] usb1: eth_open
[   29.652564] gs_open: ttyGS0 (ee99f477,31687d9b)
[   29.652716] gs_close: ttyGS0 (ee99f477,31687d9b) ...
[   29.652735] gs_close: ttyGS0 (ee99f477,31687d9b) done!
[   29.668291] gs_open: ttyGS0 (ea29cb87,7cdacb22)
[   29.668424] gs_close: ttyGS0 (ea29cb87,7cdacb22) ...
[   29.668442] gs_close: ttyGS0 (ea29cb87,7cdacb22) done!
[   29.821342] gs_open: ttyGS0 (ee99f477,eb825c81)
[   29.821948] gs_close: ttyGS0 (ee99f477,eb825c81) ...
[   29.821982] gs_close: ttyGS0 (ee99f477,eb825c81) done!
[   29.822271] gs_open: ttyGS0 (ee99f477,adf0207a)
