Labgrid Console Logfile for main
Logfile started at 2025-03-03 10:46:32.460454
=== Log starts here ===
reading args
spl_load_image_fat_os: error reading image args, err - -1
reading u-boot.img
reading u-boot.img


U-Boot 2014.04-00014-g47880f5 (Apr 22 2014 - 13:23:54)

I2C:   ready
DRAM:  512 MiB
NAND:  0 MiB
MMC:   OMAP SD/MMC: 0, OMAP SD/MMC: 1
*** Warning - readenv() failed, using default environment

Net:   <ethaddr> not set. Validating first E-fuse MAC
cpsw, usb_ether
Hit any key to stop autoboot:  1  0 
gpio: pin 53 (gpio 53) value is 1
mmc0 is current device
gpio: pin 54 (gpio 54) value is 1
SD/MMC found on device 0
reading uEnv.txt
569 bytes read in 3 ms (184.6 KiB/s)
gpio: pin 55 (gpio 55) value is 1
Loaded environment from uEnv.txt
Importing environment from mmc ...
Checking if uenvcmd is set ...
gpio: pin 56 (gpio 56) value is 1
Running uenvcmd ...
cpsw Waiting for PHY auto negotiation to complete. done
link up on port 0, speed 100, full duplex
Using cpsw device
TFTP from server 192.168.255.126; our IP address is 192.168.255.1
Filename 'zImage'.
Load address: 0x81000000
Loading: *#################################################################
	 #################################################################
	 #################################################################
	 #################################################################
	 #################################################################
	 ######################################################
	 2.4 MiB/s
done
Bytes transferred = 5552920 (54bb18 hex)
link up on port 0, speed 100, full duplex
Using cpsw device
TFTP from server 192.168.255.126; our IP address is 192.168.255.1
Filename 'am335x-boneblack.dtb'.
Load address: 0x82000000
Loading: *#######
	 1.7 MiB/s
done
Bytes transferred = 98244 (17fc4 hex)
Kernel image @ 0x81000000 [ 0x000000 - 0x54bb18 ]
## Flattened Device Tree blob at 82000000
   Booting using the fdt blob at 0x82000000
   Using Device Tree in place at 82000000, end 8201afc3

Starting kernel ...

[    0.000000] Booting Linux on physical CPU 0x0
[    0.000000] Linux version 6.14.0-rc5-next-20250303 (user01@drvtest01) (arm-none-eabi-gcc (Arm GNU Toolchain 14.2.Rel1 (Build arm-14.52)) 14.2.1 20241119, GNU ld (Arm GNU Toolchain 14.2.Rel1 (Build arm-14.52)) 2.43.1.20241119) #1 SMP Mon Mar  3 10:45:16 EET 2025
[    0.000000] CPU: ARMv7 Processor [413fc082] revision 2 (ARMv7), cr=10c5387d
[    0.000000] CPU: PIPT / VIPT nonaliasing data cache, VIPT aliasing instruction cache
[    0.000000] OF: fdt: Machine model: TI AM335x BeagleBone Black
[    0.000000] Memory policy: Data cache writeback
[    0.000000] cma: Reserved 16 MiB at 0x9e800000 on node -1
[    0.000000] Zone ranges:
[    0.000000]   Normal   [mem 0x0000000080000000-0x000000009fdfffff]
[    0.000000]   HighMem  empty
[    0.000000] Movable zone start for each node
[    0.000000] Early memory node ranges
[    0.000000]   node   0: [mem 0x0000000080000000-0x000000009fdfffff]
[    0.000000] Initmem setup node 0 [mem 0x0000000080000000-0x000000009fdfffff]
[    0.000000] OF: reserved mem: Reserved memory: No reserved-memory node in the DT
[    0.000000] CPU: All CPU(s) started in SVC mode.
[    0.000000] AM335X ES2.1 (sgx neon)
[    0.000000] percpu: Embedded 17 pages/cpu s39692 r8192 d21748 u69632
[    0.000000] Kernel command line: console=ttyO0,115200n8 root=/dev/nfs rw nfsroot=192.168.255.126:/home/user01/nfs,nfsvers=3 ip=192.168.255.1:192.168.255.126::255.255.255.0:bbb1:eth0 nfsrootdebug
[    0.000000] Unknown kernel command line parameters "nfsrootdebug", will be passed to user space.
[    0.000000] printk: log buffer data + meta data: 65536 + 204800 = 270336 bytes
[    0.000000] Dentry cache hash table entries: 65536 (order: 6, 262144 bytes, linear)
[    0.000000] Inode-cache hash table entries: 32768 (order: 5, 131072 bytes, linear)
[    0.000000] Built 1 zonelists, mobility grouping on.  Total pages: 130560
[    0.000000] mem auto-init: stack:off, heap alloc:off, heap free:off
[    0.000000] SLUB: HWalign=16, Order=0-3, MinObjects=0, CPUs=1, Nodes=1
[    0.000000] rcu: Hierarchical RCU implementation.
[    0.000000] rcu: 	RCU event tracing is enabled.
[    0.000000] rcu: 	RCU restricting CPUs from NR_CPUS=2 to nr_cpu_ids=1.
[    0.000000] 	Tracing variant of Tasks RCU enabled.
[    0.000000] rcu: RCU calculated value of scheduler-enlistment delay is 10 jiffies.
[    0.000000] rcu: Adjusting geometry for rcu_fanout_leaf=16, nr_cpu_ids=1
[    0.000000] RCU Tasks Trace: Setting shift to 0 and lim to 1 rcu_task_cb_adjust=1 rcu_task_cpu_ids=1.
[    0.000000] NR_IRQS: 16, nr_irqs: 16, preallocated irqs: 16
[    0.000000] IRQ: Found an INTC at 0x(ptrval) (revision 5.0) with 128 interrupts
[    0.000000] rcu: srcu_init: Setting srcu_struct sizes based on contention.
[    0.000000] TI gptimer clocksource: always-on /ocp/interconnect@44c00000/segment@200000/target-module@31000
[    0.000002] sched_clock: 32 bits at 24MHz, resolution 41ns, wraps every 89478484971ns
[    0.000027] clocksource: dmtimer: mask: 0xffffffff max_cycles: 0xffffffff, max_idle_ns: 79635851949 ns
[    0.000504] TI gptimer clockevent: 24000000 Hz at /ocp/interconnect@48000000/segment@0/target-module@40000
[    0.002124] Console: colour dummy device 80x30
[    0.002189] WARNING: Your 'console=ttyO0' has been replaced by 'ttyS0'
[    0.002196] This ensures that you still see kernel messages. Please
[    0.002200] update your kernel commandline.
[    0.002243] Calibrating delay loop... 996.14 BogoMIPS (lpj=4980736)
[    0.090550] CPU: Testing write buffer coherency: ok
[    0.090668] CPU0: Spectre v2: using BPIALL workaround
[    0.090678] pid_max: default: 32768 minimum: 301
[    0.090834] LSM: initializing lsm=capability
[    0.091012] Mount-cache hash table entries: 1024 (order: 0, 4096 bytes, linear)
[    0.091032] Mountpoint-cache hash table entries: 1024 (order: 0, 4096 bytes, linear)
[    0.092625] CPU0: thread -1, cpu 0, socket -1, mpidr 0
[    0.092681] cacheinfo: Unable to detect cache hierarchy for CPU 0
[    0.160742] Setting up static identity map for 0x80100000 - 0x80100078
[    0.170703] rcu: Hierarchical SRCU implementation.
[    0.170713] rcu: 	Max phase no-delay instances is 1000.
[    0.190746] smp: Bringing up secondary CPUs ...
[    0.190800] smp: Brought up 1 node, 1 CPU
[    0.190813] SMP: Total of 1 processors activated (996.14 BogoMIPS).
[    0.190825] CPU: All CPU(s) started in SVC mode.
[    0.191019] Memory: 480832K/522240K available (11264K kernel code, 1213K rwdata, 2896K rodata, 1024K init, 287K bss, 23380K reserved, 16384K cma-reserved, 0K highmem)
[    0.191849] devtmpfs: initialized
[    0.208857] VFP support v0.3: implementor 41 architecture 3 part 30 variant c rev 3
[    0.209487] clocksource: jiffies: mask: 0xffffffff max_cycles: 0xffffffff, max_idle_ns: 19112604462750000 ns
[    0.209526] futex hash table entries: 256 (order: 2, 16384 bytes, linear)
[    0.211112] pinctrl core: initialized pinctrl subsystem
[    0.213824] NET: Registered PF_NETLINK/PF_ROUTE protocol family
[    0.216628] DMA: preallocated 256 KiB pool for atomic coherent allocations
[    0.217542] audit: initializing netlink subsys (disabled)
[    0.218923] thermal_sys: Registered thermal governor 'fair_share'
[    0.218937] thermal_sys: Registered thermal governor 'step_wise'
[    0.218944] thermal_sys: Registered thermal governor 'user_space'
[    0.219082] audit: type=2000 audit(0.210:1): state=initialized audit_enabled=0 res=1
[    0.219119] cpuidle: using governor menu
[    0.237040] /ocp/interconnect@44c00000/segment@200000/target-module@b000/i2c@0/tda19988@70: Fixed dependency cycle(s) with /ocp/interconnect@48000000/segment@300000/target-module@e000/lcdc@0
[    0.238149] /ocp/interconnect@48000000/segment@300000/target-module@e000/lcdc@0: Fixed dependency cycle(s) with /ocp/interconnect@44c00000/segment@200000/target-module@b000/i2c@0/tda19988@70
[    0.240312] No ATAGs?
[    0.240355] hw-breakpoint: debug architecture 0x4 unsupported.
[    0.243234] kprobes: kprobe jump-optimization is enabled. All kprobes are optimized if possible.
[    0.253915] iommu: Default domain type: Translated
[    0.253935] iommu: DMA domain TLB invalidation policy: strict mode
[    0.261483] SCSI subsystem initialized
[    0.262323] pps_core: LinuxPPS API ver. 1 registered
[    0.262333] pps_core: Software ver. 5.3.6 - Copyright 2005-2007 Rodolfo Giometti <giometti@linux.it>
[    0.262359] PTP clock support registered
[    0.270820] vgaarb: loaded
[    0.271175] clocksource: Switched to clocksource dmtimer
[    0.271836] VFS: Disk quotas dquot_6.6.0
[    0.271891] VFS: Dquot-cache hash table entries: 1024 (order 0, 4096 bytes)
[    0.296804] NET: Registered PF_INET protocol family
[    0.297145] IP idents hash table entries: 8192 (order: 4, 65536 bytes, linear)
[    0.298576] tcp_listen_portaddr_hash hash table entries: 512 (order: 0, 4096 bytes, linear)
[    0.298614] Table-perturb hash table entries: 65536 (order: 6, 262144 bytes, linear)
[    0.298633] TCP established hash table entries: 4096 (order: 2, 16384 bytes, linear)
[    0.298677] TCP bind hash table entries: 4096 (order: 4, 65536 bytes, linear)
[    0.298777] TCP: Hash tables configured (established 4096 bind 4096)
[    0.298893] UDP hash table entries: 256 (order: 1, 14336 bytes, linear)
[    0.298928] UDP-Lite hash table entries: 256 (order: 1, 14336 bytes, linear)
[    0.299108] NET: Registered PF_UNIX/PF_LOCAL protocol family
[    0.300356] RPC: Registered named UNIX socket transport module.
[    0.300377] RPC: Registered udp transport module.
[    0.300383] RPC: Registered tcp transport module.
[    0.300387] RPC: Registered tcp-with-tls transport module.
[    0.300392] RPC: Registered tcp NFSv4.1 backchannel transport module.
[    0.300414] PCI: CLS 0 bytes, default 64
[    0.301979] Initialise system trusted keyrings
[    0.312228] workingset: timestamp_bits=14 max_order=17 bucket_order=3
[    0.313576] NFS: Registering the id_resolver key type
[    0.313663] Key type id_resolver registered
[    0.313671] Key type id_legacy registered
[    0.313784] jffs2: version 2.2. (NAND) (SUMMARY)  Â© 2001-2006 Red Hat, Inc.
[    0.314198] Key type asymmetric registered
[    0.314213] Asymmetric key parser 'x509' registered
[    0.314275] io scheduler mq-deadline registered
[    0.314285] io scheduler kyber registered
[    0.314358] io scheduler bfq registered
[    0.315925] ledtrig-cpu: registered to indicate activity on CPUs
[    0.322086] Serial: 8250/16550 driver, 6 ports, IRQ sharing enabled
[    0.366342] brd: module loaded
[    0.385391] loop: module loaded
[    0.386316] mtdoops: mtd device (mtddev=name/number) must be supplied
[    0.389408] i2c_dev: i2c /dev entries driver
[    0.390362] cpuidle: enable-method property 'ti,am3352' found operations
[    0.390821] sdhci: Secure Digital Host Controller Interface driver
[    0.390829] sdhci: Copyright(c) Pierre Ossman
[    0.391004] sdhci-pltfm: SDHCI platform and OF driver helper
[    0.392196] Initializing XFRM netlink socket
[    0.392368] NET: Registered PF_INET6 protocol family
[    0.407255] Segment Routing with IPv6
[    0.407351] In-situ OAM (IOAM) with IPv6
[    0.407451] sit: IPv6, IPv4 and MPLS over IPv4 tunneling driver
[    0.408404] NET: Registered PF_PACKET protocol family
[    0.408438] NET: Registered PF_KEY protocol family
[    0.408556] Key type dns_resolver registered
[    0.408788] ThumbEE CPU extension supported.
[    0.408807] Registering SWP/SWPB emulation handler
[    0.409351] omap_voltage_late_init: Voltage driver support not added
[    0.409696] SmartReflex Class3 initialized
[    0.440828] Loading compiled-in X.509 certificates
[    0.482735] /ocp/interconnect@44c00000/segment@200000/target-module@b000/i2c@0/tda19988@70: Fixed dependency cycle(s) with /ocp/interconnect@48000000/segment@300000/target-module@e000/lcdc@0
[    0.489100] /ocp/interconnect@44c00000/segment@200000/target-module@b000/i2c@0/tda19988@70: Fixed dependency cycle(s) with /ocp/interconnect@48000000/segment@300000/target-module@e000/lcdc@0
[    0.519314] /ocp/interconnect@44c00000/segment@200000/target-module@b000/i2c@0/tda19988@70: Fixed dependency cycle(s) with /ocp/interconnect@48000000/segment@300000/target-module@e000/lcdc@0
[    0.520198] /ocp/interconnect@44c00000/segment@200000/target-module@b000/i2c@0/tda19988@70: Fixed dependency cycle(s) with /ocp/interconnect@48000000/segment@300000/target-module@e000/lcdc@0
[    0.523861] /ocp/interconnect@44c00000/segment@200000/target-module@10000/scm@0/pinmux@800: Fixed dependency cycle(s) with /ocp/interconnect@44c00000/segment@200000/target-module@10000/scm@0/pinmux@800/clkout2-pins
[    0.524456] pinctrl-single 44e10800.pinmux: 142 pins, size 568
[    0.529576] ti-sysc 44e31000.target-module: probe with driver ti-sysc failed with error -16
[    0.555225] /ocp/interconnect@48000000/segment@300000/target-module@e000/lcdc@0: Fixed dependency cycle(s) with /ocp/interconnect@44c00000/segment@200000/target-module@b000/i2c@0/tda19988@70
[    0.563240] ti-sysc 48040000.target-module: probe with driver ti-sysc failed with error -16
[    0.599772] OMAP GPIO hardware version 0.1
[    0.633957] omap_i2c 4819c000.i2c: bus 2 rev0.11 at 100 kHz
[    0.649436] 48000000.interconnect:segment@200000:target-module@0:mpu@0:fck: device ID is greater than 24
[    0.650300] /ocp/interconnect@48000000/segment@300000/target-module@e000/lcdc@0: Fixed dependency cycle(s) with /ocp/interconnect@44c00000/segment@200000/target-module@b000/i2c@0/tda19988@70
[    0.653360] /ocp/interconnect@48000000/segment@300000/target-module@e000/lcdc@0: Fixed dependency cycle(s) with /ocp/interconnect@44c00000/segment@200000/target-module@b000/i2c@0/tda19988@70
[    0.654073] /ocp/interconnect@44c00000/segment@200000/target-module@b000/i2c@0/tda19988@70: Fixed dependency cycle(s) with /ocp/interconnect@48000000/segment@300000/target-module@e000/lcdc@0
[    0.654231] /ocp/interconnect@48000000/segment@300000/target-module@e000/lcdc@0: Fixed dependency cycle(s) with /ocp/interconnect@44c00000/segment@200000/target-module@b000/i2c@0/tda19988@70
[    0.665625] sdhci-omap 481d8000.mmc: supply pbias not found, using dummy regulator
[    0.666124] sdhci-omap 481d8000.mmc: supply vqmmc not found, using dummy regulator
[    0.714146] davinci_mdio 4a101000.mdio: davinci mdio revision 1.6, bus freq 1000000
[    0.867970] davinci_mdio 4a101000.mdio: phy[0]: device 4a101000.mdio:00, driver SMSC LAN8710/LAN8720
[    0.868741] cpsw-switch 4a100000.switch: initialized cpsw ale version 1.4
[    0.868765] cpsw-switch 4a100000.switch: ALE Table size 1024, Policers 0
[    0.879298] cpsw-switch 4a100000.switch: cpts: overflow check period 500 (jiffies)
[    0.879320] cpsw-switch 4a100000.switch: CPTS: ref_clk_freq:250000000 calc_mult:2147483648 calc_shift:29 error:0 nsec/sec
[    0.879436] cpsw-switch 4a100000.switch: Detected MACID = 6c:ec:eb:68:de:78
[    0.881366] cpsw-switch 4a100000.switch: initialized (regs 0x4a100000, pool size 256) hw_ver:0019010C 1.12 (0)
[    0.892301] debugfs: Directory '49000000.dma' with parent 'dmaengine' already present!
[    0.892343] edma 49000000.dma: TI EDMA DMA engine driver
[    0.958114] target-module@4b000000:target-module @140000:pmu@0:fck: device ID is greater than 24
[    0.972305 ] hw perfevents: enabled with armv7_cortex_a8 PMU driver, 5 (8000000f) counters available
[    0.980036] l3-aon-clkctrl:0000:0: failed to disable
[    0.983162] 44e09000.serial: ttyS0 at MMIO ] /ocp/interconnect@48000000/segment@300000/target-module@e000/lcdc@0: Fixed dependency cycle(s) with /ocp/interconnect@44c00000/segment@200000/target-module@b000/i2c@0/tda19988@70
[    2.482985] /ocp/interconnect@44c00000/segment@200000/target-module@b000/i2c@0/tda19988@70: Fixed dependency cycle(s) with /ocp/interconnect@48000000/segment@300000/target-module@e000/lcdc@0
[    2.500357] omap_i2c 44e0b000.i2c: bus 0 rev0.11 at 400 kHz
[    2.508335] omap_gpio 44e07000.gpio: Could not set line 6 debounce to 200000 microseconds (-22)
[    2.517214] sdhci-omap 48060000.mmc: Got CD GPIO
[    2.522252] sdhci-omap 48060000.mmc: supply pbias not found, using dummy regulator
[    2.532522] sdhci-omap 48060000.mmc: supply vqmmc not found, using dummy regulator
[    2.541459] sdhci-omap 481d8000.mmc: supply pbias not found, using dummy regulator
[    2.549473] sdhci-omap 481d8000.mmc: supply vqmmc not found, using dummy regulator
[    2.587891] mmc1: SDHCI controller on 481d8000.mmc [481d8000.mmc] using External DMA
[    2.596910] mmc0: SDHCI controller on 48060000.mmc [48060000.mmc] using External DMA
[    2.605819] cpsw-switch 4a100000.switch: starting ndev. mode: dual_mac
[    2.650429] mmc0: new high speed SDHC card at address 5048
[    2.657484] mmcblk0: mmc0:5048 SD16G 14.4 GiB
[    2.665468]  mmcblk0: p1 p2
[    2.668830] mmcblk0: p2 size 31221760 extends beyond EOD, truncated
[    2.682467] SMSC LAN8710/LAN8720 4a101000.mdio:00: attached PHY driver (mii_bus:phy_addr=4a101000.mdio:00, irq=POLL)
[    2.695077] mmc1: new high speed MMC card at address 0001
[    2.701985] mmcblk1: mmc1:0001 MMC04G 3.60 GiB
[    2.713655]  mmcblk1: p1 p2
[    2.717886] mmcblk1boot0: mmc1:0001 MMC04G 2.00 MiB
[    2.725185] mmcblk1boot1: mmc1:0001 MMC04G 2.00 MiB
[    2.732602] mmcblk1rpmb: mmc1:0001 MMC04G 128 KiB, chardev (250:0)
[    5.841942] cpsw-switch 4a100000.switch eth0: Link is Up - 100Mbps/Full - flow control off
[    5.871192] IP-Config: Complete:
[    5.874460]      device=eth0, hwaddr=6c:ec:eb:68:de:78, ipaddr=192.168.255.1, mask=255.255.255.0, gw=255.255.255.255
[    5.885102]      host=bbb1, domain=, nis-domain=(none)
[    5.890271]      bootserver=192.168.255.126, rootserver=192.168.255.126, rootpath=
[    5.890677] clk: Disabling unused clocks
[    5.902564] PM: genpd: Disabling unused power domains
[    5.907681] KTAP version 1
[    5.910401] 1..0
[    5.944360] VFS: Mounted root (nfs filesystem) on device 0:17.
[    5.951283] devtmpfs: mounted
[    5.955806] Freeing unused kernel image (initmem) memory: 1024K
[    5.962665] Run /sbin/init as init process
[    6.665861] systemd[1]: System time before build time, advancing clock.
[    8.141197] random: crng init done
[    8.181980] systemd[1]: systemd 232 running in system mode. (+PAM +AUDIT +SELINUX +IMA +APPARMOR +SMACK +SYSVINIT +UTMP +LIBCRYPTSETUP +GCRYPT +GNUTLS +ACL +XZ +LZ4 +SECCOMP +BLKID +ELFUTILS +KMOD +IDN)
[    8.200953] systemd[1]: Detected architecture arm.

Welcome to [1mDebian GNU/Linux 9 (stretch)[0m!

[    8.234160] systemd[1]: Set hostname to <arm>.
[    9.312802] systemd[1]: Listening on Journal Socket.
[[0;32m  OK  [0m] Listening on Journal Socket.
[    9.332865] systemd[1]: Created slice User and Session Slice.
[[0;32m  OK  [0m] Created slice User and Session Slice.
[    9.362702] systemd[1]: Created slice System Slice.
[[0;32m  OK  [0m] Created slice System Slice.
[    9.392590] systemd[1]: Created slice system-serial\x2dgetty.slice.
[[0;32m  OK  [0m] Created slice system-serial\x2dgetty.slice.
[    9.423180] systemd[1]: Listening on /dev/initctl Compatibility Named Pipe.
[[0;32m  OK  [0m] Listening on /dev/initctl Compatibility Named Pipe.
[    9.451595] systemd[1]: Reached target Remote File Systems.
[[0;32m  OK  [0m] Reached target Remote File Systems.
[    9.482191] systemd[1]: Listening on Journal Audit Socket.
[[0;32m  OK  [0m] Listening on Journal Audit Socket.
[[0;32m  OK  [0m] Started Dispatch Password Requests to Console Directory Watch.
         Starting Load Kernel Modules...
         Mounting POSIX Message Queue File System...
[[0;32m  OK  [0m] Listening on udev Control Socket.
[[0;32m  OK  [0m] Started Forward Password Requests to Wall Directory Watch.
[[0;32m  OK  [0m] Reached target Encrypted Volumes.
[[0;32m  OK  [0m] Listening on Journal Socket (/dev/log).
[[0;32m  OK  [0m] Set up automount Arbitrary Executabâ€¦rmats File System Automount Point.
[[0;32m  OK  [0m] Listening on udev Kernel Socket.
[[0;32m  OK  [0m] Reached target Slices.
[[0;32m  OK  [0m] Listening on Syslog Socket.
         Starting Journal Service...
[[0;32m  OK  [0m] Reached target Swap.
         Starting Remount Root and Kernel File Systems...
[[0;32m  OK  [0m] Created slice system-getty.slice.
[[0;32m  OK  [0m] Reached target Paths.
         Mounting Debug File System...
         Starting Create list of required stâ€¦ce nodes for the current kernel...
[[0;32m  OK  [0m] Mounted POSIX Message Queue File System.
[[0;32m  OK  [0m] Mounted Debug File System.
[[0;32m  OK  [0m] Started Load Kernel Modules.
[[0;32m  OK  [0m] Started Remount Root and Kernel File Systems.
[[0;32m  OK  [0m] Started Create list of required staâ€¦vice nodes for the current kernel.
         Starting Create Static Device Nodes in /dev...
         Starting Load/Save Random Seed...
         Starting udev Coldplug all Devices...
         Mounting Configuration File System...
         Starting Apply Kernel Variables...
[[0;32m  OK  [0m] Mounted Configuration File System.
[[0;32m  OK  [0m] Started Load/Save Random Seed.
[[0;32m  OK  [0m] Started Apply Kernel Variables.
[[0;32m  OK  [0m] Started Journal Service.
[[0;32m  OK  [0m] Started Create Static Device Nodes in /dev.
[[0;32m  OK  [0m] Reached target Local File Systems (Pre).
[[0;32m  OK  [0m] Reached target Local File Systems.
         Starting Raise network interfaces...
         Starting udev Kernel Device Manager...
         Starting Flush Journal to Persistent Storage...
[   11.593323] systemd-journald[88]: Received request to flush runtime journal from PID 1
[[0;32m  OK  [0m] Started Flush Journal to Persistent Storage.
         Starting Create Volatile Files and Directories...
[[0;32m  OK  [0m] Started udev Kernel Device Manager.
[[0;32m  OK  [0m] Started Create Volatile Files and Directories.
         Starting Update UTMP about System Boot/Shutdown...
         Starting Network Time Synchronization...
[[0;32m  OK  [0m] Started Update UTMP about System Boot/Shutdown.
[[0;32m  OK  [0m] Started udev Coldplug all Devices.
[   14.831440] remoteproc remoteproc0: wkup_m3 is available
[   15.172674] omap_wdt: OMAP Watchdog Timer Rev 0x01: initial timeout 60 sec
[   15.194989] at24 2-0054: supply vcc not found, using dummy regulator
[   15.279439] at24 2-0055: supply vcc not found, using dummy regulator
[   15.290716] am335x-phy-driver 47401300.usb-phy: dummy supplies not allowed for exclusive requests (id=vbus)
[   15.403599] tps6521x_pwrbutton tps65217-pwrbutton: DMA mask not set
[   15.415156] at24 2-0056: supply vcc not found, using dummy regulator
[   15.522682] input: tps65217_pwrbutton as /devices/platform/ocp/44c00000.interconnect/44c00000.interconnect:segment@200000/44e0b000.target-module/44e0b000.i2c/i2c-0/0-0024/tps65217-pwrbutton/input/input0
[   15.545035] at24 2-0057: supply vcc not found, using dummy regulator
[   15.590686] wkup_m3_ipc 44e11324.wkup_m3_ipc: IPC Request for A8->M3 Channel failed! -517
[   15.674464] at24 0-0050: 32768 byte 24c256 EEPROM, writable, 1 bytes/write
[   15.685211] wkup_m3_ipc 44e11324.wkup_m3_ipc: IPC Request for A8->M3 Channel failed! -517
[   15.708446] omap_rtc 44e3e000.rtc: registered as rtc0
[   15.714219] omap_rtc 44e3e000.rtc: setting system clock to 2000-01-01T00:00:01 UTC (946684801)
[[0;32m  OK  [0m] Found device /dev/ttyS0.
[   15.827362] wkup_m3_ipc 44e11324.wkup_m3_ipc: IPC Request for A8->M3 Channel failed! -517
[[0;32m  OK  [0m] Started Network Time Synchronization.
[   15.859467] am335x-phy-driver 47401b00.usb-phy: dummy supplies not allowed for exclusive requests (id=vbus)
[[0;32m  OK  [0m] Reached target System Initialization.
[   15.950780] wkup_m3_ipc 44e11324.wkup_m3_ipc: IPC Request for A8->M3 Channel failed! -517
[[0;32m  OK  [0m] Listening on Avahi mDNS/DNS-SD Stack Activation Socket.
[[0;32m  OK  [0m] Started Daily Cleanup of Temporary Directories.
[[0;32m  OK  [0m] Listening on D-Bus System Message Bus Socket.
[[0;32m  OK  [0m] Reached target Sockets.
[[0;32m  OK  [0m] Reached target Basic System.
[   16.335443] usbcore: registered new interface driver usbfs
[   16.341096] usbcore: registered new interface driver hub
[   16.346757] usbcore: registered new device driver usb
[   16.436342] wkup_m3_ipc 44e11324.wkup_m3_ipc: IPC Request for A8->M3 Channel failed! -517
         Starting Avahi mDNS/DNS-SD Stack...
[[0;32m  OK  [0m] Started D-Bus System Message Bus.
[   17.118243] wkup_m3_ipc 44e11324.wkup_m3_ipc: IPC Request for A8->M3 Channel failed! -517
[   17.194635] musb-hdrc musb-hdrc.1: MUSB HDRC host driver
[   17.200055] musb-hdrc musb-hdrc.1: new USB bus registered, assigned bus number 1
[   17.225070] wkup_m3_ipc 44e11324.wkup_m3_ipc: IPC Request for A8->M3 Channel failed! -517
[   17.421662] usb usb1: New USB device found, idVendor=1d6b, idProduct=0002, bcdDevice= 6.14
[   17.430026] usb usb1: New USB device strings: Mfr=3, Product=2, SerialNumber=1
[   17.437415] usb usb1: Product: MUSB HDRC host driver
[   17.442718] usb usb1: Manufacturer: Linux 6.14.0-rc5-next-20250303 musb-hcd
[   17.449726] usb usb1: SerialNumber: musb-hdrc.1
[   17.543780] omap-mailbox 480c8000.mailbox: omap mailbox rev 0x400
[   17.628634] remoteproc remoteproc0: powering up wkup_m3
[   17.725300] tda998x 0-0070: found TDA19988
[   17.795547] remoteproc remoteproc0: Direct firmware load for am335x-pm-firmware.elf failed with error -2
[   17.806044] remoteproc remoteproc0: request_firmware failed: -2
[   17.812258] wkup_m3_ipc 44e11324.wkup_m3_ipc: rproc_boot failed
[   17.847444] hub 1-0:1.0: USB hub found
[   17.906562] hub 1-0:1.0: 1 port detected
[   19.427411] omap_rng 48310000.rng: Random Number Generator ver. 20
[   19.632887] tilcdc 4830e000.lcdc: bound 0-0070 (ops 0xbf0970f8)
[   19.705487] [drm] Initialized tilcdc 1.0.0 for 4830e000.lcdc on minor 0
[   19.794217] tilcdc 4830e000.lcdc: [drm] Cannot find any crtc or sizes
[   19.802516] tilcdc 4830e000.lcdc: [drm] Cannot find any crtc or sizes
 [[0;32m  OK  [0m] Started Avahi mDNS/DNS-SD Stack.
          Starting Generic Board Startup...
         Starting LSB: Sta rt busybox udhcpd at boot time...
[[0;32m  OK  [0m] Started  Regular background program processing daemon.
         Start ing Cape
         Starting LSB: Load kernel modules needed to enable cpufreq scaling...
[   20.696707] omap-sham 53100000.sham: hw accel on OMAP rev 4.3
[   20.781477] PM: Cannot get wkup_m3_ipc handle
         Starting DUN service...
         Starting Connection service...[   20.855597] omap-sham 53100000.sham: will run requests pump with realtime priority

[   20.874467] PM: Cannot get wkup_m3_ipc handle
         Starting Login Service...
[   21.074597] omap-aes 53500000.aes: OMAP AES hw accel rev: 3.2
         Starting Telephony service...
[   21.252988] omap-aes 53500000.aes: will run requests pump with realtime priority
[   21.264530] PM: Cannot get wkup_m3_ipc handle
         Starting System Logging Service...
[[0;32m  OK  [0m] Reached target System Time Synchronized.
[[0;32m  OK  [0m] Started Daily apt download activities.
[[0;32m  OK  [0m] Started Daily apt upgrade and clean activities.
[[0;32m  OK  [0m] Reached target Timers.
[[0;32m  OK  [0m] Started Cape Manager Service.
[[0;32m  OK  [0m] Started System Logging Service.
[   24.811661] gpio-537 (nxp,calib): gpiod_direction_output_nonotify: tried to set a GPIO tied to an IRQ as output
[   24.851845] PM: Cannot get wkup_m3_ipc handle
[   24.863780] Bluetooth: Core ver 2.22
[   24.867615] NET: Registered PF_BLUETOOTH protocol family
[   24.873157] Bluetooth: HCI device and connection manager initialized
[   24.879770] Bluetooth: HCI socket layer initialized
[   24.884785] Bluetooth: L2CAP socket layer initialized
[   24.889906] Bluetooth: SCO socket layer initialized
[   25.020688] PM: Cannot get wkup_m3_ipc handle
[   25.118691] tda9950 0-0034: TDA9950 CEC interface, hardware version 3.3
[   25.198776] PM: Cannot get wkup_m3_ipc handle
[[0;32m  OK  [0m] Started Raise network interfaces.
[[0;32m  OK  [0m] Started LSB: Start busybox udhcpd at boot time.
[[0;32m  OK  [0m] Started LSB: Load kernel modules needed to enable cpufreq scaling.
[   28.755643] configfs-gadget.g_multi gadget.0: HOST MAC 1c:ba:8c:a2:ed:6c
[   28.762725] configfs-gadget.g_multi gadget.0: MAC 1c:ba:8c:a2:ed:70
[   28.770188] configfs-gadget.g_multi gadget.0: HOST MAC 1c:ba:8c:a2:ed:6c
[   28.777065] configfs-gadget.g_multi gadget.0: MAC 1c:ba:8c:a2:ed:6d
[   28.791822] PM: Cannot get wkup_m3_ipc handle
[[0;32m  OK  [0m] Started DUN service.
[[0;32m  OK  [0m] Started Telephony service.
[[0;32m  OK  [0m] Started Connection service.
[[0;32m  OK  [0m] Started Login Service.
[[0;32m  OK  [0m] Reached target Sound Card.
         Starting LSB: set CPUFreq kernel parameters...
[[0;32m  OK  [0m] Reached target Network.
[[0;32m  OK  [0m] Reached target Network is Online.
         Starting LSB: Advanced IEEE 802.11 management daemon...
         Starting OpenBSD Secure Shell server...
         Starting The Apache HTTP Server...
         Starting Permit User Sessions...
[[0;32m  OK  [0m] Started LSB: Advanced IEEE 802.11 management daemon.
[[0;32m  OK  [0m] Started Permit User Sessions.
         Starting Hostname Service...
[[0;32m  OK  [0m] Started Serial Getty on ttyS0.
[[0;32m  OK  [0m] Started Getty on tty1.
[[0;32m  OK  [0m] Reached target Login Prompts.
         Starting WPA supplicant...
[[0;32m  OK  [0m] Started LSB: set CPUFreq kernel parameters.
[[0;32m  OK  [0m] Started Hostname Service.
[[0;32m  OK  [0m] Started WPA supplicant.
[[0;32m  OK  [0m] Started OpenBSD Secure Shell server.
         Stopping LSB: Start busybox udhcpd at boot time...
[[0;32m  OK  [0m] Stopped LSB: Start busybox udhcpd at boot time.
[[0;32m  OK  [0m] Started The Apache HTTP Server.
         Starting dnsmasq - A lightweight DHCP and caching DNS server...
[[0;32m  OK  [0m] Started dnsmasq - A lightweight DHCP and caching DNS server.
[[0;32m  OK  [0m] Reached target Host and Network Name Lookups.
[[0;32m  OK  [0m] Started Serial Getty on ttyGS0.
[[0;32m  OK  [0m] Started Generic Board Startup.
[[0;32m  OK  [0m] Reached target Multi-User System.
[[0;32m  OK  [0m] Reached target Graphical Interface.
         Starting Update UTMP about System Runlevel Changes...
[[0;32m  OK  [0m] Started Update UTMP about System Runlevel Changes.

Debian GNU/Linux 9 arm ttyS0

default username:password is [debian:temppwd]

arm login: root
Password: 
Last login: Sat Jan  1 00:00:32 UTC 2000 on ttyS0
root
Linux arm 6.14.0-rc5-next-20250303 #1 SMP Mon Mar  3 10:45:16 EET 2025 armv7l

The programs included with the Debian GNU/Linux system are free software;
the exact distribution terms for each program are described in the
individual files in /usr/share/doc/*/copyright.

Debian GNU/Linux comes with ABSOLUTELY NO WARRANTY, to the extent
permitted by applicable law.
root@arm:~# root
dmesg -n 1
-bash: root: command not found
root@arm:~# dmesg -n 1
root@arm:~# echo 'PLUY''UBWFZT'
PLUYUBWFZT
root@arm:~# run() { echo -n "$MARKER"; sh -c "$@"; echo "$MARKER $?"; }
root@arm:~# echo 'YOBZ''MGCNWV'
YOBZMGCNWV
root@arm:~# MARKER='WXSQ''PPSJSZ' run 'cat /proc/version'
WXSQPPSJSZLinux version 6.14.0-rc5-next-20250303 (user01@drvtest01) (arm-none-eabi-gcc (Arm GNU Toolchain 14.2.Rel1 (Build arm-14.52)) 14.2.1 20241119, GNU ld (Arm GNU Toolchain 14.2.Rel1 (Build arm-14.52)) 2.43.1.20241119) #1 SMP Mon Mar  3 10:45:16 EET 2025
WXSQPPSJSZ 0
root@arm:~# echo 'AVTQ''SZNJFU'
AVTQSZNJFU
root@arm:~# MARKER='WSEP''QFWFYK' run false
WSEPQFWFYKWSEPQFWFYK 1
root@arm:~# Labgrid Console Logfile for main
Logfile started at 2025-03-03 10:47:33.562119
=== Log starts here ===

root@arm:~# run() { echo -n "$MARKER"; sh -c "$@"; echo "$MARKER $?"; }
root@arm:~# echo 'YLWV''VMZXCK'
YLWVVMZXCK
root@arm:~# MARKER='PCEU''BVCEFY' run 'ls /iio_generic_buffer; echo $?'
PCEUBVCEFY/iio_generic_buffer
0
PCEUBVCEFY 0
root@arm:~# Labgrid Console Logfile for main
Logfile started at 2025-03-03 10:47:36.952439
=== Log starts here ===

root@arm:~# run() { echo -n "$MARKER"; sh -c "$@"; echo "$MARKER $?"; }
root@arm:~# echo 'FZXC''WELFSG'
FZXCWELFSG
root@arm:~# MARKER='UOSP''OMXOTJ' run dmesg
UOSPOMXOTJ[    0.000000] Booting Linux on physical CPU 0x0
[    0.000000] Linux version 6.14.0-rc5-next-20250303 (user01@drvtest01) (arm-none-eabi-gcc (Arm GNU Toolchain 14.2.Rel1 (Build arm-14.52)) 14.2.1 20241119, GNU ld (Arm GNU Toolchain 14.2.Rel1 (Build arm-14.52)) 2.43.1.20241119) #1 SMP Mon Mar  3 10:45:16 EET 2025
[    0.000000] CPU: ARMv7 Processor [413fc082] revision 2 (ARMv7), cr=10c5387d
[    0.000000] CPU: PIPT / VIPT nonaliasing data cache, VIPT aliasing instruction cache
[    0.000000] OF: fdt: Machine model: TI AM335x BeagleBone Black
[    0.000000] Memory policy: Data cache writeback
[    0.000000] cma: Reserved 16 MiB at 0x9e800000 on node -1
[    0.000000] Zone ranges:
[    0.000000]   Normal   [mem 0x0000000080000000-0x000000009fdfffff]
[    0.000000]   HighMem  empty
[    0.000000] Movable zone start for each node
[    0.000000] Early memory node ranges
[    0.000000]   node   0: [mem 0x0000000080000000-0x000000009fdfffff]
[    0.000000] Initmem setup node 0 [mem 0x0000000080000000-0x000000009fdfffff]
[    0.000000] OF: reserved mem: Reserved memory: No reserved-memory node in the DT
[    0.000000] CPU: All CPU(s) started in SVC mode.
[    0.000000] AM335X ES2.1 (sgx neon)
[    0.000000] percpu: Embedded 17 pages/cpu s39692 r8192 d21748 u69632
[    0.000000] pcpu-alloc: s39692 r8192 d21748 u69632 alloc=17*4096
[    0.000000] pcpu-alloc: [0] 0 
[    0.000000] Kernel command line: console=ttyO0,115200n8 root=/dev/nfs rw nfsroot=192.168.255.126:/home/user01/nfs,nfsvers=3 ip=192.168.255.1:192.168.255.126::255.255.255.0:bbb1:eth0 nfsrootdebug
[    0.000000] Unknown kernel command line parameters "nfsrootdebug", will be passed to user space.
[    0.000000] printk: log buffer data + meta data: 65536 + 204800 = 270336 bytes
[    0.000000] Dentry cache hash table entries: 65536 (order: 6, 262144 bytes, linear)
[    0.000000] Inode-cache hash table entries: 32768 (order: 5, 131072 bytes, linear)
[    0.000000] Built 1 zonelists, mobility grouping on.  Total pages: 130560
[    0.000000] mem auto-init: stack:off, heap alloc:off, heap free:off
[    0.000000] SLUB: HWalign=16, Order=0-3, MinObjects=0, CPUs=1, Nodes=1
[    0.000000] rcu: Hierarchical RCU implementation.
[    0.000000] rcu: 	RCU event tracing is enabled.
[    0.000000] rcu: 	RCU restricting CPUs from NR_CPUS=2 to nr_cpu_ids=1.
[    0.000000] 	Tracing variant of Tasks RCU enabled.
[    0.000000] rcu: RCU calculated value of scheduler-enlistment delay is 10 jiffies.
[    0.000000] rcu: Adjusting geometry for rcu_fanout_leaf=16, nr_cpu_ids=1
[    0.000000] RCU Tasks Trace: Setting shift to 0 and lim to 1 rcu_task_cb_adjust=1 rcu_task_cpu_ids=1.
[    0.000000] NR_IRQS: 16, nr_irqs: 16, preallocated irqs: 16
[    0.000000] IRQ: Found an INTC at 0x(ptrval) (revision 5.0) with 128 interrupts
[    0.000000] rcu: srcu_init: Setting srcu_struct sizes based on contention.
[    0.000000] TI gptimer clocksource: always-on /ocp/interconnect@44c00000/segment@200000/target-module@31000
[    0.000002] sched_clock: 32 bits at 24MHz, resolution 41ns, wraps every 89478484971ns
[    0.000027] clocksource: dmtimer: mask: 0xffffffff max_cycles: 0xffffffff, max_idle_ns: 79635851949 ns
[    0.000504] TI gptimer clockevent: 24000000 Hz at /ocp/interconnect@48000000/segment@0/target-module@40000
[    0.002124] Console: colour dummy device 80x30
[    0.002189] WARNING: Your 'console=ttyO0' has been replaced by 'ttyS0'
[    0.002196] This ensures that you still see kernel messages. Please
[    0.002200] update your kernel commandline.
[    0.002243] Calibrating delay loop... 996.14 BogoMIPS (lpj=4980736)
[    0.090550] CPU: Testing write buffer coherency: ok
[    0.090668] CPU0: Spectre v2: using BPIALL workaround
[    0.090678] pid_max: default: 32768 minimum: 301
[    0.090834] LSM: initializing lsm=capability
[    0.091012] Mount-cache hash table entries: 1024 (order: 0, 4096 bytes, linear)
[    0.091032] Mountpoint-cache hash table entries: 1024 (order: 0, 4096 bytes, linear)
[    0.092625] CPU0: thread -1, cpu 0, socket -1, mpidr 0
[    0.092681] cacheinfo: Unable to detect cache hierarchy for CPU 0
[    0.160742] Setting up static identity map for 0x80100000 - 0x80100078
[    0.170703] rcu: Hierarchical SRCU implementation.
[    0.170713] rcu: 	Max phase no-delay instances is 1000.
[    0.190746] smp: Bringing up secondary CPUs ...
[    0.190800] smp: Brought up 1 node, 1 CPU
[    0.190813] SMP: Total of 1 processors activated (996.14 BogoMIPS).
[    0.190825] CPU: All CPU(s) started in SVC mode.
[    0.191019] Memory: 480832K/522240K available (11264K kernel code, 1213K rwdata, 2896K rodata, 1024K init, 287K bss, 23380K reserved, 16384K cma-reserved, 0K highmem)
[    0.191849] devtmpfs: initialized
[    0.208857] VFP support v0.3: implementor 41 architecture 3 part 30 variant c rev 3
[    0.209487] clocksource: jiffies: mask: 0xffffffff max_cycles: 0xffffffff, max_idle_ns: 19112604462750000 ns
[    0.209526] futex hash table entries: 256 (order: 2, 16384 bytes, linear)
[    0.211112] pinctrl core: initialized pinctrl subsystem
[    0.213824] NET: Registered PF_NETLINK/PF_ROUTE protocol family
[    0.216628] DMA: preallocated 256 KiB pool for atomic coherent allocations
[    0.217542] audit: initializing netlink subsys (disabled)
[    0.218923] thermal_sys: Registered thermal governor 'fair_share'
[    0.218937] thermal_sys: Registered thermal governor 'step_wise'
[    0.218944] thermal_sys: Registered thermal governor 'user_space'
[    0.219082] audit: type=2000 audit(0.210:1): state=initialized audit_enabled=0 res=1
[    0.219119] cpuidle: using governor menu
[    0.237040] /ocp/interconnect@44c00000/segment@200000/target-module@b000/i2c@0/tda19988@70: Fixed dependency cycle(s) with /ocp/interconnect@48000000/segment@300000/target-module@e000/lcdc@0
[    0.238149] /ocp/interconnect@48000000/segment@300000/target-module@e000/lcdc@0: Fixed dependency cycle(s) with /ocp/interconnect@44c00000/segment@200000/target-module@b000/i2c@0/tda19988@70
[    0.240312] No ATAGs?
[    0.240355] hw-breakpoint: debug architecture 0x4 unsupported.
[    0.243234] kprobes: kprobe jump-optimization is enabled. All kprobes are optimized if possible.
[    0.253915] iommu: Default domain type: Translated
[    0.253935] iommu: DMA domain TLB invalidation policy: strict mode
[    0.255546] reg-fixed-voltage fixedregulator0: using DT '/fixedregulator0' for '(default)' GPIO lookup
[    0.255599] of_get_named_gpiod_flags: can't parse 'gpios' property of node '/fixedregulator0[0]'
[    0.255628] of_get_named_gpiod_flags: can't parse 'gpio' property of node '/fixedregulator0[0]'
[    0.255646] reg-fixed-voltage fixedregulator0: using lookup tables for GPIO lookup
[    0.255656] reg-fixed-voltage fixedregulator0: No GPIO consumer (default) found
[    0.261483] SCSI subsystem initialized
[    0.261959] libata version 3.00 loaded.
[    0.262323] pps_core: LinuxPPS API ver. 1 registered
[    0.262333] pps_core: Software ver. 5.3.6 - Copyright 2005-2007 Rodolfo Giometti <giometti@linux.it>
[    0.262359] PTP clock support registered
[    0.270820] vgaarb: loaded
[    0.271175] clocksource: Switched to clocksource dmtimer
[    0.271836] VFS: Disk quotas dquot_6.6.0
[    0.271891] VFS: Dquot-cache hash table entries: 1024 (order 0, 4096 bytes)
[    0.296804] NET: Registered PF_INET protocol family
[    0.297145] IP idents hash table entries: 8192 (order: 4, 65536 bytes, linear)
[    0.298576] tcp_listen_portaddr_hash hash table entries: 512 (order: 0, 4096 bytes, linear)
[    0.298614] Table-perturb hash table entries: 65536 (order: 6, 262144 bytes, linear)
[    0.298633] TCP established hash table entries: 4096 (order: 2, 16384 bytes, linear)
[    0.298677] TCP bind hash table entries: 4096 (order: 4, 65536 bytes, linear)
[    0.298777] TCP: Hash tables configured (established 4096 bind 4096)
[    0.298893] UDP hash table entries: 256 (order: 1, 14336 bytes, linear)
[    0.298928] UDP-Lite hash table entries: 256 (order: 1, 14336 bytes, linear)
[    0.299108] NET: Registered PF_UNIX/PF_LOCAL protocol family
[    0.300356] RPC: Registered named UNIX socket transport module.
[    0.300377] RPC: Registered udp transport module.
[    0.300383] RPC: Registered tcp transport module.
[    0.300387] RPC: Registered tcp-with-tls transport module.
[    0.300392] RPC: Registered tcp NFSv4.1 backchannel transport module.
[    0.300414] PCI: CLS 0 bytes, default 64
[    0.301979] Initialise system trusted keyrings
[    0.312228] workingset: timestamp_bits=14 max_order=17 bucket_order=3
[    0.313576] NFS: Registering the id_resolver key type
[    0.313663] Key type id_resolver registered
[    0.313671] Key type id_legacy registered
[    0.313784] jffs2: version 2.2. (NAND) (SUMMARY)  Â© 2001-2006 Red Hat, Inc.
[    0.314198] Key type asymmetric registered
[    0.314213] Asymmetric key parser 'x509' registered
[    0.314275] io scheduler mq-deadline registered
[    0.314285] io scheduler kyber registered
[    0.314358] io scheduler bfq registered
[    0.315925] ledtrig-cpu: registered to indicate activity on CPUs
[    0.322086] Serial: 8250/16550 driver, 6 ports, IRQ sharing enabled
[    0.366342] brd: module loaded
[    0.385391] loop: module loaded
[    0.386316] mtdoops: mtd device (mtddev=name/number) must be supplied
[    0.388031] mdio_bus fixed-0: using lookup tables for GPIO lookup
[    0.388053] mdio_bus fixed-0: No GPIO consumer reset found
[    0.389408] i2c_dev: i2c /dev entries driver
[    0.390362] cpuidle: enable-method property 'ti,am3352' found operations
[    0.390821] sdhci: Secure Digital Host Controller Interface driver
[    0.390829] sdhci: Copyright(c) Pierre Ossman
[    0.391004] sdhci-pltfm: SDHCI platform and OF driver helper
[    0.392196] Initializing XFRM netlink socket
[    0.392368] NET: Registered PF_INET6 protocol family
[    0.407255] Segment Routing with IPv6
[    0.407351] In-situ OAM (IOAM) with IPv6
[    0.407451] sit: IPv6, IPv4 and MPLS over IPv4 tunneling driver
[    0.408404] NET: Registered PF_PACKET protocol family
[    0.408438] NET: Registered PF_KEY protocol family
[    0.408556] Key type dns_resolver registered
[    0.408788] ThumbEE CPU extension supported.
[    0.408807] Registering SWP/SWPB emulation handler
[    0.409351] omap_voltage_late_init: Voltage driver support not added
[    0.409696] SmartReflex Class3 initialized
[    0.440828] Loading compiled-in X.509 certificates
[    0.482735] /ocp/interconnect@44c00000/segment@200000/target-module@b000/i2c@0/tda19988@70: Fixed dependency cycle(s) with /ocp/interconnect@48000000/segment@300000/target-module@e000/lcdc@0
[    0.489100] /ocp/interconnect@44c00000/segment@200000/target-module@b000/i2c@0/tda19988@70: Fixed dependency cycle(s) with /ocp/interconnect@48000000/segment@300000/target-module@e000/lcdc@0
[    0.494788] gpiochip_find_base_unlocked: found new base at 512
[    0.519314] /ocp/interconnect@44c00000/segment@200000/target-module@b000/i2c@0/tda19988@70: Fixed dependency cycle(s) with /ocp/interconnect@48000000/segment@300000/target-module@e000/lcdc@0
[    0.520198] /ocp/interconnect@44c00000/segment@200000/target-module@b000/i2c@0/tda19988@70: Fixed dependency cycle(s) with /ocp/interconnect@48000000/segment@300000/target-module@e000/lcdc@0
[    0.523861] /ocp/interconnect@44c00000/segment@200000/target-module@10000/scm@0/pinmux@800: Fixed dependency cycle(s) with /ocp/interconnect@44c00000/segment@200000/target-module@10000/scm@0/pinmux@800/clkout2-pins
[    0.524456] pinctrl-single 44e10800.pinmux: 142 pins, size 568
[    0.529576] ti-sysc 44e31000.target-module: probe with driver ti-sysc failed with error -16
[    0.555225] /ocp/interconnect@48000000/segment@300000/target-module@e000/lcdc@0: Fixed dependency cycle(s) with /ocp/interconnect@44c00000/segment@200000/target-module@b000/i2c@0/tda19988@70
[    0.563240] ti-sysc 48040000.target-module: probe with driver ti-sysc failed with error -16
[    0.574421] gpiochip_find_base_unlocked: found new base at 512
[    0.574518] gpio gpiochip0: (gpio-0-31): created GPIO range 0->7 ==> 44e10800.pinmux PIN 0->7
[    0.574539] gpio gpiochip0: (gpio-0-31): created GPIO range 8->11 ==> 44e10800.pinmux PIN 90->93
[    0.574555] gpio gpiochip0: (gpio-0-31): created GPIO range 12->27 ==> 44e10800.pinmux PIN 12->27
[    0.574570] gpio gpiochip0: (gpio-0-31): created GPIO range 28->31 ==> 44e10800.pinmux PIN 30->33
[    0.599530] gpio gpiochip0: (gpio-0-31): added GPIO chardev (254:0)
[    0.599686] gpio gpiochip0: registered GPIOs 512 to 543 on gpio-0-31
[    0.599772] OMAP GPIO hardware version 0.1
[    0.632956] i2c i2c-2: using DT '/ocp/interconnect@48000000/segment@100000/target-module@9c000/i2c@0' for 'scl' GPIO lookup
[    0.633029] of_get_named_gpiod_flags: can't parse 'scl-gpios' property of node '/ocp/interconnect@48000000/segment@100000/target-module@9c000/i2c@0[0]'
[    0.633070] of_get_named_gpiod_flags: can't parse 'scl-gpio' property of node '/ocp/interconnect@48000000/segment@100000/target-module@9c000/i2c@0[0]'
[    0.633105] i2c i2c-2: using lookup tables for GPIO lookup
[    0.633115] i2c i2c-2: No GPIO consumer scl found
[    0.633137] i2c i2c-2: using DT '/ocp/interconnect@48000000/segment@100000/target-module@9c000/i2c@0' for 'sda' GPIO lookup
[    0.633172] of_get_named_gpiod_flags: can't parse 'sda-gpios' property of node '/ocp/interconnect@48000000/segment@100000/target-module@9c000/i2c@0[0]'
[    0.633208] of_get_named_gpiod_flags: can't parse 'sda-gpio' property of node '/ocp/interconnect@48000000/segment@100000/target-module@9c000/i2c@0[0]'
[    0.633239] i2c i2c-2: using lookup tables for GPIO lookup
[    0.633247] i2c i2c-2: No GPIO consumer sda found
[    0.633957] omap_i2c 4819c000.i2c: bus 2 rev0.11 at 100 kHz
[    0.639400] gpiochip_find_base_unlocked: found new base at 544
[    0.639500] gpio gpiochip1: (gpio-32-63): created GPIO range 0->17 ==> 44e10800.pinmux PIN 34->51
[    0.639520] gpio gpiochip1: (gpio-32-63): created GPIO range 18->21 ==> 44e10800.pinmux PIN 77->80
[    0.639536] gpio gpiochip1: (gpio-32-63): created GPIO range 22->31 ==> 44e10800.pinmux PIN 56->65
[    0.640312] gpio gpiochip1: (gpio-32-63): added GPIO chardev (254:1)
[    0.640443] gpio gpiochip1: registered GPIOs 544 to 575 on gpio-32-63
[    0.642840] gpiochip_find_base_unlocked: found new base at 576
[    0.642930] gpio gpiochip2: (gpio-64-95): created GPIO range 0->4 ==> 44e10800.pinmux PIN 66->70
[    0.642951] gpio gpiochip2: (gpio-64-95): created GPIO range 5->6 ==> 44e10800.pinmux PIN 98->99
[    0.642966] gpio gpiochip2: (gpio-64-95): created GPIO range 7->8 ==> 44e10800.pinmux PIN 75->76
[    0.642982] gpio gpiochip2: (gpio-64-95): created GPIO range 13->13 ==> 44e10800.pinmux PIN 141->141
[    0.642998] gpio gpiochip2: (gpio-64-95): created GPIO range 14->21 ==> 44e10800.pinmux PIN 100->107
[    0.643866] gpio gpiochip2: (gpio-64-95): added GPIO chardev (254:2)
[    0.644004] gpio gpiochip2: registered GPIOs 576 to 607 on gpio-64-95
[    0.649436] 48000000.interconnect:segment@200000:target-module@0:mpu@0:fck: device ID is greater than 24
[    0.650300] /ocp/interconnect@48000000/segment@300000/target-module@e000/lcdc@0: Fixed dependency cycle(s) with /ocp/interconnect@44c00000/segment@200000/target-module@b000/i2c@0/tda19988@70
[    0.653360] /ocp/interconnect@48000000/segment@300000/target-module@e000/lcdc@0: Fixed dependency cycle(s) with /ocp/interconnect@44c00000/segment@200000/target-module@b000/i2c@0/tda19988@70
[    0.654073] /ocp/interconnect@44c00000/segment@200000/target-module@b000/i2c@0/tda19988@70: Fixed dependency cycle(s) with /ocp/interconnect@48000000/segment@300000/target-module@e000/lcdc@0
[    0.654231] /ocp/interconnect@48000000/segment@300000/target-module@e000/lcdc@0: Fixed dependency cycle(s) with /ocp/interconnect@44c00000/segment@200000/target-module@b000/i2c@0/tda19988@70
[    0.663811] mdio_bus 4a101000.mdio: using DT '/ocp/interconnect@4a000000/segment@0/target-module@100000/switch@0/mdio@1000' for 'reset' GPIO lookup
[    0.663884] of_get_named_gpiod_flags: can't parse 'reset-gpios' property of node '/ocp/interconnect@4a000000/segment@0/target-module@100000/switch@0/mdio@1000[0]'
[    0.663933] of_get_named_gpiod_flags: can't parse 'reset-gpio' property of node '/ocp/interconnect@4a000000/segment@0/target-module@100000/switch@0/mdio@1000[0]'
[    0.663979] mdio_bus 4a101000.mdio: using lookup tables for GPIO lookup
[    0.663989] mdio_bus 4a101000.mdio: No GPIO consumer reset found
[    0.665277] sdhci-omap 481d8000.mmc: using DT '/ocp/interconnect@48000000/segment@100000/target-module@d8000/mmc@0' for 'wp' GPIO lookup
[    0.665340] of_get_named_gpiod_flags: can't parse 'wp-gpios' property of node '/ocp/interconnect@48000000/segment@100000/target-module@d8000/mmc@0[0]'
[    0.665384] of_get_named_gpiod_flags: can't parse 'wp-gpio' property of node '/ocp/interconnect@48000000/segment@100000/target-module@d8000/mmc@0[0]'
[    0.665418] sdhci-omap 481d8000.mmc: using lookup tables for GPIO lookup
[    0.665427] sdhci-omap 481d8000.mmc: No GPIO consumer wp found
[    0.665625] sdhci-omap 481d8000.mmc: supply pbias not found, using dummy regulator
[    0.666124] sdhci-omap 481d8000.mmc: supply vqmmc not found, using dummy regulator
[    0.714146] davinci_mdio 4a101000.mdio: davinci mdio revision 1.6, bus freq 1000000
[    0.735288] mdio_bus 4a101000.mdio:00: using DT '/ocp/interconnect@4a000000/segment@0/target-module@100000/switch@0/mdio@1000/ethernet-phy@0' for 'reset' GPIO lookup
[    0.735389] of_get_named_gpiod_flags: parsed 'reset-gpios' property of node '/ocp/interconnect@4a000000/segment@0/target-module@100000/switch@0/mdio@1000/ethernet-phy@0[0]' - status (0)
[    0.735551] gpio gpiochip0: Persistence not supported for GPIO 8
[    0.867970] davinci_mdio 4a101000.mdio: phy[0]: device 4a101000.mdio:00, driver SMSC LAN8710/LAN8720
[    0.868741] cpsw-switch 4a100000.switch: initialized cpsw ale version 1.4
[    0.868765] cpsw-switch 4a100000.switch: ALE Table size 1024, Policers 0
[    0.879298] cpsw-switch 4a100000.switch: cpts: overflow check period 500 (jiffies)
[    0.879320] cpsw-switch 4a100000.switch: CPTS: ref_clk_freq:250000000 calc_mult:2147483648 calc_shift:29 error:0 nsec/sec
[    0.879436] cpsw-switch 4a100000.switch: Detected MACID = 6c:ec:eb:68:de:78
[    0.881366] cpsw-switch 4a100000.switch: initialized (regs 0x4a100000, pool size 256) hw_ver:0019010C 1.12 (0)
[    0.892301] debugfs: Directory '49000000.dma' with parent 'dmaengine' already present!
[    0.892343] edma 49000000.dma: TI EDMA DMA engine driver
[    0.958114] target-module@4b000000:target-module@140000:pmu@0:fck: device ID is greater than 24
[    0.972305] hw perfevents: enabled with armv7_cortex_a8 PMU driver, 5 (8000000f) counters available
[    0.973244] gpio-clk clk_mcasp0: using DT '/clk_mcasp0' for 'enable' GPIO lookup
[    0.973309] of_get_named_gpiod_flags: parsed 'enable-gpios' property of node '/clk_mcasp0[0]' - status (0)
[    0.973354] gpio gpiochip0: Persistence not supported for GPIO 27
[    0.974173] gpiochip_find_base_unlocked: found new base at 608
[    0.974276] gpio gpiochip3: (gpio-96-127): created GPIO range 0->7 ==> 44e10800.pinmux PIN 82->89
[    0.974297] gpio gpiochip3: (gpio-96-127): created GPIO range 8->11 ==> 44e10800.pinmux PIN 52->55
[    0.974313] gpio gpiochip3: (gpio-96-127): created GPIO range 12->15 ==> 44e10800.pinmux PIN 94->97
[    0.974330] gpio gpiochip3: (gpio-96-127): created GPIO range 16->17 ==> 44e10800.pinmux PIN 71->72
[    0.974346] gpio gpiochip3: (gpio-96-127): created GPIO range 18->18 ==> 44e10800.pinmux PIN 135->135
[    0.974380] gpio gpiochip3: (gpio-96-127): created GPIO range 19->20 ==> 44e10800.pinmux PIN 108->109
[    0.974399] gpio gpiochip3: (gpio-96-127): created GPIO range 21->21 ==> 44e10800.pinmux PIN 73->73
[    0.974416] gpio gpiochip3: (gpio-96-127): created GPIO range 22->23 ==> 44e10800.pinmux PIN 8->9
[    0.974433] gpio gpiochip3: (gpio-96-127): created GPIO range 26->27 ==> 44e10800.pinmux PIN 10->11
[    0.974450] gpio gpiochip3: (gpio-96-127): created GPIO range 28->28 ==> 44e10800.pinmux PIN 74->74
[    0.974467] gpio gpiochip3: (gpio-96-127): created GPIO range 29->29 ==> 44e10800.pinmux PIN 81->81
[    0.974486] gpio gpiochip3: (gpio-96-127): created GPIO range 30->31 ==> 44e10800.pinmux PIN 28->29
[    0.980036] l3-aon-clkctrl:0000:0: failed to disable
[    0.980237] gpio gpiochip3: (gpio-96-127): added GPIO chardev (254:3)
[    0.980367] gpio gpiochip3: registered GPIOs 608 to 639 on gpio-96-127
[    0.982497] omap8250 44e09000.serial: using DT '/ocp/interconnect@44c00000/segment@200000/target-module@9000/serial@0' for 'rs485-term' GPIO lookup
[    0.982566] of_get_named_gpiod_flags: can't parse 'rs485-term-gpios' property of node '/ocp/interconnect@44c00000/segment@200000/target-module@9000/serial@0[0]'
[    0.982611] of_get_named_gpiod_flags: can't parse 'rs485-term-gpio' property of node '/ocp/interconnect@44c00000/segment@200000/target-module@9000/serial@0[0]'
[    0.982646] omap8250 44e09000.serial: using lookup tables for GPIO lookup
[    0.982657] omap8250 44e09000.serial: No GPIO consumer rs485-term found
[    0.982666] omap8250 44e09000.serial: using DT '/ocp/interconnect@44c00000/segment@200000/target-module@9000/serial@0' for 'rs485-rx-during-tx' GPIO lookup
[    0.982701] of_get_named_gpiod_flags: can't parse 'rs485-rx-during-tx-gpios' property of node '/ocp/interconnect@44c00000/segment@200000/target-module@9000/serial@0[0]'
[    0.982738] of_get_named_gpiod_flags: can't parse 'rs485-rx-during-tx-gpio' property of node '/ocp/interconnect@44c00000/segment@200000/target-module@9000/serial@0[0]'
[    0.982770] omap8250 44e09000.serial: using lookup tables for GPIO lookup
[    0.982777] omap8250 44e09000.serial: No GPIO consumer rs485-rx-during-tx found
[    0.983162] 44e09000.serial: ttyS0 at MMIO 0x44e09000 (irq = 34, base_baud = 3000000) is a 8250
[    0.983250] printk: legacy console [ttyS0] enabled
[    2.421677] i2c i2c-0: using DT '/ocp/interconnect@44c00000/segment@200000/target-module@b000/i2c@0' for 'scl' GPIO lookup
[    2.421766] of_get_named_gpiod_flags: can't parse 'scl-gpios' property of node '/ocp/interconnect@44c00000/segment@200000/target-module@b000/i2c@0[0]'
[    2.421812] of_get_named_gpiod_flags: can't parse 'scl-gpio' property of node '/ocp/interconnect@44c00000/segment@200000/target-module@b000/i2c@0[0]'
[    2.421851] i2c i2c-0: using lookup tables for GPIO lookup
[    2.421865] i2c i2c-0: No GPIO consumer scl found
[    2.421890] i2c i2c-0: using DT '/ocp/interconnect@44c00000/segment@200000/target-module@b000/i2c@0' for 'sda' GPIO lookup
[    2.421930] of_get_named_gpiod_flags: can't parse 'sda-gpios' property of node '/ocp/interconnect@44c00000/segment@200000/target-module@b000/i2c@0[0]'
[    2.421971] of_get_named_gpiod_flags: can't parse 'sda-gpio' property of node '/ocp/interconnect@44c00000/segment@200000/target-module@b000/i2c@0[0]'
[    2.422006] i2c i2c-0: using lookup tables for GPIO lookup
[    2.422017] i2c i2c-0: No GPIO consumer sda found
[    2.442118] tps65217-pmic: Failed to locate of_node [id: -1]
[    2.448169] tps65217-bl: Failed to locate of_node [id: -1]
[    2.459499] tps65217 0-0024: TPS65217 ID 0xe version 1.2
[    2.465629] /ocp/interconnect@48000000/segment@300000/target-module@e000/lcdc@0: Fixed dependency cycle(s) with /ocp/interconnect@44c00000/segment@200000/target-module@b000/i2c@0/tda19988@70
[    2.482985] /ocp/interconnect@44c00000/segment@200000/target-module@b000/i2c@0/tda19988@70: Fixed dependency cycle(s) with /ocp/interconnect@48000000/segment@300000/target-module@e000/lcdc@0
[    2.500357] omap_i2c 44e0b000.i2c: bus 0 rev0.11 at 400 kHz
[    2.508138] sdhci-omap 48060000.mmc: using DT '/ocp/interconnect@48000000/segment@0/target-module@60000/mmc@0' for 'cd' GPIO lookup
[    2.508245] of_get_named_gpiod_flags: parsed 'cd-gpios' property of node '/ocp/interconnect@48000000/segment@0/target-module@60000/mmc@0[0]' - status (0)
[    2.508312] gpio gpiochip3: Persistence not supported for GPIO 6
[    2.508335] omap_gpio 44e07000.gpio: Could not set line 6 debounce to 200000 microseconds (-22)
[    2.517214] sdhci-omap 48060000.mmc: Got CD GPIO
[    2.521896] sdhci-omap 48060000.mmc: using DT '/ocp/interconnect@48000000/segment@0/target-module@60000/mmc@0' for 'wp' GPIO lookup
[    2.521948] of_get_named_gpiod_flags: can't parse 'wp-gpios' property of node '/ocp/interconnect@48000000/segment@0/target-module@60000/mmc@0[0]'
[    2.521992] of_get_named_gpiod_flags: can't parse 'wp-gpio' property of node '/ocp/interconnect@48000000/segment@0/target-module@60000/mmc@0[0]'
[    2.522030] sdhci-omap 48060000.mmc: using lookup tables for GPIO lookup
[    2.522044] sdhci-omap 48060000.mmc: No GPIO consumer wp found
[    2.522252] sdhci-omap 48060000.mmc: supply pbias not found, using dummy regulator
[    2.530952] sdhci-omap 481d8000.mmc: using DT '/ocp/interconnect@48000000/segment@100000/target-module@d8000/mmc@0' for 'wp' GPIO lookup
[    2.531034] of_get_named_gpiod_flags: can't parse 'wp-gpios' property of node '/ocp/interconnect@48000000/segment@100000/target-module@d8000/mmc@0[0]'
[    2.531082] of_get_named_gpiod_flags: can't parse 'wp-gpio' property of node '/ocp/interconnect@48000000/segment@100000/target-module@d8000/mmc@0[0]'
[    2.531120] sdhci-omap 481d8000.mmc: using lookup tables for GPIO lookup
[    2.531236] sdhci-omap 481d8000.mmc: No GPIO consumer wp found
[    2.532522] sdhci-omap 48060000.mmc: supply vqmmc not found, using dummy regulator
[    2.541459] sdhci-omap 481d8000.mmc: supply pbias not found, using dummy regulator
[    2.549473] sdhci-omap 481d8000.mmc: supply vqmmc not found, using dummy regulator
[    2.587891] mmc1: SDHCI controller on 481d8000.mmc [481d8000.mmc] using External DMA
[    2.596910] mmc0: SDHCI controller on 48060000.mmc [48060000.mmc] using External DMA
[    2.605819] cpsw-switch 4a100000.switch: starting ndev. mode: dual_mac
[    2.650429] mmc0: new high speed SDHC card at address 5048
[    2.657484] mmcblk0: mmc0:5048 SD16G 14.4 GiB
[    2.665468]  mmcblk0: p1 p2
[    2.668830] mmcblk0: p2 size 31221760 extends beyond EOD, truncated
[    2.682467] SMSC LAN8710/LAN8720 4a101000.mdio:00: attached PHY driver (mii_bus:phy_addr=4a101000.mdio:00, irq=POLL)
[    2.695077] mmc1: new high speed MMC card at address 0001
[    2.701985] mmcblk1: mmc1:0001 MMC04G 3.60 GiB
[    2.713655]  mmcblk1: p1 p2
[    2.717886] mmcblk1boot0: mmc1:0001 MMC04G 2.00 MiB
[    2.725185] mmcblk1boot1: mmc1:0001 MMC04G 2.00 MiB
[    2.732602] mmcblk1rpmb: mmc1:0001 MMC04G 128 KiB, chardev (250:0)
[    5.841942] cpsw-switch 4a100000.switch eth0: Link is Up - 100Mbps/Full - flow control off
[    5.871192] IP-Config: Complete:
[    5.874460]      device=eth0, hwaddr=6c:ec:eb:68:de:78, ipaddr=192.168.255.1, mask=255.255.255.0, gw=255.255.255.255
[    5.885102]      host=bbb1, domain=, nis-domain=(none)
[    5.890271]      bootserver=192.168.255.126, rootserver=192.168.255.126, rootpath=
[    5.890677] clk: Disabling unused clocks
[    5.902564] PM: genpd: Disabling unused power domains
[    5.907681] KTAP version 1
[    5.910401] 1..0
[    5.944360] VFS: Mounted root (nfs filesystem) on device 0:17.
[    5.951283] devtmpfs: mounted
[    5.955806] Freeing unused kernel image (initmem) memory: 1024K
[    5.962665] Run /sbin/init as init process
[    5.966797]   with arguments:
[    5.966810]     /sbin/init
[    5.966820]     nfsrootdebug
[    5.966830]   with environment:
[    5.966838]     HOME=/
[    5.966847]     TERM=linux
[    6.665861] systemd[1]: System time before build time, advancing clock.
[    8.141197] random: crng init done
[    8.181980] systemd[1]: systemd 232 running in system mode. (+PAM +AUDIT +SELINUX +IMA +APPARMOR +SMACK +SYSVINIT +UTMP +LIBCRYPTSETUP +GCRYPT +GNUTLS +ACL +XZ +LZ4 +SECCOMP +BLKID +ELFUTILS +KMOD +IDN)
[    8.200953] systemd[1]: Detected architecture arm.
[    8.234160] systemd[1]: Set hostname to <arm>.
[    9.312802] systemd[1]: Listening on Journal Socket.
[    9.332865] systemd[1]: Created slice User and Session Slice.
[    9.362702] systemd[1]: Created slice System Slice.
[    9.392590] systemd[1]: Created slice system-serial\x2dgetty.slice.
[    9.423180] systemd[1]: Listening on /dev/initctl Compatibility Named Pipe.
[    9.451595] systemd[1]: Reached target Remote File Systems.
[    9.482191] systemd[1]: Listening on Journal Audit Socket.
[   11.593323] systemd-journald[88]: Received request to flush runtime journal from PID 1
[   14.403241] leds-gpio leds: using DT '/leds/led2' for '(default)' GPIO lookup
[   14.403348] of_get_named_gpiod_flags: parsed 'gpios' property of node '/leds/led2[0]' - status (0)
[   14.403407] gpio gpiochip0: Persistence not supported for GPIO 21
[   14.403425] gpio-533 (?): no flags found for GPIO (default)
[   14.417760] leds-gpio leds: using DT '/leds/led3' for '(default)' GPIO lookup
[   14.417870] of_get_named_gpiod_flags: parsed 'gpios' property of node '/leds/led3[0]' - status (0)
[   14.417930] gpio gpiochip0: Persistence not supported for GPIO 22
[   14.417948] gpio-534 (?): no flags found for GPIO (default)
[   14.434992] leds-gpio leds: using DT '/leds/led4' for '(default)' GPIO lookup
[   14.435098] of_get_named_gpiod_flags: parsed 'gpios' property of node '/leds/led4[0]' - status (0)
[   14.435154] gpio gpiochip0: Persistence not supported for GPIO 23
[   14.435172] gpio-535 (?): no flags found for GPIO (default)
[   14.505970] leds-gpio leds: using DT '/leds/led5' for '(default)' GPIO lookup
[   14.506191] of_get_named_gpiod_flags: parsed 'gpios' property of node '/leds/led5[0]' - status (0)
[   14.506254] gpio gpiochip0: Persistence not supported for GPIO 24
[   14.506273] gpio-536 (?): no flags found for GPIO (default)
[   14.831440] remoteproc remoteproc0: wkup_m3 is available
[   15.172674] omap_wdt: OMAP Watchdog Timer Rev 0x01: initial timeout 60 sec
[   15.194989] at24 2-0054: supply vcc not found, using dummy regulator
[   15.279439] at24 2-0055: supply vcc not found, using dummy regulator
[   15.290269] am335x-phy-driver 47401300.usb-phy: using DT '/ocp/target-module@47400000/usb-phy@1300' for 'reset' GPIO lookup
[   15.290356] of_get_named_gpiod_flags: can't parse 'reset-gpios' property of node '/ocp/target-module@47400000/usb-phy@1300[0]'
[   15.290402] of_get_named_gpiod_flags: can't parse 'reset-gpio' property of node '/ocp/target-module@47400000/usb-phy@1300[0]'
[   15.290439] am335x-phy-driver 47401300.usb-phy: using lookup tables for GPIO lookup
[   15.290454] am335x-phy-driver 47401300.usb-phy: No GPIO consumer reset found
[   15.290468] am335x-phy-driver 47401300.usb-phy: using DT '/ocp/target-module@47400000/usb-phy@1300' for 'vbus-detect' GPIO lookup
[   15.290500] of_get_named_gpiod_flags: can't parse 'vbus-detect-gpios' property of node '/ocp/target-module@47400000/usb-phy@1300[0]'
[   15.290532] of_get_named_gpiod_flags: can't parse 'vbus-detect-gpio' property of node '/ocp/target-module@47400000/usb-phy@1300[0]'
[   15.290559] am335x-phy-driver 47401300.usb-phy: using lookup tables for GPIO lookup
[   15.290571] am335x-phy-driver 47401300.usb-phy: No GPIO consumer vbus-detect found
[   15.290716] am335x-phy-driver 47401300.usb-phy: dummy supplies not allowed for exclusive requests (id=vbus)
[   15.403599] tps6521x_pwrbutton tps65217-pwrbutton: DMA mask not set
[   15.415156] at24 2-0056: supply vcc not found, using dummy regulator
[   15.522682] input: tps65217_pwrbutton as /devices/platform/ocp/44c00000.interconnect/44c00000.interconnect:segment@200000/44e0b000.target-module/44e0b000.i2c/i2c-0/0-0024/tps65217-pwrbutton/input/input0
[   15.545035] at24 2-0057: supply vcc not found, using dummy regulator
[   15.590686] wkup_m3_ipc 44e11324.wkup_m3_ipc: IPC Request for A8->M3 Channel failed! -517
[   15.673878] at24 0-0050: using DT '/ocp/interconnect@44c00000/segment@200000/target-module@b000/i2c@0/eeprom@50' for 'wp' GPIO lookup
[   15.673998] of_get_named_gpiod_flags: can't parse 'wp-gpios' property of node '/ocp/interconnect@44c00000/segment@200000/target-module@b000/i2c@0/eeprom@50[0]'
[   15.674060] of_get_named_gpiod_flags: can't parse 'wp-gpio' property of node '/ocp/interconnect@44c00000/segment@200000/target-module@b000/i2c@0/eeprom@50[0]'
[   15.674106] at24 0-0050: using lookup tables for GPIO lookup
[   15.674121] at24 0-0050: No GPIO consumer wp found
[   15.674464] at24 0-0050: 32768 byte 24c256 EEPROM, writable, 1 bytes/write
[   15.685211] wkup_m3_ipc 44e11324.wkup_m3_ipc: IPC Request for A8->M3 Channel failed! -517
[   15.708446] omap_rtc 44e3e000.rtc: registered as rtc0
[   15.714219] omap_rtc 44e3e000.rtc: setting system clock to 2000-01-01T00:00:01 UTC (946684801)
[   15.723191] omap_rtc 44e3e000.rtc: using DT '/ocp/interconnect@44c00000/segment@200000/target-module@3e000/rtc@0' for 'wp' GPIO lookup
[   15.723267] of_get_named_gpiod_flags: can't parse 'wp-gpios' property of node '/ocp/interconnect@44c00000/segment@200000/target-module@3e000/rtc@0[0]'
[   15.723317] of_get_named_gpiod_flags: can't parse 'wp-gpio' property of node '/ocp/interconnect@44c00000/segment@200000/target-module@3e000/rtc@0[0]'
[   15.723357] omap_rtc 44e3e000.rtc: using lookup tables for GPIO lookup
[   15.723372] omap_rtc 44e3e000.rtc: No GPIO consumer wp found
[   15.827362] wkup_m3_ipc 44e11324.wkup_m3_ipc: IPC Request for A8->M3 Channel failed! -517
[   15.859011] am335x-phy-driver 47401b00.usb-phy: using DT '/ocp/target-module@47400000/usb-phy@1b00' for 'reset' GPIO lookup
[   15.859106] of_get_named_gpiod_flags: can't parse 'reset-gpios' property of node '/ocp/target-module@47400000/usb-phy@1b00[0]'
[   15.859150] of_get_named_gpiod_flags: can't parse 'reset-gpio' property of node '/ocp/target-module@47400000/usb-phy@1b00[0]'
[   15.859186] am335x-phy-driver 47401b00.usb-phy: using lookup tables for GPIO lookup
[   15.859201] am335x-phy-driver 47401b00.usb-phy: No GPIO consumer reset found
[   15.859215] am335x-phy-driver 47401b00.usb-phy: using DT '/ocp/target-module@47400000/usb-phy@1b00' for 'vbus-detect' GPIO lookup
[   15.859247] of_get_named_gpiod_flags: can't parse 'vbus-detect-gpios' property of node '/ocp/target-module@47400000/usb-phy@1b00[0]'
[   15.859279] of_get_named_gpiod_flags: can't parse 'vbus-detect-gpio' property of node '/ocp/target-module@47400000/usb-phy@1b00[0]'
[   15.859306] am335x-phy-driver 47401b00.usb-phy: using lookup tables for GPIO lookup
[   15.859318] am335x-phy-driver 47401b00.usb-phy: No GPIO consumer vbus-detect found
[   15.859467] am335x-phy-driver 47401b00.usb-phy: dummy supplies not allowed for exclusive requests (id=vbus)
[   15.950780] wkup_m3_ipc 44e11324.wkup_m3_ipc: IPC Request for A8->M3 Channel failed! -517
[   16.335443] usbcore: registered new interface driver usbfs
[   16.341096] usbcore: registered new interface driver hub
[   16.346757] usbcore: registered new device driver usb
[   16.436342] wkup_m3_ipc 44e11324.wkup_m3_ipc: IPC Request for A8->M3 Channel failed! -517
[   17.118243] wkup_m3_ipc 44e11324.wkup_m3_ipc: IPC Request for A8->M3 Channel failed! -517
[   17.194635] musb-hdrc musb-hdrc.1: MUSB HDRC host driver
[   17.200055] musb-hdrc musb-hdrc.1: new USB bus registered, assigned bus number 1
[   17.225070] wkup_m3_ipc 44e11324.wkup_m3_ipc: IPC Request for A8->M3 Channel failed! -517
[   17.421662] usb usb1: New USB device found, idVendor=1d6b, idProduct=0002, bcdDevice= 6.14
[   17.430026] usb usb1: New USB device strings: Mfr=3, Product=2, SerialNumber=1
[   17.437415] usb usb1: Product: MUSB HDRC host driver
[   17.442718] usb usb1: Manufacturer: Linux 6.14.0-rc5-next-20250303 musb-hcd
[   17.449726] usb usb1: SerialNumber: musb-hdrc.1
[   17.543780] omap-mailbox 480c8000.mailbox: omap mailbox rev 0x400
[   17.628634] remoteproc remoteproc0: powering up wkup_m3
[   17.725300] tda998x 0-0070: found TDA19988
[   17.795547] remoteproc remoteproc0: Direct firmware load for am335x-pm-firmware.elf failed with error -2
[   17.806044] remoteproc remoteproc0: request_firmware failed: -2
[   17.812258] wkup_m3_ipc 44e11324.wkup_m3_ipc: rproc_boot failed
[   17.847444] hub 1-0:1.0: USB hub found
[   17.906562] hub 1-0:1.0: 1 port detected
[   19.427411] omap_rng 48310000.rng: Random Number Generator ver. 20
[   19.632887] tilcdc 4830e000.lcdc: bound 0-0070 (ops 0xbf0970f8)
[   19.705487] [drm] Initialized tilcdc 1.0.0 for 4830e000.lcdc on minor 0
[   19.794217] tilcdc 4830e000.lcdc: [drm] Cannot find any crtc or sizes
[   19.802516] tilcdc 4830e000.lcdc: [drm] Cannot find any crtc or sizes
[   20.696707] omap-sham 53100000.sham: hw accel on OMAP rev 4.3
[   20.781477] PM: Cannot get wkup_m3_ipc handle
[   20.855597] omap-sham 53100000.sham: will run requests pump with realtime priority
[   20.874467] PM: Cannot get wkup_m3_ipc handle
[   21.074597] omap-aes 53500000.aes: OMAP AES hw accel rev: 3.2
[   21.252988] omap-aes 53500000.aes: will run requests pump with realtime priority
[   21.264530] PM: Cannot get wkup_m3_ipc handle
[   24.793540] tda998x 0-0070: using DT '/ocp/interconnect@44c00000/segment@200000/target-module@b000/i2c@0/tda19988@70' for 'nxp,calib' GPIO lookup
[   24.793684] of_get_named_gpiod_flags: parsed 'nxp,calib-gpios' property of node '/ocp/interconnect@44c00000/segment@200000/target-module@b000/i2c@0/tda19988@70[0]' - status (0)
[   24.793768] gpio gpiochip0: Persistence not supported for GPIO 25
[   24.793784] gpio-537 (nxp,calib): no flags found for GPIO nxp,calib
[   24.811661] gpio-537 (nxp,calib): gpiod_direction_output_nonotify: tried to set a GPIO tied to an IRQ as output
[   24.851845] PM: Cannot get wkup_m3_ipc handle
[   24.857596] asoc-simple-card sound: using DT '/sound' for 'simple-audio-card,hp-det' GPIO lookup
[   24.857668] of_get_named_gpiod_flags: can't parse 'simple-audio-card,hp-det-gpios' property of node '/sound[0]'
[   24.857703] of_get_named_gpiod_flags: can't parse 'simple-audio-card,hp-det-gpio' property of node '/sound[0]'
[   24.857728] asoc-simple-card sound: using lookup tables for GPIO lookup
[   24.857742] asoc-simple-card sound: No GPIO consumer simple-audio-card,hp-det found
[   24.857757] asoc-simple-card sound: using DT '/sound' for 'simple-audio-card,mic-det' GPIO lookup
[   24.857782] of_get_named_gpiod_flags: can't parse 'simple-audio-card,mic-det-gpios' property of node '/sound[0]'
[   24.857807] of_get_named_gpiod_flags: can't parse 'simple-audio-card,mic-det-gpio' property of node '/sound[0]'
[   24.857827] asoc-simple-card sound: using lookup tables for GPIO lookup
[   24.857839] asoc-simple-card sound: No GPIO consumer simple-audio-card,mic-det found
[   24.863780] Bluetooth: Core ver 2.22
[   24.867615] NET: Registered PF_BLUETOOTH protocol family
[   24.873157] Bluetooth: HCI device and connection manager initialized
[   24.879770] Bluetooth: HCI socket layer initialized
[   24.884785] Bluetooth: L2CAP socket layer initialized
[   24.889906] Bluetooth: SCO socket layer initialized
[   25.020688] PM: Cannot get wkup_m3_ipc handle
[   25.118691] tda9950 0-0034: TDA9950 CEC interface, hardware version 3.3
[   25.198776] PM: Cannot get wkup_m3_ipc handle
[   28.508143] userial_init: registered 8 ttyGS* devices
[   28.695089] rndis_register: configNr = 0
[   28.754391] udc musb-hdrc.0: binding gadget driver [g_multi]
[   28.754491] configfs-gadget.g_multi gadget.0: adding 'rndis'/484bbb0b to config 'c'/dc053f30
[   28.755643] configfs-gadget.g_multi gadget.0: HOST MAC 1c:ba:8c:a2:ed:6c
[   28.762725] configfs-gadget.g_multi gadget.0: MAC 1c:ba:8c:a2:ed:70
[   28.769109] rndis_set_param_medium: 0 0
[   28.769130] configfs-gadget.g_multi gadget.0: RNDIS: IN/ep1in OUT/ep1out NOTIFY/ep2in
[   28.769147] configfs-gadget.g_multi gadget.0: adding 'cdc_ethernet'/59ce7717 to config 'c'/dc053f30
[   28.770188] configfs-gadget.g_multi gadget.0: HOST MAC 1c:ba:8c:a2:ed:6c
[   28.777065] configfs-gadget.g_multi gadget.0: MAC 1c:ba:8c:a2:ed:6d
[   28.783442] configfs-gadget.g_multi gadget.0: CDC Ethernet: IN/ep3in OUT/ep2out NOTIFY/ep4in
[   28.783461] configfs-gadget.g_multi gadget.0: adding 'acm'/0c7f2f04 to config 'c'/dc053f30
[   28.783498] configfs-gadget.g_multi gadget.0: acm ttyGS0: IN/ep5in OUT/ep3out NOTIFY/ep6in
[   28.791822] PM: Cannot get wkup_m3_ipc handle
[   30.547341] configfs-gadget.g_multi gadget.0: eth_open
[   35.037502] gs_open: ttyGS0 (a27ae6ac,a3630d5c)
[   35.037660] gs_close: ttyGS0 (a27ae6ac,a3630d5c) ...
[   35.037682] gs_close: ttyGS0 (a27ae6ac,a3630d5c) done!
[   35.050382] gs_open: ttyGS0 (44a20978,e95243fd)
[   35.050531] gs_close: ttyGS0 (44a20978,e95243fd) ...
[   35.050554] gs_close: ttyGS0 (44a20978,e95243fd) done!
[   35.221114] gs_open: ttyGS0 (77597757,a6004d28)
[   35.222011] gs_close: ttyGS0 (77597757,a6004d28) ...
[   35.222060] gs_close: ttyGS0 (77597757,a6004d28) done!
[   35.222692] gs_open: ttyGS0 (44a20978,a6004d28)
UOSPOMXOTJ 0
root@arm:~# echo 'UPKW''PTYHJP'
UPKWPTYHJP
root@arm:~# MARKER='QOUS''PNJFXA' run 'modprobe test_linear_ranges'
QOUSPNJFXAQOUSPNJFXA 0
root@arm:~# echo 'QQLE''WNWWPM'
QQLEWNWWPM
root@arm:~# MARKER='JHNY''XKJZEZ' run dmesg
JHNYXKJZEZ[    0.000000] Booting Linux on physical CPU 0x0
[    0.000000] Linux version 6.14.0-rc5-next-20250303 (user01@drvtest01) (arm-none-eabi-gcc (Arm GNU Toolchain 14.2.Rel1 (Build arm-14.52)) 14.2.1 20241119, GNU ld (Arm GNU Toolchain 14.2.Rel1 (Build arm-14.52)) 2.43.1.20241119) #1 SMP Mon Mar  3 10:45:16 EET 2025
[    0.000000] CPU: ARMv7 Processor [413fc082] revision 2 (ARMv7), cr=10c5387d
[    0.000000] CPU: PIPT / VIPT nonaliasing data cache, VIPT aliasing instruction cache
[    0.000000] OF: fdt: Machine model: TI AM335x BeagleBone Black
[    0.000000] Memory policy: Data cache writeback
[    0.000000] cma: Reserved 16 MiB at 0x9e800000 on node -1
[    0.000000] Zone ranges:
[    0.000000]   Normal   [mem 0x0000000080000000-0x000000009fdfffff]
[    0.000000]   HighMem  empty
[    0.000000] Movable zone start for each node
[    0.000000] Early memory node ranges
[    0.000000]   node   0: [mem 0x0000000080000000-0x000000009fdfffff]
[    0.000000] Initmem setup node 0 [mem 0x0000000080000000-0x000000009fdfffff]
[    0.000000] OF: reserved mem: Reserved memory: No reserved-memory node in the DT
[    0.000000] CPU: All CPU(s) started in SVC mode.
[    0.000000] AM335X ES2.1 (sgx neon)
[    0.000000] percpu: Embedded 17 pages/cpu s39692 r8192 d21748 u69632
[    0.000000] pcpu-alloc: s39692 r8192 d21748 u69632 alloc=17*4096
[    0.000000] pcpu-alloc: [0] 0 
[    0.000000] Kernel command line: console=ttyO0,115200n8 root=/dev/nfs rw nfsroot=192.168.255.126:/home/user01/nfs,nfsvers=3 ip=192.168.255.1:192.168.255.126::255.255.255.0:bbb1:eth0 nfsrootdebug
[    0.000000] Unknown kernel command line parameters "nfsrootdebug", will be passed to user space.
[    0.000000] printk: log buffer data + meta data: 65536 + 204800 = 270336 bytes
[    0.000000] Dentry cache hash table entries: 65536 (order: 6, 262144 bytes, linear)
[    0.000000] Inode-cache hash table entries: 32768 (order: 5, 131072 bytes, linear)
[    0.000000] Built 1 zonelists, mobility grouping on.  Total pages: 130560
[    0.000000] mem auto-init: stack:off, heap alloc:off, heap free:off
[    0.000000] SLUB: HWalign=16, Order=0-3, MinObjects=0, CPUs=1, Nodes=1
[    0.000000] rcu: Hierarchical RCU implementation.
[    0.000000] rcu: 	RCU event tracing is enabled.
[    0.000000] rcu: 	RCU restricting CPUs from NR_CPUS=2 to nr_cpu_ids=1.
[    0.000000] 	Tracing variant of Tasks RCU enabled.
[    0.000000] rcu: RCU calculated value of scheduler-enlistment delay is 10 jiffies.
[    0.000000] rcu: Adjusting geometry for rcu_fanout_leaf=16, nr_cpu_ids=1
[    0.000000] RCU Tasks Trace: Setting shift to 0 and lim to 1 rcu_task_cb_adjust=1 rcu_task_cpu_ids=1.
[    0.000000] NR_IRQS: 16, nr_irqs: 16, preallocated irqs: 16
[    0.000000] IRQ: Found an INTC at 0x(ptrval) (revision 5.0) with 128 interrupts
[    0.000000] rcu: srcu_init: Setting srcu_struct sizes based on contention.
[    0.000000] TI gptimer clocksource: always-on /ocp/interconnect@44c00000/segment@200000/target-module@31000
[    0.000002] sched_clock: 32 bits at 24MHz, resolution 41ns, wraps every 89478484971ns
[    0.000027] clocksource: dmtimer: mask: 0xffffffff max_cycles: 0xffffffff, max_idle_ns: 79635851949 ns
[    0.000504] TI gptimer clockevent: 24000000 Hz at /ocp/interconnect@48000000/segment@0/target-module@40000
[    0.002124] Console: colour dummy device 80x30
[    0.002189] WARNING: Your 'console=ttyO0' has been replaced by 'ttyS0'
[    0.002196] This ensures that you still see kernel messages. Please
[    0.002200] update your kernel commandline.
[    0.002243] Calibrating delay loop... 996.14 BogoMIPS (lpj=4980736)
[    0.090550] CPU: Testing write buffer coherency: ok
[    0.090668] CPU0: Spectre v2: using BPIALL workaround
[    0.090678] pid_max: default: 32768 minimum: 301
[    0.090834] LSM: initializing lsm=capability
[    0.091012] Mount-cache hash table entries: 1024 (order: 0, 4096 bytes, linear)
[    0.091032] Mountpoint-cache hash table entries: 1024 (order: 0, 4096 bytes, linear)
[    0.092625] CPU0: thread -1, cpu 0, socket -1, mpidr 0
[    0.092681] cacheinfo: Unable to detect cache hierarchy for CPU 0
[    0.160742] Setting up static identity map for 0x80100000 - 0x80100078
[    0.170703] rcu: Hierarchical SRCU implementation.
[    0.170713] rcu: 	Max phase no-delay instances is 1000.
[    0.190746] smp: Bringing up secondary CPUs ...
[    0.190800] smp: Brought up 1 node, 1 CPU
[    0.190813] SMP: Total of 1 processors activated (996.14 BogoMIPS).
[    0.190825] CPU: All CPU(s) started in SVC mode.
[    0.191019] Memory: 480832K/522240K available (11264K kernel code, 1213K rwdata, 2896K rodata, 1024K init, 287K bss, 23380K reserved, 16384K cma-reserved, 0K highmem)
[    0.191849] devtmpfs: initialized
[    0.208857] VFP support v0.3: implementor 41 architecture 3 part 30 variant c rev 3
[    0.209487] clocksource: jiffies: mask: 0xffffffff max_cycles: 0xffffffff, max_idle_ns: 19112604462750000 ns
[    0.209526] futex hash table entries: 256 (order: 2, 16384 bytes, linear)
[    0.211112] pinctrl core: initialized pinctrl subsystem
[    0.213824] NET: Registered PF_NETLINK/PF_ROUTE protocol family
[    0.216628] DMA: preallocated 256 KiB pool for atomic coherent allocations
[    0.217542] audit: initializing netlink subsys (disabled)
[    0.218923] thermal_sys: Registered thermal governor 'fair_share'
[    0.218937] thermal_sys: Registered thermal governor 'step_wise'
[    0.218944] thermal_sys: Registered thermal governor 'user_space'
[    0.219082] audit: type=2000 audit(0.210:1): state=initialized audit_enabled=0 res=1
[    0.219119] cpuidle: using governor menu
[    0.237040] /ocp/interconnect@44c00000/segment@200000/target-module@b000/i2c@0/tda19988@70: Fixed dependency cycle(s) with /ocp/interconnect@48000000/segment@300000/target-module@e000/lcdc@0
[    0.238149] /ocp/interconnect@48000000/segment@300000/target-module@e000/lcdc@0: Fixed dependency cycle(s) with /ocp/interconnect@44c00000/segment@200000/target-module@b000/i2c@0/tda19988@70
[    0.240312] No ATAGs?
[    0.240355] hw-breakpoint: debug architecture 0x4 unsupported.
[    0.243234] kprobes: kprobe jump-optimization is enabled. All kprobes are optimized if possible.
[    0.253915] iommu: Default domain type: Translated
[    0.253935] iommu: DMA domain TLB invalidation policy: strict mode
[    0.255546] reg-fixed-voltage fixedregulator0: using DT '/fixedregulator0' for '(default)' GPIO lookup
[    0.255599] of_get_named_gpiod_flags: can't parse 'gpios' property of node '/fixedregulator0[0]'
[    0.255628] of_get_named_gpiod_flags: can't parse 'gpio' property of node '/fixedregulator0[0]'
[    0.255646] reg-fixed-voltage fixedregulator0: using lookup tables for GPIO lookup
[    0.255656] reg-fixed-voltage fixedregulator0: No GPIO consumer (default) found
[    0.261483] SCSI subsystem initialized
[    0.261959] libata version 3.00 loaded.
[    0.262323] pps_core: LinuxPPS API ver. 1 registered
[    0.262333] pps_core: Software ver. 5.3.6 - Copyright 2005-2007 Rodolfo Giometti <giometti@linux.it>
[    0.262359] PTP clock support registered
[    0.270820] vgaarb: loaded
[    0.271175] clocksource: Switched to clocksource dmtimer
[    0.271836] VFS: Disk quotas dquot_6.6.0
[    0.271891] VFS: Dquot-cache hash table entries: 1024 (order 0, 4096 bytes)
[    0.296804] NET: Registered PF_INET protocol family
[    0.297145] IP idents hash table entries: 8192 (order: 4, 65536 bytes, linear)
[    0.298576] tcp_listen_portaddr_hash hash table entries: 512 (order: 0, 4096 bytes, linear)
[    0.298614] Table-perturb hash table entries: 65536 (order: 6, 262144 bytes, linear)
[    0.298633] TCP established hash table entries: 4096 (order: 2, 16384 bytes, linear)
[    0.298677] TCP bind hash table entries: 4096 (order: 4, 65536 bytes, linear)
[    0.298777] TCP: Hash tables configured (established 4096 bind 4096)
[    0.298893] UDP hash table entries: 256 (order: 1, 14336 bytes, linear)
[    0.298928] UDP-Lite hash table entries: 256 (order: 1, 14336 bytes, linear)
[    0.299108] NET: Registered PF_UNIX/PF_LOCAL protocol family
[    0.300356] RPC: Registered named UNIX socket transport module.
[    0.300377] RPC: Registered udp transport module.
[    0.300383] RPC: Registered tcp transport module.
[    0.300387] RPC: Registered tcp-with-tls transport module.
[    0.300392] RPC: Registered tcp NFSv4.1 backchannel transport module.
[    0.300414] PCI: CLS 0 bytes, default 64
[    0.301979] Initialise system trusted keyrings
[    0.312228] workingset: timestamp_bits=14 max_order=17 bucket_order=3
[    0.313576] NFS: Registering the id_resolver key type
[    0.313663] Key type id_resolver registered
[    0.313671] Key type id_legacy registered
[    0.313784] jffs2: version 2.2. (NAND) (SUMMARY)  Â© 2001-2006 Red Hat, Inc.
[    0.314198] Key type asymmetric registered
[    0.314213] Asymmetric key parser 'x509' registered
[    0.314275] io scheduler mq-deadline registered
[    0.314285] io scheduler kyber registered
[    0.314358] io scheduler bfq registered
[    0.315925] ledtrig-cpu: registered to indicate activity on CPUs
[    0.322086] Serial: 8250/16550 driver, 6 ports, IRQ sharing enabled
[    0.366342] brd: module loaded
[    0.385391] loop: module loaded
[    0.386316] mtdoops: mtd device (mtddev=name/number) must be supplied
[    0.388031] mdio_bus fixed-0: using lookup tables for GPIO lookup
[    0.388053] mdio_bus fixed-0: No GPIO consumer reset found
[    0.389408] i2c_dev: i2c /dev entries driver
[    0.390362] cpuidle: enable-method property 'ti,am3352' found operations
[    0.390821] sdhci: Secure Digital Host Controller Interface driver
[    0.390829] sdhci: Copyright(c) Pierre Ossman
[    0.391004] sdhci-pltfm: SDHCI platform and OF driver helper
[    0.392196] Initializing XFRM netlink socket
[    0.392368] NET: Registered PF_INET6 protocol family
[    0.407255] Segment Routing with IPv6
[    0.407351] In-situ OAM (IOAM) with IPv6
[    0.407451] sit: IPv6, IPv4 and MPLS over IPv4 tunneling driver
[    0.408404] NET: Registered PF_PACKET protocol family
[    0.408438] NET: Registered PF_KEY protocol family
[    0.408556] Key type dns_resolver registered
[    0.408788] ThumbEE CPU extension supported.
[    0.408807] Registering SWP/SWPB emulation handler
[    0.409351] omap_voltage_late_init: Voltage driver support not added
[    0.409696] SmartReflex Class3 initialized
[    0.440828] Loading compiled-in X.509 certificates
[    0.482735] /ocp/interconnect@44c00000/segment@200000/target-module@b000/i2c@0/tda19988@70: Fixed dependency cycle(s) with /ocp/interconnect@48000000/segment@300000/target-module@e000/lcdc@0
[    0.489100] /ocp/interconnect@44c00000/segment@200000/target-module@b000/i2c@0/tda19988@70: Fixed dependency cycle(s) with /ocp/interconnect@48000000/segment@300000/target-module@e000/lcdc@0
[    0.494788] gpiochip_find_base_unlocked: found new base at 512
[    0.519314] /ocp/interconnect@44c00000/segment@200000/target-module@b000/i2c@0/tda19988@70: Fixed dependency cycle(s) with /ocp/interconnect@48000000/segment@300000/target-module@e000/lcdc@0
[    0.520198] /ocp/interconnect@44c00000/segment@200000/target-module@b000/i2c@0/tda19988@70: Fixed dependency cycle(s) with /ocp/interconnect@48000000/segment@300000/target-module@e000/lcdc@0
[    0.523861] /ocp/interconnect@44c00000/segment@200000/target-module@10000/scm@0/pinmux@800: Fixed dependency cycle(s) with /ocp/interconnect@44c00000/segment@200000/target-module@10000/scm@0/pinmux@800/clkout2-pins
[    0.524456] pinctrl-single 44e10800.pinmux: 142 pins, size 568
[    0.529576] ti-sysc 44e31000.target-module: probe with driver ti-sysc failed with error -16
[    0.555225] /ocp/interconnect@48000000/segment@300000/target-module@e000/lcdc@0: Fixed dependency cycle(s) with /ocp/interconnect@44c00000/segment@200000/target-module@b000/i2c@0/tda19988@70
[    0.563240] ti-sysc 48040000.target-module: probe with driver ti-sysc failed with error -16
[    0.574421] gpiochip_find_base_unlocked: found new base at 512
[    0.574518] gpio gpiochip0: (gpio-0-31): created GPIO range 0->7 ==> 44e10800.pinmux PIN 0->7
[    0.574539] gpio gpiochip0: (gpio-0-31): created GPIO range 8->11 ==> 44e10800.pinmux PIN 90->93
[    0.574555] gpio gpiochip0: (gpio-0-31): created GPIO range 12->27 ==> 44e10800.pinmux PIN 12->27
[    0.574570] gpio gpiochip0: (gpio-0-31): created GPIO range 28->31 ==> 44e10800.pinmux PIN 30->33
[    0.599530] gpio gpiochip0: (gpio-0-31): added GPIO chardev (254:0)
[    0.599686] gpio gpiochip0: registered GPIOs 512 to 543 on gpio-0-31
[    0.599772] OMAP GPIO hardware version 0.1
[    0.632956] i2c i2c-2: using DT '/ocp/interconnect@48000000/segment@100000/target-module@9c000/i2c@0' for 'scl' GPIO lookup
[    0.633029] of_get_named_gpiod_flags: can't parse 'scl-gpios' property of node '/ocp/interconnect@48000000/segment@100000/target-module@9c000/i2c@0[0]'
[    0.633070] of_get_named_gpiod_flags: can't parse 'scl-gpio' property of node '/ocp/interconnect@48000000/segment@100000/target-module@9c000/i2c@0[0]'
[    0.633105] i2c i2c-2: using lookup tables for GPIO lookup
[    0.633115] i2c i2c-2: No GPIO consumer scl found
[    0.633137] i2c i2c-2: using DT '/ocp/interconnect@48000000/segment@100000/target-module@9c000/i2c@0' for 'sda' GPIO lookup
[    0.633172] of_get_named_gpiod_flags: can't parse 'sda-gpios' property of node '/ocp/interconnect@48000000/segment@100000/target-module@9c000/i2c@0[0]'
[    0.633208] of_get_named_gpiod_flags: can't parse 'sda-gpio' property of node '/ocp/interconnect@48000000/segment@100000/target-module@9c000/i2c@0[0]'
[    0.633239] i2c i2c-2: using lookup tables for GPIO lookup
[    0.633247] i2c i2c-2: No GPIO consumer sda found
[    0.633957] omap_i2c 4819c000.i2c: bus 2 rev0.11 at 100 kHz
[    0.639400] gpiochip_find_base_unlocked: found new base at 544
[    0.639500] gpio gpiochip1: (gpio-32-63): created GPIO range 0->17 ==> 44e10800.pinmux PIN 34->51
[    0.639520] gpio gpiochip1: (gpio-32-63): created GPIO range 18->21 ==> 44e10800.pinmux PIN 77->80
[    0.639536] gpio gpiochip1: (gpio-32-63): created GPIO range 22->31 ==> 44e10800.pinmux PIN 56->65
[    0.640312] gpio gpiochip1: (gpio-32-63): added GPIO chardev (254:1)
[    0.640443] gpio gpiochip1: registered GPIOs 544 to 575 on gpio-32-63
[    0.642840] gpiochip_find_base_unlocked: found new base at 576
[    0.642930] gpio gpiochip2: (gpio-64-95): created GPIO range 0->4 ==> 44e10800.pinmux PIN 66->70
[    0.642951] gpio gpiochip2: (gpio-64-95): created GPIO range 5->6 ==> 44e10800.pinmux PIN 98->99
[    0.642966] gpio gpiochip2: (gpio-64-95): created GPIO range 7->8 ==> 44e10800.pinmux PIN 75->76
[    0.642982] gpio gpiochip2: (gpio-64-95): created GPIO range 13->13 ==> 44e10800.pinmux PIN 141->141
[    0.642998] gpio gpiochip2: (gpio-64-95): created GPIO range 14->21 ==> 44e10800.pinmux PIN 100->107
[    0.643866] gpio gpiochip2: (gpio-64-95): added GPIO chardev (254:2)
[    0.644004] gpio gpiochip2: registered GPIOs 576 to 607 on gpio-64-95
[    0.649436] 48000000.interconnect:segment@200000:target-module@0:mpu@0:fck: device ID is greater than 24
[    0.650300] /ocp/interconnect@48000000/segment@300000/target-module@e000/lcdc@0: Fixed dependency cycle(s) with /ocp/interconnect@44c00000/segment@200000/target-module@b000/i2c@0/tda19988@70
[    0.653360] /ocp/interconnect@48000000/segment@300000/target-module@e000/lcdc@0: Fixed dependency cycle(s) with /ocp/interconnect@44c00000/segment@200000/target-module@b000/i2c@0/tda19988@70
[    0.654073] /ocp/interconnect@44c00000/segment@200000/target-module@b000/i2c@0/tda19988@70: Fixed dependency cycle(s) with /ocp/interconnect@48000000/segment@300000/target-module@e000/lcdc@0
[    0.654231] /ocp/interconnect@48000000/segment@300000/target-module@e000/lcdc@0: Fixed dependency cycle(s) with /ocp/interconnect@44c00000/segment@200000/target-module@b000/i2c@0/tda19988@70
[    0.663811] mdio_bus 4a101000.mdio: using DT '/ocp/interconnect@4a000000/segment@0/target-module@100000/switch@0/mdio@1000' for 'reset' GPIO lookup
[    0.663884] of_get_named_gpiod_flags: can't parse 'reset-gpios' property of node '/ocp/interconnect@4a000000/segment@0/target-module@100000/switch@0/mdio@1000[0]'
[    0.663933] of_get_named_gpiod_flags: can't parse 'reset-gpio' property of node '/ocp/interconnect@4a000000/segment@0/target-module@100000/switch@0/mdio@1000[0]'
[    0.663979] mdio_bus 4a101000.mdio: using lookup tables for GPIO lookup
[    0.663989] mdio_bus 4a101000.mdio: No GPIO consumer reset found
[    0.665277] sdhci-omap 481d8000.mmc: using DT '/ocp/interconnect@48000000/segment@100000/target-module@d8000/mmc@0' for 'wp' GPIO lookup
[    0.665340] of_get_named_gpiod_flags: can't parse 'wp-gpios' property of node '/ocp/interconnect@48000000/segment@100000/target-module@d8000/mmc@0[0]'
[    0.665384] of_get_named_gpiod_flags: can't parse 'wp-gpio' property of node '/ocp/interconnect@48000000/segment@100000/target-module@d8000/mmc@0[0]'
[    0.665418] sdhci-omap 481d8000.mmc: using lookup tables for GPIO lookup
[    0.665427] sdhci-omap 481d8000.mmc: No GPIO consumer wp found
[    0.665625] sdhci-omap 481d8000.mmc: supply pbias not found, using dummy regulator
[    0.666124] sdhci-omap 481d8000.mmc: supply vqmmc not found, using dummy regulator
[    0.714146] davinci_mdio 4a101000.mdio: davinci mdio revision 1.6, bus freq 1000000
[    0.735288] mdio_bus 4a101000.mdio:00: using DT '/ocp/interconnect@4a000000/segment@0/target-module@100000/switch@0/mdio@1000/ethernet-phy@0' for 'reset' GPIO lookup
[    0.735389] of_get_named_gpiod_flags: parsed 'reset-gpios' property of node '/ocp/interconnect@4a000000/segment@0/target-module@100000/switch@0/mdio@1000/ethernet-phy@0[0]' - status (0)
[    0.735551] gpio gpiochip0: Persistence not supported for GPIO 8
[    0.867970] davinci_mdio 4a101000.mdio: phy[0]: device 4a101000.mdio:00, driver SMSC LAN8710/LAN8720
[    0.868741] cpsw-switch 4a100000.switch: initialized cpsw ale version 1.4
[    0.868765] cpsw-switch 4a100000.switch: ALE Table size 1024, Policers 0
[    0.879298] cpsw-switch 4a100000.switch: cpts: overflow check period 500 (jiffies)
[    0.879320] cpsw-switch 4a100000.switch: CPTS: ref_clk_freq:250000000 calc_mult:2147483648 calc_shift:29 error:0 nsec/sec
[    0.879436] cpsw-switch 4a100000.switch: Detected MACID = 6c:ec:eb:68:de:78
[    0.881366] cpsw-switch 4a100000.switch: initialized (regs 0x4a100000, pool size 256) hw_ver:0019010C 1.12 (0)
[    0.892301] debugfs: Directory '49000000.dma' with parent 'dmaengine' already present!
[    0.892343] edma 49000000.dma: TI EDMA DMA engine driver
[    0.958114] target-module@4b000000:target-module@140000:pmu@0:fck: device ID is greater than 24
[    0.972305] hw perfevents: enabled with armv7_cortex_a8 PMU driver, 5 (8000000f) counters available
[    0.973244] gpio-clk clk_mcasp0: using DT '/clk_mcasp0' for 'enable' GPIO lookup
[    0.973309] of_get_named_gpiod_flags: parsed 'enable-gpios' property of node '/clk_mcasp0[0]' - status (0)
[    0.973354] gpio gpiochip0: Persistence not supported for GPIO 27
[    0.974173] gpiochip_find_base_unlocked: found new base at 608
[    0.974276] gpio gpiochip3: (gpio-96-127): created GPIO range 0->7 ==> 44e10800.pinmux PIN 82->89
[    0.974297] gpio gpiochip3: (gpio-96-127): created GPIO range 8->11 ==> 44e10800.pinmux PIN 52->55
[    0.974313] gpio gpiochip3: (gpio-96-127): created GPIO range 12->15 ==> 44e10800.pinmux PIN 94->97
[    0.974330] gpio gpiochip3: (gpio-96-127): created GPIO range 16->17 ==> 44e10800.pinmux PIN 71->72
[    0.974346] gpio gpiochip3: (gpio-96-127): created GPIO range 18->18 ==> 44e10800.pinmux PIN 135->135
[    0.974380] gpio gpiochip3: (gpio-96-127): created GPIO range 19->20 ==> 44e10800.pinmux PIN 108->109
[    0.974399] gpio gpiochip3: (gpio-96-127): created GPIO range 21->21 ==> 44e10800.pinmux PIN 73->73
[    0.974416] gpio gpiochip3: (gpio-96-127): created GPIO range 22->23 ==> 44e10800.pinmux PIN 8->9
[    0.974433] gpio gpiochip3: (gpio-96-127): created GPIO range 26->27 ==> 44e10800.pinmux PIN 10->11
[    0.974450] gpio gpiochip3: (gpio-96-127): created GPIO range 28->28 ==> 44e10800.pinmux PIN 74->74
[    0.974467] gpio gpiochip3: (gpio-96-127): created GPIO range 29->29 ==> 44e10800.pinmux PIN 81->81
[    0.974486] gpio gpiochip3: (gpio-96-127): created GPIO range 30->31 ==> 44e10800.pinmux PIN 28->29
[    0.980036] l3-aon-clkctrl:0000:0: failed to disable
[    0.980237] gpio gpiochip3: (gpio-96-127): added GPIO chardev (254:3)
[    0.980367] gpio gpiochip3: registered GPIOs 608 to 639 on gpio-96-127
[    0.982497] omap8250 44e09000.serial: using DT '/ocp/interconnect@44c00000/segment@200000/target-module@9000/serial@0' for 'rs485-term' GPIO lookup
[    0.982566] of_get_named_gpiod_flags: can't parse 'rs485-term-gpios' property of node '/ocp/interconnect@44c00000/segment@200000/target-module@9000/serial@0[0]'
[    0.982611] of_get_named_gpiod_flags: can't parse 'rs485-term-gpio' property of node '/ocp/interconnect@44c00000/segment@200000/target-module@9000/serial@0[0]'
[    0.982646] omap8250 44e09000.serial: using lookup tables for GPIO lookup
[    0.982657] omap8250 44e09000.serial: No GPIO consumer rs485-term found
[    0.982666] omap8250 44e09000.serial: using DT '/ocp/interconnect@44c00000/segment@200000/target-module@9000/serial@0' for 'rs485-rx-during-tx' GPIO lookup
[    0.982701] of_get_named_gpiod_flags: can't parse 'rs485-rx-during-tx-gpios' property of node '/ocp/interconnect@44c00000/segment@200000/target-module@9000/serial@0[0]'
[    0.982738] of_get_named_gpiod_flags: can't parse 'rs485-rx-during-tx-gpio' property of node '/ocp/interconnect@44c00000/segment@200000/target-module@9000/serial@0[0]'
[    0.982770] omap8250 44e09000.serial: using lookup tables for GPIO lookup
[    0.982777] omap8250 44e09000.serial: No GPIO consumer rs485-rx-during-tx found
[    0.983162] 44e09000.serial: ttyS0 at MMIO 0x44e09000 (irq = 34, base_baud = 3000000) is a 8250
[    0.983250] printk: legacy console [ttyS0] enabled
[    2.421677] i2c i2c-0: using DT '/ocp/interconnect@44c00000/segment@200000/target-module@b000/i2c@0' for 'scl' GPIO lookup
[    2.421766] of_get_named_gpiod_flags: can't parse 'scl-gpios' property of node '/ocp/interconnect@44c00000/segment@200000/target-module@b000/i2c@0[0]'
[    2.421812] of_get_named_gpiod_flags: can't parse 'scl-gpio' property of node '/ocp/interconnect@44c00000/segment@200000/target-module@b000/i2c@0[0]'
[    2.421851] i2c i2c-0: using lookup tables for GPIO lookup
[    2.421865] i2c i2c-0: No GPIO consumer scl found
[    2.421890] i2c i2c-0: using DT '/ocp/interconnect@44c00000/segment@200000/target-module@b000/i2c@0' for 'sda' GPIO lookup
[    2.421930] of_get_named_gpiod_flags: can't parse 'sda-gpios' property of node '/ocp/interconnect@44c00000/segment@200000/target-module@b000/i2c@0[0]'
[    2.421971] of_get_named_gpiod_flags: can't parse 'sda-gpio' property of node '/ocp/interconnect@44c00000/segment@200000/target-module@b000/i2c@0[0]'
[    2.422006] i2c i2c-0: using lookup tables for GPIO lookup
[    2.422017] i2c i2c-0: No GPIO consumer sda found
[    2.442118] tps65217-pmic: Failed to locate of_node [id: -1]
[    2.448169] tps65217-bl: Failed to locate of_node [id: -1]
[    2.459499] tps65217 0-0024: TPS65217 ID 0xe version 1.2
[    2.465629] /ocp/interconnect@48000000/segment@300000/target-module@e000/lcdc@0: Fixed dependency cycle(s) with /ocp/interconnect@44c00000/segment@200000/target-module@b000/i2c@0/tda19988@70
[    2.482985] /ocp/interconnect@44c00000/segment@200000/target-module@b000/i2c@0/tda19988@70: Fixed dependency cycle(s) with /ocp/interconnect@48000000/segment@300000/target-module@e000/lcdc@0
[    2.500357] omap_i2c 44e0b000.i2c: bus 0 rev0.11 at 400 kHz
[    2.508138] sdhci-omap 48060000.mmc: using DT '/ocp/interconnect@48000000/segment@0/target-module@60000/mmc@0' for 'cd' GPIO lookup
[    2.508245] of_get_named_gpiod_flags: parsed 'cd-gpios' property of node '/ocp/interconnect@48000000/segment@0/target-module@60000/mmc@0[0]' - status (0)
[    2.508312] gpio gpiochip3: Persistence not supported for GPIO 6
[    2.508335] omap_gpio 44e07000.gpio: Could not set line 6 debounce to 200000 microseconds (-22)
[    2.517214] sdhci-omap 48060000.mmc: Got CD GPIO
[    2.521896] sdhci-omap 48060000.mmc: using DT '/ocp/interconnect@48000000/segment@0/target-module@60000/mmc@0' for 'wp' GPIO lookup
[    2.521948] of_get_named_gpiod_flags: can't parse 'wp-gpios' property of node '/ocp/interconnect@48000000/segment@0/target-module@60000/mmc@0[0]'
[    2.521992] of_get_named_gpiod_flags: can't parse 'wp-gpio' property of node '/ocp/interconnect@48000000/segment@0/target-module@60000/mmc@0[0]'
[    2.522030] sdhci-omap 48060000.mmc: using lookup tables for GPIO lookup
[    2.522044] sdhci-omap 48060000.mmc: No GPIO consumer wp found
[    2.522252] sdhci-omap 48060000.mmc: supply pbias not found, using dummy regulator
[    2.530952] sdhci-omap 481d8000.mmc: using DT '/ocp/interconnect@48000000/segment@100000/target-module@d8000/mmc@0' for 'wp' GPIO lookup
[    2.531034] of_get_named_gpiod_flags: can't parse 'wp-gpios' property of node '/ocp/interconnect@48000000/segment@100000/target-module@d8000/mmc@0[0]'
