Labgrid Console Logfile for main
Logfile started at 2025-01-15 16:48:42.143014
=== Log starts here ===
reading args
spl_load_image_fat_os: error reading image args, err - -1
reading u-boot.img
reading u-boot.img


U-Boot 2014.04-00014-g47880f5 (Apr 22 2014 - 13:23:54)

I2C:   ready
DRAM:  512 MiB
NAND:  0 MiB
MMC:   OMAP SD/MMC: 0, OMAP SD/MMC: 1
*** Warning - readenv() failed, using default environment

Net:   <ethaddr> not set. Validating first E-fuse MAC
cpsw, usb_ether
Hit any key to stop autoboot:  1  0 
gpio: pin 53 (gpio 53) value is 1
mmc0 is current device
gpio: pin 54 (gpio 54) value is 1
SD/MMC found on device 0
reading uEnv.txt
569 bytes read in 3 ms (184.6 KiB/s)
gpio: pin 55 (gpio 55) value is 1
Loaded environment from uEnv.txt
Importing environment from mmc ...
Checking if uenvcmd is set ...
gpio: pin 56 (gpio 56) value is 1
Running uenvcmd ...
cpsw Waiting for PHY auto negotiation to complete. done
link up on port 0, speed 100, full duplex
Using cpsw device
TFTP from server 192.168.255.126; our IP address is 192.168.255.1
Filename 'zImage'.
Load address: 0x81000000
Loading: *#################################################################
	 #################################################################
	 #################################################################
	 #################################################################
	 #################################################################
	 ######################################################
	 2.4 MiB/s
done
Bytes transferred = 5560408 (54d858 hex)
link up on port 0, speed 100, full duplex
Using cpsw device
TFTP from server 192.168.255.126; our IP address is 192.168.255.1
Filename 'am335x-boneblack.dtb'.
Load address: 0x82000000
Loading: *#######
	 1.5 MiB/s
done
Bytes transferred = 98244 (17fc4 hex)
Kernel image @ 0x81000000 [ 0x000000 - 0x54d858 ]
## Flattened Device Tree blob at 82000000
   Booting using the fdt blob at 0x82000000
   Using Device Tree in place at 82000000, end 8201afc3

Starting kernel ...

[    0.000000] Booting Linux on physical CPU 0x0
[    0.000000] Linux version 6.13.0-rc7-next-20250115 (user01@drvtest01) (arm-none-eabi-gcc (Arm GNU Toolchain 14.2.Rel1 (Build arm-14.52)) 14.2.1 20241119, GNU ld (Arm GNU Toolchain 14.2.Rel1 (Build arm-14.52)) 2.43.1.20241119) #1 SMP Wed Jan 15 16:47:24 EET 2025
[    0.000000] CPU: ARMv7 Processor [413fc082] revision 2 (ARMv7), cr=10c5387d
[    0.000000] CPU: PIPT / VIPT nonaliasing data cache, VIPT aliasing instruction cache
[    0.000000] OF: fdt: Machine model: TI AM335x BeagleBone Black
[    0.000000] Memory policy: Data cache writeback
[    0.000000] cma: Reserved 16 MiB at 0x9e800000 on node -1
[    0.000000] Zone ranges:
[    0.000000]   Normal   [mem 0x0000000080000000-0x000000009fdfffff]
[    0.000000]   HighMem  empty
[    0.000000] Movable zone start for each node
[    0.000000] Early memory node ranges
[    0.000000]   node   0: [mem 0x0000000080000000-0x000000009fdfffff]
[    0.000000] Initmem setup node 0 [mem 0x0000000080000000-0x000000009fdfffff]
[    0.000000] OF: reserved mem: Reserved memory: No reserved-memory node in the DT
[    0.000000] CPU: All CPU(s) started in SVC mode.
[    0.000000] AM335X ES2.1 (sgx neon)
[    0.000000] percpu: Embedded 17 pages/cpu s39628 r8192 d21812 u69632
[    0.000000] Kernel command line: console=ttyO0,115200n8 root=/dev/nfs rw nfsroot=192.168.255.126:/home/user01/nfs,nfsvers=3 ip=192.168.255.1:192.168.255.126::255.255.255.0:bbb1:eth0 nfsrootdebug
[    0.000000] Unknown kernel command line parameters "nfsrootdebug", will be passed to user space.
[    0.000000] printk: log buffer data + meta data: 65536 + 204800 = 270336 bytes
[    0.000000] Dentry cache hash table entries: 65536 (order: 6, 262144 bytes, linear)
[    0.000000] Inode-cache hash table entries: 32768 (order: 5, 131072 bytes, linear)
[    0.000000] Built 1 zonelists, mobility grouping on.  Total pages: 130560
[    0.000000] mem auto-init: stack:off, heap alloc:off, heap free:off
[    0.000000] ------------[ cut here ]------------
[    0.000000] WARNING: CPU: 0 PID: 0 at arch/arm/kernel/cacheinfo.c:43 cache_line_size+0x84/0x98
[    0.000000] Modules linked in:
[    0.000000] CPU: 0 UID: 0 PID: 0 Comm: swapper Not tainted 6.13.0-rc7-next-20250115 #1
[    0.000000] Hardware name: Generic AM33XX (Flattened Device Tree)
[    0.000000] Call trace: 
[    0.000000]  unwind_backtrace from show_stack+0x10/0x14
[    0.000000]  show_stack from dump_stack_lvl+0x50/0x64
[    0.000000]  dump_stack_lvl from __warn+0x74/0x12c
[    0.000000]  __warn from warn_slowpath_fmt+0x118/0x1b0
[    0.000000]  warn_slowpath_fmt from cache_line_size+0x84/0x98
[    0.000000]  cache_line_size from create_boot_cache+0x70/0xf8
[    0.000000]  create_boot_cache from kmem_cache_init+0x64/0x134
[    0.000000]  kmem_cache_init from mm_core_init+0xb4/0xec
[    0.000000]  mm_core_init from start_kernel+0x3b4/0x67c
[    0.000000]  start_kernel from 0x0
[    0.000000] ---[ end trace 0000000000000000 ]---
[    0.000000] SLUB: HWalign=64, Order=0-3, MinObjects=0, CPUs=1, Nodes=1
[    0.000000] rcu: Hierarchical RCU implementation.
[    0.000000] rcu: 	RCU event tracing is enabled.
[    0.000000] rcu: 	RCU restricting CPUs from NR_CPUS=2 to nr_cpu_ids=1.
[    0.000000] 	Tracing variant of Tasks RCU enabled.
[    0.000000] rcu: RCU calculated value of scheduler-enlistment delay is 10 jiffies.
[    0.000000] rcu: Adjusting geometry for rcu_fanout_leaf=16, nr_cpu_ids=1
[    0.000000] RCU Tasks Trace: Setting shift to 0 and lim to 1 rcu_task_cb_adjust=1 rcu_task_cpu_ids=1.
[    0.000000] NR_IRQS: 16, nr_irqs: 16, preallocated irqs: 16
[    0.000000] IRQ: Found an INTC at 0x(ptrval) (revision 5.0) with 128 interrupts
[    0.000000] rcu: srcu_init: Setting srcu_struct sizes based on contention.
[    0.000000] TI gptimer clocksource: always-on /ocp/interconnect@44c00000/segment@200000/target-module@31000
[    0.000003] sched_clock: 32 bits at 24MHz, resolution 41ns, wraps every 89478484971ns
[    0.000026] clocksource: dmtimer: mask: 0xffffffff max_cycles: 0xffffffff, max_idle_ns: 79635851949 ns
[    0.000501] TI gptimer clockevent: 24000000 Hz at /ocp/interconnect@48000000/segment@0/target-module@40000
[    0.002119] Console: colour dummy device 80x30
[    0.002194] WARNING: Your 'console=ttyO0' has been replaced by 'ttyS0'
[    0.002204] This ensures that you still see kernel messages. Please
[    0.002208] update your kernel commandline.
[    0.002250] Calibrating delay loop... 996.14 BogoMIPS (lpj=4980736)
[    0.090545] CPU: Testing write buffer coherency: ok
[    0.090650] CPU0: Spectre v2: using BPIALL workaround
[    0.090660] pid_max: default: 32768 minimum: 301
[    0.090784] LSM: initializing lsm=capability
[    0.090954] Mount-cache hash table entries: 1024 (order: 0, 4096 bytes, linear)
[    0.090972] Mountpoint-cache hash table entries: 1024 (order: 0, 4096 bytes, linear)
[    0.092593] CPU0: thread -1, cpu 0, socket -1, mpidr 0
[    0.150913] Setting up static identity map for 0x80100000 - 0x80100078
[    0.160706] rcu: Hierarchical SRCU implementation.
[    0.160716] rcu: 	Max phase no-delay instances is 1000.
[    0.180735] smp: Bringing up secondary CPUs ...
[    0.180792] smp: Brought up 1 node, 1 CPU
[    0.180805] SMP: Total of 1 processors activated (996.14 BogoMIPS).
[    0.180817] CPU: All CPU(s) started in SVC mode.
[    0.180988] Memory: 480808K/522240K available (11264K kernel code, 1214K rwdata, 2908K rodata, 1024K init, 291K bss, 23384K reserved, 16384K cma-reserved, 0K highmem)
[    0.181820] devtmpfs: initialized
[    0.198139] VFP support v0.3: implementor 41 architecture 3 part 30 variant c rev 3
[    0.198480] clocksource: jiffies: mask: 0xffffffff max_cycles: 0xffffffff, max_idle_ns: 19112604462750000 ns
[    0.198515] futex hash table entries: 256 (order: 2, 16384 bytes, linear)
[    0.199763] pinctrl core: initialized pinctrl subsystem
[    0.202686] NET: Registered PF_NETLINK/PF_ROUTE protocol family
[    0.205454] DMA: preallocated 256 KiB pool for atomic coherent allocations
[    0.206337] audit: initializing netlink subsys (disabled)
[    0.207696] thermal_sys: Registered thermal governor 'fair_share'
[    0.207712] thermal_sys: Registered thermal governor 'step_wise'
[    0.207722] thermal_sys: Registered thermal governor 'user_space'
[    0.207863] audit: type=2000 audit(0.200:1): state=initialized audit_enabled=0 res=1
[    0.207899] cpuidle: using governor menu
[    0.225665] /ocp/interconnect@44c00000/segment@200000/target-module@b000/i2c@0/tda19988@70: Fixed dependency cycle(s) with /ocp/interconnect@48000000/segment@300000/target-module@e000/lcdc@0
[    0.226799] /ocp/interconnect@48000000/segment@300000/target-module@e000/lcdc@0: Fixed dependency cycle(s) with /ocp/interconnect@44c00000/segment@200000/target-module@b000/i2c@0/tda19988@70
[    0.228961] No ATAGs?
[    0.228982] hw-breakpoint: debug architecture 0x4 unsupported.
[    0.231799] kprobes: kprobe jump-optimization is enabled. All kprobes are optimized if possible.
[    0.243891] iommu: Default domain type: Translated
[    0.243914] iommu: DMA domain TLB invalidation policy: strict mode
[    0.251842] SCSI subsystem initialized
[    0.252698] pps_core: LinuxPPS API ver. 1 registered
[    0.252707] pps_core: Software ver. 5.3.6 - Copyright 2005-2007 Rodolfo Giometti <giometti@linux.it>
[    0.252729] PTP clock support registered
[    0.260811] vgaarb: loaded
[    0.261173] clocksource: Switched to clocksource dmtimer
[    0.261831] VFS: Disk quotas dquot_6.6.0
[    0.261876] VFS: Dquot-cache hash table entries: 1024 (order 0, 4096 bytes)
[    0.285393] NET: Registered PF_INET protocol family
[    0.285736] IP idents hash table entries: 8192 (order: 4, 65536 bytes, linear)
[    0.287139] tcp_listen_portaddr_hash hash table entries: 512 (order: 0, 4096 bytes, linear)
[    0.287173] Table-perturb hash table entries: 65536 (order: 6, 262144 bytes, linear)
[    0.287190] TCP established hash table entries: 4096 (order: 2, 16384 bytes, linear)
[    0.287233] TCP bind hash table entries: 4096 (order: 4, 65536 bytes, linear)
[    0.287332] TCP: Hash tables configured (established 4096 bind 4096)
[    0.287446] UDP hash table entries: 256 (order: 1, 14336 bytes, linear)
[    0.287480] UDP-Lite hash table entries: 256 (order: 1, 14336 bytes, linear)
[    0.287657] NET: Registered PF_UNIX/PF_LOCAL protocol family
[    0.288875] RPC: Registered named UNIX socket transport module.
[    0.288896] RPC: Registered udp transport module.
[    0.288901] RPC: Registered tcp transport module.
[    0.288906] RPC: Registered tcp-with-tls transport module.
[    0.288912] RPC: Registered tcp NFSv4.1 backchannel transport module.
[    0.288937] PCI: CLS 0 bytes, default 64
[    0.290307] Initialise system trusted keyrings
[    0.302003] workingset: timestamp_bits=14 max_order=17 bucket_order=3
[    0.303325] NFS: Registering the id_resolver key type
[    0.303405] Key type id_resolver registered
[    0.303413] Key type id_legacy registered
[    0.303466] jffs2: version 2.2. (NAND) (SUMMARY)  Â© 2001-2006 Red Hat, Inc.
[    0.303866] Key type asymmetric registered
[    0.303881] Asymmetric key parser 'x509' registered
[    0.303946] io scheduler mq-deadline registered
[    0.303955] io scheduler kyber registered
[    0.304022] io scheduler bfq registered
[    0.305604] ledtrig-cpu: registered to indicate activity on CPUs
[    0.308299] Serial: 8250/16550 driver, 6 ports, IRQ sharing enabled
[    0.365731] brd: module loaded
[    0.374229] loop: module loaded
[    0.375135] mtdoops: mtd device (mtddev=name/number) must be supplied
[    0.378177] i2c_dev: i2c /dev entries driver
[    0.379116] cpuidle: enable-method property 'ti,am3352' found operations
[    0.379552] sdhci: Secure Digital Host Controller Interface driver
[    0.379561] sdhci: Copyright(c) Pierre Ossman
[    0.379729] sdhci-pltfm: SDHCI platform and OF driver helper
[    0.380711] Initializing XFRM netlink socket
[    0.380855] NET: Registered PF_INET6 protocol family
[    0.396247] Segment Routing with IPv6
[    0.396338] In-situ OAM (IOAM) with IPv6
[    0.396432] sit: IPv6, IPv4 and MPLS over IPv4 tunneling driver
[    0.397371] NET: Registered PF_PACKET protocol family
[    0.397409] NET: Registered PF_KEY protocol family
[    0.397554] Key type dns_resolver registered
[    0.397785] ThumbEE CPU extension supported.
[    0.397803] Registering SWP/SWPB emulation handler
[    0.398348] omap_voltage_late_init: Voltage driver support not added
[    0.398711] SmartReflex Class3 initialized
[    0.415112] Loading compiled-in X.509 certificates
[    0.458605] OF: /ocp: Read of boolean property 'clocks' with a value.
[    0.461941] /ocp/interconnect@44c00000/segment@200000/target-module@b000/i2c@0/tda19988@70: Fixed dependency cycle(s) with /ocp/interconnect@48000000/segment@300000/target-module@e000/lcdc@0
[    0.462922] OF: /ocp/interconnect@44c00000: Read of boolean property 'clocks' with a value.
[    0.468213] /ocp/interconnect@44c00000/segment@200000/target-module@b000/i2c@0/tda19988@70: Fixed dependency cycle(s) with /ocp/interconnect@48000000/segment@300000/target-module@e000/lcdc@0
[    0.488213] /ocp/interconnect@44c00000/segment@200000/target-module@b000/i2c@0/tda19988@70: Fixed dependency cycle(s) with /ocp/interconnect@48000000/segment@300000/target-module@e000/lcdc@0
[    0.489065] /ocp/interconnect@44c00000/segment@200000/target-module@b000/i2c@0/tda19988@70: Fixed dependency cycle(s) with /ocp/interconnect@48000000/segment@300000/target-module@e000/lcdc@0
[    0.492736] /ocp/interconnect@44c00000/segment@200000/target-module@10000/scm@0/pinmux@800: Fixed dependency cycle(s) with /ocp/interconnect@44c00000/segment@200000/target-module@10000/scm@0/pinmux@800/clkout2-pins
[    0.493332] pinctrl-single 44e10800.pinmux: 142 pins, size 568
[    0.498358] ti-sysc 44e31000.target-module: probe with driver ti-sysc failed with error -16
[    0.533952] /ocp/interconnect@48000000/segment@300000/target-module@e000/lcdc@0: Fixed dependency cycle(s) with /ocp/interconnect@44c00000/segment@200000/target-module@b000/i2c@0/tda19988@70
[    0.534274] OF: /ocp/interconnect@48000000: Read of boolean property 'clocks' with a value.
[    0.541818] ti-sysc 48040000.target-module: probe with driver ti-sysc failed with error -16
[    0.589062] OMAP GPIO hardware version 0.1
[    0.623821] omap_i2c 4819c000.i2c: bus 2 rev0.11 at 100 kHz
[    0.638923] 48000000.interconnect:segment@200000:target-module@0:mpu@0:fck: device ID is greater than 24
[    0.639803] /ocp/interconnect@48000000/segment@300000/target-module@e000/lcdc@0: Fixed dependency cycle(s) with /ocp/interconnect@44c00000/segment@200000/target-module@b000/i2c@0/tda19988@70
[    0.642885] /ocp/interconnect@48000000/segment@300000/target-module@e000/lcdc@0: Fixed dependency cycle(s) with /ocp/interconnect@44c00000/segment@200000/target-module@b000/i2c@0/tda19988@70
[    0.643590] /ocp/interconnect@44c00000/segment@200000/target-module@b000/i2c@0/tda19988@70: Fixed dependency cycle(s) with /ocp/interconnect@48000000/segment@300000/target-module@e000/lcdc@0
[    0.643758] /ocp/interconnect@48000000/segment@300000/target-module@e000/lcdc@0: Fixed dependency cycle(s) w ith /ocp/interconnect@44c00000/segment@200000/target-module@b0 00/i2c@0/tda19988@70
[    0.647807] OF: /ocp/interconnect@4a0 00000: Read of boolean property 'clocks' with a value.
[    0 .654962] sdhci-omap 481d8000.mmc: supply pbias not found, usin g dummy 
[    2.502144] tps65217-pmic: Failed to locate of_node [id: -1]
[    2.502501] tps65217-bl: Failed to locate of_node [id: -1]
[    2.508049] tps65217 0-0024: TPS65217 ID 0xe version 1.2
[    2.508762] /ocp/interconnect@48000000/segment@300000/target-module@e000/lcdc@0: Fixed dependency cycle(s) with /ocp/interconnect@44c00000/segment@200000/target-module@b000/i2c@0/tda19988@70
[    2.509003] /ocp/interconnect@44c00000/segment@200000/target-module@b000/i2c@0/tda19988@70: Fixed dependency cycle(s) with /ocp/interconnect@48000000/segment@300000/target-module@e000/lcdc@0
[    2.509291] omap_i2c 44e0b000.i2c: bus 0 rev0.11 at 400 kHz
[    2.511624] omap_gpio 44e07000.gpio: Could not set line 6 debounce to 200000 microseconds (-22)
[    2.511638] sdhci-omap 48060000.mmc: Got CD GPIO
[    2.511975] sdhci-omap 48060000.mmc: supply pbias not found, using dummy regulator
[    2.513694] sdhci-omap 48060000.mmc: supply vqmmc not found, using dummy regulator
[    2.514846] sdhci-omap 481d8000.mmc: supply pbias not found, using dummy regulator
[    2.515272] sdhci-omap 481d8000.mmc: supply vqmmc not found, using dummy regulator
[    2.644372] mmc1: SDHCI controller on 481d8000.mmc [481d8000.mmc] using External DMA
[    2.644913] mmc0: SDHCI controller on 48060000.mmc [48060000.mmc] using External DMA
[    2.645858] cpsw-switch 4a100000.switch: starting ndev. mode: dual_mac
[    2.710318] mmc0: new high speed SDHC card at address 5048
[    2.717494] mmcblk0: mmc0:5048 SD16G 14.4 GiB
[    2.721083]  mmcblk0: p1 p2
[    2.729219] mmcblk0: p2 size 31221760 extends beyond EOD, truncated
[    2.739398] mmc1: new high speed MMC card at address 0001
[    2.740683] mmcblk1: mmc1:0001 MMC04G 3.60 GiB
[    2.753897]  mmcblk1: p1 p2
[    2.754378] SMSC LAN8710/LAN8720 4a101000.mdio:00: attached PHY driver (mii_bus:phy_addr=4a101000.mdio:00, irq=POLL)
[    2.756372] mmcblk1boot0: mmc1:0001 MMC04G 2.00 MiB
[    2.782023] mmcblk1boot1: mmc1:0001 MMC04G 2.00 MiB
[    2.784196] mmcblk1rpmb: mmc1:0001 MMC04G 128 KiB, chardev (250:0)
[    5.921955] cpsw-switch 4a100000.switch eth0: Link is Up - 100Mbps/Full - flow control off
[    5.961263] IP-Config: Complete:
[    5.961285]      device=eth0, hwaddr=6c:ec:eb:68:de:78, ipaddr=192.168.255.1, mask=255.255.255.0, gw=255.255.255.255
[    5.961310]      host=bbb1, domain=, nis-domain=(none)
[    5.961317]      bootserver=192.168.255.126, rootserver=192.168.255.126, rootpath=
[    5.961730] clk: Disabling unused clocks
[    5.961936] PM: genpd: Disabling unused power domains
[    5.961975] KTAP version 1
[    5.961981] 1..0
[    6.023859] VFS: Mounted root (nfs filesystem) on device 0:17.
[    6.024755] devtmpfs: mounted
[    6.026212] Freeing unused kernel image (initmem) memory: 1024K
[    6.026866] Run /sbin/init as init process
[    6.733773] systemd[1]: System time before build time, advancing clock.
[    8.221193] random: crng init done

Welcome to [1mDebian GNU/Linux 9 (stretch)[0m!

[    8.252500] systemd[1]: systemd 232 running in system mode. (+PAM +AUDIT +SELINUX +IMA +APPARMOR +SMACK +SYSVINIT +UTMP +LIBCRYPTSETUP +GCRYPT +GNUTLS +ACL +XZ +LZ4 +SECCOMP +BLKID +ELFUTILS +KMOD +IDN)
[    8.253214] systemd[1]: Detected architecture arm.
[    8.289588] systemd[1]: Set hostname to <arm>.
[[0;32m  OK  [0m] Started Forward Password Requests to Wall Di[    9.379218] systemd[1]: Started Forward Password Requests to Wall Directory Watch.
rectory Watch.
[[0;32m  OK  [0m] Started Dispatch Password Requests to Console Directory Watch.
[    9.412113] systemd[1]: Started Dispatch Password Requests to Console Directory Watch.
[[0;32m  OK  [0m] Listening on udev Kernel Socket.
[    9.431903] systemd[1]: Listening on udev Kernel Socket.
[[0;32m  OK  [0m] Listening on Journal Socket (/dev/log).
[    9.453244] systemd[1]: Listening on Journal Socket (/dev/log).
[[0;32m  OK  [0m] Listening on Journal Socket.
[    9.472104] systemd[1]: Listening on Journal Socket.
[[0;32m  OK  [0m] Created slice User and Session Slice.
[    9.492788] systemd[1]: Created slice User and Session Slice.
[[0;32m  OK  [0m] Reached target Encrypted Volumes.
[    9.511615] systemd[1]: Reached target Encrypted Volumes.
[[0;32m  OK  [0m] Listening on Syslog Socket.
[[0;32m  OK  [0m] Reached target Swap.
[[0;32m  OK  [0m] Reached target Paths.
[[0;32m  OK  [0m] Created slice System Slice.
         Mounting POSIX Message Queue File System...
         Mounting Debug File System...
         Starting Remount Root and Kernel File Systems...
[[0;32m  OK  [0m] Created slice system-serial\x2dgetty.slice.
[[0;32m  OK  [0m] Created slice system-getty.slice.
         Starting Create list of required stâ€¦ce nodes for the current kernel...
[[0;32m  OK  [0m] Reached target Remote File Systems.
         Starting Load Kernel Modules...
[[0;32m  OK  [0m] Listening on /dev/initctl Compatibility Named Pipe.
[[0;32m  OK  [0m] Set up automount Arbitrary Executabâ€¦rmats File System Automount Point.
[[0;32m  OK  [0m] Listening on Journal Audit Socket.
         Starting Journal Service...
[[0;32m  OK  [0m] Listening on udev Control Socket.
[[0;32m  OK  [0m] Reached target Slices.
[[0;32m  OK  [0m] Mounted POSIX Message Queue File System.
[[0;32m  OK  [0m] Mounted Debug File System.
[[0;32m  OK  [0m] Started Remount Root and Kernel File Systems.
[[0;32m  OK  [0m] Started Create list of required staâ€¦vice nodes for the current kernel.
[[0;32m  OK  [0m] Started Load Kernel Modules.
         Mounting Configuration File System...
         Starting Apply Kernel Variables...
         Starting Create Static Device Nodes in /dev...
         Starting Load/Save Random Seed...
         Starting udev Coldplug all Devices...
[[0;32m  OK  [0m] Mounted Configuration File System.
[[0;32m  OK  [0m] Started Apply Kernel Variables.
[[0;32m  OK  [0m] Started Load/Save Random Seed.
[[0;32m  OK  [0m] Started Create Static Device Nodes in /dev.
[[0;32m  OK  [0m] Reached target Local File Systems (Pre).
[[0;32m  OK  [0m] Reached target Local File Systems.
         Starting Raise network interfaces...
         Starting udev Kernel Device Manager...
[[0;32m  OK  [0m] Started Journal Service.
         Starting Flush Journal to Persistent Storage...
[   11.715148] systemd-journald[89]: Received request to flush runtime journal from PID 1
[[0;32m  OK  [0m] Started Flush Journal to Persistent Storage.
         Starting Create Volatile Files and Directories...
[[0;32m  OK  [0m] Started udev Kernel Device Manager.
[[0;32m  OK  [0m] Started Create Volatile Files and Directories.
         Starting Network Time Synchronization...
         Starting Update UTMP about System Boot/Shutdown...
[[0;32m  OK  [0m] Started Update UTMP about System Boot/Shutdown.
[[0;32m  OK  [0m] Started udev Coldplug all Devices.
[   14.734468] remoteproc remoteproc0: wkup_m3 is available
[[0;32m  OK  [0m] Started Network Time Synchronization.
[   15.058085] at24 2-0054: supply vcc not found, using dummy regulator
[   15.115634] at24 2-0055: supply vcc not found, using dummy regulator
[   15.152940] at24 2-0056: supply vcc not found, using dummy regulator
[   15.191922] at24 2-0057: supply vcc not found, using dummy regulator
[   15.293086] at24 0-0050: 32768 byte 24c256 EEPROM, writable, 1 bytes/write
[   15.490671] tps6521x_pwrbutton tps65217-pwrbutton: DMA mask not set
[   15.517484] input: tps65217_pwrbutton as /devices/platform/ocp/44c00000.interconnect/44c00000.interconnect:segment@200000/44e0b000.target-module/44e0b000.i2c/i2c-0/0-0024/tps65217-pwrbutton/input/input0
[[0;32m  OK  [0m] Found device /dev/ttyS0.
[   15.664506] wkup_m3_ipc 44e11324.wkup_m3_ipc: IPC Request for A8->M3 Channel failed! -517
[   15.760351] omap_rtc 44e3e000.rtc: registered as rtc0
[   15.760495] omap_rtc 44e3e000.rtc: setting system clock to 2000-01-01T00:00:00 UTC (946684800)
[   15.763044] wkup_m3_ipc 44e11324.wkup_m3_ipc: IPC Request for A8->M3 Channel failed! -517
[[0;32m  OK  [0m] Reached target System Time Synchronized.
[[0;32m  OK  [0m] Reached target System Initialization.
[[0;32m  OK  [0m] Started Daily Cleanup of Temporary Directori[   15.876324] omap_wdt: OMAP Watchdog Timer Rev 0x01: initial timeout 60 sec
es.
[   15.883014] wkup_m3_ipc 44e11324.wkup_m3_ipc: IPC Request for A8->M3 Channel failed! -517
[   15.939126] wkup_m3_ipc 44e11324.wkup_m3_ipc: IPC Request for A8->M3 Channel failed! -517
[[0;32m  OK  [0m] Listening on D-Bus System Message Bus Socket.
[[0;32m  OK  [0m] Listening on Avahi mDNS/DNS-SD Stack Activation Socket.
[[0;32m  OK  [0m] Reached target Sockets.
[[0;32m  OK  [0m] Reached target Basic System.[   16.306268] am335x-phy-driver 47401300.usb-phy: dummy supplies not allowed for exclusive requests (id=vbus)

         Starting System Logging Service...
[   16.533031] usbcore: registered new interface driver usbfs
[   16.533157] usbcore: registered new interface driver hub
[   16.533265] usbcore: registered new device driver usb
         Starting Login Service...
[   16.656062] tda998x 0-0070: found TDA19988
[   16.658751] am335x-phy-driver 47401b00.usb-phy: dummy supplies not allowed for exclusive requests (id=vbus)
[   16.660142] wkup_m3_ipc 44e11324.wkup_m3_ipc: IPC Request for A8->M3 Channel failed! -517
         Starting Telephony service...
[   16.691808] wkup_m3_ipc 44e11324.wkup_m3_ipc: IPC Request for A8->M3 Channel failed! -517
[   16.715297] wkup_m3_ipc 44e11324.wkup_m3_ipc: IPC Request for A8->M3 Channel failed! -517
         Starting DUN service...
         Starting Cape Manager Service...
[[0;32m  OK  [0m] Started D-Bus System Message Bus.
[   17.284307] wkup_m3_ipc 44e11324.wkup_m3_ipc: IPC Request for A8->M3 Channel failed! -517
[   17.412239] musb-hdrc musb-hdrc.1: MUSB HDRC host driver
[   17.412318] musb-hdrc musb-hdrc.1: new USB bus registered, assigned bus number 1
[   17.416416] wkup_m3_ipc 44e11324.wkup_m3_ipc: IPC Request for A8->M3 Channel failed! -517
[   17.498360] usb usb1: New USB device found, idVendor=1d6b, idProduct=0002, bcdDevice= 6.13
[   17.498404] usb usb1: New USB device strings: Mfr=3, Product=2, SerialNumber=1
[   17.498415] usb usb1: Product: MUSB HDRC host driver
[   17.498424] usb usb1: Manufacturer: Linux 6.13.0-rc7-next-20250115 musb-hcd
[   17.498433] usb usb1: SerialNumber: musb-hdrc.1
[   17.557977] hub 1-0:1.0: USB hub found
[   17.565230] hub 1-0:1.0: 1 port detected
[   17.591526] wkup_m3_ipc 44e11324.wkup_m3_ipc: IPC Request for A8->M3 Channel failed! -517
[   17.646666] wkup_m3_ipc 44e11324.wkup_m3_ipc: IPC Request for A8->M3 Channel failed! -517
[   17.866291] omap-mailbox 480c8000.mailbox: omap mailbox rev 0x400
 [   17.955384] remoteproc remoteproc0: powering up wkup_m3
[    18.038105] remoteproc remoteproc0: Direct firmware load for  am335x-pm-firmware.elf failed with error -2
[   18.038164] re moteproc remoteproc0: request_firmware failed: -2
[   18.0381 79] wkup
[[0;32m  OK  [0m] Started DUN service.
[[0;32m  OK  [0m] Started Telephony service.
[   21.074722] PM: Cannot get wkup_m3_ipc handle
         Starting Connection service...
         Starting Generic Board Startup...
[   21.250891] omap-sham 53100000.sham: hw accel on OMAP rev 4.3
[   21.315081] omap-sham 53100000.sham: will run requests pump with realtime priority
[   21.317542] PM: Cannot get wkup_m3_ipc handle
         Starting LSB: Start busybox udhcpd at boot time...
[   21.414641] omap-aes 53500000.aes: OMAP AES hw accel rev: 3.2
[   21.444081] omap-aes 53500000.aes: will run requests pump with realtime priority
[   21.460142] PM: Cannot get wkup_m3_ipc handle
[[0;32m  OK  [0m] Started Regular background program processing daemon.
         Starting LSB: Load kernel modules needed to enable cpufreq scaling...
         Starting Avahi mDNS/DNS-SD Stack...
[[0;32m  OK  [0m] Started Daily apt download activities.
[[0;32m  OK  [0m] Started Daily apt upgrade and clean activities.
[[0;32m  OK  [0m] Reached target Timers.
[[0;32m  OK  [0m] Started System Logging Service.
[[0;32m  OK  [0m] Started Cape Manager Service.
[   23.070082] Bluetooth: Core ver 2.22
[   23.070297] NET: Registered PF_BLUETOOTH protocol family
[   23.070309] Bluetooth: HCI device and connection manager initialized
[   23.070337] Bluetooth: HCI socket layer initialized
[   23.070351] Bluetooth: L2CAP socket layer initialized
[   23.070384] Bluetooth: SCO socket layer initialized
[   25.079165] PM: Cannot get wkup_m3_ipc handle
[   25.079958] OF: /sound: Read of boolean property 'simple-audio-card,bitclock-master' with a value.
[   25.080167] OF: /sound: Read of boolean property 'simple-audio-card,frame-master' with a value.
[   25.342756] PM: Cannot get wkup_m3_ipc handle
[[0;32m  OK  [0m] Started Raise network interfaces.
[[0;32m  OK  [0m] Started LSB: Start busybox udhcpd at boot time.
[[0;32m  OK  [0m] Started LSB: Load kernel modules needed to enable cpufreq scaling.
[   29.027226] configfs-gadget.g_multi gadget.0: HOST MAC 1c:ba:8c:a2:ed:6c
[   29.027256] configfs-gadget.g_multi gadget.0: MAC 1c:ba:8c:a2:ed:70
[   29.028195] configfs-gadget.g_multi gadget.0: HOST MAC 1c:ba:8c:a2:ed:6c
[   29.028216] configfs-gadget.g_multi gadget.0: MAC 1c:ba:8c:a2:ed:6d
[   29.065742] PM: Cannot get wkup_m3_ipc handle
[[0;32m  OK  [0m] Started Connection service.
[[0;32m  OK  [0m] Started Avahi mDNS/DNS-SD Stack.
[[0;32m  OK  [0m] Started Login Service.
[[0;32m  OK  [0m] Reached target Sound Card.
         Starting LSB: set CPUFreq kernel parameters...
[[0;32m  OK  [0m] Reached target Network.
         Starting The Apache HTTP Server...
         Starting OpenBSD Secure Shell server...
         Starting Permit User Sessions...
[[0;32m  OK  [0m] Reached target Network is Online.
         Starting LSB: Advanced IEEE 802.11 management daemon...
[[0;32m  OK  [0m] Started LSB: Advanced IEEE 802.11 management daemon.
[[0;32m  OK  [0m] Started Permit User Sessions.
         Starting Hostname Service...
         Starting WPA supplicant...
[[0;32m  OK  [0m] Started Getty on tty1.
[[0;32m  OK  [0m] Started Serial Getty on ttyS0.
[[0;32m  OK  [0m] Reached target Login Prompts.
[[0;32m  OK  [0m] Started LSB: set CPUFreq kernel parameters.
[[0;32m  OK  [0m] Started Hostname Service.
[[0;32m  OK  [0m] Started WPA supplicant.
[[0;32m  OK  [0m] Started OpenBSD Secure Shell server.
         Stopping LSB: Start busybox udhcpd at boot time...
[[0;32m  OK  [0m] Stopped LSB: Start busybox udhcpd at boot time.
[[0;32m  OK  [0m] Started The Apache HTTP Server.
         Starting dnsmasq - A lightweight DHCP and caching DNS server...
[[0;32m  OK  [0m] Started dnsmasq - A lightweight DHCP and caching DNS server.
[[0;32m  OK  [0m] Reached target Host and Network Name Lookups.
[[0;32m  OK  [0m] Started Serial Getty on ttyGS0.
[[0;32m  OK  [0m] Started Generic Board Startup.
[[0;32m  OK  [0m] Reached target Multi-User System.
[[0;32m  OK  [0m] Reached target Graphical Interface.
         Starting Update UTMP about System Runlevel Changes...
[[0;32m  OK  [0m] Started Update UTMP about System Runlevel Changes.

Debian GNU/Linux 9 arm ttyS0

default username:password is [debian:temppwd]

arm login: root
Password: 
Last login: Sat Jan  1 00:00:32 UTC 2000 on ttyS0
root
Linux arm 6.13.0-rc7-next-20250115 #1 SMP Wed Jan 15 16:47:24 EET 2025 armv7l

The programs included with the Debian GNU/Linux system are free software;
the exact distribution terms for each program are described in the
individual files in /usr/share/doc/*/copyright.

Debian GNU/Linux comes with ABSOLUTELY NO WARRANTY, to the extent
permitted by applicable law.
root@arm:~# root
-bash: root: command not found
root@arm:~# dmesg -n 1
root@arm:~# echo 'ELPU''JGYPAK'
ELPUJGYPAK
root@arm:~# run() { echo -n "$MARKER"; sh -c "$@"; echo "$MARKER $?"; }
root@arm:~# echo 'HJVA''BNUESV'
HJVABNUESV
root@arm:~# MARKER='MNOB''BCMPTH' run 'cat /proc/version'
MNOBBCMPTHLinux version 6.13.0-rc7-next-20250115 (user01@drvtest01) (arm-none-eabi-gcc (Arm GNU Toolchain 14.2.Rel1 (Build arm-14.52)) 14.2.1 20241119, GNU ld (Arm GNU Toolchain 14.2.Rel1 (Build arm-14.52)) 2.43.1.20241119) #1 SMP Wed Jan 15 16:47:24 EET 2025
MNOBBCMPTH 0
root@arm:~# echo 'ZUNB''XLWQGA'
ZUNBXLWQGA
root@arm:~# MARKER='WYWO''APQYGK' run false
WYWOAPQYGKWYWOAPQYGK 1
root@arm:~# Labgrid Console Logfile for main
Logfile started at 2025-01-15 16:49:44.219371
=== Log starts here ===

root@arm:~# run() { echo -n "$MARKER"; sh -c "$@"; echo "$MARKER $?"; }
root@arm:~# echo 'JXBV''BOJJGU'
JXBVBOJJGU
root@arm:~# MARKER='UOOS''ZCLQTY' run 'ls /iio_generic_buffer; echo $?'
UOOSZCLQTY/iio_generic_buffer
0
UOOSZCLQTY 0
root@arm:~# Labgrid Console Logfile for main
Logfile started at 2025-01-15 16:49:47.594166
=== Log starts here ===

root@arm:~# run() { echo -n "$MARKER"; sh -c "$@"; echo "$MARKER $?"; }
root@arm:~# echo 'JLJV''ZVVQFE'
JLJVZVVQFE
root@arm:~# MARKER='MWWT''HFAVXT' run dmesg
MWWTHFAVXT[    0.000000] Booting Linux on physical CPU 0x0
[    0.000000] Linux version 6.13.0-rc7-next-20250115 (user01@drvtest01) (arm-none-eabi-gcc (Arm GNU Toolchain 14.2.Rel1 (Build arm-14.52)) 14.2.1 20241119, GNU ld (Arm GNU Toolchain 14.2.Rel1 (Build arm-14.52)) 2.43.1.20241119) #1 SMP Wed Jan 15 16:47:24 EET 2025
[    0.000000] CPU: ARMv7 Processor [413fc082] revision 2 (ARMv7), cr=10c5387d
[    0.000000] CPU: PIPT / VIPT nonaliasing data cache, VIPT aliasing instruction cache
[    0.000000] OF: fdt: Machine model: TI AM335x BeagleBone Black
[    0.000000] Memory policy: Data cache writeback
[    0.000000] cma: Reserved 16 MiB at 0x9e800000 on node -1
[    0.000000] Zone ranges:
[    0.000000]   Normal   [mem 0x0000000080000000-0x000000009fdfffff]
[    0.000000]   HighMem  empty
[    0.000000] Movable zone start for each node
[    0.000000] Early memory node ranges
[    0.000000]   node   0: [mem 0x0000000080000000-0x000000009fdfffff]
[    0.000000] Initmem setup node 0 [mem 0x0000000080000000-0x000000009fdfffff]
[    0.000000] OF: reserved mem: Reserved memory: No reserved-memory node in the DT
[    0.000000] CPU: All CPU(s) started in SVC mode.
[    0.000000] AM335X ES2.1 (sgx neon)
[    0.000000] percpu: Embedded 17 pages/cpu s39628 r8192 d21812 u69632
[    0.000000] pcpu-alloc: s39628 r8192 d21812 u69632 alloc=17*4096
[    0.000000] pcpu-alloc: [0] 0 
[    0.000000] Kernel command line: console=ttyO0,115200n8 root=/dev/nfs rw nfsroot=192.168.255.126:/home/user01/nfs,nfsvers=3 ip=192.168.255.1:192.168.255.126::255.255.255.0:bbb1:eth0 nfsrootdebug
[    0.000000] Unknown kernel command line parameters "nfsrootdebug", will be passed to user space.
[    0.000000] printk: log buffer data + meta data: 65536 + 204800 = 270336 bytes
[    0.000000] Dentry cache hash table entries: 65536 (order: 6, 262144 bytes, linear)
[    0.000000] Inode-cache hash table entries: 32768 (order: 5, 131072 bytes, linear)
[    0.000000] Built 1 zonelists, mobility grouping on.  Total pages: 130560
[    0.000000] mem auto-init: stack:off, heap alloc:off, heap free:off
[    0.000000] ------------[ cut here ]------------
[    0.000000] WARNING: CPU: 0 PID: 0 at arch/arm/kernel/cacheinfo.c:43 cache_line_size+0x84/0x98
[    0.000000] Modules linked in:
[    0.000000] CPU: 0 UID: 0 PID: 0 Comm: swapper Not tainted 6.13.0-rc7-next-20250115 #1
[    0.000000] Hardware name: Generic AM33XX (Flattened Device Tree)
[    0.000000] Call trace: 
[    0.000000]  unwind_backtrace from show_stack+0x10/0x14
[    0.000000]  show_stack from dump_stack_lvl+0x50/0x64
[    0.000000]  dump_stack_lvl from __warn+0x74/0x12c
[    0.000000]  __warn from warn_slowpath_fmt+0x118/0x1b0
[    0.000000]  warn_slowpath_fmt from cache_line_size+0x84/0x98
[    0.000000]  cache_line_size from create_boot_cache+0x70/0xf8
[    0.000000]  create_boot_cache from kmem_cache_init+0x64/0x134
[    0.000000]  kmem_cache_init from mm_core_init+0xb4/0xec
[    0.000000]  mm_core_init from start_kernel+0x3b4/0x67c
[    0.000000]  start_kernel from 0x0
[    0.000000] ---[ end trace 0000000000000000 ]---
[    0.000000] SLUB: HWalign=64, Order=0-3, MinObjects=0, CPUs=1, Nodes=1
[    0.000000] rcu: Hierarchical RCU implementation.
[    0.000000] rcu: 	RCU event tracing is enabled.
[    0.000000] rcu: 	RCU restricting CPUs from NR_CPUS=2 to nr_cpu_ids=1.
[    0.000000] 	Tracing variant of Tasks RCU enabled.
[    0.000000] rcu: RCU calculated value of scheduler-enlistment delay is 10 jiffies.
[    0.000000] rcu: Adjusting geometry for rcu_fanout_leaf=16, nr_cpu_ids=1
[    0.000000] RCU Tasks Trace: Setting shift to 0 and lim to 1 rcu_task_cb_adjust=1 rcu_task_cpu_ids=1.
[    0.000000] NR_IRQS: 16, nr_irqs: 16, preallocated irqs: 16
[    0.000000] IRQ: Found an INTC at 0x(ptrval) (revision 5.0) with 128 interrupts
[    0.000000] rcu: srcu_init: Setting srcu_struct sizes based on contention.
[    0.000000] TI gptimer clocksource: always-on /ocp/interconnect@44c00000/segment@200000/target-module@31000
[    0.000003] sched_clock: 32 bits at 24MHz, resolution 41ns, wraps every 89478484971ns
[    0.000026] clocksource: dmtimer: mask: 0xffffffff max_cycles: 0xffffffff, max_idle_ns: 79635851949 ns
[    0.000501] TI gptimer clockevent: 24000000 Hz at /ocp/interconnect@48000000/segment@0/target-module@40000
[    0.002119] Console: colour dummy device 80x30
[    0.002194] WARNING: Your 'console=ttyO0' has been replaced by 'ttyS0'
[    0.002204] This ensures that you still see kernel messages. Please
[    0.002208] update your kernel commandline.
[    0.002250] Calibrating delay loop... 996.14 BogoMIPS (lpj=4980736)
[    0.090545] CPU: Testing write buffer coherency: ok
[    0.090650] CPU0: Spectre v2: using BPIALL workaround
[    0.090660] pid_max: default: 32768 minimum: 301
[    0.090784] LSM: initializing lsm=capability
[    0.090954] Mount-cache hash table entries: 1024 (order: 0, 4096 bytes, linear)
[    0.090972] Mountpoint-cache hash table entries: 1024 (order: 0, 4096 bytes, linear)
[    0.092593] CPU0: thread -1, cpu 0, socket -1, mpidr 0
[    0.150913] Setting up static identity map for 0x80100000 - 0x80100078
[    0.160706] rcu: Hierarchical SRCU implementation.
[    0.160716] rcu: 	Max phase no-delay instances is 1000.
[    0.180735] smp: Bringing up secondary CPUs ...
[    0.180792] smp: Brought up 1 node, 1 CPU
[    0.180805] SMP: Total of 1 processors activated (996.14 BogoMIPS).
[    0.180817] CPU: All CPU(s) started in SVC mode.
[    0.180988] Memory: 480808K/522240K available (11264K kernel code, 1214K rwdata, 2908K rodata, 1024K init, 291K bss, 23384K reserved, 16384K cma-reserved, 0K highmem)
[    0.181820] devtmpfs: initialized
[    0.198139] VFP support v0.3: implementor 41 architecture 3 part 30 variant c rev 3
[    0.198480] clocksource: jiffies: mask: 0xffffffff max_cycles: 0xffffffff, max_idle_ns: 19112604462750000 ns
[    0.198515] futex hash table entries: 256 (order: 2, 16384 bytes, linear)
[    0.199763] pinctrl core: initialized pinctrl subsystem
[    0.202686] NET: Registered PF_NETLINK/PF_ROUTE protocol family
[    0.205454] DMA: preallocated 256 KiB pool for atomic coherent allocations
[    0.206337] audit: initializing netlink subsys (disabled)
[    0.207696] thermal_sys: Registered thermal governor 'fair_share'
[    0.207712] thermal_sys: Registered thermal governor 'step_wise'
[    0.207722] thermal_sys: Registered thermal governor 'user_space'
[    0.207863] audit: type=2000 audit(0.200:1): state=initialized audit_enabled=0 res=1
[    0.207899] cpuidle: using governor menu
[    0.225665] /ocp/interconnect@44c00000/segment@200000/target-module@b000/i2c@0/tda19988@70: Fixed dependency cycle(s) with /ocp/interconnect@48000000/segment@300000/target-module@e000/lcdc@0
[    0.226799] /ocp/interconnect@48000000/segment@300000/target-module@e000/lcdc@0: Fixed dependency cycle(s) with /ocp/interconnect@44c00000/segment@200000/target-module@b000/i2c@0/tda19988@70
[    0.228961] No ATAGs?
[    0.228982] hw-breakpoint: debug architecture 0x4 unsupported.
[    0.231799] kprobes: kprobe jump-optimization is enabled. All kprobes are optimized if possible.
[    0.243891] iommu: Default domain type: Translated
[    0.243914] iommu: DMA domain TLB invalidation policy: strict mode
[    0.245500] reg-fixed-voltage fixedregulator0: using DT '/fixedregulator0' for '(default)' GPIO lookup
[    0.245552] of_get_named_gpiod_flags: can't parse 'gpios' property of node '/fixedregulator0[0]'
[    0.245581] of_get_named_gpiod_flags: can't parse 'gpio' property of node '/fixedregulator0[0]'
[    0.245598] reg-fixed-voltage fixedregulator0: using lookup tables for GPIO lookup
[    0.245608] reg-fixed-voltage fixedregulator0: No GPIO consumer (default) found
[    0.251842] SCSI subsystem initialized
[    0.252335] libata version 3.00 loaded.
[    0.252698] pps_core: LinuxPPS API ver. 1 registered
[    0.252707] pps_core: Software ver. 5.3.6 - Copyright 2005-2007 Rodolfo Giometti <giometti@linux.it>
[    0.252729] PTP clock support registered
[    0.260811] vgaarb: loaded
[    0.261173] clocksource: Switched to clocksource dmtimer
[    0.261831] VFS: Disk quotas dquot_6.6.0
[    0.261876] VFS: Dquot-cache hash table entries: 1024 (order 0, 4096 bytes)
[    0.285393] NET: Registered PF_INET protocol family
[    0.285736] IP idents hash table entries: 8192 (order: 4, 65536 bytes, linear)
[    0.287139] tcp_listen_portaddr_hash hash table entries: 512 (order: 0, 4096 bytes, linear)
[    0.287173] Table-perturb hash table entries: 65536 (order: 6, 262144 bytes, linear)
[    0.287190] TCP established hash table entries: 4096 (order: 2, 16384 bytes, linear)
[    0.287233] TCP bind hash table entries: 4096 (order: 4, 65536 bytes, linear)
[    0.287332] TCP: Hash tables configured (established 4096 bind 4096)
[    0.287446] UDP hash table entries: 256 (order: 1, 14336 bytes, linear)
[    0.287480] UDP-Lite hash table entries: 256 (order: 1, 14336 bytes, linear)
[    0.287657] NET: Registered PF_UNIX/PF_LOCAL protocol family
[    0.288875] RPC: Registered named UNIX socket transport module.
[    0.288896] RPC: Registered udp transport module.
[    0.288901] RPC: Registered tcp transport module.
[    0.288906] RPC: Registered tcp-with-tls transport module.
[    0.288912] RPC: Registered tcp NFSv4.1 backchannel transport module.
[    0.288937] PCI: CLS 0 bytes, default 64
[    0.290307] Initialise system trusted keyrings
[    0.302003] workingset: timestamp_bits=14 max_order=17 bucket_order=3
[    0.303325] NFS: Registering the id_resolver key type
[    0.303405] Key type id_resolver registered
[    0.303413] Key type id_legacy registered
[    0.303466] jffs2: version 2.2. (NAND) (SUMMARY)  Â© 2001-2006 Red Hat, Inc.
[    0.303866] Key type asymmetric registered
[    0.303881] Asymmetric key parser 'x509' registered
[    0.303946] io scheduler mq-deadline registered
[    0.303955] io scheduler kyber registered
[    0.304022] io scheduler bfq registered
[    0.305604] ledtrig-cpu: registered to indicate activity on CPUs
[    0.308299] Serial: 8250/16550 driver, 6 ports, IRQ sharing enabled
[    0.365731] brd: module loaded
[    0.374229] loop: module loaded
[    0.375135] mtdoops: mtd device (mtddev=name/number) must be supplied
[    0.376824] mdio_bus fixed-0: using lookup tables for GPIO lookup
[    0.376846] mdio_bus fixed-0: No GPIO consumer reset found
[    0.378177] i2c_dev: i2c /dev entries driver
[    0.379116] cpuidle: enable-method property 'ti,am3352' found operations
[    0.379552] sdhci: Secure Digital Host Controller Interface driver
[    0.379561] sdhci: Copyright(c) Pierre Ossman
[    0.379729] sdhci-pltfm: SDHCI platform and OF driver helper
[    0.380711] Initializing XFRM netlink socket
[    0.380855] NET: Registered PF_INET6 protocol family
[    0.396247] Segment Routing with IPv6
[    0.396338] In-situ OAM (IOAM) with IPv6
[    0.396432] sit: IPv6, IPv4 and MPLS over IPv4 tunneling driver
[    0.397371] NET: Registered PF_PACKET protocol family
[    0.397409] NET: Registered PF_KEY protocol family
[    0.397554] Key type dns_resolver registered
[    0.397785] ThumbEE CPU extension supported.
[    0.397803] Registering SWP/SWPB emulation handler
[    0.398348] omap_voltage_late_init: Voltage driver support not added
[    0.398711] SmartReflex Class3 initialized
[    0.415112] Loading compiled-in X.509 certificates
[    0.458605] OF: /ocp: Read of boolean property 'clocks' with a value.
[    0.461941] /ocp/interconnect@44c00000/segment@200000/target-module@b000/i2c@0/tda19988@70: Fixed dependency cycle(s) with /ocp/interconnect@48000000/segment@300000/target-module@e000/lcdc@0
[    0.462922] OF: /ocp/interconnect@44c00000: Read of boolean property 'clocks' with a value.
[    0.468213] /ocp/interconnect@44c00000/segment@200000/target-module@b000/i2c@0/tda19988@70: Fixed dependency cycle(s) with /ocp/interconnect@48000000/segment@300000/target-module@e000/lcdc@0
[    0.473789] gpiochip_find_base_unlocked: found new base at 512
[    0.488213] /ocp/interconnect@44c00000/segment@200000/target-module@b000/i2c@0/tda19988@70: Fixed dependency cycle(s) with /ocp/interconnect@48000000/segment@300000/target-module@e000/lcdc@0
[    0.489065] /ocp/interconnect@44c00000/segment@200000/target-module@b000/i2c@0/tda19988@70: Fixed dependency cycle(s) with /ocp/interconnect@48000000/segment@300000/target-module@e000/lcdc@0
[    0.492736] /ocp/interconnect@44c00000/segment@200000/target-module@10000/scm@0/pinmux@800: Fixed dependency cycle(s) with /ocp/interconnect@44c00000/segment@200000/target-module@10000/scm@0/pinmux@800/clkout2-pins
[    0.493332] pinctrl-single 44e10800.pinmux: 142 pins, size 568
[    0.498358] ti-sysc 44e31000.target-module: probe with driver ti-sysc failed with error -16
[    0.533952] /ocp/interconnect@48000000/segment@300000/target-module@e000/lcdc@0: Fixed dependency cycle(s) with /ocp/interconnect@44c00000/segment@200000/target-module@b000/i2c@0/tda19988@70
[    0.534274] OF: /ocp/interconnect@48000000: Read of boolean property 'clocks' with a value.
[    0.541818] ti-sysc 48040000.target-module: probe with driver ti-sysc failed with error -16
[    0.552917] gpiochip_find_base_unlocked: found new base at 512
[    0.553018] gpio gpiochip0: (gpio-0-31): created GPIO range 0->7 ==> 44e10800.pinmux PIN 0->7
[    0.553039] gpio gpiochip0: (gpio-0-31): created GPIO range 8->11 ==> 44e10800.pinmux PIN 90->93
[    0.553055] gpio gpiochip0: (gpio-0-31): created GPIO range 12->27 ==> 44e10800.pinmux PIN 12->27
[    0.553070] gpio gpiochip0: (gpio-0-31): created GPIO range 28->31 ==> 44e10800.pinmux PIN 30->33
[    0.588821] gpio gpiochip0: (gpio-0-31): added GPIO chardev (254:0)
[    0.588979] gpio gpiochip0: registered GPIOs 512 to 543 on gpio-0-31
[    0.589062] OMAP GPIO hardware version 0.1
[    0.622711] i2c i2c-2: using DT '/ocp/interconnect@48000000/segment@100000/target-module@9c000/i2c@0' for 'scl' GPIO lookup
[    0.622781] of_get_named_gpiod_flags: can't parse 'scl-gpios' property of node '/ocp/interconnect@48000000/segment@100000/target-module@9c000/i2c@0[0]'
[    0.622823] of_get_named_gpiod_flags: can't parse 'scl-gpio' property of node '/ocp/interconnect@48000000/segment@100000/target-module@9c000/i2c@0[0]'
[    0.622858] i2c i2c-2: using lookup tables for GPIO lookup
[    0.622868] i2c i2c-2: No GPIO consumer scl found
[    0.622890] i2c i2c-2: using DT '/ocp/interconnect@48000000/segment@100000/target-module@9c000/i2c@0' for 'sda' GPIO lookup
[    0.622925] of_get_named_gpiod_flags: can't parse 'sda-gpios' property of node '/ocp/interconnect@48000000/segment@100000/target-module@9c000/i2c@0[0]'
[    0.622961] of_get_named_gpiod_flags: can't parse 'sda-gpio' property of node '/ocp/interconnect@48000000/segment@100000/target-module@9c000/i2c@0[0]'
[    0.622992] i2c i2c-2: using lookup tables for GPIO lookup
[    0.623000] i2c i2c-2: No GPIO consumer sda found
[    0.623821] omap_i2c 4819c000.i2c: bus 2 rev0.11 at 100 kHz
[    0.629171] gpiochip_find_base_unlocked: found new base at 544
[    0.629276] gpio gpiochip1: (gpio-32-63): created GPIO range 0->17 ==> 44e10800.pinmux PIN 34->51
[    0.629295] gpio gpiochip1: (gpio-32-63): created GPIO range 18->21 ==> 44e10800.pinmux PIN 77->80
[    0.629312] gpio gpiochip1: (gpio-32-63): created GPIO range 22->31 ==> 44e10800.pinmux PIN 56->65
[    0.630082] gpio gpiochip1: (gpio-32-63): added GPIO chardev (254:1)
[    0.630227] gpio gpiochip1: registered GPIOs 544 to 575 on gpio-32-63
[    0.632591] gpiochip_find_base_unlocked: found new base at 576
[    0.632680] gpio gpiochip2: (gpio-64-95): created GPIO range 0->4 ==> 44e10800.pinmux PIN 66->70
[    0.632700] gpio gpiochip2: (gpio-64-95): created GPIO range 5->6 ==> 44e10800.pinmux PIN 98->99
[    0.632715] gpio gpiochip2: (gpio-64-95): created GPIO range 7->8 ==> 44e10800.pinmux PIN 75->76
[    0.632730] gpio gpiochip2: (gpio-64-95): created GPIO range 13->13 ==> 44e10800.pinmux PIN 141->141
[    0.632746] gpio gpiochip2: (gpio-64-95): created GPIO range 14->21 ==> 44e10800.pinmux PIN 100->107
[    0.633432] gpio gpiochip2: (gpio-64-95): added GPIO chardev (254:2)
[    0.633559] gpio gpiochip2: registered GPIOs 576 to 607 on gpio-64-95
[    0.638923] 48000000.interconnect:segment@200000:target-module@0:mpu@0:fck: device ID is greater than 24
[    0.639803] /ocp/interconnect@48000000/segment@300000/target-module@e000/lcdc@0: Fixed dependency cycle(s) with /ocp/interconnect@44c00000/segment@200000/target-module@b000/i2c@0/tda19988@70
[    0.642885] /ocp/interconnect@48000000/segment@300000/target-module@e000/lcdc@0: Fixed dependency cycle(s) with /ocp/interconnect@44c00000/segment@200000/target-module@b000/i2c@0/tda19988@70
[    0.643590] /ocp/interconnect@44c00000/segment@200000/target-module@b000/i2c@0/tda19988@70: Fixed dependency cycle(s) with /ocp/interconnect@48000000/segment@300000/target-module@e000/lcdc@0
[    0.643758] /ocp/interconnect@48000000/segment@300000/target-module@e000/lcdc@0: Fixed dependency cycle(s) with /ocp/interconnect@44c00000/segment@200000/target-module@b000/i2c@0/tda19988@70
[    0.647807] OF: /ocp/interconnect@4a000000: Read of boolean property 'clocks' with a value.
[    0.653244] mdio_bus 4a101000.mdio: using DT '/ocp/interconnect@4a000000/segment@0/target-module@100000/switch@0/mdio@1000' for 'reset' GPIO lookup
[    0.653313] of_get_named_gpiod_flags: can't parse 'reset-gpios' property of node '/ocp/interconnect@4a000000/segment@0/target-module@100000/switch@0/mdio@1000[0]'
[    0.653360] of_get_named_gpiod_flags: can't parse 'reset-gpio' property of node '/ocp/interconnect@4a000000/segment@0/target-module@100000/switch@0/mdio@1000[0]'
[    0.653406] mdio_bus 4a101000.mdio: using lookup tables for GPIO lookup
[    0.653416] mdio_bus 4a101000.mdio: No GPIO consumer reset found
[    0.654621] sdhci-omap 481d8000.mmc: using DT '/ocp/interconnect@48000000/segment@100000/target-module@d8000/mmc@0' for 'wp' GPIO lookup
[    0.654684] of_get_named_gpiod_flags: can't parse 'wp-gpios' property of node '/ocp/interconnect@48000000/segment@100000/target-module@d8000/mmc@0[0]'
[    0.654728] of_get_named_gpiod_flags: can't parse 'wp-gpio' property of node '/ocp/interconnect@48000000/segment@100000/target-module@d8000/mmc@0[0]'
[    0.654761] sdhci-omap 481d8000.mmc: using lookup tables for GPIO lookup
[    0.654770] sdhci-omap 481d8000.mmc: No GPIO consumer wp found
[    0.654962] sdhci-omap 481d8000.mmc: supply pbias not found, using dummy regulator
[    0.655444] sdhci-omap 481d8000.mmc: supply vqmmc not found, using dummy regulator
[    0.704628] davinci_mdio 4a101000.mdio: davinci mdio revision 1.6, bus freq 1000000
[    0.736636] mdio_bus 4a101000.mdio:00: using DT '/ocp/interconnect@4a000000/segment@0/target-module@100000/switch@0/mdio@1000/ethernet-phy@0' for 'reset' GPIO lookup
[    0.736738] of_get_named_gpiod_flags: parsed 'reset-gpios' property of node '/ocp/interconnect@4a000000/segment@0/target-module@100000/switch@0/mdio@1000/ethernet-phy@0[0]' - status (0)
[    0.736899] gpio gpiochip0: Persistence not supported for GPIO 8
[    0.880016] davinci_mdio 4a101000.mdio: phy[0]: device 4a101000.mdio:00, driver SMSC LAN8710/LAN8720
[    0.880779] cpsw-switch 4a100000.switch: initialized cpsw ale version 1.4
[    0.880800] cpsw-switch 4a100000.switch: ALE Table size 1024, Policers 0
[    0.881119] cpsw-switch 4a100000.switch: cpts: overflow check period 500 (jiffies)
[    0.881263] cpsw-switch 4a100000.switch: CPTS: ref_clk_freq:250000000 calc_mult:2147483648 calc_shift:29 error:0 nsec/sec
[    0.881389] cpsw-switch 4a100000.switch: Detected MACID = 6c:ec:eb:68:de:78
[    0.883149] cpsw-switch 4a100000.switch: initialized (regs 0x4a100000, pool size 256) hw_ver:0019010C 1.12 (0)
[    0.893880] debugfs: Directory '49000000.dma' with parent 'dmaengine' already present!
[    0.893922] edma 49000000.dma: TI EDMA DMA engine driver
[    0.930324] target-module@4b000000:target-module@140000:pmu@0:fck: device ID is greater than 24
[    0.945803] hw perfevents: enabled with armv7_cortex_a8 PMU driver, 5 (8000000f) counters available
[    0.946690] gpio-clk clk_mcasp0: using DT '/clk_mcasp0' for 'enable' GPIO lookup
[    0.946760] of_get_named_gpiod_flags: parsed 'enable-gpios' property of node '/clk_mcasp0[0]' - status (0)
[    0.946804] gpio gpiochip0: Persistence not supported for GPIO 27
[    0.947640] gpiochip_find_base_unlocked: found new base at 608
[    0.947742] gpio gpiochip3: (gpio-96-127): created GPIO range 0->7 ==> 44e10800.pinmux PIN 82->89
[    0.947761] gpio gpiochip3: (gpio-96-127): created GPIO range 8->11 ==> 44e10800.pinmux PIN 52->55
[    0.947777] gpio gpiochip3: (gpio-96-127): created GPIO range 12->15 ==> 44e10800.pinmux PIN 94->97
[    0.947793] gpio gpiochip3: (gpio-96-127): created GPIO range 16->17 ==> 44e10800.pinmux PIN 71->72
[    0.947809] gpio gpiochip3: (gpio-96-127): created GPIO range 18->18 ==> 44e10800.pinmux PIN 135->135
[    0.947825] gpio gpiochip3: (gpio-96-127): created GPIO range 19->20 ==> 44e10800.pinmux PIN 108->109
[    0.947842] gpio gpiochip3: (gpio-96-127): created GPIO range 21->21 ==> 44e10800.pinmux PIN 73->73
[    0.947859] gpio gpiochip3: (gpio-96-127): created GPIO range 22->23 ==> 44e10800.pinmux PIN 8->9
[    0.947876] gpio gpiochip3: (gpio-96-127): created GPIO range 26->27 ==> 44e10800.pinmux PIN 10->11
[    0.947894] gpio gpiochip3: (gpio-96-127): created GPIO range 28->28 ==> 44e10800.pinmux PIN 74->74
[    0.947912] gpio gpiochip3: (gpio-96-127): created GPIO range 29->29 ==> 44e10800.pinmux PIN 81->81
[    0.947930] gpio gpiochip3: (gpio-96-127): created GPIO range 30->31 ==> 44e10800.pinmux PIN 28->29
[    0.953490] l3-aon-clkctrl:0000:0: failed to disable
[    0.953924] gpio gpiochip3: (gpio-96-127): added GPIO chardev (254:3)
[    0.954069] gpio gpiochip3: registered GPIOs 608 to 639 on gpio-96-127
[    0.955858] omap8250 44e09000.serial: using DT '/ocp/interconnect@44c00000/segment@200000/target-module@9000/serial@0' for 'rs485-term' GPIO lookup
[    0.955926] of_get_named_gpiod_flags: can't parse 'rs485-term-gpios' property of node '/ocp/interconnect@44c00000/segment@200000/target-module@9000/serial@0[0]'
[    0.955970] of_get_named_gpiod_flags: can't parse 'rs485-term-gpio' property of node '/ocp/interconnect@44c00000/segment@200000/target-module@9000/serial@0[0]'
[    0.956005] omap8250 44e09000.serial: using lookup tables for GPIO lookup
[    0.956015] omap8250 44e09000.serial: No GPIO consumer rs485-term found
[    0.956025] omap8250 44e09000.serial: using DT '/ocp/interconnect@44c00000/segment@200000/target-module@9000/serial@0' for 'rs485-rx-during-tx' GPIO lookup
[    0.956060] of_get_named_gpiod_flags: can't parse 'rs485-rx-during-tx-gpios' property of node '/ocp/interconnect@44c00000/segment@200000/target-module@9000/serial@0[0]'
[    0.956096] of_get_named_gpiod_flags: can't parse 'rs485-rx-during-tx-gpio' property of node '/ocp/interconnect@44c00000/segment@200000/target-module@9000/serial@0[0]'
[    0.956127] omap8250 44e09000.serial: using lookup tables for GPIO lookup
[    0.956135] omap8250 44e09000.serial: No GPIO consumer rs485-rx-during-tx found
[    0.956498] 44e09000.serial: ttyS0 at MMIO 0x44e09000 (irq = 34, base_baud = 3000000) is a 8250
[    0.956589] printk: console [ttyS0] enabled
[    2.489709] i2c i2c-0: using DT '/ocp/interconnect@44c00000/segment@200000/target-module@b000/i2c@0' for 'scl' GPIO lookup
[    2.489785] of_get_named_gpiod_flags: can't parse 'scl-gpios' property of node '/ocp/interconnect@44c00000/segment@200000/target-module@b000/i2c@0[0]'
[    2.489827] of_get_named_gpiod_flags: can't parse 'scl-gpio' property of node '/ocp/interconnect@44c00000/segment@200000/target-module@b000/i2c@0[0]'
[    2.489863] i2c i2c-0: using lookup tables for GPIO lookup
[    2.489872] i2c i2c-0: No GPIO consumer scl found
[    2.489894] i2c i2c-0: using DT '/ocp/interconnect@44c00000/segment@200000/target-module@b000/i2c@0' for 'sda' GPIO lookup
[    2.489930] of_get_named_gpiod_flags: can't parse 'sda-gpios' property of node '/ocp/interconnect@44c00000/segment@200000/target-module@b000/i2c@0[0]'
[    2.489966] of_get_named_gpiod_flags: can't parse 'sda-gpio' property of node '/ocp/interconnect@44c00000/segment@200000/target-module@b000/i2c@0[0]'
[    2.489998] i2c i2c-0: using lookup tables for GPIO lookup
[    2.490005] i2c i2c-0: No GPIO consumer sda found
[    2.502144] tps65217-pmic: Failed to locate of_node [id: -1]
[    2.502501] tps65217-bl: Failed to locate of_node [id: -1]
[    2.508049] tps65217 0-0024: TPS65217 ID 0xe version 1.2
[    2.508762] /ocp/interconnect@48000000/segment@300000/target-module@e000/lcdc@0: Fixed dependency cycle(s) with /ocp/interconnect@44c00000/segment@200000/target-module@b000/i2c@0/tda19988@70
[    2.509003] /ocp/interconnect@44c00000/segment@200000/target-module@b000/i2c@0/tda19988@70: Fixed dependency cycle(s) with /ocp/interconnect@48000000/segment@300000/target-module@e000/lcdc@0
[    2.509291] omap_i2c 44e0b000.i2c: bus 0 rev0.11 at 400 kHz
[    2.511433] sdhci-omap 48060000.mmc: using DT '/ocp/interconnect@48000000/segment@0/target-module@60000/mmc@0' for 'cd' GPIO lookup
[    2.511541] of_get_named_gpiod_flags: parsed 'cd-gpios' property of node '/ocp/interconnect@48000000/segment@0/target-module@60000/mmc@0[0]' - status (0)
[    2.511603] gpio gpiochip3: Persistence not supported for GPIO 6
[    2.511624] omap_gpio 44e07000.gpio: Could not set line 6 debounce to 200000 microseconds (-22)
[    2.511638] sdhci-omap 48060000.mmc: Got CD GPIO
[    2.511647] sdhci-omap 48060000.mmc: using DT '/ocp/interconnect@48000000/segment@0/target-module@60000/mmc@0' for 'wp' GPIO lookup
[    2.511687] of_get_named_gpiod_flags: can't parse 'wp-gpios' property of node '/ocp/interconnect@48000000/segment@0/target-module@60000/mmc@0[0]'
[    2.511727] of_get_named_gpiod_flags: can't parse 'wp-gpio' property of node '/ocp/interconnect@48000000/segment@0/target-module@60000/mmc@0[0]'
[    2.511760] sdhci-omap 48060000.mmc: using lookup tables for GPIO lookup
[    2.511770] sdhci-omap 48060000.mmc: No GPIO consumer wp found
[    2.511975] sdhci-omap 48060000.mmc: supply pbias not found, using dummy regulator
[    2.513040] sdhci-omap 481d8000.mmc: using DT '/ocp/interconnect@48000000/segment@100000/target-module@d8000/mmc@0' for 'wp' GPIO lookup
[    2.513099] of_get_named_gpiod_flags: can't parse 'wp-gpios' property of node '/ocp/interconnect@48000000/segment@100000/target-module@d8000/mmc@0[0]'
[    2.513143] of_get_named_gpiod_flags: can't parse 'wp-gpio' property of node '/ocp/interconnect@48000000/segment@100000/target-module@d8000/mmc@0[0]'
[    2.513178] sdhci-omap 481d8000.mmc: using lookup tables for GPIO lookup
[    2.513188] sdhci-omap 481d8000.mmc: No GPIO consumer wp found
[    2.513694] sdhci-omap 48060000.mmc: supply vqmmc not found, using dummy regulator
[    2.514846] sdhci-omap 481d8000.mmc: supply pbias not found, using dummy regulator
[    2.515272] sdhci-omap 481d8000.mmc: supply vqmmc not found, using dummy regulator
[    2.644372] mmc1: SDHCI controller on 481d8000.mmc [481d8000.mmc] using External DMA
[    2.644913] mmc0: SDHCI controller on 48060000.mmc [48060000.mmc] using External DMA
[    2.645858] cpsw-switch 4a100000.switch: starting ndev. mode: dual_mac
[    2.710318] mmc0: new high speed SDHC card at address 5048
[    2.717494] mmcblk0: mmc0:5048 SD16G 14.4 GiB
[    2.721083]  mmcblk0: p1 p2
[    2.729219] mmcblk0: p2 size 31221760 extends beyond EOD, truncated
[    2.739398] mmc1: new high speed MMC card at address 0001
[    2.740683] mmcblk1: mmc1:0001 MMC04G 3.60 GiB
[    2.753897]  mmcblk1: p1 p2
[    2.754378] SMSC LAN8710/LAN8720 4a101000.mdio:00: attached PHY driver (mii_bus:phy_addr=4a101000.mdio:00, irq=POLL)
[    2.756372] mmcblk1boot0: mmc1:0001 MMC04G 2.00 MiB
[    2.782023] mmcblk1boot1: mmc1:0001 MMC04G 2.00 MiB
[    2.784196] mmcblk1rpmb: mmc1:0001 MMC04G 128 KiB, chardev (250:0)
[    5.921955] cpsw-switch 4a100000.switch eth0: Link is Up - 100Mbps/Full - flow control off
[    5.961263] IP-Config: Complete:
[    5.961285]      device=eth0, hwaddr=6c:ec:eb:68:de:78, ipaddr=192.168.255.1, mask=255.255.255.0, gw=255.255.255.255
[    5.961310]      host=bbb1, domain=, nis-domain=(none)
[    5.961317]      bootserver=192.168.255.126, rootserver=192.168.255.126, rootpath=
[    5.961730] clk: Disabling unused clocks
[    5.961936] PM: genpd: Disabling unused power domains
[    5.961975] KTAP version 1
[    5.961981] 1..0
[    6.023859] VFS: Mounted root (nfs filesystem) on device 0:17.
[    6.024755] devtmpfs: mounted
[    6.026212] Freeing unused kernel image (initmem) memory: 1024K
[    6.026866] Run /sbin/init as init process
[    6.026878]   with arguments:
[    6.026888]     /sbin/init
[    6.026894]     nfsrootdebug
[    6.026900]   with environment:
[    6.026906]     HOME=/
[    6.026911]     TERM=linux
[    6.733773] systemd[1]: System time before build time, advancing clock.
[    8.221193] random: crng init done
[    8.252500] systemd[1]: systemd 232 running in system mode. (+PAM +AUDIT +SELINUX +IMA +APPARMOR +SMACK +SYSVINIT +UTMP +LIBCRYPTSETUP +GCRYPT +GNUTLS +ACL +XZ +LZ4 +SECCOMP +BLKID +ELFUTILS +KMOD +IDN)
[    8.253214] systemd[1]: Detected architecture arm.
[    8.289588] systemd[1]: Set hostname to <arm>.
[    9.379218] systemd[1]: Started Forward Password Requests to Wall Directory Watch.
[    9.412113] systemd[1]: Started Dispatch Password Requests to Console Directory Watch.
[    9.431903] systemd[1]: Listening on udev Kernel Socket.
[    9.453244] systemd[1]: Listening on Journal Socket (/dev/log).
[    9.472104] systemd[1]: Listening on Journal Socket.
[    9.492788] systemd[1]: Created slice User and Session Slice.
[    9.511615] systemd[1]: Reached target Encrypted Volumes.
[   11.715148] systemd-journald[89]: Received request to flush runtime journal from PID 1
[   14.386367] leds-gpio leds: using DT '/leds/led2' for '(default)' GPIO lookup
[   14.386457] of_get_named_gpiod_flags: parsed 'gpios' property of node '/leds/led2[0]' - status (0)
[   14.386509] gpio gpiochip0: Persistence not supported for GPIO 21
[   14.386520] gpio-533 (?): no flags found for GPIO (default)
[   14.413846] leds-gpio leds: using DT '/leds/led3' for '(default)' GPIO lookup
[   14.413943] of_get_named_gpiod_flags: parsed 'gpios' property of node '/leds/led3[0]' - status (0)
[   14.414202] gpio gpiochip0: Persistence not supported for GPIO 22
[   14.414220] gpio-534 (?): no flags found for GPIO (default)
[   14.449106] leds-gpio leds: using DT '/leds/led4' for '(default)' GPIO lookup
[   14.449193] of_get_named_gpiod_flags: parsed 'gpios' property of node '/leds/led4[0]' - status (0)
[   14.449239] gpio gpiochip0: Persistence not supported for GPIO 23
[   14.449250] gpio-535 (?): no flags found for GPIO (default)
[   14.555354] leds-gpio leds: using DT '/leds/led5' for '(default)' GPIO lookup
[   14.555439] of_get_named_gpiod_flags: parsed 'gpios' property of node '/leds/led5[0]' - status (0)
[   14.555485] gpio gpiochip0: Persistence not supported for GPIO 24
[   14.555496] gpio-536 (?): no flags found for GPIO (default)
[   14.734468] remoteproc remoteproc0: wkup_m3 is available
[   15.058085] at24 2-0054: supply vcc not found, using dummy regulator
[   15.115634] at24 2-0055: supply vcc not found, using dummy regulator
[   15.152940] at24 2-0056: supply vcc not found, using dummy regulator
[   15.191922] at24 2-0057: supply vcc not found, using dummy regulator
[   15.292539] at24 0-0050: using DT '/ocp/interconnect@44c00000/segment@200000/target-module@b000/i2c@0/eeprom@50' for 'wp' GPIO lookup
[   15.292644] of_get_named_gpiod_flags: can't parse 'wp-gpios' property of node '/ocp/interconnect@44c00000/segment@200000/target-module@b000/i2c@0/eeprom@50[0]'
[   15.292700] of_get_named_gpiod_flags: can't parse 'wp-gpio' property of node '/ocp/interconnect@44c00000/segment@200000/target-module@b000/i2c@0/eeprom@50[0]'
[   15.292741] at24 0-0050: using lookup tables for GPIO lookup
[   15.292753] at24 0-0050: No GPIO consumer wp found
[   15.293086] at24 0-0050: 32768 byte 24c256 EEPROM, writable, 1 bytes/write
[   15.490671] tps6521x_pwrbutton tps65217-pwrbutton: DMA mask not set
[   15.517484] input: tps65217_pwrbutton as /devices/platform/ocp/44c00000.interconnect/44c00000.interconnect:segment@200000/44e0b000.target-module/44e0b000.i2c/i2c-0/0-0024/tps65217-pwrbutton/input/input0
[   15.664506] wkup_m3_ipc 44e11324.wkup_m3_ipc: IPC Request for A8->M3 Channel failed! -517
[   15.760351] omap_rtc 44e3e000.rtc: registered as rtc0
[   15.760495] omap_rtc 44e3e000.rtc: setting system clock to 2000-01-01T00:00:00 UTC (946684800)
[   15.760600] omap_rtc 44e3e000.rtc: using DT '/ocp/interconnect@44c00000/segment@200000/target-module@3e000/rtc@0' for 'wp' GPIO lookup
[   15.760708] of_get_named_gpiod_flags: can't parse 'wp-gpios' property of node '/ocp/interconnect@44c00000/segment@200000/target-module@3e000/rtc@0[0]'
[   15.760757] of_get_named_gpiod_flags: can't parse 'wp-gpio' property of node '/ocp/interconnect@44c00000/segment@200000/target-module@3e000/rtc@0[0]'
[   15.760858] omap_rtc 44e3e000.rtc: using lookup tables for GPIO lookup
[   15.760871] omap_rtc 44e3e000.rtc: No GPIO consumer wp found
[   15.763044] wkup_m3_ipc 44e11324.wkup_m3_ipc: IPC Request for A8->M3 Channel failed! -517
[   15.876324] omap_wdt: OMAP Watchdog Timer Rev 0x01: initial timeout 60 sec
[   15.883014] wkup_m3_ipc 44e11324.wkup_m3_ipc: IPC Request for A8->M3 Channel failed! -517
[   15.939126] wkup_m3_ipc 44e11324.wkup_m3_ipc: IPC Request for A8->M3 Channel failed! -517
[   16.305857] am335x-phy-driver 47401300.usb-phy: using DT '/ocp/target-module@47400000/usb-phy@1300' for 'reset' GPIO lookup
[   16.305941] of_get_named_gpiod_flags: can't parse 'reset-gpios' property of node '/ocp/target-module@47400000/usb-phy@1300[0]'
[   16.305983] of_get_named_gpiod_flags: can't parse 'reset-gpio' property of node '/ocp/target-module@47400000/usb-phy@1300[0]'
[   16.306015] am335x-phy-driver 47401300.usb-phy: using lookup tables for GPIO lookup
[   16.306027] am335x-phy-driver 47401300.usb-phy: No GPIO consumer reset found
[   16.306037] am335x-phy-driver 47401300.usb-phy: using DT '/ocp/target-module@47400000/usb-phy@1300' for 'vbus-detect' GPIO lookup
[   16.306064] of_get_named_gpiod_flags: can't parse 'vbus-detect-gpios' property of node '/ocp/target-module@47400000/usb-phy@1300[0]'
[   16.306092] of_get_named_gpiod_flags: can't parse 'vbus-detect-gpio' property of node '/ocp/target-module@47400000/usb-phy@1300[0]'
[   16.306114] am335x-phy-driver 47401300.usb-phy: using lookup tables for GPIO lookup
[   16.306123] am335x-phy-driver 47401300.usb-phy: No GPIO consumer vbus-detect found
[   16.306268] am335x-phy-driver 47401300.usb-phy: dummy supplies not allowed for exclusive requests (id=vbus)
[   16.533031] usbcore: registered new interface driver usbfs
[   16.533157] usbcore: registered new interface driver hub
[   16.533265] usbcore: registered new device driver usb
[   16.656062] tda998x 0-0070: found TDA19988
[   16.658351] am335x-phy-driver 47401b00.usb-phy: using DT '/ocp/target-module@47400000/usb-phy@1b00' for 'reset' GPIO lookup
[   16.658424] of_get_named_gpiod_flags: can't parse 'reset-gpios' property of node '/ocp/target-module@47400000/usb-phy@1b00[0]'
[   16.658465] of_get_named_gpiod_flags: can't parse 'reset-gpio' property of node '/ocp/target-module@47400000/usb-phy@1b00[0]'
[   16.658499] am335x-phy-driver 47401b00.usb-phy: using lookup tables for GPIO lookup
[   16.658511] am335x-phy-driver 47401b00.usb-phy: No GPIO consumer reset found
[   16.658522] am335x-phy-driver 47401b00.usb-phy: using DT '/ocp/target-module@47400000/usb-phy@1b00' for 'vbus-detect' GPIO lookup
[   16.658549] of_get_named_gpiod_flags: can't parse 'vbus-detect-gpios' property of node '/ocp/target-module@47400000/usb-phy@1b00[0]'
[   16.658576] of_get_named_gpiod_flags: can't parse 'vbus-detect-gpio' property of node '/ocp/target-module@47400000/usb-phy@1b00[0]'
[   16.658599] am335x-phy-driver 47401b00.usb-phy: using lookup tables for GPIO lookup
[   16.658607] am335x-phy-driver 47401b00.usb-phy: No GPIO consumer vbus-detect found
[   16.658751] am335x-phy-driver 47401b00.usb-phy: dummy supplies not allowed for exclusive requests (id=vbus)
[   16.660142] wkup_m3_ipc 44e11324.wkup_m3_ipc: IPC Request for A8->M3 Channel failed! -517
[   16.691808] wkup_m3_ipc 44e11324.wkup_m3_ipc: IPC Request for A8->M3 Channel failed! -517
[   16.715297] wkup_m3_ipc 44e11324.wkup_m3_ipc: IPC Request for A8->M3 Channel failed! -517
[   17.284307] wkup_m3_ipc 44e11324.wkup_m3_ipc: IPC Request for A8->M3 Channel failed! -517
[   17.412239] musb-hdrc musb-hdrc.1: MUSB HDRC host driver
[   17.412318] musb-hdrc musb-hdrc.1: new USB bus registered, assigned bus number 1
[   17.416416] wkup_m3_ipc 44e11324.wkup_m3_ipc: IPC Request for A8->M3 Channel failed! -517
[   17.498360] usb usb1: New USB device found, idVendor=1d6b, idProduct=0002, bcdDevice= 6.13
[   17.498404] usb usb1: New USB device strings: Mfr=3, Product=2, SerialNumber=1
[   17.498415] usb usb1: Product: MUSB HDRC host driver
[   17.498424] usb usb1: Manufacturer: Linux 6.13.0-rc7-next-20250115 musb-hcd
[   17.498433] usb usb1: SerialNumber: musb-hdrc.1
[   17.557977] hub 1-0:1.0: USB hub found
[   17.565230] hub 1-0:1.0: 1 port detected
[   17.591526] wkup_m3_ipc 44e11324.wkup_m3_ipc: IPC Request for A8->M3 Channel failed! -517
[   17.646666] wkup_m3_ipc 44e11324.wkup_m3_ipc: IPC Request for A8->M3 Channel failed! -517
[   17.866291] omap-mailbox 480c8000.mailbox: omap mailbox rev 0x400
[   17.955384] remoteproc remoteproc0: powering up wkup_m3
[   18.038105] remoteproc remoteproc0: Direct firmware load for am335x-pm-firmware.elf failed with error -2
[   18.038164] remoteproc remoteproc0: request_firmware failed: -2
[   18.038179] wkup_m3_ipc 44e11324.wkup_m3_ipc: rproc_boot failed
[   20.285684] omap_rng 48310000.rng: Random Number Generator ver. 20
[   20.406258] tilcdc 4830e000.lcdc: bound 0-0070 (ops tda998x_audio_codec_init [tda998x])
[   20.426119] [drm] Initialized tilcdc 1.0.0 for 4830e000.lcdc on minor 0
[   20.441849] tilcdc 4830e000.lcdc: [drm] Cannot find any crtc or sizes
[   20.542350] tilcdc 4830e000.lcdc: [drm] Cannot find any crtc or sizes
[   21.074722] PM: Cannot get wkup_m3_ipc handle
[   21.250891] omap-sham 53100000.sham: hw accel on OMAP rev 4.3
[   21.315081] omap-sham 53100000.sham: will run requests pump with realtime priority
[   21.317542] PM: Cannot get wkup_m3_ipc handle
[   21.414641] omap-aes 53500000.aes: OMAP AES hw accel rev: 3.2
[   21.444081] omap-aes 53500000.aes: will run requests pump with realtime priority
[   21.460142] PM: Cannot get wkup_m3_ipc handle
[   23.070082] Bluetooth: Core ver 2.22
[   23.070297] NET: Registered PF_BLUETOOTH protocol family
[   23.070309] Bluetooth: HCI device and connection manager initialized
[   23.070337] Bluetooth: HCI socket layer initialized
[   23.070351] Bluetooth: L2CAP socket layer initialized
[   23.070384] Bluetooth: SCO socket layer initialized
[   25.079165] PM: Cannot get wkup_m3_ipc handle
[   25.079958] OF: /sound: Read of boolean property 'simple-audio-card,bitclock-master' with a value.
[   25.080167] OF: /sound: Read of boolean property 'simple-audio-card,frame-master' with a value.
[   25.080580] asoc-simple-card sound: using DT '/sound' for 'simple-audio-card,hp-det' GPIO lookup
[   25.080627] of_get_named_gpiod_flags: can't parse 'simple-audio-card,hp-det-gpios' property of node '/sound[0]'
[   25.080655] of_get_named_gpiod_flags: can't parse 'simple-audio-card,hp-det-gpio' property of node '/sound[0]'
[   25.080675] asoc-simple-card sound: using lookup tables for GPIO lookup
[   25.080685] asoc-simple-card sound: No GPIO consumer simple-audio-card,hp-det found
[   25.080696] asoc-simple-card sound: using DT '/sound' for 'simple-audio-card,mic-det' GPIO lookup
[   25.080716] of_get_named_gpiod_flags: can't parse 'simple-audio-card,mic-det-gpios' property of node '/sound[0]'
[   25.080738] of_get_named_gpiod_flags: can't parse 'simple-audio-card,mic-det-gpio' property of node '/sound[0]'
[   25.080753] asoc-simple-card sound: using lookup tables for GPIO lookup
[   25.080762] asoc-simple-card sound: No GPIO consumer simple-audio-card,mic-det found
[   25.342756] PM: Cannot get wkup_m3_ipc handle
[   28.769494] userial_init: registered 8 ttyGS* devices
[   28.965418] rndis_register: configNr = 0
[   29.025989] udc musb-hdrc.0: binding gadget driver [g_multi]
[   29.026072] configfs-gadget.g_multi gadget.0: adding 'rndis'/26d1e1f7 to config 'c'/89cd62bc
[   29.027226] configfs-gadget.g_multi gadget.0: HOST MAC 1c:ba:8c:a2:ed:6c
[   29.027256] configfs-gadget.g_multi gadget.0: MAC 1c:ba:8c:a2:ed:70
[   29.027333] rndis_set_param_medium: 0 0
[   29.027349] configfs-gadget.g_multi gadget.0: RNDIS: IN/ep1in OUT/ep1out NOTIFY/ep2in
[   29.027363] configfs-gadget.g_multi gadget.0: adding 'cdc_ethernet'/789b9e8d to config 'c'/89cd62bc
[   29.028195] configfs-gadget.g_multi gadget.0: HOST MAC 1c:ba:8c:a2:ed:6c
[   29.028216] configfs-gadget.g_multi gadget.0: MAC 1c:ba:8c:a2:ed:6d
[   29.028251] configfs-gadget.g_multi gadget.0: CDC Ethernet: IN/ep3in OUT/ep2out NOTIFY/ep4in
[   29.028265] configfs-gadget.g_multi gadget.0: adding 'acm'/bc3a2bae to config 'c'/89cd62bc
[   29.028295] configfs-gadget.g_multi gadget.0: acm ttyGS0: IN/ep5in OUT/ep3out NOTIFY/ep6in
[   29.065742] PM: Cannot get wkup_m3_ipc handle
[   31.228035] configfs-gadget.g_multi gadget.0: eth_open
[   35.187526] gs_open: ttyGS0 (f9186108,a5ca0608)
[   35.187667] gs_close: ttyGS0 (f9186108,a5ca0608) ...
[   35.187684] gs_close: ttyGS0 (f9186108,a5ca0608) done!
[   35.200077] gs_open: ttyGS0 (0c503386,4248455e)
[   35.200211] gs_close: ttyGS0 (0c503386,4248455e) ...
[   35.200228] gs_close: ttyGS0 (0c503386,4248455e) done!
[   35.384363] gs_open: ttyGS0 (442ccc3b,67a2b595)
[   35.384603] gs_close: ttyGS0 (442ccc3b,67a2b595) ...
[   35.384626] gs_close: ttyGS0 (442ccc3b,67a2b595) done!
[   35.384930] gs_open: ttyGS0 (442ccc3b,67a2b595)
MWWTHFAVXT 0
root@arm:~# echo 'QQYQ''UTSHCC'
QQYQUTSHCC
root@arm:~# MARKER='KGVQ''EENWJG' run 'modprobe test_linear_ranges'
KGVQEENWJGKGVQEENWJG 0
root@arm:~# echo 'USXV''NBEXNA'
USXVNBEXNA
root@arm:~# MARKER='SPAT''LKUWPO' run dmesg
SPATLKUWPO[    0.000000] Booting Linux on physical CPU 0x0
[    0.000000] Linux version 6.13.0-rc7-next-20250115 (user01@drvtest01) (arm-none-eabi-gcc (Arm GNU Toolchain 14.2.Rel1 (Build arm-14.52)) 14.2.1 20241119, GNU ld (Arm GNU Toolchain 14.2.Rel1 (Build arm-14.52)) 2.43.1.20241119) #1 SMP Wed Jan 15 16:47:24 EET 2025
[    0.000000] CPU: ARMv7 Processor [413fc082] revision 2 (ARMv7), cr=10c5387d
[    0.000000] CPU: PIPT / VIPT nonaliasing data cache, VIPT aliasing instruction cache
[    0.000000] OF: fdt: Machine model: TI AM335x BeagleBone Black
[    0.000000] Memory policy: Data cache writeback
[    0.000000] cma: Reserved 16 MiB at 0x9e800000 on node -1
[    0.000000] Zone ranges:
[    0.000000]   Normal   [mem 0x0000000080000000-0x000000009fdfffff]
[    0.000000]   HighMem  empty
[    0.000000] Movable zone start for each node
[    0.000000] Early memory node ranges
[    0.000000]   node   0: [mem 0x0000000080000000-0x000000009fdfffff]
[    0.000000] Initmem setup node 0 [mem 0x0000000080000000-0x000000009fdfffff]
[    0.000000] OF: reserved mem: Reserved memory: No reserved-memory node in the DT
[    0.000000] CPU: All CPU(s) started in SVC mode.
[    0.000000] AM335X ES2.1 (sgx neon)
[    0.000000] percpu: Embedded 17 pages/cpu s39628 r8192 d21812 u69632
[    0.000000] pcpu-alloc: s39628 r8192 d21812 u69632 alloc=17*4096
[    0.000000] pcpu-alloc: [0] 0 
[    0.000000] Kernel command line: console=ttyO0,115200n8 root=/dev/nfs rw nfsroot=192.168.255.126:/home/user01/nfs,nfsvers=3 ip=192.168.255.1:192.168.255.126::255.255.255.0:bbb1:eth0 nfsrootdebug
[    0.000000] Unknown kernel command line parameters "nfsrootdebug", will be passed to user space.
[    0.000000] printk: log buffer data + meta data: 65536 + 204800 = 270336 bytes
[    0.000000] Dentry cache hash table entries: 65536 (order: 6, 262144 bytes, linear)
[    0.000000] Inode-cache hash table entries: 32768 (order: 5, 131072 bytes, linear)
[    0.000000] Built 1 zonelists, mobility grouping on.  Total pages: 130560
[    0.000000] mem auto-init: stack:off, heap alloc:off, heap free:off
[    0.000000] ------------[ cut here ]------------
[    0.000000] WARNING: CPU: 0 PID: 0 at arch/arm/kernel/cacheinfo.c:43 cache_line_size+0x84/0x98
[    0.000000] Modules linked in:
[    0.000000] CPU: 0 UID: 0 PID: 0 Comm: swapper Not tainted 6.13.0-rc7-next-20250115 #1
[    0.000000] Hardware name: Generic AM33XX (Flattened Device Tree)
[    0.000000] Call trace: 
[    0.000000]  unwind_backtrace from show_stack+0x10/0x14
[    0.000000]  show_stack from dump_stack_lvl+0x50/0x64
[    0.000000]  dump_stack_lvl from __warn+0x74/0x12c
[    0.000000]  __warn from warn_slowpath_fmt+0x118/0x1b0
[    0.000000]  warn_slowpath_fmt from cache_line_size+0x84/0x98
[    0.000000]  cache_line_size from create_boot_cache+0x70/0xf8
[    0.000000]  create_boot_cache from kmem_cache_init+0x64/0x134
[    0.000000]  kmem_cache_init from mm_core_init+0xb4/0xec
[    0.000000]  mm_core_init from start_kernel+0x3b4/0x67c
[    0.000000]  start_kernel from 0x0
[    0.000000] ---[ end trace 0000000000000000 ]---
[    0.000000] SLUB: HWalign=64, Order=0-3, MinObjects=0, CPUs=1, Nodes=1
[    0.000000] rcu: Hierarchical RCU implementation.
[    0.000000] rcu: 	RCU event tracing is enabled.
[    0.000000] rcu: 	RCU restricting CPUs from NR_CPUS=2 to nr_cpu_ids=1.
[    0.000000] 	Tracing variant of Tasks RCU enabled.
[    0.000000] rcu: RCU calculated value of scheduler-enlistment delay is 10 jiffies.
[    0.000000] rcu: Adjusting geometry for rcu_fanout_leaf=16, nr_cpu_ids=1
[    0.000000] RCU Tasks Trace: Setting shift to 0 and lim to 1 rcu_task_cb_adjust=1 rcu_task_cpu_ids=1.
[    0.000000] NR_IRQS: 16, nr_irqs: 16, preallocated irqs: 16
[    0.000000] IRQ: Found an INTC at 0x(ptrval) (revision 5.0) with 128 interrupts
[    0.000000] rcu: srcu_init: Setting srcu_struct sizes based on contention.
[    0.000000] TI gptimer clocksource: always-on /ocp/interconnect@44c00000/segment@200000/target-module@31000
[    0.000003] sched_clock: 32 bits at 24MHz, resolution 41ns, wraps every 89478484971ns
[    0.000026] clocksource: dmtimer: mask: 0xffffffff max_cycles: 0xffffffff, max_idle_ns: 79635851949 ns
[    0.000501] TI gptimer clockevent: 24000000 Hz at /ocp/interconnect@48000000/segment@0/target-module@40000
[    0.002119] Console: colour dummy device 80x30
[    0.002194] WARNING: Your 'console=ttyO0' has been replaced by 'ttyS0'
[    0.002204] This ensures that you still see kernel messages. Please
[    0.002208] update your kernel commandline.
[    0.002250] Calibrating delay loop... 996.14 BogoMIPS (lpj=4980736)
[    0.090545] CPU: Testing write buffer coherency: ok
[    0.090650] CPU0: Spectre v2: using BPIALL workaround
[    0.090660] pid_max: default: 32768 minimum: 301
[    0.090784] LSM: initializing lsm=capability
[    0.090954] Mount-cache hash table entries: 1024 (order: 0, 4096 bytes, linear)
[    0.090972] Mountpoint-cache hash table entries: 1024 (order: 0, 4096 bytes, linear)
[    0.092593] CPU0: thread -1, cpu 0, socket -1, mpidr 0
[    0.150913] Setting up static identity map for 0x80100000 - 0x80100078
[    0.160706] rcu: Hierarchical SRCU implementation.
[    0.160716] rcu: 	Max phase no-delay instances is 1000.
[    0.180735] smp: Bringing up secondary CPUs ...
[    0.180792] smp: Brought up 1 node, 1 CPU
[    0.180805] SMP: Total of 1 processors activated (996.14 BogoMIPS).
[    0.180817] CPU: All CPU(s) started in SVC mode.
[    0.180988] Memory: 480808K/522240K available (11264K kernel code, 1214K rwdata, 2908K rodata, 1024K init, 291K bss, 23384K reserved, 16384K cma-reserved, 0K highmem)
[    0.181820] devtmpfs: initialized
[    0.198139] VFP support v0.3: implementor 41 architecture 3 part 30 variant c rev 3
[    0.198480] clocksource: jiffies: mask: 0xffffffff max_cycles: 0xffffffff, max_idle_ns: 19112604462750000 ns
[    0.198515] futex hash table entries: 256 (order: 2, 16384 bytes, linear)
[    0.199763] pinctrl core: initialized pinctrl subsystem
[    0.202686] NET: Registered PF_NETLINK/PF_ROUTE protocol family
[    0.205454] DMA: preallocated 256 KiB pool for atomic coherent allocations
[    0.206337] audit: initializing netlink subsys (disabled)
[    0.207696] thermal_sys: Registered thermal governor 'fair_share'
[    0.207712] thermal_sys: Registered thermal governor 'step_wise'
[    0.207722] thermal_sys: Registered thermal governor 'user_space'
[    0.207863] audit: type=2000 audit(0.200:1): state=initialized audit_enabled=0 res=1
[    0.207899] cpuidle: using governor menu
[    0.225665] /ocp/interconnect@44c00000/segment@200000/target-module@b000/i2c@0/tda19988@70: Fixed dependency cycle(s) with /ocp/interconnect@48000000/segment@300000/target-module@e000/lcdc@0
[    0.226799] /ocp/interconnect@48000000/segment@300000/target-module@e000/lcdc@0: Fixed dependency cycle(s) with /ocp/interconnect@44c00000/segment@200000/target-module@b000/i2c@0/tda19988@70
[    0.228961] No ATAGs?
[    0.228982] hw-breakpoint: debug architecture 0x4 unsupported.
[    0.231799] kprobes: kprobe jump-optimization is enabled. All kprobes are optimized if possible.
[    0.243891] iommu: Default domain type: Translated
[    0.243914] iommu: DMA domain TLB invalidation policy: strict mode
[    0.245500] reg-fixed-voltage fixedregulator0: using DT '/fixedregulator0' for '(default)' GPIO lookup
[    0.245552] of_get_named_gpiod_flags: can't parse 'gpios' property of node '/fixedregulator0[0]'
[    0.245581] of_get_named_gpiod_flags: can't parse 'gpio' property of node '/fixedregulator0[0]'
[    0.245598] reg-fixed-voltage fixedregulator0: using lookup tables for GPIO lookup
[    0.245608] reg-fixed-voltage fixedregulator0: No GPIO consumer (default) found
[    0.251842] SCSI subsystem initialized
[    0.252335] libata version 3.00 loaded.
[    0.252698] pps_core: LinuxPPS API ver. 1 registered
[    0.252707] pps_core: Software ver. 5.3.6 - Copyright 2005-2007 Rodolfo Giometti <giometti@linux.it>
[    0.252729] PTP clock support registered
[    0.260811] vgaarb: loaded
[    0.261173] clocksource: Switched to clocksource dmtimer
[    0.261831] VFS: Disk quotas dquot_6.6.0
[    0.261876] VFS: Dquot-cache hash table entries: 1024 (order 0, 4096 bytes)
[    0.285393] NET: Registered PF_INET protocol family
[    0.285736] IP idents hash table entries: 8192 (order: 4, 65536 bytes, linear)
[    0.287139] tcp_listen_portaddr_hash hash table entries: 512 (order: 0, 4096 bytes, linear)
[    0.287173] Table-perturb hash table entries: 65536 (order: 6, 262144 bytes, linear)
[    0.287190] TCP established hash table entries: 4096 (order: 2, 16384 bytes, linear)
[    0.287233] TCP bind hash table entries: 4096 (order: 4, 65536 bytes, linear)
[    0.287332] TCP: Hash tables configured (established 4096 bind 4096)
[    0.287446] UDP hash table entries: 256 (order: 1, 14336 bytes, linear)
[    0.287480] UDP-Lite hash table entries: 256 (order: 1, 14336 bytes, linear)
[    0.287657] NET: Registered PF_UNIX/PF_LOCAL protocol family
[    0.288875] RPC: Registered named UNIX socket transport module.
[    0.288896] RPC: Registered udp transport module.
[    0.288901] RPC: Registered tcp transport module.
[    0.288906] RPC: Registered tcp-with-tls transport module.
[    0.288912] RPC: Registered tcp NFSv4.1 backchannel transport module.
[    0.288937] PCI: CLS 0 bytes, default 64
[    0.290307] Initialise system trusted keyrings
[    0.302003] workingset: timestamp_bits=14 max_order=17 bucket_order=3
[    0.303325] NFS: Registering the id_resolver key type
[    0.303405] Key type id_resolver registered
[    0.303413] Key type id_legacy registered
[    0.303466] jffs2: version 2.2. (NAND) (SUMMARY)  Â© 2001-2006 Red Hat, Inc.
[    0.303866] Key type asymmetric registered
[    0.303881] Asymmetric key parser 'x509' registered
[    0.303946] io scheduler mq-deadline registered
[    0.303955] io scheduler kyber registered
[    0.304022] io scheduler bfq registered
[    0.305604] ledtrig-cpu: registered to indicate activity on CPUs
[    0.308299] Serial: 8250/16550 driver, 6 ports, IRQ sharing enabled
[    0.365731] brd: module loaded
[    0.374229] loop: module loaded
[    0.375135] mtdoops: mtd device (mtddev=name/number) must be supplied
[    0.376824] mdio_bus fixed-0: using lookup tables for GPIO lookup
[    0.376846] mdio_bus fixed-0: No GPIO consumer reset found
[    0.378177] i2c_dev: i2c /dev entries driver
[    0.379116] cpuidle: enable-method property 'ti,am3352' found operations
[    0.379552] sdhci: Secure Digital Host Controller Interface driver
[    0.379561] sdhci: Copyright(c) Pierre Ossman
[    0.379729] sdhci-pltfm: SDHCI platform and OF driver helper
[    0.380711] Initializing XFRM netlink socket
[    0.380855] NET: Registered PF_INET6 protocol family
[    0.396247] Segment Routing with IPv6
[    0.396338] In-situ OAM (IOAM) with IPv6
[    0.396432] sit: IPv6, IPv4 and MPLS over IPv4 tunneling driver
[    0.397371] NET: Registered PF_PACKET protocol family
[    0.397409] NET: Registered PF_KEY protocol family
[    0.397554] Key type dns_resolver registered
[    0.397785] ThumbEE CPU extension supported.
[    0.397803] Registering SWP/SWPB emulation handler
[    0.398348] omap_voltage_late_init: Voltage driver support not added
[    0.398711] SmartReflex Class3 initialized
[    0.415112] Loading compiled-in X.509 certificates
[    0.458605] OF: /ocp: Read of boolean property 'clocks' with a value.
[    0.461941] /ocp/interconnect@44c00000/segment@200000/target-module@b000/i2c@0/tda19988@70: Fixed dependency cycle(s) with /ocp/interconnect@48000000/segment@300000/target-module@e000/lcdc@0
[    0.462922] OF: /ocp/interconnect@44c00000: Read of boolean property 'clocks' with a value.
[    0.468213] /ocp/interconnect@44c00000/segment@200000/target-module@b000/i2c@0/tda19988@70: Fixed dependency cycle(s) with /ocp/interconnect@48000000/segment@300000/target-module@e000/lcdc@0
[    0.473789] gpiochip_find_base_unlocked: found new base at 512
[    0.488213] /ocp/interconnect@44c00000/segment@200000/target-module@b000/i2c@0/tda19988@70: Fixed dependency cycle(s) with /ocp/interconnect@48000000/segment@300000/target-module@e000/lcdc@0
[    0.489065] /ocp/interconnect@44c00000/segment@200000/target-module@b000/i2c@0/tda19988@70: Fixed dependency cycle(s) with /ocp/interconnect@48000000/segment@300000/target-module@e000/lcdc@0
[    0.492736] /ocp/interconnect@44c00000/segment@200000/target-module@10000/scm@0/pinmux@800: Fixed dependency cycle(s) with /ocp/interconnect@44c00000/segment@200000/target-module@10000/scm@0/pinmux@800/clkout2-pins
[    0.493332] pinctrl-single 44e10800.pinmux: 142 pins, size 568
[    0.498358] ti-sysc 44e31000.target-module: probe with driver ti-sysc failed with error -16
[    0.533952] /ocp/interconnect@48000000/segment@300000/target-module@e000/lcdc@0: Fixed dependency cycle(s) with /ocp/interconnect@44c00000/segment@200000/target-module@b000/i2c@0/tda19988@70
[    0.534274] OF: /ocp/interconnect@48000000: Read of boolean property 'clocks' with a value.
[    0.541818] ti-sysc 48040000.target-module: probe with driver ti-sysc failed with error -16
[    0.552917] gpiochip_find_base_unlocked: found new base at 512
[    0.553018] gpio gpiochip0: (gpio-0-31): created GPIO range 0->7 ==> 44e10800.pinmux PIN 0->7
[    0.553039] gpio gpiochip0: (gpio-0-31): created GPIO range 8->11 ==> 44e10800.pinmux PIN 90->93
[    0.553055] gpio gpiochip0: (gpio-0-31): created GPIO range 12->27 ==> 44e10800.pinmux PIN 12->27
[    0.553070] gpio gpiochip0: (gpio-0-31): created GPIO range 28->31 ==> 44e10800.pinmux PIN 30->33
[    0.588821] gpio gpiochip0: (gpio-0-31): added GPIO chardev (254:0)
[    0.588979] gpio gpiochip0: registered GPIOs 512 to 543 on gpio-0-31
[    0.589062] OMAP GPIO hardware version 0.1
[    0.622711] i2c i2c-2: using DT '/ocp/interconnect@48000000/segment@100000/target-module@9c000/i2c@0' for 'scl' GPIO lookup
[    0.622781] of_get_named_gpiod_flags: can't parse 'scl-gpios' property of node '/ocp/interconnect@48000000/segment@100000/target-module@9c000/i2c@0[0]'
[    0.622823] of_get_named_gpiod_flags: can't parse 'scl-gpio' property of node '/ocp/interconnect@48000000/segment@100000/target-module@9c000/i2c@0[0]'
[    0.622858] i2c i2c-2: using lookup tables for GPIO lookup
[    0.622868] i2c i2c-2: No GPIO consumer scl found
[    0.622890] i2c i2c-2: using DT '/ocp/interconnect@48000000/segment@100000/target-module@9c000/i2c@0' for 'sda' GPIO lookup
[    0.622925] of_get_named_gpiod_flags: can't parse 'sda-gpios' property of node '/ocp/interconnect@48000000/segment@100000/target-module@9c000/i2c@0[0]'
[    0.622961] of_get_named_gpiod_flags: can't parse 'sda-gpio' property of node '/ocp/interconnect@48000000/segment@100000/target-module@9c000/i2c@0[0]'
[    0.622992] i2c i2c-2: using lookup tables for GPIO lookup
[    0.623000] i2c i2c-2: No GPIO consumer sda found
[    0.623821] omap_i2c 4819c000.i2c: bus 2 rev0.11 at 100 kHz
[    0.629171] gpiochip_find_base_unlocked: found new base at 544
[    0.629276] gpio gpiochip1: (gpio-32-63): created GPIO range 0->17 ==> 44e10800.pinmux PIN 34->51
[    0.629295] gpio gpiochip1: (gpio-32-63): created GPIO range 18->21 ==> 44e10800.pinmux PIN 77->80
[    0.629312] gpio gpiochip1: (gpio-32-63): created GPIO range 22->31 ==> 44e10800.pinmux PIN 56->65
[    0.630082] gpio gpiochip1: (gpio-32-63): added GPIO chardev (254:1)
[    0.630227] gpio gpiochip1: registered GPIOs 544 to 575 on gpio-32-63
[    0.632591] gpiochip_find_base_unlocked: found new base at 576
[    0.632680] gpio gpiochip2: (gpio-64-95): created GPIO range 0->4 ==> 44e10800.pinmux PIN 66->70
[    0.632700] gpio gpiochip2: (gpio-64-95): created GPIO range 5->6 ==> 44e10800.pinmux PIN 98->99
[    0.632715] gpio gpiochip2: (gpio-64-95): created GPIO range 7->8 ==> 44e10800.pinmux PIN 75->76
[    0.632730] gpio gpiochip2: (gpio-64-95): created GPIO range 13->13 ==> 44e10800.pinmux PIN 141->141
[    0.632746] gpio gpiochip2: (gpio-64-95): created GPIO range 14->21 ==> 44e10800.pinmux PIN 100->107
[    0.633432] gpio gpiochip2: (gpio-64-95): added GPIO chardev (254:2)
[    0.633559] gpio gpiochip2: registered GPIOs 576 to 607 on gpio-64-95
[    0.638923] 48000000.interconnect:segment@200000:target-module@0:mpu@0:fck: device ID is greater than 24
[    0.639803] /ocp/interconnect@48000000/segment@300000/target-module@e000/lcdc@0: Fixed dependency cycle(s) with /ocp/interconnect@44c00000/segment@200000/target-module@b000/i2c@0/tda19988@70
[    0.642885] /ocp/interconnect@48000000/segment@300000/target-module@e000/lcdc@0: Fixed dependency cycle(s) with /ocp/interconnect@44c00000/segment@200000/target-module@b000/i2c@0/tda19988@70
[    0.643590] /ocp/interconnect@44c00000/segment@200000/target-module@b000/i2c@0/tda19988@70: Fixed dependency cycle(s) with /ocp/interconnect@48000000/segment@300000/target-module@e000/lcdc@0
[    0.643758] /ocp/interconnect@48000000/segment@300000/target-module@e000/lcdc@0: Fixed dependency cycle(s) with /ocp/interconnect@44c00000/segment@200000/target-module@b000/i2c@0/tda19988@70
[    0.647807] OF: /ocp/interconnect@4a000000: Read of boolean property 'clocks' with a value.
[    0.653244] mdio_bus 4a101000.mdio: using DT '/ocp/interconnect@4a000000/segment@0/target-module@100000/switch@0/mdio@1000' for 'reset' GPIO lookup
[    0.653313] of_get_named_gpiod_flags: can't parse 'reset-gpios' property of node '/ocp/interconnect@4a000000/segment@0/target-module@100000/switch@0/mdio@1000[0]'
[    0.653360] of_get_named_gpiod_flags: can't parse 'reset-gpio' property of node '/ocp/interconnect@4a000000/segment@0/target-module@100000/switch@0/mdio@1000[0]'
[    0.653406] mdio_bus 4a101000.mdio: using lookup tables for GPIO lookup
[    0.653416] mdio_bus 4a101000.mdio: No GPIO consumer reset found
[    0.654621] sdhci-omap 481d8000.mmc: using DT '/ocp/interconnect@48000000/segment@100000/target-module@d8000/mmc@0' for 'wp' GPIO lookup
[    0.654684] of_get_named_gpiod_flags: can't parse 'wp-gpios' property of node '/ocp/interconnect@48000000/segment@100000/target-module@d8000/mmc@0[0]'
[    0.654728] of_get_named_gpiod_flags: can't parse 'wp-gpio' property of node '/ocp/interconnect@48000000/segment@100000/target-module@d8000/mmc@0[0]'
[    0.654761] sdhci-omap 481d8000.mmc: using lookup tables for GPIO lookup
[    0.654770] sdhci-omap 481d8000.mmc: No GPIO consumer wp found
[    0.654962] sdhci-omap 481d8000.mmc: supply pbias not found, using dummy regulator
[    0.655444] sdhci-omap 481d8000.mmc: supply vqmmc not found, using dummy regulator
[    0.704628] davinci_mdio 4a101000.mdio: davinci mdio revision 1.6, bus freq 1000000
[    0.736636] mdio_bus 4a101000.mdio:00: using DT '/ocp/interconnect@4a000000/segment@0/target-module@100000/switch@0/mdio@1000/ethernet-phy@0' for 'reset' GPIO lookup
[    0.736738] of_get_named_gpiod_flags: parsed 'reset-gpios' property of node '/ocp/interconnect@4a000000/segment@0/target-module@100000/switch@0/mdio@1000/ethernet-phy@0[0]' - status (0)
[    0.736899] gpio gpiochip0: Persistence not supported for GPIO 8
[    0.880016] davinci_mdio 4a101000.mdio: phy[0]: device 4a101000.mdio:00, driver SMSC LAN8710/LAN8720
[    0.880779] cpsw-switch 4a100000.switch: initialized cpsw ale version 1.4
[    0.880800] cpsw-switch 4a100000.switch: ALE Table size 1024, Policers 0
[    0.881119] cpsw-switch 4a100000.switch: cpts: overflow check period 500 (jiffies)
[    0.881263] cpsw-switch 4a100000.switch: CPTS: ref_clk_freq:250000000 calc_mult:2147483648 calc_shift:29 error:0 nsec/sec
[    0.881389] cpsw-switch 4a100000.switch: Detected MACID = 6c:ec:eb:68:de:78
[    0.883149] cpsw-switch 4a100000.switch: initialized (regs 0x4a100000, pool size 256) hw_ver:0019010C 1.12 (0)
[    0.893880] debugfs: Directory '49000000.dma' with parent 'dmaengine' already present!
[    0.893922] edma 49000000.dma: TI EDMA DMA engine driver
[    0.930324] target-module@4b000000:target-module@140000:pmu@0:fck: device ID is greater than 24
[    0.945803] hw perfevents: enabled with armv7_cortex_a8 PMU driver, 5 (8000000f) counters available
[    0.946690] gpio-clk clk_mcasp0: using DT '/clk_mcasp0' for 'enable' GPIO lookup
[    0.946760] of_get_named_gpiod_flags: parsed 'enable-gpios' property of node '/clk_mcasp0[0]' - status (0)
[    0.946804] gpio gpiochip0: Persistence not supported for GPIO 27
[    0.947640] gpiochip_find_base_unlocked: found new base at 608
[    0.947742] gpio gpiochip3: (gpio-96-127): created GPIO range 0->7 ==> 44e10800.pinmux PIN 82->89
[    0.947761] gpio gpiochip3: (gpio-96-127): created GPIO range 8->11 ==> 44e10800.pinmux PIN 52->55
[    0.947777] gpio gpiochip3: (gpio-96-127): created GPIO range 12->15 ==> 44e10800.pinmux PIN 94->97
[    0.947793] gpio gpiochip3: (gpio-96-127): created GPIO range 16->17 ==> 44e10800.pinmux PIN 71->72
[    0.947809] gpio gpiochip3: (gpio-96-127): created GPIO range 18->18 ==> 44e10800.pinmux PIN 135->135
[    0.947825] gpio gpiochip3: (gpio-96-127): created GPIO range 19->20 ==> 44e10800.pinmux PIN 108->109
[    0.947842] gpio gpiochip3: (gpio-96-127): created GPIO range 21->21 ==> 44e10800.pinmux PIN 73->73
[    0.947859] gpio gpiochip3: (gpio-96-127): created GPIO range 22->23 ==> 44e10800.pinmux PIN 8->9
[    0.947876] gpio gpiochip3: (gpio-96-127): created GPIO range 26->27 ==> 44e10800.pinmux PIN 10->11
[    0.947894] gpio gpiochip3: (gpio-96-127): created GPIO range 28->28 ==> 44e10800.pinmux PIN 74->74
[    0.947912] gpio gpiochip3: (gpio-96-127): created GPIO range 29->29 ==> 44e10800.pinmux PIN 81->81
[    0.947930] gpio gpiochip3: (gpio-96-127): created GPIO range 30->31 ==> 44e10800.pinmux PIN 28->29
[    0.953490] l3-aon-clkctrl:0000:0: failed to disable
[    0.953924] gpio gpiochip3: (gpio-96-127): added GPIO chardev (254:3)
[    0.954069] gpio gpiochip3: registered GPIOs 608 to 639 on gpio-96-127
[    0.955858] omap8250 44e09000.serial: using DT '/ocp/interconnect@44c00000/segment@200000/target-module@9000/serial@0' for 'rs485-term' GPIO lookup
[    0.955926] of_get_named_gpiod_flags: can't parse 'rs485-term-gpios' property of node '/ocp/interconnect@44c00000/segment@200000/target-module@9000/serial@0[0]'
[    0.955970] of_get_named_gpiod_flags: can't parse 'rs485-term-gpio' property of node '/ocp/interconnect@44c00000/segment@200000/target-module@9000/serial@0[0]'
[    0.956005] omap8250 44e09000.serial: using lookup tables for GPIO lookup
[    0.956015] omap8250 44e09000.serial: No GPIO consumer rs485-term found
[    0.956025] omap8250 44e09000.serial: using DT '/ocp/interconnect@44c00000/segment@200000/target-module@9000/serial@0' for 'rs485-rx-during-tx' GPIO lookup
[    0.956060] of_get_named_gpiod_flags: can't parse 'rs485-rx-during-tx-gpios' property of node '/ocp/interconnect@44c00000/segment@200000/target-module@9000/serial@0[0]'
[    0.956096] of_get_named_gpiod_flags: can't parse 'rs485-rx-during-tx-gpio' property of node '/ocp/interconnect@44c00000/segment@200000/target-module@9000/serial@0[0]'
[    0.956127] omap8250 44e09000.serial: using lookup tables for GPIO lookup
[    0.956135] omap8250 44e09000.serial: No GPIO consumer rs485-rx-during-tx found
[    0.956498] 44e09000.serial: ttyS0 at MMIO 0x44e09000 (irq = 34, base_baud = 3000000) is a 8250
[    0.956589] printk: console [ttyS0] enabled
[    2.489709] i2c i2c-0: using DT '/ocp/interconnect@44c00000/segment@200000/target-module@b000/i2c@0' for 'scl' GPIO lookup
[    2.489785] of_get_named_gpiod_flags: can't parse 'scl-gpios' property of node '/ocp/interconnect@44c00000/segment@200000/target-module@b000/i2c@0[0]'
[    2.489827] of_get_named_gpiod_flags: can't parse 'scl-gpio' property of node '/ocp/interconnect@44c00000/segment@200000/target-module@b000/i2c@0[0]'
[    2.489863] i2c i2c-0: using lookup tables for GPIO lookup
[    2.489872] i2c i2c-0: No GPIO consumer scl found
