Labgrid Console Logfile for main
Logfile started at 2024-12-11 17:34:59.947563
=== Log starts here ===
reading args
spl_load_image_fat_os: error reading image args, err - -1
reading u-boot.img
reading u-boot.img


U-Boot 2014.04-00014-g47880f5 (Apr 22 2014 - 13:23:54)

I2C:   ready
DRAM:  512 MiB
NAND:  0 MiB
MMC:   OMAP SD/MMC: 0, OMAP SD/MMC: 1
*** Warning - readenv() failed, using default environment

Net:   <ethaddr> not set. Validating first E-fuse MAC
cpsw, usb_ether
Hit any key to stop autoboot:  1  0 
gpio: pin 53 (gpio 53) value is 1
mmc0 is current device
gpio: pin 54 (gpio 54) value is 1
SD/MMC found on device 0
reading uEnv.txt
569 bytes read in 4 ms (138.7 KiB/s)
gpio: pin 55 (gpio 55) value is 1
Loaded environment from uEnv.txt
Importing environment from mmc ...
Checking if uenvcmd is set ...
gpio: pin 56 (gpio 56) value is 1
Running uenvcmd ...
cpsw Waiting for PHY auto negotiation to complete. done
link up on port 0, speed 100, full duplex
Using cpsw device
TFTP from server 192.168.255.126; our IP address is 192.168.255.1
Filename 'zImage'.
Load address: 0x81000000
Loading: *#################################################################
	 #################################################################
	 #################################################################
	 #################################################################
	 #################################################################
	 ######################################
	 2.4 MiB/s
done
Bytes transferred = 5316848 (5120f0 hex)
link up on port 0, speed 100, full duplex
Using cpsw device
TFTP from server 192.168.255.126; our IP address is 192.168.255.1
Filename 'am335x-boneblack.dtb'.
Load address: 0x82000000
Loading: *#######
	 1.6 MiB/s
done
Bytes transferred = 97772 (17dec hex)
Kernel image @ 0x81000000 [ 0x000000 - 0x5120f0 ]
## Flattened Device Tree blob at 82000000
   Booting using the fdt blob at 0x82000000
   Using Device Tree in place at 82000000, end 8201adeb

Starting kernel ...

[    0.000000] Booting Linux on physical CPU 0x0
[    0.000000] Linux version 6.6.65 (user01@drvtest01) (arm-linux-gnueabihf-gcc (Linaro GCC 6.4-2017.11) 6.4.1 20171012, GNU ld (Linaro_Binutils-2017.11) 2.27.0.20161229) #16 SMP Wed Dec 11 17:34:08 EET 2024
[    0.000000] CPU: ARMv7 Processor [413fc082] revision 2 (ARMv7), cr=10c5387d
[    0.000000] CPU: PIPT / VIPT nonaliasing data cache, VIPT aliasing instruction cache
[    0.000000] OF: fdt: Machine model: TI AM335x BeagleBone Black
[    0.000000] Memory policy: Data cache writeback
[    0.000000] cma: Reserved 16 MiB at 0x9e800000 on node -1
[    0.000000] Zone ranges:
[    0.000000]   Normal   [mem 0x0000000080000000-0x000000009fdfffff]
[    0.000000]   HighMem  empty
[    0.000000] Movable zone start for each node
[    0.000000] Early memory node ranges
[    0.000000]   node   0: [mem 0x0000000080000000-0x000000009fdfffff]
[    0.000000] Initmem setup node 0 [mem 0x0000000080000000-0x000000009fdfffff]
[    0.000000] CPU: All CPU(s) started in SVC mode.
[    0.000000] AM335X ES2.1 (sgx neon)
[    0.000000] percpu: Embedded 16 pages/cpu s36052 r8192 d21292 u65536
[    0.000000] Kernel command line: console=ttyO0,115200n8 root=/dev/nfs rw nfsroot=192.168.255.126:/home/user01/nfs,nfsvers=3 ip=192.168.255.1:192.168.255.126::255.255.255.0:bbb1:eth0 nfsrootdebug
[    0.000000] Unknown kernel command line parameters "nfsrootdebug", will be passed to user space.
[    0.000000] Dentry cache hash table entries: 65536 (order: 6, 262144 bytes, linear)
[    0.000000] Inode-cache hash table entries: 32768 (order: 5, 131072 bytes, linear)
[    0.000000] Built 1 zonelists, mobility grouping on.  Total pages: 129412
[    0.000000] mem auto-init: stack:off, heap alloc:off, heap free:off
[    0.000000] Memory: 483604K/522240K available (11264K kernel code, 1163K rwdata, 2704K rodata, 1024K init, 283K bss, 22252K reserved, 16384K cma-reserved, 0K highmem)
[    0.000000] SLUB: HWalign=64, Order=0-3, MinObjects=0, CPUs=1, Nodes=1
[    0.000000] trace event string verifier disabled
[    0.000000] rcu: Hierarchical RCU implementation.
[    0.000000] rcu: 	RCU event tracing is enabled.
[    0.000000] rcu: 	RCU restricting CPUs from NR_CPUS=2 to nr_cpu_ids=1.
[    0.000000] rcu: RCU calculated value of scheduler-enlistment delay is 10 jiffies.
[    0.000000] rcu: Adjusting geometry for rcu_fanout_leaf=16, nr_cpu_ids=1
[    0.000000] NR_IRQS: 16, nr_irqs: 16, preallocated irqs: 16
[    0.000000] IRQ: Found an INTC at 0x(ptrval) (revision 5.0) with 128 interrupts
[    0.000000] rcu: srcu_init: Setting srcu_struct sizes based on contention.
[    0.000000] TI gptimer clocksource: always-on /ocp/interconnect@44c00000/segment@200000/target-module@31000
[    0.000003] sched_clock: 32 bits at 24MHz, resolution 41ns, wraps every 89478484971ns
[    0.000027] clocksource: dmtimer: mask: 0xffffffff max_cycles: 0xffffffff, max_idle_ns: 79635851949 ns
[    0.000531] TI gptimer clockevent: 24000000 Hz at /ocp/interconnect@48000000/segment@0/target-module@40000
[    0.002122] Console: colour dummy device 80x30
[    0.002172] WARNING: Your 'console=ttyO0' has been replaced by 'ttyS0'
[    0.002180] This ensures that you still see kernel messages. Please
[    0.002185] update your kernel commandline.
[    0.002226] Calibrating delay loop... 996.14 BogoMIPS (lpj=4980736)
[    0.090586] CPU: Testing write buffer coherency: ok
[    0.090694] CPU0: Spectre v2: using BPIALL workaround
[    0.090707] pid_max: default: 32768 minimum: 301
[    0.090825] LSM: initializing lsm=capability,integrity
[    0.090999] Mount-cache hash table entries: 1024 (order: 0, 4096 bytes, linear)
[    0.091017] Mountpoint-cache hash table entries: 1024 (order: 0, 4096 bytes, linear)
[    0.092524] CPU0: thread -1, cpu 0, socket -1, mpidr 0
[    0.094171] Setting up static identity map for 0x80100000 - 0x80100078
[    0.094464] rcu: Hierarchical SRCU implementation.
[    0.094477] rcu: 	Max phase no-delay instances is 1000.
[    0.095859] smp: Bringing up secondary CPUs ...
[    0.095912] smp: Brought up 1 node, 1 CPU
[    0.095925] SMP: Total of 1 processors activated (996.14 BogoMIPS).
[    0.095937] CPU: All CPU(s) started in SVC mode.
[    0.096837] devtmpfs: initialized
[    0.113850] VFP support v0.3: implementor 41 architecture 3 part 30 variant c rev 3
[    0.114197] clocksource: jiffies: mask: 0xffffffff max_cycles: 0xffffffff, max_idle_ns: 19112604462750000 ns
[    0.114231] futex hash table entries: 256 (order: 2, 16384 bytes, linear)
[    0.115500] pinctrl core: initialized pinctrl subsystem
[    0.118232] NET: Registered PF_NETLINK/PF_ROUTE protocol family
[    0.121028] DMA: preallocated 256 KiB pool for atomic coherent allocations
[    0.121656] audit: initializing netlink subsys (disabled)
[    0.122982] thermal_sys: Registered thermal governor 'fair_share'
[    0.123001] thermal_sys: Registered thermal governor 'step_wise'
[    0.123007] thermal_sys: Registered thermal governor 'user_space'
[    0.123116] audit: type=2000 audit(0.120:1): state=initialized audit_enabled=0 res=1
[    0.123193] cpuidle: using governor menu
[    0.140402] No ATAGs?
[    0.140428] hw-breakpoint: debug architecture 0x4 unsupported.
[    0.143715] kprobes: kprobe jump-optimization is enabled. All kprobes are optimized if possible.
[    0.163568] iommu: Default domain type: Translated
[    0.163589] iommu: DMA domain TLB invalidation policy: strict mode
[    0.165067] SCSI subsystem initialized
[    0.171261] pps_core: LinuxPPS API ver. 1 registered
[    0.171272] pps_core: Software ver. 5.3.6 - Copyright 2005-2007 Rodolfo Giometti <giometti@linux.it>
[    0.171296] PTP clock support registered
[    0.180953] vgaarb: loaded
[    0.181329] clocksource: Switched to clocksource dmtimer
[    0.181943] VFS: Disk quotas dquot_6.6.0
[    0.182002] VFS: Dquot-cache hash table entries: 1024 (order 0, 4096 bytes)
[    0.205074] NET: Registered PF_INET protocol family
[    0.205420] IP idents hash table entries: 8192 (order: 4, 65536 bytes, linear)
[    0.206801] tcp_listen_portaddr_hash hash table entries: 512 (order: 0, 4096 bytes, linear)
[    0.206837] Table-perturb hash table entries: 65536 (order: 6, 262144 bytes, linear)
[    0.206853] TCP established hash table entries: 4096 (order: 2, 16384 bytes, linear)
[    0.206895] TCP bind hash table entries: 4096 (order: 4, 65536 bytes, linear)
[    0.206996] TCP: Hash tables configured (established 4096 bind 4096)
[    0.207129] UDP hash table entries: 256 (order: 1, 8192 bytes, linear)
[    0.207159] UDP-Lite hash table entries: 256 (order: 1, 8192 bytes, linear)
[    0.207337] NET: Registered PF_UNIX/PF_LOCAL protocol family
[    0.212673] RPC: Registered named UNIX socket transport module.
[    0.212698] RPC: Registered udp transport module.
[    0.212704] RPC: Registered tcp transport module.
[    0.212710] RPC: Registered tcp-with-tls transport module.
[    0.212715] RPC: Registered tcp NFSv4.1 backchannel transport module.
[    0.212740] PCI: CLS 0 bytes, default 64
[    0.214396] Initialise system trusted keyrings
[    0.221842] workingset: timestamp_bits=14 max_order=17 bucket_order=3
[    0.223090] NFS: Registering the id_resolver key type
[    0.223204] Key type id_resolver registered
[    0.223211] Key type id_legacy registered
[    0.223266] jffs2: version 2.2. (NAND) (SUMMARY)  Â© 2001-2006 Red Hat, Inc.
[    0.223738] Key type asymmetric registered
[    0.223755] Asymmetric key parser 'x509' registered
[    0.223824] io scheduler mq-deadline registered
[    0.223835] io scheduler kyber registered
[    0.223904] io scheduler bfq registered
[    0.241496] Serial: 8250/16550 driver, 6 ports, IRQ sharing enabled
[    0.290538] brd: module loaded
[    0.306259] loop: module loaded
[    0.307195] mtdoops: mtd device (mtddev=name/number) must be supplied
[    0.309947] i2c_dev: i2c /dev entries driver
[    0.310923] cpuidle: enable-method property 'ti,am3352' found operations
[    0.311566] sdhci: Secure Digital Host Controller Interface driver
[    0.311578] sdhci: Copyright(c) Pierre Ossman
[    0.311776] sdhci-pltfm: SDHCI platform and OF driver helper
[    0.327905] ledtrig-cpu: registered to indicate activity on CPUs
[    0.328725] Initializing XFRM netlink socket
[    0.328887] NET: Registered PF_INET6 protocol family
[    0.330596] Segment Routing with IPv6
[    0.330673] In-situ OAM (IOAM) with IPv6
[    0.330776] sit: IPv6, IPv4 and MPLS over IPv4 tunneling driver
[    0.331949] NET: Registered PF_PACKET protocol family
[    0.331985] NET: Registered PF_KEY protocol family
[    0.332105] Key type dns_resolver registered
[    0.332388] ThumbEE CPU extension supported.
[    0.332410] Registering SWP/SWPB emulation handler
[    0.332925] omap_voltage_late_init: Voltage driver support not added
[    0.333273] SmartReflex Class3 initialized
[    0.352551] Loading compiled-in X.509 certificates
[    0.416598] platform 44e10800.pinmux: Fixed dependency cycle(s) with /ocp/interconnect@44c00000/segment@200000/target-module@10000/scm@0/pinmux@800/clkout2-pins
[    0.417158] pinctrl-single 44e10800.pinmux: 142 pins, size 568
[    0.422339] ti-sysc: probe of 44e31000.target-module failed with error -16
[    0.458729] ti-sysc: probe of 48040000.target-module failed with error -16
[    0.505106] OMAP GPIO hardware version 0.1
[    0.546128] omap_i2c 4819c000.i2c: bus 2 rev0.11 at 100 kHz
[    0.576790] platform 4830e000.lcdc: Fixed dependency cycle(s) with /ocp/interconnect@44c00000/segment@200000/target-module@b000/i2c@0/tda19988@70
[    0.588068] sdhci-omap 481d8000.mmc: supply pbias not found, using dummy regulator
[    0.588545] sdhci-omap 481d8000.mmc: supply vqmmc not found, using dummy regulator
[    0.669980] davinci_mdio 4a101000.mdio: davinci mdio revision 1.6, bus freq 1000000
[    0.774947] davinci_mdio 4a101000.mdio: phy[0]: device 4a101000.mdio:00, driver SMSC LAN8710/LAN8720
[    0.775596] cpsw-switch 4a100000.switch: initialized cpsw ale version 1.4
[    0.775618] cpsw-switch 4a100000.switch: ALE Table size 1024
[    0.775910] cpsw-switch 4a100000.switch: cpts: overflow check period 500 (jiffies)
[    0.775928] cpsw-switch 4a100000.switch: CPTS: ref_clk_freq:250000000 calc_mult:2147483648 calc_shift:29 error:0 nsec/sec
[    0.776035] cpsw-switch 4a100000.switch: Detected MACID = 6c:ec:eb:68:de:78
[    0.777846] cpsw-switch 4a100000.switch: initialized (regs 0x4a100000, pool size 256) hw_ver:0019010C 1.12 (0)
[    0.788922] debugfs: Directory '49000000.dma' with parent 'dmaengine' already present!
[    0.788964] edma 49000000.dma: TI EDMA DMA engine driver
[    0.839367] hw perfevents: enabled with armv7_cortex_a8 PMU driver, 5 counters available
[    0.848131] l3-aon-clkctrl:0000:0: failed to disable
[    0.878212] 44e09000.serial: ttyS0 at MMIO 0x44e09000 (irq = 34, base_baud = 3000000) is a 8250
[    0.878296] printk: console [ttyS0] enabled
[    2.057532] tps65217-pmic: Failed to locate of_node [id: -1]
[    2.063712] tps65217-bl: Failed to locate of_node [id: -1]
[    2.074968] tps65217 0-0024: TPS65217 ID 0xe version 1.2
[    2.080979] platform 4830e000.lcdc: Fixed dependency cycle(s) with /ocp/interconnect@44c00000/segment@200000/target-module@b000/i2c@0/tda19988@70
[    2.094463] i2c 0-0070: Fixed dependency cycle(s) with /ocp/interconnect@48000000/segment@300000/target-module@e000/lcdc@0
[    2.105880] omap_i2c 44e0b000.i2c: bus 0 rev0.11 at 400 kHz
[    2.114026] omap_gpio 44e07000.gpio: Could not set line 6 debounce to 200000 microseconds (-22)
[    2.122942] sdhci-omap 48060000.mmc: Got CD GPIO
[    2.127944] sdhci-omap 48060000.mmc: supply pbias not found, using dummy regulator
[    2.138710] sdhci-omap 48060000.mmc: supply vqmmc not found, using dummy regulator
[    2.147255] sdhci-omap 481d8000.mmc: supply pbias not found, using dummy regulator
[    2.155750] sdhci-omap 481d8000.mmc: supply vqmmc not found, using dummy regulator
[    2.194392] mmc1: SDHCI controller on 481d8000.mmc [481d8000.mmc] using External DMA
[    2.203546] mmc0: SDHCI controller on 48060000.mmc [48060000.mmc] using External DMA
[    2.212326] cpsw-switch 4a100000.switch: starting ndev. mode: dual_mac
[    2.255474] mmc0: new high speed SDHC card at address 5048
[    2.262461] mmcblk0: mmc0:5048 SD16G 14.4 GiB
[    2.270094]  mmcblk0: p1 p2
[    2.273487] mmcblk0: p2 size 31221760 extends beyond EOD, truncated
[    2.300163] mmc1: new high speed MMC card at address 0001
[    2.306922] mmcblk1: mmc1:0001 MMC04G 3.60 GiB
[    2.314233]  mmcblk1: p1 p2
[    2.317792] SMSC LAN8710/LAN8720 4a101000.mdio:00: attached PHY driver (mii_bus:phy_addr=4a101000.mdio:00, irq=POLL)
[    2.329369] mmcblk1boot0: mmc1:0001 MMC04G 2.00 MiB
[    2.336548] mmcblk1boot1: mmc1:0001 MMC04G 2.00 MiB
[    2.349119] mmcblk1rpmb: mmc1:0001 MMC04G 128 KiB, chardev (250:0)
[    5.522083] cpsw-switch 4a100000.switch eth0: Link is Up - 100Mbps/Full - flow control off
[    5.581354] IP-Config: Complete:
[    5.584625]      device=eth0, hwaddr=6c:ec:eb:68:de:78, ipaddr=192.168.255.1, mask=255.255.255.0, gw=255.255.255.255
[    5.595252]      host=bbb1, domain=, nis-domain=(none)
[    5.600417]      bootserver=192.168.255.126, rootserver=192.168.255.126, rootpath=
[    5.600844] clk: Disabling unused clocks
[    5.612695] KTAP version 1
[    5.615421] 1..0
[    5.647976] VFS: Mounted root (nfs filesystem) on device 0:16.
[    5.655104] devtmpfs: mounted
[    5.659722] Freeing unused kernel image (initmem) memory: 1024K
[    5.666415] Run /sbin/init as init process
[    6.348412] systemd[1]: System time before build time, advancing clock.
[    7.801355] random: crng init done
[    7.864302] systemd[1]: systemd 232 running in system mode. (+PAM +AUDIT +SELINUX +IMA +APPARMOR +SMACK +SYSVINIT +UTMP +LIBCRYPTSETUP +GCRYPT +GNUTLS +ACL +XZ +LZ4 +SECCOMP +BLKID +ELFUTILS +KMOD +IDN)
[    7.883402] systemd[1]: Detected architecture arm.

Welcome to [1mDebian GNU/Linux 9 (stretch)[0m!

[    7.924239] systemd[1]: Set hostname to <arm>.
[    9.005248] systemd[1]: Reached target Swap.
[[0;32m  OK  [0m] Reached target Swap.
[    9.042219] systemd[1]: Listening on udev Kernel Socket.
[[0;32m  OK  [0m] Listening on udev Kernel Socket.
[    9.082976] systemd[1]: Set up automount Arbitrary Executable File Formats File System Automount Point.
[[0;32m  OK  [0m] Set up automount Arbitrary Executabâ€¦rmats File System Automount Point.
[    9.122446] systemd[1]: Listening on Journal Audit Socket.
[[0;32m  OK  [0m] Listening on Journal Audit Socket.
[    9.162179] systemd[1]: Started Forward Password Requests to Wall Directory Watch.
[[0;32m  OK  [0m] Started Forward Password Requests to Wall Directory Watch.
[    9.202924] systemd[1]: Created slice System Slice.
[[0;32m  OK  [0m] Created slice System Slice.
[    9.242709] systemd[1]: Created slice system-getty.slice.
[[0;32m  OK  [0m] Created slice system-getty.slice.
[[0;32m  OK  [0m] Listening on /dev/initctl Compatibility Named Pipe.
[[0;32m  OK  [0m] Started Dispatch Password Requests to Console Directory Watch.
[[0;32m  OK  [0m] Reached target Paths.
[[0;32m  OK  [0m] Reached target Encrypted Volumes.
[[0;32m  OK  [0m] Listening on udev Control Socket.
         Mounting POSIX Message Queue File System...
[[0;32m  OK  [0m] Created slice system-serial\x2dgetty.slice.
[[0;32m  OK  [0m] Reached target Remote File Systems.
[[0;32m  OK  [0m] Listening on Journal Socket (/dev/log).
[[0;32m  OK  [0m] Created slice User and Session Slice.
[[0;32m  OK  [0m] Reached target Slices.
         Mounting Debug File System...
[[0;32m  OK  [0m] Listening on Syslog Socket.
[[0;32m  OK  [0m] Listening on Journal Socket.
         Starting Journal Service...
         Starting Remount Root and Kernel File Systems...
         Starting Create list of required stâ€¦ce nodes for the current kernel...
         Starting Load Kernel Modules...
[[0;32m  OK  [0m] Mounted POSIX Message Queue File System.
[[0;32m  OK  [0m] Mounted Debug File System.
[[0;32m  OK  [0m] Started Remount Root and Kernel File Systems.
[[0;32m  OK  [0m] Started Create list of required staâ€¦vice nodes for the current kernel.
         Starting Create Static Device Nodes in /dev...
         Starting udev Coldplug all Devices...
         Starting Load/Save Random Seed...
[[0;32m  OK  [0m] Started Load Kernel Modules.
         Starting Apply Kernel Variables...
         Mounting Configuration File System...
[[0;32m  OK  [0m] Mounted Configuration File System.
[[0;32m  OK  [0m] Started Load/Save Random Seed.
[[0;32m  OK  [0m] Started Apply Kernel Variables.
[[0;32m  OK  [0m] Started Create Static Device Nodes in /dev.
         Starting udev Kernel Device Manager...
[[0;32m  OK  [0m] Reached target Local File Systems (Pre).
[[0;32m  OK  [0m] Reached target Local File Systems.
         Starting Raise network interfaces...
[[0;32m  OK  [0m] Started Journal Service.
         Starting Flush Journal to Persistent Storage...
[   11.602900] systemd-journald[85]: Received request to flush runtime journal from PID 1
[[0;32m  OK  [0m] Started Flush Journal to Persistent Storage.
         Starting Create Volatile Files and Directories...
[[0;32m  OK  [0m] Started udev Kernel Device Manager.
[[0;32m  OK  [0m] Started Create Volatile Files and Directories.
         Starting Network Time Synchronization...
         Starting Update UTMP about System Boot/Shutdown...
[[0;32m  OK  [0m] Started Update UTMP about System Boot/Shutdown.
[[0;32m  OK  [0m] Started udev Coldplug all Devices.
[   14.542892] remoteproc remoteproc0: wkup_m3 is available
[   14.844183] omap_rtc 44e3e000.rtc: registered as rtc0
[   14.849356] omap_rtc 44e3e000.rtc: setting system clock to 2000-01-01T00:00:00 UTC (946684800)
[   14.993392] omap_wdt: OMAP Watchdog Timer Rev 0x01: initial timeout 60 sec
[[0;32m  OK  [0m] Found device /dev/ttyS0.
[[0;32m  OK  [0m] Started Network Time Synchronization.
[   15.070653] am335x-phy-driver 47401300.usb-phy: dummy supplies not allowed for exclusive requests
[[0;32m  OK  [0m] Reached target System Initialization.
[   15.334296] at24 2-0054: supply vcc not found, using dummy regulator
[[0;32m  OK  [0m] Listening on D-Bus System Message Bus Socket.
[   15.384780] tps6521x_pwrbutton tps65217-pwrbutton: DMA mask not set
[[0;32m  OK  [0m] Started Daily Cleanup of Temporary Directories.
[[0;32m  OK  [0m] Listening on Avahi mDNS/DNS-SD Stack Activation Socket.
[[0;32m  OK  [0m] Reached target Sockets.
[   15.467427] at24 2-0055: supply vcc not found, using dummy regulator
[[0;32m  OK  [0m] Reached target Basic System.
[   15.484819] input: tps65217_pwrbutton as /devices/platform/ocp/44c00000.interconnect/44c00000.interconnect:segment@200000/44e0b000.target-module/44e0b000.i2c/i2c-0/0-0024/tps65217-pwrbutton/input/input0
[   15.546190] wkup_m3_ipc 44e11324.wkup_m3_ipc: IPC Request for A8->M3 Channel failed! -517
[   15.571984] at24 2-0056: supply vcc not found, using dummy regulator
         Starting Generic Board Startup...
[   15.654344] at24 2-0057: supply vcc not found, using dummy regulator
[   15.719481] am335x-phy-driver 47401b00.usb-phy: dummy supplies not allowed for exclusive requests
[   15.736861] wkup_m3_ipc 44e11324.wkup_m3_ipc: IPC Request for A8->M3 Channel failed! -517
         Starting LSB: Start busybox udhcpd at boot time...
[   15.817400] at24 0-0050: 32768 byte 24c256 EEPROM, writable, 1 bytes/write
[   15.863532] wkup_m3_ipc 44e11324.wkup_m3_ipc: IPC Request for A8->M3 Channel failed! -517
         Starting Cape Manager Service...
         Starting Telephony service...
         Starting LSB: Load kernel modules needed to enable cpufreq scaling...
[   16.292984] wkup_m3_ipc 44e11324.wkup_m3_ipc: IPC Request for A8->M3 Channel failed! -517
[   16.302884] usbcore: registered new interface driver usbfs
[   16.308501] usbcore: registered new interface driver hub
[   16.314150] usbcore: registered new device driver usb
[[0;32m  OK  [0m] Started Regular background program processing daemon.
         Starting Avahi mDNS/DNS-SD Stack...
         Starting DUN service...
[   17.098630] wkup_m3_ipc 44e11324.wkup_m3_ipc: IPC Request for A8->M3 Channel failed! -517
         Starting Login Service...
[   17.287036] musb-hdrc musb-hdrc.1: MUSB HDRC host driver
[   17.292669] musb-hdrc musb-hdrc.1: new USB bus registered, assigned bus number 1
[   17.318359] wkup_m3_ipc 44e11324.wkup_m3_ipc: IPC Request for A8->M3 Channel failed! -517
         Starting System Logging Service...
[   17.465801] tda998x 0-0070: found TDA19988
[   17.533544] usb usb1: New USB device found, idVendor=1d6b, idProduct=0002, bcdDevice= 6.06
[   17.542598] usb usb1: New USB device strings: Mfr=3, Product=2, SerialNumber=1
[   17.549872] usb usb1: Product: MUSB HDRC host driver
[   17.554992] usb usb1: Manufacturer: Linux 6.6.65 musb-hcd
[   17.560422] usb usb1: SerialNumber: musb-hdrc.1
[[0;32m  OK  [0m] Started D-Bus System Message Bus.
[   17.666374] wkup_m3_ipc 44e11324.wkup_m3_ipc: IPC Request for A8->M3 Channel failed! -517
[   17.736425] hub 1-0:1.0: USB hub found
[   17.782799] hub 1-0:1.0: 1 port detected
[   17.821548] wkup_m3_ipc 44e11324.wkup_m3_ipc: IPC Request for A8->M3 Channel failed! -517
[   17.843059] wkup_m3_ipc 44e11324.wkup_m3_ipc: IPC Request for A8->M3 Channel failed! -517
[   18.064407] omap-mailbox 480c8000.mailbox: omap mailbox rev 0x400
[   18.170548] remoteproc remoteproc0: powering up wkup_m3
[   18.349399] remoteproc remoteproc0: Direct firmware load for am335x-pm-firmware.elf failed with error -2
[   18.359234] remoteproc remoteproc0: request_firmware failed: -2
[   18.365338] wkup_m3_ipc 44e11324.wkup_m3_ipc: rproc_boot failed
[   20.391528] tilcdc 4830e000.lcdc: bound 0-0070 (ops 0xbf07f030)
[   20.520376] [drm] Initialized tilcdc 1.0.0 20121205 for 4830e000.lcdc on minor 0
[   20.598876] omap_rng 48310000.rng: Random Number Generator ver. 20
[   20.634284] tilcdc 4830e000.lcdc: [drm] Cannot find any crtc or sizes
[   20.673989] tilcdc 4830e000.lcdc: [drm] Cannot find any crtc or sizes
[[0;32m  OK  [0m] Started DUN service.
[[0;32m  OK  [0m] Started Avahi mDNS/DNS-SD Stack.
[[0;32m  OK  [0m] Started Telephony service.
         Starting Connection service...
[[0;32m  OK  [0m] Reached target System Time Synchronized.
[[0;32m  OK  [0m] Started Daily apt download activities.
[[0;32m  OK  [0m] Started Daily apt upgrade and clean activities.
[[0;32m  OK  [0m] Reached target Timers.
[[0;32m  OK  [0m] Started System Logging Service.
[   21.808639] omap-sham 53100000.sham: hw accel on OMAP rev 4.3
[   21.850204] PM: Cannot get wkup_m3_ipc handle
[[0;32m  OK  [0m] Started Cape Manager Service.[   22.008747] omap-sham 53100000.sham: will run requests pump with realtime priority

[   22.027448] PM: Cannot get wkup_m3_ipc handle
[   22.176082] omap-aes 53500000.aes: OMAP AES hw accel rev: 3.2
[   22.345481] omap-aes 53500000.aes: will run requests pump with realtime priority
[   22.355591] PM: Cannot get wkup_m3_ipc handle
[   22.857389] Bluetooth: Core ver 2.22
[   22.861206] NET: Registered PF_BLUETOOTH protocol family
[   22.866732] Bluetooth: HCI device and connection manager initialized
[   22.873198] Bluetooth: HCI socket layer initialized
[   22.878112] Bluetooth: L2CAP socket layer initialized
[   22.883270] Bluetooth: SCO socket layer initialized
[   25.709967] PM: Cannot get wkup_m3_ipc handle
[   25.825804] PM: Cannot get wkup_m3_ipc handle
[[0;32m  OK  [0m] Started LSB: Start busybox udhcpd at boot time.
[[0;32m  OK  [0m] Started Raise network interfaces.
[[0;32m  OK  [0m] Started LSB: Load kernel modules needed to enable cpufreq scaling.
[   28.146385] configfs-gadget.g_multi gadget.0: HOST MAC 1c:ba:8c:a2:ed:6c
[   28.153392] configfs-gadget.g_multi gadget.0: MAC 1c:ba:8c:a2:ed:70
[   28.160781] configfs-gadget.g_multi gadget.0: HOST MAC 1c:ba:8c:a2:ed:6c
[   28.167654] configfs-gadget.g_multi gadget.0: MAC 1c:ba:8c:a2:ed:6d
[   28.175236] PM: Cannot get wkup_m3_ipc handle
[[0;32m  OK  [0m] Started Connection service.
[[0;32m  OK  [0m] Reached target Sound Card.
         Starting LSB: set CPUFreq kernel parameters...
[[0;32m  OK  [0m] Reached target Network.
         Starting The Apache HTTP Server...
         Starting OpenBSD Secure Shell server...
         Starting Permit User Sessions...
[[0;32m  OK  [0m] Reached target Network is Online.
         Starting LSB: Advanced IEEE 802.11 management daemon...
[[0;32m  OK  [0m] Started LSB: Advanced IEEE 802.11 management daemon.
[[0;32m  OK  [0m] Started Login Service.
[[0;32m  OK  [0m] Started Permit User Sessions.
         Starting Hostname Service...
         Starting WPA supplicant...
[[0;32m  OK  [0m] Started Getty on tty1.
[[0;32m  OK  [0m] Started Serial Getty on ttyS0.
[[0;32m  OK  [0m] Reached target Login Prompts.
[[0;32m  OK  [0m] Started LSB: set CPUFreq kernel parameters.
[[0;32m  OK  [0m] Started WPA supplicant.
[[0;32m  OK  [0m] Started Hostname Service.
[[0;32m  OK  [0m] Started OpenBSD Secure Shell server.
         Stopping LSB: Start busybox udhcpd at boot time...
[[0;32m  OK  [0m] Stopped LSB: Start busybox udhcpd at boot time.
[[0;32m  OK  [0m] Started The Apache HTTP Server.
         Starting dnsmasq - A lightweight DHCP and caching DNS server...
[[0;32m  OK  [0m] Started dnsmasq - A lightweight DHCP and caching DNS server.
[[0;32m  OK  [0m] Reached target Host and Network Name Lookups.
[[0;32m  OK  [0m] Started Serial Getty on ttyGS0.
[[0;32m  OK  [0m] Started Generic Board Startup.
[[0;32m  OK  [0m] Reached target Multi-User System.
[[0;32m  OK  [0m] Reached target Graphical Interface.
         Starting Update UTMP about System Runlevel Changes...
[[0;32m  OK  [0m] Started Update UTMP about System Runlevel Changes.

Debian GNU/Linux 9 arm ttyS0

default username:password is [debian:temppwd]

arm login: root
Password: 
Last login: Sat Jan  1 00:00:28 UTC 2000 on ttyS0
root
Linux arm 6.6.65 #16 SMP Wed Dec 11 17:34:08 EET 2024 armv7l

The programs included with the Debian GNU/Linux system are free software;
the exact distribution terms for each program are described in the
individual files in /usr/share/doc/*/copyright.

Debian GNU/Linux comes with ABSOLUTELY NO WARRANTY, to the extent
permitted by applicable law.
root@arm:~# root
-bash: root: command not found
root@arm:~# dmesg -n 1
root@arm:~# echo 'BKYN''JAJBQY'
BKYNJAJBQY
root@arm:~# run() { echo -n "$MARKER"; sh -c "$@"; echo "$MARKER $?"; }
root@arm:~# echo 'OBYX''VEWMAG'
OBYXVEWMAG
root@arm:~# MARKER='JECW''LLWBXL' run 'cat /proc/version'
JECWLLWBXLLinux version 6.6.65 (user01@drvtest01) (arm-linux-gnueabihf-gcc (Linaro GCC 6.4-2017.11) 6.4.1 20171012, GNU ld (Linaro_Binutils-2017.11) 2.27.0.20161229) #16 SMP Wed Dec 11 17:34:08 EET 2024
JECWLLWBXL 0
root@arm:~# echo 'ESTA''ENHSFS'
ESTAENHSFS
root@arm:~# MARKER='ALMS''WZAUSF' run false
ALMSWZAUSFALMSWZAUSF 1
root@arm:~# Labgrid Console Logfile for main
Logfile started at 2024-12-11 17:35:54.651516
=== Log starts here ===

root@arm:~# run() { echo -n "$MARKER"; sh -c "$@"; echo "$MARKER $?"; }
root@arm:~# echo 'THEY''KYUKQP'
THEYKYUKQP
root@arm:~# MARKER='SWVG''JHHLJP' run dmesg
SWVGJHHLJP[    0.000000] Booting Linux on physical CPU 0x0
[    0.000000] Linux version 6.6.65 (user01@drvtest01) (arm-linux-gnueabihf-gcc (Linaro GCC 6.4-2017.11) 6.4.1 20171012, GNU ld (Linaro_Binutils-2017.11) 2.27.0.20161229) #16 SMP Wed Dec 11 17:34:08 EET 2024
[    0.000000] CPU: ARMv7 Processor [413fc082] revision 2 (ARMv7), cr=10c5387d
[    0.000000] CPU: PIPT / VIPT nonaliasing data cache, VIPT aliasing instruction cache
[    0.000000] OF: fdt: Machine model: TI AM335x BeagleBone Black
[    0.000000] Memory policy: Data cache writeback
[    0.000000] cma: Reserved 16 MiB at 0x9e800000 on node -1
[    0.000000] Zone ranges:
[    0.000000]   Normal   [mem 0x0000000080000000-0x000000009fdfffff]
[    0.000000]   HighMem  empty
[    0.000000] Movable zone start for each node
[    0.000000] Early memory node ranges
[    0.000000]   node   0: [mem 0x0000000080000000-0x000000009fdfffff]
[    0.000000] Initmem setup node 0 [mem 0x0000000080000000-0x000000009fdfffff]
[    0.000000] CPU: All CPU(s) started in SVC mode.
[    0.000000] AM335X ES2.1 (sgx neon)
[    0.000000] percpu: Embedded 16 pages/cpu s36052 r8192 d21292 u65536
[    0.000000] pcpu-alloc: s36052 r8192 d21292 u65536 alloc=16*4096
[    0.000000] pcpu-alloc: [0] 0 
[    0.000000] Kernel command line: console=ttyO0,115200n8 root=/dev/nfs rw nfsroot=192.168.255.126:/home/user01/nfs,nfsvers=3 ip=192.168.255.1:192.168.255.126::255.255.255.0:bbb1:eth0 nfsrootdebug
[    0.000000] Unknown kernel command line parameters "nfsrootdebug", will be passed to user space.
[    0.000000] Dentry cache hash table entries: 65536 (order: 6, 262144 bytes, linear)
[    0.000000] Inode-cache hash table entries: 32768 (order: 5, 131072 bytes, linear)
[    0.000000] Built 1 zonelists, mobility grouping on.  Total pages: 129412
[    0.000000] mem auto-init: stack:off, heap alloc:off, heap free:off
[    0.000000] Memory: 483604K/522240K available (11264K kernel code, 1163K rwdata, 2704K rodata, 1024K init, 283K bss, 22252K reserved, 16384K cma-reserved, 0K highmem)
[    0.000000] SLUB: HWalign=64, Order=0-3, MinObjects=0, CPUs=1, Nodes=1
[    0.000000] trace event string verifier disabled
[    0.000000] rcu: Hierarchical RCU implementation.
[    0.000000] rcu: 	RCU event tracing is enabled.
[    0.000000] rcu: 	RCU restricting CPUs from NR_CPUS=2 to nr_cpu_ids=1.
[    0.000000] rcu: RCU calculated value of scheduler-enlistment delay is 10 jiffies.
[    0.000000] rcu: Adjusting geometry for rcu_fanout_leaf=16, nr_cpu_ids=1
[    0.000000] NR_IRQS: 16, nr_irqs: 16, preallocated irqs: 16
[    0.000000] IRQ: Found an INTC at 0x(ptrval) (revision 5.0) with 128 interrupts
[    0.000000] rcu: srcu_init: Setting srcu_struct sizes based on contention.
[    0.000000] TI gptimer clocksource: always-on /ocp/interconnect@44c00000/segment@200000/target-module@31000
[    0.000003] sched_clock: 32 bits at 24MHz, resolution 41ns, wraps every 89478484971ns
[    0.000027] clocksource: dmtimer: mask: 0xffffffff max_cycles: 0xffffffff, max_idle_ns: 79635851949 ns
[    0.000531] TI gptimer clockevent: 24000000 Hz at /ocp/interconnect@48000000/segment@0/target-module@40000
[    0.002122] Console: colour dummy device 80x30
[    0.002172] WARNING: Your 'console=ttyO0' has been replaced by 'ttyS0'
[    0.002180] This ensures that you still see kernel messages. Please
[    0.002185] update your kernel commandline.
[    0.002226] Calibrating delay loop... 996.14 BogoMIPS (lpj=4980736)
[    0.090586] CPU: Testing write buffer coherency: ok
[    0.090694] CPU0: Spectre v2: using BPIALL workaround
[    0.090707] pid_max: default: 32768 minimum: 301
[    0.090825] LSM: initializing lsm=capability,integrity
[    0.090999] Mount-cache hash table entries: 1024 (order: 0, 4096 bytes, linear)
[    0.091017] Mountpoint-cache hash table entries: 1024 (order: 0, 4096 bytes, linear)
[    0.092524] CPU0: thread -1, cpu 0, socket -1, mpidr 0
[    0.094171] Setting up static identity map for 0x80100000 - 0x80100078
[    0.094464] rcu: Hierarchical SRCU implementation.
[    0.094477] rcu: 	Max phase no-delay instances is 1000.
[    0.095859] smp: Bringing up secondary CPUs ...
[    0.095912] smp: Brought up 1 node, 1 CPU
[    0.095925] SMP: Total of 1 processors activated (996.14 BogoMIPS).
[    0.095937] CPU: All CPU(s) started in SVC mode.
[    0.096837] devtmpfs: initialized
[    0.113850] VFP support v0.3: implementor 41 architecture 3 part 30 variant c rev 3
[    0.114197] clocksource: jiffies: mask: 0xffffffff max_cycles: 0xffffffff, max_idle_ns: 19112604462750000 ns
[    0.114231] futex hash table entries: 256 (order: 2, 16384 bytes, linear)
[    0.115500] pinctrl core: initialized pinctrl subsystem
[    0.118232] NET: Registered PF_NETLINK/PF_ROUTE protocol family
[    0.121028] DMA: preallocated 256 KiB pool for atomic coherent allocations
[    0.121656] audit: initializing netlink subsys (disabled)
[    0.122982] thermal_sys: Registered thermal governor 'fair_share'
[    0.123001] thermal_sys: Registered thermal governor 'step_wise'
[    0.123007] thermal_sys: Registered thermal governor 'user_space'
[    0.123116] audit: type=2000 audit(0.120:1): state=initialized audit_enabled=0 res=1
[    0.123193] cpuidle: using governor menu
[    0.140402] No ATAGs?
[    0.140428] hw-breakpoint: debug architecture 0x4 unsupported.
[    0.143715] kprobes: kprobe jump-optimization is enabled. All kprobes are optimized if possible.
[    0.163568] iommu: Default domain type: Translated
[    0.163589] iommu: DMA domain TLB invalidation policy: strict mode
[    0.165067] SCSI subsystem initialized
[    0.165885] reg-fixed-voltage fixedregulator0: using DT '/fixedregulator0' for '(null)' GPIO lookup
[    0.165937] of_get_named_gpiod_flags: can't parse 'gpios' property of node '/fixedregulator0[0]'
[    0.165967] of_get_named_gpiod_flags: can't parse 'gpio' property of node '/fixedregulator0[0]'
[    0.165986] reg-fixed-voltage fixedregulator0: using lookup tables for GPIO lookup
[    0.165997] reg-fixed-voltage fixedregulator0: No GPIO consumer (null) found
[    0.170896] libata version 3.00 loaded.
[    0.171261] pps_core: LinuxPPS API ver. 1 registered
[    0.171272] pps_core: Software ver. 5.3.6 - Copyright 2005-2007 Rodolfo Giometti <giometti@linux.it>
[    0.171296] PTP clock support registered
[    0.180953] vgaarb: loaded
[    0.181329] clocksource: Switched to clocksource dmtimer
[    0.181943] VFS: Disk quotas dquot_6.6.0
[    0.182002] VFS: Dquot-cache hash table entries: 1024 (order 0, 4096 bytes)
[    0.205074] NET: Registered PF_INET protocol family
[    0.205420] IP idents hash table entries: 8192 (order: 4, 65536 bytes, linear)
[    0.206801] tcp_listen_portaddr_hash hash table entries: 512 (order: 0, 4096 bytes, linear)
[    0.206837] Table-perturb hash table entries: 65536 (order: 6, 262144 bytes, linear)
[    0.206853] TCP established hash table entries: 4096 (order: 2, 16384 bytes, linear)
[    0.206895] TCP bind hash table entries: 4096 (order: 4, 65536 bytes, linear)
[    0.206996] TCP: Hash tables configured (established 4096 bind 4096)
[    0.207129] UDP hash table entries: 256 (order: 1, 8192 bytes, linear)
[    0.207159] UDP-Lite hash table entries: 256 (order: 1, 8192 bytes, linear)
[    0.207337] NET: Registered PF_UNIX/PF_LOCAL protocol family
[    0.212673] RPC: Registered named UNIX socket transport module.
[    0.212698] RPC: Registered udp transport module.
[    0.212704] RPC: Registered tcp transport module.
[    0.212710] RPC: Registered tcp-with-tls transport module.
[    0.212715] RPC: Registered tcp NFSv4.1 backchannel transport module.
[    0.212740] PCI: CLS 0 bytes, default 64
[    0.214396] Initialise system trusted keyrings
[    0.221842] workingset: timestamp_bits=14 max_order=17 bucket_order=3
[    0.223090] NFS: Registering the id_resolver key type
[    0.223204] Key type id_resolver registered
[    0.223211] Key type id_legacy registered
[    0.223266] jffs2: version 2.2. (NAND) (SUMMARY)  Â© 2001-2006 Red Hat, Inc.
[    0.223738] Key type asymmetric registered
[    0.223755] Asymmetric key parser 'x509' registered
[    0.223824] io scheduler mq-deadline registered
[    0.223835] io scheduler kyber registered
[    0.223904] io scheduler bfq registered
[    0.241496] Serial: 8250/16550 driver, 6 ports, IRQ sharing enabled
[    0.290538] brd: module loaded
[    0.306259] loop: module loaded
[    0.307195] mtdoops: mtd device (mtddev=name/number) must be supplied
[    0.308682] mdio_bus fixed-0: using lookup tables for GPIO lookup
[    0.308706] mdio_bus fixed-0: No GPIO consumer reset found
[    0.309947] i2c_dev: i2c /dev entries driver
[    0.310923] cpuidle: enable-method property 'ti,am3352' found operations
[    0.311566] sdhci: Secure Digital Host Controller Interface driver
[    0.311578] sdhci: Copyright(c) Pierre Ossman
[    0.311776] sdhci-pltfm: SDHCI platform and OF driver helper
[    0.327905] ledtrig-cpu: registered to indicate activity on CPUs
[    0.328725] Initializing XFRM netlink socket
[    0.328887] NET: Registered PF_INET6 protocol family
[    0.330596] Segment Routing with IPv6
[    0.330673] In-situ OAM (IOAM) with IPv6
[    0.330776] sit: IPv6, IPv4 and MPLS over IPv4 tunneling driver
[    0.331949] NET: Registered PF_PACKET protocol family
[    0.331985] NET: Registered PF_KEY protocol family
[    0.332105] Key type dns_resolver registered
[    0.332388] ThumbEE CPU extension supported.
[    0.332410] Registering SWP/SWPB emulation handler
[    0.332925] omap_voltage_late_init: Voltage driver support not added
[    0.333273] SmartReflex Class3 initialized
[    0.352551] Loading compiled-in X.509 certificates
[    0.410222] gpiochip_find_base: found new base at 512
[    0.416598] platform 44e10800.pinmux: Fixed dependency cycle(s) with /ocp/interconnect@44c00000/segment@200000/target-module@10000/scm@0/pinmux@800/clkout2-pins
[    0.417158] pinctrl-single 44e10800.pinmux: 142 pins, size 568
[    0.422339] ti-sysc: probe of 44e31000.target-module failed with error -16
[    0.458729] ti-sysc: probe of 48040000.target-module failed with error -16
[    0.469734] gpiochip_find_base: found new base at 512
[    0.469803] gpio gpiochip0: (gpio-0-31): created GPIO range 0->7 ==> 44e10800.pinmux PIN 0->7
[    0.469823] gpio gpiochip0: (gpio-0-31): created GPIO range 8->11 ==> 44e10800.pinmux PIN 90->93
[    0.469839] gpio gpiochip0: (gpio-0-31): created GPIO range 12->27 ==> 44e10800.pinmux PIN 12->27
[    0.469854] gpio gpiochip0: (gpio-0-31): created GPIO range 28->31 ==> 44e10800.pinmux PIN 30->33
[    0.504844] gpio gpiochip0: (gpio-0-31): added GPIO chardev (254:0)
[    0.505020] gpio gpiochip0: registered GPIOs 512 to 543 on gpio-0-31
[    0.505106] OMAP GPIO hardware version 0.1
[    0.545088] i2c i2c-2: using DT '/ocp/interconnect@48000000/segment@100000/target-module@9c000/i2c@0' for 'scl' GPIO lookup
[    0.545161] of_get_named_gpiod_flags: can't parse 'scl-gpios' property of node '/ocp/interconnect@48000000/segment@100000/target-module@9c000/i2c@0[0]'
[    0.545206] of_get_named_gpiod_flags: can't parse 'scl-gpio' property of node '/ocp/interconnect@48000000/segment@100000/target-module@9c000/i2c@0[0]'
[    0.545243] i2c i2c-2: using lookup tables for GPIO lookup
[    0.545253] i2c i2c-2: No GPIO consumer scl found
[    0.545275] i2c i2c-2: using DT '/ocp/interconnect@48000000/segment@100000/target-module@9c000/i2c@0' for 'sda' GPIO lookup
[    0.545311] of_get_named_gpiod_flags: can't parse 'sda-gpios' property of node '/ocp/interconnect@48000000/segment@100000/target-module@9c000/i2c@0[0]'
[    0.545349] of_get_named_gpiod_flags: can't parse 'sda-gpio' property of node '/ocp/interconnect@48000000/segment@100000/target-module@9c000/i2c@0[0]'
[    0.545382] i2c i2c-2: using lookup tables for GPIO lookup
[    0.545390] i2c i2c-2: No GPIO consumer sda found
[    0.546128] omap_i2c 4819c000.i2c: bus 2 rev0.11 at 100 kHz
[    0.551507] gpiochip_find_base: found new base at 544
[    0.551574] gpio gpiochip1: (gpio-32-63): created GPIO range 0->17 ==> 44e10800.pinmux PIN 34->51
[    0.551594] gpio gpiochip1: (gpio-32-63): created GPIO range 18->21 ==> 44e10800.pinmux PIN 77->80
[    0.551609] gpio gpiochip1: (gpio-32-63): created GPIO range 22->31 ==> 44e10800.pinmux PIN 56->65
[    0.552972] gpio gpiochip1: (gpio-32-63): added GPIO chardev (254:1)
[    0.553119] gpio gpiochip1: registered GPIOs 544 to 575 on gpio-32-63
[    0.555349] gpiochip_find_base: found new base at 576
[    0.555407] gpio gpiochip2: (gpio-64-95): created GPIO range 0->4 ==> 44e10800.pinmux PIN 66->70
[    0.555426] gpio gpiochip2: (gpio-64-95): created GPIO range 5->6 ==> 44e10800.pinmux PIN 98->99
[    0.555442] gpio gpiochip2: (gpio-64-95): created GPIO range 7->8 ==> 44e10800.pinmux PIN 75->76
[    0.555457] gpio gpiochip2: (gpio-64-95): created GPIO range 13->13 ==> 44e10800.pinmux PIN 141->141
[    0.555473] gpio gpiochip2: (gpio-64-95): created GPIO range 14->21 ==> 44e10800.pinmux PIN 100->107
[    0.566993] gpio gpiochip2: (gpio-64-95): added GPIO chardev (254:2)
[    0.567139] gpio gpiochip2: registered GPIOs 576 to 607 on gpio-64-95
[    0.576790] platform 4830e000.lcdc: Fixed dependency cycle(s) with /ocp/interconnect@44c00000/segment@200000/target-module@b000/i2c@0/tda19988@70
[    0.586109] mdio_bus 4a101000.mdio: using DT '/ocp/interconnect@4a000000/segment@0/target-module@100000/switch@0/mdio@1000' for 'reset' GPIO lookup
[    0.586184] of_get_named_gpiod_flags: can't parse 'reset-gpios' property of node '/ocp/interconnect@4a000000/segment@0/target-module@100000/switch@0/mdio@1000[0]'
[    0.586235] of_get_named_gpiod_flags: can't parse 'reset-gpio' property of node '/ocp/interconnect@4a000000/segment@0/target-module@100000/switch@0/mdio@1000[0]'
[    0.586286] mdio_bus 4a101000.mdio: using lookup tables for GPIO lookup
[    0.586297] mdio_bus 4a101000.mdio: No GPIO consumer reset found
[    0.587719] sdhci-omap 481d8000.mmc: using DT '/ocp/interconnect@48000000/segment@100000/target-module@d8000/mmc@0' for 'wp' GPIO lookup
[    0.587785] of_get_named_gpiod_flags: can't parse 'wp-gpios' property of node '/ocp/interconnect@48000000/segment@100000/target-module@d8000/mmc@0[0]'
[    0.587830] of_get_named_gpiod_flags: can't parse 'wp-gpio' property of node '/ocp/interconnect@48000000/segment@100000/target-module@d8000/mmc@0[0]'
[    0.587866] sdhci-omap 481d8000.mmc: using lookup tables for GPIO lookup
[    0.587877] sdhci-omap 481d8000.mmc: No GPIO consumer wp found
[    0.588068] sdhci-omap 481d8000.mmc: supply pbias not found, using dummy regulator
[    0.588545] sdhci-omap 481d8000.mmc: supply vqmmc not found, using dummy regulator
[    0.669980] davinci_mdio 4a101000.mdio: davinci mdio revision 1.6, bus freq 1000000
[    0.686596] mdio_bus 4a101000.mdio:00: using DT '/ocp/interconnect@4a000000/segment@0/target-module@100000/switch@0/mdio@1000/ethernet-phy@0' for 'reset' GPIO lookup
[    0.686703] of_get_named_gpiod_flags: parsed 'reset-gpios' property of node '/ocp/interconnect@4a000000/segment@0/target-module@100000/switch@0/mdio@1000/ethernet-phy@0[0]' - status (0)
[    0.686870] gpio gpiochip0: Persistence not supported for GPIO 8
[    0.774947] davinci_mdio 4a101000.mdio: phy[0]: device 4a101000.mdio:00, driver SMSC LAN8710/LAN8720
[    0.775596] cpsw-switch 4a100000.switch: initialized cpsw ale version 1.4
[    0.775618] cpsw-switch 4a100000.switch: ALE Table size 1024
[    0.775910] cpsw-switch 4a100000.switch: cpts: overflow check period 500 (jiffies)
[    0.775928] cpsw-switch 4a100000.switch: CPTS: ref_clk_freq:250000000 calc_mult:2147483648 calc_shift:29 error:0 nsec/sec
[    0.776035] cpsw-switch 4a100000.switch: Detected MACID = 6c:ec:eb:68:de:78
[    0.777846] cpsw-switch 4a100000.switch: initialized (regs 0x4a100000, pool size 256) hw_ver:0019010C 1.12 (0)
[    0.788922] debugfs: Directory '49000000.dma' with parent 'dmaengine' already present!
[    0.788964] edma 49000000.dma: TI EDMA DMA engine driver
[    0.839367] hw perfevents: enabled with armv7_cortex_a8 PMU driver, 5 counters available
[    0.840234] gpio-clk clk_mcasp0: using DT '/clk_mcasp0' for 'enable' GPIO lookup
[    0.840301] of_get_named_gpiod_flags: parsed 'enable-gpios' property of node '/clk_mcasp0[0]' - status (0)
[    0.840342] gpio gpiochip0: Persistence not supported for GPIO 27
[    0.841153] gpiochip_find_base: found new base at 608
[    0.841213] gpio gpiochip3: (gpio-96-127): created GPIO range 0->7 ==> 44e10800.pinmux PIN 82->89
[    0.841232] gpio gpiochip3: (gpio-96-127): created GPIO range 8->11 ==> 44e10800.pinmux PIN 52->55
[    0.841248] gpio gpiochip3: (gpio-96-127): created GPIO range 12->15 ==> 44e10800.pinmux PIN 94->97
[    0.841263] gpio gpiochip3: (gpio-96-127): created GPIO range 16->17 ==> 44e10800.pinmux PIN 71->72
[    0.841279] gpio gpiochip3: (gpio-96-127): created GPIO range 18->18 ==> 44e10800.pinmux PIN 135->135
[    0.841483] gpio gpiochip3: (gpio-96-127): created GPIO range 19->20 ==> 44e10800.pinmux PIN 108->109
[    0.841511] gpio gpiochip3: (gpio-96-127): created GPIO range 21->21 ==> 44e10800.pinmux PIN 73->73
[    0.841528] gpio gpiochip3: (gpio-96-127): created GPIO range 22->23 ==> 44e10800.pinmux PIN 8->9
[    0.841546] gpio gpiochip3: (gpio-96-127): created GPIO range 26->27 ==> 44e10800.pinmux PIN 10->11
[    0.841563] gpio gpiochip3: (gpio-96-127): created GPIO range 28->28 ==> 44e10800.pinmux PIN 74->74
[    0.841581] gpio gpiochip3: (gpio-96-127): created GPIO range 29->29 ==> 44e10800.pinmux PIN 81->81
[    0.841599] gpio gpiochip3: (gpio-96-127): created GPIO range 30->31 ==> 44e10800.pinmux PIN 28->29
[    0.848131] l3-aon-clkctrl:0000:0: failed to disable
[    0.859649] gpio gpiochip3: (gpio-96-127): added GPIO chardev (254:3)
[    0.859827] gpio gpiochip3: registered GPIOs 608 to 639 on gpio-96-127
[    0.877539] omap8250 44e09000.serial: using DT '/ocp/interconnect@44c00000/segment@200000/target-module@9000/serial@0' for 'rs485-term' GPIO lookup
[    0.877617] of_get_named_gpiod_flags: can't parse 'rs485-term-gpios' property of node '/ocp/interconnect@44c00000/segment@200000/target-module@9000/serial@0[0]'
[    0.877666] of_get_named_gpiod_flags: can't parse 'rs485-term-gpio' property of node '/ocp/interconnect@44c00000/segment@200000/target-module@9000/serial@0[0]'
[    0.877704] omap8250 44e09000.serial: using lookup tables for GPIO lookup
[    0.877714] omap8250 44e09000.serial: No GPIO consumer rs485-term found
[    0.877724] omap8250 44e09000.serial: using DT '/ocp/interconnect@44c00000/segment@200000/target-module@9000/serial@0' for 'rs485-rx-during-tx' GPIO lookup
[    0.877761] of_get_named_gpiod_flags: can't parse 'rs485-rx-during-tx-gpios' property of node '/ocp/interconnect@44c00000/segment@200000/target-module@9000/serial@0[0]'
[    0.877799] of_get_named_gpiod_flags: can't parse 'rs485-rx-during-tx-gpio' property of node '/ocp/interconnect@44c00000/segment@200000/target-module@9000/serial@0[0]'
[    0.877833] omap8250 44e09000.serial: using lookup tables for GPIO lookup
[    0.877841] omap8250 44e09000.serial: No GPIO consumer rs485-rx-during-tx found
[    0.878212] 44e09000.serial: ttyS0 at MMIO 0x44e09000 (irq = 34, base_baud = 3000000) is a 8250
[    0.878296] printk: console [ttyS0] enabled
[    2.023588] i2c i2c-0: using DT '/ocp/interconnect@44c00000/segment@200000/target-module@b000/i2c@0' for 'scl' GPIO lookup
[    2.023672] of_get_named_gpiod_flags: can't parse 'scl-gpios' property of node '/ocp/interconnect@44c00000/segment@200000/target-module@b000/i2c@0[0]'
[    2.023721] of_get_named_gpiod_flags: can't parse 'scl-gpio' property of node '/ocp/interconnect@44c00000/segment@200000/target-module@b000/i2c@0[0]'
[    2.023761] i2c i2c-0: using lookup tables for GPIO lookup
[    2.023774] i2c i2c-0: No GPIO consumer scl found
[    2.023797] i2c i2c-0: using DT '/ocp/interconnect@44c00000/segment@200000/target-module@b000/i2c@0' for 'sda' GPIO lookup
[    2.023836] of_get_named_gpiod_flags: can't parse 'sda-gpios' property of node '/ocp/interconnect@44c00000/segment@200000/target-module@b000/i2c@0[0]'
[    2.023877] of_get_named_gpiod_flags: can't parse 'sda-gpio' property of node '/ocp/interconnect@44c00000/segment@200000/target-module@b000/i2c@0[0]'
[    2.023912] i2c i2c-0: using lookup tables for GPIO lookup
[    2.023922] i2c i2c-0: No GPIO consumer sda found
[    2.057532] tps65217-pmic: Failed to locate of_node [id: -1]
[    2.063712] tps65217-bl: Failed to locate of_node [id: -1]
[    2.074968] tps65217 0-0024: TPS65217 ID 0xe version 1.2
[    2.080979] platform 4830e000.lcdc: Fixed dependency cycle(s) with /ocp/interconnect@44c00000/segment@200000/target-module@b000/i2c@0/tda19988@70
[    2.094463] i2c 0-0070: Fixed dependency cycle(s) with /ocp/interconnect@48000000/segment@300000/target-module@e000/lcdc@0
[    2.105880] omap_i2c 44e0b000.i2c: bus 0 rev0.11 at 400 kHz
[    2.113772] sdhci-omap 48060000.mmc: using DT '/ocp/interconnect@48000000/segment@0/target-module@60000/mmc@0' for 'cd' GPIO lookup
[    2.113874] of_get_named_gpiod_flags: parsed 'cd-gpios' property of node '/ocp/interconnect@48000000/segment@0/target-module@60000/mmc@0[0]' - status (0)
[    2.114001] gpio gpiochip3: Persistence not supported for GPIO 6
[    2.114026] omap_gpio 44e07000.gpio: Could not set line 6 debounce to 200000 microseconds (-22)
[    2.122942] sdhci-omap 48060000.mmc: Got CD GPIO
[    2.127594] sdhci-omap 48060000.mmc: using DT '/ocp/interconnect@48000000/segment@0/target-module@60000/mmc@0' for 'wp' GPIO lookup
[    2.127646] of_get_named_gpiod_flags: can't parse 'wp-gpios' property of node '/ocp/interconnect@48000000/segment@0/target-module@60000/mmc@0[0]'
[    2.127692] of_get_named_gpiod_flags: can't parse 'wp-gpio' property of node '/ocp/interconnect@48000000/segment@0/target-module@60000/mmc@0[0]'
[    2.127730] sdhci-omap 48060000.mmc: using lookup tables for GPIO lookup
[    2.127743] sdhci-omap 48060000.mmc: No GPIO consumer wp found
[    2.127944] sdhci-omap 48060000.mmc: supply pbias not found, using dummy regulator
[    2.137101] sdhci-omap 481d8000.mmc: using DT '/ocp/interconnect@48000000/segment@100000/target-module@d8000/mmc@0' for 'wp' GPIO lookup
[    2.137188] of_get_named_gpiod_flags: can't parse 'wp-gpios' property of node '/ocp/interconnect@48000000/segment@100000/target-module@d8000/mmc@0[0]'
[    2.137237] of_get_named_gpiod_flags: can't parse 'wp-gpio' property of node '/ocp/interconnect@48000000/segment@100000/target-module@d8000/mmc@0[0]'
[    2.137276] sdhci-omap 481d8000.mmc: using lookup tables for GPIO lookup
[    2.137289] sdhci-omap 481d8000.mmc: No GPIO consumer wp found
[    2.138710] sdhci-omap 48060000.mmc: supply vqmmc not found, using dummy regulator
[    2.147255] sdhci-omap 481d8000.mmc: supply pbias not found, using dummy regulator
[    2.155750] sdhci-omap 481d8000.mmc: supply vqmmc not found, using dummy regulator
[    2.194392] mmc1: SDHCI controller on 481d8000.mmc [481d8000.mmc] using External DMA
[    2.203546] mmc0: SDHCI controller on 48060000.mmc [48060000.mmc] using External DMA
[    2.212326] cpsw-switch 4a100000.switch: starting ndev. mode: dual_mac
[    2.255474] mmc0: new high speed SDHC card at address 5048
[    2.262461] mmcblk0: mmc0:5048 SD16G 14.4 GiB
[    2.270094]  mmcblk0: p1 p2
[    2.273487] mmcblk0: p2 size 31221760 extends beyond EOD, truncated
[    2.300163] mmc1: new high speed MMC card at address 0001
[    2.306922] mmcblk1: mmc1:0001 MMC04G 3.60 GiB
[    2.314233]  mmcblk1: p1 p2
[    2.317792] SMSC LAN8710/LAN8720 4a101000.mdio:00: attached PHY driver (mii_bus:phy_addr=4a101000.mdio:00, irq=POLL)
[    2.329369] mmcblk1boot0: mmc1:0001 MMC04G 2.00 MiB
[    2.336548] mmcblk1boot1: mmc1:0001 MMC04G 2.00 MiB
[    2.349119] mmcblk1rpmb: mmc1:0001 MMC04G 128 KiB, chardev (250:0)
[    5.522083] cpsw-switch 4a100000.switch eth0: Link is Up - 100Mbps/Full - flow control off
[    5.581354] IP-Config: Complete:
[    5.584625]      device=eth0, hwaddr=6c:ec:eb:68:de:78, ipaddr=192.168.255.1, mask=255.255.255.0, gw=255.255.255.255
[    5.595252]      host=bbb1, domain=, nis-domain=(none)
[    5.600417]      bootserver=192.168.255.126, rootserver=192.168.255.126, rootpath=
[    5.600844] clk: Disabling unused clocks
[    5.612695] KTAP version 1
[    5.615421] 1..0
[    5.647976] VFS: Mounted root (nfs filesystem) on device 0:16.
[    5.655104] devtmpfs: mounted
[    5.659722] Freeing unused kernel image (initmem) memory: 1024K
[    5.666415] Run /sbin/init as init process
[    5.670545]   with arguments:
[    5.670556]     /sbin/init
[    5.670565]     nfsrootdebug
[    5.670573]   with environment:
[    5.670580]     HOME=/
[    5.670588]     TERM=linux
[    6.348412] systemd[1]: System time before build time, advancing clock.
[    7.801355] random: crng init done
[    7.864302] systemd[1]: systemd 232 running in system mode. (+PAM +AUDIT +SELINUX +IMA +APPARMOR +SMACK +SYSVINIT +UTMP +LIBCRYPTSETUP +GCRYPT +GNUTLS +ACL +XZ +LZ4 +SECCOMP +BLKID +ELFUTILS +KMOD +IDN)
[    7.883402] systemd[1]: Detected architecture arm.
[    7.924239] systemd[1]: Set hostname to <arm>.
[    9.005248] systemd[1]: Reached target Swap.
[    9.042219] systemd[1]: Listening on udev Kernel Socket.
[    9.082976] systemd[1]: Set up automount Arbitrary Executable File Formats File System Automount Point.
[    9.122446] systemd[1]: Listening on Journal Audit Socket.
[    9.162179] systemd[1]: Started Forward Password Requests to Wall Directory Watch.
[    9.202924] systemd[1]: Created slice System Slice.
[    9.242709] systemd[1]: Created slice system-getty.slice.
[   11.602900] systemd-journald[85]: Received request to flush runtime journal from PID 1
[   14.196835] leds-gpio leds: using DT '/leds/led2' for '(null)' GPIO lookup
[   14.196945] of_get_named_gpiod_flags: parsed 'gpios' property of node '/leds/led2[0]' - status (0)
[   14.196998] gpio gpiochip0: Persistence not supported for GPIO 21
[   14.197012] gpio-533 (?): no flags found for (null)
[   14.197312] leds-gpio leds: using DT '/leds/led3' for '(null)' GPIO lookup
[   14.197366] of_get_named_gpiod_flags: parsed 'gpios' property of node '/leds/led3[0]' - status (0)
[   14.197400] gpio gpiochip0: Persistence not supported for GPIO 22
[   14.197412] gpio-534 (?): no flags found for (null)
[   14.232547] leds-gpio leds: using DT '/leds/led4' for '(null)' GPIO lookup
[   14.232643] of_get_named_gpiod_flags: parsed 'gpios' property of node '/leds/led4[0]' - status (0)
[   14.232689] gpio gpiochip0: Persistence not supported for GPIO 23
[   14.232702] gpio-535 (?): no flags found for (null)
[   14.267043] leds-gpio leds: using DT '/leds/led5' for '(null)' GPIO lookup
[   14.267145] of_get_named_gpiod_flags: parsed 'gpios' property of node '/leds/led5[0]' - status (0)
[   14.267198] gpio gpiochip0: Persistence not supported for GPIO 24
[   14.267211] gpio-536 (?): no flags found for (null)
[   14.542892] remoteproc remoteproc0: wkup_m3 is available
[   14.844183] omap_rtc 44e3e000.rtc: registered as rtc0
[   14.849356] omap_rtc 44e3e000.rtc: setting system clock to 2000-01-01T00:00:00 UTC (946684800)
[   14.858363] omap_rtc 44e3e000.rtc: using DT '/ocp/interconnect@44c00000/segment@200000/target-module@3e000/rtc@0' for 'wp' GPIO lookup
[   14.858445] of_get_named_gpiod_flags: can't parse 'wp-gpios' property of node '/ocp/interconnect@44c00000/segment@200000/target-module@3e000/rtc@0[0]'
[   14.858496] of_get_named_gpiod_flags: can't parse 'wp-gpio' property of node '/ocp/interconnect@44c00000/segment@200000/target-module@3e000/rtc@0[0]'
[   14.858537] omap_rtc 44e3e000.rtc: using lookup tables for GPIO lookup
[   14.858551] omap_rtc 44e3e000.rtc: No GPIO consumer wp found
[   14.993392] omap_wdt: OMAP Watchdog Timer Rev 0x01: initial timeout 60 sec
[   15.070212] am335x-phy-driver 47401300.usb-phy: using DT '/ocp/target-module@47400000/usb-phy@1300' for 'reset' GPIO lookup
[   15.070301] of_get_named_gpiod_flags: can't parse 'reset-gpios' property of node '/ocp/target-module@47400000/usb-phy@1300[0]'
[   15.070346] of_get_named_gpiod_flags: can't parse 'reset-gpio' property of node '/ocp/target-module@47400000/usb-phy@1300[0]'
[   15.070385] am335x-phy-driver 47401300.usb-phy: using lookup tables for GPIO lookup
[   15.070399] am335x-phy-driver 47401300.usb-phy: No GPIO consumer reset found
[   15.070411] am335x-phy-driver 47401300.usb-phy: using DT '/ocp/target-module@47400000/usb-phy@1300' for 'vbus-detect' GPIO lookup
[   15.070441] of_get_named_gpiod_flags: can't parse 'vbus-detect-gpios' property of node '/ocp/target-module@47400000/usb-phy@1300[0]'
[   15.070472] of_get_named_gpiod_flags: can't parse 'vbus-detect-gpio' property of node '/ocp/target-module@47400000/usb-phy@1300[0]'
[   15.070498] am335x-phy-driver 47401300.usb-phy: using lookup tables for GPIO lookup
[   15.070509] am335x-phy-driver 47401300.usb-phy: No GPIO consumer vbus-detect found
[   15.070653] am335x-phy-driver 47401300.usb-phy: dummy supplies not allowed for exclusive requests
[   15.334296] at24 2-0054: supply vcc not found, using dummy regulator
[   15.384780] tps6521x_pwrbutton tps65217-pwrbutton: DMA mask not set
[   15.467427] at24 2-0055: supply vcc not found, using dummy regulator
[   15.484819] input: tps65217_pwrbutton as /devices/platform/ocp/44c00000.interconnect/44c00000.interconnect:segment@200000/44e0b000.target-module/44e0b000.i2c/i2c-0/0-0024/tps65217-pwrbutton/input/input0
[   15.546190] wkup_m3_ipc 44e11324.wkup_m3_ipc: IPC Request for A8->M3 Channel failed! -517
[   15.571984] at24 2-0056: supply vcc not found, using dummy regulator
[   15.654344] at24 2-0057: supply vcc not found, using dummy regulator
[   15.719026] am335x-phy-driver 47401b00.usb-phy: using DT '/ocp/target-module@47400000/usb-phy@1b00' for 'reset' GPIO lookup
[   15.719122] of_get_named_gpiod_flags: can't parse 'reset-gpios' property of node '/ocp/target-module@47400000/usb-phy@1b00[0]'
[   15.719168] of_get_named_gpiod_flags: can't parse 'reset-gpio' property of node '/ocp/target-module@47400000/usb-phy@1b00[0]'
[   15.719205] am335x-phy-driver 47401b00.usb-phy: using lookup tables for GPIO lookup
[   15.719219] am335x-phy-driver 47401b00.usb-phy: No GPIO consumer reset found
[   15.719232] am335x-phy-driver 47401b00.usb-phy: using DT '/ocp/target-module@47400000/usb-phy@1b00' for 'vbus-detect' GPIO lookup
[   15.719264] of_get_named_gpiod_flags: can't parse 'vbus-detect-gpios' property of node '/ocp/target-module@47400000/usb-phy@1b00[0]'
[   15.719297] of_get_named_gpiod_flags: can't parse 'vbus-detect-gpio' property of node '/ocp/target-module@47400000/usb-phy@1b00[0]'
[   15.719323] am335x-phy-driver 47401b00.usb-phy: using lookup tables for GPIO lookup
[   15.719334] am335x-phy-driver 47401b00.usb-phy: No GPIO consumer vbus-detect found
[   15.719481] am335x-phy-driver 47401b00.usb-phy: dummy supplies not allowed for exclusive requests
[   15.736861] wkup_m3_ipc 44e11324.wkup_m3_ipc: IPC Request for A8->M3 Channel failed! -517
[   15.816477] at24 0-0050: using DT '/ocp/interconnect@44c00000/segment@200000/target-module@b000/i2c@0/baseboard_eeprom@50' for 'wp' GPIO lookup
[   15.816700] of_get_named_gpiod_flags: can't parse 'wp-gpios' property of node '/ocp/interconnect@44c00000/segment@200000/target-module@b000/i2c@0/baseboard_eeprom@50[0]'
[   15.816818] of_get_named_gpiod_flags: can't parse 'wp-gpio' property of node '/ocp/interconnect@44c00000/segment@200000/target-module@b000/i2c@0/baseboard_eeprom@50[0]'
[   15.816916] at24 0-0050: using lookup tables for GPIO lookup
[   15.816932] at24 0-0050: No GPIO consumer wp found
[   15.817400] at24 0-0050: 32768 byte 24c256 EEPROM, writable, 1 bytes/write
[   15.863532] wkup_m3_ipc 44e11324.wkup_m3_ipc: IPC Request for A8->M3 Channel failed! -517
[   16.292984] wkup_m3_ipc 44e11324.wkup_m3_ipc: IPC Request for A8->M3 Channel failed! -517
[   16.302884] usbcore: registered new interface driver usbfs
[   16.308501] usbcore: registered new interface driver hub
[   16.314150] usbcore: registered new device driver usb
[   17.098630] wkup_m3_ipc 44e11324.wkup_m3_ipc: IPC Request for A8->M3 Channel failed! -517
[   17.287036] musb-hdrc musb-hdrc.1: MUSB HDRC host driver
[   17.292669] musb-hdrc musb-hdrc.1: new USB bus registered, assigned bus number 1
[   17.318359] wkup_m3_ipc 44e11324.wkup_m3_ipc: IPC Request for A8->M3 Channel failed! -517
[   17.465801] tda998x 0-0070: found TDA19988
[   17.533544] usb usb1: New USB device found, idVendor=1d6b, idProduct=0002, bcdDevice= 6.06
[   17.542598] usb usb1: New USB device strings: Mfr=3, Product=2, SerialNumber=1
[   17.549872] usb usb1: Product: MUSB HDRC host driver
[   17.554992] usb usb1: Manufacturer: Linux 6.6.65 musb-hcd
[   17.560422] usb usb1: SerialNumber: musb-hdrc.1
[   17.666374] wkup_m3_ipc 44e11324.wkup_m3_ipc: IPC Request for A8->M3 Channel failed! -517
[   17.736425] hub 1-0:1.0: USB hub found
[   17.782799] hub 1-0:1.0: 1 port detected
[   17.821548] wkup_m3_ipc 44e11324.wkup_m3_ipc: IPC Request for A8->M3 Channel failed! -517
[   17.843059] wkup_m3_ipc 44e11324.wkup_m3_ipc: IPC Request for A8->M3 Channel failed! -517
[   18.064407] omap-mailbox 480c8000.mailbox: omap mailbox rev 0x400
[   18.170548] remoteproc remoteproc0: powering up wkup_m3
[   18.349399] remoteproc remoteproc0: Direct firmware load for am335x-pm-firmware.elf failed with error -2
[   18.359234] remoteproc remoteproc0: request_firmware failed: -2
[   18.365338] wkup_m3_ipc 44e11324.wkup_m3_ipc: rproc_boot failed
[   20.391528] tilcdc 4830e000.lcdc: bound 0-0070 (ops 0xbf07f030)
[   20.520376] [drm] Initialized tilcdc 1.0.0 20121205 for 4830e000.lcdc on minor 0
[   20.598876] omap_rng 48310000.rng: Random Number Generator ver. 20
[   20.634284] tilcdc 4830e000.lcdc: [drm] Cannot find any crtc or sizes
[   20.673989] tilcdc 4830e000.lcdc: [drm] Cannot find any crtc or sizes
[   21.808639] omap-sham 53100000.sham: hw accel on OMAP rev 4.3
[   21.850204] PM: Cannot get wkup_m3_ipc handle
[   22.008747] omap-sham 53100000.sham: will run requests pump with realtime priority
[   22.027448] PM: Cannot get wkup_m3_ipc handle
[   22.176082] omap-aes 53500000.aes: OMAP AES hw accel rev: 3.2
[   22.345481] omap-aes 53500000.aes: will run requests pump with realtime priority
[   22.355591] PM: Cannot get wkup_m3_ipc handle
[   22.857389] Bluetooth: Core ver 2.22
[   22.861206] NET: Registered PF_BLUETOOTH protocol family
[   22.866732] Bluetooth: HCI device and connection manager initialized
[   22.873198] Bluetooth: HCI socket layer initialized
[   22.878112] Bluetooth: L2CAP socket layer initialized
[   22.883270] Bluetooth: SCO socket layer initialized
[   25.709967] PM: Cannot get wkup_m3_ipc handle
[   25.715973] asoc-simple-card sound: using DT '/sound' for 'simple-audio-card,hp-det' GPIO lookup
[   25.716041] of_get_named_gpiod_flags: can't parse 'simple-audio-card,hp-det-gpios' property of node '/sound[0]'
[   25.716075] of_get_named_gpiod_flags: can't parse 'simple-audio-card,hp-det-gpio' property of node '/sound[0]'
[   25.716098] asoc-simple-card sound: using lookup tables for GPIO lookup
[   25.716112] asoc-simple-card sound: No GPIO consumer simple-audio-card,hp-det found
[   25.716124] asoc-simple-card sound: using DT '/sound' for 'simple-audio-card,mic-det' GPIO lookup
[   25.716148] of_get_named_gpiod_flags: can't parse 'simple-audio-card,mic-det-gpios' property of node '/sound[0]'
[   25.716172] of_get_named_gpiod_flags: can't parse 'simple-audio-card,mic-det-gpio' property of node '/sound[0]'
[   25.716191] asoc-simple-card sound: using lookup tables for GPIO lookup
[   25.716202] asoc-simple-card sound: No GPIO consumer simple-audio-card,mic-det found
[   25.825804] PM: Cannot get wkup_m3_ipc handle
[   27.865859] userial_init: registered 8 ttyGS* devices
[   28.072820] rndis_register: configNr = 0
[   28.145144] udc musb-hdrc.0: binding gadget driver [g_multi]
[   28.145234] configfs-gadget.g_multi gadget.0: adding 'rndis'/1c8edd4c to config 'c'/6883ec86
[   28.146385] configfs-gadget.g_multi gadget.0: HOST MAC 1c:ba:8c:a2:ed:6c
[   28.153392] configfs-gadget.g_multi gadget.0: MAC 1c:ba:8c:a2:ed:70
[   28.159742] rndis_set_param_medium: 0 0
[   28.159761] configfs-gadget.g_multi gadget.0: RNDIS: IN/ep1in OUT/ep1out NOTIFY/ep2in
[   28.159777] configfs-gadget.g_multi gadget.0: adding 'cdc_ethernet'/30cf10ca to config 'c'/6883ec86
[   28.160781] configfs-gadget.g_multi gadget.0: HOST MAC 1c:ba:8c:a2:ed:6c
[   28.167654] configfs-gadget.g_multi gadget.0: MAC 1c:ba:8c:a2:ed:6d
[   28.174047] configfs-gadget.g_multi gadget.0: CDC Ethernet: IN/ep3in OUT/ep2out NOTIFY/ep4in
[   28.174066] configfs-gadget.g_multi gadget.0: adding 'acm'/4cddf138 to config 'c'/6883ec86
[   28.174102] configfs-gadget.g_multi gadget.0: acm ttyGS0: IN/ep5in OUT/ep3out NOTIFY/ep6in
[   28.175236] PM: Cannot get wkup_m3_ipc handle
[   29.334192] configfs-gadget.g_multi gadget.0: eth_open
[   30.109133] configfs-gadget.g_multi gadget.0: stop stats: rx/tx 0/0, errs 0/0
[   34.663504] gs_open: ttyGS0 (a978add7,9db1fb2e)
[   34.663651] gs_close: ttyGS0 (a978add7,9db1fb2e) ...
[   34.663671] gs_close: ttyGS0 (a978add7,9db1fb2e) done!
[   34.663839] gs_open: ttyGS0 (e392bcf7,d7cb5e9c)
[   34.663907] gs_close: ttyGS0 (e392bcf7,d7cb5e9c) ...
[   34.663923] gs_close: ttyGS0 (e392bcf7,d7cb5e9c) done!
[   34.833526] gs_open: ttyGS0 (9b341234,0cde1666)
[   34.833760] gs_close: ttyGS0 (9b341234,0cde1666) ...
[   34.833786] gs_close: ttyGS0 (9b341234,0cde1666) done!
[   34.833984] gs_open: ttyGS0 (ff0f6ba4,0a072c48)
SWVGJHHLJP 0
root@arm:~# echo 'WYLW''THNTQQ'
WYLWTHNTQQ
root@arm:~# MARKER='LPSQ''VYTXHZ' run 'modprobe test_linear_ranges'
LPSQVYTXHZLPSQVYTXHZ 0
root@arm:~# echo 'MEHG''LCYQZU'
MEHGLCYQZU
root@arm:~# MARKER='TWYO''OZBVCP' run dmesg
TWYOOZBVCP[    0.000000] Booting Linux on physical CPU 0x0
[    0.000000] Linux version 6.6.65 (user01@drvtest01) (arm-linux-gnueabihf-gcc (Linaro GCC 6.4-2017.11) 6.4.1 20171012, GNU ld (Linaro_Binutils-2017.11) 2.27.0.20161229) #16 SMP Wed Dec 11 17:34:08 EET 2024
[    0.000000] CPU: ARMv7 Processor [413fc082] revision 2 (ARMv7), cr=10c5387d
[    0.000000] CPU: PIPT / VIPT nonaliasing data cache, VIPT aliasing instruction cache
[    0.000000] OF: fdt: Machine model: TI AM335x BeagleBone Black
[    0.000000] Memory policy: Data cache writeback
[    0.000000] cma: Reserved 16 MiB at 0x9e800000 on node -1
[    0.000000] Zone ranges:
[    0.000000]   Normal   [mem 0x0000000080000000-0x000000009fdfffff]
[    0.000000]   HighMem  empty
[    0.000000] Movable zone start for each node
[    0.000000] Early memory node ranges
[    0.000000]   node   0: [mem 0x0000000080000000-0x000000009fdfffff]
[    0.000000] Initmem setup node 0 [mem 0x0000000080000000-0x000000009fdfffff]
[    0.000000] CPU: All CPU(s) started in SVC mode.
[    0.000000] AM335X ES2.1 (sgx neon)
[    0.000000] percpu: Embedded 16 pages/cpu s36052 r8192 d21292 u65536
[    0.000000] pcpu-alloc: s36052 r8192 d21292 u65536 alloc=16*4096
[    0.000000] pcpu-alloc: [0] 0 
[    0.000000] Kernel command line: console=ttyO0,115200n8 root=/dev/nfs rw nfsroot=192.168.255.126:/home/user01/nfs,nfsvers=3 ip=192.168.255.1:192.168.255.126::255.255.255.0:bbb1:eth0 nfsrootdebug
[    0.000000] Unknown kernel command line parameters "nfsrootdebug", will be passed to user space.
[    0.000000] Dentry cache hash table entries: 65536 (order: 6, 262144 bytes, linear)
[    0.000000] Inode-cache hash table entries: 32768 (order: 5, 131072 bytes, linear)
[    0.000000] Built 1 zonelists, mobility grouping on.  Total pages: 129412
[    0.000000] mem auto-init: stack:off, heap alloc:off, heap free:off
[    0.000000] Memory: 483604K/522240K available (11264K kernel code, 1163K rwdata, 2704K rodata, 1024K init, 283K bss, 22252K reserved, 16384K cma-reserved, 0K highmem)
[    0.000000] SLUB: HWalign=64, Order=0-3, MinObjects=0, CPUs=1, Nodes=1
[    0.000000] trace event string verifier disabled
[    0.000000] rcu: Hierarchical RCU implementation.
[    0.000000] rcu: 	RCU event tracing is enabled.
[    0.000000] rcu: 	RCU restricting CPUs from NR_CPUS=2 to nr_cpu_ids=1.
[    0.000000] rcu: RCU calculated value of scheduler-enlistment delay is 10 jiffies.
[    0.000000] rcu: Adjusting geometry for rcu_fanout_leaf=16, nr_cpu_ids=1
[    0.000000] NR_IRQS: 16, nr_irqs: 16, preallocated irqs: 16
[    0.000000] IRQ: Found an INTC at 0x(ptrval) (revision 5.0) with 128 interrupts
[    0.000000] rcu: srcu_init: Setting srcu_struct sizes based on contention.
[    0.000000] TI gptimer clocksource: always-on /ocp/interconnect@44c00000/segment@200000/target-module@31000
[    0.000003] sched_clock: 32 bits at 24MHz, resolution 41ns, wraps every 89478484971ns
[    0.000027] clocksource: dmtimer: mask: 0xffffffff max_cycles: 0xffffffff, max_idle_ns: 79635851949 ns
[    0.000531] TI gptimer clockevent: 24000000 Hz at /ocp/interconnect@48000000/segment@0/target-module@40000
[    0.002122] Console: colour dummy device 80x30
[    0.002172] WARNING: Your 'console=ttyO0' has been replaced by 'ttyS0'
[    0.002180] This ensures that you still see kernel messages. Please
[    0.002185] update your kernel commandline.
[    0.002226] Calibrating delay loop... 996.14 BogoMIPS (lpj=4980736)
[    0.090586] CPU: Testing write buffer coherency: ok
[    0.090694] CPU0: Spectre v2: using BPIALL workaround
[    0.090707] pid_max: default: 32768 minimum: 301
[    0.090825] LSM: initializing lsm=capability,integrity
[    0.090999] Mount-cache hash table entries: 1024 (order: 0, 4096 bytes, linear)
[    0.091017] Mountpoint-cache hash table entries: 1024 (order: 0, 4096 bytes, linear)
[    0.092524] CPU0: thread -1, cpu 0, socket -1, mpidr 0
[    0.094171] Setting up static identity map for 0x80100000 - 0x80100078
[    0.094464] rcu: Hierarchical SRCU implementation.
[    0.094477] rcu: 	Max phase no-delay instances is 1000.
[    0.095859] smp: Bringing up secondary CPUs ...
[    0.095912] smp: Brought up 1 node, 1 CPU
[    0.095925] SMP: Total of 1 processors activated (996.14 BogoMIPS).
[    0.095937] CPU: All CPU(s) started in SVC mode.
[    0.096837] devtmpfs: initialized
[    0.113850] VFP support v0.3: implementor 41 architecture 3 part 30 variant c rev 3
[    0.114197] clocksource: jiffies: mask: 0xffffffff max_cycles: 0xffffffff, max_idle_ns: 19112604462750000 ns
[    0.114231] futex hash table entries: 256 (order: 2, 16384 bytes, linear)
[    0.115500] pinctrl core: initialized pinctrl subsystem
[    0.118232] NET: Registered PF_NETLINK/PF_ROUTE protocol family
[    0.121028] DMA: preallocated 256 KiB pool for atomic coherent allocations
[    0.121656] audit: initializing netlink subsys (disabled)
[    0.122982] thermal_sys: Registered thermal governor 'fair_share'
[    0.123001] thermal_sys: Registered thermal governor 'step_wise'
[    0.123007] thermal_sys: Registered thermal governor 'user_space'
[    0.123116] audit: type=2000 audit(0.120:1): state=initialized audit_enabled=0 res=1
[    0.123193] cpuidle: using governor menu
[    0.140402] No ATAGs?
[    0.140428] hw-breakpoint: debug architecture 0x4 unsupported.
[    0.143715] kprobes: kprobe jump-optimization is enabled. All kprobes are optimized if possible.
[    0.163568] iommu: Default domain type: Translated
[    0.163589] iommu: DMA domain TLB invalidation policy: strict mode
[    0.165067] SCSI subsystem initialized
[    0.165885] reg-fixed-voltage fixedregulator0: using DT '/fixedregulator0' for '(null)' GPIO lookup
[    0.165937] of_get_named_gpiod_flags: can't parse 'gpios' property of node '/fixedregulator0[0]'
[    0.165967] of_get_named_gpiod_flags: can't parse 'gpio' property of node '/fixedregulator0[0]'
[    0.165986] reg-fixed-voltage fixedregulator0: using lookup tables for GPIO lookup
[    0.165997] reg-fixed-voltage fixedregulator0: No GPIO consumer (null) found
[    0.170896] libata version 3.00 loaded.
[    0.171261] pps_core: LinuxPPS API ver. 1 registered
[    0.171272] pps_core: Software ver. 5.3.6 - Copyright 2005-2007 Rodolfo Giometti <giometti@linux.it>
[    0.171296] PTP clock support registered
[    0.180953] vgaarb: loaded
[    0.181329] clocksource: Switched to clocksource dmtimer
[    0.181943] VFS: Disk quotas dquot_6.6.0
[    0.182002] VFS: Dquot-cache hash table entries: 1024 (order 0, 4096 bytes)
[    0.205074] NET: Registered PF_INET protocol family
[    0.205420] IP idents hash table entries: 8192 (order: 4, 65536 bytes, linear)
[    0.206801] tcp_listen_portaddr_hash hash table entries: 512 (order: 0, 4096 bytes, linear)
[    0.206837] Table-perturb hash table entries: 65536 (order: 6, 262144 bytes, linear)
[    0.206853] TCP established hash table entries: 4096 (order: 2, 16384 bytes, linear)
[    0.206895] TCP bind hash table entries: 4096 (order: 4, 65536 bytes, linear)
[    0.206996] TCP: Hash tables configured (established 4096 bind 4096)
[    0.207129] UDP hash table entries: 256 (order: 1, 8192 bytes, linear)
[    0.207159] UDP-Lite hash table entries: 256 (order: 1, 8192 bytes, linear)
[    0.207337] NET: Registered PF_UNIX/PF_LOCAL protocol family
[    0.212673] RPC: Registered named UNIX socket transport module.
[    0.212698] RPC: Registered udp transport module.
[    0.212704] RPC: Registered tcp transport module.
[    0.212710] RPC: Registered tcp-with-tls transport module.
[    0.212715] RPC: Registered tcp NFSv4.1 backchannel transport module.
[    0.212740] PCI: CLS 0 bytes, default 64
[    0.214396] Initialise system trusted keyrings
[    0.221842] workingset: timestamp_bits=14 max_order=17 bucket_order=3
[    0.223090] NFS: Registering the id_resolver key type
[    0.223204] Key type id_resolver registered
[    0.223211] Key type id_legacy registered
[    0.223266] jffs2: version 2.2. (NAND) (SUMMARY)  Â© 2001-2006 Red Hat, Inc.
[    0.223738] Key type asymmetric registered
[    0.223755] Asymmetric key parser 'x509' registered
[    0.223824] io scheduler mq-deadline registered
[    0.223835] io scheduler kyber registered
[    0.223904] io scheduler bfq registered
[    0.241496] Serial: 8250/16550 driver, 6 ports, IRQ sharing enabled
[    0.290538] brd: module loaded
[    0.306259] loop: module loaded
[    0.307195] mtdoops: mtd device (mtddev=name/number) must be supplied
[    0.308682] mdio_bus fixed-0: using lookup tables for GPIO lookup
[    0.308706] mdio_bus fixed-0: No GPIO consumer reset found
[    0.309947] i2c_dev: i2c /dev entries driver
[    0.310923] cpuidle: enable-method property 'ti,am3352' found operations
[    0.311566] sdhci: Secure Digital Host Controller Interface driver
[    0.311578] sdhci: Copyright(c) Pierre Ossman
[    0.311776] sdhci-pltfm: SDHCI platform and OF driver helper
[    0.327905] ledtrig-cpu: registered to indicate activity on CPUs
[    0.328725] Initializing XFRM netlink socket
[    0.328887] NET: Registered PF_INET6 protocol family
[    0.330596] Segment Routing with IPv6
[    0.330673] In-situ OAM (IOAM) with IPv6
[    0.330776] sit: IPv6, IPv4 and MPLS over IPv4 tunneling driver
[    0.331949] NET: Registered PF_PACKET protocol family
[    0.331985] NET: Registered PF_KEY protocol family
[    0.332105] Key type dns_resolver registered
[    0.332388] ThumbEE CPU extension supported.
[    0.332410] Registering SWP/SWPB emulation handler
[    0.332925] omap_voltage_late_init: Voltage driver support not added
[    0.333273] SmartReflex Class3 initialized
[    0.352551] Loading compiled-in X.509 certificates
[    0.410222] gpiochip_find_base: found new base at 512
[    0.416598] platform 44e10800.pinmux: Fixed dependency cycle(s) with /ocp/interconnect@44c00000/segment@200000/target-module@10000/scm@0/pinmux@800/clkout2-pins
[    0.417158] pinctrl-single 44e10800.pinmux: 142 pins, size 568
[    0.422339] ti-sysc: probe of 44e31000.target-module failed with error -16
[    0.458729] ti-sysc: probe of 48040000.target-module failed with error -16
[    0.469734] gpiochip_find_base: found new base at 512
[    0.469803] gpio gpiochip0: (gpio-0-31): created GPIO range 0->7 ==> 44e10800.pinmux PIN 0->7
[    0.469823] gpio gpiochip0: (gpio-0-31): created GPIO range 8->11 ==> 44e10800.pinmux PIN 90->93
[    0.469839] gpio gpiochip0: (gpio-0-31): created GPIO range 12->27 ==> 44e10800.pinmux PIN 12->27
[    0.469854] gpio gpiochip0: (gpio-0-31): created GPIO range 28->31 ==> 44e10800.pinmux PIN 30->33
[    0.504844] gpio gpiochip0: (gpio-0-31): added GPIO chardev (254:0)
[    0.505020] gpio gpiochip0: registered GPIOs 512 to 543 on gpio-0-31
[    0.505106] OMAP GPIO hardware version 0.1
[    0.545088] i2c i2c-2: using DT '/ocp/interconnect@48000000/segment@100000/target-module@9c000/i2c@0' for 'scl' GPIO lookup
[    0.545161] of_get_named_gpiod_flags: can't parse 'scl-gpios' property of node '/ocp/interconnect@48000000/segment@100000/target-module@9c000/i2c@0[0]'
[    0.545206] of_get_named_gpiod_flags: can't parse 'scl-gpio' property of node '/ocp/interconnect@48000000/segment@100000/target-module@9c000/i2c@0[0]'
[    0.545243] i2c i2c-2: using lookup tables for GPIO lookup
[    0.545253] i2c i2c-2: No GPIO consumer scl found
[    0.545275] i2c i2c-2: using DT '/ocp/interconnect@48000000/segment@100000/target-module@9c000/i2c@0' for 'sda' GPIO lookup
[    0.545311] of_get_named_gpiod_flags: can't parse 'sda-gpios' property of node '/ocp/interconnect@48000000/segment@100000/target-module@9c000/i2c@0[0]'
[    0.545349] of_get_named_gpiod_flags: can't parse 'sda-gpio' property of node '/ocp/interconnect@48000000/segment@100000/target-module@9c000/i2c@0[0]'
[    0.545382] i2c i2c-2: using lookup tables for GPIO lookup
[    0.545390] i2c i2c-2: No GPIO consumer sda found
[    0.546128] omap_i2c 4819c000.i2c: bus 2 rev0.11 at 100 kHz
[    0.551507] gpiochip_find_base: found new base at 544
[    0.551574] gpio gpiochip1: (gpio-32-63): created GPIO range 0->17 ==> 44e10800.pinmux PIN 34->51
[    0.551594] gpio gpiochip1: (gpio-32-63): created GPIO range 18->21 ==> 44e10800.pinmux PIN 77->80
[    0.551609] gpio gpiochip1: (gpio-32-63): created GPIO range 22->31 ==> 44e10800.pinmux PIN 56->65
[    0.552972] gpio gpiochip1: (gpio-32-63): added GPIO chardev (254:1)
[    0.553119] gpio gpiochip1: registered GPIOs 544 to 575 on gpio-32-63
[    0.555349] gpiochip_find_base: found new base at 576
[    0.555407] gpio gpiochip2: (gpio-64-95): created GPIO range 0->4 ==> 44e10800.pinmux PIN 66->70
[    0.555426] gpio gpiochip2: (gpio-64-95): created GPIO range 5->6 ==> 44e10800.pinmux PIN 98->99
[    0.555442] gpio gpiochip2: (gpio-64-95): created GPIO range 7->8 ==> 44e10800.pinmux PIN 75->76
[    0.555457] gpio gpiochip2: (gpio-64-95): created GPIO range 13->13 ==> 44e10800.pinmux PIN 141->141
[    0.555473] gpio gpiochip2: (gpio-64-95): created GPIO range 14->21 ==> 44e10800.pinmux PIN 100->107
[    0.566993] gpio gpiochip2: (gpio-64-95): added GPIO chardev (254:2)
[    0.567139] gpio gpiochip2: registered GPIOs 576 to 607 on gpio-64-95
[    0.576790] platform 4830e000.lcdc: Fixed dependency cycle(s) with /ocp/interconnect@44c00000/segment@200000/target-module@b000/i2c@0/tda19988@70
[    0.586109] mdio_bus 4a101000.mdio: using DT '/ocp/interconnect@4a000000/segment@0/target-module@100000/switch@0/mdio@1000' for 'reset' GPIO lookup
[    0.586184] of_get_named_gpiod_flags: can't parse 'reset-gpios' property of node '/ocp/interconnect@4a000000/segment@0/target-module@100000/switch@0/mdio@1000[0]'
[    0.586235] of_get_named_gpiod_flags: can't parse 'reset-gpio' property of node '/ocp/interconnect@4a000000/segment@0/target-module@100000/switch@0/mdio@1000[0]'
[    0.586286] mdio_bus 4a101000.mdio: using lookup tables for GPIO lookup
[    0.586297] mdio_bus 4a101000.mdio: No GPIO consumer reset found
[    0.587719] sdhci-omap 481d8000.mmc: using DT '/ocp/interconnect@48000000/segment@100000/target-module@d8000/mmc@0' for 'wp' GPIO lookup
[    0.587785] of_get_named_gpiod_flags: can't parse 'wp-gpios' property of node '/ocp/interconnect@48000000/segment@100000/target-module@d8000/mmc@0[0]'
[    0.587830] of_get_named_gpiod_flags: can't parse 'wp-gpio' property of node '/ocp/interconnect@48000000/segment@100000/target-module@d8000/mmc@0[0]'
[    0.587866] sdhci-omap 481d8000.mmc: using lookup tables for GPIO lookup
[    0.587877] sdhci-omap 481d8000.mmc: No GPIO consumer wp found
[    0.588068] sdhci-omap 481d8000.mmc: supply pbias not found, using dummy regulator
[    0.588545] sdhci-omap 481d8000.mmc: supply vqmmc not found, using dummy regulator
[    0.669980] davinci_mdio 4a101000.mdio: davinci mdio revision 1.6, bus freq 1000000
[    0.686596] mdio_bus 4a101000.mdio:00: using DT '/ocp/interconnect@4a000000/segment@0/target-module@100000/switch@0/mdio@1000/ethernet-phy@0' for 'reset' GPIO lookup
[    0.686703] of_get_named_gpiod_flags: parsed 'reset-gpios' property of node '/ocp/interconnect@4a000000/segment@0/target-module@100000/switch@0/mdio@1000/ethernet-phy@0[0]' - status (0)
[    0.686870] gpio gpiochip0: Persistence not supported for GPIO 8
[    0.774947] davinci_mdio 4a101000.mdio: phy[0]: device 4a101000.mdio:00, driver SMSC LAN8710/LAN8720
[    0.775596] cpsw-switch 4a100000.switch: initialized cpsw ale version 1.4
[    0.775618] cpsw-switch 4a100000.switch: ALE Table size 1024
[    0.775910] cpsw-switch 4a100000.switch: cpts: overflow check period 500 (jiffies)
[    0.775928] cpsw-switch 4a100000.switch: CPTS: ref_clk_freq:250000000 calc_mult:2147483648 calc_shift:29 error:0 nsec/sec
[    0.776035] cpsw-switch 4a100000.switch: Detected MACID = 6c:ec:eb:68:de:78
[    0.777846] cpsw-switch 4a100000.switch: initialized (regs 0x4a100000, pool size 256) hw_ver:0019010C 1.12 (0)
[    0.788922] debugfs: Directory '49000000.dma' with parent 'dmaengine' already present!
[    0.788964] edma 49000000.dma: TI EDMA DMA engine driver
[    0.839367] hw perfevents: enabled with armv7_cortex_a8 PMU driver, 5 counters available
[    0.840234] gpio-clk clk_mcasp0: using DT '/clk_mcasp0' for 'enable' GPIO lookup
[    0.840301] of_get_named_gpiod_flags: parsed 'enable-gpios' property of node '/clk_mcasp0[0]' - status (0)
[    0.840342] gpio gpiochip0: Persistence not supported for GPIO 27
[    0.841153] gpiochip_find_base: found new base at 608
[    0.841213] gpio gpiochip3: (gpio-96-127): created GPIO range 0->7 ==> 44e10800.pinmux PIN 82->89
[    0.841232] gpio gpiochip3: (gpio-96-127): created GPIO range 8->11 ==> 44e10800.pinmux PIN 52->55
[    0.841248] gpio gpiochip3: (gpio-96-127): created GPIO range 12->15 ==> 44e10800.pinmux PIN 94->97
[    0.841263] gpio gpiochip3: (gpio-96-127): created GPIO range 16->17 ==> 44e10800.pinmux PIN 71->72
[    0.841279] gpio gpiochip3: (gpio-96-127): created GPIO range 18->18 ==> 44e10800.pinmux PIN 135->135
[    0.841483] gpio gpiochip3: (gpio-96-127): created GPIO range 19->20 ==> 44e10800.pinmux PIN 108->109
[    0.841511] gpio gpiochip3: (gpio-96-127): created GPIO range 21->21 ==> 44e10800.pinmux PIN 73->73
[    0.841528] gpio gpiochip3: (gpio-96-127): created GPIO range 22->23 ==> 44e10800.pinmux PIN 8->9
[    0.841546] gpio gpiochip3: (gpio-96-127): created GPIO range 26->27 ==> 44e10800.pinmux PIN 10->11
[    0.841563] gpio gpiochip3: (gpio-96-127): created GPIO range 28->28 ==> 44e10800.pinmux PIN 74->74
[    0.841581] gpio gpiochip3: (gpio-96-127): created GPIO range 29->29 ==> 44e10800.pinmux PIN 81->81
[    0.841599] gpio gpiochip3: (gpio-96-127): created GPIO range 30->31 ==> 44e10800.pinmux PIN 28->29
[    0.848131] l3-aon-clkctrl:0000:0: failed to disable
[    0.859649] gpio gpiochip3: (gpio-96-127): added GPIO chardev (254:3)
[    0.859827] gpio gpiochip3: registered GPIOs 608 to 639 on gpio-96-127
[    0.877539] omap8250 44e09000.serial: using DT '/ocp/interconnect@44c00000/segment@200000/target-module@9000/serial@0' for 'rs485-term' GPIO lookup
[    0.877617] of_get_named_gpiod_flags: can't parse 'rs485-term-gpios' property of node '/ocp/interconnect@44c00000/segment@200000/target-module@9000/serial@0[0]'
[    0.877666] of_get_named_gpiod_flags: can't parse 'rs485-term-gpio' property of node '/ocp/interconnect@44c00000/segment@200000/target-module@9000/serial@0[0]'
[    0.877704] omap8250 44e09000.serial: using lookup tables for GPIO lookup
[    0.877714] omap8250 44e09000.serial: No GPIO consumer rs485-term found
[    0.877724] omap8250 44e09000.serial: using DT '/ocp/interconnect@44c00000/segment@200000/target-module@9000/serial@0' for 'rs485-rx-during-tx' GPIO lookup
[    0.877761] of_get_named_gpiod_flags: can't parse 'rs485-rx-during-tx-gpios' property of node '/ocp/interconnect@44c00000/segment@200000/target-module@9000/serial@0[0]'
[    0.877799] of_get_named_gpiod_flags: can't parse 'rs485-rx-during-tx-gpio' property of node '/ocp/interconnect@44c00000/segment@200000/target-module@9000/serial@0[0]'
[    0.877833] omap8250 44e09000.serial: using lookup tables for GPIO lookup
[    0.877841] omap8250 44e09000.serial: No GPIO consumer rs485-rx-during-tx found
[    0.878212] 44e09000.serial: ttyS0 at MMIO 0x44e09000 (irq = 34, base_baud = 3000000) is a 8250
[    0.878296] printk: console [ttyS0] enabled
[    2.023588] i2c i2c-0: using DT '/ocp/interconnect@44c00000/segment@200000/target-module@b000/i2c@0' for 'scl' GPIO lookup
[    2.023672] of_get_named_gpiod_flags: can't parse 'scl-gpios' property of node '/ocp/interconnect@44c00000/segment@200000/target-module@b000/i2c@0[0]'
[    2.023721] of_get_named_gpiod_flags: can't parse 'scl-gpio' property of node '/ocp/interconnect@44c00000/segment@200000/target-module@b000/i2c@0[0]'
[    2.023761] i2c i2c-0: using lookup tables for GPIO lookup
[    2.023774] i2c i2c-0: No GPIO consumer scl found
[    2.023797] i2c i2c-0: using DT '/ocp/interconnect@44c00000/segment@200000/target-module@b000/i2c@0' for 'sda' GPIO lookup
[    2.023836] of_get_named_gpiod_flags: can't parse 'sda-gpios' property of node '/ocp/interconnect@44c00000/segment@200000/target-module@b000/i2c@0[0]'
[    2.023877] of_get_named_gpiod_flags: can't parse 'sda-gpio' property of node '/ocp/interconnect@44c00000/segment@200000/target-module@b000/i2c@0[0]'
[    2.023912] i2c i2c-0: using lookup tables for GPIO lookup
[    2.023922] i2c i2c-0: No GPIO consumer sda found
[    2.057532] tps65217-pmic: Failed to locate of_node [id: -1]
[    2.063712] tps65217-bl: Failed to locate of_node [id: -1]
[    2.074968] tps65217 0-0024: TPS65217 ID 0xe version 1.2
[    2.080979] platform 4830e000.lcdc: Fixed dependency cycle(s) with /ocp/interconnect@44c00000/segment@200000/target-module@b000/i2c@0/tda19988@70
[    2.094463] i2c 0-0070: Fixed dependency cycle(s) with /ocp/interconnect@48000000/segment@300000/target-module@e000/lcdc@0
[    2.105880] omap_i2c 44e0b000.i2c: bus 0 rev0.11 at 400 kHz
[    2.113772] sdhci-omap 48060000.mmc: using DT '/ocp/interconnect@48000000/segment@0/target-module@60000/mmc@0' for 'cd' GPIO lookup
[    2.113874] of_get_named_gpiod_flags: parsed 'cd-gpios' property of node '/ocp/interconnect@48000000/segment@0/target-module@60000/mmc@0[0]' - status (0)
[    2.114001] gpio gpiochip3: Persistence not supported for GPIO 6
[    2.114026] omap_gpio 44e07000.gpio: Could not set line 6 debounce to 200000 microseconds (-22)
[    2.122942] sdhci-omap 48060000.mmc: Got CD GPIO
[    2.127594] sdhci-omap 48060000.mmc: using DT '/ocp/interconnect@48000000/segment@0/target-module@60000/mmc@0' for 'wp' GPIO lookup
[    2.127646] of_get_named_gpiod_flags: can't parse 'wp-gpios' property of node '/ocp/interconnect@48000000/segment@0/target-module@60000/mmc@0[0]'
[    2.127692] of_get_named_gpiod_flags: can't parse 'wp-gpio' property of node '/ocp/interconnect@48000000/segment@0/target-module@60000/mmc@0[0]'
[    2.127730] sdhci-omap 48060000.mmc: using lookup tables for GPIO lookup
[    2.127743] sdhci-omap 48060000.mmc: No GPIO consumer wp found
[    2.127944] sdhci-omap 48060000.mmc: supply pbias not found, using dummy regulator
[    2.137101] sdhci-omap 481d8000.mmc: using DT '/ocp/interconnect@48000000/segment@100000/target-module@d8000/mmc@0' for 'wp' GPIO lookup
[    2.137188] of_get_named_gpiod_flags: can't parse 'wp-gpios' property of node '/ocp/interconnect@48000000/segment@100000/target-module@d8000/mmc@0[0]'
[    2.137237] of_get_named_gpiod_flags: can't parse 'wp-gpio' property of node '/ocp/interconnect@48000000/segment@100000/target-module@d8000/mmc@0[0]'
[    2.137276] sdhci-omap 481d8000.mmc: using lookup tables for GPIO lookup
[    2.137289] sdhci-omap 481d8000.mmc: No GPIO consumer wp found
[    2.138710] sdhci-omap 48060000.mmc: supply vqmmc not found, using dummy regulator
[    2.147255] sdhci-omap 481d8000.mmc: supply pbias not found, using dummy regulator
[    2.155750] sdhci-omap 481d8000.mmc: supply vqmmc not found, using dummy regulator
[    2.194392] mmc1: SDHCI controller on 481d8000.mmc [481d8000.mmc] using External DMA
[    2.203546] mmc0: SDHCI controller on 48060000.mmc [48060000.mmc] using External DMA
[    2.212326] cpsw-switch 4a100000.switch: starting ndev. mode: dual_mac
[    2.255474] mmc0: new high speed SDHC card at address 5048
[    2.262461] mmcblk0: mmc0:5048 SD16G 14.4 GiB
[    2.270094]  mmcblk0: p1 p2
[    2.273487] mmcblk0: p2 size 31221760 extends beyond EOD, truncated
[    2.300163] mmc1: new high speed MMC card at address 0001
[    2.306922] mmcblk1: mmc1:0001 MMC04G 3.60 GiB
[    2.314233]  mmcblk1: p1 p2
[    2.317792] SMSC LAN8710/LAN8720 4a101000.mdio:00: attached PHY driver (mii_bus:phy_addr=4a101000.mdio:00, irq=POLL)
[    2.329369] mmcblk1boot0: mmc1:0001 MMC04G 2.00 MiB
[    2.336548] mmcblk1boot1: mmc1:0001 MMC04G 2.00 MiB
[    2.349119] mmcblk1rpmb: mmc1:0001 MMC04G 128 KiB, chardev (250:0)
[    5.522083] cpsw-switch 4a100000.switch eth0: Link is Up - 100Mbps/Full - flow control off
[    5.581354] IP-Config: Complete:
[    5.584625]      device=eth0, hwaddr=6c:ec:eb:68:de:78, ipaddr=192.168.255.1, mask=255.255.255.0, gw=255.255.255.255
[    5.595252]      host=bbb1, domain=, nis-domain=(none)
[    5.600417]      bootserver=192.168.255.126, rootserver=192.168.255.126, rootpath=
[    5.600844] clk: Disabling unused clocks
[    5.612695] KTAP version 1
[    5.615421] 1..0
[    5.647976] VFS: Mounted root (nfs filesystem) on device 0:16.
[    5.655104] devtmpfs: mounted
[    5.659722] Freeing unused kernel image (initmem) memory: 1024K
[    5.666415] Run /sbin/init as init process
[    5.670545]   with arguments:
[    5.670556]     /sbin/init
[    5.670565]     nfsrootdebug
[    5.670573]   with environment:
[    5.670580]     HOME=/
[    5.670588]     TERM=linux
[    6.348412] systemd[1]: System time before build time, advancing clock.
[    7.801355] random: crng init done
[    7.864302] systemd[1]: systemd 232 running in system mode. (+PAM +AUDIT +SELINUX +IMA +APPARMOR +SMACK +SYSVINIT +UTMP +LIBCRYPTSETUP +GCRYPT +GNUTLS +ACL +XZ +LZ4 +SECCOMP +BLKID +ELFUTILS +KMOD +IDN)
[    7.883402] systemd[1]: Detected architecture arm.
[    7.924239] systemd[1]: Set hostname to <arm>.
[    9.005248] systemd[1]: Reached target Swap.
[    9.042219] systemd[1]: Listening on udev Kernel Socket.
[    9.082976] systemd[1]: Set up automount Arbitrary Executable File Formats File System Automount Point.
[    9.122446] systemd[1]: Listening on Journal Audit Socket.
[    9.162179] systemd[1]: Started Forward Password Requests to Wall Directory Watch.
[    9.202924] systemd[1]: Created slice System Slice.
[    9.242709] systemd[1]: Created slice system-getty.slice.
[   11.602900] systemd-journald[85]: Received request to flush runtime journal from PID 1
[   14.196835] leds-gpio leds: using DT '/leds/led2' for '(null)' GPIO lookup
[   14.196945] of_get_named_gpiod_flags: parsed 'gpios' property of node '/leds/led2[0]' - status (0)
[   14.196998] gpio gpiochip0: Persistence not supported for GPIO 21
[   14.197012] gpio-533 (?): no flags found for (null)
[   14.197312] leds-gpio leds: using DT '/leds/led3' for '(null)' GPIO lookup
[   14.197366] of_get_named_gpiod_flags: parsed 'gpios' property of node '/leds/led3[0]' - status (0)
[   14.197400] gpio gpiochip0: Persistence not supported for GPIO 22
[   14.197412] gpio-534 (?): no flags found for (null)
[   14.232547] leds-gpio leds: using DT '/leds/led4' for '(null)' GPIO lookup
[   14.232643] of_get_named_gpiod_flags: parsed 'gpios' property of node '/leds/led4[0]' - status (0)
[   14.232689] gpio gpiochip0: Persistence not supported for GPIO 23
[   14.232702] gpio-535 (?): no flags found for (null)
[   14.267043] leds-gpio leds: using DT '/leds/led5' for '(null)' GPIO lookup
[   14.267145] of_get_named_gpiod_flags: parsed 'gpios' property of node '/leds/led5[0]' - status (0)
[   14.267198] gpio gpiochip0: Persistence not supported for GPIO 24
[   14.267211] gpio-536 (?): no flags found for (null)
[   14.542892] remoteproc remoteproc0: wkup_m3 is available
[   14.844183] omap_rtc 44e3e000.rtc: registered as rtc0
[   14.849356] omap_rtc 44e3e000.rtc: setting system clock to 2000-01-01T00:00:00 UTC (946684800)
[   14.858363] omap_rtc 44e3e000.rtc: using DT '/ocp/interconnect@44c00000/segment@200000/target-module@3e000/rtc@0' for 'wp' GPIO lookup
[   14.858445] of_get_named_gpiod_flags: can't parse 'wp-gpios' property of node '/ocp/interconnect@44c00000/segment@200000/target-module@3e000/rtc@0[0]'
[   14.858496] of_get_named_gpiod_flags: can't parse 'wp-gpio' property of node '/ocp/interconnect@44c00000/segment@200000/target-module@3e000/rtc@0[0]'
[   14.858537] omap_rtc 44e3e000.rtc: using lookup tables for GPIO lookup
[   14.858551] omap_rtc 44e3e000.rtc: No GPIO consumer wp found
[   14.993392] omap_wdt: OMAP Watchdog Timer Rev 0x01: initial timeout 60 sec
[   15.070212] am335x-phy-driver 47401300.usb-phy: using DT '/ocp/target-module@47400000/usb-phy@1300' for 'reset' GPIO lookup
[   15.070301] of_get_named_gpiod_flags: can't parse 'reset-gpios' property of node '/ocp/target-module@47400000/usb-phy@1300[0]'
[   15.070346] of_get_named_gpiod_flags: can't parse 'reset-gpio' property of node '/ocp/target-module@47400000/usb-phy@1300[0]'
[   15.070385] am335x-phy-driver 47401300.usb-phy: using lookup tables for GPIO lookup
[   15.070399] am335x-phy-driver 47401300.usb-phy: No GPIO consumer reset found
[   15.070411] am335x-phy-driver 47401300.usb-phy: using DT '/ocp/target-module@47400000/usb-phy@1300' for 'vbus-detect' GPIO lookup
[   15.070441] of_get_named_gpiod_flags: can't parse 'vbus-detect-gpios' property of node '/ocp/target-module@47400000/usb-phy@1300[0]'
[   15.070472] of_get_named_gpiod_flags: can't parse 'vbus-detect-gpio' property of node '/ocp/target-module@47400000/usb-phy@1300[0]'
[   15.070498] am335x-phy-driver 47401300.usb-phy: using lookup tables for GPIO lookup
[   15.070509] am335x-phy-driver 47401300.usb-phy: No GPIO consumer vbus-detect found
[   15.070653] am335x-phy-driver 47401300.usb-phy: dummy supplies not allowed for exclusive requests
[   15.334296] at24 2-0054: supply vcc not found, using dummy regulator
[   15.384780] tps6521x_pwrbutton tps65217-pwrbutton: DMA mask not set
[   15.467427] at24 2-0055: supply vcc not found, using dummy regulator
[   15.484819] input: tps65217_pwrbutton as /devices/platform/ocp/44c00000.interconnect/44c00000.interconnect:segment@200000/44e0b000.target-module/44e0b000.i2c/i2c-0/0-0024/tps65217-pwrbutton/input/input0
[   15.546190] wkup_m3_ipc 44e11324.wkup_m3_ipc: IPC Request for A8->M3 Channel failed! -517
[   15.571984] at24 2-0056: supply vcc not found, using dummy regulator
[   15.654344] at24 2-0057: supply vcc not found, using dummy regulator
[   15.719026] am335x-phy-driver 47401b00.usb-phy: using DT '/ocp/target-module@47400000/usb-phy@1b00' for 'reset' GPIO lookup
[   15.719122] of_get_named_gpiod_flags: can't parse 'reset-gpios' property of node '/ocp/target-module@47400000/usb-phy@1b00[0]'
[   15.719168] of_get_named_gpiod_flags: can't parse 'reset-gpio' property of node '/ocp/target-module@47400000/usb-phy@1b00[0]'
[   15.719205] am335x-phy-driver 47401b00.usb-phy: using lookup tables for GPIO lookup
[   15.719219] am335x-phy-driver 47401b00.usb-phy: No GPIO consumer reset found
[   15.719232] am335x-phy-driver 47401b00.usb-phy: using DT '/ocp/target-module@47400000/usb-phy@1b00' for 'vbus-detect' GPIO lookup
[   15.719264] of_get_named_gpiod_flags: can't parse 'vbus-detect-gpios' property of node '/ocp/target-module@47400000/usb-phy@1b00[0]'
[   15.719297] of_get_named_gpiod_flags: can't parse 'vbus-detect-gpio' property of node '/ocp/target-module@47400000/usb-phy@1b00[0]'
[   15.719323] am335x-phy-driver 47401b00.usb-phy: using lookup tables for GPIO lookup
[   15.719334] am335x-phy-driver 47401b00.usb-phy: No GPIO consumer vbus-detect found
[   15.719481] am335x-phy-driver 47401b00.usb-phy: dummy supplies not allowed for exclusive requests
[   15.736861] wkup_m3_ipc 44e11324.wkup_m3_ipc: IPC Request for A8->M3 Channel failed! -517
[   15.816477] at24 0-0050: using DT '/ocp/interconnect@44c00000/segment@200000/target-module@b000/i2c@0/baseboard_eeprom@50' for 'wp' GPIO lookup
[   15.816700] of_get_named_gpiod_flags: can't parse 'wp-gpios' property of node '/ocp/interconnect@44c00000/segment@200000/target-module@b000/i2c@0/baseboard_eeprom@50[0]'
[   15.816818] of_get_named_gpiod_flags: can't parse 'wp-gpio' property of node '/ocp/interconnect@44c00000/segment@200000/target-module@b000/i2c@0/baseboard_eeprom@50[0]'
[   15.816916] at24 0-0050: using lookup tables for GPIO lookup
[   15.816932] at24 0-0050: No GPIO consumer wp found
[   15.817400] at24 0-0050: 32768 byte 24c256 EEPROM, writable, 1 bytes/write
