Labgrid Console Logfile for main
Logfile started at 2024-12-04 12:35:02.461613
=== Log starts here ===

root@arm:~# run() { echo -n "$MARKER"; sh -c "$@"; echo "$MARKER $?"; }
root@arm:~# echo 'ZCHZ''PLKNNL'
ZCHZPLKNNL
root@arm:~# MARKER='ZSGM''EFMKGO' run 'cat /proc/version'
ZSGMEFMKGOLinux version 6.12.0-g9072fc7427ff (kale@latitude5580) (arm-linux-gnueabihf-gcc (Linaro GCC 6.4-2017.11) 6.4.1 20171012, GNU ld (Linaro_Binutils-2017.11) 2.27.0.20161229) #1 SMP Wed Dec  4 11:21:14 EET 2024
ZSGMEFMKGO 0
root@arm:~# echo 'POFM''JYGBGT'
POFMJYGBGT
root@arm:~# MARKER='TSVK''KMYNZH' run false
TSVKKMYNZHTSVKKMYNZH 1
root@arm:~# Labgrid Console Logfile for main
Logfile started at 2024-12-04 12:35:06.126294
=== Log starts here ===

root@arm:~# run() { echo -n "$MARKER"; sh -c "$@"; echo "$MARKER $?"; }
root@arm:~# echo 'XUNO''AWHOVT'
XUNOAWHOVT
root@arm:~# MARKER='THUB''YXCNNT' run 'ls /iio_generic_buffer; echo $?'
THUBYXCNNT/iio_generic_buffer
0
THUBYXCNNT 0
root@arm:~# Labgrid Console Logfile for main
Logfile started at 2024-12-04 12:35:09.466019
=== Log starts here ===

root@arm:~# run() { echo -n "$MARKER"; sh -c "$@"; echo "$MARKER $?"; }
root@arm:~# echo 'ABSW''QGCWLU'
ABSWQGCWLU
root@arm:~# MARKER='APWV''AUQQQA' run dmesg
APWVAUQQQA[    0.000000] Booting Linux on physical CPU 0x0
[    0.000000] Linux version 6.12.0-g9072fc7427ff (kale@latitude5580) (arm-linux-gnueabihf-gcc (Linaro GCC 6.4-2017.11) 6.4.1 20171012, GNU ld (Linaro_Binutils-2017.11) 2.27.0.20161229) #1 SMP Wed Dec  4 11:21:14 EET 2024
[    0.000000] CPU: ARMv7 Processor [413fc082] revision 2 (ARMv7), cr=10c5387d
[    0.000000] CPU: PIPT / VIPT nonaliasing data cache, VIPT aliasing instruction cache
[    0.000000] OF: fdt: Machine model: TI AM335x BeagleBone Black
[    0.000000] Memory policy: Data cache writeback
[    0.000000] cma: Reserved 16 MiB at 0x9e800000 on node -1
[    0.000000] Zone ranges:
[    0.000000]   Normal   [mem 0x0000000080000000-0x000000009fdfffff]
[    0.000000]   HighMem  empty
[    0.000000] Movable zone start for each node
[    0.000000] Early memory node ranges
[    0.000000]   node   0: [mem 0x0000000080000000-0x000000009fdfffff]
[    0.000000] Initmem setup node 0 [mem 0x0000000080000000-0x000000009fdfffff]
[    0.000000] CPU: All CPU(s) started in SVC mode.
[    0.000000] AM335X ES2.1 (sgx neon)
[    0.000000] percpu: Embedded 17 pages/cpu s40268 r8192 d21172 u69632
[    0.000000] pcpu-alloc: s40268 r8192 d21172 u69632 alloc=17*4096
[    0.000000] pcpu-alloc: [0] 0 
[    0.000000] Kernel command line: console=ttyO0,115200n8 root=/dev/nfs rw nfsroot=192.168.255.126:/home/kale/nfs,nfsvers=3 ip=192.168.255.5:192.168.255.126::255.255.255.0:bbb1:eth0 nfsrootdebug
[    0.000000] Unknown kernel command line parameters "nfsrootdebug", will be passed to user space.
[    0.000000] Dentry cache hash table entries: 65536 (order: 6, 262144 bytes, linear)
[    0.000000] Inode-cache hash table entries: 32768 (order: 5, 131072 bytes, linear)
[    0.000000] Built 1 zonelists, mobility grouping on.  Total pages: 130560
[    0.000000] mem auto-init: stack:off, heap alloc:off, heap free:off
[    0.000000] SLUB: HWalign=64, Order=0-3, MinObjects=0, CPUs=1, Nodes=1
[    0.000000] trace event string verifier disabled
[    0.000000] rcu: Hierarchical RCU implementation.
[    0.000000] rcu: 	RCU event tracing is enabled.
[    0.000000] rcu: 	RCU restricting CPUs from NR_CPUS=2 to nr_cpu_ids=1.
[    0.000000] rcu: RCU calculated value of scheduler-enlistment delay is 10 jiffies.
[    0.000000] rcu: Adjusting geometry for rcu_fanout_leaf=16, nr_cpu_ids=1
[    0.000000] NR_IRQS: 16, nr_irqs: 16, preallocated irqs: 16
[    0.000000] IRQ: Found an INTC at 0x(ptrval) (revision 5.0) with 128 interrupts
[    0.000000] rcu: srcu_init: Setting srcu_struct sizes based on contention.
[    0.000000] TI gptimer clocksource: always-on /ocp/interconnect@44c00000/segment@200000/target-module@31000
[    0.000002] sched_clock: 32 bits at 24MHz, resolution 41ns, wraps every 89478484971ns
[    0.000026] clocksource: dmtimer: mask: 0xffffffff max_cycles: 0xffffffff, max_idle_ns: 79635851949 ns
[    0.000499] TI gptimer clockevent: 24000000 Hz at /ocp/interconnect@48000000/segment@0/target-module@40000
[    0.002155] Console: colour dummy device 80x30
[    0.002219] WARNING: Your 'console=ttyO0' has been replaced by 'ttyS0'
[    0.002228] This ensures that you still see kernel messages. Please
[    0.002233] update your kernel commandline.
[    0.002275] Calibrating delay loop... 996.14 BogoMIPS (lpj=4980736)
[    0.090549] CPU: Testing write buffer coherency: ok
[    0.090653] CPU0: Spectre v2: using BPIALL workaround
[    0.090665] pid_max: default: 32768 minimum: 301
[    0.090785] LSM: initializing lsm=capability
[    0.090956] Mount-cache hash table entries: 1024 (order: 0, 4096 bytes, linear)
[    0.090977] Mountpoint-cache hash table entries: 1024 (order: 0, 4096 bytes, linear)
[    0.092628] CPU0: thread -1, cpu 0, socket -1, mpidr 0
[    0.160722] Setting up static identity map for 0x80100000 - 0x80100078
[    0.170698] rcu: Hierarchical SRCU implementation.
[    0.170710] rcu: 	Max phase no-delay instances is 1000.
[    0.190759] smp: Bringing up secondary CPUs ...
[    0.190818] smp: Brought up 1 node, 1 CPU
[    0.190832] SMP: Total of 1 processors activated (996.14 BogoMIPS).
[    0.190844] CPU: All CPU(s) started in SVC mode.
[    0.191034] Memory: 480864K/522240K available (11264K kernel code, 1211K rwdata, 2876K rodata, 1024K init, 299K bss, 23364K reserved, 16384K cma-reserved, 0K highmem)
[    0.191891] devtmpfs: initialized
[    0.208717] VFP support v0.3: implementor 41 architecture 3 part 30 variant c rev 3
[    0.209074] clocksource: jiffies: mask: 0xffffffff max_cycles: 0xffffffff, max_idle_ns: 19112604462750000 ns
[    0.209108] futex hash table entries: 256 (order: 2, 16384 bytes, linear)
[    0.210441] pinctrl core: initialized pinctrl subsystem
[    0.213431] NET: Registered PF_NETLINK/PF_ROUTE protocol family
[    0.216267] DMA: preallocated 256 KiB pool for atomic coherent allocations
[    0.217185] audit: initializing netlink subsys (disabled)
[    0.218584] thermal_sys: Registered thermal governor 'fair_share'
[    0.218600] thermal_sys: Registered thermal governor 'step_wise'
[    0.218611] thermal_sys: Registered thermal governor 'user_space'
[    0.218761] audit: type=2000 audit(0.210:1): state=initialized audit_enabled=0 res=1
[    0.218800] cpuidle: using governor menu
[    0.238063] No ATAGs?
[    0.238089] hw-breakpoint: debug architecture 0x4 unsupported.
[    0.240910] kprobes: kprobe jump-optimization is enabled. All kprobes are optimized if possible.
[    0.254064] iommu: Default domain type: Translated
[    0.254086] iommu: DMA domain TLB invalidation policy: strict mode
[    0.255768] reg-fixed-voltage fixedregulator0: using DT '/fixedregulator0' for '(default)' GPIO lookup
[    0.255823] of_get_named_gpiod_flags: can't parse 'gpios' property of node '/fixedregulator0[0]'
[    0.255853] of_get_named_gpiod_flags: can't parse 'gpio' property of node '/fixedregulator0[0]'
[    0.255871] reg-fixed-voltage fixedregulator0: using lookup tables for GPIO lookup
[    0.255882] reg-fixed-voltage fixedregulator0: No GPIO consumer (default) found
[    0.261503] SCSI subsystem initialized
[    0.261999] libata version 3.00 loaded.
[    0.262361] pps_core: LinuxPPS API ver. 1 registered
[    0.262373] pps_core: Software ver. 5.3.6 - Copyright 2005-2007 Rodolfo Giometti <giometti@linux.it>
[    0.262397] PTP clock support registered
[    0.270817] vgaarb: loaded
[    0.271220] clocksource: Switched to clocksource dmtimer
[    0.271886] VFS: Disk quotas dquot_6.6.0
[    0.271931] VFS: Dquot-cache hash table entries: 1024 (order 0, 4096 bytes)
[    0.297116] NET: Registered PF_INET protocol family
[    0.297473] IP idents hash table entries: 8192 (order: 4, 65536 bytes, linear)
[    0.298879] tcp_listen_portaddr_hash hash table entries: 512 (order: 0, 4096 bytes, linear)
[    0.298918] Table-perturb hash table entries: 65536 (order: 6, 262144 bytes, linear)
[    0.298935] TCP established hash table entries: 4096 (order: 2, 16384 bytes, linear)
[    0.298979] TCP bind hash table entries: 4096 (order: 4, 65536 bytes, linear)
[    0.299079] TCP: Hash tables configured (established 4096 bind 4096)
[    0.299203] UDP hash table entries: 256 (order: 1, 8192 bytes, linear)
[    0.299231] UDP-Lite hash table entries: 256 (order: 1, 8192 bytes, linear)
[    0.299412] NET: Registered PF_UNIX/PF_LOCAL protocol family
[    0.301944] RPC: Registered named UNIX socket transport module.
[    0.301966] RPC: Registered udp transport module.
[    0.301972] RPC: Registered tcp transport module.
[    0.301978] RPC: Registered tcp-with-tls transport module.
[    0.301983] RPC: Registered tcp NFSv4.1 backchannel transport module.
[    0.302008] PCI: CLS 0 bytes, default 64
[    0.303473] Initialise system trusted keyrings
[    0.312489] workingset: timestamp_bits=14 max_order=17 bucket_order=3
[    0.313841] NFS: Registering the id_resolver key type
[    0.313936] Key type id_resolver registered
[    0.313944] Key type id_legacy registered
[    0.313991] jffs2: version 2.2. (NAND) (SUMMARY)  Â© 2001-2006 Red Hat, Inc.
[    0.314400] Key type asymmetric registered
[    0.314415] Asymmetric key parser 'x509' registered
[    0.314482] io scheduler mq-deadline registered
[    0.314494] io scheduler kyber registered
[    0.314567] io scheduler bfq registered
[    0.316183] ledtrig-cpu: registered to indicate activity on CPUs
[    0.322147] Serial: 8250/16550 driver, 6 ports, IRQ sharing enabled
[    0.371956] brd: module loaded
[    0.392317] loop: module loaded
[    0.393269] mtdoops: mtd device (mtddev=name/number) must be supplied
[    0.395006] mdio_bus fixed-0: using lookup tables for GPIO lookup
[    0.395032] mdio_bus fixed-0: No GPIO consumer reset found
[    0.396425] i2c_dev: i2c /dev entries driver
[    0.397415] cpuidle: enable-method property 'ti,am3352' found operations
[    0.397862] sdhci: Secure Digital Host Controller Interface driver
[    0.397872] sdhci: Copyright(c) Pierre Ossman
[    0.398047] sdhci-pltfm: SDHCI platform and OF driver helper
[    0.399087] Initializing XFRM netlink socket
[    0.399215] NET: Registered PF_INET6 protocol family
[    0.409314] Segment Routing with IPv6
[    0.409404] In-situ OAM (IOAM) with IPv6
[    0.409498] sit: IPv6, IPv4 and MPLS over IPv4 tunneling driver
[    0.410438] NET: Registered PF_PACKET protocol family
[    0.410474] NET: Registered PF_KEY protocol family
[    0.410633] Key type dns_resolver registered
[    0.410899] ThumbEE CPU extension supported.
[    0.410920] Registering SWP/SWPB emulation handler
[    0.411597] omap_voltage_late_init: Voltage driver support not added
[    0.411979] SmartReflex Class3 initialized
[    0.437035] Loading compiled-in X.509 certificates
[    0.473568] gpiochip_find_base_unlocked: found new base at 512
[    0.499960] platform 44e10800.pinmux: Fixed dependency cycle(s) with /ocp/interconnect@44c00000/segment@200000/target-module@10000/scm@0/pinmux@800/clkout2-pins
[    0.500523] pinctrl-single 44e10800.pinmux: 142 pins, size 568
[    0.505903] ti-sysc 44e31000.target-module: probe with driver ti-sysc failed with error -16
[    0.554159] ti-sysc 48040000.target-module: probe with driver ti-sysc failed with error -16
[    0.565248] gpiochip_find_base_unlocked: found new base at 512
[    0.565349] gpio gpiochip0: (gpio-0-31): created GPIO range 0->7 ==> 44e10800.pinmux PIN 0->7
[    0.565367] gpio gpiochip0: (gpio-0-31): created GPIO range 8->11 ==> 44e10800.pinmux PIN 90->93
[    0.565383] gpio gpiochip0: (gpio-0-31): created GPIO range 12->27 ==> 44e10800.pinmux PIN 12->27
[    0.565399] gpio gpiochip0: (gpio-0-31): created GPIO range 28->31 ==> 44e10800.pinmux PIN 30->33
[    0.603025] gpio gpiochip0: (gpio-0-31): added GPIO chardev (254:0)
[    0.603192] gpio gpiochip0: registered GPIOs 512 to 543 on gpio-0-31
[    0.603277] OMAP GPIO hardware version 0.1
[    0.630153] i2c i2c-2: using DT '/ocp/interconnect@48000000/segment@100000/target-module@9c000/i2c@0' for 'scl' GPIO lookup
[    0.630227] of_get_named_gpiod_flags: can't parse 'scl-gpios' property of node '/ocp/interconnect@48000000/segment@100000/target-module@9c000/i2c@0[0]'
[    0.630270] of_get_named_gpiod_flags: can't parse 'scl-gpio' property of node '/ocp/interconnect@48000000/segment@100000/target-module@9c000/i2c@0[0]'
[    0.630307] i2c i2c-2: using lookup tables for GPIO lookup
[    0.630318] i2c i2c-2: No GPIO consumer scl found
[    0.630340] i2c i2c-2: using DT '/ocp/interconnect@48000000/segment@100000/target-module@9c000/i2c@0' for 'sda' GPIO lookup
[    0.630377] of_get_named_gpiod_flags: can't parse 'sda-gpios' property of node '/ocp/interconnect@48000000/segment@100000/target-module@9c000/i2c@0[0]'
[    0.630415] of_get_named_gpiod_flags: can't parse 'sda-gpio' property of node '/ocp/interconnect@48000000/segment@100000/target-module@9c000/i2c@0[0]'
[    0.630447] i2c i2c-2: using lookup tables for GPIO lookup
[    0.630454] i2c i2c-2: No GPIO consumer sda found
[    0.631390] omap_i2c 4819c000.i2c: bus 2 rev0.11 at 100 kHz
[    0.636783] gpiochip_find_base_unlocked: found new base at 544
[    0.636878] gpio gpiochip1: (gpio-32-63): created GPIO range 0->17 ==> 44e10800.pinmux PIN 34->51
[    0.636898] gpio gpiochip1: (gpio-32-63): created GPIO range 18->21 ==> 44e10800.pinmux PIN 77->80
[    0.636914] gpio gpiochip1: (gpio-32-63): created GPIO range 22->31 ==> 44e10800.pinmux PIN 56->65
[    0.661507] gpio gpiochip1: (gpio-32-63): added GPIO chardev (254:1)
[    0.661657] gpio gpiochip1: registered GPIOs 544 to 575 on gpio-32-63
[    0.663876] gpiochip_find_base_unlocked: found new base at 576
[    0.663972] gpio gpiochip2: (gpio-64-95): created GPIO range 0->4 ==> 44e10800.pinmux PIN 66->70
[    0.663991] gpio gpiochip2: (gpio-64-95): created GPIO range 5->6 ==> 44e10800.pinmux PIN 98->99
[    0.664006] gpio gpiochip2: (gpio-64-95): created GPIO range 7->8 ==> 44e10800.pinmux PIN 75->76
[    0.664022] gpio gpiochip2: (gpio-64-95): created GPIO range 13->13 ==> 44e10800.pinmux PIN 141->141
[    0.664038] gpio gpiochip2: (gpio-64-95): created GPIO range 14->21 ==> 44e10800.pinmux PIN 100->107
[    0.664677] gpio gpiochip2: (gpio-64-95): added GPIO chardev (254:2)
[    0.664811] gpio gpiochip2: registered GPIOs 576 to 607 on gpio-64-95
[    0.670267] 48000000.interconnect:segment@200000:target-module@0:mpu@0:fck: device ID is greater than 24
[    0.674818] platform 4830e000.lcdc: Fixed dependency cycle(s) with /ocp/interconnect@44c00000/segment@200000/target-module@b000/i2c@0/tda19988@70
[    0.684250] mdio_bus 4a101000.mdio: using DT '/ocp/interconnect@4a000000/segment@0/target-module@100000/switch@0/mdio@1000' for 'reset' GPIO lookup
[    0.684324] of_get_named_gpiod_flags: can't parse 'reset-gpios' property of node '/ocp/interconnect@4a000000/segment@0/target-module@100000/switch@0/mdio@1000[0]'
[    0.684376] of_get_named_gpiod_flags: can't parse 'reset-gpio' property of node '/ocp/interconnect@4a000000/segment@0/target-module@100000/switch@0/mdio@1000[0]'
[    0.684425] mdio_bus 4a101000.mdio: using lookup tables for GPIO lookup
[    0.684435] mdio_bus 4a101000.mdio: No GPIO consumer reset found
[    0.685345] sdhci-omap 481d8000.mmc: using DT '/ocp/interconnect@48000000/segment@100000/target-module@d8000/mmc@0' for 'wp' GPIO lookup
[    0.685406] of_get_named_gpiod_flags: can't parse 'wp-gpios' property of node '/ocp/interconnect@48000000/segment@100000/target-module@d8000/mmc@0[0]'
[    0.685450] of_get_named_gpiod_flags: can't parse 'wp-gpio' property of node '/ocp/interconnect@48000000/segment@100000/target-module@d8000/mmc@0[0]'
[    0.685485] sdhci-omap 481d8000.mmc: using lookup tables for GPIO lookup
[    0.685495] sdhci-omap 481d8000.mmc: No GPIO consumer wp found
[    0.685690] sdhci-omap 481d8000.mmc: supply pbias not found, using dummy regulator
[    0.686188] sdhci-omap 481d8000.mmc: supply vqmmc not found, using dummy regulator
[    0.757948] davinci_mdio 4a101000.mdio: davinci mdio revision 1.6, bus freq 1000000
[    0.759815] mdio_bus 4a101000.mdio:00: using DT '/ocp/interconnect@4a000000/segment@0/target-module@100000/switch@0/mdio@1000/ethernet-phy@0' for 'reset' GPIO lookup
[    0.759922] of_get_named_gpiod_flags: parsed 'reset-gpios' property of node '/ocp/interconnect@4a000000/segment@0/target-module@100000/switch@0/mdio@1000/ethernet-phy@0[0]' - status (0)
[    0.760085] gpio gpiochip0: Persistence not supported for GPIO 8
[    0.855253] davinci_mdio 4a101000.mdio: phy[0]: device 4a101000.mdio:00, driver SMSC LAN8710/LAN8720
[    0.856039] cpsw-switch 4a100000.switch: initialized cpsw ale version 1.4
[    0.856063] cpsw-switch 4a100000.switch: ALE Table size 1024, Policers 0
[    0.856211] cpsw-switch 4a100000.switch: cpts: overflow check period 500 (jiffies)
[    0.856227] cpsw-switch 4a100000.switch: CPTS: ref_clk_freq:250000000 calc_mult:2147483648 calc_shift:29 error:0 nsec/sec
[    0.856341] cpsw-switch 4a100000.switch: Detected MACID = 18:2c:65:25:39:4f
[    0.858160] cpsw-switch 4a100000.switch: initialized (regs 0x4a100000, pool size 256) hw_ver:0019010C 1.12 (0)
[    0.869308] debugfs: Directory '49000000.dma' with parent 'dmaengine' already present!
[    0.869348] edma 49000000.dma: TI EDMA DMA engine driver
[    0.917964] target-module@4b000000:target-module@140000:pmu@0:fck: device ID is greater than 24
[    0.946547] hw perfevents: enabled with armv7_cortex_a8 PMU driver, 5 (8000000f) counters available
[    0.947451] gpio-clk clk_mcasp0: using DT '/clk_mcasp0' for 'enable' GPIO lookup
[    0.947532] of_get_named_gpiod_flags: parsed 'enable-gpios' property of node '/clk_mcasp0[0]' - status (0)
[    0.947581] gpio gpiochip0: Persistence not supported for GPIO 27
[    0.948378] gpiochip_find_base_unlocked: found new base at 608
[    0.948506] gpio gpiochip3: (gpio-96-127): created GPIO range 0->7 ==> 44e10800.pinmux PIN 82->89
[    0.948529] gpio gpiochip3: (gpio-96-127): created GPIO range 8->11 ==> 44e10800.pinmux PIN 52->55
[    0.948545] gpio gpiochip3: (gpio-96-127): created GPIO range 12->15 ==> 44e10800.pinmux PIN 94->97
[    0.948561] gpio gpiochip3: (gpio-96-127): created GPIO range 16->17 ==> 44e10800.pinmux PIN 71->72
[    0.948576] gpio gpiochip3: (gpio-96-127): created GPIO range 18->18 ==> 44e10800.pinmux PIN 135->135
[    0.948593] gpio gpiochip3: (gpio-96-127): created GPIO range 19->20 ==> 44e10800.pinmux PIN 108->109
[    0.948610] gpio gpiochip3: (gpio-96-127): created GPIO range 21->21 ==> 44e10800.pinmux PIN 73->73
[    0.948627] gpio gpiochip3: (gpio-96-127): created GPIO range 22->23 ==> 44e10800.pinmux PIN 8->9
[    0.948644] gpio gpiochip3: (gpio-96-127): created GPIO range 26->27 ==> 44e10800.pinmux PIN 10->11
[    0.948661] gpio gpiochip3: (gpio-96-127): created GPIO range 28->28 ==> 44e10800.pinmux PIN 74->74
[    0.948679] gpio gpiochip3: (gpio-96-127): created GPIO range 29->29 ==> 44e10800.pinmux PIN 81->81
[    0.948697] gpio gpiochip3: (gpio-96-127): created GPIO range 30->31 ==> 44e10800.pinmux PIN 28->29
[    0.949811] gpio gpiochip3: (gpio-96-127): added GPIO chardev (254:3)
[    0.949956] gpio gpiochip3: registered GPIOs 608 to 639 on gpio-96-127
[    0.952573] omap8250 44e09000.serial: using DT '/ocp/interconnect@44c00000/segment@200000/target-module@9000/serial@0' for 'rs485-term' GPIO lookup
[    0.952650] of_get_named_gpiod_flags: can't parse 'rs485-term-gpios' property of node '/ocp/interconnect@44c00000/segment@200000/target-module@9000/serial@0[0]'
[    0.952697] of_get_named_gpiod_flags: can't parse 'rs485-term-gpio' property of node '/ocp/interconnect@44c00000/segment@200000/target-module@9000/serial@0[0]'
[    0.952735] omap8250 44e09000.serial: using lookup tables for GPIO lookup
[    0.952746] omap8250 44e09000.serial: No GPIO consumer rs485-term found
[    0.952757] omap8250 44e09000.serial: using DT '/ocp/interconnect@44c00000/segment@200000/target-module@9000/serial@0' for 'rs485-rx-during-tx' GPIO lookup
[    0.952794] of_get_named_gpiod_flags: can't parse 'rs485-rx-during-tx-gpios' property of node '/ocp/interconnect@44c00000/segment@200000/target-module@9000/serial@0[0]'
[    0.952833] of_get_named_gpiod_flags: can't parse 'rs485-rx-during-tx-gpio' property of node '/ocp/interconnect@44c00000/segment@200000/target-module@9000/serial@0[0]'
[    0.952865] omap8250 44e09000.serial: using lookup tables for GPIO lookup
[    0.952874] omap8250 44e09000.serial: No GPIO consumer rs485-rx-during-tx found
[    0.953272] 44e09000.serial: ttyS0 at MMIO 0x44e09000 (irq = 34, base_baud = 3000000) is a 8250
[    0.953360] printk: legacy console [ttyS0] enabled
[    1.944564] l3-aon-clkctrl:0000:0: failed to disable
[    2.280814] i2c i2c-0: using DT '/ocp/interconnect@44c00000/segment@200000/target-module@b000/i2c@0' for 'scl' GPIO lookup
[    2.280904] of_get_named_gpiod_flags: can't parse 'scl-gpios' property of node '/ocp/interconnect@44c00000/segment@200000/target-module@b000/i2c@0[0]'
[    2.280952] of_get_named_gpiod_flags: can't parse 'scl-gpio' property of node '/ocp/interconnect@44c00000/segment@200000/target-module@b000/i2c@0[0]'
[    2.280994] i2c i2c-0: using lookup tables for GPIO lookup
[    2.281009] i2c i2c-0: No GPIO consumer scl found
[    2.281035] i2c i2c-0: using DT '/ocp/interconnect@44c00000/segment@200000/target-module@b000/i2c@0' for 'sda' GPIO lookup
[    2.281077] of_get_named_gpiod_flags: can't parse 'sda-gpios' property of node '/ocp/interconnect@44c00000/segment@200000/target-module@b000/i2c@0[0]'
[    2.281119] of_get_named_gpiod_flags: can't parse 'sda-gpio' property of node '/ocp/interconnect@44c00000/segment@200000/target-module@b000/i2c@0[0]'
[    2.281157] i2c i2c-0: using lookup tables for GPIO lookup
[    2.281168] i2c i2c-0: No GPIO consumer sda found
[    2.302233] tps65217-pmic: Failed to locate of_node [id: -1]
[    2.308316] tps65217-bl: Failed to locate of_node [id: -1]
[    2.319766] tps65217 0-0024: TPS65217 ID 0xe version 1.2
[    2.325914] platform 4830e000.lcdc: Fixed dependency cycle(s) with /ocp/interconnect@44c00000/segment@200000/target-module@b000/i2c@0/tda19988@70
[    2.339331] i2c 0-0070: Fixed dependency cycle(s) with /ocp/interconnect@48000000/segment@300000/target-module@e000/lcdc@0
[    2.350746] omap_i2c 44e0b000.i2c: bus 0 rev0.11 at 400 kHz
[    2.358372] sdhci-omap 48060000.mmc: using DT '/ocp/interconnect@48000000/segment@0/target-module@60000/mmc@0' for 'cd' GPIO lookup
[    2.358480] of_get_named_gpiod_flags: parsed 'cd-gpios' property of node '/ocp/interconnect@48000000/segment@0/target-module@60000/mmc@0[0]' - status (0)
[    2.358548] gpio gpiochip3: Persistence not supported for GPIO 6
[    2.358573] omap_gpio 44e07000.gpio: Could not set line 6 debounce to 200000 microseconds (-22)
[    2.367459] sdhci-omap 48060000.mmc: Got CD GPIO
[    2.372143] sdhci-omap 48060000.mmc: using DT '/ocp/interconnect@48000000/segment@0/target-module@60000/mmc@0' for 'wp' GPIO lookup
[    2.372190] of_get_named_gpiod_flags: can't parse 'wp-gpios' property of node '/ocp/interconnect@48000000/segment@0/target-module@60000/mmc@0[0]'
[    2.372235] of_get_named_gpiod_flags: can't parse 'wp-gpio' property of node '/ocp/interconnect@48000000/segment@0/target-module@60000/mmc@0[0]'
[    2.372277] sdhci-omap 48060000.mmc: using lookup tables for GPIO lookup
[    2.372292] sdhci-omap 48060000.mmc: No GPIO consumer wp found
[    2.372501] sdhci-omap 48060000.mmc: supply pbias not found, using dummy regulator
[    2.381160] sdhci-omap 481d8000.mmc: using DT '/ocp/interconnect@48000000/segment@100000/target-module@d8000/mmc@0' for 'wp' GPIO lookup
[    2.381340] of_get_named_gpiod_flags: can't parse 'wp-gpios' property of node '/ocp/interconnect@48000000/segment@100000/target-module@d8000/mmc@0[0]'
[    2.381394] of_get_named_gpiod_flags: can't parse 'wp-gpio' property of node '/ocp/interconnect@48000000/segment@100000/target-module@d8000/mmc@0[0]'
[    2.381437] sdhci-omap 481d8000.mmc: using lookup tables for GPIO lookup
[    2.381452] sdhci-omap 481d8000.mmc: No GPIO consumer wp found
[    2.382589] sdhci-omap 48060000.mmc: supply vqmmc not found, using dummy regulator
[    2.391966] sdhci-omap 481d8000.mmc: supply pbias not found, using dummy regulator
[    2.399966] sdhci-omap 481d8000.mmc: supply vqmmc not found, using dummy regulator
[    2.541771] mmc1: SDHCI controller on 481d8000.mmc [481d8000.mmc] using External DMA
[    2.550104] mmc0: SDHCI controller on 48060000.mmc [48060000.mmc] using External DMA
[    2.559054] cpsw-switch 4a100000.switch: starting ndev. mode: dual_mac
[    2.617954] mmc1: new high speed MMC card at address 0001
[    2.624886] mmcblk1: mmc1:0001 MK2704 3.53 GiB
[    2.632593]  mmcblk1: p1
[    2.636645] mmcblk1boot0: mmc1:0001 MK2704 2.00 MiB
[    2.642505] SMSC LAN8710/LAN8720 4a101000.mdio:00: attached PHY driver (mii_bus:phy_addr=4a101000.mdio:00, irq=POLL)
[    2.654746] mmcblk1boot1: mmc1:0001 MK2704 2.00 MiB
[    2.667524] mmcblk1rpmb: mmc1:0001 MK2704 512 KiB, chardev (250:0)
[    2.724539] mmc0: new high speed SDHC card at address aaaa
[    2.731552] mmcblk0: mmc0:aaaa SE32G 29.7 GiB
[    2.740569]  mmcblk0: p1 p2
[    4.802020] cpsw-switch 4a100000.switch eth0: Link is Up - 100Mbps/Full - flow control off
[    4.841241] IP-Config: Complete:
[    4.844513]      device=eth0, hwaddr=18:2c:65:25:39:4f, ipaddr=192.168.255.5, mask=255.255.255.0, gw=255.255.255.255
[    4.855137]      host=bbb1, domain=, nis-domain=(none)
[    4.860307]      bootserver=192.168.255.126, rootserver=192.168.255.126, rootpath=
[    4.860736] clk: Disabling unused clocks
[    4.872611] PM: genpd: Disabling unused power domains
[    4.877732] KTAP version 1
[    4.880454] 1..0
[    4.905645] VFS: Mounted root (nfs filesystem) on device 0:17.
[    4.912830] devtmpfs: mounted
[    4.917525] Freeing unused kernel image (initmem) memory: 1024K
[    4.924493] Run /sbin/init as init process
[    4.928630]   with arguments:
[    4.928643]     /sbin/init
[    4.928653]     nfsrootdebug
[    4.928664]   with environment:
[    4.928672]     HOME=/
[    4.928682]     TERM=linux
[    5.632058] systemd[1]: System time before build time, advancing clock.
[    7.151257] random: crng init done
[    7.192116] systemd[1]: systemd 232 running in system mode. (+PAM +AUDIT +SELINUX +IMA +APPARMOR +SMACK +SYSVINIT +UTMP +LIBCRYPTSETUP +GCRYPT +GNUTLS +ACL +XZ +LZ4 +SECCOMP +BLKID +ELFUTILS +KMOD +IDN)
[    7.211135] systemd[1]: Detected architecture arm.
[    7.244605] systemd[1]: Set hostname to <arm>.
[    8.358243] systemd[1]: Listening on /dev/initctl Compatibility Named Pipe.
[    8.391627] systemd[1]: Reached target Swap.
[    8.412128] systemd[1]: Started Forward Password Requests to Wall Directory Watch.
[    8.441639] systemd[1]: Reached target Remote File Systems.
[    8.471816] systemd[1]: Listening on udev Kernel Socket.
[    8.502918] systemd[1]: Set up automount Arbitrary Executable File Formats File System Automount Point.
[    8.533686] systemd[1]: Listening on Journal Socket.
[   10.909290] systemd-journald[86]: Received request to flush runtime journal from PID 1
[   13.529403] leds-gpio leds: using DT '/leds/led2' for '(default)' GPIO lookup
[   13.529509] of_get_named_gpiod_flags: parsed 'gpios' property of node '/leds/led2[0]' - status (0)
[   13.529568] gpio gpiochip0: Persistence not supported for GPIO 21
[   13.529584] gpio-533 (?): no flags found for GPIO (default)
[   13.621832] leds-gpio leds: using DT '/leds/led3' for '(default)' GPIO lookup
[   13.621944] of_get_named_gpiod_flags: parsed 'gpios' property of node '/leds/led3[0]' - status (0)
[   13.622003] gpio gpiochip0: Persistence not supported for GPIO 22
[   13.622019] gpio-534 (?): no flags found for GPIO (default)
[   13.641836] leds-gpio leds: using DT '/leds/led4' for '(default)' GPIO lookup
[   13.641934] of_get_named_gpiod_flags: parsed 'gpios' property of node '/leds/led4[0]' - status (0)
[   13.641990] gpio gpiochip0: Persistence not supported for GPIO 23
[   13.642006] gpio-535 (?): no flags found for GPIO (default)
[   13.675218] leds-gpio leds: using DT '/leds/led5' for '(default)' GPIO lookup
[   13.675317] of_get_named_gpiod_flags: parsed 'gpios' property of node '/leds/led5[0]' - status (0)
[   13.675369] gpio gpiochip0: Persistence not supported for GPIO 24
[   13.675385] gpio-536 (?): no flags found for GPIO (default)
[   13.876230] remoteproc remoteproc0: wkup_m3 is available
[   14.228726] at24 2-0054: supply vcc not found, using dummy regulator
[   14.334098] tps6521x_pwrbutton tps65217-pwrbutton: DMA mask not set
[   14.359846] at24 2-0055: supply vcc not found, using dummy regulator
[   14.464759] at24 2-0056: supply vcc not found, using dummy regulator
[   14.473202] input: tps65217_pwrbutton as /devices/platform/ocp/44c00000.interconnect/44c00000.interconnect:segment@200000/44e0b000.target-module/44e0b000.i2c/i2c-0/0-0024/tps65217-pwrbutton/input/input0
[   14.528556] wkup_m3_ipc 44e11324.wkup_m3_ipc: IPC Request for A8->M3 Channel failed! -517
[   14.614323] at24 2-0057: supply vcc not found, using dummy regulator
[   14.751365] at24 0-0050: using DT '/ocp/interconnect@44c00000/segment@200000/target-module@b000/i2c@0/baseboard_eeprom@50' for 'wp' GPIO lookup
[   14.751742] of_get_named_gpiod_flags: can't parse 'wp-gpios' property of node '/ocp/interconnect@44c00000/segment@200000/target-module@b000/i2c@0/baseboard_eeprom@50[0]'
[   14.751816] of_get_named_gpiod_flags: can't parse 'wp-gpio' property of node '/ocp/interconnect@44c00000/segment@200000/target-module@b000/i2c@0/baseboard_eeprom@50[0]'
[   14.751911] at24 0-0050: using lookup tables for GPIO lookup
[   14.751929] at24 0-0050: No GPIO consumer wp found
[   14.752524] at24 0-0050: 32768 byte 24c256 EEPROM, writable, 1 bytes/write
[   14.762298] wkup_m3_ipc 44e11324.wkup_m3_ipc: IPC Request for A8->M3 Channel failed! -517
[   14.841778] omap_wdt: OMAP Watchdog Timer Rev 0x01: initial timeout 60 sec
[   14.869765] wkup_m3_ipc 44e11324.wkup_m3_ipc: IPC Request for A8->M3 Channel failed! -517
[   15.012499] omap_rtc 44e3e000.rtc: already running
[   15.043452] wkup_m3_ipc 44e11324.wkup_m3_ipc: IPC Request for A8->M3 Channel failed! -517
[   15.092615] omap_rtc 44e3e000.rtc: registered as rtc0
[   15.097796] omap_rtc 44e3e000.rtc: setting system clock to 2000-01-01T03:07:48 UTC (946696068)
[   15.106624] omap_rtc 44e3e000.rtc: using DT '/ocp/interconnect@44c00000/segment@200000/target-module@3e000/rtc@0' for 'wp' GPIO lookup
[   15.106700] of_get_named_gpiod_flags: can't parse 'wp-gpios' property of node '/ocp/interconnect@44c00000/segment@200000/target-module@3e000/rtc@0[0]'
[   15.106753] of_get_named_gpiod_flags: can't parse 'wp-gpio' property of node '/ocp/interconnect@44c00000/segment@200000/target-module@3e000/rtc@0[0]'
[   15.106796] omap_rtc 44e3e000.rtc: using lookup tables for GPIO lookup
[   15.106811] omap_rtc 44e3e000.rtc: No GPIO consumer wp found
[   15.141841] wkup_m3_ipc 44e11324.wkup_m3_ipc: IPC Request for A8->M3 Channel failed! -517
[   15.454020] am335x-phy-driver 47401300.usb-phy: using DT '/ocp/target-module@47400000/usb-phy@1300' for 'reset' GPIO lookup
[   15.454114] of_get_named_gpiod_flags: can't parse 'reset-gpios' property of node '/ocp/target-module@47400000/usb-phy@1300[0]'
[   15.454162] of_get_named_gpiod_flags: can't parse 'reset-gpio' property of node '/ocp/target-module@47400000/usb-phy@1300[0]'
[   15.454201] am335x-phy-driver 47401300.usb-phy: using lookup tables for GPIO lookup
[   15.454217] am335x-phy-driver 47401300.usb-phy: No GPIO consumer reset found
[   15.454233] am335x-phy-driver 47401300.usb-phy: using DT '/ocp/target-module@47400000/usb-phy@1300' for 'vbus-detect' GPIO lookup
[   15.454265] of_get_named_gpiod_flags: can't parse 'vbus-detect-gpios' property of node '/ocp/target-module@47400000/usb-phy@1300[0]'
[   15.454299] of_get_named_gpiod_flags: can't parse 'vbus-detect-gpio' property of node '/ocp/target-module@47400000/usb-phy@1300[0]'
[   15.454327] am335x-phy-driver 47401300.usb-phy: using lookup tables for GPIO lookup
[   15.454340] am335x-phy-driver 47401300.usb-phy: No GPIO consumer vbus-detect found
[   15.454490] am335x-phy-driver 47401300.usb-phy: dummy supplies not allowed for exclusive requests (id=vbus)
[   15.617076] am335x-phy-driver 47401b00.usb-phy: using DT '/ocp/target-module@47400000/usb-phy@1b00' for 'reset' GPIO lookup
[   15.617169] of_get_named_gpiod_flags: can't parse 'reset-gpios' property of node '/ocp/target-module@47400000/usb-phy@1b00[0]'
[   15.617215] of_get_named_gpiod_flags: can't parse 'reset-gpio' property of node '/ocp/target-module@47400000/usb-phy@1b00[0]'
[   15.617255] am335x-phy-driver 47401b00.usb-phy: using lookup tables for GPIO lookup
[   15.617270] am335x-phy-driver 47401b00.usb-phy: No GPIO consumer reset found
[   15.617286] am335x-phy-driver 47401b00.usb-phy: using DT '/ocp/target-module@47400000/usb-phy@1b00' for 'vbus-detect' GPIO lookup
[   15.617319] of_get_named_gpiod_flags: can't parse 'vbus-detect-gpios' property of node '/ocp/target-module@47400000/usb-phy@1b00[0]'
[   15.617352] of_get_named_gpiod_flags: can't parse 'vbus-detect-gpio' property of node '/ocp/target-module@47400000/usb-phy@1b00[0]'
[   15.617379] am335x-phy-driver 47401b00.usb-phy: using lookup tables for GPIO lookup
[   15.617391] am335x-phy-driver 47401b00.usb-phy: No GPIO consumer vbus-detect found
[   15.617542] am335x-phy-driver 47401b00.usb-phy: dummy supplies not allowed for exclusive requests (id=vbus)
[   15.653024] wkup_m3_ipc 44e11324.wkup_m3_ipc: IPC Request for A8->M3 Channel failed! -517
[   15.823322] wkup_m3_ipc 44e11324.wkup_m3_ipc: IPC Request for A8->M3 Channel failed! -517
[   15.987519] usbcore: registered new interface driver usbfs
[   15.993418] usbcore: registered new interface driver hub
[   15.998865] usbcore: registered new device driver usb
[   16.642748] wkup_m3_ipc 44e11324.wkup_m3_ipc: IPC Request for A8->M3 Channel failed! -517
[   16.721706] musb-hdrc musb-hdrc.1: MUSB HDRC host driver
[   16.727142] musb-hdrc musb-hdrc.1: new USB bus registered, assigned bus number 1
[   16.736833] wkup_m3_ipc 44e11324.wkup_m3_ipc: IPC Request for A8->M3 Channel failed! -517
[   16.869234] omap-mailbox 480c8000.mailbox: omap mailbox rev 0x400
[   16.882728] tda998x 0-0070: found TDA19988
[   16.952822] usb usb1: New USB device found, idVendor=1d6b, idProduct=0002, bcdDevice= 6.12
[   16.961333] usb usb1: New USB device strings: Mfr=3, Product=2, SerialNumber=1
[   16.968606] usb usb1: Product: MUSB HDRC host driver
[   16.973665] usb usb1: Manufacturer: Linux 6.12.0-g9072fc7427ff musb-hcd
[   16.980318] usb usb1: SerialNumber: musb-hdrc.1
[   17.046572] remoteproc remoteproc0: powering up wkup_m3
[   17.340067] remoteproc remoteproc0: Direct firmware load for am335x-pm-firmware.elf failed with error -2
[   17.350038] remoteproc remoteproc0: request_firmware failed: -2
[   17.356089] wkup_m3_ipc 44e11324.wkup_m3_ipc: rproc_boot failed
[   17.385868] hub 1-0:1.0: USB hub found
[   17.396584] hub 1-0:1.0: 1 port detected
[   19.395203] omap_rng 48310000.rng: Random Number Generator ver. 20
[   19.413162] tilcdc 4830e000.lcdc: bound 0-0070 (ops tda998x_driver_exit [tda998x])
[   19.507471] [drm] Initialized tilcdc 1.0.0 for 4830e000.lcdc on minor 0
[   19.569866] tilcdc 4830e000.lcdc: [drm] Cannot find any crtc or sizes
[   19.583961] tilcdc 4830e000.lcdc: [drm] Cannot find any crtc or sizes
[   20.972571] omap-sham 53100000.sham: hw accel on OMAP rev 4.3
[   20.993964] PM: Cannot get wkup_m3_ipc handle
[   21.164929] omap-sham 53100000.sham: will run requests pump with realtime priority
[   21.183583] PM: Cannot get wkup_m3_ipc handle
[   21.197740] omap-aes 53500000.aes: OMAP AES hw accel rev: 3.2
[   21.341525] omap-aes 53500000.aes: will run requests pump with realtime priority
[   21.360382] PM: Cannot get wkup_m3_ipc handle
[   21.866146] Bluetooth: Core ver 2.22
[   21.869968] NET: Registered PF_BLUETOOTH protocol family
[   21.875564] Bluetooth: HCI device and connection manager initialized
[   21.882029] Bluetooth: HCI socket layer initialized
[   21.886944] Bluetooth: L2CAP socket layer initialized
[   21.892102] Bluetooth: SCO socket layer initialized
[   24.960173] PM: Cannot get wkup_m3_ipc handle
[   24.966267] asoc-simple-card sound: using DT '/sound' for 'simple-audio-card,hp-det' GPIO lookup
[   24.966339] of_get_named_gpiod_flags: can't parse 'simple-audio-card,hp-det-gpios' property of node '/sound[0]'
[   24.966378] of_get_named_gpiod_flags: can't parse 'simple-audio-card,hp-det-gpio' property of node '/sound[0]'
[   24.966403] asoc-simple-card sound: using lookup tables for GPIO lookup
[   24.966418] asoc-simple-card sound: No GPIO consumer simple-audio-card,hp-det found
[   24.966433] asoc-simple-card sound: using DT '/sound' for 'simple-audio-card,mic-det' GPIO lookup
[   24.966459] of_get_named_gpiod_flags: can't parse 'simple-audio-card,mic-det-gpios' property of node '/sound[0]'
[   24.966485] of_get_named_gpiod_flags: can't parse 'simple-audio-card,mic-det-gpio' property of node '/sound[0]'
[   24.966505] asoc-simple-card sound: using lookup tables for GPIO lookup
[   24.966518] asoc-simple-card sound: No GPIO consumer simple-audio-card,mic-det found
[   25.089419] PM: Cannot get wkup_m3_ipc handle
[   28.474470] userial_init: registered 8 ttyGS* devices
[   28.685557] rndis_register: configNr = 0
[   28.802021] udc musb-hdrc.0: binding gadget driver [g_multi]
[   28.802103] configfs-gadget.g_multi gadget.0: adding 'rndis'/8978110d to config 'c'/5a126472
[   28.803210] configfs-gadget.g_multi gadget.0: HOST MAC 1c:ba:8c:a2:ed:6c
[   28.803236] configfs-gadget.g_multi gadget.0: MAC 1c:ba:8c:a2:ed:70
[   28.803306] rndis_set_param_medium: 0 0
[   28.803325] configfs-gadget.g_multi gadget.0: RNDIS: IN/ep1in OUT/ep1out NOTIFY/ep2in
[   28.803339] configfs-gadget.g_multi gadget.0: adding 'cdc_ethernet'/8db0b8ce to config 'c'/5a126472
[   28.804190] configfs-gadget.g_multi gadget.0: HOST MAC 1c:ba:8c:a2:ed:6c
[   28.804212] configfs-gadget.g_multi gadget.0: MAC 1c:ba:8c:a2:ed:6d
[   28.804248] configfs-gadget.g_multi gadget.0: CDC Ethernet: IN/ep3in OUT/ep2out NOTIFY/ep4in
[   28.804261] configfs-gadget.g_multi gadget.0: adding 'acm'/7293f765 to config 'c'/5a126472
[   28.804296] configfs-gadget.g_multi gadget.0: acm ttyGS0: IN/ep5in OUT/ep3out NOTIFY/ep6in
[   28.814501] PM: Cannot get wkup_m3_ipc handle
[   30.981618] configfs-gadget.g_multi gadget.0: eth_open
[   34.765377] gs_open: ttyGS0 (61a54106,77d557fe)
[   34.765539] gs_close: ttyGS0 (61a54106,77d557fe) ...
[   34.765565] gs_close: ttyGS0 (61a54106,77d557fe) done!
[   34.785275] gs_open: ttyGS0 (61a54106,f22f3665)
[   34.785424] gs_close: ttyGS0 (61a54106,f22f3665) ...
[   34.785450] gs_close: ttyGS0 (61a54106,f22f3665) done!
[   34.949243] gs_open: ttyGS0 (27e5d81d,75ef4a81)
[   34.949478] gs_close: ttyGS0 (27e5d81d,75ef4a81) ...
[   34.949509] gs_close: ttyGS0 (27e5d81d,75ef4a81) done!
[   34.954054] gs_open: ttyGS0 (27e5d81d,75ef4a81)
[  421.457155] KTAP version 1
[  421.457203] 1..1
[  421.457224]     KTAP version 1
[  421.457234]     # Subtest: linear-ranges-test
[  421.457250]     # module: test_linear_ranges
[  421.457261]     1..4
[  421.458105]     ok 1 range_test_get_value_amount
[  421.458580]     ok 2 range_test_get_selector_high
[  421.459034]     ok 3 range_test_get_selector_low
[  421.459437]     ok 4 range_test_get_value
[  421.459458] # linear-ranges-test: pass:4 fail:0 skip:0 total:4
[  421.459473] # Totals: pass:4 fail:0 skip:0 total:4
[  421.459486] ok 1 linear-ranges-test
[  437.480719] mva_overlay: loading out-of-tree module taints kernel.
[  437.483280] mva_overlay_init: Hello Peeps
[  437.483364] create_sysfs_for_overlays: sysfs created
[  441.363956] overlay_modify_store: got overlay data (pos=0, size=1218
[  441.364024] overlay_modify_store: Writing 1218 byte overlay
[  441.364713] OF: overlay: WARNING: memory leak will occur if overlay removed, property: /ocp/interconnect@48000000/segment@100000/target-module@9c000/i2c@0/clock-frequency
[  441.364772] OF: overlay: WARNING: memory leak will occur if overlay removed, property: /ocp/interconnect@48000000/segment@100000/target-module@9c000/i2c@0/status
[  441.364925] OF: overlay: WARNING: memory leak will occur if overlay removed, property: /__symbols__/accel
[  441.583655] kx022a-i2c 2-001e: supply io-vdd not found, using dummy regulator
[  441.583977] kx022a-i2c 2-001e: supply vdd not found, using dummy regulator
[  441.585718] kx022a-i2c 2-001e: mounting matrix not found: using identity...
[  441.617249] PM: Cannot get wkup_m3_ipc handle
[  460.736576] test_module_kx022acr-z generic_accel_test: Ver 040
[  460.736903] test_module_kx022acr-z generic_accel_test: end of probe
[  460.737875] PM: Cannot get wkup_m3_ipc handle
APWVAUQQQA 0
root@arm:~# echo 'BHJW''UXLGCA'
BHJWUXLGCA
root@arm:~# MARKER='FLUX''PQUPEV' run 'modprobe test_linear_ranges'
FLUXPQUPEVFLUXPQUPEV 0
root@arm:~# echo 'JHTW''MXSJYS'
JHTWMXSJYS
root@arm:~# MARKER='BPSB''TOVXEB' run dmesg
BPSBTOVXEB[    0.000000] Booting Linux on physical CPU 0x0
[    0.000000] Linux version 6.12.0-g9072fc7427ff (kale@latitude5580) (arm-linux-gnueabihf-gcc (Linaro GCC 6.4-2017.11) 6.4.1 20171012, GNU ld (Linaro_Binutils-2017.11) 2.27.0.20161229) #1 SMP Wed Dec  4 11:21:14 EET 2024
[    0.000000] CPU: ARMv7 Processor [413fc082] revision 2 (ARMv7), cr=10c5387d
[    0.000000] CPU: PIPT / VIPT nonaliasing data cache, VIPT aliasing instruction cache
[    0.000000] OF: fdt: Machine model: TI AM335x BeagleBone Black
[    0.000000] Memory policy: Data cache writeback
[    0.000000] cma: Reserved 16 MiB at 0x9e800000 on node -1
[    0.000000] Zone ranges:
[    0.000000]   Normal   [mem 0x0000000080000000-0x000000009fdfffff]
[    0.000000]   HighMem  empty
[    0.000000] Movable zone start for each node
[    0.000000] Early memory node ranges
[    0.000000]   node   0: [mem 0x0000000080000000-0x000000009fdfffff]
[    0.000000] Initmem setup node 0 [mem 0x0000000080000000-0x000000009fdfffff]
[    0.000000] CPU: All CPU(s) started in SVC mode.
[    0.000000] AM335X ES2.1 (sgx neon)
[    0.000000] percpu: Embedded 17 pages/cpu s40268 r8192 d21172 u69632
[    0.000000] pcpu-alloc: s40268 r8192 d21172 u69632 alloc=17*4096
[    0.000000] pcpu-alloc: [0] 0 
[    0.000000] Kernel command line: console=ttyO0,115200n8 root=/dev/nfs rw nfsroot=192.168.255.126:/home/kale/nfs,nfsvers=3 ip=192.168.255.5:192.168.255.126::255.255.255.0:bbb1:eth0 nfsrootdebug
[    0.000000] Unknown kernel command line parameters "nfsrootdebug", will be passed to user space.
[    0.000000] Dentry cache hash table entries: 65536 (order: 6, 262144 bytes, linear)
[    0.000000] Inode-cache hash table entries: 32768 (order: 5, 131072 bytes, linear)
[    0.000000] Built 1 zonelists, mobility grouping on.  Total pages: 130560
[    0.000000] mem auto-init: stack:off, heap alloc:off, heap free:off
[    0.000000] SLUB: HWalign=64, Order=0-3, MinObjects=0, CPUs=1, Nodes=1
[    0.000000] trace event string verifier disabled
[    0.000000] rcu: Hierarchical RCU implementation.
[    0.000000] rcu: 	RCU event tracing is enabled.
[    0.000000] rcu: 	RCU restricting CPUs from NR_CPUS=2 to nr_cpu_ids=1.
[    0.000000] rcu: RCU calculated value of scheduler-enlistment delay is 10 jiffies.
[    0.000000] rcu: Adjusting geometry for rcu_fanout_leaf=16, nr_cpu_ids=1
[    0.000000] NR_IRQS: 16, nr_irqs: 16, preallocated irqs: 16
[    0.000000] IRQ: Found an INTC at 0x(ptrval) (revision 5.0) with 128 interrupts
[    0.000000] rcu: srcu_init: Setting srcu_struct sizes based on contention.
[    0.000000] TI gptimer clocksource: always-on /ocp/interconnect@44c00000/segment@200000/target-module@31000
[    0.000002] sched_clock: 32 bits at 24MHz, resolution 41ns, wraps every 89478484971ns
[    0.000026] clocksource: dmtimer: mask: 0xffffffff max_cycles: 0xffffffff, max_idle_ns: 79635851949 ns
[    0.000499] TI gptimer clockevent: 24000000 Hz at /ocp/interconnect@48000000/segment@0/target-module@40000
[    0.002155] Console: colour dummy device 80x30
[    0.002219] WARNING: Your 'console=ttyO0' has been replaced by 'ttyS0'
[    0.002228] This ensures that you still see kernel messages. Please
[    0.002233] update your kernel commandline.
[    0.002275] Calibrating delay loop... 996.14 BogoMIPS (lpj=4980736)
[    0.090549] CPU: Testing write buffer coherency: ok
[    0.090653] CPU0: Spectre v2: using BPIALL workaround
[    0.090665] pid_max: default: 32768 minimum: 301
[    0.090785] LSM: initializing lsm=capability
[    0.090956] Mount-cache hash table entries: 1024 (order: 0, 4096 bytes, linear)
[    0.090977] Mountpoint-cache hash table entries: 1024 (order: 0, 4096 bytes, linear)
[    0.092628] CPU0: thread -1, cpu 0, socket -1, mpidr 0
[    0.160722] Setting up static identity map for 0x80100000 - 0x80100078
[    0.170698] rcu: Hierarchical SRCU implementation.
[    0.170710] rcu: 	Max phase no-delay instances is 1000.
[    0.190759] smp: Bringing up secondary CPUs ...
[    0.190818] smp: Brought up 1 node, 1 CPU
[    0.190832] SMP: Total of 1 processors activated (996.14 BogoMIPS).
[    0.190844] CPU: All CPU(s) started in SVC mode.
[    0.191034] Memory: 480864K/522240K available (11264K kernel code, 1211K rwdata, 2876K rodata, 1024K init, 299K bss, 23364K reserved, 16384K cma-reserved, 0K highmem)
[    0.191891] devtmpfs: initialized
[    0.208717] VFP support v0.3: implementor 41 architecture 3 part 30 variant c rev 3
[    0.209074] clocksource: jiffies: mask: 0xffffffff max_cycles: 0xffffffff, max_idle_ns: 19112604462750000 ns
[    0.209108] futex hash table entries: 256 (order: 2, 16384 bytes, linear)
[    0.210441] pinctrl core: initialized pinctrl subsystem
[    0.213431] NET: Registered PF_NETLINK/PF_ROUTE protocol family
[    0.216267] DMA: preallocated 256 KiB pool for atomic coherent allocations
[    0.217185] audit: initializing netlink subsys (disabled)
[    0.218584] thermal_sys: Registered thermal governor 'fair_share'
[    0.218600] thermal_sys: Registered thermal governor 'step_wise'
[    0.218611] thermal_sys: Registered thermal governor 'user_space'
[    0.218761] audit: type=2000 audit(0.210:1): state=initialized audit_enabled=0 res=1
[    0.218800] cpuidle: using governor menu
[    0.238063] No ATAGs?
[    0.238089] hw-breakpoint: debug architecture 0x4 unsupported.
[    0.240910] kprobes: kprobe jump-optimization is enabled. All kprobes are optimized if possible.
[    0.254064] iommu: Default domain type: Translated
[    0.254086] iommu: DMA domain TLB invalidation policy: strict mode
[    0.255768] reg-fixed-voltage fixedregulator0: using DT '/fixedregulator0' for '(default)' GPIO lookup
[    0.255823] of_get_named_gpiod_flags: can't parse 'gpios' property of node '/fixedregulator0[0]'
[    0.255853] of_get_named_gpiod_flags: can't parse 'gpio' property of node '/fixedregulator0[0]'
[    0.255871] reg-fixed-voltage fixedregulator0: using lookup tables for GPIO lookup
[    0.255882] reg-fixed-voltage fixedregulator0: No GPIO consumer (default) found
[    0.261503] SCSI subsystem initialized
[    0.261999] libata version 3.00 loaded.
[    0.262361] pps_core: LinuxPPS API ver. 1 registered
[    0.262373] pps_core: Software ver. 5.3.6 - Copyright 2005-2007 Rodolfo Giometti <giometti@linux.it>
[    0.262397] PTP clock support registered
[    0.270817] vgaarb: loaded
[    0.271220] clocksource: Switched to clocksource dmtimer
[    0.271886] VFS: Disk quotas dquot_6.6.0
[    0.271931] VFS: Dquot-cache hash table entries: 1024 (order 0, 4096 bytes)
[    0.297116] NET: Registered PF_INET protocol family
[    0.297473] IP idents hash table entries: 8192 (order: 4, 65536 bytes, linear)
[    0.298879] tcp_listen_portaddr_hash hash table entries: 512 (order: 0, 4096 bytes, linear)
[    0.298918] Table-perturb hash table entries: 65536 (order: 6, 262144 bytes, linear)
[    0.298935] TCP established hash table entries: 4096 (order: 2, 16384 bytes, linear)
[    0.298979] TCP bind hash table entries: 4096 (order: 4, 65536 bytes, linear)
[    0.299079] TCP: Hash tables configured (established 4096 bind 4096)
[    0.299203] UDP hash table entries: 256 (order: 1, 8192 bytes, linear)
[    0.299231] UDP-Lite hash table entries: 256 (order: 1, 8192 bytes, linear)
[    0.299412] NET: Registered PF_UNIX/PF_LOCAL protocol family
[    0.301944] RPC: Registered named UNIX socket transport module.
[    0.301966] RPC: Registered udp transport module.
[    0.301972] RPC: Registered tcp transport module.
[    0.301978] RPC: Registered tcp-with-tls transport module.
[    0.301983] RPC: Registered tcp NFSv4.1 backchannel transport module.
[    0.302008] PCI: CLS 0 bytes, default 64
[    0.303473] Initialise system trusted keyrings
[    0.312489] workingset: timestamp_bits=14 max_order=17 bucket_order=3
[    0.313841] NFS: Registering the id_resolver key type
[    0.313936] Key type id_resolver registered
[    0.313944] Key type id_legacy registered
[    0.313991] jffs2: version 2.2. (NAND) (SUMMARY)  Â© 2001-2006 Red Hat, Inc.
[    0.314400] Key type asymmetric registered
[    0.314415] Asymmetric key parser 'x509' registered
[    0.314482] io scheduler mq-deadline registered
[    0.314494] io scheduler kyber registered
[    0.314567] io scheduler bfq registered
[    0.316183] ledtrig-cpu: registered to indicate activity on CPUs
[    0.322147] Serial: 8250/16550 driver, 6 ports, IRQ sharing enabled
[    0.371956] brd: module loaded
[    0.392317] loop: module loaded
[    0.393269] mtdoops: mtd device (mtddev=name/number) must be supplied
[    0.395006] mdio_bus fixed-0: using lookup tables for GPIO lookup
[    0.395032] mdio_bus fixed-0: No GPIO consumer reset found
[    0.396425] i2c_dev: i2c /dev entries driver
[    0.397415] cpuidle: enable-method property 'ti,am3352' found operations
[    0.397862] sdhci: Secure Digital Host Controller Interface driver
[    0.397872] sdhci: Copyright(c) Pierre Ossman
[    0.398047] sdhci-pltfm: SDHCI platform and OF driver helper
[    0.399087] Initializing XFRM netlink socket
[    0.399215] NET: Registered PF_INET6 protocol family
[    0.409314] Segment Routing with IPv6
[    0.409404] In-situ OAM (IOAM) with IPv6
[    0.409498] sit: IPv6, IPv4 and MPLS over IPv4 tunneling driver
[    0.410438] NET: Registered PF_PACKET protocol family
[    0.410474] NET: Registered PF_KEY protocol family
[    0.410633] Key type dns_resolver registered
[    0.410899] ThumbEE CPU extension supported.
[    0.410920] Registering SWP/SWPB emulation handler
[    0.411597] omap_voltage_late_init: Voltage driver support not added
[    0.411979] SmartReflex Class3 initialized
[    0.437035] Loading compiled-in X.509 certificates
[    0.473568] gpiochip_find_base_unlocked: found new base at 512
[    0.499960] platform 44e10800.pinmux: Fixed dependency cycle(s) with /ocp/interconnect@44c00000/segment@200000/target-module@10000/scm@0/pinmux@800/clkout2-pins
[    0.500523] pinctrl-single 44e10800.pinmux: 142 pins, size 568
[    0.505903] ti-sysc 44e31000.target-module: probe with driver ti-sysc failed with error -16
[    0.554159] ti-sysc 48040000.target-module: probe with driver ti-sysc failed with error -16
[    0.565248] gpiochip_find_base_unlocked: found new base at 512
[    0.565349] gpio gpiochip0: (gpio-0-31): created GPIO range 0->7 ==> 44e10800.pinmux PIN 0->7
[    0.565367] gpio gpiochip0: (gpio-0-31): created GPIO range 8->11 ==> 44e10800.pinmux PIN 90->93
[    0.565383] gpio gpiochip0: (gpio-0-31): created GPIO range 12->27 ==> 44e10800.pinmux PIN 12->27
[    0.565399] gpio gpiochip0: (gpio-0-31): created GPIO range 28->31 ==> 44e10800.pinmux PIN 30->33
[    0.603025] gpio gpiochip0: (gpio-0-31): added GPIO chardev (254:0)
[    0.603192] gpio gpiochip0: registered GPIOs 512 to 543 on gpio-0-31
[    0.603277] OMAP GPIO hardware version 0.1
[    0.630153] i2c i2c-2: using DT '/ocp/interconnect@48000000/segment@100000/target-module@9c000/i2c@0' for 'scl' GPIO lookup
[    0.630227] of_get_named_gpiod_flags: can't parse 'scl-gpios' property of node '/ocp/interconnect@48000000/segment@100000/target-module@9c000/i2c@0[0]'
[    0.630270] of_get_named_gpiod_flags: can't parse 'scl-gpio' property of node '/ocp/interconnect@48000000/segment@100000/target-module@9c000/i2c@0[0]'
[    0.630307] i2c i2c-2: using lookup tables for GPIO lookup
[    0.630318] i2c i2c-2: No GPIO consumer scl found
[    0.630340] i2c i2c-2: using DT '/ocp/interconnect@48000000/segment@100000/target-module@9c000/i2c@0' for 'sda' GPIO lookup
[    0.630377] of_get_named_gpiod_flags: can't parse 'sda-gpios' property of node '/ocp/interconnect@48000000/segment@100000/target-module@9c000/i2c@0[0]'
[    0.630415] of_get_named_gpiod_flags: can't parse 'sda-gpio' property of node '/ocp/interconnect@48000000/segment@100000/target-module@9c000/i2c@0[0]'
[    0.630447] i2c i2c-2: using lookup tables for GPIO lookup
[    0.630454] i2c i2c-2: No GPIO consumer sda found
[    0.631390] omap_i2c 4819c000.i2c: bus 2 rev0.11 at 100 kHz
[    0.636783] gpiochip_find_base_unlocked: found new base at 544
[    0.636878] gpio gpiochip1: (gpio-32-63): created GPIO range 0->17 ==> 44e10800.pinmux PIN 34->51
[    0.636898] gpio gpiochip1: (gpio-32-63): created GPIO range 18->21 ==> 44e10800.pinmux PIN 77->80
[    0.636914] gpio gpiochip1: (gpio-32-63): created GPIO range 22->31 ==> 44e10800.pinmux PIN 56->65
[    0.661507] gpio gpiochip1: (gpio-32-63): added GPIO chardev (254:1)
[    0.661657] gpio gpiochip1: registered GPIOs 544 to 575 on gpio-32-63
[    0.663876] gpiochip_find_base_unlocked: found new base at 576
[    0.663972] gpio gpiochip2: (gpio-64-95): created GPIO range 0->4 ==> 44e10800.pinmux PIN 66->70
[    0.663991] gpio gpiochip2: (gpio-64-95): created GPIO range 5->6 ==> 44e10800.pinmux PIN 98->99
[    0.664006] gpio gpiochip2: (gpio-64-95): created GPIO range 7->8 ==> 44e10800.pinmux PIN 75->76
[    0.664022] gpio gpiochip2: (gpio-64-95): created GPIO range 13->13 ==> 44e10800.pinmux PIN 141->141
[    0.664038] gpio gpiochip2: (gpio-64-95): created GPIO range 14->21 ==> 44e10800.pinmux PIN 100->107
[    0.664677] gpio gpiochip2: (gpio-64-95): added GPIO chardev (254:2)
[    0.664811] gpio gpiochip2: registered GPIOs 576 to 607 on gpio-64-95
[    0.670267] 48000000.interconnect:segment@200000:target-module@0:mpu@0:fck: device ID is greater than 24
[    0.674818] platform 4830e000.lcdc: Fixed dependency cycle(s) with /ocp/interconnect@44c00000/segment@200000/target-module@b000/i2c@0/tda19988@70
[    0.684250] mdio_bus 4a101000.mdio: using DT '/ocp/interconnect@4a000000/segment@0/target-module@100000/switch@0/mdio@1000' for 'reset' GPIO lookup
[    0.684324] of_get_named_gpiod_flags: can't parse 'reset-gpios' property of node '/ocp/interconnect@4a000000/segment@0/target-module@100000/switch@0/mdio@1000[0]'
[    0.684376] of_get_named_gpiod_flags: can't parse 'reset-gpio' property of node '/ocp/interconnect@4a000000/segment@0/target-module@100000/switch@0/mdio@1000[0]'
[    0.684425] mdio_bus 4a101000.mdio: using lookup tables for GPIO lookup
[    0.684435] mdio_bus 4a101000.mdio: No GPIO consumer reset found
[    0.685345] sdhci-omap 481d8000.mmc: using DT '/ocp/interconnect@48000000/segment@100000/target-module@d8000/mmc@0' for 'wp' GPIO lookup
[    0.685406] of_get_named_gpiod_flags: can't parse 'wp-gpios' property of node '/ocp/interconnect@48000000/segment@100000/target-module@d8000/mmc@0[0]'
[    0.685450] of_get_named_gpiod_flags: can't parse 'wp-gpio' property of node '/ocp/interconnect@48000000/segment@100000/target-module@d8000/mmc@0[0]'
[    0.685485] sdhci-omap 481d8000.mmc: using lookup tables for GPIO lookup
[    0.685495] sdhci-omap 481d8000.mmc: No GPIO consumer wp found
[    0.685690] sdhci-omap 481d8000.mmc: supply pbias not found, using dummy regulator
[    0.686188] sdhci-omap 481d8000.mmc: supply vqmmc not found, using dummy regulator
[    0.757948] davinci_mdio 4a101000.mdio: davinci mdio revision 1.6, bus freq 1000000
[    0.759815] mdio_bus 4a101000.mdio:00: using DT '/ocp/interconnect@4a000000/segment@0/target-module@100000/switch@0/mdio@1000/ethernet-phy@0' for 'reset' GPIO lookup
[    0.759922] of_get_named_gpiod_flags: parsed 'reset-gpios' property of node '/ocp/interconnect@4a000000/segment@0/target-module@100000/switch@0/mdio@1000/ethernet-phy@0[0]' - status (0)
[    0.760085] gpio gpiochip0: Persistence not supported for GPIO 8
[    0.855253] davinci_mdio 4a101000.mdio: phy[0]: device 4a101000.mdio:00, driver SMSC LAN8710/LAN8720
[    0.856039] cpsw-switch 4a100000.switch: initialized cpsw ale version 1.4
[    0.856063] cpsw-switch 4a100000.switch: ALE Table size 1024, Policers 0
[    0.856211] cpsw-switch 4a100000.switch: cpts: overflow check period 500 (jiffies)
[    0.856227] cpsw-switch 4a100000.switch: CPTS: ref_clk_freq:250000000 calc_mult:2147483648 calc_shift:29 error:0 nsec/sec
[    0.856341] cpsw-switch 4a100000.switch: Detected MACID = 18:2c:65:25:39:4f
[    0.858160] cpsw-switch 4a100000.switch: initialized (regs 0x4a100000, pool size 256) hw_ver:0019010C 1.12 (0)
[    0.869308] debugfs: Directory '49000000.dma' with parent 'dmaengine' already present!
[    0.869348] edma 49000000.dma: TI EDMA DMA engine driver
[    0.917964] target-module@4b000000:target-module@140000:pmu@0:fck: device ID is greater than 24
[    0.946547] hw perfevents: enabled with armv7_cortex_a8 PMU driver, 5 (8000000f) counters available
[    0.947451] gpio-clk clk_mcasp0: using DT '/clk_mcasp0' for 'enable' GPIO lookup
[    0.947532] of_get_named_gpiod_flags: parsed 'enable-gpios' property of node '/clk_mcasp0[0]' - status (0)
[    0.947581] gpio gpiochip0: Persistence not supported for GPIO 27
[    0.948378] gpiochip_find_base_unlocked: found new base at 608
[    0.948506] gpio gpiochip3: (gpio-96-127): created GPIO range 0->7 ==> 44e10800.pinmux PIN 82->89
[    0.948529] gpio gpiochip3: (gpio-96-127): created GPIO range 8->11 ==> 44e10800.pinmux PIN 52->55
[    0.948545] gpio gpiochip3: (gpio-96-127): created GPIO range 12->15 ==> 44e10800.pinmux PIN 94->97
[    0.948561] gpio gpiochip3: (gpio-96-127): created GPIO range 16->17 ==> 44e10800.pinmux PIN 71->72
[    0.948576] gpio gpiochip3: (gpio-96-127): created GPIO range 18->18 ==> 44e10800.pinmux PIN 135->135
[    0.948593] gpio gpiochip3: (gpio-96-127): created GPIO range 19->20 ==> 44e10800.pinmux PIN 108->109
[    0.948610] gpio gpiochip3: (gpio-96-127): created GPIO range 21->21 ==> 44e10800.pinmux PIN 73->73
[    0.948627] gpio gpiochip3: (gpio-96-127): created GPIO range 22->23 ==> 44e10800.pinmux PIN 8->9
[    0.948644] gpio gpiochip3: (gpio-96-127): created GPIO range 26->27 ==> 44e10800.pinmux PIN 10->11
[    0.948661] gpio gpiochip3: (gpio-96-127): created GPIO range 28->28 ==> 44e10800.pinmux PIN 74->74
[    0.948679] gpio gpiochip3: (gpio-96-127): created GPIO range 29->29 ==> 44e10800.pinmux PIN 81->81
[    0.948697] gpio gpiochip3: (gpio-96-127): created GPIO range 30->31 ==> 44e10800.pinmux PIN 28->29
[    0.949811] gpio gpiochip3: (gpio-96-127): added GPIO chardev (254:3)
[    0.949956] gpio gpiochip3: registered GPIOs 608 to 639 on gpio-96-127
[    0.952573] omap8250 44e09000.serial: using DT '/ocp/interconnect@44c00000/segment@200000/target-module@9000/serial@0' for 'rs485-term' GPIO lookup
[    0.952650] of_get_named_gpiod_flags: can't parse 'rs485-term-gpios' property of node '/ocp/interconnect@44c00000/segment@200000/target-module@9000/serial@0[0]'
[    0.952697] of_get_named_gpiod_flags: can't parse 'rs485-term-gpio' property of node '/ocp/interconnect@44c00000/segment@200000/target-module@9000/serial@0[0]'
[    0.952735] omap8250 44e09000.serial: using lookup tables for GPIO lookup
[    0.952746] omap8250 44e09000.serial: No GPIO consumer rs485-term found
[    0.952757] omap8250 44e09000.serial: using DT '/ocp/interconnect@44c00000/segment@200000/target-module@9000/serial@0' for 'rs485-rx-during-tx' GPIO lookup
[    0.952794] of_get_named_gpiod_flags: can't parse 'rs485-rx-during-tx-gpios' property of node '/ocp/interconnect@44c00000/segment@200000/target-module@9000/serial@0[0]'
[    0.952833] of_get_named_gpiod_flags: can't parse 'rs485-rx-during-tx-gpio' property of node '/ocp/interconnect@44c00000/segment@200000/target-module@9000/serial@0[0]'
[    0.952865] omap8250 44e09000.serial: using lookup tables for GPIO lookup
[    0.952874] omap8250 44e09000.serial: No GPIO consumer rs485-rx-during-tx found
[    0.953272] 44e09000.serial: ttyS0 at MMIO 0x44e09000 (irq = 34, base_baud = 3000000) is a 8250
[    0.953360] printk: legacy console [ttyS0] enabled
[    1.944564] l3-aon-clkctrl:0000:0: failed to disable
[    2.280814] i2c i2c-0: using DT '/ocp/interconnect@44c00000/segment@200000/target-module@b000/i2c@0' for 'scl' GPIO lookup
[    2.280904] of_get_named_gpiod_flags: can't parse 'scl-gpios' property of node '/ocp/interconnect@44c00000/segment@200000/target-module@b000/i2c@0[0]'
[    2.280952] of_get_named_gpiod_flags: can't parse 'scl-gpio' property of node '/ocp/interconnect@44c00000/segment@200000/target-module@b000/i2c@0[0]'
[    2.280994] i2c i2c-0: using lookup tables for GPIO lookup
[    2.281009] i2c i2c-0: No GPIO consumer scl found
[    2.281035] i2c i2c-0: using DT '/ocp/interconnect@44c00000/segment@200000/target-module@b000/i2c@0' for 'sda' GPIO lookup
[    2.281077] of_get_named_gpiod_flags: can't parse 'sda-gpios' property of node '/ocp/interconnect@44c00000/segment@200000/target-module@b000/i2c@0[0]'
[    2.281119] of_get_named_gpiod_flags: can't parse 'sda-gpio' property of node '/ocp/interconnect@44c00000/segment@200000/target-module@b000/i2c@0[0]'
[    2.281157] i2c i2c-0: using lookup tables for GPIO lookup
[    2.281168] i2c i2c-0: No GPIO consumer sda found
[    2.302233] tps65217-pmic: Failed to locate of_node [id: -1]
[    2.308316] tps65217-bl: Failed to locate of_node [id: -1]
[    2.319766] tps65217 0-0024: TPS65217 ID 0xe version 1.2
[    2.325914] platform 4830e000.lcdc: Fixed dependency cycle(s) with /ocp/interconnect@44c00000/segment@200000/target-module@b000/i2c@0/tda19988@70
[    2.339331] i2c 0-0070: Fixed dependency cycle(s) with /ocp/interconnect@48000000/segment@300000/target-module@e000/lcdc@0
[    2.350746] omap_i2c 44e0b000.i2c: bus 0 rev0.11 at 400 kHz
[    2.358372] sdhci-omap 48060000.mmc: using DT '/ocp/interconnect@48000000/segment@0/target-module@60000/mmc@0' for 'cd' GPIO lookup
[    2.358480] of_get_named_gpiod_flags: parsed 'cd-gpios' property of node '/ocp/interconnect@48000000/segment@0/target-module@60000/mmc@0[0]' - status (0)
[    2.358548] gpio gpiochip3: Persistence not supported for GPIO 6
[    2.358573] omap_gpio 44e07000.gpio: Could not set line 6 debounce to 200000 microseconds (-22)
[    2.367459] sdhci-omap 48060000.mmc: Got CD GPIO
[    2.372143] sdhci-omap 48060000.mmc: using DT '/ocp/interconnect@48000000/segment@0/target-module@60000/mmc@0' for 'wp' GPIO lookup
[    2.372190] of_get_named_gpiod_flags: can't parse 'wp-gpios' property of node '/ocp/interconnect@48000000/segment@0/target-module@60000/mmc@0[0]'
[    2.372235] of_get_named_gpiod_flags: can't parse 'wp-gpio' property of node '/ocp/interconnect@48000000/segment@0/target-module@60000/mmc@0[0]'
[    2.372277] sdhci-omap 48060000.mmc: using lookup tables for GPIO lookup
[    2.372292] sdhci-omap 48060000.mmc: No GPIO consumer wp found
[    2.372501] sdhci-omap 48060000.mmc: supply pbias not found, using dummy regulator
[    2.381160] sdhci-omap 481d8000.mmc: using DT '/ocp/interconnect@48000000/segment@100000/target-module@d8000/mmc@0' for 'wp' GPIO lookup
[    2.381340] of_get_named_gpiod_flags: can't parse 'wp-gpios' property of node '/ocp/interconnect@48000000/segment@100000/target-module@d8000/mmc@0[0]'
[    2.381394] of_get_named_gpiod_flags: can't parse 'wp-gpio' property of node '/ocp/interconnect@48000000/segment@100000/target-module@d8000/mmc@0[0]'
[    2.381437] sdhci-omap 481d8000.mmc: using lookup tables for GPIO lookup
[    2.381452] sdhci-omap 481d8000.mmc: No GPIO consumer wp found
[    2.382589] sdhci-omap 48060000.mmc: supply vqmmc not found, using dummy regulator
[    2.391966] sdhci-omap 481d8000.mmc: supply pbias not found, using dummy regulator
[    2.399966] sdhci-omap 481d8000.mmc: supply vqmmc not found, using dummy regulator
[    2.541771] mmc1: SDHCI controller on 481d8000.mmc [481d8000.mmc] using External DMA
[    2.550104] mmc0: SDHCI controller on 48060000.mmc [48060000.mmc] using External DMA
[    2.559054] cpsw-switch 4a100000.switch: starting ndev. mode: dual_mac
[    2.617954] mmc1: new high speed MMC card at address 0001
[    2.624886] mmcblk1: mmc1:0001 MK2704 3.53 GiB
[    2.632593]  mmcblk1: p1
[    2.636645] mmcblk1boot0: mmc1:0001 MK2704 2.00 MiB
[    2.642505] SMSC LAN8710/LAN8720 4a101000.mdio:00: attached PHY driver (mii_bus:phy_addr=4a101000.mdio:00, irq=POLL)
[    2.654746] mmcblk1boot1: mmc1:0001 MK2704 2.00 MiB
[    2.667524] mmcblk1rpmb: mmc1:0001 MK2704 512 KiB, chardev (250:0)
[    2.724539] mmc0: new high speed SDHC card at address aaaa
[    2.731552] mmcblk0: mmc0:aaaa SE32G 29.7 GiB
[    2.740569]  mmcblk0: p1 p2
[    4.802020] cpsw-switch 4a100000.switch eth0: Link is Up - 100Mbps/Full - flow control off
[    4.841241] IP-Config: Complete:
[    4.844513]      device=eth0, hwaddr=18:2c:65:25:39:4f, ipaddr=192.168.255.5, mask=255.255.255.0, gw=255.255.255.255
[    4.855137]      host=bbb1, domain=, nis-domain=(none)
[    4.860307]      bootserver=192.168.255.126, rootserver=192.168.255.126, rootpath=
[    4.860736] clk: Disabling unused clocks
[    4.872611] PM: genpd: Disabling unused power domains
[    4.877732] KTAP version 1
[    4.880454] 1..0
[    4.905645] VFS: Mounted root (nfs filesystem) on device 0:17.
[    4.912830] devtmpfs: mounted
[    4.917525] Freeing unused kernel image (initmem) memory: 1024K
[    4.924493] Run /sbin/init as init process
[    4.928630]   with arguments:
[    4.928643]     /sbin/init
[    4.928653]     nfsrootdebug
[    4.928664]   with environment:
[    4.928672]     HOME=/
[    4.928682]     TERM=linux
[    5.632058] systemd[1]: System time before build time, advancing clock.
[    7.151257] random: crng init done
[    7.192116] systemd[1]: systemd 232 running in system mode. (+PAM +AUDIT +SELINUX +IMA +APPARMOR +SMACK +SYSVINIT +UTMP +LIBCRYPTSETUP +GCRYPT +GNUTLS +ACL +XZ +LZ4 +SECCOMP +BLKID +ELFUTILS +KMOD +IDN)
[    7.211135] systemd[1]: Detected architecture arm.
[    7.244605] systemd[1]: Set hostname to <arm>.
[    8.358243] systemd[1]: Listening on /dev/initctl Compatibility Named Pipe.
[    8.391627] systemd[1]: Reached target Swap.
[    8.412128] systemd[1]: Started Forward Password Requests to Wall Directory Watch.
[    8.441639] systemd[1]: Reached target Remote File Systems.
[    8.471816] systemd[1]: Listening on udev Kernel Socket.
[    8.502918] systemd[1]: Set up automount Arbitrary Executable File Formats File System Automount Point.
[    8.533686] systemd[1]: Listening on Journal Socket.
[   10.909290] systemd-journald[86]: Received request to flush runtime journal from PID 1
[   13.529403] leds-gpio leds: using DT '/leds/led2' for '(default)' GPIO lookup
[   13.529509] of_get_named_gpiod_flags: parsed 'gpios' property of node '/leds/led2[0]' - status (0)
[   13.529568] gpio gpiochip0: Persistence not supported for GPIO 21
[   13.529584] gpio-533 (?): no flags found for GPIO (default)
[   13.621832] leds-gpio leds: using DT '/leds/led3' for '(default)' GPIO lookup
[   13.621944] of_get_named_gpiod_flags: parsed 'gpios' property of node '/leds/led3[0]' - status (0)
[   13.622003] gpio gpiochip0: Persistence not supported for GPIO 22
[   13.622019] gpio-534 (?): no flags found for GPIO (default)
[   13.641836] leds-gpio leds: using DT '/leds/led4' for '(default)' GPIO lookup
[   13.641934] of_get_named_gpiod_flags: parsed 'gpios' property of node '/leds/led4[0]' - status (0)
[   13.641990] gpio gpiochip0: Persistence not supported for GPIO 23
[   13.642006] gpio-535 (?): no flags found for GPIO (default)
[   13.675218] leds-gpio leds: using DT '/leds/led5' for '(default)' GPIO lookup
[   13.675317] of_get_named_gpiod_flags: parsed 'gpios' property of node '/leds/led5[0]' - status (0)
[   13.675369] gpio gpiochip0: Persistence not supported for GPIO 24
[   13.675385] gpio-536 (?): no flags found for GPIO (default)
[   13.876230] remoteproc remoteproc0: wkup_m3 is available
[   14.228726] at24 2-0054: supply vcc not found, using dummy regulator
[   14.334098] tps6521x_pwrbutton tps65217-pwrbutton: DMA mask not set
[   14.359846] at24 2-0055: supply vcc not found, using dummy regulator
[   14.464759] at24 2-0056: supply vcc not found, using dummy regulator
[   14.473202] input: tps65217_pwrbutton as /devices/platform/ocp/44c00000.interconnect/44c00000.interconnect:segment@200000/44e0b000.target-module/44e0b000.i2c/i2c-0/0-0024/tps65217-pwrbutton/input/input0
[   14.528556] wkup_m3_ipc 44e11324.wkup_m3_ipc: IPC Request for A8->M3 Channel failed! -517
[   14.614323] at24 2-0057: supply vcc not found, using dummy regulator
[   14.751365] at24 0-0050: using DT '/ocp/interconnect@44c00000/segment@200000/target-module@b000/i2c@0/baseboard_eeprom@50' for 'wp' GPIO lookup
[   14.751742] of_get_named_gpiod_flags: can't parse 'wp-gpios' property of node '/ocp/interconnect@44c00000/segment@200000/target-module@b000/i2c@0/baseboard_eeprom@50[0]'
[   14.751816] of_get_named_gpiod_flags: can't parse 'wp-gpio' property of node '/ocp/interconnect@44c00000/segment@200000/target-module@b000/i2c@0/baseboard_eeprom@50[0]'
[   14.751911] at24 0-0050: using lookup tables for GPIO lookup
[   14.751929] at24 0-0050: No GPIO consumer wp found
[   14.752524] at24 0-0050: 32768 byte 24c256 EEPROM, writable, 1 bytes/write
[   14.762298] wkup_m3_ipc 44e11324.wkup_m3_ipc: IPC Request for A8->M3 Channel failed! -517
[   14.841778] omap_wdt: OMAP Watchdog Timer Rev 0x01: initial timeout 60 sec
[   14.869765] wkup_m3_ipc 44e11324.wkup_m3_ipc: IPC Request for A8->M3 Channel failed! -517
[   15.012499] omap_rtc 44e3e000.rtc: already running
[   15.043452] wkup_m3_ipc 44e11324.wkup_m3_ipc: IPC Request for A8->M3 Channel failed! -517
[   15.092615] omap_rtc 44e3e000.rtc: registered as rtc0
[   15.097796] omap_rtc 44e3e000.rtc: setting system clock to 2000-01-01T03:07:48 UTC (946696068)
[   15.106624] omap_rtc 44e3e000.rtc: using DT '/ocp/interconnect@44c00000/segment@200000/target-module@3e000/rtc@0' for 'wp' GPIO lookup
[   15.106700] of_get_named_gpiod_flags: can't parse 'wp-gpios' property of node '/ocp/interconnect@44c00000/segment@200000/target-module@3e000/rtc@0[0]'
[   15.106753] of_get_named_gpiod_flags: can't parse 'wp-gpio' property of node '/ocp/interconnect@44c00000/segment@200000/target-module@3e000/rtc@0[0]'
[   15.106796] omap_rtc 44e3e000.rtc: using lookup tables for GPIO lookup
[   15.106811] omap_rtc 44e3e000.rtc: No GPIO consumer wp found
[   15.141841] wkup_m3_ipc 44e11324.wkup_m3_ipc: IPC Request for A8->M3 Channel failed! -517
[   15.454020] am335x-phy-driver 47401300.usb-phy: using DT '/ocp/target-module@47400000/usb-phy@1300' for 'reset' GPIO lookup
[   15.454114] of_get_named_gpiod_flags: can't parse 'reset-gpios' property of node '/ocp/target-module@47400000/usb-phy@1300[0]'
[   15.454162] of_get_named_gpiod_flags: can't parse 'reset-gpio' property of node '/ocp/target-module@47400000/usb-phy@1300[0]'
[   15.454201] am335x-phy-driver 47401300.usb-phy: using lookup tables for GPIO lookup
[   15.454217] am335x-phy-driver 47401300.usb-phy: No GPIO consumer reset found
[   15.454233] am335x-phy-driver 47401300.usb-phy: using DT '/ocp/target-module@47400000/usb-phy@1300' for 'vbus-detect' GPIO lookup
[   15.454265] of_get_named_gpiod_flags: can't parse 'vbus-detect-gpios' property of node '/ocp/target-module@47400000/usb-phy@1300[0]'
[   15.454299] of_get_named_gpiod_flags: can't parse 'vbus-detect-gpio' property of node '/ocp/target-module@47400000/usb-phy@1300[0]'
[   15.454327] am335x-phy-driver 47401300.usb-phy: using lookup tables for GPIO lookup
[   15.454340] am335x-phy-driver 47401300.usb-phy: No GPIO consumer vbus-detect found
[   15.454490] am335x-phy-driver 47401300.usb-phy: dummy supplies not allowed for exclusive requests (id=vbus)
[   15.617076] am335x-phy-driver 47401b00.usb-phy: using DT '/ocp/target-module@47400000/usb-phy@1b00' for 'reset' GPIO lookup
[   15.617169] of_get_named_gpiod_flags: can't parse 'reset-gpios' property of node '/ocp/target-module@47400000/usb-phy@1b00[0]'
[   15.617215] of_get_named_gpiod_flags: can't parse 'reset-gpio' property of node '/ocp/target-module@47400000/usb-phy@1b00[0]'
[   15.617255] am335x-phy-driver 47401b00.usb-phy: using lookup tables for GPIO lookup
[   15.617270] am335x-phy-driver 47401b00.usb-phy: No GPIO consumer reset found
[   15.617286] am335x-phy-driver 47401b00.usb-phy: using DT '/ocp/target-module@47400000/usb-phy@1b00' for 'vbus-detect' GPIO lookup
[   15.617319] of_get_named_gpiod_flags: can't parse 'vbus-detect-gpios' property of node '/ocp/target-module@47400000/usb-phy@1b00[0]'
[   15.617352] of_get_named_gpiod_flags: can't parse 'vbus-detect-gpio' property of node '/ocp/target-module@47400000/usb-phy@1b00[0]'
[   15.617379] am335x-phy-driver 47401b00.usb-phy: using lookup tables for GPIO lookup
[   15.617391] am335x-phy-driver 47401b00.usb-phy: No GPIO consumer vbus-detect found
[   15.617542] am335x-phy-driver 47401b00.usb-phy: dummy supplies not allowed for exclusive requests (id=vbus)
[   15.653024] wkup_m3_ipc 44e11324.wkup_m3_ipc: IPC Request for A8->M3 Channel failed! -517
[   15.823322] wkup_m3_ipc 44e11324.wkup_m3_ipc: IPC Request for A8->M3 Channel failed! -517
[   15.987519] usbcore: registered new interface driver usbfs
[   15.993418] usbcore: registered new interface driver hub
[   15.998865] usbcore: registered new device driver usb
[   16.642748] wkup_m3_ipc 44e11324.wkup_m3_ipc: IPC Request for A8->M3 Channel failed! -517
[   16.721706] musb-hdrc musb-hdrc.1: MUSB HDRC host driver
[   16.727142] musb-hdrc musb-hdrc.1: new USB bus registered, assigned bus number 1
[   16.736833] wkup_m3_ipc 44e11324.wkup_m3_ipc: IPC Request for A8->M3 Channel failed! -517
[   16.869234] omap-mailbox 480c8000.mailbox: omap mailbox rev 0x400
[   16.882728] tda998x 0-0070: found TDA19988
[   16.952822] usb usb1: New USB device found, idVendor=1d6b, idProduct=0002, bcdDevice= 6.12
[   16.961333] usb usb1: New USB device strings: Mfr=3, Product=2, SerialNumber=1
[   16.968606] usb usb1: Product: MUSB HDRC host driver
[   16.973665] usb usb1: Manufacturer: Linux 6.12.0-g9072fc7427ff musb-hcd
[   16.980318] usb usb1: SerialNumber: musb-hdrc.1
[   17.046572] remoteproc remoteproc0: powering up wkup_m3
[   17.340067] remoteproc remoteproc0: Direct firmware load for am335x-pm-firmware.elf failed with error -2
[   17.350038] remoteproc remoteproc0: request_firmware failed: -2
[   17.356089] wkup_m3_ipc 44e11324.wkup_m3_ipc: rproc_boot failed
[   17.385868] hub 1-0:1.0: USB hub found
[   17.396584] hub 1-0:1.0: 1 port detected
[   19.395203] omap_rng 48310000.rng: Random Number Generator ver. 20
[   19.413162] tilcdc 4830e000.lcdc: bound 0-0070 (ops tda998x_driver_exit [tda998x])
[   19.507471] [drm] Initialized tilcdc 1.0.0 for 4830e000.lcdc on minor 0
[   19.569866] tilcdc 4830e000.lcdc: [drm] Cannot find any crtc or sizes
[   19.583961] tilcdc 4830e000.lcdc: [drm] Cannot find any crtc or sizes
[   20.972571] omap-sham 53100000.sham: hw accel on OMAP rev 4.3
[   20.993964] PM: Cannot get wkup_m3_ipc handle
[   21.164929] omap-sham 53100000.sham: will run requests pump with realtime priority
[   21.183583] PM: Cannot get wkup_m3_ipc handle
[   21.197740] omap-aes 53500000.aes: OMAP AES hw accel rev: 3.2
[   21.341525] omap-aes 53500000.aes: will run requests pump with realtime priority
[   21.360382] PM: Cannot get wkup_m3_ipc handle
[   21.866146] Bluetooth: Core ver 2.22
[   21.869968] NET: Registered PF_BLUETOOTH protocol family
[   21.875564] Bluetooth: HCI device and connection manager initialized
[   21.882029] Bluetooth: HCI socket layer initialized
[   21.886944] Bluetooth: L2CAP socket layer initialized
[   21.892102] Bluetooth: SCO socket layer initialized
[   24.960173] PM: Cannot get wkup_m3_ipc handle
[   24.966267] asoc-simple-card sound: using DT '/sound' for 'simple-audio-card,hp-det' GPIO lookup
[   24.966339] of_get_named_gpiod_flags: can't parse 'simple-audio-card,hp-det-gpios' property of node '/sound[0]'
[   24.966378] of_get_named_gpiod_flags: can't parse 'simple-audio-card,hp-det-gpio' property of node '/sound[0]'
[   24.966403] asoc-simple-card sound: using lookup tables for GPIO lookup
[   24.966418] asoc-simple-card sound: No GPIO consumer simple-audio-card,hp-det found
[   24.966433] asoc-simple-card sound: using DT '/sound' for 'simple-audio-card,mic-det' GPIO lookup
[   24.966459] of_get_named_gpiod_flags: can't parse 'simple-audio-card,mic-det-gpios' property of node '/sound[0]'
[   24.966485] of_get_named_gpiod_flags: can't parse 'simple-audio-card,mic-det-gpio' property of node '/sound[0]'
[   24.966505] asoc-simple-card sound: using lookup tables for GPIO lookup
[   24.966518] asoc-simple-card sound: No GPIO consumer simple-audio-card,mic-det found
[   25.089419] PM: Cannot get wkup_m3_ipc handle
[   28.474470] userial_init: registered 8 ttyGS* devices
[   28.685557] rndis_register: configNr = 0
[   28.802021] udc musb-hdrc.0: binding gadget driver [g_multi]
[   28.802103] configfs-gadget.g_multi gadget.0: adding 'rndis'/8978110d to config 'c'/5a126472
[   28.803210] configfs-gadget.g_multi gadget.0: HOST MAC 1c:ba:8c:a2:ed:6c
[   28.803236] configfs-gadget.g_multi gadget.0: MAC 1c:ba:8c:a2:ed:70
[   28.803306] rndis_set_param_medium: 0 0
[   28.803325] configfs-gadget.g_multi gadget.0: RNDIS: IN/ep1in OUT/ep1out NOTIFY/ep2in
[   28.803339] configfs-gadget.g_multi gadget.0: adding 'cdc_ethernet'/8db0b8ce to config 'c'/5a126472
[   28.804190] configfs-gadget.g_multi gadget.0: HOST MAC 1c:ba:8c:a2:ed:6c
[   28.804212] configfs-gadget.g_multi gadget.0: MAC 1c:ba:8c:a2:ed:6d
[   28.804248] configfs-gadget.g_multi gadget.0: CDC Ethernet: IN/ep3in OUT/ep2out NOTIFY/ep4in
[   28.804261] configfs-gadget.g_multi gadget.0: adding 'acm'/7293f765 to config 'c'/5a126472
[   28.804296] configfs-gadget.g_multi gadget.0: acm ttyGS0: IN/ep5in OUT/ep3out NOTIFY/ep6in
[   28.814501] PM: Cannot get wkup_m3_ipc handle
[   30.981618] configfs-gadget.g_multi gadget.0: eth_open
[   34.765377] gs_open: ttyGS0 (61a54106,77d557fe)
[   34.765539] gs_close: ttyGS0 (61a54106,77d557fe) ...
[   34.765565] gs_close: ttyGS0 (61a54106,77d557fe) done!
[   34.785275] gs_open: ttyGS0 (61a54106,f22f3665)
[   34.785424] gs_close: ttyGS0 (61a54106,f22f3665) ...
[   34.785450] gs_close: ttyGS0 (61a54106,f22f3665) done!
[   34.949243] gs_open: ttyGS0 (27e5d81d,75ef4a81)
[   34.949478] gs_close: ttyGS0 (27e5d81d,75ef4a81) ...
[   34.949509] gs_close: ttyGS0 (27e5d81d,75ef4a81) done!
[   34.954054] gs_open: ttyGS0 (27e5d81d,75ef4a81)
[  421.457155] KTAP version 1
[  421.457203] 1..1
[  421.457224]     KTAP version 1
[  421.457234]     # Subtest: linear-ranges-test
[  421.457250]     # module: test_linear_ranges
[  421.457261]     1..4
[  421.458105]     ok 1 range_test_get_value_amount
[  421.458580]     ok 2 range_test_get_selector_high
[  421.459034]     ok 3 range_test_get_selector_low
[  421.459437]     ok 4 range_test_get_value
[  421.459458] # linear-ranges-test: pass:4 fail:0 skip:0 total:4
[  421.459473] # Totals: pass:4 fail:0 skip:0 total:4
[  421.459486] ok 1 linear-ranges-test
[  437.480719] mva_overlay: loading out-of-tree module taints kernel.
[  437.483280] mva_overlay_init: Hello Peeps
[  437.483364] create_sysfs_for_overlays: sysfs created
[  441.363956] overlay_modify_store: got overlay data (pos=0, size=1218
[  441.364024] overlay_modify_store: Writing 1218 byte overlay
[  441.364713] OF: overlay: WARNING: memory leak will occur if overlay removed, property: /ocp/interconnect@48000000/segment@100000/target-module@9c000/i2c@0/clock-frequency
[  441.364772] OF: overlay: WARNING: memory leak will occur if overlay removed, property: /ocp/interconnect@48000000/segment@100000/target-module@9c000/i2c@0/status
[  441.364925] OF: overlay: WARNING: memory leak will occur if overlay removed, property: /__symbols__/accel
[  441.583655] kx022a-i2c 2-001e: supply io-vdd not found, using dummy regulator
[  441.583977] kx022a-i2c 2-001e: supply vdd not found, using dummy regulator
[  441.585718] kx022a-i2c 2-001e: mounting matrix not found: using identity...
[  441.617249] PM: Cannot get wkup_m3_ipc handle
[  460.736576] test_module_kx022acr-z generic_accel_test: Ver 040
[  460.736903] test_module_kx022acr-z generic_accel_test: end of probe
[  460.737875] PM: Cannot get wkup_m3_ipc handle
BPSBTOVXEB 0
root@arm:~# 