Labgrid Console Logfile for main
Logfile started at 2024-10-22 19:14:49.516412
=== Log starts here ===
reading args
spl_load_image_fat_os: error reading image args, err - -1
reading u-boot.img
reading u-boot.img


U-Boot 2014.04-00014-g47880f5 (Apr 22 2014 - 13:23:54)

I2C:   ready
DRAM:  512 MiB
NAND:  0 MiB
MMC:   OMAP SD/MMC: 0, OMAP SD/MMC: 1
*** Warning - readenv() failed, using default environment

Net:   <ethaddr> not set. Validating first E-fuse MAC
cpsw, usb_ether
Hit any key to stop autoboot:  1  0 
gpio: pin 53 (gpio 53) value is 1
mmc0 is current device
gpio: pin 54 (gpio 54) value is 1
SD/MMC found on device 0
reading uEnv.txt
569 bytes read in 4 ms (138.7 KiB/s)
gpio: pin 55 (gpio 55) value is 1
Loaded environment from uEnv.txt
Importing environment from mmc ...
Checking if uenvcmd is set ...
gpio: pin 56 (gpio 56) value is 1
Running uenvcmd ...
cpsw Waiting for PHY auto negotiation to complete. done
link up on port 0, speed 100, full duplex
Using cpsw device
TFTP from server 192.168.255.126; our IP address is 192.168.255.1
Filename 'zImage'.
Load address: 0x81000000
Loading: *T #################################################################
	 #################################################################
	 #################################################################
	 #################################################################
	 #################################################################
	 ###########################
	 717.8 KiB/s
done
Bytes transferred = 5165568 (4ed200 hex)
link up on port 0, speed 100, full duplex
Using cpsw device
TFTP from server 192.168.255.126; our IP address is 192.168.255.1
Filename 'am335x-boneblack.dtb'.
Load address: 0x82000000
Loading: *#######
	 2.2 MiB/s
done
Bytes transferred = 97630 (17d5e hex)
Kernel image @ 0x81000000 [ 0x000000 - 0x4ed200 ]
## Flattened Device Tree blob at 82000000
   Booting using the fdt blob at 0x82000000
   Using Device Tree in place at 82000000, end 8201ad5d

Starting kernel ...

[    0.000000] Booting Linux on physical CPU 0x0
[    0.000000] Linux version 6.1.114 (user01@drvtest01) (arm-linux-gnueabihf-gcc (Linaro GCC 6.4-2017.11) 6.4.1 20171012, GNU ld (Linaro_Binutils-2017.11) 2.27.0.20161229) #5 SMP Tue Oct 22 19:12:41 EEST 2024
[    0.000000] CPU: ARMv7 Processor [413fc082] revision 2 (ARMv7), cr=10c5387d
[    0.000000] CPU: PIPT / VIPT nonaliasing data cache, VIPT aliasing instruction cache
[    0.000000] OF: fdt: Machine model: TI AM335x BeagleBone Black
[    0.000000] Memory policy: Data cache writeback
[    0.000000] cma: Reserved 16 MiB at 0x9ec00000
[    0.000000] Zone ranges:
[    0.000000]   Normal   [mem 0x0000000080000000-0x000000009fdfffff]
[    0.000000]   HighMem  empty
[    0.000000] Movable zone start for each node
[    0.000000] Early memory node ranges
[    0.000000]   node   0: [mem 0x0000000080000000-0x000000009fdfffff]
[    0.000000] Initmem setup node 0 [mem 0x0000000080000000-0x000000009fdfffff]
[    0.000000] CPU: All CPU(s) started in SVC mode.
[    0.000000] AM335X ES2.1 (sgx neon)
[    0.000000] percpu: Embedded 16 pages/cpu s34196 r8192 d23148 u65536
[    0.000000] Built 1 zonelists, mobility grouping on.  Total pages: 129412
[    0.000000] Kernel command line: console=ttyO0,115200n8 root=/dev/nfs rw nfsroot=192.168.255.126:/home/user01/nfs,nfsvers=3 ip=192.168.255.1:192.168.255.126::255.255.255.0:bbb1:eth0 nfsrootdebug
[    0.000000] Unknown kernel command line parameters "nfsrootdebug", will be passed to user space.
[    0.000000] Dentry cache hash table entries: 65536 (order: 6, 262144 bytes, linear)
[    0.000000] Inode-cache hash table entries: 32768 (order: 5, 131072 bytes, linear)
[    0.000000] mem auto-init: stack:off, heap alloc:off, heap free:off
[    0.000000] Memory: 484644K/522240K available (10240K kernel code, 1143K rwdata, 2604K rodata, 1024K init, 287K bss, 21212K reserved, 16384K cma-reserved, 0K highmem)
[    0.000000] SLUB: HWalign=64, Order=0-3, MinObjects=0, CPUs=1, Nodes=1
[    0.000000] trace event string verifier disabled
[    0.000000] rcu: Hierarchical RCU implementation.
[    0.000000] rcu: 	RCU event tracing is enabled.
[    0.000000] rcu: 	RCU restricting CPUs from NR_CPUS=2 to nr_cpu_ids=1.
[    0.000000] rcu: RCU calculated value of scheduler-enlistment delay is 10 jiffies.
[    0.000000] rcu: Adjusting geometry for rcu_fanout_leaf=16, nr_cpu_ids=1
[    0.000000] NR_IRQS: 16, nr_irqs: 16, preallocated irqs: 16
[    0.000000] IRQ: Found an INTC at 0x(ptrval) (revision 5.0) with 128 interrupts
[    0.000000] rcu: srcu_init: Setting srcu_struct sizes based on contention.
[    0.000000] TI gptimer clocksource: always-on /ocp/interconnect@44c00000/segment@200000/target-module@31000
[    0.000002] sched_clock: 32 bits at 24MHz, resolution 41ns, wraps every 89478484971ns
[    0.000025] clocksource: dmtimer: mask: 0xffffffff max_cycles: 0xffffffff, max_idle_ns: 79635851949 ns
[    0.000446] TI gptimer clockevent: 24000000 Hz at /ocp/interconnect@48000000/segment@0/target-module@40000
[    0.002011] Console: colour dummy device 80x30
[    0.002063] WARNING: Your 'console=ttyO0' has been replaced by 'ttyS0'
[    0.002070] This ensures that you still see kernel messages. Please
[    0.002074] update your kernel commandline.
[    0.002114] Calibrating delay loop... 996.14 BogoMIPS (lpj=4980736)
[    0.090491] CPU: Testing write buffer coherency: ok
[    0.090592] CPU0: Spectre v2: using BPIALL workaround
[    0.090605] pid_max: default: 32768 minimum: 301
[    0.090738] LSM: Security Framework initializing
[    0.090918] Mount-cache hash table entries: 1024 (order: 0, 4096 bytes, linear)
[    0.090937] Mountpoint-cache hash table entries: 1024 (order: 0, 4096 bytes, linear)
[    0.092489] CPU0: thread -1, cpu 0, socket -1, mpidr 0
[    0.093791] Setting up static identity map for 0x80100000 - 0x80100078
[    0.094033] rcu: Hierarchical SRCU implementation.
[    0.094043] rcu: 	Max phase no-delay instances is 1000.
[    0.095374] smp: Bringing up secondary CPUs ...
[    0.095392] smp: Brought up 1 node, 1 CPU
[    0.095403] SMP: Total of 1 processors activated (996.14 BogoMIPS).
[    0.095414] CPU: All CPU(s) started in SVC mode.
[    0.096325] devtmpfs: initialized
[    0.112406] VFP support v0.3: implementor 41 architecture 3 part 30 variant c rev 3
[    0.112720] clocksource: jiffies: mask: 0xffffffff max_cycles: 0xffffffff, max_idle_ns: 19112604462750000 ns
[    0.112756] futex hash table entries: 256 (order: 2, 16384 bytes, linear)
[    0.114080] pinctrl core: initialized pinctrl subsystem
[    0.116077] NET: Registered PF_NETLINK/PF_ROUTE protocol family
[    0.118124] DMA: preallocated 256 KiB pool for atomic coherent allocations
[    0.118711] audit: initializing netlink subsys (disabled)
[    0.119950] thermal_sys: Registered thermal governor 'fair_share'
[    0.119967] thermal_sys: Registered thermal governor 'step_wise'
[    0.119973] thermal_sys: Registered thermal governor 'user_space'
[    0.120089] cpuidle: using governor menu
[    0.137546] No ATAGs?
[    0.137571] hw-breakpoint: debug architecture 0x4 unsupported.
[    0.146646] audit: type=2000 audit(0.110:1): state=initialized audit_enabled=0 res=1
[    0.146956] kprobes: kprobe jump-optimization is enabled. All kprobes are optimized if possible.
[    0.164669] iommu: Default domain type: Translated 
[    0.164682] iommu: DMA domain TLB invalidation policy: strict mode 
[    0.166161] SCSI subsystem initialized
[    0.167028] pps_core: LinuxPPS API ver. 1 registered
[    0.167038] pps_core: Software ver. 5.3.6 - Copyright 2005-2007 Rodolfo Giometti <giometti@linux.it>
[    0.167062] PTP clock support registered
[    0.168571] vgaarb: loaded
[    0.180966] clocksource: Switched to clocksource dmtimer
[    0.181631] VFS: Disk quotas dquot_6.6.0
[    0.181704] VFS: Dquot-cache hash table entries: 1024 (order 0, 4096 bytes)
[    0.193986] NET: Registered PF_INET protocol family
[    0.194329] IP idents hash table entries: 8192 (order: 4, 65536 bytes, linear)
[    0.195726] tcp_listen_portaddr_hash hash table entries: 512 (order: 0, 4096 bytes, linear)
[    0.195771] Table-perturb hash table entries: 65536 (order: 6, 262144 bytes, linear)
[    0.195792] TCP established hash table entries: 4096 (order: 2, 16384 bytes, linear)
[    0.195840] TCP bind hash table entries: 4096 (order: 4, 65536 bytes, linear)
[    0.195940] TCP: Hash tables configured (established 4096 bind 4096)
[    0.196054] UDP hash table entries: 256 (order: 1, 8192 bytes, linear)
[    0.196081] UDP-Lite hash table entries: 256 (order: 1, 8192 bytes, linear)
[    0.196277] NET: Registered PF_UNIX/PF_LOCAL protocol family
[    0.197506] RPC: Registered named UNIX socket transport module.
[    0.197524] RPC: Registered udp transport module.
[    0.197529] RPC: Registered tcp transport module.
[    0.197534] RPC: Registered tcp NFSv4.1 backchannel transport module.
[    0.197554] PCI: CLS 0 bytes, default 64
[    0.199221] Initialise system trusted keyrings
[    0.211618] workingset: timestamp_bits=14 max_order=17 bucket_order=3
[    0.221147] NFS: Registering the id_resolver key type
[    0.221232] Key type id_resolver registered
[    0.221241] Key type id_legacy registered
[    0.221296] jffs2: version 2.2. (NAND) (SUMMARY)  Â© 2001-2006 Red Hat, Inc.
[    0.222058] Key type asymmetric registered
[    0.222077] Asymmetric key parser 'x509' registered
[    0.222232] io scheduler mq-deadline registered
[    0.222244] io scheduler kyber registered
[    0.222488] io scheduler bfq registered
[    0.241051] Serial: 8250/16550 driver, 6 ports, IRQ sharing enabled
[    0.280291] brd: module loaded
[    0.304062] loop: module loaded
[    0.304967] mtdoops: mtd device (mtddev=name/number) must be supplied
[    0.307489] i2c_dev: i2c /dev entries driver
[    0.308400] cpuidle: enable-method property 'ti,am3352' found operations
[    0.308838] sdhci: Secure Digital Host Controller Interface driver
[    0.308846] sdhci: Copyright(c) Pierre Ossman
[    0.309204] sdhci-pltfm: SDHCI platform and OF driver helper
[    0.309462] ledtrig-cpu: registered to indicate activity on CPUs
[    0.310200] Initializing XFRM netlink socket
[    0.310774] NET: Registered PF_INET6 protocol family
[    0.312580] Segment Routing with IPv6
[    0.312652] In-situ OAM (IOAM) with IPv6
[    0.312758] sit: IPv6, IPv4 and MPLS over IPv4 tunneling driver
[    0.313647] NET: Registered PF_PACKET protocol family
[    0.313673] NET: Registered PF_KEY protocol family
[    0.313777] Key type dns_resolver registered
[    0.313933] ThumbEE CPU extension supported.
[    0.313973] Registering SWP/SWPB emulation handler
[    0.314485] omap_voltage_late_init: Voltage driver support not added
[    0.314820] SmartReflex Class3 initialized
[    0.315757] Loading compiled-in X.509 certificates
[    0.403754] platform 44e10800.pinmux: Fixed dependency cycle(s) with /ocp/interconnect@44c00000/segment@200000/target-module@10000/scm@0/pinmux@800/pinmux_clkout2_pin
[    0.404332] pinctrl-single 44e10800.pinmux: 142 pins, size 568
[    0.409126] ti-sysc: probe of 44e31000.target-module failed with error -16
[    0.472080] ti-sysc: probe of 48040000.target-module failed with error -16
[    0.482559] gpio gpiochip0: (gpio-0-31): not an immutable chip, please consider fixing it!
[    0.515613] OMAP GPIO hardware version 0.1
[    0.528376] omap_i2c 4819c000.i2c: bus 2 rev0.11 at 100 kHz
[    0.533732] gpio gpiochip1: (gpio-32-63): not an immutable chip, please consider fixing it!
[    0.544499] gpio gpiochip2: (gpio-64-95): not an immutable chip, please consider fixing it!
[    0.562115] platform 4830e000.lcdc: Fixed dependency cycle(s) with /ocp/interconnect@44c00000/segment@200000/target-module@b000/i2c@0/tda19988@70
[    0.571971] sdhci-omap 481d8000.mmc: supply pbias not found, using dummy regulator
[    0.572425] sdhci-omap 481d8000.mmc: supply vqmmc not found, using dummy regulator
[    0.630916] davinci_mdio 4a101000.mdio: davinci mdio revision 1.6, bus freq 1000000
[    0.682277] davinci_mdio 4a101000.mdio: phy[0]: device 4a101000.mdio:00, driver SMSC LAN8710/LAN8720
[    0.682784] cpsw-switch 4a100000.switch: initialized cpsw ale version 1.4
[    0.682804] cpsw-switch 4a100000.switch: ALE Table size 1024
[    0.682946] cpsw-switch 4a100000.switch: cpts: overflow check period 500 (jiffies)
[    0.682962] cpsw-switch 4a100000.switch: CPTS: ref_clk_freq:250000000 calc_mult:2147483648 calc_shift:29 error:0 nsec/sec
[    0.683054] cpsw-switch 4a100000.switch: Detected MACID = 6c:ec:eb:68:de:78
[    0.684742] cpsw-switch 4a100000.switch: initialized (regs 0x4a100000, pool size 256) hw_ver:0019010C 1.12 (0)
[    0.694829] debugfs: Directory '49000000.dma' with parent 'dmaengine' already present!
[    0.694870] edma 49000000.dma: TI EDMA DMA engine driver
[    0.748472] hw perfevents: enabled with armv7_cortex_a8 PMU driver, 5 counters available
[    0.750698] gpio gpiochip3: (gpio-96-127): not an immutable chip, please consider fixing it!
[    0.755909] l3-aon-clkctrl:0000:0: failed to disable
[    0.758264] 44e09000.serial: ttyS0 at MMIO 0x44e09000 (irq = 34, base_baud = 3000000) is a 8250
[    2.076594] printk: console [ttyS0] enabled
[    2.109794] tps65217-pmic: Failed to locate of_node [id: -1]
[    2.125926] tps65217-bl: Failed to locate of_node [id : -1]
[    2.134636] tps65217 0-0024: TPS65217 ID 0xe version  1.2
[    2.140687] platform 4830e000.lcdc: Fixed dependency cycle(s) with /ocp/interconnect@44c00000/segment@200000/target-module@b000/i2c@0/tda19988@70
[    2.154053] i2c 0-0070: Fixed depener on 48060000.mmc [48060000.mmc] using External DMA
[    2.266639] cpsw-switch 4a100000.switch: starting ndev. mode: dual_mac
[    2.307953] mmc0: new high speed SDHC card at address 5048
[    2.314795] mmcblk0: mmc0:5048 SD16G 14.4 GiB 
[    2.322799]  mmcblk0: p1 p2
[    2.326046] mmcblk0: p2 size 31221760 extends beyond EOD, truncated
[    2.341018] mmc1: new high speed MMC card at address 0001
[    2.347624] mmcblk1: mmc1:0001 MMC04G 3.60 GiB 
[    2.355007]  mmcblk1: p1 p2
[    2.358478] SMSC LAN8710/LAN8720 4a101000.mdio:00: attached PHY driver (mii_bus:phy_addr=4a101000.mdio:00, irq=POLL)
[    2.370077] mmcblk1boot0: mmc1:0001 MMC04G 2.00 MiB 
[    2.377044] mmcblk1boot1: mmc1:0001 MMC04G 2.00 MiB 
[    2.389735] mmcblk1rpmb: mmc1:0001 MMC04G 128 KiB, chardev (250:0)
[    5.529669] cpsw-switch 4a100000.switch eth0: Link is Up - 100Mbps/Full - flow control off
[    5.538048] IPv6: ADDRCONF(NETDEV_CHANGE): eth0: link becomes ready
[    5.588949] IP-Config: Complete:
[    5.592218]      device=eth0, hwaddr=6c:ec:eb:68:de:78, ipaddr=192.168.255.1, mask=255.255.255.0, gw=255.255.255.255
[    5.602858]      host=bbb1, domain=, nis-domain=(none)
[    5.608022]      bootserver=192.168.255.126, rootserver=192.168.255.126, rootpath=
[    5.608460] clk: Disabling unused clocks
[    5.620338] KTAP version 1
[    5.623066] 1..0
[    5.647048] VFS: Mounted root (nfs filesystem) on device 0:16.
[    5.654153] devtmpfs: mounted
[    5.658745] Freeing unused kernel image (initmem) memory: 1024K
[    5.665405] Run /sbin/init as init process
[    6.332519] systemd[1]: System time before build time, advancing clock.
[    7.818917] random: crng init done
[    7.890389] systemd[1]: systemd 232 running in system mode. (+PAM +AUDIT +SELINUX +IMA +APPARMOR +SMACK +SYSVINIT +UTMP +LIBCRYPTSETUP +GCRYPT +GNUTLS +ACL +XZ +LZ4 +SECCOMP +BLKID +ELFUTILS +KMOD +IDN)
[    7.909603] systemd[1]: Detected architecture arm.

Welcome to [1mDebian GNU/Linux 9 (stretch)[0m!

[    7.951821] systemd[1]: Set hostname to <arm>.
[    9.017501] systemd[1]: Started Forward Password Requests to Wall Directory Watch.
[[0;32m  OK  [0m] Started Forward Password Requests to Wall Directory Watch.
[    9.060671] systemd[1]: Created slice User and Session Slice.
[[0;32m  OK  [0m] Created slice User and Session Slice.
[    9.099808] systemd[1]: Started Dispatch Password Requests to Console Directory Watch.
[[0;32m  OK  [0m] Started Dispatch Password Requests to Console Directory Watch.
[    9.140155] systemd[1]: Created slice System Slice.
[[0;32m  OK  [0m] Created slice System Slice.
[    9.179362] systemd[1]: dev-hugepages.mount: Couldn't determine result for ConditionVirtualization=!private-users, assuming failed: No such file or directory
[    9.193837] systemd[1]: Reached target Swap.
[[0;32m  OK  [0m] Reached target Swap.
[    9.230725] systemd[1]: Listening on /dev/initctl Compatibility Named Pipe.
[[0;32m  OK  [0m] Listening on /dev/initctl Compatibility Named Pipe.
[[0;32m  OK  [0m] Set up automount Arbitrary Executabâ€¦rmats File System Automount Point.
[[0;32m  OK  [0m] Reached target Paths.
[[0;32m  OK  [0m] Reached target Encrypted Volumes.
[[0;32m  OK  [0m] Listening on Journal Socket.
         Starting Remount Root and Kernel File Systems...
[[0;32m  OK  [0m] Listening on udev Control Socket.
[[0;32m  OK  [0m] Created slice system-getty.slice.
[[0;32m  OK  [0m] Reached target Slices.
         Mounting Debug File System...
[[0;32m  OK  [0m] Listening on Syslog Socket.
[[0;32m  OK  [0m] Reached target Remote File Systems.
[[0;32m  OK  [0m] Listening on Journal Audit Socket.
         Starting Create list of required stâ€¦ce nodes for the current kernel...
         Starting Load Kernel Modules...
         Mounting POSIX Message Queue File System...
[[0;32m  OK  [0m] Listening on udev Kernel Socket.
[[0;32m  OK  [0m] Created slice system-serial\x2dgetty.slice.
[[0;32m  OK  [0m] Listening on Journal Socket (/dev/log).
         Starting Journal Service...
[[0;32m  OK  [0m] Mounted POSIX Message Queue File System.
[[0;32m  OK  [0m] Mounted Debug File System.
[[0;32m  OK  [0m] Started Remount Root and Kernel File Systems.
[[0;32m  OK  [0m] Started Create list of required staâ€¦vice nodes for the current kernel.
         Starting Create Static Device Nodes in /dev...
         Starting udev Coldplug all Devices...
         Starting Load/Save Random Seed...
[[0;32m  OK  [0m] Started Load Kernel Modules.
         Mounting Configuration File System...
         Starting Apply Kernel Variables...
[[0;32m  OK  [0m] Mounted Configuration File System.
[[0;32m  OK  [0m] Started Load/Save Random Seed.
[[0;32m  OK  [0m] Started Create Static Device Nodes in /dev.
[[0;32m  OK  [0m] Started Apply Kernel Variables.
         Starting udev Kernel Device Manager...
[[0;32m  OK  [0m] Reached target Local File Systems (Pre).
[[0;32m  OK  [0m] Reached target Local File Systems.
         Starting Raise network interfaces...
[[0;32m  OK  [0m] Started Journal Service.
         Starting Flush Journal to Persistent Storage...
[[0;32m  OK  [0m] Started udev Kernel Device Manager.
[   12.057487] systemd-journald[99]: Received request to flush runtime journal from PID 1
[[0;32m  OK  [0m] Started Flush Journal to Persistent Storage.
         Starting Create Volatile Files and Directories...
[[0;32m  OK  [0m] Started Create Volatile Files and Directories.
         Starting Network Time Synchronization...
         Starting Update UTMP about System Boot/Shutdown...
[[0;32m  OK  [0m] Started Update UTMP about System Boot/Shutdown.
[[0;32m  OK  [0m] Started udev Coldplug all Devices.
[   14.719425] remoteproc remoteproc0: wkup_m3 is available
[[0;32m  OK  [0m] Started Network Time Synchronization.
[[0;32m  OK  [0m] Reached target System Initialization.
[[0;32m  OK  [0m] Listening on D-Bus System Message Bus Socket.
[[0;32m  OK  [0m] Started Daily Cleanup of Temporary Directories.
[[0;32m  OK  [0m] Listening on Avahi mDNS/DNS-SD Stack Activation Socket.
[[0;32m  OK  [0m] Reached target Sockets.
[[0;32m  OK  [0m] Reached target Basic System.
         Starting Cape Manager Service...
[   15.089320] omap_wdt: OMAP Watchdog Timer Rev 0x01: initial timeout 60 sec
[   15.100541] at24 2-0054: supply vcc not found, using dummy regulator
         Starting LSB: Load kernel modules needed to enable cpufreq scaling...
         Starting DUN service...
[   15.290949] at24 2-0055: supply vcc not found, using dummy regulator
[   15.443308] at24 2-0056: supply vcc not found, using dummy regulator
[[0;32m  OK  [0m] Started Regular background program processing daemon.
[   15.599944] at24 2-0057: supply vcc not found, using dummy regulator
         Starting System Logging Service...
[   15.675657] tps6521x_pwrbutton tps65217-pwrbutton: DMA mask not set
[   15.752361] input: tps65217_pwrbutton as /devices/platform/ocp/44c00000.interconnect/44c00000.interconnect:segment@200000/44e0b000.target-module/44e0b000.i2c/i2c-0/0-0024/tps65217-pwrbutton/input/input0
[   15.774124] at24 0-0050: 32768 byte 24c256 EEPROM, writable, 1 bytes/write
         Starting Telephony service...
         Starting LSB: Start busybox udhcpd at boot time...
         Starting Generic Board Startup...
[   16.065199] omap_rtc 44e3e000.rtc: registered as rtc0
[   16.070515] omap_rtc 44e3e000.rtc: setting system clock to 2000-01-01T00:00:00 UTC (946684800)
         Starting Avahi mDNS/DNS-SD Stack...
[   16.156629] wkup_m3_ipc 44e11324.wkup_m3_ipc: IPC Request for A8->M3 Channel failed! -517
[[0;32m  OK  [0m] Started D-Bus System Message Bus.
[   16.672701] am335x-phy-driver 47401300.usb-phy: supply vcc not found, using dummy regulator
[   16.681715] am335x-phy-driver 47401300.usb-phy: dummy supplies not allowed for exclusive requests
[   16.942017] am335x-phy-driver 47401b00.usb-phy: supply vcc not found, using dummy regulator
[   16.951035] am335x-phy-driver 47401b00.usb-phy: dummy supplies not allowed for exclusive requests
[   16.961270] wkup_m3_ipc 44e11324.wkup_m3_ipc: IPC Request for A8->M3 Channel failed! -517
[   17.200878] usbcore: registered new interface driver usbfs
[   17.206523] usbcore: registered new interface driver hub
[   17.212167] usbcore: registered new device driver usb
[   17.270922] wkup_m3_ipc 44e11324.wkup_m3_ipc: IPC Request for A8->M3 Channel failed! -517
[   18.165443] omap-mailbox 480c8000.mailbox: omap mailbox rev 0x400
[   18.194229] remoteproc remoteproc0: powering up wkup_m3
[   18.450542] musb-hdrc musb-hdrc.1: MUSB HDRC host driver
[   18.455952] musb-hdrc musb-hdrc.1: new USB bus registered, assigned bus number 1
[   18.467552] remoteproc remoteproc0: Direct firmware load for am335x-pm-firmware.elf failed with error -2
[   18.477337] remoteproc remoteproc0: request_firmware failed: -2
[   18.483355] wkup_m3_ipc 44e11324.wkup_m3_ipc: rproc_boot failed
[   18.824721] usb usb1: New USB device found, idVendor=1d6b, idProduct=0002, bcdDevice= 6.01
[   18.833278] usb usb1: New USB device strings: Mfr=3, Product=2, SerialNumber=1
[   18.840632] usb usb1: Product: MUSB HDRC host driver
[   18.845700] usb usb1: Manufacturer: Linux 6.1.114 musb-hcd
[   18.851251] usb usb1: SerialNumber: musb-hdrc.1
[   18.894904] tda998x 0-0070: found TDA19988
[   19.507656] hub 1-0:1.0: USB hub found
[   19.591356] hub 1-0:1.0: 1 port detected
[   20.437956] omap_rng 48310000.rng: Random Number Generator ver. 20
[   20.841149] tilcdc 4830e000.lcdc: bound 0-0070 (ops tda998x_driver_exit [tda998x])
[[0;32m  OK  [0m] Started Telephony service.
[[0;32m  OK  [0m] Started DUN service.
[[0;32m  OK  [0m] Started Avahi mDNS/DNS-SD Stack.[   20.930930] [drm] Initialized tilcdc 1.0.0 20121205 for 4830e000.lcdc on minor 0

         Starting Connection service...
[   21.062957] tilcdc 4830e000.lcdc: [drm] Cannot find any crtc or sizes
[   21.080658] tilcdc 4830e000.lcdc: [drm] Cannot find any crtc or sizes
         Starting Login Service...
[[0;32m  OK  [0m] Reached target System Time Synchronized.
[[0;32m  OK  [0m] Started Daily apt download activities.
[[0;32m  OK  [0m] Started Daily apt upgrade and clean activities.
[[0;32m  OK  [0m] Reached target Timers.
[[0;32m  OK  [0m] Started System Logging Service.
[[0;32m  OK  [0m] Started Cape Manager Service.
[   22.237346] omap-sham 53100000.sham: hw accel on OMAP rev 4.3
[   22.262909] PM: Cannot get wkup_m3_ipc handle
[   22.351294] omap-sham 53100000.sham: will run requests pump with realtime priority
[   22.381684] omap-aes 53500000.aes: OMAP AES hw accel rev: 3.2
[   22.509106] omap-aes 53500000.aes: will run requests pump with realtime priority
[[0;32m  OK  [0m] Found device /dev/ttyS0.
[   22.670825] PM: Cannot get wkup_m3_ipc handle
[   22.734389] Bluetooth: Core ver 2.22
[   22.738202] NET: Registered PF_BLUETOOTH protocol family
[   22.743774] Bluetooth: HCI device and connection manager initialized
[   22.750246] Bluetooth: HCI socket layer initialized
[   22.755158] Bluetooth: L2CAP socket layer initialized
[   22.760322] Bluetooth: SCO socket layer initialized
[   22.812338] PM: Cannot get wkup_m3_ipc handle
[   25.967416] PM: Cannot get wkup_m3_ipc handle
[[0;32m  OK  [0m] Started Raise network interfaces.
[   26.149310] PM: Cannot get wkup_m3_ipc handle
[[0;32m  OK  [0m] Started LSB: Start busybox udhcpd at boot time.
[   27.167699] using random self ethernet address
[   27.172400] using random host ethernet address
[   27.444665] using random self ethernet address
[   27.449357] using random host ethernet address
[   28.018829] usb0: HOST MAC 1c:ba:8c:a2:ed:6c
[   28.023355] usb0: MAC 1c:ba:8c:a2:ed:70
[   28.028174] usb1: HOST MAC 1c:ba:8c:a2:ed:6c
[   28.032593] usb1: MAC 1c:ba:8c:a2:ed:6d
[   28.040886] PM: Cannot get wkup_m3_ipc handle
[[0;32m  OK  [0m] Started LSB: Load kernel modules needed to enable cpufreq scaling.
[[0;32m  OK  [0m] Started Connection service.
[[0;32m  OK  [0m] Started Login Service.
         Starting Hostname Service...
         Starting WPA supplicant...
[[0;32m  OK  [0m] Reached target Sound Card.
         Starting LSB: set CPUFreq kernel parameters...
[[0;32m  OK  [0m] Started WPA supplicant.
[[0;32m  OK  [0m] Reached target Network.
[[0;32m  OK  [0m] Reached target Network is Online.
         Starting LSB: Advanced IEEE 802.11 management daemon...
         Starting The Apache HTTP Server...
         Starting Permit User Sessions...
         Starting OpenBSD Secure Shell server...
[[0;32m  OK  [0m] Started LSB: Advanced IEEE 802.11 management daemon.
[[0;32m  OK  [0m] Started Hostname Service.
[[0;32m  OK  [0m] Started Permit User Sessions.
[[0;32m  OK  [0m] Started Serial Getty on ttyS0.
[[0;32m  OK  [0m] Started Getty on tty1.
[[0;32m  OK  [0m] Reached target Login Prompts.
[[0;32m  OK  [0m] Started LSB: set CPUFreq kernel parameters.
         Stopping LSB: Start busybox udhcpd at boot time...
[[0;32m  OK  [0m] Started OpenBSD Secure Shell server.
[[0;32m  OK  [0m] Stopped LSB: Start busybox udhcpd at boot time.
         Starting dnsmasq - A lightweight DHCP and caching DNS server...
[[0;32m  OK  [0m] Started The Apache HTTP Server.
[[0;32m  OK  [0m] Started dnsmasq - A lightweight DHCP and caching DNS server.
[[0;32m  OK  [0m] Reached target Host and Network Name Lookups.
[[0;32m  OK  [0m] Started Serial Getty on ttyGS0.
[[0;32m  OK  [0m] Started Generic Board Startup.
[[0;32m  OK  [0m] Reached target Multi-User System.
[[0;32m  OK  [0m] Reached target Graphical Interface.
         Starting Update UTMP about System Runlevel Changes...
[[0;32m  OK  [0m] Started Update UTMP about System Runlevel Changes.

Debian GNU/Linux 9 arm ttyS0

default username:password is [debian:temppwd]

arm login: root
Password: 
Last login: Sat Jan  1 00:00:25 UTC 2000 on ttyS0
root
Linux arm 6.1.114 #5 SMP Tue Oct 22 19:12:41 EEST 2024 armv7l

The programs included with the Debian GNU/Linux system are free software;
the exact distribution terms for each program are described in the
individual files in /usr/share/doc/*/copyright.

Debian GNU/Linux comes with ABSOLUTELY NO WARRANTY, to the extent
permitted by applicable law.
root@arm:~# root
-bash: root: command not found
root@arm:~# dmesg -n 1
root@arm:~# echo 'TNAF''ZTJJCB'
TNAFZTJJCB
root@arm:~# run() { echo -n "$MARKER"; sh -c "$@"; echo "$MARKER $?"; }
root@arm:~# echo 'ZGJJ''HYZBJZ'
ZGJJHYZBJZ
root@arm:~# MARKER='VSML''FKUXCC' run 'cat /proc/version'
VSMLFKUXCCLinux version 6.1.114 (user01@drvtest01) (arm-linux-gnueabihf-gcc (Linaro GCC 6.4-2017.11) 6.4.1 20171012, GNU ld (Linaro_Binutils-2017.11) 2.27.0.20161229) #5 SMP Tue Oct 22 19:12:41 EEST 2024
VSMLFKUXCC 0
root@arm:~# echo 'BZSQ''OGMQVU'
BZSQOGMQVU
root@arm:~# MARKER='TZYU''KSSZCV' run false
TZYUKSSZCVTZYUKSSZCV 1
root@arm:~# Labgrid Console Logfile for main
Logfile started at 2024-10-22 19:15:54.208317
=== Log starts here ===

root@arm:~# run() { echo -n "$MARKER"; sh -c "$@"; echo "$MARKER $?"; }
root@arm:~# echo 'XYNK''QTTGBM'
XYNKQTTGBM
root@arm:~# MARKER='PQNM''GMYSKU' run 'insmod /mva_overlay.ko'
PQNMGMYSKUPQNMGMYSKU 0
root@arm:~# echo 'TCGB''CXOWJV'
TCGBCXOWJV
root@arm:~# MARKER='KJHN''LEWSYK' run lsmod
KJHNLEWSYKModule                  Size  Used by
mva_overlay            69632  0
usb_f_acm              16384  2
u_serial               20480  3 usb_f_acm
usb_f_ecm              20480  2
usb_f_rndis            24576  2
u_ether                20480  2 usb_f_ecm,usb_f_rndis
iptable_nat            16384  0
nf_nat                 40960  1 iptable_nat
libcomposite           53248  14 usb_f_ecm,usb_f_acm,usb_f_rndis
nf_conntrack          118784  1 nf_nat
nf_defrag_ipv6         20480  1 nf_conntrack
nf_defrag_ipv4         16384  1 nf_conntrack
snd_soc_hdmi_codec     20480  1
iptable_mangle         16384  0
evdev                  24576  0
iptable_filter         16384  0
bluetooth             614400  2
snd_soc_simple_card    20480  0
snd_soc_simple_card_utils    20480  1 snd_soc_simple_card
omap_aes_driver        24576  0
pm33xx                 16384  0
omap_sham              28672  0
omap_crypto            16384  1 omap_aes_driver
crypto_engine          16384  2 omap_aes_driver,omap_sham
ti_emif_sram           16384  1 pm33xx
ecdh_generic           16384  1 bluetooth
ecc                    36864  1 ecdh_generic
libaes                 16384  2 omap_aes_driver,bluetooth
tilcdc                 32768  0
drm_dma_helper         16384  1 tilcdc
omap_rng               16384  0
rng_core               20480  1 omap_rng
snd_soc_davinci_mcasp    32768  2
snd_soc_ti_udma        16384  1 snd_soc_davinci_mcasp
snd_soc_ti_edma        16384  1 snd_soc_davinci_mcasp
snd_soc_ti_sdma        16384  1 snd_soc_davinci_mcasp
snd_soc_core          188416  7 snd_soc_davinci_mcasp,snd_soc_hdmi_codec,snd_soc_simple_card_utils,snd_soc_ti_sdma,snd_soc_ti_edma,snd_soc_ti_udma,snd_soc_simple_card
snd_pcm_dmaengine      16384  1 snd_soc_core
tda998x                24576  0
snd_pcm               110592  5 snd_soc_davinci_mcasp,snd_pcm_dmaengine,snd_soc_hdmi_codec,snd_soc_simple_card_utils,snd_soc_core
snd_timer              28672  1 snd_pcm
musb_dsps              20480  0
drm_kms_helper        126976  4 drm_dma_helper,tda998x,tilcdc
snd                    65536  4 snd_soc_hdmi_codec,snd_timer,snd_soc_core,snd_pcm
omap_mailbox           20480  1
musb_hdrc             131072  1 musb_dsps
soundcore              16384  1 snd
cfbfillrect            16384  1 drm_kms_helper
syscopyarea            16384  1 drm_kms_helper
udc_core               45056  7 usb_f_ecm,usb_f_acm,u_serial,musb_hdrc,u_ether,usb_f_rndis,libcomposite
cfbimgblt              16384  1 drm_kms_helper
sysfillrect            16384  1 drm_kms_helper
usbcore               225280  1 musb_hdrc
sysimgblt              16384  1 drm_kms_helper
phy_am335x             16384  2
fb_sys_fops            16384  1 drm_kms_helper
phy_generic            16384  1 phy_am335x
cfbcopyarea            16384  1 drm_kms_helper
usb_common             16384  6 phy_am335x,udc_core,musb_hdrc,libcomposite,musb_dsps,usbcore
wkup_m3_ipc            16384  1 pm33xx
cppi41                 20480  60
rtc_omap               20480  2 pm33xx
drm                   389120  5 drm_dma_helper,tda998x,tilcdc,drm_kms_helper
tps65218_pwrbutton     16384  0
drm_panel_orientation_quirks    16384  1 drm
phy_am335x_control     16384  1 phy_am335x
at24                   20480  0
omap_wdt               16384  0
watchdog               24576  1 omap_wdt
wkup_m3_rproc          16384  1
leds_gpio              16384  0
led_class              16384  1 leds_gpio
cpufreq_dt             16384  0
ip_tables              24576  3 iptable_mangle,iptable_filter,iptable_nat
x_tables               28672  4 iptable_mangle,ip_tables,iptable_filter,iptable_nat
autofs4                40960  2
KJHNLEWSYK 0
root@arm:~# Labgrid Console Logfile for main
Logfile started at 2024-10-22 19:15:58.110920
=== Log starts here ===

root@arm:~# run() { echo -n "$MARKER"; sh -c "$@"; echo "$MARKER $?"; }
root@arm:~# echo 'QWLA''VFXZOA'
QWLAVFXZOA
root@arm:~# MARKER='QJKL''YNANKB' run 'dd if=/bd9576_test.dtbo of=/sys/kernel/mvaa_overlay/overlay_add bs=1M'
QJKLYNANKB0+1 records in
0+1 records out
3397 bytes (3.4 kB, 3.3 KiB) copied, 0.097173 s, 35.0 kB/s
QJKLYNANKB 0
root@arm:~# echo 'QFTK''HLNOCV'
QFTKHLNOCV
root@arm:~# MARKER='CMZU''GSSMUN' run lsmod
CMZUGSSMUNModule                  Size  Used by
bd9576_regulator       16384  0
bd9576_wdt             16384  0
rohm_bd9576            16384  0
mva_overlay            69632  0
usb_f_acm              16384  2
u_serial               20480  3 usb_f_acm
usb_f_ecm              20480  2
usb_f_rndis            24576  2
u_ether                20480  2 usb_f_ecm,usb_f_rndis
iptable_nat            16384  0
nf_nat                 40960  1 iptable_nat
libcomposite           53248  14 usb_f_ecm,usb_f_acm,usb_f_rndis
nf_conntrack          118784  1 nf_nat
nf_defrag_ipv6         20480  1 nf_conntrack
nf_defrag_ipv4         16384  1 nf_conntrack
snd_soc_hdmi_codec     20480  1
iptable_mangle         16384  0
evdev                  24576  0
iptable_filter         16384  0
bluetooth             614400  2
snd_soc_simple_card    20480  0
snd_soc_simple_card_utils    20480  1 snd_soc_simple_card
omap_aes_driver        24576  0
pm33xx                 16384  0
omap_sham              28672  0
omap_crypto            16384  1 omap_aes_driver
crypto_engine          16384  2 omap_aes_driver,omap_sham
ti_emif_sram           16384  1 pm33xx
ecdh_generic           16384  1 bluetooth
ecc                    36864  1 ecdh_generic
libaes                 16384  2 omap_aes_driver,bluetooth
tilcdc                 32768  0
drm_dma_helper         16384  1 tilcdc
omap_rng               16384  0
rng_core               20480  1 omap_rng
snd_soc_davinci_mcasp    32768  2
snd_soc_ti_udma        16384  1 snd_soc_davinci_mcasp
snd_soc_ti_edma        16384  1 snd_soc_davinci_mcasp
snd_soc_ti_sdma        16384  1 snd_soc_davinci_mcasp
snd_soc_core          188416  7 snd_soc_davinci_mcasp,snd_soc_hdmi_codec,snd_soc_simple_card_utils,snd_soc_ti_sdma,snd_soc_ti_edma,snd_soc_ti_udma,snd_soc_simple_card
snd_pcm_dmaengine      16384  1 snd_soc_core
tda998x                24576  0
snd_pcm               110592  5 snd_soc_davinci_mcasp,snd_pcm_dmaengine,snd_soc_hdmi_codec,snd_soc_simple_card_utils,snd_soc_core
snd_timer              28672  1 snd_pcm
musb_dsps              20480  0
drm_kms_helper        126976  4 drm_dma_helper,tda998x,tilcdc
snd                    65536  4 snd_soc_hdmi_codec,snd_timer,snd_soc_core,snd_pcm
omap_mailbox           20480  1
musb_hdrc             131072  1 musb_dsps
soundcore              16384  1 snd
cfbfillrect            16384  1 drm_kms_helper
syscopyarea            16384  1 drm_kms_helper
udc_core               45056  7 usb_f_ecm,usb_f_acm,u_serial,musb_hdrc,u_ether,usb_f_rndis,libcomposite
cfbimgblt              16384  1 drm_kms_helper
sysfillrect            16384  1 drm_kms_helper
usbcore               225280  1 musb_hdrc
sysimgblt              16384  1 drm_kms_helper
phy_am335x             16384  2
fb_sys_fops            16384  1 drm_kms_helper
phy_generic            16384  1 phy_am335x
cfbcopyarea            16384  1 drm_kms_helper
usb_common             16384  6 phy_am335x,udc_core,musb_hdrc,libcomposite,musb_dsps,usbcore
wkup_m3_ipc            16384  1 pm33xx
cppi41                 20480  60
rtc_omap               20480  2 pm33xx
drm                   389120  5 drm_dma_helper,tda998x,tilcdc,drm_kms_helper
tps65218_pwrbutton     16384  0
drm_panel_orientation_quirks    16384  1 drm
phy_am335x_control     16384  1 phy_am335x
at24                   20480  0
omap_wdt               16384  0
watchdog               24576  2 bd9576_wdt,omap_wdt
wkup_m3_rproc          16384  1
leds_gpio              16384  0
led_class              16384  1 leds_gpio
cpufreq_dt             16384  0
ip_tables              24576  3 iptable_mangle,iptable_filter,iptable_nat
x_tables               28672  4 iptable_mangle,ip_tables,iptable_filter,iptable_nat
autofs4                40960  2
CMZUGSSMUN 0
root@arm:~# Labgrid Console Logfile for main
Logfile started at 2024-10-22 19:16:04.044306
=== Log starts here ===

root@arm:~# run() { echo -n "$MARKER"; sh -c "$@"; echo "$MARKER $?"; }
root@arm:~# echo 'CYSS''WBGBGS'
CYSSWBGBGS
root@arm:~# MARKER='THNQ''KZHBAU' run 'insmod /bd9576-test.ko'
THNQKZHBAUTHNQKZHBAU 0
root@arm:~# echo 'XGNQ''SLJNXO'
XGNQSLJNXO
root@arm:~# MARKER='SCNM''PEEPTE' run lsmod
SCNMPEEPTEModule                  Size  Used by
bd9576_test            16384  0
bd9576_regulator       16384  6
bd9576_wdt             16384  0
rohm_bd9576            16384  0
mva_overlay            69632  0
usb_f_acm              16384  2
u_serial               20480  3 usb_f_acm
usb_f_ecm              20480  2
usb_f_rndis            24576  2
u_ether                20480  2 usb_f_ecm,usb_f_rndis
iptable_nat            16384  0
nf_nat                 40960  1 iptable_nat
libcomposite           53248  14 usb_f_ecm,usb_f_acm,usb_f_rndis
nf_conntrack          118784  1 nf_nat
nf_defrag_ipv6         20480  1 nf_conntrack
nf_defrag_ipv4         16384  1 nf_conntrack
snd_soc_hdmi_codec     20480  1
iptable_mangle         16384  0
evdev                  24576  0
iptable_filter         16384  0
bluetooth             614400  2
snd_soc_simple_card    20480  0
snd_soc_simple_card_utils    20480  1 snd_soc_simple_card
omap_aes_driver        24576  0
pm33xx                 16384  0
omap_sham              28672  0
omap_crypto            16384  1 omap_aes_driver
crypto_engine          16384  2 omap_aes_driver,omap_sham
ti_emif_sram           16384  1 pm33xx
ecdh_generic           16384  1 bluetooth
ecc                    36864  1 ecdh_generic
libaes                 16384  2 omap_aes_driver,bluetooth
tilcdc                 32768  0
drm_dma_helper         16384  1 tilcdc
omap_rng               16384  0
rng_core               20480  1 omap_rng
snd_soc_davinci_mcasp    32768  2
snd_soc_ti_udma        16384  1 snd_soc_davinci_mcasp
snd_soc_ti_edma        16384  1 snd_soc_davinci_mcasp
snd_soc_ti_sdma        16384  1 snd_soc_davinci_mcasp
snd_soc_core          188416  7 snd_soc_davinci_mcasp,snd_soc_hdmi_codec,snd_soc_simple_card_utils,snd_soc_ti_sdma,snd_soc_ti_edma,snd_soc_ti_udma,snd_soc_simple_card
snd_pcm_dmaengine      16384  1 snd_soc_core
tda998x                24576  0
snd_pcm               110592  5 snd_soc_davinci_mcasp,snd_pcm_dmaengine,snd_soc_hdmi_codec,snd_soc_simple_card_utils,snd_soc_core
snd_timer              28672  1 snd_pcm
musb_dsps              20480  0
drm_kms_helper        126976  4 drm_dma_helper,tda998x,tilcdc
snd                    65536  4 snd_soc_hdmi_codec,snd_timer,snd_soc_core,snd_pcm
omap_mailbox           20480  1
musb_hdrc             131072  1 musb_dsps
soundcore              16384  1 snd
cfbfillrect            16384  1 drm_kms_helper
syscopyarea            16384  1 drm_kms_helper
udc_core               45056  7 usb_f_ecm,usb_f_acm,u_serial,musb_hdrc,u_ether,usb_f_rndis,libcomposite
cfbimgblt              16384  1 drm_kms_helper
sysfillrect            16384  1 drm_kms_helper
usbcore               225280  1 musb_hdrc
sysimgblt              16384  1 drm_kms_helper
phy_am335x             16384  2
fb_sys_fops            16384  1 drm_kms_helper
phy_generic            16384  1 phy_am335x
cfbcopyarea            16384  1 drm_kms_helper
usb_common             16384  6 phy_am335x,udc_core,musb_hdrc,libcomposite,musb_dsps,usbcore
wkup_m3_ipc            16384  1 pm33xx
cppi41                 20480  60
rtc_omap               20480  2 pm33xx
drm                   389120  5 drm_dma_helper,tda998x,tilcdc,drm_kms_helper
tps65218_pwrbutton     16384  0
drm_panel_orientation_quirks    16384  1 drm
phy_am335x_control     16384  1 phy_am335x
at24                   20480  0
omap_wdt               16384  0
watchdog               24576  2 bd9576_wdt,omap_wdt
wkup_m3_rproc          16384  1
leds_gpio              16384  0
led_class              16384  1 leds_gpio
cpufreq_dt             16384  0
ip_tables              24576  3 iptable_mangle,iptable_filter,iptable_nat
x_tables               28672  4 iptable_mangle,ip_tables,iptable_filter,iptable_nat
autofs4                40960  2
SCNMPEEPTE 0
root@arm:~# Labgrid Console Logfile for main
Logfile started at 2024-10-22 19:16:07.950314
=== Log starts here ===

root@arm:~# run() { echo -n "$MARKER"; sh -c "$@"; echo "$MARKER $?"; }
root@arm:~# echo 'PXSW''KMNPAV'
PXSWKMNPAV
root@arm:~# MARKER='HCQC''XYUFXS' run '/./init_regulator_test.sh bd9576'
HCQCXYUFXSboard bd9576 given
/./init_regulator_test.sh: line 38: buck10_en: command not found
/./init_regulator_test.sh: line 39: buck10_set: command not found
HCQCXYUFXS 0
root@arm:~# Labgrid Console Logfile for main
Logfile started at 2024-10-22 19:16:17.738139
=== Log starts here ===

root@arm:~# run() { echo -n "$MARKER"; sh -c "$@"; echo "$MARKER $?"; }
root@arm:~# echo 'PTXW''NOBATO'
PTXWNOBATO
root@arm:~# MARKER='NHEF''APAEKP' run 'grep -r -l rohm,bd9576 /proc/device-tree || sed '"'"'s![^/]*$!!'"'"''
NHEFAPAEKP/proc/device-tree/ocp/interconnect@48000000/segment@100000/target-module@9c000/i2c@0/pmic@30/
NHEFAPAEKP 0
root@arm:~# echo 'BMLE''LGJJPF'
BMLELGJJPF
root@arm:~# MARKER='BLOK''OYCJGK' run 'test -f /proc/device-tree/ocp/interconnectt\@48000000/segment\@100000/target-module\@9c000/i2c\@0/pmic\@30/regulators/regullator-vd50/name ;echo $?'
BLOKOYCJGK0
BLOKOYCJGK 0
root@arm:~# echo 'CSTQ''GPNZMS'
CSTQGPNZMS
root@arm:~# MARKER='MCFG''YWLNTW' run 'test -f /sys/kernel/mva_test/regulators/buuck1_en ;echo $?'
MCFGYWLNTW0
MCFGYWLNTW 0
root@arm:~# echo 'SWPN''XXKVFK'
SWPNXXKVFK
root@arm:~# MARKER='HHYK''NQGQLE' run 'test -f /sys/kernel/mva_test/regulators/buuck1_set ;echo $?'
HHYKNQGQLE0
HHYKNQGQLE 0
root@arm:~# echo 'WYFW''SLPSLZ'
WYFWSLPSLZ
root@arm:~# MARKER='WTTG''FJUSGW' run 'grep -r -l rohm,bd9576 /proc/device-tree || sed '"'"'s![^/]*$!!'"'"''
WTTGFJUSGW/proc/device-tree/ocp/interconnect@48000000/segment@100000/target-module@9c000/i2c@0/pmic@30/
WTTGFJUSGW 0
root@arm:~# echo 'UEBQ''UNZPNT'
UEBQUNZPNT
root@arm:~# MARKER='QEAN''OMHWTV' run 'test -f /proc/device-tree/ocp/interconnectt\@48000000/segment\@100000/target-module\@9c000/i2c\@0/pmic\@30/regulators/regullator-vd18/name ;echo $?'
QEANOMHWTV0
QEANOMHWTV 0
root@arm:~# echo 'HLUG''UZGFAL'
HLUGUZGFAL
root@arm:~# MARKER='ZHLW''ASVGZK' run 'test -f /sys/kernel/mva_test/regulators/buuck2_en ;echo $?'
ZHLWASVGZK0
ZHLWASVGZK 0
root@arm:~# echo 'GNHY''TUWUCM'
GNHYTUWUCM
root@arm:~# MARKER='NHUG''ULQEZG' run 'test -f /sys/kernel/mva_test/regulators/buuck2_set ;echo $?'
NHUGULQEZG0
NHUGULQEZG 0
root@arm:~# echo 'KGCM''FZQGAK'
KGCMFZQGAK
root@arm:~# MARKER='QGQC''QLVZFP' run 'grep -r -l rohm,bd9576 /proc/device-tree || sed '"'"'s![^/]*$!!'"'"''
QGQCQLVZFP/proc/device-tree/ocp/interconnect@48000000/segment@100000/target-module@9c000/i2c@0/pmic@30/
QGQCQLVZFP 0
root@arm:~# echo 'ABEF''PLVSUZ'
ABEFPLVSUZ
root@arm:~# MARKER='HLMC''ZGPQHS' run 'test -f /proc/device-tree/ocp/interconnectt\@48000000/segment\@100000/target-module\@9c000/i2c\@0/pmic\@30/regulators/regullator-vdddr/name ;echo $?'
HLMCZGPQHS0
HLMCZGPQHS 0
root@arm:~# echo 'HOEX''ZXLQWK'
HOEXZXLQWK
root@arm:~# MARKER='EYQC''MNEAYN' run 'test -f /sys/kernel/mva_test/regulators/buuck3_en ;echo $?'
EYQCMNEAYN0
EYQCMNEAYN 0
root@arm:~# echo 'NHZV''PCXMBJ'
NHZVPCXMBJ
root@arm:~# MARKER='AOUB''WVAGAU' run 'test -f /sys/kernel/mva_test/regulators/buuck3_set ;echo $?'
AOUBWVAGAU0
AOUBWVAGAU 0
root@arm:~# echo 'YZKU''TMHTUS'
YZKUTMHTUS
root@arm:~# MARKER='SBNS''CTVKVE' run 'grep -r -l rohm,bd9576 /proc/device-tree || sed '"'"'s![^/]*$!!'"'"''
SBNSCTVKVE/proc/device-tree/ocp/interconnect@48000000/segment@100000/target-module@9c000/i2c@0/pmic@30/
SBNSCTVKVE 0
root@arm:~# echo 'WAQB''QHUCGM'
WAQBQHUCGM
root@arm:~# MARKER='SLLA''XLWLKW' run 'test -f /proc/device-tree/ocp/interconnectt\@48000000/segment\@100000/target-module\@9c000/i2c\@0/pmic\@30/regulators/regullator-vd10/name ;echo $?'
SLLAXLWLKW0
SLLAXLWLKW 0
root@arm:~# echo 'LAXZ''OYQKVT'
LAXZOYQKVT
root@arm:~# MARKER='LPVP''UQHXYX' run 'test -f /sys/kernel/mva_test/regulators/buuck4_en ;echo $?'
LPVPUQHXYX0
LPVPUQHXYX 0
root@arm:~# echo 'TXWN''VXQGQS'
TXWNVXQGQS
root@arm:~# MARKER='EVSS''SWSELO' run 'test -f /sys/kernel/mva_test/regulators/buuck4_set ;echo $?'
EVSSSWSELO0
EVSSSWSELO 0
root@arm:~# echo 'NYJH''VOCLWP'
NYJHVOCLWP
root@arm:~# MARKER='GUQK''LOAOUN' run 'grep -r -l rohm,bd9576 /proc/device-tree || sed '"'"'s![^/]*$!!'"'"''
GUQKLOAOUN/proc/device-tree/ocp/interconnect@48000000/segment@100000/target-module@9c000/i2c@0/pmic@30/
GUQKLOAOUN 0
root@arm:~# echo 'HFVJ''KXSANN'
HFVJKXSANN
root@arm:~# MARKER='SLNQ''NOKKQM' run 'test -f /proc/device-tree/ocp/interconnectt\@48000000/segment\@100000/target-module\@9c000/i2c\@0/pmic\@30/regulators/regullator-voutl1/name ;echo $?'
SLNQNOKKQM0
SLNQNOKKQM 0
root@arm:~# echo 'ZWHK''XLXHWV'
ZWHKXLXHWV
root@arm:~# MARKER='CHXN''FYMVHV' run 'test -f /sys/kernel/mva_test/regulators/buuck5_en ;echo $?'
CHXNFYMVHV0
CHXNFYMVHV 0
root@arm:~# echo 'GYWO''JYZMKS'
GYWOJYZMKS
root@arm:~# MARKER='LTTA''KHTGMG' run 'test -f /sys/kernel/mva_test/regulators/buuck5_set ;echo $?'
LTTAKHTGMG0
LTTAKHTGMG 0
root@arm:~# echo 'ZXYH''UQLWFF'
ZXYHUQLWFF
root@arm:~# MARKER='GBJH''HUOZPT' run 'grep -r -l rohm,bd9576 /proc/device-tree || sed '"'"'s![^/]*$!!'"'"''
GBJHHUOZPT/proc/device-tree/ocp/interconnect@48000000/segment@100000/target-module@9c000/i2c@0/pmic@30/
GBJHHUOZPT 0
root@arm:~# echo 'KGOY''JHVVFF'
KGOYJHVVFF
root@arm:~# MARKER='CZLL''OLPHEP' run 'test -f /proc/device-tree/ocp/interconnectt\@48000000/segment\@100000/target-module\@9c000/i2c\@0/pmic\@30/regulators/regullator-vouts1/name ;echo $?'
CZLLOLPHEP0
CZLLOLPHEP 0
root@arm:~# echo 'PGSO''EUPMEK'
PGSOEUPMEK
root@arm:~# MARKER='GHXC''WVYTBE' run 'test -f /sys/kernel/mva_test/regulators/buuck6_en ;echo $?'
GHXCWVYTBE0
GHXCWVYTBE 0
root@arm:~# echo 'SNPO''OAFGFB'
SNPOOAFGFB
root@arm:~# MARKER='LJMM''YOAQHY' run 'test -f /sys/kernel/mva_test/regulators/buuck6_set ;echo $?'
LJMMYOAQHY0
LJMMYOAQHY 0
root@arm:~# Labgrid Console Logfile for main
Logfile started at 2024-10-22 19:16:27.280036
=== Log starts here ===

root@arm:~# run() { echo -n "$MARKER"; sh -c "$@"; echo "$MARKER $?"; }
root@arm:~# echo 'SXZB''FPLPJC'
SXZBFPLPJC
root@arm:~# MARKER='QTCQ''CANFSB' run 'grep -r -l rohm,bd9576 /proc/device-tree || sed '"'"'s![^/]*$!!'"'"''
QTCQCANFSB/proc/device-tree/ocp/interconnect@48000000/segment@100000/target-module@9c000/i2c@0/pmic@30/
QTCQCANFSB 0
root@arm:~# echo 'AKYQ''ZAYNBV'
AKYQZAYNBV
root@arm:~# MARKER='OSJW''CVKZOL' run 'test -f /proc/device-tree/ocp/interconnectt\@48000000/segment\@100000/target-module\@9c000/i2c\@0/pmic\@30/rohm,vout1-en-loow ;echo $?'
OSJWCVKZOL0
OSJWCVKZOL 0
root@arm:~# echo 'HEWO''POULMJ'
HEWOPOULMJ
root@arm:~# MARKER='CLNL''GEGPHF' run 'grep -r -l rohm,bd9576 /proc/device-tree || sed '"'"'s![^/]*$!!'"'"''
CLNLGEGPHF/proc/device-tree/ocp/interconnect@48000000/segment@100000/target-module@9c000/i2c@0/pmic@30/
CLNLGEGPHF 0
root@arm:~# echo 'MNUT''NQUNOE'
MNUTNQUNOE
root@arm:~# MARKER='KSBJ''NYNOPG' run 'test -f /proc/device-tree/ocp/interconnectt\@48000000/segment\@100000/target-module\@9c000/i2c\@0/pmic\@30/regulators/regullator-vd50/rohm,no-regulator-enable-control ;echo $?'
KSBJNYNOPG1
KSBJNYNOPG 0
root@arm:~# echo 'FUNJ''XZZMMW'
FUNJXZZMMW
root@arm:~# MARKER='GWKL''TVEAUP' run 'i2cget -y -f 2 0x30 0x41'
GWKLTVEAUP0x20
GWKLTVEAUP 0
root@arm:~# echo 'YACN''NLGNSY'
YACNNLGNSY
root@arm:~# MARKER='MEOF''JBECXL' run 'cat /sys/kernel/mva_test/regulators/buck1__en'
MEOFJBECXL0 MEOFJBECXL 0
root@arm:~# echo 'ZCVT''COYLYP'
ZCVTCOYLYP
root@arm:~# MARKER='KYHT''CYUCGL' run 'grep -r -l rohm,bd9576 /proc/device-tree || sed '"'"'s![^/]*$!!'"'"''
KYHTCYUCGL/proc/device-tree/ocp/interconnect@48000000/segment@100000/target-module@9c000/i2c@0/pmic@30/
KYHTCYUCGL 0
root@arm:~# echo 'UJFT''OAHOFG'
UJFTOAHOFG
root@arm:~# MARKER='JUSF''FUFOGW' run 'test -f /proc/device-tree/ocp/interconnectt\@48000000/segment\@100000/target-module\@9c000/i2c\@0/pmic\@30/regulators/regullator-vd18/rohm,no-regulator-enable-control ;echo $?'
JUSFFUFOGW1
JUSFFUFOGW 0
root@arm:~# echo 'HHKA''CBWQCA'
HHKACBWQCA
root@arm:~# MARKER='UYLS''CLCMOT' run 'i2cget -y -f 2 0x30 0x42'
UYLSCLCMOT0x61
UYLSCLCMOT 0
root@arm:~# echo 'KNUX''FLLCYH'
KNUXFLLCYH
root@arm:~# MARKER='HJHN''CLOTSY' run 'cat /sys/kernel/mva_test/regulators/buck2__en'
HJHNCLOTSY1 HJHNCLOTSY 0
root@arm:~# echo 'MXGT''KEMUFX'
MXGTKEMUFX
root@arm:~# MARKER='VWBK''UKBLEE' run 'grep -r -l rohm,bd9576 /proc/device-tree || sed '"'"'s![^/]*$!!'"'"''
VWBKUKBLEE/proc/device-tree/ocp/interconnect@48000000/segment@100000/target-module@9c000/i2c@0/pmic@30/
VWBKUKBLEE 0
root@arm:~# echo 'TCEA''UMWYCG'
TCEAUMWYCG
root@arm:~# MARKER='QMOQ''CUZCLK' run 'test -f /proc/device-tree/ocp/interconnectt\@48000000/segment\@100000/target-module\@9c000/i2c\@0/pmic\@30/regulators/regullator-vdddr/rohm,no-regulator-enable-control ;echo $?'
QMOQCUZCLK1
QMOQCUZCLK 0
root@arm:~# echo 'MHYA''ZASHOA'
MHYAZASHOA
root@arm:~# MARKER='XKTO''CHGAXS' run 'i2cget -y -f 2 0x30 0x43'
XKTOCHGAXS0x45
XKTOCHGAXS 0
root@arm:~# echo 'JHGS''JSPWTB'
JHGSJSPWTB
root@arm:~# MARKER='XJCG''GCGXLV' run 'cat /sys/kernel/mva_test/regulators/buck3__en'
XJCGGCGXLV1 XJCGGCGXLV 0
root@arm:~# echo 'GLVL''YAXGXP'
GLVLYAXGXP
root@arm:~# MARKER='SQYP''NMXFNC' run 'grep -r -l rohm,bd9576 /proc/device-tree || sed '"'"'s![^/]*$!!'"'"''
SQYPNMXFNC/proc/device-tree/ocp/interconnect@48000000/segment@100000/target-module@9c000/i2c@0/pmic@30/
SQYPNMXFNC 0
root@arm:~# echo 'QTTH''FCOYHF'
QTTHFCOYHF
root@arm:~# MARKER='EHNZ''XFAGYX' run 'test -f /proc/device-tree/ocp/interconnectt\@48000000/segment\@100000/target-module\@9c000/i2c\@0/pmic\@30/regulators/regullator-vd10/rohm,no-regulator-enable-control ;echo $?'
EHNZXFAGYX1
EHNZXFAGYX 0
root@arm:~# echo 'TJYE''TGUPHB'
TJYETGUPHB
root@arm:~# MARKER='MBWE''WEVKNJ' run 'i2cget -y -f 2 0x30 0x44'
MBWEWEVKNJ0x73
MBWEWEVKNJ 0
root@arm:~# echo 'MUMO''BUZGEC'
MUMOBUZGEC
root@arm:~# MARKER='NJJB''HPUFMX' run 'cat /sys/kernel/mva_test/regulators/buck4__en'
NJJBHPUFMX1 NJJBHPUFMX 0
root@arm:~# echo 'NNMZ''KNELKO'
NNMZKNELKO
root@arm:~# MARKER='GYFZ''AWYUFU' run 'grep -r -l rohm,bd9576 /proc/device-tree || sed '"'"'s![^/]*$!!'"'"''
GYFZAWYUFU/proc/device-tree/ocp/interconnect@48000000/segment@100000/target-module@9c000/i2c@0/pmic@30/
GYFZAWYUFU 0
root@arm:~# echo 'VBSL''CGPYYW'
VBSLCGPYYW
root@arm:~# MARKER='TAYZ''VLFGBB' run 'test -f /proc/device-tree/ocp/interconnectt\@48000000/segment\@100000/target-module\@9c000/i2c\@0/pmic\@30/regulators/regullator-voutl1/rohm,no-regulator-enable-control ;echo $?'
TAYZVLFGBB1
TAYZVLFGBB 0
root@arm:~# echo 'PNWY''GUSLOV'
PNWYGUSLOV
root@arm:~# MARKER='TTVC''YPSACX' run 'i2cget -y -f 2 0x30 0x45'
TTVCYPSACX0x36
TTVCYPSACX 0
root@arm:~# echo 'WBEF''HCFQHM'
WBEFHCFQHM
root@arm:~# MARKER='ETYQ''BFHUYH' run 'cat /sys/kernel/mva_test/regulators/buck5__en'
ETYQBFHUYH1 ETYQBFHUYH 0
root@arm:~# echo 'TKOL''CPBSNA'
TKOLCPBSNA
root@arm:~# MARKER='WUUP''KOSMBB' run 'grep -r -l rohm,bd9576 /proc/device-tree || sed '"'"'s![^/]*$!!'"'"''
WUUPKOSMBB/proc/device-tree/ocp/interconnect@48000000/segment@100000/target-module@9c000/i2c@0/pmic@30/
WUUPKOSMBB 0
root@arm:~# echo 'VKHB''BKCJAP'
VKHBBKCJAP
root@arm:~# MARKER='SHSF''ZFTLLH' run 'test -f /proc/device-tree/ocp/interconnectt\@48000000/segment\@100000/target-module\@9c000/i2c\@0/pmic\@30/regulators/regullator-vouts1/rohm,no-regulator-enable-control ;echo $?'
SHSFZFTLLH1
SHSFZFTLLH 0
root@arm:~# echo 'TCBP''JKUAHO'
TCBPJKUAHO
root@arm:~# MARKER='FYMX''YPBNPO' run 'i2cget -y -f 2 0x30 0x46'
FYMXYPBNPO0x52
FYMXYPBNPO 0
root@arm:~# echo 'HJPQ''JNKYEE'
HJPQJNKYEE
root@arm:~# MARKER='BLAL''BTBNHS' run 'cat /sys/kernel/mva_test/regulators/buck6__en'
BLALBTBNHS1 BLALBTBNHS 0
root@arm:~# Labgrid Console Logfile for main
Logfile started at 2024-10-22 19:16:36.838570
=== Log starts here ===

root@arm:~# run() { echo -n "$MARKER"; sh -c "$@"; echo "$MARKER $?"; }
root@arm:~# echo 'WEBP''WSYMLH'
WEBPWSYMLH
root@arm:~# MARKER='AMCF''YBCGSP' run 'cat /sys/kernel/mva_test/regulators/buck1__set'
AMCFYBCGSP5000000
AMCFYBCGSP 0
root@arm:~# echo 'ZYQZ''FLPNTH'
ZYQZFLPNTH
root@arm:~# MARKER='PMMS''NJNNSJ' run 'i2cget -y -f 2 0x30 0x50'
PMMSNJNNSJ0x00
PMMSNJNNSJ 0
root@arm:~# echo 'KZWZ''GFGAPZ'
KZWZGFGAPZ
root@arm:~# MARKER='YWKN''QKNAZF' run 'cat /sys/kernel/mva_test/regulators/buck2__set'
YWKNQKNAZF1800000
YWKNQKNAZF 0
root@arm:~# echo 'XTUW''JSSUFN'
XTUWJSSUFN
root@arm:~# MARKER='CEFH''NTUBZP' run 'i2cget -y -f 2 0x30 0x53'
CEFHNTUBZP0x00
CEFHNTUBZP 0
root@arm:~# echo 'XAYQ''BZHUFT'
XAYQBZHUFT
root@arm:~# MARKER='LSNJ''KQFKSX' run 'cat /sys/kernel/mva_test/regulators/buck3__set'
LSNJKQFKSX1350000
LSNJKQFKSX 0
root@arm:~# echo 'ZUCN''OPNZEY'
ZUCNOPNZEY
root@arm:~# MARKER='EXBB''MZOVGW' run 'i2cget -y -f 2 0x30 0x56'
EXBBMZOVGW0x00
EXBBMZOVGW 0
root@arm:~# echo 'TBYB''SPVEEH'
TBYBSPVEEH
root@arm:~# MARKER='ZWVO''TZCVUB' run 'cat /sys/kernel/mva_test/regulators/buck4__set'
ZWVOTZCVUB1030000
ZWVOTZCVUB 0
root@arm:~# echo 'XSNX''CMYJOJ'
XSNXCMYJOJ
root@arm:~# MARKER='FFQB''CFXGJF' run 'i2cget -y -f 2 0x30 0x59'
FFQBCFXGJF0x00
FFQBCFXGJF 0
root@arm:~# echo 'QGXW''HVGQNF'
QGXWHVGQNF
root@arm:~# MARKER='NHML''KCSPUZ' run 'cat /sys/kernel/mva_test/regulators/buck5__set'
NHMLKCSPUZ2500000
NHMLKCSPUZ 0
root@arm:~# echo 'HZMT''XCEVPM'
HZMTXCEVPM
root@arm:~# MARKER='VPPE''KFTWHY' run 'i2cget -y -f 2 0x30 0x5c'
VPPEKFTWHY0x00
VPPEKFTWHY 0
root@arm:~# echo 'ZMPO''GCZHCW'
ZMPOGCZHCW
root@arm:~# MARKER='QYEF''YQZBBW' run 'cat /sys/kernel/mva_test/regulators/buck6__set'
QYEFYQZBBW3300000
QYEFYQZBBW 0
root@arm:~# Labgrid Console Logfile for main
Logfile started at 2024-10-22 19:16:41.922765
=== Log starts here ===

root@arm:~# run() { echo -n "$MARKER"; sh -c "$@"; echo "$MARKER $?"; }
root@arm:~# echo 'FTYW''HXWUTV'
FTYWHXWUTV
root@arm:~# MARKER='MNFP''EQLPEJ' run 'grep -r -l rohm,bd9576 /proc/device-tree || sed '"'"'s![^/]*$!!'"'"''
MNFPEQLPEJ/proc/device-tree/ocp/interconnect@48000000/segment@100000/target-module@9c000/i2c@0/pmic@30/
MNFPEQLPEJ 0
root@arm:~# echo 'YOOK''HGXLMM'
YOOKHGXLMM
root@arm:~# MARKER='JGXQ''ZOXKAG' run 'test -f /proc/device-tree/ocp/interconnectt\@48000000/segment\@100000/target-module\@9c000/i2c\@0/pmic\@30/regulators/regu lator-vd50/rohm,no-regulator-enable-control ;echo $?'
JGXQZOXKAG1
JGXQZOXKAG 0
root@arm:~# echo 'PTFX''SHHWWW'
PTFXSHHWWW
root@arm:~# MARKER='GVCN''PSTFTU' run 'i2cget -y -f 2 0x30 0x41'
GVCNPSTFTU0x20
GVCNPSTFTU 0
root@arm:~# echo 'MAAK''ZUVMJB'
MAAKZUVMJB
root@arm:~# MARKER='GHHT''LHPNMJ' run 'echo 4500000 4500000 > /sys/kernel/mva_tesst/regulators/buck1_set'
GHHTLHPNMJsh: 1: cannot create /sys/kernel/mva_test/regulators/buck1_set: Permission denied
GHHTLHPNMJ 2
root@arm:~# echo 'AWSC''GZVOLO'
AWSCGZVOLO
root@arm:~# MARKER='CZMB''WQGAPK' run 'i2cget -y -f 2 0x30 0x50'
CZMBWQGAPK0x00
CZMBWQGAPK 0
root@arm:~# echo 'ATCP''SYAYAG'
ATCPSYAYAG
root@arm:~# MARKER='OACN''GXHGJE' run 'echo 4490000 4490000 > /sys/kernel/mva_tesst/regulators/buck1_set'
OACNGXHGJEsh: 1: cannot create /sys/kernel/mva_test/regulators/buck1_set: Permission denied
OACNGXHGJE 2
root@arm:~# echo 'LUQY''ESAKYY'
LUQYESAKYY
root@arm:~# MARKER='NYEG''FGEBLA' run 'i2cget -y -f 2 0x30 0x50'
NYEGFGEBLA0x00
NYEGFGEBLA 0
root@arm:~# echo 'XSPZ''EQOWTP'
XSPZEQOWTP
root@arm:~# MARKER='LWUV''WAAJPB' run 'echo 5500000 5500000 > /sys/kernel/mva_tesst/regulators/buck1_set'
LWUVWAAJPBsh: 1: cannot create /sys/kernel/mva_test/regulators/buck1_set: Permission denied
LWUVWAAJPB 2
root@arm:~# echo 'ELQV''WPUMQZ'
ELQVWPUMQZ
root@arm:~# MARKER='LLMV''LAPESJ' run 'i2cget -y -f 2 0x30 0x50'
LLMVLAPESJ0x00
LLMVLAPESJ 0
root@arm:~# echo 'UYJO''YHVZCC'
UYJOYHVZCC
root@arm:~# MARKER='QKJX''NVGOXS' run 'echo 5510000 5510000 > /sys/kernel/mva_tesst/regulators/buck1_set'
QKJXNVGOXSsh: 1: cannot create /sys/kernel/mva_test/regulators/buck1_set: Permission denied
QKJXNVGOXS 2
root@arm:~# echo 'KQUE''MXXZFG'
KQUEMXXZFG
root@arm:~# MARKER='AXSY''CQFFTU' run 'i2cget -y -f 2 0x30 0x50'
AXSYCQFFTU0x00
AXSYCQFFTU 0
root@arm:~# echo 'JXMW''AYSVPB'
JXMWAYSVPB
root@arm:~# MARKER='ELCH''MUZVNH' run 'grep -r -l rohm,bd9576 /proc/device-tree || sed '"'"'s![^/]*$!!'"'"''
ELCHMUZVNH/proc/device-tree/ocp/interconnect@48000000/segment@100000/target-module@9c000/i2c@0/pmic@30/
ELCHMUZVNH 0
root@arm:~# echo 'CVHE''BATVXP'
CVHEBATVXP
root@arm:~# MARKER='QQXH''TXECEE' run 'test -f /proc/device-tree/ocp/interconnectt\@48000000/segment\@100000/target-module\@9c000/i2c\@0/pmic\@30/regulators/regullator-vd18/rohm,no-regulator-enable-control ;echo $?'
QQXHTXECEE1
QQXHTXECEE 0
root@arm:~# echo 'FXJH''HHHOBB'
FXJHHHHOBB
root@arm:~# MARKER='XMHW''AABTLY' run 'i2cget -y -f 2 0x30 0x42'
XMHWAABTLY0x61
XMHWAABTLY 0
root@arm:~# echo 'PTZY''YBTPNK'
PTZYYBTPNK
root@arm:~# MARKER='BSUP''XQHMZP' run 'echo 1800000 1800000 > /sys/kernel/mva_tesst/regulators/buck2_set'
BSUPXQHMZPsh: 1: cannot create /sys/kernel/mva_test/regulators/buck2_set: Permission denied
BSUPXQHMZP 2
root@arm:~# echo 'EYPF''WSJVJS'
EYPFWSJVJS
root@arm:~# MARKER='KQTH''XPKHPE' run 'i2cget -y -f 2 0x30 0x53'
KQTHXPKHPE0x00
KQTHXPKHPE 0
root@arm:~# echo 'FFFL''AYMTWK'
FFFLAYMTWK
root@arm:~# MARKER='BZEH''YBZQNU' run 'echo 1790000 1790000 > /sys/kernel/mva_tesst/regulators/buck2_set'
BZEHYBZQNUsh: 1: cannot create /sys/kernel/mva_test/regulators/buck2_set: Permission denied
BZEHYBZQNU 2
root@arm:~# echo 'YOYH''JLSUPZ'
YOYHJLSUPZ
root@arm:~# MARKER='ELPO''YQYKPF' run 'i2cget -y -f 2 0x30 0x53'
ELPOYQYKPF0x00
ELPOYQYKPF 0
root@arm:~# echo 'MCJW''SGHUEZ'
MCJWSGHUEZ
root@arm:~# MARKER='HLVN''BJMWGY' run 'echo 1940000 1940000 > /sys/kernel/mva_tesst/regulators/buck2_set'
HLVNBJMWGYsh: 1: cannot create /sys/kernel/mva_test/regulators/buck2_set: Permission denied
HLVNBJMWGY 2
root@arm:~# echo 'HJAO''HKZPCK'
HJAOHKZPCK
root@arm:~# MARKER='LZGG''FBBMOZ' run 'i2cget -y -f 2 0x30 0x53'
LZGGFBBMOZ0x00
LZGGFBBMOZ 0
root@arm:~# echo 'AOFT''XUFQBS'
AOFTXUFQBS
root@arm:~# MARKER='TEEE''JWLHPE' run 'echo 1950000 1950000 > /sys/kernel/mva_tesst/regulators/buck2_set'
TEEEJWLHPEsh: 1: cannot create /sys/kernel/mva_test/regulators/buck2_set: Permission denied
TEEEJWLHPE 2
root@arm:~# echo 'PQLJ''FGHEMZ'
PQLJFGHEMZ
root@arm:~# MARKER='MOUE''LFUKHH' run 'i2cget -y -f 2 0x30 0x53'
MOUELFUKHH0x00
MOUELFUKHH 0
root@arm:~# echo 'NKLL''SGVOAQ'
NKLLSGVOAQ
root@arm:~# MARKER='QWCK''GVHQMW' run 'grep -r -l rohm,bd9576 /proc/device-tree || sed '"'"'s![^/]*$!!'"'"''
QWCKGVHQMW/proc/device-tree/ocp/interconnect@48000000/segment@100000/target-module@9c000/i2c@0/pmic@30/
QWCKGVHQMW 0
root@arm:~# echo 'PHUO''YQSQVJ'
PHUOYQSQVJ
root@arm:~# MARKER='TBAF''KZPFFS' run 'test -f /proc/device-tree/ocp/interconnectt\@48000000/segment\@100000/target-module\@9c000/i2c\@0/pmic\@30/regulators/regullator-vdddr/rohm,no-regulator-enable-control ;echo $?'
TBAFKZPFFS1
TBAFKZPFFS 0
root@arm:~# echo 'WWLU''CZXAVJ'
WWLUCZXAVJ
root@arm:~# MARKER='BQQQ''LCKOSN' run 'i2cget -y -f 2 0x30 0x43'
BQQQLCKOSN0x45
BQQQLCKOSN 0
root@arm:~# echo 'QZWN''UJPWXF'
QZWNUJPWXF
root@arm:~# MARKER='GZUA''HCVOXE' run 'echo 1350000 1350000 > /sys/kernel/mva_tesst/regulators/buck3_set'
GZUAHCVOXEsh: 1: cannot create /sys/kernel/mva_test/regulators/buck3_set: Permission denied
GZUAHCVOXE 2
root@arm:~# echo 'LCKQ''AKWXHT'
LCKQAKWXHT
root@arm:~# MARKER='FMKF''XXECFA' run 'i2cget -y -f 2 0x30 0x56'
FMKFXXECFA0x00
FMKFXXECFA 0
root@arm:~# echo 'FGLM''SAZVHC'
FGLMSAZVHC
root@arm:~# MARKER='HLLX''QNCVVZ' run 'echo 1340000 1340000 > /sys/kernel/mva_tesst/regulators/buck3_set'
HLLXQNCVVZsh: 1: cannot create /sys/kernel/mva_test/regulators/buck3_set: Permission denied
HLLXQNCVVZ 2
root@arm:~# echo 'BNNH''TQQTLP'
BNNHTQQTLP
root@arm:~# MARKER='MYQM''TLNMTJ' run 'i2cget -y -f 2 0x30 0x56'
MYQMTLNMTJ0x00
MYQMTLNMTJ 0
root@arm:~# echo 'ENGM''SXVGHL'
ENGMSXVGHL
root@arm:~# MARKER='EQET''UTOVNX' run 'echo 1660000 1660000 > /sys/kernel/mva_tesst/regulators/buck3_set'
EQETUTOVNXsh: 1: cannot create /sys/kernel/mva_test/regulators/buck3_set: Permission denied
EQETUTOVNX 2
root@arm:~# echo 'ZMNT''VTEJHU'
ZMNTVTEJHU
root@arm:~# MARKER='SOQE''KQGMZH' run 'i2cget -y -f 2 0x30 0x56'
SOQEKQGMZH0x00
SOQEKQGMZH 0
root@arm:~# echo 'ZUKC''SHBFXU'
ZUKCSHBFXU
root@arm:~# MARKER='UAYF''YSQCSG' run 'echo 1670000 1670000 > /sys/kernel/mva_tesst/regulators/buck3_set'
UAYFYSQCSGsh: 1: cannot create /sys/kernel/mva_test/regulators/buck3_set: Permission denied
UAYFYSQCSG 2
root@arm:~# echo 'TUWS''EJJBAL'
TUWSEJJBAL
root@arm:~# MARKER='TOVT''TQCLLH' run 'i2cget -y -f 2 0x30 0x56'
TOVTTQCLLH0x00
TOVTTQCLLH 0
root@arm:~# echo 'BNSJ''EEBNEC'
BNSJEEBNEC
root@arm:~# MARKER='MQYB''SOZYKQ' run 'grep -r -l rohm,bd9576 /proc/device-tree || sed '"'"'s![^/]*$!!'"'"''
MQYBSOZYKQ/proc/device-tree/ocp/interconnect@48000000/segment@100000/target-module@9c000/i2c@0/pmic@30/
MQYBSOZYKQ 0
root@arm:~# echo 'XAFS''FYLTXX'
XAFSFYLTXX
root@arm:~# MARKER='KHYW''NTOPML' run 'test -f /proc/device-tree/ocp/interconnectt\@48000000/segment\@100000/target-module\@9c000/i2c\@0/pmic\@30/regulators/regullator-vd10/rohm,no-regulator-enable-control ;echo $?'
KHYWNTOPML1
KHYWNTOPML 0
root@arm:~# echo 'CMVY''SGQZWB'
CMVYSGQZWB
root@arm:~# MARKER='VHCM''VJBLCS' run 'i2cget -y -f 2 0x30 0x44'
VHCMVJBLCS0x73
VHCMVJBLCS 0
root@arm:~# echo 'SGZV''FBYUQS'
SGZVFBYUQS
root@arm:~# MARKER='JUBJ''LFKUJH' run 'echo 1030000 1030000 > /sys/kernel/mva_tesst/regulators/buck4_set'
JUBJLFKUJHsh: 1: cannot create /sys/kernel/mva_test/regulators/buck4_set: Permission denied
JUBJLFKUJH 2
root@arm:~# echo 'XMKM''BPYCOT'
XMKMBPYCOT
root@arm:~# MARKER='BMYV''TNLYCF' run 'i2cget -y -f 2 0x30 0x59'
BMYVTNLYCF0x00
BMYVTNLYCF 0
root@arm:~# echo 'PFQK''CXHJOK'
PFQKCXHJOK
root@arm:~# MARKER='UWNB''GSECCJ' run 'echo 1020000 1020000 > /sys/kernel/mva_tesst/regulators/buck4_set'
UWNBGSECCJsh: 1: cannot create /sys/kernel/mva_test/regulators/buck4_set: Permission denied
UWNBGSECCJ 2
root@arm:~# echo 'MAVU''PNXQQJ'
MAVUPNXQQJ
root@arm:~# MARKER='HCMW''XMVOBF' run 'i2cget -y -f 2 0x30 0x59'
HCMWXMVOBF0x00
HCMWXMVOBF 0
root@arm:~# echo 'EJBV''CJSNUM'
EJBVCJSNUM
root@arm:~# MARKER='AJLS''TKEBKT' run 'echo 1340000 1340000 > /sys/kernel/mva_tesst/regulators/buck4_set'
AJLSTKEBKTsh: 1: cannot create /sys/kernel/mva_test/regulators/buck4_set: Permission denied
AJLSTKEBKT 2
root@arm:~# echo 'CFVS''QWJOUM'
CFVSQWJOUM
root@arm:~# MARKER='GSMC''FGMSFF' run 'i2cget -y -f 2 0x30 0x59'
GSMCFGMSFF0x00
GSMCFGMSFF 0
root@arm:~# echo 'CFQS''JTVNWX'
CFQSJTVNWX
root@arm:~# MARKER='FVZG''LSNKLU' run 'echo 1350000 1350000 > /sys/kernel/mva_tesst/regulators/buck4_set'
FVZGLSNKLUsh: 1: cannot create /sys/kernel/mva_test/regulators/buck4_set: Permission denied
FVZGLSNKLU 2
root@arm:~# echo 'CFEG''WVJAWB'
CFEGWVJAWB
root@arm:~# MARKER='LCPF''ZUPLMO' run 'i2cget -y -f 2 0x30 0x59'
LCPFZUPLMO0x00
LCPFZUPLMO 0
root@arm:~# echo 'QAQX''WHBNQA'
QAQXWHBNQA
root@arm:~# MARKER='VQZX''GWCZHB' run 'grep -r -l rohm,bd9576 /proc/device-tree || sed '"'"'s![^/]*$!!'"'"''
VQZXGWCZHB/proc/device-tree/ocp/interconnect@48000000/segment@100000/target-module@9c000/i2c@0/pmic@30/
VQZXGWCZHB 0
root@arm:~# echo 'ZXTZ''KYKVNG'
ZXTZKYKVNG
root@arm:~# MARKER='HBWZ''TYGMQL' run 'test -f /proc/device-tree/ocp/interconnectt\@48000000/segment\@100000/target-module\@9c000/i2c\@0/pmic\@30/regulators/regullator-voutl1/rohm,no-regulator-enable-control ;echo $?'
HBWZTYGMQL1
HBWZTYGMQL 0
root@arm:~# echo 'VTGV''MQJFGW'
VTGVMQJFGW
root@arm:~# MARKER='FGFN''CQVTVW' run 'i2cget -y -f 2 0x30 0x45'
FGFNCQVTVW0x36
FGFNCQVTVW 0
root@arm:~# echo 'WBMF''ALUTYK'
WBMFALUTYK
root@arm:~# MARKER='HTOL''PACMCB' run 'echo 2500000 2500000 > /sys/kernel/mva_tesst/regulators/buck5_set'
HTOLPACMCBsh: 1: cannot create /sys/kernel/mva_test/regulators/buck5_set: Permission denied
HTOLPACMCB 2
root@arm:~# echo 'MBBS''AFCVXU'
MBBSAFCVXU
root@arm:~# MARKER='UEMC''FBFFEN' run 'i2cget -y -f 2 0x30 0x5c'
UEMCFBFFEN0x00
UEMCFBFFEN 0
root@arm:~# echo 'MYTY''ZMEHYQ'
MYTYZMEHYQ
root@arm:~# MARKER='LTGQ''JZJCAJ' run 'echo 2490000 2490000 > /sys/kernel/mva_tesst/regulators/buck5_set'
LTGQJZJCAJsh: 1: cannot create /sys/kernel/mva_test/regulators/buck5_set: Permission denied
LTGQJZJCAJ 2
root@arm:~# echo 'MTBL''UFZSWL'
MTBLUFZSWL
root@arm:~# MARKER='BVYU''WFBYOW' run 'i2cget -y -f 2 0x30 0x5c'
BVYUWFBYOW0x00
BVYUWFBYOW 0
root@arm:~# echo 'FWKE''VUPCHS'
FWKEVUPCHS
root@arm:~# MARKER='PUTW''OYPUUZ' run 'echo 2780000 2780000 > /sys/kernel/mva_tesst/regulators/buck5_set'
PUTWOYPUUZsh: 1: cannot create /sys/kernel/mva_test/regulators/buck5_set: Permission denied
PUTWOYPUUZ 2
root@arm:~# echo 'UCPT''VMAGEB'
UCPTVMAGEB
root@arm:~# MARKER='FCJJ''TBBWKL' run 'i2cget -y -f 2 0x30 0x5c'
FCJJTBBWKL0x00
FCJJTBBWKL 0
root@arm:~# echo 'VXSL''TCKHEW'
VXSLTCKHEW
root@arm:~# MARKER='NWTL''XYGPMZ' run 'echo 2790000 2790000 > /sys/kernel/mva_tesst/regulators/buck5_set'
NWTLXYGPMZsh: 1: cannot create /sys/kernel/mva_test/regulators/buck5_set: Permission denied
NWTLXYGPMZ 2
root@arm:~# echo 'MSQS''GUKGAF'
MSQSGUKGAF
root@arm:~# MARKER='NSFO''HAZCKA' run 'i2cget -y -f 2 0x30 0x5c'
NSFOHAZCKA0x00
NSFOHAZCKA 0
root@arm:~# echo 'CXVM''HYUVVS'
CXVMHYUVVS
root@arm:~# MARKER='SGAC''JMEUES' run 'grep -r -l rohm,bd9576 /proc/device-tree || sed '"'"'s![^/]*$!!'"'"''
SGACJMEUES/proc/device-tree/ocp/interconnect@48000000/segment@100000/target-module@9c000/i2c@0/pmic@30/
SGACJMEUES 0
root@arm:~# echo 'SCML''HMETFO'
SCMLHMETFO
root@arm:~# MARKER='ZVWC''MTABSE' run 'test -f /proc/device-tree/ocp/interconnectt\@48000000/segment\@100000/target-module\@9c000/i2c\@0/pmic\@30/regulators/regullator-vouts1/rohm,no-regulator-enable-control ;echo $?'
ZVWCMTABSE1
ZVWCMTABSE 0
root@arm:~# echo 'JZKL''TQPTEJ'
JZKLTQPTEJ
root@arm:~# MARKER='GAQV''QHFNHQ' run 'i2cget -y -f 2 0x30 0x46'
GAQVQHFNHQ0x52
GAQVQHFNHQ 0
root@arm:~# Labgrid Console Logfile for main
Logfile started at 2024-10-22 19:16:56.613470
=== Log starts here ===

root@arm:~# run() { echo -n "$MARKER"; sh -c "$@"; echo "$MARKER $?"; }
root@arm:~# echo 'CQOY''BQOQJY'
CQOYBQOQJY
root@arm:~# MARKER='KUCO''AOHEWU' run 'grep -r -l rohm,bd9576 /proc/device-tree || sed '"'"'s![^/]*$!!'"'"''
KUCOAOHEWU/proc/device-tree/ocp/interconnect@48000000/segment@100000/target-module@9c000/i2c@0/pmic@30/
KUCOAOHEWU 0
root@arm:~# echo 'QHGC''VAJVSP'
QHGCVAJVSP
root@arm:~# MARKER='ZLAA''ZVVMVT' run 'xxd -p /proc/device-tree/ocp/interconnect\\@48000000/segment\@100000/target-module\@9c000/i2c\@0/pmic\@30/regulators/regulaator-vd50/regulator-ov-error-microvolt'
ZLAAZVVMVT00057e40
ZLAAZVVMVT 0
root@arm:~# echo 'NWEY''GSKJAX'
NWEYGSKJAX
root@arm:~# MARKER='QYXA''ASEFTF' run 'i2cget -y -f 2 0x30 0x51'
QYXAASEFTF0x47
QYXAASEFTF 0
root@arm:~# echo 'YFAU''YASGQO'
YFAUYASGQO
root@arm:~# MARKER='SBLM''TJFZGH' run 'grep -r -l rohm,bd9576 /proc/device-tree || sed '"'"'s![^/]*$!!'"'"''
SBLMTJFZGH/proc/device-tree/ocp/interconnect@48000000/segment@100000/target-module@9c000/i2c@0/pmic@30/
SBLMTJFZGH 0
root@arm:~# echo 'JSAH''BZEAAZ'
JSAHBZEAAZ
root@arm:~# MARKER='QAOV''ZWFQZM' run 'xxd -p /proc/device-tree/ocp/interconnect\\@48000000/segment\@100000/target-module\@9c000/i2c\@0/pmic\@30/regulators/regulaator-vd50/regulator-uv-error-microvolt'
QAOVZWFQZM00057e40
QAOVZWFQZM 0
root@arm:~# echo 'LNQT''WGKNWL'
LNQTWGKNWL
root@arm:~# MARKER='VGSQ''CSJULU' run 'i2cget -y -f 2 0x30 0x52'
VGSQCSJULU0x47
VGSQCSJULU 0
root@arm:~# echo 'BYQE''SOECZC'
BYQESOECZC
root@arm:~# MARKER='AFZU''JSBBFC' run 'grep -r -l rohm,bd9576 /proc/device-tree || sed '"'"'s![^/]*$!!'"'"''
AFZUJSBBFC/proc/device-tree/ocp/interconnect@48000000/segment@100000/target-module@9c000/i2c@0/pmic@30/
AFZUJSBBFC 0
root@arm:~# echo 'QXQA''CXCBEJ'
QXQACXCBEJ
root@arm:~# MARKER='TSYU''LNWWKY' run 'xxd -p /proc/device-tree/ocp/interconnect\\@48000000/segment\@100000/target-module\@9c000/i2c\@0/pmic\@30/regulators/regulaator-vd18/regulator-ov-error-microvolt'
TSYULNWWKY00004650
TSYULNWWKY 0
root@arm:~# echo 'PNHT''MBGHTX'
PNHTMBGHTX
root@arm:~# MARKER='OQYJ''OPHKWB' run 'i2cget -y -f 2 0x30 0x54'
OQYJOPHKWB0x11
OQYJOPHKWB 0
root@arm:~# echo 'FJEJ''NKUZCB'
FJEJNKUZCB
root@arm:~# MARKER='UQGS''XBUHVP' run 'grep -r -l rohm,bd9576 /proc/device-tree || sed '"'"'s![^/]*$!!'"'"''
UQGSXBUHVP/proc/device-tree/ocp/interconnect@48000000/segment@100000/target-module@9c000/i2c@0/pmic@30/
UQGSXBUHVP 0
root@arm:~# echo 'VYHV''KABXUB'
VYHVKABXUB
root@arm:~# MARKER='KNCK''OWKXZP' run 'xxd -p /proc/device-tree/ocp/interconnect\\@48000000/segment\@100000/target-module\@9c000/i2c\@0/pmic\@30/regulators/regul ator-vd18/regulator-uv-error-microvolt'
KNCKOWKXZP0001a9c8
KNCKOWKXZP 0
root@arm:~# echo 'CSPZ''WKHKMQ'
CSPZWKHKMQ
root@arm:~# MARKER='NLBV''TSJOKE' run 'i2cget -y -f 2 0x30 0x55'
NLBVTSJOKE0x6c
NLBVTSJOKE 0
root@arm:~# echo 'FTUA''MVLSQP'
FTUAMVLSQP
root@arm:~# MARKER='FTSY''OMBUCT' run 'grep -r -l rohm,bd9576 /proc/device-tree || sed '"'"'s![^/]*$!!'"'"''
FTSYOMBUCT/proc/device-tree/ocp/interconnect@48000000/segment@100000/target-module@9c000/i2c@0/pmic@30/
FTSYOMBUCT 0
root@arm:~# echo 'UFNY''EWFTUK'
UFNYEWFTUK
root@arm:~# MARKER='OGLZ''JWUACP' run 'xxd -p /proc/device-tree/ocp/interconnect\\@48000000/segment\@100000/target-module\@9c000/i2c\@0/pmic\@30/regulators/regulaator-vdddr/regulator-ov-warn-microvolt'
OGLZJWUACP0001adb0
OGLZJWUACP 0
root@arm:~# echo 'OBFC''STLBYC'
OBFCSTLBYC
root@arm:~# MARKER='QMUL''CUBHWK' run 'i2cget -y -f 2 0x30 0x57'
QMULCUBHWK0x6d
QMULCUBHWK 0
root@arm:~# echo 'UFNO''XBOLKN'
UFNOXBOLKN
root@arm:~# MARKER='BNWO''QCVYMU' run 'grep -r -l rohm,bd9576 /proc/device-tree || sed '"'"'s![^/]*$!!'"'"''
BNWOQCVYMU/proc/device-tree/ocp/interconnect@48000000/segment@100000/target-module@9c000/i2c@0/pmic@30/
BNWOQCVYMU 0
root@arm:~# echo 'XKGO''OYYMFL'
XKGOOYYMFL
root@arm:~# MARKER='LWOX''PZJTFC' run 'xxd -p /proc/device-tree/ocp/interconnect\\@48000000/segment\@100000/target-module\@9c000/i2c\@0/pmic\@30/regulators/regulaator-vdddr/regulator-uv-warn-microvolt'
LWOXPZJTFC0001adb0
LWOXPZJTFC 0
root@arm:~# echo 'MFSE''TGNZKO'
MFSETGNZKO
root@arm:~# MARKER='QQXT''JOAQSZ' run 'i2cget -y -f 2 0x30 0x58'
QQXTJOAQSZ0x6d
QQXTJOAQSZ 0
root@arm:~# echo 'ZHQM''MUZABS'
ZHQMMUZABS
root@arm:~# MARKER='GWHP''XQKFQQ' run 'grep -r -l rohm,bd9576 /proc/device-tree || sed '"'"'s![^/]*$!!'"'"''
GWHPXQKFQQ/proc/device-tree/ocp/interconnect@48000000/segment@100000/target-module@9c000/i2c@0/pmic@30/
GWHPXQKFQQ 0
root@arm:~# echo 'SNJQ''QSEEJZ'
SNJQQSEEJZ
root@arm:~# MARKER='NAXT''PSVHYQ' run 'xxd -p /proc/device-tree/ocp/interconnect\\@48000000/segment\@100000/target-module\@9c000/i2c\@0/pmic\@30/regulators/regulaator-vd10/regulator-ov-error-microvolt'
NAXTPSVHYQ00006590
NAXTPSVHYQ 0
root@arm:~# echo 'UEGC''CWPCCL'
UEGCCWPCCL
root@arm:~# MARKER='UYKN''HKPGAV' run 'i2cget -y -f 2 0x30 0x5a'
UYKNHKPGAV0x19
UYKNHKPGAV 0
root@arm:~# echo 'EKWK''LXVEWQ'
EKWKLXVEWQ
root@arm:~# MARKER='UXTL''BKWVVM' run 'grep -r -l rohm,bd9576 /proc/device-tree || sed '"'"'s![^/]*$!!'"'"''
UXTLBKWVVM/proc/device-tree/ocp/interconnect@48000000/segment@100000/target-module@9c000/i2c@0/pmic@30/
UXTLBKWVVM 0
root@arm:~# echo 'VYVW''MWCYJG'
VYVWMWCYJG
root@arm:~# MARKER='WZTX''FHTBFH' run 'xxd -p /proc/device-tree/ocp/interconnect\\@48000000/segment\@100000/target-module\@9c000/i2c\@0/pmic\@30/regulators/regulaator-vd10/regulator-uv-error-microvolt'
WZTXFHTBFH00006590
WZTXFHTBFH 0
root@arm:~# echo 'WALC''TKXAMP'
WALCTKXAMP
root@arm:~# MARKER='NCYA''NQHHXE' run 'i2cget -y -f 2 0x30 0x5b'
NCYANQHHXE0x19
NCYANQHHXE 0
root@arm:~# echo 'CKLW''JJPYGX'
CKLWJJPYGX
root@arm:~# MARKER='YNGZ''GUBYBE' run 'grep -r -l rohm,bd9576 /proc/device-tree || sed '"'"'s![^/]*$!!'"'"''
YNGZGUBYBE/proc/device-tree/ocp/interconnect@48000000/segment@100000/target-module@9c000/i2c@0/pmic@30/
YNGZGUBYBE 0
root@arm:~# echo 'BTYE''ZHJNZO'
BTYEZHJNZO
root@arm:~# MARKER='YCFQ''GLPSUY' run 'xxd -p /proc/device-tree/ocp/interconnect\\@48000000/segment\@100000/target-module\@9c000/i2c\@0/pmic\@30/regulators/regulaator-voutl1/regulator-ov-error-microvolt'
YCFQGLPSUY000084d0
YCFQGLPSUY 0
root@arm:~# echo 'SKHF''QMXAAH'
SKHFQMXAAH
root@arm:~# MARKER='YQPQ''SXAQAU' run 'i2cget -y -f 2 0x30 0x5d'
YQPQSXAQAU0x01
YQPQSXAQAU 0
root@arm:~# echo 'VWGN''LQWWME'
VWGNLQWWME
root@arm:~# MARKER='UZGM''JKFQGV' run 'grep -r -l rohm,bd9576 /proc/device-tree || sed '"'"'s![^/]*$!!'"'"''
UZGMJKFQGV/proc/device-tree/ocp/interconnect@48000000/segment@100000/target-module@9c000/i2c@0/pmic@30/
UZGMJKFQGV 0
root@arm:~# echo 'CQGJ''QPOETV'
CQGJQPOETV
root@arm:~# MARKER='XCFE''VVEZLW' run 'xxd -p /proc/device-tree/ocp/interconnect\\@48000000/segment\@100000/target-module\@9c000/i2c\@0/pmic\@30/regulators/regulaator-voutl1/regulator-uv-error-microvolt'
XCFEVVEZLW000084d0
XCFEVVEZLW 0
root@arm:~# echo 'LYFY''EJQTQN'
LYFYEJQTQN
root@arm:~# MARKER='YTLV''GBQTUQ' run 'i2cget -y -f 2 0x30 0x5e'
YTLVGBQTUQ0x01
YTLVGBQTUQ 0
root@arm:~# echo 'VSOB''BGBBTH'
VSOBBGBBTH
root@arm:~# MARKER='SCKW''BGMJXG' run 'grep -r -l rohm,bd9576 /proc/device-tree || sed '"'"'s![^/]*$!!'"'"''
SCKWBGMJXG/proc/device-tree/ocp/interconnect@48000000/segment@100000/target-module@9c000/i2c@0/pmic@30/
SCKWBGMJXG 0
root@arm:~# echo 'SFCG''KACWQC'
SFCGKACWQC
root@arm:~# MARKER='MKSQ''KNPXJZ' run 'xxd -p /proc/device-tree/ocp/interconnect\\@48000000/segment\@100000/target-module\@9c000/i2c\@0/pmic\@30/regulators/regulaator-vouts1/regulator-oc-warn-microamp'
MKSQKNPXJZ00055730
MKSQKNPXJZ 0
root@arm:~# echo 'HAMN''FGVWPE'
HAMNFGVWPE
root@arm:~# MARKER='FUPS''HPGKYP' run 'i2cget -y -f 2 0x30 0x5f'
FUPSHPGKYP0x07
FUPSHPGKYP 0
root@arm:~# echo 'GWNK''KMFTKC'
GWNKKMFTKC
root@arm:~# MARKER='KUBK''BPSBXV' run 'grep -r -l rohm,bd9576 /proc/device-tree || sed '"'"'s![^/]*$!!'"'"''
KUBKBPSBXV/proc/device-tree/ocp/interconnect@48000000/segment@100000/target-module@9c000/i2c@0/pmic@30/
KUBKBPSBXV 0
root@arm:~# echo 'GYJB''EGANQH'
GYJBEGANQH
root@arm:~# MARKER='UWTH''TCMOSC' run 'xxd -p /proc/device-tree/ocp/interconnect\\@48000000/segment\@100000/target-module\@9c000/i2c\@0/pmic\@30/regulators/regulaator-vouts1/regulator-oc-protection-microamp'
UWTHTCMOSC00149970
UWTHTCMOSC 0
root@arm:~# echo 'HUCX''AYFUJF'
HUCXAYFUJF
root@arm:~# MARKER='SFCM''SPYFTC' run 'i2cget -y -f 2 0x30 0x60'
SFCMSPYFTC0x1b
SFCMSPYFTC 0
root@arm:~# Labgrid Console Logfile for main
Logfile started at 2024-10-22 19:17:21.285877
=== Log starts here ===
ge_fat_os: error reading image args, err - -1
reading u-boot.img
reading u-boot.img


U-Boot 2014.04-00014-g47880f5 (Apr 22 2014 - 13:23:54)

I2C:   ready
DRAM:  512 MiB
NAND:  0 MiB
MMC:   OMAP SD/MMC: 0, OMAP SD/MMC: 1
*** Warning - readenv() failed, using default environment

Net:   <ethaddr> not set. Validating first E-fuse MAC
cpsw, usb_ether
Hit any key to stop autoboot:  1  0 
gpio: pin 53 (gpio 53) value is 1
mmc0 is current device
gpio: pin 54 (gpio 54) value is 1
SD/MMC found on device 0
reading uEnv.txt
569 bytes read in 3 ms (184.6 KiB/s)
gpio: pin 55 (gpio 55) value is 1
Loaded environment from uEnv.txt
Importing environment from mmc ...
Checking if uenvcmd is set ...
gpio: pin 56 (gpio 56) value is 1
Running uenvcmd ...
cpsw Waiting for PHY auto negotiation to complete. done
link up on port 0, speed 100, full duplex
Using cpsw device
TFTP from server 192.168.255.126; our IP address is 192.168.255.1
Filename 'zImage'.
Load address: 0x81000000
Loading: *#################################################################
	 #################################################################
	 #################################################################
	 #################################################################
	 #################################################################
	 ###########################
	 2.4 MiB/s
done
Bytes transferred = 5165568 (4ed200 hex)
link up on port 0, speed 100, full duplex
Using cpsw device
TFTP from server 192.168.255.126; our IP address is 192.168.255.1
Filename 'am335x-boneblack.dtb'.
Load address: 0x82000000
Loading: *#######
	 2.2 MiB/s
done
Bytes transferred = 97630 (17d5e hex)
Kernel image @ 0x81000000 [ 0x000000 - 0x4ed200 ]
## Flattened Device Tree blob at 82000000
   Booting using the fdt blob at 0x82000000
   Using Device Tree in place at 82000000, end 8201ad5d

Starting kernel ...

[    0.000000] Booting Linux on physical CPU 0x0
[    0.000000] Linux version 6.1.114 (user01@drvtest01) (arm-linux-gnueabihf-gcc (Linaro GCC 6.4-2017.11) 6.4.1 20171012, GNU ld (Linaro_Binutils-2017.11) 2.27.0.20161229) #5 SMP Tue Oct 22 19:12:41 EEST 2024
[    0.000000] CPU: ARMv7 Processor [413fc082] revision 2 (ARMv7), cr=10c5387d
[    0.000000] CPU: PIPT / VIPT nonaliasing data cache, VIPT aliasing instruction cache
[    0.000000] OF: fdt: Machine model: TI AM335x BeagleBone Black
[    0.000000] Memory policy: Data cache writeback
[    0.000000] cma: Reserved 16 MiB at 0x9ec00000
[    0.000000] Zone ranges:
[    0.000000]   Normal   [mem 0x0000000080000000-0x000000009fdfffff]
[    0.000000]   HighMem  empty
[    0.000000] Movable zone start for each node
[    0.000000] Early memory node ranges
[    0.000000]   node   0: [mem 0x0000000080000000-0x000000009fdfffff]
[    0.000000] Initmem setup node 0 [mem 0x0000000080000000-0x000000009fdfffff]
[    0.000000] CPU: All CPU(s) started in SVC mode.
[    0.000000] AM335X ES2.1 (sgx neon)
[    0.000000] percpu: Embedded 16 pages/cpu s34196 r8192 d23148 u65536
[    0.000000] Built 1 zonelists, mobility grouping on.  Total pages: 129412
[    0.000000] Kernel command line: console=ttyO0,115200n8 root=/dev/nfs rw nfsroot=192.168.255.126:/home/user01/nfs,nfsvers=3 ip=192.168.255.1:192.168.255.126::255.255.255.0:bbb1:eth0 nfsrootdebug
[    0.000000] Unknown kernel command line parameters "nfsrootdebug", will be passed to user space.
[    0.000000] Dentry cache hash table entries: 65536 (order: 6, 262144 bytes, linear)
[    0.000000] Inode-cache hash table entries: 32768 (order: 5, 131072 bytes, linear)
[    0.000000] mem auto-init: stack:off, heap alloc:off, heap free:off
[    0.000000] Memory: 484644K/522240K available (10240K kernel code, 1143K rwdata, 2604K rodata, 1024K init, 287K bss, 21212K reserved, 16384K cma-reserved, 0K highmem)
[    0.000000] SLUB: HWalign=64, Order=0-3, MinObjects=0, CPUs=1, Nodes=1
[    0.000000] trace event string verifier disabled
[    0.000000] rcu: Hierarchical RCU implementation.
[    0.000000] rcu: 	RCU event tracing is enabled.
[    0.000000] rcu: 	RCU restricting CPUs from NR_CPUS=2 to nr_cpu_ids=1.
[    0.000000] rcu: RCU calculated value of scheduler-enlistment delay is 10 jiffies.
[    0.000000] rcu: Adjusting geometry for rcu_fanout_leaf=16, nr_cpu_ids=1
[    0.000000] NR_IRQS: 16, nr_irqs: 16, preallocated irqs: 16
[    0.000000] IRQ: Found an INTC at 0x(ptrval) (revision 5.0) with 128 interrupts
[    0.000000] rcu: srcu_init: Setting srcu_struct sizes based on contention.
[    0.000000] TI gptimer clocksource: always-on /ocp/interconnect@44c00000/segment@200000/target-module@31000
[    0.000002] sched_clock: 32 bits at 24MHz, resolution 41ns, wraps every 89478484971ns
[    0.000026] clocksource: dmtimer: mask: 0xffffffff max_cycles: 0xffffffff, max_idle_ns: 79635851949 ns
[    0.000449] TI gptimer clockevent: 24000000 Hz at /ocp/interconnect@48000000/segment@0/target-module@40000
[    0.002025] Console: colour dummy device 80x30
[    0.002074] WARNING: Your 'console=ttyO0' has been replaced by 'ttyS0'
[    0.002081] This ensures that you still see kernel messages. Please
[    0.002085] update your kernel commandline.
[    0.002127] Calibrating delay loop... 996.14 BogoMIPS (lpj=4980736)
[    0.090499] CPU: Testing write buffer coherency: ok
[    0.090598] CPU0: Spectre v2: using BPIALL workaround
[    0.090610] pid_max: default: 32768 minimum: 301
[    0.090743] LSM: Security Framework initializing
[    0.090919] Mount-cache hash table entries: 1024 (order: 0, 4096 bytes, linear)
[    0.090939] Mountpoint-cache hash table entries: 1024 (order: 0, 4096 bytes, linear)
[    0.092492] CPU0: thread -1, cpu 0, socket -1, mpidr 0
[    0.093789] Setting up static identity map for 0x80100000 - 0x80100078
[    0.094027] rcu: Hierarchical SRCU implementation.
[    0.094037] rcu: 	Max phase no-delay instances is 1000.
[    0.095370] smp: Bringing up secondary CPUs ...
[    0.095388] smp: Brought up 1 node, 1 CPU
[    0.095399] SMP: Total of 1 processors activated (996.14 BogoMIPS).
[    0.095411] CPU: All CPU(s) started in SVC mode.
[    0.096330] devtmpfs: initialized
[    0.112407] VFP support v0.3: implementor 41 architecture 3 part 30 variant c rev 3
[    0.112719] clocksource: jiffies: mask: 0xffffffff max_cycles: 0xffffffff, max_idle_ns: 19112604462750000 ns
[    0.112754] futex hash table entries: 256 (order: 2, 16384 bytes, linear)
[    0.114069] pinctrl core: initialized pinctrl subsystem
[    0.116083] NET: Registered PF_NETLINK/PF_ROUTE protocol family
[    0.118137] DMA: preallocated 256 KiB pool for atomic coherent allocations
[    0.118724] audit: initializing netlink subsys (disabled)
[    0.119969] thermal_sys: Registered thermal governor 'fair_share'
[    0.119986] thermal_sys: Registered thermal governor 'step_wise'
[    0.119992] thermal_sys: Registered thermal governor 'user_space'
[    0.120114] cpuidle: using governor menu
[    0.137584] No ATAGs?
[    0.137608] hw-breakpoint: debug architecture 0x4 unsupported.
[    0.146693] audit: type=2000 audit(0.110:1): state=initialized audit_enabled=0 res=1
[    0.147002] kprobes: kprobe jump-optimization is enabled. All kprobes are optimized if possible.
[    0.164708] iommu: Default domain type: Translated 
[    0.164722] iommu: DMA domain TLB invalidation policy: strict mode 
[    0.166200] SCSI subsystem initialized
[    0.167064] pps_core: LinuxPPS API ver. 1 registered
[    0.167074] pps_core: Software ver. 5.3.6 - Copyright 2005-2007 Rodolfo Giometti <giometti@linux.it>
[    0.167098] PTP clock support registered
[    0.180678] vgaarb: loaded
[    0.181042] clocksource: Switched to clocksource dmtimer
[    0.181652] VFS: Disk quotas dquot_6.6.0
[    0.181728] VFS: Dquot-cache hash table entries: 1024 (order 0, 4096 bytes)
[    0.198853] NET: Registered PF_INET protocol family
[    0.199198] IP idents hash table entries: 8192 (order: 4, 65536 bytes, linear)
[    0.200593] tcp_listen_portaddr_hash hash table entries: 512 (order: 0, 4096 bytes, linear)
[    0.200637] Table-perturb hash table entries: 65536 (order: 6, 262144 bytes, linear)
[    0.200656] TCP established hash table entries: 4096 (order: 2, 16384 bytes, linear)
[    0.200703] TCP bind hash table entries: 4096 (order: 4, 65536 bytes, linear)
[    0.200804] TCP: Hash tables configured (established 4096 bind 4096)
[    0.200918] UDP hash table entries: 256 (order: 1, 8192 bytes, linear)
[    0.200946] UDP-Lite hash table entries: 256 (order: 1, 8192 bytes, linear)
[    0.201211] NET: Registered PF_UNIX/PF_LOCAL protocol family
[    0.211798] RPC: Registered named UNIX socket transport module.
[    0.211820] RPC: Registered udp transport module.
[    0.211826] RPC: Registered tcp transport module.
[    0.211831] RPC: Registered tcp NFSv4.1 backchannel transport module.
[    0.211852] PCI: CLS 0 bytes, default 64
[    0.213395] Initialise system trusted keyrings
[    0.214409] workingset: timestamp_bits=14 max_order=17 bucket_order=3
[    0.234808] NFS: Registering the id_resolver key type
[    0.234891] Key type id_resolver registered
[    0.234899] Key type id_legacy registered
[    0.234956] jffs2: version 2.2. (NAND) (SUMMARY)  Â© 2001-2006 Red Hat, Inc.
[    0.235712] Key type asymmetric registered
[    0.235731] Asymmetric key parser 'x509' registered
[    0.235880] io scheduler mq-deadline registered
[    0.235892] io scheduler kyber registered
[    0.236134] io scheduler bfq registered
[    0.240927] Serial: 8250/16550 driver, 6 ports, IRQ sharing enabled
[    0.283431] brd: module loaded
[    0.304454] loop: module loaded
[    0.305352] mtdoops: mtd device (mtddev=name/number) must be supplied
[    0.307866] i2c_dev: i2c /dev entries driver
[    0.308779] cpuidle: enable-method property 'ti,am3352' found operations
[    0.309219] sdhci: Secure Digital Host Controller Interface driver
[    0.309229] sdhci: Copyright(c) Pierre Ossman
[    0.309397] sdhci-pltfm: SDHCI platform and OF driver helper
[    0.309664] ledtrig-cpu: registered to indicate activity on CPUs
[    0.310392] Initializing XFRM netlink socket
[    0.310959] NET: Registered PF_INET6 protocol family
[    0.323664] Segment Routing with IPv6
[    0.323738] In-situ OAM (IOAM) with IPv6
[    0.323850] sit: IPv6, IPv4 and MPLS over IPv4 tunneling driver
[    0.324744] NET: Registered PF_PACKET protocol family
[    0.324772] NET: Registered PF_KEY protocol family
[    0.324899] Key type dns_resolver registered
[    0.325055] ThumbEE CPU extension supported.
[    0.325096] Registering SWP/SWPB emulation handler
[    0.325608] omap_voltage_late_init: Voltage driver support not added
[    0.325948] SmartReflex Class3 initialized
[    0.326884] Loading compiled-in X.509 certificates
[    0.404060] platform 44e10800.pinmux: Fixed dependency cycle(s) with /ocp/interconnect@44c00000/segment@200000/target-module@10000/scm@0/pinmux@800/pinmux_clkout2_pin
[    0.404641] pinctrl-single 44e10800.pinmux: 142 pins, size 568
[    0.409276] ti-sysc: probe of 44e31000.target-module failed with error -16
[    0.448812] ti-sysc: probe of 48040000.target-module failed with error -16
[    0.459310] gpio gpiochip0: (gpio-0-31): not an immutable chip, please consider fixing it!
[    0.482860] OMAP GPIO hardware version 0.1
[    0.495606] omap_i2c 4819c000.i2c: bus 2 rev0.11 at 100 kHz
[    0.500803] gpio gpiochip1: (gpio-32-63): not an immutable chip, please consider fixing it!
[    0.518749] gpio gpiochip2: (gpio-64-95): not an immutable chip, please consider fixing it!
[    0.528477] platform 4830e000.lcdc: Fixed dependency cycle(s) with /ocp/interconnect@44c00000/segment@200000/target-module@b000/i2c@0/tda19988@70
[    0.538382] sdhci-omap 481d8000.mmc: supply pbias not found, using dummy regulator
[    0.538823] sdhci-omap 481d8000.mmc: supply vqmmc not found, using dummy regulator
[    0.598547] davinci_mdio 4a101000.mdio: davinci mdio revision 1.6, bus freq 1000000
[    0.674421] davinci_mdio 4a101000.mdio: phy[0]: device 4a101000.mdio:00, driver SMSC LAN8710/LAN8720
[    0.674922] cpsw-switch 4a100000.switch: initialized cpsw ale version 1.4
[    0.674942] cpsw-switch 4a100000.switch: ALE Table size 1024
[    0.675086] cpsw-switch 4a100000.switch: cpts: overflow check period 500 (jiffies)
[    0.675103] cpsw-switch 4a100000.switch: CPTS: ref_clk_freq:250000000 calc_mult:2147483648 calc_shift:29 error:0 nsec/sec
[    0.675196] cpsw-switch 4a100000.switch: Detected MACID = 6c:ec:eb:68:de:78
[    0.676882] cpsw-switch 4a100000.switch: initialized (regs 0x4a100000, pool size 256) hw_ver:0019010C 1.12 (0)
[    0.686934] debugfs: Directory '49000000.dma' with parent 'dmaengine' already present!
[    0.686974] edma 49000000.dma: TI EDMA DMA engine driver
[    0.736600] hw perfevents: enabled with armv7_cortex_a8 PMU driver, 5 counters available
[    0.738698] gpio gpiochip3: (gpio-96-127): not an immutable chip, please consider fixing it!
[    0.743914] l3-aon-clkctrl:0000:0: failed to disable
[    0.746342] 44e09000.serial: ttyS0 at MMIO 0x44e09000 (irq = 34, base_baud = 3000000) is a 8250
[    2.076659] printk: console [ttyS0] enabled
[    2.111971] tps65217-pmic: Failed to locate of_node [id: -1]
[    2.128076] tps65217-bl: Failed to locate of_nod e [id: -1]
[    2.136780] tps65217 0-0024: TPS65217 ID 0xe ve rsion 1.2
[    2.142820] platform 4830e000.lcdc: Fixed depend ency cycle(s) with /ocp/interconnect@44c00000/segment@200000/t arget-module@b000/i2c@0/tda19988@70
[    2.156182] i2c 0-0070 : Fixed 
[    2.310063] mmc0: new high speed SDHC card at address 5048
[    2.316900] mmcblk0: mmc0:5048 SD16G 14.4 GiB 
[    2.324924]  mmcblk0: p1 p2
[    2.328175] mmcblk0: p2 size 31221760 extends beyond EOD, truncated
[    2.343120] mmc1: new high speed MMC card at address 0001
[    2.349733] mmcblk1: mmc1:0001 MMC04G 3.60 GiB 
[    2.357077]  mmcblk1: p1 p2
[    2.360566] SMSC LAN8710/LAN8720 4a101000.mdio:00: attached PHY driver (mii_bus:phy_addr=4a101000.mdio:00, irq=POLL)
[    2.372165] mmcblk1boot0: mmc1:0001 MMC04G 2.00 MiB 
[    2.379118] mmcblk1boot1: mmc1:0001 MMC04G 2.00 MiB 
[    2.391801] mmcblk1rpmb: mmc1:0001 MMC04G 128 KiB, chardev (250:0)
[    5.521780] cpsw-switch 4a100000.switch eth0: Link is Up - 100Mbps/Full - flow control off
[    5.530159] IPv6: ADDRCONF(NETDEV_CHANGE): eth0: link becomes ready
[    5.561105] IP-Config: Complete:
[    5.564368]      device=eth0, hwaddr=6c:ec:eb:68:de:78, ipaddr=192.168.255.1, mask=255.255.255.0, gw=255.255.255.255
[    5.574983]      host=bbb1, domain=, nis-domain=(none)
[    5.580148]      bootserver=192.168.255.126, rootserver=192.168.255.126, rootpath=
[    5.580572] clk: Disabling unused clocks
[    5.592452] KTAP version 1
[    5.595178] 1..0
[    5.619498] VFS: Mounted root (nfs filesystem) on device 0:16.
[    5.626546] devtmpfs: mounted
[    5.631264] Freeing unused kernel image (initmem) memory: 1024K
[    5.637800] Run /sbin/init as init process
[    6.314392] systemd[1]: System time before build time, advancing clock.
[    7.791051] random: crng init done
[    7.861809] systemd[1]: systemd 232 running in system mode. (+PAM +AUDIT +SELINUX +IMA +APPARMOR +SMACK +SYSVINIT +UTMP +LIBCRYPTSETUP +GCRYPT +GNUTLS +ACL +XZ +LZ4 +SECCOMP +BLKID +ELFUTILS +KMOD +IDN)
[    7.880884] systemd[1]: Detected architecture arm.

Welcome to [1mDebian GNU/Linux 9 (stretch)[0m!

[    7.923852] systemd[1]: Set hostname to <arm>.
[    8.986030] systemd[1]: Created slice System Slice.
[[0;32m  OK  [0m] Created slice System Slice.
[    9.021678] systemd[1]: Reached target Swap.
[[0;32m  OK  [0m] Reached target Swap.
[    9.051455] systemd[1]: dev-hugepages.mount: Couldn't determine result for ConditionVirtualization=!private-users, assuming failed: No such file or directory
[    9.066938] systemd[1]: Created slice system-getty.slice.
[[0;32m  OK  [0m] Created slice system-getty.slice.
[    9.131682] systemd[1]: Mounting Debug File System...
         Mounting Debug File System...
[    9.147530] systemd[1]: Listening on Journal Socket (/dev/log).
[[0;32m  OK  [0m] Listening on Journal Socket (/dev/log).
[    9.196081] systemd[1]: Created slice system-serial\x2dgetty.slice.
[[0;32m  OK  [0m] Created slice system-serial\x2dgetty.slice.
[[0;32m  OK  [0m] Reached target Remote File Systems.
[[0;32m  OK  [0m] Set up automount Arbitrary Executabâ€¦rmats File System Automount Point.
[[0;32m  OK  [0m] Listening on /dev/initctl Compatibility Named Pipe.
[[0;32m  OK  [0m] Started Forward Password Requests to Wall Directory Watch.
         Mounting POSIX Message Queue File System...
[[0;32m  OK  [0m] Started Dispatch Password Requests to Console Directory Watch.
[[0;32m  OK  [0m] Reached target Encrypted Volumes.
[[0;32m  OK  [0m] Reached target Paths.
[[0;32m  OK  [0m] Listening on Syslog Socket.
[[0;32m  OK  [0m] Listening on udev Kernel Socket.
[[0;32m  OK  [0m] Listening on udev Control Socket.
[[0;32m  OK  [0m] Listening on Journal Audit Socket.
[[0;32m  OK  [0m] Listening on Journal Socket.
         Starting Create list of required stâ€¦ce nodes for the current kernel...
         Starting Journal Service...
         Starting Load Kernel Modules...
         Starting Remount Root and Kernel File Systems...
[[0;32m  OK  [0m] Created slice User and Session Slice.
[[0;32m  OK  [0m] Reached target Slices.
[[0;32m  OK  [0m] Mounted POSIX Message Queue File System.
[[0;32m  OK  [0m] Mounted Debug File System.
[[0;32m  OK  [0m] Started Create list of required staâ€¦vice nodes for the current kernel.
         Starting Create Static Device Nodes in /dev...
[[0;32m  OK  [0m] Started Remount Root and Kernel File Systems.
         Starting Load/Save Random Seed...
         Starting udev Coldplug all Devices...
[[0;32m  OK  [0m] Started Load Kernel Modules.
         Mounting Configuration File System...
         Starting Apply Kernel Variables...
[[0;32m  OK  [0m] Started Load/Save Random Seed.
[[0;32m  OK  [0m] Mounted Configuration File System.
[[0;32m  OK  [0m] Started Create Static Device Nodes in /dev.
         Starting udev Kernel Device Manager...
[[0;32m  OK  [0m] Reached target Local File Systems (Pre).
[[0;32m  OK  [0m] Reached target Local File Systems.
[[0;32m  OK  [0m] Started Apply Kernel Variables.
         Starting Raise network interfaces...
[[0;32m  OK  [0m] Started Journal Service.
         Starting Flush Journal to Persistent Storage...
[[0;32m  OK  [0m] Started udev Kernel Device Manager.
[   11.859079] systemd-journald[96]: Received request to flush runtime journal from PID 1
[[0;32m  OK  [0m] Started Flush Journal to Persistent Storage.
         Starting Create Volatile Files and Directories...
[[0;32m  OK  [0m] Started Create Volatile Files and Directories.
         Starting Update UTMP about System Boot/Shutdown...
         Starting Network Time Synchronization...
[[0;32m  OK  [0m] Started Update UTMP about System Boot/Shutdown.
[[0;32m  OK  [0m] Started Network Time Synchronization.
[[0;32m  OK  [0m] Reached target System Time Synchronized.
[[0;32m  OK  [0m] Started udev Coldplug all Devices.
[[0;32m  OK  [0m] Reached target System Initialization.
[[0;32m  OK  [0m] Started Daily Cleanup of Temporary Directories.
[[0;32m  OK  [0m] Started Daily apt download activities.
[[0;32m  OK  [0m] Listening on Avahi mDNS/DNS-SD Stack Activation Socket.
[[0;32m  OK  [0m] Listening on D-Bus System Message Bus Socket.
[   14.773721] remoteproc remoteproc0: wkup_m3 is available
[[0;32m  OK  [0m] Reached target Sockets.
[[0;32m  OK  [0m] Reached target Basic System.
         Starting Generic Board Startup...
         Starting Login Service...
[   15.159763] wkup_m3_ipc 44e11324.wkup_m3_ipc: IPC Request for A8->M3 Channel failed! -517
[   15.193255] at24 2-0054: supply vcc not found, using dummy regulator
         Starting System Logging Service...
         Starting Avahi mDNS/DNS-SD Stack...
[   15.334254] at24 2-0055: supply vcc not found, using dummy regulator
         Starting LSB: Load kernel modules needed to enable cpufreq scaling...
[   15.504513] at24 2-0056: supply vcc not found, using dummy regulator
[   15.577261] tps6521x_pwrbutton tps65217-pwrbutton: DMA mask not set
         Starting Telephony service...
[   15.674393] omap_wdt: OMAP Watchdog Timer Rev 0x01: initial timeout 60 sec
[   15.683014] wkup_m3_ipc 44e11324.wkup_m3_ipc: IPC Request for A8->M3 Channel failed! -517
[   15.698183] at24 2-0057: supply vcc not found, using dummy regulator
[   15.726074] input: tps65217_pwrbutton as /devices/platform/ocp/44c00000.interconnect/44c00000.interconnect:segment@200000/44e0b000.target-module/44e0b000.i2c/i2c-0/0-0024/tps65217-pwrbutton/input/input0
[[0;32m  OK  [0m] Started Regular background program processing daemon.
[   15.826316] wkup_m3_ipc 44e11324.wkup_m3_ipc: IPC Request for A8->M3 Channel failed! -517
[   15.844966] at24 0-0050: 32768 byte 24c256 EEPROM, writable, 1 bytes/write
         Starting DUN service...
[   15.941926] omap_rtc 44e3e000.rtc: registered as rtc0
[   15.947118] omap_rtc 44e3e000.rtc: setting system clock to 2000-01-01T00:00:00 UTC (946684800)
[   15.981974] wkup_m3_ipc 44e11324.wkup_m3_ipc: IPC Request for A8->M3 Channel failed! -517
         Starting LSB: Start busybox udhcpd at boot time...
[   16.225872] wkup_m3_ipc 44e11324.wkup_m3_ipc: IPC Request for A8->M3 Channel failed! -517
[[0;32m  OK  [0m] Started D-Bus System Message Bus.
[   16.704454] am335x-phy-driver 47401300.usb-phy: supply vcc not found, using dummy regulator
[   16.713487] am335x-phy-driver 47401300.usb-phy: dummy supplies not allowed for exclusive requests
[   16.823275] usbcore: registered new interface driver usbfs
[   16.830080] usbcore: registered new interface driver hub
[   16.835699] usbcore: registered new device driver usb
[   16.958002] am335x-phy-driver 47401b00.usb-phy: supply vcc not found, using dummy regulator
[   16.967006] am335x-phy-driver 47401b00.usb-phy: dummy supplies not allowed for exclusive requests
[   16.976993] wkup_m3_ipc 44e11324.wkup_m3_ipc: IPC Request for A8->M3 Channel failed! -517
[   17.309417] wkup_m3_ipc 44e11324.wkup_m3_ipc: IPC Request for A8->M3 Channel failed! -517
[   17.646926] wkup_m3_ipc 44e11324.wkup_m3_ipc: IPC Request for A8->M3 Channel failed! -517
[   17.773127] musb-hdrc musb-hdrc.1: MUSB HDRC host driver
[   17.778532] musb-hdrc musb-hdrc.1: new USB bus registered, assigned bus number 1
[   17.805079] wkup_m3_ipc 44e11324.wkup_m3_ipc: IPC Request for A8->M3 Channel failed! -517
[   18.000517] usb usb1: New USB device found, idVendor=1d6b, idProduct=0002, bcdDevice= 6.01
[   18.009068] usb usb1: New USB device strings: Mfr=3, Product=2, SerialNumber=1
[   18.016384] usb usb1: Product: MUSB HDRC host driver
[   18.021404] usb usb1: Manufacturer: Linux 6.1.114 musb-hcd
[   18.026919] usb usb1: SerialNumber: musb-hdrc.1
[   18.210915] omap-mailbox 480c8000.mailbox: omap mailbox rev 0x400
[   18.230476] remoteproc remoteproc0: powering up wkup_m3
 [   18.509943] hub 1-0:1.0: USB hub found
[   18.590873] hub  1-0:1.0: 1 port detected
