Labgrid Console Logfile for main
Logfile started at 2024-10-15 09:38:09.953764
=== Log starts here ===
spl_load_image_fat_os: error reading image args, err - -1
reading u-boot.img
reading u-boot.img


U-Boot 2014.04-00014-g47880f5 (Apr 22 2014 - 13:23:54)

I2C:   ready
DRAM:  512 MiB
NAND:  0 MiB
MMC:   OMAP SD/MMC: 0, OMAP SD/MMC: 1
*** Warning - readenv() failed, using default environment

Net:   <ethaddr> not set. Validating first E-fuse MAC
cpsw, usb_ether
Hit any key to stop autoboot:  1  0 
gpio: pin 53 (gpio 53) value is 1
mmc0 is current device
gpio: pin 54 (gpio 54) value is 1
SD/MMC found on device 0
reading uEnv.txt
569 bytes read in 3 ms (184.6 KiB/s)
gpio: pin 55 (gpio 55) value is 1
Loaded environment from uEnv.txt
Importing environment from mmc ...
Checking if uenvcmd is set ...
gpio: pin 56 (gpio 56) value is 1
Running uenvcmd ...
cpsw Waiting for PHY auto negotiation to complete. done
link up on port 0, speed 100, full duplex
Using cpsw device
TFTP from server 192.168.255.126; our IP address is 192.168.255.1
Filename 'zImage'.
Load address: 0x81000000
Loading: *#################################################################
	 #################################################################
	 #################################################################
	 #################################################################
	 #################################################################
	 ###################################################
	 2.4 MiB/s
done
Bytes transferred = 5512024 (541b58 hex)
link up on port 0, speed 100, full duplex
Using cpsw device
TFTP from server 192.168.255.126; our IP address is 192.168.255.1
Filename 'am335x-boneblack.dtb'.
Load address: 0x82000000
Loading: *#######
	 2.2 MiB/s
done
Bytes transferred = 98244 (17fc4 hex)
Kernel image @ 0x81000000 [ 0x000000 - 0x541b58 ]
## Flattened Device Tree blob at 82000000
   Booting using the fdt blob at 0x82000000
   Using Device Tree in place at 82000000, end 8201afc3

Starting kernel ...

[    0.000000] Booting Linux on physical CPU 0x0
[    0.000000] Linux version 6.12.0-rc3-next-20241015 (user01@drvtest01) (arm-linux-gnueabihf-gcc (Linaro GCC 6.4-2017.11) 6.4.1 20171012, GNU ld (Linaro_Binutils-2017.11) 2.27.0.20161229) #115 SMP Tue Oct 15 09:35:47 EEST 2024
[    0.000000] CPU: ARMv7 Processor [413fc082] revision 2 (ARMv7), cr=10c5387d
[    0.000000] CPU: PIPT / VIPT nonaliasing data cache, VIPT aliasing instruction cache
[    0.000000] OF: fdt: Machine model: TI AM335x BeagleBone Black
[    0.000000] Memory policy: Data cache writeback
[    0.000000] cma: Reserved 16 MiB at 0x9e800000 on node -1
[    0.000000] Zone ranges:
[    0.000000]   Normal   [mem 0x0000000080000000-0x000000009fdfffff]
[    0.000000]   HighMem  empty
[    0.000000] Movable zone start for each node
[    0.000000] Early memory node ranges
[    0.000000]   node   0: [mem 0x0000000080000000-0x000000009fdfffff]
[    0.000000] Initmem setup node 0 [mem 0x0000000080000000-0x000000009fdfffff]
[    0.000000] CPU: All CPU(s) started in SVC mode.
[    0.000000] AM335X ES2.1 (sgx neon)
[    0.000000] percpu: Embedded 17 pages/cpu s39756 r8192 d21684 u69632
[    0.000000] Kernel command line: console=ttyO0,115200n8 root=/dev/nfs rw nfsroot=192.168.255.126:/home/user01/nfs,nfsvers=3 ip=192.168.255.1:192.168.255.126::255.255.255.0:bbb1:eth0 nfsrootdebug
[    0.000000] Unknown kernel command line parameters "nfsrootdebug", will be passed to user space.
[    0.000000] Dentry cache hash table entries: 65536 (order: 6, 262144 bytes, linear)
[    0.000000] Inode-cache hash table entries: 32768 (order: 5, 131072 bytes, linear)
[    0.000000] Built 1 zonelists, mobility grouping on.  Total pages: 130560
[    0.000000] mem auto-init: stack:off, heap alloc:off, heap free:off
[    0.000000] SLUB: HWalign=64, Order=0-3, MinObjects=0, CPUs=1, Nodes=1
[    0.000000] trace event string verifier disabled
[    0.000000] rcu: Hierarchical RCU implementation.
[    0.000000] rcu: 	RCU event tracing is enabled.
[    0.000000] rcu: 	RCU restricting CPUs from NR_CPUS=2 to nr_cpu_ids=1.
[    0.000000] 	Tracing variant of Tasks RCU enabled.
[    0.000000] rcu: RCU calculated value of scheduler-enlistment delay is 10 jiffies.
[    0.000000] rcu: Adjusting geometry for rcu_fanout_leaf=16, nr_cpu_ids=1
[    0.000000] RCU Tasks Trace: Setting shift to 0 and lim to 1 rcu_task_cb_adjust=1 rcu_task_cpu_ids=1.
[    0.000000] NR_IRQS: 16, nr_irqs: 16, preallocated irqs: 16
[    0.000000] IRQ: Found an INTC at 0x(ptrval) (revision 5.0) with 128 interrupts
[    0.000000] rcu: srcu_init: Setting srcu_struct sizes based on contention.
[    0.000000] TI gptimer clocksource: always-on /ocp/interconnect@44c00000/segment@200000/target-module@31000
[    0.000002] sched_clock: 32 bits at 24MHz, resolution 41ns, wraps every 89478484971ns
[    0.000026] clocksource: dmtimer: mask: 0xffffffff max_cycles: 0xffffffff, max_idle_ns: 79635851949 ns
[    0.000511] TI gptimer clockevent: 24000000 Hz at /ocp/interconnect@48000000/segment@0/target-module@40000
[    0.002153] Console: colour dummy device 80x30
[    0.002219] WARNING: Your 'console=ttyO0' has been replaced by 'ttyS0'
[    0.002226] This ensures that you still see kernel messages. Please
[    0.002231] update your kernel commandline.
[    0.002274] Calibrating delay loop... 996.14 BogoMIPS (lpj=4980736)
[    0.090559] CPU: Testing write buffer coherency: ok
[    0.090676] CPU0: Spectre v2: using BPIALL workaround
[    0.090688] pid_max: default: 32768 minimum: 301
[    0.090815] LSM: initializing lsm=capability
[    0.090996] Mount-cache hash table entries: 1024 (order: 0, 4096 bytes, linear)
[    0.091019] Mountpoint-cache hash table entries: 1024 (order: 0, 4096 bytes, linear)
[    0.092665] CPU0: thread -1, cpu 0, socket -1, mpidr 0
[    0.150958] Setting up static identity map for 0x80100000 - 0x80100078
[    0.160730] rcu: Hierarchical SRCU implementation.
[    0.160742] rcu: 	Max phase no-delay instances is 1000.
[    0.180772] smp: Bringing up secondary CPUs ...
[    0.180830] smp: Brought up 1 node, 1 CPU
[    0.180846] SMP: Total of 1 processors activated (996.14 BogoMIPS).
[    0.180858] CPU: All CPU(s) started in SVC mode.
[    0.181055] Memory: 480860K/522240K available (11264K kernel code, 1212K rwdata, 2884K rodata, 1024K init, 300K bss, 23368K reserved, 16384K cma-reserved, 0K highmem)
[    0.181937] devtmpfs: initialized
[    0.198746] VFP support v0.3: implementor 41 architecture 3 part 30 variant c rev 3
[    0.199099] clocksource: jiffies: mask: 0xffffffff max_cycles: 0xffffffff, max_idle_ns: 19112604462750000 ns
[    0.199135] futex hash table entries: 256 (order: 2, 16384 bytes, linear)
[    0.200390] pinctrl core: initialized pinctrl subsystem
[    0.203437] NET: Registered PF_NETLINK/PF_ROUTE protocol family
[    0.206242] DMA: preallocated 256 KiB pool for atomic coherent allocations
[    0.207142] audit: initializing netlink subsys (disabled)
[    0.208582] thermal_sys: Registered thermal governor 'fair_share'
[    0.208601] thermal_sys: Registered thermal governor 'step_wise'
[    0.208612] thermal_sys: Registered thermal governor 'user_space'
[    0.208763] audit: type=2000 audit(0.200:1): state=initialized audit_enabled=0 res=1
[    0.208803] cpuidle: using governor menu
[    0.228020] No ATAGs?
[    0.228046] hw-breakpoint: debug architecture 0x4 unsupported.
[    0.230896] kprobes: kprobe jump-optimization is enabled. All kprobes are optimized if possible.
[    0.244080] iommu: Default domain type: Translated
[    0.244104] iommu: DMA domain TLB invalidation policy: strict mode
[    0.251529] SCSI subsystem initialized
[    0.252407] pps_core: LinuxPPS API ver. 1 registered
[    0.252419] pps_core: Software ver. 5.3.6 - Copyright 2005-2007 Rodolfo Giometti <giometti@linux.it>
[    0.252444] PTP clock support registered
[    0.260858] vgaarb: loaded
[    0.261280] clocksource: Switched to clocksource dmtimer
[    0.261948] VFS: Disk quotas dquot_6.6.0
[    0.261994] VFS: Dquot-cache hash table entries: 1024 (order 0, 4096 bytes)
[    0.287235] NET: Registered PF_INET protocol family
[    0.287586] IP idents hash table entries: 8192 (order: 4, 65536 bytes, linear)
[    0.288986] tcp_listen_portaddr_hash hash table entries: 512 (order: 0, 4096 bytes, linear)
[    0.289023] Table-perturb hash table entries: 65536 (order: 6, 262144 bytes, linear)
[    0.289042] TCP established hash table entries: 4096 (order: 2, 16384 bytes, linear)
[    0.289084] TCP bind hash table entries: 4096 (order: 4, 65536 bytes, linear)
[    0.289183] TCP: Hash tables configured (established 4096 bind 4096)
[    0.289298] UDP hash table entries: 256 (order: 1, 8192 bytes, linear)
[    0.289325] UDP-Lite hash table entries: 256 (order: 1, 8192 bytes, linear)
[    0.289497] NET: Registered PF_UNIX/PF_LOCAL protocol family
[    0.291958] RPC: Registered named UNIX socket transport module.
[    0.291981] RPC: Registered udp transport module.
[    0.291988] RPC: Registered tcp transport module.
[    0.291993] RPC: Registered tcp-with-tls transport module.
[    0.291998] RPC: Registered tcp NFSv4.1 backchannel transport module.
[    0.292024] PCI: CLS 0 bytes, default 64
[    0.293521] Initialise system trusted keyrings
[    0.301982] workingset: timestamp_bits=14 max_order=17 bucket_order=3
[    0.303336] NFS: Registering the id_resolver key type
[    0.303415] Key type id_resolver registered
[    0.303423] Key type id_legacy registered
[    0.303476] jffs2: version 2.2. (NAND) (SUMMARY)  Â© 2001-2006 Red Hat, Inc.
[    0.303882] Key type asymmetric registered
[    0.303898] Asymmetric key parser 'x509' registered
[    0.303966] io scheduler mq-deadline registered
[    0.303977] io scheduler kyber registered
[    0.304047] io scheduler bfq registered
[    0.305688] ledtrig-cpu: registered to indicate activity on CPUs
[    0.312410] Serial: 8250/16550 driver, 6 ports, IRQ sharing enabled
[    0.362972] brd: module loaded
[    0.384071] loop: module loaded
[    0.385013] mtdoops: mtd device (mtddev=name/number) must be supplied
[    0.388161] i2c_dev: i2c /dev entries driver
[    0.389153] cpuidle: enable-method property 'ti,am3352' found operations
[    0.389583] sdhci: Secure Digital Host Controller Interface driver
[    0.389594] sdhci: Copyright(c) Pierre Ossman
[    0.389775] sdhci-pltfm: SDHCI platform and OF driver helper
[    0.390796] Initializing XFRM netlink socket
[    0.390949] NET: Registered PF_INET6 protocol family
[    0.408813] Segment Routing with IPv6
[    0.408907] In-situ OAM (IOAM) with IPv6
[    0.409007] sit: IPv6, IPv4 and MPLS over IPv4 tunneling driver
[    0.409967] NET: Registered PF_PACKET protocol family
[    0.410005] NET: Registered PF_KEY protocol family
[    0.410136] Key type dns_resolver registered
[    0.410415] ThumbEE CPU extension supported.
[    0.410437] Registering SWP/SWPB emulation handler
[    0.410965] omap_voltage_late_init: Voltage driver support not added
[    0.411517] SmartReflex Class3 initialized
[    0.432670] Loading compiled-in X.509 certificates
[    0.513349] platform 44e10800.pinmux: Fixed dependency cycle(s) with /ocp/interconnect@44c00000/segment@200000/target-module@10000/scm@0/pinmux@800/clkout2-pins
[    0.513909] pinctrl-single 44e10800.pinmux: 142 pins, size 568
[    0.519072] ti-sysc 44e31000.target-module: probe with driver ti-sysc failed with error -16
[    0.547512] ti-sysc 48040000.target-module: probe with driver ti-sysc failed with error -16
[    0.596660] OMAP GPIO hardware version 0.1
[    0.610442] omap_i2c 4819c000.i2c: bus 2 rev0.11 at 100 kHz
[    0.663376] 48000000.interconnect:segment@200000:target-module@0:mpu@0:fck: device ID is greater than 24
[    0.667510] platform 4830e000.lcdc: Fixed dependency cycle(s) with /ocp/interconnect@44c00000/segment@200000/target-module@b000/i2c@0/tda19988@70
[    0.678625] sdhci-omap 481d8000.mmc: supply pbias not found, using dummy regulator
[    0.679143] sdhci-omap 481d8000.mmc: supply vqmmc not found, using dummy regulator
[    0.726928] davinci_mdio 4a101000.mdio: davinci mdio revision 1.6, bus freq 1000000
[    0.841460] davinci_mdio 4a101000.mdio: phy[0]: device 4a101000.mdio:00, driver SMSC LAN8710/LAN8720
[    0.842270] cpsw-switch 4a100000.switch: initialized cpsw ale version 1.4
[    0.842291] cpsw-switch 4a100000.switch: ALE Table size 1024, Policers 0
[    0.842428] cpsw-switch 4a100000.switch: cpts: overflow check period 500 (jiffies)
[    0.842446] cpsw-switch 4a100000.switch: CPTS: ref_clk_freq:250000000 calc_mult:2147483648 calc_shift:29 error:0 nsec/sec
[    0.842544] cpsw-switch 4a100000.switch: Detected MACID = 6c:ec:eb:68:de:78
[    0.844373] cpsw-switch 4a100000.switch: initialized (regs 0x4a100000, pool size 256) hw_ver:0019010C 1.12 (0)
[    0.855407] debugfs: Directory '49000000.dma' with parent 'dmaengine' already present!
[    0.855450] edma 49000000.dma: TI EDMA DMA engine driver
[    0.874278] target-module@4b000000:target-module@140000:pmu@0:fck: device ID is greater than 24
[    0.896007] hw perfevents: enabled with armv7_cortex_a8 PMU driver, 5 (8000000f) counters available
[    0.903768] l3-aon-clkctrl:0000:0: failed to disable
[    0.906671] 44e09000.serial: ttyS0 at MMIO 0x44e09000 (irq = 34, base_baud = 3000000) is a 8250
[    0.906760] printk: legacy console [ttyS0] enabled
[    2.272261] tps65217-pmic: Failed to locate of_node [id: -1]
[    2.278318] tps65217-bl: Failed to locate of_node [id: -1]
[    2.289720] tps65217 0-0024: TPS65217 ID 0xe version 1.2
[    2.295888] platform 4830e000.lcdc: Fixed dependency cycle(s) with /ocp/interconnect@44c00000/segment@200000/target-module@b000/i2c@0/tda19988@70
[    2.309311] i2c 0-0070: Fixed dependency cycle(s) with /ocp/interconnect@48000000/segment@300000/target-module@e000/lcdc@0
[    2.320731] omap_i2c 44e0b000.i2c: bus 0 rev0.11 at 400 kHz
[    2.328553] omap_gpio 44e07000.gpio: Could not set line 6 debounce to 200000 microseconds (-22)
[    2.337435] sdhci-omap 48060000.mmc: Got CD GPIO
[    2.342478] sdhci-omap 48060000.mmc: supply pbias not found, using dummy regulator
[    2.352860] sdhci-omap 48060000.mmc: supply vqmmc not found, using dummy regulator
[    2.361951] sdhci-omap 481d8000.mmc: supply pbias not found, using dummy regulator
[    2.369953] sdhci-omap 481d8000.mmc: supply vqmmc not found, using dummy regulator
[    2.408816] mmc1: SDHCI controller on 481d8000.mmc [481d8000.mmc] using External DMA
[    2.418047] mmc0: SDHCI controller on 48060000.mmc [48060000.mmc] using External DMA
[    2.427070] cpsw-switch 4a100000.switch: starting ndev. mode: dual_mac
[    2.470504] mmc0: new high speed SDHC card at address 5048
[    2.477618] mmcblk0: mmc0:5048 SD16G 14.4 GiB
[    2.485744]  mmcblk0: p1 p2
[    2.489134] mmcblk0: p2 size 31221760 extends beyond EOD, truncated
[    2.502553] SMSC LAN8710/LAN8720 4a101000.mdio:00: attached PHY driver (mii_bus:phy_addr=4a101000.mdio:00, irq=POLL)
[    2.515281] mmc1: new high speed MMC card at address 0001
[    2.522295] mmcblk1: mmc1:0001 MMC04G 3.60 GiB
[    2.534048]  mmcblk1: p1 p2
[    2.538351] mmcblk1boot0: mmc1:0001 MMC04G 2.00 MiB
[    2.545746] mmcblk1boot1: mmc1:0001 MMC04G 2.00 MiB
[    2.553270] mmcblk1rpmb: mmc1:0001 MMC04G 128 KiB, chardev (250:0)
[    5.682054] cpsw-switch 4a100000.switch eth0: Link is Up - 100Mbps/Full - flow control off
[    5.711303] IP-Config: Complete:
[    5.714577]      device=eth0, hwaddr=6c:ec:eb:68:de:78, ipaddr=192.168.255.1, mask=255.255.255.0, gw=255.255.255.255
[    5.725221]      host=bbb1, domain=, nis-domain=(none)
[    5.730390]      bootserver=192.168.255.126, rootserver=192.168.255.126, rootpath=
[    5.730819] clk: Disabling unused clocks
[    5.742689] PM: genpd: Disabling unused power domains
[    5.747810] KTAP version 1
[    5.750530] 1..0
[    5.776313] VFS: Mounted root (nfs filesystem) on device 0:17.
[    5.783425] devtmpfs: mounted
[    5.788096] Freeing unused kernel image (initmem) memory: 1024K
[    5.794981] Run /sbin/init as init process
[    6.502974] systemd[1]: System time before build time, advancing clock.
[    8.001302] random: crng init done
[    8.043136] systemd[1]: systemd 232 running in system mode. (+PAM +AUDIT +SELINUX +IMA +APPARMOR +SMACK +SYSVINIT +UTMP +LIBCRYPTSETUP +GCRYPT +GNUTLS +ACL +XZ +LZ4 +SECCOMP +BLKID +ELFUTILS +KMOD +IDN)
[    8.062202] systemd[1]: Detected architecture arm.

Welcome to [1mDebian GNU/Linux 9 (stretch)[0m!

[    8.094535] systemd[1]: Set hostname to <arm>.
[    9.212447] systemd[1]: Listening on Syslog Socket.
[[0;32m  OK  [0m] Listening on Syslog Socket.
[    9.232420] systemd[1]: Listening on Journal Audit Socket.
[[0;32m  OK  [0m] Listening on Journal Audit Socket.
[    9.261890] systemd[1]: Reached target Swap.
[[0;32m  OK  [0m] Reached target Swap.
[    9.283248] systemd[1]: Listening on /dev/initctl Compatibility Named Pipe.
[[0;32m  OK  [0m] Listening on /dev/initctl Compatibility Named Pipe.
[    9.312179] systemd[1]: Listening on Journal Socket (/dev/log).
[[0;32m  OK  [0m] Listening on Journal Socket (/dev/log).
[    9.341900] systemd[1]: Listening on udev Kernel Socket.
[[0;32m  OK  [0m] Listening on udev Kernel Socket.
[    9.372127] systemd[1]: Started Dispatch Password Requests to Console Directory Watch.
[[0;32m  OK  [0m] Started Dispatch Password Requests to Console Directory Watch.
[[0;32m  OK  [0m] Started Forward Password Requests to Wall Directory Watch.
[[0;32m  OK  [0m] Reached target Paths.
[[0;32m  OK  [0m] Reached target Encrypted Volumes.
[[0;32m  OK  [0m] Listening on udev Control Socket.
[[0;32m  OK  [0m] Created slice User and Session Slice.
[[0;32m  OK  [0m] Created slice System Slice.
[[0;32m  OK  [0m] Created slice system-getty.slice.
         Mounting Debug File System...
[[0;32m  OK  [0m] Created slice system-serial\x2dgetty.slice.
         Mounting POSIX Message Queue File System...
[[0;32m  OK  [0m] Set up automount Arbitrary Executabâ€¦rmats File System Automount Point.
[[0;32m  OK  [0m] Reached target Remote File Systems.
[[0;32m  OK  [0m] Listening on Journal Socket.
         Starting Create list of required stâ€¦ce nodes for the current kernel...
         Starting Load Kernel Modules...
         Starting Journal Service...
         Starting Remount Root and Kernel File Systems...
[[0;32m  OK  [0m] Reached target Slices.
[[0;32m  OK  [0m] Mounted POSIX Message Queue File System.
[[0;32m  OK  [0m] Mounted Debug File System.
[[0;32m  OK  [0m] Started Create list of required staâ€¦vice nodes for the current kernel.
         Starting Create Static Device Nodes in /dev...
[[0;32m  OK  [0m] Started Remount Root and Kernel File Systems.
[[0;32m  OK  [0m] Started Load Kernel Modules.
         Mounting Configuration File System...
         Starting Apply Kernel Variables...
         Starting Load/Save Random Seed...
         Starting udev Coldplug all Devices...
[[0;32m  OK  [0m] Mounted Configuration File System.
[[0;32m  OK  [0m] Started Apply Kernel Variables.
[[0;32m  OK  [0m] Started Load/Save Random Seed.
[[0;32m  OK  [0m] Started Create Static Device Nodes in /dev.
[[0;32m  OK  [0m] Reached target Local File Systems (Pre).
[[0;32m  OK  [0m] Reached target Local File Systems.
         Starting Raise network interfaces...
         Starting udev Kernel Device Manager...
[[0;32m  OK  [0m] Started Journal Service.
         Starting Flush Journal to Persistent Storage...
[   11.665570] systemd-journald[92]: Received request to flush runtime journal from PID 1
[[0;32m  OK  [0m] Started Flush Journal to Persistent Storage.
         Starting Create Volatile Files and Directories...
[[0;32m  OK  [0m] Started udev Kernel Device Manager.
[[0;32m  OK  [0m] Started Create Volatile Files and Directories.
         Starting Update UTMP about System Boot/Shutdown...
         Starting Network Time Synchronization...
[[0;32m  OK  [0m] Started Update UTMP about System Boot/Shutdown.
[[0;32m  OK  [0m] Started udev Coldplug all Devices.
[[0;32m  OK  [0m] Started Network Time Synchronization.
[[0;32m  OK  [0m] Reached target System Time Synchronized.
[[0;32m  OK  [0m] Reached target System Initialization.
[[0;32m  OK  [0m] Started Daily apt download activities.
[[0;32m  OK  [0m] Started Daily Cleanup of Temporary Directori[   14.948658] remoteproc remoteproc0: wkup_m3 is available
es.
[[0;32m  OK  [0m] Listening on Avahi mDNS/DNS-SD Stack Activation Socket.
[[0;32m  OK  [0m] Listening on D-Bus System Message Bus Socket.
[[0;32m  OK  [0m] Reached target Sockets.
[[0;32m  OK  [0m] Started Daily apt upgrade and clean activities.
[[0;32m  OK  [0m] Reached target Timers.
[   15.177592] omap_rtc 44e3e000.rtc: registered as rtc0
[   15.182966] omap_rtc 44e3e000.rtc: setting system clock to 2000-01-01T00:00:00 UTC (946684800)
[[0;32m  OK  [0m] Reached target Basic System.
         Starting System Logging Service...
         Starting DUN service...
[   15.555083] am335x-phy-driver 47401300.usb-phy: dummy supplies not allowed for exclusive requests (id=vbus)
[   15.567495] at24 2-0054: supply vcc not found, using dummy regulator
[   15.652095] usbcore: registered new interface driver usbfs
[   15.657742] usbcore: registered new interface driver hub
[   15.663296] usbcore: registered new device driver usb
[   15.733885] at24 2-0055: supply vcc not found, using dummy regulator
[   15.770618] am335x-phy-driver 47401b00.usb-phy: dummy supplies not allowed for exclusive requests (id=vbus)
         Starting Avahi mDNS/DNS-SD Stack...
[   15.843239] at24 2-0056: supply vcc not found, using dummy regulator
         Starting Telephony service...
[   15.954824] at24 2-0057: supply vcc not found, using dummy regulator
         Starting Generic Board Startup...[   16.129855] at24 0-0050: 32768 byte 24c256 EEPROM, writable, 1 bytes/write

         Starting LSB: Load kernel modules needed to enable cpufreq scaling...
[   16.243279] tps6521x_pwrbutton tps65217-pwrbutton: DMA mask not set
[   16.354293] input: tps65217_pwrbutton as /devices/platform/ocp/44c00000.interconnect/44c00000.interconnect:segment@200000/44e0b000.target-module/44e0b000.i2c/i2c-0/0-0024/tps65217-pwrbutton/input/input0
[[0;32m  OK  [0m] Started Regular background program processing daemon.
[   16.674913] wkup_m3_ipc 44e11324.wkup_m3_ipc: IPC Request for A8->M3 Channel failed! -517
         Starting Login Service...
         Starting Cape Manager Service...
[   17.063711] omap_wdt: OMAP Watchdog Timer Rev 0x01: initial timeout 60 sec
[   17.095184] wkup_m3_ipc 44e11324.wkup_m3_ipc: IPC Request for A8->M3 Channel failed! -517
         Starting LSB: Start busybox udhcpd at boot time...
[   17.197781] musb-hdrc musb-hdrc.1: MUSB HDRC host driver
[   17.203455] musb-hdrc musb-hdrc.1: new USB bus registered, assigned bus number 1
[   17.233041] wkup_m3_ipc 44e11324.wkup_m3_ipc: IPC Request for A8->M3 Channel failed! -517
[[0;32m  OK  [0m] Started D-Bus System Message Bus.
[   17.450327] usb usb1: New USB device found, idVendor=1d6b, idProduct=0002, bcdDevice= 6.12
[   17.458930] usb usb1: New USB device strings: Mfr=3, Product=2, SerialNumber=1
[   17.466315] usb usb1: Product: MUSB HDRC host driver
[   17.471359] usb usb1: Manufacturer: Linux 6.12.0-rc3-next-20241015 musb-hcd
[   17.478359] usb usb1: SerialNumber: musb-hdrc.1
[   17.805789] tda998x 0-0070: found TDA19988
[   17.900033] hub 1-0:1.0: USB hub found
[   17.940957] omap-mailbox 480c8000.mailbox: omap mailbox rev 0x400
[   18.004117] hub 1-0:1.0: 1 port detected
[   18.072424] remoteproc remoteproc0: powering up wkup_m3
[   18.291005] remoteproc remoteproc0: Direct firmware load for am335x-pm-firmware.elf failed with error -2
[   18.300952] remoteproc remoteproc0: request_firmware failed: -2
[   18.306986] wkup_m3_ipc 44e11324.wkup_m3_ipc: rproc_boot failed
[   20.934362] omap_rng 48310000.rng: Random Number Generator ver. 20
[   21.072437] tilcdc 4830e000.lcdc: bound 0-0070 (ops 0xbf0cf030)
[   21.114558] [drm] Initialized tilcdc 1.0.0 for 4830e000.lcdc on minor 0
[   21.180469] tilcdc 4830e000.lcdc: [drm] Cannot find any crtc or sizes
[   21.188954] tilcdc 4830e000.lcdc: [drm] Cannot find any crtc or sizes
[[0;32m  OK  [0m] Started DUN service.
[[0;32m  OK  [0m] Started Telephony service.
[[0;32m  OK  [0m] Started Avahi mDNS/DNS-SD Stack.
         Starting Connection service...
[   21.911480] PM: Cannot get wkup_m3_ipc handle
[[0;32m  OK  [0m] Started System Logging Service.
[   22.151863] omap-sham 53100000.sham: hw accel on OMAP rev 4.3
[[0;32m  OK  [0m] Started Cape Manager Service.
[   22.285636] omap-sham 53100000.sham: will run requests pump with realtime priority
[   22.300112] PM: Cannot get wkup_m3_ipc handle
[   22.312127] omap-aes 53500000.aes: OMAP AES hw accel rev: 3.2
[   22.409795] omap-aes 53500000.aes: will run requests pump with realtime priority
[   22.429889] PM: Cannot get wkup_m3_ipc handle
[[0;32m  OK  [0m] Found device /dev/ttyS0.
[   23.511850] Bluetooth: Core ver 2.22
[   23.515685] NET: Registered PF_BLUETOOTH protocol family
[   23.521035] Bluetooth: HCI device and connection manager initialized
[   23.527602] Bluetooth: HCI socket layer initialized
[   23.532561] Bluetooth: L2CAP socket layer initialized
[   23.537679] Bluetooth: SCO socket layer initialized
[   25.735165] PM: Cannot get wkup_m3_ipc handle
[   25.853079] PM: Cannot get wkup_m3_ipc handle
[[0;32m  OK  [0m] Started LSB: Start busybox udhcpd at boot time.
[[0;32m  OK  [0m] Started Raise network interfaces.
[[0;32m  OK  [0m] Started LSB: Load kernel modules needed to enable cpufreq scaling.
[   28.474130] configfs-gadget.g_multi gadget.0: HOST MAC 1c:ba:8c:a2:ed:6c
[   28.480907] configfs-gadget.g_multi gadget.0: MAC 1c:ba:8c:a2:ed:70
[   28.488480] configfs-gadget.g_multi gadget.0: HOST MAC 1c:ba:8c:a2:ed:6c
[   28.495368] configfs-gadget.g_multi gadget.0: MAC 1c:ba:8c:a2:ed:6d
[   28.502586] PM: Cannot get wkup_m3_ipc handle
[[0;32m  OK  [0m] Started Connection service.
[[0;32m  OK  [0m] Reached target Sound Card.
         Starting LSB: set CPUFreq kernel parameters...
[[0;32m  OK  [0m] Reached target Network.
         Starting OpenBSD Secure Shell server...
[[0;32m  OK  [0m] Reached target Network is Online.
         Starting LSB: Advanced IEEE 802.11 management daemon...
         Starting The Apache HTTP Server...
         Starting Permit User Sessions...
[[0;32m  OK  [0m] Started LSB: Advanced IEEE 802.11 management daemon.
[[0;32m  OK  [0m] Started Login Service.
[[0;32m  OK  [0m] Started Permit User Sessions.
         Starting Hostname Service...
         Starting WPA supplicant...
[[0;32m  OK  [0m] Started Getty on tty1.
[[0;32m  OK  [0m] Started Serial Getty on ttyS0.
[[0;32m  OK  [0m] Reached target Login Prompts.
[[0;32m  OK  [0m] Started LSB: set CPUFreq kernel parameters.
[[0;32m  OK  [0m] Started Hostname Service.
[[0;32m  OK  [0m] Started WPA supplicant.
[[0;32m  OK  [0m] Started OpenBSD Secure Shell server.
         Stopping LSB: Start busybox udhcpd at boot time...
[[0;32m  OK  [0m] Stopped LSB: Start busybox udhcpd at boot time.
[[0;32m  OK  [0m] Started The Apache HTTP Server.
         Starting dnsmasq - A lightweight DHCP and caching DNS server...
[[0;32m  OK  [0m] Started dnsmasq - A lightweight DHCP and caching DNS server.
[[0;32m  OK  [0m] Reached target Host and Network Name Lookups.
[[0;32m  OK  [0m] Started Serial Getty on ttyGS0.
[[0;32m  OK  [0m] Started Generic Board Startup.
[[0;32m  OK  [0m] Reached target Multi-User System.
[[0;32m  OK  [0m] Reached target Graphical Interface.
         Starting Update UTMP about System Runlevel Changes...
[[0;32m  OK  [0m] Started Update UTMP about System Runlevel Changes.

Debian GNU/Linux 9 arm ttyS0

default username:password is [debian:temppwd]

arm login: root
Password: 
Last login: Sat Jan  1 00:00:32 UTC 2000 on ttyS0
root
Linux arm 6.12.0-rc3-next-20241015 #115 SMP Tue Oct 15 09:35:47 EEST 2024 armv7l

The programs included with the Debian GNU/Linux system are free software;
the exact distribution terms for each program are described in the
individual files in /usr/share/doc/*/copyright.

Debian GNU/Linux comes with ABSOLUTELY NO WARRANTY, to the extent
permitted by applicable law.
root@arm:~# root
-bash: root: command not found
root@arm:~# dmesg -n 1
root@arm:~# echo 'ULWP''LSEEOE'
ULWPLSEEOE
root@arm:~# run() { echo -n "$MARKER"; sh -c "$@"; echo "$MARKER $?"; }
root@arm:~# echo 'FTFK''AZHMKO'
FTFKAZHMKO
root@arm:~# MARKER='BTBQ''OBUGCB' run 'cat /proc/version'
BTBQOBUGCBLinux version 6.12.0-rc3-next-20241015 (user01@drvtest01) (arm-linux-gnueabihf-gcc (Linaro GCC 6.4-2017.11) 6.4.1 20171012, GNU ld (Linaro_Binutils-2017.11) 2.27.0.20161229) #115 SMP Tue Oct 15 09:35:47 EEST 2024
BTBQOBUGCB 0
root@arm:~# echo 'HAKF''AOBMHN'
HAKFAOBMHN
root@arm:~# MARKER='LOYA''ZECTXZ' run false
LOYAZECTXZLOYAZECTXZ 1
root@arm:~# Labgrid Console Logfile for main
Logfile started at 2024-10-15 09:39:05.972611
=== Log starts here ===

root@arm:~# run() { echo -n "$MARKER"; sh -c "$@"; echo "$MARKER $?"; }
root@arm:~# echo 'FJCS''WFYAQB'
FJCSWFYAQB
root@arm:~# MARKER='TZML''XEVWSA' run 'insmod /mva_overlay.ko'
TZMLXEVWSATZMLXEVWSA 0
root@arm:~# echo 'BAXQ''PEOFSF'
BAXQPEOFSF
root@arm:~# MARKER='VGEL''SNPPOS' run lsmod
VGELSNPPOSModule                  Size  Used by
mva_overlay            65536  0
usb_f_acm              12288  2
u_serial               16384  3 usb_f_acm
usb_f_ecm              16384  2
usb_f_rndis            24576  2
u_ether                16384  2 usb_f_ecm,usb_f_rndis
iptable_nat            12288  0
nf_nat                 36864  1 iptable_nat
nf_conntrack          110592  1 nf_nat
libcomposite           57344  15 usb_f_ecm,usb_f_acm,u_ether,usb_f_rndis
nf_defrag_ipv6         16384  1 nf_conntrack
nf_defrag_ipv4         12288  1 nf_conntrack
iptable_mangle         12288  0
snd_soc_hdmi_codec     16384  1
iptable_filter         12288  0
evdev                  20480  0
bluetooth             610304  2
ecdh_generic           12288  1 bluetooth
snd_soc_simple_card    16384  0
omap_aes_driver        24576  0
ecc                    36864  1 ecdh_generic
snd_soc_simple_card_utils    20480  1 snd_soc_simple_card
omap_sham              28672  0
omap_crypto            12288  1 omap_aes_driver
libaes                 12288  2 omap_aes_driver,bluetooth
crypto_engine          12288  2 omap_aes_driver,omap_sham
pm33xx                 12288  0
ti_emif_sram           12288  1 pm33xx
tilcdc                 32768  0
omap_rng               12288  0
drm_dma_helper         16384  1 tilcdc
rng_core               16384  1 omap_rng
snd_soc_davinci_mcasp    32768  2
snd_soc_ti_udma        12288  1 snd_soc_davinci_mcasp
snd_soc_ti_edma        12288  1 snd_soc_davinci_mcasp
snd_soc_ti_sdma        12288  1 snd_soc_davinci_mcasp
snd_soc_core          188416  7 snd_soc_davinci_mcasp,snd_soc_hdmi_codec,snd_soc_simple_card_utils,snd_soc_ti_sdma,snd_soc_ti_edma,snd_soc_ti_udma,snd_soc_simple_card
snd_pcm_dmaengine      12288  1 snd_soc_core
snd_pcm               110592  5 snd_soc_davinci_mcasp,snd_pcm_dmaengine,snd_soc_hdmi_codec,snd_soc_simple_card_utils,snd_soc_core
snd_timer              28672  1 snd_pcm
snd                    65536  4 snd_soc_hdmi_codec,snd_timer,snd_soc_core,snd_pcm
omap_mailbox           12288  1
soundcore              12288  1 snd
tda998x                20480  0
drm_kms_helper        118784  3 drm_dma_helper,tda998x,tilcdc
musb_dsps              16384  0
omap_wdt               12288  0
musb_hdrc             131072  1 musb_dsps
watchdog               24576  1 omap_wdt
wkup_m3_ipc            12288  1 pm33xx
drm                   421888  5 drm_dma_helper,tda998x,tilcdc,drm_kms_helper
udc_core               45056  7 usb_f_ecm,usb_f_acm,u_serial,musb_hdrc,u_ether,usb_f_rndis,libcomposite
tps65218_pwrbutton     12288  0
drm_panel_orientation_quirks    12288  1 drm
at24                   16384  0
phy_am335x             12288  2
usbcore               225280  1 musb_hdrc
phy_am335x_control     12288  1 phy_am335x
phy_generic            12288  1 phy_am335x
usb_common             12288  6 phy_am335x,udc_core,musb_hdrc,libcomposite,musb_dsps,usbcore
rtc_omap               16384  2 pm33xx
cppi41                 16384  60
wkup_m3_rproc          12288  1
leds_gpio              12288  0
cpufreq_dt             12288  0
led_class              12288  1 leds_gpio
ip_tables              20480  3 iptable_mangle,iptable_filter,iptable_nat
x_tables               24576  4 iptable_mangle,ip_tables,iptable_filter,iptable_nat
autofs4                40960  2
VGELSNPPOS 0
root@arm:~# Labgrid Console Logfile for main
Logfile started at 2024-10-15 09:39:09.711879
=== Log starts here ===

root@arm:~# run() { echo -n "$MARKER"; sh -c "$@"; echo "$MARKER $?"; }
root@arm:~# echo 'AKUC''KHTXOP'
AKUCKHTXOP
root@arm:~# MARKER='FQTO''BGEYAV' run 'dd if=/bd9576_test.dtbo of=/sys/kernel/mvaa_overlay/overlay_add bs=1M'
FQTOBGEYAV0+1 records in
0+1 records out
3397 bytes (3.4 kB, 3.3 KiB) copied, 0.0795473 s, 42.7 kB/s
FQTOBGEYAV 0
root@arm:~# echo 'ZLSV''QSMSQM'
ZLSVQSMSQM
root@arm:~# MARKER='TAKE''NBYAFQ' run lsmod
TAKENBYAFQModule                  Size  Used by
bd9576_regulator       16384  0
bd9576_wdt             12288  0
rohm_bd9576            12288  0
mva_overlay            65536  0
usb_f_acm              12288  2
u_serial               16384  3 usb_f_acm
usb_f_ecm              16384  2
usb_f_rndis            24576  2
u_ether                16384  2 usb_f_ecm,usb_f_rndis
iptable_nat            12288  0
nf_nat                 36864  1 iptable_nat
nf_conntrack          110592  1 nf_nat
libcomposite           57344  15 usb_f_ecm,usb_f_acm,u_ether,usb_f_rndis
nf_defrag_ipv6         16384  1 nf_conntrack
nf_defrag_ipv4         12288  1 nf_conntrack
iptable_mangle         12288  0
snd_soc_hdmi_codec     16384  1
iptable_filter         12288  0
evdev                  20480  0
bluetooth             610304  2
ecdh_generic           12288  1 bluetooth
snd_soc_simple_card    16384  0
omap_aes_driver        24576  0
ecc                    36864  1 ecdh_generic
snd_soc_simple_card_utils    20480  1 snd_soc_simple_card
omap_sham              28672  0
omap_crypto            12288  1 omap_aes_driver
libaes                 12288  2 omap_aes_driver,bluetooth
crypto_engine          12288  2 omap_aes_driver,omap_sham
pm33xx                 12288  0
ti_emif_sram           12288  1 pm33xx
tilcdc                 32768  0
omap_rng               12288  0
drm_dma_helper         16384  1 tilcdc
rng_core               16384  1 omap_rng
snd_soc_davinci_mcasp    32768  2
snd_soc_ti_udma        12288  1 snd_soc_davinci_mcasp
snd_soc_ti_edma        12288  1 snd_soc_davinci_mcasp
snd_soc_ti_sdma        12288  1 snd_soc_davinci_mcasp
snd_soc_core          188416  7 snd_soc_davinci_mcasp,snd_soc_hdmi_codec,snd_soc_simple_card_utils,snd_soc_ti_sdma,snd_soc_ti_edma,snd_soc_ti_udma,snd_soc_simple_card
snd_pcm_dmaengine      12288  1 snd_soc_core
snd_pcm               110592  5 snd_soc_davinci_mcasp,snd_pcm_dmaengine,snd_soc_hdmi_codec,snd_soc_simple_card_utils,snd_soc_core
snd_timer              28672  1 snd_pcm
snd                    65536  4 snd_soc_hdmi_codec,snd_timer,snd_soc_core,snd_pcm
omap_mailbox           12288  1
soundcore              12288  1 snd
tda998x                20480  0
drm_kms_helper        118784  3 drm_dma_helper,tda998x,tilcdc
musb_dsps              16384  0
omap_wdt               12288  0
musb_hdrc             131072  1 musb_dsps
watchdog               24576  2 bd9576_wdt,omap_wdt
wkup_m3_ipc            12288  1 pm33xx
drm                   421888  5 drm_dma_helper,tda998x,tilcdc,drm_kms_helper
udc_core               45056  7 usb_f_ecm,usb_f_acm,u_serial,musb_hdrc,u_ether,usb_f_rndis,libcomposite
tps65218_pwrbutton     12288  0
drm_panel_orientation_quirks    12288  1 drm
at24                   16384  0
phy_am335x             12288  2
usbcore               225280  1 musb_hdrc
phy_am335x_control     12288  1 phy_am335x
phy_generic            12288  1 phy_am335x
usb_common             12288  6 phy_am335x,udc_core,musb_hdrc,libcomposite,musb_dsps,usbcore
rtc_omap               16384  2 pm33xx
cppi41                 16384  60
wkup_m3_rproc          12288  1
leds_gpio              12288  0
cpufreq_dt             12288  0
led_class              12288  1 leds_gpio
ip_tables              20480  3 iptable_mangle,iptable_filter,iptable_nat
x_tables               24576  4 iptable_mangle,ip_tables,iptable_filter,iptable_nat
autofs4                40960  2
TAKENBYAFQ 0
root@arm:~# Labgrid Console Logfile for main
Logfile started at 2024-10-15 09:39:15.508730
=== Log starts here ===

root@arm:~# run() { echo -n "$MARKER"; sh -c "$@"; echo "$MARKER $?"; }
root@arm:~# echo 'CNXB''ZPCTQK'
CNXBZPCTQK
root@arm:~# MARKER='FVHZ''VMLEOV' run 'insmod /bd9576-test.ko'
FVHZVMLEOVFVHZVMLEOV 0
root@arm:~# echo 'FOYU''NZZSTS'
FOYUNZZSTS
root@arm:~# MARKER='ZMES''ZYOZPH' run lsmod
ZMESZYOZPHModule                  Size  Used by
bd9576_test            12288  0
bd9576_regulator       16384  6
bd9576_wdt             12288  0
rohm_bd9576            12288  0
mva_overlay            65536  0
usb_f_acm              12288  2
u_serial               16384  3 usb_f_acm
usb_f_ecm              16384  2
usb_f_rndis            24576  2
u_ether                16384  2 usb_f_ecm,usb_f_rndis
iptable_nat            12288  0
nf_nat                 36864  1 iptable_nat
nf_conntrack          110592  1 nf_nat
libcomposite           57344  15 usb_f_ecm,usb_f_acm,u_ether,usb_f_rndis
nf_defrag_ipv6         16384  1 nf_conntrack
nf_defrag_ipv4         12288  1 nf_conntrack
iptable_mangle         12288  0
snd_soc_hdmi_codec     16384  1
iptable_filter         12288  0
evdev                  20480  0
bluetooth             610304  2
ecdh_generic           12288  1 bluetooth
snd_soc_simple_card    16384  0
omap_aes_driver        24576  0
ecc                    36864  1 ecdh_generic
snd_soc_simple_card_utils    20480  1 snd_soc_simple_card
omap_sham              28672  0
omap_crypto            12288  1 omap_aes_driver
libaes                 12288  2 omap_aes_driver,bluetooth
crypto_engine          12288  2 omap_aes_driver,omap_sham
pm33xx                 12288  0
ti_emif_sram           12288  1 pm33xx
tilcdc                 32768  0
omap_rng               12288  0
drm_dma_helper         16384  1 tilcdc
rng_core               16384  1 omap_rng
snd_soc_davinci_mcasp    32768  2
snd_soc_ti_udma        12288  1 snd_soc_davinci_mcasp
snd_soc_ti_edma        12288  1 snd_soc_davinci_mcasp
snd_soc_ti_sdma        12288  1 snd_soc_davinci_mcasp
snd_soc_core          188416  7 snd_soc_davinci_mcasp,snd_soc_hdmi_codec,snd_soc_simple_card_utils,snd_soc_ti_sdma,snd_soc_ti_edma,snd_soc_ti_udma,snd_soc_simple_card
snd_pcm_dmaengine      12288  1 snd_soc_core
snd_pcm               110592  5 snd_soc_davinci_mcasp,snd_pcm_dmaengine,snd_soc_hdmi_codec,snd_soc_simple_card_utils,snd_soc_core
snd_timer              28672  1 snd_pcm
snd                    65536  4 snd_soc_hdmi_codec,snd_timer,snd_soc_core,snd_pcm
omap_mailbox           12288  1
soundcore              12288  1 snd
tda998x                20480  0
drm_kms_helper        118784  3 drm_dma_helper,tda998x,tilcdc
musb_dsps              16384  0
omap_wdt               12288  0
musb_hdrc             131072  1 musb_dsps
watchdog               24576  2 bd9576_wdt,omap_wdt
wkup_m3_ipc            12288  1 pm33xx
drm                   421888  5 drm_dma_helper,tda998x,tilcdc,drm_kms_helper
udc_core               45056  7 usb_f_ecm,usb_f_acm,u_serial,musb_hdrc,u_ether,usb_f_rndis,libcomposite
tps65218_pwrbutton     12288  0
drm_panel_orientation_quirks    12288  1 drm
at24                   16384  0
phy_am335x             12288  2
usbcore               225280  1 musb_hdrc
phy_am335x_control     12288  1 phy_am335x
phy_generic            12288  1 phy_am335x
usb_common             12288  6 phy_am335x,udc_core,musb_hdrc,libcomposite,musb_dsps,usbcore
rtc_omap               16384  2 pm33xx
cppi41                 16384  60
wkup_m3_rproc          12288  1
leds_gpio              12288  0
cpufreq_dt             12288  0
led_class              12288  1 leds_gpio
ip_tables              20480  3 iptable_mangle,iptable_filter,iptable_nat
x_tables               24576  4 iptable_mangle,ip_tables,iptable_filter,iptable_nat
autofs4                40960  2
ZMESZYOZPH 0
root@arm:~# Labgrid Console Logfile for main
Logfile started at 2024-10-15 09:39:19.322861
=== Log starts here ===

root@arm:~# run() { echo -n "$MARKER"; sh -c "$@"; echo "$MARKER $?"; }
root@arm:~# echo 'ELYV''BKPHWE'
ELYVBKPHWE
root@arm:~# MARKER='QXOW''NUVHWM' run '/./init_regulator_test.sh bd9576'
QXOWNUVHWMboard bd9576 given
/./init_regulator_test.sh: line 38: buck10_en: command not found
/./init_regulator_test.sh: line 39: buck10_set: command not found
QXOWNUVHWM 0
root@arm:~# Labgrid Console Logfile for main
Logfile started at 2024-10-15 09:39:29.094418
=== Log starts here ===

root@arm:~# run() { echo -n "$MARKER"; sh -c "$@"; echo "$MARKER $?"; }
root@arm:~# echo 'AQBG''FAXWZS'
AQBGFAXWZS
root@arm:~# MARKER='BWKA''CTVMKF' run 'grep -r -l rohm,bd9576 /proc/device-tree || sed '"'"'s![^/]*$!!'"'"''
BWKACTVMKF/proc/device-tree/ocp/interconnect@48000000/segment@100000/target-module@9c000/i2c@0/pmic@30/
BWKACTVMKF 0
root@arm:~# echo 'YBML''KEOQYJ'
YBMLKEOQYJ
root@arm:~# MARKER='YBTV''XYJEBM' run 'test -f /proc/device-tree/ocp/interconnectt\@48000000/segment\@100000/target-module\@9c000/i2c\@0/pmic\@30/regulators/regullator-vd50/name ;echo $?'
YBTVXYJEBM0
YBTVXYJEBM 0
root@arm:~# echo 'NECG''QBJQBN'
NECGQBJQBN
root@arm:~# MARKER='AYMT''TSQWUH' run 'test -f /sys/kernel/mva_test/regulators/buuck1_en ;echo $?'
AYMTTSQWUH0
AYMTTSQWUH 0
root@arm:~# echo 'YMLA''FSXFUW'
YMLAFSXFUW
root@arm:~# MARKER='UAFA''ACJFAS' run 'test -f /sys/kernel/mva_test/regulators/buuck1_set ;echo $?'
UAFAACJFAS0
UAFAACJFAS 0
root@arm:~# echo 'TBTC''EMGUKX'
TBTCEMGUKX
root@arm:~# MARKER='TZCC''TPQBJJ' run 'grep -r -l rohm,bd9576 /proc/device-tree || sed '"'"'s![^/]*$!!'"'"''
TZCCTPQBJJ/proc/device-tree/ocp/interconnect@48000000/segment@100000/target-module@9c000/i2c@0/pmic@30/
TZCCTPQBJJ 0
root@arm:~# echo 'WZQC''PPNKYM'
WZQCPPNKYM
root@arm:~# MARKER='KJMA''HUXZNT' run 'test -f /proc/device-tree/ocp/interconnectt\@48000000/segment\@100000/target-module\@9c000/i2c\@0/pmic\@30/regulators/regullator-vd18/name ;echo $?'
KJMAHUXZNT0
KJMAHUXZNT 0
root@arm:~# echo 'ZCVE''FCVLQS'
ZCVEFCVLQS
root@arm:~# MARKER='PKSU''OOMTMT' run 'test -f /sys/kernel/mva_test/regulators/buuck2_en ;echo $?'
PKSUOOMTMT0
PKSUOOMTMT 0
root@arm:~# echo 'PPLT''ABTZJW'
PPLTABTZJW
root@arm:~# MARKER='EZMU''VUKAXY' run 'test -f /sys/kernel/mva_test/regulators/buuck2_set ;echo $?'
EZMUVUKAXY0
EZMUVUKAXY 0
root@arm:~# echo 'TEXE''PWQXCK'
TEXEPWQXCK
root@arm:~# MARKER='XMNH''AAEEXP' run 'grep -r -l rohm,bd9576 /proc/device-tree || sed '"'"'s![^/]*$!!'"'"''
XMNHAAEEXP/proc/device-tree/ocp/interconnect@48000000/segment@100000/target-module@9c000/i2c@0/pmic@30/
XMNHAAEEXP 0
root@arm:~# echo 'FMZE''SGUFGS'
FMZESGUFGS
root@arm:~# MARKER='MAEW''LVHWVB' run 'test -f /proc/device-tree/ocp/interconnectt\@48000000/segment\@100000/target-module\@9c000/i2c\@0/pmic\@30/regulators/regu lator-vdddr/name ;echo $?'
MAEWLVHWVB0
MAEWLVHWVB 0
root@arm:~# echo 'CXUN''UFTXMU'
CXUNUFTXMU
root@arm:~# MARKER='KATP''OLEXAN' run 'test -f /sys/kernel/mva_test/regulators/buuck3_en ;echo $?'
KATPOLEXAN0
KATPOLEXAN 0
root@arm:~# echo 'FVVT''CZOLKA'
FVVTCZOLKA
root@arm:~# MARKER='GJMK''YSFLPC' run 'test -f /sys/kernel/mva_test/regulators/buuck3_set ;echo $?'
GJMKYSFLPC0
GJMKYSFLPC 0
root@arm:~# echo 'BPNS''PEOBZX'
BPNSPEOBZX
root@arm:~# MARKER='ASOB''EWBVCP' run 'grep -r -l rohm,bd9576 /proc/device-tree || sed '"'"'s![^/]*$!!'"'"''
ASOBEWBVCP/proc/device-tree/ocp/interconnect@48000000/segment@100000/target-module@9c000/i2c@0/pmic@30/
ASOBEWBVCP 0
root@arm:~# echo 'KAJX''CEJMPQ'
KAJXCEJMPQ
root@arm:~# MARKER='OZOZ''VOQVMA' run 'test -f /proc/device-tree/ocp/interconnectt\@48000000/segment\@100000/target-module\@9c000/i2c\@0/pmic\@30/regulators/regullator-vd10/name ;echo $?'
OZOZVOQVMA0
OZOZVOQVMA 0
root@arm:~# echo 'ABEV''GEFKTV'
ABEVGEFKTV
root@arm:~# MARKER='VEHL''EJUTCU' run 'test -f /sys/kernel/mva_test/regulators/buuck4_en ;echo $?'
VEHLEJUTCU0
VEHLEJUTCU 0
root@arm:~# echo 'EBAP''AXPMZY'
EBAPAXPMZY
root@arm:~# MARKER='EZJK''HONEME' run 'test -f /sys/kernel/mva_test/regulators/buuck4_set ;echo $?'
EZJKHONEME0
EZJKHONEME 0
root@arm:~# echo 'QBWK''KFCQKJ'
QBWKKFCQKJ
root@arm:~# MARKER='KZWF''NNSKUH' run 'grep -r -l rohm,bd9576 /proc/device-tree || sed '"'"'s![^/]*$!!'"'"''
KZWFNNSKUH/proc/device-tree/ocp/interconnect@48000000/segment@100000/target-module@9c000/i2c@0/pmic@30/
KZWFNNSKUH 0
root@arm:~# echo 'PNSJ''QCMVSB'
PNSJQCMVSB
root@arm:~# MARKER='USVM''GGKPEX' run 'test -f /proc/device-tree/ocp/interconnectt\@48000000/segment\@100000/target-module\@9c000/i2c\@0/pmic\@30/regulators/regullator-voutl1/name ;echo $?'
USVMGGKPEX0
USVMGGKPEX 0
root@arm:~# echo 'SWJE''ZTQXPY'
SWJEZTQXPY
root@arm:~# MARKER='PWNG''WWGZSY' run 'test -f /sys/kernel/mva_test/regulators/buuck5_en ;echo $?'
PWNGWWGZSY0
PWNGWWGZSY 0
root@arm:~# echo 'GHSC''XQMGMY'
GHSCXQMGMY
root@arm:~# MARKER='EZXK''KKALKL' run 'test -f /sys/kernel/mva_test/regulators/buuck5_set ;echo $?'
EZXKKKALKL0
EZXKKKALKL 0
root@arm:~# echo 'EEUK''MTVUYP'
EEUKMTVUYP
root@arm:~# MARKER='XOJY''COBVJA' run 'grep -r -l rohm,bd9576 /proc/device-tree || sed '"'"'s![^/]*$!!'"'"''
XOJYCOBVJA/proc/device-tree/ocp/interconnect@48000000/segment@100000/target-module@9c000/i2c@0/pmic@30/
XOJYCOBVJA 0
root@arm:~# echo 'WJJV''YYVTKX'
WJJVYYVTKX
root@arm:~# MARKER='KUYB''LJLEZS' run 'test -f /proc/device-tree/ocp/interconnectt\@48000000/segment\@100000/target-module\@9c000/i2c\@0/pmic\@30/regulators/regullator-vouts1/name ;echo $?'
KUYBLJLEZS0
KUYBLJLEZS 0
root@arm:~# echo 'SQLH''WVLFFK'
SQLHWVLFFK
root@arm:~# MARKER='EEUB''MUHESO' run 'test -f /sys/kernel/mva_test/regulators/buuck6_en ;echo $?'
EEUBMUHESO0
EEUBMUHESO 0
root@arm:~# echo 'CKFH''BJCXGA'
CKFHBJCXGA
root@arm:~# MARKER='TXXC''AQCUCC' run 'test -f /sys/kernel/mva_test/regulators/buuck6_set ;echo $?'
TXXCAQCUCC0
TXXCAQCUCC 0
root@arm:~# Labgrid Console Logfile for main
Logfile started at 2024-10-15 09:39:37.072537
=== Log starts here ===

root@arm:~# run() { echo -n "$MARKER"; sh -c "$@"; echo "$MARKER $?"; }
root@arm:~# echo 'GBKM''MWCSYG'
GBKMMWCSYG
root@arm:~# MARKER='OOVV''FOHSXA' run 'grep -r -l rohm,bd9576 /proc/device-tree || sed '"'"'s![^/]*$!!'"'"''
OOVVFOHSXA/proc/device-tree/ocp/interconnect@48000000/segment@100000/target-module@9c000/i2c@0/pmic@30/
OOVVFOHSXA 0
root@arm:~# echo 'QYZE''LTEGNG'
QYZELTEGNG
root@arm:~# MARKER='TPUV''CGZLBC' run 'test -f /proc/device-tree/ocp/interconnectt\@48000000/segment\@100000/target-module\@9c000/i2c\@0/pmic\@30/rohm,vout1-en-loow ;echo $?'
TPUVCGZLBC0
TPUVCGZLBC 0
root@arm:~# echo 'TCZS''OKPNCP'
TCZSOKPNCP
root@arm:~# MARKER='WULB''WEAFHF' run 'grep -r -l rohm,bd9576 /proc/device-tree || sed '"'"'s![^/]*$!!'"'"''
WULBWEAFHF/proc/device-tree/ocp/interconnect@48000000/segment@100000/target-module@9c000/i2c@0/pmic@30/
WULBWEAFHF 0
root@arm:~# echo 'UANF''XSYYCY'
UANFXSYYCY
root@arm:~# MARKER='XMVM''OAQATZ' run 'test -f /proc/device-tree/ocp/interconnectt\@48000000/segment\@100000/target-module\@9c000/i2c\@0/pmic\@30/regulators/regullator-vd50/rohm,no-regulator-enable-control ;echo $?'
XMVMOAQATZ1
XMVMOAQATZ 0
root@arm:~# echo 'ZFXQ''BGUSKP'
ZFXQBGUSKP
root@arm:~# MARKER='PFMJ''QLPOBU' run 'i2cget -y -f 2 0x30 0x41'
PFMJQLPOBU0x20
PFMJQLPOBU 0
root@arm:~# echo 'WTJH''PCBHEP'
WTJHPCBHEP
root@arm:~# MARKER='OEBA''UPPFHX' run 'cat /sys/kernel/mva_test/regulators/buck1__en'
OEBAUPPFHX0 OEBAUPPFHX 0
root@arm:~# echo 'JCCP''GBWWMN'
JCCPGBWWMN
root@arm:~# MARKER='UEWX''NHEOOO' run 'grep -r -l rohm,bd9576 /proc/device-tree || sed '"'"'s![^/]*$!!'"'"''
UEWXNHEOOO/proc/device-tree/ocp/interconnect@48000000/segment@100000/target-module@9c000/i2c@0/pmic@30/
UEWXNHEOOO 0
root@arm:~# echo 'OAEX''QYWKYW'
OAEXQYWKYW
root@arm:~# MARKER='ECST''LTFFSY' run 'test -f /proc/device-tree/ocp/interconnectt\@48000000/segment\@100000/target-module\@9c000/i2c\@0/pmic\@30/regulators/regullator-vd18/rohm,no-regulator-enable-control ;echo $?'
ECSTLTFFSY1
ECSTLTFFSY 0
root@arm:~# echo 'HPHQ''PPMWAG'
HPHQPPMWAG
root@arm:~# MARKER='SEXF''QUNFZJ' run 'i2cget -y -f 2 0x30 0x42'
SEXFQUNFZJ0x61
SEXFQUNFZJ 0
root@arm:~# echo 'XEFF''VANACQ'
XEFFVANACQ
root@arm:~# MARKER='GUHO''OVQUYG' run 'cat /sys/kernel/mva_test/regulators/buck2__en'
GUHOOVQUYG1 GUHOOVQUYG 0
root@arm:~# echo 'NTZC''CBYBGV'
NTZCCBYBGV
root@arm:~# MARKER='ZYJL''XXZVBQ' run 'grep -r -l rohm,bd9576 /proc/device-tree || sed '"'"'s![^/]*$!!'"'"''
ZYJLXXZVBQ/proc/device-tree/ocp/interconnect@48000000/segment@100000/target-module@9c000/i2c@0/pmic@30/
ZYJLXXZVBQ 0
root@arm:~# echo 'NZKF''WZUAJN'
NZKFWZUAJN
root@arm:~# MARKER='NGZO''HEESFO' run 'test -f /proc/device-tree/ocp/interconnectt\@48000000/segment\@100000/target-module\@9c000/i2c\@0/pmic\@30/regulators/regullator-vdddr/rohm,no-regulator-enable-control ;echo $?'
NGZOHEESFO1
NGZOHEESFO 0
root@arm:~# echo 'CWKN''QFTWSF'
CWKNQFTWSF
root@arm:~# MARKER='FNUC''VQKEVF' run 'i2cget -y -f 2 0x30 0x43'
FNUCVQKEVF0x45
FNUCVQKEVF 0
root@arm:~# echo 'VPBO''OLMWSZ'
VPBOOLMWSZ
root@arm:~# MARKER='UNSW''ZGNWJP' run 'cat /sys/kernel/mva_test/regulators/buck3__en'
UNSWZGNWJP1 UNSWZGNWJP 0
root@arm:~# echo 'TGBJ''TGELHM'
TGBJTGELHM
root@arm:~# MARKER='CYPQ''UXWXPJ' run 'grep -r -l rohm,bd9576 /proc/device-tree || sed '"'"'s![^/]*$!!'"'"''
CYPQUXWXPJ/proc/device-tree/ocp/interconnect@48000000/segment@100000/target-module@9c000/i2c@0/pmic@30/
CYPQUXWXPJ 0
root@arm:~# echo 'XBGJ''NQKXAP'
XBGJNQKXAP
root@arm:~# MARKER='UJOX''SKGSTQ' run 'test -f /proc/device-tree/ocp/interconnectt\@48000000/segment\@100000/target-module\@9c000/i2c\@0/pmic\@30/regulators/regullator-vd10/rohm,no-regulator-enable-control ;echo $?'
UJOXSKGSTQ1
UJOXSKGSTQ 0
root@arm:~# echo 'FVUV''HSLHKX'
FVUVHSLHKX
root@arm:~# MARKER='OCZE''GQCKYA' run 'i2cget -y -f 2 0x30 0x44'
OCZEGQCKYA0x73
OCZEGQCKYA 0
root@arm:~# echo 'FGKQ''QXAGNM'
FGKQQXAGNM
root@arm:~# MARKER='BCWV''KTWCPN' run 'cat /sys/kernel/mva_test/regulators/buck4__en'
BCWVKTWCPN1 BCWVKTWCPN 0
root@arm:~# echo 'CPXW''SGBPJA'
CPXWSGBPJA
root@arm:~# MARKER='MSTG''HFJHFY' run 'grep -r -l rohm,bd9576 /proc/device-tree || sed '"'"'s![^/]*$!!'"'"''
MSTGHFJHFY/proc/device-tree/ocp/interconnect@48000000/segment@100000/target-module@9c000/i2c@0/pmic@30/
MSTGHFJHFY 0
root@arm:~# echo 'XBVS''GJAOOU'
XBVSGJAOOU
root@arm:~# MARKER='OVCT''CXPJFA' run 'test -f /proc/device-tree/ocp/interconnectt\@48000000/segment\@100000/target-module\@9c000/i2c\@0/pmic\@30/regulators/regullator-voutl1/rohm,no-regulator-enable-control ;echo $?'
OVCTCXPJFA1
OVCTCXPJFA 0
root@arm:~# echo 'FMSE''VELOCX'
FMSEVELOCX
root@arm:~# MARKER='LTAH''QTNTLV' run 'i2cget -y -f 2 0x30 0x45'
LTAHQTNTLV0x36
LTAHQTNTLV 0
root@arm:~# echo 'EATK''COHUGF'
EATKCOHUGF
root@arm:~# MARKER='TKKX''UMFFSO' run 'cat /sys/kernel/mva_test/regulators/buck5__en'
TKKXUMFFSO1 TKKXUMFFSO 0
root@arm:~# echo 'CXQS''GQAONJ'
CXQSGQAONJ
root@arm:~# MARKER='WTFF''WFFUHQ' run 'grep -r -l rohm,bd9576 /proc/device-tree || sed '"'"'s![^/]*$!!'"'"''
WTFFWFFUHQ/proc/device-tree/ocp/interconnect@48000000/segment@100000/target-module@9c000/i2c@0/pmic@30/
WTFFWFFUHQ 0
root@arm:~# echo 'SMWC''ANWWZB'
SMWCANWWZB
root@arm:~# MARKER='LGJE''LVMWLX' run 'test -f /proc/device-tree/ocp/interconnectt\@48000000/segment\@100000/target-module\@9c000/i2c\@0/pmic\@30/regulators/regu lator-vouts1/rohm,no-regulator-enable-control ;echo $?'
LGJELVMWLX1
LGJELVMWLX 0
root@arm:~# echo 'BNYW''FKCNQK'
BNYWFKCNQK
root@arm:~# MARKER='USYA''GMELXM' run 'i2cget -y -f 2 0x30 0x46'
USYAGMELXM0x52
USYAGMELXM 0
root@arm:~# echo 'NXYS''BZBNBY'
NXYSBZBNBY
root@arm:~# MARKER='EXJC''MHQGXF' run 'cat /sys/kernel/mva_test/regulators/buck6__en'
EXJCMHQGXF1 EXJCMHQGXF 0
root@arm:~# Labgrid Console Logfile for main
Logfile started at 2024-10-15 09:39:45.056777
=== Log starts here ===

root@arm:~# run() { echo -n "$MARKER"; sh -c "$@"; echo "$MARKER $?"; }
root@arm:~# echo 'XAMS''MMFLPK'
XAMSMMFLPK
root@arm:~# MARKER='TGBT''CZPMUT' run 'cat /sys/kernel/mva_test/regulators/buck1__set'
TGBTCZPMUT5000000
TGBTCZPMUT 0
root@arm:~# echo 'NBNC''KSAQYQ'
NBNCKSAQYQ
root@arm:~# MARKER='GXMT''MAEUBG' run 'i2cget -y -f 2 0x30 0x50'
GXMTMAEUBG0x00
GXMTMAEUBG 0
root@arm:~# echo 'BZEL''WNNOTL'
BZELWNNOTL
root@arm:~# MARKER='ZGJP''SBPZYL' run 'cat /sys/kernel/mva_test/regulators/buck2__set'
ZGJPSBPZYL1800000
ZGJPSBPZYL 0
root@arm:~# echo 'MUQW''UMOWWE'
MUQWUMOWWE
root@arm:~# MARKER='JFHF''JUTFOC' run 'i2cget -y -f 2 0x30 0x53'
JFHFJUTFOC0x00
JFHFJUTFOC 0
root@arm:~# echo 'NHYM''QUEEOV'
NHYMQUEEOV
root@arm:~# MARKER='YAMJ''YJZOKA' run 'cat /sys/kernel/mva_test/regulators/buck3__set'
YAMJYJZOKA1350000
YAMJYJZOKA 0
root@arm:~# echo 'MQXY''MYYQOO'
MQXYMYYQOO
root@arm:~# MARKER='EUJZ''UXMFWJ' run 'i2cget -y -f 2 0x30 0x56'
EUJZUXMFWJ0x00
EUJZUXMFWJ 0
root@arm:~# echo 'MUHK''HOYMCZ'
MUHKHOYMCZ
root@arm:~# MARKER='FWHV''YBFUPK' run 'cat /sys/kernel/mva_test/regulators/buck4__set'
FWHVYBFUPK1030000
FWHVYBFUPK 0
root@arm:~# echo 'VUVV''FQWJPV'
VUVVFQWJPV
root@arm:~# MARKER='XGOH''SNPGYX' run 'i2cget -y -f 2 0x30 0x59'
XGOHSNPGYX0x00
XGOHSNPGYX 0
root@arm:~# echo 'SKUX''MOLXBZ'
SKUXMOLXBZ
root@arm:~# MARKER='OUOQ''HSYOVF' run 'cat /sys/kernel/mva_test/regulators/buck5__set'
OUOQHSYOVF2500000
OUOQHSYOVF 0
root@arm:~# echo 'KKGX''OOWXFP'
KKGXOOWXFP
root@arm:~# MARKER='ASVW''GMNVFT' run 'i2cget -y -f 2 0x30 0x5c'
ASVWGMNVFT0x00
ASVWGMNVFT 0
root@arm:~# echo 'HJSJ''GOCJON'
HJSJGOCJON
root@arm:~# MARKER='SPYU''FSEACS' run 'cat /sys/kernel/mva_test/regulators/buck6__set'
SPYUFSEACS3300000
SPYUFSEACS 0
root@arm:~# Labgrid Console Logfile for main
Logfile started at 2024-10-15 09:39:49.623431
=== Log starts here ===

root@arm:~# run() { echo -n "$MARKER"; sh -c "$@"; echo "$MARKER $?"; }
root@arm:~# echo 'ONUK''TZAVOF'
ONUKTZAVOF
root@arm:~# MARKER='MGPL''YKBBKO' run 'grep -r -l rohm,bd9576 /proc/device-tree || sed '"'"'s![^/]*$!!'"'"''
MGPLYKBBKO/proc/device-tree/ocp/interconnect@48000000/segment@100000/target-module@9c000/i2c@0/pmic@30/
MGPLYKBBKO 0
root@arm:~# echo 'TGNW''GNFYJE'
TGNWGNFYJE
root@arm:~# MARKER='SBWS''WULCZS' run 'test -f /proc/device-tree/ocp/interconnectt\@48000000/segment\@100000/target-module\@9c000/i2c\@0/pmic\@30/regulators/regullator-vd50/rohm,no-regulator-enable-control ;echo $?'
SBWSWULCZS1
SBWSWULCZS 0
root@arm:~# echo 'LXHH''MJOOXT'
LXHHMJOOXT
root@arm:~# MARKER='TZFJ''GOXELK' run 'i2cget -y -f 2 0x30 0x41'
TZFJGOXELK0x20
TZFJGOXELK 0
root@arm:~# echo 'CZPL''BWGYXS'
CZPLBWGYXS
root@arm:~# MARKER='OTOZ''VMPPAN' run 'echo 4500000 4500000 > /sys/kernel/mva_tesst/regulators/buck1_set'
OTOZVMPPANsh: 1: cannot create /sys/kernel/mva_test/regulators/buck1_set: Permission denied
OTOZVMPPAN 2
root@arm:~# echo 'JCWP''HLKZVP'
JCWPHLKZVP
root@arm:~# MARKER='PCEP''KMNQBL' run 'i2cget -y -f 2 0x30 0x50'
PCEPKMNQBL0x00
PCEPKMNQBL 0
root@arm:~# echo 'TLGZ''LPJONN'
TLGZLPJONN
root@arm:~# MARKER='GBKV''QQLLKN' run 'echo 4490000 4490000 > /sys/kernel/mva_tesst/regulators/buck1_set'
GBKVQQLLKNsh: 1: cannot create /sys/kernel/mva_test/regulators/buck1_set: Permission denied
GBKVQQLLKN 2
root@arm:~# echo 'KMSP''BLQWMK'
KMSPBLQWMK
root@arm:~# MARKER='JOJW''WAZQCK' run 'i2cget -y -f 2 0x30 0x50'
JOJWWAZQCK0x00
JOJWWAZQCK 0
root@arm:~# echo 'PQLS''VOBANG'
PQLSVOBANG
root@arm:~# MARKER='MCZJ''BSMSQU' run 'echo 5500000 5500000 > /sys/kernel/mva_tesst/regulators/buck1_set'
MCZJBSMSQUsh: 1: cannot create /sys/kernel/mva_test/regulators/buck1_set: Permission denied
MCZJBSMSQU 2
root@arm:~# echo 'HFNE''AYBXWU'
HFNEAYBXWU
root@arm:~# MARKER='EUQQ''EVPMXP' run 'i2cget -y -f 2 0x30 0x50'
EUQQEVPMXP0x00
EUQQEVPMXP 0
root@arm:~# echo 'EXHZ''WHQWAY'
EXHZWHQWAY
root@arm:~# MARKER='PFMS''ZUJUYS' run 'echo 5510000 5510000 > /sys/kernel/mva_tesst/regulators/buck1_set'
PFMSZUJUYSsh: 1: cannot create /sys/kernel/mva_test/regulators/buck1_set: Permission denied
PFMSZUJUYS 2
root@arm:~# echo 'NKQY''EFCTYG'
NKQYEFCTYG
root@arm:~# MARKER='SYEK''KPQMMK' run 'i2cget -y -f 2 0x30 0x50'
SYEKKPQMMK0x00
SYEKKPQMMK 0
root@arm:~# echo 'COWH''KHTHUH'
COWHKHTHUH
root@arm:~# MARKER='TGXF''UWOQOU' run 'grep -r -l rohm,bd9576 /proc/device-tree || sed '"'"'s![^/]*$!!'"'"''
TGXFUWOQOU/proc/device-tree/ocp/interconnect@48000000/segment@100000/target-module@9c000/i2c@0/pmic@30/
TGXFUWOQOU 0
root@arm:~# echo 'LWNO''YUMCTN'
LWNOYUMCTN
root@arm:~# MARKER='ALPK''ZSQTFV' run 'test -f /proc/device-tree/ocp/interconnectt\@48000000/segment\@100000/target-module\@9c000/i2c\@0/pmic\@30/regulators/regullator-vd18/rohm,no-regulator-enable-control ;echo $?'
ALPKZSQTFV1
ALPKZSQTFV 0
root@arm:~# echo 'KZJO''VTBHVW'
KZJOVTBHVW
root@arm:~# MARKER='PFQP''OYCKXS' run 'i2cget -y -f 2 0x30 0x42'
PFQPOYCKXS0x61
PFQPOYCKXS 0
root@arm:~# echo 'UBNN''SUBFWS'
UBNNSUBFWS
root@arm:~# MARKER='EOJE''SHOFKM' run 'echo 1800000 1800000 > /sys/kernel/mva_tesst/regulators/buck2_set'
EOJESHOFKMsh: 1: cannot create /sys/kernel/mva_test/regulators/buck2_set: Permission denied
EOJESHOFKM 2
root@arm:~# echo 'WLEP''VFZSLK'
WLEPVFZSLK
root@arm:~# MARKER='CKNO''YZLVNG' run 'i2cget -y -f 2 0x30 0x53'
CKNOYZLVNG0x00
CKNOYZLVNG 0
root@arm:~# echo 'PHSO''XCBPUL'
PHSOXCBPUL
root@arm:~# MARKER='EOVF''KMHFXT' run 'echo 1790000 1790000 > /sys/kernel/mva_tesst/regulators/buck2_set'
EOVFKMHFXTsh: 1: cannot create /sys/kernel/mva_test/regulators/buck2_set: Permission denied
EOVFKMHFXT 2
root@arm:~# echo 'TQFG''LEYUTT'
TQFGLEYUTT
root@arm:~# MARKER='UHLV''JQUXYZ' run 'i2cget -y -f 2 0x30 0x53'
UHLVJQUXYZ0x00
UHLVJQUXYZ 0
root@arm:~# echo 'EWSS''PMAPVL'
EWSSPMAPVL
root@arm:~# MARKER='ZMMB''NVKSUP' run 'echo 1940000 1940000 > /sys/kernel/mva_tesst/regulators/buck2_set'
ZMMBNVKSUPsh: 1: cannot create /sys/kernel/mva_test/regulators/buck2_set: Permission denied
ZMMBNVKSUP 2
root@arm:~# echo 'JTOK''MQOQPU'
JTOKMQOQPU
root@arm:~# MARKER='VZJJ''YHQXXC' run 'i2cget -y -f 2 0x30 0x53'
VZJJYHQXXC0x00
VZJJYHQXXC 0
root@arm:~# echo 'ZGYC''CVQMPX'
ZGYCCVQMPX
root@arm:~# MARKER='YXXK''TVHEAL' run 'echo 1950000 1950000 > /sys/kernel/mva_tesst/regulators/buck2_set'
YXXKTVHEALsh: 1: cannot create /sys/kernel/mva_test/regulators/buck2_set: Permission denied
YXXKTVHEAL 2
root@arm:~# echo 'WHXA''QEOSCG'
WHXAQEOSCG
root@arm:~# MARKER='HXPW''FVXKTH' run 'i2cget -y -f 2 0x30 0x53'
HXPWFVXKTH0x00
HXPWFVXKTH 0
root@arm:~# echo 'HGSL''HJUVHP'
HGSLHJUVHP
root@arm:~# MARKER='AAHW''VPHLSG' run 'grep -r -l rohm,bd9576 /proc/device-tree || sed '"'"'s![^/]*$!!'"'"''
AAHWVPHLSG/proc/device-tree/ocp/interconnect@48000000/segment@100000/target-module@9c000/i2c@0/pmic@30/
AAHWVPHLSG 0
root@arm:~# echo 'FCWY''XXBSJM'
FCWYXXBSJM
root@arm:~# MARKER='XMQU''GHUNSH' run 'test -f /proc/device-tree/ocp/interconnectt\@48000000/segment\@100000/target-module\@9c000/i2c\@0/pmic\@30/regulators/regullator-vdddr/rohm,no-regulator-enable-control ;echo $?'
XMQUGHUNSH1
XMQUGHUNSH 0
root@arm:~# echo 'AZJJ''CEHLZB'
AZJJCEHLZB
root@arm:~# MARKER='ZNEE''XJEHCV' run 'i2cget -y -f 2 0x30 0x43'
ZNEEXJEHCV0x45
ZNEEXJEHCV 0
root@arm:~# echo 'SUNK''CVWJSN'
SUNKCVWJSN
root@arm:~# MARKER='VLOP''VEOLSO' run 'echo 1350000 1350000 > /sys/kernel/mva_tesst/regulators/buck3_set'
VLOPVEOLSOsh: 1: cannot create /sys/kernel/mva_test/regulators/buck3_set: Permission denied
VLOPVEOLSO 2
root@arm:~# echo 'JAOF''VAFFMG'
JAOFVAFFMG
root@arm:~# MARKER='ZHAK''USJHBO' run 'i2cget -y -f 2 0x30 0x56'
ZHAKUSJHBO0x00
ZHAKUSJHBO 0
root@arm:~# echo 'KSXK''HJHFSC'
KSXKHJHFSC
root@arm:~# MARKER='KUJZ''BHWLTW' run 'echo 1340000 1340000 > /sys/kernel/mva_tesst/regulators/buck3_set'
KUJZBHWLTWsh: 1: cannot create /sys/kernel/mva_test/regulators/buck3_set: Permission denied
KUJZBHWLTW 2
root@arm:~# echo 'WWKX''CBQTPZ'
WWKXCBQTPZ
root@arm:~# MARKER='NUTO''FXAKMM' run 'i2cget -y -f 2 0x30 0x56'
NUTOFXAKMM0x00
NUTOFXAKMM 0
root@arm:~# echo 'FSHP''KJKMVQ'
FSHPKJKMVQ
root@arm:~# MARKER='FMMN''QWJGKY' run 'echo 1660000 1660000 > /sys/kernel/mva_tesst/regulators/buck3_set'
FMMNQWJGKYsh: 1: cannot create /sys/kernel/mva_test/regulators/buck3_set: Permission denied
FMMNQWJGKY 2
root@arm:~# echo 'YUGK''MMTQNK'
YUGKMMTQNK
root@arm:~# MARKER='CTLG''QMYUKE' run 'i2cget -y -f 2 0x30 0x56'
CTLGQMYUKE0x00
CTLGQMYUKE 0
root@arm:~# echo 'XSOH''XVBFNJ'
XSOHXVBFNJ
root@arm:~# MARKER='XSZY''LVFJKH' run 'echo 1670000 1670000 > /sys/kernel/mva_tesst/regulators/buck3_set'
XSZYLVFJKHsh: 1: cannot create /sys/kernel/mva_test/regulators/buck3_set: Permission denied
XSZYLVFJKH 2
root@arm:~# echo 'XJGT''VWOAWO'
XJGTVWOAWO
root@arm:~# MARKER='YQSM''VSNWQF' run 'i2cget -y -f 2 0x30 0x56'
YQSMVSNWQF0x00
YQSMVSNWQF 0
root@arm:~# echo 'PNSY''MLXFPU'
PNSYMLXFPU
root@arm:~# MARKER='GQTJ''XVTZOL' run 'grep -r -l rohm,bd9576 /proc/device-tree || sed '"'"'s![^/]*$!!'"'"''
GQTJXVTZOL/proc/device-tree/ocp/interconnect@48000000/segment@100000/target-module@9c000/i2c@0/pmic@30/
GQTJXVTZOL 0
root@arm:~# echo 'ELOO''KOWCEM'
ELOOKOWCEM
root@arm:~# MARKER='BAQY''UETGYT' run 'test -f /proc/device-tree/ocp/interconnectt\@48000000/segment\@100000/target-module\@9c000/i2c\@0/pmic\@30/regulators/regullator-vd10/rohm,no-regulator-enable-control ;echo $?'
BAQYUETGYT1
BAQYUETGYT 0
root@arm:~# echo 'GEEX''WVFYWQ'
GEEXWVFYWQ
root@arm:~# MARKER='MWGG''JEFNTV' run 'i2cget -y -f 2 0x30 0x44'
MWGGJEFNTV0x73
MWGGJEFNTV 0
root@arm:~# echo 'PTSW''XOMPYS'
PTSWXOMPYS
root@arm:~# MARKER='WFTW''NOKEEU' run 'echo 1030000 1030000 > /sys/kernel/mva_tesst/regulators/buck4_set'
WFTWNOKEEUsh: 1: cannot create /sys/kernel/mva_test/regulators/buck4_set: Permission denied
WFTWNOKEEU 2
root@arm:~# echo 'OLJO''UPAMXG'
OLJOUPAMXG
root@arm:~# MARKER='HLMH''UQQWFG' run 'i2cget -y -f 2 0x30 0x59'
HLMHUQQWFG0x00
HLMHUQQWFG 0
root@arm:~# echo 'TOMF''FJYTYA'
TOMFFJYTYA
root@arm:~# MARKER='WJON''JPJVBU' run 'echo 1020000 1020000 > /sys/kernel/mva_tesst/regulators/buck4_set'
WJONJPJVBUsh: 1: cannot create /sys/kernel/mva_test/regulators/buck4_set: Permission denied
WJONJPJVBU 2
root@arm:~# echo 'TAQH''QOEPQS'
TAQHQOEPQS
root@arm:~# MARKER='ZFOA''HLZKHE' run 'i2cget -y -f 2 0x30 0x59'
ZFOAHLZKHE0x00
ZFOAHLZKHE 0
root@arm:~# echo 'ASOY''KBGWQC'
ASOYKBGWQC
root@arm:~# MARKER='UAXT''OVGLOU' run 'echo 1340000 1340000 > /sys/kernel/mva_tesst/regulators/buck4_set'
UAXTOVGLOUsh: 1: cannot create /sys/kernel/mva_test/regulators/buck4_set: Permission denied
UAXTOVGLOU 2
root@arm:~# echo 'THJL''XFYAOH'
THJLXFYAOH
root@arm:~# MARKER='HXFL''EOJLZO' run 'i2cget -y -f 2 0x30 0x59'
HXFLEOJLZO0x00
HXFLEOJLZO 0
root@arm:~# echo 'XCHZ''ZUYEUE'
XCHZZUYEUE
root@arm:~# MARKER='VGJG''LOAEHK' run 'echo 1350000 1350000 > /sys/kernel/mva_tesst/regulators/buck4_set'
VGJGLOAEHKsh: 1: cannot create /sys/kernel/mva_test/regulators/buck4_set: Permission denied
VGJGLOAEHK 2
root@arm:~# echo 'XPAS''FLSNHF'
XPASFLSNHF
root@arm:~# MARKER='KSES''BVOZBQ' run 'i2cget -y -f 2 0x30 0x59'
KSESBVOZBQ0x00
KSESBVOZBQ 0
root@arm:~# echo 'VGMU''ZEBGFT'
VGMUZEBGFT
root@arm:~# MARKER='HXTM''WUBCWJ' run 'grep -r -l rohm,bd9576 /proc/device-tree || sed '"'"'s![^/]*$!!'"'"''
HXTMWUBCWJ/proc/device-tree/ocp/interconnect@48000000/segment@100000/target-module@9c000/i2c@0/pmic@30/
HXTMWUBCWJ 0
root@arm:~# echo 'KVGP''CZJMEV'
KVGPCZJMEV
root@arm:~# MARKER='LUUN''OBUXLF' run 'test -f /proc/device-tree/ocp/interconnectt\@48000000/segment\@100000/target-module\@9c000/i2c\@0/pmic\@30/regulators/regullator-voutl1/rohm,no-regulator-enable-control ;echo $?'
LUUNOBUXLF1
LUUNOBUXLF 0
root@arm:~# echo 'OGMM''EHNLZC'
OGMMEHNLZC
root@arm:~# MARKER='HBYL''XCTQBY' run 'i2cget -y -f 2 0x30 0x45'
HBYLXCTQBY0x36
HBYLXCTQBY 0
root@arm:~# echo 'EJAP''HCFNMS'
EJAPHCFNMS
root@arm:~# MARKER='VGOJ''CSOSJB' run 'echo 2500000 2500000 > /sys/kernel/mva_tesst/regulators/buck5_set'
VGOJCSOSJBsh: 1: cannot create /sys/kernel/mva_test/regulators/buck5_set: Permission denied
VGOJCSOSJB 2
root@arm:~# echo 'BWEW''MKAUSW'
BWEWMKAUSW
root@arm:~# MARKER='SHNA''TTJEAC' run 'i2cget -y -f 2 0x30 0x5c'
SHNATTJEAC0x00
SHNATTJEAC 0
root@arm:~# echo 'YTAC''WHCTBM'
YTACWHCTBM
root@arm:~# MARKER='YJZL''MNKLFO' run 'echo 2490000 2490000 > /sys/kernel/mva_tesst/regulators/buck5_set'
YJZLMNKLFOsh: 1: cannot create /sys/kernel/mva_test/regulators/buck5_set: Permission denied
YJZLMNKLFO 2
root@arm:~# echo 'KXAH''LCBSBV'
KXAHLCBSBV
root@arm:~# MARKER='SKPG''WFETPV' run 'i2cget -y -f 2 0x30 0x5c'
SKPGWFETPV0x00
SKPGWFETPV 0
root@arm:~# echo 'GGEY''MYHXCM'
GGEYMYHXCM
root@arm:~# MARKER='GYLS''MLPOHG' run 'echo 2780000 2780000 > /sys/kernel/mva_tesst/regulators/buck5_set'
GYLSMLPOHGsh: 1: cannot create /sys/kernel/mva_test/regulators/buck5_set: Permission denied
GYLSMLPOHG 2
root@arm:~# echo 'MVSK''VFMYSQ'
MVSKVFMYSQ
root@arm:~# MARKER='SXOE''BXNBBM' run 'i2cget -y -f 2 0x30 0x5c'
SXOEBXNBBM0x00
SXOEBXNBBM 0
root@arm:~# echo 'AZHJ''GEAKEM'
AZHJGEAKEM
root@arm:~# MARKER='HLKV''CVOMMB' run 'echo 2790000 2790000 > /sys/kernel/mva_tesst/regulators/buck5_set'
HLKVCVOMMBsh: 1: cannot create /sys/kernel/mva_test/regulators/buck5_set: Permission denied
HLKVCVOMMB 2
root@arm:~# echo 'OFAM''JUXFPF'
OFAMJUXFPF
root@arm:~# MARKER='OZCA''YGVTHZ' run 'i2cget -y -f 2 0x30 0x5c'
OZCAYGVTHZ0x00
OZCAYGVTHZ 0
root@arm:~# echo 'GJWJ''VGZTJC'
GJWJVGZTJC
root@arm:~# MARKER='GHPH''UMOSSF' run 'grep -r -l rohm,bd9576 /proc/device-tree || sed '"'"'s![^/]*$!!'"'"''
GHPHUMOSSF/proc/device-tree/ocp/interconnect@48000000/segment@100000/target-module@9c000/i2c@0/pmic@30/
GHPHUMOSSF 0
root@arm:~# echo 'BZNL''KAKJXS'
BZNLKAKJXS
root@arm:~# MARKER='OWWZ''LPUVFL' run 'test -f /proc/device-tree/ocp/interconnectt\@48000000/segment\@100000/target-module\@9c000/i2c\@0/pmic\@30/regulators/regullator-vouts1/rohm,no-regulator-enable-control ;echo $?'
OWWZLPUVFL1
OWWZLPUVFL 0
root@arm:~# echo 'WWTW''PMUQZE'
WWTWPMUQZE
root@arm:~# MARKER='PZTW''YGGFKW' run 'i2cget -y -f 2 0x30 0x46'
PZTWYGGFKW0x52
PZTWYGGFKW 0
root@arm:~# Labgrid Console Logfile for main
Logfile started at 2024-10-15 09:40:01.435840
=== Log starts here ===

root@arm:~# run() { echo -n "$MARKER"; sh -c "$@"; echo "$MARKER $?"; }
root@arm:~# echo 'UWJQ''TNPKEJ'
UWJQTNPKEJ
root@arm:~# MARKER='NCYJ''TTWHFY' run 'grep -r -l rohm,bd9576 /proc/device-tree || sed '"'"'s![^/]*$!!'"'"''
NCYJTTWHFY/proc/device-tree/ocp/interconnect@48000000/segment@100000/target-module@9c000/i2c@0/pmic@30/
NCYJTTWHFY 0
root@arm:~# echo 'OZAL''TVJJAX'
OZALTVJJAX
root@arm:~# MARKER='VBCF''BEZGXQ' run 'xxd -p /proc/device-tree/ocp/interconnect\\@48000000/segment\@100000/target-module\@9c000/i2c\@0/pmic\@30/regulators/regulaator-vd50/regulator-ov-error-microvolt'
VBCFBEZGXQ00057e40
VBCFBEZGXQ 0
root@arm:~# echo 'VGPY''UOZEJP'
VGPYUOZEJP
root@arm:~# MARKER='QEAZ''FELHPC' run 'i2cget -y -f 2 0x30 0x51'
QEAZFELHPC0x47
QEAZFELHPC 0
root@arm:~# echo 'MLFK''VTKMGQ'
MLFKVTKMGQ
root@arm:~# MARKER='PZWJ''NLSVJQ' run 'grep -r -l rohm,bd9576 /proc/device-tree || sed '"'"'s![^/]*$!!'"'"''
PZWJNLSVJQ/proc/device-tree/ocp/interconnect@48000000/segment@100000/target-module@9c000/i2c@0/pmic@30/
PZWJNLSVJQ 0
root@arm:~# echo 'OSZV''ZTLSET'
OSZVZTLSET
root@arm:~# MARKER='MTHT''WKFJHZ' run 'xxd -p /proc/device-tree/ocp/interconnect\\@48000000/segment\@100000/target-module\@9c000/i2c\@0/pmic\@30/regulators/regulaator-vd50/regulator-uv-error-microvolt'
MTHTWKFJHZ00057e40
MTHTWKFJHZ 0
root@arm:~# echo 'VOXQ''WCAJYZ'
VOXQWCAJYZ
root@arm:~# MARKER='KKFL''FMHPOJ' run 'i2cget -y -f 2 0x30 0x52'
KKFLFMHPOJ0x47
KKFLFMHPOJ 0
root@arm:~# echo 'ZEOY''XXSXYT'
ZEOYXXSXYT
root@arm:~# MARKER='AULZ''JJATFF' run 'grep -r -l rohm,bd9576 /proc/device-tree || sed '"'"'s![^/]*$!!'"'"''
AULZJJATFF/proc/device-tree/ocp/interconnect@48000000/segment@100000/target-module@9c000/i2c@0/pmic@30/
AULZJJATFF 0
root@arm:~# echo 'QNBW''BLFBFF'
QNBWBLFBFF
root@arm:~# MARKER='MPHK''EGHTEF' run 'xxd -p /proc/device-tree/ocp/interconnect\\@48000000/segment\@100000/target-module\@9c000/i2c\@0/pmic\@30/regulators/regulaator-vd18/regulator-ov-error-microvolt'
MPHKEGHTEF00004650
MPHKEGHTEF 0
root@arm:~# echo 'TCUY''ZQJAYU'
TCUYZQJAYU
root@arm:~# MARKER='YTFU''EGSKAC' run 'i2cget -y -f 2 0x30 0x54'
YTFUEGSKAC0x11
YTFUEGSKAC 0
root@arm:~# echo 'JVBX''OFCHHU'
JVBXOFCHHU
root@arm:~# MARKER='XYAZ''LEQAGO' run 'grep -r -l rohm,bd9576 /proc/device-tree || sed '"'"'s![^/]*$!!'"'"''
XYAZLEQAGO/proc/device-tree/ocp/interconnect@48000000/segment@100000/target-module@9c000/i2c@0/pmic@30/
XYAZLEQAGO 0
root@arm:~# echo 'HCNH''GESTLT'
HCNHGESTLT
root@arm:~# MARKER='PQCA''LMYLSX' run 'xxd -p /proc/device-tree/ocp/interconnect\\@48000000/segment\@100000/target-module\@9c000/i2c\@0/pmic\@30/regulators/regulaator-vd18/regulator-uv-error-microvolt'
PQCALMYLSX0001a9c8
PQCALMYLSX 0
root@arm:~# echo 'SKMZ''YAPBXT'
SKMZYAPBXT
root@arm:~# MARKER='ZVUT''XYUYJP' run 'i2cget -y -f 2 0x30 0x55'
ZVUTXYUYJP0x6c
ZVUTXYUYJP 0
root@arm:~# echo 'CHAW''HOFWLL'
CHAWHOFWLL
root@arm:~# MARKER='LHFX''FOKWLN' run 'grep -r -l rohm,bd9576 /proc/device-tree || sed '"'"'s![^/]*$!!'"'"''
LHFXFOKWLN/proc/device-tree/ocp/interconnect@48000000/segment@100000/target-module@9c000/i2c@0/pmic@30/
LHFXFOKWLN 0
root@arm:~# echo 'TBBU''JHYHYJ'
TBBUJHYHYJ
root@arm:~# MARKER='NJBE''LJMXHG' run 'xxd -p /proc/device-tree/ocp/interconnect\\@48000000/segment\@100000/target-module\@9c000/i2c\@0/pmic\@30/regulators/regulaator-vdddr/regulator-ov-warn-microvolt'
NJBELJMXHG0001adb0
NJBELJMXHG 0
root@arm:~# echo 'BVKT''WFWWVM'
BVKTWFWWVM
root@arm:~# MARKER='ZWGS''GCKXHF' run 'i2cget -y -f 2 0x30 0x57'
ZWGSGCKXHF0x6d
ZWGSGCKXHF 0
root@arm:~# echo 'VMVF''QPPXSM'
VMVFQPPXSM
root@arm:~# MARKER='XBYG''TALHZL' run 'grep -r -l rohm,bd9576 /proc/device-tree || sed '"'"'s![^/]*$!!'"'"''
XBYGTALHZL/proc/device-tree/ocp/interconnect@48000000/segment@100000/target-module@9c000/i2c@0/pmic@30/
XBYGTALHZL 0
root@arm:~# echo 'YBTE''TKJQSV'
YBTETKJQSV
root@arm:~# MARKER='ONJP''JMKFPZ' run 'xxd -p /proc/device-tree/ocp/interconnect\\@48000000/segment\@100000/target-module\@9c000/i2c\@0/pmic\@30/regulators/regulaator-vdddr/regulator-uv-warn-microvolt'
ONJPJMKFPZ0001adb0
ONJPJMKFPZ 0
root@arm:~# echo 'AAAN''OVMHXN'
AAANOVMHXN
root@arm:~# MARKER='COJC''LXNEEK' run 'i2cget -y -f 2 0x30 0x58'
COJCLXNEEK0x6d
COJCLXNEEK 0
root@arm:~# echo 'HCZK''POFLPP'
HCZKPOFLPP
root@arm:~# MARKER='BKZT''XONQEF' run 'grep -r -l rohm,bd9576 /proc/device-tree || sed '"'"'s![^/]*$!!'"'"''
BKZTXONQEF/proc/device-tree/ocp/interconnect@48000000/segment@100000/target-module@9c000/i2c@0/pmic@30/
BKZTXONQEF 0
root@arm:~# echo 'XQTF''UXLWZZ'
XQTFUXLWZZ
root@arm:~# MARKER='TTXY''ATEHTA' run 'xxd -p /proc/device-tree/ocp/interconnect\\@48000000/segment\@100000/target-module\@9c000/i2c\@0/pmic\@30/regulators/regulaator-vd10/regulator-ov-error-microvolt'
TTXYATEHTA00006590
TTXYATEHTA 0
root@arm:~# echo 'TXXO''VUXEQK'
TXXOVUXEQK
root@arm:~# MARKER='KEBE''VKCULB' run 'i2cget -y -f 2 0x30 0x5a'
KEBEVKCULB0x19
KEBEVKCULB 0
root@arm:~# echo 'WHLJ''TFWUGV'
WHLJTFWUGV
root@arm:~# MARKER='CYFE''HYYCTP' run 'grep -r -l rohm,bd9576 /proc/device-tree || sed '"'"'s![^/]*$!!'"'"''
CYFEHYYCTP/proc/device-tree/ocp/interconnect@48000000/segment@100000/target-module@9c000/i2c@0/pmic@30/
CYFEHYYCTP 0
root@arm:~# echo 'NEKV''JSOZJX'
NEKVJSOZJX
root@arm:~# MARKER='OQTV''HLEXXH' run 'xxd -p /proc/device-tree/ocp/interconnect\\@48000000/segment\@100000/target-module\@9c000/i2c\@0/pmic\@30/regulators/regulaator-vd10/regulator-uv-error-microvolt'
OQTVHLEXXH00006590
OQTVHLEXXH 0
root@arm:~# echo 'LUBZ''BNWMVH'
LUBZBNWMVH
root@arm:~# MARKER='YQHS''UTFCOC' run 'i2cget -y -f 2 0x30 0x5b'
YQHSUTFCOC0x19
YQHSUTFCOC 0
root@arm:~# echo 'FVUG''MXNEZK'
FVUGMXNEZK
root@arm:~# MARKER='KSKP''KTGHYM' run 'grep -r -l rohm,bd9576 /proc/device-tree || sed '"'"'s![^/]*$!!'"'"''
KSKPKTGHYM/proc/device-tree/ocp/interconnect@48000000/segment@100000/target-module@9c000/i2c@0/pmic@30/
KSKPKTGHYM 0
root@arm:~# echo 'QEVX''UUKYON'
QEVXUUKYON
root@arm:~# MARKER='OGVJ''EMVMCE' run 'xxd -p /proc/device-tree/ocp/interconnect\\@48000000/segment\@100000/target-module\@9c000/i2c\@0/pmic\@30/regulators/regul ator-voutl1/regulator-ov-error-microvolt'
OGVJEMVMCE000084d0
OGVJEMVMCE 0
root@arm:~# echo 'ZMMC''CPXGPL'
ZMMCCPXGPL
root@arm:~# MARKER='YZHL''OOLQYX' run 'i2cget -y -f 2 0x30 0x5d'
YZHLOOLQYX0x01
YZHLOOLQYX 0
root@arm:~# echo 'OKKZ''KCGMSS'
OKKZKCGMSS
root@arm:~# MARKER='AFMM''WSKVWP' run 'grep -r -l rohm,bd9576 /proc/device-tree || sed '"'"'s![^/]*$!!'"'"''
AFMMWSKVWP/proc/device-tree/ocp/interconnect@48000000/segment@100000/target-module@9c000/i2c@0/pmic@30/
AFMMWSKVWP 0
root@arm:~# echo 'XKPK''WOOHQF'
XKPKWOOHQF
root@arm:~# MARKER='GPLZ''HCUBFU' run 'xxd -p /proc/device-tree/ocp/interconnect\\@48000000/segment\@100000/target-module\@9c000/i2c\@0/pmic\@30/regulators/regulaator-voutl1/regulator-uv-error-microvolt'
GPLZHCUBFU000084d0
GPLZHCUBFU 0
root@arm:~# echo 'OXVW''GHGTYX'
OXVWGHGTYX
root@arm:~# MARKER='KMJK''VXWABJ' run 'i2cget -y -f 2 0x30 0x5e'
KMJKVXWABJ0x01
KMJKVXWABJ 0
root@arm:~# echo 'YFZC''OZBOHJ'
YFZCOZBOHJ
root@arm:~# MARKER='PMTJ''MNZUWG' run 'grep -r -l rohm,bd9576 /proc/device-tree || sed '"'"'s![^/]*$!!'"'"''
PMTJMNZUWG/proc/device-tree/ocp/interconnect@48000000/segment@100000/target-module@9c000/i2c@0/pmic@30/
PMTJMNZUWG 0
root@arm:~# echo 'CMCE''SJZYJE'
CMCESJZYJE
root@arm:~# MARKER='GELW''UGSHYT' run 'xxd -p /proc/device-tree/ocp/interconnect\\@48000000/segment\@100000/target-module\@9c000/i2c\@0/pmic\@30/regulators/regulaator-vouts1/regulator-oc-warn-microamp'
GELWUGSHYT00055730
GELWUGSHYT 0
root@arm:~# echo 'BLJF''JUAKSG'
BLJFJUAKSG
root@arm:~# MARKER='VZFY''JXJGFV' run 'i2cget -y -f 2 0x30 0x5f'
VZFYJXJGFV0x07
VZFYJXJGFV 0
root@arm:~# echo 'HPBG''TXPBNN'
HPBGTXPBNN
root@arm:~# MARKER='SSLQ''WNSYLB' run 'grep -r -l rohm,bd9576 /proc/device-tree || sed '"'"'s![^/]*$!!'"'"''
SSLQWNSYLB/proc/device-tree/ocp/interconnect@48000000/segment@100000/target-module@9c000/i2c@0/pmic@30/
SSLQWNSYLB 0
root@arm:~# echo 'BBHE''MBBBFT'
BBHEMBBBFT
root@arm:~# MARKER='ZXMZ''XAPOTZ' run 'xxd -p /proc/device-tree/ocp/interconnect\\@48000000/segment\@100000/target-module\@9c000/i2c\@0/pmic\@30/regulators/regulaator-vouts1/regulator-oc-protection-microamp'
ZXMZXAPOTZ00149970
ZXMZXAPOTZ 0
root@arm:~# echo 'AHZB''TMSLGO'
AHZBTMSLGO
root@arm:~# MARKER='BALP''NOTFUN' run 'i2cget -y -f 2 0x30 0x60'
BALPNOTFUN0x1b
BALPNOTFUN 0
root@arm:~# Labgrid Console Logfile for main
Logfile started at 2024-10-15 09:40:21.908792
=== Log starts here ===
reading args
spl_load_image_fat_os: error reading image args, err - -1
reading u-boot.img
reading u-boot.img


U-Boot 2014.04-00014-g47880f5 (Apr 22 2014 - 13:23:54)

I2C:   ready
DRAM:  512 MiB
NAND:  0 MiB
MMC:   OMAP SD/MMC: 0, OMAP SD/MMC: 1
*** Warning - readenv() failed, using default environment

Net:   <ethaddr> not set. Validating first E-fuse MAC
cpsw, usb_ether
Hit any key to stop autoboot:  1  0 
gpio: pin 53 (gpio 53) value is 1
mmc0 is current device
gpio: pin 54 (gpio 54) value is 1
SD/MMC found on device 0
reading uEnv.txt
569 bytes read in 4 ms (138.7 KiB/s)
gpio: pin 55 (gpio 55) value is 1
Loaded environment from uEnv.txt
Importing environment from mmc ...
Checking if uenvcmd is set ...
gpio: pin 56 (gpio 56) value is 1
Running uenvcmd ...
cpsw Waiting for PHY auto negotiation to complete. done
link up on port 0, speed 100, full duplex
Using cpsw device
TFTP from server 192.168.255.126; our IP address is 192.168.255.1
Filename 'zImage'.
Load address: 0x81000000
Loading: *#################################################################
	 #################################################################
	 #################################################################
	 #################################################################
	 #################################################################
	 ###################################################
	 2.4 MiB/s
done
Bytes transferred = 5512024 (541b58 hex)
link up on port 0, speed 100, full duplex
Using cpsw device
TFTP from server 192.168.255.126; our IP address is 192.168.255.1
Filename 'am335x-boneblack.dtb'.
Load address: 0x82000000
Loading: *#######
	 2.3 MiB/s
done
Bytes transferred = 98244 (17fc4 hex)
Kernel image @ 0x81000000 [ 0x000000 - 0x541b58 ]
## Flattened Device Tree blob at 82000000
   Booting using the fdt blob at 0x82000000
   Using Device Tree in place at 82000000, end 8201afc3

Starting kernel ...

[    0.000000] Booting Linux on physical CPU 0x0
[    0.000000] Linux version 6.12.0-rc3-next-20241015 (user01@drvtest01) (arm-linux-gnueabihf-gcc (Linaro GCC 6.4-2017.11) 6.4.1 20171012, GNU ld (Linaro_Binutils-2017.11) 2.27.0.20161229) #115 SMP Tue Oct 15 09:35:47 EEST 2024
[    0.000000] CPU: ARMv7 Processor [413fc082] revision 2 (ARMv7), cr=10c5387d
[    0.000000] CPU: PIPT / VIPT nonaliasing data cache, VIPT aliasing instruction cache
[    0.000000] OF: fdt: Machine model: TI AM335x BeagleBone Black
[    0.000000] Memory policy: Data cache writeback
[    0.000000] cma: Reserved 16 MiB at 0x9e800000 on node -1
[    0.000000] Zone ranges:
[    0.000000]   Normal   [mem 0x0000000080000000-0x000000009fdfffff]
[    0.000000]   HighMem  empty
[    0.000000] Movable zone start for each node
[    0.000000] Early memory node ranges
[    0.000000]   node   0: [mem 0x0000000080000000-0x000000009fdfffff]
[    0.000000] Initmem setup node 0 [mem 0x0000000080000000-0x000000009fdfffff]
[    0.000000] CPU: All CPU(s) started in SVC mode.
[    0.000000] AM335X ES2.1 (sgx neon)
[    0.000000] percpu: Embedded 17 pages/cpu s39756 r8192 d21684 u69632
[    0.000000] Kernel command line: console=ttyO0,115200n8 root=/dev/nfs rw nfsroot=192.168.255.126:/home/user01/nfs,nfsvers=3 ip=192.168.255.1:192.168.255.126::255.255.255.0:bbb1:eth0 nfsrootdebug
[    0.000000] Unknown kernel command line parameters "nfsrootdebug", will be passed to user space.
[    0.000000] Dentry cache hash table entries: 65536 (order: 6, 262144 bytes, linear)
[    0.000000] Inode-cache hash table entries: 32768 (order: 5, 131072 bytes, linear)
[    0.000000] Built 1 zonelists, mobility grouping on.  Total pages: 130560
[    0.000000] mem auto-init: stack:off, heap alloc:off, heap free:off
[    0.000000] SLUB: HWalign=64, Order=0-3, MinObjects=0, CPUs=1, Nodes=1
[    0.000000] trace event string verifier disabled
[    0.000000] rcu: Hierarchical RCU implementation.
[    0.000000] rcu: 	RCU event tracing is enabled.
[    0.000000] rcu: 	RCU restricting CPUs from NR_CPUS=2 to nr_cpu_ids=1.
[    0.000000] 	Tracing variant of Tasks RCU enabled.
[    0.000000] rcu: RCU calculated value of scheduler-enlistment delay is 10 jiffies.
[    0.000000] rcu: Adjusting geometry for rcu_fanout_leaf=16, nr_cpu_ids=1
[    0.000000] RCU Tasks Trace: Setting shift to 0 and lim to 1 rcu_task_cb_adjust=1 rcu_task_cpu_ids=1.
[    0.000000] NR_IRQS: 16, nr_irqs: 16, preallocated irqs: 16
[    0.000000] IRQ: Found an INTC at 0x(ptrval) (revision 5.0) with 128 interrupts
[    0.000000] rcu: srcu_init: Setting srcu_struct sizes based on contention.
[    0.000000] TI gptimer clocksource: always-on /ocp/interconnect@44c00000/segment@200000/target-module@31000
[    0.000003] sched_clock: 32 bits at 24MHz, resolution 41ns, wraps every 89478484971ns
[    0.000026] clocksource: dmtimer: mask: 0xffffffff max_cycles: 0xffffffff, max_idle_ns: 79635851949 ns
[    0.000509] TI gptimer clockevent: 24000000 Hz at /ocp/interconnect@48000000/segment@0/target-module@40000
[    0.002157] Console: colour dummy device 80x30
[    0.002221] WARNING: Your 'console=ttyO0' has been replaced by 'ttyS0'
[    0.002228] This ensures that you still see kernel messages. Please
[    0.002232] update your kernel commandline.
[    0.002274] Calibrating delay loop... 996.14 BogoMIPS (lpj=4980736)
[    0.090559] CPU: Testing write buffer coherency: ok
[    0.090674] CPU0: Spectre v2: using BPIALL workaround
[    0.090685] pid_max: default: 32768 minimum: 301
[    0.090814] LSM: initializing lsm=capability
[    0.090990] Mount-cache hash table entries: 1024 (order: 0, 4096 bytes, linear)
[    0.091011] Mountpoint-cache hash table entries: 1024 (order: 0, 4096 bytes, linear)
[    0.092681] CPU0: thread -1, cpu 0, socket -1, mpidr 0
[    0.141076] Setting up static identity map for 0x80100000 - 0x80100078
[    0.150731] rcu: Hierarchical SRCU implementation.
[    0.150742] rcu: 	Max phase no-delay instances is 1000.
[    0.170774] smp: Bringing up secondary CPUs ...
[    0.170830] smp: Brought up 1 node, 1 CPU
[    0.170846] SMP: Total of 1 processors activated (996.14 BogoMIPS).
[    0.170859] CPU: All CPU(s) started in SVC mode.
[    0.171055] Memory: 480860K/522240K available (11264K kernel code, 1212K rwdata, 2884K rodata, 1024K init, 300K bss, 23368K reserved, 16384K cma-reserved, 0K highmem)
[    0.171940] devtmpfs: initialized
[    0.188747] VFP support v0.3: implementor 41 architecture 3 part 30 variant c rev 3
[    0.189103] clocksource: jiffies: mask: 0xffffffff max_cycles: 0xffffffff, max_idle_ns: 19112604462750000 ns
[    0.189137] futex hash table entries: 256 (order: 2, 16384 bytes, linear)
[    0.190422] pinctrl core: initialized pinctrl subsystem
[    0.193499] NET: Registered PF_NETLINK/PF_ROUTE protocol family
[    0.196315] DMA: preallocated 256 KiB pool for atomic coherent allocations
[    0.197217] audit: initializing netlink subsys (disabled)
[    0.198658] thermal_sys: Registered thermal governor 'fair_share'
[    0.198675] thermal_sys: Registered thermal governor 'step_wise'
[    0.198685] thermal_sys: Registered thermal governor 'user_space'
[    0.198841] audit: type=2000 audit(0.190:1): state=initialized audit_enabled=0 res=1
[    0.198879] cpuidle: using governor menu
[    0.218121] No ATAGs?
[    0.218146] hw-breakpoint: debug architecture 0x4 unsupported.
[    0.221011] kprobes: kprobe jump-optimization is enabled. All kprobes are optimized if possible.
[    0.234060] iommu: Default domain type: Translated
[    0.234083] iommu: DMA domain TLB invalidation policy: strict mode
[    0.241680] SCSI subsystem initialized
[    0.242535] pps_core: LinuxPPS API ver. 1 registered
[    0.242546] pps_core: Software ver. 5.3.6 - Copyright 2005-2007 Rodolfo Giometti <giometti@linux.it>
[    0.242572] PTP clock support registered
[    0.250987] vgaarb: loaded
[    0.251403] clocksource: Switched to clocksource dmtimer
[    0.252074] VFS: Disk quotas dquot_6.6.0
[    0.252117] VFS: Dquot-cache hash table entries: 1024 (order 0, 4096 bytes)
[    0.277589] NET: Registered PF_INET protocol family
[    0.277934] IP idents hash table entries: 8192 (order: 4, 65536 bytes, linear)
[    0.279338] tcp_listen_portaddr_hash hash table entries: 512 (order: 0, 4096 bytes, linear)
[    0.279375] Table-perturb hash table entries: 65536 (order: 6, 262144 bytes, linear)
[    0.279392] TCP established hash table entries: 4096 (order: 2, 16384 bytes, linear)
[    0.279435] TCP bind hash table entries: 4096 (order: 4, 65536 bytes, linear)
[    0.279535] TCP: Hash tables configured (established 4096 bind 4096)
[    0.279655] UDP hash table entries: 256 (order: 1, 8192 bytes, linear)
[    0.279683] UDP-Lite hash table entries: 256 (order: 1, 8192 bytes, linear)
[    0.279852] NET: Registered PF_UNIX/PF_LOCAL protocol family
[    0.282053] RPC: Registered named UNIX socket transport module.
[    0.282075] RPC: Registered udp transport module.
[    0.282081] RPC: Registered tcp transport module.
[    0.282086] RPC: Registered tcp-with-tls transport module.
[    0.282092] RPC: Registered tcp NFSv4.1 backchannel transport module.
[    0.282116] PCI: CLS 0 bytes, default 64
[    0.283616] Initialise system trusted keyrings
[    0.292251] workingset: timestamp_bits=14 max_order=17 bucket_order=3
[    0.293588] NFS: Registering the id_resolver key type
[    0.293704] Key type id_resolver registered
[    0.293711] Key type id_legacy registered
[    0.293762] jffs2: version 2.2. (NAND) (SUMMARY)  Â© 2001-2006 Red Hat, Inc.
[    0.294167] Key type asymmetric registered
[    0.294185] Asymmetric key parser 'x509' registered
[    0.294254] io scheduler mq-deadline registered
[    0.294265] io scheduler kyber registered
[    0.294333] io scheduler bfq registered
[    0.295976] ledtrig-cpu: registered to indicate activity on CPUs
[    0.301969] Serial: 8250/16550 driver, 6 ports, IRQ sharing enabled
[    0.353126] brd: module loaded
[    0.374468] loop: module loaded
[    0.375407] mtdoops: mtd device (mtddev=name/number) must be supplied
[    0.378545] i2c_dev: i2c /dev entries driver
[    0.379527] cpuidle: enable-method property 'ti,am3352' found operations
[    0.379972] sdhci: Secure Digital Host Controller Interface driver
[    0.379984] sdhci: Copyright(c) Pierre Ossman
[    0.380164] sdhci-pltfm: SDHCI platform and OF driver helper
[    0.381187] Initializing XFRM netlink socket
[    0.381343] NET: Registered PF_INET6 protocol family
[    0.399181] Segment Routing with IPv6
[    0.399274] In-situ OAM (IOAM) with IPv6
[    0.399375] sit: IPv6, IPv4 and MPLS over IPv4 tunneling driver
[    0.400329] NET: Registered PF_PACKET protocol family
[    0.400369] NET: Registered PF_KEY protocol family
[    0.400498] Key type dns_resolver registered
[    0.400776] ThumbEE CPU extension supported.
[    0.400798] Registering SWP/SWPB emulation handler
[    0.401331] omap_voltage_late_init: Voltage driver support not added
[    0.401888] SmartReflex Class3 initialized
[    0.423074] Loading compiled-in X.509 certificates
[    0.503746] platform 44e10800.pinmux: Fixed dependency cycle(s) with /ocp/interconnect@44c00000/segment@200000/target-module@10000/scm@0/pinmux@800/clkout2-pins
[    0.504310] pinctrl-single 44e10800.pinmux: 142 pins, size 568
[    0.509471] ti-sysc 44e31000.target-module: probe with driver ti-sysc failed with error -16
[    0.538056] ti-sysc 48040000.target-module: probe with driver ti-sysc failed with error -16
[    0.587150] OMAP GPIO hardware version 0.1
[    0.600960] omap_i2c 4819c000.i2c: bus 2 rev0.11 at 100 kHz
[    0.653813] 48000000.interconnect:segment@200000:target-module@0:mpu@0:fck: device ID is greater than 24
[    0.657934] platform 4830e000.lcdc: Fixed dependency cycle(s) with /ocp/interconnect@44c00000/segment@200000/target-module@b000/i2c@0/tda19988@70
[    0.669011] sdhci-omap 481d8000.mmc: supply pbias not found, using dummy regulator
[    0.669521] sdhci-omap 481d8000.mmc: supply vqmmc not found, using dummy regulator
[    0.717192] davinci_mdio 4a101000.mdio: davinci mdio revision 1.6, bus freq 1000000
[    0.831864] davinci_mdio 4a101000.mdio: phy[0]: device 4a101000.mdio:00, driver SMSC LAN8710/LAN8720
[    0.832677] cpsw-switch 4a100000.switch: initialized cpsw ale version 1.4
[    0.832699] cpsw-switch 4a100000.switch: ALE Table size 1024, Policers 0
[    0.832837] cpsw-switch 4a100000.switch: cpts: overflow check period 500 (jiffies)
[    0.832854] cpsw-switch 4a100000.switch: CPTS: ref_clk_freq:250000000 calc_mult:2147483648 calc_shift:29 error:0 nsec/sec
[    0.832953] cpsw-switch 4a100000.switch: Detected MACID = 6c:ec:eb:68:de:78
[    0.834782] cpsw-switch 4a100000.switch: initialized (regs 0x4a100000, pool size 256) hw_ver:0019010C 1.12 (0)
[    0.845818] debugfs: Directory '49000000.dma' with parent 'dmaengine' already present!
[    0.845860] edma 49000000.dma: TI EDMA DMA engine driver
[    0.864682] target-module@4b000000:target-module@140000:pmu@0:fck: device ID is greater than 24
[    0.886341] hw perfevents: enabled with armv7_cortex_a8 PMU driver, 5 (8000000f) counters available
[    0.894112] l3-aon-clkctrl:0000:0: failed to disable
[    0.896993] 44e09000.serial: ttyS0 at MMIO 0x44e09000 (irq = 34, base_baud = 3000000) is a 8250
[    0.897081] printk: legacy console [ttyS0] enabled
[    2.262395] tps65217-pmic: Failed to locate of_node [id: -1]
[    2.268462] tps65217-bl: Failed to locate of_node [id: -1]
[    2.279840] tps65217 0-0024: TPS65217 ID 0xe version 1.2
[    2.286002] platform 4830e000.lcdc: Fixed dependency cycle(s) with /ocp/interconnect@44c00000/segment@200000/target-module@b000/i2c@0/tda19988@70
[    2.299429] i2c 0-0070: Fixed dependency cycle(s) with /ocp/interconnect@48000000/segment@300000/target-module@e000/lcdc@0
[    2.310844] omap_i2c 44e0b000.i2c: bus 0 rev0.11 at 400 kHz
[    2.318660] omap_gpio 44e07000.gpio: Could not set line 6 debounce to 200000 microseconds (-22)
[    2.327539] sdhci-omap 48060000.mmc: Got CD GPIO
[    2.332583] sdhci-omap 48060000.mmc: supply pbias not found, using dummy regulator
[    2.342976] sdhci-omap 48060000.mmc: supply vqmmc not found, using dummy regulator
[    2.352060] sdhci-omap 481d8000.mmc: supply pbias not found, using dummy regulator
[    2.360058] sdhci-omap 481d8000.mmc: supply vqmmc not found, using dummy regulator
[    2.398834] mmc1: SDHCI controller on 481d8000.mmc [481d8000.mmc] using External DMA
[    2.408074] mmc0: SDHCI controller on 48060000.mmc [48060000.mmc] using External DMA
[    2.416997] cpsw-switch 4a100000.switch: starting ndev. mode: dual_mac
[    2.460597] mmc0: new high speed SDHC card at address 5048
[    2.467706] mmcblk0: mmc0:5048 SD16G 14.4 GiB
[    2.475834]  mmcblk0: p1 p2
[    2.479224] mmcblk0: p2 size 31221760 extends beyond EOD, truncated
[    2.492698] SMSC LAN8710/LAN8720 4a101000.mdio:00: attached PHY driver (mii_bus:phy_addr=4a101000.mdio:00, irq=POLL)
[    2.504987] mmc1: new high speed MMC card at address 0001
[    2.511854] mmcblk1: mmc1:0001 MMC04G 3.60 GiB
[    2.524151]  mmcblk1: p1 p2
[    2.528462] mmcblk1boot0: mmc1:0001 MMC04G 2.00 MiB
[    2.535701] mmcblk1boot1: mmc1:0001 MMC04G 2.00 MiB
[    2.543254] mmcblk1rpmb: mmc1:0001 MMC04G 128 KiB, chardev (250:0)
[    5.682199] cpsw-switch 4a100000.switch eth0: Link is Up - 100Mbps/Full - flow control off
[    5.721661] IP-Config: Complete:
[    5.724943]      device=eth0, hwaddr=6c:ec:eb:68:de:78, ipaddr=192.168.255.1, mask=255.255.255.0, gw=255.255.255.255
[    5.735616]      host=bbb1, domain=, nis-domain=(none)
[    5.740786]      bootserver=192.168.255.126, rootserver=192.168.255.126, rootpath=
[    5.741226] clk: Disabling unused clocks
[    5.753086] PM: genpd: Disabling unused power domains
[    5.758204] KTAP version 1
[    5.760924] 1..0
[    5.786363] VFS: Mounted root (nfs filesystem) on device 0:17.
[    5.793500] devtmpfs: mounted
[    5.798174] Freeing unused kernel image (initmem) memory: 1024K
[    5.805196] Run /sbin/init as init process
[    6.516565] systemd[1]: System time before build time, advancing clock.
[    8.001433] random: crng init done
[    8.044103] systemd[1]: systemd 232 running in system mode. (+PAM +AUDIT +SELINUX +IMA +APPARMOR +SMACK +SYSVINIT +UTMP +LIBCRYPTSETUP +GCRYPT +GNUTLS +ACL +XZ +LZ4 +SECCOMP +BLKID +ELFUTILS +KMOD +IDN)
[    8.063175] systemd[1]: Detected architecture arm.

Welcome to [1mDebian GNU/Linux 9 (stretch)[0m!

[    8.094660] systemd[1]: Set hostname to <arm>.
[    9.210345] systemd[1]: Set up automount Arbitrary Executable File Formats File System Automount Point.
[[0;32m  OK  [0m] Set up automount Arbitrary Executabâ€¦rmats File System Automount Point.
[    9.243411] systemd[1]: Listening on /dev/initctl Compatibility Named Pipe.
[[0;32m  OK  [0m] Listening on /dev/initctl Compatibility Named Pipe.
[    9.273070] systemd[1]: Created slice System Slice.
[[0;32m  OK  [0m] Created slice System Slice.
[    9.332014] systemd[1]: Mounting POSIX Message Queue File System...
         Mounting POSIX Message Queue File System...
[    9.348860] systemd[1]: Listening on Journal Socket (/dev/log).
[[0;32m  OK  [0m] Listening on Journal Socket (/dev/log).
[    9.363896] systemd[1]: dev-hugepages.mount: Couldn't determine result for ConditionVirtualization=!private-users, assuming failed: No such file or directory
[    9.388930] systemd[1]: Created slice system-serial\x2dgetty.slice.
[[0;32m  OK  [0m] Created slice system-serial\x2dgetty.slice.
[[0;32m  OK  [0m] Listening on Syslog Socket.
[[0;32m  OK  [0m] Listening on Journal Socket.
         Starting Create list of required stâ€¦ce nodes for the current kernel...
[[0;32m  OK  [0m] Started Dispatch Password Requests to Console Directory Watch.
[[0;32m  OK  [0m] Started Forward Password Requests to Wall Directory Watch.
[[0;32m  OK  [0m] Reached target Paths.
[[0;32m  OK  [0m] Reached target Encrypted Volumes.
[[0;32m  OK  [0m] Listening on Journal Audit Socket.
         Starting Journal Service...
         Mounting Debug File System...
[[0;32m  OK  [0m] Listening on udev Control Socket.
[[0;32m  OK  [0m] Reached target Remote File Systems.
         Starting Load Kernel Modules...
[[0;32m  OK  [0m] Listening on udev Kernel Socket.
[[0;32m  OK  [0m] Created slice system-getty.slice.
[[0;32m  OK  [0m] Created slice User and Session Slice.
[[0;32m  OK  [0m] Reached target Slices.
[[0;32m  OK  [0m] Reached target Swap.
         Starting Remount Root and Kernel File Systems...
[[0;32m  OK  [0m] Mounted POSIX Message Queue File System.
[[0;32m  OK  [0m] Mounted Debug File System.
[[0;32m  OK  [0m] Started Create list of required staâ€¦vice nodes for the current kernel.
         Starting Create Static Device Nodes in /dev...
[[0;32m  OK  [0m] Started Load Kernel Modules.
         Mounting Configuration File System...
         Starting Apply Kernel Variables...
[[0;32m  OK  [0m] Started Remount Root and Kernel File Systems.
         Starting udev Coldplug all Devices...
         Starting Load/Save Random Seed...
[[0;32m  OK  [0m] Mounted Configuration File System.
[[0;32m  OK  [0m] Started Apply Kernel Variables.
[[0;32m  OK  [0m] Started Load/Save Random Seed.
[[0;32m  OK  [0m] Started Create Static Device Nodes in /dev.
[[0;32m  OK  [0m] Reached target Local File Systems (Pre).
[[0;32m  OK  [0m] Reached target Local File Systems.
         Starting Raise network interfaces...
         Starting udev Kernel Device Manager...
[[0;32m  OK  [0m] Started Journal Service.
         Starting Flush Journal to Persistent Storage...
[   11.515608] systemd-journald[88]: Received request to flush runtime journal from PID 1
[[0;32m  OK  [0m] Started Flush Journal to Persistent Storage.
         Starting Create Volatile Files and Directories...
[[0;32m  OK  [0m] Started udev Kernel Device Manager.
[[0;32m  OK  [0m] Started Create Volatile Files and Directories.
         Starting Update UTMP about System Boot/Shutdown...
         Starting Network Time Synchronization...
[[0;32m  OK  [0m] Started Update UTMP about System Boot/Shutdown.
[[0;32m  OK  [0m] Started udev Coldplug all Devices.
[[0;32m  OK  [0m] Started Network Time Synchronization.
[   14.858435] remoteproc remoteproc0: wkup_m3 is available
[   14.928389] at24 2-0054: supply vcc not found, using dummy regulator
[   15.023128] omap_wdt: OMAP Watchdog Timer Rev 0x01: initial timeout 60 sec
[   15.059935] at24 2-0055: supply vcc not found, using dummy regulator
[   15.141983] at24 2-0056: supply vcc not found, using dummy regulator
[   15.248944] at24 2-0057: supply vcc not found, using dummy regulator
[   15.336098] at24 0-0050: 32768 byte 24c256 EEPROM, writable, 1 bytes/write
[   15.509447] tps6521x_pwrbutton tps65217-pwrbutton: DMA mask not set
[   15.553445] omap_rtc 44e3e000.rtc: registered as rtc0
[   15.559749] omap_rtc 44e3e000.rtc: setting system clock to 2000-01-01T00:00:00 UTC (946684800)
[[0;32m  OK  [0m] Found device /dev/ttyS0.
[   15.607841] input: tps65217_pwrbutton as /devices/platform/ocp/44c00000.interconnect/44c00000.interconnect:segment@200000/44e0b000.target-module/44e0b000.i2c/i2c-0/0-0024/tps65217-pwrbutton/input/input0
[   15.656390] wkup_m3_ipc 44e11324.wkup_m3_ipc: IPC Request for A8->M3 Channel failed! -517
[   15.692844] wkup_m3_ipc 44e11324.wkup_m3_ipc: IPC Request for A8->M3 Channel failed! -517
[[0;32m  OK  [0m] Reached target System Initialization.
[   15.872808] am335x-phy-driver 47401300.usb-phy: dummy supplies not allowed for exclusive requests (id=vbus)
[[0;32m  OK  [0m] Started Daily Cleanup of Temporary Directories.
[[0;32m  OK  [0m] Listening on D-Bus System Message Bus Socket.
[[0;32m  OK  [0m] Listening on Avahi mDNS/DNS-SD Stack Activation Socket.
[   16.161815] usbcore: registered new interface driver usbfs
[   16.167469] usbcore: registered new interface driver hub
[   16.173037] usbcore: registered new device driver usb
[[0;32m  OK  [0m] Reached target Sockets.
[[0;32m  OK  [0m] Reached target Basic System.
         Starting LSB: Start busybox udhcpd at boot time...
[   16.341631] am335x-phy-driver 47401b00.usb-phy: dummy supplies not allowed for exclusive requests (id=vbus)
[   16.362599] wkup_m3_ipc 44e11324.wkup_m3_ipc: IPC Request for A8->M3 Channel failed! -517
         Starting DUN service...
[   16.537944] wkup_m3_ipc 44e11324.wkup_m3_ipc: IPC Request for A8->M3 Channel failed! -517
[[0;32m  OK  [0m] Started Regular background program processing daemon.
[   16.860074] wkup_m3_ipc 44e11324.wkup_m3_ipc: IPC Request for A8->M3 Channel failed! -517
         Starting Avahi mDNS/DNS-SD Stack...
[   16.973652] musb-hdrc musb-hdrc.1: MUSB HDRC host driver
[   16.979081] musb-hdrc musb-hdrc.1: new USB bus registered, assigned bus number 1
[   17.020295] wkup_m3_ipc 44e11324.wkup_m3_ipc: IPC Request for A8->M3 Channel failed! -517
[   17.043239] tda998x 0-0070: found TDA19988
         Starting Generic Board Startup...
[   17.175273] wkup_m3_ipc 44e11324.wkup_m3_ipc: IPC Request for A8->M3 Channel failed! -517
[[0;32m  OK  [0m] Started D-Bus System Message Bus.
[   17.303076] usb usb1: New USB device found, idVendor=1d6b, idProduct=0002, bcdDevice= 6.12
[   17.312016] usb usb1: New USB device strings: Mfr=3, Product=2, SerialNumber=1
[   17.319413] usb usb1: Product: MUSB HDRC host driver
[   17.324511] usb usb1: Manufacturer: Linux 6.12.0-rc3-next-20241015 musb-hcd
[   17.331547] usb usb1: SerialNumber: musb-hdrc.1
[   17.676306] omap-mailbox 480c8000.mailbox: omap mailbox rev 0x400
