Labgrid Console Logfile for main
Logfile started at 2025-10-19 17:54:10.083076
=== Log starts here ===
reading args
spl_load_image_fat_os: error reading image args, err - -1
reading u-boot.img
reading u-boot.img


U-Boot 2014.04-00014-g47880f5 (Apr 22 2014 - 13:23:54)

I2C:   ready
DRAM:  512 MiB
NAND:  0 MiB
MMC:   OMAP SD/MMC: 0, OMAP SD/MMC: 1
*** Warning - readenv() failed, using default environment

Net:   <ethaddr> not set. Validating first E-fuse MAC
cpsw, usb_ether
Hit any key to stop autoboot:  1  0 
gpio: pin 53 (gpio 53) value is 1
mmc0 is current device
gpio: pin 54 (gpio 54) value is 1
SD/MMC found on device 0
reading uEnv.txt
569 bytes read in 4 ms (138.7 KiB/s)
gpio: pin 55 (gpio 55) value is 1
Loaded environment from uEnv.txt
Importing environment from mmc ...
Checking if uenvcmd is set ...
gpio: pin 56 (gpio 56) value is 1
Running uenvcmd ...
cpsw Waiting for PHY auto negotiation to complete. done
link up on port 0, speed 100, full duplex
Using cpsw device
TFTP from server 192.168.255.126; our IP address is 192.168.255.1
Filename 'zImage'.
Load address: 0x81000000
Loading: *#################################################################
	 #################################################################
	 #################################################################
	 #################################################################
	 #################################################################
	 #######
	 2.4 MiB/s
done
Bytes transferred = 4872560 (4a5970 hex)
link up on port 0, speed 100, full duplex
Using cpsw device
TFTP from server 192.168.255.126; our IP address is 192.168.255.1
Filename 'am335x-boneblack.dtb'.
Load address: 0x82000000
Loading: *#######
	 2.3 MiB/s
done
Bytes transferred = 94874 (1729a hex)
Kernel image @ 0x81000000 [ 0x000000 - 0x4a5970 ]
## Flattened Device Tree blob at 82000000
   Booting using the fdt blob at 0x82000000
   Using Device Tree in place at 82000000, end 8201a299

Starting kernel ...

[    0.000000] Booting Linux on physical CPU 0x0
[    0.000000] Linux version 5.15.195 (user01@drvtest01) (arm-none-eabi-gcc (Arm GNU Toolchain 14.2.Rel1 (Build arm-14.52)) 14.2.1 20241119, GNU ld (Arm GNU Toolchain 14.2.Rel1 (Build arm-14.52)) 2.43.1.20241119) #1 SMP Sun Oct 19 17:43:46 EEST 2025
[    0.000000] CPU: ARMv7 Processor [413fc082] revision 2 (ARMv7), cr=10c5387d
[    0.000000] CPU: PIPT / VIPT nonaliasing data cache, VIPT aliasing instruction cache
[    0.000000] OF: fdt: Machine model: TI AM335x BeagleBone Black
[    0.000000] Memory policy: Data cache writeback
[    0.000000] cma: Reserved 16 MiB at 0x9e800000
[    0.000000] Zone ranges:
[    0.000000]   Normal   [mem 0x0000000080000000-0x000000009fdfffff]
[    0.000000]   HighMem  empty
[    0.000000] Movable zone start for each node
[    0.000000] Early memory node ranges
[    0.000000]   node   0: [mem 0x0000000080000000-0x000000009fdfffff]
[    0.000000] Initmem setup node 0 [mem 0x0000000080000000-0x000000009fdfffff]
[    0.000000] CPU: All CPU(s) started in SVC mode.
[    0.000000] AM335X ES2.1 (sgx neon)
[    0.000000] percpu: Embedded 16 pages/cpu s33804 r8192 d23540 u65536
[    0.000000] Built 1 zonelists, mobility grouping on.  Total pages: 129412
[    0.000000] Kernel command line: console=ttyO0,115200n8 root=/dev/nfs rw nfsroot=192.168.255.126:/home/user01/nfs,nfsvers=3 ip=192.168.255.1:192.168.255.126::255.255.255.0:bbb1:eth0 nfsrootdebug
[    0.000000] Unknown kernel command line parameters "nfsrootdebug", will be passed to user space.
[    0.000000] Dentry cache hash table entries: 65536 (order: 6, 262144 bytes, linear)
[    0.000000] Inode-cache hash table entries: 32768 (order: 5, 131072 bytes, linear)
[    0.000000] mem auto-init: stack:off, heap alloc:off, heap free:off
[    0.000000] Memory: 484752K/522240K available (10240K kernel code, 1080K rwdata, 2396K rodata, 1024K init, 246K bss, 21104K reserved, 16384K cma-reserved, 0K highmem)
[    0.000000] trace event string verifier disabled
[    0.000000] rcu: Hierarchical RCU implementation.
[    0.000000] rcu: 	RCU event tracing is enabled.
[    0.000000] rcu: 	RCU restricting CPUs from NR_CPUS=2 to nr_cpu_ids=1.
[    0.000000] rcu: RCU calculated value of scheduler-enlistment delay is 10 jiffies.
[    0.000000] rcu: Adjusting geometry for rcu_fanout_leaf=16, nr_cpu_ids=1
[    0.000000] NR_IRQS: 16, nr_irqs: 16, preallocated irqs: 16
[    0.000000] IRQ: Found an INTC at 0x(ptrval) (revision 5.0) with 128 interrupts
[    0.000000] TI gptimer clocksource: always-on /ocp/interconnect@44c00000/segment@200000/target-module@31000
[    0.000002] sched_clock: 32 bits at 24MHz, resolution 41ns, wraps every 89478484971ns
[    0.000028] clocksource: dmtimer: mask: 0xffffffff max_cycles: 0xffffffff, max_idle_ns: 79635851949 ns
[    0.000446] TI gptimer clockevent: 24000000 Hz at /ocp/interconnect@48000000/segment@0/target-module@40000
[    0.002272] Console: colour dummy device 80x30
[    0.002330] WARNING: Your 'console=ttyO0' has been replaced by 'ttyS0'
[    0.002341] This ensures that you still see kernel messages. Please
[    0.002349] update your kernel commandline.
[    0.002394] Calibrating delay loop... 996.14 BogoMIPS (lpj=4980736)
[    0.090563] CPU: Testing write buffer coherency: ok
[    0.090653] CPU0: Spectre v2: using BPIALL workaround
[    0.090667] pid_max: default: 32768 minimum: 301
[    0.090808] LSM: Security Framework initializing
[    0.090991] Mount-cache hash table entries: 1024 (order: 0, 4096 bytes, linear)
[    0.091017] Mountpoint-cache hash table entries: 1024 (order: 0, 4096 bytes, linear)
[    0.092594] CPU0: thread -1, cpu 0, socket -1, mpidr 0
[    0.093624] Setting up static identity map for 0x80100000 - 0x80100078
[    0.093863] rcu: Hierarchical SRCU implementation.
[    0.095055] smp: Bringing up secondary CPUs ...
[    0.095088] smp: Brought up 1 node, 1 CPU
[    0.095101] SMP: Total of 1 processors activated (996.14 BogoMIPS).
[    0.095114] CPU: All CPU(s) started in SVC mode.
[    0.095892] devtmpfs: initialized
[    0.110291] VFP support v0.3: implementor 41 architecture 3 part 30 variant c rev 3
[    0.110710] clocksource: jiffies: mask: 0xffffffff max_cycles: 0xffffffff, max_idle_ns: 19112604462750000 ns
[    0.110750] futex hash table entries: 256 (order: 2, 16384 bytes, linear)
[    0.112093] pinctrl core: initialized pinctrl subsystem
[    0.114013] NET: Registered PF_NETLINK/PF_ROUTE protocol family
[    0.116767] DMA: preallocated 256 KiB pool for atomic coherent allocations
[    0.117320] audit: initializing netlink subsys (disabled)
[    0.118521] thermal_sys: Registered thermal governor 'fair_share'
[    0.118544] thermal_sys: Registered thermal governor 'step_wise'
[    0.118559] thermal_sys: Registered thermal governor 'user_space'
[    0.118925] cpuidle: using governor menu
[    0.134995] No ATAGs?
[    0.135034] hw-breakpoint: debug architecture 0x4 unsupported.
[    0.142987] kprobes: kprobe jump-optimization is enabled. All kprobes are optimized if possible.
[    0.143331] audit: type=2000 audit(0.110:1): state=initialized audit_enabled=0 res=1
[    0.149375] iommu: Default domain type: Translated 
[    0.149399] iommu: DMA domain TLB invalidation policy: strict mode 
[    0.150793] vgaarb: loaded
[    0.151328] SCSI subsystem initialized
[    0.152054] pps_core: LinuxPPS API ver. 1 registered
[    0.152070] pps_core: Software ver. 5.3.6 - Copyright 2005-2007 Rodolfo Giometti <giometti@linux.it>
[    0.152100] PTP clock support registered
[    0.153415] clocksource: Switched to clocksource dmtimer
[    0.199336] VFS: Disk quotas dquot_6.6.0
[    0.199450] VFS: Dquot-cache hash table entries: 1024 (order 0, 4096 bytes)
[    0.267468] NET: Registered PF_INET protocol family
[    0.267807] IP idents hash table entries: 8192 (order: 4, 65536 bytes, linear)
[    0.268756] tcp_listen_portaddr_hash hash table entries: 512 (order: 0, 4096 bytes, linear)
[    0.268809] Table-perturb hash table entries: 65536 (order: 6, 262144 bytes, linear)
[    0.268836] TCP established hash table entries: 4096 (order: 2, 16384 bytes, linear)
[    0.268886] TCP bind hash table entries: 4096 (order: 3, 32768 bytes, linear)
[    0.268950] TCP: Hash tables configured (established 4096 bind 4096)
[    0.269087] UDP hash table entries: 256 (order: 1, 8192 bytes, linear)
[    0.269116] UDP-Lite hash table entries: 256 (order: 1, 8192 bytes, linear)
[    0.269299] NET: Registered PF_UNIX/PF_LOCAL protocol family
[    0.270405] RPC: Registered named UNIX socket transport module.
[    0.270438] RPC: Registered udp transport module.
[    0.270447] RPC: Registered tcp transport module.
[    0.270455] RPC: Registered tcp NFSv4.1 backchannel transport module.
[    0.270476] PCI: CLS 0 bytes, default 64
[    0.271831] Initialise system trusted keyrings
[    0.286440] workingset: timestamp_bits=14 max_order=17 bucket_order=3
[    0.287696] NFS: Registering the id_resolver key type
[    0.287770] Key type id_resolver registered
[    0.287780] Key type id_legacy registered
[    0.287837] jffs2: version 2.2. (NAND) (SUMMARY)  Â© 2001-2006 Red Hat, Inc.
[    0.288212] Key type asymmetric registered
[    0.288233] Asymmetric key parser 'x509' registered
[    0.288298] io scheduler mq-deadline registered
[    0.288314] io scheduler kyber registered
[    0.290893] hw perfevents: enabled with armv7_cortex_a8 PMU driver, 5 counters available
[    0.298980] l3-aon-clkctrl:0000:0: failed to disable
[    0.299289] Serial: 8250/16550 driver, 6 ports, IRQ sharing enabled
[    0.322841] brd: module loaded
[    0.347967] loop: module loaded
[    0.348885] mtdoops: mtd device (mtddev=name/number) must be supplied
[    0.351160] i2c_dev: i2c /dev entries driver
[    0.352064] cpuidle: enable-method property 'ti,am3352' found operations
[    0.352457] sdhci: Secure Digital Host Controller Interface driver
[    0.352474] sdhci: Copyright(c) Pierre Ossman
[    0.352645] sdhci-pltfm: SDHCI platform and OF driver helper
[    0.352874] ledtrig-cpu: registered to indicate activity on CPUs
[    0.353525] Initializing XFRM netlink socket
[    0.353745] NET: Registered PF_INET6 protocol family
[    0.355282] Segment Routing with IPv6
[    0.355369] In-situ OAM (IOAM) with IPv6
[    0.355468] sit: IPv6, IPv4 and MPLS over IPv4 tunneling driver
[    0.356288] NET: Registered PF_PACKET protocol family
[    0.356339] NET: Registered PF_KEY protocol family
[    0.356454] Key type dns_resolver registered
[    0.356551] ThumbEE CPU extension supported.
[    0.356572] Registering SWP/SWPB emulation handler
[    0.357073] omap_voltage_late_init: Voltage driver support not added
[    0.357708] SmartReflex Class3 initialized
[    0.358527] Loading compiled-in X.509 certificates
[    0.390596] pinctrl-single 44e10800.pinmux: 142 pins, size 568
[    0.395065] ti-sysc: probe of 44e31000.target-module failed with error -16
[    0.426717] ti-sysc: probe of 48040000.target-module failed with error -16
[    0.466829] OMAP GPIO hardware version 0.1
[    0.490125] omap_i2c 4819c000.i2c: bus 2 rev0.11 at 100 kHz
[    0.530409] sdhci-omap 481d8000.mmc: supply vqmmc not found, using dummy regulator
[    0.588977] davinci_mdio 4a101000.mdio: davinci mdio revision 1.6, bus freq 1000000
[    0.774886] davinci_mdio 4a101000.mdio: phy[0]: device 4a101000.mdio:00, driver SMSC LAN8710/LAN8720
[    0.775475] cpsw-switch 4a100000.switch: initialized cpsw ale version 1.4
[    0.775503] cpsw-switch 4a100000.switch: ALE Table size 1024
[    0.775627] cpsw-switch 4a100000.switch: cpts: overflow check period 500 (jiffies)
[    0.775647] cpsw-switch 4a100000.switch: CPTS: ref_clk_freq:250000000 calc_mult:2147483648 calc_shift:29 error:0 nsec/sec
[    0.775760] cpsw-switch 4a100000.switch: Detected MACID = 6c:ec:eb:68:de:78
[    0.777326] cpsw-switch 4a100000.switch: initialized (regs 0x4a100000, pool size 256) hw_ver:0019010C 1.12 (0)
[    0.786572] debugfs: Directory '49000000.dma' with parent 'dmaengine' already present!
[    0.786629] edma 49000000.dma: TI EDMA DMA engine driver
[    0.835532] 44e09000.serial: ttyS0 at MMIO 0x44e09000 (irq = 19, base_baud = 3000000) is a 8250
[    1.830753] printk: console [ttyS0] enabled
[    1.864175] tps65217-pmic: Failed to locate of_node [id: -1]
[    1.879352] tps65217-bl: Failed to locate of_node [id: -1]
[    1.887803] tps65217 0-0024: TPS65217 ID 0xe version 1.2
[    1.893803] i2c 0-0070: Fixing up cyclic dependency with 4830e000.lcdc
[    1.900652] omap_i2c 44e0b000.i2c: bus 0 rev0.11 at 400 kHz
[    1.908079] omap_gpio 44e07000.gpio: Could not set line 6 debounce to 200000 microseconds (-22)
[    1.916936] sdhci-omap 48060000.mmc: Got CD GPIO
[    1.921896] sdhci-omap 48060000.mmc: supply vqmmc not found, using dummy regulator
[    1.934152] sdhci-omap 481d8000.mmc: supply vqmmc not found, using dummy regulator
[    1.966704] mmc0: SDHCI controller on 48060000.mmc [48060000.mmc] using External DMA
[    1.974751] mmc1: SDHCI controller on 481d8000.mmc [481d8000.mmc] using External DMA
[    1.983204] cpsw-switch 4a100000.switch: starting ndev. mode: dual_mac
[    2.056963] mmc0: new high speed SDHC card at address aaaa
[    2.063850] mmcblk0: mmc0:aaaa SE32G 29.7 GiB 
[    2.073093]  mmcblk0: p1 p2
[    2.078020] mmc1: new high speed MMC card at address 0001
[    2.084677] mmcblk1: mmc1:0001 MMC04G 3.60 GiB 
[    2.091772]  mmcblk1: p1 p2
[    2.095836] mmcblk1boot0: mmc1:0001 MMC04G 2.00 MiB 
[    2.102836] mmcblk1boot1: mmc1:0001 MMC04G 2.00 MiB 
[    2.109692] mmcblk1rpmb: mmc1:0001 MMC04G 128 KiB, chardev (250:0)
[    2.145235] SMSC LAN8710/LAN8720 4a101000.mdio:00: attached PHY driver (mii_bus:phy_addr=4a101000.mdio:00, irq=POLL)
[    5.284142] cpsw-switch 4a100000.switch eth0: Link is Up - 100Mbps/Full - flow control off
[    5.303461] IPv6: ADDRCONF(NETDEV_CHANGE): eth0: link becomes ready
[    5.333419] IP-Config: Complete:
[    5.336680]      device=eth0, hwaddr=6c:ec:eb:68:de:78, ipaddr=192.168.255.1, mask=255.255.255.0, gw=255.255.255.255
[    5.347292]      host=bbb1, domain=, nis-domain=(none)
[    5.352454]      bootserver=192.168.255.126, rootserver=192.168.255.126, rootpath=
[    5.352822] clk: Disabling unused clocks
[    5.364673] TAP version 14
[    5.367396] 1..0
[    5.390467] VFS: Mounted root (nfs filesystem) on device 0:16.
[    5.397356] devtmpfs: mounted
[    5.401650] Freeing unused kernel image (initmem) memory: 1024K
[    5.408367] Run /sbin/init as init process
[    6.101093] systemd[1]: System time before build time, advancing clock.
[    6.302425] random: systemd: uninitialized urandom read (16 bytes read)
[    6.314630] random: systemd: uninitialized urandom read (16 bytes read)
[    6.325581] systemd[1]: systemd 232 running in system mode. (+PAM +AUDIT +SELINUX +IMA +APPARMOR +SMACK +SYSVINIT +UTMP +LIBCRYPTSETUP +GCRYPT +GNUTLS +ACL +XZ +LZ4 +SECCOMP +BLKID +ELFUTILS +KMOD +IDN)
[    6.344672] systemd[1]: Detected architecture arm.

Welcome to [1mDebian GNU/Linux 9 (stretch)[0m!

[    6.386344] systemd[1]: Set hostname to <arm>.
[    6.760245] random: systemd-cryptse: uninitialized urandom read (16 bytes read)
[    7.304212] random: systemd: uninitialized urandom read (16 bytes read)
[    7.346137] random: systemd: uninitialized urandom read (16 bytes read)
[    7.353061] random: systemd: uninitialized urandom read (16 bytes read)
[    7.366191] systemd[1]: Reached target Swap.
[[0;32m  OK  [0m] Reached target Swap.
[    7.405218] systemd[1]: Listening on /dev/initctl Compatibility Named Pipe.
[[0;32m  OK  [0m] Listening on /dev/initctl Compatibility Named Pipe.
[    7.444255] systemd[1]: Started Forward Password Requests to Wall Directory Watch.
[[0;32m  OK  [0m] Started Forward Password Requests to Wall Directory Watch.
[    7.485401] systemd[1]: Listening on Journal Socket.
[[0;32m  OK  [0m] Listening on Journal Socket.
[    7.525273] systemd[1]: Listening on udev Control Socket.
[[0;32m  OK  [0m] Listening on udev Control Socket.
[    7.563824] systemd[1]: Reached target Remote File Systems.
[[0;32m  OK  [0m] Reached target Remote File Systems.
[    7.604061] systemd[1]: Listening on Journal Socket (/dev/log).
[[0;32m  OK  [0m] Listening on Journal Socket (/dev/log).
[[0;32m  OK  [0m] Set up automount Arbitrary Executabâ€¦rmats File System Automount Point.
[[0;32m  OK  [0m] Listening on Syslog Socket.
[[0;32m  OK  [0m] Created slice User and Session Slice.
[[0;32m  OK  [0m] Created slice System Slice.
         Mounting POSIX Message Queue File System...
         Starting Load Kernel Modules...
[[0;32m  OK  [0m] Reached target Slices.
         Starting Remount Root and Kernel File Systems...
[[0;32m  OK  [0m] Created slice system-getty.slice.
[[0;32m  OK  [0m] Started Dispatch Password Requests to Console Directory Watch.
[[0;32m  OK  [0m] Reached target Encrypted Volumes.
[[0;32m  OK  [0m] Reached target Paths.
         Mounting Debug File System...
         Starting Create list of required stâ€¦ce nodes for the current kernel...
[[0;32m  OK  [0m] Created slice system-serial\x2dgetty.slice.
[[0;32m  OK  [0m] Listening on udev Kernel Socket.
[[0;32m  OK  [0m] Listening on Journal Audit Socket.
         Starting Journal Service...
[[0;32m  OK  [0m] Mounted POSIX Message Queue File System.
[[0;32m  OK  [0m] Mounted Debug File System.
[[0;32m  OK  [0m] Started Load Kernel Modules.
[[0;32m  OK  [0m] Started Remount Root and Kernel File Systems.
[[0;32m  OK  [0m] Started Create list of required staâ€¦vice nodes for the current kernel.
[    8.322193] random: systemd-journal: uninitialized urandom read (16 bytes read)
[    8.338795] random: systemd: uninitialized urandom read (16 bytes read)
[    8.348254] random: systemd-journal: uninitialized urandom read (16 bytes read)
         Starting Create Static Device Nodes in /dev...
         Starting Load/Save Random Seed...
         Starting udev Coldplug all Devices...
         Starting Apply Kernel Variables...
         Mounting Configuration File System...
[[0;32m  OK  [0m] Mounted Configuration File System.
[[0;32m  OK  [0m] Started Load/Save Random Seed.
[[0;32m  OK  [0m] Started Apply Kernel Variables.
[[0;32m  OK  [0m] Started Create Static Device Nodes in /dev.
         Starting udev Kernel Device Manager...
[[0;32m  OK  [0m] Reached target Local File Systems (Pre).
[[0;32m  OK  [0m] Reached target Local File Systems.
         Starting Raise network interfaces...
[    9.376726] random: systemd-journal: uninitialized urandom read (16 bytes read)
[[0;32m  OK  [0m] Started Journal Service.
         Starting Flush Journal to Persistent Storage...
[[0;32m  OK  [0m] Started udev Kernel Device Manager.
[   10.084471] systemd-journald[101]: Received request to flush runtime journal from PID 1
[[0;32m  OK  [0m] Started Flush Journal to Persistent Storage.
         Starting Create Volatile Files and Directories...
[[0;32m  OK  [0m] Started Create Volatile Files and Directories.
         Starting Network Time Synchronization...
         Starting Update UTMP about System Boot/Shutdown...
[[0;32m  OK  [0m] Started Update UTMP about System Boot/Shutdown.
[   11.893571] random: crng init done
[   11.897037] random: 466 urandom warning(s) missed due to ratelimiting
[[0;32m  OK  [0m] Started udev Coldplug all Devices.
[[0;32m  OK  [0m] Started Network Time Synchronization.
[[0;32m  OK  [0m] Reached target System Time Synchronized.
[[0;32m  OK  [0m] Reached target System Initialization.
[[0;32m  OK  [0m] Started Daily apt download activities.
[[0;32m  OK  [0m] Listening on D-Bus System Message Bus Socket.
[[0;32m  OK  [0m] Started Daily apt upgrade and clean activities.
[[0;32m  OK  [0m] Listening on Avahi mDNS/DNS-SD Stack Activation Socket.
[[0;32m  OK  [0m] Reached target Sockets.
[[0;32m  OK  [0m] Reached target Basic System.
         Starting System Logging Service...
         Starting LSB: Load kernel modules needed to enable cpufreq scaling...
[   12.735294] remoteproc remoteproc0: wkup_m3 is available
         Starting LSB: Start busybox udhcpd at boot time...
         Starting Generic Board Startup...
[   12.917774] at24 2-0054: supply vcc not found, using dummy regulator
         Starting Cape Manager Service...
[   13.051750] at24 2-0055: supply vcc not found, using dummy regulator
[[0;32m  OK  [0m] Started Regular background program processing daemon.
         Starting Telephony service...
[   13.262499] at24 2-0056: supply vcc not found, using dummy regulator
         Starting DUN service...
[   13.394100] at24 2-0057: supply vcc not found, using dummy regulator
         Starting Login Service...
[   13.484244] at24 0-0050: supply vcc not found, using dummy regulator
[   13.554939] tps6521x_pwrbutton tps65217-pwrbutton: DMA mask not set
[[0;32m  OK  [0m] Started D-Bus System Message Bus.[   13.577894] at24 0-0050: 32768 byte 24c256 EEPROM, writable, 1 bytes/write

[   13.643134] input: tps65217_pwrbutton as /devices/platform/ocp/44c00000.interconnect/44c00000.interconnect:segment@200000/44e0b000.target-module/44e0b000.i2c/i2c-0/0-0024/tps65217-pwrbutton/input/input0
[   13.829664] omap_rtc 44e3e000.rtc: registered as rtc0
[   13.834941] omap_rtc 44e3e000.rtc: setting system clock to 2000-01-01T00:00:00 UTC (946684800)
[   13.943219] omap_wdt: OMAP Watchdog Timer Rev 0x01: initial timeout 60 sec
[   14.125588] am335x-phy-driver 47401300.usb-phy: supply vcc not found, using dummy regulator
[   14.550470] usbcore: registered new interface driver usbfs
[   14.556211] usbcore: registered new interface driver hub
[   14.561634] usbcore: registered new device driver usb
[   14.951165] am335x-phy-driver 47401b00.usb-phy: supply vcc not found, using dummy regulator
[   15.184937] musb-hdrc musb-hdrc.1: MUSB HDRC host driver
[   15.190342] musb-hdrc musb-hdrc.1: new USB bus registered, assigned bus number 1
[   15.368342] tda998x 0-0070: found TDA19988
[   15.538088] usb usb1: New USB device found, idVendor=1d6b, idProduct=0002, bcdDevice= 5.15
[   15.546529] usb usb1: New USB device strings: Mfr=3, Product=2, SerialNumber=1
[   15.553826] usb usb1: Product: MUSB HDRC host driver
[   15.558816] usb usb1: Manufacturer: Linux 5.15.195 musb-hcd
[   15.564437] usb usb1: SerialNumber: musb-hdrc.1
[   15.808654] omap-mailbox 480c8000.mailbox: omap mailbox rev 0x400
[   15.841191] remoteproc remoteproc0: powering up wkup_m3
[   15.925540] remoteproc remoteproc0: Direct firmware load for am335x-pm-firmware.elf failed with error -2
[   15.935255] remoteproc remoteproc0: request_firmware failed: -2
[   15.941213] wkup_m3_ipc 44e11324.wkup_m3_ipc: rproc_boot failed
[   16.172909] hub 1-0:1.0: USB hub found
[   16.239644] hub 1-0:1.0: 1 port detected
[[0;32m  OK  [0m] Started DUN service.
[[0;32m  OK  [0m] Started Telephony service.
         Starting Connection service...
         Starting Avahi mDNS/DNS-SD Stack...
[[0;32m  OK  [0m] Started Daily Cleanup of Temporary Directories.
[   17.272874] omap_rng 48310000.rng: Random Number Generator ver. 20
[[0;32m  OK  [0m] Reached target Timers.
[   17.326065] tilcdc 4830e000.lcdc: bound 0-0070 (ops tda998x_driver_exit [tda998x])
[   17.489846] [drm] Initialized tilcdc 1.0.0 20121205 for 4830e000.lcdc on minor 0
[[0;32m  OK  [0m] Started System Logging Service.
[[0;32m  OK  [0m] Started Cape Manager Service.
[   17.708102] tilcdc 4830e000.lcdc: [drm] Cannot find any crtc or sizes
[   17.732517] tilcdc 4830e000.lcdc: [drm] Cannot find any crtc or sizes
[   18.099717] Bluetooth: Core ver 2.22
[   18.103634] NET: Registered PF_BLUETOOTH protocol family
[   18.108975] Bluetooth: HCI device and connection manager initialized
[   18.115445] Bluetooth: HCI socket layer initialized
[   18.120355] Bluetooth: L2CAP socket layer initialized
[   18.125485] Bluetooth: SCO socket layer initialized
[[0;32m  OK  [0m] Found device /dev/ttyS0.
[   19.044720] PM: Cannot get wkup_m3_ipc handle
[   19.311497] omap-aes 53500000.aes: OMAP AES hw accel rev: 3.2
[   19.372002] omap-sham 53100000.sham: hw accel on OMAP rev 4.3
[   19.456416] omap-aes 53500000.aes: will run requests pump with realtime priority
[   19.500832] omap-sham 53100000.sham: will run requests pump with realtime priority
[   19.655597] PM: Cannot get wkup_m3_ipc handle
[   19.739800] PM: Cannot get wkup_m3_ipc handle
[[0;32m  OK  [0m] Started Raise network interfaces.
[[0;32m  OK  [0m] Started LSB: Start busybox udhcpd at boot time.
[   22.673093] using random self ethernet address
[   22.677757] using random host ethernet address
[   22.753937] PM: Cannot get wkup_m3_ipc handle
[   22.833989] PM: Cannot get wkup_m3_ipc handle
[   23.163705] using random self ethernet address
[   23.168215] using random host ethernet address
[   23.789950] usb0: HOST MAC 1c:ba:8c:a2:ed:6c
[   23.794424] usb0: MAC 1c:ba:8c:a2:ed:70
[   23.799114] usb1: HOST MAC 1c:ba:8c:a2:ed:6c
[   23.803512] usb1: MAC 1c:ba:8c:a2:ed:6d
[[0;32m  OK  [0m] Started LSB: Load kernel modules needed to enable cpufreq scaling.
[[0;32m  OK  [0m] Started Avahi mDNS/DNS-SD Stack.
[[0;32m  OK  [0m] Started Connection service.
[[0;32m  OK  [0m] Started Login Service.
         Starting Hostname Service...
         Starting WPA supplicant...
[[0;32m  OK  [0m] Reached target Sound Card.
         Starting LSB: set CPUFreq kernel parameters...
         Stopping LSB: Start busybox udhcpd at boot time...
[[0;32m  OK  [0m] Started WPA supplicant.
[[0;32m  OK  [0m] Reached target Network.
         Starting The Apache HTTP Server...
         Starting Permit User Sessions...
         Starting OpenBSD Secure Shell server...
[[0;32m  OK  [0m] Reached target Network is Online.
         Starting LSB: Advanced IEEE 802.11 management daemon...
[[0;32m  OK  [0m] Started Permit User Sessions.
[[0;32m  OK  [0m] Started LSB: Advanced IEEE 802.11 management daemon.
[[0;32m  OK  [0m] Started Hostname Service.
[[0;32m  OK  [0m] Stopped LSB: Start busybox udhcpd at boot time.
[[0;32m  OK  [0m] Started Getty on tty1.
[[0;32m  OK  [0m] Started Serial Getty on ttyS0.
[[0;32m  OK  [0m] Reached target Login Prompts.
[[0;32m  OK  [0m] Started LSB: set CPUFreq kernel parameters.
[[0;32m  OK  [0m] Started OpenBSD Secure Shell server.
         Starting dnsmasq - A lightweight DHCP and caching DNS server...
[[0;32m  OK  [0m] Started The Apache HTTP Server.
[[0;32m  OK  [0m] Started dnsmasq - A lightweight DHCP and caching DNS server.
[[0;32m  OK  [0m] Reached target Host and Network Name Lookups.
[[0;32m  OK  [0m] Started Serial Getty on ttyGS0.
[[0;32m  OK  [0m] Started Generic Board Startup.
[[0;32m  OK  [0m] Reached target Multi-User System.
[[0;32m  OK  [0m] Reached target Graphical Interface.
         Starting Update UTMP about System Runlevel Changes...
[[0;32m  OK  [0m] Started Update UTMP about System Runlevel Changes.

Debian GNU/Linux 9 arm ttyS0

default username:password is [debian:temppwd]

arm login: roo
Password: 
Last login: Sat Jan  1 00:00:31 UTC 2000 on ttyS0
root
Linux arm 5.15.195 #1 SMP Sun Oct 19 17:43:46 EEST 2025 armv7l

The programs included with the Debian GNU/Linux system are free software;
the exact distribution terms for each program are described in the
individual files in /usr/share/doc/*/copyright.

Debian GNU/Linux comes with ABSOLUTELY NO WARRANTY, to the extent
permitted by applicable law.
root@arm:~# root
-bash: root: command not found
root@arm:~# dmesg -n 1
root@arm:~# echo 'ZZOG''VVLENQ'
ZZOGVVLENQ
root@arm:~# run() { echo -n "$MARKER"; sh -c "$@"; echo "$MARKER $?"; }
root@arm:~# echo 'XSCG''LZTPBX'
XSCGLZTPBX
root@arm:~# MARKER='KNUQ''MKQLYX' run 'cat /proc/version'
KNUQMKQLYXLinux version 5.15.195 (user01@drvtest01) (arm-none-eabi-gcc (Arm GNU Toolchain 14.2.Rel1 (Build arm-14.52)) 14.2.1 20241119, GNU ld (Arm GNU Toolchain 14.2.Rel1 (Build arm-14.52)) 2.43.1.20241119) #1 SMP Sun Oct 19 17:43:46 EEST 2025
KNUQMKQLYX 0
root@arm:~# echo 'BXPV''YSFVOM'
BXPVYSFVOM
root@arm:~# MARKER='BYTY''PYUUXP' run false
BYTYPYUUXPBYTYPYUUXP 1
root@arm:~# Labgrid Console Logfile for main
Logfile started at 2025-10-19 17:54:59.329145
=== Log starts here ===

root@arm:~# run() { echo -n "$MARKER"; sh -c "$@"; echo "$MARKER $?"; }
root@arm:~# echo 'LFXN''TFSYFQ'
LFXNTFSYFQ
root@arm:~# MARKER='HUPN''UZFTOP' run 'ls /iio_generic_buffer; echo $?'
HUPNUZFTOP/iio_generic_buffer
0
HUPNUZFTOP 0
root@arm:~# Labgrid Console Logfile for main
Logfile started at 2025-10-19 17:55:02.712679
=== Log starts here ===

root@arm:~# run() { echo -n "$MARKER"; sh -c "$@"; echo "$MARKER $?"; }
root@arm:~# echo 'LNGL''PYVTKY'
LNGLPYVTKY
root@arm:~# MARKER='OYXK''OJTAXM' run dmesg
OYXKOJTAXM[    0.000000] Booting Linux on physical CPU 0x0
[    0.000000] Linux version 5.15.195 (user01@drvtest01) (arm-none-eabi-gcc (Arm GNU Toolchain 14.2.Rel1 (Build arm-14.52)) 14.2.1 20241119, GNU ld (Arm GNU Toolchain 14.2.Rel1 (Build arm-14.52)) 2.43.1.20241119) #1 SMP Sun Oct 19 17:43:46 EEST 2025
[    0.000000] CPU: ARMv7 Processor [413fc082] revision 2 (ARMv7), cr=10c5387d
[    0.000000] CPU: PIPT / VIPT nonaliasing data cache, VIPT aliasing instruction cache
[    0.000000] OF: fdt: Machine model: TI AM335x BeagleBone Black
[    0.000000] Memory policy: Data cache writeback
[    0.000000] cma: Reserved 16 MiB at 0x9e800000
[    0.000000] Zone ranges:
[    0.000000]   Normal   [mem 0x0000000080000000-0x000000009fdfffff]
[    0.000000]   HighMem  empty
[    0.000000] Movable zone start for each node
[    0.000000] Early memory node ranges
[    0.000000]   node   0: [mem 0x0000000080000000-0x000000009fdfffff]
[    0.000000] Initmem setup node 0 [mem 0x0000000080000000-0x000000009fdfffff]
[    0.000000] CPU: All CPU(s) started in SVC mode.
[    0.000000] AM335X ES2.1 (sgx neon)
[    0.000000] percpu: Embedded 16 pages/cpu s33804 r8192 d23540 u65536
[    0.000000] pcpu-alloc: s33804 r8192 d23540 u65536 alloc=16*4096
[    0.000000] pcpu-alloc: [0] 0 
[    0.000000] Built 1 zonelists, mobility grouping on.  Total pages: 129412
[    0.000000] Kernel command line: console=ttyO0,115200n8 root=/dev/nfs rw nfsroot=192.168.255.126:/home/user01/nfs,nfsvers=3 ip=192.168.255.1:192.168.255.126::255.255.255.0:bbb1:eth0 nfsrootdebug
[    0.000000] Unknown kernel command line parameters "nfsrootdebug", will be passed to user space.
[    0.000000] Dentry cache hash table entries: 65536 (order: 6, 262144 bytes, linear)
[    0.000000] Inode-cache hash table entries: 32768 (order: 5, 131072 bytes, linear)
[    0.000000] mem auto-init: stack:off, heap alloc:off, heap free:off
[    0.000000] Memory: 484752K/522240K available (10240K kernel code, 1080K rwdata, 2396K rodata, 1024K init, 246K bss, 21104K reserved, 16384K cma-reserved, 0K highmem)
[    0.000000] trace event string verifier disabled
[    0.000000] rcu: Hierarchical RCU implementation.
[    0.000000] rcu: 	RCU event tracing is enabled.
[    0.000000] rcu: 	RCU restricting CPUs from NR_CPUS=2 to nr_cpu_ids=1.
[    0.000000] rcu: RCU calculated value of scheduler-enlistment delay is 10 jiffies.
[    0.000000] rcu: Adjusting geometry for rcu_fanout_leaf=16, nr_cpu_ids=1
[    0.000000] NR_IRQS: 16, nr_irqs: 16, preallocated irqs: 16
[    0.000000] IRQ: Found an INTC at 0x(ptrval) (revision 5.0) with 128 interrupts
[    0.000000] TI gptimer clocksource: always-on /ocp/interconnect@44c00000/segment@200000/target-module@31000
[    0.000002] sched_clock: 32 bits at 24MHz, resolution 41ns, wraps every 89478484971ns
[    0.000028] clocksource: dmtimer: mask: 0xffffffff max_cycles: 0xffffffff, max_idle_ns: 79635851949 ns
[    0.000446] TI gptimer clockevent: 24000000 Hz at /ocp/interconnect@48000000/segment@0/target-module@40000
[    0.002272] Console: colour dummy device 80x30
[    0.002330] WARNING: Your 'console=ttyO0' has been replaced by 'ttyS0'
[    0.002341] This ensures that you still see kernel messages. Please
[    0.002349] update your kernel commandline.
[    0.002394] Calibrating delay loop... 996.14 BogoMIPS (lpj=4980736)
[    0.090563] CPU: Testing write buffer coherency: ok
[    0.090653] CPU0: Spectre v2: using BPIALL workaround
[    0.090667] pid_max: default: 32768 minimum: 301
[    0.090808] LSM: Security Framework initializing
[    0.090991] Mount-cache hash table entries: 1024 (order: 0, 4096 bytes, linear)
[    0.091017] Mountpoint-cache hash table entries: 1024 (order: 0, 4096 bytes, linear)
[    0.092594] CPU0: thread -1, cpu 0, socket -1, mpidr 0
[    0.093624] Setting up static identity map for 0x80100000 - 0x80100078
[    0.093863] rcu: Hierarchical SRCU implementation.
[    0.095055] smp: Bringing up secondary CPUs ...
[    0.095088] smp: Brought up 1 node, 1 CPU
[    0.095101] SMP: Total of 1 processors activated (996.14 BogoMIPS).
[    0.095114] CPU: All CPU(s) started in SVC mode.
[    0.095892] devtmpfs: initialized
[    0.110291] VFP support v0.3: implementor 41 architecture 3 part 30 variant c rev 3
[    0.110710] clocksource: jiffies: mask: 0xffffffff max_cycles: 0xffffffff, max_idle_ns: 19112604462750000 ns
[    0.110750] futex hash table entries: 256 (order: 2, 16384 bytes, linear)
[    0.112093] pinctrl core: initialized pinctrl subsystem
[    0.114013] NET: Registered PF_NETLINK/PF_ROUTE protocol family
[    0.116767] DMA: preallocated 256 KiB pool for atomic coherent allocations
[    0.117320] audit: initializing netlink subsys (disabled)
[    0.118521] thermal_sys: Registered thermal governor 'fair_share'
[    0.118544] thermal_sys: Registered thermal governor 'step_wise'
[    0.118559] thermal_sys: Registered thermal governor 'user_space'
[    0.118925] cpuidle: using governor menu
[    0.134995] No ATAGs?
[    0.135034] hw-breakpoint: debug architecture 0x4 unsupported.
[    0.142987] kprobes: kprobe jump-optimization is enabled. All kprobes are optimized if possible.
[    0.143331] audit: type=2000 audit(0.110:1): state=initialized audit_enabled=0 res=1
[    0.148147] reg-fixed-voltage fixedregulator0: GPIO lookup for consumer (null)
[    0.148176] reg-fixed-voltage fixedregulator0: using device tree for GPIO lookup
[    0.148198] of_get_named_gpiod_flags: can't parse 'gpios' property of node '/fixedregulator0[0]'
[    0.148237] of_get_named_gpiod_flags: can't parse 'gpio' property of node '/fixedregulator0[0]'
[    0.148260] reg-fixed-voltage fixedregulator0: using lookup tables for GPIO lookup
[    0.148271] reg-fixed-voltage fixedregulator0: No GPIO consumer (null) found
[    0.149375] iommu: Default domain type: Translated 
[    0.149399] iommu: DMA domain TLB invalidation policy: strict mode 
[    0.150793] vgaarb: loaded
[    0.151328] SCSI subsystem initialized
[    0.151738] libata version 3.00 loaded.
[    0.152054] pps_core: LinuxPPS API ver. 1 registered
[    0.152070] pps_core: Software ver. 5.3.6 - Copyright 2005-2007 Rodolfo Giometti <giometti@linux.it>
[    0.152100] PTP clock support registered
[    0.153415] clocksource: Switched to clocksource dmtimer
[    0.199336] VFS: Disk quotas dquot_6.6.0
[    0.199450] VFS: Dquot-cache hash table entries: 1024 (order 0, 4096 bytes)
[    0.267468] NET: Registered PF_INET protocol family
[    0.267807] IP idents hash table entries: 8192 (order: 4, 65536 bytes, linear)
[    0.268756] tcp_listen_portaddr_hash hash table entries: 512 (order: 0, 4096 bytes, linear)
[    0.268809] Table-perturb hash table entries: 65536 (order: 6, 262144 bytes, linear)
[    0.268836] TCP established hash table entries: 4096 (order: 2, 16384 bytes, linear)
[    0.268886] TCP bind hash table entries: 4096 (order: 3, 32768 bytes, linear)
[    0.268950] TCP: Hash tables configured (established 4096 bind 4096)
[    0.269087] UDP hash table entries: 256 (order: 1, 8192 bytes, linear)
[    0.269116] UDP-Lite hash table entries: 256 (order: 1, 8192 bytes, linear)
[    0.269299] NET: Registered PF_UNIX/PF_LOCAL protocol family
[    0.270405] RPC: Registered named UNIX socket transport module.
[    0.270438] RPC: Registered udp transport module.
[    0.270447] RPC: Registered tcp transport module.
[    0.270455] RPC: Registered tcp NFSv4.1 backchannel transport module.
[    0.270476] PCI: CLS 0 bytes, default 64
[    0.271831] Initialise system trusted keyrings
[    0.286440] workingset: timestamp_bits=14 max_order=17 bucket_order=3
[    0.287696] NFS: Registering the id_resolver key type
[    0.287770] Key type id_resolver registered
[    0.287780] Key type id_legacy registered
[    0.287837] jffs2: version 2.2. (NAND) (SUMMARY)  Â© 2001-2006 Red Hat, Inc.
[    0.288212] Key type asymmetric registered
[    0.288233] Asymmetric key parser 'x509' registered
[    0.288298] io scheduler mq-deadline registered
[    0.288314] io scheduler kyber registered
[    0.290893] hw perfevents: enabled with armv7_cortex_a8 PMU driver, 5 counters available
[    0.298980] l3-aon-clkctrl:0000:0: failed to disable
[    0.299289] Serial: 8250/16550 driver, 6 ports, IRQ sharing enabled
[    0.322841] brd: module loaded
[    0.347967] loop: module loaded
[    0.348885] mtdoops: mtd device (mtddev=name/number) must be supplied
[    0.350101] mdio_bus fixed-0: GPIO lookup for consumer reset
[    0.350125] mdio_bus fixed-0: using lookup tables for GPIO lookup
[    0.350136] mdio_bus fixed-0: No GPIO consumer reset found
[    0.351160] i2c_dev: i2c /dev entries driver
[    0.352064] cpuidle: enable-method property 'ti,am3352' found operations
[    0.352457] sdhci: Secure Digital Host Controller Interface driver
[    0.352474] sdhci: Copyright(c) Pierre Ossman
[    0.352645] sdhci-pltfm: SDHCI platform and OF driver helper
[    0.352874] ledtrig-cpu: registered to indicate activity on CPUs
[    0.353525] Initializing XFRM netlink socket
[    0.353745] NET: Registered PF_INET6 protocol family
[    0.355282] Segment Routing with IPv6
[    0.355369] In-situ OAM (IOAM) with IPv6
[    0.355468] sit: IPv6, IPv4 and MPLS over IPv4 tunneling driver
[    0.356288] NET: Registered PF_PACKET protocol family
[    0.356339] NET: Registered PF_KEY protocol family
[    0.356454] Key type dns_resolver registered
[    0.356551] ThumbEE CPU extension supported.
[    0.356572] Registering SWP/SWPB emulation handler
[    0.357073] omap_voltage_late_init: Voltage driver support not added
[    0.357708] SmartReflex Class3 initialized
[    0.358527] Loading compiled-in X.509 certificates
[    0.390596] pinctrl-single 44e10800.pinmux: 142 pins, size 568
[    0.395065] ti-sysc: probe of 44e31000.target-module failed with error -16
[    0.426717] ti-sysc: probe of 48040000.target-module failed with error -16
[    0.436785] gpio gpiochip0: (gpio-0-31): created GPIO range 0->7 ==> 44e10800.pinmux PIN 0->7
[    0.436828] gpio gpiochip0: (gpio-0-31): created GPIO range 8->11 ==> 44e10800.pinmux PIN 90->93
[    0.436845] gpio gpiochip0: (gpio-0-31): created GPIO range 12->27 ==> 44e10800.pinmux PIN 12->27
[    0.436862] gpio gpiochip0: (gpio-0-31): created GPIO range 28->31 ==> 44e10800.pinmux PIN 30->33
[    0.466567] gpio gpiochip0: (gpio-0-31): added GPIO chardev (254:0)
[    0.466738] gpio gpiochip0: registered GPIOs 0 to 31 on gpio-0-31
[    0.466829] OMAP GPIO hardware version 0.1
[    0.489176] i2c i2c-2: GPIO lookup for consumer scl
[    0.489212] i2c i2c-2: using device tree for GPIO lookup
[    0.489239] of_get_named_gpiod_flags: can't parse 'scl-gpios' property of node '/ocp/interconnect@48000000/segment@100000/target-module@9c000/i2c@0[0]'
[    0.489287] of_get_named_gpiod_flags: can't parse 'scl-gpio' property of node '/ocp/interconnect@48000000/segment@100000/target-module@9c000/i2c@0[0]'
[    0.489329] i2c i2c-2: using lookup tables for GPIO lookup
[    0.489340] i2c i2c-2: No GPIO consumer scl found
[    0.489361] i2c i2c-2: GPIO lookup for consumer sda
[    0.489369] i2c i2c-2: using device tree for GPIO lookup
[    0.489383] of_get_named_gpiod_flags: can't parse 'sda-gpios' property of node '/ocp/interconnect@48000000/segment@100000/target-module@9c000/i2c@0[0]'
[    0.489422] of_get_named_gpiod_flags: can't parse 'sda-gpio' property of node '/ocp/interconnect@48000000/segment@100000/target-module@9c000/i2c@0[0]'
[    0.489458] i2c i2c-2: using lookup tables for GPIO lookup
[    0.489466] i2c i2c-2: No GPIO consumer sda found
[    0.490125] omap_i2c 4819c000.i2c: bus 2 rev0.11 at 100 kHz
[    0.495452] gpio gpiochip1: (gpio-32-63): created GPIO range 0->17 ==> 44e10800.pinmux PIN 34->51
[    0.495492] gpio gpiochip1: (gpio-32-63): created GPIO range 18->21 ==> 44e10800.pinmux PIN 77->80
[    0.495509] gpio gpiochip1: (gpio-32-63): created GPIO range 22->31 ==> 44e10800.pinmux PIN 56->65
[    0.508721] gpio gpiochip1: (gpio-32-63): added GPIO chardev (254:1)
[    0.508863] gpio gpiochip1: registered GPIOs 32 to 63 on gpio-32-63
[    0.510949] gpio gpiochip2: (gpio-64-95): created GPIO range 0->4 ==> 44e10800.pinmux PIN 66->70
[    0.510984] gpio gpiochip2: (gpio-64-95): created GPIO range 5->6 ==> 44e10800.pinmux PIN 98->99
[    0.511001] gpio gpiochip2: (gpio-64-95): created GPIO range 7->8 ==> 44e10800.pinmux PIN 75->76
[    0.511017] gpio gpiochip2: (gpio-64-95): created GPIO range 13->13 ==> 44e10800.pinmux PIN 141->141
[    0.511034] gpio gpiochip2: (gpio-64-95): created GPIO range 14->21 ==> 44e10800.pinmux PIN 100->107
[    0.511446] gpio gpiochip2: (gpio-64-95): added GPIO chardev (254:2)
[    0.511562] gpio gpiochip2: registered GPIOs 64 to 95 on gpio-64-95
[    0.528961] mdio_bus 4a101000.mdio: GPIO lookup for consumer reset
[    0.528997] mdio_bus 4a101000.mdio: using device tree for GPIO lookup
[    0.529024] of_get_named_gpiod_flags: can't parse 'reset-gpios' property of node '/ocp/interconnect@4a000000/segment@0/target-module@100000/switch@0/mdio@1000[0]'
[    0.529076] of_get_named_gpiod_flags: can't parse 'reset-gpio' property of node '/ocp/interconnect@4a000000/segment@0/target-module@100000/switch@0/mdio@1000[0]'
[    0.529124] mdio_bus 4a101000.mdio: using lookup tables for GPIO lookup
[    0.529134] mdio_bus 4a101000.mdio: No GPIO consumer reset found
[    0.530093] sdhci-omap 481d8000.mmc: GPIO lookup for consumer wp
[    0.530118] sdhci-omap 481d8000.mmc: using device tree for GPIO lookup
[    0.530138] of_get_named_gpiod_flags: can't parse 'wp-gpios' property of node '/ocp/interconnect@48000000/segment@100000/target-module@d8000/mmc@0[0]'
[    0.530190] of_get_named_gpiod_flags: can't parse 'wp-gpio' property of node '/ocp/interconnect@48000000/segment@100000/target-module@d8000/mmc@0[0]'
[    0.530230] sdhci-omap 481d8000.mmc: using lookup tables for GPIO lookup
[    0.530241] sdhci-omap 481d8000.mmc: No GPIO consumer wp found
[    0.530409] sdhci-omap 481d8000.mmc: supply vqmmc not found, using dummy regulator
[    0.588977] davinci_mdio 4a101000.mdio: davinci mdio revision 1.6, bus freq 1000000
[    0.608748] mdio_bus 4a101000.mdio:00: GPIO lookup for consumer reset
[    0.608776] mdio_bus 4a101000.mdio:00: using device tree for GPIO lookup
[    0.608818] of_get_named_gpiod_flags: parsed 'reset-gpios' property of node '/ocp/interconnect@4a000000/segment@0/target-module@100000/switch@0/mdio@1000/ethernet-phy@0[0]' - status (0)
[    0.608982] gpio gpiochip0: Persistence not supported for GPIO 8
[    0.774886] davinci_mdio 4a101000.mdio: phy[0]: device 4a101000.mdio:00, driver SMSC LAN8710/LAN8720
[    0.775475] cpsw-switch 4a100000.switch: initialized cpsw ale version 1.4
[    0.775503] cpsw-switch 4a100000.switch: ALE Table size 1024
[    0.775627] cpsw-switch 4a100000.switch: cpts: overflow check period 500 (jiffies)
[    0.775647] cpsw-switch 4a100000.switch: CPTS: ref_clk_freq:250000000 calc_mult:2147483648 calc_shift:29 error:0 nsec/sec
[    0.775760] cpsw-switch 4a100000.switch: Detected MACID = 6c:ec:eb:68:de:78
[    0.777326] cpsw-switch 4a100000.switch: initialized (regs 0x4a100000, pool size 256) hw_ver:0019010C 1.12 (0)
[    0.786572] debugfs: Directory '49000000.dma' with parent 'dmaengine' already present!
[    0.786629] edma 49000000.dma: TI EDMA DMA engine driver
[    0.822747] gpio-clk clk_mcasp0: GPIO lookup for consumer enable
[    0.822784] gpio-clk clk_mcasp0: using device tree for GPIO lookup
[    0.822825] of_get_named_gpiod_flags: parsed 'enable-gpios' property of node '/clk_mcasp0[0]' - status (0)
[    0.822870] gpio gpiochip0: Persistence not supported for GPIO 27
[    0.823743] gpio gpiochip3: (gpio-96-127): created GPIO range 0->7 ==> 44e10800.pinmux PIN 82->89
[    0.823777] gpio gpiochip3: (gpio-96-127): created GPIO range 8->11 ==> 44e10800.pinmux PIN 52->55
[    0.823795] gpio gpiochip3: (gpio-96-127): created GPIO range 12->15 ==> 44e10800.pinmux PIN 94->97
[    0.823811] gpio gpiochip3: (gpio-96-127): created GPIO range 16->17 ==> 44e10800.pinmux PIN 71->72
[    0.823828] gpio gpiochip3: (gpio-96-127): created GPIO range 18->18 ==> 44e10800.pinmux PIN 135->135
[    0.823845] gpio gpiochip3: (gpio-96-127): created GPIO range 19->20 ==> 44e10800.pinmux PIN 108->109
[    0.823863] gpio gpiochip3: (gpio-96-127): created GPIO range 21->21 ==> 44e10800.pinmux PIN 73->73
[    0.823881] gpio gpiochip3: (gpio-96-127): created GPIO range 22->23 ==> 44e10800.pinmux PIN 8->9
[    0.823899] gpio gpiochip3: (gpio-96-127): created GPIO range 26->27 ==> 44e10800.pinmux PIN 10->11
[    0.823917] gpio gpiochip3: (gpio-96-127): created GPIO range 28->28 ==> 44e10800.pinmux PIN 74->74
[    0.823936] gpio gpiochip3: (gpio-96-127): created GPIO range 29->29 ==> 44e10800.pinmux PIN 81->81
[    0.823955] gpio gpiochip3: (gpio-96-127): created GPIO range 30->31 ==> 44e10800.pinmux PIN 28->29
[    0.833761] gpio gpiochip3: (gpio-96-127): added GPIO chardev (254:3)
[    0.833903] gpio gpiochip3: registered GPIOs 96 to 127 on gpio-96-127
[    0.835325] omap8250 44e09000.serial: GPIO lookup for consumer rs485-term
[    0.835355] omap8250 44e09000.serial: using device tree for GPIO lookup
[    0.835380] of_get_named_gpiod_flags: can't parse 'rs485-term-gpios' property of node '/ocp/interconnect@44c00000/segment@200000/target-module@9000/serial@0[0]'
[    0.835430] of_get_named_gpiod_flags: can't parse 'rs485-term-gpio' property of node '/ocp/interconnect@44c00000/segment@200000/target-module@9000/serial@0[0]'
[    0.835473] omap8250 44e09000.serial: using lookup tables for GPIO lookup
[    0.835483] omap8250 44e09000.serial: No GPIO consumer rs485-term found
[    0.835532] 44e09000.serial: ttyS0 at MMIO 0x44e09000 (irq = 19, base_baud = 3000000) is a 8250
[    1.830753] printk: console [ttyS0] enabled
[    1.837215] i2c i2c-0: GPIO lookup for consumer scl
[    1.837248] i2c i2c-0: using device tree for GPIO lookup
[    1.837274] of_get_named_gpiod_flags: can't parse 'scl-gpios' property of node '/ocp/interconnect@44c00000/segment@200000/target-module@b000/i2c@0[0]'
[    1.837324] of_get_named_gpiod_flags: can't parse 'scl-gpio' property of node '/ocp/interconnect@44c00000/segment@200000/target-module@b000/i2c@0[0]'
[    1.837366] i2c i2c-0: using lookup tables for GPIO lookup
[    1.837377] i2c i2c-0: No GPIO consumer scl found
[    1.837397] i2c i2c-0: GPIO lookup for consumer sda
[    1.837406] i2c i2c-0: using device tree for GPIO lookup
[    1.837420] of_get_named_gpiod_flags: can't parse 'sda-gpios' property of node '/ocp/interconnect@44c00000/segment@200000/target-module@b000/i2c@0[0]'
[    1.837459] of_get_named_gpiod_flags: can't parse 'sda-gpio' property of node '/ocp/interconnect@44c00000/segment@200000/target-module@b000/i2c@0[0]'
[    1.837495] i2c i2c-0: using lookup tables for GPIO lookup
[    1.837504] i2c i2c-0: No GPIO consumer sda found
[    1.864175] tps65217-pmic: Failed to locate of_node [id: -1]
[    1.879352] tps65217-bl: Failed to locate of_node [id: -1]
[    1.887803] tps65217 0-0024: TPS65217 ID 0xe version 1.2
[    1.893803] i2c 0-0070: Fixing up cyclic dependency with 4830e000.lcdc
[    1.900652] omap_i2c 44e0b000.i2c: bus 0 rev0.11 at 400 kHz
[    1.907868] sdhci-omap 48060000.mmc: GPIO lookup for consumer cd
[    1.907896] sdhci-omap 48060000.mmc: using device tree for GPIO lookup
[    1.907937] of_get_named_gpiod_flags: parsed 'cd-gpios' property of node '/ocp/interconnect@48000000/segment@0/target-module@60000/mmc@0[0]' - status (0)
[    1.908056] gpio gpiochip3: Persistence not supported for GPIO 6
[    1.908079] omap_gpio 44e07000.gpio: Could not set line 6 debounce to 200000 microseconds (-22)
[    1.916936] sdhci-omap 48060000.mmc: Got CD GPIO
[    1.921583] sdhci-omap 48060000.mmc: GPIO lookup for consumer wp
[    1.921593] sdhci-omap 48060000.mmc: using device tree for GPIO lookup
[    1.921611] of_get_named_gpiod_flags: can't parse 'wp-gpios' property of node '/ocp/interconnect@48000000/segment@0/target-module@60000/mmc@0[0]'
[    1.921656] of_get_named_gpiod_flags: can't parse 'wp-gpio' property of node '/ocp/interconnect@48000000/segment@0/target-module@60000/mmc@0[0]'
[    1.921696] sdhci-omap 48060000.mmc: using lookup tables for GPIO lookup
[    1.921707] sdhci-omap 48060000.mmc: No GPIO consumer wp found
[    1.921896] sdhci-omap 48060000.mmc: supply vqmmc not found, using dummy regulator
[    1.930569] sdhci-omap 481d8000.mmc: GPIO lookup for consumer wp
[    1.930595] sdhci-omap 481d8000.mmc: using device tree for GPIO lookup
[    1.930617] of_get_named_gpiod_flags: can't parse 'wp-gpios' property of node '/ocp/interconnect@48000000/segment@100000/target-module@d8000/mmc@0[0]'
[    1.930671] of_get_named_gpiod_flags: can't parse 'wp-gpio' property of node '/ocp/interconnect@48000000/segment@100000/target-module@d8000/mmc@0[0]'
[    1.930711] sdhci-omap 481d8000.mmc: using lookup tables for GPIO lookup
[    1.930721] sdhci-omap 481d8000.mmc: No GPIO consumer wp found
[    1.934152] sdhci-omap 481d8000.mmc: supply vqmmc not found, using dummy regulator
[    1.966704] mmc0: SDHCI controller on 48060000.mmc [48060000.mmc] using External DMA
[    1.974751] mmc1: SDHCI controller on 481d8000.mmc [481d8000.mmc] using External DMA
[    1.983204] cpsw-switch 4a100000.switch: starting ndev. mode: dual_mac
[    2.056963] mmc0: new high speed SDHC card at address aaaa
[    2.063850] mmcblk0: mmc0:aaaa SE32G 29.7 GiB 
[    2.073093]  mmcblk0: p1 p2
[    2.078020] mmc1: new high speed MMC card at address 0001
[    2.084677] mmcblk1: mmc1:0001 MMC04G 3.60 GiB 
[    2.091772]  mmcblk1: p1 p2
[    2.095836] mmcblk1boot0: mmc1:0001 MMC04G 2.00 MiB 
[    2.102836] mmcblk1boot1: mmc1:0001 MMC04G 2.00 MiB 
[    2.109692] mmcblk1rpmb: mmc1:0001 MMC04G 128 KiB, chardev (250:0)
[    2.145235] SMSC LAN8710/LAN8720 4a101000.mdio:00: attached PHY driver (mii_bus:phy_addr=4a101000.mdio:00, irq=POLL)
[    5.284142] cpsw-switch 4a100000.switch eth0: Link is Up - 100Mbps/Full - flow control off
[    5.303461] IPv6: ADDRCONF(NETDEV_CHANGE): eth0: link becomes ready
[    5.333419] IP-Config: Complete:
[    5.336680]      device=eth0, hwaddr=6c:ec:eb:68:de:78, ipaddr=192.168.255.1, mask=255.255.255.0, gw=255.255.255.255
[    5.347292]      host=bbb1, domain=, nis-domain=(none)
[    5.352454]      bootserver=192.168.255.126, rootserver=192.168.255.126, rootpath=
[    5.352822] clk: Disabling unused clocks
[    5.364673] TAP version 14
[    5.367396] 1..0
[    5.390467] VFS: Mounted root (nfs filesystem) on device 0:16.
[    5.397356] devtmpfs: mounted
[    5.401650] Freeing unused kernel image (initmem) memory: 1024K
[    5.408367] Run /sbin/init as init process
[    5.412494]   with arguments:
[    5.412504]     /sbin/init
[    5.412511]     nfsrootdebug
[    5.412517]   with environment:
[    5.412524]     HOME=/
[    5.412530]     TERM=linux
[    6.101093] systemd[1]: System time before build time, advancing clock.
[    6.302425] random: systemd: uninitialized urandom read (16 bytes read)
[    6.314630] random: systemd: uninitialized urandom read (16 bytes read)
[    6.325581] systemd[1]: systemd 232 running in system mode. (+PAM +AUDIT +SELINUX +IMA +APPARMOR +SMACK +SYSVINIT +UTMP +LIBCRYPTSETUP +GCRYPT +GNUTLS +ACL +XZ +LZ4 +SECCOMP +BLKID +ELFUTILS +KMOD +IDN)
[    6.344672] systemd[1]: Detected architecture arm.
[    6.386344] systemd[1]: Set hostname to <arm>.
[    6.760245] random: systemd-cryptse: uninitialized urandom read (16 bytes read)
[    7.304212] random: systemd: uninitialized urandom read (16 bytes read)
[    7.346137] random: systemd: uninitialized urandom read (16 bytes read)
[    7.353061] random: systemd: uninitialized urandom read (16 bytes read)
[    7.366191] systemd[1]: Reached target Swap.
[    7.405218] systemd[1]: Listening on /dev/initctl Compatibility Named Pipe.
[    7.444255] systemd[1]: Started Forward Password Requests to Wall Directory Watch.
[    7.485401] systemd[1]: Listening on Journal Socket.
[    7.525273] systemd[1]: Listening on udev Control Socket.
[    7.563824] systemd[1]: Reached target Remote File Systems.
[    7.604061] systemd[1]: Listening on Journal Socket (/dev/log).
[    8.322193] random: systemd-journal: uninitialized urandom read (16 bytes read)
[    8.338795] random: systemd: uninitialized urandom read (16 bytes read)
[    8.348254] random: systemd-journal: uninitialized urandom read (16 bytes read)
[    9.376726] random: systemd-journal: uninitialized urandom read (16 bytes read)
[   10.084471] systemd-journald[101]: Received request to flush runtime journal from PID 1
[   11.893571] random: crng init done
[   11.897037] random: 466 urandom warning(s) missed due to ratelimiting
[   12.364445] of_get_named_gpiod_flags: parsed 'gpios' property of node '/leds/led2[0]' - status (0)
[   12.364535] gpio gpiochip0: Persistence not supported for GPIO 21
[   12.364548] gpio-21 (?): no flags found for gpios
[   12.364790] of_get_named_gpiod_flags: parsed 'gpios' property of node '/leds/led3[0]' - status (0)
[   12.364832] gpio gpiochip0: Persistence not supported for GPIO 22
[   12.364842] gpio-22 (?): no flags found for gpios
[   12.365011] of_get_named_gpiod_flags: parsed 'gpios' property of node '/leds/led4[0]' - status (0)
[   12.365046] gpio gpiochip0: Persistence not supported for GPIO 23
[   12.365055] gpio-23 (?): no flags found for gpios
[   12.365201] of_get_named_gpiod_flags: parsed 'gpios' property of node '/leds/led5[0]' - status (0)
[   12.365234] gpio gpiochip0: Persistence not supported for GPIO 24
[   12.365244] gpio-24 (?): no flags found for gpios
[   12.735294] remoteproc remoteproc0: wkup_m3 is available
[   12.917774] at24 2-0054: supply vcc not found, using dummy regulator
[   13.051750] at24 2-0055: supply vcc not found, using dummy regulator
[   13.262499] at24 2-0056: supply vcc not found, using dummy regulator
[   13.394100] at24 2-0057: supply vcc not found, using dummy regulator
[   13.484244] at24 0-0050: supply vcc not found, using dummy regulator
[   13.554939] tps6521x_pwrbutton tps65217-pwrbutton: DMA mask not set
[   13.577406] at24 0-0050: GPIO lookup for consumer wp
[   13.577446] at24 0-0050: using device tree for GPIO lookup
[   13.577478] of_get_named_gpiod_flags: can't parse 'wp-gpios' property of node '/ocp/interconnect@44c00000/segment@200000/target-module@b000/i2c@0/baseboard_eeprom@50[0]'
[   13.577554] of_get_named_gpiod_flags: can't parse 'wp-gpio' property of node '/ocp/interconnect@44c00000/segment@200000/target-module@b000/i2c@0/baseboard_eeprom@50[0]'
[   13.577606] at24 0-0050: using lookup tables for GPIO lookup
[   13.577617] at24 0-0050: No GPIO consumer wp found
[   13.577894] at24 0-0050: 32768 byte 24c256 EEPROM, writable, 1 bytes/write
[   13.643134] input: tps65217_pwrbutton as /devices/platform/ocp/44c00000.interconnect/44c00000.interconnect:segment@200000/44e0b000.target-module/44e0b000.i2c/i2c-0/0-0024/tps65217-pwrbutton/input/input0
[   13.829664] omap_rtc 44e3e000.rtc: registered as rtc0
[   13.834941] omap_rtc 44e3e000.rtc: setting system clock to 2000-01-01T00:00:00 UTC (946684800)
[   13.843661] omap_rtc 44e3e000.rtc: GPIO lookup for consumer wp
[   13.843674] omap_rtc 44e3e000.rtc: using device tree for GPIO lookup
[   13.843701] of_get_named_gpiod_flags: can't parse 'wp-gpios' property of node '/ocp/interconnect@44c00000/segment@200000/target-module@3e000/rtc@0[0]'
[   13.843757] of_get_named_gpiod_flags: can't parse 'wp-gpio' property of node '/ocp/interconnect@44c00000/segment@200000/target-module@3e000/rtc@0[0]'
[   13.843801] omap_rtc 44e3e000.rtc: using lookup tables for GPIO lookup
[   13.843813] omap_rtc 44e3e000.rtc: No GPIO consumer wp found
[   13.943219] omap_wdt: OMAP Watchdog Timer Rev 0x01: initial timeout 60 sec
[   14.125195] am335x-phy-driver 47401300.usb-phy: GPIO lookup for consumer reset
[   14.125237] am335x-phy-driver 47401300.usb-phy: using device tree for GPIO lookup
[   14.125267] of_get_named_gpiod_flags: can't parse 'reset-gpios' property of node '/ocp/target-module@47400000/usb-phy@1300[0]'
[   14.125319] of_get_named_gpiod_flags: can't parse 'reset-gpio' property of node '/ocp/target-module@47400000/usb-phy@1300[0]'
[   14.125354] am335x-phy-driver 47401300.usb-phy: using lookup tables for GPIO lookup
[   14.125365] am335x-phy-driver 47401300.usb-phy: No GPIO consumer reset found
[   14.125377] am335x-phy-driver 47401300.usb-phy: GPIO lookup for consumer vbus-detect
[   14.125386] am335x-phy-driver 47401300.usb-phy: using device tree for GPIO lookup
[   14.125401] of_get_named_gpiod_flags: can't parse 'vbus-detect-gpios' property of node '/ocp/target-module@47400000/usb-phy@1300[0]'
[   14.125430] of_get_named_gpiod_flags: can't parse 'vbus-detect-gpio' property of node '/ocp/target-module@47400000/usb-phy@1300[0]'
[   14.125457] am335x-phy-driver 47401300.usb-phy: using lookup tables for GPIO lookup
[   14.125466] am335x-phy-driver 47401300.usb-phy: No GPIO consumer vbus-detect found
[   14.125588] am335x-phy-driver 47401300.usb-phy: supply vcc not found, using dummy regulator
[   14.550470] usbcore: registered new interface driver usbfs
[   14.556211] usbcore: registered new interface driver hub
[   14.561634] usbcore: registered new device driver usb
[   14.950781] am335x-phy-driver 47401b00.usb-phy: GPIO lookup for consumer reset
[   14.950821] am335x-phy-driver 47401b00.usb-phy: using device tree for GPIO lookup
[   14.950851] of_get_named_gpiod_flags: can't parse 'reset-gpios' property of node '/ocp/target-module@47400000/usb-phy@1b00[0]'
[   14.950899] of_get_named_gpiod_flags: can't parse 'reset-gpio' property of node '/ocp/target-module@47400000/usb-phy@1b00[0]'
[   14.950931] am335x-phy-driver 47401b00.usb-phy: using lookup tables for GPIO lookup
[   14.950943] am335x-phy-driver 47401b00.usb-phy: No GPIO consumer reset found
[   14.950953] am335x-phy-driver 47401b00.usb-phy: GPIO lookup for consumer vbus-detect
[   14.950963] am335x-phy-driver 47401b00.usb-phy: using device tree for GPIO lookup
[   14.950977] of_get_named_gpiod_flags: can't parse 'vbus-detect-gpios' property of node '/ocp/target-module@47400000/usb-phy@1b00[0]'
[   14.951007] of_get_named_gpiod_flags: can't parse 'vbus-detect-gpio' property of node '/ocp/target-module@47400000/usb-phy@1b00[0]'
[   14.951034] am335x-phy-driver 47401b00.usb-phy: using lookup tables for GPIO lookup
[   14.951044] am335x-phy-driver 47401b00.usb-phy: No GPIO consumer vbus-detect found
[   14.951165] am335x-phy-driver 47401b00.usb-phy: supply vcc not found, using dummy regulator
[   15.184937] musb-hdrc musb-hdrc.1: MUSB HDRC host driver
[   15.190342] musb-hdrc musb-hdrc.1: new USB bus registered, assigned bus number 1
[   15.368342] tda998x 0-0070: found TDA19988
[   15.538088] usb usb1: New USB device found, idVendor=1d6b, idProduct=0002, bcdDevice= 5.15
[   15.546529] usb usb1: New USB device strings: Mfr=3, Product=2, SerialNumber=1
[   15.553826] usb usb1: Product: MUSB HDRC host driver
[   15.558816] usb usb1: Manufacturer: Linux 5.15.195 musb-hcd
[   15.564437] usb usb1: SerialNumber: musb-hdrc.1
[   15.808654] omap-mailbox 480c8000.mailbox: omap mailbox rev 0x400
[   15.841191] remoteproc remoteproc0: powering up wkup_m3
[   15.925540] remoteproc remoteproc0: Direct firmware load for am335x-pm-firmware.elf failed with error -2
[   15.935255] remoteproc remoteproc0: request_firmware failed: -2
[   15.941213] wkup_m3_ipc 44e11324.wkup_m3_ipc: rproc_boot failed
[   16.172909] hub 1-0:1.0: USB hub found
[   16.239644] hub 1-0:1.0: 1 port detected
[   17.272874] omap_rng 48310000.rng: Random Number Generator ver. 20
[   17.326065] tilcdc 4830e000.lcdc: bound 0-0070 (ops tda998x_driver_exit [tda998x])
[   17.489846] [drm] Initialized tilcdc 1.0.0 20121205 for 4830e000.lcdc on minor 0
[   17.708102] tilcdc 4830e000.lcdc: [drm] Cannot find any crtc or sizes
[   17.732517] tilcdc 4830e000.lcdc: [drm] Cannot find any crtc or sizes
[   18.099717] Bluetooth: Core ver 2.22
[   18.103634] NET: Registered PF_BLUETOOTH protocol family
[   18.108975] Bluetooth: HCI device and connection manager initialized
[   18.115445] Bluetooth: HCI socket layer initialized
[   18.120355] Bluetooth: L2CAP socket layer initialized
[   18.125485] Bluetooth: SCO socket layer initialized
[   19.044720] PM: Cannot get wkup_m3_ipc handle
[   19.311497] omap-aes 53500000.aes: OMAP AES hw accel rev: 3.2
[   19.372002] omap-sham 53100000.sham: hw accel on OMAP rev 4.3
[   19.456416] omap-aes 53500000.aes: will run requests pump with realtime priority
[   19.500832] omap-sham 53100000.sham: will run requests pump with realtime priority
[   19.655597] PM: Cannot get wkup_m3_ipc handle
[   19.739800] PM: Cannot get wkup_m3_ipc handle
[   22.673093] using random self ethernet address
[   22.677757] using random host ethernet address
[   22.753937] PM: Cannot get wkup_m3_ipc handle
[   22.759548] of_get_named_gpiod_flags: can't parse 'simple-audio-card,hp-det-gpio' property of node '/sound[0]'
[   22.759608] of_get_named_gpiod_flags: can't parse 'simple-audio-card,mic-det-gpio' property of node '/sound[0]'
[   22.833989] PM: Cannot get wkup_m3_ipc handle
[   23.163705] using random self ethernet address
[   23.168215] using random host ethernet address
[   23.473260] userial_init: registered 8 ttyGS* devices
[   23.706447] rndis_register: configNr = 0
[   23.788860] udc musb-hdrc.0: registering UDC driver [g_multi]
[   23.788956] configfs-gadget gadget: adding 'rndis'/a0cadf51 to config 'c'/785c9616
[   23.789950] usb0: HOST MAC 1c:ba:8c:a2:ed:6c
[   23.794424] usb0: MAC 1c:ba:8c:a2:ed:70
[   23.798331] rndis_set_param_medium: 0 0
[   23.798349] configfs-gadget gadget: RNDIS: dual speed IN/ep1in OUT/ep1out NOTIFY/ep2in
[   23.798364] configfs-gadget gadget: adding 'cdc_ethernet'/2e5611dd to config 'c'/785c9616
[   23.799114] usb1: HOST MAC 1c:ba:8c:a2:ed:6c
[   23.803512] usb1: MAC 1c:ba:8c:a2:ed:6d
[   23.807396] configfs-gadget gadget: CDC Ethernet: dual speed IN/ep3in OUT/ep2out NOTIFY/ep4in
[   23.807412] configfs-gadget gadget: adding 'acm'/8d1b72a0 to config 'c'/785c9616
[   23.807438] configfs-gadget gadget: acm ttyGS0: dual speed IN/ep5in OUT/ep3out NOTIFY/ep6in
[   24.995803] usb1: eth_open
[   29.708482] gs_open: ttyGS0 (45ac923d,58e96936)
[   29.708633] gs_close: ttyGS0 (45ac923d,58e96936) ...
[   29.708656] gs_close: ttyGS0 (45ac923d,58e96936) done!
[   29.710416] gs_open: ttyGS0 (c4a0193e,27b5d968)
[   29.710539] gs_close: ttyGS0 (c4a0193e,27b5d968) ...
[   29.710561] gs_close: ttyGS0 (c4a0193e,27b5d968) done!
[   29.854790] gs_open: ttyGS0 (afa33814,54bd30ad)
[   29.855665] gs_close: ttyGS0 (afa33814,54bd30ad) ...
[   29.855708] gs_close: ttyGS0 (afa33814,54bd30ad) done!
[   29.856497] gs_open: ttyGS0 (afa33814,eb18aaf5)
OYXKOJTAXM 0
root@arm:~# echo 'JZLH''QUUPYO'
JZLHQUUPYO
root@arm:~# MARKER='XQQU''FOOABQ' run 'modprobe test_linear_ranges'
XQQUFOOABQXQQUFOOABQ 0
root@arm:~# echo 'QCGK''NLXQJX'
QCGKNLXQJX
root@arm:~# MARKER='NEMV''MYTTCJ' run dmesg
NEMVMYTTCJ[    0.000000] Booting Linux on physical CPU 0x0
[    0.000000] Linux version 5.15.195 (user01@drvtest01) (arm-none-eabi-gcc (Arm GNU Toolchain 14.2.Rel1 (Build arm-14.52)) 14.2.1 20241119, GNU ld (Arm GNU Toolchain 14.2.Rel1 (Build arm-14.52)) 2.43.1.20241119) #1 SMP Sun Oct 19 17:43:46 EEST 2025
[    0.000000] CPU: ARMv7 Processor [413fc082] revision 2 (ARMv7), cr=10c5387d
[    0.000000] CPU: PIPT / VIPT nonaliasing data cache, VIPT aliasing instruction cache
[    0.000000] OF: fdt: Machine model: TI AM335x BeagleBone Black
[    0.000000] Memory policy: Data cache writeback
[    0.000000] cma: Reserved 16 MiB at 0x9e800000
[    0.000000] Zone ranges:
[    0.000000]   Normal   [mem 0x0000000080000000-0x000000009fdfffff]
[    0.000000]   HighMem  empty
[    0.000000] Movable zone start for each node
[    0.000000] Early memory node ranges
[    0.000000]   node   0: [mem 0x0000000080000000-0x000000009fdfffff]
[    0.000000] Initmem setup node 0 [mem 0x0000000080000000-0x000000009fdfffff]
[    0.000000] CPU: All CPU(s) started in SVC mode.
[    0.000000] AM335X ES2.1 (sgx neon)
[    0.000000] percpu: Embedded 16 pages/cpu s33804 r8192 d23540 u65536
[    0.000000] pcpu-alloc: s33804 r8192 d23540 u65536 alloc=16*4096
[    0.000000] pcpu-alloc: [0] 0 
[    0.000000] Built 1 zonelists, mobility grouping on.  Total pages: 129412
[    0.000000] Kernel command line: console=ttyO0,115200n8 root=/dev/nfs rw nfsroot=192.168.255.126:/home/user01/nfs,nfsvers=3 ip=192.168.255.1:192.168.255.126::255.255.255.0:bbb1:eth0 nfsrootdebug
[    0.000000] Unknown kernel command line parameters "nfsrootdebug", will be passed to user space.
[    0.000000] Dentry cache hash table entries: 65536 (order: 6, 262144 bytes, linear)
[    0.000000] Inode-cache hash table entries: 32768 (order: 5, 131072 bytes, linear)
[    0.000000] mem auto-init: stack:off, heap alloc:off, heap free:off
[    0.000000] Memory: 484752K/522240K available (10240K kernel code, 1080K rwdata, 2396K rodata, 1024K init, 246K bss, 21104K reserved, 16384K cma-reserved, 0K highmem)
[    0.000000] trace event string verifier disabled
[    0.000000] rcu: Hierarchical RCU implementation.
[    0.000000] rcu: 	RCU event tracing is enabled.
[    0.000000] rcu: 	RCU restricting CPUs from NR_CPUS=2 to nr_cpu_ids=1.
[    0.000000] rcu: RCU calculated value of scheduler-enlistment delay is 10 jiffies.
[    0.000000] rcu: Adjusting geometry for rcu_fanout_leaf=16, nr_cpu_ids=1
[    0.000000] NR_IRQS: 16, nr_irqs: 16, preallocated irqs: 16
[    0.000000] IRQ: Found an INTC at 0x(ptrval) (revision 5.0) with 128 interrupts
[    0.000000] TI gptimer clocksource: always-on /ocp/interconnect@44c00000/segment@200000/target-module@31000
[    0.000002] sched_clock: 32 bits at 24MHz, resolution 41ns, wraps every 89478484971ns
[    0.000028] clocksource: dmtimer: mask: 0xffffffff max_cycles: 0xffffffff, max_idle_ns: 79635851949 ns
[    0.000446] TI gptimer clockevent: 24000000 Hz at /ocp/interconnect@48000000/segment@0/target-module@40000
[    0.002272] Console: colour dummy device 80x30
[    0.002330] WARNING: Your 'console=ttyO0' has been replaced by 'ttyS0'
[    0.002341] This ensures that you still see kernel messages. Please
[    0.002349] update your kernel commandline.
[    0.002394] Calibrating delay loop... 996.14 BogoMIPS (lpj=4980736)
[    0.090563] CPU: Testing write buffer coherency: ok
[    0.090653] CPU0: Spectre v2: using BPIALL workaround
[    0.090667] pid_max: default: 32768 minimum: 301
[    0.090808] LSM: Security Framework initializing
[    0.090991] Mount-cache hash table entries: 1024 (order: 0, 4096 bytes, linear)
[    0.091017] Mountpoint-cache hash table entries: 1024 (order: 0, 4096 bytes, linear)
[    0.092594] CPU0: thread -1, cpu 0, socket -1, mpidr 0
[    0.093624] Setting up static identity map for 0x80100000 - 0x80100078
[    0.093863] rcu: Hierarchical SRCU implementation.
[    0.095055] smp: Bringing up secondary CPUs ...
[    0.095088] smp: Brought up 1 node, 1 CPU
[    0.095101] SMP: Total of 1 processors activated (996.14 BogoMIPS).
[    0.095114] CPU: All CPU(s) started in SVC mode.
[    0.095892] devtmpfs: initialized
[    0.110291] VFP support v0.3: implementor 41 architecture 3 part 30 variant c rev 3
[    0.110710] clocksource: jiffies: mask: 0xffffffff max_cycles: 0xffffffff, max_idle_ns: 19112604462750000 ns
[    0.110750] futex hash table entries: 256 (order: 2, 16384 bytes, linear)
[    0.112093] pinctrl core: initialized pinctrl subsystem
[    0.114013] NET: Registered PF_NETLINK/PF_ROUTE protocol family
[    0.116767] DMA: preallocated 256 KiB pool for atomic coherent allocations
[    0.117320] audit: initializing netlink subsys (disabled)
[    0.118521] thermal_sys: Registered thermal governor 'fair_share'
[    0.118544] thermal_sys: Registered thermal governor 'step_wise'
[    0.118559] thermal_sys: Registered thermal governor 'user_space'
[    0.118925] cpuidle: using governor menu
[    0.134995] No ATAGs?
[    0.135034] hw-breakpoint: debug architecture 0x4 unsupported.
[    0.142987] kprobes: kprobe jump-optimization is enabled. All kprobes are optimized if possible.
[    0.143331] audit: type=2000 audit(0.110:1): state=initialized audit_enabled=0 res=1
[    0.148147] reg-fixed-voltage fixedregulator0: GPIO lookup for consumer (null)
[    0.148176] reg-fixed-voltage fixedregulator0: using device tree for GPIO lookup
[    0.148198] of_get_named_gpiod_flags: can't parse 'gpios' property of node '/fixedregulator0[0]'
[    0.148237] of_get_named_gpiod_flags: can't parse 'gpio' property of node '/fixedregulator0[0]'
[    0.148260] reg-fixed-voltage fixedregulator0: using lookup tables for GPIO lookup
[    0.148271] reg-fixed-voltage fixedregulator0: No GPIO consumer (null) found
[    0.149375] iommu: Default domain type: Translated 
[    0.149399] iommu: DMA domain TLB invalidation policy: strict mode 
[    0.150793] vgaarb: loaded
[    0.151328] SCSI subsystem initialized
[    0.151738] libata version 3.00 loaded.
[    0.152054] pps_core: LinuxPPS API ver. 1 registered
[    0.152070] pps_core: Software ver. 5.3.6 - Copyright 2005-2007 Rodolfo Giometti <giometti@linux.it>
[    0.152100] PTP clock support registered
[    0.153415] clocksource: Switched to clocksource dmtimer
[    0.199336] VFS: Disk quotas dquot_6.6.0
[    0.199450] VFS: Dquot-cache hash table entries: 1024 (order 0, 4096 bytes)
[    0.267468] NET: Registered PF_INET protocol family
[    0.267807] IP idents hash table entries: 8192 (order: 4, 65536 bytes, linear)
[    0.268756] tcp_listen_portaddr_hash hash table entries: 512 (order: 0, 4096 bytes, linear)
[    0.268809] Table-perturb hash table entries: 65536 (order: 6, 262144 bytes, linear)
[    0.268836] TCP established hash table entries: 4096 (order: 2, 16384 bytes, linear)
[    0.268886] TCP bind hash table entries: 4096 (order: 3, 32768 bytes, linear)
[    0.268950] TCP: Hash tables configured (established 4096 bind 4096)
[    0.269087] UDP hash table entries: 256 (order: 1, 8192 bytes, linear)
[    0.269116] UDP-Lite hash table entries: 256 (order: 1, 8192 bytes, linear)
[    0.269299] NET: Registered PF_UNIX/PF_LOCAL protocol family
[    0.270405] RPC: Registered named UNIX socket transport module.
[    0.270438] RPC: Registered udp transport module.
[    0.270447] RPC: Registered tcp transport module.
[    0.270455] RPC: Registered tcp NFSv4.1 backchannel transport module.
[    0.270476] PCI: CLS 0 bytes, default 64
[    0.271831] Initialise system trusted keyrings
[    0.286440] workingset: timestamp_bits=14 max_order=17 bucket_order=3
[    0.287696] NFS: Registering the id_resolver key type
[    0.287770] Key type id_resolver registered
[    0.287780] Key type id_legacy registered
[    0.287837] jffs2: version 2.2. (NAND) (SUMMARY)  Â© 2001-2006 Red Hat, Inc.
[    0.288212] Key type asymmetric registered
[    0.288233] Asymmetric key parser 'x509' registered
[    0.288298] io scheduler mq-deadline registered
[    0.288314] io scheduler kyber registered
[    0.290893] hw perfevents: enabled with armv7_cortex_a8 PMU driver, 5 counters available
[    0.298980] l3-aon-clkctrl:0000:0: failed to disable
[    0.299289] Serial: 8250/16550 driver, 6 ports, IRQ sharing enabled
[    0.322841] brd: module loaded
[    0.347967] loop: module loaded
[    0.348885] mtdoops: mtd device (mtddev=name/number) must be supplied
[    0.350101] mdio_bus fixed-0: GPIO lookup for consumer reset
[    0.350125] mdio_bus fixed-0: using lookup tables for GPIO lookup
[    0.350136] mdio_bus fixed-0: No GPIO consumer reset found
[    0.351160] i2c_dev: i2c /dev entries driver
[    0.352064] cpuidle: enable-method property 'ti,am3352' found operations
[    0.352457] sdhci: Secure Digital Host Controller Interface driver
[    0.352474] sdhci: Copyright(c) Pierre Ossman
[    0.352645] sdhci-pltfm: SDHCI platform and OF driver helper
[    0.352874] ledtrig-cpu: registered to indicate activity on CPUs
[    0.353525] Initializing XFRM netlink socket
[    0.353745] NET: Registered PF_INET6 protocol family
[    0.355282] Segment Routing with IPv6
[    0.355369] In-situ OAM (IOAM) with IPv6
[    0.355468] sit: IPv6, IPv4 and MPLS over IPv4 tunneling driver
[    0.356288] NET: Registered PF_PACKET protocol family
[    0.356339] NET: Registered PF_KEY protocol family
[    0.356454] Key type dns_resolver registered
[    0.356551] ThumbEE CPU extension supported.
[    0.356572] Registering SWP/SWPB emulation handler
[    0.357073] omap_voltage_late_init: Voltage driver support not added
[    0.357708] SmartReflex Class3 initialized
[    0.358527] Loading compiled-in X.509 certificates
[    0.390596] pinctrl-single 44e10800.pinmux: 142 pins, size 568
[    0.395065] ti-sysc: probe of 44e31000.target-module failed with error -16
[    0.426717] ti-sysc: probe of 48040000.target-module failed with error -16
[    0.436785] gpio gpiochip0: (gpio-0-31): created GPIO range 0->7 ==> 44e10800.pinmux PIN 0->7
[    0.436828] gpio gpiochip0: (gpio-0-31): created GPIO range 8->11 ==> 44e10800.pinmux PIN 90->93
[    0.436845] gpio gpiochip0: (gpio-0-31): created GPIO range 12->27 ==> 44e10800.pinmux PIN 12->27
[    0.436862] gpio gpiochip0: (gpio-0-31): created GPIO range 28->31 ==> 44e10800.pinmux PIN 30->33
[    0.466567] gpio gpiochip0: (gpio-0-31): added GPIO chardev (254:0)
[    0.466738] gpio gpiochip0: registered GPIOs 0 to 31 on gpio-0-31
[    0.466829] OMAP GPIO hardware version 0.1
[    0.489176] i2c i2c-2: GPIO lookup for consumer scl
[    0.489212] i2c i2c-2: using device tree for GPIO lookup
[    0.489239] of_get_named_gpiod_flags: can't parse 'scl-gpios' property of node '/ocp/interconnect@48000000/segment@100000/target-module@9c000/i2c@0[0]'
[    0.489287] of_get_named_gpiod_flags: can't parse 'scl-gpio' property of node '/ocp/interconnect@48000000/segment@100000/target-module@9c000/i2c@0[0]'
[    0.489329] i2c i2c-2: using lookup tables for GPIO lookup
[    0.489340] i2c i2c-2: No GPIO consumer scl found
[    0.489361] i2c i2c-2: GPIO lookup for consumer sda
[    0.489369] i2c i2c-2: using device tree for GPIO lookup
[    0.489383] of_get_named_gpiod_flags: can't parse 'sda-gpios' property of node '/ocp/interconnect@48000000/segment@100000/target-module@9c000/i2c@0[0]'
[    0.489422] of_get_named_gpiod_flags: can't parse 'sda-gpio' property of node '/ocp/interconnect@48000000/segment@100000/target-module@9c000/i2c@0[0]'
[    0.489458] i2c i2c-2: using lookup tables for GPIO lookup
[    0.489466] i2c i2c-2: No GPIO consumer sda found
[    0.490125] omap_i2c 4819c000.i2c: bus 2 rev0.11 at 100 kHz
[    0.495452] gpio gpiochip1: (gpio-32-63): created GPIO range 0->17 ==> 44e10800.pinmux PIN 34->51
[    0.495492] gpio gpiochip1: (gpio-32-63): created GPIO range 18->21 ==> 44e10800.pinmux PIN 77->80
[    0.495509] gpio gpiochip1: (gpio-32-63): created GPIO range 22->31 ==> 44e10800.pinmux PIN 56->65
[    0.508721] gpio gpiochip1: (gpio-32-63): added GPIO chardev (254:1)
[    0.508863] gpio gpiochip1: registered GPIOs 32 to 63 on gpio-32-63
[    0.510949] gpio gpiochip2: (gpio-64-95): created GPIO range 0->4 ==> 44e10800.pinmux PIN 66->70
[    0.510984] gpio gpiochip2: (gpio-64-95): created GPIO range 5->6 ==> 44e10800.pinmux PIN 98->99
[    0.511001] gpio gpiochip2: (gpio-64-95): created GPIO range 7->8 ==> 44e10800.pinmux PIN 75->76
[    0.511017] gpio gpiochip2: (gpio-64-95): created GPIO range 13->13 ==> 44e10800.pinmux PIN 141->141
[    0.511034] gpio gpiochip2: (gpio-64-95): created GPIO range 14->21 ==> 44e10800.pinmux PIN 100->107
[    0.511446] gpio gpiochip2: (gpio-64-95): added GPIO chardev (254:2)
[    0.511562] gpio gpiochip2: registered GPIOs 64 to 95 on gpio-64-95
[    0.528961] mdio_bus 4a101000.mdio: GPIO lookup for consumer reset
[    0.528997] mdio_bus 4a101000.mdio: using device tree for GPIO lookup
[    0.529024] of_get_named_gpiod_flags: can't parse 'reset-gpios' property of node '/ocp/interconnect@4a000000/segment@0/target-module@100000/switch@0/mdio@1000[0]'
[    0.529076] of_get_named_gpiod_flags: can't parse 'reset-gpio' property of node '/ocp/interconnect@4a000000/segment@0/target-module@100000/switch@0/mdio@1000[0]'
[    0.529124] mdio_bus 4a101000.mdio: using lookup tables for GPIO lookup
[    0.529134] mdio_bus 4a101000.mdio: No GPIO consumer reset found
[    0.530093] sdhci-omap 481d8000.mmc: GPIO lookup for consumer wp
[    0.530118] sdhci-omap 481d8000.mmc: using device tree for GPIO lookup
[    0.530138] of_get_named_gpiod_flags: can't parse 'wp-gpios' property of node '/ocp/interconnect@48000000/segment@100000/target-module@d8000/mmc@0[0]'
[    0.530190] of_get_named_gpiod_flags: can't parse 'wp-gpio' property of node '/ocp/interconnect@48000000/segment@100000/target-module@d8000/mmc@0[0]'
[    0.530230] sdhci-omap 481d8000.mmc: using lookup tables for GPIO lookup
[    0.530241] sdhci-omap 481d8000.mmc: No GPIO consumer wp found
[    0.530409] sdhci-omap 481d8000.mmc: supply vqmmc not found, using dummy regulator
[    0.588977] davinci_mdio 4a101000.mdio: davinci mdio revision 1.6, bus freq 1000000
[    0.608748] mdio_bus 4a101000.mdio:00: GPIO lookup for consumer reset
[    0.608776] mdio_bus 4a101000.mdio:00: using device tree for GPIO lookup
[    0.608818] of_get_named_gpiod_flags: parsed 'reset-gpios' property of node '/ocp/interconnect@4a000000/segment@0/target-module@100000/switch@0/mdio@1000/ethernet-phy@0[0]' - status (0)
[    0.608982] gpio gpiochip0: Persistence not supported for GPIO 8
[    0.774886] davinci_mdio 4a101000.mdio: phy[0]: device 4a101000.mdio:00, driver SMSC LAN8710/LAN8720
[    0.775475] cpsw-switch 4a100000.switch: initialized cpsw ale version 1.4
[    0.775503] cpsw-switch 4a100000.switch: ALE Table size 1024
[    0.775627] cpsw-switch 4a100000.switch: cpts: overflow check period 500 (jiffies)
[    0.775647] cpsw-switch 4a100000.switch: CPTS: ref_clk_freq:250000000 calc_mult:2147483648 calc_shift:29 error:0 nsec/sec
[    0.775760] cpsw-switch 4a100000.switch: Detected MACID = 6c:ec:eb:68:de:78
[    0.777326] cpsw-switch 4a100000.switch: initialized (regs 0x4a100000, pool size 256) hw_ver:0019010C 1.12 (0)
[    0.786572] debugfs: Directory '49000000.dma' with parent 'dmaengine' already present!
[    0.786629] edma 49000000.dma: TI EDMA DMA engine driver
[    0.822747] gpio-clk clk_mcasp0: GPIO lookup for consumer enable
[    0.822784] gpio-clk clk_mcasp0: using device tree for GPIO lookup
[    0.822825] of_get_named_gpiod_flags: parsed 'enable-gpios' property of node '/clk_mcasp0[0]' - status (0)
[    0.822870] gpio gpiochip0: Persistence not supported for GPIO 27
[    0.823743] gpio gpiochip3: (gpio-96-127): created GPIO range 0->7 ==> 44e10800.pinmux PIN 82->89
[    0.823777] gpio gpiochip3: (gpio-96-127): created GPIO range 8->11 ==> 44e10800.pinmux PIN 52->55
[    0.823795] gpio gpiochip3: (gpio-96-127): created GPIO range 12->15 ==> 44e10800.pinmux PIN 94->97
[    0.823811] gpio gpiochip3: (gpio-96-127): created GPIO range 16->17 ==> 44e10800.pinmux PIN 71->72
[    0.823828] gpio gpiochip3: (gpio-96-127): created GPIO range 18->18 ==> 44e10800.pinmux PIN 135->135
[    0.823845] gpio gpiochip3: (gpio-96-127): created GPIO range 19->20 ==> 44e10800.pinmux PIN 108->109
[    0.823863] gpio gpiochip3: (gpio-96-127): created GPIO range 21->21 ==> 44e10800.pinmux PIN 73->73
[    0.823881] gpio gpiochip3: (gpio-96-127): created GPIO range 22->23 ==> 44e10800.pinmux PIN 8->9
[    0.823899] gpio gpiochip3: (gpio-96-127): created GPIO range 26->27 ==> 44e10800.pinmux PIN 10->11
[    0.823917] gpio gpiochip3: (gpio-96-127): created GPIO range 28->28 ==> 44e10800.pinmux PIN 74->74
[    0.823936] gpio gpiochip3: (gpio-96-127): created GPIO range 29->29 ==> 44e10800.pinmux PIN 81->81
[    0.823955] gpio gpiochip3: (gpio-96-127): created GPIO range 30->31 ==> 44e10800.pinmux PIN 28->29
[    0.833761] gpio gpiochip3: (gpio-96-127): added GPIO chardev (254:3)
[    0.833903] gpio gpiochip3: registered GPIOs 96 to 127 on gpio-96-127
[    0.835325] omap8250 44e09000.serial: GPIO lookup for consumer rs485-term
[    0.835355] omap8250 44e09000.serial: using device tree for GPIO lookup
[    0.835380] of_get_named_gpiod_flags: can't parse 'rs485-term-gpios' property of node '/ocp/interconnect@44c00000/segment@200000/target-module@9000/serial@0[0]'
[    0.835430] of_get_named_gpiod_flags: can't parse 'rs485-term-gpio' property of node '/ocp/interconnect@44c00000/segment@200000/target-module@9000/serial@0[0]'
[    0.835473] omap8250 44e09000.serial: using lookup tables for GPIO lookup
[    0.835483] omap8250 44e09000.serial: No GPIO consumer rs485-term found
[    0.835532] 44e09000.serial: ttyS0 at MMIO 0x44e09000 (irq = 19, base_baud = 3000000) is a 8250
[    1.830753] printk: console [ttyS0] enabled
[    1.837215] i2c i2c-0: GPIO lookup for consumer scl
[    1.837248] i2c i2c-0: using device tree for GPIO lookup
[    1.837274] of_get_named_gpiod_flags: can't parse 'scl-gpios' property of node '/ocp/interconnect@44c00000/segment@200000/target-module@b000/i2c@0[0]'
[    1.837324] of_get_named_gpiod_flags: can't parse 'scl-gpio' property of node '/ocp/interconnect@44c00000/segment@200000/target-module@b000/i2c@0[0]'
[    1.837366] i2c i2c-0: using lookup tables for GPIO lookup
[    1.837377] i2c i2c-0: No GPIO consumer scl found
[    1.837397] i2c i2c-0: GPIO lookup for consumer sda
[    1.837406] i2c i2c-0: using device tree for GPIO lookup
[    1.837420] of_get_named_gpiod_flags: can't parse 'sda-gpios' property of node '/ocp/interconnect@44c00000/segment@200000/target-module@b000/i2c@0[0]'
[    1.837459] of_get_named_gpiod_flags: can't parse 'sda-gpio' property of node '/ocp/interconnect@44c00000/segment@200000/target-module@b000/i2c@0[0]'
[    1.837495] i2c i2c-0: using lookup tables for GPIO lookup
[    1.837504] i2c i2c-0: No GPIO consumer sda found
[    1.864175] tps65217-pmic: Failed to locate of_node [id: -1]
[    1.879352] tps65217-bl: Failed to locate of_node [id: -1]
[    1.887803] tps65217 0-0024: TPS65217 ID 0xe version 1.2
[    1.893803] i2c 0-0070: Fixing up cyclic dependency with 4830e000.lcdc
[    1.900652] omap_i2c 44e0b000.i2c: bus 0 rev0.11 at 400 kHz
[    1.907868] sdhci-omap 48060000.mmc: GPIO lookup for consumer cd
[    1.907896] sdhci-omap 48060000.mmc: using device tree for GPIO lookup
[    1.907937] of_get_named_gpiod_flags: parsed 'cd-gpios' property of node '/ocp/interconnect@48000000/segment@0/target-module@60000/mmc@0[0]' - status (0)
[    1.908056] gpio gpiochip3: Persistence not supported for GPIO 6
[    1.908079] omap_gpio 44e07000.gpio: Could not set line 6 debounce to 200000 microseconds (-22)
[    1.916936] sdhci-omap 48060000.mmc: Got CD GPIO
[    1.921583] sdhci-omap 48060000.mmc: GPIO lookup for consumer wp
[    1.921593] sdhci-omap 48060000.mmc: using device tree for GPIO lookup
[    1.921611] of_get_named_gpiod_flags: can't parse 'wp-gpios' property of node '/ocp/interconnect@48000000/segment@0/target-module@60000/mmc@0[0]'
[    1.921656] of_get_named_gpiod_flags: can't parse 'wp-gpio' property of node '/ocp/interconnect@48000000/segment@0/target-module@60000/mmc@0[0]'
[    1.921696] sdhci-omap 48060000.mmc: using lookup tables for GPIO lookup
[    1.921707] sdhci-omap 48060000.mmc: No GPIO consumer wp found
[    1.921896] sdhci-omap 48060000.mmc: supply vqmmc not found, using dummy regulator
[    1.930569] sdhci-omap 481d8000.mmc: GPIO lookup for consumer wp
[    1.930595] sdhci-omap 481d8000.mmc: using device tree for GPIO lookup
[    1.930617] of_get_named_gpiod_flags: can't parse 'wp-gpios' property of node '/ocp/interconnect@48000000/segment@100000/target-module@d8000/mmc@0[0]'
[    1.930671] of_get_named_gpiod_flags: can't parse 'wp-gpio' property of node '/ocp/interconnect@48000000/segment@100000/target-module@d8000/mmc@0[0]'
[    1.930711] sdhci-omap 481d8000.mmc: using lookup tables for GPIO lookup
[    1.930721] sdhci-omap 481d8000.mmc: No GPIO consumer wp found
[    1.934152] sdhci-omap 481d8000.mmc: supply vqmmc not found, using dummy regulator
[    1.966704] mmc0: SDHCI controller on 48060000.mmc [48060000.mmc] using External DMA
[    1.974751] mmc1: SDHCI controller on 481d8000.mmc [481d8000.mmc] using External DMA
[    1.983204] cpsw-switch 4a100000.switch: starting ndev. mode: dual_mac
[    2.056963] mmc0: new high speed SDHC card at address aaaa
[    2.063850] mmcblk0: mmc0:aaaa SE32G 29.7 GiB 
[    2.073093]  mmcblk0: p1 p2
[    2.078020] mmc1: new high speed MMC card at address 0001
[    2.084677] mmcblk1: mmc1:0001 MMC04G 3.60 GiB 
[    2.091772]  mmcblk1: p1 p2
[    2.095836] mmcblk1boot0: mmc1:0001 MMC04G 2.00 MiB 
[    2.102836] mmcblk1boot1: mmc1:0001 MMC04G 2.00 MiB 
[    2.109692] mmcblk1rpmb: mmc1:0001 MMC04G 128 KiB, chardev (250:0)
[    2.145235] SMSC LAN8710/LAN8720 4a101000.mdio:00: attached PHY driver (mii_bus:phy_addr=4a101000.mdio:00, irq=POLL)
[    5.284142] cpsw-switch 4a100000.switch eth0: Link is Up - 100Mbps/Full - flow control off
[    5.303461] IPv6: ADDRCONF(NETDEV_CHANGE): eth0: link becomes ready
[    5.333419] IP-Config: Complete:
[    5.336680]      device=eth0, hwaddr=6c:ec:eb:68:de:78, ipaddr=192.168.255.1, mask=255.255.255.0, gw=255.255.255.255
[    5.347292]      host=bbb1, domain=, nis-domain=(none)
[    5.352454]      bootserver=192.168.255.126, rootserver=192.168.255.126, rootpath=
[    5.352822] clk: Disabling unused clocks
[    5.364673] TAP version 14
[    5.367396] 1..0
[    5.390467] VFS: Mounted root (nfs filesystem) on device 0:16.
[    5.397356] devtmpfs: mounted
[    5.401650] Freeing unused kernel image (initmem) memory: 1024K
[    5.408367] Run /sbin/init as init process
[    5.412494]   with arguments:
[    5.412504]     /sbin/init
[    5.412511]     nfsrootdebug
[    5.412517]   with environment:
[    5.412524]     HOME=/
[    5.412530]     TERM=linux
[    6.101093] systemd[1]: System time before build time, advancing clock.
[    6.302425] random: systemd: uninitialized urandom read (16 bytes read)
[    6.314630] random: systemd: uninitialized urandom read (16 bytes read)
[    6.325581] systemd[1]: systemd 232 running in system mode. (+PAM +AUDIT +SELINUX +IMA +APPARMOR +SMACK +SYSVINIT +UTMP +LIBCRYPTSETUP +GCRYPT +GNUTLS +ACL +XZ +LZ4 +SECCOMP +BLKID +ELFUTILS +KMOD +IDN)
[    6.344672] systemd[1]: Detected architecture arm.
[    6.386344] systemd[1]: Set hostname to <arm>.
[    6.760245] random: systemd-cryptse: uninitialized urandom read (16 bytes read)
[    7.304212] random: systemd: uninitialized urandom read (16 bytes read)
[    7.346137] random: systemd: uninitialized urandom read (16 bytes read)
[    7.353061] random: systemd: uninitialized urandom read (16 bytes read)
[    7.366191] systemd[1]: Reached target Swap.
[    7.405218] systemd[1]: Listening on /dev/initctl Compatibility Named Pipe.
[    7.444255] systemd[1]: Started Forward Password Requests to Wall Directory Watch.
[    7.485401] systemd[1]: Listening on Journal Socket.
[    7.525273] systemd[1]: Listening on udev Control Socket.
[    7.563824] systemd[1]: Reached target Remote File Systems.
[    7.604061] systemd[1]: Listening on Journal Socket (/dev/log).
[    8.322193] random: systemd-journal: uninitialized urandom read (16 bytes read)
[    8.338795] random: systemd: uninitialized urandom read (16 bytes read)
[    8.348254] random: systemd-journal: uninitialized urandom read (16 bytes read)
[    9.376726] random: systemd-journal: uninitialized urandom read (16 bytes read)
[   10.084471] systemd-journald[101]: Received request to flush runtime journal from PID 1
[   11.893571] random: crng init done
[   11.897037] random: 466 urandom warning(s) missed due to ratelimiting
[   12.364445] of_get_named_gpiod_flags: parsed 'gpios' property of node '/leds/led2[0]' - status (0)
[   12.364535] gpio gpiochip0: Persistence not supported for GPIO 21
[   12.364548] gpio-21 (?): no flags found for gpios
[   12.364790] of_get_named_gpiod_flags: parsed 'gpios' property of node '/leds/led3[0]' - status (0)
[   12.364832] gpio gpiochip0: Persistence not supported for GPIO 22
[   12.364842] gpio-22 (?): no flags found for gpios
[   12.365011] of_get_named_gpiod_flags: parsed 'gpios' property of node '/leds/led4[0]' - status (0)
[   12.365046] gpio gpiochip0: Persistence not supported for GPIO 23
[   12.365055] gpio-23 (?): no flags found for gpios
[   12.365201] of_get_named_gpiod_flags: parsed 'gpios' property of node '/leds/led5[0]' - status (0)
[   12.365234] gpio gpiochip0: Persistence not supported for GPIO 24
[   12.365244] gpio-24 (?): no flags found for gpios
[   12.735294] remoteproc remoteproc0: wkup_m3 is available
[   12.917774] at24 2-0054: supply vcc not found, using dummy regulator
[   13.051750] at24 2-0055: supply vcc not found, using dummy regulator
[   13.262499] at24 2-0056: supply vcc not found, using dummy regulator
[   13.394100] at24 2-0057: supply vcc not found, using dummy regulator
[   13.484244] at24 0-0050: supply vcc not found, using dummy regulator
[   13.554939] tps6521x_pwrbutton tps65217-pwrbutton: DMA mask not set
[   13.577406] at24 0-0050: GPIO lookup for consumer wp
[   13.577446] at24 0-0050: using device tree for GPIO lookup
[   13.577478] of_get_named_gpiod_flags: can't parse 'wp-gpios' property of node '/ocp/interconnect@44c00000/segment@200000/target-module@b000/i2c@0/baseboard_eeprom@50[0]'
[   13.577554] of_get_named_gpiod_flags: can't parse 'wp-gpio' property of node '/ocp/interconnect@44c00000/segment@200000/target-module@b000/i2c@0/baseboard_eeprom@50[0]'
[   13.577606] at24 0-0050: using lookup tables for GPIO lookup
[   13.577617] at24 0-0050: No GPIO consumer wp found
[   13.577894] at24 0-0050: 32768 byte 24c256 EEPROM, writable, 1 bytes/write
[   13.643134] input: tps65217_pwrbutton as /devices/platform/ocp/44c00000.interconnect/44c00000.interconnect:segment@200000/44e0b000.target-module/44e0b000.i2c/i2c-0/0-0024/tps65217-pwrbutton/input/input0
[   13.829664] omap_rtc 44e3e000.rtc: registered as rtc0
[   13.834941] omap_rtc 44e3e000.rtc: setting system clock to 2000-01-01T00:00:00 UTC (946684800)
[   13.843661] omap_rtc 44e3e000.rtc: GPIO lookup for consumer wp
[   13.843674] omap_rtc 44e3e000.rtc: using device tree for GPIO lookup
[   13.843701] of_get_named_gpiod_flags: can't parse 'wp-gpios' property of node '/ocp/interconnect@44c00000/segment@200000/target-module@3e000/rtc@0[0]'
[   13.843757] of_get_named_gpiod_flags: can't parse 'wp-gpio' property of node '/ocp/interconnect@44c00000/segment@200000/target-module@3e000/rtc@0[0]'
[   13.843801] omap_rtc 44e3e000.rtc: using lookup tables for GPIO lookup
[   13.843813] omap_rtc 44e3e000.rtc: No GPIO consumer wp found
[   13.943219] omap_wdt: OMAP Watchdog Timer Rev 0x01: initial timeout 60 sec
[   14.125195] am335x-phy-driver 47401300.usb-phy: GPIO lookup for consumer reset
[   14.125237] am335x-phy-driver 47401300.usb-phy: using device tree for GPIO lookup
[   14.125267] of_get_named_gpiod_flags: can't parse 'reset-gpios' property of node '/ocp/target-module@47400000/usb-phy@1300[0]'
[   14.125319] of_get_named_gpiod_flags: can't parse 'reset-gpio' property of node '/ocp/target-module@47400000/usb-phy@1300[0]'
[   14.125354] am335x-phy-driver 47401300.usb-phy: using lookup tables for GPIO lookup
[   14.125365] am335x-phy-driver 47401300.usb-phy: No GPIO consumer reset found
[   14.125377] am335x-phy-driver 47401300.usb-phy: GPIO lookup for consumer vbus-detect
[   14.125386] am335x-phy-driver 47401300.usb-phy: using device tree for GPIO lookup
[   14.125401] of_get_named_gpiod_flags: can't parse 'vbus-detect-gpios' property of node '/ocp/target-module@47400000/usb-phy@1300[0]'
[   14.125430] of_get_named_gpiod_flags: can't parse 'vbus-detect-gpio' property of node '/ocp/target-module@47400000/usb-phy@1300[0]'
[   14.125457] am335x-phy-driver 47401300.usb-phy: using lookup tables for GPIO lookup
[   14.125466] am335x-phy-driver 47401300.usb-phy: No GPIO consumer vbus-detect found
[   14.125588] am335x-phy-driver 47401300.usb-phy: supply vcc not found, using dummy regulator
[   14.550470] usbcore: registered new interface driver usbfs
[   14.556211] usbcore: registered new interface driver hub
[   14.561634] usbcore: registered new device driver usb
[   14.950781] am335x-phy-driver 47401b00.usb-phy: GPIO lookup for consumer reset
[   14.950821] am335x-phy-driver 47401b00.usb-phy: using device tree for GPIO lookup
[   14.950851] of_get_named_gpiod_flags: can't parse 'reset-gpios' property of node '/ocp/target-module@47400000/usb-phy@1b00[0]'
[   14.950899] of_get_named_gpiod_flags: can't parse 'reset-gpio' property of node '/ocp/target-module@47400000/usb-phy@1b00[0]'
[   14.950931] am335x-phy-driver 47401b00.usb-phy: using lookup tables for GPIO lookup
[   14.950943] am335x-phy-driver 47401b00.usb-phy: No GPIO consumer reset found
[   14.950953] am335x-phy-driver 47401b00.usb-phy: GPIO lookup for consumer vbus-detect
[   14.950963] am335x-phy-driver 47401b00.usb-phy: using device tree for GPIO lookup
[   14.950977] of_get_named_gpiod_flags: can't parse 'vbus-detect-gpios' property of node '/ocp/target-module@47400000/usb-phy@1b00[0]'
[   14.951007] of_get_named_gpiod_flags: can't parse 'vbus-detect-gpio' property of node '/ocp/target-module@47400000/usb-phy@1b00[0]'
[   14.951034] am335x-phy-driver 47401b00.usb-phy: using lookup tables for GPIO lookup
[   14.951044] am335x-phy-driver 47401b00.usb-phy: No GPIO consumer vbus-detect found
[   14.951165] am335x-phy-driver 47401b00.usb-phy: supply vcc not found, using dummy regulator
[   15.184937] musb-hdrc musb-hdrc.1: MUSB HDRC host driver
[   15.190342] musb-hdrc musb-hdrc.1: new USB bus registered, assigned bus number 1
[   15.368342] tda998x 0-0070: found TDA19988
[   15.538088] usb usb1: New USB device found, idVendor=1d6b, idProduct=0002, bcdDevice= 5.15
[   15.546529] usb usb1: New USB device strings: Mfr=3, Product=2, SerialNumber=1
[   15.553826] usb usb1: Product: MUSB HDRC host driver
[   15.558816] usb usb1: Manufacturer: Linux 5.15.195 musb-hcd
[   15.564437] usb usb1: SerialNumber: musb-hdrc.1
[   15.808654] omap-mailbox 480c8000.mailbox: omap mailbox rev 0x400
[   15.841191] remoteproc remoteproc0: powering up wkup_m3
[   15.925540] remoteproc remoteproc0: Direct firmware load for am335x-pm-firmware.elf failed with error -2
[   15.935255] remoteproc remoteproc0: request_firmware failed: -2
[   15.941213] wkup_m3_ipc 44e11324.wkup_m3_ipc: rproc_boot failed
[   16.172909] hub 1-0:1.0: USB hub found
[   16.239644] hub 1-0:1.0: 1 port detected
[   17.272874] omap_rng 48310000.rng: Random Number Generator ver. 20
[   17.326065] tilcdc 4830e000.lcdc: bound 0-0070 (ops tda998x_driver_exit [tda998x])
[   17.489846] [drm] Initialized tilcdc 1.0.0 20121205 for 4830e000.lcdc on minor 0
[   17.708102] tilcdc 4830e000.lcdc: [drm] Cannot find any crtc or sizes
[   17.732517] tilcdc 4830e000.lcdc: [drm] Cannot find any crtc or sizes
[   18.099717] Bluetooth: Core ver 2.22
[   18.103634] NET: Registered PF_BLUETOOTH protocol family
[   18.108975] Bluetooth: HCI device and connection manager initialized
[   18.115445] Bluetooth: HCI socket layer initialized
[   18.120355] Bluetooth: L2CAP socket layer initialized
[   18.125485] Bluetooth: SCO socket layer initialized
[   19.044720] PM: Cannot get wkup_m3_ipc handle
[   19.311497] omap-aes 53500000.aes: OMAP AES hw accel rev: 3.2
[   19.372002] omap-sham 53100000.sham: hw accel on OMAP rev 4.3
[   19.456416] omap-aes 53500000.aes: will run requests pump with realtime priority
[   19.500832] omap-sham 53100000.sham: will run requests pump with realtime priority
[   19.655597] PM: Cannot get wkup_m3_ipc handle
[   19.739800] PM: Cannot get wkup_m3_ipc handle
[   22.673093] using random self ethernet address
[   22.677757] using random host ethernet address
[   22.753937] PM: Cannot get wkup_m3_ipc handle
[   22.759548] of_get_named_gpiod_flags: can't parse 'simple-audio-card,hp-det-gpio' property of node '/sound[0]'
[   22.759608] of_get_named_gpiod_flags: can't parse 'simple-audio-card,mic-det-gpio' property of node '/sound[0]'
[   22.833989] PM: Cannot get wkup_m3_ipc handle
[   23.163705] using random self ethernet address
[   23.168215] using random host ethernet address
[   23.473260] userial_init: registered 8 ttyGS* devices
[   23.706447] rndis_register: configNr = 0
[   23.788860] udc musb-hdrc.0: registering UDC driver [g_multi]
[   23.788956] configfs-gadget gadget: adding 'rndis'/a0cadf51 to config 'c'/785c9616
[   23.789950] usb0: HOST MAC 1c:ba:8c:a2:ed:6c
[   23.794424] usb0: MAC 1c:ba:8c:a2:ed:70
[   23.798331] rndis_set_param_medium: 0 0
[   23.798349] configfs-gadget gadget: RNDIS: dual speed IN/ep1in OUT/ep1out NOTIFY/ep2in
[   23.798364] configfs-gadget gadget: adding 'cdc_ethernet'/2e5611dd to config 'c'/785c9616
[   23.799114] usb1: HOST MAC 1c:ba:8c:a2:ed:6c
[   23.803512] usb1: MAC 1c:ba:8c:a2:ed:6d
[   23.807396] configfs-gadget gadget: CDC Ethernet: dual speed IN/ep3in OUT/ep2out NOTIFY/ep4in
[   23.807412] configfs-gadget gadget: adding 'acm'/8d1b72a0 to config 'c'/785c9616
[   23.807438] configfs-gadget gadget: acm ttyGS0: dual speed IN/ep5in OUT/ep3out NOTIFY/ep6in
[   24.995803] usb1: eth_open
[   29.708482] gs_open: ttyGS0 (45ac923d,58e96936)
[   29.708633] gs_close: ttyGS0 (45ac923d,58e96936) ...
[   29.708656] gs_close: ttyGS0 (45ac923d,58e96936) done!
[   29.710416] gs_open: ttyGS0 (c4a0193e,27b5d968)
[   29.710539] gs_close: ttyGS0 (c4a0193e,27b5d968) ...
[   29.710561] gs_close: ttyGS0 (c4a0193e,27b5d968) done!
[   29.854790] gs_open: ttyGS0 (afa33814,54bd30ad)
[   29.855665] gs_close: ttyGS0 (afa33814,54bd30ad) ...
[   29.855708] gs_close: ttyGS0 (afa33814,54bd30ad) done!
[   29.856497] gs_open: ttyGS0 (afa33814,eb18aaf5)
[   48.339939]     # Subtest: linear-ranges-test
[   48.339983]     1..4
[   48.340463]     ok 1 - range_test_get_value_amount
[   48.340738]     ok 2 - range_test_get_selector_high
[   48.340983]     ok 3 - range_test_get_selector_low
[   48.341197]     ok 4 - range_test_get_value
[   48.341217] # linear-ranges-test: pass:4 fail:0 skip:0 total:4
