Labgrid Console Logfile for main
Logfile started at 2025-11-10 01:43:01.120529
=== Log starts here ===
reading args
spl_load_image_fat_os: error reading image args, err - -1
reading u-boot.img
reading u-boot.img


U-Boot 2014.04-00014-g47880f5 (Apr 22 2014 - 13:23:54)

I2C:   ready
DRAM:  512 MiB
NAND:  0 MiB
MMC:   OMAP SD/MMC: 0, OMAP SD/MMC: 1
*** Warning - readenv() failed, using default environment

Net:   <ethaddr> not set. Validating first E-fuse MAC
cpsw, usb_ether
Hit any key to stop autoboot:  1  0 
gpio: pin 53 (gpio 53) value is 1
mmc0 is current device
gpio: pin 54 (gpio 54) value is 1
SD/MMC found on device 0
reading uEnv.txt
569 bytes read in 4 ms (138.7 KiB/s)
gpio: pin 55 (gpio 55) value is 1
Loaded environment from uEnv.txt
Importing environment from mmc ...
Checking if uenvcmd is set ...
gpio: pin 56 (gpio 56) value is 1
Running uenvcmd ...
cpsw Waiting for PHY auto negotiation to complete. done
link up on port 0, speed 100, full duplex
Using cpsw device
TFTP from server 192.168.255.126; our IP address is 192.168.255.1
Filename 'zImage'.
Load address: 0x81000000
Loading: *#################################################################
	 #################################################################
	 #################################################################
	 #################################################################
	 #################################################################
	 ###############################################################
	 2.4 MiB/s
done
Bytes transferred = 5682240 (56b440 hex)
link up on port 0, speed 100, full duplex
Using cpsw device
TFTP from server 192.168.255.126; our IP address is 192.168.255.1
Filename 'am335x-boneblack.dtb'.
Load address: 0x82000000
Loading: *#######
	 2.3 MiB/s
done
Bytes transferred = 98148 (17f64 hex)
Kernel image @ 0x81000000 [ 0x000000 - 0x56b440 ]
## Flattened Device Tree blob at 82000000
   Booting using the fdt blob at 0x82000000
   Using Device Tree in place at 82000000, end 8201af63

Starting kernel ...

[    0.000000] Booting Linux on physical CPU 0x0
[    0.000000] Linux version 6.18.0-rc5 (user01@drvtest01) (arm-none-eabi-gcc (Arm GNU Toolchain 14.2.Rel1 (Build arm-14.52)) 14.2.1 20241119, GNU ld (Arm GNU Toolchain 14.2.Rel1 (Build arm-14.52)) 2.43.1.20241119) #1 SMP Mon Nov 10 01:41:41 EET 2025
[    0.000000] CPU: ARMv7 Processor [413fc082] revision 2 (ARMv7), cr=10c5387d
[    0.000000] CPU: PIPT / VIPT nonaliasing data cache, VIPT aliasing instruction cache
[    0.000000] OF: fdt: Machine model: TI AM335x BeagleBone Black
[    0.000000] Memory policy: Data cache writeback
[    0.000000] cma: Reserved 16 MiB at 0x9e800000
[    0.000000] Zone ranges:
[    0.000000]   Normal   [mem 0x0000000080000000-0x000000009fdfffff]
[    0.000000]   HighMem  empty
[    0.000000] Movable zone start for each node
[    0.000000] Early memory node ranges
[    0.000000]   node   0: [mem 0x0000000080000000-0x000000009fdfffff]
[    0.000000] Initmem setup node 0 [mem 0x0000000080000000-0x000000009fdfffff]
[    0.000000] On node 0, zone Normal: 512 pages in unavailable ranges
[    0.000000] OF: reserved mem: Reserved memory: No reserved-memory node in the DT
[    0.000000] CPU: All CPU(s) started in SVC mode.
[    0.000000] AM335X ES2.1 (sgx neon)
[    0.000000] percpu: Embedded 17 pages/cpu s39884 r8192 d21556 u69632
[    0.000000] Kernel command line: console=ttyO0,115200n8 root=/dev/nfs rw nfsroot=192.168.255.126:/home/user01/nfs,nfsvers=3 ip=192.168.255.1:192.168.255.126::255.255.255.0:bbb1:eth0 nfsrootdebug
[    0.000000] Unknown kernel command line parameters "nfsrootdebug", will be passed to user space.
[    0.000000] printk: log buffer data + meta data: 65536 + 204800 = 270336 bytes
[    0.000000] Dentry cache hash table entries: 65536 (order: 6, 262144 bytes, linear)
[    0.000000] Inode-cache hash table entries: 32768 (order: 5, 131072 bytes, linear)
[    0.000000] Built 1 zonelists, mobility grouping on.  Total pages: 130560
[    0.000000] mem auto-init: stack:off, heap alloc:off, heap free:off
[    0.000000] SLUB: HWalign=16, Order=0-3, MinObjects=0, CPUs=1, Nodes=1
[    0.000000] rcu: Hierarchical RCU implementation.
[    0.000000] rcu: 	RCU event tracing is enabled.
[    0.000000] rcu: 	RCU restricting CPUs from NR_CPUS=2 to nr_cpu_ids=1.
[    0.000000] 	Tracing variant of Tasks RCU enabled.
[    0.000000] rcu: RCU calculated value of scheduler-enlistment delay is 10 jiffies.
[    0.000000] rcu: Adjusting geometry for rcu_fanout_leaf=16, nr_cpu_ids=1
[    0.000000] RCU Tasks Trace: Setting shift to 0 and lim to 1 rcu_task_cb_adjust=1 rcu_task_cpu_ids=1.
[    0.000000] NR_IRQS: 16, nr_irqs: 16, preallocated irqs: 16
[    0.000000] IRQ: Found an INTC at 0x(ptrval) (revision 5.0) with 128 interrupts
[    0.000000] rcu: srcu_init: Setting srcu_struct sizes based on contention.
[    0.000000] TI gptimer clocksource: always-on /ocp/interconnect@44c00000/segment@200000/target-module@31000
[    0.000003] sched_clock: 32 bits at 24MHz, resolution 41ns, wraps every 89478484971ns
[    0.000026] clocksource: dmtimer: mask: 0xffffffff max_cycles: 0xffffffff, max_idle_ns: 79635851949 ns
[    0.000485] TI gptimer clockevent: 24000000 Hz at /ocp/interconnect@48000000/segment@0/target-module@40000
[    0.002050] Console: colour dummy device 80x30
[    0.002118] WARNING: Your 'console=ttyO0' has been replaced by 'ttyS0'
[    0.002126] This ensures that you still see kernel messages. Please
[    0.002130] update your kernel commandline.
[    0.002172] Calibrating delay loop... 996.14 BogoMIPS (lpj=4980736)
[    0.090601] CPU: Testing write buffer coherency: ok
[    0.090683] CPU0: Spectre v2: using BPIALL workaround
[    0.090693] pid_max: default: 32768 minimum: 301
[    0.090874] LSM: initializing lsm=capability
[    0.091033] Mount-cache hash table entries: 1024 (order: 0, 4096 bytes, linear)
[    0.091052] Mountpoint-cache hash table entries: 1024 (order: 0, 4096 bytes, linear)
[    0.092633] CPU0: thread -1, cpu 0, socket -1, mpidr 0
[    0.092692] cacheinfo: Unable to detect cache hierarchy for CPU 0
[    0.094722] Setting up static identity map for 0x80100000 - 0x80100078
[    0.095036] rcu: Hierarchical SRCU implementation.
[    0.095047] rcu: 	Max phase no-delay instances is 1000.
[    0.096747] smp: Bringing up secondary CPUs ...
[    0.096800] smp: Brought up 1 node, 1 CPU
[    0.096813] SMP: Total of 1 processors activated (996.14 BogoMIPS).
[    0.096824] CPU: All CPU(s) started in SVC mode.
[    0.097033] Memory: 480864K/522240K available (11264K kernel code, 1226K rwdata, 2956K rodata, 1024K init, 256K bss, 23336K reserved, 16384K cma-reserved, 0K highmem)
[    0.097845] devtmpfs: initialized
[    0.115240] VFP support v0.3: implementor 41 architecture 3 part 30 variant c rev 3
[    0.115910] clocksource: jiffies: mask: 0xffffffff max_cycles: 0xffffffff, max_idle_ns: 19112604462750000 ns
[    0.115967] posixtimers hash table entries: 512 (order: 0, 4096 bytes, linear)
[    0.115996] futex hash table entries: 256 (16384 bytes on 1 NUMA nodes, total 16 KiB, linear).
[    0.117129] pinctrl core: initialized pinctrl subsystem
[    0.119204] NET: Registered PF_NETLINK/PF_ROUTE protocol family
[    0.122289] DMA: preallocated 256 KiB pool for atomic coherent allocations
[    0.122893] audit: initializing netlink subsys (disabled)
[    0.124208] thermal_sys: Registered thermal governor 'fair_share'
[    0.124224] thermal_sys: Registered thermal governor 'step_wise'
[    0.124232] thermal_sys: Registered thermal governor 'user_space'
[    0.124341] audit: type=2000 audit(0.120:1): state=initialized audit_enabled=0 res=1
[    0.124412] cpuidle: using governor menu
[    0.142668] /ocp/interconnect@44c00000/segment@200000/target-module@b000/i2c@0/tda19988@70: Fixed dependency cycle(s) with /ocp/interconnect@48000000/segment@300000/target-module@e000/lcdc@0
[    0.143752] /ocp/interconnect@48000000/segment@300000/target-module@e000/lcdc@0: Fixed dependency cycle(s) with /ocp/interconnect@44c00000/segment@200000/target-module@b000/i2c@0/tda19988@70
[    0.145967] No ATAGs?
[    0.146006] hw-breakpoint: debug architecture 0x4 unsupported.
[    0.149088] kprobes: kprobe jump-optimization is enabled. All kprobes are optimized if possible.
[    0.153796] iommu: Default domain type: Translated
[    0.153819] iommu: DMA domain TLB invalidation policy: strict mode
[    0.161519] SCSI subsystem initialized
[    0.162368] pps_core: LinuxPPS API ver. 1 registered
[    0.162379] pps_core: Software ver. 5.3.6 - Copyright 2005-2007 Rodolfo Giometti <giometti@linux.it>
[    0.162401] PTP clock support registered
[    0.171236] vgaarb: loaded
[    0.171609] clocksource: Switched to clocksource dmtimer
[    0.172290] VFS: Disk quotas dquot_6.6.0
[    0.172355] VFS: Dquot-cache hash table entries: 1024 (order 0, 4096 bytes)
[    0.197199] NET: Registered PF_INET protocol family
[    0.197545] IP idents hash table entries: 8192 (order: 4, 65536 bytes, linear)
[    0.198976] tcp_listen_portaddr_hash hash table entries: 512 (order: 0, 4096 bytes, linear)
[    0.199013] Table-perturb hash table entries: 65536 (order: 6, 262144 bytes, linear)
[    0.199030] TCP established hash table entries: 4096 (order: 2, 16384 bytes, linear)
[    0.199076] TCP bind hash table entries: 4096 (order: 4, 65536 bytes, linear)
[    0.199176] TCP: Hash tables configured (established 4096 bind 4096)
[    0.199298] UDP hash table entries: 256 (order: 1, 14336 bytes, linear)
[    0.199333] UDP-Lite hash table entries: 256 (order: 1, 14336 bytes, linear)
[    0.199537] NET: Registered PF_UNIX/PF_LOCAL protocol family
[    0.202574] RPC: Registered named UNIX socket transport module.
[    0.202596] RPC: Registered udp transport module.
[    0.202602] RPC: Registered tcp transport module.
[    0.202607] RPC: Registered tcp-with-tls transport module.
[    0.202611] RPC: Registered tcp NFSv4.1 backchannel transport module.
[    0.202638] PCI: CLS 0 bytes, default 64
[    0.204052] Initialise system trusted keyrings
[    0.212210] workingset: timestamp_bits=14 max_order=17 bucket_order=3
[    0.213628] NFS: Registering the id_resolver key type
[    0.213687] Key type id_resolver registered
[    0.213694] Key type id_legacy registered
[    0.213813] jffs2: version 2.2. (NAND) (SUMMARY)  Â© 2001-2006 Red Hat, Inc.
[    0.214275] Key type asymmetric registered
[    0.214289] Asymmetric key parser 'x509' registered
[    0.214361] io scheduler mq-deadline registered
[    0.214371] io scheduler kyber registered
[    0.214458] io scheduler bfq registered
[    0.216292] target-module@4b000000:target-module@140000:pmu@0:fck: device ID is greater than 24
[    0.221891] ledtrig-cpu: registered to indicate activity on CPUs
[    0.225650] Serial: 8250/16550 driver, 6 ports, IRQ sharing enabled
[    0.277959] brd: module loaded
[    0.286856] loop: module loaded
[    0.287789] mtdoops: mtd device (mtddev=name/number) must be supplied
[    0.290755] i2c_dev: i2c /dev entries driver
[    0.291925] cpuidle: enable-method property 'ti,am3352' found operations
[    0.292384] sdhci: Secure Digital Host Controller Interface driver
[    0.292395] sdhci: Copyright(c) Pierre Ossman
[    0.292580] sdhci-pltfm: SDHCI platform and OF driver helper
[    0.302045] hw perfevents: enabled with armv7_cortex_a8 PMU driver, 5 (8000000f) counters available
[    0.302604] Initializing XFRM netlink socket
[    0.302783] NET: Registered PF_INET6 protocol family
[    0.304776] Segment Routing with IPv6
[    0.304858] In-situ OAM (IOAM) with IPv6
[    0.304956] sit: IPv6, IPv4 and MPLS over IPv4 tunneling driver
[    0.305921] NET: Registered PF_PACKET protocol family
[    0.305951] NET: Registered PF_KEY protocol family
[    0.306083] Key type dns_resolver registered
[    0.306317] ThumbEE CPU extensio n supported.
[    0.306340] Registering SWP/SWPB emulation handler
[    0.306863] omap_voltage_late_init: Voltage driver support not added
[    0.307533] SmartReflex Class3 initialized
[    0.342680] Loading compiled-in X.509 certificates
[    0.380052] /ocp/interconnect@44c00000/segment@200000/target-module@b000/i2c@0/tda19988@70: Fixed dependency cycle(s) with /ocp/interconnect@48000000/segment@300000/target-module@e000/lcdc@0
[    0.386620] /ocp/interconnect@44c00000/segment@200000/target-module@ b000/i2c@0/tda19988@70: Fixed dependency cycle(s) with /ocp/interconnect@48000000/segment@300000/target-module@e000/lcdc@0
[    0.429309] /ocp/interconnect@44c00000/segment@200000/target-module@b000/i2c@0/tda19988@70: Fixed dependency cycle(s) with /ocp/interconnect@48000000/segment@300000/target-module@e000/lcdc@0
[    0.430188] /ocp/interconnect@44c00000/segment@200000/target-module@b000/i2c@0/tda19988@70: Fixed dependency cycle(s) with /ocp/interconnect@48000000/segment@300000/target-module@e000/lcdc@0
[    0.433995] /ocp/interconnect@44c00000/segment@200000/target-module@10000/scm@0/pinmux@800: Fixed dependency cycle(s) with /ocp/interconnect@44c00000/segment@200000/target-module@10000/scm@0/pinmux@800/clkout2-pins
[    0.434585] pinctrl-single 44e10800.pinmux: 142 pins, size 568
[    0.439894] ti-sysc 44e31000.target-module: probe with driver ti-sysc failed with error -16
[    0.446633] /ocp/interconnect@48000000/segment@300000/target-module@e000/lcdc@0: Fixed dependency cycle(s) with /ocp/interconnect@44c00000/segment@200000/target-module@b000/i2c@0/tda19988@70
[    0.454925] ti-sysc 48040000.target-module: probe with driver ti-sysc failed with error -16
[    0.503386] OMAP GPIO hardware version 0.1
[    0.541182] omap_i2c 4819c000.i2c: bus 2 rev0.11 at 100 kHz
[    0.596312] 48000000.interconnect:segment@200000:target-module@0:mpu@0:fck: device ID is greater than 24
[    0.597228] /ocp/interconnect@48000000/segment@300000/target-module@e000/lcdc@0: Fixed dependency cycle(s) with /ocp/interconnec
[    2.432578] tps65217-pmic: Failed to locate of_node [id: -1]
[    2.438646] tps65217-bl: Failed to locate of_node [id: -1]
[    2.446048] platform tps65217-charger: DMA mask not set
[    2.453108] platform tps65217-pwrbutton: DMA mask not set
[    2.460898] tps65217 0-0024: TPS65217 ID 0xe version 1.2
[    2.467022] /ocp/interconnect@48000000/segment@300000/target-module@e000/lcdc@0: Fixed dependency cycle(s) with /ocp/interconnect@44c00000/segment@200000/target-module@b000/i2c@0/tda19988@70
[    2.484438] /ocp/interconnect@44c00000/segment@200000/target-module@b000/i2c@0/tda19988@70: Fixed dependency cycle(s) with /ocp/interconnect@48000000/segment@300000/target-module@e000/lcdc@0
[    2.501821] omap_i2c 44e0b000.i2c: bus 0 rev0.11 at 400 kHz
[    2.509776] omap_gpio 44e07000.gpio: Could not set line 6 debounce to 200000 microseconds (-22)
[    2.518677] sdhci-omap 48060000.mmc: Got CD GPIO
[    2.523729] sdhci-omap 48060000.mmc: supply pbias not found, using dummy regulator
[    2.533743] sdhci-omap 48060000.mmc: supply vqmmc not found, using dummy regulator
[    2.543062] sdhci-omap 481d8000.mmc: supply pbias not found, using dummy regulator
[    2.551072] sdhci-omap 481d8000.mmc: supply vqmmc not found, using dummy regulator
[    2.588194] mmc1: SDHCI controller on 481d8000.mmc [481d8000.mmc] using External DMA
[    2.596628] mmc0: SDHCI controller on 48060000.mmc [48060000.mmc] using External DMA
[    2.605475] cpsw-switch 4a100000.switch: starting ndev. mode: dual_mac
[    2.671915] mmc1: new high speed MMC card at address 0001
[    2.678745] mmcblk1: mmc1:0001 MMC04G 3.60 GiB
[    2.686630]  mmcblk1: p1 p2
[    2.690364] SMSC LAN8710/LAN8720 4a101000.mdio:00: attached PHY driver (mii_bus:phy_addr=4a101000.mdio:00, irq=POLL)
[    2.701948] mmcblk1boot0: mmc1:0001 MMC04G 2.00 MiB
[    2.716818] mmcblk1boot1: mmc1:0001 MMC04G 2.00 MiB
[    2.725743] mmcblk1rpmb: mmc1:0001 MMC04G 128 KiB, chardev (249:0)
[    2.775130] mmc0: new high speed SDHC card at address aaaa
[    2.782072] mmcblk0: mmc0:aaaa SE32G 29.7 GiB
[    2.791124]  mmcblk0: p1 p2
[    5.842366] cpsw-switch 4a100000.switch eth0: Link is Up - 100Mbps/Full - flow control off
[    5.871621] IP-Config: Complete:
[    5.874893]      device=eth0, hwaddr=6c:ec:eb:68:de:78, ipaddr=192.168.255.1, mask=255.255.255.0, gw=255.255.255.255
[    5.885537]      host=bbb1, domain=, nis-domain=(none)
[    5.890706]      bootserver=192.168.255.126, rootserver=192.168.255.126, rootpath=
[    5.891133] clk: Disabling unused clocks
[    5.902987] PM: genpd: Disabling unused power domains
[    5.908138] KTAP version 1
[    5.910862] 1..0
[    5.913600] check access for rdinit=/init failed: -2, ignoring
[    5.941313] VFS: Mounted root (nfs filesystem) on device 0:17.
[    5.948378] devtmpfs: mounted
[    5.953036] Freeing unused kernel image (initmem) memory: 1024K
[    5.959627] Run /sbin/init as init process
[    6.630777] systemd[1]: System time before build time, advancing clock.
[    8.171629] random: crng init done
[    8.194296] systemd[1]: systemd 232 running in system mode. (+PAM +AUDIT +SELINUX +IMA +APPARMOR +SMACK +SYSVINIT +UTMP +LIBCRYPTSETUP +GCRYPT +GNUTLS +ACL +XZ +LZ4 +SECCOMP +BLKID +ELFUTILS +KMOD +IDN)
[    8.213417] systemd[1]: Detected architecture arm.

Welcome to [1mDebian GNU/Linux 9 (stretch)[0m!

[    8.244747] systemd[1]: Set hostname to <arm>.
[    9.351909] systemd[1]: Listening on /dev/initctl Compatibility Named Pipe.
[[0;32m  OK  [0m] Listening on /dev/initctl Compatibility Named Pipe.
[    9.383070] systemd[1]: Created slice User and Session Slice.
[[0;32m  OK  [0m] Created slice User and Session Slice.
[    9.412018] systemd[1]: Reached target Remote File Systems.
[[0;32m  OK  [0m] Reached target Remote File Systems.
[    9.443530] systemd[1]: syslog.socket: SO_PASSSEC failed: Operation not supported
[    9.451267] systemd[1]: Listening on Syslog Socket.
[[0;32m  OK  [0m] Listening on Syslog Socket.
[    9.472575] systemd[1]: Started Dispatch Password Requests to Console Directory Watch.
[[0;32m  OK  [0m] Started Dispatch Password Requests to Console Directory Watch.
[    9.502297] systemd[1]: systemd-journald.socket: SO_PASSSEC failed: Operation not supported
[[0;32m  OK  [0m] Listening on Journal Socket.
[[0;32m  OK  [0m] Listening on Journal Audit Socket.
[[0;32m  OK  [0m] Started Forward Password Requests to Wall Directory Watch.
[[0;32m  OK  [0m] Reached target Paths.
[[0;32m  OK  [0m] Listening on Journal Socket (/dev/log).
[[0;32m  OK  [0m] Reached target Swap.
[[0;32m  OK  [0m] Set up automount Arbitrary Executabâ€¦rmats File System Automount Point.
[[0;32m  OK  [0m] Reached target Encrypted Volumes.
[[0;32m  OK  [0m] Listening on udev Control Socket.
[[0;32m  OK  [0m] Created slice System Slice.
[[0;32m  OK  [0m] Created slice system-serial\x2dgetty.slice.
         Mounting Debug File System...
         Starting Create list of required stâ€¦ce nodes for the current kernel...
         Starting Journal Service...
         Mounting POSIX Message Queue File System...
[[0;32m  OK  [0m] Created slice system-getty.slice.
         Starting Load Kernel Modules...
         Starting Remount Root and Kernel File Systems...
[[0;32m  OK  [0m] Reached target Slices.
[[0;32m  OK  [0m] Listening on udev Kernel Socket.
[[0;32m  OK  [0m] Mounted POSIX Message Queue File System.
[[0;32m  OK  [0m] Mounted Debug File System.
[[0;32m  OK  [0m] Started Create list of required staâ€¦vice nodes for the current kernel.
         Starting Create Static Device Nodes in /dev...
[[0;32m  OK  [0m] Started Remount Root and Kernel File Systems.
         Starting Load/Save Random Seed...
         Starting udev Coldplug all Devices...
[[0;32m  OK  [0m] Started Load Kernel Modules.
         Starting Apply Kernel Variables...
         Mounting Configuration File System...
[[0;32m  OK  [0m] Started Load/Save Random Seed.
[[0;32m  OK  [0m] Mounted Configuration File System.
[[0;32m  OK  [0m] Started Apply Kernel Variables.
[[0;32m  OK  [0m] Started Create Static Device Nodes in /dev.
         Starting udev Kernel Device Manager...
[[0;32m  OK  [0m] Reached target Local File Systems (Pre).
[[0;32m  OK  [0m] Reached target Local File Systems.
         Starting Raise network interfaces...
[[0;32m  OK  [0m] Started Journal Service.
         Starting Flush Journal to Persistent Storage...
[   11.826983] systemd-journald[80]: Received request to flush runtime journal from PID 1
[[0;32m  OK  [0m] Started Flush Journal to Persistent Storage.
         Starting Create Volatile Files and Directories...
[[0;32m  OK  [0m] Started udev Kernel Device Manager.
[   12.642325] omap_prm 44e00d00.prm: sync_state() pending due to 44d00000.cpu
[[0;32m  OK  [0m] Started Create Volatile Files and Directories.
         Starting Network Time Synchronization...
         Starting Update UTMP about System Boot/Shutdown...
[[0;32m  OK  [0m] Started Update UTMP about System Boot/Shutdown.
[[0;32m  OK  [0m] Started udev Coldplug all Devices.
[[0;32m  OK  [0m] Started Network Time Synchronization.
[[0;32m  OK  [0m] Reached target System Initialization.
[[0;32m  OK  [0m] Started Daily Cleanup of Temporary Directories.
[[0;32m  OK  [0m] Listening on Avahi mDNS/DNS-SD Stack Activation Socket.
[   15.036110] remoteproc remoteproc0: wkup_m3 is available
[[0;32m  OK  [0m] Listening on D-Bus System Message Bus Socket.
[[0;32m  OK  [0m] Reached target Sockets.
[[0;32m  OK  [0m] Reached target Basic System.
[   15.147682] at24 2-0054: supply vcc not found, using dummy regulator
         Starting Generic Board Startup...
[   15.272355] at24 2-0055: supply vcc not found, using dummy regulator
         Starting Avahi mDNS/DNS-SD Stack...
[   15.412622] at24 2-0056: supply vcc not found, using dummy regulator
         Starting LSB: Load kernel modules needed to enable cpufreq scaling...
[   15.504338] at24 2-0057: supply vcc not found, using dummy regulator
         Starting Cape Manager Service...
[   15.648217] at24 0-0050: 32768 byte 24c256 EEPROM, writable, 1 bytes/write
[   15.865917] input: tps65217_pwrbutton as /devices/platform/ocp/44c00000.interconnect/44c00000.interconnect:segment@200000/44e0b000.target-module/44e0b000.i2c/i2c-0/0-0024/tps65217-pwrbutton/input/input0
[[0;32m  OK  [0m] Started Regular background program processing daemon.
         Starting LSB: Start busybox udhcpd at boot time...
         Starting System Logging Service...
[   16.299859] omap_rtc 44e3e000.rtc: registered as rtc0
[   16.305155] omap_rtc 44e3e000.rtc: setting system clock to 2000-01-01T00:00:00 UTC (946684800)
[[0;32m  OK  [0m] Started D-Bus System Message Bus.
[   16.508853] omap_wdt: OMAP Watchdog Timer Rev 0x01: initial timeout 60 sec
[   16.772320] am335x-phy-driver 47401300.usb-phy: dummy supplies not allowed for exclusive requests (id=vbus)
[   16.995363] am335x-phy-driver 47401b00.usb-phy: dummy supplies not allowed for exclusive requests (id=vbus)
[   17.120302] usbcore: registered new interface driver usbfs
[   17.126271] usbcore: registered new interface driver hub
[   17.131804] usbcore: registered new device driver usb
[   17.875669] tda998x 0-0070: found TDA19988
[   18.006882] musb-hdrc musb-hdrc.1: MUSB HDRC host driver
[   18.012626] musb-hdrc musb-hdrc.1: new USB bus registered, assigned bus number 1
[   18.206164] usb usb1: New USB device found, idVendor=1d6b, idProduct=0002, bcdDevice= 6.18
[   18.214835] usb usb1: New USB device strings: Mfr=3, Product=2, SerialNumber=1
[   18.222235] usb usb1: Product: MUSB HDRC host driver
[   18.227232] usb usb1: Manufacturer: Linux 6.18.0-rc5 musb-hcd
[   18.233048] usb usb1: SerialNumber: musb-hdrc.1
[   18.432402] omap-mailbox 480c8000.mailbox: omap mailbox rev 0x400
[   18.522228] remoteproc remoteproc0: powering up wkup_m3
[   18.680398] hub 1-0:1.0: USB hub found
[   18.745824] remoteproc remoteproc0: Direct firmware load for am335x-pm-firmware.elf failed with error -2
[   18.755552] remoteproc remoteproc0: request_firmware failed: -2
[   18.761515] wkup_m3_ipc 44e11324.wkup_m3_ipc: rproc_boot failed
[   18.777421] hub 1-0:1.0: 1 port detected
[[0;32m  OK  [0m] Started Avahi mDNS/DNS-SD Stack.
[   21.107257] ------------[ cut here ]------------
[   21.112106] WARNING: CPU: 0 PID: 173 at net/8021q/vlan_core.c:236 vlan_for_each+0x114/0x134
[   21.120544] RTNL: assertion failed at net/8021q/vlan_core.c (236)
[   21.126743] Modules linked in: rng_core(+) drm_dma_helper drm_client_lib snd_soc_davinci_mcasp snd_soc_ti_udma snd_soc_ti_edma snd_soc_ti_sdma snd_soc_core snd_pcm_dmaengine snd_pcm snd_timer omap_mailbox snd soundcore musb_dsps musb_hdrc tda998x udc_core cec usbcore drm_kms_helper phy_am335x phy_generic omap_wdt cppi41 usb_common watchdog rtc_omap drm wkup_m3_ipc tps65218_pwrbutton phy_am335x_control drm_panel_orientation_quirks at24 wkup_m3_rproc leds_gpio led_class cpufreq_dt autofs4
[   21.170337] CPU: 0 UID: 107 PID: 173 Comm: avahi-daemon Not tainted 6.18.0-rc5 #1 NONE 
[   21.170354] Hardware name: Generic AM33XX (Flattened Device Tree)
[   21.170363] Call trace: 
[   21.170379]  unwind_backtrace from show_stack+0x10/0x14
[   21.170415]  show_stack from dump_stack_lvl+0x50/0x64
[   21.170440]  dump_stack_lvl from __warn+0x74/0x12c
[   21.170460]  __warn from warn_slowpath_fmt+0x19c/0x1b0
[   21.170472]  warn_slowpath_fmt from vlan_for_each+0x114/0x134
[   21.170493]  vlan_for_each from cpsw_add_mc_addr+0x40/0xa4
[   21.170518]  cpsw_add_mc_addr from __hw_addr_ref_sync_dev+0x108/0x140
[   21.170548]  __hw_addr_ref_sync_dev from __dev_mc_add+0x7c/0x80
[   21.170570]  __dev_mc_add from igmp6_group_added+0xc8/0xe0
[   21.170600]  igmp6_group_added from __ipv6_dev_mc_inc+0x218/0x364
[   21.170619]  __ipv6_dev_mc_inc from __ipv6_sock_mc_join+0x11c/0x1c0
[   21.170637]  __ipv6_sock_mc_join from do_ipv6_setsockopt+0x1214/0x1310
[   21.170669]  do_ipv6_setsockopt from ipv6_setsockopt+0x60/0xcc
[   21.170691]  ipv6_setsockopt from udpv6_setsockopt+0x2c/0x6c
[   21.170708]  udpv6_setsockopt from sock_common_setsockopt+0x30/0x40
[   21.170737]  sock_common_setsockopt from do_sock_setsockopt+0x50/0x9c
[   21.170759]  do_sock_setsockopt from __sys_setsockopt+0x70/0xbc
[   21.170778]  __sys_setsockopt from ret_fast_syscall+0x0/0x58
[   21.170796] Exception stack(0xe0149fa8 to 0xe0149ff0)
[   21.170810] 9fa0:                   00000014 b6f39ce8 0000000d 00000029 00000014 be9da9ec
[   21.170822] 9fc0: 00000014 b6f39ce8 00000014 00000126 0000000d b6ee2ff4 0044e988 00436558
[   21.170831] 9fe0: b6ef8088 be9da9d8 b6ed5309 b6dac41a
[   21.170838] ---[ end trace 0000000000000000 ]---
[   21.382121] tilcdc 4830e000.lcdc: bound 0-0070 (ops tda998x_audio_codec_init [tda998x])
[   21.438436] omap_rng 48310000.rng: Random Number Generator ver. 20
         Starting Login Service...
         Starting DUN service...
[   21.533892] [drm] Initialized tilcdc 1.0.0 for 4830e000.lcdc on minor 0
         Starting Connection service...[   21.613817] tilcdc 4830e000.lcdc: [drm] Cannot find any crtc or sizes

[   21.623858] tilcdc 4830e000.lcdc: [drm] Cannot find any crtc or sizes
         Starting Telephony service...
[[0;32m  OK  [0m] Reached target System Time Synchronized.
[[0;32m  OK  [0m] Started Daily apt download activities.
[[0;32m  OK  [0m] Started Daily apt upgrade and clean activities.
[[0;32m  OK  [0m] Reached target Timers.
[[0;32m  OK  [0m] Started System Logging Service.
[[0;32m  OK  [0m] Started Cape Manager Service.
[[0;32m  OK  [0m] Found device /dev/ttyS0.
[   23.032646] omap-sham 53100000.sham: hw accel on OMAP rev 4.3
[   23.085740] PM: Cannot get wkup_m3_ipc handle
[   23.143136] omap-sham 53100000.sham: will run requests pump with realtime priority
[   23.151961] PM: Cannot get wkup_m3_ipc handle
[   23.387537] omap-aes 53500000.aes: OMAP AES hw accel rev: 3.2
[   23.526794] omap-aes 53500000.aes: will run requests pump with realtime priority
[   23.536173] PM: Cannot get wkup_m3_ipc handle
[   24.649658] Bluetooth: Core ver 2.22
[   24.653658] NET: Registered PF_BLUETOOTH protocol family
[   24.659180] Bluetooth: HCI device and connection manager initialized
[   24.665723] Bluetooth: HCI socket layer initialized
[   24.670641] Bluetooth: L2CAP socket layer initialized
[   24.675795] Bluetooth: SCO socket layer initialized
[   26.938399] PM: Cannot get wkup_m3_ipc handle
[   26.972634] gpio-537 (nxp,calib): gpiod_direction_output_nonotify: tried to set a GPIO tied to an IRQ as output
[   27.056402] PM: Cannot get wkup_m3_ipc handle
[   27.269807] tda9950 0-0034: TDA9950 CEC interface, hardware version 3.3
[   27.386884] PM: Cannot get wkup_m3_ipc handle
[[0m[0;31m*     [0m] (1 of 8) A start job is running forâ€¦le cpufreq scaling (18s / 5min 6s)[K[[0;32m  OK  [0m] Started LSB: Start busybox udhcpd at boot time.
[[0;32m  OK  [0m] Started Raise network interfaces.
[   29.116286] configfs-gadget.g_multi gadget.0: HOST MAC 1c:ba:8c:a2:ed:6c
[   29.123302] configfs-gadget.g_multi gadget.0: MAC 1c:ba:8c:a2:ed:70
[   29.130632] configfs-gadget.g_multi gadget.0: HOST MAC 1c:ba:8c:a2:ed:6c
[   29.137517] configfs-gadget.g_multi gadget.0: MAC 1c:ba:8c:a2:ed:6d
[   29.144753] PM: Cannot get wkup_m3_ipc handle
[[0;32m  OK  [0m] Started LSB: Load kernel modules needed to enable cpufreq scaling.
[[0;32m  OK  [0m] Started Telephony service.
[[0;32m  OK  [0m] Started DUN service.
[[0;32m  OK  [0m] Started Connection service.
[[0;32m  OK  [0m] Started Login Service.
         Starting Hostname Service...
         Starting WPA supplicant...
[[0;32m  OK  [0m] Reached target Sound Card.
         Starting LSB: set CPUFreq kernel parameters...
[[0;32m  OK  [0m] Started WPA supplicant.
[[0;32m  OK  [0m] Started Hostname Service.
[[0;32m  OK  [0m] Reached target Network.
[[0;32m  OK  [0m] Reached target Network is Online.
         Starting LSB: Advanced IEEE 802.11 management daemon...
         Starting OpenBSD Secure Shell server...
         Starting The Apache HTTP Server...
         Starting Permit User Sessions...
[[0;32m  OK  [0m] Started LSB: set CPUFreq kernel parameters.
[[0;32m  OK  [0m] Started LSB: Advanced IEEE 802.11 management daemon.
         Stopping LSB: Start busybox udhcpd at boot time...
[[0;32m  OK  [0m] Started Permit User Sessions.
[[0;32m  OK  [0m] Started Getty on tty1.
[[0;32m  OK  [0m] Started Serial Getty on ttyS0.
[[0;32m  OK  [0m] Reached target Login Prompts.
[[0;32m  OK  [0m] Stopped LSB: Start busybox udhcpd at boot time.
[[0;32m  OK  [0m] Started OpenBSD Secure Shell server.
         Starting dnsmasq - A lightweight DHCP and caching DNS server...
[[0;32m  OK  [0m] Started The Apache HTTP Server.
[[0;32m  OK  [0m] Started dnsmasq - A lightweight DHCP and caching DNS server.
[[0;32m  OK  [0m] Reached target Host and Network Name Lookups.
[[0;32m  OK  [0m] Started Serial Getty on ttyGS0.
[[0;32m  OK  [0m] Started Generic Board Startup.
[[0;32m  OK  [0m] Reached target Multi-User System.
[[0;32m  OK  [0m] Reached target Graphical Interface.
         Starting Update UTMP about System Runlevel Changes...
[[0;32m  OK  [0m] Started Update UTMP about System Runlevel Changes.

Debian GNU/Linux 9 arm ttyS0

default username:password is [debian:temppwd]

arm login: root
Password: 
Last login: Sat Jan  1 00:00:28 UTC 2000 on ttyS0
root
Linux arm 6.18.0-rc5 #1 SMP Mon Nov 10 01:41:41 EET 2025 armv7l

The programs included with the Debian GNU/Linux system are free software;
the exact distribution terms for each program are described in the
individual files in /usr/share/doc/*/copyright.

Debian GNU/Linux comes with ABSOLUTELY NO WARRANTY, to the extent
permitted by applicable law.
root@arm:~# root
-bash: root: command not found
root@arm:~# dmesg -n 1
echo 'WAXG''GAYXWJ'
root@arm:~# echo 'WAXG''GAYXWJ'
WAXGGAYXWJ
root@arm:~# run() { echo -n "$MARKER"; sh -c "$@"; echo "$MARKER $?"; }
root@arm:~# echo 'NMMA''HHNAMH'
NMMAHHNAMH
root@arm:~# MARKER='MCWC''HATKSC' run 'cat /proc/version'
MCWCHATKSCLinux version 6.18.0-rc5 (user01@drvtest01) (arm-none-eabi-gcc (Arm GNU Toolchain 14.2.Rel1 (Build arm-14.52)) 14.2.1 20241119, GNU ld (Arm GNU Toolchain 14.2.Rel1 (Build arm-14.52)) 2.43.1.20241119) #1 SMP Mon Nov 10 01:41:41 EET 2025
MCWCHATKSC 0
root@arm:~# echo 'BWTY''TSCXHM'
BWTYTSCXHM
root@arm:~# MARKER='NJWH''UCAZAY' run false
NJWHUCAZAYNJWHUCAZAY 1
root@arm:~# Labgrid Console Logfile for main
Logfile started at 2025-11-10 01:44:08.014614
=== Log starts here ===

root@arm:~# run() { echo -n "$MARKER"; sh -c "$@"; echo "$MARKER $?"; }
root@arm:~# echo 'SVQY''YAWNWV'
SVQYYAWNWV
root@arm:~# MARKER='QVUJ''LMHTXL' run 'ls /iio_generic_buffer; echo $?'
QVUJLMHTXL/iio_generic_buffer
0
QVUJLMHTXL 0
root@arm:Labgrid Console Logfile for main
Logfile started at 2025-11-10 01:44:11.394714
=== Log starts here ===

root@arm:~# run() { echo -n "$MARKER"; sh -c "$@"; echo "$MARKER $?"; }
root@arm:~# echo 'PUPY''LAMTPQ'
PUPYLAMTPQ
root@arm:~# MARKER='OJTZ''XBHAXX' run dmesg
OJTZXBHAXX[    0.000000] Booting Linux on physical CPU 0x0
[    0.000000] Linux version 6.18.0-rc5 (user01@drvtest01) (arm-none-eabi-gcc (Arm GNU Toolchain 14.2.Rel1 (Build arm-14.52)) 14.2.1 20241119, GNU ld (Arm GNU Toolchain 14.2.Rel1 (Build arm-14.52)) 2.43.1.20241119) #1 SMP Mon Nov 10 01:41:41 EET 2025
[    0.000000] CPU: ARMv7 Processor [413fc082] revision 2 (ARMv7), cr=10c5387d
[    0.000000] CPU: PIPT / VIPT nonaliasing data cache, VIPT aliasing instruction cache
[    0.000000] OF: fdt: Machine model: TI AM335x BeagleBone Black
[    0.000000] Memory policy: Data cache writeback
[    0.000000] cma: Reserved 16 MiB at 0x9e800000
[    0.000000] Zone ranges:
[    0.000000]   Normal   [mem 0x0000000080000000-0x000000009fdfffff]
[    0.000000]   HighMem  empty
[    0.000000] Movable zone start for each node
[    0.000000] Early memory node ranges
[    0.000000]   node   0: [mem 0x0000000080000000-0x000000009fdfffff]
[    0.000000] Initmem setup node 0 [mem 0x0000000080000000-0x000000009fdfffff]
[    0.000000] On node 0, zone Normal: 512 pages in unavailable ranges
[    0.000000] OF: reserved mem: Reserved memory: No reserved-memory node in the DT
[    0.000000] CPU: All CPU(s) started in SVC mode.
[    0.000000] AM335X ES2.1 (sgx neon)
[    0.000000] percpu: Embedded 17 pages/cpu s39884 r8192 d21556 u69632
[    0.000000] pcpu-alloc: s39884 r8192 d21556 u69632 alloc=17*4096
[    0.000000] pcpu-alloc: [0] 0 
[    0.000000] Kernel command line: console=ttyO0,115200n8 root=/dev/nfs rw nfsroot=192.168.255.126:/home/user01/nfs,nfsvers=3 ip=192.168.255.1:192.168.255.126::255.255.255.0:bbb1:eth0 nfsrootdebug
[    0.000000] Unknown kernel command line parameters "nfsrootdebug", will be passed to user space.
[    0.000000] printk: log buffer data + meta data: 65536 + 204800 = 270336 bytes
[    0.000000] Dentry cache hash table entries: 65536 (order: 6, 262144 bytes, linear)
[    0.000000] Inode-cache hash table entries: 32768 (order: 5, 131072 bytes, linear)
[    0.000000] Built 1 zonelists, mobility grouping on.  Total pages: 130560
[    0.000000] mem auto-init: stack:off, heap alloc:off, heap free:off
[    0.000000] SLUB: HWalign=16, Order=0-3, MinObjects=0, CPUs=1, Nodes=1
[    0.000000] rcu: Hierarchical RCU implementation.
[    0.000000] rcu: 	RCU event tracing is enabled.
[    0.000000] rcu: 	RCU restricting CPUs from NR_CPUS=2 to nr_cpu_ids=1.
[    0.000000] 	Tracing variant of Tasks RCU enabled.
[    0.000000] rcu: RCU calculated value of scheduler-enlistment delay is 10 jiffies.
[    0.000000] rcu: Adjusting geometry for rcu_fanout_leaf=16, nr_cpu_ids=1
[    0.000000] RCU Tasks Trace: Setting shift to 0 and lim to 1 rcu_task_cb_adjust=1 rcu_task_cpu_ids=1.
[    0.000000] NR_IRQS: 16, nr_irqs: 16, preallocated irqs: 16
[    0.000000] IRQ: Found an INTC at 0x(ptrval) (revision 5.0) with 128 interrupts
[    0.000000] rcu: srcu_init: Setting srcu_struct sizes based on contention.
[    0.000000] TI gptimer clocksource: always-on /ocp/interconnect@44c00000/segment@200000/target-module@31000
[    0.000003] sched_clock: 32 bits at 24MHz, resolution 41ns, wraps every 89478484971ns
[    0.000026] clocksource: dmtimer: mask: 0xffffffff max_cycles: 0xffffffff, max_idle_ns: 79635851949 ns
[    0.000485] TI gptimer clockevent: 24000000 Hz at /ocp/interconnect@48000000/segment@0/target-module@40000
[    0.002050] Console: colour dummy device 80x30
[    0.002118] WARNING: Your 'console=ttyO0' has been replaced by 'ttyS0'
[    0.002126] This ensures that you still see kernel messages. Please
[    0.002130] update your kernel commandline.
[    0.002172] Calibrating delay loop... 996.14 BogoMIPS (lpj=4980736)
[    0.090601] CPU: Testing write buffer coherency: ok
[    0.090683] CPU0: Spectre v2: using BPIALL workaround
[    0.090693] pid_max: default: 32768 minimum: 301
[    0.090874] LSM: initializing lsm=capability
[    0.091033] Mount-cache hash table entries: 1024 (order: 0, 4096 bytes, linear)
[    0.091052] Mountpoint-cache hash table entries: 1024 (order: 0, 4096 bytes, linear)
[    0.092633] CPU0: thread -1, cpu 0, socket -1, mpidr 0
[    0.092692] cacheinfo: Unable to detect cache hierarchy for CPU 0
[    0.094722] Setting up static identity map for 0x80100000 - 0x80100078
[    0.095036] rcu: Hierarchical SRCU implementation.
[    0.095047] rcu: 	Max phase no-delay instances is 1000.
[    0.096747] smp: Bringing up secondary CPUs ...
[    0.096800] smp: Brought up 1 node, 1 CPU
[    0.096813] SMP: Total of 1 processors activated (996.14 BogoMIPS).
[    0.096824] CPU: All CPU(s) started in SVC mode.
[    0.097033] Memory: 480864K/522240K available (11264K kernel code, 1226K rwdata, 2956K rodata, 1024K init, 256K bss, 23336K reserved, 16384K cma-reserved, 0K highmem)
[    0.097845] devtmpfs: initialized
[    0.115240] VFP support v0.3: implementor 41 architecture 3 part 30 variant c rev 3
[    0.115910] clocksource: jiffies: mask: 0xffffffff max_cycles: 0xffffffff, max_idle_ns: 19112604462750000 ns
[    0.115967] posixtimers hash table entries: 512 (order: 0, 4096 bytes, linear)
[    0.115996] futex hash table entries: 256 (16384 bytes on 1 NUMA nodes, total 16 KiB, linear).
[    0.117129] pinctrl core: initialized pinctrl subsystem
[    0.119204] NET: Registered PF_NETLINK/PF_ROUTE protocol family
[    0.122289] DMA: preallocated 256 KiB pool for atomic coherent allocations
[    0.122893] audit: initializing netlink subsys (disabled)
[    0.124208] thermal_sys: Registered thermal governor 'fair_share'
[    0.124224] thermal_sys: Registered thermal governor 'step_wise'
[    0.124232] thermal_sys: Registered thermal governor 'user_space'
[    0.124341] audit: type=2000 audit(0.120:1): state=initialized audit_enabled=0 res=1
[    0.124412] cpuidle: using governor menu
[    0.142668] /ocp/interconnect@44c00000/segment@200000/target-module@b000/i2c@0/tda19988@70: Fixed dependency cycle(s) with /ocp/interconnect@48000000/segment@300000/target-module@e000/lcdc@0
[    0.143752] /ocp/interconnect@48000000/segment@300000/target-module@e000/lcdc@0: Fixed dependency cycle(s) with /ocp/interconnect@44c00000/segment@200000/target-module@b000/i2c@0/tda19988@70
[    0.145967] No ATAGs?
[    0.146006] hw-breakpoint: debug architecture 0x4 unsupported.
[    0.149088] kprobes: kprobe jump-optimization is enabled. All kprobes are optimized if possible.
[    0.153796] iommu: Default domain type: Translated
[    0.153819] iommu: DMA domain TLB invalidation policy: strict mode
[    0.155379] reg-fixed-voltage fixedregulator0: using DT '/fixedregulator0' for '(default)' GPIO lookup
[    0.155433] of_get_named_gpiod_flags: can't parse 'gpios' property of node '/fixedregulator0[0]'
[    0.155462] of_get_named_gpiod_flags: can't parse 'gpio' property of node '/fixedregulator0[0]'
[    0.155481] reg-fixed-voltage fixedregulator0: using lookup tables for GPIO lookup
[    0.155491] reg-fixed-voltage fixedregulator0: No GPIO consumer (default) found
[    0.161519] SCSI subsystem initialized
[    0.161987] libata version 3.00 loaded.
[    0.162368] pps_core: LinuxPPS API ver. 1 registered
[    0.162379] pps_core: Software ver. 5.3.6 - Copyright 2005-2007 Rodolfo Giometti <giometti@linux.it>
[    0.162401] PTP clock support registered
[    0.171236] vgaarb: loaded
[    0.171609] clocksource: Switched to clocksource dmtimer
[    0.172290] VFS: Disk quotas dquot_6.6.0
[    0.172355] VFS: Dquot-cache hash table entries: 1024 (order 0, 4096 bytes)
[    0.197199] NET: Registered PF_INET protocol family
[    0.197545] IP idents hash table entries: 8192 (order: 4, 65536 bytes, linear)
[    0.198976] tcp_listen_portaddr_hash hash table entries: 512 (order: 0, 4096 bytes, linear)
[    0.199013] Table-perturb hash table entries: 65536 (order: 6, 262144 bytes, linear)
[    0.199030] TCP established hash table entries: 4096 (order: 2, 16384 bytes, linear)
[    0.199076] TCP bind hash table entries: 4096 (order: 4, 65536 bytes, linear)
[    0.199176] TCP: Hash tables configured (established 4096 bind 4096)
[    0.199298] UDP hash table entries: 256 (order: 1, 14336 bytes, linear)
[    0.199333] UDP-Lite hash table entries: 256 (order: 1, 14336 bytes, linear)
[    0.199537] NET: Registered PF_UNIX/PF_LOCAL protocol family
[    0.202574] RPC: Registered named UNIX socket transport module.
[    0.202596] RPC: Registered udp transport module.
[    0.202602] RPC: Registered tcp transport module.
[    0.202607] RPC: Registered tcp-with-tls transport module.
[    0.202611] RPC: Registered tcp NFSv4.1 backchannel transport module.
[    0.202638] PCI: CLS 0 bytes, default 64
[    0.204052] Initialise system trusted keyrings
[    0.212210] workingset: timestamp_bits=14 max_order=17 bucket_order=3
[    0.213628] NFS: Registering the id_resolver key type
[    0.213687] Key type id_resolver registered
[    0.213694] Key type id_legacy registered
[    0.213813] jffs2: version 2.2. (NAND) (SUMMARY)  Â© 2001-2006 Red Hat, Inc.
[    0.214275] Key type asymmetric registered
[    0.214289] Asymmetric key parser 'x509' registered
[    0.214361] io scheduler mq-deadline registered
[    0.214371] io scheduler kyber registered
[    0.214458] io scheduler bfq registered
[    0.216292] target-module@4b000000:target-module@140000:pmu@0:fck: device ID is greater than 24
[    0.221891] ledtrig-cpu: registered to indicate activity on CPUs
[    0.225650] Serial: 8250/16550 driver, 6 ports, IRQ sharing enabled
[    0.277959] brd: module loaded
[    0.286856] loop: module loaded
[    0.287789] mtdoops: mtd device (mtddev=name/number) must be supplied
[    0.289330] mdio_bus fixed-0: using lookup tables for GPIO lookup
[    0.289353] mdio_bus fixed-0: No GPIO consumer reset found
[    0.290755] i2c_dev: i2c /dev entries driver
[    0.291925] cpuidle: enable-method property 'ti,am3352' found operations
[    0.292384] sdhci: Secure Digital Host Controller Interface driver
[    0.292395] sdhci: Copyright(c) Pierre Ossman
[    0.292580] sdhci-pltfm: SDHCI platform and OF driver helper
[    0.302045] hw perfevents: enabled with armv7_cortex_a8 PMU driver, 5 (8000000f) counters available
[    0.302604] Initializing XFRM netlink socket
[    0.302783] NET: Registered PF_INET6 protocol family
[    0.304776] Segment Routing with IPv6
[    0.304858] In-situ OAM (IOAM) with IPv6
[    0.304956] sit: IPv6, IPv4 and MPLS over IPv4 tunneling driver
[    0.305921] NET: Registered PF_PACKET protocol family
[    0.305951] NET: Registered PF_KEY protocol family
[    0.306083] Key type dns_resolver registered
[    0.306317] ThumbEE CPU extension supported.
[    0.306340] Registering SWP/SWPB emulation handler
[    0.306863] omap_voltage_late_init: Voltage driver support not added
[    0.307533] SmartReflex Class3 initialized
[    0.342680] Loading compiled-in X.509 certificates
[    0.380052] /ocp/interconnect@44c00000/segment@200000/target-module@b000/i2c@0/tda19988@70: Fixed dependency cycle(s) with /ocp/interconnect@48000000/segment@300000/target-module@e000/lcdc@0
[    0.386620] /ocp/interconnect@44c00000/segment@200000/target-module@b000/i2c@0/tda19988@70: Fixed dependency cycle(s) with /ocp/interconnect@48000000/segment@300000/target-module@e000/lcdc@0
[    0.392250] gpiochip_find_base_unlocked: found new base at 512
[    0.429309] /ocp/interconnect@44c00000/segment@200000/target-module@b000/i2c@0/tda19988@70: Fixed dependency cycle(s) with /ocp/interconnect@48000000/segment@300000/target-module@e000/lcdc@0
[    0.430188] /ocp/interconnect@44c00000/segment@200000/target-module@b000/i2c@0/tda19988@70: Fixed dependency cycle(s) with /ocp/interconnect@48000000/segment@300000/target-module@e000/lcdc@0
[    0.433995] /ocp/interconnect@44c00000/segment@200000/target-module@10000/scm@0/pinmux@800: Fixed dependency cycle(s) with /ocp/interconnect@44c00000/segment@200000/target-module@10000/scm@0/pinmux@800/clkout2-pins
[    0.434585] pinctrl-single 44e10800.pinmux: 142 pins, size 568
[    0.439894] ti-sysc 44e31000.target-module: probe with driver ti-sysc failed with error -16
[    0.446633] /ocp/interconnect@48000000/segment@300000/target-module@e000/lcdc@0: Fixed dependency cycle(s) with /ocp/interconnect@44c00000/segment@200000/target-module@b000/i2c@0/tda19988@70
[    0.454925] ti-sysc 48040000.target-module: probe with driver ti-sysc failed with error -16
[    0.466563] gpiochip_find_base_unlocked: found new base at 512
[    0.466667] gpio gpiochip0: (gpio-0-31): created GPIO range 0->7 ==> 44e10800.pinmux PIN 0->7
[    0.466686] gpio gpiochip0: (gpio-0-31): created GPIO range 8->11 ==> 44e10800.pinmux PIN 90->93
[    0.466702] gpio gpiochip0: (gpio-0-31): created GPIO range 12->27 ==> 44e10800.pinmux PIN 12->27
[    0.466718] gpio gpiochip0: (gpio-0-31): created GPIO range 28->31 ==> 44e10800.pinmux PIN 30->33
[    0.503060] gpio gpiochip0: (gpio-0-31): added GPIO chardev (254:0)
[    0.503300] gpio gpiochip0: registered GPIOs 512 to 543 on gpio-0-31
[    0.503386] OMAP GPIO hardware version 0.1
[    0.540167] i2c i2c-2: using DT '/ocp/interconnect@48000000/segment@100000/target-module@9c000/i2c@0' for 'scl' GPIO lookup
[    0.540240] of_get_named_gpiod_flags: can't parse 'scl-gpios' property of node '/ocp/interconnect@48000000/segment@100000/target-module@9c000/i2c@0[0]'
[    0.540283] of_get_named_gpiod_flags: can't parse 'scl-gpio' property of node '/ocp/interconnect@48000000/segment@100000/target-module@9c000/i2c@0[0]'
[    0.540319] i2c i2c-2: using lookup tables for GPIO lookup
[    0.540328] i2c i2c-2: No GPIO consumer scl found
[    0.540350] i2c i2c-2: using DT '/ocp/interconnect@48000000/segment@100000/target-module@9c000/i2c@0' for 'sda' GPIO lookup
[    0.540386] of_get_named_gpiod_flags: can't parse 'sda-gpios' property of node '/ocp/interconnect@48000000/segment@100000/target-module@9c000/i2c@0[0]'
[    0.540422] of_get_named_gpiod_flags: can't parse 'sda-gpio' property of node '/ocp/interconnect@48000000/segment@100000/target-module@9c000/i2c@0[0]'
[    0.540453] i2c i2c-2: using lookup tables for GPIO lookup
[    0.540461] i2c i2c-2: No GPIO consumer sda found
[    0.541182] omap_i2c 4819c000.i2c: bus 2 rev0.11 at 100 kHz
[    0.546932] gpiochip_find_base_unlocked: found new base at 544
[    0.547042] gpio gpiochip1: (gpio-32-63): created GPIO range 0->17 ==> 44e10800.pinmux PIN 34->51
[    0.547062] gpio gpiochip1: (gpio-32-63): created GPIO range 18->21 ==> 44e10800.pinmux PIN 77->80
[    0.547077] gpio gpiochip1: (gpio-32-63): created GPIO range 22->31 ==> 44e10800.pinmux PIN 56->65
[    0.569027] gpio gpiochip1: (gpio-32-63): added GPIO chardev (254:1)
[    0.569272] gpio gpiochip1: registered GPIOs 544 to 575 on gpio-32-63
[    0.571569] gpiochip_find_base_unlocked: found new base at 576
[    0.571838] gpio gpiochip2: (gpio-64-95): created GPIO range 0->4 ==> 44e10800.pinmux PIN 66->70
[    0.571862] gpio gpiochip2: (gpio-64-95): created GPIO range 5->6 ==> 44e10800.pinmux PIN 98->99
[    0.571877] gpio gpiochip2: (gpio-64-95): created GPIO range 7->8 ==> 44e10800.pinmux PIN 75->76
[    0.571893] gpio gpiochip2: (gpio-64-95): created GPIO range 13->13 ==> 44e10800.pinmux PIN 141->141
[    0.571909] gpio gpiochip2: (gpio-64-95): created GPIO range 14->21 ==> 44e10800.pinmux PIN 100->107
[    0.590274] gpio gpiochip2: (gpio-64-95): added GPIO chardev (254:2)
[    0.590480] gpio gpiochip2: registered GPIOs 576 to 607 on gpio-64-95
[    0.596312] 48000000.interconnect:segment@200000:target-module@0:mpu@0:fck: device ID is greater than 24
[    0.597228] /ocp/interconnect@48000000/segment@300000/target-module@e000/lcdc@0: Fixed dependency cycle(s) with /ocp/interconnect@44c00000/segment@200000/target-module@b000/i2c@0/tda19988@70
[    0.600045] /ocp/interconnect@48000000/segment@300000/target-module@e000/lcdc@0: Fixed dependency cycle(s) with /ocp/interconnect@44c00000/segment@200000/target-module@b000/i2c@0/tda19988@70
[    0.600743] /ocp/interconnect@44c00000/segment@200000/target-module@b000/i2c@0/tda19988@70: Fixed dependency cycle(s) with /ocp/interconnect@48000000/segment@300000/target-module@e000/lcdc@0
[    0.600920] /ocp/interconnect@48000000/segment@300000/target-module@e000/lcdc@0: Fixed dependency cycle(s) with /ocp/interconnect@44c00000/segment@200000/target-module@b000/i2c@0/tda19988@70
[    0.608418] sdhci-omap 481d8000.mmc: using DT '/ocp/interconnect@48000000/segment@100000/target-module@d8000/mmc@0' for 'wp' GPIO lookup
[    0.608489] of_get_named_gpiod_flags: can't parse 'wp-gpios' property of node '/ocp/interconnect@48000000/segment@100000/target-module@d8000/mmc@0[0]'
[    0.608534] of_get_named_gpiod_flags: can't parse 'wp-gpio' property of node '/ocp/interconnect@48000000/segment@100000/target-module@d8000/mmc@0[0]'
[    0.608570] sdhci-omap 481d8000.mmc: using lookup tables for GPIO lookup
[    0.608581] sdhci-omap 481d8000.mmc: No GPIO consumer wp found
[    0.608776] sdhci-omap 481d8000.mmc: supply pbias not found, using dummy regulator
[    0.609262] sdhci-omap 481d8000.mmc: supply vqmmc not found, using dummy regulator
[    0.615383] mdio_bus 4a101000.mdio: using DT '/ocp/interconnect@4a000000/segment@0/target-module@100000/switch@0/mdio@1000' for 'reset' GPIO lookup
[    0.615457] of_get_named_gpiod_flags: can't parse 'reset-gpios' property of node '/ocp/interconnect@4a000000/segment@0/target-module@100000/switch@0/mdio@1000[0]'
[    0.615504] of_get_named_gpiod_flags: can't parse 'reset-gpio' property of node '/ocp/interconnect@4a000000/segment@0/target-module@100000/switch@0/mdio@1000[0]'
[    0.615551] mdio_bus 4a101000.mdio: using lookup tables for GPIO lookup
[    0.615561] mdio_bus 4a101000.mdio: No GPIO consumer reset found
[    0.680935] davinci_mdio 4a101000.mdio: davinci mdio revision 1.6, bus freq 1000000
[    0.702969] mdio_bus 4a101000.mdio:00: using DT '/ocp/interconnect@4a000000/segment@0/target-module@100000/switch@0/mdio@1000/ethernet-phy@0' for 'reset' GPIO lookup
[    0.703071] of_get_named_gpiod_flags: parsed 'reset-gpios' property of node '/ocp/interconnect@4a000000/segment@0/target-module@100000/switch@0/mdio@1000/ethernet-phy@0[0]' - status (0)
[    0.703237] gpio gpiochip0: Persistence not supported for GPIO 8
[    0.829324] davinci_mdio 4a101000.mdio: phy[0]: device 4a101000.mdio:00, driver SMSC LAN8710/LAN8720
[    0.830086] cpsw-switch 4a100000.switch: initialized cpsw ale version 1.4
[    0.830108] cpsw-switch 4a100000.switch: ALE Table size 1024, Policers 0
[    0.830292] cpsw-switch 4a100000.switch: cpts: overflow check period 500 (jiffies)
[    0.830310] cpsw-switch 4a100000.switch: CPTS: ref_clk_freq:250000000 calc_mult:2147483648 calc_shift:29 error:0 nsec/sec
[    0.830418] cpsw-switch 4a100000.switch: Detected MACID = 6c:ec:eb:68:de:78
[    0.832479] cpsw-switch 4a100000.switch: initialized (regs 0x4a100000, pool size 256) hw_ver:0019010C 1.12 (0)
[    0.859229] debugfs: '49000000.dma' already exists in 'dmaengine'
[    0.859271] edma 49000000.dma: TI EDMA DMA engine driver
[    0.899790] gpio-clk clk_mcasp0: using DT '/clk_mcasp0' for 'enable' GPIO lookup
[    0.899869] of_get_named_gpiod_flags: parsed 'enable-gpios' property of node '/clk_mcasp0[0]' - status (0)
[    0.899915] gpio gpiochip0: Persistence not supported for GPIO 27
[    0.900671] gpiochip_find_base_unlocked: found new base at 608
[    0.900785] gpio gpiochip3: (gpio-96-127): created GPIO range 0->7 ==> 44e10800.pinmux PIN 82->89
[    0.900805] gpio gpiochip3: (gpio-96-127): created GPIO range 8->11 ==> 44e10800.pinmux PIN 52->55
[    0.900820] gpio gpiochip3: (gpio-96-127): created GPIO range 12->15 ==> 44e10800.pinmux PIN 94->97
[    0.900836] gpio gpiochip3: (gpio-96-127): created GPIO range 16->17 ==> 44e10800.pinmux PIN 71->72
[    0.900852] gpio gpiochip3: (gpio-96-127): created GPIO range 18->18 ==> 44e10800.pinmux PIN 135->135
[    0.900868] gpio gpiochip3: (gpio-96-127): created GPIO range 19->20 ==> 44e10800.pinmux PIN 108->109
[    0.900884] gpio gpiochip3: (gpio-96-127): created GPIO range 21->21 ==> 44e10800.pinmux PIN 73->73
[    0.900902] gpio gpiochip3: (gpio-96-127): created GPIO range 22->23 ==> 44e10800.pinmux PIN 8->9
[    0.900918] gpio gpiochip3: (gpio-96-127): created GPIO range 26->27 ==> 44e10800.pinmux PIN 10->11
[    0.900937] gpio gpiochip3: (gpio-96-127): created GPIO range 28->28 ==> 44e10800.pinmux PIN 74->74
[    0.900956] gpio gpiochip3: (gpio-96-127): created GPIO range 29->29 ==> 44e10800.pinmux PIN 81->81
[    0.900981] gpio gpiochip3: (gpio-96-127): created GPIO range 30->31 ==> 44e10800.pinmux PIN 28->29
[    0.913191] gpio gpiochip3: (gpio-96-127): added GPIO chardev (254:3)
[    0.913442] gpio gpiochip3: registered GPIOs 608 to 639 on gpio-96-127
[    0.915298] omap8250 44e09000.serial: using DT '/ocp/interconnect@44c00000/segment@200000/target-module@9000/serial@0' for 'rs485-term' GPIO lookup
[    0.915371] of_get_named_gpiod_flags: can't parse 'rs485-term-gpios' property of node '/ocp/interconnect@44c00000/segment@200000/target-module@9000/serial@0[0]'
[    0.915414] of_get_named_gpiod_flags: can't parse 'rs485-term-gpio' property of node '/ocp/interconnect@44c00000/segment@200000/target-module@9000/serial@0[0]'
[    0.915450] omap8250 44e09000.serial: using lookup tables for GPIO lookup
[    0.915461] omap8250 44e09000.serial: No GPIO consumer rs485-term found
[    0.915472] omap8250 44e09000.serial: using DT '/ocp/interconnect@44c00000/segment@200000/target-module@9000/serial@0' for 'rs485-rx-during-tx' GPIO lookup
[    0.915507] of_get_named_gpiod_flags: can't parse 'rs485-rx-during-tx-gpios' property of node '/ocp/interconnect@44c00000/segment@200000/target-module@9000/serial@0[0]'
[    0.915544] of_get_named_gpiod_flags: can't parse 'rs485-rx-during-tx-gpio' property of node '/ocp/interconnect@44c00000/segment@200000/target-module@9000/serial@0[0]'
[    0.915576] omap8250 44e09000.serial: using lookup tables for GPIO lookup
[    0.915584] omap8250 44e09000.serial: No GPIO consumer rs485-rx-during-tx found
[    0.916033] 44e09000.serial: ttyS0 at MMIO 0x44e09000 (irq = 34, base_baud = 3000000) is a 8250
[    0.916121] printk: legacy console [ttyS0] enabled
[    2.419876] i2c i2c-0: using DT '/ocp/interconnect@44c00000/segment@200000/target-module@b000/i2c@0' for 'scl' GPIO lookup
[    2.419965] of_get_named_gpiod_flags: can't parse 'scl-gpios' property of node '/ocp/interconnect@44c00000/segment@200000/target-module@b000/i2c@0[0]'
[    2.420014] of_get_named_gpiod_flags: can't parse 'scl-gpio' property of node '/ocp/interconnect@44c00000/segment@200000/target-module@b000/i2c@0[0]'
[    2.420055] i2c i2c-0: using lookup tables for GPIO lookup
[    2.420070] i2c i2c-0: No GPIO consumer scl found
[    2.420096] i2c i2c-0: using DT '/ocp/interconnect@44c00000/segment@200000/target-module@b000/i2c@0' for 'sda' GPIO lookup
[    2.420136] of_get_named_gpiod_flags: can't parse 'sda-gpios' property of node '/ocp/interconnect@44c00000/segment@200000/target-module@b000/i2c@0[0]'
[    2.420177] of_get_named_gpiod_flags: can't parse 'sda-gpio' property of node '/ocp/interconnect@44c00000/segment@200000/target-module@b000/i2c@0[0]'
[    2.420212] i2c i2c-0: using lookup tables for GPIO lookup
[    2.420224] i2c i2c-0: No GPIO consumer sda found
[    2.432578] tps65217-pmic: Failed to locate of_node [id: -1]
[    2.438646] tps65217-bl: Failed to locate of_node [id: -1]
[    2.446048] platform tps65217-charger: DMA mask not set
[    2.453108] platform tps65217-pwrbutton: DMA mask not set
[    2.460898] tps65217 0-0024: TPS65217 ID 0xe version 1.2
[    2.467022] /ocp/interconnect@48000000/segment@300000/target-module@e000/lcdc@0: Fixed dependency cycle(s) with /ocp/interconnect@44c00000/segment@200000/target-module@b000/i2c@0/tda19988@70
[    2.484438] /ocp/interconnect@44c00000/segment@200000/target-module@b000/i2c@0/tda19988@70: Fixed dependency cycle(s) with /ocp/interconnect@48000000/segment@300000/target-module@e000/lcdc@0
[    2.501821] omap_i2c 44e0b000.i2c: bus 0 rev0.11 at 400 kHz
[    2.509569] sdhci-omap 48060000.mmc: using DT '/ocp/interconnect@48000000/segment@0/target-module@60000/mmc@0' for 'cd' GPIO lookup
[    2.509679] of_get_named_gpiod_flags: parsed 'cd-gpios' property of node '/ocp/interconnect@48000000/segment@0/target-module@60000/mmc@0[0]' - status (0)
[    2.509747] gpio gpiochip3: Persistence not supported for GPIO 6
[    2.509776] omap_gpio 44e07000.gpio: Could not set line 6 debounce to 200000 microseconds (-22)
[    2.518677] sdhci-omap 48060000.mmc: Got CD GPIO
[    2.523361] sdhci-omap 48060000.mmc: using DT '/ocp/interconnect@48000000/segment@0/target-module@60000/mmc@0' for 'wp' GPIO lookup
[    2.523413] of_get_named_gpiod_flags: can't parse 'wp-gpios' property of node '/ocp/interconnect@48000000/segment@0/target-module@60000/mmc@0[0]'
[    2.523458] of_get_named_gpiod_flags: can't parse 'wp-gpio' property of node '/ocp/interconnect@48000000/segment@0/target-module@60000/mmc@0[0]'
[    2.523497] sdhci-omap 48060000.mmc: using lookup tables for GPIO lookup
[    2.523512] sdhci-omap 48060000.mmc: No GPIO consumer wp found
[    2.523729] sdhci-omap 48060000.mmc: supply pbias not found, using dummy regulator
[    2.532477] sdhci-omap 481d8000.mmc: using DT '/ocp/interconnect@48000000/segment@100000/target-module@d8000/mmc@0' for 'wp' GPIO lookup
[    2.532567] of_get_named_gpiod_flags: can't parse 'wp-gpios' property of node '/ocp/interconnect@48000000/segment@100000/target-module@d8000/mmc@0[0]'
[    2.532621] of_get_named_gpiod_flags: can't parse 'wp-gpio' property of node '/ocp/interconnect@48000000/segment@100000/target-module@d8000/mmc@0[0]'
[    2.532660] sdhci-omap 481d8000.mmc: using lookup tables for GPIO lookup
[    2.532673] sdhci-omap 481d8000.mmc: No GPIO consumer wp found
[    2.533743] sdhci-omap 48060000.mmc: supply vqmmc not found, using dummy regulator
[    2.543062] sdhci-omap 481d8000.mmc: supply pbias not found, using dummy regulator
[    2.551072] sdhci-omap 481d8000.mmc: supply vqmmc not found, using dummy regulator
[    2.588194] mmc1: SDHCI controller on 481d8000.mmc [481d8000.mmc] using External DMA
[    2.596628] mmc0: SDHCI controller on 48060000.mmc [48060000.mmc] using External DMA
[    2.605475] cpsw-switch 4a100000.switch: starting ndev. mode: dual_mac
[    2.671915] mmc1: new high speed MMC card at address 0001
[    2.678745] mmcblk1: mmc1:0001 MMC04G 3.60 GiB
[    2.686630]  mmcblk1: p1 p2
[    2.690364] SMSC LAN8710/LAN8720 4a101000.mdio:00: attached PHY driver (mii_bus:phy_addr=4a101000.mdio:00, irq=POLL)
[    2.701948] mmcblk1boot0: mmc1:0001 MMC04G 2.00 MiB
[    2.716818] mmcblk1boot1: mmc1:0001 MMC04G 2.00 MiB
[    2.725743] mmcblk1rpmb: mmc1:0001 MMC04G 128 KiB, chardev (249:0)
[    2.775130] mmc0: new high speed SDHC card at address aaaa
[    2.782072] mmcblk0: mmc0:aaaa SE32G 29.7 GiB
[    2.791124]  mmcblk0: p1 p2
[    5.842366] cpsw-switch 4a100000.switch eth0: Link is Up - 100Mbps/Full - flow control off
[    5.871621] IP-Config: Complete:
[    5.874893]      device=eth0, hwaddr=6c:ec:eb:68:de:78, ipaddr=192.168.255.1, mask=255.255.255.0, gw=255.255.255.255
[    5.885537]      host=bbb1, domain=, nis-domain=(none)
[    5.890706]      bootserver=192.168.255.126, rootserver=192.168.255.126, rootpath=
[    5.891133] clk: Disabling unused clocks
[    5.902987] PM: genpd: Disabling unused power domains
[    5.908138] KTAP version 1
[    5.910862] 1..0
[    5.913600] check access for rdinit=/init failed: -2, ignoring
[    5.941313] VFS: Mounted root (nfs filesystem) on device 0:17.
[    5.948378] devtmpfs: mounted
[    5.953036] Freeing unused kernel image (initmem) memory: 1024K
[    5.959627] Run /sbin/init as init process
[    5.963875]   with arguments:
[    5.963891]     /sbin/init
[    5.963901]     nfsrootdebug
[    5.963910]   with environment:
[    5.963919]     HOME=/
[    5.963928]     TERM=linux
[    6.630777] systemd[1]: System time before build time, advancing clock.
[    8.171629] random: crng init done
[    8.194296] systemd[1]: systemd 232 running in system mode. (+PAM +AUDIT +SELINUX +IMA +APPARMOR +SMACK +SYSVINIT +UTMP +LIBCRYPTSETUP +GCRYPT +GNUTLS +ACL +XZ +LZ4 +SECCOMP +BLKID +ELFUTILS +KMOD +IDN)
[    8.213417] systemd[1]: Detected architecture arm.
[    8.244747] systemd[1]: Set hostname to <arm>.
[    9.351909] systemd[1]: Listening on /dev/initctl Compatibility Named Pipe.
[    9.383070] systemd[1]: Created slice User and Session Slice.
[    9.412018] systemd[1]: Reached target Remote File Systems.
[    9.443530] systemd[1]: syslog.socket: SO_PASSSEC failed: Operation not supported
[    9.451267] systemd[1]: Listening on Syslog Socket.
[    9.472575] systemd[1]: Started Dispatch Password Requests to Console Directory Watch.
[    9.502297] systemd[1]: systemd-journald.socket: SO_PASSSEC failed: Operation not supported
[   11.826983] systemd-journald[80]: Received request to flush runtime journal from PID 1
[   12.642325] omap_prm 44e00d00.prm: sync_state() pending due to 44d00000.cpu
[   14.549061] leds-gpio leds: using DT '/leds/led2' for '(default)' GPIO lookup
[   14.549171] of_get_named_gpiod_flags: parsed 'gpios' property of node '/leds/led2[0]' - status (0)
[   14.549228] gpio gpiochip0: Persistence not supported for GPIO 21
[   14.549243] gpio-533 (?): no flags found for GPIO (default)
[   14.664529] leds-gpio leds: using DT '/leds/led3' for '(default)' GPIO lookup
[   14.664801] of_get_named_gpiod_flags: parsed 'gpios' property of node '/leds/led3[0]' - status (0)
[   14.664866] gpio gpiochip0: Persistence not supported for GPIO 22
[   14.664882] gpio-534 (?): no flags found for GPIO (default)
[   14.682158] leds-gpio leds: using DT '/leds/led4' for '(default)' GPIO lookup
[   14.682263] of_get_named_gpiod_flags: parsed 'gpios' property of node '/leds/led4[0]' - status (0)
[   14.682317] gpio gpiochip0: Persistence not supported for GPIO 23
[   14.682333] gpio-535 (?): no flags found for GPIO (default)
[   14.712426] leds-gpio leds: using DT '/leds/led5' for '(default)' GPIO lookup
[   14.712536] of_get_named_gpiod_flags: parsed 'gpios' property of node '/leds/led5[0]' - status (0)
[   14.712591] gpio gpiochip0: Persistence not supported for GPIO 24
[   14.712606] gpio-536 (?): no flags found for GPIO (default)
[   15.036110] remoteproc remoteproc0: wkup_m3 is available
[   15.147682] at24 2-0054: supply vcc not found, using dummy regulator
[   15.272355] at24 2-0055: supply vcc not found, using dummy regulator
[   15.412622] at24 2-0056: supply vcc not found, using dummy regulator
[   15.504338] at24 2-0057: supply vcc not found, using dummy regulator
[   15.647642] at24 0-0050: using DT '/ocp/interconnect@44c00000/segment@200000/target-module@b000/i2c@0/eeprom@50' for 'wp' GPIO lookup
[   15.647759] of_get_named_gpiod_flags: can't parse 'wp-gpios' property of node '/ocp/interconnect@44c00000/segment@200000/target-module@b000/i2c@0/eeprom@50[0]'
[   15.647818] of_get_named_gpiod_flags: can't parse 'wp-gpio' property of node '/ocp/interconnect@44c00000/segment@200000/target-module@b000/i2c@0/eeprom@50[0]'
[   15.647865] at24 0-0050: using lookup tables for GPIO lookup
[   15.647881] at24 0-0050: No GPIO consumer wp found
[   15.648217] at24 0-0050: 32768 byte 24c256 EEPROM, writable, 1 bytes/write
[   15.865917] input: tps65217_pwrbutton as /devices/platform/ocp/44c00000.interconnect/44c00000.interconnect:segment@200000/44e0b000.target-module/44e0b000.i2c/i2c-0/0-0024/tps65217-pwrbutton/input/input0
[   16.299859] omap_rtc 44e3e000.rtc: registered as rtc0
[   16.305155] omap_rtc 44e3e000.rtc: setting system clock to 2000-01-01T00:00:00 UTC (946684800)
[   16.313903] omap_rtc 44e3e000.rtc: using DT '/ocp/interconnect@44c00000/segment@200000/target-module@3e000/rtc@0' for 'wp' GPIO lookup
[   16.313972] of_get_named_gpiod_flags: can't parse 'wp-gpios' property of node '/ocp/interconnect@44c00000/segment@200000/target-module@3e000/rtc@0[0]'
[   16.314022] of_get_named_gpiod_flags: can't parse 'wp-gpio' property of node '/ocp/interconnect@44c00000/segment@200000/target-module@3e000/rtc@0[0]'
[   16.314064] omap_rtc 44e3e000.rtc: using lookup tables for GPIO lookup
[   16.314079] omap_rtc 44e3e000.rtc: No GPIO consumer wp found
[   16.508853] omap_wdt: OMAP Watchdog Timer Rev 0x01: initial timeout 60 sec
[   16.771151] am335x-phy-driver 47401300.usb-phy: using DT '/ocp/target-module@47400000/usb-phy@1300' for 'reset' GPIO lookup
[   16.771357] of_get_named_gpiod_flags: can't parse 'reset-gpios' property of node '/ocp/target-module@47400000/usb-phy@1300[0]'
[   16.771460] of_get_named_gpiod_flags: can't parse 'reset-gpio' property of node '/ocp/target-module@47400000/usb-phy@1300[0]'
[   16.771505] am335x-phy-driver 47401300.usb-phy: using lookup tables for GPIO lookup
[   16.771521] am335x-phy-driver 47401300.usb-phy: No GPIO consumer reset found
[   16.771888] am335x-phy-driver 47401300.usb-phy: using DT '/ocp/target-module@47400000/usb-phy@1300' for 'vbus-detect' GPIO lookup
[   16.772077] of_get_named_gpiod_flags: can't parse 'vbus-detect-gpios' property of node '/ocp/target-module@47400000/usb-phy@1300[0]'
[   16.772120] of_get_named_gpiod_flags: can't parse 'vbus-detect-gpio' property of node '/ocp/target-module@47400000/usb-phy@1300[0]'
[   16.772151] am335x-phy-driver 47401300.usb-phy: using lookup tables for GPIO lookup
[   16.772165] am335x-phy-driver 47401300.usb-phy: No GPIO consumer vbus-detect found
[   16.772320] am335x-phy-driver 47401300.usb-phy: dummy supplies not allowed for exclusive requests (id=vbus)
[   16.994904] am335x-phy-driver 47401b00.usb-phy: using DT '/ocp/target-module@47400000/usb-phy@1b00' for 'reset' GPIO lookup
[   16.994997] of_get_named_gpiod_flags: can't parse 'reset-gpios' property of node '/ocp/target-module@47400000/usb-phy@1b00[0]'
[   16.995040] of_get_named_gpiod_flags: can't parse 'reset-gpio' property of node '/ocp/target-module@47400000/usb-phy@1b00[0]'
[   16.995079] am335x-phy-driver 47401b00.usb-phy: using lookup tables for GPIO lookup
[   16.995094] am335x-phy-driver 47401b00.usb-phy: No GPIO consumer reset found
[   16.995109] am335x-phy-driver 47401b00.usb-phy: using DT '/ocp/target-module@47400000/usb-phy@1b00' for 'vbus-detect' GPIO lookup
[   16.995140] of_get_named_gpiod_flags: can't parse 'vbus-detect-gpios' property of node '/ocp/target-module@47400000/usb-phy@1b00[0]'
[   16.995172] of_get_named_gpiod_flags: can't parse 'vbus-detect-gpio' property of node '/ocp/target-module@47400000/usb-phy@1b00[0]'
[   16.995199] am335x-phy-driver 47401b00.usb-phy: using lookup tables for GPIO lookup
[   16.995212] am335x-phy-driver 47401b00.usb-phy: No GPIO consumer vbus-detect found
[   16.995363] am335x-phy-driver 47401b00.usb-phy: dummy supplies not allowed for exclusive requests (id=vbus)
[   17.120302] usbcore: registered new interface driver usbfs
[   17.126271] usbcore: registered new interface driver hub
[   17.131804] usbcore: registered new device driver usb
[   17.875669] tda998x 0-0070: found TDA19988
[   18.006882] musb-hdrc musb-hdrc.1: MUSB HDRC host driver
[   18.012626] musb-hdrc musb-hdrc.1: new USB bus registered, assigned bus number 1
[   18.206164] usb usb1: New USB device found, idVendor=1d6b, idProduct=0002, bcdDevice= 6.18
[   18.214835] usb usb1: New USB device strings: Mfr=3, Product=2, SerialNumber=1
[   18.222235] usb usb1: Product: MUSB HDRC host driver
[   18.227232] usb usb1: Manufacturer: Linux 6.18.0-rc5 musb-hcd
[   18.233048] usb usb1: SerialNumber: musb-hdrc.1
[   18.432402] omap-mailbox 480c8000.mailbox: omap mailbox rev 0x400
[   18.522228] remoteproc remoteproc0: powering up wkup_m3
[   18.680398] hub 1-0:1.0: USB hub found
[   18.745824] remoteproc remoteproc0: Direct firmware load for am335x-pm-firmware.elf failed with error -2
[   18.755552] remoteproc remoteproc0: request_firmware failed: -2
[   18.761515] wkup_m3_ipc 44e11324.wkup_m3_ipc: rproc_boot failed
[   18.777421] hub 1-0:1.0: 1 port detected
[   21.107257] ------------[ cut here ]------------
[   21.112106] WARNING: CPU: 0 PID: 173 at net/8021q/vlan_core.c:236 vlan_for_each+0x114/0x134
[   21.120544] RTNL: assertion failed at net/8021q/vlan_core.c (236)
[   21.126743] Modules linked in: rng_core(+) drm_dma_helper drm_client_lib snd_soc_davinci_mcasp snd_soc_ti_udma snd_soc_ti_edma snd_soc_ti_sdma snd_soc_core snd_pcm_dmaengine snd_pcm snd_timer omap_mailbox snd soundcore musb_dsps musb_hdrc tda998x udc_core cec usbcore drm_kms_helper phy_am335x phy_generic omap_wdt cppi41 usb_common watchdog rtc_omap drm wkup_m3_ipc tps65218_pwrbutton phy_am335x_control drm_panel_orientation_quirks at24 wkup_m3_rproc leds_gpio led_class cpufreq_dt autofs4
[   21.170337] CPU: 0 UID: 107 PID: 173 Comm: avahi-daemon Not tainted 6.18.0-rc5 #1 NONE 
[   21.170354] Hardware name: Generic AM33XX (Flattened Device Tree)
[   21.170363] Call trace: 
[   21.170379]  unwind_backtrace from show_stack+0x10/0x14
[   21.170415]  show_stack from dump_stack_lvl+0x50/0x64
[   21.170440]  dump_stack_lvl from __warn+0x74/0x12c
[   21.170460]  __warn from warn_slowpath_fmt+0x19c/0x1b0
[   21.170472]  warn_slowpath_fmt from vlan_for_each+0x114/0x134
[   21.170493]  vlan_for_each from cpsw_add_mc_addr+0x40/0xa4
[   21.170518]  cpsw_add_mc_addr from __hw_addr_ref_sync_dev+0x108/0x140
[   21.170548]  __hw_addr_ref_sync_dev from __dev_mc_add+0x7c/0x80
[   21.170570]  __dev_mc_add from igmp6_group_added+0xc8/0xe0
[   21.170600]  igmp6_group_added from __ipv6_dev_mc_inc+0x218/0x364
[   21.170619]  __ipv6_dev_mc_inc from __ipv6_sock_mc_join+0x11c/0x1c0
[   21.170637]  __ipv6_sock_mc_join from do_ipv6_setsockopt+0x1214/0x1310
[   21.170669]  do_ipv6_setsockopt from ipv6_setsockopt+0x60/0xcc
[   21.170691]  ipv6_setsockopt from udpv6_setsockopt+0x2c/0x6c
[   21.170708]  udpv6_setsockopt from sock_common_setsockopt+0x30/0x40
[   21.170737]  sock_common_setsockopt from do_sock_setsockopt+0x50/0x9c
[   21.170759]  do_sock_setsockopt from __sys_setsockopt+0x70/0xbc
[   21.170778]  __sys_setsockopt from ret_fast_syscall+0x0/0x58
[   21.170796] Exception stack(0xe0149fa8 to 0xe0149ff0)
[   21.170810] 9fa0:                   00000014 b6f39ce8 0000000d 00000029 00000014 be9da9ec
[   21.170822] 9fc0: 00000014 b6f39ce8 00000014 00000126 0000000d b6ee2ff4 0044e988 00436558
[   21.170831] 9fe0: b6ef8088 be9da9d8 b6ed5309 b6dac41a
[   21.170838] ---[ end trace 0000000000000000 ]---
[   21.382121] tilcdc 4830e000.lcdc: bound 0-0070 (ops tda998x_audio_codec_init [tda998x])
[   21.438436] omap_rng 48310000.rng: Random Number Generator ver. 20
[   21.533892] [drm] Initialized tilcdc 1.0.0 for 4830e000.lcdc on minor 0
[   21.613817] tilcdc 4830e000.lcdc: [drm] Cannot find any crtc or sizes
[   21.623858] tilcdc 4830e000.lcdc: [drm] Cannot find any crtc or sizes
[   23.032646] omap-sham 53100000.sham: hw accel on OMAP rev 4.3
[   23.085740] PM: Cannot get wkup_m3_ipc handle
[   23.143136] omap-sham 53100000.sham: will run requests pump with realtime priority
[   23.151961] PM: Cannot get wkup_m3_ipc handle
[   23.387537] omap-aes 53500000.aes: OMAP AES hw accel rev: 3.2
[   23.526794] omap-aes 53500000.aes: will run requests pump with realtime priority
[   23.536173] PM: Cannot get wkup_m3_ipc handle
[   24.649658] Bluetooth: Core ver 2.22
[   24.653658] NET: Registered PF_BLUETOOTH protocol family
[   24.659180] Bluetooth: HCI device and connection manager initialized
[   24.665723] Bluetooth: HCI socket layer initialized
[   24.670641] Bluetooth: L2CAP socket layer initialized
[   24.675795] Bluetooth: SCO socket layer initialized
[   26.938399] PM: Cannot get wkup_m3_ipc handle
[   26.944416] asoc-simple-card sound: using DT '/sound' for 'simple-audio-card,hp-det' GPIO lookup
[   26.944496] of_get_named_gpiod_flags: can't parse 'simple-audio-card,hp-det-gpios' property of node '/sound[0]'
[   26.944533] of_get_named_gpiod_flags: can't parse 'simple-audio-card,hp-det-gpio' property of node '/sound[0]'
[   26.944559] asoc-simple-card sound: using lookup tables for GPIO lookup
[   26.944573] asoc-simple-card sound: No GPIO consumer simple-audio-card,hp-det found
[   26.944589] asoc-simple-card sound: using DT '/sound' for 'simple-audio-card,mic-det' GPIO lookup
[   26.944615] of_get_named_gpiod_flags: can't parse 'simple-audio-card,mic-det-gpios' property of node '/sound[0]'
[   26.944642] of_get_named_gpiod_flags: can't parse 'simple-audio-card,mic-det-gpio' property of node '/sound[0]'
[   26.944662] asoc-simple-card sound: using lookup tables for GPIO lookup
[   26.944674] asoc-simple-card sound: No GPIO consumer simple-audio-card,mic-det found
[   26.970760] tda998x 0-0070: using DT '/ocp/interconnect@44c00000/segment@200000/target-module@b000/i2c@0/tda19988@70' for 'nxp,calib' GPIO lookup
[   26.970904] of_get_named_gpiod_flags: parsed 'nxp,calib-gpios' property of node '/ocp/interconnect@44c00000/segment@200000/target-module@b000/i2c@0/tda19988@70[0]' - status (0)
[   26.970987] gpio gpiochip0: Persistence not supported for GPIO 25
[   26.971003] gpio-537 (nxp,calib): no flags found for GPIO nxp,calib
[   26.972634] gpio-537 (nxp,calib): gpiod_direction_output_nonotify: tried to set a GPIO tied to an IRQ as output
[   27.056402] PM: Cannot get wkup_m3_ipc handle
[   27.269807] tda9950 0-0034: TDA9950 CEC interface, hardware version 3.3
[   27.386884] PM: Cannot get wkup_m3_ipc handle
[   28.691012] userial_init: registered 8 ttyGS* devices
[   29.002753] rndis_register: configNr = 0
[   29.115011] udc musb-hdrc.0: binding gadget driver [g_multi]
[   29.115109] configfs-gadget.g_multi gadget.0: adding 'rndis'/e68e44ef to config 'c'/fffd5aef
[   29.116286] configfs-gadget.g_multi gadget.0: HOST MAC 1c:ba:8c:a2:ed:6c
[   29.123302] configfs-gadget.g_multi gadget.0: MAC 1c:ba:8c:a2:ed:70
[   29.129654] rndis_set_param_medium: 0 0
[   29.129675] configfs-gadget.g_multi gadget.0: RNDIS: IN/ep1in OUT/ep1out NOTIFY/ep2in
[   29.129693] configfs-gadget.g_multi gadget.0: adding 'cdc_ethernet'/ecf78749 to config 'c'/fffd5aef
[   29.130632] configfs-gadget.g_multi gadget.0: HOST MAC 1c:ba:8c:a2:ed:6c
[   29.137517] configfs-gadget.g_multi gadget.0: MAC 1c:ba:8c:a2:ed:6d
[   29.143904] configfs-gadget.g_multi gadget.0: CDC Ethernet: IN/ep3in OUT/ep2out NOTIFY/ep4in
[   29.143925] configfs-gadget.g_multi gadget.0: adding 'acm'/a4068576 to config 'c'/fffd5aef
[   29.143962] configfs-gadget.g_multi gadget.0: acm ttyGS0: IN/ep5in OUT/ep3out NOTIFY/ep6in
[   29.144753] PM: Cannot get wkup_m3_ipc handle
[   30.395402] configfs-gadget.g_multi gadget.0: eth_open
[   30.492980] configfs-gadget.g_multi gadget.0: stop stats: rx/tx 0/0, errs 0/0
[   35.429865] gs_open: ttyGS0 (fc9db1c6,797a0e3e)
[   35.430019] gs_close: ttyGS0 (fc9db1c6,797a0e3e) ...
[   35.430043] gs_close: ttyGS0 (fc9db1c6,797a0e3e) done!
[   35.449497] gs_open: ttyGS0 (914686cd,ee50e6a3)
[   35.449646] gs_close: ttyGS0 (914686cd,ee50e6a3) ...
[   35.449667] gs_close: ttyGS0 (914686cd,ee50e6a3) done!
[   35.632934] gs_open: ttyGS0 (d4251442,cdb8a427)
[   35.633167] gs_close: ttyGS0 (d4251442,cdb8a427) ...
[   35.633195] gs_close: ttyGS0 (d4251442,cdb8a427) done!
[   35.634216] gs_open: ttyGS0 (d4251442,cdb8a427)
OJTZXBHAXX 0
root@arm:~# echo 'SJEG''ZULQFN'
SJEGZULQFN
root@arm:~# MARKER='JKXH''WLTCHK' run 'modprobe test_linear_ranges'
JKXHWLTCHKJKXHWLTCHK 0
root@arm:~# echo 'UEST''JOTMQU'
UESTJOTMQU
root@arm:~# MARKER='VWVP''XYVQEM' run dmesg
VWVPXYVQEM[    0.000000] Booting Linux on physical CPU 0x0
[    0.000000] Linux version 6.18.0-rc5 (user01@drvtest01) (arm-none-eabi-gcc (Arm GNU Toolchain 14.2.Rel1 (Build arm-14.52)) 14.2.1 20241119, GNU ld (Arm GNU Toolchain 14.2.Rel1 (Build arm-14.52)) 2.43.1.20241119) #1 SMP Mon Nov 10 01:41:41 EET 2025
[    0.000000] CPU: ARMv7 Processor [413fc082] revision 2 (ARMv7), cr=10c5387d
[    0.000000] CPU: PIPT / VIPT nonaliasing data cache, VIPT aliasing instruction cache
[    0.000000] OF: fdt: Machine model: TI AM335x BeagleBone Black
[    0.000000] Memory policy: Data cache writeback
[    0.000000] cma: Reserved 16 MiB at 0x9e800000
[    0.000000] Zone ranges:
[    0.000000]   Normal   [mem 0x0000000080000000-0x000000009fdfffff]
[    0.000000]   HighMem  empty
[    0.000000] Movable zone start for each node
[    0.000000] Early memory node ranges
[    0.000000]   node   0: [mem 0x0000000080000000-0x000000009fdfffff]
[    0.000000] Initmem setup node 0 [mem 0x0000000080000000-0x000000009fdfffff]
[    0.000000] On node 0, zone Normal: 512 pages in unavailable ranges
[    0.000000] OF: reserved mem: Reserved memory: No reserved-memory node in the DT
[    0.000000] CPU: All CPU(s) started in SVC mode.
[    0.000000] AM335X ES2.1 (sgx neon)
[    0.000000] percpu: Embedded 17 pages/cpu s39884 r8192 d21556 u69632
[    0.000000] pcpu-alloc: s39884 r8192 d21556 u69632 alloc=17*4096
[    0.000000] pcpu-alloc: [0] 0 
[    0.000000] Kernel command line: console=ttyO0,115200n8 root=/dev/nfs rw nfsroot=192.168.255.126:/home/user01/nfs,nfsvers=3 ip=192.168.255.1:192.168.255.126::255.255.255.0:bbb1:eth0 nfsrootdebug
[    0.000000] Unknown kernel command line parameters "nfsrootdebug", will be passed to user space.
[    0.000000] printk: log buffer data + meta data: 65536 + 204800 = 270336 bytes
[    0.000000] Dentry cache hash table entries: 65536 (order: 6, 262144 bytes, linear)
[    0.000000] Inode-cache hash table entries: 32768 (order: 5, 131072 bytes, linear)
[    0.000000] Built 1 zonelists, mobility grouping on.  Total pages: 130560
[    0.000000] mem auto-init: stack:off, heap alloc:off, heap free:off
[    0.000000] SLUB: HWalign=16, Order=0-3, MinObjects=0, CPUs=1, Nodes=1
[    0.000000] rcu: Hierarchical RCU implementation.
[    0.000000] rcu: 	RCU event tracing is enabled.
[    0.000000] rcu: 	RCU restricting CPUs from NR_CPUS=2 to nr_cpu_ids=1.
[    0.000000] 	Tracing variant of Tasks RCU enabled.
[    0.000000] rcu: RCU calculated value of scheduler-enlistment delay is 10 jiffies.
[    0.000000] rcu: Adjusting geometry for rcu_fanout_leaf=16, nr_cpu_ids=1
[    0.000000] RCU Tasks Trace: Setting shift to 0 and lim to 1 rcu_task_cb_adjust=1 rcu_task_cpu_ids=1.
[    0.000000] NR_IRQS: 16, nr_irqs: 16, preallocated irqs: 16
[    0.000000] IRQ: Found an INTC at 0x(ptrval) (revision 5.0) with 128 interrupts
[    0.000000] rcu: srcu_init: Setting srcu_struct sizes based on contention.
[    0.000000] TI gptimer clocksource: always-on /ocp/interconnect@44c00000/segment@200000/target-module@31000
[    0.000003] sched_clock: 32 bits at 24MHz, resolution 41ns, wraps every 89478484971ns
[    0.000026] clocksource: dmtimer: mask: 0xffffffff max_cycles: 0xffffffff, max_idle_ns: 79635851949 ns
[    0.000485] TI gptimer clockevent: 24000000 Hz at /ocp/interconnect@48000000/segment@0/target-module@40000
[    0.002050] Console: colour dummy device 80x30
[    0.002118] WARNING: Your 'console=ttyO0' has been replaced by 'ttyS0'
[    0.002126] This ensures that you still see kernel messages. Please
[    0.002130] update your kernel commandline.
[    0.002172] Calibrating delay loop... 996.14 BogoMIPS (lpj=4980736)
[    0.090601] CPU: Testing write buffer coherency: ok
[    0.090683] CPU0: Spectre v2: using BPIALL workaround
[    0.090693] pid_max: default: 32768 minimum: 301
[    0.090874] LSM: initializing lsm=capability
[    0.091033] Mount-cache hash table entries: 1024 (order: 0, 4096 bytes, linear)
[    0.091052] Mountpoint-cache hash table entries: 1024 (order: 0, 4096 bytes, linear)
[    0.092633] CPU0: thread -1, cpu 0, socket -1, mpidr 0
[    0.092692] cacheinfo: Unable to detect cache hierarchy for CPU 0
[    0.094722] Setting up static identity map for 0x80100000 - 0x80100078
[    0.095036] rcu: Hierarchical SRCU implementation.
[    0.095047] rcu: 	Max phase no-delay instances is 1000.
[    0.096747] smp: Bringing up secondary CPUs ...
[    0.096800] smp: Brought up 1 node, 1 CPU
[    0.096813] SMP: Total of 1 processors activated (996.14 BogoMIPS).
[    0.096824] CPU: All CPU(s) started in SVC mode.
[    0.097033] Memory: 480864K/522240K available (11264K kernel code, 1226K rwdata, 2956K rodata, 1024K init, 256K bss, 23336K reserved, 16384K cma-reserved, 0K highmem)
[    0.097845] devtmpfs: initialized
[    0.115240] VFP support v0.3: implementor 41 architecture 3 part 30 variant c rev 3
[    0.115910] clocksource: jiffies: mask: 0xffffffff max_cycles: 0xffffffff, max_idle_ns: 19112604462750000 ns
[    0.115967] posixtimers hash table entries: 512 (order: 0, 4096 bytes, linear)
[    0.115996] futex hash table entries: 256 (16384 bytes on 1 NUMA nodes, total 16 KiB, linear).
[    0.117129] pinctrl core: initialized pinctrl subsystem
[    0.119204] NET: Registered PF_NETLINK/PF_ROUTE protocol family
[    0.122289] DMA: preallocated 256 KiB pool for atomic coherent allocations
[    0.122893] audit: initializing netlink subsys (disabled)
[    0.124208] thermal_sys: Registered thermal governor 'fair_share'
[    0.124224] thermal_sys: Registered thermal governor 'step_wise'
[    0.124232] thermal_sys: Registered thermal governor 'user_space'
[    0.124341] audit: type=2000 audit(0.120:1): state=initialized audit_enabled=0 res=1
[    0.124412] cpuidle: using governor menu
[    0.142668] /ocp/interconnect@44c00000/segment@200000/target-module@b000/i2c@0/tda19988@70: Fixed dependency cycle(s) with /ocp/interconnect@48000000/segment@300000/target-module@e000/lcdc@0
[    0.143752] /ocp/interconnect@48000000/segment@300000/target-module@e000/lcdc@0: Fixed dependency cycle(s) with /ocp/interconnect@44c00000/segment@200000/target-module@b000/i2c@0/tda19988@70
[    0.145967] No ATAGs?
[    0.146006] hw-breakpoint: debug architecture 0x4 unsupported.
[    0.149088] kprobes: kprobe jump-optimization is enabled. All kprobes are optimized if possible.
[    0.153796] iommu: Default domain type: Translated
[    0.153819] iommu: DMA domain TLB invalidation policy: strict mode
[    0.155379] reg-fixed-voltage fixedregulator0: using DT '/fixedregulator0' for '(default)' GPIO lookup
[    0.155433] of_get_named_gpiod_flags: can't parse 'gpios' property of node '/fixedregulator0[0]'
[    0.155462] of_get_named_gpiod_flags: can't parse 'gpio' property of node '/fixedregulator0[0]'
[    0.155481] reg-fixed-voltage fixedregulator0: using lookup tables for GPIO lookup
[    0.155491] reg-fixed-voltage fixedregulator0: No GPIO consumer (default) found
[    0.161519] SCSI subsystem initialized
[    0.161987] libata version 3.00 loaded.
[    0.162368] pps_core: LinuxPPS API ver. 1 registered
[    0.162379] pps_core: Software ver. 5.3.6 - Copyright 2005-2007 Rodolfo Giometti <giometti@linux.it>
[    0.162401] PTP clock support registered
[    0.171236] vgaarb: loaded
[    0.171609] clocksource: Switched to clocksource dmtimer
[    0.172290] VFS: Disk quotas dquot_6.6.0
[    0.172355] VFS: Dquot-cache hash table entries: 1024 (order 0, 4096 bytes)
[    0.197199] NET: Registered PF_INET protocol family
[    0.197545] IP idents hash table entries: 8192 (order: 4, 65536 bytes, linear)
[    0.198976] tcp_listen_portaddr_hash hash table entries: 512 (order: 0, 4096 bytes, linear)
[    0.199013] Table-perturb hash table entries: 65536 (order: 6, 262144 bytes, linear)
[    0.199030] TCP established hash table entries: 4096 (order: 2, 16384 bytes, linear)
[    0.199076] TCP bind hash table entries: 4096 (order: 4, 65536 bytes, linear)
[    0.199176] TCP: Hash tables configured (established 4096 bind 4096)
[    0.199298] UDP hash table entries: 256 (order: 1, 14336 bytes, linear)
[    0.199333] UDP-Lite hash table entries: 256 (order: 1, 14336 bytes, linear)
[    0.199537] NET: Registered PF_UNIX/PF_LOCAL protocol family
[    0.202574] RPC: Registered named UNIX socket transport module.
[    0.202596] RPC: Registered udp transport module.
[    0.202602] RPC: Registered tcp transport module.
[    0.202607] RPC: Registered tcp-with-tls transport module.
[    0.202611] RPC: Registered tcp NFSv4.1 backchannel transport module.
[    0.202638] PCI: CLS 0 bytes, default 64
[    0.204052] Initialise system trusted keyrings
[    0.212210] workingset: timestamp_bits=14 max_order=17 bucket_order=3
[    0.213628] NFS: Registering the id_resolver key type
[    0.213687] Key type id_resolver registered
[    0.213694] Key type id_legacy registered
[    0.213813] jffs2: version 2.2. (NAND) (SUMMARY)  Â© 2001-2006 Red Hat, Inc.
[    0.214275] Key type asymmetric registered
[    0.214289] Asymmetric key parser 'x509' registered
[    0.214361] io scheduler mq-deadline registered
[    0.214371] io scheduler kyber registered
[    0.214458] io scheduler bfq registered
[    0.216292] target-module@4b000000:target-module@140000:pmu@0:fck: device ID is greater than 24
[    0.221891] ledtrig-cpu: registered to indicate activity on CPUs
[    0.225650] Serial: 8250/16550 driver, 6 ports, IRQ sharing enabled
[    0.277959] brd: module loaded
[    0.286856] loop: module loaded
[    0.287789] mtdoops: mtd device (mtddev=name/number) must be supplied
[    0.289330] mdio_bus fixed-0: using lookup tables for GPIO lookup
[    0.289353] mdio_bus fixed-0: No GPIO consumer reset found
[    0.290755] i2c_dev: i2c /dev entries driver
[    0.291925] cpuidle: enable-method property 'ti,am3352' found operations
[    0.292384] sdhci: Secure Digital Host Controller Interface driver
[    0.292395] sdhci: Copyright(c) Pierre Ossman
[    0.292580] sdhci-pltfm: SDHCI platform and OF driver helper
[    0.302045] hw perfevents: enabled with armv7_cortex_a8 PMU driver, 5 (8000000f) counters available
[    0.302604] Initializing XFRM netlink socket
[    0.302783] NET: Registered PF_INET6 protocol family
[    0.304776] Segment Routing with IPv6
[    0.304858] In-situ OAM (IOAM) with IPv6
[    0.304956] sit: IPv6, IPv4 and MPLS over IPv4 tunneling driver
[    0.305921] NET: Registered PF_PACKET protocol family
[    0.305951] NET: Registered PF_KEY protocol family
[    0.306083] Key type dns_resolver registered
[    0.306317] ThumbEE CPU extension supported.
[    0.306340] Registering SWP/SWPB emulation handler
[    0.306863] omap_voltage_late_init: Voltage driver support not added
[    0.307533] SmartReflex Class3 initialized
[    0.342680] Loading compiled-in X.509 certificates
[    0.380052] /ocp/interconnect@44c00000/segment@200000/target-module@b000/i2c@0/tda19988@70: Fixed dependency cycle(s) with /ocp/interconnect@48000000/segment@300000/target-module@e000/lcdc@0
[    0.386620] /ocp/interconnect@44c00000/segment@200000/target-module@b000/i2c@0/tda19988@70: Fixed dependency cycle(s) with /ocp/interconnect@48000000/segment@300000/target-module@e000/lcdc@0
[    0.392250] gpiochip_find_base_unlocked: found new base at 512
[    0.429309] /ocp/interconnect@44c00000/segment@200000/target-module@b000/i2c@0/tda19988@70: Fixed dependency cycle(s) with /ocp/interconnect@48000000/segment@300000/target-module@e000/lcdc@0
[    0.430188] /ocp/interconnect@44c00000/segment@200000/target-module@b000/i2c@0/tda19988@70: Fixed dependency cycle(s) with /ocp/interconnect@48000000/segment@300000/target-module@e000/lcdc@0
[    0.433995] /ocp/interconnect@44c00000/segment@200000/target-module@10000/scm@0/pinmux@800: Fixed dependency cycle(s) with /ocp/interconnect@44c00000/segment@200000/target-module@10000/scm@0/pinmux@800/clkout2-pins
[    0.434585] pinctrl-single 44e10800.pinmux: 142 pins, size 568
[    0.439894] ti-sysc 44e31000.target-module: probe with driver ti-sysc failed with error -16
[    0.446633] /ocp/interconnect@48000000/segment@300000/target-module@e000/lcdc@0: Fixed dependency cycle(s) with /ocp/interconnect@44c00000/segment@200000/target-module@b000/i2c@0/tda19988@70
[    0.454925] ti-sysc 48040000.target-module: probe with driver ti-sysc failed with error -16
[    0.466563] gpiochip_find_base_unlocked: found new base at 512
[    0.466667] gpio gpiochip0: (gpio-0-31): created GPIO range 0->7 ==> 44e10800.pinmux PIN 0->7
[    0.466686] gpio gpiochip0: (gpio-0-31): created GPIO range 8->11 ==> 44e10800.pinmux PIN 90->93
[    0.466702] gpio gpiochip0: (gpio-0-31): created GPIO range 12->27 ==> 44e10800.pinmux PIN 12->27
[    0.466718] gpio gpiochip0: (gpio-0-31): created GPIO range 28->31 ==> 44e10800.pinmux PIN 30->33
[    0.503060] gpio gpiochip0: (gpio-0-31): added GPIO chardev (254:0)
[    0.503300] gpio gpiochip0: registered GPIOs 512 to 543 on gpio-0-31
[    0.503386] OMAP GPIO hardware version 0.1
[    0.540167] i2c i2c-2: using DT '/ocp/interconnect@48000000/segment@100000/target-module@9c000/i2c@0' for 'scl' GPIO lookup
[    0.540240] of_get_named_gpiod_flags: can't parse 'scl-gpios' property of node '/ocp/interconnect@48000000/segment@100000/target-module@9c000/i2c@0[0]'
[    0.540283] of_get_named_gpiod_flags: can't parse 'scl-gpio' property of node '/ocp/interconnect@48000000/segment@100000/target-module@9c000/i2c@0[0]'
[    0.540319] i2c i2c-2: using lookup tables for GPIO lookup
[    0.540328] i2c i2c-2: No GPIO consumer scl found
[    0.540350] i2c i2c-2: using DT '/ocp/interconnect@48000000/segment@100000/target-module@9c000/i2c@0' for 'sda' GPIO lookup
[    0.540386] of_get_named_gpiod_flags: can't parse 'sda-gpios' property of node '/ocp/interconnect@48000000/segment@100000/target-module@9c000/i2c@0[0]'
[    0.540422] of_get_named_gpiod_flags: can't parse 'sda-gpio' property of node '/ocp/interconnect@48000000/segment@100000/target-module@9c000/i2c@0[0]'
[    0.540453] i2c i2c-2: using lookup tables for GPIO lookup
[    0.540461] i2c i2c-2: No GPIO consumer sda found
[    0.541182] omap_i2c 4819c000.i2c: bus 2 rev0.11 at 100 kHz
[    0.546932] gpiochip_find_base_unlocked: found new base at 544
[    0.547042] gpio gpiochip1: (gpio-32-63): created GPIO range 0->17 ==> 44e10800.pinmux PIN 34->51
[    0.547062] gpio gpiochip1: (gpio-32-63): created GPIO range 18->21 ==> 44e10800.pinmux PIN 77->80
[    0.547077] gpio gpiochip1: (gpio-32-63): created GPIO range 22->31 ==> 44e10800.pinmux PIN 56->65
[    0.569027] gpio gpiochip1: (gpio-32-63): added GPIO chardev (254:1)
[    0.569272] gpio gpiochip1: registered GPIOs 544 to 575 on gpio-32-63
[    0.571569] gpiochip_find_base_unlocked: found new base at 576
[    0.571838] gpio gpiochip2: (gpio-64-95): created GPIO range 0->4 ==> 44e10800.pinmux PIN 66->70
[    0.571862] gpio gpiochip2: (gpio-64-95): created GPIO range 5->6 ==> 44e10800.pinmux PIN 98->99
[    0.571877] gpio gpiochip2: (gpio-64-95): created GPIO range 7->8 ==> 44e10800.pinmux PIN 75->76
[    0.571893] gpio gpiochip2: (gpio-64-95): created GPIO range 13->13 ==> 44e10800.pinmux PIN 141->141
[    0.571909] gpio gpiochip2: (gpio-64-95): created GPIO range 14->21 ==> 44e10800.pinmux PIN 100->107
[    0.590274] gpio gpiochip2: (gpio-64-95): added GPIO chardev (254:2)
[    0.590480] gpio gpiochip2: registered GPIOs 576 to 607 on gpio-64-95
[    0.596312] 48000000.interconnect:segment@200000:target-module@0:mpu@0:fck: device ID is greater than 24
[    0.597228] /ocp/interconnect@48000000/segment@300000/target-module@e000/lcdc@0: Fixed dependency cycle(s) with /ocp/interconnect@44c00000/segment@200000/target-module@b000/i2c@0/tda19988@70
[    0.600045] /ocp/interconnect@48000000/segment@300000/target-module@e000/lcdc@0: Fixed dependency cycle(s) with /ocp/interconnect@44c00000/segment@200000/target-module@b000/i2c@0/tda19988@70
[    0.600743] /ocp/interconnect@44c00000/segment@200000/target-module@b000/i2c@0/tda19988@70: Fixed dependency cycle(s) with /ocp/interconnect@48000000/segment@300000/target-module@e000/lcdc@0
[    0.600920] /ocp/interconnect@48000000/segment@300000/target-module@e000/lcdc@0: Fixed dependency cycle(s) with /ocp/interconnect@44c00000/segment@200000/target-module@b000/i2c@0/tda19988@70
[    0.608418] sdhci-omap 481d8000.mmc: using DT '/ocp/interconnect@48000000/segment@100000/target-module@d8000/mmc@0' for 'wp' GPIO lookup
[    0.608489] of_get_named_gpiod_flags: can't parse 'wp-gpios' property of node '/ocp/interconnect@48000000/segment@100000/target-module@d8000/mmc@0[0]'
[    0.608534] of_get_named_gpiod_flags: can't parse 'wp-gpio' property of node '/ocp/interconnect@48000000/segment@100000/target-module@d8000/mmc@0[0]'
[    0.608570] sdhci-omap 481d8000.mmc: using lookup tables for GPIO lookup
[    0.608581] sdhci-omap 481d8000.mmc: No GPIO consumer wp found
[    0.608776] sdhci-omap 481d8000.mmc: supply pbias not found, using dummy regulator
[    0.609262] sdhci-omap 481d8000.mmc: supply vqmmc not found, using dummy regulator
[    0.615383] mdio_bus 4a101000.mdio: using DT '/ocp/interconnect@4a000000/segment@0/target-module@100000/switch@0/mdio@1000' for 'reset' GPIO lookup
[    0.615457] of_get_named_gpiod_flags: can't parse 'reset-gpios' property of node '/ocp/interconnect@4a000000/segment@0/target-module@100000/switch@0/mdio@1000[0]'
[    0.615504] of_get_named_gpiod_flags: can't parse 'reset-gpio' property of node '/ocp/interconnect@4a000000/segment@0/target-module@100000/switch@0/mdio@1000[0]'
[    0.615551] mdio_bus 4a101000.mdio: using lookup tables for GPIO lookup
[    0.615561] mdio_bus 4a101000.mdio: No GPIO consumer reset found
[    0.680935] davinci_mdio 4a101000.mdio: davinci mdio revision 1.6, bus freq 1000000
[    0.702969] mdio_bus 4a101000.mdio:00: using DT '/ocp/interconnect@4a000000/segment@0/target-module@100000/switch@0/mdio@1000/ethernet-phy@0' for 'reset' GPIO lookup
[    0.703071] of_get_named_gpiod_flags: parsed 'reset-gpios' property of node '/ocp/interconnect@4a000000/segment@0/target-module@100000/switch@0/mdio@1000/ethernet-phy@0[0]' - status (0)
[    0.703237] gpio gpiochip0: Persistence not supported for GPIO 8
[    0.829324] davinci_mdio 4a101000.mdio: phy[0]: device 4a101000.mdio:00, driver SMSC LAN8710/LAN8720
[    0.830086] cpsw-switch 4a100000.switch: initialized cpsw ale version 1.4
[    0.830108] cpsw-switch 4a100000.switch: ALE Table size 1024, Policers 0
[    0.830292] cpsw-switch 4a100000.switch: cpts: overflow check period 500 (jiffies)
[    0.830310] cpsw-switch 4a100000.switch: CPTS: ref_clk_freq:250000000 calc_mult:2147483648 calc_shift:29 error:0 nsec/sec
[    0.830418] cpsw-switch 4a100000.switch: Detected MACID = 6c:ec:eb:68:de:78
[    0.832479] cpsw-switch 4a100000.switch: initialized (regs 0x4a100000, pool size 256) hw_ver:0019010C 1.12 (0)
[    0.859229] debugfs: '49000000.dma' already exists in 'dmaengine'
[    0.859271] edma 49000000.dma: TI EDMA DMA engine driver
[    0.899790] gpio-clk clk_mcasp0: using DT '/clk_mcasp0' for 'enable' GPIO lookup
[    0.899869] of_get_named_gpiod_flags: parsed 'enable-gpios' property of node '/clk_mcasp0[0]' - status (0)
[    0.899915] gpio gpiochip0: Persistence not supported for GPIO 27
[    0.900671] gpiochip_find_base_unlocked: found new base at 608
[    0.900785] gpio gpiochip3: (gpio-96-127): created GPIO range 0->7 ==> 44e10800.pinmux PIN 82->89
[    0.900805] gpio gpiochip3: (gpio-96-127): created GPIO range 8->11 ==> 44e10800.pinmux PIN 52->55
[    0.900820] gpio gpiochip3: (gpio-96-127): created GPIO range 12->15 ==> 44e10800.pinmux PIN 94->97
[    0.900836] gpio gpiochip3: (gpio-96-127): created GPIO range 16->17 ==> 44e10800.pinmux PIN 71->72
[    0.900852] gpio gpiochip3: (gpio-96-127): created GPIO range 18->18 ==> 44e10800.pinmux PIN 135->135
[    0.900868] gpio gpiochip3: (gpio-96-127): created GPIO range 19->20 ==> 44e10800.pinmux PIN 108->109
[    0.900884] gpio gpiochip3: (gpio-96-127): created GPIO range 21->21 ==> 44e10800.pinmux PIN 73->73
[    0.900902] gpio gpiochip3: (gpio-96-127): created GPIO range 22->23 ==> 44e10800.pinmux PIN 8->9
[    0.900918] gpio gpiochip3: (gpio-96-127): created GPIO range 26->27 ==> 44e10800.pinmux PIN 10->11
[    0.900937] gpio gpiochip3: (gpio-96-127): created GPIO range 28->28 ==> 44e10800.pinmux PIN 74->74
[    0.900956] gpio gpiochip3: (gpio-96-127): created GPIO range 29->29 ==> 44e10800.pinmux PIN 81->81
[    0.900981] gpio gpiochip3: (gpio-96-127): created GPIO range 30->31 ==> 44e10800.pinmux PIN 28->29
[    0.913191] gpio gpiochip3: (gpio-96-127): added GPIO chardev (254:3)
[    0.913442] gpio gpiochip3: registered GPIOs 608 to 639 on gpio-96-127
[    0.915298] omap8250 44e09000.serial: using DT '/ocp/interconnect@44c00000/segment@200000/target-module@9000/serial@0' for 'rs485-term' GPIO lookup
[    0.915371] of_get_named_gpiod_flags: can't parse 'rs485-term-gpios' property of node '/ocp/interconnect@44c00000/segment@200000/target-module@9000/serial@0[0]'
[    0.915414] of_get_named_gpiod_flags: can't parse 'rs485-term-gpio' property of node '/ocp/interconnect@44c00000/segment@200000/target-module@9000/serial@0[0]'
[    0.915450] omap8250 44e09000.serial: using lookup tables for GPIO lookup
[    0.915461] omap8250 44e09000.serial: No GPIO consumer rs485-term found
[    0.915472] omap8250 44e09000.serial: using DT '/ocp/interconnect@44c00000/segment@200000/target-module@9000/serial@0' for 'rs485-rx-during-tx' GPIO lookup
[    0.915507] of_get_named_gpiod_flags: can't parse 'rs485-rx-during-tx-gpios' property of node '/ocp/interconnect@44c00000/segment@200000/target-module@9000/serial@0[0]'
[    0.915544] of_get_named_gpiod_flags: can't parse 'rs485-rx-during-tx-gpio' property of node '/ocp/interconnect@44c00000/segment@200000/target-module@9000/serial@0[0]'
[    0.915576] omap8250 44e09000.serial: using lookup tables for GPIO lookup
[    0.915584] omap8250 44e09000.serial: No GPIO consumer rs485-rx-during-tx found
[    0.916033] 44e09000.serial: ttyS0 at MMIO 0x44e09000 (irq = 34, base_baud = 3000000) is a 8250
[    0.916121] printk: legacy console [ttyS0] enabled
[    2.419876] i2c i2c-0: using DT '/ocp/interconnect@44c00000/segment@200000/target-module@b000/i2c@0' for 'scl' GPIO lookup
[    2.419965] of_get_named_gpiod_flags: can't parse 'scl-gpios' property of node '/ocp/interconnect@44c00000/segment@200000/target-module@b000/i2c@0[0]'
[    2.420014] of_get_named_gpiod_flags: can't parse 'scl-gpio' property of node '/ocp/interconnect@44c00000/segment@200000/target-module@b000/i2c@0[0]'
