Labgrid Console Logfile for main
Logfile started at 2025-09-19 18:55:57.136331
=== Log starts here ===
reading args
spl_load_image_fat_os: error reading image args, err - -1
reading u-boot.img
reading u-boot.img


U-Boot 2014.04-00014-g47880f5 (Apr 22 2014 - 13:23:54)

I2C:   ready
DRAM:  512 MiB
NAND:  0 MiB
MMC:   OMAP SD/MMC: 0, OMAP SD/MMC: 1
*** Warning - readenv() failed, using default environment

Net:   <ethaddr> not set. Validating first E-fuse MAC
cpsw, usb_ether
Hit any key to stop autoboot:  1  0 
gpio: pin 53 (gpio 53) value is 1
mmc0 is current device
gpio: pin 54 (gpio 54) value is 1
SD/MMC found on device 0
reading uEnv.txt
569 bytes read in 4 ms (138.7 KiB/s)
gpio: pin 55 (gpio 55) value is 1
Loaded environment from uEnv.txt
Importing environment from mmc ...
Checking if uenvcmd is set ...
gpio: pin 56 (gpio 56) value is 1
Running uenvcmd ...
cpsw Waiting for PHY auto negotiation to complete. done
link up on port 0, speed 100, full duplex
Using cpsw device
TFTP from server 192.168.255.126; our IP address is 192.168.255.1
Filename 'zImage'.
Load address: 0x81000000
Loading: *#################################################################
	 #################################################################
	 #################################################################
	 #################################################################
	 #################################################################
	 ########################################
	 2.4 MiB/s
done
Bytes transferred = 5352592 (51ac90 hex)
link up on port 0, speed 100, full duplex
Using cpsw device
TFTP from server 192.168.255.126; our IP address is 192.168.255.1
Filename 'am335x-boneblack.dtb'.
Load address: 0x82000000
Loading: *#######
	 2.3 MiB/s
done
Bytes transferred = 97772 (17dec hex)
Kernel image @ 0x81000000 [ 0x000000 - 0x51ac90 ]
## Flattened Device Tree blob at 82000000
   Booting using the fdt blob at 0x82000000
   Using Device Tree in place at 82000000, end 8201adeb

Starting kernel ...

[    0.000000] Booting Linux on physical CPU 0x0
[    0.000000] Linux version 6.6.107 (user01@drvtest01) (arm-none-eabi-gcc (Arm GNU Toolchain 14.2.Rel1 (Build arm-14.52)) 14.2.1 20241119, GNU ld (Arm GNU Toolchain 14.2.Rel1 (Build arm-14.52)) 2.43.1.20241119) #1 SMP Fri Sep 19 18:54:01 EEST 2025
[    0.000000] CPU: ARMv7 Processor [413fc082] revision 2 (ARMv7), cr=10c5387d
[    0.000000] CPU: PIPT / VIPT nonaliasing data cache, VIPT aliasing instruction cache
[    0.000000] OF: fdt: Machine model: TI AM335x BeagleBone Black
[    0.000000] Memory policy: Data cache writeback
[    0.000000] cma: Reserved 16 MiB at 0x9e800000 on node -1
[    0.000000] Zone ranges:
[    0.000000]   Normal   [mem 0x0000000080000000-0x000000009fdfffff]
[    0.000000]   HighMem  empty
[    0.000000] Movable zone start for each node
[    0.000000] Early memory node ranges
[    0.000000]   node   0: [mem 0x0000000080000000-0x000000009fdfffff]
[    0.000000] Initmem setup node 0 [mem 0x0000000080000000-0x000000009fdfffff]
[    0.000000] CPU: All CPU(s) started in SVC mode.
[    0.000000] AM335X ES2.1 (sgx neon)
[    0.000000] percpu: Embedded 16 pages/cpu s36116 r8192 d21228 u65536
[    0.000000] Kernel command line: console=ttyO0,115200n8 root=/dev/nfs rw nfsroot=192.168.255.126:/home/user01/nfs,nfsvers=3 ip=192.168.255.1:192.168.255.126::255.255.255.0:bbb1:eth0 nfsrootdebug
[    0.000000] Unknown kernel command line parameters "nfsrootdebug", will be passed to user space.
[    0.000000] Dentry cache hash table entries: 65536 (order: 6, 262144 bytes, linear)
[    0.000000] Inode-cache hash table entries: 32768 (order: 5, 131072 bytes, linear)
[    0.000000] Built 1 zonelists, mobility grouping on.  Total pages: 129412
[    0.000000] mem auto-init: stack:off, heap alloc:off, heap free:off
[    0.000000] Memory: 483604K/522240K available (11264K kernel code, 1165K rwdata, 2704K rodata, 1024K init, 282K bss, 22252K reserved, 16384K cma-reserved, 0K highmem)
[    0.000000] SLUB: HWalign=64, Order=0-3, MinObjects=0, CPUs=1, Nodes=1
[    0.000000] rcu: Hierarchical RCU implementation.
[    0.000000] rcu: 	RCU event tracing is enabled.
[    0.000000] rcu: 	RCU restricting CPUs from NR_CPUS=2 to nr_cpu_ids=1.
[    0.000000] rcu: RCU calculated value of scheduler-enlistment delay is 10 jiffies.
[    0.000000] rcu: Adjusting geometry for rcu_fanout_leaf=16, nr_cpu_ids=1
[    0.000000] NR_IRQS: 16, nr_irqs: 16, preallocated irqs: 16
[    0.000000] IRQ: Found an INTC at 0x(ptrval) (revision 5.0) with 128 interrupts
[    0.000000] rcu: srcu_init: Setting srcu_struct sizes based on contention.
[    0.000000] TI gptimer clocksource: always-on /ocp/interconnect@44c00000/segment@200000/target-module@31000
[    0.000004] sched_clock: 32 bits at 24MHz, resolution 41ns, wraps every 89478484971ns
[    0.000027] clocksource: dmtimer: mask: 0xffffffff max_cycles: 0xffffffff, max_idle_ns: 79635851949 ns
[    0.000518] TI gptimer clockevent: 24000000 Hz at /ocp/interconnect@48000000/segment@0/target-module@40000
[    0.002084] Console: colour dummy device 80x30
[    0.002136] WARNING: Your 'console=ttyO0' has been replaced by 'ttyS0'
[    0.002144] This ensures that you still see kernel messages. Please
[    0.002148] update your kernel commandline.
[    0.002189] Calibrating delay loop... 996.14 BogoMIPS (lpj=4980736)
[    0.090572] CPU: Testing write buffer coherency: ok
[    0.090671] CPU0: Spectre v2: using BPIALL workaround
[    0.090683] pid_max: default: 32768 minimum: 301
[    0.090796] LSM: initializing lsm=capability,integrity
[    0.090966] Mount-cache hash table entries: 1024 (order: 0, 4096 bytes, linear)
[    0.090985] Mountpoint-cache hash table entries: 1024 (order: 0, 4096 bytes, linear)
[    0.092454] CPU0: thread -1, cpu 0, socket -1, mpidr 0
[    0.094034] Setting up static identity map for 0x80100000 - 0x80100078
[    0.094322] rcu: Hierarchical SRCU implementation.
[    0.094333] rcu: 	Max phase no-delay instances is 1000.
[    0.095694] smp: Bringing up secondary CPUs ...
[    0.095749] smp: Brought up 1 node, 1 CPU
[    0.095762] SMP: Total of 1 processors activated (996.14 BogoMIPS).
[    0.095774] CPU: All CPU(s) started in SVC mode.
[    0.096648] devtmpfs: initialized
[    0.113744] VFP support v0.3: implementor 41 architecture 3 part 30 variant c rev 3
[    0.114101] clocksource: jiffies: mask: 0xffffffff max_cycles: 0xffffffff, max_idle_ns: 19112604462750000 ns
[    0.114136] futex hash table entries: 256 (order: 2, 16384 bytes, linear)
[    0.115432] pinctrl core: initialized pinctrl subsystem
[    0.117587] NET: Registered PF_NETLINK/PF_ROUTE protocol family
[    0.120120] DMA: preallocated 256 KiB pool for atomic coherent allocations
[    0.120950] audit: initializing netlink subsys (disabled)
[    0.122300] thermal_sys: Registered thermal governor 'fair_share'
[    0.122322] thermal_sys: Registered thermal governor 'step_wise'
[    0.122328] thermal_sys: Registered thermal governor 'user_space'
[    0.122439] audit: type=2000 audit(0.120:1): state=initialized audit_enabled=0 res=1
[    0.122518] cpuidle: using governor menu
[    0.138854] /ocp/interconnect@44c00000/segment@200000/target-module@b000/i2c@0/tda19988@70: Fixed dependency cycle(s) with /ocp/interconnect@48000000/segment@300000/target-module@e000/lcdc@0
[    0.139914] /ocp/interconnect@48000000/segment@300000/target-module@e000/lcdc@0: Fixed dependency cycle(s) with /ocp/interconnect@44c00000/segment@200000/target-module@b000/i2c@0/tda19988@70
[    0.142140] No ATAGs?
[    0.142159] hw-breakpoint: debug architecture 0x4 unsupported.
[    0.145171] kprobes: kprobe jump-optimization is enabled. All kprobes are optimized if possible.
[    0.163169] iommu: Default domain type: Translated
[    0.163189] iommu: DMA domain TLB invalidation policy: strict mode
[    0.164622] SCSI subsystem initialized
[    0.166432] pps_core: LinuxPPS API ver. 1 registered
[    0.166443] pps_core: Software ver. 5.3.6 - Copyright 2005-2007 Rodolfo Giometti <giometti@linux.it>
[    0.166469] PTP clock support registered
[    0.170970] vgaarb: loaded
[    0.171303] clocksource: Switched to clocksource dmtimer
[    0.171924] VFS: Disk quotas dquot_6.6.0
[    0.171986] VFS: Dquot-cache hash table entries: 1024 (order 0, 4096 bytes)
[    0.202734] NET: Registered PF_INET protocol family
[    0.203069] IP idents hash table entries: 8192 (order: 4, 65536 bytes, linear)
[    0.204389] tcp_listen_portaddr_hash hash table entries: 512 (order: 0, 4096 bytes, linear)
[    0.204426] Table-perturb hash table entries: 65536 (order: 6, 262144 bytes, linear)
[    0.204443] TCP established hash table entries: 4096 (order: 2, 16384 bytes, linear)
[    0.204487] TCP bind hash table entries: 4096 (order: 4, 65536 bytes, linear)
[    0.204588] TCP: Hash tables configured (established 4096 bind 4096)
[    0.204716] UDP hash table entries: 256 (order: 1, 8192 bytes, linear)
[    0.204744] UDP-Lite hash table entries: 256 (order: 1, 8192 bytes, linear)
[    0.204918] NET: Registered PF_UNIX/PF_LOCAL protocol family
[    0.206078] RPC: Registered named UNIX socket transport module.
[    0.206099] RPC: Registered udp transport module.
[    0.206104] RPC: Registered tcp transport module.
[    0.206109] RPC: Registered tcp-with-tls transport module.
[    0.206115] RPC: Registered tcp NFSv4.1 backchannel transport module.
[    0.206138] PCI: CLS 0 bytes, default 64
[    0.207725] Initialise system trusted keyrings
[    0.212274] workingset: timestamp_bits=14 max_order=17 bucket_order=3
[    0.222149] NFS: Registering the id_resolver key type
[    0.222235] Key type id_resolver registered
[    0.222242] Key type id_legacy registered
[    0.222298] jffs2: version 2.2. (NAND) (SUMMARY)  Â© 2001-2006 Red Hat, Inc.
[    0.222715] Key type asymmetric registered
[    0.222730] Asymmetric key parser 'x509' registered
[    0.222802] io scheduler mq-deadline registered
[    0.222814] io scheduler kyber registered
[    0.222878] io scheduler bfq registered
[    0.225583] hw perfevents: enabled with armv7_cortex_a8 PMU driver, 5 counters available
[    0.233869] l3-aon-clkctrl:0000:0: failed to disable
[    0.241510] Serial: 8250/16550 driver, 6 ports, IRQ sharing enabled
[    0.285535] brd: module loaded
[    0.299619] loop: module loaded
[    0.300546] mtdoops: mtd device (mtddev=name/number) must be supplied
[    0.303466] i2c_dev: i2c /dev entries driver
[    0.304445] cpuidle: enable-method property 'ti,am3352' found operations
[    0.304899] sdhci: Secure Digital Host Controller Interface driver
[    0.304909] sdhci: Copyright(c) Pierre Ossman
[    0.305099] sdhci-pltfm: SDHCI platform and OF driver helper
[    0.319035] ledtrig-cpu: registered to indicate activity on CPUs
[    0.319872] Initializing XFRM netlink socket
[    0.320000] NET: Registered PF_INET6 protocol family
[    0.337150] Segment Routing with IPv6
[    0.337228] In-situ OAM (IOAM) with IPv6
[    0.337340] sit: IPv6, IPv4 and MPLS over IPv4 tunneling driver
[    0.338305] NET: Registered PF_PACKET protocol family
[    0.338336] NET: Registered PF_KEY protocol family
[    0.338469] Key type dns_resolver registered
[    0.338687] ThumbEE CPU extension supported.
[    0.338710] Registering SWP/SWPB emulation handler
[    0.339222] omap_voltage_late_init: Voltage driver support not added
[    0.339874] SmartReflex Class3 initialized
[    0.368285] Loading compiled-in X.509 certificates
[    0.407358] /ocp/interconnect@44c00000/segment@200000/target-module@b000/i2c@0/tda19988@70: Fixed dependency cycle(s) with /ocp/interconnect@48000000/segment@300000/target-module@e000/lcdc@0
[    0.413658] /ocp/interconnect@44c00000/segment@200000/target-module@b000/i2c@0/tda19988@70: Fixed dependency cycle(s) with /ocp/interconnect@48000000/segment@300000/target-module@e000/lcdc@0
[    0.421592] /ocp/interconnect@44c00000/segment@200000/target-module@b000/i2c@0/tda19988@70: Fixed dependency cycle(s) with /ocp/interconnect@48000000/segment@300000/target-module@e000/lcdc@0
[    0.422520] /ocp/interconnect@44c00000/segment@200000/target-module@b000/i2c@0/tda19988@70: Fixed dependency cycle(s) with /ocp/interconnect@48000000/segment@300000/target-module@e000/lcdc@0
[    0.425808] /ocp/interconnect@44c00000/segment@200000/target-module@10000/scm@0/pinmux@800: Fixed dependency cycle(s) with /ocp/interconnect@44c00000/segment@200000/target-module@10000/scm@0/pinmux@800/clkout2-pins
[    0.426421] pinctrl-single 44e10800.pinmux: 142 pins, size 568
[    0.431583] ti-sysc: probe of 44e31000.target-module failed with error -16
[    0.460913] /ocp/interconnect@48000000/segment@300000/target-module@e000/lcdc@0: Fixed dependency cycle(s) with /ocp/interconnect@44c00000/segment@200000/target-module@b000/i2c@0/tda19988@70
[    0.468892] ti-sysc: probe of 48040000.target-module failed with error -16
[    0.500186] OMAP GPIO hardware version 0.1
[    0.526794] omap_i2c 4819c000.i2c: bus 2 rev0.11 at 100 kHz
[    0.553903] /ocp/interconnect@48000000/segment@300000/target-module@e000/lcdc@0: Fixed dependency cycle(s) with /ocp/interconnect@44c00000/segment@200000/target-module@b000/i2c@0/tda19988@70
[    0.556660] /ocp/interconnect@48000000/segment@300000/target-module@e000/lcdc@0: Fixed dependency cycle(s) with /ocp/interconnect@44c00000/segment@200000/target-module@b000/i2c@0/tda19988@70
[    0.557346] /ocp/interconnect@44c00000/segment@200000/target-module@b000/i2c@0/tda19988@70: Fixed dependency cycle(s) with /ocp/interconnect@48000000/segment@300000/target-module@e000/lcdc@0
[    0.557516] /ocp/interconnect@48000000/segment@300000/target-module@e000/lcdc@0: Fixed dependency cycle(s) with /ocp/interconnect@44c00000/segment@200000/target-module@b000/i2c@0/tda19988@70
[    0.568413] sdhci-omap 481d8000.mmc: supply pbias not found, using dummy regulator
[    0.568883] sdhci-omap 481d8000.mmc: supply vqmmc not found, using dummy regulator
[    0.643341] davinci_mdio 4a101000.mdio: davinci mdio revision 1.6, bus freq 1000000
[    0.826948] davinci_mdio 4a101000.mdio: phy[0]: device 4a101000.mdio:00, driver SMSC LAN8710/LAN8720
[    0.827591] cpsw-switch 4a100000.switch: initialized cpsw ale version 1.4
[    0.827612] cpsw-switch 4a100000.switch: ALE Table size 1024
[    0.827912] cpsw-switch 4a100000.switch: cpts: overflow check period 500 (jiffies)
[    0.827933] cpsw-switch 4a100000.switch: CPTS: ref_clk_freq:250000000 calc_mult:2147483648 calc_shift:29 error:0 nsec/sec
[    0.828032] cpsw-switch 4a100000.switch: Detected MACID = 6c:ec:eb:68:de:78
[    0.829869] cpsw-switch 4a100000.switch: initialized (regs 0x4a100000, pool size 256) hw_ver:0019010C 1.12 (0)
[    0.840662] debugfs: Directory '49000000.dma' with parent 'dmaengine' already present!
[    0.840707] edma 49000000.dma: TI EDMA DMA engine driver
[    0.894776] 44e09000.serial: ttyS0 at MMIO 0x44e09000 (irq = 34, base_baud = 3000000) is a 8250
[    0.894859] printk: console [ttyS0] enabled
[    2.162251] tps65217-pmic: Failed to locate of_node [id: -1]
[    2.168292] tps65217-bl: Failed to locate of_node [id: -1]
[    2.179273] tps65217 0-0024: TPS65217 ID 0xe version 1.2
[    2.185426] /ocp/interconnect@48000000/segment@300000/target-module@e000/lcdc@0: Fixed dependency cycle(s) with /ocp/interconnect@44c00000/segment@200000/target-module@b000/i2c@0/tda19988@70
[    2.202769] /ocp/interconnect@44c00000/segment@200000/target-module@b000/i2c@0/tda19988@70: Fixed dependency cycle(s) with /ocp/interconnect@48000000/segment@300000/target-module@e000/lcdc@0
[    2.220123] omap_i2c 44e0b000.i2c: bus 0 rev0.11 at 400 kHz
[    2.228059] omap_gpio 44e07000.gpio: Could not set line 6 debounce to 200000 microseconds (-22)
[    2.236930] sdhci-omap 48060000.mmc: Got CD GPIO
[    2.241941] sdhci-omap 48060000.mmc: supply pbias not found, using dummy regulator
[    2.252080] sdhci-omap 48060000.mmc: supply vqmmc not found, using dummy regulator
[    2.260807] sdhci-omap 481d8000.mmc: supply pbias not found, using dummy regulator
[    2.269721] sdhci-omap 481d8000.mmc: supply vqmmc not found, using dummy regulator
[    2.308828] mmc1: SDHCI controller on 481d8000.mmc [481d8000.mmc] using External DMA
[    2.317796] mmc0: SDHCI controller on 48060000.mmc [48060000.mmc] using External DMA
[    2.326563] cpsw-switch 4a100000.switch: starting ndev. mode: dual_mac
[    2.391564] mmc1: new high speed MMC card at address 0001
[    2.398451] mmcblk1: mmc1:0001 MMC04G 3.60 GiB
[    2.405851]  mmcblk1: p1 p2
[    2.409357] mmc0: new high speed SDHC card at address aaaa
[    2.416643] mmcblk1boot0: mmc1:0001 MMC04G 2.00 MiB
[    2.422939] mmcblk0: mmc0:aaaa SE32G 29.7 GiB
[    2.430821] mmcblk1boot1: mmc1:0001 MMC04G 2.00 MiB
[    2.436993]  mmcblk0: p1 p2
[    2.442039] mmcblk1rpmb: mmc1:0001 MMC04G 128 KiB, chardev (250:0)
[    2.512505] SMSC LAN8710/LAN8720 4a101000.mdio:00: attached PHY driver (mii_bus:phy_addr=4a101000.mdio:00, irq=POLL)
[    5.682044] cpsw-switch 4a100000.switch eth0: Link is Up - 100Mbps/Full - flow control off
[    5.731352] IP-Config: Complete:
[    5.734624]      device=eth0, hwaddr=6c:ec:eb:68:de:78, ipaddr=192.168.255.1, mask=255.255.255.0, gw=255.255.255.255
[    5.745239]      host=bbb1, domain=, nis-domain=(none)
[    5.750402]      bootserver=192.168.255.126, rootserver=192.168.255.126, rootpath=
[    5.750813] clk: Disabling unused clocks
[    5.762668] KTAP version 1
[    5.765397] 1..0
[    5.788416] VFS: Mounted root (nfs filesystem) on device 0:16.
[    5.795462] devtmpfs: mounted
[    5.800077] Freeing unused kernel image (initmem) memory: 1024K
[    5.806961] Run /sbin/init as init process
[    6.480332] systemd[1]: System time before build time, advancing clock.
[    7.941322] random: crng init done
[    8.012529] systemd[1]: systemd 232 running in system mode. (+PAM +AUDIT +SELINUX +IMA +APPARMOR +SMACK +SYSVINIT +UTMP +LIBCRYPTSETUP +GCRYPT +GNUTLS +ACL +XZ +LZ4 +SECCOMP +BLKID +ELFUTILS +KMOD +IDN)
[    8.031672] systemd[1]: Detected architecture arm.

Welcome to [1mDebian GNU/Linux 9 (stretch)[0m!

[    8.074233] systemd[1]: Set hostname to <arm>.
[    9.112703] systemd[1]: Created slice User and Session Slice.
[[0;32m  OK  [0m] Created slice User and Session Slice.
[    9.153423] systemd[1]: Listening on udev Control Socket.
[[0;32m  OK  [0m] Listening on udev Control Socket.
[    9.193181] systemd[1]: Listening on Journal Socket (/dev/log).
[[0;32m  OK  [0m] Listening on Journal Socket (/dev/log).
[    9.231925] systemd[1]: Listening on udev Kernel Socket.
[[0;32m  OK  [0m] Listening on udev Kernel Socket.
[    9.272103] systemd[1]: Started Forward Password Requests to Wall Directory Watch.
[[0;32m  OK  [0m] Started Forward Password Requests to Wall Directory Watch.
[    9.312590] systemd[1]: Created slice System Slice.
[[0;32m  OK  [0m] Created slice System Slice.
[    9.352666] systemd[1]: Created slice system-serial\x2dgetty.slice.
[[0;32m  OK  [0m] Created slice system-serial\x2dgetty.slice.
[[0;32m  OK  [0m] Listening on Journal Socket.
         Starting Remount Root and Kernel File Systems...
[[0;32m  OK  [0m] Created slice system-getty.slice.
         Mounting Debug File System...
         Starting Create list of required stâ€¦ce nodes for the current kernel...
[[0;32m  OK  [0m] Reached target Remote File Systems.
[[0;32m  OK  [0m] Listening on /dev/initctl Compatibility Named Pipe.
[[0;32m  OK  [0m] Listening on Syslog Socket.
[[0;32m  OK  [0m] Reached target Slices.
         Mounting POSIX Message Queue File System...
[[0;32m  OK  [0m] Listening on Journal Audit Socket.
         Starting Journal Service...
[[0;32m  OK  [0m] Started Dispatch Password Requests to Console Directory Watch.
[[0;32m  OK  [0m] Reached target Paths.
[[0;32m  OK  [0m] Reached target Encrypted Volumes.
         Starting Load Kernel Modules...
[[0;32m  OK  [0m] Set up automount Arbitrary Executabâ€¦rmats File System Automount Point.
[[0;32m  OK  [0m] Reached target Swap.
[[0;32m  OK  [0m] Mounted POSIX Message Queue File System.
[[0;32m  OK  [0m] Mounted Debug File System.
[[0;32m  OK  [0m] Started Remount Root and Kernel File Systems.
[[0;32m  OK  [0m] Started Create list of required staâ€¦vice nodes for the current kernel.
[[0;32m  OK  [0m] Started Load Kernel Modules.
         Mounting Configuration File System...
         Starting Apply Kernel Variables...
         Starting Create Static Device Nodes in /dev...
         Starting udev Coldplug all Devices...
         Starting Load/Save Random Seed...
[[0;32m  OK  [0m] Mounted Configuration File System.
[[0;32m  OK  [0m] Started Apply Kernel Variables.
[[0;32m  OK  [0m] Started Journal Service.
         Starting Flush Journal to Persistent Storage...
[[0;32m  OK  [0m] Started Load/Save Random Seed.
[[0;32m  OK  [0m] Started Create Static Device Nodes in /dev.
[   11.043920] systemd-journald[84]: Received request to flush runtime journal from PID 1
         Starting udev Kernel Device Manager...
[[0;32m  OK  [0m] Reached target Local File Systems (Pre).
[[0;32m  OK  [0m] Reached target Local File Systems.
         Starting Raise network interfaces...
[[0;32m  OK  [0m] Started Flush Journal to Persistent Storage.
         Starting Create Volatile Files and Directories...
[[0;32m  OK  [0m] Started udev Kernel Device Manager.
[[0;32m  OK  [0m] Started Create Volatile Files and Directories.
         Starting Network Time Synchronization...
         Starting Update UTMP about System Boot/Shutdown...
[[0;32m  OK  [0m] Started Update UTMP about System Boot/Shutdown.
[[0;32m  OK  [0m] Started Network Time Synchronization.
[[0;32m  OK  [0m] Reached target System Time Synchronized.
[[0;32m  OK  [0m] Started udev Coldplug all Devices.
[[0;32m  OK  [0m] Reached target System Initialization.
[[0;32m  OK  [0m] Started Daily Cleanup of Temporary Directories.
[[0;32m  OK  [0m] Listening on D-Bus System Message Bus Socket.
[[0;32m  OK  [0m] Started Daily apt download activities.
[[0;32m  OK  [0m] Started Daily apt upgrade and clean activities.
[[0;32m  OK  [0m] Reached target Timers.
[[0;32m  OK  [0m] Listening on Avahi mDNS/DNS-SD Stack Activation Socket.
[[0;32m  OK  [0m] Reached target Sockets.
[[0;32m  OK  [0m] Reached target Basic System.
[   14.667852] remoteproc remoteproc0: wkup_m3 is available
         Starting Login Service...
[   14.790999] omap_rtc 44e3e000.rtc: registered as rtc0
[   14.796362] omap_rtc 44e3e000.rtc: setting system clock to 2000-01-01T00:00:01 UTC (946684801)
         Starting Cape Manager Service...
[[0;32m  OK  [0m] Started Regular background program processing daemon.
         Starting DUN service...
[   15.205099] omap_wdt: OMAP Watchdog Timer Rev 0x01: initial timeout 60 sec
[   15.324378] am335x-phy-driver 47401300.usb-phy: dummy supplies not allowed for exclusive requests
[   15.461735] at24 2-0054: supply vcc not found, using dummy regulator
         Starting Generic Board Startup...
[   15.529187] am335x-phy-driver 47401b00.usb-phy: dummy supplies not allowed for exclusive requests
[   15.563795] at24 2-0055: supply vcc not found, using dummy regulator
         Starting LSB: Load kernel modules needed to enable cpufreq scaling...
[   15.694548] at24 2-0056: supply vcc not found, using dummy regulator
         Starting LSB: Start busybox udhcpd at boot time...
[   15.806571] at24 2-0057: supply vcc not found, using dummy regulator
[   15.932977] at24 0-0050: 32768 byte 24c256 EEPROM, writable, 1 bytes/write
[[0;32m  OK  [0m] Started D-Bus System Message Bus.
[   16.080015] tps6521x_pwrbutton tps65217-pwrbutton: DMA mask not set
[   16.154559] wkup_m3_ipc 44e11324.wkup_m3_ipc: IPC Request for A8->M3 Channel failed! -517
[   16.191038] wkup_m3_ipc 44e11324.wkup_m3_ipc: IPC Request for A8->M3 Channel failed! -517
[   16.220761] input: tps65217_pwrbutton as /devices/platform/ocp/44c00000.interconnect/44c00000.interconnect:segment@200000/44e0b000.target-module/44e0b000.i2c/i2c-0/0-0024/tps65217-pwrbutton/input/input0
[   16.349850] wkup_m3_ipc 44e11324.wkup_m3_ipc: IPC Request for A8->M3 Channel failed! -517
[   16.961020] usbcore: registered new interface driver usbfs
[   16.966867] usbcore: registered new interface driver hub
[   16.972590] usbcore: registered new device driver usb
[   17.206562] tda998x 0-0070: found TDA19988
[   17.305169] wkup_m3_ipc 44e11324.wkup_m3_ipc: IPC Request for A8->M3 Channel failed! -517
[   17.664272] wkup_m3_ipc 44e11324.wkup_m3_ipc: IPC Request for A8->M3 Channel failed! -517
[   17.767585] musb-hdrc musb-hdrc.1: MUSB HDRC host driver
[   17.773226] musb-hdrc musb-hdrc.1: new USB bus registered, assigned bus number 1
[   17.797293] wkup_m3_ipc 44e11324.wkup_m3_ipc: IPC Request for A8->M3 Channel failed! -517
[   17.876998] omap-mailbox 480c8000.mailbox: omap mailbox rev 0x400
[   17.955365] usb usb1: New USB device found, idVendor=1d6b, idProduct=0002, bcdDevice= 6.06
[   17.963885] usb usb1: New USB device strings: Mfr=3, Product=2, SerialNumber=1
[   17.971151] usb usb1: Product: MUSB HDRC host driver
[   17.976221] usb usb1: Manufacturer: Linux 6.6.107 musb-hcd
[   17.981764] usb usb1: SerialNumber: musb-hdrc.1
[   18.011908] remoteproc remoteproc0: powering up wkup_m3
[   18.140487] hub 1-0:1.0: USB hub found
[   18.180846] remoteproc remoteproc0: Direct firmware load for am335x-pm-firmware.elf failed with error -2
[   18.190705] remoteproc remoteproc0: request_firmware failed: -2
[   18.196723] wkup_m3_ipc 44e11324.wkup_m3_ipc: rproc_boot failed
[   18.214877] hub 1-0:1.0: 1 port detected
[   19.783442] tilcdc 4830e000.lcdc: bound 0-0070 (ops tda998x_audio_codec_init [tda998x])
[   19.930951] [drm] Initialized tilcdc 1.0.0 20121205 for 4830e000.lcdc on minor 0
[   19.981764] omap_rng 48310000.rng: Random Number Generator ver. 20
[   20.056750] tilcdc 4830e000.lcdc: [drm] Cannot find any crtc or sizes
[   20.087155] tilcdc 4830e000.lcdc: [drm] Cannot find any crtc or sizes
[[0;32m  OK  [0m] Started DUN service.
         Starting Connection service...
         Starting Telephony service...
         Starting Avahi mDNS/DNS-SD Stack...
         Starting System Logging Service...
[[0;32m  OK  [0m] Started Cape Manager Service.
[   21.369667] omap-sham 53100000.sham: hw accel on OMAP rev 4.3
[   21.501882] omap-sham 53100000.sham: will run requests pump with realtime priority
[   21.549286] PM: Cannot get wkup_m3_ipc handle
[[0;32m  OK  [0m] Found device /dev/ttyS0.
[   21.717555] omap-aes 53500000.aes: OMAP AES hw accel rev: 3.2
[   21.863999] omap-aes 53500000.aes: will run requests pump with realtime priority
[   21.878003] PM: Cannot get wkup_m3_ipc handle
[[0;32m  OK  [0m] Started System Logging Service.
[   23.358667] Bluetooth: Core ver 2.22
[   23.362633] NET: Registered PF_BLUETOOTH protocol family
[   23.367982] Bluetooth: HCI device and connection manager initialized
[   23.374466] Bluetooth: HCI socket layer initialized
[   23.379377] Bluetooth: L2CAP socket layer initialized
[   23.384515] Bluetooth: SCO socket layer initialized
[[0;32m  OK  [0m] Started LSB: Start busybox udhcpd at boot time.
[   25.527106] PM: Cannot get wkup_m3_ipc handle
[   25.633074] PM: Cannot get wkup_m3_ipc handle
[[0;32m  OK  [0m] Started LSB: Load kernel modules needed to enable cpufreq scaling.
[   27.921572] configfs-gadget.g_multi gadget.0: HOST MAC 1c:ba:8c:a2:ed:6c
[   27.928350] configfs-gadget.g_multi gadget.0: MAC 1c:ba:8c:a2:ed:70
[   27.935643] configfs-gadget.g_multi gadget.0: HOST MAC 1c:ba:8c:a2:ed:6c
[   27.942489] configfs-gadget.g_multi gadget.0: MAC 1c:ba:8c:a2:ed:6d
[   27.949761] PM: Cannot get wkup_m3_ipc handle
[[0;32m  OK  [0m] Started Raise network interfaces.
[[0;32m  OK  [0m] Started Telephony service.
[[0;32m  OK  [0m] Started Connection service.
[[0;32m  OK  [0m] Started Avahi mDNS/DNS-SD Stack.
[[0;32m  OK  [0m] Started Login Service.
         Starting Hostname Service...
         Starting WPA supplicant...
[[0;32m  OK  [0m] Reached target Sound Card.
         Starting LSB: set CPUFreq kernel parameters...
[[0;32m  OK  [0m] Started WPA supplicant.
[[0;32m  OK  [0m] Started Hostname Service.
[[0;32m  OK  [0m] Reached target Network.
         Starting Permit User Sessions...
         Starting The Apache HTTP Server...
         Starting OpenBSD Secure Shell server...
[[0;32m  OK  [0m] Reached target Network is Online.
         Starting LSB: Advanced IEEE 802.11 management daemon...
[[0;32m  OK  [0m] Started Permit User Sessions.
[[0;32m  OK  [0m] Started LSB: set CPUFreq kernel parameters.
[[0;32m  OK  [0m] Started LSB: Advanced IEEE 802.11 management daemon.
[[0;32m  OK  [0m] Started Getty on tty1.
[[0;32m  OK  [0m] Started Serial Getty on ttyS0.
[[0;32m  OK  [0m] Reached target Login Prompts.
         Stopping LSB: Start busybox udhcpd at boot time...
[[0;32m  OK  [0m] Stopped LSB: Start busybox udhcpd at boot time.
[[0;32m  OK  [0m] Started OpenBSD Secure Shell server.
         Starting dnsmasq - A lightweight DHCP and caching DNS server...
[[0;32m  OK  [0m] Started The Apache HTTP Server.
[[0;32m  OK  [0m] Started dnsmasq - A lightweight DHCP and caching DNS server.
[[0;32m  OK  [0m] Reached target Host and Network Name Lookups.
[[0;32m  OK  [0m] Started Serial Getty on ttyGS0.
[[0;32m  OK  [0m] Started Generic Board Startup.
[[0;32m  OK  [0m] Reached target Multi-User System.
[[0;32m  OK  [0m] Reached target Graphical Interface.
         Starting Update UTMP about System Runlevel Changes...
[[0;32m  OK  [0m] Started Update UTMP about System Runlevel Changes.

Debian GNU/Linux 9 arm ttyS0

default username:password is [debian:temppwd]

arm login: root
Password: 
Last login: Sat Jan  1 00:00:33 UTC 2000 on ttyS0
root
Linux arm 6.6.107 #1 SMP Fri Sep 19 18:54:01 EEST 2025 armv7l

The programs included with the Debian GNU/Linux system are free software;
the exact distribution terms for each program are described in the
individual files in /usr/share/doc/*/copyright.

Debian GNU/Linux comes with ABSOLUTELY NO WARRANTY, to the extent
permitted by applicable law.
root@arm:~# root
-bash: root: command not found
root@arm:~# dmesg -n 1
root@arm:~# echo 'LVBS''WXAHOZ'
LVBSWXAHOZ
root@arm:~# run() { echo -n "$MARKER"; sh -c "$@"; echo "$MARKER $?"; }
root@arm:~# echo 'WZQN''KZKNOL'
WZQNKZKNOL
root@arm:~# MARKER='KWQG''VAVVFY' run 'cat /proc/version'
KWQGVAVVFYLinux version 6.6.107 (user01@drvtest01) (arm-none-eabi-gcc (Arm GNU Toolchain 14.2.Rel1 (Build arm-14.52)) 14.2.1 20241119, GNU ld (Arm GNU Toolchain 14.2.Rel1 (Build arm-14.52)) 2.43.1.20241119) #1 SMP Fri Sep 19 18:54:01 EEST 2025
KWQGVAVVFY 0
root@arm:~# echo 'GNVS''KKSLKM'
GNVSKKSLKM
root@arm:~# MARKER='BXWY''CLUFJS' run false
BXWYCLUFJSBXWYCLUFJS 1
root@arm:~# Labgrid Console Logfile for main
Logfile started at 2025-09-19 18:57:00.280359
=== Log starts here ===

root@arm:~# run() { echo -n "$MARKER"; sh -c "$@"; echo "$MARKER $?"; }
root@arm:~# echo 'CBGX''VPFCYJ'
CBGXVPFCYJ
root@arm:~# MARKER='VGMJ''SVHQMG' run 'ls /iio_generic_buffer; echo $?'
VGMJSVHQMG/iio_generic_buffer
0
VGMJSVHQMG 0
root@arm:~# Labgrid Console Logfile for main
Logfile started at 2025-09-19 18:57:03.953580
=== Log starts here ===

root@arm:~# run() { echo -n "$MARKER"; sh -c "$@"; echo "$MARKER $?"; }
root@arm:~# echo 'BGPN''OCNCNN'
BGPNOCNCNN
root@arm:~# MARKER='YHSB''QQCVBC' run dmesg
YHSBQQCVBC[    0.000000] Booting Linux on physical CPU 0x0
[    0.000000] Linux version 6.6.107 (user01@drvtest01) (arm-none-eabi-gcc (Arm GNU Toolchain 14.2.Rel1 (Build arm-14.52)) 14.2.1 20241119, GNU ld (Arm GNU Toolchain 14.2.Rel1 (Build arm-14.52)) 2.43.1.20241119) #1 SMP Fri Sep 19 18:54:01 EEST 2025
[    0.000000] CPU: ARMv7 Processor [413fc082] revision 2 (ARMv7), cr=10c5387d
[    0.000000] CPU: PIPT / VIPT nonaliasing data cache, VIPT aliasing instruction cache
[    0.000000] OF: fdt: Machine model: TI AM335x BeagleBone Black
[    0.000000] Memory policy: Data cache writeback
[    0.000000] cma: Reserved 16 MiB at 0x9e800000 on node -1
[    0.000000] Zone ranges:
[    0.000000]   Normal   [mem 0x0000000080000000-0x000000009fdfffff]
[    0.000000]   HighMem  empty
[    0.000000] Movable zone start for each node
[    0.000000] Early memory node ranges
[    0.000000]   node   0: [mem 0x0000000080000000-0x000000009fdfffff]
[    0.000000] Initmem setup node 0 [mem 0x0000000080000000-0x000000009fdfffff]
[    0.000000] CPU: All CPU(s) started in SVC mode.
[    0.000000] AM335X ES2.1 (sgx neon)
[    0.000000] percpu: Embedded 16 pages/cpu s36116 r8192 d21228 u65536
[    0.000000] pcpu-alloc: s36116 r8192 d21228 u65536 alloc=16*4096
[    0.000000] pcpu-alloc: [0] 0 
[    0.000000] Kernel command line: console=ttyO0,115200n8 root=/dev/nfs rw nfsroot=192.168.255.126:/home/user01/nfs,nfsvers=3 ip=192.168.255.1:192.168.255.126::255.255.255.0:bbb1:eth0 nfsrootdebug
[    0.000000] Unknown kernel command line parameters "nfsrootdebug", will be passed to user space.
[    0.000000] Dentry cache hash table entries: 65536 (order: 6, 262144 bytes, linear)
[    0.000000] Inode-cache hash table entries: 32768 (order: 5, 131072 bytes, linear)
[    0.000000] Built 1 zonelists, mobility grouping on.  Total pages: 129412
[    0.000000] mem auto-init: stack:off, heap alloc:off, heap free:off
[    0.000000] Memory: 483604K/522240K available (11264K kernel code, 1165K rwdata, 2704K rodata, 1024K init, 282K bss, 22252K reserved, 16384K cma-reserved, 0K highmem)
[    0.000000] SLUB: HWalign=64, Order=0-3, MinObjects=0, CPUs=1, Nodes=1
[    0.000000] rcu: Hierarchical RCU implementation.
[    0.000000] rcu: 	RCU event tracing is enabled.
[    0.000000] rcu: 	RCU restricting CPUs from NR_CPUS=2 to nr_cpu_ids=1.
[    0.000000] rcu: RCU calculated value of scheduler-enlistment delay is 10 jiffies.
[    0.000000] rcu: Adjusting geometry for rcu_fanout_leaf=16, nr_cpu_ids=1
[    0.000000] NR_IRQS: 16, nr_irqs: 16, preallocated irqs: 16
[    0.000000] IRQ: Found an INTC at 0x(ptrval) (revision 5.0) with 128 interrupts
[    0.000000] rcu: srcu_init: Setting srcu_struct sizes based on contention.
[    0.000000] TI gptimer clocksource: always-on /ocp/interconnect@44c00000/segment@200000/target-module@31000
[    0.000004] sched_clock: 32 bits at 24MHz, resolution 41ns, wraps every 89478484971ns
[    0.000027] clocksource: dmtimer: mask: 0xffffffff max_cycles: 0xffffffff, max_idle_ns: 79635851949 ns
[    0.000518] TI gptimer clockevent: 24000000 Hz at /ocp/interconnect@48000000/segment@0/target-module@40000
[    0.002084] Console: colour dummy device 80x30
[    0.002136] WARNING: Your 'console=ttyO0' has been replaced by 'ttyS0'
[    0.002144] This ensures that you still see kernel messages. Please
[    0.002148] update your kernel commandline.
[    0.002189] Calibrating delay loop... 996.14 BogoMIPS (lpj=4980736)
[    0.090572] CPU: Testing write buffer coherency: ok
[    0.090671] CPU0: Spectre v2: using BPIALL workaround
[    0.090683] pid_max: default: 32768 minimum: 301
[    0.090796] LSM: initializing lsm=capability,integrity
[    0.090966] Mount-cache hash table entries: 1024 (order: 0, 4096 bytes, linear)
[    0.090985] Mountpoint-cache hash table entries: 1024 (order: 0, 4096 bytes, linear)
[    0.092454] CPU0: thread -1, cpu 0, socket -1, mpidr 0
[    0.094034] Setting up static identity map for 0x80100000 - 0x80100078
[    0.094322] rcu: Hierarchical SRCU implementation.
[    0.094333] rcu: 	Max phase no-delay instances is 1000.
[    0.095694] smp: Bringing up secondary CPUs ...
[    0.095749] smp: Brought up 1 node, 1 CPU
[    0.095762] SMP: Total of 1 processors activated (996.14 BogoMIPS).
[    0.095774] CPU: All CPU(s) started in SVC mode.
[    0.096648] devtmpfs: initialized
[    0.113744] VFP support v0.3: implementor 41 architecture 3 part 30 variant c rev 3
[    0.114101] clocksource: jiffies: mask: 0xffffffff max_cycles: 0xffffffff, max_idle_ns: 19112604462750000 ns
[    0.114136] futex hash table entries: 256 (order: 2, 16384 bytes, linear)
[    0.115432] pinctrl core: initialized pinctrl subsystem
[    0.117587] NET: Registered PF_NETLINK/PF_ROUTE protocol family
[    0.120120] DMA: preallocated 256 KiB pool for atomic coherent allocations
[    0.120950] audit: initializing netlink subsys (disabled)
[    0.122300] thermal_sys: Registered thermal governor 'fair_share'
[    0.122322] thermal_sys: Registered thermal governor 'step_wise'
[    0.122328] thermal_sys: Registered thermal governor 'user_space'
[    0.122439] audit: type=2000 audit(0.120:1): state=initialized audit_enabled=0 res=1
[    0.122518] cpuidle: using governor menu
[    0.138854] /ocp/interconnect@44c00000/segment@200000/target-module@b000/i2c@0/tda19988@70: Fixed dependency cycle(s) with /ocp/interconnect@48000000/segment@300000/target-module@e000/lcdc@0
[    0.139914] /ocp/interconnect@48000000/segment@300000/target-module@e000/lcdc@0: Fixed dependency cycle(s) with /ocp/interconnect@44c00000/segment@200000/target-module@b000/i2c@0/tda19988@70
[    0.142140] No ATAGs?
[    0.142159] hw-breakpoint: debug architecture 0x4 unsupported.
[    0.145171] kprobes: kprobe jump-optimization is enabled. All kprobes are optimized if possible.
[    0.163169] iommu: Default domain type: Translated
[    0.163189] iommu: DMA domain TLB invalidation policy: strict mode
[    0.164622] SCSI subsystem initialized
[    0.165444] reg-fixed-voltage fixedregulator0: using DT '/fixedregulator0' for '(null)' GPIO lookup
[    0.165496] of_get_named_gpiod_flags: can't parse 'gpios' property of node '/fixedregulator0[0]'
[    0.165525] of_get_named_gpiod_flags: can't parse 'gpio' property of node '/fixedregulator0[0]'
[    0.165543] reg-fixed-voltage fixedregulator0: using lookup tables for GPIO lookup
[    0.165554] reg-fixed-voltage fixedregulator0: No GPIO consumer (null) found
[    0.166086] libata version 3.00 loaded.
[    0.166432] pps_core: LinuxPPS API ver. 1 registered
[    0.166443] pps_core: Software ver. 5.3.6 - Copyright 2005-2007 Rodolfo Giometti <giometti@linux.it>
[    0.166469] PTP clock support registered
[    0.170970] vgaarb: loaded
[    0.171303] clocksource: Switched to clocksource dmtimer
[    0.171924] VFS: Disk quotas dquot_6.6.0
[    0.171986] VFS: Dquot-cache hash table entries: 1024 (order 0, 4096 bytes)
[    0.202734] NET: Registered PF_INET protocol family
[    0.203069] IP idents hash table entries: 8192 (order: 4, 65536 bytes, linear)
[    0.204389] tcp_listen_portaddr_hash hash table entries: 512 (order: 0, 4096 bytes, linear)
[    0.204426] Table-perturb hash table entries: 65536 (order: 6, 262144 bytes, linear)
[    0.204443] TCP established hash table entries: 4096 (order: 2, 16384 bytes, linear)
[    0.204487] TCP bind hash table entries: 4096 (order: 4, 65536 bytes, linear)
[    0.204588] TCP: Hash tables configured (established 4096 bind 4096)
[    0.204716] UDP hash table entries: 256 (order: 1, 8192 bytes, linear)
[    0.204744] UDP-Lite hash table entries: 256 (order: 1, 8192 bytes, linear)
[    0.204918] NET: Registered PF_UNIX/PF_LOCAL protocol family
[    0.206078] RPC: Registered named UNIX socket transport module.
[    0.206099] RPC: Registered udp transport module.
[    0.206104] RPC: Registered tcp transport module.
[    0.206109] RPC: Registered tcp-with-tls transport module.
[    0.206115] RPC: Registered tcp NFSv4.1 backchannel transport module.
[    0.206138] PCI: CLS 0 bytes, default 64
[    0.207725] Initialise system trusted keyrings
[    0.212274] workingset: timestamp_bits=14 max_order=17 bucket_order=3
[    0.222149] NFS: Registering the id_resolver key type
[    0.222235] Key type id_resolver registered
[    0.222242] Key type id_legacy registered
[    0.222298] jffs2: version 2.2. (NAND) (SUMMARY)  Â© 2001-2006 Red Hat, Inc.
[    0.222715] Key type asymmetric registered
[    0.222730] Asymmetric key parser 'x509' registered
[    0.222802] io scheduler mq-deadline registered
[    0.222814] io scheduler kyber registered
[    0.222878] io scheduler bfq registered
[    0.225583] hw perfevents: enabled with armv7_cortex_a8 PMU driver, 5 counters available
[    0.233869] l3-aon-clkctrl:0000:0: failed to disable
[    0.241510] Serial: 8250/16550 driver, 6 ports, IRQ sharing enabled
[    0.285535] brd: module loaded
[    0.299619] loop: module loaded
[    0.300546] mtdoops: mtd device (mtddev=name/number) must be supplied
[    0.302207] mdio_bus fixed-0: using lookup tables for GPIO lookup
[    0.302232] mdio_bus fixed-0: No GPIO consumer reset found
[    0.303466] i2c_dev: i2c /dev entries driver
[    0.304445] cpuidle: enable-method property 'ti,am3352' found operations
[    0.304899] sdhci: Secure Digital Host Controller Interface driver
[    0.304909] sdhci: Copyright(c) Pierre Ossman
[    0.305099] sdhci-pltfm: SDHCI platform and OF driver helper
[    0.319035] ledtrig-cpu: registered to indicate activity on CPUs
[    0.319872] Initializing XFRM netlink socket
[    0.320000] NET: Registered PF_INET6 protocol family
[    0.337150] Segment Routing with IPv6
[    0.337228] In-situ OAM (IOAM) with IPv6
[    0.337340] sit: IPv6, IPv4 and MPLS over IPv4 tunneling driver
[    0.338305] NET: Registered PF_PACKET protocol family
[    0.338336] NET: Registered PF_KEY protocol family
[    0.338469] Key type dns_resolver registered
[    0.338687] ThumbEE CPU extension supported.
[    0.338710] Registering SWP/SWPB emulation handler
[    0.339222] omap_voltage_late_init: Voltage driver support not added
[    0.339874] SmartReflex Class3 initialized
[    0.368285] Loading compiled-in X.509 certificates
[    0.407358] /ocp/interconnect@44c00000/segment@200000/target-module@b000/i2c@0/tda19988@70: Fixed dependency cycle(s) with /ocp/interconnect@48000000/segment@300000/target-module@e000/lcdc@0
[    0.413658] /ocp/interconnect@44c00000/segment@200000/target-module@b000/i2c@0/tda19988@70: Fixed dependency cycle(s) with /ocp/interconnect@48000000/segment@300000/target-module@e000/lcdc@0
[    0.418947] gpiochip_find_base: found new base at 512
[    0.421592] /ocp/interconnect@44c00000/segment@200000/target-module@b000/i2c@0/tda19988@70: Fixed dependency cycle(s) with /ocp/interconnect@48000000/segment@300000/target-module@e000/lcdc@0
[    0.422520] /ocp/interconnect@44c00000/segment@200000/target-module@b000/i2c@0/tda19988@70: Fixed dependency cycle(s) with /ocp/interconnect@48000000/segment@300000/target-module@e000/lcdc@0
[    0.425808] /ocp/interconnect@44c00000/segment@200000/target-module@10000/scm@0/pinmux@800: Fixed dependency cycle(s) with /ocp/interconnect@44c00000/segment@200000/target-module@10000/scm@0/pinmux@800/clkout2-pins
[    0.426421] pinctrl-single 44e10800.pinmux: 142 pins, size 568
[    0.431583] ti-sysc: probe of 44e31000.target-module failed with error -16
[    0.460913] /ocp/interconnect@48000000/segment@300000/target-module@e000/lcdc@0: Fixed dependency cycle(s) with /ocp/interconnect@44c00000/segment@200000/target-module@b000/i2c@0/tda19988@70
[    0.468892] ti-sysc: probe of 48040000.target-module failed with error -16
[    0.480010] gpiochip_find_base: found new base at 512
[    0.480081] gpio gpiochip0: (gpio-0-31): created GPIO range 0->7 ==> 44e10800.pinmux PIN 0->7
[    0.480100] gpio gpiochip0: (gpio-0-31): created GPIO range 8->11 ==> 44e10800.pinmux PIN 90->93
[    0.480115] gpio gpiochip0: (gpio-0-31): created GPIO range 12->27 ==> 44e10800.pinmux PIN 12->27
[    0.480131] gpio gpiochip0: (gpio-0-31): created GPIO range 28->31 ==> 44e10800.pinmux PIN 30->33
[    0.499950] gpio gpiochip0: (gpio-0-31): added GPIO chardev (254:0)
[    0.500102] gpio gpiochip0: registered GPIOs 512 to 543 on gpio-0-31
[    0.500186] OMAP GPIO hardware version 0.1
[    0.525794] i2c i2c-2: using DT '/ocp/interconnect@48000000/segment@100000/target-module@9c000/i2c@0' for 'scl' GPIO lookup
[    0.525870] of_get_named_gpiod_flags: can't parse 'scl-gpios' property of node '/ocp/interconnect@48000000/segment@100000/target-module@9c000/i2c@0[0]'
[    0.525915] of_get_named_gpiod_flags: can't parse 'scl-gpio' property of node '/ocp/interconnect@48000000/segment@100000/target-module@9c000/i2c@0[0]'
[    0.525950] i2c i2c-2: using lookup tables for GPIO lookup
[    0.525960] i2c i2c-2: No GPIO consumer scl found
[    0.525982] i2c i2c-2: using DT '/ocp/interconnect@48000000/segment@100000/target-module@9c000/i2c@0' for 'sda' GPIO lookup
[    0.526017] of_get_named_gpiod_flags: can't parse 'sda-gpios' property of node '/ocp/interconnect@48000000/segment@100000/target-module@9c000/i2c@0[0]'
[    0.526055] of_get_named_gpiod_flags: can't parse 'sda-gpio' property of node '/ocp/interconnect@48000000/segment@100000/target-module@9c000/i2c@0[0]'
[    0.526086] i2c i2c-2: using lookup tables for GPIO lookup
[    0.526094] i2c i2c-2: No GPIO consumer sda found
[    0.526794] omap_i2c 4819c000.i2c: bus 2 rev0.11 at 100 kHz
[    0.532358] gpiochip_find_base: found new base at 544
[    0.532427] gpio gpiochip1: (gpio-32-63): created GPIO range 0->17 ==> 44e10800.pinmux PIN 34->51
[    0.532446] gpio gpiochip1: (gpio-32-63): created GPIO range 18->21 ==> 44e10800.pinmux PIN 77->80
[    0.532462] gpio gpiochip1: (gpio-32-63): created GPIO range 22->31 ==> 44e10800.pinmux PIN 56->65
[    0.543256] gpio gpiochip1: (gpio-32-63): added GPIO chardev (254:1)
[    0.543408] gpio gpiochip1: registered GPIOs 544 to 575 on gpio-32-63
[    0.545618] gpiochip_find_base: found new base at 576
[    0.545678] gpio gpiochip2: (gpio-64-95): created GPIO range 0->4 ==> 44e10800.pinmux PIN 66->70
[    0.545698] gpio gpiochip2: (gpio-64-95): created GPIO range 5->6 ==> 44e10800.pinmux PIN 98->99
[    0.545713] gpio gpiochip2: (gpio-64-95): created GPIO range 7->8 ==> 44e10800.pinmux PIN 75->76
[    0.545728] gpio gpiochip2: (gpio-64-95): created GPIO range 13->13 ==> 44e10800.pinmux PIN 141->141
[    0.545744] gpio gpiochip2: (gpio-64-95): created GPIO range 14->21 ==> 44e10800.pinmux PIN 100->107
[    0.547170] gpio gpiochip2: (gpio-64-95): added GPIO chardev (254:2)
[    0.547316] gpio gpiochip2: registered GPIOs 576 to 607 on gpio-64-95
[    0.553903] /ocp/interconnect@48000000/segment@300000/target-module@e000/lcdc@0: Fixed dependency cycle(s) with /ocp/interconnect@44c00000/segment@200000/target-module@b000/i2c@0/tda19988@70
[    0.556660] /ocp/interconnect@48000000/segment@300000/target-module@e000/lcdc@0: Fixed dependency cycle(s) with /ocp/interconnect@44c00000/segment@200000/target-module@b000/i2c@0/tda19988@70
[    0.557346] /ocp/interconnect@44c00000/segment@200000/target-module@b000/i2c@0/tda19988@70: Fixed dependency cycle(s) with /ocp/interconnect@48000000/segment@300000/target-module@e000/lcdc@0
[    0.557516] /ocp/interconnect@48000000/segment@300000/target-module@e000/lcdc@0: Fixed dependency cycle(s) with /ocp/interconnect@44c00000/segment@200000/target-module@b000/i2c@0/tda19988@70
[    0.566902] mdio_bus 4a101000.mdio: using DT '/ocp/interconnect@4a000000/segment@0/target-module@100000/switch@0/mdio@1000' for 'reset' GPIO lookup
[    0.566975] of_get_named_gpiod_flags: can't parse 'reset-gpios' property of node '/ocp/interconnect@4a000000/segment@0/target-module@100000/switch@0/mdio@1000[0]'
[    0.567023] of_get_named_gpiod_flags: can't parse 'reset-gpio' property of node '/ocp/interconnect@4a000000/segment@0/target-module@100000/switch@0/mdio@1000[0]'
[    0.567070] mdio_bus 4a101000.mdio: using lookup tables for GPIO lookup
[    0.567080] mdio_bus 4a101000.mdio: No GPIO consumer reset found
[    0.568068] sdhci-omap 481d8000.mmc: using DT '/ocp/interconnect@48000000/segment@100000/target-module@d8000/mmc@0' for 'wp' GPIO lookup
[    0.568137] of_get_named_gpiod_flags: can't parse 'wp-gpios' property of node '/ocp/interconnect@48000000/segment@100000/target-module@d8000/mmc@0[0]'
[    0.568183] of_get_named_gpiod_flags: can't parse 'wp-gpio' property of node '/ocp/interconnect@48000000/segment@100000/target-module@d8000/mmc@0[0]'
[    0.568216] sdhci-omap 481d8000.mmc: using lookup tables for GPIO lookup
[    0.568226] sdhci-omap 481d8000.mmc: No GPIO consumer wp found
[    0.568413] sdhci-omap 481d8000.mmc: supply pbias not found, using dummy regulator
[    0.568883] sdhci-omap 481d8000.mmc: supply vqmmc not found, using dummy regulator
[    0.643341] davinci_mdio 4a101000.mdio: davinci mdio revision 1.6, bus freq 1000000
[    0.657060] mdio_bus 4a101000.mdio:00: using DT '/ocp/interconnect@4a000000/segment@0/target-module@100000/switch@0/mdio@1000/ethernet-phy@0' for 'reset' GPIO lookup
[    0.657166] of_get_named_gpiod_flags: parsed 'reset-gpios' property of node '/ocp/interconnect@4a000000/segment@0/target-module@100000/switch@0/mdio@1000/ethernet-phy@0[0]' - status (0)
[    0.657329] gpio gpiochip0: Persistence not supported for GPIO 8
[    0.826948] davinci_mdio 4a101000.mdio: phy[0]: device 4a101000.mdio:00, driver SMSC LAN8710/LAN8720
[    0.827591] cpsw-switch 4a100000.switch: initialized cpsw ale version 1.4
[    0.827612] cpsw-switch 4a100000.switch: ALE Table size 1024
[    0.827912] cpsw-switch 4a100000.switch: cpts: overflow check period 500 (jiffies)
[    0.827933] cpsw-switch 4a100000.switch: CPTS: ref_clk_freq:250000000 calc_mult:2147483648 calc_shift:29 error:0 nsec/sec
[    0.828032] cpsw-switch 4a100000.switch: Detected MACID = 6c:ec:eb:68:de:78
[    0.829869] cpsw-switch 4a100000.switch: initialized (regs 0x4a100000, pool size 256) hw_ver:0019010C 1.12 (0)
[    0.840662] debugfs: Directory '49000000.dma' with parent 'dmaengine' already present!
[    0.840707] edma 49000000.dma: TI EDMA DMA engine driver
[    0.879713] gpio-clk clk_mcasp0: using DT '/clk_mcasp0' for 'enable' GPIO lookup
[    0.879794] of_get_named_gpiod_flags: parsed 'enable-gpios' property of node '/clk_mcasp0[0]' - status (0)
[    0.879836] gpio gpiochip0: Persistence not supported for GPIO 27
[    0.880685] gpiochip_find_base: found new base at 608
[    0.880751] gpio gpiochip3: (gpio-96-127): created GPIO range 0->7 ==> 44e10800.pinmux PIN 82->89
[    0.880770] gpio gpiochip3: (gpio-96-127): created GPIO range 8->11 ==> 44e10800.pinmux PIN 52->55
[    0.880785] gpio gpiochip3: (gpio-96-127): created GPIO range 12->15 ==> 44e10800.pinmux PIN 94->97
[    0.880801] gpio gpiochip3: (gpio-96-127): created GPIO range 16->17 ==> 44e10800.pinmux PIN 71->72
[    0.880816] gpio gpiochip3: (gpio-96-127): created GPIO range 18->18 ==> 44e10800.pinmux PIN 135->135
[    0.880832] gpio gpiochip3: (gpio-96-127): created GPIO range 19->20 ==> 44e10800.pinmux PIN 108->109
[    0.880849] gpio gpiochip3: (gpio-96-127): created GPIO range 21->21 ==> 44e10800.pinmux PIN 73->73
[    0.880865] gpio gpiochip3: (gpio-96-127): created GPIO range 22->23 ==> 44e10800.pinmux PIN 8->9
[    0.880882] gpio gpiochip3: (gpio-96-127): created GPIO range 26->27 ==> 44e10800.pinmux PIN 10->11
[    0.880899] gpio gpiochip3: (gpio-96-127): created GPIO range 28->28 ==> 44e10800.pinmux PIN 74->74
[    0.880917] gpio gpiochip3: (gpio-96-127): created GPIO range 29->29 ==> 44e10800.pinmux PIN 81->81
[    0.880935] gpio gpiochip3: (gpio-96-127): created GPIO range 30->31 ==> 44e10800.pinmux PIN 28->29
[    0.892024] gpio gpiochip3: (gpio-96-127): added GPIO chardev (254:3)
[    0.892178] gpio gpiochip3: registered GPIOs 608 to 639 on gpio-96-127
[    0.894112] omap8250 44e09000.serial: using DT '/ocp/interconnect@44c00000/segment@200000/target-module@9000/serial@0' for 'rs485-term' GPIO lookup
[    0.894186] of_get_named_gpiod_flags: can't parse 'rs485-term-gpios' property of node '/ocp/interconnect@44c00000/segment@200000/target-module@9000/serial@0[0]'
[    0.894231] of_get_named_gpiod_flags: can't parse 'rs485-term-gpio' property of node '/ocp/interconnect@44c00000/segment@200000/target-module@9000/serial@0[0]'
[    0.894266] omap8250 44e09000.serial: using lookup tables for GPIO lookup
[    0.894277] omap8250 44e09000.serial: No GPIO consumer rs485-term found
[    0.894287] omap8250 44e09000.serial: using DT '/ocp/interconnect@44c00000/segment@200000/target-module@9000/serial@0' for 'rs485-rx-during-tx' GPIO lookup
[    0.894323] of_get_named_gpiod_flags: can't parse 'rs485-rx-during-tx-gpios' property of node '/ocp/interconnect@44c00000/segment@200000/target-module@9000/serial@0[0]'
[    0.894360] of_get_named_gpiod_flags: can't parse 'rs485-rx-during-tx-gpio' property of node '/ocp/interconnect@44c00000/segment@200000/target-module@9000/serial@0[0]'
[    0.894391] omap8250 44e09000.serial: using lookup tables for GPIO lookup
[    0.894399] omap8250 44e09000.serial: No GPIO consumer rs485-rx-during-tx found
[    0.894776] 44e09000.serial: ttyS0 at MMIO 0x44e09000 (irq = 34, base_baud = 3000000) is a 8250
[    0.894859] printk: console [ttyS0] enabled
[    2.135917] i2c i2c-0: using DT '/ocp/interconnect@44c00000/segment@200000/target-module@b000/i2c@0' for 'scl' GPIO lookup
[    2.136003] of_get_named_gpiod_flags: can't parse 'scl-gpios' property of node '/ocp/interconnect@44c00000/segment@200000/target-module@b000/i2c@0[0]'
[    2.136050] of_get_named_gpiod_flags: can't parse 'scl-gpio' property of node '/ocp/interconnect@44c00000/segment@200000/target-module@b000/i2c@0[0]'
[    2.136088] i2c i2c-0: using lookup tables for GPIO lookup
[    2.136100] i2c i2c-0: No GPIO consumer scl found
[    2.136123] i2c i2c-0: using DT '/ocp/interconnect@44c00000/segment@200000/target-module@b000/i2c@0' for 'sda' GPIO lookup
[    2.136162] of_get_named_gpiod_flags: can't parse 'sda-gpios' property of node '/ocp/interconnect@44c00000/segment@200000/target-module@b000/i2c@0[0]'
[    2.136201] of_get_named_gpiod_flags: can't parse 'sda-gpio' property of node '/ocp/interconnect@44c00000/segment@200000/target-module@b000/i2c@0[0]'
[    2.136235] i2c i2c-0: using lookup tables for GPIO lookup
[    2.136245] i2c i2c-0: No GPIO consumer sda found
[    2.162251] tps65217-pmic: Failed to locate of_node [id: -1]
[    2.168292] tps65217-bl: Failed to locate of_node [id: -1]
[    2.179273] tps65217 0-0024: TPS65217 ID 0xe version 1.2
[    2.185426] /ocp/interconnect@48000000/segment@300000/target-module@e000/lcdc@0: Fixed dependency cycle(s) with /ocp/interconnect@44c00000/segment@200000/target-module@b000/i2c@0/tda19988@70
[    2.202769] /ocp/interconnect@44c00000/segment@200000/target-module@b000/i2c@0/tda19988@70: Fixed dependency cycle(s) with /ocp/interconnect@48000000/segment@300000/target-module@e000/lcdc@0
[    2.220123] omap_i2c 44e0b000.i2c: bus 0 rev0.11 at 400 kHz
[    2.227812] sdhci-omap 48060000.mmc: using DT '/ocp/interconnect@48000000/segment@0/target-module@60000/mmc@0' for 'cd' GPIO lookup
[    2.227909] of_get_named_gpiod_flags: parsed 'cd-gpios' property of node '/ocp/interconnect@48000000/segment@0/target-module@60000/mmc@0[0]' - status (0)
[    2.228032] gpio gpiochip3: Persistence not supported for GPIO 6
[    2.228059] omap_gpio 44e07000.gpio: Could not set line 6 debounce to 200000 microseconds (-22)
[    2.236930] sdhci-omap 48060000.mmc: Got CD GPIO
[    2.241604] sdhci-omap 48060000.mmc: using DT '/ocp/interconnect@48000000/segment@0/target-module@60000/mmc@0' for 'wp' GPIO lookup
[    2.241654] of_get_named_gpiod_flags: can't parse 'wp-gpios' property of node '/ocp/interconnect@48000000/segment@0/target-module@60000/mmc@0[0]'
[    2.241697] of_get_named_gpiod_flags: can't parse 'wp-gpio' property of node '/ocp/interconnect@48000000/segment@0/target-module@60000/mmc@0[0]'
[    2.241733] sdhci-omap 48060000.mmc: using lookup tables for GPIO lookup
[    2.241745] sdhci-omap 48060000.mmc: No GPIO consumer wp found
[    2.241941] sdhci-omap 48060000.mmc: supply pbias not found, using dummy regulator
[    2.250918] sdhci-omap 481d8000.mmc: using DT '/ocp/interconnect@48000000/segment@100000/target-module@d8000/mmc@0' for 'wp' GPIO lookup
[    2.251012] of_get_named_gpiod_flags: can't parse 'wp-gpios' property of node '/ocp/interconnect@48000000/segment@100000/target-module@d8000/mmc@0[0]'
[    2.251061] of_get_named_gpiod_flags: can't parse 'wp-gpio' property of node '/ocp/interconnect@48000000/segment@100000/target-module@d8000/mmc@0[0]'
[    2.251097] sdhci-omap 481d8000.mmc: using lookup tables for GPIO lookup
[    2.251108] sdhci-omap 481d8000.mmc: No GPIO consumer wp found
[    2.252080] sdhci-omap 48060000.mmc: supply vqmmc not found, using dummy regulator
[    2.260807] sdhci-omap 481d8000.mmc: supply pbias not found, using dummy regulator
[    2.269721] sdhci-omap 481d8000.mmc: supply vqmmc not found, using dummy regulator
[    2.308828] mmc1: SDHCI controller on 481d8000.mmc [481d8000.mmc] using External DMA
[    2.317796] mmc0: SDHCI controller on 48060000.mmc [48060000.mmc] using External DMA
[    2.326563] cpsw-switch 4a100000.switch: starting ndev. mode: dual_mac
[    2.391564] mmc1: new high speed MMC card at address 0001
[    2.398451] mmcblk1: mmc1:0001 MMC04G 3.60 GiB
[    2.405851]  mmcblk1: p1 p2
[    2.409357] mmc0: new high speed SDHC card at address aaaa
[    2.416643] mmcblk1boot0: mmc1:0001 MMC04G 2.00 MiB
[    2.422939] mmcblk0: mmc0:aaaa SE32G 29.7 GiB
[    2.430821] mmcblk1boot1: mmc1:0001 MMC04G 2.00 MiB
[    2.436993]  mmcblk0: p1 p2
[    2.442039] mmcblk1rpmb: mmc1:0001 MMC04G 128 KiB, chardev (250:0)
[    2.512505] SMSC LAN8710/LAN8720 4a101000.mdio:00: attached PHY driver (mii_bus:phy_addr=4a101000.mdio:00, irq=POLL)
[    5.682044] cpsw-switch 4a100000.switch eth0: Link is Up - 100Mbps/Full - flow control off
[    5.731352] IP-Config: Complete:
[    5.734624]      device=eth0, hwaddr=6c:ec:eb:68:de:78, ipaddr=192.168.255.1, mask=255.255.255.0, gw=255.255.255.255
[    5.745239]      host=bbb1, domain=, nis-domain=(none)
[    5.750402]      bootserver=192.168.255.126, rootserver=192.168.255.126, rootpath=
[    5.750813] clk: Disabling unused clocks
[    5.762668] KTAP version 1
[    5.765397] 1..0
[    5.788416] VFS: Mounted root (nfs filesystem) on device 0:16.
[    5.795462] devtmpfs: mounted
[    5.800077] Freeing unused kernel image (initmem) memory: 1024K
[    5.806961] Run /sbin/init as init process
[    5.811091]   with arguments:
[    5.811101]     /sbin/init
[    5.811109]     nfsrootdebug
[    5.811116]   with environment:
[    5.811124]     HOME=/
[    5.811131]     TERM=linux
[    6.480332] systemd[1]: System time before build time, advancing clock.
[    7.941322] random: crng init done
[    8.012529] systemd[1]: systemd 232 running in system mode. (+PAM +AUDIT +SELINUX +IMA +APPARMOR +SMACK +SYSVINIT +UTMP +LIBCRYPTSETUP +GCRYPT +GNUTLS +ACL +XZ +LZ4 +SECCOMP +BLKID +ELFUTILS +KMOD +IDN)
[    8.031672] systemd[1]: Detected architecture arm.
[    8.074233] systemd[1]: Set hostname to <arm>.
[    9.112703] systemd[1]: Created slice User and Session Slice.
[    9.153423] systemd[1]: Listening on udev Control Socket.
[    9.193181] systemd[1]: Listening on Journal Socket (/dev/log).
[    9.231925] systemd[1]: Listening on udev Kernel Socket.
[    9.272103] systemd[1]: Started Forward Password Requests to Wall Directory Watch.
[    9.312590] systemd[1]: Created slice System Slice.
[    9.352666] systemd[1]: Created slice system-serial\x2dgetty.slice.
[   11.043920] systemd-journald[84]: Received request to flush runtime journal from PID 1
[   14.345048] leds-gpio leds: using DT '/leds/led2' for '(null)' GPIO lookup
[   14.345148] of_get_named_gpiod_flags: parsed 'gpios' property of node '/leds/led2[0]' - status (0)
[   14.345200] gpio gpiochip0: Persistence not supported for GPIO 21
[   14.345214] gpio-533 (?): no flags found for (null)
[   14.345511] leds-gpio leds: using DT '/leds/led3' for '(null)' GPIO lookup
[   14.345562] of_get_named_gpiod_flags: parsed 'gpios' property of node '/leds/led3[0]' - status (0)
[   14.345596] gpio gpiochip0: Persistence not supported for GPIO 22
[   14.345607] gpio-534 (?): no flags found for (null)
[   14.452304] leds-gpio leds: using DT '/leds/led4' for '(null)' GPIO lookup
[   14.452403] of_get_named_gpiod_flags: parsed 'gpios' property of node '/leds/led4[0]' - status (0)
[   14.452451] gpio gpiochip0: Persistence not supported for GPIO 23
[   14.452464] gpio-535 (?): no flags found for (null)
[   14.493220] leds-gpio leds: using DT '/leds/led5' for '(null)' GPIO lookup
[   14.493313] of_get_named_gpiod_flags: parsed 'gpios' property of node '/leds/led5[0]' - status (0)
[   14.493358] gpio gpiochip0: Persistence not supported for GPIO 24
[   14.493371] gpio-536 (?): no flags found for (null)
[   14.667852] remoteproc remoteproc0: wkup_m3 is available
[   14.790999] omap_rtc 44e3e000.rtc: registered as rtc0
[   14.796362] omap_rtc 44e3e000.rtc: setting system clock to 2000-01-01T00:00:01 UTC (946684801)
[   14.805156] omap_rtc 44e3e000.rtc: using DT '/ocp/interconnect@44c00000/segment@200000/target-module@3e000/rtc@0' for 'wp' GPIO lookup
[   14.805235] of_get_named_gpiod_flags: can't parse 'wp-gpios' property of node '/ocp/interconnect@44c00000/segment@200000/target-module@3e000/rtc@0[0]'
[   14.805285] of_get_named_gpiod_flags: can't parse 'wp-gpio' property of node '/ocp/interconnect@44c00000/segment@200000/target-module@3e000/rtc@0[0]'
[   14.805322] omap_rtc 44e3e000.rtc: using lookup tables for GPIO lookup
[   14.805334] omap_rtc 44e3e000.rtc: No GPIO consumer wp found
[   15.205099] omap_wdt: OMAP Watchdog Timer Rev 0x01: initial timeout 60 sec
[   15.323933] am335x-phy-driver 47401300.usb-phy: using DT '/ocp/target-module@47400000/usb-phy@1300' for 'reset' GPIO lookup
[   15.324026] of_get_named_gpiod_flags: can't parse 'reset-gpios' property of node '/ocp/target-module@47400000/usb-phy@1300[0]'
[   15.324069] of_get_named_gpiod_flags: can't parse 'reset-gpio' property of node '/ocp/target-module@47400000/usb-phy@1300[0]'
[   15.324107] am335x-phy-driver 47401300.usb-phy: using lookup tables for GPIO lookup
[   15.324119] am335x-phy-driver 47401300.usb-phy: No GPIO consumer reset found
[   15.324131] am335x-phy-driver 47401300.usb-phy: using DT '/ocp/target-module@47400000/usb-phy@1300' for 'vbus-detect' GPIO lookup
[   15.324164] of_get_named_gpiod_flags: can't parse 'vbus-detect-gpios' property of node '/ocp/target-module@47400000/usb-phy@1300[0]'
[   15.324196] of_get_named_gpiod_flags: can't parse 'vbus-detect-gpio' property of node '/ocp/target-module@47400000/usb-phy@1300[0]'
[   15.324220] am335x-phy-driver 47401300.usb-phy: using lookup tables for GPIO lookup
[   15.324230] am335x-phy-driver 47401300.usb-phy: No GPIO consumer vbus-detect found
[   15.324378] am335x-phy-driver 47401300.usb-phy: dummy supplies not allowed for exclusive requests
[   15.461735] at24 2-0054: supply vcc not found, using dummy regulator
[   15.528751] am335x-phy-driver 47401b00.usb-phy: using DT '/ocp/target-module@47400000/usb-phy@1b00' for 'reset' GPIO lookup
[   15.528839] of_get_named_gpiod_flags: can't parse 'reset-gpios' property of node '/ocp/target-module@47400000/usb-phy@1b00[0]'
[   15.528883] of_get_named_gpiod_flags: can't parse 'reset-gpio' property of node '/ocp/target-module@47400000/usb-phy@1b00[0]'
[   15.528918] am335x-phy-driver 47401b00.usb-phy: using lookup tables for GPIO lookup
[   15.528931] am335x-phy-driver 47401b00.usb-phy: No GPIO consumer reset found
[   15.528943] am335x-phy-driver 47401b00.usb-phy: using DT '/ocp/target-module@47400000/usb-phy@1b00' for 'vbus-detect' GPIO lookup
[   15.528974] of_get_named_gpiod_flags: can't parse 'vbus-detect-gpios' property of node '/ocp/target-module@47400000/usb-phy@1b00[0]'
[   15.529005] of_get_named_gpiod_flags: can't parse 'vbus-detect-gpio' property of node '/ocp/target-module@47400000/usb-phy@1b00[0]'
[   15.529029] am335x-phy-driver 47401b00.usb-phy: using lookup tables for GPIO lookup
[   15.529039] am335x-phy-driver 47401b00.usb-phy: No GPIO consumer vbus-detect found
[   15.529187] am335x-phy-driver 47401b00.usb-phy: dummy supplies not allowed for exclusive requests
[   15.563795] at24 2-0055: supply vcc not found, using dummy regulator
[   15.694548] at24 2-0056: supply vcc not found, using dummy regulator
[   15.806571] at24 2-0057: supply vcc not found, using dummy regulator
[   15.932037] at24 0-0050: using DT '/ocp/interconnect@44c00000/segment@200000/target-module@b000/i2c@0/baseboard_eeprom@50' for 'wp' GPIO lookup
[   15.932273] of_get_named_gpiod_flags: can't parse 'wp-gpios' property of node '/ocp/interconnect@44c00000/segment@200000/target-module@b000/i2c@0/baseboard_eeprom@50[0]'
[   15.932384] of_get_named_gpiod_flags: can't parse 'wp-gpio' property of node '/ocp/interconnect@44c00000/segment@200000/target-module@b000/i2c@0/baseboard_eeprom@50[0]'
[   15.932432] at24 0-0050: using lookup tables for GPIO lookup
[   15.932492] at24 0-0050: No GPIO consumer wp found
[   15.932977] at24 0-0050: 32768 byte 24c256 EEPROM, writable, 1 bytes/write
[   16.080015] tps6521x_pwrbutton tps65217-pwrbutton: DMA mask not set
[   16.154559] wkup_m3_ipc 44e11324.wkup_m3_ipc: IPC Request for A8->M3 Channel failed! -517
[   16.191038] wkup_m3_ipc 44e11324.wkup_m3_ipc: IPC Request for A8->M3 Channel failed! -517
[   16.220761] input: tps65217_pwrbutton as /devices/platform/ocp/44c00000.interconnect/44c00000.interconnect:segment@200000/44e0b000.target-module/44e0b000.i2c/i2c-0/0-0024/tps65217-pwrbutton/input/input0
[   16.349850] wkup_m3_ipc 44e11324.wkup_m3_ipc: IPC Request for A8->M3 Channel failed! -517
[   16.961020] usbcore: registered new interface driver usbfs
[   16.966867] usbcore: registered new interface driver hub
[   16.972590] usbcore: registered new device driver usb
[   17.206562] tda998x 0-0070: found TDA19988
[   17.305169] wkup_m3_ipc 44e11324.wkup_m3_ipc: IPC Request for A8->M3 Channel failed! -517
[   17.664272] wkup_m3_ipc 44e11324.wkup_m3_ipc: IPC Request for A8->M3 Channel failed! -517
[   17.767585] musb-hdrc musb-hdrc.1: MUSB HDRC host driver
[   17.773226] musb-hdrc musb-hdrc.1: new USB bus registered, assigned bus number 1
[   17.797293] wkup_m3_ipc 44e11324.wkup_m3_ipc: IPC Request for A8->M3 Channel failed! -517
[   17.876998] omap-mailbox 480c8000.mailbox: omap mailbox rev 0x400
[   17.955365] usb usb1: New USB device found, idVendor=1d6b, idProduct=0002, bcdDevice= 6.06
[   17.963885] usb usb1: New USB device strings: Mfr=3, Product=2, SerialNumber=1
[   17.971151] usb usb1: Product: MUSB HDRC host driver
[   17.976221] usb usb1: Manufacturer: Linux 6.6.107 musb-hcd
[   17.981764] usb usb1: SerialNumber: musb-hdrc.1
[   18.011908] remoteproc remoteproc0: powering up wkup_m3
[   18.140487] hub 1-0:1.0: USB hub found
[   18.180846] remoteproc remoteproc0: Direct firmware load for am335x-pm-firmware.elf failed with error -2
[   18.190705] remoteproc remoteproc0: request_firmware failed: -2
[   18.196723] wkup_m3_ipc 44e11324.wkup_m3_ipc: rproc_boot failed
[   18.214877] hub 1-0:1.0: 1 port detected
[   19.783442] tilcdc 4830e000.lcdc: bound 0-0070 (ops tda998x_audio_codec_init [tda998x])
[   19.930951] [drm] Initialized tilcdc 1.0.0 20121205 for 4830e000.lcdc on minor 0
[   19.981764] omap_rng 48310000.rng: Random Number Generator ver. 20
[   20.056750] tilcdc 4830e000.lcdc: [drm] Cannot find any crtc or sizes
[   20.087155] tilcdc 4830e000.lcdc: [drm] Cannot find any crtc or sizes
[   21.369667] omap-sham 53100000.sham: hw accel on OMAP rev 4.3
[   21.501882] omap-sham 53100000.sham: will run requests pump with realtime priority
[   21.549286] PM: Cannot get wkup_m3_ipc handle
[   21.717555] omap-aes 53500000.aes: OMAP AES hw accel rev: 3.2
[   21.863999] omap-aes 53500000.aes: will run requests pump with realtime priority
[   21.878003] PM: Cannot get wkup_m3_ipc handle
[   23.358667] Bluetooth: Core ver 2.22
[   23.362633] NET: Registered PF_BLUETOOTH protocol family
[   23.367982] Bluetooth: HCI device and connection manager initialized
[   23.374466] Bluetooth: HCI socket layer initialized
[   23.379377] Bluetooth: L2CAP socket layer initialized
[   23.384515] Bluetooth: SCO socket layer initialized
[   25.527106] PM: Cannot get wkup_m3_ipc handle
[   25.533097] asoc-simple-card sound: using DT '/sound' for 'simple-audio-card,hp-det' GPIO lookup
[   25.533166] of_get_named_gpiod_flags: can't parse 'simple-audio-card,hp-det-gpios' property of node '/sound[0]'
[   25.533201] of_get_named_gpiod_flags: can't parse 'simple-audio-card,hp-det-gpio' property of node '/sound[0]'
[   25.533221] asoc-simple-card sound: using lookup tables for GPIO lookup
[   25.533234] asoc-simple-card sound: No GPIO consumer simple-audio-card,hp-det found
[   25.533246] asoc-simple-card sound: using DT '/sound' for 'simple-audio-card,mic-det' GPIO lookup
[   25.533268] of_get_named_gpiod_flags: can't parse 'simple-audio-card,mic-det-gpios' property of node '/sound[0]'
[   25.533292] of_get_named_gpiod_flags: can't parse 'simple-audio-card,mic-det-gpio' property of node '/sound[0]'
[   25.533309] asoc-simple-card sound: using lookup tables for GPIO lookup
[   25.533320] asoc-simple-card sound: No GPIO consumer simple-audio-card,mic-det found
[   25.633074] PM: Cannot get wkup_m3_ipc handle
[   27.548905] userial_init: registered 8 ttyGS* devices
[   27.821766] rndis_register: configNr = 0
[   27.920133] udc musb-hdrc.0: binding gadget driver [g_multi]
[   27.920226] configfs-gadget.g_multi gadget.0: adding 'rndis'/d7c09f4f to config 'c'/119a0f8f
[   27.921572] configfs-gadget.g_multi gadget.0: HOST MAC 1c:ba:8c:a2:ed:6c
[   27.928350] configfs-gadget.g_multi gadget.0: MAC 1c:ba:8c:a2:ed:70
[   27.934735] rndis_set_param_medium: 0 0
[   27.934753] configfs-gadget.g_multi gadget.0: RNDIS: IN/ep1in OUT/ep1out NOTIFY/ep2in
[   27.934768] configfs-gadget.g_multi gadget.0: adding 'cdc_ethernet'/51932488 to config 'c'/119a0f8f
[   27.935643] configfs-gadget.g_multi gadget.0: HOST MAC 1c:ba:8c:a2:ed:6c
[   27.942489] configfs-gadget.g_multi gadget.0: MAC 1c:ba:8c:a2:ed:6d
[   27.948820] configfs-gadget.g_multi gadget.0: CDC Ethernet: IN/ep3in OUT/ep2out NOTIFY/ep4in
[   27.948837] configfs-gadget.g_multi gadget.0: adding 'acm'/9574c453 to config 'c'/119a0f8f
[   27.948867] configfs-gadget.g_multi gadget.0: acm ttyGS0: IN/ep5in OUT/ep3out NOTIFY/ep6in
[   27.949761] PM: Cannot get wkup_m3_ipc handle
[   29.154951] configfs-gadget.g_multi gadget.0: eth_open
[   29.617087] configfs-gadget.g_multi gadget.0: stop stats: rx/tx 0/0, errs 0/0
[   34.517879] gs_open: ttyGS0 (97199d28,cac7a6c0)
[   34.518033] gs_close: ttyGS0 (97199d28,cac7a6c0) ...
[   34.518054] gs_close: ttyGS0 (97199d28,cac7a6c0) done!
[   34.527602] gs_open: ttyGS0 (97199d28,425f14f0)
[   34.527746] gs_close: ttyGS0 (97199d28,425f14f0) ...
[   34.527767] gs_close: ttyGS0 (97199d28,425f14f0) done!
[   34.699740] gs_open: ttyGS0 (bff45975,06efda07)
[   34.699970] gs_close: ttyGS0 (bff45975,06efda07) ...
[   34.699995] gs_close: ttyGS0 (bff45975,06efda07) done!
[   34.700308] gs_open: ttyGS0 (bff45975,15703016)
YHSBQQCVBC 0
root@arm:~# echo 'OVJE''PYEEQZ'
OVJEPYEEQZ
root@arm:~# MARKER='BENL''QJLMGO' run 'modprobe test_linear_ranges'
BENLQJLMGOBENLQJLMGO 0
root@arm:~# echo 'YXHV''HYUNPO'
YXHVHYUNPO
root@arm:~# MARKER='YTNY''OXHBQF' run dmesg
YTNYOXHBQF[    0.000000] Booting Linux on physical CPU 0x0
[    0.000000] Linux version 6.6.107 (user01@drvtest01) (arm-none-eabi-gcc (Arm GNU Toolchain 14.2.Rel1 (Build arm-14.52)) 14.2.1 20241119, GNU ld (Arm GNU Toolchain 14.2.Rel1 (Build arm-14.52)) 2.43.1.20241119) #1 SMP Fri Sep 19 18:54:01 EEST 2025
[    0.000000] CPU: ARMv7 Processor [413fc082] revision 2 (ARMv7), cr=10c5387d
[    0.000000] CPU: PIPT / VIPT nonaliasing data cache, VIPT aliasing instruction cache
[    0.000000] OF: fdt: Machine model: TI AM335x BeagleBone Black
[    0.000000] Memory policy: Data cache writeback
[    0.000000] cma: Reserved 16 MiB at 0x9e800000 on node -1
[    0.000000] Zone ranges:
[    0.000000]   Normal   [mem 0x0000000080000000-0x000000009fdfffff]
[    0.000000]   HighMem  empty
[    0.000000] Movable zone start for each node
[    0.000000] Early memory node ranges
[    0.000000]   node   0: [mem 0x0000000080000000-0x000000009fdfffff]
[    0.000000] Initmem setup node 0 [mem 0x0000000080000000-0x000000009fdfffff]
[    0.000000] CPU: All CPU(s) started in SVC mode.
[    0.000000] AM335X ES2.1 (sgx neon)
[    0.000000] percpu: Embedded 16 pages/cpu s36116 r8192 d21228 u65536
[    0.000000] pcpu-alloc: s36116 r8192 d21228 u65536 alloc=16*4096
[    0.000000] pcpu-alloc: [0] 0 
[    0.000000] Kernel command line: console=ttyO0,115200n8 root=/dev/nfs rw nfsroot=192.168.255.126:/home/user01/nfs,nfsvers=3 ip=192.168.255.1:192.168.255.126::255.255.255.0:bbb1:eth0 nfsrootdebug
[    0.000000] Unknown kernel command line parameters "nfsrootdebug", will be passed to user space.
[    0.000000] Dentry cache hash table entries: 65536 (order: 6, 262144 bytes, linear)
[    0.000000] Inode-cache hash table entries: 32768 (order: 5, 131072 bytes, linear)
[    0.000000] Built 1 zonelists, mobility grouping on.  Total pages: 129412
[    0.000000] mem auto-init: stack:off, heap alloc:off, heap free:off
[    0.000000] Memory: 483604K/522240K available (11264K kernel code, 1165K rwdata, 2704K rodata, 1024K init, 282K bss, 22252K reserved, 16384K cma-reserved, 0K highmem)
[    0.000000] SLUB: HWalign=64, Order=0-3, MinObjects=0, CPUs=1, Nodes=1
[    0.000000] rcu: Hierarchical RCU implementation.
[    0.000000] rcu: 	RCU event tracing is enabled.
[    0.000000] rcu: 	RCU restricting CPUs from NR_CPUS=2 to nr_cpu_ids=1.
[    0.000000] rcu: RCU calculated value of scheduler-enlistment delay is 10 jiffies.
[    0.000000] rcu: Adjusting geometry for rcu_fanout_leaf=16, nr_cpu_ids=1
[    0.000000] NR_IRQS: 16, nr_irqs: 16, preallocated irqs: 16
[    0.000000] IRQ: Found an INTC at 0x(ptrval) (revision 5.0) with 128 interrupts
[    0.000000] rcu: srcu_init: Setting srcu_struct sizes based on contention.
[    0.000000] TI gptimer clocksource: always-on /ocp/interconnect@44c00000/segment@200000/target-module@31000
[    0.000004] sched_clock: 32 bits at 24MHz, resolution 41ns, wraps every 89478484971ns
[    0.000027] clocksource: dmtimer: mask: 0xffffffff max_cycles: 0xffffffff, max_idle_ns: 79635851949 ns
[    0.000518] TI gptimer clockevent: 24000000 Hz at /ocp/interconnect@48000000/segment@0/target-module@40000
[    0.002084] Console: colour dummy device 80x30
[    0.002136] WARNING: Your 'console=ttyO0' has been replaced by 'ttyS0'
[    0.002144] This ensures that you still see kernel messages. Please
[    0.002148] update your kernel commandline.
[    0.002189] Calibrating delay loop... 996.14 BogoMIPS (lpj=4980736)
[    0.090572] CPU: Testing write buffer coherency: ok
[    0.090671] CPU0: Spectre v2: using BPIALL workaround
[    0.090683] pid_max: default: 32768 minimum: 301
[    0.090796] LSM: initializing lsm=capability,integrity
[    0.090966] Mount-cache hash table entries: 1024 (order: 0, 4096 bytes, linear)
[    0.090985] Mountpoint-cache hash table entries: 1024 (order: 0, 4096 bytes, linear)
[    0.092454] CPU0: thread -1, cpu 0, socket -1, mpidr 0
[    0.094034] Setting up static identity map for 0x80100000 - 0x80100078
[    0.094322] rcu: Hierarchical SRCU implementation.
[    0.094333] rcu: 	Max phase no-delay instances is 1000.
[    0.095694] smp: Bringing up secondary CPUs ...
[    0.095749] smp: Brought up 1 node, 1 CPU
[    0.095762] SMP: Total of 1 processors activated (996.14 BogoMIPS).
[    0.095774] CPU: All CPU(s) started in SVC mode.
[    0.096648] devtmpfs: initialized
[    0.113744] VFP support v0.3: implementor 41 architecture 3 part 30 variant c rev 3
[    0.114101] clocksource: jiffies: mask: 0xffffffff max_cycles: 0xffffffff, max_idle_ns: 19112604462750000 ns
[    0.114136] futex hash table entries: 256 (order: 2, 16384 bytes, linear)
[    0.115432] pinctrl core: initialized pinctrl subsystem
[    0.117587] NET: Registered PF_NETLINK/PF_ROUTE protocol family
[    0.120120] DMA: preallocated 256 KiB pool for atomic coherent allocations
[    0.120950] audit: initializing netlink subsys (disabled)
[    0.122300] thermal_sys: Registered thermal governor 'fair_share'
[    0.122322] thermal_sys: Registered thermal governor 'step_wise'
[    0.122328] thermal_sys: Registered thermal governor 'user_space'
[    0.122439] audit: type=2000 audit(0.120:1): state=initialized audit_enabled=0 res=1
[    0.122518] cpuidle: using governor menu
[    0.138854] /ocp/interconnect@44c00000/segment@200000/target-module@b000/i2c@0/tda19988@70: Fixed dependency cycle(s) with /ocp/interconnect@48000000/segment@300000/target-module@e000/lcdc@0
[    0.139914] /ocp/interconnect@48000000/segment@300000/target-module@e000/lcdc@0: Fixed dependency cycle(s) with /ocp/interconnect@44c00000/segment@200000/target-module@b000/i2c@0/tda19988@70
[    0.142140] No ATAGs?
[    0.142159] hw-breakpoint: debug architecture 0x4 unsupported.
[    0.145171] kprobes: kprobe jump-optimization is enabled. All kprobes are optimized if possible.
[    0.163169] iommu: Default domain type: Translated
[    0.163189] iommu: DMA domain TLB invalidation policy: strict mode
[    0.164622] SCSI subsystem initialized
[    0.165444] reg-fixed-voltage fixedregulator0: using DT '/fixedregulator0' for '(null)' GPIO lookup
[    0.165496] of_get_named_gpiod_flags: can't parse 'gpios' property of node '/fixedregulator0[0]'
[    0.165525] of_get_named_gpiod_flags: can't parse 'gpio' property of node '/fixedregulator0[0]'
[    0.165543] reg-fixed-voltage fixedregulator0: using lookup tables for GPIO lookup
[    0.165554] reg-fixed-voltage fixedregulator0: No GPIO consumer (null) found
[    0.166086] libata version 3.00 loaded.
[    0.166432] pps_core: LinuxPPS API ver. 1 registered
[    0.166443] pps_core: Software ver. 5.3.6 - Copyright 2005-2007 Rodolfo Giometti <giometti@linux.it>
[    0.166469] PTP clock support registered
[    0.170970] vgaarb: loaded
[    0.171303] clocksource: Switched to clocksource dmtimer
[    0.171924] VFS: Disk quotas dquot_6.6.0
[    0.171986] VFS: Dquot-cache hash table entries: 1024 (order 0, 4096 bytes)
[    0.202734] NET: Registered PF_INET protocol family
[    0.203069] IP idents hash table entries: 8192 (order: 4, 65536 bytes, linear)
[    0.204389] tcp_listen_portaddr_hash hash table entries: 512 (order: 0, 4096 bytes, linear)
[    0.204426] Table-perturb hash table entries: 65536 (order: 6, 262144 bytes, linear)
[    0.204443] TCP established hash table entries: 4096 (order: 2, 16384 bytes, linear)
[    0.204487] TCP bind hash table entries: 4096 (order: 4, 65536 bytes, linear)
[    0.204588] TCP: Hash tables configured (established 4096 bind 4096)
[    0.204716] UDP hash table entries: 256 (order: 1, 8192 bytes, linear)
[    0.204744] UDP-Lite hash table entries: 256 (order: 1, 8192 bytes, linear)
[    0.204918] NET: Registered PF_UNIX/PF_LOCAL protocol family
[    0.206078] RPC: Registered named UNIX socket transport module.
[    0.206099] RPC: Registered udp transport module.
[    0.206104] RPC: Registered tcp transport module.
[    0.206109] RPC: Registered tcp-with-tls transport module.
[    0.206115] RPC: Registered tcp NFSv4.1 backchannel transport module.
[    0.206138] PCI: CLS 0 bytes, default 64
[    0.207725] Initialise system trusted keyrings
[    0.212274] workingset: timestamp_bits=14 max_order=17 bucket_order=3
[    0.222149] NFS: Registering the id_resolver key type
[    0.222235] Key type id_resolver registered
[    0.222242] Key type id_legacy registered
[    0.222298] jffs2: version 2.2. (NAND) (SUMMARY)  Â© 2001-2006 Red Hat, Inc.
[    0.222715] Key type asymmetric registered
[    0.222730] Asymmetric key parser 'x509' registered
[    0.222802] io scheduler mq-deadline registered
[    0.222814] io scheduler kyber registered
[    0.222878] io scheduler bfq registered
[    0.225583] hw perfevents: enabled with armv7_cortex_a8 PMU driver, 5 counters available
[    0.233869] l3-aon-clkctrl:0000:0: failed to disable
[    0.241510] Serial: 8250/16550 driver, 6 ports, IRQ sharing enabled
[    0.285535] brd: module loaded
[    0.299619] loop: module loaded
[    0.300546] mtdoops: mtd device (mtddev=name/number) must be supplied
[    0.302207] mdio_bus fixed-0: using lookup tables for GPIO lookup
[    0.302232] mdio_bus fixed-0: No GPIO consumer reset found
[    0.303466] i2c_dev: i2c /dev entries driver
[    0.304445] cpuidle: enable-method property 'ti,am3352' found operations
[    0.304899] sdhci: Secure Digital Host Controller Interface driver
[    0.304909] sdhci: Copyright(c) Pierre Ossman
[    0.305099] sdhci-pltfm: SDHCI platform and OF driver helper
[    0.319035] ledtrig-cpu: registered to indicate activity on CPUs
[    0.319872] Initializing XFRM netlink socket
[    0.320000] NET: Registered PF_INET6 protocol family
[    0.337150] Segment Routing with IPv6
[    0.337228] In-situ OAM (IOAM) with IPv6
[    0.337340] sit: IPv6, IPv4 and MPLS over IPv4 tunneling driver
[    0.338305] NET: Registered PF_PACKET protocol family
[    0.338336] NET: Registered PF_KEY protocol family
[    0.338469] Key type dns_resolver registered
[    0.338687] ThumbEE CPU extension supported.
[    0.338710] Registering SWP/SWPB emulation handler
[    0.339222] omap_voltage_late_init: Voltage driver support not added
[    0.339874] SmartReflex Class3 initialized
[    0.368285] Loading compiled-in X.509 certificates
[    0.407358] /ocp/interconnect@44c00000/segment@200000/target-module@b000/i2c@0/tda19988@70: Fixed dependency cycle(s) with /ocp/interconnect@48000000/segment@300000/target-module@e000/lcdc@0
[    0.413658] /ocp/interconnect@44c00000/segment@200000/target-module@b000/i2c@0/tda19988@70: Fixed dependency cycle(s) with /ocp/interconnect@48000000/segment@300000/target-module@e000/lcdc@0
[    0.418947] gpiochip_find_base: found new base at 512
[    0.421592] /ocp/interconnect@44c00000/segment@200000/target-module@b000/i2c@0/tda19988@70: Fixed dependency cycle(s) with /ocp/interconnect@48000000/segment@300000/target-module@e000/lcdc@0
[    0.422520] /ocp/interconnect@44c00000/segment@200000/target-module@b000/i2c@0/tda19988@70: Fixed dependency cycle(s) with /ocp/interconnect@48000000/segment@300000/target-module@e000/lcdc@0
[    0.425808] /ocp/interconnect@44c00000/segment@200000/target-module@10000/scm@0/pinmux@800: Fixed dependency cycle(s) with /ocp/interconnect@44c00000/segment@200000/target-module@10000/scm@0/pinmux@800/clkout2-pins
[    0.426421] pinctrl-single 44e10800.pinmux: 142 pins, size 568
[    0.431583] ti-sysc: probe of 44e31000.target-module failed with error -16
[    0.460913] /ocp/interconnect@48000000/segment@300000/target-module@e000/lcdc@0: Fixed dependency cycle(s) with /ocp/interconnect@44c00000/segment@200000/target-module@b000/i2c@0/tda19988@70
[    0.468892] ti-sysc: probe of 48040000.target-module failed with error -16
[    0.480010] gpiochip_find_base: found new base at 512
[    0.480081] gpio gpiochip0: (gpio-0-31): created GPIO range 0->7 ==> 44e10800.pinmux PIN 0->7
[    0.480100] gpio gpiochip0: (gpio-0-31): created GPIO range 8->11 ==> 44e10800.pinmux PIN 90->93
[    0.480115] gpio gpiochip0: (gpio-0-31): created GPIO range 12->27 ==> 44e10800.pinmux PIN 12->27
[    0.480131] gpio gpiochip0: (gpio-0-31): created GPIO range 28->31 ==> 44e10800.pinmux PIN 30->33
[    0.499950] gpio gpiochip0: (gpio-0-31): added GPIO chardev (254:0)
[    0.500102] gpio gpiochip0: registered GPIOs 512 to 543 on gpio-0-31
[    0.500186] OMAP GPIO hardware version 0.1
[    0.525794] i2c i2c-2: using DT '/ocp/interconnect@48000000/segment@100000/target-module@9c000/i2c@0' for 'scl' GPIO lookup
[    0.525870] of_get_named_gpiod_flags: can't parse 'scl-gpios' property of node '/ocp/interconnect@48000000/segment@100000/target-module@9c000/i2c@0[0]'
[    0.525915] of_get_named_gpiod_flags: can't parse 'scl-gpio' property of node '/ocp/interconnect@48000000/segment@100000/target-module@9c000/i2c@0[0]'
[    0.525950] i2c i2c-2: using lookup tables for GPIO lookup
[    0.525960] i2c i2c-2: No GPIO consumer scl found
[    0.525982] i2c i2c-2: using DT '/ocp/interconnect@48000000/segment@100000/target-module@9c000/i2c@0' for 'sda' GPIO lookup
[    0.526017] of_get_named_gpiod_flags: can't parse 'sda-gpios' property of node '/ocp/interconnect@48000000/segment@100000/target-module@9c000/i2c@0[0]'
[    0.526055] of_get_named_gpiod_flags: can't parse 'sda-gpio' property of node '/ocp/interconnect@48000000/segment@100000/target-module@9c000/i2c@0[0]'
[    0.526086] i2c i2c-2: using lookup tables for GPIO lookup
[    0.526094] i2c i2c-2: No GPIO consumer sda found
[    0.526794] omap_i2c 4819c000.i2c: bus 2 rev0.11 at 100 kHz
[    0.532358] gpiochip_find_base: found new base at 544
[    0.532427] gpio gpiochip1: (gpio-32-63): created GPIO range 0->17 ==> 44e10800.pinmux PIN 34->51
[    0.532446] gpio gpiochip1: (gpio-32-63): created GPIO range 18->21 ==> 44e10800.pinmux PIN 77->80
[    0.532462] gpio gpiochip1: (gpio-32-63): created GPIO range 22->31 ==> 44e10800.pinmux PIN 56->65
[    0.543256] gpio gpiochip1: (gpio-32-63): added GPIO chardev (254:1)
[    0.543408] gpio gpiochip1: registered GPIOs 544 to 575 on gpio-32-63
[    0.545618] gpiochip_find_base: found new base at 576
[    0.545678] gpio gpiochip2: (gpio-64-95): created GPIO range 0->4 ==> 44e10800.pinmux PIN 66->70
[    0.545698] gpio gpiochip2: (gpio-64-95): created GPIO range 5->6 ==> 44e10800.pinmux PIN 98->99
[    0.545713] gpio gpiochip2: (gpio-64-95): created GPIO range 7->8 ==> 44e10800.pinmux PIN 75->76
[    0.545728] gpio gpiochip2: (gpio-64-95): created GPIO range 13->13 ==> 44e10800.pinmux PIN 141->141
[    0.545744] gpio gpiochip2: (gpio-64-95): created GPIO range 14->21 ==> 44e10800.pinmux PIN 100->107
[    0.547170] gpio gpiochip2: (gpio-64-95): added GPIO chardev (254:2)
[    0.547316] gpio gpiochip2: registered GPIOs 576 to 607 on gpio-64-95
[    0.553903] /ocp/interconnect@48000000/segment@300000/target-module@e000/lcdc@0: Fixed dependency cycle(s) with /ocp/interconnect@44c00000/segment@200000/target-module@b000/i2c@0/tda19988@70
[    0.556660] /ocp/interconnect@48000000/segment@300000/target-module@e000/lcdc@0: Fixed dependency cycle(s) with /ocp/interconnect@44c00000/segment@200000/target-module@b000/i2c@0/tda19988@70
[    0.557346] /ocp/interconnect@44c00000/segment@200000/target-module@b000/i2c@0/tda19988@70: Fixed dependency cycle(s) with /ocp/interconnect@48000000/segment@300000/target-module@e000/lcdc@0
[    0.557516] /ocp/interconnect@48000000/segment@300000/target-module@e000/lcdc@0: Fixed dependency cycle(s) with /ocp/interconnect@44c00000/segment@200000/target-module@b000/i2c@0/tda19988@70
[    0.566902] mdio_bus 4a101000.mdio: using DT '/ocp/interconnect@4a000000/segment@0/target-module@100000/switch@0/mdio@1000' for 'reset' GPIO lookup
[    0.566975] of_get_named_gpiod_flags: can't parse 'reset-gpios' property of node '/ocp/interconnect@4a000000/segment@0/target-module@100000/switch@0/mdio@1000[0]'
[    0.567023] of_get_named_gpiod_flags: can't parse 'reset-gpio' property of node '/ocp/interconnect@4a000000/segment@0/target-module@100000/switch@0/mdio@1000[0]'
[    0.567070] mdio_bus 4a101000.mdio: using lookup tables for GPIO lookup
[    0.567080] mdio_bus 4a101000.mdio: No GPIO consumer reset found
[    0.568068] sdhci-omap 481d8000.mmc: using DT '/ocp/interconnect@48000000/segment@100000/target-module@d8000/mmc@0' for 'wp' GPIO lookup
[    0.568137] of_get_named_gpiod_flags: can't parse 'wp-gpios' property of node '/ocp/interconnect@48000000/segment@100000/target-module@d8000/mmc@0[0]'
[    0.568183] of_get_named_gpiod_flags: can't parse 'wp-gpio' property of node '/ocp/interconnect@48000000/segment@100000/target-module@d8000/mmc@0[0]'
[    0.568216] sdhci-omap 481d8000.mmc: using lookup tables for GPIO lookup
[    0.568226] sdhci-omap 481d8000.mmc: No GPIO consumer wp found
[    0.568413] sdhci-omap 481d8000.mmc: supply pbias not found, using dummy regulator
[    0.568883] sdhci-omap 481d8000.mmc: supply vqmmc not found, using dummy regulator
[    0.643341] davinci_mdio 4a101000.mdio: davinci mdio revision 1.6, bus freq 1000000
[    0.657060] mdio_bus 4a101000.mdio:00: using DT '/ocp/interconnect@4a000000/segment@0/target-module@100000/switch@0/mdio@1000/ethernet-phy@0' for 'reset' GPIO lookup
[    0.657166] of_get_named_gpiod_flags: parsed 'reset-gpios' property of node '/ocp/interconnect@4a000000/segment@0/target-module@100000/switch@0/mdio@1000/ethernet-phy@0[0]' - status (0)
[    0.657329] gpio gpiochip0: Persistence not supported for GPIO 8
[    0.826948] davinci_mdio 4a101000.mdio: phy[0]: device 4a101000.mdio:00, driver SMSC LAN8710/LAN8720
[    0.827591] cpsw-switch 4a100000.switch: initialized cpsw ale version 1.4
[    0.827612] cpsw-switch 4a100000.switch: ALE Table size 1024
[    0.827912] cpsw-switch 4a100000.switch: cpts: overflow check period 500 (jiffies)
[    0.827933] cpsw-switch 4a100000.switch: CPTS: ref_clk_freq:250000000 calc_mult:2147483648 calc_shift:29 error:0 nsec/sec
[    0.828032] cpsw-switch 4a100000.switch: Detected MACID = 6c:ec:eb:68:de:78
[    0.829869] cpsw-switch 4a100000.switch: initialized (regs 0x4a100000, pool size 256) hw_ver:0019010C 1.12 (0)
[    0.840662] debugfs: Directory '49000000.dma' with parent 'dmaengine' already present!
[    0.840707] edma 49000000.dma: TI EDMA DMA engine driver
[    0.879713] gpio-clk clk_mcasp0: using DT '/clk_mcasp0' for 'enable' GPIO lookup
[    0.879794] of_get_named_gpiod_flags: parsed 'enable-gpios' property of node '/clk_mcasp0[0]' - status (0)
[    0.879836] gpio gpiochip0: Persistence not supported for GPIO 27
[    0.880685] gpiochip_find_base: found new base at 608
[    0.880751] gpio gpiochip3: (gpio-96-127): created GPIO range 0->7 ==> 44e10800.pinmux PIN 82->89
[    0.880770] gpio gpiochip3: (gpio-96-127): created GPIO range 8->11 ==> 44e10800.pinmux PIN 52->55
[    0.880785] gpio gpiochip3: (gpio-96-127): created GPIO range 12->15 ==> 44e10800.pinmux PIN 94->97
[    0.880801] gpio gpiochip3: (gpio-96-127): created GPIO range 16->17 ==> 44e10800.pinmux PIN 71->72
[    0.880816] gpio gpiochip3: (gpio-96-127): created GPIO range 18->18 ==> 44e10800.pinmux PIN 135->135
[    0.880832] gpio gpiochip3: (gpio-96-127): created GPIO range 19->20 ==> 44e10800.pinmux PIN 108->109
[    0.880849] gpio gpiochip3: (gpio-96-127): created GPIO range 21->21 ==> 44e10800.pinmux PIN 73->73
[    0.880865] gpio gpiochip3: (gpio-96-127): created GPIO range 22->23 ==> 44e10800.pinmux PIN 8->9
[    0.880882] gpio gpiochip3: (gpio-96-127): created GPIO range 26->27 ==> 44e10800.pinmux PIN 10->11
[    0.880899] gpio gpiochip3: (gpio-96-127): created GPIO range 28->28 ==> 44e10800.pinmux PIN 74->74
[    0.880917] gpio gpiochip3: (gpio-96-127): created GPIO range 29->29 ==> 44e10800.pinmux PIN 81->81
[    0.880935] gpio gpiochip3: (gpio-96-127): created GPIO range 30->31 ==> 44e10800.pinmux PIN 28->29
[    0.892024] gpio gpiochip3: (gpio-96-127): added GPIO chardev (254:3)
[    0.892178] gpio gpiochip3: registered GPIOs 608 to 639 on gpio-96-127
[    0.894112] omap8250 44e09000.serial: using DT '/ocp/interconnect@44c00000/segment@200000/target-module@9000/serial@0' for 'rs485-term' GPIO lookup
[    0.894186] of_get_named_gpiod_flags: can't parse 'rs485-term-gpios' property of node '/ocp/interconnect@44c00000/segment@200000/target-module@9000/serial@0[0]'
[    0.894231] of_get_named_gpiod_flags: can't parse 'rs485-term-gpio' property of node '/ocp/interconnect@44c00000/segment@200000/target-module@9000/serial@0[0]'
[    0.894266] omap8250 44e09000.serial: using lookup tables for GPIO lookup
[    0.894277] omap8250 44e09000.serial: No GPIO consumer rs485-term found
[    0.894287] omap8250 44e09000.serial: using DT '/ocp/interconnect@44c00000/segment@200000/target-module@9000/serial@0' for 'rs485-rx-during-tx' GPIO lookup
[    0.894323] of_get_named_gpiod_flags: can't parse 'rs485-rx-during-tx-gpios' property of node '/ocp/interconnect@44c00000/segment@200000/target-module@9000/serial@0[0]'
[    0.894360] of_get_named_gpiod_flags: can't parse 'rs485-rx-during-tx-gpio' property of node '/ocp/interconnect@44c00000/segment@200000/target-module@9000/serial@0[0]'
[    0.894391] omap8250 44e09000.serial: using lookup tables for GPIO lookup
[    0.894399] omap8250 44e09000.serial: No GPIO consumer rs485-rx-during-tx found
[    0.894776] 44e09000.serial: ttyS0 at MMIO 0x44e09000 (irq = 34, base_baud = 3000000) is a 8250
[    0.894859] printk: console [ttyS0] enabled
[    2.135917] i2c i2c-0: using DT '/ocp/interconnect@44c00000/segment@200000/target-module@b000/i2c@0' for 'scl' GPIO lookup
[    2.136003] of_get_named_gpiod_flags: can't parse 'scl-gpios' property of node '/ocp/interconnect@44c00000/segment@200000/target-module@b000/i2c@0[0]'
[    2.136050] of_get_named_gpiod_flags: can't parse 'scl-gpio' property of node '/ocp/interconnect@44c00000/segment@200000/target-module@b000/i2c@0[0]'
[    2.136088] i2c i2c-0: using lookup tables for GPIO lookup
[    2.136100] i2c i2c-0: No GPIO consumer scl found
[    2.136123] i2c i2c-0: using DT '/ocp/interconnect@44c00000/segment@200000/target-module@b000/i2c@0' for 'sda' GPIO lookup
[    2.136162] of_get_named_gpiod_flags: can't parse 'sda-gpios' property of node '/ocp/interconnect@44c00000/segment@200000/target-module@b000/i2c@0[0]'
[    2.136201] of_get_named_gpiod_flags: can't parse 'sda-gpio' property of node '/ocp/interconnect@44c00000/segment@200000/target-module@b000/i2c@0[0]'
[    2.136235] i2c i2c-0: using lookup tables for GPIO lookup
[    2.136245] i2c i2c-0: No GPIO consumer sda found
[    2.162251] tps65217-pmic: Failed to locate of_node [id: -1]
[    2.168292] tps65217-bl: Failed to locate of_node [id: -1]
[    2.179273] tps65217 0-0024: TPS65217 ID 0xe version 1.2
[    2.185426] /ocp/interconnect@48000000/segment@300000/target-module@e000/lcdc@0: Fixed dependency cycle(s) with /ocp/interconnect@44c00000/segment@200000/target-module@b000/i2c@0/tda19988@70
[    2.202769] /ocp/interconnect@44c00000/segment@200000/target-module@b000/i2c@0/tda19988@70: Fixed dependency cycle(s) with /ocp/interconnect@48000000/segment@300000/target-module@e000/lcdc@0
[    2.220123] omap_i2c 44e0b000.i2c: bus 0 rev0.11 at 400 kHz
[    2.227812] sdhci-omap 48060000.mmc: using DT '/ocp/interconnect@48000000/segment@0/target-module@60000/mmc@0' for 'cd' GPIO lookup
[    2.227909] of_get_named_gpiod_flags: parsed 'cd-gpios' property of node '/ocp/interconnect@48000000/segment@0/target-module@60000/mmc@0[0]' - status (0)
[    2.228032] gpio gpiochip3: Persistence not supported for GPIO 6
[    2.228059] omap_gpio 44e07000.gpio: Could not set line 6 debounce to 200000 microseconds (-22)
[    2.236930] sdhci-omap 48060000.mmc: Got CD GPIO
[    2.241604] sdhci-omap 48060000.mmc: using DT '/ocp/interconnect@48000000/segment@0/target-module@60000/mmc@0' for 'wp' GPIO lookup
[    2.241654] of_get_named_gpiod_flags: can't parse 'wp-gpios' property of node '/ocp/interconnect@48000000/segment@0/target-module@60000/mmc@0[0]'
[    2.241697] of_get_named_gpiod_flags: can't parse 'wp-gpio' property of node '/ocp/interconnect@48000000/segment@0/target-module@60000/mmc@0[0]'
[    2.241733] sdhci-omap 48060000.mmc: using lookup tables for GPIO lookup
[    2.241745] sdhci-omap 48060000.mmc: No GPIO consumer wp found
[    2.241941] sdhci-omap 48060000.mmc: supply pbias not found, using dummy regulator
[    2.250918] sdhci-omap 481d8000.mmc: using DT '/ocp/interconnect@48000000/segment@100000/target-module@d8000/mmc@0' for 'wp' GPIO lookup
[    2.251012] of_get_named_gpiod_flags: can't parse 'wp-gpios' property of node '/ocp/interconnect@48000000/segment@100000/target-module@d8000/mmc@0[0]'
[    2.251061] of_get_named_gpiod_flags: can't parse 'wp-gpio' property of node '/ocp/interconnect@48000000/segment@100000/target-module@d8000/mmc@0[0]'
[    2.251097] sdhci-omap 481d8000.mmc: using lookup tables for GPIO lookup
[    2.251108] sdhci-omap 481d8000.mmc: No GPIO consumer wp found
[    2.252080] sdhci-omap 48060000.mmc: supply vqmmc not found, using dummy regulator
[    2.260807] sdhci-omap 481d8000.mmc: supply pbias not found, using dummy regulator
[    2.269721] sdhci-omap 481d8000.mmc: supply vqmmc not found, using dummy regulator
[    2.308828] mmc1: SDHCI controller on 481d8000.mmc [481d8000.mmc] using External DMA
[    2.317796] mmc0: SDHCI controller on 48060000.mmc [48060000.mmc] using External DMA
[    2.326563] cpsw-switch 4a100000.switch: starting ndev. mode: dual_mac
[    2.391564] mmc1: new high speed MMC card at address 0001
[    2.398451] mmcblk1: mmc1:0001 MMC04G 3.60 GiB
[    2.405851]  mmcblk1: p1 p2
[    2.409357] mmc0: new high speed SDHC card at address aaaa
[    2.416643] mmcblk1boot0: mmc1:0001 MMC04G 2.00 MiB
[    2.422939] mmcblk0: mmc0:aaaa SE32G 29.7 GiB
[    2.430821] mmcblk1boot1: mmc1:0001 MMC04G 2.00 MiB
[    2.436993]  mmcblk0: p1 p2
[    2.442039] mmcblk1rpmb: mmc1:0001 MMC04G 128 KiB, chardev (250:0)
[    2.512505] SMSC LAN8710/LAN8720 4a101000.mdio:00: attached PHY driver (mii_bus:phy_addr=4a101000.mdio:00, irq=POLL)
[    5.682044] cpsw-switch 4a100000.switch eth0: Link is Up - 100Mbps/Full - flow control off
[    5.731352] IP-Config: Complete:
[    5.734624]      device=eth0, hwaddr=6c:ec:eb:68:de:78, ipaddr=192.168.255.1, mask=255.255.255.0, gw=255.255.255.255
[    5.745239]      host=bbb1, domain=, nis-domain=(none)
[    5.750402]      bootserver=192.168.255.126, rootserver=192.168.255.126, rootpath=
[    5.750813] clk: Disabling unused clocks
[    5.762668] KTAP version 1
[    5.765397] 1..0
[    5.788416] VFS: Mounted root (nfs filesystem) on device 0:16.
[    5.795462] devtmpfs: mounted
[    5.800077] Freeing unused kernel image (initmem) memory: 1024K
[    5.806961] Run /sbin/init as init process
[    5.811091]   with arguments:
[    5.811101]     /sbin/init
[    5.811109]     nfsrootdebug
[    5.811116]   with environment:
[    5.811124]     HOME=/
[    5.811131]     TERM=linux
[    6.480332] systemd[1]: System time before build time, advancing clock.
[    7.941322] random: crng init done
[    8.012529] systemd[1]: systemd 232 running in system mode. (+PAM +AUDIT +SELINUX +IMA +APPARMOR +SMACK +SYSVINIT +UTMP +LIBCRYPTSETUP +GCRYPT +GNUTLS +ACL +XZ +LZ4 +SECCOMP +BLKID +ELFUTILS +KMOD +IDN)
[    8.031672] systemd[1]: Detected architecture arm.
[    8.074233] systemd[1]: Set hostname to <arm>.
[    9.112703] systemd[1]: Created slice User and Session Slice.
[    9.153423] systemd[1]: Listening on udev Control Socket.
[    9.193181] systemd[1]: Listening on Journal Socket (/dev/log).
[    9.231925] systemd[1]: Listening on udev Kernel Socket.
[    9.272103] systemd[1]: Started Forward Password Requests to Wall Directory Watch.
[    9.312590] systemd[1]: Created slice System Slice.
[    9.352666] systemd[1]: Created slice system-serial\x2dgetty.slice.
[   11.043920] systemd-journald[84]: Received request to flush runtime journal from PID 1
[   14.345048] leds-gpio leds: using DT '/leds/led2' for '(null)' GPIO lookup
