Labgrid Console Logfile for main
Logfile started at 2025-09-16 02:59:44.905468
=== Log starts here ===
reading args
spl_load_image_fat_os: error reading image args, err - -1
reading u-boot.img
reading u-boot.img


U-Boot 2014.04-00014-g47880f5 (Apr 22 2014 - 13:23:54)

I2C:   ready
DRAM:  512 MiB
NAND:  0 MiB
MMC:   OMAP SD/MMC: 0, OMAP SD/MMC: 1
*** Warning - readenv() failed, using default environment

Net:   <ethaddr> not set. Validating first E-fuse MAC
cpsw, usb_ether
Hit any key to stop autoboot:  1  0 
gpio: pin 53 (gpio 53) value is 1
mmc0 is current device
gpio: pin 54 (gpio 54) value is 1
SD/MMC found on device 0
reading uEnv.txt
569 bytes read in 3 ms (184.6 KiB/s)
gpio: pin 55 (gpio 55) value is 1
Loaded environment from uEnv.txt
Importing environment from mmc ...
Checking if uenvcmd is set ...
gpio: pin 56 (gpio 56) value is 1
Running uenvcmd ...
cpsw Waiting for PHY auto negotiation to complete. done
link up on port 0, speed 100, full duplex
Using cpsw device
TFTP from server 192.168.255.126; our IP address is 192.168.255.1
Filename 'zImage'.
Load address: 0x81000000
Loading: *T #################################################################
	 #################################################################
	 #################################################################
	 #################################################################
	 #################################################################
	 ##############################################################
	 765.6 KiB/s
done
Bytes transferred = 5670240 (568560 hex)
link up on port 0, speed 100, full duplex
Using cpsw device
TFTP from server 192.168.255.126; our IP address is 192.168.255.1
Filename 'am335x-boneblack.dtb'.
Load address: 0x82000000
Loading: *#######
	 2.3 MiB/s
done
Bytes transferred = 98148 (17f64 hex)
Kernel image @ 0x81000000 [ 0x000000 - 0x568560 ]
## Flattened Device Tree blob at 82000000
   Booting using the fdt blob at 0x82000000
   Using Device Tree in place at 82000000, end 8201af63

Starting kernel ...

[    0.000000] Booting Linux on physical CPU 0x0
[    0.000000] Linux version 6.17.0-rc6-next-20250915 (user01@drvtest01) (arm-none-eabi-gcc (Arm GNU Toolchain 14.2.Rel1 (Build arm-14.52)) 14.2.1 20241119, GNU ld (Arm GNU Toolchain 14.2.Rel1 (Build arm-14.52)) 2.43.1.20241119) #1 SMP Tue Sep 16 02:57:54 EEST 2025
[    0.000000] CPU: ARMv7 Processor [413fc082] revision 2 (ARMv7), cr=10c5387d
[    0.000000] CPU: PIPT / VIPT nonaliasing data cache, VIPT aliasing instruction cache
[    0.000000] OF: fdt: Machine model: TI AM335x BeagleBone Black
[    0.000000] Memory policy: Data cache writeback
[    0.000000] cma: Reserved 16 MiB at 0x9e800000
[    0.000000] Zone ranges:
[    0.000000]   Normal   [mem 0x0000000080000000-0x000000009fdfffff]
[    0.000000]   HighMem  empty
[    0.000000] Movable zone start for each node
[    0.000000] Early memory node ranges
[    0.000000]   node   0: [mem 0x0000000080000000-0x000000009fdfffff]
[    0.000000] Initmem setup node 0 [mem 0x0000000080000000-0x000000009fdfffff]
[    0.000000] On node 0, zone Normal: 512 pages in unavailable ranges
[    0.000000] OF: reserved mem: Reserved memory: No reserved-memory node in the DT
[    0.000000] CPU: All CPU(s) started in SVC mode.
[    0.000000] AM335X ES2.1 (sgx neon)
[    0.000000] percpu: Embedded 17 pages/cpu s39884 r8192 d21556 u69632
[    0.000000] Kernel command line: console=ttyO0,115200n8 root=/dev/nfs rw nfsroot=192.168.255.126:/home/user01/nfs,nfsvers=3 ip=192.168.255.1:192.168.255.126::255.255.255.0:bbb1:eth0 nfsrootdebug
[    0.000000] Unknown kernel command line parameters "nfsrootdebug", will be passed to user space.
[    0.000000] printk: log buffer data + meta data: 65536 + 204800 = 270336 bytes
[    0.000000] Dentry cache hash table entries: 65536 (order: 6, 262144 bytes, linear)
[    0.000000] Inode-cache hash table entries: 32768 (order: 5, 131072 bytes, linear)
[    0.000000] Built 1 zonelists, mobility grouping on.  Total pages: 130560
[    0.000000] mem auto-init: stack:off, heap alloc:off, heap free:off
[    0.000000] SLUB: HWalign=16, Order=0-3, MinObjects=0, CPUs=1, Nodes=1
[    0.000000] rcu: Hierarchical RCU implementation.
[    0.000000] rcu: 	RCU event tracing is enabled.
[    0.000000] rcu: 	RCU restricting CPUs from NR_CPUS=2 to nr_cpu_ids=1.
[    0.000000] 	Tracing variant of Tasks RCU enabled.
[    0.000000] rcu: RCU calculated value of scheduler-enlistment delay is 10 jiffies.
[    0.000000] rcu: Adjusting geometry for rcu_fanout_leaf=16, nr_cpu_ids=1
[    0.000000] RCU Tasks Trace: Setting shift to 0 and lim to 1 rcu_task_cb_adjust=1 rcu_task_cpu_ids=1.
[    0.000000] NR_IRQS: 16, nr_irqs: 16, preallocated irqs: 16
[    0.000000] IRQ: Found an INTC at 0x(ptrval) (revision 5.0) with 128 interrupts
[    0.000000] rcu: srcu_init: Setting srcu_struct sizes based on contention.
[    0.000000] TI gptimer clocksource: always-on /ocp/interconnect@44c00000/segment@200000/target-module@31000
[    0.000002] sched_clock: 32 bits at 24MHz, resolution 41ns, wraps every 89478484971ns
[    0.000025] clocksource: dmtimer: mask: 0xffffffff max_cycles: 0xffffffff, max_idle_ns: 79635851949 ns
[    0.000501] TI gptimer clockevent: 24000000 Hz at /ocp/interconnect@48000000/segment@0/target-module@40000
[    0.002059] Console: colour dummy device 80x30
[    0.002123] WARNING: Your 'console=ttyO0' has been replaced by 'ttyS0'
[    0.002131] This ensures that you still see kernel messages. Please
[    0.002135] update your kernel commandline.
[    0.002177] Calibrating delay loop... 996.14 BogoMIPS (lpj=4980736)
[    0.090613] CPU: Testing write buffer coherency: ok
[    0.090699] CPU0: Spectre v2: using BPIALL workaround
[    0.090709] pid_max: default: 32768 minimum: 301
[    0.090883] LSM: initializing lsm=capability
[    0.091043] Mount-cache hash table entries: 1024 (order: 0, 4096 bytes, linear)
[    0.091064] Mountpoint-cache hash table entries: 1024 (order: 0, 4096 bytes, linear)
[    0.092668] CPU0: thread -1, cpu 0, socket -1, mpidr 0
[    0.092724] cacheinfo: Unable to detect cache hierarchy for CPU 0
[    0.094740] Setting up static identity map for 0x80100000 - 0x80100078
[    0.095049] rcu: Hierarchical SRCU implementation.
[    0.095060] rcu: 	Max phase no-delay instances is 1000.
[    0.096748] smp: Bringing up secondary CPUs ...
[    0.096804] smp: Brought up 1 node, 1 CPU
[    0.096818] SMP: Total of 1 processors activated (996.14 BogoMIPS).
[    0.096829] CPU: All CPU(s) started in SVC mode.
[    0.097031] Memory: 480872K/522240K available (11264K kernel code, 1222K rwdata, 2948K rodata, 1024K init, 254K bss, 23332K reserved, 16384K cma-reserved, 0K highmem)
[    0.097855] devtmpfs: initialized
[    0.115996] VFP support v0.3: implementor 41 architecture 3 part 30 variant c rev 3
[    0.116630] clocksource: jiffies: mask: 0xffffffff max_cycles: 0xffffffff, max_idle_ns: 19112604462750000 ns
[    0.116687] posixtimers hash table entries: 512 (order: 0, 4096 bytes, linear)
[    0.116714] futex hash table entries: 256 (16384 bytes on 1 NUMA nodes, total 16 KiB, linear).
[    0.117849] pinctrl core: initialized pinctrl subsystem
[    0.119946] NET: Registered PF_NETLINK/PF_ROUTE protocol family
[    0.123016] DMA: preallocated 256 KiB pool for atomic coherent allocations
[    0.123633] audit: initializing netlink subsys (disabled)
[    0.124981] thermal_sys: Registered thermal governor 'fair_share'
[    0.124996] thermal_sys: Registered thermal governor 'step_wise'
[    0.125006] thermal_sys: Registered thermal governor 'user_space'
[    0.125117] audit: type=2000 audit(0.120:1): state=initialized audit_enabled=0 res=1
[    0.125189] cpuidle: using governor menu
[    0.143989] /ocp/interconnect@44c00000/segment@200000/target-module@b000/i2c@0/tda19988@70: Fixed dependency cycle(s) with /ocp/interconnect@48000000/segment@300000/target-module@e000/lcdc@0
[    0.145090] /ocp/interconnect@48000000/segment@300000/target-module@e000/lcdc@0: Fixed dependency cycle(s) with /ocp/interconnect@44c00000/segment@200000/target-module@b000/i2c@0/tda19988@70
[    0.147295] No ATAGs?
[    0.147330] hw-breakpoint: debug architecture 0x4 unsupported.
[    0.150379] kprobes: kprobe jump-optimization is enabled. All kprobes are optimized if possible.
[    0.163636] iommu: Default domain type: Translated
[    0.163661] iommu: DMA domain TLB invalidation policy: strict mode
[    0.166436] SCSI subsystem initialized
[    0.167256] pps_core: LinuxPPS API ver. 1 registered
[    0.167267] pps_core: Software ver. 5.3.6 - Copyright 2005-2007 Rodolfo Giometti <giometti@linux.it>
[    0.167291] PTP clock support registered
[    0.180983] vgaarb: loaded
[    0.181345] clocksource: Switched to clocksource dmtimer
[    0.182023] VFS: Disk quotas dquot_6.6.0
[    0.182080] VFS: Dquot-cache hash table entries: 1024 (order 0, 4096 bytes)
[    0.206933] NET: Registered PF_INET protocol family
[    0.207270] IP idents hash table entries: 8192 (order: 4, 65536 bytes, linear)
[    0.208713] tcp_listen_portaddr_hash hash table entries: 512 (order: 0, 4096 bytes, linear)
[    0.208750] Table-perturb hash table entries: 65536 (order: 6, 262144 bytes, linear)
[    0.208769] TCP established hash table entries: 4096 (order: 2, 16384 bytes, linear)
[    0.208814] TCP bind hash table entries: 4096 (order: 4, 65536 bytes, linear)
[    0.208913] TCP: Hash tables configured (established 4096 bind 4096)
[    0.209035] UDP hash table entries: 256 (order: 1, 14336 bytes, linear)
[    0.209071] UDP-Lite hash table entries: 256 (order: 1, 14336 bytes, linear)
[    0.209289] NET: Registered PF_UNIX/PF_LOCAL protocol family
[    0.212111] RPC: Registered named UNIX socket transport module.
[    0.212132] RPC: Registered udp transport module.
[    0.212138] RPC: Registered tcp transport module.
[    0.212142] RPC: Registered tcp-with-tls transport module.
[    0.212147] RPC: Registered tcp NFSv4.1 backchannel transport module.
[    0.212172] PCI: CLS 0 bytes, default 64
[    0.213581] Initialise system trusted keyrings
[    0.222435] workingset: timestamp_bits=14 max_order=17 bucket_order=3
[    0.223891] NFS: Registering the id_resolver key type
[    0.223948] Key type id_resolver registered
[    0.223955] Key type id_legacy registered
[    0.224063] jffs2: version 2.2. (NAND) (SUMMARY)  Â© 2001-2006 Red Hat, Inc.
[    0.224524] Key type asymmetric registered
[    0.224540] Asymmetric key parser 'x509' registered
[    0.224614] io scheduler mq-deadline registered
[    0.224624] io scheduler kyber registered
[    0.224713] io scheduler bfq registered
[    0.226585] target-module@4b000000:target-module@140000:pmu@0:fck: device ID is greater than 24
[    0.232776] l3-aon-clkctrl:0000:0: failed to disable
[    0.241478] ledtrig-cpu: registered to indicate activity on CPUs
[    0.245259] Serial: 8250/16550 driver, 6 ports, IRQ sharing enabled
[    0.284857] brd: module loaded
[    0.312378] loop: module loaded
[    0.313324] mtdoops: mtd device (mtddev=name/number) must be supplied
[    0.316373] i2c_dev: i2c /dev entries driver
[    0.317394] cpuidle: enable-method property 'ti,am3352' found operations
[    0.317845] sdhci: Secure Digital Host Controller Interface driver
[    0.317855] sdhci: Copyright(c) Pierre Ossman
[    0.318041] sdhci-pltfm: SDHCI platform and OF driver helper
[    0.319599] hw perfevents: enabled with armv7_cortex_a8 PMU driver, 5 (8000000f) counters available
[    0.320128] Initializing XFRM netlink socket
[    0.320310] NET: Registered PF_INET6 protocol family
[    0.325962] l3-aon-clkctrl:0000:0: failed to disable
[    0.327574] Segment Routing with IPv6
[    0.327659] In-situ OAM (IOAM) with IPv6
[    0.327753] sit: IPv6, IPv4 and MPLS over IPv4 tunneling driver
[    0.328740] NET: Registered PF_PACKET protocol family
[    0.328769] NET: Registered PF_KEY protocol family
[    0.328922] Key type dns_resolver registered
[    0.329145] ThumbEE CPU extension supported.
[    0.329166] Registering SWP/SWPB emulation handler
[    0.329691] omap_voltage_late_init: Voltage driver support not added
[    0.330353] SmartReflex Class3 initialized
[    0.364363] Loading compiled-in X.509 certificates
[    0.407145] /ocp/interconnect@44c00000/segment@200000/target-module@b000/i2c@0/tda19988@70: Fixed dependency cycle(s) with /ocp/interconnect@48000000/segment@300000/target-module@e000/lcdc@0
[    0.413754] /ocp/interconnect@44c00000/segment@200000/target-module@b000/i2c@0/tda19988@70: Fixed dependency cycle(s) with /ocp/interconnect@48000000/segment@300000/target-module@e000/lcdc@0
[    0.473091] /ocp/interconnect@44c00000/segment@200000/target-module@b000/i2c@0/tda19988@70: Fixed dependency cycle(s) with /ocp/interconnect@48000000/segment@300000/target-module@e000/lcdc@0
[    0.474012] /ocp/interconnect@44c00000/segment@200000/target-module@b000/i2c@0/tda19988@70: Fixed dependency cycle(s) with /ocp/interconnect@48000000/segment@300000/target-module@e000/lcdc@0
[    0.477575] /ocp/interconnect@44c00000/segment@200000/target-module@10000/scm@0/pinmux@800: Fixed dependency cycle(s) with /ocp/interconnect@44c00000/segment@200000/target-module@10000/scm@0/pinmux@800/clkout2-pins
[    0.478164] pinctrl-single 44e10800.pinmux: 142 pins, size 568
[    0.483821] ti-sysc 44e31000.target-module: probe with driver ti-sysc failed with error -16
[    0.492146] /ocp/interconnect@48000000/segment@300000/target-module@e000/lcdc@0: Fixed dependency cycle(s) with /ocp/interconnect@44c00000/segment@200000/target-module@b000/i2c@0/tda19988@70
[    0.500420] ti-sysc 48040000.target-module: probe with driver ti-sysc failed with error -16
[    0.547143] OMAP GPIO hardware version 0.1
[    0.574133] omap_i2c 4819c000.i2c: bus 2 rev0.11 at 100 kHz
[    0.608409] 48000000.interconnect:segment@200000:target-module@0:mpu@0:fck: device ID is greater than 24
[    0.609328] /ocp/interconnect@48000000/segment@300000/target-module@e000/lcdc@0: Fixed dependency cycle(s) with /ocp/interconnect@44c00000/segment@200000/target-module@b000/i2c@0/tda19988@70
[    0.612578] /ocp/interconnect@48000000/segment@300000/target-module@e000/lcdc@0: Fixed dependency cycle(s) with /ocp/interconnect@44c00000/segment@200000/target-module@b000/i2c@0/tda19988@70
[    0.613344] /ocp/interconnect@44c00000/segment@200000/target-module@b000/i2c@0/tda19988@70: Fixed dependency cycle(s) with /ocp/interconnect@48000000/segment@300000/target-module@e000/lcdc@0
[    0.613510] /ocp/interconnect@48000000/segment@300000/target-module@e000/lcdc@0: Fixed dependency cycle(s) with /ocp/interconnect@44c00000/segment@200000/target-module@b000/i2c@0/tda19988@70
[    0.625193] sdhci-omap 481d8000.mmc: supply pbias not found, using dummy regulator
[    0.625674] sdhci-omap 481d8000.mmc: supply vqmmc not found, using dummy regulator
[    0.677332] davinci_mdio 4a101000.mdio: davinci mdio revision 1.6, bus freq 1000000
[    0.801451] davinci_mdio 4a101000.mdio: phy[0]: device 4a101000.mdio:00, driver SMSC LAN8710/LAN8720
[    0.802247] cpsw-switch 4a100000.switch: initialized cpsw ale version 1.4
[    0.802269] cpsw-switch 4a100000.switch: ALE Table size 1024, Policers 0
[    0.821781] cpsw-switch 4a100000.switch: cpts: overflow check period 500 (jiffies)
[    0.821804] cpsw-switch 4a100000.switch: CPTS: ref_clk_freq:250000000 calc_mult:2147483648 calc_shift:29 error:0 nsec/sec
[    0.821925] cpsw-switch 4a100000.switch: Detected MACID = 6c:ec:eb:68:de:78
[    0.823859] cpsw-switch 4a100000.switch: initialized (regs 0x4a100000, pool size 256) hw_ver:0019010C 1.12 (0)
[    0.835185] debugfs: '49000000.dma' already exists in 'dmaengine'
[    0.835230] edma 49000000.dma: TI EDMA DMA engine driver
[    0.907366] 44e09000.serial: ttyS0 at MMIO 0x44e09000 (irq = 34, base_baud = 3000000) is a 8250
[    0.907460] printk: legacy console [ttyS0] enabled
[    2.472303] tps65217-pmic: Failed to locate of_node [id: -1]
[    2.478366] tps65217-bl: Failed to locate of_node [id: -1]
[    2.484422] platform tps65217-charger: DMA mask not set
[    2.490455] platform tps65217-pwrbutton: DMA mask not set
[    2.497667] tps65217 0-0024: TPS65217 ID 0xe version 1.2
[    2.503772] /ocp/interconnect@48000000/segment@300000/target-module@e000/lcdc@0: Fixed dependency cycle(s) with /ocp/interconnect@44c00000/segment@200000/target-module@b000/i2c@0/tda19988@70
[    2.521180] /ocp/interconnect@44c00000/segment@200000/target-module@b000/i2c@0/tda19988@70: Fixed dependency cycle(s) with /ocp/interconnect@48000000/segment@300000/target-module@e000/lcdc@0
[    2.538580] omap_i2c 44e0b000.i2c: bus 0 rev0.11 at 400 kHz
[    2.546565] omap_gpio 44e07000.gpio: Could not set line 6 debounce to 200000 microseconds (-22)
[    2.555443] sdhci-omap 48060000.mmc: Got CD GPIO
[    2.560448] sdhci-omap 48060000.mmc: supply pbias not found, using dummy regulator
[    2.571059] sdhci-omap 48060000.mmc: supply vqmmc not found, using dummy regulator
[    2.579584] sdhci-omap 481d8000.mmc: supply pbias not found, using dummy regulator
[    2.588263] sdhci-omap 481d8000.mmc: supply vqmmc not found, using dummy regulator
[    2.680641] mmc1: SDHCI controller on 481d8000.mmc [481d8000.mmc] using External DMA
[    2.689067] mmc0: SDHCI controller on 48060000.mmc [48060000.mmc] using External DMA
[    2.697856] cpsw-switch 4a100000.switch: starting ndev. mode: dual_mac
[    2.761655] mmc1: new high speed MMC card at address 0001
[    2.768485] mmcblk1: mmc1:0001 MMC04G 3.60 GiB
[    2.776383]  mmcblk1: p1 p2
[    2.780128] SMSC LAN8710/LAN8720 4a101000.mdio:00: attached PHY driver (mii_bus:phy_addr=4a101000.mdio:00, irq=POLL)
[    2.793122] mmcblk1boot0: mmc1:0001 MMC04G 2.00 MiB
[    2.806507] mmcblk1boot1: mmc1:0001 MMC04G 2.00 MiB
[    2.815256] mmcblk1rpmb: mmc1:0001 MMC04G 128 KiB, chardev (249:0)
[    2.864432] mmc0: new high speed SDHC card at address aaaa
[    2.871260] mmcblk0: mmc0:aaaa SE32G 29.7 GiB
[    2.880584]  mmcblk0: p1 p2
[    5.922117] cpsw-switch 4a100000.switch eth0: Link is Up - 100Mbps/Full - flow control off
[    5.961585] IP-Config: Complete:
[    5.964861]      device=eth0, hwaddr=6c:ec:eb:68:de:78, ipaddr=192.168.255.1, mask=255.255.255.0, gw=255.255.255.255
[    5.975537]      host=bbb1, domain=, nis-domain=(none)
[    5.980707]      bootserver=192.168.255.126, rootserver=192.168.255.126, rootpath=
[    5.981141] clk: Disabling unused clocks
[    5.992977] PM: genpd: Disabling unused power domains
[    5.998130] KTAP version 1
[    6.000853] 1..0
[    6.003350] check access for rdinit=/init failed: -2, ignoring
[    6.040396] VFS: Mounted root (nfs filesystem) on device 0:17.
[    6.047707] devtmpfs: mounted
[    6.052374] Freeing unused kernel image (initmem) memory: 1024K
[    6.059045] Run /sbin/init as init process
[    6.749665] systemd[1]: System time before build time, advancing clock.
[    8.281363] random: crng init done
[    8.314140] systemd[1]: systemd 232 running in system mode. (+PAM +AUDIT +SELINUX +IMA +APPARMOR +SMACK +SYSVINIT +UTMP +LIBCRYPTSETUP +GCRYPT +GNUTLS +ACL +XZ +LZ4 +SECCOMP +BLKID +ELFUTILS +KMOD +IDN)
[    8.333237] systemd[1]: Detected architecture arm.

Welcome to [1mDebian GNU/Linux 9 (stretch)[0m!

[    8.364596] systemd[1]: Set hostname to <arm>.
[    9.487715] systemd[1]: Created slice User and Session Slice.
[[0;32m  OK  [0m] Created slice User and Session Slice.
[    9.515278] systemd[1]: systemd-journald-dev-log.socket: SO_PASSSEC failed: Operation not supported
[    9.524940] systemd[1]: Listening on Journal Socket (/dev/log).
[[0;32m  OK  [0m] Listening on Journal Socket (/dev/log).
[    9.551755] systemd[1]: Reached target Swap.
[[0;32m  OK  [0m] Reached target Swap.
[    9.572755] systemd[1]: Created slice System Slice.
[[0;32m  OK  [0m] Created slice System Slice.
[    9.602333] systemd[1]: Started Dispatch Password Requests to Console Directory Watch.
[[0;32m  OK  [0m] Started Dispatch Password Requests to Console Directory Watch.
[    9.642065] systemd[1]: Mounting Debug File System...
         Mounting Debug File System...
[[0;32m  OK  [0m] Listening on Syslog Socket.
[[0;32m  OK  [0m] Listening on /dev/initctl Compatibility Named Pipe.
[[0;32m  OK  [0m] Listening on Journal Audit Socket.
         Mounting POSIX Message Queue File System...
[[0;32m  OK  [0m] Listening on udev Control Socket.
[[0;32m  OK  [0m] Created slice system-serial\x2dgetty.slice.
[[0;32m  OK  [0m] Listening on Journal Socket.
         Starting Load Kernel Modules...
         Starting Remount Root and Kernel File Systems...
[[0;32m  OK  [0m] Reached target Remote File Systems.
         Starting Journal Service...
[[0;32m  OK  [0m] Reached target Slices.
[[0;32m  OK  [0m] Created slice system-getty.slice.
[[0;32m  OK  [0m] Listening on udev Kernel Socket.
[[0;32m  OK  [0m] Started Forward Password Requests to Wall Directory Watch.
[[0;32m  OK  [0m] Reached target Paths.
[[0;32m  OK  [0m] Reached target Encrypted Volumes.
         Starting Create list of required stâ€¦ce nodes for the current kernel...
[[0;32m  OK  [0m] Set up automount Arbitrary Executabâ€¦rmats File System Automount Point.
[[0;32m  OK  [0m] Mounted POSIX Message Queue File System.
[[0;32m  OK  [0m] Mounted Debug File System.
[[0;32m  OK  [0m] Started Load Kernel Modules.
[[0;32m  OK  [0m] Started Remount Root and Kernel File Systems.
[[0;32m  OK  [0m] Started Create list of required staâ€¦vice nodes for the current kernel.
         Starting Create Static Device Nodes in /dev...
         Starting udev Coldplug all Devices...
         Starting Load/Save Random Seed...
         Mounting Configuration File System...
         Starting Apply Kernel Variables...
[[0;32m  OK  [0m] Mounted Configuration File System.
[[0;32m  OK  [0m] Started Load/Save Random Seed.
[[0;32m  OK  [0m] Started Apply Kernel Variables.
[[0;32m  OK  [0m] Started Create Static Device Nodes in /dev.
         Starting udev Kernel Device Manager...
[[0;32m  OK  [0m] Reached target Local File Systems (Pre).
[[0;32m  OK  [0m] Reached target Local File Systems.
         Starting Raise network interfaces...
[[0;32m  OK  [0m] Started Journal Service.
         Starting Flush Journal to Persistent Storage...
[   11.769253] systemd-journald[87]: Received request to flush runtime journal from PID 1
[[0;32m  OK  [0m] Started Flush Journal to Persistent Storage.
         Starting Create Volatile Files and Directories...
[[0;32m  OK  [0m] Started udev Kernel Device Manager.
[[0;32m  OK  [0m] Started Create Volatile Files and Directories.
[   13.281908] omap_prm 44e00d00.prm: sync_state() pending due to 44d00000.cpu
         Starting Network Time Synchronization...
         Starting Update UTMP about System Boot/Shutdown...
[[0;32m  OK  [0m] Started Update UTMP about System Boot/Shutdown.
[[0;32m  OK  [0m] Started udev Coldplug all Devices.
[   14.927939] remoteproc remoteproc0: wkup_m3 is available
[   15.137298] at24 2-0054: supply vcc not found, using dummy regulator
[   15.282792] at24 2-0055: supply vcc not found, using dummy regulator
[   15.400119] at24 2-0056: supply vcc not found, using dummy regulator
[[0;32m  OK  [0m] Found device /dev/ttyS0.
[   15.476313] at24 2-0057: supply vcc not found, using dummy regulator
[[0;32m  OK  [0m] Started Network Time Synchronization.
[   15.629578] at24 0-0050: 32768 byte 24c256 EEPROM, writable, 1 bytes/write
[   15.686872] input: tps65217_pwrbutton as /devices/platform/ocp/44c00000.interconnect/44c00000.interconnect:segment@200000/44e0b000.target-module/44e0b000.i2c/i2c-0/0-0024/tps65217-pwrbutton/input/input0
[[0;32m  OK  [0m] Reached target System Initialization.
[   16.043606] omap_rtc 44e3e000.rtc: registered as rtc0
[   16.048806] omap_rtc 44e3e000.rtc: setting system clock to 2000-01-01T00:00:00 UTC (946684800)
[[0;32m  OK  [0m] Listening on Avahi mDNS/DNS-SD Stack Activation Socket.
[[0;32m  OK  [0m] Listening on D-Bus System Message Bus Socket.
[[0;32m  OK  [0m] Reached target Sockets.
[[0;32m  OK  [0m] Reached target Basic System.
[   16.195083] omap_wdt: OMAP Watchdog Timer Rev 0x01: initial timeout 60 sec
         Starting LSB: Load kernel modules needed to enable cpufreq scaling...
         Starting Avahi mDNS/DNS-SD Stack...
         Starting DUN service...
[   16.478965] am335x-phy-driver 47401300.usb-phy: dummy supplies not allowed for exclusive requests (id=vbus)
         Starting Login Service...
[   16.712604] am335x-phy-driver 47401b00.usb-phy: dummy supplies not allowed for exclusive requests (id=vbus)
[[0;32m  OK  [0m] Started D-Bus System Message Bus.
[   16.999394] usbcore: registered new interface driver usbfs
[   17.005680] usbcore: registered new interface driver hub
[   17.011134] usbcore: registered new device driver usb
[   17.331815] tda998x 0-0070: found TDA19988
[   17.806719] musb-hdrc musb-hdrc.1: MUSB HDRC host driver
[   17.812545] musb-hdrc musb-hdrc.1: new USB bus registered, assigned bus number 1
[   18.038168] usb usb1: New USB device found, idVendor=1d6b, idProduct=0002, bcdDevice= 6.17
[   18.046735] usb usb1: New USB device strings: Mfr=3, Product=2, SerialNumber=1
[   18.054096] usb usb1: Product: MUSB HDRC host driver
[   18.059093] usb usb1: Manufacturer: Linux 6.17.0-rc6-next-20250915 musb-hcd
[   18.066129] usb usb1: SerialNumber: musb-hdrc.1
[   18.441709] omap-mailbox 480c8000.mailbox: omap mailbox rev 0x400
[   18.479192] hub 1-0:1.0: USB hub found
[   18.509168] remoteproc remoteproc0: powering up wkup_m3
[   18.567123] hub 1-0:1.0: 1 port detected
[   18.651568] remoteproc remoteproc0: Direct firmware load for am335x-pm-firmware.elf failed with error -2
[   18.661166] remoteproc remoteproc0: request_firmware failed: -2
[   18.667222] wkup_m3_ipc 44e11324.wkup_m3_ipc: rproc_boot failed
[   20.871849] omap_rng 48310000.rng: Random Number Generator ver. 20
[   20.957451] ------------[ cut here ]------------
[   20.962259] WARNING: net/8021q/vlan_core.c:236 at vlan_for_each+0x114/0x134, CPU#0: avahi-daemon/189
[   20.971522] RTNL: assertion failed at net/8021q/vlan_core.c (236)
[   20.977648] Modules linked in: drm_dma_helper omap_rng rng_core drm_client_lib snd_soc_davinci_mcasp snd_soc_ti_udma snd_soc_ti_edma snd_soc_ti_sdma snd_soc_core snd_pcm_dmaengine snd_pcm omap_mailbox snd_timer snd soundcore musb_dsps musb_hdrc udc_core tda998x cec usbcore drm_kms_helper phy_am335x phy_generic omap_wdt usb_common watchdog rtc_omap drm wkup_m3_ipc phy_am335x_control tps65218_pwrbutton drm_panel_orientation_quirks at24 cppi41 wkup_m3_rproc leds_gpio cpufreq_dt led_class autofs4
[   21.021774] CPU: 0 UID: 107 PID: 189 Comm: avahi-daemon Not tainted 6.17.0-rc6-next-20250915 #1 NONE 
[   21.021792] Hardware name: Generic AM33XX (Flattened Device Tree)
[   21.021801] Call trace: 
[   21.021817]  unwind_backtrace from show_stack+0x10/0x14
[   21.021853]  show_stack from dump_stack_lvl+0x50/0x64
[   21.021878]  dump_stack_lvl from __warn+0x88/0x148
[   21.021897]  __warn from warn_slowpath_fmt+0x19c/0x1b0
[   21.021910]  warn_slowpath_fmt from vlan_for_each+0x114/0x134
[   21.021928]  vlan_for_each from cpsw_add_mc_addr+0x40/0xa4
[   21.021947]  cpsw_add_mc_addr from __hw_addr_ref_sync_dev+0x108/0x140
[   21.021971]  __hw_addr_ref_sync_dev from __dev_mc_add+0x7c/0x80
[   21.021990]  __dev_mc_add from igmp6_group_added+0xc8/0xe0
[   21.022013]  igmp6_group_added from __ipv6_dev_mc_inc+0x218/0x364
[   21.022027]  __ipv6_dev_mc_inc from __ipv6_sock_mc_join+0x11c/0x1c0
[   21.022042]  __ipv6_sock_mc_join from do_ipv6_setsockopt+0x1214/0x1310
[   21.022066]  do_ipv6_setsockopt from ipv6_setsockopt+0x60/0xcc
[   21.022084]  ipv6_setsockopt from udpv6_setsockopt+0x2c/0x6c
[   21.022105]  udpv6_setsockopt from sock_common_setsockopt+0x30/0x40
[   21.022133]  sock_common_setsockopt from do_sock_setsockopt+0x50/0x9c
[   21.022152]  do_sock_setsockopt from __sys_setsockopt+0x70/0xbc
[   21.022168]  __sys_setsockopt from ret_fast_syscall+0x0/0x58
[   21.022184] Exception stack(0xe0371fa8 to 0xe0371ff0)
[   21.022198] 1fa0:                   00000014 b6f22ce8 0000000d 00000029 00000014 bea1c9ec
[   21.022210] 1fc0: 00000014 b6f22ce8 00000014 00000126 0000000d b6ecbff4 004ce988 004b6558
[   21.022218] 1fe0: b6ee1088 bea1c9d8 b6ebe309 b6d9541a
[   21.022226] ---[ end trace 0000000000000000 ]---
[   21.211942] tilcdc 4830e000.lcdc: bound 0-0070 (ops tda998x_audio_codec_init [tda998x])
[   21.376635] [drm] Initialized tilcdc 1.0.0 for 4830e000.lcdc on minor 0
[[0;32m  OK  [0m] Started DUN service.
[   21.398739] tilcdc 4830e000.lcdc: [drm] Cannot find any crtc or sizes
[[0;32m  OK  [0m] Started Avahi mDNS/DNS-SD Stack.
[   21.415620] tilcdc 4830e000.lcdc: [drm] Cannot find any crtc or sizes
         Starting Connection service...
         Starting LSB: Start busybox udhcpd at boot time...
         Starting Generic Board Startup...
[[0;32m  OK  [0m] Started Regular background program processing daemon.
         Starting System Logging Service...
[[0;32m  OK  [0m] Started Daily Cleanup of Temporary Directories.
         Starting Telephony service...
         Starting Cape Manager Service...
[[0;32m  OK  [0m] Reached target System Time Synchronized.
[[0;32m  OK  [0m] Started Daily apt download activities.
[[0;32m  OK  [0m] Started Daily apt upgrade and clean activities.
[[0;32m  OK  [0m] Reached target Timers.
[   23.368209] PM: Cannot get wkup_m3_ipc handle
[   23.561741] omap-sham 53100000.sham: hw accel on OMAP rev 4.3
[   23.690072] omap-aes 53500000.aes: OMAP AES hw accel rev: 3.2
[   23.737744] omap-sham 53100000.sham: will run requests pump with realtime priority
[   23.749764] PM: Cannot get wkup_m3_ipc handle
[   23.807002] omap-aes 53500000.aes: will run requests pump with realtime priority
[   23.820363] PM: Cannot get wkup_m3_ipc handle
[[0;32m  OK  [0m] Started System Logging Service.
[[0;32m  OK  [0m] Started Cape Manager Service.
[   25.049963] Bluetooth: Core ver 2.22
[   25.054002] NET: Registered PF_BLUETOOTH protocol family
[   25.059356] Bluetooth: HCI device and connection manager initialized
[   25.065885] Bluetooth: HCI socket layer initialized
[   25.070804] Bluetooth: L2CAP socket layer initialized
[   25.076125] Bluetooth: SCO socket layer initialized
[   27.394235] PM: Cannot get wkup_m3_ipc handle
[   27.427562] gpio-537 (nxp,calib): gpiod_direction_output_nonotify: tried to set a GPIO tied to an IRQ as output
[   27.527418] PM: Cannot get wkup_m3_ipc handle
[   27.733097] tda9950 0-0034: TDA9950 CEC interface, hardware version 3.3
[   27.844679] PM: Cannot get wkup_m3_ipc handle
[[0;32m  OK  [0m] Started Raise network interfaces.
[[0;32m  OK  [0m] Started LSB: Start busybox udhcpd at boot time.
[[0;32m  OK  [0m] Started LSB: Load kernel modules needed to enable cpufreq scaling.
[[0;32m  OK  [0m] Started Telephony service.
[[0;32m  OK  [0m] Started Connection service.
[   30.546753] configfs-gadget.g_multi gadget.0: HOST MAC 1c:ba:8c:a2:ed:6c
[   30.553744] configfs-gadget.g_multi gadget.0: MAC 1c:ba:8c:a2:ed:70
[   30.561058] configfs-gadget.g_multi gadget.0: HOST MAC 1c:ba:8c:a2:ed:6c
[   30.567940] configfs-gadget.g_multi gadget.0: MAC 1c:ba:8c:a2:ed:6d
[   30.579063] PM: Cannot get wkup_m3_ipc handle
[[0;32m  OK  [0m] Started Login Service.
         Starting Hostname Service...
         Starting WPA supplicant...
[[0;32m  OK  [0m] Reached target Sound Card.
         Starting LSB: set CPUFreq kernel parameters...
[[0;32m  OK  [0m] Started WPA supplicant.
[[0;32m  OK  [0m] Started Hostname Service.
[[0;32m  OK  [0m] Reached target Network.
[[0;32m  OK  [0m] Reached target Network is Online.
         Starting LSB: Advanced IEEE 802.11 management daemon...
         Starting The Apache HTTP Server...
         Starting Permit User Sessions...
         Starting OpenBSD Secure Shell server...
[[0;32m  OK  [0m] Started LSB: Advanced IEEE 802.11 management daemon.
[[0;32m  OK  [0m] Started LSB: set CPUFreq kernel parameters.
[[0;32m  OK  [0m] Started Permit User Sessions.
[[0;32m  OK  [0m] Started Getty on tty1.
[[0;32m  OK  [0m] Started Serial Getty on ttyS0.
[[0;32m  OK  [0m] Reached target Login Prompts.
[[0;32m  OK  [0m] Started OpenBSD Secure Shell server.
         Stopping LSB: Start busybox udhcpd at boot time...
[[0;32m  OK  [0m] Stopped LSB: Start busybox udhcpd at boot time.
[[0;32m  OK  [0m] Started The Apache HTTP Server.
         Starting dnsmasq - A lightweight DHCP and caching DNS server...
[[0;32m  OK  [0m] Started dnsmasq - A lightweight DHCP and caching DNS server.
[[0;32m  OK  [0m] Reached target Host and Network Name Lookups.
[[0;32m  OK  [0m] Started Serial Getty on ttyGS0.
[[0;32m  OK  [0m] Started Generic Board Startup.
[[0;32m  OK  [0m] Reached target Multi-User System.
[[0;32m  OK  [0m] Reached target Graphical Interface.
         Starting Update UTMP about System Runlevel Changes...
[[0;32m  OK  [0m] Started Update UTMP about System Runlevel Changes.

Debian GNU/Linux 9 arm ttyS0

default username:password is [debian:temppwd]

arm login: root
Password: 
Last login: Sat Jan  1 00:00:29 UTC 2000 on ttyS0
root
Linux arm 6.17.0-rc6-next-20250915 #1 SMP Tue Sep 16 02:57:54 EEST 2025 armv7l

The programs included with the Debian GNU/Linux system are free software;
the exact distribution terms for each program are described in the
individual files in /usr/share/doc/*/copyright.

Debian GNU/Linux comes with ABSOLUTELY NO WARRANTY, to the extent
permitted by applicable law.
root@arm:~# root
dmesg -n 1
-bash: root: command not found
root@arm:~# dmesg -n 1
root@arm:~# echo 'ATFE''OULCMP'
ATFEOULCMP
root@arm:~# run() { echo -n "$MARKER"; sh -c "$@"; echo "$MARKER $?"; }
root@arm:~# echo 'YNZC''NGJQKC'
YNZCNGJQKC
root@arm:~# MARKER='SHFJ''QKQUCW' run 'cat /proc/version'
SHFJQKQUCWLinux version 6.17.0-rc6-next-20250915 (user01@drvtest01) (arm-none-eabi-gcc (Arm GNU Toolchain 14.2.Rel1 (Build arm-14.52)) 14.2.1 20241119, GNU ld (Arm GNU Toolchain 14.2.Rel1 (Build arm-14.52)) 2.43.1.20241119) #1 SMP Tue Sep 16 02:57:54 EEST 2025
SHFJQKQUCW 0
root@arm:~# echo 'VUCL''PZLLXB'
VUCLPZLLXB
root@arm:~# MARKER='MHJM''MYCWFB' run false
MHJMMYCWFBMHJMMYCWFB 1
root@arm:~# Labgrid Console Logfile for main
Logfile started at 2025-09-16 03:00:54.553104
=== Log starts here ===

root@arm:~# run() { echo -n "$MARKER"; sh -c "$@"; echo "$MARKER $?"; }
root@arm:~# echo 'HHSA''SAVOWW'
HHSASAVOWW
root@arm:~# MARKER='EHYJ''GNTETC' run 'ls /iio_generic_buffer; echo $?'
EHYJGNTETC/iio_generic_buffer
0
EHYJGNTETC 0
root@arm:Labgrid Console Logfile for main
Logfile started at 2025-09-16 03:00:57.924003
=== Log starts here ===

root@arm:~# run() { echo -n "$MARKER"; sh -c "$@"; echo "$MARKER $?"; }
root@arm:~# echo 'JYAA''KSFGQX'
JYAAKSFGQX
root@arm:~# MARKER='OBAG''NAXWOU' run dmesg
OBAGNAXWOU[    0.000000] Booting Linux on physical CPU 0x0
[    0.000000] Linux version 6.17.0-rc6-next-20250915 (user01@drvtest01) (arm-none-eabi-gcc (Arm GNU Toolchain 14.2.Rel1 (Build arm-14.52)) 14.2.1 20241119, GNU ld (Arm GNU Toolchain 14.2.Rel1 (Build arm-14.52)) 2.43.1.20241119) #1 SMP Tue Sep 16 02:57:54 EEST 2025
[    0.000000] CPU: ARMv7 Processor [413fc082] revision 2 (ARMv7), cr=10c5387d
[    0.000000] CPU: PIPT / VIPT nonaliasing data cache, VIPT aliasing instruction cache
[    0.000000] OF: fdt: Machine model: TI AM335x BeagleBone Black
[    0.000000] Memory policy: Data cache writeback
[    0.000000] cma: Reserved 16 MiB at 0x9e800000
[    0.000000] Zone ranges:
[    0.000000]   Normal   [mem 0x0000000080000000-0x000000009fdfffff]
[    0.000000]   HighMem  empty
[    0.000000] Movable zone start for each node
[    0.000000] Early memory node ranges
[    0.000000]   node   0: [mem 0x0000000080000000-0x000000009fdfffff]
[    0.000000] Initmem setup node 0 [mem 0x0000000080000000-0x000000009fdfffff]
[    0.000000] On node 0, zone Normal: 512 pages in unavailable ranges
[    0.000000] OF: reserved mem: Reserved memory: No reserved-memory node in the DT
[    0.000000] CPU: All CPU(s) started in SVC mode.
[    0.000000] AM335X ES2.1 (sgx neon)
[    0.000000] percpu: Embedded 17 pages/cpu s39884 r8192 d21556 u69632
[    0.000000] pcpu-alloc: s39884 r8192 d21556 u69632 alloc=17*4096
[    0.000000] pcpu-alloc: [0] 0 
[    0.000000] Kernel command line: console=ttyO0,115200n8 root=/dev/nfs rw nfsroot=192.168.255.126:/home/user01/nfs,nfsvers=3 ip=192.168.255.1:192.168.255.126::255.255.255.0:bbb1:eth0 nfsrootdebug
[    0.000000] Unknown kernel command line parameters "nfsrootdebug", will be passed to user space.
[    0.000000] printk: log buffer data + meta data: 65536 + 204800 = 270336 bytes
[    0.000000] Dentry cache hash table entries: 65536 (order: 6, 262144 bytes, linear)
[    0.000000] Inode-cache hash table entries: 32768 (order: 5, 131072 bytes, linear)
[    0.000000] Built 1 zonelists, mobility grouping on.  Total pages: 130560
[    0.000000] mem auto-init: stack:off, heap alloc:off, heap free:off
[    0.000000] SLUB: HWalign=16, Order=0-3, MinObjects=0, CPUs=1, Nodes=1
[    0.000000] rcu: Hierarchical RCU implementation.
[    0.000000] rcu: 	RCU event tracing is enabled.
[    0.000000] rcu: 	RCU restricting CPUs from NR_CPUS=2 to nr_cpu_ids=1.
[    0.000000] 	Tracing variant of Tasks RCU enabled.
[    0.000000] rcu: RCU calculated value of scheduler-enlistment delay is 10 jiffies.
[    0.000000] rcu: Adjusting geometry for rcu_fanout_leaf=16, nr_cpu_ids=1
[    0.000000] RCU Tasks Trace: Setting shift to 0 and lim to 1 rcu_task_cb_adjust=1 rcu_task_cpu_ids=1.
[    0.000000] NR_IRQS: 16, nr_irqs: 16, preallocated irqs: 16
[    0.000000] IRQ: Found an INTC at 0x(ptrval) (revision 5.0) with 128 interrupts
[    0.000000] rcu: srcu_init: Setting srcu_struct sizes based on contention.
[    0.000000] TI gptimer clocksource: always-on /ocp/interconnect@44c00000/segment@200000/target-module@31000
[    0.000002] sched_clock: 32 bits at 24MHz, resolution 41ns, wraps every 89478484971ns
[    0.000025] clocksource: dmtimer: mask: 0xffffffff max_cycles: 0xffffffff, max_idle_ns: 79635851949 ns
[    0.000501] TI gptimer clockevent: 24000000 Hz at /ocp/interconnect@48000000/segment@0/target-module@40000
[    0.002059] Console: colour dummy device 80x30
[    0.002123] WARNING: Your 'console=ttyO0' has been replaced by 'ttyS0'
[    0.002131] This ensures that you still see kernel messages. Please
[    0.002135] update your kernel commandline.
[    0.002177] Calibrating delay loop... 996.14 BogoMIPS (lpj=4980736)
[    0.090613] CPU: Testing write buffer coherency: ok
[    0.090699] CPU0: Spectre v2: using BPIALL workaround
[    0.090709] pid_max: default: 32768 minimum: 301
[    0.090883] LSM: initializing lsm=capability
[    0.091043] Mount-cache hash table entries: 1024 (order: 0, 4096 bytes, linear)
[    0.091064] Mountpoint-cache hash table entries: 1024 (order: 0, 4096 bytes, linear)
[    0.092668] CPU0: thread -1, cpu 0, socket -1, mpidr 0
[    0.092724] cacheinfo: Unable to detect cache hierarchy for CPU 0
[    0.094740] Setting up static identity map for 0x80100000 - 0x80100078
[    0.095049] rcu: Hierarchical SRCU implementation.
[    0.095060] rcu: 	Max phase no-delay instances is 1000.
[    0.096748] smp: Bringing up secondary CPUs ...
[    0.096804] smp: Brought up 1 node, 1 CPU
[    0.096818] SMP: Total of 1 processors activated (996.14 BogoMIPS).
[    0.096829] CPU: All CPU(s) started in SVC mode.
[    0.097031] Memory: 480872K/522240K available (11264K kernel code, 1222K rwdata, 2948K rodata, 1024K init, 254K bss, 23332K reserved, 16384K cma-reserved, 0K highmem)
[    0.097855] devtmpfs: initialized
[    0.115996] VFP support v0.3: implementor 41 architecture 3 part 30 variant c rev 3
[    0.116630] clocksource: jiffies: mask: 0xffffffff max_cycles: 0xffffffff, max_idle_ns: 19112604462750000 ns
[    0.116687] posixtimers hash table entries: 512 (order: 0, 4096 bytes, linear)
[    0.116714] futex hash table entries: 256 (16384 bytes on 1 NUMA nodes, total 16 KiB, linear).
[    0.117849] pinctrl core: initialized pinctrl subsystem
[    0.119946] NET: Registered PF_NETLINK/PF_ROUTE protocol family
[    0.123016] DMA: preallocated 256 KiB pool for atomic coherent allocations
[    0.123633] audit: initializing netlink subsys (disabled)
[    0.124981] thermal_sys: Registered thermal governor 'fair_share'
[    0.124996] thermal_sys: Registered thermal governor 'step_wise'
[    0.125006] thermal_sys: Registered thermal governor 'user_space'
[    0.125117] audit: type=2000 audit(0.120:1): state=initialized audit_enabled=0 res=1
[    0.125189] cpuidle: using governor menu
[    0.143989] /ocp/interconnect@44c00000/segment@200000/target-module@b000/i2c@0/tda19988@70: Fixed dependency cycle(s) with /ocp/interconnect@48000000/segment@300000/target-module@e000/lcdc@0
[    0.145090] /ocp/interconnect@48000000/segment@300000/target-module@e000/lcdc@0: Fixed dependency cycle(s) with /ocp/interconnect@44c00000/segment@200000/target-module@b000/i2c@0/tda19988@70
[    0.147295] No ATAGs?
[    0.147330] hw-breakpoint: debug architecture 0x4 unsupported.
[    0.150379] kprobes: kprobe jump-optimization is enabled. All kprobes are optimized if possible.
[    0.163636] iommu: Default domain type: Translated
[    0.163661] iommu: DMA domain TLB invalidation policy: strict mode
[    0.165219] reg-fixed-voltage fixedregulator0: using DT '/fixedregulator0' for '(default)' GPIO lookup
[    0.165271] of_get_named_gpiod_flags: can't parse 'gpios' property of node '/fixedregulator0[0]'
[    0.165300] of_get_named_gpiod_flags: can't parse 'gpio' property of node '/fixedregulator0[0]'
[    0.165317] reg-fixed-voltage fixedregulator0: using lookup tables for GPIO lookup
[    0.165328] reg-fixed-voltage fixedregulator0: No GPIO consumer (default) found
[    0.166436] SCSI subsystem initialized
[    0.166868] libata version 3.00 loaded.
[    0.167256] pps_core: LinuxPPS API ver. 1 registered
[    0.167267] pps_core: Software ver. 5.3.6 - Copyright 2005-2007 Rodolfo Giometti <giometti@linux.it>
[    0.167291] PTP clock support registered
[    0.180983] vgaarb: loaded
[    0.181345] clocksource: Switched to clocksource dmtimer
[    0.182023] VFS: Disk quotas dquot_6.6.0
[    0.182080] VFS: Dquot-cache hash table entries: 1024 (order 0, 4096 bytes)
[    0.206933] NET: Registered PF_INET protocol family
[    0.207270] IP idents hash table entries: 8192 (order: 4, 65536 bytes, linear)
[    0.208713] tcp_listen_portaddr_hash hash table entries: 512 (order: 0, 4096 bytes, linear)
[    0.208750] Table-perturb hash table entries: 65536 (order: 6, 262144 bytes, linear)
[    0.208769] TCP established hash table entries: 4096 (order: 2, 16384 bytes, linear)
[    0.208814] TCP bind hash table entries: 4096 (order: 4, 65536 bytes, linear)
[    0.208913] TCP: Hash tables configured (established 4096 bind 4096)
[    0.209035] UDP hash table entries: 256 (order: 1, 14336 bytes, linear)
[    0.209071] UDP-Lite hash table entries: 256 (order: 1, 14336 bytes, linear)
[    0.209289] NET: Registered PF_UNIX/PF_LOCAL protocol family
[    0.212111] RPC: Registered named UNIX socket transport module.
[    0.212132] RPC: Registered udp transport module.
[    0.212138] RPC: Registered tcp transport module.
[    0.212142] RPC: Registered tcp-with-tls transport module.
[    0.212147] RPC: Registered tcp NFSv4.1 backchannel transport module.
[    0.212172] PCI: CLS 0 bytes, default 64
[    0.213581] Initialise system trusted keyrings
[    0.222435] workingset: timestamp_bits=14 max_order=17 bucket_order=3
[    0.223891] NFS: Registering the id_resolver key type
[    0.223948] Key type id_resolver registered
[    0.223955] Key type id_legacy registered
[    0.224063] jffs2: version 2.2. (NAND) (SUMMARY)  Â© 2001-2006 Red Hat, Inc.
[    0.224524] Key type asymmetric registered
[    0.224540] Asymmetric key parser 'x509' registered
[    0.224614] io scheduler mq-deadline registered
[    0.224624] io scheduler kyber registered
[    0.224713] io scheduler bfq registered
[    0.226585] target-module@4b000000:target-module@140000:pmu@0:fck: device ID is greater than 24
[    0.232776] l3-aon-clkctrl:0000:0: failed to disable
[    0.241478] ledtrig-cpu: registered to indicate activity on CPUs
[    0.245259] Serial: 8250/16550 driver, 6 ports, IRQ sharing enabled
[    0.284857] brd: module loaded
[    0.312378] loop: module loaded
[    0.313324] mtdoops: mtd device (mtddev=name/number) must be supplied
[    0.314902] mdio_bus fixed-0: using lookup tables for GPIO lookup
[    0.314927] mdio_bus fixed-0: No GPIO consumer reset found
[    0.316373] i2c_dev: i2c /dev entries driver
[    0.317394] cpuidle: enable-method property 'ti,am3352' found operations
[    0.317845] sdhci: Secure Digital Host Controller Interface driver
[    0.317855] sdhci: Copyright(c) Pierre Ossman
[    0.318041] sdhci-pltfm: SDHCI platform and OF driver helper
[    0.319599] hw perfevents: enabled with armv7_cortex_a8 PMU driver, 5 (8000000f) counters available
[    0.320128] Initializing XFRM netlink socket
[    0.320310] NET: Registered PF_INET6 protocol family
[    0.325962] l3-aon-clkctrl:0000:0: failed to disable
[    0.327574] Segment Routing with IPv6
[    0.327659] In-situ OAM (IOAM) with IPv6
[    0.327753] sit: IPv6, IPv4 and MPLS over IPv4 tunneling driver
[    0.328740] NET: Registered PF_PACKET protocol family
[    0.328769] NET: Registered PF_KEY protocol family
[    0.328922] Key type dns_resolver registered
[    0.329145] ThumbEE CPU extension supported.
[    0.329166] Registering SWP/SWPB emulation handler
[    0.329691] omap_voltage_late_init: Voltage driver support not added
[    0.330353] SmartReflex Class3 initialized
[    0.364363] Loading compiled-in X.509 certificates
[    0.407145] /ocp/interconnect@44c00000/segment@200000/target-module@b000/i2c@0/tda19988@70: Fixed dependency cycle(s) with /ocp/interconnect@48000000/segment@300000/target-module@e000/lcdc@0
[    0.413754] /ocp/interconnect@44c00000/segment@200000/target-module@b000/i2c@0/tda19988@70: Fixed dependency cycle(s) with /ocp/interconnect@48000000/segment@300000/target-module@e000/lcdc@0
[    0.419325] gpiochip_find_base_unlocked: found new base at 512
[    0.473091] /ocp/interconnect@44c00000/segment@200000/target-module@b000/i2c@0/tda19988@70: Fixed dependency cycle(s) with /ocp/interconnect@48000000/segment@300000/target-module@e000/lcdc@0
[    0.474012] /ocp/interconnect@44c00000/segment@200000/target-module@b000/i2c@0/tda19988@70: Fixed dependency cycle(s) with /ocp/interconnect@48000000/segment@300000/target-module@e000/lcdc@0
[    0.477575] /ocp/interconnect@44c00000/segment@200000/target-module@10000/scm@0/pinmux@800: Fixed dependency cycle(s) with /ocp/interconnect@44c00000/segment@200000/target-module@10000/scm@0/pinmux@800/clkout2-pins
[    0.478164] pinctrl-single 44e10800.pinmux: 142 pins, size 568
[    0.483821] ti-sysc 44e31000.target-module: probe with driver ti-sysc failed with error -16
[    0.492146] /ocp/interconnect@48000000/segment@300000/target-module@e000/lcdc@0: Fixed dependency cycle(s) with /ocp/interconnect@44c00000/segment@200000/target-module@b000/i2c@0/tda19988@70
[    0.500420] ti-sysc 48040000.target-module: probe with driver ti-sysc failed with error -16
[    0.512386] gpiochip_find_base_unlocked: found new base at 512
[    0.512498] gpio gpiochip0: (gpio-0-31): created GPIO range 0->7 ==> 44e10800.pinmux PIN 0->7
[    0.512518] gpio gpiochip0: (gpio-0-31): created GPIO range 8->11 ==> 44e10800.pinmux PIN 90->93
[    0.512534] gpio gpiochip0: (gpio-0-31): created GPIO range 12->27 ==> 44e10800.pinmux PIN 12->27
[    0.512550] gpio gpiochip0: (gpio-0-31): created GPIO range 28->31 ==> 44e10800.pinmux PIN 30->33
[    0.546800] gpio gpiochip0: (gpio-0-31): added GPIO chardev (254:0)
[    0.547053] gpio gpiochip0: registered GPIOs 512 to 543 on gpio-0-31
[    0.547143] OMAP GPIO hardware version 0.1
[    0.573113] i2c i2c-2: using DT '/ocp/interconnect@48000000/segment@100000/target-module@9c000/i2c@0' for 'scl' GPIO lookup
[    0.573184] of_get_named_gpiod_flags: can't parse 'scl-gpios' property of node '/ocp/interconnect@48000000/segment@100000/target-module@9c000/i2c@0[0]'
[    0.573226] of_get_named_gpiod_flags: can't parse 'scl-gpio' property of node '/ocp/interconnect@48000000/segment@100000/target-module@9c000/i2c@0[0]'
[    0.573261] i2c i2c-2: using lookup tables for GPIO lookup
[    0.573271] i2c i2c-2: No GPIO consumer scl found
[    0.573292] i2c i2c-2: using DT '/ocp/interconnect@48000000/segment@100000/target-module@9c000/i2c@0' for 'sda' GPIO lookup
[    0.573327] of_get_named_gpiod_flags: can't parse 'sda-gpios' property of node '/ocp/interconnect@48000000/segment@100000/target-module@9c000/i2c@0[0]'
[    0.573363] of_get_named_gpiod_flags: can't parse 'sda-gpio' property of node '/ocp/interconnect@48000000/segment@100000/target-module@9c000/i2c@0[0]'
[    0.573394] i2c i2c-2: using lookup tables for GPIO lookup
[    0.573402] i2c i2c-2: No GPIO consumer sda found
[    0.574133] omap_i2c 4819c000.i2c: bus 2 rev0.11 at 100 kHz
[    0.579776] gpiochip_find_base_unlocked: found new base at 544
[    0.579890] gpio gpiochip1: (gpio-32-63): created GPIO range 0->17 ==> 44e10800.pinmux PIN 34->51
[    0.579910] gpio gpiochip1: (gpio-32-63): created GPIO range 18->21 ==> 44e10800.pinmux PIN 77->80
[    0.579928] gpio gpiochip1: (gpio-32-63): created GPIO range 22->31 ==> 44e10800.pinmux PIN 56->65
[    0.598737] gpio gpiochip1: (gpio-32-63): added GPIO chardev (254:1)
[    0.598970] gpio gpiochip1: registered GPIOs 544 to 575 on gpio-32-63
[    0.601286] gpiochip_find_base_unlocked: found new base at 576
[    0.601576] gpio gpiochip2: (gpio-64-95): created GPIO range 0->4 ==> 44e10800.pinmux PIN 66->70
[    0.601599] gpio gpiochip2: (gpio-64-95): created GPIO range 5->6 ==> 44e10800.pinmux PIN 98->99
[    0.601614] gpio gpiochip2: (gpio-64-95): created GPIO range 7->8 ==> 44e10800.pinmux PIN 75->76
[    0.601630] gpio gpiochip2: (gpio-64-95): created GPIO range 13->13 ==> 44e10800.pinmux PIN 141->141
[    0.601646] gpio gpiochip2: (gpio-64-95): created GPIO range 14->21 ==> 44e10800.pinmux PIN 100->107
[    0.602410] gpio gpiochip2: (gpio-64-95): added GPIO chardev (254:2)
[    0.602622] gpio gpiochip2: registered GPIOs 576 to 607 on gpio-64-95
[    0.608409] 48000000.interconnect:segment@200000:target-module@0:mpu@0:fck: device ID is greater than 24
[    0.609328] /ocp/interconnect@48000000/segment@300000/target-module@e000/lcdc@0: Fixed dependency cycle(s) with /ocp/interconnect@44c00000/segment@200000/target-module@b000/i2c@0/tda19988@70
[    0.612578] /ocp/interconnect@48000000/segment@300000/target-module@e000/lcdc@0: Fixed dependency cycle(s) with /ocp/interconnect@44c00000/segment@200000/target-module@b000/i2c@0/tda19988@70
[    0.613344] /ocp/interconnect@44c00000/segment@200000/target-module@b000/i2c@0/tda19988@70: Fixed dependency cycle(s) with /ocp/interconnect@48000000/segment@300000/target-module@e000/lcdc@0
[    0.613510] /ocp/interconnect@48000000/segment@300000/target-module@e000/lcdc@0: Fixed dependency cycle(s) with /ocp/interconnect@44c00000/segment@200000/target-module@b000/i2c@0/tda19988@70
[    0.623434] mdio_bus 4a101000.mdio: using DT '/ocp/interconnect@4a000000/segment@0/target-module@100000/switch@0/mdio@1000' for 'reset' GPIO lookup
[    0.623507] of_get_named_gpiod_flags: can't parse 'reset-gpios' property of node '/ocp/interconnect@4a000000/segment@0/target-module@100000/switch@0/mdio@1000[0]'
[    0.623554] of_get_named_gpiod_flags: can't parse 'reset-gpio' property of node '/ocp/interconnect@4a000000/segment@0/target-module@100000/switch@0/mdio@1000[0]'
[    0.623599] mdio_bus 4a101000.mdio: using lookup tables for GPIO lookup
[    0.623609] mdio_bus 4a101000.mdio: No GPIO consumer reset found
[    0.624844] sdhci-omap 481d8000.mmc: using DT '/ocp/interconnect@48000000/segment@100000/target-module@d8000/mmc@0' for 'wp' GPIO lookup
[    0.624909] of_get_named_gpiod_flags: can't parse 'wp-gpios' property of node '/ocp/interconnect@48000000/segment@100000/target-module@d8000/mmc@0[0]'
[    0.624951] of_get_named_gpiod_flags: can't parse 'wp-gpio' property of node '/ocp/interconnect@48000000/segment@100000/target-module@d8000/mmc@0[0]'
[    0.624986] sdhci-omap 481d8000.mmc: using lookup tables for GPIO lookup
[    0.624996] sdhci-omap 481d8000.mmc: No GPIO consumer wp found
[    0.625193] sdhci-omap 481d8000.mmc: supply pbias not found, using dummy regulator
[    0.625674] sdhci-omap 481d8000.mmc: supply vqmmc not found, using dummy regulator
[    0.677332] davinci_mdio 4a101000.mdio: davinci mdio revision 1.6, bus freq 1000000
[    0.679053] mdio_bus 4a101000.mdio:00: using DT '/ocp/interconnect@4a000000/segment@0/target-module@100000/switch@0/mdio@1000/ethernet-phy@0' for 'reset' GPIO lookup
[    0.679159] of_get_named_gpiod_flags: parsed 'reset-gpios' property of node '/ocp/interconnect@4a000000/segment@0/target-module@100000/switch@0/mdio@1000/ethernet-phy@0[0]' - status (0)
[    0.679315] gpio gpiochip0: Persistence not supported for GPIO 8
[    0.801451] davinci_mdio 4a101000.mdio: phy[0]: device 4a101000.mdio:00, driver SMSC LAN8710/LAN8720
[    0.802247] cpsw-switch 4a100000.switch: initialized cpsw ale version 1.4
[    0.802269] cpsw-switch 4a100000.switch: ALE Table size 1024, Policers 0
[    0.821781] cpsw-switch 4a100000.switch: cpts: overflow check period 500 (jiffies)
[    0.821804] cpsw-switch 4a100000.switch: CPTS: ref_clk_freq:250000000 calc_mult:2147483648 calc_shift:29 error:0 nsec/sec
[    0.821925] cpsw-switch 4a100000.switch: Detected MACID = 6c:ec:eb:68:de:78
[    0.823859] cpsw-switch 4a100000.switch: initialized (regs 0x4a100000, pool size 256) hw_ver:0019010C 1.12 (0)
[    0.835185] debugfs: '49000000.dma' already exists in 'dmaengine'
[    0.835230] edma 49000000.dma: TI EDMA DMA engine driver
[    0.864707] gpio-clk clk_mcasp0: using DT '/clk_mcasp0' for 'enable' GPIO lookup
[    0.864783] of_get_named_gpiod_flags: parsed 'enable-gpios' property of node '/clk_mcasp0[0]' - status (0)
[    0.864828] gpio gpiochip0: Persistence not supported for GPIO 27
[    0.865684] gpiochip_find_base_unlocked: found new base at 608
[    0.865799] gpio gpiochip3: (gpio-96-127): created GPIO range 0->7 ==> 44e10800.pinmux PIN 82->89
[    0.865818] gpio gpiochip3: (gpio-96-127): created GPIO range 8->11 ==> 44e10800.pinmux PIN 52->55
[    0.865833] gpio gpiochip3: (gpio-96-127): created GPIO range 12->15 ==> 44e10800.pinmux PIN 94->97
[    0.865849] gpio gpiochip3: (gpio-96-127): created GPIO range 16->17 ==> 44e10800.pinmux PIN 71->72
[    0.865866] gpio gpiochip3: (gpio-96-127): created GPIO range 18->18 ==> 44e10800.pinmux PIN 135->135
[    0.865884] gpio gpiochip3: (gpio-96-127): created GPIO range 19->20 ==> 44e10800.pinmux PIN 108->109
[    0.865900] gpio gpiochip3: (gpio-96-127): created GPIO range 21->21 ==> 44e10800.pinmux PIN 73->73
[    0.865934] gpio gpiochip3: (gpio-96-127): created GPIO range 22->23 ==> 44e10800.pinmux PIN 8->9
[    0.865953] gpio gpiochip3: (gpio-96-127): created GPIO range 26->27 ==> 44e10800.pinmux PIN 10->11
[    0.865970] gpio gpiochip3: (gpio-96-127): created GPIO range 28->28 ==> 44e10800.pinmux PIN 74->74
[    0.865988] gpio gpiochip3: (gpio-96-127): created GPIO range 29->29 ==> 44e10800.pinmux PIN 81->81
[    0.866006] gpio gpiochip3: (gpio-96-127): created GPIO range 30->31 ==> 44e10800.pinmux PIN 28->29
[    0.886321] gpio gpiochip3: (gpio-96-127): added GPIO chardev (254:3)
[    0.886572] gpio gpiochip3: registered GPIOs 608 to 639 on gpio-96-127
[    0.906641] omap8250 44e09000.serial: using DT '/ocp/interconnect@44c00000/segment@200000/target-module@9000/serial@0' for 'rs485-term' GPIO lookup
[    0.906717] of_get_named_gpiod_flags: can't parse 'rs485-term-gpios' property of node '/ocp/interconnect@44c00000/segment@200000/target-module@9000/serial@0[0]'
[    0.906762] of_get_named_gpiod_flags: can't parse 'rs485-term-gpio' property of node '/ocp/interconnect@44c00000/segment@200000/target-module@9000/serial@0[0]'
[    0.906798] omap8250 44e09000.serial: using lookup tables for GPIO lookup
[    0.906809] omap8250 44e09000.serial: No GPIO consumer rs485-term found
[    0.906818] omap8250 44e09000.serial: using DT '/ocp/interconnect@44c00000/segment@200000/target-module@9000/serial@0' for 'rs485-rx-during-tx' GPIO lookup
[    0.906853] of_get_named_gpiod_flags: can't parse 'rs485-rx-during-tx-gpios' property of node '/ocp/interconnect@44c00000/segment@200000/target-module@9000/serial@0[0]'
[    0.906890] of_get_named_gpiod_flags: can't parse 'rs485-rx-during-tx-gpio' property of node '/ocp/interconnect@44c00000/segment@200000/target-module@9000/serial@0[0]'
[    0.906922] omap8250 44e09000.serial: using lookup tables for GPIO lookup
[    0.906930] omap8250 44e09000.serial: No GPIO consumer rs485-rx-during-tx found
[    0.907366] 44e09000.serial: ttyS0 at MMIO 0x44e09000 (irq = 34, base_baud = 3000000) is a 8250
[    0.907460] printk: legacy console [ttyS0] enabled
[    2.453777] i2c i2c-0: using DT '/ocp/interconnect@44c00000/segment@200000/target-module@b000/i2c@0' for 'scl' GPIO lookup
[    2.453865] of_get_named_gpiod_flags: can't parse 'scl-gpios' property of node '/ocp/interconnect@44c00000/segment@200000/target-module@b000/i2c@0[0]'
[    2.453911] of_get_named_gpiod_flags: can't parse 'scl-gpio' property of node '/ocp/interconnect@44c00000/segment@200000/target-module@b000/i2c@0[0]'
[    2.453951] i2c i2c-0: using lookup tables for GPIO lookup
[    2.453966] i2c i2c-0: No GPIO consumer scl found
[    2.453992] i2c i2c-0: using DT '/ocp/interconnect@44c00000/segment@200000/target-module@b000/i2c@0' for 'sda' GPIO lookup
[    2.454032] of_get_named_gpiod_flags: can't parse 'sda-gpios' property of node '/ocp/interconnect@44c00000/segment@200000/target-module@b000/i2c@0[0]'
[    2.454073] of_get_named_gpiod_flags: can't parse 'sda-gpio' property of node '/ocp/interconnect@44c00000/segment@200000/target-module@b000/i2c@0[0]'
[    2.454108] i2c i2c-0: using lookup tables for GPIO lookup
[    2.454120] i2c i2c-0: No GPIO consumer sda found
[    2.472303] tps65217-pmic: Failed to locate of_node [id: -1]
[    2.478366] tps65217-bl: Failed to locate of_node [id: -1]
[    2.484422] platform tps65217-charger: DMA mask not set
[    2.490455] platform tps65217-pwrbutton: DMA mask not set
[    2.497667] tps65217 0-0024: TPS65217 ID 0xe version 1.2
[    2.503772] /ocp/interconnect@48000000/segment@300000/target-module@e000/lcdc@0: Fixed dependency cycle(s) with /ocp/interconnect@44c00000/segment@200000/target-module@b000/i2c@0/tda19988@70
[    2.521180] /ocp/interconnect@44c00000/segment@200000/target-module@b000/i2c@0/tda19988@70: Fixed dependency cycle(s) with /ocp/interconnect@48000000/segment@300000/target-module@e000/lcdc@0
[    2.538580] omap_i2c 44e0b000.i2c: bus 0 rev0.11 at 400 kHz
[    2.546360] sdhci-omap 48060000.mmc: using DT '/ocp/interconnect@48000000/segment@0/target-module@60000/mmc@0' for 'cd' GPIO lookup
[    2.546470] of_get_named_gpiod_flags: parsed 'cd-gpios' property of node '/ocp/interconnect@48000000/segment@0/target-module@60000/mmc@0[0]' - status (0)
[    2.546538] gpio gpiochip3: Persistence not supported for GPIO 6
[    2.546565] omap_gpio 44e07000.gpio: Could not set line 6 debounce to 200000 microseconds (-22)
[    2.555443] sdhci-omap 48060000.mmc: Got CD GPIO
[    2.560095] sdhci-omap 48060000.mmc: using DT '/ocp/interconnect@48000000/segment@0/target-module@60000/mmc@0' for 'wp' GPIO lookup
[    2.560144] of_get_named_gpiod_flags: can't parse 'wp-gpios' property of node '/ocp/interconnect@48000000/segment@0/target-module@60000/mmc@0[0]'
[    2.560186] of_get_named_gpiod_flags: can't parse 'wp-gpio' property of node '/ocp/interconnect@48000000/segment@0/target-module@60000/mmc@0[0]'
[    2.560225] sdhci-omap 48060000.mmc: using lookup tables for GPIO lookup
[    2.560239] sdhci-omap 48060000.mmc: No GPIO consumer wp found
[    2.560448] sdhci-omap 48060000.mmc: supply pbias not found, using dummy regulator
[    2.569282] sdhci-omap 481d8000.mmc: using DT '/ocp/interconnect@48000000/segment@100000/target-module@d8000/mmc@0' for 'wp' GPIO lookup
[    2.569357] of_get_named_gpiod_flags: can't parse 'wp-gpios' property of node '/ocp/interconnect@48000000/segment@100000/target-module@d8000/mmc@0[0]'
[    2.569405] of_get_named_gpiod_flags: can't parse 'wp-gpio' property of node '/ocp/interconnect@48000000/segment@100000/target-module@d8000/mmc@0[0]'
[    2.569444] sdhci-omap 481d8000.mmc: using lookup tables for GPIO lookup
[    2.569457] sdhci-omap 481d8000.mmc: No GPIO consumer wp found
[    2.571059] sdhci-omap 48060000.mmc: supply vqmmc not found, using dummy regulator
[    2.579584] sdhci-omap 481d8000.mmc: supply pbias not found, using dummy regulator
[    2.588263] sdhci-omap 481d8000.mmc: supply vqmmc not found, using dummy regulator
[    2.680641] mmc1: SDHCI controller on 481d8000.mmc [481d8000.mmc] using External DMA
[    2.689067] mmc0: SDHCI controller on 48060000.mmc [48060000.mmc] using External DMA
[    2.697856] cpsw-switch 4a100000.switch: starting ndev. mode: dual_mac
[    2.761655] mmc1: new high speed MMC card at address 0001
[    2.768485] mmcblk1: mmc1:0001 MMC04G 3.60 GiB
[    2.776383]  mmcblk1: p1 p2
[    2.780128] SMSC LAN8710/LAN8720 4a101000.mdio:00: attached PHY driver (mii_bus:phy_addr=4a101000.mdio:00, irq=POLL)
[    2.793122] mmcblk1boot0: mmc1:0001 MMC04G 2.00 MiB
[    2.806507] mmcblk1boot1: mmc1:0001 MMC04G 2.00 MiB
[    2.815256] mmcblk1rpmb: mmc1:0001 MMC04G 128 KiB, chardev (249:0)
[    2.864432] mmc0: new high speed SDHC card at address aaaa
[    2.871260] mmcblk0: mmc0:aaaa SE32G 29.7 GiB
[    2.880584]  mmcblk0: p1 p2
[    5.922117] cpsw-switch 4a100000.switch eth0: Link is Up - 100Mbps/Full - flow control off
[    5.961585] IP-Config: Complete:
[    5.964861]      device=eth0, hwaddr=6c:ec:eb:68:de:78, ipaddr=192.168.255.1, mask=255.255.255.0, gw=255.255.255.255
[    5.975537]      host=bbb1, domain=, nis-domain=(none)
[    5.980707]      bootserver=192.168.255.126, rootserver=192.168.255.126, rootpath=
[    5.981141] clk: Disabling unused clocks
[    5.992977] PM: genpd: Disabling unused power domains
[    5.998130] KTAP version 1
[    6.000853] 1..0
[    6.003350] check access for rdinit=/init failed: -2, ignoring
[    6.040396] VFS: Mounted root (nfs filesystem) on device 0:17.
[    6.047707] devtmpfs: mounted
[    6.052374] Freeing unused kernel image (initmem) memory: 1024K
[    6.059045] Run /sbin/init as init process
[    6.063266]   with arguments:
[    6.063281]     /sbin/init
[    6.063291]     nfsrootdebug
[    6.063301]   with environment:
[    6.063309]     HOME=/
[    6.063318]     TERM=linux
[    6.749665] systemd[1]: System time before build time, advancing clock.
[    8.281363] random: crng init done
[    8.314140] systemd[1]: systemd 232 running in system mode. (+PAM +AUDIT +SELINUX +IMA +APPARMOR +SMACK +SYSVINIT +UTMP +LIBCRYPTSETUP +GCRYPT +GNUTLS +ACL +XZ +LZ4 +SECCOMP +BLKID +ELFUTILS +KMOD +IDN)
[    8.333237] systemd[1]: Detected architecture arm.
[    8.364596] systemd[1]: Set hostname to <arm>.
[    9.487715] systemd[1]: Created slice User and Session Slice.
[    9.515278] systemd[1]: systemd-journald-dev-log.socket: SO_PASSSEC failed: Operation not supported
[    9.524940] systemd[1]: Listening on Journal Socket (/dev/log).
[    9.551755] systemd[1]: Reached target Swap.
[    9.572755] systemd[1]: Created slice System Slice.
[    9.602333] systemd[1]: Started Dispatch Password Requests to Console Directory Watch.
[    9.642065] systemd[1]: Mounting Debug File System...
[   11.769253] systemd-journald[87]: Received request to flush runtime journal from PID 1
[   13.281908] omap_prm 44e00d00.prm: sync_state() pending due to 44d00000.cpu
[   14.530423] leds-gpio leds: using DT '/leds/led2' for '(default)' GPIO lookup
[   14.530528] of_get_named_gpiod_flags: parsed 'gpios' property of node '/leds/led2[0]' - status (0)
[   14.530588] gpio gpiochip0: Persistence not supported for GPIO 21
[   14.530603] gpio-533 (?): no flags found for GPIO (default)
[   14.661743] leds-gpio leds: using DT '/leds/led3' for '(default)' GPIO lookup
[   14.661853] of_get_named_gpiod_flags: parsed 'gpios' property of node '/leds/led3[0]' - status (0)
[   14.661909] gpio gpiochip0: Persistence not supported for GPIO 22
[   14.661924] gpio-534 (?): no flags found for GPIO (default)
[   14.687360] leds-gpio leds: using DT '/leds/led4' for '(default)' GPIO lookup
[   14.687461] of_get_named_gpiod_flags: parsed 'gpios' property of node '/leds/led4[0]' - status (0)
[   14.687515] gpio gpiochip0: Persistence not supported for GPIO 23
[   14.687529] gpio-535 (?): no flags found for GPIO (default)
[   14.721817] leds-gpio leds: using DT '/leds/led5' for '(default)' GPIO lookup
[   14.721914] of_get_named_gpiod_flags: parsed 'gpios' property of node '/leds/led5[0]' - status (0)
[   14.721968] gpio gpiochip0: Persistence not supported for GPIO 24
[   14.721983] gpio-536 (?): no flags found for GPIO (default)
[   14.927939] remoteproc remoteproc0: wkup_m3 is available
[   15.137298] at24 2-0054: supply vcc not found, using dummy regulator
[   15.282792] at24 2-0055: supply vcc not found, using dummy regulator
[   15.400119] at24 2-0056: supply vcc not found, using dummy regulator
[   15.476313] at24 2-0057: supply vcc not found, using dummy regulator
[   15.628908] at24 0-0050: using DT '/ocp/interconnect@44c00000/segment@200000/target-module@b000/i2c@0/eeprom@50' for 'wp' GPIO lookup
[   15.629109] of_get_named_gpiod_flags: can't parse 'wp-gpios' property of node '/ocp/interconnect@44c00000/segment@200000/target-module@b000/i2c@0/eeprom@50[0]'
[   15.629173] of_get_named_gpiod_flags: can't parse 'wp-gpio' property of node '/ocp/interconnect@44c00000/segment@200000/target-module@b000/i2c@0/eeprom@50[0]'
[   15.629221] at24 0-0050: using lookup tables for GPIO lookup
[   15.629236] at24 0-0050: No GPIO consumer wp found
[   15.629578] at24 0-0050: 32768 byte 24c256 EEPROM, writable, 1 bytes/write
[   15.686872] input: tps65217_pwrbutton as /devices/platform/ocp/44c00000.interconnect/44c00000.interconnect:segment@200000/44e0b000.target-module/44e0b000.i2c/i2c-0/0-0024/tps65217-pwrbutton/input/input0
[   16.043606] omap_rtc 44e3e000.rtc: registered as rtc0
[   16.048806] omap_rtc 44e3e000.rtc: setting system clock to 2000-01-01T00:00:00 UTC (946684800)
[   16.057665] omap_rtc 44e3e000.rtc: using DT '/ocp/interconnect@44c00000/segment@200000/target-module@3e000/rtc@0' for 'wp' GPIO lookup
[   16.057743] of_get_named_gpiod_flags: can't parse 'wp-gpios' property of node '/ocp/interconnect@44c00000/segment@200000/target-module@3e000/rtc@0[0]'
[   16.057794] of_get_named_gpiod_flags: can't parse 'wp-gpio' property of node '/ocp/interconnect@44c00000/segment@200000/target-module@3e000/rtc@0[0]'
[   16.057834] omap_rtc 44e3e000.rtc: using lookup tables for GPIO lookup
[   16.057849] omap_rtc 44e3e000.rtc: No GPIO consumer wp found
[   16.195083] omap_wdt: OMAP Watchdog Timer Rev 0x01: initial timeout 60 sec
[   16.478051] am335x-phy-driver 47401300.usb-phy: using DT '/ocp/target-module@47400000/usb-phy@1300' for 'reset' GPIO lookup
[   16.478251] of_get_named_gpiod_flags: can't parse 'reset-gpios' property of node '/ocp/target-module@47400000/usb-phy@1300[0]'
[   16.478357] of_get_named_gpiod_flags: can't parse 'reset-gpio' property of node '/ocp/target-module@47400000/usb-phy@1300[0]'
[   16.478399] am335x-phy-driver 47401300.usb-phy: using lookup tables for GPIO lookup
[   16.478415] am335x-phy-driver 47401300.usb-phy: No GPIO consumer reset found
[   16.478496] am335x-phy-driver 47401300.usb-phy: using DT '/ocp/target-module@47400000/usb-phy@1300' for 'vbus-detect' GPIO lookup
[   16.478533] of_get_named_gpiod_flags: can't parse 'vbus-detect-gpios' property of node '/ocp/target-module@47400000/usb-phy@1300[0]'
[   16.478617] of_get_named_gpiod_flags: can't parse 'vbus-detect-gpio' property of node '/ocp/target-module@47400000/usb-phy@1300[0]'
[   16.478649] am335x-phy-driver 47401300.usb-phy: using lookup tables for GPIO lookup
[   16.478662] am335x-phy-driver 47401300.usb-phy: No GPIO consumer vbus-detect found
[   16.478965] am335x-phy-driver 47401300.usb-phy: dummy supplies not allowed for exclusive requests (id=vbus)
[   16.712148] am335x-phy-driver 47401b00.usb-phy: using DT '/ocp/target-module@47400000/usb-phy@1b00' for 'reset' GPIO lookup
[   16.712238] of_get_named_gpiod_flags: can't parse 'reset-gpios' property of node '/ocp/target-module@47400000/usb-phy@1b00[0]'
[   16.712284] of_get_named_gpiod_flags: can't parse 'reset-gpio' property of node '/ocp/target-module@47400000/usb-phy@1b00[0]'
[   16.712323] am335x-phy-driver 47401b00.usb-phy: using lookup tables for GPIO lookup
[   16.712338] am335x-phy-driver 47401b00.usb-phy: No GPIO consumer reset found
[   16.712352] am335x-phy-driver 47401b00.usb-phy: using DT '/ocp/target-module@47400000/usb-phy@1b00' for 'vbus-detect' GPIO lookup
[   16.712383] of_get_named_gpiod_flags: can't parse 'vbus-detect-gpios' property of node '/ocp/target-module@47400000/usb-phy@1b00[0]'
[   16.712415] of_get_named_gpiod_flags: can't parse 'vbus-detect-gpio' property of node '/ocp/target-module@47400000/usb-phy@1b00[0]'
[   16.712442] am335x-phy-driver 47401b00.usb-phy: using lookup tables for GPIO lookup
[   16.712454] am335x-phy-driver 47401b00.usb-phy: No GPIO consumer vbus-detect found
[   16.712604] am335x-phy-driver 47401b00.usb-phy: dummy supplies not allowed for exclusive requests (id=vbus)
[   16.999394] usbcore: registered new interface driver usbfs
[   17.005680] usbcore: registered new interface driver hub
[   17.011134] usbcore: registered new device driver usb
[   17.331815] tda998x 0-0070: found TDA19988
[   17.806719] musb-hdrc musb-hdrc.1: MUSB HDRC host driver
[   17.812545] musb-hdrc musb-hdrc.1: new USB bus registered, assigned bus number 1
[   18.038168] usb usb1: New USB device found, idVendor=1d6b, idProduct=0002, bcdDevice= 6.17
[   18.046735] usb usb1: New USB device strings: Mfr=3, Product=2, SerialNumber=1
[   18.054096] usb usb1: Product: MUSB HDRC host driver
[   18.059093] usb usb1: Manufacturer: Linux 6.17.0-rc6-next-20250915 musb-hcd
[   18.066129] usb usb1: SerialNumber: musb-hdrc.1
[   18.441709] omap-mailbox 480c8000.mailbox: omap mailbox rev 0x400
[   18.479192] hub 1-0:1.0: USB hub found
[   18.509168] remoteproc remoteproc0: powering up wkup_m3
[   18.567123] hub 1-0:1.0: 1 port detected
[   18.651568] remoteproc remoteproc0: Direct firmware load for am335x-pm-firmware.elf failed with error -2
[   18.661166] remoteproc remoteproc0: request_firmware failed: -2
[   18.667222] wkup_m3_ipc 44e11324.wkup_m3_ipc: rproc_boot failed
[   20.871849] omap_rng 48310000.rng: Random Number Generator ver. 20
[   20.957451] ------------[ cut here ]------------
[   20.962259] WARNING: net/8021q/vlan_core.c:236 at vlan_for_each+0x114/0x134, CPU#0: avahi-daemon/189
[   20.971522] RTNL: assertion failed at net/8021q/vlan_core.c (236)
[   20.977648] Modules linked in: drm_dma_helper omap_rng rng_core drm_client_lib snd_soc_davinci_mcasp snd_soc_ti_udma snd_soc_ti_edma snd_soc_ti_sdma snd_soc_core snd_pcm_dmaengine snd_pcm omap_mailbox snd_timer snd soundcore musb_dsps musb_hdrc udc_core tda998x cec usbcore drm_kms_helper phy_am335x phy_generic omap_wdt usb_common watchdog rtc_omap drm wkup_m3_ipc phy_am335x_control tps65218_pwrbutton drm_panel_orientation_quirks at24 cppi41 wkup_m3_rproc leds_gpio cpufreq_dt led_class autofs4
[   21.021774] CPU: 0 UID: 107 PID: 189 Comm: avahi-daemon Not tainted 6.17.0-rc6-next-20250915 #1 NONE 
[   21.021792] Hardware name: Generic AM33XX (Flattened Device Tree)
[   21.021801] Call trace: 
[   21.021817]  unwind_backtrace from show_stack+0x10/0x14
[   21.021853]  show_stack from dump_stack_lvl+0x50/0x64
[   21.021878]  dump_stack_lvl from __warn+0x88/0x148
[   21.021897]  __warn from warn_slowpath_fmt+0x19c/0x1b0
[   21.021910]  warn_slowpath_fmt from vlan_for_each+0x114/0x134
[   21.021928]  vlan_for_each from cpsw_add_mc_addr+0x40/0xa4
[   21.021947]  cpsw_add_mc_addr from __hw_addr_ref_sync_dev+0x108/0x140
[   21.021971]  __hw_addr_ref_sync_dev from __dev_mc_add+0x7c/0x80
[   21.021990]  __dev_mc_add from igmp6_group_added+0xc8/0xe0
[   21.022013]  igmp6_group_added from __ipv6_dev_mc_inc+0x218/0x364
[   21.022027]  __ipv6_dev_mc_inc from __ipv6_sock_mc_join+0x11c/0x1c0
[   21.022042]  __ipv6_sock_mc_join from do_ipv6_setsockopt+0x1214/0x1310
[   21.022066]  do_ipv6_setsockopt from ipv6_setsockopt+0x60/0xcc
[   21.022084]  ipv6_setsockopt from udpv6_setsockopt+0x2c/0x6c
[   21.022105]  udpv6_setsockopt from sock_common_setsockopt+0x30/0x40
[   21.022133]  sock_common_setsockopt from do_sock_setsockopt+0x50/0x9c
[   21.022152]  do_sock_setsockopt from __sys_setsockopt+0x70/0xbc
[   21.022168]  __sys_setsockopt from ret_fast_syscall+0x0/0x58
[   21.022184] Exception stack(0xe0371fa8 to 0xe0371ff0)
[   21.022198] 1fa0:                   00000014 b6f22ce8 0000000d 00000029 00000014 bea1c9ec
[   21.022210] 1fc0: 00000014 b6f22ce8 00000014 00000126 0000000d b6ecbff4 004ce988 004b6558
[   21.022218] 1fe0: b6ee1088 bea1c9d8 b6ebe309 b6d9541a
[   21.022226] ---[ end trace 0000000000000000 ]---
[   21.211942] tilcdc 4830e000.lcdc: bound 0-0070 (ops tda998x_audio_codec_init [tda998x])
[   21.376635] [drm] Initialized tilcdc 1.0.0 for 4830e000.lcdc on minor 0
[   21.398739] tilcdc 4830e000.lcdc: [drm] Cannot find any crtc or sizes
[   21.415620] tilcdc 4830e000.lcdc: [drm] Cannot find any crtc or sizes
[   23.368209] PM: Cannot get wkup_m3_ipc handle
[   23.561741] omap-sham 53100000.sham: hw accel on OMAP rev 4.3
[   23.690072] omap-aes 53500000.aes: OMAP AES hw accel rev: 3.2
[   23.737744] omap-sham 53100000.sham: will run requests pump with realtime priority
[   23.749764] PM: Cannot get wkup_m3_ipc handle
[   23.807002] omap-aes 53500000.aes: will run requests pump with realtime priority
[   23.820363] PM: Cannot get wkup_m3_ipc handle
[   25.049963] Bluetooth: Core ver 2.22
[   25.054002] NET: Registered PF_BLUETOOTH protocol family
[   25.059356] Bluetooth: HCI device and connection manager initialized
[   25.065885] Bluetooth: HCI socket layer initialized
[   25.070804] Bluetooth: L2CAP socket layer initialized
[   25.076125] Bluetooth: SCO socket layer initialized
[   27.344862] tda998x 0-0070: using DT '/ocp/interconnect@44c00000/segment@200000/target-module@b000/i2c@0/tda19988@70' for 'nxp,calib' GPIO lookup
[   27.345006] of_get_named_gpiod_flags: parsed 'nxp,calib-gpios' property of node '/ocp/interconnect@44c00000/segment@200000/target-module@b000/i2c@0/tda19988@70[0]' - status (0)
[   27.345094] gpio gpiochip0: Persistence not supported for GPIO 25
[   27.345110] gpio-537 (nxp,calib): no flags found for GPIO nxp,calib
[   27.394235] PM: Cannot get wkup_m3_ipc handle
[   27.400011] asoc-simple-card sound: using DT '/sound' for 'simple-audio-card,hp-det' GPIO lookup
[   27.400085] of_get_named_gpiod_flags: can't parse 'simple-audio-card,hp-det-gpios' property of node '/sound[0]'
[   27.400120] of_get_named_gpiod_flags: can't parse 'simple-audio-card,hp-det-gpio' property of node '/sound[0]'
[   27.400146] asoc-simple-card sound: using lookup tables for GPIO lookup
[   27.400160] asoc-simple-card sound: No GPIO consumer simple-audio-card,hp-det found
[   27.400176] asoc-simple-card sound: using DT '/sound' for 'simple-audio-card,mic-det' GPIO lookup
[   27.400202] of_get_named_gpiod_flags: can't parse 'simple-audio-card,mic-det-gpios' property of node '/sound[0]'
[   27.400228] of_get_named_gpiod_flags: can't parse 'simple-audio-card,mic-det-gpio' property of node '/sound[0]'
[   27.400247] asoc-simple-card sound: using lookup tables for GPIO lookup
[   27.400259] asoc-simple-card sound: No GPIO consumer simple-audio-card,mic-det found
[   27.427562] gpio-537 (nxp,calib): gpiod_direction_output_nonotify: tried to set a GPIO tied to an IRQ as output
[   27.527418] PM: Cannot get wkup_m3_ipc handle
[   27.733097] tda9950 0-0034: TDA9950 CEC interface, hardware version 3.3
[   27.844679] PM: Cannot get wkup_m3_ipc handle
[   30.108427] userial_init: registered 8 ttyGS* devices
[   30.358709] rndis_register: configNr = 0
[   30.545490] udc musb-hdrc.0: binding gadget driver [g_multi]
[   30.545592] configfs-gadget.g_multi gadget.0: adding 'rndis'/8b26e704 to config 'c'/c4b7a58b
[   30.546753] configfs-gadget.g_multi gadget.0: HOST MAC 1c:ba:8c:a2:ed:6c
[   30.553744] configfs-gadget.g_multi gadget.0: MAC 1c:ba:8c:a2:ed:70
[   30.560121] rndis_set_param_medium: 0 0
[   30.560142] configfs-gadget.g_multi gadget.0: RNDIS: IN/ep1in OUT/ep1out NOTIFY/ep2in
[   30.560161] configfs-gadget.g_multi gadget.0: adding 'cdc_ethernet'/ce91a761 to config 'c'/c4b7a58b
[   30.561058] configfs-gadget.g_multi gadget.0: HOST MAC 1c:ba:8c:a2:ed:6c
[   30.567940] configfs-gadget.g_multi gadget.0: MAC 1c:ba:8c:a2:ed:6d
[   30.574311] configfs-gadget.g_multi gadget.0: CDC Ethernet: IN/ep3in OUT/ep2out NOTIFY/ep4in
[   30.574331] configfs-gadget.g_multi gadget.0: adding 'acm'/5325123d to config 'c'/c4b7a58b
[   30.574369] configfs-gadget.g_multi gadget.0: acm ttyGS0: IN/ep5in OUT/ep3out NOTIFY/ep6in
[   30.579063] PM: Cannot get wkup_m3_ipc handle
[   32.443538] configfs-gadget.g_multi gadget.0: eth_open
[   36.130760] gs_open: ttyGS0 (6fffacfc,2b7bb46c)
[   36.130896] gs_close: ttyGS0 (6fffacfc,2b7bb46c) ...
[   36.130919] gs_close: ttyGS0 (6fffacfc,2b7bb46c) done!
[   36.141862] gs_open: ttyGS0 (6fffacfc,2b7bb46c)
[   36.141984] gs_close: ttyGS0 (6fffacfc,2b7bb46c) ...
[   36.142006] gs_close: ttyGS0 (6fffacfc,2b7bb46c) done!
[   36.326578] gs_open: ttyGS0 (6fffacfc,c92c67c8)
[   36.327046] gs_close: ttyGS0 (6fffacfc,c92c67c8) ...
[   36.327082] gs_close: ttyGS0 (6fffacfc,c92c67c8) done!
[   36.335800] gs_open: ttyGS0 (6fffacfc,2b7bb46c)
OBAGNAXWOU 0
root@arm:~# echo 'WSSB''PFOMTP'
WSSBPFOMTP
root@arm:~# MARKER='FZYV''ENAUVX' run 'modprobe test_linear_ranges'
FZYVENAUVXFZYVENAUVX 0
root@arm:~# echo 'OMQG''EGEGCC'
OMQGEGEGCC
root@arm:~# MARKER='MYVP''JGOCFL' run dmesg
MYVPJGOCFL[    0.000000] Booting Linux on physical CPU 0x0
[    0.000000] Linux version 6.17.0-rc6-next-20250915 (user01@drvtest01) (arm-none-eabi-gcc (Arm GNU Toolchain 14.2.Rel1 (Build arm-14.52)) 14.2.1 20241119, GNU ld (Arm GNU Toolchain 14.2.Rel1 (Build arm-14.52)) 2.43.1.20241119) #1 SMP Tue Sep 16 02:57:54 EEST 2025
[    0.000000] CPU: ARMv7 Processor [413fc082] revision 2 (ARMv7), cr=10c5387d
[    0.000000] CPU: PIPT / VIPT nonaliasing data cache, VIPT aliasing instruction cache
[    0.000000] OF: fdt: Machine model: TI AM335x BeagleBone Black
[    0.000000] Memory policy: Data cache writeback
[    0.000000] cma: Reserved 16 MiB at 0x9e800000
[    0.000000] Zone ranges:
[    0.000000]   Normal   [mem 0x0000000080000000-0x000000009fdfffff]
[    0.000000]   HighMem  empty
[    0.000000] Movable zone start for each node
[    0.000000] Early memory node ranges
[    0.000000]   node   0: [mem 0x0000000080000000-0x000000009fdfffff]
[    0.000000] Initmem setup node 0 [mem 0x0000000080000000-0x000000009fdfffff]
[    0.000000] On node 0, zone Normal: 512 pages in unavailable ranges
[    0.000000] OF: reserved mem: Reserved memory: No reserved-memory node in the DT
[    0.000000] CPU: All CPU(s) started in SVC mode.
[    0.000000] AM335X ES2.1 (sgx neon)
[    0.000000] percpu: Embedded 17 pages/cpu s39884 r8192 d21556 u69632
[    0.000000] pcpu-alloc: s39884 r8192 d21556 u69632 alloc=17*4096
[    0.000000] pcpu-alloc: [0] 0 
[    0.000000] Kernel command line: console=ttyO0,115200n8 root=/dev/nfs rw nfsroot=192.168.255.126:/home/user01/nfs,nfsvers=3 ip=192.168.255.1:192.168.255.126::255.255.255.0:bbb1:eth0 nfsrootdebug
[    0.000000] Unknown kernel command line parameters "nfsrootdebug", will be passed to user space.
[    0.000000] printk: log buffer data + meta data: 65536 + 204800 = 270336 bytes
[    0.000000] Dentry cache hash table entries: 65536 (order: 6, 262144 bytes, linear)
[    0.000000] Inode-cache hash table entries: 32768 (order: 5, 131072 bytes, linear)
[    0.000000] Built 1 zonelists, mobility grouping on.  Total pages: 130560
[    0.000000] mem auto-init: stack:off, heap alloc:off, heap free:off
[    0.000000] SLUB: HWalign=16, Order=0-3, MinObjects=0, CPUs=1, Nodes=1
[    0.000000] rcu: Hierarchical RCU implementation.
[    0.000000] rcu: 	RCU event tracing is enabled.
[    0.000000] rcu: 	RCU restricting CPUs from NR_CPUS=2 to nr_cpu_ids=1.
[    0.000000] 	Tracing variant of Tasks RCU enabled.
[    0.000000] rcu: RCU calculated value of scheduler-enlistment delay is 10 jiffies.
[    0.000000] rcu: Adjusting geometry for rcu_fanout_leaf=16, nr_cpu_ids=1
[    0.000000] RCU Tasks Trace: Setting shift to 0 and lim to 1 rcu_task_cb_adjust=1 rcu_task_cpu_ids=1.
[    0.000000] NR_IRQS: 16, nr_irqs: 16, preallocated irqs: 16
[    0.000000] IRQ: Found an INTC at 0x(ptrval) (revision 5.0) with 128 interrupts
[    0.000000] rcu: srcu_init: Setting srcu_struct sizes based on contention.
[    0.000000] TI gptimer clocksource: always-on /ocp/interconnect@44c00000/segment@200000/target-module@31000
[    0.000002] sched_clock: 32 bits at 24MHz, resolution 41ns, wraps every 89478484971ns
[    0.000025] clocksource: dmtimer: mask: 0xffffffff max_cycles: 0xffffffff, max_idle_ns: 79635851949 ns
[    0.000501] TI gptimer clockevent: 24000000 Hz at /ocp/interconnect@48000000/segment@0/target-module@40000
[    0.002059] Console: colour dummy device 80x30
[    0.002123] WARNING: Your 'console=ttyO0' has been replaced by 'ttyS0'
[    0.002131] This ensures that you still see kernel messages. Please
[    0.002135] update your kernel commandline.
[    0.002177] Calibrating delay loop... 996.14 BogoMIPS (lpj=4980736)
[    0.090613] CPU: Testing write buffer coherency: ok
[    0.090699] CPU0: Spectre v2: using BPIALL workaround
[    0.090709] pid_max: default: 32768 minimum: 301
[    0.090883] LSM: initializing lsm=capability
[    0.091043] Mount-cache hash table entries: 1024 (order: 0, 4096 bytes, linear)
[    0.091064] Mountpoint-cache hash table entries: 1024 (order: 0, 4096 bytes, linear)
[    0.092668] CPU0: thread -1, cpu 0, socket -1, mpidr 0
[    0.092724] cacheinfo: Unable to detect cache hierarchy for CPU 0
[    0.094740] Setting up static identity map for 0x80100000 - 0x80100078
[    0.095049] rcu: Hierarchical SRCU implementation.
[    0.095060] rcu: 	Max phase no-delay instances is 1000.
[    0.096748] smp: Bringing up secondary CPUs ...
[    0.096804] smp: Brought up 1 node, 1 CPU
[    0.096818] SMP: Total of 1 processors activated (996.14 BogoMIPS).
[    0.096829] CPU: All CPU(s) started in SVC mode.
[    0.097031] Memory: 480872K/522240K available (11264K kernel code, 1222K rwdata, 2948K rodata, 1024K init, 254K bss, 23332K reserved, 16384K cma-reserved, 0K highmem)
[    0.097855] devtmpfs: initialized
[    0.115996] VFP support v0.3: implementor 41 architecture 3 part 30 variant c rev 3
[    0.116630] clocksource: jiffies: mask: 0xffffffff max_cycles: 0xffffffff, max_idle_ns: 19112604462750000 ns
[    0.116687] posixtimers hash table entries: 512 (order: 0, 4096 bytes, linear)
[    0.116714] futex hash table entries: 256 (16384 bytes on 1 NUMA nodes, total 16 KiB, linear).
[    0.117849] pinctrl core: initialized pinctrl subsystem
[    0.119946] NET: Registered PF_NETLINK/PF_ROUTE protocol family
[    0.123016] DMA: preallocated 256 KiB pool for atomic coherent allocations
[    0.123633] audit: initializing netlink subsys (disabled)
[    0.124981] thermal_sys: Registered thermal governor 'fair_share'
[    0.124996] thermal_sys: Registered thermal governor 'step_wise'
[    0.125006] thermal_sys: Registered thermal governor 'user_space'
[    0.125117] audit: type=2000 audit(0.120:1): state=initialized audit_enabled=0 res=1
[    0.125189] cpuidle: using governor menu
[    0.143989] /ocp/interconnect@44c00000/segment@200000/target-module@b000/i2c@0/tda19988@70: Fixed dependency cycle(s) with /ocp/interconnect@48000000/segment@300000/target-module@e000/lcdc@0
[    0.145090] /ocp/interconnect@48000000/segment@300000/target-module@e000/lcdc@0: Fixed dependency cycle(s) with /ocp/interconnect@44c00000/segment@200000/target-module@b000/i2c@0/tda19988@70
[    0.147295] No ATAGs?
[    0.147330] hw-breakpoint: debug architecture 0x4 unsupported.
[    0.150379] kprobes: kprobe jump-optimization is enabled. All kprobes are optimized if possible.
[    0.163636] iommu: Default domain type: Translated
[    0.163661] iommu: DMA domain TLB invalidation policy: strict mode
[    0.165219] reg-fixed-voltage fixedregulator0: using DT '/fixedregulator0' for '(default)' GPIO lookup
[    0.165271] of_get_named_gpiod_flags: can't parse 'gpios' property of node '/fixedregulator0[0]'
[    0.165300] of_get_named_gpiod_flags: can't parse 'gpio' property of node '/fixedregulator0[0]'
[    0.165317] reg-fixed-voltage fixedregulator0: using lookup tables for GPIO lookup
[    0.165328] reg-fixed-voltage fixedregulator0: No GPIO consumer (default) found
[    0.166436] SCSI subsystem initialized
[    0.166868] libata version 3.00 loaded.
[    0.167256] pps_core: LinuxPPS API ver. 1 registered
[    0.167267] pps_core: Software ver. 5.3.6 - Copyright 2005-2007 Rodolfo Giometti <giometti@linux.it>
[    0.167291] PTP clock support registered
[    0.180983] vgaarb: loaded
[    0.181345] clocksource: Switched to clocksource dmtimer
[    0.182023] VFS: Disk quotas dquot_6.6.0
[    0.182080] VFS: Dquot-cache hash table entries: 1024 (order 0, 4096 bytes)
[    0.206933] NET: Registered PF_INET protocol family
[    0.207270] IP idents hash table entries: 8192 (order: 4, 65536 bytes, linear)
[    0.208713] tcp_listen_portaddr_hash hash table entries: 512 (order: 0, 4096 bytes, linear)
[    0.208750] Table-perturb hash table entries: 65536 (order: 6, 262144 bytes, linear)
[    0.208769] TCP established hash table entries: 4096 (order: 2, 16384 bytes, linear)
[    0.208814] TCP bind hash table entries: 4096 (order: 4, 65536 bytes, linear)
[    0.208913] TCP: Hash tables configured (established 4096 bind 4096)
[    0.209035] UDP hash table entries: 256 (order: 1, 14336 bytes, linear)
[    0.209071] UDP-Lite hash table entries: 256 (order: 1, 14336 bytes, linear)
[    0.209289] NET: Registered PF_UNIX/PF_LOCAL protocol family
[    0.212111] RPC: Registered named UNIX socket transport module.
[    0.212132] RPC: Registered udp transport module.
[    0.212138] RPC: Registered tcp transport module.
[    0.212142] RPC: Registered tcp-with-tls transport module.
[    0.212147] RPC: Registered tcp NFSv4.1 backchannel transport module.
[    0.212172] PCI: CLS 0 bytes, default 64
[    0.213581] Initialise system trusted keyrings
[    0.222435] workingset: timestamp_bits=14 max_order=17 bucket_order=3
[    0.223891] NFS: Registering the id_resolver key type
[    0.223948] Key type id_resolver registered
[    0.223955] Key type id_legacy registered
[    0.224063] jffs2: version 2.2. (NAND) (SUMMARY)  Â© 2001-2006 Red Hat, Inc.
[    0.224524] Key type asymmetric registered
[    0.224540] Asymmetric key parser 'x509' registered
[    0.224614] io scheduler mq-deadline registered
[    0.224624] io scheduler kyber registered
[    0.224713] io scheduler bfq registered
[    0.226585] target-module@4b000000:target-module@140000:pmu@0:fck: device ID is greater than 24
[    0.232776] l3-aon-clkctrl:0000:0: failed to disable
[    0.241478] ledtrig-cpu: registered to indicate activity on CPUs
[    0.245259] Serial: 8250/16550 driver, 6 ports, IRQ sharing enabled
[    0.284857] brd: module loaded
[    0.312378] loop: module loaded
[    0.313324] mtdoops: mtd device (mtddev=name/number) must be supplied
[    0.314902] mdio_bus fixed-0: using lookup tables for GPIO lookup
[    0.314927] mdio_bus fixed-0: No GPIO consumer reset found
[    0.316373] i2c_dev: i2c /dev entries driver
[    0.317394] cpuidle: enable-method property 'ti,am3352' found operations
[    0.317845] sdhci: Secure Digital Host Controller Interface driver
[    0.317855] sdhci: Copyright(c) Pierre Ossman
[    0.318041] sdhci-pltfm: SDHCI platform and OF driver helper
[    0.319599] hw perfevents: enabled with armv7_cortex_a8 PMU driver, 5 (8000000f) counters available
[    0.320128] Initializing XFRM netlink socket
[    0.320310] NET: Registered PF_INET6 protocol family
[    0.325962] l3-aon-clkctrl:0000:0: failed to disable
[    0.327574] Segment Routing with IPv6
[    0.327659] In-situ OAM (IOAM) with IPv6
[    0.327753] sit: IPv6, IPv4 and MPLS over IPv4 tunneling driver
[    0.328740] NET: Registered PF_PACKET protocol family
[    0.328769] NET: Registered PF_KEY protocol family
[    0.328922] Key type dns_resolver registered
[    0.329145] ThumbEE CPU extension supported.
[    0.329166] Registering SWP/SWPB emulation handler
[    0.329691] omap_voltage_late_init: Voltage driver support not added
[    0.330353] SmartReflex Class3 initialized
[    0.364363] Loading compiled-in X.509 certificates
[    0.407145] /ocp/interconnect@44c00000/segment@200000/target-module@b000/i2c@0/tda19988@70: Fixed dependency cycle(s) with /ocp/interconnect@48000000/segment@300000/target-module@e000/lcdc@0
[    0.413754] /ocp/interconnect@44c00000/segment@200000/target-module@b000/i2c@0/tda19988@70: Fixed dependency cycle(s) with /ocp/interconnect@48000000/segment@300000/target-module@e000/lcdc@0
[    0.419325] gpiochip_find_base_unlocked: found new base at 512
[    0.473091] /ocp/interconnect@44c00000/segment@200000/target-module@b000/i2c@0/tda19988@70: Fixed dependency cycle(s) with /ocp/interconnect@48000000/segment@300000/target-module@e000/lcdc@0
[    0.474012] /ocp/interconnect@44c00000/segment@200000/target-module@b000/i2c@0/tda19988@70: Fixed dependency cycle(s) with /ocp/interconnect@48000000/segment@300000/target-module@e000/lcdc@0
[    0.477575] /ocp/interconnect@44c00000/segment@200000/target-module@10000/scm@0/pinmux@800: Fixed dependency cycle(s) with /ocp/interconnect@44c00000/segment@200000/target-module@10000/scm@0/pinmux@800/clkout2-pins
[    0.478164] pinctrl-single 44e10800.pinmux: 142 pins, size 568
[    0.483821] ti-sysc 44e31000.target-module: probe with driver ti-sysc failed with error -16
[    0.492146] /ocp/interconnect@48000000/segment@300000/target-module@e000/lcdc@0: Fixed dependency cycle(s) with /ocp/interconnect@44c00000/segment@200000/target-module@b000/i2c@0/tda19988@70
[    0.500420] ti-sysc 48040000.target-module: probe with driver ti-sysc failed with error -16
[    0.512386] gpiochip_find_base_unlocked: found new base at 512
[    0.512498] gpio gpiochip0: (gpio-0-31): created GPIO range 0->7 ==> 44e10800.pinmux PIN 0->7
[    0.512518] gpio gpiochip0: (gpio-0-31): created GPIO range 8->11 ==> 44e10800.pinmux PIN 90->93
[    0.512534] gpio gpiochip0: (gpio-0-31): created GPIO range 12->27 ==> 44e10800.pinmux PIN 12->27
[    0.512550] gpio gpiochip0: (gpio-0-31): created GPIO range 28->31 ==> 44e10800.pinmux PIN 30->33
[    0.546800] gpio gpiochip0: (gpio-0-31): added GPIO chardev (254:0)
[    0.547053] gpio gpiochip0: registered GPIOs 512 to 543 on gpio-0-31
[    0.547143] OMAP GPIO hardware version 0.1
[    0.573113] i2c i2c-2: using DT '/ocp/interconnect@48000000/segment@100000/target-module@9c000/i2c@0' for 'scl' GPIO lookup
[    0.573184] of_get_named_gpiod_flags: can't parse 'scl-gpios' property of node '/ocp/interconnect@48000000/segment@100000/target-module@9c000/i2c@0[0]'
[    0.573226] of_get_named_gpiod_flags: can't parse 'scl-gpio' property of node '/ocp/interconnect@48000000/segment@100000/target-module@9c000/i2c@0[0]'
[    0.573261] i2c i2c-2: using lookup tables for GPIO lookup
[    0.573271] i2c i2c-2: No GPIO consumer scl found
[    0.573292] i2c i2c-2: using DT '/ocp/interconnect@48000000/segment@100000/target-module@9c000/i2c@0' for 'sda' GPIO lookup
[    0.573327] of_get_named_gpiod_flags: can't parse 'sda-gpios' property of node '/ocp/interconnect@48000000/segment@100000/target-module@9c000/i2c@0[0]'
[    0.573363] of_get_named_gpiod_flags: can't parse 'sda-gpio' property of node '/ocp/interconnect@48000000/segment@100000/target-module@9c000/i2c@0[0]'
[    0.573394] i2c i2c-2: using lookup tables for GPIO lookup
[    0.573402] i2c i2c-2: No GPIO consumer sda found
[    0.574133] omap_i2c 4819c000.i2c: bus 2 rev0.11 at 100 kHz
[    0.579776] gpiochip_find_base_unlocked: found new base at 544
[    0.579890] gpio gpiochip1: (gpio-32-63): created GPIO range 0->17 ==> 44e10800.pinmux PIN 34->51
[    0.579910] gpio gpiochip1: (gpio-32-63): created GPIO range 18->21 ==> 44e10800.pinmux PIN 77->80
[    0.579928] gpio gpiochip1: (gpio-32-63): created GPIO range 22->31 ==> 44e10800.pinmux PIN 56->65
[    0.598737] gpio gpiochip1: (gpio-32-63): added GPIO chardev (254:1)
[    0.598970] gpio gpiochip1: registered GPIOs 544 to 575 on gpio-32-63
[    0.601286] gpiochip_find_base_unlocked: found new base at 576
[    0.601576] gpio gpiochip2: (gpio-64-95): created GPIO range 0->4 ==> 44e10800.pinmux PIN 66->70
[    0.601599] gpio gpiochip2: (gpio-64-95): created GPIO range 5->6 ==> 44e10800.pinmux PIN 98->99
[    0.601614] gpio gpiochip2: (gpio-64-95): created GPIO range 7->8 ==> 44e10800.pinmux PIN 75->76
[    0.601630] gpio gpiochip2: (gpio-64-95): created GPIO range 13->13 ==> 44e10800.pinmux PIN 141->141
[    0.601646] gpio gpiochip2: (gpio-64-95): created GPIO range 14->21 ==> 44e10800.pinmux PIN 100->107
[    0.602410] gpio gpiochip2: (gpio-64-95): added GPIO chardev (254:2)
[    0.602622] gpio gpiochip2: registered GPIOs 576 to 607 on gpio-64-95
[    0.608409] 48000000.interconnect:segment@200000:target-module@0:mpu@0:fck: device ID is greater than 24
[    0.609328] /ocp/interconnect@48000000/segment@300000/target-module@e000/lcdc@0: Fixed dependency cycle(s) with /ocp/interconnect@44c00000/segment@200000/target-module@b000/i2c@0/tda19988@70
[    0.612578] /ocp/interconnect@48000000/segment@300000/target-module@e000/lcdc@0: Fixed dependency cycle(s) with /ocp/interconnect@44c00000/segment@200000/target-module@b000/i2c@0/tda19988@70
[    0.613344] /ocp/interconnect@44c00000/segment@200000/target-module@b000/i2c@0/tda19988@70: Fixed dependency cycle(s) with /ocp/interconnect@48000000/segment@300000/target-module@e000/lcdc@0
[    0.613510] /ocp/interconnect@48000000/segment@300000/target-module@e000/lcdc@0: Fixed dependency cycle(s) with /ocp/interconnect@44c00000/segment@200000/target-module@b000/i2c@0/tda19988@70
[    0.623434] mdio_bus 4a101000.mdio: using DT '/ocp/interconnect@4a000000/segment@0/target-module@100000/switch@0/mdio@1000' for 'reset' GPIO lookup
[    0.623507] of_get_named_gpiod_flags: can't parse 'reset-gpios' property of node '/ocp/interconnect@4a000000/segment@0/target-module@100000/switch@0/mdio@1000[0]'
[    0.623554] of_get_named_gpiod_flags: can't parse 'reset-gpio' property of node '/ocp/interconnect@4a000000/segment@0/target-module@100000/switch@0/mdio@1000[0]'
[    0.623599] mdio_bus 4a101000.mdio: using lookup tables for GPIO lookup
[    0.623609] mdio_bus 4a101000.mdio: No GPIO consumer reset found
[    0.624844] sdhci-omap 481d8000.mmc: using DT '/ocp/interconnect@48000000/segment@100000/target-module@d8000/mmc@0' for 'wp' GPIO lookup
[    0.624909] of_get_named_gpiod_flags: can't parse 'wp-gpios' property of node '/ocp/interconnect@48000000/segment@100000/target-module@d8000/mmc@0[0]'
[    0.624951] of_get_named_gpiod_flags: can't parse 'wp-gpio' property of node '/ocp/interconnect@48000000/segment@100000/target-module@d8000/mmc@0[0]'
[    0.624986] sdhci-omap 481d8000.mmc: using lookup tables for GPIO lookup
[    0.624996] sdhci-omap 481d8000.mmc: No GPIO consumer wp found
[    0.625193] sdhci-omap 481d8000.mmc: supply pbias not found, using dummy regulator
[    0.625674] sdhci-omap 481d8000.mmc: supply vqmmc not found, using dummy regulator
[    0.677332] davinci_mdio 4a101000.mdio: davinci mdio revision 1.6, bus freq 1000000
[    0.679053] mdio_bus 4a101000.mdio:00: using DT '/ocp/interconnect@4a000000/segment@0/target-module@100000/switch@0/mdio@1000/ethernet-phy@0' for 'reset' GPIO lookup
[    0.679159] of_get_named_gpiod_flags: parsed 'reset-gpios' property of node '/ocp/interconnect@4a000000/segment@0/target-module@100000/switch@0/mdio@1000/ethernet-phy@0[0]' - status (0)
[    0.679315] gpio gpiochip0: Persistence not supported for GPIO 8
[    0.801451] davinci_mdio 4a101000.mdio: phy[0]: device 4a101000.mdio:00, driver SMSC LAN8710/LAN8720
[    0.802247] cpsw-switch 4a100000.switch: initialized cpsw ale version 1.4
[    0.802269] cpsw-switch 4a100000.switch: ALE Table size 1024, Policers 0
[    0.821781] cpsw-switch 4a100000.switch: cpts: overflow check period 500 (jiffies)
[    0.821804] cpsw-switch 4a100000.switch: CPTS: ref_clk_freq:250000000 calc_mult:2147483648 calc_shift:29 error:0 nsec/sec
[    0.821925] cpsw-switch 4a100000.switch: Detected MACID = 6c:ec:eb:68:de:78
[    0.823859] cpsw-switch 4a100000.switch: initialized (regs 0x4a100000, pool size 256) hw_ver:0019010C 1.12 (0)
[    0.835185] debugfs: '49000000.dma' already exists in 'dmaengine'
[    0.835230] edma 49000000.dma: TI EDMA DMA engine driver
[    0.864707] gpio-clk clk_mcasp0: using DT '/clk_mcasp0' for 'enable' GPIO lookup
[    0.864783] of_get_named_gpiod_flags: parsed 'enable-gpios' property of node '/clk_mcasp0[0]' - status (0)
[    0.864828] gpio gpiochip0: Persistence not supported for GPIO 27
[    0.865684] gpiochip_find_base_unlocked: found new base at 608
[    0.865799] gpio gpiochip3: (gpio-96-127): created GPIO range 0->7 ==> 44e10800.pinmux PIN 82->89
[    0.865818] gpio gpiochip3: (gpio-96-127): created GPIO range 8->11 ==> 44e10800.pinmux PIN 52->55
[    0.865833] gpio gpiochip3: (gpio-96-127): created GPIO range 12->15 ==> 44e10800.pinmux PIN 94->97
[    0.865849] gpio gpiochip3: (gpio-96-127): created GPIO range 16->17 ==> 44e10800.pinmux PIN 71->72
[    0.865866] gpio gpiochip3: (gpio-96-127): created GPIO range 18->18 ==> 44e10800.pinmux PIN 135->135
[    0.865884] gpio gpiochip3: (gpio-96-127): created GPIO range 19->20 ==> 44e10800.pinmux PIN 108->109
[    0.865900] gpio gpiochip3: (gpio-96-127): created GPIO range 21->21 ==> 44e10800.pinmux PIN 73->73
[    0.865934] gpio gpiochip3: (gpio-96-127): created GPIO range 22->23 ==> 44e10800.pinmux PIN 8->9
[    0.865953] gpio gpiochip3: (gpio-96-127): created GPIO range 26->27 ==> 44e10800.pinmux PIN 10->11
[    0.865970] gpio gpiochip3: (gpio-96-127): created GPIO range 28->28 ==> 44e10800.pinmux PIN 74->74
[    0.865988] gpio gpiochip3: (gpio-96-127): created GPIO range 29->29 ==> 44e10800.pinmux PIN 81->81
