Labgrid Console Logfile for main
Logfile started at 2025-07-11 17:28:07.103421
=== Log starts here ===
reading args
spl_load_image_fat_os: error reading image args, err - -1
reading u-boot.img
reading u-boot.img


U-Boot 2014.04-00014-g47880f5 (Apr 22 2014 - 13:23:54)

I2C:   ready
DRAM:  512 MiB
NAND:  0 MiB
MMC:   OMAP SD/MMC: 0, OMAP SD/MMC: 1
*** Warning - readenv() failed, using default environment

Net:   <ethaddr> not set. Validating first E-fuse MAC
cpsw, usb_ether
Hit any key to stop autoboot:  1  0 
gpio: pin 53 (gpio 53) value is 1
mmc0 is current device
gpio: pin 54 (gpio 54) value is 1
SD/MMC found on device 0
reading uEnv.txt
569 bytes read in 4 ms (138.7 KiB/s)
gpio: pin 55 (gpio 55) value is 1
Loaded environment from uEnv.txt
Importing environment from mmc ...
Checking if uenvcmd is set ...
gpio: pin 56 (gpio 56) value is 1
Running uenvcmd ...
cpsw Waiting for PHY auto negotiation to complete. done
link up on port 0, speed 100, full duplex
Using cpsw device
TFTP from server 192.168.255.126; our IP address is 192.168.255.1
Filename 'zImage'.
Load address: 0x81000000
Loading: *#################################################################
	 #################################################################
	 #################################################################
	 #################################################################
	 #################################################################
	 #############################
	 2.4 MiB/s
done
Bytes transferred = 5185920 (4f2180 hex)
link up on port 0, speed 100, full duplex
Using cpsw device
TFTP from server 192.168.255.126; our IP address is 192.168.255.1
Filename 'am335x-boneblack.dtb'.
Load address: 0x82000000
Loading: *#######
	 1.8 MiB/s
done
Bytes transferred = 97756 (17ddc hex)
Kernel image @ 0x81000000 [ 0x000000 - 0x4f2180 ]
## Flattened Device Tree blob at 82000000
   Booting using the fdt blob at 0x82000000
   Using Device Tree in place at 82000000, end 8201addb

Starting kernel ...

[    0.000000] Booting Linux on physical CPU 0x0
[    0.000000] Linux version 6.1.144 (user01@drvtest01) (arm-none-eabi-gcc (Arm GNU Toolchain 14.2.Rel1 (Build arm-14.52)) 14.2.1 20241119, GNU ld (Arm GNU Toolchain 14.2.Rel1 (Build arm-14.52)) 2.43.1.20241119) #1 SMP Fri Jul 11 17:25:09 EEST 2025
[    0.000000] CPU: ARMv7 Processor [413fc082] revision 2 (ARMv7), cr=10c5387d
[    0.000000] CPU: PIPT / VIPT nonaliasing data cache, VIPT aliasing instruction cache
[    0.000000] OF: fdt: Machine model: TI AM335x BeagleBone Black
[    0.000000] Memory policy: Data cache writeback
[    0.000000] cma: Reserved 16 MiB at 0x9ec00000
[    0.000000] Zone ranges:
[    0.000000]   Normal   [mem 0x0000000080000000-0x000000009fdfffff]
[    0.000000]   HighMem  empty
[    0.000000] Movable zone start for each node
[    0.000000] Early memory node ranges
[    0.000000]   node   0: [mem 0x0000000080000000-0x000000009fdfffff]
[    0.000000] Initmem setup node 0 [mem 0x0000000080000000-0x000000009fdfffff]
[    0.000000] CPU: All CPU(s) started in SVC mode.
[    0.000000] AM335X ES2.1 (sgx neon)
[    0.000000] percpu: Embedded 16 pages/cpu s34196 r8192 d23148 u65536
[    0.000000] Built 1 zonelists, mobility grouping on.  Total pages: 129412
[    0.000000] Kernel command line: console=ttyO0,115200n8 root=/dev/nfs rw nfsroot=192.168.255.126:/home/user01/nfs,nfsvers=3 ip=192.168.255.1:192.168.255.126::255.255.255.0:bbb1:eth0 nfsrootdebug
[    0.000000] Unknown kernel command line parameters "nfsrootdebug", will be passed to user space.
[    0.000000] Dentry cache hash table entries: 65536 (order: 6, 262144 bytes, linear)
[    0.000000] Inode-cache hash table entries: 32768 (order: 5, 131072 bytes, linear)
[    0.000000] mem auto-init: stack:off, heap alloc:off, heap free:off
[    0.000000] Memory: 484644K/522240K available (10240K kernel code, 1145K rwdata, 2604K rodata, 1024K init, 286K bss, 21212K reserved, 16384K cma-reserved, 0K highmem)
[    0.000000] SLUB: HWalign=64, Order=0-3, MinObjects=0, CPUs=1, Nodes=1
[    0.000000] trace event string verifier disabled
[    0.000000] rcu: Hierarchical RCU implementation.
[    0.000000] rcu: 	RCU event tracing is enabled.
[    0.000000] rcu: 	RCU restricting CPUs from NR_CPUS=2 to nr_cpu_ids=1.
[    0.000000] rcu: RCU calculated value of scheduler-enlistment delay is 10 jiffies.
[    0.000000] rcu: Adjusting geometry for rcu_fanout_leaf=16, nr_cpu_ids=1
[    0.000000] NR_IRQS: 16, nr_irqs: 16, preallocated irqs: 16
[    0.000000] IRQ: Found an INTC at 0x(ptrval) (revision 5.0) with 128 interrupts
[    0.000000] rcu: srcu_init: Setting srcu_struct sizes based on contention.
[    0.000000] TI gptimer clocksource: always-on /ocp/interconnect@44c00000/segment@200000/target-module@31000
[    0.000002] sched_clock: 32 bits at 24MHz, resolution 41ns, wraps every 89478484971ns
[    0.000027] clocksource: dmtimer: mask: 0xffffffff max_cycles: 0xffffffff, max_idle_ns: 79635851949 ns
[    0.000445] TI gptimer clockevent: 24000000 Hz at /ocp/interconnect@48000000/segment@0/target-module@40000
[    0.001980] Console: colour dummy device 80x30
[    0.002026] WARNING: Your 'console=ttyO0' has been replaced by 'ttyS0'
[    0.002034] This ensures that you still see kernel messages. Please
[    0.002038] update your kernel commandline.
[    0.002078] Calibrating delay loop... 996.14 BogoMIPS (lpj=4980736)
[    0.090489] CPU: Testing write buffer coherency: ok
[    0.090590] CPU0: Spectre v2: using BPIALL workaround
[    0.090601] pid_max: default: 32768 minimum: 301
[    0.090728] LSM: Security Framework initializing
[    0.090896] Mount-cache hash table entries: 1024 (order: 0, 4096 bytes, linear)
[    0.090918] Mountpoint-cache hash table entries: 1024 (order: 0, 4096 bytes, linear)
[    0.092408] CPU0: thread -1, cpu 0, socket -1, mpidr 0
[    0.093675] Setting up static identity map for 0x80100000 - 0x80100078
[    0.093914] rcu: Hierarchical SRCU implementation.
[    0.093923] rcu: 	Max phase no-delay instances is 1000.
[    0.095225] smp: Bringing up secondary CPUs ...
[    0.095243] smp: Brought up 1 node, 1 CPU
[    0.095253] SMP: Total of 1 processors activated (996.14 BogoMIPS).
[    0.095264] CPU: All CPU(s) started in SVC mode.
[    0.096166] devtmpfs: initialized
[    0.111288] VFP support v0.3: implementor 41 architecture 3 part 30 variant c rev 3
[    0.111603] clocksource: jiffies: mask: 0xffffffff max_cycles: 0xffffffff, max_idle_ns: 19112604462750000 ns
[    0.111637] futex hash table entries: 256 (order: 2, 16384 bytes, linear)
[    0.112976] pinctrl core: initialized pinctrl subsystem
[    0.114876] NET: Registered PF_NETLINK/PF_ROUTE protocol family
[    0.116878] DMA: preallocated 256 KiB pool for atomic coherent allocations
[    0.117447] audit: initializing netlink subsys (disabled)
[    0.118637] thermal_sys: Registered thermal governor 'fair_share'
[    0.118656] thermal_sys: Registered thermal governor 'step_wise'
[    0.118662] thermal_sys: Registered thermal governor 'user_space'
[    0.118794] cpuidle: using governor menu
[    0.135390] /ocp/interconnect@44c00000/segment@200000/target-module@b000/i2c@0/tda19988@70: Fixed dependency cycle(s) with /ocp/interconnect@48000000/segment@300000/target-module@e000/lcdc@0
[    0.136425] /ocp/interconnect@48000000/segment@300000/target-module@e000/lcdc@0: Fixed dependency cycle(s) with /ocp/interconnect@44c00000/segment@200000/target-module@b000/i2c@0/tda19988@70
[    0.138403] No ATAGs?
[    0.138419] hw-breakpoint: debug architecture 0x4 unsupported.
[    0.147046] audit: type=2000 audit(0.110:1): state=initialized audit_enabled=0 res=1
[    0.147343] kprobes: kprobe jump-optimization is enabled. All kprobes are optimized if possible.
[    0.164590] iommu: Default domain type: Translated 
[    0.164603] iommu: DMA domain TLB invalidation policy: strict mode 
[    0.166043] SCSI subsystem initialized
[    0.166891] pps_core: LinuxPPS API ver. 1 registered
[    0.166901] pps_core: Software ver. 5.3.6 - Copyright 2005-2007 Rodolfo Giometti <giometti@linux.it>
[    0.166933] PTP clock support registered
[    0.168385] vgaarb: loaded
[    0.180812] clocksource: Switched to clocksource dmtimer
[    0.181445] VFS: Disk quotas dquot_6.6.0
[    0.181516] VFS: Dquot-cache hash table entries: 1024 (order 0, 4096 bytes)
[    0.193307] NET: Registered PF_INET protocol family
[    0.193640] IP idents hash table entries: 8192 (order: 4, 65536 bytes, linear)
[    0.194993] tcp_listen_portaddr_hash hash table entries: 512 (order: 0, 4096 bytes, linear)
[    0.195038] Table-perturb hash table entries: 65536 (order: 6, 262144 bytes, linear)
[    0.195057] TCP established hash table entries: 4096 (order: 2, 16384 bytes, linear)
[    0.195105] TCP bind hash table entries: 4096 (order: 4, 65536 bytes, linear)
[    0.195206] TCP: Hash tables configured (established 4096 bind 4096)
[    0.195317] UDP hash table entries: 256 (order: 1, 8192 bytes, linear)
[    0.195346] UDP-Lite hash table entries: 256 (order: 1, 8192 bytes, linear)
[    0.195520] NET: Registered PF_UNIX/PF_LOCAL protocol family
[    0.196709] RPC: Registered named UNIX socket transport module.
[    0.196728] RPC: Registered udp transport module.
[    0.196733] RPC: Registered tcp transport module.
[    0.196738] RPC: Registered tcp NFSv4.1 backchannel transport module.
[    0.196755] PCI: CLS 0 bytes, default 64
[    0.198184] Initialise system trusted keyrings
[    0.209248] workingset: timestamp_bits=14 max_order=17 bucket_order=3
[    0.218193] NFS: Registering the id_resolver key type
[    0.218293] Key type id_resolver registered
[    0.218300] Key type id_legacy registered
[    0.218351] jffs2: version 2.2. (NAND) (SUMMARY)  Â© 2001-2006 Red Hat, Inc.
[    0.219351] Key type asymmetric registered
[    0.219372] Asymmetric key parser 'x509' registered
[    0.219523] io scheduler mq-deadline registered
[    0.219535] io scheduler kyber registered
[    0.219773] io scheduler bfq registered
[    0.232632] hw perfevents: enabled with armv7_cortex_a8 PMU driver, 5 counters available
[    0.240855] l3-aon-clkctrl:0000:0: failed to disable
[    0.241193] Serial: 8250/16550 driver, 6 ports, IRQ sharing enabled
[    0.289487] brd: module loaded
[    0.296853] loop: module loaded
[    0.297742] mtdoops: mtd device (mtddev=name/number) must be supplied
[    0.300375] i2c_dev: i2c /dev entries driver
[    0.301282] cpuidle: enable-method property 'ti,am3352' found operations
[    0.301701] sdhci: Secure Digital Host Controller Interface driver
[    0.301711] sdhci: Copyright(c) Pierre Ossman
[    0.301890] sdhci-pltfm: SDHCI platform and OF driver helper
[    0.302147] ledtrig-cpu: registered to indicate activity on CPUs
[    0.302887] Initializing XFRM netlink socket
[    0.303437] NET: Registered PF_INET6 protocol family
[    0.314520] Segment Routing with IPv6
[    0.314598] In-situ OAM (IOAM) with IPv6
[    0.314693] sit: IPv6, IPv4 and MPLS over IPv4 tunneling driver
[    0.315573] NET: Registered PF_PACKET protocol family
[    0.315601] NET: Registered PF_KEY protocol family
[    0.315698] Key type dns_resolver registered
[    0.315812] ThumbEE CPU extension supported.
[    0.315828] Registering SWP/SWPB emulation handler
[    0.316335] omap_voltage_late_init: Voltage driver support not added
[    0.316947] SmartReflex Class3 initialized
[    0.317890] Loading compiled-in X.509 certificates
[    0.389169] /ocp/interconnect@44c00000/segment@200000/target-module@b000/i2c@0/tda19988@70: Fixed dependency cycle(s) with /ocp/interconnect@48000000/segment@300000/target-module@e000/lcdc@0
[    0.395121] /ocp/interconnect@44c00000/segment@200000/target-module@b000/i2c@0/tda19988@70: Fixed dependency cycle(s) with /ocp/interconnect@48000000/segment@300000/target-module@e000/lcdc@0
[    0.402806] /ocp/interconnect@44c00000/segment@200000/target-module@b000/i2c@0/tda19988@70: Fixed dependency cycle(s) with /ocp/interconnect@48000000/segment@300000/target-module@e000/lcdc@0
[    0.403604] /ocp/interconnect@44c00000/segment@200000/target-module@b000/i2c@0/tda19988@70: Fixed dependency cycle(s) with /ocp/interconnect@48000000/segment@300000/target-module@e000/lcdc@0
[    0.406650] /ocp/interconnect@44c00000/segment@200000/target-module@10000/scm@0/pinmux@800: Fixed dependency cycle(s) with /ocp/interconnect@44c00000/segment@200000/target-module@10000/scm@0/pinmux@800/pinmux_clkout2_pin
[    0.407222] pinctrl-single 44e10800.pinmux: 142 pins, size 568
[    0.412103] ti-sysc: probe of 44e31000.target-module failed with error -16
[    0.460943] /ocp/interconnect@48000000/segment@300000/target-module@e000/lcdc@0: Fixed dependency cycle(s) with /ocp/interconnect@44c00000/segment@200000/target-module@b000/i2c@0/tda19988@70
[    0.468091] ti-sysc: probe of 48040000.target-module failed with error -16
[    0.478600] gpio gpiochip0: (gpio-0-31): not an immutable chip, please consider fixing it!
[    0.502094] OMAP GPIO hardware version 0.1
[    0.514682] omap_i2c 4819c000.i2c: bus 2 rev0.11 at 100 kHz
[    0.520067] gpio gpiochip1: (gpio-32-63): not an immutable chip, please consider fixing it!
[    0.535651] gpio gpiochip2: (gpio-64-95): not an immutable chip, please consider fixing it!
[    0.542224] /ocp/interconnect@48000000/segment@300000/target-module@e000/lcdc@0: Fixed dependency cycle(s) with /ocp/interconnect@44c00000/segment@200000/target-module@ b000/i2c@0/tda19988@70
[    0.544823] /ocp/interconnect@48000000/segment@300000/target-module@e000/lcdc@0: Fixed dependency cycle(s) with /ocp/interconnect@44c00000/segment@200000/target-module@b000/i2c@0/tda19988@70
[    0.545470] /ocp/interconnect@44c00000/segment@200000/target-module@b000/i2c@0/tda19988@70: Fixed dependency cycle(s) with /ocp/interconnect@48000000/segment@300000/target-module@e000/lcdc@0
[    0.545629] /ocp/interconnect@48000000/segment@300000/target-module@e000/lcdc@0: Fixed depend ency cycle(s) with /ocp/interconnect@44c00000/segment@200000/target-module@b000/i2c@0/tda19988@70
[    0.555766] sdhci-omap 481d8000.mmc: supply pbias not found, using dummy regulator
[    0.556201] sdhci-omap 481d8000.mmc: supply vqmmc not found, using dummy regulator
[    0.612467] davinci_mdio 4a101000.mdio: davinci mdio revision 1.6, bus freq 1000000
[    0.794058] davinci_mdio 4a101000.mdio: phy[0]: device 4a101000.mdio:00, driver SMSC LAN8710/LAN8720
[    0.794647] cpsw-switch 4a100000.switch: initialized cpsw ale version 1.4
[    0.794668] cpsw-switch 4a100000.switch: ALE Table size 1024
[    0.799313] cpsw-switch 4a100000.switch: cpts: overflow check period 500 (jiffies)
[    0.799335] cpsw-switch 4a100000.switch: CPTS: ref_clk_freq:250000000 calc_mult:2147483648 calc_shift:29 error:0 nsec/sec
[    0.799432] cpsw-switch 4a100000.switch: Detected MACID = 6c:ec:eb:68:de:78
[    0.801101] cpsw-switch 4a100000.switch: initialized (regs 0x4a100000, pool size 256) hw_ver:0019010C 1.12 (0)
[    0.811024] debugfs: Directory '49000000.dma' with parent 'dmaengine' already present!
[    0.811066] edma 49000000.dma: TI EDMA DMA engine driver
[    0.850957] gpio gpiochip3: (gpio-96-127): not an immutable chip, please consider fixing it!
[    0.861930] 44e09000.serial: ttyS0 at MMIO 0x44e09000 (irq = 34, base_baud = 3000000) is a 8250
[    2.169394] printk: console [ttyS0] enabled
[    2.199519] tps65217-pmic: Failed to locate of_node [id: -1]
[    2.215368] tps65217-bl: Failed to locate of_node [id: -
[    5.689427] cpsw-switch 4a100000.switch eth0: Link is Up - 100Mbps/Full - flow control off
[    5.697819] IPv6: ADDRCONF(NETDEV_CHANGE): eth0: link becomes ready
[    5.738720] IP-Config: Complete:
[    5.741986]      device=eth0, hwaddr=6c:ec:eb:68:de:78, ipaddr=192.168.255.1, mask=255.255.255.0, gw=255.255.255.255
[    5.752605]      host=bbb1, domain=, nis-domain=(none)
[    5.757770]      bootserver=192.168.255.126, rootserver=192.168.255.126, rootpath=
[    5.758198] clk: Disabling unused clocks
[    5.770045] KTAP version 1
[    5.772771] 1..0
[    5.795896] VFS: Mounted root (nfs filesystem) on device 0:16.
[    5.802871] devtmpfs: mounted
[    5.807214] Freeing unused kernel image (initmem) memory: 1024K
[    5.813979] Run /sbin/init as init process
[    6.483752] systemd[1]: System time before build time, advancing clock.
[    7.958689] random: crng init done
[    8.029457] systemd[1]: systemd 232 running in system mode. (+PAM +AUDIT +SELINUX +IMA +APPARMOR +SMACK +SYSVINIT +UTMP +LIBCRYPTSETUP +GCRYPT +GNUTLS +ACL +XZ +LZ4 +SECCOMP +BLKID +ELFUTILS +KMOD +IDN)
[    8.048494] systemd[1]: Detected architecture arm.

Welcome to [1mDebian GNU/Linux 9 (stretch)[0m!

[    8.091690] systemd[1]: Set hostname to <arm>.
[    9.145607] systemd[1]: Reached target Swap.
[[0;32m  OK  [0m] Reached target Swap.
[    9.180438] systemd[1]: Created slice User and Session Slice.
[[0;32m  OK  [0m] Created slice User and Session Slice.
[    9.219705] systemd[1]: Listening on Journal Audit Socket.
[[0;32m  OK  [0m] Listening on Journal Audit Socket.
[    9.259984] systemd[1]: Created slice System Slice.
[[0;32m  OK  [0m] Created slice System Slice.
[    9.329280] systemd[1]: Mounting POSIX Message Queue File System...
         Mounting POSIX Message Queue File System...
[    9.369379] systemd[1]: Reached target Slices.
[[0;32m  OK  [0m] Reached target Slices.
[    9.380959] systemd[1]: Listening on Syslog Socket.
[[0;32m  OK  [0m] Listening on Syslog Socket.
         Mounting Debug File System...
[[0;32m  OK  [0m] Set up automount Arbitrary Executabâ€¦rmats File System Automount Point.
[[0;32m  OK  [0m] Created slice system-getty.slice.
[[0;32m  OK  [0m] Reached target Remote File Systems.
[[0;32m  OK  [0m] Started Forward Password Requests to Wall Directory Watch.
[[0;32m  OK  [0m] Created slice system-serial\x2dgetty.slice.
[[0;32m  OK  [0m] Listening on Journal Socket (/dev/log).
[[0;32m  OK  [0m] Listening on /dev/initctl Compatibility Named Pipe.
[[0;32m  OK  [0m] Started Dispatch Password Requests to Console Directory Watch.
[[0;32m  OK  [0m] Reached target Encrypted Volumes.
[[0;32m  OK  [0m] Listening on udev Kernel Socket.
[[0;32m  OK  [0m] Reached target Paths.
[[0;32m  OK  [0m] Listening on udev Control Socket.
[[0;32m  OK  [0m] Listening on Journal Socket.
         Starting Journal Service...
         Starting Create list of required stâ€¦ce nodes for the current kernel...
         Starting Load Kernel Modules...
         Starting Remount Root and Kernel File Systems...
[[0;32m  OK  [0m] Mounted POSIX Message Queue File System.
[[0;32m  OK  [0m] Mounted Debug File System.
[[0;32m  OK  [0m] Started Create list of required staâ€¦vice nodes for the current kernel.
         Starting Create Static Device Nodes in /dev...
[[0;32m  OK  [0m] Started Remount Root and Kernel File Systems.
         Starting udev Coldplug all Devices...
         Starting Load/Save Random Seed...
[[0;32m  OK  [0m] Started Load Kernel Modules.
         Mounting Configuration File System...
         Starting Apply Kernel Variables...
[[0;32m  OK  [0m] Mounted Configuration File System.
[[0;32m  OK  [0m] Started Load/Save Random Seed.
[[0;32m  OK  [0m] Started Create Static Device Nodes in /dev.
         Starting udev Kernel Device Manager...
[[0;32m  OK  [0m] Reached target Local File Systems (Pre).
[[0;32m  OK  [0m] Reached target Local File Systems.
[[0;32m  OK  [0m] Started Apply Kernel Variables.
         Starting Raise network interfaces...
[[0;32m  OK  [0m] Started Journal Service.
         Starting Flush Journal to Persistent Storage...
[   11.842300] systemd-journald[99]: Received request to flush runtime journal from PID 1
[[0;32m  OK  [0m] Started Flush Journal to Persistent Storage.
         Starting Create Volatile Files and Directories...
[[0;32m  OK  [0m] Started udev Kernel Device Manager.
[[0;32m  OK  [0m] Started Create Volatile Files and Directories.
         Starting Network Time Synchronization...
         Starting Update UTMP about System Boot/Shutdown...
[[0;32m  OK  [0m] Started Update UTMP about System Boot/Shutdown.
[[0;32m  OK  [0m] Started Network Time Synchronization.
[[0;32m  OK  [0m] Reached target System Time Synchronized.
[[0;32m  OK  [0m] Started udev Coldplug all Devices.
[[0;32m  OK  [0m] Reached target System Initialization.
[[0;32m  OK  [0m] Started Daily Cleanup of Temporary Directories.
[[0;32m  OK  [0m] Listening on D-Bus System Message Bus Socket.
[[0;32m  OK  [0m] Listening on Avahi mDNS/DNS-SD Stack Activation Socket.
[[0;32m  OK  [0m] Reached target Sockets.
[[0;32m  OK  [0m] Reached target Basic System.
         Starting LSB: Start busybox udhcpd at boot time...
[   15.118483] remoteproc remoteproc0: wkup_m3 is available
         Starting Login Service...
[   15.231039] wkup_m3_ipc 44e11324.wkup_m3_ipc: IPC Request for A8->M3 Channel failed! -517
[   15.268546] at24 2-0054: supply vcc not found, using dummy regulator
         Starting Cape Manager Service...
[   15.352825] wkup_m3_ipc 44e11324.wkup_m3_ipc: IPC Request for A8->M3 Channel failed! -517
         Starting DUN service...
[   15.484551] at24 2-0055: supply vcc not found, using dummy regulator
[   15.607670] tps6521x_pwrbutton tps65217-pwrbutton: DMA mask not set
[   15.649777] at24 2-0056: supply vcc not found, using dummy regulator
[[0;32m  OK  [0m] Started Regular background program processing daemon.
[   15.779771] input: tps65217_pwrbutton as /devices/platform/ocp/44c00000.interconnect/44c00000.interconnect:segment@200000/44e0b000.target-module/44e0b000.i2c/i2c-0/0-0024/tps65217-pwrbutton/input/input0
[   15.801501] wkup_m3_ipc 44e11324.wkup_m3_ipc: IPC Request for A8->M3 Channel failed! -517
         Starting LSB: Load kernel modules needed to enable cpuf[   15.832142] at24 2-0057: supply vcc not found, using dummy regulator
req scaling...
[[0;32m  OK  [0m] Started D-Bus System Message Bus.
[   16.034066] omap_wdt: OMAP Watchdog Timer Rev 0x01: initial timeout 60 sec
[   16.042544] wkup_m3_ipc 44e11324.wkup_m3_ipc: IPC Request for A8->M3 Channel failed! -517
[   16.063494] omap_rtc 44e3e000.rtc: registered as rtc0
[   16.068958] omap_rtc 44e3e000.rtc: setting system clock to 2000-01-01T00:00:01 UTC (946684801)
[   16.080063] at24 0-0050: 32768 byte 24c256 EEPROM, writable, 1 bytes/write
[   16.191137] wkup_m3_ipc 44e11324.wkup_m3_ipc: IPC Request for A8->M3 Channel failed! -517
[   16.487609] wkup_m3_ipc 44e11324.wkup_m3_ipc: IPC Request for A8->M3 Channel failed! -517
[   16.614261] am335x-phy-driver 47401300.usb-phy: supply vcc not found, using dummy regulator
[   16.623204] am335x-phy-driver 47401300.usb-phy: dummy supplies not allowed for exclusive requests
[   16.833610] am335x-phy-driver 47401b00.usb-phy: supply vcc not found, using dummy regulator
[   16.842566] am335x-phy-driver 47401b00.usb-phy: dummy supplies not allowed for exclusive requests
[   16.859971] wkup_m3_ipc 44e11324.wkup_m3_ipc: IPC Request for A8->M3 Channel failed! -517
[   17.140864] wkup_m3_ipc 44e11324.wkup_m3_ipc: IPC Request for A8->M3 Channel failed! -517
[   17.480175] usbcore: registered new interface driver usbfs
[   17.485809] usbcore: registered new interface driver hub
[   17.491431] usbcore: registered new device driver usb
[   17.931562] omap-mailbox 480c8000.mailbox: omap mailbox rev 0x400
[   17.951063] remoteproc remoteproc0: powering up wkup_m3
[   18.158106] remoteproc remoteproc0: Direct firmware load for am335x-pm-firmware.elf failed with error -2
[   18.167934] remoteproc remoteproc0: request_firmware failed: -2
[   18.173992] wkup_m3_ipc 44e11324.wkup_m3_ipc: rproc_boot failed
[   18.364740] musb-hdrc musb-hdrc.1: MUSB HDRC host driver
[   18.370378] musb-hdrc musb-hdrc.1: new USB bus registered, assigned bus number 1
[   18.488335] usb usb1: New USB device found, idVendor=1d6b, idProduct=0002, bcdDevice= 6.01
[   18.497391] usb usb1: New USB device strings: Mfr=3, Product=2, SerialNumber=1
[   18.504728] usb usb1: Product: MUSB HDRC host driver
[   18.509747] usb usb1: Manufacturer: Linux 6.1.144 musb-hcd
[   18.515261] usb usb1: SerialNumber: musb-hdrc.1
[   18.934671] tda998x 0-0070: found TDA19988
[   18.948267] hub 1-0:1.0: USB hub found
[   19.011664] hub 1-0:1.0: 1 port detected
[   19.960167] omap_rng 48310000.rng: Random Number Generator ver. 20
[   20.134546] tilcdc 4830e000.lcdc: bound 0-0070 (ops tda998x_audio_codec_init [tda998x])
[   20.271999] [drm] Initialized tilcdc 1.0.0 20121205 for 4830e000.lcdc on minor 0
[[0;32m  OK  [0m] Started DUN service.
[   20.363690] tilcdc 4830e000.lcdc: [drm] Cannot find any crtc or sizes
[   20.379137] tilcdc 4830e000.lcdc: [drm] Cannot find any crtc or sizes
         Starting Connection service...
         Starting Generic Board Startup...
         Starting Telephony service...
         Starting Avahi mDNS/DNS-SD Stack...
         Starting System Logging Service...
[[0;32m  OK  [0m] Started Daily apt download activities.
[[0;32m  OK  [0m] Started Daily apt upgrade and clean activities.
[[0;32m  OK  [0m] Reached target Timers.
[[0;32m  OK  [0m] Started Cape Manager Service.
[   21.392547] omap-sham 53100000.sham: hw accel on OMAP rev 4.3
[   21.401635] PM: Cannot get wkup_m3_ipc handle
[   21.545113] omap-sham 53100000.sham: will run requests pump with realtime priority
[   21.732042] omap-aes 53500000.aes: OMAP AES hw accel rev: 3.2
[   21.813734] PM: Cannot get wkup_m3_ipc handle
[   21.882999] omap-aes 53500000.aes: will run requests pump with realtime priority
[[0;32m  OK  [0m] Found device /dev/ttyS0.
[   22.109340] PM: Cannot get wkup_m3_ipc handle
[   23.476453] Bluetooth: Core ver 2.22
[   23.480445] NET: Registered PF_BLUETOOTH protocol family
[   23.485806] Bluetooth: HCI device and connection manager initialized
[   23.492301] Bluetooth: HCI socket layer initialized
[   23.497213] Bluetooth: L2CAP socket layer initialized
[   23.502356] Bluetooth: SCO socket layer initialized
[[0;32m  OK  [0m] Started System Logging Service.
[   25.390191] PM: Cannot get wkup_m3_ipc handle
[   25.556401] PM: Cannot get wkup_m3_ipc handle
[[0;32m  OK  [0m] Started Raise network interfaces.
[[0;32m  OK  [0m] Started LSB: Start busybox udhcpd at boot time.
[[0;32m  OK  [0m] Started LSB: Load kernel modules needed to enable cpufreq scaling.
[   28.172386] using random self ethernet address
[   28.176901] using random host ethernet address
[   28.400896] using random self ethernet address
[   28.405412] using random host ethernet address
[[0;32m  OK  [0m] Started Telephony service.
[   28.899635] usb0: HOST MAC 1c:ba:8c:a2:ed:6c
[   28.903962] usb0: MAC 1c:ba:8c:a2:ed:70
[   28.908824] usb1: HOST MAC 1c:ba:8c:a2:ed:6c
[   28.913140] usb1: MAC 1c:ba:8c:a2:ed:6d
[   28.919752] PM: Cannot get wkup_m3_ipc handle
[[0;32m  OK  [0m] Started Avahi mDNS/DNS-SD Stack.
[[0;32m  OK  [0m] Started Connection service.
[[0;32m  OK  [0m] Started Login Service.
         Starting Hostname Service...
         Starting WPA supplicant...
[[0;32m  OK  [0m] Reached target Sound Card.
         Starting LSB: set CPUFreq kernel parameters...
[[0;32m  OK  [0m] Started WPA supplicant.
[[0;32m  OK  [0m] Reached target Network.
[[0;32m  OK  [0m] Reached target Network is Online.
         Starting LSB: Advanced IEEE 802.11 management daemon...
         Starting The Apache HTTP Server...
         Starting Permit User Sessions...
         Starting OpenBSD Secure Shell server...
[[0;32m  OK  [0m] Started LSB: set CPUFreq kernel parameters.
[[0;32m  OK  [0m] Started LSB: Advanced IEEE 802.11 management daemon.
[[0;32m  OK  [0m] Started Hostname Service.
[[0;32m  OK  [0m] Started Permit User Sessions.
[[0;32m  OK  [0m] Started Serial Getty on ttyS0.
[[0;32m  OK  [0m] Started Getty on tty1.
[[0;32m  OK  [0m] Reached target Login Prompts.
[[0;32m  OK  [0m] Started OpenBSD Secure Shell server.
         Stopping LSB: Start busybox udhcpd at boot time...
[[0;32m  OK  [0m] Stopped LSB: Start busybox udhcpd at boot time.
[[0;32m  OK  [0m] Started The Apache HTTP Server.
         Starting dnsmasq - A lightweight DHCP and caching DNS server...
[[0;32m  OK  [0m] Started dnsmasq - A lightweight DHCP and caching DNS server.
[[0;32m  OK  [0m] Reached target Host and Network Name Lookups.
[[0;32m  OK  [0m] Started Serial Getty on ttyGS0.
[[0;32m  OK  [0m] Started Generic Board Startup.
[[0;32m  OK  [0m] Reached target Multi-User System.
[[0;32m  OK  [0m] Reached target Graphical Interface.
         Starting Update UTMP about System Runlevel Changes...
[[0;32m  OK  [0m] Started Update UTMP about System Runlevel Changes.

Debian GNU/Linux 9 arm ttyS0

default username:password is [debian:temppwd]

arm login: roo
Password: 
Last login: Sat Jan  1 00:00:25 UTC 2000 on ttyS0
root
Linux arm 6.1.144 #1 SMP Fri Jul 11 17:25:09 EEST 2025 armv7l

The programs included with the Debian GNU/Linux system are free software;
the exact distribution terms for each program are described in the
individual files in /usr/share/doc/*/copyright.

Debian GNU/Linux comes with ABSOLUTELY NO WARRANTY, to the extent
permitted by applicable law.
root@arm:~# root
-bash: root: command not found
root@arm:~# dmesg -n 1
root@arm:~# echo 'GWBP''TOGEMC'
GWBPTOGEMC
root@arm:~# run() { echo -n "$MARKER"; sh -c "$@"; echo "$MARKER $?"; }
root@arm:~# echo 'WVGN''TZCLOZ'
WVGNTZCLOZ
root@arm:~# MARKER='UZUA''WJLNWN' run 'cat /proc/version'
UZUAWJLNWNLinux version 6.1.144 (user01@drvtest01) (arm-none-eabi-gcc (Arm GNU Toolchain 14.2.Rel1 (Build arm-14.52)) 14.2.1 20241119, GNU ld (Arm GNU Toolchain 14.2.Rel1 (Build arm-14.52)) 2.43.1.20241119) #1 SMP Fri Jul 11 17:25:09 EEST 2025
UZUAWJLNWN 0
root@arm:~# echo 'MGQT''PZNJBE'
MGQTPZNJBE
root@arm:~# MARKER='JEJB''ZSGGQE' run false
JEJBZSGGQEJEJBZSGGQE 1
root@arm:~# Labgrid Console Logfile for main
Logfile started at 2025-07-11 17:29:03.255035
=== Log starts here ===

root@arm:~# run() { echo -n "$MARKER"; sh -c "$@"; echo "$MARKER $?"; }
root@arm:~# echo 'MTKW''ASEQOX'
MTKWASEQOX
root@arm:~# MARKER='LYJN''CGKMON' run 'ls /iio_generic_buffer; echo $?'
LYJNCGKMON/iio_generic_buffer
0
LYJNCGKMON 0
root@arm:~# Labgrid Console Logfile for main
Logfile started at 2025-07-11 17:29:06.711266
=== Log starts here ===

root@arm:~# run() { echo -n "$MARKER"; sh -c "$@"; echo "$MARKER $?"; }
root@arm:~# echo 'WWVA''WPAQBS'
WWVAWPAQBS
root@arm:~# MARKER='QKGF''PFNWCZ' run dmesg
QKGFPFNWCZ[    0.000000] Booting Linux on physical CPU 0x0
[    0.000000] Linux version 6.1.144 (user01@drvtest01) (arm-none-eabi-gcc (Arm GNU Toolchain 14.2.Rel1 (Build arm-14.52)) 14.2.1 20241119, GNU ld (Arm GNU Toolchain 14.2.Rel1 (Build arm-14.52)) 2.43.1.20241119) #1 SMP Fri Jul 11 17:25:09 EEST 2025
[    0.000000] CPU: ARMv7 Processor [413fc082] revision 2 (ARMv7), cr=10c5387d
[    0.000000] CPU: PIPT / VIPT nonaliasing data cache, VIPT aliasing instruction cache
[    0.000000] OF: fdt: Machine model: TI AM335x BeagleBone Black
[    0.000000] Memory policy: Data cache writeback
[    0.000000] cma: Reserved 16 MiB at 0x9ec00000
[    0.000000] Zone ranges:
[    0.000000]   Normal   [mem 0x0000000080000000-0x000000009fdfffff]
[    0.000000]   HighMem  empty
[    0.000000] Movable zone start for each node
[    0.000000] Early memory node ranges
[    0.000000]   node   0: [mem 0x0000000080000000-0x000000009fdfffff]
[    0.000000] Initmem setup node 0 [mem 0x0000000080000000-0x000000009fdfffff]
[    0.000000] CPU: All CPU(s) started in SVC mode.
[    0.000000] AM335X ES2.1 (sgx neon)
[    0.000000] percpu: Embedded 16 pages/cpu s34196 r8192 d23148 u65536
[    0.000000] pcpu-alloc: s34196 r8192 d23148 u65536 alloc=16*4096
[    0.000000] pcpu-alloc: [0] 0 
[    0.000000] Built 1 zonelists, mobility grouping on.  Total pages: 129412
[    0.000000] Kernel command line: console=ttyO0,115200n8 root=/dev/nfs rw nfsroot=192.168.255.126:/home/user01/nfs,nfsvers=3 ip=192.168.255.1:192.168.255.126::255.255.255.0:bbb1:eth0 nfsrootdebug
[    0.000000] Unknown kernel command line parameters "nfsrootdebug", will be passed to user space.
[    0.000000] Dentry cache hash table entries: 65536 (order: 6, 262144 bytes, linear)
[    0.000000] Inode-cache hash table entries: 32768 (order: 5, 131072 bytes, linear)
[    0.000000] mem auto-init: stack:off, heap alloc:off, heap free:off
[    0.000000] Memory: 484644K/522240K available (10240K kernel code, 1145K rwdata, 2604K rodata, 1024K init, 286K bss, 21212K reserved, 16384K cma-reserved, 0K highmem)
[    0.000000] SLUB: HWalign=64, Order=0-3, MinObjects=0, CPUs=1, Nodes=1
[    0.000000] trace event string verifier disabled
[    0.000000] rcu: Hierarchical RCU implementation.
[    0.000000] rcu: 	RCU event tracing is enabled.
[    0.000000] rcu: 	RCU restricting CPUs from NR_CPUS=2 to nr_cpu_ids=1.
[    0.000000] rcu: RCU calculated value of scheduler-enlistment delay is 10 jiffies.
[    0.000000] rcu: Adjusting geometry for rcu_fanout_leaf=16, nr_cpu_ids=1
[    0.000000] NR_IRQS: 16, nr_irqs: 16, preallocated irqs: 16
[    0.000000] IRQ: Found an INTC at 0x(ptrval) (revision 5.0) with 128 interrupts
[    0.000000] rcu: srcu_init: Setting srcu_struct sizes based on contention.
[    0.000000] TI gptimer clocksource: always-on /ocp/interconnect@44c00000/segment@200000/target-module@31000
[    0.000002] sched_clock: 32 bits at 24MHz, resolution 41ns, wraps every 89478484971ns
[    0.000027] clocksource: dmtimer: mask: 0xffffffff max_cycles: 0xffffffff, max_idle_ns: 79635851949 ns
[    0.000445] TI gptimer clockevent: 24000000 Hz at /ocp/interconnect@48000000/segment@0/target-module@40000
[    0.001980] Console: colour dummy device 80x30
[    0.002026] WARNING: Your 'console=ttyO0' has been replaced by 'ttyS0'
[    0.002034] This ensures that you still see kernel messages. Please
[    0.002038] update your kernel commandline.
[    0.002078] Calibrating delay loop... 996.14 BogoMIPS (lpj=4980736)
[    0.090489] CPU: Testing write buffer coherency: ok
[    0.090590] CPU0: Spectre v2: using BPIALL workaround
[    0.090601] pid_max: default: 32768 minimum: 301
[    0.090728] LSM: Security Framework initializing
[    0.090896] Mount-cache hash table entries: 1024 (order: 0, 4096 bytes, linear)
[    0.090918] Mountpoint-cache hash table entries: 1024 (order: 0, 4096 bytes, linear)
[    0.092408] CPU0: thread -1, cpu 0, socket -1, mpidr 0
[    0.093675] Setting up static identity map for 0x80100000 - 0x80100078
[    0.093914] rcu: Hierarchical SRCU implementation.
[    0.093923] rcu: 	Max phase no-delay instances is 1000.
[    0.095225] smp: Bringing up secondary CPUs ...
[    0.095243] smp: Brought up 1 node, 1 CPU
[    0.095253] SMP: Total of 1 processors activated (996.14 BogoMIPS).
[    0.095264] CPU: All CPU(s) started in SVC mode.
[    0.096166] devtmpfs: initialized
[    0.111288] VFP support v0.3: implementor 41 architecture 3 part 30 variant c rev 3
[    0.111603] clocksource: jiffies: mask: 0xffffffff max_cycles: 0xffffffff, max_idle_ns: 19112604462750000 ns
[    0.111637] futex hash table entries: 256 (order: 2, 16384 bytes, linear)
[    0.112976] pinctrl core: initialized pinctrl subsystem
[    0.114876] NET: Registered PF_NETLINK/PF_ROUTE protocol family
[    0.116878] DMA: preallocated 256 KiB pool for atomic coherent allocations
[    0.117447] audit: initializing netlink subsys (disabled)
[    0.118637] thermal_sys: Registered thermal governor 'fair_share'
[    0.118656] thermal_sys: Registered thermal governor 'step_wise'
[    0.118662] thermal_sys: Registered thermal governor 'user_space'
[    0.118794] cpuidle: using governor menu
[    0.135390] /ocp/interconnect@44c00000/segment@200000/target-module@b000/i2c@0/tda19988@70: Fixed dependency cycle(s) with /ocp/interconnect@48000000/segment@300000/target-module@e000/lcdc@0
[    0.136425] /ocp/interconnect@48000000/segment@300000/target-module@e000/lcdc@0: Fixed dependency cycle(s) with /ocp/interconnect@44c00000/segment@200000/target-module@b000/i2c@0/tda19988@70
[    0.138403] No ATAGs?
[    0.138419] hw-breakpoint: debug architecture 0x4 unsupported.
[    0.147046] audit: type=2000 audit(0.110:1): state=initialized audit_enabled=0 res=1
[    0.147343] kprobes: kprobe jump-optimization is enabled. All kprobes are optimized if possible.
[    0.163318] reg-fixed-voltage fixedregulator0: GPIO lookup for consumer (null)
[    0.163348] reg-fixed-voltage fixedregulator0: using device tree for GPIO lookup
[    0.163369] of_get_named_gpiod_flags: can't parse 'gpios' property of node '/fixedregulator0[0]'
[    0.163404] of_get_named_gpiod_flags: can't parse 'gpio' property of node '/fixedregulator0[0]'
[    0.163425] reg-fixed-voltage fixedregulator0: using lookup tables for GPIO lookup
[    0.163436] reg-fixed-voltage fixedregulator0: No GPIO consumer (null) found
[    0.164590] iommu: Default domain type: Translated 
[    0.164603] iommu: DMA domain TLB invalidation policy: strict mode 
[    0.166043] SCSI subsystem initialized
[    0.166554] libata version 3.00 loaded.
[    0.166891] pps_core: LinuxPPS API ver. 1 registered
[    0.166901] pps_core: Software ver. 5.3.6 - Copyright 2005-2007 Rodolfo Giometti <giometti@linux.it>
[    0.166933] PTP clock support registered
[    0.168385] vgaarb: loaded
[    0.180812] clocksource: Switched to clocksource dmtimer
[    0.181445] VFS: Disk quotas dquot_6.6.0
[    0.181516] VFS: Dquot-cache hash table entries: 1024 (order 0, 4096 bytes)
[    0.193307] NET: Registered PF_INET protocol family
[    0.193640] IP idents hash table entries: 8192 (order: 4, 65536 bytes, linear)
[    0.194993] tcp_listen_portaddr_hash hash table entries: 512 (order: 0, 4096 bytes, linear)
[    0.195038] Table-perturb hash table entries: 65536 (order: 6, 262144 bytes, linear)
[    0.195057] TCP established hash table entries: 4096 (order: 2, 16384 bytes, linear)
[    0.195105] TCP bind hash table entries: 4096 (order: 4, 65536 bytes, linear)
[    0.195206] TCP: Hash tables configured (established 4096 bind 4096)
[    0.195317] UDP hash table entries: 256 (order: 1, 8192 bytes, linear)
[    0.195346] UDP-Lite hash table entries: 256 (order: 1, 8192 bytes, linear)
[    0.195520] NET: Registered PF_UNIX/PF_LOCAL protocol family
[    0.196709] RPC: Registered named UNIX socket transport module.
[    0.196728] RPC: Registered udp transport module.
[    0.196733] RPC: Registered tcp transport module.
[    0.196738] RPC: Registered tcp NFSv4.1 backchannel transport module.
[    0.196755] PCI: CLS 0 bytes, default 64
[    0.198184] Initialise system trusted keyrings
[    0.209248] workingset: timestamp_bits=14 max_order=17 bucket_order=3
[    0.218193] NFS: Registering the id_resolver key type
[    0.218293] Key type id_resolver registered
[    0.218300] Key type id_legacy registered
[    0.218351] jffs2: version 2.2. (NAND) (SUMMARY)  Â© 2001-2006 Red Hat, Inc.
[    0.219351] Key type asymmetric registered
[    0.219372] Asymmetric key parser 'x509' registered
[    0.219523] io scheduler mq-deadline registered
[    0.219535] io scheduler kyber registered
[    0.219773] io scheduler bfq registered
[    0.232632] hw perfevents: enabled with armv7_cortex_a8 PMU driver, 5 counters available
[    0.240855] l3-aon-clkctrl:0000:0: failed to disable
[    0.241193] Serial: 8250/16550 driver, 6 ports, IRQ sharing enabled
[    0.289487] brd: module loaded
[    0.296853] loop: module loaded
[    0.297742] mtdoops: mtd device (mtddev=name/number) must be supplied
[    0.299229] mdio_bus fixed-0: GPIO lookup for consumer reset
[    0.299251] mdio_bus fixed-0: using lookup tables for GPIO lookup
[    0.299261] mdio_bus fixed-0: No GPIO consumer reset found
[    0.300375] i2c_dev: i2c /dev entries driver
[    0.301282] cpuidle: enable-method property 'ti,am3352' found operations
[    0.301701] sdhci: Secure Digital Host Controller Interface driver
[    0.301711] sdhci: Copyright(c) Pierre Ossman
[    0.301890] sdhci-pltfm: SDHCI platform and OF driver helper
[    0.302147] ledtrig-cpu: registered to indicate activity on CPUs
[    0.302887] Initializing XFRM netlink socket
[    0.303437] NET: Registered PF_INET6 protocol family
[    0.314520] Segment Routing with IPv6
[    0.314598] In-situ OAM (IOAM) with IPv6
[    0.314693] sit: IPv6, IPv4 and MPLS over IPv4 tunneling driver
[    0.315573] NET: Registered PF_PACKET protocol family
[    0.315601] NET: Registered PF_KEY protocol family
[    0.315698] Key type dns_resolver registered
[    0.315812] ThumbEE CPU extension supported.
[    0.315828] Registering SWP/SWPB emulation handler
[    0.316335] omap_voltage_late_init: Voltage driver support not added
[    0.316947] SmartReflex Class3 initialized
[    0.317890] Loading compiled-in X.509 certificates
[    0.389169] /ocp/interconnect@44c00000/segment@200000/target-module@b000/i2c@0/tda19988@70: Fixed dependency cycle(s) with /ocp/interconnect@48000000/segment@300000/target-module@e000/lcdc@0
[    0.395121] /ocp/interconnect@44c00000/segment@200000/target-module@b000/i2c@0/tda19988@70: Fixed dependency cycle(s) with /ocp/interconnect@48000000/segment@300000/target-module@e000/lcdc@0
[    0.402806] /ocp/interconnect@44c00000/segment@200000/target-module@b000/i2c@0/tda19988@70: Fixed dependency cycle(s) with /ocp/interconnect@48000000/segment@300000/target-module@e000/lcdc@0
[    0.403604] /ocp/interconnect@44c00000/segment@200000/target-module@b000/i2c@0/tda19988@70: Fixed dependency cycle(s) with /ocp/interconnect@48000000/segment@300000/target-module@e000/lcdc@0
[    0.406650] /ocp/interconnect@44c00000/segment@200000/target-module@10000/scm@0/pinmux@800: Fixed dependency cycle(s) with /ocp/interconnect@44c00000/segment@200000/target-module@10000/scm@0/pinmux@800/pinmux_clkout2_pin
[    0.407222] pinctrl-single 44e10800.pinmux: 142 pins, size 568
[    0.412103] ti-sysc: probe of 44e31000.target-module failed with error -16
[    0.460943] /ocp/interconnect@48000000/segment@300000/target-module@e000/lcdc@0: Fixed dependency cycle(s) with /ocp/interconnect@44c00000/segment@200000/target-module@b000/i2c@0/tda19988@70
[    0.468091] ti-sysc: probe of 48040000.target-module failed with error -16
[    0.478467] gpio gpiochip0: (gpio-0-31): created GPIO range 0->7 ==> 44e10800.pinmux PIN 0->7
[    0.478503] gpio gpiochip0: (gpio-0-31): created GPIO range 8->11 ==> 44e10800.pinmux PIN 90->93
[    0.478519] gpio gpiochip0: (gpio-0-31): created GPIO range 12->27 ==> 44e10800.pinmux PIN 12->27
[    0.478534] gpio gpiochip0: (gpio-0-31): created GPIO range 28->31 ==> 44e10800.pinmux PIN 30->33
[    0.478600] gpio gpiochip0: (gpio-0-31): not an immutable chip, please consider fixing it!
[    0.501839] gpio gpiochip0: (gpio-0-31): added GPIO chardev (254:0)
[    0.502009] gpio gpiochip0: registered GPIOs 0 to 31 on gpio-0-31
[    0.502094] OMAP GPIO hardware version 0.1
[    0.513769] i2c i2c-2: GPIO lookup for consumer scl
[    0.513800] i2c i2c-2: using device tree for GPIO lookup
[    0.513825] of_get_named_gpiod_flags: can't parse 'scl-gpios' property of node '/ocp/interconnect@48000000/segment@100000/target-module@9c000/i2c@0[0]'
[    0.513870] of_get_named_gpiod_flags: can't parse 'scl-gpio' property of node '/ocp/interconnect@48000000/segment@100000/target-module@9c000/i2c@0[0]'
[    0.513911] i2c i2c-2: using lookup tables for GPIO lookup
[    0.513921] i2c i2c-2: No GPIO consumer scl found
[    0.513941] i2c i2c-2: GPIO lookup for consumer sda
[    0.513949] i2c i2c-2: using device tree for GPIO lookup
[    0.513962] of_get_named_gpiod_flags: can't parse 'sda-gpios' property of node '/ocp/interconnect@48000000/segment@100000/target-module@9c000/i2c@0[0]'
[    0.513998] of_get_named_gpiod_flags: can't parse 'sda-gpio' property of node '/ocp/interconnect@48000000/segment@100000/target-module@9c000/i2c@0[0]'
[    0.514031] i2c i2c-2: using lookup tables for GPIO lookup
[    0.514039] i2c i2c-2: No GPIO consumer sda found
[    0.514682] omap_i2c 4819c000.i2c: bus 2 rev0.11 at 100 kHz
[    0.519950] gpio gpiochip1: (gpio-32-63): created GPIO range 0->17 ==> 44e10800.pinmux PIN 34->51
[    0.519984] gpio gpiochip1: (gpio-32-63): created GPIO range 18->21 ==> 44e10800.pinmux PIN 77->80
[    0.520000] gpio gpiochip1: (gpio-32-63): created GPIO range 22->31 ==> 44e10800.pinmux PIN 56->65
[    0.520067] gpio gpiochip1: (gpio-32-63): not an immutable chip, please consider fixing it!
[    0.533289] gpio gpiochip1: (gpio-32-63): added GPIO chardev (254:1)
[    0.533423] gpio gpiochip1: registered GPIOs 32 to 63 on gpio-32-63
[    0.535509] gpio gpiochip2: (gpio-64-95): created GPIO range 0->4 ==> 44e10800.pinmux PIN 66->70
[    0.535540] gpio gpiochip2: (gpio-64-95): created GPIO range 5->6 ==> 44e10800.pinmux PIN 98->99
[    0.535554] gpio gpiochip2: (gpio-64-95): created GPIO range 7->8 ==> 44e10800.pinmux PIN 75->76
[    0.535570] gpio gpiochip2: (gpio-64-95): created GPIO range 13->13 ==> 44e10800.pinmux PIN 141->141
[    0.535586] gpio gpiochip2: (gpio-64-95): created GPIO range 14->21 ==> 44e10800.pinmux PIN 100->107
[    0.535651] gpio gpiochip2: (gpio-64-95): not an immutable chip, please consider fixing it!
[    0.536108] gpio gpiochip2: (gpio-64-95): added GPIO chardev (254:2)
[    0.536224] gpio gpiochip2: registered GPIOs 64 to 95 on gpio-64-95
[    0.542224] /ocp/interconnect@48000000/segment@300000/target-module@e000/lcdc@0: Fixed dependency cycle(s) with /ocp/interconnect@44c00000/segment@200000/target-module@b000/i2c@0/tda19988@70
[    0.544823] /ocp/interconnect@48000000/segment@300000/target-module@e000/lcdc@0: Fixed dependency cycle(s) with /ocp/interconnect@44c00000/segment@200000/target-module@b000/i2c@0/tda19988@70
[    0.545470] /ocp/interconnect@44c00000/segment@200000/target-module@b000/i2c@0/tda19988@70: Fixed dependency cycle(s) with /ocp/interconnect@48000000/segment@300000/target-module@e000/lcdc@0
[    0.545629] /ocp/interconnect@48000000/segment@300000/target-module@e000/lcdc@0: Fixed dependency cycle(s) with /ocp/interconnect@44c00000/segment@200000/target-module@b000/i2c@0/tda19988@70
[    0.554248] mdio_bus 4a101000.mdio: GPIO lookup for consumer reset
[    0.554277] mdio_bus 4a101000.mdio: using device tree for GPIO lookup
[    0.554299] of_get_named_gpiod_flags: can't parse 'reset-gpios' property of node '/ocp/interconnect@4a000000/segment@0/target-module@100000/switch@0/mdio@1000[0]'
[    0.554346] of_get_named_gpiod_flags: can't parse 'reset-gpio' property of node '/ocp/interconnect@4a000000/segment@0/target-module@100000/switch@0/mdio@1000[0]'
[    0.554390] mdio_bus 4a101000.mdio: using lookup tables for GPIO lookup
[    0.554399] mdio_bus 4a101000.mdio: No GPIO consumer reset found
[    0.555444] sdhci-omap 481d8000.mmc: GPIO lookup for consumer wp
[    0.555465] sdhci-omap 481d8000.mmc: using device tree for GPIO lookup
[    0.555485] of_get_named_gpiod_flags: can't parse 'wp-gpios' property of node '/ocp/interconnect@48000000/segment@100000/target-module@d8000/mmc@0[0]'
[    0.555534] of_get_named_gpiod_flags: can't parse 'wp-gpio' property of node '/ocp/interconnect@48000000/segment@100000/target-module@d8000/mmc@0[0]'
[    0.555571] sdhci-omap 481d8000.mmc: using lookup tables for GPIO lookup
[    0.555582] sdhci-omap 481d8000.mmc: No GPIO consumer wp found
[    0.555766] sdhci-omap 481d8000.mmc: supply pbias not found, using dummy regulator
[    0.556201] sdhci-omap 481d8000.mmc: supply vqmmc not found, using dummy regulator
[    0.612467] davinci_mdio 4a101000.mdio: davinci mdio revision 1.6, bus freq 1000000
[    0.635357] mdio_bus 4a101000.mdio:00: GPIO lookup for consumer reset
[    0.635382] mdio_bus 4a101000.mdio:00: using device tree for GPIO lookup
[    0.635423] of_get_named_gpiod_flags: parsed 'reset-gpios' property of node '/ocp/interconnect@4a000000/segment@0/target-module@100000/switch@0/mdio@1000/ethernet-phy@0[0]' - status (0)
[    0.635584] gpio gpiochip0: Persistence not supported for GPIO 8
[    0.794058] davinci_mdio 4a101000.mdio: phy[0]: device 4a101000.mdio:00, driver SMSC LAN8710/LAN8720
[    0.794647] cpsw-switch 4a100000.switch: initialized cpsw ale version 1.4
[    0.794668] cpsw-switch 4a100000.switch: ALE Table size 1024
[    0.799313] cpsw-switch 4a100000.switch: cpts: overflow check period 500 (jiffies)
[    0.799335] cpsw-switch 4a100000.switch: CPTS: ref_clk_freq:250000000 calc_mult:2147483648 calc_shift:29 error:0 nsec/sec
[    0.799432] cpsw-switch 4a100000.switch: Detected MACID = 6c:ec:eb:68:de:78
[    0.801101] cpsw-switch 4a100000.switch: initialized (regs 0x4a100000, pool size 256) hw_ver:0019010C 1.12 (0)
[    0.811024] debugfs: Directory '49000000.dma' with parent 'dmaengine' already present!
[    0.811066] edma 49000000.dma: TI EDMA DMA engine driver
[    0.849658] gpio-clk clk_mcasp0: GPIO lookup for consumer enable
[    0.849690] gpio-clk clk_mcasp0: using device tree for GPIO lookup
[    0.849730] of_get_named_gpiod_flags: parsed 'enable-gpios' property of node '/clk_mcasp0[0]' - status (0)
[    0.849773] gpio gpiochip0: Persistence not supported for GPIO 27
[    0.850685] gpio gpiochip3: (gpio-96-127): created GPIO range 0->7 ==> 44e10800.pinmux PIN 82->89
[    0.850720] gpio gpiochip3: (gpio-96-127): created GPIO range 8->11 ==> 44e10800.pinmux PIN 52->55
[    0.850737] gpio gpiochip3: (gpio-96-127): created GPIO range 12->15 ==> 44e10800.pinmux PIN 94->97
[    0.850753] gpio gpiochip3: (gpio-96-127): created GPIO range 16->17 ==> 44e10800.pinmux PIN 71->72
[    0.850769] gpio gpiochip3: (gpio-96-127): created GPIO range 18->18 ==> 44e10800.pinmux PIN 135->135
[    0.850785] gpio gpiochip3: (gpio-96-127): created GPIO range 19->20 ==> 44e10800.pinmux PIN 108->109
[    0.850801] gpio gpiochip3: (gpio-96-127): created GPIO range 21->21 ==> 44e10800.pinmux PIN 73->73
[    0.850818] gpio gpiochip3: (gpio-96-127): created GPIO range 22->23 ==> 44e10800.pinmux PIN 8->9
[    0.850835] gpio gpiochip3: (gpio-96-127): created GPIO range 26->27 ==> 44e10800.pinmux PIN 10->11
[    0.850853] gpio gpiochip3: (gpio-96-127): created GPIO range 28->28 ==> 44e10800.pinmux PIN 74->74
[    0.850870] gpio gpiochip3: (gpio-96-127): created GPIO range 29->29 ==> 44e10800.pinmux PIN 81->81
[    0.850889] gpio gpiochip3: (gpio-96-127): created GPIO range 30->31 ==> 44e10800.pinmux PIN 28->29
[    0.850957] gpio gpiochip3: (gpio-96-127): not an immutable chip, please consider fixing it!
[    0.860013] gpio gpiochip3: (gpio-96-127): added GPIO chardev (254:3)
[    0.860155] gpio gpiochip3: registered GPIOs 96 to 127 on gpio-96-127
[    0.861734] omap8250 44e09000.serial: GPIO lookup for consumer rs485-term
[    0.861759] omap8250 44e09000.serial: using device tree for GPIO lookup
[    0.861781] of_get_named_gpiod_flags: can't parse 'rs485-term-gpios' property of node '/ocp/interconnect@44c00000/segment@200000/target-module@9000/serial@0[0]'
[    0.861831] of_get_named_gpiod_flags: can't parse 'rs485-term-gpio' property of node '/ocp/interconnect@44c00000/segment@200000/target-module@9000/serial@0[0]'
[    0.861871] omap8250 44e09000.serial: using lookup tables for GPIO lookup
[    0.861881] omap8250 44e09000.serial: No GPIO consumer rs485-term found
[    0.861930] 44e09000.serial: ttyS0 at MMIO 0x44e09000 (irq = 34, base_baud = 3000000) is a 8250
[    2.169394] printk: console [ttyS0] enabled
[    2.176191] i2c i2c-0: GPIO lookup for consumer scl
[    2.176227] i2c i2c-0: using device tree for GPIO lookup
[    2.176254] of_get_named_gpiod_flags: can't parse 'scl-gpios' property of node '/ocp/interconnect@44c00000/segment@200000/target-module@b000/i2c@0[0]'
[    2.176301] of_get_named_gpiod_flags: can't parse 'scl-gpio' property of node '/ocp/interconnect@44c00000/segment@200000/target-module@b000/i2c@0[0]'
[    2.176342] i2c i2c-0: using lookup tables for GPIO lookup
[    2.176354] i2c i2c-0: No GPIO consumer scl found
[    2.176376] i2c i2c-0: GPIO lookup for consumer sda
[    2.176385] i2c i2c-0: using device tree for GPIO lookup
[    2.176401] of_get_named_gpiod_flags: can't parse 'sda-gpios' property of node '/ocp/interconnect@44c00000/segment@200000/target-module@b000/i2c@0[0]'
[    2.176439] of_get_named_gpiod_flags: can't parse 'sda-gpio' property of node '/ocp/interconnect@44c00000/segment@200000/target-module@b000/i2c@0[0]'
[    2.176475] i2c i2c-0: using lookup tables for GPIO lookup
[    2.176485] i2c i2c-0: No GPIO consumer sda found
[    2.199519] tps65217-pmic: Failed to locate of_node [id: -1]
[    2.215368] tps65217-bl: Failed to locate of_node [id: -1]
[    2.223963] tps65217 0-0024: TPS65217 ID 0xe version 1.2
[    2.229971] /ocp/interconnect@48000000/segment@300000/target-module@e000/lcdc@0: Fixed dependency cycle(s) with /ocp/interconnect@44c00000/segment@200000/target-module@b000/i2c@0/tda19988@70
[    2.247268] /ocp/interconnect@44c00000/segment@200000/target-module@b000/i2c@0/tda19988@70: Fixed dependency cycle(s) with /ocp/interconnect@48000000/segment@300000/target-module@e000/lcdc@0
[    2.264638] omap_i2c 44e0b000.i2c: bus 0 rev0.11 at 400 kHz
[    2.271955] sdhci-omap 48060000.mmc: GPIO lookup for consumer cd
[    2.271985] sdhci-omap 48060000.mmc: using device tree for GPIO lookup
[    2.272026] of_get_named_gpiod_flags: parsed 'cd-gpios' property of node '/ocp/interconnect@48000000/segment@0/target-module@60000/mmc@0[0]' - status (0)
[    2.272146] gpio gpiochip3: Persistence not supported for GPIO 6
[    2.272171] omap_gpio 44e07000.gpio: Could not set line 6 debounce to 200000 microseconds (-22)
[    2.281015] sdhci-omap 48060000.mmc: Got CD GPIO
[    2.285662] sdhci-omap 48060000.mmc: GPIO lookup for consumer wp
[    2.285671] sdhci-omap 48060000.mmc: using device tree for GPIO lookup
[    2.285690] of_get_named_gpiod_flags: can't parse 'wp-gpios' property of node '/ocp/interconnect@48000000/segment@0/target-module@60000/mmc@0[0]'
[    2.285735] of_get_named_gpiod_flags: can't parse 'wp-gpio' property of node '/ocp/interconnect@48000000/segment@0/target-module@60000/mmc@0[0]'
[    2.285774] sdhci-omap 48060000.mmc: using lookup tables for GPIO lookup
[    2.285785] sdhci-omap 48060000.mmc: No GPIO consumer wp found
[    2.285975] sdhci-omap 48060000.mmc: supply pbias not found, using dummy regulator
[    2.294700] sdhci-omap 481d8000.mmc: GPIO lookup for consumer wp
[    2.294729] sdhci-omap 481d8000.mmc: using device tree for GPIO lookup
[    2.294750] of_get_named_gpiod_flags: can't parse 'wp-gpios' property of node '/ocp/interconnect@48000000/segment@100000/target-module@d8000/mmc@0[0]'
[    2.294802] of_get_named_gpiod_flags: can't parse 'wp-gpio' property of node '/ocp/interconnect@48000000/segment@100000/target-module@d8000/mmc@0[0]'
[    2.294840] sdhci-omap 481d8000.mmc: using lookup tables for GPIO lookup
[    2.294851] sdhci-omap 481d8000.mmc: No GPIO consumer wp found
[    2.297932] sdhci-omap 48060000.mmc: supply vqmmc not found, using dummy regulator
[    2.306452] sdhci-omap 481d8000.mmc: supply pbias not found, using dummy regulator
[    2.314661] sdhci-omap 481d8000.mmc: supply vqmmc not found, using dummy regulator
[    2.348706] mmc1: SDHCI controller on 481d8000.mmc [481d8000.mmc] using External DMA
[    2.357497] mmc0: SDHCI controller on 48060000.mmc [48060000.mmc] using External DMA
[    2.366231] cpsw-switch 4a100000.switch: starting ndev. mode: dual_mac
[    2.407711] mmc0: new high speed SDHC card at address 5048
[    2.414604] mmcblk0: mmc0:5048 SD16G 14.4 GiB 
[    2.422394]  mmcblk0: p1 p2
[    2.425612] mmcblk0: p2 size 31221760 extends beyond EOD, truncated
[    2.440164] mmc1: new high speed MMC card at address 0001
[    2.446761] mmcblk1: mmc1:0001 MMC04G 3.60 GiB 
[    2.453904]  mmcblk1: p1 p2
[    2.458019] mmcblk1boot0: mmc1:0001 MMC04G 2.00 MiB 
[    2.465058] mmcblk1boot1: mmc1:0001 MMC04G 2.00 MiB 
[    2.471878] mmcblk1rpmb: mmc1:0001 MMC04G 128 KiB, chardev (250:0)
[    2.519864] SMSC LAN8710/LAN8720 4a101000.mdio:00: attached PHY driver (mii_bus:phy_addr=4a101000.mdio:00, irq=POLL)
[    5.689427] cpsw-switch 4a100000.switch eth0: Link is Up - 100Mbps/Full - flow control off
[    5.697819] IPv6: ADDRCONF(NETDEV_CHANGE): eth0: link becomes ready
[    5.738720] IP-Config: Complete:
[    5.741986]      device=eth0, hwaddr=6c:ec:eb:68:de:78, ipaddr=192.168.255.1, mask=255.255.255.0, gw=255.255.255.255
[    5.752605]      host=bbb1, domain=, nis-domain=(none)
[    5.757770]      bootserver=192.168.255.126, rootserver=192.168.255.126, rootpath=
[    5.758198] clk: Disabling unused clocks
[    5.770045] KTAP version 1
[    5.772771] 1..0
[    5.795896] VFS: Mounted root (nfs filesystem) on device 0:16.
[    5.802871] devtmpfs: mounted
[    5.807214] Freeing unused kernel image (initmem) memory: 1024K
[    5.813979] Run /sbin/init as init process
[    5.818108]   with arguments:
[    5.818117]     /sbin/init
[    5.818125]     nfsrootdebug
[    5.818132]   with environment:
[    5.818138]     HOME=/
[    5.818145]     TERM=linux
[    6.483752] systemd[1]: System time before build time, advancing clock.
[    7.958689] random: crng init done
[    8.029457] systemd[1]: systemd 232 running in system mode. (+PAM +AUDIT +SELINUX +IMA +APPARMOR +SMACK +SYSVINIT +UTMP +LIBCRYPTSETUP +GCRYPT +GNUTLS +ACL +XZ +LZ4 +SECCOMP +BLKID +ELFUTILS +KMOD +IDN)
[    8.048494] systemd[1]: Detected architecture arm.
[    8.091690] systemd[1]: Set hostname to <arm>.
[    9.145607] systemd[1]: Reached target Swap.
[    9.180438] systemd[1]: Created slice User and Session Slice.
[    9.219705] systemd[1]: Listening on Journal Audit Socket.
[    9.259984] systemd[1]: Created slice System Slice.
[    9.329280] systemd[1]: Mounting POSIX Message Queue File System...
[    9.369379] systemd[1]: Reached target Slices.
[    9.380959] systemd[1]: Listening on Syslog Socket.
[   11.842300] systemd-journald[99]: Received request to flush runtime journal from PID 1
[   14.646235] of_get_named_gpiod_flags: parsed 'gpios' property of node '/leds/led2[0]' - status (0)
[   14.646327] gpio gpiochip0: Persistence not supported for GPIO 21
[   14.646340] gpio-21 (?): no flags found for gpios
[   14.646581] of_get_named_gpiod_flags: parsed 'gpios' property of node '/leds/led3[0]' - status (0)
[   14.646622] gpio gpiochip0: Persistence not supported for GPIO 22
[   14.646633] gpio-22 (?): no flags found for gpios
[   14.659183] of_get_named_gpiod_flags: parsed 'gpios' property of node '/leds/led4[0]' - status (0)
[   14.659263] gpio gpiochip0: Persistence not supported for GPIO 23
[   14.659277] gpio-23 (?): no flags found for gpios
[   14.679074] of_get_named_gpiod_flags: parsed 'gpios' property of node '/leds/led5[0]' - status (0)
[   14.679155] gpio gpiochip0: Persistence not supported for GPIO 24
[   14.679168] gpio-24 (?): no flags found for gpios
[   15.118483] remoteproc remoteproc0: wkup_m3 is available
[   15.231039] wkup_m3_ipc 44e11324.wkup_m3_ipc: IPC Request for A8->M3 Channel failed! -517
[   15.268546] at24 2-0054: supply vcc not found, using dummy regulator
[   15.352825] wkup_m3_ipc 44e11324.wkup_m3_ipc: IPC Request for A8->M3 Channel failed! -517
[   15.484551] at24 2-0055: supply vcc not found, using dummy regulator
[   15.607670] tps6521x_pwrbutton tps65217-pwrbutton: DMA mask not set
[   15.649777] at24 2-0056: supply vcc not found, using dummy regulator
[   15.779771] input: tps65217_pwrbutton as /devices/platform/ocp/44c00000.interconnect/44c00000.interconnect:segment@200000/44e0b000.target-module/44e0b000.i2c/i2c-0/0-0024/tps65217-pwrbutton/input/input0
[   15.801501] wkup_m3_ipc 44e11324.wkup_m3_ipc: IPC Request for A8->M3 Channel failed! -517
[   15.832142] at24 2-0057: supply vcc not found, using dummy regulator
[   16.034066] omap_wdt: OMAP Watchdog Timer Rev 0x01: initial timeout 60 sec
[   16.042544] wkup_m3_ipc 44e11324.wkup_m3_ipc: IPC Request for A8->M3 Channel failed! -517
[   16.063494] omap_rtc 44e3e000.rtc: registered as rtc0
[   16.068958] omap_rtc 44e3e000.rtc: setting system clock to 2000-01-01T00:00:01 UTC (946684801)
[   16.077659] omap_rtc 44e3e000.rtc: GPIO lookup for consumer wp
[   16.077672] omap_rtc 44e3e000.rtc: using device tree for GPIO lookup
[   16.077702] of_get_named_gpiod_flags: can't parse 'wp-gpios' property of node '/ocp/interconnect@44c00000/segment@200000/target-module@3e000/rtc@0[0]'
[   16.077755] of_get_named_gpiod_flags: can't parse 'wp-gpio' property of node '/ocp/interconnect@44c00000/segment@200000/target-module@3e000/rtc@0[0]'
[   16.077799] omap_rtc 44e3e000.rtc: using lookup tables for GPIO lookup
[   16.077812] omap_rtc 44e3e000.rtc: No GPIO consumer wp found
[   16.079663] at24 0-0050: GPIO lookup for consumer wp
[   16.079701] at24 0-0050: using device tree for GPIO lookup
[   16.079729] of_get_named_gpiod_flags: can't parse 'wp-gpios' property of node '/ocp/interconnect@44c00000/segment@200000/target-module@b000/i2c@0/baseboard_eeprom@50[0]'
[   16.079795] of_get_named_gpiod_flags: can't parse 'wp-gpio' property of node '/ocp/interconnect@44c00000/segment@200000/target-module@b000/i2c@0/baseboard_eeprom@50[0]'
[   16.079842] at24 0-0050: using lookup tables for GPIO lookup
[   16.079855] at24 0-0050: No GPIO consumer wp found
[   16.080063] at24 0-0050: 32768 byte 24c256 EEPROM, writable, 1 bytes/write
[   16.191137] wkup_m3_ipc 44e11324.wkup_m3_ipc: IPC Request for A8->M3 Channel failed! -517
[   16.487609] wkup_m3_ipc 44e11324.wkup_m3_ipc: IPC Request for A8->M3 Channel failed! -517
[   16.613847] am335x-phy-driver 47401300.usb-phy: GPIO lookup for consumer reset
[   16.613894] am335x-phy-driver 47401300.usb-phy: using device tree for GPIO lookup
[   16.613923] of_get_named_gpiod_flags: can't parse 'reset-gpios' property of node '/ocp/target-module@47400000/usb-phy@1300[0]'
[   16.613977] of_get_named_gpiod_flags: can't parse 'reset-gpio' property of node '/ocp/target-module@47400000/usb-phy@1300[0]'
[   16.614011] am335x-phy-driver 47401300.usb-phy: using lookup tables for GPIO lookup
[   16.614023] am335x-phy-driver 47401300.usb-phy: No GPIO consumer reset found
[   16.614035] am335x-phy-driver 47401300.usb-phy: GPIO lookup for consumer vbus-detect
[   16.614045] am335x-phy-driver 47401300.usb-phy: using device tree for GPIO lookup
[   16.614061] of_get_named_gpiod_flags: can't parse 'vbus-detect-gpios' property of node '/ocp/target-module@47400000/usb-phy@1300[0]'
[   16.614091] of_get_named_gpiod_flags: can't parse 'vbus-detect-gpio' property of node '/ocp/target-module@47400000/usb-phy@1300[0]'
[   16.614118] am335x-phy-driver 47401300.usb-phy: using lookup tables for GPIO lookup
[   16.614127] am335x-phy-driver 47401300.usb-phy: No GPIO consumer vbus-detect found
[   16.614261] am335x-phy-driver 47401300.usb-phy: supply vcc not found, using dummy regulator
[   16.623204] am335x-phy-driver 47401300.usb-phy: dummy supplies not allowed for exclusive requests
[   16.833204] am335x-phy-driver 47401b00.usb-phy: GPIO lookup for consumer reset
[   16.833251] am335x-phy-driver 47401b00.usb-phy: using device tree for GPIO lookup
[   16.833281] of_get_named_gpiod_flags: can't parse 'reset-gpios' property of node '/ocp/target-module@47400000/usb-phy@1b00[0]'
[   16.833329] of_get_named_gpiod_flags: can't parse 'reset-gpio' property of node '/ocp/target-module@47400000/usb-phy@1b00[0]'
[   16.833363] am335x-phy-driver 47401b00.usb-phy: using lookup tables for GPIO lookup
[   16.833375] am335x-phy-driver 47401b00.usb-phy: No GPIO consumer reset found
[   16.833387] am335x-phy-driver 47401b00.usb-phy: GPIO lookup for consumer vbus-detect
[   16.833396] am335x-phy-driver 47401b00.usb-phy: using device tree for GPIO lookup
[   16.833413] of_get_named_gpiod_flags: can't parse 'vbus-detect-gpios' property of node '/ocp/target-module@47400000/usb-phy@1b00[0]'
[   16.833443] of_get_named_gpiod_flags: can't parse 'vbus-detect-gpio' property of node '/ocp/target-module@47400000/usb-phy@1b00[0]'
[   16.833470] am335x-phy-driver 47401b00.usb-phy: using lookup tables for GPIO lookup
[   16.833480] am335x-phy-driver 47401b00.usb-phy: No GPIO consumer vbus-detect found
[   16.833610] am335x-phy-driver 47401b00.usb-phy: supply vcc not found, using dummy regulator
[   16.842566] am335x-phy-driver 47401b00.usb-phy: dummy supplies not allowed for exclusive requests
[   16.859971] wkup_m3_ipc 44e11324.wkup_m3_ipc: IPC Request for A8->M3 Channel failed! -517
[   17.140864] wkup_m3_ipc 44e11324.wkup_m3_ipc: IPC Request for A8->M3 Channel failed! -517
[   17.480175] usbcore: registered new interface driver usbfs
[   17.485809] usbcore: registered new interface driver hub
[   17.491431] usbcore: registered new device driver usb
[   17.931562] omap-mailbox 480c8000.mailbox: omap mailbox rev 0x400
[   17.951063] remoteproc remoteproc0: powering up wkup_m3
[   18.158106] remoteproc remoteproc0: Direct firmware load for am335x-pm-firmware.elf failed with error -2
[   18.167934] remoteproc remoteproc0: request_firmware failed: -2
[   18.173992] wkup_m3_ipc 44e11324.wkup_m3_ipc: rproc_boot failed
[   18.364740] musb-hdrc musb-hdrc.1: MUSB HDRC host driver
[   18.370378] musb-hdrc musb-hdrc.1: new USB bus registered, assigned bus number 1
[   18.488335] usb usb1: New USB device found, idVendor=1d6b, idProduct=0002, bcdDevice= 6.01
[   18.497391] usb usb1: New USB device strings: Mfr=3, Product=2, SerialNumber=1
[   18.504728] usb usb1: Product: MUSB HDRC host driver
[   18.509747] usb usb1: Manufacturer: Linux 6.1.144 musb-hcd
[   18.515261] usb usb1: SerialNumber: musb-hdrc.1
[   18.934671] tda998x 0-0070: found TDA19988
[   18.948267] hub 1-0:1.0: USB hub found
[   19.011664] hub 1-0:1.0: 1 port detected
[   19.960167] omap_rng 48310000.rng: Random Number Generator ver. 20
[   20.134546] tilcdc 4830e000.lcdc: bound 0-0070 (ops tda998x_audio_codec_init [tda998x])
[   20.271999] [drm] Initialized tilcdc 1.0.0 20121205 for 4830e000.lcdc on minor 0
[   20.363690] tilcdc 4830e000.lcdc: [drm] Cannot find any crtc or sizes
[   20.379137] tilcdc 4830e000.lcdc: [drm] Cannot find any crtc or sizes
[   21.392547] omap-sham 53100000.sham: hw accel on OMAP rev 4.3
[   21.401635] PM: Cannot get wkup_m3_ipc handle
[   21.545113] omap-sham 53100000.sham: will run requests pump with realtime priority
[   21.732042] omap-aes 53500000.aes: OMAP AES hw accel rev: 3.2
[   21.813734] PM: Cannot get wkup_m3_ipc handle
[   21.882999] omap-aes 53500000.aes: will run requests pump with realtime priority
[   22.109340] PM: Cannot get wkup_m3_ipc handle
[   23.476453] Bluetooth: Core ver 2.22
[   23.480445] NET: Registered PF_BLUETOOTH protocol family
[   23.485806] Bluetooth: HCI device and connection manager initialized
[   23.492301] Bluetooth: HCI socket layer initialized
[   23.497213] Bluetooth: L2CAP socket layer initialized
[   23.502356] Bluetooth: SCO socket layer initialized
[   25.390191] PM: Cannot get wkup_m3_ipc handle
[   25.395882] asoc-simple-card sound: GPIO lookup for consumer simple-audio-card,hp-det
[   25.395916] asoc-simple-card sound: using device tree for GPIO lookup
[   25.395947] of_get_named_gpiod_flags: can't parse 'simple-audio-card,hp-det-gpios' property of node '/sound[0]'
[   25.395989] of_get_named_gpiod_flags: can't parse 'simple-audio-card,hp-det-gpio' property of node '/sound[0]'
[   25.396017] asoc-simple-card sound: using lookup tables for GPIO lookup
[   25.396029] asoc-simple-card sound: No GPIO consumer simple-audio-card,hp-det found
[   25.396041] asoc-simple-card sound: GPIO lookup for consumer simple-audio-card,mic-det
[   25.396051] asoc-simple-card sound: using device tree for GPIO lookup
[   25.396067] of_get_named_gpiod_flags: can't parse 'simple-audio-card,mic-det-gpios' property of node '/sound[0]'
[   25.396091] of_get_named_gpiod_flags: can't parse 'simple-audio-card,mic-det-gpio' property of node '/sound[0]'
[   25.396111] asoc-simple-card sound: using lookup tables for GPIO lookup
[   25.396121] asoc-simple-card sound: No GPIO consumer simple-audio-card,mic-det found
[   25.556401] PM: Cannot get wkup_m3_ipc handle
[   28.172386] using random self ethernet address
[   28.176901] using random host ethernet address
[   28.400896] using random self ethernet address
[   28.405412] using random host ethernet address
[   28.640794] userial_init: registered 8 ttyGS* devices
[   28.816514] rndis_register: configNr = 0
[   28.898334] udc musb-hdrc.0: binding gadget driver [g_multi]
[   28.898419] configfs-gadget.g_multi gadget.0: adding 'rndis'/81c6c3a5 to config 'c'/33372092
[   28.899635] usb0: HOST MAC 1c:ba:8c:a2:ed:6c
[   28.903962] usb0: MAC 1c:ba:8c:a2:ed:70
[   28.907865] rndis_set_param_medium: 0 0
[   28.907885] configfs-gadget.g_multi gadget.0: RNDIS: dual speed IN/ep1in OUT/ep1out NOTIFY/ep2in
[   28.907902] configfs-gadget.g_multi gadget.0: adding 'cdc_ethernet'/2eb2cf85 to config 'c'/33372092
[   28.908824] usb1: HOST MAC 1c:ba:8c:a2:ed:6c
[   28.913140] usb1: MAC 1c:ba:8c:a2:ed:6d
[   28.917020] configfs-gadget.g_multi gadget.0: CDC Ethernet: dual speed IN/ep3in OUT/ep2out NOTIFY/ep4in
[   28.917037] configfs-gadget.g_multi gadget.0: adding 'acm'/824a97dc to config 'c'/33372092
[   28.917070] configfs-gadget.g_multi gadget.0: acm ttyGS0: dual speed IN/ep5in OUT/ep3out NOTIFY/ep6in
[   28.919752] PM: Cannot get wkup_m3_ipc handle
[   30.708415] usb1: eth_open
[   34.675206] gs_open: ttyGS0 (9fd812af,940496f7)
[   34.675357] gs_close: ttyGS0 (9fd812af,940496f7) ...
[   34.675378] gs_close: ttyGS0 (9fd812af,940496f7) done!
[   34.675539] gs_open: ttyGS0 (bc95ef39,b250084a)
[   34.675608] gs_close: ttyGS0 (bc95ef39,b250084a) ...
[   34.675623] gs_close: ttyGS0 (bc95ef39,b250084a) done!
[   34.852366] gs_open: ttyGS0 (94b2de81,fbd6197d)
[   34.852533] gs_close: ttyGS0 (94b2de81,fbd6197d) ...
[   34.852555] gs_close: ttyGS0 (94b2de81,fbd6197d) done!
[   34.854499] gs_open: ttyGS0 (9a1709ea,f4112881)
QKGFPFNWCZ 0
root@arm:~# echo 'EATG''VESOTV'
EATGVESOTV
root@arm:~# MARKER='ZBNE''QCTZHN' run 'modprobe test_linear_ranges'
ZBNEQCTZHNZBNEQCTZHN 0
root@arm:~# echo 'CNJE''ZNMKMN'
CNJEZNMKMN
root@arm:~# MARKER='VSSJ''JWMMEG' run dmesg
VSSJJWMMEG[    0.000000] Booting Linux on physical CPU 0x0
[    0.000000] Linux version 6.1.144 (user01@drvtest01) (arm-none-eabi-gcc (Arm GNU Toolchain 14.2.Rel1 (Build arm-14.52)) 14.2.1 20241119, GNU ld (Arm GNU Toolchain 14.2.Rel1 (Build arm-14.52)) 2.43.1.20241119) #1 SMP Fri Jul 11 17:25:09 EEST 2025
[    0.000000] CPU: ARMv7 Processor [413fc082] revision 2 (ARMv7), cr=10c5387d
[    0.000000] CPU: PIPT / VIPT nonaliasing data cache, VIPT aliasing instruction cache
[    0.000000] OF: fdt: Machine model: TI AM335x BeagleBone Black
[    0.000000] Memory policy: Data cache writeback
[    0.000000] cma: Reserved 16 MiB at 0x9ec00000
[    0.000000] Zone ranges:
[    0.000000]   Normal   [mem 0x0000000080000000-0x000000009fdfffff]
[    0.000000]   HighMem  empty
[    0.000000] Movable zone start for each node
[    0.000000] Early memory node ranges
[    0.000000]   node   0: [mem 0x0000000080000000-0x000000009fdfffff]
[    0.000000] Initmem setup node 0 [mem 0x0000000080000000-0x000000009fdfffff]
[    0.000000] CPU: All CPU(s) started in SVC mode.
[    0.000000] AM335X ES2.1 (sgx neon)
[    0.000000] percpu: Embedded 16 pages/cpu s34196 r8192 d23148 u65536
[    0.000000] pcpu-alloc: s34196 r8192 d23148 u65536 alloc=16*4096
[    0.000000] pcpu-alloc: [0] 0 
[    0.000000] Built 1 zonelists, mobility grouping on.  Total pages: 129412
[    0.000000] Kernel command line: console=ttyO0,115200n8 root=/dev/nfs rw nfsroot=192.168.255.126:/home/user01/nfs,nfsvers=3 ip=192.168.255.1:192.168.255.126::255.255.255.0:bbb1:eth0 nfsrootdebug
[    0.000000] Unknown kernel command line parameters "nfsrootdebug", will be passed to user space.
[    0.000000] Dentry cache hash table entries: 65536 (order: 6, 262144 bytes, linear)
[    0.000000] Inode-cache hash table entries: 32768 (order: 5, 131072 bytes, linear)
[    0.000000] mem auto-init: stack:off, heap alloc:off, heap free:off
[    0.000000] Memory: 484644K/522240K available (10240K kernel code, 1145K rwdata, 2604K rodata, 1024K init, 286K bss, 21212K reserved, 16384K cma-reserved, 0K highmem)
[    0.000000] SLUB: HWalign=64, Order=0-3, MinObjects=0, CPUs=1, Nodes=1
[    0.000000] trace event string verifier disabled
[    0.000000] rcu: Hierarchical RCU implementation.
[    0.000000] rcu: 	RCU event tracing is enabled.
[    0.000000] rcu: 	RCU restricting CPUs from NR_CPUS=2 to nr_cpu_ids=1.
[    0.000000] rcu: RCU calculated value of scheduler-enlistment delay is 10 jiffies.
[    0.000000] rcu: Adjusting geometry for rcu_fanout_leaf=16, nr_cpu_ids=1
[    0.000000] NR_IRQS: 16, nr_irqs: 16, preallocated irqs: 16
[    0.000000] IRQ: Found an INTC at 0x(ptrval) (revision 5.0) with 128 interrupts
[    0.000000] rcu: srcu_init: Setting srcu_struct sizes based on contention.
[    0.000000] TI gptimer clocksource: always-on /ocp/interconnect@44c00000/segment@200000/target-module@31000
[    0.000002] sched_clock: 32 bits at 24MHz, resolution 41ns, wraps every 89478484971ns
[    0.000027] clocksource: dmtimer: mask: 0xffffffff max_cycles: 0xffffffff, max_idle_ns: 79635851949 ns
[    0.000445] TI gptimer clockevent: 24000000 Hz at /ocp/interconnect@48000000/segment@0/target-module@40000
[    0.001980] Console: colour dummy device 80x30
[    0.002026] WARNING: Your 'console=ttyO0' has been replaced by 'ttyS0'
[    0.002034] This ensures that you still see kernel messages. Please
[    0.002038] update your kernel commandline.
[    0.002078] Calibrating delay loop... 996.14 BogoMIPS (lpj=4980736)
[    0.090489] CPU: Testing write buffer coherency: ok
[    0.090590] CPU0: Spectre v2: using BPIALL workaround
[    0.090601] pid_max: default: 32768 minimum: 301
[    0.090728] LSM: Security Framework initializing
[    0.090896] Mount-cache hash table entries: 1024 (order: 0, 4096 bytes, linear)
[    0.090918] Mountpoint-cache hash table entries: 1024 (order: 0, 4096 bytes, linear)
[    0.092408] CPU0: thread -1, cpu 0, socket -1, mpidr 0
[    0.093675] Setting up static identity map for 0x80100000 - 0x80100078
[    0.093914] rcu: Hierarchical SRCU implementation.
[    0.093923] rcu: 	Max phase no-delay instances is 1000.
[    0.095225] smp: Bringing up secondary CPUs ...
[    0.095243] smp: Brought up 1 node, 1 CPU
[    0.095253] SMP: Total of 1 processors activated (996.14 BogoMIPS).
[    0.095264] CPU: All CPU(s) started in SVC mode.
[    0.096166] devtmpfs: initialized
[    0.111288] VFP support v0.3: implementor 41 architecture 3 part 30 variant c rev 3
[    0.111603] clocksource: jiffies: mask: 0xffffffff max_cycles: 0xffffffff, max_idle_ns: 19112604462750000 ns
[    0.111637] futex hash table entries: 256 (order: 2, 16384 bytes, linear)
[    0.112976] pinctrl core: initialized pinctrl subsystem
[    0.114876] NET: Registered PF_NETLINK/PF_ROUTE protocol family
[    0.116878] DMA: preallocated 256 KiB pool for atomic coherent allocations
[    0.117447] audit: initializing netlink subsys (disabled)
[    0.118637] thermal_sys: Registered thermal governor 'fair_share'
[    0.118656] thermal_sys: Registered thermal governor 'step_wise'
[    0.118662] thermal_sys: Registered thermal governor 'user_space'
[    0.118794] cpuidle: using governor menu
[    0.135390] /ocp/interconnect@44c00000/segment@200000/target-module@b000/i2c@0/tda19988@70: Fixed dependency cycle(s) with /ocp/interconnect@48000000/segment@300000/target-module@e000/lcdc@0
[    0.136425] /ocp/interconnect@48000000/segment@300000/target-module@e000/lcdc@0: Fixed dependency cycle(s) with /ocp/interconnect@44c00000/segment@200000/target-module@b000/i2c@0/tda19988@70
[    0.138403] No ATAGs?
[    0.138419] hw-breakpoint: debug architecture 0x4 unsupported.
[    0.147046] audit: type=2000 audit(0.110:1): state=initialized audit_enabled=0 res=1
[    0.147343] kprobes: kprobe jump-optimization is enabled. All kprobes are optimized if possible.
[    0.163318] reg-fixed-voltage fixedregulator0: GPIO lookup for consumer (null)
[    0.163348] reg-fixed-voltage fixedregulator0: using device tree for GPIO lookup
[    0.163369] of_get_named_gpiod_flags: can't parse 'gpios' property of node '/fixedregulator0[0]'
[    0.163404] of_get_named_gpiod_flags: can't parse 'gpio' property of node '/fixedregulator0[0]'
[    0.163425] reg-fixed-voltage fixedregulator0: using lookup tables for GPIO lookup
[    0.163436] reg-fixed-voltage fixedregulator0: No GPIO consumer (null) found
[    0.164590] iommu: Default domain type: Translated 
[    0.164603] iommu: DMA domain TLB invalidation policy: strict mode 
[    0.166043] SCSI subsystem initialized
[    0.166554] libata version 3.00 loaded.
[    0.166891] pps_core: LinuxPPS API ver. 1 registered
[    0.166901] pps_core: Software ver. 5.3.6 - Copyright 2005-2007 Rodolfo Giometti <giometti@linux.it>
[    0.166933] PTP clock support registered
[    0.168385] vgaarb: loaded
[    0.180812] clocksource: Switched to clocksource dmtimer
[    0.181445] VFS: Disk quotas dquot_6.6.0
[    0.181516] VFS: Dquot-cache hash table entries: 1024 (order 0, 4096 bytes)
[    0.193307] NET: Registered PF_INET protocol family
[    0.193640] IP idents hash table entries: 8192 (order: 4, 65536 bytes, linear)
[    0.194993] tcp_listen_portaddr_hash hash table entries: 512 (order: 0, 4096 bytes, linear)
[    0.195038] Table-perturb hash table entries: 65536 (order: 6, 262144 bytes, linear)
[    0.195057] TCP established hash table entries: 4096 (order: 2, 16384 bytes, linear)
[    0.195105] TCP bind hash table entries: 4096 (order: 4, 65536 bytes, linear)
[    0.195206] TCP: Hash tables configured (established 4096 bind 4096)
[    0.195317] UDP hash table entries: 256 (order: 1, 8192 bytes, linear)
[    0.195346] UDP-Lite hash table entries: 256 (order: 1, 8192 bytes, linear)
[    0.195520] NET: Registered PF_UNIX/PF_LOCAL protocol family
[    0.196709] RPC: Registered named UNIX socket transport module.
[    0.196728] RPC: Registered udp transport module.
[    0.196733] RPC: Registered tcp transport module.
[    0.196738] RPC: Registered tcp NFSv4.1 backchannel transport module.
[    0.196755] PCI: CLS 0 bytes, default 64
[    0.198184] Initialise system trusted keyrings
[    0.209248] workingset: timestamp_bits=14 max_order=17 bucket_order=3
[    0.218193] NFS: Registering the id_resolver key type
[    0.218293] Key type id_resolver registered
[    0.218300] Key type id_legacy registered
[    0.218351] jffs2: version 2.2. (NAND) (SUMMARY)  Â© 2001-2006 Red Hat, Inc.
[    0.219351] Key type asymmetric registered
[    0.219372] Asymmetric key parser 'x509' registered
[    0.219523] io scheduler mq-deadline registered
[    0.219535] io scheduler kyber registered
[    0.219773] io scheduler bfq registered
[    0.232632] hw perfevents: enabled with armv7_cortex_a8 PMU driver, 5 counters available
[    0.240855] l3-aon-clkctrl:0000:0: failed to disable
[    0.241193] Serial: 8250/16550 driver, 6 ports, IRQ sharing enabled
[    0.289487] brd: module loaded
[    0.296853] loop: module loaded
[    0.297742] mtdoops: mtd device (mtddev=name/number) must be supplied
[    0.299229] mdio_bus fixed-0: GPIO lookup for consumer reset
[    0.299251] mdio_bus fixed-0: using lookup tables for GPIO lookup
[    0.299261] mdio_bus fixed-0: No GPIO consumer reset found
[    0.300375] i2c_dev: i2c /dev entries driver
[    0.301282] cpuidle: enable-method property 'ti,am3352' found operations
[    0.301701] sdhci: Secure Digital Host Controller Interface driver
[    0.301711] sdhci: Copyright(c) Pierre Ossman
[    0.301890] sdhci-pltfm: SDHCI platform and OF driver helper
[    0.302147] ledtrig-cpu: registered to indicate activity on CPUs
[    0.302887] Initializing XFRM netlink socket
[    0.303437] NET: Registered PF_INET6 protocol family
[    0.314520] Segment Routing with IPv6
[    0.314598] In-situ OAM (IOAM) with IPv6
[    0.314693] sit: IPv6, IPv4 and MPLS over IPv4 tunneling driver
[    0.315573] NET: Registered PF_PACKET protocol family
[    0.315601] NET: Registered PF_KEY protocol family
[    0.315698] Key type dns_resolver registered
[    0.315812] ThumbEE CPU extension supported.
[    0.315828] Registering SWP/SWPB emulation handler
[    0.316335] omap_voltage_late_init: Voltage driver support not added
[    0.316947] SmartReflex Class3 initialized
[    0.317890] Loading compiled-in X.509 certificates
[    0.389169] /ocp/interconnect@44c00000/segment@200000/target-module@b000/i2c@0/tda19988@70: Fixed dependency cycle(s) with /ocp/interconnect@48000000/segment@300000/target-module@e000/lcdc@0
[    0.395121] /ocp/interconnect@44c00000/segment@200000/target-module@b000/i2c@0/tda19988@70: Fixed dependency cycle(s) with /ocp/interconnect@48000000/segment@300000/target-module@e000/lcdc@0
[    0.402806] /ocp/interconnect@44c00000/segment@200000/target-module@b000/i2c@0/tda19988@70: Fixed dependency cycle(s) with /ocp/interconnect@48000000/segment@300000/target-module@e000/lcdc@0
[    0.403604] /ocp/interconnect@44c00000/segment@200000/target-module@b000/i2c@0/tda19988@70: Fixed dependency cycle(s) with /ocp/interconnect@48000000/segment@300000/target-module@e000/lcdc@0
[    0.406650] /ocp/interconnect@44c00000/segment@200000/target-module@10000/scm@0/pinmux@800: Fixed dependency cycle(s) with /ocp/interconnect@44c00000/segment@200000/target-module@10000/scm@0/pinmux@800/pinmux_clkout2_pin
[    0.407222] pinctrl-single 44e10800.pinmux: 142 pins, size 568
[    0.412103] ti-sysc: probe of 44e31000.target-module failed with error -16
[    0.460943] /ocp/interconnect@48000000/segment@300000/target-module@e000/lcdc@0: Fixed dependency cycle(s) with /ocp/interconnect@44c00000/segment@200000/target-module@b000/i2c@0/tda19988@70
[    0.468091] ti-sysc: probe of 48040000.target-module failed with error -16
[    0.478467] gpio gpiochip0: (gpio-0-31): created GPIO range 0->7 ==> 44e10800.pinmux PIN 0->7
[    0.478503] gpio gpiochip0: (gpio-0-31): created GPIO range 8->11 ==> 44e10800.pinmux PIN 90->93
[    0.478519] gpio gpiochip0: (gpio-0-31): created GPIO range 12->27 ==> 44e10800.pinmux PIN 12->27
[    0.478534] gpio gpiochip0: (gpio-0-31): created GPIO range 28->31 ==> 44e10800.pinmux PIN 30->33
[    0.478600] gpio gpiochip0: (gpio-0-31): not an immutable chip, please consider fixing it!
[    0.501839] gpio gpiochip0: (gpio-0-31): added GPIO chardev (254:0)
[    0.502009] gpio gpiochip0: registered GPIOs 0 to 31 on gpio-0-31
[    0.502094] OMAP GPIO hardware version 0.1
[    0.513769] i2c i2c-2: GPIO lookup for consumer scl
[    0.513800] i2c i2c-2: using device tree for GPIO lookup
[    0.513825] of_get_named_gpiod_flags: can't parse 'scl-gpios' property of node '/ocp/interconnect@48000000/segment@100000/target-module@9c000/i2c@0[0]'
[    0.513870] of_get_named_gpiod_flags: can't parse 'scl-gpio' property of node '/ocp/interconnect@48000000/segment@100000/target-module@9c000/i2c@0[0]'
[    0.513911] i2c i2c-2: using lookup tables for GPIO lookup
[    0.513921] i2c i2c-2: No GPIO consumer scl found
[    0.513941] i2c i2c-2: GPIO lookup for consumer sda
[    0.513949] i2c i2c-2: using device tree for GPIO lookup
[    0.513962] of_get_named_gpiod_flags: can't parse 'sda-gpios' property of node '/ocp/interconnect@48000000/segment@100000/target-module@9c000/i2c@0[0]'
[    0.513998] of_get_named_gpiod_flags: can't parse 'sda-gpio' property of node '/ocp/interconnect@48000000/segment@100000/target-module@9c000/i2c@0[0]'
[    0.514031] i2c i2c-2: using lookup tables for GPIO lookup
[    0.514039] i2c i2c-2: No GPIO consumer sda found
[    0.514682] omap_i2c 4819c000.i2c: bus 2 rev0.11 at 100 kHz
[    0.519950] gpio gpiochip1: (gpio-32-63): created GPIO range 0->17 ==> 44e10800.pinmux PIN 34->51
[    0.519984] gpio gpiochip1: (gpio-32-63): created GPIO range 18->21 ==> 44e10800.pinmux PIN 77->80
[    0.520000] gpio gpiochip1: (gpio-32-63): created GPIO range 22->31 ==> 44e10800.pinmux PIN 56->65
[    0.520067] gpio gpiochip1: (gpio-32-63): not an immutable chip, please consider fixing it!
[    0.533289] gpio gpiochip1: (gpio-32-63): added GPIO chardev (254:1)
[    0.533423] gpio gpiochip1: registered GPIOs 32 to 63 on gpio-32-63
[    0.535509] gpio gpiochip2: (gpio-64-95): created GPIO range 0->4 ==> 44e10800.pinmux PIN 66->70
[    0.535540] gpio gpiochip2: (gpio-64-95): created GPIO range 5->6 ==> 44e10800.pinmux PIN 98->99
[    0.535554] gpio gpiochip2: (gpio-64-95): created GPIO range 7->8 ==> 44e10800.pinmux PIN 75->76
[    0.535570] gpio gpiochip2: (gpio-64-95): created GPIO range 13->13 ==> 44e10800.pinmux PIN 141->141
[    0.535586] gpio gpiochip2: (gpio-64-95): created GPIO range 14->21 ==> 44e10800.pinmux PIN 100->107
[    0.535651] gpio gpiochip2: (gpio-64-95): not an immutable chip, please consider fixing it!
[    0.536108] gpio gpiochip2: (gpio-64-95): added GPIO chardev (254:2)
[    0.536224] gpio gpiochip2: registered GPIOs 64 to 95 on gpio-64-95
[    0.542224] /ocp/interconnect@48000000/segment@300000/target-module@e000/lcdc@0: Fixed dependency cycle(s) with /ocp/interconnect@44c00000/segment@200000/target-module@b000/i2c@0/tda19988@70
[    0.544823] /ocp/interconnect@48000000/segment@300000/target-module@e000/lcdc@0: Fixed dependency cycle(s) with /ocp/interconnect@44c00000/segment@200000/target-module@b000/i2c@0/tda19988@70
[    0.545470] /ocp/interconnect@44c00000/segment@200000/target-module@b000/i2c@0/tda19988@70: Fixed dependency cycle(s) with /ocp/interconnect@48000000/segment@300000/target-module@e000/lcdc@0
[    0.545629] /ocp/interconnect@48000000/segment@300000/target-module@e000/lcdc@0: Fixed dependency cycle(s) with /ocp/interconnect@44c00000/segment@200000/target-module@b000/i2c@0/tda19988@70
[    0.554248] mdio_bus 4a101000.mdio: GPIO lookup for consumer reset
[    0.554277] mdio_bus 4a101000.mdio: using device tree for GPIO lookup
[    0.554299] of_get_named_gpiod_flags: can't parse 'reset-gpios' property of node '/ocp/interconnect@4a000000/segment@0/target-module@100000/switch@0/mdio@1000[0]'
[    0.554346] of_get_named_gpiod_flags: can't parse 'reset-gpio' property of node '/ocp/interconnect@4a000000/segment@0/target-module@100000/switch@0/mdio@1000[0]'
[    0.554390] mdio_bus 4a101000.mdio: using lookup tables for GPIO lookup
[    0.554399] mdio_bus 4a101000.mdio: No GPIO consumer reset found
[    0.555444] sdhci-omap 481d8000.mmc: GPIO lookup for consumer wp
[    0.555465] sdhci-omap 481d8000.mmc: using device tree for GPIO lookup
[    0.555485] of_get_named_gpiod_flags: can't parse 'wp-gpios' property of node '/ocp/interconnect@48000000/segment@100000/target-module@d8000/mmc@0[0]'
[    0.555534] of_get_named_gpiod_flags: can't parse 'wp-gpio' property of node '/ocp/interconnect@48000000/segment@100000/target-module@d8000/mmc@0[0]'
[    0.555571] sdhci-omap 481d8000.mmc: using lookup tables for GPIO lookup
[    0.555582] sdhci-omap 481d8000.mmc: No GPIO consumer wp found
[    0.555766] sdhci-omap 481d8000.mmc: supply pbias not found, using dummy regulator
[    0.556201] sdhci-omap 481d8000.mmc: supply vqmmc not found, using dummy regulator
[    0.612467] davinci_mdio 4a101000.mdio: davinci mdio revision 1.6, bus freq 1000000
[    0.635357] mdio_bus 4a101000.mdio:00: GPIO lookup for consumer reset
[    0.635382] mdio_bus 4a101000.mdio:00: using device tree for GPIO lookup
[    0.635423] of_get_named_gpiod_flags: parsed 'reset-gpios' property of node '/ocp/interconnect@4a000000/segment@0/target-module@100000/switch@0/mdio@1000/ethernet-phy@0[0]' - status (0)
[    0.635584] gpio gpiochip0: Persistence not supported for GPIO 8
[    0.794058] davinci_mdio 4a101000.mdio: phy[0]: device 4a101000.mdio:00, driver SMSC LAN8710/LAN8720
[    0.794647] cpsw-switch 4a100000.switch: initialized cpsw ale version 1.4
[    0.794668] cpsw-switch 4a100000.switch: ALE Table size 1024
[    0.799313] cpsw-switch 4a100000.switch: cpts: overflow check period 500 (jiffies)
[    0.799335] cpsw-switch 4a100000.switch: CPTS: ref_clk_freq:250000000 calc_mult:2147483648 calc_shift:29 error:0 nsec/sec
[    0.799432] cpsw-switch 4a100000.switch: Detected MACID = 6c:ec:eb:68:de:78
[    0.801101] cpsw-switch 4a100000.switch: initialized (regs 0x4a100000, pool size 256) hw_ver:0019010C 1.12 (0)
[    0.811024] debugfs: Directory '49000000.dma' with parent 'dmaengine' already present!
[    0.811066] edma 49000000.dma: TI EDMA DMA engine driver
[    0.849658] gpio-clk clk_mcasp0: GPIO lookup for consumer enable
[    0.849690] gpio-clk clk_mcasp0: using device tree for GPIO lookup
[    0.849730] of_get_named_gpiod_flags: parsed 'enable-gpios' property of node '/clk_mcasp0[0]' - status (0)
[    0.849773] gpio gpiochip0: Persistence not supported for GPIO 27
[    0.850685] gpio gpiochip3: (gpio-96-127): created GPIO range 0->7 ==> 44e10800.pinmux PIN 82->89
[    0.850720] gpio gpiochip3: (gpio-96-127): created GPIO range 8->11 ==> 44e10800.pinmux PIN 52->55
[    0.850737] gpio gpiochip3: (gpio-96-127): created GPIO range 12->15 ==> 44e10800.pinmux PIN 94->97
[    0.850753] gpio gpiochip3: (gpio-96-127): created GPIO range 16->17 ==> 44e10800.pinmux PIN 71->72
[    0.850769] gpio gpiochip3: (gpio-96-127): created GPIO range 18->18 ==> 44e10800.pinmux PIN 135->135
[    0.850785] gpio gpiochip3: (gpio-96-127): created GPIO range 19->20 ==> 44e10800.pinmux PIN 108->109
[    0.850801] gpio gpiochip3: (gpio-96-127): created GPIO range 21->21 ==> 44e10800.pinmux PIN 73->73
[    0.850818] gpio gpiochip3: (gpio-96-127): created GPIO range 22->23 ==> 44e10800.pinmux PIN 8->9
[    0.850835] gpio gpiochip3: (gpio-96-127): created GPIO range 26->27 ==> 44e10800.pinmux PIN 10->11
[    0.850853] gpio gpiochip3: (gpio-96-127): created GPIO range 28->28 ==> 44e10800.pinmux PIN 74->74
[    0.850870] gpio gpiochip3: (gpio-96-127): created GPIO range 29->29 ==> 44e10800.pinmux PIN 81->81
[    0.850889] gpio gpiochip3: (gpio-96-127): created GPIO range 30->31 ==> 44e10800.pinmux PIN 28->29
[    0.850957] gpio gpiochip3: (gpio-96-127): not an immutable chip, please consider fixing it!
[    0.860013] gpio gpiochip3: (gpio-96-127): added GPIO chardev (254:3)
[    0.860155] gpio gpiochip3: registered GPIOs 96 to 127 on gpio-96-127
[    0.861734] omap8250 44e09000.serial: GPIO lookup for consumer rs485-term
[    0.861759] omap8250 44e09000.serial: using device tree for GPIO lookup
[    0.861781] of_get_named_gpiod_flags: can't parse 'rs485-term-gpios' property of node '/ocp/interconnect@44c00000/segment@200000/target-module@9000/serial@0[0]'
[    0.861831] of_get_named_gpiod_flags: can't parse 'rs485-term-gpio' property of node '/ocp/interconnect@44c00000/segment@200000/target-module@9000/serial@0[0]'
[    0.861871] omap8250 44e09000.serial: using lookup tables for GPIO lookup
[    0.861881] omap8250 44e09000.serial: No GPIO consumer rs485-term found
[    0.861930] 44e09000.serial: ttyS0 at MMIO 0x44e09000 (irq = 34, base_baud = 3000000) is a 8250
[    2.169394] printk: console [ttyS0] enabled
[    2.176191] i2c i2c-0: GPIO lookup for consumer scl
[    2.176227] i2c i2c-0: using device tree for GPIO lookup
[    2.176254] of_get_named_gpiod_flags: can't parse 'scl-gpios' property of node '/ocp/interconnect@44c00000/segment@200000/target-module@b000/i2c@0[0]'
[    2.176301] of_get_named_gpiod_flags: can't parse 'scl-gpio' property of node '/ocp/interconnect@44c00000/segment@200000/target-module@b000/i2c@0[0]'
[    2.176342] i2c i2c-0: using lookup tables for GPIO lookup
[    2.176354] i2c i2c-0: No GPIO consumer scl found
[    2.176376] i2c i2c-0: GPIO lookup for consumer sda
[    2.176385] i2c i2c-0: using device tree for GPIO lookup
[    2.176401] of_get_named_gpiod_flags: can't parse 'sda-gpios' property of node '/ocp/interconnect@44c00000/segment@200000/target-module@b000/i2c@0[0]'
[    2.176439] of_get_named_gpiod_flags: can't parse 'sda-gpio' property of node '/ocp/interconnect@44c00000/segment@200000/target-module@b000/i2c@0[0]'
[    2.176475] i2c i2c-0: using lookup tables for GPIO lookup
[    2.176485] i2c i2c-0: No GPIO consumer sda found
[    2.199519] tps65217-pmic: Failed to locate of_node [id: -1]
[    2.215368] tps65217-bl: Failed to locate of_node [id: -1]
[    2.223963] tps65217 0-0024: TPS65217 ID 0xe version 1.2
[    2.229971] /ocp/interconnect@48000000/segment@300000/target-module@e000/lcdc@0: Fixed dependency cycle(s) with /ocp/interconnect@44c00000/segment@200000/target-module@b000/i2c@0/tda19988@70
[    2.247268] /ocp/interconnect@44c00000/segment@200000/target-module@b000/i2c@0/tda19988@70: Fixed dependency cycle(s) with /ocp/interconnect@48000000/segment@300000/target-module@e000/lcdc@0
[    2.264638] omap_i2c 44e0b000.i2c: bus 0 rev0.11 at 400 kHz
[    2.271955] sdhci-omap 48060000.mmc: GPIO lookup for consumer cd
[    2.271985] sdhci-omap 48060000.mmc: using device tree for GPIO lookup
[    2.272026] of_get_named_gpiod_flags: parsed 'cd-gpios' property of node '/ocp/interconnect@48000000/segment@0/target-module@60000/mmc@0[0]' - status (0)
[    2.272146] gpio gpiochip3: Persistence not supported for GPIO 6
[    2.272171] omap_gpio 44e07000.gpio: Could not set line 6 debounce to 200000 microseconds (-22)
[    2.281015] sdhci-omap 48060000.mmc: Got CD GPIO
[    2.285662] sdhci-omap 48060000.mmc: GPIO lookup for consumer wp
[    2.285671] sdhci-omap 48060000.mmc: using device tree for GPIO lookup
[    2.285690] of_get_named_gpiod_flags: can't parse 'wp-gpios' property of node '/ocp/interconnect@48000000/segment@0/target-module@60000/mmc@0[0]'
[    2.285735] of_get_named_gpiod_flags: can't parse 'wp-gpio' property of node '/ocp/interconnect@48000000/segment@0/target-module@60000/mmc@0[0]'
[    2.285774] sdhci-omap 48060000.mmc: using lookup tables for GPIO lookup
[    2.285785] sdhci-omap 48060000.mmc: No GPIO consumer wp found
[    2.285975] sdhci-omap 48060000.mmc: supply pbias not found, using dummy regulator
[    2.294700] sdhci-omap 481d8000.mmc: GPIO lookup for consumer wp
[    2.294729] sdhci-omap 481d8000.mmc: using device tree for GPIO lookup
[    2.294750] of_get_named_gpiod_flags: can't parse 'wp-gpios' property of node '/ocp/interconnect@48000000/segment@100000/target-module@d8000/mmc@0[0]'
[    2.294802] of_get_named_gpiod_flags: can't parse 'wp-gpio' property of node '/ocp/interconnect@48000000/segment@100000/target-module@d8000/mmc@0[0]'
[    2.294840] sdhci-omap 481d8000.mmc: using lookup tables for GPIO lookup
[    2.294851] sdhci-omap 481d8000.mmc: No GPIO consumer wp found
[    2.297932] sdhci-omap 48060000.mmc: supply vqmmc not found, using dummy regulator
[    2.306452] sdhci-omap 481d8000.mmc: supply pbias not found, using dummy regulator
[    2.314661] sdhci-omap 481d8000.mmc: supply vqmmc not found, using dummy regulator
[    2.348706] mmc1: SDHCI controller on 481d8000.mmc [481d8000.mmc] using External DMA
[    2.357497] mmc0: SDHCI controller on 48060000.mmc [48060000.mmc] using External DMA
[    2.366231] cpsw-switch 4a100000.switch: starting ndev. mode: dual_mac
[    2.407711] mmc0: new high speed SDHC card at address 5048
[    2.414604] mmcblk0: mmc0:5048 SD16G 14.4 GiB 
[    2.422394]  mmcblk0: p1 p2
[    2.425612] mmcblk0: p2 size 31221760 extends beyond EOD, truncated
[    2.440164] mmc1: new high speed MMC card at address 0001
[    2.446761] mmcblk1: mmc1:0001 MMC04G 3.60 GiB 
[    2.453904]  mmcblk1: p1 p2
[    2.458019] mmcblk1boot0: mmc1:0001 MMC04G 2.00 MiB 
[    2.465058] mmcblk1boot1: mmc1:0001 MMC04G 2.00 MiB 
[    2.471878] mmcblk1rpmb: mmc1:0001 MMC04G 128 KiB, chardev (250:0)
[    2.519864] SMSC LAN8710/LAN8720 4a101000.mdio:00: attached PHY driver (mii_bus:phy_addr=4a101000.mdio:00, irq=POLL)
[    5.689427] cpsw-switch 4a100000.switch eth0: Link is Up - 100Mbps/Full - flow control off
[    5.697819] IPv6: ADDRCONF(NETDEV_CHANGE): eth0: link becomes ready
[    5.738720] IP-Config: Complete:
[    5.741986]      device=eth0, hwaddr=6c:ec:eb:68:de:78, ipaddr=192.168.255.1, mask=255.255.255.0, gw=255.255.255.255
[    5.752605]      host=bbb1, domain=, nis-domain=(none)
[    5.757770]      bootserver=192.168.255.126, rootserver=192.168.255.126, rootpath=
[    5.758198] clk: Disabling unused clocks
[    5.770045] KTAP version 1
[    5.772771] 1..0
[    5.795896] VFS: Mounted root (nfs filesystem) on device 0:16.
[    5.802871] devtmpfs: mounted
[    5.807214] Freeing unused kernel image (initmem) memory: 1024K
[    5.813979] Run /sbin/init as init process
[    5.818108]   with arguments:
[    5.818117]     /sbin/init
[    5.818125]     nfsrootdebug
[    5.818132]   with environment:
[    5.818138]     HOME=/
[    5.818145]     TERM=linux
[    6.483752] systemd[1]: System time before build time, advancing clock.
[    7.958689] random: crng init done
[    8.029457] systemd[1]: systemd 232 running in system mode. (+PAM +AUDIT +SELINUX +IMA +APPARMOR +SMACK +SYSVINIT +UTMP +LIBCRYPTSETUP +GCRYPT +GNUTLS +ACL +XZ +LZ4 +SECCOMP +BLKID +ELFUTILS +KMOD +IDN)
[    8.048494] systemd[1]: Detected architecture arm.
[    8.091690] systemd[1]: Set hostname to <arm>.
[    9.145607] systemd[1]: Reached target Swap.
[    9.180438] systemd[1]: Created slice User and Session Slice.
[    9.219705] systemd[1]: Listening on Journal Audit Socket.
[    9.259984] systemd[1]: Created slice System Slice.
[    9.329280] systemd[1]: Mounting POSIX Message Queue File System...
[    9.369379] systemd[1]: Reached target Slices.
[    9.380959] systemd[1]: Listening on Syslog Socket.
[   11.842300] systemd-journald[99]: Received request to flush runtime journal from PID 1
[   14.646235] of_get_named_gpiod_flags: parsed 'gpios' property of node '/leds/led2[0]' - status (0)
[   14.646327] gpio gpiochip0: Persistence not supported for GPIO 21
[   14.646340] gpio-21 (?): no flags found for gpios
[   14.646581] of_get_named_gpiod_flags: parsed 'gpios' property of node '/leds/led3[0]' - status (0)
[   14.646622] gpio gpiochip0: Persistence not supported for GPIO 22
[   14.646633] gpio-22 (?): no flags found for gpios
[   14.659183] of_get_named_gpiod_flags: parsed 'gpios' property of node '/leds/led4[0]' - status (0)
[   14.659263] gpio gpiochip0: Persistence not supported for GPIO 23
[   14.659277] gpio-23 (?): no flags found for gpios
[   14.679074] of_get_named_gpiod_flags: parsed 'gpios' property of node '/leds/led5[0]' - status (0)
[   14.679155] gpio gpiochip0: Persistence not supported for GPIO 24
[   14.679168] gpio-24 (?): no flags found for gpios
[   15.118483] remoteproc remoteproc0: wkup_m3 is available
[   15.231039] wkup_m3_ipc 44e11324.wkup_m3_ipc: IPC Request for A8->M3 Channel failed! -517
[   15.268546] at24 2-0054: supply vcc not found, using dummy regulator
[   15.352825] wkup_m3_ipc 44e11324.wkup_m3_ipc: IPC Request for A8->M3 Channel failed! -517
[   15.484551] at24 2-0055: supply vcc not found, using dummy regulator
[   15.607670] tps6521x_pwrbutton tps65217-pwrbutton: DMA mask not set
