Labgrid Console Logfile for main
Logfile started at 2024-12-16 03:26:09.950027
=== Log starts here ===

** Unable to use mmc 0:1 for loading the env **


U-Boot 2019.04-00002-g31a8ae0206 (May 13 2020 - 09:26:17 -0500), Build: jenkins-github_Bootloader-Builder-139

CPU  : AM335X-GP rev 2.1
I2C:   ready
DRAM:  512 MiB
No match for driver 'omap_hsmmc'
No match for driver 'omap_hsmmc'
Some drivers were not found
Reset Source: Power-on reset has occurred.
RTC 32KCLK Source: External.
MMC:   OMAP SD/MMC: 0, OMAP SD/MMC: 1
Loading Environment from EXT4... 
** Unable to use mmc 0:1 for loading the env **
Board: BeagleBone Black
<ethaddr> not set. Validating first E-fuse MAC
BeagleBone Black:
BeagleBone: cape eeprom: i2c_probe: 0x54:
BeagleBone: cape eeprom: i2c_probe: 0x55:
BeagleBone: cape eeprom: i2c_probe: 0x56:
BeagleBone: cape eeprom: i2c_probe: 0x57:
Net:   eth0: MII MODE
cpsw, usb_ether
Press SPACE to abort autoboot in 0 seconds
board_name=[A335BNLT] ...
board_rev=[00C0] ...
switch to partitions #0, OK
mmc0 is current device
SD/MMC found on device 0
switch to partitions #0, OK
mmc0 is current device
Scanning mmc 0:1...
gpio: pin 56 (gpio 56) value is 0
gpio: pin 55 (gpio 55) value is 0
gpio: pin 54 (gpio 54) value is 0
gpio: pin 53 (gpio 53) value is 1
switch to partitions #0, OK
mmc0 is current device
gpio: pin 54 (gpio 54) value is 1
Checking for: /uEnv.txt ...
584 bytes read in 2 ms (285.2 KiB/s)
gpio: pin 55 (gpio 55) value is 1
Loaded environment from /uEnv.txt
Importing environment from mmc ...
Checking if uenvcmd is set ...
gpio: pin 56 (gpio 56) value is 1
Running uenvcmd ...
cpsw Waiting for PHY auto negotiation to complete.. done
link up on port 0, speed 100, full duplex
Using cpsw device
TFTP from server 192.168.255.126; our IP address is 192.168.255.4
Filename 'zImage'.
Load address: 0x81000000
Loading: *#################################################################
	 #################################################################
	 #################################################################
	 #################################################################
	 #################################################################
	 ####################################################
	 3 MiB/s
done
Bytes transferred = 5527112 (545648 hex)
link up on port 0, speed 100, full duplex
Using cpsw device
TFTP from server 192.168.255.126; our IP address is 192.168.255.4
Filename 'am335x-boneblack.dtb'.
Load address: 0x82000000
Loading: *#######
	 2.6 MiB/s
done
Bytes transferred = 98244 (17fc4 hex)
## Flattened Device Tree blob at 82000000
   Booting using the fdt blob at 0x82000000
   Loading Device Tree to 8ffe5000, end 8fffffc3 ... OK

Starting kernel ...

[    0.000000] Booting Linux on physical CPU 0x0
[    0.000000] Linux version 6.13.0-rc3 (user01@drvtest01) (arm-linux-gnueabihf-gcc (Linaro GCC 6.4-2017.11) 6.4.1 20171012, GNU ld (Linaro_Binutils-2017.11) 2.27.0.20161229) #81 SMP Mon Dec 16 02:44:15 EET 2024
[    0.000000] CPU: ARMv7 Processor [413fc082] revision 2 (ARMv7), cr=10c5387d
[    0.000000] CPU: PIPT / VIPT nonaliasing data cache, VIPT aliasing instruction cache
[    0.000000] OF: fdt: Machine model: TI AM335x BeagleBone Black
[    0.000000] earlycon: omap8250 at MMIO 0x44e09000 (options '')
[    0.000000] printk: legacy bootconsole [omap8250] enabled
[    0.000000] Memory policy: Data cache writeback
[    0.000000] cma: Reserved 16 MiB at 0x9e800000 on node -1
[    0.000000] Zone ranges:
[    0.000000]   Normal   [mem 0x0000000080000000-0x000000009fdfffff]
[    0.000000]   HighMem  empty
[    0.000000] Movable zone start for each node
[    0.000000] Early memory node ranges
[    0.000000]   node   0: [mem 0x0000000080000000-0x000000009fdfffff]
[    0.000000] Initmem setup node 0 [mem 0x0000000080000000-0x000000009fdfffff]
[    0.000000] OF: reserved mem: Reserved memory: No reserved-memory node in the DT
[    0.000000] CPU: All CPU(s) started in SVC mode.
[    0.000000] AM335X ES2.1 (sgx neon)
[    0.000000] percpu: Embedded 17 pages/cpu s39628 r8192 d21812 u69632
[    0.000000] pcpu-alloc: s39628 r8192 d21812 u69632 alloc=17*4096
[    0.000000] pcpu-alloc: [0] 0 
[    0.000000] Kernel command line: console=ttyO0,115200n8 debug earlycon root=/dev/nfs rw nfsroot=192.168.255.126:/home/user01/nfs,nfsvers=3 ip=192.168.255.4:192.168.255.126::255.255.255.0:bbb1:eth0 nfsrootdebug
[    0.000000] Unknown kernel command line parameters "nfsrootdebug", will be passed to user space.
[    0.000000] printk: log buffer data + meta data: 65536 + 204800 = 270336 bytes
[    0.000000] Dentry cache hash table entries: 65536 (order: 6, 262144 bytes, linear)
[    0.000000] Inode-cache hash table entries: 32768 (order: 5, 131072 bytes, linear)
[    0.000000] Built 1 zonelists, mobility grouping on.  Total pages: 130560
[    0.000000] mem auto-init: stack:off, heap alloc:off, heap free:off
[    0.000000] SLUB: HWalign=64, Order=0-3, MinObjects=0, CPUs=1, Nodes=1
[    0.000000] trace event string verifier disabled
[    0.000000] rcu: Hierarchical RCU implementation.
[    0.000000] rcu: 	RCU event tracing is enabled.
[    0.000000] rcu: 	RCU restricting CPUs from NR_CPUS=2 to nr_cpu_ids=1.
[    0.000000] 	Tracing variant of Tasks RCU enabled.
[    0.000000] rcu: RCU calculated value of scheduler-enlistment delay is 10 jiffies.
[    0.000000] rcu: Adjusting geometry for rcu_fanout_leaf=16, nr_cpu_ids=1
[    0.000000] RCU Tasks Trace: Setting shift to 0 and lim to 1 rcu_task_cb_adjust=1 rcu_task_cpu_ids=1.
[    0.000000] NR_IRQS: 16, nr_irqs: 16, preallocated irqs: 16
[    0.000000] IRQ: Found an INTC at 0x(ptrval) (revision 5.0) with 128 interrupts
[    0.000000] rcu: srcu_init: Setting srcu_struct sizes based on contention.
[    0.000000] TI gptimer clocksource: always-on /ocp/interconnect@44c00000/segment@200000/target-module@31000
[    0.000002] sched_clock: 32 bits at 24MHz, resolution 41ns, wraps every 89478484971ns
[    0.008074] clocksource: dmtimer: mask: 0xffffffff max_cycles: 0xffffffff, max_idle_ns: 79635851949 ns
[    0.018142] TI gptimer clockevent: 24000000 Hz at /ocp/interconnect@48000000/segment@0/target-module@40000
[    0.029760] Console: colour dummy device 80x30
[    0.034403] WARNING: Your 'console=ttyO0' has been replaced by 'ttyS0'
[    0.041213] This ensures that you still see kernel messages. Please
[    0.047664] update your kernel commandline.
[    0.052018] Calibrating delay loop... 996.14 BogoMIPS (lpj=4980736)
[    0.094630] CPU: Testing write buffer coherency: ok
[    0.099752] CPU0: Spectre v2: using BPIALL workaround
[    0.104956] pid_max: default: 32768 minimum: 301
[    0.109837] LSM: initializing lsm=capability
[    0.114409] Mount-cache hash table entries: 1024 (order: 0, 4096 bytes, linear)
[    0.121976] Mountpoint-cache hash table entries: 1024 (order: 0, 4096 bytes, linear)
[    0.131643] CPU0: thread -1, cpu 0, socket -1, mpidr 0
[    0.139328] Setting up static identity map for 0x80100000 - 0x80100078
[    0.146395] rcu: Hierarchical SRCU implementation.
[    0.151395] rcu: 	Max phase no-delay instances is 1000.
[    0.158766] smp: Bringing up secondary CPUs ...
[    0.163493] smp: Brought up 1 node, 1 CPU
[    0.167625] SMP: Total of 1 processors activated (996.14 BogoMIPS).
[    0.174179] CPU: All CPU(s) started in SVC mode.
[    0.179146] Memory: 480840K/522240K available (11264K kernel code, 1213K rwdata, 2896K rodata, 1024K init, 297K bss, 23388K reserved, 16384K cma-reserved, 0K highmem)
[    0.195459] devtmpfs: initialized
[    0.215808] VFP support v0.3: implementor 41 architecture 3 part 30 variant c rev 3
[    0.224183] clocksource: jiffies: mask: 0xffffffff max_cycles: 0xffffffff, max_idle_ns: 19112604462750000 ns
[    0.234394] futex hash table entries: 256 (order: 2, 16384 bytes, linear)
[    0.242683] pinctrl core: initialized pinctrl subsystem
[    0.250987] NET: Registered PF_NETLINK/PF_ROUTE protocol family
[    0.260054] DMA: preallocated 256 KiB pool for atomic coherent allocations
[    0.268053] audit: initializing netlink subsys (disabled)
[    0.275137] thermal_sys: Registered thermal governor 'fair_share'
[    0.275166] thermal_sys: Registered thermal governor 'step_wise'
[    0.281538] thermal_sys: Registered thermal governor 'user_space'
[    0.287841] audit: type=2000 audit(0.240:1): state=initialized audit_enabled=0 res=1
[    0.302223] cpuidle: using governor menu
[    0.324627] /ocp/interconnect@44c00000/segment@200000/target-module@b000/i2c@0/tda19988@70: Fixed dependency cycle(s) with /ocp/interconnect@48000000/segment@300000/target-module@e000/lcdc@0
[    0.343401] /ocp/interconnect@48000000/segment@300000/target-module@e000/lcdc@0: Fixed dependency cycle(s) with /ocp/interconnect@44c00000/segment@200000/target-module@b000/i2c@0/tda19988@70
[    0.363195] No ATAGs?
[    0.365558] hw-breakpoint: debug architecture 0x4 unsupported.
[    0.374498] kprobes: kprobe jump-optimization is enabled. All kprobes are optimized if possible.
[    0.401982] iommu: Default domain type: Translated
[    0.406939] iommu: DMA domain TLB invalidation policy: strict mode
[    0.415125] reg-fixed-voltage fixedregulator0: using DT '/fixedregulator0' for '(default)' GPIO lookup
[    0.424857] of_get_named_gpiod_flags: can't parse 'gpios' property of node '/fixedregulator0[0]'
[    0.433952] of_get_named_gpiod_flags: can't parse 'gpio' property of node '/fixedregulator0[0]'
[    0.442952] reg-fixed-voltage fixedregulator0: using lookup tables for GPIO lookup
[    0.450768] reg-fixed-voltage fixedregulator0: No GPIO consumer (default) found
[    0.478960] SCSI subsystem initialized
[    0.488754] libata version 3.00 loaded.
[    0.493084] pps_core: LinuxPPS API ver. 1 registered
[    0.498258] pps_core: Software ver. 5.3.6 - Copyright 2005-2007 Rodolfo Giometti <giometti@linux.it>
[    0.507685] PTP clock support registered
[    0.538365] vgaarb: loaded
[    0.548217] clocksource: Switched to clocksource dmtimer
[    0.554419] VFS: Disk quotas dquot_6.6.0
[    0.558641] VFS: Dquot-cache hash table entries: 1024 (order 0, 4096 bytes)
[    0.601314] NET: Registered PF_INET protocol family
[    0.606835] IP idents hash table entries: 8192 (order: 4, 65536 bytes, linear)
[    0.615726] tcp_listen_portaddr_hash hash table entries: 512 (order: 0, 4096 bytes, linear)
[    0.624429] Table-perturb hash table entries: 65536 (order: 6, 262144 bytes, linear)
[    0.632444] TCP established hash table entries: 4096 (order: 2, 16384 bytes, linear)
[    0.640453] TCP bind hash table entries: 4096 (order: 4, 65536 bytes, linear)
[    0.647912] TCP: Hash tables configured (established 4096 bind 4096)
[    0.654598] UDP hash table entries: 256 (order: 1, 14336 bytes, linear)
[    0.661438] UDP-Lite hash table entries: 256 (order: 1, 14336 bytes, linear)
[    0.668922] NET: Registered PF_UNIX/PF_LOCAL protocol family
[    0.753072] RPC: Registered named UNIX socket transport module.
[    0.759197] RPC: Registered udp transport module.
[    0.764108] RPC: Registered tcp transport module.
[    0.768952] RPC: Registered tcp-with-tls transport module.
[    0.774620] RPC: Registered tcp NFSv4.1 backchannel transport module.
[    0.781268] PCI: CLS 0 bytes, default 64
[    0.786841] Initialise system trusted keyrings
[    0.853636] workingset: timestamp_bits=14 max_order=17 bucket_order=3
[    0.861793] NFS: Registering the id_resolver key type
[    0.867151] Key type id_resolver registered
[    0.871457] Key type id_legacy registered
[    0.875691] jffs2: version 2.2. (NAND) (SUMMARY)  Â© 2001-2006 Red Hat, Inc.
[    0.910647] Key type asymmetric registered
[    0.915006] Asymmetric key parser 'x509' registered
[    0.920099] io scheduler mq-deadline registered
[    0.924804] io scheduler kyber registered
[    0.929005] io scheduler bfq registered
[    0.951098] ledtrig-cpu: registered to indicate activity on CPUs
[    0.985168] Serial: 8250/16550 driver, 6 ports, IRQ sharing enabled
[    1.031488] brd: module loaded
[    1.067620] loop: module loaded
[    1.071941] mtdoops: mtd device (mtddev=name/number) must be supplied
[    1.088688] mdio_bus fixed-0: using lookup tables for GPIO lookup
[    1.095085] mdio_bus fixed-0: No GPIO consumer reset found
[    1.102217] i2c_dev: i2c /dev entries driver
[    1.107606] cpuidle: enable-method property 'ti,am3352' found operations
[    1.115071] sdhci: Secure Digital Host Controller Interface driver
[    1.121443] sdhci: Copyright(c) Pierre Ossman
[    1.126176] sdhci-pltfm: SDHCI platform and OF driver helper
[    1.133093] Initializing XFRM netlink socket
[    1.137638] NET: Registered PF_INET6 protocol family
[    1.206147] Segment Routing with IPv6
[    1.210030] In-situ OAM (IOAM) with IPv6
[    1.214257] sit: IPv6, IPv4 and MPLS over IPv4 tunneling driver
[    1.221322] NET: Registered PF_PACKET protocol family
[    1.226654] NET: Registered PF_KEY protocol family
[    1.231766] Key type dns_resolver registered
[    1.236459] ThumbEE CPU extension supported.
[    1.240874] Registering SWP/SWPB emulation handler
[    1.246405] omap_voltage_late_init: Voltage driver support not added
[    1.253379] SmartReflex Class3 initialized
[    1.331896] Loading compiled-in X.509 certificates
[    1.387136] /ocp/interconnect@44c00000/segment@200000/target-module@b000/i2c@0/tda19988@70: Fixed dependency cycle(s) with /ocp/interconnect@48000000/segment@300000/target-module@e000/lcdc@0
[    1.411238] /ocp/interconnect@44c00000/segment@200000/target-module@b000/i2c@0/tda19988@70: Fixed dependency cycle(s) with /ocp/interconnect@48000000/segment@300000/target-module@e000/lcdc@0
[    1.434617] gpiochip_find_base_unlocked: found new base at 512
[    1.493047] /ocp/interconnect@44c00000/segment@200000/target-module@b000/i2c@0/tda19988@70: Fixed dependency cycle(s) with /ocp/interconnect@48000000/segment@300000/target-module@e000/lcdc@0
[    1.511555] /ocp/interconnect@44c00000/segment@200000/target-module@b000/i2c@0/tda19988@70: Fixed dependency cycle(s) with /ocp/interconnect@48000000/segment@300000/target-module@e000/lcdc@0
[    1.532835] /ocp/interconnect@44c00000/segment@200000/target-module@10000/scm@0/pinmux@800: Fixed dependency cycle(s) with /ocp/interconnect@44c00000/segment@200000/target-module@10000/scm@0/pinmux@800/clkout2-pins
[    1.553136] pinctrl-single 44e10800.pinmux: 142 pins, size 568
[    1.564543] ti-sysc 44e31000.target-module: probe with driver ti-sysc failed with error -16
[    1.658556] /ocp/interconnect@48000000/segment@300000/target-module@e000/lcdc@0: Fixed dependency cycle(s) with /ocp/interconnect@44c00000/segment@200000/target-module@b000/i2c@0/tda19988@70
[    1.684315] ti-sysc 48040000.target-module: probe with driver ti-sysc failed with error -16
[    1.704445] gpiochip_find_base_unlocked: found new base at 512
[    1.710570] gpio gpiochip0: (gpio-0-31): created GPIO range 0->7 ==> 44e10800.pinmux PIN 0->7
[    1.719509] gpio gpiochip0: (gpio-0-31): created GPIO range 8->11 ==> 44e10800.pinmux PIN 90->93
[    1.728602] gpio gpiochip0: (gpio-0-31): created GPIO range 12->27 ==> 44e10800.pinmux PIN 12->27
[    1.737770] gpio gpiochip0: (gpio-0-31): created GPIO range 28->31 ==> 44e10800.pinmux PIN 30->33
[    1.852595] gpio gpiochip0: (gpio-0-31): added GPIO chardev (254:0)
[    1.859212] gpio gpiochip0: registered GPIOs 512 to 543 on gpio-0-31
[    1.865920] OMAP GPIO hardware version 0.1
[    1.912578] i2c i2c-2: using DT '/ocp/interconnect@48000000/segment@100000/target-module@9c000/i2c@0' for 'scl' GPIO lookup
[    1.924217] of_get_named_gpiod_flags: can't parse 'scl-gpios' property of node '/ocp/interconnect@48000000/segment@100000/target-module@9c000/i2c@0[0]'
[    1.938272] of_get_named_gpiod_flags: can't parse 'scl-gpio' property of node '/ocp/interconnect@48000000/segment@100000/target-module@9c000/i2c@0[0]'
[    1.952204] i2c i2c-2: using lookup tables for GPIO lookup
[    1.957856] i2c i2c-2: No GPIO consumer scl found
[    1.962773] i2c i2c-2: using DT '/ocp/interconnect@48000000/segment@100000/target-module@9c000/i2c@0' for 'sda' GPIO lookup
[    1.974292] of_get_named_gpiod_flags: can't parse 'sda-gpios' property of node '/ocp/interconnect@48000000/segment@100000/target-module@9c000/i2c@0[0]'
[    1.988312] of_get_named_gpiod_flags: can't parse 'sda-gpio' property of node '/ocp/interconnect@48000000/segment@100000/target-module@9c000/i2c@0[0]'
[    2.002234] i2c i2c-2: using lookup tables for GPIO lookup
[    2.007882] i2c i2c-2: No GPIO consumer sda found
[    2.013473] omap_i2c 4819c000.i2c: bus 2 rev0.11 at 100 kHz
[    2.024970] gpiochip_find_base_unlocked: found new base at 544
[    2.031089] gpio gpiochip1: (gpio-32-63): created GPIO range 0->17 ==> 44e10800.pinmux PIN 34->51
[    2.040371] gpio gpiochip1: (gpio-32-63): created GPIO range 18->21 ==> 44e10800.pinmux PIN 77->80
[    2.049656] gpio gpiochip1: (gpio-32-63): created GPIO range 22->31 ==> 44e10800.pinmux PIN 56->65
[    2.063206] gpio gpiochip1: (gpio-32-63): added GPIO chardev (254:1)
[    2.069961] gpio gpiochip1: registered GPIOs 544 to 575 on gpio-32-63
[    2.079116] gpiochip_find_base_unlocked: found new base at 576
[    2.085402] gpio gpiochip2: (gpio-64-95): created GPIO range 0->4 ==> 44e10800.pinmux PIN 66->70
[    2.094504] gpio gpiochip2: (gpio-64-95): created GPIO range 5->6 ==> 44e10800.pinmux PIN 98->99
[    2.103583] gpio gpiochip2: (gpio-64-95): created GPIO range 7->8 ==> 44e10800.pinmux PIN 75->76
[    2.112658] gpio gpiochip2: (gpio-64-95): created GPIO range 13->13 ==> 44e10800.pinmux PIN 141->141
[    2.122103] gpio gpiochip2: (gpio-64-95): created GPIO range 14->21 ==> 44e10800.pinmux PIN 100->107
[    2.132336] gpio gpiochip2: (gpio-64-95): added GPIO chardev (254:2)
[    2.139036] gpio gpiochip2: registered GPIOs 576 to 607 on gpio-64-95
[    2.151296] 48000000.interconnect:segment@200000:target-module@0:mpu@0:fck: device ID is greater than 24
[    2.162264] /ocp/interconnect@48000000/segment@300000/target-module@e000/lcdc@0: Fixed dependency cycle(s) with /ocp/interconnect@44c00000/segment@200000/target-module@b000/i2c@0/tda19988@70
[    2.182796] /ocp/interconnect@48000000/segment@300000/target-module@e000/lcdc@0: Fixed dependency cycle(s) with /ocp/interconnect@44c00000/segment@200000/target-module@b000/i2c@0/tda19988@70
[    2.201087] /ocp/interconnect@44c00000/segment@200000/target-modul e@b000/i2c@0/tda19988@70: Fixed dependency cycle(s) with /ocp/ interconnect@48000000/segment@300000/target-module@e000/lcdc@0 
[    2.218797] /ocp/interconnect@48000000/segment@300000/tar get-module@e000/lcdc@0: Fixed dependency cycle(s) with /ocp/in terconne
[    5.572406] cpsw-switch 4a100000.switch eth0: Link is Up - 100Mbps/Full - flow control off
[    5.611633] IP-Config: Complete:
[    5.614905]      device=eth0, hwaddr=18:2c:65:25:1d:6e, ipaddr=192.168.255.4, mask=255.255.255.0, gw=255.255.255.255
[    5.625530]      host=bbb1, domain=, nis-domain=(none)
[    5.630698]      bootserver=192.168.255.126, rootserver=192.168.255.126, rootpath=
[    5.631119] clk: Disabling unused clocks
[    5.642986] PM: genpd: Disabling unused power domains
[    5.648111] KTAP version 1
[    5.650832] 1..0
[    5.676514] VFS: Mounted root (nfs filesystem) on device 0:17.
[    5.683632] devtmpfs: mounted
[    5.688300] Freeing unused kernel image (initmem) memory: 1024K
[    5.695290] Run /sbin/init as init process
[    5.699428]   with arguments:
[    5.702481]     /sbin/init
[    5.705208]     nfsrootdebug
[    5.708103]   with environment:
[    5.711259]     HOME=/
[    5.713657]     TERM=linux
[    6.426625] systemd[1]: System time before build time, advancing clock.
[    7.941648] random: crng init done
[    7.951346] systemd[1]: Mounting cgroup to /sys/fs/cgroup/devices of type cgroup with options devices.
[    7.961877] systemd[1]: Mounting cgroup to /sys/fs/cgroup/cpu,cpuacct of type cgroup with options cpu,cpuacct.
[    7.972886] systemd[1]: Mounting cgroup to /sys/fs/cgroup/freezer of type cgroup with options freezer.
[    7.983002] systemd[1]: Mounting cgroup to /sys/fs/cgroup/blkio of type cgroup with options blkio.
[    8.022158] systemd[1]: Mounting cgroup to /sys/fs/cgroup/net_cls of type cgroup with options net_cls.
[    8.032221] systemd[1]: Mounting cgroup to /sys/fs/cgroup/perf_event of type cgroup with options perf_event.
[    8.042705] systemd[1]: systemd 232 running in system mode. (+PAM +AUDIT +SELINUX +IMA +APPARMOR +SMACK +SYSVINIT +UTMP +LIBCRYPTSETUP +GCRYPT +GNUTLS +ACL +XZ +LZ4 +SECCOMP +BLKID +ELFUTILS +KMOD +IDN)
[    8.061184] systemd[1]: No virtualization found in DMI
[    8.066450] systemd[1]: No virtualization found in CPUID
[    8.071894] systemd[1]: Virtualization XEN not found, /proc/xen/capabilities does not exist

Welcome to [1mDebian GNU/Linux 9 (stretch)[0m!

[    8.537151] systemd-fstab-generator[72]: Parsing /etc/fstab
[    8.570568] systemd-gpt-auto-generator[69]: Neither root nor /usr file system are on a (single) block device.
[    8.596713] systemd-getty-generator[74]: Automatically adding serial getty for /dev/ttyS0.
[    8.632144] systemd-sysv-generator[77]: Native unit for sudo.service already exists, skipping.
[    8.643269] systemd-sysv-generator[77]: Native unit for apache-htcacheclean.service already exists, skipping.
[    8.658718] systemd-sysv-generator[77]: Native unit for kmod.service already exists, skipping.
[    8.669826] systemd-sysv-generator[77]: Native unit for dbus.service already exists, skipping.
[    8.681886] systemd-sysv-generator[77]: Cannot find unit hostapd.service.
[    8.690935] systemd-sysv-generator[77]: Cannot find unit loadcpufreq.service.
[    8.700795] systemd-sysv-generator[77]: Native unit for ofono.service already exists, skipping.
[    8.712251] systemd-sysv-generator[77]: Native unit for avahi-daemon.service already exists, skipping.
[    8.724060] systemd-sysv-generator[77]: Native unit for cron.service already exists, skipping.
[    8.736006] systemd-sysv-generator[77]: Native unit for hwclock.service already exists, skipping.
[    8.815311] printk: systemd-sysv-ge: 61 output lines suppressed due to ratelimiting
[[0;32m  OK  [0m] Reached target Swap.
[[0;32m  OK  [0m] Created slice System Slice.
[[0;32m  OK  [0m] Listening on udev Control Socket.
[[0;32m  OK  [0m] Listening on Syslog Socket.
[[0;32m  OK  [0m] Started Dispatch Password Requests to Console Directory Watch.
         Mounting Debug File System...[    9.475470] systemd[78]: sys-kernel-debug.mount: Executing: /bin/mount debugfs /sys/kernel/debug -t debugfs

[[0;32m  OK  [0m] Started Forward Password Requests to Wall Directory Watch.
[[0;32m  OK  [0m] Listening on Journal Socket (/dev/log).
[[0;32m  OK  [0m] Listening on udev Kernel Socket.
[[0;32m  OK  [0m] Reached target Remote File Systems.
[[0;32m  OK  [0m] Created slice User and Session Slice.
[[0;32m  OK  [0m] Reached target Slices.
[[0;32m  OK  [0m] Created slice system-getty.slice.
[[0;32m  OK  [0m] Set up automount Arbitrary Executabâ€¦rmats File System Automount Point.
[[0;32m  OK  [0m] Reached target Encrypted Volumes.
[[0;32m  OK  [0m] Created slice system-serial\x2dgetty.slice.
[[0;32m  OK  [0m] Listening on Journal Audit Socket.
[[0;32m  OK  [0m] Listening on Journal Socket.
         Starting Journal Service...
         Starting Load Kernel Modules...
         Starting Create list of required stâ€¦ce nodes for the current kernel...
[    9.897898] systemd-journald[80]: Fixed min_use=1.0M max_use=24.4M max_size=3.0M min_size=512.0K keep_free=36.6M n_max_files=100
         Starting Remount Root and Kernel File Systems...
         Mounting POSIX Message Queue File System...
 [    9.976314] systemd-journald[80]: Reserving 5560 entries in  hash table.
[[0;32m  OK  [0m] Listening on /dev/initctl Co mpatibility Named Pipe.
[[0;32m  OK  [0m] Reached target Pa ths.
[[0;32m  OK  [0m] Mounted Debug File System.
[   10.0 44170] s
[   13.633466] systemd[1]: systemd-journald.service: Received EPOLLHUP on stored fd 38 (stored), closing.
[   13.687791] systemd[1]: Received SIGCHLD from PID 101 (udevadm).
[   13.732097] systemd[1]: Child 101 (udevadm) died (code=exited, status=0/SUCCESS)
[   13.763401] systemd[1]: systemd-udev-trigger.service: Child 101 belongs to systemd-udev-trigger.service
[   13.832313] systemd[1]: systemd-udev-trigger.service: Changed start -> exited
[   13.852171] systemd[1]: systemd-udev-trigger.service: Job systemd-udev-trigger.service/start finished, result=done
[[0;32m  OK  [0m] Started udev Coldplug all Devices.
[   14.041976] systemd[1]: Sent message type=method_return sender=n/a destination=n/a object=n/a interface=n/a member=n/a cookie=1 reply_cookie=1 error=n/a
[   14.091931] systemd[1]: upstart.service: Collecting.
[   14.115003] systemd[1]: upstart.service: Failed to send unit change signal for upstart.service: Connection reset by peer
[   14.162074] systemd[1]: upstart.service: Failed to send unit remove signal for upstart.service: Transport endpoint is not connected
[[0;32m  OK  [0m] Started Raise network interfaces.
[[0;32m  OK  [0m] Started Create Volatile Files and Directories.
[   15.177850] systemd-journald[80]: Successfully sent stream file descriptor to service manager.
         Starting Update UTMP about System Boot/Shutdown...
[   15.397568] systemd-journald[80]: Successfully sent stream file descriptor to service manager.
         Starting Network Time Synchronization...
[[0;32m  OK  [0m] Started Update UTMP about System Boot/Shutdown.
[   15.856934] systemd-journald[80]: /run/log/journal/c2029cc3b8b4efd6445bffc4386d43a0/system.journal: Journal header limits reached or header out-of-date, rotating.
[   15.873514] systemd-journald[80]: Rotating...
[   15.883845] systemd-journald[80]: Reserving 5560 entries in hash table.
[   15.893104] systemd-journald[80]: Vacuuming...
[   15.898165] systemd-journald[80]: Vacuuming done, freed 0B of archived journals from /run/log/journal/c2029cc3b8b4efd6445bffc4386d43a0.
[   15.915667] systemd-journald[80]: /run/log/journal/c2029cc3b8b4efd6445bffc4386d43a0/system.journal: Journal header limits reached or header out-of-date, rotating.
[   15.930777] systemd-journald[80]: Rotating...
[   15.940975] systemd-journald[80]: Reserving 5560 entries in hash table.
[[0;32m  OK  [0m] Started Network Time Synchronization.
[[0;32m  OK  [0m] Reached target System Initialization.
[[0;32m  OK  [0m] Listening on D-Bus System Message Bus Socket.
[[0;32m  OK  [0m] Listening on Avahi mDNS/DNS-SD Stack Activation Socket.
[[0;32m  OK  [0m] Reached target Sockets.
[[0;32m  OK  [0m] Reached target Basic System.
         Starting Cape Manager Service...
[[0;32m  OK  [0m] Started D-Bus System Message Bus.
         Starting Connection service...
         Starting Telephony service...
         Starting System Logging Service...
         Starting Avahi mDNS/DNS-SD Stack...
         Starting LSB: Load kernel modules needed to enable cpufreq scaling...
         Starting Generic Board Startup...
         Starting LSB: Start busybox udhcpd at boot time...
[[0;32m  OK  [0m] Started Regular background program processing daemon.
         Starting Login Service...
[   18.694845] systemd[1]: dundee.service: Passing 0 fds to service
[   18.822045] systemd[1]: dundee.service: Forked /usr/sbin/dundee as 194
[   18.902345] systemd[1]: dundee.service: Changed dead -> start
         Starting DUN service...
[   19.012301] systemd[1]: systemd-tmpfiles-clean.timer: Monotonic timer elapses in 14min 41.051954s.
[   19.107740] systemd[1]: systemd-tmpfiles-clean.timer: Changed dead -> waiting
 [   19.217392] systemd[1]: systemd-tmpfiles-clean.timer: Job s ystemd-tmpfiles-clean.timer/start finished, result=done
[   1 9.299894] Bluetooth: Core ver 2.22
[   19.303916] NET: Regist ered PF_BLUETOOTH protocol family
[   19.309446] Bluetooth: H CI devic
[[0;32m  OK  [0m] Started System Logging Service.
[[0;32m  OK  [0m] Started Cape Manager Service.
[[0;32m  OK  [0m] Started LSB: Start busybox udhcpd at boot time.
[[0;32m  OK  [0m] Started Telephony service.
[[0;32m  OK  [0m] Started Connection service.
[[0;32m  OK  [0m] Started Avahi mDNS/DNS-SD Stack.
[[0;32m  OK  [0m] Started DUN service.
[[0;32m  OK  [0m] Reached target Network.
[[0;32m  OK  [0m] Reached target Network is Online.
[   22.967944] userial_init: registered 8 ttyGS* devices
[   23.075656] systemd-journald[80]: Successfully sent stream file descriptor to service manager.
         Starting LSB: Advanced IEEE 802.11 management daemon...
[   23.234475] systemd-journald[80]: Successfully sent stream file descriptor to service manager.
         Starting OpenBSD Secure Shell server...
[   23.302830] rndis_register: configNr = 0
[   23.348437] systemd-journald[80]: Successfully sent stream file descriptor to service manager.
         Starting Permit User Sessions...
         Starting The Apache HTTP Server...[   23.643308] systemd-journald[80]: Successfully sent stream file descriptor to service manager.

[   23.702078] systemd[1]: Sent message type=signal sender=n/a destination=n/a object=/org/freedesktop/systemd1/unit/apache2_2eservice interface=org.freedesktop.DBus.Properties member=PropertiesChanged cookie=17 reply_cookie=0 error=n/a
[   23.923205] systemd[1]: Sent message type=signal sender=n/a destination=n/a object=/org/freedesktop/systemd1/unit/systemd_2duser_2dsessions_2eservice interface=org.freedesktop.DBus.Properties member=PropertiesChanged cookie=19 reply_cookie=0 error=n/a
[   24.155607] systemd[1]: Sent message type=signal sender=n/a destination=n/a object=/org/freedesktop/systemd1/unit/systemd_2duser_2dsessions_2eservice interface=org.freedesktop.DBus.Properties member=PropertiesChanged cookie=20 reply_cookie=0 error=n/a
[   24.362323] systemd[1]: Sent message type=signal sender=n/a destination=n/a object=/org/freedesktop/systemd1/unit/ssh_2eservice interface=org.freedesktop.DBus.Properties member=PropertiesChanged cookie=21 reply_cookie=0 error=n/a
[   24.562587] systemd[1]: Sent message type=signal sender=n/a destination=n/a object=/org/freedesktop/systemd1/unit/ssh_2eservice interface=org.freedesktop.DBus.Properties member=PropertiesChanged cookie=22 reply_cookie=0 error=n/a
[   24.713562] systemd[1]: Sent message type=signal sender=n/a destination=n/a object=/org/freedesktop/systemd1/unit/hostapd_2eservice interface=org.freedesktop.DBus.Properties member=PropertiesChanged cookie=23 reply_cookie=0 error=n/a
[   24.894185] systemd[1]: Sent message type=signal sender=n/a destination=n/a object=/org/freedesktop/systemd1/unit/hostapd_2eservice interface=org.freedesktop.DBus.Properties member=PropertiesChanged cookie=24 reply_cookie=0 error=n/a
[   25.079636] systemd[1]: Sent message type=signal sender=n/a destination=n/a object=/org/freedesktop/systemd1/unit/network_2etarget interface=org.freedesktop.DBus.Properties member=PropertiesChanged cookie=26 reply_cookie=0 error=n/a
[   25.242448] systemd[1]: Sent message type=signal sender=n/a destination=n/a object=/org/freedesktop/systemd1/job/82 interface=org.freedesktop.DBus.Properties member=PropertiesChanged cookie=27 reply_cookie=0 error=n/a
[   25.403939] systemd[1]: Sent message type=signal sender=n/a destination=n/a object=/org/freedesktop/systemd1/job/65 interface=org.freedesktop.DBus.Properties member=PropertiesChanged cookie=29 reply_cookie=0 error=n/a
[[0;32m  OK  [0m] Started LSB: Load kernel modules needed to enable cpufreq scaling.
[[0;32m  OK  [0m] Started LSB: Advanced IEEE 802.11 management daemon.
[   26.294695] systemd-journald[80]: Successfully sent stream file descriptor to service manager.
 [[0;32m  OK  [0m] Started Permit User Sessions.
[[0;32m  O K  [0m] Started OpenBSD Secure Shell server.
[[0;32m  OK   [0m] Started Login Service.
[[0;32m  OK  [0m] Started The A pache HTTP Server.
[   27.984565] leds-gpio leds: using DT '/ leds/led
[[0;32m  OK  [0m] Started LSB: set CPUFreq kernel parameters.
[   30.823742] at24 2-0054: supply vcc not found, using dummy regulator
[   30.855354] at24 2-0055: supply vcc not found, using dummy regulator
[   30.894621] at24 2-0056: supply vcc not found, using dummy regulator
[   30.925144] at24 2-0057: supply vcc not found, using dummy regulator
[[0;32m  OK  [0m] Found device /dev/ttyS0.
[   30.979876] at24 0-0050: using DT '/ocp/interconnect@44c00000/segment@200000/target-module@b000/i2c@0/eeprom@50' for 'wp' GPIO lookup
[   30.992311] of_get_named_gpiod_flags: can't parse 'wp-gpios' property of node '/ocp/interconnect@44c00000/segment@200000/target-module@b000/i2c@0/eeprom@50[0]'
[   31.006851] of_get_named_gpiod_flags: can't parse 'wp-gpio' property of node '/ocp/interconnect@44c00000/segment@200000/target-module@b000/i2c@0/eeprom@50[0]'
[   31.021276] at24 0-0050: using lookup tables for GPIO lookup
[   31.027039] at24 0-0050: No GPIO consumer wp found
[   31.032335] at24 0-0050: 32768 byte 24c256 EEPROM, writable, 1 bytes/write
[[0;32m  OK  [0m] Started Serial Getty on ttyS0.
[[0;32m  OK  [0m] Reached target Login Prompts.
[   31.815726] tda998x 0-0070: found TDA19988
[   31.984435] tps6521x_pwrbutton tps65217-pwrbutton: DMA mask not set
[   31.996163] input: tps65217_pwrbutton as /devices/platform/ocp/44c00000.interconnect/44c00000.interconnect:segment@200000/44e0b000.target-module/44e0b000.i2c/i2c-0/0-0024/tps65217-pwrbutton/input/input0
[   32.373703] wkup_m3_ipc 44e11324.wkup_m3_ipc: IPC Request for A8->M3 Channel failed! -517
[   32.712094] omap_rtc 44e3e000.rtc: registered as rtc0
[   32.717301] omap_rtc 44e3e000.rtc: setting system clock to 2000-01-01T00:00:00 UTC (946684800)
[   32.726088] omap_rtc 44e3e000.rtc: using DT '/ocp/interconnect@44c00000/segment@200000/target-module@3e000/rtc@0' for 'wp' GPIO lookup
[   32.738356] of_get_named_gpiod_flags: can't parse 'wp-gpios' property of node '/ocp/interconnect@44c00000/segment@200000/target-module@3e000/rtc@0[0]'
[   32.752141] of_get_named_gpiod_flags: can't parse 'wp-gpio' property of node '/ocp/interconnect@44c00000/segment@200000/target-module@3e000/rtc@0[0]'
[   32.765704] omap_rtc 44e3e000.rtc: using lookup tables for GPIO lookup
[   32.772304] omap_rtc 44e3e000.rtc: No GPIO consumer wp found
[   32.780510] wkup_m3_ipc 44e11324.wkup_m3_ipc: IPC Request for A8->M3 Channel failed! -517
[   32.793368] systemd-journald[80]: Time jumped backwards, rotating.
[   32.799651] systemd-journald[80]: Rotating...
[   32.835896] systemd-journald[80]: Reserving 5560 entries in hash table.
[   32.848908] systemd-journald[80]: Vacuuming...
[   32.855784] systemd-journald[80]: Vacuuming done, freed 0B of archived journals from /run/log/journal/c2029cc3b8b4efd6445bffc4386d43a0.
[   32.890027] omap_wdt: OMAP Watchdog Timer Rev 0x01: initial timeout 60 sec
[   32.908404] wkup_m3_ipc 44e11324.wkup_m3_ipc: IPC Request for A8->M3 Channel failed! -517
[   33.115523] wkup_m3_ipc 44e11324.wkup_m3_ipc: IPC Request for A8->M3 Channel failed! -517
[   33.353024] am335x-phy-driver 47401300.usb-phy: using DT '/ocp/target-module@47400000/usb-phy@1300' for 'reset' GPIO lookup
[   33.364468] of_get_named_gpiod_flags: can't parse 'reset-gpios' property of node '/ocp/target-module@47400000/usb-phy@1300[0]'
[   33.376046] of_get_named_gpiod_flags: can't parse 'reset-gpio' property of node '/ocp/target-module@47400000/usb-phy@1300[0]'
[   33.387492] am335x-phy-driver 47401300.usb-phy: using lookup tables for GPIO lookup
[   33.395227] am335x-phy-driver 47401300.usb-phy: No GPIO consumer reset found
[   33.402346] am335x-phy-driver 47401300.usb-phy: using DT '/ocp/target-module@47400000/usb-phy@1300' for 'vbus-detect' GPIO lookup
[   33.414107] of_get_named_gpiod_flags: can't parse 'vbus-detect-gpios' property of node '/ocp/target-module@47400000/usb-phy@1300[0]'
[   33.426150] of_get_named_gpiod_flags: can't parse 'vbus-detect-gpio' property of node '/ocp/target-module@47400000/usb-phy@1300[0]'
[   33.438082] am335x-phy-driver 47401300.usb-phy: using lookup tables for GPIO lookup
[   33.445813] am335x-phy-driver 47401300.usb-phy: No GPIO consumer vbus-detect found
[   33.453594] am335x-phy-driver 47401300.usb-phy: dummy supplies not allowed for exclusive requests (id=vbus)
[   33.479306] usbcore: registered new interface driver usbfs
[   33.485138] usbcore: registered new interface driver hub
[   33.490590] usbcore: registered new device driver usb
 [   33.512743] am335x-phy-driver 47401b00.usb-phy: using DT '/ ocp/target-module@47400000/usb-phy@1b00' for 'reset' GPIO look up
[   33.524158] of_get_named_gpiod_flags: can't parse 'rese t-gpios' property of node '/ocp/target-module@47400000/usb-phy @1b00[0]
[   46.902020] systemd[1]: systemd-timesyncd.service: Got notification message from PID 160 (STATUS=Idle.)
[   47.023087] systemd[1]: systemd-timesyncd.service: Got notification message from PID 160 (STATUS=Idle.)
[   47.062020] systemd[1]: systemd-timesyncd.service: Got notification message from PID 160 (STATUS=Idle.)
[   47.102060] systemd[1]: systemd-timesyncd.service: Got notification message from PID 160 (STATUS=Idle.)
[   47.142086] systemd[1]: systemd-timesyncd.service: Got notification message from PID 160 (STATUS=Idle.)
[   47.191997] systemd[1]: systemd-timesyncd.service: Got notification message from PID 160 (STATUS=Idle.)
[   47.232029] systemd[1]: systemd-timesyncd.service: Got notification message from PID 160 (STATUS=Idle.)
[   47.272108] systemd[1]: systemd-timesyncd.service: Got notification message from PID 160 (STATUS=Idle.)
[   47.312083] systemd[1]: systemd-timesyncd.service: Got notification message from PID 160 (STATUS=Idle.)
[   47.412050] systemd[1]: systemd-timesyncd.service: Got notification message from PID 160 (STATUS=Idle.)
[   48.252551] PM: Cannot get wkup_m3_ipc handle
[   48.258336] asoc-simple-card sound: using DT '/sound' for 'simple-audio-card,hp-det' GPIO lookup
[   48.267480] of_get_named_gpiod_flags: can't parse 'simple-audio-card,hp-det-gpios' property of node '/sound[0]'
[   48.277713] of_get_named_gpiod_flags: can't parse 'simple-audio-card,hp-det-gpio' property of node '/sound[0]'
[   48.287828] asoc-simple-card sound: using lookup tables for GPIO lookup
[   48.294530] asoc-simple-card sound: No GPIO consumer simple-audio-card,hp-det found
[   48.302264] asoc-simple-card sound: using DT '/sound' for 'simple-audio-card,mic-det' GPIO lookup
[   48.311200] of_get_named_gpiod_flags: can't parse 'simple-audio-card,mic-det-gpios' property of node '/sound[0]'
[   48.321469] of_get_named_gpiod_flags: can't parse 'simple-audio-card,mic-det-gpio' property of node '/sound[0]'
[   48.331678] asoc-simple-card sound: using lookup tables for GPIO lookup
[   48.338331] asoc-simple-card sound: No GPIO consumer simple-audio-card,mic-det found
[   48.352317] PM: Cannot get wkup_m3_ipc handle
[   48.864619] systemd-journald[80]: Data hash table of /run/log/journal/c2029cc3b8b4efd6445bffc4386d43a0/system.journal has a fill level at 75.0 (4172 of 5560 items, 3203072 file size, 767 bytes per hash table item), suggesting rotation.
[   48.885953] systemd-journald[80]: /run/log/journal/c2029cc3b8b4efd6445bffc4386d43a0/system.journal: Journal header limits reached or header out-of-date, rotating.
[   48.900845] systemd-journald[80]: Rotating...
[   48.910598] systemd-journald[80]: Reserving 5560 entries in hash table.
[   48.918978] systemd-journald[80]: Vacuuming...
[   48.925036] systemd-journald[80]: Vacuuming done, freed 0B of archived journals from /run/log/journal/c2029cc3b8b4efd6445bffc4386d43a0.
Labgrid Console Logfile for main
Logfile started at 2024-12-16 03:27:34.039619
=== Log starts here ===

U-Boot SPL 2019.04-00002-g31a8ae0206 (May 13 2020 - 09:26:17 -0500)
Trying to boot from MMC2
Loading Environment from EXT4... 
** Unable to use mmc 0:1 for loading the env **


U-Boot 2019.04-00002-g31a8ae0206 (May 13 2020 - 09:26:17 -0500), Build: jenkins-github_Bootloader-Builder-139

CPU  : AM335X-GP rev 2.1
I2C:   ready
DRAM:  512 MiB
No match for driver 'omap_hsmmc'
No match for driver 'omap_hsmmc'
Some drivers were not found
Reset Source: Power-on reset has occurred.
RTC 32KCLK Source: External.
MMC:   OMAP SD/MMC: 0, OMAP SD/MMC: 1
Loading Environment from EXT4... 
** Unable to use mmc 0:1 for loading the env **
Board: BeagleBone Black
<ethaddr> not set. Validating first E-fuse MAC
BeagleBone Black:
BeagleBone: cape eeprom: i2c_probe: 0x54:
BeagleBone: cape eeprom: i2c_probe: 0x55:
BeagleBone: cape eeprom: i2c_probe: 0x56:
BeagleBone: cape eeprom: i2c_probe: 0x57:
Net:   eth0: MII MODE
cpsw, usb_ether
Press SPACE to abort autoboot in 0 seconds
board_name=[A335BNLT] ...
board_rev=[00C0] ...
switch to partitions #0, OK
mmc0 is current device
SD/MMC found on device 0
switch to partitions #0, OK
mmc0 is current device
Scanning mmc 0:1...
gpio: pin 56 (gpio 56) value is 0
gpio: pin 55 (gpio 55) value is 0
gpio: pin 54 (gpio 54) value is 0
gpio: pin 53 (gpio 53) value is 1
switch to partitions #0, OK
mmc0 is current device
gpio: pin 54 (gpio 54) value is 1
Checking for: /uEnv.txt ...
584 bytes read in 2 ms (285.2 KiB/s)
gpio: pin 55 (gpio 55) value is 1
Loaded environment from /uEnv.txt
Importing environment from mmc ...
Checking if uenvcmd is set ...
gpio: pin 56 (gpio 56) value is 1
Running uenvcmd ...
cpsw Waiting for PHY auto negotiation to complete.... done
link up on port 0, speed 100, full duplex
Using cpsw device
TFTP from server 192.168.255.126; our IP address is 192.168.255.4
Filename 'zImage'.
Load address: 0x81000000
Loading: *#################################################################
	 #################################################################
	 #################################################################
	 #################################################################
	 #################################################################
	 ####################################################
	 795.9 KiB/s
done
Bytes transferred = 5527112 (545648 hex)
link up on port 0, speed 100, full duplex
Using cpsw device
TFTP from server 192.168.255.126; our IP address is 192.168.255.4
Filename 'am335x-boneblack.dtb'.
Load address: 0x82000000
Loading: *#######
	 2.7 MiB/s
done
Bytes transferred = 98244 (17fc4 hex)
## Flattened Device Tree blob at 82000000
   Booting using the fdt blob at 0x82000000
   Loading Device Tree to 8ffe5000, end 8fffffc3 ... OK

Starting kernel ...

[    0.000000] Booting Linux on physical CPU 0x0
[    0.000000] Linux version 6.13.0-rc3 (user01@drvtest01) (arm-linux-gnueabihf-gcc (Linaro GCC 6.4-2017.11) 6.4.1 20171012, GNU ld (Linaro_Binutils-2017.11) 2.27.0.20161229) #81 SMP Mon Dec 16 02:44:15 EET 2024
[    0.000000] CPU: ARMv7 Processor [413fc082] revision 2 (ARMv7), cr=10c5387d
[    0.000000] CPU: PIPT / VIPT nonaliasing data cache, VIPT aliasing instruction cache
[    0.000000] OF: fdt: Machine model: TI AM335x BeagleBone Black
[    0.000000] earlycon: omap8250 at MMIO 0x44e09000 (options '')
[    0.000000] printk: legacy bootconsole [omap8250] enabled
[    0.000000] Memory policy: Data cache writeback
[    0.000000] cma: Reserved 16 MiB at 0x9e800000 on node -1
[    0.000000] Zone ranges:
[    0.000000]   Normal   [mem 0x0000000080000000-0x000000009fdfffff]
[    0.000000]   HighMem  empty
[    0.000000] Movable zone start for each node
[    0.000000] Early memory node ranges
[    0.000000]   node   0: [mem 0x0000000080000000-0x000000009fdfffff]
[    0.000000] Initmem setup node 0 [mem 0x0000000080000000-0x000000009fdfffff]
[    0.000000] OF: reserved mem: Reserved memory: No reserved-memory node in the DT
[    0.000000] CPU: All CPU(s) started in SVC mode.
[    0.000000] AM335X ES2.1 (sgx neon)
[    0.000000] percpu: Embedded 17 pages/cpu s39628 r8192 d21812 u69632
[    0.000000] pcpu-alloc: s39628 r8192 d21812 u69632 alloc=17*4096
[    0.000000] pcpu-alloc: [0] 0 
[    0.000000] Kernel command line: console=ttyO0,115200n8 debug earlycon root=/dev/nfs rw nfsroot=192.168.255.126:/home/user01/nfs,nfsvers=3 ip=192.168.255.4:192.168.255.126::255.255.255.0:bbb1:eth0 nfsrootdebug
[    0.000000] Unknown kernel command line parameters "nfsrootdebug", will be passed to user space.
[    0.000000] printk: log buffer data + meta data: 65536 + 204800 = 270336 bytes
[    0.000000] Dentry cache hash table entries: 65536 (order: 6, 262144 bytes, linear)
[    0.000000] Inode-cache hash table entries: 32768 (order: 5, 131072 bytes, linear)
[    0.000000] Built 1 zonelists, mobility grouping on.  Total pages: 130560
[    0.000000] mem auto-init: stack:off, heap alloc:off, heap free:off
[    0.000000] SLUB: HWalign=64, Order=0-3, MinObjects=0, CPUs=1, Nodes=1
[    0.000000] trace event string verifier disabled
[    0.000000] rcu: Hierarchical RCU implementation.
[    0.000000] rcu: 	RCU event tracing is enabled.
[    0.000000] rcu: 	RCU restricting CPUs from NR_CPUS=2 to nr_cpu_ids=1.
[    0.000000] 	Tracing variant of Tasks RCU enabled.
[    0.000000] rcu: RCU calculated value of scheduler-enlistment delay is 10 jiffies.
[    0.000000] rcu: Adjusting geometry for rcu_fanout_leaf=16, nr_cpu_ids=1
[    0.000000] RCU Tasks Trace: Setting shift to 0 and lim to 1 rcu_task_cb_adjust=1 rcu_task_cpu_ids=1.
[    0.000000] NR_IRQS: 16, nr_irqs: 16, preallocated irqs: 16
[    0.000000] IRQ: Found an INTC at 0x(ptrval) (revision 5.0) with 128 interrupts
[    0.000000] rcu: srcu_init: Setting srcu_struct sizes based on contention.
[    0.000000] TI gptimer clocksource: always-on /ocp/interconnect@44c00000/segment@200000/target-module@31000
[    0.000002] sched_clock: 32 bits at 24MHz, resolution 41ns, wraps every 89478484971ns
[    0.008074] clocksource: dmtimer: mask: 0xffffffff max_cycles: 0xffffffff, max_idle_ns: 79635851949 ns
[    0.018143] TI gptimer clockevent: 24000000 Hz at /ocp/interconnect@48000000/segment@0/target-module@40000
[    0.029764] Console: colour dummy device 80x30
[    0.034403] WARNING: Your 'console=ttyO0' has been replaced by 'ttyS0'
[    0.041215] This ensures that you still see kernel messages. Please
[    0.047667] update your kernel commandline.
[    0.052022] Calibrating delay loop... 996.14 BogoMIPS (lpj=4980736)
[    0.094633] CPU: Testing write buffer coherency: ok
[    0.099757] CPU0: Spectre v2: using BPIALL workaround
[    0.104962] pid_max: default: 32768 minimum: 301
[    0.109844] LSM: initializing lsm=capability
[    0.114418] Mount-cache hash table entries: 1024 (order: 0, 4096 bytes, linear)
[    0.121989] Mountpoint-cache hash table entries: 1024 (order: 0, 4096 bytes, linear)
[    0.131654] CPU0: thread -1, cpu 0, socket -1, mpidr 0
[    0.139347] Setting up static identity map for 0x80100000 - 0x80100078
[    0.146407] rcu: Hierarchical SRCU implementation.
[    0.151407] rcu: 	Max phase no-delay instances is 1000.
[    0.158780] smp: Bringing up secondary CPUs ...
[    0.163511] smp: Brought up 1 node, 1 CPU
[    0.167642] SMP: Total of 1 processors activated (996.14 BogoMIPS).
[    0.174193] CPU: All CPU(s) started in SVC mode.
[    0.179162] Memory: 480840K/522240K available (11264K kernel code, 1213K rwdata, 2896K rodata, 1024K init, 297K bss, 23388K reserved, 16384K cma-reserved, 0K highmem)
[    0.195471] devtmpfs: initialized
[    0.215760] VFP support v0.3: implementor 41 architecture 3 part 30 variant c rev 3
[    0.224125] clocksource: jiffies: mask: 0xffffffff max_cycles: 0xffffffff, max_idle_ns: 19112604462750000 ns
[    0.234331] futex hash table entries: 256 (order: 2, 16384 bytes, linear)
[    0.242606] pinctrl core: initialized pinctrl subsystem
[    0.250896] NET: Registered PF_NETLINK/PF_ROUTE protocol family
[    0.259982] DMA: preallocated 256 KiB pool for atomic coherent allocations
[    0.267978] audit: initializing netlink subsys (disabled)
[    0.275042] thermal_sys: Registered thermal governor 'fair_share'
[    0.275074] thermal_sys: Registered thermal governor 'step_wise'
[    0.281447] thermal_sys: Registered thermal governor 'user_space'
[    0.287747] audit: type=2000 audit(0.240:1): state=initialized audit_enabled=0 res=1
[    0.302124] cpuidle: using governor menu
[    0.324542] /ocp/interconnect@44c00000/segment@200000/target-module@b000/i2c@0/tda19988@70: Fixed dependency cycle(s) with /ocp/interconnect@48000000/segment@300000/target-module@e000/lcdc@0
[    0.343314] /ocp/interconnect@48000000/segment@300000/target-module@e000/lcdc@0: Fixed dependency cycle(s) with /ocp/interconnect@44c00000/segment@200000/target-module@b000/i2c@0/tda19988@70
[    0.363099] No ATAGs?
[    0.365466] hw-breakpoint: debug architecture 0x4 unsupported.
[    0.374423] kprobes: kprobe jump-optimization is enabled. All kprobes are optimized if possible.
[    0.401895] iommu: Default domain type: Translated
[    0.406854] iommu: DMA domain TLB invalidation policy: strict mode
[    0.415054] reg-fixed-voltage fixedregulator0: using DT '/fixedregulator0' for '(default)' GPIO lookup
[    0.424788] of_get_named_gpiod_flags: can't parse 'gpios' property of node '/fixedregulator0[0]'
[    0.433881] of_get_named_gpiod_flags: can't parse 'gpio' property of node '/fixedregulator0[0]'
[    0.442879] reg-fixed-voltage fixedregulator0: using lookup tables for GPIO lookup
[    0.450694] reg-fixed-voltage fixedregulator0: No GPIO consumer (default) found
[    0.478878] SCSI subsystem initialized
[    0.488660] libata version 3.00 loaded.
[    0.492987] pps_core: LinuxPPS API ver. 1 registered
[    0.498105] pps_core: Software ver. 5.3.6 - Copyright 2005-2007 Rodolfo Giometti <giometti@linux.it>
[    0.507590] PTP clock support registered
[    0.538273] vgaarb: loaded
[    0.548217] clocksource: Switched to clocksource dmtimer
[    0.554416] VFS: Disk quotas dquot_6.6.0
[    0.558641] VFS: Dquot-cache hash table entries: 1024 (order 0, 4096 bytes)
[    0.609134] NET: Registered PF_INET protocol family
[    0.614615] IP idents hash table entries: 8192 (order: 4, 65536 bytes, linear)
[    0.623520] tcp_listen_portaddr_hash hash table entries: 512 (order: 0, 4096 bytes, linear)
[    0.632210] Table-perturb hash table entries: 65536 (order: 6, 262144 bytes, linear)
[    0.640193] TCP established hash table entries: 4096 (order: 2, 16384 bytes, linear)
[    0.648228] TCP bind hash table entries: 4096 (order: 4, 65536 bytes, linear)
[    0.655690] TCP: Hash tables configured (established 4096 bind 4096)
[    0.662370] UDP hash table entries: 256 (order: 1, 14336 bytes, linear)
[    0.669210] UDP-Lite hash table entries: 256 (order: 1, 14336 bytes, linear)
[    0.676703] NET: Registered PF_UNIX/PF_LOCAL protocol family
[    0.753088] RPC: Registered named UNIX socket transport module.
[    0.759217] RPC: Registered udp transport module.
[    0.764123] RPC: Registered tcp transport module.
[    0.768967] RPC: Registered tcp-with-tls transport module.
[    0.774637] RPC: Registered tcp NFSv4.1 backchannel transport module.
[    0.781286] PCI: CLS 0 bytes, default 64
[    0.786869] Initialise system trusted keyrings
[    0.853671] workingset: timestamp_bits=14 max_order=17 bucket_order=3
[    0.861815] NFS: Registering the id_resolver key type
[    0.867122] Key type id_resolver registered
[    0.871429] Key type id_legacy registered
[    0.875669] jffs2: version 2.2. (NAND) (SUMMARY)  Â© 2001-2006 Red Hat, Inc.
[    0.910629] Key type asymmetric registered
[    0.914985] Asymmetric key parser 'x509' registered
[    0.920079] io scheduler mq-deadline registered
[    0.924787] io scheduler kyber registered
[    0.928986] io scheduler bfq registered
[    0.951060] ledtrig-cpu: registered to indicate activity on CPUs
[    0.985144] Serial: 8250/16550 driver, 6 ports, IRQ sharing enabled
[    1.031437] brd: module loaded
[    1.067512] loop: module loaded
[    1.071857] mtdoops: mtd device (mtddev=name/number) must be supplied
[    1.088600] mdio_bus fixed-0: using lookup tables for GPIO lookup
[    1.095001] mdio_bus fixed-0: No GPIO consumer reset found
[    1.102135] i2c_dev: i2c /dev entries driver
[    1.107535] cpuidle: enable-method property 'ti,am3352' found operations
[    1.114996] sdhci: Secure Digital Host Controller Interface driver
[    1.121366] sdhci: Copyright(c) Pierre Ossman
[    1.126091] sdhci-pltfm: SDHCI platform and OF driver helper
[    1.132989] Initializing XFRM netlink socket
[    1.137531] NET: Registered PF_INET6 protocol family
[    1.206059] Segment Routing with IPv6
[    1.209948] In-situ OAM (IOAM) with IPv6
[    1.214180] sit: IPv6, IPv4 and MPLS over IPv4 tunneling driver
[    1.221273] NET: Registered PF_PACKET protocol family
[    1.226601] NET: Registered PF_KEY protocol family
[    1.231703] Key type dns_resolver registered
[    1.236395] ThumbEE CPU extension supported.
[    1.240807] Registering SWP/SWPB emulation handler
[    1.246335] omap_voltage_late_init: Voltage driver support not added
[    1.253307] SmartReflex Class3 initialized
[    1.331821] Loading compiled-in X.509 certificates
[    1.387039] /ocp/interconnect@44c00000/segment@200000/target-module@b000/i2c@0/tda19988@70: Fixed dependency cycle(s) with /ocp/interconnect@48000000/segment@300000/target-module@e000/lcdc@0
[    1.411164] /ocp/interconnect@44c00000/segment@200000/target-module@b000/i2c@0/tda19988@70: Fixed dependency cycle(s) with /ocp/interconnect@48000000/segment@300000/target-module@e000/lcdc@0
[    1.434530] gpiochip_find_base_unlocked: found new base at 512
[    1.492919] /ocp/interconnect@44c00000/segment@200000/target-module@b000/i2c@0/tda19988@70: Fixed dependency cycle(s) with /ocp/interconnect@48000000/segment@300000/target-module@e000/lcdc@0
[    1.511425] /ocp/interconnect@44c00000/segment@200000/target-module@b000/i2c@0/tda19988@70: Fixed dependency cycle(s) with /ocp/interconnect@48000000/segment@300000/target-module@e000/lcdc@0
[    1.532724] /ocp/interconnect@44c00000/segment@200000/target-module@10000/scm@0/pinmux@800: Fixed dependency cycle(s) with /ocp/interconnect@44c00000/segment@200000/target-module@10000/scm@0/pinmux@800/clkout2-pins
[    1.553034] pinctrl-single 44e10800.pinmux: 142 pins, size 568
[    1.564421] ti-sysc 44e31000.target-module: probe with driver ti-sysc failed with error -16
[    1.658437] /ocp/interconnect@48000000/segment@300000/target-module@e000/lcdc@0: Fixed dependency cycle(s) with /ocp/interconnect@44c00000/segment@200000/target-module@b000/i2c@0/tda19988@70
[    1.684233] ti-sysc 48040000.target-module: probe with driver ti-sysc failed with error -16
[    1.704408] gpiochip_find_base_unlocked: found new base at 512
[    1.710530] gpio gpiochip0: (gpio-0-31): created GPIO range 0->7 ==> 44e10800.pinmux PIN 0->7
[    1.719451] gpio gpiochip0: (gpio-0-31): created GPIO range 8->11 ==> 44e10800.pinmux PIN 90->93
[    1.728539] gpio gpiochip0: (gpio-0-31): created GPIO range 12->27 ==> 44e10800.pinmux PIN 12->27
[    1.737723] gpio gpiochip0: (gpio-0-31): created GPIO range 28->31 ==> 44e10800.pinmux PIN 30->33
[    1.852566] gpio gpiochip0: (gpio-0-31): added GPIO chardev (254:0)
[    1.859177] gpio gpiochip0: registered GPIOs 512 to 543 on gpio-0-31
[    1.865888] OMAP GPIO hardware version 0.1
[    1.912517] i2c i2c-2: using DT '/ocp/interconnect@48000000/segment@100000/target-module@9c000/i2c@0' for 'scl' GPIO lookup
[    1.924163] of_get_named_gpiod_flags: can't parse 'scl-gpios' property of node '/ocp/interconnect@48000000/segment@100000/target-module@9c000/i2c@0[0]'
[    1.938201] of_get_named_gpiod_flags: can't parse 'scl-gpio' property of node '/ocp/interconnect@48000000/segment@100000/target-module@9c000/i2c@0[0]'
[    1.952145] i2c i2c-2: using lookup tables for GPIO lookup
[    1.957796] i2c i2c-2: No GPIO consumer scl found
[    1.962713] i2c i2c-2: using DT '/ocp/interconnect@48000000/segment@100000/target-module@9c000/i2c@0' for 'sda' GPIO lookup
[    1.974232] of_get_named_gpiod_flags: can't parse 'sda-gpios' property of node '/ocp/interconnect@48000000/segment@100000/target-module@9c000/i2c@0[0]'
[    1.988249] of_get_named_gpiod_flags: can't parse 'sda-gpio' property of node '/ocp/interconnect@48000000/segment@100000/target-module@9c000/i2c@0[0]'
[    2.002170] i2c i2c-2: using lookup tables for GPIO lookup
[    2.007819] i2c i2c-2: No GPIO consumer sda found
[    2.013414] omap_i2c 4819c000.i2c: bus 2 rev0.11 at 100 kHz
[    2.024913] gpiochip_find_base_unlocked: found new base at 544
[    2.031032] gpio gpiochip1: (gpio-32-63): created GPIO range 0->17 ==> 44e10800.pinmux PIN 34->51
[    2.040312] gpio gpiochip1: (gpio-32-63): created GPIO range 18->21 ==> 44e10800.pinmux PIN 77->80
[    2.049581] gpio gpiochip1: (gpio-32-63): created GPIO range 22->31 ==> 44e10800.pinmux PIN 56->65
[    2.063257] gpio gpiochip1: (gpio-32-63): added GPIO chardev (254:1)
[    2.070019] gpio gpiochip1: registered GPIOs 544 to 575 on gpio-32-63
[    2.079169] gpiochip_find_base_unlocked: found new base at 576
[    2.085445] gpio gpiochip2: (gpio-64-95): created GPIO range 0->4 ==> 44e10800.pinmux PIN 66->70
[    2.094556] gpio gpiochip2: (gpio-64-95): created GPIO range 5->6 ==> 44e10800.pinmux PIN 98->99
[    2.103636] gpio gpiochip2: (gpio-64-95): created GPIO range 7->8 ==> 44e10800.pinmux PIN 75->76
[    2.112714] gpio gpiochip2: (gpio-64-95): created GPIO range 13->13 ==> 44e10800.pinmux PIN 141->141
[    2.122158] gpio gpiochip2: (gpio-64-95): created GPIO range 14->21 ==> 44e10800.pinmux PIN 100->107
[    2.132391] gpio gpiochip2: (gpio-64-95): added GPIO chardev (254:2)
[    2.139090] gpio gpiochip2: registered GPIOs 576 to 607 on gpio-64-95
[    2.151350] 48000000.interconnect:segment@200000:target-module@0:mpu@0:fck: device ID is greater than 24
[    2.162295] /ocp/interconnect@48000000/segment@300000/target-module@e000/lcdc@0: Fixed dependency cycle(s) with /ocp/interconnect@44c00000/segment@200000/target-module@b000/i2c@0/tda19988@70
[    2.182874] /ocp/interconnect@48000000/segment@300000/target-module@e000/lcdc@0: Fixed dependency cycle(s) with /ocp/interconnect@44c00000/segment@200000/target-module@b000/i2c@0/tda19988@70
[    2.201159] /ocp/interconnect@44c00000/segment@200000/target-module@b000/i2c@0/tda19988@70: Fixed dependency cycle(s) with /ocp/interconnect@48000000/segment@300000/target-module@e000/lcdc@0
[    2.218878] /ocp/interconnect@48000000/segment@300000/target-module@e000/lcdc@0: Fixed dependency cycle(s) with /ocp/interconnect@44c00000/segment@200000/target-module@b000/i2c@0/tda19988@70
[    2.246070] mdio_bus 4a101000.mdio: using DT '/ocp/interconnect@4a000000/segment@0/target-module@100000/switch@0/mdio@1000' for 'reset' GPIO lookup
[    2.259894] of_get_named_gpiod_flags: can't parse 'reset-gpios' property of node '/ocp/interconnect@4a000000/segment@0/target-module@100000/switch@0/mdio@1000[0]'
[    2.274919] of_get_named_gpiod_flags: can't parse 'reset-gpio' property of node '/ocp/interconnect@4a000000/segment@0/target-module@100000/switch@0/mdio@1000[0]'
[    2.289877] mdio_bus 4a101000.mdio: using lookup tables for GPIO lookup
[    2.296716] mdio_bus 4a101000.mdio: No GPIO consumer reset found
[    2.303901] sdhci-omap 481d8000.mmc: using DT '/ocp/interconnect@48000000/segment@100000/target-module@d8000/mmc@0' for 'wp' GPIO lookup
[    2.316687] of_get_named_gpiod_flags: can't parse 'wp-gpios' property of node '/ocp/interconnect@48000000/segment@100000/target-module@d8000/mmc@0[0]'
[    2.330630] of_get_named_gpiod_flags: can't parse 'wp-gpio' property of node '/ocp/interconnect@48000000/segment@100000/target-module@d8000/mmc@0[0]'
[    2.344475] sdhci-omap 481d8000.mmc: using lookup tables for GPIO lookup
[    2.351377] sdhci-omap 481d8000.mmc: No GPIO consumer wp found
[    2.357627] sdhci-omap 481d8000.mmc: supply pbias not found, using dummy regulator
[    2.366351] sdhci-omap 481d8000.mmc: supply vqmmc not found, using dummy regulator
[    2.377682] davinci_mdio 4a101000.mdio: davinci mdio revision 1.6, bus freq 1000000
[    2.387057] mdio_bus 4a101000.mdio:00: using DT '/ocp/interconnect@4a000000/segment@0/target-module@100000/switch@0/mdio@1000/ethernet-phy@0' for 'reset' GPIO lookup
[    2.40 2561] of_get_named_gpiod_flags: parsed 'reset-gpios' property  of node '/ocp/interconnect@4a000000/segment@0/target-module@10 0000/switch@0/mdio@1000/ethernet-phy@0[0]' - status (0)
[     2.419785] gpio gpiochip0: Persistence not supported for GPIO 8 
[    2
[    5.572310] cpsw-switch 4a100000.switch eth0: Link is Up - 100Mbps/Full - flow control off
[    5.611588] IP-Config: Complete:
[    5.614867]      device=eth0, hwaddr=18:2c:65:25:1d:6e, ipaddr=192.168.255.4, mask=255.255.255.0, gw=255.255.255.255
[    5.625495]      host=bbb1, domain=, nis-domain=(none)
[    5.630664]      bootserver=192.168.255.126, rootserver=192.168.255.126, rootpath=
[    5.631093] clk: Disabling unused clocks
[    5.642939] PM: genpd: Disabling unused power domains
[    5.648061] KTAP version 1
[    5.650783] 1..0
[    5.676478] VFS: Mounted root (nfs filesystem) on device 0:17.
[    5.683598] devtmpfs: mounted
[    5.688271] Freeing unused kernel image (initmem) memory: 1024K
[    5.695265] Run /sbin/init as init process
[    5.699405]   with arguments:
[    5.702457]     /sbin/init
[    5.705182]     nfsrootdebug
[    5.708077]   with environment:
[    5.711232]     HOME=/
[    5.713644]     TERM=linux
[    6.413666] systemd[1]: System time before build time, advancing clock.
[    7.921558] random: crng init done
[    7.931136] systemd[1]: Mounting cgroup to /sys/fs/cgroup/net_cls of type cgroup with options net_cls.
[    7.941939] systemd[1]: Mounting cgroup to /sys/fs/cgroup/cpu,cpuacct of type cgroup with options cpu,cpuacct.
[    7.952971] systemd[1]: Mounting cgroup to /sys/fs/cgroup/devices of type cgroup with options devices.
[    7.963086] systemd[1]: Mounting cgroup to /sys/fs/cgroup/freezer of type cgroup with options freezer.
[    7.973177] systemd[1]: Mounting cgroup to /sys/fs/cgroup/perf_event of type cgroup with options perf_event.
[    7.983771] systemd[1]: Mounting cgroup to /sys/fs/cgroup/blkio of type cgroup with options blkio.
[    8.021926] systemd[1]: systemd 232 running in system mode. (+PAM +AUDIT +SELINUX +IMA +APPARMOR +SMACK +SYSVINIT +UTMP +LIBCRYPTSETUP +GCRYPT +GNUTLS +ACL +XZ +LZ4 +SECCOMP +BLKID +ELFUTILS +KMOD +IDN)
[    8.040297] systemd[1]: No virtualization found in DMI
[    8.045544] systemd[1]: No virtualization found in CPUID
[    8.050949] systemd[1]: Virtualization XEN not found, /proc/xen/capabilities does not exist

Welcome to [1mDebian GNU/Linux 9 (stretch)[0m!

[    8.514734] systemd-gpt-auto-generator[69]: Neither root nor /usr file system are on a (single) block device.
[    8.527623] systemd-fstab-generator[72]: Parsing /etc/fstab
[    8.571835] systemd-getty-generator[74]: Automatically adding serial getty for /dev/ttyS0.
[    8.613628] systemd-sysv-generator[77]: Native unit for sudo.service already exists, skipping.
[    8.625644] systemd-sysv-generator[77]: Native unit for apache-htcacheclean.service already exists, skipping.
[    8.641000] systemd-sysv-generator[77]: Native unit for kmod.service already exists, skipping.
[    8.652454] systemd-sysv-generator[77]: Native unit for dbus.service already exists, skipping.
[    8.664255] systemd-sysv-generator[77]: Cannot find unit hostapd.service.
[    8.673481] systemd-sysv-generator[77]: Cannot find unit loadcpufreq.service.
[    8.683137] systemd-sysv-generator[77]: Native unit for ofono.service already exists, skipping.
[    8.694562] systemd-sysv-generator[77]: Native unit for avahi-daemon.service already exists, skipping.
[    8.706316] systemd-sysv-generator[77]: Native unit for cron.service already exists, skipping.
[    8.718281] systemd-sysv-generator[77]: Native unit for hwclock.service already exists, skipping.
 [    8.798693] printk: systemd-sysv-ge: 61 output lines suppre ssed due to ratelimiting
[[0;32m  OK  [0m] Set up automount  Arbitrary Executabâ€¦rmats File System Automount Point.
[[0 ;32m  OK  [0m] Listening on udev Kernel Socket.
[[0;32m  OK   [0m] 
         Starting Load Kernel Modules...
         Starting Journal Service...
         Starting Remount Root and Kernel File Systems...
[[0;32m  OK  [0m] Mounted POSIX Message Queue File System.
[[0;32m  OK  [0m] Mounted Debug File System.
[[0;32m  OK  [0m] Started Create list of required staâ€¦vice nodes for the current kernel.
         Starting Create Static Device Nodes in /dev...
[[0;32m  OK  [0m] Started Load Kernel Modules.
[   10.273017] systemd-journald[84]: Fixed min_use=1.0M max_use=24.4M max_size=3.0M min_size=512.0K keep_free=36.6M n_max_files=100
         Starting Apply Kernel Variables...
[   10.340998] systemd-journald[84]: Reserving 5560 entries in hash table.
         Mounting Configuration File System...
[[0;32m  OK  [0m] Started Remount Root and Kernel File Systems.
[   10.412936] systemd-journald[84]: Vacuuming...
[   10.417651] systemd-journald[84]: Vacuuming done, freed 0B of archived journals from /run/log/journal/c2029cc3b8b4efd6445bffc4386d43a0.
         Starting Load/Save Random Seed...
[   10.546627] systemd-journald[84]: Flushing /dev/kmsg...
         Starting udev Coldplug all Devices...
[[0;32m  OK  [0m] Mounted Configuration File System.
[[0;32m  OK  [0m] Started Apply Kernel Variables.
[[0;32m  OK  [0m] Started Load/Save Random Seed.
[[0;32m  OK  [0m] Started Create Static Device Nodes in /dev.
         Starting udev Kernel Device Manager...
[[0;32m  OK  [0m] Reached target Local File Systems (Pre).
[[0;32m  OK  [0m] Reached target Local File Systems.
         Starting Raise network interfaces...
[   11.478872] systemd-journald[84]: systemd-journald running as pid 84
[[0;32m  OK  [0m] Started Journal Service.
[   11.606951] systemd-journald[84]: Sent READY=1 notification.
         Starting Flush Journal to Persistent Storage...[   11.656161] systemd-journald[84]: Sent WATCHDOG=1 notification.

[   11.749840] systemd-journald[84]: Successfully sent stream file descriptor to service manager.
[   11.837981] systemd-journald[84]: Successfully sent stream file descriptor to service manager.
[[0;32m  OK  [0m] Started Flush Journal to Persistent Storage.
         Starting Create Volatile Files and Directories...
[[0;32m  OK  [0m] Started udev Kernel Device Manager.
[   13.804669] systemd[1]: Received SIGCHLD from PID 101 (udevadm).
[   13.832869] systemd[1]: Child 101 (udevadm) died (code=exited, status=0/SUCCESS)
[   13.894443] systemd[1]: systemd-udev-trigger.service: Child 101 belongs to systemd-udev-trigger.service
[[0;32m  OK  [0m] Started udev Coldplug all Devices.
[   14.014635] systemd[1]: Got cgroup empty notification for: /system.slice/systemd-udev-trigger.service
[   14.111990] systemd[1]: upstart.service: Failed to load configuration: No such file or directory
[   14.171895] systemd[1]: Sent message type=method_return sender=n/a destination=n/a object=n/a interface=n/a member=n/a cookie=1 reply_cookie=1 error=n/a
[   14.232012] systemd[1]: upstart.service: Failed to send unit change signal for upstart.service: Connection reset by peer
[   14.282031] systemd[1]: upstart.service: Failed to send unit remove signal for upstart.service: Transport endpoint is not connected
 [   14.344292] systemd[1]: Got disconnect on private connectio n.
[   14.631938] systemd[1]: upstart.service: Failed to send  unit remove signal for upstart.service: Transport endpoint is  not connected
[[0;32m  OK  [0m] Started Raise network inte rfaces.
[   17.206770] systemd-journald[84]: /run/log/journal/c2029cc3b8b4efd6445bffc4386d43a0/system.journal: Journal header limits reached or header out-of-date, rotating.
[   17.226996] systemd-journald[84]: Rotating...
[   17.256158] systemd-journald[84]: Reserving 5560 entries in hash table.
[   17.272814] systemd-journald[84]: Vacuuming...
[   17.277941] systemd-journald[84]: Vacuuming done, freed 0B of archived journals from /run/log/journal/c2029cc3b8b4efd6445bffc4386d43a0.
[   17.297843] systemd-journald[84]: /run/log/journal/c2029cc3b8b4efd6445bffc4386d43a0/system.journal: Journal header limits reached or header out-of-date, rotating.
[   17.313244] systemd-journald[84]: Rotating...
[   17.323281] systemd-journald[84]: Reserving 5560 entries in hash table.
[[0;32m  OK  [0m] Started Update UTMP about System Boot/Shutdown.
[[0;32m  OK  [0m] Started Network Time Synchronization.
[[0;32m  OK  [0m] Reached target System Time Synchronized.
[[0;32m  OK  [0m] Reached target System Initialization.
[[0;32m  OK  [0m] Started Daily apt download activities.
[[0;32m  OK  [0m] Listening on D-Bus System Message Bus Socket.
[[0;32m  OK  [0m] Started Daily Cleanup of Temporary Directories.
[[0;32m  OK  [0m] Listening on Avahi mDNS/DNS-SD Stack Activation Socket.
[[0;32m  OK  [0m] Reached target Sockets.
[[0;32m  OK  [0m] Reached target Basic System.
         Starting DUN service...
         Starting LSB: Load kernel modules needed to enable cpufreq scaling...
         Starting Generic Board Startup...
[[0;32m  OK  [0m] Started Regular background program processing daemon.
         Starting Cape Manager Service...
         Starting Login Service...
[   18.842185] systemd[1]: apt-daily-upgrade.timer: Realtime timer elapses at Thu 2024-03-14 06:59:54 UTC.
[   18.911991] systemd[1]: apt-daily-upgrade.timer: Changed dead -> waiting
[   18.960332] systemd[1]: apt-daily-upgrade.timer: Job apt-daily-upgrade.timer/start finished, result=done
[[0;32m  OK  [0m] Started Daily apt upgrade and clean activities.
[   19.077526] systemd[1]: timers.target changed dead -> active
[[0;32m  OK  [0m] Reached target Timers.
[   19.164663] systemd[1]: dbus.service: Passing 1 fds to service
[   19.262031] systemd[1]: dbus.service: Forked /usr/bin/dbus-daemon as 196
[   19.305894] systemd[1]: dbus.service: Changed dead -> running
[   19.362073] systemd[1]: dbus.service: Job dbus.service/start finished, result=done
[[0;32m  OK  [0m] Started D-Bus System Message Bus.
[   19.453387] systemd[1]: Successfully connected to system bus.
[   20.261985] systemd[1]: Sent message type=method_call sender=n/a destination=org.freedesktop.DBus object=/org/freedesktop/DBus interface=org.freedesktop.DBus member=Hello cookie=1 reply_cookie=0 error=n/a
[   20.426222] leds-gpio leds: using DT '/leds/led2' for '(default)' GPIO lookup
[   20.433805] of_get_named_gpiod_flags: parsed 'gpios' property of node '/leds/led2[0]' - status (0)
[   20.442952] gpio gpiochip0: Persistence not supported for GPIO 21
[   20.449084] gpio-533 (?): no flags found for GPIO (default)
[   20.511768] leds-gpio leds: using DT '/leds/led3' for '(default)' GPIO lookup
[   20.519058] of_get_named_gpiod_flags: parsed 'gpios' property of node '/leds/led3[0]' - status (0)
[   20.528378] gpio gpiochip0: Persistence not supported for GPIO 22
[   20.534593] gpio-534 (?): no flags found for GPIO (default)
[   20.560588] leds-gpio leds: using DT '/leds/led4' for '(default)' GPIO lookup
[   20.568069] of_get_named_gpiod_flags: parsed 'gpios' property of node '/leds/led4[0]' - status (0)
[   20.577241] gpio gpiochip0: Persistence not supported for GPIO 23
[   20.583428] gpio-535 (?): no flags found for GPIO (default)
[   20.604550] leds-gpio leds: using DT '/leds/led5' for '(default)' GPIO lookup
[   20.612091] of_get_named_gpiod_flags: parsed 'gpios' property of node '/leds/led5[0]' - status (0)
[   20.621158] gpio gpiochip0: Persistence not supported for GPIO 24
[   20.627437] gpio-536 (?): no flags found for GPIO (default)
 [[0;32m  OK  [0m] Started DUN service.
         Starting Co nnection service...
         Starting Avahi mDNS/DNS-SD Stack ...
         Starting LSB: Start busybox udhcpd at boot time. ..
         Starting Telephony service...
[   21.606331] use rial_ini
[   27.657570] at24 2-0054: supply vcc not found, using dummy regulator
[   27.696747] at24 2-0055: supply vcc not found, using dummy regulator
[   27.734564] at24 2-0056: supply vcc not found, using dummy regulator
[[0;32m  OK  [0m] Started Permit User Sessions.
[   27.765630] at24 2-0057: supply vcc not found, using dummy regulator
[   27.830484] at24 0-0050: using DT '/ocp/interconnect@44c00000/segment@200000/target-module@b000/i2c@0/eeprom@50' for 'wp' GPIO lookup
[   27.842878] of_get_named_gpiod_flags: can't parse 'wp-gpios' property of node '/ocp/interconnect@44c00000/segment@200000/target-module@b000/i2c@0/eeprom@50[0]'
[   27.857368] of_get_named_gpiod_flags: can't parse 'wp-gpio' property of node '/ocp/interconnect@44c00000/segment@200000/target-module@b000/i2c@0/eeprom@50[0]'
[   27.871816] at24 0-0050: using lookup tables for GPIO lookup
[   27.877516] at24 0-0050: No GPIO consumer wp found
[   27.882741] at24 0-0050: 32768 byte 24c256 EEPROM, writable, 1 bytes/write
[   28.049599] systemd-journald[84]: Successfully sent stream file descriptor to service manager.
[[0;32m  OK  [0m] Started LSB: Advanced IEEE 802.11 management daemon.
[   29.033811] systemd[1]: dev-ttyS0.device: Changed dead -> plugged
[   29.058388] systemd[1]: dev-ttyS0.device: Job dev-ttyS0.device/start finished, result=done
[[0;32m  OK  [0m] Found device /dev/ttyS0.
[   29.172748] systemd[1]: Sent message type=signal sender=n/a destination=n/a object=/org/freedesktop/systemd1 interface=org.freedesktop.systemd1.Manager member=JobRemoved cookie=70 reply_cookie=0 error=n/a
[   29.313065] systemd[1]: sys-devices-platform-ocp-44c00000.interconnect-44c00000.interconnect:segment\x40200000-44e09050.target\x2dmodule-44e09000.serial-44e09000.serial:0-44e09000.serial:0.0-tty-ttyS0.device: Changed dead -> plugged
[   29.412120] systemd[1]: Sent message type=signal sender=n/a destination=n/a object=/org/freedesktop/systemd1 interface=org.freedesktop.systemd1.Manager member=UnitNew cookie=71 reply_cookie=0 error=n/a
[   29.445268] tda998x 0-0070: found TDA19988
[   29.491979] systemd[1]: Sent message type=signal sender=n/a destination=n/a object=/org/freedesktop/systemd1/unit/dev_2dttyS0_2edevice interface=org.freedesktop.DBus.Properties member=PropertiesChanged cookie=73 reply_cookie=0 error=n/a
[   29.612014] systemd[1]: Sent message type=signal sender=n/a destination=n/a object=/org/freedesktop/systemd1/unit/dev_2dttyS0_2edevice interface=org.freedesktop.DBus.Properties member=PropertiesChanged cookie=74 reply_cookie=0 error=n/a
[   29.692407] systemd[1]: ssh.service: Got notification message from PID 337 (READY=1)
[   29.732191] systemd[1]: ssh.service: Changed start -> running
[   29.771982] systemd[1]: ssh.service: Job ssh.service/start finished, result=done
[[0;32m  OK  [0m] Started OpenBSD Secure Shell server.
[   30.507410] tps6521x_pwrbutton tps65217-pwrbutton: DMA mask not set
[   30.556281] input: tps65217_pwrbutton as /devices/platform/ocp/44c00000.interconnect/44c00000.interconnect:segment@200000/44e0b000.target-module/44e0b000.i2c/i2c-0/0-0024/tps65217-pwrbutton/input/input0
[[0;32m  OK  [0m] Started LSB: set CPUFreq kernel parameters.
[   31.196144] wkup_m3_ipc 44e11324.wkup_m3_ipc: IPC Request for A8->M3 Channel failed! -517
[[0;32m  OK  [0m] Started The Apache HTTP Server.
 [   31.590013] omap_wdt: OMAP Watchdog Timer Rev 0x01: initial  timeout 60 sec
[   31.599103] wkup_m3_ipc 44e11324.wkup_m3_i pc: IPC Request for A8->M3 Channel failed! -517
[   31.719427 ] omap_rtc 44e3e000.rtc: registered as rtc0
[   31.724822] om ap_rtc 4
[   42.586617] systemd[1]: sys-devices-virtual-net-sit0.device: Changed dead -> plugged
[   42.622579] systemd[1]: Sent message type=signal sender=n/a destination=n/a object=/org/freedesktop/systemd1 interface=org.freedesktop.systemd1.Manager member=UnitNew cookie=181 reply_cookie=0 error=n/a
[   45.351878] systemd[1]: dev-ttyGS0.device: Changed dead -> plugged
[   46.663017] PM: Cannot get wkup_m3_ipc handle
[   46.668809] asoc-simple-card sound: using DT '/sound' for 'simple-audio-card,hp-det' GPIO lookup
[   46.677954] of_get_named_gpiod_flags: can't parse 'simple-audio-card,hp-det-gpios' property of node '/sound[0]'
[   46.688224] of_get_named_gpiod_flags: can't parse 'simple-audio-card,hp-det-gpio' property of node '/sound[0]'
[   46.698331] asoc-simple-card sound: using lookup tables for GPIO lookup
[   46.705015] asoc-simple-card sound: No GPIO consumer simple-audio-card,hp-det found
[   46.712755] asoc-simple-card sound: using DT '/sound' for 'simple-audio-card,mic-det' GPIO lookup
[   46.721718] of_get_named_gpiod_flags: can't parse 'simple-audio-card,mic-det-gpios' property of node '/sound[0]'
[   46.731988] of_get_named_gpiod_flags: can't parse 'simple-audio-card,mic-det-gpio' property of node '/sound[0]'
[   46.742179] asoc-simple-card sound: using lookup tables for GPIO lookup
[   46.748830] asoc-simple-card sound: No GPIO consumer simple-audio-card,mic-det found
[   46.774599] PM: Cannot get wkup_m3_ipc handle
[   48.084630] systemd[1]: systemd-timesyncd.service: Got notification message from PID 163 (STATUS=Idle.)
[   48.121837] systemd[1]: systemd-timesyncd.service: Got notification message from PID 163 (STATUS=Idle.)
[   48.162049] systemd[1]: systemd-timesyncd.service: Got notification message from PID 163 (STATUS=Idle.)
[   48.201950] systemd[1]: systemd-timesyncd.service: Got notification message from PID 163 (STATUS=Idle.)
[   48.241958] systemd[1]: systemd-timesyncd.service: Got notification message from PID 163 (STATUS=Idle.)
[   48.293052] systemd[1]: systemd-timesyncd.service: Got notification message from PID 163 (STATUS=Idle.)
[   48.332016] systemd[1]: systemd-timesyncd.service: Got notification message from PID 163 (STATUS=Idle.)
[   48.392006] systemd[1]: systemd-timesyncd.service: Got notification message from PID 163 (STATUS=Idle.)
[   48.431926] systemd[1]: systemd-timesyncd.service: Got notification message from PID 163 (STATUS=Idle.)
[   48.481957] systemd[1]: systemd-timesyncd.service: Got notification message from PID 163 (STATUS=Idle.)
[   48.923185] systemd-journald[84]: Data hash table of /run/log/journal/c2029cc3b8b4efd6445bffc4386d43a0/system.journal has a fill level at 75.0 (4171 of 5560 items, 3203072 file size, 767 bytes per hash table item), suggesting rotation.
[   48.944398] systemd-journald[84]: /run/log/journal/c2029cc3b8b4efd6445bffc4386d43a0/system.journal: Journal header limits reached or header out-of-date, rotating.
[   48.959283] systemd-journald[84]: Rotating...
[   48.969013] systemd-journald[84]: Reserving 5560 entries in hash table.
[   48.978644] systemd-journald[84]: Vacuuming...
[   48.984538] systemd-journald[84]: Vacuuming done, freed 0B of archived journals from /run/log/journal/c2029cc3b8b4efd6445bffc4386d43a0.
Labgrid Console Logfile for main
Logfile started at 2024-12-16 03:29:00.943210
=== Log starts here ===

U-Boot SPL 2019.04-00002-g31a8ae0206 (May 13 2020 - 09:26:17 -0500)
Trying to boot from MMC2
Loading Environment from EXT4... 
** Unable to use mmc 0:1 for loading the env **


U-Boot 2019.04-00002-g31a8ae0206 (May 13 2020 - 09:26:17 -0500), Build: jenkins-github_Bootloader-Builder-139

CPU  : AM335X-GP rev 2.1
I2C:   ready
DRAM:  512 MiB
No match for driver 'omap_hsmmc'
No match for driver 'omap_hsmmc'
Some drivers were not found
Reset Source: Power-on reset has occurred.
RTC 32KCLK Source: External.
MMC:   OMAP SD/MMC: 0, OMAP SD/MMC: 1
Loading Environment from EXT4... 
** Unable to use mmc 0:1 for loading the env **
Board: BeagleBone Black
<ethaddr> not set. Validating first E-fuse MAC
BeagleBone Black:
BeagleBone: cape eeprom: i2c_probe: 0x54:
BeagleBone: cape eeprom: i2c_probe: 0x55:
BeagleBone: cape eeprom: i2c_probe: 0x56:
BeagleBone: cape eeprom: i2c_probe: 0x57:
Net:   eth0: MII MODE
cpsw, usb_ether
Press SPACE to abort autoboot in 0 seconds
board_name=[A335BNLT] ...
board_rev=[00C0] ...
switch to partitions #0, OK
mmc0 is current device
SD/MMC found on device 0
switch to partitions #0, OK
mmc0 is current device
Scanning mmc 0:1...
gpio: pin 56 (gpio 56) value is 0
gpio: pin 55 (gpio 55) value is 0
gpio: pin 54 (gpio 54) value is 0
gpio: pin 53 (gpio 53) value is 1
switch to partitions #0, OK
mmc0 is current device
gpio: pin 54 (gpio 54) value is 1
Checking for: /uEnv.txt ...
584 bytes read in 2 ms (285.2 KiB/s)
gpio: pin 55 (gpio 55) value is 1
Loaded environment from /uEnv.txt
Importing environment from mmc ...
Checking if uenvcmd is set ...
gpio: pin 56 (gpio 56) value is 1
Running uenvcmd ...
cpsw Waiting for PHY auto negotiation to complete.... done
link up on port 0, speed 100, full duplex
Using cpsw device
TFTP from server 192.168.255.126; our IP address is 192.168.255.4
Filename 'zImage'.
Load address: 0x81000000
Loading: *#################################################################
	 #################################################################
	 #################################################################
	 #################################################################
	 #################################################################
	 ####################################################
	 3 MiB/s
done
Bytes transferred = 5527112 (545648 hex)
link up on port 0, speed 100, full duplex
Using cpsw device
TFTP from server 192.168.255.126; our IP address is 192.168.255.4
Filename 'am335x-boneblack.dtb'.
Load address: 0x82000000
Loading: *#######
	 2.7 MiB/s
done
Bytes transferred = 98244 (17fc4 hex)
## Flattened Device Tree blob at 82000000
   Booting using the fdt blob at 0x82000000
   Loading Device Tree to 8ffe5000, end 8fffffc3 ... OK

Starting kernel ...

[    0.000000] Booting Linux on physical CPU 0x0
[    0.000000] Linux version 6.13.0-rc3 (user01@drvtest01) (arm-linux-gnueabihf-gcc (Linaro GCC 6.4-2017.11) 6.4.1 20171012, GNU ld (Linaro_Binutils-2017.11) 2.27.0.20161229) #81 SMP Mon Dec 16 02:44:15 EET 2024
[    0.000000] CPU: ARMv7 Processor [413fc082] revision 2 (ARMv7), cr=10c5387d
[    0.000000] CPU: PIPT / VIPT nonaliasing data cache, VIPT aliasing instruction cache
[    0.000000] OF: fdt: Machine model: TI AM335x BeagleBone Black
[    0.000000] earlycon: omap8250 at MMIO 0x44e09000 (options '')
[    0.000000] printk: legacy bootconsole [omap8250] enabled
[    0.000000] Memory policy: Data cache writeback
[    0.000000] cma: Reserved 16 MiB at 0x9e800000 on node -1
[    0.000000] Zone ranges:
[    0.000000]   Normal   [mem 0x0000000080000000-0x000000009fdfffff]
[    0.000000]   HighMem  empty
[    0.000000] Movable zone start for each node
[    0.000000] Early memory node ranges
[    0.000000]   node   0: [mem 0x0000000080000000-0x000000009fdfffff]
[    0.000000] Initmem setup node 0 [mem 0x0000000080000000-0x000000009fdfffff]
[    0.000000] OF: reserved mem: Reserved memory: No reserved-memory node in the DT
[    0.000000] CPU: All CPU(s) started in SVC mode.
[    0.000000] AM335X ES2.1 (sgx neon)
[    0.000000] percpu: Embedded 17 pages/cpu s39628 r8192 d21812 u69632
[    0.000000] pcpu-alloc: s39628 r8192 d21812 u69632 alloc=17*4096
[    0.000000] pcpu-alloc: [0] 0 
[    0.000000] Kernel command line: console=ttyO0,115200n8 debug earlycon root=/dev/nfs rw nfsroot=192.168.255.126:/home/user01/nfs,nfsvers=3 ip=192.168.255.4:192.168.255.126::255.255.255.0:bbb1:eth0 nfsrootdebug
[    0.000000] Unknown kernel command line parameters "nfsrootdebug", will be passed to user space.
[    0.000000] printk: log buffer data + meta data: 65536 + 204800 = 270336 bytes
[    0.000000] Dentry cache hash table entries: 65536 (order: 6, 262144 bytes, linear)
[    0.000000] Inode-cache hash table entries: 32768 (order: 5, 131072 bytes, linear)
[    0.000000] Built 1 zonelists, mobility grouping on.  Total pages: 130560
[    0.000000] mem auto-init: stack:off, heap alloc:off, heap free:off
[    0.000000] SLUB: HWalign=64, Order=0-3, MinObjects=0, CPUs=1, Nodes=1
[    0.000000] trace event string verifier disabled
[    0.000000] rcu: Hierarchical RCU implementation.
[    0.000000] rcu: 	RCU event tracing is enabled.
[    0.000000] rcu: 	RCU restricting CPUs from NR_CPUS=2 to nr_cpu_ids=1.
[    0.000000] 	Tracing variant of Tasks RCU enabled.
[    0.000000] rcu: RCU calculated value of scheduler-enlistment delay is 10 jiffies.
[    0.000000] rcu: Adjusting geometry for rcu_fanout_leaf=16, nr_cpu_ids=1
[    0.000000] RCU Tasks Trace: Setting shift to 0 and lim to 1 rcu_task_cb_adjust=1 rcu_task_cpu_ids=1.
[    0.000000] NR_IRQS: 16, nr_irqs: 16, preallocated irqs: 16
[    0.000000] IRQ: Found an INTC at 0x(ptrval) (revision 5.0) with 128 interrupts
[    0.000000] rcu: srcu_init: Setting srcu_struct sizes based on contention.
[    0.000000] TI gptimer clocksource: always-on /ocp/interconnect@44c00000/segment@200000/target-module@31000
[    0.000002] sched_clock: 32 bits at 24MHz, resolution 41ns, wraps every 89478484971ns
[    0.008076] clocksource: dmtimer: mask: 0xffffffff max_cycles: 0xffffffff, max_idle_ns: 79635851949 ns
[    0.018147] TI gptimer clockevent: 24000000 Hz at /ocp/interconnect@48000000/segment@0/target-module@40000
[    0.029764] Console: colour dummy device 80x30
[    0.034404] WARNING: Your 'console=ttyO0' has been replaced by 'ttyS0'
[    0.041214] This ensures that you still see kernel messages. Please
[    0.047663] update your kernel commandline.
[    0.052018] Calibrating delay loop... 996.14 BogoMIPS (lpj=4980736)
[    0.094636] CPU: Testing write buffer coherency: ok
[    0.099756] CPU0: Spectre v2: using BPIALL workaround
[    0.104959] pid_max: default: 32768 minimum: 301
[    0.109842] LSM: initializing lsm=capability
[    0.114411] Mount-cache hash table entries: 1024 (order: 0, 4096 bytes, linear)
[    0.121980] Mountpoint-cache hash table entries: 1024 (order: 0, 4096 bytes, linear)
[    0.131659] CPU0: thread -1, cpu 0, socket -1, mpidr 0
[    0.139333] Setting up static identity map for 0x80100000 - 0x80100078
[    0.146391] rcu: Hierarchical SRCU implementation.
[    0.151388] rcu: 	Max phase no-delay instances is 1000.
[    0.158762] smp: Bringing up secondary CPUs ...
[    0.163486] smp: Brought up 1 node, 1 CPU
[    0.167618] SMP: Total of 1 processors activated (996.14 BogoMIPS).
[    0.174174] CPU: All CPU(s) started in SVC mode.
[    0.179141] Memory: 480840K/522240K available (11264K kernel code, 1213K rwdata, 2896K rodata, 1024K init, 297K bss, 23388K reserved, 16384K cma-reserved, 0K highmem)
[    0.195453] devtmpfs: initialized
[    0.215793] VFP support v0.3: implementor 41 architecture 3 part 30 variant c rev 3
[    0.224162] clocksource: jiffies: mask: 0xffffffff max_cycles: 0xffffffff, max_idle_ns: 19112604462750000 ns
[    0.234363] futex hash table entries: 256 (order: 2, 16384 bytes, linear)
[    0.242723] pinctrl core: initialized pinctrl subsystem
[    0.251024] NET: Registered PF_NETLINK/PF_ROUTE protocol family
[    0.260092] DMA: preallocated 256 KiB pool for atomic coherent allocations
[    0.268081] audit: initializing netlink subsys (disabled)
[    0.275155] thermal_sys: Registered thermal governor 'fair_share'
[    0.275185] thermal_sys: Registered thermal governor 'step_wise'
[    0.281557] thermal_sys: Registered thermal governor 'user_space'
[    0.287864] audit: type=2000 audit(0.240:1): state=initialized audit_enabled=0 res=1
[    0.302242] cpuidle: using governor menu
[    0.324676] /ocp/interconnect@44c00000/segment@200000/target-module@b000/i2c@0/tda19988@70: Fixed dependency cycle(s) with /ocp/interconnect@48000000/segment@300000/target-module@e000/lcdc@0
[    0.343455] /ocp/interconnect@48000000/segment@300000/target-module@e000/lcdc@0: Fixed dependency cycle(s) with /ocp/interconnect@44c00000/segment@200000/target-module@b000/i2c@0/tda19988@70
[    0.363251] No ATAGs?
[    0.365616] hw-breakpoint: debug architecture 0x4 unsupported.
[    0.374536] kprobes: kprobe jump-optimization is enabled. All kprobes are optimized if possible.
[    0.402027] iommu: Default domain type: Translated
[    0.406985] iommu: DMA domain TLB invalidation policy: strict mode
[    0.415182] reg-fixed-voltage fixedregulator0: using DT '/fixedregulator0' for '(default)' GPIO lookup
[    0.424915] of_get_named_gpiod_flags: can't parse 'gpios' property of node '/fixedregulator0[0]'
[    0.434014] of_get_named_gpiod_flags: can't parse 'gpio' property of node '/fixedregulator0[0]'
[    0.443011] reg-fixed-voltage fixedregulator0: using lookup tables for GPIO lookup
[    0.450825] reg-fixed-voltage fixedregulator0: No GPIO consumer (default) found
[    0.479003] SCSI subsystem initialized
[    0.488781] libata version 3.00 loaded.
[    0.493113] pps_core: LinuxPPS API ver. 1 registered
[    0.498285] pps_core: Software ver. 5.3.6 - Copyright 2005-2007 Rodolfo Giometti <giometti@linux.it>
[    0.507713] PTP clock support registered
[    0.538385] vgaarb: loaded
[    0.548231] clocksource: Switched to clocksource dmtimer
[    0.554433] VFS: Disk quotas dquot_6.6.0
[    0.558655] VFS: Dquot-cache hash table entries: 1024 (order 0, 4096 bytes)
[    0.601252] NET: Registered PF_INET protocol family
[    0.606773] IP idents hash table entries: 8192 (order: 4, 65536 bytes, linear)
[    0.615684] tcp_listen_portaddr_hash hash table entries: 512 (order: 0, 4096 bytes, linear)
[    0.624385] Table-perturb hash table entries: 65536 (order: 6, 262144 bytes, linear)
[    0.632397] TCP established hash table entries: 4096 (order: 2, 16384 bytes, linear)
[    0.640405] TCP bind hash table entries: 4096 (order: 4, 65536 bytes, linear)
[    0.647865] TCP: Hash tables configured (established 4096 bind 4096)
[    0.654543] UDP hash table entries: 256 (order: 1, 14336 bytes, linear)
[    0.661384] UDP-Lite hash table entries: 256 (order: 1, 14336 bytes, linear)
[    0.668864] NET: Registered PF_UNIX/PF_LOCAL protocol family
[    0.753006] RPC: Registered named UNIX socket transport module.
[    0.759134] RPC: Registered udp transport module.
[    0.764047] RPC: Registered tcp transport module.
[    0.768890] RPC: Registered tcp-with-tls transport module.
[    0.774558] RPC: Registered tcp NFSv4.1 backchannel transport module.
[    0.781206] PCI: CLS 0 bytes, default 64
[    0.786787] Initialise system trusted keyrings
[    0.853565] workingset: timestamp_bits=14 max_order=17 bucket_order=3
[    0.861601] NFS: Registering the id_resolver key type
[    0.866977] Key type id_resolver registered
[    0.871286] Key type id_legacy registered
[    0.875503] jffs2: version 2.2. (NAND) (SUMMARY)  Â© 2001-2006 Red Hat, Inc.
[    0.910478] Key type asymmetric registered
[    0.914839] Asymmetric key parser 'x509' registered
[    0.919936] io scheduler mq-deadline registered
[    0.924645] io scheduler kyber registered
[    0.928846] io scheduler bfq registered
[    0.950946] ledtrig-cpu: registered to indicate activity on CPUs
[    0.985015] Serial: 8250/16550 driver, 6 ports, IRQ sharing enabled
[    1.031342] brd: module loaded
[    1.067525] loop: module loaded
[    1.071840] mtdoops: mtd device (mtddev=name/number) must be supplied
[    1.088584] mdio_bus fixed-0: using lookup tables for GPIO lookup
[    1.094981] mdio_bus fixed-0: No GPIO consumer reset found
[    1.102133] i2c_dev: i2c /dev entries driver
[    1.107513] cpuidle: enable-method property 'ti,am3352' found operations
[    1.114982] sdhci: Secure Digital Host Controller Interface driver
[    1.121354] sdhci: Copyright(c) Pierre Ossman
[    1.126081] sdhci-pltfm: SDHCI platform and OF driver helper
[    1.132987] Initializing XFRM netlink socket
[    1.137540] NET: Registered PF_INET6 protocol family
[    1.206030] Segment Routing with IPv6
[    1.209917] In-situ OAM (IOAM) with IPv6
[    1.214151] sit: IPv6, IPv4 and MPLS over IPv4 tunneling driver
[    1.221224] NET: Registered PF_PACKET protocol family
[    1.226559] NET: Registered PF_KEY protocol family
[    1.231676] Key type dns_resolver registered
[    1.236379] ThumbEE CPU extension supported.
[    1.240797] Registering SWP/SWPB emulation handler
[    1.246321] omap_voltage_late_init: Voltage driver support not added
[    1.253293] SmartReflex Class3 initialized
[    1.331811] Loading compiled-in X.509 certificates
[    1.387054] /ocp/interconnect@44c00000/segment@200000/target-module@b000/i2c@0/tda19988@70: Fixed dependency cycle(s) with /ocp/interconnect@48000000/segment@300000/target-module@e000/lcdc@0
[    1.411157] /ocp/interconnect@44c00000/segment@200000/target-module@b000/i2c@0/tda19988@70: Fixed dependency cycle(s) with /ocp/interconnect@48000000/segment@300000/target-module@e000/lcdc@0
[    1.434542] gpiochip_find_base_unlocked: found new base at 512
[    1.492953] /ocp/interconnect@44c00000/segment@200000/target-module@b000/i2c@0/tda19988@70: Fixed dependency cycle(s) with /ocp/interconnect@48000000/segment@300000/target-module@e000/lcdc@0
[    1.511455] /ocp/interconnect@44c00000/segment@200000/target-module@b000/i2c@0/tda19988@70: Fixed dependency cycle(s) with /ocp/interconnect@48000000/segment@300000/target-module@e000/lcdc@0
[    1.532690] /ocp/interconnect@44c00000/segment@200000/target-module@10000/scm@0/pinmux@800: Fixed dependency cycle(s) with /ocp/interconnect@44c00000/segment@200000/target-module@10000/scm@0/pinmux@800/clkout2-pins
[    1.552989] pinctrl-single 44e10800.pinmux: 142 pins, size 568
[    1.564362] ti-sysc 44e31000.target-module: probe with driver ti-sysc failed with error -16
[    1.658371] /ocp/interconnect@48000000/segment@300000/target-module@e000/lcdc@0: Fixed dependency cycle(s) with /ocp/interconnect@44c00000/segment@200000/target-module@b000/i2c@0/tda19988@70
[    1.684149] ti-sysc 48040000.target-module: probe with driver ti-sysc failed with error -16
[    1.704294] gpiochip_find_base_unlocked: found new base at 512
[    1.710416] gpio gpiochip0: (gpio-0-31): created GPIO range 0->7 ==> 44e10800.pinmux PIN 0->7
[    1.719354] gpio gpiochip0: (gpio-0-31): created GPIO range 8->11 ==> 44e10800.pinmux PIN 90->93
[    1.728448] gpio gpiochip0: (gpio-0-31): created GPIO range 12->27 ==> 44e10800.pinmux PIN 12->27
[    1.737618] gpio gpiochip0: (gpio-0-31): created GPIO range 28->31 ==> 44e10800.pinmux PIN 30->33
[    1.852491] gpio gpiochip0: (gpio-0-31): added GPIO chardev (254:0)
[    1.859110] gpio gpiochip0: registered GPIOs 512 to 543 on gpio-0-31
[    1.865825] OMAP GPIO hardware version 0.1
[    1.912603] i2c i2c-2: using DT '/ocp/interconnect@48000000/segment@100000/target-module@9c000/i2c@0' for 'scl' GPIO lookup
[    1.924244] of_get_named_gpiod_flags: can't parse 'scl-gpios' property of node '/ocp/interconnect@48000000/segment@100000/target-module@9c000/i2c@0[0]'
[    1.938293] of_get_named_gpiod_flags: can't parse 'scl-gpio' property of node '/ocp/interconnect@48000000/segment@100000/target-module@9c000/i2c@0[0]'
[    1.952225] i2c i2c-2: using lookup tables for GPIO lookup
[    1.957876] i2c i2c-2: No GPIO consumer scl found
[    1.962789] i2c i2c-2: using DT '/ocp/interconnect@48000000/segment@100000/target-module@9c000/i2c@0' for 'sda' GPIO lookup
[    1.974309] of_get_named_gpiod_flags: can't parse 'sda-gpios' property of node '/ocp/interconnect@48000000/segment@100000/target-module@9c000/i2c@0[0]'
[    1.988327] of_get_named_gpiod_flags: can't parse 'sda-gpio' property of node '/ocp/interconnect@48000000/segment@100000/target-module@9c000/i2c@0[0]'
[    2.002247] i2c i2c-2: using lookup tables for GPIO lookup
[    2.007895] i2c i2c-2: No GPIO consumer sda found
[    2.013498] omap_i2c 4819c000.i2c: bus 2 rev0.11 at 100 kHz
[    2.025033] gpiochip_find_base_unlocked: found new base at 544
[    2.031153] gpio gpiochip1: (gpio-32-63): created GPIO range 0->17 ==> 44e10800.pinmux PIN 34->51
[    2.040434] gpio gpiochip1: (gpio-32-63): created GPIO range 18->21 ==> 44e10800.pinmux PIN 77->80
[    2.049719] gpio gpiochip1: (gpio-32-63): created GPIO range 22->31 ==> 44e10800.pinmux PIN 56->65
[    2.063165] gpio gpiochip1: (gpio-32-63): added GPIO chardev (254:1)
[    2.069924] gpio gpiochip1: registered GPIOs 544 to 575 on gpio-32-63
[    2.079061] gpiochip_find_base_unlocked: found new base at 576
[    2.085344] gpio gpiochip2: (gpio-64-95): created GPIO range 0->4 ==> 44e10800.pinmux PIN 66->70
[    2.094449] gpio gpiochip2: (gpio-64-95): created GPIO range 5->6 ==> 44e10800.pinmux PIN 98->99
[    2.103529] gpio gpiochip2: (gpio-64 -95): created GPIO range 7->8 ==> 44e10800.pinmux PIN 75->76
 [    2.112605] gpio gpiochip2: (gpio-64-95): created GPIO rang e 13->13 ==> 44e10800.pinmux PIN 141->141
[    2.122049] gpio  gpiochip2: (gpio-64-95): created GPIO range 14->21 ==> 44e10800.pinmu
[    3.052695] tps65217-pmic: Failed to locate of_node [id: -1]
[    3.058771] tps65217-bl: Failed to locate of_node [id: -1]
[    3.070243] tps65217 0-0024: TPS65217 ID 0xe version 1.2
[    3.076385] /ocp/interconnect@48000000/segment@300000/target-module@e000/lcdc@0: Fixed dependency cycle(s) with /ocp/interconnect@44c00000/segment@200000/target-module@b000/i2c@0/tda19988@70
[    3.093790] /ocp/interconnect@44c00000/segment@200000/target-module@b000/i2c@0/tda19988@70: Fixed dependency cycle(s) with /ocp/interconnect@48000000/segment@300000/target-module@e000/lcdc@0
[    3.111156] omap_i2c 44e0b000.i2c: bus 0 rev0.11 at 400 kHz
[    3.118846] sdhci-omap 48060000.mmc: using DT '/ocp/interconnect@48000000/segment@0/target-module@60000/mmc@0' for 'cd' GPIO lookup
[    3.130958] of_get_named_gpiod_flags: parsed 'cd-gpios' property of node '/ocp/interconnect@48000000/segment@0/target-module@60000/mmc@0[0]' - status (0)
[    3.144862] gpio gpiochip3: Persistence not supported for GPIO 6
[    3.150918] omap_gpio 44e07000.gpio: Could not set line 6 debounce to 200000 microseconds (-22)
[    3.159714] sdhci-omap 48060000.mmc: Got CD GPIO
[    3.164387] sdhci-omap 48060000.mmc: using DT '/ocp/interconnect@48000000/segment@0/target-module@60000/mmc@0' for 'wp' GPIO lookup
[    3.176354] of_get_named_gpiod_flags: can't parse 'wp-gpios' property of node '/ocp/interconnect@48000000/segment@0/target-module@60000/mmc@0[0]'
[    3.189518] of_get_named_gpiod_flags: can't parse 'wp-gpio' property of node '/ocp/interconnect@48000000/segment@0/target-module@60000/mmc@0[0]'
[    3.202586] sdhci-omap 48060000.mmc: using lookup tables for GPIO lookup
[    3.209327] sdhci-omap 48060000.mmc: No GPIO consumer wp found
[    3.215415] sdhci-omap 48060000.mmc: supply pbias not found, using dummy regulator
[    3.224152] sdhci-omap 481d8000.mmc: using DT '/ocp/interconnect@48000000/segment@100000/target-module@d8000/mmc@0' for 'wp' GPIO lookup
[    3.236677] of_get_named_gpiod_flags: can't parse 'wp-gpios' property of node '/ocp/interconnect@48000000/segment@100000/target-module@d8000/mmc@0[0]'
[    3.250296] of_get_named_gpiod_flags: can't parse 'wp-gpio' property of node '/ocp/interconnect@48000000/segment@100000/target-module@d8000/mmc@0[0]'
[    3.263844] sdhci-omap 481d8000.mmc: using lookup tables for GPIO lookup
[    3.270586] sdhci-omap 481d8000.mmc: No GPIO consumer wp found
[    3.279724] sdhci-omap 48060000.mmc: supply vqmmc not found, using dummy regulator
