Labgrid Console Logfile for main
Logfile started at 2025-01-21 09:55:02.212252
=== Log starts here ===

U-Boot SPL 2014.04-00014-g47880f5 (Apr 22 2014 - 13:23:54)
reading args
spl_load_image_fat_os: error reading image args, err - -1
reading u-boot.img
reading u-boot.img


U-Boot 2014.04-00014-g47880f5 (Apr 22 2014 - 13:23:54)

I2C:   ready
DRAM:  512 MiB
NAND:  0 MiB
MMC:   OMAP SD/MMC: 0, OMAP SD/MMC: 1
*** Warning - readenv() failed, using default environment

Net:   <ethaddr> not set. Validating first E-fuse MAC
cpsw, usb_ether
Hit any key to stop autoboot:  1  0 
gpio: pin 53 (gpio 53) value is 1
mmc0 is current device
gpio: pin 54 (gpio 54) value is 1
SD/MMC found on device 0
reading uEnv.txt
569 bytes read in 4 ms (138.7 KiB/s)
gpio: pin 55 (gpio 55) value is 1
Loaded environment from uEnv.txt
Importing environment from mmc ...
Checking if uenvcmd is set ...
gpio: pin 56 (gpio 56) value is 1
Running uenvcmd ...
cpsw Waiting for PHY auto negotiation to complete. done
link up on port 0, speed 100, full duplex
Using cpsw device
TFTP from server 192.168.255.126; our IP address is 192.168.255.1
Filename 'zImage'.
Load address: 0x81000000
Loading: *#################################################################
	 #################################################################
	 #################################################################
	 #################################################################
	 #################################################################
	 ######################################################
	 2.4 MiB/s
done
Bytes transferred = 5561416 (54dc48 hex)
link up on port 0, speed 100, full duplex
Using cpsw device
TFTP from server 192.168.255.126; our IP address is 192.168.255.1
Filename 'am335x-boneblack.dtb'.
Load address: 0x82000000
Loading: *#######
	 1.4 MiB/s
done
Bytes transferred = 98244 (17fc4 hex)
Kernel image @ 0x81000000 [ 0x000000 - 0x54dc48 ]
## Flattened Device Tree blob at 82000000
   Booting using the fdt blob at 0x82000000
   Using Device Tree in place at 82000000, end 8201afc3

Starting kernel ...

[    0.000000] Booting Linux on physical CPU 0x0
[    0.000000] Linux version 6.13.0-next-20250121 (user01@drvtest01) (arm-none-eabi-gcc (Arm GNU Toolchain 14.2.Rel1 (Build arm-14.52)) 14.2.1 20241119, GNU ld (Arm GNU Toolchain 14.2.Rel1 (Build arm-14.52)) 2.43.1.20241119) #1 SMP Tue Jan 21 09:53:41 EET 2025
[    0.000000] CPU: ARMv7 Processor [413fc082] revision 2 (ARMv7), cr=10c5387d
[    0.000000] CPU: PIPT / VIPT nonaliasing data cache, VIPT aliasing instruction cache
[    0.000000] OF: fdt: Machine model: TI AM335x BeagleBone Black
[    0.000000] Memory policy: Data cache writeback
[    0.000000] cma: Reserved 16 MiB at 0x9e800000 on node -1
[    0.000000] Zone ranges:
[    0.000000]   Normal   [mem 0x0000000080000000-0x000000009fdfffff]
[    0.000000]   HighMem  empty
[    0.000000] Movable zone start for each node
[    0.000000] Early memory node ranges
[    0.000000]   node   0: [mem 0x0000000080000000-0x000000009fdfffff]
[    0.000000] Initmem setup node 0 [mem 0x0000000080000000-0x000000009fdfffff]
[    0.000000] OF: reserved mem: Reserved memory: No reserved-memory node in the DT
[    0.000000] CPU: All CPU(s) started in SVC mode.
[    0.000000] AM335X ES2.1 (sgx neon)
[    0.000000] percpu: Embedded 17 pages/cpu s39564 r8192 d21876 u69632
[    0.000000] Kernel command line: console=ttyO0,115200n8 root=/dev/nfs rw nfsroot=192.168.255.126:/home/user01/nfs,nfsvers=3 ip=192.168.255.1:192.168.255.126::255.255.255.0:bbb1:eth0 nfsrootdebug
[    0.000000] Unknown kernel command line parameters "nfsrootdebug", will be passed to user space.
[    0.000000] printk: log buffer data + meta data: 65536 + 204800 = 270336 bytes
[    0.000000] Dentry cache hash table entries: 65536 (order: 6, 262144 bytes, linear)
[    0.000000] Inode-cache hash table entries: 32768 (order: 5, 131072 bytes, linear)
[    0.000000] Built 1 zonelists, mobility grouping on.  Total pages: 130560
[    0.000000] mem auto-init: stack:off, heap alloc:off, heap free:off
[    0.000000] ------------[ cut here ]------------
[    0.000000] WARNING: CPU: 0 PID: 0 at arch/arm/kernel/cacheinfo.c:43 cache_line_size+0x84/0x98
[    0.000000] Modules linked in:
[    0.000000] CPU: 0 UID: 0 PID: 0 Comm: swapper Not tainted 6.13.0-next-20250121 #1
[    0.000000] Hardware name: Generic AM33XX (Flattened Device Tree)
[    0.000000] Call trace: 
[    0.000000]  unwind_backtrace from show_stack+0x10/0x14
[    0.000000]  show_stack from dump_stack_lvl+0x50/0x64
[    0.000000]  dump_stack_lvl from __warn+0x74/0x12c
[    0.000000]  __warn from warn_slowpath_fmt+0x118/0x1b0
[    0.000000]  warn_slowpath_fmt from cache_line_size+0x84/0x98
[    0.000000]  cache_line_size from create_boot_cache+0x70/0xf8
[    0.000000]  create_boot_cache from kmem_cache_init+0x64/0x134
[    0.000000]  kmem_cache_init from mm_core_init+0xb4/0xec
[    0.000000]  mm_core_init from start_kernel+0x3b4/0x67c
[    0.000000]  start_kernel from 0x0
[    0.000000] ---[ end trace 0000000000000000 ]---
[    0.000000] SLUB: HWalign=64, Order=0-3, MinObjects=0, CPUs=1, Nodes=1
[    0.000000] rcu: Hierarchical RCU implementation.
[    0.000000] rcu: 	RCU event tracing is enabled.
[    0.000000] rcu: 	RCU restricting CPUs from NR_CPUS=2 to nr_cpu_ids=1.
[    0.000000] 	Tracing variant of Tasks RCU enabled.
[    0.000000] rcu: RCU calculated value of scheduler-enlistment delay is 10 jiffies.
[    0.000000] rcu: Adjusting geometry for rcu_fanout_leaf=16, nr_cpu_ids=1
[    0.000000] RCU Tasks Trace: Setting shift to 0 and lim to 1 rcu_task_cb_adjust=1 rcu_task_cpu_ids=1.
[    0.000000] NR_IRQS: 16, nr_irqs: 16, preallocated irqs: 16
[    0.000000] IRQ: Found an INTC at 0x(ptrval) (revision 5.0) with 128 interrupts
[    0.000000] rcu: srcu_init: Setting srcu_struct sizes based on contention.
[    0.000000] TI gptimer clocksource: always-on /ocp/interconnect@44c00000/segment@200000/target-module@31000
[    0.000003] sched_clock: 32 bits at 24MHz, resolution 41ns, wraps every 89478484971ns
[    0.000025] clocksource: dmtimer: mask: 0xffffffff max_cycles: 0xffffffff, max_idle_ns: 79635851949 ns
[    0.000511] TI gptimer clockevent: 24000000 Hz at /ocp/interconnect@48000000/segment@0/target-module@40000
[    0.002158] Console: colour dummy device 80x30
[    0.002236] WARNING: Your 'console=ttyO0' has been replaced by 'ttyS0'
[    0.002245] This ensures that you still see kernel messages. Please
[    0.002249] update your kernel commandline.
[    0.002290] Calibrating delay loop... 996.14 BogoMIPS (lpj=4980736)
[    0.090556] CPU: Testing write buffer coherency: ok
[    0.090657] CPU0: Spectre v2: using BPIALL workaround
[    0.090668] pid_max: default: 32768 minimum: 301
[    0.090791] LSM: initializing lsm=capability
[    0.090955] Mount-cache hash table entries: 1024 (order: 0, 4096 bytes, linear)
[    0.090975] Mountpoint-cache hash table entries: 1024 (order: 0, 4096 bytes, linear)
[    0.092588] CPU0: thread -1, cpu 0, socket -1, mpidr 0
[    0.160909] Setting up static identity map for 0x80100000 - 0x80100078
[    0.170705] rcu: Hierarchical SRCU implementation.
[    0.170715] rcu: 	Max phase no-delay instances is 1000.
[    0.190753] smp: Bringing up secondary CPUs ...
[    0.190809] smp: Brought up 1 node, 1 CPU
[    0.190822] SMP: Total of 1 processors activated (996.14 BogoMIPS).
[    0.190833] CPU: All CPU(s) started in SVC mode.
[    0.191005] Memory: 480804K/522240K available (11264K kernel code, 1217K rwdata, 2908K rodata, 1024K init, 292K bss, 23388K reserved, 16384K cma-reserved, 0K highmem)
[    0.191837] devtmpfs: initialized
[    0.208154] VFP support v0.3: implementor 41 architecture 3 part 30 variant c rev 3
[    0.208492] clocksource: jiffies: mask: 0xffffffff max_cycles: 0xffffffff, max_idle_ns: 19112604462750000 ns
[    0.208526] futex hash table entries: 256 (order: 2, 16384 bytes, linear)
[    0.209857] pinctrl core: initialized pinctrl subsystem
[    0.212760] NET: Registered PF_NETLINK/PF_ROUTE protocol family
[    0.215529] DMA: preallocated 256 KiB pool for atomic coherent allocations
[    0.216413] audit: initializing netlink subsys (disabled)
[    0.217758] thermal_sys: Registered thermal governor 'fair_share'
[    0.217775] thermal_sys: Registered thermal governor 'step_wise'
[    0.217783] thermal_sys: Registered thermal governor 'user_space'
[    0.217929] audit: type=2000 audit(0.210:1): state=initialized audit_enabled=0 res=1
[    0.217962] cpuidle: using governor menu
[    0.235703] /ocp/interconnect@44c00000/segment@200000/target-module@b000/i2c@0/tda19988@70: Fixed dependency cycle(s) with /ocp/interconnect@48000000/segment@300000/target-module@e000/lcdc@0
[    0.236826] /ocp/interconnect@48000000/segment@300000/target-module@e000/lcdc@0: Fixed dependency cycle(s) with /ocp/interconnect@44c00000/segment@200000/target-module@b000/i2c@0/tda19988@70
[    0.238979] No ATAGs?
[    0.239023] hw-breakpoint: debug architecture 0x4 unsupported.
[    0.241824] kprobes: kprobe jump-optimization is enabled. All kprobes are optimized if possible.
[    0.253855] iommu: Default domain type: Translated
[    0.253877] iommu: DMA domain TLB invalidation policy: strict mode
[    0.261910] SCSI subsystem initialized
[    0.262736] pps_core: LinuxPPS API ver. 1 registered
[    0.262746] pps_core: Software ver. 5.3.6 - Copyright 2005-2007 Rodolfo Giometti <giometti@linux.it>
[    0.262770] PTP clock support registered
[    0.271108] vgaarb: loaded
[    0.271460] clocksource: Switched to clocksource dmtimer
[    0.272097] VFS: Disk quotas dquot_6.6.0
[    0.272140] VFS: Dquot-cache hash table entries: 1024 (order 0, 4096 bytes)
[    0.295989] NET: Registered PF_INET protocol family
[    0.296335] IP idents hash table entries: 8192 (order: 4, 65536 bytes, linear)
[    0.297753] tcp_listen_portaddr_hash hash table entries: 512 (order: 0, 4096 bytes, linear)
[    0.297792] Table-perturb hash table entries: 65536 (order: 6, 262144 bytes, linear)
[    0.297809] TCP established hash table entries: 4096 (order: 2, 16384 bytes, linear)
[    0.297852] TCP bind hash table entries: 4096 (order: 4, 65536 bytes, linear)
[    0.297952] TCP: Hash tables configured (established 4096 bind 4096)
[    0.298072] UDP hash table entries: 256 (order: 1, 14336 bytes, linear)
[    0.298108] UDP-Lite hash table entries: 256 (order: 1, 14336 bytes, linear)
[    0.298287] NET: Registered PF_UNIX/PF_LOCAL protocol family
[    0.299524] RPC: Registered named UNIX socket transport module.
[    0.299545] RPC: Registered udp transport module.
[    0.299551] RPC: Registered tcp transport module.
[    0.299555] RPC: Registered tcp-with-tls transport module.
[    0.299561] RPC: Registered tcp NFSv4.1 backchannel transport module.
[    0.299584] PCI: CLS 0 bytes, default 64
[    0.300952] Initialise system trusted keyrings
[    0.311787] workingset: timestamp_bits=14 max_order=17 bucket_order=3
[    0.313081] NFS: Registering the id_resolver key type
[    0.313145] Key type id_resolver registered
[    0.313152] Key type id_legacy registered
[    0.313199] jffs2: version 2.2. (NAND) (SUMMARY)  Â© 2001-2006 Red Hat, Inc.
[    0.313594] Key type asymmetric registered
[    0.313608] Asymmetric key parser 'x509' registered
[    0.313669] io scheduler mq-deadline registered
[    0.313679] io scheduler kyber registered
[    0.313748] io scheduler bfq registered
[    0.315295] ledtrig-cpu: registered to indicate activity on CPUs
[    0.317985] Serial: 8250/16550 driver, 6 ports, IRQ sharing enabled
[    0.357900] brd: module loaded
[    0.384419] loop: module loaded
[    0.385314] mtdoops: mtd device (mtddev=name/number) must be supplied
[    0.388316] i2c_dev: i2c /dev entries driver
[    0.389243] cpuidle: enable-method property 'ti,am3352' found operations
[    0.389667] sdhci: Secure Digital Host Controller Interface driver
[    0.389676] sdhci: Copyright(c) Pierre Ossman
[    0.389849] sdhci-pltfm: SDHCI platform and OF driver helper
[    0.390836] Initializing XFRM netlink socket
[    0.390985] NET: Registered PF_INET6 protocol family
[    0.393072] Segment Routing with IPv6
[    0.393158] In-situ OAM (IOAM) with IPv6
[    0.393256] sit: IPv6, IPv4 and MPLS over IPv4 tunneling driver
[    0.394190] NET: Registered PF_PACKET protocol family
[    0.394224] NET: Registered PF_KEY protocol family
[    0.394339] Key type dns_resolver registered
[    0.394572] ThumbEE CPU extension supported.
[    0.394593] Registering SWP/SWPB emulation handler
[    0.395129] omap_voltage_late_init: Voltage driver support not added
[    0.395491] SmartReflex Class3 initialized
[    0.425741] Loading compiled-in X.509 certificates
[    0.468171] OF: /ocp: Read of boolean property 'clocks' with a value.
[    0.471315] /ocp/interconnect@44c00000/segment@200000/target-module@b000/i2c@0/tda19988@70: Fixed dependency cycle(s) with /ocp/interconnect@48000000/segment@300000/target-module@e000/lcdc@0
[    0.472426] OF: /ocp/interconnect@44c00000: Read of boolean property 'clocks' with a value.
[    0.477745] /ocp/interconnect@44c00000/segment@200000/target-module@b000/i2c@0/tda19988@70: Fixed dependency cycle(s) with /ocp/interconnect@48000000/segment@300000/target-module@e000/lcdc@0
[    0.504546] /ocp/interconnect@44c00000/segment@200000/target-module@b000/i2c@0/tda19988@70: Fixed dependency cycle(s) with /ocp/interconnect@48000000/segment@300000/target-module@e000/lcdc@0
[    0.505418] /ocp/interconnect@44c00000/segment@200000/target-module@b000/i2c@0/tda19988@70: Fixed dependency cycle(s) with /ocp/interconnect@48000000/segment@300000/target-module@e000/lcdc@0
[    0.508724] /ocp/interconnect@44c00000/segment@200000/target-module@10000/scm@0/pinmux@800: Fixed dependency cycle(s) with /ocp/interconnect@44c00000/segment@200000/target-module@10000/scm@0/pinmux@800/clkout2-pins
[    0.509319] pinctrl-single 44e10800.pinmux: 142 pins, size 568
[    0.514763] ti-sysc 44e31000.target-module: probe with driver ti-sysc failed with error -16
[    0.543475] /ocp/interconnect@48000000/segment@300000/target-module@e000/lcdc@0: Fixed dependency cycle(s) with /ocp/interconnect@44c00000/segment@200000/target-module@b000/i2c@0/tda19988@70
[    0.543802] OF: /ocp/interconnect@48000000: Read of boolean property 'clocks' with a value.
[    0.551168] ti-sysc 48040000.target-module: probe with driver ti-sysc failed with error -16
[    0.598615] OMAP GPIO hardware version 0.1
[    0.612952] omap_i2c 4819c000.i2c: bus 2 rev0.11 at 100 kHz
[    0.663109] 48000000.interconnect:segment@200000:target-module@0:mpu@0:fck: device ID is greater than 24
[    0.664005] /ocp/interconnect@48000000/segment@300000/target-module@e000/lcdc@0: Fixed dependency cycle(s) with /ocp/interconnect@44c00000/segment@200000/target-module@b000/i2c@0/tda19988@70
[    0.666711 ] /ocp/interconnect@48000000/segment@300000/target-module@e000 /lcdc@0: Fixed dependency cycle(s) with /ocp/interconnect@44c00000/segment@200000/target-module@b000/i2c@0/tda19988@70
[    0.667377] /ocp/interconnect@44c00000/segment@200000/target-module@b00ACID = 6c:ec:eb:68:de:78
[    0.902532] cpsw-switch 4a100000.switch: initialized (regs 0x4a100000, pool size 256) hw_ver:0019010C 1.12 (0)
[    0.913187] debugfs: Directory '49000000.dma' with parent 'dmaengine' already present!
[    0.913229] edma 49000000.dma: TI EDMA DMA engine driver
[    0.964375] target-module@4b000000:target-module@140000:pmu@0:fck: device ID is greater than 24
[    0.987474] hw perfevents: enabled with armv7_cortex_a8 PMU driver, 5 (8000000f) counters available
[    0.994920] l3-aon-clkctrl:0000:0: failed to disable
[    1.014516] 44e09000.serial: ttyS0 at MMIO 0x44e09000 (irq = 34, base_baud = 3000000) is a 8250
[    1.014607] printk: console [ttyS0] enabled
[    2.562402] tps65217-pmic: Failed to locate of_node [id: -1]
[    2.562748] tps65217-bl: Failed to locate of_node [id: -1]
[    2.568334] tps65217 0-0024: TPS65217 ID 0xe version 1.2
[    2.569020] /ocp/interconnect@48000000/segment@300000/target-module@e000/lcdc@0: Fixed dependency cycle(s) with /ocp/interconnect@44c00000/segment@200000/target-module@b000/i2c@0/tda19988@70
[    2.569263] /ocp/interconnect@44c00000/segment@200000/target-module@b000/i2c@0/tda19988@70: Fixed dependency cycle(s) with /ocp/interconnect@48000000/segment@300000/target-module@e000/lcdc@0
[    2.569564] omap_i2c 44e0b000.i2c: bus 0 rev0.11 at 400 kHz
[    2.571891] omap_gpio 44e07000.gpio: Could not set line 6 debounce to 200000 microseconds (-22)
[    2.571904] sdhci-omap 48060000.mmc: Got CD GPIO
[    2.572252] sdhci-omap 48060000.mmc: supply pbias not found, using dummy regulator
[    2.574006] sdhci-omap 48060000.mmc: supply vqmmc not found, using dummy regulator
[    2.575156] sdhci-omap 481d8000.mmc: supply pbias not found, using dummy regulator
[    2.575583] sdhci-omap 481d8000.mmc: supply vqmmc not found, using dummy regulator
[    2.704664] mmc1: SDHCI controller on 481d8000.mmc [481d8000.mmc] using External DMA
[    2.705200] mmc0: SDHCI controller on 48060000.mmc [48060000.mmc] using External DMA
[    2.706140] cpsw-switch 4a100000.switch: starting ndev. mode: dual_mac
[    2.770588] mmc0: new high speed SDHC card at address 5048
[    2.777635] mmcblk0: mmc0:5048 SD16G 14.4 GiB
[    2.781110]  mmcblk0: p1 p2
[    2.789133] mmcblk0: p2 size 31221760 extends beyond EOD, truncated
[    2.790731] SMSC LAN8710/LAN8720 4a101000.mdio:00: attached PHY driver (mii_bus:phy_addr=4a101000.mdio:00, irq=POLL)
[    2.820069] mmc1: new high speed MMC card at address 0001
[    2.821577] mmcblk1: mmc1:0001 MMC04G 3.60 GiB
[    2.834306]  mmcblk1: p1 p2
[    2.835659] mmcblk1boot0: mmc1:0001 MMC04G 2.00 MiB
[    2.837698] mmcblk1boot1: mmc1:0001 MMC04G 2.00 MiB
[    2.839560] mmcblk1rpmb: mmc1:0001 MMC04G 128 KiB, chardev (250:0)
[    5.922234] cpsw-switch 4a100000.switch eth0: Link is Up - 100Mbps/Full - flow control off
[    5.951704] IP-Config: Complete:
[    5.951723]      device=eth0, hwaddr=6c:ec:eb:68:de:78, ipaddr=192.168.255.1, mask=255.255.255.0, gw=255.255.255.255
[    5.951746]      host=bbb1, domain=, nis-domain=(none)
[    5.951754]      bootserver=192.168.255.126, rootserver=192.168.255.126, rootpath=
[    5.952174] clk: Disabling unused clocks
[    5.952383] PM: genpd: Disabling unused power domains
[    5.952422] KTAP version 1
[    5.952428] 1..0
[    6.014391] VFS: Mounted root (nfs filesystem) on device 0:17.
[    6.015313] devtmpfs: mounted
[    6.016770] Freeing unused kernel image (initmem) memory: 1024K
[    6.017394] Run /sbin/init as init process
[    6.722117] systemd[1]: System time before build time, advancing clock.
[    8.231483] random: crng init done

Welcome to [1mDebian GNU/Linux 9 (stretch)[0m!

[    8.264109] systemd[1]: systemd 232 running in system mode. (+PAM +AUDIT +SELINUX +IMA +APPARMOR +SMACK +SYSVINIT +UTMP +LIBCRYPTSETUP +GCRYPT +GNUTLS +ACL +XZ +LZ4 +SECCOMP +BLKID +ELFUTILS +KMOD +IDN)
[    8.264826] systemd[1]: Detected architecture arm.
[    8.301758] systemd[1]: Set hostname to <arm>.
[    9.451301] systemd[1]: Created slice System Slice.
[[0;32m  OK  [0m] Created slice System Slice.
[[0;32m  OK  [0m] Reached target Remote File Systems.
[    9.471924] systemd[1]: Reached target Remote File Systems.
[[0;32m  OK  [0m] Set up automount Arbitrary Executabâ€¦rmats File System Automount Point.
[    9.493416] systemd[1]: Set up automount Arbitrary Executable File Formats File System Automount Point.
[[0;32m  OK  [0m] Reached target Swap.
[    9.512016] systemd[1]: Reached target Swap.
[[0;32m  OK  [0m] Listening on udev Kernel Socket.
[    9.532116] systemd[1]: Listening on udev Kernel Socket.
         Mounting Debug File System...
[[0;32m  OK  [0m] Listening on Journal Audit Socket.[    9.582084] systemd[1]: Mounting Debug File System...

[    9.587825] systemd[1]: Listening on Journal Audit Socket.
[[0;32m  OK  [0m] Listening on Journal Socket.
         Starting Remount Root and Kernel File Systems...
[[0;32m  OK  [0m] Listening on Syslog Socket.
         Mounting POSIX Message Queue File System...
[[0;32m  OK  [0m] Started Forward Password Requests to Wall Directory Watch.
         Starting Create list of required stâ€¦ce nodes for the current kernel...
         Starting Load Kernel Modules...
[[0;32m  OK  [0m] Created slice system-getty.slice.
[[0;32m  OK  [0m] Listening on /dev/initctl Compatibility Named Pipe.
[[0;32m  OK  [0m] Created slice User and Session Slice.
[[0;32m  OK  [0m] Reached target Slices.
[[0;32m  OK  [0m] Created slice system-serial\x2dgetty.slice.
[[0;32m  OK  [0m] Listening on Journal Socket (/dev/log).
         Starting Journal Service...
[[0;32m  OK  [0m] Listening on udev Control Socket.
[[0;32m  OK  [0m] Started Dispatch Password Requests to Console Directory Watch.
[[0;32m  OK  [0m] Reached target Encrypted Volumes.
[[0;32m  OK  [0m] Reached target Paths.
[[0;32m  OK  [0m] Mounted POSIX Message Queue File System.
[[0;32m  OK  [0m] Mounted Debug File System.
[[0;32m  OK  [0m] Started Remount Root and Kernel File Systems.
[[0;32m  OK  [0m] Started Create list of required staâ€¦vice nodes for the current kernel.
[[0;32m  OK  [0m] Started Load Kernel Modules.
         Mounting Configuration File System...
         Starting Apply Kernel Variables...
         Starting Create Static Device Nodes in /dev...
         Starting Load/Save Random Seed...
         Starting udev Coldplug all Devices...
[[0;32m  OK  [0m] Mounted Configuration File System.
[[0;32m  OK  [0m] Started Apply Kernel Variables.
[[0;32m  OK  [0m] Started Load/Save Random Seed.
[[0;32m  OK  [0m] Started Journal Service.
         Starting Flush Journal to Persistent Storage...
[[0;32m  OK  [0m] Started Create Static Device Nodes in /dev.
[[0;32m  OK  [0m] Reached target Local File Systems (Pre).
[[0;32m  OK  [0m] Reached target Local File Systems.
         Starting Raise network interfaces...
         Starting udev Kernel Device Manager...
[   11.485747] systemd-journald[89]: Received request to flush runtime journal from PID 1
[[0;32m  OK  [0m] Started Flush Journal to Persistent Storage.
         Starting Create Volatile Files and Directories...
[[0;32m  OK  [0m] Started udev Kernel Device Manager.
[[0;32m  OK  [0m] Started Create Volatile Files and Directories.
         Starting Update UTMP about System Boot/Shutdown...
         Starting Network Time Synchronization...
[[0;32m  OK  [0m] Started Update UTMP about System Boot/Shutdown.
[[0;32m  OK  [0m] Started udev Coldplug all Devices.
[   14.886072] remoteproc remoteproc0: wkup_m3 is available
[   14.988333] am335x-phy-driver 47401300.usb-phy: dummy supplies not allowed for exclusive requests (id=vbus)
[   15.009560] usbcore: registered new interface driver usbfs
[   15.009779] usbcore: registered new interface driver hub
[   15.009886] usbcore: registered new device driver usb
[   15.081675] at24 2-0054: supply vcc not found, using dummy regulator
[   15.142068] at24 2-0055: supply vcc not found, using dummy regulator
[   15.174997] at24 2-0056: supply vcc not found, using dummy regulator
[   15.216223] at24 2-0057: supply vcc not found, using dummy regulator
[   15.253568] am335x-phy-driver 47401b00.usb-phy: dummy supplies not allowed for exclusive requests (id=vbus)
[   15.302525] at24 0-0050: 32768 byte 24c256 EEPROM, writable, 1 bytes/write
[[0;32m  OK  [0m] Found device /dev/ttyS0.
[[0;32m  OK  [0m] Started Network Time Synchronization.
[[0;32m  OK  [0m] Reached target System Time Synchronized.
[[0;32m  OK  [0m] Reached target System Initialization.
[   15.503426] tps6521x_pwrbutton tps65217-pwrbutton: DMA mask not set
[[0;32m  OK  [0m] Listening on D-Bus System Message Bus Socket.
[[0;32m  OK  [0m] Listening on Avahi mDNS/DNS-SD Stack Activation Socket.
[[0;32m  OK  [0m] Reached target Sockets.
[   15.645315] musb-hdrc musb-hdrc.1: MUSB HDRC host driver
[   15.645379] musb-hdrc musb-hdrc.1: new USB bus registered, assigned bus number 1
[[0;32m  OK  [0m] Started Daily Cleanup of Temporary Directori[   15.670407] input: tps65217_pwrbutton as /devices/platform/ocp/44c00000.interconnect/44c00000.interconnect:segment@200000/44e0b000.target-module/44e0b000.i2c/i2c-0/0-0024/tps65217-pwrbutton/input/input0
es.
[   15.694790] usb usb1: New USB device found, idVendor=1d6b, idProduct=0002, bcdDevice= 6.13
[   15.695022] usb usb1: New USB device strings: Mfr=3, Product=2, SerialNumber=1
[   15.695040] usb usb1: Product: MUSB HDRC host driver
[   15.695049] usb usb1: Manufacturer: Linux 6.13.0-next-20250121 musb-hcd
[[0;32m  OK  [0m] Reached target Basic System.[   15.695058] usb usb1: SerialNumber: musb-hdrc.1

[   15.752105] hub 1-0:1.0: USB hub found
[   15.757808] hub 1-0:1.0: 1 port detected
         Starting Avahi mDNS/DNS-SD Stack...
         Starting Telephony service...
         Starting LSB: Start busybox udhcpd at boot time...
         Starting Generic Board Startup...
[   16.160495] omap_rtc 44e3e000.rtc: registered as rtc0
[   16.160709] omap_rtc 44e3e000.rtc: setting system clock to 2000-01-01T00:00:00 UTC (946684800)
         Starting System Logging Service...
         Starting LSB: Load kernel modules needed to enable cpuf[   16.403887] wkup_m3_ipc 44e11324.wkup_m3_ipc: IPC Request for A8->M3 Channel failed! -517
req scaling...
         Starting Login Service...
[   16.758042] omap_wdt: OMAP Watchdog Timer Rev 0x01: initial timeout 60 sec
[   16.786782] wkup_m3_ipc 44e11324.wkup_m3_ipc: IPC Request for A8->M3 Channel failed! -517
[[0;32m  OK  [0m] Started Regular background program processing daemon.
[[0;32m  OK  [0m] Started Daily apt download activities.
[[0;32m  OK  [0m] Started D-Bus System Message Bus.
[   17.557500] omap-mailbox 480c8000.mailbox: omap mailbox rev 0x400
[   17.637768] remoteproc remoteproc0: powering up wkup_m3
[   17.756098] remoteproc remoteproc0: Direct firmware load for am335x-pm-firmware.elf failed with error -2
[   17.756158] remoteproc remoteproc0: request_firmware failed: -2
[   17.756172] wkup_m3_ipc 44e11324.wkup_m3_ipc: rproc_boot failed
[   17.800982] tda998x 0-0070: found TDA19988
[   19.796217] omap_rng 48310000.rng: Random Number Generator ver. 20
[   19.885995] tilcdc 4830e000.lcdc: bound 0-0070 (ops tda998x_audio_codec_init [tda998x])
[   19.910424] [drm] Initialized tilcdc 1.0.0 for 4830e000.lcdc on minor 0
[   19.937116] tilcdc 4830e000.lcdc: [drm] Cannot find any crtc or sizes
[   20.054004] tilcdc 4830e000.lcdc: [drm] Cannot find any crtc or sizes
[[0;32m  OK  [0m] Started Telephony service.
[[0;32m  OK  [0m] Started Avahi mDNS/DNS-SD Stack.
         Starting Connection service...
         Starting DUN service...
[   21.242931] PM: Cannot get wkup_m3_ipc handle
[   21.372641] omap-sham 53100000.sham: hw accel on OMAP rev 4.3
[   21.411056] omap-sham 53100000.sham: will run requests pump with realtime priority
[   21.413453] PM: Cannot get wkup_m3_ipc handle
         Starting Cape Manager Service...
[[0;32m  OK  [0m] Started Daily apt upgrade and clean activities.
[[0;32m  OK  [0m] Reached target Timers.
[   21.591833] omap-aes 53500000.aes: OMAP AES hw accel rev: 3.2
[   21.661657] omap-aes 53500000.aes: will run requests pump with realtime priority
[   21.663345] PM: Cannot get wkup_m3_ipc handle
[[0;32m  OK  [0m] Started System Logging Service.
[   23.115653] Bluetooth: Core ver 2.22
[   23.115879] NET: Registered PF_BLUETOOTH protocol family
[   23.115891] Bluetooth: HCI device and connection manager initialized
[   23.115921] Bluetooth: HCI socket layer initialized
[   23.115935] Bluetooth: L2CAP socket layer initialized
[   23.115969] Bluetooth: SCO socket layer initialized
[[0;32m  OK  [0m] Started Cape Manager Service.
[   25.251047] PM: Cannot get wkup_m3_ipc handle
[   25.252142] OF: /sound: Read of boolean property 'simple-audio-card,bitclock-master' with a value.
[   25.252359] OF: /sound: Read of boolean property 'simple-audio-card,frame-master' with a value.
[   25.343220] PM: Cannot get wkup_m3_ipc handle
[[0;32m  OK  [0m] Started LSB: Start busybox udhcpd at boot time.
[[0;32m  OK  [0m] Started Raise network interfaces.
[   27.980469] configfs-gadget.g_multi gadget.0: HOST MAC 1c:ba:8c:a2:ed:6c
[   27.980500] configfs-gadget.g_multi gadget.0: MAC 1c:ba:8c:a2:ed:70
[   27.981382] configfs-gadget.g_multi gadget.0: HOST MAC 1c:ba:8c:a2:ed:6c
[   27.981402] configfs-gadget.g_multi gadget.0: MAC 1c:ba:8c:a2:ed:6d
[   28.009859] PM: Cannot get wkup_m3_ipc handle
[[0;32m  OK  [0m] Started LSB: Load kernel modules needed to enable cpufreq scaling.
[[0;32m  OK  [0m] Started DUN service.
[[0;32m  OK  [0m] Started Connection service.
[[0;32m  OK  [0m] Started Login Service.
[[0;32m  OK  [0m] Reached target Sound Card.
         Starting LSB: set CPUFreq kernel parameters...
[[0;32m  OK  [0m] Reached target Network.
         Starting Permit User Sessions...
         Starting The Apache HTTP Server...
         Starting OpenBSD Secure Shell server...
[[0;32m  OK  [0m] Reached target Network is Online.
         Starting LSB: Advanced IEEE 802.11 management daemon...
[[0;32m  OK  [0m] Started Permit User Sessions.
[[0;32m  OK  [0m] Started LSB: Advanced IEEE 802.11 management daemon.
         Starting Hostname Service...
         Starting WPA supplicant...
[[0;32m  OK  [0m] Started Getty on tty1.
[[0;32m  OK  [0m] Started Serial Getty on ttyS0.
[[0;32m  OK  [0m] Reached target Login Prompts.
[[0;32m  OK  [0m] Started LSB: set CPUFreq kernel parameters.
[[0;32m  OK  [0m] Started WPA supplicant.
[[0;32m  OK  [0m] Started Hostname Service.
         Stopping LSB: Start busybox udhcpd at boot time...
[[0;32m  OK  [0m] Started OpenBSD Secure Shell server.
[[0;32m  OK  [0m] Stopped LSB: Start busybox udhcpd at boot time.
         Starting dnsmasq - A lightweight DHCP and caching DNS server...
[[0;32m  OK  [0m] Started The Apache HTTP Server.
[[0;32m  OK  [0m] Started dnsmasq - A lightweight DHCP and caching DNS server.
[[0;32m  OK  [0m] Reached target Host and Network Name Lookups.
[[0;32m  OK  [0m] Started Serial Getty on ttyGS0.
[[0;32m  OK  [0m] Started Generic Board Startup.
[[0;32m  OK  [0m] Reached target Multi-User System.
[[0;32m  OK  [0m] Reached target Graphical Interface.
         Starting Update UTMP about System Runlevel Changes...
[[0;32m  OK  [0m] Started Update UTMP about System Runlevel Changes.

Debian GNU/Linux 9 arm ttyS0

default username:password is [debian:temppwd]

arm login: root
Password: 
Last login: Sat Jan  1 00:00:34 UTC 2000 on ttyS0
root
Linux arm 6.13.0-next-20250121 #1 SMP Tue Jan 21 09:53:41 EET 2025 armv7l

The programs included with the Debian GNU/Linux system are free software;
the exact distribution terms for each program are described in the
individual files in /usr/share/doc/*/copyright.

Debian GNU/Linux comes with ABSOLUTELY NO WARRANTY, to the extent
permitted by applicable law.
root@arm:~# root
dmesg -n 1
-bash: root: command not found
root@arm:~# dmesg -n 1
root@arm:~# echo 'MBON''OBVGWK'
MBONOBVGWK
root@arm:~# run() { echo -n "$MARKER"; sh -c "$@"; echo "$MARKER $?"; }
root@arm:~# echo 'SPVZ''YXPWEN'
SPVZYXPWEN
root@arm:~# MARKER='CWGT''PMNEZK' run 'cat /proc/version'
CWGTPMNEZKLinux version 6.13.0-next-20250121 (user01@drvtest01) (arm-none-eabi-gcc (Arm GNU Toolchain 14.2.Rel1 (Build arm-14.52)) 14.2.1 20241119, GNU ld (Arm GNU Toolchain 14.2.Rel1 (Build arm-14.52)) 2.43.1.20241119) #1 SMP Tue Jan 21 09:53:41 EET 2025
CWGTPMNEZK 0
root@arm:~# echo 'YEKM''WJBFPS'
YEKMWJBFPS
root@arm:~# MARKER='MCCO''WAZKXG' run false
MCCOWAZKXGMCCOWAZKXG 1
root@arm:~# Labgrid Console Logfile for main
Logfile started at 2025-01-21 09:56:04.500543
=== Log starts here ===

root@arm:~# run() { echo -n "$MARKER"; sh -c "$@"; echo "$MARKER $?"; }
root@arm:~# echo 'JXBC''UNJXLW'
JXBCUNJXLW
root@arm:~# MARKER='SETP''ZOFJVP' run 'ls /iio_generic_buffer; echo $?'
SETPZOFJVP/iio_generic_buffer
0
SETPZOFJVP 0
root@arm:~# Labgrid Console Logfile for main
Logfile started at 2025-01-21 09:56:07.945928
=== Log starts here ===

root@arm:~# run() { echo -n "$MARKER"; sh -c "$@"; echo "$MARKER $?"; }
root@arm:~# echo 'PXGK''PULGPH'
PXGKPULGPH
root@arm:~# MARKER='WEVP''JBEQKJ' run dmesg
WEVPJBEQKJ[    0.000000] Booting Linux on physical CPU 0x0
[    0.000000] Linux version 6.13.0-next-20250121 (user01@drvtest01) (arm-none-eabi-gcc (Arm GNU Toolchain 14.2.Rel1 (Build arm-14.52)) 14.2.1 20241119, GNU ld (Arm GNU Toolchain 14.2.Rel1 (Build arm-14.52)) 2.43.1.20241119) #1 SMP Tue Jan 21 09:53:41 EET 2025
[    0.000000] CPU: ARMv7 Processor [413fc082] revision 2 (ARMv7), cr=10c5387d
[    0.000000] CPU: PIPT / VIPT nonaliasing data cache, VIPT aliasing instruction cache
[    0.000000] OF: fdt: Machine model: TI AM335x BeagleBone Black
[    0.000000] Memory policy: Data cache writeback
[    0.000000] cma: Reserved 16 MiB at 0x9e800000 on node -1
[    0.000000] Zone ranges:
[    0.000000]   Normal   [mem 0x0000000080000000-0x000000009fdfffff]
[    0.000000]   HighMem  empty
[    0.000000] Movable zone start for each node
[    0.000000] Early memory node ranges
[    0.000000]   node   0: [mem 0x0000000080000000-0x000000009fdfffff]
[    0.000000] Initmem setup node 0 [mem 0x0000000080000000-0x000000009fdfffff]
[    0.000000] OF: reserved mem: Reserved memory: No reserved-memory node in the DT
[    0.000000] CPU: All CPU(s) started in SVC mode.
[    0.000000] AM335X ES2.1 (sgx neon)
[    0.000000] percpu: Embedded 17 pages/cpu s39564 r8192 d21876 u69632
[    0.000000] pcpu-alloc: s39564 r8192 d21876 u69632 alloc=17*4096
[    0.000000] pcpu-alloc: [0] 0 
[    0.000000] Kernel command line: console=ttyO0,115200n8 root=/dev/nfs rw nfsroot=192.168.255.126:/home/user01/nfs,nfsvers=3 ip=192.168.255.1:192.168.255.126::255.255.255.0:bbb1:eth0 nfsrootdebug
[    0.000000] Unknown kernel command line parameters "nfsrootdebug", will be passed to user space.
[    0.000000] printk: log buffer data + meta data: 65536 + 204800 = 270336 bytes
[    0.000000] Dentry cache hash table entries: 65536 (order: 6, 262144 bytes, linear)
[    0.000000] Inode-cache hash table entries: 32768 (order: 5, 131072 bytes, linear)
[    0.000000] Built 1 zonelists, mobility grouping on.  Total pages: 130560
[    0.000000] mem auto-init: stack:off, heap alloc:off, heap free:off
[    0.000000] ------------[ cut here ]------------
[    0.000000] WARNING: CPU: 0 PID: 0 at arch/arm/kernel/cacheinfo.c:43 cache_line_size+0x84/0x98
[    0.000000] Modules linked in:
[    0.000000] CPU: 0 UID: 0 PID: 0 Comm: swapper Not tainted 6.13.0-next-20250121 #1
[    0.000000] Hardware name: Generic AM33XX (Flattened Device Tree)
[    0.000000] Call trace: 
[    0.000000]  unwind_backtrace from show_stack+0x10/0x14
[    0.000000]  show_stack from dump_stack_lvl+0x50/0x64
[    0.000000]  dump_stack_lvl from __warn+0x74/0x12c
[    0.000000]  __warn from warn_slowpath_fmt+0x118/0x1b0
[    0.000000]  warn_slowpath_fmt from cache_line_size+0x84/0x98
[    0.000000]  cache_line_size from create_boot_cache+0x70/0xf8
[    0.000000]  create_boot_cache from kmem_cache_init+0x64/0x134
[    0.000000]  kmem_cache_init from mm_core_init+0xb4/0xec
[    0.000000]  mm_core_init from start_kernel+0x3b4/0x67c
[    0.000000]  start_kernel from 0x0
[    0.000000] ---[ end trace 0000000000000000 ]---
[    0.000000] SLUB: HWalign=64, Order=0-3, MinObjects=0, CPUs=1, Nodes=1
[    0.000000] rcu: Hierarchical RCU implementation.
[    0.000000] rcu: 	RCU event tracing is enabled.
[    0.000000] rcu: 	RCU restricting CPUs from NR_CPUS=2 to nr_cpu_ids=1.
[    0.000000] 	Tracing variant of Tasks RCU enabled.
[    0.000000] rcu: RCU calculated value of scheduler-enlistment delay is 10 jiffies.
[    0.000000] rcu: Adjusting geometry for rcu_fanout_leaf=16, nr_cpu_ids=1
[    0.000000] RCU Tasks Trace: Setting shift to 0 and lim to 1 rcu_task_cb_adjust=1 rcu_task_cpu_ids=1.
[    0.000000] NR_IRQS: 16, nr_irqs: 16, preallocated irqs: 16
[    0.000000] IRQ: Found an INTC at 0x(ptrval) (revision 5.0) with 128 interrupts
[    0.000000] rcu: srcu_init: Setting srcu_struct sizes based on contention.
[    0.000000] TI gptimer clocksource: always-on /ocp/interconnect@44c00000/segment@200000/target-module@31000
[    0.000003] sched_clock: 32 bits at 24MHz, resolution 41ns, wraps every 89478484971ns
[    0.000025] clocksource: dmtimer: mask: 0xffffffff max_cycles: 0xffffffff, max_idle_ns: 79635851949 ns
[    0.000511] TI gptimer clockevent: 24000000 Hz at /ocp/interconnect@48000000/segment@0/target-module@40000
[    0.002158] Console: colour dummy device 80x30
[    0.002236] WARNING: Your 'console=ttyO0' has been replaced by 'ttyS0'
[    0.002245] This ensures that you still see kernel messages. Please
[    0.002249] update your kernel commandline.
[    0.002290] Calibrating delay loop... 996.14 BogoMIPS (lpj=4980736)
[    0.090556] CPU: Testing write buffer coherency: ok
[    0.090657] CPU0: Spectre v2: using BPIALL workaround
[    0.090668] pid_max: default: 32768 minimum: 301
[    0.090791] LSM: initializing lsm=capability
[    0.090955] Mount-cache hash table entries: 1024 (order: 0, 4096 bytes, linear)
[    0.090975] Mountpoint-cache hash table entries: 1024 (order: 0, 4096 bytes, linear)
[    0.092588] CPU0: thread -1, cpu 0, socket -1, mpidr 0
[    0.160909] Setting up static identity map for 0x80100000 - 0x80100078
[    0.170705] rcu: Hierarchical SRCU implementation.
[    0.170715] rcu: 	Max phase no-delay instances is 1000.
[    0.190753] smp: Bringing up secondary CPUs ...
[    0.190809] smp: Brought up 1 node, 1 CPU
[    0.190822] SMP: Total of 1 processors activated (996.14 BogoMIPS).
[    0.190833] CPU: All CPU(s) started in SVC mode.
[    0.191005] Memory: 480804K/522240K available (11264K kernel code, 1217K rwdata, 2908K rodata, 1024K init, 292K bss, 23388K reserved, 16384K cma-reserved, 0K highmem)
[    0.191837] devtmpfs: initialized
[    0.208154] VFP support v0.3: implementor 41 architecture 3 part 30 variant c rev 3
[    0.208492] clocksource: jiffies: mask: 0xffffffff max_cycles: 0xffffffff, max_idle_ns: 19112604462750000 ns
[    0.208526] futex hash table entries: 256 (order: 2, 16384 bytes, linear)
[    0.209857] pinctrl core: initialized pinctrl subsystem
[    0.212760] NET: Registered PF_NETLINK/PF_ROUTE protocol family
[    0.215529] DMA: preallocated 256 KiB pool for atomic coherent allocations
[    0.216413] audit: initializing netlink subsys (disabled)
[    0.217758] thermal_sys: Registered thermal governor 'fair_share'
[    0.217775] thermal_sys: Registered thermal governor 'step_wise'
[    0.217783] thermal_sys: Registered thermal governor 'user_space'
[    0.217929] audit: type=2000 audit(0.210:1): state=initialized audit_enabled=0 res=1
[    0.217962] cpuidle: using governor menu
[    0.235703] /ocp/interconnect@44c00000/segment@200000/target-module@b000/i2c@0/tda19988@70: Fixed dependency cycle(s) with /ocp/interconnect@48000000/segment@300000/target-module@e000/lcdc@0
[    0.236826] /ocp/interconnect@48000000/segment@300000/target-module@e000/lcdc@0: Fixed dependency cycle(s) with /ocp/interconnect@44c00000/segment@200000/target-module@b000/i2c@0/tda19988@70
[    0.238979] No ATAGs?
[    0.239023] hw-breakpoint: debug architecture 0x4 unsupported.
[    0.241824] kprobes: kprobe jump-optimization is enabled. All kprobes are optimized if possible.
[    0.253855] iommu: Default domain type: Translated
[    0.253877] iommu: DMA domain TLB invalidation policy: strict mode
[    0.255478] reg-fixed-voltage fixedregulator0: using DT '/fixedregulator0' for '(default)' GPIO lookup
[    0.255533] of_get_named_gpiod_flags: can't parse 'gpios' property of node '/fixedregulator0[0]'
[    0.255561] of_get_named_gpiod_flags: can't parse 'gpio' property of node '/fixedregulator0[0]'
[    0.255578] reg-fixed-voltage fixedregulator0: using lookup tables for GPIO lookup
[    0.255588] reg-fixed-voltage fixedregulator0: No GPIO consumer (default) found
[    0.261910] SCSI subsystem initialized
[    0.262383] libata version 3.00 loaded.
[    0.262736] pps_core: LinuxPPS API ver. 1 registered
[    0.262746] pps_core: Software ver. 5.3.6 - Copyright 2005-2007 Rodolfo Giometti <giometti@linux.it>
[    0.262770] PTP clock support registered
[    0.271108] vgaarb: loaded
[    0.271460] clocksource: Switched to clocksource dmtimer
[    0.272097] VFS: Disk quotas dquot_6.6.0
[    0.272140] VFS: Dquot-cache hash table entries: 1024 (order 0, 4096 bytes)
[    0.295989] NET: Registered PF_INET protocol family
[    0.296335] IP idents hash table entries: 8192 (order: 4, 65536 bytes, linear)
[    0.297753] tcp_listen_portaddr_hash hash table entries: 512 (order: 0, 4096 bytes, linear)
[    0.297792] Table-perturb hash table entries: 65536 (order: 6, 262144 bytes, linear)
[    0.297809] TCP established hash table entries: 4096 (order: 2, 16384 bytes, linear)
[    0.297852] TCP bind hash table entries: 4096 (order: 4, 65536 bytes, linear)
[    0.297952] TCP: Hash tables configured (established 4096 bind 4096)
[    0.298072] UDP hash table entries: 256 (order: 1, 14336 bytes, linear)
[    0.298108] UDP-Lite hash table entries: 256 (order: 1, 14336 bytes, linear)
[    0.298287] NET: Registered PF_UNIX/PF_LOCAL protocol family
[    0.299524] RPC: Registered named UNIX socket transport module.
[    0.299545] RPC: Registered udp transport module.
[    0.299551] RPC: Registered tcp transport module.
[    0.299555] RPC: Registered tcp-with-tls transport module.
[    0.299561] RPC: Registered tcp NFSv4.1 backchannel transport module.
[    0.299584] PCI: CLS 0 bytes, default 64
[    0.300952] Initialise system trusted keyrings
[    0.311787] workingset: timestamp_bits=14 max_order=17 bucket_order=3
[    0.313081] NFS: Registering the id_resolver key type
[    0.313145] Key type id_resolver registered
[    0.313152] Key type id_legacy registered
[    0.313199] jffs2: version 2.2. (NAND) (SUMMARY)  Â© 2001-2006 Red Hat, Inc.
[    0.313594] Key type asymmetric registered
[    0.313608] Asymmetric key parser 'x509' registered
[    0.313669] io scheduler mq-deadline registered
[    0.313679] io scheduler kyber registered
[    0.313748] io scheduler bfq registered
[    0.315295] ledtrig-cpu: registered to indicate activity on CPUs
[    0.317985] Serial: 8250/16550 driver, 6 ports, IRQ sharing enabled
[    0.357900] brd: module loaded
[    0.384419] loop: module loaded
[    0.385314] mtdoops: mtd device (mtddev=name/number) must be supplied
[    0.386976] mdio_bus fixed-0: using lookup tables for GPIO lookup
[    0.387002] mdio_bus fixed-0: No GPIO consumer reset found
[    0.388316] i2c_dev: i2c /dev entries driver
[    0.389243] cpuidle: enable-method property 'ti,am3352' found operations
[    0.389667] sdhci: Secure Digital Host Controller Interface driver
[    0.389676] sdhci: Copyright(c) Pierre Ossman
[    0.389849] sdhci-pltfm: SDHCI platform and OF driver helper
[    0.390836] Initializing XFRM netlink socket
[    0.390985] NET: Registered PF_INET6 protocol family
[    0.393072] Segment Routing with IPv6
[    0.393158] In-situ OAM (IOAM) with IPv6
[    0.393256] sit: IPv6, IPv4 and MPLS over IPv4 tunneling driver
[    0.394190] NET: Registered PF_PACKET protocol family
[    0.394224] NET: Registered PF_KEY protocol family
[    0.394339] Key type dns_resolver registered
[    0.394572] ThumbEE CPU extension supported.
[    0.394593] Registering SWP/SWPB emulation handler
[    0.395129] omap_voltage_late_init: Voltage driver support not added
[    0.395491] SmartReflex Class3 initialized
[    0.425741] Loading compiled-in X.509 certificates
[    0.468171] OF: /ocp: Read of boolean property 'clocks' with a value.
[    0.471315] /ocp/interconnect@44c00000/segment@200000/target-module@b000/i2c@0/tda19988@70: Fixed dependency cycle(s) with /ocp/interconnect@48000000/segment@300000/target-module@e000/lcdc@0
[    0.472426] OF: /ocp/interconnect@44c00000: Read of boolean property 'clocks' with a value.
[    0.477745] /ocp/interconnect@44c00000/segment@200000/target-module@b000/i2c@0/tda19988@70: Fixed dependency cycle(s) with /ocp/interconnect@48000000/segment@300000/target-module@e000/lcdc@0
[    0.483293] gpiochip_find_base_unlocked: found new base at 512
[    0.504546] /ocp/interconnect@44c00000/segment@200000/target-module@b000/i2c@0/tda19988@70: Fixed dependency cycle(s) with /ocp/interconnect@48000000/segment@300000/target-module@e000/lcdc@0
[    0.505418] /ocp/interconnect@44c00000/segment@200000/target-module@b000/i2c@0/tda19988@70: Fixed dependency cycle(s) with /ocp/interconnect@48000000/segment@300000/target-module@e000/lcdc@0
[    0.508724] /ocp/interconnect@44c00000/segment@200000/target-module@10000/scm@0/pinmux@800: Fixed dependency cycle(s) with /ocp/interconnect@44c00000/segment@200000/target-module@10000/scm@0/pinmux@800/clkout2-pins
[    0.509319] pinctrl-single 44e10800.pinmux: 142 pins, size 568
[    0.514763] ti-sysc 44e31000.target-module: probe with driver ti-sysc failed with error -16
[    0.543475] /ocp/interconnect@48000000/segment@300000/target-module@e000/lcdc@0: Fixed dependency cycle(s) with /ocp/interconnect@44c00000/segment@200000/target-module@b000/i2c@0/tda19988@70
[    0.543802] OF: /ocp/interconnect@48000000: Read of boolean property 'clocks' with a value.
[    0.551168] ti-sysc 48040000.target-module: probe with driver ti-sysc failed with error -16
[    0.562326] gpiochip_find_base_unlocked: found new base at 512
[    0.562429] gpio gpiochip0: (gpio-0-31): created GPIO range 0->7 ==> 44e10800.pinmux PIN 0->7
[    0.562448] gpio gpiochip0: (gpio-0-31): created GPIO range 8->11 ==> 44e10800.pinmux PIN 90->93
[    0.562463] gpio gpiochip0: (gpio-0-31): created GPIO range 12->27 ==> 44e10800.pinmux PIN 12->27
[    0.562478] gpio gpiochip0: (gpio-0-31): created GPIO range 28->31 ==> 44e10800.pinmux PIN 30->33
[    0.598385] gpio gpiochip0: (gpio-0-31): added GPIO chardev (254:0)
[    0.598532] gpio gpiochip0: registered GPIOs 512 to 543 on gpio-0-31
[    0.598615] OMAP GPIO hardware version 0.1
[    0.611851] i2c i2c-2: using DT '/ocp/interconnect@48000000/segment@100000/target-module@9c000/i2c@0' for 'scl' GPIO lookup
[    0.611925] of_get_named_gpiod_flags: can't parse 'scl-gpios' property of node '/ocp/interconnect@48000000/segment@100000/target-module@9c000/i2c@0[0]'
[    0.611966] of_get_named_gpiod_flags: can't parse 'scl-gpio' property of node '/ocp/interconnect@48000000/segment@100000/target-module@9c000/i2c@0[0]'
[    0.612002] i2c i2c-2: using lookup tables for GPIO lookup
[    0.612012] i2c i2c-2: No GPIO consumer scl found
[    0.612033] i2c i2c-2: using DT '/ocp/interconnect@48000000/segment@100000/target-module@9c000/i2c@0' for 'sda' GPIO lookup
[    0.612069] of_get_named_gpiod_flags: can't parse 'sda-gpios' property of node '/ocp/interconnect@48000000/segment@100000/target-module@9c000/i2c@0[0]'
[    0.612105] of_get_named_gpiod_flags: can't parse 'sda-gpio' property of node '/ocp/interconnect@48000000/segment@100000/target-module@9c000/i2c@0[0]'
[    0.612135] i2c i2c-2: using lookup tables for GPIO lookup
[    0.612143] i2c i2c-2: No GPIO consumer sda found
[    0.612952] omap_i2c 4819c000.i2c: bus 2 rev0.11 at 100 kHz
[    0.618303] gpiochip_find_base_unlocked: found new base at 544
[    0.618404] gpio gpiochip1: (gpio-32-63): created GPIO range 0->17 ==> 44e10800.pinmux PIN 34->51
[    0.618424] gpio gpiochip1: (gpio-32-63): created GPIO range 18->21 ==> 44e10800.pinmux PIN 77->80
[    0.618441] gpio gpiochip1: (gpio-32-63): created GPIO range 22->31 ==> 44e10800.pinmux PIN 56->65
[    0.641814] gpio gpiochip1: (gpio-32-63): added GPIO chardev (254:1)
[    0.641969] gpio gpiochip1: registered GPIOs 544 to 575 on gpio-32-63
[    0.644200] gpiochip_find_base_unlocked: found new base at 576
[    0.644298] gpio gpiochip2: (gpio-64-95): created GPIO range 0->4 ==> 44e10800.pinmux PIN 66->70
[    0.644321] gpio gpiochip2: (gpio-64-95): created GPIO range 5->6 ==> 44e10800.pinmux PIN 98->99
[    0.644337] gpio gpiochip2: (gpio-64-95): created GPIO range 7->8 ==> 44e10800.pinmux PIN 75->76
[    0.644353] gpio gpiochip2: (gpio-64-95): created GPIO range 13->13 ==> 44e10800.pinmux PIN 141->141
[    0.644368] gpio gpiochip2: (gpio-64-95): created GPIO range 14->21 ==> 44e10800.pinmux PIN 100->107
[    0.657324] gpio gpiochip2: (gpio-64-95): added GPIO chardev (254:2)
[    0.657467] gpio gpiochip2: registered GPIOs 576 to 607 on gpio-64-95
[    0.663109] 48000000.interconnect:segment@200000:target-module@0:mpu@0:fck: device ID is greater than 24
[    0.664005] /ocp/interconnect@48000000/segment@300000/target-module@e000/lcdc@0: Fixed dependency cycle(s) with /ocp/interconnect@44c00000/segment@200000/target-module@b000/i2c@0/tda19988@70
[    0.666711] /ocp/interconnect@48000000/segment@300000/target-module@e000/lcdc@0: Fixed dependency cycle(s) with /ocp/interconnect@44c00000/segment@200000/target-module@b000/i2c@0/tda19988@70
[    0.667377] /ocp/interconnect@44c00000/segment@200000/target-module@b000/i2c@0/tda19988@70: Fixed dependency cycle(s) with /ocp/interconnect@48000000/segment@300000/target-module@e000/lcdc@0
[    0.667530] /ocp/interconnect@48000000/segment@300000/target-module@e000/lcdc@0: Fixed dependency cycle(s) with /ocp/interconnect@44c00000/segment@200000/target-module@b000/i2c@0/tda19988@70
[    0.671753] OF: /ocp/interconnect@4a000000: Read of boolean property 'clocks' with a value.
[    0.676991] mdio_bus 4a101000.mdio: using DT '/ocp/interconnect@4a000000/segment@0/target-module@100000/switch@0/mdio@1000' for 'reset' GPIO lookup
[    0.677067] of_get_named_gpiod_flags: can't parse 'reset-gpios' property of node '/ocp/interconnect@4a000000/segment@0/target-module@100000/switch@0/mdio@1000[0]'
[    0.677113] of_get_named_gpiod_flags: can't parse 'reset-gpio' property of node '/ocp/interconnect@4a000000/segment@0/target-module@100000/switch@0/mdio@1000[0]'
[    0.677158] mdio_bus 4a101000.mdio: using lookup tables for GPIO lookup
[    0.677168] mdio_bus 4a101000.mdio: No GPIO consumer reset found
[    0.678352] sdhci-omap 481d8000.mmc: using DT '/ocp/interconnect@48000000/segment@100000/target-module@d8000/mmc@0' for 'wp' GPIO lookup
[    0.678417] of_get_named_gpiod_flags: can't parse 'wp-gpios' property of node '/ocp/interconnect@48000000/segment@100000/target-module@d8000/mmc@0[0]'
[    0.678458] of_get_named_gpiod_flags: can't parse 'wp-gpio' property of node '/ocp/interconnect@48000000/segment@100000/target-module@d8000/mmc@0[0]'
[    0.678491] sdhci-omap 481d8000.mmc: using lookup tables for GPIO lookup
[    0.678501] sdhci-omap 481d8000.mmc: No GPIO consumer wp found
[    0.678693] sdhci-omap 481d8000.mmc: supply pbias not found, using dummy regulator
[    0.679189] sdhci-omap 481d8000.mmc: supply vqmmc not found, using dummy regulator
[    0.735421] davinci_mdio 4a101000.mdio: davinci mdio revision 1.6, bus freq 1000000
[    0.756853] mdio_bus 4a101000.mdio:00: using DT '/ocp/interconnect@4a000000/segment@0/target-module@100000/switch@0/mdio@1000/ethernet-phy@0' for 'reset' GPIO lookup
[    0.756955] of_get_named_gpiod_flags: parsed 'reset-gpios' property of node '/ocp/interconnect@4a000000/segment@0/target-module@100000/switch@0/mdio@1000/ethernet-phy@0[0]' - status (0)
[    0.757112] gpio gpiochip0: Persistence not supported for GPIO 8
[    0.899491] davinci_mdio 4a101000.mdio: phy[0]: device 4a101000.mdio:00, driver SMSC LAN8710/LAN8720
[    0.900263] cpsw-switch 4a100000.switch: initialized cpsw ale version 1.4
[    0.900285] cpsw-switch 4a100000.switch: ALE Table size 1024, Policers 0
[    0.900439] cpsw-switch 4a100000.switch: cpts: overflow check period 500 (jiffies)
[    0.900455] cpsw-switch 4a100000.switch: CPTS: ref_clk_freq:250000000 calc_mult:2147483648 calc_shift:29 error:0 nsec/sec
[    0.900564] cpsw-switch 4a100000.switch: Detected MACID = 6c:ec:eb:68:de:78
[    0.902532] cpsw-switch 4a100000.switch: initialized (regs 0x4a100000, pool size 256) hw_ver:0019010C 1.12 (0)
[    0.913187] debugfs: Directory '49000000.dma' with parent 'dmaengine' already present!
[    0.913229] edma 49000000.dma: TI EDMA DMA engine driver
[    0.964375] target-module@4b000000:target-module@140000:pmu@0:fck: device ID is greater than 24
[    0.987474] hw perfevents: enabled with armv7_cortex_a8 PMU driver, 5 (8000000f) counters available
[    0.988357] gpio-clk clk_mcasp0: using DT '/clk_mcasp0' for 'enable' GPIO lookup
[    0.988442] of_get_named_gpiod_flags: parsed 'enable-gpios' property of node '/clk_mcasp0[0]' - status (0)
[    0.988483] gpio gpiochip0: Persistence not supported for GPIO 27
[    0.989293] gpiochip_find_base_unlocked: found new base at 608
[    0.989400] gpio gpiochip3: (gpio-96-127): created GPIO range 0->7 ==> 44e10800.pinmux PIN 82->89
[    0.989420] gpio gpiochip3: (gpio-96-127): created GPIO range 8->11 ==> 44e10800.pinmux PIN 52->55
[    0.989436] gpio gpiochip3: (gpio-96-127): created GPIO range 12->15 ==> 44e10800.pinmux PIN 94->97
[    0.989452] gpio gpiochip3: (gpio-96-127): created GPIO range 16->17 ==> 44e10800.pinmux PIN 71->72
[    0.989467] gpio gpiochip3: (gpio-96-127): created GPIO range 18->18 ==> 44e10800.pinmux PIN 135->135
[    0.989483] gpio gpiochip3: (gpio-96-127): created GPIO range 19->20 ==> 44e10800.pinmux PIN 108->109
[    0.989499] gpio gpiochip3: (gpio-96-127): created GPIO range 21->21 ==> 44e10800.pinmux PIN 73->73
[    0.989516] gpio gpiochip3: (gpio-96-127): created GPIO range 22->23 ==> 44e10800.pinmux PIN 8->9
[    0.989533] gpio gpiochip3: (gpio-96-127): created GPIO range 26->27 ==> 44e10800.pinmux PIN 10->11
[    0.989550] gpio gpiochip3: (gpio-96-127): created GPIO range 28->28 ==> 44e10800.pinmux PIN 74->74
[    0.989568] gpio gpiochip3: (gpio-96-127): created GPIO range 29->29 ==> 44e10800.pinmux PIN 81->81
[    0.989586] gpio gpiochip3: (gpio-96-127): created GPIO range 30->31 ==> 44e10800.pinmux PIN 28->29
[    0.994920] l3-aon-clkctrl:0000:0: failed to disable
[    1.011718] gpio gpiochip3: (gpio-96-127): added GPIO chardev (254:3)
[    1.011874] gpio gpiochip3: registered GPIOs 608 to 639 on gpio-96-127
[    1.013876] omap8250 44e09000.serial: using DT '/ocp/interconnect@44c00000/segment@200000/target-module@9000/serial@0' for 'rs485-term' GPIO lookup
[    1.013947] of_get_named_gpiod_flags: can't parse 'rs485-term-gpios' property of node '/ocp/interconnect@44c00000/segment@200000/target-module@9000/serial@0[0]'
[    1.013990] of_get_named_gpiod_flags: can't parse 'rs485-term-gpio' property of node '/ocp/interconnect@44c00000/segment@200000/target-module@9000/serial@0[0]'
[    1.014025] omap8250 44e09000.serial: using lookup tables for GPIO lookup
[    1.014035] omap8250 44e09000.serial: No GPIO consumer rs485-term found
[    1.014045] omap8250 44e09000.serial: using DT '/ocp/interconnect@44c00000/segment@200000/target-module@9000/serial@0' for 'rs485-rx-during-tx' GPIO lookup
[    1.014081] of_get_named_gpiod_flags: can't parse 'rs485-rx-during-tx-gpios' property of node '/ocp/interconnect@44c00000/segment@200000/target-module@9000/serial@0[0]'
[    1.014117] of_get_named_gpiod_flags: can't parse 'rs485-rx-during-tx-gpio' property of node '/ocp/interconnect@44c00000/segment@200000/target-module@9000/serial@0[0]'
[    1.014148] omap8250 44e09000.serial: using lookup tables for GPIO lookup
[    1.014155] omap8250 44e09000.serial: No GPIO consumer rs485-rx-during-tx found
[    1.014516] 44e09000.serial: ttyS0 at MMIO 0x44e09000 (irq = 34, base_baud = 3000000) is a 8250
[    1.014607] printk: console [ttyS0] enabled
[    2.543648] i2c i2c-0: using DT '/ocp/interconnect@44c00000/segment@200000/target-module@b000/i2c@0' for 'scl' GPIO lookup
[    2.543725] of_get_named_gpiod_flags: can't parse 'scl-gpios' property of node '/ocp/interconnect@44c00000/segment@200000/target-module@b000/i2c@0[0]'
[    2.543767] of_get_named_gpiod_flags: can't parse 'scl-gpio' property of node '/ocp/interconnect@44c00000/segment@200000/target-module@b000/i2c@0[0]'
[    2.543804] i2c i2c-0: using lookup tables for GPIO lookup
[    2.543814] i2c i2c-0: No GPIO consumer scl found
[    2.543836] i2c i2c-0: using DT '/ocp/interconnect@44c00000/segment@200000/target-module@b000/i2c@0' for 'sda' GPIO lookup
[    2.543871] of_get_named_gpiod_flags: can't parse 'sda-gpios' property of node '/ocp/interconnect@44c00000/segment@200000/target-module@b000/i2c@0[0]'
[    2.543907] of_get_named_gpiod_flags: can't parse 'sda-gpio' property of node '/ocp/interconnect@44c00000/segment@200000/target-module@b000/i2c@0[0]'
[    2.543939] i2c i2c-0: using lookup tables for GPIO lookup
[    2.543947] i2c i2c-0: No GPIO consumer sda found
[    2.562402] tps65217-pmic: Failed to locate of_node [id: -1]
[    2.562748] tps65217-bl: Failed to locate of_node [id: -1]
[    2.568334] tps65217 0-0024: TPS65217 ID 0xe version 1.2
[    2.569020] /ocp/interconnect@48000000/segment@300000/target-module@e000/lcdc@0: Fixed dependency cycle(s) with /ocp/interconnect@44c00000/segment@200000/target-module@b000/i2c@0/tda19988@70
[    2.569263] /ocp/interconnect@44c00000/segment@200000/target-module@b000/i2c@0/tda19988@70: Fixed dependency cycle(s) with /ocp/interconnect@48000000/segment@300000/target-module@e000/lcdc@0
[    2.569564] omap_i2c 44e0b000.i2c: bus 0 rev0.11 at 400 kHz
[    2.571698] sdhci-omap 48060000.mmc: using DT '/ocp/interconnect@48000000/segment@0/target-module@60000/mmc@0' for 'cd' GPIO lookup
[    2.571803] of_get_named_gpiod_flags: parsed 'cd-gpios' property of node '/ocp/interconnect@48000000/segment@0/target-module@60000/mmc@0[0]' - status (0)
[    2.571869] gpio gpiochip3: Persistence not supported for GPIO 6
[    2.571891] omap_gpio 44e07000.gpio: Could not set line 6 debounce to 200000 microseconds (-22)
[    2.571904] sdhci-omap 48060000.mmc: Got CD GPIO
[    2.571915] sdhci-omap 48060000.mmc: using DT '/ocp/interconnect@48000000/segment@0/target-module@60000/mmc@0' for 'wp' GPIO lookup
[    2.571961] of_get_named_gpiod_flags: can't parse 'wp-gpios' property of node '/ocp/interconnect@48000000/segment@0/target-module@60000/mmc@0[0]'
[    2.572003] of_get_named_gpiod_flags: can't parse 'wp-gpio' property of node '/ocp/interconnect@48000000/segment@0/target-module@60000/mmc@0[0]'
[    2.572039] sdhci-omap 48060000.mmc: using lookup tables for GPIO lookup
[    2.572050] sdhci-omap 48060000.mmc: No GPIO consumer wp found
[    2.572252] sdhci-omap 48060000.mmc: supply pbias not found, using dummy regulator
[    2.573346] sdhci-omap 481d8000.mmc: using DT '/ocp/interconnect@48000000/segment@100000/target-module@d8000/mmc@0' for 'wp' GPIO lookup
[    2.573408] of_get_named_gpiod_flags: can't parse 'wp-gpios' property of node '/ocp/interconnect@48000000/segment@100000/target-module@d8000/mmc@0[0]'
[    2.573453] of_get_named_gpiod_flags: can't parse 'wp-gpio' property of node '/ocp/interconnect@48000000/segment@100000/target-module@d8000/mmc@0[0]'
[    2.573487] sdhci-omap 481d8000.mmc: using lookup tables for GPIO lookup
[    2.573497] sdhci-omap 481d8000.mmc: No GPIO consumer wp found
[    2.574006] sdhci-omap 48060000.mmc: supply vqmmc not found, using dummy regulator
[    2.575156] sdhci-omap 481d8000.mmc: supply pbias not found, using dummy regulator
[    2.575583] sdhci-omap 481d8000.mmc: supply vqmmc not found, using dummy regulator
[    2.704664] mmc1: SDHCI controller on 481d8000.mmc [481d8000.mmc] using External DMA
[    2.705200] mmc0: SDHCI controller on 48060000.mmc [48060000.mmc] using External DMA
[    2.706140] cpsw-switch 4a100000.switch: starting ndev. mode: dual_mac
[    2.770588] mmc0: new high speed SDHC card at address 5048
[    2.777635] mmcblk0: mmc0:5048 SD16G 14.4 GiB
[    2.781110]  mmcblk0: p1 p2
[    2.789133] mmcblk0: p2 size 31221760 extends beyond EOD, truncated
[    2.790731] SMSC LAN8710/LAN8720 4a101000.mdio:00: attached PHY driver (mii_bus:phy_addr=4a101000.mdio:00, irq=POLL)
[    2.820069] mmc1: new high speed MMC card at address 0001
[    2.821577] mmcblk1: mmc1:0001 MMC04G 3.60 GiB
[    2.834306]  mmcblk1: p1 p2
[    2.835659] mmcblk1boot0: mmc1:0001 MMC04G 2.00 MiB
[    2.837698] mmcblk1boot1: mmc1:0001 MMC04G 2.00 MiB
[    2.839560] mmcblk1rpmb: mmc1:0001 MMC04G 128 KiB, chardev (250:0)
[    5.922234] cpsw-switch 4a100000.switch eth0: Link is Up - 100Mbps/Full - flow control off
[    5.951704] IP-Config: Complete:
[    5.951723]      device=eth0, hwaddr=6c:ec:eb:68:de:78, ipaddr=192.168.255.1, mask=255.255.255.0, gw=255.255.255.255
[    5.951746]      host=bbb1, domain=, nis-domain=(none)
[    5.951754]      bootserver=192.168.255.126, rootserver=192.168.255.126, rootpath=
[    5.952174] clk: Disabling unused clocks
[    5.952383] PM: genpd: Disabling unused power domains
[    5.952422] KTAP version 1
[    5.952428] 1..0
[    6.014391] VFS: Mounted root (nfs filesystem) on device 0:17.
[    6.015313] devtmpfs: mounted
[    6.016770] Freeing unused kernel image (initmem) memory: 1024K
[    6.017394] Run /sbin/init as init process
[    6.017404]   with arguments:
[    6.017413]     /sbin/init
[    6.017419]     nfsrootdebug
[    6.017425]   with environment:
[    6.017431]     HOME=/
[    6.017436]     TERM=linux
[    6.722117] systemd[1]: System time before build time, advancing clock.
[    8.231483] random: crng init done
[    8.264109] systemd[1]: systemd 232 running in system mode. (+PAM +AUDIT +SELINUX +IMA +APPARMOR +SMACK +SYSVINIT +UTMP +LIBCRYPTSETUP +GCRYPT +GNUTLS +ACL +XZ +LZ4 +SECCOMP +BLKID +ELFUTILS +KMOD +IDN)
[    8.264826] systemd[1]: Detected architecture arm.
[    8.301758] systemd[1]: Set hostname to <arm>.
[    9.451301] systemd[1]: Created slice System Slice.
[    9.471924] systemd[1]: Reached target Remote File Systems.
[    9.493416] systemd[1]: Set up automount Arbitrary Executable File Formats File System Automount Point.
[    9.512016] systemd[1]: Reached target Swap.
[    9.532116] systemd[1]: Listening on udev Kernel Socket.
[    9.582084] systemd[1]: Mounting Debug File System...
[    9.587825] systemd[1]: Listening on Journal Audit Socket.
[   11.485747] systemd-journald[89]: Received request to flush runtime journal from PID 1
[   14.274496] leds-gpio leds: using DT '/leds/led2' for '(default)' GPIO lookup
[   14.274596] of_get_named_gpiod_flags: parsed 'gpios' property of node '/leds/led2[0]' - status (0)
[   14.274651] gpio gpiochip0: Persistence not supported for GPIO 21
[   14.274663] gpio-533 (?): no flags found for GPIO (default)
[   14.325025] leds-gpio leds: using DT '/leds/led3' for '(default)' GPIO lookup
[   14.325126] of_get_named_gpiod_flags: parsed 'gpios' property of node '/leds/led3[0]' - status (0)
[   14.325183] gpio gpiochip0: Persistence not supported for GPIO 22
[   14.325195] gpio-534 (?): no flags found for GPIO (default)
[   14.344339] leds-gpio leds: using DT '/leds/led4' for '(default)' GPIO lookup
[   14.344429] of_get_named_gpiod_flags: parsed 'gpios' property of node '/leds/led4[0]' - status (0)
[   14.344478] gpio gpiochip0: Persistence not supported for GPIO 23
[   14.344490] gpio-535 (?): no flags found for GPIO (default)
[   14.401839] leds-gpio leds: using DT '/leds/led5' for '(default)' GPIO lookup
[   14.401939] of_get_named_gpiod_flags: parsed 'gpios' property of node '/leds/led5[0]' - status (0)
[   14.401987] gpio gpiochip0: Persistence not supported for GPIO 24
[   14.401999] gpio-536 (?): no flags found for GPIO (default)
[   14.886072] remoteproc remoteproc0: wkup_m3 is available
[   14.987922] am335x-phy-driver 47401300.usb-phy: using DT '/ocp/target-module@47400000/usb-phy@1300' for 'reset' GPIO lookup
[   14.988007] of_get_named_gpiod_flags: can't parse 'reset-gpios' property of node '/ocp/target-module@47400000/usb-phy@1300[0]'
[   14.988047] of_get_named_gpiod_flags: can't parse 'reset-gpio' property of node '/ocp/target-module@47400000/usb-phy@1300[0]'
[   14.988080] am335x-phy-driver 47401300.usb-phy: using lookup tables for GPIO lookup
[   14.988091] am335x-phy-driver 47401300.usb-phy: No GPIO consumer reset found
[   14.988103] am335x-phy-driver 47401300.usb-phy: using DT '/ocp/target-module@47400000/usb-phy@1300' for 'vbus-detect' GPIO lookup
[   14.988130] of_get_named_gpiod_flags: can't parse 'vbus-detect-gpios' property of node '/ocp/target-module@47400000/usb-phy@1300[0]'
[   14.988158] of_get_named_gpiod_flags: can't parse 'vbus-detect-gpio' property of node '/ocp/target-module@47400000/usb-phy@1300[0]'
[   14.988180] am335x-phy-driver 47401300.usb-phy: using lookup tables for GPIO lookup
[   14.988189] am335x-phy-driver 47401300.usb-phy: No GPIO consumer vbus-detect found
[   14.988333] am335x-phy-driver 47401300.usb-phy: dummy supplies not allowed for exclusive requests (id=vbus)
[   15.009560] usbcore: registered new interface driver usbfs
[   15.009779] usbcore: registered new interface driver hub
[   15.009886] usbcore: registered new device driver usb
[   15.081675] at24 2-0054: supply vcc not found, using dummy regulator
[   15.142068] at24 2-0055: supply vcc not found, using dummy regulator
[   15.174997] at24 2-0056: supply vcc not found, using dummy regulator
[   15.216223] at24 2-0057: supply vcc not found, using dummy regulator
[   15.253157] am335x-phy-driver 47401b00.usb-phy: using DT '/ocp/target-module@47400000/usb-phy@1b00' for 'reset' GPIO lookup
[   15.253239] of_get_named_gpiod_flags: can't parse 'reset-gpios' property of node '/ocp/target-module@47400000/usb-phy@1b00[0]'
[   15.253278] of_get_named_gpiod_flags: can't parse 'reset-gpio' property of node '/ocp/target-module@47400000/usb-phy@1b00[0]'
[   15.253312] am335x-phy-driver 47401b00.usb-phy: using lookup tables for GPIO lookup
[   15.253323] am335x-phy-driver 47401b00.usb-phy: No GPIO consumer reset found
[   15.253334] am335x-phy-driver 47401b00.usb-phy: using DT '/ocp/target-module@47400000/usb-phy@1b00' for 'vbus-detect' GPIO lookup
[   15.253361] of_get_named_gpiod_flags: can't parse 'vbus-detect-gpios' property of node '/ocp/target-module@47400000/usb-phy@1b00[0]'
[   15.253389] of_get_named_gpiod_flags: can't parse 'vbus-detect-gpio' property of node '/ocp/target-module@47400000/usb-phy@1b00[0]'
[   15.253411] am335x-phy-driver 47401b00.usb-phy: using lookup tables for GPIO lookup
[   15.253420] am335x-phy-driver 47401b00.usb-phy: No GPIO consumer vbus-detect found
[   15.253568] am335x-phy-driver 47401b00.usb-phy: dummy supplies not allowed for exclusive requests (id=vbus)
[   15.301974] at24 0-0050: using DT '/ocp/interconnect@44c00000/segment@200000/target-module@b000/i2c@0/eeprom@50' for 'wp' GPIO lookup
[   15.302084] of_get_named_gpiod_flags: can't parse 'wp-gpios' property of node '/ocp/interconnect@44c00000/segment@200000/target-module@b000/i2c@0/eeprom@50[0]'
[   15.302140] of_get_named_gpiod_flags: can't parse 'wp-gpio' property of node '/ocp/interconnect@44c00000/segment@200000/target-module@b000/i2c@0/eeprom@50[0]'
[   15.302183] at24 0-0050: using lookup tables for GPIO lookup
[   15.302193] at24 0-0050: No GPIO consumer wp found
[   15.302525] at24 0-0050: 32768 byte 24c256 EEPROM, writable, 1 bytes/write
[   15.503426] tps6521x_pwrbutton tps65217-pwrbutton: DMA mask not set
[   15.645315] musb-hdrc musb-hdrc.1: MUSB HDRC host driver
[   15.645379] musb-hdrc musb-hdrc.1: new USB bus registered, assigned bus number 1
[   15.670407] input: tps65217_pwrbutton as /devices/platform/ocp/44c00000.interconnect/44c00000.interconnect:segment@200000/44e0b000.target-module/44e0b000.i2c/i2c-0/0-0024/tps65217-pwrbutton/input/input0
[   15.694790] usb usb1: New USB device found, idVendor=1d6b, idProduct=0002, bcdDevice= 6.13
[   15.695022] usb usb1: New USB device strings: Mfr=3, Product=2, SerialNumber=1
[   15.695040] usb usb1: Product: MUSB HDRC host driver
[   15.695049] usb usb1: Manufacturer: Linux 6.13.0-next-20250121 musb-hcd
[   15.695058] usb usb1: SerialNumber: musb-hdrc.1
[   15.752105] hub 1-0:1.0: USB hub found
[   15.757808] hub 1-0:1.0: 1 port detected
[   16.160495] omap_rtc 44e3e000.rtc: registered as rtc0
[   16.160709] omap_rtc 44e3e000.rtc: setting system clock to 2000-01-01T00:00:00 UTC (946684800)
[   16.160816] omap_rtc 44e3e000.rtc: using DT '/ocp/interconnect@44c00000/segment@200000/target-module@3e000/rtc@0' for 'wp' GPIO lookup
[   16.160927] of_get_named_gpiod_flags: can't parse 'wp-gpios' property of node '/ocp/interconnect@44c00000/segment@200000/target-module@3e000/rtc@0[0]'
[   16.160978] of_get_named_gpiod_flags: can't parse 'wp-gpio' property of node '/ocp/interconnect@44c00000/segment@200000/target-module@3e000/rtc@0[0]'
[   16.161061] omap_rtc 44e3e000.rtc: using lookup tables for GPIO lookup
[   16.161073] omap_rtc 44e3e000.rtc: No GPIO consumer wp found
[   16.403887] wkup_m3_ipc 44e11324.wkup_m3_ipc: IPC Request for A8->M3 Channel failed! -517
[   16.758042] omap_wdt: OMAP Watchdog Timer Rev 0x01: initial timeout 60 sec
[   16.786782] wkup_m3_ipc 44e11324.wkup_m3_ipc: IPC Request for A8->M3 Channel failed! -517
[   17.557500] omap-mailbox 480c8000.mailbox: omap mailbox rev 0x400
[   17.637768] remoteproc remoteproc0: powering up wkup_m3
[   17.756098] remoteproc remoteproc0: Direct firmware load for am335x-pm-firmware.elf failed with error -2
[   17.756158] remoteproc remoteproc0: request_firmware failed: -2
[   17.756172] wkup_m3_ipc 44e11324.wkup_m3_ipc: rproc_boot failed
[   17.800982] tda998x 0-0070: found TDA19988
[   19.796217] omap_rng 48310000.rng: Random Number Generator ver. 20
[   19.885995] tilcdc 4830e000.lcdc: bound 0-0070 (ops tda998x_audio_codec_init [tda998x])
[   19.910424] [drm] Initialized tilcdc 1.0.0 for 4830e000.lcdc on minor 0
[   19.937116] tilcdc 4830e000.lcdc: [drm] Cannot find any crtc or sizes
[   20.054004] tilcdc 4830e000.lcdc: [drm] Cannot find any crtc or sizes
[   21.242931] PM: Cannot get wkup_m3_ipc handle
[   21.372641] omap-sham 53100000.sham: hw accel on OMAP rev 4.3
[   21.411056] omap-sham 53100000.sham: will run requests pump with realtime priority
[   21.413453] PM: Cannot get wkup_m3_ipc handle
[   21.591833] omap-aes 53500000.aes: OMAP AES hw accel rev: 3.2
[   21.661657] omap-aes 53500000.aes: will run requests pump with realtime priority
[   21.663345] PM: Cannot get wkup_m3_ipc handle
[   23.115653] Bluetooth: Core ver 2.22
[   23.115879] NET: Registered PF_BLUETOOTH protocol family
[   23.115891] Bluetooth: HCI device and connection manager initialized
[   23.115921] Bluetooth: HCI socket layer initialized
[   23.115935] Bluetooth: L2CAP socket layer initialized
[   23.115969] Bluetooth: SCO socket layer initialized
[   25.251047] PM: Cannot get wkup_m3_ipc handle
[   25.252142] OF: /sound: Read of boolean property 'simple-audio-card,bitclock-master' with a value.
[   25.252359] OF: /sound: Read of boolean property 'simple-audio-card,frame-master' with a value.
[   25.252776] asoc-simple-card sound: using DT '/sound' for 'simple-audio-card,hp-det' GPIO lookup
[   25.252825] of_get_named_gpiod_flags: can't parse 'simple-audio-card,hp-det-gpios' property of node '/sound[0]'
[   25.252852] of_get_named_gpiod_flags: can't parse 'simple-audio-card,hp-det-gpio' property of node '/sound[0]'
[   25.252872] asoc-simple-card sound: using lookup tables for GPIO lookup
[   25.252883] asoc-simple-card sound: No GPIO consumer simple-audio-card,hp-det found
[   25.252895] asoc-simple-card sound: using DT '/sound' for 'simple-audio-card,mic-det' GPIO lookup
[   25.252916] of_get_named_gpiod_flags: can't parse 'simple-audio-card,mic-det-gpios' property of node '/sound[0]'
[   25.252938] of_get_named_gpiod_flags: can't parse 'simple-audio-card,mic-det-gpio' property of node '/sound[0]'
[   25.252954] asoc-simple-card sound: using lookup tables for GPIO lookup
[   25.252962] asoc-simple-card sound: No GPIO consumer simple-audio-card,mic-det found
[   25.343220] PM: Cannot get wkup_m3_ipc handle
[   27.513804] userial_init: registered 8 ttyGS* devices
[   27.848721] rndis_register: configNr = 0
[   27.979269] udc musb-hdrc.0: binding gadget driver [g_multi]
[   27.979354] configfs-gadget.g_multi gadget.0: adding 'rndis'/8726cec3 to config 'c'/00c9e592
[   27.980469] configfs-gadget.g_multi gadget.0: HOST MAC 1c:ba:8c:a2:ed:6c
[   27.980500] configfs-gadget.g_multi gadget.0: MAC 1c:ba:8c:a2:ed:70
[   27.980566] rndis_set_param_medium: 0 0
[   27.980580] configfs-gadget.g_multi gadget.0: RNDIS: IN/ep1in OUT/ep1out NOTIFY/ep2in
[   27.980592] configfs-gadget.g_multi gadget.0: adding 'cdc_ethernet'/027af624 to config 'c'/00c9e592
[   27.981382] configfs-gadget.g_multi gadget.0: HOST MAC 1c:ba:8c:a2:ed:6c
[   27.981402] configfs-gadget.g_multi gadget.0: MAC 1c:ba:8c:a2:ed:6d
[   27.981666] configfs-gadget.g_multi gadget.0: CDC Ethernet: IN/ep3in OUT/ep2out NOTIFY/ep4in
[   27.981687] configfs-gadget.g_multi gadget.0: adding 'acm'/3ce7310b to config 'c'/00c9e592
[   27.981728] configfs-gadget.g_multi gadget.0: acm ttyGS0: IN/ep5in OUT/ep3out NOTIFY/ep6in
[   28.009859] PM: Cannot get wkup_m3_ipc handle
[   29.305488] configfs-gadget.g_multi gadget.0: eth_open
[   30.192722] configfs-gadget.g_multi gadget.0: stop stats: rx/tx 0/0, errs 0/0
[   34.710178] gs_open: ttyGS0 (a2df1ba8,3cbd67e6)
[   34.710302] gs_close: ttyGS0 (a2df1ba8,3cbd67e6) ...
[   34.710319] gs_close: ttyGS0 (a2df1ba8,3cbd67e6) done!
[   34.716295] gs_open: ttyGS0 (a2df1ba8,3cbd67e6)
[   34.716440] gs_close: ttyGS0 (a2df1ba8,3cbd67e6) ...
[   34.716458] gs_close: ttyGS0 (a2df1ba8,3cbd67e6) done!
[   34.893250] gs_open: ttyGS0 (8e5b836a,93329ad3)
[   34.893696] gs_close: ttyGS0 (8e5b836a,93329ad3) ...
[   34.893726] gs_close: ttyGS0 (8e5b836a,93329ad3) done!
[   34.894201] gs_open: ttyGS0 (ad2f03e4,93329ad3)
WEVPJBEQKJ 0
root@arm:~# echo 'BWLL''FSNQEA'
BWLLFSNQEA
root@arm:~# MARKER='SPOY''YPPXCG' run 'modprobe test_linear_ranges'
SPOYYPPXCGSPOYYPPXCG 0
root@arm:~# echo 'QGAU''ESTTPO'
QGAUESTTPO
root@arm:~# MARKER='OVFM''HYZMHL' run dmesg
OVFMHYZMHL[    0.000000] Booting Linux on physical CPU 0x0
[    0.000000] Linux version 6.13.0-next-20250121 (user01@drvtest01) (arm-none-eabi-gcc (Arm GNU Toolchain 14.2.Rel1 (Build arm-14.52)) 14.2.1 20241119, GNU ld (Arm GNU Toolchain 14.2.Rel1 (Build arm-14.52)) 2.43.1.20241119) #1 SMP Tue Jan 21 09:53:41 EET 2025
[    0.000000] CPU: ARMv7 Processor [413fc082] revision 2 (ARMv7), cr=10c5387d
[    0.000000] CPU: PIPT / VIPT nonaliasing data cache, VIPT aliasing instruction cache
[    0.000000] OF: fdt: Machine model: TI AM335x BeagleBone Black
[    0.000000] Memory policy: Data cache writeback
[    0.000000] cma: Reserved 16 MiB at 0x9e800000 on node -1
[    0.000000] Zone ranges:
[    0.000000]   Normal   [mem 0x0000000080000000-0x000000009fdfffff]
[    0.000000]   HighMem  empty
[    0.000000] Movable zone start for each node
[    0.000000] Early memory node ranges
[    0.000000]   node   0: [mem 0x0000000080000000-0x000000009fdfffff]
[    0.000000] Initmem setup node 0 [mem 0x0000000080000000-0x000000009fdfffff]
[    0.000000] OF: reserved mem: Reserved memory: No reserved-memory node in the DT
[    0.000000] CPU: All CPU(s) started in SVC mode.
[    0.000000] AM335X ES2.1 (sgx neon)
[    0.000000] percpu: Embedded 17 pages/cpu s39564 r8192 d21876 u69632
[    0.000000] pcpu-alloc: s39564 r8192 d21876 u69632 alloc=17*4096
[    0.000000] pcpu-alloc: [0] 0 
[    0.000000] Kernel command line: console=ttyO0,115200n8 root=/dev/nfs rw nfsroot=192.168.255.126:/home/user01/nfs,nfsvers=3 ip=192.168.255.1:192.168.255.126::255.255.255.0:bbb1:eth0 nfsrootdebug
[    0.000000] Unknown kernel command line parameters "nfsrootdebug", will be passed to user space.
[    0.000000] printk: log buffer data + meta data: 65536 + 204800 = 270336 bytes
[    0.000000] Dentry cache hash table entries: 65536 (order: 6, 262144 bytes, linear)
[    0.000000] Inode-cache hash table entries: 32768 (order: 5, 131072 bytes, linear)
[    0.000000] Built 1 zonelists, mobility grouping on.  Total pages: 130560
[    0.000000] mem auto-init: stack:off, heap alloc:off, heap free:off
[    0.000000] ------------[ cut here ]------------
[    0.000000] WARNING: CPU: 0 PID: 0 at arch/arm/kernel/cacheinfo.c:43 cache_line_size+0x84/0x98
[    0.000000] Modules linked in:
[    0.000000] CPU: 0 UID: 0 PID: 0 Comm: swapper Not tainted 6.13.0-next-20250121 #1
[    0.000000] Hardware name: Generic AM33XX (Flattened Device Tree)
[    0.000000] Call trace: 
[    0.000000]  unwind_backtrace from show_stack+0x10/0x14
[    0.000000]  show_stack from dump_stack_lvl+0x50/0x64
[    0.000000]  dump_stack_lvl from __warn+0x74/0x12c
[    0.000000]  __warn from warn_slowpath_fmt+0x118/0x1b0
[    0.000000]  warn_slowpath_fmt from cache_line_size+0x84/0x98
[    0.000000]  cache_line_size from create_boot_cache+0x70/0xf8
[    0.000000]  create_boot_cache from kmem_cache_init+0x64/0x134
[    0.000000]  kmem_cache_init from mm_core_init+0xb4/0xec
[    0.000000]  mm_core_init from start_kernel+0x3b4/0x67c
[    0.000000]  start_kernel from 0x0
[    0.000000] ---[ end trace 0000000000000000 ]---
[    0.000000] SLUB: HWalign=64, Order=0-3, MinObjects=0, CPUs=1, Nodes=1
[    0.000000] rcu: Hierarchical RCU implementation.
[    0.000000] rcu: 	RCU event tracing is enabled.
[    0.000000] rcu: 	RCU restricting CPUs from NR_CPUS=2 to nr_cpu_ids=1.
[    0.000000] 	Tracing variant of Tasks RCU enabled.
[    0.000000] rcu: RCU calculated value of scheduler-enlistment delay is 10 jiffies.
[    0.000000] rcu: Adjusting geometry for rcu_fanout_leaf=16, nr_cpu_ids=1
[    0.000000] RCU Tasks Trace: Setting shift to 0 and lim to 1 rcu_task_cb_adjust=1 rcu_task_cpu_ids=1.
[    0.000000] NR_IRQS: 16, nr_irqs: 16, preallocated irqs: 16
[    0.000000] IRQ: Found an INTC at 0x(ptrval) (revision 5.0) with 128 interrupts
[    0.000000] rcu: srcu_init: Setting srcu_struct sizes based on contention.
[    0.000000] TI gptimer clocksource: always-on /ocp/interconnect@44c00000/segment@200000/target-module@31000
[    0.000003] sched_clock: 32 bits at 24MHz, resolution 41ns, wraps every 89478484971ns
[    0.000025] clocksource: dmtimer: mask: 0xffffffff max_cycles: 0xffffffff, max_idle_ns: 79635851949 ns
[    0.000511] TI gptimer clockevent: 24000000 Hz at /ocp/interconnect@48000000/segment@0/target-module@40000
[    0.002158] Console: colour dummy device 80x30
[    0.002236] WARNING: Your 'console=ttyO0' has been replaced by 'ttyS0'
[    0.002245] This ensures that you still see kernel messages. Please
[    0.002249] update your kernel commandline.
[    0.002290] Calibrating delay loop... 996.14 BogoMIPS (lpj=4980736)
[    0.090556] CPU: Testing write buffer coherency: ok
[    0.090657] CPU0: Spectre v2: using BPIALL workaround
[    0.090668] pid_max: default: 32768 minimum: 301
[    0.090791] LSM: initializing lsm=capability
[    0.090955] Mount-cache hash table entries: 1024 (order: 0, 4096 bytes, linear)
[    0.090975] Mountpoint-cache hash table entries: 1024 (order: 0, 4096 bytes, linear)
[    0.092588] CPU0: thread -1, cpu 0, socket -1, mpidr 0
[    0.160909] Setting up static identity map for 0x80100000 - 0x80100078
[    0.170705] rcu: Hierarchical SRCU implementation.
[    0.170715] rcu: 	Max phase no-delay instances is 1000.
[    0.190753] smp: Bringing up secondary CPUs ...
[    0.190809] smp: Brought up 1 node, 1 CPU
[    0.190822] SMP: Total of 1 processors activated (996.14 BogoMIPS).
[    0.190833] CPU: All CPU(s) started in SVC mode.
[    0.191005] Memory: 480804K/522240K available (11264K kernel code, 1217K rwdata, 2908K rodata, 1024K init, 292K bss, 23388K reserved, 16384K cma-reserved, 0K highmem)
[    0.191837] devtmpfs: initialized
[    0.208154] VFP support v0.3: implementor 41 architecture 3 part 30 variant c rev 3
[    0.208492] clocksource: jiffies: mask: 0xffffffff max_cycles: 0xffffffff, max_idle_ns: 19112604462750000 ns
[    0.208526] futex hash table entries: 256 (order: 2, 16384 bytes, linear)
[    0.209857] pinctrl core: initialized pinctrl subsystem
[    0.212760] NET: Registered PF_NETLINK/PF_ROUTE protocol family
[    0.215529] DMA: preallocated 256 KiB pool for atomic coherent allocations
[    0.216413] audit: initializing netlink subsys (disabled)
[    0.217758] thermal_sys: Registered thermal governor 'fair_share'
[    0.217775] thermal_sys: Registered thermal governor 'step_wise'
[    0.217783] thermal_sys: Registered thermal governor 'user_space'
[    0.217929] audit: type=2000 audit(0.210:1): state=initialized audit_enabled=0 res=1
[    0.217962] cpuidle: using governor menu
[    0.235703] /ocp/interconnect@44c00000/segment@200000/target-module@b000/i2c@0/tda19988@70: Fixed dependency cycle(s) with /ocp/interconnect@48000000/segment@300000/target-module@e000/lcdc@0
[    0.236826] /ocp/interconnect@48000000/segment@300000/target-module@e000/lcdc@0: Fixed dependency cycle(s) with /ocp/interconnect@44c00000/segment@200000/target-module@b000/i2c@0/tda19988@70
[    0.238979] No ATAGs?
[    0.239023] hw-breakpoint: debug architecture 0x4 unsupported.
[    0.241824] kprobes: kprobe jump-optimization is enabled. All kprobes are optimized if possible.
[    0.253855] iommu: Default domain type: Translated
[    0.253877] iommu: DMA domain TLB invalidation policy: strict mode
[    0.255478] reg-fixed-voltage fixedregulator0: using DT '/fixedregulator0' for '(default)' GPIO lookup
[    0.255533] of_get_named_gpiod_flags: can't parse 'gpios' property of node '/fixedregulator0[0]'
[    0.255561] of_get_named_gpiod_flags: can't parse 'gpio' property of node '/fixedregulator0[0]'
[    0.255578] reg-fixed-voltage fixedregulator0: using lookup tables for GPIO lookup
[    0.255588] reg-fixed-voltage fixedregulator0: No GPIO consumer (default) found
[    0.261910] SCSI subsystem initialized
[    0.262383] libata version 3.00 loaded.
[    0.262736] pps_core: LinuxPPS API ver. 1 registered
[    0.262746] pps_core: Software ver. 5.3.6 - Copyright 2005-2007 Rodolfo Giometti <giometti@linux.it>
[    0.262770] PTP clock support registered
[    0.271108] vgaarb: loaded
[    0.271460] clocksource: Switched to clocksource dmtimer
[    0.272097] VFS: Disk quotas dquot_6.6.0
[    0.272140] VFS: Dquot-cache hash table entries: 1024 (order 0, 4096 bytes)
[    0.295989] NET: Registered PF_INET protocol family
[    0.296335] IP idents hash table entries: 8192 (order: 4, 65536 bytes, linear)
[    0.297753] tcp_listen_portaddr_hash hash table entries: 512 (order: 0, 4096 bytes, linear)
[    0.297792] Table-perturb hash table entries: 65536 (order: 6, 262144 bytes, linear)
[    0.297809] TCP established hash table entries: 4096 (order: 2, 16384 bytes, linear)
[    0.297852] TCP bind hash table entries: 4096 (order: 4, 65536 bytes, linear)
[    0.297952] TCP: Hash tables configured (established 4096 bind 4096)
[    0.298072] UDP hash table entries: 256 (order: 1, 14336 bytes, linear)
[    0.298108] UDP-Lite hash table entries: 256 (order: 1, 14336 bytes, linear)
[    0.298287] NET: Registered PF_UNIX/PF_LOCAL protocol family
[    0.299524] RPC: Registered named UNIX socket transport module.
[    0.299545] RPC: Registered udp transport module.
[    0.299551] RPC: Registered tcp transport module.
[    0.299555] RPC: Registered tcp-with-tls transport module.
[    0.299561] RPC: Registered tcp NFSv4.1 backchannel transport module.
[    0.299584] PCI: CLS 0 bytes, default 64
[    0.300952] Initialise system trusted keyrings
[    0.311787] workingset: timestamp_bits=14 max_order=17 bucket_order=3
[    0.313081] NFS: Registering the id_resolver key type
[    0.313145] Key type id_resolver registered
[    0.313152] Key type id_legacy registered
[    0.313199] jffs2: version 2.2. (NAND) (SUMMARY)  Â© 2001-2006 Red Hat, Inc.
[    0.313594] Key type asymmetric registered
[    0.313608] Asymmetric key parser 'x509' registered
[    0.313669] io scheduler mq-deadline registered
[    0.313679] io scheduler kyber registered
[    0.313748] io scheduler bfq registered
[    0.315295] ledtrig-cpu: registered to indicate activity on CPUs
[    0.317985] Serial: 8250/16550 driver, 6 ports, IRQ sharing enabled
[    0.357900] brd: module loaded
[    0.384419] loop: module loaded
[    0.385314] mtdoops: mtd device (mtddev=name/number) must be supplied
[    0.386976] mdio_bus fixed-0: using lookup tables for GPIO lookup
[    0.387002] mdio_bus fixed-0: No GPIO consumer reset found
[    0.388316] i2c_dev: i2c /dev entries driver
[    0.389243] cpuidle: enable-method property 'ti,am3352' found operations
[    0.389667] sdhci: Secure Digital Host Controller Interface driver
[    0.389676] sdhci: Copyright(c) Pierre Ossman
[    0.389849] sdhci-pltfm: SDHCI platform and OF driver helper
[    0.390836] Initializing XFRM netlink socket
[    0.390985] NET: Registered PF_INET6 protocol family
[    0.393072] Segment Routing with IPv6
[    0.393158] In-situ OAM (IOAM) with IPv6
[    0.393256] sit: IPv6, IPv4 and MPLS over IPv4 tunneling driver
[    0.394190] NET: Registered PF_PACKET protocol family
[    0.394224] NET: Registered PF_KEY protocol family
[    0.394339] Key type dns_resolver registered
[    0.394572] ThumbEE CPU extension supported.
[    0.394593] Registering SWP/SWPB emulation handler
[    0.395129] omap_voltage_late_init: Voltage driver support not added
[    0.395491] SmartReflex Class3 initialized
[    0.425741] Loading compiled-in X.509 certificates
[    0.468171] OF: /ocp: Read of boolean property 'clocks' with a value.
[    0.471315] /ocp/interconnect@44c00000/segment@200000/target-module@b000/i2c@0/tda19988@70: Fixed dependency cycle(s) with /ocp/interconnect@48000000/segment@300000/target-module@e000/lcdc@0
[    0.472426] OF: /ocp/interconnect@44c00000: Read of boolean property 'clocks' with a value.
[    0.477745] /ocp/interconnect@44c00000/segment@200000/target-module@b000/i2c@0/tda19988@70: Fixed dependency cycle(s) with /ocp/interconnect@48000000/segment@300000/target-module@e000/lcdc@0
[    0.483293] gpiochip_find_base_unlocked: found new base at 512
[    0.504546] /ocp/interconnect@44c00000/segment@200000/target-module@b000/i2c@0/tda19988@70: Fixed dependency cycle(s) with /ocp/interconnect@48000000/segment@300000/target-module@e000/lcdc@0
[    0.505418] /ocp/interconnect@44c00000/segment@200000/target-module@b000/i2c@0/tda19988@70: Fixed dependency cycle(s) with /ocp/interconnect@48000000/segment@300000/target-module@e000/lcdc@0
[    0.508724] /ocp/interconnect@44c00000/segment@200000/target-module@10000/scm@0/pinmux@800: Fixed dependency cycle(s) with /ocp/interconnect@44c00000/segment@200000/target-module@10000/scm@0/pinmux@800/clkout2-pins
[    0.509319] pinctrl-single 44e10800.pinmux: 142 pins, size 568
[    0.514763] ti-sysc 44e31000.target-module: probe with driver ti-sysc failed with error -16
[    0.543475] /ocp/interconnect@48000000/segment@300000/target-module@e000/lcdc@0: Fixed dependency cycle(s) with /ocp/interconnect@44c00000/segment@200000/target-module@b000/i2c@0/tda19988@70
[    0.543802] OF: /ocp/interconnect@48000000: Read of boolean property 'clocks' with a value.
[    0.551168] ti-sysc 48040000.target-module: probe with driver ti-sysc failed with error -16
[    0.562326] gpiochip_find_base_unlocked: found new base at 512
[    0.562429] gpio gpiochip0: (gpio-0-31): created GPIO range 0->7 ==> 44e10800.pinmux PIN 0->7
[    0.562448] gpio gpiochip0: (gpio-0-31): created GPIO range 8->11 ==> 44e10800.pinmux PIN 90->93
[    0.562463] gpio gpiochip0: (gpio-0-31): created GPIO range 12->27 ==> 44e10800.pinmux PIN 12->27
[    0.562478] gpio gpiochip0: (gpio-0-31): created GPIO range 28->31 ==> 44e10800.pinmux PIN 30->33
[    0.598385] gpio gpiochip0: (gpio-0-31): added GPIO chardev (254:0)
[    0.598532] gpio gpiochip0: registered GPIOs 512 to 543 on gpio-0-31
[    0.598615] OMAP GPIO hardware version 0.1
[    0.611851] i2c i2c-2: using DT '/ocp/interconnect@48000000/segment@100000/target-module@9c000/i2c@0' for 'scl' GPIO lookup
[    0.611925] of_get_named_gpiod_flags: can't parse 'scl-gpios' property of node '/ocp/interconnect@48000000/segment@100000/target-module@9c000/i2c@0[0]'
[    0.611966] of_get_named_gpiod_flags: can't parse 'scl-gpio' property of node '/ocp/interconnect@48000000/segment@100000/target-module@9c000/i2c@0[0]'
[    0.612002] i2c i2c-2: using lookup tables for GPIO lookup
[    0.612012] i2c i2c-2: No GPIO consumer scl found
[    0.612033] i2c i2c-2: using DT '/ocp/interconnect@48000000/segment@100000/target-module@9c000/i2c@0' for 'sda' GPIO lookup
[    0.612069] of_get_named_gpiod_flags: can't parse 'sda-gpios' property of node '/ocp/interconnect@48000000/segment@100000/target-module@9c000/i2c@0[0]'
[    0.612105] of_get_named_gpiod_flags: can't parse 'sda-gpio' property of node '/ocp/interconnect@48000000/segment@100000/target-module@9c000/i2c@0[0]'
[    0.612135] i2c i2c-2: using lookup tables for GPIO lookup
[    0.612143] i2c i2c-2: No GPIO consumer sda found
[    0.612952] omap_i2c 4819c000.i2c: bus 2 rev0.11 at 100 kHz
[    0.618303] gpiochip_find_base_unlocked: found new base at 544
[    0.618404] gpio gpiochip1: (gpio-32-63): created GPIO range 0->17 ==> 44e10800.pinmux PIN 34->51
[    0.618424] gpio gpiochip1: (gpio-32-63): created GPIO range 18->21 ==> 44e10800.pinmux PIN 77->80
[    0.618441] gpio gpiochip1: (gpio-32-63): created GPIO range 22->31 ==> 44e10800.pinmux PIN 56->65
[    0.641814] gpio gpiochip1: (gpio-32-63): added GPIO chardev (254:1)
[    0.641969] gpio gpiochip1: registered GPIOs 544 to 575 on gpio-32-63
[    0.644200] gpiochip_find_base_unlocked: found new base at 576
[    0.644298] gpio gpiochip2: (gpio-64-95): created GPIO range 0->4 ==> 44e10800.pinmux PIN 66->70
[    0.644321] gpio gpiochip2: (gpio-64-95): created GPIO range 5->6 ==> 44e10800.pinmux PIN 98->99
[    0.644337] gpio gpiochip2: (gpio-64-95): created GPIO range 7->8 ==> 44e10800.pinmux PIN 75->76
[    0.644353] gpio gpiochip2: (gpio-64-95): created GPIO range 13->13 ==> 44e10800.pinmux PIN 141->141
[    0.644368] gpio gpiochip2: (gpio-64-95): created GPIO range 14->21 ==> 44e10800.pinmux PIN 100->107
[    0.657324] gpio gpiochip2: (gpio-64-95): added GPIO chardev (254:2)
[    0.657467] gpio gpiochip2: registered GPIOs 576 to 607 on gpio-64-95
[    0.663109] 48000000.interconnect:segment@200000:target-module@0:mpu@0:fck: device ID is greater than 24
[    0.664005] /ocp/interconnect@48000000/segment@300000/target-module@e000/lcdc@0: Fixed dependency cycle(s) with /ocp/interconnect@44c00000/segment@200000/target-module@b000/i2c@0/tda19988@70
[    0.666711] /ocp/interconnect@48000000/segment@300000/target-module@e000/lcdc@0: Fixed dependency cycle(s) with /ocp/interconnect@44c00000/segment@200000/target-module@b000/i2c@0/tda19988@70
[    0.667377] /ocp/interconnect@44c00000/segment@200000/target-module@b000/i2c@0/tda19988@70: Fixed dependency cycle(s) with /ocp/interconnect@48000000/segment@300000/target-module@e000/lcdc@0
[    0.667530] /ocp/interconnect@48000000/segment@300000/target-module@e000/lcdc@0: Fixed dependency cycle(s) with /ocp/interconnect@44c00000/segment@200000/target-module@b000/i2c@0/tda19988@70
[    0.671753] OF: /ocp/interconnect@4a000000: Read of boolean property 'clocks' with a value.
[    0.676991] mdio_bus 4a101000.mdio: using DT '/ocp/interconnect@4a000000/segment@0/target-module@100000/switch@0/mdio@1000' for 'reset' GPIO lookup
[    0.677067] of_get_named_gpiod_flags: can't parse 'reset-gpios' property of node '/ocp/interconnect@4a000000/segment@0/target-module@100000/switch@0/mdio@1000[0]'
[    0.677113] of_get_named_gpiod_flags: can't parse 'reset-gpio' property of node '/ocp/interconnect@4a000000/segment@0/target-module@100000/switch@0/mdio@1000[0]'
[    0.677158] mdio_bus 4a101000.mdio: using lookup tables for GPIO lookup
[    0.677168] mdio_bus 4a101000.mdio: No GPIO consumer reset found
[    0.678352] sdhci-omap 481d8000.mmc: using DT '/ocp/interconnect@48000000/segment@100000/target-module@d8000/mmc@0' for 'wp' GPIO lookup
[    0.678417] of_get_named_gpiod_flags: can't parse 'wp-gpios' property of node '/ocp/interconnect@48000000/segment@100000/target-module@d8000/mmc@0[0]'
[    0.678458] of_get_named_gpiod_flags: can't parse 'wp-gpio' property of node '/ocp/interconnect@48000000/segment@100000/target-module@d8000/mmc@0[0]'
[    0.678491] sdhci-omap 481d8000.mmc: using lookup tables for GPIO lookup
[    0.678501] sdhci-omap 481d8000.mmc: No GPIO consumer wp found
[    0.678693] sdhci-omap 481d8000.mmc: supply pbias not found, using dummy regulator
[    0.679189] sdhci-omap 481d8000.mmc: supply vqmmc not found, using dummy regulator
[    0.735421] davinci_mdio 4a101000.mdio: davinci mdio revision 1.6, bus freq 1000000
[    0.756853] mdio_bus 4a101000.mdio:00: using DT '/ocp/interconnect@4a000000/segment@0/target-module@100000/switch@0/mdio@1000/ethernet-phy@0' for 'reset' GPIO lookup
[    0.756955] of_get_named_gpiod_flags: parsed 'reset-gpios' property of node '/ocp/interconnect@4a000000/segment@0/target-module@100000/switch@0/mdio@1000/ethernet-phy@0[0]' - status (0)
[    0.757112] gpio gpiochip0: Persistence not supported for GPIO 8
[    0.899491] davinci_mdio 4a101000.mdio: phy[0]: device 4a101000.mdio:00, driver SMSC LAN8710/LAN8720
[    0.900263] cpsw-switch 4a100000.switch: initialized cpsw ale version 1.4
[    0.900285] cpsw-switch 4a100000.switch: ALE Table size 1024, Policers 0
[    0.900439] cpsw-switch 4a100000.switch: cpts: overflow check period 500 (jiffies)
[    0.900455] cpsw-switch 4a100000.switch: CPTS: ref_clk_freq:250000000 calc_mult:2147483648 calc_shift:29 error:0 nsec/sec
[    0.900564] cpsw-switch 4a100000.switch: Detected MACID = 6c:ec:eb:68:de:78
[    0.902532] cpsw-switch 4a100000.switch: initialized (regs 0x4a100000, pool size 256) hw_ver:0019010C 1.12 (0)
[    0.913187] debugfs: Directory '49000000.dma' with parent 'dmaengine' already present!
[    0.913229] edma 49000000.dma: TI EDMA DMA engine driver
[    0.964375] target-module@4b000000:target-module@140000:pmu@0:fck: device ID is greater than 24
[    0.987474] hw perfevents: enabled with armv7_cortex_a8 PMU driver, 5 (8000000f) counters available
[    0.988357] gpio-clk clk_mcasp0: using DT '/clk_mcasp0' for 'enable' GPIO lookup
[    0.988442] of_get_named_gpiod_flags: parsed 'enable-gpios' property of node '/clk_mcasp0[0]' - status (0)
[    0.988483] gpio gpiochip0: Persistence not supported for GPIO 27
[    0.989293] gpiochip_find_base_unlocked: found new base at 608
[    0.989400] gpio gpiochip3: (gpio-96-127): created GPIO range 0->7 ==> 44e10800.pinmux PIN 82->89
[    0.989420] gpio gpiochip3: (gpio-96-127): created GPIO range 8->11 ==> 44e10800.pinmux PIN 52->55
[    0.989436] gpio gpiochip3: (gpio-96-127): created GPIO range 12->15 ==> 44e10800.pinmux PIN 94->97
[    0.989452] gpio gpiochip3: (gpio-96-127): created GPIO range 16->17 ==> 44e10800.pinmux PIN 71->72
[    0.989467] gpio gpiochip3: (gpio-96-127): created GPIO range 18->18 ==> 44e10800.pinmux PIN 135->135
[    0.989483] gpio gpiochip3: (gpio-96-127): created GPIO range 19->20 ==> 44e10800.pinmux PIN 108->109
[    0.989499] gpio gpiochip3: (gpio-96-127): created GPIO range 21->21 ==> 44e10800.pinmux PIN 73->73
[    0.989516] gpio gpiochip3: (gpio-96-127): created GPIO range 22->23 ==> 44e10800.pinmux PIN 8->9
[    0.989533] gpio gpiochip3: (gpio-96-127): created GPIO range 26->27 ==> 44e10800.pinmux PIN 10->11
[    0.989550] gpio gpiochip3: (gpio-96-127): created GPIO range 28->28 ==> 44e10800.pinmux PIN 74->74
[    0.989568] gpio gpiochip3: (gpio-96-127): created GPIO range 29->29 ==> 44e10800.pinmux PIN 81->81
[    0.989586] gpio gpiochip3: (gpio-96-127): created GPIO range 30->31 ==> 44e10800.pinmux PIN 28->29
[    0.994920] l3-aon-clkctrl:0000:0: failed to disable
[    1.011718] gpio gpiochip3: (gpio-96-127): added GPIO chardev (254:3)
[    1.011874] gpio gpiochip3: registered GPIOs 608 to 639 on gpio-96-127
[    1.013876] omap8250 44e09000.serial: using DT '/ocp/interconnect@44c00000/segment@200000/target-module@9000/serial@0' for 'rs485-term' GPIO lookup
[    1.013947] of_get_named_gpiod_flags: can't parse 'rs485-term-gpios' property of node '/ocp/interconnect@44c00000/segment@200000/target-module@9000/serial@0[0]'
[    1.013990] of_get_named_gpiod_flags: can't parse 'rs485-term-gpio' property of node '/ocp/interconnect@44c00000/segment@200000/target-module@9000/serial@0[0]'
[    1.014025] omap8250 44e09000.serial: using lookup tables for GPIO lookup
[    1.014035] omap8250 44e09000.serial: No GPIO consumer rs485-term found
[    1.014045] omap8250 44e09000.serial: using DT '/ocp/interconnect@44c00000/segment@200000/target-module@9000/serial@0' for 'rs485-rx-during-tx' GPIO lookup
[    1.014081] of_get_named_gpiod_flags: can't parse 'rs485-rx-during-tx-gpios' property of node '/ocp/interconnect@44c00000/segment@200000/target-module@9000/serial@0[0]'
[    1.014117] of_get_named_gpiod_flags: can't parse 'rs485-rx-during-tx-gpio' property of node '/ocp/interconnect@44c00000/segment@200000/target-module@9000/serial@0[0]'
[    1.014148] omap8250 44e09000.serial: using lookup tables for GPIO lookup
[    1.014155] omap8250 44e09000.serial: No GPIO consumer rs485-rx-during-tx found
[    1.014516] 44e09000.serial: ttyS0 at MMIO 0x44e09000 (irq = 34, base_baud = 3000000) is a 8250
[    1.014607] printk: console [ttyS0] enabled
[    2.543648] i2c i2c-0: using DT '/ocp/interconnect@44c00000/segment@200000/target-module@b000/i2c@0' for 'scl' GPIO lookup
[    2.543725] of_get_named_gpiod_flags: can't parse 'scl-gpios' property of node '/ocp/interconnect@44c00000/segment@200000/target-module@b000/i2c@0[0]'
[    2.543767] of_get_named_gpiod_flags: can't parse 'scl-gpio' property of node '/ocp/interconnect@44c00000/segment@200000/target-module@b000/i2c@0[0]'
[    2.543804] i2c i2c-0: using lookup tables for GPIO lookup
[    2.543814] i2c i2c-0: No GPIO consumer scl found
[    2.543836] i2c i2c-0: using DT '/ocp/interconnect@44c00000/segment@200000/target-module@b000/i2c@0' for 'sda' GPIO lookup
[    2.543871] of_get_named_gpiod_flags: can't parse 'sda-gpios' property of node '/ocp/interconnect@44c00000/segment@200000/target-module@b000/i2c@0[0]'
[    2.543907] of_get_named_gpiod_flags: can't parse 'sda-gpio' property of node '/ocp/interconnect@44c00000/segment@200000/target-module@b000/i2c@0[0]'
[    2.543939] i2c i2c-0: using lookup tables for GPIO lookup
[    2.543947] i2c i2c-0: No GPIO consumer sda found
[    2.562402] tps65217-pmic: Failed to locate of_node [id: -1]
[    2.562748] tps65217-bl: Failed to locate of_node [id: -1]
[    2.568334] tps65217 0-0024: TPS65217 ID 0xe version 1.2
[    2.569020] /ocp/interconnect@48000000/segment@300000/target-module@e000/lcdc@0: Fixed dependency cycle(s) with /ocp/interconnect@44c00000/segment@200000/target-module@b000/i2c@0/tda19988@70
