Labgrid Console Logfile for main
Logfile started at 2025-09-19 20:30:46.937599
=== Log starts here ===
reading args
spl_load_image_fat_os: error reading image args, err - -1
reading u-boot.img
reading u-boot.img


U-Boot 2014.04-00014-g47880f5 (Apr 22 2014 - 13:23:54)

I2C:   ready
DRAM:  512 MiB
NAND:  0 MiB
MMC:   OMAP SD/MMC: 0, OMAP SD/MMC: 1
*** Warning - readenv() failed, using default environment

Net:   <ethaddr> not set. Validating first E-fuse MAC
cpsw, usb_ether
Hit any key to stop autoboot:  1  0 
gpio: pin 53 (gpio 53) value is 1
mmc0 is current device
gpio: pin 54 (gpio 54) value is 1
SD/MMC found on device 0
reading uEnv.txt
569 bytes read in 3 ms (184.6 KiB/s)
gpio: pin 55 (gpio 55) value is 1
Loaded environment from uEnv.txt
Importing environment from mmc ...
Checking if uenvcmd is set ...
gpio: pin 56 (gpio 56) value is 1
Running uenvcmd ...
cpsw Waiting for PHY auto negotiation to complete. done
link up on port 0, speed 100, full duplex
Using cpsw device
TFTP from server 192.168.255.126; our IP address is 192.168.255.1
Filename 'zImage'.
Load address: 0x81000000
Loading: *#################################################################
	 #################################################################
	 #################################################################
	 #################################################################
	 #################################################################
	 ##########################################################
	 2.4 MiB/s
done
Bytes transferred = 5619536 (55bf50 hex)
link up on port 0, speed 100, full duplex
Using cpsw device
TFTP from server 192.168.255.126; our IP address is 192.168.255.1
Filename 'am335x-boneblack.dtb'.
Load address: 0x82000000
Loading: *#######
	 1.3 MiB/s
done
Bytes transferred = 98244 (17fc4 hex)
Kernel image @ 0x81000000 [ 0x000000 - 0x55bf50 ]
## Flattened Device Tree blob at 82000000
   Booting using the fdt blob at 0x82000000
   Using Device Tree in place at 82000000, end 8201afc3

Starting kernel ...

[    0.000000] Booting Linux on physical CPU 0x0
[    0.000000] Linux version 6.16.8-90812-g362f34fba309 (user01@drvtest01) (arm-none-eabi-gcc (Arm GNU Toolchain 14.2.Rel1 (Build arm-14.52)) 14.2.1 20241119, GNU ld (Arm GNU Toolchain 14.2.Rel1 (Build arm-14.52)) 2.43.1.20241119) #1 SMP Fri Sep 19 20:28:55 EEST 2025
[    0.000000] CPU: ARMv7 Processor [413fc082] revision 2 (ARMv7), cr=10c5387d
[    0.000000] CPU: PIPT / VIPT nonaliasing data cache, VIPT aliasing instruction cache
[    0.000000] OF: fdt: Machine model: TI AM335x BeagleBone Black
[    0.000000] Memory policy: Data cache writeback
[    0.000000] cma: Reserved 16 MiB at 0x9e800000
[    0.000000] Zone ranges:
[    0.000000]   Normal   [mem 0x0000000080000000-0x000000009fdfffff]
[    0.000000]   HighMem  empty
[    0.000000] Movable zone start for each node
[    0.000000] Early memory node ranges
[    0.000000]   node   0: [mem 0x0000000080000000-0x000000009fdfffff]
[    0.000000] Initmem setup node 0 [mem 0x0000000080000000-0x000000009fdfffff]
[    0.000000] On node 0, zone Normal: 512 pages in unavailable ranges
[    0.000000] OF: reserved mem: Reserved memory: No reserved-memory node in the DT
[    0.000000] CPU: All CPU(s) started in SVC mode.
[    0.000000] AM335X ES2.1 (sgx neon)
[    0.000000] percpu: Embedded 17 pages/cpu s39820 r8192 d21620 u69632
[    0.000000] Kernel command line: console=ttyO0,115200n8 root=/dev/nfs rw nfsroot=192.168.255.126:/home/user01/nfs,nfsvers=3 ip=192.168.255.1:192.168.255.126::255.255.255.0:bbb1:eth0 nfsrootdebug
[    0.000000] Unknown kernel command line parameters "nfsrootdebug", will be passed to user space.
[    0.000000] printk: log buffer data + meta data: 65536 + 204800 = 270336 bytes
[    0.000000] Dentry cache hash table entries: 65536 (order: 6, 262144 bytes, linear)
[    0.000000] Inode-cache hash table entries: 32768 (order: 5, 131072 bytes, linear)
[    0.000000] Built 1 zonelists, mobility grouping on.  Total pages: 130560
[    0.000000] mem auto-init: stack:off, heap alloc:off, heap free:off
[    0.000000] SLUB: HWalign=16, Order=0-3, MinObjects=0, CPUs=1, Nodes=1
[    0.000000] rcu: Hierarchical RCU implementation.
[    0.000000] rcu: 	RCU event tracing is enabled.
[    0.000000] rcu: 	RCU restricting CPUs from NR_CPUS=2 to nr_cpu_ids=1.
[    0.000000] 	Tracing variant of Tasks RCU enabled.
[    0.000000] rcu: RCU calculated value of scheduler-enlistment delay is 10 jiffies.
[    0.000000] rcu: Adjusting geometry for rcu_fanout_leaf=16, nr_cpu_ids=1
[    0.000000] RCU Tasks Trace: Setting shift to 0 and lim to 1 rcu_task_cb_adjust=1 rcu_task_cpu_ids=1.
[    0.000000] NR_IRQS: 16, nr_irqs: 16, preallocated irqs: 16
[    0.000000] IRQ: Found an INTC at 0x(ptrval) (revision 5.0) with 128 interrupts
[    0.000000] rcu: srcu_init: Setting srcu_struct sizes based on contention.
[    0.000000] TI gptimer clocksource: always-on /ocp/interconnect@44c00000/segment@200000/target-module@31000
[    0.000003] sched_clock: 32 bits at 24MHz, resolution 41ns, wraps every 89478484971ns
[    0.000026] clocksource: dmtimer: mask: 0xffffffff max_cycles: 0xffffffff, max_idle_ns: 79635851949 ns
[    0.000509] TI gptimer clockevent: 24000000 Hz at /ocp/interconnect@48000000/segment@0/target-module@40000
[    0.002135] Console: colour dummy device 80x30
[    0.002201] WARNING: Your 'console=ttyO0' has been replaced by 'ttyS0'
[    0.002209] This ensures that you still see kernel messages. Please
[    0.002213] update your kernel commandline.
[    0.002257] Calibrating delay loop... 996.14 BogoMIPS (lpj=4980736)
[    0.090556] CPU: Testing write buffer coherency: ok
[    0.090665] CPU0: Spectre v2: using BPIALL workaround
[    0.090675] pid_max: default: 32768 minimum: 301
[    0.090830] LSM: initializing lsm=capability
[    0.091004] Mount-cache hash table entries: 1024 (order: 0, 4096 bytes, linear)
[    0.091023] Mountpoint-cache hash table entries: 1024 (order: 0, 4096 bytes, linear)
[    0.092646] CPU0: thread -1, cpu 0, socket -1, mpidr 0
[    0.092705] cacheinfo: Unable to detect cache hierarchy for CPU 0
[    0.094739] Setting up static identity map for 0x80100000 - 0x80100078
[    0.095088] rcu: Hierarchical SRCU implementation.
[    0.095100] rcu: 	Max phase no-delay instances is 1000.
[    0.096838] smp: Bringing up secondary CPUs ...
[    0.096889] smp: Brought up 1 node, 1 CPU
[    0.096902] SMP: Total of 1 processors activated (996.14 BogoMIPS).
[    0.096913] CPU: All CPU(s) started in SVC mode.
[    0.097100] Memory: 480820K/522240K available (11264K kernel code, 1221K rwdata, 2924K rodata, 1024K init, 287K bss, 23388K reserved, 16384K cma-reserved, 0K highmem)
[    0.097928] devtmpfs: initialized
[    0.114828] VFP support v0.3: implementor 41 architecture 3 part 30 variant c rev 3
[    0.115467] clocksource: jiffies: mask: 0xffffffff max_cycles: 0xffffffff, max_idle_ns: 19112604462750000 ns
[    0.115525] posixtimers hash table entries: 512 (order: 0, 4096 bytes, linear)
[    0.115550] futex hash table entries: 256 (16384 bytes on 1 NUMA nodes, total 16 KiB, linear).
[    0.116673] pinctrl core: initialized pinctrl subsystem
[    0.118727] NET: Registered PF_NETLINK/PF_ROUTE protocol family
[    0.121841] DMA: preallocated 256 KiB pool for atomic coherent allocations
[    0.122807] audit: initializing netlink subsys (disabled)
[    0.124168] thermal_sys: Registered thermal governor 'fair_share'
[    0.124186] thermal_sys: Registered thermal governor 'step_wise'
[    0.124194] thermal_sys: Registered thermal governor 'user_space'
[    0.124305] audit: type=2000 audit(0.120:1): state=initialized audit_enabled=0 res=1
[    0.124379] cpuidle: using governor menu
[    0.142287] /ocp/interconnect@44c00000/segment@200000/target-module@b000/i2c@0/tda19988@70: Fixed dependency cycle(s) with /ocp/interconnect@48000000/segment@300000/target-module@e000/lcdc@0
[    0.143408] /ocp/interconnect@48000000/segment@300000/target-module@e000/lcdc@0: Fixed dependency cycle(s) with /ocp/interconnect@44c00000/segment@200000/target-module@b000/i2c@0/tda19988@70
[    0.145584] No ATAGs?
[    0.145627] hw-breakpoint: debug architecture 0x4 unsupported.
[    0.148348] kprobes: kprobe jump-optimization is enabled. All kprobes are optimized if possible.
[    0.154067] iommu: Default domain type: Translated
[    0.154089] iommu: DMA domain TLB invalidation policy: strict mode
[    0.161367] SCSI subsystem initialized
[    0.162230] pps_core: LinuxPPS API ver. 1 registered
[    0.162243] pps_core: Software ver. 5.3.6 - Copyright 2005-2007 Rodolfo Giometti <giometti@linux.it>
[    0.162274] PTP clock support registered
[    0.171005] vgaarb: loaded
[    0.171379] clocksource: Switched to clocksource dmtimer
[    0.172058] VFS: Disk quotas dquot_6.6.0
[    0.172116] VFS: Dquot-cache hash table entries: 1024 (order 0, 4096 bytes)
[    0.196163] NET: Registered PF_INET protocol family
[    0.196505] IP idents hash table entries: 8192 (order: 4, 65536 bytes, linear)
[    0.197943] tcp_listen_portaddr_hash hash table entries: 512 (order: 0, 4096 bytes, linear)
[    0.197979] Table-perturb hash table entries: 65536 (order: 6, 262144 bytes, linear)
[    0.197998] TCP established hash table entries: 4096 (order: 2, 16384 bytes, linear)
[    0.198044] TCP bind hash table entries: 4096 (order: 4, 65536 bytes, linear)
[    0.198143] TCP: Hash tables configured (established 4096 bind 4096)
[    0.198262] UDP hash table entries: 256 (order: 1, 14336 bytes, linear)
[    0.198298] UDP-Lite hash table entries: 256 (order: 1, 14336 bytes, linear)
[    0.198482] NET: Registered PF_UNIX/PF_LOCAL protocol family
[    0.202165] RPC: Registered named UNIX socket transport module.
[    0.202186] RPC: Registered udp transport module.
[    0.202192] RPC: Registered tcp transport module.
[    0.202197] RPC: Registered tcp-with-tls transport module.
[    0.202202] RPC: Registered tcp NFSv4.1 backchannel transport module.
[    0.202226] PCI: CLS 0 bytes, default 64
[    0.203616] Initialise system trusted keyrings
[    0.212284] workingset: timestamp_bits=14 max_order=17 bucket_order=3
[    0.213650] NFS: Registering the id_resolver key type
[    0.213734] Key type id_resolver registered
[    0.213741] Key type id_legacy registered
[    0.213847] jffs2: version 2.2. (NAND) (SUMMARY)  Â© 2001-2006 Red Hat, Inc.
[    0.214306] Key type asymmetric registered
[    0.214320] Asymmetric key parser 'x509' registered
[    0.214392] io scheduler mq-deadline registered
[    0.214403] io scheduler kyber registered
[    0.214472] io scheduler bfq registered
[    0.216343] target-module@4b000000:target-module@140000:pmu@0:fck: device ID is greater than 24
[    0.222528] l3-aon-clkctrl:0000:0: failed to disable
[    0.231534] ledtrig-cpu: registered to indicate activity on CPUs
[    0.234354] Serial: 8250/16550 driver, 6 ports, IRQ sharing enabled
[    0.274896] brd: module loaded
[    0.300484] loop: module loaded
[    0.301558] mtdoops: mtd device (mtddev=name/number) must be supplied
[    0.304716] i2c_dev: i2c /dev entries driver
[    0.305703] cpuidle: enable-method property 'ti,am3352' found operations
[    0.306142] sdhci: Secure Digital Host Controller Interface driver
[    0.306151] sdhci: Copyright(c) Pierre Ossman
[    0.306325] sdhci-pltfm: SDHCI platform and OF driver helper
[    0.307797] hw perfevents: enabled with armv7_cortex_a8 PMU driver, 5 (8000000f) counters available
[    0.308310] Initializing XFRM netlink socket
[    0.308494] NET: Registered PF_INET6 protocol family
[    0.314143] l3-aon-clkctrl:0000:0: failed to disable
[    0.322597] Segment Routing with IPv6
[    0.322684] In-situ OAM (IOAM) with IPv6
[    0.322783] sit: IPv6, IPv4 and MPLS over IPv4 tunneling driver
[    0.323758] NET: Registered PF_PACKET protocol family
[    0.323785] NET: Registered PF_KEY protocol family
[    0.323912] Key type dns_resolver registered
[    0.324145] ThumbEE CPU extension supported.
[    0.324166] Registering SWP/SWPB emulation handler
[    0.324702] omap_voltage_late_init: Voltage driver support not added
[    0.325395] SmartReflex Class3 initialized
[    0.341864] Loading compiled-in X.509 certificates
[    0.395741] /ocp/interconnect@44c00000/segment@200000/target-module@b000/i2c@0/tda19988@70: Fixed dependency cycle(s) with /ocp/interconnect@48000000/segment@300000/target-module@e000/lcdc@0
[    0.402312] /ocp/interconnect@44c00000/segment@200000/target-module@b000/i2c@0/tda19988@70: Fixed dependency cycle(s) with /ocp/interconnect@48000000/segment@300000/target-module@e000/lcdc@0
[    0.442333] /ocp/interconnect@44c00000/segment@200000/target-module@b000/i2c@0/tda19988@70: Fixed dependency cycle(s) with /ocp/interconnect@48000000/segment@300000/target-module@e000/lcdc@0
[    0.443263] /ocp/interconnect@44c00000/segment@200000/target-module@b000/i2c@0/tda19988@70: Fixed dependency cycle(s) with /ocp/interconnect@48000000/segment@300000/target-module@e000/lcdc@0
[    0.446775] /ocp/interconnect@44c00000/segment@200000/target-module@10000/scm@0/pinmux@800: Fixed dependency cycle(s) with /ocp/interconnect@44c00000/segment@200000/target-module@10000/scm@0/pinmux@800/clkout2-pins
[    0.447384] pinctrl-single 44e10800.pinmux: 142 pins, size 568
[    0.452813] ti-sysc 44e31000.target-module: probe with driver ti-sysc failed with error -16
[    0.477908] /ocp/interconnect@48000000/segment@300000/target-module@e000/lcdc@0: Fixed dependency cycle(s) with /ocp/interconnect@44c00000/segment@200000/target-module@b000/i2c@0/tda19988@70
[    0.486281] ti-sysc 48040000.target-module: probe with driver ti-sysc failed with error -16
[    0.533355] OMAP GPIO hardware version 0.1
[    0.564154] omap_i2c 4819c000.i2c: bus 2 rev0.11 at 100 kHz
[    0.607278] 48000000.interconnect:segment@200000:target-module@0:mpu@0:fck: device ID is greater than 24
[    0.608160] /ocp/interconnect@48000000/segment@300000/target-module@e000/lcdc@0: Fixed dependency cycle(s) with /ocp/interconnect@44c00000/segment@200000/target-module@b000/i2c@0/tda19988@70
[    0.610961] /ocp/interconnect@48000000/segment@300000/target-module@e000/lcdc@0: Fixed dependency cycle(s) with /ocp/interconnect@44c00000/segment@200000/target-module@b000/i2c@0/tda19988@70
[    0.611848] /ocp/interconnect@44c00000/segment@200000/target-module@b000/i2c@0/tda19988@70: Fix ed dependency cycle(s) with /ocp/interconnect@48000000/segment@300000/target-module@e000/lcdc@0
[    0.612012] /ocp/interconnect@48000000/segment@300000/target-module@e000/lcdc@0: Fixed dependency cycle(s) with /ocp/interconnect@44c00000/segment@200000/target-module@b000/i2c@0/tda19988@70
[    0.623263] sdhci-omap 481d8000.mmc: supply pbias not found, using dummy regulator
[    0.623755] sdhci-omap 481d8000.mmc: supply vqmmc not found, using dummy regulator
[    0.673113] davinci_mdio 4a101000.mdio: d avinci mdio revision 1.6, bus freq 1000000
[    0.827080] davinci_mdio 4a101000.mdio: phy[0]: device 4a101000.mdio:00, driver SMSC LAN8710/LAN8720
[    0.827846] cpsw-switch 4a100000.switch: initialized cpsw ale version 1.4
[    0.827869] cpsw-switch 4a100000.switch: ALE Table size 1024, Policers 0
[    0.828194] cpsw-switch 4a100000.switch: cpts: overflow check period 500 (jiffies)
[    0.828212] cpsw-switch 4a100000.switch: CPTS: ref_clk_freq:250000000 calc_mult:2147483648 calc_shift:29 error:0 nsec/sec
[    0.828334] cpsw-switch 4a100000.switch: Detected MACID = 6c:ec:eb:68:de:78
[    0.830216] cpsw-switch 4a100000.switch: initialized (regs 0x4a100000, pool size 256) hw_ver:0019010C 1.12 (0)
[    0.841192] debugfs: Directory '49000000.dma' with parent 'dmaengine' already present!
[    0.841233] edma 49000000.dma: TI EDMA DMA engine driver
[    0.898716] 44e09000.serial: ttyS0 at MMIO 0x44e09000 (irq = 34, base_baud = 3000000) is a 8250
[    0.898806] printk: legacy console [ttyS0] enabled
[    2.392378] tps65217-pmic: Failed to locate of_node [id: -1]
[    2.398453] tps65217-bl: Failed to locate of_node [id: -1]
[    2.404532] platform tps65217-charger: DMA mask not set
[    2.410564] platform tps65217-pwrbutton: DMA mask not set
[    2.418003] tps65217 0-0024: TPS65217 ID 0xe version 1.2
[    2.424142] /ocp/interconnect@48000000/segment@300000/target-module@e000/lcdc@0: Fixed dependency cycle(s) with /ocp/interconnect@44c00000/segment@200000/target-module@b000/i2c@0/tda19988@70
[    2.441529
[    5.842143] cpsw-switch 4a100000.switch eth0: Link is Up - 100Mbps/Full - flow control off
[    5.871399] IP-Config: Complete:
[    5.874670]      device=eth0, hwaddr=6c:ec:eb:68:de:78, ipaddr=192.168.255.1, mask=255.255.255.0, gw=255.255.255.255
[    5.885314]      host=bbb1, domain=, nis-domain=(none)
[    5.890482]      bootserver=192.168.255.126, rootserver=192.168.255.126, rootpath=
[    5.890896] clk: Disabling unused clocks
[    5.902755] PM: genpd: Disabling unused power domains
[    5.907876] KTAP version 1
[    5.910596] 1..0
[    5.935127] VFS: Mounted root (nfs filesystem) on device 0:17.
[    5.942009] devtmpfs: mounted
[    5.946489] Freeing unused kernel image (initmem) memory: 1024K
[    5.953255] Run /sbin/init as init process
[    6.657970] systemd[1]: System time before build time, advancing clock.
[    8.151395] random: crng init done
[    8.163985] systemd[1]: systemd 232 running in system mode. (+PAM +AUDIT +SELINUX +IMA +APPARMOR +SMACK +SYSVINIT +UTMP +LIBCRYPTSETUP +GCRYPT +GNUTLS +ACL +XZ +LZ4 +SECCOMP +BLKID +ELFUTILS +KMOD +IDN)
[    8.183108] systemd[1]: Detected architecture arm.

Welcome to [1mDebian GNU/Linux 9 (stretch)[0m!

[    8.214528] systemd[1]: Set hostname to <arm>.
[    9.319443] systemd[1]: Listening on Journal Audit Socket.
[[0;32m  OK  [0m] Listening on Journal Audit Socket.
[    9.343299] systemd[1]: systemd-journald.socket: SO_PASSSEC failed: Operation not supported
[    9.352189] systemd[1]: systemd-journald.socket: SO_PASSSEC failed: Operation not supported
[    9.360774] systemd[1]: Listening on Journal Socket.
[[0;32m  OK  [0m] Listening on Journal Socket.
[    9.383359] systemd[1]: Listening on /dev/initctl Compatibility Named Pipe.
[[0;32m  OK  [0m] Listening on /dev/initctl Compatibility Named Pipe.
[    9.413017] systemd[1]: Created slice User and Session Slice.
[[0;32m  OK  [0m] Created slice User and Session Slice.
[    9.442456] systemd[1]: Started Dispatch Password Requests to Console Directory Watch.
[[0;32m  OK  [0m] Started Dispatch Password Requests to Console Directory Watch.
[[0;32m  OK  [0m] Reached target Remote File Systems.
[[0;32m  OK  [0m] Listening on udev Control Socket.
[[0;32m  OK  [0m] Listening on udev Kernel Socket.
[[0;32m  OK  [0m] Started Forward Password Requests to Wall Directory Watch.
[[0;32m  OK  [0m] Reached target Paths.
[[0;32m  OK  [0m] Reached target Encrypted Volumes.
[[0;32m  OK  [0m] Listening on Journal Socket (/dev/log).
[[0;32m  OK  [0m] Created slice System Slice.
         Mounting Debug File System...
         Starting Load Kernel Modules...
[[0;32m  OK  [0m] Reached target Slices.
         Starting Create list of required stâ€¦ce nodes for the current kernel...
[[0;32m  OK  [0m] Set up automount Arbitrary Executabâ€¦rmats File System Automount Point.
         Mounting POSIX Message Queue File System...
[[0;32m  OK  [0m] Created slice system-serial\x2dgetty.slice.
[[0;32m  OK  [0m] Listening on Syslog Socket.
         Starting Journal Service...
[[0;32m  OK  [0m] Created slice system-getty.slice.
[[0;32m  OK  [0m] Reached target Swap.
         Starting Remount Root and Kernel File Systems...
[[0;32m  OK  [0m] Mounted POSIX Message Queue File System.
[[0;32m  OK  [0m] Mounted Debug File System.
[[0;32m  OK  [0m] Started Load Kernel Modules.
[[0;32m  OK  [0m] Started Create list of required staâ€¦vice nodes for the current kernel.
         Starting Create Static Device Nodes in /dev...
         Starting Apply Kernel Variables...
         Mounting Configuration File System...
[[0;32m  OK  [0m] Started Remount Root and Kernel File Systems.
         Starting Load/Save Random Seed...
         Starting udev Coldplug all Devices...
[[0;32m  OK  [0m] Mounted Configuration File System.
[[0;32m  OK  [0m] Started Apply Kernel Variables.
[[0;32m  OK  [0m] Started Load/Save Random Seed.
[[0;32m  OK  [0m] Started Create Static Device Nodes in /dev.
[[0;32m  OK  [0m] Reached target Local File Systems (Pre).
[[0;32m  OK  [0m] Reached target Local File Systems.
         Starting Raise network interfaces...
         Starting udev Kernel Device Manager...
[[0;32m  OK  [0m] Started Journal Service.
         Starting Flush Journal to Persistent Storage...
[   11.713321] systemd-journald[90]: Received request to flush runtime journal from PID 1
[[0;32m  OK  [0m] Started Flush Journal to Persistent Storage.
         Starting Create Volatile Files and Directories...
[[0;32m  OK  [0m] Started udev Kernel Device Manager.
[[0;32m  OK  [0m] Started Create Volatile Files and Directories.
         Starting Network Time Synchronization...
         Starting Update UTMP about System Boot/Shutdown...
[[0;32m  OK  [0m] Started Update UTMP about System Boot/Shutdown.
[[0;32m  OK  [0m] Started Network Time Synchronization.
[[0;32m  OK  [0m] Started udev Coldplug all Devices.
[[0;32m  OK  [0m] Reached target System Initialization.
[[0;32m  OK  [0m] Started Daily Cleanup of Temporary Directories.
[[0;32m  OK  [0m] Listening on Avahi mDNS/DNS-SD Stack Activation Socket.
[[0;32m  OK  [0m] Listening on D-Bus System Message Bus Socket.
[[0;32m  OK  [0m] Reached target Sockets.
[[0;32m  OK  [0m] Reached target Basic System.
[[0;32m  OK  [0m] Started Regular background program processing daemon.
[   15.167374] remoteproc remoteproc0: wkup_m3 is available
         Starting Cape Manager Service...
[   15.250051] omap_rtc 44e3e000.rtc: registered as rtc0
[   15.255410] omap_rtc 44e3e000.rtc: setting system clock to 2000-01-01T00:00:00 UTC (946684800)
         Starting Avahi mDNS/DNS-SD Stack...
[   15.381018] am335x-phy-driver 47401300.usb-phy: dummy supplies not allowed for exclusive requests (id=vbus)
         Starting Login Service...
[   15.531615] at24 2-0054: supply vcc not found, using dummy regulator
[   15.589278] at24 2-0055: supply vcc not found, using dummy regulator
[[0;32m  OK  [0m] Started D-Bus System Message Bus.
[   15.681957] at24 2-0056: supply vcc not found, using dummy regulator
[   15.835226] at24 2-0057: supply vcc not found, using dummy regulator
[   15.901952] input: tps65217_pwrbutton as /devices/platform/ocp/44c00000.interconnect/44c00000.interconnect:segment@200000/44e0b000.target-module/44e0b000.i2c/i2c-0/0-0024/tps65217-pwrbutton/input/input0
[   15.993659] at24 0-0050: 32768 byte 24c256 EEPROM, writable, 1 bytes/write
[   16.083998] am335x-phy-driver 47401b00.usb-phy: dummy supplies not allowed for exclusive requests (id=vbus)
[   16.844322] omap_wdt: OMAP Watchdog Timer Rev 0x01: initial timeout 60 sec
[   17.090741] usbcore: registered new interface driver usbfs
[   17.096571] usbcore: registered new interface driver hub
[   17.102290] usbcore: registered new device driver usb
[   17.482136] omap-mailbox 480c8000.mailbox: omap mailbox rev 0x400
[   17.534353] remoteproc remoteproc0: powering up wkup_m3
[   17.799098] remoteproc remoteproc0: Direct firmware load for am335x-pm-firmware.elf failed with error -2
[   17.809022] remoteproc remoteproc0: request_firmware failed: -2
[   17.815121] wkup_m3_ipc 44e11324.wkup_m3_ipc: rproc_boot failed
[   18.039381] musb-hdrc musb-hdrc.1: MUSB HDRC host driver
[   18.045002] musb-hdrc musb-hdrc.1: new USB bus registered, assigned bus number 1
[   18.105231] tda998x 0-0070: found TDA19988
[   18.282596] usb usb1: New USB device found, idVendor=1d6b, idProduct=0002, bcdDevice= 6.16
[   18.291293] usb usb1: New USB device strings: Mfr=3, Product=2, SerialNumber=1
[   18.298730] usb usb1: Product: MUSB HDRC host driver
[   18.303785] usb usb1: Manufacturer: Linux 6.16.8-90812-g362f34fba309 musb-hcd
[   18.310959] usb usb1: SerialNumber: musb-hdrc.1
[   18.720892] hub 1-0:1.0: USB hub found
[   18.795181] hub 1-0:1.0: 1 port detected
[   19.789028] omap_rng 48310000.rng: Random Number Generator ver. 20
[   19.819170] tilcdc 4830e000.lcdc: bound 0-0070 (ops 0xbf13c0f8)
[   19.912329] [drm] Initialized tilcdc 1.0.0 for 4830e000.lcdc on minor 0
[   19.983370] tilcdc 4830e000.lcdc: [drm] Cannot find any crtc or sizes
[   20.017348] tilcdc 4830e000.lcdc: [drm] Cannot find any crtc or sizes
[[0;32m  OK  [0m] Started Avahi mDNS/DNS-SD Stack.
         Starting Connection service...
         Starting LSB: Load kernel modules needed to enable cpufreq scaling...
         Starting Telephony service...
         Starting DUN service...
         Starting LSB: Start busybox udhcpd at boot time...
         Starting System Logging Service...
         Starting Generic Board Startup...
[[0;32m  OK  [0m] Reached target System Time Synchronized.
[   21.106131] PM: Cannot get wkup_m3_ipc handle
[[0;32m  OK  [0m] Started Daily apt download activities.
[[0;32m  OK  [0m] Started Daily apt upgrade and clean activities.
[[0;32m  OK  [0m] Reached target Timers.
[   21.326816] omap-sham 53100000.sham: hw accel on OMAP rev 4.3
[   21.479608] omap-sham 53100000.sham: will run requests pump with realtime priority
[   21.489603] PM: Cannot get wkup_m3_ipc handle
[   21.562394] omap-aes 53500000.aes: OMAP AES hw accel rev: 3.2
[[0;32m  OK  [0m] Started Cape Manager Service.
[   21.673894] omap-aes 53500000.aes: will run requests pump with realtime priority
[   21.687947] PM: Cannot get wkup_m3_ipc handle
[[0;32m  OK  [0m] Found device /dev/ttyS0.
[[0;32m  OK  [0m] Started System Logging Service.
[   24.102932] Bluetooth: Core ver 2.22
[   24.106771] NET: Registered PF_BLUETOOTH protocol family
[   24.112341] Bluetooth: HCI device and connection manager initialized
[   24.118761] Bluetooth: HCI socket layer initialized
[   24.123744] Bluetooth: L2CAP socket layer initialized
[   24.128862] Bluetooth: SCO socket layer initialized
[   24.993024] gpio-537 (nxp,calib): gpiod_direction_output_nonotify: tried to set a GPIO tied to an IRQ as output
[   25.088769] PM: Cannot get wkup_m3_ipc handle
[   25.236333] PM: Cannot get wkup_m3_ipc handle
[   25.282035] tda9950 0-0034: TDA9950 CEC interface, hardware version 3.3
[   25.375698] PM: Cannot get wkup_m3_ipc handle
[[0;32m  OK  [0m] Started LSB: Start busybox udhcpd at boot time.
[[0;32m  OK  [0m] Started LSB: Load kernel modules needed to enable cpufreq scaling.
[[0;32m  OK  [0m] Started Raise network interfaces.
[   29.102659] configfs-gadget.g_multi gadget.0: HOST MAC 1c:ba:8c:a2:ed:6c
[   29.109440] configfs-gadget.g_multi gadget.0: MAC 1c:ba:8c:a2:ed:70
[   29.116794] configfs-gadget.g_multi gadget.0: HOST MAC 1c:ba:8c:a2:ed:6c
[   29.123681] configfs-gadget.g_multi gadget.0: MAC 1c:ba:8c:a2:ed:6d
[   29.133826] PM: Cannot get wkup_m3_ipc handle
[[0;32m  OK  [0m] Started DUN service.
[[0;32m  OK  [0m] Started Telephony service.
[[0;32m  OK  [0m] Started Connection service.
[[0;32m  OK  [0m] Started Login Service.
[[0;32m  OK  [0m] Reached target Sound Card.
[[0;32m  OK  [0m] Reached target Network.
         Starting The Apache HTTP Server...
         Starting OpenBSD Secure Shell server...
         Starting Permit User Sessions...
[[0;32m  OK  [0m] Reached target Network is Online.
         Starting LSB: Advanced IEEE 802.11 management daemon...
         Starting LSB: set CPUFreq kernel parameters...
[[0;32m  OK  [0m] Started LSB: Advanced IEEE 802.11 management daemon.
[[0;32m  OK  [0m] Started Permit User Sessions.
         Starting Hostname Service...
         Starting WPA supplicant...
[[0;32m  OK  [0m] Started Getty on tty1.
[[0;32m  OK  [0m] Started Serial Getty on ttyS0.
[[0;32m  OK  [0m] Reached target Login Prompts.
[[0;32m  OK  [0m] Started LSB: set CPUFreq kernel parameters.
[[0;32m  OK  [0m] Started WPA supplicant.
[[0;32m  OK  [0m] Started Hostname Service.
[[0;32m  OK  [0m] Started OpenBSD Secure Shell server.
         Stopping LSB: Start busybox udhcpd at boot time...
[[0;32m  OK  [0m] Stopped LSB: Start busybox udhcpd at boot time.
[[0;32m  OK  [0m] Started The Apache HTTP Server.
         Starting dnsmasq - A lightweight DHCP and caching DNS server...
[[0;32m  OK  [0m] Started dnsmasq - A lightweight DHCP and caching DNS server.
[[0;32m  OK  [0m] Reached target Host and Network Name Lookups.
[[0;32m  OK  [0m] Started Serial Getty on ttyGS0.
[[0;32m  OK  [0m] Started Generic Board Startup.
[[0;32m  OK  [0m] Reached target Multi-User System.
[[0;32m  OK  [0m] Reached target Graphical Interface.
         Starting Update UTMP about System Runlevel Changes...
[[0;32m  OK  [0m] Started Update UTMP about System Runlevel Changes.

Debian GNU/Linux 9 arm ttyS0

default username:password is [debian:temppwd]

arm login: root
Password: 
Last login: Sat Jan  1 00:00:34 UTC 2000 on ttyS0
root
Linux arm 6.16.8-90812-g362f34fba309 #1 SMP Fri Sep 19 20:28:55 EEST 2025 armv7l

The programs included with the Debian GNU/Linux system are free software;
the exact distribution terms for each program are described in the
individual files in /usr/share/doc/*/copyright.

Debian GNU/Linux comes with ABSOLUTELY NO WARRANTY, to the extent
permitted by applicable law.
root@arm:~# root
dmesg -n 1
-bash: root: command not found
root@arm:~# dmesg -n 1
root@arm:~# echo 'ZTLF''KLMCKJ'
ZTLFKLMCKJ
root@arm:~# run() { echo -n "$MARKER"; sh -c "$@"; echo "$MARKER $?"; }
root@arm:~# echo 'FHTZ''WMFKXY'
FHTZWMFKXY
root@arm:~# MARKER='MEQB''WWMOLE' run 'cat /proc/version'
MEQBWWMOLELinux version 6.16.8-90812-g362f34fba309 (user01@drvtest01) (arm-none-eabi-gcc (Arm GNU Toolchain 14.2.Rel1 (Build arm-14.52)) 14.2.1 20241119, GNU ld (Arm GNU Toolchain 14.2.Rel1 (Build arm-14.52)) 2.43.1.20241119) #1 SMP Fri Sep 19 20:28:55 EEST 2025
MEQBWWMOLE 0
root@arm:~# echo 'SEYN''ATPYGB'
SEYNATPYGB
root@arm:~# MARKER='WQNL''BPWJPZ' run false
WQNLBPWJPZWQNLBPWJPZ 1
root@arm:~# Labgrid Console Logfile for main
Logfile started at 2025-09-19 20:31:51.190347
=== Log starts here ===

root@arm:~# run() { echo -n "$MARKER"; sh -c "$@"; echo "$MARKER $?"; }
root@arm:~# echo 'ZZKH''JWQSNP'
ZZKHJWQSNP
root@arm:~# MARKER='NSNK''NGNQCL' run 'ls /iio_generic_buffer; echo $?'
NSNKNGNQCL/iio_generic_buffer
0
NSNKNGNQCL 0
root@arm:~# Labgrid Console Logfile for main
Logfile started at 2025-09-19 20:31:54.559998
=== Log starts here ===

root@arm:~# run() { echo -n "$MARKER"; sh -c "$@"; echo "$MARKER $?"; }
root@arm:~# echo 'JKZG''VMLAZP'
JKZGVMLAZP
root@arm:~# MARKER='JEQV''YSOGUG' run dmesg
JEQVYSOGUG[    0.000000] Booting Linux on physical CPU 0x0
[    0.000000] Linux version 6.16.8-90812-g362f34fba309 (user01@drvtest01) (arm-none-eabi-gcc (Arm GNU Toolchain 14.2.Rel1 (Build arm-14.52)) 14.2.1 20241119, GNU ld (Arm GNU Toolchain 14.2.Rel1 (Build arm-14.52)) 2.43.1.20241119) #1 SMP Fri Sep 19 20:28:55 EEST 2025
[    0.000000] CPU: ARMv7 Processor [413fc082] revision 2 (ARMv7), cr=10c5387d
[    0.000000] CPU: PIPT / VIPT nonaliasing data cache, VIPT aliasing instruction cache
[    0.000000] OF: fdt: Machine model: TI AM335x BeagleBone Black
[    0.000000] Memory policy: Data cache writeback
[    0.000000] cma: Reserved 16 MiB at 0x9e800000
[    0.000000] Zone ranges:
[    0.000000]   Normal   [mem 0x0000000080000000-0x000000009fdfffff]
[    0.000000]   HighMem  empty
[    0.000000] Movable zone start for each node
[    0.000000] Early memory node ranges
[    0.000000]   node   0: [mem 0x0000000080000000-0x000000009fdfffff]
[    0.000000] Initmem setup node 0 [mem 0x0000000080000000-0x000000009fdfffff]
[    0.000000] On node 0, zone Normal: 512 pages in unavailable ranges
[    0.000000] OF: reserved mem: Reserved memory: No reserved-memory node in the DT
[    0.000000] CPU: All CPU(s) started in SVC mode.
[    0.000000] AM335X ES2.1 (sgx neon)
[    0.000000] percpu: Embedded 17 pages/cpu s39820 r8192 d21620 u69632
[    0.000000] pcpu-alloc: s39820 r8192 d21620 u69632 alloc=17*4096
[    0.000000] pcpu-alloc: [0] 0 
[    0.000000] Kernel command line: console=ttyO0,115200n8 root=/dev/nfs rw nfsroot=192.168.255.126:/home/user01/nfs,nfsvers=3 ip=192.168.255.1:192.168.255.126::255.255.255.0:bbb1:eth0 nfsrootdebug
[    0.000000] Unknown kernel command line parameters "nfsrootdebug", will be passed to user space.
[    0.000000] printk: log buffer data + meta data: 65536 + 204800 = 270336 bytes
[    0.000000] Dentry cache hash table entries: 65536 (order: 6, 262144 bytes, linear)
[    0.000000] Inode-cache hash table entries: 32768 (order: 5, 131072 bytes, linear)
[    0.000000] Built 1 zonelists, mobility grouping on.  Total pages: 130560
[    0.000000] mem auto-init: stack:off, heap alloc:off, heap free:off
[    0.000000] SLUB: HWalign=16, Order=0-3, MinObjects=0, CPUs=1, Nodes=1
[    0.000000] rcu: Hierarchical RCU implementation.
[    0.000000] rcu: 	RCU event tracing is enabled.
[    0.000000] rcu: 	RCU restricting CPUs from NR_CPUS=2 to nr_cpu_ids=1.
[    0.000000] 	Tracing variant of Tasks RCU enabled.
[    0.000000] rcu: RCU calculated value of scheduler-enlistment delay is 10 jiffies.
[    0.000000] rcu: Adjusting geometry for rcu_fanout_leaf=16, nr_cpu_ids=1
[    0.000000] RCU Tasks Trace: Setting shift to 0 and lim to 1 rcu_task_cb_adjust=1 rcu_task_cpu_ids=1.
[    0.000000] NR_IRQS: 16, nr_irqs: 16, preallocated irqs: 16
[    0.000000] IRQ: Found an INTC at 0x(ptrval) (revision 5.0) with 128 interrupts
[    0.000000] rcu: srcu_init: Setting srcu_struct sizes based on contention.
[    0.000000] TI gptimer clocksource: always-on /ocp/interconnect@44c00000/segment@200000/target-module@31000
[    0.000003] sched_clock: 32 bits at 24MHz, resolution 41ns, wraps every 89478484971ns
[    0.000026] clocksource: dmtimer: mask: 0xffffffff max_cycles: 0xffffffff, max_idle_ns: 79635851949 ns
[    0.000509] TI gptimer clockevent: 24000000 Hz at /ocp/interconnect@48000000/segment@0/target-module@40000
[    0.002135] Console: colour dummy device 80x30
[    0.002201] WARNING: Your 'console=ttyO0' has been replaced by 'ttyS0'
[    0.002209] This ensures that you still see kernel messages. Please
[    0.002213] update your kernel commandline.
[    0.002257] Calibrating delay loop... 996.14 BogoMIPS (lpj=4980736)
[    0.090556] CPU: Testing write buffer coherency: ok
[    0.090665] CPU0: Spectre v2: using BPIALL workaround
[    0.090675] pid_max: default: 32768 minimum: 301
[    0.090830] LSM: initializing lsm=capability
[    0.091004] Mount-cache hash table entries: 1024 (order: 0, 4096 bytes, linear)
[    0.091023] Mountpoint-cache hash table entries: 1024 (order: 0, 4096 bytes, linear)
[    0.092646] CPU0: thread -1, cpu 0, socket -1, mpidr 0
[    0.092705] cacheinfo: Unable to detect cache hierarchy for CPU 0
[    0.094739] Setting up static identity map for 0x80100000 - 0x80100078
[    0.095088] rcu: Hierarchical SRCU implementation.
[    0.095100] rcu: 	Max phase no-delay instances is 1000.
[    0.096838] smp: Bringing up secondary CPUs ...
[    0.096889] smp: Brought up 1 node, 1 CPU
[    0.096902] SMP: Total of 1 processors activated (996.14 BogoMIPS).
[    0.096913] CPU: All CPU(s) started in SVC mode.
[    0.097100] Memory: 480820K/522240K available (11264K kernel code, 1221K rwdata, 2924K rodata, 1024K init, 287K bss, 23388K reserved, 16384K cma-reserved, 0K highmem)
[    0.097928] devtmpfs: initialized
[    0.114828] VFP support v0.3: implementor 41 architecture 3 part 30 variant c rev 3
[    0.115467] clocksource: jiffies: mask: 0xffffffff max_cycles: 0xffffffff, max_idle_ns: 19112604462750000 ns
[    0.115525] posixtimers hash table entries: 512 (order: 0, 4096 bytes, linear)
[    0.115550] futex hash table entries: 256 (16384 bytes on 1 NUMA nodes, total 16 KiB, linear).
[    0.116673] pinctrl core: initialized pinctrl subsystem
[    0.118727] NET: Registered PF_NETLINK/PF_ROUTE protocol family
[    0.121841] DMA: preallocated 256 KiB pool for atomic coherent allocations
[    0.122807] audit: initializing netlink subsys (disabled)
[    0.124168] thermal_sys: Registered thermal governor 'fair_share'
[    0.124186] thermal_sys: Registered thermal governor 'step_wise'
[    0.124194] thermal_sys: Registered thermal governor 'user_space'
[    0.124305] audit: type=2000 audit(0.120:1): state=initialized audit_enabled=0 res=1
[    0.124379] cpuidle: using governor menu
[    0.142287] /ocp/interconnect@44c00000/segment@200000/target-module@b000/i2c@0/tda19988@70: Fixed dependency cycle(s) with /ocp/interconnect@48000000/segment@300000/target-module@e000/lcdc@0
[    0.143408] /ocp/interconnect@48000000/segment@300000/target-module@e000/lcdc@0: Fixed dependency cycle(s) with /ocp/interconnect@44c00000/segment@200000/target-module@b000/i2c@0/tda19988@70
[    0.145584] No ATAGs?
[    0.145627] hw-breakpoint: debug architecture 0x4 unsupported.
[    0.148348] kprobes: kprobe jump-optimization is enabled. All kprobes are optimized if possible.
[    0.154067] iommu: Default domain type: Translated
[    0.154089] iommu: DMA domain TLB invalidation policy: strict mode
[    0.155659] reg-fixed-voltage fixedregulator0: using DT '/fixedregulator0' for '(default)' GPIO lookup
[    0.155710] of_get_named_gpiod_flags: can't parse 'gpios' property of node '/fixedregulator0[0]'
[    0.155739] of_get_named_gpiod_flags: can't parse 'gpio' property of node '/fixedregulator0[0]'
[    0.155755] reg-fixed-voltage fixedregulator0: using lookup tables for GPIO lookup
[    0.155765] reg-fixed-voltage fixedregulator0: No GPIO consumer (default) found
[    0.161367] SCSI subsystem initialized
[    0.161865] libata version 3.00 loaded.
[    0.162230] pps_core: LinuxPPS API ver. 1 registered
[    0.162243] pps_core: Software ver. 5.3.6 - Copyright 2005-2007 Rodolfo Giometti <giometti@linux.it>
[    0.162274] PTP clock support registered
[    0.171005] vgaarb: loaded
[    0.171379] clocksource: Switched to clocksource dmtimer
[    0.172058] VFS: Disk quotas dquot_6.6.0
[    0.172116] VFS: Dquot-cache hash table entries: 1024 (order 0, 4096 bytes)
[    0.196163] NET: Registered PF_INET protocol family
[    0.196505] IP idents hash table entries: 8192 (order: 4, 65536 bytes, linear)
[    0.197943] tcp_listen_portaddr_hash hash table entries: 512 (order: 0, 4096 bytes, linear)
[    0.197979] Table-perturb hash table entries: 65536 (order: 6, 262144 bytes, linear)
[    0.197998] TCP established hash table entries: 4096 (order: 2, 16384 bytes, linear)
[    0.198044] TCP bind hash table entries: 4096 (order: 4, 65536 bytes, linear)
[    0.198143] TCP: Hash tables configured (established 4096 bind 4096)
[    0.198262] UDP hash table entries: 256 (order: 1, 14336 bytes, linear)
[    0.198298] UDP-Lite hash table entries: 256 (order: 1, 14336 bytes, linear)
[    0.198482] NET: Registered PF_UNIX/PF_LOCAL protocol family
[    0.202165] RPC: Registered named UNIX socket transport module.
[    0.202186] RPC: Registered udp transport module.
[    0.202192] RPC: Registered tcp transport module.
[    0.202197] RPC: Registered tcp-with-tls transport module.
[    0.202202] RPC: Registered tcp NFSv4.1 backchannel transport module.
[    0.202226] PCI: CLS 0 bytes, default 64
[    0.203616] Initialise system trusted keyrings
[    0.212284] workingset: timestamp_bits=14 max_order=17 bucket_order=3
[    0.213650] NFS: Registering the id_resolver key type
[    0.213734] Key type id_resolver registered
[    0.213741] Key type id_legacy registered
[    0.213847] jffs2: version 2.2. (NAND) (SUMMARY)  Â© 2001-2006 Red Hat, Inc.
[    0.214306] Key type asymmetric registered
[    0.214320] Asymmetric key parser 'x509' registered
[    0.214392] io scheduler mq-deadline registered
[    0.214403] io scheduler kyber registered
[    0.214472] io scheduler bfq registered
[    0.216343] target-module@4b000000:target-module@140000:pmu@0:fck: device ID is greater than 24
[    0.222528] l3-aon-clkctrl:0000:0: failed to disable
[    0.231534] ledtrig-cpu: registered to indicate activity on CPUs
[    0.234354] Serial: 8250/16550 driver, 6 ports, IRQ sharing enabled
[    0.274896] brd: module loaded
[    0.300484] loop: module loaded
[    0.301558] mtdoops: mtd device (mtddev=name/number) must be supplied
[    0.303335] mdio_bus fixed-0: using lookup tables for GPIO lookup
[    0.303360] mdio_bus fixed-0: No GPIO consumer reset found
[    0.304716] i2c_dev: i2c /dev entries driver
[    0.305703] cpuidle: enable-method property 'ti,am3352' found operations
[    0.306142] sdhci: Secure Digital Host Controller Interface driver
[    0.306151] sdhci: Copyright(c) Pierre Ossman
[    0.306325] sdhci-pltfm: SDHCI platform and OF driver helper
[    0.307797] hw perfevents: enabled with armv7_cortex_a8 PMU driver, 5 (8000000f) counters available
[    0.308310] Initializing XFRM netlink socket
[    0.308494] NET: Registered PF_INET6 protocol family
[    0.314143] l3-aon-clkctrl:0000:0: failed to disable
[    0.322597] Segment Routing with IPv6
[    0.322684] In-situ OAM (IOAM) with IPv6
[    0.322783] sit: IPv6, IPv4 and MPLS over IPv4 tunneling driver
[    0.323758] NET: Registered PF_PACKET protocol family
[    0.323785] NET: Registered PF_KEY protocol family
[    0.323912] Key type dns_resolver registered
[    0.324145] ThumbEE CPU extension supported.
[    0.324166] Registering SWP/SWPB emulation handler
[    0.324702] omap_voltage_late_init: Voltage driver support not added
[    0.325395] SmartReflex Class3 initialized
[    0.341864] Loading compiled-in X.509 certificates
[    0.395741] /ocp/interconnect@44c00000/segment@200000/target-module@b000/i2c@0/tda19988@70: Fixed dependency cycle(s) with /ocp/interconnect@48000000/segment@300000/target-module@e000/lcdc@0
[    0.402312] /ocp/interconnect@44c00000/segment@200000/target-module@b000/i2c@0/tda19988@70: Fixed dependency cycle(s) with /ocp/interconnect@48000000/segment@300000/target-module@e000/lcdc@0
[    0.407868] gpiochip_find_base_unlocked: found new base at 512
[    0.442333] /ocp/interconnect@44c00000/segment@200000/target-module@b000/i2c@0/tda19988@70: Fixed dependency cycle(s) with /ocp/interconnect@48000000/segment@300000/target-module@e000/lcdc@0
[    0.443263] /ocp/interconnect@44c00000/segment@200000/target-module@b000/i2c@0/tda19988@70: Fixed dependency cycle(s) with /ocp/interconnect@48000000/segment@300000/target-module@e000/lcdc@0
[    0.446775] /ocp/interconnect@44c00000/segment@200000/target-module@10000/scm@0/pinmux@800: Fixed dependency cycle(s) with /ocp/interconnect@44c00000/segment@200000/target-module@10000/scm@0/pinmux@800/clkout2-pins
[    0.447384] pinctrl-single 44e10800.pinmux: 142 pins, size 568
[    0.452813] ti-sysc 44e31000.target-module: probe with driver ti-sysc failed with error -16
[    0.477908] /ocp/interconnect@48000000/segment@300000/target-module@e000/lcdc@0: Fixed dependency cycle(s) with /ocp/interconnect@44c00000/segment@200000/target-module@b000/i2c@0/tda19988@70
[    0.486281] ti-sysc 48040000.target-module: probe with driver ti-sysc failed with error -16
[    0.497796] gpiochip_find_base_unlocked: found new base at 512
[    0.497897] gpio gpiochip0: (gpio-0-31): created GPIO range 0->7 ==> 44e10800.pinmux PIN 0->7
[    0.497916] gpio gpiochip0: (gpio-0-31): created GPIO range 8->11 ==> 44e10800.pinmux PIN 90->93
[    0.497932] gpio gpiochip0: (gpio-0-31): created GPIO range 12->27 ==> 44e10800.pinmux PIN 12->27
[    0.497946] gpio gpiochip0: (gpio-0-31): created GPIO range 28->31 ==> 44e10800.pinmux PIN 30->33
[    0.533122] gpio gpiochip0: (gpio-0-31): added GPIO chardev (254:0)
[    0.533268] gpio gpiochip0: registered GPIOs 512 to 543 on gpio-0-31
[    0.533355] OMAP GPIO hardware version 0.1
[    0.563143] i2c i2c-2: using DT '/ocp/interconnect@48000000/segment@100000/target-module@9c000/i2c@0' for 'scl' GPIO lookup
[    0.563218] of_get_named_gpiod_flags: can't parse 'scl-gpios' property of node '/ocp/interconnect@48000000/segment@100000/target-module@9c000/i2c@0[0]'
[    0.563260] of_get_named_gpiod_flags: can't parse 'scl-gpio' property of node '/ocp/interconnect@48000000/segment@100000/target-module@9c000/i2c@0[0]'
[    0.563295] i2c i2c-2: using lookup tables for GPIO lookup
[    0.563303] i2c i2c-2: No GPIO consumer scl found
[    0.563325] i2c i2c-2: using DT '/ocp/interconnect@48000000/segment@100000/target-module@9c000/i2c@0' for 'sda' GPIO lookup
[    0.563360] of_get_named_gpiod_flags: can't parse 'sda-gpios' property of node '/ocp/interconnect@48000000/segment@100000/target-module@9c000/i2c@0[0]'
[    0.563396] of_get_named_gpiod_flags: can't parse 'sda-gpio' property of node '/ocp/interconnect@48000000/segment@100000/target-module@9c000/i2c@0[0]'
[    0.563427] i2c i2c-2: using lookup tables for GPIO lookup
[    0.563435] i2c i2c-2: No GPIO consumer sda found
[    0.564154] omap_i2c 4819c000.i2c: bus 2 rev0.11 at 100 kHz
[    0.569775] gpiochip_find_base_unlocked: found new base at 544
[    0.569876] gpio gpiochip1: (gpio-32-63): created GPIO range 0->17 ==> 44e10800.pinmux PIN 34->51
[    0.569897] gpio gpiochip1: (gpio-32-63): created GPIO range 18->21 ==> 44e10800.pinmux PIN 77->80
[    0.569913] gpio gpiochip1: (gpio-32-63): created GPIO range 22->31 ==> 44e10800.pinmux PIN 56->65
[    0.598112] gpio gpiochip1: (gpio-32-63): added GPIO chardev (254:1)
[    0.598272] gpio gpiochip1: registered GPIOs 544 to 575 on gpio-32-63
[    0.600557] gpiochip_find_base_unlocked: found new base at 576
[    0.600657] gpio gpiochip2: (gpio-64-95): created GPIO range 0->4 ==> 44e10800.pinmux PIN 66->70
[    0.600675] gpio gpiochip2: (gpio-64-95): created GPIO range 5->6 ==> 44e10800.pinmux PIN 98->99
[    0.600691] gpio gpiochip2: (gpio-64-95): created GPIO range 7->8 ==> 44e10800.pinmux PIN 75->76
[    0.600706] gpio gpiochip2: (gpio-64-95): created GPIO range 13->13 ==> 44e10800.pinmux PIN 141->141
[    0.600722] gpio gpiochip2: (gpio-64-95): created GPIO range 14->21 ==> 44e10800.pinmux PIN 100->107
[    0.601501] gpio gpiochip2: (gpio-64-95): added GPIO chardev (254:2)
[    0.601643] gpio gpiochip2: registered GPIOs 576 to 607 on gpio-64-95
[    0.607278] 48000000.interconnect:segment@200000:target-module@0:mpu@0:fck: device ID is greater than 24
[    0.608160] /ocp/interconnect@48000000/segment@300000/target-module@e000/lcdc@0: Fixed dependency cycle(s) with /ocp/interconnect@44c00000/segment@200000/target-module@b000/i2c@0/tda19988@70
[    0.610961] /ocp/interconnect@48000000/segment@300000/target-module@e000/lcdc@0: Fixed dependency cycle(s) with /ocp/interconnect@44c00000/segment@200000/target-module@b000/i2c@0/tda19988@70
[    0.611848] /ocp/interconnect@44c00000/segment@200000/target-module@b000/i2c@0/tda19988@70: Fixed dependency cycle(s) with /ocp/interconnect@48000000/segment@300000/target-module@e000/lcdc@0
[    0.612012] /ocp/interconnect@48000000/segment@300000/target-module@e000/lcdc@0: Fixed dependency cycle(s) with /ocp/interconnect@44c00000/segment@200000/target-module@b000/i2c@0/tda19988@70
[    0.621756] mdio_bus 4a101000.mdio: using DT '/ocp/interconnect@4a000000/segment@0/target-module@100000/switch@0/mdio@1000' for 'reset' GPIO lookup
[    0.621839] of_get_named_gpiod_flags: can't parse 'reset-gpios' property of node '/ocp/interconnect@4a000000/segment@0/target-module@100000/switch@0/mdio@1000[0]'
[    0.621886] of_get_named_gpiod_flags: can't parse 'reset-gpio' property of node '/ocp/interconnect@4a000000/segment@0/target-module@100000/switch@0/mdio@1000[0]'
[    0.621932] mdio_bus 4a101000.mdio: using lookup tables for GPIO lookup
[    0.621942] mdio_bus 4a101000.mdio: No GPIO consumer reset found
[    0.622923] sdhci-omap 481d8000.mmc: using DT '/ocp/interconnect@48000000/segment@100000/target-module@d8000/mmc@0' for 'wp' GPIO lookup
[    0.622983] of_get_named_gpiod_flags: can't parse 'wp-gpios' property of node '/ocp/interconnect@48000000/segment@100000/target-module@d8000/mmc@0[0]'
[    0.623027] of_get_named_gpiod_flags: can't parse 'wp-gpio' property of node '/ocp/interconnect@48000000/segment@100000/target-module@d8000/mmc@0[0]'
[    0.623059] sdhci-omap 481d8000.mmc: using lookup tables for GPIO lookup
[    0.623069] sdhci-omap 481d8000.mmc: No GPIO consumer wp found
[    0.623263] sdhci-omap 481d8000.mmc: supply pbias not found, using dummy regulator
[    0.623755] sdhci-omap 481d8000.mmc: supply vqmmc not found, using dummy regulator
[    0.673113] davinci_mdio 4a101000.mdio: davinci mdio revision 1.6, bus freq 1000000
[    0.694693] mdio_bus 4a101000.mdio:00: using DT '/ocp/interconnect@4a000000/segment@0/target-module@100000/switch@0/mdio@1000/ethernet-phy@0' for 'reset' GPIO lookup
[    0.694797] of_get_named_gpiod_flags: parsed 'reset-gpios' property of node '/ocp/interconnect@4a000000/segment@0/target-module@100000/switch@0/mdio@1000/ethernet-phy@0[0]' - status (0)
[    0.694961] gpio gpiochip0: Persistence not supported for GPIO 8
[    0.827080] davinci_mdio 4a101000.mdio: phy[0]: device 4a101000.mdio:00, driver SMSC LAN8710/LAN8720
[    0.827846] cpsw-switch 4a100000.switch: initialized cpsw ale version 1.4
[    0.827869] cpsw-switch 4a100000.switch: ALE Table size 1024, Policers 0
[    0.828194] cpsw-switch 4a100000.switch: cpts: overflow check period 500 (jiffies)
[    0.828212] cpsw-switch 4a100000.switch: CPTS: ref_clk_freq:250000000 calc_mult:2147483648 calc_shift:29 error:0 nsec/sec
[    0.828334] cpsw-switch 4a100000.switch: Detected MACID = 6c:ec:eb:68:de:78
[    0.830216] cpsw-switch 4a100000.switch: initialized (regs 0x4a100000, pool size 256) hw_ver:0019010C 1.12 (0)
[    0.841192] debugfs: Directory '49000000.dma' with parent 'dmaengine' already present!
[    0.841233] edma 49000000.dma: TI EDMA DMA engine driver
[    0.873593] gpio-clk clk_mcasp0: using DT '/clk_mcasp0' for 'enable' GPIO lookup
[    0.873668] of_get_named_gpiod_flags: parsed 'enable-gpios' property of node '/clk_mcasp0[0]' - status (0)
[    0.873712] gpio gpiochip0: Persistence not supported for GPIO 27
[    0.874596] gpiochip_find_base_unlocked: found new base at 608
[    0.874703] gpio gpiochip3: (gpio-96-127): created GPIO range 0->7 ==> 44e10800.pinmux PIN 82->89
[    0.874724] gpio gpiochip3: (gpio-96-127): created GPIO range 8->11 ==> 44e10800.pinmux PIN 52->55
[    0.874739] gpio gpiochip3: (gpio-96-127): created GPIO range 12->15 ==> 44e10800.pinmux PIN 94->97
[    0.874755] gpio gpiochip3: (gpio-96-127): created GPIO range 16->17 ==> 44e10800.pinmux PIN 71->72
[    0.874771] gpio gpiochip3: (gpio-96-127): created GPIO range 18->18 ==> 44e10800.pinmux PIN 135->135
[    0.874787] gpio gpiochip3: (gpio-96-127): created GPIO range 19->20 ==> 44e10800.pinmux PIN 108->109
[    0.874803] gpio gpiochip3: (gpio-96-127): created GPIO range 21->21 ==> 44e10800.pinmux PIN 73->73
[    0.874821] gpio gpiochip3: (gpio-96-127): created GPIO range 22->23 ==> 44e10800.pinmux PIN 8->9
[    0.874838] gpio gpiochip3: (gpio-96-127): created GPIO range 26->27 ==> 44e10800.pinmux PIN 10->11
[    0.874855] gpio gpiochip3: (gpio-96-127): created GPIO range 28->28 ==> 44e10800.pinmux PIN 74->74
[    0.874873] gpio gpiochip3: (gpio-96-127): created GPIO range 29->29 ==> 44e10800.pinmux PIN 81->81
[    0.874891] gpio gpiochip3: (gpio-96-127): created GPIO range 30->31 ==> 44e10800.pinmux PIN 28->29
[    0.895967] gpio gpiochip3: (gpio-96-127): added GPIO chardev (254:3)
[    0.896151] gpio gpiochip3: registered GPIOs 608 to 639 on gpio-96-127
[    0.898002] omap8250 44e09000.serial: using DT '/ocp/interconnect@44c00000/segment@200000/target-module@9000/serial@0' for 'rs485-term' GPIO lookup
[    0.898074] of_get_named_gpiod_flags: can't parse 'rs485-term-gpios' property of node '/ocp/interconnect@44c00000/segment@200000/target-module@9000/serial@0[0]'
[    0.898118] of_get_named_gpiod_flags: can't parse 'rs485-term-gpio' property of node '/ocp/interconnect@44c00000/segment@200000/target-module@9000/serial@0[0]'
[    0.898153] omap8250 44e09000.serial: using lookup tables for GPIO lookup
[    0.898163] omap8250 44e09000.serial: No GPIO consumer rs485-term found
[    0.898172] omap8250 44e09000.serial: using DT '/ocp/interconnect@44c00000/segment@200000/target-module@9000/serial@0' for 'rs485-rx-during-tx' GPIO lookup
[    0.898208] of_get_named_gpiod_flags: can't parse 'rs485-rx-during-tx-gpios' property of node '/ocp/interconnect@44c00000/segment@200000/target-module@9000/serial@0[0]'
[    0.898244] of_get_named_gpiod_flags: can't parse 'rs485-rx-during-tx-gpio' property of node '/ocp/interconnect@44c00000/segment@200000/target-module@9000/serial@0[0]'
[    0.898275] omap8250 44e09000.serial: using lookup tables for GPIO lookup
[    0.898284] omap8250 44e09000.serial: No GPIO consumer rs485-rx-during-tx found
[    0.898716] 44e09000.serial: ttyS0 at MMIO 0x44e09000 (irq = 34, base_baud = 3000000) is a 8250
[    0.898806] printk: legacy console [ttyS0] enabled
[    2.376448] i2c i2c-0: using DT '/ocp/interconnect@44c00000/segment@200000/target-module@b000/i2c@0' for 'scl' GPIO lookup
[    2.376537] of_get_named_gpiod_flags: can't parse 'scl-gpios' property of node '/ocp/interconnect@44c00000/segment@200000/target-module@b000/i2c@0[0]'
[    2.376583] of_get_named_gpiod_flags: can't parse 'scl-gpio' property of node '/ocp/interconnect@44c00000/segment@200000/target-module@b000/i2c@0[0]'
[    2.376622] i2c i2c-0: using lookup tables for GPIO lookup
[    2.376636] i2c i2c-0: No GPIO consumer scl found
[    2.376660] i2c i2c-0: using DT '/ocp/interconnect@44c00000/segment@200000/target-module@b000/i2c@0' for 'sda' GPIO lookup
[    2.376700] of_get_named_gpiod_flags: can't parse 'sda-gpios' property of node '/ocp/interconnect@44c00000/segment@200000/target-module@b000/i2c@0[0]'
[    2.376740] of_get_named_gpiod_flags: can't parse 'sda-gpio' property of node '/ocp/interconnect@44c00000/segment@200000/target-module@b000/i2c@0[0]'
[    2.376775] i2c i2c-0: using lookup tables for GPIO lookup
[    2.376787] i2c i2c-0: No GPIO consumer sda found
[    2.392378] tps65217-pmic: Failed to locate of_node [id: -1]
[    2.398453] tps65217-bl: Failed to locate of_node [id: -1]
[    2.404532] platform tps65217-charger: DMA mask not set
[    2.410564] platform tps65217-pwrbutton: DMA mask not set
[    2.418003] tps65217 0-0024: TPS65217 ID 0xe version 1.2
[    2.424142] /ocp/interconnect@48000000/segment@300000/target-module@e000/lcdc@0: Fixed dependency cycle(s) with /ocp/interconnect@44c00000/segment@200000/target-module@b000/i2c@0/tda19988@70
[    2.441529] /ocp/interconnect@44c00000/segment@200000/target-module@b000/i2c@0/tda19988@70: Fixed dependency cycle(s) with /ocp/interconnect@48000000/segment@300000/target-module@e000/lcdc@0
[    2.458881] omap_i2c 44e0b000.i2c: bus 0 rev0.11 at 400 kHz
[    2.466527] sdhci-omap 48060000.mmc: using DT '/ocp/interconnect@48000000/segment@0/target-module@60000/mmc@0' for 'cd' GPIO lookup
[    2.466634] of_get_named_gpiod_flags: parsed 'cd-gpios' property of node '/ocp/interconnect@48000000/segment@0/target-module@60000/mmc@0[0]' - status (0)
[    2.466703] gpio gpiochip3: Persistence not supported for GPIO 6
[    2.466729] omap_gpio 44e07000.gpio: Could not set line 6 debounce to 200000 microseconds (-22)
[    2.475662] sdhci-omap 48060000.mmc: Got CD GPIO
[    2.480320] sdhci-omap 48060000.mmc: using DT '/ocp/interconnect@48000000/segment@0/target-module@60000/mmc@0' for 'wp' GPIO lookup
[    2.480369] of_get_named_gpiod_flags: can't parse 'wp-gpios' property of node '/ocp/interconnect@48000000/segment@0/target-module@60000/mmc@0[0]'
[    2.480412] of_get_named_gpiod_flags: can't parse 'wp-gpio' property of node '/ocp/interconnect@48000000/segment@0/target-module@60000/mmc@0[0]'
[    2.480450] sdhci-omap 48060000.mmc: using lookup tables for GPIO lookup
[    2.480464] sdhci-omap 48060000.mmc: No GPIO consumer wp found
[    2.480674] sdhci-omap 48060000.mmc: supply pbias not found, using dummy regulator
[    2.489504] sdhci-omap 481d8000.mmc: using DT '/ocp/interconnect@48000000/segment@100000/target-module@d8000/mmc@0' for 'wp' GPIO lookup
[    2.489588] of_get_named_gpiod_flags: can't parse 'wp-gpios' property of node '/ocp/interconnect@48000000/segment@100000/target-module@d8000/mmc@0[0]'
[    2.489636] of_get_named_gpiod_flags: can't parse 'wp-gpio' property of node '/ocp/interconnect@48000000/segment@100000/target-module@d8000/mmc@0[0]'
[    2.489674] sdhci-omap 481d8000.mmc: using lookup tables for GPIO lookup
[    2.489687] sdhci-omap 481d8000.mmc: No GPIO consumer wp found
[    2.490659] sdhci-omap 48060000.mmc: supply vqmmc not found, using dummy regulator
[    2.499769] sdhci-omap 481d8000.mmc: supply pbias not found, using dummy regulator
[    2.509162] sdhci-omap 481d8000.mmc: supply vqmmc not found, using dummy regulator
[    2.545195] mmc0: SDHCI controller on 48060000.mmc [48060000.mmc] using External DMA
[    2.553524] mmc1: SDHCI controller on 481d8000.mmc [481d8000.mmc] using External DMA
[    2.562403] cpsw-switch 4a100000.switch: starting ndev. mode: dual_mac
[    2.631784] mmc1: new high speed MMC card at address 0001
[    2.638615] mmcblk1: mmc1:0001 MMC04G 3.60 GiB
[    2.646545]  mmcblk1: p1 p2
[    2.650331] SMSC LAN8710/LAN8720 4a101000.mdio:00: attached PHY driver (mii_bus:phy_addr=4a101000.mdio:00, irq=POLL)
[    2.662976] mmcblk1boot0: mmc1:0001 MMC04G 2.00 MiB
[    2.676919] mmcblk1boot1: mmc1:0001 MMC04G 2.00 MiB
[    2.685920] mmcblk1rpmb: mmc1:0001 MMC04G 128 KiB, chardev (250:0)
[    2.734540] mmc0: new high speed SDHC card at address aaaa
[    2.741448] mmcblk0: mmc0:aaaa SE32G 29.7 GiB
[    2.750619]  mmcblk0: p1 p2
[    5.842143] cpsw-switch 4a100000.switch eth0: Link is Up - 100Mbps/Full - flow control off
[    5.871399] IP-Config: Complete:
[    5.874670]      device=eth0, hwaddr=6c:ec:eb:68:de:78, ipaddr=192.168.255.1, mask=255.255.255.0, gw=255.255.255.255
[    5.885314]      host=bbb1, domain=, nis-domain=(none)
[    5.890482]      bootserver=192.168.255.126, rootserver=192.168.255.126, rootpath=
[    5.890896] clk: Disabling unused clocks
[    5.902755] PM: genpd: Disabling unused power domains
[    5.907876] KTAP version 1
[    5.910596] 1..0
[    5.935127] VFS: Mounted root (nfs filesystem) on device 0:17.
[    5.942009] devtmpfs: mounted
[    5.946489] Freeing unused kernel image (initmem) memory: 1024K
[    5.953255] Run /sbin/init as init process
[    5.957381]   with arguments:
[    5.957393]     /sbin/init
[    5.957402]     nfsrootdebug
[    5.957412]   with environment:
[    5.957421]     HOME=/
[    5.957429]     TERM=linux
[    6.657970] systemd[1]: System time before build time, advancing clock.
[    8.151395] random: crng init done
[    8.163985] systemd[1]: systemd 232 running in system mode. (+PAM +AUDIT +SELINUX +IMA +APPARMOR +SMACK +SYSVINIT +UTMP +LIBCRYPTSETUP +GCRYPT +GNUTLS +ACL +XZ +LZ4 +SECCOMP +BLKID +ELFUTILS +KMOD +IDN)
[    8.183108] systemd[1]: Detected architecture arm.
[    8.214528] systemd[1]: Set hostname to <arm>.
[    9.319443] systemd[1]: Listening on Journal Audit Socket.
[    9.343299] systemd[1]: systemd-journald.socket: SO_PASSSEC failed: Operation not supported
[    9.352189] systemd[1]: systemd-journald.socket: SO_PASSSEC failed: Operation not supported
[    9.360774] systemd[1]: Listening on Journal Socket.
[    9.383359] systemd[1]: Listening on /dev/initctl Compatibility Named Pipe.
[    9.413017] systemd[1]: Created slice User and Session Slice.
[    9.442456] systemd[1]: Started Dispatch Password Requests to Console Directory Watch.
[   11.713321] systemd-journald[90]: Received request to flush runtime journal from PID 1
[   14.535205] leds-gpio leds: using DT '/leds/led2' for '(default)' GPIO lookup
[   14.535310] of_get_named_gpiod_flags: parsed 'gpios' property of node '/leds/led2[0]' - status (0)
[   14.535368] gpio gpiochip0: Persistence not supported for GPIO 21
[   14.535384] gpio-533 (?): no flags found for GPIO (default)
[   14.600507] leds-gpio leds: using DT '/leds/led3' for '(default)' GPIO lookup
[   14.600617] of_get_named_gpiod_flags: parsed 'gpios' property of node '/leds/led3[0]' - status (0)
[   14.600675] gpio gpiochip0: Persistence not supported for GPIO 22
[   14.600691] gpio-534 (?): no flags found for GPIO (default)
[   14.622309] leds-gpio leds: using DT '/leds/led4' for '(default)' GPIO lookup
[   14.622414] of_get_named_gpiod_flags: parsed 'gpios' property of node '/leds/led4[0]' - status (0)
[   14.622466] gpio gpiochip0: Persistence not supported for GPIO 23
[   14.622481] gpio-535 (?): no flags found for GPIO (default)
[   14.673181] leds-gpio leds: using DT '/leds/led5' for '(default)' GPIO lookup
[   14.673280] of_get_named_gpiod_flags: parsed 'gpios' property of node '/leds/led5[0]' - status (0)
[   14.673334] gpio gpiochip0: Persistence not supported for GPIO 24
[   14.673350] gpio-536 (?): no flags found for GPIO (default)
[   15.167374] remoteproc remoteproc0: wkup_m3 is available
[   15.250051] omap_rtc 44e3e000.rtc: registered as rtc0
[   15.255410] omap_rtc 44e3e000.rtc: setting system clock to 2000-01-01T00:00:00 UTC (946684800)
[   15.264162] omap_rtc 44e3e000.rtc: using DT '/ocp/interconnect@44c00000/segment@200000/target-module@3e000/rtc@0' for 'wp' GPIO lookup
[   15.264236] of_get_named_gpiod_flags: can't parse 'wp-gpios' property of node '/ocp/interconnect@44c00000/segment@200000/target-module@3e000/rtc@0[0]'
[   15.264288] of_get_named_gpiod_flags: can't parse 'wp-gpio' property of node '/ocp/interconnect@44c00000/segment@200000/target-module@3e000/rtc@0[0]'
[   15.264328] omap_rtc 44e3e000.rtc: using lookup tables for GPIO lookup
[   15.264342] omap_rtc 44e3e000.rtc: No GPIO consumer wp found
[   15.380562] am335x-phy-driver 47401300.usb-phy: using DT '/ocp/target-module@47400000/usb-phy@1300' for 'reset' GPIO lookup
[   15.380657] of_get_named_gpiod_flags: can't parse 'reset-gpios' property of node '/ocp/target-module@47400000/usb-phy@1300[0]'
[   15.380702] of_get_named_gpiod_flags: can't parse 'reset-gpio' property of node '/ocp/target-module@47400000/usb-phy@1300[0]'
[   15.380740] am335x-phy-driver 47401300.usb-phy: using lookup tables for GPIO lookup
[   15.380754] am335x-phy-driver 47401300.usb-phy: No GPIO consumer reset found
[   15.380767] am335x-phy-driver 47401300.usb-phy: using DT '/ocp/target-module@47400000/usb-phy@1300' for 'vbus-detect' GPIO lookup
[   15.380798] of_get_named_gpiod_flags: can't parse 'vbus-detect-gpios' property of node '/ocp/target-module@47400000/usb-phy@1300[0]'
[   15.380830] of_get_named_gpiod_flags: can't parse 'vbus-detect-gpio' property of node '/ocp/target-module@47400000/usb-phy@1300[0]'
[   15.380857] am335x-phy-driver 47401300.usb-phy: using lookup tables for GPIO lookup
[   15.380869] am335x-phy-driver 47401300.usb-phy: No GPIO consumer vbus-detect found
[   15.381018] am335x-phy-driver 47401300.usb-phy: dummy supplies not allowed for exclusive requests (id=vbus)
[   15.531615] at24 2-0054: supply vcc not found, using dummy regulator
[   15.589278] at24 2-0055: supply vcc not found, using dummy regulator
[   15.681957] at24 2-0056: supply vcc not found, using dummy regulator
[   15.835226] at24 2-0057: supply vcc not found, using dummy regulator
[   15.901952] input: tps65217_pwrbutton as /devices/platform/ocp/44c00000.interconnect/44c00000.interconnect:segment@200000/44e0b000.target-module/44e0b000.i2c/i2c-0/0-0024/tps65217-pwrbutton/input/input0
[   15.992382] at24 0-0050: using DT '/ocp/interconnect@44c00000/segment@200000/target-module@b000/i2c@0/eeprom@50' for 'wp' GPIO lookup
[   15.992841] of_get_named_gpiod_flags: can't parse 'wp-gpios' property of node '/ocp/interconnect@44c00000/segment@200000/target-module@b000/i2c@0/eeprom@50[0]'
[   15.992965] of_get_named_gpiod_flags: can't parse 'wp-gpio' property of node '/ocp/interconnect@44c00000/segment@200000/target-module@b000/i2c@0/eeprom@50[0]'
[   15.993060] at24 0-0050: using lookup tables for GPIO lookup
[   15.993077] at24 0-0050: No GPIO consumer wp found
[   15.993659] at24 0-0050: 32768 byte 24c256 EEPROM, writable, 1 bytes/write
[   16.083545] am335x-phy-driver 47401b00.usb-phy: using DT '/ocp/target-module@47400000/usb-phy@1b00' for 'reset' GPIO lookup
[   16.083637] of_get_named_gpiod_flags: can't parse 'reset-gpios' property of node '/ocp/target-module@47400000/usb-phy@1b00[0]'
[   16.083681] of_get_named_gpiod_flags: can't parse 'reset-gpio' property of node '/ocp/target-module@47400000/usb-phy@1b00[0]'
[   16.083719] am335x-phy-driver 47401b00.usb-phy: using lookup tables for GPIO lookup
[   16.083733] am335x-phy-driver 47401b00.usb-phy: No GPIO consumer reset found
[   16.083746] am335x-phy-driver 47401b00.usb-phy: using DT '/ocp/target-module@47400000/usb-phy@1b00' for 'vbus-detect' GPIO lookup
[   16.083777] of_get_named_gpiod_flags: can't parse 'vbus-detect-gpios' property of node '/ocp/target-module@47400000/usb-phy@1b00[0]'
[   16.083809] of_get_named_gpiod_flags: can't parse 'vbus-detect-gpio' property of node '/ocp/target-module@47400000/usb-phy@1b00[0]'
[   16.083836] am335x-phy-driver 47401b00.usb-phy: using lookup tables for GPIO lookup
[   16.083848] am335x-phy-driver 47401b00.usb-phy: No GPIO consumer vbus-detect found
[   16.083998] am335x-phy-driver 47401b00.usb-phy: dummy supplies not allowed for exclusive requests (id=vbus)
[   16.844322] omap_wdt: OMAP Watchdog Timer Rev 0x01: initial timeout 60 sec
[   17.090741] usbcore: registered new interface driver usbfs
[   17.096571] usbcore: registered new interface driver hub
[   17.102290] usbcore: registered new device driver usb
[   17.482136] omap-mailbox 480c8000.mailbox: omap mailbox rev 0x400
[   17.534353] remoteproc remoteproc0: powering up wkup_m3
[   17.799098] remoteproc remoteproc0: Direct firmware load for am335x-pm-firmware.elf failed with error -2
[   17.809022] remoteproc remoteproc0: request_firmware failed: -2
[   17.815121] wkup_m3_ipc 44e11324.wkup_m3_ipc: rproc_boot failed
[   18.039381] musb-hdrc musb-hdrc.1: MUSB HDRC host driver
[   18.045002] musb-hdrc musb-hdrc.1: new USB bus registered, assigned bus number 1
[   18.105231] tda998x 0-0070: found TDA19988
[   18.282596] usb usb1: New USB device found, idVendor=1d6b, idProduct=0002, bcdDevice= 6.16
[   18.291293] usb usb1: New USB device strings: Mfr=3, Product=2, SerialNumber=1
[   18.298730] usb usb1: Product: MUSB HDRC host driver
[   18.303785] usb usb1: Manufacturer: Linux 6.16.8-90812-g362f34fba309 musb-hcd
[   18.310959] usb usb1: SerialNumber: musb-hdrc.1
[   18.720892] hub 1-0:1.0: USB hub found
[   18.795181] hub 1-0:1.0: 1 port detected
[   19.789028] omap_rng 48310000.rng: Random Number Generator ver. 20
[   19.819170] tilcdc 4830e000.lcdc: bound 0-0070 (ops 0xbf13c0f8)
[   19.912329] [drm] Initialized tilcdc 1.0.0 for 4830e000.lcdc on minor 0
[   19.983370] tilcdc 4830e000.lcdc: [drm] Cannot find any crtc or sizes
[   20.017348] tilcdc 4830e000.lcdc: [drm] Cannot find any crtc or sizes
[   21.106131] PM: Cannot get wkup_m3_ipc handle
[   21.326816] omap-sham 53100000.sham: hw accel on OMAP rev 4.3
[   21.479608] omap-sham 53100000.sham: will run requests pump with realtime priority
[   21.489603] PM: Cannot get wkup_m3_ipc handle
[   21.562394] omap-aes 53500000.aes: OMAP AES hw accel rev: 3.2
[   21.673894] omap-aes 53500000.aes: will run requests pump with realtime priority
[   21.687947] PM: Cannot get wkup_m3_ipc handle
[   24.102932] Bluetooth: Core ver 2.22
[   24.106771] NET: Registered PF_BLUETOOTH protocol family
[   24.112341] Bluetooth: HCI device and connection manager initialized
[   24.118761] Bluetooth: HCI socket layer initialized
[   24.123744] Bluetooth: L2CAP socket layer initialized
[   24.128862] Bluetooth: SCO socket layer initialized
[   24.989218] tda998x 0-0070: using DT '/ocp/interconnect@44c00000/segment@200000/target-module@b000/i2c@0/tda19988@70' for 'nxp,calib' GPIO lookup
[   24.989360] of_get_named_gpiod_flags: parsed 'nxp,calib-gpios' property of node '/ocp/interconnect@44c00000/segment@200000/target-module@b000/i2c@0/tda19988@70[0]' - status (0)
[   24.989446] gpio gpiochip0: Persistence not supported for GPIO 25
[   24.989463] gpio-537 (nxp,calib): no flags found for GPIO nxp,calib
[   24.993024] gpio-537 (nxp,calib): gpiod_direction_output_nonotify: tried to set a GPIO tied to an IRQ as output
[   25.088769] PM: Cannot get wkup_m3_ipc handle
[   25.094798] asoc-simple-card sound: using DT '/sound' for 'simple-audio-card,hp-det' GPIO lookup
[   25.094881] of_get_named_gpiod_flags: can't parse 'simple-audio-card,hp-det-gpios' property of node '/sound[0]'
[   25.094921] of_get_named_gpiod_flags: can't parse 'simple-audio-card,hp-det-gpio' property of node '/sound[0]'
[   25.094945] asoc-simple-card sound: using lookup tables for GPIO lookup
[   25.094959] asoc-simple-card sound: No GPIO consumer simple-audio-card,hp-det found
[   25.094973] asoc-simple-card sound: using DT '/sound' for 'simple-audio-card,mic-det' GPIO lookup
[   25.094997] of_get_named_gpiod_flags: can't parse 'simple-audio-card,mic-det-gpios' property of node '/sound[0]'
[   25.095023] of_get_named_gpiod_flags: can't parse 'simple-audio-card,mic-det-gpio' property of node '/sound[0]'
[   25.095043] asoc-simple-card sound: using lookup tables for GPIO lookup
[   25.095054] asoc-simple-card sound: No GPIO consumer simple-audio-card,mic-det found
[   25.236333] PM: Cannot get wkup_m3_ipc handle
[   25.282035] tda9950 0-0034: TDA9950 CEC interface, hardware version 3.3
[   25.375698] PM: Cannot get wkup_m3_ipc handle
[   28.837759] userial_init: registered 8 ttyGS* devices
[   29.030711] rndis_register: configNr = 0
[   29.101101] udc musb-hdrc.0: binding gadget driver [g_multi]
[   29.101197] configfs-gadget.g_multi gadget.0: adding 'rndis'/a78e3717 to config 'c'/02247248
[   29.102659] configfs-gadget.g_multi gadget.0: HOST MAC 1c:ba:8c:a2:ed:6c
[   29.109440] configfs-gadget.g_multi gadget.0: MAC 1c:ba:8c:a2:ed:70
[   29.115872] rndis_set_param_medium: 0 0
[   29.115893] configfs-gadget.g_multi gadget.0: RNDIS: IN/ep1in OUT/ep1out NOTIFY/ep2in
[   29.115912] configfs-gadget.g_multi gadget.0: adding 'cdc_ethernet'/0b5aaa4d to config 'c'/02247248
[   29.116794] configfs-gadget.g_multi gadget.0: HOST MAC 1c:ba:8c:a2:ed:6c
[   29.123681] configfs-gadget.g_multi gadget.0: MAC 1c:ba:8c:a2:ed:6d
[   29.130015] configfs-gadget.g_multi gadget.0: CDC Ethernet: IN/ep3in OUT/ep2out NOTIFY/ep4in
[   29.130034] configfs-gadget.g_multi gadget.0: adding 'acm'/b4c8185c to config 'c'/02247248
[   29.130069] configfs-gadget.g_multi gadget.0: acm ttyGS0: IN/ep5in OUT/ep3out NOTIFY/ep6in
[   29.133826] PM: Cannot get wkup_m3_ipc handle
[   31.604549] configfs-gadget.g_multi gadget.0: eth_open
[   35.245637] gs_open: ttyGS0 (c8f10328,73418110)
[   35.245796] gs_close: ttyGS0 (c8f10328,73418110) ...
[   35.245819] gs_close: ttyGS0 (c8f10328,73418110) done!
[   35.265900] gs_open: ttyGS0 (791a9635,a1286a4f)
[   35.266052] gs_close: ttyGS0 (791a9635,a1286a4f) ...
[   35.266075] gs_close: ttyGS0 (791a9635,a1286a4f) done!
[   35.427896] gs_open: ttyGS0 (c2b1a141,46a04cc8)
[   35.428147] gs_close: ttyGS0 (c2b1a141,46a04cc8) ...
[   35.428175] gs_close: ttyGS0 (c2b1a141,46a04cc8) done!
[   35.428952] gs_open: ttyGS0 (c2b1a141,46a04cc8)
JEQVYSOGUG 0
root@arm:~# echo 'EYHH''UNWNKU'
EYHHUNWNKU
root@arm:~# MARKER='TUXZ''LSLBSN' run 'modprobe test_linear_ranges'
TUXZLSLBSNTUXZLSLBSN 0
root@arm:~# echo 'HENV''SWSYZF'
HENVSWSYZF
root@arm:~# MARKER='BEGH''KFOONP' run dmesg
BEGHKFOONP[    0.000000] Booting Linux on physical CPU 0x0
[    0.000000] Linux version 6.16.8-90812-g362f34fba309 (user01@drvtest01) (arm-none-eabi-gcc (Arm GNU Toolchain 14.2.Rel1 (Build arm-14.52)) 14.2.1 20241119, GNU ld (Arm GNU Toolchain 14.2.Rel1 (Build arm-14.52)) 2.43.1.20241119) #1 SMP Fri Sep 19 20:28:55 EEST 2025
[    0.000000] CPU: ARMv7 Processor [413fc082] revision 2 (ARMv7), cr=10c5387d
[    0.000000] CPU: PIPT / VIPT nonaliasing data cache, VIPT aliasing instruction cache
[    0.000000] OF: fdt: Machine model: TI AM335x BeagleBone Black
[    0.000000] Memory policy: Data cache writeback
[    0.000000] cma: Reserved 16 MiB at 0x9e800000
[    0.000000] Zone ranges:
[    0.000000]   Normal   [mem 0x0000000080000000-0x000000009fdfffff]
[    0.000000]   HighMem  empty
[    0.000000] Movable zone start for each node
[    0.000000] Early memory node ranges
[    0.000000]   node   0: [mem 0x0000000080000000-0x000000009fdfffff]
[    0.000000] Initmem setup node 0 [mem 0x0000000080000000-0x000000009fdfffff]
[    0.000000] On node 0, zone Normal: 512 pages in unavailable ranges
[    0.000000] OF: reserved mem: Reserved memory: No reserved-memory node in the DT
[    0.000000] CPU: All CPU(s) started in SVC mode.
[    0.000000] AM335X ES2.1 (sgx neon)
[    0.000000] percpu: Embedded 17 pages/cpu s39820 r8192 d21620 u69632
[    0.000000] pcpu-alloc: s39820 r8192 d21620 u69632 alloc=17*4096
[    0.000000] pcpu-alloc: [0] 0 
[    0.000000] Kernel command line: console=ttyO0,115200n8 root=/dev/nfs rw nfsroot=192.168.255.126:/home/user01/nfs,nfsvers=3 ip=192.168.255.1:192.168.255.126::255.255.255.0:bbb1:eth0 nfsrootdebug
[    0.000000] Unknown kernel command line parameters "nfsrootdebug", will be passed to user space.
[    0.000000] printk: log buffer data + meta data: 65536 + 204800 = 270336 bytes
[    0.000000] Dentry cache hash table entries: 65536 (order: 6, 262144 bytes, linear)
[    0.000000] Inode-cache hash table entries: 32768 (order: 5, 131072 bytes, linear)
[    0.000000] Built 1 zonelists, mobility grouping on.  Total pages: 130560
[    0.000000] mem auto-init: stack:off, heap alloc:off, heap free:off
[    0.000000] SLUB: HWalign=16, Order=0-3, MinObjects=0, CPUs=1, Nodes=1
[    0.000000] rcu: Hierarchical RCU implementation.
[    0.000000] rcu: 	RCU event tracing is enabled.
[    0.000000] rcu: 	RCU restricting CPUs from NR_CPUS=2 to nr_cpu_ids=1.
[    0.000000] 	Tracing variant of Tasks RCU enabled.
[    0.000000] rcu: RCU calculated value of scheduler-enlistment delay is 10 jiffies.
[    0.000000] rcu: Adjusting geometry for rcu_fanout_leaf=16, nr_cpu_ids=1
[    0.000000] RCU Tasks Trace: Setting shift to 0 and lim to 1 rcu_task_cb_adjust=1 rcu_task_cpu_ids=1.
[    0.000000] NR_IRQS: 16, nr_irqs: 16, preallocated irqs: 16
[    0.000000] IRQ: Found an INTC at 0x(ptrval) (revision 5.0) with 128 interrupts
[    0.000000] rcu: srcu_init: Setting srcu_struct sizes based on contention.
[    0.000000] TI gptimer clocksource: always-on /ocp/interconnect@44c00000/segment@200000/target-module@31000
[    0.000003] sched_clock: 32 bits at 24MHz, resolution 41ns, wraps every 89478484971ns
[    0.000026] clocksource: dmtimer: mask: 0xffffffff max_cycles: 0xffffffff, max_idle_ns: 79635851949 ns
[    0.000509] TI gptimer clockevent: 24000000 Hz at /ocp/interconnect@48000000/segment@0/target-module@40000
[    0.002135] Console: colour dummy device 80x30
[    0.002201] WARNING: Your 'console=ttyO0' has been replaced by 'ttyS0'
[    0.002209] This ensures that you still see kernel messages. Please
[    0.002213] update your kernel commandline.
[    0.002257] Calibrating delay loop... 996.14 BogoMIPS (lpj=4980736)
[    0.090556] CPU: Testing write buffer coherency: ok
[    0.090665] CPU0: Spectre v2: using BPIALL workaround
[    0.090675] pid_max: default: 32768 minimum: 301
[    0.090830] LSM: initializing lsm=capability
[    0.091004] Mount-cache hash table entries: 1024 (order: 0, 4096 bytes, linear)
[    0.091023] Mountpoint-cache hash table entries: 1024 (order: 0, 4096 bytes, linear)
[    0.092646] CPU0: thread -1, cpu 0, socket -1, mpidr 0
[    0.092705] cacheinfo: Unable to detect cache hierarchy for CPU 0
[    0.094739] Setting up static identity map for 0x80100000 - 0x80100078
[    0.095088] rcu: Hierarchical SRCU implementation.
[    0.095100] rcu: 	Max phase no-delay instances is 1000.
[    0.096838] smp: Bringing up secondary CPUs ...
[    0.096889] smp: Brought up 1 node, 1 CPU
[    0.096902] SMP: Total of 1 processors activated (996.14 BogoMIPS).
[    0.096913] CPU: All CPU(s) started in SVC mode.
[    0.097100] Memory: 480820K/522240K available (11264K kernel code, 1221K rwdata, 2924K rodata, 1024K init, 287K bss, 23388K reserved, 16384K cma-reserved, 0K highmem)
[    0.097928] devtmpfs: initialized
[    0.114828] VFP support v0.3: implementor 41 architecture 3 part 30 variant c rev 3
[    0.115467] clocksource: jiffies: mask: 0xffffffff max_cycles: 0xffffffff, max_idle_ns: 19112604462750000 ns
[    0.115525] posixtimers hash table entries: 512 (order: 0, 4096 bytes, linear)
[    0.115550] futex hash table entries: 256 (16384 bytes on 1 NUMA nodes, total 16 KiB, linear).
[    0.116673] pinctrl core: initialized pinctrl subsystem
[    0.118727] NET: Registered PF_NETLINK/PF_ROUTE protocol family
[    0.121841] DMA: preallocated 256 KiB pool for atomic coherent allocations
[    0.122807] audit: initializing netlink subsys (disabled)
[    0.124168] thermal_sys: Registered thermal governor 'fair_share'
[    0.124186] thermal_sys: Registered thermal governor 'step_wise'
[    0.124194] thermal_sys: Registered thermal governor 'user_space'
[    0.124305] audit: type=2000 audit(0.120:1): state=initialized audit_enabled=0 res=1
[    0.124379] cpuidle: using governor menu
[    0.142287] /ocp/interconnect@44c00000/segment@200000/target-module@b000/i2c@0/tda19988@70: Fixed dependency cycle(s) with /ocp/interconnect@48000000/segment@300000/target-module@e000/lcdc@0
[    0.143408] /ocp/interconnect@48000000/segment@300000/target-module@e000/lcdc@0: Fixed dependency cycle(s) with /ocp/interconnect@44c00000/segment@200000/target-module@b000/i2c@0/tda19988@70
[    0.145584] No ATAGs?
[    0.145627] hw-breakpoint: debug architecture 0x4 unsupported.
[    0.148348] kprobes: kprobe jump-optimization is enabled. All kprobes are optimized if possible.
[    0.154067] iommu: Default domain type: Translated
[    0.154089] iommu: DMA domain TLB invalidation policy: strict mode
[    0.155659] reg-fixed-voltage fixedregulator0: using DT '/fixedregulator0' for '(default)' GPIO lookup
[    0.155710] of_get_named_gpiod_flags: can't parse 'gpios' property of node '/fixedregulator0[0]'
[    0.155739] of_get_named_gpiod_flags: can't parse 'gpio' property of node '/fixedregulator0[0]'
[    0.155755] reg-fixed-voltage fixedregulator0: using lookup tables for GPIO lookup
[    0.155765] reg-fixed-voltage fixedregulator0: No GPIO consumer (default) found
[    0.161367] SCSI subsystem initialized
[    0.161865] libata version 3.00 loaded.
[    0.162230] pps_core: LinuxPPS API ver. 1 registered
[    0.162243] pps_core: Software ver. 5.3.6 - Copyright 2005-2007 Rodolfo Giometti <giometti@linux.it>
[    0.162274] PTP clock support registered
[    0.171005] vgaarb: loaded
[    0.171379] clocksource: Switched to clocksource dmtimer
[    0.172058] VFS: Disk quotas dquot_6.6.0
[    0.172116] VFS: Dquot-cache hash table entries: 1024 (order 0, 4096 bytes)
[    0.196163] NET: Registered PF_INET protocol family
[    0.196505] IP idents hash table entries: 8192 (order: 4, 65536 bytes, linear)
[    0.197943] tcp_listen_portaddr_hash hash table entries: 512 (order: 0, 4096 bytes, linear)
[    0.197979] Table-perturb hash table entries: 65536 (order: 6, 262144 bytes, linear)
[    0.197998] TCP established hash table entries: 4096 (order: 2, 16384 bytes, linear)
[    0.198044] TCP bind hash table entries: 4096 (order: 4, 65536 bytes, linear)
[    0.198143] TCP: Hash tables configured (established 4096 bind 4096)
[    0.198262] UDP hash table entries: 256 (order: 1, 14336 bytes, linear)
[    0.198298] UDP-Lite hash table entries: 256 (order: 1, 14336 bytes, linear)
[    0.198482] NET: Registered PF_UNIX/PF_LOCAL protocol family
[    0.202165] RPC: Registered named UNIX socket transport module.
[    0.202186] RPC: Registered udp transport module.
[    0.202192] RPC: Registered tcp transport module.
[    0.202197] RPC: Registered tcp-with-tls transport module.
[    0.202202] RPC: Registered tcp NFSv4.1 backchannel transport module.
[    0.202226] PCI: CLS 0 bytes, default 64
[    0.203616] Initialise system trusted keyrings
[    0.212284] workingset: timestamp_bits=14 max_order=17 bucket_order=3
[    0.213650] NFS: Registering the id_resolver key type
[    0.213734] Key type id_resolver registered
[    0.213741] Key type id_legacy registered
[    0.213847] jffs2: version 2.2. (NAND) (SUMMARY)  Â© 2001-2006 Red Hat, Inc.
[    0.214306] Key type asymmetric registered
[    0.214320] Asymmetric key parser 'x509' registered
[    0.214392] io scheduler mq-deadline registered
[    0.214403] io scheduler kyber registered
[    0.214472] io scheduler bfq registered
[    0.216343] target-module@4b000000:target-module@140000:pmu@0:fck: device ID is greater than 24
[    0.222528] l3-aon-clkctrl:0000:0: failed to disable
[    0.231534] ledtrig-cpu: registered to indicate activity on CPUs
[    0.234354] Serial: 8250/16550 driver, 6 ports, IRQ sharing enabled
[    0.274896] brd: module loaded
[    0.300484] loop: module loaded
[    0.301558] mtdoops: mtd device (mtddev=name/number) must be supplied
[    0.303335] mdio_bus fixed-0: using lookup tables for GPIO lookup
[    0.303360] mdio_bus fixed-0: No GPIO consumer reset found
[    0.304716] i2c_dev: i2c /dev entries driver
[    0.305703] cpuidle: enable-method property 'ti,am3352' found operations
[    0.306142] sdhci: Secure Digital Host Controller Interface driver
[    0.306151] sdhci: Copyright(c) Pierre Ossman
[    0.306325] sdhci-pltfm: SDHCI platform and OF driver helper
[    0.307797] hw perfevents: enabled with armv7_cortex_a8 PMU driver, 5 (8000000f) counters available
[    0.308310] Initializing XFRM netlink socket
[    0.308494] NET: Registered PF_INET6 protocol family
[    0.314143] l3-aon-clkctrl:0000:0: failed to disable
[    0.322597] Segment Routing with IPv6
[    0.322684] In-situ OAM (IOAM) with IPv6
[    0.322783] sit: IPv6, IPv4 and MPLS over IPv4 tunneling driver
[    0.323758] NET: Registered PF_PACKET protocol family
[    0.323785] NET: Registered PF_KEY protocol family
[    0.323912] Key type dns_resolver registered
[    0.324145] ThumbEE CPU extension supported.
[    0.324166] Registering SWP/SWPB emulation handler
[    0.324702] omap_voltage_late_init: Voltage driver support not added
[    0.325395] SmartReflex Class3 initialized
[    0.341864] Loading compiled-in X.509 certificates
[    0.395741] /ocp/interconnect@44c00000/segment@200000/target-module@b000/i2c@0/tda19988@70: Fixed dependency cycle(s) with /ocp/interconnect@48000000/segment@300000/target-module@e000/lcdc@0
[    0.402312] /ocp/interconnect@44c00000/segment@200000/target-module@b000/i2c@0/tda19988@70: Fixed dependency cycle(s) with /ocp/interconnect@48000000/segment@300000/target-module@e000/lcdc@0
[    0.407868] gpiochip_find_base_unlocked: found new base at 512
[    0.442333] /ocp/interconnect@44c00000/segment@200000/target-module@b000/i2c@0/tda19988@70: Fixed dependency cycle(s) with /ocp/interconnect@48000000/segment@300000/target-module@e000/lcdc@0
[    0.443263] /ocp/interconnect@44c00000/segment@200000/target-module@b000/i2c@0/tda19988@70: Fixed dependency cycle(s) with /ocp/interconnect@48000000/segment@300000/target-module@e000/lcdc@0
[    0.446775] /ocp/interconnect@44c00000/segment@200000/target-module@10000/scm@0/pinmux@800: Fixed dependency cycle(s) with /ocp/interconnect@44c00000/segment@200000/target-module@10000/scm@0/pinmux@800/clkout2-pins
[    0.447384] pinctrl-single 44e10800.pinmux: 142 pins, size 568
[    0.452813] ti-sysc 44e31000.target-module: probe with driver ti-sysc failed with error -16
[    0.477908] /ocp/interconnect@48000000/segment@300000/target-module@e000/lcdc@0: Fixed dependency cycle(s) with /ocp/interconnect@44c00000/segment@200000/target-module@b000/i2c@0/tda19988@70
[    0.486281] ti-sysc 48040000.target-module: probe with driver ti-sysc failed with error -16
[    0.497796] gpiochip_find_base_unlocked: found new base at 512
[    0.497897] gpio gpiochip0: (gpio-0-31): created GPIO range 0->7 ==> 44e10800.pinmux PIN 0->7
[    0.497916] gpio gpiochip0: (gpio-0-31): created GPIO range 8->11 ==> 44e10800.pinmux PIN 90->93
[    0.497932] gpio gpiochip0: (gpio-0-31): created GPIO range 12->27 ==> 44e10800.pinmux PIN 12->27
[    0.497946] gpio gpiochip0: (gpio-0-31): created GPIO range 28->31 ==> 44e10800.pinmux PIN 30->33
[    0.533122] gpio gpiochip0: (gpio-0-31): added GPIO chardev (254:0)
[    0.533268] gpio gpiochip0: registered GPIOs 512 to 543 on gpio-0-31
[    0.533355] OMAP GPIO hardware version 0.1
[    0.563143] i2c i2c-2: using DT '/ocp/interconnect@48000000/segment@100000/target-module@9c000/i2c@0' for 'scl' GPIO lookup
[    0.563218] of_get_named_gpiod_flags: can't parse 'scl-gpios' property of node '/ocp/interconnect@48000000/segment@100000/target-module@9c000/i2c@0[0]'
[    0.563260] of_get_named_gpiod_flags: can't parse 'scl-gpio' property of node '/ocp/interconnect@48000000/segment@100000/target-module@9c000/i2c@0[0]'
[    0.563295] i2c i2c-2: using lookup tables for GPIO lookup
[    0.563303] i2c i2c-2: No GPIO consumer scl found
[    0.563325] i2c i2c-2: using DT '/ocp/interconnect@48000000/segment@100000/target-module@9c000/i2c@0' for 'sda' GPIO lookup
[    0.563360] of_get_named_gpiod_flags: can't parse 'sda-gpios' property of node '/ocp/interconnect@48000000/segment@100000/target-module@9c000/i2c@0[0]'
[    0.563396] of_get_named_gpiod_flags: can't parse 'sda-gpio' property of node '/ocp/interconnect@48000000/segment@100000/target-module@9c000/i2c@0[0]'
[    0.563427] i2c i2c-2: using lookup tables for GPIO lookup
[    0.563435] i2c i2c-2: No GPIO consumer sda found
[    0.564154] omap_i2c 4819c000.i2c: bus 2 rev0.11 at 100 kHz
[    0.569775] gpiochip_find_base_unlocked: found new base at 544
[    0.569876] gpio gpiochip1: (gpio-32-63): created GPIO range 0->17 ==> 44e10800.pinmux PIN 34->51
[    0.569897] gpio gpiochip1: (gpio-32-63): created GPIO range 18->21 ==> 44e10800.pinmux PIN 77->80
[    0.569913] gpio gpiochip1: (gpio-32-63): created GPIO range 22->31 ==> 44e10800.pinmux PIN 56->65
[    0.598112] gpio gpiochip1: (gpio-32-63): added GPIO chardev (254:1)
[    0.598272] gpio gpiochip1: registered GPIOs 544 to 575 on gpio-32-63
[    0.600557] gpiochip_find_base_unlocked: found new base at 576
[    0.600657] gpio gpiochip2: (gpio-64-95): created GPIO range 0->4 ==> 44e10800.pinmux PIN 66->70
[    0.600675] gpio gpiochip2: (gpio-64-95): created GPIO range 5->6 ==> 44e10800.pinmux PIN 98->99
[    0.600691] gpio gpiochip2: (gpio-64-95): created GPIO range 7->8 ==> 44e10800.pinmux PIN 75->76
[    0.600706] gpio gpiochip2: (gpio-64-95): created GPIO range 13->13 ==> 44e10800.pinmux PIN 141->141
[    0.600722] gpio gpiochip2: (gpio-64-95): created GPIO range 14->21 ==> 44e10800.pinmux PIN 100->107
[    0.601501] gpio gpiochip2: (gpio-64-95): added GPIO chardev (254:2)
[    0.601643] gpio gpiochip2: registered GPIOs 576 to 607 on gpio-64-95
[    0.607278] 48000000.interconnect:segment@200000:target-module@0:mpu@0:fck: device ID is greater than 24
[    0.608160] /ocp/interconnect@48000000/segment@300000/target-module@e000/lcdc@0: Fixed dependency cycle(s) with /ocp/interconnect@44c00000/segment@200000/target-module@b000/i2c@0/tda19988@70
[    0.610961] /ocp/interconnect@48000000/segment@300000/target-module@e000/lcdc@0: Fixed dependency cycle(s) with /ocp/interconnect@44c00000/segment@200000/target-module@b000/i2c@0/tda19988@70
[    0.611848] /ocp/interconnect@44c00000/segment@200000/target-module@b000/i2c@0/tda19988@70: Fixed dependency cycle(s) with /ocp/interconnect@48000000/segment@300000/target-module@e000/lcdc@0
[    0.612012] /ocp/interconnect@48000000/segment@300000/target-module@e000/lcdc@0: Fixed dependency cycle(s) with /ocp/interconnect@44c00000/segment@200000/target-module@b000/i2c@0/tda19988@70
[    0.621756] mdio_bus 4a101000.mdio: using DT '/ocp/interconnect@4a000000/segment@0/target-module@100000/switch@0/mdio@1000' for 'reset' GPIO lookup
[    0.621839] of_get_named_gpiod_flags: can't parse 'reset-gpios' property of node '/ocp/interconnect@4a000000/segment@0/target-module@100000/switch@0/mdio@1000[0]'
[    0.621886] of_get_named_gpiod_flags: can't parse 'reset-gpio' property of node '/ocp/interconnect@4a000000/segment@0/target-module@100000/switch@0/mdio@1000[0]'
[    0.621932] mdio_bus 4a101000.mdio: using lookup tables for GPIO lookup
[    0.621942] mdio_bus 4a101000.mdio: No GPIO consumer reset found
[    0.622923] sdhci-omap 481d8000.mmc: using DT '/ocp/interconnect@48000000/segment@100000/target-module@d8000/mmc@0' for 'wp' GPIO lookup
[    0.622983] of_get_named_gpiod_flags: can't parse 'wp-gpios' property of node '/ocp/interconnect@48000000/segment@100000/target-module@d8000/mmc@0[0]'
[    0.623027] of_get_named_gpiod_flags: can't parse 'wp-gpio' property of node '/ocp/interconnect@48000000/segment@100000/target-module@d8000/mmc@0[0]'
[    0.623059] sdhci-omap 481d8000.mmc: using lookup tables for GPIO lookup
[    0.623069] sdhci-omap 481d8000.mmc: No GPIO consumer wp found
[    0.623263] sdhci-omap 481d8000.mmc: supply pbias not found, using dummy regulator
[    0.623755] sdhci-omap 481d8000.mmc: supply vqmmc not found, using dummy regulator
[    0.673113] davinci_mdio 4a101000.mdio: davinci mdio revision 1.6, bus freq 1000000
[    0.694693] mdio_bus 4a101000.mdio:00: using DT '/ocp/interconnect@4a000000/segment@0/target-module@100000/switch@0/mdio@1000/ethernet-phy@0' for 'reset' GPIO lookup
[    0.694797] of_get_named_gpiod_flags: parsed 'reset-gpios' property of node '/ocp/interconnect@4a000000/segment@0/target-module@100000/switch@0/mdio@1000/ethernet-phy@0[0]' - status (0)
[    0.694961] gpio gpiochip0: Persistence not supported for GPIO 8
[    0.827080] davinci_mdio 4a101000.mdio: phy[0]: device 4a101000.mdio:00, driver SMSC LAN8710/LAN8720
[    0.827846] cpsw-switch 4a100000.switch: initialized cpsw ale version 1.4
[    0.827869] cpsw-switch 4a100000.switch: ALE Table size 1024, Policers 0
[    0.828194] cpsw-switch 4a100000.switch: cpts: overflow check period 500 (jiffies)
[    0.828212] cpsw-switch 4a100000.switch: CPTS: ref_clk_freq:250000000 calc_mult:2147483648 calc_shift:29 error:0 nsec/sec
[    0.828334] cpsw-switch 4a100000.switch: Detected MACID = 6c:ec:eb:68:de:78
[    0.830216] cpsw-switch 4a100000.switch: initialized (regs 0x4a100000, pool size 256) hw_ver:0019010C 1.12 (0)
[    0.841192] debugfs: Directory '49000000.dma' with parent 'dmaengine' already present!
[    0.841233] edma 49000000.dma: TI EDMA DMA engine driver
[    0.873593] gpio-clk clk_mcasp0: using DT '/clk_mcasp0' for 'enable' GPIO lookup
[    0.873668] of_get_named_gpiod_flags: parsed 'enable-gpios' property of node '/clk_mcasp0[0]' - status (0)
[    0.873712] gpio gpiochip0: Persistence not supported for GPIO 27
[    0.874596] gpiochip_find_base_unlocked: found new base at 608
[    0.874703] gpio gpiochip3: (gpio-96-127): created GPIO range 0->7 ==> 44e10800.pinmux PIN 82->89
[    0.874724] gpio gpiochip3: (gpio-96-127): created GPIO range 8->11 ==> 44e10800.pinmux PIN 52->55
[    0.874739] gpio gpiochip3: (gpio-96-127): created GPIO range 12->15 ==> 44e10800.pinmux PIN 94->97
[    0.874755] gpio gpiochip3: (gpio-96-127): created GPIO range 16->17 ==> 44e10800.pinmux PIN 71->72
[    0.874771] gpio gpiochip3: (gpio-96-127): created GPIO range 18->18 ==> 44e10800.pinmux PIN 135->135
[    0.874787] gpio gpiochip3: (gpio-96-127): created GPIO range 19->20 ==> 44e10800.pinmux PIN 108->109
[    0.874803] gpio gpiochip3: (gpio-96-127): created GPIO range 21->21 ==> 44e10800.pinmux PIN 73->73
[    0.874821] gpio gpiochip3: (gpio-96-127): created GPIO range 22->23 ==> 44e10800.pinmux PIN 8->9
[    0.874838] gpio gpiochip3: (gpio-96-127): created GPIO range 26->27 ==> 44e10800.pinmux PIN 10->11
[    0.874855] gpio gpiochip3: (gpio-96-127): created GPIO range 28->28 ==> 44e10800.pinmux PIN 74->74
[    0.874873] gpio gpiochip3: (gpio-96-127): created GPIO range 29->29 ==> 44e10800.pinmux PIN 81->81
[    0.874891] gpio gpiochip3: (gpio-96-127): created GPIO range 30->31 ==> 44e10800.pinmux PIN 28->29
[    0.895967] gpio gpiochip3: (gpio-96-127): added GPIO chardev (254:3)
[    0.896151] gpio gpiochip3: registered GPIOs 608 to 639 on gpio-96-127
[    0.898002] omap8250 44e09000.serial: using DT '/ocp/interconnect@44c00000/segment@200000/target-module@9000/serial@0' for 'rs485-term' GPIO lookup
[    0.898074] of_get_named_gpiod_flags: can't parse 'rs485-term-gpios' property of node '/ocp/interconnect@44c00000/segment@200000/target-module@9000/serial@0[0]'
[    0.898118] of_get_named_gpiod_flags: can't parse 'rs485-term-gpio' property of node '/ocp/interconnect@44c00000/segment@200000/target-module@9000/serial@0[0]'
[    0.898153] omap8250 44e09000.serial: using lookup tables for GPIO lookup
[    0.898163] omap8250 44e09000.serial: No GPIO consumer rs485-term found
[    0.898172] omap8250 44e09000.serial: using DT '/ocp/interconnect@44c00000/segment@200000/target-module@9000/serial@0' for 'rs485-rx-during-tx' GPIO lookup
[    0.898208] of_get_named_gpiod_flags: can't parse 'rs485-rx-during-tx-gpios' property of node '/ocp/interconnect@44c00000/segment@200000/target-module@9000/serial@0[0]'
[    0.898244] of_get_named_gpiod_flags: can't parse 'rs485-rx-during-tx-gpio' property of node '/ocp/interconnect@44c00000/segment@200000/target-module@9000/serial@0[0]'
[    0.898275] omap8250 44e09000.serial: using lookup tables for GPIO lookup
[    0.898284] omap8250 44e09000.serial: No GPIO consumer rs485-rx-during-tx found
[    0.898716] 44e09000.serial: ttyS0 at MMIO 0x44e09000 (irq = 34, base_baud = 3000000) is a 8250
[    0.898806] printk: legacy console [ttyS0] enabled
[    2.376448] i2c i2c-0: using DT '/ocp/interconnect@44c00000/segment@200000/target-module@b000/i2c@0' for 'scl' GPIO lookup
[    2.376537] of_get_named_gpiod_flags: can't parse 'scl-gpios' property of node '/ocp/interconnect@44c00000/segment@200000/target-module@b000/i2c@0[0]'
[    2.376583] of_get_named_gpiod_flags: can't parse 'scl-gpio' property of node '/ocp/interconnect@44c00000/segment@200000/target-module@b000/i2c@0[0]'
[    2.376622] i2c i2c-0: using lookup tables for GPIO lookup
[    2.376636] i2c i2c-0: No GPIO consumer scl found
[    2.376660] i2c i2c-0: using DT '/ocp/interconnect@44c00000/segment@200000/target-module@b000/i2c@0' for 'sda' GPIO lookup
[    2.376700] of_get_named_gpiod_flags: can't parse 'sda-gpios' property of node '/ocp/interconnect@44c00000/segment@200000/target-module@b000/i2c@0[0]'
[    2.376740] of_get_named_gpiod_flags: can't parse 'sda-gpio' property of node '/ocp/interconnect@44c00000/segment@200000/target-module@b000/i2c@0[0]'
[    2.376775] i2c i2c-0: using lookup tables for GPIO lookup
[    2.376787] i2c i2c-0: No GPIO consumer sda found
[    2.392378] tps65217-pmic: Failed to locate of_node [id: -1]
[    2.398453] tps65217-bl: Failed to locate of_node [id: -1]
[    2.404532] platform tps65217-charger: DMA mask not set
[    2.410564] platform tps65217-pwrbutton: DMA mask not set
[    2.418003] tps65217 0-0024: TPS65217 ID 0xe version 1.2
[    2.424142] /ocp/interconnect@48000000/segment@300000/target-module@e000/lcdc@0: Fixed dependency cycle(s) with /ocp/interconnect@44c00000/segment@200000/target-module@b000/i2c@0/tda19988@70
[    2.441529] /ocp/interconnect@44c00000/segment@200000/target-module@b000/i2c@0/tda19988@70: Fixed dependency cycle(s) with /ocp/interconnect@48000000/segment@300000/target-module@e000/lcdc@0
[    2.458881] omap_i2c 44e0b000.i2c: bus 0 rev0.11 at 400 kHz
[    2.466527] sdhci-omap 48060000.mmc: using DT '/ocp/interconnect@48000000/segment@0/target-module@60000/mmc@0' for 'cd' GPIO lookup
[    2.466634] of_get_named_gpiod_flags: parsed 'cd-gpios' property of node '/ocp/interconnect@48000000/segment@0/target-module@60000/mmc@0[0]' - status (0)
[    2.466703] gpio gpiochip3: Persistence not supported for GPIO 6
[    2.466729] omap_gpio 44e07000.gpio: Could not set line 6 debounce to 200000 microseconds (-22)
[    2.475662] sdhci-omap 48060000.mmc: Got CD GPIO
[    2.480320] sdhci-omap 48060000.mmc: using DT '/ocp/interconnect@48000000/segment@0/target-module@60000/mmc@0' for 'wp' GPIO lookup
[    2.480369] of_get_named_gpiod_flags: can't parse 'wp-gpios' property of node '/ocp/interconnect@48000000/segment@0/target-module@60000/mmc@0[0]'
[    2.480412] of_get_named_gpiod_flags: can't parse 'wp-gpio' property of node '/ocp/interconnect@48000000/segment@0/target-module@60000/mmc@0[0]'
[    2.480450] sdhci-omap 48060000.mmc: using lookup tables for GPIO lookup
[    2.480464] sdhci-omap 48060000.mmc: No GPIO consumer wp found
[    2.480674] sdhci-omap 48060000.mmc: supply pbias not found, using dummy regulator
[    2.489504] sdhci-omap 481d8000.mmc: using DT '/ocp/interconnect@48000000/segment@100000/target-module@d8000/mmc@0' for 'wp' GPIO lookup
[    2.489588] of_get_named_gpiod_flags: can't parse 'wp-gpios' property of node '/ocp/interconnect@48000000/segment@100000/target-module@d8000/mmc@0[0]'
[    2.489636] of_get_named_gpiod_flags: can't parse 'wp-gpio' property of node '/ocp/interconnect@48000000/segment@100000/target-module@d8000/mmc@0[0]'
[    2.489674] sdhci-omap 481d8000.mmc: using lookup tables for GPIO lookup
[    2.489687] sdhci-omap 481d8000.mmc: No GPIO consumer wp found
[    2.490659] sdhci-omap 48060000.mmc: supply vqmmc not found, using dummy regulator
[    2.499769] sdhci-omap 481d8000.mmc: supply pbias not found, using dummy regulator
[    2.509162] sdhci-omap 481d8000.mmc: supply vqmmc not found, using dummy regulator
[    2.545195] mmc0: SDHCI controller on 48060000.mmc [48060000.mmc] using External DMA
[    2.553524] mmc1: SDHCI controller on 481d8000.mmc [481d8000.mmc] using External DMA
[    2.562403] cpsw-switch 4a100000.switch: starting ndev. mode: dual_mac
[    2.631784] mmc1: new high speed MMC card at address 0001
[    2.638615] mmcblk1: mmc1:0001 MMC04G 3.60 GiB
[    2.646545]  mmcblk1: p1 p2
[    2.650331] SMSC LAN8710/LAN8720 4a101000.mdio:00: attached PHY driver (mii_bus:phy_addr=4a101000.mdio:00, irq=POLL)
[    2.662976] mmcblk1boot0: mmc1:0001 MMC04G 2.00 MiB
[    2.676919] mmcblk1boot1: mmc1:0001 MMC04G 2.00 MiB
[    2.685920] mmcblk1rpmb: mmc1:0001 MMC04G 128 KiB, chardev (250:0)
[    2.734540] mmc0: new high speed SDHC card at address aaaa
[    2.741448] mmcblk0: mmc0:aaaa SE32G 29.7 GiB
[    2.750619]  mmcblk0: p1 p2
[    5.842143] cpsw-switch 4a100000.switch eth0: Link is Up - 100Mbps/Full - flow control off
[    5.871399] IP-Config: Complete:
[    5.874670]      device=eth0, hwaddr=6c:ec:eb:68:de:78, ipaddr=192.168.255.1, mask=255.255.255.0, gw=255.255.255.255
[    5.885314]      host=bbb1, domain=, nis-domain=(none)
