Labgrid Console Logfile for main
Logfile started at 2025-10-08 15:49:51.846660
=== Log starts here ===
reading args
spl_load_image_fat_os: error reading image args, err - -1
reading u-boot.img
reading u-boot.img


U-Boot 2014.04-00014-g47880f5 (Apr 22 2014 - 13:23:54)

I2C:   ready
DRAM:  512 MiB
NAND:  0 MiB
MMC:   OMAP SD/MMC: 0, OMAP SD/MMC: 1
*** Warning - readenv() failed, using default environment

Net:   <ethaddr> not set. Validating first E-fuse MAC
cpsw, usb_ether
Hit any key to stop autoboot:  1  0 
gpio: pin 53 (gpio 53) value is 1
mmc0 is current device
gpio: pin 54 (gpio 54) value is 1
SD/MMC found on device 0
reading uEnv.txt
569 bytes read in 4 ms (138.7 KiB/s)
gpio: pin 55 (gpio 55) value is 1
Loaded environment from uEnv.txt
Importing environment from mmc ...
Checking if uenvcmd is set ...
gpio: pin 56 (gpio 56) value is 1
Running uenvcmd ...
cpsw Waiting for PHY auto negotiation to complete. done
link up on port 0, speed 100, full duplex
Using cpsw device
TFTP from server 192.168.255.126; our IP address is 192.168.255.1
Filename 'zImage'.
Load address: 0x81000000
Loading: *#################################################################
	 #################################################################
	 #################################################################
	 #################################################################
	 #################################################################
	 ###############################################################
	 2.4 MiB/s
done
Bytes transferred = 5683920 (56bad0 hex)
link up on port 0, speed 100, full duplex
Using cpsw device
TFTP from server 192.168.255.126; our IP address is 192.168.255.1
Filename 'am335x-boneblack.dtb'.
Load address: 0x82000000
Loading: *#######
	 2.4 MiB/s
done
Bytes transferred = 98148 (17f64 hex)
Kernel image @ 0x81000000 [ 0x000000 - 0x56bad0 ]
## Flattened Device Tree blob at 82000000
   Booting using the fdt blob at 0x82000000
   Using Device Tree in place at 82000000, end 8201af63

Starting kernel ...

[    0.000000] Booting Linux on physical CPU 0x0
[    0.000000] Linux version 6.17.0-next-20251008 (user01@drvtest01) (arm-none-eabi-gcc (Arm GNU Toolchain 14.2.Rel1 (Build arm-14.52)) 14.2.1 20241119, GNU ld (Arm GNU Toolchain 14.2.Rel1 (Build arm-14.52)) 2.43.1.20241119) #1 SMP Wed Oct  8 15:48:12 EEST 2025
[    0.000000] CPU: ARMv7 Processor [413fc082] revision 2 (ARMv7), cr=10c5387d
[    0.000000] CPU: PIPT / VIPT nonaliasing data cache, VIPT aliasing instruction cache
[    0.000000] OF: fdt: Machine model: TI AM335x BeagleBone Black
[    0.000000] Memory policy: Data cache writeback
[    0.000000] cma: Reserved 16 MiB at 0x9e800000
[    0.000000] Zone ranges:
[    0.000000]   Normal   [mem 0x0000000080000000-0x000000009fdfffff]
[    0.000000]   HighMem  empty
[    0.000000] Movable zone start for each node
[    0.000000] Early memory node ranges
[    0.000000]   node   0: [mem 0x0000000080000000-0x000000009fdfffff]
[    0.000000] Initmem setup node 0 [mem 0x0000000080000000-0x000000009fdfffff]
[    0.000000] On node 0, zone Normal: 512 pages in unavailable ranges
[    0.000000] OF: reserved mem: Reserved memory: No reserved-memory node in the DT
[    0.000000] CPU: All CPU(s) started in SVC mode.
[    0.000000] AM335X ES2.1 (sgx neon)
[    0.000000] percpu: Embedded 17 pages/cpu s39884 r8192 d21556 u69632
[    0.000000] Kernel command line: console=ttyO0,115200n8 root=/dev/nfs rw nfsroot=192.168.255.126:/home/user01/nfs,nfsvers=3 ip=192.168.255.1:192.168.255.126::255.255.255.0:bbb1:eth0 nfsrootdebug
[    0.000000] Unknown kernel command line parameters "nfsrootdebug", will be passed to user space.
[    0.000000] printk: log buffer data + meta data: 65536 + 204800 = 270336 bytes
[    0.000000] Dentry cache hash table entries: 65536 (order: 6, 262144 bytes, linear)
[    0.000000] Inode-cache hash table entries: 32768 (order: 5, 131072 bytes, linear)
[    0.000000] Built 1 zonelists, mobility grouping on.  Total pages: 130560
[    0.000000] mem auto-init: stack:off, heap alloc:off, heap free:off
[    0.000000] SLUB: HWalign=16, Order=0-3, MinObjects=0, CPUs=1, Nodes=1
[    0.000000] rcu: Hierarchical RCU implementation.
[    0.000000] rcu: 	RCU event tracing is enabled.
[    0.000000] rcu: 	RCU restricting CPUs from NR_CPUS=2 to nr_cpu_ids=1.
[    0.000000] 	Tracing variant of Tasks RCU enabled.
[    0.000000] rcu: RCU calculated value of scheduler-enlistment delay is 10 jiffies.
[    0.000000] rcu: Adjusting geometry for rcu_fanout_leaf=16, nr_cpu_ids=1
[    0.000000] RCU Tasks Trace: Setting shift to 0 and lim to 1 rcu_task_cb_adjust=1 rcu_task_cpu_ids=1.
[    0.000000] NR_IRQS: 16, nr_irqs: 16, preallocated irqs: 16
[    0.000000] IRQ: Found an INTC at 0x(ptrval) (revision 5.0) with 128 interrupts
[    0.000000] rcu: srcu_init: Setting srcu_struct sizes based on contention.
[    0.000000] TI gptimer clocksource: always-on /ocp/interconnect@44c00000/segment@200000/target-module@31000
[    0.000002] sched_clock: 32 bits at 24MHz, resolution 41ns, wraps every 89478484971ns
[    0.000024] clocksource: dmtimer: mask: 0xffffffff max_cycles: 0xffffffff, max_idle_ns: 79635851949 ns
[    0.000488] TI gptimer clockevent: 24000000 Hz at /ocp/interconnect@48000000/segment@0/target-module@40000
[    0.002036] Console: colour dummy device 80x30
[    0.002098] WARNING: Your 'console=ttyO0' has been replaced by 'ttyS0'
[    0.002106] This ensures that you still see kernel messages. Please
[    0.002110] update your kernel commandline.
[    0.002151] Calibrating delay loop... 996.14 BogoMIPS (lpj=4980736)
[    0.090600] CPU: Testing write buffer coherency: ok
[    0.090684] CPU0: Spectre v2: using BPIALL workaround
[    0.090693] pid_max: default: 32768 minimum: 301
[    0.090868] LSM: initializing lsm=capability
[    0.091029] Mount-cache hash table entries: 1024 (order: 0, 4096 bytes, linear)
[    0.091048] Mountpoint-cache hash table entries: 1024 (order: 0, 4096 bytes, linear)
[    0.092630] CPU0: thread -1, cpu 0, socket -1, mpidr 0
[    0.092687] cacheinfo: Unable to detect cache hierarchy for CPU 0
[    0.094691] Setting up static identity map for 0x80100000 - 0x80100078
[    0.094998] rcu: Hierarchical SRCU implementation.
[    0.095009] rcu: 	Max phase no-delay instances is 1000.
[    0.096685] smp: Bringing up secondary CPUs ...
[    0.096737] smp: Brought up 1 node, 1 CPU
[    0.096749] SMP: Total of 1 processors activated (996.14 BogoMIPS).
[    0.096760] CPU: All CPU(s) started in SVC mode.
[    0.096961] Memory: 480864K/522240K available (11264K kernel code, 1226K rwdata, 2952K rodata, 1024K init, 256K bss, 23336K reserved, 16384K cma-reserved, 0K highmem)
[    0.097773] devtmpfs: initialized
[    0.115270] VFP support v0.3: implementor 41 architecture 3 part 30 variant c rev 3
[    0.115940] clocksource: jiffies: mask: 0xffffffff max_cycles: 0xffffffff, max_idle_ns: 19112604462750000 ns
[    0.115993] posixtimers hash table entries: 512 (order: 0, 4096 bytes, linear)
[    0.116019] futex hash table entries: 256 (16384 bytes on 1 NUMA nodes, total 16 KiB, linear).
[    0.117152] pinctrl core: initialized pinctrl subsystem
[    0.119231] NET: Registered PF_NETLINK/PF_ROUTE protocol family
[    0.122292] DMA: preallocated 256 KiB pool for atomic coherent allocations
[    0.122898] audit: initializing netlink subsys (disabled)
[    0.124225] thermal_sys: Registered thermal governor 'fair_share'
[    0.124240] thermal_sys: Registered thermal governor 'step_wise'
[    0.124249] thermal_sys: Registered thermal governor 'user_space'
[    0.124361] audit: type=2000 audit(0.120:1): state=initialized audit_enabled=0 res=1
[    0.124434] cpuidle: using governor menu
[    0.142330] /ocp/interconnect@44c00000/segment@200000/target-module@b000/i2c@0/tda19988@70: Fixed dependency cycle(s) with /ocp/interconnect@48000000/segment@300000/target-module@e000/lcdc@0
[    0.143424] /ocp/interconnect@48000000/segment@300000/target-module@e000/lcdc@0: Fixed dependency cycle(s) with /ocp/interconnect@44c00000/segment@200000/target-module@b000/i2c@0/tda19988@70
[    0.145629] No ATAGs?
[    0.145667] hw-breakpoint: debug architecture 0x4 unsupported.
[    0.148723] kprobes: kprobe jump-optimization is enabled. All kprobes are optimized if possible.
[    0.154481] iommu: Default domain type: Translated
[    0.154505] iommu: DMA domain TLB invalidation policy: strict mode
[    0.161650] SCSI subsystem initialized
[    0.162503] pps_core: LinuxPPS API ver. 1 registered
[    0.162514] pps_core: Software ver. 5.3.6 - Copyright 2005-2007 Rodolfo Giometti <giometti@linux.it>
[    0.162538] PTP clock support registered
[    0.171027] vgaarb: loaded
[    0.171391] clocksource: Switched to clocksource dmtimer
[    0.172061] VFS: Disk quotas dquot_6.6.0
[    0.172121] VFS: Dquot-cache hash table entries: 1024 (order 0, 4096 bytes)
[    0.196497] NET: Registered PF_INET protocol family
[    0.196839] IP idents hash table entries: 8192 (order: 4, 65536 bytes, linear)
[    0.198275] tcp_listen_portaddr_hash hash table entries: 512 (order: 0, 4096 bytes, linear)
[    0.198311] Table-perturb hash table entries: 65536 (order: 6, 262144 bytes, linear)
[    0.198328] TCP established hash table entries: 4096 (order: 2, 16384 bytes, linear)
[    0.198372] TCP bind hash table entries: 4096 (order: 4, 65536 bytes, linear)
[    0.198472] TCP: Hash tables configured (established 4096 bind 4096)
[    0.198594] UDP hash table entries: 256 (order: 1, 14336 bytes, linear)
[    0.198627] UDP-Lite hash table entries: 256 (order: 1, 14336 bytes, linear)
[    0.198834] NET: Registered PF_UNIX/PF_LOCAL protocol family
[    0.202379] RPC: Registered named UNIX socket transport module.
[    0.202402] RPC: Registered udp transport module.
[    0.202407] RPC: Registered tcp transport module.
[    0.202412] RPC: Registered tcp-with-tls transport module.
[    0.202417] RPC: Registered tcp NFSv4.1 backchannel transport module.
[    0.202443] PCI: CLS 0 bytes, default 64
[    0.203862] Initialise system trusted keyrings
[    0.212038] workingset: timestamp_bits=14 max_order=17 bucket_order=3
[    0.213508] NFS: Registering the id_resolver key type
[    0.213566] Key type id_resolver registered
[    0.213572] Key type id_legacy registered
[    0.213689] jffs2: version 2.2. (NAND) (SUMMARY)  Â© 2001-2006 Red Hat, Inc.
[    0.214156] Key type asymmetric registered
[    0.214172] Asymmetric key parser 'x509' registered
[    0.214245] io scheduler mq-deadline registered
[    0.214255] io scheduler kyber registered
[    0.214337] io scheduler bfq registered
[    0.216201] target-module@4b000000:target-module@140000:pmu@0:fck: device ID is greater than 24
[    0.221628] ledtrig-cpu: registered to indicate activity on CPUs
[    0.232404] Serial: 8250/16550 driver, 6 ports, IRQ sharing enabled
[    0.278163] brd: module loaded
[    0.287094] loop: module loaded
[    0.288029] mtdoops: mtd device (mtddev=name/number) must be supplied
[    0.291017] i2c_dev: i2c /dev entries driver
[    0.292190] cpuidle: enable-method property 'ti,am3352' found operations
[    0.292653] sdhci: Secure Digital Host Controller Interface driver
[    0.292662] sdhci: Copyright(c) Pierre Ossman
[    0.292847] sdhci-pltfm: SDHCI platform and OF driver helper
[    0.301772] hw perfevents: enabled with armv7_cortex_a8 PMU driver, 5 (8000000f) counters available
[    0.302329] Initializing XFRM netlink socket
[    0.302496] NET: Registered PF_INET6 protocol family
[    0.304493] Segment Routing with IPv6
[    0.304574] In-situ OAM (IOAM) with IPv6
[    0.304669] sit: IPv6, IPv4 and MPLS over IPv4 tunneling driver
[    0.305628] NET: Registered PF_PACKET protocol family
[    0.305657] NET: Registered PF_KEY protocol family
[    0.305778] Key type dns_resolver registered
[    0.306012] ThumbEE CPU extension supported.
[    0.306033] Registering SWP/SWPB emulation handler
[    0.306557] omap_voltage_late_init: Voltage driver support not added
[    0.307237] SmartReflex Class3 initialized
[    0.342994] Loading compiled-in X.509 certificates
[    0.373738] /ocp/interconnect@44c00000/segment@200000/target-module@b000/i2c@0/tda19988@70: Fixed dependency cycle(s) with /ocp/interconnect@48000000/segment@300000/target-module@e000/lcdc@0
[    0.380088] /ocp/interconnect@44c00000/segment@200000/target-module@b000/i2c@0/tda19988@70: Fixed dependency cycle(s) with /ocp/interconnect@48000000/segment@300000/target-module@e000/lcdc@0
[    0.423156] /ocp/interconnect@44c00000/segment@200000/target-module@b000/i2c@0/tda19988@70: Fixed dependency cycle(s) with /ocp/interconnect@48000000/segment@300000/target-module@e000/lcdc@0
[    0.424047] /ocp/interconnect@44c00000/segment@200000/target-module@b000/i2c@0/tda19988@70: Fixed dependency cycle(s) with /ocp/interconnect@48000000/segment@300000/target-module@e000/lcdc@0
[    0 .427505] /ocp/interconnect@44c00000/segment@200000/target-module@10000/scm@0/pinmux@800: Fixed dependency cycle(s) with /ocp/interconnect@44c00000/segment@200000/target-module@10000/scm@0/pinmux@800/clkout2-pins
[    0.428088] pinctrl-single 44e10800.pinmux: 142 pins, size 568
[    0.433644] ti-sysc 44e31000.target-module: probe with driver ti-sysc failed with error -16
[    0.447432] /ocp/interconnect@48000000/segment@300000/target-module@e000/lcdc@0: Fixed dependency cycle(s) with /ocp/interconnect@4 4c00000/segment@200000/target-module@b000/i2c@0/tda19988@70
[    0.455824] ti-sysc 48040000.target-module: probe with driver ti-sysc failed with error -16
[    0.502745] OMAP GPIO hardware version 0.1
[    0.529951] omap_i2c 4819c000.i2c: bus 2 rev0.11 at 100 kHz
[    0.579443] 48000000.interconnect:segment@200000:target-module@0:mpu@0:fck: device ID is greater than 24
[    0.580348] /ocp/interconnect@48000000/segment@300000/target-module@e000/lcdc@0: Fixed dependency cycle(s) with /ocp/interconnect@44c00000/segment@200000/target-module@b000/i2c@0/tda19988@70
[    0.583465] /ocp/interconnect@48000000/segment@300000/target-module@e000/lcdc@0: Fixed dependency cycle(s) with /ocp/interconnect@44c00000/segment@200000/target-module@b000/i2c@0/tda19988@70
[    0.584174] /ocp/interconnect@44c00000/segment@200000/target-module@b000/i2c@0/tda19988@70: Fixed dependency cycle(s) with /ocp/interconnect@48000000/segment@300000/target-module@e000/lcdc@0
[    0.584353] /ocp/interconnect@48000000/segment@300000/target-module@e000/lcdc@0: Fixed dependency cycle(s) with /ocp/interconnect@44c00000/segment@200000/target-module@b000/i2c@0/tda19988@70
[    0.591913] sdhci-omap 481d8000.mmc: supply pbias not found, using dummy regulator
[    0.598190] sdhci-omap 481d8000.mmc: supply vqmmc not found, using dummy regulator
[    0.657669] davinci_mdio 4a101000.mdio: davinci mdio revision 1.6, bus freq 1000000
[    0.802158] davinci_mdio 4a101000.mdio: phy[0]: device 4a101000.mdio:00, driver SMSC LAN8710/LAN8720
[    0.802914]
[    2.442365] tps65217-pmic: Failed to locate of_node [id: -1]
[    2.448429] tps65217-bl: Failed to locate of_node [id: -1]
[    2.454484] platform tps65217-charger: DMA mask not set
[    2.460509] platform tps65217-pwrbutton: DMA mask not set
[    2.467783] tps65217 0-0024: TPS65217 ID 0xe version 1.2
[    2.473911] /ocp/interconnect@48000000/segment@300000/target-module@e000/lcdc@0: Fixed dependency cycle(s) with /ocp/interconnect@44c00000/segment@200000/target-module@b000/i2c@0/tda19988@70
[    2.491311] /ocp/interconnect@44c00000/segment@200000/target-module@b000/i2c@0/tda19988@70: Fixed dependency cycle(s) with /ocp/interconnect@48000000/segment@300000/target-module@e000/lcdc@0
[    2.508709] omap_i2c 44e0b000.i2c: bus 0 rev0.11 at 400 kHz
[    2.516698] omap_gpio 44e07000.gpio: Could not set line 6 debounce to 200000 microseconds (-22)
[    2.525581] sdhci-omap 48060000.mmc: Got CD GPIO
[    2.530610] sdhci-omap 48060000.mmc: supply pbias not found, using dummy regulator
[    2.540790] sdhci-omap 48060000.mmc: supply vqmmc not found, using dummy regulator
[    2.549771] sdhci-omap 481d8000.mmc: supply pbias not found, using dummy regulator
[    2.560289] sdhci-omap 481d8000.mmc: supply vqmmc not found, using dummy regulator
[    2.595116] mmc0: SDHCI controller on 48060000.mmc [48060000.mmc] using External DMA
[    2.603350] mmc1: SDHCI controller on 481d8000.mmc [481d8000.mmc] using External DMA
[    2.612187] cpsw-switch 4a100000.switch: starting ndev. mode: dual_mac
[    2.681709] mmc1: new high speed MMC card at address 0001
[    2.688521] mmcblk1: mmc1:0001 MMC04G 3.60 GiB
[    2.696516]  mmcblk1: p1 p2
[    2.700267] SMSC LAN8710/LAN8720 4a101000.mdio:00: attached PHY driver (mii_bus:phy_addr=4a101000.mdio:00, irq=POLL)
[    2.712849] mmcblk1boot0: mmc1:0001 MMC04G 2.00 MiB
[    2.726759] mmcblk1boot1: mmc1:0001 MMC04G 2.00 MiB
[    2.735735] mmcblk1rpmb: mmc1:0001 MMC04G 128 KiB, chardev (249:0)
[    2.784928] mmc0: new high speed SDHC card at address aaaa
[    2.791851] mmcblk0: mmc0:aaaa SE32G 29.7 GiB
[    2.800930]  mmcblk0: p1 p2
[    5.842168] cpsw-switch 4a100000.switch eth0: Link is Up - 100Mbps/Full - flow control off
[    5.881632] IP-Config: Complete:
[    5.884906]      device=eth0, hwaddr=6c:ec:eb:68:de:78, ipaddr=192.168.255.1, mask=255.255.255.0, gw=255.255.255.255
[    5.895580]      host=bbb1, domain=, nis-domain=(none)
[    5.900748]      bootserver=192.168.255.126, rootserver=192.168.255.126, rootpath=
[    5.901184] clk: Disabling unused clocks
[    5.913020] PM: genpd: Disabling unused power domains
[    5.918169] KTAP version 1
[    5.920892] 1..0
[    5.923385] check access for rdinit=/init failed: -2, ignoring
[    5.951785] VFS: Mounted root (nfs filesystem) on device 0:17.
[    5.958641] devtmpfs: mounted
[    5.963453] Freeing unused kernel image (initmem) memory: 1024K
[    5.970066] Run /sbin/init as init process
[    6.644677] systemd[1]: System time before build time, advancing clock.
[    8.201414] random: crng init done
[    8.224192] systemd[1]: systemd 232 running in system mode. (+PAM +AUDIT +SELINUX +IMA +APPARMOR +SMACK +SYSVINIT +UTMP +LIBCRYPTSETUP +GCRYPT +GNUTLS +ACL +XZ +LZ4 +SECCOMP +BLKID +ELFUTILS +KMOD +IDN)
[    8.243354] systemd[1]: Detected architecture arm.

Welcome to [1mDebian GNU/Linux 9 (stretch)[0m!

[    8.274588] systemd[1]: Set hostname to <arm>.
[    9.383833] systemd[1]: Created slice System Slice.
[[0;32m  OK  [0m] Created slice System Slice.
[    9.412132] systemd[1]: Mounting Debug File System...
         Mounting Debug File System...
[    9.422249] systemd[1]: Reached target Swap.
[[0;32m  OK  [0m] Reached target Swap.
[    9.433186] systemd[1]: Started Forward Password Requests to Wall Directory Watch.
[[0;32m  OK  [0m] Started Forward Password Requests to Wall Directory Watch.
[    9.466836] systemd[1]: Listening on /dev/initctl Compatibility Named Pipe.
[[0;32m  OK  [0m] Listening on /dev/initctl Compatibility Named Pipe.
[    9.515360] systemd[1]: systemd-journald.socket: SO_PASSSEC failed: Operation not supported
[    9.551350] systemd[1]: systemd-journald.socket: SO_PASSSEC failed: Operation not supported
[[0;32m  OK  [0m] Listening on Journal Socket.
         Starting Create list of required stâ€¦ce nodes for the current kernel...
[[0;32m  OK  [0m] Listening on udev Control Socket.
[[0;32m  OK  [0m] Created slice system-getty.slice.
[[0;32m  OK  [0m] Listening on Journal Audit Socket.
[[0;32m  OK  [0m] Created slice User and Session Slice.
         Starting Load Kernel Modules...
[[0;32m  OK  [0m] Started Dispatch Password Requests to Console Directory Watch.
[[0;32m  OK  [0m] Reached target Paths.
         Mounting POSIX Message Queue File System...
         Starting Remount Root and Kernel File Systems...
[[0;32m  OK  [0m] Listening on udev Kernel Socket.
[[0;32m  OK  [0m] Created slice system-serial\x2dgetty.slice.
[[0;32m  OK  [0m] Set up automount Arbitrary Executabâ€¦rmats File System Automount Point.
[[0;32m  OK  [0m] Listening on Syslog Socket.
[[0;32m  OK  [0m] Reached target Remote File Systems.
[[0;32m  OK  [0m] Reached target Encrypted Volumes.
[[0;32m  OK  [0m] Listening on Journal Socket (/dev/log).
[[0;32m  OK  [0m] Reached target Slices.
         Starting Journal Service...
[[0;32m  OK  [0m] Mounted POSIX Message Queue File System.
[[0;32m  OK  [0m] Mounted Debug File System.
[[0;32m  OK  [0m] Started Create list of required staâ€¦vice nodes for the current kernel.
[[0;32m  OK  [0m] Started Load Kernel Modules.
[[0;32m  OK  [0m] Started Remount Root and Kernel File Systems.
         Starting Load/Save Random Seed...
         Starting udev Coldplug all Devices...
         Starting Apply Kernel Variables...
         Mounting Configuration File System...
         Starting Create Static Device Nodes in /dev...
[[0;32m  OK  [0m] Mounted Configuration File System.
[[0;32m  OK  [0m] Started Load/Save Random Seed.
[[0;32m  OK  [0m] Started Apply Kernel Variables.
[[0;32m  OK  [0m] Started Journal Service.
[[0;32m  OK  [0m] Started Create Static Device Nodes in /dev.
[[0;32m  OK  [0m] Reached target Local File Systems (Pre).
[[0;32m  OK  [0m] Reached target Local File Systems.
         Starting Raise network interfaces...
         Starting udev Kernel Device Manager...
         Starting Flush Journal to Persistent Storage...
[   11.655795] systemd-journald[91]: Received request to flush runtime journal from PID 1
[[0;32m  OK  [0m] Started Flush Journal to Persistent Storage.
         Starting Create Volatile Files and Directories...
[[0;32m  OK  [0m] Started udev Kernel Device Manager.
[   12.646418] omap_prm 44e00d00.prm: sync_state() pending due to 44d00000.cpu
[[0;32m  OK  [0m] Started Create Volatile Files and Directories.
         Starting Network Time Synchronization...
         Starting Update UTMP about System Boot/Shutdown...
[[0;32m  OK  [0m] Started udev Coldplug all Devices.
[[0;32m  OK  [0m] Started Update UTMP about System Boot/Shutdown.
[   14.754702] remoteproc remoteproc0: wkup_m3 is available
[   14.812845] omap_wdt: OMAP Watchdog Timer Rev 0x01: initial timeout 60 sec
[[0;32m  OK  [0m] Started Network Time Synchronization.
[   15.196313] at24 2-0054: supply vcc not found, using dummy regulator
[   15.215952] input: tps65217_pwrbutton as /devices/platform/ocp/44c00000.interconnect/44c00000.interconnect:segment@200000/44e0b000.target-module/44e0b000.i2c/i2c-0/0-0024/tps65217-pwrbutton/input/input0
[   15.332696] at24 2-0055: supply vcc not found, using dummy regulator
[[0;32m  OK  [0m] Found device /dev/ttyS0.
[   15.453887] at24 2-0056: supply vcc not found, using dummy regulator
[   15.543366] at24 2-0057: supply vcc not found, using dummy regulator
[   15.625455] at24 0-0050: 32768 byte 24c256 EEPROM, writable, 1 bytes/write
[[0;32m  OK  [0m] Reached target System Initialization.
[   15.868915] omap_rtc 44e3e000.rtc: registered as rtc0
[   15.874278] omap_rtc 44e3e000.rtc: setting system clock to 2000-01-01T00:00:00 UTC (946684800)
[[0;32m  OK  [0m] Listening on D-Bus System Message Bus Socket.
[   16.030595] am335x-phy-driver 47401300.usb-phy: dummy supplies not allowed for exclusive requests (id=vbus)
[[0;32m  OK  [0m] Listening on Avahi mDNS/DNS-SD Stack Activation Socket.
[   16.219230] am335x-phy-driver 47401b00.usb-phy: dummy supplies not allowed for exclusive requests (id=vbus)
[[0;32m  OK  [0m] Reached target Sockets.
[[0;32m  OK  [0m] Reached target Basic System.
         Starting Generic Board Startup...
         Starting LSB: Load kernel modules needed to enable cpufreq scaling...
[   16.612607] usbcore: registered new interface driver usbfs
[   16.619576] usbcore: registered new interface driver hub
[   16.625285] usbcore: registered new device driver usb
[[0;32m  OK  [0m] Started Regular background program processing daemon.
         Starting Cape Manager Service...
         Starting DUN service...
         Starting System Logging Service...
         Starting Login Service...
         Starting LSB: Start busybox udhcpd at boot time...
[   17.507201] musb-hdrc musb-hdrc.1: MUSB HDRC host driver
[   17.512773] musb-hdrc musb-hdrc.1: new USB bus registered, assigned bus number 1
         Starting Telephony service...
[   17.606690] omap-mailbox 480c8000.mailbox: omap mailbox rev 0x400
[   17.654216] tda998x 0-0070: found TDA19988
[[0;32m  OK  [0m] Started D-Bus System Message Bus.[   17.706644] remoteproc remoteproc0: powering up wkup_m3

[   17.837315] usb usb1: New USB device found, idVendor=1d6b, idProduct=0002, bcdDevice= 6.17
[   17.845936] usb usb1: New USB device strings: Mfr=3, Product=2, SerialNumber=1
[   17.853305] usb usb1: Product: MUSB HDRC host driver
[   17.858302] usb usb1: Manufacturer: Linux 6.17.0-next-20251008 musb-hcd
[   17.864983] usb usb1: SerialNumber: musb-hdrc.1
[   18.016612] remoteproc remoteproc0: Direct firmware load for am335x-pm-firmware.elf failed with error -2
[   18.026404] remoteproc remoteproc0: request_firmware failed: -2
[   18.032462] wkup_m3_ipc 44e11324.wkup_m3_ipc: rproc_boot failed
[   18.404781] hub 1-0:1.0: USB hub found
[   18.492929] hub 1-0:1.0: 1 port detected
[   21.067547] omap_rng 48310000.rng: Random Number Generator ver. 20
[   21.259919] tilcdc 4830e000.lcdc: bound 0-0070 (ops tda998x_audio_codec_init [tda998x])
[   21.343008] [drm] Initialized tilcdc 1.0.0 for 4830e000.lcdc on minor 0
[   21.420024] tilcdc 4830e000.lcdc: [drm] Cannot find any crtc or sizes
[   21.428281] tilcdc 4830e000.lcdc: [drm] Cannot find any crtc or sizes
[[0;32m  OK  [0m] Started Telephony service.
[[0;32m  OK  [0m] Started DUN service.
         Starting Connection service...
         Starting Avahi mDNS/DNS-SD Stack...
[[0;32m  OK  [0m] Started Daily Cleanup of Temporary Directories.
[[0;32m  OK  [0m] Reached target System Time Synchronized.
[[0;32m  OK  [0m] Started Daily apt download activities.
[   22.275896] PM: Cannot get wkup_m3_ipc handle
[[0;32m  OK  [0m] Started Daily apt upgrade and clean activities.
[[0;32m  OK  [0m] Reached target Timers.
[   22.474914] omap-sham 53100000.sham: hw accel on OMAP rev 4.3
[[0;32m  OK  [0m] Started System Logging Service.
[   22.613889] omap-sham 53100000.sham: will run requests pump with realtime priority
[   22.632234] PM: Cannot get wkup_m3_ipc handle
[[0;32m  OK  [0m] Started Cape Manager Service.
[   22.775841] omap-aes 53500000.aes: OMAP AES hw accel rev: 3.2
[   22.885538] omap-aes 53500000.aes: will run requests pump with realtime priority
[   22.896275] PM: Cannot get wkup_m3_ipc handle
[   24.032905] Bluetooth: Core ver 2.22
[   24.037602] NET: Registered PF_BLUETOOTH protocol family
[   24.043154] Bluetooth: HCI device and connection manager initialized
[   24.049573] Bluetooth: HCI socket layer initialized
[   24.054704] Bluetooth: L2CAP socket layer initialized
[   24.059831] Bluetooth: SCO socket layer initialized
[   25.024984] ------------[ cut here ]------------
[   25.029683] WARNING: net/8021q/vlan_core.c:236 at vlan_for_each+0x114/0x134, CPU#0: avahi-daemon/323
[   25.039035] RTNL: assertion failed at net/8021q/vlan_core.c (236)
[   25.045217] Modules linked in: bluetooth snd_soc_simple_card snd_soc_simple_card_utils ecdh_generic omap_aes_driver ecc omap_crypto libaes omap_sham crypto_engine pm33xx ti_emif_sram tilcdc omap_rng drm_dma_helper rng_core drm_client_lib snd_soc_davinci_mcasp snd_soc_ti_udma snd_soc_ti_edma snd_soc_ti_sdma snd_soc_core snd_pcm_dmaengine snd_pcm snd_timer snd omap_mailbox soundcore tda998x musb_dsps cec musb_hdrc udc_core drm_kms_helper usbcore drm phy_am335x phy_generic cppi41 rtc_omap usb_common wkup_m3_ipc drm_panel_orientation_quirks at24 tps65218_pwrbutton phy_am335x_control omap_wdt wkup_m3_rproc watchdog leds_gpio led_class cpufreq_dt autofs4
[   25.103290] CPU: 0 UID: 107 PID: 323 Comm: avahi-daemon Not tainted 6.17.0-next-20251008 #1 NONE 
[   25.103309] Hardware name: Generic AM33XX (Flattened Device Tree)
[   25.103318] Call trace: 
[   25.103334]  unwind_backtrace from show_stack+0x10/0x14
[   25.103372]  show_stack from dump_stack_lvl+0x50/0x64
[   25.103398]  dump_stack_lvl from __warn+0x88/0x148
[   25.103416]  __warn from warn_slowpath_fmt+0x19c/0x1b0
[   25.103430]  warn_slowpath_fmt from vlan_for_each+0x114/0x134
[   25.103453]  vlan_for_each from cpsw_add_mc_addr+0x40/0xa4
[   25.103477]  cpsw_add_mc_addr from __hw_addr_ref_sync_dev+0x108/0x140
[   25.103507]  __hw_addr_ref_sync_dev from __dev_mc_add+0x7c/0x80
[   25.103529]  __dev_mc_add from igmp6_group_added+0xc8/0xe0
[   25.103556]  igmp6_group_added from __ipv6_dev_mc_inc+0x218/0x364
[   25.103574]  __ipv6_dev_mc_inc from __ipv6_sock_mc_join+0x11c/0x1c0
[   25.103592]  __ipv6_sock_mc_join from do_ipv6_setsockopt+0x1214/0x1310
[   25.103623]  do_ipv6_setsockopt from ipv6_setsockopt+0x60/0xcc
[   25.103644]  ipv6_setsockopt from udpv6_setsockopt+0x2c/0x6c
[   25.103668]  udpv6_setsockopt from sock_common_setsockopt+0x30/0x40
[   25.103702]  sock_common_setsockopt from do_sock_setsockopt+0x50/0x9c
[   25.103723]  do_sock_setsockopt from __sys_setsockopt+0x70/0xbc
[   25.103742]  __sys_setsockopt from ret_fast_syscall+0x0/0x58
[   25.103759] Exception stack(0xe02e1fa8 to 0xe02e1ff0)
[   25.103773] 1fa0:                   00000014 b6f6ece8 0000000d 00000029 00000014 bebfb9ec
[   25.103785] 1fc0: 00000014 b6f6ece8 00000014 00000126 0000000d b6f17ff4 0051e988 00506558
[   25.103794] 1fe0: b6f2d088 bebfb9d8 b6f0a309 b6de141a
[   25.103801] ---[ end trace 0000000000000000 ]---
[   26.397353] gpio-537 (nxp,calib): gpiod_direction_output_nonotify: tried to set a GPIO tied to an IRQ as output
[   26.437383] PM: Cannot get wkup_m3_ipc handle
[   26.516746] PM: Cannot get wkup_m3_ipc handle
[   26.679158] tda9950 0-0034: TDA9950 CEC interface, hardware version 3.3
[   26.756224] PM: Cannot get wkup_m3_ipc handle
[[0;32m  OK  [0m] Started LSB: Start busybox udhcpd at boot time.
[[0;32m  OK  [0m] Started Raise network interfaces.
[[0;32m  OK  [0m] Started LSB: Load kernel modules needed to enable cpufreq scaling.
[   29.014342] configfs-gadget.g_multi gadget.0: HOST MAC 1c:ba:8c:a2:ed:6c
[   29.021116] configfs-gadget.g_multi gadget.0: MAC 1c:ba:8c:a2:ed:70
[   29.028690] configfs-gadget.g_multi gadget.0: HOST MAC 1c:ba:8c:a2:ed:6c
[   29.035553] configfs-gadget.g_multi gadget.0: MAC 1c:ba:8c:a2:ed:6d
[   29.042769] PM: Cannot get wkup_m3_ipc handle
[[0;32m  OK  [0m] Started Avahi mDNS/DNS-SD Stack.
[[0;32m  OK  [0m] Started Connection service.
[[0;32m  OK  [0m] Started Login Service.
         Starting Hostname Service...
         Starting WPA supplicant...
[[0;32m  OK  [0m] Reached target Sound Card.
         Starting LSB: set CPUFreq kernel parameters...
[[0;32m  OK  [0m] Started Hostname Service.
[[0;32m  OK  [0m] Started WPA supplicant.
[[0;32m  OK  [0m] Reached target Network.
         Starting OpenBSD Secure Shell server...
         Starting Permit User Sessions...
         Starting The Apache HTTP Server...
[[0;32m  OK  [0m] Reached target Network is Online.
         Starting LSB: Advanced IEEE 802.11 management daemon...
[[0;32m  OK  [0m] Started LSB: set CPUFreq kernel parameters.
[[0;32m  OK  [0m] Started Permit User Sessions.
[[0;32m  OK  [0m] Started LSB: Advanced IEEE 802.11 management daemon.
[[0;32m  OK  [0m] Started Serial Getty on ttyS0.
[[0;32m  OK  [0m] Started Getty on tty1.
[[0;32m  OK  [0m] Reached target Login Prompts.
         Stopping LSB: Start busybox udhcpd at boot time...
[[0;32m  OK  [0m] Stopped LSB: Start busybox udhcpd at boot time.
[[0;32m  OK  [0m] Started OpenBSD Secure Shell server.
         Starting dnsmasq - A lightweight DHCP and caching DNS server...
[[0;32m  OK  [0m] Started The Apache HTTP Server.
[[0;32m  OK  [0m] Started dnsmasq - A lightweight DHCP and caching DNS server.
[[0;32m  OK  [0m] Reached target Host and Network Name Lookups.
[[0;32m  OK  [0m] Started Serial Getty on ttyGS0.
[[0;32m  OK  [0m] Started Generic Board Startup.
[[0;32m  OK  [0m] Reached target Multi-User System.
[[0;32m  OK  [0m] Reached target Graphical Interface.
         Starting Update UTMP about System Runlevel Changes...
[[0;32m  OK  [0m] Started Update UTMP about System Runlevel Changes.

Debian GNU/Linux 9 arm ttyS0

default username:password is [debian:temppwd]

arm login: root
Password: 
Last login: Sat Jan  1 00:00:41 UTC 2000 on ttyS0
root
Linux arm 6.17.0-next-20251008 #1 SMP Wed Oct  8 15:48:12 EEST 2025 armv7l

The programs included with the Debian GNU/Linux system are free software;
the exact distribution terms for each program are described in the
individual files in /usr/share/doc/*/copyright.

Debian GNU/Linux comes with ABSOLUTELY NO WARRANTY, to the extent
permitted by applicable law.
root@arm:~# root
dmesg -n 1
-bash: root: command not found
root@arm:~# dmesg -n 1
root@arm:~# echo 'PHWT''PGSZYZ'
PHWTPGSZYZ
root@arm:~# run() { echo -n "$MARKER"; sh -c "$@"; echo "$MARKER $?"; }
root@arm:~# echo 'AUHA''GTZAAV'
AUHAGTZAAV
root@arm:~# MARKER='CFFW''CWSMUJ' run 'cat /proc/version'
CFFWCWSMUJLinux version 6.17.0-next-20251008 (user01@drvtest01) (arm-none-eabi-gcc (Arm GNU Toolchain 14.2.Rel1 (Build arm-14.52)) 14.2.1 20241119, GNU ld (Arm GNU Toolchain 14.2.Rel1 (Build arm-14.52)) 2.43.1.20241119) #1 SMP Wed Oct  8 15:48:12 EEST 2025
CFFWCWSMUJ 0
root@arm:~# echo 'OSJP''OWOBZG'
OSJPOWOBZG
root@arm:~# MARKER='GZXS''HXKAJA' run false
GZXSHXKAJAGZXSHXKAJA 1
root@arm:~# Labgrid Console Logfile for main
Logfile started at 2025-10-08 15:50:53.048466
=== Log starts here ===

root@arm:~# run() { echo -n "$MARKER"; sh -c "$@"; echo "$MARKER $?"; }
root@arm:~# echo 'BLYT''MCOALF'
BLYTMCOALF
root@arm:~# MARKER='UQVJ''FQAVBO' run 'ls /iio_generic_buffer; echo $?'
UQVJFQAVBO/iio_generic_buffer
0
UQVJFQAVBO 0
root@arm:~# Labgrid Console Logfile for main
Logfile started at 2025-10-08 15:50:56.372633
=== Log starts here ===

root@arm:~# run() { echo -n "$MARKER"; sh -c "$@"; echo "$MARKER $?"; }
root@arm:~# echo 'OLUU''KUAPTH'
OLUUKUAPTH
root@arm:~# MARKER='NHTN''BNGZTY' run dmesg
NHTNBNGZTY[    0.000000] Booting Linux on physical CPU 0x0
[    0.000000] Linux version 6.17.0-next-20251008 (user01@drvtest01) (arm-none-eabi-gcc (Arm GNU Toolchain 14.2.Rel1 (Build arm-14.52)) 14.2.1 20241119, GNU ld (Arm GNU Toolchain 14.2.Rel1 (Build arm-14.52)) 2.43.1.20241119) #1 SMP Wed Oct  8 15:48:12 EEST 2025
[    0.000000] CPU: ARMv7 Processor [413fc082] revision 2 (ARMv7), cr=10c5387d
[    0.000000] CPU: PIPT / VIPT nonaliasing data cache, VIPT aliasing instruction cache
[    0.000000] OF: fdt: Machine model: TI AM335x BeagleBone Black
[    0.000000] Memory policy: Data cache writeback
[    0.000000] cma: Reserved 16 MiB at 0x9e800000
[    0.000000] Zone ranges:
[    0.000000]   Normal   [mem 0x0000000080000000-0x000000009fdfffff]
[    0.000000]   HighMem  empty
[    0.000000] Movable zone start for each node
[    0.000000] Early memory node ranges
[    0.000000]   node   0: [mem 0x0000000080000000-0x000000009fdfffff]
[    0.000000] Initmem setup node 0 [mem 0x0000000080000000-0x000000009fdfffff]
[    0.000000] On node 0, zone Normal: 512 pages in unavailable ranges
[    0.000000] OF: reserved mem: Reserved memory: No reserved-memory node in the DT
[    0.000000] CPU: All CPU(s) started in SVC mode.
[    0.000000] AM335X ES2.1 (sgx neon)
[    0.000000] percpu: Embedded 17 pages/cpu s39884 r8192 d21556 u69632
[    0.000000] pcpu-alloc: s39884 r8192 d21556 u69632 alloc=17*4096
[    0.000000] pcpu-alloc: [0] 0 
[    0.000000] Kernel command line: console=ttyO0,115200n8 root=/dev/nfs rw nfsroot=192.168.255.126:/home/user01/nfs,nfsvers=3 ip=192.168.255.1:192.168.255.126::255.255.255.0:bbb1:eth0 nfsrootdebug
[    0.000000] Unknown kernel command line parameters "nfsrootdebug", will be passed to user space.
[    0.000000] printk: log buffer data + meta data: 65536 + 204800 = 270336 bytes
[    0.000000] Dentry cache hash table entries: 65536 (order: 6, 262144 bytes, linear)
[    0.000000] Inode-cache hash table entries: 32768 (order: 5, 131072 bytes, linear)
[    0.000000] Built 1 zonelists, mobility grouping on.  Total pages: 130560
[    0.000000] mem auto-init: stack:off, heap alloc:off, heap free:off
[    0.000000] SLUB: HWalign=16, Order=0-3, MinObjects=0, CPUs=1, Nodes=1
[    0.000000] rcu: Hierarchical RCU implementation.
[    0.000000] rcu: 	RCU event tracing is enabled.
[    0.000000] rcu: 	RCU restricting CPUs from NR_CPUS=2 to nr_cpu_ids=1.
[    0.000000] 	Tracing variant of Tasks RCU enabled.
[    0.000000] rcu: RCU calculated value of scheduler-enlistment delay is 10 jiffies.
[    0.000000] rcu: Adjusting geometry for rcu_fanout_leaf=16, nr_cpu_ids=1
[    0.000000] RCU Tasks Trace: Setting shift to 0 and lim to 1 rcu_task_cb_adjust=1 rcu_task_cpu_ids=1.
[    0.000000] NR_IRQS: 16, nr_irqs: 16, preallocated irqs: 16
[    0.000000] IRQ: Found an INTC at 0x(ptrval) (revision 5.0) with 128 interrupts
[    0.000000] rcu: srcu_init: Setting srcu_struct sizes based on contention.
[    0.000000] TI gptimer clocksource: always-on /ocp/interconnect@44c00000/segment@200000/target-module@31000
[    0.000002] sched_clock: 32 bits at 24MHz, resolution 41ns, wraps every 89478484971ns
[    0.000024] clocksource: dmtimer: mask: 0xffffffff max_cycles: 0xffffffff, max_idle_ns: 79635851949 ns
[    0.000488] TI gptimer clockevent: 24000000 Hz at /ocp/interconnect@48000000/segment@0/target-module@40000
[    0.002036] Console: colour dummy device 80x30
[    0.002098] WARNING: Your 'console=ttyO0' has been replaced by 'ttyS0'
[    0.002106] This ensures that you still see kernel messages. Please
[    0.002110] update your kernel commandline.
[    0.002151] Calibrating delay loop... 996.14 BogoMIPS (lpj=4980736)
[    0.090600] CPU: Testing write buffer coherency: ok
[    0.090684] CPU0: Spectre v2: using BPIALL workaround
[    0.090693] pid_max: default: 32768 minimum: 301
[    0.090868] LSM: initializing lsm=capability
[    0.091029] Mount-cache hash table entries: 1024 (order: 0, 4096 bytes, linear)
[    0.091048] Mountpoint-cache hash table entries: 1024 (order: 0, 4096 bytes, linear)
[    0.092630] CPU0: thread -1, cpu 0, socket -1, mpidr 0
[    0.092687] cacheinfo: Unable to detect cache hierarchy for CPU 0
[    0.094691] Setting up static identity map for 0x80100000 - 0x80100078
[    0.094998] rcu: Hierarchical SRCU implementation.
[    0.095009] rcu: 	Max phase no-delay instances is 1000.
[    0.096685] smp: Bringing up secondary CPUs ...
[    0.096737] smp: Brought up 1 node, 1 CPU
[    0.096749] SMP: Total of 1 processors activated (996.14 BogoMIPS).
[    0.096760] CPU: All CPU(s) started in SVC mode.
[    0.096961] Memory: 480864K/522240K available (11264K kernel code, 1226K rwdata, 2952K rodata, 1024K init, 256K bss, 23336K reserved, 16384K cma-reserved, 0K highmem)
[    0.097773] devtmpfs: initialized
[    0.115270] VFP support v0.3: implementor 41 architecture 3 part 30 variant c rev 3
[    0.115940] clocksource: jiffies: mask: 0xffffffff max_cycles: 0xffffffff, max_idle_ns: 19112604462750000 ns
[    0.115993] posixtimers hash table entries: 512 (order: 0, 4096 bytes, linear)
[    0.116019] futex hash table entries: 256 (16384 bytes on 1 NUMA nodes, total 16 KiB, linear).
[    0.117152] pinctrl core: initialized pinctrl subsystem
[    0.119231] NET: Registered PF_NETLINK/PF_ROUTE protocol family
[    0.122292] DMA: preallocated 256 KiB pool for atomic coherent allocations
[    0.122898] audit: initializing netlink subsys (disabled)
[    0.124225] thermal_sys: Registered thermal governor 'fair_share'
[    0.124240] thermal_sys: Registered thermal governor 'step_wise'
[    0.124249] thermal_sys: Registered thermal governor 'user_space'
[    0.124361] audit: type=2000 audit(0.120:1): state=initialized audit_enabled=0 res=1
[    0.124434] cpuidle: using governor menu
[    0.142330] /ocp/interconnect@44c00000/segment@200000/target-module@b000/i2c@0/tda19988@70: Fixed dependency cycle(s) with /ocp/interconnect@48000000/segment@300000/target-module@e000/lcdc@0
[    0.143424] /ocp/interconnect@48000000/segment@300000/target-module@e000/lcdc@0: Fixed dependency cycle(s) with /ocp/interconnect@44c00000/segment@200000/target-module@b000/i2c@0/tda19988@70
[    0.145629] No ATAGs?
[    0.145667] hw-breakpoint: debug architecture 0x4 unsupported.
[    0.148723] kprobes: kprobe jump-optimization is enabled. All kprobes are optimized if possible.
[    0.154481] iommu: Default domain type: Translated
[    0.154505] iommu: DMA domain TLB invalidation policy: strict mode
[    0.156052] reg-fixed-voltage fixedregulator0: using DT '/fixedregulator0' for '(default)' GPIO lookup
[    0.156103] of_get_named_gpiod_flags: can't parse 'gpios' property of node '/fixedregulator0[0]'
[    0.156132] of_get_named_gpiod_flags: can't parse 'gpio' property of node '/fixedregulator0[0]'
[    0.156151] reg-fixed-voltage fixedregulator0: using lookup tables for GPIO lookup
[    0.156162] reg-fixed-voltage fixedregulator0: No GPIO consumer (default) found
[    0.161650] SCSI subsystem initialized
[    0.162117] libata version 3.00 loaded.
[    0.162503] pps_core: LinuxPPS API ver. 1 registered
[    0.162514] pps_core: Software ver. 5.3.6 - Copyright 2005-2007 Rodolfo Giometti <giometti@linux.it>
[    0.162538] PTP clock support registered
[    0.171027] vgaarb: loaded
[    0.171391] clocksource: Switched to clocksource dmtimer
[    0.172061] VFS: Disk quotas dquot_6.6.0
[    0.172121] VFS: Dquot-cache hash table entries: 1024 (order 0, 4096 bytes)
[    0.196497] NET: Registered PF_INET protocol family
[    0.196839] IP idents hash table entries: 8192 (order: 4, 65536 bytes, linear)
[    0.198275] tcp_listen_portaddr_hash hash table entries: 512 (order: 0, 4096 bytes, linear)
[    0.198311] Table-perturb hash table entries: 65536 (order: 6, 262144 bytes, linear)
[    0.198328] TCP established hash table entries: 4096 (order: 2, 16384 bytes, linear)
[    0.198372] TCP bind hash table entries: 4096 (order: 4, 65536 bytes, linear)
[    0.198472] TCP: Hash tables configured (established 4096 bind 4096)
[    0.198594] UDP hash table entries: 256 (order: 1, 14336 bytes, linear)
[    0.198627] UDP-Lite hash table entries: 256 (order: 1, 14336 bytes, linear)
[    0.198834] NET: Registered PF_UNIX/PF_LOCAL protocol family
[    0.202379] RPC: Registered named UNIX socket transport module.
[    0.202402] RPC: Registered udp transport module.
[    0.202407] RPC: Registered tcp transport module.
[    0.202412] RPC: Registered tcp-with-tls transport module.
[    0.202417] RPC: Registered tcp NFSv4.1 backchannel transport module.
[    0.202443] PCI: CLS 0 bytes, default 64
[    0.203862] Initialise system trusted keyrings
[    0.212038] workingset: timestamp_bits=14 max_order=17 bucket_order=3
[    0.213508] NFS: Registering the id_resolver key type
[    0.213566] Key type id_resolver registered
[    0.213572] Key type id_legacy registered
[    0.213689] jffs2: version 2.2. (NAND) (SUMMARY)  Â© 2001-2006 Red Hat, Inc.
[    0.214156] Key type asymmetric registered
[    0.214172] Asymmetric key parser 'x509' registered
[    0.214245] io scheduler mq-deadline registered
[    0.214255] io scheduler kyber registered
[    0.214337] io scheduler bfq registered
[    0.216201] target-module@4b000000:target-module@140000:pmu@0:fck: device ID is greater than 24
[    0.221628] ledtrig-cpu: registered to indicate activity on CPUs
[    0.232404] Serial: 8250/16550 driver, 6 ports, IRQ sharing enabled
[    0.278163] brd: module loaded
[    0.287094] loop: module loaded
[    0.288029] mtdoops: mtd device (mtddev=name/number) must be supplied
[    0.289575] mdio_bus fixed-0: using lookup tables for GPIO lookup
[    0.289595] mdio_bus fixed-0: No GPIO consumer reset found
[    0.291017] i2c_dev: i2c /dev entries driver
[    0.292190] cpuidle: enable-method property 'ti,am3352' found operations
[    0.292653] sdhci: Secure Digital Host Controller Interface driver
[    0.292662] sdhci: Copyright(c) Pierre Ossman
[    0.292847] sdhci-pltfm: SDHCI platform and OF driver helper
[    0.301772] hw perfevents: enabled with armv7_cortex_a8 PMU driver, 5 (8000000f) counters available
[    0.302329] Initializing XFRM netlink socket
[    0.302496] NET: Registered PF_INET6 protocol family
[    0.304493] Segment Routing with IPv6
[    0.304574] In-situ OAM (IOAM) with IPv6
[    0.304669] sit: IPv6, IPv4 and MPLS over IPv4 tunneling driver
[    0.305628] NET: Registered PF_PACKET protocol family
[    0.305657] NET: Registered PF_KEY protocol family
[    0.305778] Key type dns_resolver registered
[    0.306012] ThumbEE CPU extension supported.
[    0.306033] Registering SWP/SWPB emulation handler
[    0.306557] omap_voltage_late_init: Voltage driver support not added
[    0.307237] SmartReflex Class3 initialized
[    0.342994] Loading compiled-in X.509 certificates
[    0.373738] /ocp/interconnect@44c00000/segment@200000/target-module@b000/i2c@0/tda19988@70: Fixed dependency cycle(s) with /ocp/interconnect@48000000/segment@300000/target-module@e000/lcdc@0
[    0.380088] /ocp/interconnect@44c00000/segment@200000/target-module@b000/i2c@0/tda19988@70: Fixed dependency cycle(s) with /ocp/interconnect@48000000/segment@300000/target-module@e000/lcdc@0
[    0.385805] gpiochip_find_base_unlocked: found new base at 512
[    0.423156] /ocp/interconnect@44c00000/segment@200000/target-module@b000/i2c@0/tda19988@70: Fixed dependency cycle(s) with /ocp/interconnect@48000000/segment@300000/target-module@e000/lcdc@0
[    0.424047] /ocp/interconnect@44c00000/segment@200000/target-module@b000/i2c@0/tda19988@70: Fixed dependency cycle(s) with /ocp/interconnect@48000000/segment@300000/target-module@e000/lcdc@0
[    0.427505] /ocp/interconnect@44c00000/segment@200000/target-module@10000/scm@0/pinmux@800: Fixed dependency cycle(s) with /ocp/interconnect@44c00000/segment@200000/target-module@10000/scm@0/pinmux@800/clkout2-pins
[    0.428088] pinctrl-single 44e10800.pinmux: 142 pins, size 568
[    0.433644] ti-sysc 44e31000.target-module: probe with driver ti-sysc failed with error -16
[    0.447432] /ocp/interconnect@48000000/segment@300000/target-module@e000/lcdc@0: Fixed dependency cycle(s) with /ocp/interconnect@44c00000/segment@200000/target-module@b000/i2c@0/tda19988@70
[    0.455824] ti-sysc 48040000.target-module: probe with driver ti-sysc failed with error -16
[    0.467419] gpiochip_find_base_unlocked: found new base at 512
[    0.467516] gpio gpiochip0: (gpio-0-31): created GPIO range 0->7 ==> 44e10800.pinmux PIN 0->7
[    0.467535] gpio gpiochip0: (gpio-0-31): created GPIO range 8->11 ==> 44e10800.pinmux PIN 90->93
[    0.467551] gpio gpiochip0: (gpio-0-31): created GPIO range 12->27 ==> 44e10800.pinmux PIN 12->27
[    0.467567] gpio gpiochip0: (gpio-0-31): created GPIO range 28->31 ==> 44e10800.pinmux PIN 30->33
[    0.502419] gpio gpiochip0: (gpio-0-31): added GPIO chardev (254:0)
[    0.502654] gpio gpiochip0: registered GPIOs 512 to 543 on gpio-0-31
[    0.502745] OMAP GPIO hardware version 0.1
[    0.528928] i2c i2c-2: using DT '/ocp/interconnect@48000000/segment@100000/target-module@9c000/i2c@0' for 'scl' GPIO lookup
[    0.529002] of_get_named_gpiod_flags: can't parse 'scl-gpios' property of node '/ocp/interconnect@48000000/segment@100000/target-module@9c000/i2c@0[0]'
[    0.529043] of_get_named_gpiod_flags: can't parse 'scl-gpio' property of node '/ocp/interconnect@48000000/segment@100000/target-module@9c000/i2c@0[0]'
[    0.529080] i2c i2c-2: using lookup tables for GPIO lookup
[    0.529089] i2c i2c-2: No GPIO consumer scl found
[    0.529111] i2c i2c-2: using DT '/ocp/interconnect@48000000/segment@100000/target-module@9c000/i2c@0' for 'sda' GPIO lookup
[    0.529146] of_get_named_gpiod_flags: can't parse 'sda-gpios' property of node '/ocp/interconnect@48000000/segment@100000/target-module@9c000/i2c@0[0]'
[    0.529183] of_get_named_gpiod_flags: can't parse 'sda-gpio' property of node '/ocp/interconnect@48000000/segment@100000/target-module@9c000/i2c@0[0]'
[    0.529214] i2c i2c-2: using lookup tables for GPIO lookup
[    0.529222] i2c i2c-2: No GPIO consumer sda found
[    0.529951] omap_i2c 4819c000.i2c: bus 2 rev0.11 at 100 kHz
[    0.535833] gpiochip_find_base_unlocked: found new base at 544
[    0.535947] gpio gpiochip1: (gpio-32-63): created GPIO range 0->17 ==> 44e10800.pinmux PIN 34->51
[    0.535966] gpio gpiochip1: (gpio-32-63): created GPIO range 18->21 ==> 44e10800.pinmux PIN 77->80
[    0.535981] gpio gpiochip1: (gpio-32-63): created GPIO range 22->31 ==> 44e10800.pinmux PIN 56->65
[    0.557824] gpio gpiochip1: (gpio-32-63): added GPIO chardev (254:1)
[    0.558050] gpio gpiochip1: registered GPIOs 544 to 575 on gpio-32-63
[    0.560356] gpiochip_find_base_unlocked: found new base at 576
[    0.560448] gpio gpiochip2: (gpio-64-95): created GPIO range 0->4 ==> 44e10800.pinmux PIN 66->70
[    0.560467] gpio gpiochip2: (gpio-64-95): created GPIO range 5->6 ==> 44e10800.pinmux PIN 98->99
[    0.560482] gpio gpiochip2: (gpio-64-95): created GPIO range 7->8 ==> 44e10800.pinmux PIN 75->76
[    0.560498] gpio gpiochip2: (gpio-64-95): created GPIO range 13->13 ==> 44e10800.pinmux PIN 141->141
[    0.560514] gpio gpiochip2: (gpio-64-95): created GPIO range 14->21 ==> 44e10800.pinmux PIN 100->107
[    0.573563] gpio gpiochip2: (gpio-64-95): added GPIO chardev (254:2)
[    0.573776] gpio gpiochip2: registered GPIOs 576 to 607 on gpio-64-95
[    0.579443] 48000000.interconnect:segment@200000:target-module@0:mpu@0:fck: device ID is greater than 24
[    0.580348] /ocp/interconnect@48000000/segment@300000/target-module@e000/lcdc@0: Fixed dependency cycle(s) with /ocp/interconnect@44c00000/segment@200000/target-module@b000/i2c@0/tda19988@70
[    0.583465] /ocp/interconnect@48000000/segment@300000/target-module@e000/lcdc@0: Fixed dependency cycle(s) with /ocp/interconnect@44c00000/segment@200000/target-module@b000/i2c@0/tda19988@70
[    0.584174] /ocp/interconnect@44c00000/segment@200000/target-module@b000/i2c@0/tda19988@70: Fixed dependency cycle(s) with /ocp/interconnect@48000000/segment@300000/target-module@e000/lcdc@0
[    0.584353] /ocp/interconnect@48000000/segment@300000/target-module@e000/lcdc@0: Fixed dependency cycle(s) with /ocp/interconnect@44c00000/segment@200000/target-module@b000/i2c@0/tda19988@70
[    0.591555] sdhci-omap 481d8000.mmc: using DT '/ocp/interconnect@48000000/segment@100000/target-module@d8000/mmc@0' for 'wp' GPIO lookup
[    0.591624] of_get_named_gpiod_flags: can't parse 'wp-gpios' property of node '/ocp/interconnect@48000000/segment@100000/target-module@d8000/mmc@0[0]'
[    0.591669] of_get_named_gpiod_flags: can't parse 'wp-gpio' property of node '/ocp/interconnect@48000000/segment@100000/target-module@d8000/mmc@0[0]'
[    0.591706] sdhci-omap 481d8000.mmc: using lookup tables for GPIO lookup
[    0.591717] sdhci-omap 481d8000.mmc: No GPIO consumer wp found
[    0.591913] sdhci-omap 481d8000.mmc: supply pbias not found, using dummy regulator
[    0.597149] mdio_bus 4a101000.mdio: using DT '/ocp/interconnect@4a000000/segment@0/target-module@100000/switch@0/mdio@1000' for 'reset' GPIO lookup
[    0.597233] of_get_named_gpiod_flags: can't parse 'reset-gpios' property of node '/ocp/interconnect@4a000000/segment@0/target-module@100000/switch@0/mdio@1000[0]'
[    0.597280] of_get_named_gpiod_flags: can't parse 'reset-gpio' property of node '/ocp/interconnect@4a000000/segment@0/target-module@100000/switch@0/mdio@1000[0]'
[    0.597327] mdio_bus 4a101000.mdio: using lookup tables for GPIO lookup
[    0.597337] mdio_bus 4a101000.mdio: No GPIO consumer reset found
[    0.598190] sdhci-omap 481d8000.mmc: supply vqmmc not found, using dummy regulator
[    0.657669] davinci_mdio 4a101000.mdio: davinci mdio revision 1.6, bus freq 1000000
[    0.672846] mdio_bus 4a101000.mdio:00: using DT '/ocp/interconnect@4a000000/segment@0/target-module@100000/switch@0/mdio@1000/ethernet-phy@0' for 'reset' GPIO lookup
[    0.672946] of_get_named_gpiod_flags: parsed 'reset-gpios' property of node '/ocp/interconnect@4a000000/segment@0/target-module@100000/switch@0/mdio@1000/ethernet-phy@0[0]' - status (0)
[    0.673111] gpio gpiochip0: Persistence not supported for GPIO 8
[    0.802158] davinci_mdio 4a101000.mdio: phy[0]: device 4a101000.mdio:00, driver SMSC LAN8710/LAN8720
[    0.802914] cpsw-switch 4a100000.switch: initialized cpsw ale version 1.4
[    0.802935] cpsw-switch 4a100000.switch: ALE Table size 1024, Policers 0
[    0.803116] cpsw-switch 4a100000.switch: cpts: overflow check period 500 (jiffies)
[    0.803133] cpsw-switch 4a100000.switch: CPTS: ref_clk_freq:250000000 calc_mult:2147483648 calc_shift:29 error:0 nsec/sec
[    0.803239] cpsw-switch 4a100000.switch: Detected MACID = 6c:ec:eb:68:de:78
[    0.805113] cpsw-switch 4a100000.switch: initialized (regs 0x4a100000, pool size 256) hw_ver:0019010C 1.12 (0)
[    0.816272] debugfs: '49000000.dma' already exists in 'dmaengine'
[    0.816314] edma 49000000.dma: TI EDMA DMA engine driver
[    0.846752] gpio-clk clk_mcasp0: using DT '/clk_mcasp0' for 'enable' GPIO lookup
[    0.846829] of_get_named_gpiod_flags: parsed 'enable-gpios' property of node '/clk_mcasp0[0]' - status (0)
[    0.846875] gpio gpiochip0: Persistence not supported for GPIO 27
[    0.847630] gpiochip_find_base_unlocked: found new base at 608
[    0.847741] gpio gpiochip3: (gpio-96-127): created GPIO range 0->7 ==> 44e10800.pinmux PIN 82->89
[    0.847762] gpio gpiochip3: (gpio-96-127): created GPIO range 8->11 ==> 44e10800.pinmux PIN 52->55
[    0.847778] gpio gpiochip3: (gpio-96-127): created GPIO range 12->15 ==> 44e10800.pinmux PIN 94->97
[    0.847795] gpio gpiochip3: (gpio-96-127): created GPIO range 16->17 ==> 44e10800.pinmux PIN 71->72
[    0.847811] gpio gpiochip3: (gpio-96-127): created GPIO range 18->18 ==> 44e10800.pinmux PIN 135->135
[    0.847827] gpio gpiochip3: (gpio-96-127): created GPIO range 19->20 ==> 44e10800.pinmux PIN 108->109
[    0.847843] gpio gpiochip3: (gpio-96-127): created GPIO range 21->21 ==> 44e10800.pinmux PIN 73->73
[    0.847860] gpio gpiochip3: (gpio-96-127): created GPIO range 22->23 ==> 44e10800.pinmux PIN 8->9
[    0.847878] gpio gpiochip3: (gpio-96-127): created GPIO range 26->27 ==> 44e10800.pinmux PIN 10->11
[    0.847895] gpio gpiochip3: (gpio-96-127): created GPIO range 28->28 ==> 44e10800.pinmux PIN 74->74
[    0.847913] gpio gpiochip3: (gpio-96-127): created GPIO range 29->29 ==> 44e10800.pinmux PIN 81->81
[    0.847931] gpio gpiochip3: (gpio-96-127): created GPIO range 30->31 ==> 44e10800.pinmux PIN 28->29
[    0.849268] gpio gpiochip3: (gpio-96-127): added GPIO chardev (254:3)
[    0.849484] gpio gpiochip3: registered GPIOs 608 to 639 on gpio-96-127
[    0.862319] omap8250 44e09000.serial: using DT '/ocp/interconnect@44c00000/segment@200000/target-module@9000/serial@0' for 'rs485-term' GPIO lookup
[    0.862394] of_get_named_gpiod_flags: can't parse 'rs485-term-gpios' property of node '/ocp/interconnect@44c00000/segment@200000/target-module@9000/serial@0[0]'
[    0.862437] of_get_named_gpiod_flags: can't parse 'rs485-term-gpio' property of node '/ocp/interconnect@44c00000/segment@200000/target-module@9000/serial@0[0]'
[    0.862474] omap8250 44e09000.serial: using lookup tables for GPIO lookup
[    0.862484] omap8250 44e09000.serial: No GPIO consumer rs485-term found
[    0.862494] omap8250 44e09000.serial: using DT '/ocp/interconnect@44c00000/segment@200000/target-module@9000/serial@0' for 'rs485-rx-during-tx' GPIO lookup
[    0.862529] of_get_named_gpiod_flags: can't parse 'rs485-rx-during-tx-gpios' property of node '/ocp/interconnect@44c00000/segment@200000/target-module@9000/serial@0[0]'
[    0.862566] of_get_named_gpiod_flags: can't parse 'rs485-rx-during-tx-gpio' property of node '/ocp/interconnect@44c00000/segment@200000/target-module@9000/serial@0[0]'
[    0.862598] omap8250 44e09000.serial: using lookup tables for GPIO lookup
[    0.862606] omap8250 44e09000.serial: No GPIO consumer rs485-rx-during-tx found
[    0.863063] 44e09000.serial: ttyS0 at MMIO 0x44e09000 (irq = 34, base_baud = 3000000) is a 8250
[    0.863157] printk: legacy console [ttyS0] enabled
[    2.422073] i2c i2c-0: using DT '/ocp/interconnect@44c00000/segment@200000/target-module@b000/i2c@0' for 'scl' GPIO lookup
[    2.422163] of_get_named_gpiod_flags: can't parse 'scl-gpios' property of node '/ocp/interconnect@44c00000/segment@200000/target-module@b000/i2c@0[0]'
[    2.422210] of_get_named_gpiod_flags: can't parse 'scl-gpio' property of node '/ocp/interconnect@44c00000/segment@200000/target-module@b000/i2c@0[0]'
[    2.422252] i2c i2c-0: using lookup tables for GPIO lookup
[    2.422266] i2c i2c-0: No GPIO consumer scl found
[    2.422291] i2c i2c-0: using DT '/ocp/interconnect@44c00000/segment@200000/target-module@b000/i2c@0' for 'sda' GPIO lookup
[    2.422332] of_get_named_gpiod_flags: can't parse 'sda-gpios' property of node '/ocp/interconnect@44c00000/segment@200000/target-module@b000/i2c@0[0]'
[    2.422372] of_get_named_gpiod_flags: can't parse 'sda-gpio' property of node '/ocp/interconnect@44c00000/segment@200000/target-module@b000/i2c@0[0]'
[    2.422407] i2c i2c-0: using lookup tables for GPIO lookup
[    2.422418] i2c i2c-0: No GPIO consumer sda found
[    2.442365] tps65217-pmic: Failed to locate of_node [id: -1]
[    2.448429] tps65217-bl: Failed to locate of_node [id: -1]
[    2.454484] platform tps65217-charger: DMA mask not set
[    2.460509] platform tps65217-pwrbutton: DMA mask not set
[    2.467783] tps65217 0-0024: TPS65217 ID 0xe version 1.2
[    2.473911] /ocp/interconnect@48000000/segment@300000/target-module@e000/lcdc@0: Fixed dependency cycle(s) with /ocp/interconnect@44c00000/segment@200000/target-module@b000/i2c@0/tda19988@70
[    2.491311] /ocp/interconnect@44c00000/segment@200000/target-module@b000/i2c@0/tda19988@70: Fixed dependency cycle(s) with /ocp/interconnect@48000000/segment@300000/target-module@e000/lcdc@0
[    2.508709] omap_i2c 44e0b000.i2c: bus 0 rev0.11 at 400 kHz
[    2.516499] sdhci-omap 48060000.mmc: using DT '/ocp/interconnect@48000000/segment@0/target-module@60000/mmc@0' for 'cd' GPIO lookup
[    2.516602] of_get_named_gpiod_flags: parsed 'cd-gpios' property of node '/ocp/interconnect@48000000/segment@0/target-module@60000/mmc@0[0]' - status (0)
[    2.516672] gpio gpiochip3: Persistence not supported for GPIO 6
[    2.516698] omap_gpio 44e07000.gpio: Could not set line 6 debounce to 200000 microseconds (-22)
[    2.525581] sdhci-omap 48060000.mmc: Got CD GPIO
[    2.530254] sdhci-omap 48060000.mmc: using DT '/ocp/interconnect@48000000/segment@0/target-module@60000/mmc@0' for 'wp' GPIO lookup
[    2.530300] of_get_named_gpiod_flags: can't parse 'wp-gpios' property of node '/ocp/interconnect@48000000/segment@0/target-module@60000/mmc@0[0]'
[    2.530344] of_get_named_gpiod_flags: can't parse 'wp-gpio' property of node '/ocp/interconnect@48000000/segment@0/target-module@60000/mmc@0[0]'
[    2.530383] sdhci-omap 48060000.mmc: using lookup tables for GPIO lookup
[    2.530397] sdhci-omap 48060000.mmc: No GPIO consumer wp found
[    2.530610] sdhci-omap 48060000.mmc: supply pbias not found, using dummy regulator
[    2.539441] sdhci-omap 481d8000.mmc: using DT '/ocp/interconnect@48000000/segment@100000/target-module@d8000/mmc@0' for 'wp' GPIO lookup
[    2.539521] of_get_named_gpiod_flags: can't parse 'wp-gpios' property of node '/ocp/interconnect@48000000/segment@100000/target-module@d8000/mmc@0[0]'
[    2.539569] of_get_named_gpiod_flags: can't parse 'wp-gpio' property of node '/ocp/interconnect@48000000/segment@100000/target-module@d8000/mmc@0[0]'
[    2.539609] sdhci-omap 481d8000.mmc: using lookup tables for GPIO lookup
[    2.539623] sdhci-omap 481d8000.mmc: No GPIO consumer wp found
[    2.540790] sdhci-omap 48060000.mmc: supply vqmmc not found, using dummy regulator
[    2.549771] sdhci-omap 481d8000.mmc: supply pbias not found, using dummy regulator
[    2.560289] sdhci-omap 481d8000.mmc: supply vqmmc not found, using dummy regulator
[    2.595116] mmc0: SDHCI controller on 48060000.mmc [48060000.mmc] using External DMA
[    2.603350] mmc1: SDHCI controller on 481d8000.mmc [481d8000.mmc] using External DMA
[    2.612187] cpsw-switch 4a100000.switch: starting ndev. mode: dual_mac
[    2.681709] mmc1: new high speed MMC card at address 0001
[    2.688521] mmcblk1: mmc1:0001 MMC04G 3.60 GiB
[    2.696516]  mmcblk1: p1 p2
[    2.700267] SMSC LAN8710/LAN8720 4a101000.mdio:00: attached PHY driver (mii_bus:phy_addr=4a101000.mdio:00, irq=POLL)
[    2.712849] mmcblk1boot0: mmc1:0001 MMC04G 2.00 MiB
[    2.726759] mmcblk1boot1: mmc1:0001 MMC04G 2.00 MiB
[    2.735735] mmcblk1rpmb: mmc1:0001 MMC04G 128 KiB, chardev (249:0)
[    2.784928] mmc0: new high speed SDHC card at address aaaa
[    2.791851] mmcblk0: mmc0:aaaa SE32G 29.7 GiB
[    2.800930]  mmcblk0: p1 p2
[    5.842168] cpsw-switch 4a100000.switch eth0: Link is Up - 100Mbps/Full - flow control off
[    5.881632] IP-Config: Complete:
[    5.884906]      device=eth0, hwaddr=6c:ec:eb:68:de:78, ipaddr=192.168.255.1, mask=255.255.255.0, gw=255.255.255.255
[    5.895580]      host=bbb1, domain=, nis-domain=(none)
[    5.900748]      bootserver=192.168.255.126, rootserver=192.168.255.126, rootpath=
[    5.901184] clk: Disabling unused clocks
[    5.913020] PM: genpd: Disabling unused power domains
[    5.918169] KTAP version 1
[    5.920892] 1..0
[    5.923385] check access for rdinit=/init failed: -2, ignoring
[    5.951785] VFS: Mounted root (nfs filesystem) on device 0:17.
[    5.958641] devtmpfs: mounted
[    5.963453] Freeing unused kernel image (initmem) memory: 1024K
[    5.970066] Run /sbin/init as init process
[    5.974293]   with arguments:
[    5.974308]     /sbin/init
[    5.974318]     nfsrootdebug
[    5.974327]   with environment:
[    5.974336]     HOME=/
[    5.974344]     TERM=linux
[    6.644677] systemd[1]: System time before build time, advancing clock.
[    8.201414] random: crng init done
[    8.224192] systemd[1]: systemd 232 running in system mode. (+PAM +AUDIT +SELINUX +IMA +APPARMOR +SMACK +SYSVINIT +UTMP +LIBCRYPTSETUP +GCRYPT +GNUTLS +ACL +XZ +LZ4 +SECCOMP +BLKID +ELFUTILS +KMOD +IDN)
[    8.243354] systemd[1]: Detected architecture arm.
[    8.274588] systemd[1]: Set hostname to <arm>.
[    9.383833] systemd[1]: Created slice System Slice.
[    9.412132] systemd[1]: Mounting Debug File System...
[    9.422249] systemd[1]: Reached target Swap.
[    9.433186] systemd[1]: Started Forward Password Requests to Wall Directory Watch.
[    9.466836] systemd[1]: Listening on /dev/initctl Compatibility Named Pipe.
[    9.515360] systemd[1]: systemd-journald.socket: SO_PASSSEC failed: Operation not supported
[    9.551350] systemd[1]: systemd-journald.socket: SO_PASSSEC failed: Operation not supported
[   11.655795] systemd-journald[91]: Received request to flush runtime journal from PID 1
[   12.646418] omap_prm 44e00d00.prm: sync_state() pending due to 44d00000.cpu
[   14.267832] leds-gpio leds: using DT '/leds/led2' for '(default)' GPIO lookup
[   14.267937] of_get_named_gpiod_flags: parsed 'gpios' property of node '/leds/led2[0]' - status (0)
[   14.267995] gpio gpiochip0: Persistence not supported for GPIO 21
[   14.268012] gpio-533 (?): no flags found for GPIO (default)
[   14.321790] leds-gpio leds: using DT '/leds/led3' for '(default)' GPIO lookup
[   14.321894] of_get_named_gpiod_flags: parsed 'gpios' property of node '/leds/led3[0]' - status (0)
[   14.321953] gpio gpiochip0: Persistence not supported for GPIO 22
[   14.321967] gpio-534 (?): no flags found for GPIO (default)
[   14.370586] leds-gpio leds: using DT '/leds/led4' for '(default)' GPIO lookup
[   14.370683] of_get_named_gpiod_flags: parsed 'gpios' property of node '/leds/led4[0]' - status (0)
[   14.370736] gpio gpiochip0: Persistence not supported for GPIO 23
[   14.370751] gpio-535 (?): no flags found for GPIO (default)
[   14.390551] leds-gpio leds: using DT '/leds/led5' for '(default)' GPIO lookup
[   14.390649] of_get_named_gpiod_flags: parsed 'gpios' property of node '/leds/led5[0]' - status (0)
[   14.390702] gpio gpiochip0: Persistence not supported for GPIO 24
[   14.390717] gpio-536 (?): no flags found for GPIO (default)
[   14.754702] remoteproc remoteproc0: wkup_m3 is available
[   14.812845] omap_wdt: OMAP Watchdog Timer Rev 0x01: initial timeout 60 sec
[   15.196313] at24 2-0054: supply vcc not found, using dummy regulator
[   15.215952] input: tps65217_pwrbutton as /devices/platform/ocp/44c00000.interconnect/44c00000.interconnect:segment@200000/44e0b000.target-module/44e0b000.i2c/i2c-0/0-0024/tps65217-pwrbutton/input/input0
[   15.332696] at24 2-0055: supply vcc not found, using dummy regulator
[   15.453887] at24 2-0056: supply vcc not found, using dummy regulator
[   15.543366] at24 2-0057: supply vcc not found, using dummy regulator
[   15.624333] at24 0-0050: using DT '/ocp/interconnect@44c00000/segment@200000/target-module@b000/i2c@0/eeprom@50' for 'wp' GPIO lookup
[   15.624697] of_get_named_gpiod_flags: can't parse 'wp-gpios' property of node '/ocp/interconnect@44c00000/segment@200000/target-module@b000/i2c@0/eeprom@50[0]'
[   15.624817] of_get_named_gpiod_flags: can't parse 'wp-gpio' property of node '/ocp/interconnect@44c00000/segment@200000/target-module@b000/i2c@0/eeprom@50[0]'
[   15.624911] at24 0-0050: using lookup tables for GPIO lookup
[   15.624927] at24 0-0050: No GPIO consumer wp found
[   15.625455] at24 0-0050: 32768 byte 24c256 EEPROM, writable, 1 bytes/write
[   15.868915] omap_rtc 44e3e000.rtc: registered as rtc0
[   15.874278] omap_rtc 44e3e000.rtc: setting system clock to 2000-01-01T00:00:00 UTC (946684800)
[   15.883036] omap_rtc 44e3e000.rtc: using DT '/ocp/interconnect@44c00000/segment@200000/target-module@3e000/rtc@0' for 'wp' GPIO lookup
[   15.883107] of_get_named_gpiod_flags: can't parse 'wp-gpios' property of node '/ocp/interconnect@44c00000/segment@200000/target-module@3e000/rtc@0[0]'
[   15.883157] of_get_named_gpiod_flags: can't parse 'wp-gpio' property of node '/ocp/interconnect@44c00000/segment@200000/target-module@3e000/rtc@0[0]'
[   15.883198] omap_rtc 44e3e000.rtc: using lookup tables for GPIO lookup
[   15.883213] omap_rtc 44e3e000.rtc: No GPIO consumer wp found
[   16.030138] am335x-phy-driver 47401300.usb-phy: using DT '/ocp/target-module@47400000/usb-phy@1300' for 'reset' GPIO lookup
[   16.030231] of_get_named_gpiod_flags: can't parse 'reset-gpios' property of node '/ocp/target-module@47400000/usb-phy@1300[0]'
[   16.030276] of_get_named_gpiod_flags: can't parse 'reset-gpio' property of node '/ocp/target-module@47400000/usb-phy@1300[0]'
[   16.030313] am335x-phy-driver 47401300.usb-phy: using lookup tables for GPIO lookup
[   16.030329] am335x-phy-driver 47401300.usb-phy: No GPIO consumer reset found
[   16.030343] am335x-phy-driver 47401300.usb-phy: using DT '/ocp/target-module@47400000/usb-phy@1300' for 'vbus-detect' GPIO lookup
[   16.030374] of_get_named_gpiod_flags: can't parse 'vbus-detect-gpios' property of node '/ocp/target-module@47400000/usb-phy@1300[0]'
[   16.030406] of_get_named_gpiod_flags: can't parse 'vbus-detect-gpio' property of node '/ocp/target-module@47400000/usb-phy@1300[0]'
[   16.030433] am335x-phy-driver 47401300.usb-phy: using lookup tables for GPIO lookup
[   16.030445] am335x-phy-driver 47401300.usb-phy: No GPIO consumer vbus-detect found
[   16.030595] am335x-phy-driver 47401300.usb-phy: dummy supplies not allowed for exclusive requests (id=vbus)
[   16.218779] am335x-phy-driver 47401b00.usb-phy: using DT '/ocp/target-module@47400000/usb-phy@1b00' for 'reset' GPIO lookup
[   16.218868] of_get_named_gpiod_flags: can't parse 'reset-gpios' property of node '/ocp/target-module@47400000/usb-phy@1b00[0]'
[   16.218910] of_get_named_gpiod_flags: can't parse 'reset-gpio' property of node '/ocp/target-module@47400000/usb-phy@1b00[0]'
[   16.218950] am335x-phy-driver 47401b00.usb-phy: using lookup tables for GPIO lookup
[   16.218964] am335x-phy-driver 47401b00.usb-phy: No GPIO consumer reset found
[   16.218980] am335x-phy-driver 47401b00.usb-phy: using DT '/ocp/target-module@47400000/usb-phy@1b00' for 'vbus-detect' GPIO lookup
[   16.219011] of_get_named_gpiod_flags: can't parse 'vbus-detect-gpios' property of node '/ocp/target-module@47400000/usb-phy@1b00[0]'
[   16.219044] of_get_named_gpiod_flags: can't parse 'vbus-detect-gpio' property of node '/ocp/target-module@47400000/usb-phy@1b00[0]'
[   16.219070] am335x-phy-driver 47401b00.usb-phy: using lookup tables for GPIO lookup
[   16.219082] am335x-phy-driver 47401b00.usb-phy: No GPIO consumer vbus-detect found
[   16.219230] am335x-phy-driver 47401b00.usb-phy: dummy supplies not allowed for exclusive requests (id=vbus)
[   16.612607] usbcore: registered new interface driver usbfs
[   16.619576] usbcore: registered new interface driver hub
[   16.625285] usbcore: registered new device driver usb
[   17.507201] musb-hdrc musb-hdrc.1: MUSB HDRC host driver
[   17.512773] musb-hdrc musb-hdrc.1: new USB bus registered, assigned bus number 1
[   17.606690] omap-mailbox 480c8000.mailbox: omap mailbox rev 0x400
[   17.654216] tda998x 0-0070: found TDA19988
[   17.706644] remoteproc remoteproc0: powering up wkup_m3
[   17.837315] usb usb1: New USB device found, idVendor=1d6b, idProduct=0002, bcdDevice= 6.17
[   17.845936] usb usb1: New USB device strings: Mfr=3, Product=2, SerialNumber=1
[   17.853305] usb usb1: Product: MUSB HDRC host driver
[   17.858302] usb usb1: Manufacturer: Linux 6.17.0-next-20251008 musb-hcd
[   17.864983] usb usb1: SerialNumber: musb-hdrc.1
[   18.016612] remoteproc remoteproc0: Direct firmware load for am335x-pm-firmware.elf failed with error -2
[   18.026404] remoteproc remoteproc0: request_firmware failed: -2
[   18.032462] wkup_m3_ipc 44e11324.wkup_m3_ipc: rproc_boot failed
[   18.404781] hub 1-0:1.0: USB hub found
[   18.492929] hub 1-0:1.0: 1 port detected
[   21.067547] omap_rng 48310000.rng: Random Number Generator ver. 20
[   21.259919] tilcdc 4830e000.lcdc: bound 0-0070 (ops tda998x_audio_codec_init [tda998x])
[   21.343008] [drm] Initialized tilcdc 1.0.0 for 4830e000.lcdc on minor 0
[   21.420024] tilcdc 4830e000.lcdc: [drm] Cannot find any crtc or sizes
[   21.428281] tilcdc 4830e000.lcdc: [drm] Cannot find any crtc or sizes
[   22.275896] PM: Cannot get wkup_m3_ipc handle
[   22.474914] omap-sham 53100000.sham: hw accel on OMAP rev 4.3
[   22.613889] omap-sham 53100000.sham: will run requests pump with realtime priority
[   22.632234] PM: Cannot get wkup_m3_ipc handle
[   22.775841] omap-aes 53500000.aes: OMAP AES hw accel rev: 3.2
[   22.885538] omap-aes 53500000.aes: will run requests pump with realtime priority
[   22.896275] PM: Cannot get wkup_m3_ipc handle
[   24.032905] Bluetooth: Core ver 2.22
[   24.037602] NET: Registered PF_BLUETOOTH protocol family
[   24.043154] Bluetooth: HCI device and connection manager initialized
[   24.049573] Bluetooth: HCI socket layer initialized
[   24.054704] Bluetooth: L2CAP socket layer initialized
[   24.059831] Bluetooth: SCO socket layer initialized
[   25.024984] ------------[ cut here ]------------
[   25.029683] WARNING: net/8021q/vlan_core.c:236 at vlan_for_each+0x114/0x134, CPU#0: avahi-daemon/323
[   25.039035] RTNL: assertion failed at net/8021q/vlan_core.c (236)
[   25.045217] Modules linked in: bluetooth snd_soc_simple_card snd_soc_simple_card_utils ecdh_generic omap_aes_driver ecc omap_crypto libaes omap_sham crypto_engine pm33xx ti_emif_sram tilcdc omap_rng drm_dma_helper rng_core drm_client_lib snd_soc_davinci_mcasp snd_soc_ti_udma snd_soc_ti_edma snd_soc_ti_sdma snd_soc_core snd_pcm_dmaengine snd_pcm snd_timer snd omap_mailbox soundcore tda998x musb_dsps cec musb_hdrc udc_core drm_kms_helper usbcore drm phy_am335x phy_generic cppi41 rtc_omap usb_common wkup_m3_ipc drm_panel_orientation_quirks at24 tps65218_pwrbutton phy_am335x_control omap_wdt wkup_m3_rproc watchdog leds_gpio led_class cpufreq_dt autofs4
[   25.103290] CPU: 0 UID: 107 PID: 323 Comm: avahi-daemon Not tainted 6.17.0-next-20251008 #1 NONE 
[   25.103309] Hardware name: Generic AM33XX (Flattened Device Tree)
[   25.103318] Call trace: 
[   25.103334]  unwind_backtrace from show_stack+0x10/0x14
[   25.103372]  show_stack from dump_stack_lvl+0x50/0x64
[   25.103398]  dump_stack_lvl from __warn+0x88/0x148
[   25.103416]  __warn from warn_slowpath_fmt+0x19c/0x1b0
[   25.103430]  warn_slowpath_fmt from vlan_for_each+0x114/0x134
[   25.103453]  vlan_for_each from cpsw_add_mc_addr+0x40/0xa4
[   25.103477]  cpsw_add_mc_addr from __hw_addr_ref_sync_dev+0x108/0x140
[   25.103507]  __hw_addr_ref_sync_dev from __dev_mc_add+0x7c/0x80
[   25.103529]  __dev_mc_add from igmp6_group_added+0xc8/0xe0
[   25.103556]  igmp6_group_added from __ipv6_dev_mc_inc+0x218/0x364
[   25.103574]  __ipv6_dev_mc_inc from __ipv6_sock_mc_join+0x11c/0x1c0
[   25.103592]  __ipv6_sock_mc_join from do_ipv6_setsockopt+0x1214/0x1310
[   25.103623]  do_ipv6_setsockopt from ipv6_setsockopt+0x60/0xcc
[   25.103644]  ipv6_setsockopt from udpv6_setsockopt+0x2c/0x6c
[   25.103668]  udpv6_setsockopt from sock_common_setsockopt+0x30/0x40
[   25.103702]  sock_common_setsockopt from do_sock_setsockopt+0x50/0x9c
[   25.103723]  do_sock_setsockopt from __sys_setsockopt+0x70/0xbc
[   25.103742]  __sys_setsockopt from ret_fast_syscall+0x0/0x58
[   25.103759] Exception stack(0xe02e1fa8 to 0xe02e1ff0)
[   25.103773] 1fa0:                   00000014 b6f6ece8 0000000d 00000029 00000014 bebfb9ec
[   25.103785] 1fc0: 00000014 b6f6ece8 00000014 00000126 0000000d b6f17ff4 0051e988 00506558
[   25.103794] 1fe0: b6f2d088 bebfb9d8 b6f0a309 b6de141a
[   25.103801] ---[ end trace 0000000000000000 ]---
[   26.385764] tda998x 0-0070: using DT '/ocp/interconnect@44c00000/segment@200000/target-module@b000/i2c@0/tda19988@70' for 'nxp,calib' GPIO lookup
[   26.386046] of_get_named_gpiod_flags: parsed 'nxp,calib-gpios' property of node '/ocp/interconnect@44c00000/segment@200000/target-module@b000/i2c@0/tda19988@70[0]' - status (0)
[   26.386139] gpio gpiochip0: Persistence not supported for GPIO 25
[   26.386155] gpio-537 (nxp,calib): no flags found for GPIO nxp,calib
[   26.397353] gpio-537 (nxp,calib): gpiod_direction_output_nonotify: tried to set a GPIO tied to an IRQ as output
[   26.437383] PM: Cannot get wkup_m3_ipc handle
[   26.443386] asoc-simple-card sound: using DT '/sound' for 'simple-audio-card,hp-det' GPIO lookup
[   26.443457] of_get_named_gpiod_flags: can't parse 'simple-audio-card,hp-det-gpios' property of node '/sound[0]'
[   26.443494] of_get_named_gpiod_flags: can't parse 'simple-audio-card,hp-det-gpio' property of node '/sound[0]'
[   26.443520] asoc-simple-card sound: using lookup tables for GPIO lookup
[   26.443534] asoc-simple-card sound: No GPIO consumer simple-audio-card,hp-det found
[   26.443549] asoc-simple-card sound: using DT '/sound' for 'simple-audio-card,mic-det' GPIO lookup
[   26.443573] of_get_named_gpiod_flags: can't parse 'simple-audio-card,mic-det-gpios' property of node '/sound[0]'
[   26.443599] of_get_named_gpiod_flags: can't parse 'simple-audio-card,mic-det-gpio' property of node '/sound[0]'
[   26.443618] asoc-simple-card sound: using lookup tables for GPIO lookup
[   26.443630] asoc-simple-card sound: No GPIO consumer simple-audio-card,mic-det found
[   26.516746] PM: Cannot get wkup_m3_ipc handle
[   26.679158] tda9950 0-0034: TDA9950 CEC interface, hardware version 3.3
[   26.756224] PM: Cannot get wkup_m3_ipc handle
[   28.690026] userial_init: registered 8 ttyGS* devices
[   28.926849] rndis_register: configNr = 0
[   29.013076] udc musb-hdrc.0: binding gadget driver [g_multi]
[   29.013185] configfs-gadget.g_multi gadget.0: adding 'rndis'/9596ec03 to config 'c'/baff9223
[   29.014342] configfs-gadget.g_multi gadget.0: HOST MAC 1c:ba:8c:a2:ed:6c
[   29.021116] configfs-gadget.g_multi gadget.0: MAC 1c:ba:8c:a2:ed:70
[   29.027701] rndis_set_param_medium: 0 0
[   29.027728] configfs-gadget.g_multi gadget.0: RNDIS: IN/ep1in OUT/ep1out NOTIFY/ep2in
[   29.027745] configfs-gadget.g_multi gadget.0: adding 'cdc_ethernet'/dc87bd87 to config 'c'/baff9223
[   29.028690] configfs-gadget.g_multi gadget.0: HOST MAC 1c:ba:8c:a2:ed:6c
[   29.035553] configfs-gadget.g_multi gadget.0: MAC 1c:ba:8c:a2:ed:6d
[   29.041960] configfs-gadget.g_multi gadget.0: CDC Ethernet: IN/ep3in OUT/ep2out NOTIFY/ep4in
[   29.041981] configfs-gadget.g_multi gadget.0: adding 'acm'/247d403c to config 'c'/baff9223
[   29.042016] configfs-gadget.g_multi gadget.0: acm ttyGS0: IN/ep5in OUT/ep3out NOTIFY/ep6in
[   29.042769] PM: Cannot get wkup_m3_ipc handle
[   30.240583] configfs-gadget.g_multi gadget.0: eth_open
[   35.298957] gs_open: ttyGS0 (1fa8738c,532e3150)
[   35.299103] gs_close: ttyGS0 (1fa8738c,532e3150) ...
[   35.299125] gs_close: ttyGS0 (1fa8738c,532e3150) done!
[   35.320175] gs_open: ttyGS0 (27f10061,f8e8389a)
[   35.320328] gs_close: ttyGS0 (27f10061,f8e8389a) ...
[   35.320350] gs_close: ttyGS0 (27f10061,f8e8389a) done!
[   35.500533] gs_open: ttyGS0 (ce91e6ca,c7bb7705)
[   35.500777] gs_close: ttyGS0 (ce91e6ca,c7bb7705) ...
[   35.500805] gs_close: ttyGS0 (ce91e6ca,c7bb7705) done!
[   35.505255] gs_open: ttyGS0 (ce91e6ca,64d3c0d7)
NHTNBNGZTY 0
root@arm:~# echo 'YQEE''XACWXS'
YQEEXACWXS
root@arm:~# MARKER='CAUB''FLPTPM' run 'modprobe test_linear_ranges'
CAUBFLPTPMCAUBFLPTPM 0
root@arm:~# echo 'STXA''VJECLM'
STXAVJECLM
root@arm:~# MARKER='YNCJ''UHWGAC' run dmesg
YNCJUHWGAC[    0.000000] Booting Linux on physical CPU 0x0
[    0.000000] Linux version 6.17.0-next-20251008 (user01@drvtest01) (arm-none-eabi-gcc (Arm GNU Toolchain 14.2.Rel1 (Build arm-14.52)) 14.2.1 20241119, GNU ld (Arm GNU Toolchain 14.2.Rel1 (Build arm-14.52)) 2.43.1.20241119) #1 SMP Wed Oct  8 15:48:12 EEST 2025
[    0.000000] CPU: ARMv7 Processor [413fc082] revision 2 (ARMv7), cr=10c5387d
[    0.000000] CPU: PIPT / VIPT nonaliasing data cache, VIPT aliasing instruction cache
[    0.000000] OF: fdt: Machine model: TI AM335x BeagleBone Black
[    0.000000] Memory policy: Data cache writeback
[    0.000000] cma: Reserved 16 MiB at 0x9e800000
[    0.000000] Zone ranges:
[    0.000000]   Normal   [mem 0x0000000080000000-0x000000009fdfffff]
[    0.000000]   HighMem  empty
[    0.000000] Movable zone start for each node
[    0.000000] Early memory node ranges
[    0.000000]   node   0: [mem 0x0000000080000000-0x000000009fdfffff]
[    0.000000] Initmem setup node 0 [mem 0x0000000080000000-0x000000009fdfffff]
[    0.000000] On node 0, zone Normal: 512 pages in unavailable ranges
[    0.000000] OF: reserved mem: Reserved memory: No reserved-memory node in the DT
[    0.000000] CPU: All CPU(s) started in SVC mode.
[    0.000000] AM335X ES2.1 (sgx neon)
[    0.000000] percpu: Embedded 17 pages/cpu s39884 r8192 d21556 u69632
[    0.000000] pcpu-alloc: s39884 r8192 d21556 u69632 alloc=17*4096
[    0.000000] pcpu-alloc: [0] 0 
[    0.000000] Kernel command line: console=ttyO0,115200n8 root=/dev/nfs rw nfsroot=192.168.255.126:/home/user01/nfs,nfsvers=3 ip=192.168.255.1:192.168.255.126::255.255.255.0:bbb1:eth0 nfsrootdebug
[    0.000000] Unknown kernel command line parameters "nfsrootdebug", will be passed to user space.
[    0.000000] printk: log buffer data + meta data: 65536 + 204800 = 270336 bytes
[    0.000000] Dentry cache hash table entries: 65536 (order: 6, 262144 bytes, linear)
[    0.000000] Inode-cache hash table entries: 32768 (order: 5, 131072 bytes, linear)
[    0.000000] Built 1 zonelists, mobility grouping on.  Total pages: 130560
[    0.000000] mem auto-init: stack:off, heap alloc:off, heap free:off
[    0.000000] SLUB: HWalign=16, Order=0-3, MinObjects=0, CPUs=1, Nodes=1
[    0.000000] rcu: Hierarchical RCU implementation.
[    0.000000] rcu: 	RCU event tracing is enabled.
[    0.000000] rcu: 	RCU restricting CPUs from NR_CPUS=2 to nr_cpu_ids=1.
[    0.000000] 	Tracing variant of Tasks RCU enabled.
[    0.000000] rcu: RCU calculated value of scheduler-enlistment delay is 10 jiffies.
[    0.000000] rcu: Adjusting geometry for rcu_fanout_leaf=16, nr_cpu_ids=1
[    0.000000] RCU Tasks Trace: Setting shift to 0 and lim to 1 rcu_task_cb_adjust=1 rcu_task_cpu_ids=1.
[    0.000000] NR_IRQS: 16, nr_irqs: 16, preallocated irqs: 16
[    0.000000] IRQ: Found an INTC at 0x(ptrval) (revision 5.0) with 128 interrupts
[    0.000000] rcu: srcu_init: Setting srcu_struct sizes based on contention.
[    0.000000] TI gptimer clocksource: always-on /ocp/interconnect@44c00000/segment@200000/target-module@31000
[    0.000002] sched_clock: 32 bits at 24MHz, resolution 41ns, wraps every 89478484971ns
[    0.000024] clocksource: dmtimer: mask: 0xffffffff max_cycles: 0xffffffff, max_idle_ns: 79635851949 ns
[    0.000488] TI gptimer clockevent: 24000000 Hz at /ocp/interconnect@48000000/segment@0/target-module@40000
[    0.002036] Console: colour dummy device 80x30
[    0.002098] WARNING: Your 'console=ttyO0' has been replaced by 'ttyS0'
[    0.002106] This ensures that you still see kernel messages. Please
[    0.002110] update your kernel commandline.
[    0.002151] Calibrating delay loop... 996.14 BogoMIPS (lpj=4980736)
[    0.090600] CPU: Testing write buffer coherency: ok
[    0.090684] CPU0: Spectre v2: using BPIALL workaround
[    0.090693] pid_max: default: 32768 minimum: 301
[    0.090868] LSM: initializing lsm=capability
[    0.091029] Mount-cache hash table entries: 1024 (order: 0, 4096 bytes, linear)
[    0.091048] Mountpoint-cache hash table entries: 1024 (order: 0, 4096 bytes, linear)
[    0.092630] CPU0: thread -1, cpu 0, socket -1, mpidr 0
[    0.092687] cacheinfo: Unable to detect cache hierarchy for CPU 0
[    0.094691] Setting up static identity map for 0x80100000 - 0x80100078
[    0.094998] rcu: Hierarchical SRCU implementation.
[    0.095009] rcu: 	Max phase no-delay instances is 1000.
[    0.096685] smp: Bringing up secondary CPUs ...
[    0.096737] smp: Brought up 1 node, 1 CPU
[    0.096749] SMP: Total of 1 processors activated (996.14 BogoMIPS).
[    0.096760] CPU: All CPU(s) started in SVC mode.
[    0.096961] Memory: 480864K/522240K available (11264K kernel code, 1226K rwdata, 2952K rodata, 1024K init, 256K bss, 23336K reserved, 16384K cma-reserved, 0K highmem)
[    0.097773] devtmpfs: initialized
[    0.115270] VFP support v0.3: implementor 41 architecture 3 part 30 variant c rev 3
[    0.115940] clocksource: jiffies: mask: 0xffffffff max_cycles: 0xffffffff, max_idle_ns: 19112604462750000 ns
[    0.115993] posixtimers hash table entries: 512 (order: 0, 4096 bytes, linear)
[    0.116019] futex hash table entries: 256 (16384 bytes on 1 NUMA nodes, total 16 KiB, linear).
[    0.117152] pinctrl core: initialized pinctrl subsystem
[    0.119231] NET: Registered PF_NETLINK/PF_ROUTE protocol family
[    0.122292] DMA: preallocated 256 KiB pool for atomic coherent allocations
[    0.122898] audit: initializing netlink subsys (disabled)
[    0.124225] thermal_sys: Registered thermal governor 'fair_share'
[    0.124240] thermal_sys: Registered thermal governor 'step_wise'
[    0.124249] thermal_sys: Registered thermal governor 'user_space'
[    0.124361] audit: type=2000 audit(0.120:1): state=initialized audit_enabled=0 res=1
[    0.124434] cpuidle: using governor menu
[    0.142330] /ocp/interconnect@44c00000/segment@200000/target-module@b000/i2c@0/tda19988@70: Fixed dependency cycle(s) with /ocp/interconnect@48000000/segment@300000/target-module@e000/lcdc@0
[    0.143424] /ocp/interconnect@48000000/segment@300000/target-module@e000/lcdc@0: Fixed dependency cycle(s) with /ocp/interconnect@44c00000/segment@200000/target-module@b000/i2c@0/tda19988@70
[    0.145629] No ATAGs?
[    0.145667] hw-breakpoint: debug architecture 0x4 unsupported.
[    0.148723] kprobes: kprobe jump-optimization is enabled. All kprobes are optimized if possible.
[    0.154481] iommu: Default domain type: Translated
[    0.154505] iommu: DMA domain TLB invalidation policy: strict mode
[    0.156052] reg-fixed-voltage fixedregulator0: using DT '/fixedregulator0' for '(default)' GPIO lookup
[    0.156103] of_get_named_gpiod_flags: can't parse 'gpios' property of node '/fixedregulator0[0]'
[    0.156132] of_get_named_gpiod_flags: can't parse 'gpio' property of node '/fixedregulator0[0]'
[    0.156151] reg-fixed-voltage fixedregulator0: using lookup tables for GPIO lookup
[    0.156162] reg-fixed-voltage fixedregulator0: No GPIO consumer (default) found
[    0.161650] SCSI subsystem initialized
[    0.162117] libata version 3.00 loaded.
[    0.162503] pps_core: LinuxPPS API ver. 1 registered
[    0.162514] pps_core: Software ver. 5.3.6 - Copyright 2005-2007 Rodolfo Giometti <giometti@linux.it>
[    0.162538] PTP clock support registered
[    0.171027] vgaarb: loaded
[    0.171391] clocksource: Switched to clocksource dmtimer
[    0.172061] VFS: Disk quotas dquot_6.6.0
[    0.172121] VFS: Dquot-cache hash table entries: 1024 (order 0, 4096 bytes)
[    0.196497] NET: Registered PF_INET protocol family
[    0.196839] IP idents hash table entries: 8192 (order: 4, 65536 bytes, linear)
[    0.198275] tcp_listen_portaddr_hash hash table entries: 512 (order: 0, 4096 bytes, linear)
[    0.198311] Table-perturb hash table entries: 65536 (order: 6, 262144 bytes, linear)
[    0.198328] TCP established hash table entries: 4096 (order: 2, 16384 bytes, linear)
[    0.198372] TCP bind hash table entries: 4096 (order: 4, 65536 bytes, linear)
[    0.198472] TCP: Hash tables configured (established 4096 bind 4096)
[    0.198594] UDP hash table entries: 256 (order: 1, 14336 bytes, linear)
[    0.198627] UDP-Lite hash table entries: 256 (order: 1, 14336 bytes, linear)
[    0.198834] NET: Registered PF_UNIX/PF_LOCAL protocol family
[    0.202379] RPC: Registered named UNIX socket transport module.
[    0.202402] RPC: Registered udp transport module.
[    0.202407] RPC: Registered tcp transport module.
[    0.202412] RPC: Registered tcp-with-tls transport module.
[    0.202417] RPC: Registered tcp NFSv4.1 backchannel transport module.
[    0.202443] PCI: CLS 0 bytes, default 64
[    0.203862] Initialise system trusted keyrings
[    0.212038] workingset: timestamp_bits=14 max_order=17 bucket_order=3
[    0.213508] NFS: Registering the id_resolver key type
[    0.213566] Key type id_resolver registered
[    0.213572] Key type id_legacy registered
[    0.213689] jffs2: version 2.2. (NAND) (SUMMARY)  Â© 2001-2006 Red Hat, Inc.
[    0.214156] Key type asymmetric registered
[    0.214172] Asymmetric key parser 'x509' registered
[    0.214245] io scheduler mq-deadline registered
[    0.214255] io scheduler kyber registered
[    0.214337] io scheduler bfq registered
[    0.216201] target-module@4b000000:target-module@140000:pmu@0:fck: device ID is greater than 24
[    0.221628] ledtrig-cpu: registered to indicate activity on CPUs
[    0.232404] Serial: 8250/16550 driver, 6 ports, IRQ sharing enabled
[    0.278163] brd: module loaded
[    0.287094] loop: module loaded
[    0.288029] mtdoops: mtd device (mtddev=name/number) must be supplied
[    0.289575] mdio_bus fixed-0: using lookup tables for GPIO lookup
[    0.289595] mdio_bus fixed-0: No GPIO consumer reset found
[    0.291017] i2c_dev: i2c /dev entries driver
[    0.292190] cpuidle: enable-method property 'ti,am3352' found operations
[    0.292653] sdhci: Secure Digital Host Controller Interface driver
[    0.292662] sdhci: Copyright(c) Pierre Ossman
[    0.292847] sdhci-pltfm: SDHCI platform and OF driver helper
[    0.301772] hw perfevents: enabled with armv7_cortex_a8 PMU driver, 5 (8000000f) counters available
[    0.302329] Initializing XFRM netlink socket
[    0.302496] NET: Registered PF_INET6 protocol family
[    0.304493] Segment Routing with IPv6
[    0.304574] In-situ OAM (IOAM) with IPv6
[    0.304669] sit: IPv6, IPv4 and MPLS over IPv4 tunneling driver
[    0.305628] NET: Registered PF_PACKET protocol family
[    0.305657] NET: Registered PF_KEY protocol family
[    0.305778] Key type dns_resolver registered
[    0.306012] ThumbEE CPU extension supported.
[    0.306033] Registering SWP/SWPB emulation handler
[    0.306557] omap_voltage_late_init: Voltage driver support not added
[    0.307237] SmartReflex Class3 initialized
[    0.342994] Loading compiled-in X.509 certificates
[    0.373738] /ocp/interconnect@44c00000/segment@200000/target-module@b000/i2c@0/tda19988@70: Fixed dependency cycle(s) with /ocp/interconnect@48000000/segment@300000/target-module@e000/lcdc@0
[    0.380088] /ocp/interconnect@44c00000/segment@200000/target-module@b000/i2c@0/tda19988@70: Fixed dependency cycle(s) with /ocp/interconnect@48000000/segment@300000/target-module@e000/lcdc@0
[    0.385805] gpiochip_find_base_unlocked: found new base at 512
[    0.423156] /ocp/interconnect@44c00000/segment@200000/target-module@b000/i2c@0/tda19988@70: Fixed dependency cycle(s) with /ocp/interconnect@48000000/segment@300000/target-module@e000/lcdc@0
[    0.424047] /ocp/interconnect@44c00000/segment@200000/target-module@b000/i2c@0/tda19988@70: Fixed dependency cycle(s) with /ocp/interconnect@48000000/segment@300000/target-module@e000/lcdc@0
[    0.427505] /ocp/interconnect@44c00000/segment@200000/target-module@10000/scm@0/pinmux@800: Fixed dependency cycle(s) with /ocp/interconnect@44c00000/segment@200000/target-module@10000/scm@0/pinmux@800/clkout2-pins
[    0.428088] pinctrl-single 44e10800.pinmux: 142 pins, size 568
[    0.433644] ti-sysc 44e31000.target-module: probe with driver ti-sysc failed with error -16
[    0.447432] /ocp/interconnect@48000000/segment@300000/target-module@e000/lcdc@0: Fixed dependency cycle(s) with /ocp/interconnect@44c00000/segment@200000/target-module@b000/i2c@0/tda19988@70
[    0.455824] ti-sysc 48040000.target-module: probe with driver ti-sysc failed with error -16
[    0.467419] gpiochip_find_base_unlocked: found new base at 512
[    0.467516] gpio gpiochip0: (gpio-0-31): created GPIO range 0->7 ==> 44e10800.pinmux PIN 0->7
[    0.467535] gpio gpiochip0: (gpio-0-31): created GPIO range 8->11 ==> 44e10800.pinmux PIN 90->93
[    0.467551] gpio gpiochip0: (gpio-0-31): created GPIO range 12->27 ==> 44e10800.pinmux PIN 12->27
[    0.467567] gpio gpiochip0: (gpio-0-31): created GPIO range 28->31 ==> 44e10800.pinmux PIN 30->33
[    0.502419] gpio gpiochip0: (gpio-0-31): added GPIO chardev (254:0)
[    0.502654] gpio gpiochip0: registered GPIOs 512 to 543 on gpio-0-31
[    0.502745] OMAP GPIO hardware version 0.1
[    0.528928] i2c i2c-2: using DT '/ocp/interconnect@48000000/segment@100000/target-module@9c000/i2c@0' for 'scl' GPIO lookup
[    0.529002] of_get_named_gpiod_flags: can't parse 'scl-gpios' property of node '/ocp/interconnect@48000000/segment@100000/target-module@9c000/i2c@0[0]'
[    0.529043] of_get_named_gpiod_flags: can't parse 'scl-gpio' property of node '/ocp/interconnect@48000000/segment@100000/target-module@9c000/i2c@0[0]'
[    0.529080] i2c i2c-2: using lookup tables for GPIO lookup
[    0.529089] i2c i2c-2: No GPIO consumer scl found
[    0.529111] i2c i2c-2: using DT '/ocp/interconnect@48000000/segment@100000/target-module@9c000/i2c@0' for 'sda' GPIO lookup
[    0.529146] of_get_named_gpiod_flags: can't parse 'sda-gpios' property of node '/ocp/interconnect@48000000/segment@100000/target-module@9c000/i2c@0[0]'
[    0.529183] of_get_named_gpiod_flags: can't parse 'sda-gpio' property of node '/ocp/interconnect@48000000/segment@100000/target-module@9c000/i2c@0[0]'
[    0.529214] i2c i2c-2: using lookup tables for GPIO lookup
[    0.529222] i2c i2c-2: No GPIO consumer sda found
[    0.529951] omap_i2c 4819c000.i2c: bus 2 rev0.11 at 100 kHz
[    0.535833] gpiochip_find_base_unlocked: found new base at 544
[    0.535947] gpio gpiochip1: (gpio-32-63): created GPIO range 0->17 ==> 44e10800.pinmux PIN 34->51
[    0.535966] gpio gpiochip1: (gpio-32-63): created GPIO range 18->21 ==> 44e10800.pinmux PIN 77->80
[    0.535981] gpio gpiochip1: (gpio-32-63): created GPIO range 22->31 ==> 44e10800.pinmux PIN 56->65
[    0.557824] gpio gpiochip1: (gpio-32-63): added GPIO chardev (254:1)
[    0.558050] gpio gpiochip1: registered GPIOs 544 to 575 on gpio-32-63
[    0.560356] gpiochip_find_base_unlocked: found new base at 576
[    0.560448] gpio gpiochip2: (gpio-64-95): created GPIO range 0->4 ==> 44e10800.pinmux PIN 66->70
[    0.560467] gpio gpiochip2: (gpio-64-95): created GPIO range 5->6 ==> 44e10800.pinmux PIN 98->99
[    0.560482] gpio gpiochip2: (gpio-64-95): created GPIO range 7->8 ==> 44e10800.pinmux PIN 75->76
[    0.560498] gpio gpiochip2: (gpio-64-95): created GPIO range 13->13 ==> 44e10800.pinmux PIN 141->141
[    0.560514] gpio gpiochip2: (gpio-64-95): created GPIO range 14->21 ==> 44e10800.pinmux PIN 100->107
[    0.573563] gpio gpiochip2: (gpio-64-95): added GPIO chardev (254:2)
[    0.573776] gpio gpiochip2: registered GPIOs 576 to 607 on gpio-64-95
[    0.579443] 48000000.interconnect:segment@200000:target-module@0:mpu@0:fck: device ID is greater than 24
[    0.580348] /ocp/interconnect@48000000/segment@300000/target-module@e000/lcdc@0: Fixed dependency cycle(s) with /ocp/interconnect@44c00000/segment@200000/target-module@b000/i2c@0/tda19988@70
[    0.583465] /ocp/interconnect@48000000/segment@300000/target-module@e000/lcdc@0: Fixed dependency cycle(s) with /ocp/interconnect@44c00000/segment@200000/target-module@b000/i2c@0/tda19988@70
[    0.584174] /ocp/interconnect@44c00000/segment@200000/target-module@b000/i2c@0/tda19988@70: Fixed dependency cycle(s) with /ocp/interconnect@48000000/segment@300000/target-module@e000/lcdc@0
[    0.584353] /ocp/interconnect@48000000/segment@300000/target-module@e000/lcdc@0: Fixed dependency cycle(s) with /ocp/interconnect@44c00000/segment@200000/target-module@b000/i2c@0/tda19988@70
[    0.591555] sdhci-omap 481d8000.mmc: using DT '/ocp/interconnect@48000000/segment@100000/target-module@d8000/mmc@0' for 'wp' GPIO lookup
[    0.591624] of_get_named_gpiod_flags: can't parse 'wp-gpios' property of node '/ocp/interconnect@48000000/segment@100000/target-module@d8000/mmc@0[0]'
[    0.591669] of_get_named_gpiod_flags: can't parse 'wp-gpio' property of node '/ocp/interconnect@48000000/segment@100000/target-module@d8000/mmc@0[0]'
[    0.591706] sdhci-omap 481d8000.mmc: using lookup tables for GPIO lookup
[    0.591717] sdhci-omap 481d8000.mmc: No GPIO consumer wp found
[    0.591913] sdhci-omap 481d8000.mmc: supply pbias not found, using dummy regulator
[    0.597149] mdio_bus 4a101000.mdio: using DT '/ocp/interconnect@4a000000/segment@0/target-module@100000/switch@0/mdio@1000' for 'reset' GPIO lookup
[    0.597233] of_get_named_gpiod_flags: can't parse 'reset-gpios' property of node '/ocp/interconnect@4a000000/segment@0/target-module@100000/switch@0/mdio@1000[0]'
[    0.597280] of_get_named_gpiod_flags: can't parse 'reset-gpio' property of node '/ocp/interconnect@4a000000/segment@0/target-module@100000/switch@0/mdio@1000[0]'
[    0.597327] mdio_bus 4a101000.mdio: using lookup tables for GPIO lookup
[    0.597337] mdio_bus 4a101000.mdio: No GPIO consumer reset found
[    0.598190] sdhci-omap 481d8000.mmc: supply vqmmc not found, using dummy regulator
[    0.657669] davinci_mdio 4a101000.mdio: davinci mdio revision 1.6, bus freq 1000000
[    0.672846] mdio_bus 4a101000.mdio:00: using DT '/ocp/interconnect@4a000000/segment@0/target-module@100000/switch@0/mdio@1000/ethernet-phy@0' for 'reset' GPIO lookup
[    0.672946] of_get_named_gpiod_flags: parsed 'reset-gpios' property of node '/ocp/interconnect@4a000000/segment@0/target-module@100000/switch@0/mdio@1000/ethernet-phy@0[0]' - status (0)
[    0.673111] gpio gpiochip0: Persistence not supported for GPIO 8
[    0.802158] davinci_mdio 4a101000.mdio: phy[0]: device 4a101000.mdio:00, driver SMSC LAN8710/LAN8720
[    0.802914] cpsw-switch 4a100000.switch: initialized cpsw ale version 1.4
[    0.802935] cpsw-switch 4a100000.switch: ALE Table size 1024, Policers 0
[    0.803116] cpsw-switch 4a100000.switch: cpts: overflow check period 500 (jiffies)
[    0.803133] cpsw-switch 4a100000.switch: CPTS: ref_clk_freq:250000000 calc_mult:2147483648 calc_shift:29 error:0 nsec/sec
[    0.803239] cpsw-switch 4a100000.switch: Detected MACID = 6c:ec:eb:68:de:78
[    0.805113] cpsw-switch 4a100000.switch: initialized (regs 0x4a100000, pool size 256) hw_ver:0019010C 1.12 (0)
[    0.816272] debugfs: '49000000.dma' already exists in 'dmaengine'
[    0.816314] edma 49000000.dma: TI EDMA DMA engine driver
[    0.846752] gpio-clk clk_mcasp0: using DT '/clk_mcasp0' for 'enable' GPIO lookup
[    0.846829] of_get_named_gpiod_flags: parsed 'enable-gpios' property of node '/clk_mcasp0[0]' - status (0)
[    0.846875] gpio gpiochip0: Persistence not supported for GPIO 27
[    0.847630] gpiochip_find_base_unlocked: found new base at 608
[    0.847741] gpio gpiochip3: (gpio-96-127): created GPIO range 0->7 ==> 44e10800.pinmux PIN 82->89
[    0.847762] gpio gpiochip3: (gpio-96-127): created GPIO range 8->11 ==> 44e10800.pinmux PIN 52->55
[    0.847778] gpio gpiochip3: (gpio-96-127): created GPIO range 12->15 ==> 44e10800.pinmux PIN 94->97
[    0.847795] gpio gpiochip3: (gpio-96-127): created GPIO range 16->17 ==> 44e10800.pinmux PIN 71->72
[    0.847811] gpio gpiochip3: (gpio-96-127): created GPIO range 18->18 ==> 44e10800.pinmux PIN 135->135
[    0.847827] gpio gpiochip3: (gpio-96-127): created GPIO range 19->20 ==> 44e10800.pinmux PIN 108->109
[    0.847843] gpio gpiochip3: (gpio-96-127): created GPIO range 21->21 ==> 44e10800.pinmux PIN 73->73
[    0.847860] gpio gpiochip3: (gpio-96-127): created GPIO range 22->23 ==> 44e10800.pinmux PIN 8->9
[    0.847878] gpio gpiochip3: (gpio-96-127): created GPIO range 26->27 ==> 44e10800.pinmux PIN 10->11
[    0.847895] gpio gpiochip3: (gpio-96-127): created GPIO range 28->28 ==> 44e10800.pinmux PIN 74->74
[    0.847913] gpio gpiochip3: (gpio-96-127): created GPIO range 29->29 ==> 44e10800.pinmux PIN 81->81
[    0.847931] gpio gpiochip3: (gpio-96-127): created GPIO range 30->31 ==> 44e10800.pinmux PIN 28->29
[    0.849268] gpio gpiochip3: (gpio-96-127): added GPIO chardev (254:3)
[    0.849484] gpio gpiochip3: registered GPIOs 608 to 639 on gpio-96-127
[    0.862319] omap8250 44e09000.serial: using DT '/ocp/interconnect@44c00000/segment@200000/target-module@9000/serial@0' for 'rs485-term' GPIO lookup
[    0.862394] of_get_named_gpiod_flags: can't parse 'rs485-term-gpios' property of node '/ocp/interconnect@44c00000/segment@200000/target-module@9000/serial@0[0]'
[    0.862437] of_get_named_gpiod_flags: can't parse 'rs485-term-gpio' property of node '/ocp/interconnect@44c00000/segment@200000/target-module@9000/serial@0[0]'
[    0.862474] omap8250 44e09000.serial: using lookup tables for GPIO lookup
[    0.862484] omap8250 44e09000.serial: No GPIO consumer rs485-term found
