Labgrid Console Logfile for main
Logfile started at 2024-11-19 08:29:24.758948
=== Log starts here ===

U-Boot SPL 2014.04-00014-g47880f5 (Apr 22 2014 - 13:23:54)
reading args
spl_load_image_fat_os: error reading image args, err - -1
reading u-boot.img
reading u-boot.img


U-Boot 2014.04-00014-g47880f5 (Apr 22 2014 - 13:23:54)

I2C:   ready
DRAM:  512 MiB
NAND:  0 MiB
MMC:   OMAP SD/MMC: 0, OMAP SD/MMC: 1
*** Warning - readenv() failed, using default environment

Net:   <ethaddr> not set. Validating first E-fuse MAC
cpsw, usb_ether
Hit any key to stop autoboot:  1  0 
gpio: pin 53 (gpio 53) value is 1
mmc0 is current device
gpio: pin 54 (gpio 54) value is 1
SD/MMC found on device 0
reading uEnv.txt
569 bytes read in 3 ms (184.6 KiB/s)
gpio: pin 55 (gpio 55) value is 1
Loaded environment from uEnv.txt
Importing environment from mmc ...
Checking if uenvcmd is set ...
gpio: pin 56 (gpio 56) value is 1
Running uenvcmd ...
cpsw Waiting for PHY auto negotiation to complete. done
link up on port 0, speed 100, full duplex
Using cpsw device
TFTP from server 192.168.255.126; our IP address is 192.168.255.1
Filename 'zImage'.
Load address: 0x81000000
Loading: *#################################################################
	 #################################################################
	 #################################################################
	 #################################################################
	 #################################################################
	 #####################################################
	 2.4 MiB/s
done
Bytes transferred = 5537528 (547ef8 hex)
link up on port 0, speed 100, full duplex
Using cpsw device
TFTP from server 192.168.255.126; our IP address is 192.168.255.1
Filename 'am335x-boneblack.dtb'.
Load address: 0x82000000
Loading: *#######
	 1.6 MiB/s
done
Bytes transferred = 98244 (17fc4 hex)
Kernel image @ 0x81000000 [ 0x000000 - 0x547ef8 ]
## Flattened Device Tree blob at 82000000
   Booting using the fdt blob at 0x82000000
   Using Device Tree in place at 82000000, end 8201afc3

Starting kernel ...

[    0.000000] Booting Linux on physical CPU 0x0
[    0.000000] Linux version 6.12.0-next-20241119 (user01@drvtest01) (arm-linux-gnueabihf-gcc (Linaro GCC 6.4-2017.11) 6.4.1 20171012, GNU ld (Linaro_Binutils-2017.11) 2.27.0.20161229) #140 SMP Tue Nov 19 08:28:35 EET 2024
[    0.000000] CPU: ARMv7 Processor [413fc082] revision 2 (ARMv7), cr=10c5387d
[    0.000000] CPU: PIPT / VIPT nonaliasing data cache, VIPT aliasing instruction cache
[    0.000000] OF: fdt: Machine model: TI AM335x BeagleBone Black
[    0.000000] Memory policy: Data cache writeback
[    0.000000] cma: Reserved 16 MiB at 0x9e800000 on node -1
[    0.000000] Zone ranges:
[    0.000000]   Normal   [mem 0x0000000080000000-0x000000009fdfffff]
[    0.000000]   HighMem  empty
[    0.000000] Movable zone start for each node
[    0.000000] Early memory node ranges
[    0.000000]   node   0: [mem 0x0000000080000000-0x000000009fdfffff]
[    0.000000] Initmem setup node 0 [mem 0x0000000080000000-0x000000009fdfffff]
[    0.000000] OF: reserved mem: Reserved memory: No reserved-memory node in the DT
[    0.000000] CPU: All CPU(s) started in SVC mode.
[    0.000000] AM335X ES2.1 (sgx neon)
[    0.000000] percpu: Embedded 17 pages/cpu s39564 r8192 d21876 u69632
[    0.000000] Kernel command line: console=ttyO0,115200n8 root=/dev/nfs rw nfsroot=192.168.255.126:/home/user01/nfs,nfsvers=3 ip=192.168.255.1:192.168.255.126::255.255.255.0:bbb1:eth0 nfsrootdebug
[    0.000000] Unknown kernel command line parameters "nfsrootdebug", will be passed to user space.
[    0.000000] printk: log buffer data + meta data: 65536 + 204800 = 270336 bytes
[    0.000000] Dentry cache hash table entries: 65536 (order: 6, 262144 bytes, linear)
[    0.000000] Inode-cache hash table entries: 32768 (order: 5, 131072 bytes, linear)
[    0.000000] Built 1 zonelists, mobility grouping on.  Total pages: 130560
[    0.000000] mem auto-init: stack:off, heap alloc:off, heap free:off
[    0.000000] SLUB: HWalign=64, Order=0-3, MinObjects=0, CPUs=1, Nodes=1
[    0.000000] trace event string verifier disabled
[    0.000000] rcu: Hierarchical RCU implementation.
[    0.000000] rcu: 	RCU event tracing is enabled.
[    0.000000] rcu: 	RCU restricting CPUs from NR_CPUS=2 to nr_cpu_ids=1.
[    0.000000] 	Tracing variant of Tasks RCU enabled.
[    0.000000] rcu: RCU calculated value of scheduler-enlistment delay is 10 jiffies.
[    0.000000] rcu: Adjusting geometry for rcu_fanout_leaf=16, nr_cpu_ids=1
[    0.000000] RCU Tasks Trace: Setting shift to 0 and lim to 1 rcu_task_cb_adjust=1 rcu_task_cpu_ids=1.
[    0.000000] NR_IRQS: 16, nr_irqs: 16, preallocated irqs: 16
[    0.000000] IRQ: Found an INTC at 0x(ptrval) (revision 5.0) with 128 interrupts
[    0.000000] rcu: srcu_init: Setting srcu_struct sizes based on contention.
[    0.000000] TI gptimer clocksource: always-on /ocp/interconnect@44c00000/segment@200000/target-module@31000
[    0.000002] sched_clock: 32 bits at 24MHz, resolution 41ns, wraps every 89478484971ns
[    0.000026] clocksource: dmtimer: mask: 0xffffffff max_cycles: 0xffffffff, max_idle_ns: 79635851949 ns
[    0.000507] TI gptimer clockevent: 24000000 Hz at /ocp/interconnect@48000000/segment@0/target-module@40000
[    0.002153] Console: colour dummy device 80x30
[    0.002216] WARNING: Your 'console=ttyO0' has been replaced by 'ttyS0'
[    0.002225] This ensures that you still see kernel messages. Please
[    0.002229] update your kernel commandline.
[    0.002272] Calibrating delay loop... 996.14 BogoMIPS (lpj=4980736)
[    0.090555] CPU: Testing write buffer coherency: ok
[    0.090671] CPU0: Spectre v2: using BPIALL workaround
[    0.090682] pid_max: default: 32768 minimum: 301
[    0.090810] LSM: initializing lsm=capability
[    0.090983] Mount-cache hash table entries: 1024 (order: 0, 4096 bytes, linear)
[    0.091004] Mountpoint-cache hash table entries: 1024 (order: 0, 4096 bytes, linear)
[    0.092672] CPU0: thread -1, cpu 0, socket -1, mpidr 0
[    0.160938] Setting up static identity map for 0x80100000 - 0x80100078
[    0.170715] rcu: Hierarchical SRCU implementation.
[    0.170727] rcu: 	Max phase no-delay instances is 1000.
[    0.190770] smp: Bringing up secondary CPUs ...
[    0.190830] smp: Brought up 1 node, 1 CPU
[    0.190846] SMP: Total of 1 processors activated (996.14 BogoMIPS).
[    0.190858] CPU: All CPU(s) started in SVC mode.
[    0.191051] Memory: 480840K/522240K available (11264K kernel code, 1213K rwdata, 2896K rodata, 1024K init, 297K bss, 23388K reserved, 16384K cma-reserved, 0K highmem)
[    0.191928] devtmpfs: initialized
[    0.209136] VFP support v0.3: implementor 41 architecture 3 part 30 variant c rev 3
[    0.209492] clocksource: jiffies: mask: 0xffffffff max_cycles: 0xffffffff, max_idle_ns: 19112604462750000 ns
[    0.209526] futex hash table entries: 256 (order: 2, 16384 bytes, linear)
[    0.211042] pinctrl core: initialized pinctrl subsystem
[    0.213892] NET: Registered PF_NETLINK/PF_ROUTE protocol family
[    0.216719] DMA: preallocated 256 KiB pool for atomic coherent allocations
[    0.217640] audit: initializing netlink subsys (disabled)
[    0.219089] thermal_sys: Registered thermal governor 'fair_share'
[    0.219107] thermal_sys: Registered thermal governor 'step_wise'
[    0.219116] thermal_sys: Registered thermal governor 'user_space'
[    0.219266] audit: type=2000 audit(0.210:1): state=initialized audit_enabled=0 res=1
[    0.219304] cpuidle: using governor menu
[    0.237771] /ocp/interconnect@44c00000/segment@200000/target-module@b000/i2c@0/tda19988@70: Fixed dependency cycle(s) with /ocp/interconnect@48000000/segment@300000/target-module@e000/lcdc@0
[    0.238934] /ocp/interconnect@48000000/segment@300000/target-module@e000/lcdc@0: Fixed dependency cycle(s) with /ocp/interconnect@44c00000/segment@200000/target-module@b000/i2c@0/tda19988@70
[    0.241358] No ATAGs?
[    0.241381] hw-breakpoint: debug architecture 0x4 unsupported.
[    0.244150] kprobes: kprobe jump-optimization is enabled. All kprobes are optimized if possible.
[    0.254216] iommu: Default domain type: Translated
[    0.254240] iommu: DMA domain TLB invalidation policy: strict mode
[    0.262470] SCSI subsystem initialized
[    0.263340] pps_core: LinuxPPS API ver. 1 registered
[    0.263350] pps_core: Software ver. 5.3.6 - Copyright 2005-2007 Rodolfo Giometti <giometti@linux.it>
[    0.263376] PTP clock support registered
[    0.270911] vgaarb: loaded
[    0.271337] clocksource: Switched to clocksource dmtimer
[    0.272002] VFS: Disk quotas dquot_6.6.0
[    0.272046] VFS: Dquot-cache hash table entries: 1024 (order 0, 4096 bytes)
[    0.296520] NET: Registered PF_INET protocol family
[    0.296877] IP idents hash table entries: 8192 (order: 4, 65536 bytes, linear)
[    0.298299] tcp_listen_portaddr_hash hash table entries: 512 (order: 0, 4096 bytes, linear)
[    0.298337] Table-perturb hash table entries: 65536 (order: 6, 262144 bytes, linear)
[    0.298354] TCP established hash table entries: 4096 (order: 2, 16384 bytes, linear)
[    0.298398] TCP bind hash table entries: 4096 (order: 4, 65536 bytes, linear)
[    0.298497] TCP: Hash tables configured (established 4096 bind 4096)
[    0.298618] UDP hash table entries: 256 (order: 1, 14336 bytes, linear)
[    0.298653] UDP-Lite hash table entries: 256 (order: 1, 14336 bytes, linear)
[    0.298832] NET: Registered PF_UNIX/PF_LOCAL protocol family
[    0.302264] RPC: Registered named UNIX socket transport module.
[    0.302288] RPC: Registered udp transport module.
[    0.302294] RPC: Registered tcp transport module.
[    0.302299] RPC: Registered tcp-with-tls transport module.
[    0.302304] RPC: Registered tcp NFSv4.1 backchannel transport module.
[    0.302330] PCI: CLS 0 bytes, default 64
[    0.303831] Initialise system trusted keyrings
[    0.311784] workingset: timestamp_bits=14 max_order=17 bucket_order=3
[    0.313127] NFS: Registering the id_resolver key type
[    0.313222] Key type id_resolver registered
[    0.313229] Key type id_legacy registered
[    0.313279] jffs2: version 2.2. (NAND) (SUMMARY)  Â© 2001-2006 Red Hat, Inc.
[    0.313684] Key type asymmetric registered
[    0.313701] Asymmetric key parser 'x509' registered
[    0.313768] io scheduler mq-deadline registered
[    0.313780] io scheduler kyber registered
[    0.313853] io scheduler bfq registered
[    0.315498] ledtrig-cpu: registered to indicate activity on CPUs
[    0.322213] Serial: 8250/16550 driver, 6 ports, IRQ sharing enabled
[    0.373104] brd: module loaded
[    0.386418] loop: module loaded
[    0.387361] mtdoops: mtd device (mtddev=name/number) must be supplied
[    0.402554] i2c_dev: i2c /dev entries driver
[    0.403548] cpuidle: enable-method property 'ti,am3352' found operations
[    0.404008] sdhci: Secure Digital Host Controller Interface driver
[    0.404018] sdhci: Copyright(c) Pierre Ossman
[    0.404192] sdhci-pltfm: SDHCI platform and OF driver helper
[    0.405196] Initializing XFRM netlink socket
[    0.405343] NET: Registered PF_INET6 protocol family
[    0.407423] Segment Routing with IPv6
[    0.407516] In-situ OAM (IOAM) with IPv6
[    0.407615] sit: IPv6, IPv4 and MPLS over IPv4 tunneling driver
[    0.408573] NET: Registered PF_PACKET protocol family
[    0.408612] NET: Registered PF_KEY protocol family
[    0.408765] Key type dns_resolver registered
[    0.409043] ThumbEE CPU extension supported.
[    0.409067] Registering SWP/SWPB emulation handler
[    0.409609] omap_voltage_late_init: Voltage driver support not added
[    0.409966] SmartReflex Class3 initialized
[    0.443980] Loading compiled-in X.509 certificates
[    0.493120] /ocp/interconnect@44c00000/segment@200000/target-module@b000/i2c@0/tda19988@70: Fixed dependency cycle(s) with /ocp/interconnect@48000000/segment@300000/target-module@e000/lcdc@0
[    0.499581] /ocp/interconnect@44c00000/segment@200000/target-module@b000/i2c@0/tda19988@70: Fixed dependency cycle(s) with /ocp/interconnect@48000000/segment@300000/target-module@e000/lcdc@0
[    0.544073] /ocp/interconnect@44c00000/segment@200000/target-module@b000/i2c@0/tda19988@70: Fixed dependency cycle(s) with /ocp/interconnect@48000000/segment@300000/target-module@e000/lcdc@0
[    0.544960] /ocp/interconnect@44c00000/segment@200000/target-module@b000/i2c@0/tda19988@70: Fixed dependency cycle(s) with /ocp/interconnect@48000000/segment@300000/target-module@e000/lcdc@0
[    0.548410] /ocp/interconnect@44c00000/segment@200000/target-module@10000/scm@0/pinmux@800: Fixed dependency cycle(s) with /ocp/interconnect@44c00000/segment@200000/target-module@10000/scm@0/pinmux@800/clkout2-pins
[    0.549081] pinctrl-single 44e10800.pinmux: 142 pins, size 568
[    0.554565] ti-sysc 44e31000.target-module: probe with driver ti-sysc failed with error -16
[    0.582671] /ocp/interconnect@48000000/segment@300000/target-module@e000/lcdc@0: Fixed dependency cycle(s) with /ocp/interconnect@44c00000/segment@200000/target-module@b000/i2c@0/tda19988@70
[    0.590567] ti-sysc 48040000.target-module: probe with driver ti-sysc failed with error -16
[    0.655462] OMAP GPIO hardware version 0.1
[    0.673674] omap_i2c 4819c000.i2c: bus 2 rev0.11 at 100 kHz
[    0.702319] 48000000.interconnect:segment@200000:target-module@0:mpu@0:fck: device ID is greater than 24
[    0.703239] /ocp/interconnect@48000000/segment@300000/target-module@e000/lcdc@0: Fixed dependency cycle(s) with /ocp/interconnect@44c00000/segment@200000/target-module@b000/i2c@0/tda19988@70
[    0.706045] /ocp/interconnect@48000000/segment@300000/target-module@e000/lcdc@0: Fixed dependency cycle(s) with /ocp/interconnect@44c00000/segment@200000/target-module@b000/i2c@0/tda19988@70
[    0.706758] /ocp/interconnect@44c00000/segment@200000/target-module@b000/i2c@0/tda19988@70: Fixed dependency cycle(s) with /ocp/interconnect@48000000/segment@300000/target-module@e000/lcdc@0
[    0.706916] /ocp/interconnect@48000000/segment@300000/target-module@e000/lcdc@0: Fixed dependency cycle(s) with /ocp/interconnect@44c00000/segment@200000/target-module@b000/i2c@0/tda19988@70
[    0.718770] sdhci-omap 481d8000.mmc: supply pbias not found, using dummy regulator
[    0.719277] sdhci-omap 481d8000.mmc: supply vqmmc not found, using dummy regulator
[    0.775687] davinci_mdio 4a101000.mdio: davinci mdio revis ion 1.6, bus freq 1000000
[    0.930310] davinci_mdio 4a10100 0.mdio: phy[0]: device 4a101000.mdio:00, driver SMSC LAN8710/L AN8720
[    0.931100] cpsw-switch 4a100000.switch: initialize d cpsw ale version 1.4
[    0.931122] cpsw-switch 4a100000.switch: AL
[    2.717673] mmcblk0: mmc0:5048 SD16G 14.4 GiB
[    2.725927]  mmcblk0: p1 p2
[    2.729342] mmcblk0: p2 size 31221760 extends beyond EOD, truncated
[    2.742586] SMSC LAN8710/LAN8720 4a101000.mdio:00: attached PHY driver (mii_bus:phy_addr=4a101000.mdio:00, irq=POLL)
[    2.759656] mmc1: new high speed MMC card at address 0001
[    2.766702] mmcblk1: mmc1:0001 MMC04G 3.60 GiB
[    2.774184]  mmcblk1: p1 p2
[    2.778437] mmcblk1boot0: mmc1:0001 MMC04G 2.00 MiB
[    2.785796] mmcblk1boot1: mmc1:0001 MMC04G 2.00 MiB
[    2.793396] mmcblk1rpmb: mmc1:0001 MMC04G 128 KiB, chardev (250:0)
[    5.922115] cpsw-switch 4a100000.switch eth0: Link is Up - 100Mbps/Full - flow control off
[    5.951353] IP-Config: Complete:
[    5.954629]      device=eth0, hwaddr=6c:ec:eb:68:de:78, ipaddr=192.168.255.1, mask=255.255.255.0, gw=255.255.255.255
[    5.965272]      host=bbb1, domain=, nis-domain=(none)
[    5.970442]      bootserver=192.168.255.126, rootserver=192.168.255.126, rootpath=
[    5.970860] clk: Disabling unused clocks
[    5.982733] PM: genpd: Disabling unused power domains
[    5.987852] KTAP version 1
[    5.990572] 1..0
[    6.020157] VFS: Mounted root (nfs filesystem) on device 0:17.
[    6.027351] devtmpfs: mounted
[    6.032169] Freeing unused kernel image (initmem) memory: 1024K
[    6.038882] Run /sbin/init as init process
[    6.769182] systemd[1]: System time before build time, advancing clock.
[    8.221357] random: crng init done
[    8.263213] systemd[1]: systemd 232 running in system mode. (+PAM +AUDIT +SELINUX +IMA +APPARMOR +SMACK +SYSVINIT +UTMP +LIBCRYPTSETUP +GCRYPT +GNUTLS +ACL +XZ +LZ4 +SECCOMP +BLKID +ELFUTILS +KMOD +IDN)
[    8.282270] systemd[1]: Detected architecture arm.

Welcome to [1mDebian GNU/Linux 9 (stretch)[0m!

[    8.314692] systemd[1]: Set hostname to <arm>.
[    9.436858] systemd[1]: Started Forward Password Requests to Wall Directory Watch.
[[0;32m  OK  [0m] Started Forward Password Requests to Wall Directory Watch.
[    9.473562] systemd[1]: Listening on Syslog Socket.
[[0;32m  OK  [0m] Listening on Syslog Socket.
[    9.502222] systemd[1]: Listening on Journal Socket.
[[0;32m  OK  [0m] Listening on Journal Socket.
[    9.533130] systemd[1]: Set up automount Arbitrary Executable File Formats File System Automount Point.
[[0;32m  OK  [0m] Set up automount Arbitrary Executabâ€¦rmats File System Automount Point.
[    9.561748] systemd[1]: Reached target Swap.
[[0;32m  OK  [0m] Reached target Swap.
[    9.581720] systemd[1]: Reached target Remote File Systems.
[[0;32m  OK  [0m] Reached target Remote File Systems.
[    9.612919] systemd[1]: Created slice System Slice.
[[0;32m  OK  [0m] Created slice System Slice.
         Mounting Debug File System...
         Starting Remount Root and Kernel File Systems...
[[0;32m  OK  [0m] Created slice system-serial\x2dgetty.slice.
         Starting Load Kernel Modules...
[[0;32m  OK  [0m] Created slice system-getty.slice.
[[0;32m  OK  [0m] Listening on udev Kernel Socket.
[[0;32m  OK  [0m] Listening on Journal Socket (/dev/log).
         Starting Create list of required stâ€¦ce nodes for the current kernel...
[[0;32m  OK  [0m] Started Dispatch Password Requests to Console Directory Watch.
[[0;32m  OK  [0m] Reached target Encrypted Volumes.
[[0;32m  OK  [0m] Reached target Paths.
[[0;32m  OK  [0m] Listening on /dev/initctl Compatibility Named Pipe.
         Mounting POSIX Message Queue File System...
[[0;32m  OK  [0m] Created slice User and Session Slice.
[[0;32m  OK  [0m] Reached target Slices.
[[0;32m  OK  [0m] Listening on udev Control Socket.
[[0;32m  OK  [0m] Listening on Journal Audit Socket.
         Starting Journal Service...
[[0;32m  OK  [0m] Mounted POSIX Message Queue File System.
[[0;32m  OK  [0m] Mounted Debug File System.
[[0;32m  OK  [0m] Started Remount Root and Kernel File Systems.
[[0;32m  OK  [0m] Started Load Kernel Modules.
[[0;32m  OK  [0m] Started Create list of required staâ€¦vice nodes for the current kernel.
         Starting Create Static Device Nodes in /dev...
         Mounting Configuration File System...
         Starting Apply Kernel Variables...
         Starting udev Coldplug all Devices...
         Starting Load/Save Random Seed...
[[0;32m  OK  [0m] Mounted Configuration File System.
[[0;32m  OK  [0m] Started Apply Kernel Variables.
[[0;32m  OK  [0m] Started Load/Save Random Seed.
[[0;32m  OK  [0m] Started Create Static Device Nodes in /dev.
[[0;32m  OK  [0m] Reached target Local File Systems (Pre).
[[0;32m  OK  [0m] Reached target Local File Systems.
         Starting Raise network interfaces...
         Starting udev Kernel Device Manager...
[[0;32m  OK  [0m] Started Journal Service.
         Starting Flush Journal to Persistent Storage...
[   11.717953] systemd-journald[88]: Received request to flush runtime journal from PID 1
[[0;32m  OK  [0m] Started Flush Journal to Persistent Storage.
         Starting Create Volatile Files and Directories...
[[0;32m  OK  [0m] Started udev Kernel Device Manager.
[[0;32m  OK  [0m] Started Create Volatile Files and Directories.
         Starting Network Time Synchronization...
         Starting Update UTMP about System Boot/Shutdown...
[[0;32m  OK  [0m] Started Update UTMP about System Boot/Shutdown.
[[0;32m  OK  [0m] Started udev Coldplug all Devices.
[[0;32m  OK  [0m] Started Network Time Synchronization.
[[0;32m  OK  [0m] Reached target System Time Synchronized.
[[0;32m  OK  [0m] Reached target System Initialization.
[[0;32m  OK  [0m] Started Daily apt download activities.
[[0;32m  OK  [0m] Started Daily Cleanup of Temporary Directories.
[[0;32m  OK  [0m] Listening on Avahi mDNS/DNS-SD Stack Activation Socket.
[[0;32m  OK  [0m] Listening on D-Bus System Message Bus Socket.
[[0;32m  OK  [0m] Reached target Sockets.
[[0;32m  OK  [0m] Reached target Basic System.
[   14.977418] remoteproc remoteproc0: wkup_m3 is available
         Starting LSB: Start busybox udhcpd at boot time...
[   15.213691] wkup_m3_ipc 44e11324.wkup_m3_ipc: IPC Request for A8->M3 Channel failed! -517
[   15.275909] at24 2-0054: supply vcc not found, using dummy regulator
[[0;32m  OK  [0m] Started Regular background program processing daemon.
[   15.453914] at24 2-0055: supply vcc not found, using dummy regulator
         Starting LSB: Load kernel modules needed to enable cpufreq scaling...
[   15.638063] at24 2-0056: supply vcc not found, using dummy regulator
         Starting System Logging Service...
[   15.773314] at24 2-0057: supply vcc not found, using dummy regulator
         Starting DUN service...
[   15.906669] tps6521x_pwrbutton tps65217-pwrbutton: DMA mask not set
[   15.919931] at24 0-0050: 32768 byte 24c256 EEPROM, writable, 1 bytes/write
[   15.930809] wkup_m3_ipc 44e11324.wkup_m3_ipc: IPC Request for A8->M3 Channel failed! -517
         Starting Cape Manager Service...
[   16.053734] input: tps65217_pwrbutton as /devices/platform/ocp/44c00000.interconnect/44c00000.interconnect:segment@200000/44e0b000.target-module/44e0b000.i2c/i2c-0/0-0024/tps65217-pwrbutton/input/input0
[   16.075201] wkup_m3_ipc 44e11324.wkup_m3_ipc: IPC Request for A8->M3 Channel failed! -517
         Starting Login Service...
[   16.222450] omap_rtc 44e3e000.rtc: registered as rtc0
[   16.227632] omap_rtc 44e3e000.rtc: setting system clock to 2000-01-01T00:00:00 UTC (946684800)
[   16.238322] wkup_m3_ipc 44e11324.wkup_m3_ipc: IPC Request for A8->M3 Channel failed! -517
         Starting Avahi mDNS/DNS-SD Stack...
[   16.404030] wkup_m3_ipc 44e11324.wkup_m3_ipc: IPC Request for A8->M3 Channel failed! -517
         Starting Telephony service...
[[0;32m  OK  [0m] Started D-Bus System Message Bus.
[   16.643588] omap_wdt: OMAP Watchdog Timer Rev 0x01: initial timeout 60 sec
[   16.664386] wkup_m3_ipc 44e11324.wkup_m3_ipc: IPC Request for A8->M3 Channel failed! -517
[   16.768556] am335x-phy-driver 47401300.usb-phy: dummy supplies not allowed for exclusive requests (id=vbus)
[   17.167274] usbcore: registered new interface driver usbfs
[   17.173182] usbcore: registered new interface driver hub
[   17.178652] usbcore: registered new device driver usb
[   17.321748] am335x-phy-driver 47401b00.usb-phy: dummy supplies not allowed for exclusive requests (id=vbus)
[   17.332911] wkup_m3_ipc 44e11324.wkup_m3_ipc: IPC Request for A8->M3 Channel failed! -517
[   17.388440] tda998x 0-0070: found TDA19988
[   17.494563] wkup_m3_ipc 44e11324.wkup_m3_ipc: IPC Request for A8->M3 Channel failed! -517
[   17.662420] wkup_m3_ipc 44e11324.wkup_m3_ipc: IPC Request for A8->M3 Channel failed! -517
[   18.222283] wkup_m3_ipc 44e11324.wkup_m3_ipc: IPC Request for A8->M3 Channel failed! -517
[   18.249084] omap-mailbox 480c8000.mailbox: omap mailbox rev 0x400
[   18.315774] remoteproc remoteproc0: powering up wkup_m3
[   18.369149] musb-hdrc musb-hdrc.1: MUSB HDRC host driver
[   18.374792] musb-hdrc musb-hdrc.1: new USB bus registered, assigned bus number 1
[   18.488888] remoteproc remoteproc0: Direct firmware load for am335x-pm-firmware.elf failed with error -2
[   18.498809] remoteproc remoteproc0: request_firmware failed: -2
[   18.504836] wkup_m3_ipc 44e11324.wkup_m3_ipc: rproc_boot failed
[   18.653693] usb usb1: New USB device found, idVendor=1d6b, idProduct=0002, bcdDevice= 6.12
[   18.662223] usb usb1: New USB device strings: Mfr=3, Product=2, SerialNumber=1
[   18.669493] usb usb1: Product: MUSB HDRC host driver
[   18.674548] usb usb1: Manufacturer: Linux 6.12.0-next-20241119 musb-hcd
[   18.681201] usb usb1: SerialNumber: musb-hdrc.1
[   19.106776] hub 1-0:1.0: USB hub found
[   19.182085] hub 1-0:1.0: 1 port detected
[   20.602633] tilcdc 4830e000.lcdc: bound 0-0070 (ops tda998x_driver_exit [tda998x])
[   20.646077] omap_rng 48310000.rng: Random Number Generator ver. 20
[   20.685623] [drm] Initialized tilcdc 1.0.0 for 4830e000.lcdc on minor 0
[   20.763873] tilcdc 4830e000.lcdc: [drm] Cannot find any crtc or sizes
[   20.844316] tilcdc 4830e000.lcdc: [drm] Cannot find any crtc or sizes
[[0;32m  OK  [0m] Started Avahi mDNS/DNS-SD Stack.
[[0;32m  OK  [0m] Started DUN service.
[[0;32m  OK  [0m] Started Telephony service.
         Starting Connection service...
[[0;32m  OK  [0m] Started Daily apt upgrade and clean activities.
[[0;32m  OK  [0m] Reached target Timers.
         Starting Generic Board Startup...
[[0;32m  OK  [0m] Started System Logging Service.
[[0;32m  OK  [0m] Started Cape Manager Service.
[   21.735041] omap-sham 53100000.sham: hw accel on OMAP rev 4.3
[   21.754781] PM: Cannot get wkup_m3_ipc handle
[   21.847690] omap-sham 53100000.sham: will run requests pump with realtime priority
[   21.864463] PM: Cannot get wkup_m3_ipc handle
[   22.014483] omap-aes 53500000.aes: OMAP AES hw accel rev: 3.2
[   22.137000] omap-aes 53500000.aes: will run requests pump with realtime priority
[   22.157072] PM: Cannot get wkup_m3_ipc handle
[[0;32m  OK  [0m] Found device /dev/ttyS0.
[   22.914523] Bluetooth: Core ver 2.22
[   22.918353] NET: Registered PF_BLUETOOTH protocol family
[   22.923900] Bluetooth: HCI device and connection manager initialized
[   22.930324] Bluetooth: HCI socket layer initialized
[   22.935310] Bluetooth: L2CAP socket layer initialized
[   22.940430] Bluetooth: SCO socket layer initialized
[   25.214899] PM: Cannot get wkup_m3_ipc handle
[   25.340117] PM: Cannot get wkup_m3_ipc handle
[[0;32m  OK  [0m] Started LSB: Start busybox udhcpd at boot time.
[[0;32m  OK  [0m] Started Raise network interfaces.
[[0;32m  OK  [0m] Started LSB: Load kernel modules needed to enable cpufreq scaling.
[   29.161723] configfs-gadget.g_multi gadget.0: HOST MAC 1c:ba:8c:a2:ed:6c
[   29.168505] configfs-gadget.g_multi gadget.0: MAC 1c:ba:8c:a2:ed:70
[   29.175909] configfs-gadget.g_multi gadget.0: HOST MAC 1c:ba:8c:a2:ed:6c
[   29.182798] configfs-gadget.g_multi gadget.0: MAC 1c:ba:8c:a2:ed:6d
[   29.191023] PM: Cannot get wkup_m3_ipc handle
[[0;32m  OK  [0m] Started Connection service.
[[0;32m  OK  [0m] Started Login Service.
[[0;32m  OK  [0m] Reached target Sound Card.
         Starting LSB: set CPUFreq kernel parameters...
[[0;32m  OK  [0m] Reached target Network.
         Starting Permit User Sessions...
         Starting OpenBSD Secure Shell server...
         Starting The Apache HTTP Server...
[[0;32m  OK  [0m] Reached target Network is Online.
         Starting LSB: Advanced IEEE 802.11 management daemon...
[[0;32m  OK  [0m] Started Permit User Sessions.
[[0;32m  OK  [0m] Started LSB: Advanced IEEE 802.11 management daemon.
         Starting Hostname Service...
         Starting WPA supplicant...
[[0;32m  OK  [0m] Started Serial Getty on ttyS0.
[[0;32m  OK  [0m] Started Getty on tty1.
[[0;32m  OK  [0m] Reached target Login Prompts.
[[0;32m  OK  [0m] Started LSB: set CPUFreq kernel parameters.
[[0;32m  OK  [0m] Started WPA supplicant.
[[0;32m  OK  [0m] Started Hostname Service.
[[0;32m  OK  [0m] Started OpenBSD Secure Shell server.
         Stopping LSB: Start busybox udhcpd at boot time...
[[0;32m  OK  [0m] Stopped LSB: Start busybox udhcpd at boot time.
[[0;32m  OK  [0m] Started The Apache HTTP Server.
         Starting dnsmasq - A lightweight DHCP and caching DNS server...
[[0;32m  OK  [0m] Started dnsmasq - A lightweight DHCP and caching DNS server.
[[0;32m  OK  [0m] Reached target Host and Network Name Lookups.
[[0;32m  OK  [0m] Started Serial Getty on ttyGS0.
[[0;32m  OK  [0m] Started Generic Board Startup.
[[0;32m  OK  [0m] Reached target Multi-User System.
[[0;32m  OK  [0m] Reached target Graphical Interface.
         Starting Update UTMP about System Runlevel Changes...
[[0;32m  OK  [0m] Started Update UTMP about System Runlevel Changes.

Debian GNU/Linux 9 arm ttyS0

default username:password is [debian:temppwd]

arm login: root
Password: 
Last login: Sat Dec  9 19:10:30 UTC 2017 on ttyS0
root
Linux arm 6.12.0-next-20241119 #140 SMP Tue Nov 19 08:28:35 EET 2024 armv7l

The programs included with the Debian GNU/Linux system are free software;
the exact distribution terms for each program are described in the
individual files in /usr/share/doc/*/copyright.

Debian GNU/Linux comes with ABSOLUTELY NO WARRANTY, to the extent
permitted by applicable law.
root@arm:~# root
-bash: root: command not found
root@arm:~# dmesg -n 1
echo 'CWJA''QFPWHS'
root@arm:~# echo 'CWJA''QFPWHS'
CWJAQFPWHS
root@arm:~# run() { echo -n "$MARKER"; sh -c "$@"; echo "$MARKER $?"; }
root@arm:~# echo 'VKOK''OXBUSX'
VKOKOXBUSX
root@arm:~# MARKER='NSZN''WHWSOT' run 'cat /proc/version'
NSZNWHWSOTLinux version 6.12.0-next-20241119 (user01@drvtest01) (arm-linux-gnueabihf-gcc (Linaro GCC 6.4-2017.11) 6.4.1 20171012, GNU ld (Linaro_Binutils-2017.11) 2.27.0.20161229) #140 SMP Tue Nov 19 08:28:35 EET 2024
NSZNWHWSOT 0
root@arm:~# echo 'YKWK''EBHJBX'
YKWKEBHJBX
root@arm:~# MARKER='VZOB''OGVXEC' run false
VZOBOGVXECVZOBOGVXEC 1
root@arm:~# Labgrid Console Logfile for main
Logfile started at 2024-11-19 08:30:21.126027
=== Log starts here ===

root@arm:~# run() { echo -n "$MARKER"; sh -c "$@"; echo "$MARKER $?"; }
root@arm:~# echo 'MNZE''XUCPUV'
MNZEXUCPUV
root@arm:~# MARKER='VJHX''XEOGOL' run dmesg
VJHXXEOGOL[    0.000000] Booting Linux on physical CPU 0x0
[    0.000000] Linux version 6.12.0-next-20241119 (user01@drvtest01) (arm-linux-gnueabihf-gcc (Linaro GCC 6.4-2017.11) 6.4.1 20171012, GNU ld (Linaro_Binutils-2017.11) 2.27.0.20161229) #140 SMP Tue Nov 19 08:28:35 EET 2024
[    0.000000] CPU: ARMv7 Processor [413fc082] revision 2 (ARMv7), cr=10c5387d
[    0.000000] CPU: PIPT / VIPT nonaliasing data cache, VIPT aliasing instruction cache
[    0.000000] OF: fdt: Machine model: TI AM335x BeagleBone Black
[    0.000000] Memory policy: Data cache writeback
[    0.000000] cma: Reserved 16 MiB at 0x9e800000 on node -1
[    0.000000] Zone ranges:
[    0.000000]   Normal   [mem 0x0000000080000000-0x000000009fdfffff]
[    0.000000]   HighMem  empty
[    0.000000] Movable zone start for each node
[    0.000000] Early memory node ranges
[    0.000000]   node   0: [mem 0x0000000080000000-0x000000009fdfffff]
[    0.000000] Initmem setup node 0 [mem 0x0000000080000000-0x000000009fdfffff]
[    0.000000] OF: reserved mem: Reserved memory: No reserved-memory node in the DT
[    0.000000] CPU: All CPU(s) started in SVC mode.
[    0.000000] AM335X ES2.1 (sgx neon)
[    0.000000] percpu: Embedded 17 pages/cpu s39564 r8192 d21876 u69632
[    0.000000] pcpu-alloc: s39564 r8192 d21876 u69632 alloc=17*4096
[    0.000000] pcpu-alloc: [0] 0 
[    0.000000] Kernel command line: console=ttyO0,115200n8 root=/dev/nfs rw nfsroot=192.168.255.126:/home/user01/nfs,nfsvers=3 ip=192.168.255.1:192.168.255.126::255.255.255.0:bbb1:eth0 nfsrootdebug
[    0.000000] Unknown kernel command line parameters "nfsrootdebug", will be passed to user space.
[    0.000000] printk: log buffer data + meta data: 65536 + 204800 = 270336 bytes
[    0.000000] Dentry cache hash table entries: 65536 (order: 6, 262144 bytes, linear)
[    0.000000] Inode-cache hash table entries: 32768 (order: 5, 131072 bytes, linear)
[    0.000000] Built 1 zonelists, mobility grouping on.  Total pages: 130560
[    0.000000] mem auto-init: stack:off, heap alloc:off, heap free:off
[    0.000000] SLUB: HWalign=64, Order=0-3, MinObjects=0, CPUs=1, Nodes=1
[    0.000000] trace event string verifier disabled
[    0.000000] rcu: Hierarchical RCU implementation.
[    0.000000] rcu: 	RCU event tracing is enabled.
[    0.000000] rcu: 	RCU restricting CPUs from NR_CPUS=2 to nr_cpu_ids=1.
[    0.000000] 	Tracing variant of Tasks RCU enabled.
[    0.000000] rcu: RCU calculated value of scheduler-enlistment delay is 10 jiffies.
[    0.000000] rcu: Adjusting geometry for rcu_fanout_leaf=16, nr_cpu_ids=1
[    0.000000] RCU Tasks Trace: Setting shift to 0 and lim to 1 rcu_task_cb_adjust=1 rcu_task_cpu_ids=1.
[    0.000000] NR_IRQS: 16, nr_irqs: 16, preallocated irqs: 16
[    0.000000] IRQ: Found an INTC at 0x(ptrval) (revision 5.0) with 128 interrupts
[    0.000000] rcu: srcu_init: Setting srcu_struct sizes based on contention.
[    0.000000] TI gptimer clocksource: always-on /ocp/interconnect@44c00000/segment@200000/target-module@31000
[    0.000002] sched_clock: 32 bits at 24MHz, resolution 41ns, wraps every 89478484971ns
[    0.000026] clocksource: dmtimer: mask: 0xffffffff max_cycles: 0xffffffff, max_idle_ns: 79635851949 ns
[    0.000507] TI gptimer clockevent: 24000000 Hz at /ocp/interconnect@48000000/segment@0/target-module@40000
[    0.002153] Console: colour dummy device 80x30
[    0.002216] WARNING: Your 'console=ttyO0' has been replaced by 'ttyS0'
[    0.002225] This ensures that you still see kernel messages. Please
[    0.002229] update your kernel commandline.
[    0.002272] Calibrating delay loop... 996.14 BogoMIPS (lpj=4980736)
[    0.090555] CPU: Testing write buffer coherency: ok
[    0.090671] CPU0: Spectre v2: using BPIALL workaround
[    0.090682] pid_max: default: 32768 minimum: 301
[    0.090810] LSM: initializing lsm=capability
[    0.090983] Mount-cache hash table entries: 1024 (order: 0, 4096 bytes, linear)
[    0.091004] Mountpoint-cache hash table entries: 1024 (order: 0, 4096 bytes, linear)
[    0.092672] CPU0: thread -1, cpu 0, socket -1, mpidr 0
[    0.160938] Setting up static identity map for 0x80100000 - 0x80100078
[    0.170715] rcu: Hierarchical SRCU implementation.
[    0.170727] rcu: 	Max phase no-delay instances is 1000.
[    0.190770] smp: Bringing up secondary CPUs ...
[    0.190830] smp: Brought up 1 node, 1 CPU
[    0.190846] SMP: Total of 1 processors activated (996.14 BogoMIPS).
[    0.190858] CPU: All CPU(s) started in SVC mode.
[    0.191051] Memory: 480840K/522240K available (11264K kernel code, 1213K rwdata, 2896K rodata, 1024K init, 297K bss, 23388K reserved, 16384K cma-reserved, 0K highmem)
[    0.191928] devtmpfs: initialized
[    0.209136] VFP support v0.3: implementor 41 architecture 3 part 30 variant c rev 3
[    0.209492] clocksource: jiffies: mask: 0xffffffff max_cycles: 0xffffffff, max_idle_ns: 19112604462750000 ns
[    0.209526] futex hash table entries: 256 (order: 2, 16384 bytes, linear)
[    0.211042] pinctrl core: initialized pinctrl subsystem
[    0.213892] NET: Registered PF_NETLINK/PF_ROUTE protocol family
[    0.216719] DMA: preallocated 256 KiB pool for atomic coherent allocations
[    0.217640] audit: initializing netlink subsys (disabled)
[    0.219089] thermal_sys: Registered thermal governor 'fair_share'
[    0.219107] thermal_sys: Registered thermal governor 'step_wise'
[    0.219116] thermal_sys: Registered thermal governor 'user_space'
[    0.219266] audit: type=2000 audit(0.210:1): state=initialized audit_enabled=0 res=1
[    0.219304] cpuidle: using governor menu
[    0.237771] /ocp/interconnect@44c00000/segment@200000/target-module@b000/i2c@0/tda19988@70: Fixed dependency cycle(s) with /ocp/interconnect@48000000/segment@300000/target-module@e000/lcdc@0
[    0.238934] /ocp/interconnect@48000000/segment@300000/target-module@e000/lcdc@0: Fixed dependency cycle(s) with /ocp/interconnect@44c00000/segment@200000/target-module@b000/i2c@0/tda19988@70
[    0.241358] No ATAGs?
[    0.241381] hw-breakpoint: debug architecture 0x4 unsupported.
[    0.244150] kprobes: kprobe jump-optimization is enabled. All kprobes are optimized if possible.
[    0.254216] iommu: Default domain type: Translated
[    0.254240] iommu: DMA domain TLB invalidation policy: strict mode
[    0.261302] reg-fixed-voltage fixedregulator0: using DT '/fixedregulator0' for '(default)' GPIO lookup
[    0.261358] of_get_named_gpiod_flags: can't parse 'gpios' property of node '/fixedregulator0[0]'
[    0.261387] of_get_named_gpiod_flags: can't parse 'gpio' property of node '/fixedregulator0[0]'
[    0.261405] reg-fixed-voltage fixedregulator0: using lookup tables for GPIO lookup
[    0.261416] reg-fixed-voltage fixedregulator0: No GPIO consumer (default) found
[    0.262470] SCSI subsystem initialized
[    0.262980] libata version 3.00 loaded.
[    0.263340] pps_core: LinuxPPS API ver. 1 registered
[    0.263350] pps_core: Software ver. 5.3.6 - Copyright 2005-2007 Rodolfo Giometti <giometti@linux.it>
[    0.263376] PTP clock support registered
[    0.270911] vgaarb: loaded
[    0.271337] clocksource: Switched to clocksource dmtimer
[    0.272002] VFS: Disk quotas dquot_6.6.0
[    0.272046] VFS: Dquot-cache hash table entries: 1024 (order 0, 4096 bytes)
[    0.296520] NET: Registered PF_INET protocol family
[    0.296877] IP idents hash table entries: 8192 (order: 4, 65536 bytes, linear)
[    0.298299] tcp_listen_portaddr_hash hash table entries: 512 (order: 0, 4096 bytes, linear)
[    0.298337] Table-perturb hash table entries: 65536 (order: 6, 262144 bytes, linear)
[    0.298354] TCP established hash table entries: 4096 (order: 2, 16384 bytes, linear)
[    0.298398] TCP bind hash table entries: 4096 (order: 4, 65536 bytes, linear)
[    0.298497] TCP: Hash tables configured (established 4096 bind 4096)
[    0.298618] UDP hash table entries: 256 (order: 1, 14336 bytes, linear)
[    0.298653] UDP-Lite hash table entries: 256 (order: 1, 14336 bytes, linear)
[    0.298832] NET: Registered PF_UNIX/PF_LOCAL protocol family
[    0.302264] RPC: Registered named UNIX socket transport module.
[    0.302288] RPC: Registered udp transport module.
[    0.302294] RPC: Registered tcp transport module.
[    0.302299] RPC: Registered tcp-with-tls transport module.
[    0.302304] RPC: Registered tcp NFSv4.1 backchannel transport module.
[    0.302330] PCI: CLS 0 bytes, default 64
[    0.303831] Initialise system trusted keyrings
[    0.311784] workingset: timestamp_bits=14 max_order=17 bucket_order=3
[    0.313127] NFS: Registering the id_resolver key type
[    0.313222] Key type id_resolver registered
[    0.313229] Key type id_legacy registered
[    0.313279] jffs2: version 2.2. (NAND) (SUMMARY)  Â© 2001-2006 Red Hat, Inc.
[    0.313684] Key type asymmetric registered
[    0.313701] Asymmetric key parser 'x509' registered
[    0.313768] io scheduler mq-deadline registered
[    0.313780] io scheduler kyber registered
[    0.313853] io scheduler bfq registered
[    0.315498] ledtrig-cpu: registered to indicate activity on CPUs
[    0.322213] Serial: 8250/16550 driver, 6 ports, IRQ sharing enabled
[    0.373104] brd: module loaded
[    0.386418] loop: module loaded
[    0.387361] mtdoops: mtd device (mtddev=name/number) must be supplied
[    0.400996] mdio_bus fixed-0: using lookup tables for GPIO lookup
[    0.401024] mdio_bus fixed-0: No GPIO consumer reset found
[    0.402554] i2c_dev: i2c /dev entries driver
[    0.403548] cpuidle: enable-method property 'ti,am3352' found operations
[    0.404008] sdhci: Secure Digital Host Controller Interface driver
[    0.404018] sdhci: Copyright(c) Pierre Ossman
[    0.404192] sdhci-pltfm: SDHCI platform and OF driver helper
[    0.405196] Initializing XFRM netlink socket
[    0.405343] NET: Registered PF_INET6 protocol family
[    0.407423] Segment Routing with IPv6
[    0.407516] In-situ OAM (IOAM) with IPv6
[    0.407615] sit: IPv6, IPv4 and MPLS over IPv4 tunneling driver
[    0.408573] NET: Registered PF_PACKET protocol family
[    0.408612] NET: Registered PF_KEY protocol family
[    0.408765] Key type dns_resolver registered
[    0.409043] ThumbEE CPU extension supported.
[    0.409067] Registering SWP/SWPB emulation handler
[    0.409609] omap_voltage_late_init: Voltage driver support not added
[    0.409966] SmartReflex Class3 initialized
[    0.443980] Loading compiled-in X.509 certificates
[    0.493120] /ocp/interconnect@44c00000/segment@200000/target-module@b000/i2c@0/tda19988@70: Fixed dependency cycle(s) with /ocp/interconnect@48000000/segment@300000/target-module@e000/lcdc@0
[    0.499581] /ocp/interconnect@44c00000/segment@200000/target-module@b000/i2c@0/tda19988@70: Fixed dependency cycle(s) with /ocp/interconnect@48000000/segment@300000/target-module@e000/lcdc@0
[    0.505360] gpiochip_find_base_unlocked: found new base at 512
[    0.544073] /ocp/interconnect@44c00000/segment@200000/target-module@b000/i2c@0/tda19988@70: Fixed dependency cycle(s) with /ocp/interconnect@48000000/segment@300000/target-module@e000/lcdc@0
[    0.544960] /ocp/interconnect@44c00000/segment@200000/target-module@b000/i2c@0/tda19988@70: Fixed dependency cycle(s) with /ocp/interconnect@48000000/segment@300000/target-module@e000/lcdc@0
[    0.548410] /ocp/interconnect@44c00000/segment@200000/target-module@10000/scm@0/pinmux@800: Fixed dependency cycle(s) with /ocp/interconnect@44c00000/segment@200000/target-module@10000/scm@0/pinmux@800/clkout2-pins
[    0.549081] pinctrl-single 44e10800.pinmux: 142 pins, size 568
[    0.554565] ti-sysc 44e31000.target-module: probe with driver ti-sysc failed with error -16
[    0.582671] /ocp/interconnect@48000000/segment@300000/target-module@e000/lcdc@0: Fixed dependency cycle(s) with /ocp/interconnect@44c00000/segment@200000/target-module@b000/i2c@0/tda19988@70
[    0.590567] ti-sysc 48040000.target-module: probe with driver ti-sysc failed with error -16
[    0.602040] gpiochip_find_base_unlocked: found new base at 512
[    0.602139] gpio gpiochip0: (gpio-0-31): created GPIO range 0->7 ==> 44e10800.pinmux PIN 0->7
[    0.602159] gpio gpiochip0: (gpio-0-31): created GPIO range 8->11 ==> 44e10800.pinmux PIN 90->93
[    0.602175] gpio gpiochip0: (gpio-0-31): created GPIO range 12->27 ==> 44e10800.pinmux PIN 12->27
[    0.602190] gpio gpiochip0: (gpio-0-31): created GPIO range 28->31 ==> 44e10800.pinmux PIN 30->33
[    0.655231] gpio gpiochip0: (gpio-0-31): added GPIO chardev (254:0)
[    0.655377] gpio gpiochip0: registered GPIOs 512 to 543 on gpio-0-31
[    0.655462] OMAP GPIO hardware version 0.1
[    0.672628] i2c i2c-2: using DT '/ocp/interconnect@48000000/segment@100000/target-module@9c000/i2c@0' for 'scl' GPIO lookup
[    0.672703] of_get_named_gpiod_flags: can't parse 'scl-gpios' property of node '/ocp/interconnect@48000000/segment@100000/target-module@9c000/i2c@0[0]'
[    0.672748] of_get_named_gpiod_flags: can't parse 'scl-gpio' property of node '/ocp/interconnect@48000000/segment@100000/target-module@9c000/i2c@0[0]'
[    0.672785] i2c i2c-2: using lookup tables for GPIO lookup
[    0.672795] i2c i2c-2: No GPIO consumer scl found
[    0.672817] i2c i2c-2: using DT '/ocp/interconnect@48000000/segment@100000/target-module@9c000/i2c@0' for 'sda' GPIO lookup
[    0.672854] of_get_named_gpiod_flags: can't parse 'sda-gpios' property of node '/ocp/interconnect@48000000/segment@100000/target-module@9c000/i2c@0[0]'
[    0.672892] of_get_named_gpiod_flags: can't parse 'sda-gpio' property of node '/ocp/interconnect@48000000/segment@100000/target-module@9c000/i2c@0[0]'
[    0.672924] i2c i2c-2: using lookup tables for GPIO lookup
[    0.672932] i2c i2c-2: No GPIO consumer sda found
[    0.673674] omap_i2c 4819c000.i2c: bus 2 rev0.11 at 100 kHz
[    0.679159] gpiochip_find_base_unlocked: found new base at 544
[    0.679256] gpio gpiochip1: (gpio-32-63): created GPIO range 0->17 ==> 44e10800.pinmux PIN 34->51
[    0.679275] gpio gpiochip1: (gpio-32-63): created GPIO range 18->21 ==> 44e10800.pinmux PIN 77->80
[    0.679291] gpio gpiochip1: (gpio-32-63): created GPIO range 22->31 ==> 44e10800.pinmux PIN 56->65
[    0.693129] gpio gpiochip1: (gpio-32-63): added GPIO chardev (254:1)
[    0.693284] gpio gpiochip1: registered GPIOs 544 to 575 on gpio-32-63
[    0.695550] gpiochip_find_base_unlocked: found new base at 576
[    0.695641] gpio gpiochip2: (gpio-64-95): created GPIO range 0->4 ==> 44e10800.pinmux PIN 66->70
[    0.695661] gpio gpiochip2: (gpio-64-95): created GPIO range 5->6 ==> 44e10800.pinmux PIN 98->99
[    0.695676] gpio gpiochip2: (gpio-64-95): created GPIO range 7->8 ==> 44e10800.pinmux PIN 75->76
[    0.695691] gpio gpiochip2: (gpio-64-95): created GPIO range 13->13 ==> 44e10800.pinmux PIN 141->141
[    0.695708] gpio gpiochip2: (gpio-64-95): created GPIO range 14->21 ==> 44e10800.pinmux PIN 100->107
[    0.696381] gpio gpiochip2: (gpio-64-95): added GPIO chardev (254:2)
[    0.696516] gpio gpiochip2: registered GPIOs 576 to 607 on gpio-64-95
[    0.702319] 48000000.interconnect:segment@200000:target-module@0:mpu@0:fck: device ID is greater than 24
[    0.703239] /ocp/interconnect@48000000/segment@300000/target-module@e000/lcdc@0: Fixed dependency cycle(s) with /ocp/interconnect@44c00000/segment@200000/target-module@b000/i2c@0/tda19988@70
[    0.706045] /ocp/interconnect@48000000/segment@300000/target-module@e000/lcdc@0: Fixed dependency cycle(s) with /ocp/interconnect@44c00000/segment@200000/target-module@b000/i2c@0/tda19988@70
[    0.706758] /ocp/interconnect@44c00000/segment@200000/target-module@b000/i2c@0/tda19988@70: Fixed dependency cycle(s) with /ocp/interconnect@48000000/segment@300000/target-module@e000/lcdc@0
[    0.706916] /ocp/interconnect@48000000/segment@300000/target-module@e000/lcdc@0: Fixed dependency cycle(s) with /ocp/interconnect@44c00000/segment@200000/target-module@b000/i2c@0/tda19988@70
[    0.716645] mdio_bus 4a101000.mdio: using DT '/ocp/interconnect@4a000000/segment@0/target-module@100000/switch@0/mdio@1000' for 'reset' GPIO lookup
[    0.716720] of_get_named_gpiod_flags: can't parse 'reset-gpios' property of node '/ocp/interconnect@4a000000/segment@0/target-module@100000/switch@0/mdio@1000[0]'
[    0.716768] of_get_named_gpiod_flags: can't parse 'reset-gpio' property of node '/ocp/interconnect@4a000000/segment@0/target-module@100000/switch@0/mdio@1000[0]'
[    0.716816] mdio_bus 4a101000.mdio: using lookup tables for GPIO lookup
[    0.716827] mdio_bus 4a101000.mdio: No GPIO consumer reset found
[    0.718398] sdhci-omap 481d8000.mmc: using DT '/ocp/interconnect@48000000/segment@100000/target-module@d8000/mmc@0' for 'wp' GPIO lookup
[    0.718481] of_get_named_gpiod_flags: can't parse 'wp-gpios' property of node '/ocp/interconnect@48000000/segment@100000/target-module@d8000/mmc@0[0]'
[    0.718528] of_get_named_gpiod_flags: can't parse 'wp-gpio' property of node '/ocp/interconnect@48000000/segment@100000/target-module@d8000/mmc@0[0]'
[    0.718563] sdhci-omap 481d8000.mmc: using lookup tables for GPIO lookup
[    0.718573] sdhci-omap 481d8000.mmc: No GPIO consumer wp found
[    0.718770] sdhci-omap 481d8000.mmc: supply pbias not found, using dummy regulator
[    0.719277] sdhci-omap 481d8000.mmc: supply vqmmc not found, using dummy regulator
[    0.775687] davinci_mdio 4a101000.mdio: davinci mdio revision 1.6, bus freq 1000000
[    0.796073] mdio_bus 4a101000.mdio:00: using DT '/ocp/interconnect@4a000000/segment@0/target-module@100000/switch@0/mdio@1000/ethernet-phy@0' for 'reset' GPIO lookup
[    0.796174] of_get_named_gpiod_flags: parsed 'reset-gpios' property of node '/ocp/interconnect@4a000000/segment@0/target-module@100000/switch@0/mdio@1000/ethernet-phy@0[0]' - status (0)
[    0.796339] gpio gpiochip0: Persistence not supported for GPIO 8
[    0.930310] davinci_mdio 4a101000.mdio: phy[0]: device 4a101000.mdio:00, driver SMSC LAN8710/LAN8720
[    0.931100] cpsw-switch 4a100000.switch: initialized cpsw ale version 1.4
[    0.931122] cpsw-switch 4a100000.switch: ALE Table size 1024, Policers 0
[    0.943083] cpsw-switch 4a100000.switch: cpts: overflow check period 500 (jiffies)
[    0.943108] cpsw-switch 4a100000.switch: CPTS: ref_clk_freq:250000000 calc_mult:2147483648 calc_shift:29 error:0 nsec/sec
[    0.943223] cpsw-switch 4a100000.switch: Detected MACID = 6c:ec:eb:68:de:78
[    0.945051] cpsw-switch 4a100000.switch: initialized (regs 0x4a100000, pool size 256) hw_ver:0019010C 1.12 (0)
[    0.956134] debugfs: Directory '49000000.dma' with parent 'dmaengine' already present!
[    0.956176] edma 49000000.dma: TI EDMA DMA engine driver
[    1.008811] target-module@4b000000:target-module@140000:pmu@0:fck: device ID is greater than 24
[    1.026574] hw perfevents: enabled with armv7_cortex_a8 PMU driver, 5 (8000000f) counters available
[    1.027495] gpio-clk clk_mcasp0: using DT '/clk_mcasp0' for 'enable' GPIO lookup
[    1.027568] of_get_named_gpiod_flags: parsed 'enable-gpios' property of node '/clk_mcasp0[0]' - status (0)
[    1.027614] gpio gpiochip0: Persistence not supported for GPIO 27
[    1.028438] gpiochip_find_base_unlocked: found new base at 608
[    1.028542] gpio gpiochip3: (gpio-96-127): created GPIO range 0->7 ==> 44e10800.pinmux PIN 82->89
[    1.028562] gpio gpiochip3: (gpio-96-127): created GPIO range 8->11 ==> 44e10800.pinmux PIN 52->55
[    1.028578] gpio gpiochip3: (gpio-96-127): created GPIO range 12->15 ==> 44e10800.pinmux PIN 94->97
[    1.028594] gpio gpiochip3: (gpio-96-127): created GPIO range 16->17 ==> 44e10800.pinmux PIN 71->72
[    1.028609] gpio gpiochip3: (gpio-96-127): created GPIO range 18->18 ==> 44e10800.pinmux PIN 135->135
[    1.028625] gpio gpiochip3: (gpio-96-127): created GPIO range 19->20 ==> 44e10800.pinmux PIN 108->109
[    1.028642] gpio gpiochip3: (gpio-96-127): created GPIO range 21->21 ==> 44e10800.pinmux PIN 73->73
[    1.028659] gpio gpiochip3: (gpio-96-127): created GPIO range 22->23 ==> 44e10800.pinmux PIN 8->9
[    1.028676] gpio gpiochip3: (gpio-96-127): created GPIO range 26->27 ==> 44e10800.pinmux PIN 10->11
[    1.028693] gpio gpiochip3: (gpio-96-127): created GPIO range 28->28 ==> 44e10800.pinmux PIN 74->74
[    1.028711] gpio gpiochip3: (gpio-96-127): created GPIO range 29->29 ==> 44e10800.pinmux PIN 81->81
[    1.028730] gpio gpiochip3: (gpio-96-127): created GPIO range 30->31 ==> 44e10800.pinmux PIN 28->29
[    1.034312] l3-aon-clkctrl:0000:0: failed to disable
[    1.042727] gpio gpiochip3: (gpio-96-127): added GPIO chardev (254:3)
[    1.042876] gpio gpiochip3: registered GPIOs 608 to 639 on gpio-96-127
[    1.057377] omap8250 44e09000.serial: using DT '/ocp/interconnect@44c00000/segment@200000/target-module@9000/serial@0' for 'rs485-term' GPIO lookup
[    1.057459] of_get_named_gpiod_flags: can't parse 'rs485-term-gpios' property of node '/ocp/interconnect@44c00000/segment@200000/target-module@9000/serial@0[0]'
[    1.057505] of_get_named_gpiod_flags: can't parse 'rs485-term-gpio' property of node '/ocp/interconnect@44c00000/segment@200000/target-module@9000/serial@0[0]'
[    1.057542] omap8250 44e09000.serial: using lookup tables for GPIO lookup
[    1.057553] omap8250 44e09000.serial: No GPIO consumer rs485-term found
[    1.057563] omap8250 44e09000.serial: using DT '/ocp/interconnect@44c00000/segment@200000/target-module@9000/serial@0' for 'rs485-rx-during-tx' GPIO lookup
[    1.057600] of_get_named_gpiod_flags: can't parse 'rs485-rx-during-tx-gpios' property of node '/ocp/interconnect@44c00000/segment@200000/target-module@9000/serial@0[0]'
[    1.057639] of_get_named_gpiod_flags: can't parse 'rs485-rx-during-tx-gpio' property of node '/ocp/interconnect@44c00000/segment@200000/target-module@9000/serial@0[0]'
[    1.057672] omap8250 44e09000.serial: using lookup tables for GPIO lookup
[    1.057680] omap8250 44e09000.serial: No GPIO consumer rs485-rx-during-tx found
[    1.058069] 44e09000.serial: ttyS0 at MMIO 0x44e09000 (irq = 34, base_baud = 3000000) is a 8250
[    1.058159] printk: legacy console [ttyS0] enabled
[    2.484703] i2c i2c-0: using DT '/ocp/interconnect@44c00000/segment@200000/target-module@b000/i2c@0' for 'scl' GPIO lookup
[    2.484793] of_get_named_gpiod_flags: can't parse 'scl-gpios' property of node '/ocp/interconnect@44c00000/segment@200000/target-module@b000/i2c@0[0]'
[    2.484843] of_get_named_gpiod_flags: can't parse 'scl-gpio' property of node '/ocp/interconnect@44c00000/segment@200000/target-module@b000/i2c@0[0]'
[    2.484885] i2c i2c-0: using lookup tables for GPIO lookup
[    2.484900] i2c i2c-0: No GPIO consumer scl found
[    2.484927] i2c i2c-0: using DT '/ocp/interconnect@44c00000/segment@200000/target-module@b000/i2c@0' for 'sda' GPIO lookup
[    2.484969] of_get_named_gpiod_flags: can't parse 'sda-gpios' property of node '/ocp/interconnect@44c00000/segment@200000/target-module@b000/i2c@0[0]'
[    2.485011] of_get_named_gpiod_flags: can't parse 'sda-gpio' property of node '/ocp/interconnect@44c00000/segment@200000/target-module@b000/i2c@0[0]'
[    2.485048] i2c i2c-0: using lookup tables for GPIO lookup
[    2.485060] i2c i2c-0: No GPIO consumer sda found
[    2.502360] tps65217-pmic: Failed to locate of_node [id: -1]
[    2.508438] tps65217-bl: Failed to locate of_node [id: -1]
[    2.519946] tps65217 0-0024: TPS65217 ID 0xe version 1.2
[    2.526085] /ocp/interconnect@48000000/segment@300000/target-module@e000/lcdc@0: Fixed dependency cycle(s) with /ocp/interconnect@44c00000/segment@200000/target-module@b000/i2c@0/tda19988@70
[    2.543461] /ocp/interconnect@44c00000/segment@200000/target-module@b000/i2c@0/tda19988@70: Fixed dependency cycle(s) with /ocp/interconnect@48000000/segment@300000/target-module@e000/lcdc@0
[    2.560821] omap_i2c 44e0b000.i2c: bus 0 rev0.11 at 400 kHz
[    2.568668] sdhci-omap 48060000.mmc: using DT '/ocp/interconnect@48000000/segment@0/target-module@60000/mmc@0' for 'cd' GPIO lookup
[    2.568776] of_get_named_gpiod_flags: parsed 'cd-gpios' property of node '/ocp/interconnect@48000000/segment@0/target-module@60000/mmc@0[0]' - status (0)
[    2.568845] gpio gpiochip3: Persistence not supported for GPIO 6
[    2.568869] omap_gpio 44e07000.gpio: Could not set line 6 debounce to 200000 microseconds (-22)
[    2.577756] sdhci-omap 48060000.mmc: Got CD GPIO
[    2.582439] sdhci-omap 48060000.mmc: using DT '/ocp/interconnect@48000000/segment@0/target-module@60000/mmc@0' for 'wp' GPIO lookup
[    2.582488] of_get_named_gpiod_flags: can't parse 'wp-gpios' property of node '/ocp/interconnect@48000000/segment@0/target-module@60000/mmc@0[0]'
[    2.582535] of_get_named_gpiod_flags: can't parse 'wp-gpio' property of node '/ocp/interconnect@48000000/segment@0/target-module@60000/mmc@0[0]'
[    2.582575] sdhci-omap 48060000.mmc: using lookup tables for GPIO lookup
[    2.582591] sdhci-omap 48060000.mmc: No GPIO consumer wp found
[    2.582798] sdhci-omap 48060000.mmc: supply pbias not found, using dummy regulator
[    2.591621] sdhci-omap 481d8000.mmc: using DT '/ocp/interconnect@48000000/segment@100000/target-module@d8000/mmc@0' for 'wp' GPIO lookup
[    2.591696] of_get_named_gpiod_flags: can't parse 'wp-gpios' property of node '/ocp/interconnect@48000000/segment@100000/target-module@d8000/mmc@0[0]'
[    2.591746] of_get_named_gpiod_flags: can't parse 'wp-gpio' property of node '/ocp/interconnect@48000000/segment@100000/target-module@d8000/mmc@0[0]'
[    2.591786] sdhci-omap 481d8000.mmc: using lookup tables for GPIO lookup
[    2.591799] sdhci-omap 481d8000.mmc: No GPIO consumer wp found
[    2.592891] sdhci-omap 48060000.mmc: supply vqmmc not found, using dummy regulator
[    2.601894] sdhci-omap 481d8000.mmc: supply pbias not found, using dummy regulator
[    2.609875] sdhci-omap 481d8000.mmc: supply vqmmc not found, using dummy regulator
[    2.648434] mmc1: SDHCI controller on 481d8000.mmc [481d8000.mmc] using External DMA
[    2.657682] mmc0: SDHCI controller on 48060000.mmc [48060000.mmc] using External DMA
[    2.666431] cpsw-switch 4a100000.switch: starting ndev. mode: dual_mac
[    2.710560] mmc0: new high speed SDHC card at address 5048
[    2.717673] mmcblk0: mmc0:5048 SD16G 14.4 GiB
[    2.725927]  mmcblk0: p1 p2
[    2.729342] mmcblk0: p2 size 31221760 extends beyond EOD, truncated
[    2.742586] SMSC LAN8710/LAN8720 4a101000.mdio:00: attached PHY driver (mii_bus:phy_addr=4a101000.mdio:00, irq=POLL)
[    2.759656] mmc1: new high speed MMC card at address 0001
[    2.766702] mmcblk1: mmc1:0001 MMC04G 3.60 GiB
[    2.774184]  mmcblk1: p1 p2
[    2.778437] mmcblk1boot0: mmc1:0001 MMC04G 2.00 MiB
[    2.785796] mmcblk1boot1: mmc1:0001 MMC04G 2.00 MiB
[    2.793396] mmcblk1rpmb: mmc1:0001 MMC04G 128 KiB, chardev (250:0)
[    5.922115] cpsw-switch 4a100000.switch eth0: Link is Up - 100Mbps/Full - flow control off
[    5.951353] IP-Config: Complete:
[    5.954629]      device=eth0, hwaddr=6c:ec:eb:68:de:78, ipaddr=192.168.255.1, mask=255.255.255.0, gw=255.255.255.255
[    5.965272]      host=bbb1, domain=, nis-domain=(none)
[    5.970442]      bootserver=192.168.255.126, rootserver=192.168.255.126, rootpath=
[    5.970860] clk: Disabling unused clocks
[    5.982733] PM: genpd: Disabling unused power domains
[    5.987852] KTAP version 1
[    5.990572] 1..0
[    6.020157] VFS: Mounted root (nfs filesystem) on device 0:17.
[    6.027351] devtmpfs: mounted
[    6.032169] Freeing unused kernel image (initmem) memory: 1024K
[    6.038882] Run /sbin/init as init process
[    6.043107]   with arguments:
[    6.043123]     /sbin/init
[    6.043133]     nfsrootdebug
[    6.043143]   with environment:
[    6.043153]     HOME=/
[    6.043162]     TERM=linux
[    6.769182] systemd[1]: System time before build time, advancing clock.
[    8.221357] random: crng init done
[    8.263213] systemd[1]: systemd 232 running in system mode. (+PAM +AUDIT +SELINUX +IMA +APPARMOR +SMACK +SYSVINIT +UTMP +LIBCRYPTSETUP +GCRYPT +GNUTLS +ACL +XZ +LZ4 +SECCOMP +BLKID +ELFUTILS +KMOD +IDN)
[    8.282270] systemd[1]: Detected architecture arm.
[    8.314692] systemd[1]: Set hostname to <arm>.
[    9.436858] systemd[1]: Started Forward Password Requests to Wall Directory Watch.
[    9.473562] systemd[1]: Listening on Syslog Socket.
[    9.502222] systemd[1]: Listening on Journal Socket.
[    9.533130] systemd[1]: Set up automount Arbitrary Executable File Formats File System Automount Point.
[    9.561748] systemd[1]: Reached target Swap.
[    9.581720] systemd[1]: Reached target Remote File Systems.
[    9.612919] systemd[1]: Created slice System Slice.
[   11.717953] systemd-journald[88]: Received request to flush runtime journal from PID 1
[   14.539361] leds-gpio leds: using DT '/leds/led2' for '(default)' GPIO lookup
[   14.539473] of_get_named_gpiod_flags: parsed 'gpios' property of node '/leds/led2[0]' - status (0)
[   14.539533] gpio gpiochip0: Persistence not supported for GPIO 21
[   14.539550] gpio-533 (?): no flags found for GPIO (default)
[   14.611234] leds-gpio leds: using DT '/leds/led3' for '(default)' GPIO lookup
[   14.611468] of_get_named_gpiod_flags: parsed 'gpios' property of node '/leds/led3[0]' - status (0)
[   14.611536] gpio gpiochip0: Persistence not supported for GPIO 22
[   14.611552] gpio-534 (?): no flags found for GPIO (default)
[   14.720575] leds-gpio leds: using DT '/leds/led4' for '(default)' GPIO lookup
[   14.720791] of_get_named_gpiod_flags: parsed 'gpios' property of node '/leds/led4[0]' - status (0)
[   14.720850] gpio gpiochip0: Persistence not supported for GPIO 23
[   14.720865] gpio-535 (?): no flags found for GPIO (default)
[   14.818617] leds-gpio leds: using DT '/leds/led5' for '(default)' GPIO lookup
[   14.818720] of_get_named_gpiod_flags: parsed 'gpios' property of node '/leds/led5[0]' - status (0)
[   14.818771] gpio gpiochip0: Persistence not supported for GPIO 24
[   14.818786] gpio-536 (?): no flags found for GPIO (default)
[   14.977418] remoteproc remoteproc0: wkup_m3 is available
[   15.213691] wkup_m3_ipc 44e11324.wkup_m3_ipc: IPC Request for A8->M3 Channel failed! -517
[   15.275909] at24 2-0054: supply vcc not found, using dummy regulator
[   15.453914] at24 2-0055: supply vcc not found, using dummy regulator
[   15.638063] at24 2-0056: supply vcc not found, using dummy regulator
[   15.773314] at24 2-0057: supply vcc not found, using dummy regulator
[   15.906669] tps6521x_pwrbutton tps65217-pwrbutton: DMA mask not set
[   15.918866] at24 0-0050: using DT '/ocp/interconnect@44c00000/segment@200000/target-module@b000/i2c@0/eeprom@50' for 'wp' GPIO lookup
[   15.919103] of_get_named_gpiod_flags: can't parse 'wp-gpios' property of node '/ocp/interconnect@44c00000/segment@200000/target-module@b000/i2c@0/eeprom@50[0]'
[   15.919218] of_get_named_gpiod_flags: can't parse 'wp-gpio' property of node '/ocp/interconnect@44c00000/segment@200000/target-module@b000/i2c@0/eeprom@50[0]'
[   15.919317] at24 0-0050: using lookup tables for GPIO lookup
[   15.919333] at24 0-0050: No GPIO consumer wp found
[   15.919931] at24 0-0050: 32768 byte 24c256 EEPROM, writable, 1 bytes/write
[   15.930809] wkup_m3_ipc 44e11324.wkup_m3_ipc: IPC Request for A8->M3 Channel failed! -517
[   16.053734] input: tps65217_pwrbutton as /devices/platform/ocp/44c00000.interconnect/44c00000.interconnect:segment@200000/44e0b000.target-module/44e0b000.i2c/i2c-0/0-0024/tps65217-pwrbutton/input/input0
[   16.075201] wkup_m3_ipc 44e11324.wkup_m3_ipc: IPC Request for A8->M3 Channel failed! -517
[   16.222450] omap_rtc 44e3e000.rtc: registered as rtc0
[   16.227632] omap_rtc 44e3e000.rtc: setting system clock to 2000-01-01T00:00:00 UTC (946684800)
[   16.236500] omap_rtc 44e3e000.rtc: using DT '/ocp/interconnect@44c00000/segment@200000/target-module@3e000/rtc@0' for 'wp' GPIO lookup
[   16.236576] of_get_named_gpiod_flags: can't parse 'wp-gpios' property of node '/ocp/interconnect@44c00000/segment@200000/target-module@3e000/rtc@0[0]'
[   16.236630] of_get_named_gpiod_flags: can't parse 'wp-gpio' property of node '/ocp/interconnect@44c00000/segment@200000/target-module@3e000/rtc@0[0]'
[   16.236672] omap_rtc 44e3e000.rtc: using lookup tables for GPIO lookup
[   16.236688] omap_rtc 44e3e000.rtc: No GPIO consumer wp found
[   16.238322] wkup_m3_ipc 44e11324.wkup_m3_ipc: IPC Request for A8->M3 Channel failed! -517
[   16.404030] wkup_m3_ipc 44e11324.wkup_m3_ipc: IPC Request for A8->M3 Channel failed! -517
[   16.643588] omap_wdt: OMAP Watchdog Timer Rev 0x01: initial timeout 60 sec
[   16.664386] wkup_m3_ipc 44e11324.wkup_m3_ipc: IPC Request for A8->M3 Channel failed! -517
[   16.768090] am335x-phy-driver 47401300.usb-phy: using DT '/ocp/target-module@47400000/usb-phy@1300' for 'reset' GPIO lookup
[   16.768188] of_get_named_gpiod_flags: can't parse 'reset-gpios' property of node '/ocp/target-module@47400000/usb-phy@1300[0]'
[   16.768234] of_get_named_gpiod_flags: can't parse 'reset-gpio' property of node '/ocp/target-module@47400000/usb-phy@1300[0]'
[   16.768272] am335x-phy-driver 47401300.usb-phy: using lookup tables for GPIO lookup
[   16.768287] am335x-phy-driver 47401300.usb-phy: No GPIO consumer reset found
[   16.768302] am335x-phy-driver 47401300.usb-phy: using DT '/ocp/target-module@47400000/usb-phy@1300' for 'vbus-detect' GPIO lookup
[   16.768335] of_get_named_gpiod_flags: can't parse 'vbus-detect-gpios' property of node '/ocp/target-module@47400000/usb-phy@1300[0]'
[   16.768368] of_get_named_gpiod_flags: can't parse 'vbus-detect-gpio' property of node '/ocp/target-module@47400000/usb-phy@1300[0]'
[   16.768395] am335x-phy-driver 47401300.usb-phy: using lookup tables for GPIO lookup
[   16.768408] am335x-phy-driver 47401300.usb-phy: No GPIO consumer vbus-detect found
[   16.768556] am335x-phy-driver 47401300.usb-phy: dummy supplies not allowed for exclusive requests (id=vbus)
[   17.167274] usbcore: registered new interface driver usbfs
[   17.173182] usbcore: registered new interface driver hub
[   17.178652] usbcore: registered new device driver usb
[   17.320993] am335x-phy-driver 47401b00.usb-phy: using DT '/ocp/target-module@47400000/usb-phy@1b00' for 'reset' GPIO lookup
[   17.321090] of_get_named_gpiod_flags: can't parse 'reset-gpios' property of node '/ocp/target-module@47400000/usb-phy@1b00[0]'
[   17.321137] of_get_named_gpiod_flags: can't parse 'reset-gpio' property of node '/ocp/target-module@47400000/usb-phy@1b00[0]'
[   17.321176] am335x-phy-driver 47401b00.usb-phy: using lookup tables for GPIO lookup
[   17.321192] am335x-phy-driver 47401b00.usb-phy: No GPIO consumer reset found
[   17.321207] am335x-phy-driver 47401b00.usb-phy: using DT '/ocp/target-module@47400000/usb-phy@1b00' for 'vbus-detect' GPIO lookup
[   17.321239] of_get_named_gpiod_flags: can't parse 'vbus-detect-gpios' property of node '/ocp/target-module@47400000/usb-phy@1b00[0]'
[   17.321272] of_get_named_gpiod_flags: can't parse 'vbus-detect-gpio' property of node '/ocp/target-module@47400000/usb-phy@1b00[0]'
[   17.321571] am335x-phy-driver 47401b00.usb-phy: using lookup tables for GPIO lookup
[   17.321590] am335x-phy-driver 47401b00.usb-phy: No GPIO consumer vbus-detect found
[   17.321748] am335x-phy-driver 47401b00.usb-phy: dummy supplies not allowed for exclusive requests (id=vbus)
[   17.332911] wkup_m3_ipc 44e11324.wkup_m3_ipc: IPC Request for A8->M3 Channel failed! -517
[   17.388440] tda998x 0-0070: found TDA19988
[   17.494563] wkup_m3_ipc 44e11324.wkup_m3_ipc: IPC Request for A8->M3 Channel failed! -517
[   17.662420] wkup_m3_ipc 44e11324.wkup_m3_ipc: IPC Request for A8->M3 Channel failed! -517
[   18.222283] wkup_m3_ipc 44e11324.wkup_m3_ipc: IPC Request for A8->M3 Channel failed! -517
[   18.249084] omap-mailbox 480c8000.mailbox: omap mailbox rev 0x400
[   18.315774] remoteproc remoteproc0: powering up wkup_m3
[   18.369149] musb-hdrc musb-hdrc.1: MUSB HDRC host driver
[   18.374792] musb-hdrc musb-hdrc.1: new USB bus registered, assigned bus number 1
[   18.488888] remoteproc remoteproc0: Direct firmware load for am335x-pm-firmware.elf failed with error -2
[   18.498809] remoteproc remoteproc0: request_firmware failed: -2
[   18.504836] wkup_m3_ipc 44e11324.wkup_m3_ipc: rproc_boot failed
[   18.653693] usb usb1: New USB device found, idVendor=1d6b, idProduct=0002, bcdDevice= 6.12
[   18.662223] usb usb1: New USB device strings: Mfr=3, Product=2, SerialNumber=1
[   18.669493] usb usb1: Product: MUSB HDRC host driver
[   18.674548] usb usb1: Manufacturer: Linux 6.12.0-next-20241119 musb-hcd
[   18.681201] usb usb1: SerialNumber: musb-hdrc.1
[   19.106776] hub 1-0:1.0: USB hub found
[   19.182085] hub 1-0:1.0: 1 port detected
[   20.602633] tilcdc 4830e000.lcdc: bound 0-0070 (ops tda998x_driver_exit [tda998x])
[   20.646077] omap_rng 48310000.rng: Random Number Generator ver. 20
[   20.685623] [drm] Initialized tilcdc 1.0.0 for 4830e000.lcdc on minor 0
[   20.763873] tilcdc 4830e000.lcdc: [drm] Cannot find any crtc or sizes
[   20.844316] tilcdc 4830e000.lcdc: [drm] Cannot find any crtc or sizes
[   21.735041] omap-sham 53100000.sham: hw accel on OMAP rev 4.3
[   21.754781] PM: Cannot get wkup_m3_ipc handle
[   21.847690] omap-sham 53100000.sham: will run requests pump with realtime priority
[   21.864463] PM: Cannot get wkup_m3_ipc handle
[   22.014483] omap-aes 53500000.aes: OMAP AES hw accel rev: 3.2
[   22.137000] omap-aes 53500000.aes: will run requests pump with realtime priority
[   22.157072] PM: Cannot get wkup_m3_ipc handle
[   22.914523] Bluetooth: Core ver 2.22
[   22.918353] NET: Registered PF_BLUETOOTH protocol family
[   22.923900] Bluetooth: HCI device and connection manager initialized
[   22.930324] Bluetooth: HCI socket layer initialized
[   22.935310] Bluetooth: L2CAP socket layer initialized
[   22.940430] Bluetooth: SCO socket layer initialized
[   25.214899] PM: Cannot get wkup_m3_ipc handle
[   25.220658] asoc-simple-card sound: using DT '/sound' for 'simple-audio-card,hp-det' GPIO lookup
[   25.220730] of_get_named_gpiod_flags: can't parse 'simple-audio-card,hp-det-gpios' property of node '/sound[0]'
[   25.220767] of_get_named_gpiod_flags: can't parse 'simple-audio-card,hp-det-gpio' property of node '/sound[0]'
[   25.220794] asoc-simple-card sound: using lookup tables for GPIO lookup
[   25.220809] asoc-simple-card sound: No GPIO consumer simple-audio-card,hp-det found
[   25.220825] asoc-simple-card sound: using DT '/sound' for 'simple-audio-card,mic-det' GPIO lookup
[   25.220850] of_get_named_gpiod_flags: can't parse 'simple-audio-card,mic-det-gpios' property of node '/sound[0]'
[   25.220877] of_get_named_gpiod_flags: can't parse 'simple-audio-card,mic-det-gpio' property of node '/sound[0]'
[   25.220897] asoc-simple-card sound: using lookup tables for GPIO lookup
[   25.220909] asoc-simple-card sound: No GPIO consumer simple-audio-card,mic-det found
[   25.340117] PM: Cannot get wkup_m3_ipc handle
[   28.898242] userial_init: registered 8 ttyGS* devices
[   29.093835] rndis_register: configNr = 0
[   29.160199] udc musb-hdrc.0: binding gadget driver [g_multi]
[   29.160306] configfs-gadget.g_multi gadget.0: adding 'rndis'/ee4f8159 to config 'c'/67fa613e
[   29.161723] configfs-gadget.g_multi gadget.0: HOST MAC 1c:ba:8c:a2:ed:6c
[   29.168505] configfs-gadget.g_multi gadget.0: MAC 1c:ba:8c:a2:ed:70
[   29.174938] rndis_set_param_medium: 0 0
[   29.174963] configfs-gadget.g_multi gadget.0: RNDIS: IN/ep1in OUT/ep1out NOTIFY/ep2in
[   29.174982] configfs-gadget.g_multi gadget.0: adding 'cdc_ethernet'/9cb80b93 to config 'c'/67fa613e
[   29.175909] configfs-gadget.g_multi gadget.0: HOST MAC 1c:ba:8c:a2:ed:6c
[   29.182798] configfs-gadget.g_multi gadget.0: MAC 1c:ba:8c:a2:ed:6d
[   29.189150] configfs-gadget.g_multi gadget.0: CDC Ethernet: IN/ep3in OUT/ep2out NOTIFY/ep4in
[   29.189171] configfs-gadget.g_multi gadget.0: adding 'acm'/40572e96 to config 'c'/67fa613e
[   29.189206] configfs-gadget.g_multi gadget.0: acm ttyGS0: IN/ep5in OUT/ep3out NOTIFY/ep6in
[   29.191023] PM: Cannot get wkup_m3_ipc handle
[   31.591870] configfs-gadget.g_multi gadget.0: eth_open
[   35.320120] gs_open: ttyGS0 (41307667,084d181d)
[   35.320255] gs_close: ttyGS0 (41307667,084d181d) ...
[   35.320279] gs_close: ttyGS0 (41307667,084d181d) done!
[   35.336861] gs_open: ttyGS0 (c8df756a,084d181d)
[   35.336990] gs_close: ttyGS0 (c8df756a,084d181d) ...
[   35.337014] gs_close: ttyGS0 (c8df756a,084d181d) done!
[   35.493997] gs_open: ttyGS0 (4475e9b2,0ad25d07)
[   35.494259] gs_close: ttyGS0 (4475e9b2,0ad25d07) ...
[   35.494291] gs_close: ttyGS0 (4475e9b2,0ad25d07) done!
[   35.497264] gs_open: ttyGS0 (4475e9b2,89cffa6e)
VJHXXEOGOL 0
root@arm:~# echo 'THGC''XAUMFS'
THGCXAUMFS
root@arm:~# MARKER='SFOO''CCXKGN' run 'modprobe test_linear_ranges'
SFOOCCXKGNSFOOCCXKGN 0
root@arm:~# echo 'AMOY''HMTVVJ'
AMOYHMTVVJ
root@arm:~# MARKER='MWVT''GYQFLB' run dmesg
MWVTGYQFLB[    0.000000] Booting Linux on physical CPU 0x0
[    0.000000] Linux version 6.12.0-next-20241119 (user01@drvtest01) (arm-linux-gnueabihf-gcc (Linaro GCC 6.4-2017.11) 6.4.1 20171012, GNU ld (Linaro_Binutils-2017.11) 2.27.0.20161229) #140 SMP Tue Nov 19 08:28:35 EET 2024
[    0.000000] CPU: ARMv7 Processor [413fc082] revision 2 (ARMv7), cr=10c5387d
[    0.000000] CPU: PIPT / VIPT nonaliasing data cache, VIPT aliasing instruction cache
[    0.000000] OF: fdt: Machine model: TI AM335x BeagleBone Black
[    0.000000] Memory policy: Data cache writeback
[    0.000000] cma: Reserved 16 MiB at 0x9e800000 on node -1
[    0.000000] Zone ranges:
[    0.000000]   Normal   [mem 0x0000000080000000-0x000000009fdfffff]
[    0.000000]   HighMem  empty
[    0.000000] Movable zone start for each node
[    0.000000] Early memory node ranges
[    0.000000]   node   0: [mem 0x0000000080000000-0x000000009fdfffff]
[    0.000000] Initmem setup node 0 [mem 0x0000000080000000-0x000000009fdfffff]
[    0.000000] OF: reserved mem: Reserved memory: No reserved-memory node in the DT
[    0.000000] CPU: All CPU(s) started in SVC mode.
[    0.000000] AM335X ES2.1 (sgx neon)
[    0.000000] percpu: Embedded 17 pages/cpu s39564 r8192 d21876 u69632
[    0.000000] pcpu-alloc: s39564 r8192 d21876 u69632 alloc=17*4096
[    0.000000] pcpu-alloc: [0] 0 
[    0.000000] Kernel command line: console=ttyO0,115200n8 root=/dev/nfs rw nfsroot=192.168.255.126:/home/user01/nfs,nfsvers=3 ip=192.168.255.1:192.168.255.126::255.255.255.0:bbb1:eth0 nfsrootdebug
[    0.000000] Unknown kernel command line parameters "nfsrootdebug", will be passed to user space.
[    0.000000] printk: log buffer data + meta data: 65536 + 204800 = 270336 bytes
[    0.000000] Dentry cache hash table entries: 65536 (order: 6, 262144 bytes, linear)
[    0.000000] Inode-cache hash table entries: 32768 (order: 5, 131072 bytes, linear)
[    0.000000] Built 1 zonelists, mobility grouping on.  Total pages: 130560
[    0.000000] mem auto-init: stack:off, heap alloc:off, heap free:off
[    0.000000] SLUB: HWalign=64, Order=0-3, MinObjects=0, CPUs=1, Nodes=1
[    0.000000] trace event string verifier disabled
[    0.000000] rcu: Hierarchical RCU implementation.
[    0.000000] rcu: 	RCU event tracing is enabled.
[    0.000000] rcu: 	RCU restricting CPUs from NR_CPUS=2 to nr_cpu_ids=1.
[    0.000000] 	Tracing variant of Tasks RCU enabled.
[    0.000000] rcu: RCU calculated value of scheduler-enlistment delay is 10 jiffies.
[    0.000000] rcu: Adjusting geometry for rcu_fanout_leaf=16, nr_cpu_ids=1
[    0.000000] RCU Tasks Trace: Setting shift to 0 and lim to 1 rcu_task_cb_adjust=1 rcu_task_cpu_ids=1.
[    0.000000] NR_IRQS: 16, nr_irqs: 16, preallocated irqs: 16
[    0.000000] IRQ: Found an INTC at 0x(ptrval) (revision 5.0) with 128 interrupts
[    0.000000] rcu: srcu_init: Setting srcu_struct sizes based on contention.
[    0.000000] TI gptimer clocksource: always-on /ocp/interconnect@44c00000/segment@200000/target-module@31000
[    0.000002] sched_clock: 32 bits at 24MHz, resolution 41ns, wraps every 89478484971ns
[    0.000026] clocksource: dmtimer: mask: 0xffffffff max_cycles: 0xffffffff, max_idle_ns: 79635851949 ns
[    0.000507] TI gptimer clockevent: 24000000 Hz at /ocp/interconnect@48000000/segment@0/target-module@40000
[    0.002153] Console: colour dummy device 80x30
[    0.002216] WARNING: Your 'console=ttyO0' has been replaced by 'ttyS0'
[    0.002225] This ensures that you still see kernel messages. Please
[    0.002229] update your kernel commandline.
[    0.002272] Calibrating delay loop... 996.14 BogoMIPS (lpj=4980736)
[    0.090555] CPU: Testing write buffer coherency: ok
[    0.090671] CPU0: Spectre v2: using BPIALL workaround
[    0.090682] pid_max: default: 32768 minimum: 301
[    0.090810] LSM: initializing lsm=capability
[    0.090983] Mount-cache hash table entries: 1024 (order: 0, 4096 bytes, linear)
[    0.091004] Mountpoint-cache hash table entries: 1024 (order: 0, 4096 bytes, linear)
[    0.092672] CPU0: thread -1, cpu 0, socket -1, mpidr 0
[    0.160938] Setting up static identity map for 0x80100000 - 0x80100078
[    0.170715] rcu: Hierarchical SRCU implementation.
[    0.170727] rcu: 	Max phase no-delay instances is 1000.
[    0.190770] smp: Bringing up secondary CPUs ...
[    0.190830] smp: Brought up 1 node, 1 CPU
[    0.190846] SMP: Total of 1 processors activated (996.14 BogoMIPS).
[    0.190858] CPU: All CPU(s) started in SVC mode.
[    0.191051] Memory: 480840K/522240K available (11264K kernel code, 1213K rwdata, 2896K rodata, 1024K init, 297K bss, 23388K reserved, 16384K cma-reserved, 0K highmem)
[    0.191928] devtmpfs: initialized
[    0.209136] VFP support v0.3: implementor 41 architecture 3 part 30 variant c rev 3
[    0.209492] clocksource: jiffies: mask: 0xffffffff max_cycles: 0xffffffff, max_idle_ns: 19112604462750000 ns
[    0.209526] futex hash table entries: 256 (order: 2, 16384 bytes, linear)
[    0.211042] pinctrl core: initialized pinctrl subsystem
[    0.213892] NET: Registered PF_NETLINK/PF_ROUTE protocol family
[    0.216719] DMA: preallocated 256 KiB pool for atomic coherent allocations
[    0.217640] audit: initializing netlink subsys (disabled)
[    0.219089] thermal_sys: Registered thermal governor 'fair_share'
[    0.219107] thermal_sys: Registered thermal governor 'step_wise'
[    0.219116] thermal_sys: Registered thermal governor 'user_space'
[    0.219266] audit: type=2000 audit(0.210:1): state=initialized audit_enabled=0 res=1
[    0.219304] cpuidle: using governor menu
[    0.237771] /ocp/interconnect@44c00000/segment@200000/target-module@b000/i2c@0/tda19988@70: Fixed dependency cycle(s) with /ocp/interconnect@48000000/segment@300000/target-module@e000/lcdc@0
[    0.238934] /ocp/interconnect@48000000/segment@300000/target-module@e000/lcdc@0: Fixed dependency cycle(s) with /ocp/interconnect@44c00000/segment@200000/target-module@b000/i2c@0/tda19988@70
[    0.241358] No ATAGs?
[    0.241381] hw-breakpoint: debug architecture 0x4 unsupported.
[    0.244150] kprobes: kprobe jump-optimization is enabled. All kprobes are optimized if possible.
[    0.254216] iommu: Default domain type: Translated
[    0.254240] iommu: DMA domain TLB invalidation policy: strict mode
[    0.261302] reg-fixed-voltage fixedregulator0: using DT '/fixedregulator0' for '(default)' GPIO lookup
[    0.261358] of_get_named_gpiod_flags: can't parse 'gpios' property of node '/fixedregulator0[0]'
[    0.261387] of_get_named_gpiod_flags: can't parse 'gpio' property of node '/fixedregulator0[0]'
[    0.261405] reg-fixed-voltage fixedregulator0: using lookup tables for GPIO lookup
[    0.261416] reg-fixed-voltage fixedregulator0: No GPIO consumer (default) found
[    0.262470] SCSI subsystem initialized
[    0.262980] libata version 3.00 loaded.
[    0.263340] pps_core: LinuxPPS API ver. 1 registered
[    0.263350] pps_core: Software ver. 5.3.6 - Copyright 2005-2007 Rodolfo Giometti <giometti@linux.it>
[    0.263376] PTP clock support registered
[    0.270911] vgaarb: loaded
[    0.271337] clocksource: Switched to clocksource dmtimer
[    0.272002] VFS: Disk quotas dquot_6.6.0
[    0.272046] VFS: Dquot-cache hash table entries: 1024 (order 0, 4096 bytes)
[    0.296520] NET: Registered PF_INET protocol family
[    0.296877] IP idents hash table entries: 8192 (order: 4, 65536 bytes, linear)
[    0.298299] tcp_listen_portaddr_hash hash table entries: 512 (order: 0, 4096 bytes, linear)
[    0.298337] Table-perturb hash table entries: 65536 (order: 6, 262144 bytes, linear)
[    0.298354] TCP established hash table entries: 4096 (order: 2, 16384 bytes, linear)
[    0.298398] TCP bind hash table entries: 4096 (order: 4, 65536 bytes, linear)
[    0.298497] TCP: Hash tables configured (established 4096 bind 4096)
[    0.298618] UDP hash table entries: 256 (order: 1, 14336 bytes, linear)
[    0.298653] UDP-Lite hash table entries: 256 (order: 1, 14336 bytes, linear)
[    0.298832] NET: Registered PF_UNIX/PF_LOCAL protocol family
[    0.302264] RPC: Registered named UNIX socket transport module.
[    0.302288] RPC: Registered udp transport module.
[    0.302294] RPC: Registered tcp transport module.
[    0.302299] RPC: Registered tcp-with-tls transport module.
[    0.302304] RPC: Registered tcp NFSv4.1 backchannel transport module.
[    0.302330] PCI: CLS 0 bytes, default 64
[    0.303831] Initialise system trusted keyrings
[    0.311784] workingset: timestamp_bits=14 max_order=17 bucket_order=3
[    0.313127] NFS: Registering the id_resolver key type
[    0.313222] Key type id_resolver registered
[    0.313229] Key type id_legacy registered
[    0.313279] jffs2: version 2.2. (NAND) (SUMMARY)  Â© 2001-2006 Red Hat, Inc.
[    0.313684] Key type asymmetric registered
[    0.313701] Asymmetric key parser 'x509' registered
[    0.313768] io scheduler mq-deadline registered
[    0.313780] io scheduler kyber registered
[    0.313853] io scheduler bfq registered
[    0.315498] ledtrig-cpu: registered to indicate activity on CPUs
[    0.322213] Serial: 8250/16550 driver, 6 ports, IRQ sharing enabled
[    0.373104] brd: module loaded
[    0.386418] loop: module loaded
[    0.387361] mtdoops: mtd device (mtddev=name/number) must be supplied
[    0.400996] mdio_bus fixed-0: using lookup tables for GPIO lookup
[    0.401024] mdio_bus fixed-0: No GPIO consumer reset found
[    0.402554] i2c_dev: i2c /dev entries driver
[    0.403548] cpuidle: enable-method property 'ti,am3352' found operations
[    0.404008] sdhci: Secure Digital Host Controller Interface driver
[    0.404018] sdhci: Copyright(c) Pierre Ossman
[    0.404192] sdhci-pltfm: SDHCI platform and OF driver helper
[    0.405196] Initializing XFRM netlink socket
[    0.405343] NET: Registered PF_INET6 protocol family
[    0.407423] Segment Routing with IPv6
[    0.407516] In-situ OAM (IOAM) with IPv6
[    0.407615] sit: IPv6, IPv4 and MPLS over IPv4 tunneling driver
[    0.408573] NET: Registered PF_PACKET protocol family
[    0.408612] NET: Registered PF_KEY protocol family
[    0.408765] Key type dns_resolver registered
[    0.409043] ThumbEE CPU extension supported.
[    0.409067] Registering SWP/SWPB emulation handler
[    0.409609] omap_voltage_late_init: Voltage driver support not added
[    0.409966] SmartReflex Class3 initialized
[    0.443980] Loading compiled-in X.509 certificates
[    0.493120] /ocp/interconnect@44c00000/segment@200000/target-module@b000/i2c@0/tda19988@70: Fixed dependency cycle(s) with /ocp/interconnect@48000000/segment@300000/target-module@e000/lcdc@0
[    0.499581] /ocp/interconnect@44c00000/segment@200000/target-module@b000/i2c@0/tda19988@70: Fixed dependency cycle(s) with /ocp/interconnect@48000000/segment@300000/target-module@e000/lcdc@0
[    0.505360] gpiochip_find_base_unlocked: found new base at 512
[    0.544073] /ocp/interconnect@44c00000/segment@200000/target-module@b000/i2c@0/tda19988@70: Fixed dependency cycle(s) with /ocp/interconnect@48000000/segment@300000/target-module@e000/lcdc@0
[    0.544960] /ocp/interconnect@44c00000/segment@200000/target-module@b000/i2c@0/tda19988@70: Fixed dependency cycle(s) with /ocp/interconnect@48000000/segment@300000/target-module@e000/lcdc@0
[    0.548410] /ocp/interconnect@44c00000/segment@200000/target-module@10000/scm@0/pinmux@800: Fixed dependency cycle(s) with /ocp/interconnect@44c00000/segment@200000/target-module@10000/scm@0/pinmux@800/clkout2-pins
[    0.549081] pinctrl-single 44e10800.pinmux: 142 pins, size 568
[    0.554565] ti-sysc 44e31000.target-module: probe with driver ti-sysc failed with error -16
[    0.582671] /ocp/interconnect@48000000/segment@300000/target-module@e000/lcdc@0: Fixed dependency cycle(s) with /ocp/interconnect@44c00000/segment@200000/target-module@b000/i2c@0/tda19988@70
[    0.590567] ti-sysc 48040000.target-module: probe with driver ti-sysc failed with error -16
[    0.602040] gpiochip_find_base_unlocked: found new base at 512
[    0.602139] gpio gpiochip0: (gpio-0-31): created GPIO range 0->7 ==> 44e10800.pinmux PIN 0->7
[    0.602159] gpio gpiochip0: (gpio-0-31): created GPIO range 8->11 ==> 44e10800.pinmux PIN 90->93
[    0.602175] gpio gpiochip0: (gpio-0-31): created GPIO range 12->27 ==> 44e10800.pinmux PIN 12->27
[    0.602190] gpio gpiochip0: (gpio-0-31): created GPIO range 28->31 ==> 44e10800.pinmux PIN 30->33
[    0.655231] gpio gpiochip0: (gpio-0-31): added GPIO chardev (254:0)
[    0.655377] gpio gpiochip0: registered GPIOs 512 to 543 on gpio-0-31
[    0.655462] OMAP GPIO hardware version 0.1
[    0.672628] i2c i2c-2: using DT '/ocp/interconnect@48000000/segment@100000/target-module@9c000/i2c@0' for 'scl' GPIO lookup
[    0.672703] of_get_named_gpiod_flags: can't parse 'scl-gpios' property of node '/ocp/interconnect@48000000/segment@100000/target-module@9c000/i2c@0[0]'
[    0.672748] of_get_named_gpiod_flags: can't parse 'scl-gpio' property of node '/ocp/interconnect@48000000/segment@100000/target-module@9c000/i2c@0[0]'
[    0.672785] i2c i2c-2: using lookup tables for GPIO lookup
[    0.672795] i2c i2c-2: No GPIO consumer scl found
[    0.672817] i2c i2c-2: using DT '/ocp/interconnect@48000000/segment@100000/target-module@9c000/i2c@0' for 'sda' GPIO lookup
[    0.672854] of_get_named_gpiod_flags: can't parse 'sda-gpios' property of node '/ocp/interconnect@48000000/segment@100000/target-module@9c000/i2c@0[0]'
[    0.672892] of_get_named_gpiod_flags: can't parse 'sda-gpio' property of node '/ocp/interconnect@48000000/segment@100000/target-module@9c000/i2c@0[0]'
[    0.672924] i2c i2c-2: using lookup tables for GPIO lookup
[    0.672932] i2c i2c-2: No GPIO consumer sda found
[    0.673674] omap_i2c 4819c000.i2c: bus 2 rev0.11 at 100 kHz
[    0.679159] gpiochip_find_base_unlocked: found new base at 544
[    0.679256] gpio gpiochip1: (gpio-32-63): created GPIO range 0->17 ==> 44e10800.pinmux PIN 34->51
[    0.679275] gpio gpiochip1: (gpio-32-63): created GPIO range 18->21 ==> 44e10800.pinmux PIN 77->80
[    0.679291] gpio gpiochip1: (gpio-32-63): created GPIO range 22->31 ==> 44e10800.pinmux PIN 56->65
[    0.693129] gpio gpiochip1: (gpio-32-63): added GPIO chardev (254:1)
[    0.693284] gpio gpiochip1: registered GPIOs 544 to 575 on gpio-32-63
[    0.695550] gpiochip_find_base_unlocked: found new base at 576
[    0.695641] gpio gpiochip2: (gpio-64-95): created GPIO range 0->4 ==> 44e10800.pinmux PIN 66->70
[    0.695661] gpio gpiochip2: (gpio-64-95): created GPIO range 5->6 ==> 44e10800.pinmux PIN 98->99
[    0.695676] gpio gpiochip2: (gpio-64-95): created GPIO range 7->8 ==> 44e10800.pinmux PIN 75->76
[    0.695691] gpio gpiochip2: (gpio-64-95): created GPIO range 13->13 ==> 44e10800.pinmux PIN 141->141
[    0.695708] gpio gpiochip2: (gpio-64-95): created GPIO range 14->21 ==> 44e10800.pinmux PIN 100->107
[    0.696381] gpio gpiochip2: (gpio-64-95): added GPIO chardev (254:2)
[    0.696516] gpio gpiochip2: registered GPIOs 576 to 607 on gpio-64-95
[    0.702319] 48000000.interconnect:segment@200000:target-module@0:mpu@0:fck: device ID is greater than 24
[    0.703239] /ocp/interconnect@48000000/segment@300000/target-module@e000/lcdc@0: Fixed dependency cycle(s) with /ocp/interconnect@44c00000/segment@200000/target-module@b000/i2c@0/tda19988@70
[    0.706045] /ocp/interconnect@48000000/segment@300000/target-module@e000/lcdc@0: Fixed dependency cycle(s) with /ocp/interconnect@44c00000/segment@200000/target-module@b000/i2c@0/tda19988@70
[    0.706758] /ocp/interconnect@44c00000/segment@200000/target-module@b000/i2c@0/tda19988@70: Fixed dependency cycle(s) with /ocp/interconnect@48000000/segment@300000/target-module@e000/lcdc@0
[    0.706916] /ocp/interconnect@48000000/segment@300000/target-module@e000/lcdc@0: Fixed dependency cycle(s) with /ocp/interconnect@44c00000/segment@200000/target-module@b000/i2c@0/tda19988@70
[    0.716645] mdio_bus 4a101000.mdio: using DT '/ocp/interconnect@4a000000/segment@0/target-module@100000/switch@0/mdio@1000' for 'reset' GPIO lookup
[    0.716720] of_get_named_gpiod_flags: can't parse 'reset-gpios' property of node '/ocp/interconnect@4a000000/segment@0/target-module@100000/switch@0/mdio@1000[0]'
[    0.716768] of_get_named_gpiod_flags: can't parse 'reset-gpio' property of node '/ocp/interconnect@4a000000/segment@0/target-module@100000/switch@0/mdio@1000[0]'
[    0.716816] mdio_bus 4a101000.mdio: using lookup tables for GPIO lookup
[    0.716827] mdio_bus 4a101000.mdio: No GPIO consumer reset found
[    0.718398] sdhci-omap 481d8000.mmc: using DT '/ocp/interconnect@48000000/segment@100000/target-module@d8000/mmc@0' for 'wp' GPIO lookup
[    0.718481] of_get_named_gpiod_flags: can't parse 'wp-gpios' property of node '/ocp/interconnect@48000000/segment@100000/target-module@d8000/mmc@0[0]'
[    0.718528] of_get_named_gpiod_flags: can't parse 'wp-gpio' property of node '/ocp/interconnect@48000000/segment@100000/target-module@d8000/mmc@0[0]'
[    0.718563] sdhci-omap 481d8000.mmc: using lookup tables for GPIO lookup
[    0.718573] sdhci-omap 481d8000.mmc: No GPIO consumer wp found
[    0.718770] sdhci-omap 481d8000.mmc: supply pbias not found, using dummy regulator
[    0.719277] sdhci-omap 481d8000.mmc: supply vqmmc not found, using dummy regulator
[    0.775687] davinci_mdio 4a101000.mdio: davinci mdio revision 1.6, bus freq 1000000
[    0.796073] mdio_bus 4a101000.mdio:00: using DT '/ocp/interconnect@4a000000/segment@0/target-module@100000/switch@0/mdio@1000/ethernet-phy@0' for 'reset' GPIO lookup
[    0.796174] of_get_named_gpiod_flags: parsed 'reset-gpios' property of node '/ocp/interconnect@4a000000/segment@0/target-module@100000/switch@0/mdio@1000/ethernet-phy@0[0]' - status (0)
[    0.796339] gpio gpiochip0: Persistence not supported for GPIO 8
[    0.930310] davinci_mdio 4a101000.mdio: phy[0]: device 4a101000.mdio:00, driver SMSC LAN8710/LAN8720
[    0.931100] cpsw-switch 4a100000.switch: initialized cpsw ale version 1.4
[    0.931122] cpsw-switch 4a100000.switch: ALE Table size 1024, Policers 0
[    0.943083] cpsw-switch 4a100000.switch: cpts: overflow check period 500 (jiffies)
[    0.943108] cpsw-switch 4a100000.switch: CPTS: ref_clk_freq:250000000 calc_mult:2147483648 calc_shift:29 error:0 nsec/sec
[    0.943223] cpsw-switch 4a100000.switch: Detected MACID = 6c:ec:eb:68:de:78
[    0.945051] cpsw-switch 4a100000.switch: initialized (regs 0x4a100000, pool size 256) hw_ver:0019010C 1.12 (0)
[    0.956134] debugfs: Directory '49000000.dma' with parent 'dmaengine' already present!
[    0.956176] edma 49000000.dma: TI EDMA DMA engine driver
[    1.008811] target-module@4b000000:target-module@140000:pmu@0:fck: device ID is greater than 24
[    1.026574] hw perfevents: enabled with armv7_cortex_a8 PMU driver, 5 (8000000f) counters available
[    1.027495] gpio-clk clk_mcasp0: using DT '/clk_mcasp0' for 'enable' GPIO lookup
[    1.027568] of_get_named_gpiod_flags: parsed 'enable-gpios' property of node '/clk_mcasp0[0]' - status (0)
[    1.027614] gpio gpiochip0: Persistence not supported for GPIO 27
[    1.028438] gpiochip_find_base_unlocked: found new base at 608
[    1.028542] gpio gpiochip3: (gpio-96-127): created GPIO range 0->7 ==> 44e10800.pinmux PIN 82->89
[    1.028562] gpio gpiochip3: (gpio-96-127): created GPIO range 8->11 ==> 44e10800.pinmux PIN 52->55
[    1.028578] gpio gpiochip3: (gpio-96-127): created GPIO range 12->15 ==> 44e10800.pinmux PIN 94->97
[    1.028594] gpio gpiochip3: (gpio-96-127): created GPIO range 16->17 ==> 44e10800.pinmux PIN 71->72
[    1.028609] gpio gpiochip3: (gpio-96-127): created GPIO range 18->18 ==> 44e10800.pinmux PIN 135->135
[    1.028625] gpio gpiochip3: (gpio-96-127): created GPIO range 19->20 ==> 44e10800.pinmux PIN 108->109
[    1.028642] gpio gpiochip3: (gpio-96-127): created GPIO range 21->21 ==> 44e10800.pinmux PIN 73->73
[    1.028659] gpio gpiochip3: (gpio-96-127): created GPIO range 22->23 ==> 44e10800.pinmux PIN 8->9
[    1.028676] gpio gpiochip3: (gpio-96-127): created GPIO range 26->27 ==> 44e10800.pinmux PIN 10->11
[    1.028693] gpio gpiochip3: (gpio-96-127): created GPIO range 28->28 ==> 44e10800.pinmux PIN 74->74
[    1.028711] gpio gpiochip3: (gpio-96-127): created GPIO range 29->29 ==> 44e10800.pinmux PIN 81->81
[    1.028730] gpio gpiochip3: (gpio-96-127): created GPIO range 30->31 ==> 44e10800.pinmux PIN 28->29
[    1.034312] l3-aon-clkctrl:0000:0: failed to disable
[    1.042727] gpio gpiochip3: (gpio-96-127): added GPIO chardev (254:3)
[    1.042876] gpio gpiochip3: registered GPIOs 608 to 639 on gpio-96-127
[    1.057377] omap8250 44e09000.serial: using DT '/ocp/interconnect@44c00000/segment@200000/target-module@9000/serial@0' for 'rs485-term' GPIO lookup
[    1.057459] of_get_named_gpiod_flags: can't parse 'rs485-term-gpios' property of node '/ocp/interconnect@44c00000/segment@200000/target-module@9000/serial@0[0]'
[    1.057505] of_get_named_gpiod_flags: can't parse 'rs485-term-gpio' property of node '/ocp/interconnect@44c00000/segment@200000/target-module@9000/serial@0[0]'
[    1.057542] omap8250 44e09000.serial: using lookup tables for GPIO lookup
[    1.057553] omap8250 44e09000.serial: No GPIO consumer rs485-term found
[    1.057563] omap8250 44e09000.serial: using DT '/ocp/interconnect@44c00000/segment@200000/target-module@9000/serial@0' for 'rs485-rx-during-tx' GPIO lookup
[    1.057600] of_get_named_gpiod_flags: can't parse 'rs485-rx-during-tx-gpios' property of node '/ocp/interconnect@44c00000/segment@200000/target-module@9000/serial@0[0]'
[    1.057639] of_get_named_gpiod_flags: can't parse 'rs485-rx-during-tx-gpio' property of node '/ocp/interconnect@44c00000/segment@200000/target-module@9000/serial@0[0]'
[    1.057672] omap8250 44e09000.serial: using lookup tables for GPIO lookup
[    1.057680] omap8250 44e09000.serial: No GPIO consumer rs485-rx-during-tx found
[    1.058069] 44e09000.serial: ttyS0 at MMIO 0x44e09000 (irq = 34, base_baud = 3000000) is a 8250
[    1.058159] printk: legacy console [ttyS0] enabled
[    2.484703] i2c i2c-0: using DT '/ocp/interconnect@44c00000/segment@200000/target-module@b000/i2c@0' for 'scl' GPIO lookup
[    2.484793] of_get_named_gpiod_flags: can't parse 'scl-gpios' property of node '/ocp/interconnect@44c00000/segment@200000/target-module@b000/i2c@0[0]'
[    2.484843] of_get_named_gpiod_flags: can't parse 'scl-gpio' property of node '/ocp/interconnect@44c00000/segment@200000/target-module@b000/i2c@0[0]'
[    2.484885] i2c i2c-0: using lookup tables for GPIO lookup
[    2.484900] i2c i2c-0: No GPIO consumer scl found
[    2.484927] i2c i2c-0: using DT '/ocp/interconnect@44c00000/segment@200000/target-module@b000/i2c@0' for 'sda' GPIO lookup
[    2.484969] of_get_named_gpiod_flags: can't parse 'sda-gpios' property of node '/ocp/interconnect@44c00000/segment@200000/target-module@b000/i2c@0[0]'
[    2.485011] of_get_named_gpiod_flags: can't parse 'sda-gpio' property of node '/ocp/interconnect@44c00000/segment@200000/target-module@b000/i2c@0[0]'
[    2.485048] i2c i2c-0: using lookup tables for GPIO lookup
[    2.485060] i2c i2c-0: No GPIO consumer sda found
[    2.502360] tps65217-pmic: Failed to locate of_node [id: -1]
[    2.508438] tps65217-bl: Failed to locate of_node [id: -1]
[    2.519946] tps65217 0-0024: TPS65217 ID 0xe version 1.2
[    2.526085] /ocp/interconnect@48000000/segment@300000/target-module@e000/lcdc@0: Fixed dependency cycle(s) with /ocp/interconnect@44c00000/segment@200000/target-module@b000/i2c@0/tda19988@70
[    2.543461] /ocp/interconnect@44c00000/segment@200000/target-module@b000/i2c@0/tda19988@70: Fixed dependency cycle(s) with /ocp/interconnect@48000000/segment@300000/target-module@e000/lcdc@0
[    2.560821] omap_i2c 44e0b000.i2c: bus 0 rev0.11 at 400 kHz
[    2.568668] sdhci-omap 48060000.mmc: using DT '/ocp/interconnect@48000000/segment@0/target-module@60000/mmc@0' for 'cd' GPIO lookup
[    2.568776] of_get_named_gpiod_flags: parsed 'cd-gpios' property of node '/ocp/interconnect@48000000/segment@0/target-module@60000/mmc@0[0]' - status (0)
[    2.568845] gpio gpiochip3: Persistence not supported for GPIO 6
[    2.568869] omap_gpio 44e07000.gpio: Could not set line 6 debounce to 200000 microseconds (-22)
[    2.577756] sdhci-omap 48060000.mmc: Got CD GPIO
[    2.582439] sdhci-omap 48060000.mmc: using DT '/ocp/interconnect@48000000/segment@0/target-module@60000/mmc@0' for 'wp' GPIO lookup
[    2.582488] of_get_named_gpiod_flags: can't parse 'wp-gpios' property of node '/ocp/interconnect@48000000/segment@0/target-module@60000/mmc@0[0]'
[    2.582535] of_get_named_gpiod_flags: can't parse 'wp-gpio' property of node '/ocp/interconnect@48000000/segment@0/target-module@60000/mmc@0[0]'
[    2.582575] sdhci-omap 48060000.mmc: using lookup tables for GPIO lookup
[    2.582591] sdhci-omap 48060000.mmc: No GPIO consumer wp found
[    2.582798] sdhci-omap 48060000.mmc: supply pbias not found, using dummy regulator
[    2.591621] sdhci-omap 481d8000.mmc: using DT '/ocp/interconnect@48000000/segment@100000/target-module@d8000/mmc@0' for 'wp' GPIO lookup
[    2.591696] of_get_named_gpiod_flags: can't parse 'wp-gpios' property of node '/ocp/interconnect@48000000/segment@100000/target-module@d8000/mmc@0[0]'
[    2.591746] of_get_named_gpiod_flags: can't parse 'wp-gpio' property of node '/ocp/interconnect@48000000/segment@100000/target-module@d8000/mmc@0[0]'
[    2.591786] sdhci-omap 481d8000.mmc: using lookup tables for GPIO lookup
[    2.591799] sdhci-omap 481d8000.mmc: No GPIO consumer wp found
[    2.592891] sdhci-omap 48060000.mmc: supply vqmmc not found, using dummy regulator
[    2.601894] sdhci-omap 481d8000.mmc: supply pbias not found, using dummy regulator
[    2.609875] sdhci-omap 481d8000.mmc: supply vqmmc not found, using dummy regulator
[    2.648434] mmc1: SDHCI controller on 481d8000.mmc [481d8000.mmc] using External DMA
[    2.657682] mmc0: SDHCI controller on 48060000.mmc [48060000.mmc] using External DMA
[    2.666431] cpsw-switch 4a100000.switch: starting ndev. mode: dual_mac
[    2.710560] mmc0: new high speed SDHC card at address 5048
[    2.717673] mmcblk0: mmc0:5048 SD16G 14.4 GiB
[    2.725927]  mmcblk0: p1 p2
[    2.729342] mmcblk0: p2 size 31221760 extends beyond EOD, truncated
[    2.742586] SMSC LAN8710/LAN8720 4a101000.mdio:00: attached PHY driver (mii_bus:phy_addr=4a101000.mdio:00, irq=POLL)
[    2.759656] mmc1: new high speed MMC card at address 0001
[    2.766702] mmcblk1: mmc1:0001 MMC04G 3.60 GiB
[    2.774184]  mmcblk1: p1 p2
[    2.778437] mmcblk1boot0: mmc1:0001 MMC04G 2.00 MiB
[    2.785796] mmcblk1boot1: mmc1:0001 MMC04G 2.00 MiB
[    2.793396] mmcblk1rpmb: mmc1:0001 MMC04G 128 KiB, chardev (250:0)
[    5.922115] cpsw-switch 4a100000.switch eth0: Link is Up - 100Mbps/Full - flow control off
[    5.951353] IP-Config: Complete:
[    5.954629]      device=eth0, hwaddr=6c:ec:eb:68:de:78, ipaddr=192.168.255.1, mask=255.255.255.0, gw=255.255.255.255
[    5.965272]      host=bbb1, domain=, nis-domain=(none)
[    5.970442]      bootserver=192.168.255.126, rootserver=192.168.255.126, rootpath=
[    5.970860] clk: Disabling unused clocks
[    5.982733] PM: genpd: Disabling unused power domains
[    5.987852] KTAP version 1
[    5.990572] 1..0
[    6.020157] VFS: Mounted root (nfs filesystem) on device 0:17.
[    6.027351] devtmpfs: mounted
[    6.032169] Freeing unused kernel image (initmem) memory: 1024K
[    6.038882] Run /sbin/init as init process
[    6.043107]   with arguments:
[    6.043123]     /sbin/init
[    6.043133]     nfsrootdebug
[    6.043143]   with environment:
[    6.043153]     HOME=/
[    6.043162]     TERM=linux
[    6.769182] systemd[1]: System time before build time, advancing clock.
[    8.221357] random: crng init done
[    8.263213] systemd[1]: systemd 232 running in system mode. (+PAM +AUDIT +SELINUX +IMA +APPARMOR +SMACK +SYSVINIT +UTMP +LIBCRYPTSETUP +GCRYPT +GNUTLS +ACL +XZ +LZ4 +SECCOMP +BLKID +ELFUTILS +KMOD +IDN)
[    8.282270] systemd[1]: Detected architecture arm.
[    8.314692] systemd[1]: Set hostname to <arm>.
[    9.436858] systemd[1]: Started Forward Password Requests to Wall Directory Watch.
[    9.473562] systemd[1]: Listening on Syslog Socket.
[    9.502222] systemd[1]: Listening on Journal Socket.
