Labgrid Console Logfile for main
Logfile started at 2025-07-24 12:08:25.533556
=== Log starts here ===
reading args
spl_load_image_fat_os: error reading image args, err - -1
reading u-boot.img
reading u-boot.img


U-Boot 2014.04-00014-g47880f5 (Apr 22 2014 - 13:23:54)

I2C:   ready
DRAM:  512 MiB
NAND:  0 MiB
MMC:   OMAP SD/MMC: 0, OMAP SD/MMC: 1
*** Warning - readenv() failed, using default environment

Net:   <ethaddr> not set. Validating first E-fuse MAC
cpsw, usb_ether
Hit any key to stop autoboot:  1  0 
gpio: pin 53 (gpio 53) value is 1
mmc0 is current device
gpio: pin 54 (gpio 54) value is 1
SD/MMC found on device 0
reading uEnv.txt
569 bytes read in 4 ms (138.7 KiB/s)
gpio: pin 55 (gpio 55) value is 1
Loaded environment from uEnv.txt
Importing environment from mmc ...
Checking if uenvcmd is set ...
gpio: pin 56 (gpio 56) value is 1
Running uenvcmd ...
cpsw Waiting for PHY auto negotiation to complete. done
link up on port 0, speed 100, full duplex
Using cpsw device
TFTP from server 192.168.255.126; our IP address is 192.168.255.1
Filename 'zImage'.
Load address: 0x81000000
Loading: *#################################################################
	 #################################################################
	 #################################################################
	 #################################################################
	 #################################################################
	 ########################################
	 2.4 MiB/s
done
Bytes transferred = 5346168 (519378 hex)
link up on port 0, speed 100, full duplex
Using cpsw device
TFTP from server 192.168.255.126; our IP address is 192.168.255.1
Filename 'am335x-boneblack.dtb'.
Load address: 0x82000000
Loading: *#######
	 1.2 MiB/s
done
Bytes transferred = 97772 (17dec hex)
Kernel image @ 0x81000000 [ 0x000000 - 0x519378 ]
## Flattened Device Tree blob at 82000000
   Booting using the fdt blob at 0x82000000
   Using Device Tree in place at 82000000, end 8201adeb

Starting kernel ...

[    0.000000] Booting Linux on physical CPU 0x0
[    0.000000] Linux version 6.6.100 (user01@drvtest01) (arm-none-eabi-gcc (Arm GNU Toolchain 14.2.Rel1 (Build arm-14.52)) 14.2.1 20241119, GNU ld (Arm GNU Toolchain 14.2.Rel1 (Build arm-14.52)) 2.43.1.20241119) #1 SMP Thu Jul 24 12:05:05 EEST 2025
[    0.000000] CPU: ARMv7 Processor [413fc082] revision 2 (ARMv7), cr=10c5387d
[    0.000000] CPU: PIPT / VIPT nonaliasing data cache, VIPT aliasing instruction cache
[    0.000000] OF: fdt: Machine model: TI AM335x BeagleBone Black
[    0.000000] Memory policy: Data cache writeback
[    0.000000] cma: Reserved 16 MiB at 0x9e800000 on node -1
[    0.000000] Zone ranges:
[    0.000000]   Normal   [mem 0x0000000080000000-0x000000009fdfffff]
[    0.000000]   HighMem  empty
[    0.000000] Movable zone start for each node
[    0.000000] Early memory node ranges
[    0.000000]   node   0: [mem 0x0000000080000000-0x000000009fdfffff]
[    0.000000] Initmem setup node 0 [mem 0x0000000080000000-0x000000009fdfffff]
[    0.000000] CPU: All CPU(s) started in SVC mode.
[    0.000000] AM335X ES2.1 (sgx neon)
[    0.000000] percpu: Embedded 16 pages/cpu s36116 r8192 d21228 u65536
[    0.000000] Kernel command line: console=ttyO0,115200n8 root=/dev/nfs rw nfsroot=192.168.255.126:/home/user01/nfs,nfsvers=3 ip=192.168.255.1:192.168.255.126::255.255.255.0:bbb1:eth0 nfsrootdebug
[    0.000000] Unknown kernel command line parameters "nfsrootdebug", will be passed to user space.
[    0.000000] Dentry cache hash table entries: 65536 (order: 6, 262144 bytes, linear)
[    0.000000] Inode-cache hash table entries: 32768 (order: 5, 131072 bytes, linear)
[    0.000000] Built 1 zonelists, mobility grouping on.  Total pages: 129412
[    0.000000] mem auto-init: stack:off, heap alloc:off, heap free:off
[    0.000000] Memory: 483604K/522240K available (11264K kernel code, 1165K rwdata, 2704K rodata, 1024K init, 282K bss, 22252K reserved, 16384K cma-reserved, 0K highmem)
[    0.000000] SLUB: HWalign=64, Order=0-3, MinObjects=0, CPUs=1, Nodes=1
[    0.000000] rcu: Hierarchical RCU implementation.
[    0.000000] rcu: 	RCU event tracing is enabled.
[    0.000000] rcu: 	RCU restricting CPUs from NR_CPUS=2 to nr_cpu_ids=1.
[    0.000000] rcu: RCU calculated value of scheduler-enlistment delay is 10 jiffies.
[    0.000000] rcu: Adjusting geometry for rcu_fanout_leaf=16, nr_cpu_ids=1
[    0.000000] NR_IRQS: 16, nr_irqs: 16, preallocated irqs: 16
[    0.000000] IRQ: Found an INTC at 0x(ptrval) (revision 5.0) with 128 interrupts
[    0.000000] rcu: srcu_init: Setting srcu_struct sizes based on contention.
[    0.000000] TI gptimer clocksource: always-on /ocp/interconnect@44c00000/segment@200000/target-module@31000
[    0.000003] sched_clock: 32 bits at 24MHz, resolution 41ns, wraps every 89478484971ns
[    0.000030] clocksource: dmtimer: mask: 0xffffffff max_cycles: 0xffffffff, max_idle_ns: 79635851949 ns
[    0.000512] TI gptimer clockevent: 24000000 Hz at /ocp/interconnect@48000000/segment@0/target-module@40000
[    0.002077] Console: colour dummy device 80x30
[    0.002124] WARNING: Your 'console=ttyO0' has been replaced by 'ttyS0'
[    0.002132] This ensures that you still see kernel messages. Please
[    0.002137] update your kernel commandline.
[    0.002177] Calibrating delay loop... 996.14 BogoMIPS (lpj=4980736)
[    0.090562] CPU: Testing write buffer coherency: ok
[    0.090658] CPU0: Spectre v2: using BPIALL workaround
[    0.090669] pid_max: default: 32768 minimum: 301
[    0.090781] LSM: initializing lsm=capability,integrity
[    0.090949] Mount-cache hash table entries: 1024 (order: 0, 4096 bytes, linear)
[    0.090968] Mountpoint-cache hash table entries: 1024 (order: 0, 4096 bytes, linear)
[    0.092421] CPU0: thread -1, cpu 0, socket -1, mpidr 0
[    0.094024] Setting up static identity map for 0x80100000 - 0x80100078
[    0.094300] rcu: Hierarchical SRCU implementation.
[    0.094311] rcu: 	Max phase no-delay instances is 1000.
[    0.095662] smp: Bringing up secondary CPUs ...
[    0.095719] smp: Brought up 1 node, 1 CPU
[    0.095734] SMP: Total of 1 processors activated (996.14 BogoMIPS).
[    0.095745] CPU: All CPU(s) started in SVC mode.
[    0.096621] devtmpfs: initialized
[    0.113467] VFP support v0.3: implementor 41 architecture 3 part 30 variant c rev 3
[    0.113820] clocksource: jiffies: mask: 0xffffffff max_cycles: 0xffffffff, max_idle_ns: 19112604462750000 ns
[    0.113854] futex hash table entries: 256 (order: 2, 16384 bytes, linear)
[    0.115145] pinctrl core: initialized pinctrl subsystem
[    0.117262] NET: Registered PF_NETLINK/PF_ROUTE protocol family
[    0.119788] DMA: preallocated 256 KiB pool for atomic coherent allocations
[    0.120415] audit: initializing netlink subsys (disabled)
[    0.121988] thermal_sys: Registered thermal governor 'fair_share'
[    0.122011] thermal_sys: Registered thermal governor 'step_wise'
[    0.122017] thermal_sys: Registered thermal governor 'user_space'
[    0.122126] audit: type=2000 audit(0.120:1): state=initialized audit_enabled=0 res=1
[    0.122204] cpuidle: using governor menu
[    0.138674] /ocp/interconnect@44c00000/segment@200000/target-module@b000/i2c@0/tda19988@70: Fixed dependency cycle(s) with /ocp/interconnect@48000000/segment@300000/target-module@e000/lcdc@0
[    0.139743] /ocp/interconnect@48000000/segment@300000/target-module@e000/lcdc@0: Fixed dependency cycle(s) with /ocp/interconnect@44c00000/segment@200000/target-module@b000/i2c@0/tda19988@70
[    0.141975] No ATAGs?
[    0.141994] hw-breakpoint: debug architecture 0x4 unsupported.
[    0.145007] kprobes: kprobe jump-optimization is enabled. All kprobes are optimized if possible.
[    0.163399] iommu: Default domain type: Translated
[    0.163418] iommu: DMA domain TLB invalidation policy: strict mode
[    0.164854] SCSI subsystem initialized
[    0.166677] pps_core: LinuxPPS API ver. 1 registered
[    0.166687] pps_core: Software ver. 5.3.6 - Copyright 2005-2007 Rodolfo Giometti <giometti@linux.it>
[    0.166713] PTP clock support registered
[    0.170839] vgaarb: loaded
[    0.171170] clocksource: Switched to clocksource dmtimer
[    0.171783] VFS: Disk quotas dquot_6.6.0
[    0.171840] VFS: Dquot-cache hash table entries: 1024 (order 0, 4096 bytes)
[    0.202775] NET: Registered PF_INET protocol family
[    0.203114] IP idents hash table entries: 8192 (order: 4, 65536 bytes, linear)
[    0.204435] tcp_listen_portaddr_hash hash table entries: 512 (order: 0, 4096 bytes, linear)
[    0.204473] Table-perturb hash table entries: 65536 (order: 6, 262144 bytes, linear)
[    0.204489] TCP established hash table entries: 4096 (order: 2, 16384 bytes, linear)
[    0.204534] TCP bind hash table entries: 4096 (order: 4, 65536 bytes, linear)
[    0.204635] TCP: Hash tables configured (established 4096 bind 4096)
[    0.204767] UDP hash table entries: 256 (order: 1, 8192 bytes, linear)
[    0.204795] UDP-Lite hash table entries: 256 (order: 1, 8192 bytes, linear)
[    0.204963] NET: Registered PF_UNIX/PF_LOCAL protocol family
[    0.206126] RPC: Registered named UNIX socket transport module.
[    0.206146] RPC: Registered udp transport module.
[    0.206151] RPC: Registered tcp transport module.
[    0.206156] RPC: Registered tcp-with-tls transport module.
[    0.206161] RPC: Registered tcp NFSv4.1 backchannel transport module.
[    0.206183] PCI: CLS 0 bytes, default 64
[    0.207751] Initialise system trusted keyrings
[    0.221390] workingset: timestamp_bits=14 max_order=17 bucket_order=3
[    0.222631] NFS: Registering the id_resolver key type
[    0.222697] Key type id_resolver registered
[    0.222704] Key type id_legacy registered
[    0.222756] jffs2: version 2.2. (NAND) (SUMMARY)  Â© 2001-2006 Red Hat, Inc.
[    0.223142] Key type asymmetric registered
[    0.223158] Asymmetric key parser 'x509' registered
[    0.223231] io scheduler mq-deadline registered
[    0.223242] io scheduler kyber registered
[    0.223310] io scheduler bfq registered
[    0.225985] hw perfevents: enabled with armv7_cortex_a8 PMU driver, 5 counters available
[    0.234275] l3-aon-clkctrl:0000:0: failed to disable
[    0.242520] Serial: 8250/16550 driver, 6 ports, IRQ sharing enabled
[    0.287788] brd: module loaded
[    0.316214] loop: module loaded
[    0.317149] mtdoops: mtd device (mtddev=name/number) must be supplied
[    0.319910] i2c_dev: i2c /dev entries driver
[    0.320881] cpuidle: enable-method property 'ti,am3352' found operations
[    0.321556] sdhci: Secure Digital Host Controller Interface driver
[    0.321568] sdhci: Copyright(c) Pierre Ossman
[    0.321771] sdhci-pltfm: SDHCI platform and OF driver helper
[    0.322049] ledtrig-cpu: registered to indicate activity on CPUs
[    0.322824] Initializing XFRM netlink socket
[    0.322950] NET: Registered PF_INET6 protocol family
[    0.334201] Segment Routing with IPv6
[    0.334275] In-situ OAM (IOAM) with IPv6
[    0.334383] sit: IPv6, IPv4 and MPLS over IPv4 tunneling driver
[    0.335339] NET: Registered PF_PACKET protocol family
[    0.335369] NET: Registered PF_KEY protocol family
[    0.335532] Key type dns_resolver registered
[    0.335753] ThumbEE CPU extension supported.
[    0.335774] Registering SWP/SWPB emulation handler
[    0.336285] omap_voltage_late_init: Voltage driver support not added
[    0.336932] SmartReflex Class3 initialized
[    0.363647] Loading compiled-in X.509 certificates
[    0.411315] /ocp/interconnect@44c00000/segment@200000/target-module@b000/i2c@0/tda19988@70: Fixed dependency cycle(s) with /ocp/interconnect@48000000/segment@300000/target-module@e000/lcdc@0
[    0.417488] /ocp/interconnect@44c00000/segment@200000/target-module@b000/i2c@0/tda19988@70: Fixed dependency cycle(s) with /ocp/interconnect@48000000/segment@300000/target-module@e000/lcdc@0
[    0.425486] /ocp/interconnect@44c00000/segment@200000/target-module@b000/i2c@0/tda19988@70: Fixe d dependency cycle(s) with /ocp/interconnect@48000000/segment@300000/target-module@e000/lcdc@0
[    0.426333] /ocp/interconnect@44c00000/segment@200000/target-module@b000/i2c@0/tda19988@70: Fixed dependency cycle(s) with /ocp/interconnect@48000000/segment@300000/target-module@e000/lcdc@0
[    0.429532] /ocp/interconnect@44c00000/segment@200000/target-module@10000/scm@0/pinmux@800: Fixed dependency cycle(s) with /ocp/interconnect@44c00000/segment@200000/target-module@10000/scm@0/pinmux@800/clkout2-pins
 [    0.430139] pinctrl-single 44e10800.pinmux: 142 pins, size 568
[    0.435345] ti-sysc: probe of 44e31000.target-module failed with error -16
[    0.484061] /ocp/interconnect@48000000/segment@300000/target-module@e000/lcdc@0: Fixed dependency cycle(s) with /ocp/interconnect@44c00000/segment@200000/target-module@b000/i2c@0/tda19988@70
[    0.491757] ti-sysc: probe of 48040000.target-module failed with error -16
[    0.533610] OMAP GPIO hardware version 0.1
[    0.567204] omap_i2c 4819c000.i2c: bus 2 rev0.11 at 100 kHz
[    0.596269] /ocp/interconnect@48000000/segment@300000/target-module@e000/lcdc@0: Fixed dependency cycle(s) with /ocp/interconnect@44c00000/segment@200000/target-module@b000/i2c@0/tda19988@70
[    0.598932] /ocp/interconnect@48000000/segment@300000/target-module@e000/lcdc@0: Fixed dependency cycle(s) with /ocp/interconnect@44c00000/segment@200000/target-module@b000/i2c@0/tda19988@70
[    0.599597] /ocp/interconnect@44c00000/segment@200000/target-module@b000/i2c@0/tda19988@70: Fixed dependency cycle(s) with /ocp/interconnect@48000000/segment@300000/target-module@e000/lcdc@0
[    0.599771] /ocp/interconnect@48000000/segment@300000/target-module@e000/lcdc@0: Fixed dependency cycle(s) with /ocp/interconnect@44c00000/segment@200000/target-module@b000/i2c@0/tda19988@70
[    0.610846] sdhci-omap 481d8000.mmc: supply pbias not found, using dummy regulator
[    0.612491] sdhci-omap 481d8000.mmc: supply vqmmc not found, using dummy regulator
[    0.685401] davinci_mdio 4a101000.mdio: davinci md  2.182154] tps65217-pmic: Failed to locate of_node [id: -1]
[    2.188188] tps65217-bl: Failed to locate of_node [id: -1]
[    2.199131] tps65217 0-0024: TPS65217 ID 0xe version 1.2
[    2.205278] /ocp/interconnect@48000000/segment@300000/target-module@e000/lcdc@0: Fixed dependency cycle(s) with /ocp/interconnect@44c00000/segment@200000/target-module@b000/i2c@0/tda19988@70
[    2.222622] /ocp/interconnect@44c00000/segment@200000/target-module@b000/i2c@0/tda19988@70: Fixed dependency cycle(s) with /ocp/interconnect@48000000/segment@300000/target-module@e000/lcdc@0
[    2.239965] omap_i2c 44e0b000.i2c: bus 0 rev0.11 at 400 kHz
[    2.247771] omap_gpio 44e07000.gpio: Could not set line 6 debounce to 200000 microseconds (-22)
[    2.256662] sdhci-omap 48060000.mmc: Got CD GPIO
[    2.261683] sdhci-omap 48060000.mmc: supply pbias not found, using dummy regulator
[    2.271646] sdhci-omap 48060000.mmc: supply vqmmc not found, using dummy regulator
[    2.280157] sdhci-omap 481d8000.mmc: supply pbias not found, using dummy regulator
[    2.288934] sdhci-omap 481d8000.mmc: supply vqmmc not found, using dummy regulator
[    2.328205] mmc1: SDHCI controller on 481d8000.mmc [481d8000.mmc] using External DMA
[    2.336592] mmc0: SDHCI controller on 48060000.mmc [48060000.mmc] using External DMA
[    2.345244] cpsw-switch 4a100000.switch: starting ndev. mode: dual_mac
[    2.390026] mmc0: new high speed SDHC card at address 5048
[    2.396965] mmcblk0: mmc0:5048 SD16G 14.4 GiB
[    2.404766]  mmcblk0: p1 p2
[    2.408007] mmcblk0: p2 size 31221760 extends beyond EOD, truncated
[    2.422555] mmc1: new high speed MMC card at address 0001
[    2.429240] mmcblk1: mmc1:0001 MMC04G 3.60 GiB
[    2.436381]  mmcblk1: p1 p2
[    2.440544] mmcblk1boot0: mmc1:0001 MMC04G 2.00 MiB
[    2.447650] mmcblk1boot1: mmc1:0001 MMC04G 2.00 MiB
[    2.454538] mmcblk1rpmb: mmc1:0001 MMC04G 128 KiB, chardev (250:0)
[    2.502348] SMSC LAN8710/LAN8720 4a101000.mdio:00: attached PHY driver (mii_bus:phy_addr=4a101000.mdio:00, irq=POLL)
[    5.681898] cpsw-switch 4a100000.switch eth0: Link is Up - 100Mbps/Full - flow control off
[    5.721387] IP-Config: Complete:
[    5.724657]      device=eth0, hwaddr=6c:ec:eb:68:de:78, ipaddr=192.168.255.1, mask=255.255.255.0, gw=255.255.255.255
[    5.735308]      host=bbb1, domain=, nis-domain=(none)
[    5.740473]      bootserver=192.168.255.126, rootserver=192.168.255.126, rootpath=
[    5.740885] clk: Disabling unused clocks
[    5.752737] KTAP version 1
[    5.755465] 1..0
[    5.778952] VFS: Mounted root (nfs filesystem) on device 0:16.
[    5.786014] devtmpfs: mounted
[    5.790623] Freeing unused kernel image (initmem) memory: 1024K
[    5.797388] Run /sbin/init as init process
[    6.472237] systemd[1]: System time before build time, advancing clock.
[    7.951188] random: crng init done
[    8.021559] systemd[1]: systemd 232 running in system mode. (+PAM +AUDIT +SELINUX +IMA +APPARMOR +SMACK +SYSVINIT +UTMP +LIBCRYPTSETUP +GCRYPT +GNUTLS +ACL +XZ +LZ4 +SECCOMP +BLKID +ELFUTILS +KMOD +IDN)
[    8.040485] systemd[1]: Detected architecture arm.

Welcome to [1mDebian GNU/Linux 9 (stretch)[0m!

[    8.084131] systemd[1]: Set hostname to <arm>.
[    9.131902] systemd[1]: Listening on Syslog Socket.
[[0;32m  OK  [0m] Listening on Syslog Socket.
[    9.172212] systemd[1]: Started Dispatch Password Requests to Console Directory Watch.
[[0;32m  OK  [0m] Started Dispatch Password Requests to Console Directory Watch.
[    9.211515] systemd[1]: Reached target Remote File Systems.
[[0;32m  OK  [0m] Reached target Remote File Systems.
[    9.251851] systemd[1]: Listening on Journal Socket (/dev/log).
[[0;32m  OK  [0m] Listening on Journal Socket (/dev/log).
[    9.291866] systemd[1]: Listening on Journal Socket.
[[0;32m  OK  [0m] Listening on Journal Socket.
[    9.332155] systemd[1]: Listening on Journal Audit Socket.
[[0;32m  OK  [0m] Listening on Journal Audit Socket.
[    9.373050] systemd[1]: Listening on udev Control Socket.
[[0;32m  OK  [0m] Listening on udev Control Socket.
[[0;32m  OK  [0m] Listening on /dev/initctl Compatibility Named Pipe.
[[0;32m  OK  [0m] Listening on udev Kernel Socket.
[[0;32m  OK  [0m] Created slice System Slice.
         Mounting POSIX Message Queue File System...
         Starting Create list of required stâ€¦ce nodes for the current kernel...
[[0;32m  OK  [0m] Created slice system-serial\x2dgetty.slice.
         Starting Load Kernel Modules...
[[0;32m  OK  [0m] Created slice system-getty.slice.
         Mounting Debug File System...
         Starting Journal Service...
         Starting Remount Root and Kernel File Systems...
[[0;32m  OK  [0m] Set up automount Arbitrary Executabâ€¦rmats File System Automount Point.
[[0;32m  OK  [0m] Started Forward Password Requests to Wall Directory Watch.
[[0;32m  OK  [0m] Reached target Encrypted Volumes.
[[0;32m  OK  [0m] Created slice User and Session Slice.
[[0;32m  OK  [0m] Reached target Slices.
[[0;32m  OK  [0m] Reached target Swap.
[[0;32m  OK  [0m] Reached target Paths.
[[0;32m  OK  [0m] Mounted POSIX Message Queue File System.
[[0;32m  OK  [0m] Mounted Debug File System.
[[0;32m  OK  [0m] Started Create list of required staâ€¦vice nodes for the current kernel.
[[0;32m  OK  [0m] Started Load Kernel Modules.
[[0;32m  OK  [0m] Started Remount Root and Kernel File Systems.
         Starting udev Coldplug all Devices...
         Starting Load/Save Random Seed...
         Starting Apply Kernel Variables...
         Mounting Configuration File System...
         Starting Create Static Device Nodes in /dev...
[[0;32m  OK  [0m] Mounted Configuration File System.
[[0;32m  OK  [0m] Started Load/Save Random Seed.
[[0;32m  OK  [0m] Started Apply Kernel Variables.
[[0;32m  OK  [0m] Started Journal Service.
         Starting Flush Journal to Persistent Storage...
[[0;32m  OK  [0m] Started Create Static Device Nodes in /dev.
[[0;32m  OK  [0m] Reached target Local File Systems (Pre).
[[0;32m  OK  [0m] Reached target Local File Systems.
         Starting Raise network interfaces...
         Starting udev Kernel Device Manager...
[   11.367027] systemd-journald[83]: Received request to flush runtime journal from PID 1
[[0;32m  OK  [0m] Started Flush Journal to Persistent Storage.
         Starting Create Volatile Files and Directories...
[[0;32m  OK  [0m] Started udev Kernel Device Manager.
[[0;32m  OK  [0m] Started Create Volatile Files and Directories.
         Starting Update UTMP about System Boot/Shutdown...
         Starting Network Time Synchronization...
[[0;32m  OK  [0m] Started Update UTMP about System Boot/Shutdown.
[[0;32m  OK  [0m] Started udev Coldplug all Devices.
[[0;32m  OK  [0m] Started Network Time Synchronization.
[[0;32m  OK  [0m] Reached target System Time Synchronized.
[[0;32m  OK  [0m] Reached target System Initialization.
[[0;32m  OK  [0m] Started Daily Cleanup of Temporary Directories.
[   14.697038] remoteproc remoteproc0: wkup_m3 is available
[[0;32m  OK  [0m] Started Daily apt download activities.
[[0;32m  OK  [0m] Listening on D-Bus System Message Bus Socket.
[   14.803897] omap_rtc 44e3e000.rtc: registered as rtc0
[   14.809970] omap_rtc 44e3e000.rtc: setting system clock to 2000-01-01T00:00:01 UTC (946684801)
[[0;32m  OK  [0m] Listening on Avahi mDNS/DNS-SD Stack Activation Socket.
[[0;32m  OK  [0m] Reached target Sockets.
[[0;32m  OK  [0m] Reached target Basic System.
         Starting Cape Manager Service...
[   15.216719] omap_wdt: OMAP Watchdog Timer Rev 0x01: initial timeout 60 sec
         Starting Login Service...
         Starting System Logging Service...
[   15.333480] am335x-phy-driver 47401300.usb-phy: dummy supplies not allowed for exclusive requests
[   15.357243] at24 2-0054: supply vcc not found, using dummy regulator
[   15.400052] usbcore: registered new interface driver usbfs
[   15.405876] usbcore: registered new interface driver hub
[   15.411389] usbcore: registered new device driver usb
[[0;32m  OK  [0m] Started D-Bus System Message Bus.
[   15.602227] at24 2-0055: supply vcc not found, using dummy regulator
[   15.687575] at24 2-0056: supply vcc not found, using dummy regulator
[   15.763757] am335x-phy-driver 47401b00.usb-phy: dummy supplies not allowed for exclusive requests
[   15.810242] at24 2-0057: supply vcc not found, using dummy regulator
[   15.925288] at24 0-0050: 32768 byte 24c256 EEPROM, writable, 1 bytes/write
[   16.264081] tps6521x_pwrbutton tps65217-pwrbutton: DMA mask not set
[   16.338264] input: tps65217_pwrbutton as /devices/platform/ocp/44c00000.interconnect/44c00000.interconnect:segment@200000/44e0b000.target-module/44e0b000.i2c/i2c-0/0-0024/tps65217-pwrbutton/input/input0
[   16.435833] wkup_m3_ipc 44e11324.wkup_m3_ipc: IPC Request for A8->M3 Channel failed! -517
[   16.659393] wkup_m3_ipc 44e11324.wkup_m3_ipc: IPC Request for A8->M3 Channel failed! -517
[   16.822627] musb-hdrc musb-hdrc.1: MUSB HDRC host driver
[   16.828041] musb-hdrc musb-hdrc.1: new USB bus registered, assigned bus number 1
[   16.839809] wkup_m3_ipc 44e11324.wkup_m3_ipc: IPC Request for A8->M3 Channel failed! -517
[   17.012720] usb usb1: New USB device found, idVendor=1d6b, idProduct=0002, bcdDevice= 6.06
[   17.021292] usb usb1: New USB device strings: Mfr=3, Product=2, SerialNumber=1
[   17.028557] usb usb1: Product: MUSB HDRC host driver
[   17.033639] usb usb1: Manufacturer: Linux 6.6.100 musb-hcd
[   17.039154] usb usb1: SerialNumber: musb-hdrc.1
[   17.155473] tda998x 0-0070: found TDA19988
[   17.196183] hub 1-0:1.0: USB hub found
[   17.265920] hub 1-0:1.0: 1 port detected
[   17.274249] wkup_m3_ipc 44e11324.wkup_m3_ipc: IPC Request for A8->M3 Channel failed! -517
[   17.416799] wkup_m3_ipc 44e11324.wkup_m3_ipc: IPC Request for A8->M3 Channel failed! -517
[   17.608224] omap-mailbox 480c8000.mailbox: omap mailbox rev 0x400
[   17.663284] remoteproc remoteproc0: powering up wkup_m3
[   17.796628] remoteproc remoteproc0: Direct firmware load for am335x-pm-firmware.elf failed with error -2
[   17.806423] remoteproc remoteproc0: request_firmware failed: -2
[   17.812463] wkup_m3_ipc 44e11324.wkup_m3_ipc: rproc_boot failed
[   19.367310] tilcdc 4830e000.lcdc: bound 0-0070 (ops tda998x_audio_codec_init [tda998x])
[   19.388745] omap_rng 48310000.rng: Random Number Generator ver. 20
[   19.478865] [drm] Initialized tilcdc 1.0.0 20121205 for 4830e000.lcdc on minor 0
[   19.588439] tilcdc 4830e000.lcdc: [drm] Cannot find any crtc or sizes
[   19.668360] tilcdc 4830e000.lcdc: [drm] Cannot find any crtc or sizes
         Starting Connection service...
         Starting Generic Board Startup...
         Starting DUN service...
[[0;32m  OK  [0m] Started Regular background program processing daemon.
         Starting Avahi mDNS/DNS-SD Stack...
         Starting LSB: Start busybox udhcpd at boot time...
         Starting Telephony service...
[   20.563463] PM: Cannot get wkup_m3_ipc handle
         Starting LSB: Load kernel modules needed to enable cpufreq scaling...
[[0;32m  OK  [0m] Started Daily apt upgrade and clean activities.
[[0;32m  OK  [0m] Reached target Timers.
[[0;32m  OK  [0m] Started System Logging Service.
[   21.055657] omap-sham 53100000.sham: hw accel on OMAP rev 4.3
[[0;32m  OK  [0m] Started Cape Manager Service.
[   21.191539] omap-sham 53100000.sham: will run requests pump with realtime priority
[   21.205237] PM: Cannot get wkup_m3_ipc handle
[   21.374889] omap-aes 53500000.aes: OMAP AES hw accel rev: 3.2
[[0;32m  OK  [0m] Found device /dev/ttyS0.
[   21.511427] omap-aes 53500000.aes: will run requests pump with realtime priority
[   21.519827] PM: Cannot get wkup_m3_ipc handle
[   23.664344] Bluetooth: Core ver 2.22
[   23.668161] NET: Registered PF_BLUETOOTH protocol family
[   23.673714] Bluetooth: HCI device and connection manager initialized
[   23.680129] Bluetooth: HCI socket layer initialized
[   23.685102] Bluetooth: L2CAP socket layer initialized
[   23.690215] Bluetooth: SCO socket layer initialized
[   24.923945] PM: Cannot get wkup_m3_ipc handle
[   25.083208] PM: Cannot get wkup_m3_ipc handle
[[0;32m  OK  [0m] Started LSB: Start busybox udhcpd at boot time.
[[0;32m  OK  [0m] Started Raise network interfaces.
[[0;32m  OK  [0m] Started LSB: Load kernel modules needed to enable cpufreq scaling.
[   28.457481] configfs-gadget.g_multi gadget.0: HOST MAC 1c:ba:8c:a2:ed:6c
[   28.464469] configfs-gadget.g_multi gadget.0: MAC 1c:ba:8c:a2:ed:70
[   28.471944] configfs-gadget.g_multi gadget.0: HOST MAC 1c:ba:8c:a2:ed:6c
[   28.478706] configfs-gadget.g_multi gadget.0: MAC 1c:ba:8c:a2:ed:6d
[   28.491868] PM: Cannot get wkup_m3_ipc handle
[[0;32m  OK  [0m] Started DUN service.
[[0;32m  OK  [0m] Started Telephony service.
[[0;32m  OK  [0m] Started Connection service.
[[0;32m  OK  [0m] Started Avahi mDNS/DNS-SD Stack.
[[0;32m  OK  [0m] Started Login Service.
         Starting Hostname Service...
         Starting WPA supplicant...
[[0;32m  OK  [0m] Reached target Sound Card.
         Starting LSB: set CPUFreq kernel parameters...
[[0;32m  OK  [0m] Started WPA supplicant.
[[0;32m  OK  [0m] Started Hostname Service.
[[0;32m  OK  [0m] Reached target Network.
         Starting OpenBSD Secure Shell server...
[[0;32m  OK  [0m] Reached target Network is Online.
         Starting LSB: Advanced IEEE 802.11 management daemon...
         Starting The Apache HTTP Server...
         Starting Permit User Sessions...
[[0;32m  OK  [0m] Started LSB: set CPUFreq kernel parameters.
[[0;32m  OK  [0m] Started LSB: Advanced IEEE 802.11 management daemon.
[[0;32m  OK  [0m] Started Permit User Sessions.
[[0;32m  OK  [0m] Started Serial Getty on ttyS0.
[[0;32m  OK  [0m] Started Getty on tty1.
[[0;32m  OK  [0m] Reached target Login Prompts.
         Stopping LSB: Start busybox udhcpd at boot time...
[[0;32m  OK  [0m] Started OpenBSD Secure Shell server.
[[0;32m  OK  [0m] Stopped LSB: Start busybox udhcpd at boot time.
         Starting dnsmasq - A lightweight DHCP and caching DNS server...
[[0;32m  OK  [0m] Started The Apache HTTP Server.
[[0;32m  OK  [0m] Started dnsmasq - A lightweight DHCP and caching DNS server.
[[0;32m  OK  [0m] Reached target Host and Network Name Lookups.
[[0;32m  OK  [0m] Started Serial Getty on ttyGS0.
[[0;32m  OK  [0m] Started Generic Board Startup.
[[0;32m  OK  [0m] Reached target Multi-User System.
[[0;32m  OK  [0m] Reached target Graphical Interface.
         Starting Update UTMP about System Runlevel Changes...
[[0;32m  OK  [0m] Started Update UTMP about System Runlevel Changes.

Debian GNU/Linux 9 arm ttyS0

default username:password is [debian:temppwd]

arm login: root
Password: 
Last login: Sat Jan  1 00:00:33 UTC 2000 on ttyS0
root
Linux arm 6.6.100 #1 SMP Thu Jul 24 12:05:05 EEST 2025 armv7l

The programs included with the Debian GNU/Linux system are free software;
the exact distribution terms for each program are described in the
individual files in /usr/share/doc/*/copyright.

Debian GNU/Linux comes with ABSOLUTELY NO WARRANTY, to the extent
permitted by applicable law.
root@arm:~# root
-bash: root: command not found
root@arm:~# dmesg -n 1
root@arm:~# echo 'QAFU''YKAZLC'
QAFUYKAZLC
root@arm:~# run() { echo -n "$MARKER"; sh -c "$@"; echo "$MARKER $?"; }
root@arm:~# echo 'HKOH''TXSPYZ'
HKOHTXSPYZ
root@arm:~# MARKER='ELXQ''GPVNNZ' run 'cat /proc/version'
ELXQGPVNNZLinux version 6.6.100 (user01@drvtest01) (arm-none-eabi-gcc (Arm GNU Toolchain 14.2.Rel1 (Build arm-14.52)) 14.2.1 20241119, GNU ld (Arm GNU Toolchain 14.2.Rel1 (Build arm-14.52)) 2.43.1.20241119) #1 SMP Thu Jul 24 12:05:05 EEST 2025
ELXQGPVNNZ 0
root@arm:~# echo 'TBQC''HNKKWQ'
TBQCHNKKWQ
root@arm:~# MARKER='LZYZ''TKECTV' run false
LZYZTKECTVLZYZTKECTV 1
root@arm:~# Labgrid Console Logfile for main
Logfile started at 2025-07-24 12:09:24.283755
=== Log starts here ===

root@arm:~# run() { echo -n "$MARKER"; sh -c "$@"; echo "$MARKER $?"; }
root@arm:~# echo 'LNLO''CZZXZB'
LNLOCZZXZB
root@arm:~# MARKER='HKSC''OAUVUQ' run 'ls /iio_generic_buffer; echo $?'
HKSCOAUVUQ/iio_generic_buffer
0
HKSCOAUVUQ 0
root@arm:~# Labgrid Console Logfile for main
Logfile started at 2025-07-24 12:09:27.732994
=== Log starts here ===

root@arm:~# run() { echo -n "$MARKER"; sh -c "$@"; echo "$MARKER $?"; }
root@arm:~# echo 'OWXL''CXZJAK'
OWXLCXZJAK
root@arm:~# MARKER='PVFZ''TYPHPO' run dmesg
PVFZTYPHPO[    0.000000] Booting Linux on physical CPU 0x0
[    0.000000] Linux version 6.6.100 (user01@drvtest01) (arm-none-eabi-gcc (Arm GNU Toolchain 14.2.Rel1 (Build arm-14.52)) 14.2.1 20241119, GNU ld (Arm GNU Toolchain 14.2.Rel1 (Build arm-14.52)) 2.43.1.20241119) #1 SMP Thu Jul 24 12:05:05 EEST 2025
[    0.000000] CPU: ARMv7 Processor [413fc082] revision 2 (ARMv7), cr=10c5387d
[    0.000000] CPU: PIPT / VIPT nonaliasing data cache, VIPT aliasing instruction cache
[    0.000000] OF: fdt: Machine model: TI AM335x BeagleBone Black
[    0.000000] Memory policy: Data cache writeback
[    0.000000] cma: Reserved 16 MiB at 0x9e800000 on node -1
[    0.000000] Zone ranges:
[    0.000000]   Normal   [mem 0x0000000080000000-0x000000009fdfffff]
[    0.000000]   HighMem  empty
[    0.000000] Movable zone start for each node
[    0.000000] Early memory node ranges
[    0.000000]   node   0: [mem 0x0000000080000000-0x000000009fdfffff]
[    0.000000] Initmem setup node 0 [mem 0x0000000080000000-0x000000009fdfffff]
[    0.000000] CPU: All CPU(s) started in SVC mode.
[    0.000000] AM335X ES2.1 (sgx neon)
[    0.000000] percpu: Embedded 16 pages/cpu s36116 r8192 d21228 u65536
[    0.000000] pcpu-alloc: s36116 r8192 d21228 u65536 alloc=16*4096
[    0.000000] pcpu-alloc: [0] 0 
[    0.000000] Kernel command line: console=ttyO0,115200n8 root=/dev/nfs rw nfsroot=192.168.255.126:/home/user01/nfs,nfsvers=3 ip=192.168.255.1:192.168.255.126::255.255.255.0:bbb1:eth0 nfsrootdebug
[    0.000000] Unknown kernel command line parameters "nfsrootdebug", will be passed to user space.
[    0.000000] Dentry cache hash table entries: 65536 (order: 6, 262144 bytes, linear)
[    0.000000] Inode-cache hash table entries: 32768 (order: 5, 131072 bytes, linear)
[    0.000000] Built 1 zonelists, mobility grouping on.  Total pages: 129412
[    0.000000] mem auto-init: stack:off, heap alloc:off, heap free:off
[    0.000000] Memory: 483604K/522240K available (11264K kernel code, 1165K rwdata, 2704K rodata, 1024K init, 282K bss, 22252K reserved, 16384K cma-reserved, 0K highmem)
[    0.000000] SLUB: HWalign=64, Order=0-3, MinObjects=0, CPUs=1, Nodes=1
[    0.000000] rcu: Hierarchical RCU implementation.
[    0.000000] rcu: 	RCU event tracing is enabled.
[    0.000000] rcu: 	RCU restricting CPUs from NR_CPUS=2 to nr_cpu_ids=1.
[    0.000000] rcu: RCU calculated value of scheduler-enlistment delay is 10 jiffies.
[    0.000000] rcu: Adjusting geometry for rcu_fanout_leaf=16, nr_cpu_ids=1
[    0.000000] NR_IRQS: 16, nr_irqs: 16, preallocated irqs: 16
[    0.000000] IRQ: Found an INTC at 0x(ptrval) (revision 5.0) with 128 interrupts
[    0.000000] rcu: srcu_init: Setting srcu_struct sizes based on contention.
[    0.000000] TI gptimer clocksource: always-on /ocp/interconnect@44c00000/segment@200000/target-module@31000
[    0.000003] sched_clock: 32 bits at 24MHz, resolution 41ns, wraps every 89478484971ns
[    0.000030] clocksource: dmtimer: mask: 0xffffffff max_cycles: 0xffffffff, max_idle_ns: 79635851949 ns
[    0.000512] TI gptimer clockevent: 24000000 Hz at /ocp/interconnect@48000000/segment@0/target-module@40000
[    0.002077] Console: colour dummy device 80x30
[    0.002124] WARNING: Your 'console=ttyO0' has been replaced by 'ttyS0'
[    0.002132] This ensures that you still see kernel messages. Please
[    0.002137] update your kernel commandline.
[    0.002177] Calibrating delay loop... 996.14 BogoMIPS (lpj=4980736)
[    0.090562] CPU: Testing write buffer coherency: ok
[    0.090658] CPU0: Spectre v2: using BPIALL workaround
[    0.090669] pid_max: default: 32768 minimum: 301
[    0.090781] LSM: initializing lsm=capability,integrity
[    0.090949] Mount-cache hash table entries: 1024 (order: 0, 4096 bytes, linear)
[    0.090968] Mountpoint-cache hash table entries: 1024 (order: 0, 4096 bytes, linear)
[    0.092421] CPU0: thread -1, cpu 0, socket -1, mpidr 0
[    0.094024] Setting up static identity map for 0x80100000 - 0x80100078
[    0.094300] rcu: Hierarchical SRCU implementation.
[    0.094311] rcu: 	Max phase no-delay instances is 1000.
[    0.095662] smp: Bringing up secondary CPUs ...
[    0.095719] smp: Brought up 1 node, 1 CPU
[    0.095734] SMP: Total of 1 processors activated (996.14 BogoMIPS).
[    0.095745] CPU: All CPU(s) started in SVC mode.
[    0.096621] devtmpfs: initialized
[    0.113467] VFP support v0.3: implementor 41 architecture 3 part 30 variant c rev 3
[    0.113820] clocksource: jiffies: mask: 0xffffffff max_cycles: 0xffffffff, max_idle_ns: 19112604462750000 ns
[    0.113854] futex hash table entries: 256 (order: 2, 16384 bytes, linear)
[    0.115145] pinctrl core: initialized pinctrl subsystem
[    0.117262] NET: Registered PF_NETLINK/PF_ROUTE protocol family
[    0.119788] DMA: preallocated 256 KiB pool for atomic coherent allocations
[    0.120415] audit: initializing netlink subsys (disabled)
[    0.121988] thermal_sys: Registered thermal governor 'fair_share'
[    0.122011] thermal_sys: Registered thermal governor 'step_wise'
[    0.122017] thermal_sys: Registered thermal governor 'user_space'
[    0.122126] audit: type=2000 audit(0.120:1): state=initialized audit_enabled=0 res=1
[    0.122204] cpuidle: using governor menu
[    0.138674] /ocp/interconnect@44c00000/segment@200000/target-module@b000/i2c@0/tda19988@70: Fixed dependency cycle(s) with /ocp/interconnect@48000000/segment@300000/target-module@e000/lcdc@0
[    0.139743] /ocp/interconnect@48000000/segment@300000/target-module@e000/lcdc@0: Fixed dependency cycle(s) with /ocp/interconnect@44c00000/segment@200000/target-module@b000/i2c@0/tda19988@70
[    0.141975] No ATAGs?
[    0.141994] hw-breakpoint: debug architecture 0x4 unsupported.
[    0.145007] kprobes: kprobe jump-optimization is enabled. All kprobes are optimized if possible.
[    0.163399] iommu: Default domain type: Translated
[    0.163418] iommu: DMA domain TLB invalidation policy: strict mode
[    0.164854] SCSI subsystem initialized
[    0.165681] reg-fixed-voltage fixedregulator0: using DT '/fixedregulator0' for '(null)' GPIO lookup
[    0.165734] of_get_named_gpiod_flags: can't parse 'gpios' property of node '/fixedregulator0[0]'
[    0.165762] of_get_named_gpiod_flags: can't parse 'gpio' property of node '/fixedregulator0[0]'
[    0.165779] reg-fixed-voltage fixedregulator0: using lookup tables for GPIO lookup
[    0.165789] reg-fixed-voltage fixedregulator0: No GPIO consumer (null) found
[    0.166323] libata version 3.00 loaded.
[    0.166677] pps_core: LinuxPPS API ver. 1 registered
[    0.166687] pps_core: Software ver. 5.3.6 - Copyright 2005-2007 Rodolfo Giometti <giometti@linux.it>
[    0.166713] PTP clock support registered
[    0.170839] vgaarb: loaded
[    0.171170] clocksource: Switched to clocksource dmtimer
[    0.171783] VFS: Disk quotas dquot_6.6.0
[    0.171840] VFS: Dquot-cache hash table entries: 1024 (order 0, 4096 bytes)
[    0.202775] NET: Registered PF_INET protocol family
[    0.203114] IP idents hash table entries: 8192 (order: 4, 65536 bytes, linear)
[    0.204435] tcp_listen_portaddr_hash hash table entries: 512 (order: 0, 4096 bytes, linear)
[    0.204473] Table-perturb hash table entries: 65536 (order: 6, 262144 bytes, linear)
[    0.204489] TCP established hash table entries: 4096 (order: 2, 16384 bytes, linear)
[    0.204534] TCP bind hash table entries: 4096 (order: 4, 65536 bytes, linear)
[    0.204635] TCP: Hash tables configured (established 4096 bind 4096)
[    0.204767] UDP hash table entries: 256 (order: 1, 8192 bytes, linear)
[    0.204795] UDP-Lite hash table entries: 256 (order: 1, 8192 bytes, linear)
[    0.204963] NET: Registered PF_UNIX/PF_LOCAL protocol family
[    0.206126] RPC: Registered named UNIX socket transport module.
[    0.206146] RPC: Registered udp transport module.
[    0.206151] RPC: Registered tcp transport module.
[    0.206156] RPC: Registered tcp-with-tls transport module.
[    0.206161] RPC: Registered tcp NFSv4.1 backchannel transport module.
[    0.206183] PCI: CLS 0 bytes, default 64
[    0.207751] Initialise system trusted keyrings
[    0.221390] workingset: timestamp_bits=14 max_order=17 bucket_order=3
[    0.222631] NFS: Registering the id_resolver key type
[    0.222697] Key type id_resolver registered
[    0.222704] Key type id_legacy registered
[    0.222756] jffs2: version 2.2. (NAND) (SUMMARY)  Â© 2001-2006 Red Hat, Inc.
[    0.223142] Key type asymmetric registered
[    0.223158] Asymmetric key parser 'x509' registered
[    0.223231] io scheduler mq-deadline registered
[    0.223242] io scheduler kyber registered
[    0.223310] io scheduler bfq registered
[    0.225985] hw perfevents: enabled with armv7_cortex_a8 PMU driver, 5 counters available
[    0.234275] l3-aon-clkctrl:0000:0: failed to disable
[    0.242520] Serial: 8250/16550 driver, 6 ports, IRQ sharing enabled
[    0.287788] brd: module loaded
[    0.316214] loop: module loaded
[    0.317149] mtdoops: mtd device (mtddev=name/number) must be supplied
[    0.318656] mdio_bus fixed-0: using lookup tables for GPIO lookup
[    0.318679] mdio_bus fixed-0: No GPIO consumer reset found
[    0.319910] i2c_dev: i2c /dev entries driver
[    0.320881] cpuidle: enable-method property 'ti,am3352' found operations
[    0.321556] sdhci: Secure Digital Host Controller Interface driver
[    0.321568] sdhci: Copyright(c) Pierre Ossman
[    0.321771] sdhci-pltfm: SDHCI platform and OF driver helper
[    0.322049] ledtrig-cpu: registered to indicate activity on CPUs
[    0.322824] Initializing XFRM netlink socket
[    0.322950] NET: Registered PF_INET6 protocol family
[    0.334201] Segment Routing with IPv6
[    0.334275] In-situ OAM (IOAM) with IPv6
[    0.334383] sit: IPv6, IPv4 and MPLS over IPv4 tunneling driver
[    0.335339] NET: Registered PF_PACKET protocol family
[    0.335369] NET: Registered PF_KEY protocol family
[    0.335532] Key type dns_resolver registered
[    0.335753] ThumbEE CPU extension supported.
[    0.335774] Registering SWP/SWPB emulation handler
[    0.336285] omap_voltage_late_init: Voltage driver support not added
[    0.336932] SmartReflex Class3 initialized
[    0.363647] Loading compiled-in X.509 certificates
[    0.411315] /ocp/interconnect@44c00000/segment@200000/target-module@b000/i2c@0/tda19988@70: Fixed dependency cycle(s) with /ocp/interconnect@48000000/segment@300000/target-module@e000/lcdc@0
[    0.417488] /ocp/interconnect@44c00000/segment@200000/target-module@b000/i2c@0/tda19988@70: Fixed dependency cycle(s) with /ocp/interconnect@48000000/segment@300000/target-module@e000/lcdc@0
[    0.423016] gpiochip_find_base: found new base at 512
[    0.425486] /ocp/interconnect@44c00000/segment@200000/target-module@b000/i2c@0/tda19988@70: Fixed dependency cycle(s) with /ocp/interconnect@48000000/segment@300000/target-module@e000/lcdc@0
[    0.426333] /ocp/interconnect@44c00000/segment@200000/target-module@b000/i2c@0/tda19988@70: Fixed dependency cycle(s) with /ocp/interconnect@48000000/segment@300000/target-module@e000/lcdc@0
[    0.429532] /ocp/interconnect@44c00000/segment@200000/target-module@10000/scm@0/pinmux@800: Fixed dependency cycle(s) with /ocp/interconnect@44c00000/segment@200000/target-module@10000/scm@0/pinmux@800/clkout2-pins
[    0.430139] pinctrl-single 44e10800.pinmux: 142 pins, size 568
[    0.435345] ti-sysc: probe of 44e31000.target-module failed with error -16
[    0.484061] /ocp/interconnect@48000000/segment@300000/target-module@e000/lcdc@0: Fixed dependency cycle(s) with /ocp/interconnect@44c00000/segment@200000/target-module@b000/i2c@0/tda19988@70
[    0.491757] ti-sysc: probe of 48040000.target-module failed with error -16
[    0.502782] gpiochip_find_base: found new base at 512
[    0.502852] gpio gpiochip0: (gpio-0-31): created GPIO range 0->7 ==> 44e10800.pinmux PIN 0->7
[    0.502870] gpio gpiochip0: (gpio-0-31): created GPIO range 8->11 ==> 44e10800.pinmux PIN 90->93
[    0.502885] gpio gpiochip0: (gpio-0-31): created GPIO range 12->27 ==> 44e10800.pinmux PIN 12->27
[    0.502901] gpio gpiochip0: (gpio-0-31): created GPIO range 28->31 ==> 44e10800.pinmux PIN 30->33
[    0.533366] gpio gpiochip0: (gpio-0-31): added GPIO chardev (254:0)
[    0.533527] gpio gpiochip0: registered GPIOs 512 to 543 on gpio-0-31
[    0.533610] OMAP GPIO hardware version 0.1
[    0.566225] i2c i2c-2: using DT '/ocp/interconnect@48000000/segment@100000/target-module@9c000/i2c@0' for 'scl' GPIO lookup
[    0.566298] of_get_named_gpiod_flags: can't parse 'scl-gpios' property of node '/ocp/interconnect@48000000/segment@100000/target-module@9c000/i2c@0[0]'
[    0.566340] of_get_named_gpiod_flags: can't parse 'scl-gpio' property of node '/ocp/interconnect@48000000/segment@100000/target-module@9c000/i2c@0[0]'
[    0.566375] i2c i2c-2: using lookup tables for GPIO lookup
[    0.566385] i2c i2c-2: No GPIO consumer scl found
[    0.566406] i2c i2c-2: using DT '/ocp/interconnect@48000000/segment@100000/target-module@9c000/i2c@0' for 'sda' GPIO lookup
[    0.566441] of_get_named_gpiod_flags: can't parse 'sda-gpios' property of node '/ocp/interconnect@48000000/segment@100000/target-module@9c000/i2c@0[0]'
[    0.566478] of_get_named_gpiod_flags: can't parse 'sda-gpio' property of node '/ocp/interconnect@48000000/segment@100000/target-module@9c000/i2c@0[0]'
[    0.566509] i2c i2c-2: using lookup tables for GPIO lookup
[    0.566516] i2c i2c-2: No GPIO consumer sda found
[    0.567204] omap_i2c 4819c000.i2c: bus 2 rev0.11 at 100 kHz
[    0.572761] gpiochip_find_base: found new base at 544
[    0.572827] gpio gpiochip1: (gpio-32-63): created GPIO range 0->17 ==> 44e10800.pinmux PIN 34->51
[    0.572846] gpio gpiochip1: (gpio-32-63): created GPIO range 18->21 ==> 44e10800.pinmux PIN 77->80
[    0.572862] gpio gpiochip1: (gpio-32-63): created GPIO range 22->31 ==> 44e10800.pinmux PIN 56->65
[    0.586711] gpio gpiochip1: (gpio-32-63): added GPIO chardev (254:1)
[    0.586854] gpio gpiochip1: registered GPIOs 544 to 575 on gpio-32-63
[    0.589029] gpiochip_find_base: found new base at 576
[    0.589087] gpio gpiochip2: (gpio-64-95): created GPIO range 0->4 ==> 44e10800.pinmux PIN 66->70
[    0.589104] gpio gpiochip2: (gpio-64-95): created GPIO range 5->6 ==> 44e10800.pinmux PIN 98->99
[    0.589120] gpio gpiochip2: (gpio-64-95): created GPIO range 7->8 ==> 44e10800.pinmux PIN 75->76
[    0.589135] gpio gpiochip2: (gpio-64-95): created GPIO range 13->13 ==> 44e10800.pinmux PIN 141->141
[    0.589151] gpio gpiochip2: (gpio-64-95): created GPIO range 14->21 ==> 44e10800.pinmux PIN 100->107
[    0.589707] gpio gpiochip2: (gpio-64-95): added GPIO chardev (254:2)
[    0.589828] gpio gpiochip2: registered GPIOs 576 to 607 on gpio-64-95
[    0.596269] /ocp/interconnect@48000000/segment@300000/target-module@e000/lcdc@0: Fixed dependency cycle(s) with /ocp/interconnect@44c00000/segment@200000/target-module@b000/i2c@0/tda19988@70
[    0.598932] /ocp/interconnect@48000000/segment@300000/target-module@e000/lcdc@0: Fixed dependency cycle(s) with /ocp/interconnect@44c00000/segment@200000/target-module@b000/i2c@0/tda19988@70
[    0.599597] /ocp/interconnect@44c00000/segment@200000/target-module@b000/i2c@0/tda19988@70: Fixed dependency cycle(s) with /ocp/interconnect@48000000/segment@300000/target-module@e000/lcdc@0
[    0.599771] /ocp/interconnect@48000000/segment@300000/target-module@e000/lcdc@0: Fixed dependency cycle(s) with /ocp/interconnect@44c00000/segment@200000/target-module@b000/i2c@0/tda19988@70
[    0.609187] mdio_bus 4a101000.mdio: using DT '/ocp/interconnect@4a000000/segment@0/target-module@100000/switch@0/mdio@1000' for 'reset' GPIO lookup
[    0.609262] of_get_named_gpiod_flags: can't parse 'reset-gpios' property of node '/ocp/interconnect@4a000000/segment@0/target-module@100000/switch@0/mdio@1000[0]'
[    0.609309] of_get_named_gpiod_flags: can't parse 'reset-gpio' property of node '/ocp/interconnect@4a000000/segment@0/target-module@100000/switch@0/mdio@1000[0]'
[    0.609357] mdio_bus 4a101000.mdio: using lookup tables for GPIO lookup
[    0.609366] mdio_bus 4a101000.mdio: No GPIO consumer reset found
[    0.610512] sdhci-omap 481d8000.mmc: using DT '/ocp/interconnect@48000000/segment@100000/target-module@d8000/mmc@0' for 'wp' GPIO lookup
[    0.610572] of_get_named_gpiod_flags: can't parse 'wp-gpios' property of node '/ocp/interconnect@48000000/segment@100000/target-module@d8000/mmc@0[0]'
[    0.610615] of_get_named_gpiod_flags: can't parse 'wp-gpio' property of node '/ocp/interconnect@48000000/segment@100000/target-module@d8000/mmc@0[0]'
[    0.610649] sdhci-omap 481d8000.mmc: using lookup tables for GPIO lookup
[    0.610659] sdhci-omap 481d8000.mmc: No GPIO consumer wp found
[    0.610846] sdhci-omap 481d8000.mmc: supply pbias not found, using dummy regulator
[    0.612491] sdhci-omap 481d8000.mmc: supply vqmmc not found, using dummy regulator
[    0.685401] davinci_mdio 4a101000.mdio: davinci mdio revision 1.6, bus freq 1000000
[    0.699716] mdio_bus 4a101000.mdio:00: using DT '/ocp/interconnect@4a000000/segment@0/target-module@100000/switch@0/mdio@1000/ethernet-phy@0' for 'reset' GPIO lookup
[    0.699821] of_get_named_gpiod_flags: parsed 'reset-gpios' property of node '/ocp/interconnect@4a000000/segment@0/target-module@100000/switch@0/mdio@1000/ethernet-phy@0[0]' - status (0)
[    0.699984] gpio gpiochip0: Persistence not supported for GPIO 8
[    0.877117] davinci_mdio 4a101000.mdio: phy[0]: device 4a101000.mdio:00, driver SMSC LAN8710/LAN8720
[    0.877748] cpsw-switch 4a100000.switch: initialized cpsw ale version 1.4
[    0.877768] cpsw-switch 4a100000.switch: ALE Table size 1024
[    0.877911] cpsw-switch 4a100000.switch: cpts: overflow check period 500 (jiffies)
[    0.877927] cpsw-switch 4a100000.switch: CPTS: ref_clk_freq:250000000 calc_mult:2147483648 calc_shift:29 error:0 nsec/sec
[    0.878028] cpsw-switch 4a100000.switch: Detected MACID = 6c:ec:eb:68:de:78
[    0.879867] cpsw-switch 4a100000.switch: initialized (regs 0x4a100000, pool size 256) hw_ver:0019010C 1.12 (0)
[    0.890638] debugfs: Directory '49000000.dma' with parent 'dmaengine' already present!
[    0.890681] edma 49000000.dma: TI EDMA DMA engine driver
[    0.920908] gpio-clk clk_mcasp0: using DT '/clk_mcasp0' for 'enable' GPIO lookup
[    0.920987] of_get_named_gpiod_flags: parsed 'enable-gpios' property of node '/clk_mcasp0[0]' - status (0)
[    0.921028] gpio gpiochip0: Persistence not supported for GPIO 27
[    0.922156] gpiochip_find_base: found new base at 608
[    0.922223] gpio gpiochip3: (gpio-96-127): created GPIO range 0->7 ==> 44e10800.pinmux PIN 82->89
[    0.922242] gpio gpiochip3: (gpio-96-127): created GPIO range 8->11 ==> 44e10800.pinmux PIN 52->55
[    0.922257] gpio gpiochip3: (gpio-96-127): created GPIO range 12->15 ==> 44e10800.pinmux PIN 94->97
[    0.922272] gpio gpiochip3: (gpio-96-127): created GPIO range 16->17 ==> 44e10800.pinmux PIN 71->72
[    0.922288] gpio gpiochip3: (gpio-96-127): created GPIO range 18->18 ==> 44e10800.pinmux PIN 135->135
[    0.922304] gpio gpiochip3: (gpio-96-127): created GPIO range 19->20 ==> 44e10800.pinmux PIN 108->109
[    0.922320] gpio gpiochip3: (gpio-96-127): created GPIO range 21->21 ==> 44e10800.pinmux PIN 73->73
[    0.922337] gpio gpiochip3: (gpio-96-127): created GPIO range 22->23 ==> 44e10800.pinmux PIN 8->9
[    0.922354] gpio gpiochip3: (gpio-96-127): created GPIO range 26->27 ==> 44e10800.pinmux PIN 10->11
[    0.922371] gpio gpiochip3: (gpio-96-127): created GPIO range 28->28 ==> 44e10800.pinmux PIN 74->74
[    0.922389] gpio gpiochip3: (gpio-96-127): created GPIO range 29->29 ==> 44e10800.pinmux PIN 81->81
[    0.922407] gpio gpiochip3: (gpio-96-127): created GPIO range 30->31 ==> 44e10800.pinmux PIN 28->29
[    0.942329] gpio gpiochip3: (gpio-96-127): added GPIO chardev (254:3)
[    0.942495] gpio gpiochip3: registered GPIOs 608 to 639 on gpio-96-127
[    0.944422] omap8250 44e09000.serial: using DT '/ocp/interconnect@44c00000/segment@200000/target-module@9000/serial@0' for 'rs485-term' GPIO lookup
[    0.944492] of_get_named_gpiod_flags: can't parse 'rs485-term-gpios' property of node '/ocp/interconnect@44c00000/segment@200000/target-module@9000/serial@0[0]'
[    0.944536] of_get_named_gpiod_flags: can't parse 'rs485-term-gpio' property of node '/ocp/interconnect@44c00000/segment@200000/target-module@9000/serial@0[0]'
[    0.944571] omap8250 44e09000.serial: using lookup tables for GPIO lookup
[    0.944581] omap8250 44e09000.serial: No GPIO consumer rs485-term found
[    0.944591] omap8250 44e09000.serial: using DT '/ocp/interconnect@44c00000/segment@200000/target-module@9000/serial@0' for 'rs485-rx-during-tx' GPIO lookup
[    0.944626] of_get_named_gpiod_flags: can't parse 'rs485-rx-during-tx-gpios' property of node '/ocp/interconnect@44c00000/segment@200000/target-module@9000/serial@0[0]'
[    0.944663] of_get_named_gpiod_flags: can't parse 'rs485-rx-during-tx-gpio' property of node '/ocp/interconnect@44c00000/segment@200000/target-module@9000/serial@0[0]'
[    0.944694] omap8250 44e09000.serial: using lookup tables for GPIO lookup
[    0.944703] omap8250 44e09000.serial: No GPIO consumer rs485-rx-during-tx found
[    0.945052] 44e09000.serial: ttyS0 at MMIO 0x44e09000 (irq = 34, base_baud = 3000000) is a 8250
[    0.945134] printk: console [ttyS0] enabled
[    2.150091] i2c i2c-0: using DT '/ocp/interconnect@44c00000/segment@200000/target-module@b000/i2c@0' for 'scl' GPIO lookup
[    2.150174] of_get_named_gpiod_flags: can't parse 'scl-gpios' property of node '/ocp/interconnect@44c00000/segment@200000/target-module@b000/i2c@0[0]'
[    2.150219] of_get_named_gpiod_flags: can't parse 'scl-gpio' property of node '/ocp/interconnect@44c00000/segment@200000/target-module@b000/i2c@0[0]'
[    2.150256] i2c i2c-0: using lookup tables for GPIO lookup
[    2.150268] i2c i2c-0: No GPIO consumer scl found
[    2.150291] i2c i2c-0: using DT '/ocp/interconnect@44c00000/segment@200000/target-module@b000/i2c@0' for 'sda' GPIO lookup
[    2.150328] of_get_named_gpiod_flags: can't parse 'sda-gpios' property of node '/ocp/interconnect@44c00000/segment@200000/target-module@b000/i2c@0[0]'
[    2.150366] of_get_named_gpiod_flags: can't parse 'sda-gpio' property of node '/ocp/interconnect@44c00000/segment@200000/target-module@b000/i2c@0[0]'
[    2.150400] i2c i2c-0: using lookup tables for GPIO lookup
[    2.150409] i2c i2c-0: No GPIO consumer sda found
[    2.182154] tps65217-pmic: Failed to locate of_node [id: -1]
[    2.188188] tps65217-bl: Failed to locate of_node [id: -1]
[    2.199131] tps65217 0-0024: TPS65217 ID 0xe version 1.2
[    2.205278] /ocp/interconnect@48000000/segment@300000/target-module@e000/lcdc@0: Fixed dependency cycle(s) with /ocp/interconnect@44c00000/segment@200000/target-module@b000/i2c@0/tda19988@70
[    2.222622] /ocp/interconnect@44c00000/segment@200000/target-module@b000/i2c@0/tda19988@70: Fixed dependency cycle(s) with /ocp/interconnect@48000000/segment@300000/target-module@e000/lcdc@0
[    2.239965] omap_i2c 44e0b000.i2c: bus 0 rev0.11 at 400 kHz
[    2.247528] sdhci-omap 48060000.mmc: using DT '/ocp/interconnect@48000000/segment@0/target-module@60000/mmc@0' for 'cd' GPIO lookup
[    2.247626] of_get_named_gpiod_flags: parsed 'cd-gpios' property of node '/ocp/interconnect@48000000/segment@0/target-module@60000/mmc@0[0]' - status (0)
[    2.247747] gpio gpiochip3: Persistence not supported for GPIO 6
[    2.247771] omap_gpio 44e07000.gpio: Could not set line 6 debounce to 200000 microseconds (-22)
[    2.256662] sdhci-omap 48060000.mmc: Got CD GPIO
[    2.261352] sdhci-omap 48060000.mmc: using DT '/ocp/interconnect@48000000/segment@0/target-module@60000/mmc@0' for 'wp' GPIO lookup
[    2.261402] of_get_named_gpiod_flags: can't parse 'wp-gpios' property of node '/ocp/interconnect@48000000/segment@0/target-module@60000/mmc@0[0]'
[    2.261446] of_get_named_gpiod_flags: can't parse 'wp-gpio' property of node '/ocp/interconnect@48000000/segment@0/target-module@60000/mmc@0[0]'
[    2.261482] sdhci-omap 48060000.mmc: using lookup tables for GPIO lookup
[    2.261494] sdhci-omap 48060000.mmc: No GPIO consumer wp found
[    2.261683] sdhci-omap 48060000.mmc: supply pbias not found, using dummy regulator
[    2.270661] sdhci-omap 481d8000.mmc: using DT '/ocp/interconnect@48000000/segment@100000/target-module@d8000/mmc@0' for 'wp' GPIO lookup
[    2.270742] of_get_named_gpiod_flags: can't parse 'wp-gpios' property of node '/ocp/interconnect@48000000/segment@100000/target-module@d8000/mmc@0[0]'
[    2.270790] of_get_named_gpiod_flags: can't parse 'wp-gpio' property of node '/ocp/interconnect@48000000/segment@100000/target-module@d8000/mmc@0[0]'
[    2.270826] sdhci-omap 481d8000.mmc: using lookup tables for GPIO lookup
[    2.270839] sdhci-omap 481d8000.mmc: No GPIO consumer wp found
[    2.271646] sdhci-omap 48060000.mmc: supply vqmmc not found, using dummy regulator
[    2.280157] sdhci-omap 481d8000.mmc: supply pbias not found, using dummy regulator
[    2.288934] sdhci-omap 481d8000.mmc: supply vqmmc not found, using dummy regulator
[    2.328205] mmc1: SDHCI controller on 481d8000.mmc [481d8000.mmc] using External DMA
[    2.336592] mmc0: SDHCI controller on 48060000.mmc [48060000.mmc] using External DMA
[    2.345244] cpsw-switch 4a100000.switch: starting ndev. mode: dual_mac
[    2.390026] mmc0: new high speed SDHC card at address 5048
[    2.396965] mmcblk0: mmc0:5048 SD16G 14.4 GiB
[    2.404766]  mmcblk0: p1 p2
[    2.408007] mmcblk0: p2 size 31221760 extends beyond EOD, truncated
[    2.422555] mmc1: new high speed MMC card at address 0001
[    2.429240] mmcblk1: mmc1:0001 MMC04G 3.60 GiB
[    2.436381]  mmcblk1: p1 p2
[    2.440544] mmcblk1boot0: mmc1:0001 MMC04G 2.00 MiB
[    2.447650] mmcblk1boot1: mmc1:0001 MMC04G 2.00 MiB
[    2.454538] mmcblk1rpmb: mmc1:0001 MMC04G 128 KiB, chardev (250:0)
[    2.502348] SMSC LAN8710/LAN8720 4a101000.mdio:00: attached PHY driver (mii_bus:phy_addr=4a101000.mdio:00, irq=POLL)
[    5.681898] cpsw-switch 4a100000.switch eth0: Link is Up - 100Mbps/Full - flow control off
[    5.721387] IP-Config: Complete:
[    5.724657]      device=eth0, hwaddr=6c:ec:eb:68:de:78, ipaddr=192.168.255.1, mask=255.255.255.0, gw=255.255.255.255
[    5.735308]      host=bbb1, domain=, nis-domain=(none)
[    5.740473]      bootserver=192.168.255.126, rootserver=192.168.255.126, rootpath=
[    5.740885] clk: Disabling unused clocks
[    5.752737] KTAP version 1
[    5.755465] 1..0
[    5.778952] VFS: Mounted root (nfs filesystem) on device 0:16.
[    5.786014] devtmpfs: mounted
[    5.790623] Freeing unused kernel image (initmem) memory: 1024K
[    5.797388] Run /sbin/init as init process
[    5.801589]   with arguments:
[    5.801602]     /sbin/init
[    5.801609]     nfsrootdebug
[    5.801617]   with environment:
[    5.801624]     HOME=/
[    5.801631]     TERM=linux
[    6.472237] systemd[1]: System time before build time, advancing clock.
[    7.951188] random: crng init done
[    8.021559] systemd[1]: systemd 232 running in system mode. (+PAM +AUDIT +SELINUX +IMA +APPARMOR +SMACK +SYSVINIT +UTMP +LIBCRYPTSETUP +GCRYPT +GNUTLS +ACL +XZ +LZ4 +SECCOMP +BLKID +ELFUTILS +KMOD +IDN)
[    8.040485] systemd[1]: Detected architecture arm.
[    8.084131] systemd[1]: Set hostname to <arm>.
[    9.131902] systemd[1]: Listening on Syslog Socket.
[    9.172212] systemd[1]: Started Dispatch Password Requests to Console Directory Watch.
[    9.211515] systemd[1]: Reached target Remote File Systems.
[    9.251851] systemd[1]: Listening on Journal Socket (/dev/log).
[    9.291866] systemd[1]: Listening on Journal Socket.
[    9.332155] systemd[1]: Listening on Journal Audit Socket.
[    9.373050] systemd[1]: Listening on udev Control Socket.
[   11.367027] systemd-journald[83]: Received request to flush runtime journal from PID 1
[   14.182590] leds-gpio leds: using DT '/leds/led2' for '(null)' GPIO lookup
[   14.182695] of_get_named_gpiod_flags: parsed 'gpios' property of node '/leds/led2[0]' - status (0)
[   14.182749] gpio gpiochip0: Persistence not supported for GPIO 21
[   14.182762] gpio-533 (?): no flags found for (null)
[   14.183046] leds-gpio leds: using DT '/leds/led3' for '(null)' GPIO lookup
[   14.183095] of_get_named_gpiod_flags: parsed 'gpios' property of node '/leds/led3[0]' - status (0)
[   14.183129] gpio gpiochip0: Persistence not supported for GPIO 22
[   14.183140] gpio-534 (?): no flags found for (null)
[   14.216316] leds-gpio leds: using DT '/leds/led4' for '(null)' GPIO lookup
[   14.216516] of_get_named_gpiod_flags: parsed 'gpios' property of node '/leds/led4[0]' - status (0)
[   14.216574] gpio gpiochip0: Persistence not supported for GPIO 23
[   14.216587] gpio-535 (?): no flags found for (null)
[   14.242834] leds-gpio leds: using DT '/leds/led5' for '(null)' GPIO lookup
[   14.243068] of_get_named_gpiod_flags: parsed 'gpios' property of node '/leds/led5[0]' - status (0)
[   14.243124] gpio gpiochip0: Persistence not supported for GPIO 24
[   14.243137] gpio-536 (?): no flags found for (null)
[   14.697038] remoteproc remoteproc0: wkup_m3 is available
[   14.803897] omap_rtc 44e3e000.rtc: registered as rtc0
[   14.809970] omap_rtc 44e3e000.rtc: setting system clock to 2000-01-01T00:00:01 UTC (946684801)
[   14.818864] omap_rtc 44e3e000.rtc: using DT '/ocp/interconnect@44c00000/segment@200000/target-module@3e000/rtc@0' for 'wp' GPIO lookup
[   14.818940] of_get_named_gpiod_flags: can't parse 'wp-gpios' property of node '/ocp/interconnect@44c00000/segment@200000/target-module@3e000/rtc@0[0]'
[   14.818994] of_get_named_gpiod_flags: can't parse 'wp-gpio' property of node '/ocp/interconnect@44c00000/segment@200000/target-module@3e000/rtc@0[0]'
[   14.819033] omap_rtc 44e3e000.rtc: using lookup tables for GPIO lookup
[   14.819045] omap_rtc 44e3e000.rtc: No GPIO consumer wp found
[   15.216719] omap_wdt: OMAP Watchdog Timer Rev 0x01: initial timeout 60 sec
[   15.333043] am335x-phy-driver 47401300.usb-phy: using DT '/ocp/target-module@47400000/usb-phy@1300' for 'reset' GPIO lookup
[   15.333136] of_get_named_gpiod_flags: can't parse 'reset-gpios' property of node '/ocp/target-module@47400000/usb-phy@1300[0]'
[   15.333180] of_get_named_gpiod_flags: can't parse 'reset-gpio' property of node '/ocp/target-module@47400000/usb-phy@1300[0]'
[   15.333216] am335x-phy-driver 47401300.usb-phy: using lookup tables for GPIO lookup
[   15.333229] am335x-phy-driver 47401300.usb-phy: No GPIO consumer reset found
[   15.333242] am335x-phy-driver 47401300.usb-phy: using DT '/ocp/target-module@47400000/usb-phy@1300' for 'vbus-detect' GPIO lookup
[   15.333270] of_get_named_gpiod_flags: can't parse 'vbus-detect-gpios' property of node '/ocp/target-module@47400000/usb-phy@1300[0]'
[   15.333301] of_get_named_gpiod_flags: can't parse 'vbus-detect-gpio' property of node '/ocp/target-module@47400000/usb-phy@1300[0]'
[   15.333325] am335x-phy-driver 47401300.usb-phy: using lookup tables for GPIO lookup
[   15.333335] am335x-phy-driver 47401300.usb-phy: No GPIO consumer vbus-detect found
[   15.333480] am335x-phy-driver 47401300.usb-phy: dummy supplies not allowed for exclusive requests
[   15.357243] at24 2-0054: supply vcc not found, using dummy regulator
[   15.400052] usbcore: registered new interface driver usbfs
[   15.405876] usbcore: registered new interface driver hub
[   15.411389] usbcore: registered new device driver usb
[   15.602227] at24 2-0055: supply vcc not found, using dummy regulator
[   15.687575] at24 2-0056: supply vcc not found, using dummy regulator
[   15.763326] am335x-phy-driver 47401b00.usb-phy: using DT '/ocp/target-module@47400000/usb-phy@1b00' for 'reset' GPIO lookup
[   15.763415] of_get_named_gpiod_flags: can't parse 'reset-gpios' property of node '/ocp/target-module@47400000/usb-phy@1b00[0]'
[   15.763456] of_get_named_gpiod_flags: can't parse 'reset-gpio' property of node '/ocp/target-module@47400000/usb-phy@1b00[0]'
[   15.763493] am335x-phy-driver 47401b00.usb-phy: using lookup tables for GPIO lookup
[   15.763506] am335x-phy-driver 47401b00.usb-phy: No GPIO consumer reset found
[   15.763518] am335x-phy-driver 47401b00.usb-phy: using DT '/ocp/target-module@47400000/usb-phy@1b00' for 'vbus-detect' GPIO lookup
[   15.763547] of_get_named_gpiod_flags: can't parse 'vbus-detect-gpios' property of node '/ocp/target-module@47400000/usb-phy@1b00[0]'
[   15.763578] of_get_named_gpiod_flags: can't parse 'vbus-detect-gpio' property of node '/ocp/target-module@47400000/usb-phy@1b00[0]'
[   15.763602] am335x-phy-driver 47401b00.usb-phy: using lookup tables for GPIO lookup
[   15.763612] am335x-phy-driver 47401b00.usb-phy: No GPIO consumer vbus-detect found
[   15.763757] am335x-phy-driver 47401b00.usb-phy: dummy supplies not allowed for exclusive requests
[   15.810242] at24 2-0057: supply vcc not found, using dummy regulator
[   15.924777] at24 0-0050: using DT '/ocp/interconnect@44c00000/segment@200000/target-module@b000/i2c@0/baseboard_eeprom@50' for 'wp' GPIO lookup
[   15.924892] of_get_named_gpiod_flags: can't parse 'wp-gpios' property of node '/ocp/interconnect@44c00000/segment@200000/target-module@b000/i2c@0/baseboard_eeprom@50[0]'
[   15.924953] of_get_named_gpiod_flags: can't parse 'wp-gpio' property of node '/ocp/interconnect@44c00000/segment@200000/target-module@b000/i2c@0/baseboard_eeprom@50[0]'
[   15.924998] at24 0-0050: using lookup tables for GPIO lookup
[   15.925009] at24 0-0050: No GPIO consumer wp found
[   15.925288] at24 0-0050: 32768 byte 24c256 EEPROM, writable, 1 bytes/write
[   16.264081] tps6521x_pwrbutton tps65217-pwrbutton: DMA mask not set
[   16.338264] input: tps65217_pwrbutton as /devices/platform/ocp/44c00000.interconnect/44c00000.interconnect:segment@200000/44e0b000.target-module/44e0b000.i2c/i2c-0/0-0024/tps65217-pwrbutton/input/input0
[   16.435833] wkup_m3_ipc 44e11324.wkup_m3_ipc: IPC Request for A8->M3 Channel failed! -517
[   16.659393] wkup_m3_ipc 44e11324.wkup_m3_ipc: IPC Request for A8->M3 Channel failed! -517
[   16.822627] musb-hdrc musb-hdrc.1: MUSB HDRC host driver
[   16.828041] musb-hdrc musb-hdrc.1: new USB bus registered, assigned bus number 1
[   16.839809] wkup_m3_ipc 44e11324.wkup_m3_ipc: IPC Request for A8->M3 Channel failed! -517
[   17.012720] usb usb1: New USB device found, idVendor=1d6b, idProduct=0002, bcdDevice= 6.06
[   17.021292] usb usb1: New USB device strings: Mfr=3, Product=2, SerialNumber=1
[   17.028557] usb usb1: Product: MUSB HDRC host driver
[   17.033639] usb usb1: Manufacturer: Linux 6.6.100 musb-hcd
[   17.039154] usb usb1: SerialNumber: musb-hdrc.1
[   17.155473] tda998x 0-0070: found TDA19988
[   17.196183] hub 1-0:1.0: USB hub found
[   17.265920] hub 1-0:1.0: 1 port detected
[   17.274249] wkup_m3_ipc 44e11324.wkup_m3_ipc: IPC Request for A8->M3 Channel failed! -517
[   17.416799] wkup_m3_ipc 44e11324.wkup_m3_ipc: IPC Request for A8->M3 Channel failed! -517
[   17.608224] omap-mailbox 480c8000.mailbox: omap mailbox rev 0x400
[   17.663284] remoteproc remoteproc0: powering up wkup_m3
[   17.796628] remoteproc remoteproc0: Direct firmware load for am335x-pm-firmware.elf failed with error -2
[   17.806423] remoteproc remoteproc0: request_firmware failed: -2
[   17.812463] wkup_m3_ipc 44e11324.wkup_m3_ipc: rproc_boot failed
[   19.367310] tilcdc 4830e000.lcdc: bound 0-0070 (ops tda998x_audio_codec_init [tda998x])
[   19.388745] omap_rng 48310000.rng: Random Number Generator ver. 20
[   19.478865] [drm] Initialized tilcdc 1.0.0 20121205 for 4830e000.lcdc on minor 0
[   19.588439] tilcdc 4830e000.lcdc: [drm] Cannot find any crtc or sizes
[   19.668360] tilcdc 4830e000.lcdc: [drm] Cannot find any crtc or sizes
[   20.563463] PM: Cannot get wkup_m3_ipc handle
[   21.055657] omap-sham 53100000.sham: hw accel on OMAP rev 4.3
[   21.191539] omap-sham 53100000.sham: will run requests pump with realtime priority
[   21.205237] PM: Cannot get wkup_m3_ipc handle
[   21.374889] omap-aes 53500000.aes: OMAP AES hw accel rev: 3.2
[   21.511427] omap-aes 53500000.aes: will run requests pump with realtime priority
[   21.519827] PM: Cannot get wkup_m3_ipc handle
[   23.664344] Bluetooth: Core ver 2.22
[   23.668161] NET: Registered PF_BLUETOOTH protocol family
[   23.673714] Bluetooth: HCI device and connection manager initialized
[   23.680129] Bluetooth: HCI socket layer initialized
[   23.685102] Bluetooth: L2CAP socket layer initialized
[   23.690215] Bluetooth: SCO socket layer initialized
[   24.923945] PM: Cannot get wkup_m3_ipc handle
[   24.929663] asoc-simple-card sound: using DT '/sound' for 'simple-audio-card,hp-det' GPIO lookup
[   24.929738] of_get_named_gpiod_flags: can't parse 'simple-audio-card,hp-det-gpios' property of node '/sound[0]'
[   24.929774] of_get_named_gpiod_flags: can't parse 'simple-audio-card,hp-det-gpio' property of node '/sound[0]'
[   24.929797] asoc-simple-card sound: using lookup tables for GPIO lookup
[   24.929809] asoc-simple-card sound: No GPIO consumer simple-audio-card,hp-det found
[   24.929821] asoc-simple-card sound: using DT '/sound' for 'simple-audio-card,mic-det' GPIO lookup
[   24.929845] of_get_named_gpiod_flags: can't parse 'simple-audio-card,mic-det-gpios' property of node '/sound[0]'
[   24.929871] of_get_named_gpiod_flags: can't parse 'simple-audio-card,mic-det-gpio' property of node '/sound[0]'
[   24.929889] asoc-simple-card sound: using lookup tables for GPIO lookup
[   24.929899] asoc-simple-card sound: No GPIO consumer simple-audio-card,mic-det found
[   25.083208] PM: Cannot get wkup_m3_ipc handle
[   28.218257] userial_init: registered 8 ttyGS* devices
[   28.390963] rndis_register: configNr = 0
[   28.456258] udc musb-hdrc.0: binding gadget driver [g_multi]
[   28.456349] configfs-gadget.g_multi gadget.0: adding 'rndis'/1846b0aa to config 'c'/ff504623
[   28.457481] configfs-gadget.g_multi gadget.0: HOST MAC 1c:ba:8c:a2:ed:6c
[   28.464469] configfs-gadget.g_multi gadget.0: MAC 1c:ba:8c:a2:ed:70
[   28.470832] rndis_set_param_medium: 0 0
[   28.470851] configfs-gadget.g_multi gadget.0: RNDIS: IN/ep1in OUT/ep1out NOTIFY/ep2in
[   28.470867] configfs-gadget.g_multi gadget.0: adding 'cdc_ethernet'/0dc30437 to config 'c'/ff504623
[   28.471944] configfs-gadget.g_multi gadget.0: HOST MAC 1c:ba:8c:a2:ed:6c
[   28.478706] configfs-gadget.g_multi gadget.0: MAC 1c:ba:8c:a2:ed:6d
[   28.485110] configfs-gadget.g_multi gadget.0: CDC Ethernet: IN/ep3in OUT/ep2out NOTIFY/ep4in
[   28.485127] configfs-gadget.g_multi gadget.0: adding 'acm'/0efddfbb to config 'c'/ff504623
[   28.485161] configfs-gadget.g_multi gadget.0: acm ttyGS0: IN/ep5in OUT/ep3out NOTIFY/ep6in
[   28.491868] PM: Cannot get wkup_m3_ipc handle
[   29.904064] configfs-gadget.g_multi gadget.0: eth_open
[   34.489983] gs_open: ttyGS0 (04e5d8bf,59d49dd4)
[   34.490135] gs_close: ttyGS0 (04e5d8bf,59d49dd4) ...
[   34.490159] gs_close: ttyGS0 (04e5d8bf,59d49dd4) done!
[   34.503151] gs_open: ttyGS0 (a787535b,87813043)
[   34.503300] gs_close: ttyGS0 (a787535b,87813043) ...
[   34.503322] gs_close: ttyGS0 (a787535b,87813043) done!
[   34.667682] gs_open: ttyGS0 (a787535b,ba2ccd2c)
[   34.667917] gs_close: ttyGS0 (a787535b,ba2ccd2c) ...
[   34.667943] gs_close: ttyGS0 (a787535b,ba2ccd2c) done!
[   34.669091] gs_open: ttyGS0 (a787535b,48574d64)
PVFZTYPHPO 0
root@arm:~# echo 'UEZC''VAXCPK'
UEZCVAXCPK
root@arm:~# MARKER='MYXQ''BAZXFC' run 'modprobe test_linear_ranges'
MYXQBAZXFCMYXQBAZXFC 0
root@arm:~# echo 'GLZT''LNPFNZ'
GLZTLNPFNZ
root@arm:~# MARKER='MGSN''XTPGVC' run dmesg
MGSNXTPGVC[    0.000000] Booting Linux on physical CPU 0x0
[    0.000000] Linux version 6.6.100 (user01@drvtest01) (arm-none-eabi-gcc (Arm GNU Toolchain 14.2.Rel1 (Build arm-14.52)) 14.2.1 20241119, GNU ld (Arm GNU Toolchain 14.2.Rel1 (Build arm-14.52)) 2.43.1.20241119) #1 SMP Thu Jul 24 12:05:05 EEST 2025
[    0.000000] CPU: ARMv7 Processor [413fc082] revision 2 (ARMv7), cr=10c5387d
[    0.000000] CPU: PIPT / VIPT nonaliasing data cache, VIPT aliasing instruction cache
[    0.000000] OF: fdt: Machine model: TI AM335x BeagleBone Black
[    0.000000] Memory policy: Data cache writeback
[    0.000000] cma: Reserved 16 MiB at 0x9e800000 on node -1
[    0.000000] Zone ranges:
[    0.000000]   Normal   [mem 0x0000000080000000-0x000000009fdfffff]
[    0.000000]   HighMem  empty
[    0.000000] Movable zone start for each node
[    0.000000] Early memory node ranges
[    0.000000]   node   0: [mem 0x0000000080000000-0x000000009fdfffff]
[    0.000000] Initmem setup node 0 [mem 0x0000000080000000-0x000000009fdfffff]
[    0.000000] CPU: All CPU(s) started in SVC mode.
[    0.000000] AM335X ES2.1 (sgx neon)
[    0.000000] percpu: Embedded 16 pages/cpu s36116 r8192 d21228 u65536
[    0.000000] pcpu-alloc: s36116 r8192 d21228 u65536 alloc=16*4096
[    0.000000] pcpu-alloc: [0] 0 
[    0.000000] Kernel command line: console=ttyO0,115200n8 root=/dev/nfs rw nfsroot=192.168.255.126:/home/user01/nfs,nfsvers=3 ip=192.168.255.1:192.168.255.126::255.255.255.0:bbb1:eth0 nfsrootdebug
[    0.000000] Unknown kernel command line parameters "nfsrootdebug", will be passed to user space.
[    0.000000] Dentry cache hash table entries: 65536 (order: 6, 262144 bytes, linear)
[    0.000000] Inode-cache hash table entries: 32768 (order: 5, 131072 bytes, linear)
[    0.000000] Built 1 zonelists, mobility grouping on.  Total pages: 129412
[    0.000000] mem auto-init: stack:off, heap alloc:off, heap free:off
[    0.000000] Memory: 483604K/522240K available (11264K kernel code, 1165K rwdata, 2704K rodata, 1024K init, 282K bss, 22252K reserved, 16384K cma-reserved, 0K highmem)
[    0.000000] SLUB: HWalign=64, Order=0-3, MinObjects=0, CPUs=1, Nodes=1
[    0.000000] rcu: Hierarchical RCU implementation.
[    0.000000] rcu: 	RCU event tracing is enabled.
[    0.000000] rcu: 	RCU restricting CPUs from NR_CPUS=2 to nr_cpu_ids=1.
[    0.000000] rcu: RCU calculated value of scheduler-enlistment delay is 10 jiffies.
[    0.000000] rcu: Adjusting geometry for rcu_fanout_leaf=16, nr_cpu_ids=1
[    0.000000] NR_IRQS: 16, nr_irqs: 16, preallocated irqs: 16
[    0.000000] IRQ: Found an INTC at 0x(ptrval) (revision 5.0) with 128 interrupts
[    0.000000] rcu: srcu_init: Setting srcu_struct sizes based on contention.
[    0.000000] TI gptimer clocksource: always-on /ocp/interconnect@44c00000/segment@200000/target-module@31000
[    0.000003] sched_clock: 32 bits at 24MHz, resolution 41ns, wraps every 89478484971ns
[    0.000030] clocksource: dmtimer: mask: 0xffffffff max_cycles: 0xffffffff, max_idle_ns: 79635851949 ns
[    0.000512] TI gptimer clockevent: 24000000 Hz at /ocp/interconnect@48000000/segment@0/target-module@40000
[    0.002077] Console: colour dummy device 80x30
[    0.002124] WARNING: Your 'console=ttyO0' has been replaced by 'ttyS0'
[    0.002132] This ensures that you still see kernel messages. Please
[    0.002137] update your kernel commandline.
[    0.002177] Calibrating delay loop... 996.14 BogoMIPS (lpj=4980736)
[    0.090562] CPU: Testing write buffer coherency: ok
[    0.090658] CPU0: Spectre v2: using BPIALL workaround
[    0.090669] pid_max: default: 32768 minimum: 301
[    0.090781] LSM: initializing lsm=capability,integrity
[    0.090949] Mount-cache hash table entries: 1024 (order: 0, 4096 bytes, linear)
[    0.090968] Mountpoint-cache hash table entries: 1024 (order: 0, 4096 bytes, linear)
[    0.092421] CPU0: thread -1, cpu 0, socket -1, mpidr 0
[    0.094024] Setting up static identity map for 0x80100000 - 0x80100078
[    0.094300] rcu: Hierarchical SRCU implementation.
[    0.094311] rcu: 	Max phase no-delay instances is 1000.
[    0.095662] smp: Bringing up secondary CPUs ...
[    0.095719] smp: Brought up 1 node, 1 CPU
[    0.095734] SMP: Total of 1 processors activated (996.14 BogoMIPS).
[    0.095745] CPU: All CPU(s) started in SVC mode.
[    0.096621] devtmpfs: initialized
[    0.113467] VFP support v0.3: implementor 41 architecture 3 part 30 variant c rev 3
[    0.113820] clocksource: jiffies: mask: 0xffffffff max_cycles: 0xffffffff, max_idle_ns: 19112604462750000 ns
[    0.113854] futex hash table entries: 256 (order: 2, 16384 bytes, linear)
[    0.115145] pinctrl core: initialized pinctrl subsystem
[    0.117262] NET: Registered PF_NETLINK/PF_ROUTE protocol family
[    0.119788] DMA: preallocated 256 KiB pool for atomic coherent allocations
[    0.120415] audit: initializing netlink subsys (disabled)
[    0.121988] thermal_sys: Registered thermal governor 'fair_share'
[    0.122011] thermal_sys: Registered thermal governor 'step_wise'
[    0.122017] thermal_sys: Registered thermal governor 'user_space'
[    0.122126] audit: type=2000 audit(0.120:1): state=initialized audit_enabled=0 res=1
[    0.122204] cpuidle: using governor menu
[    0.138674] /ocp/interconnect@44c00000/segment@200000/target-module@b000/i2c@0/tda19988@70: Fixed dependency cycle(s) with /ocp/interconnect@48000000/segment@300000/target-module@e000/lcdc@0
[    0.139743] /ocp/interconnect@48000000/segment@300000/target-module@e000/lcdc@0: Fixed dependency cycle(s) with /ocp/interconnect@44c00000/segment@200000/target-module@b000/i2c@0/tda19988@70
[    0.141975] No ATAGs?
[    0.141994] hw-breakpoint: debug architecture 0x4 unsupported.
[    0.145007] kprobes: kprobe jump-optimization is enabled. All kprobes are optimized if possible.
[    0.163399] iommu: Default domain type: Translated
[    0.163418] iommu: DMA domain TLB invalidation policy: strict mode
[    0.164854] SCSI subsystem initialized
[    0.165681] reg-fixed-voltage fixedregulator0: using DT '/fixedregulator0' for '(null)' GPIO lookup
[    0.165734] of_get_named_gpiod_flags: can't parse 'gpios' property of node '/fixedregulator0[0]'
[    0.165762] of_get_named_gpiod_flags: can't parse 'gpio' property of node '/fixedregulator0[0]'
[    0.165779] reg-fixed-voltage fixedregulator0: using lookup tables for GPIO lookup
[    0.165789] reg-fixed-voltage fixedregulator0: No GPIO consumer (null) found
[    0.166323] libata version 3.00 loaded.
[    0.166677] pps_core: LinuxPPS API ver. 1 registered
[    0.166687] pps_core: Software ver. 5.3.6 - Copyright 2005-2007 Rodolfo Giometti <giometti@linux.it>
[    0.166713] PTP clock support registered
[    0.170839] vgaarb: loaded
[    0.171170] clocksource: Switched to clocksource dmtimer
[    0.171783] VFS: Disk quotas dquot_6.6.0
[    0.171840] VFS: Dquot-cache hash table entries: 1024 (order 0, 4096 bytes)
[    0.202775] NET: Registered PF_INET protocol family
[    0.203114] IP idents hash table entries: 8192 (order: 4, 65536 bytes, linear)
[    0.204435] tcp_listen_portaddr_hash hash table entries: 512 (order: 0, 4096 bytes, linear)
[    0.204473] Table-perturb hash table entries: 65536 (order: 6, 262144 bytes, linear)
[    0.204489] TCP established hash table entries: 4096 (order: 2, 16384 bytes, linear)
[    0.204534] TCP bind hash table entries: 4096 (order: 4, 65536 bytes, linear)
[    0.204635] TCP: Hash tables configured (established 4096 bind 4096)
[    0.204767] UDP hash table entries: 256 (order: 1, 8192 bytes, linear)
[    0.204795] UDP-Lite hash table entries: 256 (order: 1, 8192 bytes, linear)
[    0.204963] NET: Registered PF_UNIX/PF_LOCAL protocol family
[    0.206126] RPC: Registered named UNIX socket transport module.
[    0.206146] RPC: Registered udp transport module.
[    0.206151] RPC: Registered tcp transport module.
[    0.206156] RPC: Registered tcp-with-tls transport module.
[    0.206161] RPC: Registered tcp NFSv4.1 backchannel transport module.
[    0.206183] PCI: CLS 0 bytes, default 64
[    0.207751] Initialise system trusted keyrings
[    0.221390] workingset: timestamp_bits=14 max_order=17 bucket_order=3
[    0.222631] NFS: Registering the id_resolver key type
[    0.222697] Key type id_resolver registered
[    0.222704] Key type id_legacy registered
[    0.222756] jffs2: version 2.2. (NAND) (SUMMARY)  Â© 2001-2006 Red Hat, Inc.
[    0.223142] Key type asymmetric registered
[    0.223158] Asymmetric key parser 'x509' registered
[    0.223231] io scheduler mq-deadline registered
[    0.223242] io scheduler kyber registered
[    0.223310] io scheduler bfq registered
[    0.225985] hw perfevents: enabled with armv7_cortex_a8 PMU driver, 5 counters available
[    0.234275] l3-aon-clkctrl:0000:0: failed to disable
[    0.242520] Serial: 8250/16550 driver, 6 ports, IRQ sharing enabled
[    0.287788] brd: module loaded
[    0.316214] loop: module loaded
[    0.317149] mtdoops: mtd device (mtddev=name/number) must be supplied
[    0.318656] mdio_bus fixed-0: using lookup tables for GPIO lookup
[    0.318679] mdio_bus fixed-0: No GPIO consumer reset found
[    0.319910] i2c_dev: i2c /dev entries driver
[    0.320881] cpuidle: enable-method property 'ti,am3352' found operations
[    0.321556] sdhci: Secure Digital Host Controller Interface driver
[    0.321568] sdhci: Copyright(c) Pierre Ossman
[    0.321771] sdhci-pltfm: SDHCI platform and OF driver helper
[    0.322049] ledtrig-cpu: registered to indicate activity on CPUs
[    0.322824] Initializing XFRM netlink socket
[    0.322950] NET: Registered PF_INET6 protocol family
[    0.334201] Segment Routing with IPv6
[    0.334275] In-situ OAM (IOAM) with IPv6
[    0.334383] sit: IPv6, IPv4 and MPLS over IPv4 tunneling driver
[    0.335339] NET: Registered PF_PACKET protocol family
[    0.335369] NET: Registered PF_KEY protocol family
[    0.335532] Key type dns_resolver registered
[    0.335753] ThumbEE CPU extension supported.
[    0.335774] Registering SWP/SWPB emulation handler
[    0.336285] omap_voltage_late_init: Voltage driver support not added
[    0.336932] SmartReflex Class3 initialized
[    0.363647] Loading compiled-in X.509 certificates
[    0.411315] /ocp/interconnect@44c00000/segment@200000/target-module@b000/i2c@0/tda19988@70: Fixed dependency cycle(s) with /ocp/interconnect@48000000/segment@300000/target-module@e000/lcdc@0
[    0.417488] /ocp/interconnect@44c00000/segment@200000/target-module@b000/i2c@0/tda19988@70: Fixed dependency cycle(s) with /ocp/interconnect@48000000/segment@300000/target-module@e000/lcdc@0
[    0.423016] gpiochip_find_base: found new base at 512
[    0.425486] /ocp/interconnect@44c00000/segment@200000/target-module@b000/i2c@0/tda19988@70: Fixed dependency cycle(s) with /ocp/interconnect@48000000/segment@300000/target-module@e000/lcdc@0
[    0.426333] /ocp/interconnect@44c00000/segment@200000/target-module@b000/i2c@0/tda19988@70: Fixed dependency cycle(s) with /ocp/interconnect@48000000/segment@300000/target-module@e000/lcdc@0
[    0.429532] /ocp/interconnect@44c00000/segment@200000/target-module@10000/scm@0/pinmux@800: Fixed dependency cycle(s) with /ocp/interconnect@44c00000/segment@200000/target-module@10000/scm@0/pinmux@800/clkout2-pins
[    0.430139] pinctrl-single 44e10800.pinmux: 142 pins, size 568
[    0.435345] ti-sysc: probe of 44e31000.target-module failed with error -16
[    0.484061] /ocp/interconnect@48000000/segment@300000/target-module@e000/lcdc@0: Fixed dependency cycle(s) with /ocp/interconnect@44c00000/segment@200000/target-module@b000/i2c@0/tda19988@70
[    0.491757] ti-sysc: probe of 48040000.target-module failed with error -16
[    0.502782] gpiochip_find_base: found new base at 512
[    0.502852] gpio gpiochip0: (gpio-0-31): created GPIO range 0->7 ==> 44e10800.pinmux PIN 0->7
[    0.502870] gpio gpiochip0: (gpio-0-31): created GPIO range 8->11 ==> 44e10800.pinmux PIN 90->93
[    0.502885] gpio gpiochip0: (gpio-0-31): created GPIO range 12->27 ==> 44e10800.pinmux PIN 12->27
[    0.502901] gpio gpiochip0: (gpio-0-31): created GPIO range 28->31 ==> 44e10800.pinmux PIN 30->33
[    0.533366] gpio gpiochip0: (gpio-0-31): added GPIO chardev (254:0)
[    0.533527] gpio gpiochip0: registered GPIOs 512 to 543 on gpio-0-31
[    0.533610] OMAP GPIO hardware version 0.1
[    0.566225] i2c i2c-2: using DT '/ocp/interconnect@48000000/segment@100000/target-module@9c000/i2c@0' for 'scl' GPIO lookup
[    0.566298] of_get_named_gpiod_flags: can't parse 'scl-gpios' property of node '/ocp/interconnect@48000000/segment@100000/target-module@9c000/i2c@0[0]'
[    0.566340] of_get_named_gpiod_flags: can't parse 'scl-gpio' property of node '/ocp/interconnect@48000000/segment@100000/target-module@9c000/i2c@0[0]'
[    0.566375] i2c i2c-2: using lookup tables for GPIO lookup
[    0.566385] i2c i2c-2: No GPIO consumer scl found
[    0.566406] i2c i2c-2: using DT '/ocp/interconnect@48000000/segment@100000/target-module@9c000/i2c@0' for 'sda' GPIO lookup
[    0.566441] of_get_named_gpiod_flags: can't parse 'sda-gpios' property of node '/ocp/interconnect@48000000/segment@100000/target-module@9c000/i2c@0[0]'
[    0.566478] of_get_named_gpiod_flags: can't parse 'sda-gpio' property of node '/ocp/interconnect@48000000/segment@100000/target-module@9c000/i2c@0[0]'
[    0.566509] i2c i2c-2: using lookup tables for GPIO lookup
[    0.566516] i2c i2c-2: No GPIO consumer sda found
[    0.567204] omap_i2c 4819c000.i2c: bus 2 rev0.11 at 100 kHz
[    0.572761] gpiochip_find_base: found new base at 544
[    0.572827] gpio gpiochip1: (gpio-32-63): created GPIO range 0->17 ==> 44e10800.pinmux PIN 34->51
[    0.572846] gpio gpiochip1: (gpio-32-63): created GPIO range 18->21 ==> 44e10800.pinmux PIN 77->80
[    0.572862] gpio gpiochip1: (gpio-32-63): created GPIO range 22->31 ==> 44e10800.pinmux PIN 56->65
[    0.586711] gpio gpiochip1: (gpio-32-63): added GPIO chardev (254:1)
[    0.586854] gpio gpiochip1: registered GPIOs 544 to 575 on gpio-32-63
[    0.589029] gpiochip_find_base: found new base at 576
[    0.589087] gpio gpiochip2: (gpio-64-95): created GPIO range 0->4 ==> 44e10800.pinmux PIN 66->70
[    0.589104] gpio gpiochip2: (gpio-64-95): created GPIO range 5->6 ==> 44e10800.pinmux PIN 98->99
[    0.589120] gpio gpiochip2: (gpio-64-95): created GPIO range 7->8 ==> 44e10800.pinmux PIN 75->76
[    0.589135] gpio gpiochip2: (gpio-64-95): created GPIO range 13->13 ==> 44e10800.pinmux PIN 141->141
[    0.589151] gpio gpiochip2: (gpio-64-95): created GPIO range 14->21 ==> 44e10800.pinmux PIN 100->107
[    0.589707] gpio gpiochip2: (gpio-64-95): added GPIO chardev (254:2)
[    0.589828] gpio gpiochip2: registered GPIOs 576 to 607 on gpio-64-95
[    0.596269] /ocp/interconnect@48000000/segment@300000/target-module@e000/lcdc@0: Fixed dependency cycle(s) with /ocp/interconnect@44c00000/segment@200000/target-module@b000/i2c@0/tda19988@70
[    0.598932] /ocp/interconnect@48000000/segment@300000/target-module@e000/lcdc@0: Fixed dependency cycle(s) with /ocp/interconnect@44c00000/segment@200000/target-module@b000/i2c@0/tda19988@70
[    0.599597] /ocp/interconnect@44c00000/segment@200000/target-module@b000/i2c@0/tda19988@70: Fixed dependency cycle(s) with /ocp/interconnect@48000000/segment@300000/target-module@e000/lcdc@0
[    0.599771] /ocp/interconnect@48000000/segment@300000/target-module@e000/lcdc@0: Fixed dependency cycle(s) with /ocp/interconnect@44c00000/segment@200000/target-module@b000/i2c@0/tda19988@70
[    0.609187] mdio_bus 4a101000.mdio: using DT '/ocp/interconnect@4a000000/segment@0/target-module@100000/switch@0/mdio@1000' for 'reset' GPIO lookup
[    0.609262] of_get_named_gpiod_flags: can't parse 'reset-gpios' property of node '/ocp/interconnect@4a000000/segment@0/target-module@100000/switch@0/mdio@1000[0]'
[    0.609309] of_get_named_gpiod_flags: can't parse 'reset-gpio' property of node '/ocp/interconnect@4a000000/segment@0/target-module@100000/switch@0/mdio@1000[0]'
[    0.609357] mdio_bus 4a101000.mdio: using lookup tables for GPIO lookup
[    0.609366] mdio_bus 4a101000.mdio: No GPIO consumer reset found
[    0.610512] sdhci-omap 481d8000.mmc: using DT '/ocp/interconnect@48000000/segment@100000/target-module@d8000/mmc@0' for 'wp' GPIO lookup
[    0.610572] of_get_named_gpiod_flags: can't parse 'wp-gpios' property of node '/ocp/interconnect@48000000/segment@100000/target-module@d8000/mmc@0[0]'
[    0.610615] of_get_named_gpiod_flags: can't parse 'wp-gpio' property of node '/ocp/interconnect@48000000/segment@100000/target-module@d8000/mmc@0[0]'
[    0.610649] sdhci-omap 481d8000.mmc: using lookup tables for GPIO lookup
[    0.610659] sdhci-omap 481d8000.mmc: No GPIO consumer wp found
[    0.610846] sdhci-omap 481d8000.mmc: supply pbias not found, using dummy regulator
[    0.612491] sdhci-omap 481d8000.mmc: supply vqmmc not found, using dummy regulator
[    0.685401] davinci_mdio 4a101000.mdio: davinci mdio revision 1.6, bus freq 1000000
[    0.699716] mdio_bus 4a101000.mdio:00: using DT '/ocp/interconnect@4a000000/segment@0/target-module@100000/switch@0/mdio@1000/ethernet-phy@0' for 'reset' GPIO lookup
[    0.699821] of_get_named_gpiod_flags: parsed 'reset-gpios' property of node '/ocp/interconnect@4a000000/segment@0/target-module@100000/switch@0/mdio@1000/ethernet-phy@0[0]' - status (0)
[    0.699984] gpio gpiochip0: Persistence not supported for GPIO 8
[    0.877117] davinci_mdio 4a101000.mdio: phy[0]: device 4a101000.mdio:00, driver SMSC LAN8710/LAN8720
[    0.877748] cpsw-switch 4a100000.switch: initialized cpsw ale version 1.4
[    0.877768] cpsw-switch 4a100000.switch: ALE Table size 1024
[    0.877911] cpsw-switch 4a100000.switch: cpts: overflow check period 500 (jiffies)
[    0.877927] cpsw-switch 4a100000.switch: CPTS: ref_clk_freq:250000000 calc_mult:2147483648 calc_shift:29 error:0 nsec/sec
[    0.878028] cpsw-switch 4a100000.switch: Detected MACID = 6c:ec:eb:68:de:78
[    0.879867] cpsw-switch 4a100000.switch: initialized (regs 0x4a100000, pool size 256) hw_ver:0019010C 1.12 (0)
[    0.890638] debugfs: Directory '49000000.dma' with parent 'dmaengine' already present!
[    0.890681] edma 49000000.dma: TI EDMA DMA engine driver
[    0.920908] gpio-clk clk_mcasp0: using DT '/clk_mcasp0' for 'enable' GPIO lookup
[    0.920987] of_get_named_gpiod_flags: parsed 'enable-gpios' property of node '/clk_mcasp0[0]' - status (0)
[    0.921028] gpio gpiochip0: Persistence not supported for GPIO 27
[    0.922156] gpiochip_find_base: found new base at 608
[    0.922223] gpio gpiochip3: (gpio-96-127): created GPIO range 0->7 ==> 44e10800.pinmux PIN 82->89
[    0.922242] gpio gpiochip3: (gpio-96-127): created GPIO range 8->11 ==> 44e10800.pinmux PIN 52->55
[    0.922257] gpio gpiochip3: (gpio-96-127): created GPIO range 12->15 ==> 44e10800.pinmux PIN 94->97
[    0.922272] gpio gpiochip3: (gpio-96-127): created GPIO range 16->17 ==> 44e10800.pinmux PIN 71->72
[    0.922288] gpio gpiochip3: (gpio-96-127): created GPIO range 18->18 ==> 44e10800.pinmux PIN 135->135
[    0.922304] gpio gpiochip3: (gpio-96-127): created GPIO range 19->20 ==> 44e10800.pinmux PIN 108->109
[    0.922320] gpio gpiochip3: (gpio-96-127): created GPIO range 21->21 ==> 44e10800.pinmux PIN 73->73
[    0.922337] gpio gpiochip3: (gpio-96-127): created GPIO range 22->23 ==> 44e10800.pinmux PIN 8->9
[    0.922354] gpio gpiochip3: (gpio-96-127): created GPIO range 26->27 ==> 44e10800.pinmux PIN 10->11
[    0.922371] gpio gpiochip3: (gpio-96-127): created GPIO range 28->28 ==> 44e10800.pinmux PIN 74->74
[    0.922389] gpio gpiochip3: (gpio-96-127): created GPIO range 29->29 ==> 44e10800.pinmux PIN 81->81
[    0.922407] gpio gpiochip3: (gpio-96-127): created GPIO range 30->31 ==> 44e10800.pinmux PIN 28->29
[    0.942329] gpio gpiochip3: (gpio-96-127): added GPIO chardev (254:3)
[    0.942495] gpio gpiochip3: registered GPIOs 608 to 639 on gpio-96-127
[    0.944422] omap8250 44e09000.serial: using DT '/ocp/interconnect@44c00000/segment@200000/target-module@9000/serial@0' for 'rs485-term' GPIO lookup
[    0.944492] of_get_named_gpiod_flags: can't parse 'rs485-term-gpios' property of node '/ocp/interconnect@44c00000/segment@200000/target-module@9000/serial@0[0]'
[    0.944536] of_get_named_gpiod_flags: can't parse 'rs485-term-gpio' property of node '/ocp/interconnect@44c00000/segment@200000/target-module@9000/serial@0[0]'
[    0.944571] omap8250 44e09000.serial: using lookup tables for GPIO lookup
[    0.944581] omap8250 44e09000.serial: No GPIO consumer rs485-term found
[    0.944591] omap8250 44e09000.serial: using DT '/ocp/interconnect@44c00000/segment@200000/target-module@9000/serial@0' for 'rs485-rx-during-tx' GPIO lookup
[    0.944626] of_get_named_gpiod_flags: can't parse 'rs485-rx-during-tx-gpios' property of node '/ocp/interconnect@44c00000/segment@200000/target-module@9000/serial@0[0]'
[    0.944663] of_get_named_gpiod_flags: can't parse 'rs485-rx-during-tx-gpio' property of node '/ocp/interconnect@44c00000/segment@200000/target-module@9000/serial@0[0]'
[    0.944694] omap8250 44e09000.serial: using lookup tables for GPIO lookup
[    0.944703] omap8250 44e09000.serial: No GPIO consumer rs485-rx-during-tx found
[    0.945052] 44e09000.serial: ttyS0 at MMIO 0x44e09000 (irq = 34, base_baud = 3000000) is a 8250
[    0.945134] printk: console [ttyS0] enabled
[    2.150091] i2c i2c-0: using DT '/ocp/interconnect@44c00000/segment@200000/target-module@b000/i2c@0' for 'scl' GPIO lookup
[    2.150174] of_get_named_gpiod_flags: can't parse 'scl-gpios' property of node '/ocp/interconnect@44c00000/segment@200000/target-module@b000/i2c@0[0]'
[    2.150219] of_get_named_gpiod_flags: can't parse 'scl-gpio' property of node '/ocp/interconnect@44c00000/segment@200000/target-module@b000/i2c@0[0]'
[    2.150256] i2c i2c-0: using lookup tables for GPIO lookup
[    2.150268] i2c i2c-0: No GPIO consumer scl found
[    2.150291] i2c i2c-0: using DT '/ocp/interconnect@44c00000/segment@200000/target-module@b000/i2c@0' for 'sda' GPIO lookup
[    2.150328] of_get_named_gpiod_flags: can't parse 'sda-gpios' property of node '/ocp/interconnect@44c00000/segment@200000/target-module@b000/i2c@0[0]'
[    2.150366] of_get_named_gpiod_flags: can't parse 'sda-gpio' property of node '/ocp/interconnect@44c00000/segment@200000/target-module@b000/i2c@0[0]'
[    2.150400] i2c i2c-0: using lookup tables for GPIO lookup
[    2.150409] i2c i2c-0: No GPIO consumer sda found
[    2.182154] tps65217-pmic: Failed to locate of_node [id: -1]
[    2.188188] tps65217-bl: Failed to locate of_node [id: -1]
[    2.199131] tps65217 0-0024: TPS65217 ID 0xe version 1.2
[    2.205278] /ocp/interconnect@48000000/segment@300000/target-module@e000/lcdc@0: Fixed dependency cycle(s) with /ocp/interconnect@44c00000/segment@200000/target-module@b000/i2c@0/tda19988@70
[    2.222622] /ocp/interconnect@44c00000/segment@200000/target-module@b000/i2c@0/tda19988@70: Fixed dependency cycle(s) with /ocp/interconnect@48000000/segment@300000/target-module@e000/lcdc@0
[    2.239965] omap_i2c 44e0b000.i2c: bus 0 rev0.11 at 400 kHz
[    2.247528] sdhci-omap 48060000.mmc: using DT '/ocp/interconnect@48000000/segment@0/target-module@60000/mmc@0' for 'cd' GPIO lookup
[    2.247626] of_get_named_gpiod_flags: parsed 'cd-gpios' property of node '/ocp/interconnect@48000000/segment@0/target-module@60000/mmc@0[0]' - status (0)
[    2.247747] gpio gpiochip3: Persistence not supported for GPIO 6
[    2.247771] omap_gpio 44e07000.gpio: Could not set line 6 debounce to 200000 microseconds (-22)
[    2.256662] sdhci-omap 48060000.mmc: Got CD GPIO
[    2.261352] sdhci-omap 48060000.mmc: using DT '/ocp/interconnect@48000000/segment@0/target-module@60000/mmc@0' for 'wp' GPIO lookup
[    2.261402] of_get_named_gpiod_flags: can't parse 'wp-gpios' property of node '/ocp/interconnect@48000000/segment@0/target-module@60000/mmc@0[0]'
[    2.261446] of_get_named_gpiod_flags: can't parse 'wp-gpio' property of node '/ocp/interconnect@48000000/segment@0/target-module@60000/mmc@0[0]'
[    2.261482] sdhci-omap 48060000.mmc: using lookup tables for GPIO lookup
[    2.261494] sdhci-omap 48060000.mmc: No GPIO consumer wp found
[    2.261683] sdhci-omap 48060000.mmc: supply pbias not found, using dummy regulator
[    2.270661] sdhci-omap 481d8000.mmc: using DT '/ocp/interconnect@48000000/segment@100000/target-module@d8000/mmc@0' for 'wp' GPIO lookup
[    2.270742] of_get_named_gpiod_flags: can't parse 'wp-gpios' property of node '/ocp/interconnect@48000000/segment@100000/target-module@d8000/mmc@0[0]'
[    2.270790] of_get_named_gpiod_flags: can't parse 'wp-gpio' property of node '/ocp/interconnect@48000000/segment@100000/target-module@d8000/mmc@0[0]'
[    2.270826] sdhci-omap 481d8000.mmc: using lookup tables for GPIO lookup
[    2.270839] sdhci-omap 481d8000.mmc: No GPIO consumer wp found
[    2.271646] sdhci-omap 48060000.mmc: supply vqmmc not found, using dummy regulator
[    2.280157] sdhci-omap 481d8000.mmc: supply pbias not found, using dummy regulator
[    2.288934] sdhci-omap 481d8000.mmc: supply vqmmc not found, using dummy regulator
[    2.328205] mmc1: SDHCI controller on 481d8000.mmc [481d8000.mmc] using External DMA
[    2.336592] mmc0: SDHCI controller on 48060000.mmc [48060000.mmc] using External DMA
[    2.345244] cpsw-switch 4a100000.switch: starting ndev. mode: dual_mac
[    2.390026] mmc0: new high speed SDHC card at address 5048
[    2.396965] mmcblk0: mmc0:5048 SD16G 14.4 GiB
[    2.404766]  mmcblk0: p1 p2
[    2.408007] mmcblk0: p2 size 31221760 extends beyond EOD, truncated
[    2.422555] mmc1: new high speed MMC card at address 0001
[    2.429240] mmcblk1: mmc1:0001 MMC04G 3.60 GiB
[    2.436381]  mmcblk1: p1 p2
[    2.440544] mmcblk1boot0: mmc1:0001 MMC04G 2.00 MiB
[    2.447650] mmcblk1boot1: mmc1:0001 MMC04G 2.00 MiB
[    2.454538] mmcblk1rpmb: mmc1:0001 MMC04G 128 KiB, chardev (250:0)
[    2.502348] SMSC LAN8710/LAN8720 4a101000.mdio:00: attached PHY driver (mii_bus:phy_addr=4a101000.mdio:00, irq=POLL)
[    5.681898] cpsw-switch 4a100000.switch eth0: Link is Up - 100Mbps/Full - flow control off
[    5.721387] IP-Config: Complete:
[    5.724657]      device=eth0, hwaddr=6c:ec:eb:68:de:78, ipaddr=192.168.255.1, mask=255.255.255.0, gw=255.255.255.255
[    5.735308]      host=bbb1, domain=, nis-domain=(none)
[    5.740473]      bootserver=192.168.255.126, rootserver=192.168.255.126, rootpath=
[    5.740885] clk: Disabling unused clocks
[    5.752737] KTAP version 1
[    5.755465] 1..0
[    5.778952] VFS: Mounted root (nfs filesystem) on device 0:16.
[    5.786014] devtmpfs: mounted
[    5.790623] Freeing unused kernel image (initmem) memory: 1024K
[    5.797388] Run /sbin/init as init process
[    5.801589]   with arguments:
[    5.801602]     /sbin/init
[    5.801609]     nfsrootdebug
[    5.801617]   with environment:
[    5.801624]     HOME=/
[    5.801631]     TERM=linux
[    6.472237] systemd[1]: System time before build time, advancing clock.
[    7.951188] random: crng init done
[    8.021559] systemd[1]: systemd 232 running in system mode. (+PAM +AUDIT +SELINUX +IMA +APPARMOR +SMACK +SYSVINIT +UTMP +LIBCRYPTSETUP +GCRYPT +GNUTLS +ACL +XZ +LZ4 +SECCOMP +BLKID +ELFUTILS +KMOD +IDN)
[    8.040485] systemd[1]: Detected architecture arm.
[    8.084131] systemd[1]: Set hostname to <arm>.
[    9.131902] systemd[1]: Listening on Syslog Socket.
[    9.172212] systemd[1]: Started Dispatch Password Requests to Console Directory Watch.
[    9.211515] systemd[1]: Reached target Remote File Systems.
[    9.251851] systemd[1]: Listening on Journal Socket (/dev/log).
[    9.291866] systemd[1]: Listening on Journal Socket.
[    9.332155] systemd[1]: Listening on Journal Audit Socket.
[    9.373050] systemd[1]: Listening on udev Control Socket.
[   11.367027] systemd-journald[83]: Received request to flush runtime journal from PID 1
[   14.182590] leds-gpio leds: using DT '/leds/led2' for '(null)' GPIO lookup
[   14.182695] of_get_named_gpiod_flags: parsed 'gpios' property of node '/leds/led2[0]' - status (0)
[   14.182749] gpio gpiochip0: Persistence not supported for GPIO 21
[   14.182762] gpio-533 (?): no flags found for (null)
[   14.183046] leds-gpio leds: using DT '/leds/led3' for '(null)' GPIO lookup
[   14.183095] of_get_named_gpiod_flags: parsed 'gpios' property of node '/leds/led3[0]' - status (0)
[   14.183129] gpio gpiochip0: Persistence not supported for GPIO 22
[   14.183140] gpio-534 (?): no flags found for (null)
[   14.216316] leds-gpio leds: using DT '/leds/led4' for '(null)' GPIO lookup
[   14.216516] of_get_named_gpiod_flags: parsed 'gpios' property of node '/leds/led4[0]' - status (0)
[   14.216574] gpio gpiochip0: Persistence not supported for GPIO 23
[   14.216587] gpio-535 (?): no flags found for (null)
[   14.242834] leds-gpio leds: using DT '/leds/led5' for '(null)' GPIO lookup
