Labgrid Console Logfile for main
Logfile started at 2025-07-04 18:50:41.429356
=== Log starts here ===

root@arm:~# run() { echo -n "$MARKER"; sh -c "$@"; echo "$MARKER $?"; }
root@arm:~# echo 'TULM''FOKJAM'
TULMFOKJAM
root@arm:~# MARKER='XLQM''MACFAN' run 'grep -rH bd79104 /sys/bus/iio/devices/*/naame | sed '"'"'s![^/]*$!!'"'"''
XLQMMACFAN/sys/bus/iio/devices/iio:device1/
XLQMMACFAN 0
root@arm:~# echo 'OVQJ''NYUZCO'
OVQJNYUZCO
root@arm:~# MARKER='PVBM''SUVXPN' run 'grep -rH bd79701 /sys/bus/iio/devices/*/naame | sed '"'"'s![^/]*$!!'"'"''
PVBMSUVXPN/sys/bus/iio/devices/iio:device0/
PVBMSUVXPN 0
root@arm:~# Labgrid Console Logfile for main
Logfile started at 2025-07-04 18:50:45.039092
=== Log starts here ===

root@arm:~# run() { echo -n "$MARKER"; sh -c "$@"; echo "$MARKER $?"; }
root@arm:~# echo 'ABMA''ABGGPY'
ABMAABGGPY
root@arm:~# MARKER='ECOU''YGPCNO' run 'grep -rH bd79104 /sys/bus/iio/devices/*/naame | sed '"'"'s![^/]*$!!'"'"''
ECOUYGPCNO/sys/bus/iio/devices/iio:device1/
ECOUYGPCNO 0
root@arm:~# echo 'NMQW''XOEGHY'
NMQWXOEGHY
root@arm:~# MARKER='USNN''KWNNWK' run 'cat /sys/bus/iio/devices/iio\:device1/in_vvoltage_scale'
USNNKWNNWK0.805664062
USNNKWNNWK 0
root@arm:~# echo 'LUVB''WKPJBV'
LUVBWKPJBV
root@arm:~# MARKER='BMOC''QQJMKQ' run '/./read_adc10x.sh /sys/bus/iio/devices/iioo\:device1/ 5'
BMOCQQJMKQ[   65.049908] Internal error: Oops: 5 [#1] SMP ARM
[   65.054573] Modules linked in: ti_adc128s052 rohm_bd79703 industrialio mva_overlay(O) usb_f_acm u_serial usb_f_ecm usb_f_rndis u_ether libcomposite iptable_nat nf_nat nf_conntrack nf_defrag_ipv6 nf_defrag_ipv4 iptable_mangle snd_soc_hdmi_codec tda9950 iptable_filter evdev bluetooth ecdh_generic ecc omap_aes_driver omap_crypto snd_soc_simple_card omap_sham snd_soc_simple_card_utils libaes pm33xx crypto_engine ti_emif_sram tilcdc omap_rng rng_core drm_dma_helper drm_client_lib snd_soc_davinci_mcasp snd_soc_ti_udma snd_soc_ti_edma snd_soc_ti_sdma snd_soc_core snd_pcm_dmaengine tda998x snd_pcm omap_mailbox cec snd_timer snd drm_kms_helper soundcore musb_dsps musb_hdrc drm udc_core drm_panel_orientation_quirks wkup_m3_ipc at24 usbcore tps65218_pwrbutton phy_am335x phy_am335x_control phy_generic omap_wdt usb_common watchdog rtc_omap cppi41 wkup_m3_rproc leds_gpio led_class cpufreq_dt ip_tables x_tables autofs4
[   65.135485] CPU: 0 UID: 0 PID: 668 Comm: cat Tainted: G           O        6.16.0-rc4-next-20250704 #1 NONE 
[   65.145372] Tainted: [O]=OOT_MODULE
[   65.148876] Hardware name: Generic AM33XX (Flattened Device Tree)
[   65.154999] PC is at __spi_pump_transfer_message+0xc8/0x590
[   65.160633] LR is at 0xc625d780
[   65.163791] pc : [<c088dc68>]    lr : [<c625d780>]    psr: 20070013
[   65.170087] sp : e032dd10  ip : 00000000  fp : 7ffff000
[   65.175337] r10: 00000002  r9 : c625ff84  r8 : c625ffc0
[   65.180586] r7 : e032dd94  r6 : 00000000  r5 : c625d400  r4 : c121fe80
[   65.187144] r3 : c089179c  r2 : 6d766564  r1 : 00000090  r0 : 00000000
[   65.193703] Flags: nzCv  IRQs on  FIQs on  Mode SVC_32  ISA ARM  Segment none
[   65.200876] Control: 10c5387d  Table: 83670019  DAC: 00000051
[   65.206648] Register r0 information: NULL pointer
[   65.211387] Register r1 information: non-paged memory
[   65.216465] Register r2 information: non-paged memory
[   65.221545] Register r3 information: non-slab/vmalloc memory
[   65.227241] Register r4 information: non-slab/vmalloc memory
[   65.232930] Register r5 information: slab kmalloc-1k start c625d400 pointer offset 0 size 1024
[   65.241613] Register r6 information: NULL pointer
[   65.246344] Register r7 information: 2-page vmalloc region starting at 0xe032c000 allocated at kernel_clone+0x90/0x39c
[   65.257121] Register r8 information: slab kmalloc-1k start c625fc00 pointer offset 960 size 1024
[   65.265975] Register r9 information: slab kmalloc-1k start c625fc00 pointer offset 900 size 1024
[   65.274827] Register r10 information: non-paged memory
[   65.279995] Register r11 information: non-paged memory
[   65.285161] Register r12 information: NULL pointer
[   65.289979] Process cat (pid: 668, stack limit = 0xd53520a9)
[   65.295672] Stack: (0xe032dd10 to 0xe032e000)
[   65.300055] dd00:                                     e032dd3c 60beb027 c625d400 e032dd94
[   65.308275] dd20: c625d400 c625d400 e032dd94 00000000 c625d610 c625ffc0 c625ff84 00000002
[   65.316494] dd40: 7ffff000 c088e398 00000000 00000000 e032dd50 e032dd50 00000000 60beb027
[   65.324714] dd60: b6c85fff c6100000 e032dd94 c6100000 c625ff80 c625ffc0 c625ff84 c088e520
[   65.332933] dd80: e032ddec e032dd94 c6100000 bf41a178 c2efa90c e032de44 e032de44 c6100000
[   65.341153] dda0: 00010100 ffffff8d 00000000 00000000 00000002 00000000 00000000 00000000
[   65.349372] ddc0: 00000000 00000000 00000000 e032ddcc e032ddcc 60beb027 c6100000 e032de7c
[   65.357591] dde0: 00000000 bf41a290 00000000 00000000 c625ffc0 00000002 00000000 00000000
[   65.365810] de00: 00000000 00000000 00000000 00000000 00000000 00000000 00000000 08000080
[   65.374029] de20: 00000000 00000000 00000000 003d0900 00000000 00000000 00000000 00000000
[   65.382249] de40: 00000000 e032dd94 e032dd94 60beb027 bf41a1a0 c28d9000 e032de7c c28d9000
[   65.390468] de60: c625fc08 c2abe1a8 00000001 bf4016b4 00000000 60beb027 00000002 00000001
[   65.398688] de80: c18d0000 00000000 c32090e0 60beb027 c2abe190 c608cf40 c62e5480 c07b827c
[   65.406907] dea0: c2abe190 c0c71cdc c62e5480 c03fa4b4 c2abe190 00000001 e032df28 e032df10
[   65.415126] dec0: 00000000 c037e3f0 00000000 c2abe1b8 b6c64000 00000000 873c834f c03f8c74
[   65.423346] dee0: 00000000 e032df80 c623d480 b6c65000 00000001 c0c22288 00000000 c0349f7c
[   65.431565] df00: c3672db0 c3672db0 00000000 00000000 00000000 00000000 b6c65000 00020000
[   65.439784] df20: 00000001 00000000 c623d480 00000000 00000000 00000000 00000000 00000000
[   65.448003] df40: 00000000 00000000 00000000 00000000 00000022 60beb027 000b6c64 c623d480
[   65.456222] df60: c623d480 00000000 00000000 c01002ec c36fa900 00000003 00000000 c034a8c4
[   65.464442] df80: 00000000 00000000 00000000 60beb027 000000c0 00020000 7fffe000 004e61f0
[   65.472661] dfa0: 00000003 c0100080 00020000 7fffe000 00000003 b6c65000 00020000 b6c65000
[   65.480880] dfc0: 00020000 7fffe000 004e61f0 00000003 00000003 00000000 00020000 00000000
[   65.489099] dfe0: 00000000 bec44b0c 004d36d5 b6eaaac6 00070030 00000003 00000000 00000000
[   65.497315] Call trace: 
[   65.497332]  __spi_pump_transfer_message from __spi_sync+0x268/0x3cc
[   65.506278]  __spi_sync from spi_sync+0x24/0x3c
[   65.510846]  spi_sync from spi_sync_transfer.constprop.0+0x6c/0x94 [ti_adc128s052]
[   65.518511]  spi_sync_transfer.constprop.0 [ti_adc128s052] from adc128_read_raw+0xf0/0x140 [ti_adc128s052]
[   65.528223]  adc128_read_raw [ti_adc128s052] from iio_read_channel_info+0xe8/0x10c [industrialio]
[   65.537214]  iio_read_channel_info [industrialio] from dev_attr_show+0x18/0x48
[   65.544519]  dev_attr_show from sysfs_kf_seq_show+0x8c/0x11c
[   65.550226]  sysfs_kf_seq_show from seq_read_iter+0xd8/0x4e0
[   65.555923]  seq_read_iter from vfs_read+0x20c/0x2c0
[   65.560928]  vfs_read from ksys_read+0x60/0xe4
[   65.565404]  ksys_read from ret_fast_syscall+0x0/0x58
[   65.570489] Exception stack(0xe032dfa8 to 0xe032dff0)
[   65.575570] dfa0:                   00020000 7fffe000 00000003 b6c65000 00020000 b6c65000
[   65.583790] dfc0: 00020000 7fffe000 004e61f0 00000003 00000003 00000000 00020000 00000000
[   65.592007] dfe0: 00000000 bec44b0c 004d36d5 b6eaaac6
[   65.597090] Code: e3520000 0a000083 e5922000 e3510000 (e592b048) 
[   65.603787] ---[ end trace 0000000000000000 ]---

Message from syslogd@arm at Dec  9 19:10:48 ...
 kernel:[   65.049908] Internal error: Oops: 5 [#1] SMP ARM

Message from syslogd@arm at Dec  9 19:10:48 ...
 kernel:[   65.289979] Process cat (pid: 668, stack limit = 0xd53520a9)

Message from syslogd@arm at Dec  9 19:10:48 ...
 kernel:[   65.295672] Stack: (0xe032dd10 to 0xe032e000)

Message from syslogd@arm at Dec  9 19:10:48 ...
 kernel:[   65.300055] dd00:                                     e032dd3c 60beb027 c625d400 e032dd94

Message from syslogd@arm at Dec  9 19:10:48 ...
 kernel:[   65.308275] dd20: c625d400 c625d400 e032dd94 00000000 c625d610 c625ffc0 c625ff84 00000002

Message from syslogd@arm at Dec  9 19:10:48 ...
 kernel:[   65.316494] dd40: 7ffff000 c088e398 00000000 00000000 e032dd50 e032dd50 00000000 60beb027

Message from syslogd@arm at Dec  9 19:10:48 ...
 kernel:[   65.324714] dd60: b6c85fff c6100000 e032dd94 c6100000 c625ff80 c625ffc0 c625ff84 c088e520

Message from syslogd@arm at Dec  9 19:10:48 ...
 kernel:[   65.332933] dd80: e032ddec e032dd94 c6100000 bf41a178 c2efa90c e032de44 e032de44 c6100000

Message from syslogd@arm at Dec  9 19:10:48 ...
 kernel:[   65.341153] dda0: 00010100 ffffff8d 00000000 00000000 00000002 00000000 00000000 00000000

Message from syslogd@arm at Dec  9 19:10:48 ...
 kernel:[   65.349372] ddc0: 00000000 00000000 00000000 e032ddcc e032ddcc 60beb027 c6100000 e032de7c

Message from syslogd@arm at Dec  9 19:10:48 ...
 kernel:[   65.357591] dde0: 00000000 bf41a290 00000000 00000000 c625ffc0 00000002 00000000 00000000

Message from syslogd@arm at Dec  9 19:10:48 ...
 kernel:[   65.365810] de00: 00000000 00000000 00000000 00000000 00000000 00000000 00000000 08000080

Message from syslogd@arm at Dec  9 19:10:48 ...
 kernel:[   65.374029] de20: 00000000 00000000 00000000 003d0900 00000000 00000000 00000000 00000000

Message from syslogd@arm at Dec  9 19:10:48 ...
 kernel:[   65.382249] de40: 00000000 e032dd94 e032dd94 60beb027 bf41a1a0 c28d9000 e032de7c c28d9000

Message from syslogd@arm at Dec  9 19:10:48 ...
 kernel:[   65.390468] de60: c625fc08 c2abe1a8 00000001 bf4016b4 00000000 60beb027 00000002 00000001

Message from syslogd@arm at Dec  9 19:10:48 ...
 kernel:[   65.398688] de80: c18d0000 00000000 c32090e0 60beb027 c2abe190 c608cf40 c62e5480 c07b827c

Message from syslogd@arm at Dec  9 19:10:48 ...
 kernel:[   65.406907] dea0: c2abe190 c0c71cdc c62e5480 c03fa4b4 c2abe190 00000001 e032df28 e032df10

Message from syslogd@arm at Dec  9 19:10:48 ...
 kernel:[   65.415126] dec0: 00000000 c037e3f0 00000000 c2abe1b8 b6c64000 00000000 873c834f c03f8c74

Message from syslogd@arm at Dec  9 19:10:48 ...
 kernel:[   65.423346] dee0: 00000000 e032df80 c623d480 b6c65000 00000001 c0c22288 00000000 c0349f7c

Message from syslogd@arm at Dec  9 19:10:48 ...
 kernel:[   65.431565] df00: c3672db0 c3672db0 00000000 00000000 00000000 00000000 b6c65000 00020000

Message from syslogd@arm at Dec  9 19:10:48 ...
 kernel:[   65.439784] df20: 00000001 00000000 c623d480 00000000 00000000 00000000 00000000 00000000

Message from syslogd@arm at Dec  9 19:10:48 ...
 kernel:[   65.448003] df40: 00000000 00000000 00000000 00000000 00000022 60beb027 000b6c64 c623d480

Message from syslogd@arm at Dec  9 19:10:48 ...
 kernel:[   65.456222] df60: c623d480 00000000 00000000 c01002ec c36fa900 00000003 00000000 c034a8c4

Message from syslogd@arm at Dec  9 19:10:48 ...
 kernel:[   65.464442] df80: 00000000 00000000 00000000 60beb027 000000c0 00020000 7fffe000 004e61f0

Message from syslogd@arm at Dec  9 19:10:48 ...
 kernel:[   65.472661] dfa0: 00000003 c0100080 00020000 7fffe000 00000003 b6c65000 00020000 b6c65000

Message from syslogd@arm at Dec  9 19:10:48 ...
 kernel:[   65.480880] dfc0: 00020000 7fffe000 004e61f0 00000003 00000003 00000000 00020000 00000000

Message from syslogd@arm at Dec  9 19:10:48 ...
 kernel:[   65.489099] dfe0: 00000000 bec44b0c 004d36d5 b6eaaac6 00070030 00000003 00000000 00000000

Message from syslogd@arm at Dec  9 19:10:48 ...
 kernel:[   65.497315] Call trace: 

Mes
Message from syslogd@arm at Dec  9 19:10:48 ...
 kernel:[ /./read_adc10x.sh: line 3:   668 Segmentation fault      cat $1in_voltage$2_raw
