Labgrid Console Logfile for main
Logfile started at 2025-10-21 07:01:10.456732
=== Log starts here ===
reading args
spl_load_image_fat_os: error reading image args, err - -1
reading u-boot.img
reading u-boot.img


U-Boot 2014.04-00014-g47880f5 (Apr 22 2014 - 13:23:54)

I2C:   ready
DRAM:  512 MiB
NAND:  0 MiB
MMC:   OMAP SD/MMC: 0, OMAP SD/MMC: 1
*** Warning - readenv() failed, using default environment

Net:   <ethaddr> not set. Validating first E-fuse MAC
Could not get PHY for cpsw: addr 0
cpsw, usb_ether
Hit any key to stop autoboot:  1  0 
gpio: pin 53 (gpio 53) value is 1
mmc0 is current device
gpio: pin 54 (gpio 54) value is 1
SD/MMC found on device 0
reading uEnv.txt
569 bytes read in 4 ms (138.7 KiB/s)
gpio: pin 55 (gpio 55) value is 1
Loaded environment from uEnv.txt
Importing environment from mmc ...
Checking if uenvcmd is set ...
gpio: pin 56 (gpio 56) value is 1
Running uenvcmd ...
Using cpsw device
TFTP from server 192.168.255.126; our IP address is 192.168.255.1
Filename 'zImage'.
Load address: 0x81000000
Loading: *T T T T T T T T T T T T T T T T T T T Labgrid Console Logfile for main
Logfile started at 2025-10-21 07:02:51.675265
=== Log starts here ===
reading args
spl_load_image_fat_os: error reading image args, err - -1
reading u-boot.img
reading u-boot.img


U-Boot 2014.04-00014-g47880f5 (Apr 22 2014 - 13:23:54)

I2C:   ready
DRAM:  512 MiB
NAND:  0 MiB
MMC:   OMAP SD/MMC: 0, OMAP SD/MMC: 1
*** Warning - readenv() failed, using default environment

Net:   <ethaddr> not set. Validating first E-fuse MAC
cpsw, usb_ether
Hit any key to stop autoboot:  1  0 
gpio: pin 53 (gpio 53) value is 1
mmc0 is current device
gpio: pin 54 (gpio 54) value is 1
SD/MMC found on device 0
reading uEnv.txt
569 bytes read in 3 ms (184.6 KiB/s)
gpio: pin 55 (gpio 55) value is 1
Loaded environment from uEnv.txt
Importing environment from mmc ...
Checking if uenvcmd is set ...
gpio: pin 56 (gpio 56) value is 1
Running uenvcmd ...
cpsw Waiting for PHY auto negotiation to complete. done
link up on port 0, speed 100, full duplex
Using cpsw device
TFTP from server 192.168.255.126; our IP address is 192.168.255.1
Filename 'zImage'.
Load address: 0x81000000
Loading: *#################################################################
	 #################################################################
	 #################################################################
	 #################################################################
	 #################################################################
	 ##############################################################
	 2.4 MiB/s
done
Bytes transferred = 5679072 (56a7e0 hex)
link up on port 0, speed 100, full duplex
Using cpsw device
TFTP from server 192.168.255.126; our IP address is 192.168.255.1
Filename 'am335x-boneblack.dtb'.
Load address: 0x82000000
Loading: *#######
	 2.3 MiB/s
done
Bytes transferred = 98148 (17f64 hex)
Kernel image @ 0x81000000 [ 0x000000 - 0x56a7e0 ]
## Flattened Device Tree blob at 82000000
   Booting using the fdt blob at 0x82000000
   Using Device Tree in place at 82000000, end 8201af63

Starting kernel ...

[    0.000000] Booting Linux on physical CPU 0x0
[    0.000000] Linux version 6.18.0-rc2-next-20251021 (user01@drvtest01) (arm-none-eabi-gcc (Arm GNU Toolchain 14.2.Rel1 (Build arm-14.52)) 14.2.1 20241119, GNU ld (Arm GNU Toolchain 14.2.Rel1 (Build arm-14.52)) 2.43.1.20241119) #1 SMP Tue Oct 21 06:59:40 EEST 2025
[    0.000000] CPU: ARMv7 Processor [413fc082] revision 2 (ARMv7), cr=10c5387d
[    0.000000] CPU: PIPT / VIPT nonaliasing data cache, VIPT aliasing instruction cache
[    0.000000] OF: fdt: Machine model: TI AM335x BeagleBone Black
[    0.000000] Memory policy: Data cache writeback
[    0.000000] cma: Reserved 16 MiB at 0x9e800000
[    0.000000] Zone ranges:
[    0.000000]   Normal   [mem 0x0000000080000000-0x000000009fdfffff]
[    0.000000]   HighMem  empty
[    0.000000] Movable zone start for each node
[    0.000000] Early memory node ranges
[    0.000000]   node   0: [mem 0x0000000080000000-0x000000009fdfffff]
[    0.000000] Initmem setup node 0 [mem 0x0000000080000000-0x000000009fdfffff]
[    0.000000] On node 0, zone Normal: 512 pages in unavailable ranges
[    0.000000] OF: reserved mem: Reserved memory: No reserved-memory node in the DT
[    0.000000] CPU: All CPU(s) started in SVC mode.
[    0.000000] AM335X ES2.1 (sgx neon)
[    0.000000] percpu: Embedded 17 pages/cpu s40012 r8192 d21428 u69632
[    0.000000] Kernel command line: console=ttyO0,115200n8 root=/dev/nfs rw nfsroot=192.168.255.126:/home/user01/nfs,nfsvers=3 ip=192.168.255.1:192.168.255.126::255.255.255.0:bbb1:eth0 nfsrootdebug
[    0.000000] Unknown kernel command line parameters "nfsrootdebug", will be passed to user space.
[    0.000000] printk: log buffer data + meta data: 65536 + 204800 = 270336 bytes
[    0.000000] Dentry cache hash table entries: 65536 (order: 6, 262144 bytes, linear)
[    0.000000] Inode-cache hash table entries: 32768 (order: 5, 131072 bytes, linear)
[    0.000000] Built 1 zonelists, mobility grouping on.  Total pages: 130560
[    0.000000] mem auto-init: stack:off, heap alloc:off, heap free:off
[    0.000000] SLUB: HWalign=16, Order=0-3, MinObjects=0, CPUs=1, Nodes=1
[    0.000000] rcu: Hierarchical RCU implementation.
[    0.000000] rcu: 	RCU event tracing is enabled.
[    0.000000] rcu: 	RCU restricting CPUs from NR_CPUS=2 to nr_cpu_ids=1.
[    0.000000] 	Tracing variant of Tasks RCU enabled.
[    0.000000] rcu: RCU calculated value of scheduler-enlistment delay is 10 jiffies.
[    0.000000] rcu: Adjusting geometry for rcu_fanout_leaf=16, nr_cpu_ids=1
[    0.000000] RCU Tasks Trace: Setting shift to 0 and lim to 1 rcu_task_cb_adjust=1 rcu_task_cpu_ids=1.
[    0.000000] NR_IRQS: 16, nr_irqs: 16, preallocated irqs: 16
[    0.000000] IRQ: Found an INTC at 0x(ptrval) (revision 5.0) with 128 interrupts
[    0.000000] rcu: srcu_init: Setting srcu_struct sizes based on contention.
[    0.000000] TI gptimer clocksource: always-on /ocp/interconnect@44c00000/segment@200000/target-module@31000
[    0.000002] sched_clock: 32 bits at 24MHz, resolution 41ns, wraps every 89478484971ns
[    0.000027] clocksource: dmtimer: mask: 0xffffffff max_cycles: 0xffffffff, max_idle_ns: 79635851949 ns
[    0.000485] TI gptimer clockevent: 24000000 Hz at /ocp/interconnect@48000000/segment@0/target-module@40000
[    0.002047] Console: colour dummy device 80x30
[    0.002115] WARNING: Your 'console=ttyO0' has been replaced by 'ttyS0'
[    0.002123] This ensures that you still see kernel messages. Please
[    0.002127] update your kernel commandline.
[    0.002169] Calibrating delay loop... 996.14 BogoMIPS (lpj=4980736)
[    0.090535] CPU: Testing write buffer coherency: ok
[    0.090646] CPU0: Spectre v2: using BPIALL workaround
[    0.090658] pid_max: default: 32768 minimum: 301
[    0.090829] LSM: initializing lsm=capability
[    0.090990] Mount-cache hash table entries: 1024 (order: 0, 4096 bytes, linear)
[    0.091008] Mountpoint-cache hash table entries: 1024 (order: 0, 4096 bytes, linear)
[    0.092592] CPU0: thread -1, cpu 0, socket -1, mpidr 0
[    0.092649] cacheinfo: Unable to detect cache hierarchy for CPU 0
[    0.094709] Setting up static identity map for 0x80100000 - 0x80100078
[    0.095029] rcu: Hierarchical SRCU implementation.
[    0.095039] rcu: 	Max phase no-delay instances is 1000.
[    0.096726] smp: Bringing up secondary CPUs ...
[    0.096780] smp: Brought up 1 node, 1 CPU
[    0.096794] SMP: Total of 1 processors activated (996.14 BogoMIPS).
[    0.096805] CPU: All CPU(s) started in SVC mode.
[    0.097004] Memory: 480864K/522240K available (11264K kernel code, 1226K rwdata, 2952K rodata, 1024K init, 256K bss, 23336K reserved, 16384K cma-reserved, 0K highmem)
[    0.097824] devtmpfs: initialized
[    0.115458] VFP support v0.3: implementor 41 architecture 3 part 30 variant c rev 3
[    0.116141] clocksource: jiffies: mask: 0xffffffff max_cycles: 0xffffffff, max_idle_ns: 19112604462750000 ns
[    0.116199] posixtimers hash table entries: 512 (order: 0, 4096 bytes, linear)
[    0.116226] futex hash table entries: 256 (16384 bytes on 1 NUMA nodes, total 16 KiB, linear).
[    0.119418] NET: Registered PF_NETLINK/PF_ROUTE protocol family
[    0.122518] DMA: preallocated 256 KiB pool for atomic coherent allocations
[    0.123138] audit: initializing netlink subsys (disabled)
[    0.124499] thermal_sys: Registered thermal governor 'fair_share'
[    0.124515] thermal_sys: Registered thermal governor 'step_wise'
[    0.124523] thermal_sys: Registered thermal governor 'user_space'
[    0.124631] audit: type=2000 audit(0.120:1): state=initialized audit_enabled=0 res=1
[    0.124701] cpuidle: using governor menu
[    0.142946] /ocp/interconnect@44c00000/segment@200000/target-module@b000/i2c@0/tda19988@70: Fixed dependency cycle(s) with /ocp/interconnect@48000000/segment@300000/target-module@e000/lcdc@0
[    0.144045] /ocp/interconnect@48000000/segment@300000/target-module@e000/lcdc@0: Fixed dependency cycle(s) with /ocp/interconnect@44c00000/segment@200000/target-module@b000/i2c@0/tda19988@70
[    0.146232] No ATAGs?
[    0.146271] hw-breakpoint: debug architecture 0x4 unsupported.
[    0.149338] kprobes: kprobe jump-optimization is enabled. All kprobes are optimized if possible.
[    0.164141] iommu: Default domain type: Translated
[    0.164164] iommu: DMA domain TLB invalidation policy: strict mode
[    0.171424] SCSI subsystem initialized
[    0.172292] pps_core: LinuxPPS API ver. 1 registered
[    0.172304] pps_core: Software ver. 5.3.6 - Copyright 2005-2007 Rodolfo Giometti <giometti@linux.it>
[    0.172328] PTP clock support registered
[    0.174351] vgaarb: loaded
[    0.180876] clocksource: Switched to clocksource dmtimer
[    0.181589] VFS: Disk quotas dquot_6.6.0
[    0.181648] VFS: Dquot-cache hash table entries: 1024 (order 0, 4096 bytes)
[    0.209537] NET: Registered PF_INET protocol family
[    0.209877] IP idents hash table entries: 8192 (order: 4, 65536 bytes, linear)
[    0.211333] tcp_listen_portaddr_hash hash table entries: 512 (order: 0, 4096 bytes, linear)
[    0.211369] Table-perturb hash table entries: 65536 (order: 6, 262144 bytes, linear)
[    0.211387] TCP established hash table entries: 4096 (order: 2, 16384 bytes, linear)
[    0.211432] TCP bind hash table entries: 4096 (order: 4, 65536 bytes, linear)
[    0.211533] TCP: Hash tables configured (established 4096 bind 4096)
[    0.211653] UDP hash table entries: 256 (order: 1, 14336 bytes, linear)
[    0.211685] UDP-Lite hash table entries: 256 (order: 1, 14336 bytes, linear)
[    0.211893] NET: Registered PF_UNIX/PF_LOCAL protocol family
[    0.213186] RPC: Registered named UNIX socket transport module.
[    0.213207] RPC: Registered udp transport module.
[    0.213211] RPC: Registered tcp transport module.
[    0.213216] RPC: Registered tcp-with-tls transport module.
[    0.213221] RPC: Registered tcp NFSv4.1 backchannel transport module.
[    0.213245] PCI: CLS 0 bytes, default 64
[    0.214779] Initialise system trusted keyrings
[    0.225233] workingset: timestamp_bits=14 max_order=17 bucket_order=3
[    0.226630] NFS: Registering the id_resolver key type
[    0.226688] Key type id_resolver registered
[    0.226695] Key type id_legacy registered
[    0.226811] jffs2: version 2.2. (NAND) (SUMMARY)  Â© 2001-2006 Red Hat, Inc.
[    0.227269] Key type asymmetric registered
[    0.227286] Asymmetric key parser 'x509' registered
[    0.227363] io scheduler mq-deadline registered
[    0.227374] io scheduler kyber registered
[    0.227458] io scheduler bfq registered
[    0.229364] target-module@4b000000:target-module@140000:pmu@0:fck: device ID is greater than 24
[    0.230558] ledtrig-cpu: registered to indicate activity on CPUs
[    0.245293] Serial: 8250/16550 driver, 6 ports, IRQ sharing enabled
[    0.285440] brd: module loaded
[    0.296635] loop: module loaded
[    0.297574] mtdoops: mtd device (mtddev=name/number) must be supplied
[    0.310697] i2c_dev: i2c /dev entries driver
[    0.311721] cpuidle: enable-method property 'ti,am3352' found operations
[    0.312170] sdhci: Secure Digital Host Controller Interface driver
[    0.312179] sdhci: Copyright(c) Pierre Ossman
[    0.312365] sdhci-pltfm: SDHCI platform and OF driver helper
[    0.320736] hw perfevents: enabled with armv7_cortex_a8 PMU driver, 5 (8000000f) counters available
[    0.321284] Initializing XFRM netlink socket
[    0.321453] NET: Registered PF_INET6 protocol family
[    0.323483] Segment Routing with IPv6
[    0.323568] In-situ OAM (IOAM) with IPv6
[    0.323664] sit: IPv6, IPv4 and MPLS over IPv4 tunneling driver
[    0.324630] NET: Registered PF_PACKET protocol family
[    0.324827] NET: Registered PF_KEY protocol family
[    0.324975] Key type dns_resolver registered
[    0.325207] ThumbEE CPU extension supported.
[    0.325228] Registering SWP/SWPB emulation handler
[    0.325753] omap_voltage_late_init: Voltage driver support not added
[    0.326418] SmartReflex Class3 initialized
[    0.366200] Loading compiled-in X.509 certificates
[    0.396793] /ocp/interconnect@44c00000/segment@200000/target-module@b000/i2c@0/tda19988@70: Fixed dependency cycle(s) with /ocp/interconnect@48000000/segment@300000/target-module@ e000/lcdc@0
[    0.403293] /ocp/interconnect@44c00000/segment@200000/target-module@b000/i2c@0/tda19988@70: Fixed dependency cycle(s) with /ocp/interconnect@48000000/segment@300000/target-module@e000/lcdc@0
[    0.430860] /ocp/interconnect@44c00000/segment@200000/target-module@b000/i2c@0/tda19988@70: Fixed dependency cycle(s) with /ocp/interconnect@48000000/segment@300000/target-module@e000/lcdc@0
[    0.431737] /ocp/interconnect@44c00000/segment@200000/target-module@b000/i2c@0/tda19988@70: Fixed depend ency cycle(s) with /ocp/interconnect@48000000/segment@300000/target-module@e000/lcdc@0
[    0.435483] /ocp/interconnect@44c00000/segment@200000/target-module@10000/scm@0/pinmux@800: Fixed dependency cycle(s) with /ocp/interconnect@44c00000/segment@200000/target-module@10000/scm@0/pinmux@800/clkout2-pins
[    0.436118] pinctrl-single 44e10800.pinmux: 142 pins, size 568
[    0.441482] ti-sysc 44e31000.target-module: probe with driver ti-sysc failed with error -16
[    0.480390] /ocp/interconnect@48000000/segment@300000/target-module@e000/lcdc@0: Fixed dependency cycle(s) with /ocp/interconnect@44c00000/segment@200000/target-module@b000/i2c@0/tda19988@70
[    0.488851] ti-sysc 48040000.target-module: probe with driver ti-sysc failed with error -16
[    0.516250] OMAP GPIO hardware version 0.1
[    0.551790] omap_i2c 4819c000.i2c: bus 2 rev0.11 at 100 kHz
[    0.584539] 48000000.interconnect:segment@200000:target-module@0:mpu@0:fck: device ID is greater than 24
[    0.585718] /ocp/interconnect@48000000/segment@300000/target-module@e000/lcdc@0: Fixed dependency cycle(s) with /ocp/interconnect@44c00000/segment@200000/target-module@b000/i2c@0/tda19988@70
[    0.588571] /ocp/interconnect@48000000/segment@300000/target-module@e000/lcdc@0: Fixed dependency cycle(s) with /ocp/interconnect@44c00000/segment@200000/target-module@b000/i2c@0/tda19988@70
[    0.589289] /ocp/interconnect@44c00000/segment@200000/target-module@b000/i2c@0/tda19988@70: Fixed dependency cycle(s) with /ocp/interconnect@48000000/segment@300000
[    2.435664] tps65217-pmic: Failed to locate of_node [id: -1]
[    2.441723] tps65217-bl: Failed to locate of_node [id: -1]
[    2.447816] platform tps65217-charger: DMA mask not set
[    2.453841] platform tps65217-pwrbutton: DMA mask not set
[    2.461118] tps65217 0-0024: TPS65217 ID 0xe version 1.2
[    2.467216] /ocp/interconnect@48000000/segment@300000/target-module@e000/lcdc@0: Fixed dependency cycle(s) with /ocp/interconnect@44c00000/segment@200000/target-module@b000/i2c@0/tda19988@70
[    2.484614] /ocp/interconnect@44c00000/segment@200000/target-module@b000/i2c@0/tda19988@70: Fixed dependency cycle(s) with /ocp/interconnect@48000000/segment@300000/target-module@e000/lcdc@0
[    2.502003] omap_i2c 44e0b000.i2c: bus 0 rev0.11 at 400 kHz
[    2.510122] omap_gpio 44e07000.gpio: Could not set line 6 debounce to 200000 microseconds (-22)
[    2.519007] sdhci-omap 48060000.mmc: Got CD GPIO
[    2.524016] sdhci-omap 48060000.mmc: supply pbias not found, using dummy regulator
[    2.534774] sdhci-omap 48060000.mmc: supply vqmmc not found, using dummy regulator
[    2.543158] sdhci-omap 481d8000.mmc: supply pbias not found, using dummy regulator
[    2.552914] sdhci-omap 481d8000.mmc: supply vqmmc not found, using dummy regulator
[    2.588427] mmc0: SDHCI controller on 48060000.mmc [48060000.mmc] using External DMA
[    2.596680] mmc1: SDHCI controller on 481d8000.mmc [481d8000.mmc] using External DMA
[    2.605513] cpsw-switch 4a100000.switch: starting ndev. mode: dual_mac
[    2.674985] mmc1: new high speed MMC card at address 0001
[    2.681812] mmcblk1: mmc1:0001 MMC04G 3.60 GiB
[    2.689718]  mmcblk1: p1 p2
[    2.693481] SMSC LAN8710/LAN8720 4a101000.mdio:00: attached PHY driver (mii_bus:phy_addr=4a101000.mdio:00, irq=POLL)
[    2.706057] mmcblk1boot0: mmc1:0001 MMC04G 2.00 MiB
[    2.719916] mmcblk1boot1: mmc1:0001 MMC04G 2.00 MiB
[    2.728575] mmcblk1rpmb: mmc1:0001 MMC04G 128 KiB, chardev (249:0)
[    2.778192] mmc0: new high speed SDHC card at address aaaa
[    2.785130] mmcblk0: mmc0:aaaa SE32G 29.7 GiB
[    2.794207]  mmcblk0: p1 p2
[    5.845444] cpsw-switch 4a100000.switch eth0: Link is Up - 100Mbps/Full - flow control off
[    5.874697] IP-Config: Complete:
[    5.877973]      device=eth0, hwaddr=6c:ec:eb:68:de:78, ipaddr=192.168.255.1, mask=255.255.255.0, gw=255.255.255.255
[    5.888618]      host=bbb1, domain=, nis-domain=(none)
[    5.893785]      bootserver=192.168.255.126, rootserver=192.168.255.126, rootpath=
[    5.894208] clk: Disabling unused clocks
[    5.906065] PM: genpd: Disabling unused power domains
[    5.911232] KTAP version 1
[    5.913956] 1..0
[    5.916731] check access for rdinit=/init failed: -2, ignoring
[    5.953094] VFS: Mounted root (nfs filesystem) on device 0:17.
[    5.960147] devtmpfs: mounted
[    5.964617] Freeing unused kernel image (initmem) memory: 1024K
[    5.971523] Run /sbin/init as init process
[    6.648153] systemd[1]: System time before build time, advancing clock.
[    8.174707] random: crng init done
[    8.207430] systemd[1]: systemd 232 running in system mode. (+PAM +AUDIT +SELINUX +IMA +APPARMOR +SMACK +SYSVINIT +UTMP +LIBCRYPTSETUP +GCRYPT +GNUTLS +ACL +XZ +LZ4 +SECCOMP +BLKID +ELFUTILS +KMOD +IDN)
[    8.226557] systemd[1]: Detected architecture arm.

Welcome to [1mDebian GNU/Linux 9 (stretch)[0m!

[    8.258132] systemd[1]: Set hostname to <arm>.
[    9.370734] systemd[1]: Created slice System Slice.
[[0;32m  OK  [0m] Created slice System Slice.
[    9.398827] systemd[1]: systemd-journald.socket: SO_PASSSEC failed: Operation not supported
[    9.407761] systemd[1]: systemd-journald.socket: SO_PASSSEC failed: Operation not supported
[    9.416514] systemd[1]: Listening on Journal Socket.
[[0;32m  OK  [0m] Listening on Journal Socket.
[    9.455891] systemd[1]: Starting Create list of required static device nodes for the current kernel...
         Starting Create list of required stâ€¦ce nodes for the current kernel...
[    9.528755] systemd[1]: Starting Load Kernel Modules...
         Starting Load Kernel Modules...
[    9.551652] systemd[1]: Created slice system-getty.slice.
[[0;32m  OK  [0m] Created slice system-getty.slice.
         Mounting Debug File System...
[[0;32m  OK  [0m] Listening on /dev/initctl Compatibility Named Pipe.
[[0;32m  OK  [0m] Created slice system-serial\x2dgetty.slice.
[[0;32m  OK  [0m] Created slice User and Session Slice.
[[0;32m  OK  [0m] Reached target Slices.
[[0;32m  OK  [0m] Started Forward Password Requests to Wall Directory Watch.
[[0;32m  OK  [0m] Started Dispatch Password Requests to Console Directory Watch.
[[0;32m  OK  [0m] Reached target Paths.
[[0;32m  OK  [0m] Listening on Journal Audit Socket.
[[0;32m  OK  [0m] Reached target Remote File Systems.
[[0;32m  OK  [0m] Listening on udev Kernel Socket.
[[0;32m  OK  [0m] Listening on Journal Socket (/dev/log).
         Starting Remount Root and Kernel File Systems...
[[0;32m  OK  [0m] Listening on udev Control Socket.
         Mounting POSIX Message Queue File System...
[[0;32m  OK  [0m] Listening on Syslog Socket.
         Starting Journal Service...
[[0;32m  OK  [0m] Set up automount Arbitrary Executabâ€¦rmats File System Automount Point.
[[0;32m  OK  [0m] Reached target Swap.
[[0;32m  OK  [0m] Reached target Encrypted Volumes.
[[0;32m  OK  [0m] Mounted POSIX Message Queue File System.
[[0;32m  OK  [0m] Mounted Debug File System.
[[0;32m  OK  [0m] Started Create list of required staâ€¦vice nodes for the current kernel.
[[0;32m  OK  [0m] Started Load Kernel Modules.
[[0;32m  OK  [0m] Started Remount Root and Kernel File Systems.
         Starting Load/Save Random Seed...
         Starting udev Coldplug all Devices...
         Mounting Configuration File System...
         Starting Apply Kernel Variables...
         Starting Create Static Device Nodes in /dev...
[[0;32m  OK  [0m] Mounted Configuration File System.
[[0;32m  OK  [0m] Started Load/Save Random Seed.
[[0;32m  OK  [0m] Started Apply Kernel Variables.
[[0;32m  OK  [0m] Started Journal Service.
[[0;32m  OK  [0m] Started Create Static Device Nodes in /dev.
[[0;32m  OK  [0m] Reached target Local File Systems (Pre).
[[0;32m  OK  [0m] Reached target Local File Systems.
         Starting Raise network interfaces...
         Starting udev Kernel Device Manager...
         Starting Flush Journal to Persistent Storage...
[   11.621236] systemd-journald[90]: Received request to flush runtime journal from PID 1
[[0;32m  OK  [0m] Started Flush Journal to Persistent Storage.
         Starting Create Volatile Files and Directories...
[[0;32m  OK  [0m] Started udev Kernel Device Manager.
[   12.653718] omap_prm 44e00d00.prm: sync_state() pending due to 44d00000.cpu
[[0;32m  OK  [0m] Started Create Volatile Files and Directories.
         Starting Network Time Synchronization...
         Starting Update UTMP about System Boot/Shutdown...
[[0;32m  OK  [0m] Started udev Coldplug all Devices.
[[0;32m  OK  [0m] Started Update UTMP about System Boot/Shutdown.
[[0;32m  OK  [0m] Found device /dev/ttyS0.
[[0;32m  OK  [0m] Started Network Time Synchronization.
[[0;32m  OK  [0m] Reached target System Initialization.
[[0;32m  OK  [0m] Started Daily Cleanup of Temporary Directories.
[[0;32m  OK  [0m] Listening on Avahi mDNS/DNS-SD Stack Activation Socket.
[[0;32m  OK  [0m] Listening on D-Bus System Message Bus Socket.
[[0;32m  OK  [0m] Reached target Sockets.
[[0;32m  OK  [0m] Reached target Basic System.
         Starting Telephony service...
         Starting LSB: Load kernel modules needed to enable cpufreq scaling...
         Starting LSB: Start busybox udhcpd at boot time...
         Starting Avahi mDNS/DNS-SD Stack...
         Starting Generic Board Startup...
         Starting Cape Manager Service...
[[0;32m  OK  [0m] Started Regular background program processing daemon.
         Starting Login Service...
         Starting DUN service...
[[0;32m  OK  [0m] Started D-Bus System Message Bus.
[   19.101520] omap_rtc 44e3e000.rtc: registered as rtc0
[   19.106902] omap_rtc 44e3e000.rtc: setting system clock to 2000-01-01T00:00:00 UTC (946684800)
[   19.329335] ------------[ cut here ]------------
[   19.334029] WARNING: net/8021q/vlan_core.c:236 at vlan_for_each+0x114/0x134, CPU#0: avahi-daemon/182
[   19.343406] RTNL: assertion failed at net/8021q/vlan_core.c (236)
[   19.349568] Modules linked in: rtc_omap wkup_m3_ipc ti_emif_sram cpufreq_dt autofs4
[   19.357340] CPU: 0 UID: 107 PID: 182 Comm: avahi-daemon Not tainted 6.18.0-rc2-next-20251021 #1 NONE 
[   19.357360] Hardware name: Generic AM33XX (Flattened Device Tree)
[   19.357369] Call trace: 
[   19.357384]  unwind_backtrace from show_stack+0x10/0x14
[   19.357421]  show_stack from dump_stack_lvl+0x50/0x64
[   19.357446]  dump_stack_lvl from __warn+0x88/0x148
[   19.357464]  __warn from warn_slowpath_fmt+0x19c/0x1b0
[   19.357478]  warn_slowpath_fmt from vlan_for_each+0x114/0x134
[   19.357497]  vlan_for_each from cpsw_add_mc_addr+0x40/0xa4
[   19.357520]  cpsw_add_mc_addr from __hw_addr_ref_sync_dev+0x108/0x140
[   19.357549]  __hw_addr_ref_sync_dev from __dev_mc_add+0x7c/0x80
[   19.357571]  __dev_mc_add from igmp6_group_added+0xc8/0xe0
[   19.357597]  igmp6_group_added from __ipv6_dev_mc_inc+0x218/0x364
[   19.357615]  __ipv6_dev_mc_inc from __ipv6_sock_mc_join+0x11c/0x1c0
[   19.357634]  __ipv6_sock_mc_join from do_ipv6_setsockopt+0x1214/0x1310
[   19.357665]  do_ipv6_setsockopt from ipv6_setsockopt+0x60/0xcc
[   19.357686]  ipv6_setsockopt from udpv6_setsockopt+0x2c/0x6c
[   19.357710]  udpv6_setsockopt from sock_common_setsockopt+0x30/0x40
[   19.357744]  sock_common_setsockopt from do_sock_setsockopt+0x50/0x9c
[   19.357765]  do_sock_setsockopt from __sys_setsockopt+0x70/0xbc
[   19.357784]  __sys_setsockopt from ret_fast_syscall+0x0/0x58
[   19.357801] Exception stack(0xe017dfa8 to 0xe017dff0)
[   19.357816] dfa0:                   00000014 b6f25ce8 0000000d 00000029 00000014 beacd9ec
[   19.357828] dfc0: 00000014 b6f25ce8 00000014 00000126 0000000d b6eceff4 004ae988 00496558
[   19.357837] dfe0: b6ee4088 beacd9d8 b6ec1309 b6d9841a
[   19.357844] ---[ end trace 0000000000000000 ]---
[   19.610025] PM: Cannot get wkup_m3_ipc handle
[[0;32m  OK  [0m] Started Telephony service.
[[0;32m  OK  [0m] Started DUN service.
[[0;32m  OK  [0m] Started Avahi mDNS/DNS-SD Stack.
         Starting Connection service...
         Starting System Logging Service...
[[0;32m  OK  [0m] Reached target System Time Synchronized.
[[0;32m  OK  [0m] Started Daily apt download activities.
[[0;32m  OK  [0m] Started Daily apt upgrade and clean activities.
[[0;32m  OK  [0m] Reached target Timers.
[[0;32m  OK  [0m] Started Cape Manager Service.
[   21.448205] Bluetooth: Core ver 2.22
[   21.452066] NET: Registered PF_BLUETOOTH protocol family
[   21.457613] Bluetooth: HCI device and connection manager initialized
[   21.464086] Bluetooth: HCI socket layer initialized
[   21.469261] Bluetooth: L2CAP socket layer initialized
[   21.474390] Bluetooth: SCO socket layer initialized
[[0;32m  OK  [0m] Started System Logging Service.
[[0;32m  OK  [0m] Started LSB: Start busybox udhcpd at boot time.
[[0;32m  OK  [0m] Started Raise network interfaces.
[[0;32m  OK  [0m] Started LSB: Load kernel modules needed to enable cpufreq scaling.
[[0;32m  OK  [0m] Started Connection service.
[[0;32m  OK  [0m] Started Login Service.
         Starting Hostname Service...
         Starting WPA supplicant...
         Starting LSB: set CPUFreq kernel parameters...
[[0;32m  OK  [0m] Started Hostname Service.
[[0;32m  OK  [0m] Started WPA supplicant.
[[0;32m  OK  [0m] Reached target Network.
         Starting The Apache HTTP Server...
         Starting OpenBSD Secure Shell server...
         Starting Permit User Sessions...
[[0;32m  OK  [0m] Reached target Network is Online.
         Starting LSB: Advanced IEEE 802.11 management daemon...
[[0;32m  OK  [0m] Started LSB: set CPUFreq kernel parameters.
[[0;32m  OK  [0m] Started LSB: Advanced IEEE 802.11 management daemon.
[[0;32m  OK  [0m] Started Permit User Sessions.
[[0;32m  OK  [0m] Started Getty on tty1.
[[0;32m  OK  [0m] Started Serial Getty on ttyS0.
[[0;32m  OK  [0m] Reached target Login Prompts.
[[0;32m  OK  [0m] Started OpenBSD Secure Shell server.
[[0;32m  OK  [0m] Started The Apache HTTP Server.

Debian GNU/Linux 9 arm ttyS0

default username:password is [debian:temppwd]

arm login: rootÿ
Password: 
Last login: Sat Jan  1 00:00:36 UTC 2000 on ttyS0
root
Linux arm 6.18.0-rc2-next-20251021 #1 SMP Tue Oct 21 06:59:40 EEST 2025 armv7l

The programs included with the Debian GNU/Linux system are free software;
the exact distribution terms for each program are described in the
individual files in /usr/share/doc/*/copyright.

Debian GNU/Linux comes with ABSOLUTELY NO WARRANTY, to the extent
permitted by applicable law.
root@arm:~# root
-bash: root: command not found
root@arm:~# dmesg -n 1
root@arm:~# echo 'XHSV''WOWEPM'
XHSVWOWEPM
root@arm:~# run() { echo -n "$MARKER"; sh -c "$@"; echo "$MARKER $?"; }
root@arm:~# echo 'ZLUV''HFBXXA'
ZLUVHFBXXA
root@arm:~# MARKER='XAPV''MTBNUP' run 'cat /proc/version'
XAPVMTBNUPLinux version 6.18.0-rc2-next-20251021 (user01@drvtest01) (arm-none-eabi-gcc (Arm GNU Toolchain 14.2.Rel1 (Build arm-14.52)) 14.2.1 20241119, GNU ld (Arm GNU Toolchain 14.2.Rel1 (Build arm-14.52)) 2.43.1.20241119) #1 SMP Tue Oct 21 06:59:40 EEST 2025
XAPVMTBNUP 0
root@arm:~# echo 'XUHB''JTMMFU'
XUHBJTMMFU
root@arm:~# MARKER='YYYW''UQZQLW' run false
YYYWUQZQLWYYYWUQZQLW 1
root@arm:~# Labgrid Console Logfile for main
Logfile started at 2025-10-21 07:03:43.951290
=== Log starts here ===

root@arm:~# run() { echo -n "$MARKER"; sh -c "$@"; echo "$MARKER $?"; }
root@arm:~# echo 'MTWT''QCQJWU'
MTWTQCQJWU
root@arm:~# MARKER='AXBO''AKWLTX' run 'ls /iio_generic_buffer; echo $?'
AXBOAKWLTX/iio_generic_buffer
0
AXBOAKWLTX 0
root@arm:~# Labgrid Console Logfile for main
Logfile started at 2025-10-21 07:03:47.274042
=== Log starts here ===

root@arm:~# run() { echo -n "$MARKER"; sh -c "$@"; echo "$MARKER $?"; }
root@arm:~# echo 'GXGV''EJXTQF'
GXGVEJXTQF
root@arm:~# MARKER='LJVZ''OYCTNO' run dmesg
LJVZOYCTNO[    0.000000] Booting Linux on physical CPU 0x0
[    0.000000] Linux version 6.18.0-rc2-next-20251021 (user01@drvtest01) (arm-none-eabi-gcc (Arm GNU Toolchain 14.2.Rel1 (Build arm-14.52)) 14.2.1 20241119, GNU ld (Arm GNU Toolchain 14.2.Rel1 (Build arm-14.52)) 2.43.1.20241119) #1 SMP Tue Oct 21 06:59:40 EEST 2025
[    0.000000] CPU: ARMv7 Processor [413fc082] revision 2 (ARMv7), cr=10c5387d
[    0.000000] CPU: PIPT / VIPT nonaliasing data cache, VIPT aliasing instruction cache
[    0.000000] OF: fdt: Machine model: TI AM335x BeagleBone Black
[    0.000000] Memory policy: Data cache writeback
[    0.000000] cma: Reserved 16 MiB at 0x9e800000
[    0.000000] Zone ranges:
[    0.000000]   Normal   [mem 0x0000000080000000-0x000000009fdfffff]
[    0.000000]   HighMem  empty
[    0.000000] Movable zone start for each node
[    0.000000] Early memory node ranges
[    0.000000]   node   0: [mem 0x0000000080000000-0x000000009fdfffff]
[    0.000000] Initmem setup node 0 [mem 0x0000000080000000-0x000000009fdfffff]
[    0.000000] On node 0, zone Normal: 512 pages in unavailable ranges
[    0.000000] OF: reserved mem: Reserved memory: No reserved-memory node in the DT
[    0.000000] CPU: All CPU(s) started in SVC mode.
[    0.000000] AM335X ES2.1 (sgx neon)
[    0.000000] percpu: Embedded 17 pages/cpu s40012 r8192 d21428 u69632
[    0.000000] pcpu-alloc: s40012 r8192 d21428 u69632 alloc=17*4096
[    0.000000] pcpu-alloc: [0] 0 
[    0.000000] Kernel command line: console=ttyO0,115200n8 root=/dev/nfs rw nfsroot=192.168.255.126:/home/user01/nfs,nfsvers=3 ip=192.168.255.1:192.168.255.126::255.255.255.0:bbb1:eth0 nfsrootdebug
[    0.000000] Unknown kernel command line parameters "nfsrootdebug", will be passed to user space.
[    0.000000] printk: log buffer data + meta data: 65536 + 204800 = 270336 bytes
[    0.000000] Dentry cache hash table entries: 65536 (order: 6, 262144 bytes, linear)
[    0.000000] Inode-cache hash table entries: 32768 (order: 5, 131072 bytes, linear)
[    0.000000] Built 1 zonelists, mobility grouping on.  Total pages: 130560
[    0.000000] mem auto-init: stack:off, heap alloc:off, heap free:off
[    0.000000] SLUB: HWalign=16, Order=0-3, MinObjects=0, CPUs=1, Nodes=1
[    0.000000] rcu: Hierarchical RCU implementation.
[    0.000000] rcu: 	RCU event tracing is enabled.
[    0.000000] rcu: 	RCU restricting CPUs from NR_CPUS=2 to nr_cpu_ids=1.
[    0.000000] 	Tracing variant of Tasks RCU enabled.
[    0.000000] rcu: RCU calculated value of scheduler-enlistment delay is 10 jiffies.
[    0.000000] rcu: Adjusting geometry for rcu_fanout_leaf=16, nr_cpu_ids=1
[    0.000000] RCU Tasks Trace: Setting shift to 0 and lim to 1 rcu_task_cb_adjust=1 rcu_task_cpu_ids=1.
[    0.000000] NR_IRQS: 16, nr_irqs: 16, preallocated irqs: 16
[    0.000000] IRQ: Found an INTC at 0x(ptrval) (revision 5.0) with 128 interrupts
[    0.000000] rcu: srcu_init: Setting srcu_struct sizes based on contention.
[    0.000000] TI gptimer clocksource: always-on /ocp/interconnect@44c00000/segment@200000/target-module@31000
[    0.000002] sched_clock: 32 bits at 24MHz, resolution 41ns, wraps every 89478484971ns
[    0.000027] clocksource: dmtimer: mask: 0xffffffff max_cycles: 0xffffffff, max_idle_ns: 79635851949 ns
[    0.000485] TI gptimer clockevent: 24000000 Hz at /ocp/interconnect@48000000/segment@0/target-module@40000
[    0.002047] Console: colour dummy device 80x30
[    0.002115] WARNING: Your 'console=ttyO0' has been replaced by 'ttyS0'
[    0.002123] This ensures that you still see kernel messages. Please
[    0.002127] update your kernel commandline.
[    0.002169] Calibrating delay loop... 996.14 BogoMIPS (lpj=4980736)
[    0.090535] CPU: Testing write buffer coherency: ok
[    0.090646] CPU0: Spectre v2: using BPIALL workaround
[    0.090658] pid_max: default: 32768 minimum: 301
[    0.090829] LSM: initializing lsm=capability
[    0.090990] Mount-cache hash table entries: 1024 (order: 0, 4096 bytes, linear)
[    0.091008] Mountpoint-cache hash table entries: 1024 (order: 0, 4096 bytes, linear)
[    0.092592] CPU0: thread -1, cpu 0, socket -1, mpidr 0
[    0.092649] cacheinfo: Unable to detect cache hierarchy for CPU 0
[    0.094709] Setting up static identity map for 0x80100000 - 0x80100078
[    0.095029] rcu: Hierarchical SRCU implementation.
[    0.095039] rcu: 	Max phase no-delay instances is 1000.
[    0.096726] smp: Bringing up secondary CPUs ...
[    0.096780] smp: Brought up 1 node, 1 CPU
[    0.096794] SMP: Total of 1 processors activated (996.14 BogoMIPS).
[    0.096805] CPU: All CPU(s) started in SVC mode.
[    0.097004] Memory: 480864K/522240K available (11264K kernel code, 1226K rwdata, 2952K rodata, 1024K init, 256K bss, 23336K reserved, 16384K cma-reserved, 0K highmem)
[    0.097824] devtmpfs: initialized
[    0.115458] VFP support v0.3: implementor 41 architecture 3 part 30 variant c rev 3
[    0.116141] clocksource: jiffies: mask: 0xffffffff max_cycles: 0xffffffff, max_idle_ns: 19112604462750000 ns
[    0.116199] posixtimers hash table entries: 512 (order: 0, 4096 bytes, linear)
[    0.116226] futex hash table entries: 256 (16384 bytes on 1 NUMA nodes, total 16 KiB, linear).
[    0.119418] NET: Registered PF_NETLINK/PF_ROUTE protocol family
[    0.122518] DMA: preallocated 256 KiB pool for atomic coherent allocations
[    0.123138] audit: initializing netlink subsys (disabled)
[    0.124499] thermal_sys: Registered thermal governor 'fair_share'
[    0.124515] thermal_sys: Registered thermal governor 'step_wise'
[    0.124523] thermal_sys: Registered thermal governor 'user_space'
[    0.124631] audit: type=2000 audit(0.120:1): state=initialized audit_enabled=0 res=1
[    0.124701] cpuidle: using governor menu
[    0.142946] /ocp/interconnect@44c00000/segment@200000/target-module@b000/i2c@0/tda19988@70: Fixed dependency cycle(s) with /ocp/interconnect@48000000/segment@300000/target-module@e000/lcdc@0
[    0.144045] /ocp/interconnect@48000000/segment@300000/target-module@e000/lcdc@0: Fixed dependency cycle(s) with /ocp/interconnect@44c00000/segment@200000/target-module@b000/i2c@0/tda19988@70
[    0.146232] No ATAGs?
[    0.146271] hw-breakpoint: debug architecture 0x4 unsupported.
[    0.149338] kprobes: kprobe jump-optimization is enabled. All kprobes are optimized if possible.
[    0.164141] iommu: Default domain type: Translated
[    0.164164] iommu: DMA domain TLB invalidation policy: strict mode
[    0.165755] reg-fixed-voltage fixedregulator0: using DT '/fixedregulator0' for '(default)' GPIO lookup
[    0.165810] of_get_named_gpiod_flags: can't parse 'gpios' property of node '/fixedregulator0[0]'
[    0.165838] of_get_named_gpiod_flags: can't parse 'gpio' property of node '/fixedregulator0[0]'
[    0.165857] reg-fixed-voltage fixedregulator0: using lookup tables for GPIO lookup
[    0.165868] reg-fixed-voltage fixedregulator0: No GPIO consumer (default) found
[    0.171424] SCSI subsystem initialized
[    0.171907] libata version 3.00 loaded.
[    0.172292] pps_core: LinuxPPS API ver. 1 registered
[    0.172304] pps_core: Software ver. 5.3.6 - Copyright 2005-2007 Rodolfo Giometti <giometti@linux.it>
[    0.172328] PTP clock support registered
[    0.174351] vgaarb: loaded
[    0.180876] clocksource: Switched to clocksource dmtimer
[    0.181589] VFS: Disk quotas dquot_6.6.0
[    0.181648] VFS: Dquot-cache hash table entries: 1024 (order 0, 4096 bytes)
[    0.209537] NET: Registered PF_INET protocol family
[    0.209877] IP idents hash table entries: 8192 (order: 4, 65536 bytes, linear)
[    0.211333] tcp_listen_portaddr_hash hash table entries: 512 (order: 0, 4096 bytes, linear)
[    0.211369] Table-perturb hash table entries: 65536 (order: 6, 262144 bytes, linear)
[    0.211387] TCP established hash table entries: 4096 (order: 2, 16384 bytes, linear)
[    0.211432] TCP bind hash table entries: 4096 (order: 4, 65536 bytes, linear)
[    0.211533] TCP: Hash tables configured (established 4096 bind 4096)
[    0.211653] UDP hash table entries: 256 (order: 1, 14336 bytes, linear)
[    0.211685] UDP-Lite hash table entries: 256 (order: 1, 14336 bytes, linear)
[    0.211893] NET: Registered PF_UNIX/PF_LOCAL protocol family
[    0.213186] RPC: Registered named UNIX socket transport module.
[    0.213207] RPC: Registered udp transport module.
[    0.213211] RPC: Registered tcp transport module.
[    0.213216] RPC: Registered tcp-with-tls transport module.
[    0.213221] RPC: Registered tcp NFSv4.1 backchannel transport module.
[    0.213245] PCI: CLS 0 bytes, default 64
[    0.214779] Initialise system trusted keyrings
[    0.225233] workingset: timestamp_bits=14 max_order=17 bucket_order=3
[    0.226630] NFS: Registering the id_resolver key type
[    0.226688] Key type id_resolver registered
[    0.226695] Key type id_legacy registered
[    0.226811] jffs2: version 2.2. (NAND) (SUMMARY)  Â© 2001-2006 Red Hat, Inc.
[    0.227269] Key type asymmetric registered
[    0.227286] Asymmetric key parser 'x509' registered
[    0.227363] io scheduler mq-deadline registered
[    0.227374] io scheduler kyber registered
[    0.227458] io scheduler bfq registered
[    0.229364] target-module@4b000000:target-module@140000:pmu@0:fck: device ID is greater than 24
[    0.230558] ledtrig-cpu: registered to indicate activity on CPUs
[    0.245293] Serial: 8250/16550 driver, 6 ports, IRQ sharing enabled
[    0.285440] brd: module loaded
[    0.296635] loop: module loaded
[    0.297574] mtdoops: mtd device (mtddev=name/number) must be supplied
[    0.309223] mdio_bus fixed-0: using lookup tables for GPIO lookup
[    0.309249] mdio_bus fixed-0: No GPIO consumer reset found
[    0.310697] i2c_dev: i2c /dev entries driver
[    0.311721] cpuidle: enable-method property 'ti,am3352' found operations
[    0.312170] sdhci: Secure Digital Host Controller Interface driver
[    0.312179] sdhci: Copyright(c) Pierre Ossman
[    0.312365] sdhci-pltfm: SDHCI platform and OF driver helper
[    0.320736] hw perfevents: enabled with armv7_cortex_a8 PMU driver, 5 (8000000f) counters available
[    0.321284] Initializing XFRM netlink socket
[    0.321453] NET: Registered PF_INET6 protocol family
[    0.323483] Segment Routing with IPv6
[    0.323568] In-situ OAM (IOAM) with IPv6
[    0.323664] sit: IPv6, IPv4 and MPLS over IPv4 tunneling driver
[    0.324630] NET: Registered PF_PACKET protocol family
[    0.324827] NET: Registered PF_KEY protocol family
[    0.324975] Key type dns_resolver registered
[    0.325207] ThumbEE CPU extension supported.
[    0.325228] Registering SWP/SWPB emulation handler
[    0.325753] omap_voltage_late_init: Voltage driver support not added
[    0.326418] SmartReflex Class3 initialized
[    0.366200] Loading compiled-in X.509 certificates
[    0.396793] /ocp/interconnect@44c00000/segment@200000/target-module@b000/i2c@0/tda19988@70: Fixed dependency cycle(s) with /ocp/interconnect@48000000/segment@300000/target-module@e000/lcdc@0
[    0.403293] /ocp/interconnect@44c00000/segment@200000/target-module@b000/i2c@0/tda19988@70: Fixed dependency cycle(s) with /ocp/interconnect@48000000/segment@300000/target-module@e000/lcdc@0
[    0.409033] gpiochip_find_base_unlocked: found new base at 512
[    0.430860] /ocp/interconnect@44c00000/segment@200000/target-module@b000/i2c@0/tda19988@70: Fixed dependency cycle(s) with /ocp/interconnect@48000000/segment@300000/target-module@e000/lcdc@0
[    0.431737] /ocp/interconnect@44c00000/segment@200000/target-module@b000/i2c@0/tda19988@70: Fixed dependency cycle(s) with /ocp/interconnect@48000000/segment@300000/target-module@e000/lcdc@0
[    0.435483] /ocp/interconnect@44c00000/segment@200000/target-module@10000/scm@0/pinmux@800: Fixed dependency cycle(s) with /ocp/interconnect@44c00000/segment@200000/target-module@10000/scm@0/pinmux@800/clkout2-pins
[    0.436118] pinctrl-single 44e10800.pinmux: 142 pins, size 568
[    0.441482] ti-sysc 44e31000.target-module: probe with driver ti-sysc failed with error -16
[    0.480390] /ocp/interconnect@48000000/segment@300000/target-module@e000/lcdc@0: Fixed dependency cycle(s) with /ocp/interconnect@44c00000/segment@200000/target-module@b000/i2c@0/tda19988@70
[    0.488851] ti-sysc 48040000.target-module: probe with driver ti-sysc failed with error -16
[    0.500548] gpiochip_find_base_unlocked: found new base at 512
[    0.500661] gpio gpiochip0: (gpio-0-31): created GPIO range 0->7 ==> 44e10800.pinmux PIN 0->7
[    0.500679] gpio gpiochip0: (gpio-0-31): created GPIO range 8->11 ==> 44e10800.pinmux PIN 90->93
[    0.500695] gpio gpiochip0: (gpio-0-31): created GPIO range 12->27 ==> 44e10800.pinmux PIN 12->27
[    0.500711] gpio gpiochip0: (gpio-0-31): created GPIO range 28->31 ==> 44e10800.pinmux PIN 30->33
[    0.515915] gpio gpiochip0: (gpio-0-31): added GPIO chardev (254:0)
[    0.516162] gpio gpiochip0: registered GPIOs 512 to 543 on gpio-0-31
[    0.516250] OMAP GPIO hardware version 0.1
[    0.550795] i2c i2c-2: using DT '/ocp/interconnect@48000000/segment@100000/target-module@9c000/i2c@0' for 'scl' GPIO lookup
[    0.550866] of_get_named_gpiod_flags: can't parse 'scl-gpios' property of node '/ocp/interconnect@48000000/segment@100000/target-module@9c000/i2c@0[0]'
[    0.550908] of_get_named_gpiod_flags: can't parse 'scl-gpio' property of node '/ocp/interconnect@48000000/segment@100000/target-module@9c000/i2c@0[0]'
[    0.550945] i2c i2c-2: using lookup tables for GPIO lookup
[    0.550954] i2c i2c-2: No GPIO consumer scl found
[    0.550976] i2c i2c-2: using DT '/ocp/interconnect@48000000/segment@100000/target-module@9c000/i2c@0' for 'sda' GPIO lookup
[    0.551011] of_get_named_gpiod_flags: can't parse 'sda-gpios' property of node '/ocp/interconnect@48000000/segment@100000/target-module@9c000/i2c@0[0]'
[    0.551047] of_get_named_gpiod_flags: can't parse 'sda-gpio' property of node '/ocp/interconnect@48000000/segment@100000/target-module@9c000/i2c@0[0]'
[    0.551078] i2c i2c-2: using lookup tables for GPIO lookup
[    0.551086] i2c i2c-2: No GPIO consumer sda found
[    0.551790] omap_i2c 4819c000.i2c: bus 2 rev0.11 at 100 kHz
[    0.557743] gpiochip_find_base_unlocked: found new base at 544
[    0.557844] gpio gpiochip1: (gpio-32-63): created GPIO range 0->17 ==> 44e10800.pinmux PIN 34->51
[    0.557865] gpio gpiochip1: (gpio-32-63): created GPIO range 18->21 ==> 44e10800.pinmux PIN 77->80
[    0.557882] gpio gpiochip1: (gpio-32-63): created GPIO range 22->31 ==> 44e10800.pinmux PIN 56->65
[    0.575304] gpio gpiochip1: (gpio-32-63): added GPIO chardev (254:1)
[    0.575547] gpio gpiochip1: registered GPIOs 544 to 575 on gpio-32-63
[    0.577847] gpiochip_find_base_unlocked: found new base at 576
[    0.577941] gpio gpiochip2: (gpio-64-95): created GPIO range 0->4 ==> 44e10800.pinmux PIN 66->70
[    0.577961] gpio gpiochip2: (gpio-64-95): created GPIO range 5->6 ==> 44e10800.pinmux PIN 98->99
[    0.577977] gpio gpiochip2: (gpio-64-95): created GPIO range 7->8 ==> 44e10800.pinmux PIN 75->76
[    0.577992] gpio gpiochip2: (gpio-64-95): created GPIO range 13->13 ==> 44e10800.pinmux PIN 141->141
[    0.578008] gpio gpiochip2: (gpio-64-95): created GPIO range 14->21 ==> 44e10800.pinmux PIN 100->107
[    0.578687] gpio gpiochip2: (gpio-64-95): added GPIO chardev (254:2)
[    0.578896] gpio gpiochip2: registered GPIOs 576 to 607 on gpio-64-95
[    0.584539] 48000000.interconnect:segment@200000:target-module@0:mpu@0:fck: device ID is greater than 24
[    0.585718] /ocp/interconnect@48000000/segment@300000/target-module@e000/lcdc@0: Fixed dependency cycle(s) with /ocp/interconnect@44c00000/segment@200000/target-module@b000/i2c@0/tda19988@70
[    0.588571] /ocp/interconnect@48000000/segment@300000/target-module@e000/lcdc@0: Fixed dependency cycle(s) with /ocp/interconnect@44c00000/segment@200000/target-module@b000/i2c@0/tda19988@70
[    0.589289] /ocp/interconnect@44c00000/segment@200000/target-module@b000/i2c@0/tda19988@70: Fixed dependency cycle(s) with /ocp/interconnect@48000000/segment@300000/target-module@e000/lcdc@0
[    0.589469] /ocp/interconnect@48000000/segment@300000/target-module@e000/lcdc@0: Fixed dependency cycle(s) with /ocp/interconnect@44c00000/segment@200000/target-module@b000/i2c@0/tda19988@70
[    0.596908] sdhci-omap 481d8000.mmc: using DT '/ocp/interconnect@48000000/segment@100000/target-module@d8000/mmc@0' for 'wp' GPIO lookup
[    0.596979] of_get_named_gpiod_flags: can't parse 'wp-gpios' property of node '/ocp/interconnect@48000000/segment@100000/target-module@d8000/mmc@0[0]'
[    0.597024] of_get_named_gpiod_flags: can't parse 'wp-gpio' property of node '/ocp/interconnect@48000000/segment@100000/target-module@d8000/mmc@0[0]'
[    0.597061] sdhci-omap 481d8000.mmc: using lookup tables for GPIO lookup
[    0.597071] sdhci-omap 481d8000.mmc: No GPIO consumer wp found
[    0.597267] sdhci-omap 481d8000.mmc: supply pbias not found, using dummy regulator
[    0.597755] sdhci-omap 481d8000.mmc: supply vqmmc not found, using dummy regulator
[    0.643625] mdio_bus 4a101000.mdio: using DT '/ocp/interconnect@4a000000/segment@0/target-module@100000/switch@0/mdio@1000' for 'reset' GPIO lookup
[    0.643695] of_get_named_gpiod_flags: can't parse 'reset-gpios' property of node '/ocp/interconnect@4a000000/segment@0/target-module@100000/switch@0/mdio@1000[0]'
[    0.643742] of_get_named_gpiod_flags: can't parse 'reset-gpio' property of node '/ocp/interconnect@4a000000/segment@0/target-module@100000/switch@0/mdio@1000[0]'
[    0.643789] mdio_bus 4a101000.mdio: using lookup tables for GPIO lookup
[    0.643800] mdio_bus 4a101000.mdio: No GPIO consumer reset found
[    0.703505] davinci_mdio 4a101000.mdio: davinci mdio revision 1.6, bus freq 1000000
[    0.718437] mdio_bus 4a101000.mdio:00: using DT '/ocp/interconnect@4a000000/segment@0/target-module@100000/switch@0/mdio@1000/ethernet-phy@0' for 'reset' GPIO lookup
[    0.718533] of_get_named_gpiod_flags: parsed 'reset-gpios' property of node '/ocp/interconnect@4a000000/segment@0/target-module@100000/switch@0/mdio@1000/ethernet-phy@0[0]' - status (0)
[    0.718697] gpio gpiochip0: Persistence not supported for GPIO 8
[    0.851205] davinci_mdio 4a101000.mdio: phy[0]: device 4a101000.mdio:00, driver SMSC LAN8710/LAN8720
[    0.851997] cpsw-switch 4a100000.switch: initialized cpsw ale version 1.4
[    0.852019] cpsw-switch 4a100000.switch: ALE Table size 1024, Policers 0
[    0.852193] cpsw-switch 4a100000.switch: cpts: overflow check period 500 (jiffies)
[    0.852209] cpsw-switch 4a100000.switch: CPTS: ref_clk_freq:250000000 calc_mult:2147483648 calc_shift:29 error:0 nsec/sec
[    0.852310] cpsw-switch 4a100000.switch: Detected MACID = 6c:ec:eb:68:de:78
[    0.854178] cpsw-switch 4a100000.switch: initialized (regs 0x4a100000, pool size 256) hw_ver:0019010C 1.12 (0)
[    0.865999] debugfs: '49000000.dma' already exists in 'dmaengine'
[    0.866041] edma 49000000.dma: TI EDMA DMA engine driver
[    0.912013] gpio-clk clk_mcasp0: using DT '/clk_mcasp0' for 'enable' GPIO lookup
[    0.912095] of_get_named_gpiod_flags: parsed 'enable-gpios' property of node '/clk_mcasp0[0]' - status (0)
[    0.912140] gpio gpiochip0: Persistence not supported for GPIO 27
[    0.912892] gpiochip_find_base_unlocked: found new base at 608
[    0.913005] gpio gpiochip3: (gpio-96-127): created GPIO range 0->7 ==> 44e10800.pinmux PIN 82->89
[    0.913025] gpio gpiochip3: (gpio-96-127): created GPIO range 8->11 ==> 44e10800.pinmux PIN 52->55
[    0.913041] gpio gpiochip3: (gpio-96-127): created GPIO range 12->15 ==> 44e10800.pinmux PIN 94->97
[    0.913056] gpio gpiochip3: (gpio-96-127): created GPIO range 16->17 ==> 44e10800.pinmux PIN 71->72
[    0.913072] gpio gpiochip3: (gpio-96-127): created GPIO range 18->18 ==> 44e10800.pinmux PIN 135->135
[    0.913088] gpio gpiochip3: (gpio-96-127): created GPIO range 19->20 ==> 44e10800.pinmux PIN 108->109
[    0.913104] gpio gpiochip3: (gpio-96-127): created GPIO range 21->21 ==> 44e10800.pinmux PIN 73->73
[    0.913121] gpio gpiochip3: (gpio-96-127): created GPIO range 22->23 ==> 44e10800.pinmux PIN 8->9
[    0.913138] gpio gpiochip3: (gpio-96-127): created GPIO range 26->27 ==> 44e10800.pinmux PIN 10->11
[    0.913156] gpio gpiochip3: (gpio-96-127): created GPIO range 28->28 ==> 44e10800.pinmux PIN 74->74
[    0.913173] gpio gpiochip3: (gpio-96-127): created GPIO range 29->29 ==> 44e10800.pinmux PIN 81->81
[    0.913191] gpio gpiochip3: (gpio-96-127): created GPIO range 30->31 ==> 44e10800.pinmux PIN 28->29
[    0.914253] gpio gpiochip3: (gpio-96-127): added GPIO chardev (254:3)
[    0.914480] gpio gpiochip3: registered GPIOs 608 to 639 on gpio-96-127
[    0.916655] omap8250 44e09000.serial: using DT '/ocp/interconnect@44c00000/segment@200000/target-module@9000/serial@0' for 'rs485-term' GPIO lookup
[    0.916726] of_get_named_gpiod_flags: can't parse 'rs485-term-gpios' property of node '/ocp/interconnect@44c00000/segment@200000/target-module@9000/serial@0[0]'
[    0.916770] of_get_named_gpiod_flags: can't parse 'rs485-term-gpio' property of node '/ocp/interconnect@44c00000/segment@200000/target-module@9000/serial@0[0]'
[    0.916808] omap8250 44e09000.serial: using lookup tables for GPIO lookup
[    0.916818] omap8250 44e09000.serial: No GPIO consumer rs485-term found
[    0.916828] omap8250 44e09000.serial: using DT '/ocp/interconnect@44c00000/segment@200000/target-module@9000/serial@0' for 'rs485-rx-during-tx' GPIO lookup
[    0.916864] of_get_named_gpiod_flags: can't parse 'rs485-rx-during-tx-gpios' property of node '/ocp/interconnect@44c00000/segment@200000/target-module@9000/serial@0[0]'
[    0.916902] of_get_named_gpiod_flags: can't parse 'rs485-rx-during-tx-gpio' property of node '/ocp/interconnect@44c00000/segment@200000/target-module@9000/serial@0[0]'
[    0.916934] omap8250 44e09000.serial: using lookup tables for GPIO lookup
[    0.916942] omap8250 44e09000.serial: No GPIO consumer rs485-rx-during-tx found
[    0.917390] 44e09000.serial: ttyS0 at MMIO 0x44e09000 (irq = 34, base_baud = 3000000) is a 8250
[    0.917509] printk: legacy console [ttyS0] enabled
[    2.418578] i2c i2c-0: using DT '/ocp/interconnect@44c00000/segment@200000/target-module@b000/i2c@0' for 'scl' GPIO lookup
[    2.418664] of_get_named_gpiod_flags: can't parse 'scl-gpios' property of node '/ocp/interconnect@44c00000/segment@200000/target-module@b000/i2c@0[0]'
[    2.418712] of_get_named_gpiod_flags: can't parse 'scl-gpio' property of node '/ocp/interconnect@44c00000/segment@200000/target-module@b000/i2c@0[0]'
[    2.418754] i2c i2c-0: using lookup tables for GPIO lookup
[    2.418768] i2c i2c-0: No GPIO consumer scl found
[    2.418793] i2c i2c-0: using DT '/ocp/interconnect@44c00000/segment@200000/target-module@b000/i2c@0' for 'sda' GPIO lookup
[    2.418832] of_get_named_gpiod_flags: can't parse 'sda-gpios' property of node '/ocp/interconnect@44c00000/segment@200000/target-module@b000/i2c@0[0]'
[    2.418875] of_get_named_gpiod_flags: can't parse 'sda-gpio' property of node '/ocp/interconnect@44c00000/segment@200000/target-module@b000/i2c@0[0]'
[    2.418911] i2c i2c-0: using lookup tables for GPIO lookup
[    2.418922] i2c i2c-0: No GPIO consumer sda found
[    2.435664] tps65217-pmic: Failed to locate of_node [id: -1]
[    2.441723] tps65217-bl: Failed to locate of_node [id: -1]
[    2.447816] platform tps65217-charger: DMA mask not set
[    2.453841] platform tps65217-pwrbutton: DMA mask not set
[    2.461118] tps65217 0-0024: TPS65217 ID 0xe version 1.2
[    2.467216] /ocp/interconnect@48000000/segment@300000/target-module@e000/lcdc@0: Fixed dependency cycle(s) with /ocp/interconnect@44c00000/segment@200000/target-module@b000/i2c@0/tda19988@70
[    2.484614] /ocp/interconnect@44c00000/segment@200000/target-module@b000/i2c@0/tda19988@70: Fixed dependency cycle(s) with /ocp/interconnect@48000000/segment@300000/target-module@e000/lcdc@0
[    2.502003] omap_i2c 44e0b000.i2c: bus 0 rev0.11 at 400 kHz
[    2.509923] sdhci-omap 48060000.mmc: using DT '/ocp/interconnect@48000000/segment@0/target-module@60000/mmc@0' for 'cd' GPIO lookup
[    2.510028] of_get_named_gpiod_flags: parsed 'cd-gpios' property of node '/ocp/interconnect@48000000/segment@0/target-module@60000/mmc@0[0]' - status (0)
[    2.510095] gpio gpiochip3: Persistence not supported for GPIO 6
[    2.510122] omap_gpio 44e07000.gpio: Could not set line 6 debounce to 200000 microseconds (-22)
[    2.519007] sdhci-omap 48060000.mmc: Got CD GPIO
[    2.523661] sdhci-omap 48060000.mmc: using DT '/ocp/interconnect@48000000/segment@0/target-module@60000/mmc@0' for 'wp' GPIO lookup
[    2.523710] of_get_named_gpiod_flags: can't parse 'wp-gpios' property of node '/ocp/interconnect@48000000/segment@0/target-module@60000/mmc@0[0]'
[    2.523755] of_get_named_gpiod_flags: can't parse 'wp-gpio' property of node '/ocp/interconnect@48000000/segment@0/target-module@60000/mmc@0[0]'
[    2.523795] sdhci-omap 48060000.mmc: using lookup tables for GPIO lookup
[    2.523810] sdhci-omap 48060000.mmc: No GPIO consumer wp found
[    2.524016] sdhci-omap 48060000.mmc: supply pbias not found, using dummy regulator
[    2.532973] sdhci-omap 481d8000.mmc: using DT '/ocp/interconnect@48000000/segment@100000/target-module@d8000/mmc@0' for 'wp' GPIO lookup
[    2.533049] of_get_named_gpiod_flags: can't parse 'wp-gpios' property of node '/ocp/interconnect@48000000/segment@100000/target-module@d8000/mmc@0[0]'
[    2.533097] of_get_named_gpiod_flags: can't parse 'wp-gpio' property of node '/ocp/interconnect@48000000/segment@100000/target-module@d8000/mmc@0[0]'
[    2.533136] sdhci-omap 481d8000.mmc: using lookup tables for GPIO lookup
[    2.533150] sdhci-omap 481d8000.mmc: No GPIO consumer wp found
[    2.534774] sdhci-omap 48060000.mmc: supply vqmmc not found, using dummy regulator
[    2.543158] sdhci-omap 481d8000.mmc: supply pbias not found, using dummy regulator
[    2.552914] sdhci-omap 481d8000.mmc: supply vqmmc not found, using dummy regulator
[    2.588427] mmc0: SDHCI controller on 48060000.mmc [48060000.mmc] using External DMA
[    2.596680] mmc1: SDHCI controller on 481d8000.mmc [481d8000.mmc] using External DMA
[    2.605513] cpsw-switch 4a100000.switch: starting ndev. mode: dual_mac
[    2.674985] mmc1: new high speed MMC card at address 0001
[    2.681812] mmcblk1: mmc1:0001 MMC04G 3.60 GiB
[    2.689718]  mmcblk1: p1 p2
[    2.693481] SMSC LAN8710/LAN8720 4a101000.mdio:00: attached PHY driver (mii_bus:phy_addr=4a101000.mdio:00, irq=POLL)
[    2.706057] mmcblk1boot0: mmc1:0001 MMC04G 2.00 MiB
[    2.719916] mmcblk1boot1: mmc1:0001 MMC04G 2.00 MiB
[    2.728575] mmcblk1rpmb: mmc1:0001 MMC04G 128 KiB, chardev (249:0)
[    2.778192] mmc0: new high speed SDHC card at address aaaa
[    2.785130] mmcblk0: mmc0:aaaa SE32G 29.7 GiB
[    2.794207]  mmcblk0: p1 p2
[    5.845444] cpsw-switch 4a100000.switch eth0: Link is Up - 100Mbps/Full - flow control off
[    5.874697] IP-Config: Complete:
[    5.877973]      device=eth0, hwaddr=6c:ec:eb:68:de:78, ipaddr=192.168.255.1, mask=255.255.255.0, gw=255.255.255.255
[    5.888618]      host=bbb1, domain=, nis-domain=(none)
[    5.893785]      bootserver=192.168.255.126, rootserver=192.168.255.126, rootpath=
[    5.894208] clk: Disabling unused clocks
[    5.906065] PM: genpd: Disabling unused power domains
[    5.911232] KTAP version 1
[    5.913956] 1..0
[    5.916731] check access for rdinit=/init failed: -2, ignoring
[    5.953094] VFS: Mounted root (nfs filesystem) on device 0:17.
[    5.960147] devtmpfs: mounted
[    5.964617] Freeing unused kernel image (initmem) memory: 1024K
[    5.971523] Run /sbin/init as init process
[    5.975748]   with arguments:
[    5.975764]     /sbin/init
[    5.975773]     nfsrootdebug
[    5.975782]   with environment:
[    5.975791]     HOME=/
[    5.975799]     TERM=linux
[    6.648153] systemd[1]: System time before build time, advancing clock.
[    8.174707] random: crng init done
[    8.207430] systemd[1]: systemd 232 running in system mode. (+PAM +AUDIT +SELINUX +IMA +APPARMOR +SMACK +SYSVINIT +UTMP +LIBCRYPTSETUP +GCRYPT +GNUTLS +ACL +XZ +LZ4 +SECCOMP +BLKID +ELFUTILS +KMOD +IDN)
[    8.226557] systemd[1]: Detected architecture arm.
[    8.258132] systemd[1]: Set hostname to <arm>.
[    9.370734] systemd[1]: Created slice System Slice.
[    9.398827] systemd[1]: systemd-journald.socket: SO_PASSSEC failed: Operation not supported
[    9.407761] systemd[1]: systemd-journald.socket: SO_PASSSEC failed: Operation not supported
[    9.416514] systemd[1]: Listening on Journal Socket.
[    9.455891] systemd[1]: Starting Create list of required static device nodes for the current kernel...
[    9.528755] systemd[1]: Starting Load Kernel Modules...
[    9.551652] systemd[1]: Created slice system-getty.slice.
[   11.621236] systemd-journald[90]: Received request to flush runtime journal from PID 1
[   12.653718] omap_prm 44e00d00.prm: sync_state() pending due to 44d00000.cpu
[   19.101520] omap_rtc 44e3e000.rtc: registered as rtc0
[   19.106902] omap_rtc 44e3e000.rtc: setting system clock to 2000-01-01T00:00:00 UTC (946684800)
[   19.115674] omap_rtc 44e3e000.rtc: using DT '/ocp/interconnect@44c00000/segment@200000/target-module@3e000/rtc@0' for 'wp' GPIO lookup
[   19.115747] of_get_named_gpiod_flags: can't parse 'wp-gpios' property of node '/ocp/interconnect@44c00000/segment@200000/target-module@3e000/rtc@0[0]'
[   19.115797] of_get_named_gpiod_flags: can't parse 'wp-gpio' property of node '/ocp/interconnect@44c00000/segment@200000/target-module@3e000/rtc@0[0]'
[   19.115838] omap_rtc 44e3e000.rtc: using lookup tables for GPIO lookup
[   19.115854] omap_rtc 44e3e000.rtc: No GPIO consumer wp found
[   19.329335] ------------[ cut here ]------------
[   19.334029] WARNING: net/8021q/vlan_core.c:236 at vlan_for_each+0x114/0x134, CPU#0: avahi-daemon/182
[   19.343406] RTNL: assertion failed at net/8021q/vlan_core.c (236)
[   19.349568] Modules linked in: rtc_omap wkup_m3_ipc ti_emif_sram cpufreq_dt autofs4
[   19.357340] CPU: 0 UID: 107 PID: 182 Comm: avahi-daemon Not tainted 6.18.0-rc2-next-20251021 #1 NONE 
[   19.357360] Hardware name: Generic AM33XX (Flattened Device Tree)
[   19.357369] Call trace: 
[   19.357384]  unwind_backtrace from show_stack+0x10/0x14
[   19.357421]  show_stack from dump_stack_lvl+0x50/0x64
[   19.357446]  dump_stack_lvl from __warn+0x88/0x148
[   19.357464]  __warn from warn_slowpath_fmt+0x19c/0x1b0
[   19.357478]  warn_slowpath_fmt from vlan_for_each+0x114/0x134
[   19.357497]  vlan_for_each from cpsw_add_mc_addr+0x40/0xa4
[   19.357520]  cpsw_add_mc_addr from __hw_addr_ref_sync_dev+0x108/0x140
[   19.357549]  __hw_addr_ref_sync_dev from __dev_mc_add+0x7c/0x80
[   19.357571]  __dev_mc_add from igmp6_group_added+0xc8/0xe0
[   19.357597]  igmp6_group_added from __ipv6_dev_mc_inc+0x218/0x364
[   19.357615]  __ipv6_dev_mc_inc from __ipv6_sock_mc_join+0x11c/0x1c0
[   19.357634]  __ipv6_sock_mc_join from do_ipv6_setsockopt+0x1214/0x1310
[   19.357665]  do_ipv6_setsockopt from ipv6_setsockopt+0x60/0xcc
[   19.357686]  ipv6_setsockopt from udpv6_setsockopt+0x2c/0x6c
[   19.357710]  udpv6_setsockopt from sock_common_setsockopt+0x30/0x40
[   19.357744]  sock_common_setsockopt from do_sock_setsockopt+0x50/0x9c
[   19.357765]  do_sock_setsockopt from __sys_setsockopt+0x70/0xbc
[   19.357784]  __sys_setsockopt from ret_fast_syscall+0x0/0x58
[   19.357801] Exception stack(0xe017dfa8 to 0xe017dff0)
[   19.357816] dfa0:                   00000014 b6f25ce8 0000000d 00000029 00000014 beacd9ec
[   19.357828] dfc0: 00000014 b6f25ce8 00000014 00000126 0000000d b6eceff4 004ae988 00496558
[   19.357837] dfe0: b6ee4088 beacd9d8 b6ec1309 b6d9841a
[   19.357844] ---[ end trace 0000000000000000 ]---
[   19.610025] PM: Cannot get wkup_m3_ipc handle
[   21.448205] Bluetooth: Core ver 2.22
[   21.452066] NET: Registered PF_BLUETOOTH protocol family
[   21.457613] Bluetooth: HCI device and connection manager initialized
[   21.464086] Bluetooth: HCI socket layer initialized
[   21.469261] Bluetooth: L2CAP socket layer initialized
[   21.474390] Bluetooth: SCO socket layer initialized
[   23.554506] userial_init: registered 8 ttyGS* devices
[   23.807838] rndis_register: configNr = 0
LJVZOYCTNO 0
root@arm:~# echo 'HHTF''CQCLGQ'
HHTFCQCLGQ
root@arm:~# MARKER='NXQU''ZCLAPS' run 'modprobe test_linear_ranges'
NXQUZCLAPSNXQUZCLAPS 0
root@arm:~# echo 'HWZS''OXUSMV'
HWZSOXUSMV
root@arm:~# MARKER='AOPJ''OHBQQC' run dmesg
AOPJOHBQQC[    0.000000] Booting Linux on physical CPU 0x0
[    0.000000] Linux version 6.18.0-rc2-next-20251021 (user01@drvtest01) (arm-none-eabi-gcc (Arm GNU Toolchain 14.2.Rel1 (Build arm-14.52)) 14.2.1 20241119, GNU ld (Arm GNU Toolchain 14.2.Rel1 (Build arm-14.52)) 2.43.1.20241119) #1 SMP Tue Oct 21 06:59:40 EEST 2025
[    0.000000] CPU: ARMv7 Processor [413fc082] revision 2 (ARMv7), cr=10c5387d
[    0.000000] CPU: PIPT / VIPT nonaliasing data cache, VIPT aliasing instruction cache
[    0.000000] OF: fdt: Machine model: TI AM335x BeagleBone Black
[    0.000000] Memory policy: Data cache writeback
[    0.000000] cma: Reserved 16 MiB at 0x9e800000
[    0.000000] Zone ranges:
[    0.000000]   Normal   [mem 0x0000000080000000-0x000000009fdfffff]
[    0.000000]   HighMem  empty
[    0.000000] Movable zone start for each node
[    0.000000] Early memory node ranges
[    0.000000]   node   0: [mem 0x0000000080000000-0x000000009fdfffff]
[    0.000000] Initmem setup node 0 [mem 0x0000000080000000-0x000000009fdfffff]
[    0.000000] On node 0, zone Normal: 512 pages in unavailable ranges
[    0.000000] OF: reserved mem: Reserved memory: No reserved-memory node in the DT
[    0.000000] CPU: All CPU(s) started in SVC mode.
[    0.000000] AM335X ES2.1 (sgx neon)
[    0.000000] percpu: Embedded 17 pages/cpu s40012 r8192 d21428 u69632
[    0.000000] pcpu-alloc: s40012 r8192 d21428 u69632 alloc=17*4096
[    0.000000] pcpu-alloc: [0] 0 
[    0.000000] Kernel command line: console=ttyO0,115200n8 root=/dev/nfs rw nfsroot=192.168.255.126:/home/user01/nfs,nfsvers=3 ip=192.168.255.1:192.168.255.126::255.255.255.0:bbb1:eth0 nfsrootdebug
[    0.000000] Unknown kernel command line parameters "nfsrootdebug", will be passed to user space.
[    0.000000] printk: log buffer data + meta data: 65536 + 204800 = 270336 bytes
[    0.000000] Dentry cache hash table entries: 65536 (order: 6, 262144 bytes, linear)
[    0.000000] Inode-cache hash table entries: 32768 (order: 5, 131072 bytes, linear)
[    0.000000] Built 1 zonelists, mobility grouping on.  Total pages: 130560
[    0.000000] mem auto-init: stack:off, heap alloc:off, heap free:off
[    0.000000] SLUB: HWalign=16, Order=0-3, MinObjects=0, CPUs=1, Nodes=1
[    0.000000] rcu: Hierarchical RCU implementation.
[    0.000000] rcu: 	RCU event tracing is enabled.
[    0.000000] rcu: 	RCU restricting CPUs from NR_CPUS=2 to nr_cpu_ids=1.
[    0.000000] 	Tracing variant of Tasks RCU enabled.
[    0.000000] rcu: RCU calculated value of scheduler-enlistment delay is 10 jiffies.
[    0.000000] rcu: Adjusting geometry for rcu_fanout_leaf=16, nr_cpu_ids=1
[    0.000000] RCU Tasks Trace: Setting shift to 0 and lim to 1 rcu_task_cb_adjust=1 rcu_task_cpu_ids=1.
[    0.000000] NR_IRQS: 16, nr_irqs: 16, preallocated irqs: 16
[    0.000000] IRQ: Found an INTC at 0x(ptrval) (revision 5.0) with 128 interrupts
[    0.000000] rcu: srcu_init: Setting srcu_struct sizes based on contention.
[    0.000000] TI gptimer clocksource: always-on /ocp/interconnect@44c00000/segment@200000/target-module@31000
[    0.000002] sched_clock: 32 bits at 24MHz, resolution 41ns, wraps every 89478484971ns
[    0.000027] clocksource: dmtimer: mask: 0xffffffff max_cycles: 0xffffffff, max_idle_ns: 79635851949 ns
[    0.000485] TI gptimer clockevent: 24000000 Hz at /ocp/interconnect@48000000/segment@0/target-module@40000
[    0.002047] Console: colour dummy device 80x30
[    0.002115] WARNING: Your 'console=ttyO0' has been replaced by 'ttyS0'
[    0.002123] This ensures that you still see kernel messages. Please
[    0.002127] update your kernel commandline.
[    0.002169] Calibrating delay loop... 996.14 BogoMIPS (lpj=4980736)
[    0.090535] CPU: Testing write buffer coherency: ok
[    0.090646] CPU0: Spectre v2: using BPIALL workaround
[    0.090658] pid_max: default: 32768 minimum: 301
[    0.090829] LSM: initializing lsm=capability
[    0.090990] Mount-cache hash table entries: 1024 (order: 0, 4096 bytes, linear)
[    0.091008] Mountpoint-cache hash table entries: 1024 (order: 0, 4096 bytes, linear)
[    0.092592] CPU0: thread -1, cpu 0, socket -1, mpidr 0
[    0.092649] cacheinfo: Unable to detect cache hierarchy for CPU 0
[    0.094709] Setting up static identity map for 0x80100000 - 0x80100078
[    0.095029] rcu: Hierarchical SRCU implementation.
[    0.095039] rcu: 	Max phase no-delay instances is 1000.
[    0.096726] smp: Bringing up secondary CPUs ...
[    0.096780] smp: Brought up 1 node, 1 CPU
[    0.096794] SMP: Total of 1 processors activated (996.14 BogoMIPS).
[    0.096805] CPU: All CPU(s) started in SVC mode.
[    0.097004] Memory: 480864K/522240K available (11264K kernel code, 1226K rwdata, 2952K rodata, 1024K init, 256K bss, 23336K reserved, 16384K cma-reserved, 0K highmem)
[    0.097824] devtmpfs: initialized
[    0.115458] VFP support v0.3: implementor 41 architecture 3 part 30 variant c rev 3
[    0.116141] clocksource: jiffies: mask: 0xffffffff max_cycles: 0xffffffff, max_idle_ns: 19112604462750000 ns
[    0.116199] posixtimers hash table entries: 512 (order: 0, 4096 bytes, linear)
[    0.116226] futex hash table entries: 256 (16384 bytes on 1 NUMA nodes, total 16 KiB, linear).
[    0.119418] NET: Registered PF_NETLINK/PF_ROUTE protocol family
[    0.122518] DMA: preallocated 256 KiB pool for atomic coherent allocations
[    0.123138] audit: initializing netlink subsys (disabled)
[    0.124499] thermal_sys: Registered thermal governor 'fair_share'
[    0.124515] thermal_sys: Registered thermal governor 'step_wise'
[    0.124523] thermal_sys: Registered thermal governor 'user_space'
[    0.124631] audit: type=2000 audit(0.120:1): state=initialized audit_enabled=0 res=1
[    0.124701] cpuidle: using governor menu
[    0.142946] /ocp/interconnect@44c00000/segment@200000/target-module@b000/i2c@0/tda19988@70: Fixed dependency cycle(s) with /ocp/interconnect@48000000/segment@300000/target-module@e000/lcdc@0
[    0.144045] /ocp/interconnect@48000000/segment@300000/target-module@e000/lcdc@0: Fixed dependency cycle(s) with /ocp/interconnect@44c00000/segment@200000/target-module@b000/i2c@0/tda19988@70
[    0.146232] No ATAGs?
[    0.146271] hw-breakpoint: debug architecture 0x4 unsupported.
[    0.149338] kprobes: kprobe jump-optimization is enabled. All kprobes are optimized if possible.
[    0.164141] iommu: Default domain type: Translated
[    0.164164] iommu: DMA domain TLB invalidation policy: strict mode
[    0.165755] reg-fixed-voltage fixedregulator0: using DT '/fixedregulator0' for '(default)' GPIO lookup
[    0.165810] of_get_named_gpiod_flags: can't parse 'gpios' property of node '/fixedregulator0[0]'
[    0.165838] of_get_named_gpiod_flags: can't parse 'gpio' property of node '/fixedregulator0[0]'
[    0.165857] reg-fixed-voltage fixedregulator0: using lookup tables for GPIO lookup
[    0.165868] reg-fixed-voltage fixedregulator0: No GPIO consumer (default) found
[    0.171424] SCSI subsystem initialized
[    0.171907] libata version 3.00 loaded.
[    0.172292] pps_core: LinuxPPS API ver. 1 registered
[    0.172304] pps_core: Software ver. 5.3.6 - Copyright 2005-2007 Rodolfo Giometti <giometti@linux.it>
[    0.172328] PTP clock support registered
[    0.174351] vgaarb: loaded
[    0.180876] clocksource: Switched to clocksource dmtimer
[    0.181589] VFS: Disk quotas dquot_6.6.0
[    0.181648] VFS: Dquot-cache hash table entries: 1024 (order 0, 4096 bytes)
[    0.209537] NET: Registered PF_INET protocol family
[    0.209877] IP idents hash table entries: 8192 (order: 4, 65536 bytes, linear)
[    0.211333] tcp_listen_portaddr_hash hash table entries: 512 (order: 0, 4096 bytes, linear)
[    0.211369] Table-perturb hash table entries: 65536 (order: 6, 262144 bytes, linear)
[    0.211387] TCP established hash table entries: 4096 (order: 2, 16384 bytes, linear)
[    0.211432] TCP bind hash table entries: 4096 (order: 4, 65536 bytes, linear)
[    0.211533] TCP: Hash tables configured (established 4096 bind 4096)
[    0.211653] UDP hash table entries: 256 (order: 1, 14336 bytes, linear)
[    0.211685] UDP-Lite hash table entries: 256 (order: 1, 14336 bytes, linear)
[    0.211893] NET: Registered PF_UNIX/PF_LOCAL protocol family
[    0.213186] RPC: Registered named UNIX socket transport module.
[    0.213207] RPC: Registered udp transport module.
[    0.213211] RPC: Registered tcp transport module.
[    0.213216] RPC: Registered tcp-with-tls transport module.
[    0.213221] RPC: Registered tcp NFSv4.1 backchannel transport module.
[    0.213245] PCI: CLS 0 bytes, default 64
[    0.214779] Initialise system trusted keyrings
[    0.225233] workingset: timestamp_bits=14 max_order=17 bucket_order=3
[    0.226630] NFS: Registering the id_resolver key type
[    0.226688] Key type id_resolver registered
[    0.226695] Key type id_legacy registered
[    0.226811] jffs2: version 2.2. (NAND) (SUMMARY)  Â© 2001-2006 Red Hat, Inc.
[    0.227269] Key type asymmetric registered
[    0.227286] Asymmetric key parser 'x509' registered
[    0.227363] io scheduler mq-deadline registered
[    0.227374] io scheduler kyber registered
[    0.227458] io scheduler bfq registered
[    0.229364] target-module@4b000000:target-module@140000:pmu@0:fck: device ID is greater than 24
[    0.230558] ledtrig-cpu: registered to indicate activity on CPUs
[    0.245293] Serial: 8250/16550 driver, 6 ports, IRQ sharing enabled
[    0.285440] brd: module loaded
[    0.296635] loop: module loaded
[    0.297574] mtdoops: mtd device (mtddev=name/number) must be supplied
[    0.309223] mdio_bus fixed-0: using lookup tables for GPIO lookup
[    0.309249] mdio_bus fixed-0: No GPIO consumer reset found
[    0.310697] i2c_dev: i2c /dev entries driver
[    0.311721] cpuidle: enable-method property 'ti,am3352' found operations
[    0.312170] sdhci: Secure Digital Host Controller Interface driver
[    0.312179] sdhci: Copyright(c) Pierre Ossman
[    0.312365] sdhci-pltfm: SDHCI platform and OF driver helper
[    0.320736] hw perfevents: enabled with armv7_cortex_a8 PMU driver, 5 (8000000f) counters available
[    0.321284] Initializing XFRM netlink socket
[    0.321453] NET: Registered PF_INET6 protocol family
[    0.323483] Segment Routing with IPv6
[    0.323568] In-situ OAM (IOAM) with IPv6
[    0.323664] sit: IPv6, IPv4 and MPLS over IPv4 tunneling driver
[    0.324630] NET: Registered PF_PACKET protocol family
[    0.324827] NET: Registered PF_KEY protocol family
[    0.324975] Key type dns_resolver registered
[    0.325207] ThumbEE CPU extension supported.
[    0.325228] Registering SWP/SWPB emulation handler
[    0.325753] omap_voltage_late_init: Voltage driver support not added
[    0.326418] SmartReflex Class3 initialized
[    0.366200] Loading compiled-in X.509 certificates
[    0.396793] /ocp/interconnect@44c00000/segment@200000/target-module@b000/i2c@0/tda19988@70: Fixed dependency cycle(s) with /ocp/interconnect@48000000/segment@300000/target-module@e000/lcdc@0
[    0.403293] /ocp/interconnect@44c00000/segment@200000/target-module@b000/i2c@0/tda19988@70: Fixed dependency cycle(s) with /ocp/interconnect@48000000/segment@300000/target-module@e000/lcdc@0
[    0.409033] gpiochip_find_base_unlocked: found new base at 512
[    0.430860] /ocp/interconnect@44c00000/segment@200000/target-module@b000/i2c@0/tda19988@70: Fixed dependency cycle(s) with /ocp/interconnect@48000000/segment@300000/target-module@e000/lcdc@0
[    0.431737] /ocp/interconnect@44c00000/segment@200000/target-module@b000/i2c@0/tda19988@70: Fixed dependency cycle(s) with /ocp/interconnect@48000000/segment@300000/target-module@e000/lcdc@0
[    0.435483] /ocp/interconnect@44c00000/segment@200000/target-module@10000/scm@0/pinmux@800: Fixed dependency cycle(s) with /ocp/interconnect@44c00000/segment@200000/target-module@10000/scm@0/pinmux@800/clkout2-pins
[    0.436118] pinctrl-single 44e10800.pinmux: 142 pins, size 568
[    0.441482] ti-sysc 44e31000.target-module: probe with driver ti-sysc failed with error -16
[    0.480390] /ocp/interconnect@48000000/segment@300000/target-module@e000/lcdc@0: Fixed dependency cycle(s) with /ocp/interconnect@44c00000/segment@200000/target-module@b000/i2c@0/tda19988@70
[    0.488851] ti-sysc 48040000.target-module: probe with driver ti-sysc failed with error -16
[    0.500548] gpiochip_find_base_unlocked: found new base at 512
[    0.500661] gpio gpiochip0: (gpio-0-31): created GPIO range 0->7 ==> 44e10800.pinmux PIN 0->7
[    0.500679] gpio gpiochip0: (gpio-0-31): created GPIO range 8->11 ==> 44e10800.pinmux PIN 90->93
[    0.500695] gpio gpiochip0: (gpio-0-31): created GPIO range 12->27 ==> 44e10800.pinmux PIN 12->27
[    0.500711] gpio gpiochip0: (gpio-0-31): created GPIO range 28->31 ==> 44e10800.pinmux PIN 30->33
[    0.515915] gpio gpiochip0: (gpio-0-31): added GPIO chardev (254:0)
[    0.516162] gpio gpiochip0: registered GPIOs 512 to 543 on gpio-0-31
[    0.516250] OMAP GPIO hardware version 0.1
[    0.550795] i2c i2c-2: using DT '/ocp/interconnect@48000000/segment@100000/target-module@9c000/i2c@0' for 'scl' GPIO lookup
[    0.550866] of_get_named_gpiod_flags: can't parse 'scl-gpios' property of node '/ocp/interconnect@48000000/segment@100000/target-module@9c000/i2c@0[0]'
[    0.550908] of_get_named_gpiod_flags: can't parse 'scl-gpio' property of node '/ocp/interconnect@48000000/segment@100000/target-module@9c000/i2c@0[0]'
[    0.550945] i2c i2c-2: using lookup tables for GPIO lookup
[    0.550954] i2c i2c-2: No GPIO consumer scl found
[    0.550976] i2c i2c-2: using DT '/ocp/interconnect@48000000/segment@100000/target-module@9c000/i2c@0' for 'sda' GPIO lookup
[    0.551011] of_get_named_gpiod_flags: can't parse 'sda-gpios' property of node '/ocp/interconnect@48000000/segment@100000/target-module@9c000/i2c@0[0]'
[    0.551047] of_get_named_gpiod_flags: can't parse 'sda-gpio' property of node '/ocp/interconnect@48000000/segment@100000/target-module@9c000/i2c@0[0]'
[    0.551078] i2c i2c-2: using lookup tables for GPIO lookup
[    0.551086] i2c i2c-2: No GPIO consumer sda found
[    0.551790] omap_i2c 4819c000.i2c: bus 2 rev0.11 at 100 kHz
[    0.557743] gpiochip_find_base_unlocked: found new base at 544
[    0.557844] gpio gpiochip1: (gpio-32-63): created GPIO range 0->17 ==> 44e10800.pinmux PIN 34->51
[    0.557865] gpio gpiochip1: (gpio-32-63): created GPIO range 18->21 ==> 44e10800.pinmux PIN 77->80
[    0.557882] gpio gpiochip1: (gpio-32-63): created GPIO range 22->31 ==> 44e10800.pinmux PIN 56->65
[    0.575304] gpio gpiochip1: (gpio-32-63): added GPIO chardev (254:1)
[    0.575547] gpio gpiochip1: registered GPIOs 544 to 575 on gpio-32-63
[    0.577847] gpiochip_find_base_unlocked: found new base at 576
[    0.577941] gpio gpiochip2: (gpio-64-95): created GPIO range 0->4 ==> 44e10800.pinmux PIN 66->70
[    0.577961] gpio gpiochip2: (gpio-64-95): created GPIO range 5->6 ==> 44e10800.pinmux PIN 98->99
[    0.577977] gpio gpiochip2: (gpio-64-95): created GPIO range 7->8 ==> 44e10800.pinmux PIN 75->76
[    0.577992] gpio gpiochip2: (gpio-64-95): created GPIO range 13->13 ==> 44e10800.pinmux PIN 141->141
[    0.578008] gpio gpiochip2: (gpio-64-95): created GPIO range 14->21 ==> 44e10800.pinmux PIN 100->107
[    0.578687] gpio gpiochip2: (gpio-64-95): added GPIO chardev (254:2)
[    0.578896] gpio gpiochip2: registered GPIOs 576 to 607 on gpio-64-95
[    0.584539] 48000000.interconnect:segment@200000:target-module@0:mpu@0:fck: device ID is greater than 24
[    0.585718] /ocp/interconnect@48000000/segment@300000/target-module@e000/lcdc@0: Fixed dependency cycle(s) with /ocp/interconnect@44c00000/segment@200000/target-module@b000/i2c@0/tda19988@70
[    0.588571] /ocp/interconnect@48000000/segment@300000/target-module@e000/lcdc@0: Fixed dependency cycle(s) with /ocp/interconnect@44c00000/segment@200000/target-module@b000/i2c@0/tda19988@70
[    0.589289] /ocp/interconnect@44c00000/segment@200000/target-module@b000/i2c@0/tda19988@70: Fixed dependency cycle(s) with /ocp/interconnect@48000000/segment@300000/target-module@e000/lcdc@0
[    0.589469] /ocp/interconnect@48000000/segment@300000/target-module@e000/lcdc@0: Fixed dependency cycle(s) with /ocp/interconnect@44c00000/segment@200000/target-module@b000/i2c@0/tda19988@70
[    0.596908] sdhci-omap 481d8000.mmc: using DT '/ocp/interconnect@48000000/segment@100000/target-module@d8000/mmc@0' for 'wp' GPIO lookup
[    0.596979] of_get_named_gpiod_flags: can't parse 'wp-gpios' property of node '/ocp/interconnect@48000000/segment@100000/target-module@d8000/mmc@0[0]'
[    0.597024] of_get_named_gpiod_flags: can't parse 'wp-gpio' property of node '/ocp/interconnect@48000000/segment@100000/target-module@d8000/mmc@0[0]'
[    0.597061] sdhci-omap 481d8000.mmc: using lookup tables for GPIO lookup
[    0.597071] sdhci-omap 481d8000.mmc: No GPIO consumer wp found
[    0.597267] sdhci-omap 481d8000.mmc: supply pbias not found, using dummy regulator
[    0.597755] sdhci-omap 481d8000.mmc: supply vqmmc not found, using dummy regulator
[    0.643625] mdio_bus 4a101000.mdio: using DT '/ocp/interconnect@4a000000/segment@0/target-module@100000/switch@0/mdio@1000' for 'reset' GPIO lookup
[    0.643695] of_get_named_gpiod_flags: can't parse 'reset-gpios' property of node '/ocp/interconnect@4a000000/segment@0/target-module@100000/switch@0/mdio@1000[0]'
[    0.643742] of_get_named_gpiod_flags: can't parse 'reset-gpio' property of node '/ocp/interconnect@4a000000/segment@0/target-module@100000/switch@0/mdio@1000[0]'
[    0.643789] mdio_bus 4a101000.mdio: using lookup tables for GPIO lookup
[    0.643800] mdio_bus 4a101000.mdio: No GPIO consumer reset found
[    0.703505] davinci_mdio 4a101000.mdio: davinci mdio revision 1.6, bus freq 1000000
[    0.718437] mdio_bus 4a101000.mdio:00: using DT '/ocp/interconnect@4a000000/segment@0/target-module@100000/switch@0/mdio@1000/ethernet-phy@0' for 'reset' GPIO lookup
[    0.718533] of_get_named_gpiod_flags: parsed 'reset-gpios' property of node '/ocp/interconnect@4a000000/segment@0/target-module@100000/switch@0/mdio@1000/ethernet-phy@0[0]' - status (0)
[    0.718697] gpio gpiochip0: Persistence not supported for GPIO 8
[    0.851205] davinci_mdio 4a101000.mdio: phy[0]: device 4a101000.mdio:00, driver SMSC LAN8710/LAN8720
[    0.851997] cpsw-switch 4a100000.switch: initialized cpsw ale version 1.4
[    0.852019] cpsw-switch 4a100000.switch: ALE Table size 1024, Policers 0
[    0.852193] cpsw-switch 4a100000.switch: cpts: overflow check period 500 (jiffies)
[    0.852209] cpsw-switch 4a100000.switch: CPTS: ref_clk_freq:250000000 calc_mult:2147483648 calc_shift:29 error:0 nsec/sec
[    0.852310] cpsw-switch 4a100000.switch: Detected MACID = 6c:ec:eb:68:de:78
[    0.854178] cpsw-switch 4a100000.switch: initialized (regs 0x4a100000, pool size 256) hw_ver:0019010C 1.12 (0)
[    0.865999] debugfs: '49000000.dma' already exists in 'dmaengine'
[    0.866041] edma 49000000.dma: TI EDMA DMA engine driver
[    0.912013] gpio-clk clk_mcasp0: using DT '/clk_mcasp0' for 'enable' GPIO lookup
[    0.912095] of_get_named_gpiod_flags: parsed 'enable-gpios' property of node '/clk_mcasp0[0]' - status (0)
[    0.912140] gpio gpiochip0: Persistence not supported for GPIO 27
[    0.912892] gpiochip_find_base_unlocked: found new base at 608
[    0.913005] gpio gpiochip3: (gpio-96-127): created GPIO range 0->7 ==> 44e10800.pinmux PIN 82->89
[    0.913025] gpio gpiochip3: (gpio-96-127): created GPIO range 8->11 ==> 44e10800.pinmux PIN 52->55
[    0.913041] gpio gpiochip3: (gpio-96-127): created GPIO range 12->15 ==> 44e10800.pinmux PIN 94->97
[    0.913056] gpio gpiochip3: (gpio-96-127): created GPIO range 16->17 ==> 44e10800.pinmux PIN 71->72
[    0.913072] gpio gpiochip3: (gpio-96-127): created GPIO range 18->18 ==> 44e10800.pinmux PIN 135->135
[    0.913088] gpio gpiochip3: (gpio-96-127): created GPIO range 19->20 ==> 44e10800.pinmux PIN 108->109
[    0.913104] gpio gpiochip3: (gpio-96-127): created GPIO range 21->21 ==> 44e10800.pinmux PIN 73->73
[    0.913121] gpio gpiochip3: (gpio-96-127): created GPIO range 22->23 ==> 44e10800.pinmux PIN 8->9
[    0.913138] gpio gpiochip3: (gpio-96-127): created GPIO range 26->27 ==> 44e10800.pinmux PIN 10->11
[    0.913156] gpio gpiochip3: (gpio-96-127): created GPIO range 28->28 ==> 44e10800.pinmux PIN 74->74
[    0.913173] gpio gpiochip3: (gpio-96-127): created GPIO range 29->29 ==> 44e10800.pinmux PIN 81->81
[    0.913191] gpio gpiochip3: (gpio-96-127): created GPIO range 30->31 ==> 44e10800.pinmux PIN 28->29
[    0.914253] gpio gpiochip3: (gpio-96-127): added GPIO chardev (254:3)
[    0.914480] gpio gpiochip3: registered GPIOs 608 to 639 on gpio-96-127
[    0.916655] omap8250 44e09000.serial: using DT '/ocp/interconnect@44c00000/segment@200000/target-module@9000/serial@0' for 'rs485-term' GPIO lookup
[    0.916726] of_get_named_gpiod_flags: can't parse 'rs485-term-gpios' property of node '/ocp/interconnect@44c00000/segment@200000/target-module@9000/serial@0[0]'
[    0.916770] of_get_named_gpiod_flags: can't parse 'rs485-term-gpio' property of node '/ocp/interconnect@44c00000/segment@200000/target-module@9000/serial@0[0]'
[    0.916808] omap8250 44e09000.serial: using lookup tables for GPIO lookup
[    0.916818] omap8250 44e09000.serial: No GPIO consumer rs485-term found
[    0.916828] omap8250 44e09000.serial: using DT '/ocp/interconnect@44c00000/segment@200000/target-module@9000/serial@0' for 'rs485-rx-during-tx' GPIO lookup
[    0.916864] of_get_named_gpiod_flags: can't parse 'rs485-rx-during-tx-gpios' property of node '/ocp/interconnect@44c00000/segment@200000/target-module@9000/serial@0[0]'
[    0.916902] of_get_named_gpiod_flags: can't parse 'rs485-rx-during-tx-gpio' property of node '/ocp/interconnect@44c00000/segment@200000/target-module@9000/serial@0[0]'
[    0.916934] omap8250 44e09000.serial: using lookup tables for GPIO lookup
[    0.916942] omap8250 44e09000.serial: No GPIO consumer rs485-rx-during-tx found
[    0.917390] 44e09000.serial: ttyS0 at MMIO 0x44e09000 (irq = 34, base_baud = 3000000) is a 8250
[    0.917509] printk: legacy console [ttyS0] enabled
[    2.418578] i2c i2c-0: using DT '/ocp/interconnect@44c00000/segment@200000/target-module@b000/i2c@0' for 'scl' GPIO lookup
[    2.418664] of_get_named_gpiod_flags: can't parse 'scl-gpios' property of node '/ocp/interconnect@44c00000/segment@200000/target-module@b000/i2c@0[0]'
[    2.418712] of_get_named_gpiod_flags: can't parse 'scl-gpio' property of node '/ocp/interconnect@44c00000/segment@200000/target-module@b000/i2c@0[0]'
[    2.418754] i2c i2c-0: using lookup tables for GPIO lookup
[    2.418768] i2c i2c-0: No GPIO consumer scl found
[    2.418793] i2c i2c-0: using DT '/ocp/interconnect@44c00000/segment@200000/target-module@b000/i2c@0' for 'sda' GPIO lookup
[    2.418832] of_get_named_gpiod_flags: can't parse 'sda-gpios' property of node '/ocp/interconnect@44c00000/segment@200000/target-module@b000/i2c@0[0]'
[    2.418875] of_get_named_gpiod_flags: can't parse 'sda-gpio' property of node '/ocp/interconnect@44c00000/segment@200000/target-module@b000/i2c@0[0]'
[    2.418911] i2c i2c-0: using lookup tables for GPIO lookup
[    2.418922] i2c i2c-0: No GPIO consumer sda found
[    2.435664] tps65217-pmic: Failed to locate of_node [id: -1]
[    2.441723] tps65217-bl: Failed to locate of_node [id: -1]
[    2.447816] platform tps65217-charger: DMA mask not set
[    2.453841] platform tps65217-pwrbutton: DMA mask not set
[    2.461118] tps65217 0-0024: TPS65217 ID 0xe version 1.2
[    2.467216] /ocp/interconnect@48000000/segment@300000/target-module@e000/lcdc@0: Fixed dependency cycle(s) with /ocp/interconnect@44c00000/segment@200000/target-module@b000/i2c@0/tda19988@70
[    2.484614] /ocp/interconnect@44c00000/segment@200000/target-module@b000/i2c@0/tda19988@70: Fixed dependency cycle(s) with /ocp/interconnect@48000000/segment@300000/target-module@e000/lcdc@0
[    2.502003] omap_i2c 44e0b000.i2c: bus 0 rev0.11 at 400 kHz
[    2.509923] sdhci-omap 48060000.mmc: using DT '/ocp/interconnect@48000000/segment@0/target-module@60000/mmc@0' for 'cd' GPIO lookup
[    2.510028] of_get_named_gpiod_flags: parsed 'cd-gpios' property of node '/ocp/interconnect@48000000/segment@0/target-module@60000/mmc@0[0]' - status (0)
[    2.510095] gpio gpiochip3: Persistence not supported for GPIO 6
[    2.510122] omap_gpio 44e07000.gpio: Could not set line 6 debounce to 200000 microseconds (-22)
[    2.519007] sdhci-omap 48060000.mmc: Got CD GPIO
[    2.523661] sdhci-omap 48060000.mmc: using DT '/ocp/interconnect@48000000/segment@0/target-module@60000/mmc@0' for 'wp' GPIO lookup
[    2.523710] of_get_named_gpiod_flags: can't parse 'wp-gpios' property of node '/ocp/interconnect@48000000/segment@0/target-module@60000/mmc@0[0]'
[    2.523755] of_get_named_gpiod_flags: can't parse 'wp-gpio' property of node '/ocp/interconnect@48000000/segment@0/target-module@60000/mmc@0[0]'
[    2.523795] sdhci-omap 48060000.mmc: using lookup tables for GPIO lookup
[    2.523810] sdhci-omap 48060000.mmc: No GPIO consumer wp found
[    2.524016] sdhci-omap 48060000.mmc: supply pbias not found, using dummy regulator
[    2.532973] sdhci-omap 481d8000.mmc: using DT '/ocp/interconnect@48000000/segment@100000/target-module@d8000/mmc@0' for 'wp' GPIO lookup
[    2.533049] of_get_named_gpiod_flags: can't parse 'wp-gpios' property of node '/ocp/interconnect@48000000/segment@100000/target-module@d8000/mmc@0[0]'
[    2.533097] of_get_named_gpiod_flags: can't parse 'wp-gpio' property of node '/ocp/interconnect@48000000/segment@100000/target-module@d8000/mmc@0[0]'
[    2.533136] sdhci-omap 481d8000.mmc: using lookup tables for GPIO lookup
[    2.533150] sdhci-omap 481d8000.mmc: No GPIO consumer wp found
[    2.534774] sdhci-omap 48060000.mmc: supply vqmmc not found, using dummy regulator
[    2.543158] sdhci-omap 481d8000.mmc: supply pbias not found, using dummy regulator
[    2.552914] sdhci-omap 481d8000.mmc: supply vqmmc not found, using dummy regulator
[    2.588427] mmc0: SDHCI controller on 48060000.mmc [48060000.mmc] using External DMA
[    2.596680] mmc1: SDHCI controller on 481d8000.mmc [481d8000.mmc] using External DMA
[    2.605513] cpsw-switch 4a100000.switch: starting ndev. mode: dual_mac
[    2.674985] mmc1: new high speed MMC card at address 0001
[    2.681812] mmcblk1: mmc1:0001 MMC04G 3.60 GiB
[    2.689718]  mmcblk1: p1 p2
[    2.693481] SMSC LAN8710/LAN8720 4a101000.mdio:00: attached PHY driver (mii_bus:phy_addr=4a101000.mdio:00, irq=POLL)
[    2.706057] mmcblk1boot0: mmc1:0001 MMC04G 2.00 MiB
[    2.719916] mmcblk1boot1: mmc1:0001 MMC04G 2.00 MiB
[    2.728575] mmcblk1rpmb: mmc1:0001 MMC04G 128 KiB, chardev (249:0)
[    2.778192] mmc0: new high speed SDHC card at address aaaa
[    2.785130] mmcblk0: mmc0:aaaa SE32G 29.7 GiB
[    2.794207]  mmcblk0: p1 p2
[    5.845444] cpsw-switch 4a100000.switch eth0: Link is Up - 100Mbps/Full - flow control off
[    5.874697] IP-Config: Complete:
[    5.877973]      device=eth0, hwaddr=6c:ec:eb:68:de:78, ipaddr=192.168.255.1, mask=255.255.255.0, gw=255.255.255.255
[    5.888618]      host=bbb1, domain=, nis-domain=(none)
[    5.893785]      bootserver=192.168.255.126, rootserver=192.168.255.126, rootpath=
[    5.894208] clk: Disabling unused clocks
[    5.906065] PM: genpd: Disabling unused power domains
[    5.911232] KTAP version 1
[    5.913956] 1..0
[    5.916731] check access for rdinit=/init failed: -2, ignoring
[    5.953094] VFS: Mounted root (nfs filesystem) on device 0:17.
[    5.960147] devtmpfs: mounted
[    5.964617] Freeing unused kernel image (initmem) memory: 1024K
[    5.971523] Run /sbin/init as init process
[    5.975748]   with arguments:
[    5.975764]     /sbin/init
[    5.975773]     nfsrootdebug
[    5.975782]   with environment:
[    5.975791]     HOME=/
[    5.975799]     TERM=linux
[    6.648153] systemd[1]: System time before build time, advancing clock.
[    8.174707] random: crng init done
[    8.207430] systemd[1]: systemd 232 running in system mode. (+PAM +AUDIT +SELINUX +IMA +APPARMOR +SMACK +SYSVINIT +UTMP +LIBCRYPTSETUP +GCRYPT +GNUTLS +ACL +XZ +LZ4 +SECCOMP +BLKID +ELFUTILS +KMOD +IDN)
[    8.226557] systemd[1]: Detected architecture arm.
[    8.258132] systemd[1]: Set hostname to <arm>.
[    9.370734] systemd[1]: Created slice System Slice.
[    9.398827] systemd[1]: systemd-journald.socket: SO_PASSSEC failed: Operation not supported
[    9.407761] systemd[1]: systemd-journald.socket: SO_PASSSEC failed: Operation not supported
[    9.416514] systemd[1]: Listening on Journal Socket.
[    9.455891] systemd[1]: Starting Create list of required static device nodes for the current kernel...
[    9.528755] systemd[1]: Starting Load Kernel Modules...
[    9.551652] systemd[1]: Created slice system-getty.slice.
[   11.621236] systemd-journald[90]: Received request to flush runtime journal from PID 1
[   12.653718] omap_prm 44e00d00.prm: sync_state() pending due to 44d00000.cpu
[   19.101520] omap_rtc 44e3e000.rtc: registered as rtc0
[   19.106902] omap_rtc 44e3e000.rtc: setting system clock to 2000-01-01T00:00:00 UTC (946684800)
[   19.115674] omap_rtc 44e3e000.rtc: using DT '/ocp/interconnect@44c00000/segment@200000/target-module@3e000/rtc@0' for 'wp' GPIO lookup
[   19.115747] of_get_named_gpiod_flags: can't parse 'wp-gpios' property of node '/ocp/interconnect@44c00000/segment@200000/target-module@3e000/rtc@0[0]'
[   19.115797] of_get_named_gpiod_flags: can't parse 'wp-gpio' property of node '/ocp/interconnect@44c00000/segment@200000/target-module@3e000/rtc@0[0]'
[   19.115838] omap_rtc 44e3e000.rtc: using lookup tables for GPIO lookup
[   19.115854] omap_rtc 44e3e000.rtc: No GPIO consumer wp found
[   19.329335] ------------[ cut here ]------------
[   19.334029] WARNING: net/8021q/vlan_core.c:236 at vlan_for_each+0x114/0x134, CPU#0: avahi-daemon/182
[   19.343406] RTNL: assertion failed at net/8021q/vlan_core.c (236)
[   19.349568] Modules linked in: rtc_omap wkup_m3_ipc ti_emif_sram cpufreq_dt autofs4
[   19.357340] CPU: 0 UID: 107 PID: 182 Comm: avahi-daemon Not tainted 6.18.0-rc2-next-20251021 #1 NONE 
[   19.357360] Hardware name: Generic AM33XX (Flattened Device Tree)
[   19.357369] Call trace: 
[   19.357384]  unwind_backtrace from show_stack+0x10/0x14
[   19.357421]  show_stack from dump_stack_lvl+0x50/0x64
[   19.357446]  dump_stack_lvl from __warn+0x88/0x148
[   19.357464]  __warn from warn_slowpath_fmt+0x19c/0x1b0
[   19.357478]  warn_slowpath_fmt from vlan_for_each+0x114/0x134
[   19.357497]  vlan_for_each from cpsw_add_mc_addr+0x40/0xa4
[   19.357520]  cpsw_add_mc_addr from __hw_addr_ref_sync_dev+0x108/0x140
[   19.357549]  __hw_addr_ref_sync_dev from __dev_mc_add+0x7c/0x80
[   19.357571]  __dev_mc_add from igmp6_group_added+0xc8/0xe0
[   19.357597]  igmp6_group_added from __ipv6_dev_mc_inc+0x218/0x364
[   19.357615]  __ipv6_dev_mc_inc from __ipv6_sock_mc_join+0x11c/0x1c0
[   19.357634]  __ipv6_sock_mc_join from do_ipv6_setsockopt+0x1214/0x1310
[   19.357665]  do_ipv6_setsockopt from ipv6_setsockopt+0x60/0xcc
[   19.357686]  ipv6_setsockopt from udpv6_setsockopt+0x2c/0x6c
[   19.357710]  udpv6_setsockopt from sock_common_setsockopt+0x30/0x40
[   19.357744]  sock_common_setsockopt from do_sock_setsockopt+0x50/0x9c
[   19.357765]  do_sock_setsockopt from __sys_setsockopt+0x70/0xbc
[   19.357784]  __sys_setsockopt from ret_fast_syscall+0x0/0x58
[   19.357801] Exception stack(0xe017dfa8 to 0xe017dff0)
[   19.357816] dfa0:                   00000014 b6f25ce8 0000000d 00000029 00000014 beacd9ec
[   19.357828] dfc0: 00000014 b6f25ce8 00000014 00000126 0000000d b6eceff4 004ae988 00496558
[   19.357837] dfe0: b6ee4088 beacd9d8 b6ec1309 b6d9841a
[   19.357844] ---[ end trace 0000000000000000 ]---
[   19.610025] PM: Cannot get wkup_m3_ipc handle
[   21.448205] Bluetooth: Core ver 2.22
[   21.452066] NET: Registered PF_BLUETOOTH protocol family
[   21.457613] Bluetooth: HCI device and connection manager initialized
[   21.464086] Bluetooth: HCI socket layer initialized
[   21.469261] Bluetooth: L2CAP socket layer initialized
[   21.474390] Bluetooth: SCO socket layer initialized
[   23.554506] userial_init: registered 8 ttyGS* devices
[   23.807838] rndis_register: configNr = 0
[   50.527677] KTAP version 1
[   50.527726] 1..1
[   50.527747]     KTAP version 1
[   50.527758]     # Subtest: linear-ranges-test
[   50.527774]     # module: test_linear_ranges
[   50.527788]     1..4
[   50.528710]     ok 1 range_test_get_value_amount
[   50.529234]     ok 2 range_test_get_selector_high
[   50.529684]     ok 3 range_test_get_selector_low
[   50.530151]     ok 4 range_test_get_value
[   50.530176] # linear-ranges-test: pass:4 fail:0 skip:0 total:4
[   50.530192] # Totals: pass:4 fail:0 skip:0 total:4
[   50.530207] ok 1 linear-ranges-test
AOPJOHBQQC 0
root@arm:~# Labgrid Console Logfile for main
Logfile started at 2025-10-21 07:03:56.693874
=== Log starts here ===

root@arm:~# run() { echo -n "$MARKER"; sh -c "$@"; echo "$MARKER $?"; }
root@arm:~# echo 'OTOE''AKTHQO'
OTOEAKTHQO
root@arm:~# MARKER='SZSS''CUJOMN' run dmesg
SZSSCUJOMN[    0.000000] Booting Linux on physical CPU 0x0
[    0.000000] Linux version 6.18.0-rc2-next-20251021 (user01@drvtest01) (arm-none-eabi-gcc (Arm GNU Toolchain 14.2.Rel1 (Build arm-14.52)) 14.2.1 20241119, GNU ld (Arm GNU Toolchain 14.2.Rel1 (Build arm-14.52)) 2.43.1.20241119) #1 SMP Tue Oct 21 06:59:40 EEST 2025
[    0.000000] CPU: ARMv7 Processor [413fc082] revision 2 (ARMv7), cr=10c5387d
[    0.000000] CPU: PIPT / VIPT nonaliasing data cache, VIPT aliasing instruction cache
[    0.000000] OF: fdt: Machine model: TI AM335x BeagleBone Black
[    0.000000] Memory policy: Data cache writeback
[    0.000000] cma: Reserved 16 MiB at 0x9e800000
[    0.000000] Zone ranges:
[    0.000000]   Normal   [mem 0x0000000080000000-0x000000009fdfffff]
[    0.000000]   HighMem  empty
[    0.000000] Movable zone start for each node
[    0.000000] Early memory node ranges
[    0.000000]   node   0: [mem 0x0000000080000000-0x000000009fdfffff]
[    0.000000] Initmem setup node 0 [mem 0x0000000080000000-0x000000009fdfffff]
[    0.000000] On node 0, zone Normal: 512 pages in unavailable ranges
[    0.000000] OF: reserved mem: Reserved memory: No reserved-memory node in the DT
[    0.000000] CPU: All CPU(s) started in SVC mode.
[    0.000000] AM335X ES2.1 (sgx neon)
[    0.000000] percpu: Embedded 17 pages/cpu s40012 r8192 d21428 u69632
[    0.000000] pcpu-alloc: s40012 r8192 d21428 u69632 alloc=17*4096
[    0.000000] pcpu-alloc: [0] 0 
[    0.000000] Kernel command line: console=ttyO0,115200n8 root=/dev/nfs rw nfsroot=192.168.255.126:/home/user01/nfs,nfsvers=3 ip=192.168.255.1:192.168.255.126::255.255.255.0:bbb1:eth0 nfsrootdebug
[    0.000000] Unknown kernel command line parameters "nfsrootdebug", will be passed to user space.
[    0.000000] printk: log buffer data + meta data: 65536 + 204800 = 270336 bytes
[    0.000000] Dentry cache hash table entries: 65536 (order: 6, 262144 bytes, linear)
[    0.000000] Inode-cache hash table entries: 32768 (order: 5, 131072 bytes, linear)
[    0.000000] Built 1 zonelists, mobility grouping on.  Total pages: 130560
[    0.000000] mem auto-init: stack:off, heap alloc:off, heap free:off
[    0.000000] SLUB: HWalign=16, Order=0-3, MinObjects=0, CPUs=1, Nodes=1
[    0.000000] rcu: Hierarchical RCU implementation.
[    0.000000] rcu: 	RCU event tracing is enabled.
[    0.000000] rcu: 	RCU restricting CPUs from NR_CPUS=2 to nr_cpu_ids=1.
[    0.000000] 	Tracing variant of Tasks RCU enabled.
[    0.000000] rcu: RCU calculated value of scheduler-enlistment delay is 10 jiffies.
[    0.000000] rcu: Adjusting geometry for rcu_fanout_leaf=16, nr_cpu_ids=1
[    0.000000] RCU Tasks Trace: Setting shift to 0 and lim to 1 rcu_task_cb_adjust=1 rcu_task_cpu_ids=1.
[    0.000000] NR_IRQS: 16, nr_irqs: 16, preallocated irqs: 16
[    0.000000] IRQ: Found an INTC at 0x(ptrval) (revision 5.0) with 128 interrupts
[    0.000000] rcu: srcu_init: Setting srcu_struct sizes based on contention.
[    0.000000] TI gptimer clocksource: always-on /ocp/interconnect@44c00000/segment@200000/target-module@31000
[    0.000002] sched_clock: 32 bits at 24MHz, resolution 41ns, wraps every 89478484971ns
[    0.000027] clocksource: dmtimer: mask: 0xffffffff max_cycles: 0xffffffff, max_idle_ns: 79635851949 ns
[    0.000485] TI gptimer clockevent: 24000000 Hz at /ocp/interconnect@48000000/segment@0/target-module@40000
[    0.002047] Console: colour dummy device 80x30
[    0.002115] WARNING: Your 'console=ttyO0' has been replaced by 'ttyS0'
[    0.002123] This ensures that you still see kernel messages. Please
[    0.002127] update your kernel commandline.
[    0.002169] Calibrating delay loop... 996.14 BogoMIPS (lpj=4980736)
[    0.090535] CPU: Testing write buffer coherency: ok
